07-29 14:58:34.088  3333  4738 D ConnectivityService: requestNetwork for uid/pid:10137/7482 activeRequest: null callbackRequest: 282 [NetworkRequest [ REQUEST id=283, [ Capabilities: INTERNET&NOT_RESTRICTED&TRUSTED&NOT_VCN_MANAGED&NOT_BANDWIDTH_CONSTRAINED Uid: 10137 RequestorUid: 10137 RequestorPkg: com.coloros.sceneservice UnderlyingNetworks: Null] ]] callback flags: 0 order: 2147483647 isUidTracked: false
07-29 14:58:34.088  4966  6242 W Binder  : Caught a RuntimeException from the binder stub implementation.
07-29 14:58:34.088  4966  6242 W Binder  : java.lang.NullPointerException: Attempt to invoke virtual method 'boolean android.net.Uri.equals(java.lang.Object)' on a null object reference
07-29 14:58:34.088  4966  6242 W Binder  : 	at xb.a$b.onChange(Unknown Source:16)
07-29 14:58:34.088  4966  6242 W Binder  : 	at android.database.ContentObserver.onChange(ContentObserver.java:184)
07-29 14:58:34.088  4966  6242 W Binder  : 	at android.database.ContentObserver.onChange(ContentObserver.java:202)
07-29 14:58:34.088  4966  6242 W Binder  : 	at android.database.ContentObserver.onChange(ContentObserver.java:224)
07-29 14:58:34.088  4966  6242 W Binder  : 	at android.database.ContentObserver.onChange(ContentObserver.java:236)
07-29 14:58:34.088  4966  6242 W Binder  : 	at android.database.ContentObserver.dispatchChange(ContentObserver.java:335)
07-29 14:58:34.088  4966  6242 W Binder  : 	at android.database.ContentObserver$Transport.onChangeEtc(ContentObserver.java:357)
07-29 14:58:34.088  4966  6242 W Binder  : 	at android.database.IContentObserver$Stub.onTransact(IContentObserver.java:120)
07-29 14:58:34.088  4966  6242 W Binder  : 	at android.os.Binder.execTransactInternal(Binder.java:1523)
07-29 14:58:34.088  4966  6242 W Binder  : 	at android.os.Binder.execTransact(Binder.java:1457)
07-29 14:58:34.088  7482  8124 D NetWorkMonitor: resume registerNetworkCallback
07-29 14:58:34.088  3333  4425 D OemPaidWifiNetworkFactory: got request NetworkRequest [ REQUEST id=283, [ Capabilities: INTERNET&NOT_RESTRICTED&TRUSTED&NOT_VCN_MANAGED&NOT_BANDWIDTH_CONSTRAINED Uid: 10137 RequestorUid: 10137 RequestorPkg: com.coloros.sceneservice UnderlyingNetworks: Null] ]
07-29 14:58:34.089  3333  4425 D MultiInternetWifiNetworkFactory: got request NetworkRequest [ REQUEST id=283, [ Capabilities: INTERNET&NOT_RESTRICTED&TRUSTED&NOT_VCN_MANAGED&NOT_BANDWIDTH_CONSTRAINED Uid: 10137 RequestorUid: 10137 RequestorPkg: com.coloros.sceneservice UnderlyingNetworks: Null] ]
07-29 14:58:34.089  3333  4425 D WifiNetworkFactory: got request NetworkRequest [ REQUEST id=283, [ Capabilities: INTERNET&NOT_RESTRICTED&TRUSTED&NOT_VCN_MANAGED&NOT_BANDWIDTH_CONSTRAINED Uid: 10137 RequestorUid: 10137 RequestorPkg: com.coloros.sceneservice UnderlyingNetworks: Null] ]
07-29 14:58:34.089  3333  4425 D UntrustedWifiNetworkFactory: got request NetworkRequest [ REQUEST id=283, [ Capabilities: INTERNET&NOT_RESTRICTED&TRUSTED&NOT_VCN_MANAGED&NOT_BANDWIDTH_CONSTRAINED Uid: 10137 RequestorUid: 10137 RequestorPkg: com.coloros.sceneservice UnderlyingNetworks: Null] ]
07-29 14:58:34.089  4911  6416 D OplusNetworkFactory: got request NetworkRequest [ REQUEST id=283, [ Capabilities: INTERNET&NOT_RESTRICTED&TRUSTED&NOT_VCN_MANAGED&NOT_BANDWIDTH_CONSTRAINED Uid: 10137 RequestorUid: 10137 RequestorPkg: com.coloros.sceneservice UnderlyingNetworks: Null] ]
07-29 14:58:34.089  3333  4435 D ConnectivityService: NetReassign [no changes] [c 0] [a 0] [i 1]
07-29 14:58:34.091  3333  5629 W BestClock: java.time.DateTimeException: Missing network time fix
07-29 14:58:34.091  4911  4911 D ServiceStateProvider: subId=1
07-29 14:58:34.092  3333  3437 W BestClock: java.time.DateTimeException: Missing network time fix
07-29 14:58:34.092  5060  5060 I QImsService: OplusPhoneStateTracker : onServiceStateChanged
07-29 14:58:34.092  5060  5060 I QImsService: OplusPhoneStateTracker : onServiceStateChanged
07-29 14:58:34.092  4966  5822 D T-Recommend: onPreHandleMessage 1000
07-29 14:58:34.092  4966  5825 D OplusLinkBoostCommon: dds servicestate change
07-29 14:58:34.092  1687  1687 D Zygote  : Forked child process 13097
07-29 14:58:34.092  4966  5822 E CellularEvent: nri null ps
07-29 14:58:34.092  4966  5822 E CellularEvent: invalid nri
07-29 14:58:34.092  4966  5822 D T-Recommend: onPostHandleMessage 1000
07-29 14:58:34.092  3333  3705 I ActivityManager: Start proc 13097:com.oplus.wirelesssettings:tzupdate/1000 for broadcast {com.oplus.wirelesssettings/com.oplus.tzupdate.timezone.MccChangeReceiver}
07-29 14:58:34.093  5165  5165 D SubsysEventListenerManager-SubsysTelephonyCallback[0]: onServiceStateChanged
07-29 14:58:34.093  5165  5165 D ChinaRoamingControl: registTelephonyEvent onServiceStateChanged eventId:5, VoiceRegState:1, DataRegState:1
07-29 14:58:34.093  5165  5165 D QuickChangeAirplaneModeEvent: onServiceStateChanged slotId:0
07-29 14:58:34.093  4966  5884 D OplusSubWaySlowRecovery: getPreferSubId return 1
07-29 14:58:34.093  4966  5884 D SaDataFailRecovery/0: current is not in service,reset alarm
07-29 14:58:34.093  4966  5884 D OplusScanQrCodeRecoveryImpl: msg.what=3
07-29 14:58:34.093  4966  5827 D NAS-CallIssueDetector: onServiceStateChanged
07-29 14:58:34.093  4812  5728 V OplusCustomizeCacheManager: queryCache name: sys.cache.common_customize_cache18014 param: null
07-29 14:58:34.093  4966  5827 D OplusCiwlanController: [vodata] processServiceStateChanged  phoneid = 0, original roaming type = 0,roaming type = 0
07-29 14:58:34.093  4812  5728 V OplusCustomizeCacheManager: queryCache name: sys.cache.common_customize_cache18017 param: Bundle[{SETTING=BLOCK, BUSINESS=NCT-DATA}]
07-29 14:58:34.093  4966  5827 D OplusCiwlanController: [vodata] processServiceStateChanged  phoneid = 1, original roaming type = 0,roaming type = 0
07-29 14:58:34.093  4812  5728 V OplusCustomizeCacheManager: queryCache name: sys.cache.common_customize_cache18013 param: null
07-29 14:58:34.093  5165  6078 D cellularState[0]: handleMessage: E msg.what=4
07-29 14:58:34.093  5165  6078 D cellularState[0]: processMsg: DataCallingState
07-29 14:58:34.093  5165  6078 D cellularState[0]: processMsg: NetworkAttachedState
07-29 14:58:34.093  5165  6078 D cellularState[0]: processMsg: SimReadyState
07-29 14:58:34.093  5165  6078 D cellularState[0]: processMsg: DefaultState
07-29 14:58:34.093  5165  6078 E cellularState[0]:  - unhandledMessage: msg.what=4
07-29 14:58:34.093  5165  6078 D cellularState[0]: handleMessage: X
07-29 14:58:34.093  3333  4158 I MemoryOperationUtils: add 13097 to inactive
07-29 14:58:34.093  5165  5165 D QuickChangeAirplaneModeEvent: isBothCardInService is false
07-29 14:58:34.094  3333  5629 W ContextImpl: Calling a method in the system process without a qualified user: android.app.ContextImpl.sendBroadcastMultiplePermissions:1311 android.content.Context.sendBroadcastMultiplePermissions:2524 com.android.server.TelephonyRegistry.broadcastServiceStateChanged:3740 com.android.server.TelephonyRegistry.notifyServiceStateForPhoneId:1787 com.android.internal.telephony.ITelephonyRegistry$Stub.onTransact:546 
07-29 14:58:34.094  5165  5165 D MsimSubModeManager: registTelephonyEvent onServiceStateChanged eventId:3, VoiceRegState:1, DataRegState:1
07-29 14:58:34.094  5165  5165 E ExtremeCommUtils: getSwitchRusSupportMcc invalid index 1
07-29 14:58:34.094  5165  5165 D ExtremeCommUtils: isSupporCheck rusContain:false,propContain(persist.sys.oplus.support_hyper_uplink_mcc):false
07-29 14:58:34.094  5165  5165 D ExtremeCommService: handleServiceStateChanged mcc is null
07-29 14:58:34.094  3333  5629 W ContextImpl: Calling a method in the system process without a qualified user: android.app.ContextImpl.sendBroadcastMultiplePermissions:1344 com.android.server.TelephonyRegistry.broadcastServiceStateChanged:3745 com.android.server.TelephonyRegistry.notifyServiceStateForPhoneId:1787 com.android.internal.telephony.ITelephonyRegistry$Stub.onTransact:546 android.os.Binder.execTransactInternal:1523 
07-29 14:58:34.095  6498  6657 I midasd  : OplusObrainService::notifyEventInt eventId:38 iParam:20
07-29 14:58:34.095  5165  5165 D ChinaRoamingControl: handleMessage what:5
07-29 14:58:34.095  5165  5165 D MsimSubModeManager: handleMessage what:3
07-29 14:58:34.095  5165  5165 D MsimSubModeManager: getMsimSimServiceIn() i:0,mServiceState:1
07-29 14:58:34.095  5165  5165 D MsimSubModeManager: getMsimSimServiceIn() i:1,mServiceState:1
07-29 14:58:34.095  5165  5165 D SubsysEventListenerManager-SubsysTelephonyCallback[0]: onCellLocationChanged
07-29 14:58:34.095  5165  5165 D SubsysEventListenerManager-SubsysTelephonyCallback[0]: onDisplayInfoChanged
07-29 14:58:34.095  5165  5165 D SceneService: onDisplayInfoChanged slotId:0,telephonyDisplayInfo:TelephonyDisplayInfo {network=NR, overrideNetwork=NONE, isRoaming=false}
07-29 14:58:34.095  4911  4911 D MultiSimSettingController: notifySubscriptionInfoChanged
07-29 14:58:34.096  3333  4423 V NetworkPolicy: onSubscriptionsChanged
07-29 14:58:34.096  3333  5629 W ContextImpl: Calling a method in the system process without a qualified user: android.app.ContextImpl.sendBroadcastMultiplePermissions:1344 com.android.server.TelephonyRegistry.broadcastServiceStateChanged:3754 com.android.server.TelephonyRegistry.notifyServiceStateForPhoneId:1787 com.android.internal.telephony.ITelephonyRegistry$Stub.onTransact:546 android.os.Binder.execTransactInternal:1523 
07-29 14:58:34.096  4911  6248 E PhoneInterfaceManager: getServiceStateForSlot retuning null for invalid slotIndex=-1
07-29 14:58:34.096  4812  4812 I KeyguardUpdateMonitor: refreshSimState, changed:false,subId:1,slotId:0,state:5
07-29 14:58:34.097  3333  5629 W ContextImpl: Calling a method in the system process without a qualified user: android.app.ContextImpl.sendBroadcastMultiplePermissions:1344 com.android.server.TelephonyRegistry.broadcastServiceStateChanged:3760 com.android.server.TelephonyRegistry.notifyServiceStateForPhoneId:1787 com.android.internal.telephony.ITelephonyRegistry$Stub.onTransact:546 android.os.Binder.execTransactInternal:1523 
07-29 14:58:34.097  4812  4812 I KeyguardUpdateMonitor: action=android.intent.action.SERVICE_STATE subId=1 slotId=0
07-29 14:58:34.097  8525 10489 I OplusObrain: OplusObrainClientInvoke.nativeGetTelephonyInfo
07-29 14:58:34.097  3333  4423 D NetworkPolicy: Normalization put networkpolicyNetworkTemplate: matchRule=CARRIER, matchSubscriberIds=[001011...], matchWifiNetworkKeys=[], metered=YES
07-29 14:58:34.097  3333  4423 D NetworkPolicy: Normalization put networkpolicyNetworkTemplate: matchRule=CARRIER, matchSubscriberIds=[310260...], matchWifiNetworkKeys=[], metered=YES
07-29 14:58:34.097  3333  4423 D NetworkPolicy: Normalization put networkpolicyNetworkTemplate: matchRule=CARRIER, matchSubscriberIds=[001010...], matchWifiNetworkKeys=[], metered=YES
07-29 14:58:34.097  3333  4423 D NetworkPolicy: Normalization put networkpolicyNetworkTemplate: matchRule=CARRIER, matchSubscriberIds=[001010...], matchWifiNetworkKeys=[], metered=YES
07-29 14:58:34.097  3333  4423 D NetworkPolicy: Normalization put networkpolicyNetworkTemplate: matchRule=CARRIER, matchSubscriberIds=[001012...], matchWifiNetworkKeys=[], metered=YES
07-29 14:58:34.097  3333  4423 V NetworkPolicy: updateNetworkEnabledNL() return
07-29 14:58:34.097  4812  5229 I SystemUi--QuickSettings: Tile.OplusCellularTile-->updateCarrierText: dialog not showing, ignore
07-29 14:58:34.097  4812  5229 D SimStateHelper: slot:0, lock state:Bundle[mParcelledData.dataSize=56]
07-29 14:58:34.097  3333  4423 V NetworkPolicy: updateNotificationsNL not process
07-29 14:58:34.097  3333  4423 W BestClock: java.time.DateTimeException: Missing network time fix
07-29 14:58:34.098  4812  5229 D SimStateHelper: slot:1, lock state:Bundle[mParcelledData.dataSize=56]
07-29 14:58:34.098  4812  5229 D SimStateHelper: needDisableMenu: slot1State=-1; slot2State=-1
07-29 14:58:34.098  4812  5229 D SimStateHelper: needDisableMenu:false
07-29 14:58:34.098  4812  5229 I SystemUi--QuickSettings: Tile.OplusCellularTile-->updateCarrierText: dialog not showing, ignore
07-29 14:58:34.098  4812  5229 D SimStateHelper: slot:0, lock state:Bundle[mParcelledData.dataSize=56]
07-29 14:58:34.098  4812  5229 D SimStateHelper: slot:1, lock state:Bundle[mParcelledData.dataSize=56]
07-29 14:58:34.098  4812  5229 D SimStateHelper: needDisableMenu: slot1State=-1; slot2State=-1
07-29 14:58:34.098  4812  5229 D SimStateHelper: needDisableMenu:false
07-29 14:58:34.099  3333  3333 I AS.AudioService: onSubscriptionsChanged()
07-29 14:58:34.099  8525  8713 I OplusObrain: OplusObrainClientInvoke.nativeGetTrafficTypeInfoForNetworkType networkType 0
07-29 14:58:34.099  3333  4738 W BestClock: java.time.DateTimeException: Missing network time fix
07-29 14:58:34.099  3333  3437 D KernelStatsHelper: getKernelStats start!
07-29 14:58:34.099  4911  4911 I Telephony: y0: onServiceStateChanged: newState=1, mServiceState=1
07-29 14:58:34.100  3333  4528 D OplusNetlinkSocket: handleNetlinkRecvKernelMessage:nlmsghdr:StructNlMsgHdr{ nlmsg_len{40}, nlmsg_type{49()}, nlmsg_flags{0()}, nlmsg_seq{0}, nlmsg_pid{218436016} }
07-29 14:58:34.100  3333  4528 D KernelStatsHelper: get magic :[-1, -1, -1, 77, 65, 71, 73, 67]
07-29 14:58:34.100  3333  4528 D KernelStatsHelper: magic matched count:0 data_len:0
07-29 14:58:34.100  3333  4528 D KernelStatsHelper: data over! check: true
07-29 14:58:34.100  4911  4911 I Telephony: isRttCurrentlySupported -- regular acct, hasVoiceAvailability: false
07-29 14:58:34.100  4911  4911 I Telephony:  isRttSupported: false
07-29 14:58:34.100  4911  4911 I Telephony:  isUserRttSettingOn: false
07-29 14:58:34.100  4911  4911 I Telephony:  alwaysAllowWhileRoaming: false
07-29 14:58:34.100  4911  4911 I Telephony:  isRoaming: false
07-29 14:58:34.100  4911  4911 I Telephony:  isOnWfc: false
07-29 14:58:34.100  5060  5060 E QImsService: ImsConfigImpl : onSubscriptionsChanged unable to process due to SubscriptionInfo is null
07-29 14:58:34.100  5060  5060 I QImsService: OplusPhoneStateTracker : onSubscriptionsChanged Last subId: -1 Current subId -1
07-29 14:58:34.100  5060  5060 I QImsService: OplusPhoneStateTracker : onSubscriptionsChanged Last subId: 1 Current subId 1
07-29 14:58:34.100  6949  8264 D OplusAtlasAudioDetectionManager: MSG_CALL_STATE_CHANGED
07-29 14:58:34.100  6949  8264 D OplusAtlasAudioDetectionManager: callStateChanged state: 0, len: 0
07-29 14:58:34.100  3333  5627 W BestClock: java.time.DateTimeException: Missing network time fix
07-29 14:58:34.100  4812  5728 V OplusCustomizeCacheManager: queryCache name: sys.cache.common_customize_cache18014 param: null
07-29 14:58:34.100  4812  5728 V OplusCustomizeCacheManager: queryCache name: sys.cache.common_customize_cache18017 param: Bundle[{SETTING=BLOCK, BUSINESS=NCT-DATA}]
07-29 14:58:34.100  4812  5728 V OplusCustomizeCacheManager: queryCache name: sys.cache.common_customize_cache18013 param: null
07-29 14:58:34.101  7249  9560 E Battery : ControllerCenter: onReceiver: mSubscriptionManager is null || mIsNeedRestoreMobile = false
07-29 14:58:34.101  7077  7403 D OsAgentAidlClient: [string_dataitem_update][1584] [HC] =>> [HS]
07-29 14:58:34.102  6013  6013 D CellBroadcastReceiver: onReceive Intent { act=android.intent.action.SERVICE_STATE flg=0x1000010 cmp=com.android.cellbroadcastreceiver.module/com.android.cellbroadcastreceiver.CellBroadcastReceiver (has extras) }
07-29 14:58:34.102  6013  6013 D CellBroadcastReceiver: onServiceStateChanged, ss: 1
07-29 14:58:34.102  6013  6013 D CellBroadcastReceiver: networkOperator: 
07-29 14:58:34.102  5120  5120 D QCNEJ/DataCallAgent: onSubscriptionsChanged: new DDS 1
07-29 14:58:34.102  5120  5120 D QCNEJ/WwanInfoRelay: onSubscriptionsChanged currDDSId: 1 new DDS 1
07-29 14:58:34.102  5120  7349 D QCNEJ/DataCallAgent: phoneCount: 2
07-29 14:58:34.102  5120  7349 D QCNEJ/DataCallAgent: subs for 0th slot: [1]
07-29 14:58:34.103  5120  7349 D QCNEJ/DataCallAgent: mSubInfoReady[0] is set to true
07-29 14:58:34.103  5120  7349 D QCNEJ/DataCallAgent: subs for 1th slot: [-1]
07-29 14:58:34.103  4966  5822 D CellularEvent: handleSubscriptionsChanged: slotId=0
07-29 14:58:34.103  4812  5311 I SystemUi--Statusbar: MobileInputLog-->onSubscriptionsChanged
07-29 14:58:34.104 13097 13097 I ttings:tzupdate: isSwordfishLaunchAppEnabled_ 1 isSwordfishInstallAppEnabled_ 1
07-29 14:58:34.104 13097 13097 E ttings:tzupdate: Unknown bits set in runtime_flags: 0x40000000
07-29 14:58:34.104 13097 13097 I ttings:tzupdate: Using CollectorTypeCMC GC.
07-29 14:58:34.104  4911  4911 V OplusCustomizeCacheManager: queryCache name: sys.cache.common_customize_cache18016 param: null
07-29 14:58:34.104  4911  4911 V OplusCustomizeCacheManager: queryCache name: sys.cache.common_customize_cache18013 param: null
07-29 14:58:34.104  4911  4911 V OplusCustomizeCacheManager: queryCache name: sys.cache.common_customize_cache18014 param: null
07-29 14:58:34.104  4812  4812 I SystemUi--Statusbar: OplusMobileIconInteractorImpl-->oplusIMSModel slot:0: CapabilityTypeModel(isVolteSwitchOn=true, isWfcEnabledByUser=true, imsRegistered=false, voiceCapable=false, videoCapable=false, registerTech=-1, isCrossSimCallingEnabledByUser=false, hasHideVolteOperator=false), SimStateModel(simInserted=[true, false], simForbidden=[false, true], simStateIMSI=[true, false], simLoaded=[true, false]),oplusNetworkTypeNr:20,isVoNrEnabled:false
07-29 14:58:34.104  4911  4911 V OplusCustomizeCacheManager: queryCache name: sys.cache.common_customize_cache18017 param: Bundle[{SETTING=BLOCK, BUSINESS=NCT-DATA}]
07-29 14:58:34.104  4812  5311 I SystemUi--Statusbar: MobileConnectionRepositoryImpl-->subId:1 isSoftSimCard:false slotId:0
07-29 14:58:34.104  4966  5822 D CellularEvent: onImsRegistrationStateChanged, slotId=0state:false
07-29 14:58:34.104  3333  5629 W BestClock: java.time.DateTimeException: Missing network time fix
07-29 14:58:34.105  4812  5311 I SystemUi--Statusbar: MobileConnectionRepositoryImpl-->subId:1 isSoftSimCard:false slotId:0
07-29 14:58:34.105  4812  5311 I SystemUi--Statusbar: MobileConnectionRepositoryImpl-->subId:1 isSoftSimCard:false slotId:0
07-29 14:58:34.105  4911  4911 V OplusCustomizeCacheManager: queryCache name: sys.cache.common_customize_cache18016 param: null
07-29 14:58:34.105  4911  4911 V OplusCustomizeCacheManager: queryCache name: sys.cache.common_customize_cache18013 param: null
07-29 14:58:34.105  4911  4911 V OplusCustomizeCacheManager: queryCache name: sys.cache.common_customize_cache18014 param: null
07-29 14:58:34.105  4966  5492 D NAS-CellularEvent: handleSubscriptionsChanged: slotId=0
07-29 14:58:34.105  4911  4911 V OplusCustomizeCacheManager: queryCache name: sys.cache.common_customize_cache18017 param: Bundle[{SETTING=BLOCK, BUSINESS=NCT-DATA}]
07-29 14:58:34.105  4812  4812 I SystemUi--Statusbar: OplusMobileIconInteractorImpl-->oplusIMSModel slot:0: CapabilityTypeModel(isVolteSwitchOn=true, isWfcEnabledByUser=true, imsRegistered=false, voiceCapable=false, videoCapable=false, registerTech=-1, isCrossSimCallingEnabledByUser=false, hasHideVolteOperator=false), SimStateModel(simInserted=[true, false], simForbidden=[false, true], simStateIMSI=[true, false], simLoaded=[true, false]),oplusNetworkTypeNr:20,isVoNrEnabled:false
07-29 14:58:34.105  4812  5863 I SystemUi--Statusbar: OplusMobileConnectionRepository1-->stopListenImsStatusChanged
07-29 14:58:34.105  3333  5629 W BestClock: java.time.DateTimeException: Missing network time fix
07-29 14:58:34.105  4911  4911 D MultiSimSettingController: onSubscriptionsChanged
07-29 14:58:34.105  4966  5492 D NAS-CellularEvent: onImsRegistrationStateChanged, slotId=0state:false
07-29 14:58:34.105  4812  5863 I SystemUi--Statusbar: OplusMobileConnectionRepository1-->phoneId: 0, conflatedCallbackFlow init
07-29 14:58:34.105  4812  5863 I SystemUi--Statusbar: OplusMobileConnectionRepository1-->startListenImsStatusChanged
07-29 14:58:34.105  4911  4911 D MultiSimSettingController: isReadyToReevaluate: subInfoInitialized=true, carrierConfigsLoaded=true, satelliteEnabledOrBeingEnabled=false
07-29 14:58:34.105  4911  4911 D MultiSimSettingController: updateDefaults
07-29 14:58:34.105  4911  4911 D MultiSimSettingController: isReadyToReevaluate: subInfoInitialized=true, carrierConfigsLoaded=true, satelliteEnabledOrBeingEnabled=false
07-29 14:58:34.105  4911  4911 D MultiSimSettingController: updateDefaultValues: change: 0
07-29 14:58:34.105  4812  5728 V OplusCustomizeCacheManager: queryCache name: sys.cache.common_customize_cache18014 param: null
07-29 14:58:34.105  4911  4911 D MultiSimSettingController: disableDataForNonDefaultNonOpportunisticSubscriptions triggered, return directly
07-29 14:58:34.105  4812  5728 V OplusCustomizeCacheManager: queryCache name: sys.cache.common_customize_cache18017 param: Bundle[{SETTING=BLOCK, BUSINESS=NCT-DATA}]
07-29 14:58:34.105  4812  5728 V OplusCustomizeCacheManager: queryCache name: sys.cache.common_customize_cache18013 param: null
07-29 14:58:34.106  4911  4911 I Telephony: TelecomAccountRegistry: onSubscriptionsChanged - reregister accounts
07-29 14:58:34.106 13097 13097 E ttings:tzupdate: Not starting debugger since process cannot load the jdwp agent.
07-29 14:58:34.106  4911  4911 D PhoneUtils: PhoneAccountHandle subId=1, slotId=0
07-29 14:58:34.107  4966  5825 W BestClock: java.time.DateTimeException: Missing network time fix
07-29 14:58:34.107  4911  4911 D Telephony: registerPstnPhoneAccount line1Number =  subNumber = 
07-29 14:58:34.107  4966  5825 V MonthTrafficAlert: getWarningNotification subId:1 numWarningNotificaion:0
07-29 14:58:34.107  4911  4911 D Telephony: color is transparent asign default instead -15502541
07-29 14:58:34.107  4911  4911 D Telephony: isEmergencyPreferredAccount: subId=1, activeData=1
07-29 14:58:34.107  4911  4911 D Telephony: isEmergencyPreferredAccount: Device does not require preference.
07-29 14:58:34.107  4812  5863 I SystemUi--Statusbar: OplusMobileConnectionRepository1-->onImsStatusChanged model: CapabilityTypeModel(isVolteSwitchOn=true, isWfcEnabledByUser=true, imsRegistered=false, voiceCapable=false, videoCapable=false, registerTech=-1, isCrossSimCallingEnabledByUser=false, hasHideVolteOperator=false)
07-29 14:58:34.107 13097 13097 D nativeloader: Load libframework-connectivity-tiramisu-jni.so using APEX ns com_android_tethering for caller /apex/com.android.tethering/javalib/framework-connectivity-t.jar: ok
07-29 14:58:34.108  4911  4911 I Telephony: isRttCurrentlySupported -- regular acct, hasVoiceAvailability: false
07-29 14:58:34.108  4911  4911 I Telephony:  isRttSupported: false
07-29 14:58:34.108  4911  4911 I Telephony:  isUserRttSettingOn: false
07-29 14:58:34.108  4911  4911 I Telephony:  alwaysAllowWhileRoaming: false
07-29 14:58:34.108  4911  4911 I Telephony:  isRoaming: false
07-29 14:58:34.108  4911  4911 I Telephony:  isOnWfc: false
07-29 14:58:34.108  4911  4911 D Telephony: x0: buildPstnPhoneAccount, phoneId: 0, mIsVideoCapable: false, 
07-29 14:58:34.108  4911  4911 D OplusSesImsManagerExt: feature:0, phoneId:0
07-29 14:58:34.108  4911  4911 D OplusSesImsManagerExt: getSubIdUsingPhoneId:1, phoneId:0
07-29 14:58:34.108  4911  4911 D OplusSesImsManagerExt: isEntitlementEnabled:false
07-29 14:58:34.108  4911  4911 D OplusSesImsManagerExt: isFeatureProvisionedOnDevice not enabled
07-29 14:58:34.108  4911  4911 D Telephony: registerPstnPhoneAccount mIsVideoCapable = false
07-29 14:58:34.108  4911  4911 W libc    : Access denied finding property "persist.vendor.mtk_uce_support"
07-29 14:58:34.108  4911  4911 I Telephony: isCarrierVideoPresenceSupported, false, false, false, false
07-29 14:58:34.108  4911  4911 I Telephony: reRegisterPstnPhoneAccount: subId: 1 - no change
07-29 14:58:34.108  4911  4911 D ImsResolver: oldSubId: 1, newSubId: 1
07-29 14:58:34.108  4911  4911 D ImsResolver: oldSubId: -1, newSubId: -1
07-29 14:58:34.109  4911  4911 D CallNotifier: updatePhoneStateListeners: update CF notifications.
07-29 14:58:34.109 13097 13097 W libc    : Access denied finding property "persist.vendor.sys.activitylog"
07-29 14:58:34.109 13097 13097 I OneTrace: Mark active for pid=13097? true
07-29 14:58:34.109 13097 13097 D cutils-dev: otrace_set_tracing_enabled? true tag:0
07-29 14:58:34.109 13097 13097 D cutils-dev: properties changed in otrace_seq_number_changed!
07-29 14:58:34.109  4911  4911 D InternationalRoamingNotification: init
07-29 14:58:34.109  5165  6477 D VirtualCommService2: isSupport. true, true
07-29 14:58:34.109  4911  4911 D OplusVirtualCommUtils: isVirtualCommSupport, vRet: true
07-29 14:58:34.109  4911  4911 I OplusVirtualCommUtils: getVirtualCommDeviceType, vRet: 1
07-29 14:58:34.109  4911  4911 I OplusVirtualCommUtils: isConsumerDeviceType, deviceType: 1
07-29 14:58:34.110  4911  4911 D InternationalRoamingNotification: do not createRoamingNotification for invalid Network
07-29 14:58:34.110  4911  4911 V SimultaneousCallingTracker: Received EVENT 101
07-29 14:58:34.110  4911  4911 V SimultaneousCallingTracker: generateVoiceCapablePhoneMapBasedOnUserAssociation: adding phoneId = 0
07-29 14:58:34.110  4911  4911 I SimultaneousCallingTracker: updatePhoneMapAndSimultaneousCallSupportMap: mVoiceCapablePhoneMap.size = 1
07-29 14:58:34.110  4911  4911 V SimultaneousCallingTracker: registerForImsRegistrationChanges: registering phoneId = 0
07-29 14:58:34.110  4911  4911 V SimultaneousCallingTracker: generateSimultaneousCallSupportMap: returning simultaneousCallSubSupportMap = Phone ID=0 - Simultaneous calling compatible phone IDs=[]; 
07-29 14:58:34.110  4911  4911 V SimultaneousCallingTracker: handleSimultaneousCallingSupportChanged
07-29 14:58:34.110  3333  4738 W ContentService: Observer is already registered. Pid is 4911
07-29 14:58:34.110  3333  5629 D ActivityTaskManagerServiceExtImpl: preBindApplication record is null
07-29 14:58:34.110  3333  5629 D RGBNormalizeServer: OplusRGBNormalize feature enabled ? true
07-29 14:58:34.110  3333  5629 D ResourcesManagerCache: For package com.oplus.wirelesssettings we got cacheList [null] appInfoExt is null ? false hasFeature ? false
07-29 14:58:34.110  3333  5629 D VRR [OPlusExternalRefreshRateManager]: isPkgTfcEnable: pkgName = com.oplus.wirelesssettings, enable = false
07-29 14:58:34.110  3333  5629 D VRR [OPlusExternalRefreshRateManager]: getTfcMinFramerate: pkgName = com.oplus.wirelesssettings, min framerate = 0
07-29 14:58:34.110  4911  4911 V OplusCustomizeCacheManager: queryCache name: sys.cache.common_customize_cache18016 param: null
07-29 14:58:34.110  4911  4911 V OplusCustomizeCacheManager: queryCache name: sys.cache.common_customize_cache18013 param: null
07-29 14:58:34.110  4911  4911 V OplusCustomizeCacheManager: queryCache name: sys.cache.common_customize_cache18014 param: null
07-29 14:58:34.110  4911  4911 V OplusCustomizeCacheManager: queryCache name: sys.cache.common_customize_cache18017 param: Bundle[{SETTING=BLOCK, BUSINESS=NCT-DATA}]
07-29 14:58:34.111 13097 13097 D OplusActivityManager: get AMS extension: android.os.BinderProxy@208ee28
07-29 14:58:34.113 13097 13097 D CompactWindowAppManager: initCompactApplicationInfo CompactMode: , NormalMode: 
07-29 14:58:34.113 13097 13097 D OplusScrollToTopManager: setIsInWhiteList false
07-29 14:58:34.113 13097 13097 D OplusViewDebugManager: OplusViewDebugManager Constructor android.view.debug.OplusViewDebugManager@e19d4e6 [mHasViewDebugProperty true] [mHasMsgDebugProperty false] [DEBUG false] [EXTRAINFOENABLE false] [LIGHT_OS false]
07-29 14:58:34.114 13097 13097 D CompatChangeReporter: Compat change id reported: 242716250; UID 1000; state: ENABLED
07-29 14:58:34.115 13097 13097 W libc    : Access denied finding property "ro.odm.prev.product.name"
07-29 14:58:34.116 13097 13097 W ziparchive: Unable to open '/system_ext/framework/nfcvendorlib.dm': No such file or directory
07-29 14:58:34.116 13097 13097 W ziparchive: Unable to open '/system_ext/framework/nfcvendorlib.dm': No such file or directory
07-29 14:58:34.117 13097 13097 D nativeloader: Configuring clns-shared-7 for other apk /system_ext/framework/nfcvendorlib.jar. target_sdk_version=34, uses_libraries=ALL, library_path=/system_ext/priv-app/WirelessSettings/lib/arm64:/system_ext/priv-app/WirelessSettings/WirelessSettings.apk!/lib/arm64-v8a:/system/lib64:/system_ext/lib64, permitted_path=/data:/mnt/expand:/data/user_de/0/com.oplus.wirelesssettings:/system_ext/priv-app/WirelessSettings:/system/lib64:/system_ext/lib64
07-29 14:58:34.117 13097 13097 D nativeloader: Extending system_exposed_libraries: libbinauralrenderer_wrapper.qti.so:libhoaeffects.qti.so:libSloganJni.oplus.so:libsuperNight.oplus.so:libAPSClient-cmd-jni-extension.oplus.so:libsatellite_audio_jni.oplus.so:libortc_so.oplus.so:libsoundtouch.oplus.so:libsoundtouch_jni.oplus.so:libOplusStringJNI-extension.oplus.so:libsatellite_ostx_jni.oplus.so:libapssuspend-jni.oplus.so:libupdateprof.qti.so:libthermalclient.qti.so:libqape.qti.so:libqesdk_ndk_platform.qti.so:liblistenjni.qti.so
07-29 14:58:34.118 13097 13097 D ApplicationLoaders: Returning zygote-cached class loader: /system_ext/framework/androidx.window.extensions.jar
07-29 14:58:34.118 13097 13097 D ApplicationLoaders: Returning zygote-cached class loader: /system_ext/framework/androidx.window.sidecar.jar
07-29 14:58:34.120 13097 13097 D nativeloader: Configuring clns-shared-8 for other apk /system_ext/priv-app/WirelessSettings/WirelessSettings.apk. target_sdk_version=34, uses_libraries=, library_path=/system_ext/priv-app/WirelessSettings/lib/arm64:/system_ext/priv-app/WirelessSettings/WirelessSettings.apk!/lib/arm64-v8a:/system/lib64:/system_ext/lib64, permitted_path=/data:/mnt/expand:/data/user_de/0/com.oplus.wirelesssettings:/system_ext/priv-app/WirelessSettings:/system/lib64:/system_ext/lib64
07-29 14:58:34.122  4911  6050 D CellBroadcastConfigTracker-0: Failed to set cdma config
07-29 14:58:34.122  6013  6033 E CellBroadcastConfigService: fails to setCellBroadcastRanges, result = 2
07-29 14:58:34.123 13097 13097 V GraphicsEnvironment: Currently set values for:
07-29 14:58:34.123 13097 13097 V GraphicsEnvironment:   angle_gl_driver_selection_pkgs=[]
07-29 14:58:34.123 13097 13097 V GraphicsEnvironment:   angle_gl_driver_selection_values=[]
07-29 14:58:34.123 13097 13097 V GraphicsEnvironment: Global.Settings values are invalid: number of packages: 0, number of values: 0
07-29 14:58:34.124 13097 13097 D WS_OplusWirelessSettingsApp: onCreate, OplusWirelessSettingsApp
07-29 14:58:34.125 13097 13097 D LogUtils: initWirelessLog sIsQeAssert=false,sIsWifiOrBtLog=false
07-29 14:58:34.126  3333  4738 I ActivityManager: Flag disabled. Ignoring finishAttachApplication from uid: 1000. pid: 13097
07-29 14:58:34.126 13097 13097 E ANDR-PERF-CLIENT-SYS: death recipent object is fine
07-29 14:58:34.126 13097 13097 W ttings:tzupdate: AIBinder_linkToDeath is being called with a non-null cookie and no onUnlink callback set. This might not be intended. AIBinder_DeathRecipient_setOnUnlinked should be called first.
07-29 14:58:34.127  3333  4738 W OplusSelfProtectManager: pkg[com.oplus.wirelesssettings] not in policy list
07-29 14:58:34.129  3333  4738 D ActivityManager: Async freezing 13097 com.oplus.wirelesssettings:tzupdate
07-29 14:58:34.131  4666  7425 W SQLiteLog: (28) double-quoted string literal: "timezone_tzdata_v2_files"
07-29 14:58:34.206  4911  4911 V OplusCustomizeCacheManager: queryCache name: sys.cache.common_customize_cache18016 param: null
07-29 14:58:34.207  4911  4911 V OplusCustomizeCacheManager: queryCache name: sys.cache.common_customize_cache18013 param: null
07-29 14:58:34.207  4911  4911 V OplusCustomizeCacheManager: queryCache name: sys.cache.common_customize_cache18014 param: null
07-29 14:58:34.207  4911  4911 V OplusCustomizeCacheManager: queryCache name: sys.cache.common_customize_cache18017 param: Bundle[{SETTING=BLOCK, BUSINESS=NCT-DATA}]
07-29 14:58:34.208  4911  4911 V OplusCustomizeCacheManager: queryCache name: sys.cache.common_customize_cache18016 param: null
07-29 14:58:34.208  4911  4911 V OplusCustomizeCacheManager: queryCache name: sys.cache.common_customize_cache18013 param: null
07-29 14:58:34.208  4911  4911 V OplusCustomizeCacheManager: queryCache name: sys.cache.common_customize_cache18014 param: null
07-29 14:58:34.208  4911  4911 V OplusCustomizeCacheManager: queryCache name: sys.cache.common_customize_cache18017 param: Bundle[{SETTING=BLOCK, BUSINESS=NCT-DATA}]
07-29 14:58:34.223  1969  1969 D SensorFeature: name=ssc_screenshot_info ,index = 22
07-29 14:58:34.223  1969  1969 D SensorFeature: write 29 bytes:59093547529,59101880862,162,0
07-29 14:58:34.224  4812  4812 D RowAnimatorExtImpl: end:view:StatusBarIconView(slot='volume' alpha=1.0 icon=StatusBarIcon(icon=Icon(typ=RESOURCE pkg=com.android.systemui id=0x7f0818f0) visible user=0 ) visibleState=ICON iconColor=#ccffffff staticDrawableColor=#ccffffff decorColor=#ffffffff animationStartColor=#0 currentSetColor=#ccffffff notification=null),tx
07-29 14:58:34.224  4812  4812 D RowAnimatorExtImpl: end:view:StatusBarIconView(slot='zen' alpha=1.0 icon=StatusBarIcon(icon=Icon(typ=RESOURCE pkg=com.android.systemui id=0x7f0818e1) visible user=0 ) visibleState=ICON iconColor=#ccffffff staticDrawableColor=#ccffffff decorColor=#ffffffff animationStartColor=#0 currentSetColor=#ccffffff notification=null),tx
07-29 14:58:34.224  4812  4812 D RowAnimatorExtImpl: end:view:StatusBarIconView(slot='volume' alpha=1.0 icon=StatusBarIcon(icon=Icon(typ=RESOURCE pkg=com.android.systemui id=0x7f0818f0) visible user=0 ) visibleState=ICON iconColor=#ccffffff staticDrawableColor=#ccffffff decorColor=#ffffffff animationStartColor=#0 currentSetColor=#ccffffff notification=null),tx
07-29 14:58:34.224  4812  4812 D RowAnimatorExtImpl: end:view:StatusBarIconView(slot='zen' alpha=1.0 icon=StatusBarIcon(icon=Icon(typ=RESOURCE pkg=com.android.systemui id=0x7f0818e1) visible user=0 ) visibleState=ICON iconColor=#ccffffff staticDrawableColor=#ccffffff decorColor=#ffffffff animationStartColor=#0 currentSetColor=#ccffffff notification=null),tx
07-29 14:58:34.224  4812  4812 D RowAnimatorExtImpl: end:view:StatusBarIconView(slot='volume' alpha=1.0 icon=StatusBarIcon(icon=Icon(typ=RESOURCE pkg=com.android.systemui id=0x7f0818f0) visible user=0 ) visibleState=ICON iconColor=#ccffffff staticDrawableColor=#ccffffff decorColor=#ffffffff animationStartColor=#0 currentSetColor=#ccffffff notification=null),tx
07-29 14:58:34.224  4812  4812 D RowAnimatorExtImpl: end:view:StatusBarIconView(slot='zen' alpha=1.0 icon=StatusBarIcon(icon=Icon(typ=RESOURCE pkg=com.android.systemui id=0x7f0818e1) visible user=0 ) visibleState=ICON iconColor=#ccffffff staticDrawableColor=#ccffffff decorColor=#ffffffff animationStartColor=#0 currentSetColor=#ccffffff notification=null),tx
07-29 14:58:34.253  1820  4384 I sensors-hal: handle_oplus_wise_rgb_event:189, high_pwm_light:lux 281.6,cct 3629.4,brl/algo/ir 1448.0/2.0/16.6,pwm/dc 0.0/0.0,rgbc 21638.308594/13627.445312/6250.689941/40110.476562,ts 59101734839,cnt 840,flag 65698
07-29 14:58:34.254  1889  4373 I Dpps    : LtmSwState::SetParameter():144 ignore cmd 7 in state LtmOffState
07-29 14:58:34.415  4812  4812 I SystemUi--QuickSettings: TemporarilyInfoManager-->[animateShow] com.oplus.systemui.qs.base.temporarilyinfo.TemporarilyInfoManager$createViewToParent$1{318f25b VFED..C.. ........ 0,0-1080,228 #7f0a0cb6 app:id/temporarily_info_view alpha=1.0 viewInfo = } end
07-29 14:58:34.415  4812  4812 I SystemUi--QuickSettings: TemporarilyInfoManager-->[trigger] start from showElementAfterShowFully
07-29 14:58:34.497  1969  1969 D SensorFeature: name=ssc_screenshot_info ,index = 22
07-29 14:58:34.497  1969  1969 D SensorFeature: write 29 bytes:59367617372,59375950705,163,0
07-29 14:58:34.519  1889  4373 I Dpps    : LtmSwState::SetParameter():144 ignore cmd 7 in state LtmOffState
07-29 14:58:34.548  4812  4812 D JankUtils: gfxSceneEnd; scene: 7
07-29 14:58:34.548  4812  4812 I SystemUi--Common: NotificationShadeDepthC-->sceneFlag: 0x001, isStart = false, Current sceneFlags: 0x000
07-29 14:58:34.548  4812  4812 D NavigationBar: restrainNavigationBarInvertColor: false
07-29 14:58:34.548  4812  5048 D RegionSamplingHelper =:    mCompositionSamplingListener.register
07-29 14:58:34.548  2131  2394 D SurfaceFlinger: addRegionSamplingListener pid: 4812, Area: [0, 2328, 1080, 2376]
07-29 14:58:34.605  1820 10054 I sensors-hal: handle_sns_client_event:87, step_count_event: ts=59485071245 count 0
07-29 14:58:34.605  3333  4326 D SensorServiceUtils: sensorEventLog step_counter = 0
07-29 14:58:34.605  3333  4326 D SensorServiceUtils: sensorEventLog step_counter = 0
07-29 14:58:34.605  3333  4326 D SensorServiceUtils: sensorEventLog step_counter = 0
07-29 14:58:34.605  3333  4326 D SensorServiceUtils: sensorEventLog step_counter = 0
07-29 14:58:34.605  3333  4326 D SensorServiceUtils: sensorEventLog step_counter = 0
07-29 14:58:34.605  3333  4326 D SensorServiceUtils: sensorEventLog step_counter = 0
07-29 14:58:34.605  3333  4326 D SensorServiceUtils: sensorEventLog step_counter = 0
07-29 14:58:34.606  3333  4326 D SensorServiceUtils: sensorEventLog step_counter = 0
07-29 14:58:34.606  3333  4326 D SensorServiceUtils: sensorEventLog step_counter = 0
07-29 14:58:34.606  3333  4326 D SensorServiceUtils: sensorEventLog step_counter = 0
07-29 14:58:34.606  3333  4326 D SensorServiceUtils: sensorEventLog step_counter = 0
07-29 14:58:34.606  3333  4326 D SensorServiceUtils: sensorEventLog step_counter = 0
07-29 14:58:34.606  3333  4326 D SensorServiceUtils: sensorEventLog step_counter = 0
07-29 14:58:34.606  3333  4326 D SensorServiceUtils: sensorEventLog step_counter = 0
07-29 14:58:34.606  3333  4326 D SensorServiceUtils: sensorEventLog step_counter = 0
07-29 14:58:34.606  3333  4326 D SensorServiceUtils: sensorEventLog step_counter = 0
07-29 14:58:34.606  3333  4326 D SensorServiceUtils: sensorEventLog step_counter = 0
07-29 14:58:34.606  3333  4326 D SensorServiceUtils: sensorEventLog step_counter = 0
07-29 14:58:34.606  3333  4326 D SensorServiceUtils: sensorEventLog step_counter = 0
07-29 14:58:34.607  4634  4634 V SystemSensorManagerExtImpl: step counter dispatchSensorEvent step 0.0 to + a.b$c@9b0b082
07-29 14:58:34.664  1980  2006 D BatteryChargeControl: bcc get no support from charging protocol
07-29 14:58:34.734  1889  2191 I SDM     : DisplayBase::CommitThread: Received idle timeout, panel: cmd, timeout: 70000 us
07-29 14:58:34.781  6504  6651 E oiface  : sched_setaffinity failed
07-29 14:58:34.783  1980  1980 D vendor.oplus.hardware.charger-V7-service: getChargerControl:
07-29 14:58:34.801  1970  1979 E PerformanceService: storage_feature: open /sys/devices/platform/soc/112b0000.ufshci//virtualtlcbuff fail
07-29 14:58:34.806  3333  5629 W BestClock: java.time.DateTimeException: Missing network time fix
07-29 14:58:34.806  3333  5629 W BestClock: java.time.DateTimeException: Missing network time fix
07-29 14:58:34.806  3333  5629 W BestClock: java.time.DateTimeException: Missing network time fix
07-29 14:58:34.834  1889  2191 I SDM     : DisplayBase::CommitThread: Received idle timeout, panel: cmd, timeout: 70000 us
07-29 14:58:34.837  1969  1969 D SensorFeature: name=ssc_screenshot_info ,index = 22
07-29 14:58:34.837  1969  1969 D SensorFeature: write 29 bytes:59666471591,59716786018,164,0
07-29 14:58:34.840  1889  4373 I Dpps    : LtmSwState::SetParameter():144 ignore cmd 7 in state LtmOffState
07-29 14:58:34.899  2131  3635 D VRR [OTI]: handleIdle from 0 to 1
07-29 14:58:34.899  2131  3635 D VRR [OTI-HW]: isStateReady 1
07-29 14:58:34.899  2131  3635 D VRR [RefreshRateDirector]: requestRefreshRateByOti update [ oti-hw, {fps=60, modePtr={id=5, vsyncRate=60.00 Hz, peakRefreshRate=60.00 Hz}} ]
07-29 14:58:34.899  2131  3635 D VRR [RefreshRateDirector]: selectBestFrameRate DirectorMapOti [oti-hw, {fps=60, modePtr={id=5, vsyncRate=60.00 Hz, peakRefreshRate=60.00 Hz}}]
07-29 14:58:34.899  2131  3635 D VRR [RefreshRateDirector]: updateBestFrameRate [oti-hw, {fps=60, modePtr={id=5, vsyncRate=60.00 Hz, peakRefreshRate=60.00 Hz}}]
07-29 14:58:34.899  2131  3635 D SurfaceFlinger: VRR [SurfaceFlinger] setDesiredActiveMode: displayId: 4630946756802996883, renderRate: 60, vsyncRate: 60, event: 1
07-29 14:58:34.899  2131  3635 D DisplayModeController: setDesiredMode 4630946756802996883 {mode={fps=60.00 Hz, modePtr={id=5, vsyncRate=60.00 Hz, peakRefreshRate=60.00 Hz}}, emitEvent=true, force=false}
07-29 14:58:34.900  2131  2131 I DisplayModeController: hwc begin mode change to 16666666
07-29 14:58:34.900  2131  2131 I HWC2    : [0] setActiveConfigWithConstraints[5]
07-29 14:58:34.901  1889  6494 W SDM     : HWDeviceDRM::GetSupportedBitClkRate: Requested rate not supported: 1363200000
07-29 14:58:34.901  1889  6494 I SDM     : HWDeviceDRM::UpdateMixerAttributes: Mixer WxH 1440x3168-1 for Peripheral
07-29 14:58:34.901  1889  6494 I CwbService: CwbService::notifyConfigChange: display:0, config:5 size:4, sec.size():0
07-29 14:58:34.901  1889  3582 I CasManager: Fps changed from 120 to 60
07-29 14:58:34.901  1889  6494 I CwbService: CwbService::notifyConfigChange: display: 0, config = 1
07-29 14:58:34.901  1889  3582 I CasManager: Fps changed, not change bin, so trigger gain
07-29 14:58:34.901  1889  3582 W SDM     : DemuraIntfImpl::ProcessOemPluginGain: Thermal intf_ is nullptr 0, default to 25 degree
07-29 14:58:34.901  1889  3582 I SDM     : CasQcPlugIn::ProcessPerCompGainOppo: input params, mode:PWM, fps:60, dbv:1448
07-29 14:58:34.902  1889  3582 I SDM     : CasQcPlugIn::ProcessPerCompGainOppo: normalized bright_adj:1024, dbv:1448, bin_dbv:1083, 
07-29 14:58:34.902  1889  3582 I SDM     : CasQcPlugIn::ProcessPerCompGainOppo: gains print start =====================
07-29 14:58:34.902  1889  3582 I SDM     : CasQcPlugIn::ProcessPerCompGainOppo: gain --------------------------------
07-29 14:58:34.902  1889  3582 I SDM     : CasQcPlugIn::ProcessPerCompGainOppo: old: 0 0 0 57 90 322 1201 3072
07-29 14:58:34.902  1889  3582 I SDM     : CasQcPlugIn::ProcessPerCompGainOppo: new: 0 0 0 30 77 278 1040 3072
07-29 14:58:34.902  1889  3582 I SDM     : CasQcPlugIn::ProcessPerCompGainOppo: gain --------------------------------
07-29 14:58:34.902  1889  3582 I SDM     : CasQcPlugIn::ProcessPerCompGainOppo: old: 0 0 0 64 125 373 1336 3072
07-29 14:58:34.902  1889  3582 I SDM     : CasQcPlugIn::ProcessPerCompGainOppo: new: 0 0 0 34 99 373 1336 3072
07-29 14:58:34.902  1889  3582 I SDM     : CasQcPlugIn::ProcessPerCompGainOppo: gain --------------------------------
07-29 14:58:34.902  1889  3582 I SDM     : CasQcPlugIn::ProcessPerCompGainOppo: old: 0 0 0 42 83 323 1222 3072
07-29 14:58:34.902  1889  3582 I SDM     : CasQcPlugIn::ProcessPerCompGainOppo: new: 0 0 0 22 83 323 1222 3072
07-29 14:58:34.902  1889  3582 I SDM     : CasQcPlugIn::ProcessPerCompGainOppo: gains print end =======================
07-29 14:58:34.908  1889  3582 I SDM     : DemuraIntfImpl::StageAllData: Staged all data to Demura Driver!
07-29 14:58:34.909  1889  3582 I SDM     : HWPeripheralDRM::SetPanelFeature: Set Panel feature property 19
07-29 14:58:34.909  1889  3582 I SDM     : HWPeripheralDRM::SetPanelFeature: Set Panel feature property 7
07-29 14:58:34.909  1889  3582 I SDM     : DisplayBuiltIn::TriggerDemuraOemPlugIn: Trigger demura oem plugin success
07-29 14:58:34.910  1889  2191 I SDM     : DRMPanelFeatureMgr::ApplyDirtyFeature: Commited panel feature [enabled]: 20-272
07-29 14:58:34.910  1889  2191 I SDM     : DRMPanelFeatureMgr::ApplyDirtyFeature: Commited panel feature [enabled]: 8-271
07-29 14:58:34.930  2131  2131 D VRR-[OPlusRefreshRateSelector]: setCurrentModeId 5 type SM
07-29 14:58:34.930  2131  3635 D VRR [OTI-HW]: isStateReady 1
07-29 14:58:34.930  2131  3635 D VRR [OTI-HW]: keep rate.
07-29 14:58:34.931  3333  3598 I DisplayDeviceRepository: Display device changed render timings: "Built-in Screen", renderFrameRate=60.000004, presentationDeadlineNanos=16666666, appVsyncOffsetNanos=1000000
07-29 14:58:34.931  3333  3598 D LogicalDisplayExt: set displayInfo flag FLAG_ROTATES_WITH_CONTENT
07-29 14:58:34.933  3333  3598 D DisplayManagerServiceExtImpl: scheduleTraversalLocked intraversal=false
07-29 14:58:34.933  3333  3598 I DisplayManagerServiceExtImpl: handle logical display changed logicalDisplay=id=0,stack=0,content=true,displayInfo{stack=0,type=1,id=0,uId=local:4630946756802996883,state=ON,pkg=null}
07-29 14:58:34.933  3333  3598 D DisplayManagerService: Delivering display event: displayId=0, event=CHANGED
07-29 14:58:34.933  3333  3755 D BrightnessThermalClamper: Thermal status observer already started
07-29 14:58:34.933  3333  3755 D BrightnessPowerClamper: Power throttling data is missing for configuration data.
07-29 14:58:34.934  3333  3591 D OplusVFXScreenEffectFeature: notifySFCompatWindowStateChange entered false
07-29 14:58:34.935  2131  2394 D [PREVIEW]: SF obtain preview_adapter: 0
07-29 14:58:34.935  2131  2394 D [PREVIEW]: TabletPreviewAdapter::parallel world 0
07-29 14:58:34.936  3333  3333 E OplusGestureAnimationManagerPolicy: mScreenHeight:2376 mScreenWidth:1080 mRotation:0
07-29 14:58:34.936  3333  3591 D FSS_FoldScreenBlackCoverController: displayChangeToOn, dc:Display{#0 state=ON size=1080x2376 ROTATION_0}
07-29 14:58:34.936  4634  4634 D CastManagerService: onDisplayChanged.
07-29 14:58:34.937  2119  9532 D AudioFlingerExtImpl: AudioFlingerExtImpl oplusSetParameters: keyvalue screen_state=on
07-29 14:58:34.937  2119  9532 D DeviceHalAidl: 0xb40000736f87c200 DeviceHalAidl::setParameters
07-29 14:58:34.937  2119  9532 D DeviceHalAidl: setParameters: parameters: "screen_state=on"
07-29 14:58:34.937  3333  3591 D DisplayManagerService: performTraversalInternal pendingTraversal
07-29 14:58:34.937  3333  3591 D DisplayDevice: setLayerStackLocked id=local:4630946756802996883 token=android.os.BinderProxy@35354f7 stack=0->0
07-29 14:58:34.937  1851  1865 I PAL: ResourceManager: setParameter: 11480: Screen State:1
07-29 14:58:34.938  3333  3598 D DisplayManagerService: MSG_REQUEST_TRAVERSAL pendingCompleted=false
07-29 14:58:34.938  2119  9532 D DeviceHalAidl: 0xb40000736f87c800 DeviceHalAidl::setParameters
07-29 14:58:34.938  2119  9532 D DeviceHalAidl: setParameters: parameters: "screen_state=on"
07-29 14:58:34.938  1851  1865 D AHAL_Module: updateScreenState: usb: 1
07-29 14:58:34.938  2119  9532 D DeviceHalAidl: 0xb40000736f87ce00 DeviceHalAidl::setParameters
07-29 14:58:34.938  2119  9532 D DeviceHalAidl: setParameters: parameters: "screen_state=on"
07-29 14:58:34.938  1851  1865 D AHAL_Module: updateScreenState: r_submix: 1
07-29 14:58:34.938  2119  9532 D DeviceHalAidl: 0xb40000736f87d400 DeviceHalAidl::setParameters
07-29 14:58:34.938  2119  9532 D DeviceHalAidl: setParameters: parameters: "screen_state=on"
07-29 14:58:34.938  1851  4492 D AHAL_Module: updateScreenState: bluetooth: 1
07-29 14:58:34.938  2119  9532 D DeviceHalAidl: 0xb40000736f87da00 DeviceHalAidl::setParameters
07-29 14:58:34.938  2119  9532 D DeviceHalAidl: setParameters: parameters: "screen_state=on"
07-29 14:58:34.938  1851  1865 D AHAL_Module: updateScreenState: bluetooth: 1
07-29 14:58:34.939  2119  9532 D DeviceHalAidl: 0xb40000736f87e000 DeviceHalAidl::setParameters
07-29 14:58:34.939  2119  9532 D DeviceHalAidl: setParameters: parameters: "screen_state=on"
07-29 14:58:34.939  1851  4492 D AHAL_Module: updateScreenState: stub: 1
07-29 14:58:34.939  6504  6651 E oiface  : sched_setaffinity failed
07-29 14:58:34.940  4812  4812 I SystemUi--Statusbar: DisplayRepository-->combining enabled=[0], connectedExternalDisplayIds=[], ignored=[]
07-29 14:58:34.940  1986  2043 I gameoptHal: targetfps updated 6 -- 60
07-29 14:58:34.963  5165  6477 D VendorTelephonyService: onTelephonyEventReport slotId =0 eventId=2009
07-29 14:58:34.963  4966  7535 D SaDataService: onTelephonyEventReport , subId= 0,slotId=-1 eventId=2009
07-29 14:58:34.964  5165  6477 D VendorTelephonyService: onTelephonyEventReport slotId =0 eventId=2009
07-29 14:58:34.964  4966  7535 D TelephonyImpl: notify eventId:2009 for list size:2
07-29 14:58:34.964  5165  6477 D VendorTelephonyService: onTelephonyEventReport slotId =1 eventId=2009
07-29 14:58:34.964  4966  7535 D SaDataService: onTelephonyEventReport , subId= 1,slotId=0 eventId=2009
07-29 14:58:34.964  5165  6477 D VendorTelephonyService: onTelephonyEventReport slotId =1 eventId=2009
07-29 14:58:34.964  4966  7535 D TelephonyImpl: notify eventId:2009 for list size:2
07-29 14:58:34.964  5165  5165 D VendorCallService: notityEventUpdate, eventId:2009, slotId = 0
07-29 14:58:34.964  5165  5165 D VendorCallService: notityEventUpdate, eventId:2009, slotId = 1
07-29 14:58:34.981  3333  3766 D VRR [OPlusRefreshRateService]: handleConfigIdChange physicalDisplayId: 4630946756802996883 configId: 5 renderPeriod: 16666666
07-29 14:58:34.981  3333  3766 D VRR [OPlusSAManager]: updateModeChange old modeId [ 4 ] -> new modeId [ 5 ] mCurPolicy: 1
07-29 14:58:34.981  3333  3766 D VRR [OPlusSAManager]: updateSAScene active modeId: 5
07-29 14:58:34.981  3333  3766 D VRR [OPlusSAManager]: updateSAScene current policy: 1 active modeId: 5 scene: VRR_60
07-29 14:58:34.981  3333  3766 D VRR [OPlusOAManager]: Not OA business! new modeId: [5] active modeId: [4]
07-29 14:58:34.981  3333  3766 D VRR [OPlusGameStatusManager]: updateGameState mOSyncFeatureSwitch: false mIsGamePolicy: false
07-29 14:58:34.981  3333  3766 D VRR [OPlusGameStatusManager]: setLTMStatus false curPkgName: com.android.launcher curr status: false HeartStop: false HeartStopFromTGPA: false ActiveFPS: 60.000004
07-29 14:58:34.981  3333  3766 D VRR [OPlusGameStatusManager]: updateGameAccelerationStatus pkgName: com.android.launcher mOSyncFeatureSwitch: false mIsGamePolicy: false mHeartStop: false mHasFlickerRisk: false mForceAcceleration: false mToastReady: false enable: false
07-29 14:58:34.981  3333  3766 D VRR [OPlusGameStatusManager]: updateToastStatus enableAcceleration: false toastReady: false isGamePolicy: false desiredModeId: 5
