07-29 14:58:32.651  4812  5728 V OplusCustomizeCacheManager: queryCache name: sys.cache.common_customize_cache18013 param: null
07-29 14:58:32.652  4812  5728 V OplusCustomizeCacheManager: queryCache name: sys.cache.common_customize_cache18025 param: null
07-29 14:58:32.652  4812  5728 I SystemUi--QuickSettings: Tile.OplusAirplaneModeTile-->handleUpdateState state.state: 2 value: 1
07-29 14:58:32.652  4812  5728 V OplusCustomizeCacheManager: queryCache name: sys.cache.common_customize_cache18026 param: null
07-29 14:58:32.652  3333  3691 I UserAwareMgr: handleFgAppChanged, pkgName: com.android.systemui, pid: 4812, isVisible: true, fgAppType: FG2
07-29 14:58:32.652  3333  3691 I UserAwareMgr: fg app status not changed, beforeVisible: true, currentVisible: true
07-29 14:58:32.652  4812  4812 I SystemUi--Keyguard: ScrimControllerExImp-->blur State to UNLOCK, bouncer=false changeFromBouncerScrim= false runnerUnlock= false goingAway=false hasHandle=true isOccludeAnimationPlaying=false
07-29 14:58:32.653  3333  4738 I InputDispatcher: injectInputEvent: targetUid=<not set>, syncMode=WAIT_FOR_FINISHED, timeout=30000ms, policyFlags=0x8000000, event=MotionEvent { action=MOVE, id[0]=0, x[0]=900, y[0]=673.533, eventTime=57532000000, downTime=57434000000, deviceId=4, source=TOUCHSCREEN, displayId=0, eventId=0xec898ad7}
07-29 14:58:32.653  4812  4812 I SystemUi--Keyguard: ScrimControllerExImp-->blur State to UNLOCK, bouncer=false changeFromBouncerScrim= false runnerUnlock= false goingAway=false hasHandle=true isOccludeAnimationPlaying=false
07-29 14:58:32.653  4812  4812 D ViewRootImplExtImpl: wrapConfigInfoIntoFlags rotation=0, smallestScreenWidthDp=360, residentWS=false, scenario=0, bounds=Rect(0, 0 - 1080, 2376), relayoutAsync=true, flags=1, newFlags=1245719809, title=NotificationShade
07-29 14:58:32.653  4812  4812 W VRI[NotificationShade]: updateBlastSurfaceIfNeeded, surfaceSize:Point(1080, 2376), lastSurfaceSize:Point(1080, 2376), format:-3, blastBufferQueue:android.graphics.BLASTBufferQueue@3644baa
07-29 14:58:32.653  3333  5627 D WindowManagerServiceExtImpl: extractConfigInfoAndRealFlags rotation=0, screenDp=360, residentWS:0, scenario:0, bounds:2376, serverWinBounds:Rect(0, 0 - 1080, 2376), win=Window{85fd9d2 u0 NotificationShade}
07-29 14:58:32.653  3333  5627 V WindowManager: Relayout Window{85fd9d2 u0 NotificationShade}: viewVisibility=0, oldvis=0, req=1080x2376, vsysui=, x=0, y=0
07-29 14:58:32.654  4812  4812 I SurfaceControl:  setExtendedRangeBrightness sc=Surface(name=NotificationShade)/@0xf8506c6,currentBufferRatio=1.0,desiredRatio=1.0
07-29 14:58:32.654  4812  5728 V OplusCustomizeCacheManager: queryCache name: sys.cache.common_customize_cache11009 param: null
07-29 14:58:32.654  3333  5627 D RefreshRate: initControlPanelRefreshRateData PreferredRefreshRateData{mPreferredRefreshRateId=[3, 1, 2, 3],isAnimBoost=true}
07-29 14:58:32.655  3333  5627 D WindowManager: NFW_findFocusedWindowIfNeeded:Window{85fd9d2 u0 NotificationShade} mCurrentFocus:Window{97a1009 u0 com.android.launcher/com.android.launcher.Launcher}
07-29 14:58:32.655  3333  5627 V WindowManager: Changing focus from Window{97a1009 u0 com.android.launcher/com.android.launcher.Launcher} to Window{85fd9d2 u0 NotificationShade},diplayid=0
07-29 14:58:32.655  3333  4544 E OplusUIFirst_WS: unknown window type: -1
07-29 14:58:32.655  3333  3766 D VRR [OPlusRefreshRateService]: Receive multi scene changed eventId = 5 bundleList.size = 2
07-29 14:58:32.655  3333  4544 E UAH-Framework: invalid window type -1
07-29 14:58:32.655  3333  4622 E FBProcessManager: unknown window type: -1
07-29 14:58:32.655  4812  4812 I SystemUi--Statusbar: DisplayRepository-->combining enabled=[0], connectedExternalDisplayIds=[], ignored=[]
07-29 14:58:32.655  3333  5627 D Theia.NoFocusWindow: FocusWindowErrorScene cancelCheckFreezeScreen
07-29 14:58:32.655  3333  5627 W TheiaWindowMonitor: [check] focusedWindow is null or enable is false
07-29 14:58:32.656  4812  5728 V OplusCustomizeCacheManager: queryCache name: sys.cache.common_customize_cache18027 param: null
07-29 14:58:32.656  4812  4812 W SystemUi--Common: SubsetBitmapDrawable-->[isValid] innerBitmap?.isRecycled=null
07-29 14:58:32.656  7249  7249 W Battery : PowerSaveTileService: updateTileState false
07-29 14:58:32.657  4812  4812 I SystemUi--Statusbar: BatteryViewBinder-->create drawable: com.oplus.systemui.statusbar.pipeline.battery.ui.drawable.HorizontalBatteryContentDrawable@24f398b iconStyle:BatteryIconStyle(iconStyle=1, oldStylePercentIn=false, densityDpi=480, scaleFactor=1.0, themeId=0, isThemeModeColor=false, frameColorMode=0, isPercentOutBgMode=false, isPercentOutPbMode=false, batteryOutChargeBgMode=0)
07-29 14:58:32.657  4812  5728 V OplusCustomizeCacheManager: queryCache name: sys.cache.common_customize_cache11010 param: null
07-29 14:58:32.657  4812  4812 I SystemUi--Statusbar: BatteryViewBinder-->create drawable: com.oplus.systemui.statusbar.pipeline.battery.ui.drawable.HorizontalBatteryContentDrawable@fb4fb75 iconStyle:BatteryIconStyle(iconStyle=1, oldStylePercentIn=false, densityDpi=480, scaleFactor=1.0, themeId=0, isThemeModeColor=false, frameColorMode=0, isPercentOutBgMode=false, isPercentOutPbMode=false, batteryOutChargeBgMode=0)
07-29 14:58:32.658  4812  4812 W SystemUi--Common: SubsetBitmapDrawable-->[isValid] innerBitmap?.isRecycled=null
07-29 14:58:32.658  4812  4812 I SystemUi--Keyguard: ScrimControllerExImp-->blur State to UNLOCK, bouncer=false changeFromBouncerScrim= false runnerUnlock= false goingAway=false hasHandle=true isOccludeAnimationPlaying=false
07-29 14:58:32.658  4812  4812 I SystemUi--Keyguard: ScrimControllerExImp-->blur State to UNLOCK, bouncer=false changeFromBouncerScrim= false runnerUnlock= false goingAway=false hasHandle=true isOccludeAnimationPlaying=false
07-29 14:58:32.658  4812  4812 I SystemUi--QuickSettings: QSPanelAnimatorManager-->showFirstElement
07-29 14:58:32.660  4812  4812 I SystemUi--Statusbar: BatteryViewBinder-->create drawable: com.oplus.systemui.statusbar.pipeline.battery.ui.drawable.HorizontalBatteryContentDrawable@95f2d3 iconStyle:BatteryIconStyle(iconStyle=1, oldStylePercentIn=false, densityDpi=480, scaleFactor=1.0, themeId=0, isThemeModeColor=false, frameColorMode=0, isPercentOutBgMode=false, isPercentOutPbMode=false, batteryOutChargeBgMode=0)
07-29 14:58:32.660  2131  2131 D OplusInfoMonitor: setListenerReport: reportInfo:
07-29 14:58:32.660  3333  3599 D SurfaceComposerClient: Transaction::apply InputWindowCommands.focusRequests timestamp=57535910706, windowName=85fd9d2 NotificationShade
07-29 14:58:32.661  4812  4812 I SystemUi--Statusbar: BatteryViewBinder-->create drawable: com.oplus.systemui.statusbar.pipeline.battery.ui.drawable.HorizontalBatteryContentDrawable@206de10 iconStyle:BatteryIconStyle(iconStyle=1, oldStylePercentIn=false, densityDpi=480, scaleFactor=1.0, themeId=0, isThemeModeColor=false, frameColorMode=0, isPercentOutBgMode=false, isPercentOutPbMode=false, batteryOutChargeBgMode=0)
07-29 14:58:32.661  2131  2415 D SurfaceFlinger: captureLayers from pid 5373 uid -335
07-29 14:58:32.663  4812  4812 D JankUtils: gfxSceneBegin; scene: 7; sceneDes: QS PULL
07-29 14:58:32.663  1980  2006 D BatteryChargeControl: bcc get no support from charging protocol
07-29 14:58:32.663  4812  5400 D Util    : isPkgInstalled_isPkgInstalled = false
07-29 14:58:32.664  4812  4812 I SystemUi--Keyguard: ScrimControllerExImp-->blur State to UNLOCK, bouncer=false changeFromBouncerScrim= false runnerUnlock= false goingAway=false hasHandle=true isOccludeAnimationPlaying=false
07-29 14:58:32.664  4812  5400 D Util    : isPkgInstalled_isPkgInstalled = true
07-29 14:58:32.664  3333  4738 I InputDispatcher: injectInputEvent: targetUid=<not set>, syncMode=WAIT_FOR_FINISHED, timeout=30000ms, policyFlags=0x8000000, event=MotionEvent { action=MOVE, id[0]=0, x[0]=900, y[0]=752.333, eventTime=57544000000, downTime=57434000000, deviceId=4, source=TOUCHSCREEN, displayId=0, eventId=0xe52772ee}
07-29 14:58:32.664  4812  4812 I SystemUi--Keyguard: ScrimControllerExImp-->blur State to UNLOCK, bouncer=false changeFromBouncerScrim= false runnerUnlock= false goingAway=false hasHandle=true isOccludeAnimationPlaying=false
07-29 14:58:32.664  3333  3756 D PowerManagerService: userActivityNoUpdateLocked: groupId=0, eventTime=57544, event=touch, flags=0x0, uid=1000
07-29 14:58:32.664  1887  4910 I SnapAlloc: Using graphics libs for alignment calculations
07-29 14:58:32.665  1887  4910 I SnapAlloc: Using graphics libs for alignment calculations
07-29 14:58:32.666  1887  4910 I SnapAlloc: Using graphics libs for alignment calculations
07-29 14:58:32.670  2131  3646 D SurfaceFlinger: updateWinowInfo=1, setFocusedWindow timestamp=57535910706, windowName=85fd9d2 NotificationShade
07-29 14:58:32.670  3333  3437 I InputDispatcher: NFW_setFocusedWindow, 85fd9d2 NotificationShade on display 0, same as the previous:0
07-29 14:58:32.671  3333  3437 I InputDispatcher: updateFocusedWindow,  on display 0, reason: Waiting for window because NOT_FOCUSABLE, result:   FocusedWindows: <none>
07-29 14:58:32.671  3333  5627 I InputDispatcher: updateFocusedWindow, 85fd9d2 NotificationShade on display 0, reason: Window became focusable. Previous reason: NOT_FOCUSABLE, result:   FocusedWindows:
07-29 14:58:32.671  3333  5627 I InputDispatcher:     displayId=0, name='85fd9d2 NotificationShade'
07-29 14:58:32.671  5172  5172 D VRI[Launcher]: onFocusEvent false
07-29 14:58:32.671  4812  4812 D VRI[NotificationShade]: onFocusEvent true
07-29 14:58:32.672  3333  4738 I InputDispatcher: injectInputEvent: targetUid=<not set>, syncMode=WAIT_FOR_FINISHED, timeout=30000ms, policyFlags=0x8000000, event=MotionEvent { action=MOVE, id[0]=0, x[0]=900, y[0]=798.3, eventTime=57551000000, downTime=57434000000, deviceId=4, source=TOUCHSCREEN, displayId=0, eventId=0xfd84a135}
07-29 14:58:32.672  4812  4812 I SystemUi--Keyguard: ScrimControllerExImp-->blur State to UNLOCK, bouncer=false changeFromBouncerScrim= false runnerUnlock= false goingAway=false hasHandle=true isOccludeAnimationPlaying=false
07-29 14:58:32.672  4812  4812 I SystemUi--Keyguard: ScrimControllerExImp-->blur State to UNLOCK, bouncer=false changeFromBouncerScrim= false runnerUnlock= false goingAway=false hasHandle=true isOccludeAnimationPlaying=false
07-29 14:58:32.672  4812  4812 I SystemUi--QuickSettings: QSPanelAnimatorManager-->showSecondElement
07-29 14:58:32.675  4812  4812 I SystemUi--Keyguard: OplusRepeatWhenAttachedUnlock-->updateState: view.windowVisibility: 0, keyguardShow: false, isInPreviewMode: false, view.hasWindowFocus(): true
07-29 14:58:32.675  4812  4812 I SystemUi--Keyguard: OplusRepeatWhenAttachedUnlock-->updateState: view.windowVisibility: 0, keyguardShow: false, isInPreviewMode: false, view.hasWindowFocus(): true
07-29 14:58:32.680  1887  4910 I SnapAlloc: Using graphics libs for alignment calculations
07-29 14:58:32.680  3333  4738 I InputDispatcher: injectInputEvent: targetUid=<not set>, syncMode=WAIT_FOR_FINISHED, timeout=30000ms, policyFlags=0x8000000, event=MotionEvent { action=MOVE, id[0]=0, x[0]=900, y[0]=857.4, eventTime=57560000000, downTime=57434000000, deviceId=4, source=TOUCHSCREEN, displayId=0, eventId=0xd93f71ec}
07-29 14:58:32.680  4812  4812 I SystemUi--Keyguard: ScrimControllerExImp-->blur State to UNLOCK, bouncer=false changeFromBouncerScrim= false runnerUnlock= false goingAway=false hasHandle=true isOccludeAnimationPlaying=false
07-29 14:58:32.680  4812  4812 I SystemUi--Keyguard: ScrimControllerExImp-->blur State to UNLOCK, bouncer=false changeFromBouncerScrim= false runnerUnlock= false goingAway=false hasHandle=true isOccludeAnimationPlaying=false
07-29 14:58:32.688  4812  4812 I SystemUi--Keyguard: ScrimControllerExImp-->blur State to UNLOCK, bouncer=false changeFromBouncerScrim= false runnerUnlock= false goingAway=false hasHandle=true isOccludeAnimationPlaying=false
07-29 14:58:32.688  3333  4738 I InputDispatcher: injectInputEvent: targetUid=<not set>, syncMode=WAIT_FOR_FINISHED, timeout=30000ms, policyFlags=0x8000000, event=MotionEvent { action=MOVE, id[0]=0, x[0]=900, y[0]=909.934, eventTime=57568000000, downTime=57434000000, deviceId=4, source=TOUCHSCREEN, displayId=0, eventId=0xfcf651ad}
07-29 14:58:32.688  4812  4812 I SystemUi--Keyguard: ScrimControllerExImp-->blur State to UNLOCK, bouncer=false changeFromBouncerScrim= false runnerUnlock= false goingAway=false hasHandle=true isOccludeAnimationPlaying=false
07-29 14:58:32.696  4812  5370 I SystemUi--Statusbar: PrivacyDotViewController-->processNextViewState: 
07-29 14:58:32.696  4812  5370 I SystemUi--Statusbar: PrivacyDotViewController-->resolveState ViewState(viewInitialized=true, systemPrivacyEventIsActive=false, shadeExpanded=true, needShow=false, portraitRect=Rect(0, 0 - 1080, 120), landscapeRect=Rect(120, 0 - 2376, 120), upsideDownRect=Rect(0, 0 - 1080, 120), seascapeRect=Rect(0, 0 - 2244, 120), layoutRtl=false, rotation=0, paddingTop=14, paddingBottom=15, cornerIndex=1, designatedCorner=android.widget.FrameLayout{3b059f I.E...... ......ID 1032,0-1080,120 #7f0a09cd app:id/privacy_dot_top_right_container alpha=1.0 viewInfo = }, contentDescription=null, dotMargin=48)
07-29 14:58:32.697  1887  4910 I SnapAlloc: Using graphics libs for alignment calculations
07-29 14:58:32.697  4812  4812 I SystemUi--Keyguard: ScrimControllerExImp-->blur State to UNLOCK, bouncer=false changeFromBouncerScrim= false runnerUnlock= false goingAway=false hasHandle=true isOccludeAnimationPlaying=false
07-29 14:58:32.697  3333  4738 I InputDispatcher: injectInputEvent: targetUid=<not set>, syncMode=WAIT_FOR_FINISHED, timeout=30000ms, policyFlags=0x8000000, event=MotionEvent { action=MOVE, id[0]=0, x[0]=900, y[0]=962.467, eventTime=57576000000, downTime=57434000000, deviceId=4, source=TOUCHSCREEN, displayId=0, eventId=0xdac94627}
07-29 14:58:32.697  4812  4812 I SystemUi--Keyguard: ScrimControllerExImp-->blur State to UNLOCK, bouncer=false changeFromBouncerScrim= false runnerUnlock= false goingAway=false hasHandle=true isOccludeAnimationPlaying=false
07-29 14:58:32.700  3333  3766 D VRR [OPlusSAManager]: setSAConfig scene: VRR_90_120 modeId: 4 auto: true fakeFrame: true
07-29 14:58:32.700  3333  3766 D VRR [OPlusSAManager]: updateAutoMinfps with nits: 122.99399, mHistOK true, mAmbientOK true, mCctOK true, mIrOK true, mBrightnessOK true, isPkgOK true, SA min fps: 119
07-29 14:58:32.700  3333  3766 D VRR [OPlusSurfaceFlingerController]: setAutoMode enable: true fakeFrame: true fps: 119
07-29 14:58:32.700  2131  2394 I VRR-[OPlusAdfrUtil]: ADFR try set Auto mode with mode 1 fakeframe 1 min fps 119
07-29 14:58:32.700  2131  2394 D VRR-[OPlusRefreshRateSelector]: OSyncModes add size is 1.
07-29 14:58:32.700  2131  2394 I VRR-[OPlusRefreshRateSelector]: updateAutoMode success, display 0, mode 0, fakeframe 1, min fps: 1
07-29 14:58:32.700  2131  3610 D VRR-[OPlusRefreshRateSelector]: handleSetHWCOSync
07-29 14:58:32.700  2131  3610 D VRR-[OPlusRefreshRateSelector]: OSyncModes remaining size is 0.
07-29 14:58:32.700  2131  3610 D VRR-[OPlusRefreshRateSelector]: SetHWCOSync with 5CC08181
07-29 14:58:32.700  1889  1889 I SDM     : DisplayBuiltIn::SetQSyncMode: VRR + update qsync mode 0 minfps 00C08181
07-29 14:58:32.704  1889  2191 E SDM     : DRMConnector::Perform: Connector 67: Setting Qsync min fps 12616065
07-29 14:58:32.705  4812  4812 I SystemUi--Keyguard: ScrimControllerExImp-->blur State to UNLOCK, bouncer=false changeFromBouncerScrim= false runnerUnlock= false goingAway=false hasHandle=true isOccludeAnimationPlaying=false
07-29 14:58:32.705  3333  4738 I InputDispatcher: injectInputEvent: targetUid=<not set>, syncMode=WAIT_FOR_FINISHED, timeout=30000ms, policyFlags=0x8000000, event=MotionEvent { action=MOVE, id[0]=0, x[0]=900, y[0]=1021.57, eventTime=57585000000, downTime=57434000000, deviceId=4, source=TOUCHSCREEN, displayId=0, eventId=0xe2e3b25d}
07-29 14:58:32.705  4812  4812 I SystemUi--Keyguard: ScrimControllerExImp-->blur State to UNLOCK, bouncer=false changeFromBouncerScrim= false runnerUnlock= false goingAway=false hasHandle=true isOccludeAnimationPlaying=false
07-29 14:58:32.713  1887  4910 I SnapAlloc: Using graphics libs for alignment calculations
07-29 14:58:32.714  4812  4812 I SystemUi--Keyguard: ScrimControllerExImp-->blur State to UNLOCK, bouncer=false changeFromBouncerScrim= false runnerUnlock= false goingAway=false hasHandle=true isOccludeAnimationPlaying=false
07-29 14:58:32.714  3333  4738 I InputDispatcher: injectInputEvent: targetUid=<not set>, syncMode=WAIT_FOR_FINISHED, timeout=30000ms, policyFlags=0x8000000, event=MotionEvent { action=MOVE, id[0]=0, x[0]=900, y[0]=1074.1, eventTime=57593000000, downTime=57434000000, deviceId=4, source=TOUCHSCREEN, displayId=0, eventId=0xfb948374}
07-29 14:58:32.714  4812  4812 I SystemUi--Keyguard: ScrimControllerExImp-->blur State to UNLOCK, bouncer=false changeFromBouncerScrim= false runnerUnlock= false goingAway=false hasHandle=true isOccludeAnimationPlaying=false
07-29 14:58:32.721  4812  4812 I SystemUi--Keyguard: ScrimControllerExImp-->blur State to UNLOCK, bouncer=false changeFromBouncerScrim= false runnerUnlock= false goingAway=false hasHandle=true isOccludeAnimationPlaying=false
07-29 14:58:32.721  3333  4738 I InputDispatcher: injectInputEvent: targetUid=<not set>, syncMode=WAIT_FOR_FINISHED, timeout=30000ms, policyFlags=0x8000000, event=MotionEvent { action=MOVE, id[0]=0, x[0]=900, y[0]=1126.63, eventTime=57601000000, downTime=57434000000, deviceId=4, source=TOUCHSCREEN, displayId=0, eventId=0xdd30470e}
07-29 14:58:32.722  4812  4812 I SystemUi--Keyguard: ScrimControllerExImp-->blur State to UNLOCK, bouncer=false changeFromBouncerScrim= false runnerUnlock= false goingAway=false hasHandle=true isOccludeAnimationPlaying=false
07-29 14:58:32.730  1887  4910 I SnapAlloc: Using graphics libs for alignment calculations
07-29 14:58:32.730  4812  4812 I SystemUi--Keyguard: ScrimControllerExImp-->blur State to UNLOCK, bouncer=false changeFromBouncerScrim= false runnerUnlock= false goingAway=false hasHandle=true isOccludeAnimationPlaying=false
07-29 14:58:32.730  3333  4738 I InputDispatcher: injectInputEvent: targetUid=<not set>, syncMode=WAIT_FOR_FINISHED, timeout=30000ms, policyFlags=0x8000000, event=MotionEvent { action=MOVE, id[0]=0, x[0]=900, y[0]=1185.73, eventTime=57610000000, downTime=57434000000, deviceId=4, source=TOUCHSCREEN, displayId=0, eventId=0xc42d459c}
07-29 14:58:32.731  4812  4812 I SystemUi--Keyguard: ScrimControllerExImp-->blur State to UNLOCK, bouncer=false changeFromBouncerScrim= false runnerUnlock= false goingAway=false hasHandle=true isOccludeAnimationPlaying=false
07-29 14:58:32.738  4812  4812 I SystemUi--Keyguard: ScrimControllerExImp-->blur State to UNLOCK, bouncer=false changeFromBouncerScrim= false runnerUnlock= false goingAway=false hasHandle=true isOccludeAnimationPlaying=false
07-29 14:58:32.738  3333  4738 I InputDispatcher: injectInputEvent: targetUid=<not set>, syncMode=WAIT_FOR_FINISHED, timeout=30000ms, policyFlags=0x8000000, event=MotionEvent { action=MOVE, id[0]=0, x[0]=900, y[0]=1238.27, eventTime=57618000000, downTime=57434000000, deviceId=4, source=TOUCHSCREEN, displayId=0, eventId=0xf07670dd}
07-29 14:58:32.738  4812  4812 I SystemUi--Keyguard: ScrimControllerExImp-->blur State to UNLOCK, bouncer=false changeFromBouncerScrim= false runnerUnlock= false goingAway=false hasHandle=true isOccludeAnimationPlaying=false
07-29 14:58:32.746  1887  4910 I SnapAlloc: Using graphics libs for alignment calculations
07-29 14:58:32.746  4812  4812 I SystemUi--Keyguard: ScrimControllerExImp-->blur State to UNLOCK, bouncer=false changeFromBouncerScrim= false runnerUnlock= false goingAway=false hasHandle=true isOccludeAnimationPlaying=false
07-29 14:58:32.747  3333  4738 I InputDispatcher: injectInputEvent: targetUid=<not set>, syncMode=WAIT_FOR_FINISHED, timeout=30000ms, policyFlags=0x8000000, event=MotionEvent { action=MOVE, id[0]=0, x[0]=900, y[0]=1290.8, eventTime=57626000000, downTime=57434000000, deviceId=4, source=TOUCHSCREEN, displayId=0, eventId=0xc39631af}
07-29 14:58:32.747  4812  4812 I SystemUi--Keyguard: ScrimControllerExImp-->blur State to UNLOCK, bouncer=false changeFromBouncerScrim= false runnerUnlock= false goingAway=false hasHandle=true isOccludeAnimationPlaying=false
07-29 14:58:32.749  4812  5519 D HWUI    : OplusRenderNodeAnimator end!
07-29 14:58:32.750  4812  5519 D HWUI    : OplusRenderNodeAnimator end!
07-29 14:58:32.750  4812  5519 D HWUI    : OplusRenderNodeAnimator end!
07-29 14:58:32.750  4812  5519 D HWUI    : OplusRenderNodeAnimator end!
07-29 14:58:32.750  4812  4812 I SystemUi--Statusbar: CollapsedStatusBarFragmentExImpl-->animateHiddenState onAnimationEnd v:com.oplus.systemui.statusbar.widget.EndSideContentLayout{a2b5ed8 V.E...... ........ 172,0-440,91 #7f0a0c16 app:id/status_bar_end_side_content alpha=1.0 viewInfo = }  v alpha:1.0 v render alpha:0.0 animateAlpha=0.0
07-29 14:58:32.750  4812  4812 I SystemUi--Statusbar: CollapsedStatusBarFragmentExImpl-->animateHiddenState onAnimationEnd v:com.android.keyguard.AlphaOptimizedLinearLayout{ca096c4 V.E...... ........ 0,0-48,91 alpha=1.0 viewInfo = }  v alpha:1.0 v render alpha:0.0 animateAlpha=0.0
07-29 14:58:32.750  4812  4812 I SystemUi--Statusbar: CollapsedStatusBarFragmentExImpl-->animateHiddenState onAnimationEnd v:com.oplus.systemui.statusbar.seeding.CapsulePluginContainer{5603150 V.E...... ........ 0,0-1080,120 #7f0a0b3b app:id/seeding_card_container alpha=1.0 viewInfo = }  v alpha:1.0 v render alpha:0.0 animateAlpha=0.0
07-29 14:58:32.750  4812  4812 I SystemUi--Statusbar: CollapsedStatusBarFragmentExImpl-->animateHiddenState onAnimationEnd v:com.oplus.systemui.statusbar.widget.StatClock{176f629 V.ED..... ........ 0,0-129,91 #7f0a02b9 app:id/clock alpha=1.0 viewInfo = }  v alpha:1.0 v render alpha:0.0 animateAlpha=0.0
07-29 14:58:32.755  4812  4812 I SystemUi--Keyguard: ScrimControllerExImp-->blur State to UNLOCK, bouncer=false changeFromBouncerScrim= false runnerUnlock= false goingAway=false hasHandle=true isOccludeAnimationPlaying=false
07-29 14:58:32.755  3333  4738 I InputDispatcher: injectInputEvent: targetUid=<not set>, syncMode=WAIT_FOR_FINISHED, timeout=30000ms, policyFlags=0x8000000, event=MotionEvent { action=MOVE, id[0]=0, x[0]=900, y[0]=1349.9, eventTime=57635000000, downTime=57434000000, deviceId=4, source=TOUCHSCREEN, displayId=0, eventId=0xcd7242c1}
07-29 14:58:32.755  4812  4812 I SystemUi--Keyguard: ScrimControllerExImp-->blur State to UNLOCK, bouncer=false changeFromBouncerScrim= false runnerUnlock= false goingAway=false hasHandle=true isOccludeAnimationPlaying=false
07-29 14:58:32.762  4812  4812 I SystemUi--QuickSettings: QsLottieUtils-->getLottieAnimFile : qs/qs_location_lottie_active_sep_dual_light.json
07-29 14:58:32.763  1887  4910 I SnapAlloc: Using graphics libs for alignment calculations
07-29 14:58:32.765  4812  4812 I SystemUi--QuickSettings: QsLottieUtils-->getLottieAnimFile : qs/qs_nfc_lottie_active_sep_dual_light.json
07-29 14:58:32.766  4812 13048 W LOG_Effective: Effective doesn't support layer effects. If you are using them for  fills, strokes, trim paths etc. then try adding them directly as contents  in your shape. Found: [Slider Control]
07-29 14:58:32.766  4812  4812 I SystemUi--Keyguard: ScrimControllerExImp-->blur State to UNLOCK, bouncer=false changeFromBouncerScrim= false runnerUnlock= false goingAway=false hasHandle=true isOccludeAnimationPlaying=false
07-29 14:58:32.766  3333  4738 I InputDispatcher: injectInputEvent: targetUid=<not set>, syncMode=WAIT_FOR_FINISHED, timeout=30000ms, policyFlags=0x8000000, event=MotionEvent { action=MOVE, id[0]=0, x[0]=900, y[0]=1422.13, eventTime=57646000000, downTime=57434000000, deviceId=4, source=TOUCHSCREEN, displayId=0, eventId=0xe5535d0f}
07-29 14:58:32.766  4812 13048 W LOG_Effective: Animation contains merge paths. Merge paths are only supported on KitKat+ and must be manually enabled by calling enableMergePathsForKitKatAndAbove().
07-29 14:58:32.766  4812  4812 I SystemUi--Keyguard: ScrimControllerExImp-->blur State to UNLOCK, bouncer=false changeFromBouncerScrim= false runnerUnlock= false goingAway=false hasHandle=true isOccludeAnimationPlaying=false
07-29 14:58:32.766  3333  3756 D PowerManagerService: userActivityNoUpdateLocked: groupId=0, eventTime=57646, event=touch, flags=0x0, uid=1000
07-29 14:58:32.770  4812  4812 W LOG_Effective: Animation contains merge paths but they are disabled.
07-29 14:58:32.771  4812  4812 I SystemUi--Keyguard: ScrimControllerExImp-->blur State to UNLOCK, bouncer=false changeFromBouncerScrim= false runnerUnlock= false goingAway=false hasHandle=true isOccludeAnimationPlaying=false
07-29 14:58:32.771  3333  4738 I InputDispatcher: injectInputEvent: targetUid=<not set>, syncMode=WAIT_FOR_FINISHED, timeout=30000ms, policyFlags=0x8000000, event=MotionEvent { action=MOVE, id[0]=0, x[0]=900, y[0]=1454.97, eventTime=57651000000, downTime=57434000000, deviceId=4, source=TOUCHSCREEN, displayId=0, eventId=0xfac6b977}
07-29 14:58:32.771  4812  4812 I SystemUi--Keyguard: ScrimControllerExImp-->blur State to UNLOCK, bouncer=false changeFromBouncerScrim= false runnerUnlock= false goingAway=false hasHandle=true isOccludeAnimationPlaying=false
07-29 14:58:32.779  4812  4812 I SystemUi--Keyguard: ScrimControllerExImp-->blur State to UNLOCK, bouncer=false changeFromBouncerScrim= false runnerUnlock= false goingAway=false hasHandle=true isOccludeAnimationPlaying=false
07-29 14:58:32.780  1887  4910 I SnapAlloc: Using graphics libs for alignment calculations
07-29 14:58:32.780  3333  4738 I InputDispatcher: injectInputEvent: targetUid=<not set>, syncMode=WAIT_FOR_FINISHED, timeout=30000ms, policyFlags=0x8000000, event=MotionEvent { action=MOVE, id[0]=0, x[0]=900, y[0]=1507.5, eventTime=57659000000, downTime=57434000000, deviceId=4, source=TOUCHSCREEN, displayId=0, eventId=0xefd1bc6a}
07-29 14:58:32.780  4812  4812 I SystemUi--Keyguard: ScrimControllerExImp-->blur State to UNLOCK, bouncer=false changeFromBouncerScrim= false runnerUnlock= false goingAway=false hasHandle=true isOccludeAnimationPlaying=false
07-29 14:58:32.788  4812  4812 I SystemUi--Keyguard: ScrimControllerExImp-->blur State to UNLOCK, bouncer=false changeFromBouncerScrim= false runnerUnlock= false goingAway=false hasHandle=true isOccludeAnimationPlaying=false
07-29 14:58:32.788  3333  4738 I InputDispatcher: injectInputEvent: targetUid=<not set>, syncMode=WAIT_FOR_FINISHED, timeout=30000ms, policyFlags=0x8000000, event=MotionEvent { action=MOVE, id[0]=0, x[0]=900, y[0]=1566.6, eventTime=57668000000, downTime=57434000000, deviceId=4, source=TOUCHSCREEN, displayId=0, eventId=0xcf0be1cc}
07-29 14:58:32.788  4812  4812 I SystemUi--Keyguard: ScrimControllerExImp-->blur State to UNLOCK, bouncer=false changeFromBouncerScrim= false runnerUnlock= false goingAway=false hasHandle=true isOccludeAnimationPlaying=false
07-29 14:58:32.796  1887  4910 I SnapAlloc: Using graphics libs for alignment calculations
07-29 14:58:32.797  4812  4812 I SystemUi--Keyguard: ScrimControllerExImp-->blur State to UNLOCK, bouncer=false changeFromBouncerScrim= false runnerUnlock= false goingAway=false hasHandle=true isOccludeAnimationPlaying=false
07-29 14:58:32.797  4812  4812 I SystemUi--Keyguard: ScrimControllerExImp-->blur State to UNLOCK, bouncer=false changeFromBouncerScrim= false runnerUnlock= false goingAway=false hasHandle=true isOccludeAnimationPlaying=false
07-29 14:58:32.797  3333  4738 I InputDispatcher: injectInputEvent: targetUid=<not set>, syncMode=WAIT_FOR_FINISHED, timeout=30000ms, policyFlags=0x8000000, event=MotionEvent { action=MOVE, id[0]=0, x[0]=900, y[0]=1625.7, eventTime=57677000000, downTime=57434000000, deviceId=4, source=TOUCHSCREEN, displayId=0, eventId=0xce2475da}
07-29 14:58:32.805  3333  4738 I InputDispatcher: injectInputEvent: targetUid=<not set>, syncMode=WAIT_FOR_FINISHED, timeout=30000ms, policyFlags=0x8000000, event=MotionEvent { action=MOVE, id[0]=0, x[0]=900, y[0]=1678.23, eventTime=57685000000, downTime=57434000000, deviceId=4, source=TOUCHSCREEN, displayId=0, eventId=0xdfd95c56}
07-29 14:58:32.805  4812  4812 I SystemUi--Keyguard: ScrimControllerExImp-->blur State to UNLOCK, bouncer=false changeFromBouncerScrim= false runnerUnlock= false goingAway=false hasHandle=true isOccludeAnimationPlaying=false
07-29 14:58:32.805  4812  4812 I SystemUi--Keyguard: ScrimControllerExImp-->blur State to UNLOCK, bouncer=false changeFromBouncerScrim= false runnerUnlock= false goingAway=false hasHandle=true isOccludeAnimationPlaying=false
07-29 14:58:32.813  1887  4910 I SnapAlloc: Using graphics libs for alignment calculations
07-29 14:58:32.813  4812  4812 I SystemUi--Keyguard: ScrimControllerExImp-->blur State to UNLOCK, bouncer=false changeFromBouncerScrim= false runnerUnlock= false goingAway=false hasHandle=true isOccludeAnimationPlaying=false
07-29 14:58:32.813  4812  4812 I SystemUi--Keyguard: ScrimControllerExImp-->blur State to UNLOCK, bouncer=false changeFromBouncerScrim= false runnerUnlock= false goingAway=false hasHandle=true isOccludeAnimationPlaying=false
07-29 14:58:32.813  3333  4738 I InputDispatcher: injectInputEvent: targetUid=<not set>, syncMode=WAIT_FOR_FINISHED, timeout=30000ms, policyFlags=0x8000000, event=MotionEvent { action=MOVE, id[0]=0, x[0]=900, y[0]=1730.77, eventTime=57693000000, downTime=57434000000, deviceId=4, source=TOUCHSCREEN, displayId=0, eventId=0xd1890539}
07-29 14:58:32.821  4812  4812 I SystemUi--Keyguard: ScrimControllerExImp-->blur State to UNLOCK, bouncer=false changeFromBouncerScrim= false runnerUnlock= false goingAway=false hasHandle=true isOccludeAnimationPlaying=false
07-29 14:58:32.822  3333  4738 I InputDispatcher: injectInputEvent: targetUid=<not set>, syncMode=WAIT_FOR_FINISHED, timeout=30000ms, policyFlags=0x8000000, event=MotionEvent { action=MOVE, id[0]=0, x[0]=900, y[0]=1783.3, eventTime=57701000000, downTime=57434000000, deviceId=4, source=TOUCHSCREEN, displayId=0, eventId=0xddf26c71}
07-29 14:58:32.822  4812  4812 I SystemUi--Keyguard: ScrimControllerExImp-->blur State to UNLOCK, bouncer=false changeFromBouncerScrim= false runnerUnlock= false goingAway=false hasHandle=true isOccludeAnimationPlaying=false
07-29 14:58:32.830  1887  4910 I SnapAlloc: Using graphics libs for alignment calculations
07-29 14:58:32.830  4812  4812 I SystemUi--Keyguard: ScrimControllerExImp-->blur State to UNLOCK, bouncer=false changeFromBouncerScrim= false runnerUnlock= false goingAway=false hasHandle=true isOccludeAnimationPlaying=false
07-29 14:58:32.830  3333  4738 I InputDispatcher: injectInputEvent: targetUid=<not set>, syncMode=WAIT_FOR_FINISHED, timeout=30000ms, policyFlags=0x8000000, event=MotionEvent { action=MOVE, id[0]=0, x[0]=900, y[0]=1842.4, eventTime=57710000000, downTime=57434000000, deviceId=4, source=TOUCHSCREEN, displayId=0, eventId=0xdac197f3}
07-29 14:58:32.831  4812  4812 I SystemUi--Keyguard: ScrimControllerExImp-->blur State to UNLOCK, bouncer=false changeFromBouncerScrim= false runnerUnlock= false goingAway=false hasHandle=true isOccludeAnimationPlaying=false
07-29 14:58:32.838  4812  4812 I SystemUi--Keyguard: ScrimControllerExImp-->blur State to UNLOCK, bouncer=false changeFromBouncerScrim= false runnerUnlock= false goingAway=false hasHandle=true isOccludeAnimationPlaying=false
07-29 14:58:32.838  3333  4738 I InputDispatcher: injectInputEvent: targetUid=<not set>, syncMode=WAIT_FOR_FINISHED, timeout=30000ms, policyFlags=0x8000000, event=MotionEvent { action=MOVE, id[0]=0, x[0]=900, y[0]=1894.93, eventTime=57718000000, downTime=57434000000, deviceId=4, source=TOUCHSCREEN, displayId=0, eventId=0xdcf064c8}
07-29 14:58:32.838  4812  4812 I SystemUi--Keyguard: ScrimControllerExImp-->blur State to UNLOCK, bouncer=false changeFromBouncerScrim= false runnerUnlock= false goingAway=false hasHandle=true isOccludeAnimationPlaying=false
07-29 14:58:32.846  1887  4910 I SnapAlloc: Using graphics libs for alignment calculations
07-29 14:58:32.846  4812  4812 I SystemUi--Keyguard: ScrimControllerExImp-->blur State to UNLOCK, bouncer=false changeFromBouncerScrim= false runnerUnlock= false goingAway=false hasHandle=true isOccludeAnimationPlaying=false
07-29 14:58:32.846  4812  4812 I SystemUi--Keyguard: ScrimControllerExImp-->blur State to UNLOCK, bouncer=false changeFromBouncerScrim= false runnerUnlock= false goingAway=false hasHandle=true isOccludeAnimationPlaying=false
07-29 14:58:32.847  3333  4738 I InputDispatcher: injectInputEvent: targetUid=<not set>, syncMode=WAIT_FOR_FINISHED, timeout=30000ms, policyFlags=0x8000000, event=MotionEvent { action=MOVE, id[0]=0, x[0]=900, y[0]=1947.47, eventTime=57726000000, downTime=57434000000, deviceId=4, source=TOUCHSCREEN, displayId=0, eventId=0xdd3147cc}
07-29 14:58:32.852  1969  1969 D SensorFeature: name=ssc_screenshot_info ,index = 22
07-29 14:58:32.853  1969  1969 D SensorFeature: write 29 bytes:57723850602,57732183935,157,0
07-29 14:58:32.854  4812  4812 I SystemUi--Keyguard: ScrimControllerExImp-->blur State to UNLOCK, bouncer=false changeFromBouncerScrim= false runnerUnlock= false goingAway=false hasHandle=true isOccludeAnimationPlaying=false
07-29 14:58:32.854  3333  4738 I InputDispatcher: injectInputEvent: targetUid=<not set>, syncMode=WAIT_FOR_FINISHED, timeout=30000ms, policyFlags=0x8000000, event=MotionEvent { action=UP, id[0]=0, x[0]=900, y[0]=2000, eventTime=57734000000, downTime=57434000000, deviceId=4, source=TOUCHSCREEN, displayId=0, eventId=0xfa308349}
07-29 14:58:32.855  4812  4812 I SystemUi--Keyguard: ScrimControllerExImp-->blur State to UNLOCK, bouncer=false changeFromBouncerScrim= false runnerUnlock= false goingAway=false hasHandle=true isOccludeAnimationPlaying=false
07-29 14:58:32.855  3333  4783 D UAH-UahAdaptHelper: adaptSetNotification identity = OplusUAwareInputHelpersrc = 1000 , type 1 ,p1 = -1 ,p2 = -1 ,p3 = -1 ,p4 =
07-29 14:58:32.855  3333  4783 I [UAH_CLIENT]: uahRuleCtl, ruleId:1000, status:1
07-29 14:58:32.855  3333  4783 I [UAH_CLIENT]: UahRelease, handle:41
07-29 14:58:32.855  3333  4356 D OplusViewDebugManager: OplusViewDebugManager Constructor android.view.debug.OplusViewDebugManager@37cb951 [mHasViewDebugProperty true] [mHasMsgDebugProperty false] [DEBUG false] [EXTRAINFOENABLE false] [LIGHT_OS false]
07-29 14:58:32.855  3333  4783 I [UAH_CLIENT]: UahEventAcquire, cmdid:6, pkg:none, identity:OplusUAwareInputHelper
07-29 14:58:32.855  3333  4356 D OplusViewDebugManager: OplusViewDebugManager Constructor android.view.debug.OplusViewDebugManager@237c5b6 [mHasViewDebugProperty true] [mHasMsgDebugProperty false] [DEBUG false] [EXTRAINFOENABLE false] [LIGHT_OS false]
07-29 14:58:32.856  4812  4812 I SystemUi--Statusbar: OplusStatusBarWindowViewTouchExImpl-->onTouchEvent handled:false
07-29 14:58:32.856  4812  4812 I SystemUi--QuickSettings: OplusPanelViewPagerController-->reset
07-29 14:58:32.856  4812  4812 I SystemUi--QuickSettings: OplusPanelViewPagerController-->reset
07-29 14:58:32.856  4812  5400 I [UAH_CLIENT]: UahRelease, handle:40
07-29 14:58:32.856  4812  4812 I SystemUi--QuickSettings: OplusQSRootViewController-->endMotionEvent, expand: true, vel: 6566.6504, vectorVel: 6566.6504  isClosing=false panelClosedOnDown=true canSlideHToQSOnStatusBar=true
07-29 14:58:32.856  4812  4812 I SystemUi--QuickSettings: OplusQSRootViewController-->fling qs, expand: true, vel: 6566.6504
07-29 14:58:32.857  4812  4812 I SystemUi--QuickSettings: QSPanelExpandFraction-->animateExpanded, isExpanded=true, (0.9666985 -> 1.0), lastFinalPosition=1.0
07-29 14:58:32.857  4812  4812 I SystemUi--QuickSettings: QSPanelTranslationY-->animateExpandTranslationY, isExpanded=true, threshold=156.0
07-29 14:58:32.857  4812  5400 I [UAH_CLIENT]: UahEventAcquire, cmdid:97, pkg:none, identity:OsenseHelperImpl
07-29 14:58:32.857  4812  4812 I SystemUi--QuickSettings: QSPanelAnimatorManager-->startRebound
07-29 14:58:32.857  4812  4812 I SystemUi--QuickSettings: OplusPanelViewPagerController-->notifySeparateQSEndMotionEvent currentNotifyFraction=0.0  fraction=0.9666985 notifyExpandedFraction=0.0 fractionListeners.size=0
07-29 14:58:32.857  4812  4812 I SystemUi--QuickSettings: OplusQSRootViewController-->resetTouch
07-29 14:58:32.857  4812  4812 D OplusViewDragTouchViewHelper: dispatchTouchView action = 1
07-29 14:58:32.857  4812  4812 D OplusViewDragTouchViewHelper: dispatchTouchView action = 1
07-29 14:58:32.857  4812  4812 D OplusViewDragTouchViewHelper: dispatchTouchView action = 1
07-29 14:58:32.858  1913  1947 I [UAH_CLIENT]: UahPlatformResAcquire
07-29 14:58:32.858  1913  1947 I [UAH_CLIENT]: UahEventAcquire, cmdid:-3, pkg:1913 6766, identity:qcom-perfd
07-29 14:58:32.859  1913  1947 E PERFHAL-RESOURCEQS: PERFHAL-RESOURCEQS: AddAndApply() 130: Resource with major=18, minor=30 not supported
07-29 14:58:32.859  1913  1947 E PERFHAL-RESOURCEQS: PERFHAL-RESOURCEQS: AddAndApply() 130: Resource with major=18, minor=31 not supported
07-29 14:58:32.862  4812  4812 I SystemUi--Keyguard: ScrimControllerExImp-->blur State to UNLOCK, bouncer=false changeFromBouncerScrim= false runnerUnlock= false goingAway=false hasHandle=true isOccludeAnimationPlaying=false
07-29 14:58:32.863  1887  4910 I SnapAlloc: Using graphics libs for alignment calculations
07-29 14:58:32.863  4812  4812 I SystemUi--Keyguard: ScrimControllerExImp-->blur State to UNLOCK, bouncer=false changeFromBouncerScrim= false runnerUnlock= false goingAway=false hasHandle=true isOccludeAnimationPlaying=false
07-29 14:58:32.871  4812  4812 I SystemUi--Keyguard: ScrimControllerExImp-->blur State to UNLOCK, bouncer=false changeFromBouncerScrim= false runnerUnlock= false goingAway=false hasHandle=true isOccludeAnimationPlaying=false
07-29 14:58:32.871  4812  4812 I SystemUi--Keyguard: ScrimControllerExImp-->blur State to UNLOCK, bouncer=false changeFromBouncerScrim= false runnerUnlock= false goingAway=false hasHandle=true isOccludeAnimationPlaying=false
07-29 14:58:32.879  4812  4812 I SystemUi--Keyguard: ScrimControllerExImp-->blur State to UNLOCK, bouncer=false changeFromBouncerScrim= false runnerUnlock= false goingAway=false hasHandle=true isOccludeAnimationPlaying=false
07-29 14:58:32.879  1887  4910 I SnapAlloc: Using graphics libs for alignment calculations
07-29 14:58:32.879  4812  4812 I SystemUi--Keyguard: ScrimControllerExImp-->blur State to UNLOCK, bouncer=false changeFromBouncerScrim= false runnerUnlock= false goingAway=false hasHandle=true isOccludeAnimationPlaying=false
07-29 14:58:32.887  4812  4812 I SystemUi--Keyguard: ScrimControllerExImp-->blur State to UNLOCK, bouncer=false changeFromBouncerScrim= false runnerUnlock= false goingAway=false hasHandle=true isOccludeAnimationPlaying=false
07-29 14:58:32.888  4812  4812 I SystemUi--Keyguard: ScrimControllerExImp-->blur State to UNLOCK, bouncer=false changeFromBouncerScrim= false runnerUnlock= false goingAway=false hasHandle=true isOccludeAnimationPlaying=false
07-29 14:58:32.896  4812  4812 I SystemUi--Keyguard: ScrimControllerExImp-->blur State to UNLOCK, bouncer=false changeFromBouncerScrim= false runnerUnlock= false goingAway=false hasHandle=true isOccludeAnimationPlaying=false
07-29 14:58:32.896  1887  4910 I SnapAlloc: Using graphics libs for alignment calculations
07-29 14:58:32.896  4812  4812 I SystemUi--Keyguard: ScrimControllerExImp-->blur State to UNLOCK, bouncer=false changeFromBouncerScrim= false runnerUnlock= false goingAway=false hasHandle=true isOccludeAnimationPlaying=false
07-29 14:58:32.904  4812  4812 I SystemUi--Keyguard: ScrimControllerExImp-->blur State to UNLOCK, bouncer=false changeFromBouncerScrim= false runnerUnlock= false goingAway=false hasHandle=true isOccludeAnimationPlaying=false
07-29 14:58:32.904  4812  4812 I SystemUi--Keyguard: ScrimControllerExImp-->blur State to UNLOCK, bouncer=false changeFromBouncerScrim= false runnerUnlock= false goingAway=false hasHandle=true isOccludeAnimationPlaying=false
07-29 14:58:32.912  4812  4812 I SystemUi--Keyguard: ScrimControllerExImp-->blur State to UNLOCK, bouncer=false changeFromBouncerScrim= false runnerUnlock= false goingAway=false hasHandle=true isOccludeAnimationPlaying=false
07-29 14:58:32.912  1887  4910 I SnapAlloc: Using graphics libs for alignment calculations
07-29 14:58:32.913  4812  4812 I SystemUi--Keyguard: ScrimControllerExImp-->blur State to UNLOCK, bouncer=false changeFromBouncerScrim= false runnerUnlock= false goingAway=false hasHandle=true isOccludeAnimationPlaying=false
07-29 14:58:32.921  4812  4812 I SystemUi--Keyguard: ScrimControllerExImp-->blur State to UNLOCK, bouncer=false changeFromBouncerScrim= false runnerUnlock= false goingAway=false hasHandle=true isOccludeAnimationPlaying=false
07-29 14:58:32.921  4812  4812 I SystemUi--Keyguard: ScrimControllerExImp-->blur State to UNLOCK, bouncer=false changeFromBouncerScrim= false runnerUnlock= false goingAway=false hasHandle=true isOccludeAnimationPlaying=false
07-29 14:58:32.929  4812  4812 I SystemUi--Keyguard: ScrimControllerExImp-->blur State to UNLOCK, bouncer=false changeFromBouncerScrim= false runnerUnlock= false goingAway=false hasHandle=true isOccludeAnimationPlaying=false
07-29 14:58:32.929  1887  4910 I SnapAlloc: Using graphics libs for alignment calculations
07-29 14:58:32.929  4812  4812 I SystemUi--Keyguard: ScrimControllerExImp-->blur State to UNLOCK, bouncer=false changeFromBouncerScrim= false runnerUnlock= false goingAway=false hasHandle=true isOccludeAnimationPlaying=false
07-29 14:58:32.937  4812  4812 I SystemUi--Keyguard: ScrimControllerExImp-->blur State to UNLOCK, bouncer=false changeFromBouncerScrim= false runnerUnlock= false goingAway=false hasHandle=true isOccludeAnimationPlaying=false
07-29 14:58:32.938  4812  4812 I SystemUi--Keyguard: ScrimControllerExImp-->blur State to UNLOCK, bouncer=false changeFromBouncerScrim= false runnerUnlock= false goingAway=false hasHandle=true isOccludeAnimationPlaying=false
07-29 14:58:32.945  4812  4812 I SystemUi--Keyguard: ScrimControllerExImp-->blur State to UNLOCK, bouncer=false changeFromBouncerScrim= false runnerUnlock= false goingAway=false hasHandle=true isOccludeAnimationPlaying=false
07-29 14:58:32.946  1887  4910 I SnapAlloc: Using graphics libs for alignment calculations
07-29 14:58:32.946  4812  4812 I SystemUi--Keyguard: ScrimControllerExImp-->blur State to UNLOCK, bouncer=false changeFromBouncerScrim= false runnerUnlock= false goingAway=false hasHandle=true isOccludeAnimationPlaying=false
07-29 14:58:32.954  4812  4812 I SystemUi--Keyguard: ScrimControllerExImp-->blur State to UNLOCK, bouncer=false changeFromBouncerScrim= false runnerUnlock= false goingAway=false hasHandle=true isOccludeAnimationPlaying=false
07-29 14:58:32.954  4812  4812 I SystemUi--Keyguard: ScrimControllerExImp-->blur State to UNLOCK, bouncer=false changeFromBouncerScrim= false runnerUnlock= false goingAway=false hasHandle=true isOccludeAnimationPlaying=false
07-29 14:58:32.962  4812  4812 I SystemUi--Keyguard: ScrimControllerExImp-->blur State to UNLOCK, bouncer=false changeFromBouncerScrim= false runnerUnlock= false goingAway=false hasHandle=true isOccludeAnimationPlaying=false
07-29 14:58:32.962  1887  4910 I SnapAlloc: Using graphics libs for alignment calculations
07-29 14:58:32.962  4812  4812 I SystemUi--Keyguard: ScrimControllerExImp-->blur State to UNLOCK, bouncer=false changeFromBouncerScrim= false runnerUnlock= false goingAway=false hasHandle=true isOccludeAnimationPlaying=false
07-29 14:58:32.970  4812  4812 I SystemUi--Keyguard: ScrimControllerExImp-->blur State to UNLOCK, bouncer=false changeFromBouncerScrim= false runnerUnlock= false goingAway=false hasHandle=true isOccludeAnimationPlaying=false
07-29 14:58:32.971  4812  4812 I SystemUi--Keyguard: ScrimControllerExImp-->blur State to UNLOCK, bouncer=false changeFromBouncerScrim= false runnerUnlock= false goingAway=false hasHandle=true isOccludeAnimationPlaying=false
07-29 14:58:32.979  4812  4812 I SystemUi--Keyguard: ScrimControllerExImp-->blur State to UNLOCK, bouncer=false changeFromBouncerScrim= false runnerUnlock= false goingAway=false hasHandle=true isOccludeAnimationPlaying=false
07-29 14:58:32.979  4812  4812 I SystemUi--Keyguard: ScrimControllerExImp-->blur State to UNLOCK, bouncer=false changeFromBouncerScrim= false runnerUnlock= false goingAway=false hasHandle=true isOccludeAnimationPlaying=false
07-29 14:58:32.979  1887  4910 I SnapAlloc: Using graphics libs for alignment calculations
07-29 14:58:32.987  4812  4812 I SystemUi--Keyguard: ScrimControllerExImp-->blur State to UNLOCK, bouncer=false changeFromBouncerScrim= false runnerUnlock= false goingAway=false hasHandle=true isOccludeAnimationPlaying=false
07-29 14:58:32.987  4812  4812 I SystemUi--Keyguard: ScrimControllerExImp-->blur State to UNLOCK, bouncer=false changeFromBouncerScrim= false runnerUnlock= false goingAway=false hasHandle=true isOccludeAnimationPlaying=false
07-29 14:58:32.995  4812  4812 I SystemUi--Keyguard: ScrimControllerExImp-->blur State to UNLOCK, bouncer=false changeFromBouncerScrim= false runnerUnlock= false goingAway=false hasHandle=true isOccludeAnimationPlaying=false
07-29 14:58:32.995  1887  4910 I SnapAlloc: Using graphics libs for alignment calculations
07-29 14:58:32.995  4812  4812 I SystemUi--Keyguard: ScrimControllerExImp-->blur State to UNLOCK, bouncer=false changeFromBouncerScrim= false runnerUnlock= false goingAway=false hasHandle=true isOccludeAnimationPlaying=false
07-29 14:58:33.004  4812  4812 I SystemUi--Keyguard: ScrimControllerExImp-->blur State to UNLOCK, bouncer=false changeFromBouncerScrim= false runnerUnlock= false goingAway=false hasHandle=true isOccludeAnimationPlaying=false
07-29 14:58:33.004  4812  4812 I SystemUi--Keyguard: ScrimControllerExImp-->blur State to UNLOCK, bouncer=false changeFromBouncerScrim= false runnerUnlock= false goingAway=false hasHandle=true isOccludeAnimationPlaying=false
07-29 14:58:33.012  4812  4812 I SystemUi--Keyguard: ScrimControllerExImp-->blur State to UNLOCK, bouncer=false changeFromBouncerScrim= false runnerUnlock= false goingAway=false hasHandle=true isOccludeAnimationPlaying=false
07-29 14:58:33.012  1887  4910 I SnapAlloc: Using graphics libs for alignment calculations
07-29 14:58:33.012  4812  4812 I SystemUi--Keyguard: ScrimControllerExImp-->blur State to UNLOCK, bouncer=false changeFromBouncerScrim= false runnerUnlock= false goingAway=false hasHandle=true isOccludeAnimationPlaying=false
07-29 14:58:33.020  4812  4812 I SystemUi--Keyguard: ScrimControllerExImp-->blur State to UNLOCK, bouncer=false changeFromBouncerScrim= false runnerUnlock= false goingAway=false hasHandle=true isOccludeAnimationPlaying=false
07-29 14:58:33.020  4812  4812 I SystemUi--Keyguard: ScrimControllerExImp-->blur State to UNLOCK, bouncer=false changeFromBouncerScrim= false runnerUnlock= false goingAway=false hasHandle=true isOccludeAnimationPlaying=false
07-29 14:58:33.028  4812  4812 I SystemUi--Keyguard: ScrimControllerExImp-->blur State to UNLOCK, bouncer=false changeFromBouncerScrim= false runnerUnlock= false goingAway=false hasHandle=true isOccludeAnimationPlaying=false
07-29 14:58:33.029  1887  4910 I SnapAlloc: Using graphics libs for alignment calculations
07-29 14:58:33.029  4812  4812 I SystemUi--Keyguard: ScrimControllerExImp-->blur State to UNLOCK, bouncer=false changeFromBouncerScrim= false runnerUnlock= false goingAway=false hasHandle=true isOccludeAnimationPlaying=false
07-29 14:58:33.037  4812  4812 I SystemUi--Keyguard: ScrimControllerExImp-->blur State to UNLOCK, bouncer=false changeFromBouncerScrim= false runnerUnlock= false goingAway=false hasHandle=true isOccludeAnimationPlaying=false
07-29 14:58:33.037  4812  4812 I SystemUi--Keyguard: ScrimControllerExImp-->blur State to UNLOCK, bouncer=false changeFromBouncerScrim= false runnerUnlock= false goingAway=false hasHandle=true isOccludeAnimationPlaying=false
07-29 14:58:33.045  4812  4812 I SystemUi--Keyguard: ScrimControllerExImp-->blur State to UNLOCK, bouncer=false changeFromBouncerScrim= false runnerUnlock= false goingAway=false hasHandle=true isOccludeAnimationPlaying=false
07-29 14:58:33.045  1887  4910 I SnapAlloc: Using graphics libs for alignment calculations
07-29 14:58:33.045  4812  4812 I SystemUi--Keyguard: ScrimControllerExImp-->blur State to UNLOCK, bouncer=false changeFromBouncerScrim= false runnerUnlock= false goingAway=false hasHandle=true isOccludeAnimationPlaying=false
07-29 14:58:33.053  4812  4812 I SystemUi--Keyguard: ScrimControllerExImp-->blur State to UNLOCK, bouncer=false changeFromBouncerScrim= false runnerUnlock= false goingAway=false hasHandle=true isOccludeAnimationPlaying=false
07-29 14:58:33.054  4812  4812 I SystemUi--Keyguard: ScrimControllerExImp-->blur State to UNLOCK, bouncer=false changeFromBouncerScrim= false runnerUnlock= false goingAway=false hasHandle=true isOccludeAnimationPlaying=false
07-29 14:58:33.062  4812  4812 I SystemUi--QuickSettings: TemporarilyInfoManager-->[setStarted] true
07-29 14:58:33.062  4812  4812 I SystemUi--QuickSettings: OplusQSRootViewController-->endClosing()
07-29 14:58:33.062  4812  4812 I SystemUi--Common: OplusShadeExpansionStat-->go state: OPENING -> OPEN
07-29 14:58:33.062  4812  4812 I SystemUi--Common: OplusShadeExpansionStat-->go state: OPENING -> OPEN
07-29 14:58:33.062  4812  4812 I SystemUi--Keyguard: ScrimControllerExImp-->blur State to UNLOCK, bouncer=false changeFromBouncerScrim= false runnerUnlock= false goingAway=false hasHandle=true isOccludeAnimationPlaying=false
07-29 14:58:33.062  1887  4910 I SnapAlloc: Using graphics libs for alignment calculations
07-29 14:58:33.062  4812  4812 I SystemUi--Common: PlatformBlurManagerImpl-->setPlatformBlurMode: blurMode=AUTO(blurFrequency=4)
07-29 14:58:33.062  4812  4812 I SystemUi--Common: PlatformBlurManagerImpl-->updateMotionFrequency: isExpanding=false
07-29 14:58:33.062  4812  4812 I SystemUi--Keyguard: ScrimControllerExImp-->blur State to UNLOCK, bouncer=false changeFromBouncerScrim= false runnerUnlock= false goingAway=false hasHandle=true isOccludeAnimationPlaying=false
