07-29 08:05:54.744  5016  5061 W Binder  : 	at android.database.ContentObserver.dispatchChange(ContentObserver.java:335)
07-29 08:05:54.744  5016  5061 W Binder  : 	at android.database.ContentObserver$Transport.onChangeEtc(ContentObserver.java:357)
07-29 08:05:54.744  5016  5061 W Binder  : 	at android.database.IContentObserver$Stub.onTransact(IContentObserver.java:120)
07-29 08:05:54.744  5016  5061 W Binder  : 	at android.os.Binder.execTransactInternal(Binder.java:1523)
07-29 08:05:54.744  5016  5061 W Binder  : 	at android.os.Binder.execTransact(Binder.java:1457)
07-29 08:05:54.744  3471  3519 W BestClock: java.time.DateTimeException: Missing network time fix
07-29 08:05:54.745  5016  5950 D T-Recommend: onPreHandleMessage 1000
07-29 08:05:54.745  5110  5110 I QImsService: OplusPhoneStateTracker : onServiceStateChanged
07-29 08:05:54.745  5016  5950 E CellularEvent: nri null ps
07-29 08:05:54.745  5016  5950 E CellularEvent: invalid nri
07-29 08:05:54.745  5016  5950 D T-Recommend: onPostHandleMessage 1000
07-29 08:05:54.745  5196  5196 D SubsysEventListenerManager-SubsysTelephonyCallback[0]: onServiceStateChanged
07-29 08:05:54.745  5196  5196 D ChinaRoamingControl: registTelephonyEvent onServiceStateChanged eventId:5, VoiceRegState:1, DataRegState:1
07-29 08:05:54.745  5196  6064 D cellularState[0]: handleMessage: E msg.what=4
07-29 08:05:54.745  5196  5196 D QuickChangeAirplaneModeEvent: onServiceStateChanged slotId:0
07-29 08:05:54.745  5196  6064 D cellularState[0]: processMsg: DataCallingState
07-29 08:05:54.745  5196  6064 D cellularState[0]: processMsg: NetworkAttachedState
07-29 08:05:54.745  5196  6064 D cellularState[0]: processMsg: SimReadyState
07-29 08:05:54.745  5196  6064 D cellularState[0]: processMsg: DefaultState
07-29 08:05:54.745  5196  6064 E cellularState[0]:  - unhandledMessage: msg.what=4
07-29 08:05:54.745  5196  6064 D cellularState[0]: handleMessage: X
07-29 08:05:54.745  5110  5110 I QImsService: OplusPhoneStateTracker : onServiceStateChanged
07-29 08:05:54.745  5016  6030 D OplusSubWaySlowRecovery: getPreferSubId return 1
07-29 08:05:54.745  5016  6030 D OplusScanQrCodeRecoveryImpl: msg.what=3
07-29 08:05:54.745  5016  5966 D OplusLinkBoostCommon: dds servicestate change
07-29 08:05:54.745  5016  5969 D NAS-CallIssueDetector: onServiceStateChanged
07-29 08:05:54.745  5016  5969 D OplusCiwlanController: [vodata] processServiceStateChanged  phoneid = 0, original roaming type = 0,roaming type = 0
07-29 08:05:54.745  5016  5969 D OplusCiwlanController: [vodata] processServiceStateChanged  phoneid = 1, original roaming type = 0,roaming type = 0
07-29 08:05:54.746  1706  1706 D Zygote  : Forked child process 13079
07-29 08:05:54.746  5196  5196 D QuickChangeAirplaneModeEvent: isBothCardInService is false
07-29 08:05:54.746  4876  5298 I SystemUi--Statusbar: MobileConnectionRepositoryImpl-->subId:1 isSoftSimCard:false slotId:0
07-29 08:05:54.746  5196  5196 D MsimSubModeManager: registTelephonyEvent onServiceStateChanged eventId:3, VoiceRegState:1, DataRegState:1
07-29 08:05:54.746  5196  5196 E ExtremeCommUtils: getSwitchRusSupportMcc invalid index 1
07-29 08:05:54.746  5196  5196 D ExtremeCommUtils: isSupporCheck rusContain:false,propContain(persist.sys.oplus.support_hyper_uplink_mcc):false
07-29 08:05:54.746  5196  5196 D ExtremeCommService: handleServiceStateChanged mcc is null
07-29 08:05:54.746  5196  5196 D ChinaRoamingControl: handleMessage what:5
07-29 08:05:54.746  5196  5196 D MsimSubModeManager: handleMessage what:3
07-29 08:05:54.746  5196  5196 D MsimSubModeManager: getMsimSimServiceIn() i:0,mServiceState:1
07-29 08:05:54.746  5196  5196 D MsimSubModeManager: getMsimSimServiceIn() i:1,mServiceState:1
07-29 08:05:54.746  3471  3775 I ActivityManager: Start proc 13079:com.oplus.wirelesssettings:tzupdate/1000 for broadcast {com.oplus.wirelesssettings/com.oplus.tzupdate.timezone.MccChangeReceiver}
07-29 08:05:54.747  4876  5841 V OplusCustomizeCacheManager: queryCache name: sys.cache.common_customize_cache18014 param: null
07-29 08:05:54.747  4876  5841 V OplusCustomizeCacheManager: queryCache name: sys.cache.common_customize_cache18017 param: Bundle[{SETTING=BLOCK, BUSINESS=NCT-DATA}]
07-29 08:05:54.747  4876  5841 V OplusCustomizeCacheManager: queryCache name: sys.cache.common_customize_cache18013 param: null
07-29 08:05:54.747  5016  6030 D SaDataFailRecovery/0: current is not in service,reset alarm
07-29 08:05:54.747  3471  4230 I MemoryOperationUtils: add 13079 to inactive
07-29 08:05:54.747  5196  5196 D SubsysEventListenerManager-SubsysTelephonyCallback[0]: onCellLocationChanged
07-29 08:05:54.748  3471  4224 W ContextImpl: Calling a method in the system process without a qualified user: android.app.ContextImpl.sendBroadcastMultiplePermissions:1311 android.content.Context.sendBroadcastMultiplePermissions:2524 com.android.server.TelephonyRegistry.broadcastServiceStateChanged:3740 com.android.server.TelephonyRegistry.notifyServiceStateForPhoneId:1787 com.android.internal.telephony.ITelephonyRegistry$Stub.onTransact:546 
07-29 08:05:54.749  3471  4224 W ContextImpl: Calling a method in the system process without a qualified user: android.app.ContextImpl.sendBroadcastMultiplePermissions:1344 com.android.server.TelephonyRegistry.broadcastServiceStateChanged:3745 com.android.server.TelephonyRegistry.notifyServiceStateForPhoneId:1787 com.android.internal.telephony.ITelephonyRegistry$Stub.onTransact:546 android.os.Binder.execTransactInternal:1523 
07-29 08:05:54.750  4952  6196 E PhoneInterfaceManager: getServiceStateForSlot retuning null for invalid slotIndex=-1
07-29 08:05:54.750  6567  6674 I midasd  : OplusObrainService::notifyEventInt eventId:38 iParam:20
07-29 08:05:54.750  8646  9890 I OplusObrain: OplusObrainClientInvoke.nativeGetTelephonyInfo
07-29 08:05:54.750  4952  4952 D MultiSimSettingController: notifySubscriptionInfoChanged
07-29 08:05:54.750  3471  4224 W ContextImpl: Calling a method in the system process without a qualified user: android.app.ContextImpl.sendBroadcastMultiplePermissions:1344 com.android.server.TelephonyRegistry.broadcastServiceStateChanged:3754 com.android.server.TelephonyRegistry.notifyServiceStateForPhoneId:1787 com.android.internal.telephony.ITelephonyRegistry$Stub.onTransact:546 android.os.Binder.execTransactInternal:1523 
07-29 08:05:54.750  5196  5196 D SubsysEventListenerManager-SubsysTelephonyCallback[0]: onDisplayInfoChanged
07-29 08:05:54.750  5196  5196 D SceneService: onDisplayInfoChanged slotId:0,telephonyDisplayInfo:TelephonyDisplayInfo {network=NR, overrideNetwork=NONE, isRoaming=false}
07-29 08:05:54.751  3471  4224 W ContextImpl: Calling a method in the system process without a qualified user: android.app.ContextImpl.sendBroadcastMultiplePermissions:1344 com.android.server.TelephonyRegistry.broadcastServiceStateChanged:3760 com.android.server.TelephonyRegistry.notifyServiceStateForPhoneId:1787 com.android.internal.telephony.ITelephonyRegistry$Stub.onTransact:546 android.os.Binder.execTransactInternal:1523 
07-29 08:05:54.751  3471  4502 V NetworkPolicy: onSubscriptionsChanged
07-29 08:05:54.751  3471  7194 W BestClock: java.time.DateTimeException: Missing network time fix
07-29 08:05:54.751  3471  3471 I AS.AudioService: onSubscriptionsChanged()
07-29 08:05:54.751  4876  5298 I SystemUi--Statusbar: MobileInputLog-->onSubscriptionsChanged
07-29 08:05:54.752  3471  4224 W BestClock: java.time.DateTimeException: Missing network time fix
07-29 08:05:54.752  5745  5745 D CellBroadcastReceiver: onReceive Intent { act=android.intent.action.SERVICE_STATE flg=0x1000010 cmp=com.android.cellbroadcastreceiver.module/com.android.cellbroadcastreceiver.CellBroadcastReceiver (has extras) }
07-29 08:05:54.752  3471  4502 D NetworkPolicy: Normalization put networkpolicyNetworkTemplate: matchRule=CARRIER, matchSubscriberIds=[001011...], matchWifiNetworkKeys=[], metered=YES
07-29 08:05:54.752  3471  4502 D NetworkPolicy: Normalization put networkpolicyNetworkTemplate: matchRule=CARRIER, matchSubscriberIds=[310260...], matchWifiNetworkKeys=[], metered=YES
07-29 08:05:54.752  3471  4502 D NetworkPolicy: Normalization put networkpolicyNetworkTemplate: matchRule=CARRIER, matchSubscriberIds=[001010...], matchWifiNetworkKeys=[], metered=YES
07-29 08:05:54.752  3471  4502 D NetworkPolicy: Normalization put networkpolicyNetworkTemplate: matchRule=CARRIER, matchSubscriberIds=[001010...], matchWifiNetworkKeys=[], metered=YES
07-29 08:05:54.752  3471  4502 D NetworkPolicy: Normalization put networkpolicyNetworkTemplate: matchRule=CARRIER, matchSubscriberIds=[001012...], matchWifiNetworkKeys=[], metered=YES
07-29 08:05:54.752  3471  4502 V NetworkPolicy: updateNetworkEnabledNL() return
07-29 08:05:54.752  4876  5841 V OplusCustomizeCacheManager: queryCache name: sys.cache.common_customize_cache18014 param: null
07-29 08:05:54.752  4876  5841 V OplusCustomizeCacheManager: queryCache name: sys.cache.common_customize_cache18017 param: Bundle[{SETTING=BLOCK, BUSINESS=NCT-DATA}]
07-29 08:05:54.752  4876  5841 V OplusCustomizeCacheManager: queryCache name: sys.cache.common_customize_cache18013 param: null
07-29 08:05:54.753  4952  4952 I Telephony: y0: onServiceStateChanged: newState=1, mServiceState=1
07-29 08:05:54.753  3471  4502 V NetworkPolicy: updateNotificationsNL not process
07-29 08:05:54.753  3471  4502 W BestClock: java.time.DateTimeException: Missing network time fix
07-29 08:05:54.753  4952  4952 I Telephony: isRttCurrentlySupported -- regular acct, hasVoiceAvailability: false
07-29 08:05:54.753  4952  4952 I Telephony:  isRttSupported: false
07-29 08:05:54.753  4952  4952 I Telephony:  isUserRttSettingOn: false
07-29 08:05:54.753  4952  4952 I Telephony:  alwaysAllowWhileRoaming: false
07-29 08:05:54.753  4952  4952 I Telephony:  isRoaming: false
07-29 08:05:54.753  4952  4952 I Telephony:  isOnWfc: false
07-29 08:05:54.753  5016  5534 D NAS-CellularEvent: handleSubscriptionsChanged: slotId=0
07-29 08:05:54.753  8646  9890 I OplusObrain: OplusObrainClientInvoke.nativeGetTrafficTypeInfoForNetworkType networkType 0
07-29 08:05:54.753  5016  5534 D NAS-CellularEvent: onImsRegistrationStateChanged, slotId=0state:false
07-29 08:05:54.753  3471  7194 D KernelStatsHelper: getKernelStats start!
07-29 08:05:54.754  7436  9175 E Battery : ControllerCenter: onReceiver: mSubscriptionManager is null || mIsNeedRestoreMobile = false
07-29 08:05:54.754  4876  5298 I SystemUi--Statusbar: MobileConnectionRepositoryImpl-->subId:1 isSoftSimCard:false slotId:0
07-29 08:05:54.754  4876  4876 I SystemUi--Statusbar: OplusMobileIconInteractorImpl-->oplusIMSModel slot:0: CapabilityTypeModel(isVolteSwitchOn=true, isWfcEnabledByUser=true, imsRegistered=false, voiceCapable=false, videoCapable=false, registerTech=-1, isCrossSimCallingEnabledByUser=false, hasHideVolteOperator=false), SimStateModel(simInserted=[true, false], simForbidden=[false, true], simStateIMSI=[true, false], simLoaded=[true, false]),oplusNetworkTypeNr:0,isVoNrEnabled:false
07-29 08:05:54.755  4876  6107 I SystemUi--Statusbar: OplusMobileConnectionRepository1-->stopListenImsStatusChanged
07-29 08:05:54.755  5110  5110 E QImsService: ImsConfigImpl : onSubscriptionsChanged unable to process due to SubscriptionInfo is null
07-29 08:05:54.755  4876  4876 I SystemUi--Statusbar: OplusMobileIconInteractorImpl-->oplusIMSModel slot:0: CapabilityTypeModel(isVolteSwitchOn=true, isWfcEnabledByUser=true, imsRegistered=false, voiceCapable=false, videoCapable=false, registerTech=-1, isCrossSimCallingEnabledByUser=false, hasHideVolteOperator=false), SimStateModel(simInserted=[true, false], simForbidden=[false, true], simStateIMSI=[true, false], simLoaded=[true, false]),oplusNetworkTypeNr:20,isVoNrEnabled:false
07-29 08:05:54.755  5110  5110 I QImsService: OplusPhoneStateTracker : onSubscriptionsChanged Last subId: -1 Current subId -1
07-29 08:05:54.755  5151  5151 D QCNEJ/WwanInfoRelay: onSubscriptionsChanged currDDSId: 1 new DDS 1
07-29 08:05:54.755  5745  5745 D CellBroadcastReceiver: onServiceStateChanged, ss: 1
07-29 08:05:54.755  5745  5745 D CellBroadcastReceiver: networkOperator: 
07-29 08:05:54.755  4876  5298 I SystemUi--Statusbar: MobileConnectionRepositoryImpl-->subId:1 isSoftSimCard:false slotId:0
07-29 08:05:54.755  3471  4602 D OplusNetlinkSocket: handleNetlinkRecvKernelMessage:nlmsghdr:StructNlMsgHdr{ nlmsg_len{40}, nlmsg_type{56()}, nlmsg_flags{0()}, nlmsg_seq{0}, nlmsg_pid{227480058} }
07-29 08:05:54.755  3471  4602 D KernelStatsHelper: get magic :[-1, -1, -1, 77, 65, 71, 73, 67]
07-29 08:05:54.755  3471  4602 D KernelStatsHelper: magic matched count:0 data_len:0
07-29 08:05:54.755  3471  4602 D KernelStatsHelper: data over! check: true
07-29 08:05:54.755  4876  6107 I SystemUi--Statusbar: OplusMobileConnectionRepository1-->phoneId: 0, conflatedCallbackFlow init
07-29 08:05:54.755  4876  6107 I SystemUi--Statusbar: OplusMobileConnectionRepository1-->startListenImsStatusChanged
07-29 08:05:54.755  5151  5151 D QCNEJ/DataCallAgent: onSubscriptionsChanged: new DDS 1
07-29 08:05:54.755  5151  7687 D QCNEJ/DataCallAgent: phoneCount: 2
07-29 08:05:54.755  5151  7687 D QCNEJ/DataCallAgent: subs for 0th slot: [1]
07-29 08:05:54.756  5151  7687 D QCNEJ/DataCallAgent: mSubInfoReady[0] is set to true
07-29 08:05:54.756  5151  7687 D QCNEJ/DataCallAgent: subs for 1th slot: [-1]
07-29 08:05:54.757  4952  4952 V OplusCustomizeCacheManager: queryCache name: sys.cache.common_customize_cache18016 param: null
07-29 08:05:54.757  4952  4952 V OplusCustomizeCacheManager: queryCache name: sys.cache.common_customize_cache18013 param: null
07-29 08:05:54.757  4952  4952 V OplusCustomizeCacheManager: queryCache name: sys.cache.common_customize_cache18014 param: null
07-29 08:05:54.757  4952  4952 V OplusCustomizeCacheManager: queryCache name: sys.cache.common_customize_cache18017 param: Bundle[{SETTING=BLOCK, BUSINESS=NCT-DATA}]
07-29 08:05:54.757  5110  5110 I QImsService: OplusPhoneStateTracker : onSubscriptionsChanged Last subId: 1 Current subId 1
07-29 08:05:54.757  4952  4952 V OplusCustomizeCacheManager: queryCache name: sys.cache.common_customize_cache18016 param: null
07-29 08:05:54.757  4952  4952 V OplusCustomizeCacheManager: queryCache name: sys.cache.common_customize_cache18013 param: null
07-29 08:05:54.757  4952  4952 V OplusCustomizeCacheManager: queryCache name: sys.cache.common_customize_cache18014 param: null
07-29 08:05:54.757  4952  4952 V OplusCustomizeCacheManager: queryCache name: sys.cache.common_customize_cache18017 param: Bundle[{SETTING=BLOCK, BUSINESS=NCT-DATA}]
07-29 08:05:54.757  4952  4952 D MultiSimSettingController: onSubscriptionsChanged
07-29 08:05:54.757  5016  5966 W BestClock: java.time.DateTimeException: Missing network time fix
07-29 08:05:54.757  4952  4952 D MultiSimSettingController: isReadyToReevaluate: subInfoInitialized=true, carrierConfigsLoaded=true, satelliteEnabledOrBeingEnabled=false
07-29 08:05:54.757  4952  4952 D MultiSimSettingController: updateDefaults
07-29 08:05:54.757  4952  4952 D MultiSimSettingController: isReadyToReevaluate: subInfoInitialized=true, carrierConfigsLoaded=true, satelliteEnabledOrBeingEnabled=false
07-29 08:05:54.757  4952  4952 D MultiSimSettingController: updateDefaultValues: change: 0
07-29 08:05:54.757  4952  4952 D MultiSimSettingController: disableDataForNonDefaultNonOpportunisticSubscriptions triggered, return directly
07-29 08:05:54.757  5016  5950 D CellularEvent: handleSubscriptionsChanged: slotId=0
07-29 08:05:54.757  5016  5966 V MonthTrafficAlert: getWarningNotification subId:1 numWarningNotificaion:0
07-29 08:05:54.757  5016  5950 D CellularEvent: onImsRegistrationStateChanged, slotId=0state:false
07-29 08:05:54.758  4952  4952 D ImsResolver: oldSubId: 1, newSubId: 1
07-29 08:05:54.758  4952  4952 D ImsResolver: oldSubId: -1, newSubId: -1
07-29 08:05:54.758  4952  4952 I Telephony: TelecomAccountRegistry: onSubscriptionsChanged - reregister accounts
07-29 08:05:54.758  4876  4876 I KeyguardUpdateMonitor: action=android.intent.action.SERVICE_STATE subId=1 slotId=0
07-29 08:05:54.758  4952  4952 D PhoneUtils: PhoneAccountHandle subId=1, slotId=0
07-29 08:05:54.759  4876  4876 I KeyguardUpdateMonitor: refreshSimState, changed:false,subId:1,slotId:0,state:5
07-29 08:05:54.759  4876  5253 I SystemUi--QuickSettings: Tile.OplusCellularTile-->updateCarrierText: dialog not showing, ignore
07-29 08:05:54.759  4952  4952 D Telephony: registerPstnPhoneAccount line1Number =  subNumber = 
07-29 08:05:54.759  4952  4952 D Telephony: color is transparent asign default instead -15502541
07-29 08:05:54.759  6996  7639 D OsAgentAidlClient: [string_dataitem_update][1584] [HC] =>> [HS]
07-29 08:05:54.759  4876  5253 D SimStateHelper: slot:0, lock state:Bundle[mParcelledData.dataSize=56]
07-29 08:05:54.759  4876  5253 D SimStateHelper: slot:1, lock state:Bundle[mParcelledData.dataSize=56]
07-29 08:05:54.759  6511  8522 D OplusAtlasAudioDetectionManager: MSG_CALL_STATE_CHANGED
07-29 08:05:54.759  4876  5253 D SimStateHelper: needDisableMenu: slot1State=-1; slot2State=-1
07-29 08:05:54.759  4876  5253 D SimStateHelper: needDisableMenu:false
07-29 08:05:54.759  6511  8522 D OplusAtlasAudioDetectionManager: callStateChanged state: 0, len: 0
07-29 08:05:54.759  4876  5253 I SystemUi--QuickSettings: Tile.OplusCellularTile-->updateCarrierText: dialog not showing, ignore
07-29 08:05:54.760  4876  6107 I SystemUi--Statusbar: OplusMobileConnectionRepository1-->onImsStatusChanged model: CapabilityTypeModel(isVolteSwitchOn=true, isWfcEnabledByUser=true, imsRegistered=false, voiceCapable=false, videoCapable=false, registerTech=-1, isCrossSimCallingEnabledByUser=false, hasHideVolteOperator=false)
07-29 08:05:54.760  4876  5253 D SimStateHelper: slot:0, lock state:Bundle[mParcelledData.dataSize=56]
07-29 08:05:54.760  4952  4952 D Telephony: isEmergencyPreferredAccount: subId=1, activeData=1
07-29 08:05:54.760  4952  4952 D Telephony: isEmergencyPreferredAccount: Device does not require preference.
07-29 08:05:54.761  4952  4952 I Telephony: isRttCurrentlySupported -- regular acct, hasVoiceAvailability: false
07-29 08:05:54.761  4952  4952 I Telephony:  isRttSupported: false
07-29 08:05:54.761  4952  4952 I Telephony:  isUserRttSettingOn: false
07-29 08:05:54.761  4952  4952 I Telephony:  alwaysAllowWhileRoaming: false
07-29 08:05:54.761  4952  4952 I Telephony:  isRoaming: false
07-29 08:05:54.761  4952  4952 I Telephony:  isOnWfc: false
07-29 08:05:54.761  4952  4952 D Telephony: x0: buildPstnPhoneAccount, phoneId: 0, mIsVideoCapable: false, 
07-29 08:05:54.761  4952  4952 D OplusSesImsManagerExt: feature:0, phoneId:0
07-29 08:05:54.761  4952  4952 D OplusSesImsManagerExt: getSubIdUsingPhoneId:1, phoneId:0
07-29 08:05:54.761  4952  4952 D OplusSesImsManagerExt: isEntitlementEnabled:false
07-29 08:05:54.761  4952  4952 D OplusSesImsManagerExt: isFeatureProvisionedOnDevice not enabled
07-29 08:05:54.761  4952  4952 D Telephony: registerPstnPhoneAccount mIsVideoCapable = false
07-29 08:05:54.761  4952  4952 W libc    : Access denied finding property "persist.vendor.mtk_uce_support"
07-29 08:05:54.761  4952  4952 I Telephony: isCarrierVideoPresenceSupported, false, false, false, false
07-29 08:05:54.761  4876  5253 D SimStateHelper: slot:1, lock state:Bundle[mParcelledData.dataSize=56]
07-29 08:05:54.761  4876  5253 D SimStateHelper: needDisableMenu: slot1State=-1; slot2State=-1
07-29 08:05:54.761  4876  5253 D SimStateHelper: needDisableMenu:false
07-29 08:05:54.761  4952  4952 I Telephony: reRegisterPstnPhoneAccount: subId: 1 - no change
07-29 08:05:54.762  4952  4952 D CallNotifier: updatePhoneStateListeners: update CF notifications.
07-29 08:05:54.762  4952  4952 D InternationalRoamingNotification: init
07-29 08:05:54.762 13079 13079 I ttings:tzupdate: isSwordfishLaunchAppEnabled_ 1 isSwordfishInstallAppEnabled_ 1
07-29 08:05:54.762 13079 13079 E ttings:tzupdate: Unknown bits set in runtime_flags: 0x40000000
07-29 08:05:54.762 13079 13079 I ttings:tzupdate: Using CollectorTypeCMC GC.
07-29 08:05:54.763  5196  5222 D VirtualCommService2: isSupport. true, true
07-29 08:05:54.763  4952  4952 D OplusVirtualCommUtils: isVirtualCommSupport, vRet: true
07-29 08:05:54.763  4952  4952 I OplusVirtualCommUtils: getVirtualCommDeviceType, vRet: 1
07-29 08:05:54.763  4952  4952 I OplusVirtualCommUtils: isConsumerDeviceType, deviceType: 1
07-29 08:05:54.763  4952  4952 D InternationalRoamingNotification: do not createRoamingNotification for invalid Network
07-29 08:05:54.763  3471  7195 W ContentService: Observer is already registered. Pid is 4952
07-29 08:05:54.763  4952  4952 V OplusCustomizeCacheManager: queryCache name: sys.cache.common_customize_cache18016 param: null
07-29 08:05:54.763  4952  4952 V OplusCustomizeCacheManager: queryCache name: sys.cache.common_customize_cache18013 param: null
07-29 08:05:54.763  4952  4952 V OplusCustomizeCacheManager: queryCache name: sys.cache.common_customize_cache18014 param: null
07-29 08:05:54.763  4952  4952 V OplusCustomizeCacheManager: queryCache name: sys.cache.common_customize_cache18017 param: Bundle[{SETTING=BLOCK, BUSINESS=NCT-DATA}]
07-29 08:05:54.764  4952  4952 V SimultaneousCallingTracker: Received EVENT 101
07-29 08:05:54.764  4952  4952 V SimultaneousCallingTracker: generateVoiceCapablePhoneMapBasedOnUserAssociation: adding phoneId = 0
07-29 08:05:54.764  4952  4952 I SimultaneousCallingTracker: updatePhoneMapAndSimultaneousCallSupportMap: mVoiceCapablePhoneMap.size = 1
07-29 08:05:54.764  4952  4952 V SimultaneousCallingTracker: registerForImsRegistrationChanges: registering phoneId = 0
07-29 08:05:54.764  4952  4952 V SimultaneousCallingTracker: generateSimultaneousCallSupportMap: returning simultaneousCallSubSupportMap = Phone ID=0 - Simultaneous calling compatible phone IDs=[]; 
07-29 08:05:54.764  4952  4952 V SimultaneousCallingTracker: handleSimultaneousCallingSupportChanged
07-29 08:05:54.764 13079 13079 E ttings:tzupdate: Not starting debugger since process cannot load the jdwp agent.
07-29 08:05:54.764  3471  7195 W BestClock: java.time.DateTimeException: Missing network time fix
07-29 08:05:54.765  3471  7195 W BestClock: java.time.DateTimeException: Missing network time fix
07-29 08:05:54.765  4876  5841 V OplusCustomizeCacheManager: queryCache name: sys.cache.common_customize_cache18014 param: null
07-29 08:05:54.765  4876  5841 V OplusCustomizeCacheManager: queryCache name: sys.cache.common_customize_cache18017 param: Bundle[{SETTING=BLOCK, BUSINESS=NCT-DATA}]
07-29 08:05:54.765  4876  5841 V OplusCustomizeCacheManager: queryCache name: sys.cache.common_customize_cache18013 param: null
07-29 08:05:54.766 13079 13079 D nativeloader: Load libframework-connectivity-tiramisu-jni.so using APEX ns com_android_tethering for caller /apex/com.android.tethering/javalib/framework-connectivity-t.jar: ok
07-29 08:05:54.767 13079 13079 W libc    : Access denied finding property "persist.vendor.sys.activitylog"
07-29 08:05:54.767 13079 13079 I OneTrace: Mark active for pid=13079? true
07-29 08:05:54.767 13079 13079 D cutils-dev: otrace_set_tracing_enabled? true tag:0
07-29 08:05:54.767 13079 13079 D cutils-dev: properties changed in otrace_seq_number_changed!
07-29 08:05:54.768  3471  7195 D ActivityTaskManagerServiceExtImpl: preBindApplication record is null
07-29 08:05:54.768  3471  7195 D RGBNormalizeServer: OplusRGBNormalize feature enabled ? true
07-29 08:05:54.768  3471  7195 D ResourcesManagerCache: For package com.oplus.wirelesssettings we got cacheList [null] appInfoExt is null ? false hasFeature ? false
07-29 08:05:54.768  3471  7195 D VRR [OPlusExternalRefreshRateManager]: isPkgTfcEnable: pkgName = com.oplus.wirelesssettings, enable = false
07-29 08:05:54.768  3471  7195 D VRR [OPlusExternalRefreshRateManager]: getTfcMinFramerate: pkgName = com.oplus.wirelesssettings, min framerate = 0
07-29 08:05:54.770 13079 13079 D OplusActivityManager: get AMS extension: android.os.BinderProxy@d241350
07-29 08:05:54.771 13079 13079 D CompactWindowAppManager: initCompactApplicationInfo CompactMode: , NormalMode: 
07-29 08:05:54.772 13079 13079 D OplusScrollToTopManager: setIsInWhiteList false
07-29 08:05:54.772 13079 13079 D OplusViewDebugManager: OplusViewDebugManager Constructor android.view.debug.OplusViewDebugManager@3e6224e [mHasViewDebugProperty true] [mHasMsgDebugProperty false] [DEBUG false] [EXTRAINFOENABLE false] [LIGHT_OS false]
07-29 08:05:54.773 13079 13079 D CompatChangeReporter: Compat change id reported: 242716250; UID 1000; state: ENABLED
07-29 08:05:54.774 13079 13079 W libc    : Access denied finding property "ro.odm.prev.product.name"
07-29 08:05:54.775 13079 13079 W ziparchive: Unable to open '/system_ext/framework/nfcvendorlib.dm': No such file or directory
07-29 08:05:54.775 13079 13079 W ziparchive: Unable to open '/system_ext/framework/nfcvendorlib.dm': No such file or directory
07-29 08:05:54.777 13079 13079 D nativeloader: Configuring clns-shared-7 for other apk /system_ext/framework/nfcvendorlib.jar. target_sdk_version=34, uses_libraries=ALL, library_path=/system_ext/priv-app/WirelessSettings/lib/arm64:/system_ext/priv-app/WirelessSettings/WirelessSettings.apk!/lib/arm64-v8a:/system/lib64:/system_ext/lib64, permitted_path=/data:/mnt/expand:/data/user_de/0/com.oplus.wirelesssettings:/system_ext/priv-app/WirelessSettings:/system/lib64:/system_ext/lib64
07-29 08:05:54.777 13079 13079 D nativeloader: Extending system_exposed_libraries: libbinauralrenderer_wrapper.qti.so:libhoaeffects.qti.so:libSloganJni.oplus.so:libsuperNight.oplus.so:libAPSClient-cmd-jni-extension.oplus.so:libsatellite_audio_jni.oplus.so:libortc_so.oplus.so:libsoundtouch.oplus.so:libsoundtouch_jni.oplus.so:libOplusStringJNI-extension.oplus.so:libsatellite_ostx_jni.oplus.so:libapssuspend-jni.oplus.so:libupdateprof.qti.so:libthermalclient.qti.so:libqape.qti.so:libqesdk_ndk_platform.qti.so:liblistenjni.qti.so
07-29 08:05:54.778 13079 13079 D ApplicationLoaders: Returning zygote-cached class loader: /system_ext/framework/androidx.window.extensions.jar
07-29 08:05:54.778 13079 13079 D ApplicationLoaders: Returning zygote-cached class loader: /system_ext/framework/androidx.window.sidecar.jar
07-29 08:05:54.781 13079 13079 D nativeloader: Configuring clns-shared-8 for other apk /system_ext/priv-app/WirelessSettings/WirelessSettings.apk. target_sdk_version=34, uses_libraries=, library_path=/system_ext/priv-app/WirelessSettings/lib/arm64:/system_ext/priv-app/WirelessSettings/WirelessSettings.apk!/lib/arm64-v8a:/system/lib64:/system_ext/lib64, permitted_path=/data:/mnt/expand:/data/user_de/0/com.oplus.wirelesssettings:/system_ext/priv-app/WirelessSettings:/system/lib64:/system_ext/lib64
07-29 08:05:54.786 13079 13079 V GraphicsEnvironment: Currently set values for:
07-29 08:05:54.786 13079 13079 V GraphicsEnvironment:   angle_gl_driver_selection_pkgs=[]
07-29 08:05:54.786 13079 13079 V GraphicsEnvironment:   angle_gl_driver_selection_values=[]
07-29 08:05:54.786 13079 13079 V GraphicsEnvironment: Global.Settings values are invalid: number of packages: 0, number of values: 0
07-29 08:05:54.787 13079 13079 D WS_OplusWirelessSettingsApp: onCreate, OplusWirelessSettingsApp
07-29 08:05:54.788 13079 13079 D LogUtils: initWirelessLog sIsQeAssert=false,sIsWifiOrBtLog=false
07-29 08:05:54.790  3471  3519 I ActivityManager: Flag disabled. Ignoring finishAttachApplication from uid: 1000. pid: 13079
07-29 08:05:54.791 13079 13079 E ANDR-PERF-CLIENT-SYS: death recipent object is fine
07-29 08:05:54.791 13079 13079 W ttings:tzupdate: AIBinder_linkToDeath is being called with a non-null cookie and no onUnlink callback set. This might not be intended. AIBinder_DeathRecipient_setOnUnlinked should be called first.
07-29 08:05:54.793  3471  3519 W OplusSelfProtectManager: pkg[com.oplus.wirelesssettings] not in policy list
07-29 08:05:54.796  3471  3519 D ActivityManager: Async freezing 13079 com.oplus.wirelesssettings:tzupdate
07-29 08:05:54.799  4716  5840 W SQLiteLog: (28) double-quoted string literal: "timezone_tzdata_v2_files"
07-29 08:05:54.859  4952  4952 V OplusCustomizeCacheManager: queryCache name: sys.cache.common_customize_cache18016 param: null
07-29 08:05:54.859  4952  4952 V OplusCustomizeCacheManager: queryCache name: sys.cache.common_customize_cache18013 param: null
07-29 08:05:54.859  4952  4952 V OplusCustomizeCacheManager: queryCache name: sys.cache.common_customize_cache18014 param: null
07-29 08:05:54.859  4952  4952 V OplusCustomizeCacheManager: queryCache name: sys.cache.common_customize_cache18017 param: Bundle[{SETTING=BLOCK, BUSINESS=NCT-DATA}]
07-29 08:05:54.860  4952  4952 V OplusCustomizeCacheManager: queryCache name: sys.cache.common_customize_cache18016 param: null
07-29 08:05:54.860  4952  4952 V OplusCustomizeCacheManager: queryCache name: sys.cache.common_customize_cache18013 param: null
07-29 08:05:54.860  4952  4952 V OplusCustomizeCacheManager: queryCache name: sys.cache.common_customize_cache18014 param: null
07-29 08:05:54.860  4952  4952 V OplusCustomizeCacheManager: queryCache name: sys.cache.common_customize_cache18017 param: Bundle[{SETTING=BLOCK, BUSINESS=NCT-DATA}]
07-29 08:05:54.874  4876  4876 D RowAnimatorExtImpl: end:view:StatusBarIconView(slot='volume' alpha=1.0 icon=StatusBarIcon(icon=Icon(typ=RESOURCE pkg=com.android.systemui id=0x7f0818f0) visible user=0 ) visibleState=ICON iconColor=#ccffffff staticDrawableColor=#ccffffff decorColor=#ffffffff animationStartColor=#0 currentSetColor=#ccffffff notification=null),tx
07-29 08:05:54.874  4876  4876 D RowAnimatorExtImpl: end:view:StatusBarIconView(slot='zen' alpha=1.0 icon=StatusBarIcon(icon=Icon(typ=RESOURCE pkg=com.android.systemui id=0x7f0818e1) visible user=0 ) visibleState=ICON iconColor=#ccffffff staticDrawableColor=#ccffffff decorColor=#ffffffff animationStartColor=#0 currentSetColor=#ccffffff notification=null),tx
07-29 08:05:54.874  4876  4876 D RowAnimatorExtImpl: end:view:StatusBarIconView(slot='volume' alpha=1.0 icon=StatusBarIcon(icon=Icon(typ=RESOURCE pkg=com.android.systemui id=0x7f0818f0) visible user=0 ) visibleState=ICON iconColor=#ccffffff staticDrawableColor=#ccffffff decorColor=#ffffffff animationStartColor=#0 currentSetColor=#ccffffff notification=null),tx
07-29 08:05:54.874  4876  4876 D RowAnimatorExtImpl: end:view:StatusBarIconView(slot='zen' alpha=1.0 icon=StatusBarIcon(icon=Icon(typ=RESOURCE pkg=com.android.systemui id=0x7f0818e1) visible user=0 ) visibleState=ICON iconColor=#ccffffff staticDrawableColor=#ccffffff decorColor=#ffffffff animationStartColor=#0 currentSetColor=#ccffffff notification=null),tx
07-29 08:05:54.874  4876  4876 D RowAnimatorExtImpl: end:view:StatusBarIconView(slot='volume' alpha=1.0 icon=StatusBarIcon(icon=Icon(typ=RESOURCE pkg=com.android.systemui id=0x7f0818f0) visible user=0 ) visibleState=ICON iconColor=#ccffffff staticDrawableColor=#ccffffff decorColor=#ffffffff animationStartColor=#0 currentSetColor=#ccffffff notification=null),tx
07-29 08:05:54.874  4876  4876 D RowAnimatorExtImpl: end:view:StatusBarIconView(slot='zen' alpha=1.0 icon=StatusBarIcon(icon=Icon(typ=RESOURCE pkg=com.android.systemui id=0x7f0818e1) visible user=0 ) visibleState=ICON iconColor=#ccffffff staticDrawableColor=#ccffffff decorColor=#ffffffff animationStartColor=#0 currentSetColor=#ccffffff notification=null),tx
07-29 08:05:54.889  1997  1997 D SensorFeature: name=ssc_screenshot_info ,index = 22
07-29 08:05:54.889  1997  1997 D SensorFeature: write 29 bytes:59419948050,59428281383,164,0
07-29 08:05:54.891  1917  4459 I Dpps    : LtmSwState::SetParameter():144 ignore cmd 7 in state LtmOffState
07-29 08:05:54.975  2006  7193 D charge_time: type=sdp,reserve_soc=2,soc=77,ui_soc=80,current=178,avg=175,not_chg_cnt=0,stable_cnt=7,fcc=5724,fcc_ratio=94,delta=44,debug=0,region=13,ttf=11757(03:15:57),ui_ttf=8789(02:26:29)
07-29 08:05:55.065  4876  4876 I SystemUi--QuickSettings: TemporarilyInfoManager-->[animateShow] com.oplus.systemui.qs.base.temporarilyinfo.TemporarilyInfoManager$createViewToParent$1{700ce27 VFED..C.. ........ 0,0-1080,228 #7f0a0cb6 app:id/temporarily_info_view alpha=1.0 viewInfo = } end
07-29 08:05:55.065  4876  4876 I SystemUi--QuickSettings: TemporarilyInfoManager-->[trigger] start from showElementAfterShowFully
07-29 08:05:55.144  1917  4459 I Dpps    : LtmSwState::SetParameter():144 ignore cmd 7 in state LtmOffState
07-29 08:05:55.163  1997  1997 D SensorFeature: name=ssc_screenshot_info ,index = 22
07-29 08:05:55.163  1997  1997 D SensorFeature: write 29 bytes:59693560914,59701894247,165,0
07-29 08:05:55.189  4876  4876 D JankUtils: gfxSceneEnd; scene: 7
07-29 08:05:55.189  4876  4876 I SystemUi--Common: NotificationShadeDepthC-->sceneFlag: 0x001, isStart = false, Current sceneFlags: 0x000
07-29 08:05:55.189  4876  4876 D NavigationBar: restrainNavigationBarInvertColor: false
07-29 08:05:55.189  4876  5098 D RegionSamplingHelper =:    mCompositionSamplingListener.register
07-29 08:05:55.190  2173  2339 D SurfaceFlinger: addRegionSamplingListener pid: 4876, Area: [0, 2328, 1080, 2376]
07-29 08:05:55.251  2006  2035 D BatteryChargeControl: bcc get no support from charging protocol
07-29 08:05:55.330  3368  3940 D QmiClient: qmiServiceEventCallback recv msg id 1085
07-29 08:05:55.330  3368  3940 D QmiVsClient: enter - onQmiServiceEventCallback msgId 1085
07-29 08:05:55.330  3368  3940 D QmiVsClientEvent: qmiVsClientNotifyNecEvent - RADIO_EVENT_NEC_IND
07-29 08:05:55.330  3368  3391 D VsProxy : handleMessage msg is 2403
07-29 08:05:55.330  3368  3391 D VsProxy : handleNecInd for instance 0
07-29 08:05:55.331  5196  5222 D SubsysRadioIndication[0]: radioNecInd 
07-29 08:05:55.331  5196  5196 D ModemChannel: handleMessage what:102
07-29 08:05:55.331  5196  5196 D ModemChannel: handleNecEvent
07-29 08:05:55.332  5016  5969 D SubsysCallManager: handleMessage what:102
07-29 08:05:55.332  5016  5969 D SubsysCallManager: parseMdmInfoData len:166
07-29 08:05:55.332  5016  5969 D SubsysCallManager: onMdmEvent moduleId:0,eventId:74
07-29 08:05:55.383  1917  2247 I SDM     : DisplayBase::CommitThread: Received idle timeout, panel: cmd, timeout: 69999 us
07-29 08:05:55.410  1863  4465 I sensors-hal: handle_oplus_wise_rgb_event:189, high_pwm_light:lux 271.7,cct 3642.7,brl/algo/ir 1438.0/2.0/16.5,pwm/dc 0.0/0.0,rgbc 20881.990234/13185.325195/6062.091309/38801.054688,ts 59711065307,cnt 850,flag 165
07-29 08:05:55.410  3471  4404 D FusionLightNextGen: process end reported = 1, mode: 0, lux 494.9, cct -1.0, r/g/b/c: 20858.2/13180.7/6050.5/38811.1, R/G/B: 132.0/125.0/124.0, bri 1438.0, match 0.74, ir 0.016849, conf 0.0, ts 59719327287
07-29 08:05:55.411  1917  4459 I Dpps    : LtmSwState::SetParameter():144 ignore cmd 7 in state LtmOffState
07-29 08:05:55.415  6548  6614 E horae   : 0: back:33581,back_1:35814,back_2:35344,back_3:34556,frame:35908,frame_1:34842,front:36542,front_1:36868,front_2:35296, -2147483648 5, +(3237), 1 ,43682,33600,39634,43709,41728,42772,33634,39353,42765,41109,41844,33471,39095,41934,40560,41332,33527,38814,41260,40067, target_temp:36868, algo:0
07-29 08:05:55.417  5016  5966 W h       : networkLogger failï¼
07-29 08:05:55.417  5016  5966 D Acc-OplusLinkBoostCommon: notifyThermalBroadCast level = 5 temp = 36,lastTemp: 37 ,th: 44
07-29 08:05:55.418  5196  5196 D RFPowerBoostManager: my thermal listener proxy invoke method:notifyThermalBroadCast args len:2
07-29 08:05:55.418  5196  5196 D RFPowerBoostManager: current temp is 36, mInCalling is false, current threshold is 41
07-29 08:05:55.418  6548  6581 E horae   : Horae service notifyComponentHeat caught exception -2
07-29 08:05:55.418  6548  6581 E horae   : Horae service notifyComponentHeat caught exception -2
07-29 08:05:55.462  3471  3471 D OplusWifiBroadCastDispatcher: mBroadcastReceiver: onReceiver  action=android.intent.action.BATTERY_LEVEL_CHANGED
07-29 08:05:55.463  3471  4632 D OplusWifiPowerService: onReceive action:android.intent.action.BATTERY_LEVEL_CHANGED
07-29 08:05:55.463  3471  4474 W OplusStorageManagerFeature: mScreenReceiver action:android.intent.action.BATTERY_LEVEL_CHANGED
07-29 08:05:55.463  3471  4474 I OplusStorageManagerFeature: TmemoryBetterySwitch: level=80 state=0
07-29 08:05:55.463  3471  4474 I OplusStorageManagerFeature: TmemoryBetterySwitch: action=0 state=2
07-29 08:05:55.463  3471  4474 W OplusStorageManagerFeature: Ready to deal actionParam:0
07-29 08:05:55.467  6202  6202 D BatteryUsageBroadcastReceiver: onReceive:android.intent.action.BATTERY_LEVEL_CHANGED
07-29 08:05:55.468  6202  6202 D BatteryUsageBroadcastReceiver: fetch data because of event: ACTION_BATTERY_LEVEL_CHANGED
07-29 08:05:55.471  3471  7195 D ActivityManager: Async freezing 6202 com.android.settings
07-29 08:05:55.491  1917  2247 I SDM     : DisplayBase::CommitThread: Received idle timeout, panel: cmd, timeout: 70000 us
07-29 08:05:55.494  1997  1997 D SensorFeature: name=ssc_screenshot_info ,index = 22
07-29 08:05:55.494  1997  1997 D SensorFeature: write 29 bytes:59984317997,60034483414,166,0
07-29 08:05:55.548  2173  3564 D VRR [OTI]: handleIdle from 0 to 1
07-29 08:05:55.548  2173  3564 D VRR [OTI-HW]: isStateReady 1
07-29 08:05:55.548  2173  3564 D VRR [RefreshRateDirector]: requestRefreshRateByOti update [ oti-hw, {fps=60, modePtr={id=5, vsyncRate=60.00 Hz, peakRefreshRate=60.00 Hz}} ]
07-29 08:05:55.548  2173  3564 D VRR [RefreshRateDirector]: selectBestFrameRate DirectorMapOti [oti-hw, {fps=60, modePtr={id=5, vsyncRate=60.00 Hz, peakRefreshRate=60.00 Hz}}]
07-29 08:05:55.548  2173  3564 D VRR [RefreshRateDirector]: updateBestFrameRate [oti-hw, {fps=60, modePtr={id=5, vsyncRate=60.00 Hz, peakRefreshRate=60.00 Hz}}]
07-29 08:05:55.548  2173  3564 D SurfaceFlinger: VRR [SurfaceFlinger] setDesiredActiveMode: displayId: 4630946756802996883, renderRate: 60, vsyncRate: 60, event: 1
07-29 08:05:55.548  2173  3564 D DisplayModeController: setDesiredMode 4630946756802996883 {mode={fps=60.00 Hz, modePtr={id=5, vsyncRate=60.00 Hz, peakRefreshRate=60.00 Hz}}, emitEvent=true, force=false}
07-29 08:05:55.549  2173  2173 I DisplayModeController: hwc begin mode change to 16666666
07-29 08:05:55.549  2173  2173 I HWC2    : [0] setActiveConfigWithConstraints[5]
07-29 08:05:55.549  1917  3538 W SDM     : HWDeviceDRM::GetSupportedBitClkRate: Requested rate not supported: 1363200000
07-29 08:05:55.549  1917  3538 I SDM     : HWDeviceDRM::UpdateMixerAttributes: Mixer WxH 1440x3168-1 for Peripheral
07-29 08:05:55.550  1917  3538 I CwbService: CwbService::notifyConfigChange: display:0, config:5 size:4, sec.size():0
07-29 08:05:55.550  1917  3538 I CwbService: CwbService::notifyConfigChange: display: 0, config = 1
07-29 08:05:55.550  1917  3524 I CasManager: Fps changed from 120 to 60
07-29 08:05:55.550  1917  3524 I CasManager: Fps changed, not change bin, so trigger gain
07-29 08:05:55.550  1917  3524 W SDM     : DemuraIntfImpl::ProcessOemPluginGain: Thermal intf_ is nullptr 0, default to 25 degree
07-29 08:05:55.550  1917  3524 I SDM     : CasQcPlugIn::ProcessPerCompGainOppo: input params, mode:PWM, fps:60, dbv:1438
07-29 08:05:55.550  1917  3524 I SDM     : CasQcPlugIn::ProcessPerCompGainOppo: normalized bright_adj:1024, dbv:1438, bin_dbv:1083, 
07-29 08:05:55.550  1917  3524 I SDM     : CasQcPlugIn::ProcessPerCompGainOppo: gains print start =====================
07-29 08:05:55.550  1917  3524 I SDM     : CasQcPlugIn::ProcessPerCompGainOppo: gain --------------------------------
07-29 08:05:55.550  1917  3524 I SDM     : CasQcPlugIn::ProcessPerCompGainOppo: old: 0 0 0 57 90 322 1201 3072
07-29 08:05:55.550  1917  3524 I SDM     : CasQcPlugIn::ProcessPerCompGainOppo: new: 0 0 0 31 77 277 1034 3072
07-29 08:05:55.550  1917  3524 I SDM     : CasQcPlugIn::ProcessPerCompGainOppo: gain --------------------------------
07-29 08:05:55.550  1917  3524 I SDM     : CasQcPlugIn::ProcessPerCompGainOppo: old: 0 0 0 64 125 373 1336 3072
07-29 08:05:55.550  1917  3524 I SDM     : CasQcPlugIn::ProcessPerCompGainOppo: new: 0 0 0 35 98 373 1336 3072
07-29 08:05:55.550  1917  3524 I SDM     : CasQcPlugIn::ProcessPerCompGainOppo: gain --------------------------------
07-29 08:05:55.550  1917  3524 I SDM     : CasQcPlugIn::ProcessPerCompGainOppo: old: 0 0 0 42 83 323 1222 3072
07-29 08:05:55.550  1917  3524 I SDM     : CasQcPlugIn::ProcessPerCompGainOppo: new: 0 0 0 23 83 323 1222 3072
07-29 08:05:55.550  1917  3524 I SDM     : CasQcPlugIn::ProcessPerCompGainOppo: gains print end =======================
07-29 08:05:55.557  1917  3524 I SDM     : DemuraIntfImpl::StageAllData: Staged all data to Demura Driver!
07-29 08:05:55.557  1917  3524 I SDM     : HWPeripheralDRM::SetPanelFeature: Set Panel feature property 19
07-29 08:05:55.557  1917  3524 I SDM     : HWPeripheralDRM::SetPanelFeature: Set Panel feature property 7
07-29 08:05:55.557  1917  3524 I SDM     : DisplayBuiltIn::TriggerDemuraOemPlugIn: Trigger demura oem plugin success
07-29 08:05:55.559  1917  2247 I SDM     : DRMPanelFeatureMgr::ApplyDirtyFeature: Commited panel feature [enabled]: 20-272
07-29 08:05:55.559  1917  2247 I SDM     : DRMPanelFeatureMgr::ApplyDirtyFeature: Commited panel feature [enabled]: 8-271
07-29 08:05:55.562  8438  9234 W metis_v2_KnowledgeManager: Fire: isEmergency is true  debugFireMode = false [7f0000011753790713226283207393|p_7393_c14970@1|p_8438_dd338f3@1|com.oplus.metis] [base|com.oplus.metis|1.5.5-f48228a]
07-29 08:05:55.563  8438  9234 W metis_v2_OifaceBindUtils: bindTask [7f0000011753790713226283207393|p_7393_c14970@1|p_8438_dd338f3@1|com.oplus.metis]
07-29 08:05:55.563  8438  9234 W metis_v2_OifaceBindUtils: call connectOifaceService [7f0000011753790713226283207393|p_7393_c14970@1|p_8438_dd338f3@1|com.oplus.metis]
07-29 08:05:55.563  8438  9234 I metis_v2_KnowledgeManager: panta-sugg-Fire: count=1 [7f0000011753790713226283207393|p_7393_c14970@1|p_8438_dd338f3@1|com.oplus.metis]
07-29 08:05:55.563  6568  6631 E oiface  : sched_setaffinity failed
07-29 08:05:55.564  6568  6622 E oiface  : directSetTask: get cpuset path failed
07-29 08:05:55.565  8438  9234 I System.out: 'park_precondition_home_02' 
07-29 08:05:55.565  8438  9234 I System.out: 'park_precondition_company_02' 
07-29 08:05:55.565  8438  9234 I System.out: 'UBIQUITOUS_SERVICE#assistant_screen#NOT_AT_HOME_301' 
07-29 08:05:55.565  8438  9234 I System.out: 'UBIQUITOUS_SERVICE#assistant_screen#NOT_AT_OFFICE_401' 
07-29 08:05:55.565  8438  9234 I System.out: 'policy:NEAR_SUBWAY_BUS_STATION_2x4' 
07-29 08:05:55.566  8438  9234 W metis_v2_TimeDurationCompare: [com.oplus.metis#UBIQUITOUS_SERVICE#scene#tips#TipScene_EXIT] 'timestamp' is not literal. [7f0000011753790713226283207393|p_7393_c14970@1|p_8438_dd338f3@1|com.oplus.metis]
07-29 08:05:55.567  8438  9234 D SceneIntentPublisher: headAction: pkg is com.oplus.metis and simpleRuleName is UBIQUITOUS_SERVICE#secne#activity_coloros_reminder_tips
07-29 08:05:55.571  8438  9234 D SceneIntentPublisher: headAction: pkg is com.oplus.metis and simpleRuleName is UBIQUITOUS_SERVICE#secne#activity_coloros_reminder_tips
07-29 08:05:55.575  8438  9234 I System.out: 'UBIQUITOUS_SERVICE#assistant_screen#NOT_AT_HOME_301' 
07-29 08:05:55.576  8438  9234 I System.out: 'tempPropertyForGuideStatus' 
07-29 08:05:55.579  2173  2173 D VRR-[OPlusRefreshRateSelector]: setCurrentModeId 5 type SM
07-29 08:05:55.579  2173  3564 D VRR [OTI-HW]: isStateReady 1
07-29 08:05:55.579  2173  3564 D VRR [OTI-HW]: keep rate.
07-29 08:05:55.579  8438  9234 D SceneIntentPublisher: headAction: pkg is com.oplus.metis and simpleRuleName is UBIQUITOUS_SERVICE#secne#activity_coloros_reminder_tips
07-29 08:05:55.580  8438  9234 W metis_v2_TimeDurationCompare: [com.oplus.metis#UBIQUITOUS_SERVICE#scene#tips#TipScene_EXIT] 'timestamp' is not literal. [7f0000011753790713226283207393|p_7393_c14970@1|p_8438_dd338f3@1|com.oplus.metis]
07-29 08:05:55.580  3471  3746 I DisplayDeviceRepository: Display device changed render timings: "Built-in Screen", renderFrameRate=60.000004, presentationDeadlineNanos=16666666, appVsyncOffsetNanos=1000000
07-29 08:05:55.580  3471  3746 D LogicalDisplayExt: set displayInfo flag FLAG_ROTATES_WITH_CONTENT
07-29 08:05:55.582  3471  3746 D DisplayManagerServiceExtImpl: scheduleTraversalLocked intraversal=false
07-29 08:05:55.582  3471  3746 I DisplayManagerServiceExtImpl: handle logical display changed logicalDisplay=id=0,stack=0,content=true,displayInfo{stack=0,type=1,id=0,uId=local:4630946756802996883,state=ON,pkg=null}
07-29 08:05:55.582  3471  3746 D DisplayManagerService: Delivering display event: displayId=0, event=CHANGED
07-29 08:05:55.582  3471  3802 D BrightnessThermalClamper: Thermal status observer already started
07-29 08:05:55.582  3471  3802 D BrightnessPowerClamper: Power throttling data is missing for configuration data.
07-29 08:05:55.582  3471  3471 E OplusGestureAnimationManagerPolicy: mScreenHeight:2376 mScreenWidth:1080 mRotation:0
07-29 08:05:55.583  2148  3358 D AudioFlingerExtImpl: AudioFlingerExtImpl oplusSetParameters: keyvalue screen_state=on
07-29 08:05:55.583  2148  3358 D DeviceHalAidl: 0xb400007546e7c200 DeviceHalAidl::setParameters
07-29 08:05:55.583  2148  3358 D DeviceHalAidl: setParameters: parameters: "screen_state=on"
07-29 08:05:55.583  4690  4690 D CastManagerService: onDisplayChanged.
07-29 08:05:55.584  1881  3488 I PAL: ResourceManager: setParameter: 11480: Screen State:1
07-29 08:05:55.584  3471  3744 D OplusVFXScreenEffectFeature: notifySFCompatWindowStateChange entered false
07-29 08:05:55.584  3471  3744 D FSS_FoldScreenBlackCoverController: displayChangeToOn, dc:Display{#0 state=ON size=1080x2376 ROTATION_0}
07-29 08:05:55.584  2173  2339 D [PREVIEW]: SF obtain preview_adapter: 0
07-29 08:05:55.584  2173  2339 D [PREVIEW]: TabletPreviewAdapter::parallel world 0
07-29 08:05:55.585  3471  3746 D DisplayManagerService: MSG_REQUEST_TRAVERSAL pendingCompleted=false
07-29 08:05:55.586  4876  4876 I SystemUi--Statusbar: DisplayRepository-->combining enabled=[0], connectedExternalDisplayIds=[], ignored=[]
07-29 08:05:55.586  2148  3358 D DeviceHalAidl: 0xb400007546e7c800 DeviceHalAidl::setParameters
07-29 08:05:55.586  6568  6631 E oiface  : sched_setaffinity failed
07-29 08:05:55.586  2148  3358 D DeviceHalAidl: setParameters: parameters: "screen_state=on"
07-29 08:05:55.586  3471  3744 D DisplayManagerService: performTraversalInternal pendingTraversal
07-29 08:05:55.586  3471  3744 D DisplayDevice: setLayerStackLocked id=local:4630946756802996883 token=android.os.BinderProxy@6ea6e40 stack=0->0
07-29 08:05:55.586  1881  3488 D AHAL_Module: updateScreenState: usb: 1
07-29 08:05:55.586  2148  3358 D DeviceHalAidl: 0xb400007546e7ce00 DeviceHalAidl::setParameters
07-29 08:05:55.586  2014  2055 I gameoptHal: targetfps updated 6 -- 60
07-29 08:05:55.586  2148  3358 D DeviceHalAidl: setParameters: parameters: "screen_state=on"
07-29 08:05:55.586  1881  3488 D AHAL_Module: updateScreenState: r_submix: 1
07-29 08:05:55.586  2148  3358 D DeviceHalAidl: 0xb400007546e7d400 DeviceHalAidl::setParameters
07-29 08:05:55.586  2148  3358 D DeviceHalAidl: setParameters: parameters: "screen_state=on"
07-29 08:05:55.586  1881  3488 D AHAL_Module: updateScreenState: bluetooth: 1
07-29 08:05:55.587  2148  3358 D DeviceHalAidl: 0xb400007546e7da00 DeviceHalAidl::setParameters
07-29 08:05:55.587  2148  3358 D DeviceHalAidl: setParameters: parameters: "screen_state=on"
07-29 08:05:55.587  1881  3488 D AHAL_Module: updateScreenState: bluetooth: 1
07-29 08:05:55.587  2148  3358 D DeviceHalAidl: 0xb400007546e7e000 DeviceHalAidl::setParameters
07-29 08:05:55.587  2148  3358 D DeviceHalAidl: setParameters: parameters: "screen_state=on"
07-29 08:05:55.587  1881  3488 D AHAL_Module: updateScreenState: stub: 1
07-29 08:05:55.591  8438  9086 I ContextAware_GetInstalledAppsInfo: Update cache
07-29 08:05:55.592  8438  9234 W metis_v2_AbsTimerTriggered: [com.oplus.metis#UBIQUITOUS_SERVICE#health#LAUNCH-HEALTH-APP]: periodicTriggered's parseArgsToTimer meet exception periodic timer's first execute start time must >= time range start [7f0000011753790713226283207393|p_7393_c14970@1|p_8438_dd338f3@1|com.oplus.metis]
07-29 08:05:55.592  8438  9234 W metis_v2_AbsTimerTriggered: [com.oplus.metis#UBIQUITOUS_SERVICE#health#LAUNCH-HEALTH-APP]: please check if builtin periodicTriggered's args is valid [7f0000011753790713226283207393|p_7393_c14970@1|p_8438_dd338f3@1|com.oplus.metis]
07-29 08:05:55.594  8438  9234 I System.out: 'UBIQUITOUS_SERVICE#assistant_screen#NOT_AT_OFFICE_401' 
07-29 08:05:55.594  8438  9234 I metis_v2_KnowledgeManager: panta-sugg-Fire takes 31 milliseconds. [7f0000011753790713226283207393|p_7393_c14970@1|p_8438_dd338f3@1|com.oplus.metis]
07-29 08:05:55.594  8438  9234 I ContextAware_PantanalIntentManager: intent (id-14111004+policyName-CLEAN_STORAGE) is not found in scene_intent_config [7f0000011753790713226283207393|p_7393_c14970@1|p_8438_dd338f3@1|com.oplus.metis]
07-29 08:05:55.595  8438  9234 I metis_v2_SceneTravelingAdapter: recallTravellingIntent: [] [7f0000011753790713226283207393|p_7393_c14970@1|p_8438_dd338f3@1|com.oplus.metis]
07-29 08:05:55.595  8438  9234 I ContextAware_ContextAware_SceneIntentManager: mLastIntentDataSet: [] [7f0000011753790713226283207393|p_7393_c14970@1|p_8438_dd338f3@1|com.oplus.metis]
