07-29 07:58:17.826  4829  4829 I SystemUi--Keyguard: ScrimControllerExImp-->blur State to UNLOCK, bouncer=false changeFromBouncerScrim= false runnerUnlock= false goingAway=false hasHandle=true isOccludeAnimationPlaying=false
07-29 07:58:17.826  4829  4829 I SystemUi--QuickSettings: QSPanelAnimatorManager-->showFirstElement
07-29 07:58:17.829  1889  1951 I SnapAlloc: Using graphics libs for alignment calculations
07-29 07:58:17.829  1889  1951 I SnapAlloc: Using graphics libs for alignment calculations
07-29 07:58:17.830  4829  4829 D JankUtils: gfxSceneBegin; scene: 7; sceneDes: QS PULL
07-29 07:58:17.830  4829  4829 I SystemUi--Keyguard: ScrimControllerExImp-->blur State to UNLOCK, bouncer=false changeFromBouncerScrim= false runnerUnlock= false goingAway=false hasHandle=true isOccludeAnimationPlaying=false
07-29 07:58:17.830  1889  1951 I SnapAlloc: Using graphics libs for alignment calculations
07-29 07:58:17.830  4829  4829 I SystemUi--Keyguard: ScrimControllerExImp-->blur State to UNLOCK, bouncer=false changeFromBouncerScrim= false runnerUnlock= false goingAway=false hasHandle=true isOccludeAnimationPlaying=false
07-29 07:58:17.830  3336  5205 I InputDispatcher: injectInputEvent: targetUid=<not set>, syncMode=WAIT_FOR_FINISHED, timeout=30000ms, policyFlags=0x8000000, event=MotionEvent { action=MOVE, id[0]=0, x[0]=900, y[0]=719.5, eventTime=58671000000, downTime=58566000000, deviceId=4, source=TOUCHSCREEN, displayId=0, eventId=0xe6dab7a1}
07-29 07:58:17.831  3336  3753 D PowerManagerService: userActivityNoUpdateLocked: groupId=0, eventTime=58671, event=touch, flags=0x0, uid=1000
07-29 07:58:17.834  2131  3535 D SurfaceFlinger: updateWinowInfo=1, setFocusedWindow timestamp=58661215029, windowName=f3fc065 NotificationShade
07-29 07:58:17.835  3336  5202 I InputDispatcher: NFW_setFocusedWindow, f3fc065 NotificationShade on display 0, same as the previous:0
07-29 07:58:17.835  3336  5202 I InputDispatcher: updateFocusedWindow, f3fc065 NotificationShade on display 0, reason: setFocusedWindow, result:   FocusedWindows:
07-29 07:58:17.835  3336  5202 I InputDispatcher:     displayId=0, name='f3fc065 NotificationShade'
07-29 07:58:17.835  5182  5182 D VRI[Launcher]: onFocusEvent false
07-29 07:58:17.835  4829  4829 D VRI[NotificationShade]: onFocusEvent true
07-29 07:58:17.836  3336  5205 I InputDispatcher: injectInputEvent: targetUid=<not set>, syncMode=WAIT_FOR_FINISHED, timeout=30000ms, policyFlags=0x8000000, event=MotionEvent { action=MOVE, id[0]=0, x[0]=900, y[0]=758.9, eventTime=58677000000, downTime=58566000000, deviceId=4, source=TOUCHSCREEN, displayId=0, eventId=0xf82c4e68}
07-29 07:58:17.836  4829  4829 I SystemUi--Keyguard: ScrimControllerExImp-->blur State to UNLOCK, bouncer=false changeFromBouncerScrim= false runnerUnlock= false goingAway=false hasHandle=true isOccludeAnimationPlaying=false
07-29 07:58:17.836  4829  4829 I SystemUi--Keyguard: ScrimControllerExImp-->blur State to UNLOCK, bouncer=false changeFromBouncerScrim= false runnerUnlock= false goingAway=false hasHandle=true isOccludeAnimationPlaying=false
07-29 07:58:17.837  4829  5573 W BlurApp_1.0.7-OPlusBlurDrawable: [updatePosition] multiple changes in frame 4, maybe attached to multiple views!
07-29 07:58:17.837  4829  5573 W BlurApp_1.0.7-OPlusBlurDrawable: [updatePosition] multiple changes in frame 4, maybe attached to multiple views!
07-29 07:58:17.837  4829  5573 W BlurApp_1.0.7-OPlusBlurDrawable: [updatePosition] multiple changes in frame 4, maybe attached to multiple views!
07-29 07:58:17.837  4829  5573 W BlurApp_1.0.7-OPlusBlurDrawable: [updatePosition] multiple changes in frame 4, maybe attached to multiple views!
07-29 07:58:17.837  4829  5573 W BlurApp_1.0.7-OPlusBlurDrawable: [updatePosition] multiple changes in frame 4, maybe attached to multiple views!
07-29 07:58:17.837  4829  5573 W BlurApp_1.0.7-OPlusBlurDrawable: [updatePosition] multiple changes in frame 4, maybe attached to multiple views!
07-29 07:58:17.837  4829  5573 W BlurApp_1.0.7-OPlusBlurDrawable: [updatePosition] multiple changes in frame 4, maybe attached to multiple views!
07-29 07:58:17.837  4829  5573 W BlurApp_1.0.7-OPlusBlurDrawable: [updatePosition] multiple changes in frame 4, maybe attached to multiple views!
07-29 07:58:17.837  4829  5573 W BlurApp_1.0.7-OPlusBlurDrawable: [updatePosition] multiple changes in frame 4, maybe attached to multiple views!
07-29 07:58:17.837  4829  5573 W BlurApp_1.0.7-OPlusBlurDrawable: [updatePosition] multiple changes in frame 4, maybe attached to multiple views!
07-29 07:58:17.837  4829  5573 W BlurApp_1.0.7-OPlusBlurDrawable: [updatePosition] multiple changes in frame 4, maybe attached to multiple views!
07-29 07:58:17.837  4829  5573 W BlurApp_1.0.7-OPlusBlurDrawable: [updatePosition] multiple changes in frame 4, maybe attached to multiple views!
07-29 07:58:17.837  4829  5573 W BlurApp_1.0.7-OPlusBlurDrawable: [updatePosition] multiple changes in frame 4, maybe attached to multiple views!
07-29 07:58:17.837  4829  5573 W BlurApp_1.0.7-OPlusBlurDrawable: [updatePosition] multiple changes in frame 4, maybe attached to multiple views!
07-29 07:58:17.837  4829  5573 W BlurApp_1.0.7-OPlusBlurDrawable: [updatePosition] multiple changes in frame 4, maybe attached to multiple views!
07-29 07:58:17.837  4829  5573 W BlurApp_1.0.7-OPlusBlurDrawable: [updatePosition] multiple changes in frame 4, maybe attached to multiple views!
07-29 07:58:17.839  4829  4829 I SystemUi--Keyguard: OplusRepeatWhenAttachedUnlock-->updateState: view.windowVisibility: 0, keyguardShow: false, isInPreviewMode: false, view.hasWindowFocus(): true
07-29 07:58:17.839  4829  4829 I SystemUi--Keyguard: OplusRepeatWhenAttachedUnlock-->updateState: view.windowVisibility: 0, keyguardShow: false, isInPreviewMode: false, view.hasWindowFocus(): true
07-29 07:58:17.844  4829  4829 I SystemUi--Keyguard: ScrimControllerExImp-->blur State to UNLOCK, bouncer=false changeFromBouncerScrim= false runnerUnlock= false goingAway=false hasHandle=true isOccludeAnimationPlaying=false
07-29 07:58:17.844  1889  1951 I SnapAlloc: Using graphics libs for alignment calculations
07-29 07:58:17.844  3336  5205 I InputDispatcher: injectInputEvent: targetUid=<not set>, syncMode=WAIT_FOR_FINISHED, timeout=30000ms, policyFlags=0x8000000, event=MotionEvent { action=MOVE, id[0]=0, x[0]=900, y[0]=811.434, eventTime=58685000000, downTime=58566000000, deviceId=4, source=TOUCHSCREEN, displayId=0, eventId=0xd272bba3}
07-29 07:58:17.844  4829  4829 I SystemUi--Keyguard: ScrimControllerExImp-->blur State to UNLOCK, bouncer=false changeFromBouncerScrim= false runnerUnlock= false goingAway=false hasHandle=true isOccludeAnimationPlaying=false
07-29 07:58:17.844  4829  4829 I SystemUi--QuickSettings: QSPanelAnimatorManager-->showSecondElement
07-29 07:58:17.852  4829  4829 I SystemUi--Keyguard: ScrimControllerExImp-->blur State to UNLOCK, bouncer=false changeFromBouncerScrim= false runnerUnlock= false goingAway=false hasHandle=true isOccludeAnimationPlaying=false
07-29 07:58:17.852  3336  5205 I InputDispatcher: injectInputEvent: targetUid=<not set>, syncMode=WAIT_FOR_FINISHED, timeout=30000ms, policyFlags=0x8000000, event=MotionEvent { action=MOVE, id[0]=0, x[0]=900, y[0]=863.967, eventTime=58693000000, downTime=58566000000, deviceId=4, source=TOUCHSCREEN, displayId=0, eventId=0xdc910155}
07-29 07:58:17.852  4829  4829 I SystemUi--Keyguard: ScrimControllerExImp-->blur State to UNLOCK, bouncer=false changeFromBouncerScrim= false runnerUnlock= false goingAway=false hasHandle=true isOccludeAnimationPlaying=false
07-29 07:58:17.861  1889  1951 I SnapAlloc: Using graphics libs for alignment calculations
07-29 07:58:17.861  4829  4829 I SystemUi--Keyguard: ScrimControllerExImp-->blur State to UNLOCK, bouncer=false changeFromBouncerScrim= false runnerUnlock= false goingAway=false hasHandle=true isOccludeAnimationPlaying=false
07-29 07:58:17.861  3336  5205 I InputDispatcher: injectInputEvent: targetUid=<not set>, syncMode=WAIT_FOR_FINISHED, timeout=30000ms, policyFlags=0x8000000, event=MotionEvent { action=MOVE, id[0]=0, x[0]=900, y[0]=923.066, eventTime=58702000000, downTime=58566000000, deviceId=4, source=TOUCHSCREEN, displayId=0, eventId=0xe0b719af}
07-29 07:58:17.861  4829  4829 I SystemUi--Keyguard: ScrimControllerExImp-->blur State to UNLOCK, bouncer=false changeFromBouncerScrim= false runnerUnlock= false goingAway=false hasHandle=true isOccludeAnimationPlaying=false
07-29 07:58:17.865  4829  5426 I SystemUi--Statusbar: PrivacyDotViewController-->processNextViewState: 
07-29 07:58:17.865  4829  5426 I SystemUi--Statusbar: PrivacyDotViewController-->resolveState ViewState(viewInitialized=true, systemPrivacyEventIsActive=false, shadeExpanded=true, needShow=false, portraitRect=Rect(0, 0 - 1080, 120), landscapeRect=Rect(120, 0 - 2376, 120), upsideDownRect=Rect(0, 0 - 1080, 120), seascapeRect=Rect(0, 0 - 2244, 120), layoutRtl=false, rotation=0, paddingTop=14, paddingBottom=15, cornerIndex=1, designatedCorner=android.widget.FrameLayout{d8b130f I.E...... ......ID 1032,0-1080,120 #7f0a09cd app:id/privacy_dot_top_right_container alpha=1.0 viewInfo = }, contentDescription=null, dotMargin=48)
07-29 07:58:17.869  3336  5205 I InputDispatcher: injectInputEvent: targetUid=<not set>, syncMode=WAIT_FOR_FINISHED, timeout=30000ms, policyFlags=0x8000000, event=MotionEvent { action=MOVE, id[0]=0, x[0]=900, y[0]=975.6, eventTime=58710000000, downTime=58566000000, deviceId=4, source=TOUCHSCREEN, displayId=0, eventId=0xcabdc4f8}
07-29 07:58:17.869  4829  4829 I SystemUi--Keyguard: ScrimControllerExImp-->blur State to UNLOCK, bouncer=false changeFromBouncerScrim= false runnerUnlock= false goingAway=false hasHandle=true isOccludeAnimationPlaying=false
07-29 07:58:17.869  4829  4829 I SystemUi--Keyguard: ScrimControllerExImp-->blur State to UNLOCK, bouncer=false changeFromBouncerScrim= false runnerUnlock= false goingAway=false hasHandle=true isOccludeAnimationPlaying=false
07-29 07:58:17.872  3336  3762 D VRR [OPlusSAManager]: setSAConfig scene: VRR_90_120 modeId: 4 auto: true fakeFrame: true
07-29 07:58:17.872  3336  3762 D VRR [OPlusSAManager]: updateAutoMinfps with nits: 121.299576, mHistOK true, mAmbientOK true, mCctOK true, mIrOK true, mBrightnessOK true, isPkgOK true, SA min fps: 119
07-29 07:58:17.872  3336  3762 D VRR [OPlusSurfaceFlingerController]: setAutoMode enable: true fakeFrame: true fps: 119
07-29 07:58:17.872  2131  2458 I VRR-[OPlusAdfrUtil]: ADFR try set Auto mode with mode 1 fakeframe 1 min fps 119
07-29 07:58:17.872  2131  2458 D VRR-[OPlusRefreshRateSelector]: OSyncModes add size is 1.
07-29 07:58:17.872  2131  2458 I VRR-[OPlusRefreshRateSelector]: updateAutoMode success, display 0, mode 0, fakeframe 1, min fps: 1
07-29 07:58:17.872  2131  3495 D VRR-[OPlusRefreshRateSelector]: handleSetHWCOSync
07-29 07:58:17.872  2131  3495 D VRR-[OPlusRefreshRateSelector]: OSyncModes remaining size is 0.
07-29 07:58:17.872  2131  3495 D VRR-[OPlusRefreshRateSelector]: SetHWCOSync with 5CC08181
07-29 07:58:17.872  1892  1892 I SDM     : DisplayBuiltIn::SetQSyncMode: VRR + update qsync mode 0 minfps 00C08181
07-29 07:58:17.876  1892  2206 E SDM     : DRMConnector::Perform: Connector 67: Setting Qsync min fps 12616065
07-29 07:58:17.877  1889  1951 I SnapAlloc: Using graphics libs for alignment calculations
07-29 07:58:17.877  4829  4829 I SystemUi--Keyguard: ScrimControllerExImp-->blur State to UNLOCK, bouncer=false changeFromBouncerScrim= false runnerUnlock= false goingAway=false hasHandle=true isOccludeAnimationPlaying=false
07-29 07:58:17.878  3336  5205 I InputDispatcher: injectInputEvent: targetUid=<not set>, syncMode=WAIT_FOR_FINISHED, timeout=30000ms, policyFlags=0x8000000, event=MotionEvent { action=MOVE, id[0]=0, x[0]=900, y[0]=1028.13, eventTime=58718000000, downTime=58566000000, deviceId=4, source=TOUCHSCREEN, displayId=0, eventId=0xd3261069}
07-29 07:58:17.878  4829  4829 I SystemUi--Keyguard: ScrimControllerExImp-->blur State to UNLOCK, bouncer=false changeFromBouncerScrim= false runnerUnlock= false goingAway=false hasHandle=true isOccludeAnimationPlaying=false
07-29 07:58:17.885  4829  4829 I SystemUi--Keyguard: ScrimControllerExImp-->blur State to UNLOCK, bouncer=false changeFromBouncerScrim= false runnerUnlock= false goingAway=false hasHandle=true isOccludeAnimationPlaying=false
07-29 07:58:17.886  3336  5205 I InputDispatcher: injectInputEvent: targetUid=<not set>, syncMode=WAIT_FOR_FINISHED, timeout=30000ms, policyFlags=0x8000000, event=MotionEvent { action=MOVE, id[0]=0, x[0]=900, y[0]=1080.67, eventTime=58726000000, downTime=58566000000, deviceId=4, source=TOUCHSCREEN, displayId=0, eventId=0xf9b6766a}
07-29 07:58:17.886  4829  4829 I SystemUi--Keyguard: ScrimControllerExImp-->blur State to UNLOCK, bouncer=false changeFromBouncerScrim= false runnerUnlock= false goingAway=false hasHandle=true isOccludeAnimationPlaying=false
07-29 07:58:17.894  4829  4829 I SystemUi--Keyguard: ScrimControllerExImp-->blur State to UNLOCK, bouncer=false changeFromBouncerScrim= false runnerUnlock= false goingAway=false hasHandle=true isOccludeAnimationPlaying=false
07-29 07:58:17.894  3336  5205 I InputDispatcher: injectInputEvent: targetUid=<not set>, syncMode=WAIT_FOR_FINISHED, timeout=30000ms, policyFlags=0x8000000, event=MotionEvent { action=MOVE, id[0]=0, x[0]=900, y[0]=1139.77, eventTime=58735000000, downTime=58566000000, deviceId=4, source=TOUCHSCREEN, displayId=0, eventId=0xfdd23172}
07-29 07:58:17.894  1889  1951 I SnapAlloc: Using graphics libs for alignment calculations
07-29 07:58:17.894  4829  4829 I SystemUi--Keyguard: ScrimControllerExImp-->blur State to UNLOCK, bouncer=false changeFromBouncerScrim= false runnerUnlock= false goingAway=false hasHandle=true isOccludeAnimationPlaying=false
07-29 07:58:17.902  4829  4829 I SystemUi--Keyguard: ScrimControllerExImp-->blur State to UNLOCK, bouncer=false changeFromBouncerScrim= false runnerUnlock= false goingAway=false hasHandle=true isOccludeAnimationPlaying=false
07-29 07:58:17.902  3336  5205 I InputDispatcher: injectInputEvent: targetUid=<not set>, syncMode=WAIT_FOR_FINISHED, timeout=30000ms, policyFlags=0x8000000, event=MotionEvent { action=MOVE, id[0]=0, x[0]=900, y[0]=1192.3, eventTime=58743000000, downTime=58566000000, deviceId=4, source=TOUCHSCREEN, displayId=0, eventId=0xccac8075}
07-29 07:58:17.903  4829  4829 I SystemUi--Keyguard: ScrimControllerExImp-->blur State to UNLOCK, bouncer=false changeFromBouncerScrim= false runnerUnlock= false goingAway=false hasHandle=true isOccludeAnimationPlaying=false
07-29 07:58:17.911  4829  4829 I SystemUi--Keyguard: ScrimControllerExImp-->blur State to UNLOCK, bouncer=false changeFromBouncerScrim= false runnerUnlock= false goingAway=false hasHandle=true isOccludeAnimationPlaying=false
07-29 07:58:17.911  1889  1951 I SnapAlloc: Using graphics libs for alignment calculations
07-29 07:58:17.911  3336  5205 I InputDispatcher: injectInputEvent: targetUid=<not set>, syncMode=WAIT_FOR_FINISHED, timeout=30000ms, policyFlags=0x8000000, event=MotionEvent { action=MOVE, id[0]=0, x[0]=900, y[0]=1244.83, eventTime=58751000000, downTime=58566000000, deviceId=4, source=TOUCHSCREEN, displayId=0, eventId=0xee0894d0}
07-29 07:58:17.911  4829  4829 I SystemUi--Keyguard: ScrimControllerExImp-->blur State to UNLOCK, bouncer=false changeFromBouncerScrim= false runnerUnlock= false goingAway=false hasHandle=true isOccludeAnimationPlaying=false
07-29 07:58:17.919  4829  4829 I SystemUi--Keyguard: ScrimControllerExImp-->blur State to UNLOCK, bouncer=false changeFromBouncerScrim= false runnerUnlock= false goingAway=false hasHandle=true isOccludeAnimationPlaying=false
07-29 07:58:17.919  3336  5205 I InputDispatcher: injectInputEvent: targetUid=<not set>, syncMode=WAIT_FOR_FINISHED, timeout=30000ms, policyFlags=0x8000000, event=MotionEvent { action=MOVE, id[0]=0, x[0]=900, y[0]=1303.93, eventTime=58760000000, downTime=58566000000, deviceId=4, source=TOUCHSCREEN, displayId=0, eventId=0xee49f637}
07-29 07:58:17.919  4829  4829 I SystemUi--Keyguard: ScrimControllerExImp-->blur State to UNLOCK, bouncer=false changeFromBouncerScrim= false runnerUnlock= false goingAway=false hasHandle=true isOccludeAnimationPlaying=false
07-29 07:58:17.921  4829  4829 I SystemUi--QuickSettings: QsLottieUtils-->getLottieAnimFile : qs/qs_location_lottie_active_sep_dual_light.json
07-29 07:58:17.923  4829  4829 I SystemUi--QuickSettings: QsLottieUtils-->getLottieAnimFile : qs/qs_nfc_lottie_active_sep_dual_light.json
07-29 07:58:17.924  4829 13023 W LOG_Effective: Effective doesn't support layer effects. If you are using them for  fills, strokes, trim paths etc. then try adding them directly as contents  in your shape. Found: [Slider Control]
07-29 07:58:17.925  4829  5573 D HWUI    : OplusRenderNodeAnimator end!
07-29 07:58:17.925  4829  5573 D HWUI    : OplusRenderNodeAnimator end!
07-29 07:58:17.925  4829  5573 D HWUI    : OplusRenderNodeAnimator end!
07-29 07:58:17.925  4829  5573 D HWUI    : OplusRenderNodeAnimator end!
07-29 07:58:17.925  4829  4829 I SystemUi--Statusbar: CollapsedStatusBarFragmentExImpl-->animateHiddenState onAnimationEnd v:com.oplus.systemui.statusbar.widget.EndSideContentLayout{95a8c2b V.E...... ........ 172,0-440,91 #7f0a0c16 app:id/status_bar_end_side_content alpha=1.0 viewInfo = }  v alpha:1.0 v render alpha:0.0 animateAlpha=0.0
07-29 07:58:17.925  4829  4829 I SystemUi--Statusbar: CollapsedStatusBarFragmentExImpl-->animateHiddenState onAnimationEnd v:com.android.keyguard.AlphaOptimizedLinearLayout{22bde1d V.E...... ........ 0,0-48,91 alpha=1.0 viewInfo = }  v alpha:1.0 v render alpha:0.0 animateAlpha=0.0
07-29 07:58:17.925  4829  4829 I SystemUi--Statusbar: CollapsedStatusBarFragmentExImpl-->animateHiddenState onAnimationEnd v:com.oplus.systemui.statusbar.seeding.CapsulePluginContainer{a48ea V.E...... ........ 0,0-1080,120 #7f0a0b3b app:id/seeding_card_container alpha=1.0 viewInfo = }  v alpha:1.0 v render alpha:0.0 animateAlpha=0.0
07-29 07:58:17.925  4829  4829 I SystemUi--Statusbar: CollapsedStatusBarFragmentExImpl-->animateHiddenState onAnimationEnd v:com.oplus.systemui.statusbar.widget.StatClock{6d06ca V.ED..... ........ 0,0-136,91 #7f0a02b9 app:id/clock alpha=1.0 viewInfo = }  v alpha:1.0 v render alpha:0.0 animateAlpha=0.0
07-29 07:58:17.925  4829 13023 W LOG_Effective: Animation contains merge paths. Merge paths are only supported on KitKat+ and must be manually enabled by calling enableMergePathsForKitKatAndAbove().
07-29 07:58:17.927  1889  1951 I SnapAlloc: Using graphics libs for alignment calculations
07-29 07:58:17.927  4829  4829 I SystemUi--Keyguard: ScrimControllerExImp-->blur State to UNLOCK, bouncer=false changeFromBouncerScrim= false runnerUnlock= false goingAway=false hasHandle=true isOccludeAnimationPlaying=false
07-29 07:58:17.927  3336  5205 I InputDispatcher: injectInputEvent: targetUid=<not set>, syncMode=WAIT_FOR_FINISHED, timeout=30000ms, policyFlags=0x8000000, event=MotionEvent { action=MOVE, id[0]=0, x[0]=900, y[0]=1356.47, eventTime=58768000000, downTime=58566000000, deviceId=4, source=TOUCHSCREEN, displayId=0, eventId=0xd8b506cc}
07-29 07:58:17.928  4829  4829 I SystemUi--Keyguard: ScrimControllerExImp-->blur State to UNLOCK, bouncer=false changeFromBouncerScrim= false runnerUnlock= false goingAway=false hasHandle=true isOccludeAnimationPlaying=false
07-29 07:58:17.935  4829  4829 W LOG_Effective: Animation contains merge paths but they are disabled.
07-29 07:58:17.935  4829  4829 I SystemUi--Keyguard: ScrimControllerExImp-->blur State to UNLOCK, bouncer=false changeFromBouncerScrim= false runnerUnlock= false goingAway=false hasHandle=true isOccludeAnimationPlaying=false
07-29 07:58:17.935  3336  5205 I InputDispatcher: injectInputEvent: targetUid=<not set>, syncMode=WAIT_FOR_FINISHED, timeout=30000ms, policyFlags=0x8000000, event=MotionEvent { action=MOVE, id[0]=0, x[0]=900, y[0]=1409, eventTime=58776000000, downTime=58566000000, deviceId=4, source=TOUCHSCREEN, displayId=0, eventId=0xe2070a73}
07-29 07:58:17.936  4829  4829 I SystemUi--Keyguard: ScrimControllerExImp-->blur State to UNLOCK, bouncer=false changeFromBouncerScrim= false runnerUnlock= false goingAway=false hasHandle=true isOccludeAnimationPlaying=false
07-29 07:58:17.936  3336  3753 D PowerManagerService: userActivityNoUpdateLocked: groupId=0, eventTime=58776, event=touch, flags=0x0, uid=1000
07-29 07:58:17.942  1978  1978 D SensorFeature: name=ssc_screenshot_info ,index = 22
07-29 07:58:17.942  1978  1978 D SensorFeature: write 29 bytes:58774149977,58782483310,160,0
07-29 07:58:17.944  1889  1951 I SnapAlloc: Using graphics libs for alignment calculations
07-29 07:58:17.944  4829  4829 I SystemUi--Keyguard: ScrimControllerExImp-->blur State to UNLOCK, bouncer=false changeFromBouncerScrim= false runnerUnlock= false goingAway=false hasHandle=true isOccludeAnimationPlaying=false
07-29 07:58:17.944  3336  5205 I InputDispatcher: injectInputEvent: targetUid=<not set>, syncMode=WAIT_FOR_FINISHED, timeout=30000ms, policyFlags=0x8000000, event=MotionEvent { action=MOVE, id[0]=0, x[0]=900, y[0]=1468.1, eventTime=58785000000, downTime=58566000000, deviceId=4, source=TOUCHSCREEN, displayId=0, eventId=0xde72bc32}
07-29 07:58:17.944  4829  4829 I SystemUi--Keyguard: ScrimControllerExImp-->blur State to UNLOCK, bouncer=false changeFromBouncerScrim= false runnerUnlock= false goingAway=false hasHandle=true isOccludeAnimationPlaying=false
07-29 07:58:17.952  4829  4829 I SystemUi--Keyguard: ScrimControllerExImp-->blur State to UNLOCK, bouncer=false changeFromBouncerScrim= false runnerUnlock= false goingAway=false hasHandle=true isOccludeAnimationPlaying=false
07-29 07:58:17.952  3336  5205 I InputDispatcher: injectInputEvent: targetUid=<not set>, syncMode=WAIT_FOR_FINISHED, timeout=30000ms, policyFlags=0x8000000, event=MotionEvent { action=MOVE, id[0]=0, x[0]=900, y[0]=1520.63, eventTime=58793000000, downTime=58566000000, deviceId=4, source=TOUCHSCREEN, displayId=0, eventId=0xd123f458}
07-29 07:58:17.952  4829  4829 I SystemUi--Keyguard: ScrimControllerExImp-->blur State to UNLOCK, bouncer=false changeFromBouncerScrim= false runnerUnlock= false goingAway=false hasHandle=true isOccludeAnimationPlaying=false
07-29 07:58:17.960  4829  4829 I SystemUi--Keyguard: ScrimControllerExImp-->blur State to UNLOCK, bouncer=false changeFromBouncerScrim= false runnerUnlock= false goingAway=false hasHandle=true isOccludeAnimationPlaying=false
07-29 07:58:17.960  1889  1951 I SnapAlloc: Using graphics libs for alignment calculations
07-29 07:58:17.960  3336  5205 I InputDispatcher: injectInputEvent: targetUid=<not set>, syncMode=WAIT_FOR_FINISHED, timeout=30000ms, policyFlags=0x8000000, event=MotionEvent { action=MOVE, id[0]=0, x[0]=900, y[0]=1573.17, eventTime=58801000000, downTime=58566000000, deviceId=4, source=TOUCHSCREEN, displayId=0, eventId=0xf44382f4}
07-29 07:58:17.960  4829  4829 I SystemUi--Keyguard: ScrimControllerExImp-->blur State to UNLOCK, bouncer=false changeFromBouncerScrim= false runnerUnlock= false goingAway=false hasHandle=true isOccludeAnimationPlaying=false
07-29 07:58:17.969  4829  4829 I SystemUi--Keyguard: ScrimControllerExImp-->blur State to UNLOCK, bouncer=false changeFromBouncerScrim= false runnerUnlock= false goingAway=false hasHandle=true isOccludeAnimationPlaying=false
07-29 07:58:17.969  3336  5205 I InputDispatcher: injectInputEvent: targetUid=<not set>, syncMode=WAIT_FOR_FINISHED, timeout=30000ms, policyFlags=0x8000000, event=MotionEvent { action=MOVE, id[0]=0, x[0]=900, y[0]=1625.7, eventTime=58809000000, downTime=58566000000, deviceId=4, source=TOUCHSCREEN, displayId=0, eventId=0xe01eb72a}
07-29 07:58:17.969  4829  4829 I SystemUi--Keyguard: ScrimControllerExImp-->blur State to UNLOCK, bouncer=false changeFromBouncerScrim= false runnerUnlock= false goingAway=false hasHandle=true isOccludeAnimationPlaying=false
07-29 07:58:17.969  1993  2018 D BatteryChargeControl: bcc get no support from charging protocol
07-29 07:58:17.970  1993  7061 D charge_time: type=sdp,reserve_soc=2,soc=78,ui_soc=81,current=179,avg=176,not_chg_cnt=0,stable_cnt=7,fcc=5724,fcc_ratio=94,delta=43,debug=0,region=13,ttf=11139(03:05:39),ui_ttf=8384(02:19:44)
07-29 07:58:17.977  1889  1951 I SnapAlloc: Using graphics libs for alignment calculations
07-29 07:58:17.977  4829  4829 I SystemUi--Keyguard: ScrimControllerExImp-->blur State to UNLOCK, bouncer=false changeFromBouncerScrim= false runnerUnlock= false goingAway=false hasHandle=true isOccludeAnimationPlaying=false
07-29 07:58:17.978  3336  5205 I InputDispatcher: injectInputEvent: targetUid=<not set>, syncMode=WAIT_FOR_FINISHED, timeout=30000ms, policyFlags=0x8000000, event=MotionEvent { action=MOVE, id[0]=0, x[0]=900, y[0]=1684.8, eventTime=58818000000, downTime=58566000000, deviceId=4, source=TOUCHSCREEN, displayId=0, eventId=0xfe8512cb}
07-29 07:58:17.978  4829  4829 I SystemUi--Keyguard: ScrimControllerExImp-->blur State to UNLOCK, bouncer=false changeFromBouncerScrim= false runnerUnlock= false goingAway=false hasHandle=true isOccludeAnimationPlaying=false
07-29 07:58:17.986  4829  4829 I SystemUi--Keyguard: ScrimControllerExImp-->blur State to UNLOCK, bouncer=false changeFromBouncerScrim= false runnerUnlock= false goingAway=false hasHandle=true isOccludeAnimationPlaying=false
07-29 07:58:17.986  3336  5205 I InputDispatcher: injectInputEvent: targetUid=<not set>, syncMode=WAIT_FOR_FINISHED, timeout=30000ms, policyFlags=0x8000000, event=MotionEvent { action=MOVE, id[0]=0, x[0]=900, y[0]=1737.33, eventTime=58826000000, downTime=58566000000, deviceId=4, source=TOUCHSCREEN, displayId=0, eventId=0xcb77b30a}
07-29 07:58:17.986  4829  4829 I SystemUi--Keyguard: ScrimControllerExImp-->blur State to UNLOCK, bouncer=false changeFromBouncerScrim= false runnerUnlock= false goingAway=false hasHandle=true isOccludeAnimationPlaying=false
07-29 07:58:17.994  4829  4829 I SystemUi--Keyguard: ScrimControllerExImp-->blur State to UNLOCK, bouncer=false changeFromBouncerScrim= false runnerUnlock= false goingAway=false hasHandle=true isOccludeAnimationPlaying=false
07-29 07:58:17.994  3336  5205 I InputDispatcher: injectInputEvent: targetUid=<not set>, syncMode=WAIT_FOR_FINISHED, timeout=30000ms, policyFlags=0x8000000, event=MotionEvent { action=MOVE, id[0]=0, x[0]=900, y[0]=1796.43, eventTime=58835000000, downTime=58566000000, deviceId=4, source=TOUCHSCREEN, displayId=0, eventId=0xe4eeef10}
07-29 07:58:17.994  1889  1951 I SnapAlloc: Using graphics libs for alignment calculations
07-29 07:58:17.995  4829  4829 I SystemUi--Keyguard: ScrimControllerExImp-->blur State to UNLOCK, bouncer=false changeFromBouncerScrim= false runnerUnlock= false goingAway=false hasHandle=true isOccludeAnimationPlaying=false
07-29 07:58:18.002  4829  4829 I SystemUi--Keyguard: ScrimControllerExImp-->blur State to UNLOCK, bouncer=false changeFromBouncerScrim= false runnerUnlock= false goingAway=false hasHandle=true isOccludeAnimationPlaying=false
07-29 07:58:18.003  3336  5205 I InputDispatcher: injectInputEvent: targetUid=<not set>, syncMode=WAIT_FOR_FINISHED, timeout=30000ms, policyFlags=0x8000000, event=MotionEvent { action=MOVE, id[0]=0, x[0]=900, y[0]=1848.97, eventTime=58843000000, downTime=58566000000, deviceId=4, source=TOUCHSCREEN, displayId=0, eventId=0xfd7b633e}
07-29 07:58:18.003  4829  4829 I SystemUi--Keyguard: ScrimControllerExImp-->blur State to UNLOCK, bouncer=false changeFromBouncerScrim= false runnerUnlock= false goingAway=false hasHandle=true isOccludeAnimationPlaying=false
07-29 07:58:18.011  1889  1951 I SnapAlloc: Using graphics libs for alignment calculations
07-29 07:58:18.011  4829  4829 I SystemUi--Keyguard: ScrimControllerExImp-->blur State to UNLOCK, bouncer=false changeFromBouncerScrim= false runnerUnlock= false goingAway=false hasHandle=true isOccludeAnimationPlaying=false
07-29 07:58:18.011  3336  5205 I InputDispatcher: injectInputEvent: targetUid=<not set>, syncMode=WAIT_FOR_FINISHED, timeout=30000ms, policyFlags=0x8000000, event=MotionEvent { action=MOVE, id[0]=0, x[0]=900, y[0]=1908.07, eventTime=58852000000, downTime=58566000000, deviceId=4, source=TOUCHSCREEN, displayId=0, eventId=0xc178ca74}
07-29 07:58:18.012  4829  4829 I SystemUi--Keyguard: ScrimControllerExImp-->blur State to UNLOCK, bouncer=false changeFromBouncerScrim= false runnerUnlock= false goingAway=false hasHandle=true isOccludeAnimationPlaying=false
07-29 07:58:18.020  4829  4829 I SystemUi--Keyguard: ScrimControllerExImp-->blur State to UNLOCK, bouncer=false changeFromBouncerScrim= false runnerUnlock= false goingAway=false hasHandle=true isOccludeAnimationPlaying=false
07-29 07:58:18.020  3336  5205 I InputDispatcher: injectInputEvent: targetUid=<not set>, syncMode=WAIT_FOR_FINISHED, timeout=30000ms, policyFlags=0x8000000, event=MotionEvent { action=MOVE, id[0]=0, x[0]=900, y[0]=1967.17, eventTime=58861000000, downTime=58566000000, deviceId=4, source=TOUCHSCREEN, displayId=0, eventId=0xda69d0c8}
07-29 07:58:18.020  4829  4829 I SystemUi--Keyguard: ScrimControllerExImp-->blur State to UNLOCK, bouncer=false changeFromBouncerScrim= false runnerUnlock= false goingAway=false hasHandle=true isOccludeAnimationPlaying=false
07-29 07:58:18.027  1889  1951 I SnapAlloc: Using graphics libs for alignment calculations
07-29 07:58:18.027  4829  4829 I SystemUi--Keyguard: ScrimControllerExImp-->blur State to UNLOCK, bouncer=false changeFromBouncerScrim= false runnerUnlock= false goingAway=false hasHandle=true isOccludeAnimationPlaying=false
07-29 07:58:18.028  3336  5205 I InputDispatcher: injectInputEvent: targetUid=<not set>, syncMode=WAIT_FOR_FINISHED, timeout=30000ms, policyFlags=0x8000000, event=MotionEvent { action=UP, id[0]=0, x[0]=900, y[0]=2000, eventTime=58868000000, downTime=58566000000, deviceId=4, source=TOUCHSCREEN, displayId=0, eventId=0xf2b78462}
07-29 07:58:18.028  4829  4829 I SystemUi--Keyguard: ScrimControllerExImp-->blur State to UNLOCK, bouncer=false changeFromBouncerScrim= false runnerUnlock= false goingAway=false hasHandle=true isOccludeAnimationPlaying=false
07-29 07:58:18.028  3336  4783 D UAH-UahAdaptHelper: adaptSetNotification identity = OplusUAwareInputHelpersrc = 1000 , type 1 ,p1 = -1 ,p2 = -1 ,p3 = -1 ,p4 =
07-29 07:58:18.028  3336  4783 I [UAH_CLIENT]: uahRuleCtl, ruleId:1000, status:1
07-29 07:58:18.028  3336  4363 D OplusViewDebugManager: OplusViewDebugManager Constructor android.view.debug.OplusViewDebugManager@6ebc2c [mHasViewDebugProperty true] [mHasMsgDebugProperty false] [DEBUG false] [EXTRAINFOENABLE false] [LIGHT_OS false]
07-29 07:58:18.028  3336  4783 I [UAH_CLIENT]: UahRelease, handle:40
07-29 07:58:18.028  3336  4363 D OplusViewDebugManager: OplusViewDebugManager Constructor android.view.debug.OplusViewDebugManager@283b6f5 [mHasViewDebugProperty true] [mHasMsgDebugProperty false] [DEBUG false] [EXTRAINFOENABLE false] [LIGHT_OS false]
07-29 07:58:18.029  3336  4783 I [UAH_CLIENT]: UahEventAcquire, cmdid:6, pkg:none, identity:OplusUAwareInputHelper
07-29 07:58:18.030  4829  4829 I SystemUi--Statusbar: OplusStatusBarWindowViewTouchExImpl-->onTouchEvent handled:false
07-29 07:58:18.030  4829  4829 I SystemUi--QuickSettings: OplusPanelViewPagerController-->reset
07-29 07:58:18.030  4829  4829 I SystemUi--QuickSettings: OplusPanelViewPagerController-->reset
07-29 07:58:18.030  4829  5464 I [UAH_CLIENT]: UahRelease, handle:39
07-29 07:58:18.030  4829  4829 I SystemUi--QuickSettings: OplusQSRootViewController-->endMotionEvent, expand: true, vel: 6566.732, vectorVel: 6566.732  isClosing=false panelClosedOnDown=true canSlideHToQSOnStatusBar=true
07-29 07:58:18.030  4829  4829 I SystemUi--QuickSettings: OplusQSRootViewController-->fling qs, expand: true, vel: 6566.732
07-29 07:58:18.030  4829  4829 I SystemUi--QuickSettings: QSPanelExpandFraction-->animateExpanded, isExpanded=true, (0.9690377 -> 1.0), lastFinalPosition=1.0
07-29 07:58:18.030  4829  4829 I SystemUi--QuickSettings: QSPanelTranslationY-->animateExpandTranslationY, isExpanded=true, threshold=156.0
07-29 07:58:18.030  4829  4829 I SystemUi--QuickSettings: QSPanelAnimatorManager-->startRebound
07-29 07:58:18.030  4829  5464 I [UAH_CLIENT]: UahEventAcquire, cmdid:97, pkg:none, identity:OsenseHelperImpl
07-29 07:58:18.031  4829  4829 I SystemUi--QuickSettings: OplusPanelViewPagerController-->notifySeparateQSEndMotionEvent currentNotifyFraction=0.0  fraction=0.9690377 notifyExpandedFraction=0.0 fractionListeners.size=0
07-29 07:58:18.031  4829  4829 I SystemUi--QuickSettings: OplusQSRootViewController-->resetTouch
07-29 07:58:18.031  4829  4829 D OplusViewDragTouchViewHelper: dispatchTouchView action = 1
07-29 07:58:18.031  4829  4829 D OplusViewDragTouchViewHelper: dispatchTouchView action = 1
07-29 07:58:18.031  4829  4829 D OplusViewDragTouchViewHelper: dispatchTouchView action = 1
07-29 07:58:18.032  1922  1964 I [UAH_CLIENT]: UahPlatformResAcquire
07-29 07:58:18.032  1922  1964 I [UAH_CLIENT]: UahEventAcquire, cmdid:-3, pkg:1922 7015, identity:qcom-perfd
07-29 07:58:18.033  1922  1964 E PERFHAL-RESOURCEQS: PERFHAL-RESOURCEQS: AddAndApply() 130: Resource with major=18, minor=30 not supported
07-29 07:58:18.033  1922  1964 E PERFHAL-RESOURCEQS: PERFHAL-RESOURCEQS: AddAndApply() 130: Resource with major=18, minor=31 not supported
07-29 07:58:18.035  4829  4829 I SystemUi--Keyguard: ScrimControllerExImp-->blur State to UNLOCK, bouncer=false changeFromBouncerScrim= false runnerUnlock= false goingAway=false hasHandle=true isOccludeAnimationPlaying=false
07-29 07:58:18.035  4829  4829 I SystemUi--Keyguard: ScrimControllerExImp-->blur State to UNLOCK, bouncer=false changeFromBouncerScrim= false runnerUnlock= false goingAway=false hasHandle=true isOccludeAnimationPlaying=false
07-29 07:58:18.043  4829  4829 I SystemUi--Keyguard: ScrimControllerExImp-->blur State to UNLOCK, bouncer=false changeFromBouncerScrim= false runnerUnlock= false goingAway=false hasHandle=true isOccludeAnimationPlaying=false
07-29 07:58:18.043  1889  1951 I SnapAlloc: Using graphics libs for alignment calculations
07-29 07:58:18.043  4829  4829 I SystemUi--Keyguard: ScrimControllerExImp-->blur State to UNLOCK, bouncer=false changeFromBouncerScrim= false runnerUnlock= false goingAway=false hasHandle=true isOccludeAnimationPlaying=false
07-29 07:58:18.051  4829  4829 I SystemUi--Keyguard: ScrimControllerExImp-->blur State to UNLOCK, bouncer=false changeFromBouncerScrim= false runnerUnlock= false goingAway=false hasHandle=true isOccludeAnimationPlaying=false
07-29 07:58:18.052  4829  4829 I SystemUi--Keyguard: ScrimControllerExImp-->blur State to UNLOCK, bouncer=false changeFromBouncerScrim= false runnerUnlock= false goingAway=false hasHandle=true isOccludeAnimationPlaying=false
07-29 07:58:18.060  4829  4829 I SystemUi--Keyguard: ScrimControllerExImp-->blur State to UNLOCK, bouncer=false changeFromBouncerScrim= false runnerUnlock= false goingAway=false hasHandle=true isOccludeAnimationPlaying=false
07-29 07:58:18.060  1889  1951 I SnapAlloc: Using graphics libs for alignment calculations
07-29 07:58:18.060  4829  4829 I SystemUi--Keyguard: ScrimControllerExImp-->blur State to UNLOCK, bouncer=false changeFromBouncerScrim= false runnerUnlock= false goingAway=false hasHandle=true isOccludeAnimationPlaying=false
07-29 07:58:18.068  4829  4829 I SystemUi--Keyguard: ScrimControllerExImp-->blur State to UNLOCK, bouncer=false changeFromBouncerScrim= false runnerUnlock= false goingAway=false hasHandle=true isOccludeAnimationPlaying=false
07-29 07:58:18.068  4829  4829 I SystemUi--Keyguard: ScrimControllerExImp-->blur State to UNLOCK, bouncer=false changeFromBouncerScrim= false runnerUnlock= false goingAway=false hasHandle=true isOccludeAnimationPlaying=false
07-29 07:58:18.076  4829  4829 I SystemUi--Keyguard: ScrimControllerExImp-->blur State to UNLOCK, bouncer=false changeFromBouncerScrim= false runnerUnlock= false goingAway=false hasHandle=true isOccludeAnimationPlaying=false
07-29 07:58:18.077  1889  1951 I SnapAlloc: Using graphics libs for alignment calculations
07-29 07:58:18.077  4829  4829 I SystemUi--Keyguard: ScrimControllerExImp-->blur State to UNLOCK, bouncer=false changeFromBouncerScrim= false runnerUnlock= false goingAway=false hasHandle=true isOccludeAnimationPlaying=false
07-29 07:58:18.085  4829  4829 I SystemUi--Keyguard: ScrimControllerExImp-->blur State to UNLOCK, bouncer=false changeFromBouncerScrim= false runnerUnlock= false goingAway=false hasHandle=true isOccludeAnimationPlaying=false
07-29 07:58:18.085  4829  4829 I SystemUi--Keyguard: ScrimControllerExImp-->blur State to UNLOCK, bouncer=false changeFromBouncerScrim= false runnerUnlock= false goingAway=false hasHandle=true isOccludeAnimationPlaying=false
07-29 07:58:18.093  4829  4829 I SystemUi--Keyguard: ScrimControllerExImp-->blur State to UNLOCK, bouncer=false changeFromBouncerScrim= false runnerUnlock= false goingAway=false hasHandle=true isOccludeAnimationPlaying=false
07-29 07:58:18.093  1889  1951 I SnapAlloc: Using graphics libs for alignment calculations
07-29 07:58:18.093  4829  4829 I SystemUi--Keyguard: ScrimControllerExImp-->blur State to UNLOCK, bouncer=false changeFromBouncerScrim= false runnerUnlock= false goingAway=false hasHandle=true isOccludeAnimationPlaying=false
07-29 07:58:18.101  4829  4829 I SystemUi--Keyguard: ScrimControllerExImp-->blur State to UNLOCK, bouncer=false changeFromBouncerScrim= false runnerUnlock= false goingAway=false hasHandle=true isOccludeAnimationPlaying=false
07-29 07:58:18.102  4829  4829 I SystemUi--Keyguard: ScrimControllerExImp-->blur State to UNLOCK, bouncer=false changeFromBouncerScrim= false runnerUnlock= false goingAway=false hasHandle=true isOccludeAnimationPlaying=false
07-29 07:58:18.110  4829  4829 I SystemUi--Keyguard: ScrimControllerExImp-->blur State to UNLOCK, bouncer=false changeFromBouncerScrim= false runnerUnlock= false goingAway=false hasHandle=true isOccludeAnimationPlaying=false
07-29 07:58:18.110  1889  1951 I SnapAlloc: Using graphics libs for alignment calculations
07-29 07:58:18.110  4829  4829 I SystemUi--Keyguard: ScrimControllerExImp-->blur State to UNLOCK, bouncer=false changeFromBouncerScrim= false runnerUnlock= false goingAway=false hasHandle=true isOccludeAnimationPlaying=false
07-29 07:58:18.118  4829  4829 I SystemUi--Keyguard: ScrimControllerExImp-->blur State to UNLOCK, bouncer=false changeFromBouncerScrim= false runnerUnlock= false goingAway=false hasHandle=true isOccludeAnimationPlaying=false
07-29 07:58:18.118  4829  4829 I SystemUi--Keyguard: ScrimControllerExImp-->blur State to UNLOCK, bouncer=false changeFromBouncerScrim= false runnerUnlock= false goingAway=false hasHandle=true isOccludeAnimationPlaying=false
07-29 07:58:18.126  4829  4829 I SystemUi--Keyguard: ScrimControllerExImp-->blur State to UNLOCK, bouncer=false changeFromBouncerScrim= false runnerUnlock= false goingAway=false hasHandle=true isOccludeAnimationPlaying=false
07-29 07:58:18.126  1889  1951 I SnapAlloc: Using graphics libs for alignment calculations
07-29 07:58:18.127  4829  4829 I SystemUi--Keyguard: ScrimControllerExImp-->blur State to UNLOCK, bouncer=false changeFromBouncerScrim= false runnerUnlock= false goingAway=false hasHandle=true isOccludeAnimationPlaying=false
07-29 07:58:18.134  4829  4829 I SystemUi--Keyguard: ScrimControllerExImp-->blur State to UNLOCK, bouncer=false changeFromBouncerScrim= false runnerUnlock= false goingAway=false hasHandle=true isOccludeAnimationPlaying=false
07-29 07:58:18.135  4829  4829 I SystemUi--Keyguard: ScrimControllerExImp-->blur State to UNLOCK, bouncer=false changeFromBouncerScrim= false runnerUnlock= false goingAway=false hasHandle=true isOccludeAnimationPlaying=false
07-29 07:58:18.143  4829  4829 I SystemUi--Keyguard: ScrimControllerExImp-->blur State to UNLOCK, bouncer=false changeFromBouncerScrim= false runnerUnlock= false goingAway=false hasHandle=true isOccludeAnimationPlaying=false
07-29 07:58:18.143  1889  1951 I SnapAlloc: Using graphics libs for alignment calculations
07-29 07:58:18.143  4829  4829 I SystemUi--Keyguard: ScrimControllerExImp-->blur State to UNLOCK, bouncer=false changeFromBouncerScrim= false runnerUnlock= false goingAway=false hasHandle=true isOccludeAnimationPlaying=false
07-29 07:58:18.151  4829  4829 I SystemUi--Keyguard: ScrimControllerExImp-->blur State to UNLOCK, bouncer=false changeFromBouncerScrim= false runnerUnlock= false goingAway=false hasHandle=true isOccludeAnimationPlaying=false
07-29 07:58:18.152  4829  4829 I SystemUi--Keyguard: ScrimControllerExImp-->blur State to UNLOCK, bouncer=false changeFromBouncerScrim= false runnerUnlock= false goingAway=false hasHandle=true isOccludeAnimationPlaying=false
07-29 07:58:18.159  4829  4829 I SystemUi--Keyguard: ScrimControllerExImp-->blur State to UNLOCK, bouncer=false changeFromBouncerScrim= false runnerUnlock= false goingAway=false hasHandle=true isOccludeAnimationPlaying=false
07-29 07:58:18.159  1889  1951 I SnapAlloc: Using graphics libs for alignment calculations
07-29 07:58:18.160  4829  4829 I SystemUi--Keyguard: ScrimControllerExImp-->blur State to UNLOCK, bouncer=false changeFromBouncerScrim= false runnerUnlock= false goingAway=false hasHandle=true isOccludeAnimationPlaying=false
07-29 07:58:18.168  4829  4829 I SystemUi--Keyguard: ScrimControllerExImp-->blur State to UNLOCK, bouncer=false changeFromBouncerScrim= false runnerUnlock= false goingAway=false hasHandle=true isOccludeAnimationPlaying=false
07-29 07:58:18.168  4829  4829 I SystemUi--Keyguard: ScrimControllerExImp-->blur State to UNLOCK, bouncer=false changeFromBouncerScrim= false runnerUnlock= false goingAway=false hasHandle=true isOccludeAnimationPlaying=false
07-29 07:58:18.176  4829  4829 I SystemUi--Keyguard: ScrimControllerExImp-->blur State to UNLOCK, bouncer=false changeFromBouncerScrim= false runnerUnlock= false goingAway=false hasHandle=true isOccludeAnimationPlaying=false
07-29 07:58:18.176  1889  1951 I SnapAlloc: Using graphics libs for alignment calculations
07-29 07:58:18.176  4829  4829 I SystemUi--Keyguard: ScrimControllerExImp-->blur State to UNLOCK, bouncer=false changeFromBouncerScrim= false runnerUnlock= false goingAway=false hasHandle=true isOccludeAnimationPlaying=false
07-29 07:58:18.184  4829  4829 I SystemUi--Keyguard: ScrimControllerExImp-->blur State to UNLOCK, bouncer=false changeFromBouncerScrim= false runnerUnlock= false goingAway=false hasHandle=true isOccludeAnimationPlaying=false
07-29 07:58:18.185  4829  4829 I SystemUi--Keyguard: ScrimControllerExImp-->blur State to UNLOCK, bouncer=false changeFromBouncerScrim= false runnerUnlock= false goingAway=false hasHandle=true isOccludeAnimationPlaying=false
07-29 07:58:18.193  4829  4829 I SystemUi--Keyguard: ScrimControllerExImp-->blur State to UNLOCK, bouncer=false changeFromBouncerScrim= false runnerUnlock= false goingAway=false hasHandle=true isOccludeAnimationPlaying=false
07-29 07:58:18.193  4829  4829 I SystemUi--Keyguard: ScrimControllerExImp-->blur State to UNLOCK, bouncer=false changeFromBouncerScrim= false runnerUnlock= false goingAway=false hasHandle=true isOccludeAnimationPlaying=false
07-29 07:58:18.195  1889  1951 I SnapAlloc: Using graphics libs for alignment calculations
07-29 07:58:18.201  4829  4829 I SystemUi--Keyguard: ScrimControllerExImp-->blur State to UNLOCK, bouncer=false changeFromBouncerScrim= false runnerUnlock= false goingAway=false hasHandle=true isOccludeAnimationPlaying=false
07-29 07:58:18.201  4829  4829 I SystemUi--Keyguard: ScrimControllerExImp-->blur State to UNLOCK, bouncer=false changeFromBouncerScrim= false runnerUnlock= false goingAway=false hasHandle=true isOccludeAnimationPlaying=false
07-29 07:58:18.209  4829  4829 I SystemUi--Keyguard: ScrimControllerExImp-->blur State to UNLOCK, bouncer=false changeFromBouncerScrim= false runnerUnlock= false goingAway=false hasHandle=true isOccludeAnimationPlaying=false
07-29 07:58:18.209  1889  1951 I SnapAlloc: Using graphics libs for alignment calculations
07-29 07:58:18.210  4829  4829 I SystemUi--Keyguard: ScrimControllerExImp-->blur State to UNLOCK, bouncer=false changeFromBouncerScrim= false runnerUnlock= false goingAway=false hasHandle=true isOccludeAnimationPlaying=false
07-29 07:58:18.216  1978  1978 D SensorFeature: name=ssc_screenshot_info ,index = 22
07-29 07:58:18.216  1978  1978 D SensorFeature: write 29 bytes:59048133571,59056466904,161,0
07-29 07:58:18.218  4829  4829 I SystemUi--Keyguard: ScrimControllerExImp-->blur State to UNLOCK, bouncer=false changeFromBouncerScrim= false runnerUnlock= false goingAway=false hasHandle=true isOccludeAnimationPlaying=false
07-29 07:58:18.218  4829  4829 I SystemUi--Keyguard: ScrimControllerExImp-->blur State to UNLOCK, bouncer=false changeFromBouncerScrim= false runnerUnlock= false goingAway=false hasHandle=true isOccludeAnimationPlaying=false
07-29 07:58:18.226  4829  4829 I SystemUi--QuickSettings: TemporarilyInfoManager-->[setStarted] true
07-29 07:58:18.226  4829  4829 I SystemUi--QuickSettings: OplusQSRootViewController-->endClosing()
07-29 07:58:18.226  4829  4829 I SystemUi--Common: OplusShadeExpansionStat-->go state: OPENING -> OPEN
07-29 07:58:18.226  4829  4829 I SystemUi--Common: OplusShadeExpansionStat-->go state: OPENING -> OPEN
07-29 07:58:18.226  1889  1951 I SnapAlloc: Using graphics libs for alignment calculations
07-29 07:58:18.226  4829  4829 I SystemUi--Keyguard: ScrimControllerExImp-->blur State to UNLOCK, bouncer=false changeFromBouncerScrim= false runnerUnlock= false goingAway=false hasHandle=true isOccludeAnimationPlaying=false
07-29 07:58:18.226  4829  4829 I SystemUi--Common: PlatformBlurManagerImpl-->setPlatformBlurMode: blurMode=AUTO(blurFrequency=4)
07-29 07:58:18.226  4829  4829 I SystemUi--Common: PlatformBlurManagerImpl-->updateMotionFrequency: isExpanding=false
07-29 07:58:18.226  4829  4829 I SystemUi--Keyguard: ScrimControllerExImp-->blur State to UNLOCK, bouncer=false changeFromBouncerScrim= false runnerUnlock= false goingAway=false hasHandle=true isOccludeAnimationPlaying=false
07-29 07:58:18.227  4829  4829 I SystemUi--Device_Panel: OplusQSMyDeviceContainerViewController-->setQsDeviceExpansion expansion 1.0
07-29 07:58:18.227  4829  4829 I SystemUi--QuickSettings: QSPanelExpandFraction-->fractionAnimation onAnimationEnd, value=1.0
07-29 07:58:18.259  1889  1951 I SnapAlloc: Using graphics libs for alignment calculations
07-29 07:58:18.278  6551  6631 E oiface  : sched_setaffinity failed
07-29 07:58:18.280  1993  1993 D vendor.oplus.hardware.charger-V7-service: getChargerControl:
07-29 07:58:18.296  1979  1994 E PerformanceService: storage_feature: open /sys/devices/platform/soc/112b0000.ufshci//virtualtlcbuff fail
07-29 07:58:18.301  3336  5428 W BestClock: java.time.DateTimeException: Missing network time fix
07-29 07:58:18.302  3336  5428 W BestClock: java.time.DateTimeException: Missing network time fix
07-29 07:58:18.302  3336  5205 W BestClock: java.time.DateTimeException: Missing network time fix
07-29 07:58:18.314  1892  4384 I Dpps    : LtmSwState::SetParameter():144 ignore cmd 7 in state LtmOffState
07-29 07:58:18.373  3336  3762 D VRR [OPlusSAManager]: updateAutoMinfps with nits: 121.299576, mHistOK true, mAmbientOK true, mCctOK true, mIrOK true, mBrightnessOK true, isPkgOK true, SA min fps: 119
07-29 07:58:18.373  3336  3762 D VRR [OPlusSurfaceFlingerController]: setAutoMode enable: true fakeFrame: true fps: 119
07-29 07:58:18.373  2131  2458 I VRR-[OPlusAdfrUtil]: ADFR try set Auto mode with mode 1 fakeframe 1 min fps 119
07-29 07:58:18.373  2131  2458 D VRR-[OPlusRefreshRateSelector]: OSyncModes add size is 1.
07-29 07:58:18.373  2131  2458 I VRR-[OPlusRefreshRateSelector]: updateAutoMode success, display 0, mode 0, fakeframe 1, min fps: 1
07-29 07:58:18.373  2131  3495 D VRR-[OPlusRefreshRateSelector]: handleSetHWCOSync
07-29 07:58:18.373  2131  3495 D VRR-[OPlusRefreshRateSelector]: OSyncModes remaining size is 0.
07-29 07:58:18.373  2131  3495 D VRR-[OPlusRefreshRateSelector]: SetHWCOSync with 5CC08181
07-29 07:58:18.374  1892  1892 I SDM     : DisplayBuiltIn::SetQSyncMode: VRR + update qsync mode 0 minfps 00C08181
07-29 07:58:18.382  1892  2206 E SDM     : DRMConnector::Perform: Connector 67: Setting Qsync min fps 12616065
07-29 07:58:18.490  1978  1978 D SensorFeature: name=ssc_screenshot_info ,index = 22
07-29 07:58:18.490  1978  1978 D SensorFeature: write 29 bytes:59321982477,59330315810,162,0
07-29 07:58:18.579  1810  4396 I sensors-hal: handle_oplus_wise_rgb_event:189, high_pwm_light:lux 271.2,cct 3643.6,brl/algo/ir 1438.0/2.0/16.6,pwm/dc 0.0/0.0,rgbc 20877.234375/13199.140625/6065.940430/38831.156250,ts 59314050255,cnt 850,flag 162
07-29 07:58:18.579  1892  4384 I Dpps    : LtmSwState::SetParameter():144 ignore cmd 7 in state LtmOffState
07-29 07:58:18.764  1978  1978 D SensorFeature: name=ssc_screenshot_info ,index = 22
07-29 07:58:18.764  1978  1978 D SensorFeature: write 29 bytes:59596358414,59604691747,163,0
07-29 07:58:18.840  5182  5557 D OplusScrollToTopManager: com.android.launcher/com.android.launcher.Launcher,This com.android.internal.policy.DecorView{f651f1c V.E...... R....... 0,0-1080,2376 aid=0 alpha=1.0 viewInfo = }[Launcher] change focus to false
07-29 07:58:18.840  4829  5050 D OplusScrollToTopManager: NotificationShade,This com.android.systemui.shade.NotificationShadeWindowView{32e8634 V.E...... .......D 0,0-1080,2376 #7f0a06b7 app:id/legacy_window_root alpha=1.0 viewInfo = } change focus to true
07-29 07:58:18.840  4829  5050 D OplusScrollToTopManager: NotificationShade, registerGuidePopupDismissReceiverInSystemUI
07-29 07:58:18.842  4829  5050 D OplusScrollToTopManager: NotificationShade, after registerGuidePopupDismissReceiverInSystemUI
07-29 07:58:18.845  1892  4384 I Dpps    : LtmSwState::SetParameter():144 ignore cmd 7 in state LtmOffState
07-29 07:58:18.969  1993  2018 D BatteryChargeControl: bcc get no support from charging protocol
