07-28 03:46:18.339  1798  1801 E Diag-Router: diag: diag_glinkpkt_open_thread: Glinkpkt_open failed for perif: 13 with err: -1, retry_cnt: 9
07-28 03:46:18.339  1798  1800 E Diag-Router: diag: glinkpkt_open: failed to create control node for slate_apps
07-28 03:46:18.339  1798  1800 E Diag-Router: diag: diag_glinkpkt_open_thread: Glinkpkt_open failed for perif: 12 with err: -1, retry_cnt: 9
07-28 03:46:18.401  1996  1996 D SensorFeature: name=ssc_screenshot_info ,index = 22
07-28 03:46:18.401  1996  1996 D SensorFeature: write 29 bytes:47134333678,57159616852,155,0
07-28 03:46:18.545  1857  4477 I sensors-hal: handle_oplus_wise_rgb_event:189, high_pwm_light:lux 1.9,cct 5300.0,brl/algo/ir 78.0/2.0/0.0,pwm/dc 0.0/0.0,rgbc 123.203094/107.699203/39.374348/271.179260,ts 57140674317,cnt 830,flag 155
07-28 03:46:18.546  1922  4469 I Dpps    : LtmSwState::SetParameter():144 ignore cmd 7 in state LtmOffState
07-28 03:46:18.555  2007  2023 D vendor.oplus.hardware.charger-V7-service: ret_value:111, read content:,364,383,3724,3723,-151,35,36,1,1,0,491,4649,35,1,4475,300,500,0,3,-22,3,0,1,0,2,0,0,0,1,6098,99,0,0,0,0,0,0,0
07-28 03:46:18.555  2007  2023 D vendor.oplus.hardware.charger-V7-service: gmtime: 2025-07-28-03-46-18
07-28 03:46:18.556  2007  2023 D vendor.oplus.hardware.charger-V7-service: usb_online:1, ac_online:-2147483648, wireless_online:0
07-28 03:46:18.559  2007  2012 D vendor.oplus.hardware.charger-V7-service: s_chg_user_mode: 3
07-28 03:46:18.559  2007  2012 D vendor.oplus.hardware.charger-V7-service: scale_chg Start!!!
07-28 03:46:18.559  2007  2012 D vendor.oplus.hardware.charger-V7-service: [0, 0, 3]
07-28 03:46:18.559  2007  2012 D vendor.oplus.hardware.charger-V7-service: [0, 2, 9]
07-28 03:46:18.559  2007  2012 D vendor.oplus.hardware.charger-V7-service: [0, 1, 3]
07-28 03:46:18.559  2007  2012 D vendor.oplus.hardware.charger-V7-service: [0, 3, 3]
07-28 03:46:18.559  2007  2012 D vendor.oplus.hardware.charger-V7-service: [0, 4, 3]
07-28 03:46:18.559  2007  2012 D vendor.oplus.hardware.charger-V7-service: [0, 5, 5]
07-28 03:46:18.559  2007  2012 D vendor.oplus.hardware.charger-V7-service: [0, 6, 9]
07-28 03:46:18.559  2007  2012 D vendor.oplus.hardware.charger-V7-service: scale_chg Start!!!
07-28 03:46:18.559  2007  2012 D vendor.oplus.hardware.charger-V7-service: [0, 0, 3]
07-28 03:46:18.559  2007  2012 D vendor.oplus.hardware.charger-V7-service: [0, 2, 10]
07-28 03:46:18.559  2007  2012 D vendor.oplus.hardware.charger-V7-service: [0, 1, 3]
07-28 03:46:18.559  2007  2012 D vendor.oplus.hardware.charger-V7-service: [0, 3, 3]
07-28 03:46:18.560  2007  2012 D vendor.oplus.hardware.charger-V7-service: [0, 4, 3]
07-28 03:46:18.560  2007  2012 D vendor.oplus.hardware.charger-V7-service: [0, 5, 3]
07-28 03:46:18.560  2007  2012 D vendor.oplus.hardware.charger-V7-service: [0, 6, 10]
07-28 03:46:18.703  1996  1996 D SensorFeature: name=ssc_screenshot_info ,index = 22
07-28 03:46:18.703  1996  1996 D SensorFeature: write 29 bytes:47134333678,57462053831,156,0
07-28 03:46:18.737  1940  1976 I [UAH_CLIENT]: UahRelease, handle:18
07-28 03:46:18.737  1940  1976 I [UAH_CLIENT]: UahPlatformResAcquire
07-28 03:46:18.737  1940  1976 I [UAH_CLIENT]: UahEventAcquire, cmdid:-3, pkg:1940 12898, identity:qcom-perfd
07-28 03:46:18.738  1940  1976 E PERFHAL-RESOURCEQS: PERFHAL-RESOURCEQS: AddAndApply() 130: Resource with major=18, minor=41 not supported
07-28 03:46:18.812  1922  4469 I Dpps    : LtmSwState::SetParameter():144 ignore cmd 7 in state LtmOffState
07-28 03:46:18.978  3387  5175 I InputDispatcher: injectInputEvent: targetUid=<not set>, syncMode=WAIT_FOR_FINISHED, timeout=30000ms, policyFlags=0x8000000, event=MotionEvent { action=DOWN, id[0]=0, x[0]=900, y[0]=30, eventTime=57737000000, downTime=57737000000, deviceId=4, source=TOUCHSCREEN, displayId=0, eventId=0xd6913e23}
07-28 03:46:18.980  2169  3221 D VRR [OTI]: handleIdle from 1 to 0
07-28 03:46:18.980  2169  3221 D VRR [OTI-HW]: isStateReady 0
07-28 03:46:18.980  2169  3221 D VRR [OTI-HW]: keep rate.
07-28 03:46:18.980  3387  4652 D OMP_Detector: D:done mCurrStatus: 0
07-28 03:46:18.980  3387  4847 I [UAH_CLIENT]: UahEventAcquire, cmdid:37, pkg:none, identity:OplusUAwareInputHelper
07-28 03:46:18.981  3387  3747 D PowerManagerService: userActivityNoUpdateLocked: groupId=0, eventTime=57737, event=touch, flags=0x0, uid=1000
07-28 03:46:18.981  3387  4847 D UAH-UahAdaptHelper: adaptSetNotification identity = OplusUAwareInputHelpersrc = 1000 , type 0 ,p1 = -1 ,p2 = -1 ,p3 = -1 ,p4 =
07-28 03:46:18.981  3387  4847 I [UAH_CLIENT]: uahRuleCtl, ruleId:1000, status:0
07-28 03:46:18.983  4903  4903 V AutofillManager: requestHideFillUi(null): anchor = null
07-28 03:46:18.983  4903  4903 V Application: getAutofillClient(): null on super, trying to find activity thread
07-28 03:46:18.983  4903  4903 V Application: getAutofillClient(): none of the 0 activities on com.android.systemui.SystemUIApplication@4b62155 are top resumed nor have focus
07-28 03:46:18.983  4903  4903 V AutofillManager: No AutofillClient for com.android.systemui on context com.android.systemui.SystemUIApplication@4b62155
07-28 03:46:18.984  4903  4903 I PluginSeedling--Capsule: CapsuleTouchEventHandler-->onInterceptTouchEvent interceptEvent: false
07-28 03:46:18.984  3387  3660 W UserAwareMgr: can not find match thread: GaussianBlur for process com.android.systemui
07-28 03:46:18.985  4903  5393 I [UAH_CLIENT]: UahEventAcquire, cmdid:97, pkg:none, identity:OsenseHelperImpl
07-28 03:46:18.985  4903  4903 I SystemUi--Common: ScrollTranslationValue-->resetPanelTranslationY
07-28 03:46:18.986  4903  4903 I SystemUi--QuickSettings: OplusPanelViewPagerController-->initExpanded downExpanded=NONE downOnRight=true targetPage=NOTIFICATION downOnYHotArea=true  isKeyguardShowing=false isOnKeyguard=false fractionListeners.size=0 currentQsFraction=0.0 currentNotifyFraction=0.0 hasCalledDownEvent=true getScrollXHotZone=([Rect(0, 0 - 1080, 2376)], [Rect(-1, -1 - -1, -1), Rect(157, 1999 - 283, 2125), Rect(823, 1999 - 949, 2125)]) getScrollYHotZone=Rect(0, 0 - 1080, 66) notifyExpandedFraction=0.0 isLastUpToExpand=false qsPanelView.translationX=0.0
07-28 03:46:18.986  4903  4903 I SystemUi--QuickSettings: OplusPanelViewPagerController-->shouldOpenQS  set targetPage=QS
07-28 03:46:18.986  4903  4903 I SystemUi--Common: ScrollTranslationValue-->resetPanelTranslationY
07-28 03:46:18.986  4903  4903 I SystemUi--QuickSettings: OplusPanelViewPagerController-->initExpanded downExpanded=NONE downOnRight=true targetPage=QS downOnYHotArea=true  isKeyguardShowing=false isOnKeyguard=false fractionListeners.size=0 currentQsFraction=0.0 currentNotifyFraction=0.0 hasCalledDownEvent=true getScrollXHotZone=([Rect(0, 0 - 1080, 2376)], [Rect(-1, -1 - -1, -1), Rect(157, 1999 - 283, 2125), Rect(823, 1999 - 949, 2125)]) getScrollYHotZone=Rect(0, 0 - 1080, 66) notifyExpandedFraction=0.0 isLastUpToExpand=false qsPanelView.translationX=0.0
07-28 03:46:18.986  4903  4903 I SystemUi--QuickSettings: OplusPanelViewPagerController-->shouldOpenQS  set targetPage=QS
07-28 03:46:18.986  4903  4903 I SystemUi--QuickSettings: OplusQSPageViewController-->reset(), pageList size:2 itemCount:2 oldIndex:0 curIndex:0
07-28 03:46:18.986  4903  4903 I SystemUi--QuickSettings: OplusQSRootViewController-->startExpandMotion event: 0, startTracking: false isClosing: false panelClosedOnDown: true
07-28 03:46:18.986  4903  4903 I SystemUi--QuickSettings: OplusQSRootViewController-->initialOffsetOnTouch: 0.0, panelClosedOnDown: true
07-28 03:46:18.986  4903  4903 I SystemUi--QuickSettings: OplusQSRootView-->disallowChildIntercept:false
07-28 03:46:18.986  4903  4903 I SystemUi--QuickSettings: OplusQSRootViewController-->startExpandMotion event: 0, startTracking: false isClosing: false panelClosedOnDown: true
07-28 03:46:18.986  4903  4903 I SystemUi--QuickSettings: OplusQSRootViewController-->initialOffsetOnTouch: 0.0, panelClosedOnDown: true
07-28 03:46:18.986  4903  4903 I SystemUi--QuickSettings: OplusQSRootViewController-->onTouchEvent() ACTION_DOWN, canSlideHToQSOnStatusBar:true, gestureWaitForTouchSlop:true, panelClosedOnDown:true, panelClosingOnDown:false, pointerIndex:0
07-28 03:46:18.987  3387  5175 I InputDispatcher: injectInputEvent: targetUid=<not set>, syncMode=WAIT_FOR_FINISHED, timeout=30000ms, policyFlags=0x8000000, event=MotionEvent { action=MOVE, id[0]=0, x[0]=900, y[0]=89.0996, eventTime=57746000000, downTime=57737000000, deviceId=4, source=TOUCHSCREEN, displayId=0, eventId=0xf8ae32dd}
07-28 03:46:18.987  3387  4847 I [UAH_CLIENT]: UahEventAcquire, cmdid:68, pkg:none, identity:OplusUAwareInputHelper
07-28 03:46:18.994  4903  4903 I SystemUi--QuickSettings: OplusQSRootViewController-->startExpandMotion event: 2, startTracking: true isClosing: false panelClosedOnDown: true
07-28 03:46:18.994  4903  4903 I SystemUi--QuickSettings: OplusQSRootViewController-->endClosing()
07-28 03:46:18.994  4903  4903 I SystemUi--QuickSettings: QSPanelExpandFraction-->updateFraction, stiffness=500.0, finalPosition=0.24287435
07-28 03:46:18.995  3387  5175 I InputDispatcher: injectInputEvent: targetUid=<not set>, syncMode=WAIT_FOR_FINISHED, timeout=30000ms, policyFlags=0x8000000, event=MotionEvent { action=MOVE, id[0]=0, x[0]=900, y[0]=141.634, eventTime=57754000000, downTime=57737000000, deviceId=4, source=TOUCHSCREEN, displayId=0, eventId=0xdbdc7ec9}
07-28 03:46:19.002  4903  4903 I SystemUi--QuickSettings: OplusQSRootViewController-->setQsVisible: true rawFraction:0.0023908452
07-28 03:46:19.002  3387  5175 I InputDispatcher: injectInputEvent: targetUid=<not set>, syncMode=WAIT_FOR_FINISHED, timeout=30000ms, policyFlags=0x8000000, event=MotionEvent { action=MOVE, id[0]=0, x[0]=900, y[0]=187.6, eventTime=57761000000, downTime=57737000000, deviceId=4, source=TOUCHSCREEN, displayId=0, eventId=0xd1f241e8}
07-28 03:46:19.002  4903  4903 I SystemUi--QuickSettings: OplusQSRootViewController-->setListening: true
07-28 03:46:19.003  4903  4903 I SystemUi--QuickSettings: OplusLargeTileContainerViewController-->setListening listening=true
07-28 03:46:19.003  4903  4903 I SystemUi--QuickSettings: QSBrightnessFactory-->setListening listening:true
07-28 03:46:19.003  4903  4903 I SystemUi--QuickSettings: OplusQsBrightnessSliderController-->setListening listening:true mView: com.oplus.systemui.plugins.qs.widget.OplusQsToggleSliderLayout{71b8380 V.E...... ......ID 558,244-737,643 #7f0a09f0 app:id/qs_brightness_slider_layout alpha=0.0 viewInfo = } value:0
07-28 03:46:19.003  4903  4903 I SystemUi--QuickSettings: OplusQsVolumeSliderController-->updateVolumeSeekBarMaxProgress: isNeedUpdate=true, maxVolumeProgress=16000, seekBarMaxProgress=1600, isInit=false
07-28 03:46:19.003  4903  4903 I SystemUi--QuickSettings: OplusQsVolumeSliderController-->updateVolumeSeekBarProgress: isNeedUpdate=true, isAllowUpdate=true, volumeLevel=0, seekBarLevel=0, initialVolumeSliderProgress=0, initialSeekBarVolumeLevel=-1, progressUpdated=false
07-28 03:46:19.003  4903  4903 I SystemUi--QuickSettings: OplusQsVolumeSliderController-->updateDisableShowVolumeDialog: isQsListening=true
07-28 03:46:19.003  4903  4903 I SystemUi--Device_Panel: OplusQSMyDeviceContainerViewController-->setListening listening: true
07-28 03:46:19.003  4903  4903 I [DevicePlugin].SysUiPluginService.(main): setListening: isListening=true, _isSeparateMode=true
07-28 03:46:19.003  4903  4903 I [DevicePlugin].FixedSeparateModelPanel.(main): onCtrCenterShow
07-28 03:46:19.003  4903  4903 I [DevicePlugin].FixedSeparateModelPanel.(main): onResume
07-28 03:46:19.003  4903  5393 D [DevicePlugin].DataInterfaceImp.(DefaultDispatcher-worker-1): safeCall, method:panel_state
07-28 03:46:19.003  4903  4903 I SystemUi--Common: NotificationShadeDepthC-->sceneFlag: 0x001, isStart = true, Current sceneFlags: 0x001
07-28 03:46:19.003  4903  4903 D NavigationBar: restrainNavigationBarInvertColor: true
07-28 03:46:19.004  4903  4903 D RegionSamplingHelper: animation scene, no need register sampling listener
07-28 03:46:19.004  4903  4903 I SystemUi--Common: OplusShadeExpansionStat-->go state: CLOSED -> OPENING
07-28 03:46:19.004  4903  4903 I SystemUi--Common: OplusShadeExpansionStat-->go state: CLOSED -> OPENING
07-28 03:46:19.004  4903  4903 I SystemUi--Notification: OplusHeadsUpNotificationViewBinder-->isVisibility: true
07-28 03:46:19.004  4903  4903 I SystemUi--Keyguard: ScrimControllerExImp-->blur State to UNLOCK, bouncer=false changeFromBouncerScrim= false runnerUnlock= false goingAway=false hasHandle=true isOccludeAnimationPlaying=false
07-28 03:46:19.004  4903  5702 D Tile.CustomTile.OshareTileService: refreshState: tile not listening, ignore
07-28 03:46:19.004  4903  5702 D TileStateController: bindAppWhenListening: false ComponentInfo{com.coloros.oshare/com.oplus.oshare.OshareTileService}
07-28 03:46:19.004  4903  5702 I SystemUi--QuickSettings: Tile.CustomTile.OshareTileService-->bindServiceWhenListening: false when isOplusQsTile
07-28 03:46:19.004  4903  4903 I SystemUi--Common: PlatformBlurManagerImpl-->setPlatformBlurMode: blurMode=AUTO(blurFrequency=2)
07-28 03:46:19.004  4903  5702 D Tile.CustomTile.OshareTileService: refreshState: tile not listening, ignore
07-28 03:46:19.004  4903  4903 I SystemUi--Common: PlatformBlurManagerImpl-->updateMotionFrequency: isExpanding=true
07-28 03:46:19.005  4903  5702 D TileStateController: setListening listening: true component: ComponentInfo{com.oplus.eyeprotect/com.oplus.eyeprotect.services.EyeProtectTileService} userContext: com.android.systemui.SystemUIApplication@4b62155
07-28 03:46:19.005  4903  4903 I SystemUi--Notification: OplusNotificationShadeWindowControllerExImpl-->isExpanded: isPowerBlock=false ,isErrorFpTouchWhenScreenOff=false ,qsPanelVisible=false, isAodMaskShow=false
07-28 03:46:19.005  1996  1996 D SensorFeature: name=ssc_screenshot_info ,index = 22
07-28 03:46:19.005  1996  1996 D SensorFeature: write 29 bytes:47134333678,57763643414,157,0
07-28 03:46:19.005  4903  4903 I SystemUi--Notification: OplusNotificationShadeWindowControllerExImpl-->SHADE_FOCUSABLE-->mNotificationShadeFocusable= false, mPanelExpanded= false, mBouncerShowing= false, mKeyguardShowing= false, mKeyguardOccluded= false, mKeyguardNeedsInput= false, ENABLE_REMOTE_INPUT= true, mRemoteInputActive= false, layoutFlags= -2130444216
07-28 03:46:19.005  4903  4903 I SystemUi--Notification: OplusNotificationShadeWindowControllerExImpl-->SHADE_VISIBLE-->mKeyguardShowing= false, mKeyguardOccluded= false, mPanelVisible= false, mKeyguardFadingAway= false, mKeyguardGoingAway= false, mBouncerShowing= false, mScrimsVisibility= 1, mBackgroundBlurRadius= 0, mForcePluginOpen= false, mediaBackdropShowing= false, viewVisibility= true, qsBlurFraction= 0.0023908452, panelBlurFraction= 0.0
07-28 03:46:19.006  4903  4903 D UXUtils : notifyUiSwitched: 1
07-28 03:46:19.006  3387  3660 I UserAwareMgr: handleTopAppChanged: com.android.systemui, pid: 4903, uid: 10218
07-28 03:46:19.006  4903  5975 I SystemUi--Keyguard: OnScreenFingerprintUiMech-->hideFingerprintIconTemporarily for reason: panel expaned ShowForEnroll false mPendingHide false
07-28 03:46:19.006  4903  5702 D Tile.CustomTile.EyeProtectTileService: refreshState: tile not listening, ignore
07-28 03:46:19.006  4903  4903 I SystemUi--Notification: ScrimControllerExImp-->[onQsBottomVisibleChanged] qsBottomVisible=true
07-28 03:46:19.006  4903  5702 D TileStateController: bindAppWhenListening: false ComponentInfo{com.oplus.eyeprotect/com.oplus.eyeprotect.services.EyeProtectTileService}
07-28 03:46:19.006  4903  5702 I SystemUi--QuickSettings: Tile.CustomTile.EyeProtectTileService-->bindServiceWhenListening: false when isOplusQsTile
07-28 03:46:19.006  4903  5702 D Tile.CustomTile.EyeProtectTileService: refreshState: tile not listening, ignore
07-28 03:46:19.006  4903  4903 I SystemUi--Common: PlatformBlurManagerImpl-->resumeBlur: updatePlatformBlurState(updatePanelBlurState): shouldBlur, isKeyguardVisible=false, isKeyguardFadingAway=false, isPanelVisible=true, isShadeLock=false.
07-28 03:46:19.006  4903  4903 I SystemUi--Common: PlatformBlurManagerImpl-->forceStopMotionBlur: stop=false
07-28 03:46:19.006  4903  4903 I SystemUi--Keyguard: ScrimControllerExImp-->blur State to UNLOCK, bouncer=false changeFromBouncerScrim= false runnerUnlock= false goingAway=false hasHandle=true isOccludeAnimationPlaying=false
07-28 03:46:19.006  4903  7074 D OplusTileControllerPlugin: onSettingsStateChange: 1, componentName: ComponentInfo{com.oplus.eyeprotect/com.oplus.eyeprotect.services.EyeProtectTileService}
07-28 03:46:19.007  7658  8827 I mydevices[core].ProviderCallProcessor: (binder:7658_4)method: panel_state; arg: panel_resume
07-28 03:46:19.007  4903  4903 I SystemUi--Statusbar: PrivacyDotViewController-->scheduleUpdate: 
07-28 03:46:19.007  7658  8827 I mydevices[core].ControlCenterManager: (binder:7658_4)onPanelShow
07-28 03:46:19.007  4903  4903 I SystemUi--Statusbar: PrivacyDotViewController-->needShow false
07-28 03:46:19.007  4903  4903 I SystemUi--Statusbar: PrivacyDotViewController-->scheduleUpdate: 
07-28 03:46:19.007  4903  4903 I SystemUi--Notification: OplusNotificationShadeWindowControllerExImpl-->SHADE_FOCUSABLE-->mNotificationShadeFocusable= true, mPanelExpanded= false, mBouncerShowing= false, mKeyguardShowing= false, mKeyguardOccluded= false, mKeyguardNeedsInput= false, ENABLE_REMOTE_INPUT= true, mRemoteInputActive= false, layoutFlags= -2130444216
07-28 03:46:19.007  4903  4903 I SystemUi--Notification: OplusNotificationShadeWindowControllerExImpl-->SHADE_VISIBLE-->mKeyguardShowing= false, mKeyguardOccluded= false, mPanelVisible= false, mKeyguardFadingAway= false, mKeyguardGoingAway= false, mBouncerShowing= false, mScrimsVisibility= 1, mBackgroundBlurRadius= 0, mForcePluginOpen= false, mediaBackdropShowing= false, viewVisibility= true, qsBlurFraction= 0.0023908452, panelBlurFraction= 0.0
07-28 03:46:19.007  3387  5506 I VibratorManagerServiceExtImpl: cancelVibrate uid=1000, pid=3387, usageFilter=-15, token=1997205
07-28 03:46:19.007  1698  5331 E TetherController: property_get sys.radio.data.modem_share_flag return 0, 1!
07-28 03:46:19.008  4903  4903 I SystemUi--QuickSettings: BackActionInteractor-->registerBackCallback true
07-28 03:46:19.008  4903  5702 D Tile.CustomTile.PowerSaveTileService: refreshState: tile not listening, ignore
07-28 03:46:19.008  4903  5702 I SystemUi--QuickSettings: Tile.CustomTile.PowerSaveTileService-->bindServiceWhenListening: true as default
07-28 03:46:19.008  4903  4903 I SystemUi--QuickSettings: OplusSeparateQSManager-->updateSeparateQSExpandState recomputeDisableFlags
07-28 03:46:19.008  4903  4903 I SystemUi--Statusbar: CollapsedSbFragment-->New visibilities calculated internally. StatusBarVisibilityModel(showClock: false showNotificationIcons:false showOngoingActivityChip:false showSystemInfo:false ) 
07-28 03:46:19.008  4903  4903 I SystemUi--Statusbar: CollapsedStatusBarFragmentExImpl-->animate: true, unlockAnimationRunning: false, fadingAway: false, keyguard: false
07-28 03:46:19.008  4903  5123 I [UAH_CLIENT]: UahEventAcquire, cmdid:413, pkg:none, identity:OsenseHelperImpl
07-28 03:46:19.008  3387  5506 D CoreBackPreview: Window{c8f1e89 u0 NotificationShade}: Setting back callback OnBackInvokedCallbackInfo{mCallback=android.window.IOnBackInvokedCallback$Stub$Proxy@4435aaa, mPriority=0, mIsAnimationCallback=false}
07-28 03:46:19.009  4903  5393 D [DevicePlugin].DataInterfaceImp.(DefaultDispatcher-worker-1): safeCall, method:getPanelDeviceList
07-28 03:46:19.009  4903  4903 I SystemUi--Statusbar: CollapsedStatusBarFragmentExImpl-->StatusBarVisibilityModelEx: StatusBarVisibilityModelEx(showClock: false showPromptView:false showOngoingCallChip:false showNotificationContainer:false showOperatorName:false showSeedlingContainer:false ), animate: true
07-28 03:46:19.009  7658  8827 I mydevices[core].ProviderCallProcessor: (binder:7658_4)method: getPanelDeviceList; arg: 
07-28 03:46:19.009  4903  5702 D TileStateController: setListening listening: true component: ComponentInfo{com.oplus.linker/com.oplus.linker.synergy.service.TVTileService} userContext: com.android.systemui.SystemUIApplication@4b62155
07-28 03:46:19.009  4903  5934 D UXUtils : setHasTopUi: true; stack: com.oplus.systemui.shade.OplusNotificationShadeWindowControllerExImpl$uxFlagUpdateRunnable$1.run:12
07-28 03:46:19.009  4903  4903 I SystemUi--Keyguard: KeyguardRapidUnlockUtils-->composeKeyguard show=true, reason=applyVisibility_show
07-28 03:46:19.010  4903  5087 D RegionSamplingHelper =:    mCompositionSamplingListener.unregister
07-28 03:46:19.010  2169  2408 I BpBinder: onLastStrongRef automatically unlinking death recipients: 
07-28 03:46:19.011  7658  8827 I mydevices[core].ControlCenterManager: (binder:7658_4)response data:DeviceSpaceInfo(version=2, panelDevices=[])
07-28 03:46:19.011  7658  9012 I mydevices[core].CardsProxyManager: (DefaultDispatcher-worker-9)resume cards: [], visibleCount: 0, showPosition: 4
07-28 03:46:19.011  7658  9012 I mydevices[core].CardsProxyManager: (DefaultDispatcher-worker-9)notify cards size : 0, code = 1
07-28 03:46:19.011  7658  9012 I mydevices[core].CardsProxyManager: (DefaultDispatcher-worker-9)current cards is empty, no need to call the event
07-28 03:46:19.011  4903  4903 I SystemUi--Keyguard: KeyguardGlideTipView-->hideTips reason=hideGlideTipImmediateWithQsExpandingOrOplusKeyguardLoadOrGotoNtfCapsule withAnimator=true delayType=2
07-28 03:46:19.011  3387  4443 D SystemGestures: detectSwipe: 1
07-28 03:46:19.011  4903  5702 D Tile.CustomTile.TVTileService: refreshState: tile not listening, ignore
07-28 03:46:19.011  4903  4903 I SystemUi--Keyguard: KeyguardGlideTipView-->cancelBreathAnimation-isBreathAnimationRunning=false
07-28 03:46:19.011  4903  5702 D TileStateController: bindAppWhenListening: false ComponentInfo{com.oplus.linker/com.oplus.linker.synergy.service.TVTileService}
07-28 03:46:19.011  4903  5702 I SystemUi--QuickSettings: Tile.CustomTile.TVTileService-->bindServiceWhenListening: false when isOplusQsTile
07-28 03:46:19.011  4903  5702 D Tile.CustomTile.TVTileService: refreshState: tile not listening, ignore
07-28 03:46:19.011  4903  4903 I SystemUi--Keyguard: KeyguardAffordanceTipsView-->hideTips reason=QsExpandingOrOplusKeyguardLoadOrGotoNtfCapsule withAnimator=true delayType=2
07-28 03:46:19.011  7658  9012 I mydevices[core].OPSynergyScannerImpl: (DefaultDispatcher-worker-9)reScan
07-28 03:46:19.011  7658  9012 D OplusLog_DeviceKit_com.heytap.mydevices: [SynergyDeviceManager-105431494] isServiceBound
07-28 03:46:19.011  7658  9012 D OplusLog_DeviceKit_com.heytap.mydevices: [OpDeviceServiceClient-105431494] isServiceBound: null
07-28 03:46:19.011  7658  9012 I mydevices[core].CoreOpDeviceAction: (DefaultDispatcher-worker-9)isServiceBind: isBind: false
07-28 03:46:19.011  7658  9012 I mydevices[core].OPSynergyScannerImpl: (DefaultDispatcher-worker-9)getOpDeviceList
07-28 03:46:19.011  7658  8827 I mydevices[core].DeviceMainPageEvent: (binder:7658_4)uploadDeviceNumTypeName list empty
07-28 03:46:19.011  4903  7074 D OplusTileControllerPlugin: onSettingsStateChange: 1, componentName: ComponentInfo{com.oplus.linker/com.oplus.linker.synergy.service.TVTileService}
07-28 03:46:19.011  4903  5087 I NotificationShadeWindowController: stop Pending key thread event (apply)
07-28 03:46:19.011  7658  9012 D OplusLog_DeviceKit_com.heytap.mydevices: [SynergyDeviceManager-105431494] getDeviceList: com.heytap.mydevices.core.action.CoreOpDeviceAction$d@8995602
07-28 03:46:19.012  7658  9012 D OplusLog_DeviceKit_com.heytap.mydevices: [OpDeviceServiceClient-105431494] settings_opsynergy_has_device: 0
07-28 03:46:19.012  7658  9012 D OplusLog_DeviceKit_com.heytap.mydevices: [SynergyDeviceManager-105431494] getDeviceList result: com.heytap.mydevices.core.action.CoreOpDeviceAction$d@8995602, success: true, devices: []
07-28 03:46:19.012  7658  9012 I mydevices[core].CoreOpDeviceAction: (DefaultDispatcher-worker-9)device input: []
07-28 03:46:19.012  7658  9012 I mydevices[core].OPSynergyScannerImpl: (DefaultDispatcher-worker-9)getOpDeviceList, onResult
07-28 03:46:19.012  4903  5702 D Tile.CustomTile.WindowsLinkTileService: refreshState: tile not listening, ignore
07-28 03:46:19.012  4903  5702 D TileStateController: bindAppWhenListening: false ComponentInfo{com.microsoft.appmanager/com.microsoft.appmanager.quicksettings.WindowsLinkTileService}
07-28 03:46:19.012  4903  5702 I SystemUi--QuickSettings: Tile.CustomTile.WindowsLinkTileService-->bindServiceWhenListening: false when isActiveTile && isTileReady
07-28 03:46:19.013  4903  5702 D Tile.CustomTile.WirelessReverseControService: refreshState: tile not listening, ignore
07-28 03:46:19.013  4903  5702 I SystemUi--QuickSettings: Tile.CustomTile.WirelessReverseControService-->bindServiceWhenListening: true as default
07-28 03:46:19.013  4903  5702 D TileStateController: updateCurrentStateIsNotDirty component:ComponentInfo{com.oplus.eyeprotect/com.oplus.eyeprotect.services.EyeProtectTileService}
07-28 03:46:19.013  4903  5702 D TileStateController: updateCurrentStateIsNotDirty component:ComponentInfo{com.oplus.linker/com.oplus.linker.synergy.service.TVTileService}
07-28 03:46:19.013  4903  4903 D ViewRootImplExtImpl: wrapConfigInfoIntoFlags rotation=0, smallestScreenWidthDp=0, residentWS=false, scenario=0, bounds=Rect(0, 0 - 1080, 2376), relayoutAsync=false, flags=1, newFlags=1245708289, title=NotificationShade
07-28 03:46:19.013  3387  5199 D WindowManagerServiceExtImpl: extractConfigInfoAndRealFlags rotation=0, screenDp=0, residentWS:0, scenario:0, bounds:2376, serverWinBounds:Rect(0, 0 - 1080, 2376), win=Window{c8f1e89 u0 NotificationShade}
07-28 03:46:19.013  3387  5199 V WindowManager: Relayout Window{c8f1e89 u0 NotificationShade}: viewVisibility=0, oldvis=4, req=1080x2376, vsysui=, x=0, y=0
07-28 03:46:19.013  3387  5199 I WindowManager: Window{c8f1e89 u0 NotificationShade} state from NO_SURFACE to DRAW_PENDING; reason: resetDrawState
07-28 03:46:19.013  2169  2408 D OplusLayer: setProcInfo (133,NotificationShade#133,com.android.systemui,0x4578D52F)
07-28 03:46:19.015  3387  5199 D QuickBackInputPolicy: hasMultiChildrenInTask: false
07-28 03:46:19.015  3387  5199 D WindowManager: NFW_findFocusedWindowIfNeeded:Window{bade36a u0 com.android.launcher/com.android.launcher.Launcher} mCurrentFocus:Window{bade36a u0 com.android.launcher/com.android.launcher.Launcher}
07-28 03:46:19.015  7552  7552 W Battery : PowerSaveTileService: onCreate
07-28 03:46:19.016  4903  4903 W VRI[NotificationShade]: updateBlastSurfaceIfNeeded, surfaceSize:Point(1080, 2376), lastSurfaceSize:Point(1080, 2376), format:-3, blastBufferQueue:null
07-28 03:46:19.016  4903  4903 D BufferQueueConsumer: [](id:132700000009,api:0,p:-1,c:4903) connect: controlledByApp=false
07-28 03:46:19.017  4903  4903 I SystemUi--Keyguard: KeyguardEngineContainer-->onConfigurationChanged, locale = en-US,zh-CN, mLastLocale= en-US,zh-CN
07-28 03:46:19.017  4903  4903 I SystemUi--Keyguard: KeyguardEngineContainer-->onConfigurationChanged. font = 0, mLastFlipFont = 0, density = 480, mDensity = 480
07-28 03:46:19.017  4903 12818 D Tile.CustomTile.PowerSaveTileService: refreshState: tile not listening, ignore
07-28 03:46:19.017  4903  5393 I [DevicePlugin].DevicePanelPresenter.(DefaultDispatcher-worker-1): response code:30001; panelInfo:PanelInfo(panelState=DEVICE_HOME, panelDevices=[]), pluginVersion: 2
07-28 03:46:19.017  4903  5393 I [DevicePlugin].FixedSeparateModelPanel.(DefaultDispatcher-worker-1): onPanelInfoChanged
07-28 03:46:19.017  4903  4903 I SystemUi--Keyguard: KeyguardPluginManager-->maybeReloadNormalKeyguard, uses default LockScreen
07-28 03:46:19.017  4903  5393 I [DevicePlugin].FixedSeparateModelPanel.(DefaultDispatcher-worker-1): updateView: panelState=DEVICE_HOME, panelDevices.size=0
07-28 03:46:19.018  1940  1976 I [UAH_CLIENT]: UahPlatformResAcquire
07-28 03:46:19.018  1940  1976 I [UAH_CLIENT]: UahEventAcquire, cmdid:-3, pkg:2169 6883, identity:qcom-perfd
07-28 03:46:19.018  4903  4903 E ndroid.systemui: No package ID ff found for resource ID 0xffffffff.
07-28 03:46:19.018  1940  1976 E PERFHAL-RESOURCEQS: PERFHAL-RESOURCEQS: AddAndApply() 130: Resource with major=18, minor=41 not supported
07-28 03:46:19.018  4903  4903 E ndroid.systemui: No package ID ff found for resource ID 0xffffffff.
07-28 03:46:19.019  4903  4903 E ndroid.systemui: No package ID ff found for resource ID 0xffffffff.
07-28 03:46:19.019  1940  1976 I [UAH_CLIENT]: UahRelease, handle:33
07-28 03:46:19.019  4903  4903 E ThemeUtils: View class com.oplus.systemui.keyguard.view.GeneralFontVariationTextView is an AppCompat widget that can only be used with a Theme.AppCompat theme (or descendant).
07-28 03:46:19.019  4903  4903 E ThemeUtils: View class com.oplus.systemui.keyguard.view.GeneralFontVariationTextView is an AppCompat widget that can only be used with a Theme.AppCompat theme (or descendant).
07-28 03:46:19.019  2007  2024 D BatteryChargeControl: bcc get no support from charging protocol
07-28 03:46:19.019  4903  4903 I SystemUi--Keyguard: PictorialAppInfo-->isShowPictorialTipDevice true,bottomMargin=611
07-28 03:46:19.020  4903  4903 I SystemUi--Keyguard: PictorialFunctionContainer-->onWallpaperChange info is null or local or engine
07-28 03:46:19.020  4903  4903 I SystemUi--Keyguard: PictorialAppInfo-->isShowPictorialTipDevice true,bottomMargin=611
07-28 03:46:19.020  4903  4903 I SystemUi--Keyguard: PictorialAppInfo-->isShowPictorialTipDevice true,bottomMargin=611
07-28 03:46:19.020  4903 12818 D Tile.CustomTile.WirelessReverseControService: refreshState: tile not listening, ignore
07-28 03:46:19.020  4903  4903 I SystemUi--Notification: NotificationsQSContainerController-->onWindowConfigurationChange: splitShadeEnabled=false
07-28 03:46:19.020  4903  4903 I SystemUi--Notification: NotificationsQSContainerController-->updateResources: splitShadeEnabled=false, newSplitShadeEnabled=false
07-28 03:46:19.020  4903  4903 I SystemUi--Notification: OplusQSSimpleHeader-->shouldClick: true, isInSuperPowerSaveMode: false, isInWellBeingAssistantMode: false
07-28 03:46:19.020  4903  4903 I SystemUi--Notification: OplusQSSimpleHeader-->updateMarginTop, reason: configChange, newMarginTop: 102 currentMarginTop 102
07-28 03:46:19.021  4903  4903 I SystemUi--QuickSettings: OplusQuickStatusBarHeader-->[onConfigurationChanged] updateResources end, start call listener
07-28 03:46:19.023  4903  4903 I SystemUi--QuickSettings: OplusQuickStatusBarHeader-->[onConfigurationChanged] updateResources end, start call listener
07-28 03:46:19.023  4903  4903 I SystemUi--QuickSettings: OplusQSHighlightTileViewImpl-->updateIconViewSize mTileCanTips=true
07-28 03:46:19.024  4903  4903 I SystemUi--QuickSettings: OplusQSHighlightTileViewImpl-->updateIconViewSize mTileCanTips=true
07-28 03:46:19.025  4903  4903 I SystemUi--QuickSettings: OplusQsToggleSliderTouchExt-->getRealSize point: Point(1080, 2376) realScreenWidth: 1080 realScreenHeight: 2376
07-28 03:46:19.025  4903  4903 I SystemUi--QuickSettings: OplusQsToggleSliderLayout-->updateRadius radius= 57.815125, roundParams= OplusRoundParams(radiusDp=15.2, radius=45.6, weight=1.1, isCircle=false), isDefaultVolumeTheme = true
07-28 03:46:19.025  4903  4903 I COUIVerticalSeekBar: COUIVerticalSeekBar ensureSize : mIsProgressFull:true,mBackgroundRadius:45.6,mBackgroundWidth:179.0,mBackgroundEnlargeScale1.0,mProgressRadius:45.6,mProgressWidth:179.0,mProgressEnlargeScale1.0,mPaddingVertical45.6
07-28 03:46:19.025  4903  4903 I COUIVerticalSeekBar: updateBehavior * normalSeekBarHeight = 309,mPaddingVertical = 45.6,mIsPhysicsEnable = true,mPhysicalAnimator = null,mFlingBehavior = null,Thread_name = main,hashCode = 234454346,time = 1753688779025,stackChain = com.coui.appcompat.seekbar.COUIVerticalSeekBar.updateBehavior$1:14 com.coui.appcompat.seekbar.COUIVerticalSeekBar.ensureSize$1:182 com.coui.appcompat.seekbar.COUIVerticalSeekBar.setBackgroundRadius:3 com.oplus.systemui.qs.base.seek.OplusQsBaseToggleSliderLayout.updateRadius:60 
07-28 03:46:19.025  4903  4903 I COUIVerticalSeekBar: setPaddingVertical * paddingVertical = 45.6,hashCode = 234454346,time = 1753688779025
07-28 03:46:19.025  4903  4903 I COUIVerticalSeekBar: COUIVerticalSeekBar ensureSize : mIsProgressFull:true,mBackgroundRadius:45.6,mBackgroundWidth:179.0,mBackgroundEnlargeScale1.0,mProgressRadius:45.6,mProgressWidth:179.0,mProgressEnlargeScale1.0,mPaddingVertical45.6
07-28 03:46:19.025  4903  4903 I COUIVerticalSeekBar: updateBehavior * normalSeekBarHeight = 309,mPaddingVertical = 45.6,mIsPhysicsEnable = true,mPhysicalAnimator = null,mFlingBehavior = null,Thread_name = main,hashCode = 234454346,time = 1753688779025,stackChain = com.coui.appcompat.seekbar.COUIVerticalSeekBar.updateBehavior$1:14 com.coui.appcompat.seekbar.COUIVerticalSeekBar.ensureSize$1:182 com.coui.appcompat.seekbar.COUIVerticalSeekBar.setPaddingVertical:59 com.oplus.systemui.qs.base.seek.OplusQsBaseToggleSliderLayout.updateRadius:74 
07-28 03:46:19.025  4903  4903 I SystemUi--QuickSettings: OplusQsToggleSliderTouchExt-->getRealSize point: Point(1080, 2376) realScreenWidth: 1080 realScreenHeight: 2376
07-28 03:46:19.025  4903  4903 I SystemUi--QuickSettings: OplusQsToggleSliderLayout-->updateRadius radius= 57.815125, roundParams= OplusRoundParams(radiusDp=15.2, radius=45.6, weight=1.1, isCircle=false), isDefaultVolumeTheme = true
07-28 03:46:19.025  4903  4903 I COUIVerticalSeekBar: COUIVerticalSeekBar ensureSize : mIsProgressFull:true,mBackgroundRadius:45.6,mBackgroundWidth:179.0,mBackgroundEnlargeScale1.0,mProgressRadius:45.6,mProgressWidth:179.0,mProgressEnlargeScale1.0,mPaddingVertical45.6
07-28 03:46:19.025  4903  4903 I COUIVerticalSeekBar: updateBehavior * normalSeekBarHeight = 309,mPaddingVertical = 45.6,mIsPhysicsEnable = true,mPhysicalAnimator = null,mFlingBehavior = null,Thread_name = main,hashCode = 24621040,time = 1753688779025,stackChain = com.coui.appcompat.seekbar.COUIVerticalSeekBar.updateBehavior$1:14 com.coui.appcompat.seekbar.COUIVerticalSeekBar.ensureSize$1:182 com.coui.appcompat.seekbar.COUIVerticalSeekBar.setBackgroundRadius:3 com.oplus.systemui.qs.base.seek.OplusQsBaseToggleSliderLayout.updateRadius:60 
07-28 03:46:19.025  4903  4903 I COUIVerticalSeekBar: setPaddingVertical * paddingVertical = 45.6,hashCode = 24621040,time = 1753688779025
07-28 03:46:19.025  4903  4903 I COUIVerticalSeekBar: COUIVerticalSeekBar ensureSize : mIsProgressFull:true,mBackgroundRadius:45.6,mBackgroundWidth:179.0,mBackgroundEnlargeScale1.0,mProgressRadius:45.6,mProgressWidth:179.0,mProgressEnlargeScale1.0,mPaddingVertical45.6
07-28 03:46:19.025  4903  4903 I COUIVerticalSeekBar: updateBehavior * normalSeekBarHeight = 309,mPaddingVertical = 45.6,mIsPhysicsEnable = true,mPhysicalAnimator = null,mFlingBehavior = null,Thread_name = main,hashCode = 24621040,time = 1753688779025,stackChain = com.coui.appcompat.seekbar.COUIVerticalSeekBar.updateBehavior$1:14 com.coui.appcompat.seekbar.COUIVerticalSeekBar.ensureSize$1:182 com.coui.appcompat.seekbar.COUIVerticalSeekBar.setPaddingVertical:59 com.oplus.systemui.qs.base.seek.OplusQsBaseToggleSliderLayout.updateRadius:74 
07-28 03:46:19.025  4903  4903 I [DevicePlugin].NoDeviceEntranceCardView.(main): onConfigurationChanged
07-28 03:46:19.025  4903  4903 I [DevicePlugin].PlatformUtils.(main): isLowGaussianLevel: DEBUG_LEVEL = -1, ANIM_LEVEL = 1
07-28 03:46:19.025  4903  4903 I [DevicePlugin].PlatformUtils.(main): isGlobalThemeApplied: isGlobalTheme=false
07-28 03:46:19.025  4903  4903 I [DevicePlugin].PlatformUtils.(main): isBlurEnable: enable=true
07-28 03:46:19.025  4903  4903 I [DevicePlugin].PlatformUtils.(main): isGlobalThemeApplied: isGlobalTheme=false
07-28 03:46:19.025  4903  4903 I [DevicePlugin].PlatformUtils.(main): isLightOsGaussianLevel: DEBUG_LEVEL = -1, ANIM_LEVEL = 1
07-28 03:46:19.025  4903  4903 I [DevicePlugin].PlatformUtils.(main): isLightBlurEnable: enable=false
07-28 03:46:19.025  4903  4903 I [DevicePlugin].RectangleDeviceCardView.(main): onConfigurationChanged
07-28 03:46:19.025  4903  4903 I [DevicePlugin].PlatformUtils.(main): isLowGaussianLevel: DEBUG_LEVEL = -1, ANIM_LEVEL = 1
07-28 03:46:19.025  4903  4903 I [DevicePlugin].PlatformUtils.(main): isGlobalThemeApplied: isGlobalTheme=false
07-28 03:46:19.025  4903  4903 I [DevicePlugin].PlatformUtils.(main): isBlurEnable: enable=true
07-28 03:46:19.025  4903  4903 I [DevicePlugin].PlatformUtils.(main): isGlobalThemeApplied: isGlobalTheme=false
07-28 03:46:19.025  4903  4903 I [DevicePlugin].PlatformUtils.(main): isLightOsGaussianLevel: DEBUG_LEVEL = -1, ANIM_LEVEL = 1
07-28 03:46:19.025  4903  4903 I [DevicePlugin].PlatformUtils.(main): isLightBlurEnable: enable=false
07-28 03:46:19.025  4903  4903 I [DevicePlugin].RectangleEntranceCardView.(main): onConfigurationChanged
07-28 03:46:19.025  4903  4903 I [DevicePlugin].PlatformUtils.(main): isLowGaussianLevel: DEBUG_LEVEL = -1, ANIM_LEVEL = 1
07-28 03:46:19.025  4903  4903 I [DevicePlugin].PlatformUtils.(main): isGlobalThemeApplied: isGlobalTheme=false
07-28 03:46:19.025  4903  4903 I [DevicePlugin].PlatformUtils.(main): isBlurEnable: enable=true
07-28 03:46:19.025  4903  4903 I [DevicePlugin].PlatformUtils.(main): isGlobalThemeApplied: isGlobalTheme=false
07-28 03:46:19.025  4903  4903 I [DevicePlugin].PlatformUtils.(main): isLightOsGaussianLevel: DEBUG_LEVEL = -1, ANIM_LEVEL = 1
07-28 03:46:19.025  4903  4903 I [DevicePlugin].PlatformUtils.(main): isLightBlurEnable: enable=false
07-28 03:46:19.025  4903  4903 I [DevicePlugin].RectangleDeviceCardView.(main): onConfigurationChanged
07-28 03:46:19.025  4903  4903 I [DevicePlugin].PlatformUtils.(main): isLowGaussianLevel: DEBUG_LEVEL = -1, ANIM_LEVEL = 1
07-28 03:46:19.025  4903  4903 I [DevicePlugin].PlatformUtils.(main): isGlobalThemeApplied: isGlobalTheme=false
07-28 03:46:19.025  4903  4903 I [DevicePlugin].PlatformUtils.(main): isBlurEnable: enable=true
07-28 03:46:19.025  4903  4903 I [DevicePlugin].PlatformUtils.(main): isGlobalThemeApplied: isGlobalTheme=false
07-28 03:46:19.025  4903  4903 I [DevicePlugin].PlatformUtils.(main): isLightOsGaussianLevel: DEBUG_LEVEL = -1, ANIM_LEVEL = 1
07-28 03:46:19.025  4903  4903 I [DevicePlugin].PlatformUtils.(main): isLightBlurEnable: enable=false
07-28 03:46:19.026  4903  4903 I [DevicePlugin].SquareDeviceCardView.(main): onConfigurationChanged
07-28 03:46:19.026  4903  4903 I [DevicePlugin].PlatformUtils.(main): isLowGaussianLevel: DEBUG_LEVEL = -1, ANIM_LEVEL = 1
07-28 03:46:19.026  4903  4903 I [DevicePlugin].PlatformUtils.(main): isGlobalThemeApplied: isGlobalTheme=false
07-28 03:46:19.026  4903  4903 I [DevicePlugin].PlatformUtils.(main): isBlurEnable: enable=true
07-28 03:46:19.026  4903  4903 I [DevicePlugin].PlatformUtils.(main): isGlobalThemeApplied: isGlobalTheme=false
07-28 03:46:19.026  4903  4903 I [DevicePlugin].PlatformUtils.(main): isLightOsGaussianLevel: DEBUG_LEVEL = -1, ANIM_LEVEL = 1
07-28 03:46:19.026  4903  4903 I [DevicePlugin].PlatformUtils.(main): isLightBlurEnable: enable=false
07-28 03:46:19.026  4903  4903 I [DevicePlugin].SquareEntranceCardView.(main): onConfigurationChanged
07-28 03:46:19.026  4903  4903 I [DevicePlugin].PlatformUtils.(main): isLowGaussianLevel: DEBUG_LEVEL = -1, ANIM_LEVEL = 1
07-28 03:46:19.026  4903  4903 I [DevicePlugin].PlatformUtils.(main): isGlobalThemeApplied: isGlobalTheme=false
07-28 03:46:19.026  4903  4903 I [DevicePlugin].PlatformUtils.(main): isBlurEnable: enable=true
07-28 03:46:19.026  4903  4903 I [DevicePlugin].PlatformUtils.(main): isGlobalThemeApplied: isGlobalTheme=false
07-28 03:46:19.026  4903  4903 I [DevicePlugin].PlatformUtils.(main): isLightOsGaussianLevel: DEBUG_LEVEL = -1, ANIM_LEVEL = 1
07-28 03:46:19.026  4903  4903 I [DevicePlugin].PlatformUtils.(main): isLightBlurEnable: enable=false
07-28 03:46:19.026  4903  4903 I [DevicePlugin].SquareDeviceCardView.(main): onConfigurationChanged
07-28 03:46:19.026  4903  4903 I [DevicePlugin].PlatformUtils.(main): isLowGaussianLevel: DEBUG_LEVEL = -1, ANIM_LEVEL = 1
07-28 03:46:19.026  4903  4903 I [DevicePlugin].PlatformUtils.(main): isGlobalThemeApplied: isGlobalTheme=false
07-28 03:46:19.026  4903  4903 I [DevicePlugin].PlatformUtils.(main): isBlurEnable: enable=true
07-28 03:46:19.026  4903  4903 I [DevicePlugin].PlatformUtils.(main): isGlobalThemeApplied: isGlobalTheme=false
07-28 03:46:19.026  4903  4903 I [DevicePlugin].PlatformUtils.(main): isLightOsGaussianLevel: DEBUG_LEVEL = -1, ANIM_LEVEL = 1
07-28 03:46:19.026  4903  4903 I [DevicePlugin].PlatformUtils.(main): isLightBlurEnable: enable=false
07-28 03:46:19.026  4903  4903 I [DevicePlugin].SquareDeviceCardView.(main): onConfigurationChanged
07-28 03:46:19.026  4903  4903 I [DevicePlugin].PlatformUtils.(main): isLowGaussianLevel: DEBUG_LEVEL = -1, ANIM_LEVEL = 1
07-28 03:46:19.026  4903  4903 I [DevicePlugin].PlatformUtils.(main): isGlobalThemeApplied: isGlobalTheme=false
07-28 03:46:19.026  4903  4903 I [DevicePlugin].PlatformUtils.(main): isBlurEnable: enable=true
07-28 03:46:19.026  4903  4903 I [DevicePlugin].PlatformUtils.(main): isGlobalThemeApplied: isGlobalTheme=false
07-28 03:46:19.026  4903  4903 I [DevicePlugin].PlatformUtils.(main): isLightOsGaussianLevel: DEBUG_LEVEL = -1, ANIM_LEVEL = 1
07-28 03:46:19.026  4903  4903 I [DevicePlugin].PlatformUtils.(main): isLightBlurEnable: enable=false
07-28 03:46:19.026  4903  4903 I [DevicePlugin].SquareDeviceCardView.(main): onConfigurationChanged
07-28 03:46:19.026  4903  4903 I [DevicePlugin].PlatformUtils.(main): isLowGaussianLevel: DEBUG_LEVEL = -1, ANIM_LEVEL = 1
07-28 03:46:19.026  4903  4903 I [DevicePlugin].PlatformUtils.(main): isGlobalThemeApplied: isGlobalTheme=false
07-28 03:46:19.026  4903  4903 I [DevicePlugin].PlatformUtils.(main): isBlurEnable: enable=true
07-28 03:46:19.026  4903  4903 I [DevicePlugin].PlatformUtils.(main): isGlobalThemeApplied: isGlobalTheme=false
07-28 03:46:19.026  4903  4903 I [DevicePlugin].PlatformUtils.(main): isLightOsGaussianLevel: DEBUG_LEVEL = -1, ANIM_LEVEL = 1
07-28 03:46:19.026  4903  4903 I [DevicePlugin].PlatformUtils.(main): isLightBlurEnable: enable=false
07-28 03:46:19.026  4903  4903 I [DevicePlugin].SquareEntranceCardView.(main): onConfigurationChanged
07-28 03:46:19.026  4903  4903 I [DevicePlugin].PlatformUtils.(main): isLowGaussianLevel: DEBUG_LEVEL = -1, ANIM_LEVEL = 1
07-28 03:46:19.026  4903  4903 I [DevicePlugin].PlatformUtils.(main): isGlobalThemeApplied: isGlobalTheme=false
07-28 03:46:19.026  4903  4903 I [DevicePlugin].PlatformUtils.(main): isBlurEnable: enable=true
07-28 03:46:19.026  4903  4903 I [DevicePlugin].PlatformUtils.(main): isGlobalThemeApplied: isGlobalTheme=false
07-28 03:46:19.026  4903  4903 I [DevicePlugin].PlatformUtils.(main): isLightOsGaussianLevel: DEBUG_LEVEL = -1, ANIM_LEVEL = 1
07-28 03:46:19.026  4903  4903 I [DevicePlugin].PlatformUtils.(main): isLightBlurEnable: enable=false
07-28 03:46:19.028  4903  4903 I SystemUi--QuickSettings: OplusSeparateQSCustomizer-->updateResources tileRow= 3
07-28 03:46:19.028  4903  4903 I SystemUi--QuickSettings: OplusSeparateQSCustomizer--> mUsableWidth=1080
07-28 03:46:19.028  4903  4903 I SystemUi--QuickSettings: OplusSeparateQSCustomizer--> mEditCellWidth=175 mEditCellMarginHorizontal=66 mItemHeight=271 mHorizontalSidePadding=57
07-28 03:46:19.028  4903  4903 I SystemUi--QuickSettings: OplusQsToggleSliderTouchExt-->getRealSize point: Point(1080, 2376) realScreenWidth: 1080 realScreenHeight: 2376
07-28 03:46:19.028  4903  4903 I SystemUi--QuickSettings: OplusQsToggleSliderLayout-->updateRadius radius= 57.815125, roundParams= OplusRoundParams(radiusDp=15.2, radius=45.6, weight=1.1, isCircle=false), isDefaultVolumeTheme = true
07-28 03:46:19.028  4903  4903 I COUIVerticalSeekBar: COUIVerticalSeekBar ensureSize : mIsProgressFull:true,mBackgroundRadius:45.6,mBackgroundWidth:179.0,mBackgroundEnlargeScale1.0,mProgressRadius:45.6,mProgressWidth:179.0,mProgressEnlargeScale1.0,mPaddingVertical45.6
07-28 03:46:19.029  4903  4903 I COUIVerticalSeekBar: updateBehavior * normalSeekBarHeight = 309,mPaddingVertical = 45.6,mIsPhysicsEnable = true,mPhysicalAnimator = null,mFlingBehavior = null,Thread_name = main,hashCode = 136244380,time = 1753688779029,stackChain = com.coui.appcompat.seekbar.COUIVerticalSeekBar.updateBehavior$1:14 com.coui.appcompat.seekbar.COUIVerticalSeekBar.ensureSize$1:182 com.coui.appcompat.seekbar.COUIVerticalSeekBar.setBackgroundRadius:3 com.oplus.systemui.qs.base.seek.OplusQsBaseToggleSliderLayout.updateRadius:60 
07-28 03:46:19.029  4903  4903 I COUIVerticalSeekBar: setPaddingVertical * paddingVertical = 45.6,hashCode = 136244380,time = 1753688779029
07-28 03:46:19.029  4903  4903 I COUIVerticalSeekBar: COUIVerticalSeekBar ensureSize : mIsProgressFull:true,mBackgroundRadius:45.6,mBackgroundWidth:179.0,mBackgroundEnlargeScale1.0,mProgressRadius:45.6,mProgressWidth:179.0,mProgressEnlargeScale1.0,mPaddingVertical45.6
07-28 03:46:19.029  4903  4903 I COUIVerticalSeekBar: updateBehavior * normalSeekBarHeight = 309,mPaddingVertical = 45.6,mIsPhysicsEnable = true,mPhysicalAnimator = null,mFlingBehavior = null,Thread_name = main,hashCode = 136244380,time = 1753688779029,stackChain = com.coui.appcompat.seekbar.COUIVerticalSeekBar.updateBehavior$1:14 com.coui.appcompat.seekbar.COUIVerticalSeekBar.ensureSize$1:182 com.coui.appcompat.seekbar.COUIVerticalSeekBar.setPaddingVertical:59 com.oplus.systemui.qs.base.seek.OplusQsBaseToggleSliderLayout.updateRadius:74 
07-28 03:46:19.029  4903  4903 I SystemUi--Common: WindowRootView-->leftInset:0 rightInset:0  rootWindowInsets.displayCutout:DisplayCutout{insets=Rect(0, 120 - 0, 0) waterfall=Insets{left=0, top=0, right=0, bottom=0} boundingRect={Bounds=[Rect(0, 0 - 0, 0), Rect(512, 0 - 569, 120), Rect(0, 0 - 0, 0), Rect(0, 0 - 0, 0)]} cutoutPathParserInfo={CutoutPathParserInfo{displayWidth=1080 displayHeight=2376 physicalDisplayWidth=1440 physicalDisplayHeight=3168 density={4.0} cutoutSpec={M -38,0 L -38,160 L 38,160 L 38,0 Z} rotation={0} scale={1.0} physicalPixelDisplaySizeRatio={0.75}}} sideOverrides={}} windowInsets.displayCutout:DisplayCutout{insets=Rect(0, 120 - 0, 0) waterfall=Insets{left=0, top=0, right=0, bottom=0} boundingRect={Bounds=[Rect(0, 0 - 0, 0), Rect(512, 0 - 569, 120), Rect(0, 0 - 0, 0), Rect(0, 0 - 0, 0)]} cutoutPathParserInfo={CutoutPathParserInfo{displayWidth=1080 displayHeight=2376 physicalDisplayWidth=1440 physicalDisplayHeight=3168 density={4.0} cutoutSpec={M -38,0 L -38,160 L 38,160 L 38,0 Z} rotation={0} scale={1.0} physicalPixelDisplaySizeRatio={0.75}}} sideOverrides={}} currentRotation:1
07-28 03:46:19.029  4903  4903 I SystemUi--QuickSettings: OplusQuickStatusBarHeader-->onApplyWindowInsets mIgnoreCenterHole: true mCenterHoleSpaceLp: androidx.constraintlayout.widget.ConstraintLayout$LayoutParams@24e055
07-28 03:46:19.029  4903  4903 I SystemUi--QuickSettings: OplusQuickStatusBarHeader-->updateCenterHoleView visibility: 8 isLpChanged: false
07-28 03:46:19.029  4903  4903 I SystemUi--QuickSettings: OplusQuickStatusBarHeader-->updateCenterHoleView visibility: 8 isLpChanged: false
07-28 03:46:19.029  4903  4903 I PluginSeedling--Base: SeedlingPluginService-->onStateChange: Bundle[{rect=RectF(509.25, 29.25, 570.75, 90.75), state=onHoleRectChanged}]
07-28 03:46:19.029  4903  4903 I SystemUi--Statusbar: StatusBarPaddingProvider-->updateContentsPadding: (51, 14, 60, 15), screenHoleHeight: 61 isLandscape=false, rotation: 0 screenHoleBottom: 90 statusBarHeight: 120 seedlingHeight: 90 switchSupport: true percentScreen:0.75 baseScreenWidth:1080 stableDisplayWidth:1440
07-28 03:46:19.029  4903  4903 I SystemUi--QuickSettings: OplusQuickStatusBarHeader-->onApplyWindowInsets mIgnoreCenterHole: true mCenterHoleSpaceLp: androidx.constraintlayout.widget.ConstraintLayout$LayoutParams@2cb9a6a
07-28 03:46:19.029  4903  4903 I SystemUi--QuickSettings: OplusQuickStatusBarHeader-->updateCenterHoleView visibility: 8 isLpChanged: false
07-28 03:46:19.029  4903  4903 I SystemUi--QuickSettings: OplusQuickStatusBarHeader-->updateCenterHoleView visibility: 8 isLpChanged: false
07-28 03:46:19.030  4903  5482 D BufferQueueProducer: [VRI[NotificationShade]#8(BLAST Consumer)8](id:132700000009,api:1,p:4903,c:4903) connect: api=1 producerControlledByApp=true
07-28 03:46:19.038  4903  4903 I SurfaceControl:  setExtendedRangeBrightness sc=Surface(name=NotificationShade)/@0x8991703,currentBufferRatio=1.0,desiredRatio=1.0
07-28 03:46:19.047  2169  2408 D SurfaceFlinger: captureLayers from pid 5382 uid -335
07-28 03:46:19.047  2169  2408 W SurfaceFlinger: Skipping screen capture because of invalid layer.
07-28 03:46:19.047  5382  5825 E ScreenCapture: Failed to generate screen capture. Error code: -12
07-28 03:46:19.047  5382  5825 E Blur_ScreenCapture: [captureScreenInternal] exceeds fail times limit=1
07-28 03:46:19.053  4903  5482 D BLASTBufferQueue: [VRI[NotificationShade]#8](f:0,a:1) acquireNextBufferLocked size=1080x2376 mFrameNumber=1 applyTransaction=true mTimestamp=57812516955(auto) mPendingTransactions.size=0 graphicBufferId=21058224652336 transform=0
07-28 03:46:19.053  4903  5482 D VRI[NotificationShade]: Received frameCommittedCallback lastAttemptedDrawFrameNum=1 didProduceBuffer=true syncBuffer=false
07-28 03:46:19.054  4903  4903 D VRI[NotificationShade]: draw finished. seqId=0
07-28 03:46:19.054  3387  5174 I WindowManager: Window{c8f1e89 u0 NotificationShade} state from DRAW_PENDING to COMMIT_DRAW_PENDING; reason: finishDrawingLocked
07-28 03:46:19.055  3387  3586 I WindowManager: Window{c8f1e89 u0 NotificationShade} state from COMMIT_DRAW_PENDING to READY_TO_SHOW; reason: commitFinishDrawingLocked
07-28 03:46:19.055  3387  3586 I WindowManager: Window{c8f1e89 u0 NotificationShade} state from READY_TO_SHOW to HAS_DRAWN; reason: performShowLocked
07-28 03:46:19.056  4903  5702 V OplusCustomizeCacheManager: queryCache name: sys.cache.common_customize_cache11011 param: null
