device
--------- beginning of main
07-28 17:26:53.222  3218  3218 E OplusTouchDaemon: ts_run_service: shellback temperature updated 36 (36726)
07-28 17:26:53.274  2008  2008 D SensorFeature: name=ssc_screenshot_info ,index = 22
07-28 17:26:53.274  2008  2008 D SensorFeature: write 29 bytes:47830561699,49997903417,132,0
--------- beginning of system
07-28 17:26:53.360  3435  4381 D ActivityManager: Freezer deadlock watchdog
07-28 17:26:53.418  8330  8588 D ads_apk : [FetchAdStrategyEngine][2025-07-28 17:26:53.417][8330][GlobalWorkThread:71]:request from net but network disable
07-28 17:26:53.418  8330  8588 D ads_apk : [FetchAdStrategyEngine][2025-07-28 17:26:53.417][8330][GlobalWorkThread:71]:decay for refresh internalTime:24000,randomTime:297
07-28 17:26:53.418  8330  8588 D ads_apk : [FetchAdStrategyEngine][2025-07-28 17:26:53.417][8330][GlobalWorkThread:71]:decay for refresh after:24297
07-28 17:26:53.419  8330  8588 D ads_apk : [FetchAdStrategyEngine][2025-07-28 17:26:53.417][8330][GlobalWorkThread:71]:looper to handler
07-28 17:26:53.423  1919  4434 I Dpps    : LtmSwState::SetParameter():144 ignore cmd 7 in state LtmOffState
07-28 17:26:53.550  7288  7834 I SG::SettingManager: metisDomainObserver: data change. selfChange=false [base|com.oplus.pantanal.ums|1.5.5-f48228a]
07-28 17:26:53.554  8851  9698 I ContextAware_DomainProvider: ums getSubDomainInfo intentMap:{travel_preparation=travel, internal_aod_prompt=app_prompt, file_manager=system_tools, creation_activity=system_tools, internal_xiaobu=system_settings, takeout=life_service, terminals_cloud=system_tools, tips=system_settings, internal_assistant_screen=ASSISTANT_SCREEN, navigation=app_prompt, internal_intent_lib=system_tools, weather=system_tools, payment=financial_planning, internal_address_recognition=system_tools, communication=system_tools, train=travel, ridehailing=travel, repayment=financial_planning, course_reminder=workplace_learning, read=media_service, epidemic=travel, travel_service=life_service, movie_performance=life_service, living_expense_payment_reminder=life_service, application_suggestions=system_tools, open_wlan=system_settings, commute=life_service, clear_memory=system_settings, internal_upgrade=app_upgrade, close_torch=system_settings, flight=travel, movie_notice=life_service, event_services=media_service, game=system_tools, content_consult=media_service, sticky_note=system_tools, appointment_reminder=system_settings, departure_reminder=life_service, recording=system_tools, video=media_service, outdoor_activities=system_settings, festival_reminder=media_service, living_expenses=financial_planning, application_recommendat=system_tools, hotel=travel_epidemic, nearby_power_bank=life_service, audio=media_service, store_service=life_service, publictransit=travel, calendar=system_settings, delivery=life_service, internal_account_bind=account_bind, domestic_travel_service=life_service, xiaobu_assistant=system_tools, health=system_tools, app_usage=system_settings, meal=life_service, text_intent=system_tools, parking_service=travel, internal_demo_mode=sale_mode} [base|com.oplus.metis|1.5.5-f48228a]
07-28 17:26:53.561  8851  9698 I ContextAware_DomainProvider: ums getSubDomainInfo result:travel_preparation: true,internal_aod_prompt: false,file_manager: true,creation_activity: true,internal_xiaobu: false,takeout: true,terminals_cloud: true,tips: true,internal_assistant_screen: false,navigation: true,internal_intent_lib: false,weather: true,payment: true,internal_address_recognition: false,communication: true,train: true,ridehailing: true,repayment: true,course_reminder: true,read: true,epidemic: false,travel_service: true,movie_performance: true,living_expense_payment_reminder: true,application_suggestions: false,open_wlan: true,commute: true,clear_memory: true,internal_upgrade: false,close_torch: true,flight: true,movie_notice: true,event_services: true,game: true,content_consult: true,sticky_note: true,appointment_reminder: true,departure_reminder: true,recording: true,video: true,outdoor_activities: true,festival_reminder: false,living_expenses: false,application_recommendat: false,hotel: true,nearby_power_bank: true,audio: true,store_service: true,publictransit: true,calendar: true,delivery: true,internal_account_bind: false,domestic_travel_service: true,xiaobu_assistant: true,health: true,app_usage: true,meal: true,text_intent: true,parking_service: true,internal_demo_mode: false,
07-28 17:26:53.565  7288  7834 I SG::SettingManager: delete: []
07-28 17:26:53.565  7288  7834 I SG::SettingManager: query from metis: [CloudDataEntity(subDomain='travel_preparation', domain=travel), CloudDataEntity(subDomain='file_manager', domain=system_tools), CloudDataEntity(subDomain='creation_activity', domain=system_tools), CloudDataEntity(subDomain='takeout', domain=life_service), CloudDataEntity(subDomain='terminals_cloud', domain=system_tools), CloudDataEntity(subDomain='tips', domain=system_settings), CloudDataEntity(subDomain='navigation', domain=app_prompt), CloudDataEntity(subDomain='weather', domain=system_tools), CloudDataEntity(subDomain='payment', domain=financial_planning), CloudDataEntity(subDomain='communication', domain=system_tools), CloudDataEntity(subDomain='train', domain=travel), CloudDataEntity(subDomain='ridehailing', domain=travel), CloudDataEntity(subDomain='repayment', domain=financial_planning), CloudDataEntity(subDomain='course_reminder', domain=workplace_learning), CloudDataEntity(subDomain='read', domain=media_service), CloudDataEntity(subDomain='travel_service', domain=life_service), CloudDataEntity(subDomain='movie_performance', domain=life_service), CloudDataEntity(subDomain='living_expense_payment_reminder', domain=life_service), CloudDataEntity(subDomain='open_wlan', domain=system_settings), CloudDataEntity(subDomain='commute', domain=life_service), CloudDataEntity(subDomain='clear_memory', domain=system_settings), CloudDataEntity(subDomain='close_torch', domain=system_settings), CloudDataEntity(subDomain='flight', domain=travel), CloudDataEntity(subDomain='movie_notice', domain=life_service), CloudDataEntity(subDomain='event_services', domain=media_service), CloudDataEntity(subDomain='game', domain=system_tools), CloudDataEntity(subDomain='content_consult', domain=media_service), CloudDataEntity(subDomain='sticky_note', domain=system_tools), CloudDataEntity(subDomain='appointment_reminder', domain=system_settings), CloudDataEntity(subDomain='departure_reminder', domain=life_service), CloudDataEntity(subDomain='recording', domain=system_tools), CloudDataEntity(subDomain='video', domain=media_service), CloudDataEntity(subDomain='outdoor_activities', domain=system_settings), CloudDataEntity(subDomain='hotel', domain=travel_epidemic), CloudDataEntity(subDomain='nearby_power_bank', domain=life_service), CloudDataEntity(subDomain='audio', domain=media_service), CloudDataEntity(subDomain='store_service', domain=life_service), CloudDataEntity(subDomain='publictransit', domain=travel), CloudDataEntity(subDomain='calendar', domain=system_settings), CloudDataEntity(subDomain='delivery', domain=life_service), CloudDataEntity(subDomain='domestic_travel_service', domain=life_service), CloudDataEntity(subDomain='xiaobu_assistant', domain=system_tools), CloudDataEntity(subDomain='health', domain=system_tools), CloudDataEntity(subDomain='app_usage', domain=system_settings), CloudDataEntity(subDomain='meal', domain=life_service), CloudDataEntity(subDomain='text_intent', domain=system_tools), CloudDataEntity(subDomain='parking_service', domain=travel)]
07-28 17:26:53.574  7288  8782 I SG::UpdateSubDomainUtil: updateWhenMetisChange forceUpdate: false
07-28 17:26:53.574  7288  8782 W SG::UpdateSubDomainUtil: allChangeDomains is empty!
07-28 17:26:53.576  2008  2008 D SensorFeature: name=ssc_screenshot_info ,index = 22
07-28 17:26:53.576  2008  2008 D SensorFeature: write 29 bytes:47830561699,50300917896,133,0
07-28 17:26:53.685  1846  4447 I sensors-hal: handle_oplus_wise_rgb_event:189, high_pwm_light:lux 268.9,cct 3611.2,brl/algo/ir 1447.0/2.0/17.2,pwm/dc 0.0/0.0,rgbc 20953.025391/12919.686523/5999.056152/38470.656250,ts 50247255358,cnt 660,flag 133
07-28 17:26:53.687  1919  4434 I Dpps    : LtmSwState::SetParameter():144 ignore cmd 7 in state LtmOffState
07-28 17:26:53.704  3435  3811 D VRR [OPlusGameStatusManager]: handleBrightnessDone
07-28 17:26:53.871 10802 11019 D BootUtil: savedDiffTime: 1753737963274, currentDiffTime: 1753737963275, isReboot: false
07-28 17:26:53.877  2008  2008 D SensorFeature: name=ssc_screenshot_info ,index = 22
07-28 17:26:53.878  2008  2008 D SensorFeature: write 29 bytes:47830561699,50602392635,134,0
07-28 17:26:53.951  1919  4434 I Dpps    : LtmSwState::SetParameter():144 ignore cmd 7 in state LtmOffState
07-28 17:26:54.021  3435  4885 W Binder  : Outgoing transactions from this process must be FLAG_ONEWAY
07-28 17:26:54.021  3435  4885 W Binder  : java.lang.Throwable
07-28 17:26:54.021  3435  4885 W Binder  : 	at android.os.BinderProxy.transact(BinderProxy.java:633)
07-28 17:26:54.021  3435  4885 W Binder  : 	at android.content.ContentProviderProxy.insert(ContentProviderNative.java:587)
07-28 17:26:54.021  3435  4885 W Binder  : 	at android.content.ContentProviderClient.insert(ContentProviderClient.java:347)
07-28 17:26:54.021  3435  4885 W Binder  : 	at android.content.ContentProviderClient.insert(ContentProviderClient.java:336)
07-28 17:26:54.021  3435  4885 W Binder  : 	at com.oplus.util.OplusStatisticsImpl.insert(OplusStatisticsImpl.java:307)
07-28 17:26:54.021  3435  4885 W Binder  : 	at com.oplus.util.OplusStatisticsImpl.sendDataToDCS(OplusStatisticsImpl.java:287)
07-28 17:26:54.021  3435  4885 W Binder  : 	at com.oplus.util.OplusStatisticsImpl.flushInternal(OplusStatisticsImpl.java:264)
07-28 17:26:54.021  3435  4885 W Binder  : 	at com.oplus.util.OplusStatisticsImpl.lambda$setDelayFlushJobIfNeed$4(OplusStatisticsImpl.java:211)
07-28 17:26:54.021  3435  4885 W Binder  : 	at com.oplus.util.OplusStatisticsImpl.$r8$lambda$4UYTp2NCu6Rml69JNqEuK7o54SI(Unknown Source:0)
07-28 17:26:54.021  3435  4885 W Binder  : 	at com.oplus.util.OplusStatisticsImpl$$ExternalSyntheticLambda5.run(D8$$SyntheticClass:0)
07-28 17:26:54.021  3435  4885 W Binder  : 	at java.util.concurrent.Executors$RunnableAdapter.call(Executors.java:487)
07-28 17:26:54.021  3435  4885 W Binder  : 	at java.util.concurrent.FutureTask.run(FutureTask.java:290)
07-28 17:26:54.021  3435  4885 W Binder  : 	at java.util.concurrent.ScheduledThreadPoolExecutor$ScheduledFutureTask.run(ScheduledThreadPoolExecutor.java:307)
07-28 17:26:54.021  3435  4885 W Binder  : 	at java.util.concurrent.ThreadPoolExecutor.runWorker(ThreadPoolExecutor.java:1145)
07-28 17:26:54.021  3435  4885 W Binder  : 	at java.util.concurrent.ThreadPoolExecutor$Worker.run(ThreadPoolExecutor.java:644)
07-28 17:26:54.021  3435  4885 W Binder  : 	at java.lang.Thread.run(Thread.java:1012)
07-28 17:26:54.046  2016  2059 D BatteryChargeControl: bcc get no support from charging protocol
07-28 17:26:54.162  2016  7499 D charge_time: write 14461s(04:01:01) to ttf, rc=7
07-28 17:26:54.162  2016  7499 D charge_time: type=sdp,reserve_soc=2,soc=63,ui_soc=65,current=63,avg=63,not_chg_cnt=0,stable_cnt=7,fcc=5724,fcc_ratio=94,delta=35,debug=0,region=15,ttf=54603(15:10:03),ui_ttf=14461(04:01:01)
07-28 17:26:54.180  2008  2008 D SensorFeature: name=ssc_screenshot_info ,index = 22
07-28 17:26:54.180  2008  2008 D SensorFeature: write 29 bytes:47830561699,50904847479,135,0
07-28 17:26:54.216  1846  4447 I sensors-hal: handle_oplus_wise_rgb_event:189, high_pwm_light:lux 269.0,cct 3603.8,brl/algo/ir 1447.0/2.0/17.3,pwm/dc 0.0/0.0,rgbc 20962.535156/12933.500977/6014.448242/38555.921875,ts 50852945462,cnt 670,flag 135
07-28 17:26:54.220  1919  4434 I Dpps    : LtmSwState::SetParameter():144 ignore cmd 7 in state LtmOffState
07-28 17:26:54.223  3435  3790 D OplusFeatureHDREnhanceBrightness: notifySfForceUpdate, mFlinger is null 
07-28 17:26:54.226  3435  3790 D OplusFeatureHDREnhanceBrightness: checkIsPlayingHDR isPlayingHDR=0 rotation=0 whiteApp=false battery=65
07-28 17:26:54.301  3435  5047 I OplusHansManager : uid=10157, pkg=com.baidu.input_oppo cannot transition from R to M, importance=input
07-28 17:26:54.377  5060  5975 W BluetoothAdapterExtImpl: getBluetoothConnectionCountï¼šmOplusBluetooth null!
07-28 17:26:54.380  5060  5975 D TelephonyImpl: isRequestingMms
07-28 17:26:54.380  5060  5975 D TelephonyImpl: getReleaseMmsNetworkTime
07-28 17:26:54.382  5060  5975 D OplusDdsSwitchStrategy: Md,OplusCheckFeature,RETURN_TO_CUR_ACTION_DDS
07-28 17:26:54.457  5060  6404 I PCDR-common_no_service[0]: lift forbidden
07-28 17:26:54.457  5060  6404 I PCDR-common_no_45g[0]: lift forbidden
07-28 17:26:54.483  2008  2008 D SensorFeature: name=ssc_screenshot_info ,index = 22
07-28 17:26:54.483  2008  2008 D SensorFeature: write 29 bytes:47830561699,51207526489,136,0
07-28 17:26:54.488  1919  4434 I Dpps    : LtmSwState::SetParameter():144 ignore cmd 7 in state LtmOffState
07-28 17:26:54.636  6622  6664 W System  : A resource failed to call AbstractCursor.close. 
07-28 17:26:54.636  6622  6664 W System  : A resource failed to call AbstractCursor.close. 
07-28 17:26:54.636  6622  6664 W System  : A resource failed to call AbstractCursor.close. 
07-28 17:26:54.636  6622  6664 W System  : A resource failed to call AbstractCursor.close. 
07-28 17:26:54.790  2008  2008 D SensorFeature: name=ssc_screenshot_info ,index = 22
07-28 17:26:54.790  2008  2008 D SensorFeature: write 29 bytes:47830561699,51513708208,137,0
07-28 17:26:54.793  1846  4447 I sensors-hal: handle_oplus_wise_rgb_event:189, high_pwm_light:lux 268.6,cct 3610.2,brl/algo/ir 1447.0/2.0/17.8,pwm/dc 0.0/0.0,rgbc 20957.781250/12938.103516/6002.903809/38525.828125,ts 51408852441,cnt 680,flag 137
07-28 17:26:54.795  1919  4434 I Dpps    : LtmSwState::SetParameter():144 ignore cmd 7 in state LtmOffState
07-28 17:26:54.830  3435  4390 V AlarmManager: sending alarm Alarm{be9c19b type 2 origWhen 51555 whenElapsed 51555 android} uid 1000 whenElapsed 51555 windowLength 0 maxWhenElapsed 51555 repeatInterval 0 action null component null tag $android.alarm.generated:1000:51555 flags 0x9 procName system_server
07-28 17:26:54.836  3435  3516 D LocationManagerService: network provider removed registration from 10154/com.coloros.assistantscreen/7635F34F
07-28 17:26:54.874  5247  5247 D SubsysEventListenerManager-SubsysTelephonyCallback[0]: onCellInfoChanged
07-28 17:26:54.990  1825  1825 D healthd : system healthd: battery l=65 v=3991 t=32.9 h=2 st=2 c=-129 fc=5920000 cc=18 chg=u
07-28 17:26:55.014  3435  4379 D FusionLightNextGen: process end reported = 1, mode: 0, lux 502.2, cct -1.0, r/g/b/c: 20972.0/12919.7/5995.2/38520.8, R/G/B: 106.0/100.0/99.0, bri 1447.0, match 1.00, ir 0.018061, conf 0.0, ts 51509020358
07-28 17:26:55.014  1919  4434 I Dpps    : LtmSwState::SetParameter():144 ignore cmd 7 in state LtmOffState
07-28 17:26:55.027  2016  2016 D vendor.oplus.hardware.charger-V7-service: get_ui_charge_icon_type 0 0 0 0 0
07-28 17:26:55.028  2016  2016 D vendor.oplus.hardware.charger-V7-service: oplus_chg_get_cpa_power 2500 charge_online 1 retention_topic 0
07-28 17:26:55.028  2016  2016 D vendor.oplus.hardware.charger-V7-service: oplus_chg_get_cpa_power 2500 charge_online 1 retention_topic 0
07-28 17:26:55.028  2016  2016 D vendor.oplus.hardware.charger-V7-service: getIsSingleHyperSupport=2, cpa_power=2
07-28 17:26:55.047  2016  2059 D BatteryChargeControl: bcc get no support from charging protocol
07-28 17:26:55.070  3435  4654 E OplusNetworkStackManager: initService mNetworkStackService is null, try again in 10s
07-28 17:26:55.096  2008  2008 D SensorFeature: name=ssc_screenshot_info ,index = 22
07-28 17:26:55.097  2008  2008 D SensorFeature: write 29 bytes:47830561699,51820291802,138,0
07-28 17:26:55.163  2016  7499 D charge_time: type=sdp,reserve_soc=2,soc=63,ui_soc=65,current=129,avg=76,not_chg_cnt=0,stable_cnt=7,fcc=5724,fcc_ratio=94,delta=36,debug=0,region=15,ttf=45258(12:34:18),ui_ttf=14460(04:01:00)
07-28 17:26:55.279  1846  4447 I sensors-hal: handle_oplus_wise_rgb_event:189, high_pwm_light:lux 268.8,cct 3606.8,brl/algo/ir 1447.0/2.0/18.2,pwm/dc 0.0/0.0,rgbc 20991.070312/12938.103516/6006.751953/38601.062500,ts 51766633847,cnt 690,flag 138
07-28 17:26:55.280  1919  4434 I Dpps    : LtmSwState::SetParameter():144 ignore cmd 7 in state LtmOffState
07-28 17:26:55.345  1805  1807 E Diag-Router: diag: glinkpkt_open: failed to create control node for slate_apps
07-28 17:26:55.345  1805  1807 E Diag-Router: diag: diag_glinkpkt_open_thread: Glinkpkt_open failed for perif: 12 with err: -1, retry_cnt: 8
07-28 17:26:55.346  1805  1808 E Diag-Router: diag: glinkpkt_open: failed to create control node for slate_adsp
07-28 17:26:55.346  1805  1808 E Diag-Router: diag: diag_glinkpkt_open_thread: Glinkpkt_open failed for perif: 13 with err: -1, retry_cnt: 8
07-28 17:26:55.375  3435  4805 I Osense-BaseDecisionMaker: notifySceneToAthenaPolicy: SCENE_IDLE_RECOVER, bundle: Bundle[{scene=SCENE_IDLE_RECOVER}]
07-28 17:26:55.377  3435  4805 I Osense-BaseDecisionMaker: scene: SCENE_IDLE_RECOVER, excutingPolicy: respreload
07-28 17:26:55.377  3435  4805 D Osense-BaseDecisionMaker: invoke process preload policy
07-28 17:26:55.377  3435  4805 I Osense-BaseDecisionMaker: scene: SCENE_IDLE_RECOVER, excutingPolicy: clear
07-28 17:26:55.378  3435  4805 D Osense-BaseDecisionMaker: invoke clear policy,type: unforbid
07-28 17:26:55.378  3435  4805 I OsenseKillAction: KillAction: unhandled request: id=8, enable=true, scene=SCENE_IDLE_RECOVER, type=unforbid, cchOnly=false, appcare=0
07-28 17:26:55.400  2008  2008 D SensorFeature: name=ssc_screenshot_info ,index = 22
07-28 17:26:55.400  2008  2008 D SensorFeature: write 29 bytes:47830561699,52124564145,139,0
07-28 17:26:55.548  1919  4434 I Dpps    : LtmSwState::SetParameter():144 ignore cmd 7 in state LtmOffState
07-28 17:26:55.563  2016  2057 D vendor.oplus.hardware.charger-V7-service: ret_value:113, read content:,329,357,3991,3988,-129,63,65,1,1,0,494,4612,64,1,4475,300,500,0,12,-22,12,0,1,0,2,0,0,0,1,6098,99,0,0,0,0,0,0,0
07-28 17:26:55.563  2016  2057 D vendor.oplus.hardware.charger-V7-service: gmtime: 2025-07-28-17-26-55
07-28 17:26:55.563  2016  2057 D vendor.oplus.hardware.charger-V7-service: usb_online:1, ac_online:-2147483648, wireless_online:0
07-28 17:26:55.565  2016  2044 D vendor.oplus.hardware.charger-V7-service: s_chg_user_mode: 3
07-28 17:26:55.565  2016  2044 D vendor.oplus.hardware.charger-V7-service: scale_chg Start!!!
07-28 17:26:55.565  2016  2044 D vendor.oplus.hardware.charger-V7-service: [0, 0, 3]
07-28 17:26:55.566  2016  2044 D vendor.oplus.hardware.charger-V7-service: [0, 2, 9]
07-28 17:26:55.566  2016  2044 D vendor.oplus.hardware.charger-V7-service: [0, 1, 3]
07-28 17:26:55.566  2016  2044 D vendor.oplus.hardware.charger-V7-service: [0, 3, 3]
07-28 17:26:55.566  2016  2044 D vendor.oplus.hardware.charger-V7-service: [0, 4, 3]
07-28 17:26:55.566  2016  2044 D vendor.oplus.hardware.charger-V7-service: [0, 5, 5]
07-28 17:26:55.566  2016  2044 D vendor.oplus.hardware.charger-V7-service: [0, 6, 9]
07-28 17:26:55.566  2016  2044 D vendor.oplus.hardware.charger-V7-service: scale_chg Start!!!
07-28 17:26:55.566  2016  2044 D vendor.oplus.hardware.charger-V7-service: [0, 0, 3]
07-28 17:26:55.566  2016  2044 D vendor.oplus.hardware.charger-V7-service: [0, 2, 10]
07-28 17:26:55.566  2016  2044 D vendor.oplus.hardware.charger-V7-service: [0, 1, 3]
07-28 17:26:55.566  2016  2044 D vendor.oplus.hardware.charger-V7-service: [0, 3, 3]
07-28 17:26:55.566  2016  2044 D vendor.oplus.hardware.charger-V7-service: [0, 4, 3]
07-28 17:26:55.567  2016  2044 D vendor.oplus.hardware.charger-V7-service: [0, 5, 3]
07-28 17:26:55.567  2016  2044 D vendor.oplus.hardware.charger-V7-service: [0, 6, 10]
07-28 17:26:55.703  2008  2008 D SensorFeature: name=ssc_screenshot_info ,index = 22
07-28 17:26:55.703  2008  2008 D SensorFeature: write 29 bytes:47830561699,52426818572,140,0
07-28 17:26:55.802 12953 13084 D ProfileInstaller: Installing profile for com.oplus.linker
07-28 17:26:55.808  1846  4447 I sensors-hal: handle_oplus_wise_rgb_event:189, high_pwm_light:lux 270.2,cct 3606.7,brl/algo/ir 1447.0/2.0/17.2,pwm/dc 0.0/0.0,rgbc 20995.826172/12988.751953/6022.144043/38656.238281,ts 52372334941,cnt 700,flag 140
07-28 17:26:55.810  1919  4434 I Dpps    : LtmSwState::SetParameter():144 ignore cmd 7 in state LtmOffState
07-28 17:26:55.915  3435  3688 D OomAdjuster: Not killing cached processes
07-28 17:26:56.005  2008  2008 D SensorFeature: name=ssc_screenshot_info ,index = 22
07-28 17:26:56.005  2008  2008 D SensorFeature: write 29 bytes:47830561699,52730000291,141,0
07-28 17:26:56.047  2016  2059 D BatteryChargeControl: bcc get no support from charging protocol
07-28 17:26:56.076  1919  4434 I Dpps    : LtmSwState::SetParameter():144 ignore cmd 7 in state LtmOffState
07-28 17:26:56.165  2016  7499 D charge_time: type=sdp,reserve_soc=2,soc=63,ui_soc=65,current=129,avg=89,not_chg_cnt=0,stable_cnt=7,fcc=5724,fcc_ratio=94,delta=37,debug=0,region=15,ttf=38642(10:44:02),ui_ttf=14459(04:00:59)
07-28 17:26:56.308  2008  2008 D SensorFeature: name=ssc_screenshot_info ,index = 22
07-28 17:26:56.308  2008  2008 D SensorFeature: write 29 bytes:47830561699,53032159457,142,0
07-28 17:26:56.340  1846  4447 I sensors-hal: handle_oplus_wise_rgb_event:189, high_pwm_light:lux 270.2,cct 3604.0,brl/algo/ir 1447.0/2.0/16.8,pwm/dc 0.0/0.0,rgbc 21000.582031/12979.542969/6010.599609/38676.296875,ts 52977762702,cnt 710,flag 142
07-28 17:26:56.343  1919  4434 I Dpps    : LtmSwState::SetParameter():144 ignore cmd 7 in state LtmOffState
07-28 17:26:56.610  2008  2008 D SensorFeature: name=ssc_screenshot_info ,index = 22
07-28 17:26:56.610  2008  2008 D SensorFeature: write 29 bytes:47830561699,53335242270,143,0
07-28 17:26:56.612  1919  4434 I Dpps    : LtmSwState::SetParameter():144 ignore cmd 7 in state LtmOffState
07-28 17:26:56.680  5247  5931 E OplusNetworkStackManager: initService mNetworkStackService is null, try again in 10s
07-28 17:26:56.698  3435  3617 D Theia.TransparentWindow: handleMessage CHECK_TRANS_WINDOW_ERROR_MSG
07-28 17:26:56.912  2008  2008 D SensorFeature: name=ssc_screenshot_info ,index = 22
07-28 17:26:56.913  2008  2008 D SensorFeature: write 29 bytes:47830561699,53636916384,144,0
07-28 17:26:56.915  1846  4447 I sensors-hal: handle_oplus_wise_rgb_event:189, high_pwm_light:lux 269.7,cct 3605.7,brl/algo/ir 1447.0/2.0/17.4,pwm/dc 0.0/0.0,rgbc 21024.357422/12988.751953/6022.144043/38651.222656,ts 53534051816,cnt 720,flag 144
07-28 17:26:56.917  1919  4434 I Dpps    : LtmSwState::SetParameter():144 ignore cmd 7 in state LtmOffState
07-28 17:26:57.048  2016  2059 D BatteryChargeControl: bcc get no support from charging protocol
07-28 17:26:57.142  1919  4434 I Dpps    : LtmSwState::SetParameter():144 ignore cmd 7 in state LtmOffState
07-28 17:26:57.167  2016  7499 D charge_time: type=sdp,reserve_soc=2,soc=63,ui_soc=65,current=129,avg=102,not_chg_cnt=0,stable_cnt=7,fcc=5724,fcc_ratio=94,delta=38,debug=0,region=15,ttf=33712(09:21:52),ui_ttf=14458(04:00:58)
07-28 17:26:57.217  2008  2008 D SensorFeature: name=ssc_screenshot_info ,index = 22
07-28 17:26:57.218  2008  2008 D SensorFeature: write 29 bytes:47830561699,53941182061,145,0
07-28 17:26:57.286  4933  6211 E OplusNetworkStackManager: initService mNetworkStackService is null, try again in 10s
07-28 17:26:57.405  1846  4447 I sensors-hal: handle_oplus_wise_rgb_event:189, high_pwm_light:lux 269.0,cct 3602.0,brl/algo/ir 1447.0/2.0/17.9,pwm/dc 0.0/0.0,rgbc 21010.091797/12956.521484/6022.144043/38631.160156,ts 53883514733,cnt 730,flag 145
07-28 17:26:57.408  1919  4434 I Dpps    : LtmSwState::SetParameter():144 ignore cmd 7 in state LtmOffState
07-28 17:26:57.520  2008  2008 D SensorFeature: name=ssc_screenshot_info ,index = 22
07-28 17:26:57.521  2008  2008 D SensorFeature: write 29 bytes:47830561699,54245360551,146,0
07-28 17:26:57.673  3435  4379 D FusionLightNextGen: process end reported = 1, mode: 0, lux 504.4, cct -1.0, r/g/b/c: 21024.4/12979.5/6014.4/38646.2, R/G/B: 106.0/100.0/99.0, bri 1447.0, match 1.00, ir 0.018082, conf 0.0, ts 54223515254
07-28 17:26:57.674  1919  4434 I Dpps    : LtmSwState::SetParameter():144 ignore cmd 7 in state LtmOffState
07-28 17:26:57.827  2008  2008 D SensorFeature: name=ssc_screenshot_info ,index = 22
07-28 17:26:57.828  2008  2008 D SensorFeature: write 29 bytes:47830561699,54551211071,147,0
07-28 17:26:57.937  1846  4447 I sensors-hal: handle_oplus_wise_rgb_event:189, high_pwm_light:lux 269.9,cct 3604.9,brl/algo/ir 1447.0/2.0/17.1,pwm/dc 0.0/0.0,rgbc 20991.070312/12956.521484/6018.295898/38641.187500,ts 54497386452,cnt 740,flag 147
07-28 17:26:57.940  1919  4434 I Dpps    : LtmSwState::SetParameter():144 ignore cmd 7 in state LtmOffState
07-28 17:26:58.052  2016  2059 D BatteryChargeControl: bcc get no support from charging protocol
07-28 17:26:58.109  2016  2016 D vendor.oplus.hardware.charger-V7-service: getChargerControl:
07-28 17:26:58.110  6560  6628 E oiface  : sched_setaffinity failed
07-28 17:26:58.128  2009  2020 E PerformanceService: storage_feature: open /sys/devices/platform/soc/112b0000.ufshci//virtualtlcbuff fail
07-28 17:26:58.130  3435  5187 W BestClock: java.time.DateTimeException: Missing network time fix
07-28 17:26:58.130  3435  5187 W BestClock: java.time.DateTimeException: Missing network time fix
07-28 17:26:58.131  2008  2008 D SensorFeature: name=ssc_screenshot_info ,index = 22
07-28 17:26:58.131  3435  3464 W BestClock: java.time.DateTimeException: Missing network time fix
07-28 17:26:58.131  2008  2008 D SensorFeature: write 29 bytes:47830561699,54855134040,148,0
07-28 17:26:58.168  2016  7499 D charge_time: type=sdp,reserve_soc=2,soc=63,ui_soc=65,current=129,avg=115,not_chg_cnt=0,stable_cnt=7,fcc=5724,fcc_ratio=94,delta=39,debug=0,region=15,ttf=29897(08:18:17),ui_ttf=14457(04:00:57)
07-28 17:26:58.202  1919  4434 I Dpps    : LtmSwState::SetParameter():144 ignore cmd 7 in state LtmOffState
07-28 17:26:58.434  2008  2008 D SensorFeature: name=ssc_screenshot_info ,index = 22
07-28 17:26:58.435  2008  2008 D SensorFeature: write 29 bytes:47830561699,55158516175,149,0
07-28 17:26:58.468  1846  4447 I sensors-hal: handle_oplus_wise_rgb_event:189, high_pwm_light:lux 269.4,cct 3597.5,brl/algo/ir 1447.0/2.0/17.3,pwm/dc 0.0/0.0,rgbc 21000.582031/12997.959961/6033.688477/38646.207031,ts 55103039993,cnt 750,flag 149
07-28 17:26:58.471  1919  4434 I Dpps    : LtmSwState::SetParameter():144 ignore cmd 7 in state LtmOffState
07-28 17:26:58.739  2008  2008 D SensorFeature: name=ssc_screenshot_info ,index = 22
07-28 17:26:58.740  2008  2008 D SensorFeature: write 29 bytes:47830561699,55463367581,150,0
07-28 17:26:58.740  1846  1947 I sensors-hal: get_display_brightness:818, light_iface: set screenshot_info [47830561699,55463367581,150,0]
07-28 17:26:58.744  1919  4434 I Dpps    : LtmSwState::SetParameter():144 ignore cmd 7 in state LtmOffState
07-28 17:26:58.997  1846  4447 I sensors-hal: handle_oplus_wise_rgb_event:189, high_pwm_light:lux 269.3,cct 3605.5,brl/algo/ir 1447.0/2.0/17.9,pwm/dc 0.0/0.0,rgbc 21019.603516/12956.521484/6014.448242/38606.078125,ts 55460779577,cnt 760,flag 150
07-28 17:26:59.000  1919  4434 I Dpps    : LtmSwState::SetParameter():144 ignore cmd 7 in state LtmOffState
07-28 17:26:59.047  2008  2008 D SensorFeature: name=ssc_screenshot_info ,index = 22
07-28 17:26:59.047  2008  2008 D SensorFeature: write 29 bytes:47830561699,55770005081,151,0
07-28 17:26:59.053  2016  2059 D BatteryChargeControl: bcc get no support from charging protocol
07-28 17:26:59.169  2016  7499 D charge_time: write 14456s(04:00:56) to ttf, rc=7
07-28 17:26:59.170  2016  7499 D charge_time: type=sdp,reserve_soc=2,soc=63,ui_soc=65,current=129,avg=129,not_chg_cnt=0,stable_cnt=7,fcc=5724,fcc_ratio=94,delta=40,debug=0,region=15,ttf=26648(07:24:08),ui_ttf=14456(04:00:56)
07-28 17:26:59.264  1919  4434 I Dpps    : LtmSwState::SetParameter():144 ignore cmd 7 in state LtmOffState
07-28 17:26:59.307  3435  5047 I OplusHansManager : uid=10157, pkg=com.baidu.input_oppo cannot transition from R to M, importance=input
07-28 17:26:59.351  2008  2008 D SensorFeature: name=ssc_screenshot_info ,index = 22
07-28 17:26:59.351  2008  2008 D SensorFeature: write 29 bytes:47830561699,56074475029,152,0
07-28 17:26:59.531  1846  4447 I sensors-hal: handle_oplus_wise_rgb_event:189, high_pwm_light:lux 269.8,cct 3603.4,brl/algo/ir 1447.0/2.0/17.3,pwm/dc 0.0/0.0,rgbc 21005.335938/12965.730469/6010.599609/38671.285156,ts 56016691660,cnt 770,flag 152
07-28 17:26:59.534  1919  4434 I Dpps    : LtmSwState::SetParameter():144 ignore cmd 7 in state LtmOffState
07-28 17:26:59.657  2008  2008 D SensorFeature: name=ssc_screenshot_info ,index = 22
07-28 17:26:59.657  2008  2008 D SensorFeature: write 29 bytes:47830561699,56381100914,153,0
07-28 17:26:59.794  1919  4434 I Dpps    : LtmSwState::SetParameter():144 ignore cmd 7 in state LtmOffState
07-28 17:26:59.960  2008  2008 D SensorFeature: name=ssc_screenshot_info ,index = 22
07-28 17:26:59.961  2008  2008 D SensorFeature: write 29 bytes:47830561699,56684647633,154,0
07-28 17:27:00.000  3435  4390 V AlarmManager: sending alarm Alarm{db4c913 type 3 origWhen 56725 whenElapsed 56725 android} uid 1000 whenElapsed 56725 windowLength 0 maxWhenElapsed 56725 repeatInterval 0 action null component null tag TIME_TICK flags 0x9 procName system_server
07-28 17:27:00.004  5247  5247 D SubsysBroadcastManager: onReceive action:android.intent.action.TIME_TICK
07-28 17:27:00.009  4867  4867 I SystemUi--SystemUi--: Clock-->smallTime: 17:27
07-28 17:27:00.009  4867  4867 I SystemUi--SystemUi--: Clock-->smallTime: 17:27
07-28 17:27:00.010  4867  4867 I SystemUi--SystemUi--: Clock-->smallTime: 17:27
07-28 17:27:00.010  4867  4867 I SystemUi--SystemUi--: Clock-->smallTime: 17:27
07-28 17:27:00.010  3435  3790 D OplusDisplayBrightnessBroadcastReceiver: onReceive action = android.intent.action.TIME_TICK , listeners = [com.android.server.display.ambience.events.event.TimeEvent$TimeChangeReceiver@f98e36f, com.android.server.display.marvels.module.ORBrightnessMarvelsDataCollector$ScreenStateReceiver@9c25c7f, com.android.server.display.oplus.eyeprotect.manager.AiCurveManager$RhythmBroadcastReceiverWithUpgradeUI@3ed87c]
07-28 17:27:00.012  7302  9425 D PhoneScreenOnTime: lastScrOnTime=1753737980882, ScrOnDurationTime=5586951, StatsScrOnSeconds=0, newDuration=39127
07-28 17:27:00.016  7302  9425 D PhoneUsageTime: lastChargeTime=1753737980879 LastChargeDurationTime=5632611
07-28 17:27:00.017  5250  5250 W RenderManager[u0]: coverDrawable = null
07-28 17:27:00.017  5250  5250 W RenderManager[u0]: coverDrawable = null
07-28 17:27:00.017  5250  5250 W RenderManager[u0]: coverDrawable = null
07-28 17:27:00.017  5250  5250 W RenderManager[u0]: coverDrawable = null
07-28 17:27:00.053  2016  2059 D BatteryChargeControl: bcc get no support from charging protocol
07-28 17:27:00.060  1846  4447 I sensors-hal: handle_oplus_wise_rgb_event:189, high_pwm_light:lux 269.5,cct 3612.6,brl/algo/ir 1447.0/2.0/17.7,pwm/dc 0.0/0.0,rgbc 21000.582031/12970.334961/6006.751953/38631.160156,ts 56630920827,cnt 780,flag 154
07-28 17:27:00.062  1919  4434 I Dpps    : LtmSwState::SetParameter():144 ignore cmd 7 in state LtmOffState
07-28 17:27:00.106  1825  1825 D healthd : system healthd: battery l=65 v=3993 t=32.9 h=2 st=2 c=-186 fc=5920000 cc=18 chg=u
07-28 17:27:00.107  1919  2220 I SDM     : DisplayBase::CommitThread: Received idle timeout, panel: cmd, timeout: 70000 us
07-28 17:27:00.141  2016  2016 D vendor.oplus.hardware.charger-V7-service: get_ui_charge_icon_type 0 0 0 0 0
07-28 17:27:00.141  2016  2016 D vendor.oplus.hardware.charger-V7-service: oplus_chg_get_cpa_power 2500 charge_online 1 retention_topic 0
07-28 17:27:00.142  2016  2016 D vendor.oplus.hardware.charger-V7-service: oplus_chg_get_cpa_power 2500 charge_online 1 retention_topic 0
07-28 17:27:00.142  2016  2016 D vendor.oplus.hardware.charger-V7-service: getIsSingleHyperSupport=2, cpa_power=2
07-28 17:27:00.143  3435  3754 D BatteryStatsImplExtImpl: mActiveProcesses size = 69
07-28 17:27:00.143  3435  3754 D BatteryStatsImplExtImpl: rpmhStats is null or interval time is too short.
07-28 17:27:00.170  2016  7499 D charge_time: type=sdp,reserve_soc=2,soc=63,ui_soc=65,current=186,avg=140,not_chg_cnt=0,stable_cnt=7,fcc=5724,fcc_ratio=94,delta=41,debug=0,region=15,ttf=24550(06:49:10),ui_ttf=14455(04:00:55)
07-28 17:27:00.304  2008  2008 D SensorFeature: name=ssc_screenshot_info ,index = 22
07-28 17:27:00.305  2008  2008 D SensorFeature: write 29 bytes:56978922633,57029203883,155,0
07-28 17:27:00.305  1919  2220 I SDM     : DisplayBase::CommitThread: Received idle timeout, panel: cmd, timeout: 70000 us
07-28 17:27:00.327  3435  4379 D FusionLightNextGen: process end reported = 1, mode: 0, lux 505.2, cct -1.0, r/g/b/c: 21010.1/12965.7/6010.6/38646.2, R/G/B: 106.0/100.0/99.0, bri 1447.0, match 1.00, ir 0.017633, conf 0.0, ts 57012302650
07-28 17:27:00.328  1919  4434 I Dpps    : LtmSwState::SetParameter():144 ignore cmd 7 in state LtmOffState
07-28 17:27:00.345  1805  1807 E Diag-Router: diag: glinkpkt_open: failed to create control node for slate_apps
07-28 17:27:00.346  1805  1807 E Diag-Router: diag: diag_glinkpkt_open_thread: Glinkpkt_open failed for perif: 12 with err: -1, retry_cnt: 9
07-28 17:27:00.346  1805  1808 E Diag-Router: diag: glinkpkt_open: failed to create control node for slate_adsp
07-28 17:27:00.346  1805  1808 E Diag-Router: diag: diag_glinkpkt_open_thread: Glinkpkt_open failed for perif: 13 with err: -1, retry_cnt: 9
07-28 17:27:00.463  6732  8874 E OplusNetworkStackManager: initService mNetworkStackService is null, try again in 10s
07-28 17:27:00.564  2016  2057 D vendor.oplus.hardware.charger-V7-service: ret_value:113, read content:,329,352,3993,3992,-186,63,65,1,1,0,494,4618,64,1,4475,300,500,0,12,-22,12,0,1,0,2,0,0,0,1,6098,99,0,0,0,0,0,0,0
07-28 17:27:00.564  2016  2057 D vendor.oplus.hardware.charger-V7-service: gmtime: 2025-07-28-17-27-00
07-28 17:27:00.565  2016  2057 D vendor.oplus.hardware.charger-V7-service: usb_online:1, ac_online:-2147483648, wireless_online:0
07-28 17:27:00.567  2016  2044 D vendor.oplus.hardware.charger-V7-service: s_chg_user_mode: 3
07-28 17:27:00.567  2016  2044 D vendor.oplus.hardware.charger-V7-service: scale_chg Start!!!
07-28 17:27:00.567  2016  2044 D vendor.oplus.hardware.charger-V7-service: [0, 0, 3]
07-28 17:27:00.567  2016  2044 D vendor.oplus.hardware.charger-V7-service: [0, 2, 9]
07-28 17:27:00.567  2016  2044 D vendor.oplus.hardware.charger-V7-service: [0, 1, 3]
07-28 17:27:00.567  2016  2044 D vendor.oplus.hardware.charger-V7-service: [0, 3, 3]
07-28 17:27:00.567  2016  2044 D vendor.oplus.hardware.charger-V7-service: [0, 4, 3]
07-28 17:27:00.567  2016  2044 D vendor.oplus.hardware.charger-V7-service: [0, 5, 5]
07-28 17:27:00.567  2016  2044 D vendor.oplus.hardware.charger-V7-service: [0, 6, 9]
07-28 17:27:00.567  2016  2044 D vendor.oplus.hardware.charger-V7-service: scale_chg Start!!!
07-28 17:27:00.568  2016  2044 D vendor.oplus.hardware.charger-V7-service: [0, 0, 3]
07-28 17:27:00.568  2016  2044 D vendor.oplus.hardware.charger-V7-service: [0, 2, 10]
07-28 17:27:00.568  2016  2044 D vendor.oplus.hardware.charger-V7-service: [0, 1, 3]
07-28 17:27:00.568  2016  2044 D vendor.oplus.hardware.charger-V7-service: [0, 3, 3]
07-28 17:27:00.568  2016  2044 D vendor.oplus.hardware.charger-V7-service: [0, 4, 3]
07-28 17:27:00.568  2016  2044 D vendor.oplus.hardware.charger-V7-service: [0, 5, 3]
07-28 17:27:00.568  2016  2044 D vendor.oplus.hardware.charger-V7-service: [0, 6, 10]
07-28 17:27:00.607  2008  2008 D SensorFeature: name=ssc_screenshot_info ,index = 22
07-28 17:27:00.608  2008  2008 D SensorFeature: write 29 bytes:56978922633,57331856539,156,0
07-28 17:27:00.610  1846  4447 I sensors-hal: handle_oplus_wise_rgb_event:189, high_pwm_light:lux 269.7,cct 3603.7,brl/algo/ir 1447.0/2.0/17.3,pwm/dc 0.0/0.0,rgbc 21038.625000/13011.773438/6037.536133/38691.347656,ts 57252760254,cnt 790,flag 156
07-28 17:27:00.612  1919  4434 I Dpps    : LtmSwState::SetParameter():144 ignore cmd 7 in state LtmOffState
07-28 17:27:00.612  3435  3790 D Arc[OplusBrightnessSceneAdapter]: Arc scene change!!! NormalScene -> StableScene [erraticScore:-1, stableScore:5467] isLuxRefresh:false
07-28 17:27:00.612  3435  3790 D Arc[OplusBrightnessAmbientAdapter[StabilityProcess]]: updateRangeStrategy: reason[SceneChange ] baseLux:525.80554, scene:StableScene large{243.455, 1072.2728} largeForAux{243.455, 1072.2728} small{422.2033, 629.4078} null
07-28 17:27:00.858  1919  4434 I Dpps    : LtmSwState::SetParameter():144 ignore cmd 7 in state LtmOffState
07-28 17:27:00.911  2008  2008 D SensorFeature: name=ssc_screenshot_info ,index = 22
07-28 17:27:00.911  2008  2008 D SensorFeature: write 29 bytes:56978922633,57634728310,157,0
07-28 17:27:01.054  2016  2059 D BatteryChargeControl: bcc get no support from charging protocol
07-28 17:27:01.122  1846  4447 I sensors-hal: handle_oplus_wise_rgb_event:189, high_pwm_light:lux 270.1,cct 3612.6,brl/algo/ir 1447.0/2.0/17.1,pwm/dc 0.0/0.0,rgbc 20986.314453/12961.125977/6014.448242/38641.187500,ts 57585773014,cnt 800,flag 157
07-28 17:27:01.124  1919  4434 I Dpps    : LtmSwState::SetParameter():144 ignore cmd 7 in state LtmOffState
07-28 17:27:01.172  2016  7499 D charge_time: type=sdp,reserve_soc=2,soc=63,ui_soc=65,current=186,avg=151,not_chg_cnt=0,stable_cnt=7,fcc=5724,fcc_ratio=94,delta=42,debug=0,region=15,ttf=22759(06:19:19),ui_ttf=14454(04:00:54)
07-28 17:27:01.214  2008  2008 D SensorFeature: name=ssc_screenshot_info ,index = 22
07-28 17:27:01.214  2008  2008 D SensorFeature: write 29 bytes:56978922633,57938357320,158,0
07-28 17:27:01.216  1934  1981 I [UAH_CLIENT]: UahRelease, handle:21
07-28 17:27:01.217  1934  1981 I [UAH_CLIENT]: UahPlatformResAcquire
07-28 17:27:01.217  1934  1981 I [UAH_CLIENT]: UahEventAcquire, cmdid:-3, pkg:1934 13001, identity:qcom-perfd
07-28 17:27:01.218  1934  1981 E PERFHAL-RESOURCEQS: PERFHAL-RESOURCEQS: AddAndApply() 130: Resource with major=18, minor=41 not supported
07-28 17:27:01.360 13005 13093 I SystemFeature: operator:{oppo.cmcc.mp:false, browser.cmcc:false, browser.test.cmcc:false, browser.cmcc.bookmark:false, browser.test.cmcc.bookmark:false, browser.cmcc.home:false, browser.test.cmcc.home:false
07-28 17:27:01.360 13005 13093 I SystemFeature: cu.optr:false, browser.cu:false, browser.test.cu:false
07-28 17:27:01.360 13005 13093 I SystemFeature: ct.optr:false, browser.ct:false, browser.test.ct:false
07-28 17:27:01.360 13005 13093 I SystemFeature: }
07-28 17:27:01.364 13005 13093 I IdentityUtil: initIdentity: success, duidInit=true, uuid=d7830aefe1185a1d969e64bfc89f60a7
07-28 17:27:01.365  7408  7428 I OpenID  : com.heytap.pictorial:3142:ret:T
07-28 17:27:01.377 13005 13093 D Identity: nonceAndCounter: b2919238a6c9a280000000000000000c
07-28 17:27:01.388  1919  4434 I Dpps    : LtmSwState::SetParameter():144 ignore cmd 7 in state LtmOffState
07-28 17:27:01.411  1150 13047 I keystore2: system/security/keystore2/watchdog/src/lib.rs:319 - Watchdog thread idle -> terminating. Have a great day.
07-28 17:27:01.503  3435  5187 I InputDispatcher: injectInputEvent: targetUid=<not set>, syncMode=WAIT_FOR_FINISHED, timeout=30000ms, policyFlags=0x8000000, event=MotionEvent { action=DOWN, id[0]=0, x[0]=900, y[0]=30, eventTime=58228000000, downTime=58228000000, deviceId=4, source=TOUCHSCREEN, displayId=0, eventId=0xfb3c7eff}
07-28 17:27:01.504  2175  3678 D VRR [OTI]: handleIdle from 1 to 0
07-28 17:27:01.504  2175  3678 D VRR [OTI-HW]: isStateReady 0
07-28 17:27:01.504  2175  3678 D VRR [OTI-HW]: restore sys rate.
07-28 17:27:01.504  2175  3678 D VRR [RefreshRateDirector]: requestRefreshRateByOti update [ oti-hw, {fps=120, modePtr={id=4, vsyncRate=120.00 Hz, peakRefreshRate=120.00 Hz}} ]
07-28 17:27:01.504  3435  4831 I [UAH_CLIENT]: UahEventAcquire, cmdid:37, pkg:none, identity:OplusUAwareInputHelper
07-28 17:27:01.504  2175  3678 D VRR [RefreshRateDirector]: selectBestFrameRate DirectorMapOti [oti-hw, {fps=120, modePtr={id=4, vsyncRate=120.00 Hz, peakRefreshRate=120.00 Hz}}]
07-28 17:27:01.504  2175  3678 D VRR [RefreshRateDirector]: updateBestFrameRate [oti-hw, {fps=120, modePtr={id=4, vsyncRate=120.00 Hz, peakRefreshRate=120.00 Hz}}]
07-28 17:27:01.504  2175  3678 D SurfaceFlinger: VRR [SurfaceFlinger] setDesiredActiveMode: displayId: 4630946756802996883, renderRate: 120, vsyncRate: 120, event: 1
07-28 17:27:01.504  2175  3678 D DisplayModeController: setDesiredMode 4630946756802996883 {mode={fps=120.00 Hz, modePtr={id=4, vsyncRate=120.00 Hz, peakRefreshRate=120.00 Hz}}, emitEvent=true, force=false}
07-28 17:27:01.505  3435  3789 D PowerManagerService: userActivityNoUpdateLocked: groupId=0, eventTime=58228, event=touch, flags=0x0, uid=1000
07-28 17:27:01.505  3435  4831 D UAH-UahAdaptHelper: adaptSetNotification identity = OplusUAwareInputHelpersrc = 1000 , type 0 ,p1 = -1 ,p2 = -1 ,p3 = -1 ,p4 =
07-28 17:27:01.505  3435  4831 I [UAH_CLIENT]: uahRuleCtl, ruleId:1000, status:0
07-28 17:27:01.505  3435  4646 D OMP_Detector: D:done mCurrStatus: 0
07-28 17:27:01.506  4867  4867 V AutofillManager: requestHideFillUi(null): anchor = null
07-28 17:27:01.506  4867  4867 V Application: getAutofillClient(): null on super, trying to find activity thread
07-28 17:27:01.506  4867  4867 V Application: getAutofillClient(): none of the 0 activities on com.android.systemui.SystemUIApplication@d10bccf are top resumed nor have focus
07-28 17:27:01.506  4867  4867 V AutofillManager: No AutofillClient for com.android.systemui on context com.android.systemui.SystemUIApplication@d10bccf
07-28 17:27:01.507  1934  1981 I [UAH_CLIENT]: UahRelease, handle:30
07-28 17:27:01.507  1934  1981 I [UAH_CLIENT]: UahPlatformResAcquire
07-28 17:27:01.507  1934  1981 I [UAH_CLIENT]: UahEventAcquire, cmdid:-3, pkg:2175 7019, identity:qcom-perfd
07-28 17:27:01.508  1934  1981 E PERFHAL-RESOURCEQS: PERFHAL-RESOURCEQS: AddAndApply() 130: Resource with major=18, minor=41 not supported
07-28 17:27:01.509  4867  4867 I PluginSeedling--Capsule: CapsuleTouchEventHandler-->onInterceptTouchEvent interceptEvent: false
07-28 17:27:01.510  3435  3619 W UserAwareMgr: can not find match thread: GaussianBlur for process com.android.systemui
07-28 17:27:01.511  4867  6131 I [UAH_CLIENT]: UahEventAcquire, cmdid:97, pkg:none, identity:OsenseHelperImpl
07-28 17:27:01.511  4867  4867 I SystemUi--Common: ScrollTranslationValue-->resetPanelTranslationY
07-28 17:27:01.511  4867  4867 I SystemUi--QuickSettings: OplusPanelViewPagerController-->initExpanded downExpanded=NONE downOnRight=true targetPage=NOTIFICATION downOnYHotArea=true  isKeyguardShowing=false isOnKeyguard=false fractionListeners.size=0 currentQsFraction=0.0 currentNotifyFraction=0.0 hasCalledDownEvent=true getScrollXHotZone=([Rect(0, 0 - 1080, 2376)], [Rect(-1, -1 - -1, -1), Rect(157, 1999 - 283, 2125), Rect(823, 1999 - 949, 2125)]) getScrollYHotZone=Rect(0, 0 - 1080, 66) notifyExpandedFraction=0.0 isLastUpToExpand=false qsPanelView.translationX=0.0
07-28 17:27:01.511  4867  4867 I SystemUi--QuickSettings: OplusPanelViewPagerController-->shouldOpenQS  set targetPage=QS
07-28 17:27:01.511  4867  4867 I SystemUi--Common: ScrollTranslationValue-->resetPanelTranslationY
07-28 17:27:01.511  4867  4867 I SystemUi--QuickSettings: OplusPanelViewPagerController-->initExpanded downExpanded=NONE downOnRight=true targetPage=QS downOnYHotArea=true  isKeyguardShowing=false isOnKeyguard=false fractionListeners.size=0 currentQsFraction=0.0 currentNotifyFraction=0.0 hasCalledDownEvent=true getScrollXHotZone=([Rect(0, 0 - 1080, 2376)], [Rect(-1, -1 - -1, -1), Rect(157, 1999 - 283, 2125), Rect(823, 1999 - 949, 2125)]) getScrollYHotZone=Rect(0, 0 - 1080, 66) notifyExpandedFraction=0.0 isLastUpToExpand=false qsPanelView.translationX=0.0
07-28 17:27:01.511  4867  4867 I SystemUi--QuickSettings: OplusPanelViewPagerController-->shouldOpenQS  set targetPage=QS
07-28 17:27:01.511  4867  4867 I SystemUi--QuickSettings: OplusQSPageViewController-->reset(), pageList size:2 itemCount:2 oldIndex:0 curIndex:0
07-28 17:27:01.511  4867  4867 I SystemUi--QuickSettings: OplusQSRootViewController-->startExpandMotion event: 0, startTracking: false isClosing: false panelClosedOnDown: true
07-28 17:27:01.511  4867  4867 I SystemUi--QuickSettings: OplusQSRootViewController-->initialOffsetOnTouch: 0.0, panelClosedOnDown: true
07-28 17:27:01.511  4867  4867 I SystemUi--QuickSettings: OplusQSRootView-->disallowChildIntercept:false
07-28 17:27:01.512  4867  4867 I SystemUi--QuickSettings: OplusQSRootViewController-->startExpandMotion event: 0, startTracking: false isClosing: false panelClosedOnDown: true
07-28 17:27:01.512  4867  4867 I SystemUi--QuickSettings: OplusQSRootViewController-->initialOffsetOnTouch: 0.0, panelClosedOnDown: true
07-28 17:27:01.512  4867  4867 I SystemUi--QuickSettings: OplusQSRootViewController-->onTouchEvent() ACTION_DOWN, canSlideHToQSOnStatusBar:true, gestureWaitForTouchSlop:true, panelClosedOnDown:true, panelClosingOnDown:false, pointerIndex:0
07-28 17:27:01.512  3435  5187 I InputDispatcher: injectInputEvent: targetUid=<not set>, syncMode=WAIT_FOR_FINISHED, timeout=30000ms, policyFlags=0x8000000, event=MotionEvent { action=MOVE, id[0]=0, x[0]=900, y[0]=89.0996, eventTime=58237000000, downTime=58228000000, deviceId=4, source=TOUCHSCREEN, displayId=0, eventId=0xc2ad703f}
07-28 17:27:01.512  3435  4831 I [UAH_CLIENT]: UahEventAcquire, cmdid:68, pkg:none, identity:OplusUAwareInputHelper
07-28 17:27:01.514  2175  2175 I DisplayModeController: hwc begin mode change to 8333333
07-28 17:27:01.514  2175  2175 I HWC2    : [0] setActiveConfigWithConstraints[4]
07-28 17:27:01.515  1919  5678 W SDM     : HWDeviceDRM::GetSupportedBitClkRate: Requested rate not supported: 1363200000
07-28 17:27:01.515  1919  5678 I SDM     : HWDeviceDRM::UpdateMixerAttributes: Mixer WxH 1440x3168-1 for Peripheral
07-28 17:27:01.515  1919  5678 I CwbService: CwbService::notifyConfigChange: display:0, config:4 size:4, sec.size():0
07-28 17:27:01.515  1919  5678 I CwbService: CwbService::notifyConfigChange: display: 0, config = 0
07-28 17:27:01.515  1919  3637 I CasManager: Fps changed from 60 to 120
07-28 17:27:01.515  1919  3637 I CasManager: Fps changed, not change bin, so trigger gain
07-28 17:27:01.515  1919  3637 W SDM     : DemuraIntfImpl::ProcessOemPluginGain: Thermal intf_ is nullptr 0, default to 25 degree
07-28 17:27:01.515  1919  3637 I SDM     : CasQcPlugIn::ProcessPerCompGainOppo: input params, mode:PWM, fps:120, dbv:1447
07-28 17:27:01.515  1919  3637 I SDM     : CasQcPlugIn::ProcessPerCompGainOppo: normalized bright_adj:1024, dbv:1447, bin_dbv:1083, 
07-28 17:27:01.515  1919  3637 I SDM     : CasQcPlugIn::ProcessPerCompGainOppo: gains print start =====================
07-28 17:27:01.515  1919  3637 I SDM     : CasQcPlugIn::ProcessPerCompGainOppo: gain --------------------------------
07-28 17:27:01.515  1919  3637 I SDM     : CasQcPlugIn::ProcessPerCompGainOppo: old: 0 0 0 57 90 322 1201 3072
07-28 17:27:01.515  1919  3637 I SDM     : CasQcPlugIn::ProcessPerCompGainOppo: new: 0 0 0 47 77 278 1039 3072
07-28 17:27:01.515  1919  3637 I SDM     : CasQcPlugIn::ProcessPerCompGainOppo: gain --------------------------------
07-28 17:27:01.515  1919  3637 I SDM     : CasQcPlugIn::ProcessPerCompGainOppo: old: 0 0 0 64 125 373 1336 3072
07-28 17:27:01.515  1919  3637 I SDM     : CasQcPlugIn::ProcessPerCompGainOppo: new: 0 0 0 53 99 373 1336 3072
07-28 17:27:01.515  1919  3637 I SDM     : CasQcPlugIn::ProcessPerCompGainOppo: gain --------------------------------
07-28 17:27:01.515  1919  3637 I SDM     : CasQcPlugIn::ProcessPerCompGainOppo: old: 0 0 0 42 83 323 1222 3072
07-28 17:27:01.515  1919  3637 I SDM     : CasQcPlugIn::ProcessPerCompGainOppo: new: 0 0 0 35 83 323 1222 3072
07-28 17:27:01.515  1919  3637 I SDM     : CasQcPlugIn::ProcessPerCompGainOppo: gains print end =======================
07-28 17:27:01.516  2008  2008 D SensorFeature: name=ssc_screenshot_info ,index = 22
07-28 17:27:01.516  2008  2008 D SensorFeature: write 29 bytes:56978922633,58242039976,159,0
07-28 17:27:01.517  4867  4867 I SystemUi--QuickSettings: OplusQSRootViewController-->startExpandMotion event: 2, startTracking: true isClosing: false panelClosedOnDown: true
07-28 17:27:01.517  4867  4867 I SystemUi--QuickSettings: OplusQSRootViewController-->endClosing()
07-28 17:27:01.517  4867  4867 I SystemUi--QuickSettings: QSPanelExpandFraction-->updateFraction, stiffness=500.0, finalPosition=0.21729818
07-28 17:27:01.518  3435  5187 I InputDispatcher: injectInputEvent: targetUid=<not set>, syncMode=WAIT_FOR_FINISHED, timeout=30000ms, policyFlags=0x8000000, event=MotionEvent { action=MOVE, id[0]=0, x[0]=900, y[0]=128.5, eventTime=58243000000, downTime=58228000000, deviceId=4, source=TOUCHSCREEN, displayId=0, eventId=0xf1c63c46}
07-28 17:27:01.519  1919  3637 I SDM     : DemuraIntfImpl::StageAllData: Staged all data to Demura Driver!
07-28 17:27:01.519  1919  3637 I SDM     : HWPeripheralDRM::SetPanelFeature: Set Panel feature property 19
07-28 17:27:01.519  1919  3637 I SDM     : HWPeripheralDRM::SetPanelFeature: Set Panel feature property 7
07-28 17:27:01.519  1919  3637 I SDM     : DisplayBuiltIn::TriggerDemuraOemPlugIn: Trigger demura oem plugin success
07-28 17:27:01.519  3435  4415 D SystemGestures: detectSwipe: 1
07-28 17:27:01.520  1919  2220 I SDM     : DRMPanelFeatureMgr::ApplyDirtyFeature: Commited panel feature [enabled]: 20-272
07-28 17:27:01.520  1919  2220 I SDM     : DRMPanelFeatureMgr::ApplyDirtyFeature: Commited panel feature [enabled]: 8-271
07-28 17:27:01.534  4867  4867 I SystemUi--QuickSettings: OplusQSRootViewController-->setQsVisible: true rawFraction:0.013507249
