device
--------- beginning of main
07-28 20:28:25.770 11704 11719 W System  : A resource failed to call AbstractCursor.close. 
07-28 20:28:25.904  7280  8925 I SG::SettingManager: metisDomainObserver: data change. selfChange=false [base|com.oplus.pantanal.ums|1.5.5-f48228a]
07-28 20:28:25.908  8229  9973 I ContextAware_DomainProvider: ums getSubDomainInfo intentMap:{travel_preparation=travel, internal_aod_prompt=app_prompt, file_manager=system_tools, creation_activity=system_tools, internal_xiaobu=system_settings, takeout=life_service, terminals_cloud=system_tools, tips=system_settings, internal_assistant_screen=ASSISTANT_SCREEN, navigation=app_prompt, internal_intent_lib=system_tools, weather=system_tools, payment=financial_planning, internal_address_recognition=system_tools, communication=system_tools, train=travel, ridehailing=travel, repayment=financial_planning, course_reminder=workplace_learning, read=media_service, epidemic=travel, travel_service=life_service, movie_performance=life_service, living_expense_payment_reminder=life_service, application_suggestions=system_tools, open_wlan=system_settings, commute=life_service, clear_memory=system_settings, internal_upgrade=app_upgrade, close_torch=system_settings, flight=travel, movie_notice=life_service, event_services=media_service, game=system_tools, content_consult=media_service, sticky_note=system_tools, appointment_reminder=system_settings, departure_reminder=life_service, recording=system_tools, video=media_service, outdoor_activities=system_settings, festival_reminder=media_service, living_expenses=financial_planning, application_recommendat=system_tools, hotel=travel_epidemic, nearby_power_bank=life_service, audio=media_service, store_service=life_service, publictransit=travel, calendar=system_settings, delivery=life_service, internal_account_bind=account_bind, domestic_travel_service=life_service, xiaobu_assistant=system_tools, health=system_tools, app_usage=system_settings, meal=life_service, text_intent=system_tools, parking_service=travel, internal_demo_mode=sale_mode} [base|com.oplus.metis|1.5.5-f48228a]
07-28 20:28:25.909  1957  4509 I Dpps    : LtmSwState::SetParameter():144 ignore cmd 7 in state LtmOffState
07-28 20:28:25.912  8229  9973 I ContextAware_DomainProvider: ums getSubDomainInfo result:travel_preparation: true,internal_aod_prompt: false,file_manager: true,creation_activity: true,internal_xiaobu: false,takeout: true,terminals_cloud: true,tips: true,internal_assistant_screen: false,navigation: true,internal_intent_lib: false,weather: true,payment: true,internal_address_recognition: false,communication: true,train: true,ridehailing: true,repayment: true,course_reminder: true,read: true,epidemic: false,travel_service: true,movie_performance: true,living_expense_payment_reminder: true,application_suggestions: false,open_wlan: true,commute: true,clear_memory: true,internal_upgrade: false,close_torch: true,flight: true,movie_notice: true,event_services: true,game: true,content_consult: true,sticky_note: true,appointment_reminder: true,departure_reminder: true,recording: true,video: true,outdoor_activities: true,festival_reminder: false,living_expenses: false,application_recommendat: false,hotel: true,nearby_power_bank: true,audio: true,store_service: true,publictransit: true,calendar: true,delivery: true,internal_account_bind: false,domestic_travel_service: true,xiaobu_assistant: true,health: true,app_usage: true,meal: true,text_intent: true,parking_service: true,internal_demo_mode: false,
07-28 20:28:25.914  7280  8925 I SG::SettingManager: delete: []
07-28 20:28:25.914  7280  8925 I SG::SettingManager: query from metis: [CloudDataEntity(subDomain='travel_preparation', domain=travel), CloudDataEntity(subDomain='file_manager', domain=system_tools), CloudDataEntity(subDomain='creation_activity', domain=system_tools), CloudDataEntity(subDomain='takeout', domain=life_service), CloudDataEntity(subDomain='terminals_cloud', domain=system_tools), CloudDataEntity(subDomain='tips', domain=system_settings), CloudDataEntity(subDomain='navigation', domain=app_prompt), CloudDataEntity(subDomain='weather', domain=system_tools), CloudDataEntity(subDomain='payment', domain=financial_planning), CloudDataEntity(subDomain='communication', domain=system_tools), CloudDataEntity(subDomain='train', domain=travel), CloudDataEntity(subDomain='ridehailing', domain=travel), CloudDataEntity(subDomain='repayment', domain=financial_planning), CloudDataEntity(subDomain='course_reminder', domain=workplace_learning), CloudDataEntity(subDomain='read', domain=media_service), CloudDataEntity(subDomain='travel_service', domain=life_service), CloudDataEntity(subDomain='movie_performance', domain=life_service), CloudDataEntity(subDomain='living_expense_payment_reminder', domain=life_service), CloudDataEntity(subDomain='open_wlan', domain=system_settings), CloudDataEntity(subDomain='commute', domain=life_service), CloudDataEntity(subDomain='clear_memory', domain=system_settings), CloudDataEntity(subDomain='close_torch', domain=system_settings), CloudDataEntity(subDomain='flight', domain=travel), CloudDataEntity(subDomain='movie_notice', domain=life_service), CloudDataEntity(subDomain='event_services', domain=media_service), CloudDataEntity(subDomain='game', domain=system_tools), CloudDataEntity(subDomain='content_consult', domain=media_service), CloudDataEntity(subDomain='sticky_note', domain=system_tools), CloudDataEntity(subDomain='appointment_reminder', domain=system_settings), CloudDataEntity(subDomain='departure_reminder', domain=life_service), CloudDataEntity(subDomain='recording', domain=system_tools), CloudDataEntity(subDomain='video', domain=media_service), CloudDataEntity(subDomain='outdoor_activities', domain=system_settings), CloudDataEntity(subDomain='hotel', domain=travel_epidemic), CloudDataEntity(subDomain='nearby_power_bank', domain=life_service), CloudDataEntity(subDomain='audio', domain=media_service), CloudDataEntity(subDomain='store_service', domain=life_service), CloudDataEntity(subDomain='publictransit', domain=travel), CloudDataEntity(subDomain='calendar', domain=system_settings), CloudDataEntity(subDomain='delivery', domain=life_service), CloudDataEntity(subDomain='domestic_travel_service', domain=life_service), CloudDataEntity(subDomain='xiaobu_assistant', domain=system_tools), CloudDataEntity(subDomain='health', domain=system_tools), CloudDataEntity(subDomain='app_usage', domain=system_settings), CloudDataEntity(subDomain='meal', domain=life_service), CloudDataEntity(subDomain='text_intent', domain=system_tools), CloudDataEntity(subDomain='parking_service', domain=travel)]
07-28 20:28:25.920  7280  9557 I SG::UpdateSubDomainUtil: updateWhenMetisChange forceUpdate: false
07-28 20:28:25.920  7280  9557 W SG::UpdateSubDomainUtil: allChangeDomains is empty!
07-28 20:28:25.965  2035  2035 D SensorFeature: name=ssc_screenshot_info ,index = 22
07-28 20:28:25.966  2035  2035 D SensorFeature: write 29 bytes:47255201387,49717751542,130,0
07-28 20:28:26.003  3093  3093 E OplusTouchDaemon: ts_run_service: shellback temperature updated 37 (37654)
07-28 20:28:26.021 10720 11183 D BootUtil: savedDiffTime: 1753748856247, currentDiffTime: 1753748856247, isReboot: false
07-28 20:28:26.028  2047  2080 D BatteryChargeControl: bcc get no support from charging protocol
07-28 20:28:26.056  8326  8804 D ads_apk : [FetchAdStrategyEngine][2025-07-28 20:28:26.056][8326][GlobalWorkThread:71]:request from net but network disable
07-28 20:28:26.057  8326  8804 D ads_apk : [FetchAdStrategyEngine][2025-07-28 20:28:26.056][8326][GlobalWorkThread:71]:decay for refresh internalTime:24000,randomTime:15818
07-28 20:28:26.057  8326  8804 D ads_apk : [FetchAdStrategyEngine][2025-07-28 20:28:26.056][8326][GlobalWorkThread:71]:decay for refresh after:39818
07-28 20:28:26.057  8326  8804 D ads_apk : [FetchAdStrategyEngine][2025-07-28 20:28:26.056][8326][GlobalWorkThread:71]:looper to handler
07-28 20:28:26.080  2047  7267 D charge_time: type=sdp,reserve_soc=2,soc=49,ui_soc=51,current=113,avg=117,not_chg_cnt=0,stable_cnt=7,fcc=5724,fcc_ratio=94,delta=34,debug=0,region=16,ttf=41127(11:25:27),ui_ttf=19962(05:32:42)
07-28 20:28:26.174  1912  4516 I sensors-hal: handle_oplus_wise_rgb_event:189, high_pwm_light:lux 263.8,cct 3601.4,brl/algo/ir 1443.0/2.0/17.5,pwm/dc 0.0/0.0,rgbc 20532.478516/12753.958008/5862.655762/37837.363281,ts 49680442442,cnt 660,flag 130
07-28 20:28:26.176  1957  4509 I Dpps    : LtmSwState::SetParameter():144 ignore cmd 7 in state LtmOffState
--------- beginning of system
07-28 20:28:26.194  3285  3841 D VRR [OPlusGameStatusManager]: handleMessage: 7004
07-28 20:28:26.194  3285  3841 D VRR [OPlusGameStatusManager]: handleBrightnessDone
07-28 20:28:26.267  2035  2035 D SensorFeature: name=ssc_screenshot_info ,index = 22
07-28 20:28:26.267  2035  2035 D SensorFeature: write 29 bytes:47255201387,50019553886,131,0
07-28 20:28:26.431  3285  4452 D ActivityManager: Freezer deadlock watchdog
07-28 20:28:26.440  1957  4509 I Dpps    : LtmSwState::SetParameter():144 ignore cmd 7 in state LtmOffState
07-28 20:28:26.569  2035  2035 D SensorFeature: name=ssc_screenshot_info ,index = 22
07-28 20:28:26.570  2035  2035 D SensorFeature: write 29 bytes:47255201387,50321204823,132,0
07-28 20:28:26.706  1912  4516 I sensors-hal: handle_oplus_wise_rgb_event:189, high_pwm_light:lux 263.8,cct 3591.3,brl/algo/ir 1443.0/2.0/17.4,pwm/dc 0.0/0.0,rgbc 20570.537109/12721.715820/5897.300293/37877.503906,ts 50286227233,cnt 670,flag 132
07-28 20:28:26.707  1957  4509 I Dpps    : LtmSwState::SetParameter():144 ignore cmd 7 in state LtmOffState
07-28 20:28:26.709  3285  3817 D OplusFeatureHDREnhanceBrightness: notifySfForceUpdate, mFlinger is null 
07-28 20:28:26.712  3285  3817 D OplusFeatureHDREnhanceBrightness: checkIsPlayingHDR isPlayingHDR=0 rotation=0 whiteApp=false battery=51
07-28 20:28:26.793  3285  5088 I OplusHansManager : uid=10157, pkg=com.baidu.input_oppo cannot transition from R to M, importance=input
07-28 20:28:26.818  3285  5021 W Binder  : Outgoing transactions from this process must be FLAG_ONEWAY
07-28 20:28:26.818  3285  5021 W Binder  : java.lang.Throwable
07-28 20:28:26.818  3285  5021 W Binder  : 	at android.os.BinderProxy.transact(BinderProxy.java:633)
07-28 20:28:26.818  3285  5021 W Binder  : 	at android.content.ContentProviderProxy.insert(ContentProviderNative.java:587)
07-28 20:28:26.818  3285  5021 W Binder  : 	at android.content.ContentProviderClient.insert(ContentProviderClient.java:347)
07-28 20:28:26.818  3285  5021 W Binder  : 	at android.content.ContentProviderClient.insert(ContentProviderClient.java:336)
07-28 20:28:26.818  3285  5021 W Binder  : 	at com.oplus.util.OplusStatisticsImpl.insert(OplusStatisticsImpl.java:307)
07-28 20:28:26.818  3285  5021 W Binder  : 	at com.oplus.util.OplusStatisticsImpl.sendDataToDCS(OplusStatisticsImpl.java:287)
07-28 20:28:26.818  3285  5021 W Binder  : 	at com.oplus.util.OplusStatisticsImpl.flushInternal(OplusStatisticsImpl.java:264)
07-28 20:28:26.818  3285  5021 W Binder  : 	at com.oplus.util.OplusStatisticsImpl.lambda$setDelayFlushJobIfNeed$4(OplusStatisticsImpl.java:211)
07-28 20:28:26.818  3285  5021 W Binder  : 	at com.oplus.util.OplusStatisticsImpl.$r8$lambda$4UYTp2NCu6Rml69JNqEuK7o54SI(Unknown Source:0)
07-28 20:28:26.818  3285  5021 W Binder  : 	at com.oplus.util.OplusStatisticsImpl$$ExternalSyntheticLambda5.run(D8$$SyntheticClass:0)
07-28 20:28:26.818  3285  5021 W Binder  : 	at java.util.concurrent.Executors$RunnableAdapter.call(Executors.java:487)
07-28 20:28:26.818  3285  5021 W Binder  : 	at java.util.concurrent.FutureTask.run(FutureTask.java:290)
07-28 20:28:26.818  3285  5021 W Binder  : 	at java.util.concurrent.ScheduledThreadPoolExecutor$ScheduledFutureTask.run(ScheduledThreadPoolExecutor.java:307)
07-28 20:28:26.818  3285  5021 W Binder  : 	at java.util.concurrent.ThreadPoolExecutor.runWorker(ThreadPoolExecutor.java:1145)
07-28 20:28:26.818  3285  5021 W Binder  : 	at java.util.concurrent.ThreadPoolExecutor$Worker.run(ThreadPoolExecutor.java:644)
07-28 20:28:26.818  3285  5021 W Binder  : 	at java.lang.Thread.run(Thread.java:1012)
07-28 20:28:26.873  2035  2035 D SensorFeature: name=ssc_screenshot_info ,index = 22
07-28 20:28:26.873  2035  2035 D SensorFeature: write 29 bytes:47255201387,50623829458,133,0
07-28 20:28:26.972  1957  4509 I Dpps    : LtmSwState::SetParameter():144 ignore cmd 7 in state LtmOffState
07-28 20:28:27.026 10720 11183 D BootUtil: savedDiffTime: 1753748856247, currentDiffTime: 1753748856247, isReboot: false
07-28 20:28:27.029  2047  2080 D BatteryChargeControl: bcc get no support from charging protocol
07-28 20:28:27.081  2047  7267 D charge_time: write 19961s(05:32:41) to ttf, rc=7
07-28 20:28:27.081  2047  7267 D charge_time: type=sdp,reserve_soc=2,soc=49,ui_soc=51,current=113,avg=113,not_chg_cnt=0,stable_cnt=7,fcc=5724,fcc_ratio=94,delta=35,debug=0,region=16,ttf=42584(11:49:44),ui_ttf=19961(05:32:41)
07-28 20:28:27.180  2035  2035 D SensorFeature: name=ssc_screenshot_info ,index = 22
07-28 20:28:27.181  2035  2035 D SensorFeature: write 29 bytes:47255201387,50931306333,134,0
07-28 20:28:27.236  1912  4516 I sensors-hal: handle_oplus_wise_rgb_event:189, high_pwm_light:lux 264.5,cct 3608.9,brl/algo/ir 1443.0/2.0/17.0,pwm/dc 0.0/0.0,rgbc 20546.750000/12753.958008/5870.354492/37867.464844,ts 50891629577,cnt 680,flag 134
07-28 20:28:27.237  1957  4509 I Dpps    : LtmSwState::SetParameter():144 ignore cmd 7 in state LtmOffState
07-28 20:28:27.490  2035  2035 D SensorFeature: name=ssc_screenshot_info ,index = 22
07-28 20:28:27.490  2035  2035 D SensorFeature: write 29 bytes:47255201387,51240974823,135,0
07-28 20:28:27.504  1957  4509 I Dpps    : LtmSwState::SetParameter():144 ignore cmd 7 in state LtmOffState
07-28 20:28:27.551  5079  5944 W BluetoothAdapterExtImpl: getBluetoothConnectionCountï¼šmOplusBluetooth null!
07-28 20:28:27.554  5079  5944 D TelephonyImpl: isRequestingMms
07-28 20:28:27.555  5079  5944 D TelephonyImpl: getReleaseMmsNetworkTime
07-28 20:28:27.557  5079  5944 D OplusDdsSwitchStrategy: Md,OplusCheckFeature,RETURN_TO_CUR_ACTION_DDS
07-28 20:28:27.722  6591  6604 W System  : A resource failed to call AbstractCursor.close. 
07-28 20:28:27.722  6591  6604 W System  : A resource failed to call AbstractCursor.close. 
07-28 20:28:27.722  6591  6604 W System  : A resource failed to call AbstractCursor.close. 
07-28 20:28:27.722  6591  6604 W System  : A resource failed to call AbstractCursor.close. 
07-28 20:28:27.722  6591  6604 W System  : A resource failed to call AbstractCursor.close. 
07-28 20:28:27.722  6591  6604 W System  : A resource failed to call AbstractCursor.close. 
07-28 20:28:27.722  6591  6604 W System  : A resource failed to call AbstractCursor.close. 
07-28 20:28:27.722  6591  6604 W System  : A resource failed to call AbstractCursor.close. 
07-28 20:28:27.796  2035  2035 D SensorFeature: name=ssc_screenshot_info ,index = 22
07-28 20:28:27.797  2035  2035 D SensorFeature: write 29 bytes:47255201387,51547123885,136,0
07-28 20:28:27.800  1912  4516 I sensors-hal: handle_oplus_wise_rgb_event:189, high_pwm_light:lux 264.2,cct 3608.0,brl/algo/ir 1443.0/2.0/17.3,pwm/dc 0.0/0.0,rgbc 20513.449219/12749.352539/5870.354492/37842.378906,ts 51472561452,cnt 690,flag 136
07-28 20:28:27.801  3285  4470 V AlarmManager: sending alarm Alarm{89b684a type 2 origWhen 51553 whenElapsed 51553 android} uid 1000 whenElapsed 51553 windowLength 0 maxWhenElapsed 51553 repeatInterval 0 action null component null tag $android.alarm.generated:1000:51553 flags 0x9 procName system_server
07-28 20:28:27.802  1957  4509 I Dpps    : LtmSwState::SetParameter():144 ignore cmd 7 in state LtmOffState
07-28 20:28:27.807  3285  3636 D LocationManagerService: network provider removed registration from 10154/com.coloros.assistantscreen/7F36C699
07-28 20:28:27.829  3285  5289 D CompatChangeReporter: Compat change id reported: 297989574; UID 1000; state: ENABLED
07-28 20:28:27.830  5286  5286 D SubsysEventListenerManager-SubsysTelephonyCallback[0]: onCellInfoChanged
07-28 20:28:27.921  5079  6468 I PCDR-common_no_service[0]: lift forbidden
07-28 20:28:27.921  5079  6468 I PCDR-common_no_45g[0]: lift forbidden
07-28 20:28:27.964  1868  1868 D healthd : system healthd: battery l=51 v=3888 t=33.9 h=2 st=2 c=-187 fc=5920000 cc=19 chg=u
07-28 20:28:28.001  2047  2047 D vendor.oplus.hardware.charger-V7-service: get_ui_charge_icon_type 0 0 0 0 0
07-28 20:28:28.002  2047  2047 D vendor.oplus.hardware.charger-V7-service: oplus_chg_get_cpa_power 2500 charge_online 1 retention_topic 0
07-28 20:28:28.003  2047  2047 D vendor.oplus.hardware.charger-V7-service: oplus_chg_get_cpa_power 2500 charge_online 1 retention_topic 0
07-28 20:28:28.003  2047  2047 D vendor.oplus.hardware.charger-V7-service: getIsSingleHyperSupport=2, cpa_power=2
07-28 20:28:28.030  2047  2080 D BatteryChargeControl: bcc get no support from charging protocol
07-28 20:28:28.034  3285  4439 D FusionLightNextGen: process end reported = 1, mode: 0, lux 495.7, cct -1.0, r/g/b/c: 20542.0/12754.0/5881.9/37872.5, R/G/B: 106.0/100.0/99.0, bri 1443.0, match 1.00, ir 0.017530, conf 0.0, ts 51556718067
07-28 20:28:28.035  1957  4509 I Dpps    : LtmSwState::SetParameter():144 ignore cmd 7 in state LtmOffState
07-28 20:28:28.044 13023 13156 D ProfileInstaller: Installing profile for com.oplus.linker
07-28 20:28:28.082  2047  7267 D charge_time: type=sdp,reserve_soc=2,soc=49,ui_soc=51,current=179,avg=126,not_chg_cnt=0,stable_cnt=7,fcc=5724,fcc_ratio=94,delta=36,debug=0,region=16,ttf=38187(10:36:27),ui_ttf=19960(05:32:40)
07-28 20:28:28.098  2035  2035 D SensorFeature: name=ssc_screenshot_info ,index = 22
07-28 20:28:28.099  2035  2035 D SensorFeature: write 29 bytes:47255201387,51850471854,137,0
07-28 20:28:28.116  3285  4712 E OplusNetworkStackManager: initService mNetworkStackService is null, try again in 10s
07-28 20:28:28.301  1912  4516 I sensors-hal: handle_oplus_wise_rgb_event:189, high_pwm_light:lux 264.3,cct 3596.1,brl/algo/ir 1443.0/2.0/17.0,pwm/dc 0.0/0.0,rgbc 20561.021484/12730.927734/5874.204102/37862.449219,ts 51814165514,cnt 700,flag 137
07-28 20:28:28.303  1957  4509 I Dpps    : LtmSwState::SetParameter():144 ignore cmd 7 in state LtmOffState
07-28 20:28:28.355  1848  1853 E Diag-Router: diag: glinkpkt_open: failed to create control node for slate_apps
07-28 20:28:28.355  1848  1853 E Diag-Router: diag: diag_glinkpkt_open_thread: Glinkpkt_open failed for perif: 12 with err: -1, retry_cnt: 8
07-28 20:28:28.356  1848  1854 E Diag-Router: diag: glinkpkt_open: failed to create control node for slate_adsp
07-28 20:28:28.356  1848  1854 E Diag-Router: diag: diag_glinkpkt_open_thread: Glinkpkt_open failed for perif: 13 with err: -1, retry_cnt: 8
07-28 20:28:28.402  2035  2035 D SensorFeature: name=ssc_screenshot_info ,index = 22
07-28 20:28:28.402  2035  2035 D SensorFeature: write 29 bytes:47255201387,52152874978,138,0
07-28 20:28:28.442  3285  4863 I Osense-BaseDecisionMaker: notifySceneToAthenaPolicy: SCENE_IDLE_RECOVER, bundle: Bundle[{scene=SCENE_IDLE_RECOVER}]
07-28 20:28:28.445  3285  4863 I Osense-BaseDecisionMaker: scene: SCENE_IDLE_RECOVER, excutingPolicy: respreload
07-28 20:28:28.445  3285  4863 D Osense-BaseDecisionMaker: invoke process preload policy
07-28 20:28:28.445  3285  4863 I Osense-BaseDecisionMaker: scene: SCENE_IDLE_RECOVER, excutingPolicy: clear
07-28 20:28:28.445  3285  4863 D Osense-BaseDecisionMaker: invoke clear policy,type: unforbid
07-28 20:28:28.445  3285  4863 I OsenseKillAction: KillAction: unhandled request: id=7, enable=true, scene=SCENE_IDLE_RECOVER, type=unforbid, cchOnly=false, appcare=0
07-28 20:28:28.543  2047  2058 D vendor.oplus.hardware.charger-V7-service: s_chg_user_mode: 3
07-28 20:28:28.543  2047  2058 D vendor.oplus.hardware.charger-V7-service: scale_chg Start!!!
07-28 20:28:28.543  2047  2058 D vendor.oplus.hardware.charger-V7-service: [0, 0, 3]
07-28 20:28:28.543  2047  2058 D vendor.oplus.hardware.charger-V7-service: [0, 2, 9]
07-28 20:28:28.544  2047  2058 D vendor.oplus.hardware.charger-V7-service: [0, 1, 3]
07-28 20:28:28.544  2047  2058 D vendor.oplus.hardware.charger-V7-service: [0, 3, 3]
07-28 20:28:28.544  2047  2058 D vendor.oplus.hardware.charger-V7-service: [0, 4, 3]
07-28 20:28:28.544  2047  2058 D vendor.oplus.hardware.charger-V7-service: [0, 5, 5]
07-28 20:28:28.544  2047  2058 D vendor.oplus.hardware.charger-V7-service: [0, 6, 9]
07-28 20:28:28.544  2047  2058 D vendor.oplus.hardware.charger-V7-service: scale_chg Start!!!
07-28 20:28:28.544  2047  2058 D vendor.oplus.hardware.charger-V7-service: [0, 0, 3]
07-28 20:28:28.544  2047  2058 D vendor.oplus.hardware.charger-V7-service: [0, 2, 10]
07-28 20:28:28.544  2047  2058 D vendor.oplus.hardware.charger-V7-service: [0, 1, 3]
07-28 20:28:28.545  2047  2058 D vendor.oplus.hardware.charger-V7-service: [0, 3, 3]
07-28 20:28:28.545  2047  2058 D vendor.oplus.hardware.charger-V7-service: [0, 4, 3]
07-28 20:28:28.545  2047  2058 D vendor.oplus.hardware.charger-V7-service: [0, 5, 3]
07-28 20:28:28.545  2047  2058 D vendor.oplus.hardware.charger-V7-service: [0, 6, 10]
07-28 20:28:28.546  2047  2072 D vendor.oplus.hardware.charger-V7-service: ret_value:111, read content:,339,366,3888,3886,-187,49,51,1,1,0,494,4632,50,1,4475,300,500,0,7,-22,7,0,1,0,2,0,0,0,1,6098,99,0,0,0,0,0,0,0
07-28 20:28:28.546  2047  2072 D vendor.oplus.hardware.charger-V7-service: gmtime: 2025-07-28-20-28-28
07-28 20:28:28.547  2047  2072 D vendor.oplus.hardware.charger-V7-service: usb_online:1, ac_online:-2147483648, wireless_online:0
07-28 20:28:28.566  1957  4509 I Dpps    : LtmSwState::SetParameter():144 ignore cmd 7 in state LtmOffState
07-28 20:28:28.708  2035  2035 D SensorFeature: name=ssc_screenshot_info ,index = 22
07-28 20:28:28.708  2035  2035 D SensorFeature: write 29 bytes:47255201387,52459032374,139,0
07-28 20:28:28.829  1912  4516 I sensors-hal: handle_oplus_wise_rgb_event:189, high_pwm_light:lux 264.2,cct 3591.9,brl/algo/ir 1443.0/2.0/16.7,pwm/dc 0.0/0.0,rgbc 20532.478516/12758.564453/5862.655762/37887.539062,ts 52419920202,cnt 710,flag 139
07-28 20:28:28.830  1957  4509 I Dpps    : LtmSwState::SetParameter():144 ignore cmd 7 in state LtmOffState
07-28 20:28:28.916  3285  3747 D OomAdjuster: Not killing cached processes
07-28 20:28:29.010  2035  2035 D SensorFeature: name=ssc_screenshot_info ,index = 22
07-28 20:28:29.011  2035  2035 D SensorFeature: write 29 bytes:47255201387,52762348676,140,0
07-28 20:28:29.031  2047  2080 D BatteryChargeControl: bcc get no support from charging protocol
07-28 20:28:29.084  2047  7267 D charge_time: type=sdp,reserve_soc=2,soc=49,ui_soc=51,current=179,avg=139,not_chg_cnt=0,stable_cnt=7,fcc=5724,fcc_ratio=94,delta=37,debug=0,region=16,ttf=34611(09:36:51),ui_ttf=19959(05:32:39)
07-28 20:28:29.097  1957  4509 I Dpps    : LtmSwState::SetParameter():144 ignore cmd 7 in state LtmOffState
07-28 20:28:29.183  3285  3744 D Theia.TransparentWindow: handleMessage CHECK_TRANS_WINDOW_ERROR_MSG
07-28 20:28:29.315  2035  2035 D SensorFeature: name=ssc_screenshot_info ,index = 22
07-28 20:28:29.315  2035  2035 D SensorFeature: write 29 bytes:47255201387,53065802895,141,0
07-28 20:28:29.362  1912  4516 I sensors-hal: handle_oplus_wise_rgb_event:189, high_pwm_light:lux 264.4,cct 3599.0,brl/algo/ir 1443.0/2.0/16.7,pwm/dc 0.0/0.0,rgbc 20541.992188/12740.139648/5881.902832/37852.414062,ts 53025536035,cnt 720,flag 141
07-28 20:28:29.363  1957  4509 I Dpps    : LtmSwState::SetParameter():144 ignore cmd 7 in state LtmOffState
07-28 20:28:29.618  2035  2035 D SensorFeature: name=ssc_screenshot_info ,index = 22
07-28 20:28:29.618  2035  2035 D SensorFeature: write 29 bytes:47255201387,53369855291,142,0
07-28 20:28:29.629  1957  4509 I Dpps    : LtmSwState::SetParameter():144 ignore cmd 7 in state LtmOffState
07-28 20:28:29.861  5286  6050 E OplusNetworkStackManager: initService mNetworkStackService is null, try again in 10s
07-28 20:28:29.924  2035  2035 D SensorFeature: name=ssc_screenshot_info ,index = 22
07-28 20:28:29.924  2035  2035 D SensorFeature: write 29 bytes:47255201387,53674565759,143,0
07-28 20:28:29.927  1912  4516 I sensors-hal: handle_oplus_wise_rgb_event:189, high_pwm_light:lux 264.2,cct 3603.7,brl/algo/ir 1443.0/2.0/16.9,pwm/dc 0.0/0.0,rgbc 20522.964844/12740.139648/5881.902832/37832.343750,ts 53598324942,cnt 730,flag 143
07-28 20:28:29.928  1957  4509 I Dpps    : LtmSwState::SetParameter():144 ignore cmd 7 in state LtmOffState
07-28 20:28:30.032  2047  2080 D BatteryChargeControl: bcc get no support from charging protocol
07-28 20:28:30.085  2047  7267 D charge_time: type=sdp,reserve_soc=2,soc=49,ui_soc=51,current=179,avg=152,not_chg_cnt=0,stable_cnt=7,fcc=5724,fcc_ratio=94,delta=38,debug=0,region=16,ttf=31647(08:47:27),ui_ttf=19958(05:32:38)
07-28 20:28:30.163  1957  4509 I Dpps    : LtmSwState::SetParameter():144 ignore cmd 7 in state LtmOffState
07-28 20:28:30.227  2035  2035 D SensorFeature: name=ssc_screenshot_info ,index = 22
07-28 20:28:30.228  2035  2035 D SensorFeature: write 29 bytes:47255201387,53977881697,144,0
07-28 20:28:30.424  1912  4516 I sensors-hal: handle_oplus_wise_rgb_event:189, high_pwm_light:lux 264.1,cct 3600.5,brl/algo/ir 1443.0/2.0/17.1,pwm/dc 0.0/0.0,rgbc 20546.750000/12744.746094/5866.504883/37847.394531,ts 53939699733,cnt 740,flag 144
07-28 20:28:30.425  1957  4509 I Dpps    : LtmSwState::SetParameter():144 ignore cmd 7 in state LtmOffState
07-28 20:28:30.534  2035  2035 D SensorFeature: name=ssc_screenshot_info ,index = 22
07-28 20:28:30.534  2035  2035 D SensorFeature: write 29 bytes:47255201387,54285363624,145,0
07-28 20:28:30.547  4982  6293 E OplusNetworkStackManager: initService mNetworkStackService is null, try again in 10s
07-28 20:28:30.615  6585  6696 E oiface  : sched_setaffinity failed
07-28 20:28:30.616  2047  2047 D vendor.oplus.hardware.charger-V7-service: getChargerControl:
07-28 20:28:30.636  2039  2039 E PerformanceService: storage_feature: open /sys/devices/platform/soc/112b0000.ufshci//virtualtlcbuff fail
07-28 20:28:30.641  3285  5455 W BestClock: java.time.DateTimeException: Missing network time fix
07-28 20:28:30.641  3285  5455 W BestClock: java.time.DateTimeException: Missing network time fix
07-28 20:28:30.642  3285  5455 W BestClock: java.time.DateTimeException: Missing network time fix
07-28 20:28:30.694  3285  4439 D FusionLightNextGen: process end reported = 1, mode: 0, lux 495.4, cct -1.0, r/g/b/c: 20556.3/12735.5/5874.2/37862.4, R/G/B: 106.0/100.0/99.0, bri 1443.0, match 1.00, ir 0.017509, conf 0.0, ts 54263251296
07-28 20:28:30.696  1957  4509 I Dpps    : LtmSwState::SetParameter():144 ignore cmd 7 in state LtmOffState
07-28 20:28:30.837  2035  2035 D SensorFeature: name=ssc_screenshot_info ,index = 22
07-28 20:28:30.837  2035  2035 D SensorFeature: write 29 bytes:47255201387,54588234457,146,0
07-28 20:28:30.958  1912  4516 I sensors-hal: handle_oplus_wise_rgb_event:189, high_pwm_light:lux 263.6,cct 3608.5,brl/algo/ir 1443.0/2.0/17.7,pwm/dc 0.0/0.0,rgbc 20565.779297/12744.746094/5866.504883/37847.394531,ts 54553771817,cnt 750,flag 146
07-28 20:28:30.960  1957  4509 I Dpps    : LtmSwState::SetParameter():144 ignore cmd 7 in state LtmOffState
07-28 20:28:31.032  2047  2080 D BatteryChargeControl: bcc get no support from charging protocol
07-28 20:28:31.087  2047  7267 D charge_time: type=sdp,reserve_soc=2,soc=49,ui_soc=51,current=179,avg=165,not_chg_cnt=0,stable_cnt=7,fcc=5724,fcc_ratio=94,delta=39,debug=0,region=16,ttf=29151(08:05:51),ui_ttf=19957(05:32:37)
07-28 20:28:31.142  2035  2035 D SensorFeature: name=ssc_screenshot_info ,index = 22
07-28 20:28:31.143  2035  2035 D SensorFeature: write 29 bytes:47255201387,54893395446,147,0
07-28 20:28:31.223  1957  4509 I Dpps    : LtmSwState::SetParameter():144 ignore cmd 7 in state LtmOffState
07-28 20:28:31.448  2035  2035 D SensorFeature: name=ssc_screenshot_info ,index = 22
07-28 20:28:31.448  2035  2035 D SensorFeature: write 29 bytes:47255201387,55199519300,148,0
07-28 20:28:31.488  1912  4516 I sensors-hal: handle_oplus_wise_rgb_event:189, high_pwm_light:lux 263.7,cct 3596.3,brl/algo/ir 1443.0/2.0/17.5,pwm/dc 0.0/0.0,rgbc 20532.478516/12740.139648/5878.053223/37852.414062,ts 55159344942,cnt 760,flag 148
07-28 20:28:31.490  1957  4509 I Dpps    : LtmSwState::SetParameter():144 ignore cmd 7 in state LtmOffState
07-28 20:28:31.752  2035  2035 D SensorFeature: name=ssc_screenshot_info ,index = 22
07-28 20:28:31.753  2035  2035 D SensorFeature: write 29 bytes:47255201387,55503424925,149,0
07-28 20:28:31.757  1957  4509 I Dpps    : LtmSwState::SetParameter():144 ignore cmd 7 in state LtmOffState
07-28 20:28:31.799  3285  5088 I OplusHansManager : uid=10157, pkg=com.baidu.input_oppo cannot transition from R to M, importance=input
07-28 20:28:32.033  2047  2080 D BatteryChargeControl: bcc get no support from charging protocol
07-28 20:28:32.059  2035  2035 D SensorFeature: name=ssc_screenshot_info ,index = 22
07-28 20:28:32.059  2035  2035 D SensorFeature: write 29 bytes:47255201387,55809971331,150,0
07-28 20:28:32.060  1912  2001 I sensors-hal: get_display_brightness:818, light_iface: set screenshot_info [47255201387,55809971331,150,0]
07-28 20:28:32.062  1912  4516 I sensors-hal: handle_oplus_wise_rgb_event:189, high_pwm_light:lux 263.9,cct 3602.1,brl/algo/ir 1443.0/2.0/17.5,pwm/dc 0.0/0.0,rgbc 20546.750000/12735.534180/5862.655762/37852.414062,ts 55723734785,cnt 770,flag 150
07-28 20:28:32.063  1957  4509 I Dpps    : LtmSwState::SetParameter():144 ignore cmd 7 in state LtmOffState
07-28 20:28:32.088  2047  7267 D charge_time: write 19956s(05:32:36) to ttf, rc=7
07-28 20:28:32.088  2047  7267 D charge_time: type=sdp,reserve_soc=2,soc=49,ui_soc=51,current=179,avg=179,not_chg_cnt=0,stable_cnt=7,fcc=5724,fcc_ratio=94,delta=40,debug=0,region=16,ttf=26867(07:27:47),ui_ttf=19956(05:32:36)
07-28 20:28:32.259  6512  7428 E OplusNetworkStackManager: initService mNetworkStackService is null, try again in 10s
07-28 20:28:32.286  1957  4509 I Dpps    : LtmSwState::SetParameter():144 ignore cmd 7 in state LtmOffState
07-28 20:28:32.364  2035  2035 D SensorFeature: name=ssc_screenshot_info ,index = 22
07-28 20:28:32.364  2035  2035 D SensorFeature: write 29 bytes:47255201387,56114303935,151,0
07-28 20:28:32.552  1912  4516 I sensors-hal: handle_oplus_wise_rgb_event:189, high_pwm_light:lux 264.2,cct 3603.9,brl/algo/ir 1443.0/2.0/17.3,pwm/dc 0.0/0.0,rgbc 20551.507812/12744.746094/5866.504883/37917.644531,ts 56073367598,cnt 780,flag 151
07-28 20:28:32.554  1957  4509 I Dpps    : LtmSwState::SetParameter():144 ignore cmd 7 in state LtmOffState
07-28 20:28:32.667  2035  2035 D SensorFeature: name=ssc_screenshot_info ,index = 22
07-28 20:28:32.667  2035  2035 D SensorFeature: write 29 bytes:47255201387,56418445237,152,0
07-28 20:28:32.816  1957  4509 I Dpps    : LtmSwState::SetParameter():144 ignore cmd 7 in state LtmOffState
07-28 20:28:32.819 12563 12572 W System  : A resource failed to call close. 
07-28 20:28:32.819 12563 12572 W System  : A resource failed to call close. 
07-28 20:28:32.970  2035  2035 D SensorFeature: name=ssc_screenshot_info ,index = 22
07-28 20:28:32.970  2035  2035 D SensorFeature: write 29 bytes:47255201387,56721556695,153,0
07-28 20:28:33.034  2047  2080 D BatteryChargeControl: bcc get no support from charging protocol
07-28 20:28:33.078  1868  1868 D healthd : system healthd: battery l=51 v=3890 t=33.9 h=2 st=2 c=-192 fc=5920000 cc=19 chg=u
07-28 20:28:33.083  1912  4516 I sensors-hal: handle_oplus_wise_rgb_event:189, high_pwm_light:lux 263.9,cct 3602.5,brl/algo/ir 1443.0/2.0/17.4,pwm/dc 0.0/0.0,rgbc 20546.750000/12749.352539/5878.053223/37852.414062,ts 56687322910,cnt 790,flag 153
07-28 20:28:33.084  1957  4509 I Dpps    : LtmSwState::SetParameter():144 ignore cmd 7 in state LtmOffState
07-28 20:28:33.089  2047  7267 D charge_time: type=sdp,reserve_soc=2,soc=49,ui_soc=51,current=192,avg=181,not_chg_cnt=0,stable_cnt=7,fcc=5724,fcc_ratio=94,delta=41,debug=0,region=16,ttf=26569(07:22:49),ui_ttf=19955(05:32:35)
07-28 20:28:33.116  2047  2047 D vendor.oplus.hardware.charger-V7-service: get_ui_charge_icon_type 0 0 0 0 0
07-28 20:28:33.117  2047  2047 D vendor.oplus.hardware.charger-V7-service: oplus_chg_get_cpa_power 2500 charge_online 1 retention_topic 0
07-28 20:28:33.117  2047  2047 D vendor.oplus.hardware.charger-V7-service: oplus_chg_get_cpa_power 2500 charge_online 1 retention_topic 0
07-28 20:28:33.117  2047  2047 D vendor.oplus.hardware.charger-V7-service: getIsSingleHyperSupport=2, cpa_power=2
07-28 20:28:33.119  3285  3774 D BatteryStatsImplExtImpl: mActiveProcesses size = 73
07-28 20:28:33.119  3285  3774 D BatteryStatsImplExtImpl: rpmhStats is null or interval time is too short.
07-28 20:28:33.273  2035  2035 D SensorFeature: name=ssc_screenshot_info ,index = 22
07-28 20:28:33.273  2035  2035 D SensorFeature: write 29 bytes:47255201387,57024116591,154,0
07-28 20:28:33.347  3285  4439 D FusionLightNextGen: process end reported = 1, mode: 0, lux 496.2, cct -1.0, r/g/b/c: 20527.7/12749.4/5878.1/37867.5, R/G/B: 106.0/100.0/99.0, bri 1443.0, match 1.00, ir 0.017278, conf 0.0, ts 57002781296
07-28 20:28:33.348  1957  4509 I Dpps    : LtmSwState::SetParameter():144 ignore cmd 7 in state LtmOffState
07-28 20:28:33.356  1848  1853 E Diag-Router: diag: glinkpkt_open: failed to create control node for slate_apps
07-28 20:28:33.356  1848  1853 E Diag-Router: diag: diag_glinkpkt_open_thread: Glinkpkt_open failed for perif: 12 with err: -1, retry_cnt: 9
07-28 20:28:33.356  1848  1854 E Diag-Router: diag: glinkpkt_open: failed to create control node for slate_adsp
07-28 20:28:33.356  1848  1854 E Diag-Router: diag: diag_glinkpkt_open_thread: Glinkpkt_open failed for perif: 13 with err: -1, retry_cnt: 9
07-28 20:28:33.547  2047  2058 D vendor.oplus.hardware.charger-V7-service: s_chg_user_mode: 3
07-28 20:28:33.548  2047  2072 D vendor.oplus.hardware.charger-V7-service: ret_value:111, read content:,339,362,3890,3888,-192,49,51,1,1,0,494,4632,50,1,4475,300,500,0,7,-22,7,0,1,0,2,0,0,0,1,6098,99,0,0,0,0,0,0,0
07-28 20:28:33.548  2047  2058 D vendor.oplus.hardware.charger-V7-service: scale_chg Start!!!
07-28 20:28:33.548  2047  2072 D vendor.oplus.hardware.charger-V7-service: gmtime: 2025-07-28-20-28-33
07-28 20:28:33.548  2047  2058 D vendor.oplus.hardware.charger-V7-service: [0, 0, 3]
07-28 20:28:33.548  2047  2058 D vendor.oplus.hardware.charger-V7-service: [0, 2, 9]
07-28 20:28:33.548  2047  2058 D vendor.oplus.hardware.charger-V7-service: [0, 1, 3]
07-28 20:28:33.548  2047  2058 D vendor.oplus.hardware.charger-V7-service: [0, 3, 3]
07-28 20:28:33.548  2047  2058 D vendor.oplus.hardware.charger-V7-service: [0, 4, 3]
07-28 20:28:33.548  2047  2058 D vendor.oplus.hardware.charger-V7-service: [0, 5, 5]
07-28 20:28:33.549  2047  2058 D vendor.oplus.hardware.charger-V7-service: [0, 6, 9]
07-28 20:28:33.549  2047  2058 D vendor.oplus.hardware.charger-V7-service: scale_chg Start!!!
07-28 20:28:33.549  2047  2058 D vendor.oplus.hardware.charger-V7-service: [0, 0, 3]
07-28 20:28:33.549  2047  2058 D vendor.oplus.hardware.charger-V7-service: [0, 2, 10]
07-28 20:28:33.549  2047  2058 D vendor.oplus.hardware.charger-V7-service: [0, 1, 3]
07-28 20:28:33.549  2047  2072 D vendor.oplus.hardware.charger-V7-service: usb_online:1, ac_online:-2147483648, wireless_online:0
07-28 20:28:33.549  2047  2058 D vendor.oplus.hardware.charger-V7-service: [0, 3, 3]
07-28 20:28:33.549  2047  2058 D vendor.oplus.hardware.charger-V7-service: [0, 4, 3]
07-28 20:28:33.549  2047  2058 D vendor.oplus.hardware.charger-V7-service: [0, 5, 3]
07-28 20:28:33.549  2047  2058 D vendor.oplus.hardware.charger-V7-service: [0, 6, 10]
07-28 20:28:33.576  2035  2035 D SensorFeature: name=ssc_screenshot_info ,index = 22
07-28 20:28:33.576  2035  2035 D SensorFeature: write 29 bytes:47255201387,57327432424,155,0
07-28 20:28:33.612  1912  4516 I sensors-hal: handle_oplus_wise_rgb_event:189, high_pwm_light:lux 264.2,cct 3602.5,brl/algo/ir 1443.0/2.0/17.1,pwm/dc 0.0/0.0,rgbc 20537.236328/12735.534180/5870.354492/37867.464844,ts 57293209889,cnt 800,flag 155
07-28 20:28:33.614  1957  4509 I Dpps    : LtmSwState::SetParameter():144 ignore cmd 7 in state LtmOffState
07-28 20:28:33.714  1962  2014 I [UAH_CLIENT]: UahRelease, handle:18
07-28 20:28:33.715  1962  2014 I [UAH_CLIENT]: UahPlatformResAcquire
07-28 20:28:33.715  1962  2014 I [UAH_CLIENT]: UahEventAcquire, cmdid:-3, pkg:1962 13071, identity:qcom-perfd
07-28 20:28:33.716  1962  2014 E PERFHAL-RESOURCEQS: PERFHAL-RESOURCEQS: AddAndApply() 130: Resource with major=18, minor=41 not supported
07-28 20:28:33.840 13075 13159 I SystemFeature: operator:{oppo.cmcc.mp:false, browser.cmcc:false, browser.test.cmcc:false, browser.cmcc.bookmark:false, browser.test.cmcc.bookmark:false, browser.cmcc.home:false, browser.test.cmcc.home:false
07-28 20:28:33.840 13075 13159 I SystemFeature: cu.optr:false, browser.cu:false, browser.test.cu:false
07-28 20:28:33.840 13075 13159 I SystemFeature: ct.optr:false, browser.ct:false, browser.test.ct:false
07-28 20:28:33.840 13075 13159 I SystemFeature: }
07-28 20:28:33.844  7690  8762 I OpenID  : com.heytap.pictorial:3142:ret:T
07-28 20:28:33.845 13075 13159 I IdentityUtil: initIdentity: success, duidInit=true, uuid=d7830aefe1185a1d969e64bfc89f60a7
07-28 20:28:33.855 13075 13159 D Identity: nonceAndCounter: c7d30e03650681e90000000000000005
07-28 20:28:33.877  2035  2035 D SensorFeature: name=ssc_screenshot_info ,index = 22
07-28 20:28:33.877  2035  2035 D SensorFeature: write 29 bytes:47255201387,57629818153,156,0
07-28 20:28:33.879  1957  4509 I Dpps    : LtmSwState::SetParameter():144 ignore cmd 7 in state LtmOffState
07-28 20:28:33.892  1205 13116 I keystore2: system/security/keystore2/watchdog/src/lib.rs:319 - Watchdog thread idle -> terminating. Have a great day.
07-28 20:28:33.976  3285  5289 I InputDispatcher: injectInputEvent: targetUid=<not set>, syncMode=WAIT_FOR_FINISHED, timeout=30000ms, policyFlags=0x8000000, event=MotionEvent { action=DOWN, id[0]=0, x[0]=900, y[0]=30, eventTime=57728000000, downTime=57728000000, deviceId=4, source=TOUCHSCREEN, displayId=0, eventId=0xe226f662}
07-28 20:28:33.977  2192  3322 D VRR [OTI]: handleIdle from 1 to 0
07-28 20:28:33.977  2192  3322 D VRR [OTI-HW]: isStateReady 0
07-28 20:28:33.977  2192  3322 D VRR [OTI-HW]: restore sys rate.
07-28 20:28:33.977  2192  3322 D VRR [RefreshRateDirector]: requestRefreshRateByOti update [ oti-hw, {fps=120, modePtr={id=4, vsyncRate=120.00 Hz, peakRefreshRate=120.00 Hz}} ]
07-28 20:28:33.977  2192  3322 D VRR [RefreshRateDirector]: selectBestFrameRate DirectorMapOti [oti-hw, {fps=120, modePtr={id=4, vsyncRate=120.00 Hz, peakRefreshRate=120.00 Hz}}]
07-28 20:28:33.977  2192  3322 D VRR [RefreshRateDirector]: updateBestFrameRate [oti-hw, {fps=120, modePtr={id=4, vsyncRate=120.00 Hz, peakRefreshRate=120.00 Hz}}]
07-28 20:28:33.977  2192  3322 D SurfaceFlinger: VRR [SurfaceFlinger] setDesiredActiveMode: displayId: 4630946756802996883, renderRate: 120, vsyncRate: 120, event: 1
07-28 20:28:33.977  2192  3322 D DisplayModeController: setDesiredMode 4630946756802996883 {mode={fps=120.00 Hz, modePtr={id=4, vsyncRate=120.00 Hz, peakRefreshRate=120.00 Hz}}, emitEvent=true, force=false}
07-28 20:28:33.977  3285  4877 I [UAH_CLIENT]: UahEventAcquire, cmdid:37, pkg:none, identity:OplusUAwareInputHelper
07-28 20:28:33.977  3285  4704 D OMP_Detector: D:done mCurrStatus: 0
07-28 20:28:33.977  3285  4877 D UAH-UahAdaptHelper: adaptSetNotification identity = OplusUAwareInputHelpersrc = 1000 , type 0 ,p1 = -1 ,p2 = -1 ,p3 = -1 ,p4 =
07-28 20:28:33.977  3285  4877 I [UAH_CLIENT]: uahRuleCtl, ruleId:1000, status:0
07-28 20:28:33.979  1962  2014 I [UAH_CLIENT]: UahRelease, handle:33
07-28 20:28:33.979  4920  4920 V AutofillManager: requestHideFillUi(null): anchor = null
07-28 20:28:33.979  4920  4920 V Application: getAutofillClient(): null on super, trying to find activity thread
07-28 20:28:33.979  4920  4920 V Application: getAutofillClient(): none of the 0 activities on com.android.systemui.SystemUIApplication@ec922ec are top resumed nor have focus
07-28 20:28:33.979  4920  4920 V AutofillManager: No AutofillClient for com.android.systemui on context com.android.systemui.SystemUIApplication@ec922ec
07-28 20:28:33.979  1962  2014 I [UAH_CLIENT]: UahPlatformResAcquire
07-28 20:28:33.979  1962  2014 I [UAH_CLIENT]: UahEventAcquire, cmdid:-3, pkg:2192 6979, identity:qcom-perfd
07-28 20:28:33.979  1962  2014 E PERFHAL-RESOURCEQS: PERFHAL-RESOURCEQS: AddAndApply() 130: Resource with major=18, minor=41 not supported
07-28 20:28:33.979  3285  3816 D PowerManagerService: userActivityNoUpdateLocked: groupId=0, eventTime=57728, event=touch, flags=0x0, uid=1000
07-28 20:28:33.982  4920  4920 I PluginSeedling--Capsule: CapsuleTouchEventHandler-->onInterceptTouchEvent interceptEvent: false
07-28 20:28:33.983  3285  3746 W UserAwareMgr: can not find match thread: GaussianBlur for process com.android.systemui
07-28 20:28:33.984  4920  6018 I [UAH_CLIENT]: UahEventAcquire, cmdid:97, pkg:none, identity:OsenseHelperImpl
07-28 20:28:33.984  4920  4920 I SystemUi--Common: ScrollTranslationValue-->resetPanelTranslationY
07-28 20:28:33.985  4920  4920 I SystemUi--QuickSettings: OplusPanelViewPagerController-->initExpanded downExpanded=NONE downOnRight=true targetPage=NOTIFICATION downOnYHotArea=true  isKeyguardShowing=false isOnKeyguard=false fractionListeners.size=0 currentQsFraction=0.0 currentNotifyFraction=0.0 hasCalledDownEvent=true getScrollXHotZone=([Rect(0, 0 - 1080, 2376)], [Rect(-1, -1 - -1, -1), Rect(157, 1999 - 283, 2125), Rect(823, 1999 - 949, 2125)]) getScrollYHotZone=Rect(0, 0 - 1080, 66) notifyExpandedFraction=0.0 isLastUpToExpand=false qsPanelView.translationX=0.0
07-28 20:28:33.985  4920  4920 I SystemUi--QuickSettings: OplusPanelViewPagerController-->shouldOpenQS  set targetPage=QS
07-28 20:28:33.985  4920  4920 I SystemUi--Common: ScrollTranslationValue-->resetPanelTranslationY
07-28 20:28:33.985  4920  4920 I SystemUi--QuickSettings: OplusPanelViewPagerController-->initExpanded downExpanded=NONE downOnRight=true targetPage=QS downOnYHotArea=true  isKeyguardShowing=false isOnKeyguard=false fractionListeners.size=0 currentQsFraction=0.0 currentNotifyFraction=0.0 hasCalledDownEvent=true getScrollXHotZone=([Rect(0, 0 - 1080, 2376)], [Rect(-1, -1 - -1, -1), Rect(157, 1999 - 283, 2125), Rect(823, 1999 - 949, 2125)]) getScrollYHotZone=Rect(0, 0 - 1080, 66) notifyExpandedFraction=0.0 isLastUpToExpand=false qsPanelView.translationX=0.0
07-28 20:28:33.985  4920  4920 I SystemUi--QuickSettings: OplusPanelViewPagerController-->shouldOpenQS  set targetPage=QS
07-28 20:28:33.985  4920  4920 I SystemUi--QuickSettings: OplusQSPageViewController-->reset(), pageList size:2 itemCount:2 oldIndex:0 curIndex:0
07-28 20:28:33.985  4920  4920 I SystemUi--QuickSettings: OplusQSRootViewController-->startExpandMotion event: 0, startTracking: false isClosing: false panelClosedOnDown: true
07-28 20:28:33.985  4920  4920 I SystemUi--QuickSettings: OplusQSRootViewController-->initialOffsetOnTouch: 0.0, panelClosedOnDown: true
07-28 20:28:33.985  4920  4920 I SystemUi--QuickSettings: OplusQSRootView-->disallowChildIntercept:false
07-28 20:28:33.985  4920  4920 I SystemUi--QuickSettings: OplusQSRootViewController-->startExpandMotion event: 0, startTracking: false isClosing: false panelClosedOnDown: true
07-28 20:28:33.985  4920  4920 I SystemUi--QuickSettings: OplusQSRootViewController-->initialOffsetOnTouch: 0.0, panelClosedOnDown: true
07-28 20:28:33.985  4920  4920 I SystemUi--QuickSettings: OplusQSRootViewController-->onTouchEvent() ACTION_DOWN, canSlideHToQSOnStatusBar:true, gestureWaitForTouchSlop:true, panelClosedOnDown:true, panelClosingOnDown:false, pointerIndex:0
07-28 20:28:33.986  3285  5289 I InputDispatcher: injectInputEvent: targetUid=<not set>, syncMode=WAIT_FOR_FINISHED, timeout=30000ms, policyFlags=0x8000000, event=MotionEvent { action=MOVE, id[0]=0, x[0]=900, y[0]=95.667, eventTime=57738000000, downTime=57728000000, deviceId=4, source=TOUCHSCREEN, displayId=0, eventId=0xff9ffb44}
07-28 20:28:33.986  3285  4877 I [UAH_CLIENT]: UahEventAcquire, cmdid:68, pkg:none, identity:OplusUAwareInputHelper
07-28 20:28:33.987  2192  2192 I DisplayModeController: hwc begin mode change to 8333333
07-28 20:28:33.987  2192  2192 I HWC2    : [0] setActiveConfigWithConstraints[4]
07-28 20:28:33.987  1957  3268 W SDM     : HWDeviceDRM::GetSupportedBitClkRate: Requested rate not supported: 1363200000
07-28 20:28:33.987  1957  3268 I SDM     : HWDeviceDRM::UpdateMixerAttributes: Mixer WxH 1440x3168-1 for Peripheral
07-28 20:28:33.988  1957  3268 I CwbService: CwbService::notifyConfigChange: display:0, config:4 size:4, sec.size():0
07-28 20:28:33.988  1957  3234 I CasManager: Fps changed from 60 to 120
07-28 20:28:33.988  1957  3268 I CwbService: CwbService::notifyConfigChange: display: 0, config = 0
07-28 20:28:33.988  1957  3234 I CasManager: Fps changed, not change bin, so trigger gain
07-28 20:28:33.988  1957  3234 W SDM     : DemuraIntfImpl::ProcessOemPluginGain: Thermal intf_ is nullptr 0, default to 25 degree
07-28 20:28:33.988  1957  3234 I SDM     : CasQcPlugIn::ProcessPerCompGainOppo: input params, mode:PWM, fps:120, dbv:1443
07-28 20:28:33.988  1957  3234 I SDM     : CasQcPlugIn::ProcessPerCompGainOppo: normalized bright_adj:1024, dbv:1443, bin_dbv:1083, 
07-28 20:28:33.988  1957  3234 I SDM     : CasQcPlugIn::ProcessPerCompGainOppo: gains print start =====================
07-28 20:28:33.988  1957  3234 I SDM     : CasQcPlugIn::ProcessPerCompGainOppo: gain --------------------------------
07-28 20:28:33.988  1957  3234 I SDM     : CasQcPlugIn::ProcessPerCompGainOppo: old: 0 0 0 57 90 322 1201 3072
07-28 20:28:33.988  1957  3234 I SDM     : CasQcPlugIn::ProcessPerCompGainOppo: new: 0 0 0 47 77 278 1037 3072
07-28 20:28:33.988  1957  3234 I SDM     : CasQcPlugIn::ProcessPerCompGainOppo: gain --------------------------------
07-28 20:28:33.988  1957  3234 I SDM     : CasQcPlugIn::ProcessPerCompGainOppo: old: 0 0 0 64 125 373 1336 3072
07-28 20:28:33.988  1957  3234 I SDM     : CasQcPlugIn::ProcessPerCompGainOppo: new: 0 0 0 53 99 373 1336 3072
07-28 20:28:33.988  1957  3234 I SDM     : CasQcPlugIn::ProcessPerCompGainOppo: gain --------------------------------
07-28 20:28:33.988  1957  3234 I SDM     : CasQcPlugIn::ProcessPerCompGainOppo: old: 0 0 0 42 83 323 1222 3072
07-28 20:28:33.988  1957  3234 I SDM     : CasQcPlugIn::ProcessPerCompGainOppo: new: 0 0 0 35 83 323 1222 3072
07-28 20:28:33.988  1957  3234 I SDM     : CasQcPlugIn::ProcessPerCompGainOppo: gains print end =======================
07-28 20:28:33.991  4920  4920 I SystemUi--QuickSettings: OplusQSRootViewController-->startExpandMotion event: 2, startTracking: true isClosing: false panelClosedOnDown: true
07-28 20:28:33.991  4920  4920 I SystemUi--QuickSettings: OplusQSRootViewController-->endClosing()
07-28 20:28:33.992  4920  4920 I SystemUi--QuickSettings: QSPanelExpandFraction-->updateFraction, stiffness=500.0, finalPosition=0.23666993
07-28 20:28:33.992  1957  3234 I SDM     : DemuraIntfImpl::StageAllData: Staged all data to Demura Driver!
07-28 20:28:33.992  1957  3234 I SDM     : HWPeripheralDRM::SetPanelFeature: Set Panel feature property 19
07-28 20:28:33.992  1957  3234 I SDM     : HWPeripheralDRM::SetPanelFeature: Set Panel feature property 7
07-28 20:28:33.992  1957  3234 I SDM     : DisplayBuiltIn::TriggerDemuraOemPlugIn: Trigger demura oem plugin success
07-28 20:28:33.992  3285  5289 I InputDispatcher: injectInputEvent: targetUid=<not set>, syncMode=WAIT_FOR_FINISHED, timeout=30000ms, policyFlags=0x8000000, event=MotionEvent { action=MOVE, id[0]=0, x[0]=900, y[0]=141.634, eventTime=57745000000, downTime=57728000000, deviceId=4, source=TOUCHSCREEN, displayId=0, eventId=0xe002eaac}
07-28 20:28:33.993  3285  4493 D SystemGestures: detectSwipe: 1
07-28 20:28:33.993  1957  2273 I SDM     : DRMPanelFeatureMgr::ApplyDirtyFeature: Commited panel feature [enabled]: 20-272
07-28 20:28:33.993  1957  2273 I SDM     : DRMPanelFeatureMgr::ApplyDirtyFeature: Commited panel feature [enabled]: 8-271
07-28 20:28:34.008  4920  4920 I SystemUi--QuickSettings: OplusQSRootViewController-->setQsVisible: true rawFraction:0.014989975
07-28 20:28:34.008  3285  5289 I InputDispatcher: injectInputEvent: targetUid=<not set>, syncMode=WAIT_FOR_FINISHED, timeout=30000ms, policyFlags=0x8000000, event=MotionEvent { action=MOVE, id[0]=0, x[0]=900, y[0]=246.7, eventTime=57761000000, downTime=57728000000, deviceId=4, source=TOUCHSCREEN, displayId=0, eventId=0xcc95632f}
07-28 20:28:34.008  4920  4920 I SystemUi--QuickSettings: OplusQSRootViewController-->setListening: true
07-28 20:28:34.009  4920  4920 I SystemUi--QuickSettings: OplusLargeTileContainerViewController-->setListening listening=true
07-28 20:28:34.009  4920  4920 I SystemUi--QuickSettings: QSBrightnessFactory-->setListening listening:true
07-28 20:28:34.009  4920  4920 I SystemUi--QuickSettings: OplusQsBrightnessSliderController-->setListening listening:true mView: com.oplus.systemui.plugins.qs.widget.OplusQsToggleSliderLayout{bc11b3d V.E...... ......ID 558,244-737,643 #7f0a09f0 app:id/qs_brightness_slider_layout alpha=0.0 viewInfo = } value:0
07-28 20:28:34.009  4920  4920 I SystemUi--QuickSettings: OplusQsVolumeSliderController-->updateVolumeSeekBarMaxProgress: isNeedUpdate=true, maxVolumeProgress=16000, seekBarMaxProgress=1600, isInit=false
07-28 20:28:34.009  4920  4920 I SystemUi--QuickSettings: OplusQsVolumeSliderController-->updateVolumeSeekBarProgress: isNeedUpdate=true, isAllowUpdate=true, volumeLevel=0, seekBarLevel=0, initialVolumeSliderProgress=0, initialSeekBarVolumeLevel=-1, progressUpdated=false
07-28 20:28:34.009  4920  4920 I SystemUi--QuickSettings: OplusQsVolumeSliderController-->updateDisableShowVolumeDialog: isQsListening=true
07-28 20:28:34.009  4920  4920 I SystemUi--Device_Panel: OplusQSMyDeviceContainerViewController-->setListening listening: true
