07-29 08:43:48.621  3357  4741 D UAH-UahAdaptHelper: adaptSetNotification identity = OplusUAwareInputHelpersrc = 1000 , type 0 ,p1 = -1 ,p2 = -1 ,p3 = -1 ,p4 =
07-29 08:43:48.621  3357  4741 I [UAH_CLIENT]: uahRuleCtl, ruleId:1000, status:0
07-29 08:43:48.621  3357  3697 D PowerManagerService: userActivityNoUpdateLocked: groupId=0, eventTime=59485, event=touch, flags=0x0, uid=1000
07-29 08:43:48.621  3357  4580 D OMP_Detector: D:done mCurrStatus: 0
07-29 08:43:48.621  4780  4780 I SystemUi--Common: ScrollTranslationValue-->resetPanelTranslationY
07-29 08:43:48.621  4780  4780 I SystemUi--QuickSettings: OplusPanelViewPagerController-->initExpanded downExpanded=QS downOnRight=true targetPage=QS downOnYHotArea=false  isKeyguardShowing=false isOnKeyguard=false fractionListeners.size=0 currentQsFraction=1.0 currentNotifyFraction=0.0 hasCalledDownEvent=true getScrollXHotZone=([Rect(0, 0 - 1080, 2376)], [Rect(-1, -1 - -1, -1), Rect(144, 2143 - 270, 2269), Rect(810, 2143 - 936, 2269)]) getScrollYHotZone=Rect(0, 0 - 1080, 222) notifyExpandedFraction=0.0 isLastUpToExpand=true qsPanelView.translationX=0.0
07-29 08:43:48.622  4780  4780 I SystemUi--QuickSettings: OplusQSRootViewController-->startExpandMotion event: 0, startTracking: false isClosing: false panelClosedOnDown: false
07-29 08:43:48.622  4780  4780 I SystemUi--QuickSettings: OplusQSRootViewController-->initialOffsetOnTouch: 2376.0, panelClosedOnDown: false
07-29 08:43:48.623  3357  5286 I InputDispatcher: injectInputEvent: targetUid=<not set>, syncMode=WAIT_FOR_FINISHED, timeout=30000ms, policyFlags=0x8000000, event=MotionEvent { action=UP, id[0]=0, x[0]=877, y[0]=1330, eventTime=59485000000, downTime=59485000000, deviceId=4, source=TOUCHSCREEN, displayId=0, eventId=0xcf5fa3e3}
07-29 08:43:48.623  3357  4741 D UAH-UahAdaptHelper: adaptSetNotification identity = OplusUAwareInputHelpersrc = 1000 , type 1 ,p1 = -1 ,p2 = -1 ,p3 = -1 ,p4 =
07-29 08:43:48.623  3357  4741 I [UAH_CLIENT]: uahRuleCtl, ruleId:1000, status:1
07-29 08:43:48.623  4780  4780 I SystemUi--Statusbar: OplusStatusBarWindowViewTouchExImpl-->onTouchEvent handled:false
07-29 08:43:48.623  4780  4780 I SystemUi--QuickSettings: OplusPanelViewPagerController-->reset
07-29 08:43:48.623  4780  4780 I SystemUi--QuickSettings: OplusQSRootViewController-->resetTouch
07-29 08:43:48.623  4780  4780 D OplusViewDragTouchViewHelper: dispatchTouchView action = 1
07-29 08:43:48.623  4780  4780 D ViewRootImplExtImpl: the up motion event handled by client, just return
07-29 08:43:48.624  4780  4780 I SystemUi--QuickSettings: Tile.OplusAirplaneModeTile-->clicked ------ state is :2 canTips :true
07-29 08:43:48.624  4780  5334 V OplusCustomizeCacheManager: queryCache name: sys.cache.common_customize_cache18026 param: null
07-29 08:43:48.624  4780  5334 V OplusCustomizeCacheManager: queryCache name: sys.cache.common_customize_cache18026 param: null
07-29 08:43:48.625  3357  3357 D OplusWifiBroadCastDispatcher: mBroadcastReceiver: onReceiver  action=android.intent.action.AIRPLANE_MODE
07-29 08:43:48.626  3357  4552 D OplusWifiPower_ConnLpmEventObsever: AIRPLANE_MODE_ON:false
07-29 08:43:48.626  1953  1961 E PerformanceService: [damon_reclaim] Failed to open wmarks_xxx, Linux version 6.6.30
07-29 08:43:48.626  3357  4253 E PerformanceManager: setDamonReclaimWmarks succeed.
07-29 08:43:48.627  4780  5651 I SystemUi--QuickSettings: Tile.OplusAirplaneModeTile-->handleUpdateState state.state: 2 value: 0
07-29 08:43:48.627  4780  4780 I SystemUi--Statusbar: OplusStatusBarSignalPolicy-->imsIcon: OplusIMSModel(shouldShowVolte=false, shouldShowVowifi=false, simInserted=true, noSim=false, shouldShowVodata=false, shouldShowVo5G=false, vowifiState=false), OplusIMSModel(shouldShowVolte=false, shouldShowVowifi=false, simInserted=false, noSim=true, shouldShowVodata=false, shouldShowVo5G=false, vowifiState=false), noSubs:false, airplaneMode:falsevisible: false ,wifiConnect:false , vowifiIcon:0 , voDataStatus:false, is5GNewCall:false
07-29 08:43:48.627  4780  4780 I SystemUi--Statusbar: OplusStatusBarSignalPolicy-->noSimIcon simState: SimStateModel(simInserted=[true, false], simForbidden=[false, true], simStateIMSI=[true, false], simLoaded=[true, false]), noSubs:false isAirplaneMode:false
07-29 08:43:48.627  4780  5651 V OplusCustomizeCacheManager: queryCache name: sys.cache.common_customize_cache18026 param: null
07-29 08:43:48.627  4780  4780 I SystemUi--Statusbar: OplusMobileIconViewModel-->isVisible subId:1 isAirplaneMode:false isAllowedDuringAirplaneMode:false isForceHidden:false isSatelliteForbid:false
07-29 08:43:48.627  4780  4780 I SystemUi--Statusbar: OplusStatusBarMobileViewBinder-->isVisible:true
07-29 08:43:48.627  4780  4780 I SystemUi--Statusbar: OplusStatusBarMobileViewBinder-->isVisible:true
07-29 08:43:48.627  4780  4780 I SystemUi--Statusbar: OplusStatusBarMobileViewBinder-->isVisible:true
07-29 08:43:48.627  4780  4780 I SystemUi--Statusbar: OplusStatusBarMobileViewBinder-->isVisible:true
07-29 08:43:48.627  4780  4780 I SystemUi--Statusbar: OplusStatusBarMobileViewBinder-->isVisible:true
07-29 08:43:48.627  4971  8432 I txpwradmin:SettingsObserver: onChange for uri = content://settings/global/airplane_mode_on
07-29 08:43:48.628  3357  4553 D OplusWifiSwitchStateMonitor: mWifiSettingsValue:0
07-29 08:43:48.628  3357  4372 D BluetoothSystemServer: BluetoothRadioModeListener: Not sensitive to airplane_mode_radios change. Forced to false
07-29 08:43:48.628  7403  7487 I SettingImpl: isAirplaneModeToggleChecked switchValue: -1, airplane mode isChecked is false
07-29 08:43:48.628  3357  4553 D OplusWifiSwitchStateMonitor: notify scan state: true
07-29 08:43:48.628  4780  5651 V OplusCustomizeCacheManager: queryCache name: sys.cache.common_customize_cache11009 param: null
07-29 08:43:48.628  5104  5104 D SubsysBroadcastManager: onReceive action:android.intent.action.AIRPLANE_MODE
07-29 08:43:48.628  4971  8432 D txpwrJni: sendRadioStatus start
07-29 08:43:48.629  4838  4838 W Settings: Setting airplane_mode_on has moved from android.provider.Settings.System to android.provider.Settings.Global, returning read-only value.
07-29 08:43:48.629  4838  4838 W Settings: Setting airplane_mode_on has moved from android.provider.Settings.System to android.provider.Settings.Global, returning read-only value.
07-29 08:43:48.629  4838  4838 W Settings: Setting airplane_mode_on has moved from android.provider.Settings.System to android.provider.Settings.Global, returning read-only value.
07-29 08:43:48.629  4838  4838 W Settings: Setting airplane_mode_on has moved from android.provider.Settings.System to android.provider.Settings.Global, returning read-only value.
07-29 08:43:48.629  5104  5104 D NetworkService[0]: onAirPlaneModeChange isAirPlaneModeOn:false
07-29 08:43:48.629  5104  5104 D NetworkService[1]: onAirPlaneModeChange isAirPlaneModeOn:false
07-29 08:43:48.629  5104  5104 D QuickChangeAirplaneModeEvent: airplane mode off
07-29 08:43:48.629  4930  5497 D ResidenceLocSm: onPreHandleMessage 49
07-29 08:43:48.629  4930  5497 D ResidenceLocSm: onPostHandleMessage 49
07-29 08:43:48.629  4838  4838 W Settings: Setting airplane_mode_on has moved from android.provider.Settings.System to android.provider.Settings.Global, returning read-only value.
07-29 08:43:48.629  4838  4838 D PhoneGlobals: ACTION_AIRPLANE_MODE_CHANGED received
07-29 08:43:48.629  4838  4838 D PhoneGlobals: Receive ACTION_AIRPLANE_MODE_CHANGED, state: false
07-29 08:43:48.629  3357  4431 D WifiController: Airplane mode disabled, determine next state
07-29 08:43:48.629  4838  4838 I PhoneGlobals: handleAirplaneModeChange: isAirplaneNewlyOn=false
07-29 08:43:48.629  4838  4838 D PhoneGlobals: handleAirplaneModeChange: isAirplaneNewlyOn = false, cellState = 2
07-29 08:43:48.629  4838  4838 I PhoneGlobals: Turning radio on - airplane
07-29 08:43:48.630  5104  5104 W Settings: Setting airplane_mode_on has moved from android.provider.Settings.System to android.provider.Settings.Global, returning read-only value.
07-29 08:43:48.630  3357  4431 D WifiActiveModeWarden: Starting primary ClientModeManager in scan only mode
07-29 08:43:48.630  4930  5513 D OplusLinkBoostMeeting: onAirplaneModeChange
07-29 08:43:48.630  4946  4946 W Settings: Setting airplane_mode_on has moved from android.provider.Settings.System to android.provider.Settings.Global, returning read-only value.
07-29 08:43:48.631  3357  4431 D WifiController: DisabledState.exit()
07-29 08:43:48.631  3357  4431 D WifiController: EnabledState.enter()
07-29 08:43:48.631  3357  4431 D WifiClientModeManager[59495:unknown]: entering IdleState
07-29 08:43:48.631  4930  5517 D NAS-CallIssueDetector: notifyApmChanged
07-29 08:43:48.633  4930  5587 D ElevatorEvent: enableElevatorDetect mIsElevSensorReg = false
07-29 08:43:48.633  4930  5587 V SystemSensorManagerExtImpl: RegisterListener elevator_detect  Wakeup type:33171036 delay:200000us by com.oplus.nas.comm.event.ElevatorEvent$a@410ab35 from com.oplus.nas
07-29 08:43:48.633  4780  4780 D RowAnimatorExtImpl: init:tx,view:StatusBarIconView(slot='volume' alpha=1.0 icon=StatusBarIcon(icon=Icon(typ=RESOURCE pkg=com.android.systemui id=0x7f0818f0) visible user=0 ) visibleState=ICON iconColor=#ccffffff staticDrawableColor=#ccffffff decorColor=#ffffffff animationStartColor=#0 currentSetColor=#ccffffff notification=null),translationX:  9.0  0.0  
07-29 08:43:48.633  4780  4780 D RowAnimatorExtImpl: init:tx,view:StatusBarIconView(slot='zen' alpha=1.0 icon=StatusBarIcon(icon=Icon(typ=RESOURCE pkg=com.android.systemui id=0x7f0818e1) visible user=0 ) visibleState=ICON iconColor=#ccffffff staticDrawableColor=#ccffffff decorColor=#ffffffff animationStartColor=#0 currentSetColor=#ccffffff notification=null),translationX:  57.0  48.0  
07-29 08:43:48.633  4780  4780 D RowAnimatorExtImpl: init:tx,view:StatusBarIconView(slot='volume' alpha=1.0 icon=StatusBarIcon(icon=Icon(typ=RESOURCE pkg=com.android.systemui id=0x7f0818f0) visible user=0 ) visibleState=ICON iconColor=#ccffffff staticDrawableColor=#ccffffff decorColor=#ffffffff animationStartColor=#0 currentSetColor=#ccffffff notification=null),translationX:  9.0  0.0  
07-29 08:43:48.633  4780  4780 D RowAnimatorExtImpl: init:tx,view:StatusBarIconView(slot='zen' alpha=1.0 icon=StatusBarIcon(icon=Icon(typ=RESOURCE pkg=com.android.systemui id=0x7f0818e1) visible user=0 ) visibleState=ICON iconColor=#ccffffff staticDrawableColor=#ccffffff decorColor=#ffffffff animationStartColor=#0 currentSetColor=#ccffffff notification=null),translationX:  57.0  48.0  
07-29 08:43:48.633  3357  5286 D SensorService: createSensorEventConnection packageName = com.oplus.nas.comm.event.ElevatorEvent, opPackageName = com.oplus.nas, mCurrentOperatingMode = 0, requestedMode = 0
07-29 08:43:48.633  4780  4780 D RowAnimatorExtImpl: init:tx,view:StatusBarIconView(slot='volume' alpha=1.0 icon=StatusBarIcon(icon=Icon(typ=RESOURCE pkg=com.android.systemui id=0x7f0818f0) visible user=0 ) visibleState=ICON iconColor=#ccffffff staticDrawableColor=#ccffffff decorColor=#ffffffff animationStartColor=#0 currentSetColor=#ccffffff notification=null),translationX:  9.0  0.0  
07-29 08:43:48.633  5024  5024 I QImsService: OplusWifiApmStateMgr : ACTION_AIRPLANE_MODE_CHANGED,mIsAirplaneModeOn: false
07-29 08:43:48.634  4780  4780 D RowAnimatorExtImpl: init:tx,view:StatusBarIconView(slot='zen' alpha=1.0 icon=StatusBarIcon(icon=Icon(typ=RESOURCE pkg=com.android.systemui id=0x7f0818e1) visible user=0 ) visibleState=ICON iconColor=#ccffffff staticDrawableColor=#ccffffff decorColor=#ffffffff animationStartColor=#0 currentSetColor=#ccffffff notification=null),translationX:  57.0  48.0  
07-29 08:43:48.634  5024  5024 I QImsService: OplusImsServiceSubImpl : onTurnOffImsAfterWifiChanged : false
07-29 08:43:48.634  5024  5024 I QImsService: OplusImsServiceSubImpl : onTurnOffImsAfterWifiChanged : false
07-29 08:43:48.634  3357  4372 D BluetoothSystemServer: AirplaneModeListener: Ignore mode change to same state. previousMode=false, isOn=false, isOnOverrode=false, isMediaConnected=false
07-29 08:43:48.634  4930  5517 D NAS-CallIssueDetector: EVENT_SIM_STATE_CHANGE mSimState[0] LOADED
07-29 08:43:48.634  4930  5517 D SceneEvent: registerSensorMgr start
07-29 08:43:48.634  4930  7387 I PCDR-common_no_service[0]: forbidden
07-29 08:43:48.634  4930  7387 I PCDR-common_no_45g[0]: forbidden
07-29 08:43:48.634  4930  7387 I PCDR-common_no_service[1]: forbidden
07-29 08:43:48.634  3357  4138 W SensorService: SensorEventConnection sensor handle=1362, package = com.oplus.nas.comm.event.ElevatorEvent enable
07-29 08:43:48.634  4930  7387 I PCDR-common_no_45g[1]: forbidden
07-29 08:43:48.634  3357  4138 E SensorService: Required app com.oplus.nas.comm.event.ElevatorEvent, uid 1000, pid 4930
07-29 08:43:48.634  1822  8827 W android.hardware.wifi-service: No active wlan interfaces in use! Using default
07-29 08:43:48.634  5104  5104 D RadioMessenger: handleMessage Request msgid 2215
07-29 08:43:48.634  4946  4946 I HidlServiceManagement: Trying to get transport of vendor.oplus.hardware.appradio@1.0::IOplusAppRadio/oplus_app_slot1 without hwservicemanager
07-29 08:43:48.634  4946  4946 E NhsAppRIL/0: in getOplusRadioProxy getService: Exception: java.util.NoSuchElementException
07-29 08:43:48.635  5104  5104 D RadioProxyJ: [PHONE0][96]> getNecData moduleId:1 evtId:[0, 16, 0, 0, 0, 0, 0, 0, 0, 0, 0, 0, 0, 0, 0, 0, 0, 0, 0, 0, 0, 0, 0, 0, 0, 0, 0, 0, 0, 0, 0, 0]
07-29 08:43:48.635  4780  5651 I SystemUi--QuickSettings: Tile.OplusAirplaneModeTile-->handleUpdateState state.state: 1 value: 0
07-29 08:43:48.635  4780  5651 V OplusCustomizeCacheManager: queryCache name: sys.cache.common_customize_cache18026 param: null
07-29 08:43:48.635  3357  4138 D SensorService: Calling batch handle==1362 flags=0rate=200000000 timeout== 0
07-29 08:43:48.635  3357  4138 D SensorService: SensorDevice::batch: ident=0xb400007464436240, handle=0x00000552, flags=0, period_ns=200000000 timeout=0
07-29 08:43:48.635  3357  4138 D SensorService: 	>>> actuating h/w BATCH 0x00000552 200000000 0
07-29 08:43:48.635  1782  1782 I sensors-hal: batch:153, qti.sensor.elevator_detect/1362, period=200000000, max_latency=0
07-29 08:43:48.635  1782  1782 I sensors-hal: batch:175, qti.sensor.elevator_detect/1362, period=200000000, max_latency=0 request completed
07-29 08:43:48.635  3357  4138 D SensorService: Calling activate on 1362
07-29 08:43:48.636  3357  4138 D SensorService: SensorDevice::activate: ident=0xb400007464436240, handle=0x00000552, enabled=1, count=1
07-29 08:43:48.636  3357  4138 D SensorService: enable index=0
07-29 08:43:48.636  3357  4138 D SensorService: info.numActiveClients() = 1, info.isActive = 0
07-29 08:43:48.636  3357  4138 D SensorService: activateHardware = 1
07-29 08:43:48.636  3357  4138 D SensorService: 	>>> actuating h/w activate handle=1362 enabled=1
07-29 08:43:48.636  1782  1782 I sensors-hal: activate:112, qti.sensor.elevator_detect/1362 en=1
07-29 08:43:48.636  1782  1782 I sensors-hal: acquire_qsh_interface:131, acquire_qsh_interface with sensor_id 28 , conn_type 2 
07-29 08:43:48.637  3357  4431 D OplusWifiConcurrentManager: isConcurrentCombinationAllowed : createMode= 0, requestType =-1
07-29 08:43:48.637  4946  4946 D NhsElevatorReceiver: enableElevatorDetect mIsElevSensorReg = false
07-29 08:43:48.637  4946  4946 V SystemSensorManagerExtImpl: RegisterListener elevator_detect  Wakeup type:33171036 delay:200000us by t0.g$b@918922f from com.oplus.nhs
07-29 08:43:48.637  3357  4431 I HalDevMgr: currentModeId=3, requestModeId=3, currentModeIdValid=true
07-29 08:43:48.637  3357  5188 D SensorService: createSensorEventConnection packageName = t0.g, opPackageName = com.oplus.nhs, mCurrentOperatingMode = 0, requestedMode = 0
07-29 08:43:48.638  1822  8827 D WifiHAL : wifi_set_interface_mode: ifname=wlan0 iface_type=0
07-29 08:43:48.639  1822  8827 I android.hardware.wifi-service: Adding interface handle for wlan0
07-29 08:43:48.639  1822  8827 I android.hardware.wifi-service: Adding interface handle for p2p0
07-29 08:43:48.639  1822  8827 I android.hardware.wifi-service: Adding interface handle for wifi-aware0
07-29 08:43:48.639  3414  3424 D QmiVsClient: getNecData - enter
07-29 08:43:48.639  3414  3424 E QmiVsClient: sendAsyncRequest QMI_VS_GET_NEC_DATA_REQ_MSG_V01 ret 0
07-29 08:43:48.640  3357  4431 D HalDevMgr: updateRttController: no one is interested in RTT controllers
07-29 08:43:48.640  3357  4431 E HalDevMgr: removeP2pAndSapCombination do nothing: mIsAddedP2pAndSapCombination = false
07-29 08:43:48.640  1759  1800 E minksocket: MinkIPC ERROR: ( 1759:1800 ) MinkIPC_preProcess:272 Client down, but cannot find corresponding minksession
07-29 08:43:48.640  1759  1806 E minksocket: MinkIPC ERROR: ( 1759:1806 ) MinkIPC_preProcess:272 Client down, but cannot find corresponding minksession
07-29 08:43:48.640  1822  8827 W android.hardware.wifi-service: AIBinder_linkToDeath is being called with a non-null cookie and no onUnlink callback set. This might not be intended. AIBinder_DeathRecipient_setOnUnlinked should be called first.
07-29 08:43:48.640  1822  8827 I android.hardware.wifi-service: twtRegisterEvents is not supported-3
07-29 08:43:48.640  4780  5038 I SystemUi--QuickSettings: Tile.OplusCellularTile-->updateCarrierText: dialog not showing, ignore
07-29 08:43:48.641  1759  1806 E minksocket: MinkIPC ERROR: ( 1759:1806 ) MinkIPC_preProcess:272 Client down, but cannot find corresponding minksession
07-29 08:43:48.641  4780  5038 D SimStateHelper: slot:0, lock state:Bundle[mParcelledData.dataSize=56]
07-29 08:43:48.641  1759  1800 E minksocket: MinkIPC ERROR: ( 1759:1800 ) MinkIPC_preProcess:272 Client down, but cannot find corresponding minksession
07-29 08:43:48.641  1822  8827 W android.hardware.wifi-service: AIBinder_linkToDeath is being called with a non-null cookie and no onUnlink callback set. This might not be intended. AIBinder_DeathRecipient_setOnUnlinked should be called first.
07-29 08:43:48.641  4780  5038 D SimStateHelper: slot:1, lock state:Bundle[mParcelledData.dataSize=56]
07-29 08:43:48.641  4780  5038 D SimStateHelper: needDisableMenu: slot1State=-1; slot2State=-1
07-29 08:43:48.641  4780  5038 D SimStateHelper: needDisableMenu:false
07-29 08:43:48.641  1822  8827 D WifiHAL : wifi_get_chip_capabilities: max mlo assoc link cnt: 2 str link cnt 2
07-29 08:43:48.642  3357  4431 D WifiNl80211Manager: Setting up interface for client mode: wlan0
07-29 08:43:48.642  1759  1800 E minksocket: MinkIPC ERROR: ( 1759:1800 ) MinkIPC_preProcess:272 Client down, but cannot find corresponding minksession
07-29 08:43:48.642  1759  1806 E minksocket: MinkIPC ERROR: ( 1759:1806 ) MinkIPC_preProcess:272 Client down, but cannot find corresponding minksession
07-29 08:43:48.642  1782  1782 I sensors-hal: qsh_qmi:34, qsh_qmi
07-29 08:43:48.642  1782  1782 I sensors-hal: send_sync_sensor_request:443, send sync request
07-29 08:43:48.642  1782  1782 I sensors-hal: send_sync_sensor_request:472, wait for notification of response
07-29 08:43:48.642  1759  1806 E minksocket: MinkIPC ERROR: ( 1759:1806 ) MinkIPC_preProcess:272 Client down, but cannot find corresponding minksession
07-29 08:43:48.642  2720  2720 I wificond: Current driver country code US
07-29 08:43:48.642  1759  1800 E minksocket: MinkIPC ERROR: ( 1759:1800 ) MinkIPC_preProcess:272 Client down, but cannot find corresponding minksession
07-29 08:43:48.643  3357  5284 D WifiNl80211Manager: OnRegDomainChanged US
07-29 08:43:48.643  2720  2720 I wificond: createClientInterface: wiphy_index 0 iface_name wlan0
07-29 08:43:48.643  3357  5284 D WifiNative: onCountryCodeChanged: US
07-29 08:43:48.643  3357  5284 I WifiCountryCode: Receive onDriverCountryCodeChanged US
07-29 08:43:48.643  3357  5284 D WifiScanRequestProxy: Sending scan available broadcast: true
07-29 08:43:48.643  3357  4435 I WifiScanningService: Received a request to enable scanning, UID = 1000
07-29 08:43:48.643  1782 13127 I sensors-hal: qsh_conn_resp_cb:793, resp_value = 0 for elevator_detect 
07-29 08:43:48.643  2720  2720 I wificond: create scanner for interface with index: 27
07-29 08:43:48.643  1782  1782 I sensors-hal: send_sync_sensor_request:478, takes 0 ms to receive the response with 0
07-29 08:43:48.643  1782  1782 I sensors-hal: activate:131, qti.sensor.elevator_detect/1362 en=1 completed
07-29 08:43:48.643  3357  5284 I WifiScanRequestProxy: Scanning is enabled
07-29 08:43:48.643  3357  5284 I WifiScanRequestProxy: Scanning for hidden networks is disabled
07-29 08:43:48.643  2720  2720 I wificond: subscribe scan result for interface with index: 27
07-29 08:43:48.643  3357  4138 D SensorService: 0xb400007464436240 addFd fd=992
07-29 08:43:48.643  3357  3357 D OplusWifiBroadCastDispatcher: mBroadcastReceiver: onReceiver  action=android.net.wifi.action.WIFI_SCAN_AVAILABILITY_CHANGED
07-29 08:43:48.643  3357  4554 D OplusWifiPower_ConnLpmEventObsever: onReceive EXTRA_SCAN_AVAILABLE availabe = true
07-29 08:43:48.643  3357  4554 D OplusWifiPowerService: onReceive action:android.net.wifi.action.WIFI_SCAN_AVAILABILITY_CHANGED
07-29 08:43:48.644  4930  5587 D ElevatorEvent: elevator:registerForElevatorDetect  , true mIsElevSensorReg = true
07-29 08:43:48.644  4930  5587 D SceneEvent: registerSensorMgr start
07-29 08:43:48.644  3357  4554 D OplusWifiSwitchStateMonitor: scan settings change to true
07-29 08:43:48.644  4930  5587 D SceneEvent: registerSensorMgr already start,return
07-29 08:43:48.644  6887  6887 I OsAgent : onReceive: android.net.wifi.action.WIFI_SCAN_AVAILABILITY_CHANGED
07-29 08:43:48.644  3414  3854 D QmiVsClient: getNecData callback - enter
07-29 08:43:48.644  6887  8282 I OsAgent : updateWiFiScanAvailState, scanAvailable: true
07-29 08:43:48.644  6887  8282 D OsAgentAidlClient: [bool_dataitem_update][1570] [HC] =>> [HS]
07-29 08:43:48.644  2720  2720 I wificond: add channel type 0 support at wiphy index: 0
07-29 08:43:48.644  2720  2720 I wificond: add channel type 1 support at wiphy index: 0
07-29 08:43:48.644  3414  3424 D VsProxy : handleMessage msg is 4001
07-29 08:43:48.644  3414  3424 D RadioProxy: getNecData : response cb for instance 0
07-29 08:43:48.645  5104  6335 D RadioProxyJ: [PHONE0][96]< getNecDataResponse ******
07-29 08:43:48.645  5104  5104 D MessengerResponseHandler: handleMessage Response msgid 206
07-29 08:43:48.645  1776  1847 I LocSvc_SystemStatusOsObserver: sendCachedDataItems:471] DataItem: IS_WIFI_HARDWARE_ON: true >> Wiper
07-29 08:43:48.646  1776  1884 I LocSvc_api_v02: ---> locClientSendReq line 2409 QMI_LOC_NOTIFY_WIFI_ENABLED_STATUS_REQ_V02
07-29 08:43:48.645  3357  5284 W SensorService: SensorEventConnection sensor handle=1362, package = t0.g enable
07-29 08:43:48.646  3357  5284 E SensorService: Required app t0.g, uid 1001, pid 4946
07-29 08:43:48.646  1776  3905 I LocSvc_ApiV02: <--- globalRespCb line 282 QMI_LOC_NOTIFY_WIFI_ENABLED_STATUS_REQ_V02
07-29 08:43:48.646  3357  4431 I WifiNative: Interface state changed on Iface:{Name=wlan0,Id=1,Type=STA_SCAN}, isUp=true
07-29 08:43:48.646  3357  7141 W BestClock: java.time.DateTimeException: Missing network time fix
07-29 08:43:48.646  3357  5284 D SensorService: Calling batch handle==1362 flags=0rate=200000000 timeout== 0
07-29 08:43:48.646  1822  8827 I WifiHAL : mpdu_size_threshold : 128, aggressive_statistics_gathering : 0
07-29 08:43:48.646  3357  4431 I WifiNative: Successfully setup Iface:{Name=wlan0,Id=1,Type=STA_SCAN}
07-29 08:43:48.647  3357  4431 E SupplicantStaIfaceHalAidlImpl: Can't call getKeyMgmtCapabilities, ISupplicantStaIface is null for iface=wlan0
07-29 08:43:48.647  3357  5284 D SensorService: SensorDevice::batch: ident=0xb400007306a36940, handle=0x00000552, flags=0, period_ns=200000000 timeout=0
07-29 08:43:48.647  3357  5284 D SensorService: Calling activate on 1362
07-29 08:43:48.647  3357  5284 D SensorService: SensorDevice::activate: ident=0xb400007306a36940, handle=0x00000552, enabled=1, count=2
07-29 08:43:48.647  3357  5284 D SensorService: enable index=0
07-29 08:43:48.647  3357  5284 D SensorService: info.numActiveClients() = 2, info.isActive = 1
07-29 08:43:48.647  3357  5284 D SensorService: activateHardware = 0
07-29 08:43:48.647  3357  5284 D SensorService: 0xb400007306a36940 addFd fd=993
07-29 08:43:48.647  4946  4946 D NhsElevatorReceiver: elevator:registerForElevatorDetect  , true mIsElevSensorReg = true
07-29 08:43:48.647  4946  4946 D NhsSceneReceiver: registerSensorMgr start
07-29 08:43:48.647  4946  4946 V SystemSensorManagerExtImpl: RegisterListener oplus_activity_recognition  Wakeup type:33171037 delay:200000us by t0.k$a@b5ac03c from com.oplus.nhs
07-29 08:43:48.647  3357  5284 D SensorService: createSensorEventConnection packageName = t0.k, opPackageName = com.oplus.nhs, mCurrentOperatingMode = 0, requestedMode = 0
07-29 08:43:48.647  3357  4138 W SensorService: SensorEventConnection sensor handle=1372, package = t0.k enable
07-29 08:43:48.647  3357  4138 E SensorService: Required app t0.k, uid 1001, pid 4946
07-29 08:43:48.647  3357  4138 D SensorService: enable sensor send lastEvent 1372
07-29 08:43:48.648  1661  1749 E TetherController: property_get sys.radio.data.modem_share_flag return 0, 1!
07-29 08:43:48.648  3357  4138 D SensorService: Calling batch handle==1372 flags=0rate=200000000 timeout== 0
07-29 08:43:48.648  3357  4138 D SensorService: SensorDevice::batch: ident=0xb400007560ee7c40, handle=0x0000055c, flags=0, period_ns=200000000 timeout=0
07-29 08:43:48.648  3357  4138 D SensorService: Calling activate on 1372
07-29 08:43:48.648  3357  4138 D SensorService: SensorDevice::activate: ident=0xb400007560ee7c40, handle=0x0000055c, enabled=1, count=4
07-29 08:43:48.648  3357  4138 D SensorService: enable index=3
07-29 08:43:48.648  3357  4138 D SensorService: info.numActiveClients() = 4, info.isActive = 1
07-29 08:43:48.648  3357  4138 D SensorService: activateHardware = 0
07-29 08:43:48.648  3357  4138 D SensorService: 0xb400007560ee7c40 addFd fd=997
07-29 08:43:48.648  4946  4946 D NhsSceneReceiver: sensor name is oplus_activity_recognition  Wakeup, registerState:true
07-29 08:43:48.648  4946  4946 D NhsSceneReceiver: onAccuracyChanged
07-29 08:43:48.648  4946  4946 E NhsAppRILMsger: EVENT_REQ_EVENT_DONE Error received :com.android.internal.telephony.CommandException: RADIO_NOT_AVAILABLE
07-29 08:43:48.648  4946  5344 D NhsSceneReceiver: onSensorChanged: name = oplus_activity_recognition  Wakeup
07-29 08:43:48.648  4946  5344 D NhsSceneReceiver: enter still_state
07-29 08:43:48.649  1822  1822 I WifiHAL : wifi_get_supported_radio_combinations_matrix: enter
07-29 08:43:48.649  1822  1822 I WifiHAL : wifi_parse_radio_combinations_matrix: radio_combinations[1]: num_radio_configurations 1
07-29 08:43:48.649  1822  1822 I WifiHAL : wifi_parse_radio_combinations_matrix: radio_combinations[2]: num_radio_configurations 1
07-29 08:43:48.649  1822  1822 I WifiHAL : wifi_parse_radio_combinations_matrix: radio_combinations[3]: num_radio_configurations 1
07-29 08:43:48.649  1822  1822 I WifiHAL : wifi_parse_radio_combinations_matrix: radio_combinations[4]: num_radio_configurations 2
07-29 08:43:48.649  1822  1822 I WifiHAL : wifi_parse_radio_combinations_matrix: radio_combinations[5]: num_radio_configurations 2
07-29 08:43:48.649  1822  1822 I WifiHAL : wifi_parse_radio_combinations_matrix: radio_combinations[6]: num_radio_configurations 2
07-29 08:43:48.649  1822  1822 I WifiHAL : wifi_parse_radio_combinations_matrix: num_radio_combinations 6, radio_matrix_size 100
07-29 08:43:48.649  3357  4431 E SupplicantStaIfaceHalAidlImpl: Can't call getWpaDriverCapabilities, ISupplicantStaIface is null for iface=wlan0
07-29 08:43:48.649  3357  7141 W BestClock: java.time.DateTimeException: Missing network time fix
07-29 08:43:48.649  3357  4431 E WifiStaIfaceAidlImpl: getTwtCapabilities failed with service-specific exception: android.os.ServiceSpecificException:  (code 4)
07-29 08:43:48.650  3357  4431 E WifiChipAidlImpl: enableStaChannelForPeerNetwork failed with service-specific exception: android.os.ServiceSpecificException:  (code 4)
07-29 08:43:48.650  3357  4431 D WifiNative: setWifiNativeInterfaceEventCallback
07-29 08:43:48.650  3357  4431 D WifiClientModeManager[59495:wlan0]: entering StartedState
07-29 08:43:48.650  3357  7141 W BestClock: java.time.DateTimeException: Missing network time fix
07-29 08:43:48.650  3357  4431 D WifiClientModeManager[59495:wlan0]: entering ScanOnlyModeState
07-29 08:43:48.650  3357  4431 D WifiScanRequestProxy: Sending scan available broadcast: true
07-29 08:43:48.650  1822  1822 E WifiHAL : wifi_get_gscan_capabilities: GSCAN is not supported by driver
07-29 08:43:48.650  3357  4431 I WifiScanRequestProxy: Scanning is enabled
07-29 08:43:48.650  3357  4431 I WifiScanRequestProxy: Scanning for hidden networks is disabled
07-29 08:43:48.651  3357  4435 E WifiStaIfaceAidlImpl: getBackgroundScanCapabilities failed with service-specific exception: android.os.ServiceSpecificException:  (code 4)
07-29 08:43:48.651  6887  6887 I OsAgent : onReceive: android.net.wifi.action.WIFI_SCAN_AVAILABILITY_CHANGED
07-29 08:43:48.651  6887  8282 I OsAgent : updateWiFiScanAvailState, scanAvailable: true
07-29 08:43:48.651  1822  1822 D WifiHAL : wifi_multi_sta_set_use_case: 0
07-29 08:43:48.651  3357  4431 D WifiCountryCode: evaluateAllCmmStateAndApplyIfAllReady: {ConcreteClientModeManager{id=59495 iface=wlan0 role=ROLE_CLIENT_SCAN_ONLY}=true}
07-29 08:43:48.651  3357  3357 D OplusWifiBroadCastDispatcher: mBroadcastReceiver: onReceiver  action=android.net.wifi.action.WIFI_SCAN_AVAILABILITY_CHANGED
07-29 08:43:48.651  3357  4431 D WifiCountryCode: Reading country code from telephony
07-29 08:43:48.651  3357  4431 D WifiCountryCode: Set telephony country code to: 
07-29 08:43:48.651  3357  4431 D WifiCountryCode: updateCountryCode to US
07-29 08:43:48.652  3357  4554 D OplusWifiPower_ConnLpmEventObsever: onReceive EXTRA_SCAN_AVAILABLE availabe = true
07-29 08:43:48.652  3357  4554 D OplusWifiPowerService: onReceive action:android.net.wifi.action.WIFI_SCAN_AVAILABILITY_CHANGED
07-29 08:43:48.652  3357  4554 D OplusWifiSwitchStateMonitor: scan settings change to true
07-29 08:43:48.652  1782  7099 I sensors-hal: qsh_conn_event_cb:756, event[0] msg_id=1025, ts=1224663482, sensor_type = oplus_activity_recognition  Wakeup
07-29 08:43:48.652  3357  4431 D WifiCountryCode: setCountryCodeNative: US, isClientModeOnly: true mDriverCountryCode: US
07-29 08:43:48.652  1782  7099 E sensors-hal: handle_sns_std_sensor_event:72, oplus_activity_recognition output: count: 1.000000, index: 1.000000, incar_state: 0.000000, actvity_mode: 3.000000, delta_time: 0.000000 !
07-29 08:43:48.652  4930  5513 W BestClock: java.time.DateTimeException: Missing network time fix
07-29 08:43:48.652  4930  5513 V MonthTrafficAlert: getWarningNotification subId:1 numWarningNotificaion:0
07-29 08:43:48.653  4946  5344 D NhsSceneReceiver: onSensorChanged: name = oplus_activity_recognition  Wakeup
07-29 08:43:48.653  4930  5388 D SceneEvent: onSensorChanged: name = oplus_activity_recognition  Wakeup
07-29 08:43:48.653  3357  4435 I WifiScanningService: Created a new impl for wlan0
07-29 08:43:48.653  3357  4435 I WifiScanningService: Received a request to enable scanning, UID = 1000
07-29 08:43:48.653  3357  4435 I WifiScanningService: scanner impls already exists
07-29 08:43:48.654  3357  4435 I WifiScanningService: wifi driver loaded with scan capabilities: max buckets=16
07-29 08:43:48.654  3357  4435 E WifiScanningService: wifi driver loaded received while already loaded
07-29 08:43:48.654  3357  4138 W BestClock: java.time.DateTimeException: Missing network time fix
07-29 08:43:48.654  1950  1950 D SensorFeature: name=ssc_screenshot_info ,index = 22
07-29 08:43:48.654  1950  1950 D SensorFeature: write 29 bytes:59510927372,59519260705,164,0
07-29 08:43:48.655  4780  5651 V OplusCustomizeCacheManager: queryCache name: sys.cache.common_customize_cache18014 param: null
07-29 08:43:48.655  4780  5651 V OplusCustomizeCacheManager: queryCache name: sys.cache.common_customize_cache18017 param: Bundle[{SETTING=BLOCK, BUSINESS=NCT-DATA}]
07-29 08:43:48.655  4780  5651 V OplusCustomizeCacheManager: queryCache name: sys.cache.common_customize_cache18013 param: null
07-29 08:43:48.656  1873  4378 I Dpps    : LtmSwState::SetParameter():144 ignore cmd 7 in state LtmOffState
07-29 08:43:48.658  5053  6187 D IWlanJni: getDataRegistrationState start
07-29 08:43:48.659  5053  6187 D IWlanJni: getDataRegistrationState start
07-29 08:43:48.659  3357  7141 W BestClock: java.time.DateTimeException: Missing network time fix
07-29 08:43:48.659  5053  6199 D IWlanJni: new aidl event arrived
07-29 08:43:48.659  5053  6199 D IWlanJni: handleEvent 10
07-29 08:43:48.659  5053  6199 D IWlanJni: isThreadAttached start
07-29 08:43:48.659  5053  6199 D IWlanJni: jni detached
07-29 08:43:48.660  4838  4838 D OplusTelephonyController: onSignalStrengthChanged: SignalStrength=SignalStrength:{mCdma=CellSignalStrengthCdma: cdmaDbm=2147483647 cdmaEcio=2147483647 evdoDbm=2147483647 evdoEcio=2147483647 evdoSnr=2147483647 level=0,mGsm=CellSignalStrengthGsm: rssi=2147483647 ber=2147483647 mTa=2147483647 mLevel=0,mWcdma=CellSignalStrengthWcdma: ss=2147483647 ber=2147483647 rscp=2147483647 ecno=2147483647 level=0,mTdscdma=CellSignalStrengthTdscdma: rssi=2147483647 ber=2147483647 rscp=2147483647 level=0,mLte=CellSignalStrengthLte: rssi=2147483647 rsrp=2147483647 rsrq=2147483647 rssnr=2147483647 cqiTableIndex=2147483647 cqi=2147483647 ta=2147483647 level=0 parametersUseForLevel=0,mNr=CellSignalStrengthNr:{ csiRsrp = 2147483647 csiRsrq = 2147483647 csiCqiTableIndex = 2147483647 csiCqiReport = [] ssRsrp = 2147483647 ssRsrq = 2147483647 ssSinr = 2147483647 level = 0 parametersUseForLevel = 0 timingAdvance = 2147483647 },primary=CellSignalStrengthLte}
07-29 08:43:48.660  5104  5104 D SubsysEventListenerManager-SubsysTelephonyCallback[0]: onSignalStrengthsChanged
07-29 08:43:48.660  5053  6203 D IWlanJni: new aidl event arrived
07-29 08:43:48.660  5053  6203 D IWlanJni: handleEvent 10
07-29 08:43:48.660  5053  6203 D IWlanJni: isThreadAttached start
07-29 08:43:48.660  5053  6203 D IWlanJni: jni detached
07-29 08:43:48.661  3357  4138 I OplusBinderProxy: pb uid: 10215 pid: 10927 desc: com.android.internal.telephony.IPhoneStateListener/10
07-29 08:43:48.661  5053  6203 D IWlanJni: jni attached
07-29 08:43:48.661  5053  6203 D IWlanJni: getDataRegistrationStateResponse start
07-29 08:43:48.661  5053  6203 D IWlanJni: getJavaCallbackClass start
07-29 08:43:48.661  5053  6203 D IWlanJni: getJavaCallbackClass End midIs[1]
07-29 08:43:48.661  5053  6203 I IWlanAidlClient: getDataRegistrationStateResponse called
07-29 08:43:48.661  5053  6199 D IWlanJni: jni attached
07-29 08:43:48.661  5053  6199 D IWlanJni: getDataRegistrationStateResponse start
07-29 08:43:48.661  5053  6199 D IWlanJni: getJavaCallbackClass start
07-29 08:43:48.661  5053  6199 D IWlanJni: getJavaCallbackClass End midIs[1]
07-29 08:43:48.661  5053  6199 I IWlanAidlClient: getDataRegistrationStateResponse called
07-29 08:43:48.661  5053  6202 W IWlanNetworkService: 7 > Response Processed
07-29 08:43:48.662  5053  6198 W IWlanNetworkService: 6 > Response Processed
07-29 08:43:48.663  3357  7141 W BestClock: java.time.DateTimeException: Missing network time fix
07-29 08:43:48.664  1776  3661 E LOCRIL_SESSION: operator():200] SubId: 1 Failed to get sim IO with error: 11
07-29 08:43:48.664  1776  3661 E LOCRIL_SESSION: operator():241] SubId: 1 Failed to get sim IMSI with error: 11
07-29 08:43:48.665  5104  6335 D VendorTelephonyService: onTelephonyEventReport slotId =0 eventId=6030
07-29 08:43:48.665  5104  6335 D VendorTelephonyService: onTelephonyEventReport slotId =0 eventId=6030
07-29 08:43:48.665  5104  5104 D VendorCallService: notityEventUpdate, eventId:6030, slotId = 0
07-29 08:43:48.665  4930  6340 D SaDataService: onTelephonyEventReport , subId= 0,slotId=-1 eventId=6030
07-29 08:43:48.665  4780  5651 V OplusCustomizeCacheManager: queryCache name: sys.cache.common_customize_cache18014 param: null
07-29 08:43:48.665  4780  5651 V OplusCustomizeCacheManager: queryCache name: sys.cache.common_customize_cache18017 param: Bundle[{SETTING=BLOCK, BUSINESS=NCT-DATA}]
07-29 08:43:48.665  4780  5651 V OplusCustomizeCacheManager: queryCache name: sys.cache.common_customize_cache18013 param: null
07-29 08:43:48.665  4930  6340 D TelephonyImpl: notify eventId:6030 for list size:2
07-29 08:43:48.667  2720  2720 I wificond: Regulatory domain changed to country: US on wiphy_index: 0
07-29 08:43:48.667  2720  2720 I wificond: UpdateBandInfo
07-29 08:43:48.667  3357  7141 D WifiNl80211Manager: OnRegDomainChanged US
07-29 08:43:48.667  3357  7141 D WifiNative: onCountryCodeChanged: US
07-29 08:43:48.667  3357  7141 I WifiCountryCode: Receive onDriverCountryCodeChanged US
07-29 08:43:48.667  3357  7141 D WifiScanRequestProxy: Sending scan available broadcast: true
07-29 08:43:48.667  5053  6187 D IWlanJni: getDataRegistrationState start
07-29 08:43:48.668  6314  6314 I wpa_supplicant: p2p0: CTRL-EVENT-REGDOM-CHANGE init=DRIVER type=COUNTRY alpha2=US
07-29 08:43:48.668  3357  4435 I WifiScanningService: Received a request to enable scanning, UID = 1000
07-29 08:43:48.668  3357  4435 I WifiScanningService: scanner impls already exists
07-29 08:43:48.668  3357  4435 E WifiScanningService: wifi driver loaded received while already loaded
07-29 08:43:48.668  5053  6203 D IWlanJni: new aidl event arrived
07-29 08:43:48.668  5053  6203 D IWlanJni: handleEvent 10
07-29 08:43:48.668  5053  6203 D IWlanJni: isThreadAttached start
07-29 08:43:48.668  5053  6203 D IWlanJni: jni detached
07-29 08:43:48.668  3357  7141 I WifiScanRequestProxy: Scanning is enabled
07-29 08:43:48.668  3357  7141 I WifiScanRequestProxy: Scanning for hidden networks is disabled
07-29 08:43:48.668  5053  6203 D IWlanJni: jni attached
07-29 08:43:48.668  5053  6203 D IWlanJni: getDataRegistrationStateResponse start
07-29 08:43:48.668  5053  6203 D IWlanJni: getJavaCallbackClass start
07-29 08:43:48.668  5053  6203 D IWlanJni: getJavaCallbackClass End midIs[1]
07-29 08:43:48.668  5053  6203 I IWlanAidlClient: getDataRegistrationStateResponse called
07-29 08:43:48.668  5053  6187 D IWlanJni: getDataRegistrationState start
07-29 08:43:48.668  2720  2720 I wificond: 2.4Ghz frequencies: 2412 2417 2422 2427 2432 2437 2442 2447 2452 2457 2462
07-29 08:43:48.668  2720  2720 I wificond: 5Ghz non-DFS frequencies: 5180 5200 5220 5240 5745 5765 5785 5805 5825
07-29 08:43:48.668  2720  2720 I wificond: 5Ghz DFS frequencies: 5260 5280 5300 5320 5500 5520 5540 5560 5580 5600 5620 5640 5660 5680 5700
07-29 08:43:48.668  2720  2720 I wificond: 6Ghz frequencies:
07-29 08:43:48.668  2720  2720 I wificond: 60Ghz frequencies:
07-29 08:43:48.669  3357  3357 D OplusWifiBroadCastDispatcher: mBroadcastReceiver: onReceiver  action=android.net.wifi.action.WIFI_SCAN_AVAILABILITY_CHANGED
07-29 08:43:48.669  1776  3659 W LOCRIL_SESSION: operator():307] cellInfo list size is 0, Voice state: 3, data state: 3
07-29 08:43:48.669  6887  6887 I OsAgent : onReceive: android.net.wifi.action.WIFI_SCAN_AVAILABILITY_CHANGED
07-29 08:43:48.669  5053  6202 W IWlanNetworkService: 8 > Response Processed
07-29 08:43:48.669  6887  8282 I OsAgent : updateWiFiScanAvailState, scanAvailable: true
07-29 08:43:48.669  5053  6199 D IWlanJni: new aidl event arrived
07-29 08:43:48.669  5053  6199 D IWlanJni: handleEvent 10
07-29 08:43:48.669  5053  6199 D IWlanJni: isThreadAttached start
07-29 08:43:48.669  5053  6199 D IWlanJni: jni detached
07-29 08:43:48.669  5053  6199 D IWlanJni: jni attached
07-29 08:43:48.669  1776  3661 E LOCRIL_SESSION: operator():200] SubId: 1 Failed to get sim IO with error: 11
07-29 08:43:48.669  4930  6340 D SaDataService: onTelephonyEventReport , subId= 0,slotId=-1 eventId=6030
07-29 08:43:48.669  4930  6340 D TelephonyImpl: notify eventId:6030 for list size:2
07-29 08:43:48.669  3357  4554 D OplusWifiPower_ConnLpmEventObsever: onReceive EXTRA_SCAN_AVAILABLE availabe = true
07-29 08:43:48.669  5053  6199 D IWlanJni: getDataRegistrationStateResponse start
07-29 08:43:48.669  5053  6199 D IWlanJni: getJavaCallbackClass start
07-29 08:43:48.669  5053  6199 D IWlanJni: getJavaCallbackClass End midIs[1]
07-29 08:43:48.669  5104  6335 D VendorTelephonyService: onTelephonyEventReport slotId =0 eventId=6030
07-29 08:43:48.669  5053  6199 I IWlanAidlClient: getDataRegistrationStateResponse called
07-29 08:43:48.669  5053  6198 W IWlanNetworkService: 9 > Response Processed
07-29 08:43:48.669  5104  6335 D VendorTelephonyService: onTelephonyEventReport slotId =0 eventId=6030
07-29 08:43:48.670  3357  4554 D OplusWifiPowerService: onReceive action:android.net.wifi.action.WIFI_SCAN_AVAILABILITY_CHANGED
07-29 08:43:48.670  5104  5104 D VendorCallService: notityEventUpdate, eventId:6030, slotId = 0
07-29 08:43:48.670  3357  4554 D OplusWifiSwitchStateMonitor: scan settings change to true
07-29 08:43:48.671  4915  4948 D QtiOemHookAidl: oemHookRawIndication length=24
07-29 08:43:48.672  5024  7668 I QImsService: ImsRadioIndicationAidl : onRadioStateChanged()[SUB0]
07-29 08:43:48.672  5024  7668 I QImsService: ImsSenderRxr : [UNSL]< UNSOL_RADIO_STATE_CHANGED RADIO_ON[SUB0]
07-29 08:43:48.672  1959  2013 D BatteryChargeControl: bcc get no support from charging protocol
07-29 08:43:48.672  1776  3661 E LOCRIL_SESSION: operator():241] SubId: 1 Failed to get sim IMSI with error: 11
07-29 08:43:48.672  4915  5736 D QtiOemHookAidl: oemHookRawIndication length=24
07-29 08:43:48.672  4915  4915 D QcrilMsgTunnelIfaceManager: handleMessage what = 0
07-29 08:43:48.672  5024  6955 I QImsService: ImsRadioIndicationAidl : onRadioStateChanged()[SUB1]
07-29 08:43:48.672  5024  6955 I QImsService: ImsSenderRxr : [UNSL]< UNSOL_RADIO_STATE_CHANGED RADIO_ON[SUB1]
07-29 08:43:48.673  4915  4915 D QcrilMsgTunnelIfaceManager: handleMessage what = 0
07-29 08:43:48.673  1956  1956 E PowerMonitorService: Failed to open /proc/horae_qmi (2): No such file or directory
07-29 08:43:48.673  5104  5104 D SubsysEventListenerManager-SubsysTelephonyCallback[0]: onRadioPowerStateChanged state:1
07-29 08:43:48.674  4915  4915 D DeviceInfoAidlClient: onRadioPowerStateChanged
07-29 08:43:48.674  4915  4915 D DeviceInfoAidlClient: mRadioStateHdlr handleMessage()1
07-29 08:43:48.674  4915  4915 D DeviceInfoAidlClient: isRadioOn()=true
07-29 08:43:48.674  4915  4915 I DeviceInfoAidlClient: sendFeaturesSupported: power info support-true interactive state support-true
07-29 08:43:48.675  4915  4915 D QC_RIL_OEM_HOOK: Received Broadcast Intent ACTION_UNSOL_RESPONSE_OEM_HOOK_RAW
07-29 08:43:48.675  4915  4915 D QC_RIL_OEM_HOOK: Received Broadcast Intent ACTION_UNSOL_RESPONSE_OEM_HOOK_RAW
07-29 08:43:48.675  3357  5284 W BestClock: java.time.DateTimeException: Missing network time fix
07-29 08:43:48.676  3357  4138 W BestClock: java.time.DateTimeException: Missing network time fix
07-29 08:43:48.677  4780  5651 V OplusCustomizeCacheManager: queryCache name: sys.cache.common_customize_cache18014 param: null
07-29 08:43:48.677  4780  5651 V OplusCustomizeCacheManager: queryCache name: sys.cache.common_customize_cache18017 param: Bundle[{SETTING=BLOCK, BUSINESS=NCT-DATA}]
07-29 08:43:48.677  4780  5651 V OplusCustomizeCacheManager: queryCache name: sys.cache.common_customize_cache18013 param: null
07-29 08:43:48.677  4915  4915 D DeviceStatisticsService: onReceive: action= org.codeaurora.intent.action.RADIO_POWER_STATE
07-29 08:43:48.677  4915  4915 I DeviceStatisticsService: Receiving radio_power_state_changed, mIsDeviceInfoInitialized = true
07-29 08:43:48.677  1776  3659 W LOCRIL_SESSION: operator():307] cellInfo list size is 0, Voice state: 3, data state: 3
07-29 08:43:48.677  4915  4915 I DeviceStatisticsService: radio power state changed to 1 for slot: 0
07-29 08:43:48.677  4915  4915 D DeviceInfoAidlClient: isRadioOn()=true
07-29 08:43:48.677  4915  4915 I DeviceInfoAidlClient: sendFeaturesSupported: power info support-true interactive state support-true
07-29 08:43:48.678  1776  3661 E LOCRIL_SESSION: operator():200] SubId: 1 Failed to get sim IO with error: 11
07-29 08:43:48.678  5053  6187 D IWlanJni: getDataRegistrationState start
07-29 08:43:48.679  1776  3661 E LOCRIL_SESSION: operator():241] SubId: 1 Failed to get sim IMSI with error: 11
07-29 08:43:48.679  5104  6335 D VendorTelephonyService: onTelephonyEventReport slotId =0 eventId=6030
07-29 08:43:48.679  5053  6199 D IWlanJni: new aidl event arrived
07-29 08:43:48.679  4930  6340 D SaDataService: onTelephonyEventReport , subId= 0,slotId=-1 eventId=6030
07-29 08:43:48.679  4930  6340 D TelephonyImpl: notify eventId:6030 for list size:2
07-29 08:43:48.679  5053  6199 D IWlanJni: handleEvent 10
07-29 08:43:48.679  5053  6199 D IWlanJni: isThreadAttached start
07-29 08:43:48.679  5053  6199 D IWlanJni: jni detached
07-29 08:43:48.679  5104  6335 D VendorTelephonyService: onTelephonyEventReport slotId =0 eventId=6030
07-29 08:43:48.679  5104  5104 D VendorCallService: notityEventUpdate, eventId:6030, slotId = 0
07-29 08:43:48.680  3357  5284 W BestClock: java.time.DateTimeException: Missing network time fix
07-29 08:43:48.680  5053  6199 D IWlanJni: jni attached
07-29 08:43:48.680  5053  6199 D IWlanJni: getDataRegistrationStateResponse start
07-29 08:43:48.680  5053  6199 D IWlanJni: getJavaCallbackClass start
07-29 08:43:48.680  5053  6199 D IWlanJni: getJavaCallbackClass End midIs[1]
07-29 08:43:48.680  5053  6199 I IWlanAidlClient: getDataRegistrationStateResponse called
07-29 08:43:48.681  3357  5188 W BestClock: java.time.DateTimeException: Missing network time fix
07-29 08:43:48.681  4915  5736 I DeviceInfoAidlClient: onPowerInfoReportingChanged - reporting enabled true [15, 20, 30, 50, 80]
07-29 08:43:48.681  4915  5736 D DeviceInfoAidlClient: isRadioOn()=true
07-29 08:43:48.681  4780  5651 V OplusCustomizeCacheManager: queryCache name: sys.cache.common_customize_cache18014 param: null
07-29 08:43:48.681  4780  5651 V OplusCustomizeCacheManager: queryCache name: sys.cache.common_customize_cache18017 param: Bundle[{SETTING=BLOCK, BUSINESS=NCT-DATA}]
07-29 08:43:48.681  4780  5651 V OplusCustomizeCacheManager: queryCache name: sys.cache.common_customize_cache18013 param: null
07-29 08:43:48.682  4838  4838 V OplusCustomizeCacheManager: queryCache name: sys.cache.common_customize_cache18016 param: null
07-29 08:43:48.682  4838  4838 V OplusCustomizeCacheManager: queryCache name: sys.cache.common_customize_cache18013 param: null
07-29 08:43:48.682  4838  4838 V OplusCustomizeCacheManager: queryCache name: sys.cache.common_customize_cache18014 param: null
07-29 08:43:48.682  4838  4838 V OplusCustomizeCacheManager: queryCache name: sys.cache.common_customize_cache18017 param: Bundle[{SETTING=BLOCK, BUSINESS=NCT-DATA}]
07-29 08:43:48.682  4838  4838 V OplusCustomizeCacheManager: queryCache name: sys.cache.common_customize_cache18016 param: null
07-29 08:43:48.682  4838  4838 V OplusCustomizeCacheManager: queryCache name: sys.cache.common_customize_cache18013 param: null
07-29 08:43:48.682  4915  5736 I DeviceInfoAidlClient: isPowerInfoNeverSent=true batteryLevel=77 batteryLevelIndex=4 chargingMode=2 totalCapacity=5080500 powerSaveMode=false
07-29 08:43:48.682  4838  4838 V OplusCustomizeCacheManager: queryCache name: sys.cache.common_customize_cache18014 param: null
07-29 08:43:48.682  4838  4838 V OplusCustomizeCacheManager: queryCache name: sys.cache.common_customize_cache18017 param: Bundle[{SETTING=BLOCK, BUSINESS=NCT-DATA}]
07-29 08:43:48.682  5053  6198 W IWlanNetworkService: 10 > Response Processed
07-29 08:43:48.683  4915  5736 I DeviceInfoAidlClient: onDeviceInfoReportingChanged - reporting enabled true
07-29 08:43:48.683  4915  5736 D DeviceInfoAidlClient: getDeviceInfoSupportStatus()=1
07-29 08:43:48.683  4915  5736 D DeviceInfoAidlClient: isRadioOn()=true
07-29 08:43:48.683  4915  5736 I DeviceInfoAidlClient: deviceState=2
07-29 08:43:48.683  4915  5736 I DeviceInfoAidlClient: onPowerInfoReportingChanged - reporting enabled true [15, 20, 30, 50, 80]
07-29 08:43:48.683  4915  5736 D DeviceInfoAidlClient: isRadioOn()=true
07-29 08:43:48.683  4915  5736 I DeviceInfoAidlClient: isPowerInfoNeverSent=false batteryLevel=77 batteryLevelIndex=4 chargingMode=2 totalCapacity=5080500 powerSaveMode=false
07-29 08:43:48.683  4915  5736 I DeviceInfoAidlClient: onDeviceInfoReportingChanged - reporting enabled true
07-29 08:43:48.683  4915  5736 D DeviceInfoAidlClient: getDeviceInfoSupportStatus()=1
07-29 08:43:48.683  4915  5736 D DeviceInfoAidlClient: isRadioOn()=true
07-29 08:43:48.683  4915  5736 I DeviceInfoAidlClient: deviceState=2
07-29 08:43:48.683  4915  4915 D QcrilMsgTunnelIfaceManager: handleMessage what = 1
07-29 08:43:48.683  4915  4915 I QcrilOemhookMsgTunnel: [0]invokeOemRilRequestRaw: serial=1007 length=16
07-29 08:43:48.684  4838  4838 D QC_RIL_OEM_HOOK: Received Broadcast Intent ACTION_UNSOL_RESPONSE_OEM_HOOK_RAW
07-29 08:43:48.684  4838  4838 D QC_RIL_OEM_HOOK: Received Broadcast Intent ACTION_UNSOL_RESPONSE_OEM_HOOK_RAW
07-29 08:43:48.684  4838  4838 D QC_RIL_OEM_HOOK: Received Broadcast Intent ACTION_UNSOL_RESPONSE_OEM_HOOK_RAW
07-29 08:43:48.684  4838  4838 D QC_RIL_OEM_HOOK: Received Broadcast Intent ACTION_UNSOL_RESPONSE_OEM_HOOK_RAW
07-29 08:43:48.684  4838  4838 D QC_RIL_OEM_HOOK: Received Broadcast Intent ACTION_UNSOL_RESPONSE_OEM_HOOK_RAW
07-29 08:43:48.684  4838  4838 D QC_RIL_OEM_HOOK: Received Broadcast Intent ACTION_UNSOL_RESPONSE_OEM_HOOK_RAW
07-29 08:43:48.684  4915  8437 I QtiOemHookAidl: oemHookRawResponse: serial no: 1007 error: 0length=1
07-29 08:43:48.684  4915  4915 D QcrilMsgTunnelIfaceManager: handleMessage what = 2
07-29 08:43:48.684  4838  5452 D QC_RIL_OEM_HOOK: sendOemRilRequestRaw returns value = 1
07-29 08:43:48.685  5053  6187 D IWlanJni: getDataRegistrationState start
07-29 08:43:48.685  5053  6199 D IWlanJni: new aidl event arrived
07-29 08:43:48.685  5053  6199 D IWlanJni: handleEvent 10
