device
--------- beginning of main
07-29 08:43:38.989  1959  7386 D charge_time: type=sdp,reserve_soc=2,soc=74,ui_soc=77,current=130,avg=123,not_chg_cnt=0,stable_cnt=7,fcc=5724,fcc_ratio=94,delta=34,debug=0,region=13,ttf=19163(05:19:23),ui_ttf=10036(02:47:16)
--------- beginning of system
07-29 08:43:39.016  3357  4325 D ActivityManager: Freezer deadlock watchdog
07-29 08:43:39.052  1950  1950 D SensorFeature: name=ssc_screenshot_info ,index = 22
07-29 08:43:39.052  1950  1950 D SensorFeature: write 29 bytes:47747624772,49916381959,132,0
07-29 08:43:39.068  6491  6551 E oiface  : sched_setaffinity failed
07-29 08:43:39.069  1959  1959 D vendor.oplus.hardware.charger-V7-service: getChargerControl:
07-29 08:43:39.083  1953  1953 E PerformanceService: storage_feature: open /sys/devices/platform/soc/112b0000.ufshci//virtualtlcbuff fail
07-29 08:43:39.085  3357  5284 W BestClock: java.time.DateTimeException: Missing network time fix
07-29 08:43:39.085  3357  5284 W BestClock: java.time.DateTimeException: Missing network time fix
07-29 08:43:39.085  3357  5284 W BestClock: java.time.DateTimeException: Missing network time fix
07-29 08:43:39.156  1873  4378 I Dpps    : LtmSwState::SetParameter():144 ignore cmd 7 in state LtmOffState
07-29 08:43:39.355  1950  1950 D SensorFeature: name=ssc_screenshot_info ,index = 22
07-29 08:43:39.355  1950  1950 D SensorFeature: write 29 bytes:47747624772,50218850396,133,0
07-29 08:43:39.420  1782  4388 I sensors-hal: handle_oplus_wise_rgb_event:189, high_pwm_light:lux 260.5,cct 3599.3,brl/algo/ir 1438.0/2.0/17.2,pwm/dc 0.0/0.0,rgbc 20247.041016/12592.748047/5785.667480/37340.625000,ts 50179419214,cnt 690,flag 133
07-29 08:43:39.421  1873  4378 I Dpps    : LtmSwState::SetParameter():144 ignore cmd 7 in state LtmOffState
07-29 08:43:39.449  3357  3736 D VRR [OPlusGameStatusManager]: handleMessage: 7004
07-29 08:43:39.449  3357  3736 D VRR [OPlusGameStatusManager]: handleBrightnessDone
07-29 08:43:39.496 10831 11073 D BootUtil: savedDiffTime: 1753792969135, currentDiffTime: 1753792969135, isReboot: false
07-29 08:43:39.657  1950  1950 D SensorFeature: name=ssc_screenshot_info ,index = 22
07-29 08:43:39.657  1950  1950 D SensorFeature: write 29 bytes:47747624772,50521404459,134,0
07-29 08:43:39.660  1959  2013 D BatteryChargeControl: bcc get no support from charging protocol
07-29 08:43:39.686  1873  4378 I Dpps    : LtmSwState::SetParameter():144 ignore cmd 7 in state LtmOffState
07-29 08:43:39.911  7540  9322 E DeepThinker: GeneralConfigManager:handelGeneralRequest, fail: , java.net.UnknownHostException: Unable to resolve host "odin-distrib-cn.allawntech.com": No address associated with hostname
07-29 08:43:39.911  7540  9322 E DeepThinker: java.net.Inet6AddressImpl.lookupHostByName(Inet6AddressImpl.java:156)
07-29 08:43:39.911  7540  9322 E DeepThinker: java.net.Inet6AddressImpl.lookupAllHostAddr(Inet6AddressImpl.java:103)
07-29 08:43:39.911  7540  9322 E DeepThinker: java.net.InetAddress.getAllByName(InetAddress.java:1152)
07-29 08:43:39.911  7540  9322 E DeepThinker: okhttp3.p$a$a.a(Dns.kt:6)
07-29 08:43:39.911  7540  9322 E DeepThinker: okhttp3.internal.connection.h.e(RouteSelector.kt:157)
07-29 08:43:39.911  7540  9322 E DeepThinker: okhttp3.internal.connection.h.d(RouteSelector.kt:21)
07-29 08:43:39.911  7540  9322 E DeepThinker: okhttp3.internal.connection.h.c(RouteSelector.kt:18)
07-29 08:43:39.911  7540  9322 E DeepThinker: okhttp3.internal.connection.d.b(ExchangeFinder.kt:197)
07-29 08:43:39.911  7540  9322 E DeepThinker: okhttp3.internal.connection.d.c(ExchangeFinder.kt:1)
07-29 08:43:39.911  7540  9322 E DeepThinker: okhttp3.internal.connection.d.a(ExchangeFinder.kt:52)
07-29 08:43:39.911  7540  9322 E DeepThinker: okhttp3.internal.connection.e.v(RealCall.kt:32)
07-29 08:43:39.911  7540  9322 E DeepThinker: okhttp3.internal.connection.a.a(ConnectInterceptor.kt:12)
07-29 08:43:39.911  7540  9322 E DeepThinker: hh.g.b(RealInterceptorChain.kt:163)
07-29 08:43:39.911  7540  9322 E DeepThinker: fh.a.a(CacheInterceptor.kt:150)
07-29 08:43:39.911  7540  9322 E DeepThinker: hh.g.b(RealInterceptorChain.kt:163)
07-29 08:43:39.911  7540  9322 E DeepThinker: hh.a.a(BridgeInterceptor.kt:168)
07-29 08:43:39.911  7540  9322 E DeepThinker: hh.g.b(RealInterceptorChain.kt:163)
07-29 08:43:39.911  7540  9322 E DeepThinker: hh.j.a(RetryAndFollowUpInterceptor.kt:35)
07-29 08:43:39.911  7540  9322 E DeepThinker: hh.g.b(RealInterceptorChain.kt:163)
07-29 08:43:39.911  7540  9322 E DeepThinker: okhttp3.internal.connection.e.u(RealCall.kt:113)
07-29 08:43:39.911  7540  9322 E DeepThinker: okhttp3.internal.connection.e.execute(RealCall.kt:28)
07-29 08:43:39.911  7540  9322 E DeepThinker: db.a.b(GeneralConfigManager.kt:19)
07-29 08:43:39.911  7540  9322 E DeepThinker: db.a.d(GeneralConfigManager.kt:176)
07-29 08:43:39.911  7540  9322 E DeepThinker: db.a.a(GeneralConfigManager.kt:22)
07-29 08:43:39.911  7540  9322 E DeepThinker: com.oplus.deepthinker.pcshare.core.businesslabel.LabelManager.getTotalGeneralConfig(LabelManager.kt:6)
07-29 08:43:39.911  7540  9322 E DeepThinker: com.oplus.deepthinker.ability.ai.userprofile.deviceinstantlabel.DeviceInstantLabelEntry.d(DeviceInstantLabelEntry.kt:13)
07-29 08:43:39.911  7540  9322 E DeepThinker: com.oplus.deepthinker.ability.ai.userprofile.deviceinstantlabel.DeviceInstantLabelEntry.b(DeviceInstantLabelEntry.kt:1)
07-29 08:43:39.911  7540  9322 E DeepThinker: com.oplus.deepthinker.ability.ai.userprofile.deviceinstantlabel.DeviceInstantLabelEntry$b.b(DeviceInstantLabelEntry.kt:85)
07-29 08:43:39.911  7540  9322 E DeepThinker: com.oplus.deepthinker.ability.ai.userprofile.deviceinstantlabel.DeviceInstantLabelEntry$b.a(DeviceInstantLabelEntry.kt:3)
07-29 08:43:39.911  7540  9322 E DeepThinker: com.oplus.deepthinker.internal.api.utils.StaticHandler.onHandleMessage(StaticHandler.kt:15)
07-29 08:43:39.911  7540  9322 E DeepThinker: com.oplus.deepthinker.internal.api.work.NamedHandler.handleMessage(NamedHandler.kt:8)
07-29 08:43:39.911  7540  9322 E DeepThinker: android.os.Handler.dispatchMessage(Handler.java:112)
07-29 08:43:39.911  7540  9322 E DeepThinker: com.oplus.deepthinker.internal.api.work.NamedHandler.dispatchMessage(NamedHandler.kt:8)
07-29 08:43:39.911  7540  9322 E DeepThinker: android.os.Looper.loopOnce(Looper.java:288)
07-29 08:43:39.911  7540  9322 E DeepThinker: android.os.Looper.loop(Looper.java:393)
07-29 08:43:39.911  7540  9322 E DeepThinker: android.os.HandlerThread.run(HandlerThread.java:85)
07-29 08:43:39.913  7540  9322 E DeepThinker: GeneralConfigManager: updateAttributeGeneratorConfigMap, configFile don't exist
07-29 08:43:39.937  3357  4823 W Binder  : Outgoing transactions from this process must be FLAG_ONEWAY
07-29 08:43:39.937  3357  4823 W Binder  : java.lang.Throwable
07-29 08:43:39.937  3357  4823 W Binder  : 	at android.os.BinderProxy.transact(BinderProxy.java:633)
07-29 08:43:39.937  3357  4823 W Binder  : 	at android.content.ContentProviderProxy.insert(ContentProviderNative.java:587)
07-29 08:43:39.937  3357  4823 W Binder  : 	at android.content.ContentProviderClient.insert(ContentProviderClient.java:347)
07-29 08:43:39.937  3357  4823 W Binder  : 	at android.content.ContentProviderClient.insert(ContentProviderClient.java:336)
07-29 08:43:39.937  3357  4823 W Binder  : 	at com.oplus.util.OplusStatisticsImpl.insert(OplusStatisticsImpl.java:307)
07-29 08:43:39.937  3357  4823 W Binder  : 	at com.oplus.util.OplusStatisticsImpl.sendDataToDCS(OplusStatisticsImpl.java:287)
07-29 08:43:39.937  3357  4823 W Binder  : 	at com.oplus.util.OplusStatisticsImpl.flushInternal(OplusStatisticsImpl.java:264)
07-29 08:43:39.937  3357  4823 W Binder  : 	at com.oplus.util.OplusStatisticsImpl.lambda$setDelayFlushJobIfNeed$4(OplusStatisticsImpl.java:211)
07-29 08:43:39.937  3357  4823 W Binder  : 	at com.oplus.util.OplusStatisticsImpl.$r8$lambda$4UYTp2NCu6Rml69JNqEuK7o54SI(Unknown Source:0)
07-29 08:43:39.937  3357  4823 W Binder  : 	at com.oplus.util.OplusStatisticsImpl$$ExternalSyntheticLambda5.run(D8$$SyntheticClass:0)
07-29 08:43:39.937  3357  4823 W Binder  : 	at java.util.concurrent.Executors$RunnableAdapter.call(Executors.java:487)
07-29 08:43:39.937  3357  4823 W Binder  : 	at java.util.concurrent.FutureTask.run(FutureTask.java:290)
07-29 08:43:39.937  3357  4823 W Binder  : 	at java.util.concurrent.ScheduledThreadPoolExecutor$ScheduledFutureTask.run(ScheduledThreadPoolExecutor.java:307)
07-29 08:43:39.937  3357  4823 W Binder  : 	at java.util.concurrent.ThreadPoolExecutor.runWorker(ThreadPoolExecutor.java:1145)
07-29 08:43:39.937  3357  4823 W Binder  : 	at java.util.concurrent.ThreadPoolExecutor$Worker.run(ThreadPoolExecutor.java:644)
07-29 08:43:39.937  3357  4823 W Binder  : 	at java.lang.Thread.run(Thread.java:1012)
07-29 08:43:39.960  1950  1950 D SensorFeature: name=ssc_screenshot_info ,index = 22
07-29 08:43:39.960  1950  1950 D SensorFeature: write 29 bytes:47747624772,50824082427,135,0
07-29 08:43:39.961  3357  3700 D OplusFeatureHDREnhanceBrightness: notifySfForceUpdate, mFlinger is null 
07-29 08:43:39.963  1782  4388 I sensors-hal: handle_oplus_wise_rgb_event:189, high_pwm_light:lux 260.2,cct 3600.7,brl/algo/ir 1438.0/2.0/17.6,pwm/dc 0.0/0.0,rgbc 20247.041016/12578.931641/5797.215332/37360.695312,ts 50768726922,cnt 700,flag 135
07-29 08:43:39.964  3357  3700 D OplusFeatureHDREnhanceBrightness: checkIsPlayingHDR isPlayingHDR=0 rotation=0 whiteApp=false battery=77
07-29 08:43:39.964  1873  4378 I Dpps    : LtmSwState::SetParameter():144 ignore cmd 7 in state LtmOffState
07-29 08:43:39.990  1959  7386 D charge_time: write 10035s(02:47:15) to ttf, rc=7
07-29 08:43:39.990  1959  7386 D charge_time: type=sdp,reserve_soc=2,soc=74,ui_soc=77,current=130,avg=130,not_chg_cnt=0,stable_cnt=7,fcc=5724,fcc_ratio=94,delta=35,debug=0,region=13,ttf=18129(05:02:09),ui_ttf=10035(02:47:15)
07-29 08:43:40.171  3268  3268 E OplusTouchDaemon: ts_run_service: shellback temperature updated 37 (37264)
07-29 08:43:40.223  1873  4378 I Dpps    : LtmSwState::SetParameter():144 ignore cmd 7 in state LtmOffState
07-29 08:43:40.235  3357  4333 V AlarmManager: sending alarm Alarm{ea4fffb type 2 origWhen 51100 whenElapsed 51100 android} uid 1000 whenElapsed 51100 windowLength 0 maxWhenElapsed 51100 repeatInterval 0 action null component null tag $android.alarm.generated:1000:51100 flags 0x9 procName system_server
07-29 08:43:40.240  3357  3609 D LocationManagerService: network provider removed registration from 10154/com.coloros.assistantscreen/2577F320
07-29 08:43:40.263  1950  1950 D SensorFeature: name=ssc_screenshot_info ,index = 22
07-29 08:43:40.263  1950  1950 D SensorFeature: write 29 bytes:47747624772,51126790604,136,0
07-29 08:43:40.272  3357  5191 D CompatChangeReporter: Compat change id reported: 297989574; UID 1000; state: ENABLED
07-29 08:43:40.274  5104  5104 D SubsysEventListenerManager-SubsysTelephonyCallback[0]: onCellInfoChanged
07-29 08:43:40.475  6683  6706 W System  : A resource failed to call AbstractCursor.close. 
07-29 08:43:40.475  6683  6706 W System  : A resource failed to call AbstractCursor.close. 
07-29 08:43:40.475  6683  6706 W System  : A resource failed to call AbstractCursor.close. 
07-29 08:43:40.475  6683  6706 W System  : A resource failed to call AbstractCursor.close. 
07-29 08:43:40.475  6683  6706 W System  : A resource failed to call AbstractCursor.close. 
07-29 08:43:40.475  6683  6706 W System  : A resource failed to call AbstractCursor.close. 
07-29 08:43:40.475  6683  6706 W System  : A resource failed to call AbstractCursor.close. 
07-29 08:43:40.475  6683  6706 W System  : A resource failed to call AbstractCursor.close. 
07-29 08:43:40.481  1782  4388 I sensors-hal: handle_oplus_wise_rgb_event:189, high_pwm_light:lux 260.2,cct 3599.9,brl/algo/ir 1438.0/2.0/17.5,pwm/dc 0.0/0.0,rgbc 20256.556641/12565.113281/5808.763672/37320.554688,ts 51101821870,cnt 710,flag 136
07-29 08:43:40.481  1873  4378 I Dpps    : LtmSwState::SetParameter():144 ignore cmd 7 in state LtmOffState
07-29 08:43:40.565  1950  1950 D SensorFeature: name=ssc_screenshot_info ,index = 22
07-29 08:43:40.565  1950  1950 D SensorFeature: write 29 bytes:47747624772,51429624927,137,0
07-29 08:43:40.595  1777  1777 D healthd : system healthd: battery l=77 v=4132 t=33.6 h=2 st=2 c=-175 fc=5920000 cc=19 chg=u
07-29 08:43:40.638  1959  1959 D vendor.oplus.hardware.charger-V7-service: get_ui_charge_icon_type 0 0 0 0 0
07-29 08:43:40.638  1959  1959 D vendor.oplus.hardware.charger-V7-service: oplus_chg_get_cpa_power 2500 charge_online 1 retention_topic 0
07-29 08:43:40.639  1959  1959 D vendor.oplus.hardware.charger-V7-service: oplus_chg_get_cpa_power 2500 charge_online 1 retention_topic 0
07-29 08:43:40.639  1959  1959 D vendor.oplus.hardware.charger-V7-service: getIsSingleHyperSupport=2, cpa_power=2
07-29 08:43:40.661  1959  2013 D BatteryChargeControl: bcc get no support from charging protocol
07-29 08:43:40.663  3357  4919 I OplusHansManager : uid=10157, pkg=com.baidu.input_oppo cannot transition from R to M, importance=input
07-29 08:43:40.749  3357  4323 D FusionLightNextGen: process end reported = 1, mode: 0, lux 490.1, cct -1.0, r/g/b/c: 20256.6/12551.3/5797.2/37375.7, R/G/B: 106.0/100.0/99.0, bri 1438.0, match 1.00, ir 0.016683, conf 0.0, ts 51408844995
07-29 08:43:40.750  1873  4378 I Dpps    : LtmSwState::SetParameter():144 ignore cmd 7 in state LtmOffState
07-29 08:43:40.768  3357  3642 D OomAdjuster: Not killing cached processes
07-29 08:43:40.779  4930  7387 I PCDR-common_no_service[0]: lift forbidden
07-29 08:43:40.779  4930  7387 I PCDR-common_no_45g[0]: lift forbidden
07-29 08:43:40.808  4930  5518 W BluetoothAdapterExtImpl: getBluetoothConnectionCount：mOplusBluetooth null!
07-29 08:43:40.811  4930  5518 D TelephonyImpl: isRequestingMms
07-29 08:43:40.811  4930  5518 D TelephonyImpl: getReleaseMmsNetworkTime
07-29 08:43:40.813  4930  5518 D OplusDdsSwitchStrategy: Md,OplusCheckFeature,RETURN_TO_CUR_ACTION_DDS
07-29 08:43:40.870  1950  1950 D SensorFeature: name=ssc_screenshot_info ,index = 22
07-29 08:43:40.870  1950  1950 D SensorFeature: write 29 bytes:47747624772,51733339458,138,0
07-29 08:43:40.936  3357  4589 E OplusNetworkStackManager: initService mNetworkStackService is null, try again in 10s
07-29 08:43:40.991  1959  7386 D charge_time: type=sdp,reserve_soc=2,soc=74,ui_soc=77,current=175,avg=139,not_chg_cnt=0,stable_cnt=7,fcc=5724,fcc_ratio=94,delta=36,debug=0,region=13,ttf=16952(04:42:32),ui_ttf=10034(02:47:14)
07-29 08:43:41.013  1782  4388 I sensors-hal: handle_oplus_wise_rgb_event:189, high_pwm_light:lux 260.4,cct 3595.8,brl/algo/ir 1438.0/2.0/17.2,pwm/dc 0.0/0.0,rgbc 20266.068359/12583.537109/5781.817871/37395.816406,ts 51699328589,cnt 720,flag 138
07-29 08:43:41.015  1873  4378 I Dpps    : LtmSwState::SetParameter():144 ignore cmd 7 in state LtmOffState
07-29 08:43:41.177  1950  1950 D SensorFeature: name=ssc_screenshot_info ,index = 22
07-29 08:43:41.177  1950  1950 D SensorFeature: write 29 bytes:47747624772,52040297166,139,0
07-29 08:43:41.220  1761  1766 E Diag-Router: diag: glinkpkt_open: failed to create control node for slate_apps
07-29 08:43:41.221  1761  1766 E Diag-Router: diag: diag_glinkpkt_open_thread: Glinkpkt_open failed for perif: 12 with err: -1, retry_cnt: 8
07-29 08:43:41.221  1761  1767 E Diag-Router: diag: glinkpkt_open: failed to create control node for slate_adsp
07-29 08:43:41.221  1761  1767 E Diag-Router: diag: diag_glinkpkt_open_thread: Glinkpkt_open failed for perif: 13 with err: -1, retry_cnt: 8
07-29 08:43:41.252  3357  4729 I Osense-BaseDecisionMaker: notifySceneToAthenaPolicy: SCENE_IDLE_RECOVER, bundle: Bundle[{scene=SCENE_IDLE_RECOVER}]
07-29 08:43:41.255  3357  4729 I Osense-BaseDecisionMaker: scene: SCENE_IDLE_RECOVER, excutingPolicy: respreload
07-29 08:43:41.255  3357  4729 D Osense-BaseDecisionMaker: invoke process preload policy
07-29 08:43:41.255  3357  4729 I Osense-BaseDecisionMaker: scene: SCENE_IDLE_RECOVER, excutingPolicy: clear
07-29 08:43:41.255  3357  4729 D Osense-BaseDecisionMaker: invoke clear policy,type: unforbid
07-29 08:43:41.255  3357  4729 I OsenseKillAction: KillAction: unhandled request: id=8, enable=true, scene=SCENE_IDLE_RECOVER, type=unforbid, cchOnly=false, appcare=0
07-29 08:43:41.283  1873  4378 I Dpps    : LtmSwState::SetParameter():144 ignore cmd 7 in state LtmOffState
07-29 08:43:41.304 12945 13081 D ProfileInstaller: Installing profile for com.oplus.linker
07-29 08:43:41.428  1959  1974 D vendor.oplus.hardware.charger-V7-service: s_chg_user_mode: 3
07-29 08:43:41.429  1959  1974 D vendor.oplus.hardware.charger-V7-service: scale_chg Start!!!
07-29 08:43:41.429  1959  1974 D vendor.oplus.hardware.charger-V7-service: [0, 0, 3]
07-29 08:43:41.429  1959  1974 D vendor.oplus.hardware.charger-V7-service: [0, 2, 9]
07-29 08:43:41.429  1959  1974 D vendor.oplus.hardware.charger-V7-service: [0, 1, 3]
07-29 08:43:41.429  1959  1974 D vendor.oplus.hardware.charger-V7-service: [0, 3, 3]
07-29 08:43:41.429  1959  1974 D vendor.oplus.hardware.charger-V7-service: [0, 4, 3]
07-29 08:43:41.429  1959  1974 D vendor.oplus.hardware.charger-V7-service: [0, 5, 5]
07-29 08:43:41.429  1959  1974 D vendor.oplus.hardware.charger-V7-service: [0, 6, 9]
07-29 08:43:41.429  1959  1974 D vendor.oplus.hardware.charger-V7-service: scale_chg Start!!!
07-29 08:43:41.430  1959  1974 D vendor.oplus.hardware.charger-V7-service: [0, 0, 3]
07-29 08:43:41.430  1959  1974 D vendor.oplus.hardware.charger-V7-service: [0, 2, 10]
07-29 08:43:41.430  1959  1974 D vendor.oplus.hardware.charger-V7-service: [0, 1, 3]
07-29 08:43:41.430  1959  1974 D vendor.oplus.hardware.charger-V7-service: [0, 3, 3]
07-29 08:43:41.430  1959  1974 D vendor.oplus.hardware.charger-V7-service: [0, 4, 3]
07-29 08:43:41.430  1959  1974 D vendor.oplus.hardware.charger-V7-service: [0, 5, 3]
07-29 08:43:41.430  1959  1974 D vendor.oplus.hardware.charger-V7-service: [0, 6, 10]
07-29 08:43:41.437  1959  1988 D vendor.oplus.hardware.charger-V7-service: ret_value:111, read content:,336,365,4132,4129,-175,74,77,1,1,0,494,4643,76,1,4475,300,500,0,7,-22,7,0,1,0,2,0,0,0,1,6098,99,0,0,0,0,0,0,0
07-29 08:43:41.437  1959  1988 D vendor.oplus.hardware.charger-V7-service: gmtime: 2025-07-29-08-43-41
07-29 08:43:41.437  1959  1988 D vendor.oplus.hardware.charger-V7-service: usb_online:1, ac_online:-2147483648, wireless_online:0
07-29 08:43:41.481  1950  1950 D SensorFeature: name=ssc_screenshot_info ,index = 22
07-29 08:43:41.481  1950  1950 D SensorFeature: write 29 bytes:47747624772,52344799093,140,0
07-29 08:43:41.547  1782  4388 I sensors-hal: handle_oplus_wise_rgb_event:189, high_pwm_light:lux 260.6,cct 3598.2,brl/algo/ir 1438.0/2.0/17.0,pwm/dc 0.0/0.0,rgbc 20266.068359/12578.931641/5793.366211/37375.746094,ts 52305009631,cnt 730,flag 140
07-29 08:43:41.549  1873  4378 I Dpps    : LtmSwState::SetParameter():144 ignore cmd 7 in state LtmOffState
07-29 08:43:41.664  1959  2013 D BatteryChargeControl: bcc get no support from charging protocol
07-29 08:43:41.786  1950  1950 D SensorFeature: name=ssc_screenshot_info ,index = 22
07-29 08:43:41.786  1950  1950 D SensorFeature: write 29 bytes:47747624772,52649421854,141,0
07-29 08:43:41.815  1873  4378 I Dpps    : LtmSwState::SetParameter():144 ignore cmd 7 in state LtmOffState
07-29 08:43:41.992  1959  7386 D charge_time: type=sdp,reserve_soc=2,soc=74,ui_soc=77,current=175,avg=148,not_chg_cnt=0,stable_cnt=7,fcc=5724,fcc_ratio=94,delta=37,debug=0,region=13,ttf=15919(04:25:19),ui_ttf=10033(02:47:13)
07-29 08:43:42.089  1950  1950 D SensorFeature: name=ssc_screenshot_info ,index = 22
07-29 08:43:42.089  1950  1950 D SensorFeature: write 29 bytes:47747624772,52952771281,142,0
07-29 08:43:42.092  1782  4388 I sensors-hal: handle_oplus_wise_rgb_event:189, high_pwm_light:lux 260.9,cct 3600.2,brl/algo/ir 1438.0/2.0/16.9,pwm/dc 0.0/0.0,rgbc 20285.099609/12583.537109/5797.215332/37380.765625,ts 52894126818,cnt 740,flag 142
07-29 08:43:42.093  1873  4378 I Dpps    : LtmSwState::SetParameter():144 ignore cmd 7 in state LtmOffState
07-29 08:43:42.343  1873  4378 I Dpps    : LtmSwState::SetParameter():144 ignore cmd 7 in state LtmOffState
07-29 08:43:42.396  1950  1950 D SensorFeature: name=ssc_screenshot_info ,index = 22
07-29 08:43:42.397  1950  1950 D SensorFeature: write 29 bytes:47747624772,53260609562,143,0
07-29 08:43:42.425  3357  3636 D Theia.TransparentWindow: handleMessage CHECK_TRANS_WINDOW_ERROR_MSG
07-29 08:43:42.522  5104  5857 E OplusNetworkStackManager: initService mNetworkStackService is null, try again in 10s
07-29 08:43:42.608  1782  4388 I sensors-hal: handle_oplus_wise_rgb_event:189, high_pwm_light:lux 260.6,cct 3602.2,brl/algo/ir 1438.0/2.0/17.3,pwm/dc 0.0/0.0,rgbc 20261.312500/12592.748047/5804.914551/37375.746094,ts 53227366141,cnt 750,flag 143
07-29 08:43:42.610  1873  4378 I Dpps    : LtmSwState::SetParameter():144 ignore cmd 7 in state LtmOffState
07-29 08:43:42.665  1959  2013 D BatteryChargeControl: bcc get no support from charging protocol
07-29 08:43:42.701  1950  1950 D SensorFeature: name=ssc_screenshot_info ,index = 22
07-29 08:43:42.701  1950  1950 D SensorFeature: write 29 bytes:47747624772,53565782739,144,0
07-29 08:43:42.876  1873  4378 I Dpps    : LtmSwState::SetParameter():144 ignore cmd 7 in state LtmOffState
07-29 08:43:42.993  1959  7386 D charge_time: type=sdp,reserve_soc=2,soc=74,ui_soc=77,current=175,avg=157,not_chg_cnt=0,stable_cnt=7,fcc=5724,fcc_ratio=94,delta=38,debug=0,region=13,ttf=15004(04:10:04),ui_ttf=10032(02:47:12)
07-29 08:43:43.006  1950  1950 D SensorFeature: name=ssc_screenshot_info ,index = 22
07-29 08:43:43.006  1950  1950 D SensorFeature: write 29 bytes:47747624772,53869460186,145,0
07-29 08:43:43.138  1782  4388 I sensors-hal: handle_oplus_wise_rgb_event:189, high_pwm_light:lux 260.6,cct 3601.8,brl/algo/ir 1438.0/2.0/17.2,pwm/dc 0.0/0.0,rgbc 20266.068359/12592.748047/5797.215332/37340.625000,ts 53833043120,cnt 760,flag 145
07-29 08:43:43.139  1873  4378 I Dpps    : LtmSwState::SetParameter():144 ignore cmd 7 in state LtmOffState
07-29 08:43:43.249  4838  6207 E OplusNetworkStackManager: initService mNetworkStackService is null, try again in 10s
07-29 08:43:43.312  1950  1950 D SensorFeature: name=ssc_screenshot_info ,index = 22
07-29 08:43:43.312  1950  1950 D SensorFeature: write 29 bytes:47747624772,54175264666,146,0
07-29 08:43:43.406  3357  4323 D FusionLightNextGen: process end reported = 1, mode: 0, lux 489.5, cct -1.0, r/g/b/c: 20247.0/12583.5/5789.5/37355.7, R/G/B: 106.0/100.0/99.0, bri 1438.0, match 1.00, ir 0.017205, conf 0.0, ts 54156516193
07-29 08:43:43.408  1873  4378 I Dpps    : LtmSwState::SetParameter():144 ignore cmd 7 in state LtmOffState
07-29 08:43:43.616  1950  1950 D SensorFeature: name=ssc_screenshot_info ,index = 22
07-29 08:43:43.616  1950  1950 D SensorFeature: write 29 bytes:47747624772,54480345186,147,0
07-29 08:43:43.666  1959  2013 D BatteryChargeControl: bcc get no support from charging protocol
07-29 08:43:43.670  1782  4388 I sensors-hal: handle_oplus_wise_rgb_event:189, high_pwm_light:lux 260.6,cct 3595.6,brl/algo/ir 1438.0/2.0/16.8,pwm/dc 0.0/0.0,rgbc 20270.826172/12565.113281/5789.516602/37345.644531,ts 54447058849,cnt 770,flag 147
07-29 08:43:43.671  1873  4378 I Dpps    : LtmSwState::SetParameter():144 ignore cmd 7 in state LtmOffState
07-29 08:43:43.925  1950  1950 D SensorFeature: name=ssc_screenshot_info ,index = 22
07-29 08:43:43.925  1950  1950 D SensorFeature: write 29 bytes:47747624772,54788433936,148,0
07-29 08:43:43.938  1873  4378 I Dpps    : LtmSwState::SetParameter():144 ignore cmd 7 in state LtmOffState
07-29 08:43:43.995  1959  7386 D charge_time: type=sdp,reserve_soc=2,soc=74,ui_soc=77,current=175,avg=166,not_chg_cnt=0,stable_cnt=7,fcc=5724,fcc_ratio=94,delta=39,debug=0,region=13,ttf=14188(03:56:28),ui_ttf=10031(02:47:11)
07-29 08:43:44.004  5104  5104 D RFPowerBoostManager: my thermal listener proxy invoke method:notifyThermalBroadCast args len:2
07-29 08:43:44.004  5104  5104 D RFPowerBoostManager: current temp is 36, mInCalling is false, current threshold is 41
07-29 08:43:44.005  4930  5513 W h       : networkLogger fail！
07-29 08:43:44.005  4930  5513 D Acc-OplusLinkBoostCommon: notifyThermalBroadCast level = 5 temp = 36,lastTemp: 37 ,th: 44
07-29 08:43:44.005  6465  6533 E horae   : Horae service notifyComponentHeat caught exception -2
07-29 08:43:44.006  6465  6533 E horae   : Horae service notifyComponentHeat caught exception -2
07-29 08:43:44.069  6491  6551 E oiface  : sched_setaffinity failed
07-29 08:43:44.070  1959  1959 D vendor.oplus.hardware.charger-V7-service: getChargerControl:
07-29 08:43:44.083  1953  1953 E PerformanceService: storage_feature: open /sys/devices/platform/soc/112b0000.ufshci//virtualtlcbuff fail
07-29 08:43:44.086  3357  5286 W BestClock: java.time.DateTimeException: Missing network time fix
07-29 08:43:44.086  3357  5286 W BestClock: java.time.DateTimeException: Missing network time fix
07-29 08:43:44.087  3357  5286 W BestClock: java.time.DateTimeException: Missing network time fix
07-29 08:43:44.234  1950  1950 D SensorFeature: name=ssc_screenshot_info ,index = 22
07-29 08:43:44.235  1950  1950 D SensorFeature: write 29 bytes:47747624772,55097653051,149,0
07-29 08:43:44.237  1782  4388 I sensors-hal: handle_oplus_wise_rgb_event:189, high_pwm_light:lux 260.8,cct 3610.4,brl/algo/ir 1438.0/2.0/16.8,pwm/dc 0.0/0.0,rgbc 20247.041016/12565.113281/5789.516602/37325.574219,ts 55019617131,cnt 780,flag 149
07-29 08:43:44.239  1873  4378 I Dpps    : LtmSwState::SetParameter():144 ignore cmd 7 in state LtmOffState
07-29 08:43:44.471  1873  4378 I Dpps    : LtmSwState::SetParameter():144 ignore cmd 7 in state LtmOffState
07-29 08:43:44.541  1950  1950 D SensorFeature: name=ssc_screenshot_info ,index = 22
07-29 08:43:44.541  1950  1950 D SensorFeature: write 29 bytes:47747624772,55403979925,150,0
07-29 08:43:44.541  1782  1901 I sensors-hal: get_display_brightness:818, light_iface: set screenshot_info [47747624772,55403979925,150,0]
07-29 08:43:44.667  1959  2013 D BatteryChargeControl: bcc get no support from charging protocol
07-29 08:43:44.733  1782  4388 I sensors-hal: handle_oplus_wise_rgb_event:189, high_pwm_light:lux 260.3,cct 3606.2,brl/algo/ir 1438.0/2.0/17.1,pwm/dc 0.0/0.0,rgbc 20228.011719/12551.294922/5789.516602/37305.500000,ts 55368939631,cnt 790,flag 150
07-29 08:43:44.735  1873  4378 I Dpps    : LtmSwState::SetParameter():144 ignore cmd 7 in state LtmOffState
07-29 08:43:44.847  1950  1950 D SensorFeature: name=ssc_screenshot_info ,index = 22
07-29 08:43:44.847  1950  1950 D SensorFeature: write 29 bytes:47747624772,55710570863,151,0
07-29 08:43:44.996  1959  7386 D charge_time: write 10030s(02:47:10) to ttf, rc=7
07-29 08:43:44.996  1959  7386 D charge_time: type=sdp,reserve_soc=2,soc=74,ui_soc=77,current=175,avg=175,not_chg_cnt=0,stable_cnt=7,fcc=5724,fcc_ratio=94,delta=40,debug=0,region=13,ttf=13455(03:44:15),ui_ttf=10030(02:47:10)
07-29 08:43:45.000  1873  4378 I Dpps    : LtmSwState::SetParameter():144 ignore cmd 7 in state LtmOffState
07-29 08:43:45.151  1950  1950 D SensorFeature: name=ssc_screenshot_info ,index = 22
07-29 08:43:45.151  1950  1950 D SensorFeature: write 29 bytes:47747624772,56014518936,152,0
07-29 08:43:45.267  1782  4388 I sensors-hal: handle_oplus_wise_rgb_event:189, high_pwm_light:lux 260.3,cct 3609.3,brl/algo/ir 1438.0/2.0/17.5,pwm/dc 0.0/0.0,rgbc 20237.525391/12569.718750/5801.064941/37340.625000,ts 55974753016,cnt 800,flag 152
07-29 08:43:45.269  1873  4378 I Dpps    : LtmSwState::SetParameter():144 ignore cmd 7 in state LtmOffState
07-29 08:43:45.457  1950  1950 D SensorFeature: name=ssc_screenshot_info ,index = 22
07-29 08:43:45.458  1950  1950 D SensorFeature: write 29 bytes:47747624772,56320973936,153,0
07-29 08:43:45.534  1873  4378 I Dpps    : LtmSwState::SetParameter():144 ignore cmd 7 in state LtmOffState
07-29 08:43:45.539  6452  8103 E OplusNetworkStackManager: initService mNetworkStackService is null, try again in 10s
07-29 08:43:45.668  1959  2013 D BatteryChargeControl: bcc get no support from charging protocol
07-29 08:43:45.669  3357  4919 I OplusHansManager : uid=10157, pkg=com.baidu.input_oppo cannot transition from R to M, importance=input
07-29 08:43:45.710  1777  1777 D healthd : system healthd: battery l=77 v=4134 t=33.6 h=2 st=2 c=-183 fc=5920000 cc=19 chg=u
07-29 08:43:45.746  1959  1959 D vendor.oplus.hardware.charger-V7-service: get_ui_charge_icon_type 0 0 0 0 0
07-29 08:43:45.746  1959  1959 D vendor.oplus.hardware.charger-V7-service: oplus_chg_get_cpa_power 2500 charge_online 1 retention_topic 0
07-29 08:43:45.746  1959  1959 D vendor.oplus.hardware.charger-V7-service: oplus_chg_get_cpa_power 2500 charge_online 1 retention_topic 0
07-29 08:43:45.746  1959  1959 D vendor.oplus.hardware.charger-V7-service: getIsSingleHyperSupport=2, cpa_power=2
07-29 08:43:45.747  3357  3667 D BatteryStatsImplExtImpl: mActiveProcesses size = 71
07-29 08:43:45.748  3357  3667 D BatteryStatsImplExtImpl: rpmhStats is null or interval time is too short.
07-29 08:43:45.760  1950  1950 D SensorFeature: name=ssc_screenshot_info ,index = 22
07-29 08:43:45.760  1950  1950 D SensorFeature: write 29 bytes:47747624772,56624549560,154,0
07-29 08:43:45.798  1782  4388 I sensors-hal: handle_oplus_wise_rgb_event:189, high_pwm_light:lux 260.6,cct 3599.1,brl/algo/ir 1438.0/2.0/16.8,pwm/dc 0.0/0.0,rgbc 20228.011719/12574.325195/5793.366211/37340.625000,ts 56588410620,cnt 810,flag 154
07-29 08:43:45.800  1873  4378 I Dpps    : LtmSwState::SetParameter():144 ignore cmd 7 in state LtmOffState
07-29 08:43:45.939  3357  3642 D OomAdjuster: Not killing cached processes
07-29 08:43:45.997  1959  7386 D charge_time: type=sdp,reserve_soc=2,soc=74,ui_soc=77,current=183,avg=176,not_chg_cnt=0,stable_cnt=7,fcc=5724,fcc_ratio=94,delta=41,debug=0,region=13,ttf=13378(03:42:58),ui_ttf=10029(02:47:09)
07-29 08:43:46.063  1950  1950 D SensorFeature: name=ssc_screenshot_info ,index = 22
07-29 08:43:46.063  1950  1950 D SensorFeature: write 29 bytes:47747624772,56927159664,155,0
07-29 08:43:46.067  3357  4323 D FusionLightNextGen: process end reported = 1, mode: 0, lux 490.0, cct -1.0, r/g/b/c: 20218.5/12574.3/5789.5/37340.6, R/G/B: 106.0/100.0/99.0, bri 1438.0, match 1.00, ir 0.016881, conf 0.0, ts 56895379683
07-29 08:43:46.068  1873  4378 I Dpps    : LtmSwState::SetParameter():144 ignore cmd 7 in state LtmOffState
07-29 08:43:46.224  1761  1766 E Diag-Router: diag: glinkpkt_open: failed to create control node for slate_apps
07-29 08:43:46.224  1761  1766 E Diag-Router: diag: diag_glinkpkt_open_thread: Glinkpkt_open failed for perif: 12 with err: -1, retry_cnt: 9
07-29 08:43:46.224  1761  1767 E Diag-Router: diag: glinkpkt_open: failed to create control node for slate_adsp
07-29 08:43:46.224  1761  1767 E Diag-Router: diag: diag_glinkpkt_open_thread: Glinkpkt_open failed for perif: 13 with err: -1, retry_cnt: 9
07-29 08:43:46.366  1950  1950 D SensorFeature: name=ssc_screenshot_info ,index = 22
07-29 08:43:46.366  1950  1950 D SensorFeature: write 29 bytes:47747624772,57230150966,156,0
07-29 08:43:46.369  1782  4388 I sensors-hal: handle_oplus_wise_rgb_event:189, high_pwm_light:lux 259.9,cct 3596.3,brl/algo/ir 1438.0/2.0/17.5,pwm/dc 0.0/0.0,rgbc 20256.556641/12560.506836/5789.516602/37310.519531,ts 57144493589,cnt 820,flag 156
07-29 08:43:46.371  1873  4378 I Dpps    : LtmSwState::SetParameter():144 ignore cmd 7 in state LtmOffState
07-29 08:43:46.431  1959  1974 D vendor.oplus.hardware.charger-V7-service: s_chg_user_mode: 3
07-29 08:43:46.431  1959  1974 D vendor.oplus.hardware.charger-V7-service: scale_chg Start!!!
07-29 08:43:46.431  1959  1974 D vendor.oplus.hardware.charger-V7-service: [0, 0, 3]
07-29 08:43:46.431  1959  1974 D vendor.oplus.hardware.charger-V7-service: [0, 2, 9]
07-29 08:43:46.431  1959  1974 D vendor.oplus.hardware.charger-V7-service: [0, 1, 3]
07-29 08:43:46.431  1959  1974 D vendor.oplus.hardware.charger-V7-service: [0, 3, 3]
07-29 08:43:46.431  1959  1974 D vendor.oplus.hardware.charger-V7-service: [0, 4, 3]
07-29 08:43:46.432  1959  1974 D vendor.oplus.hardware.charger-V7-service: [0, 5, 5]
07-29 08:43:46.432  1959  1974 D vendor.oplus.hardware.charger-V7-service: [0, 6, 9]
07-29 08:43:46.432  1959  1974 D vendor.oplus.hardware.charger-V7-service: scale_chg Start!!!
07-29 08:43:46.432  1959  1974 D vendor.oplus.hardware.charger-V7-service: [0, 0, 3]
07-29 08:43:46.432  1959  1974 D vendor.oplus.hardware.charger-V7-service: [0, 2, 10]
07-29 08:43:46.432  1959  1974 D vendor.oplus.hardware.charger-V7-service: [0, 1, 3]
07-29 08:43:46.432  1959  1974 D vendor.oplus.hardware.charger-V7-service: [0, 3, 3]
07-29 08:43:46.432  1959  1974 D vendor.oplus.hardware.charger-V7-service: [0, 4, 3]
07-29 08:43:46.432  1959  1974 D vendor.oplus.hardware.charger-V7-service: [0, 5, 3]
07-29 08:43:46.432  1959  1974 D vendor.oplus.hardware.charger-V7-service: [0, 6, 10]
07-29 08:43:46.438  1959  1988 D vendor.oplus.hardware.charger-V7-service: ret_value:111, read content:,336,360,4134,4131,-183,74,77,1,1,0,494,4652,76,1,4475,300,500,0,7,-22,7,0,1,0,2,0,0,0,1,6098,99,0,0,0,0,0,0,0
07-29 08:43:46.438  1959  1988 D vendor.oplus.hardware.charger-V7-service: gmtime: 2025-07-29-08-43-46
07-29 08:43:46.438  1959  1988 D vendor.oplus.hardware.charger-V7-service: usb_online:1, ac_online:-2147483648, wireless_online:0
07-29 08:43:46.592  1873  4378 I Dpps    : LtmSwState::SetParameter():144 ignore cmd 7 in state LtmOffState
07-29 08:43:46.669  1959  2013 D BatteryChargeControl: bcc get no support from charging protocol
07-29 08:43:46.669  1950  1950 D SensorFeature: name=ssc_screenshot_info ,index = 22
07-29 08:43:46.670  1950  1950 D SensorFeature: write 29 bytes:47747624772,57533405550,157,0
07-29 08:43:46.858  1782  4388 I sensors-hal: handle_oplus_wise_rgb_event:189, high_pwm_light:lux 260.3,cct 3603.4,brl/algo/ir 1438.0/2.0/17.2,pwm/dc 0.0/0.0,rgbc 20237.525391/12569.718750/5781.817871/37345.644531,ts 57494304526,cnt 830,flag 157
07-29 08:43:46.859  1873  4378 I Dpps    : LtmSwState::SetParameter():144 ignore cmd 7 in state LtmOffState
07-29 08:43:46.965  1892  1922 I [UAH_CLIENT]: UahRelease, handle:20
07-29 08:43:46.966  1892  1922 I [UAH_CLIENT]: UahPlatformResAcquire
07-29 08:43:46.966  1892  1922 I [UAH_CLIENT]: UahEventAcquire, cmdid:-3, pkg:1892 12995, identity:qcom-perfd
07-29 08:43:46.967  1892  1922 E PERFHAL-RESOURCEQS: PERFHAL-RESOURCEQS: AddAndApply() 130: Resource with major=18, minor=41 not supported
07-29 08:43:46.972  1950  1950 D SensorFeature: name=ssc_screenshot_info ,index = 22
07-29 08:43:46.972  1950  1950 D SensorFeature: write 29 bytes:47747624772,57836526331,158,0
07-29 08:43:46.997  1959  7386 D charge_time: type=sdp,reserve_soc=2,soc=74,ui_soc=77,current=183,avg=178,not_chg_cnt=0,stable_cnt=7,fcc=5724,fcc_ratio=94,delta=42,debug=0,region=13,ttf=13226(03:40:26),ui_ttf=10028(02:47:08)
07-29 08:43:47.095 12999 13084 I SystemFeature: operator:{oppo.cmcc.mp:false, browser.cmcc:false, browser.test.cmcc:false, browser.cmcc.bookmark:false, browser.test.cmcc.bookmark:false, browser.cmcc.home:false, browser.test.cmcc.home:false
07-29 08:43:47.095 12999 13084 I SystemFeature: cu.optr:false, browser.cu:false, browser.test.cu:false
07-29 08:43:47.095 12999 13084 I SystemFeature: ct.optr:false, browser.ct:false, browser.test.ct:false
07-29 08:43:47.095 12999 13084 I SystemFeature: }
07-29 08:43:47.099 12999 13084 I IdentityUtil: initIdentity: success, duidInit=true, uuid=d7830aefe1185a1d969e64bfc89f60a7
07-29 08:43:47.100  7601  7849 I OpenID  : com.heytap.pictorial:3142:ret:T
07-29 08:43:47.114 12999 13084 D Identity: nonceAndCounter: 700ad12c37db4756000000000000000c
07-29 08:43:47.125  1873  4378 I Dpps    : LtmSwState::SetParameter():144 ignore cmd 7 in state LtmOffState
07-29 08:43:47.157  3357  4333 V AlarmManager: sending alarm Alarm{e41d3cf type 3 origWhen 39273 whenElapsed 39273 android} uid 1000 whenElapsed 39273 windowLength 18750 maxWhenElapsed 58023 repeatInterval 0 action null component null tag WifiHealthMonitor Schedule Post-Boot Detection Timer flags 0x8 procName system_server
07-29 08:43:47.159  1112 13042 I keystore2: system/security/keystore2/watchdog/src/lib.rs:319 - Watchdog thread idle -> terminating. Have a great day.
07-29 08:43:47.274  1950  1950 D SensorFeature: name=ssc_screenshot_info ,index = 22
07-29 08:43:47.274  1950  1950 D SensorFeature: write 29 bytes:47747624772,58138503362,159,0
07-29 08:43:47.275  3357  5286 I InputDispatcher: injectInputEvent: targetUid=<not set>, syncMode=WAIT_FOR_FINISHED, timeout=30000ms, policyFlags=0x8000000, event=MotionEvent { action=DOWN, id[0]=0, x[0]=900, y[0]=30, eventTime=58140000000, downTime=58140000000, deviceId=4, source=TOUCHSCREEN, displayId=0, eventId=0xcee366eb}
07-29 08:43:47.276  2107  2983 D VRR [OTI]: handleIdle from 1 to 0
07-29 08:43:47.276  2107  2983 D VRR [OTI-HW]: isStateReady 0
07-29 08:43:47.276  2107  2983 D VRR [OTI-HW]: restore sys rate.
07-29 08:43:47.276  2107  2983 D VRR [RefreshRateDirector]: requestRefreshRateByOti update [ oti-hw, {fps=120, modePtr={id=4, vsyncRate=120.00 Hz, peakRefreshRate=120.00 Hz}} ]
07-29 08:43:47.276  2107  2983 D VRR [RefreshRateDirector]: selectBestFrameRate DirectorMapOti [oti-hw, {fps=120, modePtr={id=4, vsyncRate=120.00 Hz, peakRefreshRate=120.00 Hz}}]
07-29 08:43:47.276  2107  2983 D VRR [RefreshRateDirector]: updateBestFrameRate [oti-hw, {fps=120, modePtr={id=4, vsyncRate=120.00 Hz, peakRefreshRate=120.00 Hz}}]
07-29 08:43:47.276  3357  4741 I [UAH_CLIENT]: UahEventAcquire, cmdid:37, pkg:none, identity:OplusUAwareInputHelper
07-29 08:43:47.276  2107  2983 D SurfaceFlinger: VRR [SurfaceFlinger] setDesiredActiveMode: displayId: 4630946756802996883, renderRate: 120, vsyncRate: 120, event: 1
07-29 08:43:47.276  2107  2983 D DisplayModeController: setDesiredMode 4630946756802996883 {mode={fps=120.00 Hz, modePtr={id=4, vsyncRate=120.00 Hz, peakRefreshRate=120.00 Hz}}, emitEvent=true, force=false}
07-29 08:43:47.277  3357  4741 D UAH-UahAdaptHelper: adaptSetNotification identity = OplusUAwareInputHelpersrc = 1000 , type 0 ,p1 = -1 ,p2 = -1 ,p3 = -1 ,p4 =
07-29 08:43:47.277  3357  4741 I [UAH_CLIENT]: uahRuleCtl, ruleId:1000, status:0
07-29 08:43:47.277  3357  4580 D OMP_Detector: D:done mCurrStatus: 0
07-29 08:43:47.278  1892  1922 I [UAH_CLIENT]: UahPlatformResAcquire
07-29 08:43:47.278  1892  1922 I [UAH_CLIENT]: UahEventAcquire, cmdid:-3, pkg:2107 7006, identity:qcom-perfd
07-29 08:43:47.279  1892  1922 E PERFHAL-RESOURCEQS: PERFHAL-RESOURCEQS: AddAndApply() 130: Resource with major=18, minor=41 not supported
07-29 08:43:47.279  1892  1922 I [UAH_CLIENT]: UahRelease, handle:34
07-29 08:43:47.279  3357  3697 D PowerManagerService: userActivityNoUpdateLocked: groupId=0, eventTime=58140, event=touch, flags=0x0, uid=1000
07-29 08:43:47.279  4780  4780 V AutofillManager: requestHideFillUi(null): anchor = null
07-29 08:43:47.279  4780  4780 V Application: getAutofillClient(): null on super, trying to find activity thread
07-29 08:43:47.279  4780  4780 V Application: getAutofillClient(): none of the 0 activities on com.android.systemui.SystemUIApplication@5dc6e0d are top resumed nor have focus
07-29 08:43:47.279  4780  4780 V AutofillManager: No AutofillClient for com.android.systemui on context com.android.systemui.SystemUIApplication@5dc6e0d
07-29 08:43:47.280  4780  4780 I PluginSeedling--Capsule: CapsuleTouchEventHandler-->onInterceptTouchEvent interceptEvent: false
07-29 08:43:47.280  3357  3639 W UserAwareMgr: can not find match thread: GaussianBlur for process com.android.systemui
07-29 08:43:47.281  4780  5351 I [UAH_CLIENT]: UahEventAcquire, cmdid:97, pkg:none, identity:OsenseHelperImpl
07-29 08:43:47.281  4780  4780 I SystemUi--Common: ScrollTranslationValue-->resetPanelTranslationY
07-29 08:43:47.281  4780  4780 I SystemUi--QuickSettings: OplusPanelViewPagerController-->initExpanded downExpanded=NONE downOnRight=true targetPage=NOTIFICATION downOnYHotArea=true  isKeyguardShowing=false isOnKeyguard=false fractionListeners.size=0 currentQsFraction=0.0 currentNotifyFraction=0.0 hasCalledDownEvent=true getScrollXHotZone=([Rect(0, 0 - 1080, 2376)], [Rect(-1, -1 - -1, -1), Rect(157, 1999 - 283, 2125), Rect(823, 1999 - 949, 2125)]) getScrollYHotZone=Rect(0, 0 - 1080, 66) notifyExpandedFraction=0.0 isLastUpToExpand=false qsPanelView.translationX=0.0
07-29 08:43:47.281  4780  4780 I SystemUi--QuickSettings: OplusPanelViewPagerController-->shouldOpenQS  set targetPage=QS
07-29 08:43:47.281  4780  4780 I SystemUi--Common: ScrollTranslationValue-->resetPanelTranslationY
07-29 08:43:47.281  4780  4780 I SystemUi--QuickSettings: OplusPanelViewPagerController-->initExpanded downExpanded=NONE downOnRight=true targetPage=QS downOnYHotArea=true  isKeyguardShowing=false isOnKeyguard=false fractionListeners.size=0 currentQsFraction=0.0 currentNotifyFraction=0.0 hasCalledDownEvent=true getScrollXHotZone=([Rect(0, 0 - 1080, 2376)], [Rect(-1, -1 - -1, -1), Rect(157, 1999 - 283, 2125), Rect(823, 1999 - 949, 2125)]) getScrollYHotZone=Rect(0, 0 - 1080, 66) notifyExpandedFraction=0.0 isLastUpToExpand=false qsPanelView.translationX=0.0
07-29 08:43:47.281  4780  4780 I SystemUi--QuickSettings: OplusPanelViewPagerController-->shouldOpenQS  set targetPage=QS
07-29 08:43:47.281  4780  4780 I SystemUi--QuickSettings: OplusQSPageViewController-->reset(), pageList size:2 itemCount:2 oldIndex:0 curIndex:0
07-29 08:43:47.281  4780  4780 I SystemUi--QuickSettings: OplusQSRootViewController-->startExpandMotion event: 0, startTracking: false isClosing: false panelClosedOnDown: true
07-29 08:43:47.281  4780  4780 I SystemUi--QuickSettings: OplusQSRootViewController-->initialOffsetOnTouch: 0.0, panelClosedOnDown: true
07-29 08:43:47.281  4780  4780 I SystemUi--QuickSettings: OplusQSRootView-->disallowChildIntercept:false
07-29 08:43:47.282  4780  4780 I SystemUi--QuickSettings: OplusQSRootViewController-->startExpandMotion event: 0, startTracking: false isClosing: false panelClosedOnDown: true
07-29 08:43:47.282  4780  4780 I SystemUi--QuickSettings: OplusQSRootViewController-->initialOffsetOnTouch: 0.0, panelClosedOnDown: true
07-29 08:43:47.282  4780  4780 I SystemUi--QuickSettings: OplusQSRootViewController-->onTouchEvent() ACTION_DOWN, canSlideHToQSOnStatusBar:true, gestureWaitForTouchSlop:true, panelClosedOnDown:true, panelClosingOnDown:false, pointerIndex:0
07-29 08:43:47.282  3357  5286 I InputDispatcher: injectInputEvent: targetUid=<not set>, syncMode=WAIT_FOR_FINISHED, timeout=30000ms, policyFlags=0x8000000, event=MotionEvent { action=MOVE, id[0]=0, x[0]=900, y[0]=75.9668, eventTime=58147000000, downTime=58140000000, deviceId=4, source=TOUCHSCREEN, displayId=0, eventId=0xdcb5ced2}
07-29 08:43:47.282  3357  4741 I [UAH_CLIENT]: UahEventAcquire, cmdid:68, pkg:none, identity:OplusUAwareInputHelper
07-29 08:43:47.283  2107  2107 I DisplayModeController: hwc begin mode change to 8333333
07-29 08:43:47.283  2107  2107 I HWC2    : [0] setActiveConfigWithConstraints[4]
07-29 08:43:47.283  1873  6407 W SDM     : HWDeviceDRM::GetSupportedBitClkRate: Requested rate not supported: 1363200000
07-29 08:43:47.283  1873  6407 I SDM     : HWDeviceDRM::UpdateMixerAttributes: Mixer WxH 1440x3168-1 for Peripheral
07-29 08:43:47.283  1873  6407 I CwbService: CwbService::notifyConfigChange: display:0, config:4 size:4, sec.size():0
07-29 08:43:47.283  1873  2820 I CasManager: Fps changed from 60 to 120
07-29 08:43:47.283  1873  2820 I CasManager: Fps changed, not change bin, so trigger gain
07-29 08:43:47.283  1873  2820 W SDM     : DemuraIntfImpl::ProcessOemPluginGain: Thermal intf_ is nullptr 0, default to 25 degree
07-29 08:43:47.284  1873  6407 I CwbService: CwbService::notifyConfigChange: display: 0, config = 0
07-29 08:43:47.284  1873  2820 I SDM     : CasQcPlugIn::ProcessPerCompGainOppo: input params, mode:PWM, fps:120, dbv:1438
07-29 08:43:47.284  1873  2820 I SDM     : CasQcPlugIn::ProcessPerCompGainOppo: normalized bright_adj:1024, dbv:1438, bin_dbv:1083, 
07-29 08:43:47.284  1873  2820 I SDM     : CasQcPlugIn::ProcessPerCompGainOppo: gains print start =====================
07-29 08:43:47.284  1873  2820 I SDM     : CasQcPlugIn::ProcessPerCompGainOppo: gain --------------------------------
07-29 08:43:47.284  1873  2820 I SDM     : CasQcPlugIn::ProcessPerCompGainOppo: old: 0 0 0 57 90 322 1201 3072
07-29 08:43:47.284  1873  2820 I SDM     : CasQcPlugIn::ProcessPerCompGainOppo: new: 0 0 0 48 77 277 1034 3072
07-29 08:43:47.284  1873  2820 I SDM     : CasQcPlugIn::ProcessPerCompGainOppo: gain --------------------------------
07-29 08:43:47.284  1873  2820 I SDM     : CasQcPlugIn::ProcessPerCompGainOppo: old: 0 0 0 64 125 373 1336 3072
07-29 08:43:47.284  1873  2820 I SDM     : CasQcPlugIn::ProcessPerCompGainOppo: new: 0 0 0 54 98 373 1336 3072
07-29 08:43:47.284  1873  2820 I SDM     : CasQcPlugIn::ProcessPerCompGainOppo: gain --------------------------------
07-29 08:43:47.284  1873  2820 I SDM     : CasQcPlugIn::ProcessPerCompGainOppo: old: 0 0 0 42 83 323 1222 3072
07-29 08:43:47.284  1873  2820 I SDM     : CasQcPlugIn::ProcessPerCompGainOppo: new: 0 0 0 35 83 323 1222 3072
07-29 08:43:47.284  1873  2820 I SDM     : CasQcPlugIn::ProcessPerCompGainOppo: gains print end =======================
07-29 08:43:47.288  1873  2820 I SDM     : DemuraIntfImpl::StageAllData: Staged all data to Demura Driver!
07-29 08:43:47.288  1873  2820 I SDM     : HWPeripheralDRM::SetPanelFeature: Set Panel feature property 19
07-29 08:43:47.288  1873  2820 I SDM     : HWPeripheralDRM::SetPanelFeature: Set Panel feature property 7
07-29 08:43:47.288  1873  2820 I SDM     : DisplayBuiltIn::TriggerDemuraOemPlugIn: Trigger demura oem plugin success
07-29 08:43:47.288  1873  2158 I SDM     : DRMPanelFeatureMgr::ApplyDirtyFeature: Commited panel feature [enabled]: 20-272
07-29 08:43:47.288  1873  2158 I SDM     : DRMPanelFeatureMgr::ApplyDirtyFeature: Commited panel feature [enabled]: 8-271
07-29 08:43:47.292  4780  4780 I SystemUi--QuickSettings: OplusQSRootViewController-->startExpandMotion event: 2, startTracking: true isClosing: false panelClosedOnDown: true
07-29 08:43:47.292  4780  4780 I SystemUi--QuickSettings: OplusQSRootViewController-->endClosing()
07-29 08:43:47.292  4780  4780 I SystemUi--QuickSettings: QSPanelExpandFraction-->updateFraction, stiffness=500.0, finalPosition=0.22983399
07-29 08:43:47.292  3357  5286 I InputDispatcher: injectInputEvent: targetUid=<not set>, syncMode=WAIT_FOR_FINISHED, timeout=30000ms, policyFlags=0x8000000, event=MotionEvent { action=MOVE, id[0]=0, x[0]=900, y[0]=148.2, eventTime=58158000000, downTime=58140000000, deviceId=4, source=TOUCHSCREEN, displayId=0, eventId=0xcce69736}
07-29 08:43:47.293  3357  4352 D SystemGestures: detectSwipe: 1
07-29 08:43:47.305  2107  2107 D VRR-[OPlusRefreshRateSelector]: setCurrentModeId 4 type SA
07-29 08:43:47.305  2107  2983 D VRR [OTI-HW]: isStateReady 0
07-29 08:43:47.305  3357  3612 I DisplayDeviceRepository: Display device changed render timings: "Built-in Screen", renderFrameRate=120.00001, presentationDeadlineNanos=11333333, appVsyncOffsetNanos=1000000
07-29 08:43:47.305  2107  2983 D VRR [OTI-HW]: keep rate.
07-29 08:43:47.305  3357  3612 D LogicalDisplayExt: set displayInfo flag FLAG_ROTATES_WITH_CONTENT
07-29 08:43:47.306  3357  3612 D DisplayManagerServiceExtImpl: scheduleTraversalLocked intraversal=false
07-29 08:43:47.306  3357  3612 I DisplayManagerServiceExtImpl: handle logical display changed logicalDisplay=id=0,stack=0,content=true,displayInfo{stack=0,type=1,id=0,uId=local:4630946756802996883,state=ON,pkg=null}
07-29 08:43:47.306  3357  3612 D DisplayManagerService: Delivering display event: displayId=0, event=CHANGED
07-29 08:43:47.306  3357  3696 D BrightnessThermalClamper: Thermal status observer already started
07-29 08:43:47.306  3357  3696 D BrightnessPowerClamper: Power throttling data is missing for configuration data.
07-29 08:43:47.306  3357  3357 E OplusGestureAnimationManagerPolicy: mScreenHeight:2376 mScreenWidth:1080 mRotation:0
07-29 08:43:47.307  2095  2212 D AudioFlingerExtImpl: AudioFlingerExtImpl oplusSetParameters: keyvalue screen_state=on
07-29 08:43:47.307  2095  2212 D DeviceHalAidl: 0xb40000763527c200 DeviceHalAidl::setParameters
07-29 08:43:47.307  2095  2212 D DeviceHalAidl: setParameters: parameters: "screen_state=on"
07-29 08:43:47.307  1823  4493 I PAL: ResourceManager: setParameter: 11480: Screen State:1
07-29 08:43:47.308  3357  3610 D OplusVFXScreenEffectFeature: notifySFCompatWindowStateChange entered false
07-29 08:43:47.308  3357  3610 D FSS_FoldScreenBlackCoverController: displayChangeToOn, dc:Display{#0 state=ON size=1080x2376 ROTATION_0}
07-29 08:43:47.308  2107  2311 D [PREVIEW]: SF obtain preview_adapter: 0
07-29 08:43:47.308  2107  2311 D [PREVIEW]: TabletPreviewAdapter::parallel world 0
07-29 08:43:47.308  4624  4624 D CastManagerService: onDisplayChanged.
07-29 08:43:47.308  3357  3612 D DisplayManagerService: MSG_REQUEST_TRAVERSAL pendingCompleted=false
07-29 08:43:47.308  2095  2212 D DeviceHalAidl: 0xb40000763527c800 DeviceHalAidl::setParameters
07-29 08:43:47.308  2095  2212 D DeviceHalAidl: setParameters: parameters: "screen_state=on"
07-29 08:43:47.309  4780  4780 I SystemUi--QuickSettings: OplusQSRootViewController-->setQsVisible: true rawFraction:0.015674628
07-29 08:43:47.309  1823  4493 D AHAL_Module: updateScreenState: usb: 1
07-29 08:43:47.309  3357  5286 I InputDispatcher: injectInputEvent: targetUid=<not set>, syncMode=WAIT_FOR_FINISHED, timeout=30000ms, policyFlags=0x8000000, event=MotionEvent { action=MOVE, id[0]=0, x[0]=900, y[0]=253.267, eventTime=58174000000, downTime=58140000000, deviceId=4, source=TOUCHSCREEN, displayId=0, eventId=0xfd02bf83}
07-29 08:43:47.309  4780  4780 I SystemUi--QuickSettings: OplusQSRootViewController-->setListening: true
07-29 08:43:47.309  4780  4780 I SystemUi--QuickSettings: OplusLargeTileContainerViewController-->setListening listening=true
