device
--------- beginning of main
07-28 20:56:16.833  1991  1991 D SensorFeature: name=ssc_screenshot_info ,index = 22
07-28 20:56:16.833  1991  1991 D SensorFeature: write 29 bytes:47456852116,49623159616,129,0
07-28 20:56:16.977  1997  2033 D BatteryChargeControl: bcc get no support from charging protocol
07-28 20:56:16.999  1917  4377 I Dpps    : LtmSwState::SetParameter():144 ignore cmd 7 in state LtmOffState
07-28 20:56:17.104  1997  7295 D charge_time: type=sdp,reserve_soc=2,soc=47,ui_soc=49,current=47,avg=107,not_chg_cnt=4,stable_cnt=7,fcc=5724,fcc_ratio=94,delta=0,debug=0,region=16,ttf=46796(12:59:56),ui_ttf=20740(05:45:40)
07-28 20:56:17.136  1991  1991 D SensorFeature: name=ssc_screenshot_info ,index = 22
07-28 20:56:17.136  1991  1991 D SensorFeature: write 29 bytes:47456852116,49924652220,130,0
--------- beginning of system
07-28 20:56:17.197  3390  4327 D ActivityManager: Freezer deadlock watchdog
07-28 20:56:17.228 10498 10759 D BootUtil: savedDiffTime: 1753750527210, currentDiffTime: 1753750527210, isReboot: false
07-28 20:56:17.249  3390  3824 D VRR [OPlusGameStatusManager]: handleMessage: 7004
07-28 20:56:17.249  3390  3824 D VRR [OPlusGameStatusManager]: handleBrightnessDone
07-28 20:56:17.263  1823  4388 I sensors-hal: handle_oplus_wise_rgb_event:189, high_pwm_light:lux 264.8,cct 3593.5,brl/algo/ir 1441.0/2.0/17.3,pwm/dc 0.0/0.0,rgbc 20601.343750/12775.441406/5896.586914/37948.175781,ts 49872933953,cnt 670,flag 130
07-28 20:56:17.265  1917  4377 I Dpps    : LtmSwState::SetParameter():144 ignore cmd 7 in state LtmOffState
07-28 20:56:17.382  3263  3263 E OplusTouchDaemon: ts_run_service: shellback temperature updated 37 (37406)
07-28 20:56:17.437  1991  1991 D SensorFeature: name=ssc_screenshot_info ,index = 22
07-28 20:56:17.437  1991  1991 D SensorFeature: write 29 bytes:47456852116,50227211282,131,0
07-28 20:56:17.455  7520  7593 I SG::SettingManager: metisDomainObserver: data change. selfChange=false [base|com.oplus.pantanal.ums|1.5.5-f48228a]
07-28 20:56:17.459  8465 12896 I ContextAware_DomainProvider: ums getSubDomainInfo intentMap:{travel_preparation=travel, internal_aod_prompt=app_prompt, file_manager=system_tools, creation_activity=system_tools, internal_xiaobu=system_settings, takeout=life_service, terminals_cloud=system_tools, tips=system_settings, internal_assistant_screen=ASSISTANT_SCREEN, navigation=app_prompt, internal_intent_lib=system_tools, weather=system_tools, payment=financial_planning, internal_address_recognition=system_tools, communication=system_tools, train=travel, ridehailing=travel, repayment=financial_planning, course_reminder=workplace_learning, read=media_service, epidemic=travel, travel_service=life_service, movie_performance=life_service, living_expense_payment_reminder=life_service, application_suggestions=system_tools, open_wlan=system_settings, commute=life_service, clear_memory=system_settings, internal_upgrade=app_upgrade, close_torch=system_settings, flight=travel, movie_notice=life_service, event_services=media_service, game=system_tools, content_consult=media_service, sticky_note=system_tools, appointment_reminder=system_settings, departure_reminder=life_service, recording=system_tools, video=media_service, outdoor_activities=system_settings, festival_reminder=media_service, living_expenses=financial_planning, application_recommendat=system_tools, hotel=travel_epidemic, nearby_power_bank=life_service, audio=media_service, store_service=life_service, publictransit=travel, calendar=system_settings, delivery=life_service, internal_account_bind=account_bind, domestic_travel_service=life_service, xiaobu_assistant=system_tools, health=system_tools, app_usage=system_settings, meal=life_service, text_intent=system_tools, parking_service=travel, internal_demo_mode=sale_mode} [base|com.oplus.metis|1.5.5-f48228a]
07-28 20:56:17.464  8465 12896 I ContextAware_DomainProvider: ums getSubDomainInfo result:travel_preparation: true,internal_aod_prompt: false,file_manager: true,creation_activity: true,internal_xiaobu: false,takeout: true,terminals_cloud: true,tips: true,internal_assistant_screen: false,navigation: true,internal_intent_lib: false,weather: true,payment: true,internal_address_recognition: false,communication: true,train: true,ridehailing: true,repayment: true,course_reminder: true,read: true,epidemic: false,travel_service: true,movie_performance: true,living_expense_payment_reminder: true,application_suggestions: false,open_wlan: true,commute: true,clear_memory: true,internal_upgrade: false,close_torch: true,flight: true,movie_notice: true,event_services: true,game: true,content_consult: true,sticky_note: true,appointment_reminder: true,departure_reminder: true,recording: true,video: true,outdoor_activities: true,festival_reminder: false,living_expenses: false,application_recommendat: false,hotel: true,nearby_power_bank: true,audio: true,store_service: true,publictransit: true,calendar: true,delivery: true,internal_account_bind: false,domestic_travel_service: true,xiaobu_assistant: true,health: true,app_usage: true,meal: true,text_intent: true,parking_service: true,internal_demo_mode: false,
07-28 20:56:17.466  7520  7593 I SG::SettingManager: delete: []
07-28 20:56:17.466  7520  7593 I SG::SettingManager: query from metis: [CloudDataEntity(subDomain='travel_preparation', domain=travel), CloudDataEntity(subDomain='file_manager', domain=system_tools), CloudDataEntity(subDomain='creation_activity', domain=system_tools), CloudDataEntity(subDomain='takeout', domain=life_service), CloudDataEntity(subDomain='terminals_cloud', domain=system_tools), CloudDataEntity(subDomain='tips', domain=system_settings), CloudDataEntity(subDomain='navigation', domain=app_prompt), CloudDataEntity(subDomain='weather', domain=system_tools), CloudDataEntity(subDomain='payment', domain=financial_planning), CloudDataEntity(subDomain='communication', domain=system_tools), CloudDataEntity(subDomain='train', domain=travel), CloudDataEntity(subDomain='ridehailing', domain=travel), CloudDataEntity(subDomain='repayment', domain=financial_planning), CloudDataEntity(subDomain='course_reminder', domain=workplace_learning), CloudDataEntity(subDomain='read', domain=media_service), CloudDataEntity(subDomain='travel_service', domain=life_service), CloudDataEntity(subDomain='movie_performance', domain=life_service), CloudDataEntity(subDomain='living_expense_payment_reminder', domain=life_service), CloudDataEntity(subDomain='open_wlan', domain=system_settings), CloudDataEntity(subDomain='commute', domain=life_service), CloudDataEntity(subDomain='clear_memory', domain=system_settings), CloudDataEntity(subDomain='close_torch', domain=system_settings), CloudDataEntity(subDomain='flight', domain=travel), CloudDataEntity(subDomain='movie_notice', domain=life_service), CloudDataEntity(subDomain='event_services', domain=media_service), CloudDataEntity(subDomain='game', domain=system_tools), CloudDataEntity(subDomain='content_consult', domain=media_service), CloudDataEntity(subDomain='sticky_note', domain=system_tools), CloudDataEntity(subDomain='appointment_reminder', domain=system_settings), CloudDataEntity(subDomain='departure_reminder', domain=life_service), CloudDataEntity(subDomain='recording', domain=system_tools), CloudDataEntity(subDomain='video', domain=media_service), CloudDataEntity(subDomain='outdoor_activities', domain=system_settings), CloudDataEntity(subDomain='hotel', domain=travel_epidemic), CloudDataEntity(subDomain='nearby_power_bank', domain=life_service), CloudDataEntity(subDomain='audio', domain=media_service), CloudDataEntity(subDomain='store_service', domain=life_service), CloudDataEntity(subDomain='publictransit', domain=travel), CloudDataEntity(subDomain='calendar', domain=system_settings), CloudDataEntity(subDomain='delivery', domain=life_service), CloudDataEntity(subDomain='domestic_travel_service', domain=life_service), CloudDataEntity(subDomain='xiaobu_assistant', domain=system_tools), CloudDataEntity(subDomain='health', domain=system_tools), CloudDataEntity(subDomain='app_usage', domain=system_settings), CloudDataEntity(subDomain='meal', domain=life_service), CloudDataEntity(subDomain='text_intent', domain=system_tools), CloudDataEntity(subDomain='parking_service', domain=travel)]
07-28 20:56:17.474  6579  6622 E oiface  : sched_setaffinity failed
07-28 20:56:17.476  7520  9536 I SG::UpdateSubDomainUtil: updateWhenMetisChange forceUpdate: false
07-28 20:56:17.476  7520  9536 W SG::UpdateSubDomainUtil: allChangeDomains is empty!
07-28 20:56:17.476  1997  1997 D vendor.oplus.hardware.charger-V7-service: getChargerControl:
07-28 20:56:17.494  1992  1992 E PerformanceService: storage_feature: open /sys/devices/platform/soc/112b0000.ufshci//virtualtlcbuff fail
07-28 20:56:17.495  3390  5009 W BestClock: java.time.DateTimeException: Missing network time fix
07-28 20:56:17.495  3390  5009 W BestClock: java.time.DateTimeException: Missing network time fix
07-28 20:56:17.495  3390  5009 W BestClock: java.time.DateTimeException: Missing network time fix
07-28 20:56:17.530  1917  4377 I Dpps    : LtmSwState::SetParameter():144 ignore cmd 7 in state LtmOffState
07-28 20:56:17.740  1991  1991 D SensorFeature: name=ssc_screenshot_info ,index = 22
07-28 20:56:17.740  1991  1991 D SensorFeature: write 29 bytes:47456852116,50529214928,132,0
07-28 20:56:17.769  3390  3768 D OplusFeatureHDREnhanceBrightness: notifySfForceUpdate, mFlinger is null 
07-28 20:56:17.771  3390  3768 D OplusFeatureHDREnhanceBrightness: checkIsPlayingHDR isPlayingHDR=0 rotation=0 whiteApp=false battery=49
07-28 20:56:17.795  1823  4388 I sensors-hal: handle_oplus_wise_rgb_event:189, high_pwm_light:lux 265.1,cct 3600.6,brl/algo/ir 1441.0/2.0/16.9,pwm/dc 0.0/0.0,rgbc 20629.884766/12803.074219/5892.737793/37988.308594,ts 50478745672,cnt 680,flag 132
07-28 20:56:17.797  1917  4377 I Dpps    : LtmSwState::SetParameter():144 ignore cmd 7 in state LtmOffState
07-28 20:56:17.979  1997  2033 D BatteryChargeControl: bcc get no support from charging protocol
07-28 20:56:17.980  8334  9594 D ads_apk : [FetchAdStrategyEngine][2025-07-28 20:56:17.979][8334][GlobalWorkThread:69]:request from net but network disable
07-28 20:56:17.980  8334  9594 D ads_apk : [FetchAdStrategyEngine][2025-07-28 20:56:17.979][8334][GlobalWorkThread:69]:decay for refresh internalTime:24000,randomTime:7297
07-28 20:56:17.981  8334  9594 D ads_apk : [FetchAdStrategyEngine][2025-07-28 20:56:17.979][8334][GlobalWorkThread:69]:decay for refresh after:31297
07-28 20:56:17.981  8334  9594 D ads_apk : [FetchAdStrategyEngine][2025-07-28 20:56:17.979][8334][GlobalWorkThread:69]:looper to handler
07-28 20:56:18.043  1991  1991 D SensorFeature: name=ssc_screenshot_info ,index = 22
07-28 20:56:18.043  1991  1991 D SensorFeature: write 29 bytes:47456852116,50831630709,133,0
07-28 20:56:18.065  1917  4377 I Dpps    : LtmSwState::SetParameter():144 ignore cmd 7 in state LtmOffState
07-28 20:56:18.073  4891  6350 I PCDR-common_no_service[0]: lift forbidden
07-28 20:56:18.073  4891  6350 I PCDR-common_no_45g[0]: lift forbidden
07-28 20:56:18.106  1997  7295 D charge_time: write 20739s(05:45:39) to ttf, rc=7
07-28 20:56:18.106  1997  7295 D charge_time: type=sdp,reserve_soc=2,soc=47,ui_soc=49,current=47,avg=107,not_chg_cnt=5,stable_cnt=7,fcc=5724,fcc_ratio=94,delta=0,debug=0,region=16,ttf=46796(12:59:56),ui_ttf=20739(05:45:39)
07-28 20:56:18.177  3390  5648 W Binder  : Outgoing transactions from this process must be FLAG_ONEWAY
07-28 20:56:18.177  3390  5648 W Binder  : java.lang.Throwable
07-28 20:56:18.177  3390  5648 W Binder  : 	at android.os.BinderProxy.transact(BinderProxy.java:633)
07-28 20:56:18.177  3390  5648 W Binder  : 	at android.content.ContentProviderProxy.insert(ContentProviderNative.java:587)
07-28 20:56:18.177  3390  5648 W Binder  : 	at android.content.ContentProviderClient.insert(ContentProviderClient.java:347)
07-28 20:56:18.177  3390  5648 W Binder  : 	at android.content.ContentProviderClient.insert(ContentProviderClient.java:336)
07-28 20:56:18.177  3390  5648 W Binder  : 	at com.oplus.util.OplusStatisticsImpl.insert(OplusStatisticsImpl.java:307)
07-28 20:56:18.177  3390  5648 W Binder  : 	at com.oplus.util.OplusStatisticsImpl.sendDataToDCS(OplusStatisticsImpl.java:287)
07-28 20:56:18.177  3390  5648 W Binder  : 	at com.oplus.util.OplusStatisticsImpl.flushInternal(OplusStatisticsImpl.java:264)
07-28 20:56:18.177  3390  5648 W Binder  : 	at com.oplus.util.OplusStatisticsImpl.lambda$setDelayFlushJobIfNeed$4(OplusStatisticsImpl.java:211)
07-28 20:56:18.177  3390  5648 W Binder  : 	at com.oplus.util.OplusStatisticsImpl.$r8$lambda$4UYTp2NCu6Rml69JNqEuK7o54SI(Unknown Source:0)
07-28 20:56:18.177  3390  5648 W Binder  : 	at com.oplus.util.OplusStatisticsImpl$$ExternalSyntheticLambda5.run(D8$$SyntheticClass:0)
07-28 20:56:18.177  3390  5648 W Binder  : 	at java.util.concurrent.Executors$RunnableAdapter.call(Executors.java:487)
07-28 20:56:18.177  3390  5648 W Binder  : 	at java.util.concurrent.FutureTask.run(FutureTask.java:290)
07-28 20:56:18.177  3390  5648 W Binder  : 	at java.util.concurrent.ScheduledThreadPoolExecutor$ScheduledFutureTask.run(ScheduledThreadPoolExecutor.java:307)
07-28 20:56:18.177  3390  5648 W Binder  : 	at java.util.concurrent.ThreadPoolExecutor.runWorker(ThreadPoolExecutor.java:1145)
07-28 20:56:18.177  3390  5648 W Binder  : 	at java.util.concurrent.ThreadPoolExecutor$Worker.run(ThreadPoolExecutor.java:644)
07-28 20:56:18.177  3390  5648 W Binder  : 	at java.lang.Thread.run(Thread.java:1012)
07-28 20:56:18.346  1991  1991 D SensorFeature: name=ssc_screenshot_info ,index = 22
07-28 20:56:18.347  1991  1991 D SensorFeature: write 29 bytes:47456852116,51134977271,134,0
07-28 20:56:18.349  1823  4388 I sensors-hal: handle_oplus_wise_rgb_event:189, high_pwm_light:lux 264.4,cct 3599.0,brl/algo/ir 1441.0/2.0/17.9,pwm/dc 0.0/0.0,rgbc 20620.371094/12798.469727/5908.133789/38023.429688,ts 51051434266,cnt 690,flag 134
07-28 20:56:18.351  1917  4377 I Dpps    : LtmSwState::SetParameter():144 ignore cmd 7 in state LtmOffState
07-28 20:56:18.529  4891  5939 W BluetoothAdapterExtImpl: getBluetoothConnectionCountï¼šmOplusBluetooth null!
07-28 20:56:18.532  4891  5939 D TelephonyImpl: isRequestingMms
07-28 20:56:18.532  4891  5939 D TelephonyImpl: getReleaseMmsNetworkTime
07-28 20:56:18.534  4891  5939 D OplusDdsSwitchStrategy: Md,OplusCheckFeature,RETURN_TO_CUR_ACTION_DDS
07-28 20:56:18.593  1917  4377 I Dpps    : LtmSwState::SetParameter():144 ignore cmd 7 in state LtmOffState
07-28 20:56:18.640  3390  4343 V AlarmManager: sending alarm Alarm{f4db2c1 type 2 origWhen 51429 whenElapsed 51429 android} uid 1000 whenElapsed 51429 windowLength 0 maxWhenElapsed 51429 repeatInterval 0 action null component null tag $android.alarm.generated:1000:51429 flags 0x9 procName system_server
07-28 20:56:18.645  3390  3658 D LocationManagerService: network provider removed registration from 10154/com.coloros.assistantscreen/4DFAC03E
07-28 20:56:18.649  1991  1991 D SensorFeature: name=ssc_screenshot_info ,index = 22
07-28 20:56:18.649  1991  1991 D SensorFeature: write 29 bytes:47456852116,51437776386,135,0
07-28 20:56:18.684  3390  6889 D CompatChangeReporter: Compat change id reported: 297989574; UID 1000; state: ENABLED
07-28 20:56:18.687  5066  5066 D SubsysEventListenerManager-SubsysTelephonyCallback[0]: onCellInfoChanged
07-28 20:56:18.854  6698  6723 W System  : A resource failed to call AbstractCursor.close. 
07-28 20:56:18.854  6698  6723 W System  : A resource failed to call AbstractCursor.close. 
07-28 20:56:18.854  6698  6723 W System  : A resource failed to call AbstractCursor.close. 
07-28 20:56:18.854  6698  6723 W System  : A resource failed to call AbstractCursor.close. 
07-28 20:56:18.854  6698  6723 W System  : A resource failed to call AbstractCursor.close. 
07-28 20:56:18.854  6698  6723 W System  : A resource failed to call AbstractCursor.close. 
07-28 20:56:18.854  6698  6723 W System  : A resource failed to call AbstractCursor.close. 
07-28 20:56:18.854  6698  6723 W System  : A resource failed to call AbstractCursor.close. 
07-28 20:56:18.855  1823  4388 I sensors-hal: handle_oplus_wise_rgb_event:189, high_pwm_light:lux 264.7,cct 3600.8,brl/algo/ir 1441.0/2.0/17.6,pwm/dc 0.0/0.0,rgbc 20615.615234/12780.047852/5892.737793/37953.191406,ts 51384333380,cnt 700,flag 135
07-28 20:56:18.856  1917  4377 I Dpps    : LtmSwState::SetParameter():144 ignore cmd 7 in state LtmOffState
07-28 20:56:18.924  1818  1818 D healthd : system healthd: battery l=49 v=3866 t=34.0 h=2 st=2 c=-192 fc=5920000 cc=19 chg=u
07-28 20:56:18.950  1991  1991 D SensorFeature: name=ssc_screenshot_info ,index = 22
07-28 20:56:18.950  1991  1991 D SensorFeature: write 29 bytes:47456852116,51740114042,136,0
07-28 20:56:18.961  1997  1997 D vendor.oplus.hardware.charger-V7-service: get_ui_charge_icon_type 0 0 0 0 0
07-28 20:56:18.961  1997  1997 D vendor.oplus.hardware.charger-V7-service: oplus_chg_get_cpa_power 2500 charge_online 1 retention_topic 0
07-28 20:56:18.962  1997  1997 D vendor.oplus.hardware.charger-V7-service: oplus_chg_get_cpa_power 2500 charge_online 1 retention_topic 0
07-28 20:56:18.962  1997  1997 D vendor.oplus.hardware.charger-V7-service: getIsSingleHyperSupport=2, cpa_power=2
07-28 20:56:18.963  3390  4199 I OplusBatteryService: new battery critical data : 340,336,666
07-28 20:56:18.963  2805  2805 W criticallog: Reached BBinder::getInterfaceDescriptor (this=0xb400007df706b180). Override?
07-28 20:56:18.966  3390  3390 D OplusWifiBroadCastDispatcher: mBroadcastReceiver: onReceiver  action=android.intent.action.BATTERY_CHANGED
07-28 20:56:18.967  3390  3768 D OplusDisplayBrightnessBroadcastReceiver: onReceive action = android.intent.action.BATTERY_CHANGED , listeners = [com.android.server.display.OplusFeatureLowVoltageLimitBrightness$InstallVoltageBroadcastReceiver@8f19ffc, com.android.server.display.OplusFeatureHDREnhanceBrightness$PhoneInfoReceiver@6881685, com.android.server.display.OplusFeatureEdrEnhanceBrightness$PhoneInfoReceiver@4d06dbf]
07-28 20:56:18.967  3390  3768 I OplusFeatureLowVoltageLimitBrightness[P]: handleMessage MSG_BATTER_TEMPERATURE_CHAGNE changed = false temperature = 340 , battery = 49
07-28 20:56:18.967  4769  4769 I SystemUi--Statusbar: BatteryControllerExt-->updateBatteryChangeIntent():broadcast=android.intent.action.BATTERY_CHANGED,level=49,scale=100
07-28 20:56:18.967  4769  4769 I SystemUi--Statusbar: BatteryRepository-->level: 49 -- isSavingMode: false
07-28 20:56:18.968  3390  5268 D OplusCustomizeRestrictionManagerService: isSuperPowerSavingModeDisabled Pid: 4769, Uid: 10218
07-28 20:56:18.968  4877  4877 D DeviceStatisticsService: onReceive: action= android.intent.action.BATTERY_CHANGED
07-28 20:56:18.969  2805  2805 W criticallog: Reached BBinder::getInterfaceDescriptor (this=0xb400007df706b180). Override?
07-28 20:56:18.969  5066  5066 D SubsysBroadcastManager: onReceive action:android.intent.action.BATTERY_CHANGED
07-28 20:56:18.969  1997  1997 D vendor.oplus.hardware.charger-V7-service: getChargerControl:
07-28 20:56:18.969  5066  5066 D RFPowerBoostManager: current battery level is 49
07-28 20:56:18.969  3390  5268 D OplusCustomizeRestrictionManagerService: isSuperPowerSavingModeDisabled Pid: 4769, Uid: 10218
07-28 20:56:18.969  3390  6889 D OplusCustomizeRestrictionManagerService: isSuperPowerSavingModeDisabled Pid: 4769, Uid: 10218
07-28 20:56:18.969  3390  6889 D OplusCustomizeRestrictionManagerService: isSuperPowerSavingModeDisabled Pid: 4769, Uid: 10218
07-28 20:56:18.970  3390  3390 D EnvelopeDetectorController: isEnvelopeAssistantEnabled isCancelNotification: true currentUserId: 0 userId: 0
07-28 20:56:18.970  3390  3390 D EnvelopeDetectorController: isEnvelopeAssistantEnabled isCancelNotification: true currentUserId: 0 userId: 0
07-28 20:56:18.970  6628  9241 E Battery : ChargeProtectionUtils: mCanlendarTmp.isEmpty()!
07-28 20:56:18.971  4769  5041 I SystemUi--SystemUi--: OtgHelper-->OtgCurrentState = 1, mOtgLastState = 1
07-28 20:56:18.979  1997  2033 D BatteryChargeControl: bcc get no support from charging protocol
07-28 20:56:19.065  3390  4571 E OplusNetworkStackManager: initService mNetworkStackService is null, try again in 10s
07-28 20:56:19.108  1997  7295 D charge_time: type=sdp,reserve_soc=2,soc=47,ui_soc=49,current=192,avg=124,not_chg_cnt=0,stable_cnt=7,fcc=5724,fcc_ratio=94,delta=36,debug=0,region=16,ttf=40371(11:12:51),ui_ttf=20738(05:45:38)
07-28 20:56:19.122  3390  4325 D FusionLightNextGen: process end reported = 1, mode: 0, lux 498.3, cct -1.0, r/g/b/c: 20620.4/12826.1/5896.6/38023.4, R/G/B: 106.0/100.0/99.0, bri 1441.0, match 1.00, ir 0.017661, conf 0.0, ts 51716246766
07-28 20:56:19.123  1917  4377 I Dpps    : LtmSwState::SetParameter():144 ignore cmd 7 in state LtmOffState
07-28 20:56:19.256  1991  1991 D SensorFeature: name=ssc_screenshot_info ,index = 22
07-28 20:56:19.256  1991  1991 D SensorFeature: write 29 bytes:47456852116,52044579979,137,0
07-28 20:56:19.346  1802  1812 E Diag-Router: diag: glinkpkt_open: failed to create control node for slate_adsp
07-28 20:56:19.346  1802  1812 E Diag-Router: diag: diag_glinkpkt_open_thread: Glinkpkt_open failed for perif: 13 with err: -1, retry_cnt: 8
07-28 20:56:19.347  1802  1811 E Diag-Router: diag: glinkpkt_open: failed to create control node for slate_apps
07-28 20:56:19.347  1802  1811 E Diag-Router: diag: diag_glinkpkt_open_thread: Glinkpkt_open failed for perif: 12 with err: -1, retry_cnt: 8
07-28 20:56:19.353 12933 13067 D ProfileInstaller: Installing profile for com.oplus.linker
07-28 20:56:19.387  1823  4388 I sensors-hal: handle_oplus_wise_rgb_event:189, high_pwm_light:lux 264.7,cct 3598.2,brl/algo/ir 1441.0/2.0/17.4,pwm/dc 0.0/0.0,rgbc 20620.371094/12793.863281/5888.889160/37988.308594,ts 51990171922,cnt 710,flag 137
07-28 20:56:19.389  1917  4377 I Dpps    : LtmSwState::SetParameter():144 ignore cmd 7 in state LtmOffState
07-28 20:56:19.400  3390  4715 I Osense-BaseDecisionMaker: notifySceneToAthenaPolicy: SCENE_IDLE_RECOVER, bundle: Bundle[{scene=SCENE_IDLE_RECOVER}]
07-28 20:56:19.402  3390  4715 I Osense-BaseDecisionMaker: scene: SCENE_IDLE_RECOVER, excutingPolicy: respreload
07-28 20:56:19.402  3390  4715 D Osense-BaseDecisionMaker: invoke process preload policy
07-28 20:56:19.402  3390  4715 I Osense-BaseDecisionMaker: scene: SCENE_IDLE_RECOVER, excutingPolicy: clear
07-28 20:56:19.402  3390  4715 D Osense-BaseDecisionMaker: invoke clear policy,type: unforbid
07-28 20:56:19.402  3390  4715 I OsenseKillAction: KillAction: unhandled request: id=5, enable=true, scene=SCENE_IDLE_RECOVER, type=unforbid, cchOnly=false, appcare=0
07-28 20:56:19.479  3390  3697 D OomAdjuster: Not killing cached processes
07-28 20:56:19.526  6419 12033 D ContactsProvider: performBackgroundTask: task id: 20
07-28 20:56:19.526  6419 12033 D ContactsProvider: performBackgroundTask: task id: 24
07-28 20:56:19.526  6419 12033 D ContactsProvider: performBackgroundTask: task id: 21
07-28 20:56:19.526  6419 12033 D ContactsProvider: performBackgroundTask GET_QUICKSEARCH_VALUE
07-28 20:56:19.526  6419 12033 D ContactsProvider: performBackgroundTask: task id: 27
07-28 20:56:19.528  6419 12033 I com.customize.statistics.UploadStatisticsJobService: bootPermissionGranted : true
07-28 20:56:19.529  6419 12033 D ContactsProvider: performBackgroundTask: task id: 28
07-28 20:56:19.529  6419 12033 D ContactsProvider: performBackgroundTask: task id: 33
07-28 20:56:19.529  6419 12033 I ContactNumberHashHelper: start updateExistNumberHash
07-28 20:56:19.529  6419 12033 D ContactNumberHashHelper: updateExistNumberHash hasUpdated
07-28 20:56:19.562  1991  1991 D SensorFeature: name=ssc_screenshot_info ,index = 22
07-28 20:56:19.563  1991  1991 D SensorFeature: write 29 bytes:47456852116,52350397635,138,0
07-28 20:56:19.579  1997  2009 D vendor.oplus.hardware.charger-V7-service: s_chg_user_mode: 3
07-28 20:56:19.579  1997  2009 D vendor.oplus.hardware.charger-V7-service: scale_chg Start!!!
07-28 20:56:19.580  1997  2009 D vendor.oplus.hardware.charger-V7-service: [0, 0, 3]
07-28 20:56:19.580  1997  2009 D vendor.oplus.hardware.charger-V7-service: [0, 2, 9]
07-28 20:56:19.580  1997  2009 D vendor.oplus.hardware.charger-V7-service: [0, 1, 3]
07-28 20:56:19.580  1997  2009 D vendor.oplus.hardware.charger-V7-service: [0, 3, 3]
07-28 20:56:19.580  1997  2009 D vendor.oplus.hardware.charger-V7-service: [0, 4, 3]
07-28 20:56:19.580  1997  2009 D vendor.oplus.hardware.charger-V7-service: [0, 5, 5]
07-28 20:56:19.580  1997  2009 D vendor.oplus.hardware.charger-V7-service: [0, 6, 9]
07-28 20:56:19.580  1997  2009 D vendor.oplus.hardware.charger-V7-service: scale_chg Start!!!
07-28 20:56:19.580  1997  2009 D vendor.oplus.hardware.charger-V7-service: [0, 0, 3]
07-28 20:56:19.580  1997  2009 D vendor.oplus.hardware.charger-V7-service: [0, 2, 10]
07-28 20:56:19.580  1997  2009 D vendor.oplus.hardware.charger-V7-service: [0, 1, 3]
07-28 20:56:19.581  1997  2009 D vendor.oplus.hardware.charger-V7-service: [0, 3, 3]
07-28 20:56:19.581  1997  2009 D vendor.oplus.hardware.charger-V7-service: [0, 4, 3]
07-28 20:56:19.581  1997  2009 D vendor.oplus.hardware.charger-V7-service: [0, 5, 3]
07-28 20:56:19.581  1997  2009 D vendor.oplus.hardware.charger-V7-service: [0, 6, 10]
07-28 20:56:19.582  1997  2021 D vendor.oplus.hardware.charger-V7-service: ret_value:111, read content:,340,367,3866,3864,-192,47,49,1,1,0,494,4636,48,1,4475,300,500,0,7,-22,7,0,1,0,2,0,0,0,1,6098,99,0,0,0,0,0,0,0
07-28 20:56:19.582  1997  2021 D vendor.oplus.hardware.charger-V7-service: gmtime: 2025-07-28-20-56-19
07-28 20:56:19.582  1997  2021 D vendor.oplus.hardware.charger-V7-service: usb_online:1, ac_online:-2147483648, wireless_online:0
07-28 20:56:19.654  1917  4377 I Dpps    : LtmSwState::SetParameter():144 ignore cmd 7 in state LtmOffState
07-28 20:56:19.825  3390  4892 I OplusHansManager : uid=10157, pkg=com.baidu.input_oppo cannot transition from R to M, importance=input
07-28 20:56:19.865  1991  1991 D SensorFeature: name=ssc_screenshot_info ,index = 22
07-28 20:56:19.866  1991  1991 D SensorFeature: write 29 bytes:47456852116,52654290031,139,0
07-28 20:56:19.918  1823  4388 I sensors-hal: handle_oplus_wise_rgb_event:189, high_pwm_light:lux 264.6,cct 3602.9,brl/algo/ir 1441.0/2.0/17.9,pwm/dc 0.0/0.0,rgbc 20610.857422/12789.258789/5896.586914/37973.257812,ts 52603863433,cnt 720,flag 139
07-28 20:56:19.920  1917  4377 I Dpps    : LtmSwState::SetParameter():144 ignore cmd 7 in state LtmOffState
07-28 20:56:19.980  1997  2033 D BatteryChargeControl: bcc get no support from charging protocol
07-28 20:56:20.109  1997  7295 D charge_time: type=sdp,reserve_soc=2,soc=47,ui_soc=49,current=192,avg=141,not_chg_cnt=0,stable_cnt=7,fcc=5724,fcc_ratio=94,delta=37,debug=0,region=16,ttf=35499(09:51:39),ui_ttf=20737(05:45:37)
07-28 20:56:20.173  1991  1991 D SensorFeature: name=ssc_screenshot_info ,index = 22
07-28 20:56:20.174  1991  1991 D SensorFeature: write 29 bytes:47456852116,52961790396,140,0
07-28 20:56:20.189  1917  4377 I Dpps    : LtmSwState::SetParameter():144 ignore cmd 7 in state LtmOffState
07-28 20:56:20.240  3390  3694 D Theia.TransparentWindow: handleMessage CHECK_TRANS_WINDOW_ERROR_MSG
07-28 20:56:20.477  1991  1991 D SensorFeature: name=ssc_screenshot_info ,index = 22
07-28 20:56:20.477  1991  1991 D SensorFeature: write 29 bytes:47456852116,53265723520,141,0
07-28 20:56:20.480  1823  4388 I sensors-hal: handle_oplus_wise_rgb_event:189, high_pwm_light:lux 264.8,cct 3593.1,brl/algo/ir 1441.0/2.0/17.4,pwm/dc 0.0/0.0,rgbc 20606.101562/12807.679688/5900.435547/38028.445312,ts 53176716610,cnt 730,flag 141
07-28 20:56:20.482  1917  4377 I Dpps    : LtmSwState::SetParameter():144 ignore cmd 7 in state LtmOffState
07-28 20:56:20.721  1917  4377 I Dpps    : LtmSwState::SetParameter():144 ignore cmd 7 in state LtmOffState
07-28 20:56:20.779  1991  1991 D SensorFeature: name=ssc_screenshot_info ,index = 22
07-28 20:56:20.780  1991  1991 D SensorFeature: write 29 bytes:47456852116,53569115395,142,0
07-28 20:56:20.799  5066  5906 E OplusNetworkStackManager: initService mNetworkStackService is null, try again in 10s
07-28 20:56:20.983  1997  2033 D BatteryChargeControl: bcc get no support from charging protocol
07-28 20:56:20.983  1823  4388 I sensors-hal: handle_oplus_wise_rgb_event:189, high_pwm_light:lux 264.8,cct 3592.8,brl/algo/ir 1441.0/2.0/17.6,pwm/dc 0.0/0.0,rgbc 20615.615234/12793.863281/5896.586914/37993.324219,ts 53517921505,cnt 740,flag 142
07-28 20:56:20.985  1917  4377 I Dpps    : LtmSwState::SetParameter():144 ignore cmd 7 in state LtmOffState
07-28 20:56:21.087  1991  1991 D SensorFeature: name=ssc_screenshot_info ,index = 22
07-28 20:56:21.087  1991  1991 D SensorFeature: write 29 bytes:47456852116,53874866906,143,0
07-28 20:56:21.110  1997  7295 D charge_time: type=sdp,reserve_soc=2,soc=47,ui_soc=49,current=192,avg=158,not_chg_cnt=0,stable_cnt=7,fcc=5724,fcc_ratio=94,delta=38,debug=0,region=16,ttf=31675(08:47:55),ui_ttf=20736(05:45:36)
07-28 20:56:21.225  4830  6175 E OplusNetworkStackManager: initService mNetworkStackService is null, try again in 10s
07-28 20:56:21.251  1917  4377 I Dpps    : LtmSwState::SetParameter():144 ignore cmd 7 in state LtmOffState
07-28 20:56:21.390  1991  1991 D SensorFeature: name=ssc_screenshot_info ,index = 22
07-28 20:56:21.390  1991  1991 D SensorFeature: write 29 bytes:47456852116,54178456333,144,0
07-28 20:56:21.516  1823  4388 I sensors-hal: handle_oplus_wise_rgb_event:189, high_pwm_light:lux 264.9,cct 3595.6,brl/algo/ir 1441.0/2.0/17.3,pwm/dc 0.0/0.0,rgbc 20625.128906/12798.469727/5892.737793/37983.289062,ts 54123549526,cnt 750,flag 144
07-28 20:56:21.518  1917  4377 I Dpps    : LtmSwState::SetParameter():144 ignore cmd 7 in state LtmOffState
07-28 20:56:21.699  1991  1991 D SensorFeature: name=ssc_screenshot_info ,index = 22
07-28 20:56:21.699  1991  1991 D SensorFeature: write 29 bytes:47456852116,54487280968,145,0
07-28 20:56:21.780  3390  4325 D FusionLightNextGen: process end reported = 1, mode: 0, lux 499.6, cct -1.0, r/g/b/c: 20610.9/12784.7/5892.7/38028.4, R/G/B: 106.0/100.0/99.0, bri 1441.0, match 1.00, ir 0.016803, conf 0.0, ts 54463524370
07-28 20:56:21.781  1917  4377 I Dpps    : LtmSwState::SetParameter():144 ignore cmd 7 in state LtmOffState
07-28 20:56:21.987  1997  2033 D BatteryChargeControl: bcc get no support from charging protocol
07-28 20:56:22.003  1991  1991 D SensorFeature: name=ssc_screenshot_info ,index = 22
07-28 20:56:22.003  1991  1991 D SensorFeature: write 29 bytes:47456852116,54791449561,146,0
07-28 20:56:22.044  1823  4388 I sensors-hal: handle_oplus_wise_rgb_event:189, high_pwm_light:lux 265.6,cct 3604.2,brl/algo/ir 1441.0/2.0/16.7,pwm/dc 0.0/0.0,rgbc 20615.615234/12784.652344/5904.284668/37998.339844,ts 54737205412,cnt 760,flag 146
07-28 20:56:22.046  1917  4377 I Dpps    : LtmSwState::SetParameter():144 ignore cmd 7 in state LtmOffState
07-28 20:56:22.114  1997  7295 D charge_time: type=sdp,reserve_soc=2,soc=47,ui_soc=49,current=192,avg=175,not_chg_cnt=0,stable_cnt=7,fcc=5724,fcc_ratio=94,delta=39,debug=0,region=16,ttf=28594(07:56:34),ui_ttf=20735(05:45:35)
07-28 20:56:22.312  1991  1991 D SensorFeature: name=ssc_screenshot_info ,index = 22
07-28 20:56:22.312  1991  1991 D SensorFeature: write 29 bytes:47456852116,55100364926,147,0
07-28 20:56:22.317  1917  4377 I Dpps    : LtmSwState::SetParameter():144 ignore cmd 7 in state LtmOffState
07-28 20:56:22.475  6579  6622 E oiface  : sched_setaffinity failed
07-28 20:56:22.477  1997  1997 D vendor.oplus.hardware.charger-V7-service: getChargerControl:
07-28 20:56:22.494  1992  1992 E PerformanceService: storage_feature: open /sys/devices/platform/soc/112b0000.ufshci//virtualtlcbuff fail
07-28 20:56:22.497  3390  5274 W BestClock: java.time.DateTimeException: Missing network time fix
07-28 20:56:22.497  3390  5274 W BestClock: java.time.DateTimeException: Missing network time fix
07-28 20:56:22.498  3390  5147 W BestClock: java.time.DateTimeException: Missing network time fix
07-28 20:56:22.617  1991  1991 D SensorFeature: name=ssc_screenshot_info ,index = 22
07-28 20:56:22.617  1991  1991 D SensorFeature: write 29 bytes:47456852116,55405708103,148,0
07-28 20:56:22.620  1823  4388 I sensors-hal: handle_oplus_wise_rgb_event:189, high_pwm_light:lux 265.2,cct 3600.9,brl/algo/ir 1441.0/2.0/16.8,pwm/dc 0.0/0.0,rgbc 20601.343750/12816.890625/5896.586914/38003.359375,ts 55301803901,cnt 770,flag 148
07-28 20:56:22.622  1917  4377 I Dpps    : LtmSwState::SetParameter():144 ignore cmd 7 in state LtmOffState
07-28 20:56:22.843  1917  4377 I Dpps    : LtmSwState::SetParameter():144 ignore cmd 7 in state LtmOffState
07-28 20:56:22.927  1991  1991 D SensorFeature: name=ssc_screenshot_info ,index = 22
07-28 20:56:22.927  1991  1991 D SensorFeature: write 29 bytes:47456852116,55715023259,149,0
07-28 20:56:22.989  1997  2033 D BatteryChargeControl: bcc get no support from charging protocol
07-28 20:56:23.109  1823  4388 I sensors-hal: handle_oplus_wise_rgb_event:189, high_pwm_light:lux 264.3,cct 3601.0,brl/algo/ir 1441.0/2.0/18.1,pwm/dc 0.0/0.0,rgbc 20620.371094/12798.469727/5900.435547/38023.429688,ts 55659603016,cnt 780,flag 149
07-28 20:56:23.112  1917  4377 I Dpps    : LtmSwState::SetParameter():144 ignore cmd 7 in state LtmOffState
07-28 20:56:23.115  1997  7295 D charge_time: write 20734s(05:45:34) to ttf, rc=7
07-28 20:56:23.115  1997  7295 D charge_time: type=sdp,reserve_soc=2,soc=47,ui_soc=49,current=192,avg=192,not_chg_cnt=0,stable_cnt=7,fcc=5724,fcc_ratio=94,delta=40,debug=0,region=16,ttf=26059(07:14:19),ui_ttf=20734(05:45:34)
07-28 20:56:23.230  1991  1991 D SensorFeature: name=ssc_screenshot_info ,index = 22
07-28 20:56:23.232  1991  1991 D SensorFeature: write 29 bytes:47456852116,56018840811,150,0
07-28 20:56:23.232  1823  1936 I sensors-hal: get_display_brightness:818, light_iface: set screenshot_info [47456852116,56018840811,150,0]
07-28 20:56:23.303  6533  7484 E OplusNetworkStackManager: initService mNetworkStackService is null, try again in 10s
07-28 20:56:23.374  1917  4377 I Dpps    : LtmSwState::SetParameter():144 ignore cmd 7 in state LtmOffState
07-28 20:56:23.396 12437 12446 W System  : A resource failed to call close. 
07-28 20:56:23.396 12437 12446 W System  : A resource failed to call close. 
07-28 20:56:23.535  1991  1991 D SensorFeature: name=ssc_screenshot_info ,index = 22
07-28 20:56:23.535  1991  1991 D SensorFeature: write 29 bytes:47456852116,56323589040,151,0
07-28 20:56:23.641  1823  4388 I sensors-hal: handle_oplus_wise_rgb_event:189, high_pwm_light:lux 263.8,cct 3590.7,brl/algo/ir 1441.0/2.0/18.0,pwm/dc 0.0/0.0,rgbc 20568.046875/12761.625000/5885.040039/37943.156250,ts 56273562912,cnt 790,flag 151
07-28 20:56:23.643  1917  4377 I Dpps    : LtmSwState::SetParameter():144 ignore cmd 7 in state LtmOffState
07-28 20:56:23.838  1991  1991 D SensorFeature: name=ssc_screenshot_info ,index = 22
07-28 20:56:23.838  1991  1991 D SensorFeature: write 29 bytes:47456852116,56627015186,152,0
07-28 20:56:23.908  1917  4377 I Dpps    : LtmSwState::SetParameter():144 ignore cmd 7 in state LtmOffState
07-28 20:56:23.990  1997  2033 D BatteryChargeControl: bcc get no support from charging protocol
07-28 20:56:24.045  1818  1818 D healthd : system healthd: battery l=49 v=3868 t=33.9 h=2 st=2 c=-195 fc=5920000 cc=19 chg=u
07-28 20:56:24.083  1997  1997 D vendor.oplus.hardware.charger-V7-service: get_ui_charge_icon_type 0 0 0 0 0
07-28 20:56:24.084  1997  1997 D vendor.oplus.hardware.charger-V7-service: oplus_chg_get_cpa_power 2500 charge_online 1 retention_topic 0
07-28 20:56:24.084  1997  1997 D vendor.oplus.hardware.charger-V7-service: oplus_chg_get_cpa_power 2500 charge_online 1 retention_topic 0
07-28 20:56:24.084  1997  1997 D vendor.oplus.hardware.charger-V7-service: getIsSingleHyperSupport=2, cpa_power=2
07-28 20:56:24.087  3390  3749 D BatteryStatsImplExtImpl: mActiveProcesses size = 70
07-28 20:56:24.087  3390  3749 D BatteryStatsImplExtImpl: rpmhStats is null or interval time is too short.
07-28 20:56:24.090  3390  3390 D OplusWifiBroadCastDispatcher: mBroadcastReceiver: onReceiver  action=android.intent.action.BATTERY_CHANGED
07-28 20:56:24.090  4769  4769 I SystemUi--Statusbar: BatteryControllerExt-->updateBatteryChangeIntent():broadcast=android.intent.action.BATTERY_CHANGED,level=49,scale=100
07-28 20:56:24.090  4769  4769 I SystemUi--Statusbar: BatteryRepository-->level: 49 -- isSavingMode: false
07-28 20:56:24.090  5066  5066 D SubsysBroadcastManager: onReceive action:android.intent.action.BATTERY_CHANGED
07-28 20:56:24.090  3390  5274 D OplusCustomizeRestrictionManagerService: isSuperPowerSavingModeDisabled Pid: 4769, Uid: 10218
07-28 20:56:24.090  5066  5066 D RFPowerBoostManager: current battery level is 49
07-28 20:56:24.091  3390  5274 D OplusCustomizeRestrictionManagerService: isSuperPowerSavingModeDisabled Pid: 4769, Uid: 10218
07-28 20:56:24.091  3390  3768 D OplusDisplayBrightnessBroadcastReceiver: onReceive action = android.intent.action.BATTERY_CHANGED , listeners = [com.android.server.display.OplusFeatureLowVoltageLimitBrightness$InstallVoltageBroadcastReceiver@8f19ffc, com.android.server.display.OplusFeatureHDREnhanceBrightness$PhoneInfoReceiver@6881685, com.android.server.display.OplusFeatureEdrEnhanceBrightness$PhoneInfoReceiver@4d06dbf]
07-28 20:56:24.091  3390  3768 I OplusFeatureLowVoltageLimitBrightness[P]: handleMessage MSG_BATTER_TEMPERATURE_CHAGNE changed = false temperature = 339 , battery = 49
07-28 20:56:24.092  4877  4877 D DeviceStatisticsService: onReceive: action= android.intent.action.BATTERY_CHANGED
07-28 20:56:24.092  3390  5147 D OplusCustomizeRestrictionManagerService: isSuperPowerSavingModeDisabled Pid: 4769, Uid: 10218
07-28 20:56:24.092  3390  5147 D OplusCustomizeRestrictionManagerService: isSuperPowerSavingModeDisabled Pid: 4769, Uid: 10218
07-28 20:56:24.092  1997  1997 D vendor.oplus.hardware.charger-V7-service: getChargerControl:
07-28 20:56:24.094  4769  5041 I SystemUi--SystemUi--: OtgHelper-->OtgCurrentState = 1, mOtgLastState = 1
07-28 20:56:24.095  6628  9241 E Battery : ChargeProtectionUtils: mCanlendarTmp.isEmpty()!
07-28 20:56:24.095  3390  3390 D EnvelopeDetectorController: isEnvelopeAssistantEnabled isCancelNotification: true currentUserId: 0 userId: 0
07-28 20:56:24.095  3390  3390 D EnvelopeDetectorController: isEnvelopeAssistantEnabled isCancelNotification: true currentUserId: 0 userId: 0
07-28 20:56:24.116  1997  7295 D charge_time: type=sdp,reserve_soc=2,soc=47,ui_soc=49,current=193,avg=192,not_chg_cnt=0,stable_cnt=7,fcc=5724,fcc_ratio=94,delta=41,debug=0,region=16,ttf=26058(07:14:18),ui_ttf=20733(05:45:33)
07-28 20:56:24.140  1991  1991 D SensorFeature: name=ssc_screenshot_info ,index = 22
07-28 20:56:24.140  1991  1991 D SensorFeature: write 29 bytes:47456852116,56929301332,153,0
07-28 20:56:24.172  1823  4388 I sensors-hal: handle_oplus_wise_rgb_event:189, high_pwm_light:lux 264.7,cct 3600.3,brl/algo/ir 1441.0/2.0/17.3,pwm/dc 0.0/0.0,rgbc 20596.585938/12780.047852/5885.040039/37908.039062,ts 56879052078,cnt 800,flag 153
07-28 20:56:24.174  1917  4377 I Dpps    : LtmSwState::SetParameter():144 ignore cmd 7 in state LtmOffState
07-28 20:56:24.347  1802  1812 E Diag-Router: diag: glinkpkt_open: failed to create control node for slate_adsp
07-28 20:56:24.347  1802  1812 E Diag-Router: diag: diag_glinkpkt_open_thread: Glinkpkt_open failed for perif: 13 with err: -1, retry_cnt: 9
07-28 20:56:24.347  1802  1811 E Diag-Router: diag: glinkpkt_open: failed to create control node for slate_apps
07-28 20:56:24.347  1802  1811 E Diag-Router: diag: diag_glinkpkt_open_thread: Glinkpkt_open failed for perif: 12 with err: -1, retry_cnt: 9
07-28 20:56:24.444  1991  1991 D SensorFeature: name=ssc_screenshot_info ,index = 22
07-28 20:56:24.444  1991  1991 D SensorFeature: write 29 bytes:47456852116,57232183311,154,0
07-28 20:56:24.447  3390  4325 D FusionLightNextGen: process end reported = 1, mode: 0, lux 496.6, cct -1.0, r/g/b/c: 20601.3/12775.4/5900.4/37963.2, R/G/B: 106.0/100.0/99.0, bri 1441.0, match 1.00, ir 0.017611, conf 0.0, ts 57194513433
07-28 20:56:24.448  1917  4377 I Dpps    : LtmSwState::SetParameter():144 ignore cmd 7 in state LtmOffState
07-28 20:56:24.581  1997  2009 D vendor.oplus.hardware.charger-V7-service: s_chg_user_mode: 3
07-28 20:56:24.581  1997  2009 D vendor.oplus.hardware.charger-V7-service: scale_chg Start!!!
07-28 20:56:24.582  1997  2009 D vendor.oplus.hardware.charger-V7-service: [0, 0, 3]
07-28 20:56:24.582  1997  2009 D vendor.oplus.hardware.charger-V7-service: [0, 2, 9]
07-28 20:56:24.582  1997  2009 D vendor.oplus.hardware.charger-V7-service: [0, 1, 3]
07-28 20:56:24.582  1997  2009 D vendor.oplus.hardware.charger-V7-service: [0, 3, 3]
07-28 20:56:24.582  1997  2009 D vendor.oplus.hardware.charger-V7-service: [0, 4, 3]
07-28 20:56:24.582  1997  2009 D vendor.oplus.hardware.charger-V7-service: [0, 5, 5]
07-28 20:56:24.582  1997  2009 D vendor.oplus.hardware.charger-V7-service: [0, 6, 9]
07-28 20:56:24.582  1997  2009 D vendor.oplus.hardware.charger-V7-service: scale_chg Start!!!
07-28 20:56:24.582  1997  2009 D vendor.oplus.hardware.charger-V7-service: [0, 0, 3]
07-28 20:56:24.582  1997  2009 D vendor.oplus.hardware.charger-V7-service: [0, 2, 10]
07-28 20:56:24.583  1997  2009 D vendor.oplus.hardware.charger-V7-service: [0, 1, 3]
07-28 20:56:24.583  1997  2021 D vendor.oplus.hardware.charger-V7-service: ret_value:111, read content:,339,363,3868,3864,-195,47,49,1,1,0,494,4634,48,1,4475,300,500,0,7,-22,7,0,1,0,2,0,0,0,1,6098,99,0,0,0,0,0,0,0
07-28 20:56:24.583  1997  2021 D vendor.oplus.hardware.charger-V7-service: gmtime: 2025-07-28-20-56-24
07-28 20:56:24.583  1997  2009 D vendor.oplus.hardware.charger-V7-service: [0, 3, 3]
07-28 20:56:24.583  1997  2009 D vendor.oplus.hardware.charger-V7-service: [0, 4, 3]
07-28 20:56:24.583  1997  2009 D vendor.oplus.hardware.charger-V7-service: [0, 5, 3]
07-28 20:56:24.583  1997  2021 D vendor.oplus.hardware.charger-V7-service: usb_online:1, ac_online:-2147483648, wireless_online:0
07-28 20:56:24.583  1997  2009 D vendor.oplus.hardware.charger-V7-service: [0, 6, 10]
07-28 20:56:24.700  1823  4388 I sensors-hal: handle_oplus_wise_rgb_event:189, high_pwm_light:lux 265.1,cct 3599.1,brl/algo/ir 1441.0/2.0/17.1,pwm/dc 0.0/0.0,rgbc 20610.857422/12780.047852/5885.040039/37978.273438,ts 57228849214,cnt 810,flag 154
07-28 20:56:24.701  1917  4377 I Dpps    : LtmSwState::SetParameter():144 ignore cmd 7 in state LtmOffState
07-28 20:56:24.746  1991  1991 D SensorFeature: name=ssc_screenshot_info ,index = 22
07-28 20:56:24.746  1991  1991 D SensorFeature: write 29 bytes:47456852116,57535506071,155,0
07-28 20:56:24.760  1932  1966 I [UAH_CLIENT]: UahRelease, handle:23
07-28 20:56:24.760  1932  1966 I [UAH_CLIENT]: UahPlatformResAcquire
07-28 20:56:24.760  1932  1966 I [UAH_CLIENT]: UahEventAcquire, cmdid:-3, pkg:1932 12982, identity:qcom-perfd
07-28 20:56:24.761  1932  1966 E PERFHAL-RESOURCEQS: PERFHAL-RESOURCEQS: AddAndApply() 130: Resource with major=18, minor=41 not supported
07-28 20:56:24.831  3390  4892 I OplusHansManager : uid=10157, pkg=com.baidu.input_oppo cannot transition from R to M, importance=input
07-28 20:56:24.906 12986 13070 I SystemFeature: operator:{oppo.cmcc.mp:false, browser.cmcc:false, browser.test.cmcc:false, browser.cmcc.bookmark:false, browser.test.cmcc.bookmark:false, browser.cmcc.home:false, browser.test.cmcc.home:false
07-28 20:56:24.906 12986 13070 I SystemFeature: cu.optr:false, browser.cu:false, browser.test.cu:false
07-28 20:56:24.906 12986 13070 I SystemFeature: ct.optr:false, browser.ct:false, browser.test.ct:false
07-28 20:56:24.906 12986 13070 I SystemFeature: }
07-28 20:56:24.911 12986 13070 I IdentityUtil: initIdentity: success, duidInit=true, uuid=d7830aefe1185a1d969e64bfc89f60a7
07-28 20:56:24.913  7730  7791 I OpenID  : com.heytap.pictorial:3142:ret:T
07-28 20:56:24.928 12986 13070 D Identity: nonceAndCounter: e02b0e5230f1c10b0000000000000006
07-28 20:56:24.953  1137 13026 I keystore2: system/security/keystore2/watchdog/src/lib.rs:319 - Watchdog thread idle -> terminating. Have a great day.
07-28 20:56:24.966  1917  4377 I Dpps    : LtmSwState::SetParameter():144 ignore cmd 7 in state LtmOffState
07-28 20:56:24.990  1997  2033 D BatteryChargeControl: bcc get no support from charging protocol
07-28 20:56:25.044  3390  5147 I InputDispatcher: injectInputEvent: targetUid=<not set>, syncMode=WAIT_FOR_FINISHED, timeout=30000ms, policyFlags=0x8000000, event=MotionEvent { action=DOWN, id[0]=0, x[0]=900, y[0]=30, eventTime=57834000000, downTime=57834000000, deviceId=4, source=TOUCHSCREEN, displayId=0, eventId=0xed4ee7fc}
07-28 20:56:25.045  2158  3037 D VRR [OTI]: handleIdle from 1 to 0
07-28 20:56:25.045  2158  3037 D VRR [OTI-HW]: isStateReady 0
07-28 20:56:25.045  3390  4729 I [UAH_CLIENT]: UahEventAcquire, cmdid:37, pkg:none, identity:OplusUAwareInputHelper
07-28 20:56:25.045  2158  3037 D VRR [OTI-HW]: restore sys rate.
07-28 20:56:25.045  2158  3037 D VRR [RefreshRateDirector]: requestRefreshRateByOti update [ oti-hw, {fps=120, modePtr={id=4, vsyncRate=120.00 Hz, peakRefreshRate=120.00 Hz}} ]
07-28 20:56:25.045  2158  3037 D VRR [RefreshRateDirector]: selectBestFrameRate DirectorMapOti [oti-hw, {fps=120, modePtr={id=4, vsyncRate=120.00 Hz, peakRefreshRate=120.00 Hz}}]
07-28 20:56:25.045  2158  3037 D VRR [RefreshRateDirector]: updateBestFrameRate [oti-hw, {fps=120, modePtr={id=4, vsyncRate=120.00 Hz, peakRefreshRate=120.00 Hz}}]
07-28 20:56:25.045  2158  3037 D SurfaceFlinger: VRR [SurfaceFlinger] setDesiredActiveMode: displayId: 4630946756802996883, renderRate: 120, vsyncRate: 120, event: 1
07-28 20:56:25.045  2158  3037 D DisplayModeController: setDesiredMode 4630946756802996883 {mode={fps=120.00 Hz, modePtr={id=4, vsyncRate=120.00 Hz, peakRefreshRate=120.00 Hz}}, emitEvent=true, force=false}
07-28 20:56:25.046  3390  4729 D UAH-UahAdaptHelper: adaptSetNotification identity = OplusUAwareInputHelpersrc = 1000 , type 0 ,p1 = -1 ,p2 = -1 ,p3 = -1 ,p4 =
07-28 20:56:25.046  3390  4729 I [UAH_CLIENT]: uahRuleCtl, ruleId:1000, status:0
07-28 20:56:25.046  3390  4562 D OMP_Detector: D:done mCurrStatus: 0
07-28 20:56:25.046  3390  3767 D PowerManagerService: userActivityNoUpdateLocked: groupId=0, eventTime=57834, event=touch, flags=0x0, uid=1000
07-28 20:56:25.047  1932  1966 I [UAH_CLIENT]: UahPlatformResAcquire
07-28 20:56:25.047  1932  1966 I [UAH_CLIENT]: UahEventAcquire, cmdid:-3, pkg:2158 7041, identity:qcom-perfd
07-28 20:56:25.047  1932  1966 E PERFHAL-RESOURCEQS: PERFHAL-RESOURCEQS: AddAndApply() 130: Resource with major=18, minor=41 not supported
07-28 20:56:25.047  4769  4769 V AutofillManager: requestHideFillUi(null): anchor = null
07-28 20:56:25.047  1932  1966 I [UAH_CLIENT]: UahRelease, handle:39
07-28 20:56:25.047  4769  4769 V Application: getAutofillClient(): null on super, trying to find activity thread
07-28 20:56:25.047  4769  4769 V Application: getAutofillClient(): none of the 0 activities on com.android.systemui.SystemUIApplication@b18d223 are top resumed nor have focus
07-28 20:56:25.047  4769  4769 V AutofillManager: No AutofillClient for com.android.systemui on context com.android.systemui.SystemUIApplication@b18d223
07-28 20:56:25.048  1991  1991 D SensorFeature: name=ssc_screenshot_info ,index = 22
07-28 20:56:25.048  1991  1991 D SensorFeature: write 29 bytes:47456852116,57837598362,156,0
07-28 20:56:25.048  2158  2158 I DisplayModeController: hwc begin mode change to 8333333
07-28 20:56:25.048  2158  2158 I HWC2    : [0] setActiveConfigWithConstraints[4]
07-28 20:56:25.048  4769  4769 I PluginSeedling--Capsule: CapsuleTouchEventHandler-->onInterceptTouchEvent interceptEvent: false
07-28 20:56:25.049  1917  3831 W SDM     : HWDeviceDRM::GetSupportedBitClkRate: Requested rate not supported: 1363200000
07-28 20:56:25.049  1917  3831 I SDM     : HWDeviceDRM::UpdateMixerAttributes: Mixer WxH 1440x3168-1 for Peripheral
07-28 20:56:25.049  3390  3696 W UserAwareMgr: can not find match thread: GaussianBlur for process com.android.systemui
07-28 20:56:25.049  1917  3831 I CwbService: CwbService::notifyConfigChange: display:0, config:4 size:4, sec.size():0
07-28 20:56:25.049  1917  2753 I CasManager: Fps changed from 60 to 120
07-28 20:56:25.049  1917  3831 I CwbService: CwbService::notifyConfigChange: display: 0, config = 0
07-28 20:56:25.049  1917  2753 I CasManager: Fps changed, not change bin, so trigger gain
07-28 20:56:25.049  1917  2753 W SDM     : DemuraIntfImpl::ProcessOemPluginGain: Thermal intf_ is nullptr 0, default to 25 degree
07-28 20:56:25.049  1917  2753 I SDM     : CasQcPlugIn::ProcessPerCompGainOppo: input params, mode:PWM, fps:120, dbv:1441
07-28 20:56:25.049  1917  2753 I SDM     : CasQcPlugIn::ProcessPerCompGainOppo: normalized bright_adj:1024, dbv:1441, bin_dbv:1083, 
07-28 20:56:25.049  1917  2753 I SDM     : CasQcPlugIn::ProcessPerCompGainOppo: gains print start =====================
07-28 20:56:25.049  1917  2753 I SDM     : CasQcPlugIn::ProcessPerCompGainOppo: gain --------------------------------
07-28 20:56:25.049  1917  2753 I SDM     : CasQcPlugIn::ProcessPerCompGainOppo: old: 0 0 0 57 90 322 1201 3072
07-28 20:56:25.049  1917  2753 I SDM     : CasQcPlugIn::ProcessPerCompGainOppo: new: 0 0 0 48 77 277 1035 3072
07-28 20:56:25.049  1917  2753 I SDM     : CasQcPlugIn::ProcessPerCompGainOppo: gain --------------------------------
07-28 20:56:25.049  1917  2753 I SDM     : CasQcPlugIn::ProcessPerCompGainOppo: old: 0 0 0 64 125 373 1336 3072
07-28 20:56:25.049  1917  2753 I SDM     : CasQcPlugIn::ProcessPerCompGainOppo: new: 0 0 0 53 99 373 1336 3072
07-28 20:56:25.049  1917  2753 I SDM     : CasQcPlugIn::ProcessPerCompGainOppo: gain --------------------------------
07-28 20:56:25.049  1917  2753 I SDM     : CasQcPlugIn::ProcessPerCompGainOppo: old: 0 0 0 42 83 323 1222 3072
07-28 20:56:25.049  1917  2753 I SDM     : CasQcPlugIn::ProcessPerCompGainOppo: new: 0 0 0 35 83 323 1222 3072
