07-29 08:33:41.336  5172  6015 D cellularState[0]: handleMessage: E msg.what=4
07-29 08:33:41.336  4846  5262 I SystemUi--Statusbar: MobileConnectionRepositoryImpl-->subId:1 isSoftSimCard:false slotId:0
07-29 08:33:41.337  3449  4194 I MemoryOperationUtils: add 13115 to inactive
07-29 08:33:41.337  3449  3546 W ContextImpl: Calling a method in the system process without a qualified user: android.app.ContextImpl.sendBroadcastMultiplePermissions:1344 com.android.server.TelephonyRegistry.broadcastServiceStateChanged:3754 com.android.server.TelephonyRegistry.notifyServiceStateForPhoneId:1787 com.android.internal.telephony.ITelephonyRegistry$Stub.onTransact:546 android.os.Binder.execTransactInternal:1523 
07-29 08:33:41.338  3449  3546 W ContextImpl: Calling a method in the system process without a qualified user: android.app.ContextImpl.sendBroadcastMultiplePermissions:1344 com.android.server.TelephonyRegistry.broadcastServiceStateChanged:3760 com.android.server.TelephonyRegistry.notifyServiceStateForPhoneId:1787 com.android.internal.telephony.ITelephonyRegistry$Stub.onTransact:546 android.os.Binder.execTransactInternal:1523 
07-29 08:33:41.338  4928  4928 D MultiSimSettingController: notifySubscriptionInfoChanged
07-29 08:33:41.338  3449  4498 V NetworkPolicy: onSubscriptionsChanged
07-29 08:33:41.339  3449  3449 I AS.AudioService: onSubscriptionsChanged()
07-29 08:33:41.339  4928  6216 E PhoneInterfaceManager: getServiceStateForSlot retuning null for invalid slotIndex=-1
07-29 08:33:41.339  5864  5864 D CellBroadcastReceiver: onReceive Intent { act=android.intent.action.SERVICE_STATE flg=0x1000010 cmp=com.android.cellbroadcastreceiver.module/com.android.cellbroadcastreceiver.CellBroadcastReceiver (has extras) }
07-29 08:33:41.339  5864  5864 D CellBroadcastReceiver: onServiceStateChanged, ss: 1
07-29 08:33:41.339  5864  5864 D CellBroadcastReceiver: networkOperator: 
07-29 08:33:41.340  3449  3546 W BestClock: java.time.DateTimeException: Missing network time fix
07-29 08:33:41.340  5141  5141 D QCNEJ/WwanInfoRelay: onSubscriptionsChanged currDDSId: 1 new DDS 1
07-29 08:33:41.340  5002  5984 D NAS-CallIssueDetector: onServiceStateChanged
07-29 08:33:41.340  5002  5984 D OplusCiwlanController: [vodata] processServiceStateChanged  phoneid = 0, original roaming type = 0,roaming type = 0
07-29 08:33:41.340  5002  5984 D OplusCiwlanController: [vodata] processServiceStateChanged  phoneid = 1, original roaming type = 0,roaming type = 0
07-29 08:33:41.341  5002  5978 D T-Recommend: onPreHandleMessage 1000
07-29 08:33:41.341  5141  5141 D QCNEJ/DataCallAgent: onSubscriptionsChanged: new DDS 1
07-29 08:33:41.341  6555  6740 I midasd  : OplusObrainService::notifyEventInt eventId:38 iParam:20
07-29 08:33:41.341  5002  5981 D OplusLinkBoostCommon: dds servicestate change
07-29 08:33:41.341  5141  8667 D QCNEJ/DataCallAgent: phoneCount: 2
07-29 08:33:41.341  5141  8667 D QCNEJ/DataCallAgent: subs for 0th slot: [1]
07-29 08:33:41.341  5141  8667 D QCNEJ/DataCallAgent: mSubInfoReady[0] is set to true
07-29 08:33:41.341  5141  8667 D QCNEJ/DataCallAgent: subs for 1th slot: [-1]
07-29 08:33:41.341  5002  5978 E CellularEvent: nri null ps
07-29 08:33:41.341  5002  5978 E CellularEvent: invalid nri
07-29 08:33:41.341  5002  5978 D T-Recommend: onPostHandleMessage 1000
07-29 08:33:41.341  5172  6015 D cellularState[0]: processMsg: DataCallingState
07-29 08:33:41.341  5172  6015 D cellularState[0]: processMsg: NetworkAttachedState
07-29 08:33:41.341  5172  6015 D cellularState[0]: processMsg: SimReadyState
07-29 08:33:41.341  5172  6015 D cellularState[0]: processMsg: DefaultState
07-29 08:33:41.341  5172  6015 E cellularState[0]:  - unhandledMessage: msg.what=4
07-29 08:33:41.341  5172  6015 D cellularState[0]: handleMessage: X
07-29 08:33:41.341  7305  8957 E Battery : ControllerCenter: onReceiver: mSubscriptionManager is null || mIsNeedRestoreMobile = false
07-29 08:33:41.341  5172  5172 D SubsysEventListenerManager-SubsysTelephonyCallback[0]: onCellLocationChanged
07-29 08:33:41.341  5172  5172 D SubsysEventListenerManager-SubsysTelephonyCallback[0]: onDisplayInfoChanged
07-29 08:33:41.342  5002  5655 D NAS-CellularEvent: handleSubscriptionsChanged: slotId=0
07-29 08:33:41.342  4928  4928 I Telephony: y0: onServiceStateChanged: newState=1, mServiceState=1
07-29 08:33:41.342  5172  5172 D SceneService: onDisplayInfoChanged slotId:0,telephonyDisplayInfo:TelephonyDisplayInfo {network=NR, overrideNetwork=NONE, isRoaming=false}
07-29 08:33:41.342  5002  5655 D NAS-CellularEvent: onImsRegistrationStateChanged, slotId=0state:false
07-29 08:33:41.342  3449  5737 W BestClock: java.time.DateTimeException: Missing network time fix
07-29 08:33:41.342  4928  4928 I Telephony: isRttCurrentlySupported -- regular acct, hasVoiceAvailability: false
07-29 08:33:41.342  4928  4928 I Telephony:  isRttSupported: false
07-29 08:33:41.342  4928  4928 I Telephony:  isUserRttSettingOn: false
07-29 08:33:41.342  4928  4928 I Telephony:  alwaysAllowWhileRoaming: false
07-29 08:33:41.342  4928  4928 I Telephony:  isRoaming: false
07-29 08:33:41.342  4928  4928 I Telephony:  isOnWfc: false
07-29 08:33:41.342  5002  5978 D CellularEvent: handleSubscriptionsChanged: slotId=0
07-29 08:33:41.342  5002  5978 D CellularEvent: onImsRegistrationStateChanged, slotId=0state:false
07-29 08:33:41.343  4846  5677 V OplusCustomizeCacheManager: queryCache name: sys.cache.common_customize_cache18014 param: null
07-29 08:33:41.343  5098  5098 I QImsService: OplusPhoneStateTracker : onSubscriptionsChanged Last subId: 1 Current subId 1
07-29 08:33:41.343  4846  5677 V OplusCustomizeCacheManager: queryCache name: sys.cache.common_customize_cache18017 param: Bundle[{SETTING=BLOCK, BUSINESS=NCT-DATA}]
07-29 08:33:41.343  4846  5677 V OplusCustomizeCacheManager: queryCache name: sys.cache.common_customize_cache18013 param: null
07-29 08:33:41.343  4846  5262 I SystemUi--Statusbar: MobileInputLog-->onSubscriptionsChanged
07-29 08:33:41.343  4846  4846 I SystemUi--Statusbar: OplusMobileIconInteractorImpl-->oplusIMSModel slot:0: CapabilityTypeModel(isVolteSwitchOn=true, isWfcEnabledByUser=true, imsRegistered=false, voiceCapable=false, videoCapable=false, registerTech=-1, isCrossSimCallingEnabledByUser=false, hasHideVolteOperator=false), SimStateModel(simInserted=[true, false], simForbidden=[false, true], simStateIMSI=[true, false], simLoaded=[true, false]),oplusNetworkTypeNr:20,isVoNrEnabled:false
07-29 08:33:41.344  4846  5262 I SystemUi--Statusbar: MobileConnectionRepositoryImpl-->subId:1 isSoftSimCard:false slotId:0
07-29 08:33:41.344  8706 11074 I OplusObrain: OplusObrainClientInvoke.nativeGetTelephonyInfo
07-29 08:33:41.344  3449  4498 D NetworkPolicy: Normalization put networkpolicyNetworkTemplate: matchRule=CARRIER, matchSubscriberIds=[001011...], matchWifiNetworkKeys=[], metered=YES
07-29 08:33:41.344  3449  4498 D NetworkPolicy: Normalization put networkpolicyNetworkTemplate: matchRule=CARRIER, matchSubscriberIds=[310260...], matchWifiNetworkKeys=[], metered=YES
07-29 08:33:41.344  3449  4498 D NetworkPolicy: Normalization put networkpolicyNetworkTemplate: matchRule=CARRIER, matchSubscriberIds=[001010...], matchWifiNetworkKeys=[], metered=YES
07-29 08:33:41.344  3449  4498 D NetworkPolicy: Normalization put networkpolicyNetworkTemplate: matchRule=CARRIER, matchSubscriberIds=[001010...], matchWifiNetworkKeys=[], metered=YES
07-29 08:33:41.344  3449  4498 D NetworkPolicy: Normalization put networkpolicyNetworkTemplate: matchRule=CARRIER, matchSubscriberIds=[001012...], matchWifiNetworkKeys=[], metered=YES
07-29 08:33:41.344  3449  4498 V NetworkPolicy: updateNetworkEnabledNL() return
07-29 08:33:41.344  5002  5987 D OplusSubWaySlowRecovery: getPreferSubId return 1
07-29 08:33:41.344  5002  5987 D SaDataFailRecovery/0: current is not in service,reset alarm
07-29 08:33:41.344  5002  5987 D OplusScanQrCodeRecoveryImpl: msg.what=3
07-29 08:33:41.344  3449  4498 V NetworkPolicy: updateNotificationsNL not process
07-29 08:33:41.344  8706 11074 I OplusObrain: OplusObrainClientInvoke.nativeGetTrafficTypeInfoForNetworkType networkType 0
07-29 08:33:41.345  3449  4822 D KernelStatsHelper: getKernelStats start!
07-29 08:33:41.345 13115 13115 I ttings:tzupdate: isSwordfishLaunchAppEnabled_ 1 isSwordfishInstallAppEnabled_ 1
07-29 08:33:41.345 13115 13115 E ttings:tzupdate: Unknown bits set in runtime_flags: 0x40000000
07-29 08:33:41.345 13115 13115 I ttings:tzupdate: Using CollectorTypeCMC GC.
07-29 08:33:41.345  5098  5098 E QImsService: ImsConfigImpl : onSubscriptionsChanged unable to process due to SubscriptionInfo is null
07-29 08:33:41.346  3449  4498 W BestClock: java.time.DateTimeException: Missing network time fix
07-29 08:33:41.346  5098  5098 I QImsService: OplusPhoneStateTracker : onSubscriptionsChanged Last subId: -1 Current subId -1
07-29 08:33:41.346  4846  4846 I KeyguardUpdateMonitor: action=android.intent.action.SERVICE_STATE subId=1 slotId=0
07-29 08:33:41.346  4846  4846 I SystemUi--Statusbar: OplusMobileIconInteractorImpl-->oplusIMSModel slot:0: CapabilityTypeModel(isVolteSwitchOn=true, isWfcEnabledByUser=true, imsRegistered=false, voiceCapable=false, videoCapable=false, registerTech=-1, isCrossSimCallingEnabledByUser=false, hasHideVolteOperator=false), SimStateModel(simInserted=[true, false], simForbidden=[false, true], simStateIMSI=[true, false], simLoaded=[true, false]),oplusNetworkTypeNr:20,isVoNrEnabled:false
07-29 08:33:41.346 13115 13115 E ttings:tzupdate: Not starting debugger since process cannot load the jdwp agent.
07-29 08:33:41.346  4846  5262 I SystemUi--Statusbar: MobileConnectionRepositoryImpl-->subId:1 isSoftSimCard:false slotId:0
07-29 08:33:41.346  4846  6046 I SystemUi--Statusbar: OplusMobileConnectionRepository1-->stopListenImsStatusChanged
07-29 08:33:41.347  7112  8521 D OsAgentAidlClient: [string_dataitem_update][1584] [HC] =>> [HS]
07-29 08:33:41.347  6588  8654 D OplusAtlasAudioDetectionManager: MSG_CALL_STATE_CHANGED
07-29 08:33:41.347  6588  8654 D OplusAtlasAudioDetectionManager: callStateChanged state: 0, len: 0
07-29 08:33:41.347  3449  4601 D OplusNetlinkSocket: handleNetlinkRecvKernelMessage:nlmsghdr:StructNlMsgHdr{ nlmsg_len{40}, nlmsg_type{46()}, nlmsg_flags{0()}, nlmsg_seq{0}, nlmsg_pid{226038265} }
07-29 08:33:41.347  3449  4601 D KernelStatsHelper: get magic :[-1, -1, -1, 77, 65, 71, 73, 67]
07-29 08:33:41.347  3449  4601 D KernelStatsHelper: magic matched count:0 data_len:0
07-29 08:33:41.347  3449  4601 D KernelStatsHelper: data over! check: true
07-29 08:33:41.347  4846  6046 I SystemUi--Statusbar: OplusMobileConnectionRepository1-->phoneId: 0, conflatedCallbackFlow init
07-29 08:33:41.347  4846  6046 I SystemUi--Statusbar: OplusMobileConnectionRepository1-->startListenImsStatusChanged
07-29 08:33:41.347  5002  5981 W BestClock: java.time.DateTimeException: Missing network time fix
07-29 08:33:41.348  5002  5981 V MonthTrafficAlert: getWarningNotification subId:1 numWarningNotificaion:0
07-29 08:33:41.348 13115 13115 D nativeloader: Load libframework-connectivity-tiramisu-jni.so using APEX ns com_android_tethering for caller /apex/com.android.tethering/javalib/framework-connectivity-t.jar: ok
07-29 08:33:41.348  4928  4928 V OplusCustomizeCacheManager: queryCache name: sys.cache.common_customize_cache18016 param: null
07-29 08:33:41.348  4928  4928 V OplusCustomizeCacheManager: queryCache name: sys.cache.common_customize_cache18013 param: null
07-29 08:33:41.348  4928  4928 V OplusCustomizeCacheManager: queryCache name: sys.cache.common_customize_cache18014 param: null
07-29 08:33:41.348  4928  4928 V OplusCustomizeCacheManager: queryCache name: sys.cache.common_customize_cache18017 param: Bundle[{SETTING=BLOCK, BUSINESS=NCT-DATA}]
07-29 08:33:41.348  3449  5276 W BestClock: java.time.DateTimeException: Missing network time fix
07-29 08:33:41.349  4928  4928 V OplusCustomizeCacheManager: queryCache name: sys.cache.common_customize_cache18016 param: null
07-29 08:33:41.349  4928  4928 V OplusCustomizeCacheManager: queryCache name: sys.cache.common_customize_cache18013 param: null
07-29 08:33:41.349  4928  4928 V OplusCustomizeCacheManager: queryCache name: sys.cache.common_customize_cache18014 param: null
07-29 08:33:41.349  4928  4928 V OplusCustomizeCacheManager: queryCache name: sys.cache.common_customize_cache18017 param: Bundle[{SETTING=BLOCK, BUSINESS=NCT-DATA}]
07-29 08:33:41.349  3449  4822 W BestClock: java.time.DateTimeException: Missing network time fix
07-29 08:33:41.349 13115 13115 W libc    : Access denied finding property "persist.vendor.sys.activitylog"
07-29 08:33:41.349 13115 13115 I OneTrace: Mark active for pid=13115? true
07-29 08:33:41.349 13115 13115 D cutils-dev: otrace_set_tracing_enabled? true tag:0
07-29 08:33:41.349  4928  4928 D MultiSimSettingController: onSubscriptionsChanged
07-29 08:33:41.349  4928  4928 D MultiSimSettingController: isReadyToReevaluate: subInfoInitialized=true, carrierConfigsLoaded=true, satelliteEnabledOrBeingEnabled=false
07-29 08:33:41.349  4928  4928 D MultiSimSettingController: updateDefaults
07-29 08:33:41.349  4928  4928 D MultiSimSettingController: isReadyToReevaluate: subInfoInitialized=true, carrierConfigsLoaded=true, satelliteEnabledOrBeingEnabled=false
07-29 08:33:41.349  4846  5677 V OplusCustomizeCacheManager: queryCache name: sys.cache.common_customize_cache18014 param: null
07-29 08:33:41.349  4846  5677 V OplusCustomizeCacheManager: queryCache name: sys.cache.common_customize_cache18017 param: Bundle[{SETTING=BLOCK, BUSINESS=NCT-DATA}]
07-29 08:33:41.349  4846  5677 V OplusCustomizeCacheManager: queryCache name: sys.cache.common_customize_cache18013 param: null
07-29 08:33:41.349 13115 13115 D cutils-dev: properties changed in otrace_seq_number_changed!
07-29 08:33:41.349  4928  4928 D MultiSimSettingController: updateDefaultValues: change: 0
07-29 08:33:41.349  4928  4928 D MultiSimSettingController: disableDataForNonDefaultNonOpportunisticSubscriptions triggered, return directly
07-29 08:33:41.349  4846  6046 I SystemUi--Statusbar: OplusMobileConnectionRepository1-->onImsStatusChanged model: CapabilityTypeModel(isVolteSwitchOn=true, isWfcEnabledByUser=true, imsRegistered=false, voiceCapable=false, videoCapable=false, registerTech=-1, isCrossSimCallingEnabledByUser=false, hasHideVolteOperator=false)
07-29 08:33:41.349  4928  4928 D ImsResolver: oldSubId: 1, newSubId: 1
07-29 08:33:41.349  4928  4928 D ImsResolver: oldSubId: -1, newSubId: -1
07-29 08:33:41.350  4928  4928 D CallNotifier: updatePhoneStateListeners: update CF notifications.
07-29 08:33:41.350  4928  4928 I Telephony: TelecomAccountRegistry: onSubscriptionsChanged - reregister accounts
07-29 08:33:41.350  4928  4928 D PhoneUtils: PhoneAccountHandle subId=1, slotId=0
07-29 08:33:41.350  4928  4928 D Telephony: registerPstnPhoneAccount line1Number =  subNumber = 
07-29 08:33:41.350  4928  4928 D Telephony: color is transparent asign default instead -15502541
07-29 08:33:41.350  3449  4822 D ActivityTaskManagerServiceExtImpl: preBindApplication record is null
07-29 08:33:41.350  3449  4822 D RGBNormalizeServer: OplusRGBNormalize feature enabled ? true
07-29 08:33:41.350  3449  4822 D ResourcesManagerCache: For package com.oplus.wirelesssettings we got cacheList [null] appInfoExt is null ? false hasFeature ? false
07-29 08:33:41.350  3449  4822 D VRR [OPlusExternalRefreshRateManager]: isPkgTfcEnable: pkgName = com.oplus.wirelesssettings, enable = false
07-29 08:33:41.350  3449  4822 D VRR [OPlusExternalRefreshRateManager]: getTfcMinFramerate: pkgName = com.oplus.wirelesssettings, min framerate = 0
07-29 08:33:41.350  4928  4928 D Telephony: isEmergencyPreferredAccount: subId=1, activeData=1
07-29 08:33:41.350  4928  4928 D Telephony: isEmergencyPreferredAccount: Device does not require preference.
07-29 08:33:41.351  4928  4928 I Telephony: isRttCurrentlySupported -- regular acct, hasVoiceAvailability: false
07-29 08:33:41.351  4928  4928 I Telephony:  isRttSupported: false
07-29 08:33:41.351  4928  4928 I Telephony:  isUserRttSettingOn: false
07-29 08:33:41.351  4928  4928 I Telephony:  alwaysAllowWhileRoaming: false
07-29 08:33:41.351  4928  4928 I Telephony:  isRoaming: false
07-29 08:33:41.351  4928  4928 I Telephony:  isOnWfc: false
07-29 08:33:41.351  4928  4928 D Telephony: x0: buildPstnPhoneAccount, phoneId: 0, mIsVideoCapable: false, 
07-29 08:33:41.351  4928  4928 D OplusSesImsManagerExt: feature:0, phoneId:0
07-29 08:33:41.351  4928  4928 D OplusSesImsManagerExt: getSubIdUsingPhoneId:1, phoneId:0
07-29 08:33:41.351  4928  4928 D OplusSesImsManagerExt: isEntitlementEnabled:false
07-29 08:33:41.351  4928  4928 D OplusSesImsManagerExt: isFeatureProvisionedOnDevice not enabled
07-29 08:33:41.351  4928  4928 D Telephony: registerPstnPhoneAccount mIsVideoCapable = false
07-29 08:33:41.351  4928  4928 W libc    : Access denied finding property "persist.vendor.mtk_uce_support"
07-29 08:33:41.351  4928  4928 I Telephony: isCarrierVideoPresenceSupported, false, false, false, false
07-29 08:33:41.351 13115 13115 D OplusActivityManager: get AMS extension: android.os.BinderProxy@93793e7
07-29 08:33:41.352  4928  4928 I Telephony: reRegisterPstnPhoneAccount: subId: 1 - no change
07-29 08:33:41.353  4928  4928 D InternationalRoamingNotification: init
07-29 08:33:41.353 13115 13115 D CompactWindowAppManager: initCompactApplicationInfo CompactMode: , NormalMode: 
07-29 08:33:41.353  5172  5226 D VirtualCommService2: isSupport. true, true
07-29 08:33:41.353  4928  4928 D OplusVirtualCommUtils: isVirtualCommSupport, vRet: true
07-29 08:33:41.353  4928  4928 I OplusVirtualCommUtils: getVirtualCommDeviceType, vRet: 1
07-29 08:33:41.353  4928  4928 I OplusVirtualCommUtils: isConsumerDeviceType, deviceType: 1
07-29 08:33:41.353  4928  4928 D InternationalRoamingNotification: do not createRoamingNotification for invalid Network
07-29 08:33:41.354 13115 13115 D OplusScrollToTopManager: setIsInWhiteList false
07-29 08:33:41.354  4928  4928 V SimultaneousCallingTracker: Received EVENT 101
07-29 08:33:41.354 13115 13115 D OplusViewDebugManager: OplusViewDebugManager Constructor android.view.debug.OplusViewDebugManager@ceb63d [mHasViewDebugProperty true] [mHasMsgDebugProperty false] [DEBUG false] [EXTRAINFOENABLE false] [LIGHT_OS false]
07-29 08:33:41.354  4928  4928 V SimultaneousCallingTracker: generateVoiceCapablePhoneMapBasedOnUserAssociation: adding phoneId = 0
07-29 08:33:41.354  4928  4928 I SimultaneousCallingTracker: updatePhoneMapAndSimultaneousCallSupportMap: mVoiceCapablePhoneMap.size = 1
07-29 08:33:41.354  4928  4928 V SimultaneousCallingTracker: registerForImsRegistrationChanges: registering phoneId = 0
07-29 08:33:41.354  4928  4928 V SimultaneousCallingTracker: generateSimultaneousCallSupportMap: returning simultaneousCallSubSupportMap = Phone ID=0 - Simultaneous calling compatible phone IDs=[]; 
07-29 08:33:41.354  4928  4928 V SimultaneousCallingTracker: handleSimultaneousCallingSupportChanged
07-29 08:33:41.354  3449  4791 W ContentService: Observer is already registered. Pid is 4928
07-29 08:33:41.354 13115 13115 D CompatChangeReporter: Compat change id reported: 242716250; UID 1000; state: ENABLED
07-29 08:33:41.354  4928  4928 V OplusCustomizeCacheManager: queryCache name: sys.cache.common_customize_cache18016 param: null
07-29 08:33:41.354  4928  4928 V OplusCustomizeCacheManager: queryCache name: sys.cache.common_customize_cache18013 param: null
07-29 08:33:41.354  4928  4928 V OplusCustomizeCacheManager: queryCache name: sys.cache.common_customize_cache18014 param: null
07-29 08:33:41.354  4928  4928 V OplusCustomizeCacheManager: queryCache name: sys.cache.common_customize_cache18017 param: Bundle[{SETTING=BLOCK, BUSINESS=NCT-DATA}]
07-29 08:33:41.355  4846  4846 I KeyguardUpdateMonitor: refreshSimState, changed:false,subId:1,slotId:0,state:5
07-29 08:33:41.355  4846  5156 I SystemUi--QuickSettings: Tile.OplusCellularTile-->updateCarrierText: dialog not showing, ignore
07-29 08:33:41.355  4846  5156 D SimStateHelper: slot:0, lock state:Bundle[mParcelledData.dataSize=56]
07-29 08:33:41.355 13115 13115 W libc    : Access denied finding property "ro.odm.prev.product.name"
07-29 08:33:41.355  4846  5156 D SimStateHelper: slot:1, lock state:Bundle[mParcelledData.dataSize=56]
07-29 08:33:41.355  4846  5156 D SimStateHelper: needDisableMenu: slot1State=-1; slot2State=-1
07-29 08:33:41.355  4846  5156 D SimStateHelper: needDisableMenu:false
07-29 08:33:41.355  4846  5156 I SystemUi--QuickSettings: Tile.OplusCellularTile-->updateCarrierText: dialog not showing, ignore
07-29 08:33:41.355  4846  5156 D SimStateHelper: slot:0, lock state:Bundle[mParcelledData.dataSize=56]
07-29 08:33:41.356  4846  5156 D SimStateHelper: slot:1, lock state:Bundle[mParcelledData.dataSize=56]
07-29 08:33:41.356  4846  5156 D SimStateHelper: needDisableMenu: slot1State=-1; slot2State=-1
07-29 08:33:41.356  4846  5156 D SimStateHelper: needDisableMenu:false
07-29 08:33:41.356 13115 13115 W ziparchive: Unable to open '/system_ext/framework/nfcvendorlib.dm': No such file or directory
07-29 08:33:41.356 13115 13115 W ziparchive: Unable to open '/system_ext/framework/nfcvendorlib.dm': No such file or directory
07-29 08:33:41.357 13115 13115 D nativeloader: Configuring clns-shared-7 for other apk /system_ext/framework/nfcvendorlib.jar. target_sdk_version=34, uses_libraries=ALL, library_path=/system_ext/priv-app/WirelessSettings/lib/arm64:/system_ext/priv-app/WirelessSettings/WirelessSettings.apk!/lib/arm64-v8a:/system/lib64:/system_ext/lib64, permitted_path=/data:/mnt/expand:/data/user_de/0/com.oplus.wirelesssettings:/system_ext/priv-app/WirelessSettings:/system/lib64:/system_ext/lib64
07-29 08:33:41.357 13115 13115 D nativeloader: Extending system_exposed_libraries: libbinauralrenderer_wrapper.qti.so:libhoaeffects.qti.so:libSloganJni.oplus.so:libsuperNight.oplus.so:libAPSClient-cmd-jni-extension.oplus.so:libsatellite_audio_jni.oplus.so:libortc_so.oplus.so:libsoundtouch.oplus.so:libsoundtouch_jni.oplus.so:libOplusStringJNI-extension.oplus.so:libsatellite_ostx_jni.oplus.so:libapssuspend-jni.oplus.so:libupdateprof.qti.so:libthermalclient.qti.so:libqape.qti.so:libqesdk_ndk_platform.qti.so:liblistenjni.qti.so
07-29 08:33:41.358 13115 13115 D ApplicationLoaders: Returning zygote-cached class loader: /system_ext/framework/androidx.window.extensions.jar
07-29 08:33:41.358 13115 13115 D ApplicationLoaders: Returning zygote-cached class loader: /system_ext/framework/androidx.window.sidecar.jar
07-29 08:33:41.360 13115 13115 D nativeloader: Configuring clns-shared-8 for other apk /system_ext/priv-app/WirelessSettings/WirelessSettings.apk. target_sdk_version=34, uses_libraries=, library_path=/system_ext/priv-app/WirelessSettings/lib/arm64:/system_ext/priv-app/WirelessSettings/WirelessSettings.apk!/lib/arm64-v8a:/system/lib64:/system_ext/lib64, permitted_path=/data:/mnt/expand:/data/user_de/0/com.oplus.wirelesssettings:/system_ext/priv-app/WirelessSettings:/system/lib64:/system_ext/lib64
07-29 08:33:41.364 13115 13115 V GraphicsEnvironment: Currently set values for:
07-29 08:33:41.364 13115 13115 V GraphicsEnvironment:   angle_gl_driver_selection_pkgs=[]
07-29 08:33:41.364 13115 13115 V GraphicsEnvironment:   angle_gl_driver_selection_values=[]
07-29 08:33:41.364 13115 13115 V GraphicsEnvironment: Global.Settings values are invalid: number of packages: 0, number of values: 0
07-29 08:33:41.366 13115 13115 D WS_OplusWirelessSettingsApp: onCreate, OplusWirelessSettingsApp
07-29 08:33:41.369 13115 13115 D LogUtils: initWirelessLog sIsQeAssert=false,sIsWifiOrBtLog=false
07-29 08:33:41.372  3449  4822 I ActivityManager: Flag disabled. Ignoring finishAttachApplication from uid: 1000. pid: 13115
07-29 08:33:41.372 13115 13115 E ANDR-PERF-CLIENT-SYS: death recipent object is fine
07-29 08:33:41.372 13115 13115 W ttings:tzupdate: AIBinder_linkToDeath is being called with a non-null cookie and no onUnlink callback set. This might not be intended. AIBinder_DeathRecipient_setOnUnlinked should be called first.
07-29 08:33:41.373  3449  4822 W OplusSelfProtectManager: pkg[com.oplus.wirelesssettings] not in policy list
07-29 08:33:41.376  3449  4822 D ActivityManager: Async freezing 13115 com.oplus.wirelesssettings:tzupdate
07-29 08:33:41.379  4715 12375 W SQLiteLog: (28) double-quoted string literal: "timezone_tzdata_v2_files"
07-29 08:33:41.441  1850  4449 I sensors-hal: handle_oplus_wise_rgb_event:189, high_pwm_light:lux 271.5,cct 3638.3,brl/algo/ir 1425.0/2.0/15.5,pwm/dc 0.0/0.0,rgbc 20810.919922/13137.845703/6048.159668/38755.246094,ts 59051293380,cnt 840,flag 65698
07-29 08:33:41.442  1935  4441 I Dpps    : LtmSwState::SetParameter():144 ignore cmd 7 in state LtmOffState
07-29 08:33:41.448  4928  4928 V OplusCustomizeCacheManager: queryCache name: sys.cache.common_customize_cache18016 param: null
07-29 08:33:41.448  4928  4928 V OplusCustomizeCacheManager: queryCache name: sys.cache.common_customize_cache18013 param: null
07-29 08:33:41.448  4928  4928 V OplusCustomizeCacheManager: queryCache name: sys.cache.common_customize_cache18014 param: null
07-29 08:33:41.448  4928  4928 V OplusCustomizeCacheManager: queryCache name: sys.cache.common_customize_cache18017 param: Bundle[{SETTING=BLOCK, BUSINESS=NCT-DATA}]
07-29 08:33:41.450  4928  4928 V OplusCustomizeCacheManager: queryCache name: sys.cache.common_customize_cache18016 param: null
07-29 08:33:41.450  4928  4928 V OplusCustomizeCacheManager: queryCache name: sys.cache.common_customize_cache18013 param: null
07-29 08:33:41.450  4928  4928 V OplusCustomizeCacheManager: queryCache name: sys.cache.common_customize_cache18014 param: null
07-29 08:33:41.450  4928  4928 V OplusCustomizeCacheManager: queryCache name: sys.cache.common_customize_cache18017 param: Bundle[{SETTING=BLOCK, BUSINESS=NCT-DATA}]
07-29 08:33:41.453  4846  4846 D RowAnimatorExtImpl: end:view:StatusBarIconView(slot='volume' alpha=1.0 icon=StatusBarIcon(icon=Icon(typ=RESOURCE pkg=com.android.systemui id=0x7f0818f0) visible user=0 ) visibleState=ICON iconColor=#ccffffff staticDrawableColor=#ccffffff decorColor=#ffffffff animationStartColor=#0 currentSetColor=#ccffffff notification=null),tx
07-29 08:33:41.453  4846  4846 D RowAnimatorExtImpl: end:view:StatusBarIconView(slot='zen' alpha=1.0 icon=StatusBarIcon(icon=Icon(typ=RESOURCE pkg=com.android.systemui id=0x7f0818e1) visible user=0 ) visibleState=ICON iconColor=#ccffffff staticDrawableColor=#ccffffff decorColor=#ffffffff animationStartColor=#0 currentSetColor=#ccffffff notification=null),tx
07-29 08:33:41.453  4846  4846 D RowAnimatorExtImpl: end:view:StatusBarIconView(slot='volume' alpha=1.0 icon=StatusBarIcon(icon=Icon(typ=RESOURCE pkg=com.android.systemui id=0x7f0818f0) visible user=0 ) visibleState=ICON iconColor=#ccffffff staticDrawableColor=#ccffffff decorColor=#ffffffff animationStartColor=#0 currentSetColor=#ccffffff notification=null),tx
07-29 08:33:41.453  4846  4846 D RowAnimatorExtImpl: end:view:StatusBarIconView(slot='zen' alpha=1.0 icon=StatusBarIcon(icon=Icon(typ=RESOURCE pkg=com.android.systemui id=0x7f0818e1) visible user=0 ) visibleState=ICON iconColor=#ccffffff staticDrawableColor=#ccffffff decorColor=#ffffffff animationStartColor=#0 currentSetColor=#ccffffff notification=null),tx
07-29 08:33:41.453  4846  4846 D RowAnimatorExtImpl: end:view:StatusBarIconView(slot='volume' alpha=1.0 icon=StatusBarIcon(icon=Icon(typ=RESOURCE pkg=com.android.systemui id=0x7f0818f0) visible user=0 ) visibleState=ICON iconColor=#ccffffff staticDrawableColor=#ccffffff decorColor=#ffffffff animationStartColor=#0 currentSetColor=#ccffffff notification=null),tx
07-29 08:33:41.453  4846  4846 D RowAnimatorExtImpl: end:view:StatusBarIconView(slot='zen' alpha=1.0 icon=StatusBarIcon(icon=Icon(typ=RESOURCE pkg=com.android.systemui id=0x7f0818e1) visible user=0 ) visibleState=ICON iconColor=#ccffffff staticDrawableColor=#ccffffff decorColor=#ffffffff animationStartColor=#0 currentSetColor=#ccffffff notification=null),tx
07-29 08:33:41.460  1994  1994 D SensorFeature: name=ssc_screenshot_info ,index = 22
07-29 08:33:41.460  1994  1994 D SensorFeature: write 29 bytes:59291373466,59299706799,163,0
07-29 08:33:41.652  4846  4846 I SystemUi--QuickSettings: TemporarilyInfoManager-->[animateShow] com.oplus.systemui.qs.base.temporarilyinfo.TemporarilyInfoManager$createViewToParent$1{9943b1a VFED..C.. ........ 0,0-1080,228 #7f0a0cb6 app:id/temporarily_info_view alpha=1.0 viewInfo = } end
07-29 08:33:41.652  4846  4846 I SystemUi--QuickSettings: TemporarilyInfoManager-->[trigger] start from showElementAfterShowFully
07-29 08:33:41.693  2009  2042 D BatteryChargeControl: bcc get no support from charging protocol
07-29 08:33:41.707  1935  4441 I Dpps    : LtmSwState::SetParameter():144 ignore cmd 7 in state LtmOffState
07-29 08:33:41.734  1994  1994 D SensorFeature: name=ssc_screenshot_info ,index = 22
07-29 08:33:41.734  1994  1994 D SensorFeature: write 29 bytes:59565861122,59574194455,164,0
07-29 08:33:41.768  4846  4846 D JankUtils: gfxSceneEnd; scene: 7
07-29 08:33:41.768  4846  4846 I SystemUi--Common: NotificationShadeDepthC-->sceneFlag: 0x001, isStart = false, Current sceneFlags: 0x000
07-29 08:33:41.769  4846  4846 D NavigationBar: restrainNavigationBarInvertColor: false
07-29 08:33:41.769  4846  5036 D RegionSamplingHelper =:    mCompositionSamplingListener.register
07-29 08:33:41.769  2166  2411 D SurfaceFlinger: addRegionSamplingListener pid: 4846, Area: [0, 2328, 1080, 2376]
07-29 08:33:41.848  7353 12200 I DpmTcmClient: RegisterTcmMonitor from: $Proxy3
07-29 08:33:41.850  2620  2620 D tcmd    : DpmCom :there are 1 file descriptor(s) with events pending
07-29 08:33:41.850  2620  2620 D tcmd    : DpmCom : 1 events pending, handling 1 for 21
07-29 08:33:41.850  2620  2620 D tcmd    : DpmCom :fd '21' is processing events [callback:0x5c5dfc0a98, data:0xb400007d52065280]
07-29 08:33:41.850  2620  2620 D tcmd    : LipcTcmServerPollEventHandler fd 21 -> nfd 22
07-29 08:33:41.850  2620  2620 D tcmd    : DpmCom::addComEventHandler fd 22, ComEventCallback 0x0, void* 0xb400007d52065280, ComCloseCallback 0x5c5dfc0aa0, events 1
07-29 08:33:41.850  2620  2620 D tcmd    : waiting on events (-1ms)
07-29 08:33:41.851  7353 12200 E NearX.CloudConfig(mdp_1682).Request: url: https://mdp-appconf-cn.heytapdownload.com/v2/checkUpdate?body=H4sIAAAAAAAAAOOS5BLNz8wrSc0riU_JLE5MyklNic_JLC4RYBDiyE0piDc0szCSiuSSSM7P1UvOz8kvyi_WK05OzUstTi0qy0xOFThxfDK7FKOBEqOBFrt_XmpATmmxkXiAV5ShoUG8oameARBaGBtqOPsZGGpaKDuxQaS8mJz9AhgiGAA3unu0gAAAAA==&cloudConfigVersion=2.4.2.4 , request: CheckUpdateConfigRequest{item_list=[CheckUpdateConfigItem{config_code=ointent_disabled_list, version=0}], product_id=mdp_1682, system_condition=SystemCondition{package_name=com.coloros.sceneservice, version_code=15000520, build_number=0, channel_id=0, platform_brand=OnePlus, platform_os_version=PJZ110_15.0.0.831(CN01), platform_android_version=35, model=PJZ110, region_code=CN, adg_model=0, preview=0}} 
07-29 08:33:41.851  7353 12200 E NearX.CloudConfig(mdp_1682).Request:  error response: code[400], reason: java.net.UnknownHostException: Unable to resolve host "mdp-appconf-cn.heytapdownload.com": No address associated with hostname, 
07-29 08:33:41.851  7353 12200 E NearX.CloudConfig(mdp_1682).Request:  header[{}],
07-29 08:33:41.851  7353 12200 E NearX.CloudConfig(mdp_1682).Request:  body:[] 
07-29 08:33:41.852  7353 12200 E OIntent(sceneservice)-OnlineClient: updateDisabled failed in. æœªåŒ¹é…åˆ°ç¬¦åˆæ¡ä»¶çš„æ•°æ®
07-29 08:33:41.891  6559  6649 E oiface  : sched_setaffinity failed
07-29 08:33:41.895  2009  2009 D vendor.oplus.hardware.charger-V7-service: getChargerControl:
07-29 08:33:41.906  1995  1995 E PerformanceService: storage_feature: open /sys/devices/platform/soc/112b0000.ufshci//virtualtlcbuff fail
07-29 08:33:41.917  3449  4822 W BestClock: java.time.DateTimeException: Missing network time fix
07-29 08:33:41.917  3449  4822 W BestClock: java.time.DateTimeException: Missing network time fix
07-29 08:33:41.917  3449  4791 W BestClock: java.time.DateTimeException: Missing network time fix
07-29 08:33:41.957  2009  7406 D charge_time: type=sdp,reserve_soc=2,soc=75,ui_soc=78,current=180,avg=179,not_chg_cnt=0,stable_cnt=7,fcc=5724,fcc_ratio=94,delta=44,debug=0,region=13,ttf=12602(03:30:02),ui_ttf=9618(02:40:18)
07-29 08:33:41.971  1935  2213 I SDM     : DisplayBase::CommitThread: Received idle timeout, panel: cmd, timeout: 70000 us
07-29 08:33:41.972  1850  4449 I sensors-hal: handle_oplus_wise_rgb_event:189, high_pwm_light:lux 270.2,cct 3650.7,brl/algo/ir 1425.0/2.0/16.6,pwm/dc 0.0/0.0,rgbc 20763.341797/13114.812500/6028.910156/38594.667969,ts 59582949005,cnt 850,flag 65700
07-29 08:33:41.973  1935  4441 I Dpps    : LtmSwState::SetParameter():144 ignore cmd 7 in state LtmOffState
07-29 08:33:42.062  1935  2213 I SDM     : DisplayBase::CommitThread: Received idle timeout, panel: cmd, timeout: 70000 us
07-29 08:33:42.066  1994  1994 D SensorFeature: name=ssc_screenshot_info ,index = 22
07-29 08:33:42.066  1994  1994 D SensorFeature: write 29 bytes:59856416382,59906789976,165,0
07-29 08:33:42.131  2166  3086 D VRR [OTI]: handleIdle from 0 to 1
07-29 08:33:42.131  2166  3086 D VRR [OTI-HW]: isStateReady 1
07-29 08:33:42.131  2166  3086 D VRR [RefreshRateDirector]: requestRefreshRateByOti update [ oti-hw, {fps=60, modePtr={id=5, vsyncRate=60.00 Hz, peakRefreshRate=60.00 Hz}} ]
07-29 08:33:42.131  2166  3086 D VRR [RefreshRateDirector]: selectBestFrameRate DirectorMapOti [oti-hw, {fps=60, modePtr={id=5, vsyncRate=60.00 Hz, peakRefreshRate=60.00 Hz}}]
07-29 08:33:42.131  2166  3086 D VRR [RefreshRateDirector]: updateBestFrameRate [oti-hw, {fps=60, modePtr={id=5, vsyncRate=60.00 Hz, peakRefreshRate=60.00 Hz}}]
07-29 08:33:42.131  2166  3086 D SurfaceFlinger: VRR [SurfaceFlinger] setDesiredActiveMode: displayId: 4630946756802996883, renderRate: 60, vsyncRate: 60, event: 1
07-29 08:33:42.131  2166  3086 D DisplayModeController: setDesiredMode 4630946756802996883 {mode={fps=60.00 Hz, modePtr={id=5, vsyncRate=60.00 Hz, peakRefreshRate=60.00 Hz}}, emitEvent=true, force=false}
07-29 08:33:42.135  2166  2166 I DisplayModeController: hwc begin mode change to 16666666
07-29 08:33:42.135  2166  2166 I HWC2    : [0] setActiveConfigWithConstraints[5]
07-29 08:33:42.136  1935  1935 W SDM     : HWDeviceDRM::GetSupportedBitClkRate: Requested rate not supported: 1363200000
07-29 08:33:42.137  1935  1935 I SDM     : HWDeviceDRM::UpdateMixerAttributes: Mixer WxH 1440x3168-1 for Peripheral
07-29 08:33:42.138  1935  1935 I CwbService: CwbService::notifyConfigChange: display:0, config:5 size:4, sec.size():0
07-29 08:33:42.138  1935  1935 I CwbService: CwbService::notifyConfigChange: display: 0, config = 1
07-29 08:33:42.138  1935  2859 I CasManager: Fps changed from 120 to 60
07-29 08:33:42.138  1935  2859 I CasManager: Fps changed, not change bin, so trigger gain
07-29 08:33:42.138  1935  2859 W SDM     : DemuraIntfImpl::ProcessOemPluginGain: Thermal intf_ is nullptr 0, default to 25 degree
07-29 08:33:42.138  1935  2859 I SDM     : CasQcPlugIn::ProcessPerCompGainOppo: input params, mode:PWM, fps:60, dbv:1425
07-29 08:33:42.138  1935  2859 I SDM     : CasQcPlugIn::ProcessPerCompGainOppo: normalized bright_adj:1024, dbv:1425, bin_dbv:1083, 
07-29 08:33:42.138  1935  2859 I SDM     : CasQcPlugIn::ProcessPerCompGainOppo: gains print start =====================
07-29 08:33:42.138  1935  2859 I SDM     : CasQcPlugIn::ProcessPerCompGainOppo: gain --------------------------------
07-29 08:33:42.138  1935  2859 I SDM     : CasQcPlugIn::ProcessPerCompGainOppo: old: 0 0 0 57 90 322 1201 3072
07-29 08:33:42.138  1935  2859 I SDM     : CasQcPlugIn::ProcessPerCompGainOppo: new: 0 0 0 33 76 275 1026 3072
07-29 08:33:42.138  1935  2859 I SDM     : CasQcPlugIn::ProcessPerCompGainOppo: gain --------------------------------
07-29 08:33:42.138  1935  2859 I SDM     : CasQcPlugIn::ProcessPerCompGainOppo: old: 0 0 0 64 125 373 1336 3072
07-29 08:33:42.138  1935  2859 I SDM     : CasQcPlugIn::ProcessPerCompGainOppo: new: 0 0 0 37 97 373 1336 3072
07-29 08:33:42.138  1935  2859 I SDM     : CasQcPlugIn::ProcessPerCompGainOppo: gain --------------------------------
07-29 08:33:42.138  1935  2859 I SDM     : CasQcPlugIn::ProcessPerCompGainOppo: old: 0 0 0 42 83 323 1222 3072
07-29 08:33:42.138  1935  2859 I SDM     : CasQcPlugIn::ProcessPerCompGainOppo: new: 0 0 0 24 83 323 1222 3072
07-29 08:33:42.138  1935  2859 I SDM     : CasQcPlugIn::ProcessPerCompGainOppo: gains print end =======================
07-29 08:33:42.145  1935  2859 I SDM     : DemuraIntfImpl::StageAllData: Staged all data to Demura Driver!
07-29 08:33:42.145  1935  2859 I SDM     : HWPeripheralDRM::SetPanelFeature: Set Panel feature property 19
07-29 08:33:42.145  1935  2859 I SDM     : HWPeripheralDRM::SetPanelFeature: Set Panel feature property 7
07-29 08:33:42.145  1935  2859 I SDM     : DisplayBuiltIn::TriggerDemuraOemPlugIn: Trigger demura oem plugin success
07-29 08:33:42.147  1935  2213 I SDM     : DRMPanelFeatureMgr::ApplyDirtyFeature: Commited panel feature [enabled]: 20-272
07-29 08:33:42.147  1935  2213 I SDM     : DRMPanelFeatureMgr::ApplyDirtyFeature: Commited panel feature [enabled]: 8-271
07-29 08:33:42.162  3449  3449 D OplusWifiBroadCastDispatcher: mBroadcastReceiver: onReceiver  action=android.intent.action.BATTERY_LEVEL_CHANGED
07-29 08:33:42.162  3449  4624 D OplusWifiPowerService: onReceive action:android.intent.action.BATTERY_LEVEL_CHANGED
07-29 08:33:42.162  3449  4455 W OplusStorageManagerFeature: mScreenReceiver action:android.intent.action.BATTERY_LEVEL_CHANGED
07-29 08:33:42.162  3449  4455 I OplusStorageManagerFeature: TmemoryBetterySwitch: level=78 state=0
07-29 08:33:42.162  3449  4455 I OplusStorageManagerFeature: TmemoryBetterySwitch: action=0 state=2
07-29 08:33:42.162  3449  4455 W OplusStorageManagerFeature: Ready to deal actionParam:0
07-29 08:33:42.164  6246  6246 D BatteryUsageBroadcastReceiver: onReceive:android.intent.action.BATTERY_LEVEL_CHANGED
07-29 08:33:42.167  2166  2166 D VRR-[OPlusRefreshRateSelector]: setCurrentModeId 5 type SM
07-29 08:33:42.167  6246  6246 D BatteryUsageBroadcastReceiver: fetch data because of event: ACTION_BATTERY_LEVEL_CHANGED
07-29 08:33:42.167  2166  3086 D VRR [OTI-HW]: isStateReady 1
07-29 08:33:42.167  2166  3086 D VRR [OTI-HW]: keep rate.
07-29 08:33:42.168  3449  3658 I DisplayDeviceRepository: Display device changed render timings: "Built-in Screen", renderFrameRate=60.000004, presentationDeadlineNanos=16666666, appVsyncOffsetNanos=1000000
07-29 08:33:42.168  3449  3658 D LogicalDisplayExt: set displayInfo flag FLAG_ROTATES_WITH_CONTENT
07-29 08:33:42.169  3449  4791 D ActivityManager: Async freezing 6246 com.android.settings
07-29 08:33:42.170  3449  3658 D DisplayManagerServiceExtImpl: scheduleTraversalLocked intraversal=false
07-29 08:33:42.170  3449  3658 I DisplayManagerServiceExtImpl: handle logical display changed logicalDisplay=id=0,stack=0,content=true,displayInfo{stack=0,type=1,id=0,uId=local:4630946756802996883,state=ON,pkg=null}
07-29 08:33:42.170  3449  3658 D DisplayManagerService: Delivering display event: displayId=0, event=CHANGED
07-29 08:33:42.170  3449  3785 D BrightnessThermalClamper: Thermal status observer already started
07-29 08:33:42.170  3449  3785 D BrightnessPowerClamper: Power throttling data is missing for configuration data.
07-29 08:33:42.171  3449  3449 E OplusGestureAnimationManagerPolicy: mScreenHeight:2376 mScreenWidth:1080 mRotation:0
07-29 08:33:42.171  3449  3656 D OplusVFXScreenEffectFeature: notifySFCompatWindowStateChange entered false
07-29 08:33:42.172  3449  3656 D FSS_FoldScreenBlackCoverController: displayChangeToOn, dc:Display{#0 state=ON size=1080x2376 ROTATION_0}
07-29 08:33:42.172  2166  2391 D [PREVIEW]: SF obtain preview_adapter: 0
07-29 08:33:42.172  2166  2391 D [PREVIEW]: TabletPreviewAdapter::parallel world 0
07-29 08:33:42.172  4686  4686 D CastManagerService: onDisplayChanged.
07-29 08:33:42.172  3449  3658 D DisplayManagerService: MSG_REQUEST_TRAVERSAL pendingCompleted=false
07-29 08:33:42.173  2152  2152 D AudioFlingerExtImpl: AudioFlingerExtImpl oplusSetParameters: keyvalue screen_state=on
07-29 08:33:42.173  2152  2152 D DeviceHalAidl: 0xb400007cb087c200 DeviceHalAidl::setParameters
07-29 08:33:42.173  2152  2152 D DeviceHalAidl: setParameters: parameters: "screen_state=on"
07-29 08:33:42.173  1882  4569 I PAL: ResourceManager: setParameter: 11480: Screen State:1
07-29 08:33:42.173  2152  2152 D DeviceHalAidl: 0xb400007cb087c800 DeviceHalAidl::setParameters
07-29 08:33:42.173  2152  2152 D DeviceHalAidl: setParameters: parameters: "screen_state=on"
07-29 08:33:42.173  1882  4569 D AHAL_Module: updateScreenState: usb: 1
07-29 08:33:42.173  2152  2152 D DeviceHalAidl: 0xb400007cb087ce00 DeviceHalAidl::setParameters
07-29 08:33:42.173  2152  2152 D DeviceHalAidl: setParameters: parameters: "screen_state=on"
07-29 08:33:42.173  1882  4569 D AHAL_Module: updateScreenState: r_submix: 1
07-29 08:33:42.173  2152  2152 D DeviceHalAidl: 0xb400007cb087d400 DeviceHalAidl::setParameters
07-29 08:33:42.173  2152  2152 D DeviceHalAidl: setParameters: parameters: "screen_state=on"
07-29 08:33:42.173  1882  4570 D AHAL_Module: updateScreenState: bluetooth: 1
07-29 08:33:42.173  2152  2152 D DeviceHalAidl: 0xb400007cb087da00 DeviceHalAidl::setParameters
07-29 08:33:42.173  2152  2152 D DeviceHalAidl: setParameters: parameters: "screen_state=on"
07-29 08:33:42.173  1882  4569 D AHAL_Module: updateScreenState: bluetooth: 1
07-29 08:33:42.173  2152  2152 D DeviceHalAidl: 0xb400007cb087e000 DeviceHalAidl::setParameters
07-29 08:33:42.173  2152  2152 D DeviceHalAidl: setParameters: parameters: "screen_state=on"
07-29 08:33:42.173  1882  4569 D AHAL_Module: updateScreenState: stub: 1
07-29 08:33:42.173  3449  3656 D DisplayManagerService: performTraversalInternal pendingTraversal
07-29 08:33:42.173  3449  3656 D DisplayDevice: setLayerStackLocked id=local:4630946756802996883 token=android.os.BinderProxy@e5c6444 stack=0->0
07-29 08:33:42.174  4846  4846 I SystemUi--Statusbar: DisplayRepository-->combining enabled=[0], connectedExternalDisplayIds=[], ignored=[]
07-29 08:33:42.174  6559  6649 E oiface  : sched_setaffinity failed
07-29 08:33:42.175  2014  2060 I gameoptHal: targetfps updated 6 -- 60
07-29 08:33:42.193  5002  5042 D SaDataService: onTelephonyEventReport , subId= 1,slotId=0 eventId=2009
07-29 08:33:42.193  5002  5042 D TelephonyImpl: notify eventId:2009 for list size:2
07-29 08:33:42.193  5172  5226 D VendorTelephonyService: onTelephonyEventReport slotId =1 eventId=2009
07-29 08:33:42.193  5172  5226 D VendorTelephonyService: onTelephonyEventReport slotId =1 eventId=2009
07-29 08:33:42.193  5172  5172 D VendorCallService: notityEventUpdate, eventId:2009, slotId = 1
07-29 08:33:42.193  5172  5226 D VendorTelephonyService: onTelephonyEventReport slotId =0 eventId=2009
07-29 08:33:42.193  5172  5226 D VendorTelephonyService: onTelephonyEventReport slotId =0 eventId=2009
07-29 08:33:42.193  5172  5172 D VendorCallService: notityEventUpdate, eventId:2009, slotId = 0
07-29 08:33:42.193  5002  5042 D SaDataService: onTelephonyEventReport , subId= 0,slotId=-1 eventId=2009
07-29 08:33:42.193  5002  5042 D TelephonyImpl: notify eventId:2009 for list size:2
07-29 08:33:42.218  3449  3806 D VRR [OPlusRefreshRateService]: handleConfigIdChange physicalDisplayId: 4630946756802996883 configId: 5 renderPeriod: 16666666
07-29 08:33:42.218  3449  3806 D VRR [OPlusSAManager]: updateModeChange old modeId [ 4 ] -> new modeId [ 5 ] mCurPolicy: 1
07-29 08:33:42.218  3449  3806 D VRR [OPlusSAManager]: updateSAScene active modeId: 5
07-29 08:33:42.218  3449  3806 D VRR [OPlusSAManager]: updateSAScene current policy: 1 active modeId: 5 scene: VRR_60
07-29 08:33:42.218  3449  3806 D VRR [OPlusOAManager]: Not OA business! new modeId: [5] active modeId: [4]
07-29 08:33:42.218  3449  3806 D VRR [OPlusGameStatusManager]: updateGameState mOSyncFeatureSwitch: false mIsGamePolicy: false
07-29 08:33:42.218  3449  3806 D VRR [OPlusGameStatusManager]: setLTMStatus false curPkgName: com.android.launcher curr status: false HeartStop: false HeartStopFromTGPA: false ActiveFPS: 60.000004
07-29 08:33:42.218  3449  3806 D VRR [OPlusGameStatusManager]: updateGameAccelerationStatus pkgName: com.android.launcher mOSyncFeatureSwitch: false mIsGamePolicy: false mHeartStop: false mHasFlickerRisk: false mForceAcceleration: false mToastReady: false enable: false
07-29 08:33:42.218  3449  3806 D VRR [OPlusGameStatusManager]: updateToastStatus enableAcceleration: false toastReady: false isGamePolicy: false desiredModeId: 5
07-29 08:33:42.218  3449  3806 D VRR [OPlusGameStatusManager]: updateToastStatus enableAcceleration: false toastReady: false isGamePolicy: false desiredModeId: 5
07-29 08:33:42.218  3449  3806 D VRR [OPlusExternalRefreshRateManager]:  updateRenderPeriodChange configId:5 current refresh rate:60.000004
07-29 08:33:42.236  6539  6645 E horae   : 0: back:33384,back_1:35713,back_2:35183,back_3:34426,frame:35836,frame_1:34729,front:36439,front_1:36784,front_2:35192, -2147483648 5, +(3277), 1 ,43648,33414,39616,43682,41690,42725,33437,39341,42719,41076,41799,33278,39044,41889,40515,41267,33306,38796,41214,40035, target_temp:36784, algo:0
07-29 08:33:42.236  5002  5981 W h       : networkLogger failï¼
07-29 08:33:42.236  5002  5981 D Acc-OplusLinkBoostCommon: notifyThermalBroadCast level = 5 temp = 36,lastTemp: 37 ,th: 44
07-29 08:33:42.237  5172  5172 D RFPowerBoostManager: my thermal listener proxy invoke method:notifyThermalBroadCast args len:2
07-29 08:33:42.237  5172  5172 D RFPowerBoostManager: current temp is 36, mInCalling is false, current threshold is 41
07-29 08:33:42.237  6539  6600 E horae   : Horae service notifyComponentHeat caught exception -2
07-29 08:33:42.237  6539  6600 E horae   : Horae service notifyComponentHeat caught exception -2
07-29 08:33:42.259  8120  8799 W metis_v2_KnowledgeManager: Fire: isEmergency is true  debugFireMode = false [7f0000011753792380888287607353|p_7353_b70a7b4@1|p_8120_95563f4@1|com.oplus.metis] [base|com.oplus.metis|1.5.5-f48228a]
07-29 08:33:42.259  8120  8799 W metis_v2_OifaceBindUtils: bindTask [7f0000011753792380888287607353|p_7353_b70a7b4@1|p_8120_95563f4@1|com.oplus.metis]
07-29 08:33:42.259  8120  8799 W metis_v2_OifaceBindUtils: call connectOifaceService [7f0000011753792380888287607353|p_7353_b70a7b4@1|p_8120_95563f4@1|com.oplus.metis]
07-29 08:33:42.260  6559  6649 E oiface  : sched_setaffinity failed
07-29 08:33:42.260  8120  8799 I metis_v2_KnowledgeManager: panta-sugg-Fire: count=1 [7f0000011753792380888287607353|p_7353_b70a7b4@1|p_8120_95563f4@1|com.oplus.metis]
07-29 08:33:42.260  6559  6625 E oiface  : directSetTask: get cpuset path failed
07-29 08:33:42.261  8120  8799 I System.out: 'park_precondition_home_02' 
07-29 08:33:42.261  8120  8799 I System.out: 'park_precondition_company_02' 
07-29 08:33:42.261  8120  8799 I System.out: 'UBIQUITOUS_SERVICE#assistant_screen#NOT_AT_HOME_301' 
07-29 08:33:42.261  8120  8799 I System.out: 'UBIQUITOUS_SERVICE#assistant_screen#NOT_AT_OFFICE_401' 
07-29 08:33:42.261  8120  8799 I System.out: 'policy:NEAR_SUBWAY_BUS_STATION_2x4' 
07-29 08:33:42.262  8120  8799 W metis_v2_TimeDurationCompare: [com.oplus.metis#UBIQUITOUS_SERVICE#scene#tips#TipScene_EXIT] 'timestamp' is not literal. [7f0000011753792380888287607353|p_7353_b70a7b4@1|p_8120_95563f4@1|com.oplus.metis]
07-29 08:33:42.263  8120  8799 D SceneIntentPublisher: headAction: pkg is com.oplus.metis and simpleRuleName is UBIQUITOUS_SERVICE#secne#activity_coloros_reminder_tips
07-29 08:33:42.265  1935  2213 I SDM     : DisplayBase::CommitThread: Received idle timeout, panel: cmd, timeout: 70000 us
07-29 08:33:42.267  8120  8799 D SceneIntentPublisher: headAction: pkg is com.oplus.metis and simpleRuleName is UBIQUITOUS_SERVICE#secne#activity_coloros_reminder_tips
07-29 08:33:42.268  3449  3806 D VRR [OPlusSAManager]: setSAConfig scene: VRR_60 modeId: 5 auto: false fakeFrame: false
07-29 08:33:42.268  3449  3806 D VRR [OPlusSAManager]: updateAutoMinfps with nits: 111.20166, mHistOK true, mAmbientOK true, mCctOK true, mIrOK true, mBrightnessOK true, isPkgOK true, SA min fps: 119
07-29 08:33:42.268  3449  3806 D VRR [OPlusSurfaceFlingerController]: setAutoMode enable: false fakeFrame: false fps: 119
07-29 08:33:42.268  2166  2411 I VRR-[OPlusAdfrUtil]: ADFR try set Auto mode with mode 0 fakeframe 0 min fps 119
07-29 08:33:42.268  2166  2411 D VRR-[OPlusRefreshRateSelector]: OSyncModes add size is 1.
07-29 08:33:42.268  2166  2411 I VRR-[OPlusRefreshRateSelector]: updateAutoMode success, display 0, mode 0, fakeframe 0, min fps: 1
07-29 08:33:42.268  2166  2942 D VRR-[OPlusRefreshRateSelector]: handleSetHWCOSync
07-29 08:33:42.268  2166  2942 D VRR-[OPlusRefreshRateSelector]: OSyncModes remaining size is 0.
07-29 08:33:42.268  2166  2942 D VRR-[OPlusRefreshRateSelector]: SetHWCOSync with 5CC08081
07-29 08:33:42.268  1935  1935 I SDM     : DisplayBuiltIn::SetQSyncMode: VRR + update qsync mode 0 minfps 00C08081
07-29 08:33:42.270  8120  8799 I System.out: 'UBIQUITOUS_SERVICE#assistant_screen#NOT_AT_HOME_301' 
07-29 08:33:42.271  8120  8799 I System.out: 'tempPropertyForGuideStatus' 
07-29 08:33:42.273  8120  8799 D SceneIntentPublisher: headAction: pkg is com.oplus.metis and simpleRuleName is UBIQUITOUS_SERVICE#secne#activity_coloros_reminder_tips
07-29 08:33:42.274  8120  8799 W metis_v2_TimeDurationCompare: [com.oplus.metis#UBIQUITOUS_SERVICE#scene#tips#TipScene_EXIT] 'timestamp' is not literal. [7f0000011753792380888287607353|p_7353_b70a7b4@1|p_8120_95563f4@1|com.oplus.metis]
07-29 08:33:42.276  1935  2213 E SDM     : DRMConnector::Perform: Connector 67: Setting Qsync min fps 12615809
07-29 08:33:42.279  8120  8540 I ContextAware_GetInstalledAppsInfo: Update cache
