07-28 19:43:01.130  2156 11403 D DeviceHalAidl: 0xb40000768947da00 DeviceHalAidl::setParameters
07-28 19:43:01.130  2156 11403 D DeviceHalAidl: setParameters: parameters: "screen_state=on"
07-28 19:43:01.130  3363  5203 D OomAdjuster: Not killing cached processes
07-28 19:43:01.130  4853  4853 I SystemUi--Notification: OplusNotificationShadeWindowControllerExImpl-->isExpanded: isPowerBlock=false ,isErrorFpTouchWhenScreenOff=false ,qsPanelVisible=false, isAodMaskShow=false
07-28 19:43:01.130  1847  4545 D AHAL_Module: updateScreenState: bluetooth: 1
07-28 19:43:01.130  2156 11403 D DeviceHalAidl: 0xb40000768947e000 DeviceHalAidl::setParameters
07-28 19:43:01.130  2156 11403 D DeviceHalAidl: setParameters: parameters: "screen_state=on"
07-28 19:43:01.130  4853  4853 I SystemUi--Notification: OplusNotificationShadeWindowControllerExImpl-->SHADE_FOCUSABLE-->mNotificationShadeFocusable= false, mPanelExpanded= false, mBouncerShowing= false, mKeyguardShowing= false, mKeyguardOccluded= false, mKeyguardNeedsInput= false, ENABLE_REMOTE_INPUT= true, mRemoteInputActive= false, layoutFlags= -2130444216
07-28 19:43:01.130  1847  4545 D AHAL_Module: updateScreenState: stub: 1
07-28 19:43:01.130  4853  4853 I SystemUi--Notification: OplusNotificationShadeWindowControllerExImpl-->SHADE_VISIBLE-->mKeyguardShowing= false, mKeyguardOccluded= false, mPanelVisible= false, mKeyguardFadingAway= false, mKeyguardGoingAway= false, mBouncerShowing= false, mScrimsVisibility= 1, mBackgroundBlurRadius= 0, mForcePluginOpen= false, mediaBackdropShowing= false, viewVisibility= true, qsBlurFraction= 0.026576392, panelBlurFraction= 0.0
07-28 19:43:01.131  4853  4853 D UXUtils : notifyUiSwitched: 1
07-28 19:43:01.131  3363  3575 I UserAwareMgr: handleTopAppChanged: com.android.systemui, pid: 4853, uid: 10218
07-28 19:43:01.131  4853  5933 I SystemUi--Keyguard: OnScreenFingerprintUiMech-->hideFingerprintIconTemporarily for reason: panel expaned ShowForEnroll false mPendingHide false
07-28 19:43:01.131  4853  4853 I SystemUi--Notification: ScrimControllerExImp-->[onQsBottomVisibleChanged] qsBottomVisible=true
07-28 19:43:01.131  4853  4853 I SystemUi--Common: PlatformBlurManagerImpl-->resumeBlur: updatePlatformBlurState(updatePanelBlurState): shouldBlur, isKeyguardVisible=false, isKeyguardFadingAway=false, isPanelVisible=true, isShadeLock=false.
07-28 19:43:01.131  4853  4853 I SystemUi--Common: PlatformBlurManagerImpl-->forceStopMotionBlur: stop=false
07-28 19:43:01.131  4853  4853 I SystemUi--Keyguard: ScrimControllerExImp-->blur State to UNLOCK, bouncer=false changeFromBouncerScrim= false runnerUnlock= false goingAway=false hasHandle=true isOccludeAnimationPlaying=false
07-28 19:43:01.132  4853  4853 I SystemUi--Statusbar: PrivacyDotViewController-->scheduleUpdate: 
07-28 19:43:01.132  6533  6610 E oiface  : sched_setaffinity failed
07-28 19:43:01.132  1702  4942 E TetherController: property_get sys.radio.data.modem_share_flag return 0, 1!
07-28 19:43:01.132  2013  2051 I gameoptHal: targetfps updated 6 -- 120
07-28 19:43:01.133  4853  4853 I SystemUi--Statusbar: PrivacyDotViewController-->needShow false
07-28 19:43:01.133  4853  4853 I SystemUi--Statusbar: PrivacyDotViewController-->scheduleUpdate: 
07-28 19:43:01.133  4853  4853 I SystemUi--Notification: OplusNotificationShadeWindowControllerExImpl-->SHADE_FOCUSABLE-->mNotificationShadeFocusable= true, mPanelExpanded= false, mBouncerShowing= false, mKeyguardShowing= false, mKeyguardOccluded= false, mKeyguardNeedsInput= false, ENABLE_REMOTE_INPUT= true, mRemoteInputActive= false, layoutFlags= -2130444216
07-28 19:43:01.133  4853  4853 I SystemUi--Notification: OplusNotificationShadeWindowControllerExImpl-->SHADE_VISIBLE-->mKeyguardShowing= false, mKeyguardOccluded= false, mPanelVisible= false, mKeyguardFadingAway= false, mKeyguardGoingAway= false, mBouncerShowing= false, mScrimsVisibility= 1, mBackgroundBlurRadius= 0, mForcePluginOpen= false, mediaBackdropShowing= false, viewVisibility= true, qsBlurFraction= 0.026576392, panelBlurFraction= 0.0
07-28 19:43:01.133  7655  7684 I mydevices[core].ProviderCallProcessor: (binder:7655_2)method: panel_state; arg: panel_resume
07-28 19:43:01.133  4853  5149 I [UAH_CLIENT]: UahEventAcquire, cmdid:413, pkg:none, identity:OsenseHelperImpl
07-28 19:43:01.134  4853  4853 I SystemUi--QuickSettings: BackActionInteractor-->registerBackCallback true
07-28 19:43:01.134  4853  4853 I SystemUi--QuickSettings: OplusSeparateQSManager-->updateSeparateQSExpandState recomputeDisableFlags
07-28 19:43:01.134  3363  4198 D CoreBackPreview: Window{8c7e4aa u0 NotificationShade}: Setting back callback OnBackInvokedCallbackInfo{mCallback=android.window.IOnBackInvokedCallback$Stub$Proxy@2443433, mPriority=0, mIsAnimationCallback=false}
07-28 19:43:01.134  4853  4853 I SystemUi--Statusbar: CollapsedSbFragment-->New visibilities calculated internally. StatusBarVisibilityModel(showClock: false showNotificationIcons:false showOngoingActivityChip:false showSystemInfo:false ) 
07-28 19:43:01.134  4853  4853 I SystemUi--Statusbar: CollapsedStatusBarFragmentExImpl-->animate: true, unlockAnimationRunning: false, fadingAway: false, keyguard: false
07-28 19:43:01.134  3363  5294 I VibratorManagerServiceExtImpl: cancelVibrate uid=1000, pid=3363, usageFilter=-15, token=23327728
07-28 19:43:01.134  4853  5681 D Tile.CustomTile.EyeProtectTileService: refreshState: tile not listening, ignore
07-28 19:43:01.134  4853  5681 D TileStateController: bindAppWhenListening: false ComponentInfo{com.oplus.eyeprotect/com.oplus.eyeprotect.services.EyeProtectTileService}
07-28 19:43:01.135  7655  7684 I mydevices[core].ControlCenterManager: (binder:7655_2)onPanelShow
07-28 19:43:01.135  4853  5681 I SystemUi--QuickSettings: Tile.CustomTile.EyeProtectTileService-->bindServiceWhenListening: false when isOplusQsTile
07-28 19:43:01.135  4853  5681 D Tile.CustomTile.EyeProtectTileService: refreshState: tile not listening, ignore
07-28 19:43:01.135  4853  4853 I SystemUi--Statusbar: CollapsedStatusBarFragmentExImpl-->StatusBarVisibilityModelEx: StatusBarVisibilityModelEx(showClock: false showPromptView:false showOngoingCallChip:false showNotificationContainer:false showOperatorName:false showSeedlingContainer:false ), animate: true
07-28 19:43:01.136  4853  4853 I SystemUi--Keyguard: KeyguardRapidUnlockUtils-->composeKeyguard show=true, reason=applyVisibility_show
07-28 19:43:01.138  4853  5882 D UXUtils : setHasTopUi: true; stack: com.oplus.systemui.shade.OplusNotificationShadeWindowControllerExImpl$uxFlagUpdateRunnable$1.run:12
07-28 19:43:01.138  4853  5927 D [DevicePlugin].DataInterfaceImp.(DefaultDispatcher-worker-6): safeCall, method:getPanelDeviceList
07-28 19:43:01.138  4853  7049 D OplusTileControllerPlugin: onSettingsStateChange: 1, componentName: ComponentInfo{com.oplus.eyeprotect/com.oplus.eyeprotect.services.EyeProtectTileService}
07-28 19:43:01.139  7655  7684 I mydevices[core].ProviderCallProcessor: (binder:7655_2)method: getPanelDeviceList; arg: 
07-28 19:43:01.139  4853  5681 D Tile.CustomTile.PowerSaveTileService: refreshState: tile not listening, ignore
07-28 19:43:01.139  4853  5681 I SystemUi--QuickSettings: Tile.CustomTile.PowerSaveTileService-->bindServiceWhenListening: true as default
07-28 19:43:01.139  7655  8168 I mydevices[core].CardsProxyManager: (DefaultDispatcher-worker-2)resume cards: [], visibleCount: 0, showPosition: 4
07-28 19:43:01.139  7655  8168 I mydevices[core].CardsProxyManager: (DefaultDispatcher-worker-2)notify cards size : 0, code = 1
07-28 19:43:01.139  7655  8168 I mydevices[core].CardsProxyManager: (DefaultDispatcher-worker-2)current cards is empty, no need to call the event
07-28 19:43:01.139  7655  8168 I mydevices[core].OPSynergyScannerImpl: (DefaultDispatcher-worker-2)reScan
07-28 19:43:01.139  7655  8168 D OplusLog_DeviceKit_com.heytap.mydevices: [SynergyDeviceManager-18926008] isServiceBound
07-28 19:43:01.139  7655  8168 D OplusLog_DeviceKit_com.heytap.mydevices: [OpDeviceServiceClient-18926008] isServiceBound: null
07-28 19:43:01.139  7655  8168 I mydevices[core].CoreOpDeviceAction: (DefaultDispatcher-worker-2)isServiceBind: isBind: false
07-28 19:43:01.139  7655  8168 I mydevices[core].OPSynergyScannerImpl: (DefaultDispatcher-worker-2)getOpDeviceList
07-28 19:43:01.139  7655  8168 D OplusLog_DeviceKit_com.heytap.mydevices: [SynergyDeviceManager-18926008] getDeviceList: com.heytap.mydevices.core.action.CoreOpDeviceAction$d@6f07be7
07-28 19:43:01.139  4853  5034 D RegionSamplingHelper =:    mCompositionSamplingListener.unregister
07-28 19:43:01.139  4853  5681 D TileStateController: setListening listening: true component: ComponentInfo{com.oplus.linker/com.oplus.linker.synergy.service.TVTileService} userContext: com.android.systemui.SystemUIApplication@6f922af
07-28 19:43:01.139  2167  2510 I BpBinder: onLastStrongRef automatically unlinking death recipients: 
07-28 19:43:01.139  4853  4853 I SystemUi--Keyguard: KeyguardGlideTipView-->hideTips reason=hideGlideTipImmediateWithQsExpandingOrOplusKeyguardLoadOrGotoNtfCapsule withAnimator=true delayType=2
07-28 19:43:01.139  4853  5034 I NotificationShadeWindowController: stop Pending key thread event (apply)
07-28 19:43:01.139  4853  4853 I SystemUi--Keyguard: KeyguardGlideTipView-->cancelBreathAnimation-isBreathAnimationRunning=false
07-28 19:43:01.140  7655  8168 D OplusLog_DeviceKit_com.heytap.mydevices: [OpDeviceServiceClient-18926008] settings_opsynergy_has_device: 0
07-28 19:43:01.140  4853  4853 I SystemUi--Keyguard: KeyguardAffordanceTipsView-->hideTips reason=QsExpandingOrOplusKeyguardLoadOrGotoNtfCapsule withAnimator=true delayType=2
07-28 19:43:01.140  7655  8168 D OplusLog_DeviceKit_com.heytap.mydevices: [SynergyDeviceManager-18926008] getDeviceList result: com.heytap.mydevices.core.action.CoreOpDeviceAction$d@6f07be7, success: true, devices: []
07-28 19:43:01.140  7655  8168 I mydevices[core].CoreOpDeviceAction: (DefaultDispatcher-worker-2)device input: []
07-28 19:43:01.140  7655  8168 I mydevices[core].OPSynergyScannerImpl: (DefaultDispatcher-worker-2)getOpDeviceList, onResult
07-28 19:43:01.140  4853  5681 D Tile.CustomTile.TVTileService: refreshState: tile not listening, ignore
07-28 19:43:01.140  4853  5681 D TileStateController: bindAppWhenListening: false ComponentInfo{com.oplus.linker/com.oplus.linker.synergy.service.TVTileService}
07-28 19:43:01.140  4853  7049 D OplusTileControllerPlugin: onSettingsStateChange: 1, componentName: ComponentInfo{com.oplus.linker/com.oplus.linker.synergy.service.TVTileService}
07-28 19:43:01.140  4853  5681 I SystemUi--QuickSettings: Tile.CustomTile.TVTileService-->bindServiceWhenListening: false when isOplusQsTile
07-28 19:43:01.140  4853  5681 D Tile.CustomTile.TVTileService: refreshState: tile not listening, ignore
07-28 19:43:01.141  4853  5681 D Tile.CustomTile.WindowsLinkTileService: refreshState: tile not listening, ignore
07-28 19:43:01.141  4853  5681 D TileStateController: bindAppWhenListening: false ComponentInfo{com.microsoft.appmanager/com.microsoft.appmanager.quicksettings.WindowsLinkTileService}
07-28 19:43:01.141  4853  5681 I SystemUi--QuickSettings: Tile.CustomTile.WindowsLinkTileService-->bindServiceWhenListening: false when isActiveTile && isTileReady
07-28 19:43:01.141  4853  5681 D Tile.CustomTile.WirelessReverseControService: refreshState: tile not listening, ignore
07-28 19:43:01.141  4853  5681 I SystemUi--QuickSettings: Tile.CustomTile.WirelessReverseControService-->bindServiceWhenListening: true as default
07-28 19:43:01.141  4853  5681 D TileStateController: updateCurrentStateIsNotDirty component:ComponentInfo{com.oplus.eyeprotect/com.oplus.eyeprotect.services.EyeProtectTileService}
07-28 19:43:01.141  4853  5681 D TileStateController: updateCurrentStateIsNotDirty component:ComponentInfo{com.oplus.linker/com.oplus.linker.synergy.service.TVTileService}
07-28 19:43:01.142  4853  4853 D ViewRootImplExtImpl: wrapConfigInfoIntoFlags rotation=0, smallestScreenWidthDp=0, residentWS=false, scenario=0, bounds=Rect(0, 0 - 1080, 2376), relayoutAsync=false, flags=1, newFlags=1245708289, title=NotificationShade
07-28 19:43:01.142  3363  3485 D WindowManagerServiceExtImpl: extractConfigInfoAndRealFlags rotation=0, screenDp=0, residentWS:0, scenario:0, bounds:2376, serverWinBounds:Rect(0, 0 - 1080, 2376), win=Window{8c7e4aa u0 NotificationShade}
07-28 19:43:01.142  7387  7387 W Battery : PowerSaveTileService: onCreate
07-28 19:43:01.142  3363  3485 V WindowManager: Relayout Window{8c7e4aa u0 NotificationShade}: viewVisibility=0, oldvis=4, req=1080x2376, vsysui=, x=0, y=0
07-28 19:43:01.143  3363  3485 I WindowManager: Window{8c7e4aa u0 NotificationShade} state from NO_SURFACE to DRAW_PENDING; reason: resetDrawState
07-28 19:43:01.143  7655  7684 I mydevices[core].ControlCenterManager: (binder:7655_2)response data:DeviceSpaceInfo(version=2, panelDevices=[])
07-28 19:43:01.143  7655  7684 I mydevices[core].DeviceMainPageEvent: (binder:7655_2)uploadDeviceNumTypeName list empty
07-28 19:43:01.143  2167  2510 D OplusLayer: setProcInfo (141,NotificationShade#141,com.android.systemui,0x4578D52F)
07-28 19:43:01.144  3363  3485 D QuickBackInputPolicy: hasMultiChildrenInTask: false
07-28 19:43:01.144  3363  3485 D WindowManager: NFW_findFocusedWindowIfNeeded:Window{5f33965 u0 com.android.launcher/com.android.launcher.Launcher} mCurrentFocus:Window{5f33965 u0 com.android.launcher/com.android.launcher.Launcher}
07-28 19:43:01.145  4853  4853 W VRI[NotificationShade]: updateBlastSurfaceIfNeeded, surfaceSize:Point(1080, 2376), lastSurfaceSize:Point(1080, 2376), format:-3, blastBufferQueue:null
07-28 19:43:01.145  4853  4853 D BufferQueueConsumer: [](id:12f50000000a,api:0,p:-1,c:4853) connect: controlledByApp=false
07-28 19:43:01.145  4853  5992 D Tile.CustomTile.PowerSaveTileService: refreshState: tile not listening, ignore
07-28 19:43:01.145  4853  5992 D Tile.CustomTile.WirelessReverseControService: refreshState: tile not listening, ignore
07-28 19:43:01.145  4853  5927 I [DevicePlugin].DevicePanelPresenter.(DefaultDispatcher-worker-6): response code:30001; panelInfo:PanelInfo(panelState=DEVICE_HOME, panelDevices=[]), pluginVersion: 2
07-28 19:43:01.146  4853  5927 I [DevicePlugin].FixedSeparateModelPanel.(DefaultDispatcher-worker-6): onPanelInfoChanged
07-28 19:43:01.146  4853  5927 I [DevicePlugin].FixedSeparateModelPanel.(DefaultDispatcher-worker-6): updateView: panelState=DEVICE_HOME, panelDevices.size=0
07-28 19:43:01.146  4853  4853 I SystemUi--Keyguard: KeyguardEngineContainer-->onConfigurationChanged, locale = en-US,zh-CN, mLastLocale= en-US,zh-CN
07-28 19:43:01.146  4853  4853 I SystemUi--Keyguard: KeyguardEngineContainer-->onConfigurationChanged. font = 0, mLastFlipFont = 0, density = 480, mDensity = 480
07-28 19:43:01.146  4853  4853 I SystemUi--Keyguard: KeyguardPluginManager-->maybeReloadNormalKeyguard, uses default LockScreen
07-28 19:43:01.147  4853  4853 E ndroid.systemui: No package ID ff found for resource ID 0xffffffff.
07-28 19:43:01.147  4853  4853 E ndroid.systemui: No package ID ff found for resource ID 0xffffffff.
07-28 19:43:01.147  4853  4853 E ndroid.systemui: No package ID ff found for resource ID 0xffffffff.
07-28 19:43:01.147  4853  4853 E ThemeUtils: View class com.oplus.systemui.keyguard.view.GeneralFontVariationTextView is an AppCompat widget that can only be used with a Theme.AppCompat theme (or descendant).
07-28 19:43:01.147  4853  4853 E ThemeUtils: View class com.oplus.systemui.keyguard.view.GeneralFontVariationTextView is an AppCompat widget that can only be used with a Theme.AppCompat theme (or descendant).
07-28 19:43:01.148  4853  4853 I SystemUi--Keyguard: PictorialAppInfo-->isShowPictorialTipDevice true,bottomMargin=611
07-28 19:43:01.148  4853  4853 I SystemUi--Keyguard: PictorialFunctionContainer-->onWallpaperChange info is null or local or engine
07-28 19:43:01.148  4853  4853 I SystemUi--Keyguard: PictorialAppInfo-->isShowPictorialTipDevice true,bottomMargin=611
07-28 19:43:01.148  4853  4853 I SystemUi--Keyguard: PictorialAppInfo-->isShowPictorialTipDevice true,bottomMargin=611
07-28 19:43:01.148  4853  4853 I SystemUi--Notification: NotificationsQSContainerController-->onWindowConfigurationChange: splitShadeEnabled=false
07-28 19:43:01.148  4853  4853 I SystemUi--Notification: NotificationsQSContainerController-->updateResources: splitShadeEnabled=false, newSplitShadeEnabled=false
07-28 19:43:01.148  4853  4853 I SystemUi--Notification: OplusQSSimpleHeader-->shouldClick: true, isInSuperPowerSaveMode: false, isInWellBeingAssistantMode: false
07-28 19:43:01.148  4853  4853 I SystemUi--Notification: OplusQSSimpleHeader-->updateMarginTop, reason: configChange, newMarginTop: 102 currentMarginTop 102
07-28 19:43:01.149  4853  4853 I SystemUi--QuickSettings: OplusQuickStatusBarHeader-->[onConfigurationChanged] updateResources end, start call listener
07-28 19:43:01.151  4853  4853 I SystemUi--QuickSettings: OplusQuickStatusBarHeader-->[onConfigurationChanged] updateResources end, start call listener
07-28 19:43:01.152  4853  4853 I SystemUi--QuickSettings: OplusQSHighlightTileViewImpl-->updateIconViewSize mTileCanTips=true
07-28 19:43:01.153  4853  4853 I SystemUi--QuickSettings: OplusQSHighlightTileViewImpl-->updateIconViewSize mTileCanTips=true
07-28 19:43:01.153  4853  4853 I SystemUi--QuickSettings: OplusQsToggleSliderTouchExt-->getRealSize point: Point(1080, 2376) realScreenWidth: 1080 realScreenHeight: 2376
07-28 19:43:01.153  4853  4853 I SystemUi--QuickSettings: OplusQsToggleSliderLayout-->updateRadius radius= 57.815125, roundParams= OplusRoundParams(radiusDp=15.2, radius=45.6, weight=1.1, isCircle=false), isDefaultVolumeTheme = true
07-28 19:43:01.153  4853  4853 I COUIVerticalSeekBar: COUIVerticalSeekBar ensureSize : mIsProgressFull:true,mBackgroundRadius:45.6,mBackgroundWidth:179.0,mBackgroundEnlargeScale1.0,mProgressRadius:45.6,mProgressWidth:179.0,mProgressEnlargeScale1.0,mPaddingVertical45.6
07-28 19:43:01.154  4853  4853 I COUIVerticalSeekBar: updateBehavior * normalSeekBarHeight = 309,mPaddingVertical = 45.6,mIsPhysicsEnable = true,mPhysicalAnimator = null,mFlingBehavior = null,Thread_name = main,hashCode = 139916500,time = 1753746181154,stackChain = com.coui.appcompat.seekbar.COUIVerticalSeekBar.updateBehavior$1:14 com.coui.appcompat.seekbar.COUIVerticalSeekBar.ensureSize$1:182 com.coui.appcompat.seekbar.COUIVerticalSeekBar.setBackgroundRadius:3 com.oplus.systemui.qs.base.seek.OplusQsBaseToggleSliderLayout.updateRadius:60 
07-28 19:43:01.154  4853  4853 I COUIVerticalSeekBar: setPaddingVertical * paddingVertical = 45.6,hashCode = 139916500,time = 1753746181154
07-28 19:43:01.154  4853  4853 I COUIVerticalSeekBar: COUIVerticalSeekBar ensureSize : mIsProgressFull:true,mBackgroundRadius:45.6,mBackgroundWidth:179.0,mBackgroundEnlargeScale1.0,mProgressRadius:45.6,mProgressWidth:179.0,mProgressEnlargeScale1.0,mPaddingVertical45.6
07-28 19:43:01.154  4853  4853 I COUIVerticalSeekBar: updateBehavior * normalSeekBarHeight = 309,mPaddingVertical = 45.6,mIsPhysicsEnable = true,mPhysicalAnimator = null,mFlingBehavior = null,Thread_name = main,hashCode = 139916500,time = 1753746181154,stackChain = com.coui.appcompat.seekbar.COUIVerticalSeekBar.updateBehavior$1:14 com.coui.appcompat.seekbar.COUIVerticalSeekBar.ensureSize$1:182 com.coui.appcompat.seekbar.COUIVerticalSeekBar.setPaddingVertical:59 com.oplus.systemui.qs.base.seek.OplusQsBaseToggleSliderLayout.updateRadius:74 
07-28 19:43:01.154  4853  4853 I SystemUi--QuickSettings: OplusQsToggleSliderTouchExt-->getRealSize point: Point(1080, 2376) realScreenWidth: 1080 realScreenHeight: 2376
07-28 19:43:01.154  4853  4853 I SystemUi--QuickSettings: OplusQsToggleSliderLayout-->updateRadius radius= 57.815125, roundParams= OplusRoundParams(radiusDp=15.2, radius=45.6, weight=1.1, isCircle=false), isDefaultVolumeTheme = true
07-28 19:43:01.154  4853  4853 I COUIVerticalSeekBar: COUIVerticalSeekBar ensureSize : mIsProgressFull:true,mBackgroundRadius:45.6,mBackgroundWidth:179.0,mBackgroundEnlargeScale1.0,mProgressRadius:45.6,mProgressWidth:179.0,mProgressEnlargeScale1.0,mPaddingVertical45.6
07-28 19:43:01.154  4853  4853 I COUIVerticalSeekBar: updateBehavior * normalSeekBarHeight = 309,mPaddingVertical = 45.6,mIsPhysicsEnable = true,mPhysicalAnimator = null,mFlingBehavior = null,Thread_name = main,hashCode = 110889580,time = 1753746181154,stackChain = com.coui.appcompat.seekbar.COUIVerticalSeekBar.updateBehavior$1:14 com.coui.appcompat.seekbar.COUIVerticalSeekBar.ensureSize$1:182 com.coui.appcompat.seekbar.COUIVerticalSeekBar.setBackgroundRadius:3 com.oplus.systemui.qs.base.seek.OplusQsBaseToggleSliderLayout.updateRadius:60 
07-28 19:43:01.154  4853  4853 I COUIVerticalSeekBar: setPaddingVertical * paddingVertical = 45.6,hashCode = 110889580,time = 1753746181154
07-28 19:43:01.154  4853  4853 I COUIVerticalSeekBar: COUIVerticalSeekBar ensureSize : mIsProgressFull:true,mBackgroundRadius:45.6,mBackgroundWidth:179.0,mBackgroundEnlargeScale1.0,mProgressRadius:45.6,mProgressWidth:179.0,mProgressEnlargeScale1.0,mPaddingVertical45.6
07-28 19:43:01.154  4853  4853 I COUIVerticalSeekBar: updateBehavior * normalSeekBarHeight = 309,mPaddingVertical = 45.6,mIsPhysicsEnable = true,mPhysicalAnimator = null,mFlingBehavior = null,Thread_name = main,hashCode = 110889580,time = 1753746181154,stackChain = com.coui.appcompat.seekbar.COUIVerticalSeekBar.updateBehavior$1:14 com.coui.appcompat.seekbar.COUIVerticalSeekBar.ensureSize$1:182 com.coui.appcompat.seekbar.COUIVerticalSeekBar.setPaddingVertical:59 com.oplus.systemui.qs.base.seek.OplusQsBaseToggleSliderLayout.updateRadius:74 
07-28 19:43:01.154  4853  4853 I [DevicePlugin].NoDeviceEntranceCardView.(main): onConfigurationChanged
07-28 19:43:01.154  4853  4853 I [DevicePlugin].PlatformUtils.(main): isLowGaussianLevel: DEBUG_LEVEL = -1, ANIM_LEVEL = 1
07-28 19:43:01.154  4853  4853 I [DevicePlugin].PlatformUtils.(main): isGlobalThemeApplied: isGlobalTheme=false
07-28 19:43:01.154  4853  4853 I [DevicePlugin].PlatformUtils.(main): isBlurEnable: enable=true
07-28 19:43:01.154  4853  4853 I [DevicePlugin].PlatformUtils.(main): isGlobalThemeApplied: isGlobalTheme=false
07-28 19:43:01.154  4853  4853 I [DevicePlugin].PlatformUtils.(main): isLightOsGaussianLevel: DEBUG_LEVEL = -1, ANIM_LEVEL = 1
07-28 19:43:01.154  4853  4853 I [DevicePlugin].PlatformUtils.(main): isLightBlurEnable: enable=false
07-28 19:43:01.154  4853  4853 I [DevicePlugin].RectangleDeviceCardView.(main): onConfigurationChanged
07-28 19:43:01.154  4853  4853 I [DevicePlugin].PlatformUtils.(main): isLowGaussianLevel: DEBUG_LEVEL = -1, ANIM_LEVEL = 1
07-28 19:43:01.154  4853  4853 I [DevicePlugin].PlatformUtils.(main): isGlobalThemeApplied: isGlobalTheme=false
07-28 19:43:01.154  4853  4853 I [DevicePlugin].PlatformUtils.(main): isBlurEnable: enable=true
07-28 19:43:01.154  4853  4853 I [DevicePlugin].PlatformUtils.(main): isGlobalThemeApplied: isGlobalTheme=false
07-28 19:43:01.154  4853  4853 I [DevicePlugin].PlatformUtils.(main): isLightOsGaussianLevel: DEBUG_LEVEL = -1, ANIM_LEVEL = 1
07-28 19:43:01.154  4853  4853 I [DevicePlugin].PlatformUtils.(main): isLightBlurEnable: enable=false
07-28 19:43:01.154  4853  4853 I [DevicePlugin].RectangleEntranceCardView.(main): onConfigurationChanged
07-28 19:43:01.154  4853  4853 I [DevicePlugin].PlatformUtils.(main): isLowGaussianLevel: DEBUG_LEVEL = -1, ANIM_LEVEL = 1
07-28 19:43:01.154  4853  4853 I [DevicePlugin].PlatformUtils.(main): isGlobalThemeApplied: isGlobalTheme=false
07-28 19:43:01.154  4853  4853 I [DevicePlugin].PlatformUtils.(main): isBlurEnable: enable=true
07-28 19:43:01.154  4853  4853 I [DevicePlugin].PlatformUtils.(main): isGlobalThemeApplied: isGlobalTheme=false
07-28 19:43:01.154  4853  4853 I [DevicePlugin].PlatformUtils.(main): isLightOsGaussianLevel: DEBUG_LEVEL = -1, ANIM_LEVEL = 1
07-28 19:43:01.154  4853  4853 I [DevicePlugin].PlatformUtils.(main): isLightBlurEnable: enable=false
07-28 19:43:01.154  4853  4853 I [DevicePlugin].RectangleDeviceCardView.(main): onConfigurationChanged
07-28 19:43:01.154  4853  4853 I [DevicePlugin].PlatformUtils.(main): isLowGaussianLevel: DEBUG_LEVEL = -1, ANIM_LEVEL = 1
07-28 19:43:01.154  4853  4853 I [DevicePlugin].PlatformUtils.(main): isGlobalThemeApplied: isGlobalTheme=false
07-28 19:43:01.154  4853  4853 I [DevicePlugin].PlatformUtils.(main): isBlurEnable: enable=true
07-28 19:43:01.154  4853  4853 I [DevicePlugin].PlatformUtils.(main): isGlobalThemeApplied: isGlobalTheme=false
07-28 19:43:01.154  4853  4853 I [DevicePlugin].PlatformUtils.(main): isLightOsGaussianLevel: DEBUG_LEVEL = -1, ANIM_LEVEL = 1
07-28 19:43:01.154  4853  4853 I [DevicePlugin].PlatformUtils.(main): isLightBlurEnable: enable=false
07-28 19:43:01.154  4853  4853 I [DevicePlugin].SquareDeviceCardView.(main): onConfigurationChanged
07-28 19:43:01.154  4853  4853 I [DevicePlugin].PlatformUtils.(main): isLowGaussianLevel: DEBUG_LEVEL = -1, ANIM_LEVEL = 1
07-28 19:43:01.154  4853  4853 I [DevicePlugin].PlatformUtils.(main): isGlobalThemeApplied: isGlobalTheme=false
07-28 19:43:01.154  4853  4853 I [DevicePlugin].PlatformUtils.(main): isBlurEnable: enable=true
07-28 19:43:01.154  4853  4853 I [DevicePlugin].PlatformUtils.(main): isGlobalThemeApplied: isGlobalTheme=false
07-28 19:43:01.154  4853  4853 I [DevicePlugin].PlatformUtils.(main): isLightOsGaussianLevel: DEBUG_LEVEL = -1, ANIM_LEVEL = 1
07-28 19:43:01.154  4853  4853 I [DevicePlugin].PlatformUtils.(main): isLightBlurEnable: enable=false
07-28 19:43:01.154  4853  4853 I [DevicePlugin].SquareEntranceCardView.(main): onConfigurationChanged
07-28 19:43:01.154  4853  4853 I [DevicePlugin].PlatformUtils.(main): isLowGaussianLevel: DEBUG_LEVEL = -1, ANIM_LEVEL = 1
07-28 19:43:01.154  4853  4853 I [DevicePlugin].PlatformUtils.(main): isGlobalThemeApplied: isGlobalTheme=false
07-28 19:43:01.154  4853  4853 I [DevicePlugin].PlatformUtils.(main): isBlurEnable: enable=true
07-28 19:43:01.154  4853  4853 I [DevicePlugin].PlatformUtils.(main): isGlobalThemeApplied: isGlobalTheme=false
07-28 19:43:01.154  4853  4853 I [DevicePlugin].PlatformUtils.(main): isLightOsGaussianLevel: DEBUG_LEVEL = -1, ANIM_LEVEL = 1
07-28 19:43:01.154  4853  4853 I [DevicePlugin].PlatformUtils.(main): isLightBlurEnable: enable=false
07-28 19:43:01.154  4853  4853 I [DevicePlugin].SquareDeviceCardView.(main): onConfigurationChanged
07-28 19:43:01.154  4853  4853 I [DevicePlugin].PlatformUtils.(main): isLowGaussianLevel: DEBUG_LEVEL = -1, ANIM_LEVEL = 1
07-28 19:43:01.154  4853  4853 I [DevicePlugin].PlatformUtils.(main): isGlobalThemeApplied: isGlobalTheme=false
07-28 19:43:01.154  4853  4853 I [DevicePlugin].PlatformUtils.(main): isBlurEnable: enable=true
07-28 19:43:01.154  4853  4853 I [DevicePlugin].PlatformUtils.(main): isGlobalThemeApplied: isGlobalTheme=false
07-28 19:43:01.154  4853  4853 I [DevicePlugin].PlatformUtils.(main): isLightOsGaussianLevel: DEBUG_LEVEL = -1, ANIM_LEVEL = 1
07-28 19:43:01.154  4853  4853 I [DevicePlugin].PlatformUtils.(main): isLightBlurEnable: enable=false
07-28 19:43:01.154  4853  4853 I [DevicePlugin].SquareDeviceCardView.(main): onConfigurationChanged
07-28 19:43:01.154  4853  4853 I [DevicePlugin].PlatformUtils.(main): isLowGaussianLevel: DEBUG_LEVEL = -1, ANIM_LEVEL = 1
07-28 19:43:01.154  4853  4853 I [DevicePlugin].PlatformUtils.(main): isGlobalThemeApplied: isGlobalTheme=false
07-28 19:43:01.154  4853  4853 I [DevicePlugin].PlatformUtils.(main): isBlurEnable: enable=true
07-28 19:43:01.154  4853  4853 I [DevicePlugin].PlatformUtils.(main): isGlobalThemeApplied: isGlobalTheme=false
07-28 19:43:01.154  4853  4853 I [DevicePlugin].PlatformUtils.(main): isLightOsGaussianLevel: DEBUG_LEVEL = -1, ANIM_LEVEL = 1
07-28 19:43:01.154  4853  4853 I [DevicePlugin].PlatformUtils.(main): isLightBlurEnable: enable=false
07-28 19:43:01.154  4853  4853 I [DevicePlugin].SquareDeviceCardView.(main): onConfigurationChanged
07-28 19:43:01.154  4853  4853 I [DevicePlugin].PlatformUtils.(main): isLowGaussianLevel: DEBUG_LEVEL = -1, ANIM_LEVEL = 1
07-28 19:43:01.154  4853  4853 I [DevicePlugin].PlatformUtils.(main): isGlobalThemeApplied: isGlobalTheme=false
07-28 19:43:01.154  4853  4853 I [DevicePlugin].PlatformUtils.(main): isBlurEnable: enable=true
07-28 19:43:01.154  4853  4853 I [DevicePlugin].PlatformUtils.(main): isGlobalThemeApplied: isGlobalTheme=false
07-28 19:43:01.154  4853  4853 I [DevicePlugin].PlatformUtils.(main): isLightOsGaussianLevel: DEBUG_LEVEL = -1, ANIM_LEVEL = 1
07-28 19:43:01.154  4853  4853 I [DevicePlugin].PlatformUtils.(main): isLightBlurEnable: enable=false
07-28 19:43:01.154  4853  4853 I [DevicePlugin].SquareEntranceCardView.(main): onConfigurationChanged
07-28 19:43:01.154  4853  4853 I [DevicePlugin].PlatformUtils.(main): isLowGaussianLevel: DEBUG_LEVEL = -1, ANIM_LEVEL = 1
07-28 19:43:01.154  4853  4853 I [DevicePlugin].PlatformUtils.(main): isGlobalThemeApplied: isGlobalTheme=false
07-28 19:43:01.154  4853  4853 I [DevicePlugin].PlatformUtils.(main): isBlurEnable: enable=true
07-28 19:43:01.154  4853  4853 I [DevicePlugin].PlatformUtils.(main): isGlobalThemeApplied: isGlobalTheme=false
07-28 19:43:01.154  4853  4853 I [DevicePlugin].PlatformUtils.(main): isLightOsGaussianLevel: DEBUG_LEVEL = -1, ANIM_LEVEL = 1
07-28 19:43:01.154  4853  4853 I [DevicePlugin].PlatformUtils.(main): isLightBlurEnable: enable=false
07-28 19:43:01.156  1824  4434 I sensors-hal: handle_oplus_wise_rgb_event:189, high_pwm_light:lux 264.7,cct 3595.8,brl/algo/ir 1428.0/2.0/16.9,pwm/dc 0.0/0.0,rgbc 20584.355469/12761.596680/5882.903320/37924.367188,ts 57917985619,cnt 810,flag 156
07-28 19:43:01.157  1904  4425 I Dpps    : LtmSwState::SetParameter():144 ignore cmd 7 in state LtmOffState
07-28 19:43:01.157  4853  4853 I SystemUi--QuickSettings: OplusSeparateQSCustomizer-->updateResources tileRow= 3
07-28 19:43:01.157  4853  4853 I SystemUi--QuickSettings: OplusSeparateQSCustomizer--> mUsableWidth=1080
07-28 19:43:01.157  4853  4853 I SystemUi--QuickSettings: OplusSeparateQSCustomizer--> mEditCellWidth=175 mEditCellMarginHorizontal=66 mItemHeight=271 mHorizontalSidePadding=57
07-28 19:43:01.157  4853  4853 I SystemUi--QuickSettings: OplusQsToggleSliderTouchExt-->getRealSize point: Point(1080, 2376) realScreenWidth: 1080 realScreenHeight: 2376
07-28 19:43:01.157  4853  4853 I SystemUi--QuickSettings: OplusQsToggleSliderLayout-->updateRadius radius= 57.815125, roundParams= OplusRoundParams(radiusDp=15.2, radius=45.6, weight=1.1, isCircle=false), isDefaultVolumeTheme = true
07-28 19:43:01.157  4853  4853 I COUIVerticalSeekBar: COUIVerticalSeekBar ensureSize : mIsProgressFull:true,mBackgroundRadius:45.6,mBackgroundWidth:179.0,mBackgroundEnlargeScale1.0,mProgressRadius:45.6,mProgressWidth:179.0,mProgressEnlargeScale1.0,mPaddingVertical45.6
07-28 19:43:01.158  4853  4853 I COUIVerticalSeekBar: updateBehavior * normalSeekBarHeight = 309,mPaddingVertical = 45.6,mIsPhysicsEnable = true,mPhysicalAnimator = null,mFlingBehavior = null,Thread_name = main,hashCode = 38991762,time = 1753746181158,stackChain = com.coui.appcompat.seekbar.COUIVerticalSeekBar.updateBehavior$1:14 com.coui.appcompat.seekbar.COUIVerticalSeekBar.ensureSize$1:182 com.coui.appcompat.seekbar.COUIVerticalSeekBar.setBackgroundRadius:3 com.oplus.systemui.qs.base.seek.OplusQsBaseToggleSliderLayout.updateRadius:60 
07-28 19:43:01.158  4853  4853 I COUIVerticalSeekBar: setPaddingVertical * paddingVertical = 45.6,hashCode = 38991762,time = 1753746181158
07-28 19:43:01.158  4853  4853 I COUIVerticalSeekBar: COUIVerticalSeekBar ensureSize : mIsProgressFull:true,mBackgroundRadius:45.6,mBackgroundWidth:179.0,mBackgroundEnlargeScale1.0,mProgressRadius:45.6,mProgressWidth:179.0,mProgressEnlargeScale1.0,mPaddingVertical45.6
07-28 19:43:01.158  4853  4853 I COUIVerticalSeekBar: updateBehavior * normalSeekBarHeight = 309,mPaddingVertical = 45.6,mIsPhysicsEnable = true,mPhysicalAnimator = null,mFlingBehavior = null,Thread_name = main,hashCode = 38991762,time = 1753746181158,stackChain = com.coui.appcompat.seekbar.COUIVerticalSeekBar.updateBehavior$1:14 com.coui.appcompat.seekbar.COUIVerticalSeekBar.ensureSize$1:182 com.coui.appcompat.seekbar.COUIVerticalSeekBar.setPaddingVertical:59 com.oplus.systemui.qs.base.seek.OplusQsBaseToggleSliderLayout.updateRadius:74 
07-28 19:43:01.158  4853  4853 I SystemUi--Common: WindowRootView-->leftInset:0 rightInset:0  rootWindowInsets.displayCutout:DisplayCutout{insets=Rect(0, 120 - 0, 0) waterfall=Insets{left=0, top=0, right=0, bottom=0} boundingRect={Bounds=[Rect(0, 0 - 0, 0), Rect(512, 0 - 569, 120), Rect(0, 0 - 0, 0), Rect(0, 0 - 0, 0)]} cutoutPathParserInfo={CutoutPathParserInfo{displayWidth=1080 displayHeight=2376 physicalDisplayWidth=1440 physicalDisplayHeight=3168 density={4.0} cutoutSpec={M -38,0 L -38,160 L 38,160 L 38,0 Z} rotation={0} scale={1.0} physicalPixelDisplaySizeRatio={0.75}}} sideOverrides={}} windowInsets.displayCutout:DisplayCutout{insets=Rect(0, 120 - 0, 0) waterfall=Insets{left=0, top=0, right=0, bottom=0} boundingRect={Bounds=[Rect(0, 0 - 0, 0), Rect(512, 0 - 569, 120), Rect(0, 0 - 0, 0), Rect(0, 0 - 0, 0)]} cutoutPathParserInfo={CutoutPathParserInfo{displayWidth=1080 displayHeight=2376 physicalDisplayWidth=1440 physicalDisplayHeight=3168 density={4.0} cutoutSpec={M -38,0 L -38,160 L 38,160 L 38,0 Z} rotation={0} scale={1.0} physicalPixelDisplaySizeRatio={0.75}}} sideOverrides={}} currentRotation:1
07-28 19:43:01.158  4853  4853 I SystemUi--QuickSettings: OplusQuickStatusBarHeader-->onApplyWindowInsets mIgnoreCenterHole: true mCenterHoleSpaceLp: androidx.constraintlayout.widget.ConstraintLayout$LayoutParams@968fc3a
07-28 19:43:01.158  4853  4853 I SystemUi--QuickSettings: OplusQuickStatusBarHeader-->updateCenterHoleView visibility: 8 isLpChanged: false
07-28 19:43:01.158  4853  4853 I SystemUi--QuickSettings: OplusQuickStatusBarHeader-->updateCenterHoleView visibility: 8 isLpChanged: false
07-28 19:43:01.158  4853  4853 I PluginSeedling--Base: SeedlingPluginService-->onStateChange: Bundle[{rect=RectF(509.25, 29.25, 570.75, 90.75), state=onHoleRectChanged}]
07-28 19:43:01.159  4853  4853 I SystemUi--Statusbar: StatusBarPaddingProvider-->updateContentsPadding: (51, 14, 60, 15), screenHoleHeight: 61 isLandscape=false, rotation: 0 screenHoleBottom: 90 statusBarHeight: 120 seedlingHeight: 90 switchSupport: true percentScreen:0.75 baseScreenWidth:1080 stableDisplayWidth:1440
07-28 19:43:01.159  4853  4853 I SystemUi--QuickSettings: OplusQuickStatusBarHeader-->onApplyWindowInsets mIgnoreCenterHole: true mCenterHoleSpaceLp: androidx.constraintlayout.widget.ConstraintLayout$LayoutParams@d6940eb
07-28 19:43:01.159  4853  4853 I SystemUi--QuickSettings: OplusQuickStatusBarHeader-->updateCenterHoleView visibility: 8 isLpChanged: false
07-28 19:43:01.159  4853  4853 I SystemUi--QuickSettings: OplusQuickStatusBarHeader-->updateCenterHoleView visibility: 8 isLpChanged: false
07-28 19:43:01.159  4853  5533 D BufferQueueProducer: [VRI[NotificationShade]#9(BLAST Consumer)9](id:12f50000000a,api:1,p:4853,c:4853) connect: api=1 producerControlledByApp=true
07-28 19:43:01.161  2007  7573 D charge_time: type=sdp,reserve_soc=2,soc=53,ui_soc=55,current=189,avg=184,not_chg_cnt=0,stable_cnt=7,fcc=5724,fcc_ratio=94,delta=42,debug=0,region=16,ttf=24000(06:40:00),ui_ttf=18383(05:06:23)
07-28 19:43:01.165  4853  4853 I SurfaceControl:  setExtendedRangeBrightness sc=Surface(name=NotificationShade)/@0x1182d0,currentBufferRatio=1.0,desiredRatio=1.0
07-28 19:43:01.170  2167  2510 D SurfaceFlinger: captureLayers from pid 5370 uid -335
07-28 19:43:01.170  2167  2510 W SurfaceFlinger: Skipping screen capture because of invalid layer.
07-28 19:43:01.170  5370  5719 E ScreenCapture: Failed to generate screen capture. Error code: -12
07-28 19:43:01.170  5370  5719 E Blur_ScreenCapture: [captureScreenInternal] exceeds fail times limit=1
07-28 19:43:01.171  3363  3805 D VRR [OPlusRefreshRateService]: handleConfigIdChange physicalDisplayId: 4630946756802996883 configId: 4 renderPeriod: 8333333
07-28 19:43:01.171  3363  3805 D VRR [OPlusSAManager]: updateModeChange old modeId [ 5 ] -> new modeId [ 4 ] mCurPolicy: 1
07-28 19:43:01.171  3363  3805 D VRR [OPlusSAManager]: updateSAScene active modeId: 4
07-28 19:43:01.171  3363  3805 D VRR [OPlusSAManager]: updateSAScene current policy: 1 active modeId: 4 scene: VRR_90_120
07-28 19:43:01.171  3363  3805 D VRR [OPlusOAManager]: Not OA business! new modeId: [4] active modeId: [5]
07-28 19:43:01.171  3363  3805 D VRR [OPlusGameStatusManager]: updateGameState mOSyncFeatureSwitch: false mIsGamePolicy: false
07-28 19:43:01.171  3363  3805 D VRR [OPlusGameStatusManager]: setLTMStatus false curPkgName: null curr status: false HeartStop: false HeartStopFromTGPA: false ActiveFPS: 120.00001
07-28 19:43:01.171  3363  3805 D VRR [OPlusGameStatusManager]: updateGameAccelerationStatus pkgName: null mOSyncFeatureSwitch: false mIsGamePolicy: false mHeartStop: false mHasFlickerRisk: false mForceAcceleration: false mToastReady: false enable: false
07-28 19:43:01.171  3363  3805 D VRR [OPlusGameStatusManager]: updateToastStatus enableAcceleration: false toastReady: false isGamePolicy: false desiredModeId: 4
07-28 19:43:01.171  3363  3805 D VRR [OPlusGameStatusManager]: updateToastStatus enableAcceleration: false toastReady: false isGamePolicy: false desiredModeId: 4
07-28 19:43:01.171  2167  3703 D VRR [OTI-HW]: isStateReady 0
07-28 19:43:01.171  2167  3703 D VRR [OTI-HW]: keep rate.
07-28 19:43:01.171  3363  3805 D VRR [OPlusSurfaceFlingerController]:  setDirectorOtiHwConfig : true
07-28 19:43:01.176  4853  5533 D BLASTBufferQueue: [VRI[NotificationShade]#9](f:0,a:1) acquireNextBufferLocked size=1080x2376 mFrameNumber=1 applyTransaction=true mTimestamp=58018219820(auto) mPendingTransactions.size=0 graphicBufferId=20843476287542 transform=0
07-28 19:43:01.177  4853  5533 D VRI[NotificationShade]: Received frameCommittedCallback lastAttemptedDrawFrameNum=1 didProduceBuffer=true syncBuffer=false
07-28 19:43:01.177  4853  4853 D VRI[NotificationShade]: draw finished. seqId=0
07-28 19:43:01.177  3363  3485 I WindowManager: Window{8c7e4aa u0 NotificationShade} state from DRAW_PENDING to COMMIT_DRAW_PENDING; reason: finishDrawingLocked
07-28 19:43:01.177  3363  3525 I WindowManager: Window{8c7e4aa u0 NotificationShade} state from COMMIT_DRAW_PENDING to READY_TO_SHOW; reason: commitFinishDrawingLocked
07-28 19:43:01.177  3363  3525 I WindowManager: Window{8c7e4aa u0 NotificationShade} state from READY_TO_SHOW to HAS_DRAWN; reason: performShowLocked
07-28 19:43:01.178  4853  5681 V OplusCustomizeCacheManager: queryCache name: sys.cache.common_customize_cache11011 param: null
07-28 19:43:01.178  4853  5681 V OplusCustomizeCacheManager: queryCache name: sys.cache.common_customize_cache11010 param: null
07-28 19:43:01.178  4853  4853 D ZenModeController: Added callback class com.oplus.systemui.qs.tiles.OplusDndTile$1
07-28 19:43:01.178  4853  4853 I SystemUi--Notification: OplusHeadsUpCoreStart-->isVisibility: true
07-28 19:43:01.178  4853  4853 I SystemUi--Notification: OplusNotificationShadeWindowControllerExImpl-->SHADE_FOCUSABLE-->mNotificationShadeFocusable= true, mPanelExpanded= true, mBouncerShowing= false, mKeyguardShowing= false, mKeyguardOccluded= false, mKeyguardNeedsInput= false, ENABLE_REMOTE_INPUT= true, mRemoteInputActive= false, layoutFlags= -2121924544
07-28 19:43:01.178  4853  4853 I SystemUi--Notification: OplusNotificationShadeWindowControllerExImpl-->SHADE_VISIBLE-->mKeyguardShowing= false, mKeyguardOccluded= false, mPanelVisible= false, mKeyguardFadingAway= false, mKeyguardGoingAway= false, mBouncerShowing= false, mScrimsVisibility= 1, mBackgroundBlurRadius= 0, mForcePluginOpen= false, mediaBackdropShowing= false, viewVisibility= true, qsBlurFraction= 0.026576392, panelBlurFraction= 0.0
07-28 19:43:01.179  4853  5681 V OplusCustomizeCacheManager: queryCache name: sys.cache.common_customize_cache18014 param: null
07-28 19:43:01.179  4853  5681 D OplusCustomizeCacheManager: add cachename to map: sys.cache.common_customize_cache18014
07-28 19:43:01.179  4853  5681 V OplusCustomizeCacheManager: start recompute
07-28 19:43:01.180  4853  4853 I PluginSeedling--CapsuleCard: CardRootViewModel-->onExpandedChanged: true
07-28 19:43:01.180  4853  5681 V OplusCustomizeCacheManager: queryCache name: sys.cache.common_customize_cache18017 param: Bundle[{SETTING=BLOCK, BUSINESS=NCT-DATA}]
07-28 19:43:01.180  4853  5681 D OplusCustomizeCacheManager: add cachename to map: sys.cache.common_customize_cache18017
07-28 19:43:01.180  4853  5681 V OplusCustomizeCacheManager: start recompute
07-28 19:43:01.180  3363  5254 D OplusCustomizeSecurityManagerService: we can't find the BLOCK
07-28 19:43:01.180  4853  4853 I PluginSeedling--StateMachine: StateEventManager-->stable: true, event: null
07-28 19:43:01.180  4853  5681 V OplusCustomizeCacheManager: queryCache name: sys.cache.common_customize_cache18013 param: null
07-28 19:43:01.180  4853  4853 I SystemUi--Statusbar: DisplayRepository-->combining enabled=[0], connectedExternalDisplayIds=[], ignored=[]
07-28 19:43:01.180  4853  4853 I SystemUi--QuickSettings: OplusQsBrightnessSliderController-->setProgressAnimation value: 1718 isListening: true  screenBrightnessDuration: 0.0  startValue: 0 startTime: 0 lastDuration: 537.0 lastStartTime: 46551  max: 4089 sliderProgress: 0 needResetLastAnimation: false
07-28 19:43:01.180  4853  5681 V OplusCustomizeCacheManager: queryCache name: sys.cache.common_customize_cache18025 param: null
07-28 19:43:01.180  4853  4853 I SystemUi--QuickSettings: OplusQsBrightnessSliderController-->handleNoDuration proportion: 1.0 currentProgress: 1718 duration: 0.0 lastStartValue: 6 sliderProgress: 1718
07-28 19:43:01.180  4853  5681 I SystemUi--QuickSettings: Tile.OplusAirplaneModeTile-->handleUpdateState state.state: 2 value: 1
07-28 19:43:01.180  4853  5681 V OplusCustomizeCacheManager: queryCache name: sys.cache.common_customize_cache18026 param: null
07-28 19:43:01.181  3363  4379 V AlarmManager: sending alarm Alarm{ad5287 type 3 origWhen 39273 whenElapsed 39273 android} uid 1000 whenElapsed 39273 windowLength 18750 maxWhenElapsed 58023 repeatInterval 0 action null component null tag WifiHealthMonitor Schedule Post-Boot Detection Timer flags 0x8 procName system_server
07-28 19:43:01.181  3363  5265 I InputDispatcher: injectInputEvent: targetUid=<not set>, syncMode=WAIT_FOR_FINISHED, timeout=30000ms, policyFlags=0x8000000, event=MotionEvent { action=MOVE, id[0]=0, x[0]=900, y[0]=699.8, eventTime=58023000000, downTime=57921000000, deviceId=4, source=TOUCHSCREEN, displayId=0, eventId=0xd7f54107}
07-28 19:43:01.181  4853  4853 I SystemUi--Keyguard: ScrimControllerExImp-->blur State to UNLOCK, bouncer=false changeFromBouncerScrim= false runnerUnlock= false goingAway=false hasHandle=true isOccludeAnimationPlaying=false
07-28 19:43:01.182  3363  3786 D PowerManagerService: userActivityNoUpdateLocked: groupId=0, eventTime=58023, event=touch, flags=0x0, uid=1000
07-28 19:43:01.182  4853  4853 I SystemUi--Keyguard: ScrimControllerExImp-->blur State to UNLOCK, bouncer=false changeFromBouncerScrim= false runnerUnlock= false goingAway=false hasHandle=true isOccludeAnimationPlaying=false
07-28 19:43:01.182  4853  4853 I SystemUi--QuickSettings: QSPanelAnimatorManager-->showFirstElement
07-28 19:43:01.182  4853  4853 D ViewRootImplExtImpl: wrapConfigInfoIntoFlags rotation=0, smallestScreenWidthDp=360, residentWS=false, scenario=0, bounds=Rect(0, 0 - 1080, 2376), relayoutAsync=true, flags=1, newFlags=1245719809, title=NotificationShade
07-28 19:43:01.183  4853  4853 W VRI[NotificationShade]: updateBlastSurfaceIfNeeded, surfaceSize:Point(1080, 2376), lastSurfaceSize:Point(1080, 2376), format:-3, blastBufferQueue:android.graphics.BLASTBufferQueue@1d7d194
07-28 19:43:01.183  3363  3485 D WindowManagerServiceExtImpl: extractConfigInfoAndRealFlags rotation=0, screenDp=360, residentWS:0, scenario:0, bounds:2376, serverWinBounds:Rect(0, 0 - 1080, 2376), win=Window{8c7e4aa u0 NotificationShade}
07-28 19:43:01.183  3363  3485 V WindowManager: Relayout Window{8c7e4aa u0 NotificationShade}: viewVisibility=0, oldvis=0, req=1080x2376, vsysui=, x=0, y=0
07-28 19:43:01.183  4853  4853 I SurfaceControl:  setExtendedRangeBrightness sc=Surface(name=NotificationShade)/@0x1182d0,currentBufferRatio=1.0,desiredRatio=1.0
07-28 19:43:01.184  3363  3485 D RefreshRate: initControlPanelRefreshRateData PreferredRefreshRateData{mPreferredRefreshRateId=[3, 1, 2, 3],isAnimBoost=true}
07-28 19:43:01.184  3363  3485 D WindowManager: NFW_findFocusedWindowIfNeeded:Window{8c7e4aa u0 NotificationShade} mCurrentFocus:Window{5f33965 u0 com.android.launcher/com.android.launcher.Launcher}
07-28 19:43:01.184  3363  3485 V WindowManager: Changing focus from Window{5f33965 u0 com.android.launcher/com.android.launcher.Launcher} to Window{8c7e4aa u0 NotificationShade},diplayid=0
07-28 19:43:01.184  3363  4570 E OplusUIFirst_WS: unknown window type: -1
07-28 19:43:01.184  3363  3805 D VRR [OPlusRefreshRateService]: Receive multi scene changed eventId = 5 bundleList.size = 2
07-28 19:43:01.184  3363  4570 E UAH-Framework: invalid window type -1
07-28 19:43:01.184  3363  4645 E FBProcessManager: unknown window type: -1
07-28 19:43:01.185  3363  3485 D Theia.NoFocusWindow: FocusWindowErrorScene cancelCheckFreezeScreen
07-28 19:43:01.185  3363  3485 W TheiaWindowMonitor: [check] focusedWindow is null or enable is false
07-28 19:43:01.185  3363  3575 I UserAwareMgr: handleFgAppChanged, pkgName: com.android.systemui, pid: 4853, isVisible: true, fgAppType: FG2
07-28 19:43:01.185  3363  3575 I UserAwareMgr: fg app status not changed, beforeVisible: true, currentVisible: true
07-28 19:43:01.186  4853  4853 D JankUtils: gfxSceneBegin; scene: 7; sceneDes: QS PULL
07-28 19:43:01.186  4853  5681 V OplusCustomizeCacheManager: queryCache name: sys.cache.common_customize_cache11009 param: null
07-28 19:43:01.186  7387  7387 W Battery : PowerSaveTileService: updateTileState false
07-28 19:43:01.187  4853  4853 W SystemUi--Common: SubsetBitmapDrawable-->[isValid] innerBitmap?.isRecycled=null
07-28 19:43:01.187  4853  4853 I SystemUi--Statusbar: BatteryViewBinder-->create drawable: com.oplus.systemui.statusbar.pipeline.battery.ui.drawable.HorizontalBatteryContentDrawable@85cc7c4 iconStyle:BatteryIconStyle(iconStyle=1, oldStylePercentIn=false, densityDpi=480, scaleFactor=1.0, themeId=0, isThemeModeColor=false, frameColorMode=0, isPercentOutBgMode=false, isPercentOutPbMode=false, batteryOutChargeBgMode=0)
07-28 19:43:01.188  4853  5681 V OplusCustomizeCacheManager: queryCache name: sys.cache.common_customize_cache18027 param: null
07-28 19:43:01.189  4853  5681 V OplusCustomizeCacheManager: queryCache name: sys.cache.common_customize_cache11010 param: null
07-28 19:43:01.189  4853  4853 I SystemUi--Statusbar: BatteryViewBinder-->create drawable: com.oplus.systemui.statusbar.pipeline.battery.ui.drawable.HorizontalBatteryContentDrawable@eee8163 iconStyle:BatteryIconStyle(iconStyle=1, oldStylePercentIn=false, densityDpi=480, scaleFactor=1.0, themeId=0, isThemeModeColor=false, frameColorMode=0, isPercentOutBgMode=false, isPercentOutPbMode=false, batteryOutChargeBgMode=0)
07-28 19:43:01.190  4853  4853 W SystemUi--Common: SubsetBitmapDrawable-->[isValid] innerBitmap?.isRecycled=null
07-28 19:43:01.191  4853  4853 I SystemUi--Statusbar: BatteryViewBinder-->create drawable: com.oplus.systemui.statusbar.pipeline.battery.ui.drawable.HorizontalBatteryContentDrawable@a8b1fc0 iconStyle:BatteryIconStyle(iconStyle=1, oldStylePercentIn=false, densityDpi=480, scaleFactor=1.0, themeId=0, isThemeModeColor=false, frameColorMode=0, isPercentOutBgMode=false, isPercentOutPbMode=false, batteryOutChargeBgMode=0)
07-28 19:43:01.191  2167  2167 D OplusInfoMonitor: setListenerReport: reportInfo:
07-28 19:43:01.191  3363  3525 D SurfaceComposerClient: Transaction::apply InputWindowCommands.focusRequests timestamp=58028167997, windowName=8c7e4aa NotificationShade
07-28 19:43:01.192  2167  2510 D SurfaceFlinger: captureLayers from pid 5370 uid -335
07-28 19:43:01.193  4853  4853 I SystemUi--Statusbar: BatteryViewBinder-->create drawable: com.oplus.systemui.statusbar.pipeline.battery.ui.drawable.HorizontalBatteryContentDrawable@27526d8 iconStyle:BatteryIconStyle(iconStyle=1, oldStylePercentIn=false, densityDpi=480, scaleFactor=1.0, themeId=0, isThemeModeColor=false, frameColorMode=0, isPercentOutBgMode=false, isPercentOutPbMode=false, batteryOutChargeBgMode=0)
07-28 19:43:01.193  4853  5927 D Util    : isPkgInstalled_isPkgInstalled = false
07-28 19:43:01.193  4853  4853 I SystemUi--Keyguard: ScrimControllerExImp-->blur State to UNLOCK, bouncer=false changeFromBouncerScrim= false runnerUnlock= false goingAway=false hasHandle=true isOccludeAnimationPlaying=false
07-28 19:43:01.194  4853  5927 D Util    : isPkgInstalled_isPkgInstalled = true
07-28 19:43:01.194  4853  4853 I SystemUi--Keyguard: ScrimControllerExImp-->blur State to UNLOCK, bouncer=false changeFromBouncerScrim= false runnerUnlock= false goingAway=false hasHandle=true isOccludeAnimationPlaying=false
07-28 19:43:01.194  4853  4853 I SystemUi--QuickSettings: QSPanelAnimatorManager-->showSecondElement
07-28 19:43:01.196  1903  1966 I SnapAlloc: Using graphics libs for alignment calculations
07-28 19:43:01.197  4853  4853 I SystemUi--Keyguard: ScrimControllerExImp-->blur State to UNLOCK, bouncer=false changeFromBouncerScrim= false runnerUnlock= false goingAway=false hasHandle=true isOccludeAnimationPlaying=false
07-28 19:43:01.197  1903  1966 I SnapAlloc: Using graphics libs for alignment calculations
07-28 19:43:01.197  3363  5265 I InputDispatcher: injectInputEvent: targetUid=<not set>, syncMode=WAIT_FOR_FINISHED, timeout=30000ms, policyFlags=0x8000000, event=MotionEvent { action=MOVE, id[0]=0, x[0]=900, y[0]=804.867, eventTime=58039000000, downTime=57921000000, deviceId=4, source=TOUCHSCREEN, displayId=0, eventId=0xe03da1db}
