07-30 01:32:34.450  4827  5062 D SimStateHelper: needDisableMenu:false
07-30 01:32:34.450  5163  6144 W IWlanNetworkService: 15 > Response Processed
07-30 01:32:34.450  4909  4909 I Telephony: isRttCurrentlySupported -- regular acct, hasVoiceAvailability: false
07-30 01:32:34.450  4909  4909 I Telephony:  isRttSupported: false
07-30 01:32:34.450  4909  4909 I Telephony:  isUserRttSettingOn: false
07-30 01:32:34.450  4909  4909 I Telephony:  alwaysAllowWhileRoaming: false
07-30 01:32:34.450  4909  4909 I Telephony:  isRoaming: false
07-30 01:32:34.450  4909  4909 I Telephony:  isOnWfc: false
07-30 01:32:34.451  5109  5109 I QImsService: OplusPhoneStateTracker : onSubscriptionsChanged Last subId: -1 Current subId -1
07-30 01:32:34.451  5163  5163 D QCNEJ/DataCallAgent: onSubscriptionsChanged: new DDS 1
07-30 01:32:34.451  5010  5830 D CellularEvent: handleSubscriptionsChanged: slotId=0
07-30 01:32:34.451  5010  5830 D CellularEvent: onImsRegistrationStateChanged, slotId=0state:false
07-30 01:32:34.451  6803  7726 D OsAgentAidlClient: [string_dataitem_update][1584] [HC] =>> [HS]
07-30 01:32:34.452  5163  8812 D QCNEJ/DataCallAgent: phoneCount: 2
07-30 01:32:34.452  5163  8812 D QCNEJ/DataCallAgent: subs for 0th slot: [1]
07-30 01:32:34.452  5163  8812 D QCNEJ/DataCallAgent: mSubInfoReady[0] is set to true
07-30 01:32:34.452  5163  8812 D QCNEJ/DataCallAgent: subs for 1th slot: [-1]
07-30 01:32:34.452  6657  9276 E Battery : ControllerCenter: onReceiver: mSubscriptionManager is null || mIsNeedRestoreMobile = false
07-30 01:32:34.452  4827  5968 I SystemUi--Statusbar: OplusMobileConnectionRepository1-->onImsStatusChanged model: CapabilityTypeModel(isVolteSwitchOn=true, isWfcEnabledByUser=true, imsRegistered=false, voiceCapable=false, videoCapable=false, registerTech=-1, isCrossSimCallingEnabledByUser=false, hasHideVolteOperator=false)
07-30 01:32:34.453  5010  5413 D NAS-CellularEvent: handleSubscriptionsChanged: slotId=0
07-30 01:32:34.453  5010  5413 D NAS-CellularEvent: onImsRegistrationStateChanged, slotId=0state:false
07-30 01:32:34.453  6430  8087 D OplusAtlasAudioDetectionManager: MSG_CALL_STATE_CHANGED
07-30 01:32:34.453  6430  8087 D OplusAtlasAudioDetectionManager: callStateChanged state: 0, len: 0
07-30 01:32:34.454  3330  5354 W BestClock: java.time.DateTimeException: Missing network time fix
07-30 01:32:34.454  4909  4909 V OplusCustomizeCacheManager: queryCache name: sys.cache.common_customize_cache18016 param: null
07-30 01:32:34.454  4909  4909 V OplusCustomizeCacheManager: queryCache name: sys.cache.common_customize_cache18013 param: null
07-30 01:32:34.454  4909  4909 V OplusCustomizeCacheManager: queryCache name: sys.cache.common_customize_cache18014 param: null
07-30 01:32:34.454  4909  4909 V OplusCustomizeCacheManager: queryCache name: sys.cache.common_customize_cache18017 param: Bundle[{SETTING=BLOCK, BUSINESS=NCT-DATA}]
07-30 01:32:34.455  4909  4909 V OplusCustomizeCacheManager: queryCache name: sys.cache.common_customize_cache18016 param: null
07-30 01:32:34.455  4909  4909 V OplusCustomizeCacheManager: queryCache name: sys.cache.common_customize_cache18013 param: null
07-30 01:32:34.455  4909  4909 V OplusCustomizeCacheManager: queryCache name: sys.cache.common_customize_cache18014 param: null
07-30 01:32:34.455  4909  4909 V OplusCustomizeCacheManager: queryCache name: sys.cache.common_customize_cache18017 param: Bundle[{SETTING=BLOCK, BUSINESS=NCT-DATA}]
07-30 01:32:34.455  4909  4909 D MultiSimSettingController: onSubscriptionsChanged
07-30 01:32:34.455  5010  5833 W BestClock: java.time.DateTimeException: Missing network time fix
07-30 01:32:34.455  4909  4909 D MultiSimSettingController: isReadyToReevaluate: subInfoInitialized=true, carrierConfigsLoaded=true, satelliteEnabledOrBeingEnabled=false
07-30 01:32:34.455  4909  4909 D MultiSimSettingController: updateDefaults
07-30 01:32:34.455  4909  4909 D MultiSimSettingController: isReadyToReevaluate: subInfoInitialized=true, carrierConfigsLoaded=true, satelliteEnabledOrBeingEnabled=false
07-30 01:32:34.455  4909  4909 D MultiSimSettingController: updateDefaultValues: change: 0
07-30 01:32:34.455  4909  4909 D MultiSimSettingController: disableDataForNonDefaultNonOpportunisticSubscriptions triggered, return directly
07-30 01:32:34.455  5010  5833 V MonthTrafficAlert: getWarningNotification subId:1 numWarningNotificaion:0
07-30 01:32:34.455  4909  4909 I Telephony: TelecomAccountRegistry: onSubscriptionsChanged - reregister accounts
07-30 01:32:34.455  3330  5354 W BestClock: java.time.DateTimeException: Missing network time fix
07-30 01:32:34.456 13111 13111 I ttings:tzupdate: isSwordfishLaunchAppEnabled_ 1 isSwordfishInstallAppEnabled_ 1
07-30 01:32:34.456  4909  4909 D PhoneUtils: PhoneAccountHandle subId=1, slotId=0
07-30 01:32:34.456 13111 13111 E ttings:tzupdate: Unknown bits set in runtime_flags: 0x40000000
07-30 01:32:34.456 13111 13111 I ttings:tzupdate: Using CollectorTypeCMC GC.
07-30 01:32:34.456  4909  4909 D Telephony: registerPstnPhoneAccount line1Number =  subNumber = 
07-30 01:32:34.456  4909  4909 D Telephony: color is transparent asign default instead -15502541
07-30 01:32:34.456  4827  5710 V OplusCustomizeCacheManager: queryCache name: sys.cache.common_customize_cache18014 param: null
07-30 01:32:34.456  4827  5710 V OplusCustomizeCacheManager: queryCache name: sys.cache.common_customize_cache18017 param: Bundle[{SETTING=BLOCK, BUSINESS=NCT-DATA}]
07-30 01:32:34.456  4827  5710 V OplusCustomizeCacheManager: queryCache name: sys.cache.common_customize_cache18013 param: null
07-30 01:32:34.456  4909  4909 D Telephony: isEmergencyPreferredAccount: subId=1, activeData=1
07-30 01:32:34.456  4909  4909 D Telephony: isEmergencyPreferredAccount: Device does not require preference.
07-30 01:32:34.457  4909  4909 I Telephony: isRttCurrentlySupported -- regular acct, hasVoiceAvailability: false
07-30 01:32:34.457  4909  4909 I Telephony:  isRttSupported: false
07-30 01:32:34.457  4909  4909 I Telephony:  isUserRttSettingOn: false
07-30 01:32:34.457  4909  4909 I Telephony:  alwaysAllowWhileRoaming: false
07-30 01:32:34.457  4909  4909 I Telephony:  isRoaming: false
07-30 01:32:34.457  4909  4909 I Telephony:  isOnWfc: false
07-30 01:32:34.457  4909  4909 D Telephony: x0: buildPstnPhoneAccount, phoneId: 0, mIsVideoCapable: false, 
07-30 01:32:34.457  4909  4909 D OplusSesImsManagerExt: feature:0, phoneId:0
07-30 01:32:34.457  4909  4909 D OplusSesImsManagerExt: getSubIdUsingPhoneId:1, phoneId:0
07-30 01:32:34.457  4909  4909 D OplusSesImsManagerExt: isEntitlementEnabled:false
07-30 01:32:34.457  4909  4909 D OplusSesImsManagerExt: isFeatureProvisionedOnDevice not enabled
07-30 01:32:34.457 13111 13111 E ttings:tzupdate: Not starting debugger since process cannot load the jdwp agent.
07-30 01:32:34.457  4909  4909 D Telephony: registerPstnPhoneAccount mIsVideoCapable = false
07-30 01:32:34.457  4909  4909 W libc    : Access denied finding property "persist.vendor.mtk_uce_support"
07-30 01:32:34.457  4909  4909 I Telephony: isCarrierVideoPresenceSupported, false, false, false, false
07-30 01:32:34.457  4909  4909 I Telephony: reRegisterPstnPhoneAccount: subId: 1 - no change
07-30 01:32:34.457  4909  4909 D CallNotifier: updatePhoneStateListeners: update CF notifications.
07-30 01:32:34.457  4909  4909 D ImsResolver: oldSubId: 1, newSubId: 1
07-30 01:32:34.457  4909  4909 D ImsResolver: oldSubId: -1, newSubId: -1
07-30 01:32:34.458  3330  5354 W BestClock: java.time.DateTimeException: Missing network time fix
07-30 01:32:34.458 13111 13111 D nativeloader: Load libframework-connectivity-tiramisu-jni.so using APEX ns com_android_tethering for caller /apex/com.android.tethering/javalib/framework-connectivity-t.jar: ok
07-30 01:32:34.459  3330  5110 W BestClock: java.time.DateTimeException: Missing network time fix
07-30 01:32:34.459  4909  4909 V OplusCustomizeCacheManager: queryCache name: sys.cache.common_customize_cache18016 param: null
07-30 01:32:34.459  4909  4909 V OplusCustomizeCacheManager: queryCache name: sys.cache.common_customize_cache18013 param: null
07-30 01:32:34.459  4827  5710 V OplusCustomizeCacheManager: queryCache name: sys.cache.common_customize_cache18014 param: null
07-30 01:32:34.459  4909  4909 V OplusCustomizeCacheManager: queryCache name: sys.cache.common_customize_cache18014 param: null
07-30 01:32:34.459  4827  5710 V OplusCustomizeCacheManager: queryCache name: sys.cache.common_customize_cache18017 param: Bundle[{SETTING=BLOCK, BUSINESS=NCT-DATA}]
07-30 01:32:34.459  4827  5710 V OplusCustomizeCacheManager: queryCache name: sys.cache.common_customize_cache18013 param: null
07-30 01:32:34.459  4909  4909 V OplusCustomizeCacheManager: queryCache name: sys.cache.common_customize_cache18017 param: Bundle[{SETTING=BLOCK, BUSINESS=NCT-DATA}]
07-30 01:32:34.459 13111 13111 W libc    : Access denied finding property "persist.vendor.sys.activitylog"
07-30 01:32:34.459 13111 13111 I OneTrace: Mark active for pid=13111? true
07-30 01:32:34.459 13111 13111 D cutils-dev: otrace_set_tracing_enabled? true tag:0
07-30 01:32:34.460  3330  5110 W ContentService: Observer is already registered. Pid is 4909
07-30 01:32:34.460  4909  4909 V SimultaneousCallingTracker: Received EVENT 101
07-30 01:32:34.460 13111 13111 D cutils-dev: properties changed in otrace_seq_number_changed!
07-30 01:32:34.460  4909  4909 V SimultaneousCallingTracker: generateVoiceCapablePhoneMapBasedOnUserAssociation: adding phoneId = 0
07-30 01:32:34.460  4909  4909 I SimultaneousCallingTracker: updatePhoneMapAndSimultaneousCallSupportMap: mVoiceCapablePhoneMap.size = 1
07-30 01:32:34.460  4909  4909 V SimultaneousCallingTracker: registerForImsRegistrationChanges: registering phoneId = 0
07-30 01:32:34.460  4909  4909 V SimultaneousCallingTracker: generateSimultaneousCallSupportMap: returning simultaneousCallSubSupportMap = Phone ID=0 - Simultaneous calling compatible phone IDs=[]; 
07-30 01:32:34.460  4909  4909 V SimultaneousCallingTracker: handleSimultaneousCallingSupportChanged
07-30 01:32:34.460  4909  4909 D InternationalRoamingNotification: init
07-30 01:32:34.460  5200  5234 D VirtualCommService2: isSupport. true, true
07-30 01:32:34.460  4909  4909 D OplusVirtualCommUtils: isVirtualCommSupport, vRet: true
07-30 01:32:34.460  4909  4909 I OplusVirtualCommUtils: getVirtualCommDeviceType, vRet: 1
07-30 01:32:34.460  4909  4909 I OplusVirtualCommUtils: isConsumerDeviceType, deviceType: 1
07-30 01:32:34.461  3330  5110 D ActivityTaskManagerServiceExtImpl: preBindApplication record is null
07-30 01:32:34.461  3330  5110 D RGBNormalizeServer: OplusRGBNormalize feature enabled ? true
07-30 01:32:34.461  3330  5110 D ResourcesManagerCache: For package com.oplus.wirelesssettings we got cacheList [null] appInfoExt is null ? false hasFeature ? false
07-30 01:32:34.461  3330  5110 D VRR [OPlusExternalRefreshRateManager]: isPkgTfcEnable: pkgName = com.oplus.wirelesssettings, enable = false
07-30 01:32:34.461  3330  5110 D VRR [OPlusExternalRefreshRateManager]: getTfcMinFramerate: pkgName = com.oplus.wirelesssettings, min framerate = 0
07-30 01:32:34.461  4909  4909 D InternationalRoamingNotification: do not createRoamingNotification for invalid Network
07-30 01:32:34.462 13111 13111 D OplusActivityManager: get AMS extension: android.os.BinderProxy@b988160
07-30 01:32:34.463 13111 13111 D CompactWindowAppManager: initCompactApplicationInfo CompactMode: , NormalMode: 
07-30 01:32:34.464 13111 13111 D OplusScrollToTopManager: setIsInWhiteList false
07-30 01:32:34.464 13111 13111 D OplusViewDebugManager: OplusViewDebugManager Constructor android.view.debug.OplusViewDebugManager@1fce6de [mHasViewDebugProperty true] [mHasMsgDebugProperty false] [DEBUG false] [EXTRAINFOENABLE false] [LIGHT_OS false]
07-30 01:32:34.464 13111 13111 D CompatChangeReporter: Compat change id reported: 242716250; UID 1000; state: ENABLED
07-30 01:32:34.465 13111 13111 W libc    : Access denied finding property "ro.odm.prev.product.name"
07-30 01:32:34.466 13111 13111 W ziparchive: Unable to open '/system_ext/framework/nfcvendorlib.dm': No such file or directory
07-30 01:32:34.466 13111 13111 W ziparchive: Unable to open '/system_ext/framework/nfcvendorlib.dm': No such file or directory
07-30 01:32:34.467 13111 13111 D nativeloader: Configuring clns-shared-7 for other apk /system_ext/framework/nfcvendorlib.jar. target_sdk_version=34, uses_libraries=ALL, library_path=/system_ext/priv-app/WirelessSettings/lib/arm64:/system_ext/priv-app/WirelessSettings/WirelessSettings.apk!/lib/arm64-v8a:/system/lib64:/system_ext/lib64, permitted_path=/data:/mnt/expand:/data/user_de/0/com.oplus.wirelesssettings:/system_ext/priv-app/WirelessSettings:/system/lib64:/system_ext/lib64
07-30 01:32:34.467 13111 13111 D nativeloader: Extending system_exposed_libraries: libbinauralrenderer_wrapper.qti.so:libhoaeffects.qti.so:libSloganJni.oplus.so:libsuperNight.oplus.so:libAPSClient-cmd-jni-extension.oplus.so:libsatellite_audio_jni.oplus.so:libortc_so.oplus.so:libsoundtouch.oplus.so:libsoundtouch_jni.oplus.so:libOplusStringJNI-extension.oplus.so:libsatellite_ostx_jni.oplus.so:libapssuspend-jni.oplus.so:libupdateprof.qti.so:libthermalclient.qti.so:libqape.qti.so:libqesdk_ndk_platform.qti.so:liblistenjni.qti.so
07-30 01:32:34.468 13111 13111 D ApplicationLoaders: Returning zygote-cached class loader: /system_ext/framework/androidx.window.extensions.jar
07-30 01:32:34.468 13111 13111 D ApplicationLoaders: Returning zygote-cached class loader: /system_ext/framework/androidx.window.sidecar.jar
07-30 01:32:34.471 13111 13111 D nativeloader: Configuring clns-shared-8 for other apk /system_ext/priv-app/WirelessSettings/WirelessSettings.apk. target_sdk_version=34, uses_libraries=, library_path=/system_ext/priv-app/WirelessSettings/lib/arm64:/system_ext/priv-app/WirelessSettings/WirelessSettings.apk!/lib/arm64-v8a:/system/lib64:/system_ext/lib64, permitted_path=/data:/mnt/expand:/data/user_de/0/com.oplus.wirelesssettings:/system_ext/priv-app/WirelessSettings:/system/lib64:/system_ext/lib64
07-30 01:32:34.474 13111 13111 V GraphicsEnvironment: Currently set values for:
07-30 01:32:34.474 13111 13111 V GraphicsEnvironment:   angle_gl_driver_selection_pkgs=[]
07-30 01:32:34.474 13111 13111 V GraphicsEnvironment:   angle_gl_driver_selection_values=[]
07-30 01:32:34.474 13111 13111 V GraphicsEnvironment: Global.Settings values are invalid: number of packages: 0, number of values: 0
07-30 01:32:34.476 13111 13111 D WS_OplusWirelessSettingsApp: onCreate, OplusWirelessSettingsApp
07-30 01:32:34.479 13111 13111 D LogUtils: initWirelessLog sIsQeAssert=false,sIsWifiOrBtLog=false
07-30 01:32:34.482  3330  5354 I ActivityManager: Flag disabled. Ignoring finishAttachApplication from uid: 1000. pid: 13111
07-30 01:32:34.482 13111 13111 E ANDR-PERF-CLIENT-SYS: death recipent object is fine
07-30 01:32:34.482 13111 13111 W ttings:tzupdate: AIBinder_linkToDeath is being called with a non-null cookie and no onUnlink callback set. This might not be intended. AIBinder_DeathRecipient_setOnUnlinked should be called first.
07-30 01:32:34.483  3330  5354 W OplusSelfProtectManager: pkg[com.oplus.wirelesssettings] not in policy list
07-30 01:32:34.486  3330  5354 D ActivityManager: Async freezing 13111 com.oplus.wirelesssettings:tzupdate
07-30 01:32:34.488  4653  5804 W SQLiteLog: (28) double-quoted string literal: "timezone_tzdata_v2_files"
07-30 01:32:34.495  1962  1962 D SensorFeature: name=ssc_screenshot_info ,index = 22
07-30 01:32:34.495  1962  1962 D SensorFeature: write 29 bytes:60324992006,60333325339,161,0
07-30 01:32:34.553  4909  4909 V OplusCustomizeCacheManager: queryCache name: sys.cache.common_customize_cache18016 param: null
07-30 01:32:34.554  4909  4909 V OplusCustomizeCacheManager: queryCache name: sys.cache.common_customize_cache18013 param: null
07-30 01:32:34.554  4909  4909 V OplusCustomizeCacheManager: queryCache name: sys.cache.common_customize_cache18014 param: null
07-30 01:32:34.554  4909  4909 V OplusCustomizeCacheManager: queryCache name: sys.cache.common_customize_cache18017 param: Bundle[{SETTING=BLOCK, BUSINESS=NCT-DATA}]
07-30 01:32:34.555  4909  4909 V OplusCustomizeCacheManager: queryCache name: sys.cache.common_customize_cache18016 param: null
07-30 01:32:34.555  4909  4909 V OplusCustomizeCacheManager: queryCache name: sys.cache.common_customize_cache18013 param: null
07-30 01:32:34.555  4909  4909 V OplusCustomizeCacheManager: queryCache name: sys.cache.common_customize_cache18014 param: null
07-30 01:32:34.555  4909  4909 V OplusCustomizeCacheManager: queryCache name: sys.cache.common_customize_cache18017 param: Bundle[{SETTING=BLOCK, BUSINESS=NCT-DATA}]
07-30 01:32:34.567  1874  4381 I Dpps    : LtmSwState::SetParameter():144 ignore cmd 7 in state LtmOffState
07-30 01:32:34.579  4827  4827 D RowAnimatorExtImpl: end:view:StatusBarIconView(slot='volume' alpha=1.0 icon=StatusBarIcon(icon=Icon(typ=RESOURCE pkg=com.android.systemui id=0x7f0818f0) visible user=0 ) visibleState=ICON iconColor=#ccffffff staticDrawableColor=#ccffffff decorColor=#ffffffff animationStartColor=#0 currentSetColor=#ccffffff notification=null),tx
07-30 01:32:34.579  4827  4827 D RowAnimatorExtImpl: end:view:StatusBarIconView(slot='zen' alpha=1.0 icon=StatusBarIcon(icon=Icon(typ=RESOURCE pkg=com.android.systemui id=0x7f0818e1) visible user=0 ) visibleState=ICON iconColor=#ccffffff staticDrawableColor=#ccffffff decorColor=#ffffffff animationStartColor=#0 currentSetColor=#ccffffff notification=null),tx
07-30 01:32:34.579  4827  4827 D RowAnimatorExtImpl: end:view:StatusBarIconView(slot='volume' alpha=1.0 icon=StatusBarIcon(icon=Icon(typ=RESOURCE pkg=com.android.systemui id=0x7f0818f0) visible user=0 ) visibleState=ICON iconColor=#ccffffff staticDrawableColor=#ccffffff decorColor=#ffffffff animationStartColor=#0 currentSetColor=#ccffffff notification=null),tx
07-30 01:32:34.579  4827  4827 D RowAnimatorExtImpl: end:view:StatusBarIconView(slot='zen' alpha=1.0 icon=StatusBarIcon(icon=Icon(typ=RESOURCE pkg=com.android.systemui id=0x7f0818e1) visible user=0 ) visibleState=ICON iconColor=#ccffffff staticDrawableColor=#ccffffff decorColor=#ffffffff animationStartColor=#0 currentSetColor=#ccffffff notification=null),tx
07-30 01:32:34.579  4827  4827 D RowAnimatorExtImpl: end:view:StatusBarIconView(slot='volume' alpha=1.0 icon=StatusBarIcon(icon=Icon(typ=RESOURCE pkg=com.android.systemui id=0x7f0818f0) visible user=0 ) visibleState=ICON iconColor=#ccffffff staticDrawableColor=#ccffffff decorColor=#ffffffff animationStartColor=#0 currentSetColor=#ccffffff notification=null),tx
07-30 01:32:34.579  4827  4827 D RowAnimatorExtImpl: end:view:StatusBarIconView(slot='zen' alpha=1.0 icon=StatusBarIcon(icon=Icon(typ=RESOURCE pkg=com.android.systemui id=0x7f0818e1) visible user=0 ) visibleState=ICON iconColor=#ccffffff staticDrawableColor=#ccffffff decorColor=#ffffffff animationStartColor=#0 currentSetColor=#ccffffff notification=null),tx
07-30 01:32:34.769  1962  1962 D SensorFeature: name=ssc_screenshot_info ,index = 22
07-30 01:32:34.769  1962  1962 D SensorFeature: write 29 bytes:60599361225,60607694558,162,0
07-30 01:32:34.770  4827  4827 I SystemUi--QuickSettings: TemporarilyInfoManager-->[animateShow] com.oplus.systemui.qs.base.temporarilyinfo.TemporarilyInfoManager$createViewToParent$1{8f66aa4 VFED..C.. ........ 0,0-1080,228 #7f0a0cb6 app:id/temporarily_info_view alpha=1.0 viewInfo = } end
07-30 01:32:34.771  4827  4827 I SystemUi--QuickSettings: TemporarilyInfoManager-->[trigger] start from showElementAfterShowFully
07-30 01:32:34.832  1806  4388 I sensors-hal: handle_oplus_wise_rgb_event:189, high_pwm_light:lux 2.6,cct 5300.0,brl/algo/ir 78.0/2.0/0.0,pwm/dc 0.0/0.0,rgbc 152.192047/149.842361/57.092804/358.161285,ts 60590179577,cnt 860,flag 162
07-30 01:32:34.833  3330  4334 D FusionLightNextGen: process end reported = 1, mode: 0, lux 0.0, cct -1.0, r/g/b/c: 159.4/152.2/55.1/371.0, R/G/B: 129.0/122.0/121.0, bri 78.0, match 0.66, ir 0.015399, conf 0.0, ts 60614953535
07-30 01:32:34.833  1874  4381 I Dpps    : LtmSwState::SetParameter():144 ignore cmd 7 in state LtmOffState
07-30 01:32:34.911  4827  4827 D JankUtils: gfxSceneEnd; scene: 7
07-30 01:32:34.912  4827  4827 I SystemUi--Common: NotificationShadeDepthC-->sceneFlag: 0x001, isStart = false, Current sceneFlags: 0x000
07-30 01:32:34.912  4827  4827 D NavigationBar: restrainNavigationBarInvertColor: false
07-30 01:32:34.912  4827  4987 D RegionSamplingHelper =:    mCompositionSamplingListener.register
07-30 01:32:34.912  2123  2301 D SurfaceFlinger: addRegionSamplingListener pid: 4827, Area: [0, 2328, 1080, 2376]
07-30 01:32:34.940  1980  2086 D BatteryChargeControl: bcc get no support from charging protocol
07-30 01:32:35.089  1874  2142 I SDM     : DisplayBase::CommitThread: Received idle timeout, panel: cmd, timeout: 70000 us
07-30 01:32:35.160  1962  1962 D SensorFeature: name=ssc_screenshot_info ,index = 22
07-30 01:32:35.161  1962  1962 D SensorFeature: write 29 bytes:60948334870,60998700495,163,0
07-30 01:32:35.163  1874  4381 I Dpps    : LtmSwState::SetParameter():144 ignore cmd 7 in state LtmOffState
07-30 01:32:35.164  1874  2142 I SDM     : DisplayBase::CommitThread: Received idle timeout, panel: cmd, timeout: 70000 us
07-30 01:32:35.244  6480  6515 E horae   : 0: back:30824,back_1:33532,back_2:33453,back_3:32028,frame:33872,frame_1:32809,front:34534,front_1:35027,front_2:33545, -2147483648 4, +(2926), 1 ,41612,32041,37394,41586,39541,40661,32087,37133,40629,38899,39733,32120,36858,39796,38362,39158,32154,36594,39082,37873, target_temp:35027, algo:0
07-30 01:32:35.255  2123  3589 D VRR [OTI]: handleIdle from 0 to 1
07-30 01:32:35.255  2123  3589 D VRR [OTI-HW]: isStateReady 0
07-30 01:32:35.255  2123  3589 D VRR [OTI-HW]: keep rate.
07-30 01:32:35.307  5010  6232 D SaDataService: onTelephonyEventReport , subId= 0,slotId=-1 eventId=2009
07-30 01:32:35.307  5200  6340 D VendorTelephonyService: onTelephonyEventReport slotId =0 eventId=2009
07-30 01:32:35.307  5010  6232 D TelephonyImpl: notify eventId:2009 for list size:2
07-30 01:32:35.307  5200  6340 D VendorTelephonyService: onTelephonyEventReport slotId =0 eventId=2009
07-30 01:32:35.307  5200  5200 D VendorCallService: notityEventUpdate, eventId:2009, slotId = 0
07-30 01:32:35.307  5010  6232 D SaDataService: onTelephonyEventReport , subId= 1,slotId=0 eventId=2009
07-30 01:32:35.307  5010  6232 D TelephonyImpl: notify eventId:2009 for list size:2
07-30 01:32:35.307  5200  6340 D VendorTelephonyService: onTelephonyEventReport slotId =1 eventId=2009
07-30 01:32:35.307  5200  6340 D VendorTelephonyService: onTelephonyEventReport slotId =1 eventId=2009
07-30 01:32:35.307  5200  5200 D VendorCallService: notityEventUpdate, eventId:2009, slotId = 1
07-30 01:32:35.317  8092 12132 W LOG_FLOWCTRL: ==LOGS OVER PROC QUOTA(300), rows(22) bytes(2515) com.oplus.metis DROPPED==
07-30 01:32:35.317  8092 12132 I LogCacheHelper: cache log scheduled task [base|com.oplus.metis|1.5.5-f48228a]
07-30 01:32:35.317  8092 12132 E metis_v2_JenaHandlerManager_cache: 2025-07-30 01:32:34.315000		9423		local thread match
07-30 01:32:35.317  8092 12132 E metis_v2_JenaHandlerManager_cache: 2025-07-30 01:32:34.316000		9423		local thread match
07-30 01:32:35.317  8092 12132 E metis_v2_JenaHandlerManager_cache: 2025-07-30 01:32:34.316000		9423		local thread match
07-30 01:32:35.318  8092 12132 E metis_v2_JenaHandlerManager_cache: 2025-07-30 01:32:34.316000		9423		local thread match
07-30 01:32:35.318  8092 12132 E metis_v2_JenaHandlerManager_cache: 2025-07-30 01:32:34.316000		9423		local thread match
07-30 01:32:35.318  8092 12132 E metis_v2_JenaHandlerManager_cache: 2025-07-30 01:32:34.316000		9423		local thread match
07-30 01:32:35.318  8092 12132 E metis_v2_JenaHandlerManager_cache: 2025-07-30 01:32:34.316000		9423		local thread match
07-30 01:32:35.318  8092 12132 E metis_v2_JenaHandlerManager_cache: 2025-07-30 01:32:34.316000		9423		local thread match
07-30 01:32:35.318  8092 12132 E metis_v2_JenaHandlerManager_cache: 2025-07-30 01:32:34.316000		9423		local thread match
07-30 01:32:35.318  8092 12132 E metis_v2_JenaHandlerManager_cache: 2025-07-30 01:32:34.316000		9423		local thread match
07-30 01:32:35.318  8092 12132 E metis_v2_JenaHandlerManager_cache: 2025-07-30 01:32:34.316000		9423		local thread match
07-30 01:32:35.318  8092 12132 I ContextAware_SortAlgorithmManager.SceneCombinationProcessor_cache: 2025-07-30 01:32:34.316000		9411		firstLaunch = false , app Feature = indexOS15
07-30 01:32:35.318  8092 12132 E metis_v2_JenaHandlerManager_cache: 2025-07-30 01:32:34.316000		9423		local thread match
07-30 01:32:35.318  8092 12132 E metis_v2_JenaHandlerManager_cache: 2025-07-30 01:32:34.316000		9423		local thread match
07-30 01:32:35.318  8092 12132 E metis_v2_JenaHandlerManager_cache: 2025-07-30 01:32:34.316000		9423		local thread match
07-30 01:32:35.318  8092 12132 E metis_v2_JenaHandlerManager_cache: 2025-07-30 01:32:34.316000		9423		local thread match
07-30 01:32:35.318  8092 12132 E metis_v2_JenaHandlerManager_cache: 2025-07-30 01:32:34.316000		9423		local thread match
07-30 01:32:35.318  8092 12132 E metis_v2_JenaHandlerManager_cache: 2025-07-30 01:32:34.316000		9423		local thread match
07-30 01:32:35.318  8092 12132 E metis_v2_JenaHandlerManager_cache: 2025-07-30 01:32:34.316000		9423		local thread match
07-30 01:32:35.318  8092 12132 E metis_v2_JenaHandlerManager_cache: 2025-07-30 01:32:34.316000		9423		local thread match
07-30 01:32:35.318  8092 12132 E metis_v2_JenaHandlerManager_cache: 2025-07-30 01:32:34.316000		9423		local thread match
07-30 01:32:35.318  8092 12132 E metis_v2_JenaHandlerManager_cache: 2025-07-30 01:32:34.316000		9423		local thread match
07-30 01:32:35.318  8092 12132 E metis_v2_JenaHandlerManager_cache: 2025-07-30 01:32:34.316000		9423		local thread match
07-30 01:32:35.318  8092 12132 E metis_v2_JenaHandlerManager_cache: 2025-07-30 01:32:34.316000		9423		local thread match
07-30 01:32:35.318  8092 12132 E metis_v2_JenaHandlerManager_cache: 2025-07-30 01:32:34.316000		9423		local thread match
07-30 01:32:35.318  8092 12132 E metis_v2_JenaHandlerManager_cache: 2025-07-30 01:32:34.316000		9423		local thread match
07-30 01:32:35.318  8092 12132 E metis_v2_JenaHandlerManager_cache: 2025-07-30 01:32:34.316000		9423		local thread match
07-30 01:32:35.318  8092 12132 W ContextAware_SortAlgorithmManager.SceneCombinationProcessor_cache: 2025-07-30 01:32:34.316000		9411		permanentScene size Less than 2
07-30 01:32:35.318  8092 12132 I ContextAware_SortAlgorithmManager.SceneUtil_cache: 2025-07-30 01:32:34.316000		9411		SortAlgorithmManager.SceneCombinationProcessor current map before drop is  sceneId 210000000 status 2 intentList size 1 isHome false IntentId: 13151001 policyName DYNAMIC_SUBSTITUTE isFocus false serviceId null type 0 deleteKeynull
07-30 01:32:35.318  8092 12132 I ContextAware_SortAlgorithmManager.SceneUtil_cache:  sceneId 220500200 status 2 intentList size 2 isHome false IntentId: 14111005 policyName SUBSTITUTE_SCENE isFocus false serviceId  type 0 deleteKeynull IntentId: 14111005 policyName SUBSTITUTE_SCENE isFocus false serviceId  type 0 deleteKeynull
07-30 01:32:35.318  8092 12132 I ContextAware_SortAlgorithmManager.SceneUtil_cache:  sceneId 240000000 status 2 intentList size 3 isHome false IntentId: 14111004 policyName CLEAN_UP_STORAGE_SUBSTITUTE isFocus false serviceId null type 0 deleteKeynull IntentId: 18111007 policyName CLEAN_UP_SUBSTITUTE isFocus false serviceId null type 0 deleteKeynull IntentId: 18111008 policyName CLEAN_UP_PLUS_SUBSTITUTE isFocus false serviceId null type 0 deleteKeynull
07-30 01:32:35.318  8092 12132 I ContextAware_DecisionIntentProvider_cache: 2025-07-30 01:32:34.317000		8159		process method = assistant_method, extra = Bundle[EMPTY_PARCEL]
07-30 01:32:35.318  8092 12132 W ContextAware_SortAlgorithmManager.SortCommonUtil_cache: 2025-07-30 01:32:34.317000		9411		panta-sugg-checkIfDropBySameIDPolicy, has repeat intent, save last intent:PantanalIntent(sceneId=220500200, intentId=14111005, policyName='SUBSTITUTE_SCENE', sceneInstanceId=null, intentSrc=0, finalScore=-1.0, subDomain='tips', action='pantanal.intent.system.VIEW_TIPS', defaultScore=2.0, sortable=true, paramsFromUserPolicy=ParamsFromUserPolicy(exposureArgs=[], exposureFunc=-1, clickArgs=[], clickFunc=-1, timeArgs=[], timeFunc=-1, delayExposureArgs=[], delayClickArgs=[]), cannotReduceRecommend=false, reduceReplaceKey=, isUnrecoverable=false, dropRepeatKey=, dropRepeatMode=-1, paramsFromService=content-length:2, isParamsSendToSeedling=false, forceRebuildSeedling=false, seedlingUiPolicy=0, paramsFromHabit=null, serviceList=[], serviceSelectPolicy=0, serviceSelectWeight={}, serviceId=, serviceIdFrom=null, recallScore=null, rankScore=-1.0, rerankScore=-1.0, requestId=null, userPolicyScore=-1.0, domain='system_settings', cloudExtInfo=null, operation=0, showCount=0, clickCount=0, exposureTime=0, dtExperimentParams=null, createTime=1753852645297, lastUpdateTime=1753853554309, expireTime=240, , originalUpdateTime=1753853554309, sortRelatedId=0, addRelatedId=0, decisionHistoryList=empty, businessData=null, cardOptions=null, instanceId=null, protectEnable=true, protectPolicy=ProtectPolicy(event=0, initialDuration=7, deltaDuration=3, startRatio=70, endRatio=10, stepRatio=20), addMinProb=0.4, probAdj=1.0, lastSortType=0, configVersion=202507161101, algorithmVersion=, recommendServiceList=[], removeTriggerValue=0.2, algorithmTimeRule=[], ruleRemoveByAlgorithm=false, containServiceId=false, dropRepeatType=0, dropRepeatScore=0, delayDismiss=0, attenuationType=-1, attenuationFunc=-1, shouldFocus=false, focusTimestamp=null, orderID=null, serviceTimeStamp=0, serviceInstanceId=null, showType=0,delayExposureTimestamp=0, delayClickTimestamp=0, isSupportMultiInstance=false, 
07-30 01:32:35.318  8092 12132 W metis_v2_DeepThinkerLabelClient_cache: 2025-07-30 01:32:34.318000		9421		getUserProfileLabel null
07-30 01:32:35.318  8092 12132 I ContextAware_SortAlgorithmManager.SceneUtil_cache: 2025-07-30 01:32:34.318000		9411		SortAlgorithmManager.SceneCombinationProcessor current map is  sceneId 210000000 status 2 intentList size 1 isHome false IntentId: 13151001 policyName DYNAMIC_SUBSTITUTE isFocus false serviceId null type 0 deleteKeynull
07-30 01:32:35.318  8092 12132 I ContextAware_SortAlgorithmManager.SceneUtil_cache:  sceneId 220500200 status 1 intentList size 1 isHome false IntentId: 14111005 policyName SUBSTITUTE_SCENE isFocus false serviceId  type 0 deleteKeynull
07-30 01:32:35.318  8092 12132 I ContextAware_SortAlgorithmManager.SceneUtil_cache:  sceneId 240000000 status 2 intentList size 3 isHome false IntentId: 14111004 policyName CLEAN_UP_STORAGE_SUBSTITUTE isFocus false serviceId null type 0 deleteKeynull IntentId: 18111007 policyName CLEAN_UP_SUBSTITUTE isFocus false serviceId null type 0 deleteKeynull IntentId: 18111008 policyName CLEAN_UP_PLUS_SUBSTITUTE isFocus false serviceId null type 0 deleteKeynull
07-30 01:32:35.318  8092 12132 I ContextAware_SortAlgorithmManager.SceneCombinationProcessor_cache: 2025-07-30 01:32:34.318000		9411		Scene intent has changed
07-30 01:32:35.318  8092 12132 I ContextAware_DecisionIntentProvider_cache: 2025-07-30 01:32:34.318000		8159		processBundle = Bundle[{assistant_data=[]}]
07-30 01:32:35.318  8092 12132 I ContextAware_SortAlgorithmManager.SceneUtil_cache: 2025-07-30 01:32:34.318000		9411		SortAlgorithmManager.SceneReorderProcessor sceneId 210000000 status 2 intentList size 1 isHome false IntentId: 13151001 policyName DYNAMIC_SUBSTITUTE isFocus false serviceId null type 0 deleteKeynull
07-30 01:32:35.318  8092 12132 I ContextAware_SortAlgorithmManager.SceneUtil_cache:  sceneId 220500200 status 1 intentList size 1 isHome false IntentId: 14111005 policyName SUBSTITUTE_SCENE isFocus false serviceId  type 0 deleteKeynull
07-30 01:32:35.318  8092 12132 I ContextAware_SortAlgorithmManager.SceneUtil_cache:  sceneId 240000000 status 2 intentList size 3 isHome false IntentId: 14111004 policyName CLEAN_UP_STORAGE_SUBSTITUTE isFocus false serviceId null type 0 deleteKeynull IntentId: 18111007 policyName CLEAN_UP_SUBSTITUTE isFocus false serviceId null type 0 deleteKeynull IntentId: 18111008 policyName CLEAN_UP_PLUS_SUBSTITUTE isFocus false serviceId null type 0 deleteKeynull
07-30 01:32:35.319  8092 12132 I ContextAware_DailyStatisticsRecorder_cache: 2025-07-30 01:32:34.319000		9785		Increase context change count: PROCESSOR_SCENE_COMBINATION_cnt, value: 1
07-30 01:32:35.319  8092 12132 I ContextAware_DailyStatisticsRecorder_cache: 2025-07-30 01:32:34.319000		9785		Increase context change count: PROCESSOR_SCENE_COMBINATION_ms, value: 4
07-30 01:32:35.319  8092 12132 I ContextAware_SortAlgorithmManager.SceneUtil_cache: 2025-07-30 01:32:34.324000		9411		SortAlgorithmManager.SceneDeduplicationProcessor sceneId 210000000 status 2 intentList size 1 isHome false IntentId: 13151001 policyName DYNAMIC_SUBSTITUTE isFocus false serviceId null type 0 deleteKeynull
07-30 01:32:35.319  8092 12132 I ContextAware_SortAlgorithmManager.SceneUtil_cache:  sceneId 220500200 status 1 intentList size 1 isHome false IntentId: 14111005 policyName SUBSTITUTE_SCENE isFocus false serviceId  type 0 deleteKeynull
07-30 01:32:35.319  8092 12132 I ContextAware_SortAlgorithmManager.SceneUtil_cache:  sceneId 240000000 status 2 intentList size 3 isHome false IntentId: 14111004 policyName CLEAN_UP_STORAGE_SUBSTITUTE isFocus false serviceId null type 0 deleteKeynull IntentId: 18111007 policyName CLEAN_UP_SUBSTITUTE isFocus false serviceId null type 0 deleteKeynull IntentId: 18111008 policyName CLEAN_UP_PLUS_SUBSTITUTE isFocus false serviceId null type 0 deleteKeynull
07-30 01:32:35.319  8092 12132 I ContextAware_SortAlgorithmManager.DecisionAlgorithmManager_cache: 2025-07-30 01:32:34.324000		9411		getDecisionAlgorithm: dt_sort
07-30 01:32:35.319  8092 12132 I ContextAware_SortAlgorithmManager.DtSort_cache: 2025-07-30 01:32:34.324000		10804		onDecisionAfterRerank, inner algorithm is: internal_dt_sort
07-30 01:32:35.319  8092 12132 I ContextAware_SortAlgorithmManager.DtIntentDataManager_cache: 2025-07-30 01:32:34.324000		10805		getDtIntentList: dtIntents = []
07-30 01:32:35.319  8092 12132 E ContextAware_SortAlgorithmManager.DtInternalSortImpl_cache: 2025-07-30 01:32:34.324000		10805		targetDtList is invalid
07-30 01:32:35.319  8092 12132 I ContextAware_DailyStatisticsRecorder_cache: 2025-07-30 01:32:34.324000		10151		Increase context change count: PROCESSOR_SCENE_REORDER_cnt, value: 1
07-30 01:32:35.319  8092 12132 I ContextAware_DailyStatisticsRecorder_cache: 2025-07-30 01:32:34.325000		10151		Increase context change count: PROCESSOR_SCENE_REORDER_ms, value: 6
07-30 01:32:35.319  8092 12132 I ContextAware_DailyStatisticsRecorder_cache: 2025-07-30 01:32:34.325000		10151		Increase context change count: PROCESSOR_SCENE_DEDUPLICATION_cnt, value: 1
07-30 01:32:35.319  8092 12132 I ContextAware_DailyStatisticsRecorder_cache: 2025-07-30 01:32:34.325000		10151		Increase context change count: PROCESSOR_SCENE_DEDUPLICATION_ms, value: 0
07-30 01:32:35.319  8092 12132 I ContextAware_SortAlgorithmManager.SceneIntentReorderProcessor_cache: 2025-07-30 01:32:34.325000		9411		ruleReordering onDecisionAfterRerank, mIntentList:size: 5 13151001 14111005 14111004 18111007 18111008
07-30 01:32:35.319  8092 12132 W ContextAware_IntentSwitchManager_cache: 2025-07-30 01:32:34.325000		9411		subSwitchMap don't contain application_suggestions, set the switch to true as default
07-30 01:32:35.319  8092 12132 I ContextAware_IntentSwitchManager_cache: 2025-07-30 01:32:34.325000		9411		getSubSwitchStatus = {application_suggestions=true}
07-30 01:32:35.319  8092 12132 I ContextAware_SortAlgorithmManager.ReorderProcessor.RuleReRanker_cache: 2025-07-30 01:32:34.325000		9411		sceneIntentRerank sceneFinalScoreMap:{scene rerank, use defaultScore, finalScore:13151001DYNAMIC_SUBSTITUTE=3.12}
07-30 01:32:35.319  8092 12132 I metis_v2_BreenoSwitchSettingObserver_cache: 2025-07-30 01:32:34.325000		9411		panta-sugg-getMasterSwitchStatus from cache:true
07-30 01:32:35.319  8092 12132 I ContextAware_IntentSwitchManager_cache: 2025-07-30 01:32:34.325000		9411		getSubSwitchStatus = {tips=true}
07-30 01:32:35.319  8092 12132 I ContextAware_IntentSwitchManager_cache: 2025-07-30 01:32:34.325000		9411		isExistInSceneInfoActionList pantanalIntentAction = pantanal.intent.system.VIEW_TIPS
07-30 01:32:35.319  8092 12132 I metis_v2_BreenoSwitchSettingObserver_cache: 2025-07-30 01:32:34.325000		9411		panta-sugg-getMasterSwitchStatus from cache:true
07-30 01:32:35.319  8092 12132 I ContextAware_SortAlgorithmManager.ReorderProcessor.RuleReRanker_cache: 2025-07-30 01:32:34.325000		9411		sceneIntentRerank sceneFinalScoreMap:{scene rerank, use defaultScore, finalScore:14111005SUBSTITUTE_SCENE=2.0}
07-30 01:32:35.319  8092 12132 I ContextAware_IntentSwitchManager_cache: 2025-07-30 01:32:34.325000		9411		getSubSwitchStatus = {clear_memory=true}
07-30 01:32:35.319  8092 12132 I ContextAware_IntentSwitchManager_cache: 2025-07-30 01:32:34.325000		9411		isExistInSceneInfoActionList pantanalIntentAction = pantanal.intent.system.CLEAN_UP_STORAGE
07-30 01:32:35.319  8092 12132 I metis_v2_BreenoSwitchSettingObserver_cache: 2025-07-30 01:32:34.325000		9411		panta-sugg-getMasterSwitchStatus from cache:true
07-30 01:32:35.319  8092 12132 I ContextAware_IntentSwitchManager_cache: 2025-07-30 01:32:34.325000		9411		isExistInSceneInfoActionList pantanalIntentAction = pantanal.intent.audio.SUBSTITUTE_RAM_CLEAN_UP
07-30 01:32:35.319  8092 12132 I metis_v2_BreenoSwitchSettingObserver_cache: 2025-07-30 01:32:34.325000		9411		panta-sugg-getMasterSwitchStatus from cache:true
07-30 01:32:35.319  8092 12132 I ContextAware_IntentSwitchManager_cache: 2025-07-30 01:32:34.325000		9411		isExistInSceneInfoActionList pantanalIntentAction = pantanal.intent.audio.SUBSTITUTE_RAM_CLEAN_UP_PLUS
07-30 01:32:35.319  8092 12132 I metis_v2_BreenoSwitchSettingObserver_cache: 2025-07-30 01:32:34.325000		9411		panta-sugg-getMasterSwitchStatus from cache:true
07-30 01:32:35.319  8092 12132 I ContextAware_SortAlgorithmManager.ReorderProcessor.RuleReRanker_cache: 2025-07-30 01:32:34.325000		9411		sceneIntentRerank sceneFinalScoreMap:{scene rerank, use defaultScore, finalScore:14111004CLEAN_UP_STORAGE_SUBSTITUTE=4.06, scene rerank, use defaultScore, finalScore:18111007CLEAN_UP_SUBSTITUTE=4.05, scene rerank, use defaultScore, finalScore:18111008CLEAN_UP_PLUS_SUBSTITUTE=4.02}
07-30 01:32:35.319  8092 12132 I ContextAware_SortAlgorithmManager.SceneIntentReorderProcessor_cache: 2025-07-30 01:32:34.325000		9411		IntentReorder: scene[210000000]rank mIntentList: size: 1 13151001
07-30 01:32:35.319  8092 12132 I ContextAware_SortAlgorithmManager.SceneIntentReorderProcessor_cache: scene[220500200]rank mIntentList: size: 1 14111005
07-30 01:32:35.319  8092 12132 I ContextAware_SortAlgorithmManager.SceneIntentReorderProcessor_cache: scene[240000000]rank mIntentList: size: 3 14111004 18111007 18111008
07-30 01:32:35.319  8092 12132 W ContextAware_SortAlgorithmManager.SceneUtil_cache: 2025-07-30 01:32:34.325000		9411		Drop invalid scene: 220500200
07-30 01:32:35.319  8092 12132 I ContextAware_SortAlgorithmManager.SceneFocusProcessor_cache: 2025-07-30 01:32:34.325000		9411		scene 210000000 not change or has focus scene or current scene is L3
07-30 01:32:35.319  8092 12132 I ContextAware_SortAlgorithmManager.SceneFocusProcessor_cache: 2025-07-30 01:32:34.325000		9411		scene 240000000 not change or has focus scene or current scene is L3
07-30 01:32:35.319  8092 12132 I ContextAware_SortAlgorithmManager.BatchIntentProcessor_cache: 2025-07-30 01:32:34.326000		9411		onProcess decisionUTraceContext = UTraceContext(traceID=7f0000011753853554325314408092, current=p_8092_70104f9@65, parent=null, spanType=1, valid=1, tag=null)
07-30 01:32:35.319  8092 12132 E ContextAware_SortAlgorithmManager.BatchIntentProcessor_cache: 2025-07-30 01:32:34.326000		9411		onProcess intentStringList is invalid
07-30 01:32:35.319  8092 12132 E ContextAware_SortAlgorithmManager.IntentSendProcessor_cache: 2025-07-30 01:32:34.326000		9411		disable direct send intent mode, clear
07-30 01:32:35.319  8092 12132 I metis_v2_BreenoSwitchSettingObserver_cache: 2025-07-30 01:32:34.326000		9411		panta-sugg-getMasterSwitchStatus from cache:true
07-30 01:32:35.319  8092 12132 I ContextAware_IntentSwitchManager_cache: 2025-07-30 01:32:34.326000		9411		filterList, not filter, breeno switch on
07-30 01:32:35.319  8092 12132 I ContextAware_SortAlgorithmManager.IntentSendProcessor_cache: 2025-07-30 01:32:34.326000		9411		sendSceneString: [{"combination_strategy":0,"create_time":1735722085016,"expect_scene_cnt":1,"focus_time":0,"force_guaranteed":true,"home_flag":true,"intent_list":[{"action":"pantanal.intent.applicationsuggestions.SUBSTITUTE","add_min_prob":0.4,"add_related_id":0,"algorithm_time_rule":[],"algorithm_version":"","attenuationFunc":-1,"attenuationType":-1,"cannot_reduce_recommend":true,"config_version":202507161101,"contain_service_id":false,"create_time":1753853515075,"default_score":3.12,"delay_click_timestamp":0,"delay_exposure_timestamp":0,"domain":"system_tools","drop_repeat_key":"","drop_repeat_mode":-1,"expire_time":1440000,"final_score":3.12,"force_rebuild_seedling":false,"intent_feedback_type":2,"intent_id":13151001,"intent_instance_id":"null13151001DYNAMIC_SUBSTITUTEnull20914","intent_level":"default","intent_position":1,"intent_src":3,"is_params_send_to_seedling":false,"is_scene_focus":false,"is_support_multi_instance":false,"last_sort_type":0,"last_update_time":1753853515075,"original_update_time":1753853515075,"params_from_user_policy":{"click_args":[],"click_func":-1,"delay_click_args":[],"delay_exposure_args":[],"exposure_args":[],"exposure_func":-1,"time_args":[1440000.0,5.0],"time_func":2},"policy_name":"DYNAMIC_SUBSTITUTE","prob_adj":1.0,"protect_enable":false,"protect_policy":{"delta_duration":3,"end_ratio":10,"event":0,"initial_duration":7,"start_ratio":70,"step_ratio":20},"remove_trigger_value":0.2,"rule_remove_by_algorithm":false,"scene_func":0,"scene_id":210000000,"scene_instance_id":"","seedling_ui_policy":0,"should_focus":false,"show_type":0,"sort_related_id":0,"sortable":true,"status":2,"sub_domain":"application_suggestions"}],"scene_id":210000000,"scene_level":1,"scene_should_focus":false,"score":100.0,"status":2,"update_time":1735722085016,"weight":1},{"combination_strategy":0,"create_time":1735722085016,"expect_scene_cnt":1,"focus_time":0,"force_guaranteed":false,"home_flag":false,"intent_list":[{"action":"pantanal.intent.system.CLEAN_UP_STORAGE","add_min_prob":0.4,"add_related_id":0,"algorithm_time_rule":[],"algorithm_version":"","attenuationFunc":-1,"attenuationType":-1,"cannot_reduce_recommend":false,"config_version":202507161101,"contain_service_id":false,"create_time":1753853515075,"default_score":4.06,"delay_click_timestamp":0,"delay_exposure_timestamp":0,"domain":"system_settings","drop_repeat_key":"","drop_repeat_mode":-1,"expire_time":1440000,"final_score":4.06,"force_rebuild_seedling":false,"intent_feedback_type":2,"intent_id":14111004,"intent_instance_id":"null14111004CLEAN_UP_STORAGE_SUBSTITUTEnull20914","intent_level":"default","intent_position":1,"intent_src":3,"is_params_send_to_seedling":false,"is_scene_focus":false,"is_support_multi_instance":false,"last_sort_type":0,"last_update_time":1753853515075,"original_update_time":1753853515075,"params_from_user_policy":{"click_args":[],"click_func":-1,"delay_click_args":[],"delay_exposure_args":[],"exposure_args":[],"exposure_func":-1,"time_args":[1440000.0,5.0],"time_func":2},"policy_name":"CLEAN_UP_STORAGE_SUBSTITUTE","prob_adj":1.0,"protect_enable":false,"protect_policy":{"delta_duration":3,"end_ratio":10,"event":0,"initial_duration":7,"start_ratio":70,"step_ratio":20},"remove_trigger_value":0.2,"rule_remove_by_algorithm":false,"scene_func":0,"scene_id":240000000,"scene_instance_id":"","seedling_ui_policy":0,"should_focus":false,"show_type":0,"sort_related_id":0,"sortable":true,"status":2,"sub_domain":"clear_memory"},{"action":"pantanal.intent.audio.SUBSTITUTE_RAM_CLEAN_UP","add_min_prob":0.4,"add_related_id":0,"algorithm_time_rule":[],"algorithm_version":"","attenuationFunc":-1,"attenuationType":-1,"cannot_reduce_recommend":false,"config_version":202507161101,"contain_service_id":false,"create_time":1753853515075,"default_score":4.05,"delay_click_timestamp":0,"delay_exposure_timestamp":0,"domain":"system_settings","drop_repeat_key":"","drop_repeat_mode":-1,"expire_time":1440000,"final_score":4.05,"force_rebuild_
07-30 01:32:35.319  8092 12132 I metis_v2_BreenoSwitchSettingObserver_cache: 2025-07-30 01:32:34.326000		9411		panta-sugg-getMasterSwitchStatus from cache:true
07-30 01:32:35.319  8092 12132 I ContextAware_IntentSwitchManager_cache: 2025-07-30 01:32:34.326000		9411		filterList, not filter, breeno switch on
07-30 01:32:35.319  8092 12132 I metis_v2_BreenoSwitchSettingObserver_cache: 2025-07-30 01:32:34.326000		9411		panta-sugg-getMasterSwitchStatus from cache:true
07-30 01:32:35.319  8092 12132 I ContextAware_DailyStatisticsRecorder_cache: 2025-07-30 01:32:34.327000		9453		Increase context change count: PROCESSOR_SCENE_INTENT_REORDER_cnt, value: 1
07-30 01:32:35.320  8092 12132 I ContextAware_DailyStatisticsRecorder_cache: 2025-07-30 01:32:34.327000		9453		Increase context change count: PROCESSOR_SCENE_INTENT_REORDER_ms, value: 1
07-30 01:32:35.320  8092 12132 I ContextAware_DailyStatisticsRecorder_cache: 2025-07-30 01:32:34.327000		9453		Increase context change count: PROCESSOR_BATCH_INTENT_cnt, value: 1
07-30 01:32:35.320  8092 12132 I ContextAware_DailyStatisticsRecorder_cache: 2025-07-30 01:32:34.327000		9453		Increase context change count: PROCESSOR_BATCH_INTENT_ms, value: 1
07-30 01:32:35.320  8092 12132 I ContextAware_DailyStatisticsRecorder_cache: 2025-07-30 01:32:34.327000		9785		Increase context change count: PROCESSOR_SCENE_FOCUS_cnt, value: 1
07-30 01:32:35.320  8092 12132 I ContextAware_DailyStatisticsRecorder_cache: 2025-07-30 01:32:34.327000		9785		Increase context change count: PROCESSOR_SCENE_FOCUS_ms, value: 0
