07-29 06:45:03.604  7839  9282 E metis_v2_JenaHandlerManager: local thread match [7f0000011753785862227313007183|p_7183_77ef6f7@1|p_7839_34e4a55@11|com.oplus.metis]
07-29 06:45:03.604  7839  9282 E metis_v2_JenaHandlerManager: local thread match [7f0000011753785862227313007183|p_7183_77ef6f7@1|p_7839_34e4a55@11|com.oplus.metis]
07-29 06:45:03.604  7839  9282 E metis_v2_JenaHandlerManager: local thread match [7f0000011753785862227313007183|p_7183_77ef6f7@1|p_7839_34e4a55@11|com.oplus.metis]
07-29 06:45:03.604  7839  9282 E metis_v2_JenaHandlerManager: local thread match [7f0000011753785862227313007183|p_7183_77ef6f7@1|p_7839_34e4a55@11|com.oplus.metis]
07-29 06:45:03.604  7839  9282 E metis_v2_JenaHandlerManager: local thread match [7f0000011753785862227313007183|p_7183_77ef6f7@1|p_7839_34e4a55@11|com.oplus.metis]
07-29 06:45:03.604  7839  9282 E metis_v2_JenaHandlerManager: local thread match [7f0000011753785862227313007183|p_7183_77ef6f7@1|p_7839_34e4a55@11|com.oplus.metis]
07-29 06:45:03.604  7839  9282 E metis_v2_JenaHandlerManager: local thread match [7f0000011753785862227313007183|p_7183_77ef6f7@1|p_7839_34e4a55@11|com.oplus.metis]
07-29 06:45:03.604  7839  9282 E metis_v2_JenaHandlerManager: local thread match [7f0000011753785862227313007183|p_7183_77ef6f7@1|p_7839_34e4a55@11|com.oplus.metis]
07-29 06:45:03.604  7839  9282 E metis_v2_JenaHandlerManager: local thread match [7f0000011753785862227313007183|p_7183_77ef6f7@1|p_7839_34e4a55@11|com.oplus.metis]
07-29 06:45:03.604  7839  9282 E metis_v2_JenaHandlerManager: local thread match [7f0000011753785862227313007183|p_7183_77ef6f7@1|p_7839_34e4a55@11|com.oplus.metis]
07-29 06:45:03.604  7839  9282 E metis_v2_JenaHandlerManager: local thread match [7f0000011753785862227313007183|p_7183_77ef6f7@1|p_7839_34e4a55@11|com.oplus.metis]
07-29 06:45:03.604  7839  9282 E metis_v2_JenaHandlerManager: local thread match [7f0000011753785862227313007183|p_7183_77ef6f7@1|p_7839_34e4a55@11|com.oplus.metis]
07-29 06:45:03.604  7839  9282 E metis_v2_JenaHandlerManager: local thread match [7f0000011753785862227313007183|p_7183_77ef6f7@1|p_7839_34e4a55@11|com.oplus.metis]
07-29 06:45:03.604  7839  9282 E metis_v2_JenaHandlerManager: local thread match [7f0000011753785862227313007183|p_7183_77ef6f7@1|p_7839_34e4a55@11|com.oplus.metis]
07-29 06:45:03.604  7839  9282 E metis_v2_JenaHandlerManager: local thread match [7f0000011753785862227313007183|p_7183_77ef6f7@1|p_7839_34e4a55@11|com.oplus.metis]
07-29 06:45:03.604  7839  9282 E metis_v2_JenaHandlerManager: local thread match [7f0000011753785862227313007183|p_7183_77ef6f7@1|p_7839_34e4a55@11|com.oplus.metis]
07-29 06:45:03.604  7839  9282 E metis_v2_JenaHandlerManager: local thread match [7f0000011753785862227313007183|p_7183_77ef6f7@1|p_7839_34e4a55@11|com.oplus.metis]
07-29 06:45:03.604  7839  9282 E metis_v2_JenaHandlerManager: local thread match [7f0000011753785862227313007183|p_7183_77ef6f7@1|p_7839_34e4a55@11|com.oplus.metis]
07-29 06:45:03.604  7839  9282 E metis_v2_JenaHandlerManager: local thread match [7f0000011753785862227313007183|p_7183_77ef6f7@1|p_7839_34e4a55@11|com.oplus.metis]
07-29 06:45:03.604  7839  9282 E metis_v2_JenaHandlerManager: local thread match [7f0000011753785862227313007183|p_7183_77ef6f7@1|p_7839_34e4a55@11|com.oplus.metis]
07-29 06:45:03.604  7839  9282 E metis_v2_JenaHandlerManager: local thread match [7f0000011753785862227313007183|p_7183_77ef6f7@1|p_7839_34e4a55@11|com.oplus.metis]
07-29 06:45:03.604  7839  9282 E metis_v2_JenaHandlerManager: local thread match [7f0000011753785862227313007183|p_7183_77ef6f7@1|p_7839_34e4a55@11|com.oplus.metis]
07-29 06:45:03.604  7839  9282 E metis_v2_JenaHandlerManager: local thread match [7f0000011753785862227313007183|p_7183_77ef6f7@1|p_7839_34e4a55@11|com.oplus.metis]
07-29 06:45:03.604  7839  9282 E metis_v2_JenaHandlerManager: local thread match [7f0000011753785862227313007183|p_7183_77ef6f7@1|p_7839_34e4a55@11|com.oplus.metis]
07-29 06:45:03.604  7839  9282 E metis_v2_JenaHandlerManager: local thread match [7f0000011753785862227313007183|p_7183_77ef6f7@1|p_7839_34e4a55@11|com.oplus.metis]
07-29 06:45:03.604  7839  9282 E metis_v2_JenaHandlerManager: local thread match [7f0000011753785862227313007183|p_7183_77ef6f7@1|p_7839_34e4a55@11|com.oplus.metis]
07-29 06:45:03.604  7839  9282 E metis_v2_JenaHandlerManager: local thread match [7f0000011753785862227313007183|p_7183_77ef6f7@1|p_7839_34e4a55@11|com.oplus.metis]
07-29 06:45:03.604  7839  9282 E metis_v2_JenaHandlerManager: local thread match [7f0000011753785862227313007183|p_7183_77ef6f7@1|p_7839_34e4a55@11|com.oplus.metis]
07-29 06:45:03.604  7839  9282 E metis_v2_JenaHandlerManager: local thread match [7f0000011753785862227313007183|p_7183_77ef6f7@1|p_7839_34e4a55@11|com.oplus.metis]
07-29 06:45:03.604  7839  9284 I DeepThinkerSDK: [APP] ClientConnection: getDeepThinkerBridge start
07-29 06:45:03.604  7839  9284 I DeepThinkerSDK: [APP] ClientConnection: getDeepThinkerBridge end
07-29 06:45:03.604  7839  9282 E metis_v2_JenaHandlerManager: local thread match [7f0000011753785862227313007183|p_7183_77ef6f7@1|p_7839_34e4a55@11|com.oplus.metis]
07-29 06:45:03.604  7839  9282 E metis_v2_JenaHandlerManager: local thread match [7f0000011753785862227313007183|p_7183_77ef6f7@1|p_7839_34e4a55@11|com.oplus.metis]
07-29 06:45:03.604  7839  9282 E metis_v2_JenaHandlerManager: local thread match [7f0000011753785862227313007183|p_7183_77ef6f7@1|p_7839_34e4a55@11|com.oplus.metis]
07-29 06:45:03.604  7839  9282 E metis_v2_JenaHandlerManager: local thread match [7f0000011753785862227313007183|p_7183_77ef6f7@1|p_7839_34e4a55@11|com.oplus.metis]
07-29 06:45:03.604  7839  9282 E metis_v2_JenaHandlerManager: local thread match [7f0000011753785862227313007183|p_7183_77ef6f7@1|p_7839_34e4a55@11|com.oplus.metis]
07-29 06:45:03.604  7839  9282 E metis_v2_JenaHandlerManager: local thread match [7f0000011753785862227313007183|p_7183_77ef6f7@1|p_7839_34e4a55@11|com.oplus.metis]
07-29 06:45:03.604  7839  9282 E metis_v2_JenaHandlerManager: local thread match [7f0000011753785862227313007183|p_7183_77ef6f7@1|p_7839_34e4a55@11|com.oplus.metis]
07-29 06:45:03.604  7839  9282 E metis_v2_JenaHandlerManager: local thread match [7f0000011753785862227313007183|p_7183_77ef6f7@1|p_7839_34e4a55@11|com.oplus.metis]
07-29 06:45:03.604  7839  9282 E metis_v2_JenaHandlerManager: local thread match [7f0000011753785862227313007183|p_7183_77ef6f7@1|p_7839_34e4a55@11|com.oplus.metis]
07-29 06:45:03.604  7839  9282 E metis_v2_JenaHandlerManager: local thread match [7f0000011753785862227313007183|p_7183_77ef6f7@1|p_7839_34e4a55@11|com.oplus.metis]
07-29 06:45:03.604  7839  9282 E metis_v2_JenaHandlerManager: local thread match [7f0000011753785862227313007183|p_7183_77ef6f7@1|p_7839_34e4a55@11|com.oplus.metis]
07-29 06:45:03.604  7839  9282 E metis_v2_JenaHandlerManager: local thread match [7f0000011753785862227313007183|p_7183_77ef6f7@1|p_7839_34e4a55@11|com.oplus.metis]
07-29 06:45:03.604  7839  9282 E metis_v2_JenaHandlerManager: local thread match [7f0000011753785862227313007183|p_7183_77ef6f7@1|p_7839_34e4a55@11|com.oplus.metis]
07-29 06:45:03.604  7839  9282 E metis_v2_JenaHandlerManager: local thread match [7f0000011753785862227313007183|p_7183_77ef6f7@1|p_7839_34e4a55@11|com.oplus.metis]
07-29 06:45:03.604  7839  9282 E metis_v2_JenaHandlerManager: local thread match [7f0000011753785862227313007183|p_7183_77ef6f7@1|p_7839_34e4a55@11|com.oplus.metis]
07-29 06:45:03.604  7839  9282 E metis_v2_JenaHandlerManager: local thread match [7f0000011753785862227313007183|p_7183_77ef6f7@1|p_7839_34e4a55@11|com.oplus.metis]
07-29 06:45:03.604  7839  9282 E metis_v2_JenaHandlerManager: local thread match [7f0000011753785862227313007183|p_7183_77ef6f7@1|p_7839_34e4a55@11|com.oplus.metis]
07-29 06:45:03.604  7839  9282 E metis_v2_JenaHandlerManager: local thread match [7f0000011753785862227313007183|p_7183_77ef6f7@1|p_7839_34e4a55@11|com.oplus.metis]
07-29 06:45:03.604  7839  9282 E metis_v2_JenaHandlerManager: local thread match [7f0000011753785862227313007183|p_7183_77ef6f7@1|p_7839_34e4a55@11|com.oplus.metis]
07-29 06:45:03.604  7839  9282 E metis_v2_JenaHandlerManager: local thread match [7f0000011753785862227313007183|p_7183_77ef6f7@1|p_7839_34e4a55@11|com.oplus.metis]
07-29 06:45:03.604  7839  9282 E metis_v2_JenaHandlerManager: local thread match [7f0000011753785862227313007183|p_7183_77ef6f7@1|p_7839_34e4a55@11|com.oplus.metis]
07-29 06:45:03.604  7839  9282 E metis_v2_JenaHandlerManager: local thread match [7f0000011753785862227313007183|p_7183_77ef6f7@1|p_7839_34e4a55@11|com.oplus.metis]
07-29 06:45:03.604  7839  9282 E metis_v2_JenaHandlerManager: local thread match [7f0000011753785862227313007183|p_7183_77ef6f7@1|p_7839_34e4a55@11|com.oplus.metis]
07-29 06:45:03.604  7839  9282 E metis_v2_JenaHandlerManager: local thread match [7f0000011753785862227313007183|p_7183_77ef6f7@1|p_7839_34e4a55@11|com.oplus.metis]
07-29 06:45:03.604  7839  9282 E metis_v2_JenaHandlerManager: local thread match [7f0000011753785862227313007183|p_7183_77ef6f7@1|p_7839_34e4a55@11|com.oplus.metis]
07-29 06:45:03.604  7839  9282 E metis_v2_JenaHandlerManager: local thread match [7f0000011753785862227313007183|p_7183_77ef6f7@1|p_7839_34e4a55@11|com.oplus.metis]
07-29 06:45:03.604  7839  9178 I ContextAware_SortAlgorithmManager.SceneCombinationProcessor: firstLaunch = false , app Feature = indexOS15
07-29 06:45:03.604  7839  9282 E metis_v2_JenaHandlerManager: local thread match [7f0000011753785862227313007183|p_7183_77ef6f7@1|p_7839_34e4a55@11|com.oplus.metis]
07-29 06:45:03.604  7839  9282 E metis_v2_JenaHandlerManager: local thread match [7f0000011753785862227313007183|p_7183_77ef6f7@1|p_7839_34e4a55@11|com.oplus.metis]
07-29 06:45:03.604  7839  9178 W ContextAware_SortAlgorithmManager.SceneCombinationProcessor: permanentScene size Less than 2
07-29 06:45:03.604  7839  9282 E metis_v2_JenaHandlerManager: local thread match [7f0000011753785862227313007183|p_7183_77ef6f7@1|p_7839_34e4a55@11|com.oplus.metis]
07-29 06:45:03.604  7839  9282 E metis_v2_JenaHandlerManager: local thread match [7f0000011753785862227313007183|p_7183_77ef6f7@1|p_7839_34e4a55@11|com.oplus.metis]
07-29 06:45:03.604  7839  9282 E metis_v2_JenaHandlerManager: local thread match [7f0000011753785862227313007183|p_7183_77ef6f7@1|p_7839_34e4a55@11|com.oplus.metis]
07-29 06:45:03.604  7839  9282 E metis_v2_JenaHandlerManager: local thread match [7f0000011753785862227313007183|p_7183_77ef6f7@1|p_7839_34e4a55@11|com.oplus.metis]
07-29 06:45:03.604  7839  9282 E metis_v2_JenaHandlerManager: local thread match [7f0000011753785862227313007183|p_7183_77ef6f7@1|p_7839_34e4a55@11|com.oplus.metis]
07-29 06:45:03.604  7839 12447 I ContextAware_DecisionIntentProvider: process method = assistant_method, extra = Bundle[EMPTY_PARCEL]
07-29 06:45:03.604  7839  9178 I ContextAware_SortAlgorithmManager.SceneUtil: SortAlgorithmManager.SceneCombinationProcessor current map before drop is  sceneId 210000000 status 2 intentList size 1 isHome false IntentId: 13151001 policyName DYNAMIC_SUBSTITUTE isFocus false serviceId null type 0 deleteKeynull
07-29 06:45:03.604  7839  9178 I ContextAware_SortAlgorithmManager.SceneUtil:  sceneId 220500200 status 2 intentList size 2 isHome false IntentId: 14111005 policyName SUBSTITUTE_SCENE isFocus false serviceId  type 0 deleteKeynull IntentId: 14111005 policyName SUBSTITUTE_SCENE isFocus false serviceId  type 0 deleteKeynull
07-29 06:45:03.604  7839  9178 I ContextAware_SortAlgorithmManager.SceneUtil:  sceneId 240000000 status 2 intentList size 3 isHome false IntentId: 14111004 policyName CLEAN_UP_STORAGE_SUBSTITUTE isFocus false serviceId null type 0 deleteKeynull IntentId: 18111007 policyName CLEAN_UP_SUBSTITUTE isFocus false serviceId null type 0 deleteKeynull IntentId: 18111008 policyName CLEAN_UP_PLUS_SUBSTITUTE isFocus false serviceId null type 0 deleteKeynull
07-29 06:45:03.604  7839  9282 E metis_v2_JenaHandlerManager: local thread match [7f0000011753785862227313007183|p_7183_77ef6f7@1|p_7839_34e4a55@11|com.oplus.metis]
07-29 06:45:03.604  7839  9282 E metis_v2_JenaHandlerManager: local thread match [7f0000011753785862227313007183|p_7183_77ef6f7@1|p_7839_34e4a55@11|com.oplus.metis]
07-29 06:45:03.604  7839  9282 E metis_v2_JenaHandlerManager: local thread match [7f0000011753785862227313007183|p_7183_77ef6f7@1|p_7839_34e4a55@11|com.oplus.metis]
07-29 06:45:03.604  7839  9282 E metis_v2_JenaHandlerManager: local thread match [7f0000011753785862227313007183|p_7183_77ef6f7@1|p_7839_34e4a55@11|com.oplus.metis]
07-29 06:45:03.604  7839  9282 E metis_v2_JenaHandlerManager: local thread match [7f0000011753785862227313007183|p_7183_77ef6f7@1|p_7839_34e4a55@11|com.oplus.metis]
07-29 06:45:03.604  7839  9282 E metis_v2_JenaHandlerManager: local thread match [7f0000011753785862227313007183|p_7183_77ef6f7@1|p_7839_34e4a55@11|com.oplus.metis]
07-29 06:45:03.604  7839  9282 E metis_v2_JenaHandlerManager: local thread match [7f0000011753785862227313007183|p_7183_77ef6f7@1|p_7839_34e4a55@11|com.oplus.metis]
07-29 06:45:03.604  7839  9282 E metis_v2_JenaHandlerManager: local thread match [7f0000011753785862227313007183|p_7183_77ef6f7@1|p_7839_34e4a55@11|com.oplus.metis]
07-29 06:45:03.604  7839  9282 E metis_v2_JenaHandlerManager: local thread match [7f0000011753785862227313007183|p_7183_77ef6f7@1|p_7839_34e4a55@11|com.oplus.metis]
07-29 06:45:03.604  7839  9282 E metis_v2_JenaHandlerManager: local thread match [7f0000011753785862227313007183|p_7183_77ef6f7@1|p_7839_34e4a55@11|com.oplus.metis]
07-29 06:45:03.604  7839  9282 E metis_v2_JenaHandlerManager: local thread match [7f0000011753785862227313007183|p_7183_77ef6f7@1|p_7839_34e4a55@11|com.oplus.metis]
07-29 06:45:03.604  7839  9282 E metis_v2_JenaHandlerManager: local thread match [7f0000011753785862227313007183|p_7183_77ef6f7@1|p_7839_34e4a55@11|com.oplus.metis]
07-29 06:45:03.604  7839  9282 E metis_v2_JenaHandlerManager: local thread match [7f0000011753785862227313007183|p_7183_77ef6f7@1|p_7839_34e4a55@11|com.oplus.metis]
07-29 06:45:03.604  7839  9282 E metis_v2_JenaHandlerManager: local thread match [7f0000011753785862227313007183|p_7183_77ef6f7@1|p_7839_34e4a55@11|com.oplus.metis]
07-29 06:45:03.604  7839  9282 E metis_v2_JenaHandlerManager: local thread match [7f0000011753785862227313007183|p_7183_77ef6f7@1|p_7839_34e4a55@11|com.oplus.metis]
07-29 06:45:03.604  7839  9282 E metis_v2_JenaHandlerManager: local thread match [7f0000011753785862227313007183|p_7183_77ef6f7@1|p_7839_34e4a55@11|com.oplus.metis]
07-29 06:45:03.604  7839  9282 E metis_v2_JenaHandlerManager: local thread match [7f0000011753785862227313007183|p_7183_77ef6f7@1|p_7839_34e4a55@11|com.oplus.metis]
07-29 06:45:03.604  7839  9282 E metis_v2_JenaHandlerManager: local thread match [7f0000011753785862227313007183|p_7183_77ef6f7@1|p_7839_34e4a55@11|com.oplus.metis]
07-29 06:45:03.604  7839  9282 E metis_v2_JenaHandlerManager: local thread match [7f0000011753785862227313007183|p_7183_77ef6f7@1|p_7839_34e4a55@11|com.oplus.metis]
07-29 06:45:03.604  7839  9282 E metis_v2_JenaHandlerManager: local thread match [7f0000011753785862227313007183|p_7183_77ef6f7@1|p_7839_34e4a55@11|com.oplus.metis]
07-29 06:45:03.604  7839  9282 E metis_v2_JenaHandlerManager: local thread match [7f0000011753785862227313007183|p_7183_77ef6f7@1|p_7839_34e4a55@11|com.oplus.metis]
07-29 06:45:03.604  7839  9282 E metis_v2_JenaHandlerManager: local thread match [7f0000011753785862227313007183|p_7183_77ef6f7@1|p_7839_34e4a55@11|com.oplus.metis]
07-29 06:45:03.604  7839  9282 E metis_v2_JenaHandlerManager: local thread match [7f0000011753785862227313007183|p_7183_77ef6f7@1|p_7839_34e4a55@11|com.oplus.metis]
07-29 06:45:03.604  7839  9282 E metis_v2_JenaHandlerManager: local thread match [7f0000011753785862227313007183|p_7183_77ef6f7@1|p_7839_34e4a55@11|com.oplus.metis]
07-29 06:45:03.604  7839  9282 E metis_v2_JenaHandlerManager: local thread match [7f0000011753785862227313007183|p_7183_77ef6f7@1|p_7839_34e4a55@11|com.oplus.metis]
07-29 06:45:03.604  7839  9282 E metis_v2_JenaHandlerManager: local thread match [7f0000011753785862227313007183|p_7183_77ef6f7@1|p_7839_34e4a55@11|com.oplus.metis]
07-29 06:45:03.604  7839  9282 E metis_v2_JenaHandlerManager: local thread match [7f0000011753785862227313007183|p_7183_77ef6f7@1|p_7839_34e4a55@11|com.oplus.metis]
07-29 06:45:03.604  7839  9178 W ContextAware_SortAlgorithmManager.SortCommonUtil: panta-sugg-checkIfDropBySameIDPolicy, has repeat intent, save last intent:PantanalIntent(sceneId=220500200, intentId=14111005, policyName='SUBSTITUTE_SCENE', sceneInstanceId=null, intentSrc=0, finalScore=-1.0, subDomain='tips', action='pantanal.intent.system.VIEW_TIPS', defaultScore=2.0, sortable=true, paramsFromUserPolicy=ParamsFromUserPolicy(exposureArgs=[], exposureFunc=-1, clickArgs=[], clickFunc=-1, timeArgs=[], timeFunc=-1, delayExposureArgs=[], delayClickArgs=[]), cannotReduceRecommend=false, reduceReplaceKey=, isUnrecoverable=false, dropRepeatKey=, dropRepeatMode=-1, paramsFromService=content-length:2, isParamsSendToSeedling=false, forceRebuildSeedling=false, seedlingUiPolicy=0, paramsFromHabit=null, serviceList=[], serviceSelectPolicy=0, serviceSelectWeight={}, serviceId=, serviceIdFrom=null, recallScore=null, rankScore=-1.0, rerankScore=-1.0, requestId=null, userPolicyScore=-1.0, domain='system_settings', cloudExtInfo=null, operation=0, showCount=0, clickCount=0, exposureTime=0, dtExperimentParams=null, createTime=1753785600390, lastUpdateTime=1753785903601, expireTime=240, , originalUpdateTime=1753785903601, sortRelatedId=0, addRelatedId=0, decisionHistoryList=empty, businessData=null, cardOptions=null, instanceId=null, protectEnable=true, protectPolicy=ProtectPolicy(event=0, initialDuration=7, deltaDuration=3, startRatio=70, endRatio=10, stepRatio=20), addMinProb=0.4, probAdj=1.0, lastSortType=0, configVersion=202507161101, algorithmVersion=, recommendServiceList=[], removeTriggerValue=0.2, algorithmTimeRule=[], ruleRemoveByAlgorithm=false, containServiceId=false, dropRepeatType=0, dropRepeatScore=0, delayDismiss=0, attenuationType=-1, attenuationFunc=-1, shouldFocus=false, focusTimestamp=null, orderID=null, serviceTimeStamp=0, serviceInstanceId=null, showType=0,delayExposureTimestamp=0, delayClickTimestamp=0, isSupportMultiInstance=false, 
07-29 06:45:03.604  7839  9282 E metis_v2_JenaHandlerManager: local thread match [7f0000011753785862227313007183|p_7183_77ef6f7@1|p_7839_34e4a55@11|com.oplus.metis]
07-29 06:45:03.604  7839  9282 E metis_v2_JenaHandlerManager: local thread match [7f0000011753785862227313007183|p_7183_77ef6f7@1|p_7839_34e4a55@11|com.oplus.metis]
07-29 06:45:03.604  7839  9282 E metis_v2_JenaHandlerManager: local thread match [7f0000011753785862227313007183|p_7183_77ef6f7@1|p_7839_34e4a55@11|com.oplus.metis]
07-29 06:45:03.604  7839 12447 I ContextAware_DecisionIntentProvider: processBundle = Bundle[{assistant_data=[]}]
07-29 06:45:03.604  7839  9282 E metis_v2_JenaHandlerManager: local thread match [7f0000011753785862227313007183|p_7183_77ef6f7@1|p_7839_34e4a55@11|com.oplus.metis]
07-29 06:45:03.604  7839  9282 E metis_v2_JenaHandlerManager: local thread match [7f0000011753785862227313007183|p_7183_77ef6f7@1|p_7839_34e4a55@11|com.oplus.metis]
07-29 06:45:03.604  7839  9282 E metis_v2_JenaHandlerManager: local thread match [7f0000011753785862227313007183|p_7183_77ef6f7@1|p_7839_34e4a55@11|com.oplus.metis]
07-29 06:45:03.604  7839  9282 E metis_v2_JenaHandlerManager: local thread match [7f0000011753785862227313007183|p_7183_77ef6f7@1|p_7839_34e4a55@11|com.oplus.metis]
07-29 06:45:03.604  7839  9282 E metis_v2_JenaHandlerManager: local thread match [7f0000011753785862227313007183|p_7183_77ef6f7@1|p_7839_34e4a55@11|com.oplus.metis]
07-29 06:45:03.604  7839  9282 E metis_v2_JenaHandlerManager: local thread match [7f0000011753785862227313007183|p_7183_77ef6f7@1|p_7839_34e4a55@11|com.oplus.metis]
07-29 06:45:03.604  7839  9282 E metis_v2_JenaHandlerManager: local thread match [7f0000011753785862227313007183|p_7183_77ef6f7@1|p_7839_34e4a55@11|com.oplus.metis]
07-29 06:45:03.604  7839  9282 E metis_v2_JenaHandlerManager: local thread match [7f0000011753785862227313007183|p_7183_77ef6f7@1|p_7839_34e4a55@11|com.oplus.metis]
07-29 06:45:03.604  7839  9282 E metis_v2_JenaHandlerManager: local thread match [7f0000011753785862227313007183|p_7183_77ef6f7@1|p_7839_34e4a55@11|com.oplus.metis]
07-29 06:45:03.604  7839  9178 I ContextAware_SortAlgorithmManager.SceneUtil: SortAlgorithmManager.SceneCombinationProcessor current map is  sceneId 210000000 status 2 intentList size 1 isHome false IntentId: 13151001 policyName DYNAMIC_SUBSTITUTE isFocus false serviceId null type 0 deleteKeynull
07-29 06:45:03.604  7839  9178 I ContextAware_SortAlgorithmManager.SceneUtil:  sceneId 220500200 status 1 intentList size 1 isHome false IntentId: 14111005 policyName SUBSTITUTE_SCENE isFocus false serviceId  type 0 deleteKeynull
07-29 06:45:03.604  7839  9178 I ContextAware_SortAlgorithmManager.SceneUtil:  sceneId 240000000 status 2 intentList size 3 isHome false IntentId: 14111004 policyName CLEAN_UP_STORAGE_SUBSTITUTE isFocus false serviceId null type 0 deleteKeynull IntentId: 18111007 policyName CLEAN_UP_SUBSTITUTE isFocus false serviceId null type 0 deleteKeynull IntentId: 18111008 policyName CLEAN_UP_PLUS_SUBSTITUTE isFocus false serviceId null type 0 deleteKeynull
07-29 06:45:03.604  7839  9282 E metis_v2_JenaHandlerManager: local thread match [7f0000011753785862227313007183|p_7183_77ef6f7@1|p_7839_34e4a55@11|com.oplus.metis]
07-29 06:45:03.604  7839  9178 I ContextAware_SortAlgorithmManager.SceneCombinationProcessor: Scene intent has changed
07-29 06:45:03.604  7839  9282 E metis_v2_JenaHandlerManager: local thread match [7f0000011753785862227313007183|p_7183_77ef6f7@1|p_7839_34e4a55@11|com.oplus.metis]
07-29 06:45:03.604  7839  9282 E metis_v2_JenaHandlerManager: local thread match [7f0000011753785862227313007183|p_7183_77ef6f7@1|p_7839_34e4a55@11|com.oplus.metis]
07-29 06:45:03.604  7839  9282 E metis_v2_JenaHandlerManager: local thread match [7f0000011753785862227313007183|p_7183_77ef6f7@1|p_7839_34e4a55@11|com.oplus.metis]
07-29 06:45:03.604  7839  9282 E metis_v2_JenaHandlerManager: local thread match [7f0000011753785862227313007183|p_7183_77ef6f7@1|p_7839_34e4a55@11|com.oplus.metis]
07-29 06:45:03.604  7839  9282 E metis_v2_JenaHandlerManager: local thread match [7f0000011753785862227313007183|p_7183_77ef6f7@1|p_7839_34e4a55@11|com.oplus.metis]
07-29 06:45:03.604  7839  9282 E metis_v2_JenaHandlerManager: local thread match [7f0000011753785862227313007183|p_7183_77ef6f7@1|p_7839_34e4a55@11|com.oplus.metis]
07-29 06:45:03.604  7839  9282 E metis_v2_JenaHandlerManager: local thread match [7f0000011753785862227313007183|p_7183_77ef6f7@1|p_7839_34e4a55@11|com.oplus.metis]
07-29 06:45:03.604  7839  9282 E metis_v2_JenaHandlerManager: local thread match [7f0000011753785862227313007183|p_7183_77ef6f7@1|p_7839_34e4a55@11|com.oplus.metis]
07-29 06:45:03.604  7839  9282 E metis_v2_JenaHandlerManager: local thread match [7f0000011753785862227313007183|p_7183_77ef6f7@1|p_7839_34e4a55@11|com.oplus.metis]
07-29 06:45:03.604  7839  9282 E metis_v2_JenaHandlerManager: local thread match [7f0000011753785862227313007183|p_7183_77ef6f7@1|p_7839_34e4a55@11|com.oplus.metis]
07-29 06:45:03.604  7839  9282 E metis_v2_JenaHandlerManager: local thread match [7f0000011753785862227313007183|p_7183_77ef6f7@1|p_7839_34e4a55@11|com.oplus.metis]
07-29 06:45:03.604  7839  9282 E metis_v2_JenaHandlerManager: local thread match [7f0000011753785862227313007183|p_7183_77ef6f7@1|p_7839_34e4a55@11|com.oplus.metis]
07-29 06:45:03.604  7839  9282 E metis_v2_JenaHandlerManager: local thread match [7f0000011753785862227313007183|p_7183_77ef6f7@1|p_7839_34e4a55@11|com.oplus.metis]
07-29 06:45:03.604  7839  9282 E metis_v2_JenaHandlerManager: local thread match [7f0000011753785862227313007183|p_7183_77ef6f7@1|p_7839_34e4a55@11|com.oplus.metis]
07-29 06:45:03.604  7839  9282 E metis_v2_JenaHandlerManager: local thread match [7f0000011753785862227313007183|p_7183_77ef6f7@1|p_7839_34e4a55@11|com.oplus.metis]
07-29 06:45:03.604  7839  9282 E metis_v2_JenaHandlerManager: local thread match [7f0000011753785862227313007183|p_7183_77ef6f7@1|p_7839_34e4a55@11|com.oplus.metis]
07-29 06:45:03.604  7839  9282 E metis_v2_JenaHandlerManager: local thread match [7f0000011753785862227313007183|p_7183_77ef6f7@1|p_7839_34e4a55@11|com.oplus.metis]
07-29 06:45:03.604  7839  9282 E metis_v2_JenaHandlerManager: local thread match [7f0000011753785862227313007183|p_7183_77ef6f7@1|p_7839_34e4a55@11|com.oplus.metis]
07-29 06:45:03.604  7839  9282 E metis_v2_JenaHandlerManager: local thread match [7f0000011753785862227313007183|p_7183_77ef6f7@1|p_7839_34e4a55@11|com.oplus.metis]
07-29 06:45:03.604  7839  9282 E metis_v2_JenaHandlerManager: local thread match [7f0000011753785862227313007183|p_7183_77ef6f7@1|p_7839_34e4a55@11|com.oplus.metis]
07-29 06:45:03.604  7839  9282 E metis_v2_JenaHandlerManager: local thread match [7f0000011753785862227313007183|p_7183_77ef6f7@1|p_7839_34e4a55@11|com.oplus.metis]
07-29 06:45:03.604  7839  9282 E metis_v2_JenaHandlerManager: local thread match [7f0000011753785862227313007183|p_7183_77ef6f7@1|p_7839_34e4a55@11|com.oplus.metis]
07-29 06:45:03.604  7839  9282 E metis_v2_JenaHandlerManager: local thread match [7f0000011753785862227313007183|p_7183_77ef6f7@1|p_7839_34e4a55@11|com.oplus.metis]
07-29 06:45:03.604  7839  9282 E metis_v2_JenaHandlerManager: local thread match [7f0000011753785862227313007183|p_7183_77ef6f7@1|p_7839_34e4a55@11|com.oplus.metis]
07-29 06:45:03.604  7839  9282 E metis_v2_JenaHandlerManager: local thread match [7f0000011753785862227313007183|p_7183_77ef6f7@1|p_7839_34e4a55@11|com.oplus.metis]
07-29 06:45:03.604  7839  9178 I ContextAware_SortAlgorithmManager.SceneUtil: SortAlgorithmManager.SceneReorderProcessor sceneId 210000000 status 2 intentList size 1 isHome false IntentId: 13151001 policyName DYNAMIC_SUBSTITUTE isFocus false serviceId null type 0 deleteKeynull
07-29 06:45:03.604  7839  9178 I ContextAware_SortAlgorithmManager.SceneUtil:  sceneId 220500200 status 1 intentList size 1 isHome false IntentId: 14111005 policyName SUBSTITUTE_SCENE isFocus false serviceId  type 0 deleteKeynull
07-29 06:45:03.604  7839  9178 I ContextAware_SortAlgorithmManager.SceneUtil:  sceneId 240000000 status 2 intentList size 3 isHome false IntentId: 14111004 policyName CLEAN_UP_STORAGE_SUBSTITUTE isFocus false serviceId null type 0 deleteKeynull IntentId: 18111007 policyName CLEAN_UP_SUBSTITUTE isFocus false serviceId null type 0 deleteKeynull IntentId: 18111008 policyName CLEAN_UP_PLUS_SUBSTITUTE isFocus false serviceId null type 0 deleteKeynull
07-29 06:45:03.604  7839  9282 E metis_v2_JenaHandlerManager: local thread match [7f0000011753785862227313007183|p_7183_77ef6f7@1|p_7839_34e4a55@11|com.oplus.metis]
07-29 06:45:03.604  7839  9282 E metis_v2_JenaHandlerManager: local thread match [7f0000011753785862227313007183|p_7183_77ef6f7@1|p_7839_34e4a55@11|com.oplus.metis]
07-29 06:45:03.604  7839  9282 E metis_v2_JenaHandlerManager: local thread match [7f0000011753785862227313007183|p_7183_77ef6f7@1|p_7839_34e4a55@11|com.oplus.metis]
07-29 06:45:03.604  7839  9282 E metis_v2_JenaHandlerManager: local thread match [7f0000011753785862227313007183|p_7183_77ef6f7@1|p_7839_34e4a55@11|com.oplus.metis]
07-29 06:45:03.604  7839  9282 E metis_v2_JenaHandlerManager: local thread match [7f0000011753785862227313007183|p_7183_77ef6f7@1|p_7839_34e4a55@11|com.oplus.metis]
07-29 06:45:03.604  7839  9282 E metis_v2_JenaHandlerManager: local thread match [7f0000011753785862227313007183|p_7183_77ef6f7@1|p_7839_34e4a55@11|com.oplus.metis]
07-29 06:45:03.604  7839  9282 E metis_v2_JenaHandlerManager: local thread match [7f0000011753785862227313007183|p_7183_77ef6f7@1|p_7839_34e4a55@11|com.oplus.metis]
07-29 06:45:03.604  7839  9282 E metis_v2_JenaHandlerManager: local thread match [7f0000011753785862227313007183|p_7183_77ef6f7@1|p_7839_34e4a55@11|com.oplus.metis]
07-29 06:45:03.604  7839  9282 E metis_v2_JenaHandlerManager: local thread match [7f0000011753785862227313007183|p_7183_77ef6f7@1|p_7839_34e4a55@11|com.oplus.metis]
07-29 06:45:03.604  7839  9282 E metis_v2_JenaHandlerManager: local thread match [7f0000011753785862227313007183|p_7183_77ef6f7@1|p_7839_34e4a55@11|com.oplus.metis]
07-29 06:45:03.604  7839  9282 E metis_v2_JenaHandlerManager: local thread match [7f0000011753785862227313007183|p_7183_77ef6f7@1|p_7839_34e4a55@11|com.oplus.metis]
07-29 06:45:03.604  7412 10260 I AstScreen.NetDataRepository: jsonIntent:[]
07-29 06:45:03.604  7839  9282 E metis_v2_JenaHandlerManager: local thread match [7f0000011753785862227313007183|p_7183_77ef6f7@1|p_7839_34e4a55@11|com.oplus.metis]
07-29 06:45:03.604  7839  9282 E metis_v2_JenaHandlerManager: local thread match [7f0000011753785862227313007183|p_7183_77ef6f7@1|p_7839_34e4a55@11|com.oplus.metis]
07-29 06:45:03.604  7839  9282 E metis_v2_JenaHandlerManager: local thread match [7f0000011753785862227313007183|p_7183_77ef6f7@1|p_7839_34e4a55@11|com.oplus.metis]
07-29 06:45:03.604  7839  9282 E metis_v2_JenaHandlerManager: local thread match [7f0000011753785862227313007183|p_7183_77ef6f7@1|p_7839_34e4a55@11|com.oplus.metis]
07-29 06:45:03.604  7839  9282 E metis_v2_JenaHandlerManager: local thread match [7f0000011753785862227313007183|p_7183_77ef6f7@1|p_7839_34e4a55@11|com.oplus.metis]
07-29 06:45:03.604  7839  9282 E metis_v2_JenaHandlerManager: local thread match [7f0000011753785862227313007183|p_7183_77ef6f7@1|p_7839_34e4a55@11|com.oplus.metis]
07-29 06:45:03.604  7839  9282 E metis_v2_JenaHandlerManager: local thread match [7f0000011753785862227313007183|p_7183_77ef6f7@1|p_7839_34e4a55@11|com.oplus.metis]
07-29 06:45:03.604  7839  9282 E metis_v2_JenaHandlerManager: local thread match [7f0000011753785862227313007183|p_7183_77ef6f7@1|p_7839_34e4a55@11|com.oplus.metis]
07-29 06:45:03.604  7839  9282 E metis_v2_JenaHandlerManager: local thread match [7f0000011753785862227313007183|p_7183_77ef6f7@1|p_7839_34e4a55@11|com.oplus.metis]
07-29 06:45:03.604  7839  9282 E metis_v2_JenaHandlerManager: local thread match [7f0000011753785862227313007183|p_7183_77ef6f7@1|p_7839_34e4a55@11|com.oplus.metis]
07-29 06:45:03.604  7839  9282 E metis_v2_JenaHandlerManager: local thread match [7f0000011753785862227313007183|p_7183_77ef6f7@1|p_7839_34e4a55@11|com.oplus.metis]
07-29 06:45:03.604  7839  9282 E metis_v2_JenaHandlerManager: local thread match [7f0000011753785862227313007183|p_7183_77ef6f7@1|p_7839_34e4a55@11|com.oplus.metis]
07-29 06:45:03.604  7839  9282 E metis_v2_JenaHandlerManager: local thread match [7f0000011753785862227313007183|p_7183_77ef6f7@1|p_7839_34e4a55@11|com.oplus.metis]
07-29 06:45:03.604  7839  9282 E metis_v2_JenaHandlerManager: local thread match [7f0000011753785862227313007183|p_7183_77ef6f7@1|p_7839_34e4a55@11|com.oplus.metis]
07-29 06:45:03.604  7839  9282 E metis_v2_JenaHandlerManager: local thread match [7f0000011753785862227313007183|p_7183_77ef6f7@1|p_7839_34e4a55@11|com.oplus.metis]
07-29 06:45:03.604  7839  9282 E metis_v2_JenaHandlerManager: local thread match [7f0000011753785862227313007183|p_7183_77ef6f7@1|p_7839_34e4a55@11|com.oplus.metis]
07-29 06:45:03.604  7839  9282 E metis_v2_JenaHandlerManager: local thread match [7f0000011753785862227313007183|p_7183_77ef6f7@1|p_7839_34e4a55@11|com.oplus.metis]
07-29 06:45:03.604  7839  9282 E metis_v2_JenaHandlerManager: local thread match [7f0000011753785862227313007183|p_7183_77ef6f7@1|p_7839_34e4a55@11|com.oplus.metis]
07-29 06:45:03.604  7839  9282 E metis_v2_JenaHandlerManager: local thread match [7f0000011753785862227313007183|p_7183_77ef6f7@1|p_7839_34e4a55@11|com.oplus.metis]
07-29 06:45:03.604  7839  9282 E metis_v2_JenaHandlerManager: local thread match [7f0000011753785862227313007183|p_7183_77ef6f7@1|p_7839_34e4a55@11|com.oplus.metis]
07-29 06:45:03.604  7839  9282 E metis_v2_JenaHandlerManager: local thread match [7f0000011753785862227313007183|p_7183_77ef6f7@1|p_7839_34e4a55@11|com.oplus.metis]
07-29 06:45:03.604  7839  9282 E metis_v2_JenaHandlerManager: local thread match [7f0000011753785862227313007183|p_7183_77ef6f7@1|p_7839_34e4a55@11|com.oplus.metis]
07-29 06:45:03.604  7839  9282 E metis_v2_JenaHandlerManager: local thread match [7f0000011753785862227313007183|p_7183_77ef6f7@1|p_7839_34e4a55@11|com.oplus.metis]
07-29 06:45:03.604  7839  9282 E metis_v2_JenaHandlerManager: local thread match [7f0000011753785862227313007183|p_7183_77ef6f7@1|p_7839_34e4a55@11|com.oplus.metis]
07-29 06:45:03.604  7839  9282 E metis_v2_JenaHandlerManager: local thread match [7f0000011753785862227313007183|p_7183_77ef6f7@1|p_7839_34e4a55@11|com.oplus.metis]
07-29 06:45:03.604  7839  9282 E metis_v2_JenaHandlerManager: local thread match [7f0000011753785862227313007183|p_7183_77ef6f7@1|p_7839_34e4a55@11|com.oplus.metis]
07-29 06:45:03.604  7839  9282 E metis_v2_JenaHandlerManager: local thread match [7f0000011753785862227313007183|p_7183_77ef6f7@1|p_7839_34e4a55@11|com.oplus.metis]
07-29 06:45:03.604  7839  9282 E metis_v2_JenaHandlerManager: local thread match [7f0000011753785862227313007183|p_7183_77ef6f7@1|p_7839_34e4a55@11|com.oplus.metis]
07-29 06:45:03.604  7839  9282 E metis_v2_JenaHandlerManager: local thread match [7f0000011753785862227313007183|p_7183_77ef6f7@1|p_7839_34e4a55@11|com.oplus.metis]
07-29 06:45:03.604  7839  9282 E metis_v2_JenaHandlerManager: local thread match [7f0000011753785862227313007183|p_7183_77ef6f7@1|p_7839_34e4a55@11|com.oplus.metis]
07-29 06:45:03.604  7839  9282 E metis_v2_JenaHandlerManager: local thread match [7f0000011753785862227313007183|p_7183_77ef6f7@1|p_7839_34e4a55@11|com.oplus.metis]
07-29 06:45:03.604  7839  9282 E metis_v2_JenaHandlerManager: local thread match [7f0000011753785862227313007183|p_7183_77ef6f7@1|p_7839_34e4a55@11|com.oplus.metis]
07-29 06:45:03.604  7839  9282 E metis_v2_JenaHandlerManager: local thread match [7f0000011753785862227313007183|p_7183_77ef6f7@1|p_7839_34e4a55@11|com.oplus.metis]
07-29 06:45:03.604  7839 10128 I ContextAware_DailyStatisticsRecorder: Increase context change count: PROCESSOR_SCENE_COMBINATION_cnt, value: 1
07-29 06:45:03.604  7839  9282 E metis_v2_JenaHandlerManager: local thread match [7f0000011753785862227313007183|p_7183_77ef6f7@1|p_7839_34e4a55@11|com.oplus.metis]
07-29 06:45:03.604  7839  9282 E metis_v2_JenaHandlerManager: local thread match [7f0000011753785862227313007183|p_7183_77ef6f7@1|p_7839_34e4a55@11|com.oplus.metis]
07-29 06:45:03.604  7839  9282 E metis_v2_JenaHandlerManager: local thread match [7f0000011753785862227313007183|p_7183_77ef6f7@1|p_7839_34e4a55@11|com.oplus.metis]
07-29 06:45:03.605  7839  9282 E metis_v2_JenaHandlerManager: local thread match [7f0000011753785862227313007183|p_7183_77ef6f7@1|p_7839_34e4a55@11|com.oplus.metis]
07-29 06:45:03.605  7839  9282 E metis_v2_JenaHandlerManager: local thread match [7f0000011753785862227313007183|p_7183_77ef6f7@1|p_7839_34e4a55@11|com.oplus.metis]
07-29 06:45:03.605  7839  9282 E metis_v2_JenaHandlerManager: local thread match [7f0000011753785862227313007183|p_7183_77ef6f7@1|p_7839_34e4a55@11|com.oplus.metis]
07-29 06:45:03.605  7839  9282 E metis_v2_JenaHandlerManager: local thread match [7f0000011753785862227313007183|p_7183_77ef6f7@1|p_7839_34e4a55@11|com.oplus.metis]
07-29 06:45:03.605  7839  9282 E metis_v2_JenaHandlerManager: local thread match [7f0000011753785862227313007183|p_7183_77ef6f7@1|p_7839_34e4a55@11|com.oplus.metis]
07-29 06:45:03.605  7839  9282 E metis_v2_JenaHandlerManager: local thread match [7f0000011753785862227313007183|p_7183_77ef6f7@1|p_7839_34e4a55@11|com.oplus.metis]
07-29 06:45:03.605  7839 10128 I ContextAware_DailyStatisticsRecorder: Increase context change count: PROCESSOR_SCENE_COMBINATION_ms, value: 2
07-29 06:45:03.605  7839  9282 E metis_v2_JenaHandlerManager: local thread match [7f0000011753785862227313007183|p_7183_77ef6f7@1|p_7839_34e4a55@11|com.oplus.metis]
07-29 06:45:03.605  7839  9282 E metis_v2_JenaHandlerManager: local thread match [7f0000011753785862227313007183|p_7183_77ef6f7@1|p_7839_34e4a55@11|com.oplus.metis]
07-29 06:45:03.605  7839  9282 E metis_v2_JenaHandlerManager: local thread match [7f0000011753785862227313007183|p_7183_77ef6f7@1|p_7839_34e4a55@11|com.oplus.metis]
07-29 06:45:03.605  7839  9282 E metis_v2_JenaHandlerManager: local thread match [7f0000011753785862227313007183|p_7183_77ef6f7@1|p_7839_34e4a55@11|com.oplus.metis]
07-29 06:45:03.605  7839  9282 E metis_v2_JenaHandlerManager: local thread match [7f0000011753785862227313007183|p_7183_77ef6f7@1|p_7839_34e4a55@11|com.oplus.metis]
07-29 06:45:03.605  7839  9282 E metis_v2_JenaHandlerManager: local thread match [7f0000011753785862227313007183|p_7183_77ef6f7@1|p_7839_34e4a55@11|com.oplus.metis]
07-29 06:45:03.605  7839  9282 E metis_v2_JenaHandlerManager: local thread match [7f0000011753785862227313007183|p_7183_77ef6f7@1|p_7839_34e4a55@11|com.oplus.metis]
07-29 06:45:03.605  7839  9282 E metis_v2_JenaHandlerManager: local thread match [7f0000011753785862227313007183|p_7183_77ef6f7@1|p_7839_34e4a55@11|com.oplus.metis]
07-29 06:45:03.605  7839  9282 E metis_v2_JenaHandlerManager: local thread match [7f0000011753785862227313007183|p_7183_77ef6f7@1|p_7839_34e4a55@11|com.oplus.metis]
07-29 06:45:03.605  7839  9282 E metis_v2_JenaHandlerManager: local thread match [7f0000011753785862227313007183|p_7183_77ef6f7@1|p_7839_34e4a55@11|com.oplus.metis]
07-29 06:45:03.605  7839  9282 E metis_v2_JenaHandlerManager: local thread match [7f0000011753785862227313007183|p_7183_77ef6f7@1|p_7839_34e4a55@11|com.oplus.metis]
07-29 06:45:03.614  5274  5615 W [0]DCS  : Common Record event failed. DCS reject event: [appId=107501,logTag=10750101,eventId=metis_scene] . Pls check server config.
07-29 06:45:03.784  2015  2015 D SensorFeature: name=ssc_screenshot_info ,index = 22
07-29 06:45:03.784  2015  2015 D SensorFeature: write 29 bytes:59985038256,60336534298,167,0
07-29 06:45:03.890  3370  3681 W UserAwareMgr: event can not be released, id: 3020, count: 2, releasePid: 4854
07-29 06:45:03.971  2024  2058 D BatteryChargeControl: bcc get no support from charging protocol
07-29 06:45:04.003  1884  4480 I sensors-hal: handle_oplus_wise_rgb_event:189, high_pwm_light:lux 264.3,cct 3631.7,brl/algo/ir 1437.0/2.0/17.7,pwm/dc 0.0/0.0,rgbc 20429.724609/12893.544922/5932.204102/37959.898438,ts 60317871453,cnt 850,flag 167
07-29 06:45:04.004  3370  4405 D FusionLightNextGen: process end reported = 1, mode: 0, lux 480.8, cct -1.0, r/g/b/c: 20429.7/12893.5/5932.2/37959.9, R/G/B: 132.0/125.0/124.0, bri 1437.0, match 1.00, ir 0.017531, conf 0.0, ts 60326137443
07-29 06:45:04.004  1943  4473 I Dpps    : LtmSwState::SetParameter():144 ignore cmd 7 in state LtmOffState
07-29 06:45:04.012  3370  3819 D VRR [OPlusSAManager]: updateAutoMinfps with nits: 110.846344, mHistOK true, mAmbientOK true, mCctOK true, mIrOK true, mBrightnessOK true, isPkgOK true, SA min fps: 119
07-29 06:45:04.012  3370  3819 D VRR [OPlusSurfaceFlingerController]: setAutoMode enable: false fakeFrame: false fps: 119
07-29 06:45:04.012  2181  2371 I VRR-[OPlusAdfrUtil]: ADFR try set Auto mode with mode 0 fakeframe 0 min fps 119
07-29 06:45:04.012  2181  2371 D VRR-[OPlusRefreshRateSelector]: OSyncModes add size is 1.
07-29 06:45:04.012  2181  2371 I VRR-[OPlusRefreshRateSelector]: updateAutoMode success, display 0, mode 0, fakeframe 0, min fps: 1
07-29 06:45:04.012  2181  3485 D VRR-[OPlusRefreshRateSelector]: handleSetHWCOSync
07-29 06:45:04.012  2181  3485 D VRR-[OPlusRefreshRateSelector]: OSyncModes remaining size is 0.
07-29 06:45:04.012  2181  3485 D VRR-[OPlusRefreshRateSelector]: SetHWCOSync with 5CC08081
07-29 06:45:04.012  1943  6292 I SDM     : DisplayBuiltIn::SetQSyncMode: VRR + update qsync mode 0 minfps 00C08081
07-29 06:45:04.029  1943  2219 E SDM     : DRMConnector::Perform: Connector 67: Setting Qsync min fps 12615809
07-29 06:45:04.085  2015  2015 D SensorFeature: name=ssc_screenshot_info ,index = 22
07-29 06:45:04.086  2015  2015 D SensorFeature: write 29 bytes:59985038256,60638270235,168,0
07-29 06:45:04.090  2024  7541 D charge_time: write 4642s(01:17:22) to ttf, rc=6
07-29 06:45:04.090  2024  7541 D charge_time: type=sdp,reserve_soc=2,soc=87,ui_soc=90,current=180,avg=180,not_chg_cnt=0,stable_cnt=7,fcc=5724,fcc_ratio=94,delta=45,debug=0,region=12,ttf=5975(01:39:35),ui_ttf=4642(01:17:22)
07-29 06:45:04.100  1943  2219 I SDM     : DisplayBase::CommitThread: Received idle timeout, panel: cmd, timeout: 70000 us
07-29 06:45:04.269  1943  4473 I Dpps    : LtmSwState::SetParameter():144 ignore cmd 7 in state LtmOffState
07-29 06:45:04.387  2015  2015 D SensorFeature: name=ssc_screenshot_info ,index = 22
07-29 06:45:04.388  2015  2015 D SensorFeature: write 29 bytes:59985038256,60939782891,169,0
07-29 06:45:04.397  4854  4854 I SystemUi--QuickSettings: TemporarilyInfoManager-->[animateHide] com.oplus.systemui.qs.base.temporarilyinfo.TemporarilyInfoManager$createViewToParent$1{8ed5c87 VFED..C.. ........ 0,0-1080,228 #7f0a0cb6 app:id/temporarily_info_view alpha=1.0 viewInfo = } start
07-29 06:45:04.534  1884  4480 I sensors-hal: handle_oplus_wise_rgb_event:189, high_pwm_light:lux 265.1,cct 3648.2,brl/algo/ir 1437.0/2.0/17.3,pwm/dc 0.0/0.0,rgbc 20396.443359/12888.942383/5924.509766/37949.867188,ts 60906935828,cnt 860,flag 169
07-29 06:45:04.535  1943  4473 I Dpps    : LtmSwState::SetParameter():144 ignore cmd 7 in state LtmOffState
07-29 06:45:04.606  7839 11971 W LOG_FLOWCTRL: ==LOGS OVER PROC QUOTA(300), rows(23) bytes(2831) com.oplus.metis DROPPED==
07-29 06:45:04.606  7839 11971 I LogCacheHelper: cache log scheduled task [base|com.oplus.metis|1.5.5-f48228a]
07-29 06:45:04.607  7839 11971 E metis_v2_JenaHandlerManager_cache: 2025-07-29 06:45:03.605000		9282		local thread match
07-29 06:45:04.607  7839 11971 E metis_v2_JenaHandlerManager_cache: 2025-07-29 06:45:03.605000		9282		local thread match
07-29 06:45:04.607  7839 11971 E metis_v2_JenaHandlerManager_cache: 2025-07-29 06:45:03.605000		9282		local thread match
07-29 06:45:04.607  7839 11971 E metis_v2_JenaHandlerManager_cache: 2025-07-29 06:45:03.605000		9282		local thread match
07-29 06:45:04.607  7839 11971 E metis_v2_JenaHandlerManager_cache: 2025-07-29 06:45:03.605000		9282		local thread match
07-29 06:45:04.607  7839 11971 E metis_v2_JenaHandlerManager_cache: 2025-07-29 06:45:03.605000		9282		local thread match
07-29 06:45:04.607  7839 11971 E metis_v2_JenaHandlerManager_cache: 2025-07-29 06:45:03.605000		9282		local thread match
07-29 06:45:04.607  7839 11971 E metis_v2_JenaHandlerManager_cache: 2025-07-29 06:45:03.605000		9282		local thread match
07-29 06:45:04.607  7839 11971 E metis_v2_JenaHandlerManager_cache: 2025-07-29 06:45:03.605000		9282		local thread match
07-29 06:45:04.607  7839 11971 E metis_v2_JenaHandlerManager_cache: 2025-07-29 06:45:03.605000		9282		local thread match
07-29 06:45:04.607  7839 11971 E metis_v2_JenaHandlerManager_cache: 2025-07-29 06:45:03.605000		9282		local thread match
07-29 06:45:04.608  7839 11971 E metis_v2_JenaHandlerManager_cache: 2025-07-29 06:45:03.605000		9282		local thread match
07-29 06:45:04.608  7839 11971 E metis_v2_JenaHandlerManager_cache: 2025-07-29 06:45:03.605000		9282		local thread match
07-29 06:45:04.608  7839 11971 E metis_v2_JenaHandlerManager_cache: 2025-07-29 06:45:03.605000		9282		local thread match
07-29 06:45:04.608  7839 11971 E metis_v2_JenaHandlerManager_cache: 2025-07-29 06:45:03.605000		9282		local thread match
07-29 06:45:04.608  7839 11971 E metis_v2_JenaHandlerManager_cache: 2025-07-29 06:45:03.605000		9282		local thread match
07-29 06:45:04.608  7839 11971 E metis_v2_JenaHandlerManager_cache: 2025-07-29 06:45:03.605000		9282		local thread match
07-29 06:45:04.608  7839 11971 E metis_v2_JenaHandlerManager_cache: 2025-07-29 06:45:03.605000		9282		local thread match
07-29 06:45:04.608  7839 11971 E metis_v2_JenaHandlerManager_cache: 2025-07-29 06:45:03.605000		9282		local thread match
07-29 06:45:04.608  7839 11971 E metis_v2_JenaHandlerManager_cache: 2025-07-29 06:45:03.605000		9282		local thread match
07-29 06:45:04.608  7839 11971 E metis_v2_JenaHandlerManager_cache: 2025-07-29 06:45:03.605000		9282		local thread match
07-29 06:45:04.608  7839 11971 E metis_v2_JenaHandlerManager_cache: 2025-07-29 06:45:03.605000		9282		local thread match
07-29 06:45:04.608  7839 11971 E metis_v2_JenaHandlerManager_cache: 2025-07-29 06:45:03.605000		9282		local thread match
07-29 06:45:04.609  7839 11971 E metis_v2_JenaHandlerManager_cache: 2025-07-29 06:45:03.605000		9282		local thread match
07-29 06:45:04.609  7839 11971 E metis_v2_JenaHandlerManager_cache: 2025-07-29 06:45:03.605000		9282		local thread match
07-29 06:45:04.609  7839 11971 E metis_v2_JenaHandlerManager_cache: 2025-07-29 06:45:03.605000		9282		local thread match
07-29 06:45:04.609  7839 11971 E metis_v2_JenaHandlerManager_cache: 2025-07-29 06:45:03.605000		9282		local thread match
07-29 06:45:04.609  7839 11971 E metis_v2_JenaHandlerManager_cache: 2025-07-29 06:45:03.605000		9282		local thread match
07-29 06:45:04.609  7839 11971 E metis_v2_JenaHandlerManager_cache: 2025-07-29 06:45:03.605000		9282		local thread match
07-29 06:45:04.609  7839 11971 E metis_v2_JenaHandlerManager_cache: 2025-07-29 06:45:03.605000		9282		local thread match
07-29 06:45:04.609  7839 11971 E metis_v2_JenaHandlerManager_cache: 2025-07-29 06:45:03.605000		9282		local thread match
07-29 06:45:04.609  7839 11971 E metis_v2_JenaHandlerManager_cache: 2025-07-29 06:45:03.605000		9282		local thread match
07-29 06:45:04.609  7839 11971 E metis_v2_JenaHandlerManager_cache: 2025-07-29 06:45:03.605000		9282		local thread match
07-29 06:45:04.609  7839 11971 E metis_v2_JenaHandlerManager_cache: 2025-07-29 06:45:03.605000		9282		local thread match
07-29 06:45:04.609  7839 11971 E metis_v2_JenaHandlerManager_cache: 2025-07-29 06:45:03.605000		9282		local thread match
07-29 06:45:04.609  7839 11971 E metis_v2_JenaHandlerManager_cache: 2025-07-29 06:45:03.605000		9282		local thread match
07-29 06:45:04.609  7839 11971 E metis_v2_JenaHandlerManager_cache: 2025-07-29 06:45:03.605000		9282		local thread match
07-29 06:45:04.609  7839 11971 E metis_v2_JenaHandlerManager_cache: 2025-07-29 06:45:03.605000		9282		local thread match
07-29 06:45:04.609  7839 11971 E metis_v2_JenaHandlerManager_cache: 2025-07-29 06:45:03.605000		9282		local thread match
07-29 06:45:04.609  7839 11971 W metis_v2_DeepThinkerLabelClient_cache: 2025-07-29 06:45:03.608000		9284		getUserProfileLabel null
07-29 06:45:04.609  7839 11971 I ContextAware_SortAlgorithmManager.SceneUtil_cache: 2025-07-29 06:45:03.608000		9178		SortAlgorithmManager.SceneDeduplicationProcessor sceneId 210000000 status 2 intentList size 1 isHome false IntentId: 13151001 policyName DYNAMIC_SUBSTITUTE isFocus false serviceId null type 0 deleteKeynull
07-29 06:45:04.609  7839 11971 I ContextAware_SortAlgorithmManager.SceneUtil_cache:  sceneId 220500200 status 1 intentList size 1 isHome false IntentId: 14111005 policyName SUBSTITUTE_SCENE isFocus false serviceId  type 0 deleteKeynull
07-29 06:45:04.609  7839 11971 I ContextAware_SortAlgorithmManager.SceneUtil_cache:  sceneId 240000000 status 2 intentList size 3 isHome false IntentId: 14111004 policyName CLEAN_UP_STORAGE_SUBSTITUTE isFocus false serviceId null type 0 deleteKeynull IntentId: 18111007 policyName CLEAN_UP_SUBSTITUTE isFocus false serviceId null type 0 deleteKeynull IntentId: 18111008 policyName CLEAN_UP_PLUS_SUBSTITUTE isFocus false serviceId null type 0 deleteKeynull
07-29 06:45:04.609  7839 11971 I ContextAware_DailyStatisticsRecorder_cache: 2025-07-29 06:45:03.608000		9674		Increase context change count: PROCESSOR_SCENE_REORDER_cnt, value: 1
07-29 06:45:04.609  7839 11971 I ContextAware_SortAlgorithmManager.DecisionAlgorithmManager_cache: 2025-07-29 06:45:03.609000		9178		getDecisionAlgorithm: dt_sort
07-29 06:45:04.609  7839 11971 I ContextAware_DailyStatisticsRecorder_cache: 2025-07-29 06:45:03.609000		9674		Increase context change count: PROCESSOR_SCENE_REORDER_ms, value: 4
07-29 06:45:04.609  7839 11971 I ContextAware_DailyStatisticsRecorder_cache: 2025-07-29 06:45:03.609000		9939		Increase context change count: PROCESSOR_SCENE_DEDUPLICATION_cnt, value: 1
07-29 06:45:04.609  7839 11971 I ContextAware_SortAlgorithmManager.DtSort_cache: 2025-07-29 06:45:03.609000		10302		onDecisionAfterRerank, inner algorithm is: internal_dt_sort
07-29 06:45:04.609  7839 11971 I ContextAware_DailyStatisticsRecorder_cache: 2025-07-29 06:45:03.609000		9939		Increase context change count: PROCESSOR_SCENE_DEDUPLICATION_ms, value: 1
07-29 06:45:04.609  7839 11971 I ContextAware_SortAlgorithmManager.DtIntentDataManager_cache: 2025-07-29 06:45:03.609000		10303		getDtIntentList: dtIntents = []
07-29 06:45:04.609  7839 11971 E ContextAware_SortAlgorithmManager.DtInternalSortImpl_cache: 2025-07-29 06:45:03.609000		10303		targetDtList is invalid
07-29 06:45:04.609  7839 11971 I ContextAware_SortAlgorithmManager.SceneIntentReorderProcessor_cache: 2025-07-29 06:45:03.610000		9178		ruleReordering onDecisionAfterRerank, mIntentList:size: 5 13151001 14111005 14111004 18111007 18111008
07-29 06:45:04.609  7839 11971 W ContextAware_IntentSwitchManager_cache: 2025-07-29 06:45:03.610000		9178		subSwitchMap don't contain application_suggestions, set the switch to true as default
07-29 06:45:04.609  7839 11971 I ContextAware_IntentSwitchManager_cache: 2025-07-29 06:45:03.610000		9178		getSubSwitchStatus = {application_suggestions=true}
07-29 06:45:04.609  7839 11971 I ContextAware_SortAlgorithmManager.ReorderProcessor.RuleReRanker_cache: 2025-07-29 06:45:03.610000		9178		sceneIntentRerank sceneFinalScoreMap:{scene rerank, use defaultScore, finalScore:13151001DYNAMIC_SUBSTITUTE=3.12}
