device
--------- beginning of main
07-28 19:05:37.564  6590  6615 W System  : A resource failed to call AbstractCursor.close. 
07-28 19:05:37.564  6590  6615 W System  : A resource failed to call AbstractCursor.close. 
07-28 19:05:37.564  6590  6615 W System  : A resource failed to call AbstractCursor.close. 
07-28 19:05:37.564  6590  6615 W System  : A resource failed to call AbstractCursor.close. 
07-28 19:05:37.565  6590  6615 W System  : A resource failed to call AbstractCursor.close. 
07-28 19:05:37.565  6590  6615 W System  : A resource failed to call AbstractCursor.close. 
07-28 19:05:37.565  6590  6615 W System  : A resource failed to call AbstractCursor.close. 
07-28 19:05:37.565  6590  6615 W System  : A resource failed to call AbstractCursor.close. 
07-28 19:05:37.631  1957  1957 D SensorFeature: name=ssc_screenshot_info ,index = 22
07-28 19:05:37.631  1957  1957 D SensorFeature: write 29 bytes:48836184146,51001649145,136,0
07-28 19:05:37.748  1852  4425 I sensors-hal: handle_oplus_wise_rgb_event:189, high_pwm_light:lux 167.1,cct 3527.8,brl/algo/ir 1331.0/2.0/24.8,pwm/dc 0.0/0.0,rgbc 13271.306641/8834.746094/3754.798828/24705.888672,ts 50961759733,cnt 710,flag 136
07-28 19:05:37.749  1896  4416 I Dpps    : LtmSwState::SetParameter():144 ignore cmd 7 in state LtmOffState
--------- beginning of system
07-28 19:05:37.879  3393  4370 V AlarmManager: sending alarm Alarm{dd69ec5 type 2 origWhen 51250 whenElapsed 51250 android} uid 1000 whenElapsed 51250 windowLength 0 maxWhenElapsed 51250 repeatInterval 0 action null component null tag $android.alarm.generated:1000:51250 flags 0x9 procName system_server
07-28 19:05:37.884  3393  3653 D LocationManagerService: network provider removed registration from 10154/com.coloros.assistantscreen/7E6BA542
07-28 19:05:37.922  3393  5345 D CompatChangeReporter: Compat change id reported: 297989574; UID 1000; state: ENABLED
07-28 19:05:37.925  5189  5189 D SubsysEventListenerManager-SubsysTelephonyCallback[0]: onCellInfoChanged
07-28 19:05:37.933  1957  1957 D SensorFeature: name=ssc_screenshot_info ,index = 22
07-28 19:05:37.933  1957  1957 D SensorFeature: write 29 bytes:48836184146,51304244666,137,0
07-28 19:05:38.008  3393  3768 D VRR [OPlusGameStatusManager]: handleMessage: 7004
07-28 19:05:38.008  3393  3768 D VRR [OPlusGameStatusManager]: handleBrightnessDone
07-28 19:05:38.011  3393  4361 D FusionLightNextGen: process end reported = 1, mode: 0, lux 310.5, cct -1.0, r/g/b/c: 13266.5/8834.7/3758.7/24688.0, R/G/B: 106.0/100.0/99.0, bri 1331.0, match 1.00, ir 0.025300, conf 0.0, ts 51285109056
07-28 19:05:38.013  1896  4416 I Dpps    : LtmSwState::SetParameter():144 ignore cmd 7 in state LtmOffState
07-28 19:05:38.085  1987  7372 D charge_time: type=sdp,reserve_soc=2,soc=55,ui_soc=57,current=120,avg=120,not_chg_cnt=0,stable_cnt=7,fcc=5724,fcc_ratio=94,delta=36,debug=0,region=15,ttf=35205(09:46:45),ui_ttf=17612(04:53:32)
07-28 19:05:38.096  3393  4625 E OplusNetworkStackManager: initService mNetworkStackService is null, try again in 10s
07-28 19:05:38.239  1957  1957 D SensorFeature: name=ssc_screenshot_info ,index = 22
07-28 19:05:38.239  1957  1957 D SensorFeature: write 29 bytes:48836184146,51609462270,138,0
07-28 19:05:38.278  1852  4425 I sensors-hal: handle_oplus_wise_rgb_event:189, high_pwm_light:lux 167.1,cct 3528.7,brl/algo/ir 1331.0/2.0/25.0,pwm/dc 0.0/0.0,rgbc 13309.961914/8823.038086/3758.736816/24705.888672,ts 51575546452,cnt 720,flag 138
07-28 19:05:38.280  1896  4416 I Dpps    : LtmSwState::SetParameter():144 ignore cmd 7 in state LtmOffState
07-28 19:05:38.326  8131  8876 E DeepThinker: GeneralConfigManager:handelGeneralRequest, fail: , java.net.UnknownHostException: Unable to resolve host "odin-distrib-cn.allawntech.com": No address associated with hostname
07-28 19:05:38.326  8131  8876 E DeepThinker: java.net.Inet6AddressImpl.lookupHostByName(Inet6AddressImpl.java:156)
07-28 19:05:38.326  8131  8876 E DeepThinker: java.net.Inet6AddressImpl.lookupAllHostAddr(Inet6AddressImpl.java:103)
07-28 19:05:38.326  8131  8876 E DeepThinker: java.net.InetAddress.getAllByName(InetAddress.java:1152)
07-28 19:05:38.326  8131  8876 E DeepThinker: okhttp3.p$a$a.a(Dns.kt:6)
07-28 19:05:38.326  8131  8876 E DeepThinker: okhttp3.internal.connection.h.e(RouteSelector.kt:157)
07-28 19:05:38.326  8131  8876 E DeepThinker: okhttp3.internal.connection.h.d(RouteSelector.kt:21)
07-28 19:05:38.326  8131  8876 E DeepThinker: okhttp3.internal.connection.h.c(RouteSelector.kt:18)
07-28 19:05:38.326  8131  8876 E DeepThinker: okhttp3.internal.connection.d.b(ExchangeFinder.kt:197)
07-28 19:05:38.326  8131  8876 E DeepThinker: okhttp3.internal.connection.d.c(ExchangeFinder.kt:1)
07-28 19:05:38.326  8131  8876 E DeepThinker: okhttp3.internal.connection.d.a(ExchangeFinder.kt:52)
07-28 19:05:38.326  8131  8876 E DeepThinker: okhttp3.internal.connection.e.v(RealCall.kt:32)
07-28 19:05:38.326  8131  8876 E DeepThinker: okhttp3.internal.connection.a.a(ConnectInterceptor.kt:12)
07-28 19:05:38.326  8131  8876 E DeepThinker: hh.g.b(RealInterceptorChain.kt:163)
07-28 19:05:38.326  8131  8876 E DeepThinker: fh.a.a(CacheInterceptor.kt:150)
07-28 19:05:38.326  8131  8876 E DeepThinker: hh.g.b(RealInterceptorChain.kt:163)
07-28 19:05:38.326  8131  8876 E DeepThinker: hh.a.a(BridgeInterceptor.kt:168)
07-28 19:05:38.326  8131  8876 E DeepThinker: hh.g.b(RealInterceptorChain.kt:163)
07-28 19:05:38.326  8131  8876 E DeepThinker: hh.j.a(RetryAndFollowUpInterceptor.kt:35)
07-28 19:05:38.326  8131  8876 E DeepThinker: hh.g.b(RealInterceptorChain.kt:163)
07-28 19:05:38.326  8131  8876 E DeepThinker: okhttp3.internal.connection.e.u(RealCall.kt:113)
07-28 19:05:38.326  8131  8876 E DeepThinker: okhttp3.internal.connection.e.execute(RealCall.kt:28)
07-28 19:05:38.326  8131  8876 E DeepThinker: db.a.b(GeneralConfigManager.kt:19)
07-28 19:05:38.326  8131  8876 E DeepThinker: db.a.d(GeneralConfigManager.kt:176)
07-28 19:05:38.326  8131  8876 E DeepThinker: db.a.a(GeneralConfigManager.kt:22)
07-28 19:05:38.326  8131  8876 E DeepThinker: com.oplus.deepthinker.pcshare.core.businesslabel.LabelManager.getTotalGeneralConfig(LabelManager.kt:6)
07-28 19:05:38.326  8131  8876 E DeepThinker: com.oplus.deepthinker.ability.ai.userprofile.deviceinstantlabel.DeviceInstantLabelEntry.d(DeviceInstantLabelEntry.kt:13)
07-28 19:05:38.326  8131  8876 E DeepThinker: com.oplus.deepthinker.ability.ai.userprofile.deviceinstantlabel.DeviceInstantLabelEntry.b(DeviceInstantLabelEntry.kt:1)
07-28 19:05:38.326  8131  8876 E DeepThinker: com.oplus.deepthinker.ability.ai.userprofile.deviceinstantlabel.DeviceInstantLabelEntry$b.b(DeviceInstantLabelEntry.kt:85)
07-28 19:05:38.326  8131  8876 E DeepThinker: com.oplus.deepthinker.ability.ai.userprofile.deviceinstantlabel.DeviceInstantLabelEntry$b.a(DeviceInstantLabelEntry.kt:3)
07-28 19:05:38.326  8131  8876 E DeepThinker: com.oplus.deepthinker.internal.api.utils.StaticHandler.onHandleMessage(StaticHandler.kt:15)
07-28 19:05:38.326  8131  8876 E DeepThinker: com.oplus.deepthinker.internal.api.work.NamedHandler.handleMessage(NamedHandler.kt:8)
07-28 19:05:38.326  8131  8876 E DeepThinker: android.os.Handler.dispatchMessage(Handler.java:112)
07-28 19:05:38.326  8131  8876 E DeepThinker: com.oplus.deepthinker.internal.api.work.NamedHandler.dispatchMessage(NamedHandler.kt:8)
07-28 19:05:38.326  8131  8876 E DeepThinker: android.os.Looper.loopOnce(Looper.java:288)
07-28 19:05:38.326  8131  8876 E DeepThinker: android.os.Looper.loop(Looper.java:393)
07-28 19:05:38.326  8131  8876 E DeepThinker: android.os.HandlerThread.run(HandlerThread.java:85)
07-28 19:05:38.328  8131  8876 E DeepThinker: GeneralConfigManager: updateAttributeGeneratorConfigMap, configFile don't exist
07-28 19:05:38.341  1806  1806 D healthd : system healthd: battery l=57 v=3931 t=33.7 h=2 st=2 c=-146 fc=5920000 cc=19 chg=u
07-28 19:05:38.344  1788  1791 E Diag-Router: diag: glinkpkt_open: failed to create control node for slate_adsp
07-28 19:05:38.344  1788  1790 E Diag-Router: diag: glinkpkt_open: failed to create control node for slate_apps
07-28 19:05:38.344  1788  1790 E Diag-Router: diag: diag_glinkpkt_open_thread: Glinkpkt_open failed for perif: 12 with err: -1, retry_cnt: 8
07-28 19:05:38.344  1788  1791 E Diag-Router: diag: diag_glinkpkt_open_thread: Glinkpkt_open failed for perif: 13 with err: -1, retry_cnt: 8
07-28 19:05:38.362  3393  3675 D OomAdjuster: Not killing cached processes
07-28 19:05:38.378  1987  1987 D vendor.oplus.hardware.charger-V7-service: get_ui_charge_icon_type 0 0 0 0 0
07-28 19:05:38.378  1987  1987 D vendor.oplus.hardware.charger-V7-service: oplus_chg_get_cpa_power 2500 charge_online 1 retention_topic 0
07-28 19:05:38.378  1987  1987 D vendor.oplus.hardware.charger-V7-service: oplus_chg_get_cpa_power 2500 charge_online 1 retention_topic 0
07-28 19:05:38.378  1987  1987 D vendor.oplus.hardware.charger-V7-service: getIsSingleHyperSupport=2, cpa_power=2
07-28 19:05:38.400  3393  4793 I Osense-BaseDecisionMaker: notifySceneToAthenaPolicy: SCENE_IDLE_RECOVER, bundle: Bundle[{scene=SCENE_IDLE_RECOVER}]
07-28 19:05:38.402  3393  4793 I Osense-BaseDecisionMaker: scene: SCENE_IDLE_RECOVER, excutingPolicy: respreload
07-28 19:05:38.402  3393  4793 D Osense-BaseDecisionMaker: invoke process preload policy
07-28 19:05:38.402  3393  4793 I Osense-BaseDecisionMaker: scene: SCENE_IDLE_RECOVER, excutingPolicy: clear
07-28 19:05:38.402  3393  4793 D Osense-BaseDecisionMaker: invoke clear policy,type: unforbid
07-28 19:05:38.402  3393  4793 I OsenseKillAction: KillAction: unhandled request: id=7, enable=true, scene=SCENE_IDLE_RECOVER, type=unforbid, cchOnly=false, appcare=0
07-28 19:05:38.429  1987  2017 D BatteryChargeControl: bcc get no support from charging protocol
07-28 19:05:38.543  1957  1957 D SensorFeature: name=ssc_screenshot_info ,index = 22
07-28 19:05:38.543  1957  1957 D SensorFeature: write 29 bytes:48836184146,51913335238,139,0
07-28 19:05:38.548  1987  2004 D vendor.oplus.hardware.charger-V7-service: s_chg_user_mode: 3
07-28 19:05:38.548  1987  2004 D vendor.oplus.hardware.charger-V7-service: scale_chg Start!!!
07-28 19:05:38.548  1987  2004 D vendor.oplus.hardware.charger-V7-service: [0, 0, 3]
07-28 19:05:38.548  1987  2004 D vendor.oplus.hardware.charger-V7-service: [0, 2, 9]
07-28 19:05:38.548  1987  2004 D vendor.oplus.hardware.charger-V7-service: [0, 1, 3]
07-28 19:05:38.548  1987  2004 D vendor.oplus.hardware.charger-V7-service: [0, 3, 3]
07-28 19:05:38.548  1987  2004 D vendor.oplus.hardware.charger-V7-service: [0, 4, 3]
07-28 19:05:38.548  1987  2004 D vendor.oplus.hardware.charger-V7-service: [0, 5, 5]
07-28 19:05:38.548  1987  2004 D vendor.oplus.hardware.charger-V7-service: [0, 6, 9]
07-28 19:05:38.548  1987  2004 D vendor.oplus.hardware.charger-V7-service: scale_chg Start!!!
07-28 19:05:38.549  1896  4416 I Dpps    : LtmSwState::SetParameter():144 ignore cmd 7 in state LtmOffState
07-28 19:05:38.549  1987  2004 D vendor.oplus.hardware.charger-V7-service: [0, 0, 3]
07-28 19:05:38.549  1987  2004 D vendor.oplus.hardware.charger-V7-service: [0, 2, 10]
07-28 19:05:38.549  1987  2004 D vendor.oplus.hardware.charger-V7-service: [0, 1, 3]
07-28 19:05:38.549  1987  2004 D vendor.oplus.hardware.charger-V7-service: [0, 3, 3]
07-28 19:05:38.549  1987  2004 D vendor.oplus.hardware.charger-V7-service: [0, 4, 3]
07-28 19:05:38.549  1987  2004 D vendor.oplus.hardware.charger-V7-service: [0, 5, 3]
07-28 19:05:38.549  1987  2004 D vendor.oplus.hardware.charger-V7-service: [0, 6, 10]
07-28 19:05:38.554  1987  2016 D vendor.oplus.hardware.charger-V7-service: ret_value:111, read content:,337,365,3931,3928,-146,55,57,1,1,0,494,4647,56,1,4475,300,500,0,7,-22,7,0,1,0,2,0,0,0,1,6098,99,0,0,0,0,0,0,0
07-28 19:05:38.554  1987  2016 D vendor.oplus.hardware.charger-V7-service: gmtime: 2025-07-28-19-05-38
07-28 19:05:38.554  1987  2016 D vendor.oplus.hardware.charger-V7-service: usb_online:1, ac_online:-2147483648, wireless_online:0
07-28 19:05:38.845  1957  1957 D SensorFeature: name=ssc_screenshot_info ,index = 22
07-28 19:05:38.845  1957  1957 D SensorFeature: write 29 bytes:48836184146,52216120290,140,0
07-28 19:05:38.847  1852  4425 I sensors-hal: handle_oplus_wise_rgb_event:189, high_pwm_light:lux 167.3,cct 3526.8,brl/algo/ir 1331.0/2.0/24.4,pwm/dc 0.0/0.0,rgbc 13242.311523/8841.770508/3758.736816/24667.509766,ts 52131617233,cnt 730,flag 140
07-28 19:05:38.848  1896  4416 I Dpps    : LtmSwState::SetParameter():144 ignore cmd 7 in state LtmOffState
07-28 19:05:39.074  1896  4416 I Dpps    : LtmSwState::SetParameter():144 ignore cmd 7 in state LtmOffState
07-28 19:05:39.086  1987  7372 D charge_time: type=sdp,reserve_soc=2,soc=55,ui_soc=57,current=146,avg=125,not_chg_cnt=0,stable_cnt=7,fcc=5724,fcc_ratio=94,delta=37,debug=0,region=15,ttf=33796(09:23:16),ui_ttf=17611(04:53:31)
07-28 19:05:39.147  1957  1957 D SensorFeature: name=ssc_screenshot_info ,index = 22
07-28 19:05:39.147  1957  1957 D SensorFeature: write 29 bytes:48836184146,52517818207,141,0
07-28 19:05:39.339  1852  4425 I sensors-hal: handle_oplus_wise_rgb_event:189, high_pwm_light:lux 166.8,cct 3523.5,brl/algo/ir 1331.0/2.0/25.4,pwm/dc 0.0/0.0,rgbc 13268.888672/8837.086914/3764.643555/24675.185547,ts 52481325411,cnt 740,flag 141
07-28 19:05:39.340  1896  4416 I Dpps    : LtmSwState::SetParameter():144 ignore cmd 7 in state LtmOffState
07-28 19:05:39.365  3393  3760 D OplusFeatureHDREnhanceBrightness: notifySfForceUpdate, mFlinger is null 
07-28 19:05:39.367  3393  3760 D OplusFeatureHDREnhanceBrightness: checkIsPlayingHDR isPlayingHDR=0 rotation=0 whiteApp=false battery=57
07-28 19:05:39.433  1987  2017 D BatteryChargeControl: bcc get no support from charging protocol
07-28 19:05:39.450  1957  1957 D SensorFeature: name=ssc_screenshot_info ,index = 22
07-28 19:05:39.451  1957  1957 D SensorFeature: write 29 bytes:48836184146,52820500759,142,0
07-28 19:05:39.609  1896  4416 I Dpps    : LtmSwState::SetParameter():144 ignore cmd 7 in state LtmOffState
07-28 19:05:39.713  5189  5977 E OplusNetworkStackManager: initService mNetworkStackService is null, try again in 10s
07-28 19:05:39.753  1957  1957 D SensorFeature: name=ssc_screenshot_info ,index = 22
07-28 19:05:39.753  1957  1957 D SensorFeature: write 29 bytes:48836184146,53123706853,143,0
07-28 19:05:39.870  1852  4425 I sensors-hal: handle_oplus_wise_rgb_event:189, high_pwm_light:lux 166.5,cct 3514.9,brl/algo/ir 1331.0/2.0/25.8,pwm/dc 0.0/0.0,rgbc 13290.632812/8783.231445/3758.736816/24685.419922,ts 53086905306,cnt 750,flag 143
07-28 19:05:39.871  1896  4416 I Dpps    : LtmSwState::SetParameter():144 ignore cmd 7 in state LtmOffState
07-28 19:05:40.061  1957  1957 D SensorFeature: name=ssc_screenshot_info ,index = 22
07-28 19:05:40.061  1957  1957 D SensorFeature: write 29 bytes:48836184146,53431283780,144,0
07-28 19:05:40.087  1987  7372 D charge_time: type=sdp,reserve_soc=2,soc=55,ui_soc=57,current=146,avg=130,not_chg_cnt=0,stable_cnt=7,fcc=5724,fcc_ratio=94,delta=38,debug=0,region=15,ttf=32493(09:01:33),ui_ttf=17610(04:53:30)
07-28 19:05:40.137  1896  4416 I Dpps    : LtmSwState::SetParameter():144 ignore cmd 7 in state LtmOffState
07-28 19:05:40.234  4936  6218 E OplusNetworkStackManager: initService mNetworkStackService is null, try again in 10s
07-28 19:05:40.365  1957  1957 D SensorFeature: name=ssc_screenshot_info ,index = 22
07-28 19:05:40.365  1957  1957 D SensorFeature: write 29 bytes:48836184146,53734969404,145,0
07-28 19:05:40.404  1852  4425 I sensors-hal: handle_oplus_wise_rgb_event:189, high_pwm_light:lux 167.2,cct 3531.3,brl/algo/ir 1331.0/2.0/24.9,pwm/dc 0.0/0.0,rgbc 13293.048828/8825.378906/3762.674561/24664.951172,ts 53700757286,cnt 760,flag 145
07-28 19:05:40.406  1896  4416 I Dpps    : LtmSwState::SetParameter():144 ignore cmd 7 in state LtmOffState
07-28 19:05:40.433  1987  2017 D BatteryChargeControl: bcc get no support from charging protocol
07-28 19:05:40.458  6552  6597 E oiface  : sched_setaffinity failed
07-28 19:05:40.459  1987  1987 D vendor.oplus.hardware.charger-V7-service: getChargerControl:
07-28 19:05:40.476  1960  1985 E PerformanceService: storage_feature: open /sys/devices/platform/soc/112b0000.ufshci//virtualtlcbuff fail
07-28 19:05:40.480  3393  5312 W BestClock: java.time.DateTimeException: Missing network time fix
07-28 19:05:40.480  3393  5312 W BestClock: java.time.DateTimeException: Missing network time fix
07-28 19:05:40.481  3393  5312 W BestClock: java.time.DateTimeException: Missing network time fix
07-28 19:05:40.578 13026 13160 D ProfileInstaller: Installing profile for com.oplus.linker
07-28 19:05:40.672  1957  1957 D SensorFeature: name=ssc_screenshot_info ,index = 22
07-28 19:05:40.673  1957  1957 D SensorFeature: write 29 bytes:48836184146,54041596175,146,0
07-28 19:05:40.677  3393  4361 D FusionLightNextGen: process end reported = 1, mode: 0, lux 307.9, cct -1.0, r/g/b/c: 13278.6/8806.6/3768.6/24644.5, R/G/B: 106.0/100.0/99.0, bri 1331.0, match 1.00, ir 0.026204, conf 0.0, ts 54007701244
07-28 19:05:40.678  1896  4416 I Dpps    : LtmSwState::SetParameter():144 ignore cmd 7 in state LtmOffState
07-28 19:05:40.979  1957  1957 D SensorFeature: name=ssc_screenshot_info ,index = 22
07-28 19:05:40.979  1957  1957 D SensorFeature: write 29 bytes:48836184146,54348607477,147,0
07-28 19:05:40.982  1852  4425 I sensors-hal: handle_oplus_wise_rgb_event:189, high_pwm_light:lux 167.1,cct 3520.1,brl/algo/ir 1331.0/2.0/24.8,pwm/dc 0.0/0.0,rgbc 13273.720703/8827.721680/3760.705811/24695.654297,ts 54256698796,cnt 770,flag 147
07-28 19:05:40.983  1896  4416 I Dpps    : LtmSwState::SetParameter():144 ignore cmd 7 in state LtmOffState
07-28 19:05:41.036  3393  3671 D Theia.TransparentWindow: handleMessage CHECK_TRANS_WINDOW_ERROR_MSG
07-28 19:05:41.089  1987  7372 D charge_time: type=sdp,reserve_soc=2,soc=55,ui_soc=57,current=146,avg=135,not_chg_cnt=0,stable_cnt=7,fcc=5724,fcc_ratio=94,delta=39,debug=0,region=15,ttf=31288(08:41:28),ui_ttf=17609(04:53:29)
07-28 19:05:41.200  1896  4416 I Dpps    : LtmSwState::SetParameter():144 ignore cmd 7 in state LtmOffState
07-28 19:05:41.205  4995  5860 W h       : networkLogger fail！
07-28 19:05:41.205  4995  5860 D Acc-OplusLinkBoostCommon: notifyThermalBroadCast level = 5 temp = 36,lastTemp: 37 ,th: 44
07-28 19:05:41.205  5189  5189 D RFPowerBoostManager: my thermal listener proxy invoke method:notifyThermalBroadCast args len:2
07-28 19:05:41.206  5189  5189 D RFPowerBoostManager: current temp is 36, mInCalling is false, current threshold is 41
07-28 19:05:41.206  6515  6558 E horae   : Horae service notifyComponentHeat caught exception -2
07-28 19:05:41.206  6515  6558 E horae   : Horae service notifyComponentHeat caught exception -2
07-28 19:05:41.282  1957  1957 D SensorFeature: name=ssc_screenshot_info ,index = 22
07-28 19:05:41.282  1957  1957 D SensorFeature: write 29 bytes:48836184146,54652246852,148,0
07-28 19:05:41.435  1987  2017 D BatteryChargeControl: bcc get no support from charging protocol
07-28 19:05:41.465  1852  4425 I sensors-hal: handle_oplus_wise_rgb_event:189, high_pwm_light:lux 166.8,cct 3520.3,brl/algo/ir 1331.0/2.0/25.1,pwm/dc 0.0/0.0,rgbc 13317.208984/8818.354492/3758.736816/24723.798828,ts 54614829525,cnt 780,flag 148
07-28 19:05:41.466  1896  4416 I Dpps    : LtmSwState::SetParameter():144 ignore cmd 7 in state LtmOffState
07-28 19:05:41.585  1957  1957 D SensorFeature: name=ssc_screenshot_info ,index = 22
07-28 19:05:41.586  1957  1957 D SensorFeature: write 29 bytes:48836184146,54955455237,149,0
07-28 19:05:41.733  1896  4416 I Dpps    : LtmSwState::SetParameter():144 ignore cmd 7 in state LtmOffState
07-28 19:05:41.889  1957  1957 D SensorFeature: name=ssc_screenshot_info ,index = 22
07-28 19:05:41.889  1957  1957 D SensorFeature: write 29 bytes:48836184146,55258958987,150,0
07-28 19:05:41.889  1852  1930 I sensors-hal: get_display_brightness:818, light_iface: set screenshot_info [48836184146,55258958987,150,0]
07-28 19:05:42.001  1852  4425 I sensors-hal: handle_oplus_wise_rgb_event:189, high_pwm_light:lux 167.0,cct 3522.5,brl/algo/ir 1331.0/2.0/25.1,pwm/dc 0.0/0.0,rgbc 13259.224609/8830.062500/3764.643555/24644.482422,ts 55220436921,cnt 790,flag 150
07-28 19:05:42.002  1896  4416 I Dpps    : LtmSwState::SetParameter():144 ignore cmd 7 in state LtmOffState
07-28 19:05:42.091  1987  7372 D charge_time: write 17608s(04:53:28) to ttf, rc=7
07-28 19:05:42.091  1987  7372 D charge_time: type=sdp,reserve_soc=2,soc=55,ui_soc=57,current=146,avg=140,not_chg_cnt=0,stable_cnt=7,fcc=5724,fcc_ratio=94,delta=40,debug=0,region=15,ttf=30168(08:22:48),ui_ttf=17608(04:53:28)
07-28 19:05:42.185  3393  5034 I OplusHansManager : uid=10157, pkg=com.baidu.input_oppo cannot transition from R to M, importance=input
07-28 19:05:42.192  1957  1957 D SensorFeature: name=ssc_screenshot_info ,index = 22
07-28 19:05:42.192  1957  1957 D SensorFeature: write 29 bytes:48836184146,55562726800,151,0
07-28 19:05:42.263  1896  4416 I Dpps    : LtmSwState::SetParameter():144 ignore cmd 7 in state LtmOffState
07-28 19:05:42.373  6942  7791 E OplusNetworkStackManager: initService mNetworkStackService is null, try again in 10s
07-28 19:05:42.438  1987  2017 D BatteryChargeControl: bcc get no support from charging protocol
07-28 19:05:42.498  1957  1957 D SensorFeature: name=ssc_screenshot_info ,index = 22
07-28 19:05:42.498  1957  1957 D SensorFeature: write 29 bytes:48836184146,55868205706,152,0
07-28 19:05:42.529  1852  4425 I sensors-hal: handle_oplus_wise_rgb_event:189, high_pwm_light:lux 167.8,cct 3527.1,brl/algo/ir 1331.0/2.0/23.7,pwm/dc 0.0/0.0,rgbc 13300.297852/8844.113281/3776.457275/24726.357422,ts 55834074733,cnt 800,flag 152
07-28 19:05:42.531  1896  4416 I Dpps    : LtmSwState::SetParameter():144 ignore cmd 7 in state LtmOffState
07-28 19:05:42.805  1957  1957 D SensorFeature: name=ssc_screenshot_info ,index = 22
07-28 19:05:42.805  1957  1957 D SensorFeature: write 29 bytes:48836184146,56175113987,153,0
07-28 19:05:42.810  1896  4416 I Dpps    : LtmSwState::SetParameter():144 ignore cmd 7 in state LtmOffState
07-28 19:05:43.057  1852  4425 I sensors-hal: handle_oplus_wise_rgb_event:189, high_pwm_light:lux 167.0,cct 3521.3,brl/algo/ir 1331.0/2.0/25.4,pwm/dc 0.0/0.0,rgbc 13300.297852/8837.086914/3758.736816/24687.978516,ts 56183657494,cnt 810,flag 153
07-28 19:05:43.058  1896  4416 I Dpps    : LtmSwState::SetParameter():144 ignore cmd 7 in state LtmOffState
07-28 19:05:43.085 12491 12500 W System  : A resource failed to call close. 
07-28 19:05:43.085 12491 12500 W System  : A resource failed to call close. 
07-28 19:05:43.092  1987  7372 D charge_time: type=sdp,reserve_soc=2,soc=55,ui_soc=57,current=146,avg=146,not_chg_cnt=0,stable_cnt=7,fcc=5724,fcc_ratio=94,delta=41,debug=0,region=15,ttf=28926(08:02:06),ui_ttf=17607(04:53:27)
07-28 19:05:43.108  1957  1957 D SensorFeature: name=ssc_screenshot_info ,index = 22
07-28 19:05:43.108  1957  1957 D SensorFeature: write 29 bytes:48836184146,56478847685,154,0
07-28 19:05:43.327  3393  4361 D FusionLightNextGen: process end reported = 1, mode: 0, lux 311.6, cct -1.0, r/g/b/c: 13281.0/8832.4/3760.7/24726.4, R/G/B: 106.0/100.0/99.0, bri 1331.0, match 1.00, ir 0.024702, conf 0.0, ts 56466013379
07-28 19:05:43.327  1896  4416 I Dpps    : LtmSwState::SetParameter():144 ignore cmd 7 in state LtmOffState
07-28 19:05:43.345  1788  1791 E Diag-Router: diag: glinkpkt_open: failed to create control node for slate_adsp
07-28 19:05:43.345  1788  1791 E Diag-Router: diag: diag_glinkpkt_open_thread: Glinkpkt_open failed for perif: 13 with err: -1, retry_cnt: 9
07-28 19:05:43.345  1788  1790 E Diag-Router: diag: glinkpkt_open: failed to create control node for slate_apps
07-28 19:05:43.345  1788  1790 E Diag-Router: diag: diag_glinkpkt_open_thread: Glinkpkt_open failed for perif: 12 with err: -1, retry_cnt: 9
07-28 19:05:43.415  1957  1957 D SensorFeature: name=ssc_screenshot_info ,index = 22
07-28 19:05:43.415  1957  1957 D SensorFeature: write 29 bytes:48836184146,56784729143,155,0
07-28 19:05:43.439  1987  2017 D BatteryChargeControl: bcc get no support from charging protocol
07-28 19:05:43.457  1806  1806 D healthd : system healthd: battery l=57 v=3933 t=33.7 h=2 st=2 c=-191 fc=5920000 cc=19 chg=u
07-28 19:05:43.498  1987  1987 D vendor.oplus.hardware.charger-V7-service: get_ui_charge_icon_type 0 0 0 0 0
07-28 19:05:43.499  1987  1987 D vendor.oplus.hardware.charger-V7-service: oplus_chg_get_cpa_power 2500 charge_online 1 retention_topic 0
07-28 19:05:43.499  1987  1987 D vendor.oplus.hardware.charger-V7-service: oplus_chg_get_cpa_power 2500 charge_online 1 retention_topic 0
07-28 19:05:43.499  1987  1987 D vendor.oplus.hardware.charger-V7-service: getIsSingleHyperSupport=2, cpa_power=2
07-28 19:05:43.552  1987  2004 D vendor.oplus.hardware.charger-V7-service: s_chg_user_mode: 3
07-28 19:05:43.552  1987  2004 D vendor.oplus.hardware.charger-V7-service: scale_chg Start!!!
07-28 19:05:43.553  1987  2004 D vendor.oplus.hardware.charger-V7-service: [0, 0, 3]
07-28 19:05:43.553  1987  2004 D vendor.oplus.hardware.charger-V7-service: [0, 2, 9]
07-28 19:05:43.553  1987  2004 D vendor.oplus.hardware.charger-V7-service: [0, 1, 3]
07-28 19:05:43.553  1987  2004 D vendor.oplus.hardware.charger-V7-service: [0, 3, 3]
07-28 19:05:43.553  1987  2004 D vendor.oplus.hardware.charger-V7-service: [0, 4, 3]
07-28 19:05:43.554  1987  2004 D vendor.oplus.hardware.charger-V7-service: [0, 5, 5]
07-28 19:05:43.554  1987  2004 D vendor.oplus.hardware.charger-V7-service: [0, 6, 9]
07-28 19:05:43.554  1987  2004 D vendor.oplus.hardware.charger-V7-service: scale_chg Start!!!
07-28 19:05:43.554  1987  2004 D vendor.oplus.hardware.charger-V7-service: [0, 0, 3]
07-28 19:05:43.554  1987  2004 D vendor.oplus.hardware.charger-V7-service: [0, 2, 10]
07-28 19:05:43.554  1987  2004 D vendor.oplus.hardware.charger-V7-service: [0, 1, 3]
07-28 19:05:43.554  1987  2004 D vendor.oplus.hardware.charger-V7-service: [0, 3, 3]
07-28 19:05:43.554  1987  2016 D vendor.oplus.hardware.charger-V7-service: ret_value:111, read content:,337,360,3933,3931,-191,55,57,1,1,0,491,4638,56,1,4475,300,500,0,7,-22,7,0,1,0,2,0,0,0,1,6098,99,0,0,0,0,0,0,0
07-28 19:05:43.554  1987  2004 D vendor.oplus.hardware.charger-V7-service: [0, 4, 3]
07-28 19:05:43.555  1987  2004 D vendor.oplus.hardware.charger-V7-service: [0, 5, 3]
07-28 19:05:43.555  1987  2016 D vendor.oplus.hardware.charger-V7-service: gmtime: 2025-07-28-19-05-43
07-28 19:05:43.555  1987  2004 D vendor.oplus.hardware.charger-V7-service: [0, 6, 10]
07-28 19:05:43.555  1987  2016 D vendor.oplus.hardware.charger-V7-service: usb_online:1, ac_online:-2147483648, wireless_online:0
07-28 19:05:43.589  1852  4425 I sensors-hal: handle_oplus_wise_rgb_event:189, high_pwm_light:lux 166.7,cct 3514.0,brl/algo/ir 1331.0/2.0/25.9,pwm/dc 0.0/0.0,rgbc 13259.224609/8853.478516/3766.612549/24700.771484,ts 56748130046,cnt 820,flag 155
07-28 19:05:43.590  1896  4416 I Dpps    : LtmSwState::SetParameter():144 ignore cmd 7 in state LtmOffState
07-28 19:05:43.718  1957  1957 D SensorFeature: name=ssc_screenshot_info ,index = 22
07-28 19:05:43.718  1957  1957 D SensorFeature: write 29 bytes:48836184146,57089435445,156,0
07-28 19:05:43.855  1896  4416 I Dpps    : LtmSwState::SetParameter():144 ignore cmd 7 in state LtmOffState
07-28 19:05:44.025  1957  1957 D SensorFeature: name=ssc_screenshot_info ,index = 22
07-28 19:05:44.025  1957  1957 D SensorFeature: write 29 bytes:48836184146,57394467528,157,0
07-28 19:05:44.096  1987  7372 D charge_time: type=sdp,reserve_soc=2,soc=55,ui_soc=57,current=191,avg=155,not_chg_cnt=0,stable_cnt=7,fcc=5724,fcc_ratio=94,delta=42,debug=0,region=15,ttf=27243(07:34:03),ui_ttf=17606(04:53:26)
07-28 19:05:44.123  1852  4425 I sensors-hal: handle_oplus_wise_rgb_event:189, high_pwm_light:lux 167.7,cct 3521.5,brl/algo/ir 1331.0/2.0/23.9,pwm/dc 0.0/0.0,rgbc 13254.391602/8837.086914/3760.705811/24703.328125,ts 57353678744,cnt 830,flag 157
07-28 19:05:44.125  1896  4416 I Dpps    : LtmSwState::SetParameter():144 ignore cmd 7 in state LtmOffState
07-28 19:05:44.333  1957  1957 D SensorFeature: name=ssc_screenshot_info ,index = 22
07-28 19:05:44.333  1957  1957 D SensorFeature: write 29 bytes:48836184146,57702820757,158,0
07-28 19:05:44.387  1896  4416 I Dpps    : LtmSwState::SetParameter():144 ignore cmd 7 in state LtmOffState
07-28 19:05:44.442  1987  2017 D BatteryChargeControl: bcc get no support from charging protocol
07-28 19:05:44.457  3393  4370 V AlarmManager: sending alarm Alarm{df04872 type 3 origWhen 39078 whenElapsed 39078 android} uid 1000 whenElapsed 39078 windowLength 18750 maxWhenElapsed 57828 repeatInterval 0 action null component null tag WifiHealthMonitor Schedule Post-Boot Detection Timer flags 0x8 procName system_server
07-28 19:05:44.640  1957  1957 D SensorFeature: name=ssc_screenshot_info ,index = 22
07-28 19:05:44.640  1957  1957 D SensorFeature: write 29 bytes:48836184146,58009615965,159,0
07-28 19:05:44.652  1852  4425 I sensors-hal: handle_oplus_wise_rgb_event:189, high_pwm_light:lux 166.9,cct 3513.6,brl/algo/ir 1331.0/2.0/24.9,pwm/dc 0.0/0.0,rgbc 13285.800781/8818.354492/3760.705811/24693.095703,ts 57975983119,cnt 840,flag 159
07-28 19:05:44.654  1896  4416 I Dpps    : LtmSwState::SetParameter():144 ignore cmd 7 in state LtmOffState
07-28 19:05:44.948  1957  1957 D SensorFeature: name=ssc_screenshot_info ,index = 22
07-28 19:05:44.948  1957  1957 D SensorFeature: write 29 bytes:48836184146,58317919507,160,0
07-28 19:05:44.953  1896  4416 I Dpps    : LtmSwState::SetParameter():144 ignore cmd 7 in state LtmOffState
07-28 19:05:45.099  1987  7372 D charge_time: type=sdp,reserve_soc=2,soc=55,ui_soc=57,current=191,avg=164,not_chg_cnt=0,stable_cnt=7,fcc=5724,fcc_ratio=94,delta=43,debug=0,region=15,ttf=25746(07:09:06),ui_ttf=17605(04:53:25)
07-28 19:05:45.183  1852  4425 I sensors-hal: handle_oplus_wise_rgb_event:189, high_pwm_light:lux 167.4,cct 3535.8,brl/algo/ir 1331.0/2.0/24.2,pwm/dc 0.0/0.0,rgbc 13271.306641/8841.770508/3748.891846/24685.419922,ts 58309127754,cnt 850,flag 160
07-28 19:05:45.184  1896  4416 I Dpps    : LtmSwState::SetParameter():144 ignore cmd 7 in state LtmOffState
07-28 19:05:45.251  1957  1957 D SensorFeature: name=ssc_screenshot_info ,index = 22
07-28 19:05:45.251  1957  1957 D SensorFeature: write 29 bytes:48836184146,58621021746,161,0
07-28 19:05:45.443  1987  2017 D BatteryChargeControl: bcc get no support from charging protocol
07-28 19:05:45.450  1896  4416 I Dpps    : LtmSwState::SetParameter():144 ignore cmd 7 in state LtmOffState
07-28 19:05:45.459  6552  6597 E oiface  : sched_setaffinity failed
07-28 19:05:45.460  1987  1987 D vendor.oplus.hardware.charger-V7-service: getChargerControl:
07-28 19:05:45.476  1960  1985 E PerformanceService: storage_feature: open /sys/devices/platform/soc/112b0000.ufshci//virtualtlcbuff fail
07-28 19:05:45.483  3393  5345 W BestClock: java.time.DateTimeException: Missing network time fix
07-28 19:05:45.483  3393  5345 W BestClock: java.time.DateTimeException: Missing network time fix
07-28 19:05:45.483  3393  4180 W BestClock: java.time.DateTimeException: Missing network time fix
07-28 19:05:45.553  1957  1957 D SensorFeature: name=ssc_screenshot_info ,index = 22
07-28 19:05:45.553  1957  1957 D SensorFeature: write 29 bytes:48836184146,58924556694,162,0
07-28 19:05:45.715  1852  4425 I sensors-hal: handle_oplus_wise_rgb_event:189, high_pwm_light:lux 167.2,cct 3522.5,brl/algo/ir 1331.0/2.0/24.7,pwm/dc 0.0/0.0,rgbc 13312.377930/8848.795898/3780.395264/24672.626953,ts 58890028900,cnt 860,flag 162
07-28 19:05:45.717  1896  4416 I Dpps    : LtmSwState::SetParameter():144 ignore cmd 7 in state LtmOffState
07-28 19:05:45.844  3393  5345 I InputDispatcher: injectInputEvent: targetUid=<not set>, syncMode=WAIT_FOR_FINISHED, timeout=30000ms, policyFlags=0x8000000, event=MotionEvent { action=DOWN, id[0]=0, x[0]=900, y[0]=30, eventTime=59216000000, downTime=59216000000, deviceId=4, source=TOUCHSCREEN, displayId=0, eventId=0xfe6b2266}
07-28 19:05:45.845  2165  3331 D VRR [OTI]: handleIdle from 1 to 0
07-28 19:05:45.845  2165  3331 D VRR [OTI-HW]: isStateReady 0
07-28 19:05:45.845  2165  3331 D VRR [OTI-HW]: restore sys rate.
07-28 19:05:45.845  3393  4813 I [UAH_CLIENT]: UahEventAcquire, cmdid:37, pkg:none, identity:OplusUAwareInputHelper
07-28 19:05:45.845  2165  3331 D VRR [RefreshRateDirector]: requestRefreshRateByOti update [ oti-hw, {fps=120, modePtr={id=4, vsyncRate=120.00 Hz, peakRefreshRate=120.00 Hz}} ]
07-28 19:05:45.845  2165  3331 D VRR [RefreshRateDirector]: selectBestFrameRate DirectorMapOti [oti-hw, {fps=120, modePtr={id=4, vsyncRate=120.00 Hz, peakRefreshRate=120.00 Hz}}]
07-28 19:05:45.845  2165  3331 D VRR [RefreshRateDirector]: updateBestFrameRate [oti-hw, {fps=120, modePtr={id=4, vsyncRate=120.00 Hz, peakRefreshRate=120.00 Hz}}]
07-28 19:05:45.845  2165  3331 D SurfaceFlinger: VRR [SurfaceFlinger] setDesiredActiveMode: displayId: 4630946756802996883, renderRate: 120, vsyncRate: 120, event: 1
07-28 19:05:45.845  2165  3331 D DisplayModeController: setDesiredMode 4630946756802996883 {mode={fps=120.00 Hz, modePtr={id=4, vsyncRate=120.00 Hz, peakRefreshRate=120.00 Hz}}, emitEvent=true, force=false}
07-28 19:05:45.846  3393  4813 D UAH-UahAdaptHelper: adaptSetNotification identity = OplusUAwareInputHelpersrc = 1000 , type 0 ,p1 = -1 ,p2 = -1 ,p3 = -1 ,p4 =
07-28 19:05:45.846  3393  4813 I [UAH_CLIENT]: uahRuleCtl, ruleId:1000, status:0
07-28 19:05:45.846  3393  4616 D OMP_Detector: D:done mCurrStatus: 0
07-28 19:05:45.846  3393  3757 D PowerManagerService: userActivityNoUpdateLocked: groupId=0, eventTime=59216, event=touch, flags=0x0, uid=1000
07-28 19:05:45.847  4854  4854 V AutofillManager: requestHideFillUi(null): anchor = null
07-28 19:05:45.847  4854  4854 V Application: getAutofillClient(): null on super, trying to find activity thread
07-28 19:05:45.847  4854  4854 V Application: getAutofillClient(): none of the 0 activities on com.android.systemui.SystemUIApplication@85be762 are top resumed nor have focus
07-28 19:05:45.847  4854  4854 V AutofillManager: No AutofillClient for com.android.systemui on context com.android.systemui.SystemUIApplication@85be762
07-28 19:05:45.847  4854  4854 I PluginSeedling--Capsule: CapsuleTouchEventHandler-->onInterceptTouchEvent interceptEvent: false
07-28 19:05:45.848  3393  3674 W UserAwareMgr: can not find match thread: GaussianBlur for process com.android.systemui
07-28 19:05:45.849  4854  5411 I [UAH_CLIENT]: UahEventAcquire, cmdid:97, pkg:none, identity:OsenseHelperImpl
07-28 19:05:45.849  4854  4854 I SystemUi--Common: ScrollTranslationValue-->resetPanelTranslationY
07-28 19:05:45.849  4854  4854 I SystemUi--QuickSettings: OplusPanelViewPagerController-->initExpanded downExpanded=NONE downOnRight=true targetPage=NOTIFICATION downOnYHotArea=true  isKeyguardShowing=false isOnKeyguard=false fractionListeners.size=0 currentQsFraction=0.0 currentNotifyFraction=0.0 hasCalledDownEvent=true getScrollXHotZone=([Rect(0, 0 - 1080, 2376)], [Rect(-1, -1 - -1, -1), Rect(157, 1999 - 283, 2125), Rect(823, 1999 - 949, 2125)]) getScrollYHotZone=Rect(0, 0 - 1080, 66) notifyExpandedFraction=0.0 isLastUpToExpand=false qsPanelView.translationX=0.0
07-28 19:05:45.849  4854  4854 I SystemUi--QuickSettings: OplusPanelViewPagerController-->shouldOpenQS  set targetPage=QS
07-28 19:05:45.849  4854  4854 I SystemUi--Common: ScrollTranslationValue-->resetPanelTranslationY
07-28 19:05:45.849  4854  4854 I SystemUi--QuickSettings: OplusPanelViewPagerController-->initExpanded downExpanded=NONE downOnRight=true targetPage=QS downOnYHotArea=true  isKeyguardShowing=false isOnKeyguard=false fractionListeners.size=0 currentQsFraction=0.0 currentNotifyFraction=0.0 hasCalledDownEvent=true getScrollXHotZone=([Rect(0, 0 - 1080, 2376)], [Rect(-1, -1 - -1, -1), Rect(157, 1999 - 283, 2125), Rect(823, 1999 - 949, 2125)]) getScrollYHotZone=Rect(0, 0 - 1080, 66) notifyExpandedFraction=0.0 isLastUpToExpand=false qsPanelView.translationX=0.0
07-28 19:05:45.849  4854  4854 I SystemUi--QuickSettings: OplusPanelViewPagerController-->shouldOpenQS  set targetPage=QS
07-28 19:05:45.849  4854  4854 I SystemUi--QuickSettings: OplusQSPageViewController-->reset(), pageList size:2 itemCount:2 oldIndex:0 curIndex:0
07-28 19:05:45.849  4854  4854 I SystemUi--QuickSettings: OplusQSRootViewController-->startExpandMotion event: 0, startTracking: false isClosing: false panelClosedOnDown: true
07-28 19:05:45.849  4854  4854 I SystemUi--QuickSettings: OplusQSRootViewController-->initialOffsetOnTouch: 0.0, panelClosedOnDown: true
07-28 19:05:45.849  4854  4854 I SystemUi--QuickSettings: OplusQSRootView-->disallowChildIntercept:false
07-28 19:05:45.849  4854  4854 I SystemUi--QuickSettings: OplusQSRootViewController-->startExpandMotion event: 0, startTracking: false isClosing: false panelClosedOnDown: true
07-28 19:05:45.849  4854  4854 I SystemUi--QuickSettings: OplusQSRootViewController-->initialOffsetOnTouch: 0.0, panelClosedOnDown: true
07-28 19:05:45.849  4854  4854 I SystemUi--QuickSettings: OplusQSRootViewController-->onTouchEvent() ACTION_DOWN, canSlideHToQSOnStatusBar:true, gestureWaitForTouchSlop:true, panelClosedOnDown:true, panelClosingOnDown:false, pointerIndex:0
07-28 19:05:45.850  3393  5345 I InputDispatcher: injectInputEvent: targetUid=<not set>, syncMode=WAIT_FOR_FINISHED, timeout=30000ms, policyFlags=0x8000000, event=MotionEvent { action=MOVE, id[0]=0, x[0]=900, y[0]=62.833, eventTime=59221000000, downTime=59216000000, deviceId=4, source=TOUCHSCREEN, displayId=0, eventId=0xe3e1b3e6}
07-28 19:05:45.857  1957  1957 D SensorFeature: name=ssc_screenshot_info ,index = 22
07-28 19:05:45.857  1957  1957 D SensorFeature: write 29 bytes:48836184146,59228280809,163,0
07-28 19:05:45.857  2165  2165 I DisplayModeController: hwc begin mode change to 8333333
07-28 19:05:45.857  2165  2165 I HWC2    : [0] setActiveConfigWithConstraints[4]
07-28 19:05:45.858  1896  3263 W SDM     : HWDeviceDRM::GetSupportedBitClkRate: Requested rate not supported: 1363200000
07-28 19:05:45.858  1896  3263 I SDM     : HWDeviceDRM::UpdateMixerAttributes: Mixer WxH 1440x3168-1 for Peripheral
07-28 19:05:45.858  1896  3263 I CwbService: CwbService::notifyConfigChange: display:0, config:4 size:4, sec.size():0
07-28 19:05:45.858  1896  3263 I CwbService: CwbService::notifyConfigChange: display: 0, config = 0
07-28 19:05:45.858  1896  3209 I CasManager: Fps changed from 60 to 120
07-28 19:05:45.858  1896  3209 I CasManager: Fps changed, not change bin, so trigger gain
07-28 19:05:45.859  1896  3209 W SDM     : DemuraIntfImpl::ProcessOemPluginGain: Thermal intf_ is nullptr 0, default to 25 degree
07-28 19:05:45.859  1896  3209 I SDM     : CasQcPlugIn::ProcessPerCompGainOppo: input params, mode:PWM, fps:120, dbv:1331
07-28 19:05:45.859  1896  3209 I SDM     : CasQcPlugIn::ProcessPerCompGainOppo: normalized bright_adj:1024, dbv:1331, bin_dbv:1083, 
07-28 19:05:45.859  1896  3209 I SDM     : CasQcPlugIn::ProcessPerCompGainOppo: gains print start =====================
07-28 19:05:45.859  1896  3209 I SDM     : CasQcPlugIn::ProcessPerCompGainOppo: gain --------------------------------
07-28 19:05:45.859  1896  3209 I SDM     : CasQcPlugIn::ProcessPerCompGainOppo: old: 0 0 0 57 90 322 1201 3072
07-28 19:05:45.859  1896  3209 I SDM     : CasQcPlugIn::ProcessPerCompGainOppo: new: 0 0 0 55 72 260 970 3072
07-28 19:05:45.859  1896  3209 I SDM     : CasQcPlugIn::ProcessPerCompGainOppo: gain --------------------------------
07-28 19:05:45.859  1896  3209 I SDM     : CasQcPlugIn::ProcessPerCompGainOppo: old: 0 0 0 64 125 373 1336 3072
07-28 19:05:45.859  1896  3209 I SDM     : CasQcPlugIn::ProcessPerCompGainOppo: new: 0 0 0 62 88 373 1336 3072
07-28 19:05:45.859  1896  3209 I SDM     : CasQcPlugIn::ProcessPerCompGainOppo: gain --------------------------------
07-28 19:05:45.859  1896  3209 I SDM     : CasQcPlugIn::ProcessPerCompGainOppo: old: 0 0 0 42 83 323 1222 3072
07-28 19:05:45.859  1896  3209 I SDM     : CasQcPlugIn::ProcessPerCompGainOppo: new: 0 0 0 41 83 323 1222 3072
07-28 19:05:45.859  1896  3209 I SDM     : CasQcPlugIn::ProcessPerCompGainOppo: gains print end =======================
07-28 19:05:45.861  4854  4854 I SystemUi--QuickSettings: OplusQSRootViewController-->startExpandMotion event: 2, startTracking: true isClosing: false panelClosedOnDown: true
07-28 19:05:45.861  4854  4854 I SystemUi--QuickSettings: OplusQSRootViewController-->endClosing()
07-28 19:05:45.861  4854  4854 I SystemUi--QuickSettings: QSPanelExpandFraction-->updateFraction, stiffness=500.0, finalPosition=0.16416667
07-28 19:05:45.862  3393  5345 I InputDispatcher: injectInputEvent: targetUid=<not set>, syncMode=WAIT_FOR_FINISHED, timeout=30000ms, policyFlags=0x8000000, event=MotionEvent { action=MOVE, id[0]=0, x[0]=900, y[0]=141.634, eventTime=59233000000, downTime=59216000000, deviceId=4, source=TOUCHSCREEN, displayId=0, eventId=0xe1028b7d}
07-28 19:05:45.862  3393  4813 I [UAH_CLIENT]: UahEventAcquire, cmdid:68, pkg:none, identity:OplusUAwareInputHelper
07-28 19:05:45.862  3393  4395 D SystemGestures: detectSwipe: 1
07-28 19:05:45.865  1896  3209 I SDM     : DemuraIntfImpl::StageAllData: Staged all data to Demura Driver!
07-28 19:05:45.865  1896  3209 I SDM     : HWPeripheralDRM::SetPanelFeature: Set Panel feature property 19
07-28 19:05:45.865  1896  3209 I SDM     : HWPeripheralDRM::SetPanelFeature: Set Panel feature property 7
07-28 19:05:45.865  1896  3209 I SDM     : DisplayBuiltIn::TriggerDemuraOemPlugIn: Trigger demura oem plugin success
07-28 19:05:45.866  1896  2202 I SDM     : DRMPanelFeatureMgr::ApplyDirtyFeature: Commited panel feature [enabled]: 20-272
07-28 19:05:45.866  1896  2202 I SDM     : DRMPanelFeatureMgr::ApplyDirtyFeature: Commited panel feature [enabled]: 8-271
07-28 19:05:45.877  4854  4854 I SystemUi--QuickSettings: OplusQSRootViewController-->setQsVisible: true rawFraction:0.013129605
07-28 19:05:45.877  3393  5345 I InputDispatcher: injectInputEvent: targetUid=<not set>, syncMode=WAIT_FOR_FINISHED, timeout=30000ms, policyFlags=0x8000000, event=MotionEvent { action=MOVE, id[0]=0, x[0]=900, y[0]=246.7, eventTime=59249000000, downTime=59216000000, deviceId=4, source=TOUCHSCREEN, displayId=0, eventId=0xcd7ea8cf}
07-28 19:05:45.878  4854  4854 I SystemUi--QuickSettings: OplusQSRootViewController-->setListening: true
07-28 19:05:45.878  4854  4854 I SystemUi--QuickSettings: OplusLargeTileContainerViewController-->setListening listening=true
07-28 19:05:45.878  4854  4854 I SystemUi--QuickSettings: QSBrightnessFactory-->setListening listening:true
07-28 19:05:45.878  4854  4854 I SystemUi--QuickSettings: OplusQsBrightnessSliderController-->setListening listening:true mView: com.oplus.systemui.plugins.qs.widget.OplusQsToggleSliderLayout{f12c90a V.E...... ......ID 558,244-737,643 #7f0a09f0 app:id/qs_brightness_slider_layout alpha=0.0 viewInfo = } value:0
07-28 19:05:45.878  4854  4854 I SystemUi--QuickSettings: OplusQsVolumeSliderController-->updateVolumeSeekBarMaxProgress: isNeedUpdate=true, maxVolumeProgress=16000, seekBarMaxProgress=1600, isInit=false
07-28 19:05:45.878  4854  4854 I SystemUi--QuickSettings: OplusQsVolumeSliderController-->updateVolumeSeekBarProgress: isNeedUpdate=true, isAllowUpdate=true, volumeLevel=0, seekBarLevel=0, initialVolumeSliderProgress=0, initialSeekBarVolumeLevel=-1, progressUpdated=false
07-28 19:05:45.878  4854  4854 I SystemUi--QuickSettings: OplusQsVolumeSliderController-->updateDisableShowVolumeDialog: isQsListening=true
07-28 19:05:45.878  4854  4854 I SystemUi--Device_Panel: OplusQSMyDeviceContainerViewController-->setListening listening: true
07-28 19:05:45.878  4854  4854 I [DevicePlugin].SysUiPluginService.(main): setListening: isListening=true, _isSeparateMode=true
07-28 19:05:45.878  4854  4854 I [DevicePlugin].FixedSeparateModelPanel.(main): onCtrCenterShow
07-28 19:05:45.878  4854  4854 I [DevicePlugin].FixedSeparateModelPanel.(main): onResume
07-28 19:05:45.879  4854  5411 D [DevicePlugin].DataInterfaceImp.(DefaultDispatcher-worker-2): safeCall, method:panel_state
07-28 19:05:45.879  4854  4854 I SystemUi--Common: NotificationShadeDepthC-->sceneFlag: 0x001, isStart = true, Current sceneFlags: 0x001
07-28 19:05:45.879  4854  4854 D NavigationBar: restrainNavigationBarInvertColor: true
07-28 19:05:45.879  4854  4854 D RegionSamplingHelper: animation scene, no need register sampling listener
07-28 19:05:45.879  4854  4854 I SystemUi--Common: OplusShadeExpansionStat-->go state: CLOSED -> OPENING
07-28 19:05:45.879  4854  4854 I SystemUi--Common: OplusShadeExpansionStat-->go state: CLOSED -> OPENING
07-28 19:05:45.879  4854  4854 I SystemUi--Notification: OplusHeadsUpNotificationViewBinder-->isVisibility: true
07-28 19:05:45.879  4854  4854 I SystemUi--Keyguard: ScrimControllerExImp-->blur State to UNLOCK, bouncer=false changeFromBouncerScrim= false runnerUnlock= false goingAway=false hasHandle=true isOccludeAnimationPlaying=false
07-28 19:05:45.879  4854  4854 I SystemUi--Common: PlatformBlurManagerImpl-->setPlatformBlurMode: blurMode=AUTO(blurFrequency=2)
07-28 19:05:45.879  4854  4854 I SystemUi--Common: PlatformBlurManagerImpl-->updateMotionFrequency: isExpanding=true
07-28 19:05:45.879  3393  5653 D OomAdjuster: Not killing cached processes
07-28 19:05:45.880  4854  4854 I SystemUi--Notification: OplusNotificationShadeWindowControllerExImpl-->isExpanded: isPowerBlock=false ,isErrorFpTouchWhenScreenOff=false ,qsPanelVisible=false, isAodMaskShow=false
07-28 19:05:45.880  4854  5663 D Tile.CustomTile.OshareTileService: refreshState: tile not listening, ignore
07-28 19:05:45.880  4854  5663 D TileStateController: bindAppWhenListening: false ComponentInfo{com.coloros.oshare/com.oplus.oshare.OshareTileService}
07-28 19:05:45.880  4854  4854 I SystemUi--Notification: OplusNotificationShadeWindowControllerExImpl-->SHADE_FOCUSABLE-->mNotificationShadeFocusable= false, mPanelExpanded= false, mBouncerShowing= false, mKeyguardShowing= false, mKeyguardOccluded= false, mKeyguardNeedsInput= false, ENABLE_REMOTE_INPUT= true, mRemoteInputActive= false, layoutFlags= -2130444216
07-28 19:05:45.880  4854  5663 I SystemUi--QuickSettings: Tile.CustomTile.OshareTileService-->bindServiceWhenListening: false when isOplusQsTile
07-28 19:05:45.880  4854  5663 D Tile.CustomTile.OshareTileService: refreshState: tile not listening, ignore
07-28 19:05:45.880  4854  4854 I SystemUi--Notification: OplusNotificationShadeWindowControllerExImpl-->SHADE_VISIBLE-->mKeyguardShowing= false, mKeyguardOccluded= false, mPanelVisible= false, mKeyguardFadingAway= false, mKeyguardGoingAway= false, mBouncerShowing= false, mScrimsVisibility= 1, mBackgroundBlurRadius= 0, mForcePluginOpen= false, mediaBackdropShowing= false, viewVisibility= true, qsBlurFraction= 0.013129605, panelBlurFraction= 0.0
07-28 19:05:45.880  4854  4854 D UXUtils : notifyUiSwitched: 1
07-28 19:05:45.880  3393  3674 I UserAwareMgr: handleTopAppChanged: com.android.systemui, pid: 4854, uid: 10218
07-28 19:05:45.881  4854  5976 I SystemUi--Keyguard: OnScreenFingerprintUiMech-->hideFingerprintIconTemporarily for reason: panel expaned ShowForEnroll false mPendingHide false
07-28 19:05:45.881  4854  5663 D TileStateController: setListening listening: true component: ComponentInfo{com.oplus.eyeprotect/com.oplus.eyeprotect.services.EyeProtectTileService} userContext: com.android.systemui.SystemUIApplication@85be762
07-28 19:05:45.881  4854  4854 I SystemUi--Notification: ScrimControllerExImp-->[onQsBottomVisibleChanged] qsBottomVisible=true
07-28 19:05:45.881  4854  4854 I SystemUi--Common: PlatformBlurManagerImpl-->resumeBlur: updatePlatformBlurState(updatePanelBlurState): shouldBlur, isKeyguardVisible=false, isKeyguardFadingAway=false, isPanelVisible=true, isShadeLock=false.
07-28 19:05:45.881  4854  4854 I SystemUi--Common: PlatformBlurManagerImpl-->forceStopMotionBlur: stop=false
07-28 19:05:45.881  4854  4854 I SystemUi--Keyguard: ScrimControllerExImp-->blur State to UNLOCK, bouncer=false changeFromBouncerScrim= false runnerUnlock= false goingAway=false hasHandle=true isOccludeAnimationPlaying=false
07-28 19:05:45.881  4854  5053 D RegionSamplingHelper =:    mCompositionSamplingListener.unregister
07-28 19:05:45.881  4854  4854 I SystemUi--Statusbar: PrivacyDotViewController-->scheduleUpdate: 
07-28 19:05:45.881  2165  2339 I BpBinder: onLastStrongRef automatically unlinking death recipients: 
07-28 19:05:45.881  4854  5053 I NotificationShadeWindowController: stop Pending key thread event (apply)
07-28 19:05:45.881  4854  4854 I SystemUi--Statusbar: PrivacyDotViewController-->needShow false
07-28 19:05:45.881  4854  4854 I SystemUi--Statusbar: PrivacyDotViewController-->scheduleUpdate: 
07-28 19:05:45.881  4854  4854 I SystemUi--Notification: OplusNotificationShadeWindowControllerExImpl-->SHADE_FOCUSABLE-->mNotificationShadeFocusable= true, mPanelExpanded= false, mBouncerShowing= false, mKeyguardShowing= false, mKeyguardOccluded= false, mKeyguardNeedsInput= false, ENABLE_REMOTE_INPUT= true, mRemoteInputActive= false, layoutFlags= -2130444216
07-28 19:05:45.881  4854  4854 I SystemUi--Notification: OplusNotificationShadeWindowControllerExImpl-->SHADE_VISIBLE-->mKeyguardShowing= false, mKeyguardOccluded= false, mPanelVisible= false, mKeyguardFadingAway= false, mKeyguardGoingAway= false, mBouncerShowing= false, mScrimsVisibility= 1, mBackgroundBlurRadius= 0, mForcePluginOpen= false, mediaBackdropShowing= false, viewVisibility= true, qsBlurFraction= 0.013129605, panelBlurFraction= 0.0
07-28 19:05:45.881  7471  7516 I mydevices[core].ProviderCallProcessor: (binder:7471_1)method: panel_state; arg: panel_resume
07-28 19:05:45.881  7471  7516 I mydevices[core].ControlCenterManager: (binder:7471_1)onPanelShow
07-28 19:05:45.881  4854  5663 D Tile.CustomTile.EyeProtectTileService: refreshState: tile not listening, ignore
07-28 19:05:45.882  3393  3514 I VibratorManagerServiceExtImpl: cancelVibrate uid=1000, pid=3393, usageFilter=-15, token=120625776
