07-29 18:35:43.368  3421  4674 D KernelStatsHelper: data over! check: true
07-29 18:35:43.368  5203  5203 D QCNEJ/WwanInfoRelay: onSubscriptionsChanged currDDSId: 1 new DDS 1
07-29 18:35:43.369  5008  5008 I Telephony: y0: onServiceStateChanged: newState=1, mServiceState=1
07-29 18:35:43.369  5203  5203 D QCNEJ/DataCallAgent: onSubscriptionsChanged: new DDS 1
07-29 18:35:43.369  5083  5893 D CellularEvent: handleSubscriptionsChanged: slotId=0
07-29 18:35:43.369  5203  8473 D QCNEJ/DataCallAgent: phoneCount: 2
07-29 18:35:43.369  4933  5361 I SystemUi--Statusbar: MobileInputLog-->onSubscriptionsChanged
07-29 18:35:43.369  5203  8473 D QCNEJ/DataCallAgent: subs for 0th slot: [1]
07-29 18:35:43.369  5083  5893 D CellularEvent: onImsRegistrationStateChanged, slotId=0state:false
07-29 18:35:43.369  5203  8473 D QCNEJ/DataCallAgent: mSubInfoReady[0] is set to true
07-29 18:35:43.369  5203  8473 D QCNEJ/DataCallAgent: subs for 1th slot: [-1]
07-29 18:35:43.369  5008  5008 I Telephony: isRttCurrentlySupported -- regular acct, hasVoiceAvailability: false
07-29 18:35:43.369  5008  5008 I Telephony:  isRttSupported: false
07-29 18:35:43.369  5008  5008 I Telephony:  isUserRttSettingOn: false
07-29 18:35:43.369  5008  5008 I Telephony:  alwaysAllowWhileRoaming: false
07-29 18:35:43.369  5008  5008 I Telephony:  isRoaming: false
07-29 18:35:43.369  5008  5008 I Telephony:  isOnWfc: false
07-29 18:35:43.369  5083  5528 D NAS-CellularEvent: handleSubscriptionsChanged: slotId=0
07-29 18:35:43.369  5083  5528 D NAS-CellularEvent: onImsRegistrationStateChanged, slotId=0state:false
07-29 18:35:43.369  4933  4933 I KeyguardUpdateMonitor: action=android.intent.action.SERVICE_STATE subId=1 slotId=0
07-29 18:35:43.370  4933  5361 I SystemUi--Statusbar: MobileConnectionRepositoryImpl-->subId:1 isSoftSimCard:false slotId:0
07-29 18:35:43.370  3421  4581 D NetworkPolicy: Normalization put networkpolicyNetworkTemplate: matchRule=CARRIER, matchSubscriberIds=[001011...], matchWifiNetworkKeys=[], metered=YES
07-29 18:35:43.370  4933  4933 I SystemUi--Statusbar: OplusMobileIconInteractorImpl-->oplusIMSModel slot:0: CapabilityTypeModel(isVolteSwitchOn=true, isWfcEnabledByUser=true, imsRegistered=false, voiceCapable=false, videoCapable=false, registerTech=-1, isCrossSimCallingEnabledByUser=false, hasHideVolteOperator=false), SimStateModel(simInserted=[true, false], simForbidden=[false, true], simStateIMSI=[true, false], simLoaded=[true, false]),oplusNetworkTypeNr:20,isVoNrEnabled:false
07-29 18:35:43.370  3421  4581 D NetworkPolicy: Normalization put networkpolicyNetworkTemplate: matchRule=CARRIER, matchSubscriberIds=[310260...], matchWifiNetworkKeys=[], metered=YES
07-29 18:35:43.370  4933  6055 I SystemUi--Statusbar: OplusMobileConnectionRepository1-->stopListenImsStatusChanged
07-29 18:35:43.370  3421  4581 D NetworkPolicy: Normalization put networkpolicyNetworkTemplate: matchRule=CARRIER, matchSubscriberIds=[001010...], matchWifiNetworkKeys=[], metered=YES
07-29 18:35:43.370  3421  4581 D NetworkPolicy: Normalization put networkpolicyNetworkTemplate: matchRule=CARRIER, matchSubscriberIds=[001010...], matchWifiNetworkKeys=[], metered=YES
07-29 18:35:43.370  3421  4581 D NetworkPolicy: Normalization put networkpolicyNetworkTemplate: matchRule=CARRIER, matchSubscriberIds=[001012...], matchWifiNetworkKeys=[], metered=YES
07-29 18:35:43.370  3421  4581 V NetworkPolicy: updateNetworkEnabledNL() return
07-29 18:35:43.370  4933  6055 I SystemUi--Statusbar: OplusMobileConnectionRepository1-->phoneId: 0, conflatedCallbackFlow init
07-29 18:35:43.370  4933  6055 I SystemUi--Statusbar: OplusMobileConnectionRepository1-->startListenImsStatusChanged
07-29 18:35:43.371  3421  4581 V NetworkPolicy: updateNotificationsNL not process
07-29 18:35:43.371  7080  8364 D OsAgentAidlClient: [string_dataitem_update][1584] [HC] =>> [HS]
07-29 18:35:43.371 13142 13142 I ttings:tzupdate: isSwordfishLaunchAppEnabled_ 1 isSwordfishInstallAppEnabled_ 1
07-29 18:35:43.371  3421  4581 W BestClock: java.time.DateTimeException: Missing network time fix
07-29 18:35:43.371 13142 13142 E ttings:tzupdate: Unknown bits set in runtime_flags: 0x40000000
07-29 18:35:43.371 13142 13142 I ttings:tzupdate: Using CollectorTypeCMC GC.
07-29 18:35:43.372  6536  8750 D OplusAtlasAudioDetectionManager: MSG_CALL_STATE_CHANGED
07-29 18:35:43.372  6536  8750 D OplusAtlasAudioDetectionManager: callStateChanged state: 0, len: 0
07-29 18:35:43.372  5083  5911 W BestClock: java.time.DateTimeException: Missing network time fix
07-29 18:35:43.372  4933  6055 I SystemUi--Statusbar: OplusMobileConnectionRepository1-->onImsStatusChanged model: CapabilityTypeModel(isVolteSwitchOn=true, isWfcEnabledByUser=true, imsRegistered=false, voiceCapable=false, videoCapable=false, registerTech=-1, isCrossSimCallingEnabledByUser=false, hasHideVolteOperator=false)
07-29 18:35:43.372  5083  5911 V MonthTrafficAlert: getWarningNotification subId:1 numWarningNotificaion:0
07-29 18:35:43.373 13142 13142 E ttings:tzupdate: Not starting debugger since process cannot load the jdwp agent.
07-29 18:35:43.373  5008  5008 V OplusCustomizeCacheManager: queryCache name: sys.cache.common_customize_cache18016 param: null
07-29 18:35:43.373  5008  5008 V OplusCustomizeCacheManager: queryCache name: sys.cache.common_customize_cache18013 param: null
07-29 18:35:43.373  5008  5008 V OplusCustomizeCacheManager: queryCache name: sys.cache.common_customize_cache18014 param: null
07-29 18:35:43.373  5008  5008 V OplusCustomizeCacheManager: queryCache name: sys.cache.common_customize_cache18017 param: Bundle[{SETTING=BLOCK, BUSINESS=NCT-DATA}]
07-29 18:35:43.373  3421  5565 W BestClock: java.time.DateTimeException: Missing network time fix
07-29 18:35:43.373  5008  5008 V OplusCustomizeCacheManager: queryCache name: sys.cache.common_customize_cache18016 param: null
07-29 18:35:43.373  5008  5008 V OplusCustomizeCacheManager: queryCache name: sys.cache.common_customize_cache18013 param: null
07-29 18:35:43.373  5008  5008 V OplusCustomizeCacheManager: queryCache name: sys.cache.common_customize_cache18014 param: null
07-29 18:35:43.373  5008  5008 V OplusCustomizeCacheManager: queryCache name: sys.cache.common_customize_cache18017 param: Bundle[{SETTING=BLOCK, BUSINESS=NCT-DATA}]
07-29 18:35:43.374  3421  5565 W BestClock: java.time.DateTimeException: Missing network time fix
07-29 18:35:43.374  5008  5008 D MultiSimSettingController: onSubscriptionsChanged
07-29 18:35:43.374  5008  5008 D MultiSimSettingController: isReadyToReevaluate: subInfoInitialized=true, carrierConfigsLoaded=true, satelliteEnabledOrBeingEnabled=false
07-29 18:35:43.374  5008  5008 D MultiSimSettingController: updateDefaults
07-29 18:35:43.374  5008  5008 D MultiSimSettingController: isReadyToReevaluate: subInfoInitialized=true, carrierConfigsLoaded=true, satelliteEnabledOrBeingEnabled=false
07-29 18:35:43.374 13142 13142 D nativeloader: Load libframework-connectivity-tiramisu-jni.so using APEX ns com_android_tethering for caller /apex/com.android.tethering/javalib/framework-connectivity-t.jar: ok
07-29 18:35:43.374  4933  5840 V OplusCustomizeCacheManager: queryCache name: sys.cache.common_customize_cache18014 param: null
07-29 18:35:43.374  4933  5840 V OplusCustomizeCacheManager: queryCache name: sys.cache.common_customize_cache18017 param: Bundle[{SETTING=BLOCK, BUSINESS=NCT-DATA}]
07-29 18:35:43.374  4933  5840 V OplusCustomizeCacheManager: queryCache name: sys.cache.common_customize_cache18013 param: null
07-29 18:35:43.374  5008  5008 D MultiSimSettingController: updateDefaultValues: change: 0
07-29 18:35:43.374  5008  5008 D MultiSimSettingController: disableDataForNonDefaultNonOpportunisticSubscriptions triggered, return directly
07-29 18:35:43.374  5008  5008 D CallNotifier: updatePhoneStateListeners: update CF notifications.
07-29 18:35:43.374  5008  5008 I Telephony: TelecomAccountRegistry: onSubscriptionsChanged - reregister accounts
07-29 18:35:43.374  5008  5008 D PhoneUtils: PhoneAccountHandle subId=1, slotId=0
07-29 18:35:43.375  5008  5008 D Telephony: registerPstnPhoneAccount line1Number =  subNumber = 
07-29 18:35:43.375  5008  5008 D Telephony: color is transparent asign default instead -15502541
07-29 18:35:43.375  5008  5008 D Telephony: isEmergencyPreferredAccount: subId=1, activeData=1
07-29 18:35:43.375  5008  5008 D Telephony: isEmergencyPreferredAccount: Device does not require preference.
07-29 18:35:43.375 13142 13142 W libc    : Access denied finding property "persist.vendor.sys.activitylog"
07-29 18:35:43.375 13142 13142 I OneTrace: Mark active for pid=13142? true
07-29 18:35:43.375 13142 13142 D cutils-dev: otrace_set_tracing_enabled? true tag:0
07-29 18:35:43.376  5008  5008 I Telephony: isRttCurrentlySupported -- regular acct, hasVoiceAvailability: false
07-29 18:35:43.376  5008  5008 I Telephony:  isRttSupported: false
07-29 18:35:43.376  5008  5008 I Telephony:  isUserRttSettingOn: false
07-29 18:35:43.376  5008  5008 I Telephony:  alwaysAllowWhileRoaming: false
07-29 18:35:43.376  5008  5008 I Telephony:  isRoaming: false
07-29 18:35:43.376  5008  5008 I Telephony:  isOnWfc: false
07-29 18:35:43.376  5008  5008 D Telephony: x0: buildPstnPhoneAccount, phoneId: 0, mIsVideoCapable: false, 
07-29 18:35:43.376  5008  5008 D OplusSesImsManagerExt: feature:0, phoneId:0
07-29 18:35:43.376  5008  5008 D OplusSesImsManagerExt: getSubIdUsingPhoneId:1, phoneId:0
07-29 18:35:43.376  5008  5008 D OplusSesImsManagerExt: isEntitlementEnabled:false
07-29 18:35:43.376 13142 13142 D cutils-dev: properties changed in otrace_seq_number_changed!
07-29 18:35:43.376  5008  5008 D OplusSesImsManagerExt: isFeatureProvisionedOnDevice not enabled
07-29 18:35:43.376  3421  5565 W BestClock: java.time.DateTimeException: Missing network time fix
07-29 18:35:43.376  5008  5008 D Telephony: registerPstnPhoneAccount mIsVideoCapable = false
07-29 18:35:43.376  5008  5008 W libc    : Access denied finding property "persist.vendor.mtk_uce_support"
07-29 18:35:43.376  5008  5008 I Telephony: isCarrierVideoPresenceSupported, false, false, false, false
07-29 18:35:43.377  5008  5008 I Telephony: reRegisterPstnPhoneAccount: subId: 1 - no change
07-29 18:35:43.377  5008  5008 D ImsResolver: oldSubId: 1, newSubId: 1
07-29 18:35:43.377  5008  5008 D ImsResolver: oldSubId: -1, newSubId: -1
07-29 18:35:43.377  3421  6014 W BestClock: java.time.DateTimeException: Missing network time fix
07-29 18:35:43.377  3421  4809 D ActivityTaskManagerServiceExtImpl: preBindApplication record is null
07-29 18:35:43.377  3421  4809 D RGBNormalizeServer: OplusRGBNormalize feature enabled ? true
07-29 18:35:43.377  3421  4809 D ResourcesManagerCache: For package com.oplus.wirelesssettings we got cacheList [null] appInfoExt is null ? false hasFeature ? false
07-29 18:35:43.377  3421  4809 D VRR [OPlusExternalRefreshRateManager]: isPkgTfcEnable: pkgName = com.oplus.wirelesssettings, enable = false
07-29 18:35:43.377  3421  4809 D VRR [OPlusExternalRefreshRateManager]: getTfcMinFramerate: pkgName = com.oplus.wirelesssettings, min framerate = 0
07-29 18:35:43.377  4933  5840 V OplusCustomizeCacheManager: queryCache name: sys.cache.common_customize_cache18014 param: null
07-29 18:35:43.377  4933  5840 V OplusCustomizeCacheManager: queryCache name: sys.cache.common_customize_cache18017 param: Bundle[{SETTING=BLOCK, BUSINESS=NCT-DATA}]
07-29 18:35:43.377  4933  5840 V OplusCustomizeCacheManager: queryCache name: sys.cache.common_customize_cache18013 param: null
07-29 18:35:43.377  5008  5008 D InternationalRoamingNotification: init
07-29 18:35:43.377  5287  5332 D VirtualCommService2: isSupport. true, true
07-29 18:35:43.377  5008  5008 D OplusVirtualCommUtils: isVirtualCommSupport, vRet: true
07-29 18:35:43.377  5008  5008 I OplusVirtualCommUtils: getVirtualCommDeviceType, vRet: 1
07-29 18:35:43.378  5008  5008 I OplusVirtualCommUtils: isConsumerDeviceType, deviceType: 1
07-29 18:35:43.378  5008  5008 D InternationalRoamingNotification: do not createRoamingNotification for invalid Network
07-29 18:35:43.378 13142 13142 D OplusActivityManager: get AMS extension: android.os.BinderProxy@1beb059
07-29 18:35:43.378  4933  5265 I SystemUi--QuickSettings: Tile.OplusCellularTile-->updateCarrierText: dialog not showing, ignore
07-29 18:35:43.378  5008  5008 V OplusCustomizeCacheManager: queryCache name: sys.cache.common_customize_cache18016 param: null
07-29 18:35:43.378  5008  5008 V OplusCustomizeCacheManager: queryCache name: sys.cache.common_customize_cache18013 param: null
07-29 18:35:43.378  5008  5008 V OplusCustomizeCacheManager: queryCache name: sys.cache.common_customize_cache18014 param: null
07-29 18:35:43.378  5008  5008 V OplusCustomizeCacheManager: queryCache name: sys.cache.common_customize_cache18017 param: Bundle[{SETTING=BLOCK, BUSINESS=NCT-DATA}]
07-29 18:35:43.378  4933  5265 D SimStateHelper: slot:0, lock state:Bundle[mParcelledData.dataSize=56]
07-29 18:35:43.379  4933  4933 I KeyguardUpdateMonitor: refreshSimState, changed:false,subId:1,slotId:0,state:5
07-29 18:35:43.379  5008  5008 V SimultaneousCallingTracker: Received EVENT 101
07-29 18:35:43.379  4933  5265 D SimStateHelper: slot:1, lock state:Bundle[mParcelledData.dataSize=56]
07-29 18:35:43.379  4933  5265 D SimStateHelper: needDisableMenu: slot1State=-1; slot2State=-1
07-29 18:35:43.379  4933  5265 D SimStateHelper: needDisableMenu:false
07-29 18:35:43.379  5008  5008 V SimultaneousCallingTracker: generateVoiceCapablePhoneMapBasedOnUserAssociation: adding phoneId = 0
07-29 18:35:43.379  4933  5265 I SystemUi--QuickSettings: Tile.OplusCellularTile-->updateCarrierText: dialog not showing, ignore
07-29 18:35:43.379  5008  5008 I SimultaneousCallingTracker: updatePhoneMapAndSimultaneousCallSupportMap: mVoiceCapablePhoneMap.size = 1
07-29 18:35:43.379  5008  5008 V SimultaneousCallingTracker: registerForImsRegistrationChanges: registering phoneId = 0
07-29 18:35:43.379  5008  5008 V SimultaneousCallingTracker: generateSimultaneousCallSupportMap: returning simultaneousCallSubSupportMap = Phone ID=0 - Simultaneous calling compatible phone IDs=[]; 
07-29 18:35:43.379  5008  5008 V SimultaneousCallingTracker: handleSimultaneousCallingSupportChanged
07-29 18:35:43.379  4933  5265 D SimStateHelper: slot:0, lock state:Bundle[mParcelledData.dataSize=56]
07-29 18:35:43.379  4933  5265 D SimStateHelper: slot:1, lock state:Bundle[mParcelledData.dataSize=56]
07-29 18:35:43.379  4933  5265 D SimStateHelper: needDisableMenu: slot1State=-1; slot2State=-1
07-29 18:35:43.379  4933  5265 D SimStateHelper: needDisableMenu:false
07-29 18:35:43.379  3421  4809 W ContentService: Observer is already registered. Pid is 5008
07-29 18:35:43.380 13142 13142 D CompactWindowAppManager: initCompactApplicationInfo CompactMode: , NormalMode: 
07-29 18:35:43.380 13142 13142 D OplusScrollToTopManager: setIsInWhiteList false
07-29 18:35:43.380 13142 13142 D OplusViewDebugManager: OplusViewDebugManager Constructor android.view.debug.OplusViewDebugManager@b79f4ff [mHasViewDebugProperty true] [mHasMsgDebugProperty false] [DEBUG false] [EXTRAINFOENABLE false] [LIGHT_OS false]
07-29 18:35:43.381 13142 13142 D CompatChangeReporter: Compat change id reported: 242716250; UID 1000; state: ENABLED
07-29 18:35:43.382 13142 13142 W libc    : Access denied finding property "ro.odm.prev.product.name"
07-29 18:35:43.383 13142 13142 W ziparchive: Unable to open '/system_ext/framework/nfcvendorlib.dm': No such file or directory
07-29 18:35:43.383 13142 13142 W ziparchive: Unable to open '/system_ext/framework/nfcvendorlib.dm': No such file or directory
07-29 18:35:43.384 13142 13142 D nativeloader: Configuring clns-shared-7 for other apk /system_ext/framework/nfcvendorlib.jar. target_sdk_version=34, uses_libraries=ALL, library_path=/system_ext/priv-app/WirelessSettings/lib/arm64:/system_ext/priv-app/WirelessSettings/WirelessSettings.apk!/lib/arm64-v8a:/system/lib64:/system_ext/lib64, permitted_path=/data:/mnt/expand:/data/user_de/0/com.oplus.wirelesssettings:/system_ext/priv-app/WirelessSettings:/system/lib64:/system_ext/lib64
07-29 18:35:43.384 13142 13142 D nativeloader: Extending system_exposed_libraries: libbinauralrenderer_wrapper.qti.so:libhoaeffects.qti.so:libSloganJni.oplus.so:libsuperNight.oplus.so:libAPSClient-cmd-jni-extension.oplus.so:libsatellite_audio_jni.oplus.so:libortc_so.oplus.so:libsoundtouch.oplus.so:libsoundtouch_jni.oplus.so:libOplusStringJNI-extension.oplus.so:libsatellite_ostx_jni.oplus.so:libapssuspend-jni.oplus.so:libupdateprof.qti.so:libthermalclient.qti.so:libqape.qti.so:libqesdk_ndk_platform.qti.so:liblistenjni.qti.so
07-29 18:35:43.385 13142 13142 D ApplicationLoaders: Returning zygote-cached class loader: /system_ext/framework/androidx.window.extensions.jar
07-29 18:35:43.385 13142 13142 D ApplicationLoaders: Returning zygote-cached class loader: /system_ext/framework/androidx.window.sidecar.jar
07-29 18:35:43.388 13142 13142 D nativeloader: Configuring clns-shared-8 for other apk /system_ext/priv-app/WirelessSettings/WirelessSettings.apk. target_sdk_version=34, uses_libraries=, library_path=/system_ext/priv-app/WirelessSettings/lib/arm64:/system_ext/priv-app/WirelessSettings/WirelessSettings.apk!/lib/arm64-v8a:/system/lib64:/system_ext/lib64, permitted_path=/data:/mnt/expand:/data/user_de/0/com.oplus.wirelesssettings:/system_ext/priv-app/WirelessSettings:/system/lib64:/system_ext/lib64
07-29 18:35:43.390 13142 13142 V GraphicsEnvironment: Currently set values for:
07-29 18:35:43.390 13142 13142 V GraphicsEnvironment:   angle_gl_driver_selection_pkgs=[]
07-29 18:35:43.390 13142 13142 V GraphicsEnvironment:   angle_gl_driver_selection_values=[]
07-29 18:35:43.390 13142 13142 V GraphicsEnvironment: Global.Settings values are invalid: number of packages: 0, number of values: 0
07-29 18:35:43.393 13142 13142 D WS_OplusWirelessSettingsApp: onCreate, OplusWirelessSettingsApp
07-29 18:35:43.396 13142 13142 D LogUtils: initWirelessLog sIsQeAssert=false,sIsWifiOrBtLog=false
07-29 18:35:43.399  3421  3548 I ActivityManager: Flag disabled. Ignoring finishAttachApplication from uid: 1000. pid: 13142
07-29 18:35:43.400 13142 13142 E ANDR-PERF-CLIENT-SYS: death recipent object is fine
07-29 18:35:43.400 13142 13142 W ttings:tzupdate: AIBinder_linkToDeath is being called with a non-null cookie and no onUnlink callback set. This might not be intended. AIBinder_DeathRecipient_setOnUnlinked should be called first.
07-29 18:35:43.401  3421  3548 W OplusSelfProtectManager: pkg[com.oplus.wirelesssettings] not in policy list
07-29 18:35:43.403  3421  3548 D ActivityManager: Async freezing 13142 com.oplus.wirelesssettings:tzupdate
07-29 18:35:43.405  4780  6482 W SQLiteLog: (28) double-quoted string literal: "timezone_tzdata_v2_files"
07-29 18:35:43.464  1916  4538 I sensors-hal: handle_oplus_wise_rgb_event:189, high_pwm_light:lux 181.5,cct 3555.5,brl/algo/ir 1340.0/2.0/23.1,pwm/dc 0.0/0.0,rgbc 14209.457031/9598.165039/4087.530029/26665.531250,ts 59034793535,cnt 830,flag 161
07-29 18:35:43.465  2007  4546 I Dpps    : LtmSwState::SetParameter():144 ignore cmd 7 in state LtmOffState
07-29 18:35:43.475  5008  5008 V OplusCustomizeCacheManager: queryCache name: sys.cache.common_customize_cache18016 param: null
07-29 18:35:43.476  5008  5008 V OplusCustomizeCacheManager: queryCache name: sys.cache.common_customize_cache18013 param: null
07-29 18:35:43.476  5008  5008 V OplusCustomizeCacheManager: queryCache name: sys.cache.common_customize_cache18014 param: null
07-29 18:35:43.476  5008  5008 V OplusCustomizeCacheManager: queryCache name: sys.cache.common_customize_cache18017 param: Bundle[{SETTING=BLOCK, BUSINESS=NCT-DATA}]
07-29 18:35:43.477  5008  5008 V OplusCustomizeCacheManager: queryCache name: sys.cache.common_customize_cache18016 param: null
07-29 18:35:43.477  5008  5008 V OplusCustomizeCacheManager: queryCache name: sys.cache.common_customize_cache18013 param: null
07-29 18:35:43.477  5008  5008 V OplusCustomizeCacheManager: queryCache name: sys.cache.common_customize_cache18014 param: null
07-29 18:35:43.477  5008  5008 V OplusCustomizeCacheManager: queryCache name: sys.cache.common_customize_cache18017 param: Bundle[{SETTING=BLOCK, BUSINESS=NCT-DATA}]
07-29 18:35:43.484  2081  2081 D SensorFeature: name=ssc_screenshot_info ,index = 22
07-29 18:35:43.484  2081  2081 D SensorFeature: write 29 bytes:59282990445,59291323778,162,0
07-29 18:35:43.493  4933  4933 D RowAnimatorExtImpl: end:view:StatusBarIconView(slot='volume' alpha=1.0 icon=StatusBarIcon(icon=Icon(typ=RESOURCE pkg=com.android.systemui id=0x7f0818f0) visible user=0 ) visibleState=ICON iconColor=#ccffffff staticDrawableColor=#ccffffff decorColor=#ffffffff animationStartColor=#0 currentSetColor=#ccffffff notification=null),tx
07-29 18:35:43.493  4933  4933 D RowAnimatorExtImpl: end:view:StatusBarIconView(slot='zen' alpha=1.0 icon=StatusBarIcon(icon=Icon(typ=RESOURCE pkg=com.android.systemui id=0x7f0818e1) visible user=0 ) visibleState=ICON iconColor=#ccffffff staticDrawableColor=#ccffffff decorColor=#ffffffff animationStartColor=#0 currentSetColor=#ccffffff notification=null),tx
07-29 18:35:43.493  4933  4933 D RowAnimatorExtImpl: end:view:StatusBarIconView(slot='volume' alpha=1.0 icon=StatusBarIcon(icon=Icon(typ=RESOURCE pkg=com.android.systemui id=0x7f0818f0) visible user=0 ) visibleState=ICON iconColor=#ccffffff staticDrawableColor=#ccffffff decorColor=#ffffffff animationStartColor=#0 currentSetColor=#ccffffff notification=null),tx
07-29 18:35:43.493  4933  4933 D RowAnimatorExtImpl: end:view:StatusBarIconView(slot='zen' alpha=1.0 icon=StatusBarIcon(icon=Icon(typ=RESOURCE pkg=com.android.systemui id=0x7f0818e1) visible user=0 ) visibleState=ICON iconColor=#ccffffff staticDrawableColor=#ccffffff decorColor=#ffffffff animationStartColor=#0 currentSetColor=#ccffffff notification=null),tx
07-29 18:35:43.493  4933  4933 D RowAnimatorExtImpl: end:view:StatusBarIconView(slot='volume' alpha=1.0 icon=StatusBarIcon(icon=Icon(typ=RESOURCE pkg=com.android.systemui id=0x7f0818f0) visible user=0 ) visibleState=ICON iconColor=#ccffffff staticDrawableColor=#ccffffff decorColor=#ffffffff animationStartColor=#0 currentSetColor=#ccffffff notification=null),tx
07-29 18:35:43.493  4933  4933 D RowAnimatorExtImpl: end:view:StatusBarIconView(slot='zen' alpha=1.0 icon=StatusBarIcon(icon=Icon(typ=RESOURCE pkg=com.android.systemui id=0x7f0818e1) visible user=0 ) visibleState=ICON iconColor=#ccffffff staticDrawableColor=#ccffffff decorColor=#ffffffff animationStartColor=#0 currentSetColor=#ccffffff notification=null),tx
07-29 18:35:43.684  4933  4933 I SystemUi--QuickSettings: TemporarilyInfoManager-->[animateShow] com.oplus.systemui.qs.base.temporarilyinfo.TemporarilyInfoManager$createViewToParent$1{8e519f9 VFED..C.. ........ 0,0-1080,228 #7f0a0cb6 app:id/temporarily_info_view alpha=1.0 viewInfo = } end
07-29 18:35:43.685  4933  4933 I SystemUi--QuickSettings: TemporarilyInfoManager-->[trigger] start from showElementAfterShowFully
07-29 18:35:43.725  2090  2199 D BatteryChargeControl: bcc get no support from charging protocol
07-29 18:35:43.730  2007  4546 I Dpps    : LtmSwState::SetParameter():144 ignore cmd 7 in state LtmOffState
07-29 18:35:43.758  2081  2081 D SensorFeature: name=ssc_screenshot_info ,index = 22
07-29 18:35:43.758  2081  2081 D SensorFeature: write 29 bytes:59557148309,59565481642,163,0
07-29 18:35:43.809  4933  4933 D JankUtils: gfxSceneEnd; scene: 7
07-29 18:35:43.809  4933  4933 I SystemUi--Common: NotificationShadeDepthC-->sceneFlag: 0x001, isStart = false, Current sceneFlags: 0x000
07-29 18:35:43.809  4933  4933 D NavigationBar: restrainNavigationBarInvertColor: false
07-29 18:35:43.809  4933  5215 D RegionSamplingHelper =:    mCompositionSamplingListener.register
07-29 18:35:43.809  2273  2504 D SurfaceFlinger: addRegionSamplingListener pid: 4933, Area: [0, 2328, 1080, 2376]
07-29 18:35:43.995  1916  4538 I sensors-hal: handle_oplus_wise_rgb_event:189, high_pwm_light:lux 179.9,cct 3548.2,brl/algo/ir 1340.0/2.0/24.1,pwm/dc 0.0/0.0,rgbc 14132.218750/9539.682617/4063.925293/26542.835938,ts 59565770515,cnt 840,flag 163
07-29 18:35:43.997  2007  4546 I Dpps    : LtmSwState::SetParameter():144 ignore cmd 7 in state LtmOffState
07-29 18:35:44.011  2007  2305 I SDM     : DisplayBase::CommitThread: Received idle timeout, panel: cmd, timeout: 70000 us
07-29 18:35:44.082  2081  2081 D SensorFeature: name=ssc_screenshot_info ,index = 22
07-29 18:35:44.082  2081  2081 D SensorFeature: write 29 bytes:59839589611,59889864715,164,0
07-29 18:35:44.086  2007  2305 I SDM     : DisplayBase::CommitThread: Received idle timeout, panel: cmd, timeout: 70000 us
07-29 18:35:44.117  6579  6654 E horae   : 0: back:29732,back_1:32312,back_2:32065,back_3:30829,frame:32490,frame_1:31424,front:33051,front_1:33557,front_2:32102, -2147483648 3, +(3037), 1 ,40228,30098,35986,40215,38189,39278,30125,35732,39234,37556,38337,29987,35471,38405,37005,37772,30037,35214,37706,36511, target_temp:33557, algo:0
07-29 18:35:44.167  2273  3582 D VRR [OTI]: handleIdle from 0 to 1
07-29 18:35:44.167  2273  3582 D VRR [OTI-HW]: isStateReady 1
07-29 18:35:44.167  2273  3582 D VRR [RefreshRateDirector]: requestRefreshRateByOti update [ oti-hw, {fps=60, modePtr={id=5, vsyncRate=60.00 Hz, peakRefreshRate=60.00 Hz}} ]
07-29 18:35:44.167  2273  3582 D VRR [RefreshRateDirector]: selectBestFrameRate DirectorMapOti [oti-hw, {fps=60, modePtr={id=5, vsyncRate=60.00 Hz, peakRefreshRate=60.00 Hz}}]
07-29 18:35:44.167  2273  3582 D VRR [RefreshRateDirector]: updateBestFrameRate [oti-hw, {fps=60, modePtr={id=5, vsyncRate=60.00 Hz, peakRefreshRate=60.00 Hz}}]
07-29 18:35:44.167  2273  3582 D SurfaceFlinger: VRR [SurfaceFlinger] setDesiredActiveMode: displayId: 4630946756802996883, renderRate: 60, vsyncRate: 60, event: 1
07-29 18:35:44.167  2273  3582 D DisplayModeController: setDesiredMode 4630946756802996883 {mode={fps=60.00 Hz, modePtr={id=5, vsyncRate=60.00 Hz, peakRefreshRate=60.00 Hz}}, emitEvent=true, force=false}
07-29 18:35:44.168  2273  2273 I DisplayModeController: hwc begin mode change to 16666666
07-29 18:35:44.168  2273  2273 I HWC2    : [0] setActiveConfigWithConstraints[5]
07-29 18:35:44.168  2007  2007 W SDM     : HWDeviceDRM::GetSupportedBitClkRate: Requested rate not supported: 1363200000
07-29 18:35:44.168  2007  2007 I SDM     : HWDeviceDRM::UpdateMixerAttributes: Mixer WxH 1440x3168-1 for Peripheral
07-29 18:35:44.169  2007  2007 I CwbService: CwbService::notifyConfigChange: display:0, config:5 size:4, sec.size():0
07-29 18:35:44.169  2007  3525 I CasManager: Fps changed from 120 to 60
07-29 18:35:44.169  2007  2007 I CwbService: CwbService::notifyConfigChange: display: 0, config = 1
07-29 18:35:44.169  2007  3525 I CasManager: Fps changed, not change bin, so trigger gain
07-29 18:35:44.169  2007  3525 W SDM     : DemuraIntfImpl::ProcessOemPluginGain: Thermal intf_ is nullptr 0, default to 25 degree
07-29 18:35:44.169  2007  3525 I SDM     : CasQcPlugIn::ProcessPerCompGainOppo: input params, mode:PWM, fps:60, dbv:1340
07-29 18:35:44.169  2007  3525 I SDM     : CasQcPlugIn::ProcessPerCompGainOppo: normalized bright_adj:1024, dbv:1340, bin_dbv:1083, 
07-29 18:35:44.169  2007  3525 I SDM     : CasQcPlugIn::ProcessPerCompGainOppo: gains print start =====================
07-29 18:35:44.169  2007  3525 I SDM     : CasQcPlugIn::ProcessPerCompGainOppo: gain --------------------------------
07-29 18:35:44.169  2007  3525 I SDM     : CasQcPlugIn::ProcessPerCompGainOppo: old: 0 0 0 57 90 322 1201 3072
07-29 18:35:44.169  2007  3525 I SDM     : CasQcPlugIn::ProcessPerCompGainOppo: new: 0 0 0 42 73 261 975 3072
07-29 18:35:44.169  2007  3525 I SDM     : CasQcPlugIn::ProcessPerCompGainOppo: gain --------------------------------
07-29 18:35:44.169  2007  3525 I SDM     : CasQcPlugIn::ProcessPerCompGainOppo: old: 0 0 0 64 125 373 1336 3072
07-29 18:35:44.169  2007  3525 I SDM     : CasQcPlugIn::ProcessPerCompGainOppo: new: 0 0 0 48 89 373 1336 3072
07-29 18:35:44.169  2007  3525 I SDM     : CasQcPlugIn::ProcessPerCompGainOppo: gain --------------------------------
07-29 18:35:44.169  2007  3525 I SDM     : CasQcPlugIn::ProcessPerCompGainOppo: old: 0 0 0 42 83 323 1222 3072
07-29 18:35:44.169  2007  3525 I SDM     : CasQcPlugIn::ProcessPerCompGainOppo: new: 0 0 0 31 83 323 1222 3072
07-29 18:35:44.169  2007  3525 I SDM     : CasQcPlugIn::ProcessPerCompGainOppo: gains print end =======================
07-29 18:35:44.176  2007  3525 I SDM     : DemuraIntfImpl::StageAllData: Staged all data to Demura Driver!
07-29 18:35:44.176  2007  3525 I SDM     : HWPeripheralDRM::SetPanelFeature: Set Panel feature property 19
07-29 18:35:44.176  2007  3525 I SDM     : HWPeripheralDRM::SetPanelFeature: Set Panel feature property 7
07-29 18:35:44.177  2007  3525 I SDM     : DisplayBuiltIn::TriggerDemuraOemPlugIn: Trigger demura oem plugin success
07-29 18:35:44.178  2007  2305 I SDM     : DRMPanelFeatureMgr::ApplyDirtyFeature: Commited panel feature [enabled]: 20-272
07-29 18:35:44.179  2007  2305 I SDM     : DRMPanelFeatureMgr::ApplyDirtyFeature: Commited panel feature [enabled]: 8-271
07-29 18:35:44.194  3421  3421 D OplusWifiBroadCastDispatcher: mBroadcastReceiver: onReceiver  action=android.intent.action.BATTERY_LEVEL_CHANGED
07-29 18:35:44.194  3421  4696 D OplusWifiPowerService: onReceive action:android.intent.action.BATTERY_LEVEL_CHANGED
07-29 18:35:44.194  3421  3843 D ActivityManager: Async freezing 10207 com.android.settings
07-29 18:35:44.194  3421  4551 W OplusStorageManagerFeature: mScreenReceiver action:android.intent.action.BATTERY_LEVEL_CHANGED
07-29 18:35:44.194  3421  3843 D ActivityManager: Cancel freezing 10207 com.android.settings
07-29 18:35:44.194  3421  3843 D ActivityManager: Async freezing 10207 com.android.settings
07-29 18:35:44.194  3421  4551 I OplusStorageManagerFeature: TmemoryBetterySwitch: level=100 state=0
07-29 18:35:44.194  3421  4551 I OplusStorageManagerFeature: TmemoryBetterySwitch: action=0 state=2
07-29 18:35:44.195  3421  4551 W OplusStorageManagerFeature: Ready to deal actionParam:0
07-29 18:35:44.196  3421  3843 D ActivityManager: Cancel freezing 10207 com.android.settings
07-29 18:35:44.196 10207 10207 D BatteryUsageBroadcastReceiver: onReceive:android.intent.action.BATTERY_LEVEL_CHANGED
07-29 18:35:44.199  2273  2273 D VRR-[OPlusRefreshRateSelector]: setCurrentModeId 5 type SM
07-29 18:35:44.199  2273  3582 D VRR [OTI-HW]: isStateReady 1
07-29 18:35:44.199  2273  3582 D VRR [OTI-HW]: keep rate.
07-29 18:35:44.200  3421  3738 I DisplayDeviceRepository: Display device changed render timings: "Built-in Screen", renderFrameRate=60.000004, presentationDeadlineNanos=16666666, appVsyncOffsetNanos=1000000
07-29 18:35:44.200 10207 10207 D BatteryUsageBroadcastReceiver: fetch data because of event: ACTION_BATTERY_LEVEL_CHANGED
07-29 18:35:44.200  3421  3738 D LogicalDisplayExt: set displayInfo flag FLAG_ROTATES_WITH_CONTENT
07-29 18:35:44.200 10207 10207 D BatteryUsageBroadcastReceiver: cancel sendBroadcastToFetchUsageData when broadcastDelay is 2339991ms.
07-29 18:35:44.201  3421  3738 D DisplayManagerServiceExtImpl: scheduleTraversalLocked intraversal=false
07-29 18:35:44.201  3421  3738 I DisplayManagerServiceExtImpl: handle logical display changed logicalDisplay=id=0,stack=0,content=true,displayInfo{stack=0,type=1,id=0,uId=local:4630946756802996883,state=ON,pkg=null}
07-29 18:35:44.201  3421  3738 D DisplayManagerService: Delivering display event: displayId=0, event=CHANGED
07-29 18:35:44.201  3421  3861 D BrightnessThermalClamper: Thermal status observer already started
07-29 18:35:44.201  3421  3861 D BrightnessPowerClamper: Power throttling data is missing for configuration data.
07-29 18:35:44.201  3421  3421 E OplusGestureAnimationManagerPolicy: mScreenHeight:2376 mScreenWidth:1080 mRotation:0
07-29 18:35:44.203  3421  3548 D ActivityManager: Async freezing 10207 com.android.settings
07-29 18:35:44.204  3421  3736 D OplusVFXScreenEffectFeature: notifySFCompatWindowStateChange entered false
07-29 18:35:44.204  2273  2455 D [PREVIEW]: SF obtain preview_adapter: 0
07-29 18:35:44.204  2273  2455 D [PREVIEW]: TabletPreviewAdapter::parallel world 0
07-29 18:35:44.204  2251  7071 D AudioFlingerExtImpl: AudioFlingerExtImpl oplusSetParameters: keyvalue screen_state=on
07-29 18:35:44.204  2251  7071 D DeviceHalAidl: 0xb40000756227c200 DeviceHalAidl::setParameters
07-29 18:35:44.204  2251  7071 D DeviceHalAidl: setParameters: parameters: "screen_state=on"
07-29 18:35:44.205  3421  3736 D FSS_FoldScreenBlackCoverController: displayChangeToOn, dc:Display{#0 state=ON size=1080x2376 ROTATION_0}
07-29 18:35:44.205  1951  1951 I PAL: ResourceManager: setParameter: 11480: Screen State:1
07-29 18:35:44.205  3421  3736 D DisplayManagerService: performTraversalInternal pendingTraversal
07-29 18:35:44.205  3421  3736 D DisplayDevice: setLayerStackLocked id=local:4630946756802996883 token=android.os.BinderProxy@84d4318 stack=0->0
07-29 18:35:44.205  2251  7071 D DeviceHalAidl: 0xb40000756227c800 DeviceHalAidl::setParameters
07-29 18:35:44.206  2251  7071 D DeviceHalAidl: setParameters: parameters: "screen_state=on"
07-29 18:35:44.206  3421  3738 D DisplayManagerService: MSG_REQUEST_TRAVERSAL pendingCompleted=false
07-29 18:35:44.206  1951  1951 D AHAL_Module: updateScreenState: usb: 1
07-29 18:35:44.206  2251  7071 D DeviceHalAidl: 0xb40000756227ce00 DeviceHalAidl::setParameters
07-29 18:35:44.206  2251  7071 D DeviceHalAidl: setParameters: parameters: "screen_state=on"
07-29 18:35:44.206  1951  1951 D AHAL_Module: updateScreenState: r_submix: 1
07-29 18:35:44.206  4933  4933 I SystemUi--Statusbar: DisplayRepository-->combining enabled=[0], connectedExternalDisplayIds=[], ignored=[]
07-29 18:35:44.206  4754  4754 D CastManagerService: onDisplayChanged.
07-29 18:35:44.206  2251  7071 D DeviceHalAidl: 0xb40000756227d400 DeviceHalAidl::setParameters
07-29 18:35:44.206  2251  7071 D DeviceHalAidl: setParameters: parameters: "screen_state=on"
07-29 18:35:44.206  1951  1951 D AHAL_Module: updateScreenState: bluetooth: 1
07-29 18:35:44.206  2251  7071 D DeviceHalAidl: 0xb40000756227da00 DeviceHalAidl::setParameters
07-29 18:35:44.206  2251  7071 D DeviceHalAidl: setParameters: parameters: "screen_state=on"
07-29 18:35:44.206  1951  3687 D AHAL_Module: updateScreenState: bluetooth: 1
07-29 18:35:44.207  2251  7071 D DeviceHalAidl: 0xb40000756227e000 DeviceHalAidl::setParameters
07-29 18:35:44.207  2251  7071 D DeviceHalAidl: setParameters: parameters: "screen_state=on"
07-29 18:35:44.207  1951  3687 D AHAL_Module: updateScreenState: stub: 1
07-29 18:35:44.208  6599  6681 E oiface  : sched_setaffinity failed
07-29 18:35:44.208  8912  9655 W metis_v2_KnowledgeManager: Fire: isEmergency is true  debugFireMode = false [7f0000011753828503910310107523|p_7523_460e384@1|p_8912_e074f39@23|com.oplus.metis] [base|com.oplus.metis|1.5.5-f48228a]
07-29 18:35:44.208  2095  2148 I gameoptHal: targetfps updated 6 -- 60
07-29 18:35:44.208  8912  9655 W metis_v2_OifaceBindUtils: bindTask [7f0000011753828503910310107523|p_7523_460e384@1|p_8912_e074f39@23|com.oplus.metis]
07-29 18:35:44.208  8912  9655 W metis_v2_OifaceBindUtils: call connectOifaceService [7f0000011753828503910310107523|p_7523_460e384@1|p_8912_e074f39@23|com.oplus.metis]
07-29 18:35:44.209  6599  6681 E oiface  : sched_setaffinity failed
07-29 18:35:44.209  8912  9655 I metis_v2_KnowledgeManager: panta-sugg-Fire: count=1 [7f0000011753828503910310107523|p_7523_460e384@1|p_8912_e074f39@23|com.oplus.metis]
07-29 18:35:44.209  6599  6658 E oiface  : directSetTask: get cpuset path failed
07-29 18:35:44.211  8912  9655 I System.out: 'park_precondition_home_02' 
07-29 18:35:44.211  8912  9655 I System.out: 'park_precondition_company_02' 
07-29 18:35:44.211  8912  9655 I System.out: 'UBIQUITOUS_SERVICE#assistant_screen#NOT_AT_HOME_301' 
07-29 18:35:44.211  8912  9655 I System.out: 'UBIQUITOUS_SERVICE#assistant_screen#NOT_AT_OFFICE_401' 
07-29 18:35:44.211  8912  9655 I System.out: 'policy:NEAR_SUBWAY_BUS_STATION_2x4' 
07-29 18:35:44.212  8912  9655 W metis_v2_TimeDurationCompare: [com.oplus.metis#UBIQUITOUS_SERVICE#scene#tips#TipScene_EXIT] 'timestamp' is not literal. [7f0000011753828503910310107523|p_7523_460e384@1|p_8912_e074f39@23|com.oplus.metis]
07-29 18:35:44.213  8912  9655 D SceneIntentPublisher: headAction: pkg is com.oplus.metis and simpleRuleName is UBIQUITOUS_SERVICE#secne#activity_coloros_reminder_tips
07-29 18:35:44.218  8912  9655 D SceneIntentPublisher: headAction: pkg is com.oplus.metis and simpleRuleName is UBIQUITOUS_SERVICE#secne#activity_coloros_reminder_tips
07-29 18:35:44.222  8912  9655 I System.out: 'UBIQUITOUS_SERVICE#assistant_screen#NOT_AT_HOME_301' 
07-29 18:35:44.223  8912  9655 I System.out: 'tempPropertyForGuideStatus' 
07-29 18:35:44.225  8912  9655 D SceneIntentPublisher: headAction: pkg is com.oplus.metis and simpleRuleName is UBIQUITOUS_SERVICE#secne#activity_coloros_reminder_tips
07-29 18:35:44.225  8912  9655 W metis_v2_TimeDurationCompare: [com.oplus.metis#UBIQUITOUS_SERVICE#scene#tips#TipScene_EXIT] 'timestamp' is not literal. [7f0000011753828503910310107523|p_7523_460e384@1|p_8912_e074f39@23|com.oplus.metis]
07-29 18:35:44.226  5287  5332 D VendorTelephonyService: onTelephonyEventReport slotId =0 eventId=2009
07-29 18:35:44.226  5083  6419 D SaDataService: onTelephonyEventReport , subId= 0,slotId=-1 eventId=2009
07-29 18:35:44.226  5287  5332 D VendorTelephonyService: onTelephonyEventReport slotId =0 eventId=2009
07-29 18:35:44.226  5083  6419 D TelephonyImpl: notify eventId:2009 for list size:2
07-29 18:35:44.226  5287  5287 D VendorCallService: notityEventUpdate, eventId:2009, slotId = 0
07-29 18:35:44.227  5083  6419 D SaDataService: onTelephonyEventReport , subId= 1,slotId=0 eventId=2009
07-29 18:35:44.227  5083  6419 D TelephonyImpl: notify eventId:2009 for list size:2
07-29 18:35:44.227  5287  5332 D VendorTelephonyService: onTelephonyEventReport slotId =1 eventId=2009
07-29 18:35:44.227  5287  5332 D VendorTelephonyService: onTelephonyEventReport slotId =1 eventId=2009
07-29 18:35:44.227  5287  5287 D VendorCallService: notityEventUpdate, eventId:2009, slotId = 1
07-29 18:35:44.232  3421  3548 D CompatChangeReporter: Compat change id reported: 161145287; UID 10118; state: ENABLED
07-29 18:35:44.235  8912  9562 I ContextAware_GetInstalledAppsInfo: Update cache
07-29 18:35:44.236  8912  9655 W metis_v2_AbsTimerTriggered: [com.oplus.metis#UBIQUITOUS_SERVICE#health#LAUNCH-HEALTH-APP]: periodicTriggered's parseArgsToTimer meet exception periodic timer's first execute start time must >= time range start [7f0000011753828503910310107523|p_7523_460e384@1|p_8912_e074f39@23|com.oplus.metis]
07-29 18:35:44.236  8912  9655 W metis_v2_AbsTimerTriggered: [com.oplus.metis#UBIQUITOUS_SERVICE#health#LAUNCH-HEALTH-APP]: please check if builtin periodicTriggered's args is valid [7f0000011753828503910310107523|p_7523_460e384@1|p_8912_e074f39@23|com.oplus.metis]
07-29 18:35:44.238  8912  9655 I System.out: 'UBIQUITOUS_SERVICE#assistant_screen#NOT_AT_OFFICE_401' 
07-29 18:35:44.238  8912  9655 I metis_v2_KnowledgeManager: panta-sugg-Fire takes 29 milliseconds. [7f0000011753828503910310107523|p_7523_460e384@1|p_8912_e074f39@23|com.oplus.metis]
07-29 18:35:44.238  8912  9655 I ContextAware_PantanalIntentManager: intent (id-14111004+policyName-CLEAN_STORAGE) is not found in scene_intent_config [7f0000011753828503910310107523|p_7523_460e384@1|p_8912_e074f39@23|com.oplus.metis]
07-29 18:35:44.238  8912  9655 I metis_v2_SceneTravelingAdapter: recallTravellingIntent: [] [7f0000011753828503910310107523|p_7523_460e384@1|p_8912_e074f39@23|com.oplus.metis]
07-29 18:35:44.238  8912  9655 I ContextAware_ContextAware_SceneIntentManager: mLastIntentDataSet: [] [7f0000011753828503910310107523|p_7523_460e384@1|p_8912_e074f39@23|com.oplus.metis]
07-29 18:35:44.238  8912  9655 I ContextAware_ContextAware_SceneIntentManager: intentList: [IntentDataDTO(intent=IntentDTO=[sceneId=220500200, intentId=14111005, isExited=false, source=0, ownerId=com.oplus.metis, action=14111005, policyName=SUBSTITUTE_SCENE, serviceId=, sendExitedIntent=true, repeatable=false, sceneScore=-1.0, position=right, level=2, type=1, serviceInstanceId=null, isSupportMultiInstance=false, settingsPreference=null], items=[]), IntentDataDTO(intent=IntentDTO=[sceneId=210000000, intentId=12121002, isExited=true, source=0, ownerId=com.oplus.metis, action=12121002, policyName=TAKEOUT_ORDER_STATUS_CHANGE, serviceId=, sendExitedIntent=false, repeatable=false, sceneScore=-1.0, position=left, level=1, type=1, serviceInstanceId=null, isSupportMultiInstance=false, settingsPreference=null], items=[]), IntentDataDTO(intent=IntentDTO=[sceneId=null, intentId=14111004, isExited=true, source=0, ownerId=com.oplus.metis, action=14111004, policyName=CLEAN_STORAGE, serviceId=, sendExitedIntent=false, repeatable=false, sceneScore=-1.0, position=null, level=0, type=1, serviceInstanceId=null, isSupportMultiInstance=false, settingsPreference=null], items=[]), IntentDataDTO(intent=IntentDTO=[sceneId=null, intentId=12121002, isExited=true, source=0, ownerId=com.oplus.metis, action=12121002, policyName=TAKEOUT_ORDER_STATUS_CHANGE, serviceId=, sendExitedIntent=false, repeatable=false, sceneScore=-1.0, position=null, level=0, type=1, serviceInstanceId=null, isSupportMultiInstance=false, settingsPreference=null], items=[])] [7f0000011753828503910310107523|p_7523_460e384@1|p_8912_e074f39@23|com.oplus.metis]
07-29 18:35:44.238  8912  9655 I ContextAware_ContextAware_SceneIntentManager: missedIntent: [] [7f0000011753828503910310107523|p_7523_460e384@1|p_8912_e074f39@23|com.oplus.metis]
07-29 18:35:44.238  8912  9655 I metis_v2_SceneIntentManager: panta-sugg-Published intents: [7f0000011753828503910310107523|p_7523_460e384@1|p_8912_e074f39@23|com.oplus.metis]
07-29 18:35:44.238  8912  9655 I metis_v2_SceneIntentManager: panta-sugg-IntentDataDTO(intent=IntentDTO=[sceneId=220500200, intentId=14111005, isExited=false, source=0, ownerId=com.oplus.metis, action=14111005, policyName=SUBSTITUTE_SCENE, serviceId=, sendExitedIntent=true, repeatable=false, sceneScore=-1.0, position=right, level=2, type=1, serviceInstanceId=null, isSupportMultiInstance=false, settingsPreference=null], items=[]) [7f0000011753828503910310107523|p_7523_460e384@1|p_8912_e074f39@23|com.oplus.metis]
07-29 18:35:44.238  8912  9655 I metis_v2_SceneIntentManager: panta-sugg-IntentDataDTO(intent=IntentDTO=[sceneId=210000000, intentId=12121002, isExited=true, source=0, ownerId=com.oplus.metis, action=12121002, policyName=TAKEOUT_ORDER_STATUS_CHANGE, serviceId=, sendExitedIntent=false, repeatable=false, sceneScore=-1.0, position=left, level=1, type=1, serviceInstanceId=null, isSupportMultiInstance=false, settingsPreference=null], items=[]) [7f0000011753828503910310107523|p_7523_460e384@1|p_8912_e074f39@23|com.oplus.metis]
07-29 18:35:44.238  8912  9655 I metis_v2_SceneIntentManager: panta-sugg-IntentDataDTO(intent=IntentDTO=[sceneId=null, intentId=14111004, isExited=true, source=0, ownerId=com.oplus.metis, action=14111004, policyName=CLEAN_STORAGE, serviceId=, sendExitedIntent=false, repeatable=false, sceneScore=-1.0, position=null, level=0, type=1, serviceInstanceId=null, isSupportMultiInstance=false, settingsPreference=null], items=[]) [7f0000011753828503910310107523|p_7523_460e384@1|p_8912_e074f39@23|com.oplus.metis]
07-29 18:35:44.239  8912  9655 I metis_v2_SceneIntentManager: panta-sugg-IntentDataDTO(intent=IntentDTO=[sceneId=null, intentId=12121002, isExited=true, source=0, ownerId=com.oplus.metis, action=12121002, policyName=TAKEOUT_ORDER_STATUS_CHANGE, serviceId=, sendExitedIntent=false, repeatable=false, sceneScore=-1.0, position=null, level=0, type=1, serviceInstanceId=null, isSupportMultiInstance=false, settingsPreference=null], items=[]) [7f0000011753828503910310107523|p_7523_460e384@1|p_8912_e074f39@23|com.oplus.metis]
07-29 18:35:44.239  8912  9655 I ContextAware_MetisStatistics: uploadMetisIntentData enter {intent_source=0, intent_action=14111005, exit_type=, rule_name=UBIQUITOUS_SERVICE#secne#activity_coloros_reminder_tips, service_id=, scene_id=220500200, policy_name=SUBSTITUTE_SCENE, is_exited=false, intent_id=14111005, timestamp=1753828544239} [7f0000011753828503910310107523|p_7523_460e384@1|p_8912_e074f39@23|com.oplus.metis]
07-29 18:35:44.239  8912  9655 I ContextAware_PantanalIntentManager: getCloudIntentConfig [7f0000011753828503910310107523|p_7523_460e384@1|p_8912_e074f39@23|com.oplus.metis]
07-29 18:35:44.244  8912  9655 I ContextAware_PantanalIntentManager: getDownLoadConfig [7f0000011753828503910310107523|p_7523_460e384@1|p_8912_e074f39@23|com.oplus.metis]
07-29 18:35:44.249  8912  9671 I DeepThinkerSDK: [APP] ClientConnection: getDeepThinkerBridge start
07-29 18:35:44.249  8912  9671 I DeepThinkerSDK: [APP] ClientConnection: getDeepThinkerBridge end
07-29 18:35:44.249  3421  3885 D VRR [OPlusRefreshRateService]: handleConfigIdChange physicalDisplayId: 4630946756802996883 configId: 5 renderPeriod: 16666666
07-29 18:35:44.249  3421  3885 D VRR [OPlusSAManager]: updateModeChange old modeId [ 4 ] -> new modeId [ 5 ] mCurPolicy: 1
07-29 18:35:44.249  3421  3885 D VRR [OPlusSAManager]: updateSAScene active modeId: 5
07-29 18:35:44.249  3421  3885 D VRR [OPlusSAManager]: updateSAScene current policy: 1 active modeId: 5 scene: VRR_60
07-29 18:35:44.249  3421  3885 D VRR [OPlusOAManager]: Not OA business! new modeId: [5] active modeId: [4]
07-29 18:35:44.249  3421  3885 D VRR [OPlusGameStatusManager]: updateGameState mOSyncFeatureSwitch: false mIsGamePolicy: false
07-29 18:35:44.249  3421  3885 D VRR [OPlusGameStatusManager]: setLTMStatus false curPkgName: com.android.launcher curr status: false HeartStop: false HeartStopFromTGPA: false ActiveFPS: 60.000004
07-29 18:35:44.249  3421  3885 D VRR [OPlusGameStatusManager]: updateGameAccelerationStatus pkgName: com.android.launcher mOSyncFeatureSwitch: false mIsGamePolicy: false mHeartStop: false mHasFlickerRisk: false mForceAcceleration: false mToastReady: false enable: false
07-29 18:35:44.249  3421  3885 D VRR [OPlusGameStatusManager]: updateToastStatus enableAcceleration: false toastReady: false isGamePolicy: false desiredModeId: 5
07-29 18:35:44.249  3421  3885 D VRR [OPlusGameStatusManager]: updateToastStatus enableAcceleration: false toastReady: false isGamePolicy: false desiredModeId: 5
07-29 18:35:44.249  3421  3885 D VRR [OPlusExternalRefreshRateManager]:  updateRenderPeriodChange configId:5 current refresh rate:60.000004
07-29 18:35:44.258  8912  9655 I ContextAware_PantanalIntentManager: selectNewestConfig, assetVersion 202505301103, downloadVersion 202507161101 [7f0000011753828503910310107523|p_7523_460e384@1|p_8912_e074f39@23|com.oplus.metis]
07-29 18:35:44.264  8912  9655 I ContextAware_PantanalIntentManager: getCloudIntentConfig, cache cloud intent config [7f0000011753828503910310107523|p_7523_460e384@1|p_8912_e074f39@23|com.oplus.metis]
07-29 18:35:44.264  8912  9655 I ContextAware_PantanalIntentLruCache: create, key=14111004-CLEAN_STORAGE, create time=25 LruCache[maxSize=120,hits=214,misses=6,hitRate=97%] cacheSize=16 [7f0000011753828503910310107523|p_7523_460e384@1|p_8912_e074f39@23|com.oplus.metis]
07-29 18:35:44.264  8912 10174 E ContextAware_SortAlgorithmManager.ReorderProcessor.GuaranteedIntentManager: removeExternalIntent mExternalGuaranteedList invalid
07-29 18:35:44.264  8912  9655 I ContextAware_DecisionIntentProvider: uriPath:/negative_screen [7f0000011753828503910310107523|p_7523_460e384@1|p_8912_e074f39@23|com.oplus.metis]
07-29 18:35:44.264  8912  9655 I ContextAware_DecisionIntentProvider: mAssistantScreenList:[] [7f0000011753828503910310107523|p_7523_460e384@1|p_8912_e074f39@23|com.oplus.metis]
07-29 18:35:44.264  8912 10367 E ContextAware_SortAlgorithmManager.ReorderProcessor.GuaranteedIntentManager: removeExternalIntent mExternalGuaranteedList invalid
07-29 18:35:44.264  8912  9655 I DataCollector_SortAlgorithmManager.SortCommonUtil: mIntentList is empty. [7f0000011753828503910310107523|p_7523_460e384@1|p_8912_e074f39@23|com.oplus.metis]
07-29 18:35:44.264  8912 10082 E ContextAware_SortAlgorithmManager.ReorderProcessor.GuaranteedIntentManager: removeExternalIntent mExternalGuaranteedList invalid
