device
--------- beginning of main
07-29 20:19:16.423  3338  3338 E OplusTouchDaemon: ts_run_service: shellback temperature updated 37 (37549)
07-29 20:19:16.550  1958  4521 I Dpps    : LtmSwState::SetParameter():144 ignore cmd 7 in state LtmOffState
07-29 20:19:16.564 10707 10914 D BootUtil: savedDiffTime: 1753834706123, currentDiffTime: 1753834706123, isReboot: false
07-29 20:19:16.564  7467  7985 I SG::SettingManager: metisDomainObserver: data change. selfChange=false [base|com.oplus.pantanal.ums|1.5.5-f48228a]
07-29 20:19:16.570  8408  8455 I ContextAware_DomainProvider: ums getSubDomainInfo intentMap:{travel_preparation=travel, internal_aod_prompt=app_prompt, file_manager=system_tools, creation_activity=system_tools, internal_xiaobu=system_settings, takeout=life_service, terminals_cloud=system_tools, tips=system_settings, internal_assistant_screen=ASSISTANT_SCREEN, navigation=app_prompt, internal_intent_lib=system_tools, weather=system_tools, payment=financial_planning, internal_address_recognition=system_tools, communication=system_tools, train=travel, ridehailing=travel, repayment=financial_planning, course_reminder=workplace_learning, read=media_service, epidemic=travel, travel_service=life_service, movie_performance=life_service, living_expense_payment_reminder=life_service, application_suggestions=system_tools, open_wlan=system_settings, commute=life_service, clear_memory=system_settings, internal_upgrade=app_upgrade, close_torch=system_settings, flight=travel, movie_notice=life_service, event_services=media_service, game=system_tools, content_consult=media_service, sticky_note=system_tools, appointment_reminder=system_settings, departure_reminder=life_service, recording=system_tools, video=media_service, outdoor_activities=system_settings, festival_reminder=media_service, living_expenses=financial_planning, application_recommendat=system_tools, hotel=travel_epidemic, nearby_power_bank=life_service, audio=media_service, store_service=life_service, publictransit=travel, calendar=system_settings, delivery=life_service, internal_account_bind=account_bind, domestic_travel_service=life_service, xiaobu_assistant=system_tools, health=system_tools, app_usage=system_settings, meal=life_service, text_intent=system_tools, parking_service=travel, internal_demo_mode=sale_mode} [base|com.oplus.metis|1.5.5-f48228a]
07-29 20:19:16.573  8408  8455 I ContextAware_DomainProvider: ums getSubDomainInfo result:travel_preparation: true,internal_aod_prompt: false,file_manager: true,creation_activity: true,internal_xiaobu: false,takeout: true,terminals_cloud: true,tips: true,internal_assistant_screen: false,navigation: true,internal_intent_lib: false,weather: true,payment: true,internal_address_recognition: false,communication: true,train: true,ridehailing: true,repayment: true,course_reminder: true,read: true,epidemic: false,travel_service: true,movie_performance: true,living_expense_payment_reminder: true,application_suggestions: false,open_wlan: true,commute: true,clear_memory: true,internal_upgrade: false,close_torch: true,flight: true,movie_notice: true,event_services: true,game: true,content_consult: true,sticky_note: true,appointment_reminder: true,departure_reminder: true,recording: true,video: true,outdoor_activities: true,festival_reminder: false,living_expenses: false,application_recommendat: false,hotel: true,nearby_power_bank: true,audio: true,store_service: true,publictransit: true,calendar: true,delivery: true,internal_account_bind: false,domestic_travel_service: true,xiaobu_assistant: true,health: true,app_usage: true,meal: true,text_intent: true,parking_service: true,internal_demo_mode: false,
07-29 20:19:16.576  7467  7985 I SG::SettingManager: delete: []
07-29 20:19:16.576  7467  7985 I SG::SettingManager: query from metis: [CloudDataEntity(subDomain='travel_preparation', domain=travel), CloudDataEntity(subDomain='file_manager', domain=system_tools), CloudDataEntity(subDomain='creation_activity', domain=system_tools), CloudDataEntity(subDomain='takeout', domain=life_service), CloudDataEntity(subDomain='terminals_cloud', domain=system_tools), CloudDataEntity(subDomain='tips', domain=system_settings), CloudDataEntity(subDomain='navigation', domain=app_prompt), CloudDataEntity(subDomain='weather', domain=system_tools), CloudDataEntity(subDomain='payment', domain=financial_planning), CloudDataEntity(subDomain='communication', domain=system_tools), CloudDataEntity(subDomain='train', domain=travel), CloudDataEntity(subDomain='ridehailing', domain=travel), CloudDataEntity(subDomain='repayment', domain=financial_planning), CloudDataEntity(subDomain='course_reminder', domain=workplace_learning), CloudDataEntity(subDomain='read', domain=media_service), CloudDataEntity(subDomain='travel_service', domain=life_service), CloudDataEntity(subDomain='movie_performance', domain=life_service), CloudDataEntity(subDomain='living_expense_payment_reminder', domain=life_service), CloudDataEntity(subDomain='open_wlan', domain=system_settings), CloudDataEntity(subDomain='commute', domain=life_service), CloudDataEntity(subDomain='clear_memory', domain=system_settings), CloudDataEntity(subDomain='close_torch', domain=system_settings), CloudDataEntity(subDomain='flight', domain=travel), CloudDataEntity(subDomain='movie_notice', domain=life_service), CloudDataEntity(subDomain='event_services', domain=media_service), CloudDataEntity(subDomain='game', domain=system_tools), CloudDataEntity(subDomain='content_consult', domain=media_service), CloudDataEntity(subDomain='sticky_note', domain=system_tools), CloudDataEntity(subDomain='appointment_reminder', domain=system_settings), CloudDataEntity(subDomain='departure_reminder', domain=life_service), CloudDataEntity(subDomain='recording', domain=system_tools), CloudDataEntity(subDomain='video', domain=media_service), CloudDataEntity(subDomain='outdoor_activities', domain=system_settings), CloudDataEntity(subDomain='hotel', domain=travel_epidemic), CloudDataEntity(subDomain='nearby_power_bank', domain=life_service), CloudDataEntity(subDomain='audio', domain=media_service), CloudDataEntity(subDomain='store_service', domain=life_service), CloudDataEntity(subDomain='publictransit', domain=travel), CloudDataEntity(subDomain='calendar', domain=system_settings), CloudDataEntity(subDomain='delivery', domain=life_service), CloudDataEntity(subDomain='domestic_travel_service', domain=life_service), CloudDataEntity(subDomain='xiaobu_assistant', domain=system_tools), CloudDataEntity(subDomain='health', domain=system_tools), CloudDataEntity(subDomain='app_usage', domain=system_settings), CloudDataEntity(subDomain='meal', domain=life_service), CloudDataEntity(subDomain='text_intent', domain=system_tools), CloudDataEntity(subDomain='parking_service', domain=travel)]
07-29 20:19:16.594  7467  8721 I SG::UpdateSubDomainUtil: updateWhenMetisChange forceUpdate: false
07-29 20:19:16.594  7467  8721 W SG::UpdateSubDomainUtil: allChangeDomains is empty!
07-29 20:19:16.611  2057  2057 D SensorFeature: name=ssc_screenshot_info ,index = 22
07-29 20:19:16.611  2057  2057 D SensorFeature: write 29 bytes:48019748418,50487569823,133,0
07-29 20:19:16.814  1893  4529 I sensors-hal: handle_oplus_wise_rgb_event:189, high_pwm_light:lux 270.6,cct 3595.8,brl/algo/ir 1449.0/2.0/17.0,pwm/dc 0.0/0.0,rgbc 21097.894531/13060.840820/6025.263184/38786.968750,ts 50469011349,cnt 700,flag 65669
07-29 20:19:16.814  1958  4521 I Dpps    : LtmSwState::SetParameter():144 ignore cmd 7 in state LtmOffState
--------- beginning of system
07-29 20:19:16.874  3499  3896 D VRR [OPlusGameStatusManager]: handleMessage: 7004
07-29 20:19:16.874  3499  3896 D VRR [OPlusGameStatusManager]: handleBrightnessDone
07-29 20:19:16.913  2057  2057 D SensorFeature: name=ssc_screenshot_info ,index = 22
07-29 20:19:16.914  2057  2057 D SensorFeature: write 29 bytes:48019748418,50789597271,134,0
07-29 20:19:16.929  2076  2132 D BatteryChargeControl: bcc get no support from charging protocol
07-29 20:19:17.080  1958  4521 I Dpps    : LtmSwState::SetParameter():144 ignore cmd 7 in state LtmOffState
07-29 20:19:17.216  2057  2057 D SensorFeature: name=ssc_screenshot_info ,index = 22
07-29 20:19:17.216  2057  2057 D SensorFeature: write 29 bytes:48019748418,51092151854,135,0
07-29 20:19:17.258  3499  4474 V AlarmManager: sending alarm Alarm{a1672d1 type 2 origWhen 51135 whenElapsed 51135 android} uid 1000 whenElapsed 51135 windowLength 0 maxWhenElapsed 51135 repeatInterval 0 action null component null tag $android.alarm.generated:1000:51135 flags 0x9 procName system_server
07-29 20:19:17.262  3499  3776 D LocationManagerService: network provider removed registration from 10154/com.coloros.assistantscreen/622BEE57
07-29 20:19:17.299  5265  5265 D SubsysEventListenerManager-SubsysTelephonyCallback[0]: onCellInfoChanged
07-29 20:19:17.346  1893  4529 I sensors-hal: handle_oplus_wise_rgb_event:189, high_pwm_light:lux 270.5,cct 3595.5,brl/algo/ir 1449.0/2.0/17.2,pwm/dc 0.0/0.0,rgbc 21078.875000/13037.821289/6017.567871/38802.015625,ts 51075169839,cnt 710,flag 65671
07-29 20:19:17.347  1958  4521 I Dpps    : LtmSwState::SetParameter():144 ignore cmd 7 in state LtmOffState
07-29 20:19:17.387  3499  3879 D OplusFeatureHDREnhanceBrightness: notifySfForceUpdate, mFlinger is null 
07-29 20:19:17.389  3499  3879 D OplusFeatureHDREnhanceBrightness: checkIsPlayingHDR isPlayingHDR=0 rotation=0 whiteApp=false battery=100
07-29 20:19:17.523  2057  2057 D SensorFeature: name=ssc_screenshot_info ,index = 22
07-29 20:19:17.523  2057  2057 D SensorFeature: write 29 bytes:48019748418,51398416958,136,0
07-29 20:19:17.577  5107  6151 W BluetoothAdapterExtImpl: getBluetoothConnectionCount：mOplusBluetooth null!
07-29 20:19:17.580  5107  6151 D TelephonyImpl: isRequestingMms
07-29 20:19:17.580  5107  6151 D TelephonyImpl: getReleaseMmsNetworkTime
07-29 20:19:17.582  5107  6151 D OplusDdsSwitchStrategy: Md,OplusCheckFeature,RETURN_TO_CUR_ACTION_DDS
07-29 20:19:17.593  3499  5074 I OplusHansManager : uid=10157, pkg=com.baidu.input_oppo cannot transition from R to M, importance=input
07-29 20:19:17.614  1958  4521 I Dpps    : LtmSwState::SetParameter():144 ignore cmd 7 in state LtmOffState
07-29 20:19:17.826  2057  2057 D SensorFeature: name=ssc_screenshot_info ,index = 22
07-29 20:19:17.827  2057  2057 D SensorFeature: write 29 bytes:48019748418,51702517739,137,0
07-29 20:19:17.836  1889  1889 D healthd : system healthd: battery l=100 v=4338 t=33.9 h=2 st=2 c=-166 fc=5920000 cc=20 chg=u
07-29 20:19:17.864  6699  6710 W System  : A resource failed to call AbstractCursor.close. 
07-29 20:19:17.864  6699  6710 W System  : A resource failed to call AbstractCursor.close. 
07-29 20:19:17.864  6699  6710 W System  : A resource failed to call AbstractCursor.close. 
07-29 20:19:17.864  6699  6710 W System  : A resource failed to call AbstractCursor.close. 
07-29 20:19:17.868  2076  2076 D vendor.oplus.hardware.charger-V7-service: get_ui_charge_icon_type 0 0 0 0 0
07-29 20:19:17.868  2076  2076 D vendor.oplus.hardware.charger-V7-service: oplus_chg_get_cpa_power 2500 charge_online 1 retention_topic 0
07-29 20:19:17.869  2076  2076 D vendor.oplus.hardware.charger-V7-service: oplus_chg_get_cpa_power 2500 charge_online 1 retention_topic 0
07-29 20:19:17.869  2076  2076 D vendor.oplus.hardware.charger-V7-service: getIsSingleHyperSupport=2, cpa_power=2
07-29 20:19:17.869  3499  3846 D BatteryStatsImplExtImpl: mActiveProcesses size = 71
07-29 20:19:17.870  3499  3846 D BatteryStatsImplExtImpl: rpmhStats is null or interval time is too short.
07-29 20:19:17.876  1893  4529 I sensors-hal: handle_oplus_wise_rgb_event:189, high_pwm_light:lux 270.6,cct 3594.4,brl/algo/ir 1449.0/2.0/16.9,pwm/dc 0.0/0.0,rgbc 21088.384766/13051.632812/6017.567871/38797.000000,ts 51680751610,cnt 720,flag 65673
07-29 20:19:17.877  1958  4521 I Dpps    : LtmSwState::SetParameter():144 ignore cmd 7 in state LtmOffState
07-29 20:19:17.901  5107  6442 I PCDR-common_no_service[0]: lift forbidden
07-29 20:19:17.901  5107  6442 I PCDR-common_no_45g[0]: lift forbidden
07-29 20:19:17.930  2076  2132 D BatteryChargeControl: bcc get no support from charging protocol
07-29 20:19:18.130  2057  2057 D SensorFeature: name=ssc_screenshot_info ,index = 22
07-29 20:19:18.130  2057  2057 D SensorFeature: write 29 bytes:48019748418,52005581645,138,0
07-29 20:19:18.143  3499  4464 D FusionLightNextGen: process end reported = 1, mode: 0, lux 509.6, cct -1.0, r/g/b/c: 21055.1/13037.8/6033.0/38822.1, R/G/B: 106.0/100.0/99.0, bri 1449.0, match 1.00, ir 0.017034, conf 0.0, ts 51987556766
07-29 20:19:18.144  1958  4521 I Dpps    : LtmSwState::SetParameter():144 ignore cmd 7 in state LtmOffState
07-29 20:19:18.213  3499  4727 E OplusNetworkStackManager: initService mNetworkStackService is null, try again in 10s
07-29 20:19:18.218  1872  1877 E Diag-Router: diag: glinkpkt_open: failed to create control node for slate_adsp
07-29 20:19:18.218  1872  1877 E Diag-Router: diag: diag_glinkpkt_open_thread: Glinkpkt_open failed for perif: 13 with err: -1, retry_cnt: 8
07-29 20:19:18.218  1872  1876 E Diag-Router: diag: glinkpkt_open: failed to create control node for slate_apps
07-29 20:19:18.218  1872  1876 E Diag-Router: diag: diag_glinkpkt_open_thread: Glinkpkt_open failed for perif: 12 with err: -1, retry_cnt: 8
07-29 20:19:18.267  3499  4961 W Binder  : Outgoing transactions from this process must be FLAG_ONEWAY
07-29 20:19:18.267  3499  4961 W Binder  : java.lang.Throwable
07-29 20:19:18.267  3499  4961 W Binder  : 	at android.os.BinderProxy.transact(BinderProxy.java:633)
07-29 20:19:18.267  3499  4961 W Binder  : 	at android.content.ContentProviderProxy.insert(ContentProviderNative.java:587)
07-29 20:19:18.267  3499  4961 W Binder  : 	at android.content.ContentProviderClient.insert(ContentProviderClient.java:347)
07-29 20:19:18.267  3499  4961 W Binder  : 	at android.content.ContentProviderClient.insert(ContentProviderClient.java:336)
07-29 20:19:18.267  3499  4961 W Binder  : 	at com.oplus.util.OplusStatisticsImpl.insert(OplusStatisticsImpl.java:307)
07-29 20:19:18.267  3499  4961 W Binder  : 	at com.oplus.util.OplusStatisticsImpl.sendDataToDCS(OplusStatisticsImpl.java:287)
07-29 20:19:18.267  3499  4961 W Binder  : 	at com.oplus.util.OplusStatisticsImpl.flushInternal(OplusStatisticsImpl.java:264)
07-29 20:19:18.267  3499  4961 W Binder  : 	at com.oplus.util.OplusStatisticsImpl.lambda$setDelayFlushJobIfNeed$4(OplusStatisticsImpl.java:211)
07-29 20:19:18.267  3499  4961 W Binder  : 	at com.oplus.util.OplusStatisticsImpl.$r8$lambda$4UYTp2NCu6Rml69JNqEuK7o54SI(Unknown Source:0)
07-29 20:19:18.267  3499  4961 W Binder  : 	at com.oplus.util.OplusStatisticsImpl$$ExternalSyntheticLambda5.run(D8$$SyntheticClass:0)
07-29 20:19:18.267  3499  4961 W Binder  : 	at java.util.concurrent.Executors$RunnableAdapter.call(Executors.java:487)
07-29 20:19:18.267  3499  4961 W Binder  : 	at java.util.concurrent.FutureTask.run(FutureTask.java:290)
07-29 20:19:18.267  3499  4961 W Binder  : 	at java.util.concurrent.ScheduledThreadPoolExecutor$ScheduledFutureTask.run(ScheduledThreadPoolExecutor.java:307)
07-29 20:19:18.267  3499  4961 W Binder  : 	at java.util.concurrent.ThreadPoolExecutor.runWorker(ThreadPoolExecutor.java:1145)
07-29 20:19:18.267  3499  4961 W Binder  : 	at java.util.concurrent.ThreadPoolExecutor$Worker.run(ThreadPoolExecutor.java:644)
07-29 20:19:18.267  3499  4961 W Binder  : 	at java.lang.Thread.run(Thread.java:1012)
07-29 20:19:18.292  6572 12026 D ContactsProvider: performBackgroundTask: task id: 20
07-29 20:19:18.292  6572 12026 D ContactsProvider: performBackgroundTask: task id: 24
07-29 20:19:18.413  2076  2130 D vendor.oplus.hardware.charger-V7-service: ret_value:112, read content:,339,365,4338,4336,-166,92,100,1,1,0,494,4645,94,1,4475,300,500,0,7,-22,7,0,1,0,2,0,0,0,1,6098,99,0,0,0,0,0,0,0
07-29 20:19:18.413  2076  2130 D vendor.oplus.hardware.charger-V7-service: gmtime: 2025-07-29-20-19-18
07-29 20:19:18.413  2076  2130 D vendor.oplus.hardware.charger-V7-service: usb_online:1, ac_online:-2147483648, wireless_online:0
07-29 20:19:18.414  2076  2110 D vendor.oplus.hardware.charger-V7-service: s_chg_user_mode: 3
07-29 20:19:18.414  2076  2110 D vendor.oplus.hardware.charger-V7-service: scale_chg Start!!!
07-29 20:19:18.414  2076  2110 D vendor.oplus.hardware.charger-V7-service: [0, 0, 3]
07-29 20:19:18.414  2076  2110 D vendor.oplus.hardware.charger-V7-service: [0, 2, 9]
07-29 20:19:18.414  2076  2110 D vendor.oplus.hardware.charger-V7-service: [0, 1, 3]
07-29 20:19:18.414  2076  2110 D vendor.oplus.hardware.charger-V7-service: [0, 3, 3]
07-29 20:19:18.414  2076  2110 D vendor.oplus.hardware.charger-V7-service: [0, 4, 3]
07-29 20:19:18.414  2076  2110 D vendor.oplus.hardware.charger-V7-service: [0, 5, 5]
07-29 20:19:18.414  2076  2110 D vendor.oplus.hardware.charger-V7-service: [0, 6, 9]
07-29 20:19:18.414  2076  2110 D vendor.oplus.hardware.charger-V7-service: scale_chg Start!!!
07-29 20:19:18.414  2076  2110 D vendor.oplus.hardware.charger-V7-service: [0, 0, 3]
07-29 20:19:18.414  2076  2110 D vendor.oplus.hardware.charger-V7-service: [0, 2, 10]
07-29 20:19:18.414  2076  2110 D vendor.oplus.hardware.charger-V7-service: [0, 1, 3]
07-29 20:19:18.414  2076  2110 D vendor.oplus.hardware.charger-V7-service: [0, 3, 3]
07-29 20:19:18.414  2076  2110 D vendor.oplus.hardware.charger-V7-service: [0, 4, 3]
07-29 20:19:18.414  2076  2110 D vendor.oplus.hardware.charger-V7-service: [0, 5, 3]
07-29 20:19:18.415  2076  2110 D vendor.oplus.hardware.charger-V7-service: [0, 6, 10]
07-29 20:19:18.432  2057  2057 D SensorFeature: name=ssc_screenshot_info ,index = 22
07-29 20:19:18.432  2057  2057 D SensorFeature: write 29 bytes:48019748418,52309123833,139,0
07-29 20:19:18.434  1893  4529 I sensors-hal: handle_oplus_wise_rgb_event:189, high_pwm_light:lux 270.4,cct 3601.2,brl/algo/ir 1449.0/2.0/17.5,pwm/dc 0.0/0.0,rgbc 21055.099609/13047.029297/6017.567871/38786.968750,ts 52253438953,cnt 730,flag 65675
07-29 20:19:18.434  1958  4521 I Dpps    : LtmSwState::SetParameter():144 ignore cmd 7 in state LtmOffState
07-29 20:19:18.517  3499  4883 I Osense-BaseDecisionMaker: notifySceneToAthenaPolicy: SCENE_IDLE_RECOVER, bundle: Bundle[{scene=SCENE_IDLE_RECOVER}]
07-29 20:19:18.518  3499  4883 I Osense-BaseDecisionMaker: scene: SCENE_IDLE_RECOVER, excutingPolicy: respreload
07-29 20:19:18.518  3499  4883 D Osense-BaseDecisionMaker: invoke process preload policy
07-29 20:19:18.518  3499  4883 I Osense-BaseDecisionMaker: scene: SCENE_IDLE_RECOVER, excutingPolicy: clear
07-29 20:19:18.518  3499  4883 D Osense-BaseDecisionMaker: invoke clear policy,type: unforbid
07-29 20:19:18.518  3499  4883 I OsenseKillAction: KillAction: unhandled request: id=6, enable=true, scene=SCENE_IDLE_RECOVER, type=unforbid, cchOnly=false, appcare=0
07-29 20:19:18.627  6572 12026 D ContactsProvider: performBackgroundTask: task id: 21
07-29 20:19:18.627  6572 12026 D ContactsProvider: performBackgroundTask GET_QUICKSEARCH_VALUE
07-29 20:19:18.628  6572 12026 D ContactsProvider: performBackgroundTask: task id: 27
07-29 20:19:18.629  6572 12026 I com.customize.statistics.UploadStatisticsJobService: bootPermissionGranted : true
07-29 20:19:18.629  6572 12026 D CompatChangeReporter: Compat change id reported: 311402873; UID 10063; state: ENABLED
07-29 20:19:18.629  6572 12026 D CompatChangeReporter: Compat change id reported: 323349338; UID 10063; state: ENABLED
07-29 20:19:18.629  3499  5969 D CompatChangeReporter: Compat change id reported: 311402873; UID 10063; state: ENABLED
07-29 20:19:18.629  3499  5969 D CompatChangeReporter: Compat change id reported: 323349338; UID 10063; state: ENABLED
07-29 20:19:18.630  6572 12026 D ContactsProvider: performBackgroundTask: task id: 28
07-29 20:19:18.630  6572 12026 D ContactsProvider: performBackgroundTask: task id: 33
07-29 20:19:18.630  6572 12026 I ContactNumberHashHelper: start updateExistNumberHash
07-29 20:19:18.630  6572 12026 D ContactNumberHashHelper: updateExistNumberHash hasUpdated
07-29 20:19:18.672  1958  4521 I Dpps    : LtmSwState::SetParameter():144 ignore cmd 7 in state LtmOffState
07-29 20:19:18.733  2057  2057 D SensorFeature: name=ssc_screenshot_info ,index = 22
07-29 20:19:18.733  2057  2057 D SensorFeature: write 29 bytes:48019748418,52610021020,140,0
07-29 20:19:18.931  2076  2132 D BatteryChargeControl: bcc get no support from charging protocol
07-29 20:19:18.938  1893  4529 I sensors-hal: handle_oplus_wise_rgb_event:189, high_pwm_light:lux 270.6,cct 3596.2,brl/algo/ir 1449.0/2.0/17.3,pwm/dc 0.0/0.0,rgbc 21059.855469/13042.424805/6013.720215/38791.984375,ts 52586419891,cnt 740,flag 65676
07-29 20:19:18.939  1958  4521 I Dpps    : LtmSwState::SetParameter():144 ignore cmd 7 in state LtmOffState
07-29 20:19:19.036  2057  2057 D SensorFeature: name=ssc_screenshot_info ,index = 22
07-29 20:19:19.036  2057  2057 D SensorFeature: write 29 bytes:48019748418,52912105447,141,0
07-29 20:19:19.206  1958  4521 I Dpps    : LtmSwState::SetParameter():144 ignore cmd 7 in state LtmOffState
07-29 20:19:19.295  3499  3800 D OomAdjuster: Not killing cached processes
07-29 20:19:19.338  2057  2057 D SensorFeature: name=ssc_screenshot_info ,index = 22
07-29 20:19:19.338  2057  2057 D SensorFeature: write 29 bytes:48019748418,53214986488,142,0
07-29 20:19:19.352 12899 13034 D ProfileInstaller: Installing profile for com.oplus.linker
07-29 20:19:19.470  1893  4529 I sensors-hal: handle_oplus_wise_rgb_event:189, high_pwm_light:lux 270.5,cct 3595.4,brl/algo/ir 1449.0/2.0/17.1,pwm/dc 0.0/0.0,rgbc 21050.345703/13060.840820/6017.567871/38781.953125,ts 53192008120,cnt 750,flag 65678
07-29 20:19:19.471  1958  4521 I Dpps    : LtmSwState::SetParameter():144 ignore cmd 7 in state LtmOffState
07-29 20:19:19.644  2057  2057 D SensorFeature: name=ssc_screenshot_info ,index = 22
07-29 20:19:19.645  2057  2057 D SensorFeature: write 29 bytes:48019748418,53520525707,143,0
07-29 20:19:19.738  1958  4521 I Dpps    : LtmSwState::SetParameter():144 ignore cmd 7 in state LtmOffState
07-29 20:19:19.863  3499  3797 D Theia.TransparentWindow: handleMessage CHECK_TRANS_WINDOW_ERROR_MSG
07-29 20:19:19.932  2076  2132 D BatteryChargeControl: bcc get no support from charging protocol
07-29 20:19:19.946  2057  2057 D SensorFeature: name=ssc_screenshot_info ,index = 22
07-29 20:19:19.946  2057  2057 D SensorFeature: write 29 bytes:48019748418,53822967217,144,0
07-29 20:19:20.005  1893  4529 I sensors-hal: handle_oplus_wise_rgb_event:189, high_pwm_light:lux 271.2,cct 3609.5,brl/algo/ir 1449.0/2.0/16.5,pwm/dc 0.0/0.0,rgbc 21083.630859/13042.424805/6021.415527/38781.953125,ts 53806042339,cnt 760,flag 65680
07-29 20:19:20.007  1958  4521 I Dpps    : LtmSwState::SetParameter():144 ignore cmd 7 in state LtmOffState
07-29 20:19:20.171  5265  6134 E OplusNetworkStackManager: initService mNetworkStackService is null, try again in 10s
07-29 20:19:20.249  2057  2057 D SensorFeature: name=ssc_screenshot_info ,index = 22
07-29 20:19:20.249  2057  2057 D SensorFeature: write 29 bytes:48019748418,54124918155,145,0
07-29 20:19:20.273  1958  4521 I Dpps    : LtmSwState::SetParameter():144 ignore cmd 7 in state LtmOffState
07-29 20:19:20.552  2057  2057 D SensorFeature: name=ssc_screenshot_info ,index = 22
07-29 20:19:20.553  2057  2057 D SensorFeature: write 29 bytes:48019748418,54428301540,146,0
07-29 20:19:20.556  1893  4529 I sensors-hal: handle_oplus_wise_rgb_event:189, high_pwm_light:lux 270.1,cct 3589.6,brl/algo/ir 1449.0/2.0/17.5,pwm/dc 0.0/0.0,rgbc 21078.875000/13037.821289/6013.720215/38751.863281,ts 54378997807,cnt 770,flag 65682
07-29 20:19:20.557  5016  6300 E OplusNetworkStackManager: initService mNetworkStackService is null, try again in 10s
07-29 20:19:20.557  1958  4521 I Dpps    : LtmSwState::SetParameter():144 ignore cmd 7 in state LtmOffState
07-29 20:19:20.712  6644  6721 E oiface  : sched_setaffinity failed
07-29 20:19:20.713  2076  2076 D vendor.oplus.hardware.charger-V7-service: getChargerControl:
07-29 20:19:20.727  2058  2078 E PerformanceService: storage_feature: open /sys/devices/platform/soc/112b0000.ufshci//virtualtlcbuff fail
07-29 20:19:20.731  3499  5443 W BestClock: java.time.DateTimeException: Missing network time fix
07-29 20:19:20.731  3499  5443 W BestClock: java.time.DateTimeException: Missing network time fix
07-29 20:19:20.732  3499  5421 W BestClock: java.time.DateTimeException: Missing network time fix
07-29 20:19:20.799  3499  4464 D FusionLightNextGen: process end reported = 1, mode: 0, lux 506.5, cct -1.0, r/g/b/c: 21078.9/13037.8/6013.7/38751.9, R/G/B: 106.0/100.0/99.0, bri 1449.0, match 1.00, ir 0.018115, conf 0.0, ts 54446186037
07-29 20:19:20.800  1958  4521 I Dpps    : LtmSwState::SetParameter():144 ignore cmd 7 in state LtmOffState
07-29 20:19:20.856  2057  2057 D SensorFeature: name=ssc_screenshot_info ,index = 22
07-29 20:19:20.856  2057  2057 D SensorFeature: write 29 bytes:48019748418,54731349925,147,0
07-29 20:19:20.933  2076  2132 D BatteryChargeControl: bcc get no support from charging protocol
07-29 20:19:21.067  1893  4529 I sensors-hal: handle_oplus_wise_rgb_event:189, high_pwm_light:lux 270.7,cct 3596.4,brl/algo/ir 1449.0/2.0/17.2,pwm/dc 0.0/0.0,rgbc 21059.855469/13033.218750/6002.177734/38791.984375,ts 54712049526,cnt 780,flag 65683
07-29 20:19:21.069  1958  4521 I Dpps    : LtmSwState::SetParameter():144 ignore cmd 7 in state LtmOffState
07-29 20:19:21.159  2057  2057 D SensorFeature: name=ssc_screenshot_info ,index = 22
07-29 20:19:21.160  2057  2057 D SensorFeature: write 29 bytes:48019748418,55035394561,148,0
07-29 20:19:21.335  1958  4521 I Dpps    : LtmSwState::SetParameter():144 ignore cmd 7 in state LtmOffState
07-29 20:19:21.463  2057  2057 D SensorFeature: name=ssc_screenshot_info ,index = 22
07-29 20:19:21.463  2057  2057 D SensorFeature: write 29 bytes:48019748418,55339038884,149,0
07-29 20:19:21.599  1893  4529 I sensors-hal: handle_oplus_wise_rgb_event:189, high_pwm_light:lux 269.6,cct 3596.0,brl/algo/ir 1449.0/2.0/18.1,pwm/dc 0.0/0.0,rgbc 21036.080078/13042.424805/6017.567871/38746.847656,ts 55317684318,cnt 790,flag 65685
07-29 20:19:21.600  1958  4521 I Dpps    : LtmSwState::SetParameter():144 ignore cmd 7 in state LtmOffState
07-29 20:19:21.766  2057  2057 D SensorFeature: name=ssc_screenshot_info ,index = 22
07-29 20:19:21.767  2057  2057 D SensorFeature: write 29 bytes:48019748418,55642027581,150,0
07-29 20:19:21.767  1893  2033 I sensors-hal: get_display_brightness:818, light_iface: set screenshot_info [48019748418,55642027581,150,0]
07-29 20:19:21.865  1958  4521 I Dpps    : LtmSwState::SetParameter():144 ignore cmd 7 in state LtmOffState
07-29 20:19:21.934  2076  2132 D BatteryChargeControl: bcc get no support from charging protocol
07-29 20:19:22.069  2057  2057 D SensorFeature: name=ssc_screenshot_info ,index = 22
07-29 20:19:22.069  2057  2057 D SensorFeature: write 29 bytes:48019748418,55945771800,151,0
07-29 20:19:22.128  1893  4529 I sensors-hal: handle_oplus_wise_rgb_event:189, high_pwm_light:lux 270.8,cct 3598.3,brl/algo/ir 1449.0/2.0/16.9,pwm/dc 0.0/0.0,rgbc 21055.099609/13037.821289/6017.567871/38776.937500,ts 55923611193,cnt 800,flag 65687
07-29 20:19:22.129  1958  4521 I Dpps    : LtmSwState::SetParameter():144 ignore cmd 7 in state LtmOffState
07-29 20:19:22.375  2057  2057 D SensorFeature: name=ssc_screenshot_info ,index = 22
07-29 20:19:22.376  2057  2057 D SensorFeature: write 29 bytes:48019748418,56250929769,152,0
07-29 20:19:22.393  1958  4521 I Dpps    : LtmSwState::SetParameter():144 ignore cmd 7 in state LtmOffState
07-29 20:19:22.602  3499  5074 I OplusHansManager : uid=10157, pkg=com.baidu.input_oppo cannot transition from R to M, importance=input
07-29 20:19:22.679  2057  2057 D SensorFeature: name=ssc_screenshot_info ,index = 22
07-29 20:19:22.679  2057  2057 D SensorFeature: write 29 bytes:48019748418,56554822633,153,0
07-29 20:19:22.683  1893  4529 I sensors-hal: handle_oplus_wise_rgb_event:189, high_pwm_light:lux 270.1,cct 3595.2,brl/algo/ir 1449.0/2.0/17.7,pwm/dc 0.0/0.0,rgbc 21040.835938/13042.424805/6025.263184/38786.968750,ts 56504599526,cnt 810,flag 65689
07-29 20:19:22.684  1958  4521 I Dpps    : LtmSwState::SetParameter():144 ignore cmd 7 in state LtmOffState
07-29 20:19:22.725  7507 12203 I DpmTcmClient: RegisterTcmMonitor from: $Proxy3
07-29 20:19:22.728  2665  2665 D tcmd    : DpmCom :there are 1 file descriptor(s) with events pending
07-29 20:19:22.728  2665  2665 D tcmd    : DpmCom : 1 events pending, handling 1 for 21
07-29 20:19:22.728  2665  2665 D tcmd    : DpmCom :fd '21' is processing events [callback:0x57da79fa98, data:0xb400007a61c65280]
07-29 20:19:22.728  2665  2665 D tcmd    : LipcTcmServerPollEventHandler fd 21 -> nfd 22
07-29 20:19:22.728  2665  2665 D tcmd    : DpmCom::addComEventHandler fd 22, ComEventCallback 0x0, void* 0xb400007a61c65280, ComCloseCallback 0x57da79faa0, events 1
07-29 20:19:22.728  2665  2665 D tcmd    : waiting on events (-1ms)
07-29 20:19:22.730  7507 12203 E NearX.CloudConfig(mdp_1682).Request: url: https://mdp-appconf-cn.heytapdownload.com/v2/checkUpdate?body=H4sIAAAAAAAAAOOS5BLNz8wrSc0riU_JLE5MyklNic_JLC4RYBDiyE0piDc0szCSiuSSSM7P1UvOz8kvyi_WK05OzUstTi0qy0xOFThxfDK7FKOBEqOBFrt_XmpATmmxkXiAV5ShoUG8oameARBaGBtqOPsZGGpaKDuxQaS8mJz9AhgiGAA3unu0gAAAAA==&cloudConfigVersion=2.4.2.4 , request: CheckUpdateConfigRequest{item_list=[CheckUpdateConfigItem{config_code=ointent_disabled_list, version=0}], product_id=mdp_1682, system_condition=SystemCondition{package_name=com.coloros.sceneservice, version_code=15000520, build_number=0, channel_id=0, platform_brand=OnePlus, platform_os_version=PJZ110_15.0.0.831(CN01), platform_android_version=35, model=PJZ110, region_code=CN, adg_model=0, preview=0}} 
07-29 20:19:22.730  7507 12203 E NearX.CloudConfig(mdp_1682).Request:  error response: code[400], reason: java.net.UnknownHostException: Unable to resolve host "mdp-appconf-cn.heytapdownload.com": No address associated with hostname, 
07-29 20:19:22.730  7507 12203 E NearX.CloudConfig(mdp_1682).Request:  header[{}],
07-29 20:19:22.730  7507 12203 E NearX.CloudConfig(mdp_1682).Request:  body:[] 
07-29 20:19:22.731  7507 12207 E OIntent(sceneservice)-OnlineClient: updateDisabled failed in. 未匹配到符合条件的数据
07-29 20:19:22.927  1958  4521 I Dpps    : LtmSwState::SetParameter():144 ignore cmd 7 in state LtmOffState
07-29 20:19:22.935  2076  2132 D BatteryChargeControl: bcc get no support from charging protocol
07-29 20:19:22.955  1889  1889 D healthd : system healthd: battery l=100 v=4339 t=33.9 h=2 st=2 c=-174 fc=5920000 cc=20 chg=u
07-29 20:19:22.980  2057  2057 D SensorFeature: name=ssc_screenshot_info ,index = 22
07-29 20:19:22.981  2057  2057 D SensorFeature: write 29 bytes:48019748418,56857628883,154,0
07-29 20:19:22.982  7120  8245 E OplusNetworkStackManager: initService mNetworkStackService is null, try again in 10s
07-29 20:19:22.993  2076  2076 D vendor.oplus.hardware.charger-V7-service: get_ui_charge_icon_type 0 0 0 0 0
07-29 20:19:22.994  2076  2076 D vendor.oplus.hardware.charger-V7-service: oplus_chg_get_cpa_power 2500 charge_online 1 retention_topic 0
07-29 20:19:22.994  2076  2076 D vendor.oplus.hardware.charger-V7-service: oplus_chg_get_cpa_power 2500 charge_online 1 retention_topic 0
07-29 20:19:22.994  2076  2076 D vendor.oplus.hardware.charger-V7-service: getIsSingleHyperSupport=2, cpa_power=2
07-29 20:19:23.193  1893  4529 I sensors-hal: handle_oplus_wise_rgb_event:189, high_pwm_light:lux 270.4,cct 3595.7,brl/algo/ir 1449.0/2.0/17.4,pwm/dc 0.0/0.0,rgbc 21064.609375/13033.218750/6013.720215/38786.968750,ts 56837556037,cnt 820,flag 65690
07-29 20:19:23.194  1958  4521 I Dpps    : LtmSwState::SetParameter():144 ignore cmd 7 in state LtmOffState
07-29 20:19:23.219  1872  1876 E Diag-Router: diag: glinkpkt_open: failed to create control node for slate_apps
07-29 20:19:23.219  1872  1877 E Diag-Router: diag: glinkpkt_open: failed to create control node for slate_adsp
07-29 20:19:23.220  1872  1877 E Diag-Router: diag: diag_glinkpkt_open_thread: Glinkpkt_open failed for perif: 13 with err: -1, retry_cnt: 9
07-29 20:19:23.220  1872  1876 E Diag-Router: diag: diag_glinkpkt_open_thread: Glinkpkt_open failed for perif: 12 with err: -1, retry_cnt: 9
07-29 20:19:23.287  2057  2057 D SensorFeature: name=ssc_screenshot_info ,index = 22
07-29 20:19:23.287  2057  2057 D SensorFeature: write 29 bytes:48019748418,57162098727,155,0
07-29 20:19:23.414  2076  2130 D vendor.oplus.hardware.charger-V7-service: ret_value:112, read content:,339,361,4339,4338,-174,92,100,1,1,0,494,4647,94,1,4475,300,500,0,7,-22,7,0,1,0,2,0,0,0,1,6098,99,0,0,0,0,0,0,0
07-29 20:19:23.415  2076  2130 D vendor.oplus.hardware.charger-V7-service: gmtime: 2025-07-29-20-19-23
07-29 20:19:23.415  2076  2130 D vendor.oplus.hardware.charger-V7-service: usb_online:1, ac_online:-2147483648, wireless_online:0
07-29 20:19:23.415  2076  2110 D vendor.oplus.hardware.charger-V7-service: s_chg_user_mode: 3
07-29 20:19:23.415  2076  2110 D vendor.oplus.hardware.charger-V7-service: scale_chg Start!!!
07-29 20:19:23.415  2076  2110 D vendor.oplus.hardware.charger-V7-service: [0, 0, 3]
07-29 20:19:23.415  2076  2110 D vendor.oplus.hardware.charger-V7-service: [0, 2, 9]
07-29 20:19:23.415  2076  2110 D vendor.oplus.hardware.charger-V7-service: [0, 1, 3]
07-29 20:19:23.415  2076  2110 D vendor.oplus.hardware.charger-V7-service: [0, 3, 3]
07-29 20:19:23.415  2076  2110 D vendor.oplus.hardware.charger-V7-service: [0, 4, 3]
07-29 20:19:23.415  2076  2110 D vendor.oplus.hardware.charger-V7-service: [0, 5, 5]
07-29 20:19:23.416  2076  2110 D vendor.oplus.hardware.charger-V7-service: [0, 6, 9]
07-29 20:19:23.416  2076  2110 D vendor.oplus.hardware.charger-V7-service: scale_chg Start!!!
07-29 20:19:23.416  2076  2110 D vendor.oplus.hardware.charger-V7-service: [0, 0, 3]
07-29 20:19:23.416  2076  2110 D vendor.oplus.hardware.charger-V7-service: [0, 2, 10]
07-29 20:19:23.416  2076  2110 D vendor.oplus.hardware.charger-V7-service: [0, 1, 3]
07-29 20:19:23.416  2076  2110 D vendor.oplus.hardware.charger-V7-service: [0, 3, 3]
07-29 20:19:23.416  2076  2110 D vendor.oplus.hardware.charger-V7-service: [0, 4, 3]
07-29 20:19:23.416  2076  2110 D vendor.oplus.hardware.charger-V7-service: [0, 5, 3]
07-29 20:19:23.417  2076  2110 D vendor.oplus.hardware.charger-V7-service: [0, 6, 10]
07-29 20:19:23.460  3499  4464 D FusionLightNextGen: process end reported = 1, mode: 0, lux 509.9, cct -1.0, r/g/b/c: 21045.6/13051.6/6006.0/38797.0, R/G/B: 106.0/100.0/99.0, bri 1449.0, match 1.00, ir 0.017080, conf 0.0, ts 57144786297
07-29 20:19:23.461  1958  4521 I Dpps    : LtmSwState::SetParameter():144 ignore cmd 7 in state LtmOffState
07-29 20:19:23.593  2057  2057 D SensorFeature: name=ssc_screenshot_info ,index = 22
07-29 20:19:23.593  2057  2057 D SensorFeature: write 29 bytes:48019748418,57468658154,156,0
07-29 20:19:23.721  1893  4529 I sensors-hal: handle_oplus_wise_rgb_event:189, high_pwm_light:lux 271.0,cct 3596.9,brl/algo/ir 1449.0/2.0/16.7,pwm/dc 0.0/0.0,rgbc 21064.609375/13070.047852/6017.567871/38791.984375,ts 57451866714,cnt 830,flag 65692
07-29 20:19:23.722  1958  4521 I Dpps    : LtmSwState::SetParameter():144 ignore cmd 7 in state LtmOffState
07-29 20:19:23.896  2057  2057 D SensorFeature: name=ssc_screenshot_info ,index = 22
07-29 20:19:23.896  2057  2057 D SensorFeature: write 29 bytes:48019748418,57772202372,157,0
07-29 20:19:23.935  2076  2132 D BatteryChargeControl: bcc get no support from charging protocol
07-29 20:19:23.987  1958  4521 I Dpps    : LtmSwState::SetParameter():144 ignore cmd 7 in state LtmOffState
07-29 20:19:24.199  2057  2057 D SensorFeature: name=ssc_screenshot_info ,index = 22
07-29 20:19:24.199  2057  2057 D SensorFeature: write 29 bytes:48019748418,58075179455,158,0
07-29 20:19:24.253  1893  4529 I sensors-hal: handle_oplus_wise_rgb_event:189, high_pwm_light:lux 270.7,cct 3596.3,brl/algo/ir 1449.0/2.0/16.9,pwm/dc 0.0/0.0,rgbc 21074.121094/13042.424805/6013.720215/38781.953125,ts 58057685672,cnt 840,flag 65694
07-29 20:19:24.254  1958  4521 I Dpps    : LtmSwState::SetParameter():144 ignore cmd 7 in state LtmOffState
07-29 20:19:24.395  2015  2053 I [UAH_CLIENT]: UahRelease, handle:20
07-29 20:19:24.396  2015  2053 I [UAH_CLIENT]: UahPlatformResAcquire
07-29 20:19:24.396  2015  2053 I [UAH_CLIENT]: UahEventAcquire, cmdid:-3, pkg:2015 12946, identity:qcom-perfd
07-29 20:19:24.397  2015  2053 E PERFHAL-RESOURCEQS: PERFHAL-RESOURCEQS: AddAndApply() 130: Resource with major=18, minor=41 not supported
07-29 20:19:24.500 12949 13040 I SystemFeature: operator:{oppo.cmcc.mp:false, browser.cmcc:false, browser.test.cmcc:false, browser.cmcc.bookmark:false, browser.test.cmcc.bookmark:false, browser.cmcc.home:false, browser.test.cmcc.home:false
07-29 20:19:24.500 12949 13040 I SystemFeature: cu.optr:false, browser.cu:false, browser.test.cu:false
07-29 20:19:24.500 12949 13040 I SystemFeature: ct.optr:false, browser.ct:false, browser.test.ct:false
07-29 20:19:24.500 12949 13040 I SystemFeature: }
07-29 20:19:24.502  2057  2057 D SensorFeature: name=ssc_screenshot_info ,index = 22
07-29 20:19:24.503  2057  2057 D SensorFeature: write 29 bytes:48019748418,58378555809,159,0
07-29 20:19:24.504 12949 13040 I IdentityUtil: initIdentity: success, duidInit=true, uuid=d7830aefe1185a1d969e64bfc89f60a7
07-29 20:19:24.505  7626  7775 I OpenID  : com.heytap.pictorial:3142:ret:T
07-29 20:19:24.513 12949 13040 D Identity: nonceAndCounter: c7b39cba7e7f000e000000000000000d
07-29 20:19:24.518  1958  4521 I Dpps    : LtmSwState::SetParameter():144 ignore cmd 7 in state LtmOffState
07-29 20:19:24.561  1243 12994 I keystore2: system/security/keystore2/watchdog/src/lib.rs:319 - Watchdog thread idle -> terminating. Have a great day.
07-29 20:19:24.651  3499  5421 I InputDispatcher: injectInputEvent: targetUid=<not set>, syncMode=WAIT_FOR_FINISHED, timeout=30000ms, policyFlags=0x8000000, event=MotionEvent { action=DOWN, id[0]=0, x[0]=900, y[0]=30, eventTime=58528000000, downTime=58528000000, deviceId=4, source=TOUCHSCREEN, displayId=0, eventId=0xfa4057e3}
07-29 20:19:24.651  2217  3288 D VRR [OTI]: handleIdle from 1 to 0
07-29 20:19:24.651  2217  3288 D VRR [OTI-HW]: isStateReady 0
07-29 20:19:24.651  2217  3288 D VRR [OTI-HW]: restore sys rate.
07-29 20:19:24.651  2217  3288 D VRR [RefreshRateDirector]: requestRefreshRateByOti update [ oti-hw, {fps=120, modePtr={id=4, vsyncRate=120.00 Hz, peakRefreshRate=120.00 Hz}} ]
07-29 20:19:24.651  2217  3288 D VRR [RefreshRateDirector]: selectBestFrameRate DirectorMapOti [oti-hw, {fps=120, modePtr={id=4, vsyncRate=120.00 Hz, peakRefreshRate=120.00 Hz}}]
07-29 20:19:24.651  2217  3288 D VRR [RefreshRateDirector]: updateBestFrameRate [oti-hw, {fps=120, modePtr={id=4, vsyncRate=120.00 Hz, peakRefreshRate=120.00 Hz}}]
07-29 20:19:24.651  3499  4916 I [UAH_CLIENT]: UahEventAcquire, cmdid:37, pkg:none, identity:OplusUAwareInputHelper
07-29 20:19:24.651  2217  3288 D SurfaceFlinger: VRR [SurfaceFlinger] setDesiredActiveMode: displayId: 4630946756802996883, renderRate: 120, vsyncRate: 120, event: 1
07-29 20:19:24.651  2217  3288 D DisplayModeController: setDesiredMode 4630946756802996883 {mode={fps=120.00 Hz, modePtr={id=4, vsyncRate=120.00 Hz, peakRefreshRate=120.00 Hz}}, emitEvent=true, force=false}
07-29 20:19:24.652  3499  4916 D UAH-UahAdaptHelper: adaptSetNotification identity = OplusUAwareInputHelpersrc = 1000 , type 0 ,p1 = -1 ,p2 = -1 ,p3 = -1 ,p4 =
07-29 20:19:24.652  3499  4916 I [UAH_CLIENT]: uahRuleCtl, ruleId:1000, status:0
07-29 20:19:24.652  3499  4720 D OMP_Detector: D:done mCurrStatus: 0
07-29 20:19:24.653  2015  2053 I [UAH_CLIENT]: UahPlatformResAcquire
07-29 20:19:24.653  2015  2053 I [UAH_CLIENT]: UahEventAcquire, cmdid:-3, pkg:2217 6832, identity:qcom-perfd
07-29 20:19:24.653  3499  3877 D PowerManagerService: userActivityNoUpdateLocked: groupId=0, eventTime=58528, event=touch, flags=0x0, uid=1000
07-29 20:19:24.653  4957  4957 V AutofillManager: requestHideFillUi(null): anchor = null
07-29 20:19:24.653  4957  4957 V Application: getAutofillClient(): null on super, trying to find activity thread
07-29 20:19:24.653  4957  4957 V Application: getAutofillClient(): none of the 0 activities on com.android.systemui.SystemUIApplication@85b7d66 are top resumed nor have focus
07-29 20:19:24.653  4957  4957 V AutofillManager: No AutofillClient for com.android.systemui on context com.android.systemui.SystemUIApplication@85b7d66
07-29 20:19:24.653  2015  2053 E PERFHAL-RESOURCEQS: PERFHAL-RESOURCEQS: AddAndApply() 130: Resource with major=18, minor=41 not supported
07-29 20:19:24.653  2015  2053 I [UAH_CLIENT]: UahRelease, handle:35
07-29 20:19:24.656  4957  4957 I PluginSeedling--Capsule: CapsuleTouchEventHandler-->onInterceptTouchEvent interceptEvent: false
07-29 20:19:24.656  3499  3799 W UserAwareMgr: can not find match thread: GaussianBlur for process com.android.systemui
07-29 20:19:24.657  4957  5499 I [UAH_CLIENT]: UahEventAcquire, cmdid:97, pkg:none, identity:OsenseHelperImpl
07-29 20:19:24.657  4957  4957 I SystemUi--Common: ScrollTranslationValue-->resetPanelTranslationY
07-29 20:19:24.658  4957  4957 I SystemUi--QuickSettings: OplusPanelViewPagerController-->initExpanded downExpanded=NONE downOnRight=true targetPage=NOTIFICATION downOnYHotArea=true  isKeyguardShowing=false isOnKeyguard=false fractionListeners.size=0 currentQsFraction=0.0 currentNotifyFraction=0.0 hasCalledDownEvent=true getScrollXHotZone=([Rect(0, 0 - 1080, 2376)], [Rect(-1, -1 - -1, -1), Rect(157, 1999 - 283, 2125), Rect(823, 1999 - 949, 2125)]) getScrollYHotZone=Rect(0, 0 - 1080, 66) notifyExpandedFraction=0.0 isLastUpToExpand=false qsPanelView.translationX=0.0
07-29 20:19:24.658  4957  4957 I SystemUi--QuickSettings: OplusPanelViewPagerController-->shouldOpenQS  set targetPage=QS
07-29 20:19:24.658  4957  4957 I SystemUi--Common: ScrollTranslationValue-->resetPanelTranslationY
07-29 20:19:24.658  4957  4957 I SystemUi--QuickSettings: OplusPanelViewPagerController-->initExpanded downExpanded=NONE downOnRight=true targetPage=QS downOnYHotArea=true  isKeyguardShowing=false isOnKeyguard=false fractionListeners.size=0 currentQsFraction=0.0 currentNotifyFraction=0.0 hasCalledDownEvent=true getScrollXHotZone=([Rect(0, 0 - 1080, 2376)], [Rect(-1, -1 - -1, -1), Rect(157, 1999 - 283, 2125), Rect(823, 1999 - 949, 2125)]) getScrollYHotZone=Rect(0, 0 - 1080, 66) notifyExpandedFraction=0.0 isLastUpToExpand=false qsPanelView.translationX=0.0
07-29 20:19:24.658  4957  4957 I SystemUi--QuickSettings: OplusPanelViewPagerController-->shouldOpenQS  set targetPage=QS
07-29 20:19:24.658  4957  4957 I SystemUi--QuickSettings: OplusQSPageViewController-->reset(), pageList size:2 itemCount:2 oldIndex:0 curIndex:0
07-29 20:19:24.658  4957  4957 I SystemUi--QuickSettings: OplusQSRootViewController-->startExpandMotion event: 0, startTracking: false isClosing: false panelClosedOnDown: true
07-29 20:19:24.658  4957  4957 I SystemUi--QuickSettings: OplusQSRootViewController-->initialOffsetOnTouch: 0.0, panelClosedOnDown: true
07-29 20:19:24.658  4957  4957 I SystemUi--QuickSettings: OplusQSRootView-->disallowChildIntercept:false
07-29 20:19:24.658  4957  4957 I SystemUi--QuickSettings: OplusQSRootViewController-->startExpandMotion event: 0, startTracking: false isClosing: false panelClosedOnDown: true
07-29 20:19:24.658  4957  4957 I SystemUi--QuickSettings: OplusQSRootViewController-->initialOffsetOnTouch: 0.0, panelClosedOnDown: true
07-29 20:19:24.658  4957  4957 I SystemUi--QuickSettings: OplusQSRootViewController-->onTouchEvent() ACTION_DOWN, canSlideHToQSOnStatusBar:true, gestureWaitForTouchSlop:true, panelClosedOnDown:true, panelClosingOnDown:false, pointerIndex:0
07-29 20:19:24.659  3499  5421 I InputDispatcher: injectInputEvent: targetUid=<not set>, syncMode=WAIT_FOR_FINISHED, timeout=30000ms, policyFlags=0x8000000, event=MotionEvent { action=MOVE, id[0]=0, x[0]=900, y[0]=82.5332, eventTime=58536000000, downTime=58528000000, deviceId=4, source=TOUCHSCREEN, displayId=0, eventId=0xd2e263d5}
07-29 20:19:24.659  3499  4916 I [UAH_CLIENT]: UahEventAcquire, cmdid:68, pkg:none, identity:OplusUAwareInputHelper
07-29 20:19:24.659  2217  2217 I DisplayModeController: hwc begin mode change to 8333333
07-29 20:19:24.659  2217  2217 I HWC2    : [0] setActiveConfigWithConstraints[4]
07-29 20:19:24.660  1958  6547 W SDM     : HWDeviceDRM::GetSupportedBitClkRate: Requested rate not supported: 1363200000
07-29 20:19:24.660  1958  6547 I SDM     : HWDeviceDRM::UpdateMixerAttributes: Mixer WxH 1440x3168-1 for Peripheral
07-29 20:19:24.660  1958  6547 I CwbService: CwbService::notifyConfigChange: display:0, config:4 size:4, sec.size():0
07-29 20:19:24.660  1958  6547 I CwbService: CwbService::notifyConfigChange: display: 0, config = 0
07-29 20:19:24.660  1958  3126 I CasManager: Fps changed from 60 to 120
07-29 20:19:24.660  1958  3126 I CasManager: Fps changed, not change bin, so trigger gain
07-29 20:19:24.660  1958  3126 W SDM     : DemuraIntfImpl::ProcessOemPluginGain: Thermal intf_ is nullptr 0, default to 25 degree
07-29 20:19:24.660  1958  3126 I SDM     : CasQcPlugIn::ProcessPerCompGainOppo: input params, mode:PWM, fps:120, dbv:1449
07-29 20:19:24.660  1958  3126 I SDM     : CasQcPlugIn::ProcessPerCompGainOppo: normalized bright_adj:1024, dbv:1449, bin_dbv:1083, 
07-29 20:19:24.660  1958  3126 I SDM     : CasQcPlugIn::ProcessPerCompGainOppo: gains print start =====================
07-29 20:19:24.660  1958  3126 I SDM     : CasQcPlugIn::ProcessPerCompGainOppo: gain --------------------------------
07-29 20:19:24.660  1958  3126 I SDM     : CasQcPlugIn::ProcessPerCompGainOppo: old: 0 0 0 57 90 322 1201 3072
07-29 20:19:24.660  1958  3126 I SDM     : CasQcPlugIn::ProcessPerCompGainOppo: new: 0 0 0 47 77 279 1040 3072
07-29 20:19:24.660  1958  3126 I SDM     : CasQcPlugIn::ProcessPerCompGainOppo: gain --------------------------------
07-29 20:19:24.660  1958  3126 I SDM     : CasQcPlugIn::ProcessPerCompGainOppo: old: 0 0 0 64 125 373 1336 3072
07-29 20:19:24.660  1958  3126 I SDM     : CasQcPlugIn::ProcessPerCompGainOppo: new: 0 0 0 53 99 373 1336 3072
07-29 20:19:24.660  1958  3126 I SDM     : CasQcPlugIn::ProcessPerCompGainOppo: gain --------------------------------
07-29 20:19:24.660  1958  3126 I SDM     : CasQcPlugIn::ProcessPerCompGainOppo: old: 0 0 0 42 83 323 1222 3072
07-29 20:19:24.660  1958  3126 I SDM     : CasQcPlugIn::ProcessPerCompGainOppo: new: 0 0 0 35 83 323 1222 3072
07-29 20:19:24.660  1958  3126 I SDM     : CasQcPlugIn::ProcessPerCompGainOppo: gains print end =======================
07-29 20:19:24.664  1958  3126 I SDM     : DemuraIntfImpl::StageAllData: Staged all data to Demura Driver!
07-29 20:19:24.664  1958  3126 I SDM     : HWPeripheralDRM::SetPanelFeature: Set Panel feature property 19
07-29 20:19:24.664  1958  3126 I SDM     : HWPeripheralDRM::SetPanelFeature: Set Panel feature property 7
07-29 20:19:24.664  1958  3126 I SDM     : DisplayBuiltIn::TriggerDemuraOemPlugIn: Trigger demura oem plugin success
07-29 20:19:24.665  4957  4957 I SystemUi--QuickSettings: OplusQSRootViewController-->startExpandMotion event: 2, startTracking: true isClosing: false panelClosedOnDown: true
07-29 20:19:24.665  4957  4957 I SystemUi--QuickSettings: OplusQSRootViewController-->endClosing()
07-29 20:19:24.665  1958  2269 I SDM     : DRMPanelFeatureMgr::ApplyDirtyFeature: Commited panel feature [enabled]: 20-272
07-29 20:19:24.665  1958  2269 I SDM     : DRMPanelFeatureMgr::ApplyDirtyFeature: Commited panel feature [enabled]: 8-271
07-29 20:19:24.666  4957  4957 I SystemUi--QuickSettings: QSPanelExpandFraction-->updateFraction, stiffness=500.0, finalPosition=0.19164388
07-29 20:19:24.666  3499  5421 I InputDispatcher: injectInputEvent: targetUid=<not set>, syncMode=WAIT_FOR_FINISHED, timeout=30000ms, policyFlags=0x8000000, event=MotionEvent { action=MOVE, id[0]=0, x[0]=900, y[0]=128.5, eventTime=58543000000, downTime=58528000000, deviceId=4, source=TOUCHSCREEN, displayId=0, eventId=0xf3dd67ae}
07-29 20:19:24.667  3499  4505 D SystemGestures: detectSwipe: 1
07-29 20:19:24.681  3499  4474 V AlarmManager: sending alarm Alarm{6d8f140 type 3 origWhen 39810 whenElapsed 39810 android} uid 1000 whenElapsed 39810 windowLength 18748 maxWhenElapsed 58558 repeatInterval 0 action null component null tag WifiHealthMonitor Schedule Post-Boot Detection Timer flags 0x8 procName system_server
07-29 20:19:24.681  4957  4957 I SystemUi--QuickSettings: OplusQSRootViewController-->setQsVisible: true rawFraction:0.012729313
07-29 20:19:24.681  3499  5421 I InputDispatcher: injectInputEvent: targetUid=<not set>, syncMode=WAIT_FOR_FINISHED, timeout=30000ms, policyFlags=0x8000000, event=MotionEvent { action=MOVE, id[0]=0, x[0]=900, y[0]=233.566, eventTime=58559000000, downTime=58528000000, deviceId=4, source=TOUCHSCREEN, displayId=0, eventId=0xf896fb98}
07-29 20:19:24.682  4957  4957 I SystemUi--QuickSettings: OplusQSRootViewController-->setListening: true
07-29 20:19:24.682  4957  4957 I SystemUi--QuickSettings: OplusLargeTileContainerViewController-->setListening listening=true
07-29 20:19:24.682  4957  4957 I SystemUi--QuickSettings: QSBrightnessFactory-->setListening listening:true
07-29 20:19:24.683  4957  4957 I SystemUi--QuickSettings: OplusQsBrightnessSliderController-->setListening listening:true mView: com.oplus.systemui.plugins.qs.widget.OplusQsToggleSliderLayout{f94b28e V.E...... ......ID 558,244-737,643 #7f0a09f0 app:id/qs_brightness_slider_layout alpha=0.0 viewInfo = } value:0
07-29 20:19:24.683  4957  4957 I SystemUi--QuickSettings: OplusQsVolumeSliderController-->updateVolumeSeekBarMaxProgress: isNeedUpdate=true, maxVolumeProgress=16000, seekBarMaxProgress=1600, isInit=false
07-29 20:19:24.683  4957  4957 I SystemUi--QuickSettings: OplusQsVolumeSliderController-->updateVolumeSeekBarProgress: isNeedUpdate=true, isAllowUpdate=true, volumeLevel=0, seekBarLevel=0, initialVolumeSliderProgress=0, initialSeekBarVolumeLevel=-1, progressUpdated=false
