07-29 06:52:35.280  7948  9241 E metis_v2_JenaHandlerManager: local thread match [7f0000011753786313399303407390|p_7390_483c256@1|p_7948_b221340@1|com.oplus.metis]
07-29 06:52:35.280  7948  9241 E metis_v2_JenaHandlerManager: local thread match [7f0000011753786313399303407390|p_7390_483c256@1|p_7948_b221340@1|com.oplus.metis]
07-29 06:52:35.280  7948  9241 E metis_v2_JenaHandlerManager: local thread match [7f0000011753786313399303407390|p_7390_483c256@1|p_7948_b221340@1|com.oplus.metis]
07-29 06:52:35.280  7948  9241 E metis_v2_JenaHandlerManager: local thread match [7f0000011753786313399303407390|p_7390_483c256@1|p_7948_b221340@1|com.oplus.metis]
07-29 06:52:35.280  7948  9241 E metis_v2_JenaHandlerManager: local thread match [7f0000011753786313399303407390|p_7390_483c256@1|p_7948_b221340@1|com.oplus.metis]
07-29 06:52:35.280  7948  9241 E metis_v2_JenaHandlerManager: local thread match [7f0000011753786313399303407390|p_7390_483c256@1|p_7948_b221340@1|com.oplus.metis]
07-29 06:52:35.280  7948  9241 E metis_v2_JenaHandlerManager: local thread match [7f0000011753786313399303407390|p_7390_483c256@1|p_7948_b221340@1|com.oplus.metis]
07-29 06:52:35.280  7948  9241 E metis_v2_JenaHandlerManager: local thread match [7f0000011753786313399303407390|p_7390_483c256@1|p_7948_b221340@1|com.oplus.metis]
07-29 06:52:35.280  7948  9241 E metis_v2_JenaHandlerManager: local thread match [7f0000011753786313399303407390|p_7390_483c256@1|p_7948_b221340@1|com.oplus.metis]
07-29 06:52:35.280  7948  9241 E metis_v2_JenaHandlerManager: local thread match [7f0000011753786313399303407390|p_7390_483c256@1|p_7948_b221340@1|com.oplus.metis]
07-29 06:52:35.280  7948  9241 E metis_v2_JenaHandlerManager: local thread match [7f0000011753786313399303407390|p_7390_483c256@1|p_7948_b221340@1|com.oplus.metis]
07-29 06:52:35.280  7948  9241 E metis_v2_JenaHandlerManager: local thread match [7f0000011753786313399303407390|p_7390_483c256@1|p_7948_b221340@1|com.oplus.metis]
07-29 06:52:35.280  7948  9241 E metis_v2_JenaHandlerManager: local thread match [7f0000011753786313399303407390|p_7390_483c256@1|p_7948_b221340@1|com.oplus.metis]
07-29 06:52:35.280  7948  9241 E metis_v2_JenaHandlerManager: local thread match [7f0000011753786313399303407390|p_7390_483c256@1|p_7948_b221340@1|com.oplus.metis]
07-29 06:52:35.280  7948  9241 E metis_v2_JenaHandlerManager: local thread match [7f0000011753786313399303407390|p_7390_483c256@1|p_7948_b221340@1|com.oplus.metis]
07-29 06:52:35.280  7948  9241 E metis_v2_JenaHandlerManager: local thread match [7f0000011753786313399303407390|p_7390_483c256@1|p_7948_b221340@1|com.oplus.metis]
07-29 06:52:35.280  7948  9241 E metis_v2_JenaHandlerManager: local thread match [7f0000011753786313399303407390|p_7390_483c256@1|p_7948_b221340@1|com.oplus.metis]
07-29 06:52:35.280  7948  9241 E metis_v2_JenaHandlerManager: local thread match [7f0000011753786313399303407390|p_7390_483c256@1|p_7948_b221340@1|com.oplus.metis]
07-29 06:52:35.280  7948  9241 E metis_v2_JenaHandlerManager: local thread match [7f0000011753786313399303407390|p_7390_483c256@1|p_7948_b221340@1|com.oplus.metis]
07-29 06:52:35.280  7948  9241 E metis_v2_JenaHandlerManager: local thread match [7f0000011753786313399303407390|p_7390_483c256@1|p_7948_b221340@1|com.oplus.metis]
07-29 06:52:35.280  7948  9241 E metis_v2_JenaHandlerManager: local thread match [7f0000011753786313399303407390|p_7390_483c256@1|p_7948_b221340@1|com.oplus.metis]
07-29 06:52:35.280  7948  9241 E metis_v2_JenaHandlerManager: local thread match [7f0000011753786313399303407390|p_7390_483c256@1|p_7948_b221340@1|com.oplus.metis]
07-29 06:52:35.280  7948  9241 E metis_v2_JenaHandlerManager: local thread match [7f0000011753786313399303407390|p_7390_483c256@1|p_7948_b221340@1|com.oplus.metis]
07-29 06:52:35.280  7948  9241 E metis_v2_JenaHandlerManager: local thread match [7f0000011753786313399303407390|p_7390_483c256@1|p_7948_b221340@1|com.oplus.metis]
07-29 06:52:35.280  7948  9241 E metis_v2_JenaHandlerManager: local thread match [7f0000011753786313399303407390|p_7390_483c256@1|p_7948_b221340@1|com.oplus.metis]
07-29 06:52:35.280  7948  9241 E metis_v2_JenaHandlerManager: local thread match [7f0000011753786313399303407390|p_7390_483c256@1|p_7948_b221340@1|com.oplus.metis]
07-29 06:52:35.280  7948  9241 E metis_v2_JenaHandlerManager: local thread match [7f0000011753786313399303407390|p_7390_483c256@1|p_7948_b221340@1|com.oplus.metis]
07-29 06:52:35.280  7948  9241 E metis_v2_JenaHandlerManager: local thread match [7f0000011753786313399303407390|p_7390_483c256@1|p_7948_b221340@1|com.oplus.metis]
07-29 06:52:35.280  7948  9241 E metis_v2_JenaHandlerManager: local thread match [7f0000011753786313399303407390|p_7390_483c256@1|p_7948_b221340@1|com.oplus.metis]
07-29 06:52:35.280  7948  9241 E metis_v2_JenaHandlerManager: local thread match [7f0000011753786313399303407390|p_7390_483c256@1|p_7948_b221340@1|com.oplus.metis]
07-29 06:52:35.280  7948  9241 E metis_v2_JenaHandlerManager: local thread match [7f0000011753786313399303407390|p_7390_483c256@1|p_7948_b221340@1|com.oplus.metis]
07-29 06:52:35.280  7948  9241 E metis_v2_JenaHandlerManager: local thread match [7f0000011753786313399303407390|p_7390_483c256@1|p_7948_b221340@1|com.oplus.metis]
07-29 06:52:35.280  7948  9241 E metis_v2_JenaHandlerManager: local thread match [7f0000011753786313399303407390|p_7390_483c256@1|p_7948_b221340@1|com.oplus.metis]
07-29 06:52:35.280  7948  9241 E metis_v2_JenaHandlerManager: local thread match [7f0000011753786313399303407390|p_7390_483c256@1|p_7948_b221340@1|com.oplus.metis]
07-29 06:52:35.280  7948  9241 E metis_v2_JenaHandlerManager: local thread match [7f0000011753786313399303407390|p_7390_483c256@1|p_7948_b221340@1|com.oplus.metis]
07-29 06:52:35.280  7948  9241 E metis_v2_JenaHandlerManager: local thread match [7f0000011753786313399303407390|p_7390_483c256@1|p_7948_b221340@1|com.oplus.metis]
07-29 06:52:35.280  7948  9241 E metis_v2_JenaHandlerManager: local thread match [7f0000011753786313399303407390|p_7390_483c256@1|p_7948_b221340@1|com.oplus.metis]
07-29 06:52:35.280  7948  9241 E metis_v2_JenaHandlerManager: local thread match [7f0000011753786313399303407390|p_7390_483c256@1|p_7948_b221340@1|com.oplus.metis]
07-29 06:52:35.280  7948  9241 E metis_v2_JenaHandlerManager: local thread match [7f0000011753786313399303407390|p_7390_483c256@1|p_7948_b221340@1|com.oplus.metis]
07-29 06:52:35.280  7948  9241 E metis_v2_JenaHandlerManager: local thread match [7f0000011753786313399303407390|p_7390_483c256@1|p_7948_b221340@1|com.oplus.metis]
07-29 06:52:35.280  7948  9241 E metis_v2_JenaHandlerManager: local thread match [7f0000011753786313399303407390|p_7390_483c256@1|p_7948_b221340@1|com.oplus.metis]
07-29 06:52:35.280  7948  9241 E metis_v2_JenaHandlerManager: local thread match [7f0000011753786313399303407390|p_7390_483c256@1|p_7948_b221340@1|com.oplus.metis]
07-29 06:52:35.280  7948  9241 E metis_v2_JenaHandlerManager: local thread match [7f0000011753786313399303407390|p_7390_483c256@1|p_7948_b221340@1|com.oplus.metis]
07-29 06:52:35.280  7948  9241 E metis_v2_JenaHandlerManager: local thread match [7f0000011753786313399303407390|p_7390_483c256@1|p_7948_b221340@1|com.oplus.metis]
07-29 06:52:35.280  7948  9241 E metis_v2_JenaHandlerManager: local thread match [7f0000011753786313399303407390|p_7390_483c256@1|p_7948_b221340@1|com.oplus.metis]
07-29 06:52:35.280  7948  9241 E metis_v2_JenaHandlerManager: local thread match [7f0000011753786313399303407390|p_7390_483c256@1|p_7948_b221340@1|com.oplus.metis]
07-29 06:52:35.280  7948  9241 E metis_v2_JenaHandlerManager: local thread match [7f0000011753786313399303407390|p_7390_483c256@1|p_7948_b221340@1|com.oplus.metis]
07-29 06:52:35.280  7948  9241 E metis_v2_JenaHandlerManager: local thread match [7f0000011753786313399303407390|p_7390_483c256@1|p_7948_b221340@1|com.oplus.metis]
07-29 06:52:35.280  7948  9241 E metis_v2_JenaHandlerManager: local thread match [7f0000011753786313399303407390|p_7390_483c256@1|p_7948_b221340@1|com.oplus.metis]
07-29 06:52:35.280  7948  9241 E metis_v2_JenaHandlerManager: local thread match [7f0000011753786313399303407390|p_7390_483c256@1|p_7948_b221340@1|com.oplus.metis]
07-29 06:52:35.280  7948  9241 E metis_v2_JenaHandlerManager: local thread match [7f0000011753786313399303407390|p_7390_483c256@1|p_7948_b221340@1|com.oplus.metis]
07-29 06:52:35.280  7948  9241 E metis_v2_JenaHandlerManager: local thread match [7f0000011753786313399303407390|p_7390_483c256@1|p_7948_b221340@1|com.oplus.metis]
07-29 06:52:35.280  7948  9241 E metis_v2_JenaHandlerManager: local thread match [7f0000011753786313399303407390|p_7390_483c256@1|p_7948_b221340@1|com.oplus.metis]
07-29 06:52:35.280  7948  9241 E metis_v2_JenaHandlerManager: local thread match [7f0000011753786313399303407390|p_7390_483c256@1|p_7948_b221340@1|com.oplus.metis]
07-29 06:52:35.280  7948  9241 E metis_v2_JenaHandlerManager: local thread match [7f0000011753786313399303407390|p_7390_483c256@1|p_7948_b221340@1|com.oplus.metis]
07-29 06:52:35.280  7948  9241 E metis_v2_JenaHandlerManager: local thread match [7f0000011753786313399303407390|p_7390_483c256@1|p_7948_b221340@1|com.oplus.metis]
07-29 06:52:35.280  7948  9241 E metis_v2_JenaHandlerManager: local thread match [7f0000011753786313399303407390|p_7390_483c256@1|p_7948_b221340@1|com.oplus.metis]
07-29 06:52:35.280  7948  9241 E metis_v2_JenaHandlerManager: local thread match [7f0000011753786313399303407390|p_7390_483c256@1|p_7948_b221340@1|com.oplus.metis]
07-29 06:52:35.280  7948  9241 E metis_v2_JenaHandlerManager: local thread match [7f0000011753786313399303407390|p_7390_483c256@1|p_7948_b221340@1|com.oplus.metis]
07-29 06:52:35.280  7948  9241 E metis_v2_JenaHandlerManager: local thread match [7f0000011753786313399303407390|p_7390_483c256@1|p_7948_b221340@1|com.oplus.metis]
07-29 06:52:35.280  7948  9241 E metis_v2_JenaHandlerManager: local thread match [7f0000011753786313399303407390|p_7390_483c256@1|p_7948_b221340@1|com.oplus.metis]
07-29 06:52:35.280  7948  9241 E metis_v2_JenaHandlerManager: local thread match [7f0000011753786313399303407390|p_7390_483c256@1|p_7948_b221340@1|com.oplus.metis]
07-29 06:52:35.280  7948  9241 E metis_v2_JenaHandlerManager: local thread match [7f0000011753786313399303407390|p_7390_483c256@1|p_7948_b221340@1|com.oplus.metis]
07-29 06:52:35.280  7948  9241 E metis_v2_JenaHandlerManager: local thread match [7f0000011753786313399303407390|p_7390_483c256@1|p_7948_b221340@1|com.oplus.metis]
07-29 06:52:35.280  7948  9241 E metis_v2_JenaHandlerManager: local thread match [7f0000011753786313399303407390|p_7390_483c256@1|p_7948_b221340@1|com.oplus.metis]
07-29 06:52:35.280  7948  9241 E metis_v2_JenaHandlerManager: local thread match [7f0000011753786313399303407390|p_7390_483c256@1|p_7948_b221340@1|com.oplus.metis]
07-29 06:52:35.280  7948  9241 E metis_v2_JenaHandlerManager: local thread match [7f0000011753786313399303407390|p_7390_483c256@1|p_7948_b221340@1|com.oplus.metis]
07-29 06:52:35.280  7948  9241 E metis_v2_JenaHandlerManager: local thread match [7f0000011753786313399303407390|p_7390_483c256@1|p_7948_b221340@1|com.oplus.metis]
07-29 06:52:35.280  7948  9241 E metis_v2_JenaHandlerManager: local thread match [7f0000011753786313399303407390|p_7390_483c256@1|p_7948_b221340@1|com.oplus.metis]
07-29 06:52:35.280  7948  9241 E metis_v2_JenaHandlerManager: local thread match [7f0000011753786313399303407390|p_7390_483c256@1|p_7948_b221340@1|com.oplus.metis]
07-29 06:52:35.280  7948  9241 E metis_v2_JenaHandlerManager: local thread match [7f0000011753786313399303407390|p_7390_483c256@1|p_7948_b221340@1|com.oplus.metis]
07-29 06:52:35.280  7948  9241 E metis_v2_JenaHandlerManager: local thread match [7f0000011753786313399303407390|p_7390_483c256@1|p_7948_b221340@1|com.oplus.metis]
07-29 06:52:35.280  7948  9241 E metis_v2_JenaHandlerManager: local thread match [7f0000011753786313399303407390|p_7390_483c256@1|p_7948_b221340@1|com.oplus.metis]
07-29 06:52:35.280  7948  9241 E metis_v2_JenaHandlerManager: local thread match [7f0000011753786313399303407390|p_7390_483c256@1|p_7948_b221340@1|com.oplus.metis]
07-29 06:52:35.280  7948  9241 E metis_v2_JenaHandlerManager: local thread match [7f0000011753786313399303407390|p_7390_483c256@1|p_7948_b221340@1|com.oplus.metis]
07-29 06:52:35.280  7948  9241 E metis_v2_JenaHandlerManager: local thread match [7f0000011753786313399303407390|p_7390_483c256@1|p_7948_b221340@1|com.oplus.metis]
07-29 06:52:35.280  7948  9241 E metis_v2_JenaHandlerManager: local thread match [7f0000011753786313399303407390|p_7390_483c256@1|p_7948_b221340@1|com.oplus.metis]
07-29 06:52:35.280  7948  9241 E metis_v2_JenaHandlerManager: local thread match [7f0000011753786313399303407390|p_7390_483c256@1|p_7948_b221340@1|com.oplus.metis]
07-29 06:52:35.280  7948  9241 E metis_v2_JenaHandlerManager: local thread match [7f0000011753786313399303407390|p_7390_483c256@1|p_7948_b221340@1|com.oplus.metis]
07-29 06:52:35.280  7948  9241 E metis_v2_JenaHandlerManager: local thread match [7f0000011753786313399303407390|p_7390_483c256@1|p_7948_b221340@1|com.oplus.metis]
07-29 06:52:35.280  7948  9241 E metis_v2_JenaHandlerManager: local thread match [7f0000011753786313399303407390|p_7390_483c256@1|p_7948_b221340@1|com.oplus.metis]
07-29 06:52:35.280  7948  9241 E metis_v2_JenaHandlerManager: local thread match [7f0000011753786313399303407390|p_7390_483c256@1|p_7948_b221340@1|com.oplus.metis]
07-29 06:52:35.280  7948  9241 E metis_v2_JenaHandlerManager: local thread match [7f0000011753786313399303407390|p_7390_483c256@1|p_7948_b221340@1|com.oplus.metis]
07-29 06:52:35.280  7948  9241 E metis_v2_JenaHandlerManager: local thread match [7f0000011753786313399303407390|p_7390_483c256@1|p_7948_b221340@1|com.oplus.metis]
07-29 06:52:35.280  7948  9241 E metis_v2_JenaHandlerManager: local thread match [7f0000011753786313399303407390|p_7390_483c256@1|p_7948_b221340@1|com.oplus.metis]
07-29 06:52:35.280  7948  9241 E metis_v2_JenaHandlerManager: local thread match [7f0000011753786313399303407390|p_7390_483c256@1|p_7948_b221340@1|com.oplus.metis]
07-29 06:52:35.280  7948  9241 E metis_v2_JenaHandlerManager: local thread match [7f0000011753786313399303407390|p_7390_483c256@1|p_7948_b221340@1|com.oplus.metis]
07-29 06:52:35.280  7948  9241 E metis_v2_JenaHandlerManager: local thread match [7f0000011753786313399303407390|p_7390_483c256@1|p_7948_b221340@1|com.oplus.metis]
07-29 06:52:35.280  7948  9241 E metis_v2_JenaHandlerManager: local thread match [7f0000011753786313399303407390|p_7390_483c256@1|p_7948_b221340@1|com.oplus.metis]
07-29 06:52:35.280  7948  9241 E metis_v2_JenaHandlerManager: local thread match [7f0000011753786313399303407390|p_7390_483c256@1|p_7948_b221340@1|com.oplus.metis]
07-29 06:52:35.280  7948  9241 E metis_v2_JenaHandlerManager: local thread match [7f0000011753786313399303407390|p_7390_483c256@1|p_7948_b221340@1|com.oplus.metis]
07-29 06:52:35.280  7948  9241 E metis_v2_JenaHandlerManager: local thread match [7f0000011753786313399303407390|p_7390_483c256@1|p_7948_b221340@1|com.oplus.metis]
07-29 06:52:35.280  7948  9241 E metis_v2_JenaHandlerManager: local thread match [7f0000011753786313399303407390|p_7390_483c256@1|p_7948_b221340@1|com.oplus.metis]
07-29 06:52:35.280  7948  9241 E metis_v2_JenaHandlerManager: local thread match [7f0000011753786313399303407390|p_7390_483c256@1|p_7948_b221340@1|com.oplus.metis]
07-29 06:52:35.280  7948  9241 E metis_v2_JenaHandlerManager: local thread match [7f0000011753786313399303407390|p_7390_483c256@1|p_7948_b221340@1|com.oplus.metis]
07-29 06:52:35.280  7948  9241 E metis_v2_JenaHandlerManager: local thread match [7f0000011753786313399303407390|p_7390_483c256@1|p_7948_b221340@1|com.oplus.metis]
07-29 06:52:35.280  7948  9241 E metis_v2_JenaHandlerManager: local thread match [7f0000011753786313399303407390|p_7390_483c256@1|p_7948_b221340@1|com.oplus.metis]
07-29 06:52:35.280  7948  9241 E metis_v2_JenaHandlerManager: local thread match [7f0000011753786313399303407390|p_7390_483c256@1|p_7948_b221340@1|com.oplus.metis]
07-29 06:52:35.280  7948  9241 E metis_v2_JenaHandlerManager: local thread match [7f0000011753786313399303407390|p_7390_483c256@1|p_7948_b221340@1|com.oplus.metis]
07-29 06:52:35.280  7948  9241 E metis_v2_JenaHandlerManager: local thread match [7f0000011753786313399303407390|p_7390_483c256@1|p_7948_b221340@1|com.oplus.metis]
07-29 06:52:35.280  7948  9241 E metis_v2_JenaHandlerManager: local thread match [7f0000011753786313399303407390|p_7390_483c256@1|p_7948_b221340@1|com.oplus.metis]
07-29 06:52:35.280  7948  9241 E metis_v2_JenaHandlerManager: local thread match [7f0000011753786313399303407390|p_7390_483c256@1|p_7948_b221340@1|com.oplus.metis]
07-29 06:52:35.280  7948  9241 E metis_v2_JenaHandlerManager: local thread match [7f0000011753786313399303407390|p_7390_483c256@1|p_7948_b221340@1|com.oplus.metis]
07-29 06:52:35.280  7948  9241 E metis_v2_JenaHandlerManager: local thread match [7f0000011753786313399303407390|p_7390_483c256@1|p_7948_b221340@1|com.oplus.metis]
07-29 06:52:35.280  7948  9241 E metis_v2_JenaHandlerManager: local thread match [7f0000011753786313399303407390|p_7390_483c256@1|p_7948_b221340@1|com.oplus.metis]
07-29 06:52:35.280  7948  9241 E metis_v2_JenaHandlerManager: local thread match [7f0000011753786313399303407390|p_7390_483c256@1|p_7948_b221340@1|com.oplus.metis]
07-29 06:52:35.280  7948  9241 E metis_v2_JenaHandlerManager: local thread match [7f0000011753786313399303407390|p_7390_483c256@1|p_7948_b221340@1|com.oplus.metis]
07-29 06:52:35.280  7948  9241 E metis_v2_JenaHandlerManager: local thread match [7f0000011753786313399303407390|p_7390_483c256@1|p_7948_b221340@1|com.oplus.metis]
07-29 06:52:35.280  7948  9241 E metis_v2_JenaHandlerManager: local thread match [7f0000011753786313399303407390|p_7390_483c256@1|p_7948_b221340@1|com.oplus.metis]
07-29 06:52:35.280  7948  9241 E metis_v2_JenaHandlerManager: local thread match [7f0000011753786313399303407390|p_7390_483c256@1|p_7948_b221340@1|com.oplus.metis]
07-29 06:52:35.280  7948  9241 E metis_v2_JenaHandlerManager: local thread match [7f0000011753786313399303407390|p_7390_483c256@1|p_7948_b221340@1|com.oplus.metis]
07-29 06:52:35.280  7948  9241 E metis_v2_JenaHandlerManager: local thread match [7f0000011753786313399303407390|p_7390_483c256@1|p_7948_b221340@1|com.oplus.metis]
07-29 06:52:35.280  7948  9241 E metis_v2_JenaHandlerManager: local thread match [7f0000011753786313399303407390|p_7390_483c256@1|p_7948_b221340@1|com.oplus.metis]
07-29 06:52:35.280  7948  9241 E metis_v2_JenaHandlerManager: local thread match [7f0000011753786313399303407390|p_7390_483c256@1|p_7948_b221340@1|com.oplus.metis]
07-29 06:52:35.280  7948  9241 E metis_v2_JenaHandlerManager: local thread match [7f0000011753786313399303407390|p_7390_483c256@1|p_7948_b221340@1|com.oplus.metis]
07-29 06:52:35.280  7948  9241 E metis_v2_JenaHandlerManager: local thread match [7f0000011753786313399303407390|p_7390_483c256@1|p_7948_b221340@1|com.oplus.metis]
07-29 06:52:35.280  7948  9241 E metis_v2_JenaHandlerManager: local thread match [7f0000011753786313399303407390|p_7390_483c256@1|p_7948_b221340@1|com.oplus.metis]
07-29 06:52:35.280  7948  9241 E metis_v2_JenaHandlerManager: local thread match [7f0000011753786313399303407390|p_7390_483c256@1|p_7948_b221340@1|com.oplus.metis]
07-29 06:52:35.280  7948  9241 E metis_v2_JenaHandlerManager: local thread match [7f0000011753786313399303407390|p_7390_483c256@1|p_7948_b221340@1|com.oplus.metis]
07-29 06:52:35.280  7948  9241 E metis_v2_JenaHandlerManager: local thread match [7f0000011753786313399303407390|p_7390_483c256@1|p_7948_b221340@1|com.oplus.metis]
07-29 06:52:35.280  7948  9241 E metis_v2_JenaHandlerManager: local thread match [7f0000011753786313399303407390|p_7390_483c256@1|p_7948_b221340@1|com.oplus.metis]
07-29 06:52:35.280  7948  9241 E metis_v2_JenaHandlerManager: local thread match [7f0000011753786313399303407390|p_7390_483c256@1|p_7948_b221340@1|com.oplus.metis]
07-29 06:52:35.280  7948  9241 E metis_v2_JenaHandlerManager: local thread match [7f0000011753786313399303407390|p_7390_483c256@1|p_7948_b221340@1|com.oplus.metis]
07-29 06:52:35.280  7948  9241 E metis_v2_JenaHandlerManager: local thread match [7f0000011753786313399303407390|p_7390_483c256@1|p_7948_b221340@1|com.oplus.metis]
07-29 06:52:35.280  7948  9241 E metis_v2_JenaHandlerManager: local thread match [7f0000011753786313399303407390|p_7390_483c256@1|p_7948_b221340@1|com.oplus.metis]
07-29 06:52:35.280  7948  9241 E metis_v2_JenaHandlerManager: local thread match [7f0000011753786313399303407390|p_7390_483c256@1|p_7948_b221340@1|com.oplus.metis]
07-29 06:52:35.280  7948  9241 E metis_v2_JenaHandlerManager: local thread match [7f0000011753786313399303407390|p_7390_483c256@1|p_7948_b221340@1|com.oplus.metis]
07-29 06:52:35.280  7948  9241 E metis_v2_JenaHandlerManager: local thread match [7f0000011753786313399303407390|p_7390_483c256@1|p_7948_b221340@1|com.oplus.metis]
07-29 06:52:35.280  7948  9241 E metis_v2_JenaHandlerManager: local thread match [7f0000011753786313399303407390|p_7390_483c256@1|p_7948_b221340@1|com.oplus.metis]
07-29 06:52:35.280  7948  9241 E metis_v2_JenaHandlerManager: local thread match [7f0000011753786313399303407390|p_7390_483c256@1|p_7948_b221340@1|com.oplus.metis]
07-29 06:52:35.280  7948  9241 E metis_v2_JenaHandlerManager: local thread match [7f0000011753786313399303407390|p_7390_483c256@1|p_7948_b221340@1|com.oplus.metis]
07-29 06:52:35.280  7948  9241 E metis_v2_JenaHandlerManager: local thread match [7f0000011753786313399303407390|p_7390_483c256@1|p_7948_b221340@1|com.oplus.metis]
07-29 06:52:35.280  7948  9241 E metis_v2_JenaHandlerManager: local thread match [7f0000011753786313399303407390|p_7390_483c256@1|p_7948_b221340@1|com.oplus.metis]
07-29 06:52:35.280  7948  9241 E metis_v2_JenaHandlerManager: local thread match [7f0000011753786313399303407390|p_7390_483c256@1|p_7948_b221340@1|com.oplus.metis]
07-29 06:52:35.280  7948  9241 E metis_v2_JenaHandlerManager: local thread match [7f0000011753786313399303407390|p_7390_483c256@1|p_7948_b221340@1|com.oplus.metis]
07-29 06:52:35.280  7948  9241 E metis_v2_JenaHandlerManager: local thread match [7f0000011753786313399303407390|p_7390_483c256@1|p_7948_b221340@1|com.oplus.metis]
07-29 06:52:35.280  7948  9241 E metis_v2_JenaHandlerManager: local thread match [7f0000011753786313399303407390|p_7390_483c256@1|p_7948_b221340@1|com.oplus.metis]
07-29 06:52:35.280  7948  9233 I DeepThinkerSDK: [APP] UserDomainManager: checkLabelAvailable:{"38":1}
07-29 06:52:35.280  7948  9241 E metis_v2_JenaHandlerManager: local thread match [7f0000011753786313399303407390|p_7390_483c256@1|p_7948_b221340@1|com.oplus.metis]
07-29 06:52:35.280  7948  9241 E metis_v2_JenaHandlerManager: local thread match [7f0000011753786313399303407390|p_7390_483c256@1|p_7948_b221340@1|com.oplus.metis]
07-29 06:52:35.280  7948  9241 E metis_v2_JenaHandlerManager: local thread match [7f0000011753786313399303407390|p_7390_483c256@1|p_7948_b221340@1|com.oplus.metis]
07-29 06:52:35.280  7948  9241 E metis_v2_JenaHandlerManager: local thread match [7f0000011753786313399303407390|p_7390_483c256@1|p_7948_b221340@1|com.oplus.metis]
07-29 06:52:35.280  7948  9241 E metis_v2_JenaHandlerManager: local thread match [7f0000011753786313399303407390|p_7390_483c256@1|p_7948_b221340@1|com.oplus.metis]
07-29 06:52:35.280  7948  9241 E metis_v2_JenaHandlerManager: local thread match [7f0000011753786313399303407390|p_7390_483c256@1|p_7948_b221340@1|com.oplus.metis]
07-29 06:52:35.280  7948  9241 E metis_v2_JenaHandlerManager: local thread match [7f0000011753786313399303407390|p_7390_483c256@1|p_7948_b221340@1|com.oplus.metis]
07-29 06:52:35.280  7948  9241 E metis_v2_JenaHandlerManager: local thread match [7f0000011753786313399303407390|p_7390_483c256@1|p_7948_b221340@1|com.oplus.metis]
07-29 06:52:35.280  7948  9241 E metis_v2_JenaHandlerManager: local thread match [7f0000011753786313399303407390|p_7390_483c256@1|p_7948_b221340@1|com.oplus.metis]
07-29 06:52:35.280  7948  9241 E metis_v2_JenaHandlerManager: local thread match [7f0000011753786313399303407390|p_7390_483c256@1|p_7948_b221340@1|com.oplus.metis]
07-29 06:52:35.280  7948  9241 E metis_v2_JenaHandlerManager: local thread match [7f0000011753786313399303407390|p_7390_483c256@1|p_7948_b221340@1|com.oplus.metis]
07-29 06:52:35.280  7948  9241 E metis_v2_JenaHandlerManager: local thread match [7f0000011753786313399303407390|p_7390_483c256@1|p_7948_b221340@1|com.oplus.metis]
07-29 06:52:35.280  7948  9241 E metis_v2_JenaHandlerManager: local thread match [7f0000011753786313399303407390|p_7390_483c256@1|p_7948_b221340@1|com.oplus.metis]
07-29 06:52:35.280  7948  9241 E metis_v2_JenaHandlerManager: local thread match [7f0000011753786313399303407390|p_7390_483c256@1|p_7948_b221340@1|com.oplus.metis]
07-29 06:52:35.283  5256  5497 W [0]DCS  : Common Record event failed. DCS reject event: [appId=107501,logTag=10750101,eventId=metis_scene] . Pls check server config.
07-29 06:52:35.305  4888  4888 I SystemUi--QuickSettings: TemporarilyInfoManager-->[animateShow] com.oplus.systemui.qs.base.temporarilyinfo.TemporarilyInfoManager$createViewToParent$1{c3230ea VFED..C.. ........ 0,0-1080,228 #7f0a0cb6 app:id/temporarily_info_view alpha=1.0 viewInfo = } end
07-29 06:52:35.305  4888  4888 I SystemUi--QuickSettings: TemporarilyInfoManager-->[trigger] start from showElementAfterShowFully
07-29 06:52:35.376  3341  4391 D FusionLightNextGen: process end reported = 1, mode: 0, lux 484.6, cct -1.0, r/g/b/c: 20648.7/13039.4/5999.1/38325.2, R/G/B: 132.0/125.0/124.0, bri 1436.0, match 0.67, ir 0.018317, conf 0.0, ts 60008128225
07-29 06:52:35.376  1895  4457 I Dpps    : LtmSwState::SetParameter():144 ignore cmd 7 in state LtmOffState
07-29 06:52:35.438  4888  4888 D JankUtils: gfxSceneEnd; scene: 7
07-29 06:52:35.438  4888  4888 I SystemUi--Common: NotificationShadeDepthC-->sceneFlag: 0x001, isStart = false, Current sceneFlags: 0x000
07-29 06:52:35.438  4888  4888 D NavigationBar: restrainNavigationBarInvertColor: false
07-29 06:52:35.438  4888  5040 D RegionSamplingHelper =:    mCompositionSamplingListener.register
07-29 06:52:35.439  2175  2403 D SurfaceFlinger: addRegionSamplingListener pid: 4888, Area: [0, 2328, 1080, 2376]
07-29 06:52:35.453  1969  1969 D SensorFeature: name=ssc_screenshot_info ,index = 22
07-29 06:52:35.454  1969  1969 D SensorFeature: write 29 bytes:60273731331,60282064664,165,0
07-29 06:52:35.624  1895  2169 I SDM     : DisplayBase::CommitThread: Received idle timeout, panel: cmd, timeout: 70000 us
07-29 06:52:35.641  1813  4467 I sensors-hal: handle_oplus_wise_rgb_event:189, high_pwm_light:lux 268.4,cct 3638.9,brl/algo/ir 1436.0/2.0/16.5,pwm/dc 0.0/0.0,rgbc 20677.203125/13085.442383/5999.056152/38385.386719,ts 60265958693,cnt 870,flag 165
07-29 06:52:35.643  1895  4457 I Dpps    : LtmSwState::SetParameter():144 ignore cmd 7 in state LtmOffState
07-29 06:52:35.782  1895  2169 I SDM     : DisplayBase::CommitThread: Received idle timeout, panel: cmd, timeout: 70000 us
07-29 06:52:35.786  1969  1969 D SensorFeature: name=ssc_screenshot_info ,index = 22
07-29 06:52:35.786  1969  1969 D SensorFeature: write 29 bytes:60564120654,60614391903,166,0
07-29 06:52:35.790  2175  3381 D VRR [OTI]: handleIdle from 0 to 1
07-29 06:52:35.790  2175  3381 D VRR [OTI-HW]: isStateReady 1
07-29 06:52:35.790  2175  3381 D VRR [RefreshRateDirector]: requestRefreshRateByOti update [ oti-hw, {fps=60, modePtr={id=5, vsyncRate=60.00 Hz, peakRefreshRate=60.00 Hz}} ]
07-29 06:52:35.790  2175  3381 D VRR [RefreshRateDirector]: selectBestFrameRate DirectorMapOti [oti-hw, {fps=60, modePtr={id=5, vsyncRate=60.00 Hz, peakRefreshRate=60.00 Hz}}]
07-29 06:52:35.790  2175  3381 D VRR [RefreshRateDirector]: updateBestFrameRate [oti-hw, {fps=60, modePtr={id=5, vsyncRate=60.00 Hz, peakRefreshRate=60.00 Hz}}]
07-29 06:52:35.790  2175  3381 D SurfaceFlinger: VRR [SurfaceFlinger] setDesiredActiveMode: displayId: 4630946756802996883, renderRate: 60, vsyncRate: 60, event: 1
07-29 06:52:35.790  2175  3381 D DisplayModeController: setDesiredMode 4630946756802996883 {mode={fps=60.00 Hz, modePtr={id=5, vsyncRate=60.00 Hz, peakRefreshRate=60.00 Hz}}, emitEvent=true, force=false}
07-29 06:52:35.791  2175  2175 I DisplayModeController: hwc begin mode change to 16666666
07-29 06:52:35.791  2175  2175 I HWC2    : [0] setActiveConfigWithConstraints[5]
07-29 06:52:35.792  1895  3340 W SDM     : HWDeviceDRM::GetSupportedBitClkRate: Requested rate not supported: 1363200000
07-29 06:52:35.792  1895  3340 I SDM     : HWDeviceDRM::UpdateMixerAttributes: Mixer WxH 1440x3168-1 for Peripheral
07-29 06:52:35.792  1895  3340 I CwbService: CwbService::notifyConfigChange: display:0, config:5 size:4, sec.size():0
07-29 06:52:35.792  1895  3340 I CwbService: CwbService::notifyConfigChange: display: 0, config = 1
07-29 06:52:35.792  1895  3321 I CasManager: Fps changed from 120 to 60
07-29 06:52:35.792  1895  3321 I CasManager: Fps changed, not change bin, so trigger gain
07-29 06:52:35.792  1895  3321 W SDM     : DemuraIntfImpl::ProcessOemPluginGain: Thermal intf_ is nullptr 0, default to 25 degree
07-29 06:52:35.792  1895  3321 I SDM     : CasQcPlugIn::ProcessPerCompGainOppo: input params, mode:PWM, fps:60, dbv:1436
07-29 06:52:35.792  1895  3321 I SDM     : CasQcPlugIn::ProcessPerCompGainOppo: normalized bright_adj:1024, dbv:1436, bin_dbv:1083, 
07-29 06:52:35.792  1895  3321 I SDM     : CasQcPlugIn::ProcessPerCompGainOppo: gains print start =====================
07-29 06:52:35.792  1895  3321 I SDM     : CasQcPlugIn::ProcessPerCompGainOppo: gain --------------------------------
07-29 06:52:35.792  1895  3321 I SDM     : CasQcPlugIn::ProcessPerCompGainOppo: old: 0 0 0 57 90 322 1201 3072
07-29 06:52:35.792  1895  3321 I SDM     : CasQcPlugIn::ProcessPerCompGainOppo: new: 0 0 0 31 77 276 1032 3072
07-29 06:52:35.792  1895  3321 I SDM     : CasQcPlugIn::ProcessPerCompGainOppo: gain --------------------------------
07-29 06:52:35.792  1895  3321 I SDM     : CasQcPlugIn::ProcessPerCompGainOppo: old: 0 0 0 64 125 373 1336 3072
07-29 06:52:35.792  1895  3321 I SDM     : CasQcPlugIn::ProcessPerCompGainOppo: new: 0 0 0 35 98 373 1336 3072
07-29 06:52:35.792  1895  3321 I SDM     : CasQcPlugIn::ProcessPerCompGainOppo: gain --------------------------------
07-29 06:52:35.792  1895  3321 I SDM     : CasQcPlugIn::ProcessPerCompGainOppo: old: 0 0 0 42 83 323 1222 3072
07-29 06:52:35.792  1895  3321 I SDM     : CasQcPlugIn::ProcessPerCompGainOppo: new: 0 0 0 23 83 323 1222 3072
07-29 06:52:35.792  1895  3321 I SDM     : CasQcPlugIn::ProcessPerCompGainOppo: gains print end =======================
07-29 06:52:35.799  1895  3321 I SDM     : DemuraIntfImpl::StageAllData: Staged all data to Demura Driver!
07-29 06:52:35.799  1895  3321 I SDM     : HWPeripheralDRM::SetPanelFeature: Set Panel feature property 19
07-29 06:52:35.799  1895  3321 I SDM     : HWPeripheralDRM::SetPanelFeature: Set Panel feature property 7
07-29 06:52:35.799  1895  3321 I SDM     : DisplayBuiltIn::TriggerDemuraOemPlugIn: Trigger demura oem plugin success
07-29 06:52:35.800  1895  2169 I SDM     : DRMPanelFeatureMgr::ApplyDirtyFeature: Commited panel feature [enabled]: 20-272
07-29 06:52:35.800  1895  2169 I SDM     : DRMPanelFeatureMgr::ApplyDirtyFeature: Commited panel feature [enabled]: 8-271
07-29 06:52:35.820  2175  2175 D VRR-[OPlusRefreshRateSelector]: setCurrentModeId 5 type SM
07-29 06:52:35.820  2175  3381 D VRR [OTI-HW]: isStateReady 1
07-29 06:52:35.820  2175  3381 D VRR [OTI-HW]: keep rate.
07-29 06:52:35.821  3341  3663 I DisplayDeviceRepository: Display device changed render timings: "Built-in Screen", renderFrameRate=60.000004, presentationDeadlineNanos=16666666, appVsyncOffsetNanos=1000000
07-29 06:52:35.821  3341  3663 D LogicalDisplayExt: set displayInfo flag FLAG_ROTATES_WITH_CONTENT
07-29 06:52:35.823  3341  3663 D DisplayManagerServiceExtImpl: scheduleTraversalLocked intraversal=false
07-29 06:52:35.823  3341  3663 I DisplayManagerServiceExtImpl: handle logical display changed logicalDisplay=id=0,stack=0,content=true,displayInfo{stack=0,type=1,id=0,uId=local:4630946756802996883,state=ON,pkg=null}
07-29 06:52:35.823  3341  3663 D DisplayManagerService: Delivering display event: displayId=0, event=CHANGED
07-29 06:52:35.823  3341  3730 D BrightnessThermalClamper: Thermal status observer already started
07-29 06:52:35.823  3341  3730 D BrightnessPowerClamper: Power throttling data is missing for configuration data.
07-29 06:52:35.823  3341  3341 E OplusGestureAnimationManagerPolicy: mScreenHeight:2376 mScreenWidth:1080 mRotation:0
07-29 06:52:35.825  4689  4689 D CastManagerService: onDisplayChanged.
07-29 06:52:35.825  3341  3660 D OplusVFXScreenEffectFeature: notifySFCompatWindowStateChange entered false
07-29 06:52:35.825  3341  3660 D FSS_FoldScreenBlackCoverController: displayChangeToOn, dc:Display{#0 state=ON size=1080x2376 ROTATION_0}
07-29 06:52:35.825  2175  2403 D [PREVIEW]: SF obtain preview_adapter: 0
07-29 06:52:35.825  2175  2403 D [PREVIEW]: TabletPreviewAdapter::parallel world 0
07-29 06:52:35.825  2127  3487 D AudioFlingerExtImpl: AudioFlingerExtImpl oplusSetParameters: keyvalue screen_state=on
07-29 06:52:35.826  2127  3487 D DeviceHalAidl: 0xb4000072cf27c200 DeviceHalAidl::setParameters
07-29 06:52:35.826  3341  3663 D DisplayManagerService: MSG_REQUEST_TRAVERSAL pendingCompleted=false
07-29 06:52:35.826  2127  3487 D DeviceHalAidl: setParameters: parameters: "screen_state=on"
07-29 06:52:35.826  1847  3540 I PAL: ResourceManager: setParameter: 11480: Screen State:1
07-29 06:52:35.826  3341  3660 D DisplayManagerService: performTraversalInternal pendingTraversal
07-29 06:52:35.826  3341  3660 D DisplayDevice: setLayerStackLocked id=local:4630946756802996883 token=android.os.BinderProxy@6e2cf1c stack=0->0
07-29 06:52:35.827  2127  3487 D DeviceHalAidl: 0xb4000072cf27c800 DeviceHalAidl::setParameters
07-29 06:52:35.827  2127  3487 D DeviceHalAidl: setParameters: parameters: "screen_state=on"
07-29 06:52:35.827  4888  4888 I SystemUi--Statusbar: DisplayRepository-->combining enabled=[0], connectedExternalDisplayIds=[], ignored=[]
07-29 06:52:35.828  1847  3540 D AHAL_Module: updateScreenState: usb: 1
07-29 06:52:35.828  2127  3487 D DeviceHalAidl: 0xb4000072cf27ce00 DeviceHalAidl::setParameters
07-29 06:52:35.828  2127  3487 D DeviceHalAidl: setParameters: parameters: "screen_state=on"
07-29 06:52:35.828  6587  6638 E oiface  : sched_setaffinity failed
07-29 06:52:35.828  1847  1869 D AHAL_Module: updateScreenState: r_submix: 1
07-29 06:52:35.828  2127  3487 D DeviceHalAidl: 0xb4000072cf27d400 DeviceHalAidl::setParameters
07-29 06:52:35.828  2127  3487 D DeviceHalAidl: setParameters: parameters: "screen_state=on"
07-29 06:52:35.828  1847  1869 D AHAL_Module: updateScreenState: bluetooth: 1
07-29 06:52:35.828  1998  2024 I gameoptHal: targetfps updated 6 -- 60
07-29 06:52:35.829  2127  3487 D DeviceHalAidl: 0xb4000072cf27da00 DeviceHalAidl::setParameters
07-29 06:52:35.829  2127  3487 D DeviceHalAidl: setParameters: parameters: "screen_state=on"
07-29 06:52:35.829  1847  1869 D AHAL_Module: updateScreenState: bluetooth: 1
07-29 06:52:35.829  2127  3487 D DeviceHalAidl: 0xb4000072cf27e000 DeviceHalAidl::setParameters
07-29 06:52:35.829  2127  3487 D DeviceHalAidl: setParameters: parameters: "screen_state=on"
07-29 06:52:35.829  1847  3540 D AHAL_Module: updateScreenState: stub: 1
07-29 06:52:35.840  5050  6191 D SaDataService: onTelephonyEventReport , subId= 0,slotId=-1 eventId=2009
07-29 06:52:35.840  5199  5365 D VendorTelephonyService: onTelephonyEventReport slotId =0 eventId=2009
07-29 06:52:35.840  5050  6191 D TelephonyImpl: notify eventId:2009 for list size:2
07-29 06:52:35.840  5199  5365 D VendorTelephonyService: onTelephonyEventReport slotId =0 eventId=2009
07-29 06:52:35.840  5050  6191 D SaDataService: onTelephonyEventReport , subId= 1,slotId=0 eventId=2009
07-29 06:52:35.840  5199  5365 D VendorTelephonyService: onTelephonyEventReport slotId =1 eventId=2009
07-29 06:52:35.840  5199  5365 D VendorTelephonyService: onTelephonyEventReport slotId =1 eventId=2009
07-29 06:52:35.840  5050  6191 D TelephonyImpl: notify eventId:2009 for list size:2
07-29 06:52:35.840  5199  5199 D VendorCallService: notityEventUpdate, eventId:2009, slotId = 0
07-29 06:52:35.840  5199  5199 D VendorCallService: notityEventUpdate, eventId:2009, slotId = 1
07-29 06:52:35.871  3341  3780 D VRR [OPlusRefreshRateService]: handleConfigIdChange physicalDisplayId: 4630946756802996883 configId: 5 renderPeriod: 16666666
07-29 06:52:35.871  3341  3780 D VRR [OPlusSAManager]: updateModeChange old modeId [ 4 ] -> new modeId [ 5 ] mCurPolicy: 1
07-29 06:52:35.871  3341  3780 D VRR [OPlusSAManager]: updateSAScene active modeId: 5
07-29 06:52:35.871  3341  3780 D VRR [OPlusSAManager]: updateSAScene current policy: 1 active modeId: 5 scene: VRR_60
07-29 06:52:35.871  3341  3780 D VRR [OPlusOAManager]: Not OA business! new modeId: [5] active modeId: [4]
07-29 06:52:35.871  3341  3780 D VRR [OPlusGameStatusManager]: updateGameState mOSyncFeatureSwitch: false mIsGamePolicy: false
07-29 06:52:35.871  3341  3780 D VRR [OPlusGameStatusManager]: setLTMStatus false curPkgName: com.android.launcher curr status: false HeartStop: false HeartStopFromTGPA: false ActiveFPS: 60.000004
07-29 06:52:35.871  3341  3780 D VRR [OPlusGameStatusManager]: updateGameAccelerationStatus pkgName: com.android.launcher mOSyncFeatureSwitch: false mIsGamePolicy: false mHeartStop: false mHasFlickerRisk: false mForceAcceleration: false mToastReady: false enable: false
07-29 06:52:35.871  3341  3780 D VRR [OPlusGameStatusManager]: updateToastStatus enableAcceleration: false toastReady: false isGamePolicy: false desiredModeId: 5
07-29 06:52:35.871  3341  3780 D VRR [OPlusGameStatusManager]: updateToastStatus enableAcceleration: false toastReady: false isGamePolicy: false desiredModeId: 5
07-29 06:52:35.871  3341  3780 D VRR [OPlusExternalRefreshRateManager]:  updateRenderPeriodChange configId:5 current refresh rate:60.000004
07-29 06:52:35.918  1895  2169 I SDM     : DisplayBase::CommitThread: Received idle timeout, panel: cmd, timeout: 70000 us
07-29 06:52:35.922  3341  3780 D VRR [OPlusSAManager]: setSAConfig scene: VRR_60 modeId: 5 auto: false fakeFrame: false
07-29 06:52:35.922  3341  3780 D VRR [OPlusSAManager]: updateAutoMinfps with nits: 120.53362, mHistOK true, mAmbientOK true, mCctOK true, mIrOK true, mBrightnessOK true, isPkgOK true, SA min fps: 119
07-29 06:52:35.922  3341  3780 D VRR [OPlusSurfaceFlingerController]: setAutoMode enable: false fakeFrame: false fps: 119
07-29 06:52:35.922  2175  2403 I VRR-[OPlusAdfrUtil]: ADFR try set Auto mode with mode 0 fakeframe 0 min fps 119
07-29 06:52:35.922  2175  2403 D VRR-[OPlusRefreshRateSelector]: OSyncModes add size is 1.
07-29 06:52:35.922  2175  2403 I VRR-[OPlusRefreshRateSelector]: updateAutoMode success, display 0, mode 0, fakeframe 0, min fps: 1
07-29 06:52:35.922  2175  3349 D VRR-[OPlusRefreshRateSelector]: handleSetHWCOSync
07-29 06:52:35.922  2175  3349 D VRR-[OPlusRefreshRateSelector]: OSyncModes remaining size is 0.
07-29 06:52:35.922  2175  3349 D VRR-[OPlusRefreshRateSelector]: SetHWCOSync with 5CC08081
07-29 06:52:35.922  1895  3340 I SDM     : DisplayBuiltIn::SetQSyncMode: VRR + update qsync mode 0 minfps 00C08081
07-29 06:52:35.935  1895  2169 E SDM     : DRMConnector::Perform: Connector 67: Setting Qsync min fps 12615809
07-29 06:52:35.959  1991  2091 D BatteryChargeControl: bcc get no support from charging protocol
07-29 06:52:35.970  3341  4664 V SettingsProvider: deleteSystemSetting(OPLUS_SLA_LAST_MCC, 0)
07-29 06:52:35.970  3341  4664 D SettingsProvider: delete system settings OPLUS_****_MCC pkg is  android user id is 0
07-29 06:52:35.972  3341  4664 W OplusSlaManager: updateMCC curMCC from macc_change!
07-29 06:52:35.975  3341  4664 W OplusSlaApps: sendWhiteListAppUid no enabled app found...
07-29 06:52:35.975  3341  4664 W OplusSlaApps: sendGameAppUid no game app found!!
07-29 06:52:35.979  5050  5799 E CellularEvent: nri null ps
07-29 06:52:35.979  5050  5799 E CellularEvent: invalid nri
07-29 06:52:35.984  4943  5761 D AutoDualCardRoamingDemand: judgeToShowDialog return for sim count != 2
07-29 06:52:35.999  1991  7499 D charge_time: write 5058s(01:24:18) to ttf, rc=6
07-29 06:52:35.999  1991  7499 D charge_time: type=sdp,reserve_soc=2,soc=86,ui_soc=89,current=178,avg=178,not_chg_cnt=0,stable_cnt=7,fcc=5724,fcc_ratio=94,delta=45,debug=0,region=12,ttf=6592(01:49:52),ui_ttf=5058(01:24:18)
07-29 06:52:36.005  1895  2169 I SDM     : DisplayBase::CommitThread: Received idle timeout, panel: cmd, timeout: 70000 us
07-29 06:52:36.031  3206  3206 E OplusTouchDaemon: ts_run_service: shellback temperature updated 34 (34932)
07-29 06:52:36.087  1969  1969 D SensorFeature: name=ssc_screenshot_info ,index = 22
07-29 06:52:36.087  1969  1969 D SensorFeature: write 29 bytes:60564120654,60915857164,167,0
07-29 06:52:36.102  3417  3905 D QmiClient: qmiServiceEventCallback recv msg id 1110
07-29 06:52:36.102  3417  3905 D QmiVsClient: enter - onQmiServiceEventCallback msgId 1110
07-29 06:52:36.102  3417  3905 D QmiVsClientEvent: qmiVsClientNotifyNrcaInfoChangeEvent - RADIO_EVENT_NRCA_INFO_IND
07-29 06:52:36.103  3417  3435 D VsProxy : handleMessage msg is 2429
07-29 06:52:36.103  3417  3435 D VsProxy : handleNrcaInfoChangeInd for instance 0
07-29 06:52:36.103  3417  3417 D VendorService: NrcaInfoChangeInd numCarriers 1
07-29 06:52:36.103  5199  5365 D SubsysRadioIndication: radioNrcaInfoChangeInd nrcaInfo.numCarriers: 1
07-29 06:52:36.104  4943  4943 W Settings: Setting airplane_mode_on has moved from android.provider.Settings.System to android.provider.Settings.Global, returning read-only value.
07-29 06:52:36.282  7948 12009 W LOG_FLOWCTRL: ==LOGS OVER PROC QUOTA(300), rows(22) bytes(2563) com.oplus.metis DROPPED==
07-29 06:52:36.282  7948 12009 I LogCacheHelper: cache log scheduled task [base|com.oplus.metis|1.5.5-f48228a]
07-29 06:52:36.282  7948 12009 E metis_v2_JenaHandlerManager_cache: 2025-07-29 06:52:35.281000		9241		local thread match
07-29 06:52:36.282  7948 12009 E metis_v2_JenaHandlerManager_cache: 2025-07-29 06:52:35.281000		9241		local thread match
07-29 06:52:36.282  7948 12009 E metis_v2_JenaHandlerManager_cache: 2025-07-29 06:52:35.281000		9241		local thread match
07-29 06:52:36.282  7948 12009 E metis_v2_JenaHandlerManager_cache: 2025-07-29 06:52:35.281000		9241		local thread match
07-29 06:52:36.282  7948 12009 E metis_v2_JenaHandlerManager_cache: 2025-07-29 06:52:35.281000		9241		local thread match
07-29 06:52:36.282  7948 12009 E metis_v2_JenaHandlerManager_cache: 2025-07-29 06:52:35.281000		9241		local thread match
07-29 06:52:36.282  7948 12009 E metis_v2_JenaHandlerManager_cache: 2025-07-29 06:52:35.281000		9241		local thread match
07-29 06:52:36.282  7948 12009 E metis_v2_JenaHandlerManager_cache: 2025-07-29 06:52:35.281000		9241		local thread match
07-29 06:52:36.282  7948 12009 E metis_v2_JenaHandlerManager_cache: 2025-07-29 06:52:35.281000		9241		local thread match
07-29 06:52:36.282  7948 12009 E metis_v2_JenaHandlerManager_cache: 2025-07-29 06:52:35.281000		9241		local thread match
07-29 06:52:36.282  7948 12009 E metis_v2_JenaHandlerManager_cache: 2025-07-29 06:52:35.281000		9241		local thread match
07-29 06:52:36.282  7948 12009 E metis_v2_JenaHandlerManager_cache: 2025-07-29 06:52:35.281000		9241		local thread match
07-29 06:52:36.282  7948 12009 E metis_v2_JenaHandlerManager_cache: 2025-07-29 06:52:35.281000		9241		local thread match
07-29 06:52:36.282  7948 12009 E metis_v2_JenaHandlerManager_cache: 2025-07-29 06:52:35.281000		9241		local thread match
07-29 06:52:36.282  7948 12009 E metis_v2_JenaHandlerManager_cache: 2025-07-29 06:52:35.281000		9241		local thread match
07-29 06:52:36.282  7948 12009 E metis_v2_JenaHandlerManager_cache: 2025-07-29 06:52:35.281000		9241		local thread match
07-29 06:52:36.282  7948 12009 E metis_v2_JenaHandlerManager_cache: 2025-07-29 06:52:35.281000		9241		local thread match
07-29 06:52:36.282  7948 12009 E metis_v2_JenaHandlerManager_cache: 2025-07-29 06:52:35.281000		9241		local thread match
07-29 06:52:36.282  7948 12009 E metis_v2_JenaHandlerManager_cache: 2025-07-29 06:52:35.281000		9241		local thread match
07-29 06:52:36.282  7948 12009 E metis_v2_JenaHandlerManager_cache: 2025-07-29 06:52:35.281000		9241		local thread match
07-29 06:52:36.282  7948 12009 E metis_v2_JenaHandlerManager_cache: 2025-07-29 06:52:35.281000		9241		local thread match
07-29 06:52:36.283  7948 12009 E metis_v2_JenaHandlerManager_cache: 2025-07-29 06:52:35.281000		9241		local thread match
07-29 06:52:36.283  7948 12009 E metis_v2_JenaHandlerManager_cache: 2025-07-29 06:52:35.281000		9241		local thread match
07-29 06:52:36.283  7948 12009 E metis_v2_JenaHandlerManager_cache: 2025-07-29 06:52:35.281000		9241		local thread match
07-29 06:52:36.283  7948 12009 E metis_v2_JenaHandlerManager_cache: 2025-07-29 06:52:35.281000		9241		local thread match
07-29 06:52:36.283  7948 12009 E metis_v2_JenaHandlerManager_cache: 2025-07-29 06:52:35.281000		9241		local thread match
07-29 06:52:36.283  7948 12009 E metis_v2_JenaHandlerManager_cache: 2025-07-29 06:52:35.281000		9241		local thread match
07-29 06:52:36.283  7948 12009 E metis_v2_JenaHandlerManager_cache: 2025-07-29 06:52:35.281000		9241		local thread match
07-29 06:52:36.283  7948 12009 E metis_v2_JenaHandlerManager_cache: 2025-07-29 06:52:35.281000		9241		local thread match
07-29 06:52:36.283  7948 12009 E metis_v2_JenaHandlerManager_cache: 2025-07-29 06:52:35.281000		9241		local thread match
07-29 06:52:36.283  7948 12009 E metis_v2_JenaHandlerManager_cache: 2025-07-29 06:52:35.281000		9241		local thread match
07-29 06:52:36.283  7948 12009 E metis_v2_JenaHandlerManager_cache: 2025-07-29 06:52:35.281000		9241		local thread match
07-29 06:52:36.283  7948 12009 E metis_v2_JenaHandlerManager_cache: 2025-07-29 06:52:35.281000		9241		local thread match
07-29 06:52:36.283  7948 12009 E metis_v2_JenaHandlerManager_cache: 2025-07-29 06:52:35.281000		9241		local thread match
07-29 06:52:36.283  7948 12009 E metis_v2_JenaHandlerManager_cache: 2025-07-29 06:52:35.281000		9241		local thread match
07-29 06:52:36.283  7948 12009 E metis_v2_JenaHandlerManager_cache: 2025-07-29 06:52:35.281000		9241		local thread match
07-29 06:52:36.283  7948 12009 E metis_v2_JenaHandlerManager_cache: 2025-07-29 06:52:35.281000		9241		local thread match
07-29 06:52:36.283  7948 12009 E metis_v2_JenaHandlerManager_cache: 2025-07-29 06:52:35.281000		9241		local thread match
07-29 06:52:36.283  7948 12009 E metis_v2_JenaHandlerManager_cache: 2025-07-29 06:52:35.281000		9241		local thread match
07-29 06:52:36.283  7948 12009 I ContextAware_DailyStatisticsRecorder_cache: 2025-07-29 06:52:35.281000		8995		Increase context change count: PROCESSOR_SCENE_REORDER_cnt, value: 1
07-29 06:52:36.283  7948 12009 I ContextAware_SortAlgorithmManager.SceneUtil_cache: 2025-07-29 06:52:35.281000		9201		SortAlgorithmManager.SceneDeduplicationProcessor sceneId 210000000 status 2 intentList size 1 isHome false IntentId: 13151001 policyName DYNAMIC_SUBSTITUTE isFocus false serviceId null type 0 deleteKeynull
07-29 06:52:36.283  7948 12009 I ContextAware_SortAlgorithmManager.SceneUtil_cache:  sceneId 220500200 status 1 intentList size 1 isHome false IntentId: 14111005 policyName SUBSTITUTE_SCENE isFocus false serviceId  type 0 deleteKeynull
07-29 06:52:36.283  7948 12009 I ContextAware_SortAlgorithmManager.SceneUtil_cache:  sceneId 240000000 status 2 intentList size 3 isHome false IntentId: 14111004 policyName CLEAN_UP_STORAGE_SUBSTITUTE isFocus false serviceId null type 0 deleteKeynull IntentId: 18111007 policyName CLEAN_UP_SUBSTITUTE isFocus false serviceId null type 0 deleteKeynull IntentId: 18111008 policyName CLEAN_UP_PLUS_SUBSTITUTE isFocus false serviceId null type 0 deleteKeynull
07-29 06:52:36.283  7948 12009 I ContextAware_SortAlgorithmManager.DecisionAlgorithmManager_cache: 2025-07-29 06:52:35.281000		9201		getDecisionAlgorithm: dt_sort
07-29 06:52:36.283  7948 12009 I ContextAware_DailyStatisticsRecorder_cache: 2025-07-29 06:52:35.281000		8995		Increase context change count: PROCESSOR_SCENE_REORDER_ms, value: 2
07-29 06:52:36.283  7948 12009 I ContextAware_DailyStatisticsRecorder_cache: 2025-07-29 06:52:35.281000		10422		Increase context change count: PROCESSOR_SCENE_DEDUPLICATION_cnt, value: 1
07-29 06:52:36.283  7948 12009 I ContextAware_DailyStatisticsRecorder_cache: 2025-07-29 06:52:35.281000		10422		Increase context change count: PROCESSOR_SCENE_DEDUPLICATION_ms, value: 0
07-29 06:52:36.283  7948 12009 I ContextAware_SortAlgorithmManager.DtSort_cache: 2025-07-29 06:52:35.281000		10748		onDecisionAfterRerank, inner algorithm is: internal_dt_sort
07-29 06:52:36.283  7948 12009 W metis_v2_DeepThinkerLabelClient_cache: 2025-07-29 06:52:35.281000		9233		getUserProfileLabel null
07-29 06:52:36.283  7948 12009 I ContextAware_SortAlgorithmManager.DtIntentDataManager_cache: 2025-07-29 06:52:35.281000		10749		getDtIntentList: dtIntents = []
07-29 06:52:36.283  7948 12009 E ContextAware_SortAlgorithmManager.DtInternalSortImpl_cache: 2025-07-29 06:52:35.281000		10749		targetDtList is invalid
07-29 06:52:36.283  7948 12009 I ContextAware_SortAlgorithmManager.SceneIntentReorderProcessor_cache: 2025-07-29 06:52:35.282000		9201		ruleReordering onDecisionAfterRerank, mIntentList:size: 5 13151001 14111005 14111004 18111007 18111008
07-29 06:52:36.283  7948 12009 W ContextAware_IntentSwitchManager_cache: 2025-07-29 06:52:35.282000		9201		subSwitchMap don't contain application_suggestions, set the switch to true as default
07-29 06:52:36.283  7948 12009 I ContextAware_IntentSwitchManager_cache: 2025-07-29 06:52:35.282000		9201		getSubSwitchStatus = {application_suggestions=true}
