device
--------- beginning of main
07-29 06:52:25.274  1813  4467 I sensors-hal: handle_oplus_wise_rgb_event:189, high_pwm_light:lux 259.6,cct 3605.2,brl/algo/ir 1436.0/2.0/17.4,pwm/dc 0.0/0.0,rgbc 20196.890625/12546.739258/5775.871094/37246.816406,ts 49856331558,cnt 680,flag 130
07-29 06:52:25.276  1895  4457 I Dpps    : LtmSwState::SetParameter():144 ignore cmd 7 in state LtmOffState
07-29 06:52:25.361  1969  1969 D SensorFeature: name=ssc_screenshot_info ,index = 22
07-29 06:52:25.361  1969  1969 D SensorFeature: write 29 bytes:47721928210,50188834303,131,0
07-29 06:52:25.540  1895  4457 I Dpps    : LtmSwState::SetParameter():144 ignore cmd 7 in state LtmOffState
07-29 06:52:25.581  3341  4913 W Binder  : Outgoing transactions from this process must be FLAG_ONEWAY
07-29 06:52:25.581  3341  4913 W Binder  : java.lang.Throwable
07-29 06:52:25.581  3341  4913 W Binder  : 	at android.os.BinderProxy.transact(BinderProxy.java:633)
07-29 06:52:25.581  3341  4913 W Binder  : 	at android.content.ContentProviderProxy.insert(ContentProviderNative.java:587)
07-29 06:52:25.581  3341  4913 W Binder  : 	at android.content.ContentProviderClient.insert(ContentProviderClient.java:347)
07-29 06:52:25.581  3341  4913 W Binder  : 	at android.content.ContentProviderClient.insert(ContentProviderClient.java:336)
07-29 06:52:25.581  3341  4913 W Binder  : 	at com.oplus.util.OplusStatisticsImpl.insert(OplusStatisticsImpl.java:307)
07-29 06:52:25.581  3341  4913 W Binder  : 	at com.oplus.util.OplusStatisticsImpl.sendDataToDCS(OplusStatisticsImpl.java:287)
07-29 06:52:25.581  3341  4913 W Binder  : 	at com.oplus.util.OplusStatisticsImpl.flushInternal(OplusStatisticsImpl.java:264)
07-29 06:52:25.581  3341  4913 W Binder  : 	at com.oplus.util.OplusStatisticsImpl.lambda$setDelayFlushJobIfNeed$4(OplusStatisticsImpl.java:211)
07-29 06:52:25.581  3341  4913 W Binder  : 	at com.oplus.util.OplusStatisticsImpl.$r8$lambda$4UYTp2NCu6Rml69JNqEuK7o54SI(Unknown Source:0)
07-29 06:52:25.581  3341  4913 W Binder  : 	at com.oplus.util.OplusStatisticsImpl$$ExternalSyntheticLambda5.run(D8$$SyntheticClass:0)
07-29 06:52:25.581  3341  4913 W Binder  : 	at java.util.concurrent.Executors$RunnableAdapter.call(Executors.java:487)
07-29 06:52:25.581  3341  4913 W Binder  : 	at java.util.concurrent.FutureTask.run(FutureTask.java:290)
07-29 06:52:25.581  3341  4913 W Binder  : 	at java.util.concurrent.ScheduledThreadPoolExecutor$ScheduledFutureTask.run(ScheduledThreadPoolExecutor.java:307)
07-29 06:52:25.581  3341  4913 W Binder  : 	at java.util.concurrent.ThreadPoolExecutor.runWorker(ThreadPoolExecutor.java:1145)
07-29 06:52:25.581  3341  4913 W Binder  : 	at java.util.concurrent.ThreadPoolExecutor$Worker.run(ThreadPoolExecutor.java:644)
07-29 06:52:25.581  3341  4913 W Binder  : 	at java.lang.Thread.run(Thread.java:1012)
07-29 06:52:25.590 10640 11047 D BootUtil: savedDiffTime: 1753786295171, currentDiffTime: 1753786295171, isReboot: false
--------- beginning of system
07-29 06:52:25.590  3341  3780 D VRR [OPlusGameStatusManager]: handleMessage: 7004
07-29 06:52:25.590  3341  3780 D VRR [OPlusGameStatusManager]: handleBrightnessDone
07-29 06:52:25.664  1969  1969 D SensorFeature: name=ssc_screenshot_info ,index = 22
07-29 06:52:25.664  1969  1969 D SensorFeature: write 29 bytes:47721928210,50491576126,132,0
07-29 06:52:25.788  5050  6380 I PCDR-common_no_service[0]: lift forbidden
07-29 06:52:25.789  5050  6380 I PCDR-common_no_45g[0]: lift forbidden
07-29 06:52:25.804  1813  4467 I sensors-hal: handle_oplus_wise_rgb_event:189, high_pwm_light:lux 260.1,cct 3601.9,brl/algo/ir 1436.0/2.0/16.8,pwm/dc 0.0/0.0,rgbc 20158.845703/12565.156250/5779.718750/37246.816406,ts 50453275621,cnt 690,flag 132
07-29 06:52:25.806  1895  4457 I Dpps    : LtmSwState::SetParameter():144 ignore cmd 7 in state LtmOffState
07-29 06:52:25.952  1991  2091 D BatteryChargeControl: bcc get no support from charging protocol
07-29 06:52:25.966  1969  1969 D SensorFeature: name=ssc_screenshot_info ,index = 22
07-29 06:52:25.966  1969  1969 D SensorFeature: write 29 bytes:47721928210,50794892272,133,0
07-29 06:52:25.988  1991  7499 D charge_time: write 5068s(01:24:28) to ttf, rc=6
07-29 06:52:25.988  1991  7499 D charge_time: type=sdp,reserve_soc=2,soc=86,ui_soc=89,current=124,avg=124,not_chg_cnt=0,stable_cnt=7,fcc=5724,fcc_ratio=94,delta=35,debug=0,region=12,ttf=9488(02:38:08),ui_ttf=5068(01:24:28)
07-29 06:52:26.072  1895  4457 I Dpps    : LtmSwState::SetParameter():144 ignore cmd 7 in state LtmOffState
07-29 06:52:26.112  3341  3733 D OplusFeatureHDREnhanceBrightness: notifySfForceUpdate, mFlinger is null 
07-29 06:52:26.114  3341  3733 D OplusFeatureHDREnhanceBrightness: checkIsPlayingHDR isPlayingHDR=0 rotation=0 whiteApp=false battery=89
07-29 06:52:26.190  3341  4410 V AlarmManager: sending alarm Alarm{bd587f6 type 2 origWhen 51018 whenElapsed 51018 android} uid 1000 whenElapsed 51018 windowLength 0 maxWhenElapsed 51018 repeatInterval 0 action null component null tag $android.alarm.generated:1000:51018 flags 0x9 procName system_server
07-29 06:52:26.195  3341  3659 D LocationManagerService: network provider removed registration from 10154/com.coloros.assistantscreen/B54D1B7D
07-29 06:52:26.219  5050  5822 W BluetoothAdapterExtImpl: getBluetoothConnectionCount：mOplusBluetooth null!
07-29 06:52:26.220  5050  5822 D TelephonyImpl: isRequestingMms
07-29 06:52:26.221  5050  5822 D TelephonyImpl: getReleaseMmsNetworkTime
07-29 06:52:26.221  5199  5199 D SubsysEventListenerManager-SubsysTelephonyCallback[0]: onCellInfoChanged
07-29 06:52:26.223  5050  5822 D OplusDdsSwitchStrategy: Md,OplusCheckFeature,RETURN_TO_CUR_ACTION_DDS
07-29 06:52:26.269  1969  1969 D SensorFeature: name=ssc_screenshot_info ,index = 22
07-29 06:52:26.269  1969  1969 D SensorFeature: write 29 bytes:47721928210,51096488834,134,0
07-29 06:52:26.334  1813  4467 I sensors-hal: handle_oplus_wise_rgb_event:189, high_pwm_light:lux 260.4,cct 3608.2,brl/algo/ir 1436.0/2.0/16.5,pwm/dc 0.0/0.0,rgbc 20201.646484/12546.739258/5783.566895/37241.800781,ts 51059050985,cnt 700,flag 134
07-29 06:52:26.336  1895  4457 I Dpps    : LtmSwState::SetParameter():144 ignore cmd 7 in state LtmOffState
07-29 06:52:26.393  6457 11672 D ContactsProvider: performBackgroundTask: task id: 20
07-29 06:52:26.394  6457 11672 D ContactsProvider: performBackgroundTask: task id: 24
07-29 06:52:26.570  1969  1969 D SensorFeature: name=ssc_screenshot_info ,index = 22
07-29 06:52:26.570  1969  1969 D SensorFeature: write 29 bytes:47721928210,51398931855,135,0
07-29 06:52:26.603  1895  4457 I Dpps    : LtmSwState::SetParameter():144 ignore cmd 7 in state LtmOffState
07-29 06:52:26.675  6457 11672 D ContactsProvider: performBackgroundTask: task id: 21
07-29 06:52:26.675  6457 11672 D ContactsProvider: performBackgroundTask GET_QUICKSEARCH_VALUE
07-29 06:52:26.675  6457 11672 D ContactsProvider: performBackgroundTask: task id: 27
07-29 06:52:26.676  6457 11672 I com.customize.statistics.UploadStatisticsJobService: bootPermissionGranted : true
07-29 06:52:26.676  6457 11672 D CompatChangeReporter: Compat change id reported: 311402873; UID 10063; state: ENABLED
07-29 06:52:26.676  6457 11672 D CompatChangeReporter: Compat change id reported: 323349338; UID 10063; state: ENABLED
07-29 06:52:26.677  3341  5485 D CompatChangeReporter: Compat change id reported: 311402873; UID 10063; state: ENABLED
07-29 06:52:26.677  3341  5485 D CompatChangeReporter: Compat change id reported: 323349338; UID 10063; state: ENABLED
07-29 06:52:26.677  6457 11672 D ContactsProvider: performBackgroundTask: task id: 28
07-29 06:52:26.677  6457 11672 D ContactsProvider: performBackgroundTask: task id: 33
07-29 06:52:26.677  6457 11672 I ContactNumberHashHelper: start updateExistNumberHash
07-29 06:52:26.677  6457 11672 D ContactNumberHashHelper: updateExistNumberHash hasUpdated
07-29 06:52:26.873  1969  1969 D SensorFeature: name=ssc_screenshot_info ,index = 22
07-29 06:52:26.873  1969  1969 D SensorFeature: write 29 bytes:47721928210,51700518782,136,0
07-29 06:52:26.875  1813  4467 I sensors-hal: handle_oplus_wise_rgb_event:189, high_pwm_light:lux 259.2,cct 3596.4,brl/algo/ir 1436.0/2.0/17.7,pwm/dc 0.0/0.0,rgbc 20211.156250/12551.341797/5772.022949/37261.863281,ts 51648011298,cnt 710,flag 136
07-29 06:52:26.876  1895  4457 I Dpps    : LtmSwState::SetParameter():144 ignore cmd 7 in state LtmOffState
07-29 06:52:26.887  1798  1798 D healthd : system healthd: battery l=89 v=4251 t=31.1 h=2 st=2 c=-99 fc=5920000 cc=19 chg=u
07-29 06:52:26.919  3341  4657 E OplusNetworkStackManager: initService mNetworkStackService is null, try again in 10s
07-29 06:52:26.921  1991  1991 D vendor.oplus.hardware.charger-V7-service: get_ui_charge_icon_type 0 0 0 0 0
07-29 06:52:26.922  1991  1991 D vendor.oplus.hardware.charger-V7-service: oplus_chg_get_cpa_power 2500 charge_online 1 retention_topic 0
07-29 06:52:26.922  1991  1991 D vendor.oplus.hardware.charger-V7-service: oplus_chg_get_cpa_power 2500 charge_online 1 retention_topic 0
07-29 06:52:26.922  1991  1991 D vendor.oplus.hardware.charger-V7-service: getIsSingleHyperSupport=2, cpa_power=2
07-29 06:52:26.928  7163  7185 W System  : A resource failed to call AbstractCursor.close. 
07-29 06:52:26.928  7163  7185 W System  : A resource failed to call AbstractCursor.close. 
07-29 06:52:26.928  7163  7185 W System  : A resource failed to call AbstractCursor.close. 
07-29 06:52:26.928  7163  7185 W System  : A resource failed to call AbstractCursor.close. 
07-29 06:52:26.929  7163  7185 W System  : A resource failed to call AbstractCursor.close. 
07-29 06:52:26.929  7163  7185 W System  : A resource failed to call AbstractCursor.close. 
07-29 06:52:26.929  7163  7185 W System  : A resource failed to call AbstractCursor.close. 
07-29 06:52:26.929  7163  7185 W System  : A resource failed to call AbstractCursor.close. 
07-29 06:52:26.952  1991  2091 D BatteryChargeControl: bcc get no support from charging protocol
07-29 06:52:26.989  1991  7499 D charge_time: type=sdp,reserve_soc=2,soc=86,ui_soc=89,current=99,avg=119,not_chg_cnt=0,stable_cnt=7,fcc=5724,fcc_ratio=94,delta=36,debug=0,region=12,ttf=9887(02:44:47),ui_ttf=5067(01:24:27)
07-29 06:52:27.136  3341  4391 D FusionLightNextGen: process end reported = 1, mode: 0, lux 487.1, cct -1.0, r/g/b/c: 20187.4/12565.2/5787.4/37246.8, R/G/B: 106.0/100.0/99.0, bri 1436.0, match 1.00, ir 0.017683, conf 0.0, ts 51732055204
07-29 06:52:27.137  1895  4457 I Dpps    : LtmSwState::SetParameter():144 ignore cmd 7 in state LtmOffState
07-29 06:52:27.176  1969  1969 D SensorFeature: name=ssc_screenshot_info ,index = 22
07-29 06:52:27.176  1969  1969 D SensorFeature: write 29 bytes:47721928210,52003516542,137,0
07-29 06:52:27.216  1781  1785 E Diag-Router: diag: glinkpkt_open: failed to create control node for slate_adsp
07-29 06:52:27.216  1781  1785 E Diag-Router: diag: diag_glinkpkt_open_thread: Glinkpkt_open failed for perif: 13 with err: -1, retry_cnt: 8
07-29 06:52:27.217  1781  1784 E Diag-Router: diag: glinkpkt_open: failed to create control node for slate_apps
07-29 06:52:27.217  1781  1784 E Diag-Router: diag: diag_glinkpkt_open_thread: Glinkpkt_open failed for perif: 12 with err: -1, retry_cnt: 8
07-29 06:52:27.225  3341  4812 I Osense-BaseDecisionMaker: notifySceneToAthenaPolicy: SCENE_IDLE_RECOVER, bundle: Bundle[{scene=SCENE_IDLE_RECOVER}]
07-29 06:52:27.228  3341  4812 I Osense-BaseDecisionMaker: scene: SCENE_IDLE_RECOVER, excutingPolicy: respreload
07-29 06:52:27.228  3341  4812 D Osense-BaseDecisionMaker: invoke process preload policy
07-29 06:52:27.228  3341  4812 I Osense-BaseDecisionMaker: scene: SCENE_IDLE_RECOVER, excutingPolicy: clear
07-29 06:52:27.228  3341  4812 D Osense-BaseDecisionMaker: invoke clear policy,type: unforbid
07-29 06:52:27.228  3341  4812 I OsenseKillAction: KillAction: unhandled request: id=7, enable=true, scene=SCENE_IDLE_RECOVER, type=unforbid, cchOnly=false, appcare=0
07-29 06:52:27.263  3341  3689 D OomAdjuster: Not killing cached processes
07-29 06:52:27.343  3341  5031 I OplusHansManager : uid=10157, pkg=com.baidu.input_oppo cannot transition from R to M, importance=input
07-29 06:52:27.398  1813  4467 I sensors-hal: handle_oplus_wise_rgb_event:189, high_pwm_light:lux 259.3,cct 3598.1,brl/algo/ir 1436.0/2.0/17.6,pwm/dc 0.0/0.0,rgbc 20215.912109/12537.529297/5783.566895/37221.738281,ts 51981126558,cnt 720,flag 137
07-29 06:52:27.400  1895  4457 I Dpps    : LtmSwState::SetParameter():144 ignore cmd 7 in state LtmOffState
07-29 06:52:27.445  1991  2072 D vendor.oplus.hardware.charger-V7-service: s_chg_user_mode: 3
07-29 06:52:27.445  1991  2072 D vendor.oplus.hardware.charger-V7-service: scale_chg Start!!!
07-29 06:52:27.445  1991  2072 D vendor.oplus.hardware.charger-V7-service: [0, 0, 3]
07-29 06:52:27.445  1991  2072 D vendor.oplus.hardware.charger-V7-service: [0, 2, 9]
07-29 06:52:27.446  1991  2072 D vendor.oplus.hardware.charger-V7-service: [0, 1, 3]
07-29 06:52:27.446  1991  2072 D vendor.oplus.hardware.charger-V7-service: [0, 3, 3]
07-29 06:52:27.446  1991  2072 D vendor.oplus.hardware.charger-V7-service: [0, 4, 3]
07-29 06:52:27.446  1991  2072 D vendor.oplus.hardware.charger-V7-service: [0, 5, 5]
07-29 06:52:27.446  1991  2072 D vendor.oplus.hardware.charger-V7-service: [0, 6, 9]
07-29 06:52:27.446  1991  2072 D vendor.oplus.hardware.charger-V7-service: scale_chg Start!!!
07-29 06:52:27.446  1991  2072 D vendor.oplus.hardware.charger-V7-service: [0, 0, 3]
07-29 06:52:27.447  1991  2072 D vendor.oplus.hardware.charger-V7-service: [0, 2, 10]
07-29 06:52:27.447  1991  2072 D vendor.oplus.hardware.charger-V7-service: [0, 1, 3]
07-29 06:52:27.447  1991  2072 D vendor.oplus.hardware.charger-V7-service: [0, 3, 3]
07-29 06:52:27.447  1991  2072 D vendor.oplus.hardware.charger-V7-service: [0, 4, 3]
07-29 06:52:27.447  1991  2072 D vendor.oplus.hardware.charger-V7-service: [0, 5, 3]
07-29 06:52:27.447  1991  2072 D vendor.oplus.hardware.charger-V7-service: [0, 6, 10]
07-29 06:52:27.448  1991  2086 D vendor.oplus.hardware.charger-V7-service: ret_value:112, read content:,311,311,4251,4250,-99,86,89,1,1,0,494,4625,88,1,4500,300,500,0,12,-22,12,0,1,0,2,0,0,0,1,6098,99,0,0,0,0,0,0,0
07-29 06:52:27.448  1991  2086 D vendor.oplus.hardware.charger-V7-service: gmtime: 2025-07-29-06-52-27
07-29 06:52:27.449  1991  2086 D vendor.oplus.hardware.charger-V7-service: usb_online:1, ac_online:-2147483648, wireless_online:0
07-29 06:52:27.478  1969  1969 D SensorFeature: name=ssc_screenshot_info ,index = 22
07-29 06:52:27.478  1969  1969 D SensorFeature: write 29 bytes:47721928210,52306394459,138,0
07-29 06:52:27.664  1895  4457 I Dpps    : LtmSwState::SetParameter():144 ignore cmd 7 in state LtmOffState
07-29 06:52:27.781  1969  1969 D SensorFeature: name=ssc_screenshot_info ,index = 22
07-29 06:52:27.782  1969  1969 D SensorFeature: write 29 bytes:47721928210,52608910552,139,0
07-29 06:52:27.805 12882 13018 D ProfileInstaller: Installing profile for com.oplus.linker
07-29 06:52:27.929  1813  4467 I sensors-hal: handle_oplus_wise_rgb_event:189, high_pwm_light:lux 260.0,cct 3608.9,brl/algo/ir 1436.0/2.0/16.7,pwm/dc 0.0/0.0,rgbc 20177.869141/12514.507812/5779.718750/37191.644531,ts 52570055933,cnt 730,flag 139
07-29 06:52:27.931  1895  4457 I Dpps    : LtmSwState::SetParameter():144 ignore cmd 7 in state LtmOffState
07-29 06:52:27.953  1991  2091 D BatteryChargeControl: bcc get no support from charging protocol
07-29 06:52:27.991  1991  7499 D charge_time: type=sdp,reserve_soc=2,soc=86,ui_soc=89,current=99,avg=114,not_chg_cnt=0,stable_cnt=7,fcc=5724,fcc_ratio=94,delta=37,debug=0,region=12,ttf=10321(02:52:01),ui_ttf=5066(01:24:26)
07-29 06:52:28.089  1969  1969 D SensorFeature: name=ssc_screenshot_info ,index = 22
07-29 06:52:28.090  1969  1969 D SensorFeature: write 29 bytes:47721928210,52916420709,140,0
07-29 06:52:28.197  1895  4457 I Dpps    : LtmSwState::SetParameter():144 ignore cmd 7 in state LtmOffState
07-29 06:52:28.393  1969  1969 D SensorFeature: name=ssc_screenshot_info ,index = 22
07-29 06:52:28.393  1969  1969 D SensorFeature: write 29 bytes:47721928210,53220572583,141,0
07-29 06:52:28.461  1813  4467 I sensors-hal: handle_oplus_wise_rgb_event:189, high_pwm_light:lux 259.1,cct 3603.8,brl/algo/ir 1436.0/2.0/17.5,pwm/dc 0.0/0.0,rgbc 20158.845703/12509.903320/5756.630859/37206.691406,ts 53184189683,cnt 740,flag 141
07-29 06:52:28.463  1895  4457 I Dpps    : LtmSwState::SetParameter():144 ignore cmd 7 in state LtmOffState
07-29 06:52:28.596  3341  3685 D Theia.TransparentWindow: handleMessage CHECK_TRANS_WINDOW_ERROR_MSG
07-29 06:52:28.632  5199  6018 E OplusNetworkStackManager: initService mNetworkStackService is null, try again in 10s
07-29 06:52:28.695  1969  1969 D SensorFeature: name=ssc_screenshot_info ,index = 22
07-29 06:52:28.695  1969  1969 D SensorFeature: write 29 bytes:47721928210,53523977167,142,0
07-29 06:52:28.728  1895  4457 I Dpps    : LtmSwState::SetParameter():144 ignore cmd 7 in state LtmOffState
07-29 06:52:28.749  4943  5499 D DataStatistics: DsIdleState msg.what=8
07-29 06:52:28.749  4943  5499 D DataStatistics: DsDefaultState EVENT_RELEASE_NETWORK_REQUEST not game app request network id=276 mNoGameStatisticsInfos size=0
07-29 06:52:28.751 12806 12831 D BroadcastCompat: Unregister receiver:com.oplus.dataprovider.server.F$b@5b03673
07-29 06:52:28.754 12806 12831 D BroadcastCompat: Unregister receiver:com.oplus.dataprovider.server.A$a@22d58b6
07-29 06:52:28.755 12806 12831 D BroadcastCompat: Unregister receiver:com.oplus.dataprovider.server.c2$a@61b5b66
07-29 06:52:28.755 12806 12831 D BroadcastCompat: Unregister receiver:com.oplus.dataprovider.server.v$a@48aefd
07-29 06:52:28.756 12806 12831 D BroadcastCompat: Unregister receiver:com.oplus.dataprovider.server.h1$a@9f63df9
07-29 06:52:28.757  3341  5276 I OplusAppSwitchManagerService: appswitch unregisterAppSwitchObserver pkgName = com.oplus.onetrace config = OplusAppSwitchConfig = {  mConfigs = {} observerFingerPrint = 18458094}
07-29 06:52:28.757  3341  5276 I OplusAppSwitchStateDispatcher: unregisterAppSwitchObserver ok, pkgName = com.oplus.onetrace info = OplusAppSwitchRuleInfo = {  observer = null observerFingerPrint = 18458094}
07-29 06:52:28.758 12806 12831 D BroadcastCompat: Unregister receiver:com.oplus.dataprovider.server.l$a@9fe32fa
07-29 06:52:28.759  8917  8917 D ClientMessengerHelper: Succeed unregister client: com.oplus.onetrace
07-29 06:52:28.760  6674  6828 W Battery : ThermalTraceService: unregister callback android.os.BinderProxy@9d979db
07-29 06:52:28.760  8917  8917 D ClientMessengerHelper: clear all clients
07-29 06:52:28.760  8917  8917 D AbnormalEventDispatchService: Destroy and clear clients
07-29 06:52:28.761  6674  6674 W Battery : ThermalTraceService: onDestroy
07-29 06:52:28.763 12806 12831 D BroadcastCompat: Unregister receiver:com.oplus.dataprovider.server.o1$b@d4f0a4d
07-29 06:52:28.764 12806 12831 I FileCleaner: Apply cleaner for dir:/data/user_de/0/com.oplus.onetrace/files/thermal_metrics
07-29 06:52:28.764  8917  8917 I ThermalHandlerInDemand: Execute command: stop_track, succeed!
07-29 06:52:28.765  3341  5276 D TerminateObserverManager: unregisterTerminateObserver: com.oplus.app.IProcessTerminateObserver$Stub$Proxy@17f2c93 12806
07-29 06:52:28.765  3341  5276 E OplusAthenaAm: onTerminateStateChanged pid: 12806 uid:1000 isRegister:false
07-29 06:52:28.765  3341  5276 E OplusAthenaAm: AthenaAmManagerInternal transact code hello:13,flags:0
07-29 06:52:28.765  8917  8917 I ThermalHandlerInDemand: otrace service is disconnected!
07-29 06:52:28.765 12806 12806 I StatsManagerService: Unregister terminate observer, result=true
07-29 06:52:28.765 12806 12806 D BroadcastCompat: Unregister receiver:s0.j@48e7404
07-29 06:52:28.765 12806 12806 I PendingBootExecutor: Stop boot complete broadcast receiver.
07-29 06:52:28.765 12806 12831 I StatsActionExecutor: Save all running jobs with size=0
07-29 06:52:28.766  3341  5276 D ActivityManager: Async freezing 12806 com.oplus.onetrace
07-29 06:52:28.954  1991  2091 D BatteryChargeControl: bcc get no support from charging protocol
07-29 06:52:28.992  1991  7499 D charge_time: type=sdp,reserve_soc=2,soc=86,ui_soc=89,current=99,avg=109,not_chg_cnt=0,stable_cnt=7,fcc=5724,fcc_ratio=94,delta=38,debug=0,region=12,ttf=10795(02:59:55),ui_ttf=5065(01:24:25)
07-29 06:52:28.997  1969  1969 D SensorFeature: name=ssc_screenshot_info ,index = 22
07-29 06:52:28.997  1969  1969 D SensorFeature: write 29 bytes:47721928210,53825802375,143,0
07-29 06:52:28.999  1813  4467 I sensors-hal: handle_oplus_wise_rgb_event:189, high_pwm_light:lux 259.4,cct 3600.5,brl/algo/ir 1436.0/2.0/16.9,pwm/dc 0.0/0.0,rgbc 20177.869141/12528.322266/5764.326660/37161.550781,ts 53773283902,cnt 750,flag 143
07-29 06:52:29.000  1895  4457 I Dpps    : LtmSwState::SetParameter():144 ignore cmd 7 in state LtmOffState
07-29 06:52:29.085  4943  6214 E OplusNetworkStackManager: initService mNetworkStackService is null, try again in 10s
07-29 06:52:29.259  1895  4457 I Dpps    : LtmSwState::SetParameter():144 ignore cmd 7 in state LtmOffState
07-29 06:52:29.300  1969  1969 D SensorFeature: name=ssc_screenshot_info ,index = 22
07-29 06:52:29.300  1969  1969 D SensorFeature: write 29 bytes:47721928210,54128112843,144,0
07-29 06:52:29.526  1813  4467 I sensors-hal: handle_oplus_wise_rgb_event:189, high_pwm_light:lux 259.4,cct 3605.9,brl/algo/ir 1436.0/2.0/17.2,pwm/dc 0.0/0.0,rgbc 20144.578125/12519.112305/5779.718750/37141.484375,ts 54106219683,cnt 760,flag 144
07-29 06:52:29.528  1895  4457 I Dpps    : LtmSwState::SetParameter():144 ignore cmd 7 in state LtmOffState
07-29 06:52:29.606  1969  1969 D SensorFeature: name=ssc_screenshot_info ,index = 22
07-29 06:52:29.607  1969  1969 D SensorFeature: write 29 bytes:47721928210,54433793468,145,0
07-29 06:52:29.791  3341  4391 D FusionLightNextGen: process end reported = 1, mode: 0, lux 486.3, cct -1.0, r/g/b/c: 20154.1/12514.5/5752.8/37151.5, R/G/B: 106.0/100.0/99.0, bri 1436.0, match 1.00, ir 0.017391, conf 0.0, ts 54413183277
07-29 06:52:29.792  1895  4457 I Dpps    : LtmSwState::SetParameter():144 ignore cmd 7 in state LtmOffState
07-29 06:52:29.913  1969  1969 D SensorFeature: name=ssc_screenshot_info ,index = 22
07-29 06:52:29.913  1969  1969 D SensorFeature: write 29 bytes:47721928210,54740632114,146,0
07-29 06:52:29.955  1991  2091 D BatteryChargeControl: bcc get no support from charging protocol
07-29 06:52:29.993  1991  7499 D charge_time: type=sdp,reserve_soc=2,soc=86,ui_soc=89,current=99,avg=104,not_chg_cnt=0,stable_cnt=7,fcc=5724,fcc_ratio=94,delta=39,debug=0,region=12,ttf=11314(03:08:34),ui_ttf=5064(01:24:24)
07-29 06:52:30.057  1813  4467 I sensors-hal: handle_oplus_wise_rgb_event:189, high_pwm_light:lux 258.8,cct 3597.0,brl/algo/ir 1436.0/2.0/17.4,pwm/dc 0.0/0.0,rgbc 20158.845703/12537.529297/5772.022949/37176.593750,ts 54703418641,cnt 770,flag 146
07-29 06:52:30.058  1895  4457 I Dpps    : LtmSwState::SetParameter():144 ignore cmd 7 in state LtmOffState
07-29 06:52:30.173  6563  6668 E horae   : 0: back:30829,back_1:33928,back_2:33844,back_3:32185,frame:34027,frame_1:32709,front:34737,front_1:35231,front_2:33699, -2147483648 4, +(3553), 1 ,43350,30826,37997,43241,40731,41953,31089,37742,41973,39919,40933,31184,37424,40914,39240,39989,31050,37127,40061,38662, target_temp:35231, algo:0
07-29 06:52:30.217  1969  1969 D SensorFeature: name=ssc_screenshot_info ,index = 22
07-29 06:52:30.217  1969  1969 D SensorFeature: write 29 bytes:47721928210,55044480551,147,0
07-29 06:52:30.321  1895  4457 I Dpps    : LtmSwState::SetParameter():144 ignore cmd 7 in state LtmOffState
07-29 06:52:30.522  1969  1969 D SensorFeature: name=ssc_screenshot_info ,index = 22
07-29 06:52:30.522  1969  1969 D SensorFeature: write 29 bytes:47721928210,55350268520,148,0
07-29 06:52:30.587  1813  4467 I sensors-hal: handle_oplus_wise_rgb_event:189, high_pwm_light:lux 259.2,cct 3601.7,brl/algo/ir 1436.0/2.0/17.4,pwm/dc 0.0/0.0,rgbc 20154.089844/12519.112305/5756.630859/37136.468750,ts 55309279110,cnt 780,flag 148
07-29 06:52:30.589  1895  4457 I Dpps    : LtmSwState::SetParameter():144 ignore cmd 7 in state LtmOffState
07-29 06:52:30.825  1969  1969 D SensorFeature: name=ssc_screenshot_info ,index = 22
07-29 06:52:30.825  1969  1969 D SensorFeature: write 29 bytes:47721928210,55652657166,149,0
07-29 06:52:30.855  1895  4457 I Dpps    : LtmSwState::SetParameter():144 ignore cmd 7 in state LtmOffState
07-29 06:52:30.956  1991  2091 D BatteryChargeControl: bcc get no support from charging protocol
07-29 06:52:30.995  1991  7499 D charge_time: write 5063s(01:24:23) to ttf, rc=6
07-29 06:52:30.995  1991  7499 D charge_time: type=sdp,reserve_soc=2,soc=86,ui_soc=89,current=99,avg=99,not_chg_cnt=0,stable_cnt=7,fcc=5724,fcc_ratio=94,delta=40,debug=0,region=12,ttf=11886(03:18:06),ui_ttf=5063(01:24:23)
07-29 06:52:31.023  7390 12021 I DpmTcmClient: RegisterTcmMonitor from: $Proxy3
07-29 06:52:31.026  2514  2514 D tcmd    : DpmCom :there are 1 file descriptor(s) with events pending
07-29 06:52:31.027  2514  2514 D tcmd    : DpmCom : 1 events pending, handling 1 for 21
07-29 06:52:31.027  2514  2514 D tcmd    : DpmCom :fd '21' is processing events [callback:0x5b9a767a98, data:0xb4000074dd265280]
07-29 06:52:31.027  2514  2514 D tcmd    : LipcTcmServerPollEventHandler fd 21 -> nfd 23
07-29 06:52:31.027  2514  2514 D tcmd    : DpmCom::addComEventHandler fd 23, ComEventCallback 0x0, void* 0xb4000074dd265280, ComCloseCallback 0x5b9a767aa0, events 1
07-29 06:52:31.027  2514  2514 D tcmd    : waiting on events (-1ms)
07-29 06:52:31.029  7390 12021 E NearX.CloudConfig(mdp_1682).Request: url: https://mdp-appconf-cn.heytapdownload.com/v2/checkUpdate?body=H4sIAAAAAAAAAOOS5BLNz8wrSc0riU_JLE5MyklNic_JLC4RYBDiyE0piDc0szCSiuSSSM7P1UvOz8kvyi_WK05OzUstTi0qy0xOFThxfDK7FKOBEqOBFrt_XmpATmmxkXiAV5ShoUG8oameARBaGBtqOPsZGGpaKDuxQaS8mJz9AhgiGAA3unu0gAAAAA==&cloudConfigVersion=2.4.2.4 , request: CheckUpdateConfigRequest{item_list=[CheckUpdateConfigItem{config_code=ointent_disabled_list, version=0}], product_id=mdp_1682, system_condition=SystemCondition{package_name=com.coloros.sceneservice, version_code=15000520, build_number=0, channel_id=0, platform_brand=OnePlus, platform_os_version=PJZ110_15.0.0.831(CN01), platform_android_version=35, model=PJZ110, region_code=CN, adg_model=0, preview=0}} 
07-29 06:52:31.029  7390 12021 E NearX.CloudConfig(mdp_1682).Request:  error response: code[400], reason: java.net.UnknownHostException: Unable to resolve host "mdp-appconf-cn.heytapdownload.com": No address associated with hostname, 
07-29 06:52:31.029  7390 12021 E NearX.CloudConfig(mdp_1682).Request:  header[{}],
07-29 06:52:31.029  7390 12021 E NearX.CloudConfig(mdp_1682).Request:  body:[] 
07-29 06:52:31.030  7390 12026 E OIntent(sceneservice)-OnlineClient: updateDisabled failed in. 未匹配到符合条件的数据
07-29 06:52:31.129  1969  1969 D SensorFeature: name=ssc_screenshot_info ,index = 22
07-29 06:52:31.129  1969  1969 D SensorFeature: write 29 bytes:47721928210,55956596176,150,0
07-29 06:52:31.129  1813  1921 I sensors-hal: get_display_brightness:818, light_iface: set screenshot_info [47721928210,55956596176,150,0]
07-29 06:52:31.132  1813  4467 I sensors-hal: handle_oplus_wise_rgb_event:189, high_pwm_light:lux 259.3,cct 3609.2,brl/algo/ir 1436.0/2.0/16.8,pwm/dc 0.0/0.0,rgbc 20058.978516/12459.256836/5748.935059/37026.125000,ts 55898425412,cnt 790,flag 150
07-29 06:52:31.135  1895  4457 I Dpps    : LtmSwState::SetParameter():144 ignore cmd 7 in state LtmOffState
07-29 06:52:31.383  1895  4457 I Dpps    : LtmSwState::SetParameter():144 ignore cmd 7 in state LtmOffState
07-29 06:52:31.432  1969  1969 D SensorFeature: name=ssc_screenshot_info ,index = 22
07-29 06:52:31.432  1969  1969 D SensorFeature: write 29 bytes:47721928210,56260206541,151,0
07-29 06:52:31.651  1813  4467 I sensors-hal: handle_oplus_wise_rgb_event:189, high_pwm_light:lux 256.9,cct 3600.4,brl/algo/ir 1436.0/2.0/17.9,pwm/dc 0.0/0.0,rgbc 20011.423828/12431.630859/5721.998535/36915.777344,ts 56231341923,cnt 800,flag 151
07-29 06:52:31.652  1895  4457 I Dpps    : LtmSwState::SetParameter():144 ignore cmd 7 in state LtmOffState
07-29 06:52:31.741  1969  1969 D SensorFeature: name=ssc_screenshot_info ,index = 22
07-29 06:52:31.741  1969  1969 D SensorFeature: write 29 bytes:47721928210,56568765186,152,0
07-29 06:52:31.915  1895  4457 I Dpps    : LtmSwState::SetParameter():144 ignore cmd 7 in state LtmOffState
07-29 06:52:31.916  6539  8545 E OplusNetworkStackManager: initService mNetworkStackService is null, try again in 10s
07-29 06:52:31.957  1991  2091 D BatteryChargeControl: bcc get no support from charging protocol
07-29 06:52:31.996  1991  7499 D charge_time: type=sdp,reserve_soc=2,soc=86,ui_soc=89,current=178,avg=114,not_chg_cnt=0,stable_cnt=7,fcc=5724,fcc_ratio=94,delta=41,debug=0,region=12,ttf=10317(02:51:57),ui_ttf=5062(01:24:22)
07-29 06:52:32.003  1798  1798 D healthd : system healthd: battery l=89 v=4263 t=31.2 h=2 st=2 c=-178 fc=5920000 cc=19 chg=u
07-29 06:52:32.041  1991  1991 D vendor.oplus.hardware.charger-V7-service: get_ui_charge_icon_type 0 0 0 0 0
07-29 06:52:32.041  1991  1991 D vendor.oplus.hardware.charger-V7-service: oplus_chg_get_cpa_power 2500 charge_online 1 retention_topic 0
07-29 06:52:32.041  1991  1991 D vendor.oplus.hardware.charger-V7-service: oplus_chg_get_cpa_power 2500 charge_online 1 retention_topic 0
07-29 06:52:32.041  1991  1991 D vendor.oplus.hardware.charger-V7-service: getIsSingleHyperSupport=2, cpa_power=2
07-29 06:52:32.042  3341  4246 I OplusBatteryService: new battery critical data : 312,258,6666
07-29 06:52:32.043  2747  2747 W criticallog: Reached BBinder::getInterfaceDescriptor (this=0xb400007b77e6b800). Override?
07-29 06:52:32.044  1969  1969 D SensorFeature: name=ssc_screenshot_info ,index = 22
07-29 06:52:32.044  1969  1969 D SensorFeature: write 29 bytes:47721928210,56871718363,153,0
07-29 06:52:32.047  2747  2747 W criticallog: Reached BBinder::getInterfaceDescriptor (this=0xb400007b77e6b800). Override?
07-29 06:52:32.178  1813  4467 I sensors-hal: handle_oplus_wise_rgb_event:189, high_pwm_light:lux 258.2,cct 3602.5,brl/algo/ir 1436.0/2.0/16.9,pwm/dc 0.0/0.0,rgbc 20054.224609/12454.652344/5737.390625/36975.968750,ts 56836805048,cnt 810,flag 153
07-29 06:52:32.179  1895  4457 I Dpps    : LtmSwState::SetParameter():144 ignore cmd 7 in state LtmOffState
07-29 06:52:32.219  1781  1785 E Diag-Router: diag: glinkpkt_open: failed to create control node for slate_adsp
07-29 06:52:32.220  1781  1785 E Diag-Router: diag: diag_glinkpkt_open_thread: Glinkpkt_open failed for perif: 13 with err: -1, retry_cnt: 9
07-29 06:52:32.220  1781  1784 E Diag-Router: diag: glinkpkt_open: failed to create control node for slate_apps
07-29 06:52:32.220  1781  1784 E Diag-Router: diag: diag_glinkpkt_open_thread: Glinkpkt_open failed for perif: 12 with err: -1, retry_cnt: 9
07-29 06:52:32.349  3341  5031 I OplusHansManager : uid=10157, pkg=com.baidu.input_oppo cannot transition from R to M, importance=input
07-29 06:52:32.350  1969  1969 D SensorFeature: name=ssc_screenshot_info ,index = 22
07-29 06:52:32.350  1969  1969 D SensorFeature: write 29 bytes:47721928210,57177762894,154,0
07-29 06:52:32.445  3341  4391 D FusionLightNextGen: process end reported = 1, mode: 0, lux 480.1, cct -1.0, r/g/b/c: 20078.0/12445.4/5745.1/36930.8, R/G/B: 106.0/100.0/99.0, bri 1436.0, match 1.00, ir 0.018505, conf 0.0, ts 57160512860
07-29 06:52:32.447  1895  4457 I Dpps    : LtmSwState::SetParameter():144 ignore cmd 7 in state LtmOffState
07-29 06:52:32.447  1991  2072 D vendor.oplus.hardware.charger-V7-service: s_chg_user_mode: 3
07-29 06:52:32.447  1991  2072 D vendor.oplus.hardware.charger-V7-service: scale_chg Start!!!
07-29 06:52:32.448  1991  2072 D vendor.oplus.hardware.charger-V7-service: [0, 0, 3]
07-29 06:52:32.448  1991  2072 D vendor.oplus.hardware.charger-V7-service: [0, 2, 9]
07-29 06:52:32.448  1991  2072 D vendor.oplus.hardware.charger-V7-service: [0, 1, 3]
07-29 06:52:32.448  1991  2072 D vendor.oplus.hardware.charger-V7-service: [0, 3, 3]
07-29 06:52:32.448  1991  2072 D vendor.oplus.hardware.charger-V7-service: [0, 4, 3]
07-29 06:52:32.449  1991  2072 D vendor.oplus.hardware.charger-V7-service: [0, 5, 5]
07-29 06:52:32.449  1991  2072 D vendor.oplus.hardware.charger-V7-service: [0, 6, 9]
07-29 06:52:32.449  1991  2072 D vendor.oplus.hardware.charger-V7-service: scale_chg Start!!!
07-29 06:52:32.449  1991  2072 D vendor.oplus.hardware.charger-V7-service: [0, 0, 3]
07-29 06:52:32.449  1991  2086 D vendor.oplus.hardware.charger-V7-service: ret_value:113, read content:,312,312,4263,4261,-178,86,89,1,1,0,491,4627,88,1,4500,300,500,0,12,-22,12,0,1,0,2,0,0,0,1,6098,99,0,0,0,0,0,0,0
07-29 06:52:32.449  1991  2072 D vendor.oplus.hardware.charger-V7-service: [0, 2, 10]
07-29 06:52:32.449  1991  2072 D vendor.oplus.hardware.charger-V7-service: [0, 1, 3]
07-29 06:52:32.449  1991  2086 D vendor.oplus.hardware.charger-V7-service: gmtime: 2025-07-29-06-52-32
07-29 06:52:32.449  1991  2072 D vendor.oplus.hardware.charger-V7-service: [0, 3, 3]
07-29 06:52:32.449  1991  2072 D vendor.oplus.hardware.charger-V7-service: [0, 4, 3]
07-29 06:52:32.449  1991  2072 D vendor.oplus.hardware.charger-V7-service: [0, 5, 3]
07-29 06:52:32.449  1991  2086 D vendor.oplus.hardware.charger-V7-service: usb_online:1, ac_online:-2147483648, wireless_online:0
07-29 06:52:32.449  1991  2072 D vendor.oplus.hardware.charger-V7-service: [0, 6, 10]
07-29 06:52:32.652  1969  1969 D SensorFeature: name=ssc_screenshot_info ,index = 22
07-29 06:52:32.652  1969  1969 D SensorFeature: write 29 bytes:47721928210,57480731696,155,0
07-29 06:52:32.713  1813  4467 I sensors-hal: handle_oplus_wise_rgb_event:189, high_pwm_light:lux 258.1,cct 3611.4,brl/algo/ir 1436.0/2.0/17.2,pwm/dc 0.0/0.0,rgbc 20054.224609/12468.464844/5748.935059/36945.875000,ts 57442664735,cnt 820,flag 155
07-29 06:52:32.715  1895  4457 I Dpps    : LtmSwState::SetParameter():144 ignore cmd 7 in state LtmOffState
07-29 06:52:32.957  1991  2091 D BatteryChargeControl: bcc get no support from charging protocol
07-29 06:52:32.958  1969  1969 D SensorFeature: name=ssc_screenshot_info ,index = 22
07-29 06:52:32.959  1969  1969 D SensorFeature: write 29 bytes:47721928210,57785972165,156,0
07-29 06:52:32.977  1895  4457 I Dpps    : LtmSwState::SetParameter():144 ignore cmd 7 in state LtmOffState
07-29 06:52:32.997  1991  7499 D charge_time: type=sdp,reserve_soc=2,soc=86,ui_soc=89,current=178,avg=130,not_chg_cnt=0,stable_cnt=7,fcc=5724,fcc_ratio=94,delta=42,debug=0,region=12,ttf=9042(02:30:42),ui_ttf=5061(01:24:21)
07-29 06:52:33.103  1919  1964 I [UAH_CLIENT]: UahRelease, handle:21
07-29 06:52:33.104  1919  1964 I [UAH_CLIENT]: UahPlatformResAcquire
07-29 06:52:33.104  1919  1964 I [UAH_CLIENT]: UahEventAcquire, cmdid:-3, pkg:1919 12929, identity:qcom-perfd
07-29 06:52:33.104  1919  1964 E PERFHAL-RESOURCEQS: PERFHAL-RESOURCEQS: AddAndApply() 130: Resource with major=18, minor=41 not supported
07-29 06:52:33.236 12935 13025 I SystemFeature: operator:{oppo.cmcc.mp:false, browser.cmcc:false, browser.test.cmcc:false, browser.cmcc.bookmark:false, browser.test.cmcc.bookmark:false, browser.cmcc.home:false, browser.test.cmcc.home:false
07-29 06:52:33.236 12935 13025 I SystemFeature: cu.optr:false, browser.cu:false, browser.test.cu:false
07-29 06:52:33.236 12935 13025 I SystemFeature: ct.optr:false, browser.ct:false, browser.test.ct:false
07-29 06:52:33.236 12935 13025 I SystemFeature: }
07-29 06:52:33.240 12935 13025 I IdentityUtil: initIdentity: success, duidInit=true, uuid=d7830aefe1185a1d969e64bfc89f60a7
07-29 06:52:33.241  7779  7878 I OpenID  : com.heytap.pictorial:3142:ret:T
07-29 06:52:33.248  3341  4410 V AlarmManager: sending alarm Alarm{e719fce type 3 origWhen 39327 whenElapsed 39327 android} uid 1000 whenElapsed 39327 windowLength 18750 maxWhenElapsed 58077 repeatInterval 0 action null component null tag WifiHealthMonitor Schedule Post-Boot Detection Timer flags 0x8 procName system_server
07-29 06:52:33.256 12935 13025 D Identity: nonceAndCounter: 8ff989bbae89dac60000000000000006
07-29 06:52:33.261  1969  1969 D SensorFeature: name=ssc_screenshot_info ,index = 22
07-29 06:52:33.262  1969  1969 D SensorFeature: write 29 bytes:47721928210,58089609457,157,0
07-29 06:52:33.264  1813  4467 I sensors-hal: handle_oplus_wise_rgb_event:189, high_pwm_light:lux 258.3,cct 3610.3,brl/algo/ir 1436.0/2.0/17.2,pwm/dc 0.0/0.0,rgbc 20082.755859/12463.860352/5756.630859/36980.984375,ts 58023538381,cnt 830,flag 157
07-29 06:52:33.266  1895  4457 I Dpps    : LtmSwState::SetParameter():144 ignore cmd 7 in state LtmOffState
07-29 06:52:33.296  1151 12977 I keystore2: system/security/keystore2/watchdog/src/lib.rs:319 - Watchdog thread idle -> terminating. Have a great day.
07-29 06:52:33.440  3341  5427 I InputDispatcher: injectInputEvent: targetUid=<not set>, syncMode=WAIT_FOR_FINISHED, timeout=30000ms, policyFlags=0x8000000, event=MotionEvent { action=DOWN, id[0]=0, x[0]=900, y[0]=30, eventTime=58269000000, downTime=58269000000, deviceId=4, source=TOUCHSCREEN, displayId=0, eventId=0xfbf58470}
07-29 06:52:33.441  2175  3381 D VRR [OTI]: handleIdle from 1 to 0
07-29 06:52:33.441  2175  3381 D VRR [OTI-HW]: isStateReady 0
07-29 06:52:33.441  2175  3381 D VRR [OTI-HW]: restore sys rate.
07-29 06:52:33.441  2175  3381 D VRR [RefreshRateDirector]: requestRefreshRateByOti update [ oti-hw, {fps=120, modePtr={id=4, vsyncRate=120.00 Hz, peakRefreshRate=120.00 Hz}} ]
07-29 06:52:33.441  2175  3381 D VRR [RefreshRateDirector]: selectBestFrameRate DirectorMapOti [oti-hw, {fps=120, modePtr={id=4, vsyncRate=120.00 Hz, peakRefreshRate=120.00 Hz}}]
07-29 06:52:33.441  2175  3381 D VRR [RefreshRateDirector]: updateBestFrameRate [oti-hw, {fps=120, modePtr={id=4, vsyncRate=120.00 Hz, peakRefreshRate=120.00 Hz}}]
07-29 06:52:33.441  2175  3381 D SurfaceFlinger: VRR [SurfaceFlinger] setDesiredActiveMode: displayId: 4630946756802996883, renderRate: 120, vsyncRate: 120, event: 1
07-29 06:52:33.441  2175  3381 D DisplayModeController: setDesiredMode 4630946756802996883 {mode={fps=120.00 Hz, modePtr={id=4, vsyncRate=120.00 Hz, peakRefreshRate=120.00 Hz}}, emitEvent=true, force=false}
07-29 06:52:33.442  3341  4826 I [UAH_CLIENT]: UahEventAcquire, cmdid:37, pkg:none, identity:OplusUAwareInputHelper
07-29 06:52:33.443  3341  4649 D OMP_Detector: D:done mCurrStatus: 0
07-29 06:52:33.443  3341  4826 D UAH-UahAdaptHelper: adaptSetNotification identity = OplusUAwareInputHelpersrc = 1000 , type 0 ,p1 = -1 ,p2 = -1 ,p3 = -1 ,p4 =
07-29 06:52:33.443  3341  4826 I [UAH_CLIENT]: uahRuleCtl, ruleId:1000, status:0
07-29 06:52:33.444  3341  3731 D PowerManagerService: userActivityNoUpdateLocked: groupId=0, eventTime=58269, event=touch, flags=0x0, uid=1000
07-29 06:52:33.444  1919  1964 I [UAH_CLIENT]: UahPlatformResAcquire
07-29 06:52:33.444  1919  1964 I [UAH_CLIENT]: UahEventAcquire, cmdid:-3, pkg:2175 6941, identity:qcom-perfd
07-29 06:52:33.445  1919  1964 E PERFHAL-RESOURCEQS: PERFHAL-RESOURCEQS: AddAndApply() 130: Resource with major=18, minor=41 not supported
07-29 06:52:33.446  1919  1964 I [UAH_CLIENT]: UahRelease, handle:34
07-29 06:52:33.447  4888  4888 V AutofillManager: requestHideFillUi(null): anchor = null
07-29 06:52:33.447  4888  4888 V Application: getAutofillClient(): null on super, trying to find activity thread
07-29 06:52:33.447  4888  4888 V Application: getAutofillClient(): none of the 0 activities on com.android.systemui.SystemUIApplication@f0f3b5b are top resumed nor have focus
07-29 06:52:33.447  4888  4888 V AutofillManager: No AutofillClient for com.android.systemui on context com.android.systemui.SystemUIApplication@f0f3b5b
07-29 06:52:33.447  4888  4888 I PluginSeedling--Capsule: CapsuleTouchEventHandler-->onInterceptTouchEvent interceptEvent: false
07-29 06:52:33.448  3341  3688 W UserAwareMgr: can not find match thread: GaussianBlur for process com.android.systemui
07-29 06:52:33.449  4888  5314 I [UAH_CLIENT]: UahEventAcquire, cmdid:97, pkg:none, identity:OsenseHelperImpl
07-29 06:52:33.449  4888  4888 I SystemUi--Common: ScrollTranslationValue-->resetPanelTranslationY
07-29 06:52:33.449  4888  4888 I SystemUi--QuickSettings: OplusPanelViewPagerController-->initExpanded downExpanded=NONE downOnRight=true targetPage=NOTIFICATION downOnYHotArea=true  isKeyguardShowing=false isOnKeyguard=false fractionListeners.size=0 currentQsFraction=0.0 currentNotifyFraction=0.0 hasCalledDownEvent=true getScrollXHotZone=([Rect(0, 0 - 1080, 2376)], [Rect(-1, -1 - -1, -1), Rect(157, 1999 - 283, 2125), Rect(823, 1999 - 949, 2125)]) getScrollYHotZone=Rect(0, 0 - 1080, 66) notifyExpandedFraction=0.0 isLastUpToExpand=false qsPanelView.translationX=0.0
07-29 06:52:33.449  4888  4888 I SystemUi--QuickSettings: OplusPanelViewPagerController-->shouldOpenQS  set targetPage=QS
07-29 06:52:33.449  4888  4888 I SystemUi--Common: ScrollTranslationValue-->resetPanelTranslationY
07-29 06:52:33.449  4888  4888 I SystemUi--QuickSettings: OplusPanelViewPagerController-->initExpanded downExpanded=NONE downOnRight=true targetPage=QS downOnYHotArea=true  isKeyguardShowing=false isOnKeyguard=false fractionListeners.size=0 currentQsFraction=0.0 currentNotifyFraction=0.0 hasCalledDownEvent=true getScrollXHotZone=([Rect(0, 0 - 1080, 2376)], [Rect(-1, -1 - -1, -1), Rect(157, 1999 - 283, 2125), Rect(823, 1999 - 949, 2125)]) getScrollYHotZone=Rect(0, 0 - 1080, 66) notifyExpandedFraction=0.0 isLastUpToExpand=false qsPanelView.translationX=0.0
07-29 06:52:33.449  4888  4888 I SystemUi--QuickSettings: OplusPanelViewPagerController-->shouldOpenQS  set targetPage=QS
07-29 06:52:33.450  4888  4888 I SystemUi--QuickSettings: OplusQSPageViewController-->reset(), pageList size:2 itemCount:2 oldIndex:0 curIndex:0
07-29 06:52:33.450  4888  4888 I SystemUi--QuickSettings: OplusQSRootViewController-->startExpandMotion event: 0, startTracking: false isClosing: false panelClosedOnDown: true
07-29 06:52:33.450  4888  4888 I SystemUi--QuickSettings: OplusQSRootViewController-->initialOffsetOnTouch: 0.0, panelClosedOnDown: true
07-29 06:52:33.450  4888  4888 I SystemUi--QuickSettings: OplusQSRootView-->disallowChildIntercept:false
07-29 06:52:33.450  4888  4888 I SystemUi--QuickSettings: OplusQSRootViewController-->startExpandMotion event: 0, startTracking: false isClosing: false panelClosedOnDown: true
07-29 06:52:33.450  4888  4888 I SystemUi--QuickSettings: OplusQSRootViewController-->initialOffsetOnTouch: 0.0, panelClosedOnDown: true
07-29 06:52:33.450  4888  4888 I SystemUi--QuickSettings: OplusQSRootViewController-->onTouchEvent() ACTION_DOWN, canSlideHToQSOnStatusBar:true, gestureWaitForTouchSlop:true, panelClosedOnDown:true, panelClosingOnDown:false, pointerIndex:0
07-29 06:52:33.450  3341  5427 I InputDispatcher: injectInputEvent: targetUid=<not set>, syncMode=WAIT_FOR_FINISHED, timeout=30000ms, policyFlags=0x8000000, event=MotionEvent { action=MOVE, id[0]=0, x[0]=900, y[0]=95.667, eventTime=58279000000, downTime=58269000000, deviceId=4, source=TOUCHSCREEN, displayId=0, eventId=0xfa531dd8}
07-29 06:52:33.451  3341  4826 I [UAH_CLIENT]: UahEventAcquire, cmdid:68, pkg:none, identity:OplusUAwareInputHelper
07-29 06:52:33.452  2175  2175 I DisplayModeController: hwc begin mode change to 8333333
07-29 06:52:33.452  2175  2175 I HWC2    : [0] setActiveConfigWithConstraints[4]
07-29 06:52:33.453  1895  3340 W SDM     : HWDeviceDRM::GetSupportedBitClkRate: Requested rate not supported: 1363200000
07-29 06:52:33.453  1895  3340 I SDM     : HWDeviceDRM::UpdateMixerAttributes: Mixer WxH 1440x3168-1 for Peripheral
07-29 06:52:33.453  1895  3340 I CwbService: CwbService::notifyConfigChange: display:0, config:4 size:4, sec.size():0
07-29 06:52:33.453  1895  3340 I CwbService: CwbService::notifyConfigChange: display: 0, config = 0
07-29 06:52:33.453  1895  3321 I CasManager: Fps changed from 60 to 120
07-29 06:52:33.453  1895  3321 I CasManager: Fps changed, not change bin, so trigger gain
07-29 06:52:33.453  1895  3321 W SDM     : DemuraIntfImpl::ProcessOemPluginGain: Thermal intf_ is nullptr 0, default to 25 degree
07-29 06:52:33.453  1895  3321 I SDM     : CasQcPlugIn::ProcessPerCompGainOppo: input params, mode:PWM, fps:120, dbv:1436
07-29 06:52:33.453  1895  3321 I SDM     : CasQcPlugIn::ProcessPerCompGainOppo: normalized bright_adj:1024, dbv:1436, bin_dbv:1083, 
07-29 06:52:33.453  1895  3321 I SDM     : CasQcPlugIn::ProcessPerCompGainOppo: gains print start =====================
07-29 06:52:33.453  1895  3321 I SDM     : CasQcPlugIn::ProcessPerCompGainOppo: gain --------------------------------
07-29 06:52:33.453  1895  3321 I SDM     : CasQcPlugIn::ProcessPerCompGainOppo: old: 0 0 0 57 90 322 1201 3072
07-29 06:52:33.453  1895  3321 I SDM     : CasQcPlugIn::ProcessPerCompGainOppo: new: 0 0 0 48 77 276 1032 3072
07-29 06:52:33.453  1895  3321 I SDM     : CasQcPlugIn::ProcessPerCompGainOppo: gain --------------------------------
07-29 06:52:33.453  1895  3321 I SDM     : CasQcPlugIn::ProcessPerCompGainOppo: old: 0 0 0 64 125 373 1336 3072
07-29 06:52:33.453  1895  3321 I SDM     : CasQcPlugIn::ProcessPerCompGainOppo: new: 0 0 0 54 98 373 1336 3072
07-29 06:52:33.453  1895  3321 I SDM     : CasQcPlugIn::ProcessPerCompGainOppo: gain --------------------------------
07-29 06:52:33.453  1895  3321 I SDM     : CasQcPlugIn::ProcessPerCompGainOppo: old: 0 0 0 42 83 323 1222 3072
07-29 06:52:33.453  1895  3321 I SDM     : CasQcPlugIn::ProcessPerCompGainOppo: new: 0 0 0 35 83 323 1222 3072
07-29 06:52:33.453  1895  3321 I SDM     : CasQcPlugIn::ProcessPerCompGainOppo: gains print end =======================
07-29 06:52:33.455  4888  4888 I SystemUi--QuickSettings: OplusQSRootViewController-->startExpandMotion event: 2, startTracking: true isClosing: false panelClosedOnDown: true
07-29 06:52:33.455  4888  4888 I SystemUi--QuickSettings: OplusQSRootViewController-->endClosing()
07-29 06:52:33.455  4888  4888 I SystemUi--QuickSettings: QSPanelExpandFraction-->updateFraction, stiffness=500.0, finalPosition=0.22544597
07-29 06:52:33.456  3341  5427 I InputDispatcher: injectInputEvent: targetUid=<not set>, syncMode=WAIT_FOR_FINISHED, timeout=30000ms, policyFlags=0x8000000, event=MotionEvent { action=MOVE, id[0]=0, x[0]=900, y[0]=135.066, eventTime=58285000000, downTime=58269000000, deviceId=4, source=TOUCHSCREEN, displayId=0, eventId=0xc6d517bf}
07-29 06:52:33.456  3341  4442 D SystemGestures: detectSwipe: 1
07-29 06:52:33.457  1895  3321 I SDM     : DemuraIntfImpl::StageAllData: Staged all data to Demura Driver!
07-29 06:52:33.457  1895  3321 I SDM     : HWPeripheralDRM::SetPanelFeature: Set Panel feature property 19
07-29 06:52:33.457  1895  3321 I SDM     : HWPeripheralDRM::SetPanelFeature: Set Panel feature property 7
07-29 06:52:33.457  1895  3321 I SDM     : DisplayBuiltIn::TriggerDemuraOemPlugIn: Trigger demura oem plugin success
07-29 06:52:33.458  1895  2169 I SDM     : DRMPanelFeatureMgr::ApplyDirtyFeature: Commited panel feature [enabled]: 20-272
07-29 06:52:33.458  1895  2169 I SDM     : DRMPanelFeatureMgr::ApplyDirtyFeature: Commited panel feature [enabled]: 8-271
07-29 06:52:33.472  4888  4888 I SystemUi--QuickSettings: OplusQSRootViewController-->setQsVisible: true rawFraction:0.014114843
07-29 06:52:33.472  3341  5427 I InputDispatcher: injectInputEvent: targetUid=<not set>, syncMode=WAIT_FOR_FINISHED, timeout=30000ms, policyFlags=0x8000000, event=MotionEvent { action=MOVE, id[0]=0, x[0]=900, y[0]=240.134, eventTime=58301000000, downTime=58269000000, deviceId=4, source=TOUCHSCREEN, displayId=0, eventId=0xd0660231}
07-29 06:52:33.472  4888  4888 I SystemUi--QuickSettings: OplusQSRootViewController-->setListening: true
07-29 06:52:33.472  4888  4888 I SystemUi--QuickSettings: OplusLargeTileContainerViewController-->setListening listening=true
07-29 06:52:33.472  4888  4888 I SystemUi--QuickSettings: QSBrightnessFactory-->setListening listening:true
07-29 06:52:33.472  4888  4888 I SystemUi--QuickSettings: OplusQsBrightnessSliderController-->setListening listening:true mView: com.oplus.systemui.plugins.qs.widget.OplusQsToggleSliderLayout{e555048 V.E...... ......ID 558,244-737,643 #7f0a09f0 app:id/qs_brightness_slider_layout alpha=0.0 viewInfo = } value:0
07-29 06:52:33.472  4888  4888 I SystemUi--QuickSettings: OplusQsVolumeSliderController-->updateVolumeSeekBarMaxProgress: isNeedUpdate=true, maxVolumeProgress=16000, seekBarMaxProgress=1600, isInit=false
07-29 06:52:33.472  4888  4888 I SystemUi--QuickSettings: OplusQsVolumeSliderController-->updateVolumeSeekBarProgress: isNeedUpdate=true, isAllowUpdate=true, volumeLevel=0, seekBarLevel=0, initialVolumeSliderProgress=0, initialSeekBarVolumeLevel=-1, progressUpdated=false
07-29 06:52:33.472  4888  5683 W Looper  : Drained
07-29 06:52:33.472  4888  4888 I SystemUi--QuickSettings: OplusQsVolumeSliderController-->updateDisableShowVolumeDialog: isQsListening=true
07-29 06:52:33.472  4888  4888 I SystemUi--Device_Panel: OplusQSMyDeviceContainerViewController-->setListening listening: true
07-29 06:52:33.472  4888  4888 I [DevicePlugin].SysUiPluginService.(main): setListening: isListening=true, _isSeparateMode=true
07-29 06:52:33.472  4888  4888 I [DevicePlugin].FixedSeparateModelPanel.(main): onCtrCenterShow
07-29 06:52:33.472  4888  4888 I [DevicePlugin].FixedSeparateModelPanel.(main): onResume
07-29 06:52:33.473  4888  5314 D [DevicePlugin].DataInterfaceImp.(DefaultDispatcher-worker-2): safeCall, method:panel_state
07-29 06:52:33.473  4888  4888 I SystemUi--Common: NotificationShadeDepthC-->sceneFlag: 0x001, isStart = true, Current sceneFlags: 0x001
07-29 06:52:33.473  4888  4888 D NavigationBar: restrainNavigationBarInvertColor: true
07-29 06:52:33.473  4888  4888 D RegionSamplingHelper: animation scene, no need register sampling listener
07-29 06:52:33.473  4888  4888 I SystemUi--Common: OplusShadeExpansionStat-->go state: CLOSED -> OPENING
07-29 06:52:33.473  4888  4888 I SystemUi--Common: OplusShadeExpansionStat-->go state: CLOSED -> OPENING
