07-28 04:11:35.096  4821  4821 V Application: getAutofillClient(): null on super, trying to find activity thread
07-28 04:11:35.096  4821  4821 V Application: getAutofillClient(): none of the 0 activities on com.android.systemui.SystemUIApplication@ae76530 are top resumed nor have focus
07-28 04:11:35.096  4821  4821 V AutofillManager: No AutofillClient for com.android.systemui on context com.android.systemui.SystemUIApplication@ae76530
07-28 04:11:35.097  4821  4821 I SystemUi--Common: ScrollTranslationValue-->resetPanelTranslationY
07-28 04:11:35.097  4821  4821 I SystemUi--QuickSettings: OplusPanelViewPagerController-->initExpanded downExpanded=QS downOnRight=true targetPage=QS downOnYHotArea=false  isKeyguardShowing=false isOnKeyguard=false fractionListeners.size=0 currentQsFraction=1.0 currentNotifyFraction=0.0 hasCalledDownEvent=true getScrollXHotZone=([Rect(0, 0 - 1080, 2376)], [Rect(-1, -1 - -1, -1), Rect(144, 2143 - 270, 2269), Rect(810, 2143 - 936, 2269)]) getScrollYHotZone=Rect(0, 0 - 1080, 222) notifyExpandedFraction=0.0 isLastUpToExpand=true qsPanelView.translationX=0.0
07-28 04:11:35.097  4821  4821 I SystemUi--QuickSettings: OplusQSRootViewController-->startExpandMotion event: 0, startTracking: false isClosing: false panelClosedOnDown: false
07-28 04:11:35.097  4821  4821 I SystemUi--QuickSettings: OplusQSRootViewController-->initialOffsetOnTouch: 2376.0, panelClosedOnDown: false
07-28 04:11:35.098  3345  5236 I InputDispatcher: injectInputEvent: targetUid=<not set>, syncMode=WAIT_FOR_FINISHED, timeout=30000ms, policyFlags=0x8000000, event=MotionEvent { action=UP, id[0]=0, x[0]=877, y[0]=1330, eventTime=58854000000, downTime=58854000000, deviceId=4, source=TOUCHSCREEN, displayId=0, eventId=0xda627873}
07-28 04:11:35.098  3345  4801 D UAH-UahAdaptHelper: adaptSetNotification identity = OplusUAwareInputHelpersrc = 1000 , type 1 ,p1 = -1 ,p2 = -1 ,p3 = -1 ,p4 =
07-28 04:11:35.098  3345  4801 I [UAH_CLIENT]: uahRuleCtl, ruleId:1000, status:1
07-28 04:11:35.098  4821  4821 I SystemUi--Statusbar: OplusStatusBarWindowViewTouchExImpl-->onTouchEvent handled:false
07-28 04:11:35.099  4821  4821 I SystemUi--QuickSettings: OplusPanelViewPagerController-->reset
07-28 04:11:35.099  4821  4821 I SystemUi--QuickSettings: OplusQSRootViewController-->resetTouch
07-28 04:11:35.099  4821  4821 D OplusViewDragTouchViewHelper: dispatchTouchView action = 1
07-28 04:11:35.099  4821  4821 D ViewRootImplExtImpl: the up motion event handled by client, just return
07-28 04:11:35.100  4821  4821 I SystemUi--QuickSettings: Tile.OplusAirplaneModeTile-->clicked ------ state is :2 canTips :true
07-28 04:11:35.100  4821  5298 V OplusCustomizeCacheManager: queryCache name: sys.cache.common_customize_cache18026 param: null
07-28 04:11:35.100  4821  5298 V OplusCustomizeCacheManager: queryCache name: sys.cache.common_customize_cache18026 param: null
07-28 04:11:35.102  3345  4601 D OplusWifiPower_ConnLpmEventObsever: AIRPLANE_MODE_ON:false
07-28 04:11:35.103  3345  4602 D OplusWifiSwitchStateMonitor: mWifiSettingsValue:0
07-28 04:11:35.103  3345  4602 D OplusWifiSwitchStateMonitor: notify scan state: true
07-28 04:11:35.103  4928  4928 W Settings: Setting airplane_mode_on has moved from android.provider.Settings.System to android.provider.Settings.Global, returning read-only value.
07-28 04:11:35.103  4928  4928 W Settings: Setting airplane_mode_on has moved from android.provider.Settings.System to android.provider.Settings.Global, returning read-only value.
07-28 04:11:35.103  4928  4928 W Settings: Setting airplane_mode_on has moved from android.provider.Settings.System to android.provider.Settings.Global, returning read-only value.
07-28 04:11:35.103  4928  4928 W Settings: Setting airplane_mode_on has moved from android.provider.Settings.System to android.provider.Settings.Global, returning read-only value.
07-28 04:11:35.103  4928  4928 W Settings: Setting airplane_mode_on has moved from android.provider.Settings.System to android.provider.Settings.Global, returning read-only value.
07-28 04:11:35.103  4821  5797 I SystemUi--QuickSettings: Tile.OplusAirplaneModeTile-->handleUpdateState state.state: 2 value: 0
07-28 04:11:35.103  4821  5797 V OplusCustomizeCacheManager: queryCache name: sys.cache.common_customize_cache18026 param: null
07-28 04:11:35.104  3345  3345 D OplusWifiBroadCastDispatcher: mBroadcastReceiver: onReceiver  action=android.intent.action.AIRPLANE_MODE
07-28 04:11:35.104  4928  4928 D PhoneGlobals: ACTION_AIRPLANE_MODE_CHANGED received
07-28 04:11:35.104  4928  4928 D PhoneGlobals: Receive ACTION_AIRPLANE_MODE_CHANGED, state: false
07-28 04:11:35.104  4928  4928 I PhoneGlobals: handleAirplaneModeChange: isAirplaneNewlyOn=false
07-28 04:11:35.104  4928  4928 D PhoneGlobals: handleAirplaneModeChange: isAirplaneNewlyOn = false, cellState = 2
07-28 04:11:35.104  4928  4928 I PhoneGlobals: Turning radio on - airplane
07-28 04:11:35.104  5021  5858 D OplusLinkBoostMeeting: onAirplaneModeChange
07-28 04:11:35.104  5021  5859 D NAS-CallIssueDetector: notifyApmChanged
07-28 04:11:35.104  5077  7369 I txpwradmin:SettingsObserver: onChange for uri = content://settings/global/airplane_mode_on
07-28 04:11:35.104  5201  5201 D SubsysBroadcastManager: onReceive action:android.intent.action.AIRPLANE_MODE
07-28 04:11:35.105  4821  4821 I SystemUi--Statusbar: OplusStatusBarSignalPolicy-->imsIcon: OplusIMSModel(shouldShowVolte=false, shouldShowVowifi=false, simInserted=true, noSim=false, shouldShowVodata=false, shouldShowVo5G=false, vowifiState=false), OplusIMSModel(shouldShowVolte=false, shouldShowVowifi=false, simInserted=false, noSim=true, shouldShowVodata=false, shouldShowVo5G=false, vowifiState=false), noSubs:false, airplaneMode:falsevisible: false ,wifiConnect:false , vowifiIcon:0 , voDataStatus:false, is5GNewCall:false
07-28 04:11:35.105  4821  4821 I SystemUi--Statusbar: OplusStatusBarSignalPolicy-->noSimIcon simState: SimStateModel(simInserted=[true, false], simForbidden=[false, true], simStateIMSI=[false, false], simLoaded=[true, false]), noSubs:false isAirplaneMode:false
07-28 04:11:35.105  4821  4821 I SystemUi--Statusbar: OplusMobileIconViewModel-->isVisible subId:1 isAirplaneMode:false isAllowedDuringAirplaneMode:false isForceHidden:false isSatelliteForbid:false
07-28 04:11:35.105  4821  4821 I SystemUi--Statusbar: OplusStatusBarMobileViewBinder-->isVisible:true
07-28 04:11:35.105  4821  4821 I SystemUi--Statusbar: OplusStatusBarMobileViewBinder-->isVisible:true
07-28 04:11:35.105  4821  4821 I SystemUi--Statusbar: OplusStatusBarMobileViewBinder-->isVisible:true
07-28 04:11:35.105  4821  4821 I SystemUi--Statusbar: OplusStatusBarMobileViewBinder-->isVisible:true
07-28 04:11:35.105  4821  4821 I SystemUi--Statusbar: OplusStatusBarMobileViewBinder-->isVisible:true
07-28 04:11:35.105  3345  4492 D WifiController: Airplane mode disabled, determine next state
07-28 04:11:35.105  3345  4492 D WifiActiveModeWarden: Starting primary ClientModeManager in scan only mode
07-28 04:11:35.105  5201  5201 D NetworkService[0]: onAirPlaneModeChange isAirPlaneModeOn:false
07-28 04:11:35.105  5201  5201 D NetworkService[1]: onAirPlaneModeChange isAirPlaneModeOn:false
07-28 04:11:35.105  1979  6020 E PerformanceService: [damon_reclaim] Failed to open wmarks_xxx, Linux version 6.6.30
07-28 04:11:35.106  3345  4288 E PerformanceManager: setDamonReclaimWmarks succeed.
07-28 04:11:35.106  3345  4435 D BluetoothSystemServer: BluetoothRadioModeListener: Not sensitive to airplane_mode_radios change. Forced to false
07-28 04:11:35.106  5021  5861 D ElevatorEvent: enableElevatorDetect mIsElevSensorReg = false
07-28 04:11:35.106  5021  5861 V SystemSensorManagerExtImpl: RegisterListener elevator_detect  Wakeup type:33171036 delay:200000us by com.oplus.nas.comm.event.ElevatorEvent$a@7616e78 from com.oplus.nas
07-28 04:11:35.106  3345  5236 D SensorService: createSensorEventConnection packageName = com.oplus.nas.comm.event.ElevatorEvent, opPackageName = com.oplus.nas, mCurrentOperatingMode = 0, requestedMode = 0
07-28 04:11:35.106  5077  7369 D txpwrJni: sendRadioStatus start
07-28 04:11:35.106  5201  5201 D QuickChangeAirplaneModeEvent: airplane mode off
07-28 04:11:35.107  5047  5047 W Settings: Setting airplane_mode_on has moved from android.provider.Settings.System to android.provider.Settings.Global, returning read-only value.
07-28 04:11:35.107  3345  4492 D WifiController: DisabledState.exit()
07-28 04:11:35.107  3345  4492 D WifiController: EnabledState.enter()
07-28 04:11:35.107  3345  4492 D WifiClientModeManager[58866:unknown]: entering IdleState
07-28 04:11:35.107  5201  5201 W Settings: Setting airplane_mode_on has moved from android.provider.Settings.System to android.provider.Settings.Global, returning read-only value.
07-28 04:11:35.108  4821  5797 V OplusCustomizeCacheManager: queryCache name: sys.cache.common_customize_cache11009 param: null
07-28 04:11:35.108  5021  6367 I PCDR-common_no_service[0]: forbidden
07-28 04:11:35.108  5021  6367 I PCDR-common_no_45g[0]: forbidden
07-28 04:11:35.108  5021  6367 I PCDR-common_no_service[1]: forbidden
07-28 04:11:35.108  5021  6367 I PCDR-common_no_45g[1]: forbidden
07-28 04:11:35.109  7389  9379 I SettingImpl: isAirplaneModeToggleChecked switchValue: -1, airplane mode isChecked is false
07-28 04:11:35.110  5117  5117 I QImsService: OplusWifiApmStateMgr : ACTION_AIRPLANE_MODE_CHANGED,mIsAirplaneModeOn: false
07-28 04:11:35.110  5117  5117 I QImsService: OplusImsServiceSubImpl : onTurnOffImsAfterWifiChanged : false
07-28 04:11:35.110  5117  5117 I QImsService: OplusImsServiceSubImpl : onTurnOffImsAfterWifiChanged : false
07-28 04:11:35.110  5021  5859 D NAS-CallIssueDetector: EVENT_SIM_STATE_CHANGE mSimState[0] LOADED
07-28 04:11:35.110  5021  5859 D SceneEvent: registerSensorMgr start
07-28 04:11:35.110  3345  5236 W SensorService: SensorEventConnection sensor handle=1362, package = com.oplus.nas.comm.event.ElevatorEvent enable
07-28 04:11:35.110  3345  5236 E SensorService: Required app com.oplus.nas.comm.event.ElevatorEvent, uid 1000, pid 5021
07-28 04:11:35.110  1866 11759 W android.hardware.wifi-service: No active wlan interfaces in use! Using default
07-28 04:11:35.111  3345  5236 D SensorService: Calling batch handle==1362 flags=0rate=200000000 timeout== 0
07-28 04:11:35.111  3345  5236 D SensorService: SensorDevice::batch: ident=0xb40000761a90f5c0, handle=0x00000552, flags=0, period_ns=200000000 timeout=0
07-28 04:11:35.111  3345  5236 D SensorService: 	>>> actuating h/w BATCH 0x00000552 200000000 0
07-28 04:11:35.111  1834  1834 I sensors-hal: batch:153, qti.sensor.elevator_detect/1362, period=200000000, max_latency=0
07-28 04:11:35.111  1834  1834 I sensors-hal: batch:175, qti.sensor.elevator_detect/1362, period=200000000, max_latency=0 request completed
07-28 04:11:35.111  3345  5236 D SensorService: Calling activate on 1362
07-28 04:11:35.111  3345  5236 D SensorService: SensorDevice::activate: ident=0xb40000761a90f5c0, handle=0x00000552, enabled=1, count=1
07-28 04:11:35.111  3345  5236 D SensorService: enable index=0
07-28 04:11:35.111  3345  5236 D SensorService: info.numActiveClients() = 1, info.isActive = 0
07-28 04:11:35.111  3345  5236 D SensorService: activateHardware = 1
07-28 04:11:35.111  3345  5236 D SensorService: 	>>> actuating h/w activate handle=1362 enabled=1
07-28 04:11:35.111  1834  1834 I sensors-hal: activate:112, qti.sensor.elevator_detect/1362 en=1
07-28 04:11:35.111  1834  1834 I sensors-hal: acquire_qsh_interface:131, acquire_qsh_interface with sensor_id 28 , conn_type 2 
07-28 04:11:35.111  3345  4492 D OplusWifiConcurrentManager: isConcurrentCombinationAllowed : createMode= 0, requestType =-1
07-28 04:11:35.111  3345  4492 I HalDevMgr: currentModeId=3, requestModeId=3, currentModeIdValid=true
07-28 04:11:35.111  1866  1899 D WifiHAL : wifi_set_interface_mode: ifname=wlan0 iface_type=0
07-28 04:11:35.112  3345  4435 D BluetoothSystemServer: AirplaneModeListener: Ignore mode change to same state. previousMode=false, isOn=false, isOnOverrode=false, isMediaConnected=false
07-28 04:11:35.112  1866  1899 I android.hardware.wifi-service: Adding interface handle for wifi-aware0
07-28 04:11:35.112  1866  1899 I android.hardware.wifi-service: Adding interface handle for wlan0
07-28 04:11:35.112  1866  1899 I android.hardware.wifi-service: Adding interface handle for p2p0
07-28 04:11:35.112  5021  5855 D ResidenceLocSm: onPreHandleMessage 49
07-28 04:11:35.112  5021  5855 D ResidenceLocSm: onPostHandleMessage 49
07-28 04:11:35.113  3345  4492 D HalDevMgr: updateRttController: no one is interested in RTT controllers
07-28 04:11:35.113  1793  1852 E minksocket: MinkIPC ERROR: ( 1793:1852 ) MinkIPC_preProcess:272 Client down, but cannot find corresponding minksession
07-28 04:11:35.113  1793  1838 E minksocket: MinkIPC ERROR: ( 1793:1838 ) MinkIPC_preProcess:272 Client down, but cannot find corresponding minksession
07-28 04:11:35.113  3345  4492 E HalDevMgr: removeP2pAndSapCombination do nothing: mIsAddedP2pAndSapCombination = false
07-28 04:11:35.113  1866  1899 W android.hardware.wifi-service: AIBinder_linkToDeath is being called with a non-null cookie and no onUnlink callback set. This might not be intended. AIBinder_DeathRecipient_setOnUnlinked should be called first.
07-28 04:11:35.113  1866  1899 I android.hardware.wifi-service: twtRegisterEvents is not supported-3
07-28 04:11:35.114  1793  1838 E minksocket: MinkIPC ERROR: ( 1793:1838 ) MinkIPC_preProcess:272 Client down, but cannot find corresponding minksession
07-28 04:11:35.114  1866  1899 W android.hardware.wifi-service: AIBinder_linkToDeath is being called with a non-null cookie and no onUnlink callback set. This might not be intended. AIBinder_DeathRecipient_setOnUnlinked should be called first.
07-28 04:11:35.114  1793  1852 E minksocket: MinkIPC ERROR: ( 1793:1852 ) MinkIPC_preProcess:272 Client down, but cannot find corresponding minksession
07-28 04:11:35.114  1866 11759 D WifiHAL : wifi_get_chip_capabilities: max mlo assoc link cnt: 2 str link cnt 2
07-28 04:11:35.114  4821  4821 D RowAnimatorExtImpl: init:tx,view:StatusBarIconView(slot='volume' alpha=1.0 icon=StatusBarIcon(icon=Icon(typ=RESOURCE pkg=com.android.systemui id=0x7f0818f0) visible user=0 ) visibleState=ICON iconColor=#ccffffff staticDrawableColor=#ccffffff decorColor=#ffffffff animationStartColor=#0 currentSetColor=#ccffffff notification=null),translationX:  9.0  0.0  
07-28 04:11:35.114  4821  4821 D RowAnimatorExtImpl: init:tx,view:StatusBarIconView(slot='zen' alpha=1.0 icon=StatusBarIcon(icon=Icon(typ=RESOURCE pkg=com.android.systemui id=0x7f0818e1) visible user=0 ) visibleState=ICON iconColor=#ccffffff staticDrawableColor=#ccffffff decorColor=#ffffffff animationStartColor=#0 currentSetColor=#ccffffff notification=null),translationX:  57.0  48.0  
07-28 04:11:35.114  1793  1852 E minksocket: MinkIPC ERROR: ( 1793:1852 ) MinkIPC_preProcess:272 Client down, but cannot find corresponding minksession
07-28 04:11:35.114  1793  1838 E minksocket: MinkIPC ERROR: ( 1793:1838 ) MinkIPC_preProcess:272 Client down, but cannot find corresponding minksession
07-28 04:11:35.115  1834  1834 I sensors-hal: qsh_qmi:34, qsh_qmi
07-28 04:11:35.115  1834  1834 I sensors-hal: send_sync_sensor_request:443, send sync request
07-28 04:11:35.115  1834  1834 I sensors-hal: send_sync_sensor_request:472, wait for notification of response
07-28 04:11:35.115  5047  5047 I HidlServiceManagement: Trying to get transport of vendor.oplus.hardware.appradio@1.0::IOplusAppRadio/oplus_app_slot1 without hwservicemanager
07-28 04:11:35.115  4821  4821 D RowAnimatorExtImpl: init:tx,view:StatusBarIconView(slot='volume' alpha=1.0 icon=StatusBarIcon(icon=Icon(typ=RESOURCE pkg=com.android.systemui id=0x7f0818f0) visible user=0 ) visibleState=ICON iconColor=#ccffffff staticDrawableColor=#ccffffff decorColor=#ffffffff animationStartColor=#0 currentSetColor=#ccffffff notification=null),translationX:  9.0  0.0  
07-28 04:11:35.115  4821  4821 D RowAnimatorExtImpl: init:tx,view:StatusBarIconView(slot='zen' alpha=1.0 icon=StatusBarIcon(icon=Icon(typ=RESOURCE pkg=com.android.systemui id=0x7f0818e1) visible user=0 ) visibleState=ICON iconColor=#ccffffff staticDrawableColor=#ccffffff decorColor=#ffffffff animationStartColor=#0 currentSetColor=#ccffffff notification=null),translationX:  57.0  48.0  
07-28 04:11:35.115  3345  4492 D WifiNl80211Manager: Setting up interface for client mode: wlan0
07-28 04:11:35.115  5047  5047 E NhsAppRIL/0: in getOplusRadioProxy getService: Exception: java.util.NoSuchElementException
07-28 04:11:35.115  1793  1852 E minksocket: MinkIPC ERROR: ( 1793:1852 ) MinkIPC_preProcess:272 Client down, but cannot find corresponding minksession
07-28 04:11:35.115  1793  1838 E minksocket: MinkIPC ERROR: ( 1793:1838 ) MinkIPC_preProcess:272 Client down, but cannot find corresponding minksession
07-28 04:11:35.115  2717  2717 I wificond: Current driver country code US
07-28 04:11:35.115  5201  5201 D RadioMessenger: handleMessage Request msgid 2215
07-28 04:11:35.115  3345  4194 D WifiNl80211Manager: OnRegDomainChanged US
07-28 04:11:35.115  2717  2717 I wificond: createClientInterface: wiphy_index 0 iface_name wlan0
07-28 04:11:35.115  4821  4821 D RowAnimatorExtImpl: init:tx,view:StatusBarIconView(slot='volume' alpha=1.0 icon=StatusBarIcon(icon=Icon(typ=RESOURCE pkg=com.android.systemui id=0x7f0818f0) visible user=0 ) visibleState=ICON iconColor=#ccffffff staticDrawableColor=#ccffffff decorColor=#ffffffff animationStartColor=#0 currentSetColor=#ccffffff notification=null),translationX:  9.0  0.0  
07-28 04:11:35.115  4821  4821 D RowAnimatorExtImpl: init:tx,view:StatusBarIconView(slot='zen' alpha=1.0 icon=StatusBarIcon(icon=Icon(typ=RESOURCE pkg=com.android.systemui id=0x7f0818e1) visible user=0 ) visibleState=ICON iconColor=#ccffffff staticDrawableColor=#ccffffff decorColor=#ffffffff animationStartColor=#0 currentSetColor=#ccffffff notification=null),translationX:  57.0  48.0  
07-28 04:11:35.115  3345  4194 D WifiNative: onCountryCodeChanged: US
07-28 04:11:35.115  3345  4194 I WifiCountryCode: Receive onDriverCountryCodeChanged US
07-28 04:11:35.115  2717  2717 I wificond: create scanner for interface with index: 27
07-28 04:11:35.115  2717  2717 I wificond: subscribe scan result for interface with index: 27
07-28 04:11:35.115  5047  5047 D NhsElevatorReceiver: enableElevatorDetect mIsElevSensorReg = false
07-28 04:11:35.116  5047  5047 V SystemSensorManagerExtImpl: RegisterListener elevator_detect  Wakeup type:33171036 delay:200000us by t0.g$b@5d3d83a from com.oplus.nhs
07-28 04:11:35.116  3345  4822 D SensorService: createSensorEventConnection packageName = t0.g, opPackageName = com.oplus.nhs, mCurrentOperatingMode = 0, requestedMode = 0
07-28 04:11:35.116  3345  4194 D WifiScanRequestProxy: Sending scan available broadcast: true
07-28 04:11:35.116  1834 12598 I sensors-hal: qsh_conn_resp_cb:793, resp_value = 0 for elevator_detect 
07-28 04:11:35.116  1834  1834 I sensors-hal: send_sync_sensor_request:478, takes 1 ms to receive the response with 0
07-28 04:11:35.116  1834  1834 I sensors-hal: activate:131, qti.sensor.elevator_detect/1362 en=1 completed
07-28 04:11:35.116  5201  5201 D RadioProxyJ: [PHONE0][96]> getNecData moduleId:1 evtId:[0, 16, 0, 0, 0, 0, 0, 0, 0, 0, 0, 0, 0, 0, 0, 0, 0, 0, 0, 0, 0, 0, 0, 0, 0, 0, 0, 0, 0, 0, 0, 0]
07-28 04:11:35.116  3345  4496 I WifiScanningService: Received a request to enable scanning, UID = 1000
07-28 04:11:35.116  3345  5236 D SensorService: 0xb40000761a90f5c0 addFd fd=987
07-28 04:11:35.116  5021  5861 D ElevatorEvent: elevator:registerForElevatorDetect  , true mIsElevSensorReg = true
07-28 04:11:35.116  5021  5861 D SceneEvent: registerSensorMgr start
07-28 04:11:35.116  5021  5861 D SceneEvent: registerSensorMgr already start,return
07-28 04:11:35.116  3345  4194 I WifiScanRequestProxy: Scanning is enabled
07-28 04:11:35.116  3345  4194 I WifiScanRequestProxy: Scanning for hidden networks is disabled
07-28 04:11:35.116  2717  2717 I wificond: add channel type 0 support at wiphy index: 0
07-28 04:11:35.116  2717  2717 I wificond: add channel type 1 support at wiphy index: 0
07-28 04:11:35.117  3345  4195 W SensorService: SensorEventConnection sensor handle=1362, package = t0.g enable
07-28 04:11:35.117  3345  4195 E SensorService: Required app t0.g, uid 1001, pid 5047
07-28 04:11:35.117  3345  4195 D SensorService: Calling batch handle==1362 flags=0rate=200000000 timeout== 0
07-28 04:11:35.117  7153  7153 I OsAgent : onReceive: android.net.wifi.action.WIFI_SCAN_AVAILABILITY_CHANGED
07-28 04:11:35.117  3345  4195 D SensorService: SensorDevice::batch: ident=0xb40000761a90db80, handle=0x00000552, flags=0, period_ns=200000000 timeout=0
07-28 04:11:35.117  3345  4195 D SensorService: Calling activate on 1362
07-28 04:11:35.117  3345  4195 D SensorService: SensorDevice::activate: ident=0xb40000761a90db80, handle=0x00000552, enabled=1, count=2
07-28 04:11:35.117  3345  4195 D SensorService: enable index=0
07-28 04:11:35.117  3345  4195 D SensorService: info.numActiveClients() = 2, info.isActive = 1
07-28 04:11:35.117  3345  4195 D SensorService: activateHardware = 0
07-28 04:11:35.117  3345  4195 D SensorService: 0xb40000761a90db80 addFd fd=992
07-28 04:11:35.117  5047  5047 D NhsElevatorReceiver: elevator:registerForElevatorDetect  , true mIsElevSensorReg = true
07-28 04:11:35.117  5047  5047 D NhsSceneReceiver: registerSensorMgr start
07-28 04:11:35.117  7153  7379 I OsAgent : updateWiFiScanAvailState, scanAvailable: true
07-28 04:11:35.117  5047  5047 V SystemSensorManagerExtImpl: RegisterListener oplus_activity_recognition  Wakeup type:33171037 delay:200000us by t0.k$a@df0eceb from com.oplus.nhs
07-28 04:11:35.117  3345  4492 I WifiNative: Interface state changed on Iface:{Name=wlan0,Id=1,Type=STA_SCAN}, isUp=true
07-28 04:11:35.118  3345  5392 D SensorService: createSensorEventConnection packageName = t0.k, opPackageName = com.oplus.nhs, mCurrentOperatingMode = 0, requestedMode = 0
07-28 04:11:35.118  1866 11759 I WifiHAL : mpdu_size_threshold : 128, aggressive_statistics_gathering : 0
07-28 04:11:35.118  3345  4195 W SensorService: SensorEventConnection sensor handle=1372, package = t0.k enable
07-28 04:11:35.118  3345  4195 E SensorService: Required app t0.k, uid 1001, pid 5047
07-28 04:11:35.118  3345  4195 D SensorService: enable sensor send lastEvent 1372
07-28 04:11:35.118  3345  4492 I WifiNative: Successfully setup Iface:{Name=wlan0,Id=1,Type=STA_SCAN}
07-28 04:11:35.118  3345  4492 E SupplicantStaIfaceHalAidlImpl: Can't call getKeyMgmtCapabilities, ISupplicantStaIface is null for iface=wlan0
07-28 04:11:35.118  7153  7379 D OsAgentAidlClient: [bool_dataitem_update][1570] [HC] =>> [HS]
07-28 04:11:35.118  3345  4195 D SensorService: Calling batch handle==1372 flags=0rate=200000000 timeout== 0
07-28 04:11:35.118  3345  4195 D SensorService: SensorDevice::batch: ident=0xb4000077789e72c0, handle=0x0000055c, flags=0, period_ns=200000000 timeout=0
07-28 04:11:35.118  3345  4195 D SensorService: Calling activate on 1372
07-28 04:11:35.118  3345  4195 D SensorService: SensorDevice::activate: ident=0xb4000077789e72c0, handle=0x0000055c, enabled=1, count=4
07-28 04:11:35.118  3345  4195 D SensorService: enable index=3
07-28 04:11:35.118  3345  4195 D SensorService: info.numActiveClients() = 4, info.isActive = 1
07-28 04:11:35.118  3345  4195 D SensorService: activateHardware = 0
07-28 04:11:35.118  3345  4195 D SensorService: 0xb4000077789e72c0 addFd fd=1004
07-28 04:11:35.118  5047  5047 D NhsSceneReceiver: sensor name is oplus_activity_recognition  Wakeup, registerState:true
07-28 04:11:35.118  1814  1875 I LocSvc_SystemStatusOsObserver: sendCachedDataItems:471] DataItem: IS_WIFI_HARDWARE_ON: true >> Wiper
07-28 04:11:35.118  5047  5047 D NhsSceneReceiver: onAccuracyChanged
07-28 04:11:35.119  1814  1919 I LocSvc_api_v02: ---> locClientSendReq line 2409 QMI_LOC_NOTIFY_WIFI_ENABLED_STATUS_REQ_V02
07-28 04:11:35.119  5047  5047 E NhsAppRILMsger: EVENT_REQ_EVENT_DONE Error received :com.android.internal.telephony.CommandException: RADIO_NOT_AVAILABLE
07-28 04:11:35.119  1814  4057 I LocSvc_ApiV02: <--- globalRespCb line 282 QMI_LOC_NOTIFY_WIFI_ENABLED_STATUS_REQ_V02
07-28 04:11:35.119  3345  3345 D OplusWifiBroadCastDispatcher: mBroadcastReceiver: onReceiver  action=android.net.wifi.action.WIFI_SCAN_AVAILABILITY_CHANGED
07-28 04:11:35.118  3358  3377 D QmiVsClient: getNecData - enter
07-28 04:11:35.119  3358  3377 E QmiVsClient: sendAsyncRequest QMI_VS_GET_NEC_DATA_REQ_MSG_V01 ret 0
07-28 04:11:35.119  3345  4603 D OplusWifiPower_ConnLpmEventObsever: onReceive EXTRA_SCAN_AVAILABLE availabe = true
07-28 04:11:35.119  3345  4603 D OplusWifiPowerService: onReceive action:android.net.wifi.action.WIFI_SCAN_AVAILABILITY_CHANGED
07-28 04:11:35.119  3345  4603 D OplusWifiSwitchStateMonitor: scan settings change to true
07-28 04:11:35.120  4821  5797 I SystemUi--QuickSettings: Tile.OplusAirplaneModeTile-->handleUpdateState state.state: 1 value: 0
07-28 04:11:35.120  4821  5797 V OplusCustomizeCacheManager: queryCache name: sys.cache.common_customize_cache18026 param: null
07-28 04:11:35.120  3358  3960 D QmiVsClient: getNecData callback - enter
07-28 04:11:35.120  4821  5023 I SystemUi--QuickSettings: Tile.OplusCellularTile-->updateCarrierText: dialog not showing, ignore
07-28 04:11:35.121  5047  5522 D NhsSceneReceiver: onSensorChanged: name = oplus_activity_recognition  Wakeup
07-28 04:11:35.121  5047  5522 D NhsSceneReceiver: enter still_state
07-28 04:11:35.121  1866  1899 I WifiHAL : wifi_get_supported_radio_combinations_matrix: enter
07-28 04:11:35.121  1866  1899 I WifiHAL : wifi_parse_radio_combinations_matrix: radio_combinations[1]: num_radio_configurations 1
07-28 04:11:35.122  1866  1899 I WifiHAL : wifi_parse_radio_combinations_matrix: radio_combinations[2]: num_radio_configurations 1
07-28 04:11:35.122  1866  1899 I WifiHAL : wifi_parse_radio_combinations_matrix: radio_combinations[3]: num_radio_configurations 1
07-28 04:11:35.122  1866  1899 I WifiHAL : wifi_parse_radio_combinations_matrix: radio_combinations[4]: num_radio_configurations 2
07-28 04:11:35.122  1866  1899 I WifiHAL : wifi_parse_radio_combinations_matrix: radio_combinations[5]: num_radio_configurations 2
07-28 04:11:35.122  1866  1899 I WifiHAL : wifi_parse_radio_combinations_matrix: radio_combinations[6]: num_radio_configurations 2
07-28 04:11:35.122  1866  1899 I WifiHAL : wifi_parse_radio_combinations_matrix: num_radio_combinations 6, radio_matrix_size 100
07-28 04:11:35.122  4821  5023 D SimStateHelper: slot:0, lock state:Bundle[mParcelledData.dataSize=56]
07-28 04:11:35.122  4821  5023 D SimStateHelper: slot:1, lock state:Bundle[mParcelledData.dataSize=56]
07-28 04:11:35.122  4821  5023 D SimStateHelper: needDisableMenu: slot1State=-1; slot2State=-1
07-28 04:11:35.122  4821  5023 D SimStateHelper: needDisableMenu:false
07-28 04:11:35.122  3345  4492 E SupplicantStaIfaceHalAidlImpl: Can't call getWpaDriverCapabilities, ISupplicantStaIface is null for iface=wlan0
07-28 04:11:35.122  3358  3377 D VsProxy : handleMessage msg is 4001
07-28 04:11:35.122  3358  3377 D RadioProxy: getNecData : response cb for instance 0
07-28 04:11:35.122  3345  4492 E WifiStaIfaceAidlImpl: getTwtCapabilities failed with service-specific exception: android.os.ServiceSpecificException:  (code 4)
07-28 04:11:35.122  5201  6296 D RadioProxyJ: [PHONE0][96]< getNecDataResponse ******
07-28 04:11:35.122  5201  5201 D MessengerResponseHandler: handleMessage Response msgid 206
07-28 04:11:35.122  3345  4492 E WifiChipAidlImpl: enableStaChannelForPeerNetwork failed with service-specific exception: android.os.ServiceSpecificException:  (code 4)
07-28 04:11:35.122  3345  4492 D WifiNative: setWifiNativeInterfaceEventCallback
07-28 04:11:35.122  3345  4492 D WifiClientModeManager[58866:wlan0]: entering StartedState
07-28 04:11:35.123  1866  1866 E WifiHAL : wifi_get_gscan_capabilities: GSCAN is not supported by driver
07-28 04:11:35.123  3345  4492 D WifiClientModeManager[58866:wlan0]: entering ScanOnlyModeState
07-28 04:11:35.123  3345  4496 E WifiStaIfaceAidlImpl: getBackgroundScanCapabilities failed with service-specific exception: android.os.ServiceSpecificException:  (code 4)
07-28 04:11:35.123  3345  4492 D WifiScanRequestProxy: Sending scan available broadcast: true
07-28 04:11:35.123  3345  4492 I WifiScanRequestProxy: Scanning is enabled
07-28 04:11:35.123  3345  4492 I WifiScanRequestProxy: Scanning for hidden networks is disabled
07-28 04:11:35.123  1866  1866 D WifiHAL : wifi_multi_sta_set_use_case: 0
07-28 04:11:35.123  3345  3345 D OplusWifiBroadCastDispatcher: mBroadcastReceiver: onReceiver  action=android.net.wifi.action.WIFI_SCAN_AVAILABILITY_CHANGED
07-28 04:11:35.123  3345  4603 D OplusWifiPower_ConnLpmEventObsever: onReceive EXTRA_SCAN_AVAILABLE availabe = true
07-28 04:11:35.123  3345  4492 D WifiCountryCode: evaluateAllCmmStateAndApplyIfAllReady: {ConcreteClientModeManager{id=58866 iface=wlan0 role=ROLE_CLIENT_SCAN_ONLY}=true}
07-28 04:11:35.123  3345  4603 D OplusWifiPowerService: onReceive action:android.net.wifi.action.WIFI_SCAN_AVAILABILITY_CHANGED
07-28 04:11:35.123  7153  7153 I OsAgent : onReceive: android.net.wifi.action.WIFI_SCAN_AVAILABILITY_CHANGED
07-28 04:11:35.123  3345  4492 D WifiCountryCode: Reading country code from telephony
07-28 04:11:35.123  7153  7379 I OsAgent : updateWiFiScanAvailState, scanAvailable: true
07-28 04:11:35.123  3345  4603 D OplusWifiSwitchStateMonitor: scan settings change to true
07-28 04:11:35.124  3345  4492 D WifiCountryCode: Set telephony country code to: 
07-28 04:11:35.124  3345  4492 D WifiCountryCode: updateCountryCode to US
07-28 04:11:35.124  3345  4492 D WifiCountryCode: setCountryCodeNative: US, isClientModeOnly: true mDriverCountryCode: US
07-28 04:11:35.125  3345  4496 I WifiScanningService: Created a new impl for wlan0
07-28 04:11:35.125  3345  4496 I WifiScanningService: Received a request to enable scanning, UID = 1000
07-28 04:11:35.125  3345  4496 I WifiScanningService: scanner impls already exists
07-28 04:11:35.125  3345  4496 I WifiScanningService: wifi driver loaded with scan capabilities: max buckets=16
07-28 04:11:35.125  3345  4496 E WifiScanningService: wifi driver loaded received while already loaded
07-28 04:11:35.126  1834  6350 I sensors-hal: qsh_conn_event_cb:756, event[0] msg_id=1025, ts=1212808362, sensor_type = oplus_activity_recognition  Wakeup
07-28 04:11:35.126  1834  6350 E sensors-hal: handle_sns_std_sensor_event:72, oplus_activity_recognition output: count: 1.000000, index: 1.000000, incar_state: 0.000000, actvity_mode: 3.000000, delta_time: 0.000000 !
07-28 04:11:35.127  5047  5522 D NhsSceneReceiver: onSensorChanged: name = oplus_activity_recognition  Wakeup
07-28 04:11:35.127  5021  5559 D SceneEvent: onSensorChanged: name = oplus_activity_recognition  Wakeup
07-28 04:11:35.127  3345  5392 W BestClock: java.time.DateTimeException: Missing network time fix
07-28 04:11:35.127  1700  1749 E TetherController: property_get sys.radio.data.modem_share_flag return 0, 1!
07-28 04:11:35.128  3345  5392 W BestClock: java.time.DateTimeException: Missing network time fix
07-28 04:11:35.129  3345  5392 W BestClock: java.time.DateTimeException: Missing network time fix
07-28 04:11:35.130  5021  5858 W BestClock: java.time.DateTimeException: Missing network time fix
07-28 04:11:35.131  5021  5858 V MonthTrafficAlert: getWarningNotification subId:1 numWarningNotificaion:0
07-28 04:11:35.131  5154  6166 D IWlanJni: getDataRegistrationState start
07-28 04:11:35.131  5154  6217 D IWlanJni: new aidl event arrived
07-28 04:11:35.131  5154  6217 D IWlanJni: handleEvent 10
07-28 04:11:35.131  5154  6217 D IWlanJni: isThreadAttached start
07-28 04:11:35.131  5154  6217 D IWlanJni: jni detached
07-28 04:11:35.131  5154  6217 D IWlanJni: jni attached
07-28 04:11:35.131  5154  6217 D IWlanJni: getDataRegistrationStateResponse start
07-28 04:11:35.131  5154  6217 D IWlanJni: getJavaCallbackClass start
07-28 04:11:35.131  5154  6217 D IWlanJni: getJavaCallbackClass End midIs[1]
07-28 04:11:35.131  5154  6166 D IWlanJni: getDataRegistrationState start
07-28 04:11:35.131  5154  6217 I IWlanAidlClient: getDataRegistrationStateResponse called
07-28 04:11:35.132  5154  6216 W IWlanNetworkService: 6 > Response Processed
07-28 04:11:35.132  5154  6212 D IWlanJni: new aidl event arrived
07-28 04:11:35.132  5154  6212 D IWlanJni: handleEvent 10
07-28 04:11:35.132  5154  6212 D IWlanJni: isThreadAttached start
07-28 04:11:35.132  5154  6212 D IWlanJni: jni detached
07-28 04:11:35.132  5154  6212 D IWlanJni: jni attached
07-28 04:11:35.132  5154  6212 D IWlanJni: getDataRegistrationStateResponse start
07-28 04:11:35.132  5154  6212 D IWlanJni: getJavaCallbackClass start
07-28 04:11:35.132  5154  6212 D IWlanJni: getJavaCallbackClass End midIs[1]
07-28 04:11:35.132  5154  6212 I IWlanAidlClient: getDataRegistrationStateResponse called
07-28 04:11:35.133  5154  6211 W IWlanNetworkService: 7 > Response Processed
07-28 04:11:35.134  1814  3724 E LOCRIL_SESSION: operator():200] SubId: 1 Failed to get sim IO with error: 11
07-28 04:11:35.134  4928  4928 D OplusTelephonyController: onSignalStrengthChanged: SignalStrength=SignalStrength:{mCdma=CellSignalStrengthCdma: cdmaDbm=2147483647 cdmaEcio=2147483647 evdoDbm=2147483647 evdoEcio=2147483647 evdoSnr=2147483647 level=0,mGsm=CellSignalStrengthGsm: rssi=2147483647 ber=2147483647 mTa=2147483647 mLevel=0,mWcdma=CellSignalStrengthWcdma: ss=2147483647 ber=2147483647 rscp=2147483647 ecno=2147483647 level=0,mTdscdma=CellSignalStrengthTdscdma: rssi=2147483647 ber=2147483647 rscp=2147483647 level=0,mLte=CellSignalStrengthLte: rssi=2147483647 rsrp=2147483647 rsrq=2147483647 rssnr=2147483647 cqiTableIndex=2147483647 cqi=2147483647 ta=2147483647 level=0 parametersUseForLevel=0,mNr=CellSignalStrengthNr:{ csiRsrp = 2147483647 csiRsrq = 2147483647 csiCqiTableIndex = 2147483647 csiCqiReport = [] ssRsrp = 2147483647 ssRsrq = 2147483647 ssSinr = 2147483647 level = 0 parametersUseForLevel = 0 timingAdvance = 2147483647 },primary=CellSignalStrengthLte}
07-28 04:11:35.135  1814  3724 E LOCRIL_SESSION: operator():241] SubId: 1 Failed to get sim IMSI with error: 11
07-28 04:11:35.136  3345  5236 I OplusBinderProxy: pb uid: 10215 pid: 10688 desc: com.android.internal.telephony.IPhoneStateListener/10
07-28 04:11:35.136  3345  4195 W BestClock: java.time.DateTimeException: Missing network time fix
07-28 04:11:35.137  5201  5201 D SubsysEventListenerManager-SubsysTelephonyCallback[0]: onSignalStrengthsChanged
07-28 04:11:35.137  4821  5797 V OplusCustomizeCacheManager: queryCache name: sys.cache.common_customize_cache18014 param: null
07-28 04:11:35.137  4821  5797 V OplusCustomizeCacheManager: queryCache name: sys.cache.common_customize_cache18017 param: Bundle[{SETTING=BLOCK, BUSINESS=NCT-DATA}]
07-28 04:11:35.137  4821  5797 V OplusCustomizeCacheManager: queryCache name: sys.cache.common_customize_cache18013 param: null
07-28 04:11:35.138  5154  6166 D IWlanJni: getDataRegistrationState start
07-28 04:11:35.139  5201  6296 D VendorTelephonyService: onTelephonyEventReport slotId =0 eventId=6030
07-28 04:11:35.139  5201  6296 D VendorTelephonyService: onTelephonyEventReport slotId =0 eventId=6030
07-28 04:11:35.139  5154  6166 D IWlanJni: getDataRegistrationState start
07-28 04:11:35.140  1814  3724 E LOCRIL_SESSION: operator():200] SubId: 1 Failed to get sim IO with error: 11
07-28 04:11:35.140  5154  6217 D IWlanJni: new aidl event arrived
07-28 04:11:35.140  5154  6217 D IWlanJni: handleEvent 10
07-28 04:11:35.140  5154  6217 D IWlanJni: isThreadAttached start
07-28 04:11:35.140  5154  6217 D IWlanJni: jni detached
07-28 04:11:35.140  5201  5201 D VendorCallService: notityEventUpdate, eventId:6030, slotId = 0
07-28 04:11:35.140  5154  6217 D IWlanJni: jni attached
07-28 04:11:35.140  5154  6217 D IWlanJni: getDataRegistrationStateResponse start
07-28 04:11:35.140  5154  6217 D IWlanJni: getJavaCallbackClass start
07-28 04:11:35.140  5154  6217 D IWlanJni: getJavaCallbackClass End midIs[1]
07-28 04:11:35.140  5154  6217 I IWlanAidlClient: getDataRegistrationStateResponse called
07-28 04:11:35.140  5154  6212 D IWlanJni: new aidl event arrived
07-28 04:11:35.140  5154  6212 D IWlanJni: handleEvent 10
07-28 04:11:35.140  5154  6212 D IWlanJni: isThreadAttached start
07-28 04:11:35.140  5154  6212 D IWlanJni: jni detached
07-28 04:11:35.140  5154  6212 D IWlanJni: jni attached
07-28 04:11:35.140  5154  6212 D IWlanJni: getDataRegistrationStateResponse start
07-28 04:11:35.140  5154  6212 D IWlanJni: getJavaCallbackClass start
07-28 04:11:35.140  5154  6212 D IWlanJni: getJavaCallbackClass End midIs[1]
07-28 04:11:35.140  5154  6212 I IWlanAidlClient: getDataRegistrationStateResponse called
07-28 04:11:35.140  5154  6216 W IWlanNetworkService: 9 > Response Processed
07-28 04:11:35.140  5021  5105 D SaDataService: onTelephonyEventReport , subId= 0,slotId=-1 eventId=6030
07-28 04:11:35.140  5154  6211 W IWlanNetworkService: 8 > Response Processed
07-28 04:11:35.140  5021  5105 D TelephonyImpl: notify eventId:6030 for list size:2
07-28 04:11:35.140  5021  5105 D SaDataService: onTelephonyEventReport , subId= 0,slotId=-1 eventId=6030
07-28 04:11:35.140  5021  5105 D TelephonyImpl: notify eventId:6030 for list size:2
07-28 04:11:35.141  1814  3724 E LOCRIL_SESSION: operator():241] SubId: 1 Failed to get sim IMSI with error: 11
07-28 04:11:35.141  5201  6296 D VendorTelephonyService: onTelephonyEventReport slotId =0 eventId=6030
07-28 04:11:35.141  5201  6296 D VendorTelephonyService: onTelephonyEventReport slotId =0 eventId=6030
07-28 04:11:35.141  5201  5201 D VendorCallService: notityEventUpdate, eventId:6030, slotId = 0
07-28 04:11:35.141  1814  3719 W LOCRIL_SESSION: operator():307] cellInfo list size is 0, Voice state: 3, data state: 3
07-28 04:11:35.142  2717  2717 I wificond: Regulatory domain changed to country: US on wiphy_index: 0
07-28 04:11:35.142  2717  2717 I wificond: UpdateBandInfo
07-28 04:11:35.142  3345  4195 D WifiNl80211Manager: OnRegDomainChanged US
07-28 04:11:35.142  3345  4195 D WifiNative: onCountryCodeChanged: US
07-28 04:11:35.142  3345  4195 I WifiCountryCode: Receive onDriverCountryCodeChanged US
07-28 04:11:35.142  3345  4195 D WifiScanRequestProxy: Sending scan available broadcast: true
07-28 04:11:35.142  3345  4496 I WifiScanningService: Received a request to enable scanning, UID = 1000
07-28 04:11:35.142  3345  4496 I WifiScanningService: scanner impls already exists
07-28 04:11:35.142  3345  4195 I WifiScanRequestProxy: Scanning is enabled
07-28 04:11:35.142  3345  4195 I WifiScanRequestProxy: Scanning for hidden networks is disabled
07-28 04:11:35.142  3345  4496 E WifiScanningService: wifi driver loaded received while already loaded
07-28 04:11:35.142  6399  6399 I wpa_supplicant: p2p0: CTRL-EVENT-REGDOM-CHANGE init=DRIVER type=COUNTRY alpha2=US
07-28 04:11:35.143  2717  2717 I wificond: 2.4Ghz frequencies: 2412 2417 2422 2427 2432 2437 2442 2447 2452 2457 2462
07-28 04:11:35.143  2717  2717 I wificond: 5Ghz non-DFS frequencies: 5180 5200 5220 5240 5745 5765 5785 5805 5825
07-28 04:11:35.143  2717  2717 I wificond: 5Ghz DFS frequencies: 5260 5280 5300 5320 5500 5520 5540 5560 5580 5600 5620 5640 5660 5680 5700
07-28 04:11:35.143  2717  2717 I wificond: 6Ghz frequencies:
07-28 04:11:35.143  2717  2717 I wificond: 60Ghz frequencies:
07-28 04:11:35.143  3345  3345 D OplusWifiBroadCastDispatcher: mBroadcastReceiver: onReceiver  action=android.net.wifi.action.WIFI_SCAN_AVAILABILITY_CHANGED
07-28 04:11:35.143  3345  4603 D OplusWifiPower_ConnLpmEventObsever: onReceive EXTRA_SCAN_AVAILABLE availabe = true
07-28 04:11:35.143  3345  4603 D OplusWifiPowerService: onReceive action:android.net.wifi.action.WIFI_SCAN_AVAILABILITY_CHANGED
07-28 04:11:35.143  3345  4603 D OplusWifiSwitchStateMonitor: scan settings change to true
07-28 04:11:35.143  7153  7153 I OsAgent : onReceive: android.net.wifi.action.WIFI_SCAN_AVAILABILITY_CHANGED
07-28 04:11:35.143  7153  7379 I OsAgent : updateWiFiScanAvailState, scanAvailable: true
07-28 04:11:35.143  3345  4195 W BestClock: java.time.DateTimeException: Missing network time fix
07-28 04:11:35.145  4989  5005 D QtiOemHookAidl: oemHookRawIndication length=24
07-28 04:11:35.146  4989  4989 D QcrilMsgTunnelIfaceManager: handleMessage what = 0
07-28 04:11:35.146  5117  6284 I QImsService: ImsRadioIndicationAidl : onRadioStateChanged()[SUB1]
07-28 04:11:35.146  3345  4195 W BestClock: java.time.DateTimeException: Missing network time fix
07-28 04:11:35.147  4989  5833 D QtiOemHookAidl: oemHookRawIndication length=24
07-28 04:11:35.147  4989  4989 D QcrilMsgTunnelIfaceManager: handleMessage what = 0
07-28 04:11:35.147  5117  6284 I QImsService: ImsSenderRxr : [UNSL]< UNSOL_RADIO_STATE_CHANGED RADIO_ON[SUB1]
07-28 04:11:35.147  5117  5148 I QImsService: ImsRadioIndicationAidl : onRadioStateChanged()[SUB0]
07-28 04:11:35.147  4821  5797 V OplusCustomizeCacheManager: queryCache name: sys.cache.common_customize_cache18014 param: null
07-28 04:11:35.147  4821  5797 V OplusCustomizeCacheManager: queryCache name: sys.cache.common_customize_cache18017 param: Bundle[{SETTING=BLOCK, BUSINESS=NCT-DATA}]
07-28 04:11:35.147  4821  5797 V OplusCustomizeCacheManager: queryCache name: sys.cache.common_customize_cache18013 param: null
07-28 04:11:35.147  5117  5148 I QImsService: ImsSenderRxr : [UNSL]< UNSOL_RADIO_STATE_CHANGED RADIO_ON[SUB0]
07-28 04:11:35.147  1980  2011 E PowerMonitorService: Failed to open /proc/horae_qmi (2): No such file or directory
07-28 04:11:35.148  4989  4989 D QC_RIL_OEM_HOOK: Received Broadcast Intent ACTION_UNSOL_RESPONSE_OEM_HOOK_RAW
07-28 04:11:35.149  4989  4989 D DeviceStatisticsService: onReceive: action= org.codeaurora.intent.action.RADIO_POWER_STATE
07-28 04:11:35.149  4989  4989 I DeviceStatisticsService: Receiving radio_power_state_changed, mIsDeviceInfoInitialized = true
07-28 04:11:35.149  4989  4989 I DeviceStatisticsService: radio power state changed to 1 for slot: 1
07-28 04:11:35.149  4989  4989 D QC_RIL_OEM_HOOK: Received Broadcast Intent ACTION_UNSOL_RESPONSE_OEM_HOOK_RAW
07-28 04:11:35.149  5021  5072 D SaDataService: onTelephonyEventReport , subId= 0,slotId=-1 eventId=6030
07-28 04:11:35.149  5021  5072 D TelephonyImpl: notify eventId:6030 for list size:2
07-28 04:11:35.149  5201  6296 D VendorTelephonyService: onTelephonyEventReport slotId =0 eventId=6030
07-28 04:11:35.149  5201  6296 D VendorTelephonyService: onTelephonyEventReport slotId =0 eventId=6030
07-28 04:11:35.150  5201  5201 D VendorCallService: notityEventUpdate, eventId:6030, slotId = 0
07-28 04:11:35.150  1814  3724 E LOCRIL_SESSION: operator():200] SubId: 1 Failed to get sim IO with error: 11
07-28 04:11:35.151  5154  6166 D IWlanJni: getDataRegistrationState start
07-28 04:11:35.151  1814  3719 W LOCRIL_SESSION: operator():307] cellInfo list size is 0, Voice state: 3, data state: 3
07-28 04:11:35.151  5154  6217 D IWlanJni: new aidl event arrived
07-28 04:11:35.151  5154  6217 D IWlanJni: handleEvent 10
07-28 04:11:35.151  5154  6217 D IWlanJni: isThreadAttached start
07-28 04:11:35.151  5154  6217 D IWlanJni: jni detached
07-28 04:11:35.151  5154  6217 D IWlanJni: jni attached
07-28 04:11:35.151  5154  6217 D IWlanJni: getDataRegistrationStateResponse start
07-28 04:11:35.151  5154  6217 D IWlanJni: getJavaCallbackClass start
07-28 04:11:35.151  5154  6217 D IWlanJni: getJavaCallbackClass End midIs[1]
07-28 04:11:35.151  5154  6217 I IWlanAidlClient: getDataRegistrationStateResponse called
07-28 04:11:35.151  5154  6216 W IWlanNetworkService: 10 > Response Processed
07-28 04:11:35.152  1814  3724 E LOCRIL_SESSION: operator():241] SubId: 1 Failed to get sim IMSI with error: 11
07-28 04:11:35.153  3345  4822 W BestClock: java.time.DateTimeException: Missing network time fix
07-28 04:11:35.153  4821  5023 I SystemUi--QuickSettings: Tile.OplusCellularTile-->updateCarrierText: dialog not showing, ignore
07-28 04:11:35.153  4928  4928 D ServiceStateProvider: subId=1
07-28 04:11:35.154  4821  5023 D SimStateHelper: slot:0, lock state:Bundle[mParcelledData.dataSize=56]
07-28 04:11:35.154  4821  5023 D SimStateHelper: slot:1, lock state:Bundle[mParcelledData.dataSize=56]
07-28 04:11:35.154  4821  5023 D SimStateHelper: needDisableMenu: slot1State=-1; slot2State=-1
07-28 04:11:35.154  4821  5023 D SimStateHelper: needDisableMenu:false
07-28 04:11:35.155  3345  4822 W BestClock: java.time.DateTimeException: Missing network time fix
07-28 04:11:35.155  3345  4640 V SettingsProvider: deleteSystemSetting(OPLUS_SLA_LAST_MCC, 0)
07-28 04:11:35.155  5117  5117 I QImsService: OplusPhoneStateTracker : onServiceStateChanged
07-28 04:11:35.155  5201  5201 D SubsysEventListenerManager-SubsysTelephonyCallback[0]: onServiceStateChanged
07-28 04:11:35.156  5201  5201 D ChinaRoamingControl: registTelephonyEvent onServiceStateChanged eventId:5, VoiceRegState:1, DataRegState:1
07-28 04:11:35.156  5201  5201 D QuickChangeAirplaneModeEvent: onServiceStateChanged slotId:0
07-28 04:11:35.156  4821  5797 V OplusCustomizeCacheManager: queryCache name: sys.cache.common_customize_cache18014 param: null
07-28 04:11:35.156  3345  4640 D SettingsProvider: delete system settings OPLUS_****_MCC pkg is  android user id is 0
07-28 04:11:35.156  4821  5797 V OplusCustomizeCacheManager: queryCache name: sys.cache.common_customize_cache18017 param: Bundle[{SETTING=BLOCK, BUSINESS=NCT-DATA}]
07-28 04:11:35.156  4821  5797 V OplusCustomizeCacheManager: queryCache name: sys.cache.common_customize_cache18013 param: null
07-28 04:11:35.156  5021  5855 D T-Recommend: onPreHandleMessage 1000
07-28 04:11:35.156  5021  5855 E CellularEvent: nri null ps
07-28 04:11:35.156  5021  5855 E CellularEvent: invalid nri
07-28 04:11:35.156  5021  5855 D T-Recommend: onPostHandleMessage 1000
07-28 04:11:35.156  5117  5117 I QImsService: OplusPhoneStateTracker : onServiceStateChanged
07-28 04:11:35.157  5201  5201 D QuickChangeAirplaneModeEvent: isBothCardInService is false
07-28 04:11:35.157  5021  5861 D OplusSubWaySlowRecovery: getPreferSubId return 1
07-28 04:11:35.157  5021  5861 D OplusScanQrCodeRecoveryImpl: msg.what=3
07-28 04:11:35.157  5201  5201 D MsimSubModeManager: registTelephonyEvent onServiceStateChanged eventId:3, VoiceRegState:1, DataRegState:1
07-28 04:11:35.157  3345  5236 W ContextImpl: Calling a method in the system process without a qualified user: android.app.ContextImpl.sendBroadcastMultiplePermissions:1311 android.content.Context.sendBroadcastMultiplePermissions:2524 com.android.server.TelephonyRegistry.broadcastServiceStateChanged:3740 com.android.server.TelephonyRegistry.notifyServiceStateForPhoneId:1787 com.android.internal.telephony.ITelephonyRegistry$Stub.onTransact:546 
07-28 04:11:35.157  5201  5201 E ExtremeCommUtils: getSwitchRusSupportMcc invalid index 1
07-28 04:11:35.157  4928  4928 D QC_RIL_OEM_HOOK: Received Broadcast Intent ACTION_UNSOL_RESPONSE_OEM_HOOK_RAW
07-28 04:11:35.157  5201  5201 D ExtremeCommUtils: isSupporCheck rusContain:false,propContain(persist.sys.oplus.support_hyper_uplink_mcc):false
07-28 04:11:35.157  5201  5201 D ExtremeCommService: handleServiceStateChanged mcc is null
07-28 04:11:35.157  5201  5201 D ChinaRoamingControl: handleMessage what:5
07-28 04:11:35.157  4928  4928 D QC_RIL_OEM_HOOK: Received Broadcast Intent ACTION_UNSOL_RESPONSE_OEM_HOOK_RAW
07-28 04:11:35.157  4928  4928 D QC_RIL_OEM_HOOK: Received Broadcast Intent ACTION_UNSOL_RESPONSE_OEM_HOOK_RAW
07-28 04:11:35.157  5201  5201 D MsimSubModeManager: handleMessage what:3
07-28 04:11:35.157  5201  5201 D MsimSubModeManager: getMsimSimServiceIn() i:0,mServiceState:1
07-28 04:11:35.157  5201  5201 D MsimSubModeManager: getMsimSimServiceIn() i:1,mServiceState:1
07-28 04:11:35.157  4821  5071 I SystemUi--Statusbar: MobileConnectionRepositoryImpl-->subId:1 isSoftSimCard:false slotId:0
07-28 04:11:35.158  3345  5236 W ContextImpl: Calling a method in the system process without a qualified user: android.app.ContextImpl.sendBroadcastMultiplePermissions:1344 com.android.server.TelephonyRegistry.broadcastServiceStateChanged:3745 com.android.server.TelephonyRegistry.notifyServiceStateForPhoneId:1787 com.android.internal.telephony.ITelephonyRegistry$Stub.onTransact:546 android.os.Binder.execTransactInternal:1523 
07-28 04:11:35.158  5201  5201 D SubsysEventListenerManager-SubsysTelephonyCallback[0]: onRadioPowerStateChanged state:1
07-28 04:11:35.158  5201  6126 D EfsNvDumpUnit[0]: onServiceStateChanged: voice reg state: OUT_OF_SERVICE data reg state: OUT_OF_SERVICE
07-28 04:11:35.158  5201  6126 D cellularState[0]: handleMessage: E msg.what=4
07-28 04:11:35.158  5201  6126 D cellularState[0]: processMsg: DataCallingState
07-28 04:11:35.158  5201  6126 D cellularState[0]: processMsg: NetworkAttachedState
07-28 04:11:35.158  5201  6126 D cellularState[0]: processMsg: SimReadyState
07-28 04:11:35.158  5201  6126 D cellularState[0]: processMsg: DefaultState
07-28 04:11:35.158  5201  6126 E cellularState[0]:  - unhandledMessage: msg.what=4
07-28 04:11:35.158  5201  6126 D cellularState[0]: handleMessage: X
07-28 04:11:35.159  4989  4989 D DeviceInfoAidlClient: onRadioPowerStateChanged
07-28 04:11:35.159  4989  4989 D DeviceInfoAidlClient: mRadioStateHdlr handleMessage()1
07-28 04:11:35.159  3345  5236 W ContextImpl: Calling a method in the system process without a qualified user: android.app.ContextImpl.sendBroadcastMultiplePermissions:1344 com.android.server.TelephonyRegistry.broadcastServiceStateChanged:3754 com.android.server.TelephonyRegistry.notifyServiceStateForPhoneId:1787 com.android.internal.telephony.ITelephonyRegistry$Stub.onTransact:546 android.os.Binder.execTransactInternal:1523 
07-28 04:11:35.159  4989  4989 D DeviceInfoAidlClient: isRadioOn()=true
07-28 04:11:35.159  4989  4989 I DeviceInfoAidlClient: sendFeaturesSupported: power info support-true interactive state support-true
