07-29 18:28:08.128  3487  3733 D SurfaceComposerClient: Transaction::apply InputWindowCommands.focusRequests timestamp=57932274039, windowName=f667490 NotificationShade
07-29 18:28:08.128  2232  2535 D SurfaceFlinger: captureLayers from pid 5405 uid -335
07-29 18:28:08.128  3487  3860 D VRR [OPlusRefreshRateService]: handleConfigIdChange physicalDisplayId: 4630946756802996883 configId: 4 renderPeriod: 8333333
07-29 18:28:08.128  3487  3860 D VRR [OPlusSAManager]: updateModeChange old modeId [ 5 ] -> new modeId [ 4 ] mCurPolicy: 1
07-29 18:28:08.128  3487  3860 D VRR [OPlusSAManager]: updateSAScene active modeId: 4
07-29 18:28:08.128  3487  3860 D VRR [OPlusSAManager]: updateSAScene current policy: 1 active modeId: 4 scene: VRR_90_120
07-29 18:28:08.128  3487  3860 D VRR [OPlusOAManager]: Not OA business! new modeId: [4] active modeId: [5]
07-29 18:28:08.128  3487  3860 D VRR [OPlusGameStatusManager]: updateGameState mOSyncFeatureSwitch: false mIsGamePolicy: false
07-29 18:28:08.128  3487  3860 D VRR [OPlusGameStatusManager]: setLTMStatus false curPkgName: com.android.launcher curr status: false HeartStop: false HeartStopFromTGPA: false ActiveFPS: 120.00001
07-29 18:28:08.128  3487  3860 D VRR [OPlusGameStatusManager]: updateGameAccelerationStatus pkgName: com.android.launcher mOSyncFeatureSwitch: false mIsGamePolicy: false mHeartStop: false mHasFlickerRisk: false mForceAcceleration: false mToastReady: false enable: false
07-29 18:28:08.128  3487  3860 D VRR [OPlusGameStatusManager]: updateToastStatus enableAcceleration: false toastReady: false isGamePolicy: false desiredModeId: 4
07-29 18:28:08.128  3487  3860 D VRR [OPlusGameStatusManager]: updateToastStatus enableAcceleration: false toastReady: false isGamePolicy: false desiredModeId: 4
07-29 18:28:08.128  3487  3860 D VRR [OPlusExternalRefreshRateManager]:  updateRenderPeriodChange configId:4 current refresh rate:120.00001
07-29 18:28:08.128  2232  3330 D VRR [OTI-HW]: isStateReady 0
07-29 18:28:08.128  3487  3860 D VRR [OPlusSurfaceFlingerController]:  setDirectorOtiHwConfig : true
07-29 18:28:08.128  2232  3330 D VRR [OTI-HW]: keep rate.
07-29 18:28:08.131  4895  4895 I SystemUi--Keyguard: ScrimControllerExImp-->blur State to UNLOCK, bouncer=false changeFromBouncerScrim= false runnerUnlock= false goingAway=false hasHandle=true isOccludeAnimationPlaying=false
07-29 18:28:08.131  3487  5354 I InputDispatcher: injectInputEvent: targetUid=<not set>, syncMode=WAIT_FOR_FINISHED, timeout=30000ms, policyFlags=0x8000000, event=MotionEvent { action=MOVE, id[0]=0, x[0]=900, y[0]=693.233, eventTime=57940000000, downTime=57839000000, deviceId=4, source=TOUCHSCREEN, displayId=0, eventId=0xc447011c}
07-29 18:28:08.131  4895  4895 I SystemUi--Keyguard: ScrimControllerExImp-->blur State to UNLOCK, bouncer=false changeFromBouncerScrim= false runnerUnlock= false goingAway=false hasHandle=true isOccludeAnimationPlaying=false
07-29 18:28:08.131  4895  4895 I SystemUi--QuickSettings: QSPanelAnimatorManager-->showFirstElement
07-29 18:28:08.131  3487  3829 D PowerManagerService: userActivityNoUpdateLocked: groupId=0, eventTime=57940, event=touch, flags=0x0, uid=1000
07-29 18:28:08.132  1929  1929 I SnapAlloc: Using graphics libs for alignment calculations
07-29 18:28:08.132  4895  4895 D JankUtils: gfxSceneBegin; scene: 7; sceneDes: QS PULL
07-29 18:28:08.132  1929  1929 I SnapAlloc: Using graphics libs for alignment calculations
07-29 18:28:08.133  1929  1929 I SnapAlloc: Using graphics libs for alignment calculations
07-29 18:28:08.138  2232  3365 D SurfaceFlinger: updateWinowInfo=1, setFocusedWindow timestamp=57932274039, windowName=f667490 NotificationShade
07-29 18:28:08.138  3487  5852 I InputDispatcher: NFW_setFocusedWindow, f667490 NotificationShade on display 0, same as the previous:0
07-29 18:28:08.138  3487  5852 I InputDispatcher: updateFocusedWindow,  on display 0, reason: Waiting for window because NOT_FOCUSABLE, result:   FocusedWindows: <none>
07-29 18:28:08.138  3487  4226 I InputDispatcher: updateFocusedWindow, f667490 NotificationShade on display 0, reason: Window became focusable. Previous reason: NOT_FOCUSABLE, result:   FocusedWindows:
07-29 18:28:08.138  3487  4226 I InputDispatcher:     displayId=0, name='f667490 NotificationShade'
07-29 18:28:08.138  5219  5219 D VRI[Launcher]: onFocusEvent false
07-29 18:28:08.138  4895  4895 D VRI[NotificationShade]: onFocusEvent true
07-29 18:28:08.139  4895  4895 I SystemUi--Keyguard: ScrimControllerExImp-->blur State to UNLOCK, bouncer=false changeFromBouncerScrim= false runnerUnlock= false goingAway=false hasHandle=true isOccludeAnimationPlaying=false
07-29 18:28:08.139  3487  5354 I InputDispatcher: injectInputEvent: targetUid=<not set>, syncMode=WAIT_FOR_FINISHED, timeout=30000ms, policyFlags=0x8000000, event=MotionEvent { action=MOVE, id[0]=0, x[0]=900, y[0]=752.333, eventTime=57949000000, downTime=57839000000, deviceId=4, source=TOUCHSCREEN, displayId=0, eventId=0xe0ec9932}
07-29 18:28:08.139  4895  4895 I SystemUi--Keyguard: ScrimControllerExImp-->blur State to UNLOCK, bouncer=false changeFromBouncerScrim= false runnerUnlock= false goingAway=false hasHandle=true isOccludeAnimationPlaying=false
07-29 18:28:08.142  4895  4895 I SystemUi--Keyguard: OplusRepeatWhenAttachedUnlock-->updateState: view.windowVisibility: 0, keyguardShow: false, isInPreviewMode: false, view.hasWindowFocus(): true
07-29 18:28:08.142  4895  4895 I SystemUi--Keyguard: OplusRepeatWhenAttachedUnlock-->updateState: view.windowVisibility: 0, keyguardShow: false, isInPreviewMode: false, view.hasWindowFocus(): true
07-29 18:28:08.147  1929  1929 I SnapAlloc: Using graphics libs for alignment calculations
07-29 18:28:08.147  4895  4895 I SystemUi--Keyguard: ScrimControllerExImp-->blur State to UNLOCK, bouncer=false changeFromBouncerScrim= false runnerUnlock= false goingAway=false hasHandle=true isOccludeAnimationPlaying=false
07-29 18:28:08.147  3487  5354 I InputDispatcher: injectInputEvent: targetUid=<not set>, syncMode=WAIT_FOR_FINISHED, timeout=30000ms, policyFlags=0x8000000, event=MotionEvent { action=MOVE, id[0]=0, x[0]=900, y[0]=804.867, eventTime=57957000000, downTime=57839000000, deviceId=4, source=TOUCHSCREEN, displayId=0, eventId=0xed59cc97}
07-29 18:28:08.148  4895  4895 I SystemUi--Keyguard: ScrimControllerExImp-->blur State to UNLOCK, bouncer=false changeFromBouncerScrim= false runnerUnlock= false goingAway=false hasHandle=true isOccludeAnimationPlaying=false
07-29 18:28:08.148  4895  4895 I SystemUi--QuickSettings: QSPanelAnimatorManager-->showSecondElement
07-29 18:28:08.156  4895  4895 I SystemUi--Keyguard: ScrimControllerExImp-->blur State to UNLOCK, bouncer=false changeFromBouncerScrim= false runnerUnlock= false goingAway=false hasHandle=true isOccludeAnimationPlaying=false
07-29 18:28:08.156  3487  5354 I InputDispatcher: injectInputEvent: targetUid=<not set>, syncMode=WAIT_FOR_FINISHED, timeout=30000ms, policyFlags=0x8000000, event=MotionEvent { action=MOVE, id[0]=0, x[0]=900, y[0]=857.4, eventTime=57965000000, downTime=57839000000, deviceId=4, source=TOUCHSCREEN, displayId=0, eventId=0xcf98917c}
07-29 18:28:08.156  4895  4895 I SystemUi--Keyguard: ScrimControllerExImp-->blur State to UNLOCK, bouncer=false changeFromBouncerScrim= false runnerUnlock= false goingAway=false hasHandle=true isOccludeAnimationPlaying=false
07-29 18:28:08.164  1929  1929 I SnapAlloc: Using graphics libs for alignment calculations
07-29 18:28:08.164  4895  4895 I SystemUi--Keyguard: ScrimControllerExImp-->blur State to UNLOCK, bouncer=false changeFromBouncerScrim= false runnerUnlock= false goingAway=false hasHandle=true isOccludeAnimationPlaying=false
07-29 18:28:08.164  3487  5354 I InputDispatcher: injectInputEvent: targetUid=<not set>, syncMode=WAIT_FOR_FINISHED, timeout=30000ms, policyFlags=0x8000000, event=MotionEvent { action=MOVE, id[0]=0, x[0]=900, y[0]=916.5, eventTime=57974000000, downTime=57839000000, deviceId=4, source=TOUCHSCREEN, displayId=0, eventId=0xf982fe85}
07-29 18:28:08.165  4895  4895 I SystemUi--Keyguard: ScrimControllerExImp-->blur State to UNLOCK, bouncer=false changeFromBouncerScrim= false runnerUnlock= false goingAway=false hasHandle=true isOccludeAnimationPlaying=false
07-29 18:28:08.170  4895  5385 I SystemUi--Statusbar: PrivacyDotViewController-->processNextViewState: 
07-29 18:28:08.170  4895  5385 I SystemUi--Statusbar: PrivacyDotViewController-->resolveState ViewState(viewInitialized=true, systemPrivacyEventIsActive=false, shadeExpanded=true, needShow=false, portraitRect=Rect(0, 0 - 1080, 120), landscapeRect=Rect(120, 0 - 2376, 120), upsideDownRect=Rect(0, 0 - 1080, 120), seascapeRect=Rect(0, 0 - 2244, 120), layoutRtl=false, rotation=0, paddingTop=14, paddingBottom=15, cornerIndex=1, designatedCorner=android.widget.FrameLayout{9259530 I.E...... ......ID 1032,0-1080,120 #7f0a09cd app:id/privacy_dot_top_right_container alpha=1.0 viewInfo = }, contentDescription=null, dotMargin=48)
07-29 18:28:08.172  4895  4895 I SystemUi--Keyguard: ScrimControllerExImp-->blur State to UNLOCK, bouncer=false changeFromBouncerScrim= false runnerUnlock= false goingAway=false hasHandle=true isOccludeAnimationPlaying=false
07-29 18:28:08.173  3487  5354 I InputDispatcher: injectInputEvent: targetUid=<not set>, syncMode=WAIT_FOR_FINISHED, timeout=30000ms, policyFlags=0x8000000, event=MotionEvent { action=MOVE, id[0]=0, x[0]=900, y[0]=969.033, eventTime=57982000000, downTime=57839000000, deviceId=4, source=TOUCHSCREEN, displayId=0, eventId=0xd561083c}
07-29 18:28:08.173  4895  4895 I SystemUi--Keyguard: ScrimControllerExImp-->blur State to UNLOCK, bouncer=false changeFromBouncerScrim= false runnerUnlock= false goingAway=false hasHandle=true isOccludeAnimationPlaying=false
07-29 18:28:08.179  3487  3860 D VRR [OPlusSAManager]: setSAConfig scene: VRR_90_120 modeId: 4 auto: true fakeFrame: true
07-29 18:28:08.179  3487  3860 D VRR [OPlusSAManager]: updateAutoMinfps with nits: 96.33299, mHistOK true, mAmbientOK true, mCctOK true, mIrOK true, mBrightnessOK true, isPkgOK true, SA min fps: 119
07-29 18:28:08.179  3487  3860 D VRR [OPlusSurfaceFlingerController]: setAutoMode enable: true fakeFrame: true fps: 119
07-29 18:28:08.179  2232  2535 I VRR-[OPlusAdfrUtil]: ADFR try set Auto mode with mode 1 fakeframe 1 min fps 119
07-29 18:28:08.179  2232  2535 D VRR-[OPlusRefreshRateSelector]: OSyncModes add size is 1.
07-29 18:28:08.179  2232  2535 I VRR-[OPlusRefreshRateSelector]: updateAutoMode success, display 0, mode 0, fakeframe 1, min fps: 1
07-29 18:28:08.179  2232  3298 D VRR-[OPlusRefreshRateSelector]: handleSetHWCOSync
07-29 18:28:08.179  2232  3298 D VRR-[OPlusRefreshRateSelector]: OSyncModes remaining size is 0.
07-29 18:28:08.179  2232  3298 D VRR-[OPlusRefreshRateSelector]: SetHWCOSync with 5CC08181
07-29 18:28:08.180  1938  4483 I SDM     : DisplayBuiltIn::SetQSyncMode: VRR + update qsync mode 0 minfps 00C08181
07-29 18:28:08.181  1929  1929 I SnapAlloc: Using graphics libs for alignment calculations
07-29 18:28:08.181  4895  4895 I SystemUi--Keyguard: ScrimControllerExImp-->blur State to UNLOCK, bouncer=false changeFromBouncerScrim= false runnerUnlock= false goingAway=false hasHandle=true isOccludeAnimationPlaying=false
07-29 18:28:08.181  3487  5354 I InputDispatcher: injectInputEvent: targetUid=<not set>, syncMode=WAIT_FOR_FINISHED, timeout=30000ms, policyFlags=0x8000000, event=MotionEvent { action=MOVE, id[0]=0, x[0]=900, y[0]=1021.57, eventTime=57990000000, downTime=57839000000, deviceId=4, source=TOUCHSCREEN, displayId=0, eventId=0xded1da9b}
07-29 18:28:08.181  4895  4895 I SystemUi--Keyguard: ScrimControllerExImp-->blur State to UNLOCK, bouncer=false changeFromBouncerScrim= false runnerUnlock= false goingAway=false hasHandle=true isOccludeAnimationPlaying=false
07-29 18:28:08.188  1938  2245 E SDM     : DRMConnector::Perform: Connector 67: Setting Qsync min fps 12616065
07-29 18:28:08.189  4895  4895 I SystemUi--Keyguard: ScrimControllerExImp-->blur State to UNLOCK, bouncer=false changeFromBouncerScrim= false runnerUnlock= false goingAway=false hasHandle=true isOccludeAnimationPlaying=false
07-29 18:28:08.189  3487  5354 I InputDispatcher: injectInputEvent: targetUid=<not set>, syncMode=WAIT_FOR_FINISHED, timeout=30000ms, policyFlags=0x8000000, event=MotionEvent { action=MOVE, id[0]=0, x[0]=900, y[0]=1080.67, eventTime=57999000000, downTime=57839000000, deviceId=4, source=TOUCHSCREEN, displayId=0, eventId=0xd32cda1d}
07-29 18:28:08.190  4895  4895 I SystemUi--Keyguard: ScrimControllerExImp-->blur State to UNLOCK, bouncer=false changeFromBouncerScrim= false runnerUnlock= false goingAway=false hasHandle=true isOccludeAnimationPlaying=false
07-29 18:28:08.198  1929  1929 I SnapAlloc: Using graphics libs for alignment calculations
07-29 18:28:08.198  4895  4895 I SystemUi--Keyguard: ScrimControllerExImp-->blur State to UNLOCK, bouncer=false changeFromBouncerScrim= false runnerUnlock= false goingAway=false hasHandle=true isOccludeAnimationPlaying=false
07-29 18:28:08.198  3487  5354 I InputDispatcher: injectInputEvent: targetUid=<not set>, syncMode=WAIT_FOR_FINISHED, timeout=30000ms, policyFlags=0x8000000, event=MotionEvent { action=MOVE, id[0]=0, x[0]=900, y[0]=1133.2, eventTime=58007000000, downTime=57839000000, deviceId=4, source=TOUCHSCREEN, displayId=0, eventId=0xf513d27c}
07-29 18:28:08.198  4895  4895 I SystemUi--Keyguard: ScrimControllerExImp-->blur State to UNLOCK, bouncer=false changeFromBouncerScrim= false runnerUnlock= false goingAway=false hasHandle=true isOccludeAnimationPlaying=false
07-29 18:28:08.206  4895  4895 I SystemUi--Keyguard: ScrimControllerExImp-->blur State to UNLOCK, bouncer=false changeFromBouncerScrim= false runnerUnlock= false goingAway=false hasHandle=true isOccludeAnimationPlaying=false
07-29 18:28:08.206  3487  5354 I InputDispatcher: injectInputEvent: targetUid=<not set>, syncMode=WAIT_FOR_FINISHED, timeout=30000ms, policyFlags=0x8000000, event=MotionEvent { action=MOVE, id[0]=0, x[0]=900, y[0]=1185.73, eventTime=58015000000, downTime=57839000000, deviceId=4, source=TOUCHSCREEN, displayId=0, eventId=0xee149f6b}
07-29 18:28:08.206  4895  4895 I SystemUi--Keyguard: ScrimControllerExImp-->blur State to UNLOCK, bouncer=false changeFromBouncerScrim= false runnerUnlock= false goingAway=false hasHandle=true isOccludeAnimationPlaying=false
07-29 18:28:08.214  4895  4895 I SystemUi--Keyguard: ScrimControllerExImp-->blur State to UNLOCK, bouncer=false changeFromBouncerScrim= false runnerUnlock= false goingAway=false hasHandle=true isOccludeAnimationPlaying=false
07-29 18:28:08.214  1929  1929 I SnapAlloc: Using graphics libs for alignment calculations
07-29 18:28:08.214  3487  5354 I InputDispatcher: injectInputEvent: targetUid=<not set>, syncMode=WAIT_FOR_FINISHED, timeout=30000ms, policyFlags=0x8000000, event=MotionEvent { action=MOVE, id[0]=0, x[0]=900, y[0]=1244.83, eventTime=58024000000, downTime=57839000000, deviceId=4, source=TOUCHSCREEN, displayId=0, eventId=0xe2fb02f2}
07-29 18:28:08.214  4895  4895 I SystemUi--Keyguard: ScrimControllerExImp-->blur State to UNLOCK, bouncer=false changeFromBouncerScrim= false runnerUnlock= false goingAway=false hasHandle=true isOccludeAnimationPlaying=false
07-29 18:28:08.222  4895  4895 I SystemUi--Keyguard: ScrimControllerExImp-->blur State to UNLOCK, bouncer=false changeFromBouncerScrim= false runnerUnlock= false goingAway=false hasHandle=true isOccludeAnimationPlaying=false
07-29 18:28:08.222  3487  5354 I InputDispatcher: injectInputEvent: targetUid=<not set>, syncMode=WAIT_FOR_FINISHED, timeout=30000ms, policyFlags=0x8000000, event=MotionEvent { action=MOVE, id[0]=0, x[0]=900, y[0]=1297.37, eventTime=58032000000, downTime=57839000000, deviceId=4, source=TOUCHSCREEN, displayId=0, eventId=0xe8931c0f}
07-29 18:28:08.223  4895  4895 I SystemUi--Keyguard: ScrimControllerExImp-->blur State to UNLOCK, bouncer=false changeFromBouncerScrim= false runnerUnlock= false goingAway=false hasHandle=true isOccludeAnimationPlaying=false
07-29 18:28:08.225  4895  4895 I SystemUi--QuickSettings: QsLottieUtils-->getLottieAnimFile : qs/qs_location_lottie_active_sep_dual_light.json
07-29 18:28:08.228  4895  4895 I SystemUi--QuickSettings: QsLottieUtils-->getLottieAnimFile : qs/qs_nfc_lottie_active_sep_dual_light.json
07-29 18:28:08.229  4895 13172 W LOG_Effective: Effective doesn't support layer effects. If you are using them for  fills, strokes, trim paths etc. then try adding them directly as contents  in your shape. Found: [Slider Control]
07-29 18:28:08.230  4895 13172 W LOG_Effective: Animation contains merge paths. Merge paths are only supported on KitKat+ and must be manually enabled by calling enableMergePathsForKitKatAndAbove().
07-29 18:28:08.231  4895  4895 I SystemUi--Keyguard: ScrimControllerExImp-->blur State to UNLOCK, bouncer=false changeFromBouncerScrim= false runnerUnlock= false goingAway=false hasHandle=true isOccludeAnimationPlaying=false
07-29 18:28:08.231  3487  5354 I InputDispatcher: injectInputEvent: targetUid=<not set>, syncMode=WAIT_FOR_FINISHED, timeout=30000ms, policyFlags=0x8000000, event=MotionEvent { action=MOVE, id[0]=0, x[0]=900, y[0]=1356.47, eventTime=58041000000, downTime=57839000000, deviceId=4, source=TOUCHSCREEN, displayId=0, eventId=0xc4feafb2}
07-29 18:28:08.232  4895  4895 I SystemUi--Keyguard: ScrimControllerExImp-->blur State to UNLOCK, bouncer=false changeFromBouncerScrim= false runnerUnlock= false goingAway=false hasHandle=true isOccludeAnimationPlaying=false
07-29 18:28:08.232  3487  3829 D PowerManagerService: userActivityNoUpdateLocked: groupId=0, eventTime=58041, event=touch, flags=0x0, uid=1000
07-29 18:28:08.233  1929  1929 I SnapAlloc: Using graphics libs for alignment calculations
07-29 18:28:08.233  4895  5568 D HWUI    : OplusRenderNodeAnimator end!
07-29 18:28:08.234  4895  5568 D HWUI    : OplusRenderNodeAnimator end!
07-29 18:28:08.234  4895  5568 D HWUI    : OplusRenderNodeAnimator end!
07-29 18:28:08.234  4895  5568 D HWUI    : OplusRenderNodeAnimator end!
07-29 18:28:08.236  4895  4895 W LOG_Effective: Animation contains merge paths but they are disabled.
07-29 18:28:08.236  4895  4895 I SystemUi--Statusbar: CollapsedStatusBarFragmentExImpl-->animateHiddenState onAnimationEnd v:com.oplus.systemui.statusbar.widget.EndSideContentLayout{dc868ca V.E...... ........ 172,0-440,91 #7f0a0c16 app:id/status_bar_end_side_content alpha=1.0 viewInfo = }  v alpha:1.0 v render alpha:0.0 animateAlpha=0.0
07-29 18:28:08.236  4895  4895 I SystemUi--Statusbar: CollapsedStatusBarFragmentExImpl-->animateHiddenState onAnimationEnd v:com.android.keyguard.AlphaOptimizedLinearLayout{591cb90 V.E...... ........ 0,0-48,91 alpha=1.0 viewInfo = }  v alpha:1.0 v render alpha:0.0 animateAlpha=0.0
07-29 18:28:08.236  4895  4895 I SystemUi--Statusbar: CollapsedStatusBarFragmentExImpl-->animateHiddenState onAnimationEnd v:com.oplus.systemui.statusbar.seeding.CapsulePluginContainer{c3d32a4 V.E...... ........ 0,0-1080,120 #7f0a0b3b app:id/seeding_card_container alpha=1.0 viewInfo = }  v alpha:1.0 v render alpha:0.0 animateAlpha=0.0
07-29 18:28:08.236  4895  4895 I SystemUi--Statusbar: CollapsedStatusBarFragmentExImpl-->animateHiddenState onAnimationEnd v:com.oplus.systemui.statusbar.widget.StatClock{db2f6 V.ED..... ........ 0,0-127,91 #7f0a02b9 app:id/clock alpha=1.0 viewInfo = }  v alpha:1.0 v render alpha:0.0 animateAlpha=0.0
07-29 18:28:08.239  4895  4895 I SystemUi--Keyguard: ScrimControllerExImp-->blur State to UNLOCK, bouncer=false changeFromBouncerScrim= false runnerUnlock= false goingAway=false hasHandle=true isOccludeAnimationPlaying=false
07-29 18:28:08.239  3487  5354 I InputDispatcher: injectInputEvent: targetUid=<not set>, syncMode=WAIT_FOR_FINISHED, timeout=30000ms, policyFlags=0x8000000, event=MotionEvent { action=MOVE, id[0]=0, x[0]=900, y[0]=1402.43, eventTime=58048000000, downTime=57839000000, deviceId=4, source=TOUCHSCREEN, displayId=0, eventId=0xfd19280c}
07-29 18:28:08.239  4895  4895 I SystemUi--Keyguard: ScrimControllerExImp-->blur State to UNLOCK, bouncer=false changeFromBouncerScrim= false runnerUnlock= false goingAway=false hasHandle=true isOccludeAnimationPlaying=false
07-29 18:28:08.245  2002  2002 D SensorFeature: name=ssc_screenshot_info ,index = 22
07-29 18:28:08.245  2002  2002 D SensorFeature: write 29 bytes:58045903987,58054237320,157,0
07-29 18:28:08.247  4895  4895 I SystemUi--Keyguard: ScrimControllerExImp-->blur State to UNLOCK, bouncer=false changeFromBouncerScrim= false runnerUnlock= false goingAway=false hasHandle=true isOccludeAnimationPlaying=false
07-29 18:28:08.247  1929  1929 I SnapAlloc: Using graphics libs for alignment calculations
07-29 18:28:08.247  3487  5354 I InputDispatcher: injectInputEvent: targetUid=<not set>, syncMode=WAIT_FOR_FINISHED, timeout=30000ms, policyFlags=0x8000000, event=MotionEvent { action=MOVE, id[0]=0, x[0]=900, y[0]=1461.53, eventTime=58057000000, downTime=57839000000, deviceId=4, source=TOUCHSCREEN, displayId=0, eventId=0xfc65b023}
07-29 18:28:08.247  4895  4895 I SystemUi--Keyguard: ScrimControllerExImp-->blur State to UNLOCK, bouncer=false changeFromBouncerScrim= false runnerUnlock= false goingAway=false hasHandle=true isOccludeAnimationPlaying=false
07-29 18:28:08.255  4895  4895 I SystemUi--Keyguard: ScrimControllerExImp-->blur State to UNLOCK, bouncer=false changeFromBouncerScrim= false runnerUnlock= false goingAway=false hasHandle=true isOccludeAnimationPlaying=false
07-29 18:28:08.255  3487  5354 I InputDispatcher: injectInputEvent: targetUid=<not set>, syncMode=WAIT_FOR_FINISHED, timeout=30000ms, policyFlags=0x8000000, event=MotionEvent { action=MOVE, id[0]=0, x[0]=900, y[0]=1514.07, eventTime=58065000000, downTime=57839000000, deviceId=4, source=TOUCHSCREEN, displayId=0, eventId=0xf3753bff}
07-29 18:28:08.255  4895  4895 I SystemUi--Keyguard: ScrimControllerExImp-->blur State to UNLOCK, bouncer=false changeFromBouncerScrim= false runnerUnlock= false goingAway=false hasHandle=true isOccludeAnimationPlaying=false
07-29 18:28:08.264  1929  1929 I SnapAlloc: Using graphics libs for alignment calculations
07-29 18:28:08.264  4895  4895 I SystemUi--Keyguard: ScrimControllerExImp-->blur State to UNLOCK, bouncer=false changeFromBouncerScrim= false runnerUnlock= false goingAway=false hasHandle=true isOccludeAnimationPlaying=false
07-29 18:28:08.264  3487  5354 I InputDispatcher: injectInputEvent: targetUid=<not set>, syncMode=WAIT_FOR_FINISHED, timeout=30000ms, policyFlags=0x8000000, event=MotionEvent { action=MOVE, id[0]=0, x[0]=900, y[0]=1566.6, eventTime=58073000000, downTime=57839000000, deviceId=4, source=TOUCHSCREEN, displayId=0, eventId=0xe84b23fd}
07-29 18:28:08.264  4895  4895 I SystemUi--Keyguard: ScrimControllerExImp-->blur State to UNLOCK, bouncer=false changeFromBouncerScrim= false runnerUnlock= false goingAway=false hasHandle=true isOccludeAnimationPlaying=false
07-29 18:28:08.272  4895  4895 I SystemUi--Keyguard: ScrimControllerExImp-->blur State to UNLOCK, bouncer=false changeFromBouncerScrim= false runnerUnlock= false goingAway=false hasHandle=true isOccludeAnimationPlaying=false
07-29 18:28:08.272  3487  5354 I InputDispatcher: injectInputEvent: targetUid=<not set>, syncMode=WAIT_FOR_FINISHED, timeout=30000ms, policyFlags=0x8000000, event=MotionEvent { action=MOVE, id[0]=0, x[0]=900, y[0]=1625.7, eventTime=58082000000, downTime=57839000000, deviceId=4, source=TOUCHSCREEN, displayId=0, eventId=0xe390e4b7}
07-29 18:28:08.272  4895  4895 I SystemUi--Keyguard: ScrimControllerExImp-->blur State to UNLOCK, bouncer=false changeFromBouncerScrim= false runnerUnlock= false goingAway=false hasHandle=true isOccludeAnimationPlaying=false
07-29 18:28:08.281  1929  1929 I SnapAlloc: Using graphics libs for alignment calculations
07-29 18:28:08.281  4895  4895 I SystemUi--Keyguard: ScrimControllerExImp-->blur State to UNLOCK, bouncer=false changeFromBouncerScrim= false runnerUnlock= false goingAway=false hasHandle=true isOccludeAnimationPlaying=false
07-29 18:28:08.281  3487  5354 I InputDispatcher: injectInputEvent: targetUid=<not set>, syncMode=WAIT_FOR_FINISHED, timeout=30000ms, policyFlags=0x8000000, event=MotionEvent { action=MOVE, id[0]=0, x[0]=900, y[0]=1684.8, eventTime=58091000000, downTime=57839000000, deviceId=4, source=TOUCHSCREEN, displayId=0, eventId=0xe006ed1c}
07-29 18:28:08.282  4895  4895 I SystemUi--Keyguard: ScrimControllerExImp-->blur State to UNLOCK, bouncer=false changeFromBouncerScrim= false runnerUnlock= false goingAway=false hasHandle=true isOccludeAnimationPlaying=false
07-29 18:28:08.289  4895  4895 I SystemUi--Keyguard: ScrimControllerExImp-->blur State to UNLOCK, bouncer=false changeFromBouncerScrim= false runnerUnlock= false goingAway=false hasHandle=true isOccludeAnimationPlaying=false
07-29 18:28:08.289  3487  5354 I InputDispatcher: injectInputEvent: targetUid=<not set>, syncMode=WAIT_FOR_FINISHED, timeout=30000ms, policyFlags=0x8000000, event=MotionEvent { action=MOVE, id[0]=0, x[0]=900, y[0]=1730.77, eventTime=58098000000, downTime=57839000000, deviceId=4, source=TOUCHSCREEN, displayId=0, eventId=0xc2aedc84}
07-29 18:28:08.289  4895  4895 I SystemUi--Keyguard: ScrimControllerExImp-->blur State to UNLOCK, bouncer=false changeFromBouncerScrim= false runnerUnlock= false goingAway=false hasHandle=true isOccludeAnimationPlaying=false
07-29 18:28:08.297  1929  1929 I SnapAlloc: Using graphics libs for alignment calculations
07-29 18:28:08.297  4895  4895 I SystemUi--Keyguard: ScrimControllerExImp-->blur State to UNLOCK, bouncer=false changeFromBouncerScrim= false runnerUnlock= false goingAway=false hasHandle=true isOccludeAnimationPlaying=false
07-29 18:28:08.297  3487  5354 I InputDispatcher: injectInputEvent: targetUid=<not set>, syncMode=WAIT_FOR_FINISHED, timeout=30000ms, policyFlags=0x8000000, event=MotionEvent { action=MOVE, id[0]=0, x[0]=900, y[0]=1789.87, eventTime=58107000000, downTime=57839000000, deviceId=4, source=TOUCHSCREEN, displayId=0, eventId=0xd87ba5a7}
07-29 18:28:08.298  4895  4895 I SystemUi--Keyguard: ScrimControllerExImp-->blur State to UNLOCK, bouncer=false changeFromBouncerScrim= false runnerUnlock= false goingAway=false hasHandle=true isOccludeAnimationPlaying=false
07-29 18:28:08.305  4895  4895 I SystemUi--Keyguard: ScrimControllerExImp-->blur State to UNLOCK, bouncer=false changeFromBouncerScrim= false runnerUnlock= false goingAway=false hasHandle=true isOccludeAnimationPlaying=false
07-29 18:28:08.305  3487  5354 I InputDispatcher: injectInputEvent: targetUid=<not set>, syncMode=WAIT_FOR_FINISHED, timeout=30000ms, policyFlags=0x8000000, event=MotionEvent { action=MOVE, id[0]=0, x[0]=900, y[0]=1842.4, eventTime=58115000000, downTime=57839000000, deviceId=4, source=TOUCHSCREEN, displayId=0, eventId=0xedb82441}
07-29 18:28:08.306  4895  4895 I SystemUi--Keyguard: ScrimControllerExImp-->blur State to UNLOCK, bouncer=false changeFromBouncerScrim= false runnerUnlock= false goingAway=false hasHandle=true isOccludeAnimationPlaying=false
07-29 18:28:08.314  1929  1929 I SnapAlloc: Using graphics libs for alignment calculations
07-29 18:28:08.314  4895  4895 I SystemUi--Keyguard: ScrimControllerExImp-->blur State to UNLOCK, bouncer=false changeFromBouncerScrim= false runnerUnlock= false goingAway=false hasHandle=true isOccludeAnimationPlaying=false
07-29 18:28:08.314  4895  4895 I SystemUi--Keyguard: ScrimControllerExImp-->blur State to UNLOCK, bouncer=false changeFromBouncerScrim= false runnerUnlock= false goingAway=false hasHandle=true isOccludeAnimationPlaying=false
07-29 18:28:08.315  3487  5354 I InputDispatcher: injectInputEvent: targetUid=<not set>, syncMode=WAIT_FOR_FINISHED, timeout=30000ms, policyFlags=0x8000000, event=MotionEvent { action=MOVE, id[0]=0, x[0]=900, y[0]=1894.93, eventTime=58123000000, downTime=57839000000, deviceId=4, source=TOUCHSCREEN, displayId=0, eventId=0xe80281ec}
07-29 18:28:08.322  4895  4895 I SystemUi--Keyguard: ScrimControllerExImp-->blur State to UNLOCK, bouncer=false changeFromBouncerScrim= false runnerUnlock= false goingAway=false hasHandle=true isOccludeAnimationPlaying=false
07-29 18:28:08.322  3487  5354 I InputDispatcher: injectInputEvent: targetUid=<not set>, syncMode=WAIT_FOR_FINISHED, timeout=30000ms, policyFlags=0x8000000, event=MotionEvent { action=MOVE, id[0]=0, x[0]=900, y[0]=1947.47, eventTime=58131000000, downTime=57839000000, deviceId=4, source=TOUCHSCREEN, displayId=0, eventId=0xf8d6e092}
07-29 18:28:08.322  4895  4895 I SystemUi--Keyguard: ScrimControllerExImp-->blur State to UNLOCK, bouncer=false changeFromBouncerScrim= false runnerUnlock= false goingAway=false hasHandle=true isOccludeAnimationPlaying=false
07-29 18:28:08.330  1929  1929 I SnapAlloc: Using graphics libs for alignment calculations
07-29 18:28:08.331  4895  4895 I SystemUi--Keyguard: ScrimControllerExImp-->blur State to UNLOCK, bouncer=false changeFromBouncerScrim= false runnerUnlock= false goingAway=false hasHandle=true isOccludeAnimationPlaying=false
07-29 18:28:08.331  3487  5354 I InputDispatcher: injectInputEvent: targetUid=<not set>, syncMode=WAIT_FOR_FINISHED, timeout=30000ms, policyFlags=0x8000000, event=MotionEvent { action=UP, id[0]=0, x[0]=900, y[0]=2000, eventTime=58140000000, downTime=57839000000, deviceId=4, source=TOUCHSCREEN, displayId=0, eventId=0xd8183748}
07-29 18:28:08.331  4895  4895 I SystemUi--Keyguard: ScrimControllerExImp-->blur State to UNLOCK, bouncer=false changeFromBouncerScrim= false runnerUnlock= false goingAway=false hasHandle=true isOccludeAnimationPlaying=false
07-29 18:28:08.332  3487  4846 D UAH-UahAdaptHelper: adaptSetNotification identity = OplusUAwareInputHelpersrc = 1000 , type 1 ,p1 = -1 ,p2 = -1 ,p3 = -1 ,p4 =
07-29 18:28:08.332  3487  4846 I [UAH_CLIENT]: uahRuleCtl, ruleId:1000, status:1
07-29 18:28:08.332  3487  4846 I [UAH_CLIENT]: UahRelease, handle:33
07-29 18:28:08.332  3487  4472 D OplusViewDebugManager: OplusViewDebugManager Constructor android.view.debug.OplusViewDebugManager@70f71a [mHasViewDebugProperty true] [mHasMsgDebugProperty false] [DEBUG false] [EXTRAINFOENABLE false] [LIGHT_OS false]
07-29 18:28:08.332  3487  4472 D OplusViewDebugManager: OplusViewDebugManager Constructor android.view.debug.OplusViewDebugManager@37f524b [mHasViewDebugProperty true] [mHasMsgDebugProperty false] [DEBUG false] [EXTRAINFOENABLE false] [LIGHT_OS false]
07-29 18:28:08.332  3487  4846 I [UAH_CLIENT]: UahEventAcquire, cmdid:6, pkg:none, identity:OplusUAwareInputHelper
07-29 18:28:08.333  4895  4895 I SystemUi--Statusbar: OplusStatusBarWindowViewTouchExImpl-->onTouchEvent handled:false
07-29 18:28:08.333  4895  4895 I SystemUi--QuickSettings: OplusPanelViewPagerController-->reset
07-29 18:28:08.333  4895  4895 I SystemUi--QuickSettings: OplusPanelViewPagerController-->reset
07-29 18:28:08.334  4895  6139 I [UAH_CLIENT]: UahRelease, handle:32
07-29 18:28:08.334  4895  4895 I SystemUi--QuickSettings: OplusQSRootViewController-->endMotionEvent, expand: true, vel: 6566.6514, vectorVel: 6566.6514  isClosing=false panelClosedOnDown=true canSlideHToQSOnStatusBar=true
07-29 18:28:08.334  4895  4895 I SystemUi--QuickSettings: OplusQSRootViewController-->fling qs, expand: true, vel: 6566.6514
07-29 18:28:08.334  4895  4895 I SystemUi--QuickSettings: QSPanelExpandFraction-->animateExpanded, isExpanded=true, (0.96916556 -> 1.0), lastFinalPosition=1.0
07-29 18:28:08.334  4895  4895 I SystemUi--QuickSettings: QSPanelTranslationY-->animateExpandTranslationY, isExpanded=true, threshold=156.0
07-29 18:28:08.334  4895  6139 I [UAH_CLIENT]: UahEventAcquire, cmdid:97, pkg:none, identity:OsenseHelperImpl
07-29 18:28:08.334  4895  4895 I SystemUi--QuickSettings: QSPanelAnimatorManager-->startRebound
07-29 18:28:08.336  1968  2005 I [UAH_CLIENT]: UahPlatformResAcquire
07-29 18:28:08.336  1968  2005 I [UAH_CLIENT]: UahEventAcquire, cmdid:-3, pkg:1968 7697, identity:qcom-perfd
07-29 18:28:08.337  1968  2005 E PERFHAL-RESOURCEQS: PERFHAL-RESOURCEQS: AddAndApply() 130: Resource with major=18, minor=30 not supported
07-29 18:28:08.337  1968  2005 E PERFHAL-RESOURCEQS: PERFHAL-RESOURCEQS: AddAndApply() 130: Resource with major=18, minor=31 not supported
07-29 18:28:08.338  4895  4895 I SystemUi--QuickSettings: OplusPanelViewPagerController-->notifySeparateQSEndMotionEvent currentNotifyFraction=0.0  fraction=0.96916556 notifyExpandedFraction=0.0 fractionListeners.size=0
07-29 18:28:08.338  4895  4895 I SystemUi--QuickSettings: OplusQSRootViewController-->resetTouch
07-29 18:28:08.338  4895  4895 D OplusViewDragTouchViewHelper: dispatchTouchView action = 1
07-29 18:28:08.338  4895  4895 D OplusViewDragTouchViewHelper: dispatchTouchView action = 1
07-29 18:28:08.338  4895  4895 D OplusViewDragTouchViewHelper: dispatchTouchView action = 1
07-29 18:28:08.338  4895  4895 I SystemUi--Keyguard: ScrimControllerExImp-->blur State to UNLOCK, bouncer=false changeFromBouncerScrim= false runnerUnlock= false goingAway=false hasHandle=true isOccludeAnimationPlaying=false
07-29 18:28:08.339  4895  4895 I SystemUi--Keyguard: ScrimControllerExImp-->blur State to UNLOCK, bouncer=false changeFromBouncerScrim= false runnerUnlock= false goingAway=false hasHandle=true isOccludeAnimationPlaying=false
07-29 18:28:08.346  4895  4895 I SystemUi--Keyguard: ScrimControllerExImp-->blur State to UNLOCK, bouncer=false changeFromBouncerScrim= false runnerUnlock= false goingAway=false hasHandle=true isOccludeAnimationPlaying=false
07-29 18:28:08.347  1929  1929 I SnapAlloc: Using graphics libs for alignment calculations
07-29 18:28:08.347  4895  4895 I SystemUi--Keyguard: ScrimControllerExImp-->blur State to UNLOCK, bouncer=false changeFromBouncerScrim= false runnerUnlock= false goingAway=false hasHandle=true isOccludeAnimationPlaying=false
07-29 18:28:08.355  4895  4895 I SystemUi--Keyguard: ScrimControllerExImp-->blur State to UNLOCK, bouncer=false changeFromBouncerScrim= false runnerUnlock= false goingAway=false hasHandle=true isOccludeAnimationPlaying=false
07-29 18:28:08.355  4895  4895 I SystemUi--Keyguard: ScrimControllerExImp-->blur State to UNLOCK, bouncer=false changeFromBouncerScrim= false runnerUnlock= false goingAway=false hasHandle=true isOccludeAnimationPlaying=false
07-29 18:28:08.363  4895  4895 I SystemUi--Keyguard: ScrimControllerExImp-->blur State to UNLOCK, bouncer=false changeFromBouncerScrim= false runnerUnlock= false goingAway=false hasHandle=true isOccludeAnimationPlaying=false
07-29 18:28:08.363  1929  1929 I SnapAlloc: Using graphics libs for alignment calculations
07-29 18:28:08.363  4895  4895 I SystemUi--Keyguard: ScrimControllerExImp-->blur State to UNLOCK, bouncer=false changeFromBouncerScrim= false runnerUnlock= false goingAway=false hasHandle=true isOccludeAnimationPlaying=false
07-29 18:28:08.371  4895  4895 I SystemUi--Keyguard: ScrimControllerExImp-->blur State to UNLOCK, bouncer=false changeFromBouncerScrim= false runnerUnlock= false goingAway=false hasHandle=true isOccludeAnimationPlaying=false
07-29 18:28:08.372  4895  4895 I SystemUi--Keyguard: ScrimControllerExImp-->blur State to UNLOCK, bouncer=false changeFromBouncerScrim= false runnerUnlock= false goingAway=false hasHandle=true isOccludeAnimationPlaying=false
07-29 18:28:08.380  4895  4895 I SystemUi--Keyguard: ScrimControllerExImp-->blur State to UNLOCK, bouncer=false changeFromBouncerScrim= false runnerUnlock= false goingAway=false hasHandle=true isOccludeAnimationPlaying=false
07-29 18:28:08.380  4895  4895 I SystemUi--Keyguard: ScrimControllerExImp-->blur State to UNLOCK, bouncer=false changeFromBouncerScrim= false runnerUnlock= false goingAway=false hasHandle=true isOccludeAnimationPlaying=false
07-29 18:28:08.380  1929  1929 I SnapAlloc: Using graphics libs for alignment calculations
07-29 18:28:08.388  4895  4895 I SystemUi--Keyguard: ScrimControllerExImp-->blur State to UNLOCK, bouncer=false changeFromBouncerScrim= false runnerUnlock= false goingAway=false hasHandle=true isOccludeAnimationPlaying=false
07-29 18:28:08.389  4895  4895 I SystemUi--Keyguard: ScrimControllerExImp-->blur State to UNLOCK, bouncer=false changeFromBouncerScrim= false runnerUnlock= false goingAway=false hasHandle=true isOccludeAnimationPlaying=false
07-29 18:28:08.396  4895  4895 I SystemUi--Keyguard: ScrimControllerExImp-->blur State to UNLOCK, bouncer=false changeFromBouncerScrim= false runnerUnlock= false goingAway=false hasHandle=true isOccludeAnimationPlaying=false
07-29 18:28:08.397  1929  1929 I SnapAlloc: Using graphics libs for alignment calculations
07-29 18:28:08.397  4895  4895 I SystemUi--Keyguard: ScrimControllerExImp-->blur State to UNLOCK, bouncer=false changeFromBouncerScrim= false runnerUnlock= false goingAway=false hasHandle=true isOccludeAnimationPlaying=false
07-29 18:28:08.405  4895  4895 I SystemUi--Keyguard: ScrimControllerExImp-->blur State to UNLOCK, bouncer=false changeFromBouncerScrim= false runnerUnlock= false goingAway=false hasHandle=true isOccludeAnimationPlaying=false
07-29 18:28:08.405  4895  4895 I SystemUi--Keyguard: ScrimControllerExImp-->blur State to UNLOCK, bouncer=false changeFromBouncerScrim= false runnerUnlock= false goingAway=false hasHandle=true isOccludeAnimationPlaying=false
07-29 18:28:08.413  4895  4895 I SystemUi--Keyguard: ScrimControllerExImp-->blur State to UNLOCK, bouncer=false changeFromBouncerScrim= false runnerUnlock= false goingAway=false hasHandle=true isOccludeAnimationPlaying=false
07-29 18:28:08.413  1929  1929 I SnapAlloc: Using graphics libs for alignment calculations
07-29 18:28:08.413  4895  4895 I SystemUi--Keyguard: ScrimControllerExImp-->blur State to UNLOCK, bouncer=false changeFromBouncerScrim= false runnerUnlock= false goingAway=false hasHandle=true isOccludeAnimationPlaying=false
07-29 18:28:08.421  4895  4895 I SystemUi--Keyguard: ScrimControllerExImp-->blur State to UNLOCK, bouncer=false changeFromBouncerScrim= false runnerUnlock= false goingAway=false hasHandle=true isOccludeAnimationPlaying=false
07-29 18:28:08.422  4895  4895 I SystemUi--Keyguard: ScrimControllerExImp-->blur State to UNLOCK, bouncer=false changeFromBouncerScrim= false runnerUnlock= false goingAway=false hasHandle=true isOccludeAnimationPlaying=false
07-29 18:28:08.430  4895  4895 I SystemUi--Keyguard: ScrimControllerExImp-->blur State to UNLOCK, bouncer=false changeFromBouncerScrim= false runnerUnlock= false goingAway=false hasHandle=true isOccludeAnimationPlaying=false
07-29 18:28:08.430  1929  1929 I SnapAlloc: Using graphics libs for alignment calculations
07-29 18:28:08.430  4895  4895 I SystemUi--Keyguard: ScrimControllerExImp-->blur State to UNLOCK, bouncer=false changeFromBouncerScrim= false runnerUnlock= false goingAway=false hasHandle=true isOccludeAnimationPlaying=false
07-29 18:28:08.438  4895  4895 I SystemUi--Keyguard: ScrimControllerExImp-->blur State to UNLOCK, bouncer=false changeFromBouncerScrim= false runnerUnlock= false goingAway=false hasHandle=true isOccludeAnimationPlaying=false
07-29 18:28:08.438  4895  4895 I SystemUi--Keyguard: ScrimControllerExImp-->blur State to UNLOCK, bouncer=false changeFromBouncerScrim= false runnerUnlock= false goingAway=false hasHandle=true isOccludeAnimationPlaying=false
07-29 18:28:08.446  4895  4895 I SystemUi--Keyguard: ScrimControllerExImp-->blur State to UNLOCK, bouncer=false changeFromBouncerScrim= false runnerUnlock= false goingAway=false hasHandle=true isOccludeAnimationPlaying=false
07-29 18:28:08.446  1929  1929 I SnapAlloc: Using graphics libs for alignment calculations
07-29 18:28:08.447  4895  4895 I SystemUi--Keyguard: ScrimControllerExImp-->blur State to UNLOCK, bouncer=false changeFromBouncerScrim= false runnerUnlock= false goingAway=false hasHandle=true isOccludeAnimationPlaying=false
07-29 18:28:08.454  4895  4895 I SystemUi--Keyguard: ScrimControllerExImp-->blur State to UNLOCK, bouncer=false changeFromBouncerScrim= false runnerUnlock= false goingAway=false hasHandle=true isOccludeAnimationPlaying=false
07-29 18:28:08.455  4895  4895 I SystemUi--Keyguard: ScrimControllerExImp-->blur State to UNLOCK, bouncer=false changeFromBouncerScrim= false runnerUnlock= false goingAway=false hasHandle=true isOccludeAnimationPlaying=false
07-29 18:28:08.463  4895  4895 I SystemUi--Keyguard: ScrimControllerExImp-->blur State to UNLOCK, bouncer=false changeFromBouncerScrim= false runnerUnlock= false goingAway=false hasHandle=true isOccludeAnimationPlaying=false
07-29 18:28:08.463  4895  4895 I SystemUi--Keyguard: ScrimControllerExImp-->blur State to UNLOCK, bouncer=false changeFromBouncerScrim= false runnerUnlock= false goingAway=false hasHandle=true isOccludeAnimationPlaying=false
07-29 18:28:08.463  1929  1929 I SnapAlloc: Using graphics libs for alignment calculations
07-29 18:28:08.471  4895  4895 I SystemUi--Keyguard: ScrimControllerExImp-->blur State to UNLOCK, bouncer=false changeFromBouncerScrim= false runnerUnlock= false goingAway=false hasHandle=true isOccludeAnimationPlaying=false
07-29 18:28:08.472  4895  4895 I SystemUi--Keyguard: ScrimControllerExImp-->blur State to UNLOCK, bouncer=false changeFromBouncerScrim= false runnerUnlock= false goingAway=false hasHandle=true isOccludeAnimationPlaying=false
07-29 18:28:08.479  4895  4895 I SystemUi--Keyguard: ScrimControllerExImp-->blur State to UNLOCK, bouncer=false changeFromBouncerScrim= false runnerUnlock= false goingAway=false hasHandle=true isOccludeAnimationPlaying=false
07-29 18:28:08.480  4895  4895 I SystemUi--Keyguard: ScrimControllerExImp-->blur State to UNLOCK, bouncer=false changeFromBouncerScrim= false runnerUnlock= false goingAway=false hasHandle=true isOccludeAnimationPlaying=false
07-29 18:28:08.481  1929  1929 I SnapAlloc: Using graphics libs for alignment calculations
07-29 18:28:08.488  4895  4895 I SystemUi--Keyguard: ScrimControllerExImp-->blur State to UNLOCK, bouncer=false changeFromBouncerScrim= false runnerUnlock= false goingAway=false hasHandle=true isOccludeAnimationPlaying=false
07-29 18:28:08.488  4895  4895 I SystemUi--Keyguard: ScrimControllerExImp-->blur State to UNLOCK, bouncer=false changeFromBouncerScrim= false runnerUnlock= false goingAway=false hasHandle=true isOccludeAnimationPlaying=false
07-29 18:28:08.497  1929  1929 I SnapAlloc: Using graphics libs for alignment calculations
07-29 18:28:08.498  4895  4895 I SystemUi--Keyguard: ScrimControllerExImp-->blur State to UNLOCK, bouncer=false changeFromBouncerScrim= false runnerUnlock= false goingAway=false hasHandle=true isOccludeAnimationPlaying=false
07-29 18:28:08.499  4895  4895 I SystemUi--Keyguard: ScrimControllerExImp-->blur State to UNLOCK, bouncer=false changeFromBouncerScrim= false runnerUnlock= false goingAway=false hasHandle=true isOccludeAnimationPlaying=false
07-29 18:28:08.504  4895  4895 I SystemUi--Keyguard: ScrimControllerExImp-->blur State to UNLOCK, bouncer=false changeFromBouncerScrim= false runnerUnlock= false goingAway=false hasHandle=true isOccludeAnimationPlaying=false
07-29 18:28:08.505  4895  4895 I SystemUi--Keyguard: ScrimControllerExImp-->blur State to UNLOCK, bouncer=false changeFromBouncerScrim= false runnerUnlock= false goingAway=false hasHandle=true isOccludeAnimationPlaying=false
07-29 18:28:08.513  4895  4895 I SystemUi--Keyguard: ScrimControllerExImp-->blur State to UNLOCK, bouncer=false changeFromBouncerScrim= false runnerUnlock= false goingAway=false hasHandle=true isOccludeAnimationPlaying=false
07-29 18:28:08.513  1929  1929 I SnapAlloc: Using graphics libs for alignment calculations
07-29 18:28:08.513  4895  4895 I SystemUi--Keyguard: ScrimControllerExImp-->blur State to UNLOCK, bouncer=false changeFromBouncerScrim= false runnerUnlock= false goingAway=false hasHandle=true isOccludeAnimationPlaying=false
07-29 18:28:08.519  2002  2002 D SensorFeature: name=ssc_screenshot_info ,index = 22
07-29 18:28:08.519  2002  2002 D SensorFeature: write 29 bytes:58320168154,58328501487,158,0
07-29 18:28:08.521  4895  4895 I SystemUi--Keyguard: ScrimControllerExImp-->blur State to UNLOCK, bouncer=false changeFromBouncerScrim= false runnerUnlock= false goingAway=false hasHandle=true isOccludeAnimationPlaying=false
07-29 18:28:08.521  4895  4895 I SystemUi--Keyguard: ScrimControllerExImp-->blur State to UNLOCK, bouncer=false changeFromBouncerScrim= false runnerUnlock= false goingAway=false hasHandle=true isOccludeAnimationPlaying=false
07-29 18:28:08.529  4895  4895 I SystemUi--QuickSettings: TemporarilyInfoManager-->[setStarted] true
07-29 18:28:08.529  4895  4895 I SystemUi--QuickSettings: OplusQSRootViewController-->endClosing()
07-29 18:28:08.529  4895  4895 I SystemUi--Common: OplusShadeExpansionStat-->go state: OPENING -> OPEN
07-29 18:28:08.529  4895  4895 I SystemUi--Common: OplusShadeExpansionStat-->go state: OPENING -> OPEN
07-29 18:28:08.529  1929  1929 I SnapAlloc: Using graphics libs for alignment calculations
07-29 18:28:08.529  4895  4895 I SystemUi--Keyguard: ScrimControllerExImp-->blur State to UNLOCK, bouncer=false changeFromBouncerScrim= false runnerUnlock= false goingAway=false hasHandle=true isOccludeAnimationPlaying=false
07-29 18:28:08.530  4895  4895 I SystemUi--Common: PlatformBlurManagerImpl-->setPlatformBlurMode: blurMode=AUTO(blurFrequency=4)
07-29 18:28:08.530  4895  4895 I SystemUi--Common: PlatformBlurManagerImpl-->updateMotionFrequency: isExpanding=false
07-29 18:28:08.530  4895  4895 I SystemUi--Keyguard: ScrimControllerExImp-->blur State to UNLOCK, bouncer=false changeFromBouncerScrim= false runnerUnlock= false goingAway=false hasHandle=true isOccludeAnimationPlaying=false
07-29 18:28:08.530  4895  4895 I SystemUi--Device_Panel: OplusQSMyDeviceContainerViewController-->setQsDeviceExpansion expansion 1.0
07-29 18:28:08.530  4895  4895 I SystemUi--QuickSettings: QSPanelExpandFraction-->fractionAnimation onAnimationEnd, value=1.0
07-29 18:28:08.531  3487  4457 V AlarmManager: sending alarm Alarm{94b1428 type 3 origWhen 39592 whenElapsed 39592 android} uid 1000 whenElapsed 39592 windowLength 18749 maxWhenElapsed 58341 repeatInterval 0 action null component null tag WifiHealthMonitor Schedule Post-Boot Detection Timer flags 0x8 procName system_server
07-29 18:28:08.563  1929  1929 I SnapAlloc: Using graphics libs for alignment calculations
07-29 18:28:08.650  1938  4489 I Dpps    : LtmSwState::SetParameter():144 ignore cmd 7 in state LtmOffState
07-29 18:28:08.680  3487  3860 D VRR [OPlusSAManager]: updateAutoMinfps with nits: 96.33299, mHistOK true, mAmbientOK true, mCctOK true, mIrOK true, mBrightnessOK true, isPkgOK true, SA min fps: 119
07-29 18:28:08.680  3487  3860 D VRR [OPlusSurfaceFlingerController]: setAutoMode enable: true fakeFrame: true fps: 119
07-29 18:28:08.680  2232  2535 I VRR-[OPlusAdfrUtil]: ADFR try set Auto mode with mode 1 fakeframe 1 min fps 119
07-29 18:28:08.680  2232  2535 D VRR-[OPlusRefreshRateSelector]: OSyncModes add size is 1.
07-29 18:28:08.680  2232  2535 I VRR-[OPlusRefreshRateSelector]: updateAutoMode success, display 0, mode 0, fakeframe 1, min fps: 1
07-29 18:28:08.680  2232  3298 D VRR-[OPlusRefreshRateSelector]: handleSetHWCOSync
07-29 18:28:08.680  2232  3298 D VRR-[OPlusRefreshRateSelector]: OSyncModes remaining size is 0.
07-29 18:28:08.680  2232  3298 D VRR-[OPlusRefreshRateSelector]: SetHWCOSync with 5CC08181
07-29 18:28:08.680  1938  4483 I SDM     : DisplayBuiltIn::SetQSyncMode: VRR + update qsync mode 0 minfps 00C08181
07-29 18:28:08.686  1938  2245 E SDM     : DRMConnector::Perform: Connector 67: Setting Qsync min fps 12616065
07-29 18:28:08.793  2002  2002 D SensorFeature: name=ssc_screenshot_info ,index = 22
07-29 18:28:08.794  2002  2002 D SensorFeature: write 29 bytes:58594195029,58602528362,159,0
07-29 18:28:08.916  1882  4500 I sensors-hal: handle_oplus_wise_rgb_event:189, high_pwm_light:lux 179.5,cct 3562.5,brl/algo/ir 1339.0/2.0/23.3,pwm/dc 0.0/0.0,rgbc 14092.315430/9482.481445/4057.536377/26422.048828,ts 58594424838,cnt 840,flag 159
07-29 18:28:08.917  1938  4489 I Dpps    : LtmSwState::SetParameter():144 ignore cmd 7 in state LtmOffState
07-29 18:28:08.990  2032  2079 D BatteryChargeControl: bcc get no support from charging protocol
07-29 18:28:09.067  2002  2002 D SensorFeature: name=ssc_screenshot_info ,index = 22
07-29 18:28:09.068  2002  2002 D SensorFeature: write 29 bytes:58868343987,58876677320,160,0
07-29 18:28:09.144  5219  5631 D OplusScrollToTopManager: com.android.launcher/com.android.launcher.Launcher,This com.android.internal.policy.DecorView{3f46607 V.E...... R....... 0,0-1080,2376 aid=0 alpha=1.0 viewInfo = }[Launcher] change focus to false
07-29 18:28:09.146  4895  5242 D OplusScrollToTopManager: NotificationShade,This com.android.systemui.shade.NotificationShadeWindowView{a8be492 V.E...... ........ 0,0-1080,2376 #7f0a06b7 app:id/legacy_window_root alpha=1.0 viewInfo = } change focus to true
07-29 18:28:09.146  4895  5242 D OplusScrollToTopManager: NotificationShade, registerGuidePopupDismissReceiverInSystemUI
07-29 18:28:09.148  4895  5242 D OplusScrollToTopManager: NotificationShade, after registerGuidePopupDismissReceiverInSystemUI
07-29 18:28:09.181  1938  4489 I Dpps    : LtmSwState::SetParameter():144 ignore cmd 7 in state LtmOffState
07-29 18:28:09.342  2002  2002 D SensorFeature: name=ssc_screenshot_info ,index = 22
07-29 18:28:09.342  2002  2002 D SensorFeature: write 29 bytes:59142459143,59150792476,161,0
07-29 18:28:09.376  3487  5852 I InputDispatcher: injectInputEvent: targetUid=<not set>, syncMode=WAIT_FOR_FINISHED, timeout=30000ms, policyFlags=0x8000000, event=MotionEvent { action=DOWN, id[0]=0, x[0]=877, y[0]=1330, eventTime=59185000000, downTime=59185000000, deviceId=4, source=TOUCHSCREEN, displayId=0, eventId=0xfecdc340}
07-29 18:28:09.376  3487  4663 D OMP_Detector: D:done mCurrStatus: 0
07-29 18:28:09.376  3487  4846 I [UAH_CLIENT]: UahEventAcquire, cmdid:37, pkg:none, identity:OplusUAwareInputHelper
07-29 18:28:09.376  3487  3829 D PowerManagerService: userActivityNoUpdateLocked: groupId=0, eventTime=59185, event=touch, flags=0x0, uid=1000
07-29 18:28:09.377  3487  4846 D UAH-UahAdaptHelper: adaptSetNotification identity = OplusUAwareInputHelpersrc = 1000 , type 0 ,p1 = -1 ,p2 = -1 ,p3 = -1 ,p4 =
