device
--------- beginning of main
07-29 18:27:59.770  2002  2002 D SensorFeature: name=ssc_screenshot_info ,index = 22
07-29 18:27:59.770  2002  2002 D SensorFeature: write 29 bytes:47412256074,49578869251,129,0
--------- beginning of system
07-29 18:27:59.800  3487  4448 D ActivityManager: Freezer deadlock watchdog
07-29 18:27:59.883  3268  3268 E OplusTouchDaemon: ts_run_service: shellback temperature updated 32 (32011)
07-29 18:27:59.885  1938  4489 I Dpps    : LtmSwState::SetParameter():144 ignore cmd 7 in state LtmOffState
07-29 18:27:59.979  2032  2079 D BatteryChargeControl: bcc get no support from charging protocol
07-29 18:28:00.000  3487  4457 V AlarmManager: sending alarm Alarm{ead1380 type 3 origWhen 49809 whenElapsed 49809 android} uid 1000 whenElapsed 49809 windowLength 0 maxWhenElapsed 49809 repeatInterval 0 action null component null tag TIME_TICK flags 0x9 procName system_server
07-29 18:28:00.005  5181  5181 D SubsysBroadcastManager: onReceive action:android.intent.action.TIME_TICK
07-29 18:28:00.007  4895  4895 I SystemUi--SystemUi--: Clock-->smallTime: 18:28
07-29 18:28:00.009  4895  4895 I SystemUi--SystemUi--: Clock-->smallTime: 18:28
07-29 18:28:00.009  4895  4895 I SystemUi--SystemUi--: Clock-->smallTime: 18:28
07-29 18:28:00.010  3487  3835 D OplusDisplayBrightnessBroadcastReceiver: onReceive action = android.intent.action.TIME_TICK , listeners = [com.android.server.display.ambience.events.event.TimeEvent$TimeChangeReceiver@18fe7ac, com.android.server.display.marvels.module.ORBrightnessMarvelsDataCollector$ScreenStateReceiver@5ebeb29, com.android.server.display.oplus.eyeprotect.manager.AiCurveManager$RhythmBroadcastReceiverWithUpgradeUI@de43c75]
07-29 18:28:00.012  7194  8890 D PhoneUsageTime: lastChargeTime=1753828047222 LastChargeDurationTime=1942444
07-29 18:28:00.014  5219  5219 W RenderManager[u0]: coverDrawable = null
07-29 18:28:00.014  7194  8890 D PhoneScreenOnTime: lastScrOnTime=1753828047222, ScrOnDurationTime=1984919, StatsScrOnSeconds=0, newDuration=32791
07-29 18:28:00.014  5219  5219 W RenderManager[u0]: coverDrawable = null
07-29 18:28:00.014  5219  5219 W RenderManager[u0]: coverDrawable = null
07-29 18:28:00.014  5219  5219 W RenderManager[u0]: coverDrawable = null
07-29 18:28:00.016  4895  4895 I SystemUi--SystemUi--: Clock-->smallTime: 18:28
07-29 18:28:00.030  5219  5219 W RenderManager[u0]: coverDrawable = null
07-29 18:28:00.030  5219  5219 W RenderManager[u0]: coverDrawable = null
07-29 18:28:00.030  5219  5219 W RenderManager[u0]: coverDrawable = null
07-29 18:28:00.030  5219  5219 W RenderManager[u0]: coverDrawable = null
07-29 18:28:00.032  2002  2002 D SensorFeature: name=ssc_screenshot_info ,index = 22
07-29 18:28:00.032  2002  2002 D SensorFeature: write 29 bytes:47412256074,49841101594,130,0
07-29 18:28:00.123  1938  2245 I SDM     : DisplayBase::CommitThread: Received idle timeout, panel: cmd, timeout: 70000 us
07-29 18:28:00.150  1882  4500 I sensors-hal: handle_oplus_wise_rgb_event:189, high_pwm_light:lux 171.0,cct 3513.8,brl/algo/ir 1339.0/2.0/23.5,pwm/dc 0.0/0.0,rgbc 13576.096680/8979.834961/3813.769531/25223.951172,ts 49811318067,cnt 680,flag 130
07-29 18:28:00.150  1938  4489 I Dpps    : LtmSwState::SetParameter():144 ignore cmd 7 in state LtmOffState
07-29 18:28:00.205  3487  3860 D VRR [OPlusGameStatusManager]: handleMessage: 7004
07-29 18:28:00.205  3487  3860 D VRR [OPlusGameStatusManager]: handleBrightnessDone
07-29 18:28:00.300  5041  6071 W h       : networkLogger fail！
07-29 18:28:00.300  5041  6071 D Acc-OplusLinkBoostCommon: notifyThermalBroadCast level = 2 temp = 31,lastTemp: 32 ,th: 44
07-29 18:28:00.301  5181  5181 D RFPowerBoostManager: my thermal listener proxy invoke method:notifyThermalBroadCast args len:2
07-29 18:28:00.301  5181  5181 D RFPowerBoostManager: current temp is 31, mInCalling is false, current threshold is 41
07-29 18:28:00.301  6590  6610 E horae   : Horae service notifyComponentHeat caught exception -2
07-29 18:28:00.344 10685 11076 D BootUtil: savedDiffTime: 1753828030190, currentDiffTime: 1753828030190, isReboot: false
07-29 18:28:00.360  2002  2002 D SensorFeature: name=ssc_screenshot_info ,index = 22
07-29 18:28:00.360  2002  2002 D SensorFeature: write 29 bytes:50118540188,50168937479,131,0
07-29 18:28:00.361  1938  2245 I SDM     : DisplayBase::CommitThread: Received idle timeout, panel: cmd, timeout: 70000 us
07-29 18:28:00.417  1938  4489 I Dpps    : LtmSwState::SetParameter():144 ignore cmd 7 in state LtmOffState
07-29 18:28:00.663  2002  2002 D SensorFeature: name=ssc_screenshot_info ,index = 22
07-29 18:28:00.663  2002  2002 D SensorFeature: write 29 bytes:50118540188,50471205500,132,0
07-29 18:28:00.681  1882  4500 I sensors-hal: handle_oplus_wise_rgb_event:189, high_pwm_light:lux 171.2,cct 3506.0,brl/algo/ir 1339.0/2.0/23.3,pwm/dc 0.0/0.0,rgbc 13556.797852/8993.862305/3817.701660/25254.603516,ts 50442149265,cnt 690,flag 132
07-29 18:28:00.682  3487  3835 D Arc[OplusBrightnessSceneAdapter]: Arc scene change!!! NormalScene -> StableScene [erraticScore:-1, stableScore:5467] isLuxRefresh:false
07-29 18:28:00.682  1938  4489 I Dpps    : LtmSwState::SetParameter():144 ignore cmd 7 in state LtmOffState
07-29 18:28:00.682  3487  3835 D Arc[OplusBrightnessAmbientAdapter[StabilityProcess]]: updateRangeStrategy: reason[SceneChange ] baseLux:333.87134, scene:StableScene large{112.699844, 728.162} largeForAux{112.699844, 728.162} small{256.93857, 410.8041} null
07-29 18:28:00.705  3487  4899 W Binder  : Outgoing transactions from this process must be FLAG_ONEWAY
07-29 18:28:00.705  3487  4899 W Binder  : java.lang.Throwable
07-29 18:28:00.705  3487  4899 W Binder  : 	at android.os.BinderProxy.transact(BinderProxy.java:633)
07-29 18:28:00.705  3487  4899 W Binder  : 	at android.content.ContentProviderProxy.insert(ContentProviderNative.java:587)
07-29 18:28:00.705  3487  4899 W Binder  : 	at android.content.ContentProviderClient.insert(ContentProviderClient.java:347)
07-29 18:28:00.705  3487  4899 W Binder  : 	at android.content.ContentProviderClient.insert(ContentProviderClient.java:336)
07-29 18:28:00.705  3487  4899 W Binder  : 	at com.oplus.util.OplusStatisticsImpl.insert(OplusStatisticsImpl.java:307)
07-29 18:28:00.705  3487  4899 W Binder  : 	at com.oplus.util.OplusStatisticsImpl.sendDataToDCS(OplusStatisticsImpl.java:287)
07-29 18:28:00.705  3487  4899 W Binder  : 	at com.oplus.util.OplusStatisticsImpl.flushInternal(OplusStatisticsImpl.java:264)
07-29 18:28:00.705  3487  4899 W Binder  : 	at com.oplus.util.OplusStatisticsImpl.lambda$setDelayFlushJobIfNeed$4(OplusStatisticsImpl.java:211)
07-29 18:28:00.705  3487  4899 W Binder  : 	at com.oplus.util.OplusStatisticsImpl.$r8$lambda$4UYTp2NCu6Rml69JNqEuK7o54SI(Unknown Source:0)
07-29 18:28:00.705  3487  4899 W Binder  : 	at com.oplus.util.OplusStatisticsImpl$$ExternalSyntheticLambda5.run(D8$$SyntheticClass:0)
07-29 18:28:00.705  3487  4899 W Binder  : 	at java.util.concurrent.Executors$RunnableAdapter.call(Executors.java:487)
07-29 18:28:00.705  3487  4899 W Binder  : 	at java.util.concurrent.FutureTask.run(FutureTask.java:290)
07-29 18:28:00.705  3487  4899 W Binder  : 	at java.util.concurrent.ScheduledThreadPoolExecutor$ScheduledFutureTask.run(ScheduledThreadPoolExecutor.java:307)
07-29 18:28:00.705  3487  4899 W Binder  : 	at java.util.concurrent.ThreadPoolExecutor.runWorker(ThreadPoolExecutor.java:1145)
07-29 18:28:00.705  3487  4899 W Binder  : 	at java.util.concurrent.ThreadPoolExecutor$Worker.run(ThreadPoolExecutor.java:644)
07-29 18:28:00.705  3487  4899 W Binder  : 	at java.lang.Thread.run(Thread.java:1012)
07-29 18:28:00.719  3487  3835 D OplusFeatureHDREnhanceBrightness: notifySfForceUpdate, mFlinger is null 
07-29 18:28:00.720  3487  3835 D OplusFeatureHDREnhanceBrightness: checkIsPlayingHDR isPlayingHDR=0 rotation=0 whiteApp=false battery=100
07-29 18:28:00.968  2002  2002 D SensorFeature: name=ssc_screenshot_info ,index = 22
07-29 18:28:00.968  2002  2002 D SensorFeature: write 29 bytes:50118540188,50776548417,133,0
07-29 18:28:00.973  1938  4489 I Dpps    : LtmSwState::SetParameter():144 ignore cmd 7 in state LtmOffState
07-29 18:28:00.980  2032  2079 D BatteryChargeControl: bcc get no support from charging protocol
07-29 18:28:01.026  3487  4457 V AlarmManager: sending alarm Alarm{ef58044 type 2 origWhen 50835 whenElapsed 50835 android} uid 1000 whenElapsed 50835 windowLength 0 maxWhenElapsed 50835 repeatInterval 0 action null component null tag $android.alarm.generated:1000:50835 flags 0x9 procName system_server
07-29 18:28:01.030  3487  3723 D LocationManagerService: network provider removed registration from 10154/com.coloros.assistantscreen/7EDDDA27
07-29 18:28:01.068  5181  5181 D SubsysEventListenerManager-SubsysTelephonyCallback[0]: onCellInfoChanged
07-29 18:28:01.211  1882  4500 I sensors-hal: handle_oplus_wise_rgb_event:189, high_pwm_light:lux 171.5,cct 3511.3,brl/algo/ir 1339.0/2.0/23.1,pwm/dc 0.0/0.0,rgbc 13566.446289/8982.171875/3815.735596/25175.414062,ts 50782975307,cnt 700,flag 133
07-29 18:28:01.212  1938  4489 I Dpps    : LtmSwState::SetParameter():144 ignore cmd 7 in state LtmOffState
07-29 18:28:01.270  2002  2002 D SensorFeature: name=ssc_screenshot_info ,index = 22
07-29 18:28:01.270  2002  2002 D SensorFeature: write 29 bytes:50118540188,51079075969,134,0
07-29 18:28:01.289  6455 11798 D ContactsProvider: performBackgroundTask: task id: 20
07-29 18:28:01.290  6455 11798 D ContactsProvider: performBackgroundTask: task id: 24
07-29 18:28:01.290  6455 11798 D ContactsProvider: performBackgroundTask: task id: 21
07-29 18:28:01.290  6455 11798 D ContactsProvider: performBackgroundTask GET_QUICKSEARCH_VALUE
07-29 18:28:01.290  6455 11798 D ContactsProvider: performBackgroundTask: task id: 27
07-29 18:28:01.292  6455 11798 I com.customize.statistics.UploadStatisticsJobService: bootPermissionGranted : true
07-29 18:28:01.293  6455 11798 D ContactsProvider: performBackgroundTask: task id: 28
07-29 18:28:01.293  6455 11798 D ContactsProvider: performBackgroundTask: task id: 33
07-29 18:28:01.293  6455 11798 I ContactNumberHashHelper: start updateExistNumberHash
07-29 18:28:01.293  6455 11798 D ContactNumberHashHelper: updateExistNumberHash hasUpdated
07-29 18:28:01.460  5041  6079 W BluetoothAdapterExtImpl: getBluetoothConnectionCount：mOplusBluetooth null!
07-29 18:28:01.463  5041  6079 D TelephonyImpl: isRequestingMms
07-29 18:28:01.463  5041  6079 D TelephonyImpl: getReleaseMmsNetworkTime
07-29 18:28:01.465  5041  6079 D OplusDdsSwitchStrategy: Md,OplusCheckFeature,RETURN_TO_CUR_ACTION_DDS
07-29 18:28:01.478  1938  4489 I Dpps    : LtmSwState::SetParameter():144 ignore cmd 7 in state LtmOffState
07-29 18:28:01.579  2002  2002 D SensorFeature: name=ssc_screenshot_info ,index = 22
07-29 18:28:01.579  2002  2002 D SensorFeature: write 29 bytes:50118540188,51386809198,135,0
07-29 18:28:01.636  5041  6365 I PCDR-common_no_service[0]: lift forbidden
07-29 18:28:01.636  5041  6365 I PCDR-common_no_45g[0]: lift forbidden
07-29 18:28:01.742  1882  4500 I sensors-hal: handle_oplus_wise_rgb_event:189, high_pwm_light:lux 171.1,cct 3510.2,brl/algo/ir 1339.0/2.0/23.8,pwm/dc 0.0/0.0,rgbc 13571.269531/8993.862305/3839.325928/25175.414062,ts 51355573432,cnt 710,flag 135
07-29 18:28:01.745  1938  4489 I Dpps    : LtmSwState::SetParameter():144 ignore cmd 7 in state LtmOffState
07-29 18:28:01.768  6764  6797 W System  : A resource failed to call AbstractCursor.close. 
07-29 18:28:01.768  6764  6797 W System  : A resource failed to call AbstractCursor.close. 
07-29 18:28:01.768  6764  6797 W System  : A resource failed to call AbstractCursor.close. 
07-29 18:28:01.768  6764  6797 W System  : A resource failed to call AbstractCursor.close. 
07-29 18:28:01.768  6764  6797 W System  : A resource failed to call AbstractCursor.close. 
07-29 18:28:01.768  6764  6797 W System  : A resource failed to call AbstractCursor.close. 
07-29 18:28:01.768  6764  6797 W System  : A resource failed to call AbstractCursor.close. 
07-29 18:28:01.768  6764  6797 W System  : A resource failed to call AbstractCursor.close. 
07-29 18:28:01.885  2002  2002 D SensorFeature: name=ssc_screenshot_info ,index = 22
07-29 18:28:01.886  2002  2002 D SensorFeature: write 29 bytes:50118540188,51693314718,136,0
07-29 18:28:01.904  1845  1845 D healthd : system healthd: battery l=100 v=4415 t=27.9 h=2 st=2 c=-122 fc=5920000 cc=19 chg=u
07-29 18:28:01.942  2032  2032 D vendor.oplus.hardware.charger-V7-service: get_ui_charge_icon_type 0 0 0 0 0
07-29 18:28:01.943  2032  2032 D vendor.oplus.hardware.charger-V7-service: oplus_chg_get_cpa_power 2500 charge_online 1 retention_topic 0
07-29 18:28:01.943  2032  2032 D vendor.oplus.hardware.charger-V7-service: oplus_chg_get_cpa_power 2500 charge_online 1 retention_topic 0
07-29 18:28:01.943  2032  2032 D vendor.oplus.hardware.charger-V7-service: getIsSingleHyperSupport=2, cpa_power=2
07-29 18:28:01.945  3487  3798 D BatteryStatsImplExtImpl: mActiveProcesses size = 72
07-29 18:28:01.946  3487  3798 D BatteryStatsImplExtImpl: rpmhStats is null or interval time is too short.
07-29 18:28:01.980  2032  2079 D BatteryChargeControl: bcc get no support from charging protocol
07-29 18:28:02.009  1938  4489 I Dpps    : LtmSwState::SetParameter():144 ignore cmd 7 in state LtmOffState
07-29 18:28:02.092  3487  4671 E OplusNetworkStackManager: initService mNetworkStackService is null, try again in 10s
07-29 18:28:02.189  2002  2002 D SensorFeature: name=ssc_screenshot_info ,index = 22
07-29 18:28:02.189  2002  2002 D SensorFeature: write 29 bytes:50118540188,51996697739,137,0
07-29 18:28:02.211  1824  1835 E Diag-Router: diag: glinkpkt_open: failed to create control node for slate_apps
07-29 18:28:02.211  1824  1835 E Diag-Router: diag: diag_glinkpkt_open_thread: Glinkpkt_open failed for perif: 12 with err: -1, retry_cnt: 8
07-29 18:28:02.213  1824  1836 E Diag-Router: diag: glinkpkt_open: failed to create control node for slate_adsp
07-29 18:28:02.213  1824  1836 E Diag-Router: diag: diag_glinkpkt_open_thread: Glinkpkt_open failed for perif: 13 with err: -1, retry_cnt: 8
07-29 18:28:02.274  1882  4500 I sensors-hal: handle_oplus_wise_rgb_event:189, high_pwm_light:lux 171.1,cct 3519.8,brl/algo/ir 1339.0/2.0/23.8,pwm/dc 0.0/0.0,rgbc 13578.507812/8986.847656/3823.599365/25239.277344,ts 51969353223,cnt 720,flag 137
07-29 18:28:02.274  3487  4433 D FusionLightNextGen: process end reported = 1, mode: 0, lux 316.7, cct -1.0, r/g/b/c: 13576.1/8965.8/3815.7/25167.7, R/G/B: 106.0/100.0/99.0, bri 1339.0, match 1.00, ir 0.025145, conf 0.0, ts 51977623223
07-29 18:28:02.275  1938  4489 I Dpps    : LtmSwState::SetParameter():144 ignore cmd 7 in state LtmOffState
07-29 18:28:02.386  3487  4818 I Osense-BaseDecisionMaker: notifySceneToAthenaPolicy: SCENE_IDLE_RECOVER, bundle: Bundle[{scene=SCENE_IDLE_RECOVER}]
07-29 18:28:02.388  3487  4818 I Osense-BaseDecisionMaker: scene: SCENE_IDLE_RECOVER, excutingPolicy: respreload
07-29 18:28:02.388  3487  4818 D Osense-BaseDecisionMaker: invoke process preload policy
07-29 18:28:02.388  3487  4818 I Osense-BaseDecisionMaker: scene: SCENE_IDLE_RECOVER, excutingPolicy: clear
07-29 18:28:02.388  3487  4818 D Osense-BaseDecisionMaker: invoke clear policy,type: unforbid
07-29 18:28:02.388  3487  4818 I OsenseKillAction: KillAction: unhandled request: id=8, enable=true, scene=SCENE_IDLE_RECOVER, type=unforbid, cchOnly=false, appcare=0
07-29 18:28:02.402  2032  2045 D vendor.oplus.hardware.charger-V7-service: s_chg_user_mode: 3
07-29 18:28:02.402  2032  2045 D vendor.oplus.hardware.charger-V7-service: scale_chg Start!!!
07-29 18:28:02.402  2032  2045 D vendor.oplus.hardware.charger-V7-service: [0, 0, 3]
07-29 18:28:02.403  2032  2045 D vendor.oplus.hardware.charger-V7-service: [0, 2, 9]
07-29 18:28:02.403  2032  2045 D vendor.oplus.hardware.charger-V7-service: [0, 1, 3]
07-29 18:28:02.403  2032  2045 D vendor.oplus.hardware.charger-V7-service: [0, 3, 3]
07-29 18:28:02.403  2032  2045 D vendor.oplus.hardware.charger-V7-service: [0, 4, 3]
07-29 18:28:02.403  2032  2045 D vendor.oplus.hardware.charger-V7-service: [0, 5, 5]
07-29 18:28:02.403  2032  2045 D vendor.oplus.hardware.charger-V7-service: [0, 6, 9]
07-29 18:28:02.403  2032  2045 D vendor.oplus.hardware.charger-V7-service: scale_chg Start!!!
07-29 18:28:02.403  2032  2045 D vendor.oplus.hardware.charger-V7-service: [0, 0, 3]
07-29 18:28:02.403  2032  2045 D vendor.oplus.hardware.charger-V7-service: [0, 2, 10]
07-29 18:28:02.403  2032  2045 D vendor.oplus.hardware.charger-V7-service: [0, 1, 3]
07-29 18:28:02.403  2032  2045 D vendor.oplus.hardware.charger-V7-service: [0, 3, 3]
07-29 18:28:02.403  2032  2045 D vendor.oplus.hardware.charger-V7-service: [0, 4, 3]
07-29 18:28:02.403  2032  2045 D vendor.oplus.hardware.charger-V7-service: [0, 5, 3]
07-29 18:28:02.403  2032  2045 D vendor.oplus.hardware.charger-V7-service: [0, 6, 10]
07-29 18:28:02.413  2032  2077 D vendor.oplus.hardware.charger-V7-service: ret_value:116, read content:,279,279,4415,4413,-122,100,100,1,1,0,394,4710,100,1,4500,300,500,0,30,-22,30,0,1,0,2,0,0,0,1,6098,99,0,0,0,0,0,0,0
07-29 18:28:02.413  2032  2077 D vendor.oplus.hardware.charger-V7-service: gmtime: 2025-07-29-18-28-02
07-29 18:28:02.413  2032  2077 D vendor.oplus.hardware.charger-V7-service: usb_online:1, ac_online:-2147483648, wireless_online:0
07-29 18:28:02.492  2002  2002 D SensorFeature: name=ssc_screenshot_info ,index = 22
07-29 18:28:02.492  2002  2002 D SensorFeature: write 29 bytes:50118540188,52299773677,138,0
07-29 18:28:02.544  1938  4489 I Dpps    : LtmSwState::SetParameter():144 ignore cmd 7 in state LtmOffState
07-29 18:28:02.679 13008 13148 D ProfileInstaller: Installing profile for com.oplus.linker
07-29 18:28:02.795  2002  2002 D SensorFeature: name=ssc_screenshot_info ,index = 22
07-29 18:28:02.795  2002  2002 D SensorFeature: write 29 bytes:50118540188,52602835656,139,0
07-29 18:28:02.805  1882  4500 I sensors-hal: handle_oplus_wise_rgb_event:189, high_pwm_light:lux 170.5,cct 3501.6,brl/algo/ir 1339.0/2.0/24.0,pwm/dc 0.0/0.0,rgbc 13588.156250/8998.537109/3823.599365/25216.287109,ts 52575295775,cnt 730,flag 139
07-29 18:28:02.806  1938  4489 I Dpps    : LtmSwState::SetParameter():144 ignore cmd 7 in state LtmOffState
07-29 18:28:02.981  2032  2079 D BatteryChargeControl: bcc get no support from charging protocol
07-29 18:28:03.101  2002  2002 D SensorFeature: name=ssc_screenshot_info ,index = 22
07-29 18:28:03.102  2002  2002 D SensorFeature: write 29 bytes:50118540188,52909163885,140,0
07-29 18:28:03.105  1938  4489 I Dpps    : LtmSwState::SetParameter():144 ignore cmd 7 in state LtmOffState
07-29 18:28:03.201  7848  8043 D ads_apk : [FetchAdStrategyEngine][2025-07-29 18:28:03.200][7848][GlobalWorkThread:66]:request from net but network disable
07-29 18:28:03.201  7848  8043 D ads_apk : [FetchAdStrategyEngine][2025-07-29 18:28:03.200][7848][GlobalWorkThread:66]:decay for refresh internalTime:24000,randomTime:7897
07-29 18:28:03.202  7848  8043 D ads_apk : [FetchAdStrategyEngine][2025-07-29 18:28:03.200][7848][GlobalWorkThread:66]:decay for refresh after:31897
07-29 18:28:03.202  7848  8043 D ads_apk : [FetchAdStrategyEngine][2025-07-29 18:28:03.200][7848][GlobalWorkThread:66]:looper to handler
07-29 18:28:03.239  3487  3751 D Theia.TransparentWindow: handleMessage CHECK_TRANS_WINDOW_ERROR_MSG
07-29 18:28:03.335  1882  4500 I sensors-hal: handle_oplus_wise_rgb_event:189, high_pwm_light:lux 170.8,cct 3515.2,brl/algo/ir 1339.0/2.0/23.9,pwm/dc 0.0/0.0,rgbc 13573.682617/8963.468750/3819.667480/25200.958984,ts 52908121400,cnt 740,flag 140
07-29 18:28:03.336  1938  4489 I Dpps    : LtmSwState::SetParameter():144 ignore cmd 7 in state LtmOffState
07-29 18:28:03.405  2002  2002 D SensorFeature: name=ssc_screenshot_info ,index = 22
07-29 18:28:03.405  2002  2002 D SensorFeature: write 29 bytes:50118540188,53212668832,141,0
07-29 18:28:03.606  1938  4489 I Dpps    : LtmSwState::SetParameter():144 ignore cmd 7 in state LtmOffState
07-29 18:28:03.639  5181  5974 E OplusNetworkStackManager: initService mNetworkStackService is null, try again in 10s
07-29 18:28:03.708  2002  2002 D SensorFeature: name=ssc_screenshot_info ,index = 22
07-29 18:28:03.708  2002  2002 D SensorFeature: write 29 bytes:50118540188,53516177687,142,0
07-29 18:28:03.868  1882  4500 I sensors-hal: handle_oplus_wise_rgb_event:189, high_pwm_light:lux 170.8,cct 3512.9,brl/algo/ir 1339.0/2.0/23.6,pwm/dc 0.0/0.0,rgbc 13537.500977/8977.496094/3821.633301/25218.841797,ts 53488897234,cnt 750,flag 142
07-29 18:28:03.869  1938  4489 I Dpps    : LtmSwState::SetParameter():144 ignore cmd 7 in state LtmOffState
07-29 18:28:03.982  2032  2079 D BatteryChargeControl: bcc get no support from charging protocol
07-29 18:28:04.011  2002  2002 D SensorFeature: name=ssc_screenshot_info ,index = 22
07-29 18:28:04.012  2002  2002 D SensorFeature: write 29 bytes:50118540188,53819427947,143,0
07-29 18:28:04.136  1938  4489 I Dpps    : LtmSwState::SetParameter():144 ignore cmd 7 in state LtmOffState
07-29 18:28:04.264  4958  6251 E OplusNetworkStackManager: initService mNetworkStackService is null, try again in 10s
07-29 18:28:04.316  2002  2002 D SensorFeature: name=ssc_screenshot_info ,index = 22
07-29 18:28:04.316  2002  2002 D SensorFeature: write 29 bytes:50118540188,54123983468,144,0
07-29 18:28:04.399  1882  4500 I sensors-hal: handle_oplus_wise_rgb_event:189, high_pwm_light:lux 170.6,cct 3510.5,brl/algo/ir 1339.0/2.0/24.4,pwm/dc 0.0/0.0,rgbc 13592.981445/8982.171875/3821.633301/25180.521484,ts 54094452911,cnt 760,flag 144
07-29 18:28:04.401  1938  4489 I Dpps    : LtmSwState::SetParameter():144 ignore cmd 7 in state LtmOffState
07-29 18:28:04.623  2002  2002 D SensorFeature: name=ssc_screenshot_info ,index = 22
07-29 18:28:04.623  2002  2002 D SensorFeature: write 29 bytes:50118540188,54430717217,145,0
07-29 18:28:04.666  1938  4489 I Dpps    : LtmSwState::SetParameter():144 ignore cmd 7 in state LtmOffState
07-29 18:28:04.689  3487  5036 I OplusHansManager : uid=10157, pkg=com.baidu.input_oppo cannot transition from R to M, importance=input
07-29 18:28:04.929  2002  2002 D SensorFeature: name=ssc_screenshot_info ,index = 22
07-29 18:28:04.930  2002  2002 D SensorFeature: write 29 bytes:50118540188,54737558936,146,0
07-29 18:28:04.933  1882  4500 I sensors-hal: handle_oplus_wise_rgb_event:189, high_pwm_light:lux 170.8,cct 3514.1,brl/algo/ir 1339.0/2.0/23.9,pwm/dc 0.0/0.0,rgbc 13556.797852/8979.834961/3821.633301/25177.968750,ts 54700371088,cnt 770,flag 146
07-29 18:28:04.933  3487  4433 D FusionLightNextGen: process end reported = 1, mode: 0, lux 317.3, cct -1.0, r/g/b/c: 13583.3/8993.9/3819.7/25198.4, R/G/B: 106.0/100.0/99.0, bri 1339.0, match 1.00, ir 0.025302, conf 0.0, ts 54708641088
07-29 18:28:04.934  1938  4489 I Dpps    : LtmSwState::SetParameter():144 ignore cmd 7 in state LtmOffState
07-29 18:28:04.986  2032  2079 D BatteryChargeControl: bcc get no support from charging protocol
07-29 18:28:05.237  2002  2002 D SensorFeature: name=ssc_screenshot_info ,index = 22
07-29 18:28:05.237  2002  2002 D SensorFeature: write 29 bytes:50118540188,55044329457,147,0
07-29 18:28:05.241  1938  4489 I Dpps    : LtmSwState::SetParameter():144 ignore cmd 7 in state LtmOffState
07-29 18:28:05.341  3487  3771 D OomAdjuster: Not killing cached processes
07-29 18:28:05.461  1882  4500 I sensors-hal: handle_oplus_wise_rgb_event:189, high_pwm_light:lux 171.2,cct 3505.2,brl/algo/ir 1339.0/2.0/23.2,pwm/dc 0.0/0.0,rgbc 13554.384766/8975.158203/3819.667480/25218.841797,ts 55033184421,cnt 780,flag 147
07-29 18:28:05.462  1938  4489 I Dpps    : LtmSwState::SetParameter():144 ignore cmd 7 in state LtmOffState
07-29 18:28:05.540  2002  2002 D SensorFeature: name=ssc_screenshot_info ,index = 22
07-29 18:28:05.540  2002  2002 D SensorFeature: write 29 bytes:50118540188,55348298207,148,0
07-29 18:28:05.732  1938  4489 I Dpps    : LtmSwState::SetParameter():144 ignore cmd 7 in state LtmOffState
07-29 18:28:05.843  2002  2002 D SensorFeature: name=ssc_screenshot_info ,index = 22
07-29 18:28:05.844  2002  2002 D SensorFeature: write 29 bytes:50118540188,55651217321,149,0
07-29 18:28:05.987  2032  2079 D BatteryChargeControl: bcc get no support from charging protocol
07-29 18:28:05.992  1882  4500 I sensors-hal: handle_oplus_wise_rgb_event:189, high_pwm_light:lux 170.7,cct 3508.0,brl/algo/ir 1339.0/2.0/23.8,pwm/dc 0.0/0.0,rgbc 13573.682617/8984.509766/3819.667480/25175.414062,ts 55622299890,cnt 790,flag 149
07-29 18:28:05.994  1938  4489 I Dpps    : LtmSwState::SetParameter():144 ignore cmd 7 in state LtmOffState
07-29 18:28:06.149  2002  2002 D SensorFeature: name=ssc_screenshot_info ,index = 22
07-29 18:28:06.150  2002  2002 D SensorFeature: write 29 bytes:50118540188,55957141436,150,0
07-29 18:28:06.150  1882  1965 I sensors-hal: get_display_brightness:818, light_iface: set screenshot_info [50118540188,55957141436,150,0]
07-29 18:28:06.262  1938  4489 I Dpps    : LtmSwState::SetParameter():144 ignore cmd 7 in state LtmOffState
07-29 18:28:06.456  2002  2002 D SensorFeature: name=ssc_screenshot_info ,index = 22
07-29 18:28:06.457  2002  2002 D SensorFeature: write 29 bytes:50118540188,56263813206,151,0
07-29 18:28:06.525  1882  4500 I sensors-hal: handle_oplus_wise_rgb_event:189, high_pwm_light:lux 171.3,cct 3517.4,brl/algo/ir 1339.0/2.0/23.3,pwm/dc 0.0/0.0,rgbc 13578.507812/8993.862305/3831.462646/25160.085938,ts 56236135827,cnt 800,flag 151
07-29 18:28:06.527  1938  4489 I Dpps    : LtmSwState::SetParameter():144 ignore cmd 7 in state LtmOffState
07-29 18:28:06.643 12515 12532 W System  : A resource failed to call close. 
07-29 18:28:06.643 12515 12532 W System  : A resource failed to call close. 
07-29 18:28:06.763  2002  2002 D SensorFeature: name=ssc_screenshot_info ,index = 22
07-29 18:28:06.763  2002  2002 D SensorFeature: write 29 bytes:50118540188,56570752842,152,0
07-29 18:28:06.796  1938  4489 I Dpps    : LtmSwState::SetParameter():144 ignore cmd 7 in state LtmOffState
07-29 18:28:06.857  6559  8423 E OplusNetworkStackManager: initService mNetworkStackService is null, try again in 10s
07-29 18:28:06.988  2032  2079 D BatteryChargeControl: bcc get no support from charging protocol
07-29 18:28:07.020  1845  1845 D healthd : system healthd: battery l=100 v=4420 t=27.9 h=2 st=2 c=-174 fc=5920000 cc=19 chg=u
07-29 18:28:07.060  2032  2032 D vendor.oplus.hardware.charger-V7-service: get_ui_charge_icon_type 0 0 0 0 0
07-29 18:28:07.061  2032  2032 D vendor.oplus.hardware.charger-V7-service: oplus_chg_get_cpa_power 2500 charge_online 1 retention_topic 0
07-29 18:28:07.061  2032  2032 D vendor.oplus.hardware.charger-V7-service: oplus_chg_get_cpa_power 2500 charge_online 1 retention_topic 0
07-29 18:28:07.061  2032  2032 D vendor.oplus.hardware.charger-V7-service: getIsSingleHyperSupport=2, cpa_power=2
07-29 18:28:07.063  3487  3798 D BatteryStatsImplExtImpl: updateStandbyStatistics time interval is too short, ingore.
07-29 18:28:07.063  3487  3798 D BatteryStatsImplExtImpl: rpmhStats is null or interval time is too short.
07-29 18:28:07.065  2002  2002 D SensorFeature: name=ssc_screenshot_info ,index = 22
07-29 18:28:07.066  2002  2002 D SensorFeature: write 29 bytes:50118540188,56874290966,153,0
07-29 18:28:07.066  3487  3487 D OplusWifiBroadCastDispatcher: mBroadcastReceiver: onReceiver  action=android.intent.action.BATTERY_CHANGED
07-29 18:28:07.067  4895  4895 I SystemUi--Statusbar: BatteryControllerExt-->updateBatteryChangeIntent():broadcast=android.intent.action.BATTERY_CHANGED,level=100,scale=100
07-29 18:28:07.067  4895  4895 I SystemUi--Statusbar: BatteryRepository-->level: 100 -- isSavingMode: false
07-29 18:28:07.068  3487  3835 D OplusDisplayBrightnessBroadcastReceiver: onReceive action = android.intent.action.BATTERY_CHANGED , listeners = [com.android.server.display.OplusFeatureLowVoltageLimitBrightness$InstallVoltageBroadcastReceiver@a235ddc, com.android.server.display.OplusFeatureHDREnhanceBrightness$PhoneInfoReceiver@df46489, com.android.server.display.OplusFeatureEdrEnhanceBrightness$PhoneInfoReceiver@2a6bc8e]
07-29 18:28:07.068  3487  3835 I OplusFeatureLowVoltageLimitBrightness[P]: handleMessage MSG_BATTER_TEMPERATURE_CHAGNE changed = false temperature = 279 , battery = 100
07-29 18:28:07.068  5181  5181 D SubsysBroadcastManager: onReceive action:android.intent.action.BATTERY_CHANGED
07-29 18:28:07.068  5181  5181 D RFPowerBoostManager: current battery level is 100
07-29 18:28:07.069  1882  4500 I sensors-hal: handle_oplus_wise_rgb_event:189, high_pwm_light:lux 170.9,cct 3513.0,brl/algo/ir 1339.0/2.0/23.9,pwm/dc 0.0/0.0,rgbc 13578.507812/8989.185547/3809.837891/25177.968750,ts 56825402754,cnt 810,flag 153
07-29 18:28:07.070  1938  4489 I Dpps    : LtmSwState::SetParameter():144 ignore cmd 7 in state LtmOffState
07-29 18:28:07.070  5023  5023 D DeviceStatisticsService: onReceive: action= android.intent.action.BATTERY_CHANGED
07-29 18:28:07.071  7194  9126 I DeepThinkerSDK: [APP] ClientConnection: getDeepThinkerBridge start
07-29 18:28:07.071  7194  9126 I DeepThinkerSDK: [APP] ClientConnection: getDeepThinkerBridge end
07-29 18:28:07.071  7194  9151 E Battery : ChargeProtectionUtils: mCanlendarTmp.isEmpty()!
07-29 18:28:07.071  7194  9126 I DeepThinkerSDK: [APP] UserDomainManager: businessId : 401 threshold : 0.6 learnPeriod:30
07-29 18:28:07.071  3487  4226 D OplusCustomizeRestrictionManagerService: isSuperPowerSavingModeDisabled Pid: 4895, Uid: 10218
07-29 18:28:07.071  3487  4226 D OplusCustomizeRestrictionManagerService: isSuperPowerSavingModeDisabled Pid: 4895, Uid: 10218
07-29 18:28:07.072  3487  5850 D OplusCustomizeRestrictionManagerService: isSuperPowerSavingModeDisabled Pid: 4895, Uid: 10218
07-29 18:28:07.072  3487  5850 D OplusCustomizeRestrictionManagerService: isSuperPowerSavingModeDisabled Pid: 4895, Uid: 10218
07-29 18:28:07.072  3487  3487 D EnvelopeDetectorController: isEnvelopeAssistantEnabled isCancelNotification: true currentUserId: 0 userId: 0
07-29 18:28:07.072  3487  3487 D EnvelopeDetectorController: isEnvelopeAssistantEnabled isCancelNotification: true currentUserId: 0 userId: 0
07-29 18:28:07.072  7194  9126 I DeepThinkerSDK: [APP] UserDomainManager: PerformanceOfLongCharging{probabilityOfLocation=0.0, probabilityOfApps=0.0, probabilityOfTime=0.0, probabilityOfTotal=0.0, duration=0}
07-29 18:28:07.073  4895  5244 I SystemUi--SystemUi--: OtgHelper-->OtgCurrentState = 1, mOtgLastState = 1
07-29 18:28:07.212  1824  1835 E Diag-Router: diag: glinkpkt_open: failed to create control node for slate_apps
07-29 18:28:07.212  1824  1835 E Diag-Router: diag: diag_glinkpkt_open_thread: Glinkpkt_open failed for perif: 12 with err: -1, retry_cnt: 9
07-29 18:28:07.213  1824  1836 E Diag-Router: diag: glinkpkt_open: failed to create control node for slate_adsp
07-29 18:28:07.213  1824  1836 E Diag-Router: diag: diag_glinkpkt_open_thread: Glinkpkt_open failed for perif: 13 with err: -1, retry_cnt: 9
07-29 18:28:07.321  1938  4489 I Dpps    : LtmSwState::SetParameter():144 ignore cmd 7 in state LtmOffState
07-29 18:28:07.368  2002  2002 D SensorFeature: name=ssc_screenshot_info ,index = 22
07-29 18:28:07.368  2002  2002 D SensorFeature: write 29 bytes:50118540188,57176388727,154,0
07-29 18:28:07.403  2032  2045 D vendor.oplus.hardware.charger-V7-service: s_chg_user_mode: 3
07-29 18:28:07.403  2032  2045 D vendor.oplus.hardware.charger-V7-service: scale_chg Start!!!
07-29 18:28:07.404  2032  2045 D vendor.oplus.hardware.charger-V7-service: [0, 0, 3]
07-29 18:28:07.404  2032  2045 D vendor.oplus.hardware.charger-V7-service: [0, 2, 9]
07-29 18:28:07.404  2032  2045 D vendor.oplus.hardware.charger-V7-service: [0, 1, 3]
07-29 18:28:07.404  2032  2045 D vendor.oplus.hardware.charger-V7-service: [0, 3, 3]
07-29 18:28:07.404  2032  2045 D vendor.oplus.hardware.charger-V7-service: [0, 4, 3]
07-29 18:28:07.404  2032  2045 D vendor.oplus.hardware.charger-V7-service: [0, 5, 5]
07-29 18:28:07.404  2032  2045 D vendor.oplus.hardware.charger-V7-service: [0, 6, 9]
07-29 18:28:07.404  2032  2045 D vendor.oplus.hardware.charger-V7-service: scale_chg Start!!!
07-29 18:28:07.404  2032  2045 D vendor.oplus.hardware.charger-V7-service: [0, 0, 3]
07-29 18:28:07.404  2032  2045 D vendor.oplus.hardware.charger-V7-service: [0, 2, 10]
07-29 18:28:07.404  2032  2045 D vendor.oplus.hardware.charger-V7-service: [0, 1, 3]
07-29 18:28:07.404  2032  2045 D vendor.oplus.hardware.charger-V7-service: [0, 3, 3]
07-29 18:28:07.405  2032  2045 D vendor.oplus.hardware.charger-V7-service: [0, 4, 3]
07-29 18:28:07.405  2032  2045 D vendor.oplus.hardware.charger-V7-service: [0, 5, 3]
07-29 18:28:07.405  2032  2045 D vendor.oplus.hardware.charger-V7-service: [0, 6, 10]
07-29 18:28:07.413  2032  2077 D vendor.oplus.hardware.charger-V7-service: ret_value:116, read content:,279,279,4420,4419,-174,100,100,1,1,0,494,4656,100,1,4500,300,500,0,30,-22,30,0,1,0,2,0,0,0,1,6098,99,0,0,0,0,0,0,0
07-29 18:28:07.413  2032  2077 D vendor.oplus.hardware.charger-V7-service: gmtime: 2025-07-29-18-28-07
07-29 18:28:07.414  2032  2077 D vendor.oplus.hardware.charger-V7-service: usb_online:1, ac_online:-2147483648, wireless_online:0
07-29 18:28:07.585  1882  4500 I sensors-hal: handle_oplus_wise_rgb_event:189, high_pwm_light:lux 170.2,cct 3507.8,brl/algo/ir 1339.0/2.0/24.9,pwm/dc 0.0/0.0,rgbc 13544.736328/8979.834961/3839.325928/25198.406250,ts 57158373119,cnt 820,flag 154
07-29 18:28:07.586  3487  4433 D FusionLightNextGen: process end reported = 1, mode: 0, lux 317.8, cct -1.0, r/g/b/c: 13544.7/8979.8/3839.3/25198.4, R/G/B: 106.0/100.0/99.0, bri 1339.0, match 1.00, ir 0.024566, conf 0.0, ts 57166643119
07-29 18:28:07.587  1938  4489 I Dpps    : LtmSwState::SetParameter():144 ignore cmd 7 in state LtmOffState
07-29 18:28:07.671  2002  2002 D SensorFeature: name=ssc_screenshot_info ,index = 22
07-29 18:28:07.671  2002  2002 D SensorFeature: write 29 bytes:50118540188,57479545602,155,0
07-29 18:28:07.723  1968  2005 I [UAH_CLIENT]: UahRelease, handle:20
07-29 18:28:07.724  1968  2005 I [UAH_CLIENT]: UahPlatformResAcquire
07-29 18:28:07.724  1968  2005 I [UAH_CLIENT]: UahEventAcquire, cmdid:-3, pkg:1968 13056, identity:qcom-perfd
07-29 18:28:07.725  1968  2005 E PERFHAL-RESOURCEQS: PERFHAL-RESOURCEQS: AddAndApply() 130: Resource with major=18, minor=41 not supported
07-29 18:28:07.822 13060 13151 I SystemFeature: operator:{oppo.cmcc.mp:false, browser.cmcc:false, browser.test.cmcc:false, browser.cmcc.bookmark:false, browser.test.cmcc.bookmark:false, browser.cmcc.home:false, browser.test.cmcc.home:false
07-29 18:28:07.822 13060 13151 I SystemFeature: cu.optr:false, browser.cu:false, browser.test.cu:false
07-29 18:28:07.822 13060 13151 I SystemFeature: ct.optr:false, browser.ct:false, browser.test.ct:false
07-29 18:28:07.822 13060 13151 I SystemFeature: }
07-29 18:28:07.827  7588 10824 I OpenID  : com.heytap.pictorial:3142:ret:T
07-29 18:28:07.837 13060 13151 I IdentityUtil: initIdentity: success, duidInit=true, uuid=d7830aefe1185a1d969e64bfc89f60a7
07-29 18:28:07.841 13060 13151 D Identity: nonceAndCounter: 248775235a03b895000000000000000a
07-29 18:28:07.851  1938  4489 I Dpps    : LtmSwState::SetParameter():144 ignore cmd 7 in state LtmOffState
07-29 18:28:07.883  1202 13103 I keystore2: system/security/keystore2/watchdog/src/lib.rs:319 - Watchdog thread idle -> terminating. Have a great day.
07-29 18:28:07.974  2002  2002 D SensorFeature: name=ssc_screenshot_info ,index = 22
07-29 18:28:07.976  2002  2002 D SensorFeature: write 29 bytes:50118540188,57782654456,156,0
07-29 18:28:07.988  2032  2079 D BatteryChargeControl: bcc get no support from charging protocol
07-29 18:28:08.029  3487  5354 I InputDispatcher: injectInputEvent: targetUid=<not set>, syncMode=WAIT_FOR_FINISHED, timeout=30000ms, policyFlags=0x8000000, event=MotionEvent { action=DOWN, id[0]=0, x[0]=900, y[0]=30, eventTime=57839000000, downTime=57839000000, deviceId=4, source=TOUCHSCREEN, displayId=0, eventId=0xd75a8753}
07-29 18:28:08.030  2232  3330 D VRR [OTI]: handleIdle from 1 to 0
07-29 18:28:08.030  2232  3330 D VRR [OTI-HW]: isStateReady 0
07-29 18:28:08.030  2232  3330 D VRR [OTI-HW]: restore sys rate.
07-29 18:28:08.030  3487  4846 I [UAH_CLIENT]: UahEventAcquire, cmdid:37, pkg:none, identity:OplusUAwareInputHelper
07-29 18:28:08.030  2232  3330 D VRR [RefreshRateDirector]: requestRefreshRateByOti update [ oti-hw, {fps=120, modePtr={id=4, vsyncRate=120.00 Hz, peakRefreshRate=120.00 Hz}} ]
07-29 18:28:08.030  2232  3330 D VRR [RefreshRateDirector]: selectBestFrameRate DirectorMapOti [oti-hw, {fps=120, modePtr={id=4, vsyncRate=120.00 Hz, peakRefreshRate=120.00 Hz}}]
07-29 18:28:08.030  2232  3330 D VRR [RefreshRateDirector]: updateBestFrameRate [oti-hw, {fps=120, modePtr={id=4, vsyncRate=120.00 Hz, peakRefreshRate=120.00 Hz}}]
07-29 18:28:08.030  2232  3330 D SurfaceFlinger: VRR [SurfaceFlinger] setDesiredActiveMode: displayId: 4630946756802996883, renderRate: 120, vsyncRate: 120, event: 1
07-29 18:28:08.030  2232  3330 D DisplayModeController: setDesiredMode 4630946756802996883 {mode={fps=120.00 Hz, modePtr={id=4, vsyncRate=120.00 Hz, peakRefreshRate=120.00 Hz}}, emitEvent=true, force=false}
07-29 18:28:08.030  3487  4663 D OMP_Detector: D:done mCurrStatus: 0
07-29 18:28:08.030  3487  3829 D PowerManagerService: userActivityNoUpdateLocked: groupId=0, eventTime=57839, event=touch, flags=0x0, uid=1000
07-29 18:28:08.030  3487  4846 D UAH-UahAdaptHelper: adaptSetNotification identity = OplusUAwareInputHelpersrc = 1000 , type 0 ,p1 = -1 ,p2 = -1 ,p3 = -1 ,p4 =
07-29 18:28:08.030  3487  4846 I [UAH_CLIENT]: uahRuleCtl, ruleId:1000, status:0
07-29 18:28:08.031  1968  2005 I [UAH_CLIENT]: UahPlatformResAcquire
07-29 18:28:08.031  1968  2005 I [UAH_CLIENT]: UahEventAcquire, cmdid:-3, pkg:2232 7303, identity:qcom-perfd
07-29 18:28:08.031  4895  4895 V AutofillManager: requestHideFillUi(null): anchor = null
07-29 18:28:08.031  4895  4895 V Application: getAutofillClient(): null on super, trying to find activity thread
07-29 18:28:08.031  4895  4895 V Application: getAutofillClient(): none of the 0 activities on com.android.systemui.SystemUIApplication@9112f12 are top resumed nor have focus
07-29 18:28:08.031  4895  4895 V AutofillManager: No AutofillClient for com.android.systemui on context com.android.systemui.SystemUIApplication@9112f12
07-29 18:28:08.032  1968  2005 E PERFHAL-RESOURCEQS: PERFHAL-RESOURCEQS: AddAndApply() 130: Resource with major=18, minor=41 not supported
07-29 18:28:08.032  1968  2005 I [UAH_CLIENT]: UahRelease, handle:28
07-29 18:28:08.032  4895  4895 I PluginSeedling--Capsule: CapsuleTouchEventHandler-->onInterceptTouchEvent interceptEvent: false
07-29 18:28:08.033  3487  3759 W UserAwareMgr: can not find match thread: GaussianBlur for process com.android.systemui
07-29 18:28:08.034  4895  6139 I [UAH_CLIENT]: UahEventAcquire, cmdid:97, pkg:none, identity:OsenseHelperImpl
07-29 18:28:08.035  4895  4895 I SystemUi--Common: ScrollTranslationValue-->resetPanelTranslationY
07-29 18:28:08.035  4895  4895 I SystemUi--QuickSettings: OplusPanelViewPagerController-->initExpanded downExpanded=NONE downOnRight=true targetPage=NOTIFICATION downOnYHotArea=true  isKeyguardShowing=false isOnKeyguard=false fractionListeners.size=0 currentQsFraction=0.0 currentNotifyFraction=0.0 hasCalledDownEvent=true getScrollXHotZone=([Rect(0, 0 - 1080, 2376)], [Rect(-1, -1 - -1, -1), Rect(157, 1999 - 283, 2125), Rect(823, 1999 - 949, 2125)]) getScrollYHotZone=Rect(0, 0 - 1080, 66) notifyExpandedFraction=0.0 isLastUpToExpand=false qsPanelView.translationX=0.0
07-29 18:28:08.035  4895  4895 I SystemUi--QuickSettings: OplusPanelViewPagerController-->shouldOpenQS  set targetPage=QS
07-29 18:28:08.035  4895  4895 I SystemUi--Common: ScrollTranslationValue-->resetPanelTranslationY
07-29 18:28:08.035  4895  4895 I SystemUi--QuickSettings: OplusPanelViewPagerController-->initExpanded downExpanded=NONE downOnRight=true targetPage=QS downOnYHotArea=true  isKeyguardShowing=false isOnKeyguard=false fractionListeners.size=0 currentQsFraction=0.0 currentNotifyFraction=0.0 hasCalledDownEvent=true getScrollXHotZone=([Rect(0, 0 - 1080, 2376)], [Rect(-1, -1 - -1, -1), Rect(157, 1999 - 283, 2125), Rect(823, 1999 - 949, 2125)]) getScrollYHotZone=Rect(0, 0 - 1080, 66) notifyExpandedFraction=0.0 isLastUpToExpand=false qsPanelView.translationX=0.0
07-29 18:28:08.035  4895  4895 I SystemUi--QuickSettings: OplusPanelViewPagerController-->shouldOpenQS  set targetPage=QS
07-29 18:28:08.035  4895  4895 I SystemUi--QuickSettings: OplusQSPageViewController-->reset(), pageList size:2 itemCount:2 oldIndex:0 curIndex:0
07-29 18:28:08.035  4895  4895 I SystemUi--QuickSettings: OplusQSRootViewController-->startExpandMotion event: 0, startTracking: false isClosing: false panelClosedOnDown: true
07-29 18:28:08.035  4895  4895 I SystemUi--QuickSettings: OplusQSRootViewController-->initialOffsetOnTouch: 0.0, panelClosedOnDown: true
07-29 18:28:08.035  4895  4895 I SystemUi--QuickSettings: OplusQSRootView-->disallowChildIntercept:false
07-29 18:28:08.035  4895  4895 I SystemUi--QuickSettings: OplusQSRootViewController-->startExpandMotion event: 0, startTracking: false isClosing: false panelClosedOnDown: true
07-29 18:28:08.035  4895  4895 I SystemUi--QuickSettings: OplusQSRootViewController-->initialOffsetOnTouch: 0.0, panelClosedOnDown: true
07-29 18:28:08.035  4895  4895 I SystemUi--QuickSettings: OplusQSRootViewController-->onTouchEvent() ACTION_DOWN, canSlideHToQSOnStatusBar:true, gestureWaitForTouchSlop:true, panelClosedOnDown:true, panelClosingOnDown:false, pointerIndex:0
07-29 18:28:08.036  3487  5354 I InputDispatcher: injectInputEvent: targetUid=<not set>, syncMode=WAIT_FOR_FINISHED, timeout=30000ms, policyFlags=0x8000000, event=MotionEvent { action=MOVE, id[0]=0, x[0]=900, y[0]=69.4004, eventTime=57845000000, downTime=57839000000, deviceId=4, source=TOUCHSCREEN, displayId=0, eventId=0xe12a9c3b}
07-29 18:28:08.038  1968  2007 E PERFHAL-TP: PERFHAL-TP: placeTask() 360: Failed to offload task all threads are busy.
07-29 18:28:08.038  1968  2007 E PERFHAL-SCENARIOD: PERFHAL-SCENARIOD: ForwardHintToModules() 529: Request 10a6 FAILED, Adding Thread. New Pool Size: 5
07-29 18:28:08.041  2232  2232 I DisplayModeController: hwc begin mode change to 8333333
07-29 18:28:08.041  2232  2232 I HWC2    : [0] setActiveConfigWithConstraints[4]
07-29 18:28:08.041  1938  1938 W SDM     : HWDeviceDRM::GetSupportedBitClkRate: Requested rate not supported: 1363200000
07-29 18:28:08.041  1938  1938 I SDM     : HWDeviceDRM::UpdateMixerAttributes: Mixer WxH 1440x3168-1 for Peripheral
07-29 18:28:08.041  1938  1938 I CwbService: CwbService::notifyConfigChange: display:0, config:4 size:4, sec.size():0
07-29 18:28:08.041  1938  1938 I CwbService: CwbService::notifyConfigChange: display: 0, config = 0
07-29 18:28:08.042  1938  3238 I CasManager: Fps changed from 60 to 120
07-29 18:28:08.042  1938  3238 I CasManager: Fps changed, not change bin, so trigger gain
07-29 18:28:08.042  1938  3238 W SDM     : DemuraIntfImpl::ProcessOemPluginGain: Thermal intf_ is nullptr 0, default to 25 degree
07-29 18:28:08.042  1938  3238 I SDM     : CasQcPlugIn::ProcessPerCompGainOppo: input params, mode:PWM, fps:120, dbv:1339
07-29 18:28:08.042  1938  3238 I SDM     : CasQcPlugIn::ProcessPerCompGainOppo: normalized bright_adj:1024, dbv:1339, bin_dbv:1083, 
07-29 18:28:08.042  1938  3238 I SDM     : CasQcPlugIn::ProcessPerCompGainOppo: gains print start =====================
07-29 18:28:08.042  1938  3238 I SDM     : CasQcPlugIn::ProcessPerCompGainOppo: gain --------------------------------
07-29 18:28:08.042  1938  3238 I SDM     : CasQcPlugIn::ProcessPerCompGainOppo: old: 0 0 0 57 90 322 1201 3072
07-29 18:28:08.042  1938  3238 I SDM     : CasQcPlugIn::ProcessPerCompGainOppo: new: 0 0 0 55 73 261 975 3072
07-29 18:28:08.042  1938  3238 I SDM     : CasQcPlugIn::ProcessPerCompGainOppo: gain --------------------------------
07-29 18:28:08.042  1938  3238 I SDM     : CasQcPlugIn::ProcessPerCompGainOppo: old: 0 0 0 64 125 373 1336 3072
07-29 18:28:08.042  1938  3238 I SDM     : CasQcPlugIn::ProcessPerCompGainOppo: new: 0 0 0 62 89 373 1336 3072
07-29 18:28:08.042  1938  3238 I SDM     : CasQcPlugIn::ProcessPerCompGainOppo: gain --------------------------------
07-29 18:28:08.042  1938  3238 I SDM     : CasQcPlugIn::ProcessPerCompGainOppo: old: 0 0 0 42 83 323 1222 3072
07-29 18:28:08.042  1938  3238 I SDM     : CasQcPlugIn::ProcessPerCompGainOppo: new: 0 0 0 40 83 323 1222 3072
07-29 18:28:08.042  1938  3238 I SDM     : CasQcPlugIn::ProcessPerCompGainOppo: gains print end =======================
07-29 18:28:08.045  4895  4895 I SystemUi--QuickSettings: OplusQSRootViewController-->startExpandMotion event: 2, startTracking: true isClosing: false panelClosedOnDown: true
07-29 18:28:08.045  4895  4895 I SystemUi--QuickSettings: OplusQSRootViewController-->endClosing()
07-29 18:28:08.045  4895  4895 I SystemUi--QuickSettings: QSPanelExpandFraction-->updateFraction, stiffness=500.0, finalPosition=0.19700195
07-29 18:28:08.046  3487  5354 I InputDispatcher: injectInputEvent: targetUid=<not set>, syncMode=WAIT_FOR_FINISHED, timeout=30000ms, policyFlags=0x8000000, event=MotionEvent { action=MOVE, id[0]=0, x[0]=900, y[0]=135.066, eventTime=57855000000, downTime=57839000000, deviceId=4, source=TOUCHSCREEN, displayId=0, eventId=0xdc7ae693}
07-29 18:28:08.046  3487  4846 I [UAH_CLIENT]: UahEventAcquire, cmdid:68, pkg:none, identity:OplusUAwareInputHelper
07-29 18:28:08.046  3487  4472 D SystemGestures: detectSwipe: 1
07-29 18:28:08.047  1938  3238 I SDM     : DemuraIntfImpl::StageAllData: Staged all data to Demura Driver!
07-29 18:28:08.047  1938  3238 I SDM     : HWPeripheralDRM::SetPanelFeature: Set Panel feature property 19
07-29 18:28:08.047  1938  3238 I SDM     : HWPeripheralDRM::SetPanelFeature: Set Panel feature property 7
07-29 18:28:08.048  1938  3238 I SDM     : DisplayBuiltIn::TriggerDemuraOemPlugIn: Trigger demura oem plugin success
07-29 18:28:08.049  1938  2245 I SDM     : DRMPanelFeatureMgr::ApplyDirtyFeature: Commited panel feature [enabled]: 20-272
07-29 18:28:08.049  1938  2245 I SDM     : DRMPanelFeatureMgr::ApplyDirtyFeature: Commited panel feature [enabled]: 8-271
07-29 18:28:08.065  4895  4895 I SystemUi--QuickSettings: OplusQSRootViewController-->setQsVisible: true rawFraction:0.016914135
07-29 18:28:08.065  3487  5354 I InputDispatcher: injectInputEvent: targetUid=<not set>, syncMode=WAIT_FOR_FINISHED, timeout=30000ms, policyFlags=0x8000000, event=MotionEvent { action=MOVE, id[0]=0, x[0]=900, y[0]=259.833, eventTime=57874000000, downTime=57839000000, deviceId=4, source=TOUCHSCREEN, displayId=0, eventId=0xd74a5431}
07-29 18:28:08.065  4895  4895 I SystemUi--QuickSettings: OplusQSRootViewController-->setListening: true
07-29 18:28:08.065  4895  4895 I SystemUi--QuickSettings: OplusLargeTileContainerViewController-->setListening listening=true
07-29 18:28:08.065  4895  4895 I SystemUi--QuickSettings: QSBrightnessFactory-->setListening listening:true
07-29 18:28:08.065  4895  4895 I SystemUi--QuickSettings: OplusQsBrightnessSliderController-->setListening listening:true mView: com.oplus.systemui.plugins.qs.widget.OplusQsToggleSliderLayout{23ff2b V.E...... ......ID 558,244-737,643 #7f0a09f0 app:id/qs_brightness_slider_layout alpha=0.0 viewInfo = } value:0
07-29 18:28:08.065  4895  4895 I SystemUi--QuickSettings: OplusQsVolumeSliderController-->updateVolumeSeekBarMaxProgress: isNeedUpdate=true, maxVolumeProgress=16000, seekBarMaxProgress=1600, isInit=false
07-29 18:28:08.065  4895  5816 W Looper  : Drained
07-29 18:28:08.065  4895  4895 I SystemUi--QuickSettings: OplusQsVolumeSliderController-->updateVolumeSeekBarProgress: isNeedUpdate=true, isAllowUpdate=true, volumeLevel=0, seekBarLevel=0, initialVolumeSliderProgress=0, initialSeekBarVolumeLevel=-1, progressUpdated=false
07-29 18:28:08.065  4895  4895 I SystemUi--QuickSettings: OplusQsVolumeSliderController-->updateDisableShowVolumeDialog: isQsListening=true
07-29 18:28:08.065  4895  4895 I SystemUi--Device_Panel: OplusQSMyDeviceContainerViewController-->setListening listening: true
07-29 18:28:08.065  4895  4895 I [DevicePlugin].SysUiPluginService.(main): setListening: isListening=true, _isSeparateMode=true
07-29 18:28:08.066  4895  4895 I [DevicePlugin].FixedSeparateModelPanel.(main): onCtrCenterShow
07-29 18:28:08.066  4895  4895 I [DevicePlugin].FixedSeparateModelPanel.(main): onResume
07-29 18:28:08.066  4895  6139 D [DevicePlugin].DataInterfaceImp.(DefaultDispatcher-worker-6): safeCall, method:panel_state
07-29 18:28:08.066  4895  4895 I SystemUi--Common: NotificationShadeDepthC-->sceneFlag: 0x001, isStart = true, Current sceneFlags: 0x001
07-29 18:28:08.066  4895  4895 D NavigationBar: restrainNavigationBarInvertColor: true
07-29 18:28:08.066  4895  4895 D RegionSamplingHelper: animation scene, no need register sampling listener
07-29 18:28:08.066  4895  4895 I SystemUi--Common: OplusShadeExpansionStat-->go state: CLOSED -> OPENING
07-29 18:28:08.066  4895  4895 I SystemUi--Common: OplusShadeExpansionStat-->go state: CLOSED -> OPENING
07-29 18:28:08.066  4895  4895 I SystemUi--Notification: OplusHeadsUpNotificationViewBinder-->isVisibility: true
07-29 18:28:08.066  4895  4895 I SystemUi--Keyguard: ScrimControllerExImp-->blur State to UNLOCK, bouncer=false changeFromBouncerScrim= false runnerUnlock= false goingAway=false hasHandle=true isOccludeAnimationPlaying=false
07-29 18:28:08.066  4895  5816 D Tile.CustomTile.OshareTileService: refreshState: tile not listening, ignore
07-29 18:28:08.066  4895  5816 D TileStateController: bindAppWhenListening: false ComponentInfo{com.coloros.oshare/com.oplus.oshare.OshareTileService}
07-29 18:28:08.066  4895  5816 I SystemUi--QuickSettings: Tile.CustomTile.OshareTileService-->bindServiceWhenListening: false when isOplusQsTile
07-29 18:28:08.066  4895  5816 D Tile.CustomTile.OshareTileService: refreshState: tile not listening, ignore
