07-29 18:28:09.572  5181  5181 D QuickChangeAirplaneModeEvent: isBothCardInService is false
07-29 18:28:09.572  5181  5181 D MsimSubModeManager: registTelephonyEvent onServiceStateChanged eventId:3, VoiceRegState:1, DataRegState:1
07-29 18:28:09.572  5181  5181 E ExtremeCommUtils: getSwitchRusSupportMcc invalid index 1
07-29 18:28:09.572  5181  5181 D ExtremeCommUtils: isSupporCheck rusContain:false,propContain(persist.sys.oplus.support_hyper_uplink_mcc):false
07-29 18:28:09.572  5181  5181 D ExtremeCommService: handleServiceStateChanged mcc is null
07-29 18:28:09.572  5041  6082 D OplusSubWaySlowRecovery: getPreferSubId return 1
07-29 18:28:09.572  5041  6082 D SaDataFailRecovery/0: current is not in service,reset alarm
07-29 18:28:09.572  5041  6082 D OplusScanQrCodeRecoveryImpl: msg.what=3
07-29 18:28:09.573  3487  4842 W ContextImpl: Calling a method in the system process without a qualified user: android.app.ContextImpl.sendBroadcastMultiplePermissions:1311 android.content.Context.sendBroadcastMultiplePermissions:2524 com.android.server.TelephonyRegistry.broadcastServiceStateChanged:3740 com.android.server.TelephonyRegistry.notifyServiceStateForPhoneId:1787 com.android.internal.telephony.ITelephonyRegistry$Stub.onTransact:546 
07-29 18:28:09.573  5041  6075 D NAS-CallIssueDetector: onServiceStateChanged
07-29 18:28:09.573  5041  6075 D OplusCiwlanController: [vodata] processServiceStateChanged  phoneid = 0, original roaming type = 0,roaming type = 0
07-29 18:28:09.573  5041  6075 D OplusCiwlanController: [vodata] processServiceStateChanged  phoneid = 1, original roaming type = 0,roaming type = 0
07-29 18:28:09.573  5041  6064 D T-Recommend: onPreHandleMessage 1000
07-29 18:28:09.573  5041  6064 E CellularEvent: nri null ps
07-29 18:28:09.573  5041  6064 E CellularEvent: invalid nri
07-29 18:28:09.573  5041  6064 D T-Recommend: onPostHandleMessage 1000
07-29 18:28:09.573  3487  4842 W ContextImpl: Calling a method in the system process without a qualified user: android.app.ContextImpl.sendBroadcastMultiplePermissions:1344 com.android.server.TelephonyRegistry.broadcastServiceStateChanged:3745 com.android.server.TelephonyRegistry.notifyServiceStateForPhoneId:1787 com.android.internal.telephony.ITelephonyRegistry$Stub.onTransact:546 android.os.Binder.execTransactInternal:1523 
07-29 18:28:09.574  5181  5181 D ChinaRoamingControl: handleMessage what:5
07-29 18:28:09.574  5181  5181 D MsimSubModeManager: handleMessage what:3
07-29 18:28:09.574  5181  5181 D MsimSubModeManager: getMsimSimServiceIn() i:0,mServiceState:1
07-29 18:28:09.574  5181  5181 D MsimSubModeManager: getMsimSimServiceIn() i:1,mServiceState:1
07-29 18:28:09.575  4958  4958 D MultiSimSettingController: notifySubscriptionInfoChanged
07-29 18:28:09.575  4895  4895 I SystemUi--Statusbar: OplusMobileIconInteractorImpl-->oplusIMSModel slot:0: CapabilityTypeModel(isVolteSwitchOn=true, isWfcEnabledByUser=true, imsRegistered=false, voiceCapable=false, videoCapable=false, registerTech=-1, isCrossSimCallingEnabledByUser=false, hasHideVolteOperator=false), SimStateModel(simInserted=[true, false], simForbidden=[false, true], simStateIMSI=[true, false], simLoaded=[true, false]),oplusNetworkTypeNr:20,isVoNrEnabled:false
07-29 18:28:09.575  6600  6646 I midasd  : OplusObrainService::notifyEventInt eventId:38 iParam:20
07-29 18:28:09.575  9025  9124 I OplusObrain: OplusObrainClientInvoke.nativeGetTelephonyInfo
07-29 18:28:09.576  3487  3487 I AS.AudioService: onSubscriptionsChanged()
07-29 18:28:09.576  3487  4842 W ContextImpl: Calling a method in the system process without a qualified user: android.app.ContextImpl.sendBroadcastMultiplePermissions:1344 com.android.server.TelephonyRegistry.broadcastServiceStateChanged:3754 com.android.server.TelephonyRegistry.notifyServiceStateForPhoneId:1787 com.android.internal.telephony.ITelephonyRegistry$Stub.onTransact:546 android.os.Binder.execTransactInternal:1523 
07-29 18:28:09.576  3487  4536 V NetworkPolicy: onSubscriptionsChanged
07-29 18:28:09.576  3487  4842 W ContextImpl: Calling a method in the system process without a qualified user: android.app.ContextImpl.sendBroadcastMultiplePermissions:1344 com.android.server.TelephonyRegistry.broadcastServiceStateChanged:3760 com.android.server.TelephonyRegistry.notifyServiceStateForPhoneId:1787 com.android.internal.telephony.ITelephonyRegistry$Stub.onTransact:546 android.os.Binder.execTransactInternal:1523 
07-29 18:28:09.576  4895  4895 I KeyguardUpdateMonitor: action=android.intent.action.SERVICE_STATE subId=1 slotId=0
07-29 18:28:09.577  9025  9082 I OplusObrain: OplusObrainClientInvoke.nativeGetTrafficTypeInfoForNetworkType networkType 0
07-29 18:28:09.577  4895  5296 I SystemUi--QuickSettings: Tile.OplusCellularTile-->updateCarrierText: dialog not showing, ignore
07-29 18:28:09.578  5914  5914 D CellBroadcastReceiver: onReceive Intent { act=android.intent.action.SERVICE_STATE flg=0x1000010 cmp=com.android.cellbroadcastreceiver.module/com.android.cellbroadcastreceiver.CellBroadcastReceiver (has extras) }
07-29 18:28:09.578  4895  5331 I SystemUi--Statusbar: MobileInputLog-->onSubscriptionsChanged
07-29 18:28:09.578  4895  5331 I SystemUi--Statusbar: MobileConnectionRepositoryImpl-->subId:1 isSoftSimCard:false slotId:0
07-29 18:28:09.578  5914  5914 D CellBroadcastReceiver: onServiceStateChanged, ss: 1
07-29 18:28:09.578  5914  5914 D CellBroadcastReceiver: networkOperator: 
07-29 18:28:09.578  3487  4842 D KernelStatsHelper: getKernelStats start!
07-29 18:28:09.578  3487  4536 D NetworkPolicy: Normalization put networkpolicyNetworkTemplate: matchRule=CARRIER, matchSubscriberIds=[001011...], matchWifiNetworkKeys=[], metered=YES
07-29 18:28:09.578  3487  4536 D NetworkPolicy: Normalization put networkpolicyNetworkTemplate: matchRule=CARRIER, matchSubscriberIds=[310260...], matchWifiNetworkKeys=[], metered=YES
07-29 18:28:09.578  3487  4536 D NetworkPolicy: Normalization put networkpolicyNetworkTemplate: matchRule=CARRIER, matchSubscriberIds=[001010...], matchWifiNetworkKeys=[], metered=YES
07-29 18:28:09.578  3487  4536 D NetworkPolicy: Normalization put networkpolicyNetworkTemplate: matchRule=CARRIER, matchSubscriberIds=[001010...], matchWifiNetworkKeys=[], metered=YES
07-29 18:28:09.578  3487  4536 D NetworkPolicy: Normalization put networkpolicyNetworkTemplate: matchRule=CARRIER, matchSubscriberIds=[001012...], matchWifiNetworkKeys=[], metered=YES
07-29 18:28:09.578  3487  4536 V NetworkPolicy: updateNetworkEnabledNL() return
07-29 18:28:09.578  5041  6064 D CellularEvent: handleSubscriptionsChanged: slotId=0
07-29 18:28:09.578  5041  6064 D CellularEvent: onImsRegistrationStateChanged, slotId=0state:false
07-29 18:28:09.579  4958  4958 I Telephony: y0: onServiceStateChanged: newState=1, mServiceState=1
07-29 18:28:09.579  5181  5181 D SubsysEventListenerManager-SubsysTelephonyCallback[0]: onCellLocationChanged
07-29 18:28:09.579  4895  5296 D SimStateHelper: slot:0, lock state:Bundle[mParcelledData.dataSize=56]
07-29 18:28:09.579  3487  4536 V NetworkPolicy: updateNotificationsNL not process
07-29 18:28:09.579  3487  4536 W BestClock: java.time.DateTimeException: Missing network time fix
07-29 18:28:09.579  3487  4623 D OplusNetlinkSocket: handleNetlinkRecvKernelMessage:nlmsghdr:StructNlMsgHdr{ nlmsg_len{40}, nlmsg_type{55()}, nlmsg_flags{0()}, nlmsg_seq{0}, nlmsg_pid{228528655} }
07-29 18:28:09.579  4958  4958 I Telephony: isRttCurrentlySupported -- regular acct, hasVoiceAvailability: false
07-29 18:28:09.579  4958  4958 I Telephony:  isRttSupported: false
07-29 18:28:09.579  4958  4958 I Telephony:  isUserRttSettingOn: false
07-29 18:28:09.579  4958  4958 I Telephony:  alwaysAllowWhileRoaming: false
07-29 18:28:09.579  4958  4958 I Telephony:  isRoaming: false
07-29 18:28:09.579  4958  4958 I Telephony:  isOnWfc: false
07-29 18:28:09.579  5181  5181 D SubsysEventListenerManager-SubsysTelephonyCallback[0]: onDisplayInfoChanged
07-29 18:28:09.579  5181  5181 D SceneService: onDisplayInfoChanged slotId:0,telephonyDisplayInfo:TelephonyDisplayInfo {network=NR, overrideNetwork=NONE, isRoaming=false}
07-29 18:28:09.579  4895  4895 I SystemUi--Statusbar: OplusMobileIconInteractorImpl-->oplusIMSModel slot:0: CapabilityTypeModel(isVolteSwitchOn=true, isWfcEnabledByUser=true, imsRegistered=false, voiceCapable=false, videoCapable=false, registerTech=-1, isCrossSimCallingEnabledByUser=false, hasHideVolteOperator=false), SimStateModel(simInserted=[true, false], simForbidden=[false, true], simStateIMSI=[true, false], simLoaded=[true, false]),oplusNetworkTypeNr:20,isVoNrEnabled:false
07-29 18:28:09.579  3487  4623 D KernelStatsHelper: get magic :[-1, -1, -1, 77, 65, 71, 73, 67]
07-29 18:28:09.579  3487  4623 D KernelStatsHelper: magic matched count:0 data_len:0
07-29 18:28:09.579  3487  4623 D KernelStatsHelper: data over! check: true
07-29 18:28:09.579  4895  5331 I SystemUi--Statusbar: MobileConnectionRepositoryImpl-->subId:1 isSoftSimCard:false slotId:0
07-29 18:28:09.580  4895  5296 D SimStateHelper: slot:1, lock state:Bundle[mParcelledData.dataSize=56]
07-29 18:28:09.580  4895  5296 D SimStateHelper: needDisableMenu: slot1State=-1; slot2State=-1
07-29 18:28:09.580  4895  5296 D SimStateHelper: needDisableMenu:false
07-29 18:28:09.580  4895  6166 I SystemUi--Statusbar: OplusMobileConnectionRepository1-->stopListenImsStatusChanged
07-29 18:28:09.580  5114  5114 I QImsService: OplusPhoneStateTracker : onSubscriptionsChanged Last subId: 1 Current subId 1
07-29 18:28:09.580  4895  6166 I SystemUi--Statusbar: OplusMobileConnectionRepository1-->phoneId: 0, conflatedCallbackFlow init
07-29 18:28:09.580  4895  6166 I SystemUi--Statusbar: OplusMobileConnectionRepository1-->startListenImsStatusChanged
07-29 18:28:09.580  5114  5114 E QImsService: ImsConfigImpl : onSubscriptionsChanged unable to process due to SubscriptionInfo is null
07-29 18:28:09.580  5151  5151 D QCNEJ/WwanInfoRelay: onSubscriptionsChanged currDDSId: 1 new DDS 1
07-29 18:28:09.580  7194  8814 E Battery : ControllerCenter: onReceiver: mSubscriptionManager is null || mIsNeedRestoreMobile = false
07-29 18:28:09.580  3487  4228 W BestClock: java.time.DateTimeException: Missing network time fix
07-29 18:28:09.581  7053  7706 D OsAgentAidlClient: [string_dataitem_update][1584] [HC] =>> [HS]
07-29 18:28:09.582  4958  4958 V OplusCustomizeCacheManager: queryCache name: sys.cache.common_customize_cache18016 param: null
07-29 18:28:09.582  4895  6166 I SystemUi--Statusbar: OplusMobileConnectionRepository1-->onImsStatusChanged model: CapabilityTypeModel(isVolteSwitchOn=true, isWfcEnabledByUser=true, imsRegistered=false, voiceCapable=false, videoCapable=false, registerTech=-1, isCrossSimCallingEnabledByUser=false, hasHideVolteOperator=false)
07-29 18:28:09.582  5114  5114 I QImsService: OplusPhoneStateTracker : onSubscriptionsChanged Last subId: -1 Current subId -1
07-29 18:28:09.582  4958  4958 V OplusCustomizeCacheManager: queryCache name: sys.cache.common_customize_cache18013 param: null
07-29 18:28:09.582  4958  4958 V OplusCustomizeCacheManager: queryCache name: sys.cache.common_customize_cache18014 param: null
07-29 18:28:09.582  4958  4958 V OplusCustomizeCacheManager: queryCache name: sys.cache.common_customize_cache18017 param: Bundle[{SETTING=BLOCK, BUSINESS=NCT-DATA}]
07-29 18:28:09.582  6559  9005 D OplusAtlasAudioDetectionManager: MSG_CALL_STATE_CHANGED
07-29 18:28:09.582  6559  9005 D OplusAtlasAudioDetectionManager: callStateChanged state: 0, len: 0
07-29 18:28:09.582  3487  5851 W BestClock: java.time.DateTimeException: Missing network time fix
07-29 18:28:09.583  4958  4958 V OplusCustomizeCacheManager: queryCache name: sys.cache.common_customize_cache18016 param: null
07-29 18:28:09.583  4958  4958 V OplusCustomizeCacheManager: queryCache name: sys.cache.common_customize_cache18013 param: null
07-29 18:28:09.583  4958  4958 V OplusCustomizeCacheManager: queryCache name: sys.cache.common_customize_cache18014 param: null
07-29 18:28:09.583  4958  4958 V OplusCustomizeCacheManager: queryCache name: sys.cache.common_customize_cache18017 param: Bundle[{SETTING=BLOCK, BUSINESS=NCT-DATA}]
07-29 18:28:09.583  5151  5151 D QCNEJ/DataCallAgent: onSubscriptionsChanged: new DDS 1
07-29 18:28:09.583  4958  4958 D MultiSimSettingController: onSubscriptionsChanged
07-29 18:28:09.583  4958  4958 D MultiSimSettingController: isReadyToReevaluate: subInfoInitialized=true, carrierConfigsLoaded=true, satelliteEnabledOrBeingEnabled=false
07-29 18:28:09.583  4958  4958 D MultiSimSettingController: updateDefaults
07-29 18:28:09.583  4958  4958 D MultiSimSettingController: isReadyToReevaluate: subInfoInitialized=true, carrierConfigsLoaded=true, satelliteEnabledOrBeingEnabled=false
07-29 18:28:09.583  4958  4958 D MultiSimSettingController: updateDefaultValues: change: 0
07-29 18:28:09.583  4958  4958 D MultiSimSettingController: disableDataForNonDefaultNonOpportunisticSubscriptions triggered, return directly
07-29 18:28:09.583  5151  7458 D QCNEJ/DataCallAgent: phoneCount: 2
07-29 18:28:09.583  5151  7458 D QCNEJ/DataCallAgent: subs for 0th slot: [1]
07-29 18:28:09.583  4895  5816 V OplusCustomizeCacheManager: queryCache name: sys.cache.common_customize_cache18014 param: null
07-29 18:28:09.583  5151  7458 D QCNEJ/DataCallAgent: mSubInfoReady[0] is set to true
07-29 18:28:09.583  5151  7458 D QCNEJ/DataCallAgent: subs for 1th slot: [-1]
07-29 18:28:09.583  4958  4958 D ImsResolver: oldSubId: 1, newSubId: 1
07-29 18:28:09.583  4958  4958 D ImsResolver: oldSubId: -1, newSubId: -1
07-29 18:28:09.583  4958  4958 D CallNotifier: updatePhoneStateListeners: update CF notifications.
07-29 18:28:09.583  4895  5816 V OplusCustomizeCacheManager: queryCache name: sys.cache.common_customize_cache18017 param: Bundle[{SETTING=BLOCK, BUSINESS=NCT-DATA}]
07-29 18:28:09.583  4895  5816 V OplusCustomizeCacheManager: queryCache name: sys.cache.common_customize_cache18013 param: null
07-29 18:28:09.583  5041  5854 D NAS-CellularEvent: handleSubscriptionsChanged: slotId=0
07-29 18:28:09.584  4958  4958 I Telephony: TelecomAccountRegistry: onSubscriptionsChanged - reregister accounts
07-29 18:28:09.584  4958  4958 D PhoneUtils: PhoneAccountHandle subId=1, slotId=0
07-29 18:28:09.584  5041  5854 D NAS-CellularEvent: onImsRegistrationStateChanged, slotId=0state:false
07-29 18:28:09.584  4958  4958 D Telephony: registerPstnPhoneAccount line1Number =  subNumber = 
07-29 18:28:09.584  4958  4958 D Telephony: color is transparent asign default instead -15502541
07-29 18:28:09.584  4958  6210 E PhoneInterfaceManager: getServiceStateForSlot retuning null for invalid slotIndex=-1
07-29 18:28:09.584  4958  4958 D Telephony: isEmergencyPreferredAccount: subId=1, activeData=1
07-29 18:28:09.584  4958  4958 D Telephony: isEmergencyPreferredAccount: Device does not require preference.
07-29 18:28:09.585  5041  6071 W BestClock: java.time.DateTimeException: Missing network time fix
07-29 18:28:09.585  5041  6071 V MonthTrafficAlert: getWarningNotification subId:1 numWarningNotificaion:0
07-29 18:28:09.585  4958  4958 I Telephony: isRttCurrentlySupported -- regular acct, hasVoiceAvailability: false
07-29 18:28:09.585  4958  4958 I Telephony:  isRttSupported: false
07-29 18:28:09.585  4958  4958 I Telephony:  isUserRttSettingOn: false
07-29 18:28:09.585  4958  4958 I Telephony:  alwaysAllowWhileRoaming: false
07-29 18:28:09.585  4958  4958 I Telephony:  isRoaming: false
07-29 18:28:09.585  4958  4958 I Telephony:  isOnWfc: false
07-29 18:28:09.585  4958  4958 D Telephony: x0: buildPstnPhoneAccount, phoneId: 0, mIsVideoCapable: false, 
07-29 18:28:09.585  4958  4958 D OplusSesImsManagerExt: feature:0, phoneId:0
07-29 18:28:09.585  4958  4958 D OplusSesImsManagerExt: getSubIdUsingPhoneId:1, phoneId:0
07-29 18:28:09.585  4958  4958 D OplusSesImsManagerExt: isEntitlementEnabled:false
07-29 18:28:09.585  4958  4958 D OplusSesImsManagerExt: isFeatureProvisionedOnDevice not enabled
07-29 18:28:09.585  4958  4958 D Telephony: registerPstnPhoneAccount mIsVideoCapable = false
07-29 18:28:09.585  4958  4958 W libc    : Access denied finding property "persist.vendor.mtk_uce_support"
07-29 18:28:09.585  4958  4958 I Telephony: isCarrierVideoPresenceSupported, false, false, false, false
07-29 18:28:09.586  4958  4958 I Telephony: reRegisterPstnPhoneAccount: subId: 1 - no change
07-29 18:28:09.585  3487  4842 W BestClock: java.time.DateTimeException: Missing network time fix
07-29 18:28:09.586  4958  4958 D InternationalRoamingNotification: init
07-29 18:28:09.587  5181  6332 D VirtualCommService2: isSupport. true, true
07-29 18:28:09.587  4958  4958 D OplusVirtualCommUtils: isVirtualCommSupport, vRet: true
07-29 18:28:09.587 13227 13227 I ttings:tzupdate: isSwordfishLaunchAppEnabled_ 1 isSwordfishInstallAppEnabled_ 1
07-29 18:28:09.587 13227 13227 E ttings:tzupdate: Unknown bits set in runtime_flags: 0x40000000
07-29 18:28:09.587 13227 13227 I ttings:tzupdate: Using CollectorTypeCMC GC.
07-29 18:28:09.587  4958  4958 I OplusVirtualCommUtils: getVirtualCommDeviceType, vRet: 1
07-29 18:28:09.587  4958  4958 I OplusVirtualCommUtils: isConsumerDeviceType, deviceType: 1
07-29 18:28:09.587  3487  4842 W BestClock: java.time.DateTimeException: Missing network time fix
07-29 18:28:09.587  4895  5816 V OplusCustomizeCacheManager: queryCache name: sys.cache.common_customize_cache18014 param: null
07-29 18:28:09.587  4895  5816 V OplusCustomizeCacheManager: queryCache name: sys.cache.common_customize_cache18017 param: Bundle[{SETTING=BLOCK, BUSINESS=NCT-DATA}]
07-29 18:28:09.587  4895  5816 V OplusCustomizeCacheManager: queryCache name: sys.cache.common_customize_cache18013 param: null
07-29 18:28:09.587  4958  4958 D InternationalRoamingNotification: do not createRoamingNotification for invalid Network
07-29 18:28:09.588  4958  4958 V OplusCustomizeCacheManager: queryCache name: sys.cache.common_customize_cache18016 param: null
07-29 18:28:09.588  4958  4958 V OplusCustomizeCacheManager: queryCache name: sys.cache.common_customize_cache18013 param: null
07-29 18:28:09.588  4958  4958 V OplusCustomizeCacheManager: queryCache name: sys.cache.common_customize_cache18014 param: null
07-29 18:28:09.588  4958  4958 V OplusCustomizeCacheManager: queryCache name: sys.cache.common_customize_cache18017 param: Bundle[{SETTING=BLOCK, BUSINESS=NCT-DATA}]
07-29 18:28:09.588 13227 13227 E ttings:tzupdate: Not starting debugger since process cannot load the jdwp agent.
07-29 18:28:09.588  4958  4958 V SimultaneousCallingTracker: Received EVENT 101
07-29 18:28:09.588  4958  4958 V SimultaneousCallingTracker: generateVoiceCapablePhoneMapBasedOnUserAssociation: adding phoneId = 0
07-29 18:28:09.588  4958  4958 I SimultaneousCallingTracker: updatePhoneMapAndSimultaneousCallSupportMap: mVoiceCapablePhoneMap.size = 1
07-29 18:28:09.588  4958  4958 V SimultaneousCallingTracker: registerForImsRegistrationChanges: registering phoneId = 0
07-29 18:28:09.588  4958  4958 V SimultaneousCallingTracker: generateSimultaneousCallSupportMap: returning simultaneousCallSubSupportMap = Phone ID=0 - Simultaneous calling compatible phone IDs=[]; 
07-29 18:28:09.588  4958  4958 V SimultaneousCallingTracker: handleSimultaneousCallingSupportChanged
07-29 18:28:09.589  3487  5851 W ContentService: Observer is already registered. Pid is 4958
07-29 18:28:09.589 13227 13227 D nativeloader: Load libframework-connectivity-tiramisu-jni.so using APEX ns com_android_tethering for caller /apex/com.android.tethering/javalib/framework-connectivity-t.jar: ok
07-29 18:28:09.590 13227 13227 W libc    : Access denied finding property "persist.vendor.sys.activitylog"
07-29 18:28:09.590 13227 13227 I OneTrace: Mark active for pid=13227? true
07-29 18:28:09.590 13227 13227 D cutils-dev: otrace_set_tracing_enabled? true tag:0
07-29 18:28:09.591 13227 13227 D cutils-dev: properties changed in otrace_seq_number_changed!
07-29 18:28:09.592  3487  5851 D ActivityTaskManagerServiceExtImpl: preBindApplication record is null
07-29 18:28:09.592  3487  5851 D RGBNormalizeServer: OplusRGBNormalize feature enabled ? true
07-29 18:28:09.592  3487  5851 D ResourcesManagerCache: For package com.oplus.wirelesssettings we got cacheList [null] appInfoExt is null ? false hasFeature ? false
07-29 18:28:09.592  3487  5851 D VRR [OPlusExternalRefreshRateManager]: isPkgTfcEnable: pkgName = com.oplus.wirelesssettings, enable = false
07-29 18:28:09.592  3487  5851 D VRR [OPlusExternalRefreshRateManager]: getTfcMinFramerate: pkgName = com.oplus.wirelesssettings, min framerate = 0
07-29 18:28:09.593  4895  4895 I KeyguardUpdateMonitor: refreshSimState, changed:false,subId:1,slotId:0,state:5
07-29 18:28:09.593  4895  5296 I SystemUi--QuickSettings: Tile.OplusCellularTile-->updateCarrierText: dialog not showing, ignore
07-29 18:28:09.593  4895  5296 D SimStateHelper: slot:0, lock state:Bundle[mParcelledData.dataSize=56]
07-29 18:28:09.593  4895  5296 D SimStateHelper: slot:1, lock state:Bundle[mParcelledData.dataSize=56]
07-29 18:28:09.593  4895  5296 D SimStateHelper: needDisableMenu: slot1State=-1; slot2State=-1
07-29 18:28:09.593  4895  5296 D SimStateHelper: needDisableMenu:false
07-29 18:28:09.593 13227 13227 D OplusActivityManager: get AMS extension: android.os.BinderProxy@d7f056b
07-29 18:28:09.594 13227 13227 D CompactWindowAppManager: initCompactApplicationInfo CompactMode: , NormalMode: 
07-29 18:28:09.595 13227 13227 D OplusScrollToTopManager: setIsInWhiteList false
07-29 18:28:09.595 13227 13227 D OplusViewDebugManager: OplusViewDebugManager Constructor android.view.debug.OplusViewDebugManager@9edad61 [mHasViewDebugProperty true] [mHasMsgDebugProperty false] [DEBUG false] [EXTRAINFOENABLE false] [LIGHT_OS false]
07-29 18:28:09.595 13227 13227 D CompatChangeReporter: Compat change id reported: 242716250; UID 1000; state: ENABLED
07-29 18:28:09.596 13227 13227 W libc    : Access denied finding property "ro.odm.prev.product.name"
07-29 18:28:09.597 13227 13227 W ziparchive: Unable to open '/system_ext/framework/nfcvendorlib.dm': No such file or directory
07-29 18:28:09.597 13227 13227 W ziparchive: Unable to open '/system_ext/framework/nfcvendorlib.dm': No such file or directory
07-29 18:28:09.598 13227 13227 D nativeloader: Configuring clns-shared-7 for other apk /system_ext/framework/nfcvendorlib.jar. target_sdk_version=34, uses_libraries=ALL, library_path=/system_ext/priv-app/WirelessSettings/lib/arm64:/system_ext/priv-app/WirelessSettings/WirelessSettings.apk!/lib/arm64-v8a:/system/lib64:/system_ext/lib64, permitted_path=/data:/mnt/expand:/data/user_de/0/com.oplus.wirelesssettings:/system_ext/priv-app/WirelessSettings:/system/lib64:/system_ext/lib64
07-29 18:28:09.598 13227 13227 D nativeloader: Extending system_exposed_libraries: libbinauralrenderer_wrapper.qti.so:libhoaeffects.qti.so:libSloganJni.oplus.so:libsuperNight.oplus.so:libAPSClient-cmd-jni-extension.oplus.so:libsatellite_audio_jni.oplus.so:libortc_so.oplus.so:libsoundtouch.oplus.so:libsoundtouch_jni.oplus.so:libOplusStringJNI-extension.oplus.so:libsatellite_ostx_jni.oplus.so:libapssuspend-jni.oplus.so:libupdateprof.qti.so:libthermalclient.qti.so:libqape.qti.so:libqesdk_ndk_platform.qti.so:liblistenjni.qti.so
07-29 18:28:09.599 13227 13227 D ApplicationLoaders: Returning zygote-cached class loader: /system_ext/framework/androidx.window.extensions.jar
07-29 18:28:09.599 13227 13227 D ApplicationLoaders: Returning zygote-cached class loader: /system_ext/framework/androidx.window.sidecar.jar
07-29 18:28:09.601 13227 13227 D nativeloader: Configuring clns-shared-8 for other apk /system_ext/priv-app/WirelessSettings/WirelessSettings.apk. target_sdk_version=34, uses_libraries=, library_path=/system_ext/priv-app/WirelessSettings/lib/arm64:/system_ext/priv-app/WirelessSettings/WirelessSettings.apk!/lib/arm64-v8a:/system/lib64:/system_ext/lib64, permitted_path=/data:/mnt/expand:/data/user_de/0/com.oplus.wirelesssettings:/system_ext/priv-app/WirelessSettings:/system/lib64:/system_ext/lib64
07-29 18:28:09.603 13227 13227 V GraphicsEnvironment: Currently set values for:
07-29 18:28:09.603 13227 13227 V GraphicsEnvironment:   angle_gl_driver_selection_pkgs=[]
07-29 18:28:09.603 13227 13227 V GraphicsEnvironment:   angle_gl_driver_selection_values=[]
07-29 18:28:09.603 13227 13227 V GraphicsEnvironment: Global.Settings values are invalid: number of packages: 0, number of values: 0
07-29 18:28:09.604 13227 13227 D WS_OplusWirelessSettingsApp: onCreate, OplusWirelessSettingsApp
07-29 18:28:09.605 13227 13227 D LogUtils: initWirelessLog sIsQeAssert=false,sIsWifiOrBtLog=false
07-29 18:28:09.607  3487  5851 I ActivityManager: Flag disabled. Ignoring finishAttachApplication from uid: 1000. pid: 13227
07-29 18:28:09.607 13227 13227 E ANDR-PERF-CLIENT-SYS: death recipent object is fine
07-29 18:28:09.607 13227 13227 W ttings:tzupdate: AIBinder_linkToDeath is being called with a non-null cookie and no onUnlink callback set. This might not be intended. AIBinder_DeathRecipient_setOnUnlinked should be called first.
07-29 18:28:09.608  3487  5851 W OplusSelfProtectManager: pkg[com.oplus.wirelesssettings] not in policy list
07-29 18:28:09.610  3487  5851 D ActivityManager: Async freezing 13227 com.oplus.wirelesssettings:tzupdate
07-29 18:28:09.612  4730  5518 W SQLiteLog: (28) double-quoted string literal: "timezone_tzdata_v2_files"
07-29 18:28:09.615  2002  2002 D SensorFeature: name=ssc_screenshot_info ,index = 22
07-29 18:28:09.615  2002  2002 D SensorFeature: write 29 bytes:59415651591,59423984924,162,0
07-29 18:28:09.685  4958  4958 V OplusCustomizeCacheManager: queryCache name: sys.cache.common_customize_cache18016 param: null
07-29 18:28:09.685  4958  4958 V OplusCustomizeCacheManager: queryCache name: sys.cache.common_customize_cache18013 param: null
07-29 18:28:09.685  4958  4958 V OplusCustomizeCacheManager: queryCache name: sys.cache.common_customize_cache18014 param: null
07-29 18:28:09.685  4958  4958 V OplusCustomizeCacheManager: queryCache name: sys.cache.common_customize_cache18017 param: Bundle[{SETTING=BLOCK, BUSINESS=NCT-DATA}]
07-29 18:28:09.686  4958  4958 V OplusCustomizeCacheManager: queryCache name: sys.cache.common_customize_cache18016 param: null
07-29 18:28:09.686  4958  4958 V OplusCustomizeCacheManager: queryCache name: sys.cache.common_customize_cache18013 param: null
07-29 18:28:09.686  4958  4958 V OplusCustomizeCacheManager: queryCache name: sys.cache.common_customize_cache18014 param: null
07-29 18:28:09.686  4958  4958 V OplusCustomizeCacheManager: queryCache name: sys.cache.common_customize_cache18017 param: Bundle[{SETTING=BLOCK, BUSINESS=NCT-DATA}]
07-29 18:28:09.700  4895  4895 D RowAnimatorExtImpl: end:view:StatusBarIconView(slot='volume' alpha=1.0 icon=StatusBarIcon(icon=Icon(typ=RESOURCE pkg=com.android.systemui id=0x7f0818f0) visible user=0 ) visibleState=ICON iconColor=#ccffffff staticDrawableColor=#ccffffff decorColor=#ffffffff animationStartColor=#0 currentSetColor=#ccffffff notification=null),tx
07-29 18:28:09.700  4895  4895 D RowAnimatorExtImpl: end:view:StatusBarIconView(slot='zen' alpha=1.0 icon=StatusBarIcon(icon=Icon(typ=RESOURCE pkg=com.android.systemui id=0x7f0818e1) visible user=0 ) visibleState=ICON iconColor=#ccffffff staticDrawableColor=#ccffffff decorColor=#ffffffff animationStartColor=#0 currentSetColor=#ccffffff notification=null),tx
07-29 18:28:09.700  4895  4895 D RowAnimatorExtImpl: end:view:StatusBarIconView(slot='volume' alpha=1.0 icon=StatusBarIcon(icon=Icon(typ=RESOURCE pkg=com.android.systemui id=0x7f0818f0) visible user=0 ) visibleState=ICON iconColor=#ccffffff staticDrawableColor=#ccffffff decorColor=#ffffffff animationStartColor=#0 currentSetColor=#ccffffff notification=null),tx
07-29 18:28:09.700  4895  4895 D RowAnimatorExtImpl: end:view:StatusBarIconView(slot='zen' alpha=1.0 icon=StatusBarIcon(icon=Icon(typ=RESOURCE pkg=com.android.systemui id=0x7f0818e1) visible user=0 ) visibleState=ICON iconColor=#ccffffff staticDrawableColor=#ccffffff decorColor=#ffffffff animationStartColor=#0 currentSetColor=#ccffffff notification=null),tx
07-29 18:28:09.700  4895  4895 D RowAnimatorExtImpl: end:view:StatusBarIconView(slot='volume' alpha=1.0 icon=StatusBarIcon(icon=Icon(typ=RESOURCE pkg=com.android.systemui id=0x7f0818f0) visible user=0 ) visibleState=ICON iconColor=#ccffffff staticDrawableColor=#ccffffff decorColor=#ffffffff animationStartColor=#0 currentSetColor=#ccffffff notification=null),tx
07-29 18:28:09.700  4895  4895 D RowAnimatorExtImpl: end:view:StatusBarIconView(slot='zen' alpha=1.0 icon=StatusBarIcon(icon=Icon(typ=RESOURCE pkg=com.android.systemui id=0x7f0818e1) visible user=0 ) visibleState=ICON iconColor=#ccffffff staticDrawableColor=#ccffffff decorColor=#ffffffff animationStartColor=#0 currentSetColor=#ccffffff notification=null),tx
07-29 18:28:09.713  1938  4489 I Dpps    : LtmSwState::SetParameter():144 ignore cmd 7 in state LtmOffState
07-29 18:28:09.889  2002  2002 D SensorFeature: name=ssc_screenshot_info ,index = 22
07-29 18:28:09.889  2002  2002 D SensorFeature: write 29 bytes:59689935653,59698268986,163,0
07-29 18:28:09.899  4895  4895 I SystemUi--QuickSettings: TemporarilyInfoManager-->[animateShow] com.oplus.systemui.qs.base.temporarilyinfo.TemporarilyInfoManager$createViewToParent$1{c393170 VFED..C.. ........ 0,0-1080,228 #7f0a0cb6 app:id/temporarily_info_view alpha=1.0 viewInfo = } end
07-29 18:28:09.899  4895  4895 I SystemUi--QuickSettings: TemporarilyInfoManager-->[trigger] start from showElementAfterShowFully
07-29 18:28:09.978  1882  4500 I sensors-hal: handle_oplus_wise_rgb_event:189, high_pwm_light:lux 179.3,cct 3552.8,brl/algo/ir 1339.0/2.0/23.5,pwm/dc 0.0/0.0,rgbc 14073.016602/9503.522461/4041.809326/26363.294922,ts 59690158379,cnt 860,flag 163
07-29 18:28:09.979  1938  4489 I Dpps    : LtmSwState::SetParameter():144 ignore cmd 7 in state LtmOffState
07-29 18:28:09.990  2032  2079 D BatteryChargeControl: bcc get no support from charging protocol
07-29 18:28:10.024  4895  4895 D JankUtils: gfxSceneEnd; scene: 7
07-29 18:28:10.024  4895  4895 I SystemUi--Common: NotificationShadeDepthC-->sceneFlag: 0x001, isStart = false, Current sceneFlags: 0x000
07-29 18:28:10.024  4895  4895 D NavigationBar: restrainNavigationBarInvertColor: false
07-29 18:28:10.024  4895  5244 D RegionSamplingHelper =:    mCompositionSamplingListener.register
07-29 18:28:10.024  2232  2535 D SurfaceFlinger: addRegionSamplingListener pid: 4895, Area: [0, 2328, 1080, 2376]
07-29 18:28:10.193  3487  3487 D OplusWifiBroadCastDispatcher: mBroadcastReceiver: onReceiver  action=android.intent.action.BATTERY_LEVEL_CHANGED
07-29 18:28:10.194  3487  4645 D OplusWifiPowerService: onReceive action:android.intent.action.BATTERY_LEVEL_CHANGED
07-29 18:28:10.194  3487  4506 W OplusStorageManagerFeature: mScreenReceiver action:android.intent.action.BATTERY_LEVEL_CHANGED
07-29 18:28:10.194  3487  4506 I OplusStorageManagerFeature: TmemoryBetterySwitch: level=100 state=0
07-29 18:28:10.194  3487  4506 I OplusStorageManagerFeature: TmemoryBetterySwitch: action=0 state=2
07-29 18:28:10.194  3487  4506 W OplusStorageManagerFeature: Ready to deal actionParam:0
07-29 18:28:10.195  6258  6258 D BatteryUsageBroadcastReceiver: onReceive:android.intent.action.BATTERY_LEVEL_CHANGED
07-29 18:28:10.199  6258  6258 D BatteryUsageBroadcastReceiver: fetch data because of event: ACTION_BATTERY_LEVEL_CHANGED
07-29 18:28:10.200  6258  6258 D BatteryUsageBroadcastReceiver: cancel sendBroadcastToFetchUsageData when broadcastDelay is 2339990ms.
07-29 18:28:10.202  3487  4842 D ActivityManager: Async freezing 6258 com.android.settings
07-29 18:28:10.207  7972  9390 W metis_v2_KnowledgeManager: Fire: isEmergency is true  debugFireMode = false [7f0000011753828048148417807300|p_7300_b6e82e8@1|p_7972_c13ccc5@1|com.oplus.metis] [base|com.oplus.metis|1.5.5-f48228a]
07-29 18:28:10.208  7972  9390 W metis_v2_OifaceBindUtils: bindTask [7f0000011753828048148417807300|p_7300_b6e82e8@1|p_7972_c13ccc5@1|com.oplus.metis]
07-29 18:28:10.208  7972  9390 W metis_v2_OifaceBindUtils: call connectOifaceService [7f0000011753828048148417807300|p_7300_b6e82e8@1|p_7972_c13ccc5@1|com.oplus.metis]
07-29 18:28:10.208  7972  9390 I metis_v2_KnowledgeManager: panta-sugg-Fire: count=1 [7f0000011753828048148417807300|p_7300_b6e82e8@1|p_7972_c13ccc5@1|com.oplus.metis]
07-29 18:28:10.209  6606  6606 E oiface  : sched_setaffinity failed
07-29 18:28:10.209  6606  6631 E oiface  : directSetTask: get cpuset path failed
07-29 18:28:10.211  7972  9390 I System.out: 'park_precondition_home_02' 
07-29 18:28:10.211  7972  9390 I System.out: 'park_precondition_company_02' 
07-29 18:28:10.211  7972  9390 I System.out: 'UBIQUITOUS_SERVICE#assistant_screen#NOT_AT_HOME_301' 
07-29 18:28:10.211  7972  9390 I System.out: 'UBIQUITOUS_SERVICE#assistant_screen#NOT_AT_OFFICE_401' 
07-29 18:28:10.211  7972  9390 I System.out: 'policy:NEAR_SUBWAY_BUS_STATION_2x4' 
07-29 18:28:10.213  7972  9390 W metis_v2_TimeDurationCompare: [com.oplus.metis#UBIQUITOUS_SERVICE#scene#tips#TipScene_EXIT] 'timestamp' is not literal. [7f0000011753828048148417807300|p_7300_b6e82e8@1|p_7972_c13ccc5@1|com.oplus.metis]
07-29 18:28:10.213  7972  9390 D SceneIntentPublisher: headAction: pkg is com.oplus.metis and simpleRuleName is UBIQUITOUS_SERVICE#secne#activity_coloros_reminder_tips
07-29 18:28:10.213  2002  2002 D SensorFeature: name=ssc_screenshot_info ,index = 22
07-29 18:28:10.213  2002  2002 D SensorFeature: write 29 bytes:59972586330,60022767736,164,0
07-29 18:28:10.218  1938  2245 I SDM     : DisplayBase::CommitThread: Received idle timeout, panel: cmd, timeout: 70000 us
07-29 18:28:10.218  7972  9390 D SceneIntentPublisher: headAction: pkg is com.oplus.metis and simpleRuleName is UBIQUITOUS_SERVICE#secne#activity_coloros_reminder_tips
07-29 18:28:10.222  7972  9390 I System.out: 'UBIQUITOUS_SERVICE#assistant_screen#NOT_AT_HOME_301' 
07-29 18:28:10.223  7972  9390 I System.out: 'tempPropertyForGuideStatus' 
07-29 18:28:10.225  7972  9390 D SceneIntentPublisher: headAction: pkg is com.oplus.metis and simpleRuleName is UBIQUITOUS_SERVICE#secne#activity_coloros_reminder_tips
07-29 18:28:10.225  7972  9390 W metis_v2_TimeDurationCompare: [com.oplus.metis#UBIQUITOUS_SERVICE#scene#tips#TipScene_EXIT] 'timestamp' is not literal. [7f0000011753828048148417807300|p_7300_b6e82e8@1|p_7972_c13ccc5@1|com.oplus.metis]
07-29 18:28:10.234  7972  8913 I ContextAware_GetInstalledAppsInfo: Update cache
07-29 18:28:10.237  7972  9390 W metis_v2_AbsTimerTriggered: [com.oplus.metis#UBIQUITOUS_SERVICE#health#LAUNCH-HEALTH-APP]: periodicTriggered's parseArgsToTimer meet exception periodic timer's first execute start time must >= time range start [7f0000011753828048148417807300|p_7300_b6e82e8@1|p_7972_c13ccc5@1|com.oplus.metis]
07-29 18:28:10.237  7972  9390 W metis_v2_AbsTimerTriggered: [com.oplus.metis#UBIQUITOUS_SERVICE#health#LAUNCH-HEALTH-APP]: please check if builtin periodicTriggered's args is valid [7f0000011753828048148417807300|p_7300_b6e82e8@1|p_7972_c13ccc5@1|com.oplus.metis]
07-29 18:28:10.239  7972  9390 I System.out: 'UBIQUITOUS_SERVICE#assistant_screen#NOT_AT_OFFICE_401' 
07-29 18:28:10.239  7972  9390 I metis_v2_KnowledgeManager: panta-sugg-Fire takes 31 milliseconds. [7f0000011753828048148417807300|p_7300_b6e82e8@1|p_7972_c13ccc5@1|com.oplus.metis]
07-29 18:28:10.239  7972  9390 I ContextAware_PantanalIntentManager: intent (id-14111004+policyName-CLEAN_STORAGE) is not found in scene_intent_config [7f0000011753828048148417807300|p_7300_b6e82e8@1|p_7972_c13ccc5@1|com.oplus.metis]
07-29 18:28:10.239  7972  9390 I metis_v2_SceneTravelingAdapter: recallTravellingIntent: [] [7f0000011753828048148417807300|p_7300_b6e82e8@1|p_7972_c13ccc5@1|com.oplus.metis]
07-29 18:28:10.239  7972  9390 I ContextAware_ContextAware_SceneIntentManager: mLastIntentDataSet: [] [7f0000011753828048148417807300|p_7300_b6e82e8@1|p_7972_c13ccc5@1|com.oplus.metis]
07-29 18:28:10.239  7972  9390 I ContextAware_ContextAware_SceneIntentManager: intentList: [IntentDataDTO(intent=IntentDTO=[sceneId=220500200, intentId=14111005, isExited=false, source=0, ownerId=com.oplus.metis, action=14111005, policyName=SUBSTITUTE_SCENE, serviceId=, sendExitedIntent=true, repeatable=false, sceneScore=-1.0, position=right, level=2, type=1, serviceInstanceId=null, isSupportMultiInstance=false, settingsPreference=null], items=[]), IntentDataDTO(intent=IntentDTO=[sceneId=210000000, intentId=12121002, isExited=true, source=0, ownerId=com.oplus.metis, action=12121002, policyName=TAKEOUT_ORDER_STATUS_CHANGE, serviceId=, sendExitedIntent=false, repeatable=false, sceneScore=-1.0, position=left, level=1, type=1, serviceInstanceId=null, isSupportMultiInstance=false, settingsPreference=null], items=[]), IntentDataDTO(intent=IntentDTO=[sceneId=null, intentId=14111004, isExited=true, source=0, ownerId=com.oplus.metis, action=14111004, policyName=CLEAN_STORAGE, serviceId=, sendExitedIntent=false, repeatable=false, sceneScore=-1.0, position=null, level=0, type=1, serviceInstanceId=null, isSupportMultiInstance=false, settingsPreference=null], items=[]), IntentDataDTO(intent=IntentDTO=[sceneId=null, intentId=12121002, isExited=true, source=0, ownerId=com.oplus.metis, action=12121002, policyName=TAKEOUT_ORDER_STATUS_CHANGE, serviceId=, sendExitedIntent=false, repeatable=false, sceneScore=-1.0, position=null, level=0, type=1, serviceInstanceId=null, isSupportMultiInstance=false, settingsPreference=null], items=[])] [7f0000011753828048148417807300|p_7300_b6e82e8@1|p_7972_c13ccc5@1|com.oplus.metis]
07-29 18:28:10.239  7972  9390 I ContextAware_ContextAware_SceneIntentManager: missedIntent: [] [7f0000011753828048148417807300|p_7300_b6e82e8@1|p_7972_c13ccc5@1|com.oplus.metis]
07-29 18:28:10.239  7972  9390 I metis_v2_SceneIntentManager: panta-sugg-Published intents: [7f0000011753828048148417807300|p_7300_b6e82e8@1|p_7972_c13ccc5@1|com.oplus.metis]
07-29 18:28:10.239  7972  9390 I metis_v2_SceneIntentManager: panta-sugg-IntentDataDTO(intent=IntentDTO=[sceneId=220500200, intentId=14111005, isExited=false, source=0, ownerId=com.oplus.metis, action=14111005, policyName=SUBSTITUTE_SCENE, serviceId=, sendExitedIntent=true, repeatable=false, sceneScore=-1.0, position=right, level=2, type=1, serviceInstanceId=null, isSupportMultiInstance=false, settingsPreference=null], items=[]) [7f0000011753828048148417807300|p_7300_b6e82e8@1|p_7972_c13ccc5@1|com.oplus.metis]
07-29 18:28:10.239  7972  9390 I metis_v2_SceneIntentManager: panta-sugg-IntentDataDTO(intent=IntentDTO=[sceneId=210000000, intentId=12121002, isExited=true, source=0, ownerId=com.oplus.metis, action=12121002, policyName=TAKEOUT_ORDER_STATUS_CHANGE, serviceId=, sendExitedIntent=false, repeatable=false, sceneScore=-1.0, position=left, level=1, type=1, serviceInstanceId=null, isSupportMultiInstance=false, settingsPreference=null], items=[]) [7f0000011753828048148417807300|p_7300_b6e82e8@1|p_7972_c13ccc5@1|com.oplus.metis]
07-29 18:28:10.239  7972  9390 I metis_v2_SceneIntentManager: panta-sugg-IntentDataDTO(intent=IntentDTO=[sceneId=null, intentId=14111004, isExited=true, source=0, ownerId=com.oplus.metis, action=14111004, policyName=CLEAN_STORAGE, serviceId=, sendExitedIntent=false, repeatable=false, sceneScore=-1.0, position=null, level=0, type=1, serviceInstanceId=null, isSupportMultiInstance=false, settingsPreference=null], items=[]) [7f0000011753828048148417807300|p_7300_b6e82e8@1|p_7972_c13ccc5@1|com.oplus.metis]
07-29 18:28:10.239  7972  9390 I metis_v2_SceneIntentManager: panta-sugg-IntentDataDTO(intent=IntentDTO=[sceneId=null, intentId=12121002, isExited=true, source=0, ownerId=com.oplus.metis, action=12121002, policyName=TAKEOUT_ORDER_STATUS_CHANGE, serviceId=, sendExitedIntent=false, repeatable=false, sceneScore=-1.0, position=null, level=0, type=1, serviceInstanceId=null, isSupportMultiInstance=false, settingsPreference=null], items=[]) [7f0000011753828048148417807300|p_7300_b6e82e8@1|p_7972_c13ccc5@1|com.oplus.metis]
07-29 18:28:10.240  7972  9390 I ContextAware_MetisStatistics: uploadMetisIntentData enter {intent_source=0, intent_action=14111005, exit_type=, rule_name=UBIQUITOUS_SERVICE#secne#activity_coloros_reminder_tips, service_id=, scene_id=220500200, policy_name=SUBSTITUTE_SCENE, is_exited=false, intent_id=14111005, timestamp=1753828090240} [7f0000011753828048148417807300|p_7300_b6e82e8@1|p_7972_c13ccc5@1|com.oplus.metis]
07-29 18:28:10.240  7972  9390 I ContextAware_PantanalIntentManager: getCloudIntentConfig [7f0000011753828048148417807300|p_7300_b6e82e8@1|p_7972_c13ccc5@1|com.oplus.metis]
07-29 18:28:10.243  1938  4489 I Dpps    : LtmSwState::SetParameter():144 ignore cmd 7 in state LtmOffState
07-29 18:28:10.245  7972  9390 I ContextAware_PantanalIntentManager: getDownLoadConfig [7f0000011753828048148417807300|p_7300_b6e82e8@1|p_7972_c13ccc5@1|com.oplus.metis]
07-29 18:28:10.247  7972 10769 I DeepThinkerSDK: [APP] ClientConnection: getDeepThinkerBridge start
07-29 18:28:10.247  7972 10769 I DeepThinkerSDK: [APP] ClientConnection: getDeepThinkerBridge end
07-29 18:28:10.260  7972  9390 I ContextAware_PantanalIntentManager: selectNewestConfig, assetVersion 202505301103, downloadVersion 202507161101 [7f0000011753828048148417807300|p_7300_b6e82e8@1|p_7972_c13ccc5@1|com.oplus.metis]
07-29 18:28:10.266  7972  9390 I ContextAware_PantanalIntentManager: getCloudIntentConfig, cache cloud intent config [7f0000011753828048148417807300|p_7300_b6e82e8@1|p_7972_c13ccc5@1|com.oplus.metis]
07-29 18:28:10.266  7972  9390 I ContextAware_PantanalIntentLruCache: create, key=14111004-CLEAN_STORAGE, create time=26 LruCache[maxSize=120,hits=200,misses=5,hitRate=97%] cacheSize=15 [7f0000011753828048148417807300|p_7300_b6e82e8@1|p_7972_c13ccc5@1|com.oplus.metis]
07-29 18:28:10.266  7972  9390 I ContextAware_DecisionIntentProvider: uriPath:/negative_screen [7f0000011753828048148417807300|p_7300_b6e82e8@1|p_7972_c13ccc5@1|com.oplus.metis]
07-29 18:28:10.266  7972 10308 E ContextAware_SortAlgorithmManager.ReorderProcessor.GuaranteedIntentManager: removeExternalIntent mExternalGuaranteedList invalid
07-29 18:28:10.266  7972 10664 E ContextAware_SortAlgorithmManager.ReorderProcessor.GuaranteedIntentManager: removeExternalIntent mExternalGuaranteedList invalid
07-29 18:28:10.266  7972  9390 I ContextAware_DecisionIntentProvider: mAssistantScreenList:[] [7f0000011753828048148417807300|p_7300_b6e82e8@1|p_7972_c13ccc5@1|com.oplus.metis]
07-29 18:28:10.266  7972 10664 E ContextAware_SortAlgorithmManager.ReorderProcessor.GuaranteedIntentManager: removeExternalIntent mExternalGuaranteedList invalid
07-29 18:28:10.266  7972  9390 I DataCollector_SortAlgorithmManager.SortCommonUtil: mIntentList is empty. [7f0000011753828048148417807300|p_7300_b6e82e8@1|p_7972_c13ccc5@1|com.oplus.metis]
07-29 18:28:10.266  7972 10414 I ContextAware_ContextAware_SortAlgorithmManager.SendMsg: Log Segmented Print(1):sortForBatchRemoveIntentChange pantanalIntentList = [PantanalIntent(sceneId=210000000, intentId=12121002, policyName='TAKEOUT_ORDER_STATUS_CHANGE', sceneInstanceId=null, intentSrc=0, finalScore=-1.0, subDomain='takeout', action='pantanal.intent.takeout.VIEW_ORDER_PROGRESS', defaultScore=11.0, sortable=false, paramsFromUserPolicy=ParamsFromUserPolicy(exposureArgs=[], exposureFunc=-1, clickArgs=[], clickFunc=-1, timeArgs=[], timeFunc=-1, delayExposureArgs=null, delayClickArgs=null), cannotReduceRecommend=false, reduceReplaceKey=, isUnrecoverable=false, dropRepeatKey=, dropRepeatMode=-1, paramsFromService=content-length:2, isParamsSendToSeedling=false, forceRebuildSeedling=false, seedlingUiPolicy=0, paramsFromHabit=null, serviceList=null, serviceSelectPolicy=0, serviceSelectWeight=null, serviceId=, serviceIdFrom=null, recallScore=null, rankScore=-1.0, rerankScore=-1.0, requestId=null, userPolicyScore=-1.0, domain='life_service', cloudExtInfo=null, operation=1, showCount=0, clickCount=0, exposureTime=0, dtExperimentParams=null, createTime=1753828090266, lastUpdateTime=1753828090266, expireTime=240, , originalUpdateTime=1753828090266, sortRelatedId=0, addRelatedId=0, decisionHistoryList=null, businessData=null, cardOptions=null, instanceId=null, protectEnable=true, protectPolicy=ProtectPolicy(event=0, initialDuration=7, deltaDuration=3, startRatio=70, endRatio=10, stepRatio=20), addMinProb=0.4, probAdj=1.0, lastSortType=0, configVersion=202507161101, algorithmVersion=, recommendServiceList=null, removeTriggerValue=0.2, algorithmTimeRule=[], ruleRemoveByAlgorithm=false, containServiceId=false, dropRepeatType=0, dropRepeatScore=0, delayDismiss=0, attenuationType=-1, attenuationFunc=-1, shouldFocus=false, focusTimestamp=null, orderID=null, serviceTimeStamp=0, serviceInstanceId=null, showType=0,delayExposureTimestamp=0, delayClickTimestamp=0, isSupportMultiInstance=false, , PantanalIntent(sceneId=null, intentId=14111004, policyName='CLEAN_STORAGE', sceneInstanceId=null, intentSrc=0, finalScore=-1.0, subDomain='clear_memory', action='pantanal.intent.system.CLEAN_UP_STORAGE', defaultScore=0.8, sortable=true, paramsFromUserPolicy=ParamsFromUserPolicy(exposureArgs=[20.0, 5.0], exposureFunc=2, clickArgs=[2.0], clickFunc=1, timeArgs=[], timeFunc=-1, delayExposureArgs=null, delayClickArgs=null), cannotReduceRecommend=false, reduceReplaceKey=, isUnrecoverable=false, dropRepeatKey=, dropRepeatMode=-1, paramsFromService=content-length:2, isParamsSendToSeedling=false, forceRebuildSeedling=false, seedlingUiPolicy=0, paramsFromHabit=null, serviceList=null, serviceSelectPolicy=0, serviceSelectWeight=null, serviceId=, serviceIdFrom=null, recallScore=null, rankScore=-1.0, rerankScore=-1.0, requestId=null, userPolicyScore=-1.0, domain='system_settings', cloudExtInfo=null, operation=1, showCount=0, clickCount=0, exposureTime=0, dtExperimentParams=null, createTime=1753828090266, lastUpdateTime=1753828090266, expireTime=240, , originalUpdateTime=1753828090266, sortRelatedId=100710040000, addRelatedId=0, decisionHistoryList=null, businessData=null, cardOptions=null, instanceId=null, protectEnable=true, protectPolicy=ProtectPolicy(event=0, initialDuration=0, deltaDuration=1, startRatio=20, endRatio=5, stepRatio=5), addMinProb=0.4, probAdj=1.0, lastSortType=0, configVersion=202507161101, algorithmVersion=, recommendServiceList=null, removeTriggerValue=0.2, algorithmTimeRule=[], ruleRemoveByAlgorithm=false, containServiceId=false, dropRepeatType=0, dropRepeatScore=0, delayDismiss=0, attenuationType=-1, attenuationFunc=-1, shouldFocus=false, focusTimestamp=null, orderID=null, serviceTimeStamp=0, serviceInstanceId=null, showType=0,delayExposureTimestamp=0, delayClickTimestamp=0, isSupportMultiInstance=false, , PantanalIntent(sceneId=null, intentId=12121002, policyName='TAKEOUT_ORDER_STATUS_CHANGE', sceneInstanceId=null, intentSrc=0, finalScore=-1.0, subDomain='takeout', action='pantanal.intent.takeout.VIEW_ORDER_PROGRESS', defaultScore=11.0,
07-29 18:28:10.266  7972 10414 I ContextAware_ContextAware_SortAlgorithmManager.SendMsg: Log Segmented Print(2): sortable=false, paramsFromUserPolicy=ParamsFromUserPolicy(exposureArgs=[], exposureFunc=-1, clickArgs=[], clickFunc=-1, timeArgs=[], timeFunc=-1, delayExposureArgs=null, delayClickArgs=null), cannotReduceRecommend=false, reduceReplaceKey=, isUnrecoverable=false, dropRepeatKey=, dropRepeatMode=-1, paramsFromService=content-length:2, isParamsSendToSeedling=false, forceRebuildSeedling=false, seedlingUiPolicy=0, paramsFromHabit=null, serviceList=null, serviceSelectPolicy=0, serviceSelectWeight=null, serviceId=, serviceIdFrom=null, recallScore=null, rankScore=-1.0, rerankScore=-1.0, requestId=null, userPolicyScore=-1.0, domain='life_service', cloudExtInfo=null, operation=1, showCount=0, clickCount=0, exposureTime=0, dtExperimentParams=null, createTime=1753828090266, lastUpdateTime=1753828090266, expireTime=240, , originalUpdateTime=1753828090266, sortRelatedId=0, addRelatedId=0, decisionHistoryList=null, businessData=null, cardOptions=null, instanceId=null, protectEnable=true, protectPolicy=ProtectPolicy(event=0, initialDuration=7, deltaDuration=3, startRatio=70, endRatio=10, stepRatio=20), addMinProb=0.4, probAdj=1.0, lastSortType=0, configVersion=202507161101, algorithmVersion=, recommendServiceList=null, removeTriggerValue=0.2, algorithmTimeRule=[], ruleRemoveByAlgorithm=false, containServiceId=false, dropRepeatType=0, dropRepeatScore=0, delayDismiss=0, attenuationType=-1, attenuationFunc=-1, shouldFocus=false, focusTimestamp=null, orderID=null, serviceTimeStamp=0, serviceInstanceId=null, showType=0,delayExposureTimestamp=0, delayClickTimestamp=0, isSupportMultiInstance=false, ]
07-29 18:28:10.266  7972 10414 I ContextAware_SortAlgorithmManager.SendMsg: sortForBatchRemoveIntentChange : batchIntentList is empty Just return
