07-28 03:53:49.180  1913  3466 I SDM     : CasQcPlugIn::ProcessPerCompGainOppo: gain --------------------------------
07-28 03:53:49.180  1913  3466 I SDM     : CasQcPlugIn::ProcessPerCompGainOppo: old: 0 0 0 237 458 732 1873 3072
07-28 03:53:49.180  1913  3466 I SDM     : CasQcPlugIn::ProcessPerCompGainOppo: new: 0 0 0 167 386 617 1580 2592
07-28 03:53:49.180  1913  3466 I SDM     : CasQcPlugIn::ProcessPerCompGainOppo: gains print end =======================
07-28 03:53:49.190  1913  3466 I SDM     : DemuraIntfImpl::StageAllData: Staged all data to Demura Driver!
07-28 03:53:49.191  1913  3466 I SDM     : HWPeripheralDRM::SetPanelFeature: Set Panel feature property 19
07-28 03:53:49.191  1913  3466 I SDM     : HWPeripheralDRM::SetPanelFeature: Set Panel feature property 7
07-28 03:53:49.191  1913  3466 I SDM     : DisplayBuiltIn::TriggerDemuraOemPlugIn: Trigger demura oem plugin success
07-28 03:53:49.191  1913  2217 I SDM     : DRMPanelFeatureMgr::ApplyDirtyFeature: Commited panel feature [enabled]: 20-272
07-28 03:53:49.191  1913  2217 I SDM     : DRMPanelFeatureMgr::ApplyDirtyFeature: Commited panel feature [enabled]: 8-271
07-28 03:53:49.271  1820  1928 I sensors-hal: send_brightness:991, light_iface: send_cfg, br 224, dc 0, power on 1, val 131296
07-28 03:53:49.271  1913  3466 I CasManager: DBV changed from 225 to 224
07-28 03:53:49.271  1913  3466 I CasManager: DBV changed, but bin id not change, so trigger gain
07-28 03:53:49.271  1913  3466 W SDM     : DemuraIntfImpl::ProcessOemPluginGain: Thermal intf_ is nullptr 0, default to 25 degree
07-28 03:53:49.271  1913  3466 I SDM     : CasQcPlugIn::ProcessPerCompGainOppo: input params, mode:PWM, fps:120, dbv:224
07-28 03:53:49.271  1913  3466 I SDM     : CasQcPlugIn::ProcessPerCompGainOppo: normalized bright_adj:1024, dbv:224, bin_dbv:19, 
07-28 03:53:49.271  1913  3466 I SDM     : CasQcPlugIn::ProcessPerCompGainOppo: gains print start =====================
07-28 03:53:49.271  1913  3466 I SDM     : CasQcPlugIn::ProcessPerCompGainOppo: gain --------------------------------
07-28 03:53:49.271  1913  3466 I SDM     : CasQcPlugIn::ProcessPerCompGainOppo: old: 0 0 0 203 371 784 1439 3072
07-28 03:53:49.271  1913  3466 I SDM     : CasQcPlugIn::ProcessPerCompGainOppo: new: 0 0 0 143 262 555 1019 2602
07-28 03:53:49.271  1913  3466 I SDM     : CasQcPlugIn::ProcessPerCompGainOppo: gain --------------------------------
07-28 03:53:49.271  1913  3466 I SDM     : CasQcPlugIn::ProcessPerCompGainOppo: old: 0 0 0 165 279 566 1531 3072
07-28 03:53:49.271  1913  3466 I SDM     : CasQcPlugIn::ProcessPerCompGainOppo: new: 0 0 0 116 178 400 1084 2602
07-28 03:53:49.271  1913  3466 I SDM     : CasQcPlugIn::ProcessPerCompGainOppo: gain --------------------------------
07-28 03:53:49.271  1913  3466 I SDM     : CasQcPlugIn::ProcessPerCompGainOppo: old: 0 0 0 237 458 732 1873 3072
07-28 03:53:49.271  1913  3466 I SDM     : CasQcPlugIn::ProcessPerCompGainOppo: new: 0 0 0 167 388 620 1586 2602
07-28 03:53:49.271  1913  3466 I SDM     : CasQcPlugIn::ProcessPerCompGainOppo: gains print end =======================
07-28 03:53:49.276  1913  3466 I SDM     : DemuraIntfImpl::StageAllData: Staged all data to Demura Driver!
07-28 03:53:49.276  1913  3466 I SDM     : HWPeripheralDRM::SetPanelFeature: Set Panel feature property 19
07-28 03:53:49.276  1913  3466 I SDM     : HWPeripheralDRM::SetPanelFeature: Set Panel feature property 7
07-28 03:53:49.276  1913  3466 I SDM     : DisplayBuiltIn::TriggerDemuraOemPlugIn: Trigger demura oem plugin success
07-28 03:53:49.280  1913  2217 I SDM     : DRMPanelFeatureMgr::ApplyDirtyFeature: Commited panel feature [enabled]: 20-272
07-28 03:53:49.280  1913  2217 I SDM     : DRMPanelFeatureMgr::ApplyDirtyFeature: Commited panel feature [enabled]: 8-271
07-28 03:53:49.296  1820  1928 I sensors-hal: send_brightness:991, light_iface: send_cfg, br 221, dc 0, power on 1, val 131293
07-28 03:53:49.296  1913  3466 I CasManager: DBV changed from 224 to 221
07-28 03:53:49.296  1913  3466 I CasManager: DBV changed, but bin id not change, so trigger gain
07-28 03:53:49.296  1913  3466 W SDM     : DemuraIntfImpl::ProcessOemPluginGain: Thermal intf_ is nullptr 0, default to 25 degree
07-28 03:53:49.296  1913  3466 I SDM     : CasQcPlugIn::ProcessPerCompGainOppo: input params, mode:PWM, fps:120, dbv:221
07-28 03:53:49.296  1913  3466 I SDM     : CasQcPlugIn::ProcessPerCompGainOppo: normalized bright_adj:1024, dbv:221, bin_dbv:19, 
07-28 03:53:49.297  1913  3466 I SDM     : CasQcPlugIn::ProcessPerCompGainOppo: gains print start =====================
07-28 03:53:49.297  1913  3466 I SDM     : CasQcPlugIn::ProcessPerCompGainOppo: gain --------------------------------
07-28 03:53:49.297  1913  3466 I SDM     : CasQcPlugIn::ProcessPerCompGainOppo: old: 0 0 0 203 371 784 1439 3072
07-28 03:53:49.297  1913  3466 I SDM     : CasQcPlugIn::ProcessPerCompGainOppo: new: 0 0 0 145 265 560 1028 2634
07-28 03:53:49.297  1913  3466 I SDM     : CasQcPlugIn::ProcessPerCompGainOppo: gain --------------------------------
07-28 03:53:49.297  1913  3466 I SDM     : CasQcPlugIn::ProcessPerCompGainOppo: old: 0 0 0 165 279 566 1531 3072
07-28 03:53:49.297  1913  3466 I SDM     : CasQcPlugIn::ProcessPerCompGainOppo: new: 0 0 0 117 179 404 1094 2634
07-28 03:53:49.297  1913  3466 I SDM     : CasQcPlugIn::ProcessPerCompGainOppo: gain --------------------------------
07-28 03:53:49.297  1913  3466 I SDM     : CasQcPlugIn::ProcessPerCompGainOppo: old: 0 0 0 237 458 732 1873 3072
07-28 03:53:49.297  1913  3466 I SDM     : CasQcPlugIn::ProcessPerCompGainOppo: new: 0 0 0 169 392 627 1606 2634
07-28 03:53:49.297  1913  3466 I SDM     : CasQcPlugIn::ProcessPerCompGainOppo: gains print end =======================
07-28 03:53:49.306  1913  3466 I SDM     : DemuraIntfImpl::StageAllData: Staged all data to Demura Driver!
07-28 03:53:49.306  1913  3466 I SDM     : HWPeripheralDRM::SetPanelFeature: Set Panel feature property 19
07-28 03:53:49.306  1913  3466 I SDM     : HWPeripheralDRM::SetPanelFeature: Set Panel feature property 7
07-28 03:53:49.306  1913  3466 I SDM     : DisplayBuiltIn::TriggerDemuraOemPlugIn: Trigger demura oem plugin success
07-28 03:53:49.306  1913  2217 I SDM     : DRMPanelFeatureMgr::ApplyDirtyFeature: Commited panel feature [enabled]: 20-272
07-28 03:53:49.306  1913  2217 I SDM     : DRMPanelFeatureMgr::ApplyDirtyFeature: Commited panel feature [enabled]: 8-271
07-28 03:53:49.335  1993  2025 D BatteryChargeControl: bcc get no support from charging protocol
07-28 03:53:49.362  1820  1928 I sensors-hal: send_brightness:991, light_iface: send_cfg, br 218, dc 0, power on 1, val 131290
07-28 03:53:49.363  1913  3466 I CasManager: DBV changed from 221 to 218
07-28 03:53:49.363  1913  3466 I CasManager: DBV changed, but bin id not change, so trigger gain
07-28 03:53:49.363  1913  3466 W SDM     : DemuraIntfImpl::ProcessOemPluginGain: Thermal intf_ is nullptr 0, default to 25 degree
07-28 03:53:49.363  1913  3466 I SDM     : CasQcPlugIn::ProcessPerCompGainOppo: input params, mode:PWM, fps:120, dbv:218
07-28 03:53:49.363  1913  3466 I SDM     : CasQcPlugIn::ProcessPerCompGainOppo: normalized bright_adj:1024, dbv:218, bin_dbv:19, 
07-28 03:53:49.363  1913  3466 I SDM     : CasQcPlugIn::ProcessPerCompGainOppo: gains print start =====================
07-28 03:53:49.363  1913  3466 I SDM     : CasQcPlugIn::ProcessPerCompGainOppo: gain --------------------------------
07-28 03:53:49.363  1913  3466 I SDM     : CasQcPlugIn::ProcessPerCompGainOppo: old: 0 0 0 203 371 784 1439 3072
07-28 03:53:49.363  1913  3466 I SDM     : CasQcPlugIn::ProcessPerCompGainOppo: new: 0 0 0 146 267 565 1037 2666
07-28 03:53:49.363  1913  3466 I SDM     : CasQcPlugIn::ProcessPerCompGainOppo: gain --------------------------------
07-28 03:53:49.363  1913  3466 I SDM     : CasQcPlugIn::ProcessPerCompGainOppo: old: 0 0 0 165 279 566 1531 3072
07-28 03:53:49.363  1913  3466 I SDM     : CasQcPlugIn::ProcessPerCompGainOppo: new: 0 0 0 118 180 407 1103 2666
07-28 03:53:49.363  1913  3466 I SDM     : CasQcPlugIn::ProcessPerCompGainOppo: gain --------------------------------
07-28 03:53:49.363  1913  3466 I SDM     : CasQcPlugIn::ProcessPerCompGainOppo: old: 0 0 0 237 458 732 1873 3072
07-28 03:53:49.363  1913  3466 I SDM     : CasQcPlugIn::ProcessPerCompGainOppo: new: 0 0 0 170 397 635 1625 2666
07-28 03:53:49.363  1913  3466 I SDM     : CasQcPlugIn::ProcessPerCompGainOppo: gains print end =======================
07-28 03:53:49.363  1983  1983 D SensorFeature: name=ssc_screenshot_info ,index = 22
07-28 03:53:49.363  1983  1983 D SensorFeature: write 29 bytes:47010045970,52800846072,142,0
07-28 03:53:49.372  1913  3466 I SDM     : DemuraIntfImpl::StageAllData: Staged all data to Demura Driver!
07-28 03:53:49.372  1913  3466 I SDM     : HWPeripheralDRM::SetPanelFeature: Set Panel feature property 19
07-28 03:53:49.372  1913  3466 I SDM     : HWPeripheralDRM::SetPanelFeature: Set Panel feature property 7
07-28 03:53:49.372  1913  3466 I SDM     : DisplayBuiltIn::TriggerDemuraOemPlugIn: Trigger demura oem plugin success
07-28 03:53:49.373  1913  2217 I SDM     : DRMPanelFeatureMgr::ApplyDirtyFeature: Commited panel feature [enabled]: 20-272
07-28 03:53:49.373  1913  2217 I SDM     : DRMPanelFeatureMgr::ApplyDirtyFeature: Commited panel feature [enabled]: 8-271
07-28 03:53:49.396  1820  1928 I sensors-hal: send_brightness:991, light_iface: send_cfg, br 217, dc 0, power on 1, val 131289
07-28 03:53:49.396  1913  3466 I CasManager: DBV changed from 218 to 217
07-28 03:53:49.396  1913  3466 I CasManager: DBV changed, but bin id not change, so trigger gain
07-28 03:53:49.396  1913  3466 W SDM     : DemuraIntfImpl::ProcessOemPluginGain: Thermal intf_ is nullptr 0, default to 25 degree
07-28 03:53:49.396  1913  3466 I SDM     : CasQcPlugIn::ProcessPerCompGainOppo: input params, mode:PWM, fps:120, dbv:217
07-28 03:53:49.396  1913  3466 I SDM     : CasQcPlugIn::ProcessPerCompGainOppo: normalized bright_adj:1024, dbv:217, bin_dbv:19, 
07-28 03:53:49.396  1913  3466 I SDM     : CasQcPlugIn::ProcessPerCompGainOppo: gains print start =====================
07-28 03:53:49.396  1913  3466 I SDM     : CasQcPlugIn::ProcessPerCompGainOppo: gain --------------------------------
07-28 03:53:49.396  1913  3466 I SDM     : CasQcPlugIn::ProcessPerCompGainOppo: old: 0 0 0 203 371 784 1439 3072
07-28 03:53:49.396  1913  3466 I SDM     : CasQcPlugIn::ProcessPerCompGainOppo: new: 0 0 0 146 268 566 1040 2677
07-28 03:53:49.396  1913  3466 I SDM     : CasQcPlugIn::ProcessPerCompGainOppo: gain --------------------------------
07-28 03:53:49.396  1913  3466 I SDM     : CasQcPlugIn::ProcessPerCompGainOppo: old: 0 0 0 165 279 566 1531 3072
07-28 03:53:49.396  1913  3466 I SDM     : CasQcPlugIn::ProcessPerCompGainOppo: new: 0 0 0 119 180 409 1106 2677
07-28 03:53:49.396  1913  3466 I SDM     : CasQcPlugIn::ProcessPerCompGainOppo: gain --------------------------------
07-28 03:53:49.396  1913  3466 I SDM     : CasQcPlugIn::ProcessPerCompGainOppo: old: 0 0 0 237 458 732 1873 3072
07-28 03:53:49.396  1913  3466 I SDM     : CasQcPlugIn::ProcessPerCompGainOppo: new: 0 0 0 171 399 637 1632 2677
07-28 03:53:49.396  1913  3466 I SDM     : CasQcPlugIn::ProcessPerCompGainOppo: gains print end =======================
07-28 03:53:49.407  1913  3466 I SDM     : DemuraIntfImpl::StageAllData: Staged all data to Demura Driver!
07-28 03:53:49.407  1913  3466 I SDM     : HWPeripheralDRM::SetPanelFeature: Set Panel feature property 19
07-28 03:53:49.407  1913  3466 I SDM     : HWPeripheralDRM::SetPanelFeature: Set Panel feature property 7
07-28 03:53:49.407  1913  3466 I SDM     : DisplayBuiltIn::TriggerDemuraOemPlugIn: Trigger demura oem plugin success
07-28 03:53:49.415  1913  2217 I SDM     : DRMPanelFeatureMgr::ApplyDirtyFeature: Commited panel feature [enabled]: 20-272
07-28 03:53:49.415  1913  2217 I SDM     : DRMPanelFeatureMgr::ApplyDirtyFeature: Commited panel feature [enabled]: 8-271
07-28 03:53:49.437  3418  3788 D Arc[OplusBrightnessPhoneStateManager]: LuxEvent{event:MAIN_LUX lux:0.0} -> LuxEvent{event:MAIN_LUX lux:0.0}
07-28 03:53:49.438  1913  4433 I Dpps    : LtmSwState::SetParameter():144 ignore cmd 7 in state LtmOffState
07-28 03:53:49.454  1820  1928 I sensors-hal: send_brightness:991, light_iface: send_cfg, br 216, dc 0, power on 1, val 131288
07-28 03:53:49.454  1913  3466 I CasManager: DBV changed from 217 to 216
07-28 03:53:49.454  1913  3466 I CasManager: DBV changed, but bin id not change, so trigger gain
07-28 03:53:49.454  1913  3466 W SDM     : DemuraIntfImpl::ProcessOemPluginGain: Thermal intf_ is nullptr 0, default to 25 degree
07-28 03:53:49.454  1913  3466 I SDM     : CasQcPlugIn::ProcessPerCompGainOppo: input params, mode:PWM, fps:120, dbv:216
07-28 03:53:49.454  1913  3466 I SDM     : CasQcPlugIn::ProcessPerCompGainOppo: normalized bright_adj:1024, dbv:216, bin_dbv:19, 
07-28 03:53:49.454  1913  3466 I SDM     : CasQcPlugIn::ProcessPerCompGainOppo: gains print start =====================
07-28 03:53:49.454  1913  3466 I SDM     : CasQcPlugIn::ProcessPerCompGainOppo: gain --------------------------------
07-28 03:53:49.454  1913  3466 I SDM     : CasQcPlugIn::ProcessPerCompGainOppo: old: 0 0 0 203 371 784 1439 3072
07-28 03:53:49.454  1913  3466 I SDM     : CasQcPlugIn::ProcessPerCompGainOppo: new: 0 0 0 147 268 568 1043 2688
07-28 03:53:49.454  1913  3466 I SDM     : CasQcPlugIn::ProcessPerCompGainOppo: gain --------------------------------
07-28 03:53:49.454  1913  3466 I SDM     : CasQcPlugIn::ProcessPerCompGainOppo: old: 0 0 0 165 279 566 1531 3072
07-28 03:53:49.454  1913  3466 I SDM     : CasQcPlugIn::ProcessPerCompGainOppo: new: 0 0 0 119 181 410 1109 2688
07-28 03:53:49.454  1913  3466 I SDM     : CasQcPlugIn::ProcessPerCompGainOppo: gain --------------------------------
07-28 03:53:49.454  1913  3466 I SDM     : CasQcPlugIn::ProcessPerCompGainOppo: old: 0 0 0 237 458 732 1873 3072
07-28 03:53:49.454  1913  3466 I SDM     : CasQcPlugIn::ProcessPerCompGainOppo: new: 0 0 0 171 400 640 1638 2688
07-28 03:53:49.454  1913  3466 I SDM     : CasQcPlugIn::ProcessPerCompGainOppo: gains print end =======================
07-28 03:53:49.464  1913  3466 I SDM     : DemuraIntfImpl::StageAllData: Staged all data to Demura Driver!
07-28 03:53:49.464  1913  3466 I SDM     : HWPeripheralDRM::SetPanelFeature: Set Panel feature property 19
07-28 03:53:49.464  1913  3466 I SDM     : HWPeripheralDRM::SetPanelFeature: Set Panel feature property 7
07-28 03:53:49.464  1913  3466 I SDM     : DisplayBuiltIn::TriggerDemuraOemPlugIn: Trigger demura oem plugin success
07-28 03:53:49.473  1913  2217 I SDM     : DRMPanelFeatureMgr::ApplyDirtyFeature: Commited panel feature [enabled]: 20-272
07-28 03:53:49.473  1913  2217 I SDM     : DRMPanelFeatureMgr::ApplyDirtyFeature: Commited panel feature [enabled]: 8-271
07-28 03:53:49.479  1820  1928 I sensors-hal: send_brightness:991, light_iface: send_cfg, br 215, dc 0, power on 1, val 131287
07-28 03:53:49.479  1913  3466 I CasManager: DBV changed from 216 to 215
07-28 03:53:49.479  1913  3466 I CasManager: DBV changed, but bin id not change, so trigger gain
07-28 03:53:49.479  1913  3466 W SDM     : DemuraIntfImpl::ProcessOemPluginGain: Thermal intf_ is nullptr 0, default to 25 degree
07-28 03:53:49.479  1913  3466 I SDM     : CasQcPlugIn::ProcessPerCompGainOppo: input params, mode:PWM, fps:120, dbv:215
07-28 03:53:49.479  1913  3466 I SDM     : CasQcPlugIn::ProcessPerCompGainOppo: normalized bright_adj:1024, dbv:215, bin_dbv:19, 
07-28 03:53:49.479  1913  3466 I SDM     : CasQcPlugIn::ProcessPerCompGainOppo: gains print start =====================
07-28 03:53:49.479  1913  3466 I SDM     : CasQcPlugIn::ProcessPerCompGainOppo: gain --------------------------------
07-28 03:53:49.479  1913  3466 I SDM     : CasQcPlugIn::ProcessPerCompGainOppo: old: 0 0 0 203 371 784 1439 3072
07-28 03:53:49.479  1913  3466 I SDM     : CasQcPlugIn::ProcessPerCompGainOppo: new: 0 0 0 147 269 570 1046 2698
07-28 03:53:49.479  1913  3466 I SDM     : CasQcPlugIn::ProcessPerCompGainOppo: gain --------------------------------
07-28 03:53:49.512  1820  1928 I sensors-hal: send_brightness:991, light_iface: send_cfg, br 213, dc 0, power on 1, val 131285
07-28 03:53:49.561  1820  1928 I sensors-hal: send_brightness:991, light_iface: send_cfg, br 212, dc 0, power on 1, val 131284
07-28 03:53:49.574  3418  3737 D OomAdjuster: Not killing cached processes
07-28 03:53:49.587  1820  1928 I sensors-hal: send_brightness:991, light_iface: send_cfg, br 210, dc 0, power on 1, val 131282
07-28 03:53:49.628  1820  1928 I sensors-hal: send_brightness:991, light_iface: send_cfg, br 207, dc 0, power on 1, val 131279
07-28 03:53:49.665  1983  1983 D SensorFeature: name=ssc_screenshot_info ,index = 22
07-28 03:53:49.665  1983  1983 D SensorFeature: write 29 bytes:47010045970,53103141280,143,0
07-28 03:53:49.694  1820  1928 I sensors-hal: send_brightness:991, light_iface: send_cfg, br 206, dc 0, power on 1, val 131278
07-28 03:53:49.703  1820  4439 I sensors-hal: handle_oplus_wise_rgb_event:189, high_pwm_light:lux 2.9,cct 5300.0,brl/algo/ir 207.0/2.0/0.0,pwm/dc 0.0/0.0,rgbc 159.439285/149.842361/57.092804/376.069366,ts 53083251505,cnt 750,flag 143
07-28 03:53:49.704  3418  3788 D Arc[OplusBrightnessPhoneStateManager]: LuxEvent{event:MAIN_LUX lux:0.0} -> LuxEvent{event:MAIN_LUX lux:0.0}
07-28 03:53:49.745  1820  1928 I sensors-hal: send_brightness:991, light_iface: send_cfg, br 204, dc 0, power on 1, val 131276
07-28 03:53:49.766  5162  5939 E OplusNetworkStackManager: initService mNetworkStackService is null, try again in 10s
07-28 03:53:49.827  1820  1928 I sensors-hal: send_brightness:991, light_iface: send_cfg, br 202, dc 0, power on 1, val 131274
07-28 03:53:49.861  1820  1928 I sensors-hal: send_brightness:991, light_iface: send_cfg, br 200, dc 0, power on 1, val 131272
07-28 03:53:49.880  1913  2217 W LOG_FLOWCTRL: ==LOGS OVER PROC QUOTA(300), rows(188) bytes(13306) vendor.qti.hardware.display.composer-service DROPPED==
07-28 03:53:49.880  1913  2217 I SDM     : DRMPanelFeatureMgr::ApplyDirtyFeature: Commited panel feature [enabled]: 20-272
07-28 03:53:49.880  1913  2217 I SDM     : DRMPanelFeatureMgr::ApplyDirtyFeature: Commited panel feature [enabled]: 8-271
07-28 03:53:49.886  1913  3466 I CasManager: DBV changed from 200 to 198
07-28 03:53:49.886  1913  3466 I CasManager: DBV changed, but bin id not change, so trigger gain
07-28 03:53:49.886  1820  1928 I sensors-hal: send_brightness:991, light_iface: send_cfg, br 198, dc 0, power on 1, val 131270
07-28 03:53:49.886  1913  3466 W SDM     : DemuraIntfImpl::ProcessOemPluginGain: Thermal intf_ is nullptr 0, default to 25 degree
07-28 03:53:49.886  1913  3466 I SDM     : CasQcPlugIn::ProcessPerCompGainOppo: input params, mode:PWM, fps:120, dbv:198
07-28 03:53:49.886  1913  3466 I SDM     : CasQcPlugIn::ProcessPerCompGainOppo: normalized bright_adj:1024, dbv:198, bin_dbv:19, 
07-28 03:53:49.886  1913  3466 I SDM     : CasQcPlugIn::ProcessPerCompGainOppo: gains print start =====================
07-28 03:53:49.886  1913  3466 I SDM     : CasQcPlugIn::ProcessPerCompGainOppo: gain --------------------------------
07-28 03:53:49.886  1913  3466 I SDM     : CasQcPlugIn::ProcessPerCompGainOppo: old: 0 0 0 203 371 784 1439 3072
07-28 03:53:49.886  1913  3466 I SDM     : CasQcPlugIn::ProcessPerCompGainOppo: new: 0 0 0 154 282 597 1097 2880
07-28 03:53:49.886  1913  3466 I SDM     : CasQcPlugIn::ProcessPerCompGainOppo: gain --------------------------------
07-28 03:53:49.886  1913  3466 I SDM     : CasQcPlugIn::ProcessPerCompGainOppo: old: 0 0 0 165 279 566 1531 3072
07-28 03:53:49.886  1913  3466 I SDM     : CasQcPlugIn::ProcessPerCompGainOppo: new: 0 0 0 125 188 431 1167 2880
07-28 03:53:49.886  1913  3466 I SDM     : CasQcPlugIn::ProcessPerCompGainOppo: gain --------------------------------
07-28 03:53:49.886  1913  3466 I SDM     : CasQcPlugIn::ProcessPerCompGainOppo: old: 0 0 0 237 458 732 1873 3072
07-28 03:53:49.886  1913  3466 I SDM     : CasQcPlugIn::ProcessPerCompGainOppo: new: 0 0 0 180 429 686 1755 2880
07-28 03:53:49.886  1913  3466 I SDM     : CasQcPlugIn::ProcessPerCompGainOppo: gains print end =======================
07-28 03:53:49.894  1820  1928 I sensors-hal: send_brightness:991, light_iface: send_cfg, br 197, dc 0, power on 1, val 131269
07-28 03:53:49.896  1913  3466 I SDM     : DemuraIntfImpl::StageAllData: Staged all data to Demura Driver!
07-28 03:53:49.896  1913  3466 I SDM     : HWPeripheralDRM::SetPanelFeature: Set Panel feature property 19
07-28 03:53:49.896  1913  3466 I SDM     : HWPeripheralDRM::SetPanelFeature: Set Panel feature property 7
07-28 03:53:49.896  1913  3466 I SDM     : DisplayBuiltIn::TriggerDemuraOemPlugIn: Trigger demura oem plugin success
07-28 03:53:49.897  1913  3466 I CasManager: DBV changed from 198 to 197
07-28 03:53:49.897  1913  3466 I CasManager: DBV changed, but bin id not change, so trigger gain
07-28 03:53:49.897  1913  3466 W SDM     : DemuraIntfImpl::ProcessOemPluginGain: Thermal intf_ is nullptr 0, default to 25 degree
07-28 03:53:49.897  1913  3466 I SDM     : CasQcPlugIn::ProcessPerCompGainOppo: input params, mode:PWM, fps:120, dbv:197
07-28 03:53:49.897  1913  3466 I SDM     : CasQcPlugIn::ProcessPerCompGainOppo: normalized bright_adj:1024, dbv:197, bin_dbv:19, 
07-28 03:53:49.897  1913  3466 I SDM     : CasQcPlugIn::ProcessPerCompGainOppo: gains print start =====================
07-28 03:53:49.897  1913  3466 I SDM     : CasQcPlugIn::ProcessPerCompGainOppo: gain --------------------------------
07-28 03:53:49.897  1913  3466 I SDM     : CasQcPlugIn::ProcessPerCompGainOppo: old: 0 0 0 203 371 784 1439 3072
07-28 03:53:49.897  1913  3466 I SDM     : CasQcPlugIn::ProcessPerCompGainOppo: new: 0 0 0 155 283 599 1100 2890
07-28 03:53:49.897  1913  3466 I SDM     : CasQcPlugIn::ProcessPerCompGainOppo: gain --------------------------------
07-28 03:53:49.897  1913  3466 I SDM     : CasQcPlugIn::ProcessPerCompGainOppo: old: 0 0 0 165 279 566 1531 3072
07-28 03:53:49.897  1913  3466 I SDM     : CasQcPlugIn::ProcessPerCompGainOppo: new: 0 0 0 126 188 432 1170 2890
07-28 03:53:49.897  1913  3466 I SDM     : CasQcPlugIn::ProcessPerCompGainOppo: gain --------------------------------
07-28 03:53:49.897  1913  3466 I SDM     : CasQcPlugIn::ProcessPerCompGainOppo: old: 0 0 0 237 458 732 1873 3072
07-28 03:53:49.897  1913  3466 I SDM     : CasQcPlugIn::ProcessPerCompGainOppo: new: 0 0 0 181 430 688 1762 2890
07-28 03:53:49.897  1913  3466 I SDM     : CasQcPlugIn::ProcessPerCompGainOppo: gains print end =======================
07-28 03:53:49.902  1913  2217 I SDM     : DRMPanelFeatureMgr::ApplyDirtyFeature: Commited panel feature [enabled]: 20-272
07-28 03:53:49.902  1913  2217 I SDM     : DRMPanelFeatureMgr::ApplyDirtyFeature: Commited panel feature [enabled]: 8-271
07-28 03:53:49.904  1913  3466 I SDM     : DemuraIntfImpl::StageAllData: Staged all data to Demura Driver!
07-28 03:53:49.904  1913  3466 I SDM     : HWPeripheralDRM::SetPanelFeature: Set Panel feature property 19
07-28 03:53:49.904  1913  3466 I SDM     : HWPeripheralDRM::SetPanelFeature: Set Panel feature property 7
07-28 03:53:49.904  1913  3466 I SDM     : DisplayBuiltIn::TriggerDemuraOemPlugIn: Trigger demura oem plugin success
07-28 03:53:49.912  1913  2217 I SDM     : DRMPanelFeatureMgr::ApplyDirtyFeature: Commited panel feature [enabled]: 20-272
07-28 03:53:49.912  1913  2217 I SDM     : DRMPanelFeatureMgr::ApplyDirtyFeature: Commited panel feature [enabled]: 8-271
07-28 03:53:49.919  1820  1928 I sensors-hal: send_brightness:991, light_iface: send_cfg, br 194, dc 0, power on 1, val 131266
07-28 03:53:49.919  1913  3466 I CasManager: DBV changed from 197 to 194
07-28 03:53:49.919  1913  3466 I CasManager: DBV changed, but bin id not change, so trigger gain
07-28 03:53:49.919  1913  3466 W SDM     : DemuraIntfImpl::ProcessOemPluginGain: Thermal intf_ is nullptr 0, default to 25 degree
07-28 03:53:49.919  1913  3466 I SDM     : CasQcPlugIn::ProcessPerCompGainOppo: input params, mode:PWM, fps:120, dbv:194
07-28 03:53:49.919  1913  3466 I SDM     : CasQcPlugIn::ProcessPerCompGainOppo: normalized bright_adj:1024, dbv:194, bin_dbv:19, 
07-28 03:53:49.919  1913  3466 I SDM     : CasQcPlugIn::ProcessPerCompGainOppo: gains print start =====================
07-28 03:53:49.919  1913  3466 I SDM     : CasQcPlugIn::ProcessPerCompGainOppo: gain --------------------------------
07-28 03:53:49.919  1913  3466 I SDM     : CasQcPlugIn::ProcessPerCompGainOppo: old: 0 0 0 203 371 784 1439 3072
07-28 03:53:49.919  1913  3466 I SDM     : CasQcPlugIn::ProcessPerCompGainOppo: new: 0 0 0 156 285 604 1109 2922
07-28 03:53:49.919  1913  3466 I SDM     : CasQcPlugIn::ProcessPerCompGainOppo: gain --------------------------------
07-28 03:53:49.919  1913  3466 I SDM     : CasQcPlugIn::ProcessPerCompGainOppo: old: 0 0 0 165 279 566 1531 3072
07-28 03:53:49.919  1913  3466 I SDM     : CasQcPlugIn::ProcessPerCompGainOppo: new: 0 0 0 127 189 436 1180 2922
07-28 03:53:49.919  1913  3466 I SDM     : CasQcPlugIn::ProcessPerCompGainOppo: gain --------------------------------
07-28 03:53:49.919  1913  3466 I SDM     : CasQcPlugIn::ProcessPerCompGainOppo: old: 0 0 0 237 458 732 1873 3072
07-28 03:53:49.919  1913  3466 I SDM     : CasQcPlugIn::ProcessPerCompGainOppo: new: 0 0 0 182 435 696 1781 2922
07-28 03:53:49.919  1913  3466 I SDM     : CasQcPlugIn::ProcessPerCompGainOppo: gains print end =======================
07-28 03:53:49.926  1913  3466 I SDM     : DemuraIntfImpl::StageAllData: Staged all data to Demura Driver!
07-28 03:53:49.926  1913  3466 I SDM     : HWPeripheralDRM::SetPanelFeature: Set Panel feature property 19
07-28 03:53:49.926  1913  3466 I SDM     : HWPeripheralDRM::SetPanelFeature: Set Panel feature property 7
07-28 03:53:49.926  1913  3466 I SDM     : DisplayBuiltIn::TriggerDemuraOemPlugIn: Trigger demura oem plugin success
07-28 03:53:49.928  1913  2217 I SDM     : DRMPanelFeatureMgr::ApplyDirtyFeature: Commited panel feature [enabled]: 20-272
07-28 03:53:49.928  1913  2217 I SDM     : DRMPanelFeatureMgr::ApplyDirtyFeature: Commited panel feature [enabled]: 8-271
07-28 03:53:49.966  1983  1983 D SensorFeature: name=ssc_screenshot_info ,index = 22
07-28 03:53:49.967  1983  1983 D SensorFeature: write 29 bytes:47010045970,53404507842,144,0
07-28 03:53:49.970  3418  3788 D Arc[OplusBrightnessPhoneStateManager]: LuxEvent{event:MAIN_LUX lux:0.0} -> LuxEvent{event:MAIN_LUX lux:0.0}
07-28 03:53:49.970  1913  4433 I Dpps    : LtmSwState::SetParameter():144 ignore cmd 7 in state LtmOffState
07-28 03:53:49.977  1820  1928 I sensors-hal: send_brightness:991, light_iface: send_cfg, br 193, dc 0, power on 1, val 131265
07-28 03:53:49.977  1913  3466 I CasManager: DBV changed from 194 to 193
07-28 03:53:49.977  1913  3466 I CasManager: DBV changed, but bin id not change, so trigger gain
07-28 03:53:49.977  1913  3466 W SDM     : DemuraIntfImpl::ProcessOemPluginGain: Thermal intf_ is nullptr 0, default to 25 degree
07-28 03:53:49.977  1913  3466 I SDM     : CasQcPlugIn::ProcessPerCompGainOppo: input params, mode:PWM, fps:120, dbv:193
07-28 03:53:49.977  1913  3466 I SDM     : CasQcPlugIn::ProcessPerCompGainOppo: normalized bright_adj:1024, dbv:193, bin_dbv:19, 
07-28 03:53:49.977  1913  3466 I SDM     : CasQcPlugIn::ProcessPerCompGainOppo: gains print start =====================
07-28 03:53:49.977  1913  3466 I SDM     : CasQcPlugIn::ProcessPerCompGainOppo: gain --------------------------------
07-28 03:53:49.977  1913  3466 I SDM     : CasQcPlugIn::ProcessPerCompGainOppo: old: 0 0 0 203 371 784 1439 3072
07-28 03:53:49.977  1913  3466 I SDM     : CasQcPlugIn::ProcessPerCompGainOppo: new: 0 0 0 156 286 605 1112 2933
07-28 03:53:49.977  1913  3466 I SDM     : CasQcPlugIn::ProcessPerCompGainOppo: gain --------------------------------
07-28 03:53:49.977  1913  3466 I SDM     : CasQcPlugIn::ProcessPerCompGainOppo: old: 0 0 0 165 279 566 1531 3072
07-28 03:53:49.977  1913  3466 I SDM     : CasQcPlugIn::ProcessPerCompGainOppo: new: 0 0 0 127 190 437 1183 2933
07-28 03:53:49.977  1913  3466 I SDM     : CasQcPlugIn::ProcessPerCompGainOppo: gain --------------------------------
07-28 03:53:49.977  1913  3466 I SDM     : CasQcPlugIn::ProcessPerCompGainOppo: old: 0 0 0 237 458 732 1873 3072
07-28 03:53:49.977  1913  3466 I SDM     : CasQcPlugIn::ProcessPerCompGainOppo: new: 0 0 0 183 437 698 1788 2933
07-28 03:53:49.977  1913  3466 I SDM     : CasQcPlugIn::ProcessPerCompGainOppo: gains print end =======================
07-28 03:53:49.988  1913  3466 I SDM     : DemuraIntfImpl::StageAllData: Staged all data to Demura Driver!
07-28 03:53:49.988  1913  3466 I SDM     : HWPeripheralDRM::SetPanelFeature: Set Panel feature property 19
07-28 03:53:49.988  1913  3466 I SDM     : HWPeripheralDRM::SetPanelFeature: Set Panel feature property 7
07-28 03:53:49.988  1913  3466 I SDM     : DisplayBuiltIn::TriggerDemuraOemPlugIn: Trigger demura oem plugin success
07-28 03:53:49.988  1913  2217 I SDM     : DRMPanelFeatureMgr::ApplyDirtyFeature: Commited panel feature [enabled]: 20-272
07-28 03:53:49.988  1913  2217 I SDM     : DRMPanelFeatureMgr::ApplyDirtyFeature: Commited panel feature [enabled]: 8-271
07-28 03:53:50.035  1913  3466 I CasManager: DBV changed from 193 to 191
07-28 03:53:50.035  1913  3466 I CasManager: DBV changed, but bin id not change, so trigger gain
07-28 03:53:50.035  1913  3466 W SDM     : DemuraIntfImpl::ProcessOemPluginGain: Thermal intf_ is nullptr 0, default to 25 degree
07-28 03:53:50.035  1913  3466 I SDM     : CasQcPlugIn::ProcessPerCompGainOppo: input params, mode:PWM, fps:120, dbv:191
07-28 03:53:50.035  1913  3466 I SDM     : CasQcPlugIn::ProcessPerCompGainOppo: normalized bright_adj:1024, dbv:191, bin_dbv:19, 
07-28 03:53:50.035  1913  3466 I SDM     : CasQcPlugIn::ProcessPerCompGainOppo: gains print start =====================
07-28 03:53:50.035  1913  3466 I SDM     : CasQcPlugIn::ProcessPerCompGainOppo: gain --------------------------------
07-28 03:53:50.035  1913  3466 I SDM     : CasQcPlugIn::ProcessPerCompGainOppo: old: 0 0 0 203 371 784 1439 3072
07-28 03:53:50.035  1913  3466 I SDM     : CasQcPlugIn::ProcessPerCompGainOppo: new: 0 0 0 157 288 609 1118 2954
07-28 03:53:50.035  1913  3466 I SDM     : CasQcPlugIn::ProcessPerCompGainOppo: gain --------------------------------
07-28 03:53:50.035  1913  3466 I SDM     : CasQcPlugIn::ProcessPerCompGainOppo: old: 0 0 0 165 279 566 1531 3072
07-28 03:53:50.035  1820  1928 I sensors-hal: send_brightness:991, light_iface: send_cfg, br 191, dc 0, power on 1, val 131263
07-28 03:53:50.035  1913  3466 I SDM     : CasQcPlugIn::ProcessPerCompGainOppo: new: 0 0 0 128 191 439 1189 2954
07-28 03:53:50.035  1913  3466 I SDM     : CasQcPlugIn::ProcessPerCompGainOppo: gain --------------------------------
07-28 03:53:50.035  1913  3466 I SDM     : CasQcPlugIn::ProcessPerCompGainOppo: old: 0 0 0 237 458 732 1873 3072
07-28 03:53:50.035  1913  3466 I SDM     : CasQcPlugIn::ProcessPerCompGainOppo: new: 0 0 0 184 440 704 1801 2954
07-28 03:53:50.035  1913  3466 I SDM     : CasQcPlugIn::ProcessPerCompGainOppo: gains print end =======================
07-28 03:53:50.045  1913  3466 I SDM     : DemuraIntfImpl::StageAllData: Staged all data to Demura Driver!
07-28 03:53:50.045  1913  3466 I SDM     : HWPeripheralDRM::SetPanelFeature: Set Panel feature property 19
07-28 03:53:50.045  1913  3466 I SDM     : HWPeripheralDRM::SetPanelFeature: Set Panel feature property 7
07-28 03:53:50.045  1913  3466 I SDM     : DisplayBuiltIn::TriggerDemuraOemPlugIn: Trigger demura oem plugin success
07-28 03:53:50.051  1913  2217 I SDM     : DRMPanelFeatureMgr::ApplyDirtyFeature: Commited panel feature [enabled]: 20-272
07-28 03:53:50.052  1913  2217 I SDM     : DRMPanelFeatureMgr::ApplyDirtyFeature: Commited panel feature [enabled]: 8-271
07-28 03:53:50.068  1913  3466 I CasManager: DBV changed from 191 to 190
07-28 03:53:50.068  1820  1928 I sensors-hal: send_brightness:991, light_iface: send_cfg, br 190, dc 0, power on 1, val 131262
07-28 03:53:50.069  1913  3466 I CasManager: DBV changed, but bin id not change, so trigger gain
07-28 03:53:50.069  1913  3466 W SDM     : DemuraIntfImpl::ProcessOemPluginGain: Thermal intf_ is nullptr 0, default to 25 degree
07-28 03:53:50.069  1913  3466 I SDM     : CasQcPlugIn::ProcessPerCompGainOppo: input params, mode:PWM, fps:120, dbv:190
07-28 03:53:50.069  1913  3466 I SDM     : CasQcPlugIn::ProcessPerCompGainOppo: normalized bright_adj:1024, dbv:190, bin_dbv:19, 
07-28 03:53:50.069  1913  3466 I SDM     : CasQcPlugIn::ProcessPerCompGainOppo: gains print start =====================
07-28 03:53:50.069  1913  3466 I SDM     : CasQcPlugIn::ProcessPerCompGainOppo: gain --------------------------------
07-28 03:53:50.069  1913  3466 I SDM     : CasQcPlugIn::ProcessPerCompGainOppo: old: 0 0 0 203 371 784 1439 3072
07-28 03:53:50.069  1913  3466 I SDM     : CasQcPlugIn::ProcessPerCompGainOppo: new: 0 0 0 158 289 610 1121 2965
07-28 03:53:50.069  1913  3466 I SDM     : CasQcPlugIn::ProcessPerCompGainOppo: gain --------------------------------
07-28 03:53:50.069  1913  3466 I SDM     : CasQcPlugIn::ProcessPerCompGainOppo: old: 0 0 0 165 279 566 1531 3072
07-28 03:53:50.069  1913  3466 I SDM     : CasQcPlugIn::ProcessPerCompGainOppo: new: 0 0 0 128 191 441 1192 2965
07-28 03:53:50.069  1913  3466 I SDM     : CasQcPlugIn::ProcessPerCompGainOppo: gain --------------------------------
07-28 03:53:50.069  1913  3466 I SDM     : CasQcPlugIn::ProcessPerCompGainOppo: old: 0 0 0 237 458 732 1873 3072
07-28 03:53:50.069  1913  3466 I SDM     : CasQcPlugIn::ProcessPerCompGainOppo: new: 0 0 0 184 442 706 1807 2965
07-28 03:53:50.069  1913  3466 I SDM     : CasQcPlugIn::ProcessPerCompGainOppo: gains print end =======================
07-28 03:53:50.080  1913  3466 I SDM     : DemuraIntfImpl::StageAllData: Staged all data to Demura Driver!
07-28 03:53:50.080  1913  3466 I SDM     : HWPeripheralDRM::SetPanelFeature: Set Panel feature property 19
07-28 03:53:50.080  1913  3466 I SDM     : HWPeripheralDRM::SetPanelFeature: Set Panel feature property 7
07-28 03:53:50.080  1913  3466 I SDM     : DisplayBuiltIn::TriggerDemuraOemPlugIn: Trigger demura oem plugin success
07-28 03:53:50.085  1913  2217 I SDM     : DRMPanelFeatureMgr::ApplyDirtyFeature: Commited panel feature [enabled]: 20-272
07-28 03:53:50.085  1913  2217 I SDM     : DRMPanelFeatureMgr::ApplyDirtyFeature: Commited panel feature [enabled]: 8-271
07-28 03:53:50.085  1993  7281 D charge_time: type=sdp,reserve_soc=2,soc=34,ui_soc=35,current=117,avg=126,not_chg_cnt=0,stable_cnt=7,fcc=5724,fcc_ratio=94,delta=38,debug=0,region=18,ttf=49865(13:51:05),ui_ttf=25844(07:10:44)
07-28 03:53:50.124  1820  1928 I sensors-hal: send_brightness:991, light_iface: send_cfg, br 187, dc 0, power on 1, val 131259
07-28 03:53:50.125  1913  3466 I CasManager: DBV changed from 190 to 187
07-28 03:53:50.125  1913  3466 I CasManager: DBV changed, but bin id not change, so trigger gain
07-28 03:53:50.125  1913  3466 W SDM     : DemuraIntfImpl::ProcessOemPluginGain: Thermal intf_ is nullptr 0, default to 25 degree
07-28 03:53:50.125  1913  3466 I SDM     : CasQcPlugIn::ProcessPerCompGainOppo: input params, mode:PWM, fps:120, dbv:187
07-28 03:53:50.125  1913  3466 I SDM     : CasQcPlugIn::ProcessPerCompGainOppo: normalized bright_adj:1024, dbv:187, bin_dbv:19, 
07-28 03:53:50.125  1913  3466 I SDM     : CasQcPlugIn::ProcessPerCompGainOppo: gains print start =====================
07-28 03:53:50.125  1913  3466 I SDM     : CasQcPlugIn::ProcessPerCompGainOppo: gain --------------------------------
07-28 03:53:50.125  1913  3466 I SDM     : CasQcPlugIn::ProcessPerCompGainOppo: old: 0 0 0 203 371 784 1439 3072
07-28 03:53:50.125  1913  3466 I SDM     : CasQcPlugIn::ProcessPerCompGainOppo: new: 0 0 0 159 291 615 1130 2997
07-28 03:53:50.125  1913  3466 I SDM     : CasQcPlugIn::ProcessPerCompGainOppo: gain --------------------------------
07-28 03:53:50.125  1913  3466 I SDM     : CasQcPlugIn::ProcessPerCompGainOppo: old: 0 0 0 165 279 566 1531 3072
07-28 03:53:50.125  1913  3466 I SDM     : CasQcPlugIn::ProcessPerCompGainOppo: new: 0 0 0 129 192 444 1202 2997
07-28 03:53:50.125  1913  3466 I SDM     : CasQcPlugIn::ProcessPerCompGainOppo: gain --------------------------------
07-28 03:53:50.125  1913  3466 I SDM     : CasQcPlugIn::ProcessPerCompGainOppo: old: 0 0 0 237 458 732 1873 3072
07-28 03:53:50.125  1913  3466 I SDM     : CasQcPlugIn::ProcessPerCompGainOppo: new: 0 0 0 186 446 714 1827 2997
07-28 03:53:50.125  1913  3466 I SDM     : CasQcPlugIn::ProcessPerCompGainOppo: gains print end =======================
07-28 03:53:50.133  1913  3466 I SDM     : DemuraIntfImpl::StageAllData: Staged all data to Demura Driver!
07-28 03:53:50.133  1913  3466 I SDM     : HWPeripheralDRM::SetPanelFeature: Set Panel feature property 19
07-28 03:53:50.133  1913  3466 I SDM     : HWPeripheralDRM::SetPanelFeature: Set Panel feature property 7
07-28 03:53:50.133  1913  3466 I SDM     : DisplayBuiltIn::TriggerDemuraOemPlugIn: Trigger demura oem plugin success
07-28 03:53:50.135  1913  2217 I SDM     : DRMPanelFeatureMgr::ApplyDirtyFeature: Commited panel feature [enabled]: 20-272
07-28 03:53:50.135  1913  2217 I SDM     : DRMPanelFeatureMgr::ApplyDirtyFeature: Commited panel feature [enabled]: 8-271
07-28 03:53:50.140  1820  1928 I sensors-hal: send_brightness:991, light_iface: send_cfg, br 186, dc 0, power on 1, val 131258
07-28 03:53:50.141  1913  3466 I CasManager: DBV changed from 187 to 186
07-28 03:53:50.141  1913  3466 I CasManager: DBV changed, but bin id not change, so trigger gain
07-28 03:53:50.141  1913  3466 W SDM     : DemuraIntfImpl::ProcessOemPluginGain: Thermal intf_ is nullptr 0, default to 25 degree
07-28 03:53:50.141  1913  3466 I SDM     : CasQcPlugIn::ProcessPerCompGainOppo: input params, mode:PWM, fps:120, dbv:186
07-28 03:53:50.141  1913  3466 I SDM     : CasQcPlugIn::ProcessPerCompGainOppo: normalized bright_adj:1024, dbv:186, bin_dbv:19, 
07-28 03:53:50.141  1913  3466 I SDM     : CasQcPlugIn::ProcessPerCompGainOppo: gains print start =====================
07-28 03:53:50.141  1913  3466 I SDM     : CasQcPlugIn::ProcessPerCompGainOppo: gain --------------------------------
07-28 03:53:50.141  1913  3466 I SDM     : CasQcPlugIn::ProcessPerCompGainOppo: old: 0 0 0 203 371 784 1439 3072
07-28 03:53:50.141  1913  3466 I SDM     : CasQcPlugIn::ProcessPerCompGainOppo: new: 0 0 0 159 292 617 1133 3008
07-28 03:53:50.141  1913  3466 I SDM     : CasQcPlugIn::ProcessPerCompGainOppo: gain --------------------------------
07-28 03:53:50.141  1913  3466 I SDM     : CasQcPlugIn::ProcessPerCompGainOppo: old: 0 0 0 165 279 566 1531 3072
07-28 03:53:50.141  1913  3466 I SDM     : CasQcPlugIn::ProcessPerCompGainOppo: new: 0 0 0 129 192 445 1205 3008
07-28 03:53:50.141  1913  3466 I SDM     : CasQcPlugIn::ProcessPerCompGainOppo: gain --------------------------------
07-28 03:53:50.141  1913  3466 I SDM     : CasQcPlugIn::ProcessPerCompGainOppo: old: 0 0 0 237 458 732 1873 3072
07-28 03:53:50.141  1913  3466 I SDM     : CasQcPlugIn::ProcessPerCompGainOppo: new: 0 0 0 186 448 716 1833 3008
07-28 03:53:50.141  1913  3466 I SDM     : CasQcPlugIn::ProcessPerCompGainOppo: gains print end =======================
07-28 03:53:50.147  1913  3466 I SDM     : DemuraIntfImpl::StageAllData: Staged all data to Demura Driver!
07-28 03:53:50.147  1913  3466 I SDM     : HWPeripheralDRM::SetPanelFeature: Set Panel feature property 19
07-28 03:53:50.148  1913  3466 I SDM     : HWPeripheralDRM::SetPanelFeature: Set Panel feature property 7
07-28 03:53:50.148  1913  3466 I SDM     : DisplayBuiltIn::TriggerDemuraOemPlugIn: Trigger demura oem plugin success
07-28 03:53:50.151  1913  2217 I SDM     : DRMPanelFeatureMgr::ApplyDirtyFeature: Commited panel feature [enabled]: 20-272
07-28 03:53:50.151  1913  2217 I SDM     : DRMPanelFeatureMgr::ApplyDirtyFeature: Commited panel feature [enabled]: 8-271
07-28 03:53:50.164  1701  1750 E TetherController: property_get sys.radio.data.modem_share_flag return 0, 1!
07-28 03:53:50.176  1820  1928 I sensors-hal: send_brightness:991, light_iface: send_cfg, br 184, dc 0, power on 1, val 131256
07-28 03:53:50.176  1913  3466 I CasManager: DBV changed from 186 to 184
07-28 03:53:50.176  1913  3466 I CasManager: DBV changed, but bin id not change, so trigger gain
07-28 03:53:50.176  1913  3466 W SDM     : DemuraIntfImpl::ProcessOemPluginGain: Thermal intf_ is nullptr 0, default to 25 degree
07-28 03:53:50.176  1913  3466 I SDM     : CasQcPlugIn::ProcessPerCompGainOppo: input params, mode:PWM, fps:120, dbv:184
07-28 03:53:50.176  1913  3466 I SDM     : CasQcPlugIn::ProcessPerCompGainOppo: normalized bright_adj:1024, dbv:184, bin_dbv:19, 
07-28 03:53:50.176  1913  3466 I SDM     : CasQcPlugIn::ProcessPerCompGainOppo: gains print start =====================
07-28 03:53:50.176  1913  3466 I SDM     : CasQcPlugIn::ProcessPerCompGainOppo: gain --------------------------------
07-28 03:53:50.176  1913  3466 I SDM     : CasQcPlugIn::ProcessPerCompGainOppo: old: 0 0 0 203 371 784 1439 3072
07-28 03:53:50.176  1913  3466 I SDM     : CasQcPlugIn::ProcessPerCompGainOppo: new: 0 0 0 160 293 620 1139 3029
07-28 03:53:50.176  1913  3466 I SDM     : CasQcPlugIn::ProcessPerCompGainOppo: gain --------------------------------
07-28 03:53:50.176  1913  3466 I SDM     : CasQcPlugIn::ProcessPerCompGainOppo: old: 0 0 0 165 279 566 1531 3072
07-28 03:53:50.176  1913  3466 I SDM     : CasQcPlugIn::ProcessPerCompGainOppo: new: 0 0 0 130 193 448 1212 3029
07-28 03:53:50.176  1913  3466 I SDM     : CasQcPlugIn::ProcessPerCompGainOppo: gain --------------------------------
07-28 03:53:50.176  1913  3466 I SDM     : CasQcPlugIn::ProcessPerCompGainOppo: old: 0 0 0 237 458 732 1873 3072
07-28 03:53:50.176  1913  3466 I SDM     : CasQcPlugIn::ProcessPerCompGainOppo: new: 0 0 0 187 451 721 1846 3029
07-28 03:53:50.176  1913  3466 I SDM     : CasQcPlugIn::ProcessPerCompGainOppo: gains print end =======================
07-28 03:53:50.183  1913  3466 I SDM     : DemuraIntfImpl::StageAllData: Staged all data to Demura Driver!
07-28 03:53:50.183  1913  3466 I SDM     : HWPeripheralDRM::SetPanelFeature: Set Panel feature property 19
07-28 03:53:50.183  1913  3466 I SDM     : HWPeripheralDRM::SetPanelFeature: Set Panel feature property 7
07-28 03:53:50.183  1913  3466 I SDM     : DisplayBuiltIn::TriggerDemuraOemPlugIn: Trigger demura oem plugin success
07-28 03:53:50.184  1913  2217 I SDM     : DRMPanelFeatureMgr::ApplyDirtyFeature: Commited panel feature [enabled]: 20-272
07-28 03:53:50.184  1913  2217 I SDM     : DRMPanelFeatureMgr::ApplyDirtyFeature: Commited panel feature [enabled]: 8-271
07-28 03:53:50.226  1820  1928 I sensors-hal: send_brightness:991, light_iface: send_cfg, br 182, dc 0, power on 1, val 131254
07-28 03:53:50.226  1913  3466 I CasManager: DBV changed from 184 to 182
07-28 03:53:50.226  1913  3466 I CasManager: DBV changed, but bin id not change, so trigger gain
07-28 03:53:50.226  1913  3466 W SDM     : DemuraIntfImpl::ProcessOemPluginGain: Thermal intf_ is nullptr 0, default to 25 degree
07-28 03:53:50.226  1913  3466 I SDM     : CasQcPlugIn::ProcessPerCompGainOppo: input params, mode:PWM, fps:120, dbv:182
07-28 03:53:50.226  1913  3466 I SDM     : CasQcPlugIn::ProcessPerCompGainOppo: normalized bright_adj:1024, dbv:182, bin_dbv:19, 
07-28 03:53:50.226  1913  3466 I SDM     : CasQcPlugIn::ProcessPerCompGainOppo: gains print start =====================
07-28 03:53:50.226  1913  3466 I SDM     : CasQcPlugIn::ProcessPerCompGainOppo: gain --------------------------------
07-28 03:53:50.226  1913  3466 I SDM     : CasQcPlugIn::ProcessPerCompGainOppo: old: 0 0 0 203 371 784 1439 3072
07-28 03:53:50.226  1913  3466 I SDM     : CasQcPlugIn::ProcessPerCompGainOppo: new: 0 0 0 161 295 623 1145 3050
07-28 03:53:50.226  1913  3466 I SDM     : CasQcPlugIn::ProcessPerCompGainOppo: gain --------------------------------
07-28 03:53:50.226  1913  3466 I SDM     : CasQcPlugIn::ProcessPerCompGainOppo: old: 0 0 0 165 279 566 1531 3072
07-28 03:53:50.226  1913  3466 I SDM     : CasQcPlugIn::ProcessPerCompGainOppo: new: 0 0 0 131 194 450 1218 3050
07-28 03:53:50.226  1913  3466 I SDM     : CasQcPlugIn::ProcessPerCompGainOppo: gain --------------------------------
07-28 03:53:50.226  1913  3466 I SDM     : CasQcPlugIn::ProcessPerCompGainOppo: old: 0 0 0 237 458 732 1873 3072
07-28 03:53:50.226  1913  3466 I SDM     : CasQcPlugIn::ProcessPerCompGainOppo: new: 0 0 0 188 454 726 1859 3050
07-28 03:53:50.226  1913  3466 I SDM     : CasQcPlugIn::ProcessPerCompGainOppo: gains print end =======================
07-28 03:53:50.236  1913  3466 I SDM     : DemuraIntfImpl::StageAllData: Staged all data to Demura Driver!
07-28 03:53:50.237  1913  3466 I SDM     : HWPeripheralDRM::SetPanelFeature: Set Panel feature property 19
07-28 03:53:50.237  1913  3466 I SDM     : HWPeripheralDRM::SetPanelFeature: Set Panel feature property 7
07-28 03:53:50.237  1913  2217 I SDM     : DRMPanelFeatureMgr::ApplyDirtyFeature: Commited panel feature [enabled]: 20-272
07-28 03:53:50.237  1913  3466 I SDM     : DisplayBuiltIn::TriggerDemuraOemPlugIn: Trigger demura oem plugin success
07-28 03:53:50.237  1913  2217 I SDM     : DRMPanelFeatureMgr::ApplyDirtyFeature: Commited panel feature [enabled]: 8-271
07-28 03:53:50.242  1820  1928 I sensors-hal: send_brightness:991, light_iface: send_cfg, br 181, dc 0, power on 1, val 131253
07-28 03:53:50.242  1913  3466 I CasManager: DBV changed from 182 to 181
07-28 03:53:50.242  1913  3466 I CasManager: DBV changed, but bin id not change, so trigger gain
07-28 03:53:50.242  1913  3466 W SDM     : DemuraIntfImpl::ProcessOemPluginGain: Thermal intf_ is nullptr 0, default to 25 degree
07-28 03:53:50.242  1913  3466 I SDM     : CasQcPlugIn::ProcessPerCompGainOppo: input params, mode:PWM, fps:120, dbv:181
07-28 03:53:50.242  1913  3466 I SDM     : CasQcPlugIn::ProcessPerCompGainOppo: normalized bright_adj:1024, dbv:181, bin_dbv:19, 
07-28 03:53:50.242  1913  3466 I SDM     : CasQcPlugIn::ProcessPerCompGainOppo: gains print start =====================
07-28 03:53:50.242  1913  3466 I SDM     : CasQcPlugIn::ProcessPerCompGainOppo: gain --------------------------------
07-28 03:53:50.242  1913  3466 I SDM     : CasQcPlugIn::ProcessPerCompGainOppo: old: 0 0 0 203 371 784 1439 3072
07-28 03:53:50.242  1913  3466 I SDM     : CasQcPlugIn::ProcessPerCompGainOppo: new: 0 0 0 161 296 625 1148 3061
07-28 03:53:50.242  1913  3466 I SDM     : CasQcPlugIn::ProcessPerCompGainOppo: gain --------------------------------
07-28 03:53:50.243  1913  3466 I SDM     : CasQcPlugIn::ProcessPerCompGainOppo: old: 0 0 0 165 279 566 1531 3072
07-28 03:53:50.243  1913  3466 I SDM     : CasQcPlugIn::ProcessPerCompGainOppo: new: 0 0 0 131 194 451 1221 3061
07-28 03:53:50.243  1913  3466 I SDM     : CasQcPlugIn::ProcessPerCompGainOppo: gain --------------------------------
07-28 03:53:50.243  1913  3466 I SDM     : CasQcPlugIn::ProcessPerCompGainOppo: old: 0 0 0 237 458 732 1873 3072
07-28 03:53:50.243  1913  3466 I SDM     : CasQcPlugIn::ProcessPerCompGainOppo: new: 0 0 0 189 456 729 1866 3061
07-28 03:53:50.243  1913  3466 I SDM     : CasQcPlugIn::ProcessPerCompGainOppo: gains print end =======================
07-28 03:53:50.250  1913  3466 I SDM     : DemuraIntfImpl::StageAllData: Staged all data to Demura Driver!
07-28 03:53:50.250  1913  3466 I SDM     : HWPeripheralDRM::SetPanelFeature: Set Panel feature property 19
07-28 03:53:50.250  1913  3466 I SDM     : HWPeripheralDRM::SetPanelFeature: Set Panel feature property 7
07-28 03:53:50.251  1913  3466 I SDM     : DisplayBuiltIn::TriggerDemuraOemPlugIn: Trigger demura oem plugin success
07-28 03:53:50.259  1913  2217 I SDM     : DRMPanelFeatureMgr::ApplyDirtyFeature: Commited panel feature [enabled]: 20-272
07-28 03:53:50.259  1913  2217 I SDM     : DRMPanelFeatureMgr::ApplyDirtyFeature: Commited panel feature [enabled]: 8-271
07-28 03:53:50.269  1983  1983 D SensorFeature: name=ssc_screenshot_info ,index = 22
07-28 03:53:50.269  1983  1983 D SensorFeature: write 29 bytes:47010045970,53706614353,145,0
07-28 03:53:50.272  1820  4439 I sensors-hal: handle_oplus_wise_rgb_event:189, high_pwm_light:lux 2.8,cct 5300.0,brl/algo/ir 184.0/2.0/0.0,pwm/dc 0.0/0.0,rgbc 164.270782/156.866241/66.936394/376.069366,ts 53631455463,cnt 760,flag 145
07-28 03:53:50.273  1913  4433 I Dpps    : LtmSwState::SetParameter():144 ignore cmd 7 in state LtmOffState
07-28 03:53:50.274  4906  6160 E OplusNetworkStackManager: initService mNetworkStackService is null, try again in 10s
07-28 03:53:50.326  1820  1928 I sensors-hal: send_brightness:991, light_iface: send_cfg, br 179, dc 0, power on 1, val 131251
07-28 03:53:50.326  1913  3466 I CasManager: DBV changed from 181 to 179
07-28 03:53:50.326  1913  3466 I CasManager: DBV changed, but bin id not change, so trigger gain
07-28 03:53:50.326  1913  3466 W SDM     : DemuraIntfImpl::ProcessOemPluginGain: Thermal intf_ is nullptr 0, default to 25 degree
07-28 03:53:50.326  1913  3466 I SDM     : CasQcPlugIn::ProcessPerCompGainOppo: input params, mode:PWM, fps:120, dbv:179
07-28 03:53:50.326  1913  3466 I SDM     : CasQcPlugIn::ProcessPerCompGainOppo: normalized bright_adj:1024, dbv:179, bin_dbv:19, 
07-28 03:53:50.326  1913  3466 I SDM     : CasQcPlugIn::ProcessPerCompGainOppo: gains print start =====================
07-28 03:53:50.326  1913  3466 I SDM     : CasQcPlugIn::ProcessPerCompGainOppo: gain --------------------------------
07-28 03:53:50.326  1913  3466 I SDM     : CasQcPlugIn::ProcessPerCompGainOppo: old: 0 0 0 203 371 784 1439 3072
07-28 03:53:50.326  1913  3466 I SDM     : CasQcPlugIn::ProcessPerCompGainOppo: new: 0 0 0 162 296 627 1151 3072
07-28 03:53:50.326  1913  3466 I SDM     : CasQcPlugIn::ProcessPerCompGainOppo: gain --------------------------------
07-28 03:53:50.326  1913  3466 I SDM     : CasQcPlugIn::ProcessPerCompGainOppo: old: 0 0 0 165 279 566 1531 3072
