07-28 03:53:51.939  1913  3466 I SDM     : HWPeripheralDRM::SetPanelFeature: Set Panel feature property 19
07-28 03:53:51.939  1913  3466 I SDM     : HWPeripheralDRM::SetPanelFeature: Set Panel feature property 7
07-28 03:53:51.939  1913  3466 I SDM     : DisplayBuiltIn::TriggerDemuraOemPlugIn: Trigger demura oem plugin success
07-28 03:53:51.945  1913  2217 I SDM     : DRMPanelFeatureMgr::ApplyDirtyFeature: Commited panel feature [enabled]: 20-272
07-28 03:53:51.945  1913  2217 I SDM     : DRMPanelFeatureMgr::ApplyDirtyFeature: Commited panel feature [enabled]: 8-271
07-28 03:53:51.976  1820  1928 I sensors-hal: send_brightness:991, light_iface: send_cfg, br 108, dc 0, power on 1, val 131180
07-28 03:53:51.976  1913  3466 I CasManager: DBV changed from 111 to 108
07-28 03:53:51.976  1913  3466 I CasManager: DBV changed, but bin id not change, so trigger gain
07-28 03:53:51.976  1913  3466 W SDM     : DemuraIntfImpl::ProcessOemPluginGain: Thermal intf_ is nullptr 0, default to 25 degree
07-28 03:53:51.976  1913  3466 I SDM     : CasQcPlugIn::ProcessPerCompGainOppo: input params, mode:PWM, fps:120, dbv:108
07-28 03:53:51.976  1913  3466 I SDM     : CasQcPlugIn::ProcessPerCompGainOppo: normalized bright_adj:1024, dbv:108, bin_dbv:19, 
07-28 03:53:51.976  1913  3466 I SDM     : CasQcPlugIn::ProcessPerCompGainOppo: gains print start =====================
07-28 03:53:51.976  1913  3466 I SDM     : CasQcPlugIn::ProcessPerCompGainOppo: gain --------------------------------
07-28 03:53:51.976  1913  3466 I SDM     : CasQcPlugIn::ProcessPerCompGainOppo: old: 0 0 0 203 371 784 1439 3072
07-28 03:53:51.976  1913  3466 I SDM     : CasQcPlugIn::ProcessPerCompGainOppo: new: 0 0 0 180 296 627 1151 3072
07-28 03:53:51.976  1913  3466 I SDM     : CasQcPlugIn::ProcessPerCompGainOppo: gain --------------------------------
07-28 03:53:51.976  1913  3466 I SDM     : CasQcPlugIn::ProcessPerCompGainOppo: old: 0 0 0 165 279 566 1531 3072
07-28 03:53:51.976  1913  3466 I SDM     : CasQcPlugIn::ProcessPerCompGainOppo: new: 0 0 0 146 195 452 1224 3072
07-28 03:53:51.976  1913  3466 I SDM     : CasQcPlugIn::ProcessPerCompGainOppo: gain --------------------------------
07-28 03:53:51.976  1913  3466 I SDM     : CasQcPlugIn::ProcessPerCompGainOppo: old: 0 0 0 237 458 732 1873 3072
07-28 03:53:51.976  1913  3466 I SDM     : CasQcPlugIn::ProcessPerCompGainOppo: new: 0 0 0 210 458 732 1873 3072
07-28 03:53:51.976  1913  3466 I SDM     : CasQcPlugIn::ProcessPerCompGainOppo: gains print end =======================
07-28 03:53:51.985  1913  3466 I SDM     : DemuraIntfImpl::StageAllData: Staged all data to Demura Driver!
07-28 03:53:51.985  1913  3466 I SDM     : HWPeripheralDRM::SetPanelFeature: Set Panel feature property 19
07-28 03:53:51.985  1913  3466 I SDM     : HWPeripheralDRM::SetPanelFeature: Set Panel feature property 7
07-28 03:53:51.985  1913  3466 I SDM     : DisplayBuiltIn::TriggerDemuraOemPlugIn: Trigger demura oem plugin success
07-28 03:53:51.996  1913  2217 I SDM     : DRMPanelFeatureMgr::ApplyDirtyFeature: Commited panel feature [enabled]: 20-272
07-28 03:53:51.996  1913  2217 I SDM     : DRMPanelFeatureMgr::ApplyDirtyFeature: Commited panel feature [enabled]: 8-271
07-28 03:53:52.034  1820  1928 I sensors-hal: send_brightness:991, light_iface: send_cfg, br 106, dc 0, power on 1, val 131178
07-28 03:53:52.034  1913  3466 I CasManager: DBV changed from 108 to 106
07-28 03:53:52.034  1913  3466 I CasManager: DBV changed, but bin id not change, so trigger gain
07-28 03:53:52.034  1913  3466 W SDM     : DemuraIntfImpl::ProcessOemPluginGain: Thermal intf_ is nullptr 0, default to 25 degree
07-28 03:53:52.034  1913  3466 I SDM     : CasQcPlugIn::ProcessPerCompGainOppo: input params, mode:PWM, fps:120, dbv:106
07-28 03:53:52.034  1913  3466 I SDM     : CasQcPlugIn::ProcessPerCompGainOppo: normalized bright_adj:1024, dbv:106, bin_dbv:19, 
07-28 03:53:52.034  1913  3466 I SDM     : CasQcPlugIn::ProcessPerCompGainOppo: gains print start =====================
07-28 03:53:52.034  1913  3466 I SDM     : CasQcPlugIn::ProcessPerCompGainOppo: gain --------------------------------
07-28 03:53:52.034  1913  3466 I SDM     : CasQcPlugIn::ProcessPerCompGainOppo: old: 0 0 0 203 371 784 1439 3072
07-28 03:53:52.034  1913  3466 I SDM     : CasQcPlugIn::ProcessPerCompGainOppo: new: 0 0 0 181 296 627 1151 3072
07-28 03:53:52.034  1913  3466 I SDM     : CasQcPlugIn::ProcessPerCompGainOppo: gain --------------------------------
07-28 03:53:52.034  1913  3466 I SDM     : CasQcPlugIn::ProcessPerCompGainOppo: old: 0 0 0 165 279 566 1531 3072
07-28 03:53:52.034  1913  3466 I SDM     : CasQcPlugIn::ProcessPerCompGainOppo: new: 0 0 0 147 195 452 1224 3072
07-28 03:53:52.034  1913  3466 I SDM     : CasQcPlugIn::ProcessPerCompGainOppo: gain --------------------------------
07-28 03:53:52.034  1913  3466 I SDM     : CasQcPlugIn::ProcessPerCompGainOppo: old: 0 0 0 237 458 732 1873 3072
07-28 03:53:52.034  1913  3466 I SDM     : CasQcPlugIn::ProcessPerCompGainOppo: new: 0 0 0 211 458 732 1873 3072
07-28 03:53:52.034  1913  3466 I SDM     : CasQcPlugIn::ProcessPerCompGainOppo: gains print end =======================
07-28 03:53:52.044  1913  3466 I SDM     : DemuraIntfImpl::StageAllData: Staged all data to Demura Driver!
07-28 03:53:52.045  1913  3466 I SDM     : HWPeripheralDRM::SetPanelFeature: Set Panel feature property 19
07-28 03:53:52.045  1913  3466 I SDM     : HWPeripheralDRM::SetPanelFeature: Set Panel feature property 7
07-28 03:53:52.045  1913  3466 I SDM     : DisplayBuiltIn::TriggerDemuraOemPlugIn: Trigger demura oem plugin success
07-28 03:53:52.046  1913  2217 I SDM     : DRMPanelFeatureMgr::ApplyDirtyFeature: Commited panel feature [enabled]: 20-272
07-28 03:53:52.046  1913  2217 I SDM     : DRMPanelFeatureMgr::ApplyDirtyFeature: Commited panel feature [enabled]: 8-271
07-28 03:53:52.061  1820  1928 I sensors-hal: send_brightness:991, light_iface: send_cfg, br 105, dc 0, power on 1, val 131177
07-28 03:53:52.061  1913  3466 I CasManager: DBV changed from 106 to 105
07-28 03:53:52.061  1913  3466 I CasManager: DBV changed, but bin id not change, so trigger gain
07-28 03:53:52.061  1913  3466 W SDM     : DemuraIntfImpl::ProcessOemPluginGain: Thermal intf_ is nullptr 0, default to 25 degree
07-28 03:53:52.061  1913  3466 I SDM     : CasQcPlugIn::ProcessPerCompGainOppo: input params, mode:PWM, fps:120, dbv:105
07-28 03:53:52.061  1913  3466 I SDM     : CasQcPlugIn::ProcessPerCompGainOppo: normalized bright_adj:1024, dbv:105, bin_dbv:19, 
07-28 03:53:52.061  1913  3466 I SDM     : CasQcPlugIn::ProcessPerCompGainOppo: gains print start =====================
07-28 03:53:52.061  1913  3466 I SDM     : CasQcPlugIn::ProcessPerCompGainOppo: gain --------------------------------
07-28 03:53:52.061  1913  3466 I SDM     : CasQcPlugIn::ProcessPerCompGainOppo: old: 0 0 0 203 371 784 1439 3072
07-28 03:53:52.061  1913  3466 I SDM     : CasQcPlugIn::ProcessPerCompGainOppo: new: 0 0 0 181 296 627 1151 3072
07-28 03:53:52.061  1913  3466 I SDM     : CasQcPlugIn::ProcessPerCompGainOppo: gain --------------------------------
07-28 03:53:52.061  1913  3466 I SDM     : CasQcPlugIn::ProcessPerCompGainOppo: old: 0 0 0 165 279 566 1531 3072
07-28 03:53:52.061  1913  3466 I SDM     : CasQcPlugIn::ProcessPerCompGainOppo: new: 0 0 0 147 195 452 1224 3072
07-28 03:53:52.061  1913  3466 I SDM     : CasQcPlugIn::ProcessPerCompGainOppo: gain --------------------------------
07-28 03:53:52.061  1913  3466 I SDM     : CasQcPlugIn::ProcessPerCompGainOppo: old: 0 0 0 237 458 732 1873 3072
07-28 03:53:52.061  1913  3466 I SDM     : CasQcPlugIn::ProcessPerCompGainOppo: new: 0 0 0 211 458 732 1873 3072
07-28 03:53:52.061  1913  3466 I SDM     : CasQcPlugIn::ProcessPerCompGainOppo: gains print end =======================
07-28 03:53:52.072  1913  3466 I SDM     : DemuraIntfImpl::StageAllData: Staged all data to Demura Driver!
07-28 03:53:52.072  1913  3466 I SDM     : HWPeripheralDRM::SetPanelFeature: Set Panel feature property 19
07-28 03:53:52.072  1913  3466 I SDM     : HWPeripheralDRM::SetPanelFeature: Set Panel feature property 7
07-28 03:53:52.072  1913  3466 I SDM     : DisplayBuiltIn::TriggerDemuraOemPlugIn: Trigger demura oem plugin success
07-28 03:53:52.078  1913  2217 I SDM     : DRMPanelFeatureMgr::ApplyDirtyFeature: Commited panel feature [enabled]: 20-272
07-28 03:53:52.079  1913  2217 I SDM     : DRMPanelFeatureMgr::ApplyDirtyFeature: Commited panel feature [enabled]: 8-271
07-28 03:53:52.081  1983  1983 D SensorFeature: name=ssc_screenshot_info ,index = 22
07-28 03:53:52.081  1983  1983 D SensorFeature: write 29 bytes:47010045970,55519443623,151,0
07-28 03:53:52.083  1820  1928 I sensors-hal: send_brightness:991, light_iface: send_cfg, br 103, dc 0, power on 1, val 131175
07-28 03:53:52.084  1913  3466 I CasManager: DBV changed from 105 to 103
07-28 03:53:52.084  1913  3466 I CasManager: DBV changed, but bin id not change, so trigger gain
07-28 03:53:52.084  1913  3466 W SDM     : DemuraIntfImpl::ProcessOemPluginGain: Thermal intf_ is nullptr 0, default to 25 degree
07-28 03:53:52.084  1913  3466 I SDM     : CasQcPlugIn::ProcessPerCompGainOppo: input params, mode:PWM, fps:120, dbv:103
07-28 03:53:52.084  1913  3466 I SDM     : CasQcPlugIn::ProcessPerCompGainOppo: normalized bright_adj:1024, dbv:103, bin_dbv:19, 
07-28 03:53:52.084  1913  3466 I SDM     : CasQcPlugIn::ProcessPerCompGainOppo: gains print start =====================
07-28 03:53:52.084  1913  3466 I SDM     : CasQcPlugIn::ProcessPerCompGainOppo: gain --------------------------------
07-28 03:53:52.084  1913  3466 I SDM     : CasQcPlugIn::ProcessPerCompGainOppo: old: 0 0 0 203 371 784 1439 3072
07-28 03:53:52.084  1913  3466 I SDM     : CasQcPlugIn::ProcessPerCompGainOppo: new: 0 0 0 181 296 627 1151 3072
07-28 03:53:52.084  1913  3466 I SDM     : CasQcPlugIn::ProcessPerCompGainOppo: gain --------------------------------
07-28 03:53:52.084  1913  3466 I SDM     : CasQcPlugIn::ProcessPerCompGainOppo: old: 0 0 0 165 279 566 1531 3072
07-28 03:53:52.084  1913  3466 I SDM     : CasQcPlugIn::ProcessPerCompGainOppo: new: 0 0 0 147 195 452 1224 3072
07-28 03:53:52.084  1913  3466 I SDM     : CasQcPlugIn::ProcessPerCompGainOppo: gain --------------------------------
07-28 03:53:52.084  1913  3466 I SDM     : CasQcPlugIn::ProcessPerCompGainOppo: old: 0 0 0 237 458 732 1873 3072
07-28 03:53:52.084  1913  3466 I SDM     : CasQcPlugIn::ProcessPerCompGainOppo: new: 0 0 0 212 458 732 1873 3072
07-28 03:53:52.084  1913  3466 I SDM     : CasQcPlugIn::ProcessPerCompGainOppo: gains print end =======================
07-28 03:53:52.087  1993  7281 D charge_time: write 25842s(07:10:42) to ttf, rc=7
07-28 03:53:52.087  1993  7281 D charge_time: type=sdp,reserve_soc=2,soc=34,ui_soc=35,current=117,avg=120,not_chg_cnt=0,stable_cnt=7,fcc=5724,fcc_ratio=94,delta=40,debug=0,region=18,ttf=52357(14:32:37),ui_ttf=25842(07:10:42)
07-28 03:53:52.090  1913  3466 I SDM     : DemuraIntfImpl::StageAllData: Staged all data to Demura Driver!
07-28 03:53:52.090  1913  3466 I SDM     : HWPeripheralDRM::SetPanelFeature: Set Panel feature property 19
07-28 03:53:52.090  1913  3466 I SDM     : HWPeripheralDRM::SetPanelFeature: Set Panel feature property 7
07-28 03:53:52.090  1913  3466 I SDM     : DisplayBuiltIn::TriggerDemuraOemPlugIn: Trigger demura oem plugin success
07-28 03:53:52.094  1913  4433 I Dpps    : LtmSwState::SetParameter():144 ignore cmd 7 in state LtmOffState
07-28 03:53:52.094  1913  2217 I SDM     : DRMPanelFeatureMgr::ApplyDirtyFeature: Commited panel feature [enabled]: 20-272
07-28 03:53:52.094  1913  2217 I SDM     : DRMPanelFeatureMgr::ApplyDirtyFeature: Commited panel feature [enabled]: 8-271
07-28 03:53:52.154  6408  7363 E OplusNetworkStackManager: initService mNetworkStackService is null, try again in 10s
07-28 03:53:52.169  1820  1928 I sensors-hal: send_brightness:991, light_iface: send_cfg, br 99, dc 0, power on 1, val 131171
07-28 03:53:52.169  1913  3466 I CasManager: DBV changed from 103 to 99
07-28 03:53:52.169  1913  3466 I CasManager: DBV changed, but bin id not change, so trigger gain
07-28 03:53:52.169  1913  3466 W SDM     : DemuraIntfImpl::ProcessOemPluginGain: Thermal intf_ is nullptr 0, default to 25 degree
07-28 03:53:52.169  1913  3466 I SDM     : CasQcPlugIn::ProcessPerCompGainOppo: input params, mode:PWM, fps:120, dbv:99
07-28 03:53:52.169  1913  3466 I SDM     : CasQcPlugIn::ProcessPerCompGainOppo: normalized bright_adj:1024, dbv:99, bin_dbv:19, 
07-28 03:53:52.169  1913  3466 I SDM     : CasQcPlugIn::ProcessPerCompGainOppo: gains print start =====================
07-28 03:53:52.169  1913  3466 I SDM     : CasQcPlugIn::ProcessPerCompGainOppo: gain --------------------------------
07-28 03:53:52.169  1913  3466 I SDM     : CasQcPlugIn::ProcessPerCompGainOppo: old: 0 0 0 203 371 784 1439 3072
07-28 03:53:52.169  1913  3466 I SDM     : CasQcPlugIn::ProcessPerCompGainOppo: new: 0 0 0 182 296 627 1151 3072
07-28 03:53:52.169  1913  3466 I SDM     : CasQcPlugIn::ProcessPerCompGainOppo: gain --------------------------------
07-28 03:53:52.169  1913  3466 I SDM     : CasQcPlugIn::ProcessPerCompGainOppo: old: 0 0 0 165 279 566 1531 3072
07-28 03:53:52.169  1913  3466 I SDM     : CasQcPlugIn::ProcessPerCompGainOppo: new: 0 0 0 148 195 452 1224 3072
07-28 03:53:52.169  1913  3466 I SDM     : CasQcPlugIn::ProcessPerCompGainOppo: gain --------------------------------
07-28 03:53:52.169  1913  3466 I SDM     : CasQcPlugIn::ProcessPerCompGainOppo: old: 0 0 0 237 458 732 1873 3072
07-28 03:53:52.169  1913  3466 I SDM     : CasQcPlugIn::ProcessPerCompGainOppo: new: 0 0 0 213 458 732 1873 3072
07-28 03:53:52.169  1913  3466 I SDM     : CasQcPlugIn::ProcessPerCompGainOppo: gains print end =======================
07-28 03:53:52.181  1913  3466 I SDM     : DemuraIntfImpl::StageAllData: Staged all data to Demura Driver!
07-28 03:53:52.181  1913  3466 I SDM     : HWPeripheralDRM::SetPanelFeature: Set Panel feature property 19
07-28 03:53:52.182  1913  3466 I SDM     : HWPeripheralDRM::SetPanelFeature: Set Panel feature property 7
07-28 03:53:52.182  1913  3466 I SDM     : DisplayBuiltIn::TriggerDemuraOemPlugIn: Trigger demura oem plugin success
07-28 03:53:52.187  1913  2217 I SDM     : DRMPanelFeatureMgr::ApplyDirtyFeature: Commited panel feature [enabled]: 20-272
07-28 03:53:52.188  1913  2217 I SDM     : DRMPanelFeatureMgr::ApplyDirtyFeature: Commited panel feature [enabled]: 8-271
07-28 03:53:52.194  1820  1928 I sensors-hal: send_brightness:991, light_iface: send_cfg, br 98, dc 0, power on 1, val 131170
07-28 03:53:52.194  1913  3466 I CasManager: DBV changed from 99 to 98
07-28 03:53:52.194  1913  3466 I CasManager: DBV changed, but bin id not change, so trigger gain
07-28 03:53:52.194  1913  3466 W SDM     : DemuraIntfImpl::ProcessOemPluginGain: Thermal intf_ is nullptr 0, default to 25 degree
07-28 03:53:52.194  1913  3466 I SDM     : CasQcPlugIn::ProcessPerCompGainOppo: input params, mode:PWM, fps:120, dbv:98
07-28 03:53:52.194  1913  3466 I SDM     : CasQcPlugIn::ProcessPerCompGainOppo: normalized bright_adj:1024, dbv:98, bin_dbv:19, 
07-28 03:53:52.194  1913  3466 I SDM     : CasQcPlugIn::ProcessPerCompGainOppo: gains print start =====================
07-28 03:53:52.194  1913  3466 I SDM     : CasQcPlugIn::ProcessPerCompGainOppo: gain --------------------------------
07-28 03:53:52.194  1913  3466 I SDM     : CasQcPlugIn::ProcessPerCompGainOppo: old: 0 0 0 203 371 784 1439 3072
07-28 03:53:52.194  1913  3466 I SDM     : CasQcPlugIn::ProcessPerCompGainOppo: new: 0 0 0 183 296 627 1151 3072
07-28 03:53:52.194  1913  3466 I SDM     : CasQcPlugIn::ProcessPerCompGainOppo: gain --------------------------------
07-28 03:53:52.194  1913  3466 I SDM     : CasQcPlugIn::ProcessPerCompGainOppo: old: 0 0 0 165 279 566 1531 3072
07-28 03:53:52.194  1913  3466 I SDM     : CasQcPlugIn::ProcessPerCompGainOppo: new: 0 0 0 148 195 452 1224 3072
07-28 03:53:52.194  1913  3466 I SDM     : CasQcPlugIn::ProcessPerCompGainOppo: gain --------------------------------
07-28 03:53:52.194  1913  3466 I SDM     : CasQcPlugIn::ProcessPerCompGainOppo: old: 0 0 0 237 458 732 1873 3072
07-28 03:53:52.194  1913  3466 I SDM     : CasQcPlugIn::ProcessPerCompGainOppo: new: 0 0 0 213 458 732 1873 3072
07-28 03:53:52.194  1913  3466 I SDM     : CasQcPlugIn::ProcessPerCompGainOppo: gains print end =======================
07-28 03:53:52.205  1913  3466 I SDM     : DemuraIntfImpl::StageAllData: Staged all data to Demura Driver!
07-28 03:53:52.205  1913  3466 I SDM     : HWPeripheralDRM::SetPanelFeature: Set Panel feature property 19
07-28 03:53:52.205  1913  3466 I SDM     : HWPeripheralDRM::SetPanelFeature: Set Panel feature property 7
07-28 03:53:52.205  1913  3466 I SDM     : DisplayBuiltIn::TriggerDemuraOemPlugIn: Trigger demura oem plugin success
07-28 03:53:52.210  1913  2217 I SDM     : DRMPanelFeatureMgr::ApplyDirtyFeature: Commited panel feature [enabled]: 20-272
07-28 03:53:52.210  1913  2217 I SDM     : DRMPanelFeatureMgr::ApplyDirtyFeature: Commited panel feature [enabled]: 8-271
07-28 03:53:52.227  1820  1928 I sensors-hal: send_brightness:991, light_iface: send_cfg, br 97, dc 0, power on 1, val 131169
07-28 03:53:52.227  1913  3466 I CasManager: DBV changed from 98 to 97
07-28 03:53:52.227  1913  3466 I CasManager: DBV changed, but bin id not change, so trigger gain
07-28 03:53:52.227  1913  3466 W SDM     : DemuraIntfImpl::ProcessOemPluginGain: Thermal intf_ is nullptr 0, default to 25 degree
07-28 03:53:52.227  1913  3466 I SDM     : CasQcPlugIn::ProcessPerCompGainOppo: input params, mode:PWM, fps:120, dbv:97
07-28 03:53:52.227  1913  3466 I SDM     : CasQcPlugIn::ProcessPerCompGainOppo: normalized bright_adj:1024, dbv:97, bin_dbv:19, 
07-28 03:53:52.227  1913  3466 I SDM     : CasQcPlugIn::ProcessPerCompGainOppo: gains print start =====================
07-28 03:53:52.227  1913  3466 I SDM     : CasQcPlugIn::ProcessPerCompGainOppo: gain --------------------------------
07-28 03:53:52.227  1913  3466 I SDM     : CasQcPlugIn::ProcessPerCompGainOppo: old: 0 0 0 203 371 784 1439 3072
07-28 03:53:52.227  1913  3466 I SDM     : CasQcPlugIn::ProcessPerCompGainOppo: new: 0 0 0 183 296 627 1151 3072
07-28 03:53:52.227  1913  3466 I SDM     : CasQcPlugIn::ProcessPerCompGainOppo: gain --------------------------------
07-28 03:53:52.227  1913  3466 I SDM     : CasQcPlugIn::ProcessPerCompGainOppo: old: 0 0 0 165 279 566 1531 3072
07-28 03:53:52.227  1913  3466 I SDM     : CasQcPlugIn::ProcessPerCompGainOppo: new: 0 0 0 149 195 452 1224 3072
07-28 03:53:52.227  1913  3466 I SDM     : CasQcPlugIn::ProcessPerCompGainOppo: gain --------------------------------
07-28 03:53:52.227  1913  3466 I SDM     : CasQcPlugIn::ProcessPerCompGainOppo: old: 0 0 0 237 458 732 1873 3072
07-28 03:53:52.227  1913  3466 I SDM     : CasQcPlugIn::ProcessPerCompGainOppo: new: 0 0 0 214 458 732 1873 3072
07-28 03:53:52.227  1913  3466 I SDM     : CasQcPlugIn::ProcessPerCompGainOppo: gains print end =======================
07-28 03:53:52.236  1913  3466 I SDM     : DemuraIntfImpl::StageAllData: Staged all data to Demura Driver!
07-28 03:53:52.236  1913  3466 I SDM     : HWPeripheralDRM::SetPanelFeature: Set Panel feature property 19
07-28 03:53:52.236  1913  3466 I SDM     : HWPeripheralDRM::SetPanelFeature: Set Panel feature property 7
07-28 03:53:52.236  1913  3466 I SDM     : DisplayBuiltIn::TriggerDemuraOemPlugIn: Trigger demura oem plugin success
07-28 03:53:52.244  1913  2217 I SDM     : DRMPanelFeatureMgr::ApplyDirtyFeature: Commited panel feature [enabled]: 20-272
07-28 03:53:52.244  1913  2217 I SDM     : DRMPanelFeatureMgr::ApplyDirtyFeature: Commited panel feature [enabled]: 8-271
07-28 03:53:52.293  1913  3466 I CasManager: DBV changed from 97 to 95
07-28 03:53:52.293  1913  3466 I CasManager: DBV changed, but bin id not change, so trigger gain
07-28 03:53:52.294  1913  3466 W SDM     : DemuraIntfImpl::ProcessOemPluginGain: Thermal intf_ is nullptr 0, default to 25 degree
07-28 03:53:52.294  1820  1928 I sensors-hal: send_brightness:991, light_iface: send_cfg, br 95, dc 0, power on 1, val 131167
07-28 03:53:52.294  1913  3466 I SDM     : CasQcPlugIn::ProcessPerCompGainOppo: input params, mode:PWM, fps:120, dbv:95
07-28 03:53:52.294  1913  3466 I SDM     : CasQcPlugIn::ProcessPerCompGainOppo: normalized bright_adj:1024, dbv:95, bin_dbv:19, 
07-28 03:53:52.294  1913  3466 I SDM     : CasQcPlugIn::ProcessPerCompGainOppo: gains print start =====================
07-28 03:53:52.294  1913  3466 I SDM     : CasQcPlugIn::ProcessPerCompGainOppo: gain --------------------------------
07-28 03:53:52.294  1913  3466 I SDM     : CasQcPlugIn::ProcessPerCompGainOppo: old: 0 0 0 203 371 784 1439 3072
07-28 03:53:52.294  1913  3466 I SDM     : CasQcPlugIn::ProcessPerCompGainOppo: new: 0 0 0 183 296 627 1151 3072
07-28 03:53:52.294  1913  3466 I SDM     : CasQcPlugIn::ProcessPerCompGainOppo: gain --------------------------------
07-28 03:53:52.294  1913  3466 I SDM     : CasQcPlugIn::ProcessPerCompGainOppo: old: 0 0 0 165 279 566 1531 3072
07-28 03:53:52.294  1913  3466 I SDM     : CasQcPlugIn::ProcessPerCompGainOppo: new: 0 0 0 149 195 452 1224 3072
07-28 03:53:52.294  1913  3466 I SDM     : CasQcPlugIn::ProcessPerCompGainOppo: gain --------------------------------
07-28 03:53:52.294  1913  3466 I SDM     : CasQcPlugIn::ProcessPerCompGainOppo: old: 0 0 0 237 458 732 1873 3072
07-28 03:53:52.294  1913  3466 I SDM     : CasQcPlugIn::ProcessPerCompGainOppo: new: 0 0 0 214 458 732 1873 3072
07-28 03:53:52.294  1913  3466 I SDM     : CasQcPlugIn::ProcessPerCompGainOppo: gains print end =======================
07-28 03:53:52.302  1820  1928 I sensors-hal: send_brightness:991, light_iface: send_cfg, br 94, dc 0, power on 1, val 131166
07-28 03:53:52.304  1913  3466 I SDM     : DemuraIntfImpl::StageAllData: Staged all data to Demura Driver!
07-28 03:53:52.304  1913  3466 I SDM     : HWPeripheralDRM::SetPanelFeature: Set Panel feature property 19
07-28 03:53:52.304  1913  3466 I SDM     : HWPeripheralDRM::SetPanelFeature: Set Panel feature property 7
07-28 03:53:52.304  1913  3466 I SDM     : DisplayBuiltIn::TriggerDemuraOemPlugIn: Trigger demura oem plugin success
07-28 03:53:52.304  1913  3466 I CasManager: DBV changed from 95 to 94
07-28 03:53:52.304  1913  3466 I CasManager: DBV changed, but bin id not change, so trigger gain
07-28 03:53:52.304  1913  3466 W SDM     : DemuraIntfImpl::ProcessOemPluginGain: Thermal intf_ is nullptr 0, default to 25 degree
07-28 03:53:52.304  1913  3466 I SDM     : CasQcPlugIn::ProcessPerCompGainOppo: input params, mode:PWM, fps:120, dbv:94
07-28 03:53:52.304  1913  3466 I SDM     : CasQcPlugIn::ProcessPerCompGainOppo: normalized bright_adj:1024, dbv:94, bin_dbv:19, 
07-28 03:53:52.304  1913  3466 I SDM     : CasQcPlugIn::ProcessPerCompGainOppo: gains print start =====================
07-28 03:53:52.304  1913  3466 I SDM     : CasQcPlugIn::ProcessPerCompGainOppo: gain --------------------------------
07-28 03:53:52.304  1913  3466 I SDM     : CasQcPlugIn::ProcessPerCompGainOppo: old: 0 0 0 203 371 784 1439 3072
07-28 03:53:52.304  1913  3466 I SDM     : CasQcPlugIn::ProcessPerCompGainOppo: new: 0 0 0 184 296 627 1151 3072
07-28 03:53:52.305  1913  3466 I SDM     : CasQcPlugIn::ProcessPerCompGainOppo: gain --------------------------------
07-28 03:53:52.305  1913  3466 I SDM     : CasQcPlugIn::ProcessPerCompGainOppo: old: 0 0 0 165 279 566 1531 3072
07-28 03:53:52.305  1913  3466 I SDM     : CasQcPlugIn::ProcessPerCompGainOppo: new: 0 0 0 149 195 452 1224 3072
07-28 03:53:52.305  1913  3466 I SDM     : CasQcPlugIn::ProcessPerCompGainOppo: gain --------------------------------
07-28 03:53:52.305  1913  3466 I SDM     : CasQcPlugIn::ProcessPerCompGainOppo: old: 0 0 0 237 458 732 1873 3072
07-28 03:53:52.305  1913  3466 I SDM     : CasQcPlugIn::ProcessPerCompGainOppo: new: 0 0 0 214 458 732 1873 3072
07-28 03:53:52.305  1913  3466 I SDM     : CasQcPlugIn::ProcessPerCompGainOppo: gains print end =======================
07-28 03:53:52.310  1913  2217 I SDM     : DRMPanelFeatureMgr::ApplyDirtyFeature: Commited panel feature [enabled]: 20-272
07-28 03:53:52.310  1913  2217 I SDM     : DRMPanelFeatureMgr::ApplyDirtyFeature: Commited panel feature [enabled]: 8-271
07-28 03:53:52.312  1913  3466 I SDM     : DemuraIntfImpl::StageAllData: Staged all data to Demura Driver!
07-28 03:53:52.312  1913  3466 I SDM     : HWPeripheralDRM::SetPanelFeature: Set Panel feature property 19
07-28 03:53:52.312  1913  3466 I SDM     : HWPeripheralDRM::SetPanelFeature: Set Panel feature property 7
07-28 03:53:52.313  1913  3466 I SDM     : DisplayBuiltIn::TriggerDemuraOemPlugIn: Trigger demura oem plugin success
07-28 03:53:52.320  1913  2217 I SDM     : DRMPanelFeatureMgr::ApplyDirtyFeature: Commited panel feature [enabled]: 20-272
07-28 03:53:52.320  1913  2217 I SDM     : DRMPanelFeatureMgr::ApplyDirtyFeature: Commited panel feature [enabled]: 8-271
07-28 03:53:52.334  1820  1928 I sensors-hal: send_brightness:991, light_iface: send_cfg, br 93, dc 0, power on 1, val 131165
07-28 03:53:52.335  1913  3466 I CasManager: DBV changed from 94 to 93
07-28 03:53:52.335  1913  3466 I CasManager: DBV changed, but bin id not change, so trigger gain
07-28 03:53:52.335  1913  3466 W SDM     : DemuraIntfImpl::ProcessOemPluginGain: Thermal intf_ is nullptr 0, default to 25 degree
07-28 03:53:52.335  1913  3466 I SDM     : CasQcPlugIn::ProcessPerCompGainOppo: input params, mode:PWM, fps:120, dbv:93
07-28 03:53:52.335  1913  3466 I SDM     : CasQcPlugIn::ProcessPerCompGainOppo: normalized bright_adj:1024, dbv:93, bin_dbv:19, 
07-28 03:53:52.335  1913  3466 I SDM     : CasQcPlugIn::ProcessPerCompGainOppo: gains print start =====================
07-28 03:53:52.335  1913  3466 I SDM     : CasQcPlugIn::ProcessPerCompGainOppo: gain --------------------------------
07-28 03:53:52.335  1913  3466 I SDM     : CasQcPlugIn::ProcessPerCompGainOppo: old: 0 0 0 203 371 784 1439 3072
07-28 03:53:52.335  1913  3466 I SDM     : CasQcPlugIn::ProcessPerCompGainOppo: new: 0 0 0 184 296 627 1151 3072
07-28 03:53:52.335  1913  3466 I SDM     : CasQcPlugIn::ProcessPerCompGainOppo: gain --------------------------------
07-28 03:53:52.335  1913  3466 I SDM     : CasQcPlugIn::ProcessPerCompGainOppo: old: 0 0 0 165 279 566 1531 3072
07-28 03:53:52.335  1913  3466 I SDM     : CasQcPlugIn::ProcessPerCompGainOppo: new: 0 0 0 149 195 452 1224 3072
07-28 03:53:52.335  1913  3466 I SDM     : CasQcPlugIn::ProcessPerCompGainOppo: gain --------------------------------
07-28 03:53:52.335  1913  3466 I SDM     : CasQcPlugIn::ProcessPerCompGainOppo: old: 0 0 0 237 458 732 1873 3072
07-28 03:53:52.335  1913  3466 I SDM     : CasQcPlugIn::ProcessPerCompGainOppo: new: 0 0 0 215 458 732 1873 3072
07-28 03:53:52.335  1913  3466 I SDM     : CasQcPlugIn::ProcessPerCompGainOppo: gains print end =======================
07-28 03:53:52.337  1993  2025 D BatteryChargeControl: bcc get no support from charging protocol
07-28 03:53:52.344  1913  3466 I SDM     : DemuraIntfImpl::StageAllData: Staged all data to Demura Driver!
07-28 03:53:52.345  1913  3466 I SDM     : HWPeripheralDRM::SetPanelFeature: Set Panel feature property 19
07-28 03:53:52.345  1913  3466 I SDM     : HWPeripheralDRM::SetPanelFeature: Set Panel feature property 7
07-28 03:53:52.345  1913  3466 I SDM     : DisplayBuiltIn::TriggerDemuraOemPlugIn: Trigger demura oem plugin success
07-28 03:53:52.353  1913  2217 I SDM     : DRMPanelFeatureMgr::ApplyDirtyFeature: Commited panel feature [enabled]: 20-272
07-28 03:53:52.353  1913  2217 I SDM     : DRMPanelFeatureMgr::ApplyDirtyFeature: Commited panel feature [enabled]: 8-271
07-28 03:53:52.368  1820  1928 I sensors-hal: send_brightness:991, light_iface: send_cfg, br 90, dc 0, power on 1, val 131162
07-28 03:53:52.368  1913  3466 I CasManager: DBV changed from 93 to 90
07-28 03:53:52.368  1913  3466 I CasManager: DBV changed, but bin id not change, so trigger gain
07-28 03:53:52.368  1913  3466 W SDM     : DemuraIntfImpl::ProcessOemPluginGain: Thermal intf_ is nullptr 0, default to 25 degree
07-28 03:53:52.368  1913  3466 I SDM     : CasQcPlugIn::ProcessPerCompGainOppo: input params, mode:PWM, fps:120, dbv:90
07-28 03:53:52.368  1913  3466 I SDM     : CasQcPlugIn::ProcessPerCompGainOppo: normalized bright_adj:1024, dbv:90, bin_dbv:19, 
07-28 03:53:52.368  1913  3466 I SDM     : CasQcPlugIn::ProcessPerCompGainOppo: gains print start =====================
07-28 03:53:52.368  1913  3466 I SDM     : CasQcPlugIn::ProcessPerCompGainOppo: gain --------------------------------
07-28 03:53:52.368  1913  3466 I SDM     : CasQcPlugIn::ProcessPerCompGainOppo: old: 0 0 0 203 371 784 1439 3072
07-28 03:53:52.368  1913  3466 I SDM     : CasQcPlugIn::ProcessPerCompGainOppo: new: 0 0 0 185 296 627 1151 3072
07-28 03:53:52.368  1913  3466 I SDM     : CasQcPlugIn::ProcessPerCompGainOppo: gain --------------------------------
07-28 03:53:52.368  1913  3466 I SDM     : CasQcPlugIn::ProcessPerCompGainOppo: old: 0 0 0 165 279 566 1531 3072
07-28 03:53:52.368  1913  3466 I SDM     : CasQcPlugIn::ProcessPerCompGainOppo: new: 0 0 0 150 195 452 1224 3072
07-28 03:53:52.368  1913  3466 I SDM     : CasQcPlugIn::ProcessPerCompGainOppo: gain --------------------------------
07-28 03:53:52.368  1913  3466 I SDM     : CasQcPlugIn::ProcessPerCompGainOppo: old: 0 0 0 237 458 732 1873 3072
07-28 03:53:52.368  1913  3466 I SDM     : CasQcPlugIn::ProcessPerCompGainOppo: new: 0 0 0 216 458 732 1873 3072
07-28 03:53:52.368  1913  3466 I SDM     : CasQcPlugIn::ProcessPerCompGainOppo: gains print end =======================
07-28 03:53:52.378  1913  3466 I SDM     : DemuraIntfImpl::StageAllData: Staged all data to Demura Driver!
07-28 03:53:52.378  1913  3466 I SDM     : HWPeripheralDRM::SetPanelFeature: Set Panel feature property 19
07-28 03:53:52.378  1913  3466 I SDM     : HWPeripheralDRM::SetPanelFeature: Set Panel feature property 7
07-28 03:53:52.379  1913  3466 I SDM     : DisplayBuiltIn::TriggerDemuraOemPlugIn: Trigger demura oem plugin success
07-28 03:53:52.383  1983  1983 D SensorFeature: name=ssc_screenshot_info ,index = 22
07-28 03:53:52.383  1983  1983 D SensorFeature: write 29 bytes:47010045970,55820822685,152,0
07-28 03:53:52.385  1820  4439 I sensors-hal: handle_oplus_wise_rgb_event:189, high_pwm_light:lux 2.2,cct 5300.0,brl/algo/ir 94.0/2.0/0.0,pwm/dc 0.0/0.0,rgbc 142.529068/128.770782/49.217934/306.995422,ts 55756689057,cnt 800,flag 152
07-28 03:53:52.386  1913  4433 I Dpps    : LtmSwState::SetParameter():144 ignore cmd 7 in state LtmOffState
07-28 03:53:52.387  1913  2217 I SDM     : DRMPanelFeatureMgr::ApplyDirtyFeature: Commited panel feature [enabled]: 20-272
07-28 03:53:52.387  1913  2217 I SDM     : DRMPanelFeatureMgr::ApplyDirtyFeature: Commited panel feature [enabled]: 8-271
07-28 03:53:52.459  1913  3466 I CasManager: DBV changed from 90 to 89
07-28 03:53:52.459  1913  3466 I CasManager: DBV changed, but bin id not change, so trigger gain
07-28 03:53:52.459  1913  3466 W SDM     : DemuraIntfImpl::ProcessOemPluginGain: Thermal intf_ is nullptr 0, default to 25 degree
07-28 03:53:52.459  1913  3466 I SDM     : CasQcPlugIn::ProcessPerCompGainOppo: input params, mode:PWM, fps:120, dbv:89
07-28 03:53:52.459  1913  3466 I SDM     : CasQcPlugIn::ProcessPerCompGainOppo: normalized bright_adj:1024, dbv:89, bin_dbv:19, 
07-28 03:53:52.459  1913  3466 I SDM     : CasQcPlugIn::ProcessPerCompGainOppo: gains print start =====================
07-28 03:53:52.459  1913  3466 I SDM     : CasQcPlugIn::ProcessPerCompGainOppo: gain --------------------------------
07-28 03:53:52.459  1913  3466 I SDM     : CasQcPlugIn::ProcessPerCompGainOppo: old: 0 0 0 203 371 784 1439 3072
07-28 03:53:52.459  1913  3466 I SDM     : CasQcPlugIn::ProcessPerCompGainOppo: new: 0 0 0 185 296 627 1151 3072
07-28 03:53:52.459  1820  1928 I sensors-hal: send_brightness:991, light_iface: send_cfg, br 89, dc 0, power on 1, val 131161
07-28 03:53:52.459  1913  3466 I SDM     : CasQcPlugIn::ProcessPerCompGainOppo: gain --------------------------------
07-28 03:53:52.459  1913  3466 I SDM     : CasQcPlugIn::ProcessPerCompGainOppo: old: 0 0 0 165 279 566 1531 3072
07-28 03:53:52.459  1913  3466 I SDM     : CasQcPlugIn::ProcessPerCompGainOppo: new: 0 0 0 150 195 452 1224 3072
07-28 03:53:52.459  1913  3466 I SDM     : CasQcPlugIn::ProcessPerCompGainOppo: gain --------------------------------
07-28 03:53:52.459  1913  3466 I SDM     : CasQcPlugIn::ProcessPerCompGainOppo: old: 0 0 0 237 458 732 1873 3072
07-28 03:53:52.459  1913  3466 I SDM     : CasQcPlugIn::ProcessPerCompGainOppo: new: 0 0 0 216 458 732 1873 3072
07-28 03:53:52.459  1913  3466 I SDM     : CasQcPlugIn::ProcessPerCompGainOppo: gains print end =======================
07-28 03:53:52.467  1820  1928 I sensors-hal: send_brightness:991, light_iface: send_cfg, br 87, dc 0, power on 1, val 131159
07-28 03:53:52.469  1913  3466 I SDM     : DemuraIntfImpl::StageAllData: Staged all data to Demura Driver!
07-28 03:53:52.469  1913  3466 I SDM     : HWPeripheralDRM::SetPanelFeature: Set Panel feature property 19
07-28 03:53:52.469  1913  3466 I SDM     : HWPeripheralDRM::SetPanelFeature: Set Panel feature property 7
07-28 03:53:52.469  1913  3466 I SDM     : DisplayBuiltIn::TriggerDemuraOemPlugIn: Trigger demura oem plugin success
07-28 03:53:52.469  1913  3466 I CasManager: DBV changed from 89 to 87
07-28 03:53:52.469  1913  3466 I CasManager: DBV changed, but bin id not change, so trigger gain
07-28 03:53:52.469  1913  3466 W SDM     : DemuraIntfImpl::ProcessOemPluginGain: Thermal intf_ is nullptr 0, default to 25 degree
07-28 03:53:52.469  1913  3466 I SDM     : CasQcPlugIn::ProcessPerCompGainOppo: input params, mode:PWM, fps:120, dbv:87
07-28 03:53:52.469  1913  3466 I SDM     : CasQcPlugIn::ProcessPerCompGainOppo: normalized bright_adj:1024, dbv:87, bin_dbv:19, 
07-28 03:53:52.469  1913  3466 I SDM     : CasQcPlugIn::ProcessPerCompGainOppo: gains print start =====================
07-28 03:53:52.469  1913  3466 I SDM     : CasQcPlugIn::ProcessPerCompGainOppo: gain --------------------------------
07-28 03:53:52.469  1913  3466 I SDM     : CasQcPlugIn::ProcessPerCompGainOppo: old: 0 0 0 203 371 784 1439 3072
07-28 03:53:52.469  1913  3466 I SDM     : CasQcPlugIn::ProcessPerCompGainOppo: new: 0 0 0 185 296 627 1151 3072
07-28 03:53:52.469  1913  3466 I SDM     : CasQcPlugIn::ProcessPerCompGainOppo: gain --------------------------------
07-28 03:53:52.469  1913  3466 I SDM     : CasQcPlugIn::ProcessPerCompGainOppo: old: 0 0 0 165 279 566 1531 3072
07-28 03:53:52.469  1913  3466 I SDM     : CasQcPlugIn::ProcessPerCompGainOppo: new: 0 0 0 151 195 452 1224 3072
07-28 03:53:52.469  1913  3466 I SDM     : CasQcPlugIn::ProcessPerCompGainOppo: gain --------------------------------
07-28 03:53:52.469  1913  3466 I SDM     : CasQcPlugIn::ProcessPerCompGainOppo: old: 0 0 0 237 458 732 1873 3072
07-28 03:53:52.469  1913  3466 I SDM     : CasQcPlugIn::ProcessPerCompGainOppo: new: 0 0 0 216 458 732 1873 3072
07-28 03:53:52.500  1820  1928 I sensors-hal: send_brightness:991, light_iface: send_cfg, br 85, dc 0, power on 1, val 131157
07-28 03:53:52.559  1820  1928 I sensors-hal: send_brightness:991, light_iface: send_cfg, br 84, dc 0, power on 1, val 131156
07-28 03:53:52.567  1820  1928 I sensors-hal: send_brightness:991, light_iface: send_cfg, br 83, dc 0, power on 1, val 131155
07-28 03:53:52.626  1820  1928 I sensors-hal: send_brightness:991, light_iface: send_cfg, br 81, dc 0, power on 1, val 131153
07-28 03:53:52.675  1820  1928 I sensors-hal: send_brightness:991, light_iface: send_cfg, br 79, dc 0, power on 1, val 131151
07-28 03:53:52.683  1820  1928 I sensors-hal: send_brightness:991, light_iface: send_cfg, br 78, dc 0, power on 1, val 131150
07-28 03:53:52.685  1983  1983 D SensorFeature: name=ssc_screenshot_info ,index = 22
07-28 03:53:52.685  1983  1983 D SensorFeature: write 29 bytes:47010045970,56122519091,153,0
07-28 03:53:52.711  3418  3784 D OplusFeatureHDREnhanceBrightness: setAnimating : displayId[0]=false
07-28 03:53:52.711  3418  3784 D OplusFeatureReduceBrightness: setAnimating : animating = false
07-28 03:53:52.711  3418  3784 D OplusFeatureEdrEnhanceBrightness: setAnimating: false
07-28 03:53:52.711  3418  3784 D OplusFeaturePwEdrEnhanceBrightness: setAnimating: false
07-28 03:53:52.711  3418  3784 D RampAnimatorExtImpl: onAnimationEnd id[0]=[true,0],changed=[326->326->80],duration:4548,phaseCounts=[275, 0, 0]
07-28 03:53:52.890  1820  4439 I sensors-hal: handle_oplus_wise_rgb_event:189, high_pwm_light:lux 2.0,cct 5300.0,brl/algo/ir 81.0/2.0/0.0,pwm/dc 0.0/0.0,rgbc 115.955849/107.699203/41.343063/276.295868,ts 56097991557,cnt 810,flag 153
07-28 03:53:52.987  1983  1983 D SensorFeature: name=ssc_screenshot_info ,index = 22
07-28 03:53:52.987  1983  1983 D SensorFeature: write 29 bytes:47010045970,56424519872,154,0
07-28 03:53:53.066  3418  4610 V SystemSensorManagerExtImpl: unRegisterListener by com.oplus.location.fused.ActivityRecognitionHandler$1@6703a29 and its name is oplus_activity_recognition  Wakeup
07-28 03:53:53.066  3418  4610 W SensorService: SensorEventConnection sensor handle=1372, package = com.oplus.location.fused.ActivityRecognitionHandler disable
07-28 03:53:53.066  3418  4610 D SensorService: 0xb400006cc5439180 removeFd fd=988
07-28 03:53:53.067  3418  4610 D SensorService: SensorDevice::activate: ident=0xb400006cc5439180, handle=0x0000055c, enabled=0, count=4
07-28 03:53:53.067  3418  4610 D SensorService: disable index=1
07-28 03:53:53.067  3418  4610 D SensorService: 	>>> actuating h/w batch 0x0000055c 200000000 0
07-28 03:53:53.067  1820  1820 I sensors-hal: batch:153, qti.sensor.oplus_activity_recognition/1372, period=200000000, max_latency=0
07-28 03:53:53.067  1820  1820 I sensors-hal: batch:175, qti.sensor.oplus_activity_recognition/1372, period=200000000, max_latency=0 request completed
07-28 03:53:53.067  3418  4610 D SensorService: activateHardware = 0
07-28 03:53:53.068  3418  4610 D SensorService: ~SensorEventConnection(0xb400006cc5439180)
07-28 03:53:53.068  3418  4610 D SensorService: 11 active sensors
07-28 03:53:53.088  1993  7281 D charge_time: type=sdp,reserve_soc=2,soc=34,ui_soc=35,current=117,avg=117,not_chg_cnt=0,stable_cnt=7,fcc=5724,fcc_ratio=94,delta=41,debug=0,region=18,ttf=53699(14:54:59),ui_ttf=25841(07:10:41)
07-28 03:53:53.156  1913  4433 W LOG_FLOWCTRL: ==LOGS OVER PROC QUOTA(300), rows(145) bytes(10304) vendor.qti.hardware.display.composer-service DROPPED==
07-28 03:53:53.156  1913  4433 I Dpps    : LtmSwState::SetParameter():144 ignore cmd 7 in state LtmOffState
07-28 03:53:53.214  2162  3523 D VRR [OTI-HW]: isStateReady 0
07-28 03:53:53.214  2162  3523 D VRR [OTI-HW]: keep rate.
07-28 03:53:53.214  3418  3803 D VRR [OPlusSurfaceFlingerController]:  setDirectorOtiHwConfig : true
07-28 03:53:53.289  1983  1983 D SensorFeature: name=ssc_screenshot_info ,index = 22
07-28 03:53:53.289  1983  1983 D SensorFeature: write 29 bytes:47010045970,56726794664,155,0
07-28 03:53:53.322 12437 12446 W System  : A resource failed to call close. 
07-28 03:53:53.322 12437 12446 W System  : A resource failed to call close. 
07-28 03:53:53.330  1794  1798 E Diag-Router: diag: glinkpkt_open: failed to create control node for slate_adsp
07-28 03:53:53.330  1794  1798 E Diag-Router: diag: diag_glinkpkt_open_thread: Glinkpkt_open failed for perif: 13 with err: -1, retry_cnt: 9
07-28 03:53:53.330  1794  1797 E Diag-Router: diag: glinkpkt_open: failed to create control node for slate_apps
07-28 03:53:53.330  1794  1797 E Diag-Router: diag: diag_glinkpkt_open_thread: Glinkpkt_open failed for perif: 12 with err: -1, retry_cnt: 9
07-28 03:53:53.337  1993  2025 D BatteryChargeControl: bcc get no support from charging protocol
07-28 03:53:53.393  1816  1816 D healthd : system healthd: battery l=35 v=3717 t=35.7 h=2 st=2 c=-111 fc=5920000 cc=18 chg=u
07-28 03:53:53.421  1820  4439 I sensors-hal: handle_oplus_wise_rgb_event:189, high_pwm_light:lux 2.1,cct 5300.0,brl/algo/ir 78.0/2.0/0.0,pwm/dc 0.0/0.0,rgbc 120.787346/107.699203/41.343063/278.854126,ts 56703176192,cnt 820,flag 155
07-28 03:53:53.421  3418  4382 D FusionLightNextGen: process end reported = 1, mode: 0, lux 0.0, cct -1.0, r/g/b/c: 120.8/110.0/43.3/278.9, R/G/B: 104.0/98.0/97.0, bri 78.0, match 1.00, ir 0.000000, conf 0.0, ts 56711434213
07-28 03:53:53.422  1913  4433 I Dpps    : LtmSwState::SetParameter():144 ignore cmd 7 in state LtmOffState
07-28 03:53:53.430  1993  1993 D vendor.oplus.hardware.charger-V7-service: get_ui_charge_icon_type 0 0 0 0 0
07-28 03:53:53.431  1993  1993 D vendor.oplus.hardware.charger-V7-service: oplus_chg_get_cpa_power 2500 charge_online 1 retention_topic 0
07-28 03:53:53.431  1993  1993 D vendor.oplus.hardware.charger-V7-service: oplus_chg_get_cpa_power 2500 charge_online 1 retention_topic 0
07-28 03:53:53.431  1993  1993 D vendor.oplus.hardware.charger-V7-service: getIsSingleHyperSupport=2, cpa_power=2
07-28 03:53:53.436  3418  3418 D OplusWifiBroadCastDispatcher: mBroadcastReceiver: onReceiver  action=android.intent.action.BATTERY_CHANGED
07-28 03:53:53.437  3418  3788 D OplusDisplayBrightnessBroadcastReceiver: onReceive action = android.intent.action.BATTERY_CHANGED , listeners = [com.android.server.display.OplusFeatureLowVoltageLimitBrightness$InstallVoltageBroadcastReceiver@b62aab1, com.android.server.display.OplusFeatureHDREnhanceBrightness$PhoneInfoReceiver@eeacb96, com.android.server.display.OplusFeatureEdrEnhanceBrightness$PhoneInfoReceiver@49317]
07-28 03:53:53.437  3418  3788 I OplusFeatureLowVoltageLimitBrightness[P]: handleMessage MSG_BATTER_TEMPERATURE_CHAGNE changed = false temperature = 357 , battery = 35
07-28 03:53:53.437  3418  4223 D OplusCustomizeRestrictionManagerService: isSuperPowerSavingModeDisabled Pid: 4850, Uid: 10218
07-28 03:53:53.438  5162  5162 D SubsysBroadcastManager: onReceive action:android.intent.action.BATTERY_CHANGED
07-28 03:53:53.438  5162  5162 D RFPowerBoostManager: current battery level is 35
07-28 03:53:53.439  3418  4223 D OplusCustomizeRestrictionManagerService: isSuperPowerSavingModeDisabled Pid: 4850, Uid: 10218
07-28 03:53:53.439  4955  4955 D DeviceStatisticsService: onReceive: action= android.intent.action.BATTERY_CHANGED
07-28 03:53:53.439  3418  4223 D OplusCustomizeRestrictionManagerService: isSuperPowerSavingModeDisabled Pid: 4850, Uid: 10218
07-28 03:53:53.440  3418  5240 D OplusCustomizeRestrictionManagerService: isSuperPowerSavingModeDisabled Pid: 4850, Uid: 10218
07-28 03:53:53.440  4850  4850 I SystemUi--Statusbar: BatteryControllerExt-->updateBatteryChangeIntent():broadcast=android.intent.action.BATTERY_CHANGED,level=35,scale=100
07-28 03:53:53.440  4850  4850 I SystemUi--Statusbar: BatteryRepository-->level: 35 -- isSavingMode: false
07-28 03:53:53.440  1993  1993 D vendor.oplus.hardware.charger-V7-service: getChargerControl:
07-28 03:53:53.441  4850  5097 I SystemUi--SystemUi--: OtgHelper-->OtgCurrentState = 1, mOtgLastState = 1
07-28 03:53:53.441  7362  9288 E Battery : ChargeProtectionUtils: mCanlendarTmp.isEmpty()!
07-28 03:53:53.442  3418  3418 D EnvelopeDetectorController: isEnvelopeAssistantEnabled isCancelNotification: true currentUserId: 0 userId: 0
07-28 03:53:53.442  3418  3418 D EnvelopeDetectorController: isEnvelopeAssistantEnabled isCancelNotification: true currentUserId: 0 userId: 0
07-28 03:53:53.548  1993  2002 D vendor.oplus.hardware.charger-V7-service: s_chg_user_mode: 3
07-28 03:53:53.548  1993  2002 D vendor.oplus.hardware.charger-V7-service: scale_chg Start!!!
07-28 03:53:53.548  1993  2002 D vendor.oplus.hardware.charger-V7-service: [0, 0, 3]
07-28 03:53:53.548  1993  2002 D vendor.oplus.hardware.charger-V7-service: [0, 2, 9]
07-28 03:53:53.548  1993  2002 D vendor.oplus.hardware.charger-V7-service: [0, 1, 3]
07-28 03:53:53.548  1993  2002 D vendor.oplus.hardware.charger-V7-service: [0, 3, 3]
07-28 03:53:53.549  1993  2002 D vendor.oplus.hardware.charger-V7-service: [0, 4, 3]
07-28 03:53:53.549  1993  2002 D vendor.oplus.hardware.charger-V7-service: [0, 5, 5]
07-28 03:53:53.549  1993  2002 D vendor.oplus.hardware.charger-V7-service: [0, 6, 9]
07-28 03:53:53.549  1993  2002 D vendor.oplus.hardware.charger-V7-service: scale_chg Start!!!
07-28 03:53:53.549  1993  2002 D vendor.oplus.hardware.charger-V7-service: [0, 0, 3]
07-28 03:53:53.550  1993  2002 D vendor.oplus.hardware.charger-V7-service: [0, 2, 10]
07-28 03:53:53.550  1993  2002 D vendor.oplus.hardware.charger-V7-service: [0, 1, 3]
07-28 03:53:53.550  1993  2002 D vendor.oplus.hardware.charger-V7-service: [0, 3, 3]
07-28 03:53:53.550  1993  2002 D vendor.oplus.hardware.charger-V7-service: [0, 4, 3]
07-28 03:53:53.550  1993  2002 D vendor.oplus.hardware.charger-V7-service: [0, 5, 3]
07-28 03:53:53.550  1993  2002 D vendor.oplus.hardware.charger-V7-service: [0, 6, 10]
07-28 03:53:53.552  1993  2021 D vendor.oplus.hardware.charger-V7-service: ret_value:111, read content:,357,373,3717,3715,-111,34,35,1,1,0,494,4644,34,1,4475,300,500,0,5,-22,5,0,1,0,2,0,0,0,1,6098,99,0,0,0,0,0,0,0
07-28 03:53:53.552  1993  2021 D vendor.oplus.hardware.charger-V7-service: gmtime: 2025-07-28-03-53-53
07-28 03:53:53.553  1993  2021 D vendor.oplus.hardware.charger-V7-service: usb_online:1, ac_online:-2147483648, wireless_online:0
07-28 03:53:53.591  1983  1983 D SensorFeature: name=ssc_screenshot_info ,index = 22
07-28 03:53:53.591  1983  1983 D SensorFeature: write 29 bytes:47010045970,57028897372,156,0
07-28 03:53:53.687  1913  4433 I Dpps    : LtmSwState::SetParameter():144 ignore cmd 7 in state LtmOffState
07-28 03:53:53.894  1983  1983 D SensorFeature: name=ssc_screenshot_info ,index = 22
07-28 03:53:53.894  1983  1983 D SensorFeature: write 29 bytes:47010045970,57330985132,157,0
07-28 03:53:53.953  1820  4439 I sensors-hal: handle_oplus_wise_rgb_event:189, high_pwm_light:lux 2.2,cct 5300.0,brl/algo/ir 78.0/2.0/0.0,pwm/dc 0.0/0.0,rgbc 120.787346/107.699203/43.311783/273.737579,ts 57309235567,cnt 830,flag 157
07-28 03:53:53.954  1913  4433 I Dpps    : LtmSwState::SetParameter():144 ignore cmd 7 in state LtmOffState
07-28 03:53:53.979  3418  5240 I InputDispatcher: injectInputEvent: targetUid=<not set>, syncMode=WAIT_FOR_FINISHED, timeout=30000ms, policyFlags=0x8000000, event=MotionEvent { action=DOWN, id[0]=0, x[0]=900, y[0]=30, eventTime=57418000000, downTime=57418000000, deviceId=4, source=TOUCHSCREEN, displayId=0, eventId=0xc75cab63}
07-28 03:53:53.980  2162  3523 D VRR [OTI]: handleIdle from 1 to 0
07-28 03:53:53.980  2162  3523 D VRR [OTI-HW]: isStateReady 0
07-28 03:53:53.980  2162  3523 D VRR [OTI-HW]: keep rate.
07-28 03:53:53.980  3418  4615 D OMP_Detector: D:done mCurrStatus: 0
07-28 03:53:53.980  3418  4795 I [UAH_CLIENT]: UahEventAcquire, cmdid:37, pkg:none, identity:OplusUAwareInputHelper
07-28 03:53:53.980  3418  3785 D PowerManagerService: userActivityNoUpdateLocked: groupId=0, eventTime=57418, event=touch, flags=0x0, uid=1000
07-28 03:53:53.981  3418  4795 D UAH-UahAdaptHelper: adaptSetNotification identity = OplusUAwareInputHelpersrc = 1000 , type 0 ,p1 = -1 ,p2 = -1 ,p3 = -1 ,p4 =
07-28 03:53:53.981  3418  4795 I [UAH_CLIENT]: uahRuleCtl, ruleId:1000, status:0
07-28 03:53:53.981  4850  4850 V AutofillManager: requestHideFillUi(null): anchor = null
07-28 03:53:53.981  4850  4850 V Application: getAutofillClient(): null on super, trying to find activity thread
07-28 03:53:53.981  4850  4850 V Application: getAutofillClient(): none of the 0 activities on com.android.systemui.SystemUIApplication@7e42fcc are top resumed nor have focus
07-28 03:53:53.981  4850  4850 V AutofillManager: No AutofillClient for com.android.systemui on context com.android.systemui.SystemUIApplication@7e42fcc
07-28 03:53:53.982  4850  4850 I PluginSeedling--Capsule: CapsuleTouchEventHandler-->onInterceptTouchEvent interceptEvent: false
07-28 03:53:53.985  3418  3736 W UserAwareMgr: can not find match thread: GaussianBlur for process com.android.systemui
07-28 03:53:53.986  4850  5964 I [UAH_CLIENT]: UahEventAcquire, cmdid:97, pkg:none, identity:OsenseHelperImpl
07-28 03:53:53.986  4850  4850 I SystemUi--Common: ScrollTranslationValue-->resetPanelTranslationY
07-28 03:53:53.987  4850  4850 I SystemUi--QuickSettings: OplusPanelViewPagerController-->initExpanded downExpanded=NONE downOnRight=true targetPage=NOTIFICATION downOnYHotArea=true  isKeyguardShowing=false isOnKeyguard=false fractionListeners.size=0 currentQsFraction=0.0 currentNotifyFraction=0.0 hasCalledDownEvent=true getScrollXHotZone=([Rect(0, 0 - 1080, 2376)], [Rect(-1, -1 - -1, -1), Rect(157, 1999 - 283, 2125), Rect(823, 1999 - 949, 2125)]) getScrollYHotZone=Rect(0, 0 - 1080, 66) notifyExpandedFraction=0.0 isLastUpToExpand=false qsPanelView.translationX=0.0
07-28 03:53:53.987  4850  4850 I SystemUi--QuickSettings: OplusPanelViewPagerController-->shouldOpenQS  set targetPage=QS
07-28 03:53:53.987  4850  4850 I SystemUi--Common: ScrollTranslationValue-->resetPanelTranslationY
07-28 03:53:53.987  4850  4850 I SystemUi--QuickSettings: OplusPanelViewPagerController-->initExpanded downExpanded=NONE downOnRight=true targetPage=QS downOnYHotArea=true  isKeyguardShowing=false isOnKeyguard=false fractionListeners.size=0 currentQsFraction=0.0 currentNotifyFraction=0.0 hasCalledDownEvent=true getScrollXHotZone=([Rect(0, 0 - 1080, 2376)], [Rect(-1, -1 - -1, -1), Rect(157, 1999 - 283, 2125), Rect(823, 1999 - 949, 2125)]) getScrollYHotZone=Rect(0, 0 - 1080, 66) notifyExpandedFraction=0.0 isLastUpToExpand=false qsPanelView.translationX=0.0
07-28 03:53:53.987  4850  4850 I SystemUi--QuickSettings: OplusPanelViewPagerController-->shouldOpenQS  set targetPage=QS
07-28 03:53:53.987  4850  4850 I SystemUi--QuickSettings: OplusQSPageViewController-->reset(), pageList size:2 itemCount:2 oldIndex:0 curIndex:0
07-28 03:53:53.987  4850  4850 I SystemUi--QuickSettings: OplusQSRootViewController-->startExpandMotion event: 0, startTracking: false isClosing: false panelClosedOnDown: true
