07-28 19:58:11.726  4845  4845 I SystemUi--Common: OplusShadeExpansionStat-->go state: CLOSED -> OPENING
07-28 19:58:11.726  4845  5789 D Tile.CustomTile.OshareTileService: refreshState: tile not listening, ignore
07-28 19:58:11.726  4845  4845 I SystemUi--Notification: OplusHeadsUpNotificationViewBinder-->isVisibility: true
07-28 19:58:11.726  4845  5789 D TileStateController: bindAppWhenListening: false ComponentInfo{com.coloros.oshare/com.oplus.oshare.OshareTileService}
07-28 19:58:11.727  4845  4845 I SystemUi--Keyguard: ScrimControllerExImp-->blur State to UNLOCK, bouncer=false changeFromBouncerScrim= false runnerUnlock= false goingAway=false hasHandle=true isOccludeAnimationPlaying=false
07-28 19:58:11.727  4845  5789 I SystemUi--QuickSettings: Tile.CustomTile.OshareTileService-->bindServiceWhenListening: false when isOplusQsTile
07-28 19:58:11.727  4845  5789 D Tile.CustomTile.OshareTileService: refreshState: tile not listening, ignore
07-28 19:58:11.727  4845  4845 I SystemUi--Common: PlatformBlurManagerImpl-->setPlatformBlurMode: blurMode=AUTO(blurFrequency=2)
07-28 19:58:11.727  4845  4845 I SystemUi--Common: PlatformBlurManagerImpl-->updateMotionFrequency: isExpanding=true
07-28 19:58:11.727  4845  5789 D TileStateController: setListening listening: true component: ComponentInfo{com.oplus.eyeprotect/com.oplus.eyeprotect.services.EyeProtectTileService} userContext: com.android.systemui.SystemUIApplication@d553f9d
07-28 19:58:11.728  4845  4845 I SystemUi--Notification: OplusNotificationShadeWindowControllerExImpl-->isExpanded: isPowerBlock=false ,isErrorFpTouchWhenScreenOff=false ,qsPanelVisible=false, isAodMaskShow=false
07-28 19:58:11.728  4845  4845 I SystemUi--Notification: OplusNotificationShadeWindowControllerExImpl-->SHADE_FOCUSABLE-->mNotificationShadeFocusable= false, mPanelExpanded= false, mBouncerShowing= false, mKeyguardShowing= false, mKeyguardOccluded= false, mKeyguardNeedsInput= false, ENABLE_REMOTE_INPUT= true, mRemoteInputActive= false, layoutFlags= -2130444216
07-28 19:58:11.728  4845  4845 I SystemUi--Notification: OplusNotificationShadeWindowControllerExImpl-->SHADE_VISIBLE-->mKeyguardShowing= false, mKeyguardOccluded= false, mPanelVisible= false, mKeyguardFadingAway= false, mKeyguardGoingAway= false, mBouncerShowing= false, mScrimsVisibility= 1, mBackgroundBlurRadius= 0, mForcePluginOpen= false, mediaBackdropShowing= false, viewVisibility= true, qsBlurFraction= 0.014169565, panelBlurFraction= 0.0
07-28 19:58:11.729  4845  4845 D UXUtils : notifyUiSwitched: 1
07-28 19:58:11.729  3414  3732 I UserAwareMgr: handleTopAppChanged: com.android.systemui, pid: 4845, uid: 10218
07-28 19:58:11.729  7436  7485 I mydevices[core].ProviderCallProcessor: (binder:7436_1)method: panel_state; arg: panel_resume
07-28 19:58:11.730  4845  6028 I SystemUi--Keyguard: OnScreenFingerprintUiMech-->hideFingerprintIconTemporarily for reason: panel expaned ShowForEnroll false mPendingHide false
07-28 19:58:11.730  4845  5789 D Tile.CustomTile.EyeProtectTileService: refreshState: tile not listening, ignore
07-28 19:58:11.730  4845  5789 D TileStateController: bindAppWhenListening: false ComponentInfo{com.oplus.eyeprotect/com.oplus.eyeprotect.services.EyeProtectTileService}
07-28 19:58:11.730  4845  5789 I SystemUi--QuickSettings: Tile.CustomTile.EyeProtectTileService-->bindServiceWhenListening: false when isOplusQsTile
07-28 19:58:11.730  4845  5789 D Tile.CustomTile.EyeProtectTileService: refreshState: tile not listening, ignore
07-28 19:58:11.730  4845  4845 I SystemUi--Notification: ScrimControllerExImp-->[onQsBottomVisibleChanged] qsBottomVisible=true
07-28 19:58:11.730  4845  6950 D OplusTileControllerPlugin: onSettingsStateChange: 1, componentName: ComponentInfo{com.oplus.eyeprotect/com.oplus.eyeprotect.services.EyeProtectTileService}
07-28 19:58:11.730  4845  4845 I SystemUi--Common: PlatformBlurManagerImpl-->resumeBlur: updatePlatformBlurState(updatePanelBlurState): shouldBlur, isKeyguardVisible=false, isKeyguardFadingAway=false, isPanelVisible=true, isShadeLock=false.
07-28 19:58:11.730  4845  4845 I SystemUi--Common: PlatformBlurManagerImpl-->forceStopMotionBlur: stop=false
07-28 19:58:11.730  7436  7485 I mydevices[core].ControlCenterManager: (binder:7436_1)onPanelShow
07-28 19:58:11.730  4845  4845 I SystemUi--Keyguard: ScrimControllerExImp-->blur State to UNLOCK, bouncer=false changeFromBouncerScrim= false runnerUnlock= false goingAway=false hasHandle=true isOccludeAnimationPlaying=false
07-28 19:58:11.730  4845  5789 D Tile.CustomTile.PowerSaveTileService: refreshState: tile not listening, ignore
07-28 19:58:11.730  4845  5789 I SystemUi--QuickSettings: Tile.CustomTile.PowerSaveTileService-->bindServiceWhenListening: true as default
07-28 19:58:11.730  4845  4845 I SystemUi--Statusbar: PrivacyDotViewController-->scheduleUpdate: 
07-28 19:58:11.731  4845  4845 I SystemUi--Statusbar: PrivacyDotViewController-->needShow false
07-28 19:58:11.731  4845  4845 I SystemUi--Statusbar: PrivacyDotViewController-->scheduleUpdate: 
07-28 19:58:11.731  4845  4845 I SystemUi--Notification: OplusNotificationShadeWindowControllerExImpl-->SHADE_FOCUSABLE-->mNotificationShadeFocusable= true, mPanelExpanded= false, mBouncerShowing= false, mKeyguardShowing= false, mKeyguardOccluded= false, mKeyguardNeedsInput= false, ENABLE_REMOTE_INPUT= true, mRemoteInputActive= false, layoutFlags= -2130444216
07-28 19:58:11.731  4845  4845 I SystemUi--Notification: OplusNotificationShadeWindowControllerExImpl-->SHADE_VISIBLE-->mKeyguardShowing= false, mKeyguardOccluded= false, mPanelVisible= false, mKeyguardFadingAway= false, mKeyguardGoingAway= false, mBouncerShowing= false, mScrimsVisibility= 1, mBackgroundBlurRadius= 0, mForcePluginOpen= false, mediaBackdropShowing= false, viewVisibility= true, qsBlurFraction= 0.014169565, panelBlurFraction= 0.0
07-28 19:58:11.731  4845  5410 D [DevicePlugin].DataInterfaceImp.(DefaultDispatcher-worker-3): safeCall, method:getPanelDeviceList
07-28 19:58:11.731  4845  5789 D TileStateController: setListening listening: true component: ComponentInfo{com.oplus.linker/com.oplus.linker.synergy.service.TVTileService} userContext: com.android.systemui.SystemUIApplication@d553f9d
07-28 19:58:11.731  3414  5374 I VibratorManagerServiceExtImpl: cancelVibrate uid=1000, pid=3414, usageFilter=-15, token=33392454
07-28 19:58:11.732  7436  7521 I mydevices[core].ProviderCallProcessor: (binder:7436_3)method: getPanelDeviceList; arg: 
07-28 19:58:11.732  4845  4845 I SystemUi--QuickSettings: BackActionInteractor-->registerBackCallback true
07-28 19:58:11.732  4845  4845 I SystemUi--QuickSettings: OplusSeparateQSManager-->updateSeparateQSExpandState recomputeDisableFlags
07-28 19:58:11.732  4845  4845 I SystemUi--Statusbar: CollapsedSbFragment-->New visibilities calculated internally. StatusBarVisibilityModel(showClock: false showNotificationIcons:false showOngoingActivityChip:false showSystemInfo:false ) 
07-28 19:58:11.732  4845  4845 I SystemUi--Statusbar: CollapsedStatusBarFragmentExImpl-->animate: true, unlockAnimationRunning: false, fadingAway: false, keyguard: false
07-28 19:58:11.733  7436  8641 I mydevices[core].CardsProxyManager: (DefaultDispatcher-worker-8)resume cards: [], visibleCount: 0, showPosition: 4
07-28 19:58:11.733  7436  8641 I mydevices[core].CardsProxyManager: (DefaultDispatcher-worker-8)notify cards size : 0, code = 1
07-28 19:58:11.733  7436  8641 I mydevices[core].CardsProxyManager: (DefaultDispatcher-worker-8)current cards is empty, no need to call the event
07-28 19:58:11.733  4845  5137 D RegionSamplingHelper =:    mCompositionSamplingListener.unregister
07-28 19:58:11.733  4845  5789 D Tile.CustomTile.TVTileService: refreshState: tile not listening, ignore
07-28 19:58:11.733  7436  8641 I mydevices[core].OPSynergyScannerImpl: (DefaultDispatcher-worker-8)reScan
07-28 19:58:11.733  4845  5789 D TileStateController: bindAppWhenListening: false ComponentInfo{com.oplus.linker/com.oplus.linker.synergy.service.TVTileService}
07-28 19:58:11.733  7436  8641 D OplusLog_DeviceKit_com.heytap.mydevices: [SynergyDeviceManager-74569454] isServiceBound
07-28 19:58:11.733  4845  5789 I SystemUi--QuickSettings: Tile.CustomTile.TVTileService-->bindServiceWhenListening: false when isOplusQsTile
07-28 19:58:11.733  4845  5789 D Tile.CustomTile.TVTileService: refreshState: tile not listening, ignore
07-28 19:58:11.733  7436  8641 D OplusLog_DeviceKit_com.heytap.mydevices: [OpDeviceServiceClient-74569454] isServiceBound: null
07-28 19:58:11.733  7436  8641 I mydevices[core].CoreOpDeviceAction: (DefaultDispatcher-worker-8)isServiceBind: isBind: false
07-28 19:58:11.733  2189  2474 I BpBinder: onLastStrongRef automatically unlinking death recipients: 
07-28 19:58:11.733  7436  8641 I mydevices[core].OPSynergyScannerImpl: (DefaultDispatcher-worker-8)getOpDeviceList
07-28 19:58:11.733  4845  5905 D UXUtils : setHasTopUi: true; stack: com.oplus.systemui.shade.OplusNotificationShadeWindowControllerExImpl$uxFlagUpdateRunnable$1.run:12
07-28 19:58:11.733  4845  4845 I SystemUi--Statusbar: CollapsedStatusBarFragmentExImpl-->StatusBarVisibilityModelEx: StatusBarVisibilityModelEx(showClock: false showPromptView:false showOngoingCallChip:false showNotificationContainer:false showOperatorName:false showSeedlingContainer:false ), animate: true
07-28 19:58:11.733  1670  1722 E TetherController: property_get sys.radio.data.modem_share_flag return 0, 1!
07-28 19:58:11.733  4845  5200 I [UAH_CLIENT]: UahEventAcquire, cmdid:413, pkg:none, identity:OsenseHelperImpl
07-28 19:58:11.734  4845  5137 I NotificationShadeWindowController: stop Pending key thread event (apply)
07-28 19:58:11.734  4845  6950 D OplusTileControllerPlugin: onSettingsStateChange: 1, componentName: ComponentInfo{com.oplus.linker/com.oplus.linker.synergy.service.TVTileService}
07-28 19:58:11.734  7436  8641 D OplusLog_DeviceKit_com.heytap.mydevices: [SynergyDeviceManager-74569454] getDeviceList: com.heytap.mydevices.core.action.CoreOpDeviceAction$d@685cfaa
07-28 19:58:11.734  7436  8641 D OplusLog_DeviceKit_com.heytap.mydevices: [OpDeviceServiceClient-74569454] settings_opsynergy_has_device: 0
07-28 19:58:11.734  7436  8641 D OplusLog_DeviceKit_com.heytap.mydevices: [SynergyDeviceManager-74569454] getDeviceList result: com.heytap.mydevices.core.action.CoreOpDeviceAction$d@685cfaa, success: true, devices: []
07-28 19:58:11.734  7436  8641 I mydevices[core].CoreOpDeviceAction: (DefaultDispatcher-worker-8)device input: []
07-28 19:58:11.734  7436  8641 I mydevices[core].OPSynergyScannerImpl: (DefaultDispatcher-worker-8)getOpDeviceList, onResult
07-28 19:58:11.734  4845  4845 I SystemUi--Keyguard: KeyguardRapidUnlockUtils-->composeKeyguard show=true, reason=applyVisibility_show
07-28 19:58:11.735  2189  2189 D VRR-[OPlusRefreshRateSelector]: setCurrentModeId 4 type SA
07-28 19:58:11.735  2189  3328 D VRR [OTI-HW]: isStateReady 0
07-28 19:58:11.735  2189  3328 D VRR [OTI-HW]: keep rate.
07-28 19:58:11.736  3414  3684 I DisplayDeviceRepository: Display device changed render timings: "Built-in Screen", renderFrameRate=120.00001, presentationDeadlineNanos=11333333, appVsyncOffsetNanos=1000000
07-28 19:58:11.736  3414  3684 D LogicalDisplayExt: set displayInfo flag FLAG_ROTATES_WITH_CONTENT
07-28 19:58:11.737  4845  4845 I SystemUi--Keyguard: KeyguardGlideTipView-->hideTips reason=hideGlideTipImmediateWithQsExpandingOrOplusKeyguardLoadOrGotoNtfCapsule withAnimator=true delayType=2
07-28 19:58:11.737  4845  5789 D Tile.CustomTile.WindowsLinkTileService: refreshState: tile not listening, ignore
07-28 19:58:11.737  4845  5789 D TileStateController: bindAppWhenListening: false ComponentInfo{com.microsoft.appmanager/com.microsoft.appmanager.quicksettings.WindowsLinkTileService}
07-28 19:58:11.737  4845  5789 I SystemUi--QuickSettings: Tile.CustomTile.WindowsLinkTileService-->bindServiceWhenListening: false when isActiveTile && isTileReady
07-28 19:58:11.737  4845  4845 I SystemUi--Keyguard: KeyguardGlideTipView-->cancelBreathAnimation-isBreathAnimationRunning=false
07-28 19:58:11.737  4845  4845 I SystemUi--Keyguard: KeyguardAffordanceTipsView-->hideTips reason=QsExpandingOrOplusKeyguardLoadOrGotoNtfCapsule withAnimator=true delayType=2
07-28 19:58:11.737  3414  5949 D CoreBackPreview: Window{5a4b2ad u0 NotificationShade}: Setting back callback OnBackInvokedCallbackInfo{mCallback=android.window.IOnBackInvokedCallback$Stub$Proxy@dfad1d2, mPriority=0, mIsAnimationCallback=false}
07-28 19:58:11.737  4845  5789 D Tile.CustomTile.WirelessReverseControService: refreshState: tile not listening, ignore
07-28 19:58:11.737  4845  5789 I SystemUi--QuickSettings: Tile.CustomTile.WirelessReverseControService-->bindServiceWhenListening: true as default
07-28 19:58:11.737  4845  5789 D TileStateController: updateCurrentStateIsNotDirty component:ComponentInfo{com.oplus.eyeprotect/com.oplus.eyeprotect.services.EyeProtectTileService}
07-28 19:58:11.737  4845  5789 D TileStateController: updateCurrentStateIsNotDirty component:ComponentInfo{com.oplus.linker/com.oplus.linker.synergy.service.TVTileService}
07-28 19:58:11.737  7436  7521 I mydevices[core].ControlCenterManager: (binder:7436_3)response data:DeviceSpaceInfo(version=2, panelDevices=[])
07-28 19:58:11.737  7436  7521 I mydevices[core].DeviceMainPageEvent: (binder:7436_3)uploadDeviceNumTypeName list empty
07-28 19:58:11.739  4845  4845 D ViewRootImplExtImpl: wrapConfigInfoIntoFlags rotation=0, smallestScreenWidthDp=0, residentWS=false, scenario=0, bounds=Rect(0, 0 - 1080, 2376), relayoutAsync=false, flags=1, newFlags=1245708289, title=NotificationShade
07-28 19:58:11.739  3414  4935 D WindowManagerServiceExtImpl: extractConfigInfoAndRealFlags rotation=0, screenDp=0, residentWS:0, scenario:0, bounds:2376, serverWinBounds:Rect(0, 0 - 1080, 2376), win=Window{5a4b2ad u0 NotificationShade}
07-28 19:58:11.739  3414  4935 V WindowManager: Relayout Window{5a4b2ad u0 NotificationShade}: viewVisibility=0, oldvis=4, req=1080x2376, vsysui=, x=0, y=0
07-28 19:58:11.739  3414  4935 I WindowManager: Window{5a4b2ad u0 NotificationShade} state from NO_SURFACE to DRAW_PENDING; reason: resetDrawState
07-28 19:58:11.739  2189  2474 D OplusLayer: setProcInfo (133,NotificationShade#133,com.android.systemui,0x4578D52F)
07-28 19:58:11.740  3414  3684 D DisplayManagerServiceExtImpl: scheduleTraversalLocked intraversal=false
07-28 19:58:11.740  3414  3684 I DisplayManagerServiceExtImpl: handle logical display changed logicalDisplay=id=0,stack=0,content=true,displayInfo{stack=0,type=1,id=0,uId=local:4630946756802996883,state=ON,pkg=null}
07-28 19:58:11.740  3414  3684 D DisplayManagerService: Delivering display event: displayId=0, event=CHANGED
07-28 19:58:11.740  3414  3769 D BrightnessThermalClamper: Thermal status observer already started
07-28 19:58:11.740  3414  3769 D BrightnessPowerClamper: Power throttling data is missing for configuration data.
07-28 19:58:11.740  3414  3414 E OplusGestureAnimationManagerPolicy: mScreenHeight:2376 mScreenWidth:1080 mRotation:0
07-28 19:58:11.740  3414  4935 D DisplayManagerService: performTraversalInternal pendingTraversal
07-28 19:58:11.741  3414  4935 D DisplayDevice: setLayerStackLocked id=local:4630946756802996883 token=android.os.BinderProxy@f015b3c stack=0->0
07-28 19:58:11.741  3414  4935 D QuickBackInputPolicy: hasMultiChildrenInTask: false
07-28 19:58:11.741  3414  4935 D WindowManager: NFW_findFocusedWindowIfNeeded:Window{6826372 u0 com.android.launcher/com.android.launcher.Launcher} mCurrentFocus:Window{6826372 u0 com.android.launcher/com.android.launcher.Launcher}
07-28 19:58:11.741  4845  4845 W VRI[NotificationShade]: updateBlastSurfaceIfNeeded, surfaceSize:Point(1080, 2376), lastSurfaceSize:Point(1080, 2376), format:-3, blastBufferQueue:null
07-28 19:58:11.741  4845  4845 D BufferQueueConsumer: [](id:12ed00000009,api:0,p:-1,c:4845) connect: controlledByApp=false
07-28 19:58:11.742  3414  3684 D DisplayManagerService: MSG_REQUEST_TRAVERSAL pendingCompleted=false
07-28 19:58:11.742  3414  3682 D OplusVFXScreenEffectFeature: notifySFCompatWindowStateChange entered false
07-28 19:58:11.742  3414  3682 D FSS_FoldScreenBlackCoverController: displayChangeToOn, dc:Display{#0 state=ON size=1080x2376 ROTATION_0}
07-28 19:58:11.742  2189  2474 D [PREVIEW]: SF obtain preview_adapter: 0
07-28 19:58:11.742  2189  2474 D [PREVIEW]: TabletPreviewAdapter::parallel world 0
07-28 19:58:11.742  2164  3410 D AudioFlingerExtImpl: AudioFlingerExtImpl oplusSetParameters: keyvalue screen_state=on
07-28 19:58:11.742  2164  3410 D DeviceHalAidl: 0xb40000745347c200 DeviceHalAidl::setParameters
07-28 19:58:11.742  2164  3410 D DeviceHalAidl: setParameters: parameters: "screen_state=on"
07-28 19:58:11.742  1808  1845 I PAL: ResourceManager: setParameter: 11480: Screen State:1
07-28 19:58:11.742  4845  4845 I SystemUi--Keyguard: KeyguardEngineContainer-->onConfigurationChanged, locale = en-US,zh-CN, mLastLocale= en-US,zh-CN
07-28 19:58:11.742  4845  4845 I SystemUi--Keyguard: KeyguardEngineContainer-->onConfigurationChanged. font = 0, mLastFlipFont = 0, density = 480, mDensity = 480
07-28 19:58:11.742  4845  4845 I SystemUi--Keyguard: KeyguardPluginManager-->maybeReloadNormalKeyguard, uses default LockScreen
07-28 19:58:11.742  4670  4670 D CastManagerService: onDisplayChanged.
07-28 19:58:11.743  4845  4845 E ndroid.systemui: No package ID ff found for resource ID 0xffffffff.
07-28 19:58:11.743  2164  3410 D DeviceHalAidl: 0xb40000745347c800 DeviceHalAidl::setParameters
07-28 19:58:11.743  2164  3410 D DeviceHalAidl: setParameters: parameters: "screen_state=on"
07-28 19:58:11.743  4845  4845 E ndroid.systemui: No package ID ff found for resource ID 0xffffffff.
07-28 19:58:11.743  4845  4845 E ndroid.systemui: No package ID ff found for resource ID 0xffffffff.
07-28 19:58:11.744  4845  4845 E ThemeUtils: View class com.oplus.systemui.keyguard.view.GeneralFontVariationTextView is an AppCompat widget that can only be used with a Theme.AppCompat theme (or descendant).
07-28 19:58:11.744  1808  1845 D AHAL_Module: updateScreenState: usb: 1
07-28 19:58:11.744  2164  3410 D DeviceHalAidl: 0xb40000745347ce00 DeviceHalAidl::setParameters
07-28 19:58:11.744  2164  3410 D DeviceHalAidl: setParameters: parameters: "screen_state=on"
07-28 19:58:11.744  1808  3620 D AHAL_Module: updateScreenState: r_submix: 1
07-28 19:58:11.744  4845  4845 E ThemeUtils: View class com.oplus.systemui.keyguard.view.GeneralFontVariationTextView is an AppCompat widget that can only be used with a Theme.AppCompat theme (or descendant).
07-28 19:58:11.744  4845  4845 I SystemUi--Keyguard: PictorialAppInfo-->isShowPictorialTipDevice true,bottomMargin=611
07-28 19:58:11.744  4845  4845 I SystemUi--Keyguard: PictorialFunctionContainer-->onWallpaperChange info is null or local or engine
07-28 19:58:11.744  4845  4845 I SystemUi--Keyguard: PictorialAppInfo-->isShowPictorialTipDevice true,bottomMargin=611
07-28 19:58:11.744  4845  4845 I SystemUi--Keyguard: PictorialAppInfo-->isShowPictorialTipDevice true,bottomMargin=611
07-28 19:58:11.744  2164  3410 D DeviceHalAidl: 0xb40000745347d400 DeviceHalAidl::setParameters
07-28 19:58:11.744  2164  3410 D DeviceHalAidl: setParameters: parameters: "screen_state=on"
07-28 19:58:11.744  1808  1845 D AHAL_Module: updateScreenState: bluetooth: 1
07-28 19:58:11.744  2164  3410 D DeviceHalAidl: 0xb40000745347da00 DeviceHalAidl::setParameters
07-28 19:58:11.744  2164  3410 D DeviceHalAidl: setParameters: parameters: "screen_state=on"
07-28 19:58:11.744  4845  4845 I SystemUi--Notification: NotificationsQSContainerController-->onWindowConfigurationChange: splitShadeEnabled=false
07-28 19:58:11.744  1808  1845 D AHAL_Module: updateScreenState: bluetooth: 1
07-28 19:58:11.744  4845  4845 I SystemUi--Notification: NotificationsQSContainerController-->updateResources: splitShadeEnabled=false, newSplitShadeEnabled=false
07-28 19:58:11.745  2164  3410 D DeviceHalAidl: 0xb40000745347e000 DeviceHalAidl::setParameters
07-28 19:58:11.745  2164  3410 D DeviceHalAidl: setParameters: parameters: "screen_state=on"
07-28 19:58:11.745  1808  1845 D AHAL_Module: updateScreenState: stub: 1
07-28 19:58:11.745  4845  5410 I [DevicePlugin].DevicePanelPresenter.(DefaultDispatcher-worker-3): response code:30001; panelInfo:PanelInfo(panelState=DEVICE_HOME, panelDevices=[]), pluginVersion: 2
07-28 19:58:11.745  4845  5410 I [DevicePlugin].FixedSeparateModelPanel.(DefaultDispatcher-worker-3): onPanelInfoChanged
07-28 19:58:11.745  4845  5410 I [DevicePlugin].FixedSeparateModelPanel.(DefaultDispatcher-worker-3): updateView: panelState=DEVICE_HOME, panelDevices.size=0
07-28 19:58:11.745  4845  4845 I SystemUi--Notification: OplusQSSimpleHeader-->shouldClick: true, isInSuperPowerSaveMode: false, isInWellBeingAssistantMode: false
07-28 19:58:11.745  4845  4845 I SystemUi--Notification: OplusQSSimpleHeader-->updateMarginTop, reason: configChange, newMarginTop: 102 currentMarginTop 102
07-28 19:58:11.745  7028  7028 W Battery : PowerSaveTileService: onCreate
07-28 19:58:11.745  6536  6607 E oiface  : sched_setaffinity failed
07-28 19:58:11.746  4845  4845 I SystemUi--QuickSettings: OplusQuickStatusBarHeader-->[onConfigurationChanged] updateResources end, start call listener
07-28 19:58:11.746  1975  2014 I gameoptHal: targetfps updated 6 -- 120
07-28 19:58:11.748  4845  4864 D Tile.CustomTile.PowerSaveTileService: refreshState: tile not listening, ignore
07-28 19:58:11.748  4845  4845 I SystemUi--QuickSettings: OplusQuickStatusBarHeader-->[onConfigurationChanged] updateResources end, start call listener
07-28 19:58:11.749  4845  4864 D Tile.CustomTile.WirelessReverseControService: refreshState: tile not listening, ignore
07-28 19:58:11.749  4845  4845 I SystemUi--QuickSettings: OplusQSHighlightTileViewImpl-->updateIconViewSize mTileCanTips=true
07-28 19:58:11.750  4845  4845 I SystemUi--QuickSettings: OplusQSHighlightTileViewImpl-->updateIconViewSize mTileCanTips=true
07-28 19:58:11.750  4845  4845 I SystemUi--QuickSettings: OplusQsToggleSliderTouchExt-->getRealSize point: Point(1080, 2376) realScreenWidth: 1080 realScreenHeight: 2376
07-28 19:58:11.750  4845  4845 I SystemUi--QuickSettings: OplusQsToggleSliderLayout-->updateRadius radius= 57.815125, roundParams= OplusRoundParams(radiusDp=15.2, radius=45.6, weight=1.1, isCircle=false), isDefaultVolumeTheme = true
07-28 19:58:11.750  4845  4845 I COUIVerticalSeekBar: COUIVerticalSeekBar ensureSize : mIsProgressFull:true,mBackgroundRadius:45.6,mBackgroundWidth:179.0,mBackgroundEnlargeScale1.0,mProgressRadius:45.6,mProgressWidth:179.0,mProgressEnlargeScale1.0,mPaddingVertical45.6
07-28 19:58:11.750  4845  4845 I COUIVerticalSeekBar: updateBehavior * normalSeekBarHeight = 309,mPaddingVertical = 45.6,mIsPhysicsEnable = true,mPhysicalAnimator = null,mFlingBehavior = null,Thread_name = main,hashCode = 23558455,time = 1753747091750,stackChain = com.coui.appcompat.seekbar.COUIVerticalSeekBar.updateBehavior$1:14 com.coui.appcompat.seekbar.COUIVerticalSeekBar.ensureSize$1:182 com.coui.appcompat.seekbar.COUIVerticalSeekBar.setBackgroundRadius:3 com.oplus.systemui.qs.base.seek.OplusQsBaseToggleSliderLayout.updateRadius:60 
07-28 19:58:11.750  4845  4845 I COUIVerticalSeekBar: setPaddingVertical * paddingVertical = 45.6,hashCode = 23558455,time = 1753747091750
07-28 19:58:11.750  4845  4845 I COUIVerticalSeekBar: COUIVerticalSeekBar ensureSize : mIsProgressFull:true,mBackgroundRadius:45.6,mBackgroundWidth:179.0,mBackgroundEnlargeScale1.0,mProgressRadius:45.6,mProgressWidth:179.0,mProgressEnlargeScale1.0,mPaddingVertical45.6
07-28 19:58:11.750  4845  4845 I COUIVerticalSeekBar: updateBehavior * normalSeekBarHeight = 309,mPaddingVertical = 45.6,mIsPhysicsEnable = true,mPhysicalAnimator = null,mFlingBehavior = null,Thread_name = main,hashCode = 23558455,time = 1753747091750,stackChain = com.coui.appcompat.seekbar.COUIVerticalSeekBar.updateBehavior$1:14 com.coui.appcompat.seekbar.COUIVerticalSeekBar.ensureSize$1:182 com.coui.appcompat.seekbar.COUIVerticalSeekBar.setPaddingVertical:59 com.oplus.systemui.qs.base.seek.OplusQsBaseToggleSliderLayout.updateRadius:74 
07-28 19:58:11.751  4845  4845 I SystemUi--QuickSettings: OplusQsToggleSliderTouchExt-->getRealSize point: Point(1080, 2376) realScreenWidth: 1080 realScreenHeight: 2376
07-28 19:58:11.751  4845  4845 I SystemUi--QuickSettings: OplusQsToggleSliderLayout-->updateRadius radius= 57.815125, roundParams= OplusRoundParams(radiusDp=15.2, radius=45.6, weight=1.1, isCircle=false), isDefaultVolumeTheme = true
07-28 19:58:11.751  4845  4845 I COUIVerticalSeekBar: COUIVerticalSeekBar ensureSize : mIsProgressFull:true,mBackgroundRadius:45.6,mBackgroundWidth:179.0,mBackgroundEnlargeScale1.0,mProgressRadius:45.6,mProgressWidth:179.0,mProgressEnlargeScale1.0,mPaddingVertical45.6
07-28 19:58:11.751  4845  4845 I COUIVerticalSeekBar: updateBehavior * normalSeekBarHeight = 309,mPaddingVertical = 45.6,mIsPhysicsEnable = true,mPhysicalAnimator = null,mFlingBehavior = null,Thread_name = main,hashCode = 193353775,time = 1753747091751,stackChain = com.coui.appcompat.seekbar.COUIVerticalSeekBar.updateBehavior$1:14 com.coui.appcompat.seekbar.COUIVerticalSeekBar.ensureSize$1:182 com.coui.appcompat.seekbar.COUIVerticalSeekBar.setBackgroundRadius:3 com.oplus.systemui.qs.base.seek.OplusQsBaseToggleSliderLayout.updateRadius:60 
07-28 19:58:11.751  4845  4845 I COUIVerticalSeekBar: setPaddingVertical * paddingVertical = 45.6,hashCode = 193353775,time = 1753747091751
07-28 19:58:11.751  4845  4845 I COUIVerticalSeekBar: COUIVerticalSeekBar ensureSize : mIsProgressFull:true,mBackgroundRadius:45.6,mBackgroundWidth:179.0,mBackgroundEnlargeScale1.0,mProgressRadius:45.6,mProgressWidth:179.0,mProgressEnlargeScale1.0,mPaddingVertical45.6
07-28 19:58:11.751  4845  4845 I COUIVerticalSeekBar: updateBehavior * normalSeekBarHeight = 309,mPaddingVertical = 45.6,mIsPhysicsEnable = true,mPhysicalAnimator = null,mFlingBehavior = null,Thread_name = main,hashCode = 193353775,time = 1753747091751,stackChain = com.coui.appcompat.seekbar.COUIVerticalSeekBar.updateBehavior$1:14 com.coui.appcompat.seekbar.COUIVerticalSeekBar.ensureSize$1:182 com.coui.appcompat.seekbar.COUIVerticalSeekBar.setPaddingVertical:59 com.oplus.systemui.qs.base.seek.OplusQsBaseToggleSliderLayout.updateRadius:74 
07-28 19:58:11.751  4845  4845 I [DevicePlugin].NoDeviceEntranceCardView.(main): onConfigurationChanged
07-28 19:58:11.751  4845  4845 I [DevicePlugin].PlatformUtils.(main): isLowGaussianLevel: DEBUG_LEVEL = -1, ANIM_LEVEL = 1
07-28 19:58:11.751  4845  4845 I [DevicePlugin].PlatformUtils.(main): isGlobalThemeApplied: isGlobalTheme=false
07-28 19:58:11.751  4845  4845 I [DevicePlugin].PlatformUtils.(main): isBlurEnable: enable=true
07-28 19:58:11.751  4845  4845 I [DevicePlugin].PlatformUtils.(main): isGlobalThemeApplied: isGlobalTheme=false
07-28 19:58:11.751  4845  4845 I [DevicePlugin].PlatformUtils.(main): isLightOsGaussianLevel: DEBUG_LEVEL = -1, ANIM_LEVEL = 1
07-28 19:58:11.751  4845  4845 I [DevicePlugin].PlatformUtils.(main): isLightBlurEnable: enable=false
07-28 19:58:11.751  4845  4845 I [DevicePlugin].RectangleDeviceCardView.(main): onConfigurationChanged
07-28 19:58:11.751  4845  4845 I [DevicePlugin].PlatformUtils.(main): isLowGaussianLevel: DEBUG_LEVEL = -1, ANIM_LEVEL = 1
07-28 19:58:11.751  4845  4845 I [DevicePlugin].PlatformUtils.(main): isGlobalThemeApplied: isGlobalTheme=false
07-28 19:58:11.751  4845  4845 I [DevicePlugin].PlatformUtils.(main): isBlurEnable: enable=true
07-28 19:58:11.751  4845  4845 I [DevicePlugin].PlatformUtils.(main): isGlobalThemeApplied: isGlobalTheme=false
07-28 19:58:11.751  4845  4845 I [DevicePlugin].PlatformUtils.(main): isLightOsGaussianLevel: DEBUG_LEVEL = -1, ANIM_LEVEL = 1
07-28 19:58:11.751  4845  4845 I [DevicePlugin].PlatformUtils.(main): isLightBlurEnable: enable=false
07-28 19:58:11.751  4845  4845 I [DevicePlugin].RectangleEntranceCardView.(main): onConfigurationChanged
07-28 19:58:11.751  4845  4845 I [DevicePlugin].PlatformUtils.(main): isLowGaussianLevel: DEBUG_LEVEL = -1, ANIM_LEVEL = 1
07-28 19:58:11.751  4845  4845 I [DevicePlugin].PlatformUtils.(main): isGlobalThemeApplied: isGlobalTheme=false
07-28 19:58:11.751  4845  4845 I [DevicePlugin].PlatformUtils.(main): isBlurEnable: enable=true
07-28 19:58:11.751  4845  4845 I [DevicePlugin].PlatformUtils.(main): isGlobalThemeApplied: isGlobalTheme=false
07-28 19:58:11.751  4845  4845 I [DevicePlugin].PlatformUtils.(main): isLightOsGaussianLevel: DEBUG_LEVEL = -1, ANIM_LEVEL = 1
07-28 19:58:11.751  4845  4845 I [DevicePlugin].PlatformUtils.(main): isLightBlurEnable: enable=false
07-28 19:58:11.751  4845  4845 I [DevicePlugin].RectangleDeviceCardView.(main): onConfigurationChanged
07-28 19:58:11.751  4845  4845 I [DevicePlugin].PlatformUtils.(main): isLowGaussianLevel: DEBUG_LEVEL = -1, ANIM_LEVEL = 1
07-28 19:58:11.751  4845  4845 I [DevicePlugin].PlatformUtils.(main): isGlobalThemeApplied: isGlobalTheme=false
07-28 19:58:11.751  4845  4845 I [DevicePlugin].PlatformUtils.(main): isBlurEnable: enable=true
07-28 19:58:11.751  4845  4845 I [DevicePlugin].PlatformUtils.(main): isGlobalThemeApplied: isGlobalTheme=false
07-28 19:58:11.751  4845  4845 I [DevicePlugin].PlatformUtils.(main): isLightOsGaussianLevel: DEBUG_LEVEL = -1, ANIM_LEVEL = 1
07-28 19:58:11.751  4845  4845 I [DevicePlugin].PlatformUtils.(main): isLightBlurEnable: enable=false
07-28 19:58:11.751  4845  4845 I [DevicePlugin].SquareDeviceCardView.(main): onConfigurationChanged
07-28 19:58:11.751  4845  4845 I [DevicePlugin].PlatformUtils.(main): isLowGaussianLevel: DEBUG_LEVEL = -1, ANIM_LEVEL = 1
07-28 19:58:11.751  4845  4845 I [DevicePlugin].PlatformUtils.(main): isGlobalThemeApplied: isGlobalTheme=false
07-28 19:58:11.751  4845  4845 I [DevicePlugin].PlatformUtils.(main): isBlurEnable: enable=true
07-28 19:58:11.751  4845  4845 I [DevicePlugin].PlatformUtils.(main): isGlobalThemeApplied: isGlobalTheme=false
07-28 19:58:11.751  4845  4845 I [DevicePlugin].PlatformUtils.(main): isLightOsGaussianLevel: DEBUG_LEVEL = -1, ANIM_LEVEL = 1
07-28 19:58:11.751  4845  4845 I [DevicePlugin].PlatformUtils.(main): isLightBlurEnable: enable=false
07-28 19:58:11.751  4845  4845 I [DevicePlugin].SquareEntranceCardView.(main): onConfigurationChanged
07-28 19:58:11.751  4845  4845 I [DevicePlugin].PlatformUtils.(main): isLowGaussianLevel: DEBUG_LEVEL = -1, ANIM_LEVEL = 1
07-28 19:58:11.751  4845  4845 I [DevicePlugin].PlatformUtils.(main): isGlobalThemeApplied: isGlobalTheme=false
07-28 19:58:11.751  4845  4845 I [DevicePlugin].PlatformUtils.(main): isBlurEnable: enable=true
07-28 19:58:11.751  4845  4845 I [DevicePlugin].PlatformUtils.(main): isGlobalThemeApplied: isGlobalTheme=false
07-28 19:58:11.751  4845  4845 I [DevicePlugin].PlatformUtils.(main): isLightOsGaussianLevel: DEBUG_LEVEL = -1, ANIM_LEVEL = 1
07-28 19:58:11.751  4845  4845 I [DevicePlugin].PlatformUtils.(main): isLightBlurEnable: enable=false
07-28 19:58:11.751  4845  4845 I [DevicePlugin].SquareDeviceCardView.(main): onConfigurationChanged
07-28 19:58:11.751  4845  4845 I [DevicePlugin].PlatformUtils.(main): isLowGaussianLevel: DEBUG_LEVEL = -1, ANIM_LEVEL = 1
07-28 19:58:11.751  4845  4845 I [DevicePlugin].PlatformUtils.(main): isGlobalThemeApplied: isGlobalTheme=false
07-28 19:58:11.751  4845  4845 I [DevicePlugin].PlatformUtils.(main): isBlurEnable: enable=true
07-28 19:58:11.751  4845  4845 I [DevicePlugin].PlatformUtils.(main): isGlobalThemeApplied: isGlobalTheme=false
07-28 19:58:11.751  4845  4845 I [DevicePlugin].PlatformUtils.(main): isLightOsGaussianLevel: DEBUG_LEVEL = -1, ANIM_LEVEL = 1
07-28 19:58:11.751  4845  4845 I [DevicePlugin].PlatformUtils.(main): isLightBlurEnable: enable=false
07-28 19:58:11.751  4845  4845 I [DevicePlugin].SquareDeviceCardView.(main): onConfigurationChanged
07-28 19:58:11.751  4845  4845 I [DevicePlugin].PlatformUtils.(main): isLowGaussianLevel: DEBUG_LEVEL = -1, ANIM_LEVEL = 1
07-28 19:58:11.751  4845  4845 I [DevicePlugin].PlatformUtils.(main): isGlobalThemeApplied: isGlobalTheme=false
07-28 19:58:11.751  4845  4845 I [DevicePlugin].PlatformUtils.(main): isBlurEnable: enable=true
07-28 19:58:11.751  4845  4845 I [DevicePlugin].PlatformUtils.(main): isGlobalThemeApplied: isGlobalTheme=false
07-28 19:58:11.751  4845  4845 I [DevicePlugin].PlatformUtils.(main): isLightOsGaussianLevel: DEBUG_LEVEL = -1, ANIM_LEVEL = 1
07-28 19:58:11.751  4845  4845 I [DevicePlugin].PlatformUtils.(main): isLightBlurEnable: enable=false
07-28 19:58:11.751  4845  4845 I [DevicePlugin].SquareDeviceCardView.(main): onConfigurationChanged
07-28 19:58:11.751  4845  4845 I [DevicePlugin].PlatformUtils.(main): isLowGaussianLevel: DEBUG_LEVEL = -1, ANIM_LEVEL = 1
07-28 19:58:11.751  4845  4845 I [DevicePlugin].PlatformUtils.(main): isGlobalThemeApplied: isGlobalTheme=false
07-28 19:58:11.751  4845  4845 I [DevicePlugin].PlatformUtils.(main): isBlurEnable: enable=true
07-28 19:58:11.751  4845  4845 I [DevicePlugin].PlatformUtils.(main): isGlobalThemeApplied: isGlobalTheme=false
07-28 19:58:11.751  4845  4845 I [DevicePlugin].PlatformUtils.(main): isLightOsGaussianLevel: DEBUG_LEVEL = -1, ANIM_LEVEL = 1
07-28 19:58:11.751  4845  4845 I [DevicePlugin].PlatformUtils.(main): isLightBlurEnable: enable=false
07-28 19:58:11.751  4845  4845 I [DevicePlugin].SquareEntranceCardView.(main): onConfigurationChanged
07-28 19:58:11.751  4845  4845 I [DevicePlugin].PlatformUtils.(main): isLowGaussianLevel: DEBUG_LEVEL = -1, ANIM_LEVEL = 1
07-28 19:58:11.751  4845  4845 I [DevicePlugin].PlatformUtils.(main): isGlobalThemeApplied: isGlobalTheme=false
07-28 19:58:11.751  4845  4845 I [DevicePlugin].PlatformUtils.(main): isBlurEnable: enable=true
07-28 19:58:11.751  4845  4845 I [DevicePlugin].PlatformUtils.(main): isGlobalThemeApplied: isGlobalTheme=false
07-28 19:58:11.751  4845  4845 I [DevicePlugin].PlatformUtils.(main): isLightOsGaussianLevel: DEBUG_LEVEL = -1, ANIM_LEVEL = 1
07-28 19:58:11.751  4845  4845 I [DevicePlugin].PlatformUtils.(main): isLightBlurEnable: enable=false
07-28 19:58:11.754  4845  4845 I SystemUi--QuickSettings: OplusSeparateQSCustomizer-->updateResources tileRow= 3
07-28 19:58:11.754  4845  4845 I SystemUi--QuickSettings: OplusSeparateQSCustomizer--> mUsableWidth=1080
07-28 19:58:11.754  4845  4845 I SystemUi--QuickSettings: OplusSeparateQSCustomizer--> mEditCellWidth=175 mEditCellMarginHorizontal=66 mItemHeight=271 mHorizontalSidePadding=57
07-28 19:58:11.754  4845  4845 I SystemUi--QuickSettings: OplusQsToggleSliderTouchExt-->getRealSize point: Point(1080, 2376) realScreenWidth: 1080 realScreenHeight: 2376
07-28 19:58:11.754  4845  4845 I SystemUi--QuickSettings: OplusQsToggleSliderLayout-->updateRadius radius= 57.815125, roundParams= OplusRoundParams(radiusDp=15.2, radius=45.6, weight=1.1, isCircle=false), isDefaultVolumeTheme = true
07-28 19:58:11.754  4845  4845 I COUIVerticalSeekBar: COUIVerticalSeekBar ensureSize : mIsProgressFull:true,mBackgroundRadius:45.6,mBackgroundWidth:179.0,mBackgroundEnlargeScale1.0,mProgressRadius:45.6,mProgressWidth:179.0,mProgressEnlargeScale1.0,mPaddingVertical45.6
07-28 19:58:11.754  4845  4845 I COUIVerticalSeekBar: updateBehavior * normalSeekBarHeight = 309,mPaddingVertical = 45.6,mIsPhysicsEnable = true,mPhysicalAnimator = null,mFlingBehavior = null,Thread_name = main,hashCode = 66583126,time = 1753747091754,stackChain = com.coui.appcompat.seekbar.COUIVerticalSeekBar.updateBehavior$1:14 com.coui.appcompat.seekbar.COUIVerticalSeekBar.ensureSize$1:182 com.coui.appcompat.seekbar.COUIVerticalSeekBar.setBackgroundRadius:3 com.oplus.systemui.qs.base.seek.OplusQsBaseToggleSliderLayout.updateRadius:60 
07-28 19:58:11.754  4845  4845 I COUIVerticalSeekBar: setPaddingVertical * paddingVertical = 45.6,hashCode = 66583126,time = 1753747091754
07-28 19:58:11.754  4845  4845 I COUIVerticalSeekBar: COUIVerticalSeekBar ensureSize : mIsProgressFull:true,mBackgroundRadius:45.6,mBackgroundWidth:179.0,mBackgroundEnlargeScale1.0,mProgressRadius:45.6,mProgressWidth:179.0,mProgressEnlargeScale1.0,mPaddingVertical45.6
07-28 19:58:11.754  4845  4845 I COUIVerticalSeekBar: updateBehavior * normalSeekBarHeight = 309,mPaddingVertical = 45.6,mIsPhysicsEnable = true,mPhysicalAnimator = null,mFlingBehavior = null,Thread_name = main,hashCode = 66583126,time = 1753747091754,stackChain = com.coui.appcompat.seekbar.COUIVerticalSeekBar.updateBehavior$1:14 com.coui.appcompat.seekbar.COUIVerticalSeekBar.ensureSize$1:182 com.coui.appcompat.seekbar.COUIVerticalSeekBar.setPaddingVertical:59 com.oplus.systemui.qs.base.seek.OplusQsBaseToggleSliderLayout.updateRadius:74 
07-28 19:58:11.754  4845  4845 I SystemUi--Common: WindowRootView-->leftInset:0 rightInset:0  rootWindowInsets.displayCutout:DisplayCutout{insets=Rect(0, 120 - 0, 0) waterfall=Insets{left=0, top=0, right=0, bottom=0} boundingRect={Bounds=[Rect(0, 0 - 0, 0), Rect(512, 0 - 569, 120), Rect(0, 0 - 0, 0), Rect(0, 0 - 0, 0)]} cutoutPathParserInfo={CutoutPathParserInfo{displayWidth=1080 displayHeight=2376 physicalDisplayWidth=1440 physicalDisplayHeight=3168 density={4.0} cutoutSpec={M -38,0 L -38,160 L 38,160 L 38,0 Z} rotation={0} scale={1.0} physicalPixelDisplaySizeRatio={0.75}}} sideOverrides={}} windowInsets.displayCutout:DisplayCutout{insets=Rect(0, 120 - 0, 0) waterfall=Insets{left=0, top=0, right=0, bottom=0} boundingRect={Bounds=[Rect(0, 0 - 0, 0), Rect(512, 0 - 569, 120), Rect(0, 0 - 0, 0), Rect(0, 0 - 0, 0)]} cutoutPathParserInfo={CutoutPathParserInfo{displayWidth=1080 displayHeight=2376 physicalDisplayWidth=1440 physicalDisplayHeight=3168 density={4.0} cutoutSpec={M -38,0 L -38,160 L 38,160 L 38,0 Z} rotation={0} scale={1.0} physicalPixelDisplaySizeRatio={0.75}}} sideOverrides={}} currentRotation:1
07-28 19:58:11.754  4845  4845 I SystemUi--QuickSettings: OplusQuickStatusBarHeader-->onApplyWindowInsets mIgnoreCenterHole: true mCenterHoleSpaceLp: androidx.constraintlayout.widget.ConstraintLayout$LayoutParams@3aaa5a0
07-28 19:58:11.754  4845  4845 I SystemUi--QuickSettings: OplusQuickStatusBarHeader-->updateCenterHoleView visibility: 8 isLpChanged: false
07-28 19:58:11.754  4845  4845 I SystemUi--QuickSettings: OplusQuickStatusBarHeader-->updateCenterHoleView visibility: 8 isLpChanged: false
07-28 19:58:11.754  4845  4845 I PluginSeedling--Base: SeedlingPluginService-->onStateChange: Bundle[{rect=RectF(509.25, 29.25, 570.75, 90.75), state=onHoleRectChanged}]
07-28 19:58:11.755  4845  4845 I SystemUi--Statusbar: StatusBarPaddingProvider-->updateContentsPadding: (51, 14, 60, 15), screenHoleHeight: 61 isLandscape=false, rotation: 0 screenHoleBottom: 90 statusBarHeight: 120 seedlingHeight: 90 switchSupport: true percentScreen:0.75 baseScreenWidth:1080 stableDisplayWidth:1440
07-28 19:58:11.755  4845  4845 I SystemUi--QuickSettings: OplusQuickStatusBarHeader-->onApplyWindowInsets mIgnoreCenterHole: true mCenterHoleSpaceLp: androidx.constraintlayout.widget.ConstraintLayout$LayoutParams@7df7559
07-28 19:58:11.755  4845  4845 I SystemUi--QuickSettings: OplusQuickStatusBarHeader-->updateCenterHoleView visibility: 8 isLpChanged: false
07-28 19:58:11.755  4845  4845 I SystemUi--QuickSettings: OplusQuickStatusBarHeader-->updateCenterHoleView visibility: 8 isLpChanged: false
07-28 19:58:11.755  4845  5497 D BufferQueueProducer: [VRI[NotificationShade]#8(BLAST Consumer)8](id:12ed00000009,api:1,p:4845,c:4845) connect: api=1 producerControlledByApp=true
07-28 19:58:11.764  4845  4845 I SurfaceControl:  setExtendedRangeBrightness sc=Surface(name=NotificationShade)/@0x449a9e6,currentBufferRatio=1.0,desiredRatio=1.0
07-28 19:58:11.773  2189  2375 D SurfaceFlinger: captureLayers from pid 5371 uid -335
07-28 19:58:11.773  2189  2375 W SurfaceFlinger: Skipping screen capture because of invalid layer.
07-28 19:58:11.773  5371  5685 E ScreenCapture: Failed to generate screen capture. Error code: -12
07-28 19:58:11.773  5371  5685 E Blur_ScreenCapture: [captureScreenInternal] exceeds fail times limit=1
07-28 19:58:11.779  4845  5497 D BLASTBufferQueue: [VRI[NotificationShade]#8](f:0,a:1) acquireNextBufferLocked size=1080x2376 mFrameNumber=1 applyTransaction=true mTimestamp=58662635861(auto) mPendingTransactions.size=0 graphicBufferId=20809116549168 transform=0
07-28 19:58:11.779  4845  5497 D VRI[NotificationShade]: Received frameCommittedCallback lastAttemptedDrawFrameNum=1 didProduceBuffer=true syncBuffer=false
07-28 19:58:11.780  4845  4845 D VRI[NotificationShade]: draw finished. seqId=0
07-28 19:58:11.780  3414  4935 I WindowManager: Window{5a4b2ad u0 NotificationShade} state from DRAW_PENDING to COMMIT_DRAW_PENDING; reason: finishDrawingLocked
07-28 19:58:11.781  4845  5789 V OplusCustomizeCacheManager: queryCache name: sys.cache.common_customize_cache11011 param: null
07-28 19:58:11.781  4845  5789 V OplusCustomizeCacheManager: queryCache name: sys.cache.common_customize_cache11010 param: null
07-28 19:58:11.781  3414  3685 I WindowManager: Window{5a4b2ad u0 NotificationShade} state from COMMIT_DRAW_PENDING to READY_TO_SHOW; reason: commitFinishDrawingLocked
07-28 19:58:11.781  3414  3685 I WindowManager: Window{5a4b2ad u0 NotificationShade} state from READY_TO_SHOW to HAS_DRAWN; reason: performShowLocked
07-28 19:58:11.782  4845  4845 I SystemUi--QuickSettings: OplusQsBrightnessSliderController-->setProgressAnimation value: 1737 isListening: true  screenBrightnessDuration: 0.0  startValue: 0 startTime: 0 lastDuration: 543.0 lastStartTime: 47200  max: 4089 sliderProgress: 0 needResetLastAnimation: false
07-28 19:58:11.782  4845  4845 I SystemUi--QuickSettings: OplusQsBrightnessSliderController-->handleNoDuration proportion: 1.0 currentProgress: 1737 duration: 0.0 lastStartValue: 6 sliderProgress: 1737
07-28 19:58:11.782  4845  4845 D ZenModeController: Added callback class com.oplus.systemui.qs.tiles.OplusDndTile$1
07-28 19:58:11.782  4845  4845 I SystemUi--Notification: OplusHeadsUpCoreStart-->isVisibility: true
07-28 19:58:11.782  4845  4845 I SystemUi--Notification: OplusNotificationShadeWindowControllerExImpl-->SHADE_FOCUSABLE-->mNotificationShadeFocusable= true, mPanelExpanded= true, mBouncerShowing= false, mKeyguardShowing= false, mKeyguardOccluded= false, mKeyguardNeedsInput= false, ENABLE_REMOTE_INPUT= true, mRemoteInputActive= false, layoutFlags= -2121924544
07-28 19:58:11.782  4845  4845 I SystemUi--Notification: OplusNotificationShadeWindowControllerExImpl-->SHADE_VISIBLE-->mKeyguardShowing= false, mKeyguardOccluded= false, mPanelVisible= false, mKeyguardFadingAway= false, mKeyguardGoingAway= false, mBouncerShowing= false, mScrimsVisibility= 1, mBackgroundBlurRadius= 0, mForcePluginOpen= false, mediaBackdropShowing= false, viewVisibility= true, qsBlurFraction= 0.014169565, panelBlurFraction= 0.0
07-28 19:58:11.783  4845  4845 I PluginSeedling--CapsuleCard: CardRootViewModel-->onExpandedChanged: true
07-28 19:58:11.783  4845  4845 I PluginSeedling--StateMachine: StateEventManager-->stable: true, event: null
07-28 19:58:11.783  4845  5789 V OplusCustomizeCacheManager: queryCache name: sys.cache.common_customize_cache18014 param: null
07-28 19:58:11.783  4845  5789 D OplusCustomizeCacheManager: add cachename to map: sys.cache.common_customize_cache18014
07-28 19:58:11.783  4845  5789 V OplusCustomizeCacheManager: start recompute
07-28 19:58:11.783  4845  5789 V OplusCustomizeCacheManager: queryCache name: sys.cache.common_customize_cache18017 param: Bundle[{SETTING=BLOCK, BUSINESS=NCT-DATA}]
07-28 19:58:11.783  4845  5789 V OplusCustomizeCacheManager: queryCache name: sys.cache.common_customize_cache18013 param: null
07-28 19:58:11.784  4845  5789 V OplusCustomizeCacheManager: queryCache name: sys.cache.common_customize_cache18025 param: null
07-28 19:58:11.784  4845  5789 I SystemUi--QuickSettings: Tile.OplusAirplaneModeTile-->handleUpdateState state.state: 2 value: 1
07-28 19:58:11.784  4845  5789 V OplusCustomizeCacheManager: queryCache name: sys.cache.common_customize_cache18026 param: null
07-28 19:58:11.784  3414  4836 I InputDispatcher: injectInputEvent: targetUid=<not set>, syncMode=WAIT_FOR_FINISHED, timeout=30000ms, policyFlags=0x8000000, event=MotionEvent { action=MOVE, id[0]=0, x[0]=900, y[0]=653.833, eventTime=58667000000, downTime=58572000000, deviceId=4, source=TOUCHSCREEN, displayId=0, eventId=0xc21a48f2}
07-28 19:58:11.784  4845  4845 I SystemUi--Keyguard: ScrimControllerExImp-->blur State to UNLOCK, bouncer=false changeFromBouncerScrim= false runnerUnlock= false goingAway=false hasHandle=true isOccludeAnimationPlaying=false
07-28 19:58:11.785  3414  3813 D VRR [OPlusRefreshRateService]: handleConfigIdChange physicalDisplayId: 4630946756802996883 configId: 4 renderPeriod: 8333333
07-28 19:58:11.785  3414  3813 D VRR [OPlusSAManager]: updateModeChange old modeId [ 5 ] -> new modeId [ 4 ] mCurPolicy: 1
07-28 19:58:11.785  3414  3813 D VRR [OPlusSAManager]: updateSAScene active modeId: 4
07-28 19:58:11.785  3414  3813 D VRR [OPlusSAManager]: updateSAScene current policy: 1 active modeId: 4 scene: VRR_90_120
07-28 19:58:11.785  4845  4845 I SystemUi--Keyguard: ScrimControllerExImp-->blur State to UNLOCK, bouncer=false changeFromBouncerScrim= false runnerUnlock= false goingAway=false hasHandle=true isOccludeAnimationPlaying=false
07-28 19:58:11.785  3414  3813 D VRR [OPlusOAManager]: Not OA business! new modeId: [4] active modeId: [5]
07-28 19:58:11.785  3414  3813 D VRR [OPlusGameStatusManager]: updateGameState mOSyncFeatureSwitch: false mIsGamePolicy: false
07-28 19:58:11.785  3414  3813 D VRR [OPlusGameStatusManager]: setLTMStatus false curPkgName: com.android.launcher curr status: false HeartStop: false HeartStopFromTGPA: false ActiveFPS: 120.00001
07-28 19:58:11.785  3414  3813 D VRR [OPlusGameStatusManager]: updateGameAccelerationStatus pkgName: com.android.launcher mOSyncFeatureSwitch: false mIsGamePolicy: false mHeartStop: false mHasFlickerRisk: false mForceAcceleration: false mToastReady: false enable: false
07-28 19:58:11.785  3414  3813 D VRR [OPlusGameStatusManager]: updateToastStatus enableAcceleration: false toastReady: false isGamePolicy: false desiredModeId: 4
07-28 19:58:11.785  3414  3813 D VRR [OPlusGameStatusManager]: updateToastStatus enableAcceleration: false toastReady: false isGamePolicy: false desiredModeId: 4
07-28 19:58:11.785  3414  3813 D VRR [OPlusExternalRefreshRateManager]:  updateRenderPeriodChange configId:4 current refresh rate:120.00001
07-28 19:58:11.785  4845  4845 D ViewRootImplExtImpl: wrapConfigInfoIntoFlags rotation=0, smallestScreenWidthDp=360, residentWS=false, scenario=0, bounds=Rect(0, 0 - 1080, 2376), relayoutAsync=true, flags=1, newFlags=1245719809, title=NotificationShade
07-28 19:58:11.785  2189  3328 D VRR [OTI-HW]: isStateReady 0
07-28 19:58:11.785  2189  3328 D VRR [OTI-HW]: keep rate.
07-28 19:58:11.785  3414  3813 D VRR [OPlusSurfaceFlingerController]:  setDirectorOtiHwConfig : true
07-28 19:58:11.785  4845  4845 W VRI[NotificationShade]: updateBlastSurfaceIfNeeded, surfaceSize:Point(1080, 2376), lastSurfaceSize:Point(1080, 2376), format:-3, blastBufferQueue:android.graphics.BLASTBufferQueue@257a396
07-28 19:58:11.785  3414  5949 D WindowManagerServiceExtImpl: extractConfigInfoAndRealFlags rotation=0, screenDp=360, residentWS:0, scenario:0, bounds:2376, serverWinBounds:Rect(0, 0 - 1080, 2376), win=Window{5a4b2ad u0 NotificationShade}
07-28 19:58:11.785  3414  5949 V WindowManager: Relayout Window{5a4b2ad u0 NotificationShade}: viewVisibility=0, oldvis=0, req=1080x2376, vsysui=, x=0, y=0
07-28 19:58:11.785  4845  4845 I SurfaceControl:  setExtendedRangeBrightness sc=Surface(name=NotificationShade)/@0x449a9e6,currentBufferRatio=1.0,desiredRatio=1.0
07-28 19:58:11.786  4845  5789 V OplusCustomizeCacheManager: queryCache name: sys.cache.common_customize_cache11009 param: null
07-28 19:58:11.786  3414  5949 D RefreshRate: initControlPanelRefreshRateData PreferredRefreshRateData{mPreferredRefreshRateId=[3, 1, 2, 3],isAnimBoost=true}
07-28 19:58:11.786  3414  5949 D WindowManager: NFW_findFocusedWindowIfNeeded:Window{5a4b2ad u0 NotificationShade} mCurrentFocus:Window{6826372 u0 com.android.launcher/com.android.launcher.Launcher}
07-28 19:58:11.786  3414  5949 V WindowManager: Changing focus from Window{6826372 u0 com.android.launcher/com.android.launcher.Launcher} to Window{5a4b2ad u0 NotificationShade},diplayid=0
07-28 19:58:11.787  3414  4605 E OplusUIFirst_WS: unknown window type: -1
07-28 19:58:11.787  3414  3813 D VRR [OPlusRefreshRateService]: Receive multi scene changed eventId = 5 bundleList.size = 2
07-28 19:58:11.787  3414  4605 E UAH-Framework: invalid window type -1
07-28 19:58:11.787  3414  4656 E FBProcessManager: unknown window type: -1
07-28 19:58:11.787  3414  5949 D Theia.NoFocusWindow: FocusWindowErrorScene cancelCheckFreezeScreen
07-28 19:58:11.787  3414  5949 W TheiaWindowMonitor: [check] focusedWindow is null or enable is false
07-28 19:58:11.788  4845  5789 V OplusCustomizeCacheManager: queryCache name: sys.cache.common_customize_cache18027 param: null
07-28 19:58:11.788  3414  3732 I UserAwareMgr: handleFgAppChanged, pkgName: com.android.systemui, pid: 4845, isVisible: true, fgAppType: FG2
07-28 19:58:11.788  3414  3732 I UserAwareMgr: fg app status not changed, beforeVisible: true, currentVisible: true
07-28 19:58:11.788  3414  3685 D SurfaceComposerClient: Transaction::apply InputWindowCommands.focusRequests timestamp=58670990444, windowName=5a4b2ad NotificationShade
07-28 19:58:11.789  4845  4845 I SystemUi--Statusbar: DisplayRepository-->combining enabled=[0], connectedExternalDisplayIds=[], ignored=[]
07-28 19:58:11.789  4845  5789 V OplusCustomizeCacheManager: queryCache name: sys.cache.common_customize_cache11010 param: null
07-28 19:58:11.789  4845  4845 W SystemUi--Common: SubsetBitmapDrawable-->[isValid] innerBitmap?.isRecycled=null
07-28 19:58:11.789  7028  7028 W Battery : PowerSaveTileService: updateTileState false
