07-28 19:58:13.307  8271  9756 I ContextAware_SortAlgorithmManager.SceneIntentReorderProcessor: scene[220500200]rank mIntentList: size: 1 14111005
07-28 19:58:13.307  8271  9756 I ContextAware_SortAlgorithmManager.SceneIntentReorderProcessor: scene[240100400]rank mIntentList: size: 0
07-28 19:58:13.307  8271  9756 I ContextAware_SortAlgorithmManager.SceneIntentReorderProcessor: scene[240000000]rank mIntentList: size: 3 14111004 18111007 18111008
07-28 19:58:13.307  8271  9763 E metis_v2_JenaHandlerManager: local thread match [7f0000011753747052298339107478|p_7478_53d97e8@1|p_8271_3e6141@1|com.oplus.metis]
07-28 19:58:13.307  8271  9763 E metis_v2_JenaHandlerManager: local thread match [7f0000011753747052298339107478|p_7478_53d97e8@1|p_8271_3e6141@1|com.oplus.metis]
07-28 19:58:13.307  8271  9756 W ContextAware_SortAlgorithmManager.SceneUtil: Drop invalid scene: 220500200
07-28 19:58:13.307  8271  9763 E metis_v2_JenaHandlerManager: local thread match [7f0000011753747052298339107478|p_7478_53d97e8@1|p_8271_3e6141@1|com.oplus.metis]
07-28 19:58:13.307  8271  9763 E metis_v2_JenaHandlerManager: local thread match [7f0000011753747052298339107478|p_7478_53d97e8@1|p_8271_3e6141@1|com.oplus.metis]
07-28 19:58:13.307  8271  9763 E metis_v2_JenaHandlerManager: local thread match [7f0000011753747052298339107478|p_7478_53d97e8@1|p_8271_3e6141@1|com.oplus.metis]
07-28 19:58:13.307  8271  9763 E metis_v2_JenaHandlerManager: local thread match [7f0000011753747052298339107478|p_7478_53d97e8@1|p_8271_3e6141@1|com.oplus.metis]
07-28 19:58:13.307  8271 10305 I ContextAware_DailyStatisticsRecorder: Increase context change count: PROCESSOR_SCENE_INTENT_REORDER_cnt, value: 1
07-28 19:58:13.307  8271  9763 E metis_v2_JenaHandlerManager: local thread match [7f0000011753747052298339107478|p_7478_53d97e8@1|p_8271_3e6141@1|com.oplus.metis]
07-28 19:58:13.307  8271  9756 W ContextAware_SortAlgorithmManager.SceneUtil: Drop invalid scene: 240100400
07-28 19:58:13.307  8271  9763 E metis_v2_JenaHandlerManager: local thread match [7f0000011753747052298339107478|p_7478_53d97e8@1|p_8271_3e6141@1|com.oplus.metis]
07-28 19:58:13.307  8271 10305 I ContextAware_DailyStatisticsRecorder: Increase context change count: PROCESSOR_SCENE_INTENT_REORDER_ms, value: 2
07-28 19:58:13.307  8271  9763 E metis_v2_JenaHandlerManager: local thread match [7f0000011753747052298339107478|p_7478_53d97e8@1|p_8271_3e6141@1|com.oplus.metis]
07-28 19:58:13.307  8271  9756 I ContextAware_SortAlgorithmManager.SceneFocusProcessor: scene 210000000 not change or has focus scene or current scene is L3
07-28 19:58:13.307  8271  9756 I ContextAware_SortAlgorithmManager.SceneFocusProcessor: scene 240000000 not change or has focus scene or current scene is L3
07-28 19:58:13.307  8271  9763 E metis_v2_JenaHandlerManager: local thread match [7f0000011753747052298339107478|p_7478_53d97e8@1|p_8271_3e6141@1|com.oplus.metis]
07-28 19:58:13.307  8271  9763 E metis_v2_JenaHandlerManager: local thread match [7f0000011753747052298339107478|p_7478_53d97e8@1|p_8271_3e6141@1|com.oplus.metis]
07-28 19:58:13.307  8271  9763 E metis_v2_JenaHandlerManager: local thread match [7f0000011753747052298339107478|p_7478_53d97e8@1|p_8271_3e6141@1|com.oplus.metis]
07-28 19:58:13.307  8271  9735 I ContextAware_DailyStatisticsRecorder: Increase context change count: PROCESSOR_SCENE_FOCUS_cnt, value: 1
07-28 19:58:13.307  8271  9763 E metis_v2_JenaHandlerManager: local thread match [7f0000011753747052298339107478|p_7478_53d97e8@1|p_8271_3e6141@1|com.oplus.metis]
07-28 19:58:13.307  8271  9735 I ContextAware_DailyStatisticsRecorder: Increase context change count: PROCESSOR_SCENE_FOCUS_ms, value: 0
07-28 19:58:13.307  8271  9763 E metis_v2_JenaHandlerManager: local thread match [7f0000011753747052298339107478|p_7478_53d97e8@1|p_8271_3e6141@1|com.oplus.metis]
07-28 19:58:13.307  8271  9763 E metis_v2_JenaHandlerManager: local thread match [7f0000011753747052298339107478|p_7478_53d97e8@1|p_8271_3e6141@1|com.oplus.metis]
07-28 19:58:13.307  8271  9763 E metis_v2_JenaHandlerManager: local thread match [7f0000011753747052298339107478|p_7478_53d97e8@1|p_8271_3e6141@1|com.oplus.metis]
07-28 19:58:13.307  8271  9763 E metis_v2_JenaHandlerManager: local thread match [7f0000011753747052298339107478|p_7478_53d97e8@1|p_8271_3e6141@1|com.oplus.metis]
07-28 19:58:13.307  8271  9763 E metis_v2_JenaHandlerManager: local thread match [7f0000011753747052298339107478|p_7478_53d97e8@1|p_8271_3e6141@1|com.oplus.metis]
07-28 19:58:13.307  8271  9763 E metis_v2_JenaHandlerManager: local thread match [7f0000011753747052298339107478|p_7478_53d97e8@1|p_8271_3e6141@1|com.oplus.metis]
07-28 19:58:13.307  8271  9763 E metis_v2_JenaHandlerManager: local thread match [7f0000011753747052298339107478|p_7478_53d97e8@1|p_8271_3e6141@1|com.oplus.metis]
07-28 19:58:13.307  8271  9763 E metis_v2_JenaHandlerManager: local thread match [7f0000011753747052298339107478|p_7478_53d97e8@1|p_8271_3e6141@1|com.oplus.metis]
07-28 19:58:13.307  8271  9763 E metis_v2_JenaHandlerManager: local thread match [7f0000011753747052298339107478|p_7478_53d97e8@1|p_8271_3e6141@1|com.oplus.metis]
07-28 19:58:13.307  8271  9763 E metis_v2_JenaHandlerManager: local thread match [7f0000011753747052298339107478|p_7478_53d97e8@1|p_8271_3e6141@1|com.oplus.metis]
07-28 19:58:13.307  8271  9763 E metis_v2_JenaHandlerManager: local thread match [7f0000011753747052298339107478|p_7478_53d97e8@1|p_8271_3e6141@1|com.oplus.metis]
07-28 19:58:13.307  8271  9763 E metis_v2_JenaHandlerManager: local thread match [7f0000011753747052298339107478|p_7478_53d97e8@1|p_8271_3e6141@1|com.oplus.metis]
07-28 19:58:13.307  8271  9763 E metis_v2_JenaHandlerManager: local thread match [7f0000011753747052298339107478|p_7478_53d97e8@1|p_8271_3e6141@1|com.oplus.metis]
07-28 19:58:13.307  8271  9763 E metis_v2_JenaHandlerManager: local thread match [7f0000011753747052298339107478|p_7478_53d97e8@1|p_8271_3e6141@1|com.oplus.metis]
07-28 19:58:13.307  8271  9763 E metis_v2_JenaHandlerManager: local thread match [7f0000011753747052298339107478|p_7478_53d97e8@1|p_8271_3e6141@1|com.oplus.metis]
07-28 19:58:13.307  8271  9763 E metis_v2_JenaHandlerManager: local thread match [7f0000011753747052298339107478|p_7478_53d97e8@1|p_8271_3e6141@1|com.oplus.metis]
07-28 19:58:13.307  8271  9763 E metis_v2_JenaHandlerManager: local thread match [7f0000011753747052298339107478|p_7478_53d97e8@1|p_8271_3e6141@1|com.oplus.metis]
07-28 19:58:13.307  8271  9763 E metis_v2_JenaHandlerManager: local thread match [7f0000011753747052298339107478|p_7478_53d97e8@1|p_8271_3e6141@1|com.oplus.metis]
07-28 19:58:13.307  8271  9763 E metis_v2_JenaHandlerManager: local thread match [7f0000011753747052298339107478|p_7478_53d97e8@1|p_8271_3e6141@1|com.oplus.metis]
07-28 19:58:13.307  8271  9763 E metis_v2_JenaHandlerManager: local thread match [7f0000011753747052298339107478|p_7478_53d97e8@1|p_8271_3e6141@1|com.oplus.metis]
07-28 19:58:13.307  8271  9763 E metis_v2_JenaHandlerManager: local thread match [7f0000011753747052298339107478|p_7478_53d97e8@1|p_8271_3e6141@1|com.oplus.metis]
07-28 19:58:13.307  8271  9763 E metis_v2_JenaHandlerManager: local thread match [7f0000011753747052298339107478|p_7478_53d97e8@1|p_8271_3e6141@1|com.oplus.metis]
07-28 19:58:13.307  8271  9763 E metis_v2_JenaHandlerManager: local thread match [7f0000011753747052298339107478|p_7478_53d97e8@1|p_8271_3e6141@1|com.oplus.metis]
07-28 19:58:13.307  8271  9763 E metis_v2_JenaHandlerManager: local thread match [7f0000011753747052298339107478|p_7478_53d97e8@1|p_8271_3e6141@1|com.oplus.metis]
07-28 19:58:13.307  8271  9763 E metis_v2_JenaHandlerManager: local thread match [7f0000011753747052298339107478|p_7478_53d97e8@1|p_8271_3e6141@1|com.oplus.metis]
07-28 19:58:13.307  8271  9763 E metis_v2_JenaHandlerManager: local thread match [7f0000011753747052298339107478|p_7478_53d97e8@1|p_8271_3e6141@1|com.oplus.metis]
07-28 19:58:13.307  8271  9763 E metis_v2_JenaHandlerManager: local thread match [7f0000011753747052298339107478|p_7478_53d97e8@1|p_8271_3e6141@1|com.oplus.metis]
07-28 19:58:13.307  8271  9763 E metis_v2_JenaHandlerManager: local thread match [7f0000011753747052298339107478|p_7478_53d97e8@1|p_8271_3e6141@1|com.oplus.metis]
07-28 19:58:13.307  8271  9763 E metis_v2_JenaHandlerManager: local thread match [7f0000011753747052298339107478|p_7478_53d97e8@1|p_8271_3e6141@1|com.oplus.metis]
07-28 19:58:13.307  8271  9763 E metis_v2_JenaHandlerManager: local thread match [7f0000011753747052298339107478|p_7478_53d97e8@1|p_8271_3e6141@1|com.oplus.metis]
07-28 19:58:13.307  8271  9763 E metis_v2_JenaHandlerManager: local thread match [7f0000011753747052298339107478|p_7478_53d97e8@1|p_8271_3e6141@1|com.oplus.metis]
07-28 19:58:13.307  8271  9763 E metis_v2_JenaHandlerManager: local thread match [7f0000011753747052298339107478|p_7478_53d97e8@1|p_8271_3e6141@1|com.oplus.metis]
07-28 19:58:13.307  8271  9763 E metis_v2_JenaHandlerManager: local thread match [7f0000011753747052298339107478|p_7478_53d97e8@1|p_8271_3e6141@1|com.oplus.metis]
07-28 19:58:13.307  8271  9763 E metis_v2_JenaHandlerManager: local thread match [7f0000011753747052298339107478|p_7478_53d97e8@1|p_8271_3e6141@1|com.oplus.metis]
07-28 19:58:13.307  8271  9763 E metis_v2_JenaHandlerManager: local thread match [7f0000011753747052298339107478|p_7478_53d97e8@1|p_8271_3e6141@1|com.oplus.metis]
07-28 19:58:13.307  8271  9756 I ContextAware_SortAlgorithmManager.BatchIntentProcessor: onProcess decisionUTraceContext = UTraceContext(traceID=7f0000011753747093307218908271, current=p_8271_3e6141@42, parent=null, spanType=1, valid=1, tag=null)
07-28 19:58:13.307  8271  9763 E metis_v2_JenaHandlerManager: local thread match [7f0000011753747052298339107478|p_7478_53d97e8@1|p_8271_3e6141@1|com.oplus.metis]
07-28 19:58:13.307  8271  9763 E metis_v2_JenaHandlerManager: local thread match [7f0000011753747052298339107478|p_7478_53d97e8@1|p_8271_3e6141@1|com.oplus.metis]
07-28 19:58:13.307  8271  9756 E ContextAware_SortAlgorithmManager.BatchIntentProcessor: onProcess intentStringList is invalid
07-28 19:58:13.307  8271  9763 E metis_v2_JenaHandlerManager: local thread match [7f0000011753747052298339107478|p_7478_53d97e8@1|p_8271_3e6141@1|com.oplus.metis]
07-28 19:58:13.307  8271  9756 E ContextAware_SortAlgorithmManager.IntentSendProcessor: disable direct send intent mode, clear
07-28 19:58:13.307  8271  9763 E metis_v2_JenaHandlerManager: local thread match [7f0000011753747052298339107478|p_7478_53d97e8@1|p_8271_3e6141@1|com.oplus.metis]
07-28 19:58:13.307  8271  9763 E metis_v2_JenaHandlerManager: local thread match [7f0000011753747052298339107478|p_7478_53d97e8@1|p_8271_3e6141@1|com.oplus.metis]
07-28 19:58:13.307  8271  9763 E metis_v2_JenaHandlerManager: local thread match [7f0000011753747052298339107478|p_7478_53d97e8@1|p_8271_3e6141@1|com.oplus.metis]
07-28 19:58:13.307  8271  9763 E metis_v2_JenaHandlerManager: local thread match [7f0000011753747052298339107478|p_7478_53d97e8@1|p_8271_3e6141@1|com.oplus.metis]
07-28 19:58:13.307  8271 10367 I ContextAware_DailyStatisticsRecorder: Increase context change count: PROCESSOR_BATCH_INTENT_cnt, value: 1
07-28 19:58:13.307  8271  9763 E metis_v2_JenaHandlerManager: local thread match [7f0000011753747052298339107478|p_7478_53d97e8@1|p_8271_3e6141@1|com.oplus.metis]
07-28 19:58:13.307  8271 10367 I ContextAware_DailyStatisticsRecorder: Increase context change count: PROCESSOR_BATCH_INTENT_ms, value: 0
07-28 19:58:13.307  8271  9763 E metis_v2_JenaHandlerManager: local thread match [7f0000011753747052298339107478|p_7478_53d97e8@1|p_8271_3e6141@1|com.oplus.metis]
07-28 19:58:13.307  8271  9763 E metis_v2_JenaHandlerManager: local thread match [7f0000011753747052298339107478|p_7478_53d97e8@1|p_8271_3e6141@1|com.oplus.metis]
07-28 19:58:13.307  8271  9763 E metis_v2_JenaHandlerManager: local thread match [7f0000011753747052298339107478|p_7478_53d97e8@1|p_8271_3e6141@1|com.oplus.metis]
07-28 19:58:13.307  8271  9763 E metis_v2_JenaHandlerManager: local thread match [7f0000011753747052298339107478|p_7478_53d97e8@1|p_8271_3e6141@1|com.oplus.metis]
07-28 19:58:13.307  8271  9763 E metis_v2_JenaHandlerManager: local thread match [7f0000011753747052298339107478|p_7478_53d97e8@1|p_8271_3e6141@1|com.oplus.metis]
07-28 19:58:13.307  8271  9763 E metis_v2_JenaHandlerManager: local thread match [7f0000011753747052298339107478|p_7478_53d97e8@1|p_8271_3e6141@1|com.oplus.metis]
07-28 19:58:13.307  8271  9763 E metis_v2_JenaHandlerManager: local thread match [7f0000011753747052298339107478|p_7478_53d97e8@1|p_8271_3e6141@1|com.oplus.metis]
07-28 19:58:13.307  8271  9763 E metis_v2_JenaHandlerManager: local thread match [7f0000011753747052298339107478|p_7478_53d97e8@1|p_8271_3e6141@1|com.oplus.metis]
07-28 19:58:13.307  8271  9763 E metis_v2_JenaHandlerManager: local thread match [7f0000011753747052298339107478|p_7478_53d97e8@1|p_8271_3e6141@1|com.oplus.metis]
07-28 19:58:13.307  8271  9763 E metis_v2_JenaHandlerManager: local thread match [7f0000011753747052298339107478|p_7478_53d97e8@1|p_8271_3e6141@1|com.oplus.metis]
07-28 19:58:13.307  8271  9756 I metis_v2_BreenoSwitchSettingObserver: panta-sugg-getMasterSwitchStatus from cache:true
07-28 19:58:13.307  8271  9763 E metis_v2_JenaHandlerManager: local thread match [7f0000011753747052298339107478|p_7478_53d97e8@1|p_8271_3e6141@1|com.oplus.metis]
07-28 19:58:13.307  8271  9763 E metis_v2_JenaHandlerManager: local thread match [7f0000011753747052298339107478|p_7478_53d97e8@1|p_8271_3e6141@1|com.oplus.metis]
07-28 19:58:13.307  8271  9756 I ContextAware_IntentSwitchManager: filterList, not filter, breeno switch on
07-28 19:58:13.307  8271  9763 E metis_v2_JenaHandlerManager: local thread match [7f0000011753747052298339107478|p_7478_53d97e8@1|p_8271_3e6141@1|com.oplus.metis]
07-28 19:58:13.307  8271  9763 E metis_v2_JenaHandlerManager: local thread match [7f0000011753747052298339107478|p_7478_53d97e8@1|p_8271_3e6141@1|com.oplus.metis]
07-28 19:58:13.307  8271  9763 E metis_v2_JenaHandlerManager: local thread match [7f0000011753747052298339107478|p_7478_53d97e8@1|p_8271_3e6141@1|com.oplus.metis]
07-28 19:58:13.307  8271  9763 E metis_v2_JenaHandlerManager: local thread match [7f0000011753747052298339107478|p_7478_53d97e8@1|p_8271_3e6141@1|com.oplus.metis]
07-28 19:58:13.307  8271  9763 E metis_v2_JenaHandlerManager: local thread match [7f0000011753747052298339107478|p_7478_53d97e8@1|p_8271_3e6141@1|com.oplus.metis]
07-28 19:58:13.307  8271  9763 E metis_v2_JenaHandlerManager: local thread match [7f0000011753747052298339107478|p_7478_53d97e8@1|p_8271_3e6141@1|com.oplus.metis]
07-28 19:58:13.307  8271  9763 E metis_v2_JenaHandlerManager: local thread match [7f0000011753747052298339107478|p_7478_53d97e8@1|p_8271_3e6141@1|com.oplus.metis]
07-28 19:58:13.307  8271  9763 E metis_v2_JenaHandlerManager: local thread match [7f0000011753747052298339107478|p_7478_53d97e8@1|p_8271_3e6141@1|com.oplus.metis]
07-28 19:58:13.307  8271  9763 E metis_v2_JenaHandlerManager: local thread match [7f0000011753747052298339107478|p_7478_53d97e8@1|p_8271_3e6141@1|com.oplus.metis]
07-28 19:58:13.307  8271  9763 E metis_v2_JenaHandlerManager: local thread match [7f0000011753747052298339107478|p_7478_53d97e8@1|p_8271_3e6141@1|com.oplus.metis]
07-28 19:58:13.307  8271  9763 E metis_v2_JenaHandlerManager: local thread match [7f0000011753747052298339107478|p_7478_53d97e8@1|p_8271_3e6141@1|com.oplus.metis]
07-28 19:58:13.307  8271  9763 E metis_v2_JenaHandlerManager: local thread match [7f0000011753747052298339107478|p_7478_53d97e8@1|p_8271_3e6141@1|com.oplus.metis]
07-28 19:58:13.307  8271  9763 E metis_v2_JenaHandlerManager: local thread match [7f0000011753747052298339107478|p_7478_53d97e8@1|p_8271_3e6141@1|com.oplus.metis]
07-28 19:58:13.307  8271  9763 E metis_v2_JenaHandlerManager: local thread match [7f0000011753747052298339107478|p_7478_53d97e8@1|p_8271_3e6141@1|com.oplus.metis]
07-28 19:58:13.307  8271  9763 E metis_v2_JenaHandlerManager: local thread match [7f0000011753747052298339107478|p_7478_53d97e8@1|p_8271_3e6141@1|com.oplus.metis]
07-28 19:58:13.307  8271  9763 E metis_v2_JenaHandlerManager: local thread match [7f0000011753747052298339107478|p_7478_53d97e8@1|p_8271_3e6141@1|com.oplus.metis]
07-28 19:58:13.307  8271  9763 E metis_v2_JenaHandlerManager: local thread match [7f0000011753747052298339107478|p_7478_53d97e8@1|p_8271_3e6141@1|com.oplus.metis]
07-28 19:58:13.307  8271  9763 E metis_v2_JenaHandlerManager: local thread match [7f0000011753747052298339107478|p_7478_53d97e8@1|p_8271_3e6141@1|com.oplus.metis]
07-28 19:58:13.307  8271  9763 E metis_v2_JenaHandlerManager: local thread match [7f0000011753747052298339107478|p_7478_53d97e8@1|p_8271_3e6141@1|com.oplus.metis]
07-28 19:58:13.307  8271  9763 E metis_v2_JenaHandlerManager: local thread match [7f0000011753747052298339107478|p_7478_53d97e8@1|p_8271_3e6141@1|com.oplus.metis]
07-28 19:58:13.307  8271  9763 E metis_v2_JenaHandlerManager: local thread match [7f0000011753747052298339107478|p_7478_53d97e8@1|p_8271_3e6141@1|com.oplus.metis]
07-28 19:58:13.307  8271  9763 E metis_v2_JenaHandlerManager: local thread match [7f0000011753747052298339107478|p_7478_53d97e8@1|p_8271_3e6141@1|com.oplus.metis]
07-28 19:58:13.307  8271  9763 E metis_v2_JenaHandlerManager: local thread match [7f0000011753747052298339107478|p_7478_53d97e8@1|p_8271_3e6141@1|com.oplus.metis]
07-28 19:58:13.307  8271  9763 E metis_v2_JenaHandlerManager: local thread match [7f0000011753747052298339107478|p_7478_53d97e8@1|p_8271_3e6141@1|com.oplus.metis]
07-28 19:58:13.307  8271  9756 I ContextAware_SortAlgorithmManager.IntentSendProcessor: sendSceneString: [{"combination_strategy":0,"create_time":1735722085016,"expect_scene_cnt":1,"focus_time":0,"force_guaranteed":true,"home_flag":true,"intent_list":[{"action":"pantanal.intent.applicationsuggestions.SUBSTITUTE","add_min_prob":0.4,"add_related_id":0,"algorithm_time_rule":[],"algorithm_version":"","attenuationFunc":-1,"attenuationType":-1,"cannot_reduce_recommend":true,"config_version":202507161101,"contain_service_id":false,"create_time":1753747053926,"default_score":3.12,"delay_click_timestamp":0,"delay_exposure_timestamp":0,"domain":"system_tools","drop_repeat_key":"","drop_repeat_mode":-1,"expire_time":1440000,"final_score":3.12,"force_rebuild_seedling":false,"intent_feedback_type":2,"intent_id":13151001,"intent_instance_id":"null13151001DYNAMIC_SUBSTITUTEnull20809","intent_level":"default","intent_position":1,"intent_src":3,"is_params_send_to_seedling":false,"is_scene_focus":false,"is_support_multi_instance":false,"last_sort_type":0,"last_update_time":1753747053926,"original_update_time":1753747053926,"params_from_user_policy":{"click_args":[],"click_func":-1,"delay_click_args":[],"delay_exposure_args":[],"exposure_args":[],"exposure_func":-1,"time_args":[1440000.0,5.0],"time_func":2},"policy_name":"DYNAMIC_SUBSTITUTE","prob_adj":1.0,"protect_enable":false,"protect_policy":{"delta_duration":3,"end_ratio":10,"event":0,"initial_duration":7,"start_ratio":70,"step_ratio":20},"remove_trigger_value":0.2,"rule_remove_by_algorithm":false,"scene_func":0,"scene_id":210000000,"scene_instance_id":"","seedling_ui_policy":0,"should_focus":false,"show_type":0,"sort_related_id":0,"sortable":true,"status":2,"sub_domain":"application_suggestions"}],"scene_id":210000000,"scene_level":1,"scene_should_focus":false,"score":100.0,"status":2,"update_time":1735722085016,"weight":1},{"combination_strategy":0,"create_time":1735722085016,"expect_scene_cnt":1,"focus_time":0,"force_guaranteed":false,"home_flag":false,"intent_list":[{"action":"pantanal.intent.system.CLEAN_UP_STORAGE","add_min_prob":0.4,"add_related_id":0,"algorithm_time_rule":[],"algorithm_version":"","attenuationFunc":-1,"attenuationType":-1,"cannot_reduce_recommend":false,"config_version":202507161101,"contain_service_id":false,"create_time":1753747053926,"default_score":4.06,"delay_click_timestamp":0,"delay_exposure_timestamp":0,"domain":"system_settings","drop_repeat_key":"","drop_repeat_mode":-1,"expire_time":1440000,"final_score":4.06,"force_rebuild_seedling":false,"intent_feedback_type":2,"intent_id":14111004,"intent_instance_id":"null14111004CLEAN_UP_STORAGE_SUBSTITUTEnull20809","intent_level":"default","intent_position":1,"intent_src":3,"is_params_send_to_seedling":false,"is_scene_focus":false,"is_support_multi_instance":false,"last_sort_type":0,"last_update_time":1753747053926,"original_update_time":1753747053926,"params_from_user_policy":{"click_args":[],"click_func":-1,"delay_click_args":[],"delay_exposure_args":[],"exposure_args":[],"exposure_func":-1,"time_args":[1440000.0,5.0],"time_func":2},"policy_name":"CLEAN_UP_STORAGE_SUBSTITUTE","prob_adj":1.0,"protect_enable":false,"protect_policy":{"delta_duration":3,"end_ratio":10,"event":0,"initial_duration":7,"start_ratio":70,"step_ratio":20},"remove_trigger_value":0.2,"rule_remove_by_algorithm":false,"scene_func":0,"scene_id":240000000,"scene_instance_id":"","seedling_ui_policy":0,"should_focus":false,"show_type":0,"sort_related_id":0,"sortable":true,"status":2,"sub_domain":"clear_memory"},{"action":"pantanal.intent.audio.SUBSTITUTE_RAM_CLEAN_UP","add_min_prob":0.4,"add_related_id":0,"algorithm_time_rule":[],"algorithm_version":"","attenuationFunc":-1,"attenuationType":-1,"cannot_reduce_recommend":false,"config_version":202507161101,"contain_service_id":false,"create_time":1753747053926,"default_score":4.05,"delay_click_timestamp":0,"delay_exposure_timestamp":0,"domain":"system_settings","drop_repeat_key":"","drop_repeat_mode":-1,"expire_time":1440000,"final_score":4.05,"force_rebuild_seedling":false,"intent_feedback_type":2
07-28 19:58:13.307  8271  9763 E metis_v2_JenaHandlerManager: local thread match [7f0000011753747052298339107478|p_7478_53d97e8@1|p_8271_3e6141@1|com.oplus.metis]
07-28 19:58:13.307  8271  9763 E metis_v2_JenaHandlerManager: local thread match [7f0000011753747052298339107478|p_7478_53d97e8@1|p_8271_3e6141@1|com.oplus.metis]
07-28 19:58:13.307  8271  9763 E metis_v2_JenaHandlerManager: local thread match [7f0000011753747052298339107478|p_7478_53d97e8@1|p_8271_3e6141@1|com.oplus.metis]
07-28 19:58:13.307  8271  9763 E metis_v2_JenaHandlerManager: local thread match [7f0000011753747052298339107478|p_7478_53d97e8@1|p_8271_3e6141@1|com.oplus.metis]
07-28 19:58:13.307  8271  9763 E metis_v2_JenaHandlerManager: local thread match [7f0000011753747052298339107478|p_7478_53d97e8@1|p_8271_3e6141@1|com.oplus.metis]
07-28 19:58:13.307  8271  9756 I metis_v2_BreenoSwitchSettingObserver: panta-sugg-getMasterSwitchStatus from cache:true
07-28 19:58:13.307  8271  9763 E metis_v2_JenaHandlerManager: local thread match [7f0000011753747052298339107478|p_7478_53d97e8@1|p_8271_3e6141@1|com.oplus.metis]
07-28 19:58:13.307  8271  9756 I ContextAware_IntentSwitchManager: filterList, not filter, breeno switch on
07-28 19:58:13.307  8271  9763 E metis_v2_JenaHandlerManager: local thread match [7f0000011753747052298339107478|p_7478_53d97e8@1|p_8271_3e6141@1|com.oplus.metis]
07-28 19:58:13.307  8271  9756 I metis_v2_BreenoSwitchSettingObserver: panta-sugg-getMasterSwitchStatus from cache:true
07-28 19:58:13.307  8271  9763 E metis_v2_JenaHandlerManager: local thread match [7f0000011753747052298339107478|p_7478_53d97e8@1|p_8271_3e6141@1|com.oplus.metis]
07-28 19:58:13.308  8271  9763 E metis_v2_JenaHandlerManager: local thread match [7f0000011753747052298339107478|p_7478_53d97e8@1|p_8271_3e6141@1|com.oplus.metis]
07-28 19:58:13.308  8271  9763 E metis_v2_JenaHandlerManager: local thread match [7f0000011753747052298339107478|p_7478_53d97e8@1|p_8271_3e6141@1|com.oplus.metis]
07-28 19:58:13.308  8271  9763 E metis_v2_JenaHandlerManager: local thread match [7f0000011753747052298339107478|p_7478_53d97e8@1|p_8271_3e6141@1|com.oplus.metis]
07-28 19:58:13.308  8271  9763 E metis_v2_JenaHandlerManager: local thread match [7f0000011753747052298339107478|p_7478_53d97e8@1|p_8271_3e6141@1|com.oplus.metis]
07-28 19:58:13.308  8271  9763 E metis_v2_JenaHandlerManager: local thread match [7f0000011753747052298339107478|p_7478_53d97e8@1|p_8271_3e6141@1|com.oplus.metis]
07-28 19:58:13.308  8271  9763 E metis_v2_JenaHandlerManager: local thread match [7f0000011753747052298339107478|p_7478_53d97e8@1|p_8271_3e6141@1|com.oplus.metis]
07-28 19:58:13.308  8271  9763 E metis_v2_JenaHandlerManager: local thread match [7f0000011753747052298339107478|p_7478_53d97e8@1|p_8271_3e6141@1|com.oplus.metis]
07-28 19:58:13.308  8271  9763 E metis_v2_JenaHandlerManager: local thread match [7f0000011753747052298339107478|p_7478_53d97e8@1|p_8271_3e6141@1|com.oplus.metis]
07-28 19:58:13.308  8271  9763 E metis_v2_JenaHandlerManager: local thread match [7f0000011753747052298339107478|p_7478_53d97e8@1|p_8271_3e6141@1|com.oplus.metis]
07-28 19:58:13.308  8271  9763 E metis_v2_JenaHandlerManager: local thread match [7f0000011753747052298339107478|p_7478_53d97e8@1|p_8271_3e6141@1|com.oplus.metis]
07-28 19:58:13.308  8271  9763 E metis_v2_JenaHandlerManager: local thread match [7f0000011753747052298339107478|p_7478_53d97e8@1|p_8271_3e6141@1|com.oplus.metis]
07-28 19:58:13.308  8271  9763 E metis_v2_JenaHandlerManager: local thread match [7f0000011753747052298339107478|p_7478_53d97e8@1|p_8271_3e6141@1|com.oplus.metis]
07-28 19:58:13.308  8271  9763 E metis_v2_JenaHandlerManager: local thread match [7f0000011753747052298339107478|p_7478_53d97e8@1|p_8271_3e6141@1|com.oplus.metis]
07-28 19:58:13.308  8271  9763 E metis_v2_JenaHandlerManager: local thread match [7f0000011753747052298339107478|p_7478_53d97e8@1|p_8271_3e6141@1|com.oplus.metis]
07-28 19:58:13.308  8271  9763 E metis_v2_JenaHandlerManager: local thread match [7f0000011753747052298339107478|p_7478_53d97e8@1|p_8271_3e6141@1|com.oplus.metis]
07-28 19:58:13.308  8271  9763 E metis_v2_JenaHandlerManager: local thread match [7f0000011753747052298339107478|p_7478_53d97e8@1|p_8271_3e6141@1|com.oplus.metis]
07-28 19:58:13.308  8271  9763 E metis_v2_JenaHandlerManager: local thread match [7f0000011753747052298339107478|p_7478_53d97e8@1|p_8271_3e6141@1|com.oplus.metis]
07-28 19:58:13.308  8271  9763 E metis_v2_JenaHandlerManager: local thread match [7f0000011753747052298339107478|p_7478_53d97e8@1|p_8271_3e6141@1|com.oplus.metis]
07-28 19:58:13.308  8271  9763 E metis_v2_JenaHandlerManager: local thread match [7f0000011753747052298339107478|p_7478_53d97e8@1|p_8271_3e6141@1|com.oplus.metis]
07-28 19:58:13.308  8271  9763 E metis_v2_JenaHandlerManager: local thread match [7f0000011753747052298339107478|p_7478_53d97e8@1|p_8271_3e6141@1|com.oplus.metis]
07-28 19:58:13.308  8271  9763 E metis_v2_JenaHandlerManager: local thread match [7f0000011753747052298339107478|p_7478_53d97e8@1|p_8271_3e6141@1|com.oplus.metis]
07-28 19:58:13.308  8271  9763 E metis_v2_JenaHandlerManager: local thread match [7f0000011753747052298339107478|p_7478_53d97e8@1|p_8271_3e6141@1|com.oplus.metis]
07-28 19:58:13.308  8271  9763 E metis_v2_JenaHandlerManager: local thread match [7f0000011753747052298339107478|p_7478_53d97e8@1|p_8271_3e6141@1|com.oplus.metis]
07-28 19:58:13.308  8271  9763 E metis_v2_JenaHandlerManager: local thread match [7f0000011753747052298339107478|p_7478_53d97e8@1|p_8271_3e6141@1|com.oplus.metis]
07-28 19:58:13.308  8271  9763 E metis_v2_JenaHandlerManager: local thread match [7f0000011753747052298339107478|p_7478_53d97e8@1|p_8271_3e6141@1|com.oplus.metis]
07-28 19:58:13.308  8271  9763 E metis_v2_JenaHandlerManager: local thread match [7f0000011753747052298339107478|p_7478_53d97e8@1|p_8271_3e6141@1|com.oplus.metis]
07-28 19:58:13.308  8271  9763 E metis_v2_JenaHandlerManager: local thread match [7f0000011753747052298339107478|p_7478_53d97e8@1|p_8271_3e6141@1|com.oplus.metis]
07-28 19:58:13.308  8271  9763 E metis_v2_JenaHandlerManager: local thread match [7f0000011753747052298339107478|p_7478_53d97e8@1|p_8271_3e6141@1|com.oplus.metis]
07-28 19:58:13.308  8271  9763 E metis_v2_JenaHandlerManager: local thread match [7f0000011753747052298339107478|p_7478_53d97e8@1|p_8271_3e6141@1|com.oplus.metis]
07-28 19:58:13.308  8271  9763 E metis_v2_JenaHandlerManager: local thread match [7f0000011753747052298339107478|p_7478_53d97e8@1|p_8271_3e6141@1|com.oplus.metis]
07-28 19:58:13.308  8271  9763 E metis_v2_JenaHandlerManager: local thread match [7f0000011753747052298339107478|p_7478_53d97e8@1|p_8271_3e6141@1|com.oplus.metis]
07-28 19:58:13.308  8271  9763 E metis_v2_JenaHandlerManager: local thread match [7f0000011753747052298339107478|p_7478_53d97e8@1|p_8271_3e6141@1|com.oplus.metis]
07-28 19:58:13.308  8271  9763 E metis_v2_JenaHandlerManager: local thread match [7f0000011753747052298339107478|p_7478_53d97e8@1|p_8271_3e6141@1|com.oplus.metis]
07-28 19:58:13.308  8271  9763 E metis_v2_JenaHandlerManager: local thread match [7f0000011753747052298339107478|p_7478_53d97e8@1|p_8271_3e6141@1|com.oplus.metis]
07-28 19:58:13.308  8271  9763 E metis_v2_JenaHandlerManager: local thread match [7f0000011753747052298339107478|p_7478_53d97e8@1|p_8271_3e6141@1|com.oplus.metis]
07-28 19:58:13.308  8271  9763 E metis_v2_JenaHandlerManager: local thread match [7f0000011753747052298339107478|p_7478_53d97e8@1|p_8271_3e6141@1|com.oplus.metis]
07-28 19:58:13.308  8271  9763 E metis_v2_JenaHandlerManager: local thread match [7f0000011753747052298339107478|p_7478_53d97e8@1|p_8271_3e6141@1|com.oplus.metis]
07-28 19:58:13.308  8271  9763 E metis_v2_JenaHandlerManager: local thread match [7f0000011753747052298339107478|p_7478_53d97e8@1|p_8271_3e6141@1|com.oplus.metis]
07-28 19:58:13.308  8271  9763 E metis_v2_JenaHandlerManager: local thread match [7f0000011753747052298339107478|p_7478_53d97e8@1|p_8271_3e6141@1|com.oplus.metis]
07-28 19:58:13.308  8271  9763 E metis_v2_JenaHandlerManager: local thread match [7f0000011753747052298339107478|p_7478_53d97e8@1|p_8271_3e6141@1|com.oplus.metis]
07-28 19:58:13.308  8271  9763 E metis_v2_JenaHandlerManager: local thread match [7f0000011753747052298339107478|p_7478_53d97e8@1|p_8271_3e6141@1|com.oplus.metis]
07-28 19:58:13.308  8271  9763 E metis_v2_JenaHandlerManager: local thread match [7f0000011753747052298339107478|p_7478_53d97e8@1|p_8271_3e6141@1|com.oplus.metis]
07-28 19:58:13.308  8271  9763 E metis_v2_JenaHandlerManager: local thread match [7f0000011753747052298339107478|p_7478_53d97e8@1|p_8271_3e6141@1|com.oplus.metis]
07-28 19:58:13.308  8271  9763 E metis_v2_JenaHandlerManager: local thread match [7f0000011753747052298339107478|p_7478_53d97e8@1|p_8271_3e6141@1|com.oplus.metis]
07-28 19:58:13.308  8271  9763 E metis_v2_JenaHandlerManager: local thread match [7f0000011753747052298339107478|p_7478_53d97e8@1|p_8271_3e6141@1|com.oplus.metis]
07-28 19:58:13.308  8271  9763 E metis_v2_JenaHandlerManager: local thread match [7f0000011753747052298339107478|p_7478_53d97e8@1|p_8271_3e6141@1|com.oplus.metis]
07-28 19:58:13.310  5220  5624 W [0]DCS  : Common Record event failed. DCS reject event: [appId=107501,logTag=10750101,eventId=metis_scene] . Pls check server config.
07-28 19:58:13.312  5220  5624 W [0]DCS  : Common Record event failed. DCS reject event: [appId=107501,logTag=10750101,eventId=metis_scene] . Pls check server config.
07-28 19:58:13.312  6649  6699 I ThermalEngine: VIRTUAL-CPU-L-PID, Update received trip sensor cpu-1-0-1 79900
07-28 19:58:13.312  6649  6819 I ThermalEngine: VIRTUAL-CPU-L-PID, Update received trip sensor cpu-1-1-1 79900
07-28 19:58:13.350  1953  1953 D SensorFeature: name=ssc_screenshot_info ,index = 22
07-28 19:58:13.350  1953  1953 D SensorFeature: write 29 bytes:60223999923,60232333256,165,0
07-28 19:58:13.355  1863  4454 I Dpps    : LtmSwState::SetParameter():144 ignore cmd 7 in state LtmOffState
07-28 19:58:13.368  4845  4845 D RowAnimatorExtImpl: end:view:StatusBarIconView(slot='volume' alpha=1.0 icon=StatusBarIcon(icon=Icon(typ=RESOURCE pkg=com.android.systemui id=0x7f0818f0) visible user=0 ) visibleState=ICON iconColor=#ccffffff staticDrawableColor=#ccffffff decorColor=#ffffffff animationStartColor=#0 currentSetColor=#ccffffff notification=null),tx
07-28 19:58:13.368  4845  4845 D RowAnimatorExtImpl: end:view:StatusBarIconView(slot='zen' alpha=1.0 icon=StatusBarIcon(icon=Icon(typ=RESOURCE pkg=com.android.systemui id=0x7f0818e1) visible user=0 ) visibleState=ICON iconColor=#ccffffff staticDrawableColor=#ccffffff decorColor=#ffffffff animationStartColor=#0 currentSetColor=#ccffffff notification=null),tx
07-28 19:58:13.368  4845  4845 D RowAnimatorExtImpl: end:view:StatusBarIconView(slot='volume' alpha=1.0 icon=StatusBarIcon(icon=Icon(typ=RESOURCE pkg=com.android.systemui id=0x7f0818f0) visible user=0 ) visibleState=ICON iconColor=#ccffffff staticDrawableColor=#ccffffff decorColor=#ffffffff animationStartColor=#0 currentSetColor=#ccffffff notification=null),tx
07-28 19:58:13.368  4845  4845 D RowAnimatorExtImpl: end:view:StatusBarIconView(slot='zen' alpha=1.0 icon=StatusBarIcon(icon=Icon(typ=RESOURCE pkg=com.android.systemui id=0x7f0818e1) visible user=0 ) visibleState=ICON iconColor=#ccffffff staticDrawableColor=#ccffffff decorColor=#ffffffff animationStartColor=#0 currentSetColor=#ccffffff notification=null),tx
07-28 19:58:13.368  4845  4845 D RowAnimatorExtImpl: end:view:StatusBarIconView(slot='volume' alpha=1.0 icon=StatusBarIcon(icon=Icon(typ=RESOURCE pkg=com.android.systemui id=0x7f0818f0) visible user=0 ) visibleState=ICON iconColor=#ccffffff staticDrawableColor=#ccffffff decorColor=#ffffffff animationStartColor=#0 currentSetColor=#ccffffff notification=null),tx
07-28 19:58:13.368  4845  4845 D RowAnimatorExtImpl: end:view:StatusBarIconView(slot='zen' alpha=1.0 icon=StatusBarIcon(icon=Icon(typ=RESOURCE pkg=com.android.systemui id=0x7f0818e1) visible user=0 ) visibleState=ICON iconColor=#ccffffff staticDrawableColor=#ccffffff decorColor=#ffffffff animationStartColor=#0 currentSetColor=#ccffffff notification=null),tx
07-28 19:58:13.369  1799  9493 I sensors-hal: handle_sns_client_event:87, step_count_event: ts=60251889577 count 0
07-28 19:58:13.369  3414  4378 D SensorServiceUtils: sensorEventLog step_counter = 0
07-28 19:58:13.369  3414  4378 D SensorServiceUtils: sensorEventLog step_counter = 0
07-28 19:58:13.369  3414  4378 D SensorServiceUtils: sensorEventLog step_counter = 0
07-28 19:58:13.369  3414  4378 D SensorServiceUtils: sensorEventLog step_counter = 0
07-28 19:58:13.369  3414  4378 D SensorServiceUtils: sensorEventLog step_counter = 0
07-28 19:58:13.369  3414  4378 D SensorServiceUtils: sensorEventLog step_counter = 0
07-28 19:58:13.369  3414  4378 D SensorServiceUtils: sensorEventLog step_counter = 0
07-28 19:58:13.369  3414  4378 D SensorServiceUtils: sensorEventLog step_counter = 0
07-28 19:58:13.369  3414  4378 D SensorServiceUtils: sensorEventLog step_counter = 0
07-28 19:58:13.369  3414  4378 D SensorServiceUtils: sensorEventLog step_counter = 0
07-28 19:58:13.369  3414  4378 D SensorServiceUtils: sensorEventLog step_counter = 0
07-28 19:58:13.369  3414  4378 D SensorServiceUtils: sensorEventLog step_counter = 0
07-28 19:58:13.369  3414  4378 D SensorServiceUtils: sensorEventLog step_counter = 0
07-28 19:58:13.369  3414  4378 D SensorServiceUtils: sensorEventLog step_counter = 0
07-28 19:58:13.369  3414  4378 D SensorServiceUtils: sensorEventLog step_counter = 0
07-28 19:58:13.369  3414  4378 D SensorServiceUtils: sensorEventLog step_counter = 0
07-28 19:58:13.369  3414  4378 D SensorServiceUtils: sensorEventLog step_counter = 0
07-28 19:58:13.369  3414  4378 D SensorServiceUtils: sensorEventLog step_counter = 0
07-28 19:58:13.369  3414  4378 D SensorServiceUtils: sensorEventLog step_counter = 0
07-28 19:58:13.370  4670  4670 V SystemSensorManagerExtImpl: step counter dispatchSensorEvent step 0.0 to + a.b$c@5cbf304
07-28 19:58:13.370  4916  4916 V OplusCustomizeCacheManager: queryCache name: sys.cache.common_customize_cache18016 param: null
07-28 19:58:13.371  4916  4916 V OplusCustomizeCacheManager: queryCache name: sys.cache.common_customize_cache18013 param: null
07-28 19:58:13.371  4916  4916 V OplusCustomizeCacheManager: queryCache name: sys.cache.common_customize_cache18014 param: null
07-28 19:58:13.371  4916  4916 V OplusCustomizeCacheManager: queryCache name: sys.cache.common_customize_cache18017 param: Bundle[{SETTING=BLOCK, BUSINESS=NCT-DATA}]
07-28 19:58:13.372  4916  4916 V OplusCustomizeCacheManager: queryCache name: sys.cache.common_customize_cache18016 param: null
07-28 19:58:13.372  4916  4916 V OplusCustomizeCacheManager: queryCache name: sys.cache.common_customize_cache18013 param: null
07-28 19:58:13.372  4916  4916 V OplusCustomizeCacheManager: queryCache name: sys.cache.common_customize_cache18014 param: null
07-28 19:58:13.372  4916  4916 V OplusCustomizeCacheManager: queryCache name: sys.cache.common_customize_cache18017 param: Bundle[{SETTING=BLOCK, BUSINESS=NCT-DATA}]
07-28 19:58:13.398  6496  6578 E horae   : 0: back:32509,back_1:34968,back_2:34536,back_3:33582,frame:35140,frame_1:34033,front:35747,front_1:36152,front_2:34529, -2147483648 4, +(3195), 1 ,43084,32871,38808,43069,41004,42127,32929,38540,42080,40382,41201,32779,38282,41260,39820,40541,32728,38003,40528,39316, target_temp:36152, algo:0
07-28 19:58:13.431  5129  6157 W IWlanProxy: RESP_WAKE_LOCK_TIMEOUT
07-28 19:58:13.551  3414  4663 D OplusProxyWakeLock: prevent gms/gsf hold partial wakelock
07-28 19:58:13.551  7100  9059 W Settings: Setting airplane_mode_on has moved from android.provider.Settings.System to android.provider.Settings.Global, returning read-only value.
07-28 19:58:13.551  7100  7100 I PersonalSafety: Settings changed. [CONTEXT service_id=310 ]
07-28 19:58:13.551  7100  7100 W Settings: Setting airplane_mode_on has moved from android.provider.Settings.System to android.provider.Settings.Global, returning read-only value.
07-28 19:58:13.552  3414  4663 D OplusProxyWakeLock: prevent gms/gsf hold partial wakelock
07-28 19:58:13.555  3414  5949 D OplusProxyWakeLock: prevent gms/gsf hold partial wakelock
07-28 19:58:13.557  3414  5949 D OplusProxyWakeLock: prevent gms/gsf hold partial wakelock
07-28 19:58:13.567  4845  4845 I SystemUi--QuickSettings: TemporarilyInfoManager-->[animateShow] com.oplus.systemui.qs.base.temporarilyinfo.TemporarilyInfoManager$createViewToParent$1{4b0052e VFED..C.. ........ 0,0-1080,228 #7f0a0cb6 app:id/temporarily_info_view alpha=1.0 viewInfo = } end
07-28 19:58:13.567  4845  4845 I SystemUi--QuickSettings: TemporarilyInfoManager-->[trigger] start from showElementAfterShowFully
07-28 19:58:13.624  1953  1953 D SensorFeature: name=ssc_screenshot_info ,index = 22
07-28 19:58:13.624  1953  1953 D SensorFeature: write 29 bytes:60498111590,60506444923,166,0
07-28 19:58:13.626  1863  4454 I Dpps    : LtmSwState::SetParameter():144 ignore cmd 7 in state LtmOffState
07-28 19:58:13.683  4845  4845 D JankUtils: gfxSceneEnd; scene: 7
07-28 19:58:13.683  4845  4845 I SystemUi--Common: NotificationShadeDepthC-->sceneFlag: 0x001, isStart = false, Current sceneFlags: 0x000
07-28 19:58:13.684  4845  4845 D NavigationBar: restrainNavigationBarInvertColor: false
07-28 19:58:13.684  4845  5137 D RegionSamplingHelper =:    mCompositionSamplingListener.register
07-28 19:58:13.684  2189  2376 D SurfaceFlinger: addRegionSamplingListener pid: 4845, Area: [0, 2328, 1080, 2376]
07-28 19:58:13.885  1863  2183 I SDM     : DisplayBase::CommitThread: Received idle timeout, panel: cmd, timeout: 70000 us
07-28 19:58:13.909  1968  1994 D BatteryChargeControl: bcc get no support from charging protocol
07-28 19:58:13.957  1953  1953 D SensorFeature: name=ssc_screenshot_info ,index = 22
07-28 19:58:13.957  1953  1953 D SensorFeature: write 29 bytes:60788730548,60839046381,167,0
07-28 19:58:13.959  3414  4378 D FusionLightNextGen: process end reported = 1, mode: 0, lux 501.0, cct -1.0, r/g/b/c: 21153.1/13346.5/6135.2/39317.8, R/G/B: 132.0/125.0/124.0, bri 1443.0, match 0.62, ir 0.017150, conf 0.0, ts 60738283952
07-28 19:58:13.960  1863  4454 I Dpps    : LtmSwState::SetParameter():144 ignore cmd 7 in state LtmOffState
07-28 19:58:13.961  1863  2183 I SDM     : DisplayBase::CommitThread: Received idle timeout, panel: cmd, timeout: 70000 us
07-28 19:58:14.046  2189  3328 D VRR [OTI]: handleIdle from 0 to 1
07-28 19:58:14.046  2189  3328 D VRR [OTI-HW]: isStateReady 1
07-28 19:58:14.046  2189  3328 D VRR [RefreshRateDirector]: requestRefreshRateByOti update [ oti-hw, {fps=60, modePtr={id=5, vsyncRate=60.00 Hz, peakRefreshRate=60.00 Hz}} ]
07-28 19:58:14.046  2189  3328 D VRR [RefreshRateDirector]: selectBestFrameRate DirectorMapOti [oti-hw, {fps=60, modePtr={id=5, vsyncRate=60.00 Hz, peakRefreshRate=60.00 Hz}}]
07-28 19:58:14.046  2189  3328 D VRR [RefreshRateDirector]: updateBestFrameRate [oti-hw, {fps=60, modePtr={id=5, vsyncRate=60.00 Hz, peakRefreshRate=60.00 Hz}}]
07-28 19:58:14.046  2189  3328 D SurfaceFlinger: VRR [SurfaceFlinger] setDesiredActiveMode: displayId: 4630946756802996883, renderRate: 60, vsyncRate: 60, event: 1
07-28 19:58:14.046  2189  3328 D DisplayModeController: setDesiredMode 4630946756802996883 {mode={fps=60.00 Hz, modePtr={id=5, vsyncRate=60.00 Hz, peakRefreshRate=60.00 Hz}}, emitEvent=true, force=false}
07-28 19:58:14.050  2189  2189 I DisplayModeController: hwc begin mode change to 16666666
07-28 19:58:14.050  2189  2189 I HWC2    : [0] setActiveConfigWithConstraints[5]
07-28 19:58:14.051  1863  3285 W SDM     : HWDeviceDRM::GetSupportedBitClkRate: Requested rate not supported: 1363200000
07-28 19:58:14.051  1863  3285 I SDM     : HWDeviceDRM::UpdateMixerAttributes: Mixer WxH 1440x3168-1 for Peripheral
07-28 19:58:14.052  1863  3285 I CwbService: CwbService::notifyConfigChange: display:0, config:5 size:4, sec.size():0
07-28 19:58:14.052  1863  3250 I CasManager: Fps changed from 120 to 60
07-28 19:58:14.052  1863  3250 I CasManager: Fps changed, not change bin, so trigger gain
07-28 19:58:14.052  1863  3285 I CwbService: CwbService::notifyConfigChange: display: 0, config = 1
07-28 19:58:14.052  1863  3250 W SDM     : DemuraIntfImpl::ProcessOemPluginGain: Thermal intf_ is nullptr 0, default to 25 degree
07-28 19:58:14.052  1863  3250 I SDM     : CasQcPlugIn::ProcessPerCompGainOppo: input params, mode:PWM, fps:60, dbv:1443
07-28 19:58:14.052  1863  3250 I SDM     : CasQcPlugIn::ProcessPerCompGainOppo: normalized bright_adj:1024, dbv:1443, bin_dbv:1083, 
07-28 19:58:14.052  1863  3250 I SDM     : CasQcPlugIn::ProcessPerCompGainOppo: gains print start =====================
07-28 19:58:14.052  1863  3250 I SDM     : CasQcPlugIn::ProcessPerCompGainOppo: gain --------------------------------
07-28 19:58:14.052  1863  3250 I SDM     : CasQcPlugIn::ProcessPerCompGainOppo: old: 0 0 0 57 90 322 1201 3072
07-28 19:58:14.052  1863  3250 I SDM     : CasQcPlugIn::ProcessPerCompGainOppo: new: 0 0 0 31 77 278 1037 3072
07-28 19:58:14.052  1863  3250 I SDM     : CasQcPlugIn::ProcessPerCompGainOppo: gain --------------------------------
07-28 19:58:14.052  1863  3250 I SDM     : CasQcPlugIn::ProcessPerCompGainOppo: old: 0 0 0 64 125 373 1336 3072
07-28 19:58:14.052  1863  3250 I SDM     : CasQcPlugIn::ProcessPerCompGainOppo: new: 0 0 0 34 99 373 1336 3072
07-28 19:58:14.052  1863  3250 I SDM     : CasQcPlugIn::ProcessPerCompGainOppo: gain --------------------------------
07-28 19:58:14.052  1863  3250 I SDM     : CasQcPlugIn::ProcessPerCompGainOppo: old: 0 0 0 42 83 323 1222 3072
07-28 19:58:14.052  1863  3250 I SDM     : CasQcPlugIn::ProcessPerCompGainOppo: new: 0 0 0 22 83 323 1222 3072
07-28 19:58:14.052  1863  3250 I SDM     : CasQcPlugIn::ProcessPerCompGainOppo: gains print end =======================
07-28 19:58:14.057  1968  7274 D charge_time: write 18772s(05:12:52) to ttf, rc=7
07-28 19:58:14.057  1968  7274 D charge_time: type=sdp,reserve_soc=2,soc=52,ui_soc=54,current=181,avg=181,not_chg_cnt=0,stable_cnt=7,fcc=5724,fcc_ratio=94,delta=45,debug=0,region=16,ttf=24937(06:55:37),ui_ttf=18772(05:12:52)
07-28 19:58:14.059  1863  3250 I SDM     : DemuraIntfImpl::StageAllData: Staged all data to Demura Driver!
07-28 19:58:14.059  1863  3250 I SDM     : HWPeripheralDRM::SetPanelFeature: Set Panel feature property 19
07-28 19:58:14.059  1863  3250 I SDM     : HWPeripheralDRM::SetPanelFeature: Set Panel feature property 7
07-28 19:58:14.059  1863  3250 I SDM     : DisplayBuiltIn::TriggerDemuraOemPlugIn: Trigger demura oem plugin success
07-28 19:58:14.061  1863  2183 I SDM     : DRMPanelFeatureMgr::ApplyDirtyFeature: Commited panel feature [enabled]: 20-272
07-28 19:58:14.061  1863  2183 I SDM     : DRMPanelFeatureMgr::ApplyDirtyFeature: Commited panel feature [enabled]: 8-271
07-28 19:58:14.082  2189  2189 D VRR-[OPlusRefreshRateSelector]: setCurrentModeId 5 type SM
07-28 19:58:14.082  2189  3328 D VRR [OTI-HW]: isStateReady 1
07-28 19:58:14.082  2189  3328 D VRR [OTI-HW]: keep rate.
07-28 19:58:14.082  3414  3684 I DisplayDeviceRepository: Display device changed render timings: "Built-in Screen", renderFrameRate=60.000004, presentationDeadlineNanos=16666666, appVsyncOffsetNanos=1000000
07-28 19:58:14.082  3414  3684 D LogicalDisplayExt: set displayInfo flag FLAG_ROTATES_WITH_CONTENT
07-28 19:58:14.083  3414  3684 D DisplayManagerServiceExtImpl: scheduleTraversalLocked intraversal=false
07-28 19:58:14.083  3414  3684 I DisplayManagerServiceExtImpl: handle logical display changed logicalDisplay=id=0,stack=0,content=true,displayInfo{stack=0,type=1,id=0,uId=local:4630946756802996883,state=ON,pkg=null}
07-28 19:58:14.083  3414  3684 D DisplayManagerService: Delivering display event: displayId=0, event=CHANGED
07-28 19:58:14.083  3414  3769 D BrightnessThermalClamper: Thermal status observer already started
07-28 19:58:14.083  3414  3769 D BrightnessPowerClamper: Power throttling data is missing for configuration data.
07-28 19:58:14.084  3414  3414 E OplusGestureAnimationManagerPolicy: mScreenHeight:2376 mScreenWidth:1080 mRotation:0
07-28 19:58:14.084  3414  3682 D OplusVFXScreenEffectFeature: notifySFCompatWindowStateChange entered false
07-28 19:58:14.084  3414  3682 D FSS_FoldScreenBlackCoverController: displayChangeToOn, dc:Display{#0 state=ON size=1080x2376 ROTATION_0}
07-28 19:58:14.084  2189  2474 D [PREVIEW]: SF obtain preview_adapter: 0
07-28 19:58:14.084  2189  2474 D [PREVIEW]: TabletPreviewAdapter::parallel world 0
07-28 19:58:14.084  4670  4670 D CastManagerService: onDisplayChanged.
07-28 19:58:14.085  3414  3684 D DisplayManagerService: MSG_REQUEST_TRAVERSAL pendingCompleted=false
07-28 19:58:14.086  2164  2323 D AudioFlingerExtImpl: AudioFlingerExtImpl oplusSetParameters: keyvalue screen_state=on
07-28 19:58:14.086  2164  2323 D DeviceHalAidl: 0xb40000745347c200 DeviceHalAidl::setParameters
07-28 19:58:14.086  2164  2323 D DeviceHalAidl: setParameters: parameters: "screen_state=on"
07-28 19:58:14.086  1808  1845 I PAL: ResourceManager: setParameter: 11480: Screen State:1
07-28 19:58:14.086  4845  4845 I SystemUi--Statusbar: DisplayRepository-->combining enabled=[0], connectedExternalDisplayIds=[], ignored=[]
07-28 19:58:14.086  2164  2323 D DeviceHalAidl: 0xb40000745347c800 DeviceHalAidl::setParameters
07-28 19:58:14.086  2164  2323 D DeviceHalAidl: setParameters: parameters: "screen_state=on"
07-28 19:58:14.086  1808  3620 D AHAL_Module: updateScreenState: usb: 1
07-28 19:58:14.086  2164  2323 D DeviceHalAidl: 0xb40000745347ce00 DeviceHalAidl::setParameters
07-28 19:58:14.086  2164  2323 D DeviceHalAidl: setParameters: parameters: "screen_state=on"
07-28 19:58:14.086  1808  3736 D AHAL_Module: updateScreenState: r_submix: 1
07-28 19:58:14.086  2164  2323 D DeviceHalAidl: 0xb40000745347d400 DeviceHalAidl::setParameters
07-28 19:58:14.086  2164  2323 D DeviceHalAidl: setParameters: parameters: "screen_state=on"
07-28 19:58:14.086  3414  3682 D DisplayManagerService: performTraversalInternal pendingTraversal
07-28 19:58:14.086  1808  3620 D AHAL_Module: updateScreenState: bluetooth: 1
07-28 19:58:14.086  3414  3682 D DisplayDevice: setLayerStackLocked id=local:4630946756802996883 token=android.os.BinderProxy@f015b3c stack=0->0
07-28 19:58:14.087  2164  2323 D DeviceHalAidl: 0xb40000745347da00 DeviceHalAidl::setParameters
07-28 19:58:14.087  2164  2323 D DeviceHalAidl: setParameters: parameters: "screen_state=on"
07-28 19:58:14.087  1808  3736 D AHAL_Module: updateScreenState: bluetooth: 1
07-28 19:58:14.087  2164  2323 D DeviceHalAidl: 0xb40000745347e000 DeviceHalAidl::setParameters
07-28 19:58:14.087  2164  2323 D DeviceHalAidl: setParameters: parameters: "screen_state=on"
07-28 19:58:14.087  1808  3620 D AHAL_Module: updateScreenState: stub: 1
07-28 19:58:14.087  6536  6607 E oiface  : sched_setaffinity failed
07-28 19:58:14.088  1975  2014 I gameoptHal: targetfps updated 6 -- 60
07-28 19:58:14.115  4979  5043 D SaDataService: onTelephonyEventReport , subId= 0,slotId=-1 eventId=2009
07-28 19:58:14.115  5194  5215 D VendorTelephonyService: onTelephonyEventReport slotId =0 eventId=2009
07-28 19:58:14.115  5194  5215 D VendorTelephonyService: onTelephonyEventReport slotId =0 eventId=2009
07-28 19:58:14.115  4979  5043 D TelephonyImpl: notify eventId:2009 for list size:2
07-28 19:58:14.116  5194  5194 D VendorCallService: notityEventUpdate, eventId:2009, slotId = 0
07-28 19:58:14.117  5194  5215 D VendorTelephonyService: onTelephonyEventReport slotId =1 eventId=2009
07-28 19:58:14.117  4979  5043 D SaDataService: onTelephonyEventReport , subId= 1,slotId=0 eventId=2009
07-28 19:58:14.117  5194  5215 D VendorTelephonyService: onTelephonyEventReport slotId =1 eventId=2009
07-28 19:58:14.117  4979  5043 D TelephonyImpl: notify eventId:2009 for list size:2
07-28 19:58:14.117  5194  5194 D VendorCallService: notityEventUpdate, eventId:2009, slotId = 1
07-28 19:58:14.132  3414  3813 D VRR [OPlusRefreshRateService]: handleConfigIdChange physicalDisplayId: 4630946756802996883 configId: 5 renderPeriod: 16666666
07-28 19:58:14.133  3414  3813 D VRR [OPlusSAManager]: updateModeChange old modeId [ 4 ] -> new modeId [ 5 ] mCurPolicy: 1
07-28 19:58:14.133  3414  3813 D VRR [OPlusSAManager]: updateSAScene active modeId: 5
