07-28 19:58:13.112  5129  6165 I IWlanAidlClient: getDataRegistrationStateResponse called
07-28 19:58:13.113  5129  6164 W IWlanNetworkService: 10 > Response Processed
07-28 19:58:13.113  5194  5194 D VendorCallService: notityEventUpdate, eventId:6030, slotId = 0
07-28 19:58:13.113  1955  1971 E PowerMonitorService: Failed to open /proc/horae_qmi (2): No such file or directory
07-28 19:58:13.114  4916  4916 D QC_RIL_OEM_HOOK: Received Broadcast Intent ACTION_UNSOL_RESPONSE_OEM_HOOK_RAW
07-28 19:58:13.115  1784  3691 W LOCRIL_SESSION: operator():307] cellInfo list size is 0, Voice state: 3, data state: 3
07-28 19:58:13.115  4916  4930 W System  : A resource failed to call AbstractCursor.close. 
07-28 19:58:13.115  4916  4930 W System  : A resource failed to call AbstractCursor.close. 
07-28 19:58:13.115  4916  4930 W System  : A resource failed to call AbstractCursor.close. 
07-28 19:58:13.117  4845  5200 I SystemUi--QuickSettings: Tile.OplusCellularTile-->updateCarrierText: dialog not showing, ignore
07-28 19:58:13.117  4845  5200 D SimStateHelper: slot:0, lock state:Bundle[mParcelledData.dataSize=56]
07-28 19:58:13.117  3414  3414 D OplusWifiBroadCastDispatcher: mBroadcastReceiver: onReceiver  action=android.intent.action.BATTERY_LEVEL_CHANGED
07-28 19:58:13.117  4845  5200 D SimStateHelper: slot:1, lock state:Bundle[mParcelledData.dataSize=56]
07-28 19:58:13.117  4845  5200 D SimStateHelper: needDisableMenu: slot1State=-1; slot2State=-1
07-28 19:58:13.117  4845  5200 D SimStateHelper: needDisableMenu:false
07-28 19:58:13.117  3414  4470 W OplusStorageManagerFeature: mScreenReceiver action:android.intent.action.BATTERY_LEVEL_CHANGED
07-28 19:58:13.117  3414  4470 I OplusStorageManagerFeature: TmemoryBetterySwitch: level=54 state=0
07-28 19:58:13.117  4916  4916 D ServiceStateProvider: subId=1
07-28 19:58:13.117  3414  4470 I OplusStorageManagerFeature: TmemoryBetterySwitch: action=0 state=2
07-28 19:58:13.117  3414  4613 D OplusWifiPowerService: onReceive action:android.intent.action.BATTERY_LEVEL_CHANGED
07-28 19:58:13.118  3414  4470 W OplusStorageManagerFeature: Ready to deal actionParam:0
07-28 19:58:13.119  3414  3753 D ActivityManager: sync unfroze 9849 com.android.settings for 3
07-28 19:58:13.119  3414  3753 D ActivityManager: Async freezing 9849 com.android.settings
07-28 19:58:13.119  3414  3753 D ActivityManager: Cancel freezing 9849 com.android.settings
07-28 19:58:13.119  3414  3753 D ActivityManager: Async freezing 9849 com.android.settings
07-28 19:58:13.119  4916  4916 D OplusPowerUpOptimizationImpl: onReceive: org.codeaurora.intent.action.RADIO_POWER_STATE
07-28 19:58:13.120  3414  4663 W BestClock: java.time.DateTimeException: Missing network time fix
07-28 19:58:13.120  3414  4645 V SettingsProvider: deleteSystemSetting(OPLUS_SLA_LAST_MCC, 0)
07-28 19:58:13.120  3414  4645 D SettingsProvider: delete system settings OPLUS_****_MCC pkg is  android user id is 0
07-28 19:58:13.120  4916  5509 D OplusPowerUpOptimizationImpl: handleMessage what = 6
07-28 19:58:13.120  5083  5083 I QImsService: OplusPhoneStateTracker : onServiceStateChanged
07-28 19:58:13.120  3414  3753 D ActivityManager: Cancel freezing 9849 com.android.settings
07-28 19:58:13.120  4916  5509 D OplusPowerUpOptimizationImpl: radio is available for slot: 1
07-28 19:58:13.120  4916  5509 D OplusPowerUpOptimizationImpl: trySendPhoneReady for slot: 1
07-28 19:58:13.120  4916  5509 D OplusPowerUpOptimizationImpl: Not sending ATEL ready: States: [1: {true, true, true, true}]
07-28 19:58:13.121  4916  4916 D CiWlanNotificationReceiver: ACTION_RADIO_POWER_STATE_CHANGED
07-28 19:58:13.121  9849  9849 D BatteryUsageBroadcastReceiver: onReceive:android.intent.action.BATTERY_LEVEL_CHANGED
07-28 19:58:13.121  4979  5934 D T-Recommend: onPreHandleMessage 1000
07-28 19:58:13.121  4979  5934 E CellularEvent: nri null ps
07-28 19:58:13.121  4979  5934 E CellularEvent: invalid nri
07-28 19:58:13.121  4979  5934 D T-Recommend: onPostHandleMessage 1000
07-28 19:58:13.121  3414  4645 W OplusSlaManager: updateMCC curMCC empty!
07-28 19:58:13.122  4979  5939 D OplusLinkBoostCommon: dds servicestate change
07-28 19:58:13.122  4845  5292 I SystemUi--Statusbar: MobileConnectionRepositoryImpl-->subId:1 isSoftSimCard:false slotId:0
07-28 19:58:13.122  5194  5194 D SubsysEventListenerManager-SubsysTelephonyCallback[0]: onServiceStateChanged
07-28 19:58:13.122  4979  5942 D NAS-CallIssueDetector: onServiceStateChanged
07-28 19:58:13.122  4979  5942 D OplusCiwlanController: [vodata] processServiceStateChanged  phoneid = 0, original roaming type = -1,roaming type = 0
07-28 19:58:13.122  3414  4935 W BestClock: java.time.DateTimeException: Missing network time fix
07-28 19:58:13.122  5083  5083 I QImsService: OplusPhoneStateTracker : onServiceStateChanged
07-28 19:58:13.123  3414  4500 D WifiNative: onSetCountryCodeSucceeded: US
07-28 19:58:13.123  3414  4500 I WifiCountryCode: Receive onSetCountryCodeSucceeded US
07-28 19:58:13.123  3414  4500 I WifiNl80211Manager: Receive country code change to US
07-28 19:58:13.123  3414  4500 D WifiScanRequestProxy: Sending scan available broadcast: true
07-28 19:58:13.123  3414  5949 W ContextImpl: Calling a method in the system process without a qualified user: android.app.ContextImpl.sendBroadcastMultiplePermissions:1311 android.content.Context.sendBroadcastMultiplePermissions:2524 com.android.server.TelephonyRegistry.broadcastServiceStateChanged:3740 com.android.server.TelephonyRegistry.notifyServiceStateForPhoneId:1787 com.android.internal.telephony.ITelephonyRegistry$Stub.onTransact:546 
07-28 19:58:13.123  3414  4504 I WifiScanningService: Received a request to enable scanning, UID = 1000
07-28 19:58:13.123  3414  4504 I WifiScanningService: scanner impls already exists
07-28 19:58:13.123  3414  4504 E WifiScanningService: wifi driver loaded received while already loaded
07-28 19:58:13.123  2720  2720 I wificond: Receive notifyCountryCodeChanged
07-28 19:58:13.123  2720  2720 I wificond: UpdateBandInfo
07-28 19:58:13.123  4979  5942 D OplusCiwlanController: [vodata] processServiceStateChanged  phoneid = 1, original roaming type = -1,roaming type = 0
07-28 19:58:13.123  3414  4500 I WifiScanRequestProxy: Scanning is enabled
07-28 19:58:13.123  3414  4500 I WifiScanRequestProxy: Scanning for hidden networks is disabled
07-28 19:58:13.123  3414  3727 D LocationManagerService: passive provider added registration from 1000/android[CountryDetector]/B29F12E8 -> Request[PASSIVE, minUpdateInterval=0, WorkSource{1000 android}] permissionLevel: 2 permitted: true
07-28 19:58:13.123  3414  4500 D WakeupController: start()
07-28 19:58:13.123  4975  4975 D DeviceInfoAidlClient: onRadioPowerStateChanged
07-28 19:58:13.123  4975  4975 D DeviceInfoAidlClient: mRadioStateHdlr handleMessage()1
07-28 19:58:13.123  4975  4975 D DeviceInfoAidlClient: isRadioOn()=true
07-28 19:58:13.123  4975  4975 I DeviceInfoAidlClient: sendFeaturesSupported: power info support-true interactive state support-true
07-28 19:58:13.123  4845  5789 V OplusCustomizeCacheManager: queryCache name: sys.cache.common_customize_cache18014 param: null
07-28 19:58:13.123  4845  5789 V OplusCustomizeCacheManager: queryCache name: sys.cache.common_customize_cache18017 param: Bundle[{SETTING=BLOCK, BUSINESS=NCT-DATA}]
07-28 19:58:13.123  4845  5789 V OplusCustomizeCacheManager: queryCache name: sys.cache.common_customize_cache18013 param: null
07-28 19:58:13.123  3414  4500 E WifiStaIfaceAidlImpl: setScanMode failed with service-specific exception: android.os.ServiceSpecificException:  (code 4)
07-28 19:58:13.123  3414  4500 I WifiService: Receive onDriverCountryCodeChanged to US, update available channel list
07-28 19:58:13.124  2720  2720 I wificond: 2.4Ghz frequencies: 2412 2417 2422 2427 2432 2437 2442 2447 2452 2457 2462
07-28 19:58:13.124  2720  2720 I wificond: 5Ghz non-DFS frequencies: 5180 5200 5220 5240 5745 5765 5785 5805 5825
07-28 19:58:13.124  2720  2720 I wificond: 5Ghz DFS frequencies: 5260 5280 5300 5320 5500 5520 5540 5560 5580 5600 5620 5640 5660 5680 5700
07-28 19:58:13.124  2720  2720 I wificond: 6Ghz frequencies:
07-28 19:58:13.124  2720  2720 I wificond: 60Ghz frequencies:
07-28 19:58:13.125  3414  4500 E ApConfigUtil: Malformed channel value detected: java.lang.NumberFormatException: For input string: ""
07-28 19:58:13.125  5194  5194 D ChinaRoamingControl: registTelephonyEvent onServiceStateChanged eventId:5, VoiceRegState:1, DataRegState:1
07-28 19:58:13.126  4979  5958 D OplusSubWaySlowRecovery: getPreferSubId return 1
07-28 19:58:13.126  4979  5958 D SaDataFailRecovery/0: current is not in service,reset alarm
07-28 19:58:13.126  4979  5958 D OplusScanQrCodeRecoveryImpl: msg.what=3
07-28 19:58:13.126  5194  6021 D EfsNvDumpUnit[0]: onServiceStateChanged: voice reg state: OUT_OF_SERVICE data reg state: OUT_OF_SERVICE
07-28 19:58:13.126  5194  6021 D cellularState[0]: handleMessage: E msg.what=4
07-28 19:58:13.126  5194  6021 D cellularState[0]: processMsg: DataCallingState
07-28 19:58:13.126  5194  6021 D cellularState[0]: processMsg: NetworkAttachedState
07-28 19:58:13.126  5194  6021 D cellularState[0]: processMsg: SimReadyState
07-28 19:58:13.126  5194  6021 D cellularState[0]: processMsg: DefaultState
07-28 19:58:13.126  5194  6021 E cellularState[0]:  - unhandledMessage: msg.what=4
07-28 19:58:13.126  5194  6021 D cellularState[0]: handleMessage: X
07-28 19:58:13.126  4975  5468 I DeviceInfoAidlClient: onPowerInfoReportingChanged - reporting enabled true [15, 20, 30, 50, 80]
07-28 19:58:13.126  4975  5468 D DeviceInfoAidlClient: isRadioOn()=true
07-28 19:58:13.127  5194  5194 D QuickChangeAirplaneModeEvent: onServiceStateChanged slotId:0
07-28 19:58:13.127  4975  5468 I DeviceInfoAidlClient: isPowerInfoNeverSent=true batteryLevel=54 batteryLevelIndex=4 chargingMode=2 totalCapacity=5051800 powerSaveMode=false
07-28 19:58:13.127  4916  4916 V OplusCustomizeCacheManager: queryCache name: sys.cache.common_customize_cache18016 param: null
07-28 19:58:13.127  4916  4916 V OplusCustomizeCacheManager: queryCache name: sys.cache.common_customize_cache18013 param: null
07-28 19:58:13.127  4916  4916 V OplusCustomizeCacheManager: queryCache name: sys.cache.common_customize_cache18014 param: null
07-28 19:58:13.127  4916  4916 V OplusCustomizeCacheManager: queryCache name: sys.cache.common_customize_cache18017 param: Bundle[{SETTING=BLOCK, BUSINESS=NCT-DATA}]
07-28 19:58:13.127  3414  4500 E ApConfigUtil: Malformed channel value detected: java.lang.NumberFormatException: For input string: ""
07-28 19:58:13.127  4975  5468 I DeviceInfoAidlClient: onDeviceInfoReportingChanged - reporting enabled true
07-28 19:58:13.127  4916  4916 V OplusCustomizeCacheManager: queryCache name: sys.cache.common_customize_cache18016 param: null
07-28 19:58:13.127  4916  4916 V OplusCustomizeCacheManager: queryCache name: sys.cache.common_customize_cache18013 param: null
07-28 19:58:13.127  4916  4916 V OplusCustomizeCacheManager: queryCache name: sys.cache.common_customize_cache18014 param: null
07-28 19:58:13.127  4916  4916 V OplusCustomizeCacheManager: queryCache name: sys.cache.common_customize_cache18017 param: Bundle[{SETTING=BLOCK, BUSINESS=NCT-DATA}]
07-28 19:58:13.127  3414  4500 E ApConfigUtil: Malformed channel value detected: java.lang.NumberFormatException: For input string: ""
07-28 19:58:13.128  3414  4612 D OplusSoftApManager: Support Wi-Fi6 SAP
07-28 19:58:13.128  3414  4500 I WifiService: Receive onDriverCountryCodeChanged to US, update available channel list
07-28 19:58:13.128  4975  5468 D DeviceInfoAidlClient: getDeviceInfoSupportStatus()=1
07-28 19:58:13.128  4975  5468 D DeviceInfoAidlClient: isRadioOn()=true
07-28 19:58:13.128  4975  5468 I DeviceInfoAidlClient: deviceState=2
07-28 19:58:13.129  3414  5949 W ContextImpl: Calling a method in the system process without a qualified user: android.app.ContextImpl.sendBroadcastMultiplePermissions:1344 com.android.server.TelephonyRegistry.broadcastServiceStateChanged:3745 com.android.server.TelephonyRegistry.notifyServiceStateForPhoneId:1787 com.android.internal.telephony.ITelephonyRegistry$Stub.onTransact:546 android.os.Binder.execTransactInternal:1523 
07-28 19:58:13.129  5194  5194 D QuickChangeAirplaneModeEvent: isBothCardInService is false
07-28 19:58:13.129  5194  5194 D MsimSubModeManager: registTelephonyEvent onServiceStateChanged eventId:3, VoiceRegState:1, DataRegState:1
07-28 19:58:13.129  5129  6149 D IWlanJni: getDataRegistrationState start
07-28 19:58:13.129  3414  3414 D OplusWifiBroadCastDispatcher: mBroadcastReceiver: onReceiver  action=android.net.wifi.action.WIFI_SCAN_AVAILABILITY_CHANGED
07-28 19:58:13.129  3414  4613 D OplusWifiPower_ConnLpmEventObsever: onReceive EXTRA_SCAN_AVAILABLE availabe = true
07-28 19:58:13.130  5194  5194 E ExtremeCommUtils: getSwitchRusSupportMcc invalid index 1
07-28 19:58:13.130  3414  4613 D OplusWifiPowerService: onReceive action:android.net.wifi.action.WIFI_SCAN_AVAILABILITY_CHANGED
07-28 19:58:13.130  9849  9849 D BatteryUsageBroadcastReceiver: fetch data because of event: ACTION_BATTERY_LEVEL_CHANGED
07-28 19:58:13.130  5194  5194 D ExtremeCommUtils: isSupporCheck rusContain:false,propContain(persist.sys.oplus.support_hyper_uplink_mcc):false
07-28 19:58:13.130  5194  5194 D ExtremeCommService: handleServiceStateChanged mcc is null
07-28 19:58:13.130  5194  5194 D SubsysEventListenerManager-SubsysTelephonyCallback[0]: onRadioPowerStateChanged state:1
07-28 19:58:13.130  4975  4975 D DeviceStatisticsService: onReceive: action= org.codeaurora.intent.action.RADIO_POWER_STATE
07-28 19:58:13.130  4975  4975 I DeviceStatisticsService: Receiving radio_power_state_changed, mIsDeviceInfoInitialized = true
07-28 19:58:13.130  4975  4975 I DeviceStatisticsService: radio power state changed to 1 for slot: 0
07-28 19:58:13.130  4975  4975 D DeviceInfoAidlClient: isRadioOn()=true
07-28 19:58:13.130  4975  4975 I DeviceInfoAidlClient: sendFeaturesSupported: power info support-true interactive state support-true
07-28 19:58:13.130  3414  4500 E ApConfigUtil: Malformed channel value detected: java.lang.NumberFormatException: For input string: ""
07-28 19:58:13.130  3414  4613 D OplusWifiSwitchStateMonitor: scan settings change to true
07-28 19:58:13.130  5194  5194 D ChinaRoamingControl: handleMessage what:5
07-28 19:58:13.130  5194  5194 D MsimSubModeManager: handleMessage what:3
07-28 19:58:13.130  5194  5194 D MsimSubModeManager: getMsimSimServiceIn() i:0,mServiceState:1
07-28 19:58:13.130  5194  5194 D MsimSubModeManager: getMsimSimServiceIn() i:1,mServiceState:1
07-28 19:58:13.130  3414  5949 W ContextImpl: Calling a method in the system process without a qualified user: android.app.ContextImpl.sendBroadcastMultiplePermissions:1344 com.android.server.TelephonyRegistry.broadcastServiceStateChanged:3754 com.android.server.TelephonyRegistry.notifyServiceStateForPhoneId:1787 com.android.internal.telephony.ITelephonyRegistry$Stub.onTransact:546 android.os.Binder.execTransactInternal:1523 
07-28 19:58:13.131  4975  4975 D QcrilMsgTunnelIfaceManager: handleMessage what = 1
07-28 19:58:13.131  4975  4975 I QcrilOemhookMsgTunnel: [0]invokeOemRilRequestRaw: serial=1007 length=16
07-28 19:58:13.131  6978  6978 I OsAgent : onReceive: android.net.wifi.action.WIFI_SCAN_AVAILABILITY_CHANGED
07-28 19:58:13.131  6978  8011 I OsAgent : updateWiFiScanAvailState, scanAvailable: true
07-28 19:58:13.131  3414  5949 W ContextImpl: Calling a method in the system process without a qualified user: android.app.ContextImpl.sendBroadcastMultiplePermissions:1344 com.android.server.TelephonyRegistry.broadcastServiceStateChanged:3760 com.android.server.TelephonyRegistry.notifyServiceStateForPhoneId:1787 com.android.internal.telephony.ITelephonyRegistry$Stub.onTransact:546 android.os.Binder.execTransactInternal:1523 
07-28 19:58:13.131  4916  4916 I Telephony: y0: onServiceStateChanged: newState=1, mServiceState=3
07-28 19:58:13.132  3414  4500 E ApConfigUtil: Malformed channel value detected: java.lang.NumberFormatException: For input string: ""
07-28 19:58:13.132  4975  5468 I DeviceInfoAidlClient: onPowerInfoReportingChanged - reporting enabled true [15, 20, 30, 50, 80]
07-28 19:58:13.133  4975  5468 D DeviceInfoAidlClient: isRadioOn()=true
07-28 19:58:13.133  4975  5468 I DeviceInfoAidlClient: isPowerInfoNeverSent=false batteryLevel=54 batteryLevelIndex=4 chargingMode=2 totalCapacity=5051800 powerSaveMode=false
07-28 19:58:13.133  4975  5468 I DeviceInfoAidlClient: onDeviceInfoReportingChanged - reporting enabled true
07-28 19:58:13.133  4975  5468 D DeviceInfoAidlClient: getDeviceInfoSupportStatus()=1
07-28 19:58:13.133  4975  5468 D DeviceInfoAidlClient: isRadioOn()=true
07-28 19:58:13.133  4975  5468 I DeviceInfoAidlClient: deviceState=2
07-28 19:58:13.133  4975  5117 I QtiOemHookAidl: oemHookRawResponse: serial no: 1007 error: 0length=1
07-28 19:58:13.133  9849  9857 W ndroid.settings: Cleared Reference was only reachable from finalizer (only reported once)
07-28 19:58:13.134  4916  4916 I Telephony: isRttCurrentlySupported -- regular acct, hasVoiceAvailability: false
07-28 19:58:13.134  4916  4916 I Telephony:  isRttSupported: false
07-28 19:58:13.134  4916  4916 I Telephony:  isUserRttSettingOn: false
07-28 19:58:13.134  4916  4916 I Telephony:  alwaysAllowWhileRoaming: false
07-28 19:58:13.134  4916  4916 I Telephony:  isRoaming: false
07-28 19:58:13.134  4916  4916 I Telephony:  isOnWfc: false
07-28 19:58:13.134  3414  5949 W BestClock: java.time.DateTimeException: Missing network time fix
07-28 19:58:13.134  5129  6165 D IWlanJni: new aidl event arrived
07-28 19:58:13.134  5129  6165 D IWlanJni: handleEvent 10
07-28 19:58:13.134  5129  6165 D IWlanJni: isThreadAttached start
07-28 19:58:13.134  5129  6165 D IWlanJni: jni detached
07-28 19:58:13.134  3414  4500 E ApConfigUtil: Malformed channel value detected: java.lang.NumberFormatException: For input string: ""
07-28 19:58:13.134  4975  4975 D QcrilMsgTunnelIfaceManager: handleMessage what = 2
07-28 19:58:13.134  5129  6165 D IWlanJni: jni attached
07-28 19:58:13.134  5129  6165 D IWlanJni: getDataRegistrationStateResponse start
07-28 19:58:13.134  5129  6165 D IWlanJni: getJavaCallbackClass start
07-28 19:58:13.134  5129  6165 D IWlanJni: getJavaCallbackClass End midIs[1]
07-28 19:58:13.134  3414  4500 I WifiService: Receive onDriverCountryCodeChanged to US, update available channel list
07-28 19:58:13.134  5129  6165 I IWlanAidlClient: getDataRegistrationStateResponse called
07-28 19:58:13.134  5720  5720 D CellBroadcastReceiver: onReceive Intent { act=android.intent.action.SERVICE_STATE flg=0x1000010 cmp=com.android.cellbroadcastreceiver.module/com.android.cellbroadcastreceiver.CellBroadcastReceiver (has extras) }
07-28 19:58:13.134  5129  6164 W IWlanNetworkService: 11 > Response Processed
07-28 19:58:13.134  5720  5720 D CellBroadcastReceiver: onServiceStateChanged, ss: 1
07-28 19:58:13.135  4916  5440 D QC_RIL_OEM_HOOK: sendOemRilRequestRaw returns value = 1
07-28 19:58:13.135  3414  4500 E ApConfigUtil: Malformed channel value detected: java.lang.NumberFormatException: For input string: ""
07-28 19:58:13.135  5021  8921 D txpwrJni: new aidl event arrived
07-28 19:58:13.135  5021  8921 D txpwrJni: handleEvent 1
07-28 19:58:13.135  5021  8921 D txpwrJni: isThreadAttached start
07-28 19:58:13.135  5021  8921 D txpwrJni: jni detached
07-28 19:58:13.134  5194  5194 D SubsysEventListenerManager-SubsysTelephonyCallback[0]: onSignalStrengthsChanged
07-28 19:58:13.135  5021  8921 D txpwrJni: jni attached
07-28 19:58:13.135  5129  6149 D IWlanJni: getDataRegistrationState start
07-28 19:58:13.135  5021  8921 D txpwrJni: getRadioStatus start
07-28 19:58:13.135  5021  8921 D txpwrJni: getJavaCallbackClass start
07-28 19:58:13.135  5021  8921 D txpwrJni: getJavaCallbackClass End midIs[1]
07-28 19:58:13.135  5021  8921 D txpwrJni: handleEvent 1
07-28 19:58:13.135  5021  8921 D txpwrJni: isThreadAttached start
07-28 19:58:13.135  5021  8921 D txpwrJni: jni detached
07-28 19:58:13.135  5021  8921 D txpwrJni: jni attached
07-28 19:58:13.135  5021  8921 D txpwrJni: getRadioStatus start
07-28 19:58:13.135  5021  8921 D txpwrJni: getJavaCallbackClass start
07-28 19:58:13.135  5021  8921 D txpwrJni: getJavaCallbackClass End midIs[1]
07-28 19:58:13.135  5021  8075 D txpwrJni: sendRadioStatus start
07-28 19:58:13.135  5021  8075 D txpwrJni: sendRadioStatus start
07-28 19:58:13.135  3414  4220 W BestClock: java.time.DateTimeException: Missing network time fix
07-28 19:58:13.136  5720  5720 D CellBroadcastReceiver: networkOperator: 
07-28 19:58:13.136  5129  6158 D IWlanJni: new aidl event arrived
07-28 19:58:13.136  5129  6158 D IWlanJni: handleEvent 10
07-28 19:58:13.136  5129  6158 D IWlanJni: isThreadAttached start
07-28 19:58:13.136  5129  6158 D IWlanJni: jni detached
07-28 19:58:13.136  5129  6158 D IWlanJni: jni attached
07-28 19:58:13.136  5129  6158 D IWlanJni: getDataRegistrationStateResponse start
07-28 19:58:13.136  5129  6158 D IWlanJni: getJavaCallbackClass start
07-28 19:58:13.136  5129  6158 D IWlanJni: getJavaCallbackClass End midIs[1]
07-28 19:58:13.136  5129  6158 I IWlanAidlClient: getDataRegistrationStateResponse called
07-28 19:58:13.136  4845  5789 V OplusCustomizeCacheManager: queryCache name: sys.cache.common_customize_cache18014 param: null
07-28 19:58:13.136  4845  5789 V OplusCustomizeCacheManager: queryCache name: sys.cache.common_customize_cache18017 param: Bundle[{SETTING=BLOCK, BUSINESS=NCT-DATA}]
07-28 19:58:13.136  4845  5789 V OplusCustomizeCacheManager: queryCache name: sys.cache.common_customize_cache18013 param: null
07-28 19:58:13.137  3414  4500 E ApConfigUtil: Malformed channel value detected: java.lang.NumberFormatException: For input string: ""
07-28 19:58:13.137  5720  5720 D CellBroadcastReceiver: mockmodem is running? = false
07-28 19:58:13.137  5720  5720 D CellBroadcastReceiver: Start Cell Broadcast configuration for intent=ACTION_ENABLE_CHANNELS
07-28 19:58:13.137  5129  6157 W IWlanNetworkService: 12 > Response Processed
07-28 19:58:13.138  1670  1722 E TetherController: property_get sys.radio.data.modem_share_flag return 0, 1!
07-28 19:58:13.138  3414  4500 E ApConfigUtil: Malformed channel value detected: java.lang.NumberFormatException: For input string: ""
07-28 19:58:13.138  5129  6149 D IWlanJni: getDataRegistrationState start
07-28 19:58:13.140  3414  5128 W BestClock: java.time.DateTimeException: Missing network time fix
07-28 19:58:13.140  5129  6158 D IWlanJni: new aidl event arrived
07-28 19:58:13.140  5129  6158 D IWlanJni: handleEvent 10
07-28 19:58:13.140  5129  6158 D IWlanJni: isThreadAttached start
07-28 19:58:13.140  5129  6158 D IWlanJni: jni detached
07-28 19:58:13.140  5129  6158 D IWlanJni: jni attached
07-28 19:58:13.140  5129  6158 D IWlanJni: getDataRegistrationStateResponse start
07-28 19:58:13.140  5129  6158 D IWlanJni: getJavaCallbackClass start
07-28 19:58:13.140  5129  6158 D IWlanJni: getJavaCallbackClass End midIs[1]
07-28 19:58:13.140  5129  6158 I IWlanAidlClient: getDataRegistrationStateResponse called
07-28 19:58:13.140  3414  5330 D ActivityManager: Async freezing 9849 com.android.settings
07-28 19:58:13.140  5129  6157 W IWlanNetworkService: 13 > Response Processed
07-28 19:58:13.140  4916  4916 D OplusPowerUpOptimizationImpl: onReceive: org.codeaurora.intent.action.RADIO_POWER_STATE
07-28 19:58:13.140  9849  9859 W ndroid.settings: ApkAssets: Deleting an ApkAssets object '<empty> and /data/app/~~ALqGkx9_7GHC-QHs99zc0Q==/com.tencent.mm-IpfhmTfq4rI6aiNOrlV51Q==/base.apk' with 1 weak references
07-28 19:58:13.141  9849  9859 W System  : A resource failed to call close. 
07-28 19:58:13.141  4916  5509 D OplusPowerUpOptimizationImpl: handleMessage what = 6
07-28 19:58:13.141  4916  5509 D OplusPowerUpOptimizationImpl: radio is available for slot: 0
07-28 19:58:13.141  4916  5509 D OplusPowerUpOptimizationImpl: trySendPhoneReady for slot: 0
07-28 19:58:13.141  4916  5509 D OplusPowerUpOptimizationImpl: Not sending ATEL ready: States: [0: {true, true, true, true}]
07-28 19:58:13.141  4916  4916 D CiWlanNotificationReceiver: ACTION_RADIO_POWER_STATE_CHANGED
07-28 19:58:13.141  9849  9859 W System  : A resource failed to call close. 
07-28 19:58:13.141  3414  4663 W BestClock: java.time.DateTimeException: Missing network time fix
07-28 19:58:13.141  9849  9859 W ndroid.settings: ApkAssets: Deleting an ApkAssets object '<empty> and /data/app/~~0fUhfIJJ3ko4vu2V91xhkw==/com.heytap.browser-oSlI-qlAlOSHoXTvzdevAg==/base.apk' with 1 weak references
07-28 19:58:13.142  5720 13169 D CellBroadcastConfigService: Enable CellBroadcast on sub 1
07-28 19:58:13.142  4845  5789 V OplusCustomizeCacheManager: queryCache name: sys.cache.common_customize_cache18014 param: null
07-28 19:58:13.142  4845  5789 V OplusCustomizeCacheManager: queryCache name: sys.cache.common_customize_cache18017 param: Bundle[{SETTING=BLOCK, BUSINESS=NCT-DATA}]
07-28 19:58:13.142  4845  5789 V OplusCustomizeCacheManager: queryCache name: sys.cache.common_customize_cache18013 param: null
07-28 19:58:13.143  4916  5756 D CellBroadcastConfigTracker-0: Failed to set cdma config
07-28 19:58:13.144  3414  4498 V NetworkPolicy: updateNotificationsNL not process
07-28 19:58:13.144  3414  4589 D CmccSliceManagerService: ACTION_DDS_SWITCH_DONE
07-28 19:58:13.144  3414  4589 D CmccSliceManagerService: cleanUpAndRestartSlice
07-28 19:58:13.144  3414  4589 D CmccSliceManagerService: cleanUpSlice
07-28 19:58:13.144  3414  4589 D CmccSliceManagerService: cleanUpSlice qcom
07-28 19:58:13.144  3414  4589 D CmccSliceManagerService: getDefaultDataSlotId0, subid: 1
07-28 19:58:13.144  5129  5129 D QCNEJ/WwanInfoRelay: onActiveSubscriptionsChanged activeCurrDDSId: 1 new DDS 1
07-28 19:58:13.144  4845  4845 I KeyguardUpdateMonitor: refreshSimState, changed:false,subId:1,slotId:0,state:5
07-28 19:58:13.144  4845  5200 I SystemUi--QuickSettings: Tile.OplusCellularTile-->updateCarrierText: dialog not showing, ignore
07-28 19:58:13.144  4845  4845 I KeyguardUpdateMonitor: action=android.intent.action.SERVICE_STATE subId=1 slotId=0
07-28 19:58:13.144  1877  1939 I [UAH_CLIENT]: UahRelease, handle:41
07-28 19:58:13.144  4845  5200 D SimStateHelper: slot:0, lock state:Bundle[mParcelledData.dataSize=56]
07-28 19:58:13.144  4845  5200 D SimStateHelper: slot:1, lock state:Bundle[mParcelledData.dataSize=56]
07-28 19:58:13.144  4845  5200 D SimStateHelper: needDisableMenu: slot1State=-1; slot2State=-1
07-28 19:58:13.144  4845  5200 D SimStateHelper: needDisableMenu:false
07-28 19:58:13.144  4845  5200 I SystemUi--QuickSettings: Tile.OplusCellularTile-->updateCarrierText: dialog not showing, ignore
07-28 19:58:13.144  4845  5200 D SimStateHelper: slot:0, lock state:Bundle[mParcelledData.dataSize=56]
07-28 19:58:13.145  4845  5200 D SimStateHelper: slot:1, lock state:Bundle[mParcelledData.dataSize=56]
07-28 19:58:13.145  4845  5200 D SimStateHelper: needDisableMenu: slot1State=-1; slot2State=-1
07-28 19:58:13.145  4845  5200 D SimStateHelper: needDisableMenu:false
07-28 19:58:13.145  3414  4589 E ActivityThread: Failed to find provider info for com.cmccslice.proxyapp.provider
07-28 19:58:13.145  3414  4589 D CmccSliceManagerService: loadUrsp qcomCursor=null, count=-1, slotId=0
07-28 19:58:13.145  4916  4916 D OplusTelephonyController: onSignalStrengthChanged: SignalStrength=SignalStrength:{mCdma=CellSignalStrengthCdma: cdmaDbm=2147483647 cdmaEcio=2147483647 evdoDbm=2147483647 evdoEcio=2147483647 evdoSnr=2147483647 level=0,mGsm=CellSignalStrengthGsm: rssi=2147483647 ber=2147483647 mTa=2147483647 mLevel=0,mWcdma=CellSignalStrengthWcdma: ss=2147483647 ber=2147483647 rscp=2147483647 ecno=2147483647 level=0,mTdscdma=CellSignalStrengthTdscdma: rssi=2147483647 ber=2147483647 rscp=2147483647 level=0,mLte=CellSignalStrengthLte: rssi=2147483647 rsrp=2147483647 rsrq=2147483647 rssnr=2147483647 cqiTableIndex=2147483647 cqi=2147483647 ta=2147483647 level=0 parametersUseForLevel=0,mNr=CellSignalStrengthNr:{ csiRsrp = 2147483647 csiRsrq = 2147483647 csiCqiTableIndex = 2147483647 csiCqiReport = [] ssRsrp = 2147483647 ssRsrq = 2147483647 ssSinr = 2147483647 level = 0 parametersUseForLevel = 0 timingAdvance = 2147483647 },primary=CellSignalStrengthLte}
07-28 19:58:13.145  3414  4589 D CmccSliceManagerService: loadUrsp: qcomCursor=[]
07-28 19:58:13.145  3414  4589 D CmccSliceManagerService: isFeatureEnable , rus : false Feature : false
07-28 19:58:13.145  3414  4589 D CmccSliceManagerService: requestSliceNetwork: feature not enabled
07-28 19:58:13.145  3414  4589 D CmccSliceManagerService: cleanUpAndRestartSlice qcom
07-28 19:58:13.145  4979  5934 D CellularEvent: onActiveDataSubscriptionIdChanged sub id:1
07-28 19:58:13.145  5129  5129 D QCNEJ/WwanInfoRelay: onActiveSubscriptionsChanged activeCurrDDSId: 1 new DDS 1
07-28 19:58:13.145  5720  5833 E CellBroadcastConfigService: fails to setCellBroadcastRanges, result = 2
07-28 19:58:13.146  4845  5137 I SystemUi--Statusbar: NetworkController.WifiSignalController-->wifi Broadcast action = android.telephony.action.SERVICE_PROVIDERS_UPDATED state=1 enabled=false connected=false isDefaultNetwork=false rssi=0 level=0 statusLabel = null isDirty = false
07-28 19:58:13.146  4845  5200 I SystemUi--QuickSettings: Tile.OplusCellularTile-->updateCarrierText: dialog not showing, ignore
07-28 19:58:13.146  4845  5200 D SimStateHelper: slot:0, lock state:Bundle[mParcelledData.dataSize=56]
07-28 19:58:13.146  4845  5200 D SimStateHelper: slot:1, lock state:Bundle[mParcelledData.dataSize=56]
07-28 19:58:13.146  4845  5200 D SimStateHelper: needDisableMenu: slot1State=-1; slot2State=-1
07-28 19:58:13.146  4845  5200 D SimStateHelper: needDisableMenu:false
07-28 19:58:13.147  3414  4935 W ContextImpl: Calling a method in the system process without a qualified user: android.app.ContextImpl.sendBroadcastMultiplePermissions:1311 android.content.Context.sendBroadcastMultiplePermissions:2524 com.android.server.TelephonyRegistry.broadcastServiceStateChanged:3740 com.android.server.TelephonyRegistry.notifyServiceStateForPhoneId:1787 com.android.internal.telephony.ITelephonyRegistry$Stub.onTransact:546 
07-28 19:58:13.147  3414  5330 W BestClock: java.time.DateTimeException: Missing network time fix
07-28 19:58:13.148  3414  4935 W ContextImpl: Calling a method in the system process without a qualified user: android.app.ContextImpl.sendBroadcastMultiplePermissions:1344 com.android.server.TelephonyRegistry.broadcastServiceStateChanged:3745 com.android.server.TelephonyRegistry.notifyServiceStateForPhoneId:1787 com.android.internal.telephony.ITelephonyRegistry$Stub.onTransact:546 android.os.Binder.execTransactInternal:1523 
07-28 19:58:13.148  3414  5128 W BestClock: java.time.DateTimeException: Missing network time fix
07-28 19:58:13.148  4845  4845 I KeyguardUpdateMonitor: action=android.intent.action.SERVICE_STATE subId=-1 slotId=1
07-28 19:58:13.148  4845  4845 W KeyguardUpdateMonitorLog: invalid subId in handleServiceStateChange()
07-28 19:58:13.148  4845  5200 I SystemUi--QuickSettings: Tile.OplusCellularTile-->updateCarrierText: dialog not showing, ignore
07-28 19:58:13.149  4845  5200 D SimStateHelper: slot:0, lock state:Bundle[mParcelledData.dataSize=56]
07-28 19:58:13.149  3414  4935 W ContextImpl: Calling a method in the system process without a qualified user: android.app.ContextImpl.sendBroadcastMultiplePermissions:1344 com.android.server.TelephonyRegistry.broadcastServiceStateChanged:3754 com.android.server.TelephonyRegistry.notifyServiceStateForPhoneId:1787 com.android.internal.telephony.ITelephonyRegistry$Stub.onTransact:546 android.os.Binder.execTransactInternal:1523 
07-28 19:58:13.149  4845  5789 V OplusCustomizeCacheManager: queryCache name: sys.cache.common_customize_cache18014 param: null
07-28 19:58:13.149  4845  5789 V OplusCustomizeCacheManager: queryCache name: sys.cache.common_customize_cache18017 param: Bundle[{SETTING=BLOCK, BUSINESS=NCT-DATA}]
07-28 19:58:13.149  4845  5789 V OplusCustomizeCacheManager: queryCache name: sys.cache.common_customize_cache18013 param: null
07-28 19:58:13.149  3414  4935 W ContextImpl: Calling a method in the system process without a qualified user: android.app.ContextImpl.sendBroadcastMultiplePermissions:1344 com.android.server.TelephonyRegistry.broadcastServiceStateChanged:3760 com.android.server.TelephonyRegistry.notifyServiceStateForPhoneId:1787 com.android.internal.telephony.ITelephonyRegistry$Stub.onTransact:546 android.os.Binder.execTransactInternal:1523 
07-28 19:58:13.149  5194  5194 D SubsysEventListenerManager-SubsysTelephonyCallback[0]: onCellInfoChanged
07-28 19:58:13.150  4916  4916 D Telephony: isEmergencyPreferredAccount: subId=1, activeData=1
07-28 19:58:13.150  4916  4916 D Telephony: isEmergencyPreferredAccount: Device does not require preference.
07-28 19:58:13.150  5720  5720 D CellBroadcastReceiver: onReceive Intent { act=android.intent.action.SERVICE_STATE flg=0x1000010 cmp=com.android.cellbroadcastreceiver.module/com.android.cellbroadcastreceiver.CellBroadcastReceiver (has extras) }
07-28 19:58:13.150  4845  5200 D SimStateHelper: slot:1, lock state:Bundle[mParcelledData.dataSize=56]
07-28 19:58:13.150  4845  5200 D SimStateHelper: needDisableMenu: slot1State=-1; slot2State=-1
07-28 19:58:13.150  4845  5200 D SimStateHelper: needDisableMenu:false
07-28 19:58:13.150  5720  5720 D CellBroadcastReceiver: onServiceStateChanged, ss: 1
07-28 19:58:13.150  5720  5720 D CellBroadcastReceiver: networkOperator: 
07-28 19:58:13.152  3414  4508 D ConnectivityService: unregister offer from providerId 5 : NetworkOffer [ Provider Id (5) Score(Policies : YIELD_TO_BAD_WIFI&TRANSPORT_PRIMARY&EVER_EVALUATED&IS_UNMETERED&EVER_VALIDATED&IS_VALIDATED ; KeepConnected : 0) Caps [ Transports: CELLULAR|SATELLITE Capabilities: MMS&SUPL&DUN&FOTA&IMS&CBS&IA&RCS&XCAP&EIMS&INTERNET&NOT_RESTRICTED&TRUSTED&NOT_VPN&MCX&NOT_VCN_MANAGED&ENTERPRISE&VSIM&BIP&MMTEL&PRIORITIZE_LATENCY&PRIORITIZE_BANDWIDTH&NOT_BANDWIDTH_CONSTRAINED Specifier: <TelephonyNetworkSpecifier [mSubId = 1]> EnterpriseId: 1&2&3&4&5 UnderlyingNetworks: Null] Needed by [228, 15, 180, 194, 53, 250, 95, 267, 269, 264, 114, 211, 44, 156, 207, 147, 165, 277, 56, 273, 247, 257, 36, 62, 142, 1, 18, 223, 28, 91, 71, 187, 214, 175, 26, 32, 34, 40, 177, 79, 279, 46, 134, 149, 283, 7, 221, 182, 138, 140, 158, 42, 160, 102, 173, 233, 112, 271, 58, 261, 86, 196, 275, 216, 255, 38, 245, 163, 202, 191, 30, 167, 74, 89, 170, 154, 81, 50, 24, 48, 219, 240, 9, 205, 281, 231, 236, 77, 185, 145]]
07-28 19:58:13.152  3414  4508 D ConnectivityService: update offer from providerId 5 new : NetworkOffer [ Provider Id (5) Score(Policies : YIELD_TO_BAD_WIFI&TRANSPORT_PRIMARY&EVER_EVALUATED&IS_UNMETERED&EVER_VALIDATED&IS_VALIDATED ; KeepConnected : 0) Caps [ Transports: CELLULAR|SATELLITE Capabilities: MMS&SUPL&DUN&FOTA&IMS&CBS&IA&RCS&XCAP&EIMS&INTERNET&NOT_RESTRICTED&TRUSTED&NOT_VPN&MCX&NOT_VCN_MANAGED&ENTERPRISE&VSIM&BIP&MMTEL&PRIORITIZE_LATENCY&PRIORITIZE_BANDWIDTH&NOT_BANDWIDTH_CONSTRAINED Specifier: <TelephonyNetworkSpecifier [mSubId = 1]> EnterpriseId: 1&2&3&4&5 UnderlyingNetworks: Null] Needed by [228, 15, 180, 194, 53, 250, 95, 267, 269, 264, 114, 211, 44, 156, 207, 147, 165, 277, 56, 273, 247, 257, 36, 62, 142, 1, 18, 223, 28, 91, 71, 187, 214, 175, 26, 32, 34, 40, 177, 79, 279, 46, 134, 149, 283, 7, 221, 182, 138, 140, 158, 42, 160, 102, 173, 233, 112, 271, 58, 261, 86, 196, 275, 216, 255, 38, 245, 163, 202, 191, 30, 167, 74, 89, 170, 154, 81, 50, 24, 48, 219, 240, 9, 205, 281, 231, 236, 77, 185, 145]]
07-28 19:58:13.152  3414  4508 D ConnectivityService: unregister offer from providerId 6 : NetworkOffer [ Provider Id (6) Score(Policies : YIELD_TO_BAD_WIFI&EVER_EVALUATED&IS_UNMETERED&EVER_VALIDATED&IS_VALIDATED ; KeepConnected : 0) Caps [ Transports: CELLULAR|SATELLITE Capabilities: MMS&SUPL&DUN&FOTA&IMS&CBS&IA&RCS&XCAP&EIMS&INTERNET&NOT_RESTRICTED&TRUSTED&NOT_VPN&MCX&NOT_VCN_MANAGED&ENTERPRISE&VSIM&BIP&MMTEL&PRIORITIZE_LATENCY&PRIORITIZE_BANDWIDTH&NOT_BANDWIDTH_CONSTRAINED Specifier: <TelephonyNetworkSpecifier [mSubId = -1]> EnterpriseId: 1&2&3&4&5 UnderlyingNetworks: Null] Needed by [228, 15, 180, 194, 53, 250, 95, 267, 269, 264, 114, 211, 44, 156, 207, 147, 165, 277, 56, 273, 247, 257, 36, 62, 142, 1, 18, 223, 28, 91, 71, 187, 214, 175, 26, 32, 34, 40, 177, 79, 279, 46, 134, 149, 283, 7, 221, 182, 138, 140, 158, 42, 160, 102, 173, 233, 112, 271, 58, 261, 86, 196, 275, 216, 255, 38, 245, 163, 202, 191, 30, 167, 74, 89, 170, 154, 81, 50, 24, 48, 219, 240, 9, 205, 281, 231, 236, 77, 185, 145]]
07-28 19:58:13.152  3414  4508 D ConnectivityService: update offer from providerId 6 new : NetworkOffer [ Provider Id (6) Score(Policies : YIELD_TO_BAD_WIFI&EVER_EVALUATED&IS_UNMETERED&EVER_VALIDATED&IS_VALIDATED ; KeepConnected : 0) Caps [ Transports: CELLULAR|SATELLITE Capabilities: MMS&SUPL&DUN&FOTA&IMS&CBS&IA&RCS&XCAP&EIMS&INTERNET&NOT_RESTRICTED&TRUSTED&NOT_VPN&MCX&NOT_VCN_MANAGED&ENTERPRISE&VSIM&BIP&MMTEL&PRIORITIZE_LATENCY&PRIORITIZE_BANDWIDTH&NOT_BANDWIDTH_CONSTRAINED Specifier: <TelephonyNetworkSpecifier [mSubId = -1]> EnterpriseId: 1&2&3&4&5 UnderlyingNetworks: Null] Needed by [228, 15, 180, 194, 53, 250, 95, 267, 269, 264, 114, 211, 44, 156, 207, 147, 165, 277, 56, 273, 247, 257, 36, 62, 142, 1, 18, 223, 28, 91, 71, 187, 214, 175, 26, 32, 34, 40, 177, 79, 279, 46, 134, 149, 283, 7, 221, 182, 138, 140, 158, 42, 160, 102, 173, 233, 112, 271, 58, 261, 86, 196, 275, 216, 255, 38, 245, 163, 202, 191, 30, 167, 74, 89, 170, 154, 81, 50, 24, 48, 219, 240, 9, 205, 281, 231, 236, 77, 185, 145]]
07-28 19:58:13.155  4916  4916 V OplusCustomizeCacheManager: queryCache name: sys.cache.common_customize_cache18016 param: null
07-28 19:58:13.155  4916  4916 V OplusCustomizeCacheManager: queryCache name: sys.cache.common_customize_cache18013 param: null
07-28 19:58:13.155  4916  4916 V OplusCustomizeCacheManager: queryCache name: sys.cache.common_customize_cache18014 param: null
07-28 19:58:13.155  4916  4916 V OplusCustomizeCacheManager: queryCache name: sys.cache.common_customize_cache18017 param: Bundle[{SETTING=BLOCK, BUSINESS=NCT-DATA}]
07-28 19:58:13.155  4916  4916 V OplusCustomizeCacheManager: queryCache name: sys.cache.common_customize_cache18016 param: null
07-28 19:58:13.156  4916  4916 V OplusCustomizeCacheManager: queryCache name: sys.cache.common_customize_cache18013 param: null
07-28 19:58:13.156  4916  4916 V OplusCustomizeCacheManager: queryCache name: sys.cache.common_customize_cache18014 param: null
07-28 19:58:13.156  4916  4916 V OplusCustomizeCacheManager: queryCache name: sys.cache.common_customize_cache18017 param: Bundle[{SETTING=BLOCK, BUSINESS=NCT-DATA}]
07-28 19:58:13.157  4916  4916 D InternationalRoamingNotification: init
07-28 19:58:13.157  5194  5215 D VirtualCommService2: isSupport. true, true
07-28 19:58:13.157  4916  4916 D OplusVirtualCommUtils: isVirtualCommSupport, vRet: true
07-28 19:58:13.157  4916  4916 I OplusVirtualCommUtils: getVirtualCommDeviceType, vRet: 1
07-28 19:58:13.157  4916  4916 I OplusVirtualCommUtils: isConsumerDeviceType, deviceType: 1
07-28 19:58:13.157  4845  4845 I SystemUi--QuickSettings: QsLottieUtils-->getLottieAnimFile : qs/qs_airplane_lottie_active_sep_dual_light.json
07-28 19:58:13.157  4916  4916 D InternationalRoamingNotification: do not createRoamingNotification for invalid Network
07-28 19:58:13.158  4845  4845 I SystemUi--QuickSettings: TemporarilyInfoManager-->[trigger] start from show
07-28 19:58:13.158  4845  4845 I SystemUi--QuickSettings: TemporarilyInfoManager-->[getLayoutParams] translationY=102.074486, translationX=0, width=1080, height=228, isLandscape=false, parent=androidx.constraintlayout.widget.ConstraintLayout{9f8397e V.E...... ......ID 0,0-1080,2376 #7f0a09f6 app:id/qs_container_area_layout alpha=1.0 viewInfo = }
07-28 19:58:13.158  4845  4845 I SystemUi--Common: ViewExt-->[startAlongWithPosition] com.oplus.systemui.qs.base.temporarilyinfo.TemporarilyInfoManager$createViewToParent$1{4b0052e V.ED..... ......ID 0,0-0,0 #7f0a0cb6 app:id/temporarily_info_view alpha=0.0 viewInfo = } alongWith android.widget.RelativeLayout{1a68cf V.E...... ........ 0,102-1080,222 #7f0a0a2e app:id/qs_status_bar_container_layout alpha=1.0 viewInfo = }
07-28 19:58:13.158  4845  4845 I SystemUi--QuickSettings: TemporarilyInfoManager-->[showElement] com.oplus.systemui.qs.base.temporarilyinfo.TemporarilyInfoManager$createViewToParent$1{4b0052e V.ED..... ......ID 0,0-0,0 #7f0a0cb6 app:id/temporarily_info_view alpha=0.0 viewInfo = } for Element(text=Airplane mode off, groupId=Airplane mode, style=InfoShowStyle(textSize=16.0, sizeUnit=2, textColor=-1, showDuration=1500, alongWithReplacedView=true))
07-28 19:58:13.158  4845  4845 I SystemUi--QuickSettings: TemporarilyInfoManager-->[animateShow] com.oplus.systemui.qs.base.temporarilyinfo.TemporarilyInfoManager$createViewToParent$1{4b0052e VFED..C.. ......ID 0,0-0,0 #7f0a0cb6 app:id/temporarily_info_view alpha=0.0 viewInfo = } start
07-28 19:58:13.179  4845  4845 I SystemUi--QuickSettings: QsLottieUtils-->getLottieAnimFile : qs/qs_cellular_lottie_active_sep_dual_light.json
07-28 19:58:13.217  8271  9763 W metis_v2_KnowledgeManager: Fire: isEmergency is true  debugFireMode = false [7f0000011753747052298339107478|p_7478_53d97e8@1|p_8271_3e6141@1|com.oplus.metis] [base|com.oplus.metis|1.5.5-f48228a]
07-28 19:58:13.217  8271  9763 W metis_v2_OifaceBindUtils: bindTask [7f0000011753747052298339107478|p_7478_53d97e8@1|p_8271_3e6141@1|com.oplus.metis]
07-28 19:58:13.217  8271  9763 W metis_v2_OifaceBindUtils: call connectOifaceService [7f0000011753747052298339107478|p_7478_53d97e8@1|p_8271_3e6141@1|com.oplus.metis]
07-28 19:58:13.217  8271  9763 I metis_v2_KnowledgeManager: panta-sugg-Fire: count=1 [7f0000011753747052298339107478|p_7478_53d97e8@1|p_8271_3e6141@1|com.oplus.metis]
07-28 19:58:13.217  6536  6607 E oiface  : sched_setaffinity failed
07-28 19:58:13.218  6536  6572 E oiface  : directSetTask: get cpuset path failed
07-28 19:58:13.220  8271  9763 I System.out: 'park_precondition_home_02' 
07-28 19:58:13.220  8271  9763 I System.out: 'park_precondition_company_02' 
07-28 19:58:13.220  8271  9763 I System.out: 'UBIQUITOUS_SERVICE#assistant_screen#NOT_AT_HOME_301' 
07-28 19:58:13.220  8271  9763 I System.out: 'UBIQUITOUS_SERVICE#assistant_screen#NOT_AT_OFFICE_401' 
07-28 19:58:13.221  8271  9763 I System.out: 'policy:NEAR_SUBWAY_BUS_STATION_2x4' 
07-28 19:58:13.221  3390  3873 D QmiClient: qmiServiceEventCallback recv msg id 1106
07-28 19:58:13.221  3390  3873 D QmiVsClient: enter - onQmiServiceEventCallback msgId 1106
07-28 19:58:13.221  3390  3427 D VsProxy : handleMessage msg is 2425
07-28 19:58:13.221  3390  3427 D VsProxy : handleServingCellInfoChangeInd for instance 0
07-28 19:58:13.222  3390  3390 D RadioServiceIndication: radioServingCellInfoInd
07-28 19:58:13.222  3390  3390 D RadioServiceIndication: radioServingCellInfoInd
07-28 19:58:13.222  5194  5215 D SubsysRadioIndication[0]: radioServingCellInfoInd
07-28 19:58:13.222  5194  5194 D NetworkService[0]: handleMessage what:1003
07-28 19:58:13.222  5194  5215 D SubsysRadioIndication[0]: radioServingCellInfoInd
07-28 19:58:13.223  5194  5194 D NetworkService[0]: handleMessage what:1003
07-28 19:58:13.223  4979  5934 D RadioEvent: onCellInfoChanged slotId=0
07-28 19:58:13.224  4979  5934 D RadioEvent: onCellInfoChanged slotId=0
07-28 19:58:13.226  3390  3877 D QmiClient: qmiServiceEventCallback recv msg id 276
07-28 19:58:13.226  3390  3877 D QmiNasClient: enter : onQmiServiceEventCallback msgId 276
07-28 19:58:13.226  3390  3877 D QmiNasClientEvent: qmiNasClientAccessBarringStatusEvent - RADIO_EVENT_NAS_ACCESS_BARRING_STATUS_IND
07-28 19:58:13.226  8271  9763 W metis_v2_TimeDurationCompare: [com.oplus.metis#UBIQUITOUS_SERVICE#scene#tips#TipScene_EXIT] 'timestamp' is not literal. [7f0000011753747052298339107478|p_7478_53d97e8@1|p_8271_3e6141@1|com.oplus.metis]
07-28 19:58:13.226  3392  3868 D QmiClient: qmiServiceEventCallback recv msg id 276
07-28 19:58:13.226  3392  3868 D QmiNasClient: enter : onQmiServiceEventCallback msgId 276
07-28 19:58:13.226  3392  3868 D QmiNasClientEvent: qmiNasClientAccessBarringStatusEvent - RADIO_EVENT_NAS_ACCESS_BARRING_STATUS_IND
07-28 19:58:13.227  3390  3877 D QmiClient: qmiServiceEventCallback recv msg id 78
07-28 19:58:13.227  3390  3877 D QmiNasClient: enter : onQmiServiceEventCallback msgId 78
07-28 19:58:13.227  3390  3877 D QmiNasClientEvent: qmiNasClientNotifySysInfoEvent lte_ims_voice_avail_valid 0
07-28 19:58:13.227  3390  3436 D NasProxy: handleMessage msg is 2104
07-28 19:58:13.227  3392  3465 D NasProxy: handleMessage msg is 2104
07-28 19:58:13.227  3390  3436 D NasProxy: handleMessage msg is 2101
07-28 19:58:13.227  3390  3436 D NasProxy: handleNasSysInfoEvent for instance 0
07-28 19:58:13.227  8271  9763 D SceneIntentPublisher: headAction: pkg is com.oplus.metis and simpleRuleName is UBIQUITOUS_SERVICE#secne#activity_coloros_reminder_tips
07-28 19:58:13.228  5194  5215 D SubsysRadioIndication[0]: radioNasAccessBarringStatusInd, NasAccessBarringStatusType: radioIf:12, dataBarringStatus:0, dataBarringTime:0, voiceBarringStatus:0, voiceBarringTime:0, videoBarringStatus:0, videoBarringTime:0
07-28 19:58:13.228  5194  6274 D SubsysRadioIndication[1]: radioNasAccessBarringStatusInd, NasAccessBarringStatusType: radioIf:12, dataBarringStatus:0, dataBarringTime:0, voiceBarringStatus:0, voiceBarringTime:0, videoBarringStatus:0, videoBarringTime:0
07-28 19:58:13.228  5194  6274 D SubsysRadioIndication[1]: notify enter
07-28 19:58:13.229  5194  5215 D SubsysRadioIndication[0]: notify enter
07-28 19:58:13.229  5194  5215 D SubsysRadioIndication[0]: radioNr5gFreqTypeIndication, nr5gFreqType = 0
07-28 19:58:13.229  5194  5194 D QtiCellularNetwork: handleNr5gFreqTypeChanged 0, nr5gFreqType = 0
07-28 19:58:13.229  5129  6158 D IWlanJni: new aidl event arrived
07-28 19:58:13.229  5129  6158 D IWlanJni: handleEvent 3
07-28 19:58:13.229  5129  6158 D IWlanJni: isThreadAttached start
07-28 19:58:13.229  5129  6158 D IWlanJni: jni detached
07-28 19:58:13.229  5129  6158 D IWlanJni: jni attached
07-28 19:58:13.229  5129  6158 D IWlanJni: dataRegistrationStateChangeIndication start
07-28 19:58:13.229  5129  6158 D IWlanJni: getJavaCallbackClass start
07-28 19:58:13.229  5129  6158 D IWlanJni: getJavaCallbackClass End midIs[1]
07-28 19:58:13.229  5129  6158 I IWlanAidlClient: dataRegistrationStateChangeIndication called
07-28 19:58:13.230  5129  6157 D IWlanJni: responseAcknowledgement start
07-28 19:58:13.231  5083  5106 I QImsService: ImsRadioIndicationAidl : onServiceDomainChanged()[SUB0]
07-28 19:58:13.231  5083  5106 I QImsService: ImsSenderRxr : [UNSL]< UNSOL_SERVICE_DOMAIN_CHANGED 0[SUB0]
07-28 19:58:13.231  5129  6149 D IWlanJni: getDataRegistrationState start
07-28 19:58:13.231  5129  6158 D IWlanJni: new aidl event arrived
07-28 19:58:13.231  5129  6158 D IWlanJni: handleEvent 10
07-28 19:58:13.231  5129  6158 D IWlanJni: isThreadAttached start
07-28 19:58:13.231  5129  6158 D IWlanJni: jni detached
07-28 19:58:13.232  5083  5083 I QImsService: ImsRegistrationController : Message received: what = 5
07-28 19:58:13.232  5129  6158 D IWlanJni: jni attached
07-28 19:58:13.232  5129  6158 D IWlanJni: getDataRegistrationStateResponse start
07-28 19:58:13.232  5129  6158 D IWlanJni: getJavaCallbackClass start
07-28 19:58:13.232  5083  5083 I QImsService: ImsRegistrationController : handleSrvDomainChanged
07-28 19:58:13.232  5129  6158 D IWlanJni: getJavaCallbackClass End midIs[1]
07-28 19:58:13.232  5129  6158 I IWlanAidlClient: getDataRegistrationStateResponse called
07-28 19:58:13.232  5129  6157 W IWlanNetworkService: 15 > Response Processed
07-28 19:58:13.233  5129  6149 D IWlanJni: getDataRegistrationState start
07-28 19:58:13.233  5129  6158 D IWlanJni: new aidl event arrived
07-28 19:58:13.233  5129  6158 D IWlanJni: handleEvent 10
07-28 19:58:13.233  5129  6158 D IWlanJni: isThreadAttached start
07-28 19:58:13.233  5129  6158 D IWlanJni: jni detached
07-28 19:58:13.233  5129  6158 D IWlanJni: jni attached
07-28 19:58:13.233  5129  6158 D IWlanJni: getDataRegistrationStateResponse start
07-28 19:58:13.233  5129  6158 D IWlanJni: getJavaCallbackClass start
07-28 19:58:13.233  5129  6158 D IWlanJni: getJavaCallbackClass End midIs[1]
07-28 19:58:13.233  5129  6158 I IWlanAidlClient: getDataRegistrationStateResponse called
07-28 19:58:13.233  5129  6157 W IWlanNetworkService: 16 > Response Processed
07-28 19:58:13.235  4975  5117 D QtiOemHookAidl: oemHookRawIndication length=21
07-28 19:58:13.235  4975  4975 D QcrilMsgTunnelIfaceManager: handleMessage what = 0
07-28 19:58:13.235  8271  9763 D SceneIntentPublisher: headAction: pkg is com.oplus.metis and simpleRuleName is UBIQUITOUS_SERVICE#secne#activity_coloros_reminder_tips
07-28 19:58:13.235  4916  4916 D QC_RIL_OEM_HOOK: Received Broadcast Intent ACTION_UNSOL_RESPONSE_OEM_HOOK_RAW
07-28 19:58:13.235  4916  4916 D QC_RIL_OEM_HOOK: Received Broadcast Intent ACTION_UNSOL_RESPONSE_OEM_HOOK_RAW
07-28 19:58:13.235  4916  4916 D QC_RIL_OEM_HOOK: Received Broadcast Intent ACTION_UNSOL_RESPONSE_OEM_HOOK_RAW
07-28 19:58:13.235  4975  4975 D QC_RIL_OEM_HOOK: Received Broadcast Intent ACTION_UNSOL_RESPONSE_OEM_HOOK_RAW
07-28 19:58:13.237  4975  5117 D QtiOemHookAidl: oemHookRawIndication length=21
07-28 19:58:13.237  4975  4975 D QcrilMsgTunnelIfaceManager: handleMessage what = 0
