07-28 18:30:16.404  4882  4882 I SystemUi--Statusbar: BatteryViewBinder-->create drawable: com.oplus.systemui.statusbar.pipeline.battery.ui.drawable.HorizontalBatteryContentDrawable@d48ec65 iconStyle:BatteryIconStyle(iconStyle=1, oldStylePercentIn=false, densityDpi=480, scaleFactor=1.0, themeId=0, isThemeModeColor=false, frameColorMode=0, isPercentOutBgMode=false, isPercentOutPbMode=false, batteryOutChargeBgMode=0)
07-28 18:30:16.404  4882  5665 V OplusCustomizeCacheManager: queryCache name: sys.cache.common_customize_cache11010 param: null
07-28 18:30:16.404  2151  4680 D SurfaceFlinger: captureLayers from pid 5359 uid -335
07-28 18:30:16.404  3355  3663 D SurfaceComposerClient: Transaction::apply InputWindowCommands.focusRequests timestamp=58185848883, windowName=d4386fb NotificationShade
07-28 18:30:16.405  4882  4882 W SystemUi--Common: SubsetBitmapDrawable-->[isValid] innerBitmap?.isRecycled=null
07-28 18:30:16.406  4882  4882 I SystemUi--Statusbar: BatteryViewBinder-->create drawable: com.oplus.systemui.statusbar.pipeline.battery.ui.drawable.HorizontalBatteryContentDrawable@9888145 iconStyle:BatteryIconStyle(iconStyle=1, oldStylePercentIn=false, densityDpi=480, scaleFactor=1.0, themeId=0, isThemeModeColor=false, frameColorMode=0, isPercentOutBgMode=false, isPercentOutPbMode=false, batteryOutChargeBgMode=0)
07-28 18:30:16.408  4882  5451 D Util    : isPkgInstalled_isPkgInstalled = false
07-28 18:30:16.408  4882  5451 D Util    : isPkgInstalled_isPkgInstalled = true
07-28 18:30:16.408  1915  1973 I SnapAlloc: Using graphics libs for alignment calculations
07-28 18:30:16.408  4882  4882 I SystemUi--Statusbar: BatteryViewBinder-->create drawable: com.oplus.systemui.statusbar.pipeline.battery.ui.drawable.HorizontalBatteryContentDrawable@3e293fd iconStyle:BatteryIconStyle(iconStyle=1, oldStylePercentIn=false, densityDpi=480, scaleFactor=1.0, themeId=0, isThemeModeColor=false, frameColorMode=0, isPercentOutBgMode=false, isPercentOutPbMode=false, batteryOutChargeBgMode=0)
07-28 18:30:16.409  1915  1973 I SnapAlloc: Using graphics libs for alignment calculations
07-28 18:30:16.409  3355  4461 I InputDispatcher: injectInputEvent: targetUid=<not set>, syncMode=WAIT_FOR_FINISHED, timeout=30000ms, policyFlags=0x8000000, event=MotionEvent { action=MOVE, id[0]=0, x[0]=900, y[0]=712.934, eventTime=58193000000, downTime=58089000000, deviceId=5, source=TOUCHSCREEN, displayId=0, eventId=0xde599090}
07-28 18:30:16.409  4882  4882 I SystemUi--Keyguard: ScrimControllerExImp-->blur State to UNLOCK, bouncer=false changeFromBouncerScrim= false runnerUnlock= false goingAway=false hasHandle=true isOccludeAnimationPlaying=false
07-28 18:30:16.409  3355  3757 D PowerManagerService: userActivityNoUpdateLocked: groupId=0, eventTime=58193, event=touch, flags=0x0, uid=1000
07-28 18:30:16.409  4882  4882 I SystemUi--Keyguard: ScrimControllerExImp-->blur State to UNLOCK, bouncer=false changeFromBouncerScrim= false runnerUnlock= false goingAway=false hasHandle=true isOccludeAnimationPlaying=false
07-28 18:30:16.410  4882  4882 I SystemUi--QuickSettings: QSPanelAnimatorManager-->showFirstElement
07-28 18:30:16.410  1915  1973 I SnapAlloc: Using graphics libs for alignment calculations
07-28 18:30:16.414  4882  4882 D JankUtils: gfxSceneBegin; scene: 7; sceneDes: QS PULL
07-28 18:30:16.414  2151  3484 D SurfaceFlinger: updateWinowInfo=1, setFocusedWindow timestamp=58185848883, windowName=d4386fb NotificationShade
07-28 18:30:16.414  3355  5246 I InputDispatcher: NFW_setFocusedWindow, d4386fb NotificationShade on display 0, same as the previous:0
07-28 18:30:16.414  3355  5246 I InputDispatcher: updateFocusedWindow,  on display 0, reason: Waiting for window because NOT_FOCUSABLE, result:   FocusedWindows: <none>
07-28 18:30:16.414  3355  3529 I InputDispatcher: updateFocusedWindow, d4386fb NotificationShade on display 0, reason: Window became focusable. Previous reason: NOT_FOCUSABLE, result:   FocusedWindows:
07-28 18:30:16.414  3355  3529 I InputDispatcher:     displayId=0, name='d4386fb NotificationShade'
07-28 18:30:16.414  5189  5189 D VRI[Launcher]: onFocusEvent false
07-28 18:30:16.414  4882  4882 D VRI[NotificationShade]: onFocusEvent true
07-28 18:30:16.415  3355  4461 I InputDispatcher: injectInputEvent: targetUid=<not set>, syncMode=WAIT_FOR_FINISHED, timeout=30000ms, policyFlags=0x8000000, event=MotionEvent { action=MOVE, id[0]=0, x[0]=900, y[0]=758.9, eventTime=58200000000, downTime=58089000000, deviceId=5, source=TOUCHSCREEN, displayId=0, eventId=0xf0073097}
07-28 18:30:16.415  4882  4882 I SystemUi--Keyguard: ScrimControllerExImp-->blur State to UNLOCK, bouncer=false changeFromBouncerScrim= false runnerUnlock= false goingAway=false hasHandle=true isOccludeAnimationPlaying=false
07-28 18:30:16.416  4882  4882 I SystemUi--Keyguard: ScrimControllerExImp-->blur State to UNLOCK, bouncer=false changeFromBouncerScrim= false runnerUnlock= false goingAway=false hasHandle=true isOccludeAnimationPlaying=false
07-28 18:30:16.418  4882  4882 I SystemUi--Keyguard: OplusRepeatWhenAttachedUnlock-->updateState: view.windowVisibility: 0, keyguardShow: false, isInPreviewMode: false, view.hasWindowFocus(): true
07-28 18:30:16.418  4882  4882 I SystemUi--Keyguard: OplusRepeatWhenAttachedUnlock-->updateState: view.windowVisibility: 0, keyguardShow: false, isInPreviewMode: false, view.hasWindowFocus(): true
07-28 18:30:16.423  1915  1973 I SnapAlloc: Using graphics libs for alignment calculations
07-28 18:30:16.424  3355  4461 I InputDispatcher: injectInputEvent: targetUid=<not set>, syncMode=WAIT_FOR_FINISHED, timeout=30000ms, policyFlags=0x8000000, event=MotionEvent { action=MOVE, id[0]=0, x[0]=900, y[0]=811.434, eventTime=58208000000, downTime=58089000000, deviceId=5, source=TOUCHSCREEN, displayId=0, eventId=0xd4f8f948}
07-28 18:30:16.424  4882  4882 I SystemUi--Keyguard: ScrimControllerExImp-->blur State to UNLOCK, bouncer=false changeFromBouncerScrim= false runnerUnlock= false goingAway=false hasHandle=true isOccludeAnimationPlaying=false
07-28 18:30:16.424  4882  4882 I SystemUi--Keyguard: ScrimControllerExImp-->blur State to UNLOCK, bouncer=false changeFromBouncerScrim= false runnerUnlock= false goingAway=false hasHandle=true isOccludeAnimationPlaying=false
07-28 18:30:16.424  4882  4882 I SystemUi--QuickSettings: QSPanelAnimatorManager-->showSecondElement
07-28 18:30:16.432  3355  4461 I InputDispatcher: injectInputEvent: targetUid=<not set>, syncMode=WAIT_FOR_FINISHED, timeout=30000ms, policyFlags=0x8000000, event=MotionEvent { action=MOVE, id[0]=0, x[0]=900, y[0]=863.967, eventTime=58216000000, downTime=58089000000, deviceId=5, source=TOUCHSCREEN, displayId=0, eventId=0xddefb9b2}
07-28 18:30:16.432  4882  4882 I SystemUi--Keyguard: ScrimControllerExImp-->blur State to UNLOCK, bouncer=false changeFromBouncerScrim= false runnerUnlock= false goingAway=false hasHandle=true isOccludeAnimationPlaying=false
07-28 18:30:16.432  4882  4882 I SystemUi--Keyguard: ScrimControllerExImp-->blur State to UNLOCK, bouncer=false changeFromBouncerScrim= false runnerUnlock= false goingAway=false hasHandle=true isOccludeAnimationPlaying=false
07-28 18:30:16.440  1915  1973 I SnapAlloc: Using graphics libs for alignment calculations
07-28 18:30:16.440  4882  4882 I SystemUi--Keyguard: ScrimControllerExImp-->blur State to UNLOCK, bouncer=false changeFromBouncerScrim= false runnerUnlock= false goingAway=false hasHandle=true isOccludeAnimationPlaying=false
07-28 18:30:16.440  3355  4461 I InputDispatcher: injectInputEvent: targetUid=<not set>, syncMode=WAIT_FOR_FINISHED, timeout=30000ms, policyFlags=0x8000000, event=MotionEvent { action=MOVE, id[0]=0, x[0]=900, y[0]=923.066, eventTime=58225000000, downTime=58089000000, deviceId=5, source=TOUCHSCREEN, displayId=0, eventId=0xed16cc30}
07-28 18:30:16.441  4882  4882 I SystemUi--Keyguard: ScrimControllerExImp-->blur State to UNLOCK, bouncer=false changeFromBouncerScrim= false runnerUnlock= false goingAway=false hasHandle=true isOccludeAnimationPlaying=false
07-28 18:30:16.444  4882  5401 I SystemUi--Statusbar: PrivacyDotViewController-->processNextViewState: 
07-28 18:30:16.444  4882  5401 I SystemUi--Statusbar: PrivacyDotViewController-->resolveState ViewState(viewInitialized=true, systemPrivacyEventIsActive=false, shadeExpanded=true, needShow=false, portraitRect=Rect(0, 0 - 1080, 120), landscapeRect=Rect(120, 0 - 2376, 120), upsideDownRect=Rect(0, 0 - 1080, 120), seascapeRect=Rect(0, 0 - 2244, 120), layoutRtl=false, rotation=0, paddingTop=14, paddingBottom=15, cornerIndex=1, designatedCorner=android.widget.FrameLayout{b3a72f2 I.E...... ......ID 1032,0-1080,120 #7f0a09cd app:id/privacy_dot_top_right_container alpha=1.0 viewInfo = }, contentDescription=null, dotMargin=48)
07-28 18:30:16.449  3355  4461 I InputDispatcher: injectInputEvent: targetUid=<not set>, syncMode=WAIT_FOR_FINISHED, timeout=30000ms, policyFlags=0x8000000, event=MotionEvent { action=MOVE, id[0]=0, x[0]=900, y[0]=975.6, eventTime=58233000000, downTime=58089000000, deviceId=5, source=TOUCHSCREEN, displayId=0, eventId=0xf757ab66}
07-28 18:30:16.449  4882  4882 I SystemUi--Keyguard: ScrimControllerExImp-->blur State to UNLOCK, bouncer=false changeFromBouncerScrim= false runnerUnlock= false goingAway=false hasHandle=true isOccludeAnimationPlaying=false
07-28 18:30:16.450  4882  4882 I SystemUi--Keyguard: ScrimControllerExImp-->blur State to UNLOCK, bouncer=false changeFromBouncerScrim= false runnerUnlock= false goingAway=false hasHandle=true isOccludeAnimationPlaying=false
07-28 18:30:16.452  3355  3765 D VRR [OPlusSAManager]: setSAConfig scene: VRR_90_120 modeId: 4 auto: true fakeFrame: true
07-28 18:30:16.452  3355  3765 D VRR [OPlusSAManager]: updateAutoMinfps with nits: 101.56287, mHistOK true, mAmbientOK true, mCctOK true, mIrOK true, mBrightnessOK true, isPkgOK true, SA min fps: 119
07-28 18:30:16.452  3355  3765 D VRR [OPlusSurfaceFlingerController]: setAutoMode enable: true fakeFrame: true fps: 119
07-28 18:30:16.452  2151  2367 I VRR-[OPlusAdfrUtil]: ADFR try set Auto mode with mode 1 fakeframe 1 min fps 119
07-28 18:30:16.452  2151  2367 D VRR-[OPlusRefreshRateSelector]: OSyncModes add size is 1.
07-28 18:30:16.452  2151  2367 I VRR-[OPlusRefreshRateSelector]: updateAutoMode success, display 0, mode 0, fakeframe 1, min fps: 1
07-28 18:30:16.452  2151  3394 D VRR-[OPlusRefreshRateSelector]: handleSetHWCOSync
07-28 18:30:16.452  2151  3394 D VRR-[OPlusRefreshRateSelector]: OSyncModes remaining size is 0.
07-28 18:30:16.452  2151  3394 D VRR-[OPlusRefreshRateSelector]: SetHWCOSync with 5CC08181
07-28 18:30:16.452  1924  3390 I SDM     : DisplayBuiltIn::SetQSyncMode: VRR + update qsync mode 0 minfps 00C08181
07-28 18:30:16.456  1924  2166 E SDM     : DRMConnector::Perform: Connector 67: Setting Qsync min fps 12616065
07-28 18:30:16.457  1915  1973 I SnapAlloc: Using graphics libs for alignment calculations
07-28 18:30:16.457  4882  4882 I SystemUi--Keyguard: ScrimControllerExImp-->blur State to UNLOCK, bouncer=false changeFromBouncerScrim= false runnerUnlock= false goingAway=false hasHandle=true isOccludeAnimationPlaying=false
07-28 18:30:16.458  3355  4461 I InputDispatcher: injectInputEvent: targetUid=<not set>, syncMode=WAIT_FOR_FINISHED, timeout=30000ms, policyFlags=0x8000000, event=MotionEvent { action=MOVE, id[0]=0, x[0]=900, y[0]=1034.7, eventTime=58242000000, downTime=58089000000, deviceId=5, source=TOUCHSCREEN, displayId=0, eventId=0xf9644e07}
07-28 18:30:16.458  4882  4882 I SystemUi--Keyguard: ScrimControllerExImp-->blur State to UNLOCK, bouncer=false changeFromBouncerScrim= false runnerUnlock= false goingAway=false hasHandle=true isOccludeAnimationPlaying=false
07-28 18:30:16.466  4882  4882 I SystemUi--Keyguard: ScrimControllerExImp-->blur State to UNLOCK, bouncer=false changeFromBouncerScrim= false runnerUnlock= false goingAway=false hasHandle=true isOccludeAnimationPlaying=false
07-28 18:30:16.466  3355  4461 I InputDispatcher: injectInputEvent: targetUid=<not set>, syncMode=WAIT_FOR_FINISHED, timeout=30000ms, policyFlags=0x8000000, event=MotionEvent { action=MOVE, id[0]=0, x[0]=900, y[0]=1087.23, eventTime=58250000000, downTime=58089000000, deviceId=5, source=TOUCHSCREEN, displayId=0, eventId=0xcdb51577}
07-28 18:30:16.466  4882  4882 I SystemUi--Keyguard: ScrimControllerExImp-->blur State to UNLOCK, bouncer=false changeFromBouncerScrim= false runnerUnlock= false goingAway=false hasHandle=true isOccludeAnimationPlaying=false
07-28 18:30:16.473  1915  1973 I SnapAlloc: Using graphics libs for alignment calculations
07-28 18:30:16.474  4882  4882 I SystemUi--Keyguard: ScrimControllerExImp-->blur State to UNLOCK, bouncer=false changeFromBouncerScrim= false runnerUnlock= false goingAway=false hasHandle=true isOccludeAnimationPlaying=false
07-28 18:30:16.474  4882  4882 I SystemUi--Keyguard: ScrimControllerExImp-->blur State to UNLOCK, bouncer=false changeFromBouncerScrim= false runnerUnlock= false goingAway=false hasHandle=true isOccludeAnimationPlaying=false
07-28 18:30:16.474  3355  4461 I InputDispatcher: injectInputEvent: targetUid=<not set>, syncMode=WAIT_FOR_FINISHED, timeout=30000ms, policyFlags=0x8000000, event=MotionEvent { action=MOVE, id[0]=0, x[0]=900, y[0]=1146.33, eventTime=58259000000, downTime=58089000000, deviceId=5, source=TOUCHSCREEN, displayId=0, eventId=0xeb82a8c8}
07-28 18:30:16.482  4882  4882 I SystemUi--Keyguard: ScrimControllerExImp-->blur State to UNLOCK, bouncer=false changeFromBouncerScrim= false runnerUnlock= false goingAway=false hasHandle=true isOccludeAnimationPlaying=false
07-28 18:30:16.482  3355  4461 I InputDispatcher: injectInputEvent: targetUid=<not set>, syncMode=WAIT_FOR_FINISHED, timeout=30000ms, policyFlags=0x8000000, event=MotionEvent { action=MOVE, id[0]=0, x[0]=900, y[0]=1192.3, eventTime=58266000000, downTime=58089000000, deviceId=5, source=TOUCHSCREEN, displayId=0, eventId=0xcd529999}
07-28 18:30:16.482  4882  4882 I SystemUi--Keyguard: ScrimControllerExImp-->blur State to UNLOCK, bouncer=false changeFromBouncerScrim= false runnerUnlock= false goingAway=false hasHandle=true isOccludeAnimationPlaying=false
07-28 18:30:16.490  1915  1973 I SnapAlloc: Using graphics libs for alignment calculations
07-28 18:30:16.491  4882  4882 I SystemUi--Keyguard: ScrimControllerExImp-->blur State to UNLOCK, bouncer=false changeFromBouncerScrim= false runnerUnlock= false goingAway=false hasHandle=true isOccludeAnimationPlaying=false
07-28 18:30:16.491  3355  4461 I InputDispatcher: injectInputEvent: targetUid=<not set>, syncMode=WAIT_FOR_FINISHED, timeout=30000ms, policyFlags=0x8000000, event=MotionEvent { action=MOVE, id[0]=0, x[0]=900, y[0]=1251.4, eventTime=58275000000, downTime=58089000000, deviceId=5, source=TOUCHSCREEN, displayId=0, eventId=0xd6e685dc}
07-28 18:30:16.491  4882  4882 I SystemUi--Keyguard: ScrimControllerExImp-->blur State to UNLOCK, bouncer=false changeFromBouncerScrim= false runnerUnlock= false goingAway=false hasHandle=true isOccludeAnimationPlaying=false
07-28 18:30:16.499  3355  4461 I InputDispatcher: injectInputEvent: targetUid=<not set>, syncMode=WAIT_FOR_FINISHED, timeout=30000ms, policyFlags=0x8000000, event=MotionEvent { action=MOVE, id[0]=0, x[0]=900, y[0]=1303.93, eventTime=58283000000, downTime=58089000000, deviceId=5, source=TOUCHSCREEN, displayId=0, eventId=0xe1506e1a}
07-28 18:30:16.499  4882  4882 I SystemUi--Keyguard: ScrimControllerExImp-->blur State to UNLOCK, bouncer=false changeFromBouncerScrim= false runnerUnlock= false goingAway=false hasHandle=true isOccludeAnimationPlaying=false
07-28 18:30:16.499  4882  4882 I SystemUi--Keyguard: ScrimControllerExImp-->blur State to UNLOCK, bouncer=false changeFromBouncerScrim= false runnerUnlock= false goingAway=false hasHandle=true isOccludeAnimationPlaying=false
07-28 18:30:16.502  4882  4882 I SystemUi--QuickSettings: QsLottieUtils-->getLottieAnimFile : qs/qs_location_lottie_active_sep_dual_light.json
07-28 18:30:16.506  4882  5444 D HWUI    : OplusRenderNodeAnimator end!
07-28 18:30:16.506  4882  5444 D HWUI    : OplusRenderNodeAnimator end!
07-28 18:30:16.506  4882  5444 D HWUI    : OplusRenderNodeAnimator end!
07-28 18:30:16.506  4882  5444 D HWUI    : OplusRenderNodeAnimator end!
07-28 18:30:16.506  4882 13045 W LOG_Effective: Effective doesn't support layer effects. If you are using them for  fills, strokes, trim paths etc. then try adding them directly as contents  in your shape. Found: [Slider Control]
07-28 18:30:16.506  4882  4882 I SystemUi--Statusbar: CollapsedStatusBarFragmentExImpl-->animateHiddenState onAnimationEnd v:com.oplus.systemui.statusbar.widget.EndSideContentLayout{edff849 V.E...... ........ 172,0-440,91 #7f0a0c16 app:id/status_bar_end_side_content alpha=1.0 viewInfo = }  v alpha:1.0 v render alpha:0.0 animateAlpha=0.0
07-28 18:30:16.506  4882  4882 I SystemUi--Statusbar: CollapsedStatusBarFragmentExImpl-->animateHiddenState onAnimationEnd v:com.android.keyguard.AlphaOptimizedLinearLayout{638fb74 V.E...... ........ 0,0-48,91 alpha=1.0 viewInfo = }  v alpha:1.0 v render alpha:0.0 animateAlpha=0.0
07-28 18:30:16.506  4882  4882 I SystemUi--Statusbar: CollapsedStatusBarFragmentExImpl-->animateHiddenState onAnimationEnd v:com.oplus.systemui.statusbar.seeding.CapsulePluginContainer{dce032 V.E...... ........ 0,0-1080,120 #7f0a0b3b app:id/seeding_card_container alpha=1.0 viewInfo = }  v alpha:1.0 v render alpha:0.0 animateAlpha=0.0
07-28 18:30:16.507  4882  4882 I SystemUi--Statusbar: CollapsedStatusBarFragmentExImpl-->animateHiddenState onAnimationEnd v:com.oplus.systemui.statusbar.widget.StatClock{9369094 V.ED..... ........ 0,0-129,91 #7f0a02b9 app:id/clock alpha=1.0 viewInfo = }  v alpha:1.0 v render alpha:0.0 animateAlpha=0.0
07-28 18:30:16.507  4882 13045 W LOG_Effective: Animation contains merge paths. Merge paths are only supported on KitKat+ and must be manually enabled by calling enableMergePathsForKitKatAndAbove().
07-28 18:30:16.507  1915  1973 I SnapAlloc: Using graphics libs for alignment calculations
07-28 18:30:16.507  4882  4882 I SystemUi--Keyguard: ScrimControllerExImp-->blur State to UNLOCK, bouncer=false changeFromBouncerScrim= false runnerUnlock= false goingAway=false hasHandle=true isOccludeAnimationPlaying=false
07-28 18:30:16.507  3355  4461 I InputDispatcher: injectInputEvent: targetUid=<not set>, syncMode=WAIT_FOR_FINISHED, timeout=30000ms, policyFlags=0x8000000, event=MotionEvent { action=MOVE, id[0]=0, x[0]=900, y[0]=1363.03, eventTime=58292000000, downTime=58089000000, deviceId=5, source=TOUCHSCREEN, displayId=0, eventId=0xfe4d21be}
07-28 18:30:16.508  4882  4882 I SystemUi--Keyguard: ScrimControllerExImp-->blur State to UNLOCK, bouncer=false changeFromBouncerScrim= false runnerUnlock= false goingAway=false hasHandle=true isOccludeAnimationPlaying=false
07-28 18:30:16.515  4882  4882 I SystemUi--QuickSettings: QsLottieUtils-->getLottieAnimFile : qs/qs_nfc_lottie_active_sep_dual_light.json
07-28 18:30:16.516  4882  4882 W LOG_Effective: Animation contains merge paths but they are disabled.
07-28 18:30:16.516  4882  4882 I SystemUi--Keyguard: ScrimControllerExImp-->blur State to UNLOCK, bouncer=false changeFromBouncerScrim= false runnerUnlock= false goingAway=false hasHandle=true isOccludeAnimationPlaying=false
07-28 18:30:16.516  3355  4461 I InputDispatcher: injectInputEvent: targetUid=<not set>, syncMode=WAIT_FOR_FINISHED, timeout=30000ms, policyFlags=0x8000000, event=MotionEvent { action=MOVE, id[0]=0, x[0]=900, y[0]=1422.13, eventTime=58301000000, downTime=58089000000, deviceId=5, source=TOUCHSCREEN, displayId=0, eventId=0xebf60b56}
07-28 18:30:16.517  3355  3757 D PowerManagerService: userActivityNoUpdateLocked: groupId=0, eventTime=58301, event=touch, flags=0x0, uid=1000
07-28 18:30:16.517  4882  4882 I SystemUi--Keyguard: ScrimControllerExImp-->blur State to UNLOCK, bouncer=false changeFromBouncerScrim= false runnerUnlock= false goingAway=false hasHandle=true isOccludeAnimationPlaying=false
07-28 18:30:16.523  1915  1973 I SnapAlloc: Using graphics libs for alignment calculations
07-28 18:30:16.523  4882  4882 I SystemUi--Keyguard: ScrimControllerExImp-->blur State to UNLOCK, bouncer=false changeFromBouncerScrim= false runnerUnlock= false goingAway=false hasHandle=true isOccludeAnimationPlaying=false
07-28 18:30:16.523  3355  4461 I InputDispatcher: injectInputEvent: targetUid=<not set>, syncMode=WAIT_FOR_FINISHED, timeout=30000ms, policyFlags=0x8000000, event=MotionEvent { action=MOVE, id[0]=0, x[0]=900, y[0]=1468.1, eventTime=58308000000, downTime=58089000000, deviceId=5, source=TOUCHSCREEN, displayId=0, eventId=0xd321eb70}
07-28 18:30:16.524  4882  4882 I SystemUi--Keyguard: ScrimControllerExImp-->blur State to UNLOCK, bouncer=false changeFromBouncerScrim= false runnerUnlock= false goingAway=false hasHandle=true isOccludeAnimationPlaying=false
07-28 18:30:16.532  3355  4461 I InputDispatcher: injectInputEvent: targetUid=<not set>, syncMode=WAIT_FOR_FINISHED, timeout=30000ms, policyFlags=0x8000000, event=MotionEvent { action=MOVE, id[0]=0, x[0]=900, y[0]=1520.63, eventTime=58316000000, downTime=58089000000, deviceId=5, source=TOUCHSCREEN, displayId=0, eventId=0xf9c479a8}
07-28 18:30:16.532  4882  4882 I SystemUi--Keyguard: ScrimControllerExImp-->blur State to UNLOCK, bouncer=false changeFromBouncerScrim= false runnerUnlock= false goingAway=false hasHandle=true isOccludeAnimationPlaying=false
07-28 18:30:16.532  4882  4882 I SystemUi--Keyguard: ScrimControllerExImp-->blur State to UNLOCK, bouncer=false changeFromBouncerScrim= false runnerUnlock= false goingAway=false hasHandle=true isOccludeAnimationPlaying=false
07-28 18:30:16.540  1915  1973 I SnapAlloc: Using graphics libs for alignment calculations
07-28 18:30:16.540  3355  4461 I InputDispatcher: injectInputEvent: targetUid=<not set>, syncMode=WAIT_FOR_FINISHED, timeout=30000ms, policyFlags=0x8000000, event=MotionEvent { action=MOVE, id[0]=0, x[0]=900, y[0]=1573.17, eventTime=58324000000, downTime=58089000000, deviceId=5, source=TOUCHSCREEN, displayId=0, eventId=0xe5aeda3f}
07-28 18:30:16.540  4882  4882 I SystemUi--Keyguard: ScrimControllerExImp-->blur State to UNLOCK, bouncer=false changeFromBouncerScrim= false runnerUnlock= false goingAway=false hasHandle=true isOccludeAnimationPlaying=false
07-28 18:30:16.540  4882  4882 I SystemUi--Keyguard: ScrimControllerExImp-->blur State to UNLOCK, bouncer=false changeFromBouncerScrim= false runnerUnlock= false goingAway=false hasHandle=true isOccludeAnimationPlaying=false
07-28 18:30:16.549  3355  4461 I InputDispatcher: injectInputEvent: targetUid=<not set>, syncMode=WAIT_FOR_FINISHED, timeout=30000ms, policyFlags=0x8000000, event=MotionEvent { action=MOVE, id[0]=0, x[0]=900, y[0]=1632.27, eventTime=58333000000, downTime=58089000000, deviceId=5, source=TOUCHSCREEN, displayId=0, eventId=0xc386e5c4}
07-28 18:30:16.549  4882  4882 I SystemUi--Keyguard: ScrimControllerExImp-->blur State to UNLOCK, bouncer=false changeFromBouncerScrim= false runnerUnlock= false goingAway=false hasHandle=true isOccludeAnimationPlaying=false
07-28 18:30:16.549  4882  4882 I SystemUi--Keyguard: ScrimControllerExImp-->blur State to UNLOCK, bouncer=false changeFromBouncerScrim= false runnerUnlock= false goingAway=false hasHandle=true isOccludeAnimationPlaying=false
07-28 18:30:16.557  1915  1973 I SnapAlloc: Using graphics libs for alignment calculations
07-28 18:30:16.557  4882  4882 I SystemUi--Keyguard: ScrimControllerExImp-->blur State to UNLOCK, bouncer=false changeFromBouncerScrim= false runnerUnlock= false goingAway=false hasHandle=true isOccludeAnimationPlaying=false
07-28 18:30:16.557  3355  4461 I InputDispatcher: injectInputEvent: targetUid=<not set>, syncMode=WAIT_FOR_FINISHED, timeout=30000ms, policyFlags=0x8000000, event=MotionEvent { action=MOVE, id[0]=0, x[0]=900, y[0]=1684.8, eventTime=58341000000, downTime=58089000000, deviceId=5, source=TOUCHSCREEN, displayId=0, eventId=0xdea2b837}
07-28 18:30:16.557  4882  4882 I SystemUi--Keyguard: ScrimControllerExImp-->blur State to UNLOCK, bouncer=false changeFromBouncerScrim= false runnerUnlock= false goingAway=false hasHandle=true isOccludeAnimationPlaying=false
07-28 18:30:16.565  3355  4461 I InputDispatcher: injectInputEvent: targetUid=<not set>, syncMode=WAIT_FOR_FINISHED, timeout=30000ms, policyFlags=0x8000000, event=MotionEvent { action=MOVE, id[0]=0, x[0]=900, y[0]=1743.9, eventTime=58350000000, downTime=58089000000, deviceId=5, source=TOUCHSCREEN, displayId=0, eventId=0xf998bb71}
07-28 18:30:16.566  4882  4882 I SystemUi--Keyguard: ScrimControllerExImp-->blur State to UNLOCK, bouncer=false changeFromBouncerScrim= false runnerUnlock= false goingAway=false hasHandle=true isOccludeAnimationPlaying=false
07-28 18:30:16.566  4882  4882 I SystemUi--Keyguard: ScrimControllerExImp-->blur State to UNLOCK, bouncer=false changeFromBouncerScrim= false runnerUnlock= false goingAway=false hasHandle=true isOccludeAnimationPlaying=false
07-28 18:30:16.573  1915  1973 I SnapAlloc: Using graphics libs for alignment calculations
07-28 18:30:16.574  4882  4882 I SystemUi--Keyguard: ScrimControllerExImp-->blur State to UNLOCK, bouncer=false changeFromBouncerScrim= false runnerUnlock= false goingAway=false hasHandle=true isOccludeAnimationPlaying=false
07-28 18:30:16.574  3355  4461 I InputDispatcher: injectInputEvent: targetUid=<not set>, syncMode=WAIT_FOR_FINISHED, timeout=30000ms, policyFlags=0x8000000, event=MotionEvent { action=MOVE, id[0]=0, x[0]=900, y[0]=1796.43, eventTime=58358000000, downTime=58089000000, deviceId=5, source=TOUCHSCREEN, displayId=0, eventId=0xd234db0e}
07-28 18:30:16.574  4882  4882 I SystemUi--Keyguard: ScrimControllerExImp-->blur State to UNLOCK, bouncer=false changeFromBouncerScrim= false runnerUnlock= false goingAway=false hasHandle=true isOccludeAnimationPlaying=false
07-28 18:30:16.582  4882  4882 I SystemUi--Keyguard: ScrimControllerExImp-->blur State to UNLOCK, bouncer=false changeFromBouncerScrim= false runnerUnlock= false goingAway=false hasHandle=true isOccludeAnimationPlaying=false
07-28 18:30:16.582  3355  4461 I InputDispatcher: injectInputEvent: targetUid=<not set>, syncMode=WAIT_FOR_FINISHED, timeout=30000ms, policyFlags=0x8000000, event=MotionEvent { action=MOVE, id[0]=0, x[0]=900, y[0]=1848.97, eventTime=58366000000, downTime=58089000000, deviceId=5, source=TOUCHSCREEN, displayId=0, eventId=0xd5ab81e9}
07-28 18:30:16.583  4882  4882 I SystemUi--Keyguard: ScrimControllerExImp-->blur State to UNLOCK, bouncer=false changeFromBouncerScrim= false runnerUnlock= false goingAway=false hasHandle=true isOccludeAnimationPlaying=false
07-28 18:30:16.589  1982  1982 D SensorFeature: name=ssc_screenshot_info ,index = 22
07-28 18:30:16.589  1982  1982 D SensorFeature: write 29 bytes:58363787269,58372120602,158,0
07-28 18:30:16.591  1915  1973 I SnapAlloc: Using graphics libs for alignment calculations
07-28 18:30:16.591  4882  4882 I SystemUi--Keyguard: ScrimControllerExImp-->blur State to UNLOCK, bouncer=false changeFromBouncerScrim= false runnerUnlock= false goingAway=false hasHandle=true isOccludeAnimationPlaying=false
07-28 18:30:16.592  3355  4461 I InputDispatcher: injectInputEvent: targetUid=<not set>, syncMode=WAIT_FOR_FINISHED, timeout=30000ms, policyFlags=0x8000000, event=MotionEvent { action=MOVE, id[0]=0, x[0]=900, y[0]=1908.07, eventTime=58375000000, downTime=58089000000, deviceId=5, source=TOUCHSCREEN, displayId=0, eventId=0xe5cfff7f}
07-28 18:30:16.592  4882  4882 I SystemUi--Keyguard: ScrimControllerExImp-->blur State to UNLOCK, bouncer=false changeFromBouncerScrim= false runnerUnlock= false goingAway=false hasHandle=true isOccludeAnimationPlaying=false
07-28 18:30:16.598  4882  4882 I SystemUi--Keyguard: ScrimControllerExImp-->blur State to UNLOCK, bouncer=false changeFromBouncerScrim= false runnerUnlock= false goingAway=false hasHandle=true isOccludeAnimationPlaying=false
07-28 18:30:16.598  3355  4461 I InputDispatcher: injectInputEvent: targetUid=<not set>, syncMode=WAIT_FOR_FINISHED, timeout=30000ms, policyFlags=0x8000000, event=MotionEvent { action=MOVE, id[0]=0, x[0]=900, y[0]=1960.6, eventTime=58383000000, downTime=58089000000, deviceId=5, source=TOUCHSCREEN, displayId=0, eventId=0xfd4901f3}
07-28 18:30:16.599  4882  4882 I SystemUi--Keyguard: ScrimControllerExImp-->blur State to UNLOCK, bouncer=false changeFromBouncerScrim= false runnerUnlock= false goingAway=false hasHandle=true isOccludeAnimationPlaying=false
07-28 18:30:16.606  1915  1973 I SnapAlloc: Using graphics libs for alignment calculations
07-28 18:30:16.606  4882  4882 I SystemUi--Keyguard: ScrimControllerExImp-->blur State to UNLOCK, bouncer=false changeFromBouncerScrim= false runnerUnlock= false goingAway=false hasHandle=true isOccludeAnimationPlaying=false
07-28 18:30:16.607  3355  4461 I InputDispatcher: injectInputEvent: targetUid=<not set>, syncMode=WAIT_FOR_FINISHED, timeout=30000ms, policyFlags=0x8000000, event=MotionEvent { action=UP, id[0]=0, x[0]=900, y[0]=2000, eventTime=58391000000, downTime=58089000000, deviceId=5, source=TOUCHSCREEN, displayId=0, eventId=0xf9bc0d3c}
07-28 18:30:16.607  4882  4882 I SystemUi--Keyguard: ScrimControllerExImp-->blur State to UNLOCK, bouncer=false changeFromBouncerScrim= false runnerUnlock= false goingAway=false hasHandle=true isOccludeAnimationPlaying=false
07-28 18:30:16.607  3355  4823 D UAH-UahAdaptHelper: adaptSetNotification identity = OplusUAwareInputHelpersrc = 1000 , type 1 ,p1 = -1 ,p2 = -1 ,p3 = -1 ,p4 =
07-28 18:30:16.607  3355  4823 I [UAH_CLIENT]: uahRuleCtl, ruleId:1000, status:1
07-28 18:30:16.607  3355  4823 I [UAH_CLIENT]: UahRelease, handle:39
07-28 18:30:16.607  3355  4823 I [UAH_CLIENT]: UahEventAcquire, cmdid:6, pkg:none, identity:OplusUAwareInputHelper
07-28 18:30:16.608  3355  4447 D OplusViewDebugManager: OplusViewDebugManager Constructor android.view.debug.OplusViewDebugManager@f904bf2 [mHasViewDebugProperty true] [mHasMsgDebugProperty false] [DEBUG false] [EXTRAINFOENABLE false] [LIGHT_OS false]
07-28 18:30:16.608  3355  4447 D OplusViewDebugManager: OplusViewDebugManager Constructor android.view.debug.OplusViewDebugManager@6c04243 [mHasViewDebugProperty true] [mHasMsgDebugProperty false] [DEBUG false] [EXTRAINFOENABLE false] [LIGHT_OS false]
07-28 18:30:16.609  4882  4882 I SystemUi--Statusbar: OplusStatusBarWindowViewTouchExImpl-->onTouchEvent handled:false
07-28 18:30:16.609  4882  4882 I SystemUi--QuickSettings: OplusPanelViewPagerController-->reset
07-28 18:30:16.609  4882  4882 I SystemUi--QuickSettings: OplusPanelViewPagerController-->reset
07-28 18:30:16.609  4882  5451 I [UAH_CLIENT]: UahRelease, handle:38
07-28 18:30:16.609  4882  4882 I SystemUi--QuickSettings: OplusQSRootViewController-->endMotionEvent, expand: true, vel: 6566.7734, vectorVel: 6566.7734  isClosing=false panelClosedOnDown=true canSlideHToQSOnStatusBar=true
07-28 18:30:16.609  4882  4882 I SystemUi--QuickSettings: OplusQSRootViewController-->fling qs, expand: true, vel: 6566.7734
07-28 18:30:16.609  4882  4882 I SystemUi--QuickSettings: QSPanelExpandFraction-->animateExpanded, isExpanded=true, (0.97009885 -> 1.0), lastFinalPosition=1.0
07-28 18:30:16.609  4882  4882 I SystemUi--QuickSettings: QSPanelTranslationY-->animateExpandTranslationY, isExpanded=true, threshold=156.0
07-28 18:30:16.609  4882  5451 I [UAH_CLIENT]: UahEventAcquire, cmdid:97, pkg:none, identity:OsenseHelperImpl
07-28 18:30:16.609  4882  4882 I SystemUi--QuickSettings: QSPanelAnimatorManager-->startRebound
07-28 18:30:16.609  4882  4882 I SystemUi--QuickSettings: OplusPanelViewPagerController-->notifySeparateQSEndMotionEvent currentNotifyFraction=0.0  fraction=0.97009885 notifyExpandedFraction=0.0 fractionListeners.size=0
07-28 18:30:16.609  4882  4882 I SystemUi--QuickSettings: OplusQSRootViewController-->resetTouch
07-28 18:30:16.609  4882  4882 D OplusViewDragTouchViewHelper: dispatchTouchView action = 1
07-28 18:30:16.609  4882  4882 D OplusViewDragTouchViewHelper: dispatchTouchView action = 1
07-28 18:30:16.609  4882  4882 D OplusViewDragTouchViewHelper: dispatchTouchView action = 1
07-28 18:30:16.610  1941  1974 I [UAH_CLIENT]: UahPlatformResAcquire
07-28 18:30:16.610  1941  1974 I [UAH_CLIENT]: UahEventAcquire, cmdid:-3, pkg:1941 6806, identity:qcom-perfd
07-28 18:30:16.611  1941  1974 E PERFHAL-RESOURCEQS: PERFHAL-RESOURCEQS: AddAndApply() 130: Resource with major=18, minor=30 not supported
07-28 18:30:16.611  1941  1974 E PERFHAL-RESOURCEQS: PERFHAL-RESOURCEQS: AddAndApply() 130: Resource with major=18, minor=31 not supported
07-28 18:30:16.614  4882  4882 I SystemUi--Keyguard: ScrimControllerExImp-->blur State to UNLOCK, bouncer=false changeFromBouncerScrim= false runnerUnlock= false goingAway=false hasHandle=true isOccludeAnimationPlaying=false
07-28 18:30:16.615  4882  4882 I SystemUi--Keyguard: ScrimControllerExImp-->blur State to UNLOCK, bouncer=false changeFromBouncerScrim= false runnerUnlock= false goingAway=false hasHandle=true isOccludeAnimationPlaying=false
07-28 18:30:16.623  4882  4882 I SystemUi--Keyguard: ScrimControllerExImp-->blur State to UNLOCK, bouncer=false changeFromBouncerScrim= false runnerUnlock= false goingAway=false hasHandle=true isOccludeAnimationPlaying=false
07-28 18:30:16.623  1915  1973 I SnapAlloc: Using graphics libs for alignment calculations
07-28 18:30:16.623  4882  4882 I SystemUi--Keyguard: ScrimControllerExImp-->blur State to UNLOCK, bouncer=false changeFromBouncerScrim= false runnerUnlock= false goingAway=false hasHandle=true isOccludeAnimationPlaying=false
07-28 18:30:16.631  4882  4882 I SystemUi--Keyguard: ScrimControllerExImp-->blur State to UNLOCK, bouncer=false changeFromBouncerScrim= false runnerUnlock= false goingAway=false hasHandle=true isOccludeAnimationPlaying=false
07-28 18:30:16.632  4882  4882 I SystemUi--Keyguard: ScrimControllerExImp-->blur State to UNLOCK, bouncer=false changeFromBouncerScrim= false runnerUnlock= false goingAway=false hasHandle=true isOccludeAnimationPlaying=false
07-28 18:30:16.639  4882  4882 I SystemUi--Keyguard: ScrimControllerExImp-->blur State to UNLOCK, bouncer=false changeFromBouncerScrim= false runnerUnlock= false goingAway=false hasHandle=true isOccludeAnimationPlaying=false
07-28 18:30:16.640  1915  1973 I SnapAlloc: Using graphics libs for alignment calculations
07-28 18:30:16.640  4882  4882 I SystemUi--Keyguard: ScrimControllerExImp-->blur State to UNLOCK, bouncer=false changeFromBouncerScrim= false runnerUnlock= false goingAway=false hasHandle=true isOccludeAnimationPlaying=false
07-28 18:30:16.648  4882  4882 I SystemUi--Keyguard: ScrimControllerExImp-->blur State to UNLOCK, bouncer=false changeFromBouncerScrim= false runnerUnlock= false goingAway=false hasHandle=true isOccludeAnimationPlaying=false
07-28 18:30:16.648  4882  4882 I SystemUi--Keyguard: ScrimControllerExImp-->blur State to UNLOCK, bouncer=false changeFromBouncerScrim= false runnerUnlock= false goingAway=false hasHandle=true isOccludeAnimationPlaying=false
07-28 18:30:16.656  4882  4882 I SystemUi--Keyguard: ScrimControllerExImp-->blur State to UNLOCK, bouncer=false changeFromBouncerScrim= false runnerUnlock= false goingAway=false hasHandle=true isOccludeAnimationPlaying=false
07-28 18:30:16.656  1915  1973 I SnapAlloc: Using graphics libs for alignment calculations
07-28 18:30:16.656  4882  4882 I SystemUi--Keyguard: ScrimControllerExImp-->blur State to UNLOCK, bouncer=false changeFromBouncerScrim= false runnerUnlock= false goingAway=false hasHandle=true isOccludeAnimationPlaying=false
07-28 18:30:16.658  3355  4408 V AlarmManager: sending alarm Alarm{6ded0c0 type 3 origWhen 39691 whenElapsed 39691 android} uid 1000 whenElapsed 39691 windowLength 18750 maxWhenElapsed 58441 repeatInterval 0 action null component null tag WifiHealthMonitor Schedule Post-Boot Detection Timer flags 0x8 procName system_server
07-28 18:30:16.659  3355  4408 V AlarmManager: sending alarm Alarm{4f991f9 type 3 origWhen 41785 whenElapsed 41785 com.oplus.obrain} uid 1000 whenElapsed 41785 windowLength 450000 maxWhenElapsed 491785 repeatInterval 600000 action MIDAS TEN MINUTE CLOCK ACTION component null flags 0x8 procName com.oplus.midas
07-28 18:30:16.659  3355  4408 V AlarmManager: sending alarm Alarm{19abf9f type 3 origWhen 41785 whenElapsed 41785 com.oplus.obrain} uid 1000 whenElapsed 41785 windowLength 225000 maxWhenElapsed 266785 repeatInterval 300000 action MIDAS FIVE MINUTE CLOCK ACTION component null flags 0x8 procName com.oplus.midas
07-28 18:30:16.661  6598  6729 I midasd  : OplusObrainService::notifyEventInt eventId:8 iParam:0
07-28 18:30:16.662  6598 10052 I midasd  : store modes duration to database:0,0,0,47223468,692858,600,0,46143736
07-28 18:30:16.662  6598 10052 I midasd  : skip ten_minute_timer when boot no more than 15 minutes
07-28 18:30:16.662  6598  6729 I midasd  : OplusObrainService::notifyEventInt eventId:49 iParam:0
07-28 18:30:16.663  6598  9937 E midasd  : Gpu the power model error, power model freq size 11, opp_logs freq size 14
07-28 18:30:16.664  7716 11633 I OplusObrain: OplusObrainClientInvoke.nativeGetTelephonyInfo
07-28 18:30:16.664  1970  1970 E android.hardware.power.stats-impl.oplus: HandleFactory::read open charger_input_current_now(/proc/charger/input_current_now) failed! fd: -1 errno: 2
07-28 18:30:16.664  1970  1970 W android.hardware.power.stats-impl.oplus: PruneException: Unknown binder exception (2) pruned into EX_TRANSACTION_FAILED
07-28 18:30:16.664  6598  9941 W midasd  : handleFactory read failed.
07-28 18:30:16.665  4882  4882 I SystemUi--Keyguard: ScrimControllerExImp-->blur State to UNLOCK, bouncer=false changeFromBouncerScrim= false runnerUnlock= false goingAway=false hasHandle=true isOccludeAnimationPlaying=false
07-28 18:30:16.665  7716  7775 I OplusObrain: OplusObrainClientInvoke.nativeGetTrafficTypeInfoForNetworkType networkType 0
07-28 18:30:16.665  4882  4882 I SystemUi--Keyguard: ScrimControllerExImp-->blur State to UNLOCK, bouncer=false changeFromBouncerScrim= false runnerUnlock= false goingAway=false hasHandle=true isOccludeAnimationPlaying=false
07-28 18:30:16.666  3355  4461 D KernelStatsHelper: getKernelStats start!
07-28 18:30:16.667  3355  4605 D OplusNetlinkSocket: handleNetlinkRecvKernelMessage:nlmsghdr:StructNlMsgHdr{ nlmsg_len{40}, nlmsg_type{53()}, nlmsg_flags{0()}, nlmsg_seq{0}, nlmsg_pid{219877885} }
07-28 18:30:16.667  3355  4605 D KernelStatsHelper: get magic :[-1, -1, -1, 77, 65, 71, 73, 67]
07-28 18:30:16.667  3355  4605 D KernelStatsHelper: magic matched count:0 data_len:0
07-28 18:30:16.667  3355  4605 D KernelStatsHelper: data over! check: true
07-28 18:30:16.667  7716  7775 E MIDASApplication: PackageManagerUtil: getAudioPackageList err android.content.pm.PackageManager$NameNotFoundException: com.obrain.unknown
07-28 18:30:16.672  4882  4882 I SystemUi--Keyguard: ScrimControllerExImp-->blur State to UNLOCK, bouncer=false changeFromBouncerScrim= false runnerUnlock= false goingAway=false hasHandle=true isOccludeAnimationPlaying=false
07-28 18:30:16.673  1915  1973 I SnapAlloc: Using graphics libs for alignment calculations
07-28 18:30:16.673  4882  4882 I SystemUi--Keyguard: ScrimControllerExImp-->blur State to UNLOCK, bouncer=false changeFromBouncerScrim= false runnerUnlock= false goingAway=false hasHandle=true isOccludeAnimationPlaying=false
07-28 18:30:16.681  4882  4882 I SystemUi--Keyguard: ScrimControllerExImp-->blur State to UNLOCK, bouncer=false changeFromBouncerScrim= false runnerUnlock= false goingAway=false hasHandle=true isOccludeAnimationPlaying=false
07-28 18:30:16.681  4882  4882 I SystemUi--Keyguard: ScrimControllerExImp-->blur State to UNLOCK, bouncer=false changeFromBouncerScrim= false runnerUnlock= false goingAway=false hasHandle=true isOccludeAnimationPlaying=false
07-28 18:30:16.689  4882  4882 I SystemUi--Keyguard: ScrimControllerExImp-->blur State to UNLOCK, bouncer=false changeFromBouncerScrim= false runnerUnlock= false goingAway=false hasHandle=true isOccludeAnimationPlaying=false
07-28 18:30:16.689  1915  1973 I SnapAlloc: Using graphics libs for alignment calculations
07-28 18:30:16.690  4882  4882 I SystemUi--Keyguard: ScrimControllerExImp-->blur State to UNLOCK, bouncer=false changeFromBouncerScrim= false runnerUnlock= false goingAway=false hasHandle=true isOccludeAnimationPlaying=false
07-28 18:30:16.697  4882  4882 I SystemUi--Keyguard: ScrimControllerExImp-->blur State to UNLOCK, bouncer=false changeFromBouncerScrim= false runnerUnlock= false goingAway=false hasHandle=true isOccludeAnimationPlaying=false
07-28 18:30:16.698  4882  4882 I SystemUi--Keyguard: ScrimControllerExImp-->blur State to UNLOCK, bouncer=false changeFromBouncerScrim= false runnerUnlock= false goingAway=false hasHandle=true isOccludeAnimationPlaying=false
07-28 18:30:16.706  4882  4882 I SystemUi--Keyguard: ScrimControllerExImp-->blur State to UNLOCK, bouncer=false changeFromBouncerScrim= false runnerUnlock= false goingAway=false hasHandle=true isOccludeAnimationPlaying=false
07-28 18:30:16.706  1915  1973 I SnapAlloc: Using graphics libs for alignment calculations
07-28 18:30:16.706  4882  4882 I SystemUi--Keyguard: ScrimControllerExImp-->blur State to UNLOCK, bouncer=false changeFromBouncerScrim= false runnerUnlock= false goingAway=false hasHandle=true isOccludeAnimationPlaying=false
07-28 18:30:16.714  4882  4882 I SystemUi--Keyguard: ScrimControllerExImp-->blur State to UNLOCK, bouncer=false changeFromBouncerScrim= false runnerUnlock= false goingAway=false hasHandle=true isOccludeAnimationPlaying=false
07-28 18:30:16.714  4882  4882 I SystemUi--Keyguard: ScrimControllerExImp-->blur State to UNLOCK, bouncer=false changeFromBouncerScrim= false runnerUnlock= false goingAway=false hasHandle=true isOccludeAnimationPlaying=false
07-28 18:30:16.722  4882  4882 I SystemUi--Keyguard: ScrimControllerExImp-->blur State to UNLOCK, bouncer=false changeFromBouncerScrim= false runnerUnlock= false goingAway=false hasHandle=true isOccludeAnimationPlaying=false
07-28 18:30:16.723  1915  1973 I SnapAlloc: Using graphics libs for alignment calculations
07-28 18:30:16.723  4882  4882 I SystemUi--Keyguard: ScrimControllerExImp-->blur State to UNLOCK, bouncer=false changeFromBouncerScrim= false runnerUnlock= false goingAway=false hasHandle=true isOccludeAnimationPlaying=false
07-28 18:30:16.731  4882  4882 I SystemUi--Keyguard: ScrimControllerExImp-->blur State to UNLOCK, bouncer=false changeFromBouncerScrim= false runnerUnlock= false goingAway=false hasHandle=true isOccludeAnimationPlaying=false
07-28 18:30:16.731  4882  4882 I SystemUi--Keyguard: ScrimControllerExImp-->blur State to UNLOCK, bouncer=false changeFromBouncerScrim= false runnerUnlock= false goingAway=false hasHandle=true isOccludeAnimationPlaying=false
07-28 18:30:16.739  4882  4882 I SystemUi--Keyguard: ScrimControllerExImp-->blur State to UNLOCK, bouncer=false changeFromBouncerScrim= false runnerUnlock= false goingAway=false hasHandle=true isOccludeAnimationPlaying=false
07-28 18:30:16.739  1915  1973 I SnapAlloc: Using graphics libs for alignment calculations
07-28 18:30:16.740  4882  4882 I SystemUi--Keyguard: ScrimControllerExImp-->blur State to UNLOCK, bouncer=false changeFromBouncerScrim= false runnerUnlock= false goingAway=false hasHandle=true isOccludeAnimationPlaying=false
07-28 18:30:16.747  4882  4882 I SystemUi--Keyguard: ScrimControllerExImp-->blur State to UNLOCK, bouncer=false changeFromBouncerScrim= false runnerUnlock= false goingAway=false hasHandle=true isOccludeAnimationPlaying=false
07-28 18:30:16.748  4882  4882 I SystemUi--Keyguard: ScrimControllerExImp-->blur State to UNLOCK, bouncer=false changeFromBouncerScrim= false runnerUnlock= false goingAway=false hasHandle=true isOccludeAnimationPlaying=false
07-28 18:30:16.756  4882  4882 I SystemUi--Keyguard: ScrimControllerExImp-->blur State to UNLOCK, bouncer=false changeFromBouncerScrim= false runnerUnlock= false goingAway=false hasHandle=true isOccludeAnimationPlaying=false
07-28 18:30:16.756  1915  1973 I SnapAlloc: Using graphics libs for alignment calculations
07-28 18:30:16.756  4882  4882 I SystemUi--Keyguard: ScrimControllerExImp-->blur State to UNLOCK, bouncer=false changeFromBouncerScrim= false runnerUnlock= false goingAway=false hasHandle=true isOccludeAnimationPlaying=false
07-28 18:30:16.764  4882  4882 I SystemUi--Keyguard: ScrimControllerExImp-->blur State to UNLOCK, bouncer=false changeFromBouncerScrim= false runnerUnlock= false goingAway=false hasHandle=true isOccludeAnimationPlaying=false
07-28 18:30:16.764  4882  4882 I SystemUi--Keyguard: ScrimControllerExImp-->blur State to UNLOCK, bouncer=false changeFromBouncerScrim= false runnerUnlock= false goingAway=false hasHandle=true isOccludeAnimationPlaying=false
07-28 18:30:16.773  4882  4882 I SystemUi--Keyguard: ScrimControllerExImp-->blur State to UNLOCK, bouncer=false changeFromBouncerScrim= false runnerUnlock= false goingAway=false hasHandle=true isOccludeAnimationPlaying=false
07-28 18:30:16.773  1915  1973 I SnapAlloc: Using graphics libs for alignment calculations
07-28 18:30:16.773  4882  4882 I SystemUi--Keyguard: ScrimControllerExImp-->blur State to UNLOCK, bouncer=false changeFromBouncerScrim= false runnerUnlock= false goingAway=false hasHandle=true isOccludeAnimationPlaying=false
07-28 18:30:16.780  4882  4882 I SystemUi--Keyguard: ScrimControllerExImp-->blur State to UNLOCK, bouncer=false changeFromBouncerScrim= false runnerUnlock= false goingAway=false hasHandle=true isOccludeAnimationPlaying=false
07-28 18:30:16.781  4882  4882 I SystemUi--Keyguard: ScrimControllerExImp-->blur State to UNLOCK, bouncer=false changeFromBouncerScrim= false runnerUnlock= false goingAway=false hasHandle=true isOccludeAnimationPlaying=false
07-28 18:30:16.790  1915  1973 I SnapAlloc: Using graphics libs for alignment calculations
07-28 18:30:16.791  4882  4882 I SystemUi--Keyguard: ScrimControllerExImp-->blur State to UNLOCK, bouncer=false changeFromBouncerScrim= false runnerUnlock= false goingAway=false hasHandle=true isOccludeAnimationPlaying=false
07-28 18:30:16.792  4882  4882 I SystemUi--Keyguard: ScrimControllerExImp-->blur State to UNLOCK, bouncer=false changeFromBouncerScrim= false runnerUnlock= false goingAway=false hasHandle=true isOccludeAnimationPlaying=false
07-28 18:30:16.797  4882  4882 I SystemUi--Keyguard: ScrimControllerExImp-->blur State to UNLOCK, bouncer=false changeFromBouncerScrim= false runnerUnlock= false goingAway=false hasHandle=true isOccludeAnimationPlaying=false
07-28 18:30:16.797  4882  4882 I SystemUi--Keyguard: ScrimControllerExImp-->blur State to UNLOCK, bouncer=false changeFromBouncerScrim= false runnerUnlock= false goingAway=false hasHandle=true isOccludeAnimationPlaying=false
07-28 18:30:16.805  4882  4882 I SystemUi--QuickSettings: TemporarilyInfoManager-->[setStarted] true
07-28 18:30:16.805  4882  4882 I SystemUi--QuickSettings: OplusQSRootViewController-->endClosing()
07-28 18:30:16.805  4882  4882 I SystemUi--Common: OplusShadeExpansionStat-->go state: OPENING -> OPEN
07-28 18:30:16.805  4882  4882 I SystemUi--Common: OplusShadeExpansionStat-->go state: OPENING -> OPEN
07-28 18:30:16.806  4882  4882 I SystemUi--Keyguard: ScrimControllerExImp-->blur State to UNLOCK, bouncer=false changeFromBouncerScrim= false runnerUnlock= false goingAway=false hasHandle=true isOccludeAnimationPlaying=false
07-28 18:30:16.806  4882  4882 I SystemUi--Common: PlatformBlurManagerImpl-->setPlatformBlurMode: blurMode=AUTO(blurFrequency=4)
07-28 18:30:16.806  4882  4882 I SystemUi--Common: PlatformBlurManagerImpl-->updateMotionFrequency: isExpanding=false
07-28 18:30:16.806  1915  1973 I SnapAlloc: Using graphics libs for alignment calculations
07-28 18:30:16.806  4882  4882 I SystemUi--Keyguard: ScrimControllerExImp-->blur State to UNLOCK, bouncer=false changeFromBouncerScrim= false runnerUnlock= false goingAway=false hasHandle=true isOccludeAnimationPlaying=false
07-28 18:30:16.806  4882  4882 I SystemUi--Device_Panel: OplusQSMyDeviceContainerViewController-->setQsDeviceExpansion expansion 1.0
07-28 18:30:16.806  4882  4882 I SystemUi--QuickSettings: QSPanelExpandFraction-->fractionAnimation onAnimationEnd, value=1.0
07-28 18:30:16.839  1915  1973 I SnapAlloc: Using graphics libs for alignment calculations
07-28 18:30:16.862  1982  1982 D SensorFeature: name=ssc_screenshot_info ,index = 22
07-28 18:30:16.862  1982  1982 D SensorFeature: write 29 bytes:58637578518,58645911851,159,0
07-28 18:30:16.884  1830  4466 I sensors-hal: handle_oplus_wise_rgb_event:189, high_pwm_light:lux 169.9,cct 3469.8,brl/algo/ir 1331.0/2.0/24.7,pwm/dc 0.0/0.0,rgbc 13788.905273/9359.407227/3983.237061/25860.083984,ts 58612732651,cnt 830,flag 159
07-28 18:30:16.885  1924  4475 I Dpps    : LtmSwState::SetParameter():144 ignore cmd 7 in state LtmOffState
07-28 18:30:16.953  3355  3765 D VRR [OPlusSAManager]: updateAutoMinfps with nits: 101.56287, mHistOK true, mAmbientOK true, mCctOK true, mIrOK true, mBrightnessOK true, isPkgOK true, SA min fps: 119
07-28 18:30:16.953  3355  3765 D VRR [OPlusSurfaceFlingerController]: setAutoMode enable: true fakeFrame: true fps: 119
07-28 18:30:16.953  2151  4680 I VRR-[OPlusAdfrUtil]: ADFR try set Auto mode with mode 1 fakeframe 1 min fps 119
07-28 18:30:16.953  2151  4680 D VRR-[OPlusRefreshRateSelector]: OSyncModes add size is 1.
07-28 18:30:16.953  2151  4680 I VRR-[OPlusRefreshRateSelector]: updateAutoMode success, display 0, mode 0, fakeframe 1, min fps: 1
07-28 18:30:16.953  2151  3394 D VRR-[OPlusRefreshRateSelector]: handleSetHWCOSync
07-28 18:30:16.953  2151  3394 D VRR-[OPlusRefreshRateSelector]: OSyncModes remaining size is 0.
07-28 18:30:16.953  2151  3394 D VRR-[OPlusRefreshRateSelector]: SetHWCOSync with 5CC08181
07-28 18:30:16.954  1924  6435 I SDM     : DisplayBuiltIn::SetQSyncMode: VRR + update qsync mode 0 minfps 00C08181
07-28 18:30:16.962  1924  2166 E SDM     : DRMConnector::Perform: Connector 67: Setting Qsync min fps 12616065
07-28 18:30:17.019  2004  2062 D BatteryChargeControl: bcc get no support from charging protocol
