07-29 15:26:23.292  3519  4532 D WifiController: Airplane mode disabled, determine next state
07-29 15:26:23.292  5209  5209 D NetworkService[1]: onAirPlaneModeChange isAirPlaneModeOn:false
07-29 15:26:23.292  5209  5209 D QuickChangeAirplaneModeEvent: airplane mode off
07-29 15:26:23.292  5077  8139 D txpwrJni: sendRadioStatus start
07-29 15:26:23.292  3519  4532 D WifiActiveModeWarden: Starting primary ClientModeManager in scan only mode
07-29 15:26:23.292  4883  5744 I SystemUi--QuickSettings: Tile.OplusAirplaneModeTile-->handleUpdateState state.state: 2 value: 0
07-29 15:26:23.292  4883  5744 V OplusCustomizeCacheManager: queryCache name: sys.cache.common_customize_cache18026 param: null
07-29 15:26:23.292  1934  4481 I Dpps    : LtmSwState::SetParameter():144 ignore cmd 7 in state LtmOffState
07-29 15:26:23.293  5038  5038 W Settings: Setting airplane_mode_on has moved from android.provider.Settings.System to android.provider.Settings.Global, returning read-only value.
07-29 15:26:23.293  3519  4643 D OplusWifiPower_ConnLpmEventObsever: AIRPLANE_MODE_ON:false
07-29 15:26:23.294  3519  4477 D BluetoothSystemServer: AirplaneModeListener: Ignore mode change to same state. previousMode=false, isOn=false, isOnOverrode=false, isMediaConnected=false
07-29 15:26:23.295  5025  5750 D ResidenceLocSm: onPreHandleMessage 49
07-29 15:26:23.295  5025  5750 D ResidenceLocSm: onPostHandleMessage 49
07-29 15:26:23.295  4883  5744 V OplusCustomizeCacheManager: queryCache name: sys.cache.common_customize_cache11009 param: null
07-29 15:26:23.295  5025  5758 D OplusLinkBoostMeeting: onAirplaneModeChange
07-29 15:26:23.295  5025  5766 D NAS-CallIssueDetector: notifyApmChanged
07-29 15:26:23.295  5025  6534 I PCDR-common_no_service[0]: forbidden
07-29 15:26:23.295  5025  6534 I PCDR-common_no_45g[0]: forbidden
07-29 15:26:23.295  5025  6534 I PCDR-common_no_service[1]: forbidden
07-29 15:26:23.295  5025  6534 I PCDR-common_no_45g[1]: forbidden
07-29 15:26:23.295  3519  4644 D OplusWifiSwitchStateMonitor: mWifiSettingsValue:0
07-29 15:26:23.295  3519  4644 D OplusWifiSwitchStateMonitor: notify scan state: true
07-29 15:26:23.295  5038  5038 I HidlServiceManagement: Trying to get transport of vendor.oplus.hardware.appradio@1.0::IOplusAppRadio/oplus_app_slot1 without hwservicemanager
07-29 15:26:23.295  5116  5116 I QImsService: OplusWifiApmStateMgr : ACTION_AIRPLANE_MODE_CHANGED,mIsAirplaneModeOn: false
07-29 15:26:23.295  5116  5116 I QImsService: OplusImsServiceSubImpl : onTurnOffImsAfterWifiChanged : false
07-29 15:26:23.295  5116  5116 I QImsService: OplusImsServiceSubImpl : onTurnOffImsAfterWifiChanged : false
07-29 15:26:23.295  5038  5038 E NhsAppRIL/0: in getOplusRadioProxy getService: Exception: java.util.NoSuchElementException
07-29 15:26:23.296  4883  4883 I SystemUi--Statusbar: OplusStatusBarSignalPolicy-->imsIcon: OplusIMSModel(shouldShowVolte=false, shouldShowVowifi=false, simInserted=true, noSim=false, shouldShowVodata=false, shouldShowVo5G=false, vowifiState=false), OplusIMSModel(shouldShowVolte=false, shouldShowVowifi=false, simInserted=false, noSim=true, shouldShowVodata=false, shouldShowVo5G=false, vowifiState=false), noSubs:false, airplaneMode:falsevisible: false ,wifiConnect:false , vowifiIcon:0 , voDataStatus:false, is5GNewCall:false
07-29 15:26:23.296  4883  4883 I SystemUi--Statusbar: OplusStatusBarSignalPolicy-->noSimIcon simState: SimStateModel(simInserted=[true, false], simForbidden=[false, true], simStateIMSI=[true, false], simLoaded=[true, false]), noSubs:false isAirplaneMode:false
07-29 15:26:23.296  4883  4883 I SystemUi--Statusbar: OplusMobileIconViewModel-->isVisible subId:1 isAirplaneMode:false isAllowedDuringAirplaneMode:false isForceHidden:false isSatelliteForbid:false
07-29 15:26:23.296  4883  4883 I SystemUi--Statusbar: OplusStatusBarMobileViewBinder-->isVisible:true
07-29 15:26:23.296  4883  4883 I SystemUi--Statusbar: OplusStatusBarMobileViewBinder-->isVisible:true
07-29 15:26:23.296  4883  4883 I SystemUi--Statusbar: OplusStatusBarMobileViewBinder-->isVisible:true
07-29 15:26:23.296  4883  4883 I SystemUi--Statusbar: OplusStatusBarMobileViewBinder-->isVisible:true
07-29 15:26:23.296  4883  4883 I SystemUi--Statusbar: OplusStatusBarMobileViewBinder-->isVisible:true
07-29 15:26:23.296  4883  5744 I SystemUi--QuickSettings: Tile.OplusAirplaneModeTile-->handleUpdateState state.state: 1 value: 0
07-29 15:26:23.296  4883  5744 V OplusCustomizeCacheManager: queryCache name: sys.cache.common_customize_cache18026 param: null
07-29 15:26:23.296  3519  4532 D WifiController: DisabledState.exit()
07-29 15:26:23.296  3519  4532 D WifiController: EnabledState.enter()
07-29 15:26:23.296  3519  4532 D WifiClientModeManager[59066:unknown]: entering IdleState
07-29 15:26:23.298  2014  2033 E PerformanceService: [damon_reclaim] Failed to open wmarks_xxx, Linux version 6.6.30
07-29 15:26:23.298  3519  4350 E PerformanceManager: setDamonReclaimWmarks succeed.
07-29 15:26:23.298  5209  5209 W Settings: Setting airplane_mode_on has moved from android.provider.Settings.System to android.provider.Settings.Global, returning read-only value.
07-29 15:26:23.298  5209  5209 D RadioMessenger: handleMessage Request msgid 2215
07-29 15:26:23.298  5025  5783 D ElevatorEvent: enableElevatorDetect mIsElevSensorReg = false
07-29 15:26:23.298  5025  5783 V SystemSensorManagerExtImpl: RegisterListener elevator_detect  Wakeup type:33171036 delay:200000us by com.oplus.nas.comm.event.ElevatorEvent$a@9c0f5a0 from com.oplus.nas
07-29 15:26:23.298  3519  5210 D SensorService: createSensorEventConnection packageName = com.oplus.nas.comm.event.ElevatorEvent, opPackageName = com.oplus.nas, mCurrentOperatingMode = 0, requestedMode = 0
07-29 15:26:23.299  5025  5766 D NAS-CallIssueDetector: EVENT_SIM_STATE_CHANGE mSimState[0] LOADED
07-29 15:26:23.299  5025  5766 D SceneEvent: registerSensorMgr start
07-29 15:26:23.299  5209  5209 D RadioProxyJ: [PHONE0][96]> getNecData moduleId:1 evtId:[0, 16, 0, 0, 0, 0, 0, 0, 0, 0, 0, 0, 0, 0, 0, 0, 0, 0, 0, 0, 0, 0, 0, 0, 0, 0, 0, 0, 0, 0, 0, 0]
07-29 15:26:23.299  5038  5038 D NhsElevatorReceiver: enableElevatorDetect mIsElevSensorReg = false
07-29 15:26:23.299  5038  5038 V SystemSensorManagerExtImpl: RegisterListener elevator_detect  Wakeup type:33171036 delay:200000us by t0.g$b@3e44722 from com.oplus.nhs
07-29 15:26:23.300  3519  5210 D SensorService: createSensorEventConnection packageName = t0.g, opPackageName = com.oplus.nhs, mCurrentOperatingMode = 0, requestedMode = 0
07-29 15:26:23.300  3519  5210 W SensorService: SensorEventConnection sensor handle=1362, package = t0.g enable
07-29 15:26:23.300  3519  5210 E SensorService: Required app t0.g, uid 1001, pid 5038
07-29 15:26:23.300  3519  5210 D SensorService: Calling batch handle==1362 flags=0rate=200000000 timeout== 0
07-29 15:26:23.300  3519  5210 D SensorService: SensorDevice::batch: ident=0xb400007906c76300, handle=0x00000552, flags=0, period_ns=200000000 timeout=0
07-29 15:26:23.300  3519  5210 D SensorService: 	>>> actuating h/w BATCH 0x00000552 200000000 0
07-29 15:26:23.300  3519  5382 W SensorService: SensorEventConnection sensor handle=1362, package = com.oplus.nas.comm.event.ElevatorEvent enable
07-29 15:26:23.300  3519  5382 E SensorService: Required app com.oplus.nas.comm.event.ElevatorEvent, uid 1000, pid 5025
07-29 15:26:23.301  3447  3462 D QmiVsClient: getNecData - enter
07-29 15:26:23.301  3447  3462 E QmiVsClient: sendAsyncRequest QMI_VS_GET_NEC_DATA_REQ_MSG_V01 ret 0
07-29 15:26:23.301  1858  1858 W android.hardware.wifi-service: No active wlan interfaces in use! Using default
07-29 15:26:23.302  1846  1846 I sensors-hal: batch:153, qti.sensor.elevator_detect/1362, period=200000000, max_latency=0
07-29 15:26:23.302  1846  1846 I sensors-hal: batch:175, qti.sensor.elevator_detect/1362, period=200000000, max_latency=0 request completed
07-29 15:26:23.302  3519  5210 D SensorService: Calling activate on 1362
07-29 15:26:23.303  3519  5210 D SensorService: SensorDevice::activate: ident=0xb400007906c76300, handle=0x00000552, enabled=1, count=1
07-29 15:26:23.303  3519  5210 D SensorService: enable index=0
07-29 15:26:23.303  3519  5210 D SensorService: info.numActiveClients() = 1, info.isActive = 0
07-29 15:26:23.303  3519  5210 D SensorService: activateHardware = 1
07-29 15:26:23.303  3519  5210 D SensorService: 	>>> actuating h/w activate handle=1362 enabled=1
07-29 15:26:23.303  1846  1846 I sensors-hal: activate:112, qti.sensor.elevator_detect/1362 en=1
07-29 15:26:23.303  1846  1846 I sensors-hal: acquire_qsh_interface:131, acquire_qsh_interface with sensor_id 28 , conn_type 2 
07-29 15:26:23.303  3519  4532 D OplusWifiConcurrentManager: isConcurrentCombinationAllowed : createMode= 0, requestType =-1
07-29 15:26:23.303  3447  3965 D QmiVsClient: getNecData callback - enter
07-29 15:26:23.303  3447  3462 D VsProxy : handleMessage msg is 4001
07-29 15:26:23.303  3447  3462 D RadioProxy: getNecData : response cb for instance 0
07-29 15:26:23.303  1822  1875 E minksocket: MinkIPC ERROR: ( 1822:1875 ) MinkIPC_preProcess:272 Client down, but cannot find corresponding minksession
07-29 15:26:23.304  4883  4883 D RowAnimatorExtImpl: init:tx,view:StatusBarIconView(slot='volume' alpha=1.0 icon=StatusBarIcon(icon=Icon(typ=RESOURCE pkg=com.android.systemui id=0x7f0818f0) visible user=0 ) visibleState=ICON iconColor=#ccffffff staticDrawableColor=#ccffffff decorColor=#ffffffff animationStartColor=#0 currentSetColor=#ccffffff notification=null),translationX:  9.0  0.0  
07-29 15:26:23.304  1822  1894 E minksocket: MinkIPC ERROR: ( 1822:1894 ) MinkIPC_preProcess:272 Client down, but cannot find corresponding minksession
07-29 15:26:23.304  4883  4883 D RowAnimatorExtImpl: init:tx,view:StatusBarIconView(slot='zen' alpha=1.0 icon=StatusBarIcon(icon=Icon(typ=RESOURCE pkg=com.android.systemui id=0x7f0818e1) visible user=0 ) visibleState=ICON iconColor=#ccffffff staticDrawableColor=#ccffffff decorColor=#ffffffff animationStartColor=#0 currentSetColor=#ccffffff notification=null),translationX:  57.0  48.0  
07-29 15:26:23.304  4883  4883 D RowAnimatorExtImpl: init:tx,view:StatusBarIconView(slot='volume' alpha=1.0 icon=StatusBarIcon(icon=Icon(typ=RESOURCE pkg=com.android.systemui id=0x7f0818f0) visible user=0 ) visibleState=ICON iconColor=#ccffffff staticDrawableColor=#ccffffff decorColor=#ffffffff animationStartColor=#0 currentSetColor=#ccffffff notification=null),translationX:  9.0  0.0  
07-29 15:26:23.304  4883  4883 D RowAnimatorExtImpl: init:tx,view:StatusBarIconView(slot='zen' alpha=1.0 icon=StatusBarIcon(icon=Icon(typ=RESOURCE pkg=com.android.systemui id=0x7f0818e1) visible user=0 ) visibleState=ICON iconColor=#ccffffff staticDrawableColor=#ccffffff decorColor=#ffffffff animationStartColor=#0 currentSetColor=#ccffffff notification=null),translationX:  57.0  48.0  
07-29 15:26:23.304  4883  4883 D RowAnimatorExtImpl: init:tx,view:StatusBarIconView(slot='volume' alpha=1.0 icon=StatusBarIcon(icon=Icon(typ=RESOURCE pkg=com.android.systemui id=0x7f0818f0) visible user=0 ) visibleState=ICON iconColor=#ccffffff staticDrawableColor=#ccffffff decorColor=#ffffffff animationStartColor=#0 currentSetColor=#ccffffff notification=null),translationX:  9.0  0.0  
07-29 15:26:23.304  4883  4883 D RowAnimatorExtImpl: init:tx,view:StatusBarIconView(slot='zen' alpha=1.0 icon=StatusBarIcon(icon=Icon(typ=RESOURCE pkg=com.android.systemui id=0x7f0818e1) visible user=0 ) visibleState=ICON iconColor=#ccffffff staticDrawableColor=#ccffffff decorColor=#ffffffff animationStartColor=#0 currentSetColor=#ccffffff notification=null),translationX:  57.0  48.0  
07-29 15:26:23.305  3519  4532 I HalDevMgr: currentModeId=3, requestModeId=3, currentModeIdValid=true
07-29 15:26:23.305  5209  5307 D RadioProxyJ: [PHONE0][96]< getNecDataResponse ******
07-29 15:26:23.305  5209  5209 D MessengerResponseHandler: handleMessage Response msgid 206
07-29 15:26:23.305  1822  1875 E minksocket: MinkIPC ERROR: ( 1822:1875 ) MinkIPC_preProcess:272 Client down, but cannot find corresponding minksession
07-29 15:26:23.305  1822  1894 E minksocket: MinkIPC ERROR: ( 1822:1894 ) MinkIPC_preProcess:272 Client down, but cannot find corresponding minksession
07-29 15:26:23.305  1858  1858 D WifiHAL : wifi_set_interface_mode: ifname=wlan0 iface_type=0
07-29 15:26:23.305  1858  1858 I android.hardware.wifi-service: Adding interface handle for p2p0
07-29 15:26:23.305  1858  1858 I android.hardware.wifi-service: Adding interface handle for wifi-aware0
07-29 15:26:23.305  1858  1858 I android.hardware.wifi-service: Adding interface handle for wlan0
07-29 15:26:23.305  4883  5270 I SystemUi--QuickSettings: Tile.OplusCellularTile-->updateCarrierText: dialog not showing, ignore
07-29 15:26:23.305  3519  4532 D HalDevMgr: updateRttController: no one is interested in RTT controllers
07-29 15:26:23.306  3519  4532 E HalDevMgr: removeP2pAndSapCombination do nothing: mIsAddedP2pAndSapCombination = false
07-29 15:26:23.306  1822  1894 E minksocket: MinkIPC ERROR: ( 1822:1894 ) MinkIPC_preProcess:272 Client down, but cannot find corresponding minksession
07-29 15:26:23.306  4883  5270 D SimStateHelper: slot:0, lock state:Bundle[mParcelledData.dataSize=56]
07-29 15:26:23.306  1858  1921 W android.hardware.wifi-service: AIBinder_linkToDeath is being called with a non-null cookie and no onUnlink callback set. This might not be intended. AIBinder_DeathRecipient_setOnUnlinked should be called first.
07-29 15:26:23.306  1858  1921 I android.hardware.wifi-service: twtRegisterEvents is not supported-3
07-29 15:26:23.306  4883  5270 D SimStateHelper: slot:1, lock state:Bundle[mParcelledData.dataSize=56]
07-29 15:26:23.306  1822  1875 E minksocket: MinkIPC ERROR: ( 1822:1875 ) MinkIPC_preProcess:272 Client down, but cannot find corresponding minksession
07-29 15:26:23.306  4883  5270 D SimStateHelper: needDisableMenu: slot1State=-1; slot2State=-1
07-29 15:26:23.306  4883  5270 D SimStateHelper: needDisableMenu:false
07-29 15:26:23.306  1858  1921 W android.hardware.wifi-service: AIBinder_linkToDeath is being called with a non-null cookie and no onUnlink callback set. This might not be intended. AIBinder_DeathRecipient_setOnUnlinked should be called first.
07-29 15:26:23.306  1846  1846 I sensors-hal: qsh_qmi:34, qsh_qmi
07-29 15:26:23.306  1846  1846 I sensors-hal: send_sync_sensor_request:443, send sync request
07-29 15:26:23.306  1846  1846 I sensors-hal: send_sync_sensor_request:472, wait for notification of response
07-29 15:26:23.306  1858  1921 D WifiHAL : wifi_get_chip_capabilities: max mlo assoc link cnt: 2 str link cnt 2
07-29 15:26:23.307  3519  4532 D WifiNl80211Manager: Setting up interface for client mode: wlan0
07-29 15:26:23.307  2745  2745 I wificond: Current driver country code US
07-29 15:26:23.307  1822  1875 E minksocket: MinkIPC ERROR: ( 1822:1875 ) MinkIPC_preProcess:272 Client down, but cannot find corresponding minksession
07-29 15:26:23.307  1822  1894 E minksocket: MinkIPC ERROR: ( 1822:1894 ) MinkIPC_preProcess:272 Client down, but cannot find corresponding minksession
07-29 15:26:23.307  2745  2745 I wificond: createClientInterface: wiphy_index 0 iface_name wlan0
07-29 15:26:23.307  3519  4848 D WifiNl80211Manager: OnRegDomainChanged US
07-29 15:26:23.307  3519  4848 D WifiNative: onCountryCodeChanged: US
07-29 15:26:23.307  3519  4848 I WifiCountryCode: Receive onDriverCountryCodeChanged US
07-29 15:26:23.307  1846 13108 I sensors-hal: qsh_conn_resp_cb:793, resp_value = 0 for elevator_detect 
07-29 15:26:23.307  1846  1846 I sensors-hal: send_sync_sensor_request:478, takes 0 ms to receive the response with 0
07-29 15:26:23.307  2745  2745 I wificond: create scanner for interface with index: 27
07-29 15:26:23.307  2745  2745 I wificond: subscribe scan result for interface with index: 27
07-29 15:26:23.307  1846  1846 I sensors-hal: activate:131, qti.sensor.elevator_detect/1362 en=1 completed
07-29 15:26:23.307  3519  4848 D WifiScanRequestProxy: Sending scan available broadcast: true
07-29 15:26:23.307  3519  5210 D SensorService: 0xb400007906c76300 addFd fd=939
07-29 15:26:23.307  3519  4536 I WifiScanningService: Received a request to enable scanning, UID = 1000
07-29 15:26:23.308  3519  4848 I WifiScanRequestProxy: Scanning is enabled
07-29 15:26:23.308  3519  4848 I WifiScanRequestProxy: Scanning for hidden networks is disabled
07-29 15:26:23.308  5038  5038 D NhsElevatorReceiver: elevator:registerForElevatorDetect  , true mIsElevSensorReg = true
07-29 15:26:23.308  5038  5038 D NhsSceneReceiver: registerSensorMgr start
07-29 15:26:23.308  3519  5382 D SensorService: Calling batch handle==1362 flags=0rate=200000000 timeout== 0
07-29 15:26:23.308  3519  5382 D SensorService: SensorDevice::batch: ident=0xb4000079cc9714c0, handle=0x00000552, flags=0, period_ns=200000000 timeout=0
07-29 15:26:23.308  3519  5382 D SensorService: Calling activate on 1362
07-29 15:26:23.308  3519  5382 D SensorService: SensorDevice::activate: ident=0xb4000079cc9714c0, handle=0x00000552, enabled=1, count=2
07-29 15:26:23.308  3519  5382 D SensorService: enable index=1
07-29 15:26:23.308  3519  5382 D SensorService: info.numActiveClients() = 2, info.isActive = 1
07-29 15:26:23.308  3519  5382 D SensorService: activateHardware = 0
07-29 15:26:23.308  3519  5382 D SensorService: 0xb4000079cc9714c0 addFd fd=924
07-29 15:26:23.308  5038  5038 V SystemSensorManagerExtImpl: RegisterListener oplus_activity_recognition  Wakeup type:33171037 delay:200000us by t0.k$a@c2ad5b3 from com.oplus.nhs
07-29 15:26:23.308  3519  5382 D SensorService: createSensorEventConnection packageName = t0.k, opPackageName = com.oplus.nhs, mCurrentOperatingMode = 0, requestedMode = 0
07-29 15:26:23.309  5025  5783 D ElevatorEvent: elevator:registerForElevatorDetect  , true mIsElevSensorReg = true
07-29 15:26:23.309  5025  5783 D SceneEvent: registerSensorMgr start
07-29 15:26:23.309  5025  5783 D SceneEvent: registerSensorMgr already start,return
07-29 15:26:23.310  5003  5042 D QtiOemHookAidl: oemHookRawIndication length=21
07-29 15:26:23.310  2745  2745 I wificond: add channel type 0 support at wiphy index: 0
07-29 15:26:23.310  2745  2745 I wificond: add channel type 1 support at wiphy index: 0
07-29 15:26:23.310  3519  3519 D OplusWifiBroadCastDispatcher: mBroadcastReceiver: onReceiver  action=android.net.wifi.action.WIFI_SCAN_AVAILABILITY_CHANGED
07-29 15:26:23.310  7112  7112 I OsAgent : onReceive: android.net.wifi.action.WIFI_SCAN_AVAILABILITY_CHANGED
07-29 15:26:23.310  3519  5382 W SensorService: SensorEventConnection sensor handle=1372, package = t0.k enable
07-29 15:26:23.310  5003  5003 D QcrilMsgTunnelIfaceManager: handleMessage what = 0
07-29 15:26:23.310  3519  5382 E SensorService: Required app t0.k, uid 1001, pid 5038
07-29 15:26:23.310  3519  5382 D SensorService: enable sensor send lastEvent 1372
07-29 15:26:23.310  3519  4645 D OplusWifiPower_ConnLpmEventObsever: onReceive EXTRA_SCAN_AVAILABLE availabe = true
07-29 15:26:23.310  3519  4645 D OplusWifiPowerService: onReceive action:android.net.wifi.action.WIFI_SCAN_AVAILABILITY_CHANGED
07-29 15:26:23.310  7112  8111 I OsAgent : updateWiFiScanAvailState, scanAvailable: true
07-29 15:26:23.311  7112  8111 D OsAgentAidlClient: [bool_dataitem_update][1570] [HC] =>> [HS]
07-29 15:26:23.311  3519  4645 D OplusWifiSwitchStateMonitor: scan settings change to true
07-29 15:26:23.311  3519  5382 D SensorService: Calling batch handle==1372 flags=0rate=200000000 timeout== 0
07-29 15:26:23.311  3519  5382 D SensorService: SensorDevice::batch: ident=0xb400007906c77640, handle=0x0000055c, flags=0, period_ns=200000000 timeout=0
07-29 15:26:23.311  3519  5382 D SensorService: Calling activate on 1372
07-29 15:26:23.311  3519  5382 D SensorService: SensorDevice::activate: ident=0xb400007906c77640, handle=0x0000055c, enabled=1, count=4
07-29 15:26:23.311  3519  5382 D SensorService: enable index=0
07-29 15:26:23.311  3519  5382 D SensorService: info.numActiveClients() = 4, info.isActive = 1
07-29 15:26:23.311  3519  5382 D SensorService: activateHardware = 0
07-29 15:26:23.311  3519  5382 D SensorService: 0xb400007906c77640 addFd fd=938
07-29 15:26:23.311  3519  4532 I WifiNative: Interface state changed on Iface:{Name=wlan0,Id=1,Type=STA_SCAN}, isUp=true
07-29 15:26:23.311  5038  5038 D NhsSceneReceiver: sensor name is oplus_activity_recognition  Wakeup, registerState:true
07-29 15:26:23.311  1858  1921 I WifiHAL : mpdu_size_threshold : 128, aggressive_statistics_gathering : 0
07-29 15:26:23.311  3519  4532 I WifiNative: Successfully setup Iface:{Name=wlan0,Id=1,Type=STA_SCAN}
07-29 15:26:23.311  1846  6418 I sensors-hal: qsh_conn_event_cb:756, event[0] msg_id=1025, ts=1216476842, sensor_type = oplus_activity_recognition  Wakeup
07-29 15:26:23.311  1846  6418 E sensors-hal: handle_sns_std_sensor_event:72, oplus_activity_recognition output: count: 1.000000, index: 1.000000, incar_state: 0.000000, actvity_mode: 3.000000, delta_time: 0.000000 !
07-29 15:26:23.311  3519  4532 E SupplicantStaIfaceHalAidlImpl: Can't call getKeyMgmtCapabilities, ISupplicantStaIface is null for iface=wlan0
07-29 15:26:23.311  1839  1901 I LocSvc_SystemStatusOsObserver: sendCachedDataItems:471] DataItem: IS_WIFI_HARDWARE_ON: true >> Wiper
07-29 15:26:23.312  5003  5003 D QC_RIL_OEM_HOOK: Received Broadcast Intent ACTION_UNSOL_RESPONSE_OEM_HOOK_RAW
07-29 15:26:23.312  1839  1922 I LocSvc_api_v02: ---> locClientSendReq line 2409 QMI_LOC_NOTIFY_WIFI_ENABLED_STATUS_REQ_V02
07-29 15:26:23.312  5038  5038 D NhsSceneReceiver: onAccuracyChanged
07-29 15:26:23.312  5025  5555 D SceneEvent: onSensorChanged: name = oplus_activity_recognition  Wakeup
07-29 15:26:23.312  5038  5411 D NhsSceneReceiver: onSensorChanged: name = oplus_activity_recognition  Wakeup
07-29 15:26:23.312  5038  5038 E NhsAppRILMsger: EVENT_REQ_EVENT_DONE Error received :com.android.internal.telephony.CommandException: RADIO_NOT_AVAILABLE
07-29 15:26:23.312  5038  5411 D NhsSceneReceiver: enter still_state
07-29 15:26:23.312  5038  5411 D NhsSceneReceiver: onSensorChanged: name = oplus_activity_recognition  Wakeup
07-29 15:26:23.313  1839  4035 I LocSvc_ApiV02: <--- globalRespCb line 282 QMI_LOC_NOTIFY_WIFI_ENABLED_STATUS_REQ_V02
07-29 15:26:23.313  4965  4965 D QC_RIL_OEM_HOOK: Received Broadcast Intent ACTION_UNSOL_RESPONSE_OEM_HOOK_RAW
07-29 15:26:23.313  4965  4965 D QC_RIL_OEM_HOOK: Received Broadcast Intent ACTION_UNSOL_RESPONSE_OEM_HOOK_RAW
07-29 15:26:23.313  4965  4965 D QC_RIL_OEM_HOOK: Received Broadcast Intent ACTION_UNSOL_RESPONSE_OEM_HOOK_RAW
07-29 15:26:23.313  1858  1858 I WifiHAL : wifi_get_supported_radio_combinations_matrix: enter
07-29 15:26:23.313  1858  1858 I WifiHAL : wifi_parse_radio_combinations_matrix: radio_combinations[1]: num_radio_configurations 1
07-29 15:26:23.313  1858  1858 I WifiHAL : wifi_parse_radio_combinations_matrix: radio_combinations[2]: num_radio_configurations 1
07-29 15:26:23.313  1858  1858 I WifiHAL : wifi_parse_radio_combinations_matrix: radio_combinations[3]: num_radio_configurations 1
07-29 15:26:23.313  1858  1858 I WifiHAL : wifi_parse_radio_combinations_matrix: radio_combinations[4]: num_radio_configurations 2
07-29 15:26:23.313  1858  1858 I WifiHAL : wifi_parse_radio_combinations_matrix: radio_combinations[5]: num_radio_configurations 2
07-29 15:26:23.313  1858  1858 I WifiHAL : wifi_parse_radio_combinations_matrix: radio_combinations[6]: num_radio_configurations 2
07-29 15:26:23.313  1858  1858 I WifiHAL : wifi_parse_radio_combinations_matrix: num_radio_combinations 6, radio_matrix_size 100
07-29 15:26:23.313  3519  4532 E SupplicantStaIfaceHalAidlImpl: Can't call getWpaDriverCapabilities, ISupplicantStaIface is null for iface=wlan0
07-29 15:26:23.313  3519  4532 E WifiStaIfaceAidlImpl: getTwtCapabilities failed with service-specific exception: android.os.ServiceSpecificException:  (code 4)
07-29 15:26:23.314  3519  4532 E WifiChipAidlImpl: enableStaChannelForPeerNetwork failed with service-specific exception: android.os.ServiceSpecificException:  (code 4)
07-29 15:26:23.314  3519  4532 D WifiNative: setWifiNativeInterfaceEventCallback
07-29 15:26:23.314  3519  4532 D WifiClientModeManager[59066:wlan0]: entering StartedState
07-29 15:26:23.314  3519  4532 D WifiClientModeManager[59066:wlan0]: entering ScanOnlyModeState
07-29 15:26:23.314  3519  4532 D WifiScanRequestProxy: Sending scan available broadcast: true
07-29 15:26:23.314  1858  1858 E WifiHAL : wifi_get_gscan_capabilities: GSCAN is not supported by driver
07-29 15:26:23.314  3519  4532 I WifiScanRequestProxy: Scanning is enabled
07-29 15:26:23.314  3519  4532 I WifiScanRequestProxy: Scanning for hidden networks is disabled
07-29 15:26:23.314  3519  4536 E WifiStaIfaceAidlImpl: getBackgroundScanCapabilities failed with service-specific exception: android.os.ServiceSpecificException:  (code 4)
07-29 15:26:23.315  1858  1921 D WifiHAL : wifi_multi_sta_set_use_case: 0
07-29 15:26:23.315  3519  3519 D OplusWifiBroadCastDispatcher: mBroadcastReceiver: onReceiver  action=android.net.wifi.action.WIFI_SCAN_AVAILABILITY_CHANGED
07-29 15:26:23.315  3519  4532 D WifiCountryCode: evaluateAllCmmStateAndApplyIfAllReady: {ConcreteClientModeManager{id=59066 iface=wlan0 role=ROLE_CLIENT_SCAN_ONLY}=true}
07-29 15:26:23.315  3519  4645 D OplusWifiPower_ConnLpmEventObsever: onReceive EXTRA_SCAN_AVAILABLE availabe = true
07-29 15:26:23.315  3519  4532 D WifiCountryCode: Reading country code from telephony
07-29 15:26:23.315  3519  4645 D OplusWifiPowerService: onReceive action:android.net.wifi.action.WIFI_SCAN_AVAILABILITY_CHANGED
07-29 15:26:23.315  3519  4645 D OplusWifiSwitchStateMonitor: scan settings change to true
07-29 15:26:23.315  3519  4532 D WifiCountryCode: Set telephony country code to: 
07-29 15:26:23.315  3519  4532 D WifiCountryCode: updateCountryCode to US
07-29 15:26:23.315  3519  4532 D WifiCountryCode: setCountryCodeNative: US, isClientModeOnly: true mDriverCountryCode: US
07-29 15:26:23.315  7112  7112 I OsAgent : onReceive: android.net.wifi.action.WIFI_SCAN_AVAILABILITY_CHANGED
07-29 15:26:23.316  7112  8111 I OsAgent : updateWiFiScanAvailState, scanAvailable: true
07-29 15:26:23.317  3519  4536 I WifiScanningService: Created a new impl for wlan0
07-29 15:26:23.317  3519  4536 I WifiScanningService: Received a request to enable scanning, UID = 1000
07-29 15:26:23.317  3519  4536 I WifiScanningService: scanner impls already exists
07-29 15:26:23.317  3519  4536 I WifiScanningService: wifi driver loaded with scan capabilities: max buckets=16
07-29 15:26:23.317  3519  4536 E WifiScanningService: wifi driver loaded received while already loaded
07-29 15:26:23.318  3519  4848 W BestClock: java.time.DateTimeException: Missing network time fix
07-29 15:26:23.319  1718  1765 E TetherController: property_get sys.radio.data.modem_share_flag return 0, 1!
07-29 15:26:23.320  5152  6180 D IWlanJni: getDataRegistrationState start
07-29 15:26:23.320  4965  4965 D OplusTelephonyController: onSignalStrengthChanged: SignalStrength=SignalStrength:{mCdma=CellSignalStrengthCdma: cdmaDbm=2147483647 cdmaEcio=2147483647 evdoDbm=2147483647 evdoEcio=2147483647 evdoSnr=2147483647 level=0,mGsm=CellSignalStrengthGsm: rssi=2147483647 ber=2147483647 mTa=2147483647 mLevel=0,mWcdma=CellSignalStrengthWcdma: ss=2147483647 ber=2147483647 rscp=2147483647 ecno=2147483647 level=0,mTdscdma=CellSignalStrengthTdscdma: rssi=2147483647 ber=2147483647 rscp=2147483647 level=0,mLte=CellSignalStrengthLte: rssi=2147483647 rsrp=2147483647 rsrq=2147483647 rssnr=2147483647 cqiTableIndex=2147483647 cqi=2147483647 ta=2147483647 level=0 parametersUseForLevel=0,mNr=CellSignalStrengthNr:{ csiRsrp = 2147483647 csiRsrq = 2147483647 csiCqiTableIndex = 2147483647 csiCqiReport = [] ssRsrp = 2147483647 ssRsrq = 2147483647 ssSinr = 2147483647 level = 0 parametersUseForLevel = 0 timingAdvance = 2147483647 },primary=CellSignalStrengthLte}
07-29 15:26:23.320  3519  5215 I OplusBinderProxy: pb uid: 10215 pid: 11012 desc: com.android.internal.telephony.IPhoneStateListener/10
07-29 15:26:23.320  3519  4848 W BestClock: java.time.DateTimeException: Missing network time fix
07-29 15:26:23.320  5152  6212 D IWlanJni: new aidl event arrived
07-29 15:26:23.320  5152  6180 D IWlanJni: getDataRegistrationState start
07-29 15:26:23.320  5152  6212 D IWlanJni: handleEvent 10
07-29 15:26:23.320  5152  6212 D IWlanJni: isThreadAttached start
07-29 15:26:23.320  5152  6212 D IWlanJni: jni detached
07-29 15:26:23.321  5152  6212 D IWlanJni: jni attached
07-29 15:26:23.321  5152  6212 D IWlanJni: getDataRegistrationStateResponse start
07-29 15:26:23.321  5152  6212 D IWlanJni: getJavaCallbackClass start
07-29 15:26:23.321  5152  6212 D IWlanJni: getJavaCallbackClass End midIs[1]
07-29 15:26:23.321  5152  6212 I IWlanAidlClient: getDataRegistrationStateResponse called
07-29 15:26:23.321  5152  6207 D IWlanJni: new aidl event arrived
07-29 15:26:23.321  5152  6207 D IWlanJni: handleEvent 10
07-29 15:26:23.321  5152  6207 D IWlanJni: isThreadAttached start
07-29 15:26:23.321  5152  6207 D IWlanJni: jni detached
07-29 15:26:23.321  5152  6207 D IWlanJni: jni attached
07-29 15:26:23.321  5152  6207 D IWlanJni: getDataRegistrationStateResponse start
07-29 15:26:23.321  5152  6207 D IWlanJni: getJavaCallbackClass start
07-29 15:26:23.321  5152  6207 D IWlanJni: getJavaCallbackClass End midIs[1]
07-29 15:26:23.321  5152  6207 I IWlanAidlClient: getDataRegistrationStateResponse called
07-29 15:26:23.321  5152  6206 W IWlanNetworkService: 7 > Response Processed
07-29 15:26:23.321  5209  5209 D SubsysEventListenerManager-SubsysTelephonyCallback[0]: onSignalStrengthsChanged
07-29 15:26:23.322  5152  6210 W IWlanNetworkService: 6 > Response Processed
07-29 15:26:23.322  1839  3691 E LOCRIL_SESSION: operator():200] SubId: 1 Failed to get sim IO with error: 11
07-29 15:26:23.322  1839  3691 E LOCRIL_SESSION: operator():200] SubId: 1 Failed to get sim IO with error: 11
07-29 15:26:23.323  3519  5215 W BestClock: java.time.DateTimeException: Missing network time fix
07-29 15:26:23.324  5209  5307 D VendorTelephonyService: onTelephonyEventReport slotId =0 eventId=6030
07-29 15:26:23.324  5209  5307 D VendorTelephonyService: onTelephonyEventReport slotId =0 eventId=6030
07-29 15:26:23.324  5209  5209 D VendorCallService: notityEventUpdate, eventId:6030, slotId = 0
07-29 15:26:23.324  5025  6225 D SaDataService: onTelephonyEventReport , subId= 0,slotId=-1 eventId=6030
07-29 15:26:23.324  5025  6225 D TelephonyImpl: notify eventId:6030 for list size:2
07-29 15:26:23.324  1839  3691 E LOCRIL_SESSION: operator():241] SubId: 1 Failed to get sim IMSI with error: 11
07-29 15:26:23.325  1839  3691 E LOCRIL_SESSION: operator():241] SubId: 1 Failed to get sim IMSI with error: 11
07-29 15:26:23.325  1839  3689 W LOCRIL_SESSION: operator():307] cellInfo list size is 0, Voice state: 3, data state: 3
07-29 15:26:23.326  5152  6180 D IWlanJni: getDataRegistrationState start
07-29 15:26:23.326  3519  5382 W BestClock: java.time.DateTimeException: Missing network time fix
07-29 15:26:23.327  5025  5758 W BestClock: java.time.DateTimeException: Missing network time fix
07-29 15:26:23.327  5152  6207 D IWlanJni: new aidl event arrived
07-29 15:26:23.327  5025  5758 V MonthTrafficAlert: getWarningNotification subId:1 numWarningNotificaion:0
07-29 15:26:23.327  5152  6207 D IWlanJni: handleEvent 10
07-29 15:26:23.327  5152  6207 D IWlanJni: isThreadAttached start
07-29 15:26:23.327  5152  6207 D IWlanJni: jni detached
07-29 15:26:23.327  5152  6207 D IWlanJni: jni attached
07-29 15:26:23.327  5152  6207 D IWlanJni: getDataRegistrationStateResponse start
07-29 15:26:23.327  5152  6207 D IWlanJni: getJavaCallbackClass start
07-29 15:26:23.327  5152  6207 D IWlanJni: getJavaCallbackClass End midIs[1]
07-29 15:26:23.327  5152  6207 I IWlanAidlClient: getDataRegistrationStateResponse called
07-29 15:26:23.327  5209  5307 D VendorTelephonyService: onTelephonyEventReport slotId =0 eventId=6030
07-29 15:26:23.327  5209  5307 D VendorTelephonyService: onTelephonyEventReport slotId =0 eventId=6030
07-29 15:26:23.327  5209  5209 D VendorCallService: notityEventUpdate, eventId:6030, slotId = 0
07-29 15:26:23.327  5025  6225 D SaDataService: onTelephonyEventReport , subId= 0,slotId=-1 eventId=6030
07-29 15:26:23.327  5003  5042 D QtiOemHookAidl: oemHookRawIndication length=24
07-29 15:26:23.327  5025  6225 D TelephonyImpl: notify eventId:6030 for list size:2
07-29 15:26:23.327  5003  5003 D QcrilMsgTunnelIfaceManager: handleMessage what = 0
07-29 15:26:23.328  5152  6180 D IWlanJni: getDataRegistrationState start
07-29 15:26:23.328  5003  5191 D QtiOemHookAidl: oemHookRawIndication length=24
07-29 15:26:23.328  5003  5003 D QcrilMsgTunnelIfaceManager: handleMessage what = 0
07-29 15:26:23.328  5152  6206 W IWlanNetworkService: 8 > Response Processed
07-29 15:26:23.329  4883  5744 V OplusCustomizeCacheManager: queryCache name: sys.cache.common_customize_cache18014 param: null
07-29 15:26:23.329  4883  5744 V OplusCustomizeCacheManager: queryCache name: sys.cache.common_customize_cache18017 param: Bundle[{SETTING=BLOCK, BUSINESS=NCT-DATA}]
07-29 15:26:23.329  4883  5744 V OplusCustomizeCacheManager: queryCache name: sys.cache.common_customize_cache18013 param: null
07-29 15:26:23.330  5152  6180 D IWlanJni: getDataRegistrationState start
07-29 15:26:23.330  5003  5003 D QC_RIL_OEM_HOOK: Received Broadcast Intent ACTION_UNSOL_RESPONSE_OEM_HOOK_RAW
07-29 15:26:23.330  5003  5003 D QC_RIL_OEM_HOOK: Received Broadcast Intent ACTION_UNSOL_RESPONSE_OEM_HOOK_RAW
07-29 15:26:23.330  5003  5003 D DeviceStatisticsService: onReceive: action= org.codeaurora.intent.action.RADIO_POWER_STATE
07-29 15:26:23.330  5003  5003 I DeviceStatisticsService: Receiving radio_power_state_changed, mIsDeviceInfoInitialized = true
07-29 15:26:23.330  5003  5003 I DeviceStatisticsService: radio power state changed to 1 for slot: 1
07-29 15:26:23.330  5152  6212 D IWlanJni: new aidl event arrived
07-29 15:26:23.330  5152  6212 D IWlanJni: handleEvent 10
07-29 15:26:23.330  5152  6212 D IWlanJni: isThreadAttached start
07-29 15:26:23.330  5152  6212 D IWlanJni: jni detached
07-29 15:26:23.330  5152  6212 D IWlanJni: jni attached
07-29 15:26:23.331  5116  7124 I QImsService: ImsRadioIndicationAidl : onRadioStateChanged()[SUB0]
07-29 15:26:23.331  5116  7124 I QImsService: ImsSenderRxr : [UNSL]< UNSOL_RADIO_STATE_CHANGED RADIO_ON[SUB0]
07-29 15:26:23.331  2015  2015 E PowerMonitorService: Failed to open /proc/horae_qmi (2): No such file or directory
07-29 15:26:23.331  5116  5671 I QImsService: ImsRadioIndicationAidl : onRadioStateChanged()[SUB1]
07-29 15:26:23.331  5116  5671 I QImsService: ImsSenderRxr : [UNSL]< UNSOL_RADIO_STATE_CHANGED RADIO_ON[SUB1]
07-29 15:26:23.331  5152  6212 D IWlanJni: getDataRegistrationStateResponse start
07-29 15:26:23.331  5152  6212 D IWlanJni: getJavaCallbackClass start
07-29 15:26:23.331  5152  6212 D IWlanJni: getJavaCallbackClass End midIs[1]
07-29 15:26:23.331  5152  6212 I IWlanAidlClient: getDataRegistrationStateResponse called
07-29 15:26:23.332  5152  6210 W IWlanNetworkService: 9 > Response Processed
07-29 15:26:23.332  5152  6212 D IWlanJni: new aidl event arrived
07-29 15:26:23.332  5152  6212 D IWlanJni: handleEvent 10
07-29 15:26:23.332  5152  6212 D IWlanJni: isThreadAttached start
07-29 15:26:23.332  5152  6212 D IWlanJni: jni detached
07-29 15:26:23.332  5152  6212 D IWlanJni: jni attached
07-29 15:26:23.332  5152  6212 D IWlanJni: getDataRegistrationStateResponse start
07-29 15:26:23.332  5152  6212 D IWlanJni: getJavaCallbackClass start
07-29 15:26:23.332  5152  6212 D IWlanJni: getJavaCallbackClass End midIs[1]
07-29 15:26:23.332  5152  6212 I IWlanAidlClient: getDataRegistrationStateResponse called
07-29 15:26:23.332  5152  6210 W IWlanNetworkService: 10 > Response Processed
07-29 15:26:23.334  3519  5163 W BestClock: java.time.DateTimeException: Missing network time fix
07-29 15:26:23.334  1839  3691 E LOCRIL_SESSION: operator():200] SubId: 1 Failed to get sim IO with error: 11
07-29 15:26:23.335  3519  5382 W BestClock: java.time.DateTimeException: Missing network time fix
07-29 15:26:23.335  1839  3689 W LOCRIL_SESSION: operator():307] cellInfo list size is 0, Voice state: 3, data state: 3
07-29 15:26:23.335  2745  2745 I wificond: Regulatory domain changed to country: US on wiphy_index: 0
07-29 15:26:23.335  2745  2745 I wificond: UpdateBandInfo
07-29 15:26:23.335  4883  5744 V OplusCustomizeCacheManager: queryCache name: sys.cache.common_customize_cache18014 param: null
07-29 15:26:23.335  3519  5382 D WifiNl80211Manager: OnRegDomainChanged US
07-29 15:26:23.335  4883  5744 V OplusCustomizeCacheManager: queryCache name: sys.cache.common_customize_cache18017 param: Bundle[{SETTING=BLOCK, BUSINESS=NCT-DATA}]
07-29 15:26:23.335  4883  5744 V OplusCustomizeCacheManager: queryCache name: sys.cache.common_customize_cache18013 param: null
07-29 15:26:23.335  3519  5382 D WifiNative: onCountryCodeChanged: US
07-29 15:26:23.335  3519  5382 I WifiCountryCode: Receive onDriverCountryCodeChanged US
07-29 15:26:23.335  3519  5382 D WifiScanRequestProxy: Sending scan available broadcast: true
07-29 15:26:23.336  2745  2745 I wificond: 2.4Ghz frequencies: 2412 2417 2422 2427 2432 2437 2442 2447 2452 2457 2462
07-29 15:26:23.336  2745  2745 I wificond: 5Ghz non-DFS frequencies: 5180 5200 5220 5240 5745 5765 5785 5805 5825
07-29 15:26:23.336  2745  2745 I wificond: 5Ghz DFS frequencies: 5260 5280 5300 5320 5500 5520 5540 5560 5580 5600 5620 5640 5660 5680 5700
07-29 15:26:23.336  2745  2745 I wificond: 6Ghz frequencies:
07-29 15:26:23.336  2745  2745 I wificond: 60Ghz frequencies:
07-29 15:26:23.335  1839  3691 E LOCRIL_SESSION: operator():241] SubId: 1 Failed to get sim IMSI with error: 11
07-29 15:26:23.336  3519  4536 I WifiScanningService: Received a request to enable scanning, UID = 1000
07-29 15:26:23.336  3519  4536 I WifiScanningService: scanner impls already exists
07-29 15:26:23.336  3519  3519 D OplusWifiBroadCastDispatcher: mBroadcastReceiver: onReceiver  action=android.net.wifi.action.WIFI_SCAN_AVAILABILITY_CHANGED
07-29 15:26:23.336  3519  5382 I WifiScanRequestProxy: Scanning is enabled
07-29 15:26:23.336  3519  5382 I WifiScanRequestProxy: Scanning for hidden networks is disabled
07-29 15:26:23.336  3519  4536 E WifiScanningService: wifi driver loaded received while already loaded
07-29 15:26:23.336  3519  4645 D OplusWifiPower_ConnLpmEventObsever: onReceive EXTRA_SCAN_AVAILABLE availabe = true
07-29 15:26:23.336  7112  7112 I OsAgent : onReceive: android.net.wifi.action.WIFI_SCAN_AVAILABILITY_CHANGED
07-29 15:26:23.336  3519  4645 D OplusWifiPowerService: onReceive action:android.net.wifi.action.WIFI_SCAN_AVAILABILITY_CHANGED
07-29 15:26:23.337  3519  4645 D OplusWifiSwitchStateMonitor: scan settings change to true
07-29 15:26:23.337  4883  5270 I SystemUi--QuickSettings: Tile.OplusCellularTile-->updateCarrierText: dialog not showing, ignore
07-29 15:26:23.337  7112  8111 I OsAgent : updateWiFiScanAvailState, scanAvailable: true
07-29 15:26:23.337  4883  5270 D SimStateHelper: slot:0, lock state:Bundle[mParcelledData.dataSize=56]
07-29 15:26:23.338  4965  4965 D ServiceStateProvider: subId=1
07-29 15:26:23.338  4883  5270 D SimStateHelper: slot:1, lock state:Bundle[mParcelledData.dataSize=56]
07-29 15:26:23.338  4883  5270 D SimStateHelper: needDisableMenu: slot1State=-1; slot2State=-1
07-29 15:26:23.338  4883  5270 D SimStateHelper: needDisableMenu:false
07-29 15:26:23.338  3519  4848 W BestClock: java.time.DateTimeException: Missing network time fix
07-29 15:26:23.338  5025  6357 D SaDataService: onTelephonyEventReport , subId= 0,slotId=-1 eventId=6030
07-29 15:26:23.338  5025  6357 D TelephonyImpl: notify eventId:6030 for list size:2
07-29 15:26:23.338  6366  6366 I wpa_supplicant: p2p0: CTRL-EVENT-REGDOM-CHANGE init=DRIVER type=COUNTRY alpha2=US
07-29 15:26:23.338  3519  5210 W BestClock: java.time.DateTimeException: Missing network time fix
07-29 15:26:23.339  5209  5307 D VendorTelephonyService: onTelephonyEventReport slotId =0 eventId=6030
07-29 15:26:23.339  4883  5744 V OplusCustomizeCacheManager: queryCache name: sys.cache.common_customize_cache18014 param: null
07-29 15:26:23.339  4883  5744 V OplusCustomizeCacheManager: queryCache name: sys.cache.common_customize_cache18017 param: Bundle[{SETTING=BLOCK, BUSINESS=NCT-DATA}]
07-29 15:26:23.339  4883  5744 V OplusCustomizeCacheManager: queryCache name: sys.cache.common_customize_cache18013 param: null
07-29 15:26:23.339  5209  5307 D VendorTelephonyService: onTelephonyEventReport slotId =0 eventId=6030
07-29 15:26:23.339  5209  5209 D VendorCallService: notityEventUpdate, eventId:6030, slotId = 0
07-29 15:26:23.339  3519  4678 V SettingsProvider: deleteSystemSetting(OPLUS_SLA_LAST_MCC, 0)
07-29 15:26:23.339  3519  4678 D SettingsProvider: delete system settings OPLUS_****_MCC pkg is  android user id is 0
07-29 15:26:23.340  4965  4965 D QC_RIL_OEM_HOOK: Received Broadcast Intent ACTION_UNSOL_RESPONSE_OEM_HOOK_RAW
07-29 15:26:23.340  4965  4965 D QC_RIL_OEM_HOOK: Received Broadcast Intent ACTION_UNSOL_RESPONSE_OEM_HOOK_RAW
07-29 15:26:23.340  4965  4965 D QC_RIL_OEM_HOOK: Received Broadcast Intent ACTION_UNSOL_RESPONSE_OEM_HOOK_RAW
07-29 15:26:23.340  4965  4965 D QC_RIL_OEM_HOOK: Received Broadcast Intent ACTION_UNSOL_RESPONSE_OEM_HOOK_RAW
07-29 15:26:23.340  4965  4965 D QC_RIL_OEM_HOOK: Received Broadcast Intent ACTION_UNSOL_RESPONSE_OEM_HOOK_RAW
07-29 15:26:23.340  4965  4965 D QC_RIL_OEM_HOOK: Received Broadcast Intent ACTION_UNSOL_RESPONSE_OEM_HOOK_RAW
07-29 15:26:23.340  5116  5116 I QImsService: OplusPhoneStateTracker : onServiceStateChanged
07-29 15:26:23.340  4965  4965 D OplusPowerUpOptimizationImpl: onReceive: org.codeaurora.intent.action.RADIO_POWER_STATE
07-29 15:26:23.340  4965  5769 D OplusPowerUpOptimizationImpl: handleMessage what = 6
07-29 15:26:23.340  4965  5769 D OplusPowerUpOptimizationImpl: radio is available for slot: 1
07-29 15:26:23.340  4965  5769 D OplusPowerUpOptimizationImpl: trySendPhoneReady for slot: 1
07-29 15:26:23.340  4965  5769 D OplusPowerUpOptimizationImpl: Not sending ATEL ready: States: [1: {true, true, true, true}]
07-29 15:26:23.340  3519  4678 W OplusSlaManager: updateMCC curMCC empty!
07-29 15:26:23.341  5209  5209 D SubsysEventListenerManager-SubsysTelephonyCallback[0]: onServiceStateChanged
07-29 15:26:23.341  5209  5209 D ChinaRoamingControl: registTelephonyEvent onServiceStateChanged eventId:5, VoiceRegState:1, DataRegState:1
07-29 15:26:23.341  5209  5209 D QuickChangeAirplaneModeEvent: onServiceStateChanged slotId:0
07-29 15:26:23.341  5209  6150 D EfsNvDumpUnit[0]: onServiceStateChanged: voice reg state: OUT_OF_SERVICE data reg state: OUT_OF_SERVICE
07-29 15:26:23.341  5209  6150 D cellularState[0]: handleMessage: E msg.what=4
07-29 15:26:23.341  5209  6150 D cellularState[0]: processMsg: DataCallingState
07-29 15:26:23.341  5209  6150 D cellularState[0]: processMsg: NetworkAttachedState
07-29 15:26:23.341  5209  6150 D cellularState[0]: processMsg: SimReadyState
07-29 15:26:23.341  5209  6150 D cellularState[0]: processMsg: DefaultState
07-29 15:26:23.341  5209  6150 E cellularState[0]:  - unhandledMessage: msg.what=4
07-29 15:26:23.341  5209  6150 D cellularState[0]: handleMessage: X
07-29 15:26:23.341  5116  5116 I QImsService: OplusPhoneStateTracker : onServiceStateChanged
07-29 15:26:23.341  4883  5312 I SystemUi--Statusbar: MobileConnectionRepositoryImpl-->subId:1 isSoftSimCard:false slotId:0
07-29 15:26:23.342  5209  5209 D QuickChangeAirplaneModeEvent: isBothCardInService is false
07-29 15:26:23.342  5209  5209 D MsimSubModeManager: registTelephonyEvent onServiceStateChanged eventId:3, VoiceRegState:1, DataRegState:1
07-29 15:26:23.342  5025  5783 D OplusScanQrCodeRecoveryImpl: msg.what=3
07-29 15:26:23.342  5025  5783 D OplusSubWaySlowRecovery: getPreferSubId return 1
07-29 15:26:23.342  3519  5215 W BestClock: java.time.DateTimeException: Missing network time fix
07-29 15:26:23.342  5209  5209 E ExtremeCommUtils: getSwitchRusSupportMcc invalid index 1
07-29 15:26:23.342  5209  5209 D ExtremeCommUtils: isSupporCheck rusContain:false,propContain(persist.sys.oplus.support_hyper_uplink_mcc):false
07-29 15:26:23.342  5025  5766 D NAS-CallIssueDetector: onServiceStateChanged
07-29 15:26:23.342  5209  5209 D ExtremeCommService: handleServiceStateChanged mcc is null
07-29 15:26:23.342  5209  5209 D ChinaRoamingControl: handleMessage what:5
07-29 15:26:23.342  5209  5209 D MsimSubModeManager: handleMessage what:3
07-29 15:26:23.342  5209  5209 D MsimSubModeManager: getMsimSimServiceIn() i:0,mServiceState:1
07-29 15:26:23.342  5209  5209 D MsimSubModeManager: getMsimSimServiceIn() i:1,mServiceState:1
07-29 15:26:23.342  5025  5758 D OplusLinkBoostCommon: dds servicestate change
07-29 15:26:23.342  5025  5783 D SaDataFailRecovery/0: current is not in service,reset alarm
07-29 15:26:23.343  3519  3557 W BestClock: java.time.DateTimeException: Missing network time fix
07-29 15:26:23.343  4883  5744 V OplusCustomizeCacheManager: queryCache name: sys.cache.common_customize_cache18014 param: null
07-29 15:26:23.343  4883  5744 V OplusCustomizeCacheManager: queryCache name: sys.cache.common_customize_cache18017 param: Bundle[{SETTING=BLOCK, BUSINESS=NCT-DATA}]
07-29 15:26:23.343  4883  5744 V OplusCustomizeCacheManager: queryCache name: sys.cache.common_customize_cache18013 param: null
07-29 15:26:23.344  3519  5382 W ContextImpl: Calling a method in the system process without a qualified user: android.app.ContextImpl.sendBroadcastMultiplePermissions:1311 android.content.Context.sendBroadcastMultiplePermissions:2524 com.android.server.TelephonyRegistry.broadcastServiceStateChanged:3740 com.android.server.TelephonyRegistry.notifyServiceStateForPhoneId:1787 com.android.internal.telephony.ITelephonyRegistry$Stub.onTransact:546 
07-29 15:26:23.344  4965  4965 D CiWlanNotificationReceiver: ACTION_RADIO_POWER_STATE_CHANGED
07-29 15:26:23.344  3519  5382 W ContextImpl: Calling a method in the system process without a qualified user: android.app.ContextImpl.sendBroadcastMultiplePermissions:1344 com.android.server.TelephonyRegistry.broadcastServiceStateChanged:3745 com.android.server.TelephonyRegistry.notifyServiceStateForPhoneId:1787 com.android.internal.telephony.ITelephonyRegistry$Stub.onTransact:546 android.os.Binder.execTransactInternal:1523 
07-29 15:26:23.344  5152  6180 D IWlanJni: getDataRegistrationState start
07-29 15:26:23.345  5003  5003 D DeviceInfoAidlClient: onRadioPowerStateChanged
07-29 15:26:23.345  5003  5003 D DeviceInfoAidlClient: mRadioStateHdlr handleMessage()1
07-29 15:26:23.345  5003  5003 D DeviceInfoAidlClient: isRadioOn()=true
07-29 15:26:23.345  5003  5003 I DeviceInfoAidlClient: sendFeaturesSupported: power info support-true interactive state support-true
07-29 15:26:23.345  5209  5209 D SubsysEventListenerManager-SubsysTelephonyCallback[0]: onRadioPowerStateChanged state:1
07-29 15:26:23.345  3519  5382 W ContextImpl: Calling a method in the system process without a qualified user: android.app.ContextImpl.sendBroadcastMultiplePermissions:1344 com.android.server.TelephonyRegistry.broadcastServiceStateChanged:3754 com.android.server.TelephonyRegistry.notifyServiceStateForPhoneId:1787 com.android.internal.telephony.ITelephonyRegistry$Stub.onTransact:546 android.os.Binder.execTransactInternal:1523 
07-29 15:26:23.345  5025  5766 D OplusCiwlanController: [vodata] processServiceStateChanged  phoneid = 0, original roaming type = -1,roaming type = 0
07-29 15:26:23.345  5025  5766 D OplusCiwlanController: [vodata] processServiceStateChanged  phoneid = 1, original roaming type = -1,roaming type = 0
07-29 15:26:23.345  5152  6207 D IWlanJni: new aidl event arrived
07-29 15:26:23.345  5152  6207 D IWlanJni: handleEvent 10
07-29 15:26:23.345  5152  6207 D IWlanJni: isThreadAttached start
07-29 15:26:23.345  5152  6207 D IWlanJni: jni detached
07-29 15:26:23.345  5152  6207 D IWlanJni: jni attached
07-29 15:26:23.345  5152  6207 D IWlanJni: getDataRegistrationStateResponse start
07-29 15:26:23.345  5152  6207 D IWlanJni: getJavaCallbackClass start
07-29 15:26:23.345  5152  6207 D IWlanJni: getJavaCallbackClass End midIs[1]
07-29 15:26:23.345  5152  6207 I IWlanAidlClient: getDataRegistrationStateResponse called
07-29 15:26:23.345  5152  6206 W IWlanNetworkService: 11 > Response Processed
07-29 15:26:23.345  5025  5750 D T-Recommend: onPreHandleMessage 1000
07-29 15:26:23.345  5025  5750 E CellularEvent: nri null ps
07-29 15:26:23.345  5025  5750 E CellularEvent: invalid nri
07-29 15:26:23.345  5025  5750 D T-Recommend: onPostHandleMessage 1000
07-29 15:26:23.346  3519  3727 D LocationManagerService: passive provider added registration from 1000/android[CountryDetector]/EA6539AC -> Request[PASSIVE, minUpdateInterval=0, WorkSource{1000 android}] permissionLevel: 2 permitted: true
07-29 15:26:23.346  3519  5382 W ContextImpl: Calling a method in the system process without a qualified user: android.app.ContextImpl.sendBroadcastMultiplePermissions:1344 com.android.server.TelephonyRegistry.broadcastServiceStateChanged:3760 com.android.server.TelephonyRegistry.notifyServiceStateForPhoneId:1787 com.android.internal.telephony.ITelephonyRegistry$Stub.onTransact:546 android.os.Binder.execTransactInternal:1523 
07-29 15:26:23.347  5003  5042 I DeviceInfoAidlClient: onPowerInfoReportingChanged - reporting enabled true [15, 20, 30, 50, 80]
07-29 15:26:23.347  5003  5042 D DeviceInfoAidlClient: isRadioOn()=true
07-29 15:26:23.348  5003  5042 I DeviceInfoAidlClient: isPowerInfoNeverSent=true batteryLevel=100 batteryLevelIndex=5 chargingMode=2 totalCapacity=4724000 powerSaveMode=false
07-29 15:26:23.348  5003  5042 I DeviceInfoAidlClient: onDeviceInfoReportingChanged - reporting enabled true
07-29 15:26:23.348  5003  5003 D DeviceStatisticsService: onReceive: action= org.codeaurora.intent.action.RADIO_POWER_STATE
