07-28 20:26:02.027  1894  6027 I SDM     : HWDeviceDRM::UpdateMixerAttributes: Mixer WxH 1440x3168-1 for Peripheral
07-28 20:26:02.027  4822  4822 I SystemUi--QuickSettings: OplusQSRootView-->disallowChildIntercept:false
07-28 20:26:02.027  4822  4822 I SystemUi--QuickSettings: OplusQSRootViewController-->startExpandMotion event: 0, startTracking: false isClosing: false panelClosedOnDown: true
07-28 20:26:02.027  4822  4822 I SystemUi--QuickSettings: OplusQSRootViewController-->initialOffsetOnTouch: 0.0, panelClosedOnDown: true
07-28 20:26:02.027  1894  6027 I CwbService: CwbService::notifyConfigChange: display:0, config:4 size:4, sec.size():0
07-28 20:26:02.027  4822  4822 I SystemUi--QuickSettings: OplusQSRootViewController-->onTouchEvent() ACTION_DOWN, canSlideHToQSOnStatusBar:true, gestureWaitForTouchSlop:true, panelClosedOnDown:true, panelClosingOnDown:false, pointerIndex:0
07-28 20:26:02.027  1894  6027 I CwbService: CwbService::notifyConfigChange: display: 0, config = 0
07-28 20:26:02.027  1894  2871 I CasManager: Fps changed from 60 to 120
07-28 20:26:02.027  1894  2871 I CasManager: Fps changed, not change bin, so trigger gain
07-28 20:26:02.027  1894  2871 W SDM     : DemuraIntfImpl::ProcessOemPluginGain: Thermal intf_ is nullptr 0, default to 25 degree
07-28 20:26:02.027  1894  2871 I SDM     : CasQcPlugIn::ProcessPerCompGainOppo: input params, mode:PWM, fps:120, dbv:1428
07-28 20:26:02.027  1894  2871 I SDM     : CasQcPlugIn::ProcessPerCompGainOppo: normalized bright_adj:1024, dbv:1428, bin_dbv:1083, 
07-28 20:26:02.027  1894  2871 I SDM     : CasQcPlugIn::ProcessPerCompGainOppo: gains print start =====================
07-28 20:26:02.027  1894  2871 I SDM     : CasQcPlugIn::ProcessPerCompGainOppo: gain --------------------------------
07-28 20:26:02.027  1894  2871 I SDM     : CasQcPlugIn::ProcessPerCompGainOppo: old: 0 0 0 57 90 322 1201 3072
07-28 20:26:02.027  1894  2871 I SDM     : CasQcPlugIn::ProcessPerCompGainOppo: new: 0 0 0 49 77 275 1028 3072
07-28 20:26:02.027  1894  2871 I SDM     : CasQcPlugIn::ProcessPerCompGainOppo: gain --------------------------------
07-28 20:26:02.027  1894  2871 I SDM     : CasQcPlugIn::ProcessPerCompGainOppo: old: 0 0 0 64 125 373 1336 3072
07-28 20:26:02.027  1894  2871 I SDM     : CasQcPlugIn::ProcessPerCompGainOppo: new: 0 0 0 55 98 373 1336 3072
07-28 20:26:02.027  1894  2871 I SDM     : CasQcPlugIn::ProcessPerCompGainOppo: gain --------------------------------
07-28 20:26:02.027  1894  2871 I SDM     : CasQcPlugIn::ProcessPerCompGainOppo: old: 0 0 0 42 83 323 1222 3072
07-28 20:26:02.027  1894  2871 I SDM     : CasQcPlugIn::ProcessPerCompGainOppo: new: 0 0 0 36 83 323 1222 3072
07-28 20:26:02.027  1894  2871 I SDM     : CasQcPlugIn::ProcessPerCompGainOppo: gains print end =======================
07-28 20:26:02.028  3299  5375 I InputDispatcher: injectInputEvent: targetUid=<not set>, syncMode=WAIT_FOR_FINISHED, timeout=30000ms, policyFlags=0x8000000, event=MotionEvent { action=MOVE, id[0]=0, x[0]=900, y[0]=95.667, eventTime=57740000000, downTime=57730000000, deviceId=4, source=TOUCHSCREEN, displayId=0, eventId=0xf9d9385b}
07-28 20:26:02.028  3299  4808 I [UAH_CLIENT]: UahEventAcquire, cmdid:68, pkg:none, identity:OplusUAwareInputHelper
07-28 20:26:02.032  1894  2871 I SDM     : DemuraIntfImpl::StageAllData: Staged all data to Demura Driver!
07-28 20:26:02.032  1894  2871 I SDM     : HWPeripheralDRM::SetPanelFeature: Set Panel feature property 19
07-28 20:26:02.032  1894  2871 I SDM     : HWPeripheralDRM::SetPanelFeature: Set Panel feature property 7
07-28 20:26:02.032  1894  2871 I SDM     : DisplayBuiltIn::TriggerDemuraOemPlugIn: Trigger demura oem plugin success
07-28 20:26:02.033  1894  2163 I SDM     : DRMPanelFeatureMgr::ApplyDirtyFeature: Commited panel feature [enabled]: 20-272
07-28 20:26:02.033  1894  2163 I SDM     : DRMPanelFeatureMgr::ApplyDirtyFeature: Commited panel feature [enabled]: 8-271
07-28 20:26:02.037  4822  4822 I SystemUi--QuickSettings: OplusQSRootViewController-->startExpandMotion event: 2, startTracking: true isClosing: false panelClosedOnDown: true
07-28 20:26:02.037  4822  4822 I SystemUi--QuickSettings: OplusQSRootViewController-->endClosing()
07-28 20:26:02.037  4822  4822 I SystemUi--QuickSettings: QSPanelExpandFraction-->updateFraction, stiffness=500.0, finalPosition=0.31156576
07-28 20:26:02.038  3299  5375 I InputDispatcher: injectInputEvent: targetUid=<not set>, syncMode=WAIT_FOR_FINISHED, timeout=30000ms, policyFlags=0x8000000, event=MotionEvent { action=MOVE, id[0]=0, x[0]=900, y[0]=161.333, eventTime=57750000000, downTime=57730000000, deviceId=4, source=TOUCHSCREEN, displayId=0, eventId=0xf406ddd7}
07-28 20:26:02.038  3299  4436 D SystemGestures: detectSwipe: 1
07-28 20:26:02.054  4822  4822 I SystemUi--QuickSettings: OplusQSRootViewController-->setQsVisible: true rawFraction:0.019115265
07-28 20:26:02.054  3299  5375 I InputDispatcher: injectInputEvent: targetUid=<not set>, syncMode=WAIT_FOR_FINISHED, timeout=30000ms, policyFlags=0x8000000, event=MotionEvent { action=MOVE, id[0]=0, x[0]=900, y[0]=266.4, eventTime=57766000000, downTime=57730000000, deviceId=4, source=TOUCHSCREEN, displayId=0, eventId=0xcbe0d330}
07-28 20:26:02.055  4822  4822 I SystemUi--QuickSettings: OplusQSRootViewController-->setListening: true
07-28 20:26:02.055  4822  4822 I SystemUi--QuickSettings: OplusLargeTileContainerViewController-->setListening listening=true
07-28 20:26:02.055  4822  4822 I SystemUi--QuickSettings: QSBrightnessFactory-->setListening listening:true
07-28 20:26:02.055  4822  4822 I SystemUi--QuickSettings: OplusQsBrightnessSliderController-->setListening listening:true mView: com.oplus.systemui.plugins.qs.widget.OplusQsToggleSliderLayout{8b39bc3 V.E...... ......ID 558,244-737,643 #7f0a09f0 app:id/qs_brightness_slider_layout alpha=0.0 viewInfo = } value:0
07-28 20:26:02.055  4822  4822 I SystemUi--QuickSettings: OplusQsVolumeSliderController-->updateVolumeSeekBarMaxProgress: isNeedUpdate=true, maxVolumeProgress=16000, seekBarMaxProgress=1600, isInit=false
07-28 20:26:02.055  4822  4822 I SystemUi--QuickSettings: OplusQsVolumeSliderController-->updateVolumeSeekBarProgress: isNeedUpdate=true, isAllowUpdate=true, volumeLevel=0, seekBarLevel=0, initialVolumeSliderProgress=0, initialSeekBarVolumeLevel=-1, progressUpdated=false
07-28 20:26:02.055  4822  4822 I SystemUi--QuickSettings: OplusQsVolumeSliderController-->updateDisableShowVolumeDialog: isQsListening=true
07-28 20:26:02.055  4822  4822 I SystemUi--Device_Panel: OplusQSMyDeviceContainerViewController-->setListening listening: true
07-28 20:26:02.056  4822  4822 I [DevicePlugin].SysUiPluginService.(main): setListening: isListening=true, _isSeparateMode=true
07-28 20:26:02.056  4822  4822 I [DevicePlugin].FixedSeparateModelPanel.(main): onCtrCenterShow
07-28 20:26:02.056  4822  4822 I [DevicePlugin].FixedSeparateModelPanel.(main): onResume
07-28 20:26:02.056  4822  5349 D [DevicePlugin].DataInterfaceImp.(DefaultDispatcher-worker-1): safeCall, method:panel_state
07-28 20:26:02.056  4822  4822 I SystemUi--Common: NotificationShadeDepthC-->sceneFlag: 0x001, isStart = true, Current sceneFlags: 0x001
07-28 20:26:02.056  4822  4822 D NavigationBar: restrainNavigationBarInvertColor: true
07-28 20:26:02.056  4822  4822 D RegionSamplingHelper: animation scene, no need register sampling listener
07-28 20:26:02.057  4822  4822 I SystemUi--Common: OplusShadeExpansionStat-->go state: CLOSED -> OPENING
07-28 20:26:02.057  4822  4822 I SystemUi--Common: OplusShadeExpansionStat-->go state: CLOSED -> OPENING
07-28 20:26:02.057  4822  4822 I SystemUi--Notification: OplusHeadsUpNotificationViewBinder-->isVisibility: true
07-28 20:26:02.057  3299  4861 D OomAdjuster: Not killing cached processes
07-28 20:26:02.057  4822  5786 D Tile.CustomTile.OshareTileService: refreshState: tile not listening, ignore
07-28 20:26:02.057  4822  5786 D TileStateController: bindAppWhenListening: false ComponentInfo{com.coloros.oshare/com.oplus.oshare.OshareTileService}
07-28 20:26:02.057  4822  5786 I SystemUi--QuickSettings: Tile.CustomTile.OshareTileService-->bindServiceWhenListening: false when isOplusQsTile
07-28 20:26:02.057  4822  5786 D Tile.CustomTile.OshareTileService: refreshState: tile not listening, ignore
07-28 20:26:02.057  4822  4822 I SystemUi--Keyguard: ScrimControllerExImp-->blur State to UNLOCK, bouncer=false changeFromBouncerScrim= false runnerUnlock= false goingAway=false hasHandle=true isOccludeAnimationPlaying=false
07-28 20:26:02.058  4822  4822 I SystemUi--Common: PlatformBlurManagerImpl-->setPlatformBlurMode: blurMode=AUTO(blurFrequency=2)
07-28 20:26:02.058  4822  4822 I SystemUi--Common: PlatformBlurManagerImpl-->updateMotionFrequency: isExpanding=true
07-28 20:26:02.058  4822  5786 D TileStateController: setListening listening: true component: ComponentInfo{com.oplus.eyeprotect/com.oplus.eyeprotect.services.EyeProtectTileService} userContext: com.android.systemui.SystemUIApplication@9a4eed4
07-28 20:26:02.059  4822  4822 I SystemUi--Notification: OplusNotificationShadeWindowControllerExImpl-->isExpanded: isPowerBlock=false ,isErrorFpTouchWhenScreenOff=false ,qsPanelVisible=false, isAodMaskShow=false
07-28 20:26:02.059  4822  4822 I SystemUi--Notification: OplusNotificationShadeWindowControllerExImpl-->SHADE_FOCUSABLE-->mNotificationShadeFocusable= false, mPanelExpanded= false, mBouncerShowing= false, mKeyguardShowing= false, mKeyguardOccluded= false, mKeyguardNeedsInput= false, ENABLE_REMOTE_INPUT= true, mRemoteInputActive= false, layoutFlags= -2130444216
07-28 20:26:02.059  4822  5786 D Tile.CustomTile.EyeProtectTileService: refreshState: tile not listening, ignore
07-28 20:26:02.059  4822  5786 D TileStateController: bindAppWhenListening: false ComponentInfo{com.oplus.eyeprotect/com.oplus.eyeprotect.services.EyeProtectTileService}
07-28 20:26:02.059  4822  4822 I SystemUi--Notification: OplusNotificationShadeWindowControllerExImpl-->SHADE_VISIBLE-->mKeyguardShowing= false, mKeyguardOccluded= false, mPanelVisible= false, mKeyguardFadingAway= false, mKeyguardGoingAway= false, mBouncerShowing= false, mScrimsVisibility= 1, mBackgroundBlurRadius= 0, mForcePluginOpen= false, mediaBackdropShowing= false, viewVisibility= true, qsBlurFraction= 0.019115265, panelBlurFraction= 0.0
07-28 20:26:02.059  4822  5786 I SystemUi--QuickSettings: Tile.CustomTile.EyeProtectTileService-->bindServiceWhenListening: false when isOplusQsTile
07-28 20:26:02.059  4822  5786 D Tile.CustomTile.EyeProtectTileService: refreshState: tile not listening, ignore
07-28 20:26:02.059  4822  7223 D OplusTileControllerPlugin: onSettingsStateChange: 1, componentName: ComponentInfo{com.oplus.eyeprotect/com.oplus.eyeprotect.services.EyeProtectTileService}
07-28 20:26:02.060  4822  5034 D RegionSamplingHelper =:    mCompositionSamplingListener.unregister
07-28 20:26:02.060  2148  2389 I BpBinder: onLastStrongRef automatically unlinking death recipients: 
07-28 20:26:02.060  4822  5786 D Tile.CustomTile.PowerSaveTileService: refreshState: tile not listening, ignore
07-28 20:26:02.060  4822  5786 I SystemUi--QuickSettings: Tile.CustomTile.PowerSaveTileService-->bindServiceWhenListening: true as default
07-28 20:26:02.060  4822  4822 D UXUtils : notifyUiSwitched: 1
07-28 20:26:02.060  4822  5922 I SystemUi--Keyguard: OnScreenFingerprintUiMech-->hideFingerprintIconTemporarily for reason: panel expaned ShowForEnroll false mPendingHide false
07-28 20:26:02.061  4822  4822 I SystemUi--Notification: ScrimControllerExImp-->[onQsBottomVisibleChanged] qsBottomVisible=true
07-28 20:26:02.061  4822  4822 I SystemUi--Common: PlatformBlurManagerImpl-->resumeBlur: updatePlatformBlurState(updatePanelBlurState): shouldBlur, isKeyguardVisible=false, isKeyguardFadingAway=false, isPanelVisible=true, isShadeLock=false.
07-28 20:26:02.061  4822  4822 I SystemUi--Common: PlatformBlurManagerImpl-->forceStopMotionBlur: stop=false
07-28 20:26:02.061  4822  4822 I SystemUi--Keyguard: ScrimControllerExImp-->blur State to UNLOCK, bouncer=false changeFromBouncerScrim= false runnerUnlock= false goingAway=false hasHandle=true isOccludeAnimationPlaying=false
07-28 20:26:02.061  4822  5786 D TileStateController: setListening listening: true component: ComponentInfo{com.oplus.linker/com.oplus.linker.synergy.service.TVTileService} userContext: com.android.systemui.SystemUIApplication@9a4eed4
07-28 20:26:02.061  7650  8550 I mydevices[core].ProviderCallProcessor: (binder:7650_4)method: panel_state; arg: panel_resume
07-28 20:26:02.061  4822  4822 I SystemUi--Statusbar: PrivacyDotViewController-->scheduleUpdate: 
07-28 20:26:02.062  3299  4861 I VibratorManagerServiceExtImpl: cancelVibrate uid=1000, pid=3299, usageFilter=-15, token=110098825
07-28 20:26:02.062  7650  8550 I mydevices[core].ControlCenterManager: (binder:7650_4)onPanelShow
07-28 20:26:02.062  3299  3677 I UserAwareMgr: handleTopAppChanged: com.android.systemui, pid: 4822, uid: 10218
07-28 20:26:02.062  4822  4822 I SystemUi--Statusbar: PrivacyDotViewController-->needShow false
07-28 20:26:02.062  4822  4822 I SystemUi--Statusbar: PrivacyDotViewController-->scheduleUpdate: 
07-28 20:26:02.062  4822  4822 I SystemUi--Notification: OplusNotificationShadeWindowControllerExImpl-->SHADE_FOCUSABLE-->mNotificationShadeFocusable= true, mPanelExpanded= false, mBouncerShowing= false, mKeyguardShowing= false, mKeyguardOccluded= false, mKeyguardNeedsInput= false, ENABLE_REMOTE_INPUT= true, mRemoteInputActive= false, layoutFlags= -2130444216
07-28 20:26:02.062  4822  4822 I SystemUi--Notification: OplusNotificationShadeWindowControllerExImpl-->SHADE_VISIBLE-->mKeyguardShowing= false, mKeyguardOccluded= false, mPanelVisible= false, mKeyguardFadingAway= false, mKeyguardGoingAway= false, mBouncerShowing= false, mScrimsVisibility= 1, mBackgroundBlurRadius= 0, mForcePluginOpen= false, mediaBackdropShowing= false, viewVisibility= true, qsBlurFraction= 0.019115265, panelBlurFraction= 0.0
07-28 20:26:02.063  4822  5349 D [DevicePlugin].DataInterfaceImp.(DefaultDispatcher-worker-1): safeCall, method:getPanelDeviceList
07-28 20:26:02.063  4822  4822 I SystemUi--QuickSettings: BackActionInteractor-->registerBackCallback true
07-28 20:26:02.063  1683  5203 E TetherController: property_get sys.radio.data.modem_share_flag return 0, 1!
07-28 20:26:02.063  4822  5893 D UXUtils : setHasTopUi: true; stack: com.oplus.systemui.shade.OplusNotificationShadeWindowControllerExImpl$uxFlagUpdateRunnable$1.run:12
07-28 20:26:02.063  4822  4822 I SystemUi--QuickSettings: OplusSeparateQSManager-->updateSeparateQSExpandState recomputeDisableFlags
07-28 20:26:02.064  4822  4822 I SystemUi--Statusbar: CollapsedSbFragment-->New visibilities calculated internally. StatusBarVisibilityModel(showClock: false showNotificationIcons:false showOngoingActivityChip:false showSystemInfo:false ) 
07-28 20:26:02.064  4822  4822 I SystemUi--Statusbar: CollapsedStatusBarFragmentExImpl-->animate: true, unlockAnimationRunning: false, fadingAway: false, keyguard: false
07-28 20:26:02.064  7650  7672 I mydevices[core].ProviderCallProcessor: (binder:7650_2)method: getPanelDeviceList; arg: 
07-28 20:26:02.064  3299  5860 D CoreBackPreview: Window{9ad5374 u0 NotificationShade}: Setting back callback OnBackInvokedCallbackInfo{mCallback=android.window.IOnBackInvokedCallback$Stub$Proxy@bb7d9af, mPriority=0, mIsAnimationCallback=false}
07-28 20:26:02.065  7650  8543 I mydevices[core].CardsProxyManager: (DefaultDispatcher-worker-3)resume cards: [], visibleCount: 0, showPosition: 4
07-28 20:26:02.065  4822  5786 D Tile.CustomTile.TVTileService: refreshState: tile not listening, ignore
07-28 20:26:02.065  4822  4822 I SystemUi--Statusbar: CollapsedStatusBarFragmentExImpl-->StatusBarVisibilityModelEx: StatusBarVisibilityModelEx(showClock: false showPromptView:false showOngoingCallChip:false showNotificationContainer:false showOperatorName:false showSeedlingContainer:false ), animate: true
07-28 20:26:02.065  4822  5786 D TileStateController: bindAppWhenListening: false ComponentInfo{com.oplus.linker/com.oplus.linker.synergy.service.TVTileService}
07-28 20:26:02.065  7650  8543 I mydevices[core].CardsProxyManager: (DefaultDispatcher-worker-3)notify cards size : 0, code = 1
07-28 20:26:02.065  4822  5786 I SystemUi--QuickSettings: Tile.CustomTile.TVTileService-->bindServiceWhenListening: false when isOplusQsTile
07-28 20:26:02.065  4822  5786 D Tile.CustomTile.TVTileService: refreshState: tile not listening, ignore
07-28 20:26:02.065  7650  8543 I mydevices[core].CardsProxyManager: (DefaultDispatcher-worker-3)current cards is empty, no need to call the event
07-28 20:26:02.065  7650  8543 I mydevices[core].OPSynergyScannerImpl: (DefaultDispatcher-worker-3)reScan
07-28 20:26:02.065  7650  8543 D OplusLog_DeviceKit_com.heytap.mydevices: [SynergyDeviceManager-30330192] isServiceBound
07-28 20:26:02.065  7650  8543 D OplusLog_DeviceKit_com.heytap.mydevices: [OpDeviceServiceClient-30330192] isServiceBound: null
07-28 20:26:02.065  7650  8543 I mydevices[core].CoreOpDeviceAction: (DefaultDispatcher-worker-3)isServiceBind: isBind: false
07-28 20:26:02.065  7650  8543 I mydevices[core].OPSynergyScannerImpl: (DefaultDispatcher-worker-3)getOpDeviceList
07-28 20:26:02.065  7650  7672 I mydevices[core].ControlCenterManager: (binder:7650_2)response data:DeviceSpaceInfo(version=2, panelDevices=[])
07-28 20:26:02.065  4822  5786 D Tile.CustomTile.WindowsLinkTileService: refreshState: tile not listening, ignore
07-28 20:26:02.065  4822  5786 D TileStateController: bindAppWhenListening: false ComponentInfo{com.microsoft.appmanager/com.microsoft.appmanager.quicksettings.WindowsLinkTileService}
07-28 20:26:02.065  4822  5786 I SystemUi--QuickSettings: Tile.CustomTile.WindowsLinkTileService-->bindServiceWhenListening: false when isActiveTile && isTileReady
07-28 20:26:02.065  7650  7672 I mydevices[core].DeviceMainPageEvent: (binder:7650_2)uploadDeviceNumTypeName list empty
07-28 20:26:02.066  4822  7223 D OplusTileControllerPlugin: onSettingsStateChange: 1, componentName: ComponentInfo{com.oplus.linker/com.oplus.linker.synergy.service.TVTileService}
07-28 20:26:02.066  4822  4822 I SystemUi--Keyguard: KeyguardRapidUnlockUtils-->composeKeyguard show=true, reason=applyVisibility_show
07-28 20:26:02.066  7650  8543 D OplusLog_DeviceKit_com.heytap.mydevices: [SynergyDeviceManager-30330192] getDeviceList: com.heytap.mydevices.core.action.CoreOpDeviceAction$d@b156eac
07-28 20:26:02.067  4822  5187 I [UAH_CLIENT]: UahEventAcquire, cmdid:413, pkg:none, identity:OsenseHelperImpl
07-28 20:26:02.067  7650  8543 D OplusLog_DeviceKit_com.heytap.mydevices: [OpDeviceServiceClient-30330192] settings_opsynergy_has_device: 0
07-28 20:26:02.067  4822  5786 D Tile.CustomTile.WirelessReverseControService: refreshState: tile not listening, ignore
07-28 20:26:02.067  4822  5786 I SystemUi--QuickSettings: Tile.CustomTile.WirelessReverseControService-->bindServiceWhenListening: true as default
07-28 20:26:02.067  7650  8543 D OplusLog_DeviceKit_com.heytap.mydevices: [SynergyDeviceManager-30330192] getDeviceList result: com.heytap.mydevices.core.action.CoreOpDeviceAction$d@b156eac, success: true, devices: []
07-28 20:26:02.067  7650  8543 I mydevices[core].CoreOpDeviceAction: (DefaultDispatcher-worker-3)device input: []
07-28 20:26:02.067  2148  2148 D VRR-[OPlusRefreshRateSelector]: setCurrentModeId 4 type SA
07-28 20:26:02.067  2148  3032 D VRR [OTI-HW]: isStateReady 0
07-28 20:26:02.067  2148  3032 D VRR [OTI-HW]: keep rate.
07-28 20:26:02.067  7650  8543 I mydevices[core].OPSynergyScannerImpl: (DefaultDispatcher-worker-3)getOpDeviceList, onResult
07-28 20:26:02.068  4822  5786 D TileStateController: updateCurrentStateIsNotDirty component:ComponentInfo{com.oplus.eyeprotect/com.oplus.eyeprotect.services.EyeProtectTileService}
07-28 20:26:02.068  4822  5786 D TileStateController: updateCurrentStateIsNotDirty component:ComponentInfo{com.oplus.linker/com.oplus.linker.synergy.service.TVTileService}
07-28 20:26:02.068  4822  4822 I SystemUi--Keyguard: KeyguardGlideTipView-->hideTips reason=hideGlideTipImmediateWithQsExpandingOrOplusKeyguardLoadOrGotoNtfCapsule withAnimator=true delayType=2
07-28 20:26:02.068  4822  4822 I SystemUi--Keyguard: KeyguardGlideTipView-->cancelBreathAnimation-isBreathAnimationRunning=false
07-28 20:26:02.068  4822  4822 I SystemUi--Keyguard: KeyguardAffordanceTipsView-->hideTips reason=QsExpandingOrOplusKeyguardLoadOrGotoNtfCapsule withAnimator=true delayType=2
07-28 20:26:02.069  3299  3640 I DisplayDeviceRepository: Display device changed render timings: "Built-in Screen", renderFrameRate=120.00001, presentationDeadlineNanos=11333333, appVsyncOffsetNanos=1000000
07-28 20:26:02.069  3299  3640 D LogicalDisplayExt: set displayInfo flag FLAG_ROTATES_WITH_CONTENT
07-28 20:26:02.071  4822  5034 I NotificationShadeWindowController: stop Pending key thread event (apply)
07-28 20:26:02.071  4822  4822 D ViewRootImplExtImpl: wrapConfigInfoIntoFlags rotation=0, smallestScreenWidthDp=0, residentWS=false, scenario=0, bounds=Rect(0, 0 - 1080, 2376), relayoutAsync=false, flags=1, newFlags=1245708289, title=NotificationShade
07-28 20:26:02.072  3299  3640 D DisplayManagerServiceExtImpl: scheduleTraversalLocked intraversal=false
07-28 20:26:02.072  3299  3640 I DisplayManagerServiceExtImpl: handle logical display changed logicalDisplay=id=0,stack=0,content=true,displayInfo{stack=0,type=1,id=0,uId=local:4630946756802996883,state=ON,pkg=null}
07-28 20:26:02.072  3299  3640 D DisplayManagerService: Delivering display event: displayId=0, event=CHANGED
07-28 20:26:02.072  3299  3779 D BrightnessThermalClamper: Thermal status observer already started
07-28 20:26:02.072  3299  3779 D BrightnessPowerClamper: Power throttling data is missing for configuration data.
07-28 20:26:02.072  3299  5161 D WindowManagerServiceExtImpl: extractConfigInfoAndRealFlags rotation=0, screenDp=0, residentWS:0, scenario:0, bounds:2376, serverWinBounds:Rect(0, 0 - 1080, 2376), win=Window{9ad5374 u0 NotificationShade}
07-28 20:26:02.072  3299  5161 V WindowManager: Relayout Window{9ad5374 u0 NotificationShade}: viewVisibility=0, oldvis=4, req=1080x2376, vsysui=, x=0, y=0
07-28 20:26:02.072  3299  5161 I WindowManager: Window{9ad5374 u0 NotificationShade} state from NO_SURFACE to DRAW_PENDING; reason: resetDrawState
07-28 20:26:02.072  2148  2389 D OplusLayer: setProcInfo (131,NotificationShade#131,com.android.systemui,0x4578D52F)
07-28 20:26:02.073  4673  4673 D CastManagerService: onDisplayChanged.
07-28 20:26:02.073  3299  5161 D DisplayManagerService: performTraversalInternal pendingTraversal
07-28 20:26:02.073  3299  5161 D DisplayDevice: setLayerStackLocked id=local:4630946756802996883 token=android.os.BinderProxy@a99b6cf stack=0->0
07-28 20:26:02.073  3299  5161 D QuickBackInputPolicy: hasMultiChildrenInTask: false
07-28 20:26:02.073  3299  5161 D WindowManager: NFW_findFocusedWindowIfNeeded:Window{d9e598e u0 com.android.launcher/com.android.launcher.Launcher} mCurrentFocus:Window{d9e598e u0 com.android.launcher/com.android.launcher.Launcher}
07-28 20:26:02.073  7346  7346 W Battery : PowerSaveTileService: onCreate
07-28 20:26:02.074  3299  3299 E OplusGestureAnimationManagerPolicy: mScreenHeight:2376 mScreenWidth:1080 mRotation:0
07-28 20:26:02.074  4822  4822 W VRI[NotificationShade]: updateBlastSurfaceIfNeeded, surfaceSize:Point(1080, 2376), lastSurfaceSize:Point(1080, 2376), format:-3, blastBufferQueue:null
07-28 20:26:02.074  4822  4822 D BufferQueueConsumer: [](id:12d600000009,api:0,p:-1,c:4822) connect: controlledByApp=false
07-28 20:26:02.075  4822  4822 I SystemUi--Keyguard: KeyguardEngineContainer-->onConfigurationChanged, locale = en-US,zh-CN, mLastLocale= en-US,zh-CN
07-28 20:26:02.075  4822  4822 I SystemUi--Keyguard: KeyguardEngineContainer-->onConfigurationChanged. font = 0, mLastFlipFont = 0, density = 480, mDensity = 480
07-28 20:26:02.075  2122  2283 D AudioFlingerExtImpl: AudioFlingerExtImpl oplusSetParameters: keyvalue screen_state=on
07-28 20:26:02.075  2122  2283 D DeviceHalAidl: 0xb4000079cda7c200 DeviceHalAidl::setParameters
07-28 20:26:02.075  2122  2283 D DeviceHalAidl: setParameters: parameters: "screen_state=on"
07-28 20:26:02.075  4822  4822 I SystemUi--Keyguard: KeyguardPluginManager-->maybeReloadNormalKeyguard, uses default LockScreen
07-28 20:26:02.075  3299  3640 D DisplayManagerService: MSG_REQUEST_TRAVERSAL pendingCompleted=false
07-28 20:26:02.075  3299  3638 D OplusVFXScreenEffectFeature: notifySFCompatWindowStateChange entered false
07-28 20:26:02.075  3299  3638 D FSS_FoldScreenBlackCoverController: displayChangeToOn, dc:Display{#0 state=ON size=1080x2376 ROTATION_0}
07-28 20:26:02.075  2148  2389 D [PREVIEW]: SF obtain preview_adapter: 0
07-28 20:26:02.075  2148  2389 D [PREVIEW]: TabletPreviewAdapter::parallel world 0
07-28 20:26:02.076  4822  4822 E ndroid.systemui: No package ID ff found for resource ID 0xffffffff.
07-28 20:26:02.076  4822  4822 E ndroid.systemui: No package ID ff found for resource ID 0xffffffff.
07-28 20:26:02.076  4822  4822 E ndroid.systemui: No package ID ff found for resource ID 0xffffffff.
07-28 20:26:02.076  4822  4822 E ThemeUtils: View class com.oplus.systemui.keyguard.view.GeneralFontVariationTextView is an AppCompat widget that can only be used with a Theme.AppCompat theme (or descendant).
07-28 20:26:02.076  1854  2946 I PAL: ResourceManager: setParameter: 11480: Screen State:1
07-28 20:26:02.076  4822  4822 E ThemeUtils: View class com.oplus.systemui.keyguard.view.GeneralFontVariationTextView is an AppCompat widget that can only be used with a Theme.AppCompat theme (or descendant).
07-28 20:26:02.076  1985  2071 D BatteryChargeControl: bcc get no support from charging protocol
07-28 20:26:02.077  2122  2283 D DeviceHalAidl: 0xb4000079cda7c800 DeviceHalAidl::setParameters
07-28 20:26:02.077  4822  4822 I SystemUi--Keyguard: PictorialAppInfo-->isShowPictorialTipDevice true,bottomMargin=611
07-28 20:26:02.077  2122  2283 D DeviceHalAidl: setParameters: parameters: "screen_state=on"
07-28 20:26:02.077  1854  4549 D AHAL_Module: updateScreenState: usb: 1
07-28 20:26:02.077  4822  4822 I SystemUi--Keyguard: PictorialFunctionContainer-->onWallpaperChange info is null or local or engine
07-28 20:26:02.077  4822  4822 I SystemUi--Keyguard: PictorialAppInfo-->isShowPictorialTipDevice true,bottomMargin=611
07-28 20:26:02.077  2122  2283 D DeviceHalAidl: 0xb4000079cda7ce00 DeviceHalAidl::setParameters
07-28 20:26:02.077  2122  2283 D DeviceHalAidl: setParameters: parameters: "screen_state=on"
07-28 20:26:02.077  4822  4822 I SystemUi--Keyguard: PictorialAppInfo-->isShowPictorialTipDevice true,bottomMargin=611
07-28 20:26:02.077  1854  4549 D AHAL_Module: updateScreenState: r_submix: 1
07-28 20:26:02.077  2122  2283 D DeviceHalAidl: 0xb4000079cda7d400 DeviceHalAidl::setParameters
07-28 20:26:02.077  2122  2283 D DeviceHalAidl: setParameters: parameters: "screen_state=on"
07-28 20:26:02.077  1854  4549 D AHAL_Module: updateScreenState: bluetooth: 1
07-28 20:26:02.077  2122  2283 D DeviceHalAidl: 0xb4000079cda7da00 DeviceHalAidl::setParameters
07-28 20:26:02.077  2122  2283 D DeviceHalAidl: setParameters: parameters: "screen_state=on"
07-28 20:26:02.077  1854  4549 D AHAL_Module: updateScreenState: bluetooth: 1
07-28 20:26:02.077  2122  2283 D DeviceHalAidl: 0xb4000079cda7e000 DeviceHalAidl::setParameters
07-28 20:26:02.077  2122  2283 D DeviceHalAidl: setParameters: parameters: "screen_state=on"
07-28 20:26:02.077  1854  4549 D AHAL_Module: updateScreenState: stub: 1
07-28 20:26:02.077  4822  4822 I SystemUi--Notification: NotificationsQSContainerController-->onWindowConfigurationChange: splitShadeEnabled=false
07-28 20:26:02.077  4822  4822 I SystemUi--Notification: NotificationsQSContainerController-->updateResources: splitShadeEnabled=false, newSplitShadeEnabled=false
07-28 20:26:02.078  4822  5349 I [DevicePlugin].DevicePanelPresenter.(DefaultDispatcher-worker-1): response code:30001; panelInfo:PanelInfo(panelState=DEVICE_HOME, panelDevices=[]), pluginVersion: 2
07-28 20:26:02.078  4822  4822 I SystemUi--Notification: OplusQSSimpleHeader-->shouldClick: true, isInSuperPowerSaveMode: false, isInWellBeingAssistantMode: false
07-28 20:26:02.078  4822  5349 I [DevicePlugin].FixedSeparateModelPanel.(DefaultDispatcher-worker-1): onPanelInfoChanged
07-28 20:26:02.078  4822  5349 I [DevicePlugin].FixedSeparateModelPanel.(DefaultDispatcher-worker-1): updateView: panelState=DEVICE_HOME, panelDevices.size=0
07-28 20:26:02.078  4822  4822 I SystemUi--Notification: OplusQSSimpleHeader-->updateMarginTop, reason: configChange, newMarginTop: 102 currentMarginTop 102
07-28 20:26:02.078  6500  6560 E oiface  : sched_setaffinity failed
07-28 20:26:02.078  4822  6013 D Tile.CustomTile.PowerSaveTileService: refreshState: tile not listening, ignore
07-28 20:26:02.078  2009  2063 I gameoptHal: targetfps updated 6 -- 120
07-28 20:26:02.079  4822  6013 D Tile.CustomTile.WirelessReverseControService: refreshState: tile not listening, ignore
07-28 20:26:02.079  4822  4822 I SystemUi--QuickSettings: OplusQuickStatusBarHeader-->[onConfigurationChanged] updateResources end, start call listener
07-28 20:26:02.081  4822  4822 I SystemUi--QuickSettings: OplusQuickStatusBarHeader-->[onConfigurationChanged] updateResources end, start call listener
07-28 20:26:02.082  4822  4822 I SystemUi--QuickSettings: OplusQSHighlightTileViewImpl-->updateIconViewSize mTileCanTips=true
07-28 20:26:02.083  4822  4822 I SystemUi--QuickSettings: OplusQSHighlightTileViewImpl-->updateIconViewSize mTileCanTips=true
07-28 20:26:02.083  4822  4822 I SystemUi--QuickSettings: OplusQsToggleSliderTouchExt-->getRealSize point: Point(1080, 2376) realScreenWidth: 1080 realScreenHeight: 2376
07-28 20:26:02.083  4822  4822 I SystemUi--QuickSettings: OplusQsToggleSliderLayout-->updateRadius radius= 57.815125, roundParams= OplusRoundParams(radiusDp=15.2, radius=45.6, weight=1.1, isCircle=false), isDefaultVolumeTheme = true
07-28 20:26:02.083  4822  4822 I COUIVerticalSeekBar: COUIVerticalSeekBar ensureSize : mIsProgressFull:true,mBackgroundRadius:45.6,mBackgroundWidth:179.0,mBackgroundEnlargeScale1.0,mProgressRadius:45.6,mProgressWidth:179.0,mProgressEnlargeScale1.0,mPaddingVertical45.6
07-28 20:26:02.083  4822  4822 I COUIVerticalSeekBar: updateBehavior * normalSeekBarHeight = 309,mPaddingVertical = 45.6,mIsPhysicsEnable = true,mPhysicalAnimator = null,mFlingBehavior = null,Thread_name = main,hashCode = 105029755,time = 1753748762083,stackChain = com.coui.appcompat.seekbar.COUIVerticalSeekBar.updateBehavior$1:14 com.coui.appcompat.seekbar.COUIVerticalSeekBar.ensureSize$1:182 com.coui.appcompat.seekbar.COUIVerticalSeekBar.setBackgroundRadius:3 com.oplus.systemui.qs.base.seek.OplusQsBaseToggleSliderLayout.updateRadius:60 
07-28 20:26:02.083  4822  4822 I COUIVerticalSeekBar: setPaddingVertical * paddingVertical = 45.6,hashCode = 105029755,time = 1753748762083
07-28 20:26:02.083  4822  4822 I COUIVerticalSeekBar: COUIVerticalSeekBar ensureSize : mIsProgressFull:true,mBackgroundRadius:45.6,mBackgroundWidth:179.0,mBackgroundEnlargeScale1.0,mProgressRadius:45.6,mProgressWidth:179.0,mProgressEnlargeScale1.0,mPaddingVertical45.6
07-28 20:26:02.083  4822  4822 I COUIVerticalSeekBar: updateBehavior * normalSeekBarHeight = 309,mPaddingVertical = 45.6,mIsPhysicsEnable = true,mPhysicalAnimator = null,mFlingBehavior = null,Thread_name = main,hashCode = 105029755,time = 1753748762083,stackChain = com.coui.appcompat.seekbar.COUIVerticalSeekBar.updateBehavior$1:14 com.coui.appcompat.seekbar.COUIVerticalSeekBar.ensureSize$1:182 com.coui.appcompat.seekbar.COUIVerticalSeekBar.setPaddingVertical:59 com.oplus.systemui.qs.base.seek.OplusQsBaseToggleSliderLayout.updateRadius:74 
07-28 20:26:02.083  4822  4822 I SystemUi--QuickSettings: OplusQsToggleSliderTouchExt-->getRealSize point: Point(1080, 2376) realScreenWidth: 1080 realScreenHeight: 2376
07-28 20:26:02.084  4822  4822 I SystemUi--QuickSettings: OplusQsToggleSliderLayout-->updateRadius radius= 57.815125, roundParams= OplusRoundParams(radiusDp=15.2, radius=45.6, weight=1.1, isCircle=false), isDefaultVolumeTheme = true
07-28 20:26:02.084  4822  4822 I COUIVerticalSeekBar: COUIVerticalSeekBar ensureSize : mIsProgressFull:true,mBackgroundRadius:45.6,mBackgroundWidth:179.0,mBackgroundEnlargeScale1.0,mProgressRadius:45.6,mProgressWidth:179.0,mProgressEnlargeScale1.0,mPaddingVertical45.6
07-28 20:26:02.084  4822  4822 I COUIVerticalSeekBar: updateBehavior * normalSeekBarHeight = 309,mPaddingVertical = 45.6,mIsPhysicsEnable = true,mPhysicalAnimator = null,mFlingBehavior = null,Thread_name = main,hashCode = 78554099,time = 1753748762084,stackChain = com.coui.appcompat.seekbar.COUIVerticalSeekBar.updateBehavior$1:14 com.coui.appcompat.seekbar.COUIVerticalSeekBar.ensureSize$1:182 com.coui.appcompat.seekbar.COUIVerticalSeekBar.setBackgroundRadius:3 com.oplus.systemui.qs.base.seek.OplusQsBaseToggleSliderLayout.updateRadius:60 
07-28 20:26:02.084  4822  4822 I COUIVerticalSeekBar: setPaddingVertical * paddingVertical = 45.6,hashCode = 78554099,time = 1753748762084
07-28 20:26:02.084  4822  4822 I COUIVerticalSeekBar: COUIVerticalSeekBar ensureSize : mIsProgressFull:true,mBackgroundRadius:45.6,mBackgroundWidth:179.0,mBackgroundEnlargeScale1.0,mProgressRadius:45.6,mProgressWidth:179.0,mProgressEnlargeScale1.0,mPaddingVertical45.6
07-28 20:26:02.084  4822  4822 I COUIVerticalSeekBar: updateBehavior * normalSeekBarHeight = 309,mPaddingVertical = 45.6,mIsPhysicsEnable = true,mPhysicalAnimator = null,mFlingBehavior = null,Thread_name = main,hashCode = 78554099,time = 1753748762084,stackChain = com.coui.appcompat.seekbar.COUIVerticalSeekBar.updateBehavior$1:14 com.coui.appcompat.seekbar.COUIVerticalSeekBar.ensureSize$1:182 com.coui.appcompat.seekbar.COUIVerticalSeekBar.setPaddingVertical:59 com.oplus.systemui.qs.base.seek.OplusQsBaseToggleSliderLayout.updateRadius:74 
07-28 20:26:02.084  4822  4822 I [DevicePlugin].NoDeviceEntranceCardView.(main): onConfigurationChanged
07-28 20:26:02.084  4822  4822 I [DevicePlugin].PlatformUtils.(main): isLowGaussianLevel: DEBUG_LEVEL = -1, ANIM_LEVEL = 1
07-28 20:26:02.084  4822  4822 I [DevicePlugin].PlatformUtils.(main): isGlobalThemeApplied: isGlobalTheme=false
07-28 20:26:02.084  4822  4822 I [DevicePlugin].PlatformUtils.(main): isBlurEnable: enable=true
07-28 20:26:02.084  4822  4822 I [DevicePlugin].PlatformUtils.(main): isGlobalThemeApplied: isGlobalTheme=false
07-28 20:26:02.084  4822  4822 I [DevicePlugin].PlatformUtils.(main): isLightOsGaussianLevel: DEBUG_LEVEL = -1, ANIM_LEVEL = 1
07-28 20:26:02.084  4822  4822 I [DevicePlugin].PlatformUtils.(main): isLightBlurEnable: enable=false
07-28 20:26:02.084  4822  4822 I [DevicePlugin].RectangleDeviceCardView.(main): onConfigurationChanged
07-28 20:26:02.084  4822  4822 I [DevicePlugin].PlatformUtils.(main): isLowGaussianLevel: DEBUG_LEVEL = -1, ANIM_LEVEL = 1
07-28 20:26:02.084  4822  4822 I [DevicePlugin].PlatformUtils.(main): isGlobalThemeApplied: isGlobalTheme=false
07-28 20:26:02.084  4822  4822 I [DevicePlugin].PlatformUtils.(main): isBlurEnable: enable=true
07-28 20:26:02.084  4822  4822 I [DevicePlugin].PlatformUtils.(main): isGlobalThemeApplied: isGlobalTheme=false
07-28 20:26:02.084  4822  4822 I [DevicePlugin].PlatformUtils.(main): isLightOsGaussianLevel: DEBUG_LEVEL = -1, ANIM_LEVEL = 1
07-28 20:26:02.084  4822  4822 I [DevicePlugin].PlatformUtils.(main): isLightBlurEnable: enable=false
07-28 20:26:02.084  4822  4822 I [DevicePlugin].RectangleEntranceCardView.(main): onConfigurationChanged
07-28 20:26:02.084  4822  4822 I [DevicePlugin].PlatformUtils.(main): isLowGaussianLevel: DEBUG_LEVEL = -1, ANIM_LEVEL = 1
07-28 20:26:02.084  4822  4822 I [DevicePlugin].PlatformUtils.(main): isGlobalThemeApplied: isGlobalTheme=false
07-28 20:26:02.084  4822  4822 I [DevicePlugin].PlatformUtils.(main): isBlurEnable: enable=true
07-28 20:26:02.084  4822  4822 I [DevicePlugin].PlatformUtils.(main): isGlobalThemeApplied: isGlobalTheme=false
07-28 20:26:02.084  4822  4822 I [DevicePlugin].PlatformUtils.(main): isLightOsGaussianLevel: DEBUG_LEVEL = -1, ANIM_LEVEL = 1
07-28 20:26:02.084  4822  4822 I [DevicePlugin].PlatformUtils.(main): isLightBlurEnable: enable=false
07-28 20:26:02.084  4822  4822 I [DevicePlugin].RectangleDeviceCardView.(main): onConfigurationChanged
07-28 20:26:02.084  4822  4822 I [DevicePlugin].PlatformUtils.(main): isLowGaussianLevel: DEBUG_LEVEL = -1, ANIM_LEVEL = 1
07-28 20:26:02.084  4822  4822 I [DevicePlugin].PlatformUtils.(main): isGlobalThemeApplied: isGlobalTheme=false
07-28 20:26:02.084  4822  4822 I [DevicePlugin].PlatformUtils.(main): isBlurEnable: enable=true
07-28 20:26:02.084  4822  4822 I [DevicePlugin].PlatformUtils.(main): isGlobalThemeApplied: isGlobalTheme=false
07-28 20:26:02.084  4822  4822 I [DevicePlugin].PlatformUtils.(main): isLightOsGaussianLevel: DEBUG_LEVEL = -1, ANIM_LEVEL = 1
07-28 20:26:02.084  4822  4822 I [DevicePlugin].PlatformUtils.(main): isLightBlurEnable: enable=false
07-28 20:26:02.084  4822  4822 I [DevicePlugin].SquareDeviceCardView.(main): onConfigurationChanged
07-28 20:26:02.084  4822  4822 I [DevicePlugin].PlatformUtils.(main): isLowGaussianLevel: DEBUG_LEVEL = -1, ANIM_LEVEL = 1
07-28 20:26:02.084  4822  4822 I [DevicePlugin].PlatformUtils.(main): isGlobalThemeApplied: isGlobalTheme=false
07-28 20:26:02.084  4822  4822 I [DevicePlugin].PlatformUtils.(main): isBlurEnable: enable=true
07-28 20:26:02.084  4822  4822 I [DevicePlugin].PlatformUtils.(main): isGlobalThemeApplied: isGlobalTheme=false
07-28 20:26:02.084  4822  4822 I [DevicePlugin].PlatformUtils.(main): isLightOsGaussianLevel: DEBUG_LEVEL = -1, ANIM_LEVEL = 1
07-28 20:26:02.084  4822  4822 I [DevicePlugin].PlatformUtils.(main): isLightBlurEnable: enable=false
07-28 20:26:02.084  4822  4822 I [DevicePlugin].SquareEntranceCardView.(main): onConfigurationChanged
07-28 20:26:02.084  4822  4822 I [DevicePlugin].PlatformUtils.(main): isLowGaussianLevel: DEBUG_LEVEL = -1, ANIM_LEVEL = 1
07-28 20:26:02.084  4822  4822 I [DevicePlugin].PlatformUtils.(main): isGlobalThemeApplied: isGlobalTheme=false
07-28 20:26:02.084  4822  4822 I [DevicePlugin].PlatformUtils.(main): isBlurEnable: enable=true
07-28 20:26:02.084  4822  4822 I [DevicePlugin].PlatformUtils.(main): isGlobalThemeApplied: isGlobalTheme=false
07-28 20:26:02.084  4822  4822 I [DevicePlugin].PlatformUtils.(main): isLightOsGaussianLevel: DEBUG_LEVEL = -1, ANIM_LEVEL = 1
07-28 20:26:02.084  4822  4822 I [DevicePlugin].PlatformUtils.(main): isLightBlurEnable: enable=false
07-28 20:26:02.084  4822  4822 I [DevicePlugin].SquareDeviceCardView.(main): onConfigurationChanged
07-28 20:26:02.084  4822  4822 I [DevicePlugin].PlatformUtils.(main): isLowGaussianLevel: DEBUG_LEVEL = -1, ANIM_LEVEL = 1
07-28 20:26:02.084  4822  4822 I [DevicePlugin].PlatformUtils.(main): isGlobalThemeApplied: isGlobalTheme=false
07-28 20:26:02.084  4822  4822 I [DevicePlugin].PlatformUtils.(main): isBlurEnable: enable=true
07-28 20:26:02.084  4822  4822 I [DevicePlugin].PlatformUtils.(main): isGlobalThemeApplied: isGlobalTheme=false
07-28 20:26:02.084  4822  4822 I [DevicePlugin].PlatformUtils.(main): isLightOsGaussianLevel: DEBUG_LEVEL = -1, ANIM_LEVEL = 1
07-28 20:26:02.084  4822  4822 I [DevicePlugin].PlatformUtils.(main): isLightBlurEnable: enable=false
07-28 20:26:02.084  4822  4822 I [DevicePlugin].SquareDeviceCardView.(main): onConfigurationChanged
07-28 20:26:02.084  4822  4822 I [DevicePlugin].PlatformUtils.(main): isLowGaussianLevel: DEBUG_LEVEL = -1, ANIM_LEVEL = 1
07-28 20:26:02.084  4822  4822 I [DevicePlugin].PlatformUtils.(main): isGlobalThemeApplied: isGlobalTheme=false
07-28 20:26:02.084  4822  4822 I [DevicePlugin].PlatformUtils.(main): isBlurEnable: enable=true
07-28 20:26:02.084  4822  4822 I [DevicePlugin].PlatformUtils.(main): isGlobalThemeApplied: isGlobalTheme=false
07-28 20:26:02.084  4822  4822 I [DevicePlugin].PlatformUtils.(main): isLightOsGaussianLevel: DEBUG_LEVEL = -1, ANIM_LEVEL = 1
07-28 20:26:02.084  4822  4822 I [DevicePlugin].PlatformUtils.(main): isLightBlurEnable: enable=false
07-28 20:26:02.084  4822  4822 I [DevicePlugin].SquareDeviceCardView.(main): onConfigurationChanged
07-28 20:26:02.084  4822  4822 I [DevicePlugin].PlatformUtils.(main): isLowGaussianLevel: DEBUG_LEVEL = -1, ANIM_LEVEL = 1
07-28 20:26:02.084  4822  4822 I [DevicePlugin].PlatformUtils.(main): isGlobalThemeApplied: isGlobalTheme=false
07-28 20:26:02.084  4822  4822 I [DevicePlugin].PlatformUtils.(main): isBlurEnable: enable=true
07-28 20:26:02.084  4822  4822 I [DevicePlugin].PlatformUtils.(main): isGlobalThemeApplied: isGlobalTheme=false
07-28 20:26:02.084  4822  4822 I [DevicePlugin].PlatformUtils.(main): isLightOsGaussianLevel: DEBUG_LEVEL = -1, ANIM_LEVEL = 1
07-28 20:26:02.084  4822  4822 I [DevicePlugin].PlatformUtils.(main): isLightBlurEnable: enable=false
07-28 20:26:02.084  4822  4822 I [DevicePlugin].SquareEntranceCardView.(main): onConfigurationChanged
07-28 20:26:02.084  4822  4822 I [DevicePlugin].PlatformUtils.(main): isLowGaussianLevel: DEBUG_LEVEL = -1, ANIM_LEVEL = 1
07-28 20:26:02.084  4822  4822 I [DevicePlugin].PlatformUtils.(main): isGlobalThemeApplied: isGlobalTheme=false
07-28 20:26:02.084  4822  4822 I [DevicePlugin].PlatformUtils.(main): isBlurEnable: enable=true
07-28 20:26:02.084  4822  4822 I [DevicePlugin].PlatformUtils.(main): isGlobalThemeApplied: isGlobalTheme=false
07-28 20:26:02.084  4822  4822 I [DevicePlugin].PlatformUtils.(main): isLightOsGaussianLevel: DEBUG_LEVEL = -1, ANIM_LEVEL = 1
07-28 20:26:02.084  4822  4822 I [DevicePlugin].PlatformUtils.(main): isLightBlurEnable: enable=false
07-28 20:26:02.087  4822  4822 I SystemUi--QuickSettings: OplusSeparateQSCustomizer-->updateResources tileRow= 3
07-28 20:26:02.087  4822  4822 I SystemUi--QuickSettings: OplusSeparateQSCustomizer--> mUsableWidth=1080
07-28 20:26:02.087  4822  4822 I SystemUi--QuickSettings: OplusSeparateQSCustomizer--> mEditCellWidth=175 mEditCellMarginHorizontal=66 mItemHeight=271 mHorizontalSidePadding=57
07-28 20:26:02.087  4822  4822 I SystemUi--QuickSettings: OplusQsToggleSliderTouchExt-->getRealSize point: Point(1080, 2376) realScreenWidth: 1080 realScreenHeight: 2376
07-28 20:26:02.087  4822  4822 I SystemUi--QuickSettings: OplusQsToggleSliderLayout-->updateRadius radius= 57.815125, roundParams= OplusRoundParams(radiusDp=15.2, radius=45.6, weight=1.1, isCircle=false), isDefaultVolumeTheme = true
07-28 20:26:02.087  4822  4822 I COUIVerticalSeekBar: COUIVerticalSeekBar ensureSize : mIsProgressFull:true,mBackgroundRadius:45.6,mBackgroundWidth:179.0,mBackgroundEnlargeScale1.0,mProgressRadius:45.6,mProgressWidth:179.0,mProgressEnlargeScale1.0,mPaddingVertical45.6
07-28 20:26:02.087  4822  4822 I COUIVerticalSeekBar: updateBehavior * normalSeekBarHeight = 309,mPaddingVertical = 45.6,mIsPhysicsEnable = true,mPhysicalAnimator = null,mFlingBehavior = null,Thread_name = main,hashCode = 129389800,time = 1753748762087,stackChain = com.coui.appcompat.seekbar.COUIVerticalSeekBar.updateBehavior$1:14 com.coui.appcompat.seekbar.COUIVerticalSeekBar.ensureSize$1:182 com.coui.appcompat.seekbar.COUIVerticalSeekBar.setBackgroundRadius:3 com.oplus.systemui.qs.base.seek.OplusQsBaseToggleSliderLayout.updateRadius:60 
07-28 20:26:02.087  4822  4822 I COUIVerticalSeekBar: setPaddingVertical * paddingVertical = 45.6,hashCode = 129389800,time = 1753748762087
07-28 20:26:02.087  4822  4822 I COUIVerticalSeekBar: COUIVerticalSeekBar ensureSize : mIsProgressFull:true,mBackgroundRadius:45.6,mBackgroundWidth:179.0,mBackgroundEnlargeScale1.0,mProgressRadius:45.6,mProgressWidth:179.0,mProgressEnlargeScale1.0,mPaddingVertical45.6
07-28 20:26:02.087  4822  4822 I COUIVerticalSeekBar: updateBehavior * normalSeekBarHeight = 309,mPaddingVertical = 45.6,mIsPhysicsEnable = true,mPhysicalAnimator = null,mFlingBehavior = null,Thread_name = main,hashCode = 129389800,time = 1753748762087,stackChain = com.coui.appcompat.seekbar.COUIVerticalSeekBar.updateBehavior$1:14 com.coui.appcompat.seekbar.COUIVerticalSeekBar.ensureSize$1:182 com.coui.appcompat.seekbar.COUIVerticalSeekBar.setPaddingVertical:59 com.oplus.systemui.qs.base.seek.OplusQsBaseToggleSliderLayout.updateRadius:74 
07-28 20:26:02.087  4822  4822 I SystemUi--Common: WindowRootView-->leftInset:0 rightInset:0  rootWindowInsets.displayCutout:DisplayCutout{insets=Rect(0, 120 - 0, 0) waterfall=Insets{left=0, top=0, right=0, bottom=0} boundingRect={Bounds=[Rect(0, 0 - 0, 0), Rect(512, 0 - 569, 120), Rect(0, 0 - 0, 0), Rect(0, 0 - 0, 0)]} cutoutPathParserInfo={CutoutPathParserInfo{displayWidth=1080 displayHeight=2376 physicalDisplayWidth=1440 physicalDisplayHeight=3168 density={4.0} cutoutSpec={M -38,0 L -38,160 L 38,160 L 38,0 Z} rotation={0} scale={1.0} physicalPixelDisplaySizeRatio={0.75}}} sideOverrides={}} windowInsets.displayCutout:DisplayCutout{insets=Rect(0, 120 - 0, 0) waterfall=Insets{left=0, top=0, right=0, bottom=0} boundingRect={Bounds=[Rect(0, 0 - 0, 0), Rect(512, 0 - 569, 120), Rect(0, 0 - 0, 0), Rect(0, 0 - 0, 0)]} cutoutPathParserInfo={CutoutPathParserInfo{displayWidth=1080 displayHeight=2376 physicalDisplayWidth=1440 physicalDisplayHeight=3168 density={4.0} cutoutSpec={M -38,0 L -38,160 L 38,160 L 38,0 Z} rotation={0} scale={1.0} physicalPixelDisplaySizeRatio={0.75}}} sideOverrides={}} currentRotation:1
07-28 20:26:02.087  4822  4822 I SystemUi--QuickSettings: OplusQuickStatusBarHeader-->onApplyWindowInsets mIgnoreCenterHole: true mCenterHoleSpaceLp: androidx.constraintlayout.widget.ConstraintLayout$LayoutParams@1792bb0
07-28 20:26:02.087  4822  4822 I SystemUi--QuickSettings: OplusQuickStatusBarHeader-->updateCenterHoleView visibility: 8 isLpChanged: false
07-28 20:26:02.087  4822  4822 I SystemUi--QuickSettings: OplusQuickStatusBarHeader-->updateCenterHoleView visibility: 8 isLpChanged: false
07-28 20:26:02.088  4822  4822 I PluginSeedling--Base: SeedlingPluginService-->onStateChange: Bundle[{rect=RectF(509.25, 29.25, 570.75, 90.75), state=onHoleRectChanged}]
07-28 20:26:02.088  4822  4822 I SystemUi--Statusbar: StatusBarPaddingProvider-->updateContentsPadding: (51, 14, 60, 15), screenHoleHeight: 61 isLandscape=false, rotation: 0 screenHoleBottom: 90 statusBarHeight: 120 seedlingHeight: 90 switchSupport: true percentScreen:0.75 baseScreenWidth:1080 stableDisplayWidth:1440
07-28 20:26:02.088  4822  4822 I SystemUi--QuickSettings: OplusQuickStatusBarHeader-->onApplyWindowInsets mIgnoreCenterHole: true mCenterHoleSpaceLp: androidx.constraintlayout.widget.ConstraintLayout$LayoutParams@6076a29
07-28 20:26:02.088  4822  4822 I SystemUi--QuickSettings: OplusQuickStatusBarHeader-->updateCenterHoleView visibility: 8 isLpChanged: false
07-28 20:26:02.088  4822  4822 I SystemUi--QuickSettings: OplusQuickStatusBarHeader-->updateCenterHoleView visibility: 8 isLpChanged: false
07-28 20:26:02.089  4822  5521 D BufferQueueProducer: [VRI[NotificationShade]#8(BLAST Consumer)8](id:12d600000009,api:1,p:4822,c:4822) connect: api=1 producerControlledByApp=true
07-28 20:26:02.096  4822  4822 I SurfaceControl:  setExtendedRangeBrightness sc=Surface(name=NotificationShade)/@0x853a277,currentBufferRatio=1.0,desiredRatio=1.0
07-28 20:26:02.106  2148  2403 D SurfaceFlinger: captureLayers from pid 5382 uid -335
07-28 20:26:02.107  2148  2403 W SurfaceFlinger: Skipping screen capture because of invalid layer.
07-28 20:26:02.107  5382  5530 E ScreenCapture: Failed to generate screen capture. Error code: -12
07-28 20:26:02.107  5382  5530 E Blur_ScreenCapture: [captureScreenInternal] exceeds fail times limit=1
07-28 20:26:02.114  4822  5521 D BLASTBufferQueue: [VRI[NotificationShade]#8](f:0,a:1) acquireNextBufferLocked size=1080x2376 mFrameNumber=1 applyTransaction=true mTimestamp=57826439091(auto) mPendingTransactions.size=0 graphicBufferId=20710332301362 transform=0
07-28 20:26:02.114  4822  5521 D VRI[NotificationShade]: Received frameCommittedCallback lastAttemptedDrawFrameNum=1 didProduceBuffer=true syncBuffer=false
07-28 20:26:02.114  4822  4822 D VRI[NotificationShade]: draw finished. seqId=0
07-28 20:26:02.115  3299  4861 I WindowManager: Window{9ad5374 u0 NotificationShade} state from DRAW_PENDING to COMMIT_DRAW_PENDING; reason: finishDrawingLocked
07-28 20:26:02.115  3299  3641 I WindowManager: Window{9ad5374 u0 NotificationShade} state from COMMIT_DRAW_PENDING to READY_TO_SHOW; reason: commitFinishDrawingLocked
07-28 20:26:02.115  4822  5786 V OplusCustomizeCacheManager: queryCache name: sys.cache.common_customize_cache11011 param: null
07-28 20:26:02.115  3299  3641 I WindowManager: Window{9ad5374 u0 NotificationShade} state from READY_TO_SHOW to HAS_DRAWN; reason: performShowLocked
07-28 20:26:02.116  4822  5786 V OplusCustomizeCacheManager: queryCache name: sys.cache.common_customize_cache11010 param: null
07-28 20:26:02.117  4822  4822 D ZenModeController: Added callback class com.oplus.systemui.qs.tiles.OplusDndTile$1
07-28 20:26:02.117  3299  3787 D VRR [OPlusRefreshRateService]: handleConfigIdChange physicalDisplayId: 4630946756802996883 configId: 4 renderPeriod: 8333333
07-28 20:26:02.117  4822  4822 I SystemUi--QuickSettings: OplusQsBrightnessSliderController-->setProgressAnimation value: 1717 isListening: true  screenBrightnessDuration: 0.0  startValue: 0 startTime: 0 lastDuration: 537.0 lastStartTime: 46375  max: 4089 sliderProgress: 0 needResetLastAnimation: false
07-28 20:26:02.117  4822  4822 I SystemUi--QuickSettings: OplusQsBrightnessSliderController-->handleNoDuration proportion: 1.0 currentProgress: 1717 duration: 0.0 lastStartValue: 6 sliderProgress: 1717
07-28 20:26:02.117  3299  3787 D VRR [OPlusSAManager]: updateModeChange old modeId [ 5 ] -> new modeId [ 4 ] mCurPolicy: 1
07-28 20:26:02.117  3299  3787 D VRR [OPlusSAManager]: updateSAScene active modeId: 4
07-28 20:26:02.117  3299  3787 D VRR [OPlusSAManager]: updateSAScene current policy: 1 active modeId: 4 scene: VRR_90_120
