07-29 20:47:15.994  3449  5586 D Theia.NoFocusWindow: FocusWindowErrorScene cancelCheckFreezeScreen
07-29 20:47:15.994  3449  5586 W TheiaWindowMonitor: [check] focusedWindow is null or enable is false
07-29 20:47:15.995  4864  4864 D JankUtils: gfxSceneBegin; scene: 7; sceneDes: QS PULL
07-29 20:47:15.995  7216  7216 W Battery : PowerSaveTileService: updateTileState false
07-29 20:47:15.995  4864  5808 V OplusCustomizeCacheManager: queryCache name: sys.cache.common_customize_cache11010 param: null
07-29 20:47:15.996  4864  4864 W SystemUi--Common: SubsetBitmapDrawable-->[isValid] innerBitmap?.isRecycled=null
07-29 20:47:15.996  2150  2150 D OplusInfoMonitor: setListenerReport: reportInfo:
07-29 20:47:15.996  4864  4864 I SystemUi--Statusbar: BatteryViewBinder-->create drawable: com.oplus.systemui.statusbar.pipeline.battery.ui.drawable.HorizontalBatteryContentDrawable@ef7d8c7 iconStyle:BatteryIconStyle(iconStyle=1, oldStylePercentIn=false, densityDpi=480, scaleFactor=1.0, themeId=0, isThemeModeColor=false, frameColorMode=0, isPercentOutBgMode=false, isPercentOutPbMode=false, batteryOutChargeBgMode=0)
07-29 20:47:15.996  3449  3725 D SurfaceComposerClient: Transaction::apply InputWindowCommands.focusRequests timestamp=57738968050, windowName=51f11fa NotificationShade
07-29 20:47:15.996  2150  2457 D SurfaceFlinger: captureLayers from pid 5393 uid -335
07-29 20:47:15.998  4864  4864 I SystemUi--Statusbar: BatteryViewBinder-->create drawable: com.oplus.systemui.statusbar.pipeline.battery.ui.drawable.HorizontalBatteryContentDrawable@6669fea iconStyle:BatteryIconStyle(iconStyle=1, oldStylePercentIn=false, densityDpi=480, scaleFactor=1.0, themeId=0, isThemeModeColor=false, frameColorMode=0, isPercentOutBgMode=false, isPercentOutPbMode=false, batteryOutChargeBgMode=0)
07-29 20:47:15.999  4864  4864 W SystemUi--Common: SubsetBitmapDrawable-->[isValid] innerBitmap?.isRecycled=null
07-29 20:47:15.999  4864  4864 I SystemUi--Statusbar: BatteryViewBinder-->create drawable: com.oplus.systemui.statusbar.pipeline.battery.ui.drawable.HorizontalBatteryContentDrawable@5eee93e iconStyle:BatteryIconStyle(iconStyle=1, oldStylePercentIn=false, densityDpi=480, scaleFactor=1.0, themeId=0, isThemeModeColor=false, frameColorMode=0, isPercentOutBgMode=false, isPercentOutPbMode=false, batteryOutChargeBgMode=0)
07-29 20:47:16.000  1912  6165 I SnapAlloc: Using graphics libs for alignment calculations
07-29 20:47:16.001  1912  6165 I SnapAlloc: Using graphics libs for alignment calculations
07-29 20:47:16.001  4864  6131 D Util    : isPkgInstalled_isPkgInstalled = false
07-29 20:47:16.002  1912  6165 I SnapAlloc: Using graphics libs for alignment calculations
07-29 20:47:16.002  4864  6131 D Util    : isPkgInstalled_isPkgInstalled = true
07-29 20:47:16.002  4864  4864 I SystemUi--Statusbar: BatteryViewBinder-->create drawable: com.oplus.systemui.statusbar.pipeline.battery.ui.drawable.HorizontalBatteryContentDrawable@a9ce216 iconStyle:BatteryIconStyle(iconStyle=1, oldStylePercentIn=false, densityDpi=480, scaleFactor=1.0, themeId=0, isThemeModeColor=false, frameColorMode=0, isPercentOutBgMode=false, isPercentOutPbMode=false, batteryOutChargeBgMode=0)
07-29 20:47:16.002  4864  4864 I SystemUi--Keyguard: ScrimControllerExImp-->blur State to UNLOCK, bouncer=false changeFromBouncerScrim= false runnerUnlock= false goingAway=false hasHandle=true isOccludeAnimationPlaying=false
07-29 20:47:16.003  3449  4473 I InputDispatcher: injectInputEvent: targetUid=<not set>, syncMode=WAIT_FOR_FINISHED, timeout=30000ms, policyFlags=0x8000000, event=MotionEvent { action=MOVE, id[0]=0, x[0]=900, y[0]=758.9, eventTime=57747000000, downTime=57636000000, deviceId=4, source=TOUCHSCREEN, displayId=0, eventId=0xfc728884}
07-29 20:47:16.003  4864  4864 I SystemUi--Keyguard: ScrimControllerExImp-->blur State to UNLOCK, bouncer=false changeFromBouncerScrim= false runnerUnlock= false goingAway=false hasHandle=true isOccludeAnimationPlaying=false
07-29 20:47:16.003  4864  4864 I SystemUi--QuickSettings: QSPanelAnimatorManager-->showSecondElement
07-29 20:47:16.003  3449  3782 D PowerManagerService: userActivityNoUpdateLocked: groupId=0, eventTime=57747, event=touch, flags=0x0, uid=1000
07-29 20:47:16.006  2150  3527 D SurfaceFlinger: updateWinowInfo=1, setFocusedWindow timestamp=57738968050, windowName=51f11fa NotificationShade
07-29 20:47:16.007  3449  5339 I InputDispatcher: NFW_setFocusedWindow, 51f11fa NotificationShade on display 0, same as the previous:0
07-29 20:47:16.007  3449  5339 I InputDispatcher: updateFocusedWindow,  on display 0, reason: Waiting for window because NOT_FOCUSABLE, result:   FocusedWindows: <none>
07-29 20:47:16.007  3449  5586 I InputDispatcher: updateFocusedWindow, 51f11fa NotificationShade on display 0, reason: Window became focusable. Previous reason: NOT_FOCUSABLE, result:   FocusedWindows:
07-29 20:47:16.007  3449  5586 I InputDispatcher:     displayId=0, name='51f11fa NotificationShade'
07-29 20:47:16.007  4864  4864 D VRI[NotificationShade]: onFocusEvent true
07-29 20:47:16.007  5238  5238 D VRI[Launcher]: onFocusEvent false
07-29 20:47:16.007  4864  4864 I SystemUi--Keyguard: ScrimControllerExImp-->blur State to UNLOCK, bouncer=false changeFromBouncerScrim= false runnerUnlock= false goingAway=false hasHandle=true isOccludeAnimationPlaying=false
07-29 20:47:16.007  4864  4864 I SystemUi--Keyguard: ScrimControllerExImp-->blur State to UNLOCK, bouncer=false changeFromBouncerScrim= false runnerUnlock= false goingAway=false hasHandle=true isOccludeAnimationPlaying=false
07-29 20:47:16.009  4864  4864 I SystemUi--Keyguard: OplusRepeatWhenAttachedUnlock-->updateState: view.windowVisibility: 0, keyguardShow: false, isInPreviewMode: false, view.hasWindowFocus(): true
07-29 20:47:16.009  4864  4864 I SystemUi--Keyguard: OplusRepeatWhenAttachedUnlock-->updateState: view.windowVisibility: 0, keyguardShow: false, isInPreviewMode: false, view.hasWindowFocus(): true
07-29 20:47:16.016  1912  6165 I SnapAlloc: Using graphics libs for alignment calculations
07-29 20:47:16.016  4864  4864 I SystemUi--Keyguard: ScrimControllerExImp-->blur State to UNLOCK, bouncer=false changeFromBouncerScrim= false runnerUnlock= false goingAway=false hasHandle=true isOccludeAnimationPlaying=false
07-29 20:47:16.016  3449  4473 I InputDispatcher: injectInputEvent: targetUid=<not set>, syncMode=WAIT_FOR_FINISHED, timeout=30000ms, policyFlags=0x8000000, event=MotionEvent { action=MOVE, id[0]=0, x[0]=900, y[0]=844.267, eventTime=57760000000, downTime=57636000000, deviceId=4, source=TOUCHSCREEN, displayId=0, eventId=0xe6cae535}
07-29 20:47:16.016  4864  4864 I SystemUi--Keyguard: ScrimControllerExImp-->blur State to UNLOCK, bouncer=false changeFromBouncerScrim= false runnerUnlock= false goingAway=false hasHandle=true isOccludeAnimationPlaying=false
07-29 20:47:16.024  4864  4864 I SystemUi--Keyguard: ScrimControllerExImp-->blur State to UNLOCK, bouncer=false changeFromBouncerScrim= false runnerUnlock= false goingAway=false hasHandle=true isOccludeAnimationPlaying=false
07-29 20:47:16.024  3449  4473 I InputDispatcher: injectInputEvent: targetUid=<not set>, syncMode=WAIT_FOR_FINISHED, timeout=30000ms, policyFlags=0x8000000, event=MotionEvent { action=MOVE, id[0]=0, x[0]=900, y[0]=896.8, eventTime=57768000000, downTime=57636000000, deviceId=4, source=TOUCHSCREEN, displayId=0, eventId=0xd035018e}
07-29 20:47:16.024  4864  4864 I SystemUi--Keyguard: ScrimControllerExImp-->blur State to UNLOCK, bouncer=false changeFromBouncerScrim= false runnerUnlock= false goingAway=false hasHandle=true isOccludeAnimationPlaying=false
07-29 20:47:16.029  3449  3806 D VRR [OPlusSAManager]: setSAConfig scene: VRR_90_120 modeId: 4 auto: true fakeFrame: true
07-29 20:47:16.029  3449  3806 D VRR [OPlusSAManager]: updateAutoMinfps with nits: 123.61333, mHistOK true, mAmbientOK true, mCctOK true, mIrOK true, mBrightnessOK true, isPkgOK true, SA min fps: 119
07-29 20:47:16.029  3449  3806 D VRR [OPlusSurfaceFlingerController]: setAutoMode enable: true fakeFrame: true fps: 119
07-29 20:47:16.029  2150  2422 I VRR-[OPlusAdfrUtil]: ADFR try set Auto mode with mode 1 fakeframe 1 min fps 119
07-29 20:47:16.029  2150  2422 D VRR-[OPlusRefreshRateSelector]: OSyncModes add size is 1.
07-29 20:47:16.029  2150  2422 I VRR-[OPlusRefreshRateSelector]: updateAutoMode success, display 0, mode 0, fakeframe 1, min fps: 1
07-29 20:47:16.029  2150  3490 D VRR-[OPlusRefreshRateSelector]: handleSetHWCOSync
07-29 20:47:16.029  2150  3490 D VRR-[OPlusRefreshRateSelector]: OSyncModes remaining size is 0.
07-29 20:47:16.029  2150  3490 D VRR-[OPlusRefreshRateSelector]: SetHWCOSync with 5CC08181
07-29 20:47:16.029  1915  3487 I SDM     : DisplayBuiltIn::SetQSyncMode: VRR + update qsync mode 0 minfps 00C08181
07-29 20:47:16.031  1915  2178 E SDM     : DRMConnector::Perform: Connector 67: Setting Qsync min fps 12616065
07-29 20:47:16.033  1912  6165 I SnapAlloc: Using graphics libs for alignment calculations
07-29 20:47:16.033  4864  4864 I SystemUi--Keyguard: ScrimControllerExImp-->blur State to UNLOCK, bouncer=false changeFromBouncerScrim= false runnerUnlock= false goingAway=false hasHandle=true isOccludeAnimationPlaying=false
07-29 20:47:16.033  3449  4473 I InputDispatcher: injectInputEvent: targetUid=<not set>, syncMode=WAIT_FOR_FINISHED, timeout=30000ms, policyFlags=0x8000000, event=MotionEvent { action=MOVE, id[0]=0, x[0]=900, y[0]=955.9, eventTime=57777000000, downTime=57636000000, deviceId=4, source=TOUCHSCREEN, displayId=0, eventId=0xd3a01bf7}
07-29 20:47:16.034  4864  4864 I SystemUi--Keyguard: ScrimControllerExImp-->blur State to UNLOCK, bouncer=false changeFromBouncerScrim= false runnerUnlock= false goingAway=false hasHandle=true isOccludeAnimationPlaying=false
07-29 20:47:16.034  2012  2086 D BatteryChargeControl: bcc get no support from charging protocol
07-29 20:47:16.040  4864  5372 I SystemUi--Statusbar: PrivacyDotViewController-->processNextViewState: 
07-29 20:47:16.041  4864  5372 I SystemUi--Statusbar: PrivacyDotViewController-->resolveState ViewState(viewInitialized=true, systemPrivacyEventIsActive=false, shadeExpanded=true, needShow=false, portraitRect=Rect(0, 0 - 1080, 120), landscapeRect=Rect(120, 0 - 2376, 120), upsideDownRect=Rect(0, 0 - 1080, 120), seascapeRect=Rect(0, 0 - 2244, 120), layoutRtl=false, rotation=0, paddingTop=14, paddingBottom=15, cornerIndex=1, designatedCorner=android.widget.FrameLayout{55d427a I.E...... ......ID 1032,0-1080,120 #7f0a09cd app:id/privacy_dot_top_right_container alpha=1.0 viewInfo = }, contentDescription=null, dotMargin=48)
07-29 20:47:16.041  4864  4864 I SystemUi--Keyguard: ScrimControllerExImp-->blur State to UNLOCK, bouncer=false changeFromBouncerScrim= false runnerUnlock= false goingAway=false hasHandle=true isOccludeAnimationPlaying=false
07-29 20:47:16.041  3449  4473 I InputDispatcher: injectInputEvent: targetUid=<not set>, syncMode=WAIT_FOR_FINISHED, timeout=30000ms, policyFlags=0x8000000, event=MotionEvent { action=MOVE, id[0]=0, x[0]=900, y[0]=1008.43, eventTime=57785000000, downTime=57636000000, deviceId=4, source=TOUCHSCREEN, displayId=0, eventId=0xc80e8eeb}
07-29 20:47:16.041  4864  4864 I SystemUi--Keyguard: ScrimControllerExImp-->blur State to UNLOCK, bouncer=false changeFromBouncerScrim= false runnerUnlock= false goingAway=false hasHandle=true isOccludeAnimationPlaying=false
07-29 20:47:16.049  1912  6165 I SnapAlloc: Using graphics libs for alignment calculations
07-29 20:47:16.050  4864  4864 I SystemUi--Keyguard: ScrimControllerExImp-->blur State to UNLOCK, bouncer=false changeFromBouncerScrim= false runnerUnlock= false goingAway=false hasHandle=true isOccludeAnimationPlaying=false
07-29 20:47:16.050  3449  4473 I InputDispatcher: injectInputEvent: targetUid=<not set>, syncMode=WAIT_FOR_FINISHED, timeout=30000ms, policyFlags=0x8000000, event=MotionEvent { action=MOVE, id[0]=0, x[0]=900, y[0]=1067.53, eventTime=57794000000, downTime=57636000000, deviceId=4, source=TOUCHSCREEN, displayId=0, eventId=0xc48f1819}
07-29 20:47:16.050  4864  4864 I SystemUi--Keyguard: ScrimControllerExImp-->blur State to UNLOCK, bouncer=false changeFromBouncerScrim= false runnerUnlock= false goingAway=false hasHandle=true isOccludeAnimationPlaying=false
07-29 20:47:16.057  4864  4864 I SystemUi--Keyguard: ScrimControllerExImp-->blur State to UNLOCK, bouncer=false changeFromBouncerScrim= false runnerUnlock= false goingAway=false hasHandle=true isOccludeAnimationPlaying=false
07-29 20:47:16.057  3449  4473 I InputDispatcher: injectInputEvent: targetUid=<not set>, syncMode=WAIT_FOR_FINISHED, timeout=30000ms, policyFlags=0x8000000, event=MotionEvent { action=MOVE, id[0]=0, x[0]=900, y[0]=1113.5, eventTime=57801000000, downTime=57636000000, deviceId=4, source=TOUCHSCREEN, displayId=0, eventId=0xfc814408}
07-29 20:47:16.058  4864  4864 I SystemUi--Keyguard: ScrimControllerExImp-->blur State to UNLOCK, bouncer=false changeFromBouncerScrim= false runnerUnlock= false goingAway=false hasHandle=true isOccludeAnimationPlaying=false
07-29 20:47:16.065  4864  4864 I SystemUi--Keyguard: ScrimControllerExImp-->blur State to UNLOCK, bouncer=false changeFromBouncerScrim= false runnerUnlock= false goingAway=false hasHandle=true isOccludeAnimationPlaying=false
07-29 20:47:16.065  1912  6165 I SnapAlloc: Using graphics libs for alignment calculations
07-29 20:47:16.066  3449  4473 I InputDispatcher: injectInputEvent: targetUid=<not set>, syncMode=WAIT_FOR_FINISHED, timeout=30000ms, policyFlags=0x8000000, event=MotionEvent { action=MOVE, id[0]=0, x[0]=900, y[0]=1172.6, eventTime=57810000000, downTime=57636000000, deviceId=4, source=TOUCHSCREEN, displayId=0, eventId=0xed31f233}
07-29 20:47:16.066  4864  4864 I SystemUi--Keyguard: ScrimControllerExImp-->blur State to UNLOCK, bouncer=false changeFromBouncerScrim= false runnerUnlock= false goingAway=false hasHandle=true isOccludeAnimationPlaying=false
07-29 20:47:16.072  1992  1992 D SensorFeature: name=ssc_screenshot_info ,index = 22
07-29 20:47:16.072  1992  1992 D SensorFeature: write 29 bytes:57807395446,57815728779,157,0
07-29 20:47:16.074  4864  4864 I SystemUi--Keyguard: ScrimControllerExImp-->blur State to UNLOCK, bouncer=false changeFromBouncerScrim= false runnerUnlock= false goingAway=false hasHandle=true isOccludeAnimationPlaying=false
07-29 20:47:16.074  3449  4473 I InputDispatcher: injectInputEvent: targetUid=<not set>, syncMode=WAIT_FOR_FINISHED, timeout=30000ms, policyFlags=0x8000000, event=MotionEvent { action=MOVE, id[0]=0, x[0]=900, y[0]=1225.13, eventTime=57818000000, downTime=57636000000, deviceId=4, source=TOUCHSCREEN, displayId=0, eventId=0xd18ab30c}
07-29 20:47:16.074  4864  4864 I SystemUi--Keyguard: ScrimControllerExImp-->blur State to UNLOCK, bouncer=false changeFromBouncerScrim= false runnerUnlock= false goingAway=false hasHandle=true isOccludeAnimationPlaying=false
07-29 20:47:16.082  4864  4864 I SystemUi--Keyguard: ScrimControllerExImp-->blur State to UNLOCK, bouncer=false changeFromBouncerScrim= false runnerUnlock= false goingAway=false hasHandle=true isOccludeAnimationPlaying=false
07-29 20:47:16.082  1912  6165 I SnapAlloc: Using graphics libs for alignment calculations
07-29 20:47:16.082  3449  4473 I InputDispatcher: injectInputEvent: targetUid=<not set>, syncMode=WAIT_FOR_FINISHED, timeout=30000ms, policyFlags=0x8000000, event=MotionEvent { action=MOVE, id[0]=0, x[0]=900, y[0]=1277.67, eventTime=57826000000, downTime=57636000000, deviceId=4, source=TOUCHSCREEN, displayId=0, eventId=0xfb475530}
07-29 20:47:16.082  4864  4864 I SystemUi--Keyguard: ScrimControllerExImp-->blur State to UNLOCK, bouncer=false changeFromBouncerScrim= false runnerUnlock= false goingAway=false hasHandle=true isOccludeAnimationPlaying=false
07-29 20:47:16.091  4864  4864 I SystemUi--Keyguard: ScrimControllerExImp-->blur State to UNLOCK, bouncer=false changeFromBouncerScrim= false runnerUnlock= false goingAway=false hasHandle=true isOccludeAnimationPlaying=false
07-29 20:47:16.091  3449  4473 I InputDispatcher: injectInputEvent: targetUid=<not set>, syncMode=WAIT_FOR_FINISHED, timeout=30000ms, policyFlags=0x8000000, event=MotionEvent { action=MOVE, id[0]=0, x[0]=900, y[0]=1336.77, eventTime=57835000000, downTime=57636000000, deviceId=4, source=TOUCHSCREEN, displayId=0, eventId=0xc937fc02}
07-29 20:47:16.091  4864  4864 I SystemUi--Keyguard: ScrimControllerExImp-->blur State to UNLOCK, bouncer=false changeFromBouncerScrim= false runnerUnlock= false goingAway=false hasHandle=true isOccludeAnimationPlaying=false
07-29 20:47:16.093  4864  4864 I SystemUi--QuickSettings: QsLottieUtils-->getLottieAnimFile : qs/qs_location_lottie_active_sep_dual_light.json
07-29 20:47:16.096  4864 13007 W LOG_Effective: Effective doesn't support layer effects. If you are using them for  fills, strokes, trim paths etc. then try adding them directly as contents  in your shape. Found: [Slider Control]
07-29 20:47:16.097  4864 13007 W LOG_Effective: Animation contains merge paths. Merge paths are only supported on KitKat+ and must be manually enabled by calling enableMergePathsForKitKatAndAbove().
07-29 20:47:16.099  4864  4864 I SystemUi--Keyguard: ScrimControllerExImp-->blur State to UNLOCK, bouncer=false changeFromBouncerScrim= false runnerUnlock= false goingAway=false hasHandle=true isOccludeAnimationPlaying=false
07-29 20:47:16.099  1912  6165 I SnapAlloc: Using graphics libs for alignment calculations
07-29 20:47:16.099  3449  4473 I InputDispatcher: injectInputEvent: targetUid=<not set>, syncMode=WAIT_FOR_FINISHED, timeout=30000ms, policyFlags=0x8000000, event=MotionEvent { action=MOVE, id[0]=0, x[0]=900, y[0]=1389.3, eventTime=57843000000, downTime=57636000000, deviceId=4, source=TOUCHSCREEN, displayId=0, eventId=0xe5466270}
07-29 20:47:16.099  4864  4864 I SystemUi--Keyguard: ScrimControllerExImp-->blur State to UNLOCK, bouncer=false changeFromBouncerScrim= false runnerUnlock= false goingAway=false hasHandle=true isOccludeAnimationPlaying=false
07-29 20:47:16.102  4864  4864 I SystemUi--QuickSettings: QsLottieUtils-->getLottieAnimFile : qs/qs_nfc_lottie_active_sep_dual_light.json
07-29 20:47:16.102  4864  4864 W LOG_Effective: Animation contains merge paths but they are disabled.
07-29 20:47:16.104  4864  5514 D HWUI    : OplusRenderNodeAnimator end!
07-29 20:47:16.104  4864  5514 D HWUI    : OplusRenderNodeAnimator end!
07-29 20:47:16.104  4864  5514 D HWUI    : OplusRenderNodeAnimator end!
07-29 20:47:16.104  4864  5514 D HWUI    : OplusRenderNodeAnimator end!
07-29 20:47:16.104  4864  4864 I SystemUi--Statusbar: CollapsedStatusBarFragmentExImpl-->animateHiddenState onAnimationEnd v:com.oplus.systemui.statusbar.widget.EndSideContentLayout{ca813ee V.E...... ........ 172,0-440,91 #7f0a0c16 app:id/status_bar_end_side_content alpha=1.0 viewInfo = }  v alpha:1.0 v render alpha:0.0 animateAlpha=0.0
07-29 20:47:16.104  4864  4864 I SystemUi--Statusbar: CollapsedStatusBarFragmentExImpl-->animateHiddenState onAnimationEnd v:com.android.keyguard.AlphaOptimizedLinearLayout{817545b V.E...... ........ 0,0-48,91 alpha=1.0 viewInfo = }  v alpha:1.0 v render alpha:0.0 animateAlpha=0.0
07-29 20:47:16.104  4864  4864 I SystemUi--Statusbar: CollapsedStatusBarFragmentExImpl-->animateHiddenState onAnimationEnd v:com.oplus.systemui.statusbar.seeding.CapsulePluginContainer{6bb62c6 V.E...... ........ 0,0-1080,120 #7f0a0b3b app:id/seeding_card_container alpha=1.0 viewInfo = }  v alpha:1.0 v render alpha:0.0 animateAlpha=0.0
07-29 20:47:16.104  4864  4864 I SystemUi--Statusbar: CollapsedStatusBarFragmentExImpl-->animateHiddenState onAnimationEnd v:com.oplus.systemui.statusbar.widget.StatClock{2a3a223 V.ED..... ........ 0,0-135,91 #7f0a02b9 app:id/clock alpha=1.0 viewInfo = }  v alpha:1.0 v render alpha:0.0 animateAlpha=0.0
07-29 20:47:16.107  4864  4864 I SystemUi--Keyguard: ScrimControllerExImp-->blur State to UNLOCK, bouncer=false changeFromBouncerScrim= false runnerUnlock= false goingAway=false hasHandle=true isOccludeAnimationPlaying=false
07-29 20:47:16.107  3449  4473 I InputDispatcher: injectInputEvent: targetUid=<not set>, syncMode=WAIT_FOR_FINISHED, timeout=30000ms, policyFlags=0x8000000, event=MotionEvent { action=MOVE, id[0]=0, x[0]=900, y[0]=1441.83, eventTime=57851000000, downTime=57636000000, deviceId=4, source=TOUCHSCREEN, displayId=0, eventId=0xdd157056}
07-29 20:47:16.107  4864  4864 I SystemUi--Keyguard: ScrimControllerExImp-->blur State to UNLOCK, bouncer=false changeFromBouncerScrim= false runnerUnlock= false goingAway=false hasHandle=true isOccludeAnimationPlaying=false
07-29 20:47:16.108  3449  3782 D PowerManagerService: userActivityNoUpdateLocked: groupId=0, eventTime=57851, event=touch, flags=0x0, uid=1000
07-29 20:47:16.115  4864  4864 I SystemUi--Keyguard: ScrimControllerExImp-->blur State to UNLOCK, bouncer=false changeFromBouncerScrim= false runnerUnlock= false goingAway=false hasHandle=true isOccludeAnimationPlaying=false
07-29 20:47:16.115  3449  4473 I InputDispatcher: injectInputEvent: targetUid=<not set>, syncMode=WAIT_FOR_FINISHED, timeout=30000ms, policyFlags=0x8000000, event=MotionEvent { action=MOVE, id[0]=0, x[0]=900, y[0]=1494.37, eventTime=57859000000, downTime=57636000000, deviceId=4, source=TOUCHSCREEN, displayId=0, eventId=0xfc28ac3e}
07-29 20:47:16.115  1912  6165 I SnapAlloc: Using graphics libs for alignment calculations
07-29 20:47:16.116  4864  4864 I SystemUi--Keyguard: ScrimControllerExImp-->blur State to UNLOCK, bouncer=false changeFromBouncerScrim= false runnerUnlock= false goingAway=false hasHandle=true isOccludeAnimationPlaying=false
07-29 20:47:16.124  3449  4473 I InputDispatcher: injectInputEvent: targetUid=<not set>, syncMode=WAIT_FOR_FINISHED, timeout=30000ms, policyFlags=0x8000000, event=MotionEvent { action=MOVE, id[0]=0, x[0]=900, y[0]=1553.47, eventTime=57868000000, downTime=57636000000, deviceId=4, source=TOUCHSCREEN, displayId=0, eventId=0xc0861140}
07-29 20:47:16.124  4864  4864 I SystemUi--Keyguard: ScrimControllerExImp-->blur State to UNLOCK, bouncer=false changeFromBouncerScrim= false runnerUnlock= false goingAway=false hasHandle=true isOccludeAnimationPlaying=false
07-29 20:47:16.124  4864  4864 I SystemUi--Keyguard: ScrimControllerExImp-->blur State to UNLOCK, bouncer=false changeFromBouncerScrim= false runnerUnlock= false goingAway=false hasHandle=true isOccludeAnimationPlaying=false
07-29 20:47:16.132  1912  6165 I SnapAlloc: Using graphics libs for alignment calculations
07-29 20:47:16.132  4864  4864 I SystemUi--Keyguard: ScrimControllerExImp-->blur State to UNLOCK, bouncer=false changeFromBouncerScrim= false runnerUnlock= false goingAway=false hasHandle=true isOccludeAnimationPlaying=false
07-29 20:47:16.133  3449  4473 I InputDispatcher: injectInputEvent: targetUid=<not set>, syncMode=WAIT_FOR_FINISHED, timeout=30000ms, policyFlags=0x8000000, event=MotionEvent { action=MOVE, id[0]=0, x[0]=900, y[0]=1612.57, eventTime=57877000000, downTime=57636000000, deviceId=4, source=TOUCHSCREEN, displayId=0, eventId=0xe94813bf}
07-29 20:47:16.133  4864  4864 I SystemUi--Keyguard: ScrimControllerExImp-->blur State to UNLOCK, bouncer=false changeFromBouncerScrim= false runnerUnlock= false goingAway=false hasHandle=true isOccludeAnimationPlaying=false
07-29 20:47:16.141  4864  4864 I SystemUi--Keyguard: ScrimControllerExImp-->blur State to UNLOCK, bouncer=false changeFromBouncerScrim= false runnerUnlock= false goingAway=false hasHandle=true isOccludeAnimationPlaying=false
07-29 20:47:16.141  3449  4473 I InputDispatcher: injectInputEvent: targetUid=<not set>, syncMode=WAIT_FOR_FINISHED, timeout=30000ms, policyFlags=0x8000000, event=MotionEvent { action=MOVE, id[0]=0, x[0]=900, y[0]=1665.1, eventTime=57885000000, downTime=57636000000, deviceId=4, source=TOUCHSCREEN, displayId=0, eventId=0xe80ba880}
07-29 20:47:16.141  4864  4864 I SystemUi--Keyguard: ScrimControllerExImp-->blur State to UNLOCK, bouncer=false changeFromBouncerScrim= false runnerUnlock= false goingAway=false hasHandle=true isOccludeAnimationPlaying=false
07-29 20:47:16.149  1912  6165 I SnapAlloc: Using graphics libs for alignment calculations
07-29 20:47:16.149  4864  4864 I SystemUi--Keyguard: ScrimControllerExImp-->blur State to UNLOCK, bouncer=false changeFromBouncerScrim= false runnerUnlock= false goingAway=false hasHandle=true isOccludeAnimationPlaying=false
07-29 20:47:16.149  3449  4473 I InputDispatcher: injectInputEvent: targetUid=<not set>, syncMode=WAIT_FOR_FINISHED, timeout=30000ms, policyFlags=0x8000000, event=MotionEvent { action=MOVE, id[0]=0, x[0]=900, y[0]=1717.63, eventTime=57893000000, downTime=57636000000, deviceId=4, source=TOUCHSCREEN, displayId=0, eventId=0xc23e0f48}
07-29 20:47:16.150  4864  4864 I SystemUi--Keyguard: ScrimControllerExImp-->blur State to UNLOCK, bouncer=false changeFromBouncerScrim= false runnerUnlock= false goingAway=false hasHandle=true isOccludeAnimationPlaying=false
07-29 20:47:16.157  4864  4864 I SystemUi--Keyguard: ScrimControllerExImp-->blur State to UNLOCK, bouncer=false changeFromBouncerScrim= false runnerUnlock= false goingAway=false hasHandle=true isOccludeAnimationPlaying=false
07-29 20:47:16.157  3449  4473 I InputDispatcher: injectInputEvent: targetUid=<not set>, syncMode=WAIT_FOR_FINISHED, timeout=30000ms, policyFlags=0x8000000, event=MotionEvent { action=MOVE, id[0]=0, x[0]=900, y[0]=1770.17, eventTime=57901000000, downTime=57636000000, deviceId=4, source=TOUCHSCREEN, displayId=0, eventId=0xceb7e419}
07-29 20:47:16.158  4864  4864 I SystemUi--Keyguard: ScrimControllerExImp-->blur State to UNLOCK, bouncer=false changeFromBouncerScrim= false runnerUnlock= false goingAway=false hasHandle=true isOccludeAnimationPlaying=false
07-29 20:47:16.166  1912  6165 I SnapAlloc: Using graphics libs for alignment calculations
07-29 20:47:16.166  4864  4864 I SystemUi--Keyguard: ScrimControllerExImp-->blur State to UNLOCK, bouncer=false changeFromBouncerScrim= false runnerUnlock= false goingAway=false hasHandle=true isOccludeAnimationPlaying=false
07-29 20:47:16.166  4864  4864 I SystemUi--Keyguard: ScrimControllerExImp-->blur State to UNLOCK, bouncer=false changeFromBouncerScrim= false runnerUnlock= false goingAway=false hasHandle=true isOccludeAnimationPlaying=false
07-29 20:47:16.166  3449  4473 I InputDispatcher: injectInputEvent: targetUid=<not set>, syncMode=WAIT_FOR_FINISHED, timeout=30000ms, policyFlags=0x8000000, event=MotionEvent { action=MOVE, id[0]=0, x[0]=900, y[0]=1829.27, eventTime=57910000000, downTime=57636000000, deviceId=4, source=TOUCHSCREEN, displayId=0, eventId=0xf830dccc}
07-29 20:47:16.174  4864  4864 I SystemUi--Keyguard: ScrimControllerExImp-->blur State to UNLOCK, bouncer=false changeFromBouncerScrim= false runnerUnlock= false goingAway=false hasHandle=true isOccludeAnimationPlaying=false
07-29 20:47:16.174  3449  4473 I InputDispatcher: injectInputEvent: targetUid=<not set>, syncMode=WAIT_FOR_FINISHED, timeout=30000ms, policyFlags=0x8000000, event=MotionEvent { action=MOVE, id[0]=0, x[0]=900, y[0]=1881.8, eventTime=57918000000, downTime=57636000000, deviceId=4, source=TOUCHSCREEN, displayId=0, eventId=0xc1ea80a0}
07-29 20:47:16.174  4864  4864 I SystemUi--Keyguard: ScrimControllerExImp-->blur State to UNLOCK, bouncer=false changeFromBouncerScrim= false runnerUnlock= false goingAway=false hasHandle=true isOccludeAnimationPlaying=false
07-29 20:47:16.182  1912  6165 I SnapAlloc: Using graphics libs for alignment calculations
07-29 20:47:16.182  4864  4864 I SystemUi--Keyguard: ScrimControllerExImp-->blur State to UNLOCK, bouncer=false changeFromBouncerScrim= false runnerUnlock= false goingAway=false hasHandle=true isOccludeAnimationPlaying=false
07-29 20:47:16.183  4864  4864 I SystemUi--Keyguard: ScrimControllerExImp-->blur State to UNLOCK, bouncer=false changeFromBouncerScrim= false runnerUnlock= false goingAway=false hasHandle=true isOccludeAnimationPlaying=false
07-29 20:47:16.183  3449  4473 I InputDispatcher: injectInputEvent: targetUid=<not set>, syncMode=WAIT_FOR_FINISHED, timeout=30000ms, policyFlags=0x8000000, event=MotionEvent { action=MOVE, id[0]=0, x[0]=900, y[0]=1934.33, eventTime=57926000000, downTime=57636000000, deviceId=4, source=TOUCHSCREEN, displayId=0, eventId=0xf34c83dc}
07-29 20:47:16.191  4864  4864 I SystemUi--Keyguard: ScrimControllerExImp-->blur State to UNLOCK, bouncer=false changeFromBouncerScrim= false runnerUnlock= false goingAway=false hasHandle=true isOccludeAnimationPlaying=false
07-29 20:47:16.191  3449  4473 I InputDispatcher: injectInputEvent: targetUid=<not set>, syncMode=WAIT_FOR_FINISHED, timeout=30000ms, policyFlags=0x8000000, event=MotionEvent { action=MOVE, id[0]=0, x[0]=900, y[0]=1993.43, eventTime=57935000000, downTime=57636000000, deviceId=4, source=TOUCHSCREEN, displayId=0, eventId=0xc1e7e00a}
07-29 20:47:16.192  4864  4864 I SystemUi--Keyguard: ScrimControllerExImp-->blur State to UNLOCK, bouncer=false changeFromBouncerScrim= false runnerUnlock= false goingAway=false hasHandle=true isOccludeAnimationPlaying=false
07-29 20:47:16.192  3449  4426 V AlarmManager: sending alarm Alarm{6942218 type 3 origWhen 39186 whenElapsed 39186 android} uid 1000 whenElapsed 39186 windowLength 18750 maxWhenElapsed 57936 repeatInterval 0 action null component null tag WifiHealthMonitor Schedule Post-Boot Detection Timer flags 0x8 procName system_server
07-29 20:47:16.199  4864  4864 I SystemUi--Keyguard: ScrimControllerExImp-->blur State to UNLOCK, bouncer=false changeFromBouncerScrim= false runnerUnlock= false goingAway=false hasHandle=true isOccludeAnimationPlaying=false
07-29 20:47:16.199  1912  6165 I SnapAlloc: Using graphics libs for alignment calculations
07-29 20:47:16.199  3449  4473 I InputDispatcher: injectInputEvent: targetUid=<not set>, syncMode=WAIT_FOR_FINISHED, timeout=30000ms, policyFlags=0x8000000, event=MotionEvent { action=UP, id[0]=0, x[0]=900, y[0]=2000, eventTime=57943000000, downTime=57636000000, deviceId=4, source=TOUCHSCREEN, displayId=0, eventId=0xdcdf8710}
07-29 20:47:16.199  4864  4864 I SystemUi--Keyguard: ScrimControllerExImp-->blur State to UNLOCK, bouncer=false changeFromBouncerScrim= false runnerUnlock= false goingAway=false hasHandle=true isOccludeAnimationPlaying=false
07-29 20:47:16.199  3449  4840 D UAH-UahAdaptHelper: adaptSetNotification identity = OplusUAwareInputHelpersrc = 1000 , type 1 ,p1 = -1 ,p2 = -1 ,p3 = -1 ,p4 =
07-29 20:47:16.199  3449  4840 I [UAH_CLIENT]: uahRuleCtl, ruleId:1000, status:1
07-29 20:47:16.200  3449  4460 D OplusViewDebugManager: OplusViewDebugManager Constructor android.view.debug.OplusViewDebugManager@6060471 [mHasViewDebugProperty true] [mHasMsgDebugProperty false] [DEBUG false] [EXTRAINFOENABLE false] [LIGHT_OS false]
07-29 20:47:16.200  3449  4460 D OplusViewDebugManager: OplusViewDebugManager Constructor android.view.debug.OplusViewDebugManager@6508256 [mHasViewDebugProperty true] [mHasMsgDebugProperty false] [DEBUG false] [EXTRAINFOENABLE false] [LIGHT_OS false]
07-29 20:47:16.200  3449  4840 I [UAH_CLIENT]: UahRelease, handle:41
07-29 20:47:16.200  3449  4840 I [UAH_CLIENT]: UahEventAcquire, cmdid:6, pkg:none, identity:OplusUAwareInputHelper
07-29 20:47:16.201  4864  4864 I SystemUi--Statusbar: OplusStatusBarWindowViewTouchExImpl-->onTouchEvent handled:false
07-29 20:47:16.201  4864  4864 I SystemUi--QuickSettings: OplusPanelViewPagerController-->reset
07-29 20:47:16.201  4864  4864 I SystemUi--QuickSettings: OplusPanelViewPagerController-->reset
07-29 20:47:16.202  4864  4864 I SystemUi--QuickSettings: OplusQSRootViewController-->endMotionEvent, expand: true, vel: 6566.732, vectorVel: 6566.732  isClosing=false panelClosedOnDown=true canSlideHToQSOnStatusBar=true
07-29 20:47:16.202  4864  4864 I SystemUi--QuickSettings: OplusQSRootViewController-->fling qs, expand: true, vel: 6566.732
07-29 20:47:16.202  4864  6131 I [UAH_CLIENT]: UahRelease, handle:40
07-29 20:47:16.202  4864  4864 I SystemUi--QuickSettings: QSPanelExpandFraction-->animateExpanded, isExpanded=true, (0.97501457 -> 1.0), lastFinalPosition=1.0
07-29 20:47:16.202  4864  4864 I SystemUi--QuickSettings: QSPanelTranslationY-->animateExpandTranslationY, isExpanded=true, threshold=156.0
07-29 20:47:16.202  4864  4864 I SystemUi--QuickSettings: QSPanelAnimatorManager-->startRebound
07-29 20:47:16.202  4864  6131 I [UAH_CLIENT]: UahEventAcquire, cmdid:97, pkg:none, identity:OsenseHelperImpl
07-29 20:47:16.202  4864  4864 I SystemUi--QuickSettings: OplusPanelViewPagerController-->notifySeparateQSEndMotionEvent currentNotifyFraction=0.0  fraction=0.97501457 notifyExpandedFraction=0.0 fractionListeners.size=0
07-29 20:47:16.202  4864  4864 I SystemUi--QuickSettings: OplusQSRootViewController-->resetTouch
07-29 20:47:16.202  4864  4864 D OplusViewDragTouchViewHelper: dispatchTouchView action = 1
07-29 20:47:16.202  4864  4864 D OplusViewDragTouchViewHelper: dispatchTouchView action = 1
07-29 20:47:16.202  4864  4864 D OplusViewDragTouchViewHelper: dispatchTouchView action = 1
07-29 20:47:16.204  1944  1985 I [UAH_CLIENT]: UahPlatformResAcquire
07-29 20:47:16.204  1944  1985 I [UAH_CLIENT]: UahEventAcquire, cmdid:-3, pkg:1944 7018, identity:qcom-perfd
07-29 20:47:16.205  1944  1985 E PERFHAL-RESOURCEQS: PERFHAL-RESOURCEQS: AddAndApply() 130: Resource with major=18, minor=30 not supported
07-29 20:47:16.205  1944  1985 E PERFHAL-RESOURCEQS: PERFHAL-RESOURCEQS: AddAndApply() 130: Resource with major=18, minor=31 not supported
07-29 20:47:16.207  4864  4864 I SystemUi--Keyguard: ScrimControllerExImp-->blur State to UNLOCK, bouncer=false changeFromBouncerScrim= false runnerUnlock= false goingAway=false hasHandle=true isOccludeAnimationPlaying=false
07-29 20:47:16.207  4864  4864 I SystemUi--Keyguard: ScrimControllerExImp-->blur State to UNLOCK, bouncer=false changeFromBouncerScrim= false runnerUnlock= false goingAway=false hasHandle=true isOccludeAnimationPlaying=false
07-29 20:47:16.215  4864  4864 I SystemUi--Keyguard: ScrimControllerExImp-->blur State to UNLOCK, bouncer=false changeFromBouncerScrim= false runnerUnlock= false goingAway=false hasHandle=true isOccludeAnimationPlaying=false
07-29 20:47:16.215  1912  6165 I SnapAlloc: Using graphics libs for alignment calculations
07-29 20:47:16.215  4864  4864 I SystemUi--Keyguard: ScrimControllerExImp-->blur State to UNLOCK, bouncer=false changeFromBouncerScrim= false runnerUnlock= false goingAway=false hasHandle=true isOccludeAnimationPlaying=false
07-29 20:47:16.223  4864  4864 I SystemUi--Keyguard: ScrimControllerExImp-->blur State to UNLOCK, bouncer=false changeFromBouncerScrim= false runnerUnlock= false goingAway=false hasHandle=true isOccludeAnimationPlaying=false
07-29 20:47:16.224  4864  4864 I SystemUi--Keyguard: ScrimControllerExImp-->blur State to UNLOCK, bouncer=false changeFromBouncerScrim= false runnerUnlock= false goingAway=false hasHandle=true isOccludeAnimationPlaying=false
07-29 20:47:16.231  4864  4864 I SystemUi--Keyguard: ScrimControllerExImp-->blur State to UNLOCK, bouncer=false changeFromBouncerScrim= false runnerUnlock= false goingAway=false hasHandle=true isOccludeAnimationPlaying=false
07-29 20:47:16.232  1912  6165 I SnapAlloc: Using graphics libs for alignment calculations
07-29 20:47:16.232  4864  4864 I SystemUi--Keyguard: ScrimControllerExImp-->blur State to UNLOCK, bouncer=false changeFromBouncerScrim= false runnerUnlock= false goingAway=false hasHandle=true isOccludeAnimationPlaying=false
07-29 20:47:16.240  4864  4864 I SystemUi--Keyguard: ScrimControllerExImp-->blur State to UNLOCK, bouncer=false changeFromBouncerScrim= false runnerUnlock= false goingAway=false hasHandle=true isOccludeAnimationPlaying=false
07-29 20:47:16.240  4864  4864 I SystemUi--Keyguard: ScrimControllerExImp-->blur State to UNLOCK, bouncer=false changeFromBouncerScrim= false runnerUnlock= false goingAway=false hasHandle=true isOccludeAnimationPlaying=false
07-29 20:47:16.248  4864  4864 I SystemUi--Keyguard: ScrimControllerExImp-->blur State to UNLOCK, bouncer=false changeFromBouncerScrim= false runnerUnlock= false goingAway=false hasHandle=true isOccludeAnimationPlaying=false
07-29 20:47:16.248  1912  6165 I SnapAlloc: Using graphics libs for alignment calculations
07-29 20:47:16.249  4864  4864 I SystemUi--Keyguard: ScrimControllerExImp-->blur State to UNLOCK, bouncer=false changeFromBouncerScrim= false runnerUnlock= false goingAway=false hasHandle=true isOccludeAnimationPlaying=false
07-29 20:47:16.256  4864  4864 I SystemUi--Keyguard: ScrimControllerExImp-->blur State to UNLOCK, bouncer=false changeFromBouncerScrim= false runnerUnlock= false goingAway=false hasHandle=true isOccludeAnimationPlaying=false
07-29 20:47:16.257  4864  4864 I SystemUi--Keyguard: ScrimControllerExImp-->blur State to UNLOCK, bouncer=false changeFromBouncerScrim= false runnerUnlock= false goingAway=false hasHandle=true isOccludeAnimationPlaying=false
07-29 20:47:16.265  4864  4864 I SystemUi--Keyguard: ScrimControllerExImp-->blur State to UNLOCK, bouncer=false changeFromBouncerScrim= false runnerUnlock= false goingAway=false hasHandle=true isOccludeAnimationPlaying=false
07-29 20:47:16.265  1912  6165 I SnapAlloc: Using graphics libs for alignment calculations
07-29 20:47:16.265  4864  4864 I SystemUi--Keyguard: ScrimControllerExImp-->blur State to UNLOCK, bouncer=false changeFromBouncerScrim= false runnerUnlock= false goingAway=false hasHandle=true isOccludeAnimationPlaying=false
07-29 20:47:16.273  4864  4864 I SystemUi--Keyguard: ScrimControllerExImp-->blur State to UNLOCK, bouncer=false changeFromBouncerScrim= false runnerUnlock= false goingAway=false hasHandle=true isOccludeAnimationPlaying=false
07-29 20:47:16.274  4864  4864 I SystemUi--Keyguard: ScrimControllerExImp-->blur State to UNLOCK, bouncer=false changeFromBouncerScrim= false runnerUnlock= false goingAway=false hasHandle=true isOccludeAnimationPlaying=false
07-29 20:47:16.281  4864  4864 I SystemUi--Keyguard: ScrimControllerExImp-->blur State to UNLOCK, bouncer=false changeFromBouncerScrim= false runnerUnlock= false goingAway=false hasHandle=true isOccludeAnimationPlaying=false
07-29 20:47:16.282  1912  6165 I SnapAlloc: Using graphics libs for alignment calculations
07-29 20:47:16.282  4864  4864 I SystemUi--Keyguard: ScrimControllerExImp-->blur State to UNLOCK, bouncer=false changeFromBouncerScrim= false runnerUnlock= false goingAway=false hasHandle=true isOccludeAnimationPlaying=false
07-29 20:47:16.290  4864  4864 I SystemUi--Keyguard: ScrimControllerExImp-->blur State to UNLOCK, bouncer=false changeFromBouncerScrim= false runnerUnlock= false goingAway=false hasHandle=true isOccludeAnimationPlaying=false
07-29 20:47:16.290  4864  4864 I SystemUi--Keyguard: ScrimControllerExImp-->blur State to UNLOCK, bouncer=false changeFromBouncerScrim= false runnerUnlock= false goingAway=false hasHandle=true isOccludeAnimationPlaying=false
07-29 20:47:16.298  4864  4864 I SystemUi--Keyguard: ScrimControllerExImp-->blur State to UNLOCK, bouncer=false changeFromBouncerScrim= false runnerUnlock= false goingAway=false hasHandle=true isOccludeAnimationPlaying=false
07-29 20:47:16.298  1912  6165 I SnapAlloc: Using graphics libs for alignment calculations
07-29 20:47:16.298  4864  4864 I SystemUi--Keyguard: ScrimControllerExImp-->blur State to UNLOCK, bouncer=false changeFromBouncerScrim= false runnerUnlock= false goingAway=false hasHandle=true isOccludeAnimationPlaying=false
07-29 20:47:16.306  4864  4864 I SystemUi--Keyguard: ScrimControllerExImp-->blur State to UNLOCK, bouncer=false changeFromBouncerScrim= false runnerUnlock= false goingAway=false hasHandle=true isOccludeAnimationPlaying=false
07-29 20:47:16.307  4864  4864 I SystemUi--Keyguard: ScrimControllerExImp-->blur State to UNLOCK, bouncer=false changeFromBouncerScrim= false runnerUnlock= false goingAway=false hasHandle=true isOccludeAnimationPlaying=false
07-29 20:47:16.315  4864  4864 I SystemUi--Keyguard: ScrimControllerExImp-->blur State to UNLOCK, bouncer=false changeFromBouncerScrim= false runnerUnlock= false goingAway=false hasHandle=true isOccludeAnimationPlaying=false
07-29 20:47:16.315  1912  6165 I SnapAlloc: Using graphics libs for alignment calculations
07-29 20:47:16.315  4864  4864 I SystemUi--Keyguard: ScrimControllerExImp-->blur State to UNLOCK, bouncer=false changeFromBouncerScrim= false runnerUnlock= false goingAway=false hasHandle=true isOccludeAnimationPlaying=false
07-29 20:47:16.323  4864  4864 I SystemUi--Keyguard: ScrimControllerExImp-->blur State to UNLOCK, bouncer=false changeFromBouncerScrim= false runnerUnlock= false goingAway=false hasHandle=true isOccludeAnimationPlaying=false
07-29 20:47:16.324  4864  4864 I SystemUi--Keyguard: ScrimControllerExImp-->blur State to UNLOCK, bouncer=false changeFromBouncerScrim= false runnerUnlock= false goingAway=false hasHandle=true isOccludeAnimationPlaying=false
07-29 20:47:16.331  4864  4864 I SystemUi--Keyguard: ScrimControllerExImp-->blur State to UNLOCK, bouncer=false changeFromBouncerScrim= false runnerUnlock= false goingAway=false hasHandle=true isOccludeAnimationPlaying=false
07-29 20:47:16.331  1912  6165 I SnapAlloc: Using graphics libs for alignment calculations
07-29 20:47:16.331  4864  4864 I SystemUi--Keyguard: ScrimControllerExImp-->blur State to UNLOCK, bouncer=false changeFromBouncerScrim= false runnerUnlock= false goingAway=false hasHandle=true isOccludeAnimationPlaying=false
07-29 20:47:16.339  4864  4864 I SystemUi--Keyguard: ScrimControllerExImp-->blur State to UNLOCK, bouncer=false changeFromBouncerScrim= false runnerUnlock= false goingAway=false hasHandle=true isOccludeAnimationPlaying=false
07-29 20:47:16.340  4864  4864 I SystemUi--Keyguard: ScrimControllerExImp-->blur State to UNLOCK, bouncer=false changeFromBouncerScrim= false runnerUnlock= false goingAway=false hasHandle=true isOccludeAnimationPlaying=false
07-29 20:47:16.346  1992  1992 D SensorFeature: name=ssc_screenshot_info ,index = 22
07-29 20:47:16.346  1992  1992 D SensorFeature: write 29 bytes:58081434716,58089768049,158,0
07-29 20:47:16.348  4864  4864 I SystemUi--Keyguard: ScrimControllerExImp-->blur State to UNLOCK, bouncer=false changeFromBouncerScrim= false runnerUnlock= false goingAway=false hasHandle=true isOccludeAnimationPlaying=false
07-29 20:47:16.348  4864  4864 I SystemUi--Keyguard: ScrimControllerExImp-->blur State to UNLOCK, bouncer=false changeFromBouncerScrim= false runnerUnlock= false goingAway=false hasHandle=true isOccludeAnimationPlaying=false
07-29 20:47:16.348  1912  6165 I SnapAlloc: Using graphics libs for alignment calculations
07-29 20:47:16.356  4864  4864 I SystemUi--Keyguard: ScrimControllerExImp-->blur State to UNLOCK, bouncer=false changeFromBouncerScrim= false runnerUnlock= false goingAway=false hasHandle=true isOccludeAnimationPlaying=false
07-29 20:47:16.357  4864  4864 I SystemUi--Keyguard: ScrimControllerExImp-->blur State to UNLOCK, bouncer=false changeFromBouncerScrim= false runnerUnlock= false goingAway=false hasHandle=true isOccludeAnimationPlaying=false
07-29 20:47:16.364  4864  4864 I SystemUi--Keyguard: ScrimControllerExImp-->blur State to UNLOCK, bouncer=false changeFromBouncerScrim= false runnerUnlock= false goingAway=false hasHandle=true isOccludeAnimationPlaying=false
07-29 20:47:16.364  1912  6165 I SnapAlloc: Using graphics libs for alignment calculations
07-29 20:47:16.365  4864  4864 I SystemUi--Keyguard: ScrimControllerExImp-->blur State to UNLOCK, bouncer=false changeFromBouncerScrim= false runnerUnlock= false goingAway=false hasHandle=true isOccludeAnimationPlaying=false
07-29 20:47:16.373  4864  4864 I SystemUi--Keyguard: ScrimControllerExImp-->blur State to UNLOCK, bouncer=false changeFromBouncerScrim= false runnerUnlock= false goingAway=false hasHandle=true isOccludeAnimationPlaying=false
07-29 20:47:16.373  4864  4864 I SystemUi--Keyguard: ScrimControllerExImp-->blur State to UNLOCK, bouncer=false changeFromBouncerScrim= false runnerUnlock= false goingAway=false hasHandle=true isOccludeAnimationPlaying=false
07-29 20:47:16.381  4864  4864 I SystemUi--Keyguard: ScrimControllerExImp-->blur State to UNLOCK, bouncer=false changeFromBouncerScrim= false runnerUnlock= false goingAway=false hasHandle=true isOccludeAnimationPlaying=false
07-29 20:47:16.381  1912  6165 I SnapAlloc: Using graphics libs for alignment calculations
07-29 20:47:16.381  4864  4864 I SystemUi--Keyguard: ScrimControllerExImp-->blur State to UNLOCK, bouncer=false changeFromBouncerScrim= false runnerUnlock= false goingAway=false hasHandle=true isOccludeAnimationPlaying=false
07-29 20:47:16.389  4864  4864 I SystemUi--QuickSettings: TemporarilyInfoManager-->[setStarted] true
07-29 20:47:16.389  4864  4864 I SystemUi--QuickSettings: OplusQSRootViewController-->endClosing()
07-29 20:47:16.389  4864  4864 I SystemUi--Common: OplusShadeExpansionStat-->go state: OPENING -> OPEN
07-29 20:47:16.389  4864  4864 I SystemUi--Common: OplusShadeExpansionStat-->go state: OPENING -> OPEN
07-29 20:47:16.389  4864  4864 I SystemUi--Keyguard: ScrimControllerExImp-->blur State to UNLOCK, bouncer=false changeFromBouncerScrim= false runnerUnlock= false goingAway=false hasHandle=true isOccludeAnimationPlaying=false
07-29 20:47:16.390  4864  4864 I SystemUi--Common: PlatformBlurManagerImpl-->setPlatformBlurMode: blurMode=AUTO(blurFrequency=4)
07-29 20:47:16.390  4864  4864 I SystemUi--Common: PlatformBlurManagerImpl-->updateMotionFrequency: isExpanding=false
07-29 20:47:16.390  4864  4864 I SystemUi--Keyguard: ScrimControllerExImp-->blur State to UNLOCK, bouncer=false changeFromBouncerScrim= false runnerUnlock= false goingAway=false hasHandle=true isOccludeAnimationPlaying=false
07-29 20:47:16.390  4864  4864 I SystemUi--Device_Panel: OplusQSMyDeviceContainerViewController-->setQsDeviceExpansion expansion 1.0
07-29 20:47:16.390  4864  4864 I SystemUi--QuickSettings: QSPanelExpandFraction-->fractionAnimation onAnimationEnd, value=1.0
07-29 20:47:16.398  1912  6165 I SnapAlloc: Using graphics libs for alignment calculations
07-29 20:47:16.495  1915  4476 I Dpps    : LtmSwState::SetParameter():144 ignore cmd 7 in state LtmOffState
07-29 20:47:16.530  3449  3806 D VRR [OPlusSAManager]: updateAutoMinfps with nits: 123.61333, mHistOK true, mAmbientOK true, mCctOK true, mIrOK true, mBrightnessOK true, isPkgOK true, SA min fps: 119
07-29 20:47:16.530  3449  3806 D VRR [OPlusSurfaceFlingerController]: setAutoMode enable: true fakeFrame: true fps: 119
07-29 20:47:16.530  2150  2457 I VRR-[OPlusAdfrUtil]: ADFR try set Auto mode with mode 1 fakeframe 1 min fps 119
07-29 20:47:16.530  2150  2457 D VRR-[OPlusRefreshRateSelector]: OSyncModes add size is 1.
07-29 20:47:16.530  2150  2457 I VRR-[OPlusRefreshRateSelector]: updateAutoMode success, display 0, mode 0, fakeframe 1, min fps: 1
07-29 20:47:16.530  2150  3490 D VRR-[OPlusRefreshRateSelector]: handleSetHWCOSync
07-29 20:47:16.530  2150  3490 D VRR-[OPlusRefreshRateSelector]: OSyncModes remaining size is 0.
07-29 20:47:16.530  2150  3490 D VRR-[OPlusRefreshRateSelector]: SetHWCOSync with 5CC08181
07-29 20:47:16.530  1915  3487 I SDM     : DisplayBuiltIn::SetQSyncMode: VRR + update qsync mode 0 minfps 00C08181
07-29 20:47:16.538  1915  2178 E SDM     : DRMConnector::Perform: Connector 67: Setting Qsync min fps 12616065
07-29 20:47:16.620  1992  1992 D SensorFeature: name=ssc_screenshot_info ,index = 22
07-29 20:47:16.621  1992  1992 D SensorFeature: write 29 bytes:58355717633,58364050966,159,0
07-29 20:47:16.759  1837  4483 I sensors-hal: handle_oplus_wise_rgb_event:189, high_pwm_light:lux 283.2,cct 3641.6,brl/algo/ir 1451.0/2.0/16.8,pwm/dc 0.0/0.0,rgbc 21812.189453/13721.212891/6305.337891/40496.664062,ts 58347672025,cnt 830,flag 159
07-29 20:47:16.759  1915  4476 I Dpps    : LtmSwState::SetParameter():144 ignore cmd 7 in state LtmOffState
07-29 20:47:16.764  6541  6645 E oiface  : sched_setaffinity failed
07-29 20:47:16.766  2012  2012 D vendor.oplus.hardware.charger-V7-service: getChargerControl:
07-29 20:47:16.781  1994  9714 E PerformanceService: storage_feature: open /sys/devices/platform/soc/112b0000.ufshci//virtualtlcbuff fail
07-29 20:47:16.787  3449  4473 W BestClock: java.time.DateTimeException: Missing network time fix
07-29 20:47:16.787  3449  4473 W BestClock: java.time.DateTimeException: Missing network time fix
07-29 20:47:16.788  3449  5586 W BestClock: java.time.DateTimeException: Missing network time fix
07-29 20:47:16.894  1992  1992 D SensorFeature: name=ssc_screenshot_info ,index = 22
07-29 20:47:16.894  1992  1992 D SensorFeature: write 29 bytes:58629500758,58637834091,160,0
07-29 20:47:17.012  5238  5601 D OplusScrollToTopManager: com.android.launcher/com.android.launcher.Launcher,This com.android.internal.policy.DecorView{62a50f6 V.E...... R....... 0,0-1080,2376 aid=0 alpha=1.0 viewInfo = }[Launcher] change focus to false
07-29 20:47:17.014  4864  5048 D OplusScrollToTopManager: NotificationShade,This com.android.systemui.shade.NotificationShadeWindowView{34814fa V.E...... ........ 0,0-1080,2376 #7f0a06b7 app:id/legacy_window_root alpha=1.0 viewInfo = } change focus to true
07-29 20:47:17.014  4864  5048 D OplusScrollToTopManager: NotificationShade, registerGuidePopupDismissReceiverInSystemUI
07-29 20:47:17.015  4864  5048 D OplusScrollToTopManager: NotificationShade, after registerGuidePopupDismissReceiverInSystemUI
07-29 20:47:17.025  1915  4476 I Dpps    : LtmSwState::SetParameter():144 ignore cmd 7 in state LtmOffState
07-29 20:47:17.035  2012  2086 D BatteryChargeControl: bcc get no support from charging protocol
07-29 20:47:17.170  1992  1992 D SensorFeature: name=ssc_screenshot_info ,index = 22
07-29 20:47:17.170  1992  1992 D SensorFeature: write 29 bytes:58903449247,58911782580,161,0
07-29 20:47:17.240  3449  5586 I InputDispatcher: injectInputEvent: targetUid=<not set>, syncMode=WAIT_FOR_FINISHED, timeout=30000ms, policyFlags=0x8000000, event=MotionEvent { action=DOWN, id[0]=0, x[0]=877, y[0]=1330, eventTime=58984000000, downTime=58984000000, deviceId=4, source=TOUCHSCREEN, displayId=0, eventId=0xd8eb7e0c}
07-29 20:47:17.240  3449  4668 D OMP_Detector: D:done mCurrStatus: 0
