07-29 20:47:17.240  4864  4864 V AutofillManager: requestHideFillUi(null): anchor = null
07-29 20:47:17.240  4864  4864 V Application: getAutofillClient(): null on super, trying to find activity thread
07-29 20:47:17.240  4864  4864 V Application: getAutofillClient(): none of the 0 activities on com.android.systemui.SystemUIApplication@e9ba6e are top resumed nor have focus
07-29 20:47:17.240  4864  4864 V AutofillManager: No AutofillClient for com.android.systemui on context com.android.systemui.SystemUIApplication@e9ba6e
07-29 20:47:17.240  3449  4840 I [UAH_CLIENT]: UahEventAcquire, cmdid:37, pkg:none, identity:OplusUAwareInputHelper
07-29 20:47:17.240  3449  3782 D PowerManagerService: userActivityNoUpdateLocked: groupId=0, eventTime=58984, event=touch, flags=0x0, uid=1000
07-29 20:47:17.241  3449  4840 D UAH-UahAdaptHelper: adaptSetNotification identity = OplusUAwareInputHelpersrc = 1000 , type 0 ,p1 = -1 ,p2 = -1 ,p3 = -1 ,p4 =
07-29 20:47:17.241  3449  4840 I [UAH_CLIENT]: uahRuleCtl, ruleId:1000, status:0
07-29 20:47:17.241  4864  4864 I SystemUi--Common: ScrollTranslationValue-->resetPanelTranslationY
07-29 20:47:17.241  4864  4864 I SystemUi--QuickSettings: OplusPanelViewPagerController-->initExpanded downExpanded=QS downOnRight=true targetPage=QS downOnYHotArea=false  isKeyguardShowing=false isOnKeyguard=false fractionListeners.size=0 currentQsFraction=1.0 currentNotifyFraction=0.0 hasCalledDownEvent=true getScrollXHotZone=([Rect(0, 0 - 1080, 2376)], [Rect(-1, -1 - -1, -1), Rect(144, 2143 - 270, 2269), Rect(810, 2143 - 936, 2269)]) getScrollYHotZone=Rect(0, 0 - 1080, 222) notifyExpandedFraction=0.0 isLastUpToExpand=true qsPanelView.translationX=0.0
07-29 20:47:17.241  4864  4864 I SystemUi--QuickSettings: OplusQSRootViewController-->startExpandMotion event: 0, startTracking: false isClosing: false panelClosedOnDown: false
07-29 20:47:17.241  4864  4864 I SystemUi--QuickSettings: OplusQSRootViewController-->initialOffsetOnTouch: 2376.0, panelClosedOnDown: false
07-29 20:47:17.242  3449  5586 I InputDispatcher: injectInputEvent: targetUid=<not set>, syncMode=WAIT_FOR_FINISHED, timeout=30000ms, policyFlags=0x8000000, event=MotionEvent { action=UP, id[0]=0, x[0]=877, y[0]=1330, eventTime=58984000000, downTime=58984000000, deviceId=4, source=TOUCHSCREEN, displayId=0, eventId=0xf9d5a52b}
07-29 20:47:17.242  3449  4840 D UAH-UahAdaptHelper: adaptSetNotification identity = OplusUAwareInputHelpersrc = 1000 , type 1 ,p1 = -1 ,p2 = -1 ,p3 = -1 ,p4 =
07-29 20:47:17.242  3449  4840 I [UAH_CLIENT]: uahRuleCtl, ruleId:1000, status:1
07-29 20:47:17.243  4864  4864 I SystemUi--Statusbar: OplusStatusBarWindowViewTouchExImpl-->onTouchEvent handled:false
07-29 20:47:17.243  4864  4864 I SystemUi--QuickSettings: OplusPanelViewPagerController-->reset
07-29 20:47:17.243  4864  4864 I SystemUi--QuickSettings: OplusQSRootViewController-->resetTouch
07-29 20:47:17.243  4864  4864 D OplusViewDragTouchViewHelper: dispatchTouchView action = 1
07-29 20:47:17.243  4864  4864 D ViewRootImplExtImpl: the up motion event handled by client, just return
07-29 20:47:17.244  4864  4864 I SystemUi--QuickSettings: Tile.OplusAirplaneModeTile-->clicked ------ state is :2 canTips :true
07-29 20:47:17.244  4864  5419 V OplusCustomizeCacheManager: queryCache name: sys.cache.common_customize_cache18026 param: null
07-29 20:47:17.244  4864  5419 V OplusCustomizeCacheManager: queryCache name: sys.cache.common_customize_cache18026 param: null
07-29 20:47:17.246  4864  5808 I SystemUi--QuickSettings: Tile.OplusAirplaneModeTile-->handleUpdateState state.state: 2 value: 0
07-29 20:47:17.246  4864  5808 V OplusCustomizeCacheManager: queryCache name: sys.cache.common_customize_cache18026 param: null
07-29 20:47:17.247  5035  5035 W Settings: Setting airplane_mode_on has moved from android.provider.Settings.System to android.provider.Settings.Global, returning read-only value.
07-29 20:47:17.247  5227  5227 D SubsysBroadcastManager: onReceive action:android.intent.action.AIRPLANE_MODE
07-29 20:47:17.247  4864  4864 I SystemUi--Statusbar: OplusStatusBarSignalPolicy-->imsIcon: OplusIMSModel(shouldShowVolte=false, shouldShowVowifi=false, simInserted=true, noSim=false, shouldShowVodata=false, shouldShowVo5G=false, vowifiState=false), OplusIMSModel(shouldShowVolte=false, shouldShowVowifi=false, simInserted=false, noSim=true, shouldShowVodata=false, shouldShowVo5G=false, vowifiState=false), noSubs:false, airplaneMode:falsevisible: false ,wifiConnect:false , vowifiIcon:0 , voDataStatus:false, is5GNewCall:false
07-29 20:47:17.247  4864  4864 I SystemUi--Statusbar: OplusStatusBarSignalPolicy-->noSimIcon simState: SimStateModel(simInserted=[true, false], simForbidden=[false, true], simStateIMSI=[true, false], simLoaded=[true, false]), noSubs:false isAirplaneMode:false
07-29 20:47:17.247  3449  4646 D OplusWifiPower_ConnLpmEventObsever: AIRPLANE_MODE_ON:false
07-29 20:47:17.247  4864  4864 I SystemUi--Statusbar: OplusMobileIconViewModel-->isVisible subId:1 isAirplaneMode:false isAllowedDuringAirplaneMode:false isForceHidden:false isSatelliteForbid:false
07-29 20:47:17.247  3449  3449 D OplusWifiBroadCastDispatcher: mBroadcastReceiver: onReceiver  action=android.intent.action.AIRPLANE_MODE
07-29 20:47:17.247  4864  4864 I SystemUi--Statusbar: OplusStatusBarMobileViewBinder-->isVisible:true
07-29 20:47:17.247  4864  4864 I SystemUi--Statusbar: OplusStatusBarMobileViewBinder-->isVisible:true
07-29 20:47:17.247  4864  4864 I SystemUi--Statusbar: OplusStatusBarMobileViewBinder-->isVisible:true
07-29 20:47:17.247  4864  4864 I SystemUi--Statusbar: OplusStatusBarMobileViewBinder-->isVisible:true
07-29 20:47:17.247  4864  4864 I SystemUi--Statusbar: OplusStatusBarMobileViewBinder-->isVisible:true
07-29 20:47:17.247  5227  5227 D NetworkService[0]: onAirPlaneModeChange isAirPlaneModeOn:false
07-29 20:47:17.247  5227  5227 D NetworkService[1]: onAirPlaneModeChange isAirPlaneModeOn:false
07-29 20:47:17.247  5227  5227 D QuickChangeAirplaneModeEvent: airplane mode off
07-29 20:47:17.248  4945  4945 W Settings: Setting airplane_mode_on has moved from android.provider.Settings.System to android.provider.Settings.Global, returning read-only value.
07-29 20:47:17.248  4945  4945 W Settings: Setting airplane_mode_on has moved from android.provider.Settings.System to android.provider.Settings.Global, returning read-only value.
07-29 20:47:17.248  4945  4945 W Settings: Setting airplane_mode_on has moved from android.provider.Settings.System to android.provider.Settings.Global, returning read-only value.
07-29 20:47:17.248  4945  4945 W Settings: Setting airplane_mode_on has moved from android.provider.Settings.System to android.provider.Settings.Global, returning read-only value.
07-29 20:47:17.248  4945  4945 W Settings: Setting airplane_mode_on has moved from android.provider.Settings.System to android.provider.Settings.Global, returning read-only value.
07-29 20:47:17.248  5027  7272 I PCDR-common_no_service[0]: forbidden
07-29 20:47:17.248  7343 12454 I SettingImpl: isAirplaneModeToggleChecked switchValue: -1, airplane mode isChecked is false
07-29 20:47:17.249  3449  4526 D WifiController: Airplane mode disabled, determine next state
07-29 20:47:17.249  3449  4526 D WifiActiveModeWarden: Starting primary ClientModeManager in scan only mode
07-29 20:47:17.249  4945  4945 D PhoneGlobals: ACTION_AIRPLANE_MODE_CHANGED received
07-29 20:47:17.249  4945  4945 D PhoneGlobals: Receive ACTION_AIRPLANE_MODE_CHANGED, state: false
07-29 20:47:17.249  4945  4945 I PhoneGlobals: handleAirplaneModeChange: isAirplaneNewlyOn=false
07-29 20:47:17.249  4945  4945 D PhoneGlobals: handleAirplaneModeChange: isAirplaneNewlyOn = false, cellState = 2
07-29 20:47:17.249  4945  4945 I PhoneGlobals: Turning radio on - airplane
07-29 20:47:17.249  1994  9714 E PerformanceService: [damon_reclaim] Failed to open wmarks_xxx, Linux version 6.6.30
07-29 20:47:17.249  3449  4325 E PerformanceManager: setDamonReclaimWmarks succeed.
07-29 20:47:17.250  5027  5828 D ElevatorEvent: enableElevatorDetect mIsElevSensorReg = false
07-29 20:47:17.250  5027  5752 D NAS-CallIssueDetector: notifyApmChanged
07-29 20:47:17.250  5027  5828 V SystemSensorManagerExtImpl: RegisterListener elevator_detect  Wakeup type:33171036 delay:200000us by com.oplus.nas.comm.event.ElevatorEvent$a@62a50f6 from com.oplus.nas
07-29 20:47:17.250  3449  4647 D OplusWifiSwitchStateMonitor: mWifiSettingsValue:0
07-29 20:47:17.250  3449  4647 D OplusWifiSwitchStateMonitor: notify scan state: true
07-29 20:47:17.250  3449  4235 D SensorService: createSensorEventConnection packageName = com.oplus.nas.comm.event.ElevatorEvent, opPackageName = com.oplus.nas, mCurrentOperatingMode = 0, requestedMode = 0
07-29 20:47:17.250  4864  5808 V OplusCustomizeCacheManager: queryCache name: sys.cache.common_customize_cache11009 param: null
07-29 20:47:17.250  5118  5118 I QImsService: OplusWifiApmStateMgr : ACTION_AIRPLANE_MODE_CHANGED,mIsAirplaneModeOn: false
07-29 20:47:17.250  5118  5118 I QImsService: OplusImsServiceSubImpl : onTurnOffImsAfterWifiChanged : false
07-29 20:47:17.250  5118  5118 I QImsService: OplusImsServiceSubImpl : onTurnOffImsAfterWifiChanged : false
07-29 20:47:17.250  5227  5227 W Settings: Setting airplane_mode_on has moved from android.provider.Settings.System to android.provider.Settings.Global, returning read-only value.
07-29 20:47:17.250  3449  4526 D WifiController: DisabledState.exit()
07-29 20:47:17.251  3449  4526 D WifiController: EnabledState.enter()
07-29 20:47:17.251  3449  4526 D WifiClientModeManager[58993:unknown]: entering IdleState
07-29 20:47:17.251  5027  5752 D NAS-CallIssueDetector: EVENT_SIM_STATE_CHANGE mSimState[0] LOADED
07-29 20:47:17.251  5027  5752 D SceneEvent: registerSensorMgr start
07-29 20:47:17.251  5078  7938 I txpwradmin:SettingsObserver: onChange for uri = content://settings/global/airplane_mode_on
07-29 20:47:17.251  3449  4471 D BluetoothSystemServer: BluetoothRadioModeListener: Not sensitive to airplane_mode_radios change. Forced to false
07-29 20:47:17.251  5035  5035 I HidlServiceManagement: Trying to get transport of vendor.oplus.hardware.appradio@1.0::IOplusAppRadio/oplus_app_slot1 without hwservicemanager
07-29 20:47:17.252  5035  5035 E NhsAppRIL/0: in getOplusRadioProxy getService: Exception: java.util.NoSuchElementException
07-29 20:47:17.252  5078  7938 D txpwrJni: sendRadioStatus start
07-29 20:47:17.252  5227  5227 D RadioMessenger: handleMessage Request msgid 2215
07-29 20:47:17.252  5035  5035 D NhsElevatorReceiver: enableElevatorDetect mIsElevSensorReg = false
07-29 20:47:17.252  5035  5035 V SystemSensorManagerExtImpl: RegisterListener elevator_detect  Wakeup type:33171036 delay:200000us by t0.g$b@458d388 from com.oplus.nhs
07-29 20:47:17.252  3449  4473 D SensorService: createSensorEventConnection packageName = t0.g, opPackageName = com.oplus.nhs, mCurrentOperatingMode = 0, requestedMode = 0
07-29 20:47:17.253  3449  5586 W SensorService: SensorEventConnection sensor handle=1362, package = t0.g enable
07-29 20:47:17.253  3449  5586 E SensorService: Required app t0.g, uid 1001, pid 5035
07-29 20:47:17.253  3449  5586 D SensorService: Calling batch handle==1362 flags=0rate=200000000 timeout== 0
07-29 20:47:17.253  3449  5586 D SensorService: SensorDevice::batch: ident=0xb400006f935a7d80, handle=0x00000552, flags=0, period_ns=200000000 timeout=0
07-29 20:47:17.253  3449  5586 D SensorService: 	>>> actuating h/w BATCH 0x00000552 200000000 0
07-29 20:47:17.253  1837  1837 I sensors-hal: batch:153, qti.sensor.elevator_detect/1362, period=200000000, max_latency=0
07-29 20:47:17.253  1837  1837 I sensors-hal: batch:175, qti.sensor.elevator_detect/1362, period=200000000, max_latency=0 request completed
07-29 20:47:17.253  3449  5586 D SensorService: Calling activate on 1362
07-29 20:47:17.253  3449  5586 D SensorService: SensorDevice::activate: ident=0xb400006f935a7d80, handle=0x00000552, enabled=1, count=1
07-29 20:47:17.253  3449  4884 W SensorService: SensorEventConnection sensor handle=1362, package = com.oplus.nas.comm.event.ElevatorEvent enable
07-29 20:47:17.253  3449  4884 E SensorService: Required app com.oplus.nas.comm.event.ElevatorEvent, uid 1000, pid 5027
07-29 20:47:17.253  3449  5586 D SensorService: enable index=0
07-29 20:47:17.253  3449  5586 D SensorService: info.numActiveClients() = 1, info.isActive = 0
07-29 20:47:17.253  3449  5586 D SensorService: activateHardware = 1
07-29 20:47:17.253  3449  5586 D SensorService: 	>>> actuating h/w activate handle=1362 enabled=1
07-29 20:47:17.253  1837  1837 I sensors-hal: activate:112, qti.sensor.elevator_detect/1362 en=1
07-29 20:47:17.253  1837  1837 I sensors-hal: acquire_qsh_interface:131, acquire_qsh_interface with sensor_id 28 , conn_type 2 
07-29 20:47:17.253  5027  5750 D OplusLinkBoostMeeting: onAirplaneModeChange
07-29 20:47:17.253  5027  5746 D ResidenceLocSm: onPreHandleMessage 49
07-29 20:47:17.254  5027  5746 D ResidenceLocSm: onPostHandleMessage 49
07-29 20:47:17.254  5027  7272 I PCDR-common_no_45g[0]: forbidden
07-29 20:47:17.254  5027  7272 I PCDR-common_no_service[1]: forbidden
07-29 20:47:17.254  5027  7272 I PCDR-common_no_45g[1]: forbidden
07-29 20:47:17.254  4864  4864 D RowAnimatorExtImpl: init:tx,view:StatusBarIconView(slot='volume' alpha=1.0 icon=StatusBarIcon(icon=Icon(typ=RESOURCE pkg=com.android.systemui id=0x7f0818f0) visible user=0 ) visibleState=ICON iconColor=#ccffffff staticDrawableColor=#ccffffff decorColor=#ffffffff animationStartColor=#0 currentSetColor=#ccffffff notification=null),translationX:  9.0  0.0  
07-29 20:47:17.254  4864  4864 D RowAnimatorExtImpl: init:tx,view:StatusBarIconView(slot='zen' alpha=1.0 icon=StatusBarIcon(icon=Icon(typ=RESOURCE pkg=com.android.systemui id=0x7f0818e1) visible user=0 ) visibleState=ICON iconColor=#ccffffff staticDrawableColor=#ccffffff decorColor=#ffffffff animationStartColor=#0 currentSetColor=#ccffffff notification=null),translationX:  57.0  48.0  
07-29 20:47:17.254  4864  4864 D RowAnimatorExtImpl: init:tx,view:StatusBarIconView(slot='volume' alpha=1.0 icon=StatusBarIcon(icon=Icon(typ=RESOURCE pkg=com.android.systemui id=0x7f0818f0) visible user=0 ) visibleState=ICON iconColor=#ccffffff staticDrawableColor=#ccffffff decorColor=#ffffffff animationStartColor=#0 currentSetColor=#ccffffff notification=null),translationX:  9.0  0.0  
07-29 20:47:17.254  4864  4864 D RowAnimatorExtImpl: init:tx,view:StatusBarIconView(slot='zen' alpha=1.0 icon=StatusBarIcon(icon=Icon(typ=RESOURCE pkg=com.android.systemui id=0x7f0818e1) visible user=0 ) visibleState=ICON iconColor=#ccffffff staticDrawableColor=#ccffffff decorColor=#ffffffff animationStartColor=#0 currentSetColor=#ccffffff notification=null),translationX:  57.0  48.0  
07-29 20:47:17.254  1810  1869 E minksocket: MinkIPC ERROR: ( 1810:1869 ) MinkIPC_preProcess:272 Client down, but cannot find corresponding minksession
07-29 20:47:17.254  4864  4864 D RowAnimatorExtImpl: init:tx,view:StatusBarIconView(slot='volume' alpha=1.0 icon=StatusBarIcon(icon=Icon(typ=RESOURCE pkg=com.android.systemui id=0x7f0818f0) visible user=0 ) visibleState=ICON iconColor=#ccffffff staticDrawableColor=#ccffffff decorColor=#ffffffff animationStartColor=#0 currentSetColor=#ccffffff notification=null),translationX:  9.0  0.0  
07-29 20:47:17.254  4864  4864 D RowAnimatorExtImpl: init:tx,view:StatusBarIconView(slot='zen' alpha=1.0 icon=StatusBarIcon(icon=Icon(typ=RESOURCE pkg=com.android.systemui id=0x7f0818e1) visible user=0 ) visibleState=ICON iconColor=#ccffffff staticDrawableColor=#ccffffff decorColor=#ffffffff animationStartColor=#0 currentSetColor=#ccffffff notification=null),translationX:  57.0  48.0  
07-29 20:47:17.254  5227  5227 D RadioProxyJ: [PHONE0][96]> getNecData moduleId:1 evtId:[0, 16, 0, 0, 0, 0, 0, 0, 0, 0, 0, 0, 0, 0, 0, 0, 0, 0, 0, 0, 0, 0, 0, 0, 0, 0, 0, 0, 0, 0, 0, 0]
07-29 20:47:17.254  1810  1859 E minksocket: MinkIPC ERROR: ( 1810:1859 ) MinkIPC_preProcess:272 Client down, but cannot find corresponding minksession
07-29 20:47:17.254  1850  1850 W android.hardware.wifi-service: No active wlan interfaces in use! Using default
07-29 20:47:17.255  3449  4471 D BluetoothSystemServer: AirplaneModeListener: Ignore mode change to same state. previousMode=false, isOn=false, isOnOverrode=false, isMediaConnected=false
07-29 20:47:17.255  4864  5808 I SystemUi--QuickSettings: Tile.OplusAirplaneModeTile-->handleUpdateState state.state: 1 value: 0
07-29 20:47:17.255  4864  5808 V OplusCustomizeCacheManager: queryCache name: sys.cache.common_customize_cache18026 param: null
07-29 20:47:17.256  1810  1859 E minksocket: MinkIPC ERROR: ( 1810:1859 ) MinkIPC_preProcess:272 Client down, but cannot find corresponding minksession
07-29 20:47:17.256  1810  1869 E minksocket: MinkIPC ERROR: ( 1810:1869 ) MinkIPC_preProcess:272 Client down, but cannot find corresponding minksession
07-29 20:47:17.256  1810  1869 E minksocket: MinkIPC ERROR: ( 1810:1869 ) MinkIPC_preProcess:272 Client down, but cannot find corresponding minksession
07-29 20:47:17.256  1810  1859 E minksocket: MinkIPC ERROR: ( 1810:1859 ) MinkIPC_preProcess:272 Client down, but cannot find corresponding minksession
07-29 20:47:17.257  1837  1837 I sensors-hal: qsh_qmi:34, qsh_qmi
07-29 20:47:17.257  1837  1837 I sensors-hal: send_sync_sensor_request:443, send sync request
07-29 20:47:17.257  1837  1837 I sensors-hal: send_sync_sensor_request:472, wait for notification of response
07-29 20:47:17.257  1810  1859 E minksocket: MinkIPC ERROR: ( 1810:1859 ) MinkIPC_preProcess:272 Client down, but cannot find corresponding minksession
07-29 20:47:17.257  1810  1869 E minksocket: MinkIPC ERROR: ( 1810:1869 ) MinkIPC_preProcess:272 Client down, but cannot find corresponding minksession
07-29 20:47:17.257  3332  3371 D QmiVsClient: getNecData - enter
07-29 20:47:17.257  3332  3371 E QmiVsClient: sendAsyncRequest QMI_VS_GET_NEC_DATA_REQ_MSG_V01 ret 0
07-29 20:47:17.258  3449  4526 D OplusWifiConcurrentManager: isConcurrentCombinationAllowed : createMode= 0, requestType =-1
07-29 20:47:17.258  1837 13027 I sensors-hal: qsh_conn_resp_cb:793, resp_value = 0 for elevator_detect 
07-29 20:47:17.258  3449  4526 I HalDevMgr: currentModeId=3, requestModeId=3, currentModeIdValid=true
07-29 20:47:17.258  1837  1837 I sensors-hal: send_sync_sensor_request:478, takes 1 ms to receive the response with 0
07-29 20:47:17.258  1837  1837 I sensors-hal: activate:131, qti.sensor.elevator_detect/1362 en=1 completed
07-29 20:47:17.258  1850  1850 D WifiHAL : wifi_set_interface_mode: ifname=wlan0 iface_type=0
07-29 20:47:17.258  3449  5586 D SensorService: 0xb400006f935a7d80 addFd fd=933
07-29 20:47:17.258  1850  1850 I android.hardware.wifi-service: Adding interface handle for wlan0
07-29 20:47:17.258  1850  1850 I android.hardware.wifi-service: Adding interface handle for p2p0
07-29 20:47:17.258  1850  1850 I android.hardware.wifi-service: Adding interface handle for wifi-aware0
07-29 20:47:17.259  5035  5035 D NhsElevatorReceiver: elevator:registerForElevatorDetect  , true mIsElevSensorReg = true
07-29 20:47:17.259  5035  5035 D NhsSceneReceiver: registerSensorMgr start
07-29 20:47:17.259  3449  4884 D SensorService: Calling batch handle==1362 flags=0rate=200000000 timeout== 0
07-29 20:47:17.259  3449  4884 D SensorService: SensorDevice::batch: ident=0xb400006fb8d6dbc0, handle=0x00000552, flags=0, period_ns=200000000 timeout=0
07-29 20:47:17.259  5035  5035 V SystemSensorManagerExtImpl: RegisterListener oplus_activity_recognition  Wakeup type:33171037 delay:200000us by t0.k$a@d75b121 from com.oplus.nhs
07-29 20:47:17.259  3449  4884 D SensorService: Calling activate on 1362
07-29 20:47:17.259  3449  4884 D SensorService: SensorDevice::activate: ident=0xb400006fb8d6dbc0, handle=0x00000552, enabled=1, count=2
07-29 20:47:17.259  3449  4884 D SensorService: enable index=1
07-29 20:47:17.259  3449  4884 D SensorService: info.numActiveClients() = 2, info.isActive = 1
07-29 20:47:17.259  3449  4884 D SensorService: activateHardware = 0
07-29 20:47:17.259  3449  4884 D SensorService: 0xb400006fb8d6dbc0 addFd fd=914
07-29 20:47:17.259  3449  4473 D SensorService: createSensorEventConnection packageName = t0.k, opPackageName = com.oplus.nhs, mCurrentOperatingMode = 0, requestedMode = 0
07-29 20:47:17.259  3449  4526 D HalDevMgr: updateRttController: no one is interested in RTT controllers
07-29 20:47:17.259  5027  5828 D ElevatorEvent: elevator:registerForElevatorDetect  , true mIsElevSensorReg = true
07-29 20:47:17.259  5027  5828 D SceneEvent: registerSensorMgr start
07-29 20:47:17.259  5027  5828 D SceneEvent: registerSensorMgr already start,return
07-29 20:47:17.259  3449  4526 E HalDevMgr: removeP2pAndSapCombination do nothing: mIsAddedP2pAndSapCombination = false
07-29 20:47:17.259  1850 13025 W android.hardware.wifi-service: AIBinder_linkToDeath is being called with a non-null cookie and no onUnlink callback set. This might not be intended. AIBinder_DeathRecipient_setOnUnlinked should be called first.
07-29 20:47:17.259  1850 13025 I android.hardware.wifi-service: twtRegisterEvents is not supported-3
07-29 20:47:17.260  3449  4235 W SensorService: SensorEventConnection sensor handle=1372, package = t0.k enable
07-29 20:47:17.260  3449  4235 E SensorService: Required app t0.k, uid 1001, pid 5035
07-29 20:47:17.260  3449  4235 D SensorService: enable sensor send lastEvent 1372
07-29 20:47:17.260  1850  1850 W android.hardware.wifi-service: AIBinder_linkToDeath is being called with a non-null cookie and no onUnlink callback set. This might not be intended. AIBinder_DeathRecipient_setOnUnlinked should be called first.
07-29 20:47:17.260  1850  1850 D WifiHAL : wifi_get_chip_capabilities: max mlo assoc link cnt: 2 str link cnt 2
07-29 20:47:17.260  3449  4235 D SensorService: Calling batch handle==1372 flags=0rate=200000000 timeout== 0
07-29 20:47:17.260  3449  4235 D SensorService: SensorDevice::batch: ident=0xb400006f939aa240, handle=0x0000055c, flags=0, period_ns=200000000 timeout=0
07-29 20:47:17.260  3449  4235 D SensorService: Calling activate on 1372
07-29 20:47:17.260  3449  4235 D SensorService: SensorDevice::activate: ident=0xb400006f939aa240, handle=0x0000055c, enabled=1, count=4
07-29 20:47:17.260  3449  4235 D SensorService: enable index=2
07-29 20:47:17.260  3449  4235 D SensorService: info.numActiveClients() = 4, info.isActive = 1
07-29 20:47:17.260  3449  4235 D SensorService: activateHardware = 0
07-29 20:47:17.260  3449  4235 D SensorService: 0xb400006f939aa240 addFd fd=927
07-29 20:47:17.260  5035  5035 D NhsSceneReceiver: sensor name is oplus_activity_recognition  Wakeup, registerState:true
07-29 20:47:17.260  3449  4526 D WifiNl80211Manager: Setting up interface for client mode: wlan0
07-29 20:47:17.260  5035  5035 D NhsSceneReceiver: onAccuracyChanged
07-29 20:47:17.261  3449  4884 W BestClock: java.time.DateTimeException: Missing network time fix
07-29 20:47:17.261  5035  5035 E NhsAppRILMsger: EVENT_REQ_EVENT_DONE Error received :com.android.internal.telephony.CommandException: RADIO_NOT_AVAILABLE
07-29 20:47:17.261  2679  2679 I wificond: Current driver country code US
07-29 20:47:17.261  3449  5586 D WifiNl80211Manager: OnRegDomainChanged US
07-29 20:47:17.261  2679  2679 I wificond: createClientInterface: wiphy_index 0 iface_name wlan0
07-29 20:47:17.261  2679  2679 I wificond: create scanner for interface with index: 27
07-29 20:47:17.261  2679  2679 I wificond: subscribe scan result for interface with index: 27
07-29 20:47:17.261  5035  5331 D NhsSceneReceiver: onSensorChanged: name = oplus_activity_recognition  Wakeup
07-29 20:47:17.262  5035  5331 D NhsSceneReceiver: enter still_state
07-29 20:47:17.262  3449  5586 D WifiNative: onCountryCodeChanged: US
07-29 20:47:17.262  3449  5586 I WifiCountryCode: Receive onDriverCountryCodeChanged US
07-29 20:47:17.262  1709  1759 E TetherController: property_get sys.radio.data.modem_share_flag return 0, 1!
07-29 20:47:17.262  2679  2679 I wificond: add channel type 0 support at wiphy index: 0
07-29 20:47:17.262  2679  2679 I wificond: add channel type 1 support at wiphy index: 0
07-29 20:47:17.262  3449  5586 D WifiScanRequestProxy: Sending scan available broadcast: true
07-29 20:47:17.262  3332  3930 D QmiVsClient: getNecData callback - enter
07-29 20:47:17.262  4864  5111 I SystemUi--QuickSettings: Tile.OplusCellularTile-->updateCarrierText: dialog not showing, ignore
07-29 20:47:17.263  3449  4530 I WifiScanningService: Received a request to enable scanning, UID = 1000
07-29 20:47:17.263  3332  3371 D VsProxy : handleMessage msg is 4001
07-29 20:47:17.263  3332  3371 D RadioProxy: getNecData : response cb for instance 0
07-29 20:47:17.263  3449  5586 I WifiScanRequestProxy: Scanning is enabled
07-29 20:47:17.263  3449  5586 I WifiScanRequestProxy: Scanning for hidden networks is disabled
07-29 20:47:17.263  3449  3449 D OplusWifiBroadCastDispatcher: mBroadcastReceiver: onReceiver  action=android.net.wifi.action.WIFI_SCAN_AVAILABILITY_CHANGED
07-29 20:47:17.263  3449  4648 D OplusWifiPower_ConnLpmEventObsever: onReceive EXTRA_SCAN_AVAILABLE availabe = true
07-29 20:47:17.263  3449  4648 D OplusWifiPowerService: onReceive action:android.net.wifi.action.WIFI_SCAN_AVAILABILITY_CHANGED
07-29 20:47:17.263  3449  4648 D OplusWifiSwitchStateMonitor: scan settings change to true
07-29 20:47:17.263  3449  4526 I WifiNative: Interface state changed on Iface:{Name=wlan0,Id=1,Type=STA_SCAN}, isUp=true
07-29 20:47:17.263  1850  1850 I WifiHAL : mpdu_size_threshold : 128, aggressive_statistics_gathering : 0
07-29 20:47:17.263  3449  4526 I WifiNative: Successfully setup Iface:{Name=wlan0,Id=1,Type=STA_SCAN}
07-29 20:47:17.263  7119  7119 I OsAgent : onReceive: android.net.wifi.action.WIFI_SCAN_AVAILABILITY_CHANGED
07-29 20:47:17.263  3449  4884 W BestClock: java.time.DateTimeException: Missing network time fix
07-29 20:47:17.263  3449  4526 E SupplicantStaIfaceHalAidlImpl: Can't call getKeyMgmtCapabilities, ISupplicantStaIface is null for iface=wlan0
07-29 20:47:17.263  7119  7922 I OsAgent : updateWiFiScanAvailState, scanAvailable: true
07-29 20:47:17.263  4864  5111 D SimStateHelper: slot:0, lock state:Bundle[mParcelledData.dataSize=56]
07-29 20:47:17.264  7119  7922 D OsAgentAidlClient: [bool_dataitem_update][1570] [HC] =>> [HS]
07-29 20:47:17.264  4864  5111 D SimStateHelper: slot:1, lock state:Bundle[mParcelledData.dataSize=56]
07-29 20:47:17.264  5227  6225 D RadioProxyJ: [PHONE0][96]< getNecDataResponse ******
07-29 20:47:17.264  5227  5227 D MessengerResponseHandler: handleMessage Response msgid 206
07-29 20:47:17.264  4864  5111 D SimStateHelper: needDisableMenu: slot1State=-1; slot2State=-1
07-29 20:47:17.264  4864  5111 D SimStateHelper: needDisableMenu:false
07-29 20:47:17.264  3449  4884 W BestClock: java.time.DateTimeException: Missing network time fix
07-29 20:47:17.264  1831  1888 I LocSvc_SystemStatusOsObserver: sendCachedDataItems:471] DataItem: IS_WIFI_HARDWARE_ON: true >> Wiper
07-29 20:47:17.264  1850  1850 I WifiHAL : wifi_get_supported_radio_combinations_matrix: enter
07-29 20:47:17.264  1850  1850 I WifiHAL : wifi_parse_radio_combinations_matrix: radio_combinations[1]: num_radio_configurations 1
07-29 20:47:17.264  1850  1850 I WifiHAL : wifi_parse_radio_combinations_matrix: radio_combinations[2]: num_radio_configurations 1
07-29 20:47:17.264  1850  1850 I WifiHAL : wifi_parse_radio_combinations_matrix: radio_combinations[3]: num_radio_configurations 1
07-29 20:47:17.264  1850  1850 I WifiHAL : wifi_parse_radio_combinations_matrix: radio_combinations[4]: num_radio_configurations 2
07-29 20:47:17.264  1850  1850 I WifiHAL : wifi_parse_radio_combinations_matrix: radio_combinations[5]: num_radio_configurations 2
07-29 20:47:17.264  1850  1850 I WifiHAL : wifi_parse_radio_combinations_matrix: radio_combinations[6]: num_radio_configurations 2
07-29 20:47:17.264  1850  1850 I WifiHAL : wifi_parse_radio_combinations_matrix: num_radio_combinations 6, radio_matrix_size 100
07-29 20:47:17.265  3449  4526 E SupplicantStaIfaceHalAidlImpl: Can't call getWpaDriverCapabilities, ISupplicantStaIface is null for iface=wlan0
07-29 20:47:17.265  3449  4526 E WifiStaIfaceAidlImpl: getTwtCapabilities failed with service-specific exception: android.os.ServiceSpecificException:  (code 4)
07-29 20:47:17.265  1831  1916 I LocSvc_api_v02: ---> locClientSendReq line 2409 QMI_LOC_NOTIFY_WIFI_ENABLED_STATUS_REQ_V02
07-29 20:47:17.265  3449  4526 E WifiChipAidlImpl: enableStaChannelForPeerNetwork failed with service-specific exception: android.os.ServiceSpecificException:  (code 4)
07-29 20:47:17.265  3449  4526 D WifiNative: setWifiNativeInterfaceEventCallback
07-29 20:47:17.265  3449  4526 D WifiClientModeManager[58993:wlan0]: entering StartedState
07-29 20:47:17.265  5027  5750 W BestClock: java.time.DateTimeException: Missing network time fix
07-29 20:47:17.265  5027  5750 V MonthTrafficAlert: getWarningNotification subId:1 numWarningNotificaion:0
07-29 20:47:17.265  1850  1908 E WifiHAL : wifi_get_gscan_capabilities: GSCAN is not supported by driver
07-29 20:47:17.265  3449  4526 D WifiClientModeManager[58993:wlan0]: entering ScanOnlyModeState
07-29 20:47:17.265  3449  4526 D WifiScanRequestProxy: Sending scan available broadcast: true
07-29 20:47:17.265  3449  4530 E WifiStaIfaceAidlImpl: getBackgroundScanCapabilities failed with service-specific exception: android.os.ServiceSpecificException:  (code 4)
07-29 20:47:17.266  1831  3989 I LocSvc_ApiV02: <--- globalRespCb line 282 QMI_LOC_NOTIFY_WIFI_ENABLED_STATUS_REQ_V02
07-29 20:47:17.266  3449  4526 I WifiScanRequestProxy: Scanning is enabled
07-29 20:47:17.266  3449  4526 I WifiScanRequestProxy: Scanning for hidden networks is disabled
07-29 20:47:17.266  1850  1908 D WifiHAL : wifi_multi_sta_set_use_case: 0
07-29 20:47:17.266  3449  3449 D OplusWifiBroadCastDispatcher: mBroadcastReceiver: onReceiver  action=android.net.wifi.action.WIFI_SCAN_AVAILABILITY_CHANGED
07-29 20:47:17.266  7119  7119 I OsAgent : onReceive: android.net.wifi.action.WIFI_SCAN_AVAILABILITY_CHANGED
07-29 20:47:17.266  3449  5339 W BestClock: java.time.DateTimeException: Missing network time fix
07-29 20:47:17.266  3449  4526 D WifiCountryCode: evaluateAllCmmStateAndApplyIfAllReady: {ConcreteClientModeManager{id=58993 iface=wlan0 role=ROLE_CLIENT_SCAN_ONLY}=true}
07-29 20:47:17.266  7119  7922 I OsAgent : updateWiFiScanAvailState, scanAvailable: true
07-29 20:47:17.266  3449  4526 D WifiCountryCode: Reading country code from telephony
07-29 20:47:17.266  3449  4526 D WifiCountryCode: Set telephony country code to: 
07-29 20:47:17.266  3449  4526 D WifiCountryCode: updateCountryCode to US
07-29 20:47:17.266  3449  4526 D WifiCountryCode: setCountryCodeNative: US, isClientModeOnly: true mDriverCountryCode: US
07-29 20:47:17.266  3449  4648 D OplusWifiPower_ConnLpmEventObsever: onReceive EXTRA_SCAN_AVAILABLE availabe = true
07-29 20:47:17.266  3449  4648 D OplusWifiPowerService: onReceive action:android.net.wifi.action.WIFI_SCAN_AVAILABILITY_CHANGED
07-29 20:47:17.267  3449  4648 D OplusWifiSwitchStateMonitor: scan settings change to true
07-29 20:47:17.267  4864  5808 V OplusCustomizeCacheManager: queryCache name: sys.cache.common_customize_cache18014 param: null
07-29 20:47:17.267  4864  5808 V OplusCustomizeCacheManager: queryCache name: sys.cache.common_customize_cache18017 param: Bundle[{SETTING=BLOCK, BUSINESS=NCT-DATA}]
07-29 20:47:17.267  4864  5808 V OplusCustomizeCacheManager: queryCache name: sys.cache.common_customize_cache18013 param: null
07-29 20:47:17.267  3449  4530 I WifiScanningService: Created a new impl for wlan0
07-29 20:47:17.267  3449  4530 I WifiScanningService: Received a request to enable scanning, UID = 1000
07-29 20:47:17.267  3449  4530 I WifiScanningService: scanner impls already exists
07-29 20:47:17.267  3449  4530 I WifiScanningService: wifi driver loaded with scan capabilities: max buckets=16
07-29 20:47:17.268  3449  4530 E WifiScanningService: wifi driver loaded received while already loaded
07-29 20:47:17.268  3449  5339 W BestClock: java.time.DateTimeException: Missing network time fix
07-29 20:47:17.269  1837  6664 I sensors-hal: qsh_conn_event_cb:756, event[0] msg_id=1025, ts=1215093819, sensor_type = oplus_activity_recognition  Wakeup
07-29 20:47:17.269  1837  6664 E sensors-hal: handle_sns_std_sensor_event:72, oplus_activity_recognition output: count: 1.000000, index: 1.000000, incar_state: 0.000000, actvity_mode: 3.000000, delta_time: 0.000000 !
07-29 20:47:17.269  3449  5339 W BestClock: java.time.DateTimeException: Missing network time fix
07-29 20:47:17.269  4864  5808 V OplusCustomizeCacheManager: queryCache name: sys.cache.common_customize_cache18014 param: null
07-29 20:47:17.269  4864  5808 V OplusCustomizeCacheManager: queryCache name: sys.cache.common_customize_cache18017 param: Bundle[{SETTING=BLOCK, BUSINESS=NCT-DATA}]
07-29 20:47:17.269  4864  5808 V OplusCustomizeCacheManager: queryCache name: sys.cache.common_customize_cache18013 param: null
07-29 20:47:17.269  5035  5331 D NhsSceneReceiver: onSensorChanged: name = oplus_activity_recognition  Wakeup
07-29 20:47:17.269  5027  5461 D SceneEvent: onSensorChanged: name = oplus_activity_recognition  Wakeup
07-29 20:47:17.270  3449  5339 W BestClock: java.time.DateTimeException: Missing network time fix
07-29 20:47:17.270  3449  4884 W BestClock: java.time.DateTimeException: Missing network time fix
07-29 20:47:17.270  4864  5808 V OplusCustomizeCacheManager: queryCache name: sys.cache.common_customize_cache18014 param: null
07-29 20:47:17.270  4864  5808 V OplusCustomizeCacheManager: queryCache name: sys.cache.common_customize_cache18017 param: Bundle[{SETTING=BLOCK, BUSINESS=NCT-DATA}]
07-29 20:47:17.270  4864  5808 V OplusCustomizeCacheManager: queryCache name: sys.cache.common_customize_cache18013 param: null
07-29 20:47:17.273  5168  6224 D IWlanJni: getDataRegistrationState start
07-29 20:47:17.274  5168  6224 D IWlanJni: getDataRegistrationState start
07-29 20:47:17.274  5168  6234 D IWlanJni: new aidl event arrived
07-29 20:47:17.274  5168  6237 D IWlanJni: new aidl event arrived
07-29 20:47:17.274  5168  6237 D IWlanJni: handleEvent 10
07-29 20:47:17.274  5168  6237 D IWlanJni: isThreadAttached start
07-29 20:47:17.274  5168  6237 D IWlanJni: jni detached
07-29 20:47:17.274  5168  6234 D IWlanJni: handleEvent 10
07-29 20:47:17.274  5168  6234 D IWlanJni: isThreadAttached start
07-29 20:47:17.274  5168  6234 D IWlanJni: jni detached
07-29 20:47:17.274  5168  6237 D IWlanJni: jni attached
07-29 20:47:17.274  5168  6237 D IWlanJni: getDataRegistrationStateResponse start
07-29 20:47:17.274  5168  6237 D IWlanJni: getJavaCallbackClass start
07-29 20:47:17.274  5168  6237 D IWlanJni: getJavaCallbackClass End midIs[1]
07-29 20:47:17.274  5168  6237 I IWlanAidlClient: getDataRegistrationStateResponse called
07-29 20:47:17.274  5168  6234 D IWlanJni: jni attached
07-29 20:47:17.274  5168  6234 D IWlanJni: getDataRegistrationStateResponse start
07-29 20:47:17.274  5168  6234 D IWlanJni: getJavaCallbackClass start
07-29 20:47:17.274  5168  6234 D IWlanJni: getJavaCallbackClass End midIs[1]
07-29 20:47:17.274  5168  6234 I IWlanAidlClient: getDataRegistrationStateResponse called
07-29 20:47:17.274  5168  6236 W IWlanNetworkService: 6 > Response Processed
07-29 20:47:17.274  5168  6233 W IWlanNetworkService: 7 > Response Processed
07-29 20:47:17.275  3449  5586 I OplusBinderProxy: pb uid: 10215 pid: 10484 desc: com.android.internal.telephony.IPhoneStateListener/10
07-29 20:47:17.275  4945  4945 D OplusTelephonyController: onSignalStrengthChanged: SignalStrength=SignalStrength:{mCdma=CellSignalStrengthCdma: cdmaDbm=2147483647 cdmaEcio=2147483647 evdoDbm=2147483647 evdoEcio=2147483647 evdoSnr=2147483647 level=0,mGsm=CellSignalStrengthGsm: rssi=2147483647 ber=2147483647 mTa=2147483647 mLevel=0,mWcdma=CellSignalStrengthWcdma: ss=2147483647 ber=2147483647 rscp=2147483647 ecno=2147483647 level=0,mTdscdma=CellSignalStrengthTdscdma: rssi=2147483647 ber=2147483647 rscp=2147483647 level=0,mLte=CellSignalStrengthLte: rssi=2147483647 rsrp=2147483647 rsrq=2147483647 rssnr=2147483647 cqiTableIndex=2147483647 cqi=2147483647 ta=2147483647 level=0 parametersUseForLevel=0,mNr=CellSignalStrengthNr:{ csiRsrp = 2147483647 csiRsrq = 2147483647 csiCqiTableIndex = 2147483647 csiCqiReport = [] ssRsrp = 2147483647 ssRsrq = 2147483647 ssSinr = 2147483647 level = 0 parametersUseForLevel = 0 timingAdvance = 2147483647 },primary=CellSignalStrengthLte}
07-29 20:47:17.275  5227  5227 D SubsysEventListenerManager-SubsysTelephonyCallback[0]: onSignalStrengthsChanged
07-29 20:47:17.276  1831  3764 E LOCRIL_SESSION: operator():200] SubId: 1 Failed to get sim IO with error: 11
07-29 20:47:17.277  1831  3764 E LOCRIL_SESSION: operator():241] SubId: 1 Failed to get sim IMSI with error: 11
07-29 20:47:17.277  1831  3764 E LOCRIL_SESSION: operator():200] SubId: 1 Failed to get sim IO with error: 11
07-29 20:47:17.278  1831  3764 E LOCRIL_SESSION: operator():241] SubId: 1 Failed to get sim IMSI with error: 11
07-29 20:47:17.279  5168  6224 D IWlanJni: getDataRegistrationState start
07-29 20:47:17.279  1831  3762 W LOCRIL_SESSION: operator():307] cellInfo list size is 0, Voice state: 3, data state: 3
07-29 20:47:17.279  5168  6224 D IWlanJni: getDataRegistrationState start
07-29 20:47:17.279  5027  5116 D SaDataService: onTelephonyEventReport , subId= 0,slotId=-1 eventId=6030
07-29 20:47:17.279  5027  5116 D TelephonyImpl: notify eventId:6030 for list size:2
07-29 20:47:17.279  5168  6237 D IWlanJni: new aidl event arrived
07-29 20:47:17.279  5168  6237 D IWlanJni: handleEvent 10
07-29 20:47:17.279  5168  6237 D IWlanJni: isThreadAttached start
07-29 20:47:17.279  5168  6237 D IWlanJni: jni detached
07-29 20:47:17.279  5168  6237 D IWlanJni: jni attached
07-29 20:47:17.279  5168  6237 D IWlanJni: getDataRegistrationStateResponse start
07-29 20:47:17.279  5168  6237 D IWlanJni: getJavaCallbackClass start
07-29 20:47:17.279  5168  6237 D IWlanJni: getJavaCallbackClass End midIs[1]
07-29 20:47:17.279  5168  6237 I IWlanAidlClient: getDataRegistrationStateResponse called
07-29 20:47:17.280  5227  7628 D VendorTelephonyService: onTelephonyEventReport slotId =0 eventId=6030
07-29 20:47:17.280  5227  7628 D VendorTelephonyService: onTelephonyEventReport slotId =0 eventId=6030
07-29 20:47:17.279  5168  6236 W IWlanNetworkService: 9 > Response Processed
07-29 20:47:17.280  5227  5227 D VendorCallService: notityEventUpdate, eventId:6030, slotId = 0
07-29 20:47:17.280  5168  6234 D IWlanJni: new aidl event arrived
07-29 20:47:17.280  5168  6234 D IWlanJni: handleEvent 10
07-29 20:47:17.280  5168  6234 D IWlanJni: isThreadAttached start
07-29 20:47:17.280  5168  6234 D IWlanJni: jni detached
07-29 20:47:17.280  5168  6234 D IWlanJni: jni attached
07-29 20:47:17.280  5168  6234 D IWlanJni: getDataRegistrationStateResponse start
07-29 20:47:17.280  5168  6234 D IWlanJni: getJavaCallbackClass start
07-29 20:47:17.280  5168  6234 D IWlanJni: getJavaCallbackClass End midIs[1]
07-29 20:47:17.280  5168  6234 I IWlanAidlClient: getDataRegistrationStateResponse called
07-29 20:47:17.280  3449  5586 W BestClock: java.time.DateTimeException: Missing network time fix
07-29 20:47:17.280  5227  7628 D VendorTelephonyService: onTelephonyEventReport slotId =0 eventId=6030
07-29 20:47:17.280  5168  6233 W IWlanNetworkService: 8 > Response Processed
07-29 20:47:17.280  5227  7628 D VendorTelephonyService: onTelephonyEventReport slotId =0 eventId=6030
07-29 20:47:17.280  5027  5116 D SaDataService: onTelephonyEventReport , subId= 0,slotId=-1 eventId=6030
07-29 20:47:17.281  5002  5050 D QtiOemHookAidl: oemHookRawIndication length=24
07-29 20:47:17.281  5002  5002 D QcrilMsgTunnelIfaceManager: handleMessage what = 0
07-29 20:47:17.281  3449  5339 W BestClock: java.time.DateTimeException: Missing network time fix
07-29 20:47:17.281  5227  5227 D VendorCallService: notityEventUpdate, eventId:6030, slotId = 0
07-29 20:47:17.281  5027  5116 D TelephonyImpl: notify eventId:6030 for list size:2
07-29 20:47:17.281  4864  5808 V OplusCustomizeCacheManager: queryCache name: sys.cache.common_customize_cache18014 param: null
07-29 20:47:17.281  4864  5808 V OplusCustomizeCacheManager: queryCache name: sys.cache.common_customize_cache18017 param: Bundle[{SETTING=BLOCK, BUSINESS=NCT-DATA}]
07-29 20:47:17.281  4864  5808 V OplusCustomizeCacheManager: queryCache name: sys.cache.common_customize_cache18013 param: null
07-29 20:47:17.282  5002  5050 D QtiOemHookAidl: oemHookRawIndication length=24
07-29 20:47:17.282  5118  6178 I QImsService: ImsRadioIndicationAidl : onRadioStateChanged()[SUB0]
07-29 20:47:17.282  5118  6178 I QImsService: ImsSenderRxr : [UNSL]< UNSOL_RADIO_STATE_CHANGED RADIO_ON[SUB0]
07-29 20:47:17.282  5002  5002 D QcrilMsgTunnelIfaceManager: handleMessage what = 0
07-29 20:47:17.282  5118  5151 I QImsService: ImsRadioIndicationAidl : onRadioStateChanged()[SUB1]
07-29 20:47:17.282  5118  5151 I QImsService: ImsSenderRxr : [UNSL]< UNSOL_RADIO_STATE_CHANGED RADIO_ON[SUB1]
07-29 20:47:17.283  5227  5227 D SubsysEventListenerManager-SubsysTelephonyCallback[0]: onRadioPowerStateChanged state:1
07-29 20:47:17.283  1995  1995 E PowerMonitorService: Failed to open /proc/horae_qmi (2): No such file or directory
07-29 20:47:17.283  5002  5002 D DeviceInfoAidlClient: onRadioPowerStateChanged
07-29 20:47:17.283  5002  5002 D DeviceInfoAidlClient: mRadioStateHdlr handleMessage()1
07-29 20:47:17.283  5002  5002 D DeviceInfoAidlClient: isRadioOn()=true
07-29 20:47:17.283  5002  5002 I DeviceInfoAidlClient: sendFeaturesSupported: power info support-true interactive state support-true
07-29 20:47:17.283  5002  5002 D QC_RIL_OEM_HOOK: Received Broadcast Intent ACTION_UNSOL_RESPONSE_OEM_HOOK_RAW
07-29 20:47:17.284  5002  5002 D QC_RIL_OEM_HOOK: Received Broadcast Intent ACTION_UNSOL_RESPONSE_OEM_HOOK_RAW
07-29 20:47:17.284  1831  3764 E LOCRIL_SESSION: operator():200] SubId: 1 Failed to get sim IO with error: 11
07-29 20:47:17.284  5227  7628 D VendorTelephonyService: onTelephonyEventReport slotId =0 eventId=6030
07-29 20:47:17.284  5227  7628 D VendorTelephonyService: onTelephonyEventReport slotId =0 eventId=6030
07-29 20:47:17.284  5027  5116 D SaDataService: onTelephonyEventReport , subId= 0,slotId=-1 eventId=6030
07-29 20:47:17.284  5227  5227 D VendorCallService: notityEventUpdate, eventId:6030, slotId = 0
07-29 20:47:17.284  5027  5116 D TelephonyImpl: notify eventId:6030 for list size:2
07-29 20:47:17.285  1831  3764 E LOCRIL_SESSION: operator():241] SubId: 1 Failed to get sim IMSI with error: 11
07-29 20:47:17.285  5002  5767 I DeviceInfoAidlClient: onPowerInfoReportingChanged - reporting enabled true [15, 20, 30, 50, 80]
07-29 20:47:17.285  5002  5767 D DeviceInfoAidlClient: isRadioOn()=true
07-29 20:47:17.285  5002  5767 I DeviceInfoAidlClient: isPowerInfoNeverSent=true batteryLevel=100 batteryLevelIndex=5 chargingMode=2 totalCapacity=4666000 powerSaveMode=false
07-29 20:47:17.285  5002  5767 I DeviceInfoAidlClient: onDeviceInfoReportingChanged - reporting enabled true
07-29 20:47:17.286  5002  5767 D DeviceInfoAidlClient: getDeviceInfoSupportStatus()=1
07-29 20:47:17.286  5002  5767 D DeviceInfoAidlClient: isRadioOn()=true
07-29 20:47:17.286  5002  5767 I DeviceInfoAidlClient: deviceState=2
07-29 20:47:17.287  5002  5002 D DeviceStatisticsService: onReceive: action= org.codeaurora.intent.action.RADIO_POWER_STATE
07-29 20:47:17.287  5002  5002 I DeviceStatisticsService: Receiving radio_power_state_changed, mIsDeviceInfoInitialized = true
07-29 20:47:17.287  5002  5002 I DeviceStatisticsService: radio power state changed to 1 for slot: 0
07-29 20:47:17.287  5002  5002 D DeviceInfoAidlClient: isRadioOn()=true
07-29 20:47:17.287  5002  5002 I DeviceInfoAidlClient: sendFeaturesSupported: power info support-true interactive state support-true
07-29 20:47:17.287  5168  6224 D IWlanJni: getDataRegistrationState start
07-29 20:47:17.287  1831  3762 W LOCRIL_SESSION: operator():307] cellInfo list size is 0, Voice state: 3, data state: 3
07-29 20:47:17.288  5168  6234 D IWlanJni: new aidl event arrived
07-29 20:47:17.288  5168  6234 D IWlanJni: handleEvent 10
07-29 20:47:17.288  5168  6234 D IWlanJni: isThreadAttached start
07-29 20:47:17.288  5168  6234 D IWlanJni: jni detached
07-29 20:47:17.288  5168  6234 D IWlanJni: jni attached
07-29 20:47:17.288  5168  6234 D IWlanJni: getDataRegistrationStateResponse start
07-29 20:47:17.288  5168  6234 D IWlanJni: getJavaCallbackClass start
07-29 20:47:17.288  5168  6234 D IWlanJni: getJavaCallbackClass End midIs[1]
07-29 20:47:17.288  5168  6234 I IWlanAidlClient: getDataRegistrationStateResponse called
07-29 20:47:17.288  5168  6233 W IWlanNetworkService: 10 > Response Processed
07-29 20:47:17.289  5002  5050 I DeviceInfoAidlClient: onPowerInfoReportingChanged - reporting enabled true [15, 20, 30, 50, 80]
07-29 20:47:17.289  5002  5050 D DeviceInfoAidlClient: isRadioOn()=true
07-29 20:47:17.289  5002  5050 I DeviceInfoAidlClient: isPowerInfoNeverSent=false batteryLevel=100 batteryLevelIndex=5 chargingMode=2 totalCapacity=4666000 powerSaveMode=false
07-29 20:47:17.289  5002  5050 I DeviceInfoAidlClient: onDeviceInfoReportingChanged - reporting enabled true
07-29 20:47:17.289  5002  5050 D DeviceInfoAidlClient: getDeviceInfoSupportStatus()=1
07-29 20:47:17.289  5002  5050 D DeviceInfoAidlClient: isRadioOn()=true
07-29 20:47:17.289  5002  5050 I DeviceInfoAidlClient: deviceState=2
07-29 20:47:17.289  1837  4483 I sensors-hal: handle_oplus_wise_rgb_event:189, high_pwm_light:lux 283.4,cct 3632.3,brl/algo/ir 1451.0/2.0/17.3,pwm/dc 0.0/0.0,rgbc 21912.093750/13758.062500/6339.982422/40627.121094,ts 58895544056,cnt 840,flag 161
07-29 20:47:17.290  1915  4476 I Dpps    : LtmSwState::SetParameter():144 ignore cmd 7 in state LtmOffState
07-29 20:47:17.291  2679  2679 I wificond: Regulatory domain changed to country: US on wiphy_index: 0
07-29 20:47:17.291  2679  2679 I wificond: UpdateBandInfo
07-29 20:47:17.292  3449  4235 D WifiNl80211Manager: OnRegDomainChanged US
07-29 20:47:17.292  3449  4235 D WifiNative: onCountryCodeChanged: US
07-29 20:47:17.292  3449  4235 I WifiCountryCode: Receive onDriverCountryCodeChanged US
07-29 20:47:17.292  3449  4235 D WifiScanRequestProxy: Sending scan available broadcast: true
07-29 20:47:17.292  3449  4235 I WifiScanRequestProxy: Scanning is enabled
07-29 20:47:17.292  3449  4235 I WifiScanRequestProxy: Scanning for hidden networks is disabled
07-29 20:47:17.292  6341  6341 I wpa_supplicant: p2p0: CTRL-EVENT-REGDOM-CHANGE init=DRIVER type=COUNTRY alpha2=US
07-29 20:47:17.292  4945  4945 V OplusCustomizeCacheManager: queryCache name: sys.cache.common_customize_cache18016 param: null
07-29 20:47:17.292  4945  4945 V OplusCustomizeCacheManager: queryCache name: sys.cache.common_customize_cache18013 param: null
07-29 20:47:17.292  4945  4945 V OplusCustomizeCacheManager: queryCache name: sys.cache.common_customize_cache18014 param: null
07-29 20:47:17.292  7119  7119 I OsAgent : onReceive: android.net.wifi.action.WIFI_SCAN_AVAILABILITY_CHANGED
07-29 20:47:17.292  4945  4945 V OplusCustomizeCacheManager: queryCache name: sys.cache.common_customize_cache18017 param: Bundle[{SETTING=BLOCK, BUSINESS=NCT-DATA}]
07-29 20:47:17.292  3449  4530 I WifiScanningService: Received a request to enable scanning, UID = 1000
07-29 20:47:17.292  3449  4530 I WifiScanningService: scanner impls already exists
07-29 20:47:17.292  3449  4530 E WifiScanningService: wifi driver loaded received while already loaded
07-29 20:47:17.292  3449  3449 D OplusWifiBroadCastDispatcher: mBroadcastReceiver: onReceiver  action=android.net.wifi.action.WIFI_SCAN_AVAILABILITY_CHANGED
07-29 20:47:17.293  7119  7922 I OsAgent : updateWiFiScanAvailState, scanAvailable: true
07-29 20:47:17.293  3449  4648 D OplusWifiPower_ConnLpmEventObsever: onReceive EXTRA_SCAN_AVAILABLE availabe = true
07-29 20:47:17.293  3449  4648 D OplusWifiPowerService: onReceive action:android.net.wifi.action.WIFI_SCAN_AVAILABILITY_CHANGED
07-29 20:47:17.293  3449  4648 D OplusWifiSwitchStateMonitor: scan settings change to true
07-29 20:47:17.293  2679  2679 I wificond: 2.4Ghz frequencies: 2412 2417 2422 2427 2432 2437 2442 2447 2452 2457 2462
07-29 20:47:17.293  4945  4945 V OplusCustomizeCacheManager: queryCache name: sys.cache.common_customize_cache18016 param: null
07-29 20:47:17.293  4945  4945 V OplusCustomizeCacheManager: queryCache name: sys.cache.common_customize_cache18013 param: null
07-29 20:47:17.293  4945  4945 V OplusCustomizeCacheManager: queryCache name: sys.cache.common_customize_cache18014 param: null
07-29 20:47:17.293  2679  2679 I wificond: 5Ghz non-DFS frequencies: 5180 5200 5220 5240 5745 5765 5785 5805 5825
07-29 20:47:17.293  4945  4945 V OplusCustomizeCacheManager: queryCache name: sys.cache.common_customize_cache18017 param: Bundle[{SETTING=BLOCK, BUSINESS=NCT-DATA}]
07-29 20:47:17.293  2679  2679 I wificond: 5Ghz DFS frequencies: 5260 5280 5300 5320 5500 5520 5540 5560 5580 5600 5620 5640 5660 5680 5700
07-29 20:47:17.293  2679  2679 I wificond: 6Ghz frequencies:
07-29 20:47:17.293  2679  2679 I wificond: 60Ghz frequencies:
07-29 20:47:17.293  5002  5002 D QcrilMsgTunnelIfaceManager: handleMessage what = 1
07-29 20:47:17.293  5002  5002 I QcrilOemhookMsgTunnel: [0]invokeOemRilRequestRaw: serial=1007 length=16
07-29 20:47:17.294  5002  5767 I QtiOemHookAidl: oemHookRawResponse: serial no: 1007 error: 0length=1
07-29 20:47:17.294  5002  5002 D QcrilMsgTunnelIfaceManager: handleMessage what = 2
07-29 20:47:17.295  4945  5426 D QC_RIL_OEM_HOOK: sendOemRilRequestRaw returns value = 1
07-29 20:47:17.295  5002  5002 D DeviceStatisticsService: onReceive: action= org.codeaurora.intent.action.RADIO_POWER_STATE
07-29 20:47:17.295  5002  5002 I DeviceStatisticsService: Receiving radio_power_state_changed, mIsDeviceInfoInitialized = true
