device
--------- beginning of main
07-28 04:24:07.401 10511 10809 D BootUtil: savedDiffTime: 1753690996126, currentDiffTime: 1753690996126, isReboot: false
07-28 04:24:07.482  3249  3249 E OplusTouchDaemon: ts_run_service: shellback temperature updated 38 (38326)
07-28 04:24:07.544  1995  1995 D SensorFeature: name=ssc_screenshot_info ,index = 22
07-28 04:24:07.544  1995  1995 D SensorFeature: write 29 bytes:48949987428,51417616177,132,0
07-28 04:24:07.546  1845  4445 I sensors-hal: handle_oplus_wise_rgb_event:189, high_pwm_light:lux 2.0,cct 5300.0,brl/algo/ir 78.0/2.0/0.0,pwm/dc 0.0/0.0,rgbc 123.203094/103.016632/43.311783/273.737579,ts 51349554890,cnt 690,flag 132
07-28 04:24:07.548  1913  4459 I Dpps    : LtmSwState::SetParameter():144 ignore cmd 7 in state LtmOffState
07-28 04:24:07.798  1913  4459 I Dpps    : LtmSwState::SetParameter():144 ignore cmd 7 in state LtmOffState
07-28 04:24:07.838  1826  1826 D healthd : system healthd: battery l=32 v=3660 t=34.7 h=2 st=2 c=-125 fc=5920000 cc=18 chg=u
07-28 04:24:07.846  1995  1995 D SensorFeature: name=ssc_screenshot_info ,index = 22
07-28 04:24:07.846  1995  1995 D SensorFeature: write 29 bytes:48949987428,51720207010,133,0
07-28 04:24:07.874  2008  2008 D vendor.oplus.hardware.charger-V7-service: get_ui_charge_icon_type 0 0 0 0 0
07-28 04:24:07.875  2008  2008 D vendor.oplus.hardware.charger-V7-service: oplus_chg_get_cpa_power 2500 charge_online 1 retention_topic 0
07-28 04:24:07.875  2008  2008 D vendor.oplus.hardware.charger-V7-service: oplus_chg_get_cpa_power 2500 charge_online 1 retention_topic 0
07-28 04:24:07.875  2008  2008 D vendor.oplus.hardware.charger-V7-service: getIsSingleHyperSupport=2, cpa_power=2
07-28 04:24:07.899  2008  2066 D BatteryChargeControl: bcc get no support from charging protocol
07-28 04:24:08.063  1845  4445 I sensors-hal: handle_oplus_wise_rgb_event:189, high_pwm_light:lux 2.1,cct 5300.0,brl/algo/ir 78.0/2.0/0.0,pwm/dc 0.0/0.0,rgbc 118.371597/105.357925/41.343063/271.179260,ts 51682593276,cnt 700,flag 133
07-28 04:24:08.064  1913  4459 I Dpps    : LtmSwState::SetParameter():144 ignore cmd 7 in state LtmOffState
07-28 04:24:08.078  2008  7395 D charge_time: write 27414s(07:36:54) to ttf, rc=7
07-28 04:24:08.078  2008  7395 D charge_time: type=sdp,reserve_soc=2,soc=30,ui_soc=32,current=125,avg=129,not_chg_cnt=0,stable_cnt=7,fcc=5724,fcc_ratio=94,delta=35,debug=0,region=18,ttf=51743(14:22:23),ui_ttf=27414(07:36:54)
07-28 04:24:08.111  6787 12942 D DebugReportServiceIDLClient: getReport ...
07-28 04:24:08.112  6787 12942 D DebugReportServiceIDLClient: getReport success: true
07-28 04:24:08.112  6787 12942 D DebugReportServiceIDLClient: getReport 1.0 success: true
07-28 04:24:08.149  1995  1995 D SensorFeature: name=ssc_screenshot_info ,index = 22
07-28 04:24:08.149  1995  1995 D SensorFeature: write 29 bytes:48949987428,52021840083,134,0
07-28 04:24:08.272  3404  4920 W Binder  : Outgoing transactions from this process must be FLAG_ONEWAY
07-28 04:24:08.272  3404  4920 W Binder  : java.lang.Throwable
07-28 04:24:08.272  3404  4920 W Binder  : 	at android.os.BinderProxy.transact(BinderProxy.java:633)
07-28 04:24:08.272  3404  4920 W Binder  : 	at android.content.ContentProviderProxy.insert(ContentProviderNative.java:587)
07-28 04:24:08.272  3404  4920 W Binder  : 	at android.content.ContentProviderClient.insert(ContentProviderClient.java:347)
07-28 04:24:08.272  3404  4920 W Binder  : 	at android.content.ContentProviderClient.insert(ContentProviderClient.java:336)
07-28 04:24:08.272  3404  4920 W Binder  : 	at com.oplus.util.OplusStatisticsImpl.insert(OplusStatisticsImpl.java:307)
07-28 04:24:08.272  3404  4920 W Binder  : 	at com.oplus.util.OplusStatisticsImpl.sendDataToDCS(OplusStatisticsImpl.java:287)
07-28 04:24:08.272  3404  4920 W Binder  : 	at com.oplus.util.OplusStatisticsImpl.flushInternal(OplusStatisticsImpl.java:264)
07-28 04:24:08.272  3404  4920 W Binder  : 	at com.oplus.util.OplusStatisticsImpl.lambda$setDelayFlushJobIfNeed$4(OplusStatisticsImpl.java:211)
07-28 04:24:08.272  3404  4920 W Binder  : 	at com.oplus.util.OplusStatisticsImpl.$r8$lambda$4UYTp2NCu6Rml69JNqEuK7o54SI(Unknown Source:0)
07-28 04:24:08.272  3404  4920 W Binder  : 	at com.oplus.util.OplusStatisticsImpl$$ExternalSyntheticLambda5.run(D8$$SyntheticClass:0)
07-28 04:24:08.272  3404  4920 W Binder  : 	at java.util.concurrent.Executors$RunnableAdapter.call(Executors.java:487)
07-28 04:24:08.272  3404  4920 W Binder  : 	at java.util.concurrent.FutureTask.run(FutureTask.java:290)
07-28 04:24:08.272  3404  4920 W Binder  : 	at java.util.concurrent.ScheduledThreadPoolExecutor$ScheduledFutureTask.run(ScheduledThreadPoolExecutor.java:307)
07-28 04:24:08.272  3404  4920 W Binder  : 	at java.util.concurrent.ThreadPoolExecutor.runWorker(ThreadPoolExecutor.java:1145)
07-28 04:24:08.272  3404  4920 W Binder  : 	at java.util.concurrent.ThreadPoolExecutor$Worker.run(ThreadPoolExecutor.java:644)
07-28 04:24:08.272  3404  4920 W Binder  : 	at java.lang.Thread.run(Thread.java:1012)
07-28 04:24:08.330  1913  4459 I Dpps    : LtmSwState::SetParameter():144 ignore cmd 7 in state LtmOffState
07-28 04:24:08.452  1995  1995 D SensorFeature: name=ssc_screenshot_info ,index = 22
07-28 04:24:08.452  1995  1995 D SensorFeature: write 29 bytes:48949987428,52325356541,135,0
07-28 04:24:08.463  5018  5968 W BluetoothAdapterExtImpl: getBluetoothConnectionCountï¼šmOplusBluetooth null!
07-28 04:24:08.465  5018  5968 D TelephonyImpl: isRequestingMms
07-28 04:24:08.465  5018  5968 D TelephonyImpl: getReleaseMmsNetworkTime
07-28 04:24:08.467  5018  5968 D OplusDdsSwitchStrategy: Md,OplusCheckFeature,RETURN_TO_CUR_ACTION_DDS
07-28 04:24:08.502  5018  6470 I PCDR-common_no_service[0]: lift forbidden
07-28 04:24:08.502  5018  6470 I PCDR-common_no_45g[0]: lift forbidden
--------- beginning of system
07-28 04:24:08.575  3404  4393 V AlarmManager: sending alarm Alarm{ec21562 type 2 origWhen 52449 whenElapsed 52449 android} uid 1000 whenElapsed 52449 windowLength 0 maxWhenElapsed 52449 repeatInterval 0 action null component null tag $android.alarm.generated:1000:52449 flags 0x9 procName system_server
07-28 04:24:08.577  3404  3579 D LocationManagerService: network provider removed registration from 10154/com.coloros.assistantscreen/3D9BA5B9
07-28 04:24:08.589  5185  5185 D SubsysEventListenerManager-SubsysTelephonyCallback[0]: onCellInfoChanged
07-28 04:24:08.593  1845  4445 I sensors-hal: handle_oplus_wise_rgb_event:189, high_pwm_light:lux 2.0,cct 5300.0,brl/algo/ir 78.0/2.0/0.0,pwm/dc 0.0/0.0,rgbc 120.787346/110.040497/39.374348/273.737579,ts 52288435515,cnt 710,flag 135
07-28 04:24:08.593  3404  4363 D FusionLightNextGen: process end reported = 1, mode: 0, lux 0.0, cct -1.0, r/g/b/c: 123.2/103.0/39.4/273.7, R/G/B: 103.0/96.0/96.0, bri 78.0, match 1.00, ir 0.000000, conf 0.0, ts 52313209526
07-28 04:24:08.594  1913  4459 I Dpps    : LtmSwState::SetParameter():144 ignore cmd 7 in state LtmOffState
07-28 04:24:08.648  6602  6622 W System  : A resource failed to call AbstractCursor.close. 
07-28 04:24:08.648  6602  6622 W System  : A resource failed to call AbstractCursor.close. 
07-28 04:24:08.648  6602  6622 W System  : A resource failed to call AbstractCursor.close. 
07-28 04:24:08.648  6602  6622 W System  : A resource failed to call AbstractCursor.close. 
07-28 04:24:08.648  6602  6622 W System  : A resource failed to call AbstractCursor.close. 
07-28 04:24:08.648  6602  6622 W System  : A resource failed to call AbstractCursor.close. 
07-28 04:24:08.648  6602  6622 W System  : A resource failed to call AbstractCursor.close. 
07-28 04:24:08.648  6602  6622 W System  : A resource failed to call AbstractCursor.close. 
07-28 04:24:08.681  3404  3607 D OomAdjuster: Not killing cached processes
07-28 04:24:08.755  1995  1995 D SensorFeature: name=ssc_screenshot_info ,index = 22
07-28 04:24:08.755  1995  1995 D SensorFeature: write 29 bytes:48949987428,52628274458,136,0
07-28 04:24:08.848  3404  5402 E AppOps  : attributionTag OplusLBS not declared in manifest of android
07-28 04:24:08.861  1913  4459 I Dpps    : LtmSwState::SetParameter():144 ignore cmd 7 in state LtmOffState
07-28 04:24:08.899  2008  2066 D BatteryChargeControl: bcc get no support from charging protocol
07-28 04:24:09.058  1995  1995 D SensorFeature: name=ssc_screenshot_info ,index = 22
07-28 04:24:09.058  1995  1995 D SensorFeature: write 29 bytes:48949987428,52931395291,137,0
07-28 04:24:09.080  2008  7395 D charge_time: type=sdp,reserve_soc=2,soc=30,ui_soc=32,current=125,avg=128,not_chg_cnt=0,stable_cnt=7,fcc=5724,fcc_ratio=94,delta=36,debug=0,region=18,ttf=52147(14:29:07),ui_ttf=27413(07:36:53)
07-28 04:24:09.103  3404  3653 E AppOps  : attributionTag ArcBrightness not declared in manifest of android
07-28 04:24:09.104  3404  3653 E AppOps  : attributionTag ArcBrightness not declared in manifest of android
07-28 04:24:09.109  3404  3653 D LocationManagerService: gps provider removed registration from 1000/android[ArcBrightness]/F4BCC3D2
07-28 04:24:09.109  3404  3579 I GnssLocationProvider: Update client Uids --> old: WorkSource{1000 android} new: WorkSource{}
07-28 04:24:09.109  3404  3579 I GnssLocationProvider: Returning Diffs done --> current clientSource is : WorkSource{}
07-28 04:24:09.110  1825  1876 I GnssAidl: ===> stop line 231 
07-28 04:24:09.110  1825  1886 I LocSvc_SystemStatusOsObserver: sendCachedDataItems:471] DataItem: TRACKING_STARTED: false >> XtraSystemStatusObserver
07-28 04:24:09.110  1825  1906 I LocSvc_api_v02: ---> locClientSendReq line 2409 QMI_LOC_STOP_REQ_V02
07-28 04:24:09.110  3404  3579 E AppOps  : attributionTag OplusLBS not declared in manifest of android
07-28 04:24:09.110  3404  3579 D LocationManagerService: passive provider removed registration from 1000/android[OplusLBS]/DDF11C30
07-28 04:24:09.110  3404  3579 V OplusLocationStatusMonitor: remove listener succeed
07-28 04:24:09.111  3404  3579 W AlarmManager: Unrecognized alarm listener com.android.server.location.gnss.GnssLocationProvider$$ExternalSyntheticLambda25@6f326f3
07-28 04:24:09.111  1825  1906 I LocSvc_ApiV02: adjustLocClientEventMask:766] oldQmiMask=0xe1220e060a24b qmiMask=0xd0020e060a2c8 mInSession: 0, power state 0, retry queue empty 1, mEngineOn: 1, qmi mask has engine state 1
07-28 04:24:09.111  1825  1906 I LocSvc_api_v02: ---> locClientSendReq line 2409 QMI_LOC_REG_EVENTS_REQ_V02
07-28 04:24:09.111  3404  3579 W AlarmManager: Unrecognized alarm listener com.android.server.location.gnss.GnssLocationProvider$$ExternalSyntheticLambda24@e57cfb0
07-28 04:24:09.111  3404  3579 W SensorService: SensorEventConnection sensor handle=291, package = com.android.server.location.power.saver.NavigationStatusLightMonitor disable
07-28 04:24:09.111  3404  3579 D SensorService: SensorDevice::activate: ident=0xb400007684ca46c0, handle=0x00000123, enabled=0, count=1
07-28 04:24:09.111  3404  3579 D SensorService: disable index=0
07-28 04:24:09.111  3404  3579 D SensorService: activateHardware = 1
07-28 04:24:09.111  3404  3579 D SensorService: 	>>> actuating h/w activate handle=291 enabled=0
07-28 04:24:09.111  1825  4025 I LocSvc_ApiV02: <--- globalEventCb line 257 QMI_LOC_EVENT_WIFI_REQ_IND_V02
07-28 04:24:09.111  1825  4025 I LocSvc_ApiV02: <--- globalEventCb line 257 QMI_LOC_EVENT_REPORT_IND_V02
07-28 04:24:09.111  1825  4025 I LocSvc_LocApiBase: setQwesFeatureStatus:247] Feature : 20 isValid: 0
07-28 04:24:09.111  1825  4025 I LocSvc_LocApiBase: setQwesFeatureStatus:247] Feature : 8 isValid: 0
07-28 04:24:09.111  1825  4025 I LocSvc_LocApiBase: setQwesFeatureStatus:247] Feature : 7 isValid: 0
07-28 04:24:09.111  1825  4025 I LocSvc_LocApiBase: setQwesFeatureStatus:247] Feature : 17 isValid: 1
07-28 04:24:09.111  1825  4025 I LocSvc_LocApiBase: setQwesFeatureStatus:247] Feature : 6 isValid: 1
07-28 04:24:09.111  1825  4025 I LocSvc_LocApiBase: setQwesFeatureStatus:247] Feature : 5 isValid: 1
07-28 04:24:09.111  1825  4025 I LocSvc_LocApiBase: setQwesFeatureStatus:247] Feature : 4 isValid: 1
07-28 04:24:09.111  1825  4025 I LocSvc_LocApiBase: setQwesFeatureStatus:247] Feature : 3 isValid: 0
07-28 04:24:09.111  1825  4025 I LocSvc_LocApiBase: setQwesFeatureStatus:247] Feature : 13 isValid: 0
07-28 04:24:09.111  1825  4025 I LocSvc_LocApiBase: setQwesFeatureStatus:247] Feature : 2 isValid: 1
07-28 04:24:09.111  1825  4025 I LocSvc_LocApiBase: setQwesFeatureStatus:247] Feature : 1 isValid: 0
07-28 04:24:09.111  1825  1906 I android.hardware.gnss-aidl-service-qti: registerEventMask:  mMask: 0x16a878244253 mQmiMask=0xd0020e060a2c8 qmiMask=0xd0020e060a2c8
07-28 04:24:09.111  1845  1845 I sensors-hal: activate:112, android.sensor.stationary_detect/291 en=0
07-28 04:24:09.111  1825  1906 I LocSvc_ApiV02: registerEventMask:662] mMask: 0x16a878244253 mQmiMask=0xd0020e060a2c8 qmiMask=0xd0020e060a2c8
07-28 04:24:09.111  1845  1845 I sensors-hal: send_sync_sensor_request:443, send sync request
07-28 04:24:09.111  1825  1906 I LocSvc_api_v02: ---> locClientSendReq line 2409 QMI_LOC_SET_TRIBAND_STATE_REQ_V02
07-28 04:24:09.111  1845  1845 I sensors-hal: send_sync_sensor_request:472, wait for notification of response
07-28 04:24:09.111  1825  4025 I LocSvc_ApiV02: <--- globalRespCb line 282 QMI_LOC_SET_TRIBAND_STATE_REQ_V02
07-28 04:24:09.112  6787 12942 D DebugReportServiceIDLClient: getReport ...
07-28 04:24:09.112  1845 12958 I sensors-hal: qsh_conn_resp_cb:793, resp_value = 0 for persist_stationary_detect 
07-28 04:24:09.112  6787 12942 D DebugReportServiceIDLClient: getReport success: true
07-28 04:24:09.112  6787 12942 D DebugReportServiceIDLClient: getReport 1.0 success: true
07-28 04:24:09.112  1845  1845 I sensors-hal: send_sync_sensor_request:478, takes 0 ms to receive the response with 0
07-28 04:24:09.112  1825  1886 I LocSvc_SystemStatusOsObserver: sendCachedDataItems:471] DataItem: TRACKING_STARTED: false >> LOC_LAUNCHER
07-28 04:24:09.113  1825  1886 I GnssAidl: ===> odcpiRequestCb line 313 
07-28 04:24:09.113  1825  1886 I LocSvc_GnssAdapter: ReportQwesFeatureStatus before caps 14001a7f7f 
07-28 04:24:09.113  1825  1886 I LocSvc_GnssAdapter: ReportQwesFeatureStatus after caps 14001a7f7f 
07-28 04:24:09.113  1845  1845 I sensors-hal: ~qsh_qmi:61, ~qsh_qmi
07-28 04:24:09.113  1845  1845 I sensors-hal: activate:131, android.sensor.stationary_detect/291 en=0 completed
07-28 04:24:09.113  2926  2926 E LOC_QESDK_WWAN: processIpcMsg:411] Unsupported msg id: 110
07-28 04:24:09.113  3404  3579 D SensorServiceExtImpl: setLastEventStateForDisable reset the mRecentEvent handle = 291
07-28 04:24:09.113  2926  2926 E LOC_QESDK_WWAN: processIpcMsg:411] Unsupported msg id: 110
07-28 04:24:09.113  3404  3579 D SensorServiceExtImpl: disable reset the lastEvent handle = 291 in disable
07-28 04:24:09.113  3404  3579 D SensorService: ~SensorEventConnection(0xb400007684ca46c0)
07-28 04:24:09.113  3404  3579 D SensorService: 11 active sensors
07-28 04:24:09.113  1805  1869 E minksocket: MinkIPC ERROR: ( 1805:1869 ) MinkIPC_preProcess:272 Client down, but cannot find corresponding minksession
07-28 04:24:09.113  1805  1850 E minksocket: MinkIPC ERROR: ( 1805:1850 ) MinkIPC_preProcess:272 Client down, but cannot find corresponding minksession
07-28 04:24:09.113  6787  8986 D LocationServiceIDLClient: [gnssCapabilitiesCb][1438] [HC] <<= [HS]
07-28 04:24:09.114  3102  3102 E LocSvc_launcher: Parent woken up!
07-28 04:24:09.119  3404  4393 V AlarmManager: sending alarm Alarm{86236dc type 2 origWhen 52994 whenElapsed 52994 android} uid 1000 whenElapsed 52994 windowLength 0 maxWhenElapsed 52994 repeatInterval 0 action null component null tag $android.alarm.generated:1000:52994 flags 0x9 procName system_server
07-28 04:24:09.120  3404  3579 D LocationManagerService: network provider removed registration from 1000/android[GnssService]/A7116102
07-28 04:24:09.124  1845  4445 I sensors-hal: handle_oplus_wise_rgb_event:189, high_pwm_light:lux 2.0,cct 5300.0,brl/algo/ir 78.0/2.0/0.0,pwm/dc 0.0/0.0,rgbc 120.787346/105.357925/41.343063/276.295868,ts 52893771453,cnt 720,flag 137
07-28 04:24:09.125  1913  4459 I Dpps    : LtmSwState::SetParameter():144 ignore cmd 7 in state LtmOffState
07-28 04:24:09.130  1825  4025 I LocSvc_ApiV02: <--- globalEventCb line 257 QMI_LOC_EVENT_ENGINE_STATE_IND_V02
07-28 04:24:09.130  1825  1906 I LocSvc_ApiV02: proc:4884] current engine state 0, old engine state 1, in session 0
07-28 04:24:09.130  1825  1906 I LocSvc_ApiV02: adjustLocClientEventMask:766] oldQmiMask=0xe1220e060a24b qmiMask=0xd0020e060a248 mInSession: 0, power state 0, retry queue empty 1, mEngineOn: 0, qmi mask has engine state 0
07-28 04:24:09.130  1825  1906 I LocSvc_api_v02: ---> locClientSendReq line 2409 QMI_LOC_REG_EVENTS_REQ_V02
07-28 04:24:09.131  1825  4025 I LocSvc_ApiV02: <--- globalEventCb line 257 QMI_LOC_EVENT_REPORT_IND_V02
07-28 04:24:09.131  1825  4025 I LocSvc_LocApiBase: setQwesFeatureStatus:247] Feature : 20 isValid: 0
07-28 04:24:09.131  1825  4025 I LocSvc_LocApiBase: setQwesFeatureStatus:247] Feature : 8 isValid: 0
07-28 04:24:09.131  1825  4025 I LocSvc_LocApiBase: setQwesFeatureStatus:247] Feature : 7 isValid: 0
07-28 04:24:09.131  1825  4025 I LocSvc_LocApiBase: setQwesFeatureStatus:247] Feature : 17 isValid: 1
07-28 04:24:09.131  1825  4025 I LocSvc_LocApiBase: setQwesFeatureStatus:247] Feature : 6 isValid: 1
07-28 04:24:09.131  1825  4025 I LocSvc_LocApiBase: setQwesFeatureStatus:247] Feature : 5 isValid: 1
07-28 04:24:09.131  1825  4025 I LocSvc_LocApiBase: setQwesFeatureStatus:247] Feature : 4 isValid: 1
07-28 04:24:09.131  1825  4025 I LocSvc_LocApiBase: setQwesFeatureStatus:247] Feature : 3 isValid: 0
07-28 04:24:09.131  1825  4025 I LocSvc_LocApiBase: setQwesFeatureStatus:247] Feature : 13 isValid: 0
07-28 04:24:09.131  1825  4025 I LocSvc_LocApiBase: setQwesFeatureStatus:247] Feature : 2 isValid: 1
07-28 04:24:09.131  1825  4025 I LocSvc_LocApiBase: setQwesFeatureStatus:247] Feature : 1 isValid: 0
07-28 04:24:09.131  1825  1886 I LocSvc_GnssAdapter: ReportQwesFeatureStatus before caps 14001a7f7f 
07-28 04:24:09.131  1825  1886 I LocSvc_GnssAdapter: ReportQwesFeatureStatus after caps 14001a7f7f 
07-28 04:24:09.131  2926  2926 E LOC_QESDK_WWAN: processIpcMsg:411] Unsupported msg id: 110
07-28 04:24:09.131  1825  1906 I android.hardware.gnss-aidl-service-qti: registerEventMask:  mMask: 0x16a878244253 mQmiMask=0xd0020e060a248 qmiMask=0xd0020e060a248
07-28 04:24:09.131  2926  2926 E LOC_QESDK_WWAN: processIpcMsg:411] Unsupported msg id: 110
07-28 04:24:09.131  1825  1906 I LocSvc_ApiV02: registerEventMask:662] mMask: 0x16a878244253 mQmiMask=0xd0020e060a248 qmiMask=0xd0020e060a248
07-28 04:24:09.131  6787  8986 D LocationServiceIDLClient: [gnssCapabilitiesCb][1438] [HC] <<= [HS]
07-28 04:24:09.145  3404  4650 E OplusNetworkStackManager: initService mNetworkStackService is null, try again in 10s
07-28 04:24:09.332  1807  1812 E Diag-Router: diag: glinkpkt_open: failed to create control node for slate_adsp
07-28 04:24:09.332  1807  1812 E Diag-Router: diag: diag_glinkpkt_open_thread: Glinkpkt_open failed for perif: 13 with err: -1, retry_cnt: 8
07-28 04:24:09.332  1807  1811 E Diag-Router: diag: glinkpkt_open: failed to create control node for slate_apps
07-28 04:24:09.332  1807  1811 E Diag-Router: diag: diag_glinkpkt_open_thread: Glinkpkt_open failed for perif: 12 with err: -1, retry_cnt: 8
07-28 04:24:09.361  1995  1995 D SensorFeature: name=ssc_screenshot_info ,index = 22
07-28 04:24:09.361  1995  1995 D SensorFeature: write 29 bytes:48949987428,53233635707,138,0
07-28 04:24:09.395  1913  4459 I Dpps    : LtmSwState::SetParameter():144 ignore cmd 7 in state LtmOffState
07-28 04:24:09.447  3404  4797 I Osense-BaseDecisionMaker: notifySceneToAthenaPolicy: SCENE_IDLE_RECOVER, bundle: Bundle[{scene=SCENE_IDLE_RECOVER}]
07-28 04:24:09.449  3404  4797 I Osense-BaseDecisionMaker: scene: SCENE_IDLE_RECOVER, excutingPolicy: respreload
07-28 04:24:09.450  3404  4797 D Osense-BaseDecisionMaker: invoke process preload policy
07-28 04:24:09.450  3404  4797 I Osense-BaseDecisionMaker: scene: SCENE_IDLE_RECOVER, excutingPolicy: clear
07-28 04:24:09.450  3404  4797 D Osense-BaseDecisionMaker: invoke clear policy,type: unforbid
07-28 04:24:09.450  3404  4797 I OsenseKillAction: KillAction: unhandled request: id=5, enable=true, scene=SCENE_IDLE_RECOVER, type=unforbid, cchOnly=false, appcare=0
07-28 04:24:09.541  2008  2064 D vendor.oplus.hardware.charger-V7-service: ret_value:111, read content:,347,370,3660,3660,-125,30,32,1,1,0,494,4640,30,1,4475,300,500,0,7,-22,7,0,1,0,2,0,0,0,1,6098,99,0,0,0,0,0,0,0
07-28 04:24:09.541  2008  2064 D vendor.oplus.hardware.charger-V7-service: gmtime: 2025-07-28-04-24-09
07-28 04:24:09.542  2008  2064 D vendor.oplus.hardware.charger-V7-service: usb_online:1, ac_online:-2147483648, wireless_online:0
07-28 04:24:09.544  2008  2036 D vendor.oplus.hardware.charger-V7-service: s_chg_user_mode: 3
07-28 04:24:09.544  2008  2036 D vendor.oplus.hardware.charger-V7-service: scale_chg Start!!!
07-28 04:24:09.544  2008  2036 D vendor.oplus.hardware.charger-V7-service: [0, 0, 3]
07-28 04:24:09.544  2008  2036 D vendor.oplus.hardware.charger-V7-service: [0, 2, 9]
07-28 04:24:09.544  6315 11998 D ContactsProvider: performBackgroundTask: task id: 20
07-28 04:24:09.544  6315 11998 D ContactsProvider: performBackgroundTask: task id: 24
07-28 04:24:09.544  6315 11998 D ContactsProvider: performBackgroundTask: task id: 21
07-28 04:24:09.544  6315 11998 D ContactsProvider: performBackgroundTask GET_QUICKSEARCH_VALUE
07-28 04:24:09.544  6315 11998 D ContactsProvider: performBackgroundTask: task id: 27
07-28 04:24:09.545  2008  2036 D vendor.oplus.hardware.charger-V7-service: [0, 1, 3]
07-28 04:24:09.545  2008  2036 D vendor.oplus.hardware.charger-V7-service: [0, 3, 3]
07-28 04:24:09.545  2008  2036 D vendor.oplus.hardware.charger-V7-service: [0, 4, 3]
07-28 04:24:09.545  2008  2036 D vendor.oplus.hardware.charger-V7-service: [0, 5, 5]
07-28 04:24:09.545  2008  2036 D vendor.oplus.hardware.charger-V7-service: [0, 6, 9]
07-28 04:24:09.545  2008  2036 D vendor.oplus.hardware.charger-V7-service: scale_chg Start!!!
07-28 04:24:09.545  2008  2036 D vendor.oplus.hardware.charger-V7-service: [0, 0, 3]
07-28 04:24:09.545  2008  2036 D vendor.oplus.hardware.charger-V7-service: [0, 2, 10]
07-28 04:24:09.545  2008  2036 D vendor.oplus.hardware.charger-V7-service: [0, 1, 3]
07-28 04:24:09.546  2008  2036 D vendor.oplus.hardware.charger-V7-service: [0, 3, 3]
07-28 04:24:09.546  2008  2036 D vendor.oplus.hardware.charger-V7-service: [0, 4, 3]
07-28 04:24:09.546  2008  2036 D vendor.oplus.hardware.charger-V7-service: [0, 5, 3]
07-28 04:24:09.546  2008  2036 D vendor.oplus.hardware.charger-V7-service: [0, 6, 10]
07-28 04:24:09.547  6315 11998 I com.customize.statistics.UploadStatisticsJobService: bootPermissionGranted : true
07-28 04:24:09.548  6315 11998 D ContactsProvider: performBackgroundTask: task id: 28
07-28 04:24:09.548  6315 11998 D ContactsProvider: performBackgroundTask: task id: 33
07-28 04:24:09.548  6315 11998 I ContactNumberHashHelper: start updateExistNumberHash
07-28 04:24:09.548  6315 11998 D ContactNumberHashHelper: updateExistNumberHash hasUpdated
07-28 04:24:09.664  1995  1995 D SensorFeature: name=ssc_screenshot_info ,index = 22
07-28 04:24:09.664  1995  1995 D SensorFeature: write 29 bytes:48949987428,53537212478,139,0
07-28 04:24:09.666  1845  4445 I sensors-hal: handle_oplus_wise_rgb_event:189, high_pwm_light:lux 2.0,cct 5300.0,brl/algo/ir 78.0/2.0/0.0,pwm/dc 0.0/0.0,rgbc 118.371597/105.357925/39.374348/276.295868,ts 53475112495,cnt 730,flag 139
07-28 04:24:09.667  1913  4459 I Dpps    : LtmSwState::SetParameter():144 ignore cmd 7 in state LtmOffState
07-28 04:24:09.672 12968 13022 D ProfileInstaller: Installing profile for com.oplus.linker
07-28 04:24:09.900  2008  2066 D BatteryChargeControl: bcc get no support from charging protocol
07-28 04:24:09.923  1913  4459 I Dpps    : LtmSwState::SetParameter():144 ignore cmd 7 in state LtmOffState
07-28 04:24:09.966  1995  1995 D SensorFeature: name=ssc_screenshot_info ,index = 22
07-28 04:24:09.966  1995  1995 D SensorFeature: write 29 bytes:48949987428,53839493520,140,0
07-28 04:24:10.081  2008  7395 D charge_time: type=sdp,reserve_soc=2,soc=30,ui_soc=32,current=125,avg=127,not_chg_cnt=0,stable_cnt=7,fcc=5724,fcc_ratio=94,delta=37,debug=0,region=18,ttf=52557(14:35:57),ui_ttf=27412(07:36:52)
07-28 04:24:10.086  8282  8505 D ads_apk : [FetchAdStrategyEngine][2025-07-28 04:24:10.086][8282][GlobalWorkThread:70]:request from net but network disable
07-28 04:24:10.087  8282  8505 D ads_apk : [FetchAdStrategyEngine][2025-07-28 04:24:10.086][8282][GlobalWorkThread:70]:decay for refresh internalTime:24000,randomTime:3211
07-28 04:24:10.087  8282  8505 D ads_apk : [FetchAdStrategyEngine][2025-07-28 04:24:10.086][8282][GlobalWorkThread:70]:decay for refresh after:27211
07-28 04:24:10.087  8282  8505 D ads_apk : [FetchAdStrategyEngine][2025-07-28 04:24:10.086][8282][GlobalWorkThread:70]:looper to handler
07-28 04:24:10.189  1845  4445 I sensors-hal: handle_oplus_wise_rgb_event:189, high_pwm_light:lux 2.0,cct 5300.0,brl/algo/ir 78.0/2.0/0.0,pwm/dc 0.0/0.0,rgbc 118.371597/105.357925/41.343063/278.854126,ts 53808373797,cnt 740,flag 140
07-28 04:24:10.190  1913  4459 I Dpps    : LtmSwState::SetParameter():144 ignore cmd 7 in state LtmOffState
07-28 04:24:10.269  1995  1995 D SensorFeature: name=ssc_screenshot_info ,index = 22
07-28 04:24:10.269  1995  1995 D SensorFeature: write 29 bytes:48949987428,54142292895,141,0
07-28 04:24:10.456  1913  4459 I Dpps    : LtmSwState::SetParameter():144 ignore cmd 7 in state LtmOffState
07-28 04:24:10.572  1995  1995 D SensorFeature: name=ssc_screenshot_info ,index = 22
07-28 04:24:10.572  1995  1995 D SensorFeature: write 29 bytes:48949987428,54444939040,142,0
07-28 04:24:10.720  1845  4445 I sensors-hal: handle_oplus_wise_rgb_event:189, high_pwm_light:lux 2.0,cct 5300.0,brl/algo/ir 78.0/2.0/0.0,pwm/dc 0.0/0.0,rgbc 115.955849/107.699203/39.374348/271.179260,ts 54405971557,cnt 750,flag 142
07-28 04:24:10.722  1913  4459 I Dpps    : LtmSwState::SetParameter():144 ignore cmd 7 in state LtmOffState
07-28 04:24:10.746  5185  5937 E OplusNetworkStackManager: initService mNetworkStackService is null, try again in 10s
07-28 04:24:10.795  3404  3604 D Theia.TransparentWindow: handleMessage CHECK_TRANS_WINDOW_ERROR_MSG
07-28 04:24:10.874  1995  1995 D SensorFeature: name=ssc_screenshot_info ,index = 22
07-28 04:24:10.874  1995  1995 D SensorFeature: write 29 bytes:48949987428,54747505134,143,0
07-28 04:24:10.900  2008  2066 D BatteryChargeControl: bcc get no support from charging protocol
07-28 04:24:10.988  1913  4459 I Dpps    : LtmSwState::SetParameter():144 ignore cmd 7 in state LtmOffState
07-28 04:24:11.082  2008  7395 D charge_time: type=sdp,reserve_soc=2,soc=30,ui_soc=32,current=125,avg=126,not_chg_cnt=0,stable_cnt=7,fcc=5724,fcc_ratio=94,delta=38,debug=0,region=18,ttf=52974(14:42:54),ui_ttf=27411(07:36:51)
07-28 04:24:11.176  1995  1995 D SensorFeature: name=ssc_screenshot_info ,index = 22
07-28 04:24:11.176  1995  1995 D SensorFeature: write 29 bytes:48949987428,55049545082,144,0
07-28 04:24:11.251  1845  4445 I sensors-hal: handle_oplus_wise_rgb_event:189, high_pwm_light:lux 2.0,cct 5300.0,brl/algo/ir 78.0/2.0/0.0,pwm/dc 0.0/0.0,rgbc 118.371597/107.699203/39.374348/276.295868,ts 55011804526,cnt 760,flag 144
07-28 04:24:11.252  3404  4363 D FusionLightNextGen: process end reported = 1, mode: 0, lux 0.0, cct -1.0, r/g/b/c: 118.4/107.7/43.3/271.2, R/G/B: 103.0/96.0/96.0, bri 78.0, match 1.00, ir 0.016354, conf 0.0, ts 55036578536
07-28 04:24:11.254  1913  4459 I Dpps    : LtmSwState::SetParameter():144 ignore cmd 7 in state LtmOffState
07-28 04:24:11.355  4922  6225 E OplusNetworkStackManager: initService mNetworkStackService is null, try again in 10s
07-28 04:24:11.479  1995  1995 D SensorFeature: name=ssc_screenshot_info ,index = 22
07-28 04:24:11.479  1995  1995 D SensorFeature: write 29 bytes:48949987428,55352229509,145,0
07-28 04:24:11.522  1913  4459 I Dpps    : LtmSwState::SetParameter():144 ignore cmd 7 in state LtmOffState
07-28 04:24:11.552  6551  6600 E oiface  : sched_setaffinity failed
07-28 04:24:11.554  2008  2008 D vendor.oplus.hardware.charger-V7-service: getChargerControl:
07-28 04:24:11.572  1996  1996 E PerformanceService: storage_feature: open /sys/devices/platform/soc/112b0000.ufshci//virtualtlcbuff fail
07-28 04:24:11.573  3404  5383 W BestClock: java.time.DateTimeException: Missing network time fix
07-28 04:24:11.574  3404  5383 W BestClock: java.time.DateTimeException: Missing network time fix
07-28 04:24:11.574  3404  5383 W BestClock: java.time.DateTimeException: Missing network time fix
07-28 04:24:11.781  1995  1995 D SensorFeature: name=ssc_screenshot_info ,index = 22
07-28 04:24:11.781  1995  1995 D SensorFeature: write 29 bytes:48949987428,55654595238,146,0
07-28 04:24:11.783  1845  4445 I sensors-hal: handle_oplus_wise_rgb_event:189, high_pwm_light:lux 2.1,cct 5300.0,brl/algo/ir 78.0/2.0/0.0,pwm/dc 0.0/0.0,rgbc 118.371597/105.357925/39.374348/271.179260,ts 55601116974,cnt 770,flag 146
07-28 04:24:11.784  1913  4459 I Dpps    : LtmSwState::SetParameter():144 ignore cmd 7 in state LtmOffState
07-28 04:24:11.808  3404  5036 I OplusHansManager : uid=10157, pkg=com.baidu.input_oppo cannot transition from R to M, importance=input
07-28 04:24:11.901  2008  2066 D BatteryChargeControl: bcc get no support from charging protocol
07-28 04:24:12.083  2008  7395 D charge_time: type=sdp,reserve_soc=2,soc=30,ui_soc=32,current=125,avg=125,not_chg_cnt=0,stable_cnt=7,fcc=5724,fcc_ratio=94,delta=39,debug=0,region=18,ttf=53397(14:49:57),ui_ttf=27410(07:36:50)
07-28 04:24:12.083  1995  1995 D SensorFeature: name=ssc_screenshot_info ,index = 22
07-28 04:24:12.083  1995  1995 D SensorFeature: write 29 bytes:48949987428,55956979509,147,0
07-28 04:24:12.087  1913  4459 I Dpps    : LtmSwState::SetParameter():144 ignore cmd 7 in state LtmOffState
07-28 04:24:12.315  1845  4445 I sensors-hal: handle_oplus_wise_rgb_event:189, high_pwm_light:lux 2.0,cct 5300.0,brl/algo/ir 78.0/2.0/0.0,pwm/dc 0.0/0.0,rgbc 115.955849/105.357925/43.311783/273.737579,ts 55934466453,cnt 780,flag 147
07-28 04:24:12.316  1913  4459 I Dpps    : LtmSwState::SetParameter():144 ignore cmd 7 in state LtmOffState
07-28 04:24:12.334 12436 12445 W System  : A resource failed to call close. 
07-28 04:24:12.334 12436 12445 W System  : A resource failed to call close. 
07-28 04:24:12.386  1995  1995 D SensorFeature: name=ssc_screenshot_info ,index = 22
07-28 04:24:12.386  1995  1995 D SensorFeature: write 29 bytes:48949987428,56258923675,148,0
07-28 04:24:12.582  1913  4459 I Dpps    : LtmSwState::SetParameter():144 ignore cmd 7 in state LtmOffState
07-28 04:24:12.688  1995  1995 D SensorFeature: name=ssc_screenshot_info ,index = 22
07-28 04:24:12.688  1995  1995 D SensorFeature: write 29 bytes:48949987428,56561679821,149,0
07-28 04:24:12.845  1845  4445 I sensors-hal: handle_oplus_wise_rgb_event:189, high_pwm_light:lux 2.0,cct 5300.0,brl/algo/ir 78.0/2.0/0.0,pwm/dc 0.0/0.0,rgbc 120.787346/103.016632/41.343063/273.737579,ts 56523325984,cnt 790,flag 149
07-28 04:24:12.847  1913  4459 I Dpps    : LtmSwState::SetParameter():144 ignore cmd 7 in state LtmOffState
07-28 04:24:12.901  2008  2066 D BatteryChargeControl: bcc get no support from charging protocol
07-28 04:24:12.957  1826  1826 D healthd : system healthd: battery l=32 v=3663 t=34.7 h=2 st=2 c=-156 fc=5920000 cc=18 chg=u
07-28 04:24:12.990  1995  1995 D SensorFeature: name=ssc_screenshot_info ,index = 22
07-28 04:24:12.991  1995  1995 D SensorFeature: write 29 bytes:48949987428,56864082581,150,0
07-28 04:24:12.991  1845  1960 I sensors-hal: get_display_brightness:818, light_iface: set screenshot_info [48949987428,56864082581,150,0]
07-28 04:24:12.995  2008  2008 D vendor.oplus.hardware.charger-V7-service: get_ui_charge_icon_type 0 0 0 0 0
07-28 04:24:12.995  2008  2008 D vendor.oplus.hardware.charger-V7-service: oplus_chg_get_cpa_power 2500 charge_online 1 retention_topic 0
07-28 04:24:12.996  2008  2008 D vendor.oplus.hardware.charger-V7-service: oplus_chg_get_cpa_power 2500 charge_online 1 retention_topic 0
07-28 04:24:12.996  2008  2008 D vendor.oplus.hardware.charger-V7-service: getIsSingleHyperSupport=2, cpa_power=2
07-28 04:24:13.084  2008  7395 D charge_time: write 27409s(07:36:49) to ttf, rc=7
07-28 04:24:13.084  2008  7395 D charge_time: type=sdp,reserve_soc=2,soc=30,ui_soc=32,current=156,avg=131,not_chg_cnt=0,stable_cnt=7,fcc=5724,fcc_ratio=94,delta=40,debug=0,region=18,ttf=50948(14:09:08),ui_ttf=27409(07:36:49)
07-28 04:24:13.114  1913  4459 I Dpps    : LtmSwState::SetParameter():144 ignore cmd 7 in state LtmOffState
07-28 04:24:13.293  1995  1995 D SensorFeature: name=ssc_screenshot_info ,index = 22
07-28 04:24:13.293  1995  1995 D SensorFeature: write 29 bytes:48949987428,57166261175,151,0
07-28 04:24:13.377  1845  4445 I sensors-hal: handle_oplus_wise_rgb_event:189, high_pwm_light:lux 2.0,cct 5300.0,brl/algo/ir 78.0/2.0/0.0,pwm/dc 0.0/0.0,rgbc 120.787346/105.357925/43.311783/273.737579,ts 57129534474,cnt 800,flag 151
07-28 04:24:13.379  1913  4459 I Dpps    : LtmSwState::SetParameter():144 ignore cmd 7 in state LtmOffState
07-28 04:24:13.595  1995  1995 D SensorFeature: name=ssc_screenshot_info ,index = 22
07-28 04:24:13.595  1995  1995 D SensorFeature: write 29 bytes:48949987428,57468859352,152,0
07-28 04:24:13.645  1913  4459 I Dpps    : LtmSwState::SetParameter():144 ignore cmd 7 in state LtmOffState
07-28 04:24:13.898  1995  1995 D SensorFeature: name=ssc_screenshot_info ,index = 22
07-28 04:24:13.898  1995  1995 D SensorFeature: write 29 bytes:48949987428,57771507477,153,0
07-28 04:24:13.902  2008  2066 D BatteryChargeControl: bcc get no support from charging protocol
07-28 04:24:13.912  1845  4445 I sensors-hal: handle_oplus_wise_rgb_event:189, high_pwm_light:lux 1.9,cct 5300.0,brl/algo/ir 78.0/2.0/0.0,pwm/dc 0.0/0.0,rgbc 118.371597/105.357925/39.374348/276.295868,ts 57727036922,cnt 810,flag 153
07-28 04:24:13.913  3404  4363 D FusionLightNextGen: process end reported = 1, mode: 0, lux 0.0, cct -1.0, r/g/b/c: 116.0/105.4/43.3/273.7, R/G/B: 103.0/96.0/96.0, bri 78.0, match 1.00, ir 0.000000, conf 0.0, ts 57751810932
07-28 04:24:13.913  1913  4459 I Dpps    : LtmSwState::SetParameter():144 ignore cmd 7 in state LtmOffState
07-28 04:24:13.923  6507  8281 E OplusNetworkStackManager: initService mNetworkStackService is null, try again in 10s
07-28 04:24:14.086  2008  7395 D charge_time: type=sdp,reserve_soc=2,soc=30,ui_soc=32,current=156,avg=137,not_chg_cnt=0,stable_cnt=7,fcc=5724,fcc_ratio=94,delta=41,debug=0,region=18,ttf=48714(13:31:54),ui_ttf=27408(07:36:48)
07-28 04:24:14.116  3404  4635 V SystemSensorManagerExtImpl: unRegisterListener by com.oplus.location.fused.ActivityRecognitionHandler$1@3ccdaca and its name is oplus_activity_recognition  Wakeup
07-28 04:24:14.116  3404  4635 W SensorService: SensorEventConnection sensor handle=1372, package = com.oplus.location.fused.ActivityRecognitionHandler disable
07-28 04:24:14.116  3404  4635 D SensorService: 0xb400007670eef640 removeFd fd=994
07-28 04:24:14.116  3404  4635 D SensorService: SensorDevice::activate: ident=0xb400007670eef640, handle=0x0000055c, enabled=0, count=4
07-28 04:24:14.116  3404  4635 D SensorService: disable index=3
07-28 04:24:14.116  3404  4635 D SensorService: 	>>> actuating h/w batch 0x0000055c 200000000 0
07-28 04:24:14.117  1845  1845 I sensors-hal: batch:153, qti.sensor.oplus_activity_recognition/1372, period=200000000, max_latency=0
07-28 04:24:14.117  1845  1845 I sensors-hal: batch:175, qti.sensor.oplus_activity_recognition/1372, period=200000000, max_latency=0 request completed
07-28 04:24:14.117  3404  4635 D SensorService: activateHardware = 0
07-28 04:24:14.117  3404  4635 D SensorService: ~SensorEventConnection(0xb400007670eef640)
07-28 04:24:14.117  3404  4635 D SensorService: 11 active sensors
07-28 04:24:14.201  1995  1995 D SensorFeature: name=ssc_screenshot_info ,index = 22
07-28 04:24:14.201  1995  1995 D SensorFeature: write 29 bytes:48949987428,58074310758,154,0
07-28 04:24:14.204  1913  4459 I Dpps    : LtmSwState::SetParameter():144 ignore cmd 7 in state LtmOffState
07-28 04:24:14.274  3404  3607 D OomAdjuster: Not killing cached processes
07-28 04:24:14.332  1807  1812 E Diag-Router: diag: glinkpkt_open: failed to create control node for slate_adsp
07-28 04:24:14.332  1807  1812 E Diag-Router: diag: diag_glinkpkt_open_thread: Glinkpkt_open failed for perif: 13 with err: -1, retry_cnt: 9
07-28 04:24:14.332  1807  1811 E Diag-Router: diag: glinkpkt_open: failed to create control node for slate_apps
07-28 04:24:14.332  1807  1811 E Diag-Router: diag: diag_glinkpkt_open_thread: Glinkpkt_open failed for perif: 12 with err: -1, retry_cnt: 9
07-28 04:24:14.441  1845  4445 I sensors-hal: handle_oplus_wise_rgb_event:189, high_pwm_light:lux 2.0,cct 5300.0,brl/algo/ir 78.0/2.0/0.0,pwm/dc 0.0/0.0,rgbc 123.203094/105.357925/41.343063/273.737579,ts 58060003692,cnt 820,flag 154
07-28 04:24:14.442  1913  4459 I Dpps    : LtmSwState::SetParameter():144 ignore cmd 7 in state LtmOffState
07-28 04:24:14.503  1995  1995 D SensorFeature: name=ssc_screenshot_info ,index = 22
07-28 04:24:14.503  1995  1995 D SensorFeature: write 29 bytes:48949987428,58377246383,155,0
07-28 04:24:14.542  2008  2064 D vendor.oplus.hardware.charger-V7-service: ret_value:111, read content:,347,366,3663,3661,-156,30,32,1,1,0,491,4647,30,1,4475,300,500,0,7,-22,7,0,1,0,2,0,0,0,1,6098,99,0,0,0,0,0,0,0
07-28 04:24:14.542  2008  2064 D vendor.oplus.hardware.charger-V7-service: gmtime: 2025-07-28-04-24-14
07-28 04:24:14.542  2008  2064 D vendor.oplus.hardware.charger-V7-service: usb_online:1, ac_online:-2147483648, wireless_online:0
07-28 04:24:14.546  2008  2036 D vendor.oplus.hardware.charger-V7-service: s_chg_user_mode: 3
07-28 04:24:14.546  2008  2036 D vendor.oplus.hardware.charger-V7-service: scale_chg Start!!!
07-28 04:24:14.546  2008  2036 D vendor.oplus.hardware.charger-V7-service: [0, 0, 3]
07-28 04:24:14.546  2008  2036 D vendor.oplus.hardware.charger-V7-service: [0, 2, 9]
07-28 04:24:14.546  2008  2036 D vendor.oplus.hardware.charger-V7-service: [0, 1, 3]
07-28 04:24:14.546  2008  2036 D vendor.oplus.hardware.charger-V7-service: [0, 3, 3]
07-28 04:24:14.546  2008  2036 D vendor.oplus.hardware.charger-V7-service: [0, 4, 3]
07-28 04:24:14.546  2008  2036 D vendor.oplus.hardware.charger-V7-service: [0, 5, 5]
07-28 04:24:14.546  2008  2036 D vendor.oplus.hardware.charger-V7-service: [0, 6, 9]
07-28 04:24:14.546  2008  2036 D vendor.oplus.hardware.charger-V7-service: scale_chg Start!!!
07-28 04:24:14.546  2008  2036 D vendor.oplus.hardware.charger-V7-service: [0, 0, 3]
07-28 04:24:14.546  2008  2036 D vendor.oplus.hardware.charger-V7-service: [0, 2, 10]
07-28 04:24:14.546  2008  2036 D vendor.oplus.hardware.charger-V7-service: [0, 1, 3]
07-28 04:24:14.546  2008  2036 D vendor.oplus.hardware.charger-V7-service: [0, 3, 3]
07-28 04:24:14.546  2008  2036 D vendor.oplus.hardware.charger-V7-service: [0, 4, 3]
07-28 04:24:14.546  2008  2036 D vendor.oplus.hardware.charger-V7-service: [0, 5, 3]
07-28 04:24:14.546  2008  2036 D vendor.oplus.hardware.charger-V7-service: [0, 6, 10]
07-28 04:24:14.708  1913  4459 I Dpps    : LtmSwState::SetParameter():144 ignore cmd 7 in state LtmOffState
07-28 04:24:14.805  1995  1995 D SensorFeature: name=ssc_screenshot_info ,index = 22
07-28 04:24:14.805  1995  1995 D SensorFeature: write 29 bytes:48949987428,58678955862,156,0
07-28 04:24:14.903  2008  2066 D BatteryChargeControl: bcc get no support from charging protocol
07-28 04:24:14.972  1845  4445 I sensors-hal: handle_oplus_wise_rgb_event:189, high_pwm_light:lux 2.1,cct 5300.0,brl/algo/ir 78.0/2.0/0.0,pwm/dc 0.0/0.0,rgbc 132.866074/124.088211/53.155369/291.645630,ts 58641390411,cnt 830,flag 156
07-28 04:24:14.973  1913  4459 I Dpps    : LtmSwState::SetParameter():144 ignore cmd 7 in state LtmOffState
07-28 04:24:15.002  1936  1976 I [UAH_CLIENT]: UahRelease, handle:21
07-28 04:24:15.002  1936  1976 I [UAH_CLIENT]: UahPlatformResAcquire
07-28 04:24:15.002  1936  1976 I [UAH_CLIENT]: UahEventAcquire, cmdid:-3, pkg:1936 13011, identity:qcom-perfd
07-28 04:24:15.003  1936  1976 E PERFHAL-RESOURCEQS: PERFHAL-RESOURCEQS: AddAndApply() 130: Resource with major=18, minor=41 not supported
07-28 04:24:15.087  2008  7395 D charge_time: type=sdp,reserve_soc=2,soc=30,ui_soc=32,current=156,avg=143,not_chg_cnt=0,stable_cnt=7,fcc=5724,fcc_ratio=94,delta=42,debug=0,region=18,ttf=46668(12:57:48),ui_ttf=27407(07:36:47)
07-28 04:24:15.107  1995  1995 D SensorFeature: name=ssc_screenshot_info ,index = 22
07-28 04:24:15.107  1995  1995 D SensorFeature: write 29 bytes:48949987428,58980529612,157,0
07-28 04:24:15.239  1913  4459 I Dpps    : LtmSwState::SetParameter():144 ignore cmd 7 in state LtmOffState
07-28 04:24:15.410  1995  1995 D SensorFeature: name=ssc_screenshot_info ,index = 22
07-28 04:24:15.410  1995  1995 D SensorFeature: write 29 bytes:48949987428,59283081070,158,0
07-28 04:24:15.489  3404  4393 V AlarmManager: sending alarm Alarm{19e9b12 type 3 origWhen 40613 whenElapsed 40613 android} uid 1000 whenElapsed 40613 windowLength 18750 maxWhenElapsed 59363 repeatInterval 0 action null component null tag WifiHealthMonitor Schedule Post-Boot Detection Timer flags 0x8 procName system_server
07-28 04:24:15.503  1845  4445 I sensors-hal: handle_oplus_wise_rgb_event:189, high_pwm_light:lux 2.0,cct 5300.0,brl/algo/ir 78.0/2.0/0.0,pwm/dc 0.0/0.0,rgbc 120.787346/105.357925/39.374348/273.737579,ts 59247086817,cnt 840,flag 158
07-28 04:24:15.506  1913  4459 I Dpps    : LtmSwState::SetParameter():144 ignore cmd 7 in state LtmOffState
07-28 04:24:15.602  3404  4851 I InputDispatcher: injectInputEvent: targetUid=<not set>, syncMode=WAIT_FOR_FINISHED, timeout=30000ms, policyFlags=0x8000000, event=MotionEvent { action=DOWN, id[0]=0, x[0]=900, y[0]=30, eventTime=59475000000, downTime=59475000000, deviceId=4, source=TOUCHSCREEN, displayId=0, eventId=0xcba9c2f9}
07-28 04:24:15.604  3404  4812 I [UAH_CLIENT]: UahEventAcquire, cmdid:37, pkg:none, identity:OplusUAwareInputHelper
07-28 04:24:15.603  2143  3186 D VRR [OTI]: handleIdle from 1 to 0
07-28 04:24:15.604  2143  3186 D VRR [OTI-HW]: isStateReady 0
07-28 04:24:15.604  2143  3186 D VRR [OTI-HW]: keep rate.
07-28 04:24:15.604  3404  4642 D OMP_Detector: D:done mCurrStatus: 0
07-28 04:24:15.605  3404  4812 D UAH-UahAdaptHelper: adaptSetNotification identity = OplusUAwareInputHelpersrc = 1000 , type 0 ,p1 = -1 ,p2 = -1 ,p3 = -1 ,p4 =
07-28 04:24:15.605  3404  4812 I [UAH_CLIENT]: uahRuleCtl, ruleId:1000, status:0
07-28 04:24:15.606  3404  3651 D PowerManagerService: userActivityNoUpdateLocked: groupId=0, eventTime=59475, event=touch, flags=0x0, uid=1000
07-28 04:24:15.606  4857  4857 V AutofillManager: requestHideFillUi(null): anchor = null
07-28 04:24:15.606  4857  4857 V Application: getAutofillClient(): null on super, trying to find activity thread
07-28 04:24:15.606  4857  4857 V Application: getAutofillClient(): none of the 0 activities on com.android.systemui.SystemUIApplication@daf779 are top resumed nor have focus
07-28 04:24:15.606  4857  4857 V AutofillManager: No AutofillClient for com.android.systemui on context com.android.systemui.SystemUIApplication@daf779
07-28 04:24:15.607  4857  4857 I PluginSeedling--Capsule: CapsuleTouchEventHandler-->onInterceptTouchEvent interceptEvent: false
07-28 04:24:15.610  3404  3606 W UserAwareMgr: can not find match thread: GaussianBlur for process com.android.systemui
07-28 04:24:15.611  4857 10371 I [UAH_CLIENT]: UahEventAcquire, cmdid:97, pkg:none, identity:OsenseHelperImpl
07-28 04:24:15.611  4857  4857 I SystemUi--Common: ScrollTranslationValue-->resetPanelTranslationY
07-28 04:24:15.612  4857  4857 I SystemUi--QuickSettings: OplusPanelViewPagerController-->initExpanded downExpanded=NONE downOnRight=true targetPage=NOTIFICATION downOnYHotArea=true  isKeyguardShowing=false isOnKeyguard=false fractionListeners.size=0 currentQsFraction=0.0 currentNotifyFraction=0.0 hasCalledDownEvent=true getScrollXHotZone=([Rect(0, 0 - 1080, 2376)], [Rect(-1, -1 - -1, -1), Rect(157, 1999 - 283, 2125), Rect(823, 1999 - 949, 2125)]) getScrollYHotZone=Rect(0, 0 - 1080, 66) notifyExpandedFraction=0.0 isLastUpToExpand=false qsPanelView.translationX=0.0
07-28 04:24:15.612  4857  4857 I SystemUi--QuickSettings: OplusPanelViewPagerController-->shouldOpenQS  set targetPage=QS
07-28 04:24:15.612  4857  4857 I SystemUi--Common: ScrollTranslationValue-->resetPanelTranslationY
07-28 04:24:15.612  4857  4857 I SystemUi--QuickSettings: OplusPanelViewPagerController-->initExpanded downExpanded=NONE downOnRight=true targetPage=QS downOnYHotArea=true  isKeyguardShowing=false isOnKeyguard=false fractionListeners.size=0 currentQsFraction=0.0 currentNotifyFraction=0.0 hasCalledDownEvent=true getScrollXHotZone=([Rect(0, 0 - 1080, 2376)], [Rect(-1, -1 - -1, -1), Rect(157, 1999 - 283, 2125), Rect(823, 1999 - 949, 2125)]) getScrollYHotZone=Rect(0, 0 - 1080, 66) notifyExpandedFraction=0.0 isLastUpToExpand=false qsPanelView.translationX=0.0
07-28 04:24:15.612  4857  4857 I SystemUi--QuickSettings: OplusPanelViewPagerController-->shouldOpenQS  set targetPage=QS
07-28 04:24:15.613  4857  4857 I SystemUi--QuickSettings: OplusQSPageViewController-->reset(), pageList size:2 itemCount:2 oldIndex:0 curIndex:0
07-28 04:24:15.613  4857  4857 I SystemUi--QuickSettings: OplusQSRootViewController-->startExpandMotion event: 0, startTracking: false isClosing: false panelClosedOnDown: true
07-28 04:24:15.613  4857  4857 I SystemUi--QuickSettings: OplusQSRootViewController-->initialOffsetOnTouch: 0.0, panelClosedOnDown: true
07-28 04:24:15.613  4857  4857 I SystemUi--QuickSettings: OplusQSRootView-->disallowChildIntercept:false
07-28 04:24:15.613  4857  4857 I SystemUi--QuickSettings: OplusQSRootViewController-->startExpandMotion event: 0, startTracking: false isClosing: false panelClosedOnDown: true
07-28 04:24:15.613  4857  4857 I SystemUi--QuickSettings: OplusQSRootViewController-->initialOffsetOnTouch: 0.0, panelClosedOnDown: true
07-28 04:24:15.613  4857  4857 I SystemUi--QuickSettings: OplusQSRootViewController-->onTouchEvent() ACTION_DOWN, canSlideHToQSOnStatusBar:true, gestureWaitForTouchSlop:true, panelClosedOnDown:true, panelClosingOnDown:false, pointerIndex:0
07-28 04:24:15.613  3404  4851 I InputDispatcher: injectInputEvent: targetUid=<not set>, syncMode=WAIT_FOR_FINISHED, timeout=30000ms, policyFlags=0x8000000, event=MotionEvent { action=MOVE, id[0]=0, x[0]=900, y[0]=108.8, eventTime=59487000000, downTime=59475000000, deviceId=4, source=TOUCHSCREEN, displayId=0, eventId=0xf5aaf2c5}
07-28 04:24:15.613  3404  4812 I [UAH_CLIENT]: UahEventAcquire, cmdid:68, pkg:none, identity:OplusUAwareInputHelper
07-28 04:24:15.614  3404  4406 D SystemGestures: detectSwipe: 1
07-28 04:24:15.620  4857  4857 I SystemUi--QuickSettings: OplusQSRootViewController-->startExpandMotion event: 2, startTracking: true isClosing: false panelClosedOnDown: true
07-28 04:24:15.620  4857  4857 I SystemUi--QuickSettings: OplusQSRootViewController-->endClosing()
07-28 04:24:15.620  4857  4857 I SystemUi--QuickSettings: QSPanelExpandFraction-->updateFraction, stiffness=500.0, finalPosition=0.31988606
07-28 04:24:15.621  3404  4851 I InputDispatcher: injectInputEvent: targetUid=<not set>, syncMode=WAIT_FOR_FINISHED, timeout=30000ms, policyFlags=0x8000000, event=MotionEvent { action=MOVE, id[0]=0, x[0]=900, y[0]=167.9, eventTime=59496000000, downTime=59475000000, deviceId=4, source=TOUCHSCREEN, displayId=0, eventId=0xda9698be}
07-28 04:24:15.629  4857  4857 I SystemUi--QuickSettings: OplusQSRootViewController-->setQsVisible: true rawFraction:0.0030250028
07-28 04:24:15.629  3404  4851 I InputDispatcher: injectInputEvent: targetUid=<not set>, syncMode=WAIT_FOR_FINISHED, timeout=30000ms, policyFlags=0x8000000, event=MotionEvent { action=MOVE, id[0]=0, x[0]=900, y[0]=213.866, eventTime=59503000000, downTime=59475000000, deviceId=4, source=TOUCHSCREEN, displayId=0, eventId=0xf08c626f}
07-28 04:24:15.629  4857  4857 I SystemUi--QuickSettings: OplusQSRootViewController-->setListening: true
07-28 04:24:15.630  4857  4857 I SystemUi--QuickSettings: OplusLargeTileContainerViewController-->setListening listening=true
07-28 04:24:15.630  4857  4857 I SystemUi--QuickSettings: QSBrightnessFactory-->setListening listening:true
07-28 04:24:15.630  4857  4857 I SystemUi--QuickSettings: OplusQsBrightnessSliderController-->setListening listening:true mView: com.oplus.systemui.plugins.qs.widget.OplusQsToggleSliderLayout{74be16c V.E...... ......ID 558,244-737,643 #7f0a09f0 app:id/qs_brightness_slider_layout alpha=0.0 viewInfo = } value:0
07-28 04:24:15.630  4857  4857 I SystemUi--QuickSettings: OplusQsVolumeSliderController-->updateVolumeSeekBarMaxProgress: isNeedUpdate=true, maxVolumeProgress=16000, seekBarMaxProgress=1600, isInit=false
07-28 04:24:15.630  4857  4857 I SystemUi--QuickSettings: OplusQsVolumeSliderController-->updateVolumeSeekBarProgress: isNeedUpdate=true, isAllowUpdate=true, volumeLevel=0, seekBarLevel=0, initialVolumeSliderProgress=0, initialSeekBarVolumeLevel=-1, progressUpdated=false
07-28 04:24:15.630  4857  4857 I SystemUi--QuickSettings: OplusQsVolumeSliderController-->updateDisableShowVolumeDialog: isQsListening=true
07-28 04:24:15.631  4857  4857 I SystemUi--Device_Panel: OplusQSMyDeviceContainerViewController-->setListening listening: true
07-28 04:24:15.631  4857  4857 I [DevicePlugin].SysUiPluginService.(main): setListening: isListening=true, _isSeparateMode=true
07-28 04:24:15.631  4857  4857 I [DevicePlugin].FixedSeparateModelPanel.(main): onCtrCenterShow
07-28 04:24:15.631  4857  4857 I [DevicePlugin].FixedSeparateModelPanel.(main): onResume
07-28 04:24:15.632  4857  4857 I SystemUi--Common: NotificationShadeDepthC-->sceneFlag: 0x001, isStart = true, Current sceneFlags: 0x001
