07-28 20:00:47.236  5007  5508 I DeviceInfoAidlClient: onPowerInfoReportingChanged - reporting enabled true [15, 20, 30, 50, 80]
07-28 20:00:47.236  5007  5508 D DeviceInfoAidlClient: isRadioOn()=true
07-28 20:00:47.236  5007  5508 I DeviceInfoAidlClient: isPowerInfoNeverSent=true batteryLevel=54 batteryLevelIndex=4 chargingMode=2 totalCapacity=5033300 powerSaveMode=false
07-28 20:00:47.237  5007  5508 I DeviceInfoAidlClient: onDeviceInfoReportingChanged - reporting enabled true
07-28 20:00:47.237  5007  5508 D DeviceInfoAidlClient: getDeviceInfoSupportStatus()=1
07-28 20:00:47.237  5007  5508 D DeviceInfoAidlClient: isRadioOn()=true
07-28 20:00:47.237  5007  5508 I DeviceInfoAidlClient: deviceState=2
07-28 20:00:47.237  5007  5508 I DeviceInfoAidlClient: onPowerInfoReportingChanged - reporting enabled true [15, 20, 30, 50, 80]
07-28 20:00:47.238  5007  5508 D DeviceInfoAidlClient: isRadioOn()=true
07-28 20:00:47.238  5007  5508 I DeviceInfoAidlClient: isPowerInfoNeverSent=false batteryLevel=54 batteryLevelIndex=4 chargingMode=2 totalCapacity=5033300 powerSaveMode=false
07-28 20:00:47.238  5007  5508 I DeviceInfoAidlClient: onDeviceInfoReportingChanged - reporting enabled true
07-28 20:00:47.238  5007  5508 D DeviceInfoAidlClient: getDeviceInfoSupportStatus()=1
07-28 20:00:47.238  5007  5508 D DeviceInfoAidlClient: isRadioOn()=true
07-28 20:00:47.238  5007  5508 I DeviceInfoAidlClient: deviceState=2
07-28 20:00:47.239  3384  5384 W BestClock: java.time.DateTimeException: Missing network time fix
07-28 20:00:47.240  4939  4939 V OplusCustomizeCacheManager: queryCache name: sys.cache.common_customize_cache18016 param: null
07-28 20:00:47.240  4939  4939 V OplusCustomizeCacheManager: queryCache name: sys.cache.common_customize_cache18013 param: null
07-28 20:00:47.240  4939  4939 V OplusCustomizeCacheManager: queryCache name: sys.cache.common_customize_cache18014 param: null
07-28 20:00:47.240  4939  4939 V OplusCustomizeCacheManager: queryCache name: sys.cache.common_customize_cache18017 param: Bundle[{SETTING=BLOCK, BUSINESS=NCT-DATA}]
07-28 20:00:47.241  3384  5384 W BestClock: java.time.DateTimeException: Missing network time fix
07-28 20:00:47.241  4939  4939 V OplusCustomizeCacheManager: queryCache name: sys.cache.common_customize_cache18016 param: null
07-28 20:00:47.241  4939  4939 V OplusCustomizeCacheManager: queryCache name: sys.cache.common_customize_cache18013 param: null
07-28 20:00:47.241  4939  4939 V OplusCustomizeCacheManager: queryCache name: sys.cache.common_customize_cache18014 param: null
07-28 20:00:47.241  4939  4939 V OplusCustomizeCacheManager: queryCache name: sys.cache.common_customize_cache18017 param: Bundle[{SETTING=BLOCK, BUSINESS=NCT-DATA}]
07-28 20:00:47.241  4885  5709 V OplusCustomizeCacheManager: queryCache name: sys.cache.common_customize_cache18014 param: null
07-28 20:00:47.241  4885  5709 V OplusCustomizeCacheManager: queryCache name: sys.cache.common_customize_cache18017 param: Bundle[{SETTING=BLOCK, BUSINESS=NCT-DATA}]
07-28 20:00:47.241  4885  5709 V OplusCustomizeCacheManager: queryCache name: sys.cache.common_customize_cache18013 param: null
07-28 20:00:47.242  5007  5007 D QcrilMsgTunnelIfaceManager: handleMessage what = 1
07-28 20:00:47.242  5007  5007 I QcrilOemhookMsgTunnel: [0]invokeOemRilRequestRaw: serial=1007 length=16
07-28 20:00:47.242  5007  5072 I QtiOemHookAidl: oemHookRawResponse: serial no: 1007 error: 0length=1
07-28 20:00:47.243  4939  4939 D QC_RIL_OEM_HOOK: Received Broadcast Intent ACTION_UNSOL_RESPONSE_OEM_HOOK_RAW
07-28 20:00:47.243  5007  5007 D QcrilMsgTunnelIfaceManager: handleMessage what = 2
07-28 20:00:47.243  4939  4939 D QC_RIL_OEM_HOOK: Received Broadcast Intent ACTION_UNSOL_RESPONSE_OEM_HOOK_RAW
07-28 20:00:47.243  4939  4939 D QC_RIL_OEM_HOOK: Received Broadcast Intent ACTION_UNSOL_RESPONSE_OEM_HOOK_RAW
07-28 20:00:47.243  4939  5475 D QC_RIL_OEM_HOOK: sendOemRilRequestRaw returns value = 1
07-28 20:00:47.243  4939  4939 D OplusPowerUpOptimizationImpl: onReceive: org.codeaurora.intent.action.RADIO_POWER_STATE
07-28 20:00:47.243  4939  5543 D OplusPowerUpOptimizationImpl: handleMessage what = 6
07-28 20:00:47.243  4939  5543 D OplusPowerUpOptimizationImpl: radio is available for slot: 1
07-28 20:00:47.243  4939  5543 D OplusPowerUpOptimizationImpl: trySendPhoneReady for slot: 1
07-28 20:00:47.243  4939  5543 D OplusPowerUpOptimizationImpl: Not sending ATEL ready: States: [1: {true, true, true, true}]
07-28 20:00:47.244  5172  6167 D IWlanJni: getDataRegistrationState start
07-28 20:00:47.244  4939  4939 D CiWlanNotificationReceiver: ACTION_RADIO_POWER_STATE_CHANGED
07-28 20:00:47.245  5172  6176 D IWlanJni: new aidl event arrived
07-28 20:00:47.245  5172  6176 D IWlanJni: handleEvent 10
07-28 20:00:47.245  5172  6176 D IWlanJni: isThreadAttached start
07-28 20:00:47.245  5172  6176 D IWlanJni: jni detached
07-28 20:00:47.245  5172  6176 D IWlanJni: jni attached
07-28 20:00:47.245  5172  6176 D IWlanJni: getDataRegistrationStateResponse start
07-28 20:00:47.245  5172  6176 D IWlanJni: getJavaCallbackClass start
07-28 20:00:47.245  5172  6176 D IWlanJni: getJavaCallbackClass End midIs[1]
07-28 20:00:47.245  5172  6176 I IWlanAidlClient: getDataRegistrationStateResponse called
07-28 20:00:47.245  5172  6174 W IWlanNetworkService: 12 > Response Processed
07-28 20:00:47.246  5172  6167 D IWlanJni: getDataRegistrationState start
07-28 20:00:47.246  5172  6179 D IWlanJni: new aidl event arrived
07-28 20:00:47.246  5172  6179 D IWlanJni: handleEvent 10
07-28 20:00:47.246  5172  6179 D IWlanJni: isThreadAttached start
07-28 20:00:47.246  5172  6179 D IWlanJni: jni detached
07-28 20:00:47.246  5172  6179 D IWlanJni: jni attached
07-28 20:00:47.246  5172  6179 D IWlanJni: getDataRegistrationStateResponse start
07-28 20:00:47.246  5172  6179 D IWlanJni: getJavaCallbackClass start
07-28 20:00:47.246  5172  6179 D IWlanJni: getJavaCallbackClass End midIs[1]
07-28 20:00:47.246  5172  6179 I IWlanAidlClient: getDataRegistrationStateResponse called
07-28 20:00:47.246  5172  6178 W IWlanNetworkService: 13 > Response Processed
07-28 20:00:47.249  3384  4591 D CmccSliceManagerService: ACTION_DDS_SWITCH_DONE
07-28 20:00:47.249  3384  4591 D CmccSliceManagerService: cleanUpAndRestartSlice
07-28 20:00:47.249  3384  4591 D CmccSliceManagerService: cleanUpSlice
07-28 20:00:47.249  3384  4591 D CmccSliceManagerService: cleanUpSlice qcom
07-28 20:00:47.249  3384  4591 D CmccSliceManagerService: getDefaultDataSlotId0, subid: 1
07-28 20:00:47.249  3384  4591 E ActivityThread: Failed to find provider info for com.cmccslice.proxyapp.provider
07-28 20:00:47.249  3384  4591 D CmccSliceManagerService: loadUrsp qcomCursor=null, count=-1, slotId=0
07-28 20:00:47.249  3384  4591 D CmccSliceManagerService: loadUrsp: qcomCursor=[]
07-28 20:00:47.249  3384  4591 D CmccSliceManagerService: isFeatureEnable , rus : false Feature : false
07-28 20:00:47.249  3384  4591 D CmccSliceManagerService: requestSliceNetwork: feature not enabled
07-28 20:00:47.249  3384  4591 D CmccSliceManagerService: cleanUpAndRestartSlice qcom
07-28 20:00:47.250  5172  5172 D QCNEJ/WwanInfoRelay: onActiveSubscriptionsChanged activeCurrDDSId: 1 new DDS 1
07-28 20:00:47.250  5013  5889 D CellularEvent: onActiveDataSubscriptionIdChanged sub id:1
07-28 20:00:47.250  4885  4885 I KeyguardUpdateMonitor: refreshSimState, changed:false,subId:1,slotId:0,state:5
07-28 20:00:47.250  4885  5096 I SystemUi--QuickSettings: Tile.OplusCellularTile-->updateCarrierText: dialog not showing, ignore
07-28 20:00:47.251  4939  4939 D QC_RIL_OEM_HOOK: Received Broadcast Intent ACTION_UNSOL_RESPONSE_OEM_HOOK_RAW
07-28 20:00:47.251  3384  4499 V NetworkPolicy: updateNotificationsNL not process
07-28 20:00:47.251  5083  9508 D txpwrJni: new aidl event arrived
07-28 20:00:47.251  5172  5172 D QCNEJ/WwanInfoRelay: onActiveSubscriptionsChanged activeCurrDDSId: 1 new DDS 1
07-28 20:00:47.251  5083  9508 D txpwrJni: handleEvent 1
07-28 20:00:47.251  4885  5096 D SimStateHelper: slot:0, lock state:Bundle[mParcelledData.dataSize=56]
07-28 20:00:47.251  5083  9508 D txpwrJni: isThreadAttached start
07-28 20:00:47.251  5083  9508 D txpwrJni: jni detached
07-28 20:00:47.251  4885  5096 D SimStateHelper: slot:1, lock state:Bundle[mParcelledData.dataSize=56]
07-28 20:00:47.251  4885  5096 D SimStateHelper: needDisableMenu: slot1State=-1; slot2State=-1
07-28 20:00:47.251  4885  5096 D SimStateHelper: needDisableMenu:false
07-28 20:00:47.251  5083  9508 D txpwrJni: jni attached
07-28 20:00:47.251  5083  9508 D txpwrJni: getRadioStatus start
07-28 20:00:47.251  5083  9508 D txpwrJni: getJavaCallbackClass start
07-28 20:00:47.251  5083  9508 D txpwrJni: getJavaCallbackClass End midIs[1]
07-28 20:00:47.252  5083  7949 D txpwrJni: sendRadioStatus start
07-28 20:00:47.252  5083  9508 D txpwrJni: new aidl event arrived
07-28 20:00:47.252  5083  9508 D txpwrJni: handleEvent 1
07-28 20:00:47.252  5083  9508 D txpwrJni: isThreadAttached start
07-28 20:00:47.252  5083  9508 D txpwrJni: jni detached
07-28 20:00:47.252  5083  9508 D txpwrJni: jni attached
07-28 20:00:47.252  5083  9508 D txpwrJni: getRadioStatus start
07-28 20:00:47.253  5083  9508 D txpwrJni: getJavaCallbackClass start
07-28 20:00:47.253  5083  9508 D txpwrJni: getJavaCallbackClass End midIs[1]
07-28 20:00:47.253  5083  7949 D txpwrJni: sendRadioStatus start
07-28 20:00:47.253  4885  5096 I SystemUi--QuickSettings: Tile.OplusCellularTile-->updateCarrierText: dialog not showing, ignore
07-28 20:00:47.253  4885  5096 D SimStateHelper: slot:0, lock state:Bundle[mParcelledData.dataSize=56]
07-28 20:00:47.253  4885  5096 D SimStateHelper: slot:1, lock state:Bundle[mParcelledData.dataSize=56]
07-28 20:00:47.253  4939  4939 D ServiceStateProvider: subId=1
07-28 20:00:47.253  4885  5096 D SimStateHelper: needDisableMenu: slot1State=-1; slot2State=-1
07-28 20:00:47.253  4885  5096 D SimStateHelper: needDisableMenu:false
07-28 20:00:47.254  5147  5147 I QImsService: OplusPhoneStateTracker : onServiceStateChanged
07-28 20:00:47.254  5147  5147 I QImsService: OplusPhoneStateTracker : onServiceStateChanged
07-28 20:00:47.255  3384  3528 W ContextImpl: Calling a method in the system process without a qualified user: android.app.ContextImpl.sendBroadcastMultiplePermissions:1311 android.content.Context.sendBroadcastMultiplePermissions:2524 com.android.server.TelephonyRegistry.broadcastServiceStateChanged:3740 com.android.server.TelephonyRegistry.notifyServiceStateForPhoneId:1787 com.android.internal.telephony.ITelephonyRegistry$Stub.onTransact:546 
07-28 20:00:47.255  5013  5895 D OplusLinkBoostCommon: dds servicestate change
07-28 20:00:47.255  5013  6050 D OplusSubWaySlowRecovery: getPreferSubId return 1
07-28 20:00:47.255  5013  5889 D T-Recommend: onPreHandleMessage 1000
07-28 20:00:47.255  5013  5889 E CellularEvent: nri null ps
07-28 20:00:47.255  5013  5889 E CellularEvent: invalid nri
07-28 20:00:47.255  4939  4939 D QC_RIL_OEM_HOOK: Received Broadcast Intent ACTION_UNSOL_RESPONSE_OEM_HOOK_RAW
07-28 20:00:47.255  5013  5889 D T-Recommend: onPostHandleMessage 1000
07-28 20:00:47.255  4939  4939 D QC_RIL_OEM_HOOK: Received Broadcast Intent ACTION_UNSOL_RESPONSE_OEM_HOOK_RAW
07-28 20:00:47.256  3384  3528 W ContextImpl: Calling a method in the system process without a qualified user: android.app.ContextImpl.sendBroadcastMultiplePermissions:1344 com.android.server.TelephonyRegistry.broadcastServiceStateChanged:3745 com.android.server.TelephonyRegistry.notifyServiceStateForPhoneId:1787 com.android.internal.telephony.ITelephonyRegistry$Stub.onTransact:546 android.os.Binder.execTransactInternal:1523 
07-28 20:00:47.256  4939  4939 D OplusPowerUpOptimizationImpl: onReceive: org.codeaurora.intent.action.RADIO_POWER_STATE
07-28 20:00:47.256  4939  5543 D OplusPowerUpOptimizationImpl: handleMessage what = 6
07-28 20:00:47.256  4939  5543 D OplusPowerUpOptimizationImpl: radio is available for slot: 0
07-28 20:00:47.256  4939  5543 D OplusPowerUpOptimizationImpl: trySendPhoneReady for slot: 0
07-28 20:00:47.256  5013  6050 D SaDataFailRecovery/0: current is not in service,reset alarm
07-28 20:00:47.256  4939  5543 D OplusPowerUpOptimizationImpl: Not sending ATEL ready: States: [0: {true, true, true, true}]
07-28 20:00:47.256  5013  6050 D OplusScanQrCodeRecoveryImpl: msg.what=3
07-28 20:00:47.256  5013  5898 D NAS-CallIssueDetector: onServiceStateChanged
07-28 20:00:47.256  5013  5898 D OplusCiwlanController: [vodata] processServiceStateChanged  phoneid = 0, original roaming type = -1,roaming type = 0
07-28 20:00:47.256  5013  5898 D OplusCiwlanController: [vodata] processServiceStateChanged  phoneid = 1, original roaming type = -1,roaming type = 0
07-28 20:00:47.256  4885  5171 I SystemUi--Statusbar: MobileConnectionRepositoryImpl-->subId:1 isSoftSimCard:false slotId:0
07-28 20:00:47.256  3384  3528 W ContextImpl: Calling a method in the system process without a qualified user: android.app.ContextImpl.sendBroadcastMultiplePermissions:1344 com.android.server.TelephonyRegistry.broadcastServiceStateChanged:3754 com.android.server.TelephonyRegistry.notifyServiceStateForPhoneId:1787 com.android.internal.telephony.ITelephonyRegistry$Stub.onTransact:546 android.os.Binder.execTransactInternal:1523 
07-28 20:00:47.257  5212  5212 D SubsysEventListenerManager-SubsysTelephonyCallback[0]: onServiceStateChanged
07-28 20:00:47.257  5212  5212 D ChinaRoamingControl: registTelephonyEvent onServiceStateChanged eventId:5, VoiceRegState:1, DataRegState:1
07-28 20:00:47.257  5212  5212 D QuickChangeAirplaneModeEvent: onServiceStateChanged slotId:0
07-28 20:00:47.257  4939  4939 D CiWlanNotificationReceiver: ACTION_RADIO_POWER_STATE_CHANGED
07-28 20:00:47.257  5212  5212 D QuickChangeAirplaneModeEvent: isBothCardInService is false
07-28 20:00:47.257  5212  5212 D MsimSubModeManager: registTelephonyEvent onServiceStateChanged eventId:3, VoiceRegState:1, DataRegState:1
07-28 20:00:47.257  5212  5212 E ExtremeCommUtils: getSwitchRusSupportMcc invalid index 1
07-28 20:00:47.257  5212  5212 D ExtremeCommUtils: isSupporCheck rusContain:false,propContain(persist.sys.oplus.support_hyper_uplink_mcc):false
07-28 20:00:47.257  5212  5212 D ExtremeCommService: handleServiceStateChanged mcc is null
07-28 20:00:47.257  5212  5212 D ChinaRoamingControl: handleMessage what:5
07-28 20:00:47.257  5212  5212 D MsimSubModeManager: handleMessage what:3
07-28 20:00:47.257  5212  5212 D MsimSubModeManager: getMsimSimServiceIn() i:0,mServiceState:1
07-28 20:00:47.257  5212  5212 D MsimSubModeManager: getMsimSimServiceIn() i:1,mServiceState:1
07-28 20:00:47.257  3384  4665 V SettingsProvider: deleteSystemSetting(OPLUS_SLA_LAST_MCC, 0)
07-28 20:00:47.257  3384  3528 W ContextImpl: Calling a method in the system process without a qualified user: android.app.ContextImpl.sendBroadcastMultiplePermissions:1344 com.android.server.TelephonyRegistry.broadcastServiceStateChanged:3760 com.android.server.TelephonyRegistry.notifyServiceStateForPhoneId:1787 com.android.internal.telephony.ITelephonyRegistry$Stub.onTransact:546 android.os.Binder.execTransactInternal:1523 
07-28 20:00:47.257  3384  4665 D SettingsProvider: delete system settings OPLUS_****_MCC pkg is  android user id is 0
07-28 20:00:47.258  3384  3528 W BestClock: java.time.DateTimeException: Missing network time fix
07-28 20:00:47.258  3384  4501 D WifiNative: onSetCountryCodeSucceeded: US
07-28 20:00:47.258  3384  4501 I WifiCountryCode: Receive onSetCountryCodeSucceeded US
07-28 20:00:47.258  3384  4501 I WifiNl80211Manager: Receive country code change to US
07-28 20:00:47.258  3384  4501 D WifiScanRequestProxy: Sending scan available broadcast: true
07-28 20:00:47.259  3384  4501 I WifiScanRequestProxy: Scanning is enabled
07-28 20:00:47.259  3384  4501 I WifiScanRequestProxy: Scanning for hidden networks is disabled
07-28 20:00:47.259  3384  4505 I WifiScanningService: Received a request to enable scanning, UID = 1000
07-28 20:00:47.259  3384  4501 D WakeupController: start()
07-28 20:00:47.260  3384  4505 I WifiScanningService: scanner impls already exists
07-28 20:00:47.260  3384  4501 E WifiStaIfaceAidlImpl: setScanMode failed with service-specific exception: android.os.ServiceSpecificException:  (code 4)
07-28 20:00:47.260  3384  4501 I WifiService: Receive onDriverCountryCodeChanged to US, update available channel list
07-28 20:00:47.260  3384  4505 E WifiScanningService: wifi driver loaded received while already loaded
07-28 20:00:47.260  3384  3384 D OplusWifiBroadCastDispatcher: mBroadcastReceiver: onReceiver  action=android.net.wifi.action.WIFI_SCAN_AVAILABILITY_CHANGED
07-28 20:00:47.260  5839  5839 D CellBroadcastReceiver: onReceive Intent { act=android.intent.action.SERVICE_STATE flg=0x1000010 cmp=com.android.cellbroadcastreceiver.module/com.android.cellbroadcastreceiver.CellBroadcastReceiver (has extras) }
07-28 20:00:47.260  3384  3708 D LocationManagerService: passive provider added registration from 1000/android[CountryDetector]/1B0530BB -> Request[PASSIVE, minUpdateInterval=0, WorkSource{1000 android}] permissionLevel: 2 permitted: true
07-28 20:00:47.260  5839  5839 D CellBroadcastReceiver: onServiceStateChanged, ss: 1
07-28 20:00:47.260  4885  4885 I KeyguardUpdateMonitor: action=android.intent.action.SERVICE_STATE subId=1 slotId=0
07-28 20:00:47.260  4885  5075 I SystemUi--Statusbar: NetworkController.WifiSignalController-->wifi Broadcast action = android.telephony.action.SERVICE_PROVIDERS_UPDATED state=1 enabled=false connected=false isDefaultNetwork=false rssi=0 level=0 statusLabel = null isDirty = false
07-28 20:00:47.261  4885  5096 I SystemUi--QuickSettings: Tile.OplusCellularTile-->updateCarrierText: dialog not showing, ignore
07-28 20:00:47.261  4885  5096 D SimStateHelper: slot:0, lock state:Bundle[mParcelledData.dataSize=56]
07-28 20:00:47.261  4885  5096 D SimStateHelper: slot:1, lock state:Bundle[mParcelledData.dataSize=56]
07-28 20:00:47.261  4885  5096 D SimStateHelper: needDisableMenu: slot1State=-1; slot2State=-1
07-28 20:00:47.261  4885  5096 D SimStateHelper: needDisableMenu:false
07-28 20:00:47.261  4885  5096 I SystemUi--QuickSettings: Tile.OplusCellularTile-->updateCarrierText: dialog not showing, ignore
07-28 20:00:47.261  3384  4501 E ApConfigUtil: Malformed channel value detected: java.lang.NumberFormatException: For input string: ""
07-28 20:00:47.261  4885  5096 D SimStateHelper: slot:0, lock state:Bundle[mParcelledData.dataSize=56]
07-28 20:00:47.261  5839  5839 D CellBroadcastReceiver: networkOperator: 
07-28 20:00:47.261  4885  5096 D SimStateHelper: slot:1, lock state:Bundle[mParcelledData.dataSize=56]
07-28 20:00:47.261  4885  5096 D SimStateHelper: needDisableMenu: slot1State=-1; slot2State=-1
07-28 20:00:47.261  4885  5096 D SimStateHelper: needDisableMenu:false
07-28 20:00:47.261  6911  6911 I OsAgent : onReceive: android.net.wifi.action.WIFI_SCAN_AVAILABILITY_CHANGED
07-28 20:00:47.261  3384  4626 D OplusWifiPower_ConnLpmEventObsever: onReceive EXTRA_SCAN_AVAILABLE availabe = true
07-28 20:00:47.261  3384  4626 D OplusWifiPowerService: onReceive action:android.net.wifi.action.WIFI_SCAN_AVAILABILITY_CHANGED
07-28 20:00:47.261  3384  4626 D OplusWifiSwitchStateMonitor: scan settings change to true
07-28 20:00:47.261  6911  7913 I OsAgent : updateWiFiScanAvailState, scanAvailable: true
07-28 20:00:47.261  2721  2721 I wificond: Receive notifyCountryCodeChanged
07-28 20:00:47.261  2721  2721 I wificond: UpdateBandInfo
07-28 20:00:47.261  3384  4665 W OplusSlaManager: updateMCC curMCC empty!
07-28 20:00:47.261  5839  5839 D CellBroadcastReceiver: mockmodem is running? = false
07-28 20:00:47.261  5839  5839 D CellBroadcastReceiver: Start Cell Broadcast configuration for intent=ACTION_ENABLE_CHANNELS
07-28 20:00:47.262  3384  5384 W BestClock: java.time.DateTimeException: Missing network time fix
07-28 20:00:47.262  2721  2721 I wificond: 2.4Ghz frequencies: 2412 2417 2422 2427 2432 2437 2442 2447 2452 2457 2462
07-28 20:00:47.262  2721  2721 I wificond: 5Ghz non-DFS frequencies: 5180 5200 5220 5240 5745 5765 5785 5805 5825
07-28 20:00:47.262  2721  2721 I wificond: 5Ghz DFS frequencies: 5260 5280 5300 5320 5500 5520 5540 5560 5580 5600 5620 5640 5660 5680 5700
07-28 20:00:47.262  2721  2721 I wificond: 6Ghz frequencies:
07-28 20:00:47.262  2721  2721 I wificond: 60Ghz frequencies:
07-28 20:00:47.262  3384  4812 W ContextImpl: Calling a method in the system process without a qualified user: android.app.ContextImpl.sendBroadcastMultiplePermissions:1311 android.content.Context.sendBroadcastMultiplePermissions:2524 com.android.server.TelephonyRegistry.broadcastServiceStateChanged:3740 com.android.server.TelephonyRegistry.notifyServiceStateForPhoneId:1787 com.android.internal.telephony.ITelephonyRegistry$Stub.onTransact:546 
07-28 20:00:47.263  4885  5709 V OplusCustomizeCacheManager: queryCache name: sys.cache.common_customize_cache18014 param: null
07-28 20:00:47.263  4885  5709 V OplusCustomizeCacheManager: queryCache name: sys.cache.common_customize_cache18017 param: Bundle[{SETTING=BLOCK, BUSINESS=NCT-DATA}]
07-28 20:00:47.263  4885  5709 V OplusCustomizeCacheManager: queryCache name: sys.cache.common_customize_cache18013 param: null
07-28 20:00:47.263  3384  4501 E ApConfigUtil: Malformed channel value detected: java.lang.NumberFormatException: For input string: ""
07-28 20:00:47.263  5212  6058 D EfsNvDumpUnit[0]: onServiceStateChanged: voice reg state: OUT_OF_SERVICE data reg state: OUT_OF_SERVICE
07-28 20:00:47.263  5212  6058 D cellularState[0]: handleMessage: E msg.what=4
07-28 20:00:47.263  5212  6058 D cellularState[0]: processMsg: DataCallingState
07-28 20:00:47.263  5212  6058 D cellularState[0]: processMsg: NetworkAttachedState
07-28 20:00:47.263  5212  6058 D cellularState[0]: processMsg: SimReadyState
07-28 20:00:47.263  5212  6058 D cellularState[0]: processMsg: DefaultState
07-28 20:00:47.263  5212  6058 E cellularState[0]:  - unhandledMessage: msg.what=4
07-28 20:00:47.263  5212  6058 D cellularState[0]: handleMessage: X
07-28 20:00:47.263  3384  4501 E ApConfigUtil: Malformed channel value detected: java.lang.NumberFormatException: For input string: ""
07-28 20:00:47.264  3384  4501 I WifiService: Receive onDriverCountryCodeChanged to US, update available channel list
07-28 20:00:47.264  3384  4812 W ContextImpl: Calling a method in the system process without a qualified user: android.app.ContextImpl.sendBroadcastMultiplePermissions:1344 com.android.server.TelephonyRegistry.broadcastServiceStateChanged:3745 com.android.server.TelephonyRegistry.notifyServiceStateForPhoneId:1787 com.android.internal.telephony.ITelephonyRegistry$Stub.onTransact:546 android.os.Binder.execTransactInternal:1523 
07-28 20:00:47.264  3384  4625 D OplusSoftApManager: Support Wi-Fi6 SAP
07-28 20:00:47.264  3384  4501 E ApConfigUtil: Malformed channel value detected: java.lang.NumberFormatException: For input string: ""
07-28 20:00:47.264  4939  4939 D Telephony: isEmergencyPreferredAccount: subId=1, activeData=1
07-28 20:00:47.264  4939  4939 D Telephony: isEmergencyPreferredAccount: Device does not require preference.
07-28 20:00:47.265  4885  4885 I KeyguardUpdateMonitor: action=android.intent.action.SERVICE_STATE subId=-1 slotId=1
07-28 20:00:47.265  4885  4885 W KeyguardUpdateMonitorLog: invalid subId in handleServiceStateChange()
07-28 20:00:47.265  4885  5096 I SystemUi--QuickSettings: Tile.OplusCellularTile-->updateCarrierText: dialog not showing, ignore
07-28 20:00:47.265  4939  4939 D InternationalRoamingNotification: init
07-28 20:00:47.265  3384  4812 W ContextImpl: Calling a method in the system process without a qualified user: android.app.ContextImpl.sendBroadcastMultiplePermissions:1344 com.android.server.TelephonyRegistry.broadcastServiceStateChanged:3754 com.android.server.TelephonyRegistry.notifyServiceStateForPhoneId:1787 com.android.internal.telephony.ITelephonyRegistry$Stub.onTransact:546 android.os.Binder.execTransactInternal:1523 
07-28 20:00:47.265  5212  5345 D VirtualCommService2: isSupport. true, true
07-28 20:00:47.265  4939  4939 D OplusVirtualCommUtils: isVirtualCommSupport, vRet: true
07-28 20:00:47.265  1817  1817 D healthd : system healthd: battery l=54 v=3899 t=33.3 h=2 st=2 c=44 fc=5920000 cc=19 chg=u
07-28 20:00:47.265  4885  5096 D SimStateHelper: slot:0, lock state:Bundle[mParcelledData.dataSize=56]
07-28 20:00:47.265  3384  4812 W ContextImpl: Calling a method in the system process without a qualified user: android.app.ContextImpl.sendBroadcastMultiplePermissions:1344 com.android.server.TelephonyRegistry.broadcastServiceStateChanged:3760 com.android.server.TelephonyRegistry.notifyServiceStateForPhoneId:1787 com.android.internal.telephony.ITelephonyRegistry$Stub.onTransact:546 android.os.Binder.execTransactInternal:1523 
07-28 20:00:47.266  4885  5096 D SimStateHelper: slot:1, lock state:Bundle[mParcelledData.dataSize=56]
07-28 20:00:47.266  4885  5096 D SimStateHelper: needDisableMenu: slot1State=-1; slot2State=-1
07-28 20:00:47.266  4885  5096 D SimStateHelper: needDisableMenu:false
07-28 20:00:47.266  5839 13098 D CellBroadcastConfigService: Enable CellBroadcast on sub 1
07-28 20:00:47.266  3384  4204 W BestClock: java.time.DateTimeException: Missing network time fix
07-28 20:00:47.266  4939  4939 I OplusVirtualCommUtils: getVirtualCommDeviceType, vRet: 1
07-28 20:00:47.266  4939  4939 I OplusVirtualCommUtils: isConsumerDeviceType, deviceType: 1
07-28 20:00:47.267  3384  4812 W BestClock: java.time.DateTimeException: Missing network time fix
07-28 20:00:47.267  4885  5709 V OplusCustomizeCacheManager: queryCache name: sys.cache.common_customize_cache18014 param: null
07-28 20:00:47.267  4939  4939 D InternationalRoamingNotification: do not createRoamingNotification for invalid Network
07-28 20:00:47.267  4885  5709 V OplusCustomizeCacheManager: queryCache name: sys.cache.common_customize_cache18017 param: Bundle[{SETTING=BLOCK, BUSINESS=NCT-DATA}]
07-28 20:00:47.267  4885  5709 V OplusCustomizeCacheManager: queryCache name: sys.cache.common_customize_cache18013 param: null
07-28 20:00:47.268  5839  5839 D CellBroadcastReceiver: onReceive Intent { act=android.intent.action.SERVICE_STATE flg=0x1000010 cmp=com.android.cellbroadcastreceiver.module/com.android.cellbroadcastreceiver.CellBroadcastReceiver (has extras) }
07-28 20:00:47.268  3384  4501 E ApConfigUtil: Malformed channel value detected: java.lang.NumberFormatException: For input string: ""
07-28 20:00:47.268  4939  4939 I Telephony: y0: onServiceStateChanged: newState=1, mServiceState=3
07-28 20:00:47.268  5839  5839 D CellBroadcastReceiver: onServiceStateChanged, ss: 1
07-28 20:00:47.268  5839  5839 D CellBroadcastReceiver: networkOperator: 
07-28 20:00:47.268  4939  4939 I Telephony: isRttCurrentlySupported -- regular acct, hasVoiceAvailability: false
07-28 20:00:47.268  4939  4939 I Telephony:  isRttSupported: false
07-28 20:00:47.268  4939  4939 I Telephony:  isUserRttSettingOn: false
07-28 20:00:47.268  4939  4939 I Telephony:  alwaysAllowWhileRoaming: false
07-28 20:00:47.268  4939  4939 I Telephony:  isRoaming: false
07-28 20:00:47.268  4939  4939 I Telephony:  isOnWfc: false
07-28 20:00:47.269  4939  5875 D CellBroadcastConfigTracker-0: Failed to set cdma config
07-28 20:00:47.269  3384  4501 E ApConfigUtil: Malformed channel value detected: java.lang.NumberFormatException: For input string: ""
07-28 20:00:47.269  3384  4501 I WifiService: Receive onDriverCountryCodeChanged to US, update available channel list
07-28 20:00:47.269  5839  5877 E CellBroadcastConfigService: fails to setCellBroadcastRanges, result = 2
07-28 20:00:47.270  5212  5212 D SubsysEventListenerManager-SubsysTelephonyCallback[0]: onSignalStrengthsChanged
07-28 20:00:47.270  3384  4501 E ApConfigUtil: Malformed channel value detected: java.lang.NumberFormatException: For input string: ""
07-28 20:00:47.270  3384  4509 D ConnectivityService: unregister offer from providerId 5 : NetworkOffer [ Provider Id (5) Score(Policies : YIELD_TO_BAD_WIFI&TRANSPORT_PRIMARY&EVER_EVALUATED&IS_UNMETERED&EVER_VALIDATED&IS_VALIDATED ; KeepConnected : 0) Caps [ Transports: CELLULAR|SATELLITE Capabilities: MMS&SUPL&DUN&FOTA&IMS&CBS&IA&RCS&XCAP&EIMS&INTERNET&NOT_RESTRICTED&TRUSTED&NOT_VPN&MCX&NOT_VCN_MANAGED&ENTERPRISE&VSIM&BIP&MMTEL&PRIORITIZE_LATENCY&PRIORITIZE_BANDWIDTH&NOT_BANDWIDTH_CONSTRAINED Specifier: <TelephonyNetworkSpecifier [mSubId = 1]> EnterpriseId: 1&2&3&4&5 UnderlyingNetworks: Null] Needed by [89, 36, 215, 46, 183, 258, 250, 237, 209, 213, 222, 26, 15, 275, 175, 271, 151, 7, 58, 112, 44, 153, 192, 34, 141, 32, 230, 242, 179, 18, 131, 253, 102, 206, 149, 42, 264, 219, 82, 267, 134, 86, 1, 158, 277, 38, 246, 185, 79, 260, 94, 190, 48, 194, 256, 279, 75, 97, 139, 233, 71, 155, 66, 170, 24, 28, 30, 40, 168, 273, 50, 217, 9, 188, 269, 239, 114, 56, 281, 53, 161, 145, 177, 173, 163, 68, 165, 200, 137]]
07-28 20:00:47.270  3384  4509 D ConnectivityService: update offer from providerId 5 new : NetworkOffer [ Provider Id (5) Score(Policies : YIELD_TO_BAD_WIFI&TRANSPORT_PRIMARY&EVER_EVALUATED&IS_UNMETERED&EVER_VALIDATED&IS_VALIDATED ; KeepConnected : 0) Caps [ Transports: CELLULAR|SATELLITE Capabilities: MMS&SUPL&DUN&FOTA&IMS&CBS&IA&RCS&XCAP&EIMS&INTERNET&NOT_RESTRICTED&TRUSTED&NOT_VPN&MCX&NOT_VCN_MANAGED&ENTERPRISE&VSIM&BIP&MMTEL&PRIORITIZE_LATENCY&PRIORITIZE_BANDWIDTH&NOT_BANDWIDTH_CONSTRAINED Specifier: <TelephonyNetworkSpecifier [mSubId = 1]> EnterpriseId: 1&2&3&4&5 UnderlyingNetworks: Null] Needed by [89, 36, 215, 46, 183, 258, 250, 237, 209, 213, 222, 26, 15, 275, 175, 271, 151, 7, 58, 112, 44, 153, 192, 34, 141, 32, 230, 242, 179, 18, 131, 253, 102, 206, 149, 42, 264, 219, 82, 267, 134, 86, 1, 158, 277, 38, 246, 185, 79, 260, 94, 190, 48, 194, 256, 279, 75, 97, 139, 233, 71, 155, 66, 170, 24, 28, 30, 40, 168, 273, 50, 217, 9, 188, 269, 239, 114, 56, 281, 53, 161, 145, 177, 173, 163, 68, 165, 200, 137]]
07-28 20:00:47.270  3384  4509 D ConnectivityService: unregister offer from providerId 6 : NetworkOffer [ Provider Id (6) Score(Policies : YIELD_TO_BAD_WIFI&EVER_EVALUATED&IS_UNMETERED&EVER_VALIDATED&IS_VALIDATED ; KeepConnected : 0) Caps [ Transports: CELLULAR|SATELLITE Capabilities: MMS&SUPL&DUN&FOTA&IMS&CBS&IA&RCS&XCAP&EIMS&INTERNET&NOT_RESTRICTED&TRUSTED&NOT_VPN&MCX&NOT_VCN_MANAGED&ENTERPRISE&VSIM&BIP&MMTEL&PRIORITIZE_LATENCY&PRIORITIZE_BANDWIDTH&NOT_BANDWIDTH_CONSTRAINED Specifier: <TelephonyNetworkSpecifier [mSubId = -1]> EnterpriseId: 1&2&3&4&5 UnderlyingNetworks: Null] Needed by [89, 36, 215, 46, 183, 258, 250, 237, 209, 213, 222, 26, 15, 275, 175, 271, 151, 7, 58, 112, 44, 153, 192, 34, 141, 32, 230, 242, 179, 18, 131, 253, 102, 206, 149, 42, 264, 219, 82, 267, 134, 86, 1, 158, 277, 38, 246, 185, 79, 260, 94, 190, 48, 194, 256, 279, 75, 97, 139, 233, 71, 155, 66, 170, 24, 28, 30, 40, 168, 273, 50, 217, 9, 188, 269, 239, 114, 56, 281, 53, 161, 145, 177, 173, 163, 68, 165, 200, 137]]
07-28 20:00:47.270  3384  4509 D ConnectivityService: update offer from providerId 6 new : NetworkOffer [ Provider Id (6) Score(Policies : YIELD_TO_BAD_WIFI&EVER_EVALUATED&IS_UNMETERED&EVER_VALIDATED&IS_VALIDATED ; KeepConnected : 0) Caps [ Transports: CELLULAR|SATELLITE Capabilities: MMS&SUPL&DUN&FOTA&IMS&CBS&IA&RCS&XCAP&EIMS&INTERNET&NOT_RESTRICTED&TRUSTED&NOT_VPN&MCX&NOT_VCN_MANAGED&ENTERPRISE&VSIM&BIP&MMTEL&PRIORITIZE_LATENCY&PRIORITIZE_BANDWIDTH&NOT_BANDWIDTH_CONSTRAINED Specifier: <TelephonyNetworkSpecifier [mSubId = -1]> EnterpriseId: 1&2&3&4&5 UnderlyingNetworks: Null] Needed by [89, 36, 215, 46, 183, 258, 250, 237, 209, 213, 222, 26, 15, 275, 175, 271, 151, 7, 58, 112, 44, 153, 192, 34, 141, 32, 230, 242, 179, 18, 131, 253, 102, 206, 149, 42, 264, 219, 82, 267, 134, 86, 1, 158, 277, 38, 246, 185, 79, 260, 94, 190, 48, 194, 256, 279, 75, 97, 139, 233, 71, 155, 66, 170, 24, 28, 30, 40, 168, 273, 50, 217, 9, 188, 269, 239, 114, 56, 281, 53, 161, 145, 177, 173, 163, 68, 165, 200, 137]]
07-28 20:00:47.271  3384  4501 E ApConfigUtil: Malformed channel value detected: java.lang.NumberFormatException: For input string: ""
07-28 20:00:47.271  3384  4501 E ApConfigUtil: Malformed channel value detected: java.lang.NumberFormatException: For input string: ""
07-28 20:00:47.271  3384  4204 W BestClock: java.time.DateTimeException: Missing network time fix
07-28 20:00:47.272  3384  4204 W BestClock: java.time.DateTimeException: Missing network time fix
07-28 20:00:47.273  4885  5709 V OplusCustomizeCacheManager: queryCache name: sys.cache.common_customize_cache18014 param: null
07-28 20:00:47.273  4885  5709 V OplusCustomizeCacheManager: queryCache name: sys.cache.common_customize_cache18017 param: Bundle[{SETTING=BLOCK, BUSINESS=NCT-DATA}]
07-28 20:00:47.273  4885  5709 V OplusCustomizeCacheManager: queryCache name: sys.cache.common_customize_cache18013 param: null
07-28 20:00:47.274  3384  4204 W BestClock: java.time.DateTimeException: Missing network time fix
07-28 20:00:47.275  4939  4939 V OplusCustomizeCacheManager: queryCache name: sys.cache.common_customize_cache18016 param: null
07-28 20:00:47.275  4939  4939 V OplusCustomizeCacheManager: queryCache name: sys.cache.common_customize_cache18013 param: null
07-28 20:00:47.275  4939  4939 V OplusCustomizeCacheManager: queryCache name: sys.cache.common_customize_cache18014 param: null
07-28 20:00:47.275  4939  4939 V OplusCustomizeCacheManager: queryCache name: sys.cache.common_customize_cache18017 param: Bundle[{SETTING=BLOCK, BUSINESS=NCT-DATA}]
07-28 20:00:47.275  3384  5272 W BestClock: java.time.DateTimeException: Missing network time fix
07-28 20:00:47.275  4939  4939 V OplusCustomizeCacheManager: queryCache name: sys.cache.common_customize_cache18016 param: null
07-28 20:00:47.275  4939  4939 V OplusCustomizeCacheManager: queryCache name: sys.cache.common_customize_cache18013 param: null
07-28 20:00:47.275  4939  4939 V OplusCustomizeCacheManager: queryCache name: sys.cache.common_customize_cache18014 param: null
07-28 20:00:47.275  4939  4939 V OplusCustomizeCacheManager: queryCache name: sys.cache.common_customize_cache18017 param: Bundle[{SETTING=BLOCK, BUSINESS=NCT-DATA}]
07-28 20:00:47.275  4885  5709 V OplusCustomizeCacheManager: queryCache name: sys.cache.common_customize_cache18014 param: null
07-28 20:00:47.275  4885  5709 V OplusCustomizeCacheManager: queryCache name: sys.cache.common_customize_cache18017 param: Bundle[{SETTING=BLOCK, BUSINESS=NCT-DATA}]
07-28 20:00:47.275  4885  5709 V OplusCustomizeCacheManager: queryCache name: sys.cache.common_customize_cache18013 param: null
07-28 20:00:47.277  4939  4939 D OplusTelephonyController: onSignalStrengthChanged: SignalStrength=SignalStrength:{mCdma=CellSignalStrengthCdma: cdmaDbm=2147483647 cdmaEcio=2147483647 evdoDbm=2147483647 evdoEcio=2147483647 evdoSnr=2147483647 level=0,mGsm=CellSignalStrengthGsm: rssi=2147483647 ber=2147483647 mTa=2147483647 mLevel=0,mWcdma=CellSignalStrengthWcdma: ss=2147483647 ber=2147483647 rscp=2147483647 ecno=2147483647 level=0,mTdscdma=CellSignalStrengthTdscdma: rssi=2147483647 ber=2147483647 rscp=2147483647 level=0,mLte=CellSignalStrengthLte: rssi=2147483647 rsrp=2147483647 rsrq=2147483647 rssnr=2147483647 cqiTableIndex=2147483647 cqi=2147483647 ta=2147483647 level=0 parametersUseForLevel=0,mNr=CellSignalStrengthNr:{ csiRsrp = 2147483647 csiRsrq = 2147483647 csiCqiTableIndex = 2147483647 csiCqiReport = [] ssRsrp = 2147483647 ssRsrq = 2147483647 ssSinr = 2147483647 level = 0 parametersUseForLevel = 0 timingAdvance = 2147483647 },primary=CellSignalStrengthLte}
07-28 20:00:47.277  4939  4939 D InternationalRoamingNotification: init
07-28 20:00:47.277  5212  5345 D VirtualCommService2: isSupport. true, true
07-28 20:00:47.277  4939  4939 D OplusVirtualCommUtils: isVirtualCommSupport, vRet: true
07-28 20:00:47.277  4939  4939 I OplusVirtualCommUtils: getVirtualCommDeviceType, vRet: 1
07-28 20:00:47.277  4939  4939 I OplusVirtualCommUtils: isConsumerDeviceType, deviceType: 1
07-28 20:00:47.278  4939  4939 D InternationalRoamingNotification: do not createRoamingNotification for invalid Network
07-28 20:00:47.278  5212  5212 D SubsysEventListenerManager-SubsysTelephonyCallback[0]: onCellInfoChanged
07-28 20:00:47.279  1832  4466 I sensors-hal: handle_oplus_wise_rgb_event:189, high_pwm_light:lux 274.8,cct 3637.7,brl/algo/ir 1441.0/2.0/16.7,pwm/dc 0.0/0.0,rgbc 21214.960938/13346.514648/6131.372559/39297.730469,ts 61848540358,cnt 910,flag 171
07-28 20:00:47.280  1912  4447 I Dpps    : LtmSwState::SetParameter():144 ignore cmd 7 in state LtmOffState
07-28 20:00:47.285  4885  4885 I SystemUi--QuickSettings: QsLottieUtils-->getLottieAnimFile : qs/qs_airplane_lottie_active_sep_dual_light.json
07-28 20:00:47.285  4885  4885 I SystemUi--QuickSettings: TemporarilyInfoManager-->[trigger] start from show
07-28 20:00:47.286  4885  4885 I SystemUi--QuickSettings: TemporarilyInfoManager-->[getLayoutParams] translationY=102.08461, translationX=0, width=1080, height=228, isLandscape=false, parent=androidx.constraintlayout.widget.ConstraintLayout{bbea437 V.E...... ......ID 0,0-1080,2376 #7f0a09f6 app:id/qs_container_area_layout alpha=1.0 viewInfo = }
07-28 20:00:47.286  4885  4885 I SystemUi--Common: ViewExt-->[startAlongWithPosition] com.oplus.systemui.qs.base.temporarilyinfo.TemporarilyInfoManager$createViewToParent$1{5048c0d V.ED..... ......ID 0,0-0,0 #7f0a0cb6 app:id/temporarily_info_view alpha=0.0 viewInfo = } alongWith android.widget.RelativeLayout{4a9c7c2 V.E...... ........ 0,102-1080,222 #7f0a0a2e app:id/qs_status_bar_container_layout alpha=1.0 viewInfo = }
07-28 20:00:47.286  4885  4885 I SystemUi--QuickSettings: TemporarilyInfoManager-->[showElement] com.oplus.systemui.qs.base.temporarilyinfo.TemporarilyInfoManager$createViewToParent$1{5048c0d V.ED..... ......ID 0,0-0,0 #7f0a0cb6 app:id/temporarily_info_view alpha=0.0 viewInfo = } for Element(text=Airplane mode off, groupId=Airplane mode, style=InfoShowStyle(textSize=16.0, sizeUnit=2, textColor=-1, showDuration=1500, alongWithReplacedView=true))
07-28 20:00:47.286  4885  4885 I SystemUi--QuickSettings: TemporarilyInfoManager-->[animateShow] com.oplus.systemui.qs.base.temporarilyinfo.TemporarilyInfoManager$createViewToParent$1{5048c0d VFED..C.. ......ID 0,0-0,0 #7f0a0cb6 app:id/temporarily_info_view alpha=0.0 viewInfo = } start
07-28 20:00:47.287  1947  1975 I [UAH_CLIENT]: UahRelease, handle:43
07-28 20:00:47.295  2002  2002 D vendor.oplus.hardware.charger-V7-service: get_ui_charge_icon_type 0 0 0 0 0
07-28 20:00:47.296  2002  2002 D vendor.oplus.hardware.charger-V7-service: oplus_chg_get_cpa_power 2500 charge_online 1 retention_topic 0
07-28 20:00:47.296  2002  2002 D vendor.oplus.hardware.charger-V7-service: oplus_chg_get_cpa_power 2500 charge_online 1 retention_topic 0
07-28 20:00:47.296  2002  2002 D vendor.oplus.hardware.charger-V7-service: getIsSingleHyperSupport=2, cpa_power=2
07-28 20:00:47.316  4885  4885 I SystemUi--QuickSettings: QsLottieUtils-->getLottieAnimFile : qs/qs_cellular_lottie_active_sep_dual_light.json
07-28 20:00:47.322  3377  3921 D QmiClient: qmiServiceEventCallback recv msg id 1106
07-28 20:00:47.322  3377  3921 D QmiVsClient: enter - onQmiServiceEventCallback msgId 1106
07-28 20:00:47.322  3377  3393 D VsProxy : handleMessage msg is 2425
07-28 20:00:47.323  3377  3393 D VsProxy : handleServingCellInfoChangeInd for instance 0
07-28 20:00:47.323  3377  3377 D RadioServiceIndication: radioServingCellInfoInd
07-28 20:00:47.323  3377  3377 D RadioServiceIndication: radioServingCellInfoInd
07-28 20:00:47.324  5212  6282 D SubsysRadioIndication[0]: radioServingCellInfoInd
07-28 20:00:47.324  5212  6282 D SubsysRadioIndication[0]: radioServingCellInfoInd
07-28 20:00:47.324  5212  5212 D NetworkService[0]: handleMessage what:1003
07-28 20:00:47.326  5212  5212 D NetworkService[0]: handleMessage what:1003
07-28 20:00:47.326  5013  5889 D RadioEvent: onCellInfoChanged slotId=0
07-28 20:00:47.327  3378  3917 D QmiClient: qmiServiceEventCallback recv msg id 276
07-28 20:00:47.327  5013  5889 D RadioEvent: onCellInfoChanged slotId=0
07-28 20:00:47.327  3378  3917 D QmiNasClient: enter : onQmiServiceEventCallback msgId 276
07-28 20:00:47.327  3378  3917 D QmiNasClientEvent: qmiNasClientAccessBarringStatusEvent - RADIO_EVENT_NAS_ACCESS_BARRING_STATUS_IND
07-28 20:00:47.327  3377  3916 D QmiClient: qmiServiceEventCallback recv msg id 276
07-28 20:00:47.327  3377  3916 D QmiNasClient: enter : onQmiServiceEventCallback msgId 276
07-28 20:00:47.327  3378  3429 D NasProxy: handleMessage msg is 2104
07-28 20:00:47.327  3377  3916 D QmiNasClientEvent: qmiNasClientAccessBarringStatusEvent - RADIO_EVENT_NAS_ACCESS_BARRING_STATUS_IND
07-28 20:00:47.327  3377  3420 D NasProxy: handleMessage msg is 2104
07-28 20:00:47.327  3377  3916 D QmiClient: qmiServiceEventCallback recv msg id 78
07-28 20:00:47.327  3377  3916 D QmiNasClient: enter : onQmiServiceEventCallback msgId 78
07-28 20:00:47.327  3377  3916 D QmiNasClientEvent: qmiNasClientNotifySysInfoEvent lte_ims_voice_avail_valid 0
07-28 20:00:47.328  3377  3420 D NasProxy: handleMessage msg is 2101
07-28 20:00:47.328  3377  3420 D NasProxy: handleNasSysInfoEvent for instance 0
07-28 20:00:47.328  5212  5345 D SubsysRadioIndication[0]: radioNasAccessBarringStatusInd, NasAccessBarringStatusType: radioIf:12, dataBarringStatus:0, dataBarringTime:0, voiceBarringStatus:0, voiceBarringTime:0, videoBarringStatus:0, videoBarringTime:0
07-28 20:00:47.328  5212  5345 D SubsysRadioIndication[0]: notify enter
07-28 20:00:47.328  5212  6282 D SubsysRadioIndication[1]: radioNasAccessBarringStatusInd, NasAccessBarringStatusType: radioIf:12, dataBarringStatus:0, dataBarringTime:0, voiceBarringStatus:0, voiceBarringTime:0, videoBarringStatus:0, videoBarringTime:0
07-28 20:00:47.328  5212  5345 D SubsysRadioIndication[0]: radioNr5gFreqTypeIndication, nr5gFreqType = 0
07-28 20:00:47.328  5212  6282 D SubsysRadioIndication[1]: notify enter
07-28 20:00:47.328  5212  5212 D QtiCellularNetwork: handleNr5gFreqTypeChanged 0, nr5gFreqType = 0
07-28 20:00:47.330  1800  1806 E Diag-Router: diag: glinkpkt_open: failed to create control node for slate_apps
07-28 20:00:47.330  1800  1806 E Diag-Router: diag: diag_glinkpkt_open_thread: Glinkpkt_open failed for perif: 12 with err: -1, retry_cnt: 10
07-28 20:00:47.330  1800  1807 E Diag-Router: diag: glinkpkt_open: failed to create control node for slate_adsp
07-28 20:00:47.330  1800  1807 E Diag-Router: diag: diag_glinkpkt_open_thread: Glinkpkt_open failed for perif: 13 with err: -1, retry_cnt: 10
07-28 20:00:47.330  5147  5242 I QImsService: ImsRadioIndicationAidl : onServiceDomainChanged()[SUB0]
07-28 20:00:47.330  5147  5242 I QImsService: ImsSenderRxr : [UNSL]< UNSOL_SERVICE_DOMAIN_CHANGED 0[SUB0]
07-28 20:00:47.331  5147  5147 I QImsService: ImsRegistrationController : Message received: what = 5
07-28 20:00:47.331  5147  5147 I QImsService: ImsRegistrationController : handleSrvDomainChanged
07-28 20:00:47.334  5172  6167 D IWlanJni: getDataRegistrationState start
07-28 20:00:47.334  5007  5072 D QtiOemHookAidl: oemHookRawIndication length=21
07-28 20:00:47.334  5007  5007 D QcrilMsgTunnelIfaceManager: handleMessage what = 0
07-28 20:00:47.334  5172  6176 D IWlanJni: new aidl event arrived
07-28 20:00:47.334  5172  6176 D IWlanJni: handleEvent 10
07-28 20:00:47.334  5172  6176 D IWlanJni: isThreadAttached start
07-28 20:00:47.334  5172  6176 D IWlanJni: jni detached
07-28 20:00:47.334  5172  6176 D IWlanJni: jni attached
07-28 20:00:47.334  5172  6176 D IWlanJni: getDataRegistrationStateResponse start
07-28 20:00:47.334  5172  6176 D IWlanJni: getJavaCallbackClass start
07-28 20:00:47.334  5172  6176 D IWlanJni: getJavaCallbackClass End midIs[1]
07-28 20:00:47.334  5172  6176 I IWlanAidlClient: getDataRegistrationStateResponse called
07-28 20:00:47.334  5172  6174 W IWlanNetworkService: 14 > Response Processed
07-28 20:00:47.335  4939  4939 D QC_RIL_OEM_HOOK: Received Broadcast Intent ACTION_UNSOL_RESPONSE_OEM_HOOK_RAW
07-28 20:00:47.336  4939  4939 D QC_RIL_OEM_HOOK: Received Broadcast Intent ACTION_UNSOL_RESPONSE_OEM_HOOK_RAW
07-28 20:00:47.336  4939  4939 D QC_RIL_OEM_HOOK: Received Broadcast Intent ACTION_UNSOL_RESPONSE_OEM_HOOK_RAW
07-28 20:00:47.336  5007  5007 D QC_RIL_OEM_HOOK: Received Broadcast Intent ACTION_UNSOL_RESPONSE_OEM_HOOK_RAW
07-28 20:00:47.337  4939  4939 D OplusTelephonyController: onSignalStrengthChanged: SignalStrength=SignalStrength:{mCdma=CellSignalStrengthCdma: cdmaDbm=2147483647 cdmaEcio=2147483647 evdoDbm=2147483647 evdoEcio=2147483647 evdoSnr=2147483647 level=0,mGsm=CellSignalStrengthGsm: rssi=2147483647 ber=2147483647 mTa=2147483647 mLevel=0,mWcdma=CellSignalStrengthWcdma: ss=2147483647 ber=2147483647 rscp=2147483647 ecno=2147483647 level=0,mTdscdma=CellSignalStrengthTdscdma: rssi=2147483647 ber=2147483647 rscp=2147483647 level=0,mLte=CellSignalStrengthLte: rssi=2147483647 rsrp=2147483647 rsrq=2147483647 rssnr=2147483647 cqiTableIndex=2147483647 cqi=2147483647 ta=2147483647 level=0 parametersUseForLevel=0,mNr=CellSignalStrengthNr:{ csiRsrp = 2147483647 csiRsrq = 2147483647 csiCqiTableIndex = 2147483647 csiCqiReport = [] ssRsrp = 2147483647 ssRsrq = 2147483647 ssSinr = 2147483647 level = 0 parametersUseForLevel = 0 timingAdvance = 2147483647 },primary=CellSignalStrengthLte}
07-28 20:00:47.337  5212  5212 D SubsysEventListenerManager-SubsysTelephonyCallback[0]: onSignalStrengthsChanged
07-28 20:00:47.338  5172  6167 D IWlanJni: getDataRegistrationState start
07-28 20:00:47.338  5172  6176 D IWlanJni: new aidl event arrived
07-28 20:00:47.338  5172  6176 D IWlanJni: handleEvent 10
07-28 20:00:47.338  5172  6176 D IWlanJni: isThreadAttached start
07-28 20:00:47.338  5172  6176 D IWlanJni: jni detached
07-28 20:00:47.338  5172  6176 D IWlanJni: jni attached
07-28 20:00:47.338  5172  6176 D IWlanJni: getDataRegistrationStateResponse start
07-28 20:00:47.338  5172  6176 D IWlanJni: getJavaCallbackClass start
07-28 20:00:47.338  5172  6176 D IWlanJni: getJavaCallbackClass End midIs[1]
07-28 20:00:47.338  5172  6176 I IWlanAidlClient: getDataRegistrationStateResponse called
07-28 20:00:47.339  5172  6174 W IWlanNetworkService: 15 > Response Processed
07-28 20:00:47.341  3384  5384 W BestClock: java.time.DateTimeException: Missing network time fix
07-28 20:00:47.342  3384  5272 W BestClock: java.time.DateTimeException: Missing network time fix
07-28 20:00:47.343  4939  4939 W Settings: Setting airplane_mode_on has moved from android.provider.Settings.System to android.provider.Settings.Global, returning read-only value.
07-28 20:00:47.343  4885  5709 V OplusCustomizeCacheManager: queryCache name: sys.cache.common_customize_cache18014 param: null
07-28 20:00:47.343  5013  5898 D NAS-CallIssueDetector: onPollCsPsRegStateChanged slotid = 0
07-28 20:00:47.343  5013  5898 D NAS-CallIssueDetector: notifyRealOosChanged
07-28 20:00:47.343  4885  5709 V OplusCustomizeCacheManager: queryCache name: sys.cache.common_customize_cache18017 param: Bundle[{SETTING=BLOCK, BUSINESS=NCT-DATA}]
07-28 20:00:47.343  4885  5709 V OplusCustomizeCacheManager: queryCache name: sys.cache.common_customize_cache18013 param: null
07-28 20:00:47.343  5013  5898 D OplusCiwlanController: [vodata] getSubId subid =  1
07-28 20:00:47.343  5013  5900 W BluetoothAdapterExtImpl: getBluetoothConnectionCountmOplusBluetooth null!
07-28 20:00:47.344  5013  5900 D TelephonyImpl: isRequestingMms
07-28 20:00:47.344  3384  3384 D OplusWifiBroadCastDispatcher: mBroadcastReceiver: onReceiver  action=oplus.intent.action.MCC_CHANGE
07-28 20:00:47.344  5013  5900 D TelephonyImpl: getReleaseMmsNetworkTime
07-28 20:00:47.344  5013  5898 D OplusCiwlanController: [vodata] processOosChanged  phoneid = 0,cur regstate = 1,old regstate = -1
07-28 20:00:47.344  5013  5898 D OplusCiwlanController: [vodata] getSubId subid =  -1
07-28 20:00:47.344  5013  5898 D OplusCiwlanController: [vodata] processOosChanged  phoneid = 1,cur regstate = 1,old regstate = -1
07-28 20:00:47.344  5013  5900 D OplusDdsSwitchStrategy: Md,OplusCheckFeature,RETURN_TO_CUR_ACTION_DDS
07-28 20:00:47.344  4690  4780 D CNGmsControlService: receive:oplus.intent.action.MCC_CHANGE
07-28 20:00:47.345  7201  7201 I 7201PAS.MccChangeReceiver_Travel: onReceive
07-28 20:00:47.346  7201  7650 D NetWorkMonitor: addNetStateListener :true
07-28 20:00:47.346  3384  4204 D ConnectivityService: requestNetwork for uid/pid:10137/7201 activeRequest: null callbackRequest: 282 [NetworkRequest [ REQUEST id=283, [ Capabilities: INTERNET&NOT_RESTRICTED&TRUSTED&NOT_VCN_MANAGED&NOT_BANDWIDTH_CONSTRAINED Uid: 10137 RequestorUid: 10137 RequestorPkg: com.coloros.sceneservice UnderlyingNetworks: Null] ]] callback flags: 0 order: 2147483647 isUidTracked: false
07-28 20:00:47.346  4690  4780 D CNGmsControlService: mcc1=001 mcc2=null GmsState=2 TagWhitelistApp=true UserDisableCount=0 SettingsGmsState=1
07-28 20:00:47.347  7201  7650 D NetWorkMonitor: resume registerNetworkCallback
07-28 20:00:47.347  3384  4501 D WifiNetworkFactory: got request NetworkRequest [ REQUEST id=283, [ Capabilities: INTERNET&NOT_RESTRICTED&TRUSTED&NOT_VCN_MANAGED&NOT_BANDWIDTH_CONSTRAINED Uid: 10137 RequestorUid: 10137 RequestorPkg: com.coloros.sceneservice UnderlyingNetworks: Null] ]
07-28 20:00:47.347  3384  4501 D UntrustedWifiNetworkFactory: got request NetworkRequest [ REQUEST id=283, [ Capabilities: INTERNET&NOT_RESTRICTED&TRUSTED&NOT_VCN_MANAGED&NOT_BANDWIDTH_CONSTRAINED Uid: 10137 RequestorUid: 10137 RequestorPkg: com.coloros.sceneservice UnderlyingNetworks: Null] ]
07-28 20:00:47.347  3384  4501 D OemPaidWifiNetworkFactory: got request NetworkRequest [ REQUEST id=283, [ Capabilities: INTERNET&NOT_RESTRICTED&TRUSTED&NOT_VCN_MANAGED&NOT_BANDWIDTH_CONSTRAINED Uid: 10137 RequestorUid: 10137 RequestorPkg: com.coloros.sceneservice UnderlyingNetworks: Null] ]
