07-29 14:20:41.913  5153  8423 D QCNEJ/DataCallAgent: mSubInfoReady[0] is set to true
07-29 14:20:41.913  5153  8423 D QCNEJ/DataCallAgent: subs for 1th slot: [-1]
07-29 14:20:41.914  4923  4923 V OplusCustomizeCacheManager: queryCache name: sys.cache.common_customize_cache18016 param: null
07-29 14:20:41.914  4923  4923 V OplusCustomizeCacheManager: queryCache name: sys.cache.common_customize_cache18013 param: null
07-29 14:20:41.914  4923  4923 V OplusCustomizeCacheManager: queryCache name: sys.cache.common_customize_cache18014 param: null
07-29 14:20:41.914  4923  4923 V OplusCustomizeCacheManager: queryCache name: sys.cache.common_customize_cache18017 param: Bundle[{SETTING=BLOCK, BUSINESS=NCT-DATA}]
07-29 14:20:41.914  6515  8287 D OplusAtlasAudioDetectionManager: MSG_CALL_STATE_CHANGED
07-29 14:20:41.914  6515  8287 D OplusAtlasAudioDetectionManager: callStateChanged state: 0, len: 0
07-29 14:20:41.914 13152 13152 I ttings:tzupdate: isSwordfishLaunchAppEnabled_ 1 isSwordfishInstallAppEnabled_ 1
07-29 14:20:41.914 13152 13152 E ttings:tzupdate: Unknown bits set in runtime_flags: 0x40000000
07-29 14:20:41.914 13152 13152 I ttings:tzupdate: Using CollectorTypeCMC GC.
07-29 14:20:41.914  4990  5723 W BestClock: java.time.DateTimeException: Missing network time fix
07-29 14:20:41.915  4923  4923 V OplusCustomizeCacheManager: queryCache name: sys.cache.common_customize_cache18016 param: null
07-29 14:20:41.915  4923  4923 V OplusCustomizeCacheManager: queryCache name: sys.cache.common_customize_cache18013 param: null
07-29 14:20:41.915  4923  4923 V OplusCustomizeCacheManager: queryCache name: sys.cache.common_customize_cache18014 param: null
07-29 14:20:41.915  4923  4923 V OplusCustomizeCacheManager: queryCache name: sys.cache.common_customize_cache18017 param: Bundle[{SETTING=BLOCK, BUSINESS=NCT-DATA}]
07-29 14:20:41.915  4923  4923 D MultiSimSettingController: onSubscriptionsChanged
07-29 14:20:41.915  4923  4923 D MultiSimSettingController: isReadyToReevaluate: subInfoInitialized=true, carrierConfigsLoaded=true, satelliteEnabledOrBeingEnabled=false
07-29 14:20:41.915  4923  4923 D MultiSimSettingController: updateDefaults
07-29 14:20:41.915  4923  4923 D MultiSimSettingController: isReadyToReevaluate: subInfoInitialized=true, carrierConfigsLoaded=true, satelliteEnabledOrBeingEnabled=false
07-29 14:20:41.915  4923  4923 D MultiSimSettingController: updateDefaultValues: change: 0
07-29 14:20:41.915  4923  4923 D MultiSimSettingController: disableDataForNonDefaultNonOpportunisticSubscriptions triggered, return directly
07-29 14:20:41.915  4923  4923 D ImsResolver: oldSubId: 1, newSubId: 1
07-29 14:20:41.915  4923  4923 D ImsResolver: oldSubId: -1, newSubId: -1
07-29 14:20:41.915  4923  4923 D CallNotifier: updatePhoneStateListeners: update CF notifications.
07-29 14:20:41.915  4990  5723 V MonthTrafficAlert: getWarningNotification subId:1 numWarningNotificaion:0
07-29 14:20:41.915  4923  4923 I Telephony: TelecomAccountRegistry: onSubscriptionsChanged - reregister accounts
07-29 14:20:41.915  4923  4923 D PhoneUtils: PhoneAccountHandle subId=1, slotId=0
07-29 14:20:41.916  4923  4923 D Telephony: registerPstnPhoneAccount line1Number =  subNumber = 
07-29 14:20:41.916  4923  4923 D Telephony: color is transparent asign default instead -15502541
07-29 14:20:41.916  4849  4849 I KeyguardUpdateMonitor: refreshSimState, changed:false,subId:1,slotId:0,state:5
07-29 14:20:41.916  4849  5062 I SystemUi--QuickSettings: Tile.OplusCellularTile-->updateCarrierText: dialog not showing, ignore
07-29 14:20:41.917  4849  5062 D SimStateHelper: slot:0, lock state:Bundle[mParcelledData.dataSize=56]
07-29 14:20:41.917  4923  4923 D Telephony: isEmergencyPreferredAccount: subId=1, activeData=1
07-29 14:20:41.917  4923  4923 D Telephony: isEmergencyPreferredAccount: Device does not require preference.
07-29 14:20:41.917 13152 13152 E ttings:tzupdate: Not starting debugger since process cannot load the jdwp agent.
07-29 14:20:41.917  4849  5062 D SimStateHelper: slot:1, lock state:Bundle[mParcelledData.dataSize=56]
07-29 14:20:41.917  4849  5062 D SimStateHelper: needDisableMenu: slot1State=-1; slot2State=-1
07-29 14:20:41.917  4849  5062 D SimStateHelper: needDisableMenu:false
07-29 14:20:41.917  4849  5062 I SystemUi--QuickSettings: Tile.OplusCellularTile-->updateCarrierText: dialog not showing, ignore
07-29 14:20:41.917  4923  4923 I Telephony: isRttCurrentlySupported -- regular acct, hasVoiceAvailability: false
07-29 14:20:41.917  4923  4923 I Telephony:  isRttSupported: false
07-29 14:20:41.917  4923  4923 I Telephony:  isUserRttSettingOn: false
07-29 14:20:41.917  4923  4923 I Telephony:  alwaysAllowWhileRoaming: false
07-29 14:20:41.917  4923  4923 I Telephony:  isRoaming: false
07-29 14:20:41.917  4923  4923 I Telephony:  isOnWfc: false
07-29 14:20:41.917  4923  4923 D Telephony: x0: buildPstnPhoneAccount, phoneId: 0, mIsVideoCapable: false, 
07-29 14:20:41.917  4923  4923 D OplusSesImsManagerExt: feature:0, phoneId:0
07-29 14:20:41.917  4923  4923 D OplusSesImsManagerExt: getSubIdUsingPhoneId:1, phoneId:0
07-29 14:20:41.917  4923  4923 D OplusSesImsManagerExt: isEntitlementEnabled:false
07-29 14:20:41.917  4849  5062 D SimStateHelper: slot:0, lock state:Bundle[mParcelledData.dataSize=56]
07-29 14:20:41.917  4923  4923 D OplusSesImsManagerExt: isFeatureProvisionedOnDevice not enabled
07-29 14:20:41.917  4849  5062 D SimStateHelper: slot:1, lock state:Bundle[mParcelledData.dataSize=56]
07-29 14:20:41.917  4849  5062 D SimStateHelper: needDisableMenu: slot1State=-1; slot2State=-1
07-29 14:20:41.917  4849  5062 D SimStateHelper: needDisableMenu:false
07-29 14:20:41.917  4923  4923 D Telephony: registerPstnPhoneAccount mIsVideoCapable = false
07-29 14:20:41.917  4923  4923 W libc    : Access denied finding property "persist.vendor.mtk_uce_support"
07-29 14:20:41.917  4923  4923 I Telephony: isCarrierVideoPresenceSupported, false, false, false, false
07-29 14:20:41.918  4923  4923 I Telephony: reRegisterPstnPhoneAccount: subId: 1 - no change
07-29 14:20:41.918  4923  4923 D InternationalRoamingNotification: init
07-29 14:20:41.918 13152 13152 D nativeloader: Load libframework-connectivity-tiramisu-jni.so using APEX ns com_android_tethering for caller /apex/com.android.tethering/javalib/framework-connectivity-t.jar: ok
07-29 14:20:41.918  5194  8829 D VirtualCommService2: isSupport. true, true
07-29 14:20:41.918  4923  4923 D OplusVirtualCommUtils: isVirtualCommSupport, vRet: true
07-29 14:20:41.918  4923  4923 I OplusVirtualCommUtils: getVirtualCommDeviceType, vRet: 1
07-29 14:20:41.918  4923  4923 I OplusVirtualCommUtils: isConsumerDeviceType, deviceType: 1
07-29 14:20:41.919  3454  5337 W BestClock: java.time.DateTimeException: Missing network time fix
07-29 14:20:41.919  4923  4923 D InternationalRoamingNotification: do not createRoamingNotification for invalid Network
07-29 14:20:41.919  4923  4923 V OplusCustomizeCacheManager: queryCache name: sys.cache.common_customize_cache18016 param: null
07-29 14:20:41.919  4923  4923 V OplusCustomizeCacheManager: queryCache name: sys.cache.common_customize_cache18013 param: null
07-29 14:20:41.919  4923  4923 V OplusCustomizeCacheManager: queryCache name: sys.cache.common_customize_cache18014 param: null
07-29 14:20:41.919  4923  4923 V OplusCustomizeCacheManager: queryCache name: sys.cache.common_customize_cache18017 param: Bundle[{SETTING=BLOCK, BUSINESS=NCT-DATA}]
07-29 14:20:41.919  4923  4923 V SimultaneousCallingTracker: Received EVENT 101
07-29 14:20:41.919  4923  4923 V SimultaneousCallingTracker: generateVoiceCapablePhoneMapBasedOnUserAssociation: adding phoneId = 0
07-29 14:20:41.919  4923  4923 I SimultaneousCallingTracker: updatePhoneMapAndSimultaneousCallSupportMap: mVoiceCapablePhoneMap.size = 1
07-29 14:20:41.919  4923  4923 V SimultaneousCallingTracker: registerForImsRegistrationChanges: registering phoneId = 0
07-29 14:20:41.919  4923  4923 V SimultaneousCallingTracker: generateSimultaneousCallSupportMap: returning simultaneousCallSubSupportMap = Phone ID=0 - Simultaneous calling compatible phone IDs=[]; 
07-29 14:20:41.919  4923  4923 V SimultaneousCallingTracker: handleSimultaneousCallingSupportChanged
07-29 14:20:41.920  3454  5337 W BestClock: java.time.DateTimeException: Missing network time fix
07-29 14:20:41.920 13152 13152 W libc    : Access denied finding property "persist.vendor.sys.activitylog"
07-29 14:20:41.920 13152 13152 I OneTrace: Mark active for pid=13152? true
07-29 14:20:41.920 13152 13152 D cutils-dev: otrace_set_tracing_enabled? true tag:0
07-29 14:20:41.920  3454  5337 W ContentService: Observer is already registered. Pid is 4923
07-29 14:20:41.920 13152 13152 D cutils-dev: properties changed in otrace_seq_number_changed!
07-29 14:20:41.920  4849  5813 V OplusCustomizeCacheManager: queryCache name: sys.cache.common_customize_cache18014 param: null
07-29 14:20:41.920  4849  5813 V OplusCustomizeCacheManager: queryCache name: sys.cache.common_customize_cache18017 param: Bundle[{SETTING=BLOCK, BUSINESS=NCT-DATA}]
07-29 14:20:41.920  4849  5813 V OplusCustomizeCacheManager: queryCache name: sys.cache.common_customize_cache18013 param: null
07-29 14:20:41.921  3454  5322 D ActivityTaskManagerServiceExtImpl: preBindApplication record is null
07-29 14:20:41.921  3454  5322 D RGBNormalizeServer: OplusRGBNormalize feature enabled ? true
07-29 14:20:41.921  3454  5322 D ResourcesManagerCache: For package com.oplus.wirelesssettings we got cacheList [null] appInfoExt is null ? false hasFeature ? false
07-29 14:20:41.921  3454  5322 D VRR [OPlusExternalRefreshRateManager]: isPkgTfcEnable: pkgName = com.oplus.wirelesssettings, enable = false
07-29 14:20:41.921  3454  5322 D VRR [OPlusExternalRefreshRateManager]: getTfcMinFramerate: pkgName = com.oplus.wirelesssettings, min framerate = 0
07-29 14:20:41.922  3454  5337 W BestClock: java.time.DateTimeException: Missing network time fix
07-29 14:20:41.922 13152 13152 D OplusActivityManager: get AMS extension: android.os.BinderProxy@a6ff36b
07-29 14:20:41.923  3454  5072 W BestClock: java.time.DateTimeException: Missing network time fix
07-29 14:20:41.924  4849  5813 V OplusCustomizeCacheManager: queryCache name: sys.cache.common_customize_cache18014 param: null
07-29 14:20:41.924  4849  5813 V OplusCustomizeCacheManager: queryCache name: sys.cache.common_customize_cache18017 param: Bundle[{SETTING=BLOCK, BUSINESS=NCT-DATA}]
07-29 14:20:41.924  4849  5813 V OplusCustomizeCacheManager: queryCache name: sys.cache.common_customize_cache18013 param: null
07-29 14:20:41.924 13152 13152 D CompactWindowAppManager: initCompactApplicationInfo CompactMode: , NormalMode: 
07-29 14:20:41.925 13152 13152 D OplusScrollToTopManager: setIsInWhiteList false
07-29 14:20:41.925 13152 13152 D OplusViewDebugManager: OplusViewDebugManager Constructor android.view.debug.OplusViewDebugManager@3eb4b61 [mHasViewDebugProperty true] [mHasMsgDebugProperty false] [DEBUG false] [EXTRAINFOENABLE false] [LIGHT_OS false]
07-29 14:20:41.925  3056  3056 I cnss-daemon: nl80211 response handler invoked
07-29 14:20:41.925  3056  3056 I cnss-daemon: nl80211_response_handler: cmd 103, vendorID 4980, subcmd 182  received
07-29 14:20:41.925  1848 13118 I WifiHAL : event received NL80211_CMD_VENDOR, vendor_id = 0x1374, subcmd = 0xb6
07-29 14:20:41.925  1848 13118 I WifiHAL : event received NL80211_CMD_VENDOR, vendor_id = 0x1374, subcmd = 0xb6
07-29 14:20:41.925  3056  3056 I cnss-daemon: nl80211 response handler invoked
07-29 14:20:41.925  3056  3056 I cnss-daemon: nl80211_response_handler: cmd 103, vendorID 4980, subcmd 182  received
07-29 14:20:41.926 13152 13152 D CompatChangeReporter: Compat change id reported: 242716250; UID 1000; state: ENABLED
07-29 14:20:41.926  1828  9605 I sensors-hal: handle_sns_client_event:87, step_count_event: ts=60565110462 count 0
07-29 14:20:41.926  3454  4409 D SensorServiceUtils: sensorEventLog step_counter = 0
07-29 14:20:41.926  3454  4409 D SensorServiceUtils: sensorEventLog step_counter = 0
07-29 14:20:41.926  3454  4409 D SensorServiceUtils: sensorEventLog step_counter = 0
07-29 14:20:41.926  3454  4409 D SensorServiceUtils: sensorEventLog step_counter = 0
07-29 14:20:41.926  3454  4409 D SensorServiceUtils: sensorEventLog step_counter = 0
07-29 14:20:41.926  3454  4409 D SensorServiceUtils: sensorEventLog step_counter = 0
07-29 14:20:41.926  3454  4409 D SensorServiceUtils: sensorEventLog step_counter = 0
07-29 14:20:41.926  3454  4409 D SensorServiceUtils: sensorEventLog step_counter = 0
07-29 14:20:41.926  3454  4409 D SensorServiceUtils: sensorEventLog step_counter = 0
07-29 14:20:41.926  3454  4409 D SensorServiceUtils: sensorEventLog step_counter = 0
07-29 14:20:41.926  3454  4409 D SensorServiceUtils: sensorEventLog step_counter = 0
07-29 14:20:41.926  3454  4409 D SensorServiceUtils: sensorEventLog step_counter = 0
07-29 14:20:41.926  3454  4409 D SensorServiceUtils: sensorEventLog step_counter = 0
07-29 14:20:41.926  3454  4409 D SensorServiceUtils: sensorEventLog step_counter = 0
07-29 14:20:41.926  3454  4409 D SensorServiceUtils: sensorEventLog step_counter = 0
07-29 14:20:41.926  3454  4409 D SensorServiceUtils: sensorEventLog step_counter = 0
07-29 14:20:41.926  3454  4409 D SensorServiceUtils: sensorEventLog step_counter = 0
07-29 14:20:41.926  3454  4409 D SensorServiceUtils: sensorEventLog step_counter = 0
07-29 14:20:41.926  3454  4409 D SensorServiceUtils: sensorEventLog step_counter = 0
07-29 14:20:41.927  4672  4672 V SystemSensorManagerExtImpl: step counter dispatchSensorEvent step 0.0 to + a.b$c@df825ca
07-29 14:20:41.927 13152 13152 W libc    : Access denied finding property "ro.odm.prev.product.name"
07-29 14:20:41.928 13152 13152 W ziparchive: Unable to open '/system_ext/framework/nfcvendorlib.dm': No such file or directory
07-29 14:20:41.928 13152 13152 W ziparchive: Unable to open '/system_ext/framework/nfcvendorlib.dm': No such file or directory
07-29 14:20:41.930 13152 13152 D nativeloader: Configuring clns-shared-7 for other apk /system_ext/framework/nfcvendorlib.jar. target_sdk_version=34, uses_libraries=ALL, library_path=/system_ext/priv-app/WirelessSettings/lib/arm64:/system_ext/priv-app/WirelessSettings/WirelessSettings.apk!/lib/arm64-v8a:/system/lib64:/system_ext/lib64, permitted_path=/data:/mnt/expand:/data/user_de/0/com.oplus.wirelesssettings:/system_ext/priv-app/WirelessSettings:/system/lib64:/system_ext/lib64
07-29 14:20:41.930 13152 13152 D nativeloader: Extending system_exposed_libraries: libbinauralrenderer_wrapper.qti.so:libhoaeffects.qti.so:libSloganJni.oplus.so:libsuperNight.oplus.so:libAPSClient-cmd-jni-extension.oplus.so:libsatellite_audio_jni.oplus.so:libortc_so.oplus.so:libsoundtouch.oplus.so:libsoundtouch_jni.oplus.so:libOplusStringJNI-extension.oplus.so:libsatellite_ostx_jni.oplus.so:libapssuspend-jni.oplus.so:libupdateprof.qti.so:libthermalclient.qti.so:libqape.qti.so:libqesdk_ndk_platform.qti.so:liblistenjni.qti.so
07-29 14:20:41.930  2739  2739 I wificond: Regulatory domain changed to country: US on wiphy_index: 0
07-29 14:20:41.930  2739  2739 I wificond: UpdateBandInfo
07-29 14:20:41.930  3454  5072 D WifiNl80211Manager: OnRegDomainChanged US
07-29 14:20:41.930  3454  5072 D WifiNative: onCountryCodeChanged: US
07-29 14:20:41.930  3454  5072 I WifiCountryCode: Receive onDriverCountryCodeChanged US
07-29 14:20:41.931  3454  5072 D WifiScanRequestProxy: Sending scan available broadcast: true
07-29 14:20:41.931  3454  4506 I WifiScanningService: Received a request to enable scanning, UID = 1000
07-29 14:20:41.931  3454  4506 I WifiScanningService: scanner impls already exists
07-29 14:20:41.931  3454  4506 E WifiScanningService: wifi driver loaded received while already loaded
07-29 14:20:41.931 13152 13152 D ApplicationLoaders: Returning zygote-cached class loader: /system_ext/framework/androidx.window.extensions.jar
07-29 14:20:41.931 13152 13152 D ApplicationLoaders: Returning zygote-cached class loader: /system_ext/framework/androidx.window.sidecar.jar
07-29 14:20:41.931  3454  5072 I WifiScanRequestProxy: Scanning is enabled
07-29 14:20:41.931  3454  5072 I WifiScanRequestProxy: Scanning for hidden networks is disabled
07-29 14:20:41.931  3454  3454 D OplusWifiBroadCastDispatcher: mBroadcastReceiver: onReceiver  action=android.net.wifi.action.WIFI_SCAN_AVAILABILITY_CHANGED
07-29 14:20:41.931  3454  4614 D OplusWifiPower_ConnLpmEventObsever: onReceive EXTRA_SCAN_AVAILABLE availabe = true
07-29 14:20:41.931  3454  4614 D OplusWifiPowerService: onReceive action:android.net.wifi.action.WIFI_SCAN_AVAILABILITY_CHANGED
07-29 14:20:41.931  3454  4614 D OplusWifiSwitchStateMonitor: scan settings change to true
07-29 14:20:41.931  6876  6876 I OsAgent : onReceive: android.net.wifi.action.WIFI_SCAN_AVAILABILITY_CHANGED
07-29 14:20:41.931  3454  4501 I WifiService: Receive onDriverCountryCodeChanged to US, update available channel list
07-29 14:20:41.931  2739  2739 I wificond: 2.4Ghz frequencies: 2412 2417 2422 2427 2432 2437 2442 2447 2452 2457 2462
07-29 14:20:41.931  2739  2739 I wificond: 5Ghz non-DFS frequencies: 5180 5200 5220 5240 5745 5765 5785 5805 5825
07-29 14:20:41.932  2739  2739 I wificond: 5Ghz DFS frequencies: 5260 5280 5300 5320 5500 5520 5540 5560 5580 5600 5620 5640 5660 5680 5700
07-29 14:20:41.932  2739  2739 I wificond: 6Ghz frequencies:
07-29 14:20:41.932  2739  2739 I wificond: 60Ghz frequencies:
07-29 14:20:41.932  6876  8267 I OsAgent : updateWiFiScanAvailState, scanAvailable: true
07-29 14:20:41.932  3454  4501 E ApConfigUtil: Malformed channel value detected: java.lang.NumberFormatException: For input string: ""
07-29 14:20:41.933 13152 13152 D nativeloader: Configuring clns-shared-8 for other apk /system_ext/priv-app/WirelessSettings/WirelessSettings.apk. target_sdk_version=34, uses_libraries=, library_path=/system_ext/priv-app/WirelessSettings/lib/arm64:/system_ext/priv-app/WirelessSettings/WirelessSettings.apk!/lib/arm64-v8a:/system/lib64:/system_ext/lib64, permitted_path=/data:/mnt/expand:/data/user_de/0/com.oplus.wirelesssettings:/system_ext/priv-app/WirelessSettings:/system/lib64:/system_ext/lib64
07-29 14:20:41.933  3454  4501 E ApConfigUtil: Malformed channel value detected: java.lang.NumberFormatException: For input string: ""
07-29 14:20:41.933  1848  8627 E WifiHAL : wifi_get_usable_channels: Error -5 waiting for response.
07-29 14:20:41.933  3454  4501 E WifiChipAidlImpl: getUsableChannels failed with service-specific exception: android.os.ServiceSpecificException:  (code 7)
07-29 14:20:41.933  3454  4501 E ApConfigUtil: Malformed channel value detected: java.lang.NumberFormatException: For input string: ""
07-29 14:20:41.937 13152 13152 V GraphicsEnvironment: Currently set values for:
07-29 14:20:41.937 13152 13152 V GraphicsEnvironment:   angle_gl_driver_selection_pkgs=[]
07-29 14:20:41.937 13152 13152 V GraphicsEnvironment:   angle_gl_driver_selection_values=[]
07-29 14:20:41.937 13152 13152 V GraphicsEnvironment: Global.Settings values are invalid: number of packages: 0, number of values: 0
07-29 14:20:41.938 13152 13152 D WS_OplusWirelessSettingsApp: onCreate, OplusWirelessSettingsApp
07-29 14:20:41.939 13152 13152 D LogUtils: initWirelessLog sIsQeAssert=false,sIsWifiOrBtLog=false
07-29 14:20:41.941  3454  5072 I ActivityManager: Flag disabled. Ignoring finishAttachApplication from uid: 1000. pid: 13152
07-29 14:20:41.942 13152 13152 E ANDR-PERF-CLIENT-SYS: death recipent object is fine
07-29 14:20:41.942 13152 13152 W ttings:tzupdate: AIBinder_linkToDeath is being called with a non-null cookie and no onUnlink callback set. This might not be intended. AIBinder_DeathRecipient_setOnUnlinked should be called first.
07-29 14:20:41.944  3454  5072 W OplusSelfProtectManager: pkg[com.oplus.wirelesssettings] not in policy list
07-29 14:20:41.946  3454  5072 D ActivityManager: Async freezing 13152 com.oplus.wirelesssettings:tzupdate
07-29 14:20:41.949  4698 12511 W SQLiteLog: (28) double-quoted string literal: "timezone_tzdata_v2_files"
07-29 14:20:42.005  1975  1975 D SensorFeature: name=ssc_screenshot_info ,index = 22
07-29 14:20:42.005  1975  1975 D SensorFeature: write 29 bytes:60634732423,60643065756,164,0
07-29 14:20:42.007  1907  4457 I Dpps    : LtmSwState::SetParameter():144 ignore cmd 7 in state LtmOffState
07-29 14:20:42.014  4923  4923 V OplusCustomizeCacheManager: queryCache name: sys.cache.common_customize_cache18016 param: null
07-29 14:20:42.014  4923  4923 V OplusCustomizeCacheManager: queryCache name: sys.cache.common_customize_cache18013 param: null
07-29 14:20:42.014  4923  4923 V OplusCustomizeCacheManager: queryCache name: sys.cache.common_customize_cache18014 param: null
07-29 14:20:42.014  4923  4923 V OplusCustomizeCacheManager: queryCache name: sys.cache.common_customize_cache18017 param: Bundle[{SETTING=BLOCK, BUSINESS=NCT-DATA}]
07-29 14:20:42.015  4923  4923 V OplusCustomizeCacheManager: queryCache name: sys.cache.common_customize_cache18016 param: null
07-29 14:20:42.015  4923  4923 V OplusCustomizeCacheManager: queryCache name: sys.cache.common_customize_cache18013 param: null
07-29 14:20:42.015  4923  4923 V OplusCustomizeCacheManager: queryCache name: sys.cache.common_customize_cache18014 param: null
07-29 14:20:42.015  4923  4923 V OplusCustomizeCacheManager: queryCache name: sys.cache.common_customize_cache18017 param: Bundle[{SETTING=BLOCK, BUSINESS=NCT-DATA}]
07-29 14:20:42.040  4849  4849 D RowAnimatorExtImpl: end:view:StatusBarIconView(slot='volume' alpha=1.0 icon=StatusBarIcon(icon=Icon(typ=RESOURCE pkg=com.android.systemui id=0x7f0818f0) visible user=0 ) visibleState=ICON iconColor=#ccffffff staticDrawableColor=#ccffffff decorColor=#ffffffff animationStartColor=#0 currentSetColor=#ccffffff notification=null),tx
07-29 14:20:42.040  4849  4849 D RowAnimatorExtImpl: end:view:StatusBarIconView(slot='zen' alpha=1.0 icon=StatusBarIcon(icon=Icon(typ=RESOURCE pkg=com.android.systemui id=0x7f0818e1) visible user=0 ) visibleState=ICON iconColor=#ccffffff staticDrawableColor=#ccffffff decorColor=#ffffffff animationStartColor=#0 currentSetColor=#ccffffff notification=null),tx
07-29 14:20:42.040  4849  4849 D RowAnimatorExtImpl: end:view:StatusBarIconView(slot='volume' alpha=1.0 icon=StatusBarIcon(icon=Icon(typ=RESOURCE pkg=com.android.systemui id=0x7f0818f0) visible user=0 ) visibleState=ICON iconColor=#ccffffff staticDrawableColor=#ccffffff decorColor=#ffffffff animationStartColor=#0 currentSetColor=#ccffffff notification=null),tx
07-29 14:20:42.040  4849  4849 D RowAnimatorExtImpl: end:view:StatusBarIconView(slot='zen' alpha=1.0 icon=StatusBarIcon(icon=Icon(typ=RESOURCE pkg=com.android.systemui id=0x7f0818e1) visible user=0 ) visibleState=ICON iconColor=#ccffffff staticDrawableColor=#ccffffff decorColor=#ffffffff animationStartColor=#0 currentSetColor=#ccffffff notification=null),tx
07-29 14:20:42.040  4849  4849 D RowAnimatorExtImpl: end:view:StatusBarIconView(slot='volume' alpha=1.0 icon=StatusBarIcon(icon=Icon(typ=RESOURCE pkg=com.android.systemui id=0x7f0818f0) visible user=0 ) visibleState=ICON iconColor=#ccffffff staticDrawableColor=#ccffffff decorColor=#ffffffff animationStartColor=#0 currentSetColor=#ccffffff notification=null),tx
07-29 14:20:42.040  4849  4849 D RowAnimatorExtImpl: end:view:StatusBarIconView(slot='zen' alpha=1.0 icon=StatusBarIcon(icon=Icon(typ=RESOURCE pkg=com.android.systemui id=0x7f0818e1) visible user=0 ) visibleState=ICON iconColor=#ccffffff staticDrawableColor=#ccffffff decorColor=#ffffffff animationStartColor=#0 currentSetColor=#ccffffff notification=null),tx
07-29 14:20:42.150  1993  2027 D BatteryChargeControl: bcc get no support from charging protocol
07-29 14:20:42.231  4849  4849 I SystemUi--QuickSettings: TemporarilyInfoManager-->[animateShow] com.oplus.systemui.qs.base.temporarilyinfo.TemporarilyInfoManager$createViewToParent$1{6523b8e VFED..C.. ........ 0,0-1080,228 #7f0a0cb6 app:id/temporarily_info_view alpha=1.0 viewInfo = } end
07-29 14:20:42.231  4849  4849 I SystemUi--QuickSettings: TemporarilyInfoManager-->[trigger] start from showElementAfterShowFully
07-29 14:20:42.260  1828  4466 I sensors-hal: handle_oplus_wise_rgb_event:189, high_pwm_light:lux 280.0,cct 3636.4,brl/algo/ir 1449.0/2.0/17.1,pwm/dc 0.0/0.0,rgbc 21595.498047/13599.812500/6254.538574/40070.339844,ts 60652280202,cnt 840,flag 164
07-29 14:20:42.261  1907  4457 I Dpps    : LtmSwState::SetParameter():144 ignore cmd 7 in state LtmOffState
07-29 14:20:42.279  1975  1975 D SensorFeature: name=ssc_screenshot_info ,index = 22
07-29 14:20:42.279  1975  1975 D SensorFeature: write 29 bytes:60908538881,60916872214,165,0
07-29 14:20:42.355  4849  4849 D JankUtils: gfxSceneEnd; scene: 7
07-29 14:20:42.355  4849  4849 I SystemUi--Common: NotificationShadeDepthC-->sceneFlag: 0x001, isStart = false, Current sceneFlags: 0x000
07-29 14:20:42.355  4849  4849 D NavigationBar: restrainNavigationBarInvertColor: false
07-29 14:20:42.355  4849  5018 D RegionSamplingHelper =:    mCompositionSamplingListener.register
07-29 14:20:42.356  2160  2371 D SurfaceFlinger: addRegionSamplingListener pid: 4849, Area: [0, 2328, 1080, 2376]
07-29 14:20:42.369  6552  6574 E horae   : 0: back:32811,back_1:35168,back_2:34665,back_3:33860,frame:35341,frame_1:34279,front:35947,front_1:36323,front_2:34681, -2147483648 5, +(3137), 1 ,43063,33164,38987,43097,41109,42140,33210,38717,42127,40477,41214,33027,38442,41312,39919,40680,32980,38189,40623,39441, target_temp:36323, algo:0
07-29 14:20:42.515  1848 13118 I WifiHAL : event received NL80211_CMD_VENDOR, vendor_id = 0x1374, subcmd = 0xb6
07-29 14:20:42.515  1848 13118 I WifiHAL : event received NL80211_CMD_VENDOR, vendor_id = 0x1374, subcmd = 0xb6
07-29 14:20:42.515  3056  3056 I cnss-daemon: nl80211 response handler invoked
07-29 14:20:42.515  3056  3056 I cnss-daemon: nl80211_response_handler: cmd 103, vendorID 4980, subcmd 182  received
07-29 14:20:42.516  3056  3056 I cnss-daemon: nl80211 response handler invoked
07-29 14:20:42.516  3056  3056 I cnss-daemon: nl80211_response_handler: cmd 103, vendorID 4980, subcmd 182  received
07-29 14:20:42.526  3454  4409 D FusionLightNextGen: process end reported = 1, mode: 0, lux 509.0, cct -1.0, r/g/b/c: 21590.7/13595.2/6246.8/40030.2, R/G/B: 132.0/125.0/124.0, bri 1449.0, match 0.77, ir 0.017997, conf 0.0, ts 60934500670
07-29 14:20:42.526  1907  4457 I Dpps    : LtmSwState::SetParameter():144 ignore cmd 7 in state LtmOffState
07-29 14:20:42.539  8327 10479 W LOG_FLOWCTRL: ==LOGS OVER PROC QUOTA(300), rows(22) bytes(2277) com.oplus.metis DROPPED==
07-29 14:20:42.539  8327 10479 I LogCacheHelper: cache log scheduled task [base|com.oplus.metis|1.5.5-f48228a]
07-29 14:20:42.539  8327 10479 E metis_v2_JenaHandlerManager_cache: 2025-07-29 14:20:41.537000		9102		local thread match
07-29 14:20:42.539  8327 10479 E metis_v2_JenaHandlerManager_cache: 2025-07-29 14:20:41.538000		9102		local thread match
07-29 14:20:42.539  8327 10479 E metis_v2_JenaHandlerManager_cache: 2025-07-29 14:20:41.538000		9102		local thread match
07-29 14:20:42.539  8327 10479 E metis_v2_JenaHandlerManager_cache: 2025-07-29 14:20:41.538000		9102		local thread match
07-29 14:20:42.539  8327 10479 E metis_v2_JenaHandlerManager_cache: 2025-07-29 14:20:41.538000		9102		local thread match
07-29 14:20:42.539  8327 10479 E metis_v2_JenaHandlerManager_cache: 2025-07-29 14:20:41.538000		9102		local thread match
07-29 14:20:42.539  8327 10479 E metis_v2_JenaHandlerManager_cache: 2025-07-29 14:20:41.538000		9102		local thread match
07-29 14:20:42.539  8327 10479 E metis_v2_JenaHandlerManager_cache: 2025-07-29 14:20:41.538000		9102		local thread match
07-29 14:20:42.539  8327 10479 E metis_v2_JenaHandlerManager_cache: 2025-07-29 14:20:41.538000		9102		local thread match
07-29 14:20:42.539  8327 10479 E metis_v2_JenaHandlerManager_cache: 2025-07-29 14:20:41.538000		9102		local thread match
07-29 14:20:42.539  8327 10479 E metis_v2_JenaHandlerManager_cache: 2025-07-29 14:20:41.538000		9102		local thread match
07-29 14:20:42.539  8327 10479 E metis_v2_JenaHandlerManager_cache: 2025-07-29 14:20:41.538000		9102		local thread match
07-29 14:20:42.539  8327 10479 E metis_v2_JenaHandlerManager_cache: 2025-07-29 14:20:41.538000		9102		local thread match
07-29 14:20:42.539  8327 10479 E metis_v2_JenaHandlerManager_cache: 2025-07-29 14:20:41.538000		9102		local thread match
07-29 14:20:42.539  8327 10479 E metis_v2_JenaHandlerManager_cache: 2025-07-29 14:20:41.538000		9102		local thread match
07-29 14:20:42.539  8327 10479 E metis_v2_JenaHandlerManager_cache: 2025-07-29 14:20:41.538000		9102		local thread match
07-29 14:20:42.539  8327 10479 E metis_v2_JenaHandlerManager_cache: 2025-07-29 14:20:41.538000		9102		local thread match
07-29 14:20:42.539  8327 10479 E metis_v2_JenaHandlerManager_cache: 2025-07-29 14:20:41.538000		9102		local thread match
07-29 14:20:42.539  8327 10479 E metis_v2_JenaHandlerManager_cache: 2025-07-29 14:20:41.538000		9102		local thread match
07-29 14:20:42.539  8327 10479 E metis_v2_JenaHandlerManager_cache: 2025-07-29 14:20:41.538000		9102		local thread match
07-29 14:20:42.539  8327 10479 E metis_v2_JenaHandlerManager_cache: 2025-07-29 14:20:41.538000		9102		local thread match
07-29 14:20:42.539  8327 10479 E metis_v2_JenaHandlerManager_cache: 2025-07-29 14:20:41.538000		9102		local thread match
07-29 14:20:42.539  8327 10479 E metis_v2_JenaHandlerManager_cache: 2025-07-29 14:20:41.538000		9102		local thread match
07-29 14:20:42.539  8327 10479 E metis_v2_JenaHandlerManager_cache: 2025-07-29 14:20:41.538000		9102		local thread match
07-29 14:20:42.539  8327 10479 E metis_v2_JenaHandlerManager_cache: 2025-07-29 14:20:41.538000		9102		local thread match
07-29 14:20:42.539  8327 10479 E metis_v2_JenaHandlerManager_cache: 2025-07-29 14:20:41.538000		9102		local thread match
07-29 14:20:42.540  8327 10479 E metis_v2_JenaHandlerManager_cache: 2025-07-29 14:20:41.538000		9102		local thread match
07-29 14:20:42.540  8327 10479 E metis_v2_JenaHandlerManager_cache: 2025-07-29 14:20:41.538000		9102		local thread match
07-29 14:20:42.540  8327 10479 E metis_v2_JenaHandlerManager_cache: 2025-07-29 14:20:41.538000		9102		local thread match
07-29 14:20:42.540  8327 10479 E metis_v2_JenaHandlerManager_cache: 2025-07-29 14:20:41.538000		9102		local thread match
07-29 14:20:42.540  8327 10479 E metis_v2_JenaHandlerManager_cache: 2025-07-29 14:20:41.538000		9102		local thread match
07-29 14:20:42.540  8327 10479 E metis_v2_JenaHandlerManager_cache: 2025-07-29 14:20:41.538000		9102		local thread match
07-29 14:20:42.540  8327 10479 E metis_v2_JenaHandlerManager_cache: 2025-07-29 14:20:41.538000		9102		local thread match
07-29 14:20:42.540  8327 10479 E metis_v2_JenaHandlerManager_cache: 2025-07-29 14:20:41.538000		9102		local thread match
07-29 14:20:42.540  8327 10479 E metis_v2_JenaHandlerManager_cache: 2025-07-29 14:20:41.538000		9102		local thread match
07-29 14:20:42.540  8327 10479 E metis_v2_JenaHandlerManager_cache: 2025-07-29 14:20:41.538000		9102		local thread match
07-29 14:20:42.540  8327 10479 E metis_v2_JenaHandlerManager_cache: 2025-07-29 14:20:41.538000		9102		local thread match
07-29 14:20:42.540  8327 10479 E metis_v2_JenaHandlerManager_cache: 2025-07-29 14:20:41.538000		9102		local thread match
07-29 14:20:42.540  8327 10479 E metis_v2_JenaHandlerManager_cache: 2025-07-29 14:20:41.538000		9102		local thread match
07-29 14:20:42.540  8327 10479 E metis_v2_JenaHandlerManager_cache: 2025-07-29 14:20:41.538000		9102		local thread match
07-29 14:20:42.540  8327 10479 E metis_v2_JenaHandlerManager_cache: 2025-07-29 14:20:41.538000		9102		local thread match
07-29 14:20:42.540  8327 10479 E metis_v2_JenaHandlerManager_cache: 2025-07-29 14:20:41.538000		9102		local thread match
07-29 14:20:42.540  8327 10479 E metis_v2_JenaHandlerManager_cache: 2025-07-29 14:20:41.538000		9102		local thread match
07-29 14:20:42.540  8327 10479 E metis_v2_JenaHandlerManager_cache: 2025-07-29 14:20:41.538000		9102		local thread match
07-29 14:20:42.540  8327 10479 E metis_v2_JenaHandlerManager_cache: 2025-07-29 14:20:41.538000		9102		local thread match
07-29 14:20:42.540  8327 10479 E metis_v2_JenaHandlerManager_cache: 2025-07-29 14:20:41.538000		9102		local thread match
07-29 14:20:42.540  8327 10479 E metis_v2_JenaHandlerManager_cache: 2025-07-29 14:20:41.538000		9102		local thread match
07-29 14:20:42.540  8327 10479 E metis_v2_JenaHandlerManager_cache: 2025-07-29 14:20:41.538000		9102		local thread match
07-29 14:20:42.540  8327 10479 E ContextAware_SortAlgorithmManager.DtInternalSortImpl_cache: 2025-07-29 14:20:41.538000		10003		targetDtList is invalid
07-29 14:20:42.540  8327 10479 I ContextAware_SortAlgorithmManager.SceneIntentReorderProcessor_cache: 2025-07-29 14:20:41.539000		9077		ruleReordering onDecisionAfterRerank, mIntentList:size: 5 13151001 14111005 14111004 18111007 18111008
07-29 14:20:42.540  8327 10479 W ContextAware_IntentSwitchManager_cache: 2025-07-29 14:20:41.539000		9077		subSwitchMap don't contain application_suggestions, set the switch to true as default
07-29 14:20:42.540  8327 10479 I ContextAware_IntentSwitchManager_cache: 2025-07-29 14:20:41.539000		9077		getSubSwitchStatus = {application_suggestions=true}
07-29 14:20:42.540  8327 10479 I ContextAware_SortAlgorithmManager.ReorderProcessor.RuleReRanker_cache: 2025-07-29 14:20:41.539000		9077		sceneIntentRerank sceneFinalScoreMap:{scene rerank, use defaultScore, finalScore:13151001DYNAMIC_SUBSTITUTE=3.12}
07-29 14:20:42.540  8327 10479 I metis_v2_BreenoSwitchSettingObserver_cache: 2025-07-29 14:20:41.539000		9077		panta-sugg-getMasterSwitchStatus from cache:true
07-29 14:20:42.540  8327 10479 I ContextAware_IntentSwitchManager_cache: 2025-07-29 14:20:41.539000		9077		getSubSwitchStatus = {tips=true}
07-29 14:20:42.540  8327 10479 I ContextAware_IntentSwitchManager_cache: 2025-07-29 14:20:41.539000		9077		isExistInSceneInfoActionList pantanalIntentAction = pantanal.intent.system.VIEW_TIPS
07-29 14:20:42.540  8327 10479 I metis_v2_BreenoSwitchSettingObserver_cache: 2025-07-29 14:20:41.539000		9077		panta-sugg-getMasterSwitchStatus from cache:true
07-29 14:20:42.540  8327 10479 I ContextAware_SortAlgorithmManager.ReorderProcessor.RuleReRanker_cache: 2025-07-29 14:20:41.539000		9077		sceneIntentRerank sceneFinalScoreMap:{scene rerank, use defaultScore, finalScore:14111005SUBSTITUTE_SCENE=2.0}
07-29 14:20:42.540  8327 10479 I ContextAware_IntentSwitchManager_cache: 2025-07-29 14:20:41.539000		9077		getSubSwitchStatus = {clear_memory=true}
07-29 14:20:42.540  8327 10479 I ContextAware_IntentSwitchManager_cache: 2025-07-29 14:20:41.539000		9077		isExistInSceneInfoActionList pantanalIntentAction = pantanal.intent.system.CLEAN_UP_STORAGE
07-29 14:20:42.540  8327 10479 I metis_v2_BreenoSwitchSettingObserver_cache: 2025-07-29 14:20:41.539000		9077		panta-sugg-getMasterSwitchStatus from cache:true
07-29 14:20:42.540  8327 10479 I ContextAware_IntentSwitchManager_cache: 2025-07-29 14:20:41.539000		9077		isExistInSceneInfoActionList pantanalIntentAction = pantanal.intent.audio.SUBSTITUTE_RAM_CLEAN_UP
07-29 14:20:42.540  8327 10479 I metis_v2_BreenoSwitchSettingObserver_cache: 2025-07-29 14:20:41.539000		9077		panta-sugg-getMasterSwitchStatus from cache:true
07-29 14:20:42.540  8327 10479 I ContextAware_IntentSwitchManager_cache: 2025-07-29 14:20:41.539000		9077		isExistInSceneInfoActionList pantanalIntentAction = pantanal.intent.audio.SUBSTITUTE_RAM_CLEAN_UP_PLUS
07-29 14:20:42.540  8327 10479 I metis_v2_BreenoSwitchSettingObserver_cache: 2025-07-29 14:20:41.540000		9077		panta-sugg-getMasterSwitchStatus from cache:true
07-29 14:20:42.540  8327 10479 I ContextAware_SortAlgorithmManager.ReorderProcessor.RuleReRanker_cache: 2025-07-29 14:20:41.540000		9077		sceneIntentRerank sceneFinalScoreMap:{scene rerank, use defaultScore, finalScore:14111004CLEAN_UP_STORAGE_SUBSTITUTE=4.06, scene rerank, use defaultScore, finalScore:18111007CLEAN_UP_SUBSTITUTE=4.05, scene rerank, use defaultScore, finalScore:18111008CLEAN_UP_PLUS_SUBSTITUTE=4.02}
07-29 14:20:42.540  8327 10479 I ContextAware_SortAlgorithmManager.SceneIntentReorderProcessor_cache: 2025-07-29 14:20:41.540000		9077		IntentReorder: scene[210000000]rank mIntentList: size: 1 13151001
07-29 14:20:42.540  8327 10479 I ContextAware_SortAlgorithmManager.SceneIntentReorderProcessor_cache: scene[220500200]rank mIntentList: size: 1 14111005
07-29 14:20:42.540  8327 10479 I ContextAware_SortAlgorithmManager.SceneIntentReorderProcessor_cache: scene[240000000]rank mIntentList: size: 3 14111004 18111007 18111008
07-29 14:20:42.540  8327 10479 W ContextAware_SortAlgorithmManager.SceneUtil_cache: 2025-07-29 14:20:41.540000		9077		Drop invalid scene: 220500200
07-29 14:20:42.541  8327 10479 I ContextAware_SortAlgorithmManager.SceneFocusProcessor_cache: 2025-07-29 14:20:41.540000		9077		scene 210000000 not change or has focus scene or current scene is L3
07-29 14:20:42.541  8327 10479 I ContextAware_SortAlgorithmManager.SceneFocusProcessor_cache: 2025-07-29 14:20:41.540000		9077		scene 240000000 not change or has focus scene or current scene is L3
07-29 14:20:42.541  8327 10479 I metis_v2_TimerTriggerManager_cache: 2025-07-29 14:20:41.540000		9102		panta-sugg-onTriggered, triggerType START, period = Day(secondsOfDay=50400000, durationMillis=7200000, allowExpired=false, weekType=null, setDate=null, ), timer[com.oplus.metis#UBIQUITOUS_SERVICE#meal#REMOVE_INTENT_AFTER_LANUCH_everyDayTriggered_{"allowExpired":false,"allowWhileIdle":false,"duration":7200000,"start":{"c":50400000}}] cache timer holder => TimerHolder(timer=RepeatCalendarTimer(period=Day(secondsOfDay=50400000, durationMillis=7200000, allowExpired=false, weekType=null, setDate=null, ), timeRange=InstantPeriod(startTimeMilli=946702800000, endTimeMilli=7258136400000), flex=0, exact=false, idle=false), trigger=TimerTrigger(triggerType=null, cacheResult=false, cacheResultVersion=0, infModelType=MASTER), customers=[TimerCustomer(firstName=com.oplus.metis#UBIQUITOUS_SERVICE#meal#REMOVE_INTENT_AFTER_LANUCH, lastName=1)])
07-29 14:20:42.541  8327 10479 W metis_v2_KnowledgeManager_cache: 2025-07-29 14:20:41.540000		9102		Fire: isEmergency is false  debugFireMode = false
07-29 14:20:42.541  8327 10479 I ContextAware_DailyStatisticsRecorder_cache: 2025-07-29 14:20:41.540000		9555		Increase context change count: PROCESSOR_SCENE_INTENT_REORDER_cnt, value: 1
07-29 14:20:42.541  8327 10479 W metis_v2_KnowledgeManager_cache: 2025-07-29 14:20:41.540000		9102		Fire: isGameMode or isRestrainFireMode is true,delay time:600000
07-29 14:20:42.541  8327 10479 I ContextAware_DailyStatisticsRecorder_cache: 2025-07-29 14:20:41.540000		9555		Increase context change count: PROCESSOR_SCENE_INTENT_REORDER_ms, value: 4
07-29 14:20:42.541  8327 10479 I ContextAware_SortAlgorithmManager.BatchIntentProcessor_cache: 2025-07-29 14:20:41.540000		9077		onProcess decisionUTraceContext = UTraceContext(traceID=7f0000011753813241540407508327, current=p_8327_bd3834b@67, parent=null, spanType=1, valid=1, tag=null)
07-29 14:20:42.541  8327 10479 I ContextAware_DailyStatisticsRecorder_cache: 2025-07-29 14:20:41.540000		9555		Increase context change count: PROCESSOR_SCENE_FOCUS_cnt, value: 1
07-29 14:20:42.541  8327 10479 E ContextAware_SortAlgorithmManager.BatchIntentProcessor_cache: 2025-07-29 14:20:41.540000		9077		onProcess intentStringList is invalid
07-29 14:20:42.541  8327 10479 I ContextAware_DailyStatisticsRecorder_cache: 2025-07-29 14:20:41.540000		9391		Increase context change count: timer_trigger_count, value: 1
07-29 14:20:42.541  8327 10479 E ContextAware_SortAlgorithmManager.IntentSendProcessor_cache: 2025-07-29 14:20:41.540000		9077		disable direct send intent mode, clear
07-29 14:20:42.541  8327 10479 I ContextAware_DailyStatisticsRecorder_cache: 2025-07-29 14:20:41.540000		9555		Increase context change count: PROCESSOR_SCENE_FOCUS_ms, value: 0
07-29 14:20:42.541  8327 10479 I ContextAware_DailyStatisticsRecorder_cache: 2025-07-29 14:20:41.540000		9391		Increase context change count: PROCESSOR_BATCH_INTENT_cnt, value: 1
07-29 14:20:42.541  8327 10479 I ContextAware_DailyStatisticsRecorder_cache: 2025-07-29 14:20:41.540000		9391		Increase context change count: PROCESSOR_BATCH_INTENT_ms, value: 0
07-29 14:20:42.541  8327 10479 I metis_v2_BreenoSwitchSettingObserver_cache: 2025-07-29 14:20:41.540000		9077		panta-sugg-getMasterSwitchStatus from cache:true
07-29 14:20:42.541  8327 10479 I ContextAware_IntentSwitchManager_cache: 2025-07-29 14:20:41.540000		9077		filterList, not filter, breeno switch on
07-29 14:20:42.541  8327 10479 I ContextAware_SortAlgorithmManager.IntentSendProcessor_cache: 2025-07-29 14:20:41.540000		9077		sendSceneString: [{"combination_strategy":0,"create_time":1735722085016,"expect_scene_cnt":1,"focus_time":0,"force_guaranteed":true,"home_flag":true,"intent_list":[{"action":"pantanal.intent.applicationsuggestions.SUBSTITUTE","add_min_prob":0.4,"add_related_id":0,"algorithm_time_rule":[],"algorithm_version":"","attenuationFunc":-1,"attenuationType":-1,"cannot_reduce_recommend":true,"config_version":202507161101,"contain_service_id":false,"create_time":1753813201023,"default_score":3.12,"delay_click_timestamp":0,"delay_exposure_timestamp":0,"domain":"system_tools","drop_repeat_key":"","drop_repeat_mode":-1,"expire_time":1440000,"final_score":3.12,"force_rebuild_seedling":false,"intent_feedback_type":2,"intent_id":13151001,"intent_instance_id":"null13151001DYNAMIC_SUBSTITUTEnull19661","intent_level":"default","intent_position":1,"intent_src":3,"is_params_send_to_seedling":false,"is_scene_focus":false,"is_support_multi_instance":false,"last_sort_type":0,"last_update_time":1753813201023,"original_update_time":1753813201023,"params_from_user_policy":{"click_args":[],"click_func":-1,"delay_click_args":[],"delay_exposure_args":[],"exposure_args":[],"exposure_func":-1,"time_args":[1440000.0,5.0],"time_func":2},"policy_name":"DYNAMIC_SUBSTITUTE","prob_adj":1.0,"protect_enable":false,"protect_policy":{"delta_duration":3,"end_ratio":10,"event":0,"initial_duration":7,"start_ratio":70,"step_ratio":20},"remove_trigger_value":0.2,"rule_remove_by_algorithm":false,"scene_func":0,"scene_id":210000000,"scene_instance_id":"","seedling_ui_policy":0,"should_focus":false,"show_type":0,"sort_related_id":0,"sortable":true,"status":2,"sub_domain":"application_suggestions"}],"scene_id":210000000,"scene_level":1,"scene_should_focus":false,"score":100.0,"status":2,"update_time":1735722085016,"weight":1},{"combination_strategy":0,"create_time":1735722085016,"expect_scene_cnt":1,"focus_time":0,"force_guaranteed":false,"home_flag":false,"intent_list":[{"action":"pantanal.intent.system.CLEAN_UP_STORAGE","add_min_prob":0.4,"add_related_id":0,"algorithm_time_rule":[],"algorithm_version":"","attenuationFunc":-1,"attenuationType":-1,"cannot_reduce_recommend":false,"config_version":202507161101,"contain_service_id":false,"create_time":1753813201023,"default_score":4.06,"delay_click_timestamp":0,"delay_exposure_timestamp":0,"domain":"system_settings","drop_repeat_key":"","drop_repeat_mode":-1,"expire_time":1440000,"final_score":4.06,"force_rebuild_seedling":false,"intent_feedback_type":2,"intent_id":14111004,"intent_instance_id":"null14111004CLEAN_UP_STORAGE_SUBSTITUTEnull19661","intent_level":"default","intent_position":1,"intent_src":3,"is_params_send_to_seedling":false,"is_scene_focus":false,"is_support_multi_instance":false,"last_sort_type":0,"last_update_time":1753813201023,"original_update_time":1753813201023,"params_from_user_policy":{"click_args":[],"click_func":-1,"delay_click_args":[],"delay_exposure_args":[],"exposure_args":[],"exposure_func":-1,"time_args":[1440000.0,5.0],"time_func":2},"policy_name":"CLEAN_UP_STORAGE_SUBSTITUTE","prob_adj":1.0,"protect_enable":false,"protect_policy":{"delta_duration":3,"end_ratio":10,"event":0,"initial_duration":7,"start_ratio":70,"step_ratio":20},"remove_trigger_value":0.2,"rule_remove_by_algorithm":false,"scene_func":0,"scene_id":240000000,"scene_instance_id":"","seedling_ui_policy":0,"should_focus":false,"show_type":0,"sort_related_id":0,"sortable":true,"status":2,"sub_domain":"clear_memory"},{"action":"pantanal.intent.audio.SUBSTITUTE_RAM_CLEAN_UP","add_min_prob":0.4,"add_related_id":0,"algorithm_time_rule":[],"algorithm_version":"","attenuationFunc":-1,"attenuationType":-1,"cannot_reduce_recommend":false,"config_version":202507161101,"contain_service_id":false,"create_time":1753813201023,"default_score":4.05,"delay_click_timestamp":0,"delay_exposure_timestamp":0,"domain":"system_settings","drop_repeat_key":"","drop_repeat_mode":-1,"expire_time":1440000,"final_score":4.05,"force_rebuild_
07-29 14:20:42.541  8327 10479 I metis_v2_BreenoSwitchSettingObserver_cache: 2025-07-29 14:20:41.540000		9077		panta-sugg-getMasterSwitchStatus from cache:true
07-29 14:20:42.541  8327 10479 I ContextAware_IntentSwitchManager_cache: 2025-07-29 14:20:41.540000		9077		filterList, not filter, breeno switch on
07-29 14:20:42.541  8327 10479 I metis_v2_BreenoSwitchSettingObserver_cache: 2025-07-29 14:20:41.540000		9077		panta-sugg-getMasterSwitchStatus from cache:true
07-29 14:20:42.541  8327 10479 I ContextAware_SortAlgorithmManager.IntentSendProcessor_cache: 2025-07-29 14:20:41.542000		9077		sendIntentMessage skip, the same list:[{"action":"pantanal.intent.tips.PHONE_MOVING_TIPS_RECOMMEND","add_min_prob":0.4,"add_related_id":0,"algorithm_time_rule":[],"algorithm_version":"","attenuationFunc":-1,"attenuationType":-1,"cannot_reduce_recommend":false,"config_version":202507161101,"contain_service_id":false,"create_time":1750391661260,"decision_history_list":[],"default_score":4.1,"delay_click_timestamp":0,"delay_exposure_timestamp":0,"deleteKey":"pantanal.intent.tips.PHONE_MOVING_TIPS_RECOMMEND","domain":"system_settings","drop_repeat_key":"","drop_repeat_key_list":[],"drop_repeat_mode":-1,"dynamic_life_policy":{"delay_remove_timestamp":0,"max_click_times":0,"max_expose_times":0},"expire_time":10518960,"final_score":4.1,"force_rebuild_seedling":false,"intent_feedback_type":2,"intent_id":28111201,"intent_instance_id":"null28111201PHONE_MOVING_TIPS_RECOMMENDnull458391","intent_level":"","intent_position":0,"intent_src":0,"intent_trace_context":"{\"traceID\":\"7f0000011753813200404406708327\",\"current\":\"{\\\"spanID\\\":\\\"p_8327_bd3834b\\\",\\\"sequence\\\":51}\",\"parent\":\"{\\\"spanID\\\":\\\"p_8327_bd3834b\\\",\\\"sequence\\\":44}\",\"spanType\":2,\"valid\":1}","is_params_send_to_seedling":false,"is_scene_focus":false,"is_support_multi_instance":false,"last_sort_type":0,"last_update_time":1753746019678,"original_update_time":1753746019678,"params_from_user_policy":{"click_args":[3.0],"click_func":1,"delay_click_args":[],"delay_exposure_args":[],"exposure_args":[20.0,5.0],"exposure_func":2,"time_args":[1.051896E7,5.0],"time_func":2},"policy_name":"PHONE_MOVING_TIPS_RECOMMEND","prob_adj":1.0,"protect_enable":true,"protect_policy":{"delta_duration":3,"end_ratio":10,"event":0,"initial_duration":7,"start_ratio":70,"step_ratio":20},"recommend_service_list":[],"remove_trigger_value":0.2,"rule_remove_by_algorithm":false,"scene_func":0,"scene_instance_id":"","seedling_ui_policy":0,"service_id":"","service_list":[],"should_focus":false,"show_type":1,"sort_related_id":0,"sortable":true,"status":0,"sub_domain":"tips"},{"action":"pantanal.intent.applicationsuggestions.SUBSTITUTE","add_min_prob":0.4,"add_related_id":0,"algorithm_time_rule":[],"algorithm_version":"","attenuationFunc":-1,"attenuationType":-1,"cannot_reduce_recommend":false,"config_version":202507161101,"contain_service_id":false,"create_time":1752679362025,"decision_history_list":[],"default_score":3.12,"delay_click_timestamp":0,"delay_exposure_timestamp":0,"domain":"system_tools","drop_repeat_key":"","drop_repeat_key_list":[],"drop_repeat_mode":-1,"expire_time":144000,"final_score":3.12,"force_rebuild_seedling":false,"intent_feedback_type":2,"intent_id":13151001,"intent_instance_id":"null13151001DYNAMIC_SUBSTITUTEnull457310","intent_level":"default","intent_position":0,"intent_src":0,"intent_trace_context":"{\"traceID\":\"7f0000011753813200410406808327\",\"current\":\"{\\\"spanID\\\":\\\"p_8327_bd3834b\\\",\\\"sequence\\\":52}\",\"parent\":\"{\\\"spanID\\\":\\\"p_8327_bd3834b\\\",\\\"sequence\\\":45}\",\"spanType\":2,\"valid\":1}","is_params_send_to_seedling":false,"is_scene_focus":false,"is_support_multi_instance":false,"last_sort_type":0,"last_update_time":1753746018596,"original_update_time":1753746018596,"params_from_user_policy":{"click_args":[],"click_func":-1,"delay_click_args":[],"delay_exposure_args":[],"exposure_args":[],"exposure_func":-1,"time_args":[144000.0,5.0],"time_func":2},"policy_name":"DYNAMIC_SUBSTITUTE","prob_adj":1.0,"protect_enable":false,"protect_policy":{"delta_duration":3,"end_ratio":10,"event":0,"initial_duration":7,"start_ratio":70,"step_ratio":20},"recommend_service_list":[],"remove_trigger_value":0.2,"rule_remove_by_algorithm":false,"scene_func":0,"scene_instance_id":"","seedling_ui_policy":0,"service_id":"536877097","service_id_from":1,"service_list":[],"should_focus":false,"show_type":0,"sort_related_id":0,"sortable":true,"status":0,"sub_domain":"application_suggestions"},{"action":"pantanal.intent.we
07-29 14:20:42.541  8327 10479 I ContextAware_SortAlgorithmManager.IntentSendProcessor_cache: 2025-07-29 14:20:41.542000		9077		sendIntentMessage skip, the same list:
07-29 14:20:42.541  8327 10479 E ContextAware_SortAlgorithmManager.IntentSendProcessor_cache: 2025-07-29 14:20:41.542000		9077		sendIntentMessage: skip
07-29 14:20:42.541  8327 10479 I ContextAware_DailyStatisticsRecorder_cache: 2025-07-29 14:20:41.542000		9555		Increase context change count: PROCESSOR_SEND_cnt, value: 1
07-29 14:20:42.541  8327 10479 I ContextAware_DailyStatisticsRecorder_cache: 2025-07-29 14:20:41.542000		9555		Increase context change count: PROCESSOR_SEND_ms, value: 2
07-29 14:20:42.541  8327 10479 D LogCacheHelper: stop log task
