07-28 17:42:14.310  7141  7141 I OsAgent : onReceive: android.net.wifi.action.WIFI_SCAN_AVAILABILITY_CHANGED
07-28 17:42:14.310  3405  4627 D OplusWifiPower_ConnLpmEventObsever: onReceive EXTRA_SCAN_AVAILABLE availabe = true
07-28 17:42:14.310  3405  4627 D OplusWifiPowerService: onReceive action:android.net.wifi.action.WIFI_SCAN_AVAILABILITY_CHANGED
07-28 17:42:14.310  3405  4627 D OplusWifiSwitchStateMonitor: scan settings change to true
07-28 17:42:14.310  6410  6410 I wpa_supplicant: p2p0: CTRL-EVENT-REGDOM-CHANGE init=DRIVER type=COUNTRY alpha2=US
07-28 17:42:14.310  5190  5190 D VendorCallService: notityEventUpdate, eventId:6030, slotId = 0
07-28 17:42:14.310  4994  4994 D DeviceStatisticsService: onReceive: action= org.codeaurora.intent.action.RADIO_POWER_STATE
07-28 17:42:14.310  4994  4994 I DeviceStatisticsService: Receiving radio_power_state_changed, mIsDeviceInfoInitialized = true
07-28 17:42:14.310  4994  4994 I DeviceStatisticsService: radio power state changed to 1 for slot: 1
07-28 17:42:14.310  7141  8124 I OsAgent : updateWiFiScanAvailState, scanAvailable: true
07-28 17:42:14.312  3405  5885 W BestClock: java.time.DateTimeException: Missing network time fix
07-28 17:42:14.313  1816  3773 W LOCRIL_SESSION: operator():307] cellInfo list size is 0, Voice state: 3, data state: 3
07-28 17:42:14.313  4942  4942 D ServiceStateProvider: subId=1
07-28 17:42:14.313  4880  5301 I SystemUi--QuickSettings: Tile.OplusCellularTile-->updateCarrierText: dialog not showing, ignore
07-28 17:42:14.314  4880  5301 D SimStateHelper: slot:0, lock state:Bundle[mParcelledData.dataSize=56]
07-28 17:42:14.314  4880  5301 D SimStateHelper: slot:1, lock state:Bundle[mParcelledData.dataSize=56]
07-28 17:42:14.314  4880  5301 D SimStateHelper: needDisableMenu: slot1State=-1; slot2State=-1
07-28 17:42:14.314  4880  5301 D SimStateHelper: needDisableMenu:false
07-28 17:42:14.315  3405  4666 V SettingsProvider: deleteSystemSetting(OPLUS_SLA_LAST_MCC, 0)
07-28 17:42:14.315  3405  4666 D SettingsProvider: delete system settings OPLUS_****_MCC pkg is  android user id is 0
07-28 17:42:14.315  3405  5885 W BestClock: java.time.DateTimeException: Missing network time fix
07-28 17:42:14.315  4880  5691 V OplusCustomizeCacheManager: queryCache name: sys.cache.common_customize_cache18014 param: null
07-28 17:42:14.316  4880  5691 V OplusCustomizeCacheManager: queryCache name: sys.cache.common_customize_cache18017 param: Bundle[{SETTING=BLOCK, BUSINESS=NCT-DATA}]
07-28 17:42:14.316  4880  5691 V OplusCustomizeCacheManager: queryCache name: sys.cache.common_customize_cache18013 param: null
07-28 17:42:14.316  5098  5098 I QImsService: OplusPhoneStateTracker : onServiceStateChanged
07-28 17:42:14.316  5098  5098 I QImsService: OplusPhoneStateTracker : onServiceStateChanged
07-28 17:42:14.316  5000  5994 D T-Recommend: onPreHandleMessage 1000
07-28 17:42:14.316  3405  4666 W OplusSlaManager: updateMCC curMCC empty!
07-28 17:42:14.316  5190  6227 D EfsNvDumpUnit[0]: onServiceStateChanged: voice reg state: OUT_OF_SERVICE data reg state: OUT_OF_SERVICE
07-28 17:42:14.316  5190  6227 D cellularState[0]: handleMessage: E msg.what=4
07-28 17:42:14.316  5190  6227 D cellularState[0]: processMsg: DataCallingState
07-28 17:42:14.316  5190  6227 D cellularState[0]: processMsg: NetworkAttachedState
07-28 17:42:14.316  5190  6227 D cellularState[0]: processMsg: SimReadyState
07-28 17:42:14.316  5190  6227 D cellularState[0]: processMsg: DefaultState
07-28 17:42:14.316  5000  5994 E CellularEvent: nri null ps
07-28 17:42:14.316  5190  6227 E cellularState[0]:  - unhandledMessage: msg.what=4
07-28 17:42:14.316  5190  6227 D cellularState[0]: handleMessage: X
07-28 17:42:14.317  5000  5994 E CellularEvent: invalid nri
07-28 17:42:14.317  5000  5994 D T-Recommend: onPostHandleMessage 1000
07-28 17:42:14.317  5000  6028 D OplusSubWaySlowRecovery: getPreferSubId return 1
07-28 17:42:14.317  3405  5309 W ContextImpl: Calling a method in the system process without a qualified user: android.app.ContextImpl.sendBroadcastMultiplePermissions:1311 android.content.Context.sendBroadcastMultiplePermissions:2524 com.android.server.TelephonyRegistry.broadcastServiceStateChanged:3740 com.android.server.TelephonyRegistry.notifyServiceStateForPhoneId:1787 com.android.internal.telephony.ITelephonyRegistry$Stub.onTransact:546 
07-28 17:42:14.317  5000  6028 D OplusScanQrCodeRecoveryImpl: msg.what=3
07-28 17:42:14.317  4994  4994 D DeviceInfoAidlClient: onRadioPowerStateChanged
07-28 17:42:14.318  4994  4994 D DeviceInfoAidlClient: mRadioStateHdlr handleMessage()1
07-28 17:42:14.318  4994  4994 D DeviceInfoAidlClient: isRadioOn()=true
07-28 17:42:14.318  4994  4994 I DeviceInfoAidlClient: sendFeaturesSupported: power info support-true interactive state support-true
07-28 17:42:14.318  5000  6013 D OplusLinkBoostCommon: dds servicestate change
07-28 17:42:14.318  3405  5309 W ContextImpl: Calling a method in the system process without a qualified user: android.app.ContextImpl.sendBroadcastMultiplePermissions:1344 com.android.server.TelephonyRegistry.broadcastServiceStateChanged:3745 com.android.server.TelephonyRegistry.notifyServiceStateForPhoneId:1787 com.android.internal.telephony.ITelephonyRegistry$Stub.onTransact:546 android.os.Binder.execTransactInternal:1523 
07-28 17:42:14.318  5000  6023 D NAS-CallIssueDetector: onServiceStateChanged
07-28 17:42:14.318  5000  6023 D OplusCiwlanController: [vodata] processServiceStateChanged  phoneid = 0, original roaming type = -1,roaming type = 0
07-28 17:42:14.318  5000  6028 D SaDataFailRecovery/0: current is not in service,reset alarm
07-28 17:42:14.318  5000  6023 D OplusCiwlanController: [vodata] processServiceStateChanged  phoneid = 1, original roaming type = -1,roaming type = 0
07-28 17:42:14.319  5190  5190 D SubsysEventListenerManager-SubsysTelephonyCallback[0]: onServiceStateChanged
07-28 17:42:14.319  3405  5309 W ContextImpl: Calling a method in the system process without a qualified user: android.app.ContextImpl.sendBroadcastMultiplePermissions:1344 com.android.server.TelephonyRegistry.broadcastServiceStateChanged:3754 com.android.server.TelephonyRegistry.notifyServiceStateForPhoneId:1787 com.android.internal.telephony.ITelephonyRegistry$Stub.onTransact:546 android.os.Binder.execTransactInternal:1523 
07-28 17:42:14.319  5190  5190 D ChinaRoamingControl: registTelephonyEvent onServiceStateChanged eventId:5, VoiceRegState:1, DataRegState:1
07-28 17:42:14.319  5190  5190 D QuickChangeAirplaneModeEvent: onServiceStateChanged slotId:0
07-28 17:42:14.319  5190  5190 D QuickChangeAirplaneModeEvent: isBothCardInService is false
07-28 17:42:14.319  5190  5190 D MsimSubModeManager: registTelephonyEvent onServiceStateChanged eventId:3, VoiceRegState:1, DataRegState:1
07-28 17:42:14.319  5190  5190 E ExtremeCommUtils: getSwitchRusSupportMcc invalid index 1
07-28 17:42:14.319  5190  5190 D ExtremeCommUtils: isSupporCheck rusContain:false,propContain(persist.sys.oplus.support_hyper_uplink_mcc):false
07-28 17:42:14.319  5190  5190 D ExtremeCommService: handleServiceStateChanged mcc is null
07-28 17:42:14.319  5190  5190 D SubsysEventListenerManager-SubsysTelephonyCallback[0]: onRadioPowerStateChanged state:1
07-28 17:42:14.319  5190  5190 D ChinaRoamingControl: handleMessage what:5
07-28 17:42:14.319  5190  5190 D MsimSubModeManager: handleMessage what:3
07-28 17:42:14.319  5190  5190 D MsimSubModeManager: getMsimSimServiceIn() i:0,mServiceState:1
07-28 17:42:14.319  4880  5337 I SystemUi--Statusbar: MobileConnectionRepositoryImpl-->subId:1 isSoftSimCard:false slotId:0
07-28 17:42:14.319  5190  5190 D MsimSubModeManager: getMsimSimServiceIn() i:1,mServiceState:1
07-28 17:42:14.319  3405  5309 W ContextImpl: Calling a method in the system process without a qualified user: android.app.ContextImpl.sendBroadcastMultiplePermissions:1344 com.android.server.TelephonyRegistry.broadcastServiceStateChanged:3760 com.android.server.TelephonyRegistry.notifyServiceStateForPhoneId:1787 com.android.internal.telephony.ITelephonyRegistry$Stub.onTransact:546 android.os.Binder.execTransactInternal:1523 
07-28 17:42:14.320  3405  3615 D LocationManagerService: passive provider added registration from 1000/android[CountryDetector]/8092D09F -> Request[PASSIVE, minUpdateInterval=0, WorkSource{1000 android}] permissionLevel: 2 permitted: true
07-28 17:42:14.320  4994  5102 I DeviceInfoAidlClient: onPowerInfoReportingChanged - reporting enabled true [15, 20, 30, 50, 80]
07-28 17:42:14.320  4994  5102 D DeviceInfoAidlClient: isRadioOn()=true
07-28 17:42:14.320  4994  5102 I DeviceInfoAidlClient: isPowerInfoNeverSent=true batteryLevel=64 batteryLevelIndex=4 chargingMode=2 totalCapacity=5096800 powerSaveMode=false
07-28 17:42:14.320  4994  5102 I DeviceInfoAidlClient: onDeviceInfoReportingChanged - reporting enabled true
07-28 17:42:14.321  4994  5102 D DeviceInfoAidlClient: getDeviceInfoSupportStatus()=1
07-28 17:42:14.321  4994  5102 D DeviceInfoAidlClient: isRadioOn()=true
07-28 17:42:14.321  4994  5102 I DeviceInfoAidlClient: deviceState=2
07-28 17:42:14.322  4994  4994 D DeviceStatisticsService: onReceive: action= org.codeaurora.intent.action.RADIO_POWER_STATE
07-28 17:42:14.322  4994  4994 I DeviceStatisticsService: Receiving radio_power_state_changed, mIsDeviceInfoInitialized = true
07-28 17:42:14.322  4994  4994 I DeviceStatisticsService: radio power state changed to 1 for slot: 0
07-28 17:42:14.322  3405  6767 W BestClock: java.time.DateTimeException: Missing network time fix
07-28 17:42:14.322  4994  4994 D DeviceInfoAidlClient: isRadioOn()=true
07-28 17:42:14.322  4994  4994 I DeviceInfoAidlClient: sendFeaturesSupported: power info support-true interactive state support-true
07-28 17:42:14.324  4994  5102 I DeviceInfoAidlClient: onPowerInfoReportingChanged - reporting enabled true [15, 20, 30, 50, 80]
07-28 17:42:14.324  4994  5102 D DeviceInfoAidlClient: isRadioOn()=true
07-28 17:42:14.323  5888  5888 D CellBroadcastReceiver: onReceive Intent { act=android.intent.action.SERVICE_STATE flg=0x1000010 cmp=com.android.cellbroadcastreceiver.module/com.android.cellbroadcastreceiver.CellBroadcastReceiver (has extras) }
07-28 17:42:14.324  5888  5888 D CellBroadcastReceiver: onServiceStateChanged, ss: 1
07-28 17:42:14.324  4994  5102 I DeviceInfoAidlClient: isPowerInfoNeverSent=false batteryLevel=64 batteryLevelIndex=4 chargingMode=2 totalCapacity=5096800 powerSaveMode=false
07-28 17:42:14.324  4994  5102 I DeviceInfoAidlClient: onDeviceInfoReportingChanged - reporting enabled true
07-28 17:42:14.324  4994  5102 D DeviceInfoAidlClient: getDeviceInfoSupportStatus()=1
07-28 17:42:14.325  4994  5102 D DeviceInfoAidlClient: isRadioOn()=true
07-28 17:42:14.325  4994  5102 I DeviceInfoAidlClient: deviceState=2
07-28 17:42:14.325  5127  6234 D IWlanJni: getDataRegistrationState start
07-28 17:42:14.325  5888  5888 D CellBroadcastReceiver: networkOperator: 
07-28 17:42:14.325  3405  4209 W BestClock: java.time.DateTimeException: Missing network time fix
07-28 17:42:14.325  5127  6249 D IWlanJni: new aidl event arrived
07-28 17:42:14.325  5127  6249 D IWlanJni: handleEvent 10
07-28 17:42:14.325  5127  6249 D IWlanJni: isThreadAttached start
07-28 17:42:14.325  5127  6249 D IWlanJni: jni detached
07-28 17:42:14.325  5127  6249 D IWlanJni: jni attached
07-28 17:42:14.325  5127  6249 D IWlanJni: getDataRegistrationStateResponse start
07-28 17:42:14.325  5127  6249 D IWlanJni: getJavaCallbackClass start
07-28 17:42:14.325  5127  6249 D IWlanJni: getJavaCallbackClass End midIs[1]
07-28 17:42:14.325  5127  6249 I IWlanAidlClient: getDataRegistrationStateResponse called
07-28 17:42:14.325  5127  6248 W IWlanNetworkService: 11 > Response Processed
07-28 17:42:14.326  5888  5888 D CellBroadcastReceiver: mockmodem is running? = false
07-28 17:42:14.326  5888  5888 D CellBroadcastReceiver: Start Cell Broadcast configuration for intent=ACTION_ENABLE_CHANNELS
07-28 17:42:14.326  4880  5691 V OplusCustomizeCacheManager: queryCache name: sys.cache.common_customize_cache18014 param: null
07-28 17:42:14.326  4880  5691 V OplusCustomizeCacheManager: queryCache name: sys.cache.common_customize_cache18017 param: Bundle[{SETTING=BLOCK, BUSINESS=NCT-DATA}]
07-28 17:42:14.326  4880  5691 V OplusCustomizeCacheManager: queryCache name: sys.cache.common_customize_cache18013 param: null
07-28 17:42:14.328  5888 13032 D CellBroadcastConfigService: Enable CellBroadcast on sub 1
07-28 17:42:14.329  3405  6767 W BestClock: java.time.DateTimeException: Missing network time fix
07-28 17:42:14.329  4942  4942 V OplusCustomizeCacheManager: queryCache name: sys.cache.common_customize_cache18016 param: null
07-28 17:42:14.329  4942  4942 V OplusCustomizeCacheManager: queryCache name: sys.cache.common_customize_cache18013 param: null
07-28 17:42:14.329  4942  4942 V OplusCustomizeCacheManager: queryCache name: sys.cache.common_customize_cache18014 param: null
07-28 17:42:14.329  4942  4942 V OplusCustomizeCacheManager: queryCache name: sys.cache.common_customize_cache18017 param: Bundle[{SETTING=BLOCK, BUSINESS=NCT-DATA}]
07-28 17:42:14.330  3405  5309 W BestClock: java.time.DateTimeException: Missing network time fix
07-28 17:42:14.330  4942  4942 V OplusCustomizeCacheManager: queryCache name: sys.cache.common_customize_cache18016 param: null
07-28 17:42:14.330  4942  4942 V OplusCustomizeCacheManager: queryCache name: sys.cache.common_customize_cache18013 param: null
07-28 17:42:14.330  4942  4942 V OplusCustomizeCacheManager: queryCache name: sys.cache.common_customize_cache18014 param: null
07-28 17:42:14.330  4942  4942 V OplusCustomizeCacheManager: queryCache name: sys.cache.common_customize_cache18017 param: Bundle[{SETTING=BLOCK, BUSINESS=NCT-DATA}]
07-28 17:42:14.331  4880  5691 V OplusCustomizeCacheManager: queryCache name: sys.cache.common_customize_cache18014 param: null
07-28 17:42:14.331  4880  5691 V OplusCustomizeCacheManager: queryCache name: sys.cache.common_customize_cache18017 param: Bundle[{SETTING=BLOCK, BUSINESS=NCT-DATA}]
07-28 17:42:14.331  4880  5691 V OplusCustomizeCacheManager: queryCache name: sys.cache.common_customize_cache18013 param: null
07-28 17:42:14.331  4942  5934 D CellBroadcastConfigTracker-0: Failed to set cdma config
07-28 17:42:14.332  5888  5901 E CellBroadcastConfigService: fails to setCellBroadcastRanges, result = 2
07-28 17:42:14.332  4994  4994 D QcrilMsgTunnelIfaceManager: handleMessage what = 1
07-28 17:42:14.332  4994  4994 I QcrilOemhookMsgTunnel: [0]invokeOemRilRequestRaw: serial=1007 length=16
07-28 17:42:14.332  4994  5019 I QtiOemHookAidl: oemHookRawResponse: serial no: 1007 error: 0length=1
07-28 17:42:14.332  4994  4994 D QcrilMsgTunnelIfaceManager: handleMessage what = 2
07-28 17:42:14.333  4942  5367 D QC_RIL_OEM_HOOK: sendOemRilRequestRaw returns value = 1
07-28 17:42:14.333  5051  9484 D txpwrJni: new aidl event arrived
07-28 17:42:14.333  5051  9484 D txpwrJni: handleEvent 1
07-28 17:42:14.333  5051  9484 D txpwrJni: isThreadAttached start
07-28 17:42:14.333  5051  9484 D txpwrJni: jni detached
07-28 17:42:14.333  5051  9484 D txpwrJni: jni attached
07-28 17:42:14.333  5051  9484 D txpwrJni: getRadioStatus start
07-28 17:42:14.333  5051  9484 D txpwrJni: getJavaCallbackClass start
07-28 17:42:14.333  5051  9484 D txpwrJni: getJavaCallbackClass End midIs[1]
07-28 17:42:14.333  5051  9484 D txpwrJni: handleEvent 1
07-28 17:42:14.333  5051  9484 D txpwrJni: isThreadAttached start
07-28 17:42:14.333  5051  9484 D txpwrJni: jni detached
07-28 17:42:14.333  5051  9484 D txpwrJni: jni attached
07-28 17:42:14.333  5051  9484 D txpwrJni: getRadioStatus start
07-28 17:42:14.333  5051  9484 D txpwrJni: getJavaCallbackClass start
07-28 17:42:14.333  5051  9484 D txpwrJni: getJavaCallbackClass End midIs[1]
07-28 17:42:14.333  5051  8441 D txpwrJni: sendRadioStatus start
07-28 17:42:14.333  5051  9484 D txpwrJni: new aidl event arrived
07-28 17:42:14.333  5051  8441 D txpwrJni: sendRadioStatus start
07-28 17:42:14.334  4942  4942 D OplusPowerUpOptimizationImpl: onReceive: org.codeaurora.intent.action.RADIO_POWER_STATE
07-28 17:42:14.334  5127  6234 D IWlanJni: getDataRegistrationState start
07-28 17:42:14.334  3405  6767 W BestClock: java.time.DateTimeException: Missing network time fix
07-28 17:42:14.334  4942  5488 D OplusPowerUpOptimizationImpl: handleMessage what = 6
07-28 17:42:14.334  4942  5488 D OplusPowerUpOptimizationImpl: radio is available for slot: 1
07-28 17:42:14.334  4942  5488 D OplusPowerUpOptimizationImpl: trySendPhoneReady for slot: 1
07-28 17:42:14.334  4942  5488 D OplusPowerUpOptimizationImpl: Not sending ATEL ready: States: [1: {true, true, true, true}]
07-28 17:42:14.335  5127  6254 D IWlanJni: new aidl event arrived
07-28 17:42:14.335  5127  6254 D IWlanJni: handleEvent 10
07-28 17:42:14.335  5127  6254 D IWlanJni: isThreadAttached start
07-28 17:42:14.335  5127  6254 D IWlanJni: jni detached
07-28 17:42:14.335  5127  6254 D IWlanJni: jni attached
07-28 17:42:14.335  5127  6254 D IWlanJni: getDataRegistrationStateResponse start
07-28 17:42:14.335  5127  6254 D IWlanJni: getJavaCallbackClass start
07-28 17:42:14.335  5127  6254 D IWlanJni: getJavaCallbackClass End midIs[1]
07-28 17:42:14.335  5127  6254 I IWlanAidlClient: getDataRegistrationStateResponse called
07-28 17:42:14.335  5127  6253 W IWlanNetworkService: 12 > Response Processed
07-28 17:42:14.335  3405  6767 W BestClock: java.time.DateTimeException: Missing network time fix
07-28 17:42:14.336  4942  4942 D CiWlanNotificationReceiver: ACTION_RADIO_POWER_STATE_CHANGED
07-28 17:42:14.336  4880  5691 V OplusCustomizeCacheManager: queryCache name: sys.cache.common_customize_cache18014 param: null
07-28 17:42:14.336  4880  5691 V OplusCustomizeCacheManager: queryCache name: sys.cache.common_customize_cache18017 param: Bundle[{SETTING=BLOCK, BUSINESS=NCT-DATA}]
07-28 17:42:14.336  4880  5691 V OplusCustomizeCacheManager: queryCache name: sys.cache.common_customize_cache18013 param: null
07-28 17:42:14.336  5127  6234 D IWlanJni: getDataRegistrationState start
07-28 17:42:14.337  5127  6249 D IWlanJni: new aidl event arrived
07-28 17:42:14.337  5127  6249 D IWlanJni: handleEvent 10
07-28 17:42:14.337  5127  6249 D IWlanJni: isThreadAttached start
07-28 17:42:14.337  5127  6249 D IWlanJni: jni detached
07-28 17:42:14.337  5127  6249 D IWlanJni: jni attached
07-28 17:42:14.337  5127  6249 D IWlanJni: getDataRegistrationStateResponse start
07-28 17:42:14.337  5127  6249 D IWlanJni: getJavaCallbackClass start
07-28 17:42:14.337  5127  6249 D IWlanJni: getJavaCallbackClass End midIs[1]
07-28 17:42:14.337  5127  6249 I IWlanAidlClient: getDataRegistrationStateResponse called
07-28 17:42:14.338  4880  4880 I KeyguardUpdateMonitor: action=android.intent.action.SERVICE_STATE subId=1 slotId=0
07-28 17:42:14.338  4880  5301 I SystemUi--QuickSettings: Tile.OplusCellularTile-->updateCarrierText: dialog not showing, ignore
07-28 17:42:14.338  4880  5301 D SimStateHelper: slot:0, lock state:Bundle[mParcelledData.dataSize=56]
07-28 17:42:14.338  5127  6248 W IWlanNetworkService: 13 > Response Processed
07-28 17:42:14.338  4880  5301 D SimStateHelper: slot:1, lock state:Bundle[mParcelledData.dataSize=56]
07-28 17:42:14.338  4880  5301 D SimStateHelper: needDisableMenu: slot1State=-1; slot2State=-1
07-28 17:42:14.338  4880  5301 D SimStateHelper: needDisableMenu:false
07-28 17:42:14.339  4942  4942 I Telephony: y0: onServiceStateChanged: newState=1, mServiceState=3
07-28 17:42:14.339  4942  4942 I Telephony: isRttCurrentlySupported -- regular acct, hasVoiceAvailability: false
07-28 17:42:14.339  4942  4942 I Telephony:  isRttSupported: false
07-28 17:42:14.339  4942  4942 I Telephony:  isUserRttSettingOn: false
07-28 17:42:14.339  4942  4942 I Telephony:  alwaysAllowWhileRoaming: false
07-28 17:42:14.339  4942  4942 I Telephony:  isRoaming: false
07-28 17:42:14.339  4942  4942 I Telephony:  isOnWfc: false
07-28 17:42:14.339  3405  4508 D WifiNative: onSetCountryCodeSucceeded: US
07-28 17:42:14.339  3405  4508 I WifiCountryCode: Receive onSetCountryCodeSucceeded US
07-28 17:42:14.340  3405  4508 I WifiNl80211Manager: Receive country code change to US
07-28 17:42:14.340  2710  2710 I wificond: Receive notifyCountryCodeChanged
07-28 17:42:14.340  2710  2710 I wificond: UpdateBandInfo
07-28 17:42:14.340  3405  4508 D WifiScanRequestProxy: Sending scan available broadcast: true
07-28 17:42:14.340  5190  5190 D SubsysEventListenerManager-SubsysTelephonyCallback[0]: onSignalStrengthsChanged
07-28 17:42:14.340  3405  4513 I WifiScanningService: Received a request to enable scanning, UID = 1000
07-28 17:42:14.340  3405  4508 I WifiScanRequestProxy: Scanning is enabled
07-28 17:42:14.340  3405  4508 I WifiScanRequestProxy: Scanning for hidden networks is disabled
07-28 17:42:14.340  3405  4513 I WifiScanningService: scanner impls already exists
07-28 17:42:14.340  3405  4513 E WifiScanningService: wifi driver loaded received while already loaded
07-28 17:42:14.340  2710  2710 I wificond: 2.4Ghz frequencies: 2412 2417 2422 2427 2432 2437 2442 2447 2452 2457 2462
07-28 17:42:14.340  2710  2710 I wificond: 5Ghz non-DFS frequencies: 5180 5200 5220 5240 5745 5765 5785 5805 5825
07-28 17:42:14.340  2710  2710 I wificond: 5Ghz DFS frequencies: 5260 5280 5300 5320 5500 5520 5540 5560 5580 5600 5620 5640 5660 5680 5700
07-28 17:42:14.340  2710  2710 I wificond: 6Ghz frequencies:
07-28 17:42:14.340  2710  2710 I wificond: 60Ghz frequencies:
07-28 17:42:14.341  3405  3405 D OplusWifiBroadCastDispatcher: mBroadcastReceiver: onReceiver  action=android.net.wifi.action.WIFI_SCAN_AVAILABILITY_CHANGED
07-28 17:42:14.341  7141  7141 I OsAgent : onReceive: android.net.wifi.action.WIFI_SCAN_AVAILABILITY_CHANGED
07-28 17:42:14.341  3405  4508 D WakeupController: start()
07-28 17:42:14.341  3405  4627 D OplusWifiPower_ConnLpmEventObsever: onReceive EXTRA_SCAN_AVAILABLE availabe = true
07-28 17:42:14.341  3405  4627 D OplusWifiPowerService: onReceive action:android.net.wifi.action.WIFI_SCAN_AVAILABILITY_CHANGED
07-28 17:42:14.341  3405  4627 D OplusWifiSwitchStateMonitor: scan settings change to true
07-28 17:42:14.341  7141  8124 I OsAgent : updateWiFiScanAvailState, scanAvailable: true
07-28 17:42:14.341  3405  4600 D CmccSliceManagerService: ACTION_DDS_SWITCH_DONE
07-28 17:42:14.341  3405  4508 E WifiStaIfaceAidlImpl: setScanMode failed with service-specific exception: android.os.ServiceSpecificException:  (code 4)
07-28 17:42:14.342  4880  4880 I KeyguardUpdateMonitor: refreshSimState, changed:false,subId:1,slotId:0,state:5
07-28 17:42:14.342  5127  5127 D QCNEJ/WwanInfoRelay: onActiveSubscriptionsChanged activeCurrDDSId: 1 new DDS 1
07-28 17:42:14.342  5000  5994 D CellularEvent: onActiveDataSubscriptionIdChanged sub id:1
07-28 17:42:14.342  3405  4508 I WifiService: Receive onDriverCountryCodeChanged to US, update available channel list
07-28 17:42:14.342  4880  5301 I SystemUi--QuickSettings: Tile.OplusCellularTile-->updateCarrierText: dialog not showing, ignore
07-28 17:42:14.342  4942  4942 D OplusPowerUpOptimizationImpl: onReceive: org.codeaurora.intent.action.RADIO_POWER_STATE
07-28 17:42:14.342  3405  4600 D CmccSliceManagerService: cleanUpAndRestartSlice
07-28 17:42:14.342  3405  4600 D CmccSliceManagerService: cleanUpSlice
07-28 17:42:14.342  3405  4600 D CmccSliceManagerService: cleanUpSlice qcom
07-28 17:42:14.342  3405  4506 V NetworkPolicy: updateNotificationsNL not process
07-28 17:42:14.342  3405  4600 D CmccSliceManagerService: getDefaultDataSlotId0, subid: 1
07-28 17:42:14.342  4942  5488 D OplusPowerUpOptimizationImpl: handleMessage what = 6
07-28 17:42:14.342  4942  5488 D OplusPowerUpOptimizationImpl: radio is available for slot: 0
07-28 17:42:14.342  4942  5488 D OplusPowerUpOptimizationImpl: trySendPhoneReady for slot: 0
07-28 17:42:14.342  4942  5488 D OplusPowerUpOptimizationImpl: Not sending ATEL ready: States: [0: {true, true, true, true}]
07-28 17:42:14.342  3405  4600 E ActivityThread: Failed to find provider info for com.cmccslice.proxyapp.provider
07-28 17:42:14.342  3405  4600 D CmccSliceManagerService: loadUrsp qcomCursor=null, count=-1, slotId=0
07-28 17:42:14.342  3405  4600 D CmccSliceManagerService: loadUrsp: qcomCursor=[]
07-28 17:42:14.342  3405  4600 D CmccSliceManagerService: isFeatureEnable , rus : false Feature : false
07-28 17:42:14.342  3405  4600 D CmccSliceManagerService: requestSliceNetwork: feature not enabled
07-28 17:42:14.342  3405  4600 D CmccSliceManagerService: cleanUpAndRestartSlice qcom
07-28 17:42:14.342  4880  5301 D SimStateHelper: slot:0, lock state:Bundle[mParcelledData.dataSize=56]
07-28 17:42:14.342  5127  5127 D QCNEJ/WwanInfoRelay: onActiveSubscriptionsChanged activeCurrDDSId: 1 new DDS 1
07-28 17:42:14.342  4942  4942 D CiWlanNotificationReceiver: ACTION_RADIO_POWER_STATE_CHANGED
07-28 17:42:14.343  4880  5301 D SimStateHelper: slot:1, lock state:Bundle[mParcelledData.dataSize=56]
07-28 17:42:14.343  4880  5301 D SimStateHelper: needDisableMenu: slot1State=-1; slot2State=-1
07-28 17:42:14.343  4880  5301 D SimStateHelper: needDisableMenu:false
07-28 17:42:14.343  3405  4508 E ApConfigUtil: Malformed channel value detected: java.lang.NumberFormatException: For input string: ""
07-28 17:42:14.344  3405  4508 E ApConfigUtil: Malformed channel value detected: java.lang.NumberFormatException: For input string: ""
07-28 17:42:14.344  4880  5104 I SystemUi--Statusbar: NetworkController.WifiSignalController-->wifi Broadcast action = android.telephony.action.SERVICE_PROVIDERS_UPDATED state=1 enabled=false connected=false isDefaultNetwork=false rssi=0 level=0 statusLabel = null isDirty = false
07-28 17:42:14.344  4880  5301 I SystemUi--QuickSettings: Tile.OplusCellularTile-->updateCarrierText: dialog not showing, ignore
07-28 17:42:14.344  3405  4508 E ApConfigUtil: Malformed channel value detected: java.lang.NumberFormatException: For input string: ""
07-28 17:42:14.344  4880  5301 D SimStateHelper: slot:0, lock state:Bundle[mParcelledData.dataSize=56]
07-28 17:42:14.344  4880  5301 D SimStateHelper: slot:1, lock state:Bundle[mParcelledData.dataSize=56]
07-28 17:42:14.344  4880  5301 D SimStateHelper: needDisableMenu: slot1State=-1; slot2State=-1
07-28 17:42:14.344  4880  5301 D SimStateHelper: needDisableMenu:false
07-28 17:42:14.345  3405  4626 D OplusSoftApManager: Support Wi-Fi6 SAP
07-28 17:42:14.345  3405  4209 W BestClock: java.time.DateTimeException: Missing network time fix
07-28 17:42:14.345  3405  5309 W ContextImpl: Calling a method in the system process without a qualified user: android.app.ContextImpl.sendBroadcastMultiplePermissions:1311 android.content.Context.sendBroadcastMultiplePermissions:2524 com.android.server.TelephonyRegistry.broadcastServiceStateChanged:3740 com.android.server.TelephonyRegistry.notifyServiceStateForPhoneId:1787 com.android.internal.telephony.ITelephonyRegistry$Stub.onTransact:546 
07-28 17:42:14.345  3405  4508 I WifiService: Receive onDriverCountryCodeChanged to US, update available channel list
07-28 17:42:14.346  3405  4508 E ApConfigUtil: Malformed channel value detected: java.lang.NumberFormatException: For input string: ""
07-28 17:42:14.346  3405  5309 W ContextImpl: Calling a method in the system process without a qualified user: android.app.ContextImpl.sendBroadcastMultiplePermissions:1344 com.android.server.TelephonyRegistry.broadcastServiceStateChanged:3745 com.android.server.TelephonyRegistry.notifyServiceStateForPhoneId:1787 com.android.internal.telephony.ITelephonyRegistry$Stub.onTransact:546 android.os.Binder.execTransactInternal:1523 
07-28 17:42:14.346  3405  5885 W BestClock: java.time.DateTimeException: Missing network time fix
07-28 17:42:14.346  3405  5309 W ContextImpl: Calling a method in the system process without a qualified user: android.app.ContextImpl.sendBroadcastMultiplePermissions:1344 com.android.server.TelephonyRegistry.broadcastServiceStateChanged:3754 com.android.server.TelephonyRegistry.notifyServiceStateForPhoneId:1787 com.android.internal.telephony.ITelephonyRegistry$Stub.onTransact:546 android.os.Binder.execTransactInternal:1523 
07-28 17:42:14.347  3405  4508 E ApConfigUtil: Malformed channel value detected: java.lang.NumberFormatException: For input string: ""
07-28 17:42:14.347  3405  5309 W ContextImpl: Calling a method in the system process without a qualified user: android.app.ContextImpl.sendBroadcastMultiplePermissions:1344 com.android.server.TelephonyRegistry.broadcastServiceStateChanged:3760 com.android.server.TelephonyRegistry.notifyServiceStateForPhoneId:1787 com.android.internal.telephony.ITelephonyRegistry$Stub.onTransact:546 android.os.Binder.execTransactInternal:1523 
07-28 17:42:14.347  4942  4942 D OplusTelephonyController: onSignalStrengthChanged: SignalStrength=SignalStrength:{mCdma=CellSignalStrengthCdma: cdmaDbm=2147483647 cdmaEcio=2147483647 evdoDbm=2147483647 evdoEcio=2147483647 evdoSnr=2147483647 level=0,mGsm=CellSignalStrengthGsm: rssi=2147483647 ber=2147483647 mTa=2147483647 mLevel=0,mWcdma=CellSignalStrengthWcdma: ss=2147483647 ber=2147483647 rscp=2147483647 ecno=2147483647 level=0,mTdscdma=CellSignalStrengthTdscdma: rssi=2147483647 ber=2147483647 rscp=2147483647 level=0,mLte=CellSignalStrengthLte: rssi=2147483647 rsrp=2147483647 rsrq=2147483647 rssnr=2147483647 cqiTableIndex=2147483647 cqi=2147483647 ta=2147483647 level=0 parametersUseForLevel=0,mNr=CellSignalStrengthNr:{ csiRsrp = 2147483647 csiRsrq = 2147483647 csiCqiTableIndex = 2147483647 csiCqiReport = [] ssRsrp = 2147483647 ssRsrq = 2147483647 ssSinr = 2147483647 level = 0 parametersUseForLevel = 0 timingAdvance = 2147483647 },primary=CellSignalStrengthLte}
07-28 17:42:14.347  4880  5691 V OplusCustomizeCacheManager: queryCache name: sys.cache.common_customize_cache18014 param: null
07-28 17:42:14.347  4880  5691 V OplusCustomizeCacheManager: queryCache name: sys.cache.common_customize_cache18017 param: Bundle[{SETTING=BLOCK, BUSINESS=NCT-DATA}]
07-28 17:42:14.347  4880  5691 V OplusCustomizeCacheManager: queryCache name: sys.cache.common_customize_cache18013 param: null
07-28 17:42:14.347  3405  4508 E ApConfigUtil: Malformed channel value detected: java.lang.NumberFormatException: For input string: ""
07-28 17:42:14.347  3405  4508 I WifiService: Receive onDriverCountryCodeChanged to US, update available channel list
07-28 17:42:14.347  4942  4942 D Telephony: isEmergencyPreferredAccount: subId=1, activeData=1
07-28 17:42:14.347  4942  4942 D Telephony: isEmergencyPreferredAccount: Device does not require preference.
07-28 17:42:14.348  1925  1981 I [UAH_CLIENT]: UahRelease, handle:43
07-28 17:42:14.348  4942  4942 D InternationalRoamingNotification: init
07-28 17:42:14.348  5190  6397 D VirtualCommService2: isSupport. true, true
07-28 17:42:14.348  4942  4942 D OplusVirtualCommUtils: isVirtualCommSupport, vRet: true
07-28 17:42:14.348  4942  4942 I OplusVirtualCommUtils: getVirtualCommDeviceType, vRet: 1
07-28 17:42:14.348  4942  4942 I OplusVirtualCommUtils: isConsumerDeviceType, deviceType: 1
07-28 17:42:14.349  4942  4942 D InternationalRoamingNotification: do not createRoamingNotification for invalid Network
07-28 17:42:14.349  3405  4508 E ApConfigUtil: Malformed channel value detected: java.lang.NumberFormatException: For input string: ""
07-28 17:42:14.349  5888  5888 D CellBroadcastReceiver: onReceive Intent { act=android.intent.action.SERVICE_STATE flg=0x1000010 cmp=com.android.cellbroadcastreceiver.module/com.android.cellbroadcastreceiver.CellBroadcastReceiver (has extras) }
07-28 17:42:14.349  5888  5888 D CellBroadcastReceiver: onServiceStateChanged, ss: 1
07-28 17:42:14.349  5888  5888 D CellBroadcastReceiver: networkOperator: 
07-28 17:42:14.350  3405  4518 D ConnectivityService: unregister offer from providerId 5 : NetworkOffer [ Provider Id (5) Score(Policies : YIELD_TO_BAD_WIFI&TRANSPORT_PRIMARY&EVER_EVALUATED&IS_UNMETERED&EVER_VALIDATED&IS_VALIDATED ; KeepConnected : 0) Caps [ Transports: CELLULAR|SATELLITE Capabilities: MMS&SUPL&DUN&FOTA&IMS&CBS&IA&RCS&XCAP&EIMS&INTERNET&NOT_RESTRICTED&TRUSTED&NOT_VPN&MCX&NOT_VCN_MANAGED&ENTERPRISE&VSIM&BIP&MMTEL&PRIORITIZE_LATENCY&PRIORITIZE_BANDWIDTH&NOT_BANDWIDTH_CONSTRAINED Specifier: <TelephonyNetworkSpecifier [mSubId = 1]> EnterpriseId: 1&2&3&4&5 UnderlyingNetworks: Null] Needed by [74, 170, 281, 202, 65, 234, 81, 89, 275, 212, 36, 152, 271, 58, 141, 154, 145, 196, 53, 186, 205, 172, 248, 148, 218, 24, 269, 85, 277, 9, 76, 177, 262, 72, 238, 50, 48, 228, 251, 266, 180, 193, 40, 221, 91, 137, 30, 132, 258, 1, 18, 28, 273, 190, 38, 158, 139, 215, 44, 114, 56, 175, 231, 167, 223, 207, 165, 102, 42, 70, 26, 256, 15, 134, 163, 7, 156, 160, 260, 183, 242, 46, 199, 34, 253, 98, 105, 279, 32]]
07-28 17:42:14.350  4880  4880 I KeyguardUpdateMonitor: action=android.intent.action.SERVICE_STATE subId=-1 slotId=1
07-28 17:42:14.350  4880  4880 W KeyguardUpdateMonitorLog: invalid subId in handleServiceStateChange()
07-28 17:42:14.350  4880  5301 I SystemUi--QuickSettings: Tile.OplusCellularTile-->updateCarrierText: dialog not showing, ignore
07-28 17:42:14.350  3405  4518 D ConnectivityService: update offer from providerId 5 new : NetworkOffer [ Provider Id (5) Score(Policies : YIELD_TO_BAD_WIFI&TRANSPORT_PRIMARY&EVER_EVALUATED&IS_UNMETERED&EVER_VALIDATED&IS_VALIDATED ; KeepConnected : 0) Caps [ Transports: CELLULAR|SATELLITE Capabilities: MMS&SUPL&DUN&FOTA&IMS&CBS&IA&RCS&XCAP&EIMS&INTERNET&NOT_RESTRICTED&TRUSTED&NOT_VPN&MCX&NOT_VCN_MANAGED&ENTERPRISE&VSIM&BIP&MMTEL&PRIORITIZE_LATENCY&PRIORITIZE_BANDWIDTH&NOT_BANDWIDTH_CONSTRAINED Specifier: <TelephonyNetworkSpecifier [mSubId = 1]> EnterpriseId: 1&2&3&4&5 UnderlyingNetworks: Null] Needed by [74, 170, 281, 202, 65, 234, 81, 89, 275, 212, 36, 152, 271, 58, 141, 154, 145, 196, 53, 186, 205, 172, 248, 148, 218, 24, 269, 85, 277, 9, 76, 177, 262, 72, 238, 50, 48, 228, 251, 266, 180, 193, 40, 221, 91, 137, 30, 132, 258, 1, 18, 28, 273, 190, 38, 158, 139, 215, 44, 114, 56, 175, 231, 167, 223, 207, 165, 102, 42, 70, 26, 256, 15, 134, 163, 7, 156, 160, 260, 183, 242, 46, 199, 34, 253, 98, 105, 279, 32]]
07-28 17:42:14.350  4880  5301 D SimStateHelper: slot:0, lock state:Bundle[mParcelledData.dataSize=56]
07-28 17:42:14.350  4880  5301 D SimStateHelper: slot:1, lock state:Bundle[mParcelledData.dataSize=56]
07-28 17:42:14.350  4880  5301 D SimStateHelper: needDisableMenu: slot1State=-1; slot2State=-1
07-28 17:42:14.350  4880  5301 D SimStateHelper: needDisableMenu:false
07-28 17:42:14.351  3405  4518 D ConnectivityService: unregister offer from providerId 6 : NetworkOffer [ Provider Id (6) Score(Policies : YIELD_TO_BAD_WIFI&EVER_EVALUATED&IS_UNMETERED&EVER_VALIDATED&IS_VALIDATED ; KeepConnected : 0) Caps [ Transports: CELLULAR|SATELLITE Capabilities: MMS&SUPL&DUN&FOTA&IMS&CBS&IA&RCS&XCAP&EIMS&INTERNET&NOT_RESTRICTED&TRUSTED&NOT_VPN&MCX&NOT_VCN_MANAGED&ENTERPRISE&VSIM&BIP&MMTEL&PRIORITIZE_LATENCY&PRIORITIZE_BANDWIDTH&NOT_BANDWIDTH_CONSTRAINED Specifier: <TelephonyNetworkSpecifier [mSubId = -1]> EnterpriseId: 1&2&3&4&5 UnderlyingNetworks: Null] Needed by [74, 170, 281, 202, 65, 234, 81, 89, 275, 212, 36, 152, 271, 58, 141, 154, 145, 196, 53, 186, 205, 172, 248, 148, 218, 24, 269, 85, 277, 9, 76, 177, 262, 72, 238, 50, 48, 228, 251, 266, 180, 193, 40, 221, 91, 137, 30, 132, 258, 1, 18, 28, 273, 190, 38, 158, 139, 215, 44, 114, 56, 175, 231, 167, 223, 207, 165, 102, 42, 70, 26, 256, 15, 134, 163, 7, 156, 160, 260, 183, 242, 46, 199, 34, 253, 98, 105, 279, 32]]
07-28 17:42:14.351  3405  5309 W BestClock: java.time.DateTimeException: Missing network time fix
07-28 17:42:14.351  3405  4518 D ConnectivityService: update offer from providerId 6 new : NetworkOffer [ Provider Id (6) Score(Policies : YIELD_TO_BAD_WIFI&EVER_EVALUATED&IS_UNMETERED&EVER_VALIDATED&IS_VALIDATED ; KeepConnected : 0) Caps [ Transports: CELLULAR|SATELLITE Capabilities: MMS&SUPL&DUN&FOTA&IMS&CBS&IA&RCS&XCAP&EIMS&INTERNET&NOT_RESTRICTED&TRUSTED&NOT_VPN&MCX&NOT_VCN_MANAGED&ENTERPRISE&VSIM&BIP&MMTEL&PRIORITIZE_LATENCY&PRIORITIZE_BANDWIDTH&NOT_BANDWIDTH_CONSTRAINED Specifier: <TelephonyNetworkSpecifier [mSubId = -1]> EnterpriseId: 1&2&3&4&5 UnderlyingNetworks: Null] Needed by [74, 170, 281, 202, 65, 234, 81, 89, 275, 212, 36, 152, 271, 58, 141, 154, 145, 196, 53, 186, 205, 172, 248, 148, 218, 24, 269, 85, 277, 9, 76, 177, 262, 72, 238, 50, 48, 228, 251, 266, 180, 193, 40, 221, 91, 137, 30, 132, 258, 1, 18, 28, 273, 190, 38, 158, 139, 215, 44, 114, 56, 175, 231, 167, 223, 207, 165, 102, 42, 70, 26, 256, 15, 134, 163, 7, 156, 160, 260, 183, 242, 46, 199, 34, 253, 98, 105, 279, 32]]
07-28 17:42:14.351  3405  6767 W BestClock: java.time.DateTimeException: Missing network time fix
07-28 17:42:14.352  3405  4508 E ApConfigUtil: Malformed channel value detected: java.lang.NumberFormatException: For input string: ""
07-28 17:42:14.352  4880  5691 V OplusCustomizeCacheManager: queryCache name: sys.cache.common_customize_cache18014 param: null
07-28 17:42:14.352  4880  5691 V OplusCustomizeCacheManager: queryCache name: sys.cache.common_customize_cache18017 param: Bundle[{SETTING=BLOCK, BUSINESS=NCT-DATA}]
07-28 17:42:14.352  4880  5691 V OplusCustomizeCacheManager: queryCache name: sys.cache.common_customize_cache18013 param: null
07-28 17:42:14.352  3405  4508 E ApConfigUtil: Malformed channel value detected: java.lang.NumberFormatException: For input string: ""
07-28 17:42:14.352  4942  4942 V OplusCustomizeCacheManager: queryCache name: sys.cache.common_customize_cache18016 param: null
07-28 17:42:14.352  4942  4942 V OplusCustomizeCacheManager: queryCache name: sys.cache.common_customize_cache18013 param: null
07-28 17:42:14.352  4942  4942 V OplusCustomizeCacheManager: queryCache name: sys.cache.common_customize_cache18014 param: null
07-28 17:42:14.352  4942  4942 V OplusCustomizeCacheManager: queryCache name: sys.cache.common_customize_cache18017 param: Bundle[{SETTING=BLOCK, BUSINESS=NCT-DATA}]
07-28 17:42:14.353  4942  4942 V OplusCustomizeCacheManager: queryCache name: sys.cache.common_customize_cache18016 param: null
07-28 17:42:14.353  4942  4942 V OplusCustomizeCacheManager: queryCache name: sys.cache.common_customize_cache18013 param: null
07-28 17:42:14.353  4942  4942 V OplusCustomizeCacheManager: queryCache name: sys.cache.common_customize_cache18014 param: null
07-28 17:42:14.353  4942  4942 V OplusCustomizeCacheManager: queryCache name: sys.cache.common_customize_cache18017 param: Bundle[{SETTING=BLOCK, BUSINESS=NCT-DATA}]
07-28 17:42:14.354  5190  5190 D SubsysEventListenerManager-SubsysTelephonyCallback[0]: onCellInfoChanged
07-28 17:42:14.354  4942  4942 D InternationalRoamingNotification: init
07-28 17:42:14.354  5190  5231 D VirtualCommService2: isSupport. true, true
07-28 17:42:14.354  4942  4942 D OplusVirtualCommUtils: isVirtualCommSupport, vRet: true
07-28 17:42:14.355  4942  4942 I OplusVirtualCommUtils: getVirtualCommDeviceType, vRet: 1
07-28 17:42:14.355  4942  4942 I OplusVirtualCommUtils: isConsumerDeviceType, deviceType: 1
07-28 17:42:14.355  4942  4942 D InternationalRoamingNotification: do not createRoamingNotification for invalid Network
07-28 17:42:14.363  4880  4880 I SystemUi--QuickSettings: QsLottieUtils-->getLottieAnimFile : qs/qs_airplane_lottie_active_sep_dual_light.json
07-28 17:42:14.364  4880  4880 I SystemUi--QuickSettings: TemporarilyInfoManager-->[trigger] start from show
07-28 17:42:14.364  4880  4880 I SystemUi--QuickSettings: TemporarilyInfoManager-->[getLayoutParams] translationY=102.07018, translationX=0, width=1080, height=228, isLandscape=false, parent=androidx.constraintlayout.widget.ConstraintLayout{db439f4 V.E...... ......ID 0,0-1080,2376 #7f0a09f6 app:id/qs_container_area_layout alpha=1.0 viewInfo = }
07-28 17:42:14.365  4880  4880 I SystemUi--Common: ViewExt-->[startAlongWithPosition] com.oplus.systemui.qs.base.temporarilyinfo.TemporarilyInfoManager$createViewToParent$1{9645415 V.ED..... ......ID 0,0-0,0 #7f0a0cb6 app:id/temporarily_info_view alpha=0.0 viewInfo = } alongWith android.widget.RelativeLayout{e94632a V.E...... ........ 0,102-1080,222 #7f0a0a2e app:id/qs_status_bar_container_layout alpha=1.0 viewInfo = }
07-28 17:42:14.365  4880  4880 I SystemUi--QuickSettings: TemporarilyInfoManager-->[showElement] com.oplus.systemui.qs.base.temporarilyinfo.TemporarilyInfoManager$createViewToParent$1{9645415 V.ED..... ......ID 0,0-0,0 #7f0a0cb6 app:id/temporarily_info_view alpha=0.0 viewInfo = } for Element(text=Airplane mode off, groupId=Airplane mode, style=InfoShowStyle(textSize=16.0, sizeUnit=2, textColor=-1, showDuration=1500, alongWithReplacedView=true))
07-28 17:42:14.365  4880  4880 I SystemUi--QuickSettings: TemporarilyInfoManager-->[animateShow] com.oplus.systemui.qs.base.temporarilyinfo.TemporarilyInfoManager$createViewToParent$1{9645415 VFED..C.. ......ID 0,0-0,0 #7f0a0cb6 app:id/temporarily_info_view alpha=0.0 viewInfo = } start
07-28 17:42:14.368  1999  2025 D BatteryChargeControl: bcc get no support from charging protocol
07-28 17:42:14.399  4880  4880 I SystemUi--QuickSettings: QsLottieUtils-->getLottieAnimFile : qs/qs_cellular_lottie_active_sep_dual_light.json
07-28 17:42:14.409  3361  3923 D QmiClient: qmiServiceEventCallback recv msg id 1106
07-28 17:42:14.409  3361  3923 D QmiVsClient: enter - onQmiServiceEventCallback msgId 1106
07-28 17:42:14.409  3361  3392 D VsProxy : handleMessage msg is 2425
07-28 17:42:14.409  3361  3392 D VsProxy : handleServingCellInfoChangeInd for instance 0
07-28 17:42:14.409  3361  3361 D RadioServiceIndication: radioServingCellInfoInd
07-28 17:42:14.409  3361  3361 D RadioServiceIndication: radioServingCellInfoInd
07-28 17:42:14.410  5190  6397 D SubsysRadioIndication[0]: radioServingCellInfoInd
07-28 17:42:14.410  5190  5190 D NetworkService[0]: handleMessage what:1003
07-28 17:42:14.410  5190  6397 D SubsysRadioIndication[0]: radioServingCellInfoInd
07-28 17:42:14.411  5190  5190 D NetworkService[0]: handleMessage what:1003
07-28 17:42:14.412  5000  5994 D RadioEvent: onCellInfoChanged slotId=0
07-28 17:42:14.412  5000  5994 D RadioEvent: onCellInfoChanged slotId=0
07-28 17:42:14.413  3361  3916 D QmiClient: qmiServiceEventCallback recv msg id 276
07-28 17:42:14.413  3361  3916 D QmiNasClient: enter : onQmiServiceEventCallback msgId 276
07-28 17:42:14.413  3361  3916 D QmiNasClientEvent: qmiNasClientAccessBarringStatusEvent - RADIO_EVENT_NAS_ACCESS_BARRING_STATUS_IND
07-28 17:42:14.414  3361  3424 D NasProxy: handleMessage msg is 2104
07-28 17:42:14.414  3362  3919 D QmiClient: qmiServiceEventCallback recv msg id 276
07-28 17:42:14.414  3362  3919 D QmiNasClient: enter : onQmiServiceEventCallback msgId 276
07-28 17:42:14.414  3362  3919 D QmiNasClientEvent: qmiNasClientAccessBarringStatusEvent - RADIO_EVENT_NAS_ACCESS_BARRING_STATUS_IND
07-28 17:42:14.414  3362  3428 D NasProxy: handleMessage msg is 2104
07-28 17:42:14.414  3361  3916 D QmiClient: qmiServiceEventCallback recv msg id 78
07-28 17:42:14.414  3361  3916 D QmiNasClient: enter : onQmiServiceEventCallback msgId 78
07-28 17:42:14.414  3361  3916 D QmiNasClientEvent: qmiNasClientNotifySysInfoEvent lte_ims_voice_avail_valid 0
07-28 17:42:14.415  3361  3424 D NasProxy: handleMessage msg is 2101
07-28 17:42:14.415  3361  3424 D NasProxy: handleNasSysInfoEvent for instance 0
07-28 17:42:14.415  5190  5231 D SubsysRadioIndication[0]: radioNasAccessBarringStatusInd, NasAccessBarringStatusType: radioIf:12, dataBarringStatus:0, dataBarringTime:0, voiceBarringStatus:0, voiceBarringTime:0, videoBarringStatus:0, videoBarringTime:0
07-28 17:42:14.415  5190  5231 D SubsysRadioIndication[0]: notify enter
07-28 17:42:14.415  5190  5231 D SubsysRadioIndication[0]: radioNr5gFreqTypeIndication, nr5gFreqType = 0
07-28 17:42:14.415  5190  6397 D SubsysRadioIndication[1]: radioNasAccessBarringStatusInd, NasAccessBarringStatusType: radioIf:12, dataBarringStatus:0, dataBarringTime:0, voiceBarringStatus:0, voiceBarringTime:0, videoBarringStatus:0, videoBarringTime:0
07-28 17:42:14.416  5190  5190 D QtiCellularNetwork: handleNr5gFreqTypeChanged 0, nr5gFreqType = 0
07-28 17:42:14.416  5190  6397 D SubsysRadioIndication[1]: notify enter
07-28 17:42:14.417  5127  6249 D IWlanJni: new aidl event arrived
07-28 17:42:14.417  5127  6249 D IWlanJni: handleEvent 3
07-28 17:42:14.417  5127  6249 D IWlanJni: isThreadAttached start
07-28 17:42:14.417  5127  6249 D IWlanJni: jni detached
07-28 17:42:14.417  5127  6249 D IWlanJni: jni attached
07-28 17:42:14.417  5127  6249 D IWlanJni: dataRegistrationStateChangeIndication start
07-28 17:42:14.417  5127  6249 D IWlanJni: getJavaCallbackClass start
07-28 17:42:14.417  5127  6249 D IWlanJni: getJavaCallbackClass End midIs[1]
07-28 17:42:14.417  5127  6249 I IWlanAidlClient: dataRegistrationStateChangeIndication called
07-28 17:42:14.418  5127  6248 D IWlanJni: responseAcknowledgement start
07-28 17:42:14.421  5127  6234 D IWlanJni: getDataRegistrationState start
07-28 17:42:14.421  5127  6249 D IWlanJni: new aidl event arrived
07-28 17:42:14.421  5127  6249 D IWlanJni: handleEvent 10
07-28 17:42:14.421  5127  6249 D IWlanJni: isThreadAttached start
07-28 17:42:14.421  5127  6249 D IWlanJni: jni detached
07-28 17:42:14.421  5127  6249 D IWlanJni: jni attached
07-28 17:42:14.421  5127  6249 D IWlanJni: getDataRegistrationStateResponse start
07-28 17:42:14.421  5127  6249 D IWlanJni: getJavaCallbackClass start
07-28 17:42:14.421  5127  6249 D IWlanJni: getJavaCallbackClass End midIs[1]
07-28 17:42:14.421  5127  6249 I IWlanAidlClient: getDataRegistrationStateResponse called
07-28 17:42:14.421  5127  6248 W IWlanNetworkService: 15 > Response Processed
07-28 17:42:14.423  5098  6203 I QImsService: ImsRadioIndicationAidl : onServiceDomainChanged()[SUB0]
07-28 17:42:14.423  5098  6203 I QImsService: ImsSenderRxr : [UNSL]< UNSOL_SERVICE_DOMAIN_CHANGED 0[SUB0]
07-28 17:42:14.423  5098  5098 I QImsService: ImsRegistrationController : Message received: what = 5
07-28 17:42:14.423  5098  5098 I QImsService: ImsRegistrationController : handleSrvDomainChanged
07-28 17:42:14.424  5127  6234 D IWlanJni: getDataRegistrationState start
07-28 17:42:14.424  5127  6249 D IWlanJni: new aidl event arrived
07-28 17:42:14.424  5127  6249 D IWlanJni: handleEvent 10
07-28 17:42:14.424  5127  6249 D IWlanJni: isThreadAttached start
07-28 17:42:14.424  5127  6249 D IWlanJni: jni detached
07-28 17:42:14.424  5127  6249 D IWlanJni: jni attached
07-28 17:42:14.424  5127  6249 D IWlanJni: getDataRegistrationStateResponse start
07-28 17:42:14.424  5127  6249 D IWlanJni: getJavaCallbackClass start
07-28 17:42:14.424  5127  6249 D IWlanJni: getJavaCallbackClass End midIs[1]
07-28 17:42:14.425  5127  6249 I IWlanAidlClient: getDataRegistrationStateResponse called
07-28 17:42:14.425  5127  6248 W IWlanNetworkService: 16 > Response Processed
07-28 17:42:14.427  4994  5019 D QtiOemHookAidl: oemHookRawIndication length=21
07-28 17:42:14.427  4994  5019 D QtiOemHookAidl: oemHookRawIndication length=21
07-28 17:42:14.427  4994  4994 D QcrilMsgTunnelIfaceManager: handleMessage what = 0
07-28 17:42:14.428  4942  4942 D OplusTelephonyController: onSignalStrengthChanged: SignalStrength=SignalStrength:{mCdma=CellSignalStrengthCdma: cdmaDbm=2147483647 cdmaEcio=2147483647 evdoDbm=2147483647 evdoEcio=2147483647 evdoSnr=2147483647 level=0,mGsm=CellSignalStrengthGsm: rssi=2147483647 ber=2147483647 mTa=2147483647 mLevel=0,mWcdma=CellSignalStrengthWcdma: ss=2147483647 ber=2147483647 rscp=2147483647 ecno=2147483647 level=0,mTdscdma=CellSignalStrengthTdscdma: rssi=2147483647 ber=2147483647 rscp=2147483647 level=0,mLte=CellSignalStrengthLte: rssi=2147483647 rsrp=2147483647 rsrq=2147483647 rssnr=2147483647 cqiTableIndex=2147483647 cqi=2147483647 ta=2147483647 level=0 parametersUseForLevel=0,mNr=CellSignalStrengthNr:{ csiRsrp = 2147483647 csiRsrq = 2147483647 csiCqiTableIndex = 2147483647 csiCqiReport = [] ssRsrp = 2147483647 ssRsrq = 2147483647 ssSinr = 2147483647 level = 0 parametersUseForLevel = 0 timingAdvance = 2147483647 },primary=CellSignalStrengthLte}
07-28 17:42:14.428  5127  6234 D IWlanJni: getDataRegistrationState start
07-28 17:42:14.428  4994  4994 D QcrilMsgTunnelIfaceManager: handleMessage what = 0
07-28 17:42:14.428  5190  5190 D SubsysEventListenerManager-SubsysTelephonyCallback[0]: onSignalStrengthsChanged
07-28 17:42:14.429  5127  6249 D IWlanJni: new aidl event arrived
07-28 17:42:14.429  5127  6249 D IWlanJni: handleEvent 10
07-28 17:42:14.429  5127  6249 D IWlanJni: isThreadAttached start
07-28 17:42:14.429  5127  6249 D IWlanJni: jni detached
07-28 17:42:14.429  4942  4942 D QC_RIL_OEM_HOOK: Received Broadcast Intent ACTION_UNSOL_RESPONSE_OEM_HOOK_RAW
07-28 17:42:14.429  5127  6249 D IWlanJni: jni attached
07-28 17:42:14.429  5127  6249 D IWlanJni: getDataRegistrationStateResponse start
07-28 17:42:14.429  5127  6249 D IWlanJni: getJavaCallbackClass start
07-28 17:42:14.429  5127  6249 D IWlanJni: getJavaCallbackClass End midIs[1]
07-28 17:42:14.429  5127  6249 I IWlanAidlClient: getDataRegistrationStateResponse called
07-28 17:42:14.429  5127  6248 W IWlanNetworkService: 17 > Response Processed
07-28 17:42:14.429  4942  4942 D QC_RIL_OEM_HOOK: Received Broadcast Intent ACTION_UNSOL_RESPONSE_OEM_HOOK_RAW
07-28 17:42:14.429  4942  4942 D QC_RIL_OEM_HOOK: Received Broadcast Intent ACTION_UNSOL_RESPONSE_OEM_HOOK_RAW
07-28 17:42:14.429  4942  4942 D QC_RIL_OEM_HOOK: Received Broadcast Intent ACTION_UNSOL_RESPONSE_OEM_HOOK_RAW
07-28 17:42:14.430  4942  4942 D QC_RIL_OEM_HOOK: Received Broadcast Intent ACTION_UNSOL_RESPONSE_OEM_HOOK_RAW
07-28 17:42:14.430  4994  4994 D QC_RIL_OEM_HOOK: Received Broadcast Intent ACTION_UNSOL_RESPONSE_OEM_HOOK_RAW
07-28 17:42:14.430  4994  4994 D QC_RIL_OEM_HOOK: Received Broadcast Intent ACTION_UNSOL_RESPONSE_OEM_HOOK_RAW
07-28 17:42:14.430  4942  4942 D QC_RIL_OEM_HOOK: Received Broadcast Intent ACTION_UNSOL_RESPONSE_OEM_HOOK_RAW
07-28 17:42:14.431  5127  6234 D IWlanJni: getDataRegistrationState start
07-28 17:42:14.431  5127  6249 D IWlanJni: new aidl event arrived
