07-29 06:42:29.521  3437  4452 D SystemGestures: detectSwipe: 1
07-29 06:42:29.525  2005  2018 D vendor.oplus.hardware.charger-V7-service: s_chg_user_mode: 3
07-29 06:42:29.525  2005  2018 D vendor.oplus.hardware.charger-V7-service: scale_chg Start!!!
07-29 06:42:29.525  2005  2018 D vendor.oplus.hardware.charger-V7-service: [0, 0, 3]
07-29 06:42:29.525  2005  2018 D vendor.oplus.hardware.charger-V7-service: [0, 2, 9]
07-29 06:42:29.525  2005  2018 D vendor.oplus.hardware.charger-V7-service: [0, 1, 3]
07-29 06:42:29.525  2005  2018 D vendor.oplus.hardware.charger-V7-service: [0, 3, 3]
07-29 06:42:29.525  2005  2018 D vendor.oplus.hardware.charger-V7-service: [0, 4, 3]
07-29 06:42:29.525  2005  2018 D vendor.oplus.hardware.charger-V7-service: [0, 5, 5]
07-29 06:42:29.525  2005  2018 D vendor.oplus.hardware.charger-V7-service: [0, 6, 9]
07-29 06:42:29.525  2005  2018 D vendor.oplus.hardware.charger-V7-service: scale_chg Start!!!
07-29 06:42:29.525  2005  2018 D vendor.oplus.hardware.charger-V7-service: [0, 0, 3]
07-29 06:42:29.525  2005  2018 D vendor.oplus.hardware.charger-V7-service: [0, 2, 10]
07-29 06:42:29.525  2005  2018 D vendor.oplus.hardware.charger-V7-service: [0, 1, 3]
07-29 06:42:29.525  2005  2018 D vendor.oplus.hardware.charger-V7-service: [0, 3, 3]
07-29 06:42:29.525  2005  2018 D vendor.oplus.hardware.charger-V7-service: [0, 4, 3]
07-29 06:42:29.525  2005  2018 D vendor.oplus.hardware.charger-V7-service: [0, 5, 3]
07-29 06:42:29.526  2005  2018 D vendor.oplus.hardware.charger-V7-service: [0, 6, 10]
07-29 06:42:29.528  2005  2033 D vendor.oplus.hardware.charger-V7-service: ret_value:113, read content:,265,265,4279,4276,-170,87,90,1,1,0,491,4613,89,1,4500,300,500,0,30,-22,30,0,1,0,2,0,0,0,1,6098,99,0,0,0,0,0,0,0
07-29 06:42:29.529  2005  2033 D vendor.oplus.hardware.charger-V7-service: gmtime: 2025-07-29-06-42-29
07-29 06:42:29.529  2005  2033 D vendor.oplus.hardware.charger-V7-service: usb_online:1, ac_online:-2147483648, wireless_online:0
07-29 06:42:29.533  2172  2172 D VRR-[OPlusRefreshRateSelector]: setCurrentModeId 4 type SA
07-29 06:42:29.533  2172  3635 D VRR [OTI-HW]: isStateReady 0
07-29 06:42:29.533  2172  3635 D VRR [OTI-HW]: keep rate.
07-29 06:42:29.534  3437  3727 I DisplayDeviceRepository: Display device changed render timings: "Built-in Screen", renderFrameRate=120.00001, presentationDeadlineNanos=11333333, appVsyncOffsetNanos=1000000
07-29 06:42:29.534  3437  3727 D LogicalDisplayExt: set displayInfo flag FLAG_ROTATES_WITH_CONTENT
07-29 06:42:29.535  3437  3727 D DisplayManagerServiceExtImpl: scheduleTraversalLocked intraversal=false
07-29 06:42:29.535  3437  3727 I DisplayManagerServiceExtImpl: handle logical display changed logicalDisplay=id=0,stack=0,content=true,displayInfo{stack=0,type=1,id=0,uId=local:4630946756802996883,state=ON,pkg=null}
07-29 06:42:29.535  3437  3727 D DisplayManagerService: Delivering display event: displayId=0, event=CHANGED
07-29 06:42:29.535  3437  3787 D BrightnessThermalClamper: Thermal status observer already started
07-29 06:42:29.535  3437  3787 D BrightnessPowerClamper: Power throttling data is missing for configuration data.
07-29 06:42:29.535  3437  3437 E OplusGestureAnimationManagerPolicy: mScreenHeight:2376 mScreenWidth:1080 mRotation:0
07-29 06:42:29.536  2152  5381 D AudioFlingerExtImpl: AudioFlingerExtImpl oplusSetParameters: keyvalue screen_state=on
07-29 06:42:29.536  2152  5381 D DeviceHalAidl: 0xb400007aaba7c200 DeviceHalAidl::setParameters
07-29 06:42:29.536  2152  5381 D DeviceHalAidl: setParameters: parameters: "screen_state=on"
07-29 06:42:29.536  1866  1890 I PAL: ResourceManager: setParameter: 11480: Screen State:1
07-29 06:42:29.537  2152  5381 D DeviceHalAidl: 0xb400007aaba7c800 DeviceHalAidl::setParameters
07-29 06:42:29.537  2152  5381 D DeviceHalAidl: setParameters: parameters: "screen_state=on"
07-29 06:42:29.537  4846  4846 I SystemUi--QuickSettings: OplusQSRootViewController-->setQsVisible: true rawFraction:0.023459096
07-29 06:42:29.537  1866  1890 D AHAL_Module: updateScreenState: usb: 1
07-29 06:42:29.537  2152  5381 D DeviceHalAidl: 0xb400007aaba7ce00 DeviceHalAidl::setParameters
07-29 06:42:29.537  2152  5381 D DeviceHalAidl: setParameters: parameters: "screen_state=on"
07-29 06:42:29.537  1866  4591 D AHAL_Module: updateScreenState: r_submix: 1
07-29 06:42:29.537  3437  3725 D OplusVFXScreenEffectFeature: notifySFCompatWindowStateChange entered false
07-29 06:42:29.537  3437  3725 D FSS_FoldScreenBlackCoverController: displayChangeToOn, dc:Display{#0 state=ON size=1080x2376 ROTATION_0}
07-29 06:42:29.537  2172  2464 D [PREVIEW]: SF obtain preview_adapter: 0
07-29 06:42:29.537  2172  2464 D [PREVIEW]: TabletPreviewAdapter::parallel world 0
07-29 06:42:29.537  2152  5381 D DeviceHalAidl: 0xb400007aaba7d400 DeviceHalAidl::setParameters
07-29 06:42:29.537  2152  5381 D DeviceHalAidl: setParameters: parameters: "screen_state=on"
07-29 06:42:29.537  1866  4591 D AHAL_Module: updateScreenState: bluetooth: 1
07-29 06:42:29.537  4846  4846 I SystemUi--QuickSettings: OplusQSRootViewController-->setListening: true
07-29 06:42:29.537  2152  5381 D DeviceHalAidl: 0xb400007aaba7da00 DeviceHalAidl::setParameters
07-29 06:42:29.537  2152  5381 D DeviceHalAidl: setParameters: parameters: "screen_state=on"
07-29 06:42:29.537  1866  4591 D AHAL_Module: updateScreenState: bluetooth: 1
07-29 06:42:29.537  2152  5381 D DeviceHalAidl: 0xb400007aaba7e000 DeviceHalAidl::setParameters
07-29 06:42:29.537  2152  5381 D DeviceHalAidl: setParameters: parameters: "screen_state=on"
07-29 06:42:29.537  4846  4846 I SystemUi--QuickSettings: OplusLargeTileContainerViewController-->setListening listening=true
07-29 06:42:29.537  1866  1890 D AHAL_Module: updateScreenState: stub: 1
07-29 06:42:29.538  4846  4846 I SystemUi--QuickSettings: QSBrightnessFactory-->setListening listening:true
07-29 06:42:29.538  4846  4846 I SystemUi--QuickSettings: OplusQsBrightnessSliderController-->setListening listening:true mView: com.oplus.systemui.plugins.qs.widget.OplusQsToggleSliderLayout{62fe82c V.E...... ......ID 558,244-737,643 #7f0a09f0 app:id/qs_brightness_slider_layout alpha=0.0 viewInfo = } value:0
07-29 06:42:29.538  4846  4846 I SystemUi--QuickSettings: OplusQsVolumeSliderController-->updateVolumeSeekBarMaxProgress: isNeedUpdate=true, maxVolumeProgress=16000, seekBarMaxProgress=1600, isInit=false
07-29 06:42:29.538  4846  4846 I SystemUi--QuickSettings: OplusQsVolumeSliderController-->updateVolumeSeekBarProgress: isNeedUpdate=true, isAllowUpdate=true, volumeLevel=0, seekBarLevel=0, initialVolumeSliderProgress=0, initialSeekBarVolumeLevel=-1, progressUpdated=false
07-29 06:42:29.538  4846  4846 I SystemUi--QuickSettings: OplusQsVolumeSliderController-->updateDisableShowVolumeDialog: isQsListening=true
07-29 06:42:29.538  4846  4846 I SystemUi--Device_Panel: OplusQSMyDeviceContainerViewController-->setListening listening: true
07-29 06:42:29.538  4846  4846 I [DevicePlugin].SysUiPluginService.(main): setListening: isListening=true, _isSeparateMode=true
07-29 06:42:29.538  3437  3725 D DisplayManagerService: performTraversalInternal pendingTraversal
07-29 06:42:29.538  4846  4846 I [DevicePlugin].FixedSeparateModelPanel.(main): onCtrCenterShow
07-29 06:42:29.538  3437  3725 D DisplayDevice: setLayerStackLocked id=local:4630946756802996883 token=android.os.BinderProxy@c5ef8ab stack=0->0
07-29 06:42:29.538  4846  4846 I [DevicePlugin].FixedSeparateModelPanel.(main): onResume
07-29 06:42:29.538  4688  4688 D CastManagerService: onDisplayChanged.
07-29 06:42:29.539  3437  4786 I InputDispatcher: injectInputEvent: targetUid=<not set>, syncMode=WAIT_FOR_FINISHED, timeout=30000ms, policyFlags=0x8000000, event=MotionEvent { action=MOVE, id[0]=0, x[0]=900, y[0]=345.2, eventTime=57284000000, downTime=57236000000, deviceId=4, source=TOUCHSCREEN, displayId=0, eventId=0xcbe35748}
07-29 06:42:29.539  4846  4846 I SystemUi--Common: NotificationShadeDepthC-->sceneFlag: 0x001, isStart = true, Current sceneFlags: 0x001
07-29 06:42:29.539  4846  6001 D [DevicePlugin].DataInterfaceImp.(DefaultDispatcher-worker-8): safeCall, method:panel_state
07-29 06:42:29.540  4846  4846 D NavigationBar: restrainNavigationBarInvertColor: true
07-29 06:42:29.540  4846  4846 D RegionSamplingHelper: animation scene, no need register sampling listener
07-29 06:42:29.540  4846  4846 I SystemUi--Common: OplusShadeExpansionStat-->go state: CLOSED -> OPENING
07-29 06:42:29.540  4846  4846 I SystemUi--Common: OplusShadeExpansionStat-->go state: CLOSED -> OPENING
07-29 06:42:29.541  4846  4846 I SystemUi--Notification: OplusHeadsUpNotificationViewBinder-->isVisibility: true
07-29 06:42:29.541  3437  5715 D OomAdjuster: Not killing cached processes
07-29 06:42:29.541  4846  4846 I SystemUi--Keyguard: ScrimControllerExImp-->blur State to UNLOCK, bouncer=false changeFromBouncerScrim= false runnerUnlock= false goingAway=false hasHandle=true isOccludeAnimationPlaying=false
07-29 06:42:29.541  4846  4846 I SystemUi--Common: PlatformBlurManagerImpl-->setPlatformBlurMode: blurMode=AUTO(blurFrequency=2)
07-29 06:42:29.541  4846  4846 I SystemUi--Common: PlatformBlurManagerImpl-->updateMotionFrequency: isExpanding=true
07-29 06:42:29.542  4846  4846 I SystemUi--Notification: OplusNotificationShadeWindowControllerExImpl-->isExpanded: isPowerBlock=false ,isErrorFpTouchWhenScreenOff=false ,qsPanelVisible=false, isAodMaskShow=false
07-29 06:42:29.542  4846  4846 I SystemUi--Notification: OplusNotificationShadeWindowControllerExImpl-->SHADE_FOCUSABLE-->mNotificationShadeFocusable= false, mPanelExpanded= false, mBouncerShowing= false, mKeyguardShowing= false, mKeyguardOccluded= false, mKeyguardNeedsInput= false, ENABLE_REMOTE_INPUT= true, mRemoteInputActive= false, layoutFlags= -2130444216
07-29 06:42:29.542  4846  4846 I SystemUi--Notification: OplusNotificationShadeWindowControllerExImpl-->SHADE_VISIBLE-->mKeyguardShowing= false, mKeyguardOccluded= false, mPanelVisible= false, mKeyguardFadingAway= false, mKeyguardGoingAway= false, mBouncerShowing= false, mScrimsVisibility= 1, mBackgroundBlurRadius= 0, mForcePluginOpen= false, mediaBackdropShowing= false, viewVisibility= true, qsBlurFraction= 0.023459096, panelBlurFraction= 0.0
07-29 06:42:29.543  4846  4846 D UXUtils : notifyUiSwitched: 1
07-29 06:42:29.543  3437  3746 I UserAwareMgr: handleTopAppChanged: com.android.systemui, pid: 4846, uid: 10218
07-29 06:42:29.543  4846  4846 I SystemUi--Notification: ScrimControllerExImp-->[onQsBottomVisibleChanged] qsBottomVisible=true
07-29 06:42:29.543  4846  5864 I SystemUi--Keyguard: OnScreenFingerprintUiMech-->hideFingerprintIconTemporarily for reason: panel expaned ShowForEnroll false mPendingHide false
07-29 06:42:29.543  4846  4846 I SystemUi--Common: PlatformBlurManagerImpl-->resumeBlur: updatePlatformBlurState(updatePanelBlurState): shouldBlur, isKeyguardVisible=false, isKeyguardFadingAway=false, isPanelVisible=true, isShadeLock=false.
07-29 06:42:29.543  4846  4846 I SystemUi--Common: PlatformBlurManagerImpl-->forceStopMotionBlur: stop=false
07-29 06:42:29.543  4846  4846 I SystemUi--Keyguard: ScrimControllerExImp-->blur State to UNLOCK, bouncer=false changeFromBouncerScrim= false runnerUnlock= false goingAway=false hasHandle=true isOccludeAnimationPlaying=false
07-29 06:42:29.543  1711  4804 E TetherController: property_get sys.radio.data.modem_share_flag return 0, 1!
07-29 06:42:29.544  3437  3727 D DisplayManagerService: MSG_REQUEST_TRAVERSAL pendingCompleted=false
07-29 06:42:29.544  4846  4846 I SystemUi--Statusbar: PrivacyDotViewController-->scheduleUpdate: 
07-29 06:42:29.545  7560  7604 I mydevices[core].ProviderCallProcessor: (binder:7560_2)method: panel_state; arg: panel_resume
07-29 06:42:29.545  7560  7604 I mydevices[core].ControlCenterManager: (binder:7560_2)onPanelShow
07-29 06:42:29.545  4846  5766 D Tile.CustomTile.OshareTileService: refreshState: tile not listening, ignore
07-29 06:42:29.545  4846  5766 D TileStateController: bindAppWhenListening: false ComponentInfo{com.coloros.oshare/com.oplus.oshare.OshareTileService}
07-29 06:42:29.545  4846  5766 I SystemUi--QuickSettings: Tile.CustomTile.OshareTileService-->bindServiceWhenListening: false when isOplusQsTile
07-29 06:42:29.545  4846  5766 D Tile.CustomTile.OshareTileService: refreshState: tile not listening, ignore
07-29 06:42:29.545  3437  5715 I VibratorManagerServiceExtImpl: cancelVibrate uid=1000, pid=3437, usageFilter=-15, token=158857539
07-29 06:42:29.546  4846  4846 I SystemUi--Statusbar: PrivacyDotViewController-->needShow false
07-29 06:42:29.546  4846  4846 I SystemUi--Statusbar: PrivacyDotViewController-->scheduleUpdate: 
07-29 06:42:29.546  4846  4846 I SystemUi--Notification: OplusNotificationShadeWindowControllerExImpl-->SHADE_FOCUSABLE-->mNotificationShadeFocusable= true, mPanelExpanded= false, mBouncerShowing= false, mKeyguardShowing= false, mKeyguardOccluded= false, mKeyguardNeedsInput= false, ENABLE_REMOTE_INPUT= true, mRemoteInputActive= false, layoutFlags= -2130444216
07-29 06:42:29.546  4846  4846 I SystemUi--Notification: OplusNotificationShadeWindowControllerExImpl-->SHADE_VISIBLE-->mKeyguardShowing= false, mKeyguardOccluded= false, mPanelVisible= false, mKeyguardFadingAway= false, mKeyguardGoingAway= false, mBouncerShowing= false, mScrimsVisibility= 1, mBackgroundBlurRadius= 0, mForcePluginOpen= false, mediaBackdropShowing= false, viewVisibility= true, qsBlurFraction= 0.023459096, panelBlurFraction= 0.0
07-29 06:42:29.546  4846  5766 D TileStateController: setListening listening: true component: ComponentInfo{com.oplus.eyeprotect/com.oplus.eyeprotect.services.EyeProtectTileService} userContext: com.android.systemui.SystemUIApplication@7b73010
07-29 06:42:29.546  4846  5094 I [UAH_CLIENT]: UahEventAcquire, cmdid:413, pkg:none, identity:OsenseHelperImpl
07-29 06:42:29.547  4846  4846 I SystemUi--QuickSettings: BackActionInteractor-->registerBackCallback true
07-29 06:42:29.547  4846  4846 I SystemUi--QuickSettings: OplusSeparateQSManager-->updateSeparateQSExpandState recomputeDisableFlags
07-29 06:42:29.547  3437  3482 D CoreBackPreview: Window{f06f861 u0 NotificationShade}: Setting back callback OnBackInvokedCallbackInfo{mCallback=android.window.IOnBackInvokedCallback$Stub$Proxy@2d9bbc0, mPriority=0, mIsAnimationCallback=false}
07-29 06:42:29.547  4846  4846 I SystemUi--Statusbar: CollapsedSbFragment-->New visibilities calculated internally. StatusBarVisibilityModel(showClock: false showNotificationIcons:false showOngoingActivityChip:false showSystemInfo:false ) 
07-29 06:42:29.547  4846  6001 D [DevicePlugin].DataInterfaceImp.(DefaultDispatcher-worker-8): safeCall, method:getPanelDeviceList
07-29 06:42:29.547  4846  4846 I SystemUi--Statusbar: CollapsedStatusBarFragmentExImpl-->animate: true, unlockAnimationRunning: false, fadingAway: false, keyguard: false
07-29 06:42:29.547  7560  7644 I mydevices[core].ProviderCallProcessor: (binder:7560_3)method: getPanelDeviceList; arg: 
07-29 06:42:29.547  7560  8714 I mydevices[core].CardsProxyManager: (DefaultDispatcher-worker-1)resume cards: [], visibleCount: 0, showPosition: 4
07-29 06:42:29.547  7560  8714 I mydevices[core].CardsProxyManager: (DefaultDispatcher-worker-1)notify cards size : 0, code = 1
07-29 06:42:29.547  7560  8714 I mydevices[core].CardsProxyManager: (DefaultDispatcher-worker-1)current cards is empty, no need to call the event
07-29 06:42:29.547  7560  8714 I mydevices[core].OPSynergyScannerImpl: (DefaultDispatcher-worker-1)reScan
07-29 06:42:29.547  7560  8714 D OplusLog_DeviceKit_com.heytap.mydevices: [SynergyDeviceManager-61161365] isServiceBound
07-29 06:42:29.547  7560  8714 D OplusLog_DeviceKit_com.heytap.mydevices: [OpDeviceServiceClient-61161365] isServiceBound: null
07-29 06:42:29.547  7560  8714 I mydevices[core].CoreOpDeviceAction: (DefaultDispatcher-worker-1)isServiceBind: isBind: false
07-29 06:42:29.547  7560  8714 I mydevices[core].OPSynergyScannerImpl: (DefaultDispatcher-worker-1)getOpDeviceList
07-29 06:42:29.547  7560  8714 D OplusLog_DeviceKit_com.heytap.mydevices: [SynergyDeviceManager-61161365] getDeviceList: com.heytap.mydevices.core.action.CoreOpDeviceAction$d@80e6f68
07-29 06:42:29.547  4846  4846 I SystemUi--Statusbar: CollapsedStatusBarFragmentExImpl-->StatusBarVisibilityModelEx: StatusBarVisibilityModelEx(showClock: false showPromptView:false showOngoingCallChip:false showNotificationContainer:false showOperatorName:false showSeedlingContainer:false ), animate: true
07-29 06:42:29.548  7560  8714 D OplusLog_DeviceKit_com.heytap.mydevices: [OpDeviceServiceClient-61161365] settings_opsynergy_has_device: 0
07-29 06:42:29.548  7560  8714 D OplusLog_DeviceKit_com.heytap.mydevices: [SynergyDeviceManager-61161365] getDeviceList result: com.heytap.mydevices.core.action.CoreOpDeviceAction$d@80e6f68, success: true, devices: []
07-29 06:42:29.548  7560  8714 I mydevices[core].CoreOpDeviceAction: (DefaultDispatcher-worker-1)device input: []
07-29 06:42:29.548  7560  8714 I mydevices[core].OPSynergyScannerImpl: (DefaultDispatcher-worker-1)getOpDeviceList, onResult
07-29 06:42:29.548  4846  5766 D Tile.CustomTile.EyeProtectTileService: refreshState: tile not listening, ignore
07-29 06:42:29.548  4846  5766 D TileStateController: bindAppWhenListening: false ComponentInfo{com.oplus.eyeprotect/com.oplus.eyeprotect.services.EyeProtectTileService}
07-29 06:42:29.548  7560  7644 I mydevices[core].ControlCenterManager: (binder:7560_3)response data:DeviceSpaceInfo(version=2, panelDevices=[])
07-29 06:42:29.548  4846  5766 I SystemUi--QuickSettings: Tile.CustomTile.EyeProtectTileService-->bindServiceWhenListening: false when isOplusQsTile
07-29 06:42:29.548  4846  5766 D Tile.CustomTile.EyeProtectTileService: refreshState: tile not listening, ignore
07-29 06:42:29.548  4846  4846 I SystemUi--Keyguard: KeyguardRapidUnlockUtils-->composeKeyguard show=true, reason=applyVisibility_show
07-29 06:42:29.548  7560  7644 I mydevices[core].DeviceMainPageEvent: (binder:7560_3)uploadDeviceNumTypeName list empty
07-29 06:42:29.548  4846  6989 D OplusTileControllerPlugin: onSettingsStateChange: 1, componentName: ComponentInfo{com.oplus.eyeprotect/com.oplus.eyeprotect.services.EyeProtectTileService}
07-29 06:42:29.548  4846  5043 D RegionSamplingHelper =:    mCompositionSamplingListener.unregister
07-29 06:42:29.548  2172  2464 I BpBinder: onLastStrongRef automatically unlinking death recipients: 
07-29 06:42:29.548  4846  5043 I NotificationShadeWindowController: stop Pending key thread event (apply)
07-29 06:42:29.549  4846  5830 D UXUtils : setHasTopUi: true; stack: com.oplus.systemui.shade.OplusNotificationShadeWindowControllerExImpl$uxFlagUpdateRunnable$1.run:12
07-29 06:42:29.549  6543  6621 E oiface  : sched_setaffinity failed
07-29 06:42:29.550  4846  4846 I SystemUi--Keyguard: KeyguardGlideTipView-->hideTips reason=hideGlideTipImmediateWithQsExpandingOrOplusKeyguardLoadOrGotoNtfCapsule withAnimator=true delayType=2
07-29 06:42:29.550  4846  4846 I SystemUi--Keyguard: KeyguardGlideTipView-->cancelBreathAnimation-isBreathAnimationRunning=false
07-29 06:42:29.550  4846  4846 I SystemUi--Keyguard: KeyguardAffordanceTipsView-->hideTips reason=QsExpandingOrOplusKeyguardLoadOrGotoNtfCapsule withAnimator=true delayType=2
07-29 06:42:29.550  2014  2079 I gameoptHal: targetfps updated 6 -- 120
07-29 06:42:29.551  4846  5766 D Tile.CustomTile.PowerSaveTileService: refreshState: tile not listening, ignore
07-29 06:42:29.551  4846  5766 I SystemUi--QuickSettings: Tile.CustomTile.PowerSaveTileService-->bindServiceWhenListening: true as default
07-29 06:42:29.551  4846  5766 D TileStateController: setListening listening: true component: ComponentInfo{com.oplus.linker/com.oplus.linker.synergy.service.TVTileService} userContext: com.android.systemui.SystemUIApplication@7b73010
07-29 06:42:29.552  4846  6001 I [DevicePlugin].DevicePanelPresenter.(DefaultDispatcher-worker-8): response code:30001; panelInfo:PanelInfo(panelState=DEVICE_HOME, panelDevices=[]), pluginVersion: 2
07-29 06:42:29.552  4846  6001 I [DevicePlugin].FixedSeparateModelPanel.(DefaultDispatcher-worker-8): onPanelInfoChanged
07-29 06:42:29.552  4846  6001 I [DevicePlugin].FixedSeparateModelPanel.(DefaultDispatcher-worker-8): updateView: panelState=DEVICE_HOME, panelDevices.size=0
07-29 06:42:29.552  4846  4846 D ViewRootImplExtImpl: wrapConfigInfoIntoFlags rotation=0, smallestScreenWidthDp=0, residentWS=false, scenario=0, bounds=Rect(0, 0 - 1080, 2376), relayoutAsync=false, flags=1, newFlags=1245708289, title=NotificationShade
07-29 06:42:29.552  4846  5766 D Tile.CustomTile.TVTileService: refreshState: tile not listening, ignore
07-29 06:42:29.552  4846  5766 D TileStateController: bindAppWhenListening: false ComponentInfo{com.oplus.linker/com.oplus.linker.synergy.service.TVTileService}
07-29 06:42:29.552  4846  5766 I SystemUi--QuickSettings: Tile.CustomTile.TVTileService-->bindServiceWhenListening: false when isOplusQsTile
07-29 06:42:29.552  4846  5766 D Tile.CustomTile.TVTileService: refreshState: tile not listening, ignore
07-29 06:42:29.552  4846  6989 D OplusTileControllerPlugin: onSettingsStateChange: 1, componentName: ComponentInfo{com.oplus.linker/com.oplus.linker.synergy.service.TVTileService}
07-29 06:42:29.552  3437  3482 D WindowManagerServiceExtImpl: extractConfigInfoAndRealFlags rotation=0, screenDp=0, residentWS:0, scenario:0, bounds:2376, serverWinBounds:Rect(0, 0 - 1080, 2376), win=Window{f06f861 u0 NotificationShade}
07-29 06:42:29.553  3437  3482 V WindowManager: Relayout Window{f06f861 u0 NotificationShade}: viewVisibility=0, oldvis=4, req=1080x2376, vsysui=, x=0, y=0
07-29 06:42:29.553  3437  3482 I WindowManager: Window{f06f861 u0 NotificationShade} state from NO_SURFACE to DRAW_PENDING; reason: resetDrawState
07-29 06:42:29.553  4846  5766 D Tile.CustomTile.WindowsLinkTileService: refreshState: tile not listening, ignore
07-29 06:42:29.553  4846  5766 D TileStateController: bindAppWhenListening: false ComponentInfo{com.microsoft.appmanager/com.microsoft.appmanager.quicksettings.WindowsLinkTileService}
07-29 06:42:29.553  4846  5766 I SystemUi--QuickSettings: Tile.CustomTile.WindowsLinkTileService-->bindServiceWhenListening: false when isActiveTile && isTileReady
07-29 06:42:29.553  2172  2464 D OplusLayer: setProcInfo (131,NotificationShade#131,com.android.systemui,0x4578D52F)
07-29 06:42:29.553  4846  5766 D Tile.CustomTile.WirelessReverseControService: refreshState: tile not listening, ignore
07-29 06:42:29.553  4846  5766 I SystemUi--QuickSettings: Tile.CustomTile.WirelessReverseControService-->bindServiceWhenListening: true as default
07-29 06:42:29.553  4846  5766 D TileStateController: updateCurrentStateIsNotDirty component:ComponentInfo{com.oplus.eyeprotect/com.oplus.eyeprotect.services.EyeProtectTileService}
07-29 06:42:29.553  4846  5766 D TileStateController: updateCurrentStateIsNotDirty component:ComponentInfo{com.oplus.linker/com.oplus.linker.synergy.service.TVTileService}
07-29 06:42:29.554  3437  3482 D QuickBackInputPolicy: hasMultiChildrenInTask: false
07-29 06:42:29.554  3437  3482 D WindowManager: NFW_findFocusedWindowIfNeeded:Window{de99b1e u0 com.android.launcher/com.android.launcher.Launcher} mCurrentFocus:Window{de99b1e u0 com.android.launcher/com.android.launcher.Launcher}
07-29 06:42:29.555  6608  6608 W Battery : PowerSaveTileService: onCreate
07-29 06:42:29.555  4846  4846 W VRI[NotificationShade]: updateBlastSurfaceIfNeeded, surfaceSize:Point(1080, 2376), lastSurfaceSize:Point(1080, 2376), format:-3, blastBufferQueue:null
07-29 06:42:29.555  4846  4846 D BufferQueueConsumer: [](id:12ee00000009,api:0,p:-1,c:4846) connect: controlledByApp=false
07-29 06:42:29.555  4846  4846 I SystemUi--Keyguard: KeyguardEngineContainer-->onConfigurationChanged, locale = en-US,zh-CN, mLastLocale= en-US,zh-CN
07-29 06:42:29.555  4846  4846 I SystemUi--Keyguard: KeyguardEngineContainer-->onConfigurationChanged. font = 0, mLastFlipFont = 0, density = 480, mDensity = 480
07-29 06:42:29.556  4846  4846 I SystemUi--Keyguard: KeyguardPluginManager-->maybeReloadNormalKeyguard, uses default LockScreen
07-29 06:42:29.556  4846 12880 D Tile.CustomTile.PowerSaveTileService: refreshState: tile not listening, ignore
07-29 06:42:29.556  4846  4891 D Tile.CustomTile.WirelessReverseControService: refreshState: tile not listening, ignore
07-29 06:42:29.556  4846  4846 E ndroid.systemui: No package ID ff found for resource ID 0xffffffff.
07-29 06:42:29.556  4846  4846 E ndroid.systemui: No package ID ff found for resource ID 0xffffffff.
07-29 06:42:29.556  4846  4846 E ndroid.systemui: No package ID ff found for resource ID 0xffffffff.
07-29 06:42:29.557  4846  4846 E ThemeUtils: View class com.oplus.systemui.keyguard.view.GeneralFontVariationTextView is an AppCompat widget that can only be used with a Theme.AppCompat theme (or descendant).
07-29 06:42:29.557  4846  4846 E ThemeUtils: View class com.oplus.systemui.keyguard.view.GeneralFontVariationTextView is an AppCompat widget that can only be used with a Theme.AppCompat theme (or descendant).
07-29 06:42:29.557  4846  4846 I SystemUi--Keyguard: PictorialAppInfo-->isShowPictorialTipDevice true,bottomMargin=611
07-29 06:42:29.557  4846  4846 I SystemUi--Keyguard: PictorialFunctionContainer-->onWallpaperChange info is null or local or engine
07-29 06:42:29.557  4846  4846 I SystemUi--Keyguard: PictorialAppInfo-->isShowPictorialTipDevice true,bottomMargin=611
07-29 06:42:29.557  4846  4846 I SystemUi--Keyguard: PictorialAppInfo-->isShowPictorialTipDevice true,bottomMargin=611
07-29 06:42:29.557  4846  4846 I SystemUi--Notification: NotificationsQSContainerController-->onWindowConfigurationChange: splitShadeEnabled=false
07-29 06:42:29.557  4846  4846 I SystemUi--Notification: NotificationsQSContainerController-->updateResources: splitShadeEnabled=false, newSplitShadeEnabled=false
07-29 06:42:29.558  4846  4846 I SystemUi--Notification: OplusQSSimpleHeader-->shouldClick: true, isInSuperPowerSaveMode: false, isInWellBeingAssistantMode: false
07-29 06:42:29.558  4846  4846 I SystemUi--Notification: OplusQSSimpleHeader-->updateMarginTop, reason: configChange, newMarginTop: 102 currentMarginTop 102
07-29 06:42:29.558  4846  4846 I SystemUi--QuickSettings: OplusQuickStatusBarHeader-->[onConfigurationChanged] updateResources end, start call listener
07-29 06:42:29.560  4846  4846 I SystemUi--QuickSettings: OplusQuickStatusBarHeader-->[onConfigurationChanged] updateResources end, start call listener
07-29 06:42:29.561  4846  4846 I SystemUi--QuickSettings: OplusQSHighlightTileViewImpl-->updateIconViewSize mTileCanTips=true
07-29 06:42:29.562  4846  4846 I SystemUi--QuickSettings: OplusQSHighlightTileViewImpl-->updateIconViewSize mTileCanTips=true
07-29 06:42:29.562  4846  4846 I SystemUi--QuickSettings: OplusQsToggleSliderTouchExt-->getRealSize point: Point(1080, 2376) realScreenWidth: 1080 realScreenHeight: 2376
07-29 06:42:29.562  4846  4846 I SystemUi--QuickSettings: OplusQsToggleSliderLayout-->updateRadius radius= 57.815125, roundParams= OplusRoundParams(radiusDp=15.2, radius=45.6, weight=1.1, isCircle=false), isDefaultVolumeTheme = true
07-29 06:42:29.562  4846  4846 I COUIVerticalSeekBar: COUIVerticalSeekBar ensureSize : mIsProgressFull:true,mBackgroundRadius:45.6,mBackgroundWidth:179.0,mBackgroundEnlargeScale1.0,mProgressRadius:45.6,mProgressWidth:179.0,mProgressEnlargeScale1.0,mPaddingVertical45.6
07-29 06:42:29.562  4846  4846 I COUIVerticalSeekBar: updateBehavior * normalSeekBarHeight = 309,mPaddingVertical = 45.6,mIsPhysicsEnable = true,mPhysicalAnimator = null,mFlingBehavior = null,Thread_name = main,hashCode = 55837617,time = 1753785749562,stackChain = com.coui.appcompat.seekbar.COUIVerticalSeekBar.updateBehavior$1:14 com.coui.appcompat.seekbar.COUIVerticalSeekBar.ensureSize$1:182 com.coui.appcompat.seekbar.COUIVerticalSeekBar.setBackgroundRadius:3 com.oplus.systemui.qs.base.seek.OplusQsBaseToggleSliderLayout.updateRadius:60 
07-29 06:42:29.562  4846  4846 I COUIVerticalSeekBar: setPaddingVertical * paddingVertical = 45.6,hashCode = 55837617,time = 1753785749562
07-29 06:42:29.562  4846  4846 I COUIVerticalSeekBar: COUIVerticalSeekBar ensureSize : mIsProgressFull:true,mBackgroundRadius:45.6,mBackgroundWidth:179.0,mBackgroundEnlargeScale1.0,mProgressRadius:45.6,mProgressWidth:179.0,mProgressEnlargeScale1.0,mPaddingVertical45.6
07-29 06:42:29.562  4846  4846 I COUIVerticalSeekBar: updateBehavior * normalSeekBarHeight = 309,mPaddingVertical = 45.6,mIsPhysicsEnable = true,mPhysicalAnimator = null,mFlingBehavior = null,Thread_name = main,hashCode = 55837617,time = 1753785749562,stackChain = com.coui.appcompat.seekbar.COUIVerticalSeekBar.updateBehavior$1:14 com.coui.appcompat.seekbar.COUIVerticalSeekBar.ensureSize$1:182 com.coui.appcompat.seekbar.COUIVerticalSeekBar.setPaddingVertical:59 com.oplus.systemui.qs.base.seek.OplusQsBaseToggleSliderLayout.updateRadius:74 
07-29 06:42:29.562  4846  4846 I SystemUi--QuickSettings: OplusQsToggleSliderTouchExt-->getRealSize point: Point(1080, 2376) realScreenWidth: 1080 realScreenHeight: 2376
07-29 06:42:29.562  4846  4846 I SystemUi--QuickSettings: OplusQsToggleSliderLayout-->updateRadius radius= 57.815125, roundParams= OplusRoundParams(radiusDp=15.2, radius=45.6, weight=1.1, isCircle=false), isDefaultVolumeTheme = true
07-29 06:42:29.562  4846  4846 I COUIVerticalSeekBar: COUIVerticalSeekBar ensureSize : mIsProgressFull:true,mBackgroundRadius:45.6,mBackgroundWidth:179.0,mBackgroundEnlargeScale1.0,mProgressRadius:45.6,mProgressWidth:179.0,mProgressEnlargeScale1.0,mPaddingVertical45.6
07-29 06:42:29.562  4846  4846 I COUIVerticalSeekBar: updateBehavior * normalSeekBarHeight = 309,mPaddingVertical = 45.6,mIsPhysicsEnable = true,mPhysicalAnimator = null,mFlingBehavior = null,Thread_name = main,hashCode = 150370281,time = 1753785749562,stackChain = com.coui.appcompat.seekbar.COUIVerticalSeekBar.updateBehavior$1:14 com.coui.appcompat.seekbar.COUIVerticalSeekBar.ensureSize$1:182 com.coui.appcompat.seekbar.COUIVerticalSeekBar.setBackgroundRadius:3 com.oplus.systemui.qs.base.seek.OplusQsBaseToggleSliderLayout.updateRadius:60 
07-29 06:42:29.563  4846  4846 I COUIVerticalSeekBar: setPaddingVertical * paddingVertical = 45.6,hashCode = 150370281,time = 1753785749563
07-29 06:42:29.563  4846  4846 I COUIVerticalSeekBar: COUIVerticalSeekBar ensureSize : mIsProgressFull:true,mBackgroundRadius:45.6,mBackgroundWidth:179.0,mBackgroundEnlargeScale1.0,mProgressRadius:45.6,mProgressWidth:179.0,mProgressEnlargeScale1.0,mPaddingVertical45.6
07-29 06:42:29.563  4846  4846 I COUIVerticalSeekBar: updateBehavior * normalSeekBarHeight = 309,mPaddingVertical = 45.6,mIsPhysicsEnable = true,mPhysicalAnimator = null,mFlingBehavior = null,Thread_name = main,hashCode = 150370281,time = 1753785749563,stackChain = com.coui.appcompat.seekbar.COUIVerticalSeekBar.updateBehavior$1:14 com.coui.appcompat.seekbar.COUIVerticalSeekBar.ensureSize$1:182 com.coui.appcompat.seekbar.COUIVerticalSeekBar.setPaddingVertical:59 com.oplus.systemui.qs.base.seek.OplusQsBaseToggleSliderLayout.updateRadius:74 
07-29 06:42:29.563  4846  4846 I [DevicePlugin].NoDeviceEntranceCardView.(main): onConfigurationChanged
07-29 06:42:29.563  4846  4846 I [DevicePlugin].PlatformUtils.(main): isLowGaussianLevel: DEBUG_LEVEL = -1, ANIM_LEVEL = 1
07-29 06:42:29.563  4846  4846 I [DevicePlugin].PlatformUtils.(main): isGlobalThemeApplied: isGlobalTheme=false
07-29 06:42:29.563  4846  4846 I [DevicePlugin].PlatformUtils.(main): isBlurEnable: enable=true
07-29 06:42:29.563  4846  4846 I [DevicePlugin].PlatformUtils.(main): isGlobalThemeApplied: isGlobalTheme=false
07-29 06:42:29.563  4846  4846 I [DevicePlugin].PlatformUtils.(main): isLightOsGaussianLevel: DEBUG_LEVEL = -1, ANIM_LEVEL = 1
07-29 06:42:29.563  4846  4846 I [DevicePlugin].PlatformUtils.(main): isLightBlurEnable: enable=false
07-29 06:42:29.563  4846  4846 I [DevicePlugin].RectangleDeviceCardView.(main): onConfigurationChanged
07-29 06:42:29.563  4846  4846 I [DevicePlugin].PlatformUtils.(main): isLowGaussianLevel: DEBUG_LEVEL = -1, ANIM_LEVEL = 1
07-29 06:42:29.563  4846  4846 I [DevicePlugin].PlatformUtils.(main): isGlobalThemeApplied: isGlobalTheme=false
07-29 06:42:29.563  4846  4846 I [DevicePlugin].PlatformUtils.(main): isBlurEnable: enable=true
07-29 06:42:29.563  4846  4846 I [DevicePlugin].PlatformUtils.(main): isGlobalThemeApplied: isGlobalTheme=false
07-29 06:42:29.563  4846  4846 I [DevicePlugin].PlatformUtils.(main): isLightOsGaussianLevel: DEBUG_LEVEL = -1, ANIM_LEVEL = 1
07-29 06:42:29.563  4846  4846 I [DevicePlugin].PlatformUtils.(main): isLightBlurEnable: enable=false
07-29 06:42:29.563  4846  4846 I [DevicePlugin].RectangleEntranceCardView.(main): onConfigurationChanged
07-29 06:42:29.563  4846  4846 I [DevicePlugin].PlatformUtils.(main): isLowGaussianLevel: DEBUG_LEVEL = -1, ANIM_LEVEL = 1
07-29 06:42:29.563  4846  4846 I [DevicePlugin].PlatformUtils.(main): isGlobalThemeApplied: isGlobalTheme=false
07-29 06:42:29.563  4846  4846 I [DevicePlugin].PlatformUtils.(main): isBlurEnable: enable=true
07-29 06:42:29.563  4846  4846 I [DevicePlugin].PlatformUtils.(main): isGlobalThemeApplied: isGlobalTheme=false
07-29 06:42:29.563  4846  4846 I [DevicePlugin].PlatformUtils.(main): isLightOsGaussianLevel: DEBUG_LEVEL = -1, ANIM_LEVEL = 1
07-29 06:42:29.563  4846  4846 I [DevicePlugin].PlatformUtils.(main): isLightBlurEnable: enable=false
07-29 06:42:29.563  4846  4846 I [DevicePlugin].RectangleDeviceCardView.(main): onConfigurationChanged
07-29 06:42:29.563  4846  4846 I [DevicePlugin].PlatformUtils.(main): isLowGaussianLevel: DEBUG_LEVEL = -1, ANIM_LEVEL = 1
07-29 06:42:29.563  4846  4846 I [DevicePlugin].PlatformUtils.(main): isGlobalThemeApplied: isGlobalTheme=false
07-29 06:42:29.563  4846  4846 I [DevicePlugin].PlatformUtils.(main): isBlurEnable: enable=true
07-29 06:42:29.563  4846  4846 I [DevicePlugin].PlatformUtils.(main): isGlobalThemeApplied: isGlobalTheme=false
07-29 06:42:29.563  4846  4846 I [DevicePlugin].PlatformUtils.(main): isLightOsGaussianLevel: DEBUG_LEVEL = -1, ANIM_LEVEL = 1
07-29 06:42:29.563  4846  4846 I [DevicePlugin].PlatformUtils.(main): isLightBlurEnable: enable=false
07-29 06:42:29.563  4846  4846 I [DevicePlugin].SquareDeviceCardView.(main): onConfigurationChanged
07-29 06:42:29.563  4846  4846 I [DevicePlugin].PlatformUtils.(main): isLowGaussianLevel: DEBUG_LEVEL = -1, ANIM_LEVEL = 1
07-29 06:42:29.563  4846  4846 I [DevicePlugin].PlatformUtils.(main): isGlobalThemeApplied: isGlobalTheme=false
07-29 06:42:29.563  4846  4846 I [DevicePlugin].PlatformUtils.(main): isBlurEnable: enable=true
07-29 06:42:29.563  4846  4846 I [DevicePlugin].PlatformUtils.(main): isGlobalThemeApplied: isGlobalTheme=false
07-29 06:42:29.563  4846  4846 I [DevicePlugin].PlatformUtils.(main): isLightOsGaussianLevel: DEBUG_LEVEL = -1, ANIM_LEVEL = 1
07-29 06:42:29.563  4846  4846 I [DevicePlugin].PlatformUtils.(main): isLightBlurEnable: enable=false
07-29 06:42:29.563  4846  4846 I [DevicePlugin].SquareEntranceCardView.(main): onConfigurationChanged
07-29 06:42:29.563  4846  4846 I [DevicePlugin].PlatformUtils.(main): isLowGaussianLevel: DEBUG_LEVEL = -1, ANIM_LEVEL = 1
07-29 06:42:29.563  4846  4846 I [DevicePlugin].PlatformUtils.(main): isGlobalThemeApplied: isGlobalTheme=false
07-29 06:42:29.563  4846  4846 I [DevicePlugin].PlatformUtils.(main): isBlurEnable: enable=true
07-29 06:42:29.563  4846  4846 I [DevicePlugin].PlatformUtils.(main): isGlobalThemeApplied: isGlobalTheme=false
07-29 06:42:29.563  4846  4846 I [DevicePlugin].PlatformUtils.(main): isLightOsGaussianLevel: DEBUG_LEVEL = -1, ANIM_LEVEL = 1
07-29 06:42:29.563  4846  4846 I [DevicePlugin].PlatformUtils.(main): isLightBlurEnable: enable=false
07-29 06:42:29.563  4846  4846 I [DevicePlugin].SquareDeviceCardView.(main): onConfigurationChanged
07-29 06:42:29.563  4846  4846 I [DevicePlugin].PlatformUtils.(main): isLowGaussianLevel: DEBUG_LEVEL = -1, ANIM_LEVEL = 1
07-29 06:42:29.563  4846  4846 I [DevicePlugin].PlatformUtils.(main): isGlobalThemeApplied: isGlobalTheme=false
07-29 06:42:29.563  4846  4846 I [DevicePlugin].PlatformUtils.(main): isBlurEnable: enable=true
07-29 06:42:29.563  4846  4846 I [DevicePlugin].PlatformUtils.(main): isGlobalThemeApplied: isGlobalTheme=false
07-29 06:42:29.563  4846  4846 I [DevicePlugin].PlatformUtils.(main): isLightOsGaussianLevel: DEBUG_LEVEL = -1, ANIM_LEVEL = 1
07-29 06:42:29.563  4846  4846 I [DevicePlugin].PlatformUtils.(main): isLightBlurEnable: enable=false
07-29 06:42:29.563  4846  4846 I [DevicePlugin].SquareDeviceCardView.(main): onConfigurationChanged
07-29 06:42:29.563  4846  4846 I [DevicePlugin].PlatformUtils.(main): isLowGaussianLevel: DEBUG_LEVEL = -1, ANIM_LEVEL = 1
07-29 06:42:29.563  4846  4846 I [DevicePlugin].PlatformUtils.(main): isGlobalThemeApplied: isGlobalTheme=false
07-29 06:42:29.563  4846  4846 I [DevicePlugin].PlatformUtils.(main): isBlurEnable: enable=true
07-29 06:42:29.563  4846  4846 I [DevicePlugin].PlatformUtils.(main): isGlobalThemeApplied: isGlobalTheme=false
07-29 06:42:29.563  4846  4846 I [DevicePlugin].PlatformUtils.(main): isLightOsGaussianLevel: DEBUG_LEVEL = -1, ANIM_LEVEL = 1
07-29 06:42:29.563  4846  4846 I [DevicePlugin].PlatformUtils.(main): isLightBlurEnable: enable=false
07-29 06:42:29.563  4846  4846 I [DevicePlugin].SquareDeviceCardView.(main): onConfigurationChanged
07-29 06:42:29.563  4846  4846 I [DevicePlugin].PlatformUtils.(main): isLowGaussianLevel: DEBUG_LEVEL = -1, ANIM_LEVEL = 1
07-29 06:42:29.563  4846  4846 I [DevicePlugin].PlatformUtils.(main): isGlobalThemeApplied: isGlobalTheme=false
07-29 06:42:29.563  4846  4846 I [DevicePlugin].PlatformUtils.(main): isBlurEnable: enable=true
07-29 06:42:29.563  4846  4846 I [DevicePlugin].PlatformUtils.(main): isGlobalThemeApplied: isGlobalTheme=false
07-29 06:42:29.563  4846  4846 I [DevicePlugin].PlatformUtils.(main): isLightOsGaussianLevel: DEBUG_LEVEL = -1, ANIM_LEVEL = 1
07-29 06:42:29.563  4846  4846 I [DevicePlugin].PlatformUtils.(main): isLightBlurEnable: enable=false
07-29 06:42:29.563  4846  4846 I [DevicePlugin].SquareEntranceCardView.(main): onConfigurationChanged
07-29 06:42:29.563  4846  4846 I [DevicePlugin].PlatformUtils.(main): isLowGaussianLevel: DEBUG_LEVEL = -1, ANIM_LEVEL = 1
07-29 06:42:29.563  4846  4846 I [DevicePlugin].PlatformUtils.(main): isGlobalThemeApplied: isGlobalTheme=false
07-29 06:42:29.563  4846  4846 I [DevicePlugin].PlatformUtils.(main): isBlurEnable: enable=true
07-29 06:42:29.563  4846  4846 I [DevicePlugin].PlatformUtils.(main): isGlobalThemeApplied: isGlobalTheme=false
07-29 06:42:29.563  4846  4846 I [DevicePlugin].PlatformUtils.(main): isLightOsGaussianLevel: DEBUG_LEVEL = -1, ANIM_LEVEL = 1
07-29 06:42:29.563  4846  4846 I [DevicePlugin].PlatformUtils.(main): isLightBlurEnable: enable=false
07-29 06:42:29.565  4846  4846 I SystemUi--QuickSettings: OplusSeparateQSCustomizer-->updateResources tileRow= 3
07-29 06:42:29.565  4846  4846 I SystemUi--QuickSettings: OplusSeparateQSCustomizer--> mUsableWidth=1080
07-29 06:42:29.565  4846  4846 I SystemUi--QuickSettings: OplusSeparateQSCustomizer--> mEditCellWidth=175 mEditCellMarginHorizontal=66 mItemHeight=271 mHorizontalSidePadding=57
07-29 06:42:29.565  4846  4846 I SystemUi--QuickSettings: OplusQsToggleSliderTouchExt-->getRealSize point: Point(1080, 2376) realScreenWidth: 1080 realScreenHeight: 2376
07-29 06:42:29.565  4846  4846 I SystemUi--QuickSettings: OplusQsToggleSliderLayout-->updateRadius radius= 57.815125, roundParams= OplusRoundParams(radiusDp=15.2, radius=45.6, weight=1.1, isCircle=false), isDefaultVolumeTheme = true
07-29 06:42:29.565  4846  4846 I COUIVerticalSeekBar: COUIVerticalSeekBar ensureSize : mIsProgressFull:true,mBackgroundRadius:45.6,mBackgroundWidth:179.0,mBackgroundEnlargeScale1.0,mProgressRadius:45.6,mProgressWidth:179.0,mProgressEnlargeScale1.0,mPaddingVertical45.6
07-29 06:42:29.565  4846  4846 I COUIVerticalSeekBar: updateBehavior * normalSeekBarHeight = 309,mPaddingVertical = 45.6,mIsPhysicsEnable = true,mPhysicalAnimator = null,mFlingBehavior = null,Thread_name = main,hashCode = 56908281,time = 1753785749565,stackChain = com.coui.appcompat.seekbar.COUIVerticalSeekBar.updateBehavior$1:14 com.coui.appcompat.seekbar.COUIVerticalSeekBar.ensureSize$1:182 com.coui.appcompat.seekbar.COUIVerticalSeekBar.setBackgroundRadius:3 com.oplus.systemui.qs.base.seek.OplusQsBaseToggleSliderLayout.updateRadius:60 
07-29 06:42:29.565  4846  4846 I COUIVerticalSeekBar: setPaddingVertical * paddingVertical = 45.6,hashCode = 56908281,time = 1753785749565
07-29 06:42:29.565  4846  4846 I COUIVerticalSeekBar: COUIVerticalSeekBar ensureSize : mIsProgressFull:true,mBackgroundRadius:45.6,mBackgroundWidth:179.0,mBackgroundEnlargeScale1.0,mProgressRadius:45.6,mProgressWidth:179.0,mProgressEnlargeScale1.0,mPaddingVertical45.6
07-29 06:42:29.565  4846  4846 I COUIVerticalSeekBar: updateBehavior * normalSeekBarHeight = 309,mPaddingVertical = 45.6,mIsPhysicsEnable = true,mPhysicalAnimator = null,mFlingBehavior = null,Thread_name = main,hashCode = 56908281,time = 1753785749565,stackChain = com.coui.appcompat.seekbar.COUIVerticalSeekBar.updateBehavior$1:14 com.coui.appcompat.seekbar.COUIVerticalSeekBar.ensureSize$1:182 com.coui.appcompat.seekbar.COUIVerticalSeekBar.setPaddingVertical:59 com.oplus.systemui.qs.base.seek.OplusQsBaseToggleSliderLayout.updateRadius:74 
07-29 06:42:29.565  4846  4846 I SystemUi--Common: WindowRootView-->leftInset:0 rightInset:0  rootWindowInsets.displayCutout:DisplayCutout{insets=Rect(0, 120 - 0, 0) waterfall=Insets{left=0, top=0, right=0, bottom=0} boundingRect={Bounds=[Rect(0, 0 - 0, 0), Rect(512, 0 - 569, 120), Rect(0, 0 - 0, 0), Rect(0, 0 - 0, 0)]} cutoutPathParserInfo={CutoutPathParserInfo{displayWidth=1080 displayHeight=2376 physicalDisplayWidth=1440 physicalDisplayHeight=3168 density={4.0} cutoutSpec={M -38,0 L -38,160 L 38,160 L 38,0 Z} rotation={0} scale={1.0} physicalPixelDisplaySizeRatio={0.75}}} sideOverrides={}} windowInsets.displayCutout:DisplayCutout{insets=Rect(0, 120 - 0, 0) waterfall=Insets{left=0, top=0, right=0, bottom=0} boundingRect={Bounds=[Rect(0, 0 - 0, 0), Rect(512, 0 - 569, 120), Rect(0, 0 - 0, 0), Rect(0, 0 - 0, 0)]} cutoutPathParserInfo={CutoutPathParserInfo{displayWidth=1080 displayHeight=2376 physicalDisplayWidth=1440 physicalDisplayHeight=3168 density={4.0} cutoutSpec={M -38,0 L -38,160 L 38,160 L 38,0 Z} rotation={0} scale={1.0} physicalPixelDisplaySizeRatio={0.75}}} sideOverrides={}} currentRotation:1
07-29 06:42:29.566  4846  4846 I SystemUi--QuickSettings: OplusQuickStatusBarHeader-->onApplyWindowInsets mIgnoreCenterHole: true mCenterHoleSpaceLp: androidx.constraintlayout.widget.ConstraintLayout$LayoutParams@4557f58
07-29 06:42:29.566  4846  4846 I SystemUi--QuickSettings: OplusQuickStatusBarHeader-->updateCenterHoleView visibility: 8 isLpChanged: false
07-29 06:42:29.566  4846  4846 I SystemUi--QuickSettings: OplusQuickStatusBarHeader-->updateCenterHoleView visibility: 8 isLpChanged: false
07-29 06:42:29.566  4846  4846 I PluginSeedling--Base: SeedlingPluginService-->onStateChange: Bundle[{rect=RectF(509.25, 29.25, 570.75, 90.75), state=onHoleRectChanged}]
07-29 06:42:29.566  4846  4846 I SystemUi--Statusbar: StatusBarPaddingProvider-->updateContentsPadding: (51, 14, 60, 15), screenHoleHeight: 61 isLandscape=false, rotation: 0 screenHoleBottom: 90 statusBarHeight: 120 seedlingHeight: 90 switchSupport: true percentScreen:0.75 baseScreenWidth:1080 stableDisplayWidth:1440
07-29 06:42:29.566  4846  4846 I SystemUi--QuickSettings: OplusQuickStatusBarHeader-->onApplyWindowInsets mIgnoreCenterHole: true mCenterHoleSpaceLp: androidx.constraintlayout.widget.ConstraintLayout$LayoutParams@b4438b1
07-29 06:42:29.566  4846  4846 I SystemUi--QuickSettings: OplusQuickStatusBarHeader-->updateCenterHoleView visibility: 8 isLpChanged: false
07-29 06:42:29.566  4846  4846 I SystemUi--QuickSettings: OplusQuickStatusBarHeader-->updateCenterHoleView visibility: 8 isLpChanged: false
07-29 06:42:29.567  4846  5414 D BufferQueueProducer: [VRI[NotificationShade]#8(BLAST Consumer)8](id:12ee00000009,api:1,p:4846,c:4846) connect: api=1 producerControlledByApp=true
07-29 06:42:29.575  4846  4846 I SurfaceControl:  setExtendedRangeBrightness sc=Surface(name=NotificationShade)/@0xb792155,currentBufferRatio=1.0,desiredRatio=1.0
07-29 06:42:29.581  2172  2464 D SurfaceFlinger: captureLayers from pid 5432 uid -335
07-29 06:42:29.581  2172  2464 W SurfaceFlinger: Skipping screen capture because of invalid layer.
07-29 06:42:29.581  5432  5823 E ScreenCapture: Failed to generate screen capture. Error code: -12
07-29 06:42:29.581  5432  5823 E Blur_ScreenCapture: [captureScreenInternal] exceeds fail times limit=1
07-29 06:42:29.583  1903  4469 I Dpps    : LtmSwState::SetParameter():144 ignore cmd 7 in state LtmOffState
07-29 06:42:29.583  3437  3818 D VRR [OPlusRefreshRateService]: handleConfigIdChange physicalDisplayId: 4630946756802996883 configId: 4 renderPeriod: 8333333
07-29 06:42:29.584  3437  3818 D VRR [OPlusSAManager]: updateModeChange old modeId [ 5 ] -> new modeId [ 4 ] mCurPolicy: 1
07-29 06:42:29.584  3437  3818 D VRR [OPlusSAManager]: updateSAScene active modeId: 4
07-29 06:42:29.584  3437  3818 D VRR [OPlusSAManager]: updateSAScene current policy: 1 active modeId: 4 scene: VRR_90_120
07-29 06:42:29.584  3437  3818 D VRR [OPlusOAManager]: Not OA business! new modeId: [4] active modeId: [5]
07-29 06:42:29.584  3437  3818 D VRR [OPlusGameStatusManager]: updateGameState mOSyncFeatureSwitch: false mIsGamePolicy: false
07-29 06:42:29.584  3437  3818 D VRR [OPlusGameStatusManager]: setLTMStatus false curPkgName: com.android.launcher curr status: false HeartStop: false HeartStopFromTGPA: false ActiveFPS: 120.00001
07-29 06:42:29.584  3437  3818 D VRR [OPlusGameStatusManager]: updateGameAccelerationStatus pkgName: com.android.launcher mOSyncFeatureSwitch: false mIsGamePolicy: false mHeartStop: false mHasFlickerRisk: false mForceAcceleration: false mToastReady: false enable: false
07-29 06:42:29.584  3437  3818 D VRR [OPlusGameStatusManager]: updateToastStatus enableAcceleration: false toastReady: false isGamePolicy: false desiredModeId: 4
07-29 06:42:29.584  3437  3818 D VRR [OPlusGameStatusManager]: updateToastStatus enableAcceleration: false toastReady: false isGamePolicy: false desiredModeId: 4
07-29 06:42:29.584  3437  3818 D VRR [OPlusExternalRefreshRateManager]:  updateRenderPeriodChange configId:4 current refresh rate:120.00001
07-29 06:42:29.584  2172  3635 D VRR [OTI-HW]: isStateReady 0
07-29 06:42:29.584  2172  3635 D VRR [OTI-HW]: keep rate.
07-29 06:42:29.584  3437  3818 D VRR [OPlusSurfaceFlingerController]:  setDirectorOtiHwConfig : true
07-29 06:42:29.591  4846  5414 D BLASTBufferQueue: [VRI[NotificationShade]#8](f:0,a:1) acquireNextBufferLocked size=1080x2376 mFrameNumber=1 applyTransaction=true mTimestamp=57335755914(auto) mPendingTransactions.size=0 graphicBufferId=20813411516466 transform=0
07-29 06:42:29.591  4846  5414 D VRI[NotificationShade]: Received frameCommittedCallback lastAttemptedDrawFrameNum=1 didProduceBuffer=true syncBuffer=false
07-29 06:42:29.592  4846  4846 D VRI[NotificationShade]: draw finished. seqId=0
07-29 06:42:29.592  3437  5317 I WindowManager: Window{f06f861 u0 NotificationShade} state from DRAW_PENDING to COMMIT_DRAW_PENDING; reason: finishDrawingLocked
07-29 06:42:29.593  4846  5766 V OplusCustomizeCacheManager: queryCache name: sys.cache.common_customize_cache11011 param: null
07-29 06:42:29.593  4846  4846 D ZenModeController: Added callback class com.oplus.systemui.qs.tiles.OplusDndTile$1
07-29 06:42:29.593  4846  5766 V OplusCustomizeCacheManager: queryCache name: sys.cache.common_customize_cache11010 param: null
07-29 06:42:29.593  4846  4846 I SystemUi--Notification: OplusHeadsUpCoreStart-->isVisibility: true
07-29 06:42:29.593  3437  3728 I WindowManager: Window{f06f861 u0 NotificationShade} state from COMMIT_DRAW_PENDING to READY_TO_SHOW; reason: commitFinishDrawingLocked
07-29 06:42:29.593  3437  3728 I WindowManager: Window{f06f861 u0 NotificationShade} state from READY_TO_SHOW to HAS_DRAWN; reason: performShowLocked
07-29 06:42:29.593  4846  4846 I SystemUi--Notification: OplusNotificationShadeWindowControllerExImpl-->SHADE_FOCUSABLE-->mNotificationShadeFocusable= true, mPanelExpanded= true, mBouncerShowing= false, mKeyguardShowing= false, mKeyguardOccluded= false, mKeyguardNeedsInput= false, ENABLE_REMOTE_INPUT= true, mRemoteInputActive= false, layoutFlags= -2121924544
07-29 06:42:29.593  4846  4846 I SystemUi--Notification: OplusNotificationShadeWindowControllerExImpl-->SHADE_VISIBLE-->mKeyguardShowing= false, mKeyguardOccluded= false, mPanelVisible= false, mKeyguardFadingAway= false, mKeyguardGoingAway= false, mBouncerShowing= false, mScrimsVisibility= 1, mBackgroundBlurRadius= 0, mForcePluginOpen= false, mediaBackdropShowing= false, viewVisibility= true, qsBlurFraction= 0.023459096, panelBlurFraction= 0.0
07-29 06:42:29.594  4846  4846 I SystemUi--Keyguard: ScrimControllerExImp-->blur State to UNLOCK, bouncer=false changeFromBouncerScrim= false runnerUnlock= false goingAway=false hasHandle=true isOccludeAnimationPlaying=false
07-29 06:42:29.594  3437  4786 I InputDispatcher: injectInputEvent: targetUid=<not set>, syncMode=WAIT_FOR_FINISHED, timeout=30000ms, policyFlags=0x8000000, event=MotionEvent { action=MOVE, id[0]=0, x[0]=900, y[0]=712.934, eventTime=57340000000, downTime=57236000000, deviceId=4, source=TOUCHSCREEN, displayId=0, eventId=0xca6d2f2e}
07-29 06:42:29.595  3437  3788 D PowerManagerService: userActivityNoUpdateLocked: groupId=0, eventTime=57340, event=touch, flags=0x0, uid=1000
07-29 06:42:29.595  4846  4846 I SystemUi--Keyguard: ScrimControllerExImp-->blur State to UNLOCK, bouncer=false changeFromBouncerScrim= false runnerUnlock= false goingAway=false hasHandle=true isOccludeAnimationPlaying=false
07-29 06:42:29.595  4846  4846 I SystemUi--QuickSettings: QSPanelAnimatorManager-->showFirstElement
