07-29 08:36:12.079  4844  4844 I SystemUi--Keyguard: ScrimControllerExImp-->blur State to UNLOCK, bouncer=false changeFromBouncerScrim= false runnerUnlock= false goingAway=false hasHandle=true isOccludeAnimationPlaying=false
07-29 08:36:12.079  4844  5024 I NotificationShadeWindowController: stop Pending key thread event (apply)
07-29 08:36:12.079  4844  6037 D [DevicePlugin].DataInterfaceImp.(DefaultDispatcher-worker-7): safeCall, method:getPanelDeviceList
07-29 08:36:12.079  3344  5332 I VibratorManagerServiceExtImpl: cancelVibrate uid=1000, pid=3344, usageFilter=-15, token=181929707
07-29 08:36:12.079  4844  4844 I SystemUi--Statusbar: PrivacyDotViewController-->scheduleUpdate: 
07-29 08:36:12.079  7523  8191 I mydevices[core].ProviderCallProcessor: (binder:7523_4)method: getPanelDeviceList; arg: 
07-29 08:36:12.079  4844  5729 D Tile.CustomTile.EyeProtectTileService: refreshState: tile not listening, ignore
07-29 08:36:12.079  4844  5729 D TileStateController: bindAppWhenListening: false ComponentInfo{com.oplus.eyeprotect/com.oplus.eyeprotect.services.EyeProtectTileService}
07-29 08:36:12.080  4844  5729 I SystemUi--QuickSettings: Tile.CustomTile.EyeProtectTileService-->bindServiceWhenListening: false when isOplusQsTile
07-29 08:36:12.080  4844  6989 D OplusTileControllerPlugin: onSettingsStateChange: 1, componentName: ComponentInfo{com.oplus.eyeprotect/com.oplus.eyeprotect.services.EyeProtectTileService}
07-29 08:36:12.080  4844  5729 D Tile.CustomTile.EyeProtectTileService: refreshState: tile not listening, ignore
07-29 08:36:12.080  7523  8191 I mydevices[core].ControlCenterManager: (binder:7523_4)response data:DeviceSpaceInfo(version=2, panelDevices=[])
07-29 08:36:12.080  7523  8191 I mydevices[core].DeviceMainPageEvent: (binder:7523_4)uploadDeviceNumTypeName list empty
07-29 08:36:12.080  7523  8238 I mydevices[core].CardsProxyManager: (DefaultDispatcher-worker-7)resume cards: [], visibleCount: 0, showPosition: 4
07-29 08:36:12.080  7523  8238 I mydevices[core].CardsProxyManager: (DefaultDispatcher-worker-7)notify cards size : 0, code = 1
07-29 08:36:12.080  7523  8238 I mydevices[core].CardsProxyManager: (DefaultDispatcher-worker-7)current cards is empty, no need to call the event
07-29 08:36:12.080  7523  8238 I mydevices[core].OPSynergyScannerImpl: (DefaultDispatcher-worker-7)reScan
07-29 08:36:12.080  7523  8238 D OplusLog_DeviceKit_com.heytap.mydevices: [SynergyDeviceManager-224838066] isServiceBound
07-29 08:36:12.080  7523  8238 D OplusLog_DeviceKit_com.heytap.mydevices: [OpDeviceServiceClient-224838066] isServiceBound: null
07-29 08:36:12.080  7523  8238 I mydevices[core].CoreOpDeviceAction: (DefaultDispatcher-worker-7)isServiceBind: isBind: false
07-29 08:36:12.080  4844  5729 D Tile.CustomTile.PowerSaveTileService: refreshState: tile not listening, ignore
07-29 08:36:12.080  7523  8238 I mydevices[core].OPSynergyScannerImpl: (DefaultDispatcher-worker-7)getOpDeviceList
07-29 08:36:12.080  4844  5729 I SystemUi--QuickSettings: Tile.CustomTile.PowerSaveTileService-->bindServiceWhenListening: true as default
07-29 08:36:12.080  7523  8238 D OplusLog_DeviceKit_com.heytap.mydevices: [SynergyDeviceManager-224838066] getDeviceList: com.heytap.mydevices.core.action.CoreOpDeviceAction$d@a77ecdc
07-29 08:36:12.080  7523  8238 D OplusLog_DeviceKit_com.heytap.mydevices: [OpDeviceServiceClient-224838066] settings_opsynergy_has_device: 0
07-29 08:36:12.080  7523  8238 D OplusLog_DeviceKit_com.heytap.mydevices: [SynergyDeviceManager-224838066] getDeviceList result: com.heytap.mydevices.core.action.CoreOpDeviceAction$d@a77ecdc, success: true, devices: []
07-29 08:36:12.080  7523  8238 I mydevices[core].CoreOpDeviceAction: (DefaultDispatcher-worker-7)device input: []
07-29 08:36:12.081  7523  8238 I mydevices[core].OPSynergyScannerImpl: (DefaultDispatcher-worker-7)getOpDeviceList, onResult
07-29 08:36:12.081  4844  5729 D TileStateController: setListening listening: true component: ComponentInfo{com.oplus.linker/com.oplus.linker.synergy.service.TVTileService} userContext: com.android.systemui.SystemUIApplication@2ae5f96
07-29 08:36:12.081  1707  1763 E TetherController: property_get sys.radio.data.modem_share_flag return 0, 1!
07-29 08:36:12.081  3344  4388 V AlarmManager: sending alarm Alarm{dae26c7 type 3 origWhen 39208 whenElapsed 39208 android} uid 1000 whenElapsed 39208 windowLength 18750 maxWhenElapsed 57958 repeatInterval 0 action null component null tag WifiHealthMonitor Schedule Post-Boot Detection Timer flags 0x8 procName system_server
07-29 08:36:12.082  4844  4844 I SystemUi--Statusbar: PrivacyDotViewController-->needShow false
07-29 08:36:12.082  4844  4844 I SystemUi--Statusbar: PrivacyDotViewController-->scheduleUpdate: 
07-29 08:36:12.082  4844  4844 I SystemUi--Notification: OplusNotificationShadeWindowControllerExImpl-->SHADE_FOCUSABLE-->mNotificationShadeFocusable= true, mPanelExpanded= false, mBouncerShowing= false, mKeyguardShowing= false, mKeyguardOccluded= false, mKeyguardNeedsInput= false, ENABLE_REMOTE_INPUT= true, mRemoteInputActive= false, layoutFlags= -2130444216
07-29 08:36:12.082  4844  4844 I SystemUi--Notification: OplusNotificationShadeWindowControllerExImpl-->SHADE_VISIBLE-->mKeyguardShowing= false, mKeyguardOccluded= false, mPanelVisible= false, mKeyguardFadingAway= false, mKeyguardGoingAway= false, mBouncerShowing= false, mScrimsVisibility= 1, mBackgroundBlurRadius= 0, mForcePluginOpen= false, mediaBackdropShowing= false, viewVisibility= true, qsBlurFraction= 0.016477522, panelBlurFraction= 0.0
07-29 08:36:12.083  4844  5729 D Tile.CustomTile.TVTileService: refreshState: tile not listening, ignore
07-29 08:36:12.083  4844  6989 D OplusTileControllerPlugin: onSettingsStateChange: 1, componentName: ComponentInfo{com.oplus.linker/com.oplus.linker.synergy.service.TVTileService}
07-29 08:36:12.083  4844  5729 D TileStateController: bindAppWhenListening: false ComponentInfo{com.oplus.linker/com.oplus.linker.synergy.service.TVTileService}
07-29 08:36:12.083  4844  5729 I SystemUi--QuickSettings: Tile.CustomTile.TVTileService-->bindServiceWhenListening: false when isOplusQsTile
07-29 08:36:12.083  4844  5729 D Tile.CustomTile.TVTileService: refreshState: tile not listening, ignore
07-29 08:36:12.083  4844  4844 I SystemUi--QuickSettings: BackActionInteractor-->registerBackCallback true
07-29 08:36:12.083  4844  5163 I [UAH_CLIENT]: UahEventAcquire, cmdid:413, pkg:none, identity:OsenseHelperImpl
07-29 08:36:12.083  4844  4844 I SystemUi--QuickSettings: OplusSeparateQSManager-->updateSeparateQSExpandState recomputeDisableFlags
07-29 08:36:12.083  4844  4844 I SystemUi--Statusbar: CollapsedSbFragment-->New visibilities calculated internally. StatusBarVisibilityModel(showClock: false showNotificationIcons:false showOngoingActivityChip:false showSystemInfo:false ) 
07-29 08:36:12.083  4844  6037 I [DevicePlugin].DevicePanelPresenter.(DefaultDispatcher-worker-7): response code:30001; panelInfo:PanelInfo(panelState=DEVICE_HOME, panelDevices=[]), pluginVersion: 2
07-29 08:36:12.083  4844  4844 I SystemUi--Statusbar: CollapsedStatusBarFragmentExImpl-->animate: true, unlockAnimationRunning: false, fadingAway: false, keyguard: false
07-29 08:36:12.083  4844  6037 I [DevicePlugin].FixedSeparateModelPanel.(DefaultDispatcher-worker-7): onPanelInfoChanged
07-29 08:36:12.083  4844  5729 D Tile.CustomTile.WindowsLinkTileService: refreshState: tile not listening, ignore
07-29 08:36:12.083  4844  5729 D TileStateController: bindAppWhenListening: false ComponentInfo{com.microsoft.appmanager/com.microsoft.appmanager.quicksettings.WindowsLinkTileService}
07-29 08:36:12.083  4844  5729 I SystemUi--QuickSettings: Tile.CustomTile.WindowsLinkTileService-->bindServiceWhenListening: false when isActiveTile && isTileReady
07-29 08:36:12.083  3344  5372 D CoreBackPreview: Window{9769f8e u0 NotificationShade}: Setting back callback OnBackInvokedCallbackInfo{mCallback=android.window.IOnBackInvokedCallback$Stub$Proxy@edc6863, mPriority=0, mIsAnimationCallback=false}
07-29 08:36:12.083  4844  6037 I [DevicePlugin].FixedSeparateModelPanel.(DefaultDispatcher-worker-7): updateView: panelState=DEVICE_HOME, panelDevices.size=0
07-29 08:36:12.083  4844  5729 D Tile.CustomTile.WirelessReverseControService: refreshState: tile not listening, ignore
07-29 08:36:12.083  4844  5729 I SystemUi--QuickSettings: Tile.CustomTile.WirelessReverseControService-->bindServiceWhenListening: true as default
07-29 08:36:12.083  4844  5729 D TileStateController: updateCurrentStateIsNotDirty component:ComponentInfo{com.oplus.eyeprotect/com.oplus.eyeprotect.services.EyeProtectTileService}
07-29 08:36:12.084  4844  5729 D TileStateController: updateCurrentStateIsNotDirty component:ComponentInfo{com.oplus.linker/com.oplus.linker.synergy.service.TVTileService}
07-29 08:36:12.084  4844  4844 I SystemUi--Statusbar: CollapsedStatusBarFragmentExImpl-->StatusBarVisibilityModelEx: StatusBarVisibilityModelEx(showClock: false showPromptView:false showOngoingCallChip:false showNotificationContainer:false showOperatorName:false showSeedlingContainer:false ), animate: true
07-29 08:36:12.084  4844  5914 D UXUtils : setHasTopUi: true; stack: com.oplus.systemui.shade.OplusNotificationShadeWindowControllerExImpl$uxFlagUpdateRunnable$1.run:12
07-29 08:36:12.085  4844  4844 I SystemUi--Keyguard: KeyguardRapidUnlockUtils-->composeKeyguard show=true, reason=applyVisibility_show
07-29 08:36:12.086  7060  7060 W Battery : PowerSaveTileService: onCreate
07-29 08:36:12.086  4844  4844 I SystemUi--Keyguard: KeyguardGlideTipView-->hideTips reason=hideGlideTipImmediateWithQsExpandingOrOplusKeyguardLoadOrGotoNtfCapsule withAnimator=true delayType=2
07-29 08:36:12.086  4844  4844 I SystemUi--Keyguard: KeyguardGlideTipView-->cancelBreathAnimation-isBreathAnimationRunning=false
07-29 08:36:12.086  4844  4844 I SystemUi--Keyguard: KeyguardAffordanceTipsView-->hideTips reason=QsExpandingOrOplusKeyguardLoadOrGotoNtfCapsule withAnimator=true delayType=2
07-29 08:36:12.087  4844  9054 D Tile.CustomTile.PowerSaveTileService: refreshState: tile not listening, ignore
07-29 08:36:12.088  4844  9054 D Tile.CustomTile.WirelessReverseControService: refreshState: tile not listening, ignore
07-29 08:36:12.089  4844  4844 D ViewRootImplExtImpl: wrapConfigInfoIntoFlags rotation=0, smallestScreenWidthDp=0, residentWS=false, scenario=0, bounds=Rect(0, 0 - 1080, 2376), relayoutAsync=false, flags=1, newFlags=1245708289, title=NotificationShade
07-29 08:36:12.089  3344  3454 D WindowManagerServiceExtImpl: extractConfigInfoAndRealFlags rotation=0, screenDp=0, residentWS:0, scenario:0, bounds:2376, serverWinBounds:Rect(0, 0 - 1080, 2376), win=Window{9769f8e u0 NotificationShade}
07-29 08:36:12.089  3344  3652 I DisplayDeviceRepository: Display device changed render timings: "Built-in Screen", renderFrameRate=120.00001, presentationDeadlineNanos=11333333, appVsyncOffsetNanos=1000000
07-29 08:36:12.089  3344  3652 D LogicalDisplayExt: set displayInfo flag FLAG_ROTATES_WITH_CONTENT
07-29 08:36:12.089  2145  2145 D VRR-[OPlusRefreshRateSelector]: setCurrentModeId 4 type SA
07-29 08:36:12.089  2145  3621 D VRR [OTI-HW]: isStateReady 0
07-29 08:36:12.089  2145  3621 D VRR [OTI-HW]: keep rate.
07-29 08:36:12.089  3344  3454 V WindowManager: Relayout Window{9769f8e u0 NotificationShade}: viewVisibility=0, oldvis=4, req=1080x2376, vsysui=, x=0, y=0
07-29 08:36:12.089  3344  3454 I WindowManager: Window{9769f8e u0 NotificationShade} state from NO_SURFACE to DRAW_PENDING; reason: resetDrawState
07-29 08:36:12.089  2145  2334 D OplusLayer: setProcInfo (131,NotificationShade#131,com.android.systemui,0x4578D52F)
07-29 08:36:12.089  3344  3652 D DisplayManagerServiceExtImpl: scheduleTraversalLocked intraversal=false
07-29 08:36:12.089  3344  3652 I DisplayManagerServiceExtImpl: handle logical display changed logicalDisplay=id=0,stack=0,content=true,displayInfo{stack=0,type=1,id=0,uId=local:4630946756802996883,state=ON,pkg=null}
07-29 08:36:12.089  3344  3652 D DisplayManagerService: Delivering display event: displayId=0, event=CHANGED
07-29 08:36:12.090  3344  3770 D BrightnessThermalClamper: Thermal status observer already started
07-29 08:36:12.090  3344  3770 D BrightnessPowerClamper: Power throttling data is missing for configuration data.
07-29 08:36:12.090  2120  4737 D AudioFlingerExtImpl: AudioFlingerExtImpl oplusSetParameters: keyvalue screen_state=on
07-29 08:36:12.090  3344  3344 E OplusGestureAnimationManagerPolicy: mScreenHeight:2376 mScreenWidth:1080 mRotation:0
07-29 08:36:12.090  3344  3454 D DisplayManagerService: performTraversalInternal pendingTraversal
07-29 08:36:12.090  3344  3454 D DisplayDevice: setLayerStackLocked id=local:4630946756802996883 token=android.os.BinderProxy@c53db69 stack=0->0
07-29 08:36:12.090  3344  3454 D QuickBackInputPolicy: hasMultiChildrenInTask: false
07-29 08:36:12.090  3344  3454 D WindowManager: NFW_findFocusedWindowIfNeeded:Window{815637b u0 com.android.launcher/com.android.launcher.Launcher} mCurrentFocus:Window{815637b u0 com.android.launcher/com.android.launcher.Launcher}
07-29 08:36:12.091  2120  4737 D DeviceHalAidl: 0xb400007a4347c200 DeviceHalAidl::setParameters
07-29 08:36:12.091  4844  4844 W VRI[NotificationShade]: updateBlastSurfaceIfNeeded, surfaceSize:Point(1080, 2376), lastSurfaceSize:Point(1080, 2376), format:-3, blastBufferQueue:null
07-29 08:36:12.091  4844  4844 D BufferQueueConsumer: [](id:12ec00000009,api:0,p:-1,c:4844) connect: controlledByApp=false
07-29 08:36:12.091  2120  4737 D DeviceHalAidl: setParameters: parameters: "screen_state=on"
07-29 08:36:12.091  3344  3650 D OplusVFXScreenEffectFeature: notifySFCompatWindowStateChange entered false
07-29 08:36:12.091  3344  3650 D FSS_FoldScreenBlackCoverController: displayChangeToOn, dc:Display{#0 state=ON size=1080x2376 ROTATION_0}
07-29 08:36:12.091  2145  2334 D [PREVIEW]: SF obtain preview_adapter: 0
07-29 08:36:12.091  2145  2334 D [PREVIEW]: TabletPreviewAdapter::parallel world 0
07-29 08:36:12.092  3344  3650 D DisplayManagerService: performTraversalInternal pendingTraversal
07-29 08:36:12.092  3344  3650 D DisplayDevice: setLayerStackLocked id=local:4630946756802996883 token=android.os.BinderProxy@c53db69 stack=0->0
07-29 08:36:12.092  4844  4844 I SystemUi--Keyguard: KeyguardEngineContainer-->onConfigurationChanged, locale = en-US,zh-CN, mLastLocale= en-US,zh-CN
07-29 08:36:12.092  4844  4844 I SystemUi--Keyguard: KeyguardEngineContainer-->onConfigurationChanged. font = 0, mLastFlipFont = 0, density = 480, mDensity = 480
07-29 08:36:12.092  4674  4674 D CastManagerService: onDisplayChanged.
07-29 08:36:12.092  1845  3431 I PAL: ResourceManager: setParameter: 11480: Screen State:1
07-29 08:36:12.092  2120  4737 D DeviceHalAidl: 0xb400007a4347c800 DeviceHalAidl::setParameters
07-29 08:36:12.092  4844  4844 I SystemUi--Keyguard: KeyguardPluginManager-->maybeReloadNormalKeyguard, uses default LockScreen
07-29 08:36:12.093  1974  1974 D SensorFeature: name=ssc_screenshot_info ,index = 22
07-29 08:36:12.093  1974  1974 D SensorFeature: write 29 bytes:47609467272,57968130705,158,0
07-29 08:36:12.093  3344  3652 D DisplayManagerService: MSG_REQUEST_TRAVERSAL pendingCompleted=false
07-29 08:36:12.093  4844  4844 E ndroid.systemui: No package ID ff found for resource ID 0xffffffff.
07-29 08:36:12.093  4844  4844 E ndroid.systemui: No package ID ff found for resource ID 0xffffffff.
07-29 08:36:12.093  4844  4844 E ndroid.systemui: No package ID ff found for resource ID 0xffffffff.
07-29 08:36:12.093  4844  4844 E ThemeUtils: View class com.oplus.systemui.keyguard.view.GeneralFontVariationTextView is an AppCompat widget that can only be used with a Theme.AppCompat theme (or descendant).
07-29 08:36:12.094  4844  4844 E ThemeUtils: View class com.oplus.systemui.keyguard.view.GeneralFontVariationTextView is an AppCompat widget that can only be used with a Theme.AppCompat theme (or descendant).
07-29 08:36:12.092  2120  4737 D DeviceHalAidl: setParameters: parameters: "screen_state=on"
07-29 08:36:12.094  4844  4844 I SystemUi--Keyguard: PictorialAppInfo-->isShowPictorialTipDevice true,bottomMargin=611
07-29 08:36:12.094  4844  4844 I SystemUi--Keyguard: PictorialFunctionContainer-->onWallpaperChange info is null or local or engine
07-29 08:36:12.094  4844  4844 I SystemUi--Keyguard: PictorialAppInfo-->isShowPictorialTipDevice true,bottomMargin=611
07-29 08:36:12.094  4844  4844 I SystemUi--Keyguard: PictorialAppInfo-->isShowPictorialTipDevice true,bottomMargin=611
07-29 08:36:12.094  1845  3431 D AHAL_Module: updateScreenState: usb: 1
07-29 08:36:12.094  2120  4737 D DeviceHalAidl: 0xb400007a4347ce00 DeviceHalAidl::setParameters
07-29 08:36:12.094  2120  4737 D DeviceHalAidl: setParameters: parameters: "screen_state=on"
07-29 08:36:12.094  1845  3536 D AHAL_Module: updateScreenState: r_submix: 1
07-29 08:36:12.094  4844  4844 I SystemUi--Notification: NotificationsQSContainerController-->onWindowConfigurationChange: splitShadeEnabled=false
07-29 08:36:12.094  4844  4844 I SystemUi--Notification: NotificationsQSContainerController-->updateResources: splitShadeEnabled=false, newSplitShadeEnabled=false
07-29 08:36:12.094  2120  4737 D DeviceHalAidl: 0xb400007a4347d400 DeviceHalAidl::setParameters
07-29 08:36:12.094  2120  4737 D DeviceHalAidl: setParameters: parameters: "screen_state=on"
07-29 08:36:12.094  1845  3431 D AHAL_Module: updateScreenState: bluetooth: 1
07-29 08:36:12.094  2120  4737 D DeviceHalAidl: 0xb400007a4347da00 DeviceHalAidl::setParameters
07-29 08:36:12.094  2120  4737 D DeviceHalAidl: setParameters: parameters: "screen_state=on"
07-29 08:36:12.094  1845  3431 D AHAL_Module: updateScreenState: bluetooth: 1
07-29 08:36:12.095  6486  6564 E oiface  : sched_setaffinity failed
07-29 08:36:12.095  2120  4737 D DeviceHalAidl: 0xb400007a4347e000 DeviceHalAidl::setParameters
07-29 08:36:12.095  2120  4737 D DeviceHalAidl: setParameters: parameters: "screen_state=on"
07-29 08:36:12.095  4844  4844 I SystemUi--Notification: OplusQSSimpleHeader-->shouldClick: true, isInSuperPowerSaveMode: false, isInWellBeingAssistantMode: false
07-29 08:36:12.095  1845  3431 D AHAL_Module: updateScreenState: stub: 1
07-29 08:36:12.095  4844  4844 I SystemUi--Notification: OplusQSSimpleHeader-->updateMarginTop, reason: configChange, newMarginTop: 102 currentMarginTop 102
07-29 08:36:12.095  2004  2059 I gameoptHal: targetfps updated 6 -- 120
07-29 08:36:12.095  4844  4844 I SystemUi--QuickSettings: OplusQuickStatusBarHeader-->[onConfigurationChanged] updateResources end, start call listener
07-29 08:36:12.097  4844  4844 I SystemUi--QuickSettings: OplusQuickStatusBarHeader-->[onConfigurationChanged] updateResources end, start call listener
07-29 08:36:12.098  4844  4844 I SystemUi--QuickSettings: OplusQSHighlightTileViewImpl-->updateIconViewSize mTileCanTips=true
07-29 08:36:12.098  4844  4844 I SystemUi--QuickSettings: OplusQSHighlightTileViewImpl-->updateIconViewSize mTileCanTips=true
07-29 08:36:12.099  4844  4844 I SystemUi--QuickSettings: OplusQsToggleSliderTouchExt-->getRealSize point: Point(1080, 2376) realScreenWidth: 1080 realScreenHeight: 2376
07-29 08:36:12.099  4844  4844 I SystemUi--QuickSettings: OplusQsToggleSliderLayout-->updateRadius radius= 57.815125, roundParams= OplusRoundParams(radiusDp=15.2, radius=45.6, weight=1.1, isCircle=false), isDefaultVolumeTheme = true
07-29 08:36:12.099  4844  4844 I COUIVerticalSeekBar: COUIVerticalSeekBar ensureSize : mIsProgressFull:true,mBackgroundRadius:45.6,mBackgroundWidth:179.0,mBackgroundEnlargeScale1.0,mProgressRadius:45.6,mProgressWidth:179.0,mProgressEnlargeScale1.0,mPaddingVertical45.6
07-29 08:36:12.099  4844  4844 I COUIVerticalSeekBar: updateBehavior * normalSeekBarHeight = 309,mPaddingVertical = 45.6,mIsPhysicsEnable = true,mPhysicalAnimator = null,mFlingBehavior = null,Thread_name = main,hashCode = 100433415,time = 1753792572099,stackChain = com.coui.appcompat.seekbar.COUIVerticalSeekBar.updateBehavior$1:14 com.coui.appcompat.seekbar.COUIVerticalSeekBar.ensureSize$1:182 com.coui.appcompat.seekbar.COUIVerticalSeekBar.setBackgroundRadius:3 com.oplus.systemui.qs.base.seek.OplusQsBaseToggleSliderLayout.updateRadius:60 
07-29 08:36:12.099  4844  4844 I COUIVerticalSeekBar: setPaddingVertical * paddingVertical = 45.6,hashCode = 100433415,time = 1753792572099
07-29 08:36:12.099  4844  4844 I COUIVerticalSeekBar: COUIVerticalSeekBar ensureSize : mIsProgressFull:true,mBackgroundRadius:45.6,mBackgroundWidth:179.0,mBackgroundEnlargeScale1.0,mProgressRadius:45.6,mProgressWidth:179.0,mProgressEnlargeScale1.0,mPaddingVertical45.6
07-29 08:36:12.099  4844  4844 I COUIVerticalSeekBar: updateBehavior * normalSeekBarHeight = 309,mPaddingVertical = 45.6,mIsPhysicsEnable = true,mPhysicalAnimator = null,mFlingBehavior = null,Thread_name = main,hashCode = 100433415,time = 1753792572099,stackChain = com.coui.appcompat.seekbar.COUIVerticalSeekBar.updateBehavior$1:14 com.coui.appcompat.seekbar.COUIVerticalSeekBar.ensureSize$1:182 com.coui.appcompat.seekbar.COUIVerticalSeekBar.setPaddingVertical:59 com.oplus.systemui.qs.base.seek.OplusQsBaseToggleSliderLayout.updateRadius:74 
07-29 08:36:12.099  4844  4844 I SystemUi--QuickSettings: OplusQsToggleSliderTouchExt-->getRealSize point: Point(1080, 2376) realScreenWidth: 1080 realScreenHeight: 2376
07-29 08:36:12.099  4844  4844 I SystemUi--QuickSettings: OplusQsToggleSliderLayout-->updateRadius radius= 57.815125, roundParams= OplusRoundParams(radiusDp=15.2, radius=45.6, weight=1.1, isCircle=false), isDefaultVolumeTheme = true
07-29 08:36:12.099  4844  4844 I COUIVerticalSeekBar: COUIVerticalSeekBar ensureSize : mIsProgressFull:true,mBackgroundRadius:45.6,mBackgroundWidth:179.0,mBackgroundEnlargeScale1.0,mProgressRadius:45.6,mProgressWidth:179.0,mProgressEnlargeScale1.0,mPaddingVertical45.6
07-29 08:36:12.099  4844  4844 I COUIVerticalSeekBar: updateBehavior * normalSeekBarHeight = 309,mPaddingVertical = 45.6,mIsPhysicsEnable = true,mPhysicalAnimator = null,mFlingBehavior = null,Thread_name = main,hashCode = 159196927,time = 1753792572099,stackChain = com.coui.appcompat.seekbar.COUIVerticalSeekBar.updateBehavior$1:14 com.coui.appcompat.seekbar.COUIVerticalSeekBar.ensureSize$1:182 com.coui.appcompat.seekbar.COUIVerticalSeekBar.setBackgroundRadius:3 com.oplus.systemui.qs.base.seek.OplusQsBaseToggleSliderLayout.updateRadius:60 
07-29 08:36:12.099  4844  4844 I COUIVerticalSeekBar: setPaddingVertical * paddingVertical = 45.6,hashCode = 159196927,time = 1753792572099
07-29 08:36:12.099  4844  4844 I COUIVerticalSeekBar: COUIVerticalSeekBar ensureSize : mIsProgressFull:true,mBackgroundRadius:45.6,mBackgroundWidth:179.0,mBackgroundEnlargeScale1.0,mProgressRadius:45.6,mProgressWidth:179.0,mProgressEnlargeScale1.0,mPaddingVertical45.6
07-29 08:36:12.099  4844  4844 I COUIVerticalSeekBar: updateBehavior * normalSeekBarHeight = 309,mPaddingVertical = 45.6,mIsPhysicsEnable = true,mPhysicalAnimator = null,mFlingBehavior = null,Thread_name = main,hashCode = 159196927,time = 1753792572099,stackChain = com.coui.appcompat.seekbar.COUIVerticalSeekBar.updateBehavior$1:14 com.coui.appcompat.seekbar.COUIVerticalSeekBar.ensureSize$1:182 com.coui.appcompat.seekbar.COUIVerticalSeekBar.setPaddingVertical:59 com.oplus.systemui.qs.base.seek.OplusQsBaseToggleSliderLayout.updateRadius:74 
07-29 08:36:12.099  4844  4844 I [DevicePlugin].NoDeviceEntranceCardView.(main): onConfigurationChanged
07-29 08:36:12.099  4844  4844 I [DevicePlugin].PlatformUtils.(main): isLowGaussianLevel: DEBUG_LEVEL = -1, ANIM_LEVEL = 1
07-29 08:36:12.099  4844  4844 I [DevicePlugin].PlatformUtils.(main): isGlobalThemeApplied: isGlobalTheme=false
07-29 08:36:12.099  4844  4844 I [DevicePlugin].PlatformUtils.(main): isBlurEnable: enable=true
07-29 08:36:12.099  4844  4844 I [DevicePlugin].PlatformUtils.(main): isGlobalThemeApplied: isGlobalTheme=false
07-29 08:36:12.099  4844  4844 I [DevicePlugin].PlatformUtils.(main): isLightOsGaussianLevel: DEBUG_LEVEL = -1, ANIM_LEVEL = 1
07-29 08:36:12.099  4844  4844 I [DevicePlugin].PlatformUtils.(main): isLightBlurEnable: enable=false
07-29 08:36:12.099  4844  4844 I [DevicePlugin].RectangleDeviceCardView.(main): onConfigurationChanged
07-29 08:36:12.099  4844  4844 I [DevicePlugin].PlatformUtils.(main): isLowGaussianLevel: DEBUG_LEVEL = -1, ANIM_LEVEL = 1
07-29 08:36:12.099  4844  4844 I [DevicePlugin].PlatformUtils.(main): isGlobalThemeApplied: isGlobalTheme=false
07-29 08:36:12.099  4844  4844 I [DevicePlugin].PlatformUtils.(main): isBlurEnable: enable=true
07-29 08:36:12.099  4844  4844 I [DevicePlugin].PlatformUtils.(main): isGlobalThemeApplied: isGlobalTheme=false
07-29 08:36:12.099  4844  4844 I [DevicePlugin].PlatformUtils.(main): isLightOsGaussianLevel: DEBUG_LEVEL = -1, ANIM_LEVEL = 1
07-29 08:36:12.099  4844  4844 I [DevicePlugin].PlatformUtils.(main): isLightBlurEnable: enable=false
07-29 08:36:12.099  4844  4844 I [DevicePlugin].RectangleEntranceCardView.(main): onConfigurationChanged
07-29 08:36:12.099  4844  4844 I [DevicePlugin].PlatformUtils.(main): isLowGaussianLevel: DEBUG_LEVEL = -1, ANIM_LEVEL = 1
07-29 08:36:12.099  4844  4844 I [DevicePlugin].PlatformUtils.(main): isGlobalThemeApplied: isGlobalTheme=false
07-29 08:36:12.099  4844  4844 I [DevicePlugin].PlatformUtils.(main): isBlurEnable: enable=true
07-29 08:36:12.099  4844  4844 I [DevicePlugin].PlatformUtils.(main): isGlobalThemeApplied: isGlobalTheme=false
07-29 08:36:12.099  4844  4844 I [DevicePlugin].PlatformUtils.(main): isLightOsGaussianLevel: DEBUG_LEVEL = -1, ANIM_LEVEL = 1
07-29 08:36:12.099  4844  4844 I [DevicePlugin].PlatformUtils.(main): isLightBlurEnable: enable=false
07-29 08:36:12.099  4844  4844 I [DevicePlugin].RectangleDeviceCardView.(main): onConfigurationChanged
07-29 08:36:12.099  4844  4844 I [DevicePlugin].PlatformUtils.(main): isLowGaussianLevel: DEBUG_LEVEL = -1, ANIM_LEVEL = 1
07-29 08:36:12.099  4844  4844 I [DevicePlugin].PlatformUtils.(main): isGlobalThemeApplied: isGlobalTheme=false
07-29 08:36:12.099  4844  4844 I [DevicePlugin].PlatformUtils.(main): isBlurEnable: enable=true
07-29 08:36:12.099  4844  4844 I [DevicePlugin].PlatformUtils.(main): isGlobalThemeApplied: isGlobalTheme=false
07-29 08:36:12.099  4844  4844 I [DevicePlugin].PlatformUtils.(main): isLightOsGaussianLevel: DEBUG_LEVEL = -1, ANIM_LEVEL = 1
07-29 08:36:12.099  4844  4844 I [DevicePlugin].PlatformUtils.(main): isLightBlurEnable: enable=false
07-29 08:36:12.099  4844  4844 I [DevicePlugin].SquareDeviceCardView.(main): onConfigurationChanged
07-29 08:36:12.099  4844  4844 I [DevicePlugin].PlatformUtils.(main): isLowGaussianLevel: DEBUG_LEVEL = -1, ANIM_LEVEL = 1
07-29 08:36:12.099  4844  4844 I [DevicePlugin].PlatformUtils.(main): isGlobalThemeApplied: isGlobalTheme=false
07-29 08:36:12.099  4844  4844 I [DevicePlugin].PlatformUtils.(main): isBlurEnable: enable=true
07-29 08:36:12.099  4844  4844 I [DevicePlugin].PlatformUtils.(main): isGlobalThemeApplied: isGlobalTheme=false
07-29 08:36:12.099  4844  4844 I [DevicePlugin].PlatformUtils.(main): isLightOsGaussianLevel: DEBUG_LEVEL = -1, ANIM_LEVEL = 1
07-29 08:36:12.099  4844  4844 I [DevicePlugin].PlatformUtils.(main): isLightBlurEnable: enable=false
07-29 08:36:12.099  4844  4844 I [DevicePlugin].SquareEntranceCardView.(main): onConfigurationChanged
07-29 08:36:12.099  4844  4844 I [DevicePlugin].PlatformUtils.(main): isLowGaussianLevel: DEBUG_LEVEL = -1, ANIM_LEVEL = 1
07-29 08:36:12.099  4844  4844 I [DevicePlugin].PlatformUtils.(main): isGlobalThemeApplied: isGlobalTheme=false
07-29 08:36:12.099  4844  4844 I [DevicePlugin].PlatformUtils.(main): isBlurEnable: enable=true
07-29 08:36:12.099  4844  4844 I [DevicePlugin].PlatformUtils.(main): isGlobalThemeApplied: isGlobalTheme=false
07-29 08:36:12.099  4844  4844 I [DevicePlugin].PlatformUtils.(main): isLightOsGaussianLevel: DEBUG_LEVEL = -1, ANIM_LEVEL = 1
07-29 08:36:12.099  4844  4844 I [DevicePlugin].PlatformUtils.(main): isLightBlurEnable: enable=false
07-29 08:36:12.099  4844  4844 I [DevicePlugin].SquareDeviceCardView.(main): onConfigurationChanged
07-29 08:36:12.099  4844  4844 I [DevicePlugin].PlatformUtils.(main): isLowGaussianLevel: DEBUG_LEVEL = -1, ANIM_LEVEL = 1
07-29 08:36:12.099  4844  4844 I [DevicePlugin].PlatformUtils.(main): isGlobalThemeApplied: isGlobalTheme=false
07-29 08:36:12.099  4844  4844 I [DevicePlugin].PlatformUtils.(main): isBlurEnable: enable=true
07-29 08:36:12.099  4844  4844 I [DevicePlugin].PlatformUtils.(main): isGlobalThemeApplied: isGlobalTheme=false
07-29 08:36:12.099  4844  4844 I [DevicePlugin].PlatformUtils.(main): isLightOsGaussianLevel: DEBUG_LEVEL = -1, ANIM_LEVEL = 1
07-29 08:36:12.099  4844  4844 I [DevicePlugin].PlatformUtils.(main): isLightBlurEnable: enable=false
07-29 08:36:12.099  4844  4844 I [DevicePlugin].SquareDeviceCardView.(main): onConfigurationChanged
07-29 08:36:12.100  4844  4844 I [DevicePlugin].PlatformUtils.(main): isLowGaussianLevel: DEBUG_LEVEL = -1, ANIM_LEVEL = 1
07-29 08:36:12.100  4844  4844 I [DevicePlugin].PlatformUtils.(main): isGlobalThemeApplied: isGlobalTheme=false
07-29 08:36:12.100  4844  4844 I [DevicePlugin].PlatformUtils.(main): isBlurEnable: enable=true
07-29 08:36:12.100  4844  4844 I [DevicePlugin].PlatformUtils.(main): isGlobalThemeApplied: isGlobalTheme=false
07-29 08:36:12.100  4844  4844 I [DevicePlugin].PlatformUtils.(main): isLightOsGaussianLevel: DEBUG_LEVEL = -1, ANIM_LEVEL = 1
07-29 08:36:12.100  4844  4844 I [DevicePlugin].PlatformUtils.(main): isLightBlurEnable: enable=false
07-29 08:36:12.100  4844  4844 I [DevicePlugin].SquareDeviceCardView.(main): onConfigurationChanged
07-29 08:36:12.100  4844  4844 I [DevicePlugin].PlatformUtils.(main): isLowGaussianLevel: DEBUG_LEVEL = -1, ANIM_LEVEL = 1
07-29 08:36:12.100  4844  4844 I [DevicePlugin].PlatformUtils.(main): isGlobalThemeApplied: isGlobalTheme=false
07-29 08:36:12.100  4844  4844 I [DevicePlugin].PlatformUtils.(main): isBlurEnable: enable=true
07-29 08:36:12.100  4844  4844 I [DevicePlugin].PlatformUtils.(main): isGlobalThemeApplied: isGlobalTheme=false
07-29 08:36:12.100  4844  4844 I [DevicePlugin].PlatformUtils.(main): isLightOsGaussianLevel: DEBUG_LEVEL = -1, ANIM_LEVEL = 1
07-29 08:36:12.100  4844  4844 I [DevicePlugin].PlatformUtils.(main): isLightBlurEnable: enable=false
07-29 08:36:12.100  4844  4844 I [DevicePlugin].SquareEntranceCardView.(main): onConfigurationChanged
07-29 08:36:12.100  4844  4844 I [DevicePlugin].PlatformUtils.(main): isLowGaussianLevel: DEBUG_LEVEL = -1, ANIM_LEVEL = 1
07-29 08:36:12.100  4844  4844 I [DevicePlugin].PlatformUtils.(main): isGlobalThemeApplied: isGlobalTheme=false
07-29 08:36:12.100  4844  4844 I [DevicePlugin].PlatformUtils.(main): isBlurEnable: enable=true
07-29 08:36:12.100  4844  4844 I [DevicePlugin].PlatformUtils.(main): isGlobalThemeApplied: isGlobalTheme=false
07-29 08:36:12.100  4844  4844 I [DevicePlugin].PlatformUtils.(main): isLightOsGaussianLevel: DEBUG_LEVEL = -1, ANIM_LEVEL = 1
07-29 08:36:12.100  4844  4844 I [DevicePlugin].PlatformUtils.(main): isLightBlurEnable: enable=false
07-29 08:36:12.102  4844  4844 I SystemUi--QuickSettings: OplusSeparateQSCustomizer-->updateResources tileRow= 3
07-29 08:36:12.102  4844  4844 I SystemUi--QuickSettings: OplusSeparateQSCustomizer--> mUsableWidth=1080
07-29 08:36:12.102  4844  4844 I SystemUi--QuickSettings: OplusSeparateQSCustomizer--> mEditCellWidth=175 mEditCellMarginHorizontal=66 mItemHeight=271 mHorizontalSidePadding=57
07-29 08:36:12.102  4844  4844 I SystemUi--QuickSettings: OplusQsToggleSliderTouchExt-->getRealSize point: Point(1080, 2376) realScreenWidth: 1080 realScreenHeight: 2376
07-29 08:36:12.102  4844  4844 I SystemUi--QuickSettings: OplusQsToggleSliderLayout-->updateRadius radius= 57.815125, roundParams= OplusRoundParams(radiusDp=15.2, radius=45.6, weight=1.1, isCircle=false), isDefaultVolumeTheme = true
07-29 08:36:12.102  4844  4844 I COUIVerticalSeekBar: COUIVerticalSeekBar ensureSize : mIsProgressFull:true,mBackgroundRadius:45.6,mBackgroundWidth:179.0,mBackgroundEnlargeScale1.0,mProgressRadius:45.6,mProgressWidth:179.0,mProgressEnlargeScale1.0,mPaddingVertical45.6
07-29 08:36:12.102  4844  4844 I COUIVerticalSeekBar: updateBehavior * normalSeekBarHeight = 309,mPaddingVertical = 45.6,mIsPhysicsEnable = true,mPhysicalAnimator = null,mFlingBehavior = null,Thread_name = main,hashCode = 238769201,time = 1753792572102,stackChain = com.coui.appcompat.seekbar.COUIVerticalSeekBar.updateBehavior$1:14 com.coui.appcompat.seekbar.COUIVerticalSeekBar.ensureSize$1:182 com.coui.appcompat.seekbar.COUIVerticalSeekBar.setBackgroundRadius:3 com.oplus.systemui.qs.base.seek.OplusQsBaseToggleSliderLayout.updateRadius:60 
07-29 08:36:12.102  4844  4844 I COUIVerticalSeekBar: setPaddingVertical * paddingVertical = 45.6,hashCode = 238769201,time = 1753792572102
07-29 08:36:12.102  4844  4844 I COUIVerticalSeekBar: COUIVerticalSeekBar ensureSize : mIsProgressFull:true,mBackgroundRadius:45.6,mBackgroundWidth:179.0,mBackgroundEnlargeScale1.0,mProgressRadius:45.6,mProgressWidth:179.0,mProgressEnlargeScale1.0,mPaddingVertical45.6
07-29 08:36:12.102  4844  4844 I COUIVerticalSeekBar: updateBehavior * normalSeekBarHeight = 309,mPaddingVertical = 45.6,mIsPhysicsEnable = true,mPhysicalAnimator = null,mFlingBehavior = null,Thread_name = main,hashCode = 238769201,time = 1753792572102,stackChain = com.coui.appcompat.seekbar.COUIVerticalSeekBar.updateBehavior$1:14 com.coui.appcompat.seekbar.COUIVerticalSeekBar.ensureSize$1:182 com.coui.appcompat.seekbar.COUIVerticalSeekBar.setPaddingVertical:59 com.oplus.systemui.qs.base.seek.OplusQsBaseToggleSliderLayout.updateRadius:74 
07-29 08:36:12.102  4844  4844 I SystemUi--Common: WindowRootView-->leftInset:0 rightInset:0  rootWindowInsets.displayCutout:DisplayCutout{insets=Rect(0, 120 - 0, 0) waterfall=Insets{left=0, top=0, right=0, bottom=0} boundingRect={Bounds=[Rect(0, 0 - 0, 0), Rect(512, 0 - 569, 120), Rect(0, 0 - 0, 0), Rect(0, 0 - 0, 0)]} cutoutPathParserInfo={CutoutPathParserInfo{displayWidth=1080 displayHeight=2376 physicalDisplayWidth=1440 physicalDisplayHeight=3168 density={4.0} cutoutSpec={M -38,0 L -38,160 L 38,160 L 38,0 Z} rotation={0} scale={1.0} physicalPixelDisplaySizeRatio={0.75}}} sideOverrides={}} windowInsets.displayCutout:DisplayCutout{insets=Rect(0, 120 - 0, 0) waterfall=Insets{left=0, top=0, right=0, bottom=0} boundingRect={Bounds=[Rect(0, 0 - 0, 0), Rect(512, 0 - 569, 120), Rect(0, 0 - 0, 0), Rect(0, 0 - 0, 0)]} cutoutPathParserInfo={CutoutPathParserInfo{displayWidth=1080 displayHeight=2376 physicalDisplayWidth=1440 physicalDisplayHeight=3168 density={4.0} cutoutSpec={M -38,0 L -38,160 L 38,160 L 38,0 Z} rotation={0} scale={1.0} physicalPixelDisplaySizeRatio={0.75}}} sideOverrides={}} currentRotation:1
07-29 08:36:12.102  4844  4844 I SystemUi--QuickSettings: OplusQuickStatusBarHeader-->onApplyWindowInsets mIgnoreCenterHole: true mCenterHoleSpaceLp: androidx.constraintlayout.widget.ConstraintLayout$LayoutParams@c33e6
07-29 08:36:12.102  4844  4844 I SystemUi--QuickSettings: OplusQuickStatusBarHeader-->updateCenterHoleView visibility: 8 isLpChanged: false
07-29 08:36:12.102  4844  4844 I SystemUi--QuickSettings: OplusQuickStatusBarHeader-->updateCenterHoleView visibility: 8 isLpChanged: false
07-29 08:36:12.102  4844  4844 I PluginSeedling--Base: SeedlingPluginService-->onStateChange: Bundle[{rect=RectF(509.25, 29.25, 570.75, 90.75), state=onHoleRectChanged}]
07-29 08:36:12.102  4844  4844 I SystemUi--Statusbar: StatusBarPaddingProvider-->updateContentsPadding: (51, 14, 60, 15), screenHoleHeight: 61 isLandscape=false, rotation: 0 screenHoleBottom: 90 statusBarHeight: 120 seedlingHeight: 90 switchSupport: true percentScreen:0.75 baseScreenWidth:1080 stableDisplayWidth:1440
07-29 08:36:12.103  4844  4844 I SystemUi--QuickSettings: OplusQuickStatusBarHeader-->onApplyWindowInsets mIgnoreCenterHole: true mCenterHoleSpaceLp: androidx.constraintlayout.widget.ConstraintLayout$LayoutParams@6e65d27
07-29 08:36:12.103  4844  4844 I SystemUi--QuickSettings: OplusQuickStatusBarHeader-->updateCenterHoleView visibility: 8 isLpChanged: false
07-29 08:36:12.103  4844  4844 I SystemUi--QuickSettings: OplusQuickStatusBarHeader-->updateCenterHoleView visibility: 8 isLpChanged: false
07-29 08:36:12.103  4844  5500 D BufferQueueProducer: [VRI[NotificationShade]#8(BLAST Consumer)8](id:12ec00000009,api:1,p:4844,c:4844) connect: api=1 producerControlledByApp=true
07-29 08:36:12.110  4844  4844 I SurfaceControl:  setExtendedRangeBrightness sc=Surface(name=NotificationShade)/@0x57eccba,currentBufferRatio=1.0,desiredRatio=1.0
07-29 08:36:12.117  2145  2334 D SurfaceFlinger: captureLayers from pid 5415 uid -335
07-29 08:36:12.117  2145  2334 W SurfaceFlinger: Skipping screen capture because of invalid layer.
07-29 08:36:12.117  5415  5768 E ScreenCapture: Failed to generate screen capture. Error code: -12
07-29 08:36:12.117  5415  5768 E Blur_ScreenCapture: [captureScreenInternal] exceeds fail times limit=1
07-29 08:36:12.123  4844  5500 D BLASTBufferQueue: [VRI[NotificationShade]#8](f:0,a:1) acquireNextBufferLocked size=1080x2376 mFrameNumber=1 applyTransaction=true mTimestamp=58000590705(auto) mPendingTransactions.size=0 graphicBufferId=20804821581874 transform=0
07-29 08:36:12.123  4844  5500 D VRI[NotificationShade]: Received frameCommittedCallback lastAttemptedDrawFrameNum=1 didProduceBuffer=true syncBuffer=false
07-29 08:36:12.123  4844  4844 D VRI[NotificationShade]: draw finished. seqId=0
07-29 08:36:12.124  3344  5332 I WindowManager: Window{9769f8e u0 NotificationShade} state from DRAW_PENDING to COMMIT_DRAW_PENDING; reason: finishDrawingLocked
07-29 08:36:12.124  3344  3653 I WindowManager: Window{9769f8e u0 NotificationShade} state from COMMIT_DRAW_PENDING to READY_TO_SHOW; reason: commitFinishDrawingLocked
07-29 08:36:12.124  3344  3653 I WindowManager: Window{9769f8e u0 NotificationShade} state from READY_TO_SHOW to HAS_DRAWN; reason: performShowLocked
07-29 08:36:12.125  3344  3671 I UserAwareMgr: handleFgAppChanged, pkgName: com.android.systemui, pid: 4844, isVisible: true, fgAppType: FG2
07-29 08:36:12.125  3344  3671 I UserAwareMgr: fg app status not changed, beforeVisible: true, currentVisible: true
07-29 08:36:12.125  4844  5729 V OplusCustomizeCacheManager: queryCache name: sys.cache.common_customize_cache11011 param: null
07-29 08:36:12.126  4844  4844 D ZenModeController: Added callback class com.oplus.systemui.qs.tiles.OplusDndTile$1
07-29 08:36:12.126  4844  5729 V OplusCustomizeCacheManager: queryCache name: sys.cache.common_customize_cache11010 param: null
07-29 08:36:12.126  4844  4844 I SystemUi--QuickSettings: OplusQsBrightnessSliderController-->setProgressAnimation value: 1731 isListening: true  screenBrightnessDuration: 0.0  startValue: 0 startTime: 0 lastDuration: 541.0 lastStartTime: 46582  max: 4089 sliderProgress: 0 needResetLastAnimation: false
07-29 08:36:12.126  4844  4844 I SystemUi--QuickSettings: OplusQsBrightnessSliderController-->handleNoDuration proportion: 1.0 currentProgress: 1731 duration: 0.0 lastStartValue: 6 sliderProgress: 1731
07-29 08:36:12.126  4844  4844 I SystemUi--Notification: OplusHeadsUpCoreStart-->isVisibility: true
07-29 08:36:12.126  4844  4844 I SystemUi--Notification: OplusNotificationShadeWindowControllerExImpl-->SHADE_FOCUSABLE-->mNotificationShadeFocusable= true, mPanelExpanded= true, mBouncerShowing= false, mKeyguardShowing= false, mKeyguardOccluded= false, mKeyguardNeedsInput= false, ENABLE_REMOTE_INPUT= true, mRemoteInputActive= false, layoutFlags= -2121924544
07-29 08:36:12.126  4844  4844 I SystemUi--Notification: OplusNotificationShadeWindowControllerExImpl-->SHADE_VISIBLE-->mKeyguardShowing= false, mKeyguardOccluded= false, mPanelVisible= false, mKeyguardFadingAway= false, mKeyguardGoingAway= false, mBouncerShowing= false, mScrimsVisibility= 1, mBackgroundBlurRadius= 0, mForcePluginOpen= false, mediaBackdropShowing= false, viewVisibility= true, qsBlurFraction= 0.016477522, panelBlurFraction= 0.0
07-29 08:36:12.127  4844  4844 I PluginSeedling--CapsuleCard: CardRootViewModel-->onExpandedChanged: true
07-29 08:36:12.127  4844  4844 I PluginSeedling--StateMachine: StateEventManager-->stable: true, event: null
07-29 08:36:12.127  4844  5729 V OplusCustomizeCacheManager: queryCache name: sys.cache.common_customize_cache18014 param: null
07-29 08:36:12.127  4844  5729 D OplusCustomizeCacheManager: add cachename to map: sys.cache.common_customize_cache18014
07-29 08:36:12.127  4844  5729 V OplusCustomizeCacheManager: start recompute
07-29 08:36:12.127  4844  5729 V OplusCustomizeCacheManager: queryCache name: sys.cache.common_customize_cache18017 param: Bundle[{SETTING=BLOCK, BUSINESS=NCT-DATA}]
07-29 08:36:12.128  4844  5729 D OplusCustomizeCacheManager: add cachename to map: sys.cache.common_customize_cache18017
07-29 08:36:12.128  4844  5729 V OplusCustomizeCacheManager: start recompute
07-29 08:36:12.128  3344  4843 D OplusCustomizeSecurityManagerService: we can't find the BLOCK
07-29 08:36:12.128  4844  5729 V OplusCustomizeCacheManager: queryCache name: sys.cache.common_customize_cache18013 param: null
07-29 08:36:12.128  4844  5729 V OplusCustomizeCacheManager: queryCache name: sys.cache.common_customize_cache18025 param: null
07-29 08:36:12.128  4844  5729 I SystemUi--QuickSettings: Tile.OplusAirplaneModeTile-->handleUpdateState state.state: 2 value: 1
07-29 08:36:12.128  4844  5729 V OplusCustomizeCacheManager: queryCache name: sys.cache.common_customize_cache18026 param: null
07-29 08:36:12.130  4844  5729 V OplusCustomizeCacheManager: queryCache name: sys.cache.common_customize_cache11009 param: null
07-29 08:36:12.130  7060  7060 W Battery : PowerSaveTileService: updateTileState false
07-29 08:36:12.130  3344  5345 I InputDispatcher: injectInputEvent: targetUid=<not set>, syncMode=WAIT_FOR_FINISHED, timeout=30000ms, policyFlags=0x8000000, event=MotionEvent { action=MOVE, id[0]=0, x[0]=900, y[0]=614.434, eventTime=58008000000, downTime=57919000000, deviceId=4, source=TOUCHSCREEN, displayId=0, eventId=0xf2e276a8}
07-29 08:36:12.130  4844  4844 I SystemUi--Keyguard: ScrimControllerExImp-->blur State to UNLOCK, bouncer=false changeFromBouncerScrim= false runnerUnlock= false goingAway=false hasHandle=true isOccludeAnimationPlaying=false
07-29 08:36:12.131  4844  4844 I SystemUi--Keyguard: ScrimControllerExImp-->blur State to UNLOCK, bouncer=false changeFromBouncerScrim= false runnerUnlock= false goingAway=false hasHandle=true isOccludeAnimationPlaying=false
07-29 08:36:12.131  4844  4844 D ViewRootImplExtImpl: wrapConfigInfoIntoFlags rotation=0, smallestScreenWidthDp=360, residentWS=false, scenario=0, bounds=Rect(0, 0 - 1080, 2376), relayoutAsync=true, flags=1, newFlags=1245719809, title=NotificationShade
07-29 08:36:12.131  4844  4844 W VRI[NotificationShade]: updateBlastSurfaceIfNeeded, surfaceSize:Point(1080, 2376), lastSurfaceSize:Point(1080, 2376), format:-3, blastBufferQueue:android.graphics.BLASTBufferQueue@af5cf3f
07-29 08:36:12.131  3344  4843 D WindowManagerServiceExtImpl: extractConfigInfoAndRealFlags rotation=0, screenDp=360, residentWS:0, scenario:0, bounds:2376, serverWinBounds:Rect(0, 0 - 1080, 2376), win=Window{9769f8e u0 NotificationShade}
07-29 08:36:12.131  4844  5729 V OplusCustomizeCacheManager: queryCache name: sys.cache.common_customize_cache18027 param: null
07-29 08:36:12.132  3344  4843 V WindowManager: Relayout Window{9769f8e u0 NotificationShade}: viewVisibility=0, oldvis=0, req=1080x2376, vsysui=, x=0, y=0
07-29 08:36:12.132  4844  4844 I SurfaceControl:  setExtendedRangeBrightness sc=Surface(name=NotificationShade)/@0x57eccba,currentBufferRatio=1.0,desiredRatio=1.0
07-29 08:36:12.132  3344  4843 D RefreshRate: initControlPanelRefreshRateData PreferredRefreshRateData{mPreferredRefreshRateId=[3, 1, 2, 3],isAnimBoost=true}
07-29 08:36:12.133  3344  4843 D WindowManager: NFW_findFocusedWindowIfNeeded:Window{9769f8e u0 NotificationShade} mCurrentFocus:Window{815637b u0 com.android.launcher/com.android.launcher.Launcher}
07-29 08:36:12.133  2145  2145 D OplusInfoMonitor: setListenerReport: reportInfo:
07-29 08:36:12.133  3344  4843 V WindowManager: Changing focus from Window{815637b u0 com.android.launcher/com.android.launcher.Launcher} to Window{9769f8e u0 NotificationShade},diplayid=0
07-29 08:36:12.133  3344  4599 E OplusUIFirst_WS: unknown window type: -1
07-29 08:36:12.133  3344  3780 D VRR [OPlusRefreshRateService]: Receive multi scene changed eventId = 5 bundleList.size = 2
07-29 08:36:12.133  3344  4599 E UAH-Framework: invalid window type -1
07-29 08:36:12.133  2145  2334 D SurfaceFlinger: captureLayers from pid 5415 uid -335
07-29 08:36:12.133  3344  4662 E FBProcessManager: unknown window type: -1
07-29 08:36:12.133  3344  4843 D Theia.NoFocusWindow: FocusWindowErrorScene cancelCheckFreezeScreen
07-29 08:36:12.133  4844  4844 I SystemUi--Statusbar: DisplayRepository-->combining enabled=[0], connectedExternalDisplayIds=[], ignored=[]
07-29 08:36:12.133  3344  4843 W TheiaWindowMonitor: [check] focusedWindow is null or enable is false
07-29 08:36:12.134  4844  5729 V OplusCustomizeCacheManager: queryCache name: sys.cache.common_customize_cache11010 param: null
07-29 08:36:12.134  4844  4844 W SystemUi--Common: SubsetBitmapDrawable-->[isValid] innerBitmap?.isRecycled=null
07-29 08:36:12.135  4844  4844 I SystemUi--Statusbar: BatteryViewBinder-->create drawable: com.oplus.systemui.statusbar.pipeline.battery.ui.drawable.HorizontalBatteryContentDrawable@5cac3c3 iconStyle:BatteryIconStyle(iconStyle=1, oldStylePercentIn=false, densityDpi=480, scaleFactor=1.0, themeId=0, isThemeModeColor=false, frameColorMode=0, isPercentOutBgMode=false, isPercentOutPbMode=false, batteryOutChargeBgMode=0)
07-29 08:36:12.136  4844  4844 I SystemUi--Statusbar: BatteryViewBinder-->create drawable: com.oplus.systemui.statusbar.pipeline.battery.ui.drawable.HorizontalBatteryContentDrawable@91ee83b iconStyle:BatteryIconStyle(iconStyle=1, oldStylePercentIn=false, densityDpi=480, scaleFactor=1.0, themeId=0, isThemeModeColor=false, frameColorMode=0, isPercentOutBgMode=false, isPercentOutPbMode=false, batteryOutChargeBgMode=0)
07-29 08:36:12.137  1882  1967 I SnapAlloc: Using graphics libs for alignment calculations
07-29 08:36:12.137  1882  1967 I SnapAlloc: Using graphics libs for alignment calculations
07-29 08:36:12.138  4844  4844 W SystemUi--Common: SubsetBitmapDrawable-->[isValid] innerBitmap?.isRecycled=null
07-29 08:36:12.138  1882  1967 I SnapAlloc: Using graphics libs for alignment calculations
07-29 08:36:12.139  3344  3780 D VRR [OPlusRefreshRateService]: handleConfigIdChange physicalDisplayId: 4630946756802996883 configId: 4 renderPeriod: 8333333
07-29 08:36:12.139  3344  3780 D VRR [OPlusSAManager]: updateModeChange old modeId [ 5 ] -> new modeId [ 4 ] mCurPolicy: 1
07-29 08:36:12.139  3344  3780 D VRR [OPlusSAManager]: updateSAScene active modeId: 4
07-29 08:36:12.139  3344  3780 D VRR [OPlusSAManager]: updateSAScene current policy: 1 active modeId: 4 scene: VRR_90_120
07-29 08:36:12.139  3344  3780 D VRR [OPlusOAManager]: Not OA business! new modeId: [4] active modeId: [5]
07-29 08:36:12.139  3344  3780 D VRR [OPlusGameStatusManager]: updateGameState mOSyncFeatureSwitch: false mIsGamePolicy: false
07-29 08:36:12.139  3344  3780 D VRR [OPlusGameStatusManager]: setLTMStatus false curPkgName: com.android.launcher curr status: false HeartStop: false HeartStopFromTGPA: false ActiveFPS: 120.00001
07-29 08:36:12.139  3344  3780 D VRR [OPlusGameStatusManager]: updateGameAccelerationStatus pkgName: com.android.launcher mOSyncFeatureSwitch: false mIsGamePolicy: false mHeartStop: false mHasFlickerRisk: false mForceAcceleration: false mToastReady: false enable: false
07-29 08:36:12.139  3344  3780 D VRR [OPlusGameStatusManager]: updateToastStatus enableAcceleration: false toastReady: false isGamePolicy: false desiredModeId: 4
07-29 08:36:12.139  3344  3780 D VRR [OPlusGameStatusManager]: updateToastStatus enableAcceleration: false toastReady: false isGamePolicy: false desiredModeId: 4
07-29 08:36:12.139  3344  3780 D VRR [OPlusExternalRefreshRateManager]:  updateRenderPeriodChange configId:4 current refresh rate:120.00001
07-29 08:36:12.139  2145  3621 D VRR [OTI-HW]: isStateReady 0
07-29 08:36:12.139  2145  3621 D VRR [OTI-HW]: keep rate.
07-29 08:36:12.139  3344  3780 D VRR [OPlusSurfaceFlingerController]:  setDirectorOtiHwConfig : true
07-29 08:36:12.140  2145  2145 D OplusInfoMonitor: setListenerReport: reportInfo:
07-29 08:36:12.140  3344  3653 D SurfaceComposerClient: Transaction::apply InputWindowCommands.focusRequests timestamp=58012276955, windowName=9769f8e NotificationShade
07-29 08:36:12.141  4844  4844 I SystemUi--Statusbar: BatteryViewBinder-->create drawable: com.oplus.systemui.statusbar.pipeline.battery.ui.drawable.HorizontalBatteryContentDrawable@3f083cd iconStyle:BatteryIconStyle(iconStyle=1, oldStylePercentIn=false, densityDpi=480, scaleFactor=1.0, themeId=0, isThemeModeColor=false, frameColorMode=0, isPercentOutBgMode=false, isPercentOutPbMode=false, batteryOutChargeBgMode=0)
07-29 08:36:12.141  4844  6037 D Util    : isPkgInstalled_isPkgInstalled = false
07-29 08:36:12.141  4844  4844 I SystemUi--Statusbar: BatteryViewBinder-->create drawable: com.oplus.systemui.statusbar.pipeline.battery.ui.drawable.HorizontalBatteryContentDrawable@31ec482 iconStyle:BatteryIconStyle(iconStyle=1, oldStylePercentIn=false, densityDpi=480, scaleFactor=1.0, themeId=0, isThemeModeColor=false, frameColorMode=0, isPercentOutBgMode=false, isPercentOutPbMode=false, batteryOutChargeBgMode=0)
07-29 08:36:12.141  4844  6037 D Util    : isPkgInstalled_isPkgInstalled = true
07-29 08:36:12.142  4844  4844 I SystemUi--Keyguard: ScrimControllerExImp-->blur State to UNLOCK, bouncer=false changeFromBouncerScrim= false runnerUnlock= false goingAway=false hasHandle=true isOccludeAnimationPlaying=false
