07-29 08:36:12.142  4844  4844 I SystemUi--Keyguard: ScrimControllerExImp-->blur State to UNLOCK, bouncer=false changeFromBouncerScrim= false runnerUnlock= false goingAway=false hasHandle=true isOccludeAnimationPlaying=false
07-29 08:36:12.142  4844  4844 I SystemUi--QuickSettings: QSPanelAnimatorManager-->showFirstElement
07-29 08:36:12.145  4844  4844 D JankUtils: gfxSceneBegin; scene: 7; sceneDes: QS PULL
07-29 08:36:12.145  4844  4844 I SystemUi--Keyguard: ScrimControllerExImp-->blur State to UNLOCK, bouncer=false changeFromBouncerScrim= false runnerUnlock= false goingAway=false hasHandle=true isOccludeAnimationPlaying=false
07-29 08:36:12.145  3344  5345 I InputDispatcher: injectInputEvent: targetUid=<not set>, syncMode=WAIT_FOR_FINISHED, timeout=30000ms, policyFlags=0x8000000, event=MotionEvent { action=MOVE, id[0]=0, x[0]=900, y[0]=706.366, eventTime=58022000000, downTime=57919000000, deviceId=4, source=TOUCHSCREEN, displayId=0, eventId=0xca99aa11}
07-29 08:36:12.145  4844  4844 I SystemUi--Keyguard: ScrimControllerExImp-->blur State to UNLOCK, bouncer=false changeFromBouncerScrim= false runnerUnlock= false goingAway=false hasHandle=true isOccludeAnimationPlaying=false
07-29 08:36:12.145  3344  3772 D PowerManagerService: userActivityNoUpdateLocked: groupId=0, eventTime=58022, event=touch, flags=0x0, uid=1000
07-29 08:36:12.148  2145  2357 D SurfaceFlinger: captureLayers from pid 5415 uid -333
07-29 08:36:12.150  2145  3639 D SurfaceFlinger: updateWinowInfo=1, setFocusedWindow timestamp=58012276955, windowName=9769f8e NotificationShade
07-29 08:36:12.151  3344  4843 I InputDispatcher: NFW_setFocusedWindow, 9769f8e NotificationShade on display 0, same as the previous:0
07-29 08:36:12.151  3344  4843 I InputDispatcher: updateFocusedWindow, 9769f8e NotificationShade on display 0, reason: setFocusedWindow, result:   FocusedWindows:
07-29 08:36:12.151  3344  4843 I InputDispatcher:     displayId=0, name='9769f8e NotificationShade'
07-29 08:36:12.151  5208  5208 D VRI[Launcher]: onFocusEvent false
07-29 08:36:12.151  4844  4844 D VRI[NotificationShade]: onFocusEvent true
07-29 08:36:12.152  1882  1967 I SnapAlloc: Using graphics libs for alignment calculations
07-29 08:36:12.152  4844  4844 I SystemUi--Keyguard: OplusRepeatWhenAttachedUnlock-->updateState: view.windowVisibility: 0, keyguardShow: false, isInPreviewMode: false, view.hasWindowFocus(): true
07-29 08:36:12.153  4844  4844 I SystemUi--Keyguard: OplusRepeatWhenAttachedUnlock-->updateState: view.windowVisibility: 0, keyguardShow: false, isInPreviewMode: false, view.hasWindowFocus(): true
07-29 08:36:12.153  4844  4844 I SystemUi--Keyguard: ScrimControllerExImp-->blur State to UNLOCK, bouncer=false changeFromBouncerScrim= false runnerUnlock= false goingAway=false hasHandle=true isOccludeAnimationPlaying=false
07-29 08:36:12.153  3344  5345 I InputDispatcher: injectInputEvent: targetUid=<not set>, syncMode=WAIT_FOR_FINISHED, timeout=30000ms, policyFlags=0x8000000, event=MotionEvent { action=MOVE, id[0]=0, x[0]=900, y[0]=758.9, eventTime=58030000000, downTime=57919000000, deviceId=4, source=TOUCHSCREEN, displayId=0, eventId=0xc072814b}
07-29 08:36:12.153  4844  4844 I SystemUi--Keyguard: ScrimControllerExImp-->blur State to UNLOCK, bouncer=false changeFromBouncerScrim= false runnerUnlock= false goingAway=false hasHandle=true isOccludeAnimationPlaying=false
07-29 08:36:12.154  4844  5500 W BlurApp_1.0.7-OPlusBlurDrawable: [updatePosition] multiple changes in frame 4, maybe attached to multiple views!
07-29 08:36:12.154  4844  5500 W BlurApp_1.0.7-OPlusBlurDrawable: [updatePosition] multiple changes in frame 4, maybe attached to multiple views!
07-29 08:36:12.154  4844  5500 W BlurApp_1.0.7-OPlusBlurDrawable: [updatePosition] multiple changes in frame 4, maybe attached to multiple views!
07-29 08:36:12.154  4844  5500 W BlurApp_1.0.7-OPlusBlurDrawable: [updatePosition] multiple changes in frame 4, maybe attached to multiple views!
07-29 08:36:12.154  4844  5500 W BlurApp_1.0.7-OPlusBlurDrawable: [updatePosition] multiple changes in frame 4, maybe attached to multiple views!
07-29 08:36:12.154  4844  5500 W BlurApp_1.0.7-OPlusBlurDrawable: [updatePosition] multiple changes in frame 4, maybe attached to multiple views!
07-29 08:36:12.154  4844  5500 W BlurApp_1.0.7-OPlusBlurDrawable: [updatePosition] multiple changes in frame 4, maybe attached to multiple views!
07-29 08:36:12.154  4844  5500 W BlurApp_1.0.7-OPlusBlurDrawable: [updatePosition] multiple changes in frame 4, maybe attached to multiple views!
07-29 08:36:12.154  4844  5500 W BlurApp_1.0.7-OPlusBlurDrawable: [updatePosition] multiple changes in frame 4, maybe attached to multiple views!
07-29 08:36:12.154  4844  5500 W BlurApp_1.0.7-OPlusBlurDrawable: [updatePosition] multiple changes in frame 4, maybe attached to multiple views!
07-29 08:36:12.154  4844  5500 W BlurApp_1.0.7-OPlusBlurDrawable: [updatePosition] multiple changes in frame 4, maybe attached to multiple views!
07-29 08:36:12.154  4844  5500 W BlurApp_1.0.7-OPlusBlurDrawable: [updatePosition] multiple changes in frame 4, maybe attached to multiple views!
07-29 08:36:12.154  4844  5500 W BlurApp_1.0.7-OPlusBlurDrawable: [updatePosition] multiple changes in frame 4, maybe attached to multiple views!
07-29 08:36:12.154  4844  5500 W BlurApp_1.0.7-OPlusBlurDrawable: [updatePosition] multiple changes in frame 4, maybe attached to multiple views!
07-29 08:36:12.154  4844  5500 W BlurApp_1.0.7-OPlusBlurDrawable: [updatePosition] multiple changes in frame 4, maybe attached to multiple views!
07-29 08:36:12.154  4844  5500 W BlurApp_1.0.7-OPlusBlurDrawable: [updatePosition] multiple changes in frame 4, maybe attached to multiple views!
07-29 08:36:12.160  4844  4844 I SystemUi--Keyguard: ScrimControllerExImp-->blur State to UNLOCK, bouncer=false changeFromBouncerScrim= false runnerUnlock= false goingAway=false hasHandle=true isOccludeAnimationPlaying=false
07-29 08:36:12.160  3344  5345 I InputDispatcher: injectInputEvent: targetUid=<not set>, syncMode=WAIT_FOR_FINISHED, timeout=30000ms, policyFlags=0x8000000, event=MotionEvent { action=MOVE, id[0]=0, x[0]=900, y[0]=804.867, eventTime=58037000000, downTime=57919000000, deviceId=4, source=TOUCHSCREEN, displayId=0, eventId=0xd1a2d15d}
07-29 08:36:12.160  4844  4844 I SystemUi--Keyguard: ScrimControllerExImp-->blur State to UNLOCK, bouncer=false changeFromBouncerScrim= false runnerUnlock= false goingAway=false hasHandle=true isOccludeAnimationPlaying=false
07-29 08:36:12.160  4844  4844 I SystemUi--QuickSettings: QSPanelAnimatorManager-->showSecondElement
07-29 08:36:12.169  4844  4844 I SystemUi--Keyguard: ScrimControllerExImp-->blur State to UNLOCK, bouncer=false changeFromBouncerScrim= false runnerUnlock= false goingAway=false hasHandle=true isOccludeAnimationPlaying=false
07-29 08:36:12.169  3344  5345 I InputDispatcher: injectInputEvent: targetUid=<not set>, syncMode=WAIT_FOR_FINISHED, timeout=30000ms, policyFlags=0x8000000, event=MotionEvent { action=MOVE, id[0]=0, x[0]=900, y[0]=863.967, eventTime=58046000000, downTime=57919000000, deviceId=4, source=TOUCHSCREEN, displayId=0, eventId=0xc7365d7c}
07-29 08:36:12.169  4844  4844 I SystemUi--Keyguard: ScrimControllerExImp-->blur State to UNLOCK, bouncer=false changeFromBouncerScrim= false runnerUnlock= false goingAway=false hasHandle=true isOccludeAnimationPlaying=false
07-29 08:36:12.170  1882  1967 I SnapAlloc: Using graphics libs for alignment calculations
07-29 08:36:12.177  4844  4844 I SystemUi--Keyguard: ScrimControllerExImp-->blur State to UNLOCK, bouncer=false changeFromBouncerScrim= false runnerUnlock= false goingAway=false hasHandle=true isOccludeAnimationPlaying=false
07-29 08:36:12.177  3344  5345 I InputDispatcher: injectInputEvent: targetUid=<not set>, syncMode=WAIT_FOR_FINISHED, timeout=30000ms, policyFlags=0x8000000, event=MotionEvent { action=MOVE, id[0]=0, x[0]=900, y[0]=916.5, eventTime=58054000000, downTime=57919000000, deviceId=4, source=TOUCHSCREEN, displayId=0, eventId=0xda302621}
07-29 08:36:12.177  4844  4844 I SystemUi--Keyguard: ScrimControllerExImp-->blur State to UNLOCK, bouncer=false changeFromBouncerScrim= false runnerUnlock= false goingAway=false hasHandle=true isOccludeAnimationPlaying=false
07-29 08:36:12.181  4844  5308 I SystemUi--Statusbar: PrivacyDotViewController-->processNextViewState: 
07-29 08:36:12.181  4844  5308 I SystemUi--Statusbar: PrivacyDotViewController-->resolveState ViewState(viewInitialized=true, systemPrivacyEventIsActive=false, shadeExpanded=true, needShow=false, portraitRect=Rect(0, 0 - 1080, 120), landscapeRect=Rect(120, 0 - 2376, 120), upsideDownRect=Rect(0, 0 - 1080, 120), seascapeRect=Rect(0, 0 - 2244, 120), layoutRtl=false, rotation=0, paddingTop=14, paddingBottom=15, cornerIndex=1, designatedCorner=android.widget.FrameLayout{ba1b9a2 I.E...... ......ID 1032,0-1080,120 #7f0a09cd app:id/privacy_dot_top_right_container alpha=1.0 viewInfo = }, contentDescription=null, dotMargin=48)
07-29 08:36:12.185  1882  1967 I SnapAlloc: Using graphics libs for alignment calculations
07-29 08:36:12.185  4844  4844 I SystemUi--Keyguard: ScrimControllerExImp-->blur State to UNLOCK, bouncer=false changeFromBouncerScrim= false runnerUnlock= false goingAway=false hasHandle=true isOccludeAnimationPlaying=false
07-29 08:36:12.186  3344  5345 I InputDispatcher: injectInputEvent: targetUid=<not set>, syncMode=WAIT_FOR_FINISHED, timeout=30000ms, policyFlags=0x8000000, event=MotionEvent { action=MOVE, id[0]=0, x[0]=900, y[0]=975.6, eventTime=58063000000, downTime=57919000000, deviceId=4, source=TOUCHSCREEN, displayId=0, eventId=0xd1f65086}
07-29 08:36:12.186  4844  4844 I SystemUi--Keyguard: ScrimControllerExImp-->blur State to UNLOCK, bouncer=false changeFromBouncerScrim= false runnerUnlock= false goingAway=false hasHandle=true isOccludeAnimationPlaying=false
07-29 08:36:12.190  3344  3780 D VRR [OPlusSAManager]: setSAConfig scene: VRR_90_120 modeId: 4 auto: true fakeFrame: true
07-29 08:36:12.190  3344  3780 D VRR [OPlusSAManager]: updateAutoMinfps with nits: 120.992874, mHistOK true, mAmbientOK true, mCctOK true, mIrOK true, mBrightnessOK true, isPkgOK true, SA min fps: 119
07-29 08:36:12.190  3344  3780 D VRR [OPlusSurfaceFlingerController]: setAutoMode enable: true fakeFrame: true fps: 119
07-29 08:36:12.190  2145  2357 I VRR-[OPlusAdfrUtil]: ADFR try set Auto mode with mode 1 fakeframe 1 min fps 119
07-29 08:36:12.190  2145  2357 D VRR-[OPlusRefreshRateSelector]: OSyncModes add size is 1.
07-29 08:36:12.190  2145  2357 I VRR-[OPlusRefreshRateSelector]: updateAutoMode success, display 0, mode 0, fakeframe 1, min fps: 1
07-29 08:36:12.190  2145  3592 D VRR-[OPlusRefreshRateSelector]: handleSetHWCOSync
07-29 08:36:12.190  2145  3592 D VRR-[OPlusRefreshRateSelector]: OSyncModes remaining size is 0.
07-29 08:36:12.190  2145  3592 D VRR-[OPlusRefreshRateSelector]: SetHWCOSync with 5CC08181
07-29 08:36:12.190  1885  3590 I SDM     : DisplayBuiltIn::SetQSyncMode: VRR + update qsync mode 0 minfps 00C08181
07-29 08:36:12.192  1885  2179 E SDM     : DRMConnector::Perform: Connector 67: Setting Qsync min fps 12616065
07-29 08:36:12.194  4844  4844 I SystemUi--Keyguard: ScrimControllerExImp-->blur State to UNLOCK, bouncer=false changeFromBouncerScrim= false runnerUnlock= false goingAway=false hasHandle=true isOccludeAnimationPlaying=false
07-29 08:36:12.194  3344  5345 I InputDispatcher: injectInputEvent: targetUid=<not set>, syncMode=WAIT_FOR_FINISHED, timeout=30000ms, policyFlags=0x8000000, event=MotionEvent { action=MOVE, id[0]=0, x[0]=900, y[0]=1028.13, eventTime=58071000000, downTime=57919000000, deviceId=4, source=TOUCHSCREEN, displayId=0, eventId=0xf8020101}
07-29 08:36:12.194  4844  4844 I SystemUi--Keyguard: ScrimControllerExImp-->blur State to UNLOCK, bouncer=false changeFromBouncerScrim= false runnerUnlock= false goingAway=false hasHandle=true isOccludeAnimationPlaying=false
07-29 08:36:12.202  4844  4844 I SystemUi--Keyguard: ScrimControllerExImp-->blur State to UNLOCK, bouncer=false changeFromBouncerScrim= false runnerUnlock= false goingAway=false hasHandle=true isOccludeAnimationPlaying=false
07-29 08:36:12.202  1882  1967 I SnapAlloc: Using graphics libs for alignment calculations
07-29 08:36:12.202  3344  5345 I InputDispatcher: injectInputEvent: targetUid=<not set>, syncMode=WAIT_FOR_FINISHED, timeout=30000ms, policyFlags=0x8000000, event=MotionEvent { action=MOVE, id[0]=0, x[0]=900, y[0]=1080.67, eventTime=58079000000, downTime=57919000000, deviceId=4, source=TOUCHSCREEN, displayId=0, eventId=0xd75c2d04}
07-29 08:36:12.202  4844  4844 I SystemUi--Keyguard: ScrimControllerExImp-->blur State to UNLOCK, bouncer=false changeFromBouncerScrim= false runnerUnlock= false goingAway=false hasHandle=true isOccludeAnimationPlaying=false
07-29 08:36:12.210  4844  4844 I SystemUi--Keyguard: ScrimControllerExImp-->blur State to UNLOCK, bouncer=false changeFromBouncerScrim= false runnerUnlock= false goingAway=false hasHandle=true isOccludeAnimationPlaying=false
07-29 08:36:12.210  3344  5345 I InputDispatcher: injectInputEvent: targetUid=<not set>, syncMode=WAIT_FOR_FINISHED, timeout=30000ms, policyFlags=0x8000000, event=MotionEvent { action=MOVE, id[0]=0, x[0]=900, y[0]=1133.2, eventTime=58087000000, downTime=57919000000, deviceId=4, source=TOUCHSCREEN, displayId=0, eventId=0xc0e58cf0}
07-29 08:36:12.210  4844  4844 I SystemUi--Keyguard: ScrimControllerExImp-->blur State to UNLOCK, bouncer=false changeFromBouncerScrim= false runnerUnlock= false goingAway=false hasHandle=true isOccludeAnimationPlaying=false
07-29 08:36:12.218  4844  4844 I SystemUi--Keyguard: ScrimControllerExImp-->blur State to UNLOCK, bouncer=false changeFromBouncerScrim= false runnerUnlock= false goingAway=false hasHandle=true isOccludeAnimationPlaying=false
07-29 08:36:12.218  1882  1967 I SnapAlloc: Using graphics libs for alignment calculations
07-29 08:36:12.218  3344  5345 I InputDispatcher: injectInputEvent: targetUid=<not set>, syncMode=WAIT_FOR_FINISHED, timeout=30000ms, policyFlags=0x8000000, event=MotionEvent { action=MOVE, id[0]=0, x[0]=900, y[0]=1192.3, eventTime=58096000000, downTime=57919000000, deviceId=4, source=TOUCHSCREEN, displayId=0, eventId=0xe372d1fd}
07-29 08:36:12.219  4844  4844 I SystemUi--Keyguard: ScrimControllerExImp-->blur State to UNLOCK, bouncer=false changeFromBouncerScrim= false runnerUnlock= false goingAway=false hasHandle=true isOccludeAnimationPlaying=false
07-29 08:36:12.227  4844  4844 I SystemUi--Keyguard: ScrimControllerExImp-->blur State to UNLOCK, bouncer=false changeFromBouncerScrim= false runnerUnlock= false goingAway=false hasHandle=true isOccludeAnimationPlaying=false
07-29 08:36:12.227  3344  5345 I InputDispatcher: injectInputEvent: targetUid=<not set>, syncMode=WAIT_FOR_FINISHED, timeout=30000ms, policyFlags=0x8000000, event=MotionEvent { action=MOVE, id[0]=0, x[0]=900, y[0]=1244.83, eventTime=58104000000, downTime=57919000000, deviceId=4, source=TOUCHSCREEN, displayId=0, eventId=0xca19cc58}
07-29 08:36:12.227  4844  4844 I SystemUi--Keyguard: ScrimControllerExImp-->blur State to UNLOCK, bouncer=false changeFromBouncerScrim= false runnerUnlock= false goingAway=false hasHandle=true isOccludeAnimationPlaying=false
07-29 08:36:12.235  4844  4844 I SystemUi--Keyguard: ScrimControllerExImp-->blur State to UNLOCK, bouncer=false changeFromBouncerScrim= false runnerUnlock= false goingAway=false hasHandle=true isOccludeAnimationPlaying=false
07-29 08:36:12.235  1882  1967 I SnapAlloc: Using graphics libs for alignment calculations
07-29 08:36:12.235  3344  5345 I InputDispatcher: injectInputEvent: targetUid=<not set>, syncMode=WAIT_FOR_FINISHED, timeout=30000ms, policyFlags=0x8000000, event=MotionEvent { action=MOVE, id[0]=0, x[0]=900, y[0]=1297.37, eventTime=58112000000, downTime=57919000000, deviceId=4, source=TOUCHSCREEN, displayId=0, eventId=0xcdafa7d4}
07-29 08:36:12.235  4844  4844 I SystemUi--Keyguard: ScrimControllerExImp-->blur State to UNLOCK, bouncer=false changeFromBouncerScrim= false runnerUnlock= false goingAway=false hasHandle=true isOccludeAnimationPlaying=false
07-29 08:36:12.240  4844  4844 I SystemUi--QuickSettings: QsLottieUtils-->getLottieAnimFile : qs/qs_location_lottie_active_sep_dual_light.json
07-29 08:36:12.240  4844  5500 D HWUI    : OplusRenderNodeAnimator end!
07-29 08:36:12.240  4844  5500 D HWUI    : OplusRenderNodeAnimator end!
07-29 08:36:12.240  4844  5500 D HWUI    : OplusRenderNodeAnimator end!
07-29 08:36:12.240  4844  5500 D HWUI    : OplusRenderNodeAnimator end!
07-29 08:36:12.241  4844  4844 I SystemUi--QuickSettings: QsLottieUtils-->getLottieAnimFile : qs/qs_nfc_lottie_active_sep_dual_light.json
07-29 08:36:12.242  4844  4844 I SystemUi--Statusbar: CollapsedStatusBarFragmentExImpl-->animateHiddenState onAnimationEnd v:com.oplus.systemui.statusbar.widget.EndSideContentLayout{b343709 V.E...... ........ 172,0-440,91 #7f0a0c16 app:id/status_bar_end_side_content alpha=1.0 viewInfo = }  v alpha:1.0 v render alpha:0.0 animateAlpha=0.0
07-29 08:36:12.242  4844  4844 I SystemUi--Statusbar: CollapsedStatusBarFragmentExImpl-->animateHiddenState onAnimationEnd v:com.android.keyguard.AlphaOptimizedLinearLayout{9e73d16 V.E...... ........ 0,0-48,91 alpha=1.0 viewInfo = }  v alpha:1.0 v render alpha:0.0 animateAlpha=0.0
07-29 08:36:12.242  4844  4844 I SystemUi--Statusbar: CollapsedStatusBarFragmentExImpl-->animateHiddenState onAnimationEnd v:com.oplus.systemui.statusbar.seeding.CapsulePluginContainer{73add17 V.E...... ........ 0,0-1080,120 #7f0a0b3b app:id/seeding_card_container alpha=1.0 viewInfo = }  v alpha:1.0 v render alpha:0.0 animateAlpha=0.0
07-29 08:36:12.242  4844  4844 I SystemUi--Statusbar: CollapsedStatusBarFragmentExImpl-->animateHiddenState onAnimationEnd v:com.oplus.systemui.statusbar.widget.StatClock{5df613d V.ED..... ........ 0,0-137,91 #7f0a02b9 app:id/clock alpha=1.0 viewInfo = }  v alpha:1.0 v render alpha:0.0 animateAlpha=0.0
07-29 08:36:12.243  4844 13129 W LOG_Effective: Effective doesn't support layer effects. If you are using them for  fills, strokes, trim paths etc. then try adding them directly as contents  in your shape. Found: [Slider Control]
07-29 08:36:12.243  4844 13129 W LOG_Effective: Animation contains merge paths. Merge paths are only supported on KitKat+ and must be manually enabled by calling enableMergePathsForKitKatAndAbove().
07-29 08:36:12.243  4844  4844 I SystemUi--Keyguard: ScrimControllerExImp-->blur State to UNLOCK, bouncer=false changeFromBouncerScrim= false runnerUnlock= false goingAway=false hasHandle=true isOccludeAnimationPlaying=false
07-29 08:36:12.244  4844  4844 I SystemUi--Keyguard: ScrimControllerExImp-->blur State to UNLOCK, bouncer=false changeFromBouncerScrim= false runnerUnlock= false goingAway=false hasHandle=true isOccludeAnimationPlaying=false
07-29 08:36:12.244  3344  5345 I InputDispatcher: injectInputEvent: targetUid=<not set>, syncMode=WAIT_FOR_FINISHED, timeout=30000ms, policyFlags=0x8000000, event=MotionEvent { action=MOVE, id[0]=0, x[0]=900, y[0]=1356.47, eventTime=58121000000, downTime=57919000000, deviceId=4, source=TOUCHSCREEN, displayId=0, eventId=0xc528b0f9}
07-29 08:36:12.251  1882  1967 I SnapAlloc: Using graphics libs for alignment calculations
07-29 08:36:12.251  4844  4844 W LOG_Effective: Animation contains merge paths but they are disabled.
07-29 08:36:12.252  4844  4844 I SystemUi--Keyguard: ScrimControllerExImp-->blur State to UNLOCK, bouncer=false changeFromBouncerScrim= false runnerUnlock= false goingAway=false hasHandle=true isOccludeAnimationPlaying=false
07-29 08:36:12.252  3344  5345 I InputDispatcher: injectInputEvent: targetUid=<not set>, syncMode=WAIT_FOR_FINISHED, timeout=30000ms, policyFlags=0x8000000, event=MotionEvent { action=MOVE, id[0]=0, x[0]=900, y[0]=1409, eventTime=58129000000, downTime=57919000000, deviceId=4, source=TOUCHSCREEN, displayId=0, eventId=0xc65a49b6}
07-29 08:36:12.252  4844  4844 I SystemUi--Keyguard: ScrimControllerExImp-->blur State to UNLOCK, bouncer=false changeFromBouncerScrim= false runnerUnlock= false goingAway=false hasHandle=true isOccludeAnimationPlaying=false
07-29 08:36:12.253  3344  3772 D PowerManagerService: userActivityNoUpdateLocked: groupId=0, eventTime=58129, event=touch, flags=0x0, uid=1000
07-29 08:36:12.260  4844  4844 I SystemUi--Keyguard: ScrimControllerExImp-->blur State to UNLOCK, bouncer=false changeFromBouncerScrim= false runnerUnlock= false goingAway=false hasHandle=true isOccludeAnimationPlaying=false
07-29 08:36:12.260  3344  5345 I InputDispatcher: injectInputEvent: targetUid=<not set>, syncMode=WAIT_FOR_FINISHED, timeout=30000ms, policyFlags=0x8000000, event=MotionEvent { action=MOVE, id[0]=0, x[0]=900, y[0]=1461.53, eventTime=58137000000, downTime=57919000000, deviceId=4, source=TOUCHSCREEN, displayId=0, eventId=0xf93ece4d}
07-29 08:36:12.260  4844  4844 I SystemUi--Keyguard: ScrimControllerExImp-->blur State to UNLOCK, bouncer=false changeFromBouncerScrim= false runnerUnlock= false goingAway=false hasHandle=true isOccludeAnimationPlaying=false
07-29 08:36:12.268  4844  4844 I SystemUi--Keyguard: ScrimControllerExImp-->blur State to UNLOCK, bouncer=false changeFromBouncerScrim= false runnerUnlock= false goingAway=false hasHandle=true isOccludeAnimationPlaying=false
07-29 08:36:12.268  1882  1967 I SnapAlloc: Using graphics libs for alignment calculations
07-29 08:36:12.268  3344  5345 I InputDispatcher: injectInputEvent: targetUid=<not set>, syncMode=WAIT_FOR_FINISHED, timeout=30000ms, policyFlags=0x8000000, event=MotionEvent { action=MOVE, id[0]=0, x[0]=900, y[0]=1514.07, eventTime=58145000000, downTime=57919000000, deviceId=4, source=TOUCHSCREEN, displayId=0, eventId=0xcad42b96}
07-29 08:36:12.268  4844  4844 I SystemUi--Keyguard: ScrimControllerExImp-->blur State to UNLOCK, bouncer=false changeFromBouncerScrim= false runnerUnlock= false goingAway=false hasHandle=true isOccludeAnimationPlaying=false
07-29 08:36:12.276  4844  4844 I SystemUi--Keyguard: ScrimControllerExImp-->blur State to UNLOCK, bouncer=false changeFromBouncerScrim= false runnerUnlock= false goingAway=false hasHandle=true isOccludeAnimationPlaying=false
07-29 08:36:12.276  3344  5345 I InputDispatcher: injectInputEvent: targetUid=<not set>, syncMode=WAIT_FOR_FINISHED, timeout=30000ms, policyFlags=0x8000000, event=MotionEvent { action=MOVE, id[0]=0, x[0]=900, y[0]=1573.17, eventTime=58154000000, downTime=57919000000, deviceId=4, source=TOUCHSCREEN, displayId=0, eventId=0xc7770830}
07-29 08:36:12.277  4844  4844 I SystemUi--Keyguard: ScrimControllerExImp-->blur State to UNLOCK, bouncer=false changeFromBouncerScrim= false runnerUnlock= false goingAway=false hasHandle=true isOccludeAnimationPlaying=false
07-29 08:36:12.285  4844  4844 I SystemUi--Keyguard: ScrimControllerExImp-->blur State to UNLOCK, bouncer=false changeFromBouncerScrim= false runnerUnlock= false goingAway=false hasHandle=true isOccludeAnimationPlaying=false
07-29 08:36:12.285  1882  1967 I SnapAlloc: Using graphics libs for alignment calculations
07-29 08:36:12.285  4844  4844 I SystemUi--Keyguard: ScrimControllerExImp-->blur State to UNLOCK, bouncer=false changeFromBouncerScrim= false runnerUnlock= false goingAway=false hasHandle=true isOccludeAnimationPlaying=false
07-29 08:36:12.285  3344  5345 I InputDispatcher: injectInputEvent: targetUid=<not set>, syncMode=WAIT_FOR_FINISHED, timeout=30000ms, policyFlags=0x8000000, event=MotionEvent { action=MOVE, id[0]=0, x[0]=900, y[0]=1625.7, eventTime=58162000000, downTime=57919000000, deviceId=4, source=TOUCHSCREEN, displayId=0, eventId=0xc2ceae3d}
07-29 08:36:12.293  4844  4844 I SystemUi--Keyguard: ScrimControllerExImp-->blur State to UNLOCK, bouncer=false changeFromBouncerScrim= false runnerUnlock= false goingAway=false hasHandle=true isOccludeAnimationPlaying=false
07-29 08:36:12.293  3344  5345 I InputDispatcher: injectInputEvent: targetUid=<not set>, syncMode=WAIT_FOR_FINISHED, timeout=30000ms, policyFlags=0x8000000, event=MotionEvent { action=MOVE, id[0]=0, x[0]=900, y[0]=1678.23, eventTime=58170000000, downTime=57919000000, deviceId=4, source=TOUCHSCREEN, displayId=0, eventId=0xcb2b181c}
07-29 08:36:12.294  4844  4844 I SystemUi--Keyguard: ScrimControllerExImp-->blur State to UNLOCK, bouncer=false changeFromBouncerScrim= false runnerUnlock= false goingAway=false hasHandle=true isOccludeAnimationPlaying=false
07-29 08:36:12.302  1882  1967 I SnapAlloc: Using graphics libs for alignment calculations
07-29 08:36:12.303  4844  4844 I SystemUi--Keyguard: ScrimControllerExImp-->blur State to UNLOCK, bouncer=false changeFromBouncerScrim= false runnerUnlock= false goingAway=false hasHandle=true isOccludeAnimationPlaying=false
07-29 08:36:12.303  3344  5345 I InputDispatcher: injectInputEvent: targetUid=<not set>, syncMode=WAIT_FOR_FINISHED, timeout=30000ms, policyFlags=0x8000000, event=MotionEvent { action=MOVE, id[0]=0, x[0]=900, y[0]=1743.9, eventTime=58180000000, downTime=57919000000, deviceId=4, source=TOUCHSCREEN, displayId=0, eventId=0xe1e5116f}
07-29 08:36:12.303  4844  4844 I SystemUi--Keyguard: ScrimControllerExImp-->blur State to UNLOCK, bouncer=false changeFromBouncerScrim= false runnerUnlock= false goingAway=false hasHandle=true isOccludeAnimationPlaying=false
07-29 08:36:12.310  4844  4844 I SystemUi--Keyguard: ScrimControllerExImp-->blur State to UNLOCK, bouncer=false changeFromBouncerScrim= false runnerUnlock= false goingAway=false hasHandle=true isOccludeAnimationPlaying=false
07-29 08:36:12.310  3344  5345 I InputDispatcher: injectInputEvent: targetUid=<not set>, syncMode=WAIT_FOR_FINISHED, timeout=30000ms, policyFlags=0x8000000, event=MotionEvent { action=MOVE, id[0]=0, x[0]=900, y[0]=1789.87, eventTime=58187000000, downTime=57919000000, deviceId=4, source=TOUCHSCREEN, displayId=0, eventId=0xc6206a22}
07-29 08:36:12.310  4844  4844 I SystemUi--Keyguard: ScrimControllerExImp-->blur State to UNLOCK, bouncer=false changeFromBouncerScrim= false runnerUnlock= false goingAway=false hasHandle=true isOccludeAnimationPlaying=false
07-29 08:36:12.318  1882  1967 I SnapAlloc: Using graphics libs for alignment calculations
07-29 08:36:12.318  4844  4844 I SystemUi--Keyguard: ScrimControllerExImp-->blur State to UNLOCK, bouncer=false changeFromBouncerScrim= false runnerUnlock= false goingAway=false hasHandle=true isOccludeAnimationPlaying=false
07-29 08:36:12.318  3344  5345 I InputDispatcher: injectInputEvent: targetUid=<not set>, syncMode=WAIT_FOR_FINISHED, timeout=30000ms, policyFlags=0x8000000, event=MotionEvent { action=MOVE, id[0]=0, x[0]=900, y[0]=1842.4, eventTime=58195000000, downTime=57919000000, deviceId=4, source=TOUCHSCREEN, displayId=0, eventId=0xf9a67368}
07-29 08:36:12.318  4844  4844 I SystemUi--Keyguard: ScrimControllerExImp-->blur State to UNLOCK, bouncer=false changeFromBouncerScrim= false runnerUnlock= false goingAway=false hasHandle=true isOccludeAnimationPlaying=false
07-29 08:36:12.326  4844  4844 I SystemUi--Keyguard: ScrimControllerExImp-->blur State to UNLOCK, bouncer=false changeFromBouncerScrim= false runnerUnlock= false goingAway=false hasHandle=true isOccludeAnimationPlaying=false
07-29 08:36:12.326  3344  5345 I InputDispatcher: injectInputEvent: targetUid=<not set>, syncMode=WAIT_FOR_FINISHED, timeout=30000ms, policyFlags=0x8000000, event=MotionEvent { action=MOVE, id[0]=0, x[0]=900, y[0]=1894.93, eventTime=58203000000, downTime=57919000000, deviceId=4, source=TOUCHSCREEN, displayId=0, eventId=0xcc6565b9}
07-29 08:36:12.327  4844  4844 I SystemUi--Keyguard: ScrimControllerExImp-->blur State to UNLOCK, bouncer=false changeFromBouncerScrim= false runnerUnlock= false goingAway=false hasHandle=true isOccludeAnimationPlaying=false
07-29 08:36:12.335  1882  1967 I SnapAlloc: Using graphics libs for alignment calculations
07-29 08:36:12.335  4844  4844 I SystemUi--Keyguard: ScrimControllerExImp-->blur State to UNLOCK, bouncer=false changeFromBouncerScrim= false runnerUnlock= false goingAway=false hasHandle=true isOccludeAnimationPlaying=false
07-29 08:36:12.335  3344  5345 I InputDispatcher: injectInputEvent: targetUid=<not set>, syncMode=WAIT_FOR_FINISHED, timeout=30000ms, policyFlags=0x8000000, event=MotionEvent { action=MOVE, id[0]=0, x[0]=900, y[0]=1954.03, eventTime=58212000000, downTime=57919000000, deviceId=4, source=TOUCHSCREEN, displayId=0, eventId=0xd8422a57}
07-29 08:36:12.335  4844  4844 I SystemUi--Keyguard: ScrimControllerExImp-->blur State to UNLOCK, bouncer=false changeFromBouncerScrim= false runnerUnlock= false goingAway=false hasHandle=true isOccludeAnimationPlaying=false
07-29 08:36:12.343  4844  4844 I SystemUi--Keyguard: ScrimControllerExImp-->blur State to UNLOCK, bouncer=false changeFromBouncerScrim= false runnerUnlock= false goingAway=false hasHandle=true isOccludeAnimationPlaying=false
07-29 08:36:12.343  3344  5345 I InputDispatcher: injectInputEvent: targetUid=<not set>, syncMode=WAIT_FOR_FINISHED, timeout=30000ms, policyFlags=0x8000000, event=MotionEvent { action=UP, id[0]=0, x[0]=900, y[0]=2000, eventTime=58220000000, downTime=57919000000, deviceId=4, source=TOUCHSCREEN, displayId=0, eventId=0xf81f4080}
07-29 08:36:12.344  3344  4802 D UAH-UahAdaptHelper: adaptSetNotification identity = OplusUAwareInputHelpersrc = 1000 , type 1 ,p1 = -1 ,p2 = -1 ,p3 = -1 ,p4 =
07-29 08:36:12.344  3344  4802 I [UAH_CLIENT]: uahRuleCtl, ruleId:1000, status:1
07-29 08:36:12.344  3344  4404 D OplusViewDebugManager: OplusViewDebugManager Constructor android.view.debug.OplusViewDebugManager@1e83053 [mHasViewDebugProperty true] [mHasMsgDebugProperty false] [DEBUG false] [EXTRAINFOENABLE false] [LIGHT_OS false]
07-29 08:36:12.344  4844  4844 I SystemUi--Keyguard: ScrimControllerExImp-->blur State to UNLOCK, bouncer=false changeFromBouncerScrim= false runnerUnlock= false goingAway=false hasHandle=true isOccludeAnimationPlaying=false
07-29 08:36:12.344  3344  4802 I [UAH_CLIENT]: UahRelease, handle:39
07-29 08:36:12.344  3344  4404 D OplusViewDebugManager: OplusViewDebugManager Constructor android.view.debug.OplusViewDebugManager@1c80d90 [mHasViewDebugProperty true] [mHasMsgDebugProperty false] [DEBUG false] [EXTRAINFOENABLE false] [LIGHT_OS false]
07-29 08:36:12.345  3344  4802 I [UAH_CLIENT]: UahEventAcquire, cmdid:6, pkg:none, identity:OplusUAwareInputHelper
07-29 08:36:12.346  4844  4844 I SystemUi--Statusbar: OplusStatusBarWindowViewTouchExImpl-->onTouchEvent handled:false
07-29 08:36:12.347  4844  4844 I SystemUi--QuickSettings: OplusPanelViewPagerController-->reset
07-29 08:36:12.347  4844  4844 I SystemUi--QuickSettings: OplusPanelViewPagerController-->reset
07-29 08:36:12.347  4844  6037 I [UAH_CLIENT]: UahRelease, handle:38
07-29 08:36:12.347  4844  4844 I SystemUi--QuickSettings: OplusQSRootViewController-->endMotionEvent, expand: true, vel: 6566.6235, vectorVel: 6566.6235  isClosing=false panelClosedOnDown=true canSlideHToQSOnStatusBar=true
07-29 08:36:12.347  4844  4844 I SystemUi--QuickSettings: OplusQSRootViewController-->fling qs, expand: true, vel: 6566.6235
07-29 08:36:12.347  4844  4844 I SystemUi--QuickSettings: QSPanelExpandFraction-->animateExpanded, isExpanded=true, (0.96919215 -> 1.0), lastFinalPosition=1.0
07-29 08:36:12.347  4844  4844 I SystemUi--QuickSettings: QSPanelTranslationY-->animateExpandTranslationY, isExpanded=true, threshold=156.0
07-29 08:36:12.347  4844  4844 I SystemUi--QuickSettings: QSPanelAnimatorManager-->startRebound
07-29 08:36:12.347  4844  6037 I [UAH_CLIENT]: UahEventAcquire, cmdid:97, pkg:none, identity:OsenseHelperImpl
07-29 08:36:12.347  4844  4844 I SystemUi--QuickSettings: OplusPanelViewPagerController-->notifySeparateQSEndMotionEvent currentNotifyFraction=0.0  fraction=0.96919215 notifyExpandedFraction=0.0 fractionListeners.size=0
07-29 08:36:12.347  4844  4844 I SystemUi--QuickSettings: OplusQSRootViewController-->resetTouch
07-29 08:36:12.347  4844  4844 D OplusViewDragTouchViewHelper: dispatchTouchView action = 1
07-29 08:36:12.348  4844  4844 D OplusViewDragTouchViewHelper: dispatchTouchView action = 1
07-29 08:36:12.348  4844  4844 D OplusViewDragTouchViewHelper: dispatchTouchView action = 1
07-29 08:36:12.348  1895  1968 I [UAH_CLIENT]: UahPlatformResAcquire
07-29 08:36:12.348  1895  1968 I [UAH_CLIENT]: UahEventAcquire, cmdid:-3, pkg:1895 7152, identity:qcom-perfd
07-29 08:36:12.349  1895  1968 E PERFHAL-RESOURCEQS: PERFHAL-RESOURCEQS: AddAndApply() 130: Resource with major=18, minor=30 not supported
07-29 08:36:12.349  1895  1968 E PERFHAL-RESOURCEQS: PERFHAL-RESOURCEQS: AddAndApply() 130: Resource with major=18, minor=31 not supported
07-29 08:36:12.351  4844  4844 I SystemUi--Keyguard: ScrimControllerExImp-->blur State to UNLOCK, bouncer=false changeFromBouncerScrim= false runnerUnlock= false goingAway=false hasHandle=true isOccludeAnimationPlaying=false
07-29 08:36:12.351  1882  1967 I SnapAlloc: Using graphics libs for alignment calculations
07-29 08:36:12.351  4844  4844 I SystemUi--Keyguard: ScrimControllerExImp-->blur State to UNLOCK, bouncer=false changeFromBouncerScrim= false runnerUnlock= false goingAway=false hasHandle=true isOccludeAnimationPlaying=false
07-29 08:36:12.359  4844  4844 I SystemUi--Keyguard: ScrimControllerExImp-->blur State to UNLOCK, bouncer=false changeFromBouncerScrim= false runnerUnlock= false goingAway=false hasHandle=true isOccludeAnimationPlaying=false
07-29 08:36:12.360  4844  4844 I SystemUi--Keyguard: ScrimControllerExImp-->blur State to UNLOCK, bouncer=false changeFromBouncerScrim= false runnerUnlock= false goingAway=false hasHandle=true isOccludeAnimationPlaying=false
07-29 08:36:12.367  4844  4844 I SystemUi--Keyguard: ScrimControllerExImp-->blur State to UNLOCK, bouncer=false changeFromBouncerScrim= false runnerUnlock= false goingAway=false hasHandle=true isOccludeAnimationPlaying=false
07-29 08:36:12.368  1882  1967 I SnapAlloc: Using graphics libs for alignment calculations
07-29 08:36:12.368  4844  4844 I SystemUi--Keyguard: ScrimControllerExImp-->blur State to UNLOCK, bouncer=false changeFromBouncerScrim= false runnerUnlock= false goingAway=false hasHandle=true isOccludeAnimationPlaying=false
07-29 08:36:12.374  1974  1974 D SensorFeature: name=ssc_screenshot_info ,index = 22
07-29 08:36:12.374  1974  1974 D SensorFeature: write 29 bytes:58242817789,58251151122,159,0
07-29 08:36:12.376  4844  4844 I SystemUi--Keyguard: ScrimControllerExImp-->blur State to UNLOCK, bouncer=false changeFromBouncerScrim= false runnerUnlock= false goingAway=false hasHandle=true isOccludeAnimationPlaying=false
07-29 08:36:12.376  4844  4844 I SystemUi--Keyguard: ScrimControllerExImp-->blur State to UNLOCK, bouncer=false changeFromBouncerScrim= false runnerUnlock= false goingAway=false hasHandle=true isOccludeAnimationPlaying=false
07-29 08:36:12.384  4844  4844 I SystemUi--Keyguard: ScrimControllerExImp-->blur State to UNLOCK, bouncer=false changeFromBouncerScrim= false runnerUnlock= false goingAway=false hasHandle=true isOccludeAnimationPlaying=false
07-29 08:36:12.384  1882  1967 I SnapAlloc: Using graphics libs for alignment calculations
07-29 08:36:12.384  4844  4844 I SystemUi--Keyguard: ScrimControllerExImp-->blur State to UNLOCK, bouncer=false changeFromBouncerScrim= false runnerUnlock= false goingAway=false hasHandle=true isOccludeAnimationPlaying=false
07-29 08:36:12.393  4844  4844 I SystemUi--Keyguard: ScrimControllerExImp-->blur State to UNLOCK, bouncer=false changeFromBouncerScrim= false runnerUnlock= false goingAway=false hasHandle=true isOccludeAnimationPlaying=false
07-29 08:36:12.393  4844  4844 I SystemUi--Keyguard: ScrimControllerExImp-->blur State to UNLOCK, bouncer=false changeFromBouncerScrim= false runnerUnlock= false goingAway=false hasHandle=true isOccludeAnimationPlaying=false
07-29 08:36:12.401  4844  4844 I SystemUi--Keyguard: ScrimControllerExImp-->blur State to UNLOCK, bouncer=false changeFromBouncerScrim= false runnerUnlock= false goingAway=false hasHandle=true isOccludeAnimationPlaying=false
07-29 08:36:12.401  1882  1967 I SnapAlloc: Using graphics libs for alignment calculations
07-29 08:36:12.401  4844  4844 I SystemUi--Keyguard: ScrimControllerExImp-->blur State to UNLOCK, bouncer=false changeFromBouncerScrim= false runnerUnlock= false goingAway=false hasHandle=true isOccludeAnimationPlaying=false
07-29 08:36:12.409  4844  4844 I SystemUi--Keyguard: ScrimControllerExImp-->blur State to UNLOCK, bouncer=false changeFromBouncerScrim= false runnerUnlock= false goingAway=false hasHandle=true isOccludeAnimationPlaying=false
07-29 08:36:12.409  4844  4844 I SystemUi--Keyguard: ScrimControllerExImp-->blur State to UNLOCK, bouncer=false changeFromBouncerScrim= false runnerUnlock= false goingAway=false hasHandle=true isOccludeAnimationPlaying=false
07-29 08:36:12.417  4844  4844 I SystemUi--Keyguard: ScrimControllerExImp-->blur State to UNLOCK, bouncer=false changeFromBouncerScrim= false runnerUnlock= false goingAway=false hasHandle=true isOccludeAnimationPlaying=false
07-29 08:36:12.418  1882  1967 I SnapAlloc: Using graphics libs for alignment calculations
07-29 08:36:12.418  4844  4844 I SystemUi--Keyguard: ScrimControllerExImp-->blur State to UNLOCK, bouncer=false changeFromBouncerScrim= false runnerUnlock= false goingAway=false hasHandle=true isOccludeAnimationPlaying=false
07-29 08:36:12.426  4844  4844 I SystemUi--Keyguard: ScrimControllerExImp-->blur State to UNLOCK, bouncer=false changeFromBouncerScrim= false runnerUnlock= false goingAway=false hasHandle=true isOccludeAnimationPlaying=false
07-29 08:36:12.427  4844  4844 I SystemUi--Keyguard: ScrimControllerExImp-->blur State to UNLOCK, bouncer=false changeFromBouncerScrim= false runnerUnlock= false goingAway=false hasHandle=true isOccludeAnimationPlaying=false
07-29 08:36:12.434  4844  4844 I SystemUi--Keyguard: ScrimControllerExImp-->blur State to UNLOCK, bouncer=false changeFromBouncerScrim= false runnerUnlock= false goingAway=false hasHandle=true isOccludeAnimationPlaying=false
07-29 08:36:12.435  4844  4844 I SystemUi--Keyguard: ScrimControllerExImp-->blur State to UNLOCK, bouncer=false changeFromBouncerScrim= false runnerUnlock= false goingAway=false hasHandle=true isOccludeAnimationPlaying=false
07-29 08:36:12.435  1882  1967 I SnapAlloc: Using graphics libs for alignment calculations
07-29 08:36:12.442  4844  4844 I SystemUi--Keyguard: ScrimControllerExImp-->blur State to UNLOCK, bouncer=false changeFromBouncerScrim= false runnerUnlock= false goingAway=false hasHandle=true isOccludeAnimationPlaying=false
07-29 08:36:12.443  4844  4844 I SystemUi--Keyguard: ScrimControllerExImp-->blur State to UNLOCK, bouncer=false changeFromBouncerScrim= false runnerUnlock= false goingAway=false hasHandle=true isOccludeAnimationPlaying=false
07-29 08:36:12.450  4844  4844 I SystemUi--Keyguard: ScrimControllerExImp-->blur State to UNLOCK, bouncer=false changeFromBouncerScrim= false runnerUnlock= false goingAway=false hasHandle=true isOccludeAnimationPlaying=false
07-29 08:36:12.451  4844  4844 I SystemUi--Keyguard: ScrimControllerExImp-->blur State to UNLOCK, bouncer=false changeFromBouncerScrim= false runnerUnlock= false goingAway=false hasHandle=true isOccludeAnimationPlaying=false
07-29 08:36:12.451  1882  1967 I SnapAlloc: Using graphics libs for alignment calculations
07-29 08:36:12.459  4844  4844 I SystemUi--Keyguard: ScrimControllerExImp-->blur State to UNLOCK, bouncer=false changeFromBouncerScrim= false runnerUnlock= false goingAway=false hasHandle=true isOccludeAnimationPlaying=false
07-29 08:36:12.459  4844  4844 I SystemUi--Keyguard: ScrimControllerExImp-->blur State to UNLOCK, bouncer=false changeFromBouncerScrim= false runnerUnlock= false goingAway=false hasHandle=true isOccludeAnimationPlaying=false
07-29 08:36:12.467  4844  4844 I SystemUi--Keyguard: ScrimControllerExImp-->blur State to UNLOCK, bouncer=false changeFromBouncerScrim= false runnerUnlock= false goingAway=false hasHandle=true isOccludeAnimationPlaying=false
07-29 08:36:12.467  4844  4844 I SystemUi--Keyguard: ScrimControllerExImp-->blur State to UNLOCK, bouncer=false changeFromBouncerScrim= false runnerUnlock= false goingAway=false hasHandle=true isOccludeAnimationPlaying=false
07-29 08:36:12.470  1882  1967 I SnapAlloc: Using graphics libs for alignment calculations
07-29 08:36:12.475  4844  4844 I SystemUi--Keyguard: ScrimControllerExImp-->blur State to UNLOCK, bouncer=false changeFromBouncerScrim= false runnerUnlock= false goingAway=false hasHandle=true isOccludeAnimationPlaying=false
07-29 08:36:12.476  4844  4844 I SystemUi--Keyguard: ScrimControllerExImp-->blur State to UNLOCK, bouncer=false changeFromBouncerScrim= false runnerUnlock= false goingAway=false hasHandle=true isOccludeAnimationPlaying=false
07-29 08:36:12.484  4844  4844 I SystemUi--Keyguard: ScrimControllerExImp-->blur State to UNLOCK, bouncer=false changeFromBouncerScrim= false runnerUnlock= false goingAway=false hasHandle=true isOccludeAnimationPlaying=false
07-29 08:36:12.484  1882  1967 I SnapAlloc: Using graphics libs for alignment calculations
07-29 08:36:12.484  4844  4844 I SystemUi--Keyguard: ScrimControllerExImp-->blur State to UNLOCK, bouncer=false changeFromBouncerScrim= false runnerUnlock= false goingAway=false hasHandle=true isOccludeAnimationPlaying=false
07-29 08:36:12.492  4844  4844 I SystemUi--Keyguard: ScrimControllerExImp-->blur State to UNLOCK, bouncer=false changeFromBouncerScrim= false runnerUnlock= false goingAway=false hasHandle=true isOccludeAnimationPlaying=false
07-29 08:36:12.492  4844  4844 I SystemUi--Keyguard: ScrimControllerExImp-->blur State to UNLOCK, bouncer=false changeFromBouncerScrim= false runnerUnlock= false goingAway=false hasHandle=true isOccludeAnimationPlaying=false
07-29 08:36:12.500  4844  4844 I SystemUi--Keyguard: ScrimControllerExImp-->blur State to UNLOCK, bouncer=false changeFromBouncerScrim= false runnerUnlock= false goingAway=false hasHandle=true isOccludeAnimationPlaying=false
07-29 08:36:12.502  4844  4844 I SystemUi--Keyguard: ScrimControllerExImp-->blur State to UNLOCK, bouncer=false changeFromBouncerScrim= false runnerUnlock= false goingAway=false hasHandle=true isOccludeAnimationPlaying=false
07-29 08:36:12.502  1882  1967 I SnapAlloc: Using graphics libs for alignment calculations
07-29 08:36:12.509  4844  4844 I SystemUi--Keyguard: ScrimControllerExImp-->blur State to UNLOCK, bouncer=false changeFromBouncerScrim= false runnerUnlock= false goingAway=false hasHandle=true isOccludeAnimationPlaying=false
07-29 08:36:12.509  4844  4844 I SystemUi--Keyguard: ScrimControllerExImp-->blur State to UNLOCK, bouncer=false changeFromBouncerScrim= false runnerUnlock= false goingAway=false hasHandle=true isOccludeAnimationPlaying=false
07-29 08:36:12.517  4844  4844 I SystemUi--Keyguard: ScrimControllerExImp-->blur State to UNLOCK, bouncer=false changeFromBouncerScrim= false runnerUnlock= false goingAway=false hasHandle=true isOccludeAnimationPlaying=false
07-29 08:36:12.518  4844  4844 I SystemUi--Keyguard: ScrimControllerExImp-->blur State to UNLOCK, bouncer=false changeFromBouncerScrim= false runnerUnlock= false goingAway=false hasHandle=true isOccludeAnimationPlaying=false
07-29 08:36:12.518  1882  1967 I SnapAlloc: Using graphics libs for alignment calculations
07-29 08:36:12.525  4844  4844 I SystemUi--Keyguard: ScrimControllerExImp-->blur State to UNLOCK, bouncer=false changeFromBouncerScrim= false runnerUnlock= false goingAway=false hasHandle=true isOccludeAnimationPlaying=false
07-29 08:36:12.526  4844  4844 I SystemUi--Keyguard: ScrimControllerExImp-->blur State to UNLOCK, bouncer=false changeFromBouncerScrim= false runnerUnlock= false goingAway=false hasHandle=true isOccludeAnimationPlaying=false
07-29 08:36:12.534  4844  4844 I SystemUi--Keyguard: ScrimControllerExImp-->blur State to UNLOCK, bouncer=false changeFromBouncerScrim= false runnerUnlock= false goingAway=false hasHandle=true isOccludeAnimationPlaying=false
07-29 08:36:12.534  1882  1967 I SnapAlloc: Using graphics libs for alignment calculations
07-29 08:36:12.535  4844  4844 I SystemUi--Keyguard: ScrimControllerExImp-->blur State to UNLOCK, bouncer=false changeFromBouncerScrim= false runnerUnlock= false goingAway=false hasHandle=true isOccludeAnimationPlaying=false
07-29 08:36:12.542  4844  4844 I SystemUi--QuickSettings: TemporarilyInfoManager-->[setStarted] true
07-29 08:36:12.542  4844  4844 I SystemUi--QuickSettings: OplusQSRootViewController-->endClosing()
07-29 08:36:12.542  4844  4844 I SystemUi--Common: OplusShadeExpansionStat-->go state: OPENING -> OPEN
07-29 08:36:12.542  4844  4844 I SystemUi--Common: OplusShadeExpansionStat-->go state: OPENING -> OPEN
07-29 08:36:12.542  4844  4844 I SystemUi--Keyguard: ScrimControllerExImp-->blur State to UNLOCK, bouncer=false changeFromBouncerScrim= false runnerUnlock= false goingAway=false hasHandle=true isOccludeAnimationPlaying=false
07-29 08:36:12.543  4844  4844 I SystemUi--Common: PlatformBlurManagerImpl-->setPlatformBlurMode: blurMode=AUTO(blurFrequency=4)
07-29 08:36:12.543  4844  4844 I SystemUi--Common: PlatformBlurManagerImpl-->updateMotionFrequency: isExpanding=false
07-29 08:36:12.543  4844  4844 I SystemUi--Keyguard: ScrimControllerExImp-->blur State to UNLOCK, bouncer=false changeFromBouncerScrim= false runnerUnlock= false goingAway=false hasHandle=true isOccludeAnimationPlaying=false
07-29 08:36:12.543  4844  4844 I SystemUi--Device_Panel: OplusQSMyDeviceContainerViewController-->setQsDeviceExpansion expansion 1.0
07-29 08:36:12.544  4844  4844 I SystemUi--QuickSettings: QSPanelExpandFraction-->fractionAnimation onAnimationEnd, value=1.0
07-29 08:36:12.553  1882  1967 I SnapAlloc: Using graphics libs for alignment calculations
07-29 08:36:12.621  1834  4433 I sensors-hal: handle_oplus_wise_rgb_event:189, high_pwm_light:lux 263.2,cct 3554.5,brl/algo/ir 1438.0/2.0/17.4,pwm/dc 0.0/0.0,rgbc 20796.091797/13071.629883/6010.599609/38535.859375,ts 58260430566,cnt 820,flag 159
07-29 08:36:12.621  1885  4423 I Dpps    : LtmSwState::SetParameter():144 ignore cmd 7 in state LtmOffState
07-29 08:36:12.657  1974  1974 D SensorFeature: name=ssc_screenshot_info ,index = 22
07-29 08:36:12.657  1974  1974 D SensorFeature: write 29 bytes:58525340185,58533673518,160,0
07-29 08:36:12.691  3344  3780 D VRR [OPlusSAManager]: updateAutoMinfps with nits: 120.992874, mHistOK true, mAmbientOK true, mCctOK true, mIrOK true, mBrightnessOK true, isPkgOK true, SA min fps: 119
07-29 08:36:12.691  3344  3780 D VRR [OPlusSurfaceFlingerController]: setAutoMode enable: true fakeFrame: true fps: 119
07-29 08:36:12.691  2145  2357 I VRR-[OPlusAdfrUtil]: ADFR try set Auto mode with mode 1 fakeframe 1 min fps 119
07-29 08:36:12.691  2145  2357 D VRR-[OPlusRefreshRateSelector]: OSyncModes add size is 1.
07-29 08:36:12.691  2145  2357 I VRR-[OPlusRefreshRateSelector]: updateAutoMode success, display 0, mode 0, fakeframe 1, min fps: 1
07-29 08:36:12.691  2145  3592 D VRR-[OPlusRefreshRateSelector]: handleSetHWCOSync
07-29 08:36:12.691  2145  3592 D VRR-[OPlusRefreshRateSelector]: OSyncModes remaining size is 0.
07-29 08:36:12.691  2145  3592 D VRR-[OPlusRefreshRateSelector]: SetHWCOSync with 5CC08181
07-29 08:36:12.699  1885  3590 I SDM     : DisplayBuiltIn::SetQSyncMode: VRR + update qsync mode 0 minfps 00C08181
07-29 08:36:12.700  1885  2179 E SDM     : DRMConnector::Perform: Connector 67: Setting Qsync min fps 12616065
07-29 08:36:12.887  1885  4423 I Dpps    : LtmSwState::SetParameter():144 ignore cmd 7 in state LtmOffState
07-29 08:36:12.901  1998  2020 D BatteryChargeControl: bcc get no support from charging protocol
07-29 08:36:12.939  1974  1974 D SensorFeature: name=ssc_screenshot_info ,index = 22
07-29 08:36:12.939  1974  1974 D SensorFeature: write 29 bytes:58807883310,58816216643,161,0
07-29 08:36:12.992  1998  7517 D charge_time: type=sdp,reserve_soc=2,soc=75,ui_soc=78,current=182,avg=176,not_chg_cnt=0,stable_cnt=7,fcc=5724,fcc_ratio=94,delta=17,debug=0,region=13,ttf=12845(03:34:05),ui_ttf=9619(02:40:19)
07-29 08:36:13.133  6486  6564 E oiface  : sched_setaffinity failed
07-29 08:36:13.137  1998  1998 D vendor.oplus.hardware.charger-V7-service: getChargerControl:
07-29 08:36:13.151  1975  5108 E PerformanceService: storage_feature: open /sys/devices/platform/soc/112b0000.ufshci//virtualtlcbuff fail
07-29 08:36:13.152  5208  5645 D OplusScrollToTopManager: com.android.launcher/com.android.launcher.Launcher,This com.android.internal.policy.DecorView{a4094a6 V.E...... R....... 0,0-1080,2376 aid=0 alpha=1.0 viewInfo = }[Launcher] change focus to false
07-29 08:36:13.153  1834  4433 I sensors-hal: handle_oplus_wise_rgb_event:189, high_pwm_light:lux 270.9,cct 3637.3,brl/algo/ir 1438.0/2.0/16.7,pwm/dc 0.0/0.0,rgbc 20862.669922/13168.320312/6049.080078/38776.613281,ts 58808291712,cnt 830,flag 161
07-29 08:36:13.153  1885  4423 I Dpps    : LtmSwState::SetParameter():144 ignore cmd 7 in state LtmOffState
07-29 08:36:13.155  4844  5029 D OplusScrollToTopManager: NotificationShade,This com.android.systemui.shade.NotificationShadeWindowView{1b2b4a2 V.E...... ........ 0,0-1080,2376 #7f0a06b7 app:id/legacy_window_root alpha=1.0 viewInfo = } change focus to true
07-29 08:36:13.155  4844  5029 D OplusScrollToTopManager: NotificationShade, registerGuidePopupDismissReceiverInSystemUI
07-29 08:36:13.156  3344  5345 W BestClock: java.time.DateTimeException: Missing network time fix
07-29 08:36:13.157  4844  5029 D OplusScrollToTopManager: NotificationShade, after registerGuidePopupDismissReceiverInSystemUI
07-29 08:36:13.157  3344  5345 W BestClock: java.time.DateTimeException: Missing network time fix
07-29 08:36:13.158  3344  5332 W BestClock: java.time.DateTimeException: Missing network time fix
07-29 08:36:13.222  1974  1974 D SensorFeature: name=ssc_screenshot_info ,index = 22
07-29 08:36:13.222  1974  1974 D SensorFeature: write 29 bytes:59089841695,59098175028,162,0
