07-29 08:36:13.393  3344  4843 I InputDispatcher: injectInputEvent: targetUid=<not set>, syncMode=WAIT_FOR_FINISHED, timeout=30000ms, policyFlags=0x8000000, event=MotionEvent { action=DOWN, id[0]=0, x[0]=877, y[0]=1330, eventTime=59270000000, downTime=59270000000, deviceId=4, source=TOUCHSCREEN, displayId=0, eventId=0xfe849873}
07-29 08:36:13.394  3344  4802 I [UAH_CLIENT]: UahEventAcquire, cmdid:37, pkg:none, identity:OplusUAwareInputHelper
07-29 08:36:13.394  3344  3772 D PowerManagerService: userActivityNoUpdateLocked: groupId=0, eventTime=59270, event=touch, flags=0x0, uid=1000
07-29 08:36:13.394  4844  4844 V AutofillManager: requestHideFillUi(null): anchor = null
07-29 08:36:13.394  4844  4844 V Application: getAutofillClient(): null on super, trying to find activity thread
07-29 08:36:13.394  4844  4844 V Application: getAutofillClient(): none of the 0 activities on com.android.systemui.SystemUIApplication@2ae5f96 are top resumed nor have focus
07-29 08:36:13.394  4844  4844 V AutofillManager: No AutofillClient for com.android.systemui on context com.android.systemui.SystemUIApplication@2ae5f96
07-29 08:36:13.394  3344  4802 D UAH-UahAdaptHelper: adaptSetNotification identity = OplusUAwareInputHelpersrc = 1000 , type 0 ,p1 = -1 ,p2 = -1 ,p3 = -1 ,p4 =
07-29 08:36:13.394  3344  4802 I [UAH_CLIENT]: uahRuleCtl, ruleId:1000, status:0
07-29 08:36:13.395  3344  4634 D OMP_Detector: D:done mCurrStatus: 0
07-29 08:36:13.395  4844  4844 I SystemUi--Common: ScrollTranslationValue-->resetPanelTranslationY
07-29 08:36:13.395  4844  4844 I SystemUi--QuickSettings: OplusPanelViewPagerController-->initExpanded downExpanded=QS downOnRight=true targetPage=QS downOnYHotArea=false  isKeyguardShowing=false isOnKeyguard=false fractionListeners.size=0 currentQsFraction=1.0 currentNotifyFraction=0.0 hasCalledDownEvent=true getScrollXHotZone=([Rect(0, 0 - 1080, 2376)], [Rect(-1, -1 - -1, -1), Rect(144, 2143 - 270, 2269), Rect(810, 2143 - 936, 2269)]) getScrollYHotZone=Rect(0, 0 - 1080, 222) notifyExpandedFraction=0.0 isLastUpToExpand=true qsPanelView.translationX=0.0
07-29 08:36:13.396  4844  4844 I SystemUi--QuickSettings: OplusQSRootViewController-->startExpandMotion event: 0, startTracking: false isClosing: false panelClosedOnDown: false
07-29 08:36:13.396  4844  4844 I SystemUi--QuickSettings: OplusQSRootViewController-->initialOffsetOnTouch: 2376.0, panelClosedOnDown: false
07-29 08:36:13.396  3344  4843 I InputDispatcher: injectInputEvent: targetUid=<not set>, syncMode=WAIT_FOR_FINISHED, timeout=30000ms, policyFlags=0x8000000, event=MotionEvent { action=UP, id[0]=0, x[0]=877, y[0]=1330, eventTime=59270000000, downTime=59270000000, deviceId=4, source=TOUCHSCREEN, displayId=0, eventId=0xfb42b045}
07-29 08:36:13.397  3344  4802 D UAH-UahAdaptHelper: adaptSetNotification identity = OplusUAwareInputHelpersrc = 1000 , type 1 ,p1 = -1 ,p2 = -1 ,p3 = -1 ,p4 =
07-29 08:36:13.397  3344  4802 I [UAH_CLIENT]: uahRuleCtl, ruleId:1000, status:1
07-29 08:36:13.397  4844  4844 I SystemUi--Statusbar: OplusStatusBarWindowViewTouchExImpl-->onTouchEvent handled:false
07-29 08:36:13.397  4844  4844 I SystemUi--QuickSettings: OplusPanelViewPagerController-->reset
07-29 08:36:13.397  4844  4844 I SystemUi--QuickSettings: OplusQSRootViewController-->resetTouch
07-29 08:36:13.397  4844  4844 D OplusViewDragTouchViewHelper: dispatchTouchView action = 1
07-29 08:36:13.398  4844  4844 D ViewRootImplExtImpl: the up motion event handled by client, just return
07-29 08:36:13.398  4844  4844 I SystemUi--QuickSettings: Tile.OplusAirplaneModeTile-->clicked ------ state is :2 canTips :true
07-29 08:36:13.398  4844  5358 V OplusCustomizeCacheManager: queryCache name: sys.cache.common_customize_cache18026 param: null
07-29 08:36:13.398  4844  5358 V OplusCustomizeCacheManager: queryCache name: sys.cache.common_customize_cache18026 param: null
07-29 08:36:13.399  1975  5108 E PerformanceService: [damon_reclaim] Failed to open wmarks_xxx, Linux version 6.6.30
07-29 08:36:13.399  3344  4304 E PerformanceManager: setDamonReclaimWmarks succeed.
07-29 08:36:13.400  3344  4419 D BluetoothSystemServer: BluetoothRadioModeListener: Not sensitive to airplane_mode_radios change. Forced to false
07-29 08:36:13.400  3344  4607 D OplusWifiSwitchStateMonitor: mWifiSettingsValue:0
07-29 08:36:13.400  3344  4607 D OplusWifiSwitchStateMonitor: notify scan state: true
07-29 08:36:13.400  4844  4844 I SystemUi--Statusbar: OplusStatusBarSignalPolicy-->imsIcon: OplusIMSModel(shouldShowVolte=false, shouldShowVowifi=false, simInserted=true, noSim=false, shouldShowVodata=false, shouldShowVo5G=false, vowifiState=false), OplusIMSModel(shouldShowVolte=false, shouldShowVowifi=false, simInserted=false, noSim=true, shouldShowVodata=false, shouldShowVo5G=false, vowifiState=false), noSubs:false, airplaneMode:falsevisible: false ,wifiConnect:false , vowifiIcon:0 , voDataStatus:false, is5GNewCall:false
07-29 08:36:13.400  4844  4844 I SystemUi--Statusbar: OplusStatusBarSignalPolicy-->noSimIcon simState: SimStateModel(simInserted=[true, false], simForbidden=[false, true], simStateIMSI=[true, false], simLoaded=[true, false]), noSubs:false isAirplaneMode:false
07-29 08:36:13.400  4844  4844 I SystemUi--Statusbar: OplusMobileIconViewModel-->isVisible subId:1 isAirplaneMode:false isAllowedDuringAirplaneMode:false isForceHidden:false isSatelliteForbid:false
07-29 08:36:13.400  4844  4844 I SystemUi--Statusbar: OplusStatusBarMobileViewBinder-->isVisible:true
07-29 08:36:13.400  4844  4844 I SystemUi--Statusbar: OplusStatusBarMobileViewBinder-->isVisible:true
07-29 08:36:13.400  4844  4844 I SystemUi--Statusbar: OplusStatusBarMobileViewBinder-->isVisible:true
07-29 08:36:13.400  4844  4844 I SystemUi--Statusbar: OplusStatusBarMobileViewBinder-->isVisible:true
07-29 08:36:13.400  4844  4844 I SystemUi--Statusbar: OplusStatusBarMobileViewBinder-->isVisible:true
07-29 08:36:13.400  3344  4606 D OplusWifiPower_ConnLpmEventObsever: AIRPLANE_MODE_ON:false
07-29 08:36:13.400  4844  5729 V OplusCustomizeCacheManager: queryCache name: sys.cache.common_customize_cache11009 param: null
07-29 08:36:13.401  5040  8569 I txpwradmin:SettingsObserver: onChange for uri = content://settings/global/airplane_mode_on
07-29 08:36:13.401  5013  5848 D NAS-CallIssueDetector: notifyApmChanged
07-29 08:36:13.401  4844  5729 I SystemUi--QuickSettings: Tile.OplusAirplaneModeTile-->handleUpdateState state.state: 2 value: 0
07-29 08:36:13.401  4844  5729 V OplusCustomizeCacheManager: queryCache name: sys.cache.common_customize_cache18026 param: null
07-29 08:36:13.401  5030  5030 W Settings: Setting airplane_mode_on has moved from android.provider.Settings.System to android.provider.Settings.Global, returning read-only value.
07-29 08:36:13.401  5013  5847 D OplusLinkBoostMeeting: onAirplaneModeChange
07-29 08:36:13.402  3344  3344 D OplusWifiBroadCastDispatcher: mBroadcastReceiver: onReceiver  action=android.intent.action.AIRPLANE_MODE
07-29 08:36:13.402  5040  8569 D txpwrJni: sendRadioStatus start
07-29 08:36:13.402  4932  4932 W Settings: Setting airplane_mode_on has moved from android.provider.Settings.System to android.provider.Settings.Global, returning read-only value.
07-29 08:36:13.402  5013  5854 D ElevatorEvent: enableElevatorDetect mIsElevSensorReg = false
07-29 08:36:13.402  4932  4932 W Settings: Setting airplane_mode_on has moved from android.provider.Settings.System to android.provider.Settings.Global, returning read-only value.
07-29 08:36:13.402  4932  4932 W Settings: Setting airplane_mode_on has moved from android.provider.Settings.System to android.provider.Settings.Global, returning read-only value.
07-29 08:36:13.402  4932  4932 W Settings: Setting airplane_mode_on has moved from android.provider.Settings.System to android.provider.Settings.Global, returning read-only value.
07-29 08:36:13.402  5013  5854 V SystemSensorManagerExtImpl: RegisterListener elevator_detect  Wakeup type:33171036 delay:200000us by com.oplus.nas.comm.event.ElevatorEvent$a@30cfd59 from com.oplus.nas
07-29 08:36:13.402  4932  4932 W Settings: Setting airplane_mode_on has moved from android.provider.Settings.System to android.provider.Settings.Global, returning read-only value.
07-29 08:36:13.402  3344  5332 D SensorService: createSensorEventConnection packageName = com.oplus.nas.comm.event.ElevatorEvent, opPackageName = com.oplus.nas, mCurrentOperatingMode = 0, requestedMode = 0
07-29 08:36:13.402  5013  7088 I PCDR-common_no_service[0]: forbidden
07-29 08:36:13.402  5013  7088 I PCDR-common_no_45g[0]: forbidden
07-29 08:36:13.402  5013  7088 I PCDR-common_no_service[1]: forbidden
07-29 08:36:13.402  5013  7088 I PCDR-common_no_45g[1]: forbidden
07-29 08:36:13.402  5193  5193 D SubsysBroadcastManager: onReceive action:android.intent.action.AIRPLANE_MODE
07-29 08:36:13.402  5097  5097 I QImsService: OplusWifiApmStateMgr : ACTION_AIRPLANE_MODE_CHANGED,mIsAirplaneModeOn: false
07-29 08:36:13.402  5097  5097 I QImsService: OplusImsServiceSubImpl : onTurnOffImsAfterWifiChanged : false
07-29 08:36:13.402  5097  5097 I QImsService: OplusImsServiceSubImpl : onTurnOffImsAfterWifiChanged : false
07-29 08:36:13.402  5193  5193 D NetworkService[0]: onAirPlaneModeChange isAirPlaneModeOn:false
07-29 08:36:13.402  5193  5193 D NetworkService[1]: onAirPlaneModeChange isAirPlaneModeOn:false
07-29 08:36:13.402  5193  5193 D QuickChangeAirplaneModeEvent: airplane mode off
07-29 08:36:13.403  5013  5848 D NAS-CallIssueDetector: EVENT_SIM_STATE_CHANGE mSimState[0] LOADED
07-29 08:36:13.403  5013  5848 D SceneEvent: registerSensorMgr start
07-29 08:36:13.403  4932  4932 D PhoneGlobals: ACTION_AIRPLANE_MODE_CHANGED received
07-29 08:36:13.403  4932  4932 D PhoneGlobals: Receive ACTION_AIRPLANE_MODE_CHANGED, state: false
07-29 08:36:13.403  4932  4932 I PhoneGlobals: handleAirplaneModeChange: isAirplaneNewlyOn=false
07-29 08:36:13.403  4932  4932 D PhoneGlobals: handleAirplaneModeChange: isAirplaneNewlyOn = false, cellState = 2
07-29 08:36:13.403  4932  4932 I PhoneGlobals: Turning radio on - airplane
07-29 08:36:13.403  7352  9698 I SettingImpl: isAirplaneModeToggleChecked switchValue: -1, airplane mode isChecked is false
07-29 08:36:13.403  5013  5842 D ResidenceLocSm: onPreHandleMessage 49
07-29 08:36:13.403  5013  5842 D ResidenceLocSm: onPostHandleMessage 49
07-29 08:36:13.403  5193  5193 W Settings: Setting airplane_mode_on has moved from android.provider.Settings.System to android.provider.Settings.Global, returning read-only value.
07-29 08:36:13.403  3344  4483 D WifiController: Airplane mode disabled, determine next state
07-29 08:36:13.404  3344  4483 D WifiActiveModeWarden: Starting primary ClientModeManager in scan only mode
07-29 08:36:13.404  3344  4483 D WifiController: DisabledState.exit()
07-29 08:36:13.404  3344  4483 D WifiController: EnabledState.enter()
07-29 08:36:13.404  3344  4483 D WifiClientModeManager[59281:unknown]: entering IdleState
07-29 08:36:13.404  3344  4843 W SensorService: SensorEventConnection sensor handle=1362, package = com.oplus.nas.comm.event.ElevatorEvent enable
07-29 08:36:13.404  3344  4843 E SensorService: Required app com.oplus.nas.comm.event.ElevatorEvent, uid 1000, pid 5013
07-29 08:36:13.405  3344  4843 D SensorService: Calling batch handle==1362 flags=0rate=200000000 timeout== 0
07-29 08:36:13.405  3344  4843 D SensorService: SensorDevice::batch: ident=0xb400007b2363eb40, handle=0x00000552, flags=0, period_ns=200000000 timeout=0
07-29 08:36:13.405  3344  4843 D SensorService: 	>>> actuating h/w BATCH 0x00000552 200000000 0
07-29 08:36:13.405  1834  1834 I sensors-hal: batch:153, qti.sensor.elevator_detect/1362, period=200000000, max_latency=0
07-29 08:36:13.405  1834  1834 I sensors-hal: batch:175, qti.sensor.elevator_detect/1362, period=200000000, max_latency=0 request completed
07-29 08:36:13.405  3344  4843 D SensorService: Calling activate on 1362
07-29 08:36:13.405  3344  4843 D SensorService: SensorDevice::activate: ident=0xb400007b2363eb40, handle=0x00000552, enabled=1, count=1
07-29 08:36:13.405  3344  4843 D SensorService: enable index=0
07-29 08:36:13.405  3344  4843 D SensorService: info.numActiveClients() = 1, info.isActive = 0
07-29 08:36:13.405  3344  4843 D SensorService: activateHardware = 1
07-29 08:36:13.406  3344  4843 D SensorService: 	>>> actuating h/w activate handle=1362 enabled=1
07-29 08:36:13.406  1834  1834 I sensors-hal: activate:112, qti.sensor.elevator_detect/1362 en=1
07-29 08:36:13.406  1834  1834 I sensors-hal: acquire_qsh_interface:131, acquire_qsh_interface with sensor_id 28 , conn_type 2 
07-29 08:36:13.406  1842  4627 W android.hardware.wifi-service: No active wlan interfaces in use! Using default
07-29 08:36:13.406  3344  4419 D BluetoothSystemServer: AirplaneModeListener: Ignore mode change to same state. previousMode=false, isOn=false, isOnOverrode=false, isMediaConnected=false
07-29 08:36:13.408  1808  1956 E minksocket: MinkIPC ERROR: ( 1808:1956 ) MinkIPC_preProcess:272 Client down, but cannot find corresponding minksession
07-29 08:36:13.408  1808  1954 E minksocket: MinkIPC ERROR: ( 1808:1954 ) MinkIPC_preProcess:272 Client down, but cannot find corresponding minksession
07-29 08:36:13.408  3344  4483 D OplusWifiConcurrentManager: isConcurrentCombinationAllowed : createMode= 0, requestType =-1
07-29 08:36:13.408  4844  4844 D RowAnimatorExtImpl: init:tx,view:StatusBarIconView(slot='volume' alpha=1.0 icon=StatusBarIcon(icon=Icon(typ=RESOURCE pkg=com.android.systemui id=0x7f0818f0) visible user=0 ) visibleState=ICON iconColor=#ccffffff staticDrawableColor=#ccffffff decorColor=#ffffffff animationStartColor=#0 currentSetColor=#ccffffff notification=null),translationX:  9.0  0.0  
07-29 08:36:13.408  3344  4483 I HalDevMgr: currentModeId=3, requestModeId=3, currentModeIdValid=true
07-29 08:36:13.408  5030  5030 I HidlServiceManagement: Trying to get transport of vendor.oplus.hardware.appradio@1.0::IOplusAppRadio/oplus_app_slot1 without hwservicemanager
07-29 08:36:13.408  4844  4844 D RowAnimatorExtImpl: init:tx,view:StatusBarIconView(slot='zen' alpha=1.0 icon=StatusBarIcon(icon=Icon(typ=RESOURCE pkg=com.android.systemui id=0x7f0818e1) visible user=0 ) visibleState=ICON iconColor=#ccffffff staticDrawableColor=#ccffffff decorColor=#ffffffff animationStartColor=#0 currentSetColor=#ccffffff notification=null),translationX:  57.0  48.0  
07-29 08:36:13.408  4844  4844 D RowAnimatorExtImpl: init:tx,view:StatusBarIconView(slot='volume' alpha=1.0 icon=StatusBarIcon(icon=Icon(typ=RESOURCE pkg=com.android.systemui id=0x7f0818f0) visible user=0 ) visibleState=ICON iconColor=#ccffffff staticDrawableColor=#ccffffff decorColor=#ffffffff animationStartColor=#0 currentSetColor=#ccffffff notification=null),translationX:  9.0  0.0  
07-29 08:36:13.408  4844  4844 D RowAnimatorExtImpl: init:tx,view:StatusBarIconView(slot='zen' alpha=1.0 icon=StatusBarIcon(icon=Icon(typ=RESOURCE pkg=com.android.systemui id=0x7f0818e1) visible user=0 ) visibleState=ICON iconColor=#ccffffff staticDrawableColor=#ccffffff decorColor=#ffffffff animationStartColor=#0 currentSetColor=#ccffffff notification=null),translationX:  57.0  48.0  
07-29 08:36:13.408  5030  5030 E NhsAppRIL/0: in getOplusRadioProxy getService: Exception: java.util.NoSuchElementException
07-29 08:36:13.408  1808  1954 E minksocket: MinkIPC ERROR: ( 1808:1954 ) MinkIPC_preProcess:272 Client down, but cannot find corresponding minksession
07-29 08:36:13.409  5193  5193 D RadioMessenger: handleMessage Request msgid 2215
07-29 08:36:13.409  4844  4844 D RowAnimatorExtImpl: init:tx,view:StatusBarIconView(slot='volume' alpha=1.0 icon=StatusBarIcon(icon=Icon(typ=RESOURCE pkg=com.android.systemui id=0x7f0818f0) visible user=0 ) visibleState=ICON iconColor=#ccffffff staticDrawableColor=#ccffffff decorColor=#ffffffff animationStartColor=#0 currentSetColor=#ccffffff notification=null),translationX:  9.0  0.0  
07-29 08:36:13.409  4844  4844 D RowAnimatorExtImpl: init:tx,view:StatusBarIconView(slot='zen' alpha=1.0 icon=StatusBarIcon(icon=Icon(typ=RESOURCE pkg=com.android.systemui id=0x7f0818e1) visible user=0 ) visibleState=ICON iconColor=#ccffffff staticDrawableColor=#ccffffff decorColor=#ffffffff animationStartColor=#0 currentSetColor=#ccffffff notification=null),translationX:  57.0  48.0  
07-29 08:36:13.409  1808  1956 E minksocket: MinkIPC ERROR: ( 1808:1956 ) MinkIPC_preProcess:272 Client down, but cannot find corresponding minksession
07-29 08:36:13.409  1808  1954 E minksocket: MinkIPC ERROR: ( 1808:1954 ) MinkIPC_preProcess:272 Client down, but cannot find corresponding minksession
07-29 08:36:13.409  1808  1956 E minksocket: MinkIPC ERROR: ( 1808:1956 ) MinkIPC_preProcess:272 Client down, but cannot find corresponding minksession
07-29 08:36:13.409  5030  5030 D NhsElevatorReceiver: enableElevatorDetect mIsElevSensorReg = false
07-29 08:36:13.409  5030  5030 V SystemSensorManagerExtImpl: RegisterListener elevator_detect  Wakeup type:33171036 delay:200000us by t0.g$b@71e0f70 from com.oplus.nhs
07-29 08:36:13.409  1842  4627 D WifiHAL : wifi_set_interface_mode: ifname=wlan0 iface_type=0
07-29 08:36:13.409  3344  3454 D SensorService: createSensorEventConnection packageName = t0.g, opPackageName = com.oplus.nhs, mCurrentOperatingMode = 0, requestedMode = 0
07-29 08:36:13.409  1842  4627 I android.hardware.wifi-service: Adding interface handle for wlan0
07-29 08:36:13.409  1842  4627 I android.hardware.wifi-service: Adding interface handle for p2p0
07-29 08:36:13.409  1842  4627 I android.hardware.wifi-service: Adding interface handle for wifi-aware0
07-29 08:36:13.410  5193  5193 D RadioProxyJ: [PHONE0][98]> getNecData moduleId:1 evtId:[0, 16, 0, 0, 0, 0, 0, 0, 0, 0, 0, 0, 0, 0, 0, 0, 0, 0, 0, 0, 0, 0, 0, 0, 0, 0, 0, 0, 0, 0, 0, 0]
07-29 08:36:13.411  3344  4483 D HalDevMgr: updateRttController: no one is interested in RTT controllers
07-29 08:36:13.411  3344  4483 E HalDevMgr: removeP2pAndSapCombination do nothing: mIsAddedP2pAndSapCombination = false
07-29 08:36:13.411  1842  4627 W android.hardware.wifi-service: AIBinder_linkToDeath is being called with a non-null cookie and no onUnlink callback set. This might not be intended. AIBinder_DeathRecipient_setOnUnlinked should be called first.
07-29 08:36:13.411  1842  4627 I android.hardware.wifi-service: twtRegisterEvents is not supported-3
07-29 08:36:13.410  4844  5729 I SystemUi--QuickSettings: Tile.OplusAirplaneModeTile-->handleUpdateState state.state: 1 value: 0
07-29 08:36:13.411  4844  5729 V OplusCustomizeCacheManager: queryCache name: sys.cache.common_customize_cache18026 param: null
07-29 08:36:13.411  3359  3394 D QmiVsClient: getNecData - enter
07-29 08:36:13.412  1842  4627 W android.hardware.wifi-service: AIBinder_linkToDeath is being called with a non-null cookie and no onUnlink callback set. This might not be intended. AIBinder_DeathRecipient_setOnUnlinked should be called first.
07-29 08:36:13.411  3359  3394 E QmiVsClient: sendAsyncRequest QMI_VS_GET_NEC_DATA_REQ_MSG_V01 ret 0
07-29 08:36:13.412  1834  1834 I sensors-hal: qsh_qmi:34, qsh_qmi
07-29 08:36:13.412  1842  1842 D WifiHAL : wifi_get_chip_capabilities: max mlo assoc link cnt: 2 str link cnt 2
07-29 08:36:13.413  1834  1834 I sensors-hal: send_sync_sensor_request:443, send sync request
07-29 08:36:13.413  1834  1834 I sensors-hal: send_sync_sensor_request:472, wait for notification of response
07-29 08:36:13.413  3344  4483 D WifiNl80211Manager: Setting up interface for client mode: wlan0
07-29 08:36:13.413  2738  2738 I wificond: Current driver country code US
07-29 08:36:13.413  3344  5345 D WifiNl80211Manager: OnRegDomainChanged US
07-29 08:36:13.413  1808  1954 E minksocket: MinkIPC ERROR: ( 1808:1954 ) MinkIPC_preProcess:272 Client down, but cannot find corresponding minksession
07-29 08:36:13.413  2738  2738 I wificond: createClientInterface: wiphy_index 0 iface_name wlan0
07-29 08:36:13.413  3344  5345 D WifiNative: onCountryCodeChanged: US
07-29 08:36:13.413  1808  1956 E minksocket: MinkIPC ERROR: ( 1808:1956 ) MinkIPC_preProcess:272 Client down, but cannot find corresponding minksession
07-29 08:36:13.413  3344  5345 I WifiCountryCode: Receive onDriverCountryCodeChanged US
07-29 08:36:13.413  2738  2738 I wificond: create scanner for interface with index: 27
07-29 08:36:13.413  2738  2738 I wificond: subscribe scan result for interface with index: 27
07-29 08:36:13.413  3344  5345 D WifiScanRequestProxy: Sending scan available broadcast: true
07-29 08:36:13.414  3344  5345 I WifiScanRequestProxy: Scanning is enabled
07-29 08:36:13.414  3344  5345 I WifiScanRequestProxy: Scanning for hidden networks is disabled
07-29 08:36:13.414  2738  2738 I wificond: add channel type 0 support at wiphy index: 0
07-29 08:36:13.414  2738  2738 I wificond: add channel type 1 support at wiphy index: 0
07-29 08:36:13.414  4844  5163 I SystemUi--QuickSettings: Tile.OplusCellularTile-->updateCarrierText: dialog not showing, ignore
07-29 08:36:13.415  3359  3879 D QmiVsClient: getNecData callback - enter
07-29 08:36:13.415  3344  3344 D OplusWifiBroadCastDispatcher: mBroadcastReceiver: onReceiver  action=android.net.wifi.action.WIFI_SCAN_AVAILABILITY_CHANGED
07-29 08:36:13.415  3344  4488 I WifiScanningService: Received a request to enable scanning, UID = 1000
07-29 08:36:13.415  1834 13150 I sensors-hal: qsh_conn_resp_cb:793, resp_value = 0 for elevator_detect 
07-29 08:36:13.415  3359  3394 D VsProxy : handleMessage msg is 4001
07-29 08:36:13.415  3359  3394 D RadioProxy: getNecData : response cb for instance 0
07-29 08:36:13.415  1834  1834 I sensors-hal: send_sync_sensor_request:478, takes 2 ms to receive the response with 0
07-29 08:36:13.415  3344  4608 D OplusWifiPower_ConnLpmEventObsever: onReceive EXTRA_SCAN_AVAILABLE availabe = true
07-29 08:36:13.415  1834  1834 I sensors-hal: activate:131, qti.sensor.elevator_detect/1362 en=1 completed
07-29 08:36:13.415  3344  4608 D OplusWifiPowerService: onReceive action:android.net.wifi.action.WIFI_SCAN_AVAILABILITY_CHANGED
07-29 08:36:13.415  3344  4608 D OplusWifiSwitchStateMonitor: scan settings change to true
07-29 08:36:13.415  3344  4843 D SensorService: 0xb400007b2363eb40 addFd fd=930
07-29 08:36:13.415  3344  4483 I WifiNative: Interface state changed on Iface:{Name=wlan0,Id=1,Type=STA_SCAN}, isUp=true
07-29 08:36:13.416  5013  5854 D ElevatorEvent: elevator:registerForElevatorDetect  , true mIsElevSensorReg = true
07-29 08:36:13.416  5013  5854 D SceneEvent: registerSensorMgr start
07-29 08:36:13.416  4844  5163 D SimStateHelper: slot:0, lock state:Bundle[mParcelledData.dataSize=56]
07-29 08:36:13.416  5193  6153 D RadioProxyJ: [PHONE0][98]< getNecDataResponse ******
07-29 08:36:13.416  5013  5854 D SceneEvent: registerSensorMgr already start,return
07-29 08:36:13.416  6884  6884 I OsAgent : onReceive: android.net.wifi.action.WIFI_SCAN_AVAILABILITY_CHANGED
07-29 08:36:13.416  4844  5163 D SimStateHelper: slot:1, lock state:Bundle[mParcelledData.dataSize=56]
07-29 08:36:13.416  4844  5163 D SimStateHelper: needDisableMenu: slot1State=-1; slot2State=-1
07-29 08:36:13.416  4844  5163 D SimStateHelper: needDisableMenu:false
07-29 08:36:13.416  6884  8526 I OsAgent : updateWiFiScanAvailState, scanAvailable: true
07-29 08:36:13.416  6884  8526 D OsAgentAidlClient: [bool_dataitem_update][1570] [HC] =>> [HS]
07-29 08:36:13.416  1842  1842 I WifiHAL : mpdu_size_threshold : 128, aggressive_statistics_gathering : 0
07-29 08:36:13.416  5193  5193 D MessengerResponseHandler: handleMessage Response msgid 206
07-29 08:36:13.416  3344  5344 W SensorService: SensorEventConnection sensor handle=1362, package = t0.g enable
07-29 08:36:13.416  3344  5344 E SensorService: Required app t0.g, uid 1001, pid 5030
07-29 08:36:13.416  3344  4483 I WifiNative: Successfully setup Iface:{Name=wlan0,Id=1,Type=STA_SCAN}
07-29 08:36:13.417  3344  4483 E SupplicantStaIfaceHalAidlImpl: Can't call getKeyMgmtCapabilities, ISupplicantStaIface is null for iface=wlan0
07-29 08:36:13.417  3344  5344 D SensorService: Calling batch handle==1362 flags=0rate=200000000 timeout== 0
07-29 08:36:13.417  3344  5344 D SensorService: SensorDevice::batch: ident=0xb400007b231eaa00, handle=0x00000552, flags=0, period_ns=200000000 timeout=0
07-29 08:36:13.417  3344  5344 D SensorService: Calling activate on 1362
07-29 08:36:13.417  3344  5344 D SensorService: SensorDevice::activate: ident=0xb400007b231eaa00, handle=0x00000552, enabled=1, count=2
07-29 08:36:13.417  3344  5344 D SensorService: enable index=0
07-29 08:36:13.417  3344  5344 D SensorService: info.numActiveClients() = 2, info.isActive = 1
07-29 08:36:13.417  3344  5344 D SensorService: activateHardware = 0
07-29 08:36:13.417  3344  5344 D SensorService: 0xb400007b231eaa00 addFd fd=942
07-29 08:36:13.417  5030  5030 D NhsElevatorReceiver: elevator:registerForElevatorDetect  , true mIsElevSensorReg = true
07-29 08:36:13.417  5030  5030 D NhsSceneReceiver: registerSensorMgr start
07-29 08:36:13.417  1824  1868 I LocSvc_SystemStatusOsObserver: sendCachedDataItems:471] DataItem: IS_WIFI_HARDWARE_ON: true >> Wiper
07-29 08:36:13.417  5030  5030 V SystemSensorManagerExtImpl: RegisterListener oplus_activity_recognition  Wakeup type:33171037 delay:200000us by t0.k$a@120e2e9 from com.oplus.nhs
07-29 08:36:13.417  3344  5344 D SensorService: createSensorEventConnection packageName = t0.k, opPackageName = com.oplus.nhs, mCurrentOperatingMode = 0, requestedMode = 0
07-29 08:36:13.417  3344  5372 W SensorService: SensorEventConnection sensor handle=1372, package = t0.k enable
07-29 08:36:13.417  3344  5372 E SensorService: Required app t0.k, uid 1001, pid 5030
07-29 08:36:13.417  3344  5372 D SensorService: enable sensor send lastEvent 1372
07-29 08:36:13.417  1824  1905 I LocSvc_api_v02: ---> locClientSendReq line 2409 QMI_LOC_NOTIFY_WIFI_ENABLED_STATUS_REQ_V02
07-29 08:36:13.418  3344  5372 D SensorService: Calling batch handle==1372 flags=0rate=200000000 timeout== 0
07-29 08:36:13.418  3344  5372 D SensorService: SensorDevice::batch: ident=0xb400007b231ecec0, handle=0x0000055c, flags=0, period_ns=200000000 timeout=0
07-29 08:36:13.418  3344  5372 D SensorService: Calling activate on 1372
07-29 08:36:13.418  1824  3933 I LocSvc_ApiV02: <--- globalRespCb line 282 QMI_LOC_NOTIFY_WIFI_ENABLED_STATUS_REQ_V02
07-29 08:36:13.418  3344  5372 D SensorService: SensorDevice::activate: ident=0xb400007b231ecec0, handle=0x0000055c, enabled=1, count=4
07-29 08:36:13.418  3344  5372 D SensorService: enable index=2
07-29 08:36:13.418  3344  5372 D SensorService: info.numActiveClients() = 4, info.isActive = 1
07-29 08:36:13.418  3344  5372 D SensorService: activateHardware = 0
07-29 08:36:13.418  3344  5372 D SensorService: 0xb400007b231ecec0 addFd fd=945
07-29 08:36:13.418  5030  5030 D NhsSceneReceiver: sensor name is oplus_activity_recognition  Wakeup, registerState:true
07-29 08:36:13.418  5030  5030 D NhsSceneReceiver: onAccuracyChanged
07-29 08:36:13.418  1842  1886 I WifiHAL : wifi_get_supported_radio_combinations_matrix: enter
07-29 08:36:13.418  1842  1886 I WifiHAL : wifi_parse_radio_combinations_matrix: radio_combinations[1]: num_radio_configurations 1
07-29 08:36:13.418  1842  1886 I WifiHAL : wifi_parse_radio_combinations_matrix: radio_combinations[2]: num_radio_configurations 1
07-29 08:36:13.418  1842  1886 I WifiHAL : wifi_parse_radio_combinations_matrix: radio_combinations[3]: num_radio_configurations 1
07-29 08:36:13.418  1842  1886 I WifiHAL : wifi_parse_radio_combinations_matrix: radio_combinations[4]: num_radio_configurations 2
07-29 08:36:13.418  1842  1886 I WifiHAL : wifi_parse_radio_combinations_matrix: radio_combinations[5]: num_radio_configurations 2
07-29 08:36:13.418  1842  1886 I WifiHAL : wifi_parse_radio_combinations_matrix: radio_combinations[6]: num_radio_configurations 2
07-29 08:36:13.418  1842  1886 I WifiHAL : wifi_parse_radio_combinations_matrix: num_radio_combinations 6, radio_matrix_size 100
07-29 08:36:13.418  3344  4483 E SupplicantStaIfaceHalAidlImpl: Can't call getWpaDriverCapabilities, ISupplicantStaIface is null for iface=wlan0
07-29 08:36:13.418  5030  5030 E NhsAppRILMsger: EVENT_REQ_EVENT_DONE Error received :com.android.internal.telephony.CommandException: RADIO_NOT_AVAILABLE
07-29 08:36:13.419  3344  4483 E WifiStaIfaceAidlImpl: getTwtCapabilities failed with service-specific exception: android.os.ServiceSpecificException:  (code 4)
07-29 08:36:13.419  5030  5460 D NhsSceneReceiver: onSensorChanged: name = oplus_activity_recognition  Wakeup
07-29 08:36:13.419  1885  4423 I Dpps    : LtmSwState::SetParameter():144 ignore cmd 7 in state LtmOffState
07-29 08:36:13.419  5030  5460 D NhsSceneReceiver: enter still_state
07-29 08:36:13.419  3344  4483 E WifiChipAidlImpl: enableStaChannelForPeerNetwork failed with service-specific exception: android.os.ServiceSpecificException:  (code 4)
07-29 08:36:13.419  3344  4483 D WifiNative: setWifiNativeInterfaceEventCallback
07-29 08:36:13.419  3344  4483 D WifiClientModeManager[59281:wlan0]: entering StartedState
07-29 08:36:13.419  1842  1886 E WifiHAL : wifi_get_gscan_capabilities: GSCAN is not supported by driver
07-29 08:36:13.419  3344  4483 D WifiClientModeManager[59281:wlan0]: entering ScanOnlyModeState
07-29 08:36:13.419  3344  4488 E WifiStaIfaceAidlImpl: getBackgroundScanCapabilities failed with service-specific exception: android.os.ServiceSpecificException:  (code 4)
07-29 08:36:13.419  3344  4483 D WifiScanRequestProxy: Sending scan available broadcast: true
07-29 08:36:13.419  3344  4483 I WifiScanRequestProxy: Scanning is enabled
07-29 08:36:13.419  3344  4483 I WifiScanRequestProxy: Scanning for hidden networks is disabled
07-29 08:36:13.420  1842  1886 D WifiHAL : wifi_multi_sta_set_use_case: 0
07-29 08:36:13.420  3344  3344 D OplusWifiBroadCastDispatcher: mBroadcastReceiver: onReceiver  action=android.net.wifi.action.WIFI_SCAN_AVAILABILITY_CHANGED
07-29 08:36:13.420  3344  4483 D WifiCountryCode: evaluateAllCmmStateAndApplyIfAllReady: {ConcreteClientModeManager{id=59281 iface=wlan0 role=ROLE_CLIENT_SCAN_ONLY}=true}
07-29 08:36:13.420  3344  4608 D OplusWifiPower_ConnLpmEventObsever: onReceive EXTRA_SCAN_AVAILABLE availabe = true
07-29 08:36:13.420  3344  4483 D WifiCountryCode: Reading country code from telephony
07-29 08:36:13.420  3344  4608 D OplusWifiPowerService: onReceive action:android.net.wifi.action.WIFI_SCAN_AVAILABILITY_CHANGED
07-29 08:36:13.420  3344  4608 D OplusWifiSwitchStateMonitor: scan settings change to true
07-29 08:36:13.420  3344  4483 D WifiCountryCode: Set telephony country code to: 
07-29 08:36:13.420  3344  4483 D WifiCountryCode: updateCountryCode to US
07-29 08:36:13.420  3344  4483 D WifiCountryCode: setCountryCodeNative: US, isClientModeOnly: true mDriverCountryCode: US
07-29 08:36:13.420  6884  6884 I OsAgent : onReceive: android.net.wifi.action.WIFI_SCAN_AVAILABILITY_CHANGED
07-29 08:36:13.420  6884  8526 I OsAgent : updateWiFiScanAvailState, scanAvailable: true
07-29 08:36:13.420  3344  4488 I WifiScanningService: Created a new impl for wlan0
07-29 08:36:13.420  3344  4488 I WifiScanningService: Received a request to enable scanning, UID = 1000
07-29 08:36:13.420  3344  4488 I WifiScanningService: scanner impls already exists
07-29 08:36:13.421  3344  4488 I WifiScanningService: wifi driver loaded with scan capabilities: max buckets=16
07-29 08:36:13.421  3344  4488 E WifiScanningService: wifi driver loaded received while already loaded
07-29 08:36:13.421  3344  5372 W BestClock: java.time.DateTimeException: Missing network time fix
07-29 08:36:13.422  1834  6452 I sensors-hal: qsh_conn_event_cb:756, event[0] msg_id=1025, ts=1220675514, sensor_type = oplus_activity_recognition  Wakeup
07-29 08:36:13.422  1834  6452 E sensors-hal: handle_sns_std_sensor_event:72, oplus_activity_recognition output: count: 1.000000, index: 1.000000, incar_state: 0.000000, actvity_mode: 3.000000, delta_time: 0.000000 !
07-29 08:36:13.423  5030  5460 D NhsSceneReceiver: onSensorChanged: name = oplus_activity_recognition  Wakeup
07-29 08:36:13.423  5013  5563 D SceneEvent: onSensorChanged: name = oplus_activity_recognition  Wakeup
07-29 08:36:13.423  1707  1763 E TetherController: property_get sys.radio.data.modem_share_flag return 0, 1!
07-29 08:36:13.424  3344  5372 W BestClock: java.time.DateTimeException: Missing network time fix
07-29 08:36:13.425  3344  5372 W BestClock: java.time.DateTimeException: Missing network time fix
07-29 08:36:13.427  5013  5847 W BestClock: java.time.DateTimeException: Missing network time fix
07-29 08:36:13.427  5013  5847 V MonthTrafficAlert: getWarningNotification subId:1 numWarningNotificaion:0
07-29 08:36:13.427  5143  6143 D IWlanJni: getDataRegistrationState start
07-29 08:36:13.428  5143  6196 D IWlanJni: new aidl event arrived
07-29 08:36:13.428  5143  6196 D IWlanJni: handleEvent 10
07-29 08:36:13.428  5143  6196 D IWlanJni: isThreadAttached start
07-29 08:36:13.428  5143  6196 D IWlanJni: jni detached
07-29 08:36:13.428  5143  6196 D IWlanJni: jni attached
07-29 08:36:13.428  5143  6196 D IWlanJni: getDataRegistrationStateResponse start
07-29 08:36:13.428  5143  6196 D IWlanJni: getJavaCallbackClass start
07-29 08:36:13.428  5143  6196 D IWlanJni: getJavaCallbackClass End midIs[1]
07-29 08:36:13.428  5143  6196 I IWlanAidlClient: getDataRegistrationStateResponse called
07-29 08:36:13.428  5143  6143 D IWlanJni: getDataRegistrationState start
07-29 08:36:13.429  5143  6190 D IWlanJni: new aidl event arrived
07-29 08:36:13.429  5143  6190 D IWlanJni: handleEvent 10
07-29 08:36:13.429  5143  6190 D IWlanJni: isThreadAttached start
07-29 08:36:13.429  5143  6190 D IWlanJni: jni detached
07-29 08:36:13.429  5143  6194 W IWlanNetworkService: 6 > Response Processed
07-29 08:36:13.429  5143  6190 D IWlanJni: jni attached
07-29 08:36:13.429  5143  6190 D IWlanJni: getDataRegistrationStateResponse start
07-29 08:36:13.429  5143  6190 D IWlanJni: getJavaCallbackClass start
07-29 08:36:13.429  5143  6190 D IWlanJni: getJavaCallbackClass End midIs[1]
07-29 08:36:13.429  5143  6190 I IWlanAidlClient: getDataRegistrationStateResponse called
07-29 08:36:13.429  5143  6189 W IWlanNetworkService: 7 > Response Processed
07-29 08:36:13.429  3344  4843 I OplusBinderProxy: pb uid: 10215 pid: 11145 desc: com.android.internal.telephony.IPhoneStateListener/10
07-29 08:36:13.430  1824  3741 E LOCRIL_SESSION: operator():200] SubId: 1 Failed to get sim IO with error: 11
07-29 08:36:13.430  4932  4932 D OplusTelephonyController: onSignalStrengthChanged: SignalStrength=SignalStrength:{mCdma=CellSignalStrengthCdma: cdmaDbm=2147483647 cdmaEcio=2147483647 evdoDbm=2147483647 evdoEcio=2147483647 evdoSnr=2147483647 level=0,mGsm=CellSignalStrengthGsm: rssi=2147483647 ber=2147483647 mTa=2147483647 mLevel=0,mWcdma=CellSignalStrengthWcdma: ss=2147483647 ber=2147483647 rscp=2147483647 ecno=2147483647 level=0,mTdscdma=CellSignalStrengthTdscdma: rssi=2147483647 ber=2147483647 rscp=2147483647 level=0,mLte=CellSignalStrengthLte: rssi=2147483647 rsrp=2147483647 rsrq=2147483647 rssnr=2147483647 cqiTableIndex=2147483647 cqi=2147483647 ta=2147483647 level=0 parametersUseForLevel=0,mNr=CellSignalStrengthNr:{ csiRsrp = 2147483647 csiRsrq = 2147483647 csiCqiTableIndex = 2147483647 csiCqiReport = [] ssRsrp = 2147483647 ssRsrq = 2147483647 ssSinr = 2147483647 level = 0 parametersUseForLevel = 0 timingAdvance = 2147483647 },primary=CellSignalStrengthLte}
07-29 08:36:13.430  1824  3741 E LOCRIL_SESSION: operator():241] SubId: 1 Failed to get sim IMSI with error: 11
07-29 08:36:13.431  5193  5193 D SubsysEventListenerManager-SubsysTelephonyCallback[0]: onSignalStrengthsChanged
07-29 08:36:13.432  3344  4843 W BestClock: java.time.DateTimeException: Missing network time fix
07-29 08:36:13.433  1824  3741 E LOCRIL_SESSION: operator():200] SubId: 1 Failed to get sim IO with error: 11
07-29 08:36:13.434  5013  5084 D SaDataService: onTelephonyEventReport , subId= 0,slotId=-1 eventId=6030
07-29 08:36:13.434  5013  5084 D TelephonyImpl: notify eventId:6030 for list size:2
07-29 08:36:13.434  5193  6153 D VendorTelephonyService: onTelephonyEventReport slotId =0 eventId=6030
07-29 08:36:13.434  5193  6153 D VendorTelephonyService: onTelephonyEventReport slotId =0 eventId=6030
07-29 08:36:13.434  5193  5193 D VendorCallService: notityEventUpdate, eventId:6030, slotId = 0
07-29 08:36:13.434  4844  5729 V OplusCustomizeCacheManager: queryCache name: sys.cache.common_customize_cache18014 param: null
07-29 08:36:13.434  4844  5729 V OplusCustomizeCacheManager: queryCache name: sys.cache.common_customize_cache18017 param: Bundle[{SETTING=BLOCK, BUSINESS=NCT-DATA}]
07-29 08:36:13.434  4844  5729 V OplusCustomizeCacheManager: queryCache name: sys.cache.common_customize_cache18013 param: null
07-29 08:36:13.434  1824  3741 E LOCRIL_SESSION: operator():241] SubId: 1 Failed to get sim IMSI with error: 11
07-29 08:36:13.436  5143  6143 D IWlanJni: getDataRegistrationState start
07-29 08:36:13.436  5143  6196 D IWlanJni: new aidl event arrived
07-29 08:36:13.437  5143  6196 D IWlanJni: handleEvent 10
07-29 08:36:13.437  5143  6196 D IWlanJni: isThreadAttached start
07-29 08:36:13.437  5143  6196 D IWlanJni: jni detached
07-29 08:36:13.437  5143  6196 D IWlanJni: jni attached
07-29 08:36:13.437  5143  6196 D IWlanJni: getDataRegistrationStateResponse start
07-29 08:36:13.437  5143  6196 D IWlanJni: getJavaCallbackClass start
07-29 08:36:13.437  5143  6196 D IWlanJni: getJavaCallbackClass End midIs[1]
07-29 08:36:13.437  5143  6196 I IWlanAidlClient: getDataRegistrationStateResponse called
07-29 08:36:13.437  2738  2738 I wificond: Regulatory domain changed to country: US on wiphy_index: 0
07-29 08:36:13.437  2738  2738 I wificond: UpdateBandInfo
07-29 08:36:13.437  6322  6322 I wpa_supplicant: p2p0: CTRL-EVENT-REGDOM-CHANGE init=DRIVER type=COUNTRY alpha2=US
07-29 08:36:13.437  3344  5345 D WifiNl80211Manager: OnRegDomainChanged US
07-29 08:36:13.437  3344  5345 D WifiNative: onCountryCodeChanged: US
07-29 08:36:13.437  3344  5345 I WifiCountryCode: Receive onDriverCountryCodeChanged US
07-29 08:36:13.438  3344  5345 D WifiScanRequestProxy: Sending scan available broadcast: true
07-29 08:36:13.438  3344  4488 I WifiScanningService: Received a request to enable scanning, UID = 1000
07-29 08:36:13.438  3344  5345 I WifiScanRequestProxy: Scanning is enabled
07-29 08:36:13.438  3344  5345 I WifiScanRequestProxy: Scanning for hidden networks is disabled
07-29 08:36:13.438  3344  4488 I WifiScanningService: scanner impls already exists
07-29 08:36:13.438  3344  4488 E WifiScanningService: wifi driver loaded received while already loaded
07-29 08:36:13.438  1824  3737 W LOCRIL_SESSION: operator():307] cellInfo list size is 0, Voice state: 3, data state: 3
07-29 08:36:13.438  2738  2738 I wificond: 2.4Ghz frequencies: 2412 2417 2422 2427 2432 2437 2442 2447 2452 2457 2462
07-29 08:36:13.438  2738  2738 I wificond: 5Ghz non-DFS frequencies: 5180 5200 5220 5240 5745 5765 5785 5805 5825
07-29 08:36:13.438  2738  2738 I wificond: 5Ghz DFS frequencies: 5260 5280 5300 5320 5500 5520 5540 5560 5580 5600 5620 5640 5660 5680 5700
07-29 08:36:13.438  2738  2738 I wificond: 6Ghz frequencies:
07-29 08:36:13.438  2738  2738 I wificond: 60Ghz frequencies:
07-29 08:36:13.438  5143  6194 W IWlanNetworkService: 8 > Response Processed
07-29 08:36:13.439  3344  3344 D OplusWifiBroadCastDispatcher: mBroadcastReceiver: onReceiver  action=android.net.wifi.action.WIFI_SCAN_AVAILABILITY_CHANGED
07-29 08:36:13.439  3344  4608 D OplusWifiPower_ConnLpmEventObsever: onReceive EXTRA_SCAN_AVAILABLE availabe = true
07-29 08:36:13.439  5143  6143 D IWlanJni: getDataRegistrationState start
07-29 08:36:13.440  3344  4608 D OplusWifiPowerService: onReceive action:android.net.wifi.action.WIFI_SCAN_AVAILABILITY_CHANGED
07-29 08:36:13.440  3344  4608 D OplusWifiSwitchStateMonitor: scan settings change to true
07-29 08:36:13.440  5013  5084 D SaDataService: onTelephonyEventReport , subId= 0,slotId=-1 eventId=6030
07-29 08:36:13.440  5013  5084 D TelephonyImpl: notify eventId:6030 for list size:2
07-29 08:36:13.441  5193  6153 D VendorTelephonyService: onTelephonyEventReport slotId =0 eventId=6030
07-29 08:36:13.441  5193  6153 D VendorTelephonyService: onTelephonyEventReport slotId =0 eventId=6030
07-29 08:36:13.441  3344  5345 W BestClock: java.time.DateTimeException: Missing network time fix
07-29 08:36:13.441  5193  5193 D VendorCallService: notityEventUpdate, eventId:6030, slotId = 0
07-29 08:36:13.441  6884  6884 I OsAgent : onReceive: android.net.wifi.action.WIFI_SCAN_AVAILABILITY_CHANGED
07-29 08:36:13.441  4987  5033 D QtiOemHookAidl: oemHookRawIndication length=24
07-29 08:36:13.441  6884  8526 I OsAgent : updateWiFiScanAvailState, scanAvailable: true
07-29 08:36:13.442  4987  4987 D QcrilMsgTunnelIfaceManager: handleMessage what = 0
07-29 08:36:13.442  4987  5033 D QtiOemHookAidl: oemHookRawIndication length=24
07-29 08:36:13.442  4987  4987 D QcrilMsgTunnelIfaceManager: handleMessage what = 0
07-29 08:36:13.442  5143  6190 D IWlanJni: new aidl event arrived
07-29 08:36:13.442  5143  6190 D IWlanJni: handleEvent 10
07-29 08:36:13.442  5143  6190 D IWlanJni: isThreadAttached start
07-29 08:36:13.442  5143  6190 D IWlanJni: jni detached
07-29 08:36:13.442  5143  6190 D IWlanJni: jni attached
07-29 08:36:13.442  5143  6190 D IWlanJni: getDataRegistrationStateResponse start
07-29 08:36:13.442  5143  6190 D IWlanJni: getJavaCallbackClass start
07-29 08:36:13.442  3344  4843 W BestClock: java.time.DateTimeException: Missing network time fix
07-29 08:36:13.442  5143  6190 D IWlanJni: getJavaCallbackClass End midIs[1]
07-29 08:36:13.443  5143  6190 I IWlanAidlClient: getDataRegistrationStateResponse called
07-29 08:36:13.443  5143  6189 W IWlanNetworkService: 9 > Response Processed
07-29 08:36:13.443  5097  5232 I QImsService: ImsRadioIndicationAidl : onRadioStateChanged()[SUB1]
07-29 08:36:13.443  5097  5232 I QImsService: ImsSenderRxr : [UNSL]< UNSOL_RADIO_STATE_CHANGED RADIO_ON[SUB1]
07-29 08:36:13.444  4987  4987 D QC_RIL_OEM_HOOK: Received Broadcast Intent ACTION_UNSOL_RESPONSE_OEM_HOOK_RAW
07-29 08:36:13.444  5097  5123 I QImsService: ImsRadioIndicationAidl : onRadioStateChanged()[SUB0]
07-29 08:36:13.444  5097  5123 I QImsService: ImsSenderRxr : [UNSL]< UNSOL_RADIO_STATE_CHANGED RADIO_ON[SUB0]
07-29 08:36:13.444  4844  5729 V OplusCustomizeCacheManager: queryCache name: sys.cache.common_customize_cache18014 param: null
07-29 08:36:13.444  4844  5729 V OplusCustomizeCacheManager: queryCache name: sys.cache.common_customize_cache18017 param: Bundle[{SETTING=BLOCK, BUSINESS=NCT-DATA}]
07-29 08:36:13.444  4844  5729 V OplusCustomizeCacheManager: queryCache name: sys.cache.common_customize_cache18013 param: null
07-29 08:36:13.445  4987  4987 D QC_RIL_OEM_HOOK: Received Broadcast Intent ACTION_UNSOL_RESPONSE_OEM_HOOK_RAW
07-29 08:36:13.445  1991  1997 E PowerMonitorService: Failed to open /proc/horae_qmi (2): No such file or directory
07-29 08:36:13.447  4987  4987 D DeviceStatisticsService: onReceive: action= org.codeaurora.intent.action.RADIO_POWER_STATE
07-29 08:36:13.447  4987  4987 I DeviceStatisticsService: Receiving radio_power_state_changed, mIsDeviceInfoInitialized = true
07-29 08:36:13.447  4987  4987 I DeviceStatisticsService: radio power state changed to 1 for slot: 1
07-29 08:36:13.447  1824  3741 E LOCRIL_SESSION: operator():200] SubId: 1 Failed to get sim IO with error: 11
07-29 08:36:13.447  5193  6153 D VendorTelephonyService: onTelephonyEventReport slotId =0 eventId=6030
07-29 08:36:13.447  5193  6153 D VendorTelephonyService: onTelephonyEventReport slotId =0 eventId=6030
07-29 08:36:13.447  5013  5084 D SaDataService: onTelephonyEventReport , subId= 0,slotId=-1 eventId=6030
07-29 08:36:13.447  5013  5084 D TelephonyImpl: notify eventId:6030 for list size:2
07-29 08:36:13.448  1824  3741 E LOCRIL_SESSION: operator():241] SubId: 1 Failed to get sim IMSI with error: 11
07-29 08:36:13.449  5143  6143 D IWlanJni: getDataRegistrationState start
07-29 08:36:13.449  1824  3737 W LOCRIL_SESSION: operator():307] cellInfo list size is 0, Voice state: 3, data state: 3
07-29 08:36:13.449  5193  5193 D VendorCallService: notityEventUpdate, eventId:6030, slotId = 0
07-29 08:36:13.450  5143  6196 D IWlanJni: new aidl event arrived
07-29 08:36:13.450  5143  6196 D IWlanJni: handleEvent 10
07-29 08:36:13.450  5143  6196 D IWlanJni: isThreadAttached start
07-29 08:36:13.450  5143  6196 D IWlanJni: jni detached
07-29 08:36:13.450  5143  6196 D IWlanJni: jni attached
07-29 08:36:13.450  5143  6196 D IWlanJni: getDataRegistrationStateResponse start
07-29 08:36:13.450  5143  6196 D IWlanJni: getJavaCallbackClass start
07-29 08:36:13.450  5143  6196 D IWlanJni: getJavaCallbackClass End midIs[1]
07-29 08:36:13.450  5143  6196 I IWlanAidlClient: getDataRegistrationStateResponse called
07-29 08:36:13.450  5143  6194 W IWlanNetworkService: 10 > Response Processed
07-29 08:36:13.450  4932  4932 D QC_RIL_OEM_HOOK: Received Broadcast Intent ACTION_UNSOL_RESPONSE_OEM_HOOK_RAW
07-29 08:36:13.450  4932  4932 D QC_RIL_OEM_HOOK: Received Broadcast Intent ACTION_UNSOL_RESPONSE_OEM_HOOK_RAW
07-29 08:36:13.450  4932  4932 D QC_RIL_OEM_HOOK: Received Broadcast Intent ACTION_UNSOL_RESPONSE_OEM_HOOK_RAW
07-29 08:36:13.450  3344  5344 W BestClock: java.time.DateTimeException: Missing network time fix
07-29 08:36:13.451  5193  5193 D SubsysEventListenerManager-SubsysTelephonyCallback[0]: onRadioPowerStateChanged state:1
07-29 08:36:13.451  4987  4987 D DeviceInfoAidlClient: onRadioPowerStateChanged
07-29 08:36:13.451  4987  4987 D DeviceInfoAidlClient: mRadioStateHdlr handleMessage()1
07-29 08:36:13.451  4987  4987 D DeviceInfoAidlClient: isRadioOn()=true
07-29 08:36:13.451  4987  4987 I DeviceInfoAidlClient: sendFeaturesSupported: power info support-true interactive state support-true
07-29 08:36:13.452  4987  4987 D DeviceStatisticsService: onReceive: action= org.codeaurora.intent.action.RADIO_POWER_STATE
07-29 08:36:13.452  4987  4987 I DeviceStatisticsService: Receiving radio_power_state_changed, mIsDeviceInfoInitialized = true
07-29 08:36:13.452  4987  4987 I DeviceStatisticsService: radio power state changed to 1 for slot: 0
07-29 08:36:13.452  4987  4987 D DeviceInfoAidlClient: isRadioOn()=true
07-29 08:36:13.452  4987  4987 I DeviceInfoAidlClient: sendFeaturesSupported: power info support-true interactive state support-true
07-29 08:36:13.452  3344  5372 W BestClock: java.time.DateTimeException: Missing network time fix
07-29 08:36:13.453  4844  5729 V OplusCustomizeCacheManager: queryCache name: sys.cache.common_customize_cache18014 param: null
07-29 08:36:13.453  4844  5729 V OplusCustomizeCacheManager: queryCache name: sys.cache.common_customize_cache18017 param: Bundle[{SETTING=BLOCK, BUSINESS=NCT-DATA}]
07-29 08:36:13.453  4844  5729 V OplusCustomizeCacheManager: queryCache name: sys.cache.common_customize_cache18013 param: null
07-29 08:36:13.454  1824  3737 W LOCRIL_SESSION: operator():307] cellInfo list size is 0, Voice state: 3, data state: 3
07-29 08:36:13.455  5143  6143 D IWlanJni: getDataRegistrationState start
07-29 08:36:13.456  5143  6190 D IWlanJni: new aidl event arrived
07-29 08:36:13.456  5143  6190 D IWlanJni: handleEvent 10
07-29 08:36:13.456  5143  6190 D IWlanJni: isThreadAttached start
07-29 08:36:13.456  5143  6190 D IWlanJni: jni detached
07-29 08:36:13.456  5143  6190 D IWlanJni: jni attached
07-29 08:36:13.456  5143  6190 D IWlanJni: getDataRegistrationStateResponse start
07-29 08:36:13.456  5143  6190 D IWlanJni: getJavaCallbackClass start
07-29 08:36:13.456  5143  6190 D IWlanJni: getJavaCallbackClass End midIs[1]
07-29 08:36:13.456  5143  6190 I IWlanAidlClient: getDataRegistrationStateResponse called
07-29 08:36:13.457  5143  6189 W IWlanNetworkService: 11 > Response Processed
07-29 08:36:13.458  4987  5033 I DeviceInfoAidlClient: onPowerInfoReportingChanged - reporting enabled true [15, 20, 30, 50, 80]
07-29 08:36:13.458  4987  5033 D DeviceInfoAidlClient: isRadioOn()=true
07-29 08:36:13.459  4987  5033 I DeviceInfoAidlClient: isPowerInfoNeverSent=true batteryLevel=78 batteryLevelIndex=4 chargingMode=2 totalCapacity=5053800 powerSaveMode=false
07-29 08:36:13.459  4987  5015 I DeviceInfoAidlClient: onDeviceInfoReportingChanged - reporting enabled true
07-29 08:36:13.459  4987  5015 D DeviceInfoAidlClient: getDeviceInfoSupportStatus()=1
07-29 08:36:13.459  4987  5015 D DeviceInfoAidlClient: isRadioOn()=true
07-29 08:36:13.459  4987  5015 I DeviceInfoAidlClient: deviceState=2
07-29 08:36:13.459  4987  5033 I DeviceInfoAidlClient: onPowerInfoReportingChanged - reporting enabled true [15, 20, 30, 50, 80]
07-29 08:36:13.459  4987  5033 D DeviceInfoAidlClient: isRadioOn()=true
07-29 08:36:13.459  4987  5033 I DeviceInfoAidlClient: isPowerInfoNeverSent=false batteryLevel=78 batteryLevelIndex=4 chargingMode=2 totalCapacity=5053800 powerSaveMode=false
07-29 08:36:13.459  4987  5033 I DeviceInfoAidlClient: onDeviceInfoReportingChanged - reporting enabled true
07-29 08:36:13.459  4987  5033 D DeviceInfoAidlClient: getDeviceInfoSupportStatus()=1
07-29 08:36:13.459  4987  5033 D DeviceInfoAidlClient: isRadioOn()=true
07-29 08:36:13.459  4987  5033 I DeviceInfoAidlClient: deviceState=2
07-29 08:36:13.459  3344  5344 W BestClock: java.time.DateTimeException: Missing network time fix
07-29 08:36:13.460  3344  5344 W BestClock: java.time.DateTimeException: Missing network time fix
07-29 08:36:13.461  4844  5729 V OplusCustomizeCacheManager: queryCache name: sys.cache.common_customize_cache18014 param: null
07-29 08:36:13.461  4844  5729 V OplusCustomizeCacheManager: queryCache name: sys.cache.common_customize_cache18017 param: Bundle[{SETTING=BLOCK, BUSINESS=NCT-DATA}]
07-29 08:36:13.461  4844  5729 V OplusCustomizeCacheManager: queryCache name: sys.cache.common_customize_cache18013 param: null
07-29 08:36:13.462  4932  4944 W System  : A resource failed to call AbstractCursor.close. 
