07-29 18:58:26.720  5030  5030 W Settings: Setting airplane_mode_on has moved from android.provider.Settings.System to android.provider.Settings.Global, returning read-only value.
07-29 18:58:26.721  3345  4624 D OplusWifiPower_ConnLpmEventObsever: AIRPLANE_MODE_ON:false
07-29 18:58:26.721  5022  5954 D OplusLinkBoostMeeting: onAirplaneModeChange
07-29 18:58:26.721  3345  4513 D WifiController: Airplane mode disabled, determine next state
07-29 18:58:26.721  5022  5955 D NAS-CallIssueDetector: notifyApmChanged
07-29 18:58:26.721  3345  4513 D WifiActiveModeWarden: Starting primary ClientModeManager in scan only mode
07-29 18:58:26.722  4850  5598 I SystemUi--QuickSettings: Tile.OplusAirplaneModeTile-->handleUpdateState state.state: 2 value: 1
07-29 18:58:26.722  4850  5598 V OplusCustomizeCacheManager: queryCache name: sys.cache.common_customize_cache18026 param: null
07-29 18:58:26.722  4850  5598 V OplusCustomizeCacheManager: queryCache name: sys.cache.common_customize_cache11009 param: null
07-29 18:58:26.722  3345  4513 D WifiController: DisabledState.exit()
07-29 18:58:26.722  3345  4513 D WifiController: EnabledState.enter()
07-29 18:58:26.722  3345  4513 D WifiClientModeManager[59595:unknown]: entering IdleState
07-29 18:58:26.722  5022  5955 D NAS-CallIssueDetector: EVENT_SIM_STATE_CHANGE mSimState[0] LOADED
07-29 18:58:26.722  4943  4943 W Settings: Setting airplane_mode_on has moved from android.provider.Settings.System to android.provider.Settings.Global, returning read-only value.
07-29 18:58:26.722  4943  4943 W Settings: Setting airplane_mode_on has moved from android.provider.Settings.System to android.provider.Settings.Global, returning read-only value.
07-29 18:58:26.722  5118  5118 I QImsService: OplusWifiApmStateMgr : ACTION_AIRPLANE_MODE_CHANGED,mIsAirplaneModeOn: false
07-29 18:58:26.722  5118  5118 I QImsService: OplusImsServiceSubImpl : onTurnOffImsAfterWifiChanged : false
07-29 18:58:26.722  5118  5118 I QImsService: OplusImsServiceSubImpl : onTurnOffImsAfterWifiChanged : false
07-29 18:58:26.722  4943  4943 W Settings: Setting airplane_mode_on has moved from android.provider.Settings.System to android.provider.Settings.Global, returning read-only value.
07-29 18:58:26.722  4943  4943 W Settings: Setting airplane_mode_on has moved from android.provider.Settings.System to android.provider.Settings.Global, returning read-only value.
07-29 18:58:26.722  5022  5955 D SceneEvent: registerSensorMgr start
07-29 18:58:26.723  4943  4943 W Settings: Setting airplane_mode_on has moved from android.provider.Settings.System to android.provider.Settings.Global, returning read-only value.
07-29 18:58:26.723  5022  5950 D ResidenceLocSm: onPreHandleMessage 49
07-29 18:58:26.723  5022  5950 D ResidenceLocSm: onPostHandleMessage 49
07-29 18:58:26.723  4850  5089 I SystemUi--QuickSettings: Tile.OplusCellularTile-->updateCarrierText: dialog not showing, ignore
07-29 18:58:26.723  5034  8732 I txpwradmin:SettingsObserver: onChange for uri = content://settings/global/airplane_mode_on
07-29 18:58:26.723  4850  5598 I SystemUi--QuickSettings: Tile.OplusAirplaneModeTile-->handleUpdateState state.state: 2 value: 0
07-29 18:58:26.723  4850  5598 V OplusCustomizeCacheManager: queryCache name: sys.cache.common_customize_cache18026 param: null
07-29 18:58:26.723  1990  7278 E PerformanceService: [damon_reclaim] Failed to open wmarks_xxx, Linux version 6.6.30
07-29 18:58:26.723  3345  4301 E PerformanceManager: setDamonReclaimWmarks succeed.
07-29 18:58:26.723  4943  4943 D PhoneGlobals: ACTION_AIRPLANE_MODE_CHANGED received
07-29 18:58:26.723  4943  4943 D PhoneGlobals: Receive ACTION_AIRPLANE_MODE_CHANGED, state: false
07-29 18:58:26.723  4943  4943 I PhoneGlobals: handleAirplaneModeChange: isAirplaneNewlyOn=false
07-29 18:58:26.723  4943  4943 D PhoneGlobals: handleAirplaneModeChange: isAirplaneNewlyOn = false, cellState = 2
07-29 18:58:26.723  4943  4943 I PhoneGlobals: Turning radio on - airplane
07-29 18:58:26.723  4850  5089 D SimStateHelper: slot:0, lock state:Bundle[mParcelledData.dataSize=56]
07-29 18:58:26.723  3345  4457 D BluetoothSystemServer: BluetoothRadioModeListener: Not sensitive to airplane_mode_radios change. Forced to false
07-29 18:58:26.723  3345  4625 D OplusWifiSwitchStateMonitor: mWifiSettingsValue:0
07-29 18:58:26.723  3345  4625 D OplusWifiSwitchStateMonitor: notify scan state: true
07-29 18:58:26.724  4850  5089 D SimStateHelper: slot:1, lock state:Bundle[mParcelledData.dataSize=56]
07-29 18:58:26.724  4850  5089 D SimStateHelper: needDisableMenu: slot1State=-1; slot2State=-1
07-29 18:58:26.724  4850  5089 D SimStateHelper: needDisableMenu:false
07-29 18:58:26.724  5201  5201 D SubsysBroadcastManager: onReceive action:android.intent.action.AIRPLANE_MODE
07-29 18:58:26.724  5034  8732 D txpwrJni: sendRadioStatus start
07-29 18:58:26.724  7459  7485 I SettingImpl: isAirplaneModeToggleChecked switchValue: -1, airplane mode isChecked is false
07-29 18:58:26.724  5022  5966 D ElevatorEvent: enableElevatorDetect mIsElevSensorReg = false
07-29 18:58:26.724  5022  5966 V SystemSensorManagerExtImpl: RegisterListener elevator_detect  Wakeup type:33171036 delay:200000us by com.oplus.nas.comm.event.ElevatorEvent$a@80b0be3 from com.oplus.nas
07-29 18:58:26.724  3345  5338 D SensorService: createSensorEventConnection packageName = com.oplus.nas.comm.event.ElevatorEvent, opPackageName = com.oplus.nas, mCurrentOperatingMode = 0, requestedMode = 0
07-29 18:58:26.725  4850  4850 I SystemUi--Statusbar: OplusStatusBarSignalPolicy-->imsIcon: OplusIMSModel(shouldShowVolte=false, shouldShowVowifi=false, simInserted=true, noSim=false, shouldShowVodata=false, shouldShowVo5G=false, vowifiState=false), OplusIMSModel(shouldShowVolte=false, shouldShowVowifi=false, simInserted=false, noSim=true, shouldShowVodata=false, shouldShowVo5G=false, vowifiState=false), noSubs:false, airplaneMode:falsevisible: false ,wifiConnect:false , vowifiIcon:0 , voDataStatus:false, is5GNewCall:false
07-29 18:58:26.725  4850  4850 I SystemUi--Statusbar: OplusStatusBarSignalPolicy-->noSimIcon simState: SimStateModel(simInserted=[true, false], simForbidden=[false, true], simStateIMSI=[true, false], simLoaded=[true, false]), noSubs:false isAirplaneMode:false
07-29 18:58:26.725  4850  4850 I SystemUi--Statusbar: OplusMobileIconViewModel-->isVisible subId:1 isAirplaneMode:false isAllowedDuringAirplaneMode:false isForceHidden:false isSatelliteForbid:false
07-29 18:58:26.725  4850  4850 I SystemUi--Statusbar: OplusStatusBarMobileViewBinder-->isVisible:true
07-29 18:58:26.725  4850  4850 I SystemUi--Statusbar: OplusStatusBarMobileViewBinder-->isVisible:true
07-29 18:58:26.725  4850  4850 I SystemUi--Statusbar: OplusStatusBarMobileViewBinder-->isVisible:true
07-29 18:58:26.725  4850  4850 I SystemUi--Statusbar: OplusStatusBarMobileViewBinder-->isVisible:true
07-29 18:58:26.725  4850  4850 I SystemUi--Statusbar: OplusStatusBarMobileViewBinder-->isVisible:true
07-29 18:58:26.726  1826  1888 W android.hardware.wifi-service: No active wlan interfaces in use! Using default
07-29 18:58:26.726  5201  5201 D NetworkService[0]: onAirPlaneModeChange isAirPlaneModeOn:false
07-29 18:58:26.726  5022  6426 I PCDR-common_no_service[0]: forbidden
07-29 18:58:26.726  5022  6426 I PCDR-common_no_45g[0]: forbidden
07-29 18:58:26.726  5022  6426 I PCDR-common_no_service[1]: forbidden
07-29 18:58:26.726  5022  6426 I PCDR-common_no_45g[1]: forbidden
07-29 18:58:26.726  5201  5201 D NetworkService[1]: onAirPlaneModeChange isAirPlaneModeOn:false
07-29 18:58:26.726  5201  5201 D QuickChangeAirplaneModeEvent: airplane mode off
07-29 18:58:26.726  5201  5201 W Settings: Setting airplane_mode_on has moved from android.provider.Settings.System to android.provider.Settings.Global, returning read-only value.
07-29 18:58:26.727  3345  4457 D BluetoothSystemServer: AirplaneModeListener: Ignore mode change to same state. previousMode=false, isOn=false, isOnOverrode=false, isMediaConnected=false
07-29 18:58:26.727  5030  5030 I HidlServiceManagement: Trying to get transport of vendor.oplus.hardware.appradio@1.0::IOplusAppRadio/oplus_app_slot1 without hwservicemanager
07-29 18:58:26.727  5201  5201 D RadioMessenger: handleMessage Request msgid 2215
07-29 18:58:26.727  5030  5030 E NhsAppRIL/0: in getOplusRadioProxy getService: Exception: java.util.NoSuchElementException
07-29 18:58:26.728  3345  5293 W SensorService: SensorEventConnection sensor handle=1362, package = com.oplus.nas.comm.event.ElevatorEvent enable
07-29 18:58:26.728  3345  5293 E SensorService: Required app com.oplus.nas.comm.event.ElevatorEvent, uid 1000, pid 5022
07-29 18:58:26.728  5201  5201 D RadioProxyJ: [PHONE0][89]> getNecData moduleId:1 evtId:[0, 16, 0, 0, 0, 0, 0, 0, 0, 0, 0, 0, 0, 0, 0, 0, 0, 0, 0, 0, 0, 0, 0, 0, 0, 0, 0, 0, 0, 0, 0, 0]
07-29 18:58:26.728  3345  5293 D SensorService: Calling batch handle==1362 flags=0rate=200000000 timeout== 0
07-29 18:58:26.728  3345  5293 D SensorService: SensorDevice::batch: ident=0xb4000071c461f740, handle=0x00000552, flags=0, period_ns=200000000 timeout=0
07-29 18:58:26.728  3345  5293 D SensorService: 	>>> actuating h/w BATCH 0x00000552 200000000 0
07-29 18:58:26.728  1823  1823 I sensors-hal: batch:153, qti.sensor.elevator_detect/1362, period=200000000, max_latency=0
07-29 18:58:26.728  1823  1823 I sensors-hal: batch:175, qti.sensor.elevator_detect/1362, period=200000000, max_latency=0 request completed
07-29 18:58:26.728  3388  3414 D QmiVsClient: getNecData - enter
07-29 18:58:26.728  3345  5293 D SensorService: Calling activate on 1362
07-29 18:58:26.728  3388  3414 E QmiVsClient: sendAsyncRequest QMI_VS_GET_NEC_DATA_REQ_MSG_V01 ret 0
07-29 18:58:26.728  3345  5293 D SensorService: SensorDevice::activate: ident=0xb4000071c461f740, handle=0x00000552, enabled=1, count=1
07-29 18:58:26.728  3345  5293 D SensorService: enable index=0
07-29 18:58:26.728  3345  5293 D SensorService: info.numActiveClients() = 1, info.isActive = 0
07-29 18:58:26.728  3345  5293 D SensorService: activateHardware = 1
07-29 18:58:26.728  3345  5293 D SensorService: 	>>> actuating h/w activate handle=1362 enabled=1
07-29 18:58:26.728  1823  1823 I sensors-hal: activate:112, qti.sensor.elevator_detect/1362 en=1
07-29 18:58:26.728  1823  1823 I sensors-hal: acquire_qsh_interface:131, acquire_qsh_interface with sensor_id 28 , conn_type 2 
07-29 18:58:26.729  5030  5030 D NhsElevatorReceiver: enableElevatorDetect mIsElevSensorReg = false
07-29 18:58:26.729  5030  5030 V SystemSensorManagerExtImpl: RegisterListener elevator_detect  Wakeup type:33171036 delay:200000us by t0.g$b@345282d from com.oplus.nhs
07-29 18:58:26.729  4850  4850 D RowAnimatorExtImpl: init:tx,view:StatusBarIconView(slot='volume' alpha=1.0 icon=StatusBarIcon(icon=Icon(typ=RESOURCE pkg=com.android.systemui id=0x7f0818f0) visible user=0 ) visibleState=ICON iconColor=#ccffffff staticDrawableColor=#ccffffff decorColor=#ffffffff animationStartColor=#0 currentSetColor=#ccffffff notification=null),translationX:  9.0  0.0  
07-29 18:58:26.729  4850  4850 D RowAnimatorExtImpl: init:tx,view:StatusBarIconView(slot='zen' alpha=1.0 icon=StatusBarIcon(icon=Icon(typ=RESOURCE pkg=com.android.systemui id=0x7f0818e1) visible user=0 ) visibleState=ICON iconColor=#ccffffff staticDrawableColor=#ccffffff decorColor=#ffffffff animationStartColor=#0 currentSetColor=#ccffffff notification=null),translationX:  57.0  48.0  
07-29 18:58:26.729  3345  4513 D OplusWifiConcurrentManager: isConcurrentCombinationAllowed : createMode= 0, requestType =-1
07-29 18:58:26.729  4850  4850 D RowAnimatorExtImpl: init:tx,view:StatusBarIconView(slot='volume' alpha=1.0 icon=StatusBarIcon(icon=Icon(typ=RESOURCE pkg=com.android.systemui id=0x7f0818f0) visible user=0 ) visibleState=ICON iconColor=#ccffffff staticDrawableColor=#ccffffff decorColor=#ffffffff animationStartColor=#0 currentSetColor=#ccffffff notification=null),translationX:  9.0  0.0  
07-29 18:58:26.729  4850  4850 D RowAnimatorExtImpl: init:tx,view:StatusBarIconView(slot='zen' alpha=1.0 icon=StatusBarIcon(icon=Icon(typ=RESOURCE pkg=com.android.systemui id=0x7f0818e1) visible user=0 ) visibleState=ICON iconColor=#ccffffff staticDrawableColor=#ccffffff decorColor=#ffffffff animationStartColor=#0 currentSetColor=#ccffffff notification=null),translationX:  57.0  48.0  
07-29 18:58:26.729  3345  4513 I HalDevMgr: currentModeId=3, requestModeId=3, currentModeIdValid=true
07-29 18:58:26.729  1800  1863 E minksocket: MinkIPC ERROR: ( 1800:1863 ) MinkIPC_preProcess:272 Client down, but cannot find corresponding minksession
07-29 18:58:26.729  1826  1888 D WifiHAL : wifi_set_interface_mode: ifname=wlan0 iface_type=0
07-29 18:58:26.729  1826  1888 I android.hardware.wifi-service: Adding interface handle for wifi-aware0
07-29 18:58:26.729  1826  1888 I android.hardware.wifi-service: Adding interface handle for p2p0
07-29 18:58:26.729  1826  1888 I android.hardware.wifi-service: Adding interface handle for wlan0
07-29 18:58:26.729  4850  4850 D RowAnimatorExtImpl: init:tx,view:StatusBarIconView(slot='volume' alpha=1.0 icon=StatusBarIcon(icon=Icon(typ=RESOURCE pkg=com.android.systemui id=0x7f0818f0) visible user=0 ) visibleState=ICON iconColor=#ccffffff staticDrawableColor=#ccffffff decorColor=#ffffffff animationStartColor=#0 currentSetColor=#ccffffff notification=null),translationX:  9.0  0.0  
07-29 18:58:26.729  4850  4850 D RowAnimatorExtImpl: init:tx,view:StatusBarIconView(slot='zen' alpha=1.0 icon=StatusBarIcon(icon=Icon(typ=RESOURCE pkg=com.android.systemui id=0x7f0818e1) visible user=0 ) visibleState=ICON iconColor=#ccffffff staticDrawableColor=#ccffffff decorColor=#ffffffff animationStartColor=#0 currentSetColor=#ccffffff notification=null),translationX:  57.0  48.0  
07-29 18:58:26.730  3345  3682 D SensorService: createSensorEventConnection packageName = t0.g, opPackageName = com.oplus.nhs, mCurrentOperatingMode = 0, requestedMode = 0
07-29 18:58:26.730  1800  1848 E minksocket: MinkIPC ERROR: ( 1800:1848 ) MinkIPC_preProcess:272 Client down, but cannot find corresponding minksession
07-29 18:58:26.732  3345  4513 D HalDevMgr: updateRttController: no one is interested in RTT controllers
07-29 18:58:26.732  3345  4513 E HalDevMgr: removeP2pAndSapCombination do nothing: mIsAddedP2pAndSapCombination = false
07-29 18:58:26.733  1800  1848 E minksocket: MinkIPC ERROR: ( 1800:1848 ) MinkIPC_preProcess:272 Client down, but cannot find corresponding minksession
07-29 18:58:26.733  1826  1888 W android.hardware.wifi-service: AIBinder_linkToDeath is being called with a non-null cookie and no onUnlink callback set. This might not be intended. AIBinder_DeathRecipient_setOnUnlinked should be called first.
07-29 18:58:26.733  1826  1888 I android.hardware.wifi-service: twtRegisterEvents is not supported-3
07-29 18:58:26.733  1823  1823 I sensors-hal: qsh_qmi:34, qsh_qmi
07-29 18:58:26.733  1823  1823 I sensors-hal: send_sync_sensor_request:443, send sync request
07-29 18:58:26.733  1823  1823 I sensors-hal: send_sync_sensor_request:472, wait for notification of response
07-29 18:58:26.733  1800  1848 E minksocket: MinkIPC ERROR: ( 1800:1848 ) MinkIPC_preProcess:272 Client down, but cannot find corresponding minksession
07-29 18:58:26.733  1800  1863 E minksocket: MinkIPC ERROR: ( 1800:1863 ) MinkIPC_preProcess:272 Client down, but cannot find corresponding minksession
07-29 18:58:26.733  1800  1863 E minksocket: MinkIPC ERROR: ( 1800:1863 ) MinkIPC_preProcess:272 Client down, but cannot find corresponding minksession
07-29 18:58:26.733  1826  1888 W android.hardware.wifi-service: AIBinder_linkToDeath is being called with a non-null cookie and no onUnlink callback set. This might not be intended. AIBinder_DeathRecipient_setOnUnlinked should be called first.
07-29 18:58:26.733  1800  1863 E minksocket: MinkIPC ERROR: ( 1800:1863 ) MinkIPC_preProcess:272 Client down, but cannot find corresponding minksession
07-29 18:58:26.733  1800  1848 E minksocket: MinkIPC ERROR: ( 1800:1848 ) MinkIPC_preProcess:272 Client down, but cannot find corresponding minksession
07-29 18:58:26.734  1826  1888 D WifiHAL : wifi_get_chip_capabilities: max mlo assoc link cnt: 2 str link cnt 2
07-29 18:58:26.734  1823 13072 I sensors-hal: qsh_conn_resp_cb:793, resp_value = 0 for elevator_detect 
07-29 18:58:26.735  3345  4513 D WifiNl80211Manager: Setting up interface for client mode: wlan0
07-29 18:58:26.735  1823  1823 I sensors-hal: send_sync_sensor_request:478, takes 1 ms to receive the response with 0
07-29 18:58:26.735  1823  1823 I sensors-hal: activate:131, qti.sensor.elevator_detect/1362 en=1 completed
07-29 18:58:26.735  3345  5293 D SensorService: 0xb4000071c461f740 addFd fd=995
07-29 18:58:26.735  5022  5966 D ElevatorEvent: elevator:registerForElevatorDetect  , true mIsElevSensorReg = true
07-29 18:58:26.735  5022  5966 D SceneEvent: registerSensorMgr start
07-29 18:58:26.735  5022  5966 D SceneEvent: registerSensorMgr already start,return
07-29 18:58:26.735  3345  3682 W SensorService: SensorEventConnection sensor handle=1362, package = t0.g enable
07-29 18:58:26.735  3345  3682 E SensorService: Required app t0.g, uid 1001, pid 5030
07-29 18:58:26.736  3345  3682 D SensorService: Calling batch handle==1362 flags=0rate=200000000 timeout== 0
07-29 18:58:26.736  3345  3682 D SensorService: SensorDevice::batch: ident=0xb40000732c5e2700, handle=0x00000552, flags=0, period_ns=200000000 timeout=0
07-29 18:58:26.736  3345  3682 D SensorService: Calling activate on 1362
07-29 18:58:26.736  3345  3682 D SensorService: SensorDevice::activate: ident=0xb40000732c5e2700, handle=0x00000552, enabled=1, count=2
07-29 18:58:26.736  3345  3682 D SensorService: enable index=1
07-29 18:58:26.736  3345  3682 D SensorService: info.numActiveClients() = 2, info.isActive = 1
07-29 18:58:26.736  3345  3682 D SensorService: activateHardware = 0
07-29 18:58:26.736  3345  3682 D SensorService: 0xb40000732c5e2700 addFd fd=997
07-29 18:58:26.736  5030  5030 D NhsElevatorReceiver: elevator:registerForElevatorDetect  , true mIsElevSensorReg = true
07-29 18:58:26.736  2787  2787 I wificond: Current driver country code US
07-29 18:58:26.736  5030  5030 D NhsSceneReceiver: registerSensorMgr start
07-29 18:58:26.736  5030  5030 V SystemSensorManagerExtImpl: RegisterListener oplus_activity_recognition  Wakeup type:33171037 delay:200000us by t0.k$a@67e0162 from com.oplus.nhs
07-29 18:58:26.736  3345  3682 D WifiNl80211Manager: OnRegDomainChanged US
07-29 18:58:26.736  2787  2787 I wificond: createClientInterface: wiphy_index 0 iface_name wlan0
07-29 18:58:26.736  3345  5293 D SensorService: createSensorEventConnection packageName = t0.k, opPackageName = com.oplus.nhs, mCurrentOperatingMode = 0, requestedMode = 0
07-29 18:58:26.736  3345  3682 D WifiNative: onCountryCodeChanged: US
07-29 18:58:26.736  3345  3682 I WifiCountryCode: Receive onDriverCountryCodeChanged US
07-29 18:58:26.736  3345  5293 W SensorService: SensorEventConnection sensor handle=1372, package = t0.k enable
07-29 18:58:26.736  3345  5293 E SensorService: Required app t0.k, uid 1001, pid 5030
07-29 18:58:26.736  3345  5293 D SensorService: enable sensor send lastEvent 1372
07-29 18:58:26.736  2787  2787 I wificond: create scanner for interface with index: 27
07-29 18:58:26.736  2787  2787 I wificond: subscribe scan result for interface with index: 27
07-29 18:58:26.736  3345  3682 D WifiScanRequestProxy: Sending scan available broadcast: true
07-29 18:58:26.736  3345  5293 D SensorService: Calling batch handle==1372 flags=0rate=200000000 timeout== 0
07-29 18:58:26.736  3345  5293 D SensorService: SensorDevice::batch: ident=0xb4000071c461f3c0, handle=0x0000055c, flags=0, period_ns=200000000 timeout=0
07-29 18:58:26.736  3345  5293 D SensorService: Calling activate on 1372
07-29 18:58:26.736  3345  5293 D SensorService: SensorDevice::activate: ident=0xb4000071c461f3c0, handle=0x0000055c, enabled=1, count=4
07-29 18:58:26.736  3345  5293 D SensorService: enable index=0
07-29 18:58:26.736  3345  5293 D SensorService: info.numActiveClients() = 4, info.isActive = 1
07-29 18:58:26.736  3345  5293 D SensorService: activateHardware = 0
07-29 18:58:26.736  3345  5293 D SensorService: 0xb4000071c461f3c0 addFd fd=1014
07-29 18:58:26.736  5030  5030 D NhsSceneReceiver: sensor name is oplus_activity_recognition  Wakeup, registerState:true
07-29 18:58:26.737  3345  4517 I WifiScanningService: Received a request to enable scanning, UID = 1000
07-29 18:58:26.737  5030  5030 D NhsSceneReceiver: onAccuracyChanged
07-29 18:58:26.737  2787  2787 I wificond: add channel type 0 support at wiphy index: 0
07-29 18:58:26.737  2787  2787 I wificond: add channel type 1 support at wiphy index: 0
07-29 18:58:26.737  5030  5030 E NhsAppRILMsger: EVENT_REQ_EVENT_DONE Error received :com.android.internal.telephony.CommandException: RADIO_NOT_AVAILABLE
07-29 18:58:26.737  3345  3682 I WifiScanRequestProxy: Scanning is enabled
07-29 18:58:26.737  3345  3682 I WifiScanRequestProxy: Scanning for hidden networks is disabled
07-29 18:58:26.737  5030  5396 D NhsSceneReceiver: onSensorChanged: name = oplus_activity_recognition  Wakeup
07-29 18:58:26.737  5030  5396 D NhsSceneReceiver: enter still_state
07-29 18:58:26.737  3388  3929 D QmiVsClient: getNecData callback - enter
07-29 18:58:26.738  3388  3414 D VsProxy : handleMessage msg is 4001
07-29 18:58:26.738  3345  3345 D OplusWifiBroadCastDispatcher: mBroadcastReceiver: onReceiver  action=android.net.wifi.action.WIFI_SCAN_AVAILABILITY_CHANGED
07-29 18:58:26.738  3388  3414 D RadioProxy: getNecData : response cb for instance 0
07-29 18:58:26.738  6946  6946 I OsAgent : onReceive: android.net.wifi.action.WIFI_SCAN_AVAILABILITY_CHANGED
07-29 18:58:26.738  3345  4513 I WifiNative: Interface state changed on Iface:{Name=wlan0,Id=1,Type=STA_SCAN}, isUp=true
07-29 18:58:26.738  6946  8018 I OsAgent : updateWiFiScanAvailState, scanAvailable: true
07-29 18:58:26.738  3345  4626 D OplusWifiPower_ConnLpmEventObsever: onReceive EXTRA_SCAN_AVAILABLE availabe = true
07-29 18:58:26.738  3345  4626 D OplusWifiPowerService: onReceive action:android.net.wifi.action.WIFI_SCAN_AVAILABILITY_CHANGED
07-29 18:58:26.738  3345  4626 D OplusWifiSwitchStateMonitor: scan settings change to true
07-29 18:58:26.738  6946  8018 D OsAgentAidlClient: [bool_dataitem_update][1570] [HC] =>> [HS]
07-29 18:58:26.738  1826  1888 I WifiHAL : mpdu_size_threshold : 128, aggressive_statistics_gathering : 0
07-29 18:58:26.738  3345  4513 I WifiNative: Successfully setup Iface:{Name=wlan0,Id=1,Type=STA_SCAN}
07-29 18:58:26.738  3345  4513 E SupplicantStaIfaceHalAidlImpl: Can't call getKeyMgmtCapabilities, ISupplicantStaIface is null for iface=wlan0
07-29 18:58:26.739  5201  6306 D RadioProxyJ: [PHONE0][89]< getNecDataResponse ******
07-29 18:58:26.739  5201  5201 D MessengerResponseHandler: handleMessage Response msgid 206
07-29 18:58:26.739  1817  1884 I LocSvc_SystemStatusOsObserver: sendCachedDataItems:471] DataItem: IS_WIFI_HARDWARE_ON: true >> Wiper
07-29 18:58:26.740  1817  1902 I LocSvc_api_v02: ---> locClientSendReq line 2409 QMI_LOC_NOTIFY_WIFI_ENABLED_STATUS_REQ_V02
07-29 18:58:26.740  1826  8521 I WifiHAL : wifi_get_supported_radio_combinations_matrix: enter
07-29 18:58:26.740  1826  8521 I WifiHAL : wifi_parse_radio_combinations_matrix: radio_combinations[1]: num_radio_configurations 1
07-29 18:58:26.740  1826  8521 I WifiHAL : wifi_parse_radio_combinations_matrix: radio_combinations[2]: num_radio_configurations 1
07-29 18:58:26.740  1826  8521 I WifiHAL : wifi_parse_radio_combinations_matrix: radio_combinations[3]: num_radio_configurations 1
07-29 18:58:26.740  1826  8521 I WifiHAL : wifi_parse_radio_combinations_matrix: radio_combinations[4]: num_radio_configurations 2
07-29 18:58:26.740  1826  8521 I WifiHAL : wifi_parse_radio_combinations_matrix: radio_combinations[5]: num_radio_configurations 2
07-29 18:58:26.740  1826  8521 I WifiHAL : wifi_parse_radio_combinations_matrix: radio_combinations[6]: num_radio_configurations 2
07-29 18:58:26.740  1826  8521 I WifiHAL : wifi_parse_radio_combinations_matrix: num_radio_combinations 6, radio_matrix_size 100
07-29 18:58:26.740  3345  4513 E SupplicantStaIfaceHalAidlImpl: Can't call getWpaDriverCapabilities, ISupplicantStaIface is null for iface=wlan0
07-29 18:58:26.740  1817  4007 I LocSvc_ApiV02: <--- globalRespCb line 282 QMI_LOC_NOTIFY_WIFI_ENABLED_STATUS_REQ_V02
07-29 18:58:26.740  3345  4513 E WifiStaIfaceAidlImpl: getTwtCapabilities failed with service-specific exception: android.os.ServiceSpecificException:  (code 4)
07-29 18:58:26.741  3345  4513 E WifiChipAidlImpl: enableStaChannelForPeerNetwork failed with service-specific exception: android.os.ServiceSpecificException:  (code 4)
07-29 18:58:26.741  3345  4513 D WifiNative: setWifiNativeInterfaceEventCallback
07-29 18:58:26.741  3345  4513 D WifiClientModeManager[59595:wlan0]: entering StartedState
07-29 18:58:26.741  1826  8521 E WifiHAL : wifi_get_gscan_capabilities: GSCAN is not supported by driver
07-29 18:58:26.741  3345  4517 E WifiStaIfaceAidlImpl: getBackgroundScanCapabilities failed with service-specific exception: android.os.ServiceSpecificException:  (code 4)
07-29 18:58:26.741  3345  4513 D WifiClientModeManager[59595:wlan0]: entering ScanOnlyModeState
07-29 18:58:26.741  3345  4513 D WifiScanRequestProxy: Sending scan available broadcast: true
07-29 18:58:26.741  3345  4513 I WifiScanRequestProxy: Scanning is enabled
07-29 18:58:26.741  3345  4513 I WifiScanRequestProxy: Scanning for hidden networks is disabled
07-29 18:58:26.742  1826  8521 D WifiHAL : wifi_multi_sta_set_use_case: 0
07-29 18:58:26.742  6946  6946 I OsAgent : onReceive: android.net.wifi.action.WIFI_SCAN_AVAILABILITY_CHANGED
07-29 18:58:26.742  6946  8018 I OsAgent : updateWiFiScanAvailState, scanAvailable: true
07-29 18:58:26.742  3345  3345 D OplusWifiBroadCastDispatcher: mBroadcastReceiver: onReceiver  action=android.net.wifi.action.WIFI_SCAN_AVAILABILITY_CHANGED
07-29 18:58:26.743  3345  4513 D WifiCountryCode: evaluateAllCmmStateAndApplyIfAllReady: {ConcreteClientModeManager{id=59595 iface=wlan0 role=ROLE_CLIENT_SCAN_ONLY}=true}
07-29 18:58:26.743  3345  4513 D WifiCountryCode: Reading country code from telephony
07-29 18:58:26.743  3345  4626 D OplusWifiPower_ConnLpmEventObsever: onReceive EXTRA_SCAN_AVAILABLE availabe = true
07-29 18:58:26.743  3345  4626 D OplusWifiPowerService: onReceive action:android.net.wifi.action.WIFI_SCAN_AVAILABILITY_CHANGED
07-29 18:58:26.743  3345  4626 D OplusWifiSwitchStateMonitor: scan settings change to true
07-29 18:58:26.743  3345  4513 D WifiCountryCode: Set telephony country code to: 
07-29 18:58:26.743  3345  5338 W BestClock: java.time.DateTimeException: Missing network time fix
07-29 18:58:26.743  3345  4513 D WifiCountryCode: updateCountryCode to US
07-29 18:58:26.743  3345  4513 D WifiCountryCode: setCountryCodeNative: US, isClientModeOnly: true mDriverCountryCode: US
07-29 18:58:26.743  1697  4890 E TetherController: property_get sys.radio.data.modem_share_flag return 0, 1!
07-29 18:58:26.743  3345  4517 I WifiScanningService: Created a new impl for wlan0
07-29 18:58:26.743  3345  4517 I WifiScanningService: Received a request to enable scanning, UID = 1000
07-29 18:58:26.743  3345  4517 I WifiScanningService: scanner impls already exists
07-29 18:58:26.744  3345  4517 I WifiScanningService: wifi driver loaded with scan capabilities: max buckets=16
07-29 18:58:26.744  3345  4517 E WifiScanningService: wifi driver loaded received while already loaded
07-29 18:58:26.744  1823  6384 I sensors-hal: qsh_conn_event_cb:756, event[0] msg_id=1025, ts=1226766865, sensor_type = oplus_activity_recognition  Wakeup
07-29 18:58:26.744  1823  6384 E sensors-hal: handle_sns_std_sensor_event:72, oplus_activity_recognition output: count: 1.000000, index: 1.000000, incar_state: 0.000000, actvity_mode: 3.000000, delta_time: 0.000000 !
07-29 18:58:26.744  3345  5338 W BestClock: java.time.DateTimeException: Missing network time fix
07-29 18:58:26.744  5030  5396 D NhsSceneReceiver: onSensorChanged: name = oplus_activity_recognition  Wakeup
07-29 18:58:26.745  5022  5721 D SceneEvent: onSensorChanged: name = oplus_activity_recognition  Wakeup
07-29 18:58:26.745  3345  5338 W BestClock: java.time.DateTimeException: Missing network time fix
07-29 18:58:26.747  5022  5954 W BestClock: java.time.DateTimeException: Missing network time fix
07-29 18:58:26.747  5022  5954 V MonthTrafficAlert: getWarningNotification subId:1 numWarningNotificaion:0
07-29 18:58:26.748  3345  5293 W BestClock: java.time.DateTimeException: Missing network time fix
07-29 18:58:26.749  5152  6204 D IWlanJni: getDataRegistrationState start
07-29 18:58:26.750  4850  5598 V OplusCustomizeCacheManager: queryCache name: sys.cache.common_customize_cache18014 param: null
07-29 18:58:26.750  4850  5598 V OplusCustomizeCacheManager: queryCache name: sys.cache.common_customize_cache18017 param: Bundle[{SETTING=BLOCK, BUSINESS=NCT-DATA}]
07-29 18:58:26.750  4850  5598 V OplusCustomizeCacheManager: queryCache name: sys.cache.common_customize_cache18013 param: null
07-29 18:58:26.750  5152  6217 D IWlanJni: new aidl event arrived
07-29 18:58:26.751  5152  6217 D IWlanJni: handleEvent 10
07-29 18:58:26.751  5152  6217 D IWlanJni: isThreadAttached start
07-29 18:58:26.751  5152  6217 D IWlanJni: jni detached
07-29 18:58:26.751  5152  6217 D IWlanJni: jni attached
07-29 18:58:26.751  5152  6217 D IWlanJni: getDataRegistrationStateResponse start
07-29 18:58:26.751  5152  6217 D IWlanJni: getJavaCallbackClass start
07-29 18:58:26.751  5152  6217 D IWlanJni: getJavaCallbackClass End midIs[1]
07-29 18:58:26.751  5152  6217 I IWlanAidlClient: getDataRegistrationStateResponse called
07-29 18:58:26.751  5152  6216 W IWlanNetworkService: 6 > Response Processed
07-29 18:58:26.752  3345  5338 I OplusBinderProxy: pb uid: 10215 pid: 10905 desc: com.android.internal.telephony.IPhoneStateListener/10
07-29 18:58:26.752  5201  5201 D SubsysEventListenerManager-SubsysTelephonyCallback[0]: onSignalStrengthsChanged
07-29 18:58:26.754  5152  6204 D IWlanJni: getDataRegistrationState start
07-29 18:58:26.754  1817  3760 E LOCRIL_SESSION: operator():200] SubId: 1 Failed to get sim IO with error: 11
07-29 18:58:26.754  3345  4213 W BestClock: java.time.DateTimeException: Missing network time fix
07-29 18:58:26.755  5152  6214 D IWlanJni: new aidl event arrived
07-29 18:58:26.755  5152  6214 D IWlanJni: handleEvent 10
07-29 18:58:26.755  5152  6214 D IWlanJni: isThreadAttached start
07-29 18:58:26.755  5152  6214 D IWlanJni: jni detached
07-29 18:58:26.755  5152  6214 D IWlanJni: jni attached
07-29 18:58:26.755  5152  6214 D IWlanJni: getDataRegistrationStateResponse start
07-29 18:58:26.755  5152  6214 D IWlanJni: getJavaCallbackClass start
07-29 18:58:26.755  5152  6214 D IWlanJni: getJavaCallbackClass End midIs[1]
07-29 18:58:26.755  5152  6214 I IWlanAidlClient: getDataRegistrationStateResponse called
07-29 18:58:26.755  1817  3760 E LOCRIL_SESSION: operator():241] SubId: 1 Failed to get sim IMSI with error: 11
07-29 18:58:26.755  5152  6213 W IWlanNetworkService: 7 > Response Processed
07-29 18:58:26.755  4943  4943 D OplusTelephonyController: onSignalStrengthChanged: SignalStrength=SignalStrength:{mCdma=CellSignalStrengthCdma: cdmaDbm=2147483647 cdmaEcio=2147483647 evdoDbm=2147483647 evdoEcio=2147483647 evdoSnr=2147483647 level=0,mGsm=CellSignalStrengthGsm: rssi=2147483647 ber=2147483647 mTa=2147483647 mLevel=0,mWcdma=CellSignalStrengthWcdma: ss=2147483647 ber=2147483647 rscp=2147483647 ecno=2147483647 level=0,mTdscdma=CellSignalStrengthTdscdma: rssi=2147483647 ber=2147483647 rscp=2147483647 level=0,mLte=CellSignalStrengthLte: rssi=2147483647 rsrp=2147483647 rsrq=2147483647 rssnr=2147483647 cqiTableIndex=2147483647 cqi=2147483647 ta=2147483647 level=0 parametersUseForLevel=0,mNr=CellSignalStrengthNr:{ csiRsrp = 2147483647 csiRsrq = 2147483647 csiCqiTableIndex = 2147483647 csiCqiReport = [] ssRsrp = 2147483647 ssRsrq = 2147483647 ssSinr = 2147483647 level = 0 parametersUseForLevel = 0 timingAdvance = 2147483647 },primary=CellSignalStrengthLte}
07-29 18:58:26.755  5022  5094 D SaDataService: onTelephonyEventReport , subId= 0,slotId=-1 eventId=6030
07-29 18:58:26.756  5022  5094 D TelephonyImpl: notify eventId:6030 for list size:2
07-29 18:58:26.756  5201  6043 D VendorTelephonyService: onTelephonyEventReport slotId =0 eventId=6030
07-29 18:58:26.756  5201  6043 D VendorTelephonyService: onTelephonyEventReport slotId =0 eventId=6030
07-29 18:58:26.756  5201  5201 D VendorCallService: notityEventUpdate, eventId:6030, slotId = 0
07-29 18:58:26.756  3345  4213 W BestClock: java.time.DateTimeException: Missing network time fix
07-29 18:58:26.757  1817  3760 E LOCRIL_SESSION: operator():200] SubId: 1 Failed to get sim IO with error: 11
07-29 18:58:26.757  4850  5598 V OplusCustomizeCacheManager: queryCache name: sys.cache.common_customize_cache18014 param: null
07-29 18:58:26.757  4850  5598 V OplusCustomizeCacheManager: queryCache name: sys.cache.common_customize_cache18017 param: Bundle[{SETTING=BLOCK, BUSINESS=NCT-DATA}]
07-29 18:58:26.757  4850  5598 V OplusCustomizeCacheManager: queryCache name: sys.cache.common_customize_cache18013 param: null
07-29 18:58:26.757  1817  3760 E LOCRIL_SESSION: operator():241] SubId: 1 Failed to get sim IMSI with error: 11
07-29 18:58:26.758  5022  5094 D SaDataService: onTelephonyEventReport , subId= 0,slotId=-1 eventId=6030
07-29 18:58:26.758  5022  5094 D TelephonyImpl: notify eventId:6030 for list size:2
07-29 18:58:26.758  5201  6043 D VendorTelephonyService: onTelephonyEventReport slotId =0 eventId=6030
07-29 18:58:26.758  5201  6043 D VendorTelephonyService: onTelephonyEventReport slotId =0 eventId=6030
07-29 18:58:26.758  5201  5201 D VendorCallService: notityEventUpdate, eventId:6030, slotId = 0
07-29 18:58:26.759  5152  6204 D IWlanJni: getDataRegistrationState start
07-29 18:58:26.759  5152  6204 D IWlanJni: getDataRegistrationState start
07-29 18:58:26.760  5152  6217 D IWlanJni: new aidl event arrived
07-29 18:58:26.760  5152  6217 D IWlanJni: handleEvent 10
07-29 18:58:26.760  5152  6217 D IWlanJni: isThreadAttached start
07-29 18:58:26.760  5152  6217 D IWlanJni: jni detached
07-29 18:58:26.760  5152  6217 D IWlanJni: jni attached
07-29 18:58:26.760  5152  6217 D IWlanJni: getDataRegistrationStateResponse start
07-29 18:58:26.760  5152  6217 D IWlanJni: getJavaCallbackClass start
07-29 18:58:26.760  5152  6217 D IWlanJni: getJavaCallbackClass End midIs[1]
07-29 18:58:26.760  5152  6217 I IWlanAidlClient: getDataRegistrationStateResponse called
07-29 18:58:26.760  5152  6214 D IWlanJni: new aidl event arrived
07-29 18:58:26.760  5152  6214 D IWlanJni: handleEvent 10
07-29 18:58:26.760  5152  6214 D IWlanJni: isThreadAttached start
07-29 18:58:26.760  5152  6214 D IWlanJni: jni detached
07-29 18:58:26.760  5152  6214 D IWlanJni: jni attached
07-29 18:58:26.760  5152  6214 D IWlanJni: getDataRegistrationStateResponse start
07-29 18:58:26.760  5152  6214 D IWlanJni: getJavaCallbackClass start
07-29 18:58:26.760  5152  6214 D IWlanJni: getJavaCallbackClass End midIs[1]
07-29 18:58:26.760  5152  6214 I IWlanAidlClient: getDataRegistrationStateResponse called
07-29 18:58:26.761  5152  6216 W IWlanNetworkService: 9 > Response Processed
07-29 18:58:26.761  5152  6213 W IWlanNetworkService: 8 > Response Processed
07-29 18:58:26.761  1817  3758 W LOCRIL_SESSION: operator():307] cellInfo list size is 0, Voice state: 3, data state: 3
07-29 18:58:26.762  2787  2787 I wificond: Regulatory domain changed to country: US on wiphy_index: 0
07-29 18:58:26.762  3345  5293 D WifiNl80211Manager: OnRegDomainChanged US
07-29 18:58:26.762  6380  6380 I wpa_supplicant: p2p0: CTRL-EVENT-REGDOM-CHANGE init=DRIVER type=COUNTRY alpha2=US
07-29 18:58:26.762  3345  5293 D WifiNative: onCountryCodeChanged: US
07-29 18:58:26.762  3345  5293 I WifiCountryCode: Receive onDriverCountryCodeChanged US
07-29 18:58:26.762  2787  2787 I wificond: UpdateBandInfo
07-29 18:58:26.762  3345  5293 D WifiScanRequestProxy: Sending scan available broadcast: true
07-29 18:58:26.762  3345  5293 I WifiScanRequestProxy: Scanning is enabled
07-29 18:58:26.762  3345  5293 I WifiScanRequestProxy: Scanning for hidden networks is disabled
07-29 18:58:26.762  3345  5338 W BestClock: java.time.DateTimeException: Missing network time fix
07-29 18:58:26.762  3345  4517 I WifiScanningService: Received a request to enable scanning, UID = 1000
07-29 18:58:26.762  3345  4517 I WifiScanningService: scanner impls already exists
07-29 18:58:26.762  3345  4517 E WifiScanningService: wifi driver loaded received while already loaded
07-29 18:58:26.763  2787  2787 I wificond: 2.4Ghz frequencies: 2412 2417 2422 2427 2432 2437 2442 2447 2452 2457 2462
07-29 18:58:26.763  2787  2787 I wificond: 5Ghz non-DFS frequencies: 5180 5200 5220 5240 5745 5765 5785 5805 5825
07-29 18:58:26.763  2787  2787 I wificond: 5Ghz DFS frequencies: 5260 5280 5300 5320 5500 5520 5540 5560 5580 5600 5620 5640 5660 5680 5700
07-29 18:58:26.763  2787  2787 I wificond: 6Ghz frequencies:
07-29 18:58:26.763  2787  2787 I wificond: 60Ghz frequencies:
07-29 18:58:26.763  4986  5016 D QtiOemHookAidl: oemHookRawIndication length=24
07-29 18:58:26.763  4986  4986 D QcrilMsgTunnelIfaceManager: handleMessage what = 0
07-29 18:58:26.763  6946  6946 I OsAgent : onReceive: android.net.wifi.action.WIFI_SCAN_AVAILABILITY_CHANGED
07-29 18:58:26.763  3345  3345 D OplusWifiBroadCastDispatcher: mBroadcastReceiver: onReceiver  action=android.net.wifi.action.WIFI_SCAN_AVAILABILITY_CHANGED
07-29 18:58:26.763  6946  8018 I OsAgent : updateWiFiScanAvailState, scanAvailable: true
07-29 18:58:26.763  3345  4626 D OplusWifiPower_ConnLpmEventObsever: onReceive EXTRA_SCAN_AVAILABLE availabe = true
07-29 18:58:26.763  3345  4626 D OplusWifiPowerService: onReceive action:android.net.wifi.action.WIFI_SCAN_AVAILABILITY_CHANGED
07-29 18:58:26.763  3345  4626 D OplusWifiSwitchStateMonitor: scan settings change to true
07-29 18:58:26.764  4986  5016 D QtiOemHookAidl: oemHookRawIndication length=24
07-29 18:58:26.764  4986  4986 D QcrilMsgTunnelIfaceManager: handleMessage what = 0
07-29 18:58:26.764  4943  4943 D QC_RIL_OEM_HOOK: Received Broadcast Intent ACTION_UNSOL_RESPONSE_OEM_HOOK_RAW
07-29 18:58:26.764  4943  4943 D QC_RIL_OEM_HOOK: Received Broadcast Intent ACTION_UNSOL_RESPONSE_OEM_HOOK_RAW
07-29 18:58:26.764  4943  4943 D QC_RIL_OEM_HOOK: Received Broadcast Intent ACTION_UNSOL_RESPONSE_OEM_HOOK_RAW
07-29 18:58:26.764  3345  5293 W BestClock: java.time.DateTimeException: Missing network time fix
07-29 18:58:26.764  4986  4986 D QC_RIL_OEM_HOOK: Received Broadcast Intent ACTION_UNSOL_RESPONSE_OEM_HOOK_RAW
07-29 18:58:26.765  4943  4943 D QC_RIL_OEM_HOOK: Received Broadcast Intent ACTION_UNSOL_RESPONSE_OEM_HOOK_RAW
07-29 18:58:26.765  4986  4986 D QC_RIL_OEM_HOOK: Received Broadcast Intent ACTION_UNSOL_RESPONSE_OEM_HOOK_RAW
07-29 18:58:26.765  4943  4943 D QC_RIL_OEM_HOOK: Received Broadcast Intent ACTION_UNSOL_RESPONSE_OEM_HOOK_RAW
07-29 18:58:26.765  4943  4943 D QC_RIL_OEM_HOOK: Received Broadcast Intent ACTION_UNSOL_RESPONSE_OEM_HOOK_RAW
07-29 18:58:26.765  4850  5598 V OplusCustomizeCacheManager: queryCache name: sys.cache.common_customize_cache18014 param: null
07-29 18:58:26.765  4850  5598 V OplusCustomizeCacheManager: queryCache name: sys.cache.common_customize_cache18017 param: Bundle[{SETTING=BLOCK, BUSINESS=NCT-DATA}]
07-29 18:58:26.765  4850  5598 V OplusCustomizeCacheManager: queryCache name: sys.cache.common_customize_cache18013 param: null
07-29 18:58:26.766  5118  5796 I QImsService: ImsRadioIndicationAidl : onRadioStateChanged()[SUB0]
07-29 18:58:26.766  5118  5796 I QImsService: ImsSenderRxr : [UNSL]< UNSOL_RADIO_STATE_CHANGED RADIO_ON[SUB0]
07-29 18:58:26.766  2002  2002 E PowerMonitorService: Failed to open /proc/horae_qmi (2): No such file or directory
07-29 18:58:26.767  5118  6300 I QImsService: ImsRadioIndicationAidl : onRadioStateChanged()[SUB1]
07-29 18:58:26.767  5118  6300 I QImsService: ImsSenderRxr : [UNSL]< UNSOL_RADIO_STATE_CHANGED RADIO_ON[SUB1]
07-29 18:58:26.769  1817  3758 W LOCRIL_SESSION: operator():307] cellInfo list size is 0, Voice state: 3, data state: 3
07-29 18:58:26.771  3345  5337 W BestClock: java.time.DateTimeException: Missing network time fix
07-29 18:58:26.771  5201  6043 D VendorTelephonyService: onTelephonyEventReport slotId =0 eventId=6030
07-29 18:58:26.771  1817  3760 E LOCRIL_SESSION: operator():200] SubId: 1 Failed to get sim IO with error: 11
07-29 18:58:26.771  5201  6043 D VendorTelephonyService: onTelephonyEventReport slotId =0 eventId=6030
07-29 18:58:26.771  5201  5201 D VendorCallService: notityEventUpdate, eventId:6030, slotId = 0
07-29 18:58:26.771  4986  4986 D DeviceStatisticsService: onReceive: action= org.codeaurora.intent.action.RADIO_POWER_STATE
07-29 18:58:26.771  4986  4986 I DeviceStatisticsService: Receiving radio_power_state_changed, mIsDeviceInfoInitialized = true
07-29 18:58:26.771  4986  4986 I DeviceStatisticsService: radio power state changed to 1 for slot: 1
07-29 18:58:26.772  1817  3758 W LOCRIL_SESSION: operator():307] cellInfo list size is 0, Voice state: 3, data state: 3
07-29 18:58:26.772  1817  3760 E LOCRIL_SESSION: operator():241] SubId: 1 Failed to get sim IMSI with error: 11
07-29 18:58:26.772  3345  4214 W BestClock: java.time.DateTimeException: Missing network time fix
07-29 18:58:26.772  5152  6204 D IWlanJni: getDataRegistrationState start
07-29 18:58:26.772  5022  5094 D SaDataService: onTelephonyEventReport , subId= 0,slotId=-1 eventId=6030
07-29 18:58:26.772  5022  5094 D TelephonyImpl: notify eventId:6030 for list size:2
07-29 18:58:26.773  4850  5598 V OplusCustomizeCacheManager: queryCache name: sys.cache.common_customize_cache18014 param: null
07-29 18:58:26.773  4850  5598 V OplusCustomizeCacheManager: queryCache name: sys.cache.common_customize_cache18017 param: Bundle[{SETTING=BLOCK, BUSINESS=NCT-DATA}]
07-29 18:58:26.773  4850  5598 V OplusCustomizeCacheManager: queryCache name: sys.cache.common_customize_cache18013 param: null
07-29 18:58:26.773  5152  6217 D IWlanJni: new aidl event arrived
07-29 18:58:26.773  5152  6217 D IWlanJni: handleEvent 10
07-29 18:58:26.773  5152  6217 D IWlanJni: isThreadAttached start
07-29 18:58:26.773  5152  6217 D IWlanJni: jni detached
07-29 18:58:26.773  5152  6217 D IWlanJni: jni attached
07-29 18:58:26.773  5152  6217 D IWlanJni: getDataRegistrationStateResponse start
07-29 18:58:26.773  5152  6217 D IWlanJni: getJavaCallbackClass start
07-29 18:58:26.773  5152  6217 D IWlanJni: getJavaCallbackClass End midIs[1]
07-29 18:58:26.773  5152  6217 I IWlanAidlClient: getDataRegistrationStateResponse called
07-29 18:58:26.774  5152  6216 W IWlanNetworkService: 10 > Response Processed
07-29 18:58:26.774  4986  4986 D DeviceInfoAidlClient: onRadioPowerStateChanged
07-29 18:58:26.774  4986  4986 D DeviceInfoAidlClient: mRadioStateHdlr handleMessage()1
07-29 18:58:26.774  4986  4986 D DeviceInfoAidlClient: isRadioOn()=true
07-29 18:58:26.774  4986  4986 I DeviceInfoAidlClient: sendFeaturesSupported: power info support-true interactive state support-true
07-29 18:58:26.776  4986  4986 D DeviceStatisticsService: onReceive: action= org.codeaurora.intent.action.RADIO_POWER_STATE
07-29 18:58:26.776  4986  4986 I DeviceStatisticsService: Receiving radio_power_state_changed, mIsDeviceInfoInitialized = true
07-29 18:58:26.776  4986  4986 I DeviceStatisticsService: radio power state changed to 1 for slot: 0
07-29 18:58:26.776  4986  4986 D DeviceInfoAidlClient: isRadioOn()=true
07-29 18:58:26.776  4986  4986 I DeviceInfoAidlClient: sendFeaturesSupported: power info support-true interactive state support-true
07-29 18:58:26.776  5201  5201 D SubsysEventListenerManager-SubsysTelephonyCallback[0]: onRadioPowerStateChanged state:1
07-29 18:58:26.777  1817  3758 W LOCRIL_SESSION: operator():307] cellInfo list size is 0, Voice state: 3, data state: 3
07-29 18:58:26.777  5152  6204 D IWlanJni: getDataRegistrationState start
07-29 18:58:26.777  5152  6214 D IWlanJni: new aidl event arrived
07-29 18:58:26.777  5152  6214 D IWlanJni: handleEvent 10
07-29 18:58:26.778  5152  6214 D IWlanJni: isThreadAttached start
07-29 18:58:26.778  5152  6214 D IWlanJni: jni detached
07-29 18:58:26.778  5152  6214 D IWlanJni: jni attached
07-29 18:58:26.778  5152  6214 D IWlanJni: getDataRegistrationStateResponse start
07-29 18:58:26.778  5152  6214 D IWlanJni: getJavaCallbackClass start
07-29 18:58:26.778  5152  6214 D IWlanJni: getJavaCallbackClass End midIs[1]
07-29 18:58:26.778  5152  6214 I IWlanAidlClient: getDataRegistrationStateResponse called
07-29 18:58:26.778  5152  6213 W IWlanNetworkService: 11 > Response Processed
07-29 18:58:26.779  4986  8706 I DeviceInfoAidlClient: onPowerInfoReportingChanged - reporting enabled true [15, 20, 30, 50, 80]
07-29 18:58:26.779  4986  8706 D DeviceInfoAidlClient: isRadioOn()=true
07-29 18:58:26.779  4986  8706 I DeviceInfoAidlClient: isPowerInfoNeverSent=true batteryLevel=100 batteryLevelIndex=5 chargingMode=2 totalCapacity=5070000 powerSaveMode=false
07-29 18:58:26.780  4986  8706 I DeviceInfoAidlClient: onDeviceInfoReportingChanged - reporting enabled true
07-29 18:58:26.780  4986  8706 D DeviceInfoAidlClient: getDeviceInfoSupportStatus()=1
07-29 18:58:26.780  4986  8706 D DeviceInfoAidlClient: isRadioOn()=true
07-29 18:58:26.780  4986  8706 I DeviceInfoAidlClient: deviceState=2
07-29 18:58:26.780  4986  8706 I DeviceInfoAidlClient: onPowerInfoReportingChanged - reporting enabled true [15, 20, 30, 50, 80]
07-29 18:58:26.780  4986  8706 D DeviceInfoAidlClient: isRadioOn()=true
07-29 18:58:26.780  4986  8706 I DeviceInfoAidlClient: isPowerInfoNeverSent=false batteryLevel=100 batteryLevelIndex=5 chargingMode=2 totalCapacity=5070000 powerSaveMode=false
07-29 18:58:26.780  1823  4471 I sensors-hal: handle_oplus_wise_rgb_event:189, high_pwm_light:lux 280.5,cct 3634.8,brl/algo/ir 1445.0/2.0/16.6,pwm/dc 0.0/0.0,rgbc 21619.281250/13613.627930/6266.085449/40175.699219,ts 59548714942,cnt 840,flag 163
07-29 18:58:26.780  4986  8706 I DeviceInfoAidlClient: onDeviceInfoReportingChanged - reporting enabled true
07-29 18:58:26.780  4986  8706 D DeviceInfoAidlClient: getDeviceInfoSupportStatus()=1
07-29 18:58:26.780  4986  8706 D DeviceInfoAidlClient: isRadioOn()=true
07-29 18:58:26.780  4986  8706 I DeviceInfoAidlClient: deviceState=2
07-29 18:58:26.781  1916  4481 I Dpps    : LtmSwState::SetParameter():144 ignore cmd 7 in state LtmOffState
07-29 18:58:26.783  4943  4943 V OplusCustomizeCacheManager: queryCache name: sys.cache.common_customize_cache18016 param: null
07-29 18:58:26.783  4943  4943 V OplusCustomizeCacheManager: queryCache name: sys.cache.common_customize_cache18013 param: null
07-29 18:58:26.783  4943  4943 V OplusCustomizeCacheManager: queryCache name: sys.cache.common_customize_cache18014 param: null
07-29 18:58:26.783  4943  4943 V OplusCustomizeCacheManager: queryCache name: sys.cache.common_customize_cache18017 param: Bundle[{SETTING=BLOCK, BUSINESS=NCT-DATA}]
07-29 18:58:26.783  4943  4943 V OplusCustomizeCacheManager: queryCache name: sys.cache.common_customize_cache18016 param: null
07-29 18:58:26.783  4943  4943 V OplusCustomizeCacheManager: queryCache name: sys.cache.common_customize_cache18013 param: null
07-29 18:58:26.783  4943  4943 V OplusCustomizeCacheManager: queryCache name: sys.cache.common_customize_cache18014 param: null
07-29 18:58:26.783  4943  4943 V OplusCustomizeCacheManager: queryCache name: sys.cache.common_customize_cache18017 param: Bundle[{SETTING=BLOCK, BUSINESS=NCT-DATA}]
07-29 18:58:26.784  4986  4986 D QcrilMsgTunnelIfaceManager: handleMessage what = 1
07-29 18:58:26.784  4986  4986 I QcrilOemhookMsgTunnel: [0]invokeOemRilRequestRaw: serial=1007 length=16
07-29 18:58:26.785  4986  5016 I QtiOemHookAidl: oemHookRawResponse: serial no: 1007 error: 0length=1
07-29 18:58:26.785  4986  4986 D QcrilMsgTunnelIfaceManager: handleMessage what = 2
07-29 18:58:26.785  4943  5635 D QC_RIL_OEM_HOOK: sendOemRilRequestRaw returns value = 1
07-29 18:58:26.786  4943  4943 D OplusPowerUpOptimizationImpl: onReceive: org.codeaurora.intent.action.RADIO_POWER_STATE
07-29 18:58:26.786  4943  5672 D OplusPowerUpOptimizationImpl: handleMessage what = 6
07-29 18:58:26.786  4943  5672 D OplusPowerUpOptimizationImpl: radio is available for slot: 1
07-29 18:58:26.786  4943  5672 D OplusPowerUpOptimizationImpl: trySendPhoneReady for slot: 1
07-29 18:58:26.786  4943  5672 D OplusPowerUpOptimizationImpl: Not sending ATEL ready: States: [1: {true, true, true, true}]
07-29 18:58:26.786  5152  6204 D IWlanJni: getDataRegistrationState start
07-29 18:58:26.787  5152  6214 D IWlanJni: new aidl event arrived
07-29 18:58:26.787  5152  6214 D IWlanJni: handleEvent 10
07-29 18:58:26.787  5152  6214 D IWlanJni: isThreadAttached start
07-29 18:58:26.787  5152  6214 D IWlanJni: jni detached
07-29 18:58:26.787  5152  6214 D IWlanJni: jni attached
07-29 18:58:26.787  5152  6214 D IWlanJni: getDataRegistrationStateResponse start
07-29 18:58:26.787  5152  6214 D IWlanJni: getJavaCallbackClass start
07-29 18:58:26.787  5152  6214 D IWlanJni: getJavaCallbackClass End midIs[1]
07-29 18:58:26.787  5152  6214 I IWlanAidlClient: getDataRegistrationStateResponse called
07-29 18:58:26.787  5152  6213 W IWlanNetworkService: 12 > Response Processed
07-29 18:58:26.788  4943  4943 D CiWlanNotificationReceiver: ACTION_RADIO_POWER_STATE_CHANGED
07-29 18:58:26.788  5152  6204 D IWlanJni: getDataRegistrationState start
07-29 18:58:26.788  5152  6217 D IWlanJni: new aidl event arrived
07-29 18:58:26.788  5152  6217 D IWlanJni: handleEvent 10
07-29 18:58:26.788  5152  6217 D IWlanJni: isThreadAttached start
07-29 18:58:26.788  5152  6217 D IWlanJni: jni detached
07-29 18:58:26.788  5152  6217 D IWlanJni: jni attached
07-29 18:58:26.788  5152  6217 D IWlanJni: getDataRegistrationStateResponse start
07-29 18:58:26.788  5152  6217 D IWlanJni: getJavaCallbackClass start
