07-28 20:46:16.571  4900  6019 I [UAH_CLIENT]: UahEventAcquire, cmdid:97, pkg:none, identity:OsenseHelperImpl
07-28 20:46:16.571  1940  3022 I SDM     : DemuraIntfImpl::StageAllData: Staged all data to Demura Driver!
07-28 20:46:16.571  1940  3022 I SDM     : HWPeripheralDRM::SetPanelFeature: Set Panel feature property 19
07-28 20:46:16.571  1940  3022 I SDM     : HWPeripheralDRM::SetPanelFeature: Set Panel feature property 7
07-28 20:46:16.571  1940  3022 I SDM     : DisplayBuiltIn::TriggerDemuraOemPlugIn: Trigger demura oem plugin success
07-28 20:46:16.572  4900  4900 I SystemUi--Common: ScrollTranslationValue-->resetPanelTranslationY
07-28 20:46:16.572  4900  4900 I SystemUi--QuickSettings: OplusPanelViewPagerController-->initExpanded downExpanded=NONE downOnRight=true targetPage=NOTIFICATION downOnYHotArea=true  isKeyguardShowing=false isOnKeyguard=false fractionListeners.size=0 currentQsFraction=0.0 currentNotifyFraction=0.0 hasCalledDownEvent=true getScrollXHotZone=([Rect(0, 0 - 1080, 2376)], [Rect(-1, -1 - -1, -1), Rect(157, 1999 - 283, 2125), Rect(823, 1999 - 949, 2125)]) getScrollYHotZone=Rect(0, 0 - 1080, 66) notifyExpandedFraction=0.0 isLastUpToExpand=false qsPanelView.translationX=0.0
07-28 20:46:16.572  4900  4900 I SystemUi--QuickSettings: OplusPanelViewPagerController-->shouldOpenQS  set targetPage=QS
07-28 20:46:16.572  4900  4900 I SystemUi--Common: ScrollTranslationValue-->resetPanelTranslationY
07-28 20:46:16.572  4900  4900 I SystemUi--QuickSettings: OplusPanelViewPagerController-->initExpanded downExpanded=NONE downOnRight=true targetPage=QS downOnYHotArea=true  isKeyguardShowing=false isOnKeyguard=false fractionListeners.size=0 currentQsFraction=0.0 currentNotifyFraction=0.0 hasCalledDownEvent=true getScrollXHotZone=([Rect(0, 0 - 1080, 2376)], [Rect(-1, -1 - -1, -1), Rect(157, 1999 - 283, 2125), Rect(823, 1999 - 949, 2125)]) getScrollYHotZone=Rect(0, 0 - 1080, 66) notifyExpandedFraction=0.0 isLastUpToExpand=false qsPanelView.translationX=0.0
07-28 20:46:16.572  4900  4900 I SystemUi--QuickSettings: OplusPanelViewPagerController-->shouldOpenQS  set targetPage=QS
07-28 20:46:16.572  4900  4900 I SystemUi--QuickSettings: OplusQSPageViewController-->reset(), pageList size:2 itemCount:2 oldIndex:0 curIndex:0
07-28 20:46:16.572  4900  4900 I SystemUi--QuickSettings: OplusQSRootViewController-->startExpandMotion event: 0, startTracking: false isClosing: false panelClosedOnDown: true
07-28 20:46:16.572  1940  2214 I SDM     : DRMPanelFeatureMgr::ApplyDirtyFeature: Commited panel feature [enabled]: 20-272
07-28 20:46:16.572  4900  4900 I SystemUi--QuickSettings: OplusQSRootViewController-->initialOffsetOnTouch: 0.0, panelClosedOnDown: true
07-28 20:46:16.572  4900  4900 I SystemUi--QuickSettings: OplusQSRootView-->disallowChildIntercept:false
07-28 20:46:16.572  1940  2214 I SDM     : DRMPanelFeatureMgr::ApplyDirtyFeature: Commited panel feature [enabled]: 8-271
07-28 20:46:16.572  4900  4900 I SystemUi--QuickSettings: OplusQSRootViewController-->startExpandMotion event: 0, startTracking: false isClosing: false panelClosedOnDown: true
07-28 20:46:16.572  4900  4900 I SystemUi--QuickSettings: OplusQSRootViewController-->initialOffsetOnTouch: 0.0, panelClosedOnDown: true
07-28 20:46:16.572  4900  4900 I SystemUi--QuickSettings: OplusQSRootViewController-->onTouchEvent() ACTION_DOWN, canSlideHToQSOnStatusBar:true, gestureWaitForTouchSlop:true, panelClosedOnDown:true, panelClosingOnDown:false, pointerIndex:0
07-28 20:46:16.573  3526  4546 I InputDispatcher: injectInputEvent: targetUid=<not set>, syncMode=WAIT_FOR_FINISHED, timeout=30000ms, policyFlags=0x8000000, event=MotionEvent { action=MOVE, id[0]=0, x[0]=900, y[0]=82.5332, eventTime=58346000000, downTime=58338000000, deviceId=4, source=TOUCHSCREEN, displayId=0, eventId=0xf68312b8}
07-28 20:46:16.573  3526  4839 I [UAH_CLIENT]: UahEventAcquire, cmdid:68, pkg:none, identity:OplusUAwareInputHelper
07-28 20:46:16.591  4900  4900 I SystemUi--QuickSettings: OplusQSRootViewController-->startExpandMotion event: 2, startTracking: true isClosing: false panelClosedOnDown: true
07-28 20:46:16.591  4900  4900 I SystemUi--QuickSettings: OplusQSRootViewController-->endClosing()
07-28 20:46:16.591  4900  4900 I SystemUi--QuickSettings: QSPanelExpandFraction-->updateFraction, stiffness=500.0, finalPosition=0.26266602
07-28 20:46:16.593  3526  4546 I InputDispatcher: injectInputEvent: targetUid=<not set>, syncMode=WAIT_FOR_FINISHED, timeout=30000ms, policyFlags=0x8000000, event=MotionEvent { action=MOVE, id[0]=0, x[0]=900, y[0]=213.866, eventTime=58366000000, downTime=58338000000, deviceId=4, source=TOUCHSCREEN, displayId=0, eventId=0xc64c8721}
07-28 20:46:16.593  3526  4446 D SystemGestures: detectSwipe: 1
07-28 20:46:16.604  2175  2175 D VRR-[OPlusRefreshRateSelector]: setCurrentModeId 4 type SA
07-28 20:46:16.604  2175  3134 D VRR [OTI-HW]: isStateReady 0
07-28 20:46:16.604  2175  3134 D VRR [OTI-HW]: keep rate.
07-28 20:46:16.605  3526  3657 I DisplayDeviceRepository: Display device changed render timings: "Built-in Screen", renderFrameRate=120.00001, presentationDeadlineNanos=11333333, appVsyncOffsetNanos=1000000
07-28 20:46:16.605  3526  3657 D LogicalDisplayExt: set displayInfo flag FLAG_ROTATES_WITH_CONTENT
07-28 20:46:16.605  3526  3657 D DisplayManagerServiceExtImpl: scheduleTraversalLocked intraversal=false
07-28 20:46:16.605  3526  3657 I DisplayManagerServiceExtImpl: handle logical display changed logicalDisplay=id=0,stack=0,content=true,displayInfo{stack=0,type=1,id=0,uId=local:4630946756802996883,state=ON,pkg=null}
07-28 20:46:16.606  3526  3657 D DisplayManagerService: Delivering display event: displayId=0, event=CHANGED
07-28 20:46:16.606  3526  3786 D BrightnessThermalClamper: Thermal status observer already started
07-28 20:46:16.606  3526  3786 D BrightnessPowerClamper: Power throttling data is missing for configuration data.
07-28 20:46:16.606  3526  3526 E OplusGestureAnimationManagerPolicy: mScreenHeight:2376 mScreenWidth:1080 mRotation:0
07-28 20:46:16.608  4900  4900 I SystemUi--QuickSettings: OplusQSRootViewController-->setQsVisible: true rawFraction:0.016276788
07-28 20:46:16.608  4900  4900 I SystemUi--QuickSettings: OplusQSRootViewController-->setListening: true
07-28 20:46:16.608  4900  4900 I SystemUi--QuickSettings: OplusLargeTileContainerViewController-->setListening listening=true
07-28 20:46:16.609  3526  3628 D OplusVFXScreenEffectFeature: notifySFCompatWindowStateChange entered false
07-28 20:46:16.609  4900  4900 I SystemUi--QuickSettings: QSBrightnessFactory-->setListening listening:true
07-28 20:46:16.609  2175  2357 D [PREVIEW]: SF obtain preview_adapter: 0
07-28 20:46:16.609  2175  2357 D [PREVIEW]: TabletPreviewAdapter::parallel world 0
07-28 20:46:16.609  4900  4900 I SystemUi--QuickSettings: OplusQsBrightnessSliderController-->setListening listening:true mView: com.oplus.systemui.plugins.qs.widget.OplusQsToggleSliderLayout{73fdf20 V.E...... ......ID 558,244-737,643 #7f0a09f0 app:id/qs_brightness_slider_layout alpha=0.0 viewInfo = } value:0
07-28 20:46:16.609  4900  4900 I SystemUi--QuickSettings: OplusQsVolumeSliderController-->updateVolumeSeekBarMaxProgress: isNeedUpdate=true, maxVolumeProgress=16000, seekBarMaxProgress=1600, isInit=false
07-28 20:46:16.609  4900  4900 I SystemUi--QuickSettings: OplusQsVolumeSliderController-->updateVolumeSeekBarProgress: isNeedUpdate=true, isAllowUpdate=true, volumeLevel=0, seekBarLevel=0, initialVolumeSliderProgress=0, initialSeekBarVolumeLevel=-1, progressUpdated=false
07-28 20:46:16.609  3526  3628 D FSS_FoldScreenBlackCoverController: displayChangeToOn, dc:Display{#0 state=ON size=1080x2376 ROTATION_0}
07-28 20:46:16.609  4900  4900 I SystemUi--QuickSettings: OplusQsVolumeSliderController-->updateDisableShowVolumeDialog: isQsListening=true
07-28 20:46:16.609  4900  4900 I SystemUi--Device_Panel: OplusQSMyDeviceContainerViewController-->setListening listening: true
07-28 20:46:16.609  4900  4900 I [DevicePlugin].SysUiPluginService.(main): setListening: isListening=true, _isSeparateMode=true
07-28 20:46:16.609  2164 11537 D AudioFlingerExtImpl: AudioFlingerExtImpl oplusSetParameters: keyvalue screen_state=on
07-28 20:46:16.609  2164 11537 D DeviceHalAidl: 0xb400007125c7c200 DeviceHalAidl::setParameters
07-28 20:46:16.609  2164 11537 D DeviceHalAidl: setParameters: parameters: "screen_state=on"
07-28 20:46:16.610  4900  4900 I [DevicePlugin].FixedSeparateModelPanel.(main): onCtrCenterShow
07-28 20:46:16.610  4900  4900 I [DevicePlugin].FixedSeparateModelPanel.(main): onResume
07-28 20:46:16.610  1890  4577 I PAL: ResourceManager: setParameter: 11480: Screen State:1
07-28 20:46:16.610  2164 11537 D DeviceHalAidl: 0xb400007125c7c800 DeviceHalAidl::setParameters
07-28 20:46:16.610  2164 11537 D DeviceHalAidl: setParameters: parameters: "screen_state=on"
07-28 20:46:16.610  3526  3657 D DisplayManagerService: MSG_REQUEST_TRAVERSAL pendingCompleted=false
07-28 20:46:16.610  1890  4577 D AHAL_Module: updateScreenState: usb: 1
07-28 20:46:16.610  4900  4900 I SystemUi--Common: NotificationShadeDepthC-->sceneFlag: 0x001, isStart = true, Current sceneFlags: 0x001
07-28 20:46:16.610  4900  4900 D NavigationBar: restrainNavigationBarInvertColor: true
07-28 20:46:16.610  4900  4900 D RegionSamplingHelper: animation scene, no need register sampling listener
07-28 20:46:16.610  2164 11537 D DeviceHalAidl: 0xb400007125c7ce00 DeviceHalAidl::setParameters
07-28 20:46:16.610  2164 11537 D DeviceHalAidl: setParameters: parameters: "screen_state=on"
07-28 20:46:16.611  1890  4577 D AHAL_Module: updateScreenState: r_submix: 1
07-28 20:46:16.611  2164 11537 D DeviceHalAidl: 0xb400007125c7d400 DeviceHalAidl::setParameters
07-28 20:46:16.611  2164 11537 D DeviceHalAidl: setParameters: parameters: "screen_state=on"
07-28 20:46:16.611  1890  4577 D AHAL_Module: updateScreenState: bluetooth: 1
07-28 20:46:16.611  2164 11537 D DeviceHalAidl: 0xb400007125c7da00 DeviceHalAidl::setParameters
07-28 20:46:16.611  2164 11537 D DeviceHalAidl: setParameters: parameters: "screen_state=on"
07-28 20:46:16.611  1890  3564 D AHAL_Module: updateScreenState: bluetooth: 1
07-28 20:46:16.611  2164 11537 D DeviceHalAidl: 0xb400007125c7e000 DeviceHalAidl::setParameters
07-28 20:46:16.611  2164 11537 D DeviceHalAidl: setParameters: parameters: "screen_state=on"
07-28 20:46:16.611  1890  4577 D AHAL_Module: updateScreenState: stub: 1
07-28 20:46:16.611  3526  3628 D DisplayManagerService: performTraversalInternal pendingTraversal
07-28 20:46:16.611  3526  3628 D DisplayDevice: setLayerStackLocked id=local:4630946756802996883 token=android.os.BinderProxy@24d788 stack=0->0
07-28 20:46:16.611  4900  4900 I SystemUi--Common: OplusShadeExpansionStat-->go state: CLOSED -> OPENING
07-28 20:46:16.611  4900  4900 I SystemUi--Common: OplusShadeExpansionStat-->go state: CLOSED -> OPENING
07-28 20:46:16.611  4900  4900 I SystemUi--Notification: OplusHeadsUpNotificationViewBinder-->isVisibility: true
07-28 20:46:16.611  4900  4900 I SystemUi--Keyguard: ScrimControllerExImp-->blur State to UNLOCK, bouncer=false changeFromBouncerScrim= false runnerUnlock= false goingAway=false hasHandle=true isOccludeAnimationPlaying=false
07-28 20:46:16.611  3526  4546 I InputDispatcher: injectInputEvent: targetUid=<not set>, syncMode=WAIT_FOR_FINISHED, timeout=30000ms, policyFlags=0x8000000, event=MotionEvent { action=MOVE, id[0]=0, x[0]=900, y[0]=338.634, eventTime=58385000000, downTime=58338000000, deviceId=4, source=TOUCHSCREEN, displayId=0, eventId=0xc72e105c}
07-28 20:46:16.611  4900  4900 I SystemUi--Common: PlatformBlurManagerImpl-->setPlatformBlurMode: blurMode=AUTO(blurFrequency=2)
07-28 20:46:16.611  4900  4900 I SystemUi--Common: PlatformBlurManagerImpl-->updateMotionFrequency: isExpanding=true
07-28 20:46:16.611  4900  5728 D Tile.CustomTile.OshareTileService: refreshState: tile not listening, ignore
07-28 20:46:16.611  4900  5728 D TileStateController: bindAppWhenListening: false ComponentInfo{com.coloros.oshare/com.oplus.oshare.OshareTileService}
07-28 20:46:16.612  4900  5728 I SystemUi--QuickSettings: Tile.CustomTile.OshareTileService-->bindServiceWhenListening: false when isOplusQsTile
07-28 20:46:16.612  4900  5728 D Tile.CustomTile.OshareTileService: refreshState: tile not listening, ignore
07-28 20:46:16.612  4900  4900 I SystemUi--Notification: OplusNotificationShadeWindowControllerExImpl-->isExpanded: isPowerBlock=false ,isErrorFpTouchWhenScreenOff=false ,qsPanelVisible=false, isAodMaskShow=false
07-28 20:46:16.612  4900  4900 I SystemUi--Notification: OplusNotificationShadeWindowControllerExImpl-->SHADE_FOCUSABLE-->mNotificationShadeFocusable= false, mPanelExpanded= false, mBouncerShowing= false, mKeyguardShowing= false, mKeyguardOccluded= false, mKeyguardNeedsInput= false, ENABLE_REMOTE_INPUT= true, mRemoteInputActive= false, layoutFlags= -2130444216
07-28 20:46:16.612  4900  6019 D [DevicePlugin].DataInterfaceImp.(DefaultDispatcher-worker-4): safeCall, method:panel_state
07-28 20:46:16.612  4900  4900 I SystemUi--Notification: OplusNotificationShadeWindowControllerExImpl-->SHADE_VISIBLE-->mKeyguardShowing= false, mKeyguardOccluded= false, mPanelVisible= false, mKeyguardFadingAway= false, mKeyguardGoingAway= false, mBouncerShowing= false, mScrimsVisibility= 1, mBackgroundBlurRadius= 0, mForcePluginOpen= false, mediaBackdropShowing= false, viewVisibility= true, qsBlurFraction= 0.016276788, panelBlurFraction= 0.0
07-28 20:46:16.612  4900  5728 D TileStateController: setListening listening: true component: ComponentInfo{com.oplus.eyeprotect/com.oplus.eyeprotect.services.EyeProtectTileService} userContext: com.android.systemui.SystemUIApplication@a4973f2
07-28 20:46:16.612  4900  4900 D UXUtils : notifyUiSwitched: 1
07-28 20:46:16.612  3526  3719 I UserAwareMgr: handleTopAppChanged: com.android.systemui, pid: 4900, uid: 10218
07-28 20:46:16.612  4900  5972 I SystemUi--Keyguard: OnScreenFingerprintUiMech-->hideFingerprintIconTemporarily for reason: panel expaned ShowForEnroll false mPendingHide false
07-28 20:46:16.613  4900  4900 I SystemUi--Notification: ScrimControllerExImp-->[onQsBottomVisibleChanged] qsBottomVisible=true
07-28 20:46:16.613  4900  4900 I SystemUi--Common: PlatformBlurManagerImpl-->resumeBlur: updatePlatformBlurState(updatePanelBlurState): shouldBlur, isKeyguardVisible=false, isKeyguardFadingAway=false, isPanelVisible=true, isShadeLock=false.
07-28 20:46:16.613  4900  4900 I SystemUi--Common: PlatformBlurManagerImpl-->forceStopMotionBlur: stop=false
07-28 20:46:16.613  4900  4900 I SystemUi--Keyguard: ScrimControllerExImp-->blur State to UNLOCK, bouncer=false changeFromBouncerScrim= false runnerUnlock= false goingAway=false hasHandle=true isOccludeAnimationPlaying=false
07-28 20:46:16.613  4900  4900 I SystemUi--Statusbar: PrivacyDotViewController-->scheduleUpdate: 
07-28 20:46:16.613  6536  6536 E oiface  : sched_setaffinity failed
07-28 20:46:16.614  4900  4900 I SystemUi--Statusbar: PrivacyDotViewController-->needShow false
07-28 20:46:16.614  4900  4900 I SystemUi--Statusbar: PrivacyDotViewController-->scheduleUpdate: 
07-28 20:46:16.614  3526  4953 I VibratorManagerServiceExtImpl: cancelVibrate uid=1000, pid=3526, usageFilter=-15, token=207864434
07-28 20:46:16.614  4900  4900 I SystemUi--Notification: OplusNotificationShadeWindowControllerExImpl-->SHADE_FOCUSABLE-->mNotificationShadeFocusable= true, mPanelExpanded= false, mBouncerShowing= false, mKeyguardShowing= false, mKeyguardOccluded= false, mKeyguardNeedsInput= false, ENABLE_REMOTE_INPUT= true, mRemoteInputActive= false, layoutFlags= -2130444216
07-28 20:46:16.614  4900  4900 I SystemUi--Notification: OplusNotificationShadeWindowControllerExImpl-->SHADE_VISIBLE-->mKeyguardShowing= false, mKeyguardOccluded= false, mPanelVisible= false, mKeyguardFadingAway= false, mKeyguardGoingAway= false, mBouncerShowing= false, mScrimsVisibility= 1, mBackgroundBlurRadius= 0, mForcePluginOpen= false, mediaBackdropShowing= false, viewVisibility= true, qsBlurFraction= 0.016276788, panelBlurFraction= 0.0
07-28 20:46:16.614  4900  4900 I SystemUi--QuickSettings: BackActionInteractor-->registerBackCallback true
07-28 20:46:16.614  7447  7468 I mydevices[core].ProviderCallProcessor: (binder:7447_3)method: panel_state; arg: panel_resume
07-28 20:46:16.614  7447  7468 I mydevices[core].ControlCenterManager: (binder:7447_3)onPanelShow
07-28 20:46:16.615  2041  2085 I gameoptHal: targetfps updated 6 -- 120
07-28 20:46:16.615  3526  4953 D CoreBackPreview: Window{ae27183 u0 NotificationShade}: Setting back callback OnBackInvokedCallbackInfo{mCallback=android.window.IOnBackInvokedCallback$Stub$Proxy@1e4b6c3, mPriority=0, mIsAnimationCallback=false}
07-28 20:46:16.615  4900  4900 I SystemUi--QuickSettings: OplusSeparateQSManager-->updateSeparateQSExpandState recomputeDisableFlags
07-28 20:46:16.615  4900  4900 I SystemUi--Statusbar: CollapsedSbFragment-->New visibilities calculated internally. StatusBarVisibilityModel(showClock: false showNotificationIcons:false showOngoingActivityChip:false showSystemInfo:false ) 
07-28 20:46:16.615  4900  4900 I SystemUi--Statusbar: CollapsedStatusBarFragmentExImpl-->animate: true, unlockAnimationRunning: false, fadingAway: false, keyguard: false
07-28 20:46:16.615  4900  5162 I [UAH_CLIENT]: UahEventAcquire, cmdid:413, pkg:none, identity:OsenseHelperImpl
07-28 20:46:16.615  4900  4900 I SystemUi--Statusbar: CollapsedStatusBarFragmentExImpl-->StatusBarVisibilityModelEx: StatusBarVisibilityModelEx(showClock: false showPromptView:false showOngoingCallChip:false showNotificationContainer:false showOperatorName:false showSeedlingContainer:false ), animate: true
07-28 20:46:16.615  1730  1777 E TetherController: property_get sys.radio.data.modem_share_flag return 0, 1!
07-28 20:46:16.616  4900  4900 I SystemUi--Keyguard: KeyguardRapidUnlockUtils-->composeKeyguard show=true, reason=applyVisibility_show
07-28 20:46:16.618  4900  5853 D UXUtils : setHasTopUi: true; stack: com.oplus.systemui.shade.OplusNotificationShadeWindowControllerExImpl$uxFlagUpdateRunnable$1.run:12
07-28 20:46:16.618  4900  5728 D Tile.CustomTile.EyeProtectTileService: refreshState: tile not listening, ignore
07-28 20:46:16.618  4900  5728 D TileStateController: bindAppWhenListening: false ComponentInfo{com.oplus.eyeprotect/com.oplus.eyeprotect.services.EyeProtectTileService}
07-28 20:46:16.618  4900  5728 I SystemUi--QuickSettings: Tile.CustomTile.EyeProtectTileService-->bindServiceWhenListening: false when isOplusQsTile
07-28 20:46:16.618  4900  5728 D Tile.CustomTile.EyeProtectTileService: refreshState: tile not listening, ignore
07-28 20:46:16.618  4900  5728 D Tile.CustomTile.PowerSaveTileService: refreshState: tile not listening, ignore
07-28 20:46:16.618  4900  5728 I SystemUi--QuickSettings: Tile.CustomTile.PowerSaveTileService-->bindServiceWhenListening: true as default
07-28 20:46:16.618  4900  6019 D [DevicePlugin].DataInterfaceImp.(DefaultDispatcher-worker-4): safeCall, method:getPanelDeviceList
07-28 20:46:16.618  7447  8580 I mydevices[core].CardsProxyManager: (DefaultDispatcher-worker-3)resume cards: [], visibleCount: 0, showPosition: 4
07-28 20:46:16.618  4900  7280 D OplusTileControllerPlugin: onSettingsStateChange: 1, componentName: ComponentInfo{com.oplus.eyeprotect/com.oplus.eyeprotect.services.EyeProtectTileService}
07-28 20:46:16.618  7447  8580 I mydevices[core].CardsProxyManager: (DefaultDispatcher-worker-3)notify cards size : 0, code = 1
07-28 20:46:16.618  7447  8580 I mydevices[core].CardsProxyManager: (DefaultDispatcher-worker-3)current cards is empty, no need to call the event
07-28 20:46:16.619  7447  7468 I mydevices[core].ProviderCallProcessor: (binder:7447_3)method: getPanelDeviceList; arg: 
07-28 20:46:16.619  7447  8580 I mydevices[core].OPSynergyScannerImpl: (DefaultDispatcher-worker-3)reScan
07-28 20:46:16.619  4900  4900 I SystemUi--Keyguard: KeyguardGlideTipView-->hideTips reason=hideGlideTipImmediateWithQsExpandingOrOplusKeyguardLoadOrGotoNtfCapsule withAnimator=true delayType=2
07-28 20:46:16.619  7447  8580 D OplusLog_DeviceKit_com.heytap.mydevices: [SynergyDeviceManager-69562351] isServiceBound
07-28 20:46:16.619  7447  8580 D OplusLog_DeviceKit_com.heytap.mydevices: [OpDeviceServiceClient-69562351] isServiceBound: null
07-28 20:46:16.619  7447  8580 I mydevices[core].CoreOpDeviceAction: (DefaultDispatcher-worker-3)isServiceBind: isBind: false
07-28 20:46:16.619  7447  8580 I mydevices[core].OPSynergyScannerImpl: (DefaultDispatcher-worker-3)getOpDeviceList
07-28 20:46:16.619  4900  4900 I SystemUi--Keyguard: KeyguardGlideTipView-->cancelBreathAnimation-isBreathAnimationRunning=false
07-28 20:46:16.619  4900  4900 I SystemUi--Keyguard: KeyguardAffordanceTipsView-->hideTips reason=QsExpandingOrOplusKeyguardLoadOrGotoNtfCapsule withAnimator=true delayType=2
07-28 20:46:16.619  7447  8580 D OplusLog_DeviceKit_com.heytap.mydevices: [SynergyDeviceManager-69562351] getDeviceList: com.heytap.mydevices.core.action.CoreOpDeviceAction$d@b7ee38a
07-28 20:46:16.619  7447  8580 D OplusLog_DeviceKit_com.heytap.mydevices: [OpDeviceServiceClient-69562351] settings_opsynergy_has_device: 0
07-28 20:46:16.619  4900  5728 D TileStateController: setListening listening: true component: ComponentInfo{com.oplus.linker/com.oplus.linker.synergy.service.TVTileService} userContext: com.android.systemui.SystemUIApplication@a4973f2
07-28 20:46:16.619  4694  4694 D CastManagerService: onDisplayChanged.
07-28 20:46:16.619  7447  8580 D OplusLog_DeviceKit_com.heytap.mydevices: [SynergyDeviceManager-69562351] getDeviceList result: com.heytap.mydevices.core.action.CoreOpDeviceAction$d@b7ee38a, success: true, devices: []
07-28 20:46:16.619  7447  8580 I mydevices[core].CoreOpDeviceAction: (DefaultDispatcher-worker-3)device input: []
07-28 20:46:16.619  7447  8580 I mydevices[core].OPSynergyScannerImpl: (DefaultDispatcher-worker-3)getOpDeviceList, onResult
07-28 20:46:16.619  7447  7468 I mydevices[core].ControlCenterManager: (binder:7447_3)response data:DeviceSpaceInfo(version=2, panelDevices=[])
07-28 20:46:16.620  7447  7468 I mydevices[core].DeviceMainPageEvent: (binder:7447_3)uploadDeviceNumTypeName list empty
07-28 20:46:16.620  4900  5728 D Tile.CustomTile.TVTileService: refreshState: tile not listening, ignore
07-28 20:46:16.620  4900  5728 D TileStateController: bindAppWhenListening: false ComponentInfo{com.oplus.linker/com.oplus.linker.synergy.service.TVTileService}
07-28 20:46:16.620  4900  5728 I SystemUi--QuickSettings: Tile.CustomTile.TVTileService-->bindServiceWhenListening: false when isOplusQsTile
07-28 20:46:16.620  4900  5728 D Tile.CustomTile.TVTileService: refreshState: tile not listening, ignore
07-28 20:46:16.620  4900  7280 D OplusTileControllerPlugin: onSettingsStateChange: 1, componentName: ComponentInfo{com.oplus.linker/com.oplus.linker.synergy.service.TVTileService}
07-28 20:46:16.620  4900  5097 D RegionSamplingHelper =:    mCompositionSamplingListener.unregister
07-28 20:46:16.620  2175  2357 I BpBinder: onLastStrongRef automatically unlinking death recipients: 
07-28 20:46:16.620  4900  5728 D Tile.CustomTile.WindowsLinkTileService: refreshState: tile not listening, ignore
07-28 20:46:16.620  4900  5728 D TileStateController: bindAppWhenListening: false ComponentInfo{com.microsoft.appmanager/com.microsoft.appmanager.quicksettings.WindowsLinkTileService}
07-28 20:46:16.620  4900  5728 I SystemUi--QuickSettings: Tile.CustomTile.WindowsLinkTileService-->bindServiceWhenListening: false when isActiveTile && isTileReady
07-28 20:46:16.620  4900  5097 I NotificationShadeWindowController: stop Pending key thread event (apply)
07-28 20:46:16.621  4900  5728 D Tile.CustomTile.WirelessReverseControService: refreshState: tile not listening, ignore
07-28 20:46:16.621  4900  5728 I SystemUi--QuickSettings: Tile.CustomTile.WirelessReverseControService-->bindServiceWhenListening: true as default
07-28 20:46:16.621  4900  5728 D TileStateController: updateCurrentStateIsNotDirty component:ComponentInfo{com.oplus.eyeprotect/com.oplus.eyeprotect.services.EyeProtectTileService}
07-28 20:46:16.621  4900  5728 D TileStateController: updateCurrentStateIsNotDirty component:ComponentInfo{com.oplus.linker/com.oplus.linker.synergy.service.TVTileService}
07-28 20:46:16.621  4900  4900 D ViewRootImplExtImpl: wrapConfigInfoIntoFlags rotation=0, smallestScreenWidthDp=0, residentWS=false, scenario=0, bounds=Rect(0, 0 - 1080, 2376), relayoutAsync=false, flags=1, newFlags=1245708289, title=NotificationShade
07-28 20:46:16.621  3526  6953 D WindowManagerServiceExtImpl: extractConfigInfoAndRealFlags rotation=0, screenDp=0, residentWS:0, scenario:0, bounds:2376, serverWinBounds:Rect(0, 0 - 1080, 2376), win=Window{ae27183 u0 NotificationShade}
07-28 20:46:16.621  3526  6953 V WindowManager: Relayout Window{ae27183 u0 NotificationShade}: viewVisibility=0, oldvis=4, req=1080x2376, vsysui=, x=0, y=0
07-28 20:46:16.621  3526  6953 I WindowManager: Window{ae27183 u0 NotificationShade} state from NO_SURFACE to DRAW_PENDING; reason: resetDrawState
07-28 20:46:16.621  2175  2357 D OplusLayer: setProcInfo (134,NotificationShade#134,com.android.systemui,0x4578D52F)
07-28 20:46:16.622  3526  6953 D QuickBackInputPolicy: hasMultiChildrenInTask: false
07-28 20:46:16.622  3526  6953 D WindowManager: NFW_findFocusedWindowIfNeeded:Window{b896d01 u0 com.android.launcher/com.android.launcher.Launcher} mCurrentFocus:Window{b896d01 u0 com.android.launcher/com.android.launcher.Launcher}
07-28 20:46:16.623  6550  6550 W Battery : PowerSaveTileService: onCreate
07-28 20:46:16.623  4900  4900 W VRI[NotificationShade]: updateBlastSurfaceIfNeeded, surfaceSize:Point(1080, 2376), lastSurfaceSize:Point(1080, 2376), format:-3, blastBufferQueue:null
07-28 20:46:16.623  4900  4900 D BufferQueueConsumer: [](id:132400000009,api:0,p:-1,c:4900) connect: controlledByApp=false
07-28 20:46:16.624  4900  6019 I [DevicePlugin].DevicePanelPresenter.(DefaultDispatcher-worker-4): response code:30001; panelInfo:PanelInfo(panelState=DEVICE_HOME, panelDevices=[]), pluginVersion: 2
07-28 20:46:16.624  4900  6019 I [DevicePlugin].FixedSeparateModelPanel.(DefaultDispatcher-worker-4): onPanelInfoChanged
07-28 20:46:16.624  4900  6019 I [DevicePlugin].FixedSeparateModelPanel.(DefaultDispatcher-worker-4): updateView: panelState=DEVICE_HOME, panelDevices.size=0
07-28 20:46:16.624  4900  4900 I SystemUi--Keyguard: KeyguardEngineContainer-->onConfigurationChanged, locale = en-US,zh-CN, mLastLocale= en-US,zh-CN
07-28 20:46:16.624  4900  4900 I SystemUi--Keyguard: KeyguardEngineContainer-->onConfigurationChanged. font = 0, mLastFlipFont = 0, density = 480, mDensity = 480
07-28 20:46:16.624  4900  4900 I SystemUi--Keyguard: KeyguardPluginManager-->maybeReloadNormalKeyguard, uses default LockScreen
07-28 20:46:16.625  4900  4900 E ndroid.systemui: No package ID ff found for resource ID 0xffffffff.
07-28 20:46:16.625  4900  4900 E ndroid.systemui: No package ID ff found for resource ID 0xffffffff.
07-28 20:46:16.625  4900  4900 E ndroid.systemui: No package ID ff found for resource ID 0xffffffff.
07-28 20:46:16.625  4900  4900 E ThemeUtils: View class com.oplus.systemui.keyguard.view.GeneralFontVariationTextView is an AppCompat widget that can only be used with a Theme.AppCompat theme (or descendant).
07-28 20:46:16.626  4900  4900 E ThemeUtils: View class com.oplus.systemui.keyguard.view.GeneralFontVariationTextView is an AppCompat widget that can only be used with a Theme.AppCompat theme (or descendant).
07-28 20:46:16.626  4900  4900 I SystemUi--Keyguard: PictorialAppInfo-->isShowPictorialTipDevice true,bottomMargin=611
07-28 20:46:16.626  4900  4900 I SystemUi--Keyguard: PictorialFunctionContainer-->onWallpaperChange info is null or local or engine
07-28 20:46:16.626  4900  4900 I SystemUi--Keyguard: PictorialAppInfo-->isShowPictorialTipDevice true,bottomMargin=611
07-28 20:46:16.626  4900  4900 I SystemUi--Keyguard: PictorialAppInfo-->isShowPictorialTipDevice true,bottomMargin=611
07-28 20:46:16.626  4900  4900 I SystemUi--Notification: NotificationsQSContainerController-->onWindowConfigurationChange: splitShadeEnabled=false
07-28 20:46:16.626  4900  4900 I SystemUi--Notification: NotificationsQSContainerController-->updateResources: splitShadeEnabled=false, newSplitShadeEnabled=false
07-28 20:46:16.626  4900  6420 D Tile.CustomTile.PowerSaveTileService: refreshState: tile not listening, ignore
07-28 20:46:16.627  4900  6420 D Tile.CustomTile.WirelessReverseControService: refreshState: tile not listening, ignore
07-28 20:46:16.627  4900  4900 I SystemUi--Notification: OplusQSSimpleHeader-->shouldClick: true, isInSuperPowerSaveMode: false, isInWellBeingAssistantMode: false
07-28 20:46:16.627  4900  4900 I SystemUi--Notification: OplusQSSimpleHeader-->updateMarginTop, reason: configChange, newMarginTop: 102 currentMarginTop 102
07-28 20:46:16.628  4900  4900 I SystemUi--QuickSettings: OplusQuickStatusBarHeader-->[onConfigurationChanged] updateResources end, start call listener
07-28 20:46:16.630  4900  4900 I SystemUi--QuickSettings: OplusQuickStatusBarHeader-->[onConfigurationChanged] updateResources end, start call listener
07-28 20:46:16.630  4900  4900 I SystemUi--QuickSettings: OplusQSHighlightTileViewImpl-->updateIconViewSize mTileCanTips=true
07-28 20:46:16.631  4900  4900 I SystemUi--QuickSettings: OplusQSHighlightTileViewImpl-->updateIconViewSize mTileCanTips=true
07-28 20:46:16.632  4900  4900 I SystemUi--QuickSettings: OplusQsToggleSliderTouchExt-->getRealSize point: Point(1080, 2376) realScreenWidth: 1080 realScreenHeight: 2376
07-28 20:46:16.632  4900  4900 I SystemUi--QuickSettings: OplusQsToggleSliderLayout-->updateRadius radius= 57.815125, roundParams= OplusRoundParams(radiusDp=15.2, radius=45.6, weight=1.1, isCircle=false), isDefaultVolumeTheme = true
07-28 20:46:16.632  4900  4900 I COUIVerticalSeekBar: COUIVerticalSeekBar ensureSize : mIsProgressFull:true,mBackgroundRadius:45.6,mBackgroundWidth:179.0,mBackgroundEnlargeScale1.0,mProgressRadius:45.6,mProgressWidth:179.0,mProgressEnlargeScale1.0,mPaddingVertical45.6
07-28 20:46:16.632  4900  4900 I COUIVerticalSeekBar: updateBehavior * normalSeekBarHeight = 309,mPaddingVertical = 45.6,mIsPhysicsEnable = true,mPhysicalAnimator = null,mFlingBehavior = null,Thread_name = main,hashCode = 18517368,time = 1753749976632,stackChain = com.coui.appcompat.seekbar.COUIVerticalSeekBar.updateBehavior$1:14 com.coui.appcompat.seekbar.COUIVerticalSeekBar.ensureSize$1:182 com.coui.appcompat.seekbar.COUIVerticalSeekBar.setBackgroundRadius:3 com.oplus.systemui.qs.base.seek.OplusQsBaseToggleSliderLayout.updateRadius:60 
07-28 20:46:16.632  4900  4900 I COUIVerticalSeekBar: setPaddingVertical * paddingVertical = 45.6,hashCode = 18517368,time = 1753749976632
07-28 20:46:16.632  4900  4900 I COUIVerticalSeekBar: COUIVerticalSeekBar ensureSize : mIsProgressFull:true,mBackgroundRadius:45.6,mBackgroundWidth:179.0,mBackgroundEnlargeScale1.0,mProgressRadius:45.6,mProgressWidth:179.0,mProgressEnlargeScale1.0,mPaddingVertical45.6
07-28 20:46:16.632  4900  4900 I COUIVerticalSeekBar: updateBehavior * normalSeekBarHeight = 309,mPaddingVertical = 45.6,mIsPhysicsEnable = true,mPhysicalAnimator = null,mFlingBehavior = null,Thread_name = main,hashCode = 18517368,time = 1753749976632,stackChain = com.coui.appcompat.seekbar.COUIVerticalSeekBar.updateBehavior$1:14 com.coui.appcompat.seekbar.COUIVerticalSeekBar.ensureSize$1:182 com.coui.appcompat.seekbar.COUIVerticalSeekBar.setPaddingVertical:59 com.oplus.systemui.qs.base.seek.OplusQsBaseToggleSliderLayout.updateRadius:74 
07-28 20:46:16.632  4900  4900 I SystemUi--QuickSettings: OplusQsToggleSliderTouchExt-->getRealSize point: Point(1080, 2376) realScreenWidth: 1080 realScreenHeight: 2376
07-28 20:46:16.632  4900  4900 I SystemUi--QuickSettings: OplusQsToggleSliderLayout-->updateRadius radius= 57.815125, roundParams= OplusRoundParams(radiusDp=15.2, radius=45.6, weight=1.1, isCircle=false), isDefaultVolumeTheme = true
07-28 20:46:16.632  4900  4900 I COUIVerticalSeekBar: COUIVerticalSeekBar ensureSize : mIsProgressFull:true,mBackgroundRadius:45.6,mBackgroundWidth:179.0,mBackgroundEnlargeScale1.0,mProgressRadius:45.6,mProgressWidth:179.0,mProgressEnlargeScale1.0,mPaddingVertical45.6
07-28 20:46:16.632  4900  4900 I COUIVerticalSeekBar: updateBehavior * normalSeekBarHeight = 309,mPaddingVertical = 45.6,mIsPhysicsEnable = true,mPhysicalAnimator = null,mFlingBehavior = null,Thread_name = main,hashCode = 190682000,time = 1753749976632,stackChain = com.coui.appcompat.seekbar.COUIVerticalSeekBar.updateBehavior$1:14 com.coui.appcompat.seekbar.COUIVerticalSeekBar.ensureSize$1:182 com.coui.appcompat.seekbar.COUIVerticalSeekBar.setBackgroundRadius:3 com.oplus.systemui.qs.base.seek.OplusQsBaseToggleSliderLayout.updateRadius:60 
07-28 20:46:16.632  4900  4900 I COUIVerticalSeekBar: setPaddingVertical * paddingVertical = 45.6,hashCode = 190682000,time = 1753749976632
07-28 20:46:16.632  4900  4900 I COUIVerticalSeekBar: COUIVerticalSeekBar ensureSize : mIsProgressFull:true,mBackgroundRadius:45.6,mBackgroundWidth:179.0,mBackgroundEnlargeScale1.0,mProgressRadius:45.6,mProgressWidth:179.0,mProgressEnlargeScale1.0,mPaddingVertical45.6
07-28 20:46:16.632  4900  4900 I COUIVerticalSeekBar: updateBehavior * normalSeekBarHeight = 309,mPaddingVertical = 45.6,mIsPhysicsEnable = true,mPhysicalAnimator = null,mFlingBehavior = null,Thread_name = main,hashCode = 190682000,time = 1753749976632,stackChain = com.coui.appcompat.seekbar.COUIVerticalSeekBar.updateBehavior$1:14 com.coui.appcompat.seekbar.COUIVerticalSeekBar.ensureSize$1:182 com.coui.appcompat.seekbar.COUIVerticalSeekBar.setPaddingVertical:59 com.oplus.systemui.qs.base.seek.OplusQsBaseToggleSliderLayout.updateRadius:74 
07-28 20:46:16.632  4900  4900 I [DevicePlugin].NoDeviceEntranceCardView.(main): onConfigurationChanged
07-28 20:46:16.632  4900  4900 I [DevicePlugin].PlatformUtils.(main): isLowGaussianLevel: DEBUG_LEVEL = -1, ANIM_LEVEL = 1
07-28 20:46:16.632  4900  4900 I [DevicePlugin].PlatformUtils.(main): isGlobalThemeApplied: isGlobalTheme=false
07-28 20:46:16.632  4900  4900 I [DevicePlugin].PlatformUtils.(main): isBlurEnable: enable=true
07-28 20:46:16.632  4900  4900 I [DevicePlugin].PlatformUtils.(main): isGlobalThemeApplied: isGlobalTheme=false
07-28 20:46:16.632  4900  4900 I [DevicePlugin].PlatformUtils.(main): isLightOsGaussianLevel: DEBUG_LEVEL = -1, ANIM_LEVEL = 1
07-28 20:46:16.632  4900  4900 I [DevicePlugin].PlatformUtils.(main): isLightBlurEnable: enable=false
07-28 20:46:16.632  4900  4900 I [DevicePlugin].RectangleDeviceCardView.(main): onConfigurationChanged
07-28 20:46:16.632  4900  4900 I [DevicePlugin].PlatformUtils.(main): isLowGaussianLevel: DEBUG_LEVEL = -1, ANIM_LEVEL = 1
07-28 20:46:16.632  4900  4900 I [DevicePlugin].PlatformUtils.(main): isGlobalThemeApplied: isGlobalTheme=false
07-28 20:46:16.632  4900  4900 I [DevicePlugin].PlatformUtils.(main): isBlurEnable: enable=true
07-28 20:46:16.632  4900  4900 I [DevicePlugin].PlatformUtils.(main): isGlobalThemeApplied: isGlobalTheme=false
07-28 20:46:16.632  4900  4900 I [DevicePlugin].PlatformUtils.(main): isLightOsGaussianLevel: DEBUG_LEVEL = -1, ANIM_LEVEL = 1
07-28 20:46:16.632  4900  4900 I [DevicePlugin].PlatformUtils.(main): isLightBlurEnable: enable=false
07-28 20:46:16.632  4900  4900 I [DevicePlugin].RectangleEntranceCardView.(main): onConfigurationChanged
07-28 20:46:16.632  4900  4900 I [DevicePlugin].PlatformUtils.(main): isLowGaussianLevel: DEBUG_LEVEL = -1, ANIM_LEVEL = 1
07-28 20:46:16.632  4900  4900 I [DevicePlugin].PlatformUtils.(main): isGlobalThemeApplied: isGlobalTheme=false
07-28 20:46:16.632  4900  4900 I [DevicePlugin].PlatformUtils.(main): isBlurEnable: enable=true
07-28 20:46:16.632  4900  4900 I [DevicePlugin].PlatformUtils.(main): isGlobalThemeApplied: isGlobalTheme=false
07-28 20:46:16.632  4900  4900 I [DevicePlugin].PlatformUtils.(main): isLightOsGaussianLevel: DEBUG_LEVEL = -1, ANIM_LEVEL = 1
07-28 20:46:16.632  4900  4900 I [DevicePlugin].PlatformUtils.(main): isLightBlurEnable: enable=false
07-28 20:46:16.632  4900  4900 I [DevicePlugin].RectangleDeviceCardView.(main): onConfigurationChanged
07-28 20:46:16.632  4900  4900 I [DevicePlugin].PlatformUtils.(main): isLowGaussianLevel: DEBUG_LEVEL = -1, ANIM_LEVEL = 1
07-28 20:46:16.632  4900  4900 I [DevicePlugin].PlatformUtils.(main): isGlobalThemeApplied: isGlobalTheme=false
07-28 20:46:16.632  4900  4900 I [DevicePlugin].PlatformUtils.(main): isBlurEnable: enable=true
07-28 20:46:16.632  4900  4900 I [DevicePlugin].PlatformUtils.(main): isGlobalThemeApplied: isGlobalTheme=false
07-28 20:46:16.632  4900  4900 I [DevicePlugin].PlatformUtils.(main): isLightOsGaussianLevel: DEBUG_LEVEL = -1, ANIM_LEVEL = 1
07-28 20:46:16.632  4900  4900 I [DevicePlugin].PlatformUtils.(main): isLightBlurEnable: enable=false
07-28 20:46:16.632  4900  4900 I [DevicePlugin].SquareDeviceCardView.(main): onConfigurationChanged
07-28 20:46:16.632  4900  4900 I [DevicePlugin].PlatformUtils.(main): isLowGaussianLevel: DEBUG_LEVEL = -1, ANIM_LEVEL = 1
07-28 20:46:16.632  4900  4900 I [DevicePlugin].PlatformUtils.(main): isGlobalThemeApplied: isGlobalTheme=false
07-28 20:46:16.632  4900  4900 I [DevicePlugin].PlatformUtils.(main): isBlurEnable: enable=true
07-28 20:46:16.632  4900  4900 I [DevicePlugin].PlatformUtils.(main): isGlobalThemeApplied: isGlobalTheme=false
07-28 20:46:16.632  4900  4900 I [DevicePlugin].PlatformUtils.(main): isLightOsGaussianLevel: DEBUG_LEVEL = -1, ANIM_LEVEL = 1
07-28 20:46:16.632  4900  4900 I [DevicePlugin].PlatformUtils.(main): isLightBlurEnable: enable=false
07-28 20:46:16.632  4900  4900 I [DevicePlugin].SquareEntranceCardView.(main): onConfigurationChanged
07-28 20:46:16.632  4900  4900 I [DevicePlugin].PlatformUtils.(main): isLowGaussianLevel: DEBUG_LEVEL = -1, ANIM_LEVEL = 1
07-28 20:46:16.632  4900  4900 I [DevicePlugin].PlatformUtils.(main): isGlobalThemeApplied: isGlobalTheme=false
07-28 20:46:16.632  4900  4900 I [DevicePlugin].PlatformUtils.(main): isBlurEnable: enable=true
07-28 20:46:16.632  4900  4900 I [DevicePlugin].PlatformUtils.(main): isGlobalThemeApplied: isGlobalTheme=false
07-28 20:46:16.632  4900  4900 I [DevicePlugin].PlatformUtils.(main): isLightOsGaussianLevel: DEBUG_LEVEL = -1, ANIM_LEVEL = 1
07-28 20:46:16.632  4900  4900 I [DevicePlugin].PlatformUtils.(main): isLightBlurEnable: enable=false
07-28 20:46:16.632  4900  4900 I [DevicePlugin].SquareDeviceCardView.(main): onConfigurationChanged
07-28 20:46:16.632  4900  4900 I [DevicePlugin].PlatformUtils.(main): isLowGaussianLevel: DEBUG_LEVEL = -1, ANIM_LEVEL = 1
07-28 20:46:16.632  4900  4900 I [DevicePlugin].PlatformUtils.(main): isGlobalThemeApplied: isGlobalTheme=false
07-28 20:46:16.632  4900  4900 I [DevicePlugin].PlatformUtils.(main): isBlurEnable: enable=true
07-28 20:46:16.632  4900  4900 I [DevicePlugin].PlatformUtils.(main): isGlobalThemeApplied: isGlobalTheme=false
07-28 20:46:16.632  4900  4900 I [DevicePlugin].PlatformUtils.(main): isLightOsGaussianLevel: DEBUG_LEVEL = -1, ANIM_LEVEL = 1
07-28 20:46:16.632  4900  4900 I [DevicePlugin].PlatformUtils.(main): isLightBlurEnable: enable=false
07-28 20:46:16.632  4900  4900 I [DevicePlugin].SquareDeviceCardView.(main): onConfigurationChanged
07-28 20:46:16.632  4900  4900 I [DevicePlugin].PlatformUtils.(main): isLowGaussianLevel: DEBUG_LEVEL = -1, ANIM_LEVEL = 1
07-28 20:46:16.632  4900  4900 I [DevicePlugin].PlatformUtils.(main): isGlobalThemeApplied: isGlobalTheme=false
07-28 20:46:16.632  4900  4900 I [DevicePlugin].PlatformUtils.(main): isBlurEnable: enable=true
07-28 20:46:16.632  4900  4900 I [DevicePlugin].PlatformUtils.(main): isGlobalThemeApplied: isGlobalTheme=false
07-28 20:46:16.632  4900  4900 I [DevicePlugin].PlatformUtils.(main): isLightOsGaussianLevel: DEBUG_LEVEL = -1, ANIM_LEVEL = 1
07-28 20:46:16.632  4900  4900 I [DevicePlugin].PlatformUtils.(main): isLightBlurEnable: enable=false
07-28 20:46:16.632  4900  4900 I [DevicePlugin].SquareDeviceCardView.(main): onConfigurationChanged
07-28 20:46:16.632  4900  4900 I [DevicePlugin].PlatformUtils.(main): isLowGaussianLevel: DEBUG_LEVEL = -1, ANIM_LEVEL = 1
07-28 20:46:16.632  4900  4900 I [DevicePlugin].PlatformUtils.(main): isGlobalThemeApplied: isGlobalTheme=false
07-28 20:46:16.632  4900  4900 I [DevicePlugin].PlatformUtils.(main): isBlurEnable: enable=true
07-28 20:46:16.632  4900  4900 I [DevicePlugin].PlatformUtils.(main): isGlobalThemeApplied: isGlobalTheme=false
07-28 20:46:16.632  4900  4900 I [DevicePlugin].PlatformUtils.(main): isLightOsGaussianLevel: DEBUG_LEVEL = -1, ANIM_LEVEL = 1
07-28 20:46:16.632  4900  4900 I [DevicePlugin].PlatformUtils.(main): isLightBlurEnable: enable=false
07-28 20:46:16.632  4900  4900 I [DevicePlugin].SquareEntranceCardView.(main): onConfigurationChanged
07-28 20:46:16.632  4900  4900 I [DevicePlugin].PlatformUtils.(main): isLowGaussianLevel: DEBUG_LEVEL = -1, ANIM_LEVEL = 1
07-28 20:46:16.632  4900  4900 I [DevicePlugin].PlatformUtils.(main): isGlobalThemeApplied: isGlobalTheme=false
07-28 20:46:16.632  4900  4900 I [DevicePlugin].PlatformUtils.(main): isBlurEnable: enable=true
07-28 20:46:16.632  4900  4900 I [DevicePlugin].PlatformUtils.(main): isGlobalThemeApplied: isGlobalTheme=false
07-28 20:46:16.632  4900  4900 I [DevicePlugin].PlatformUtils.(main): isLightOsGaussianLevel: DEBUG_LEVEL = -1, ANIM_LEVEL = 1
07-28 20:46:16.632  4900  4900 I [DevicePlugin].PlatformUtils.(main): isLightBlurEnable: enable=false
07-28 20:46:16.635  4900  4900 I SystemUi--QuickSettings: OplusSeparateQSCustomizer-->updateResources tileRow= 3
07-28 20:46:16.635  4900  4900 I SystemUi--QuickSettings: OplusSeparateQSCustomizer--> mUsableWidth=1080
07-28 20:46:16.635  4900  4900 I SystemUi--QuickSettings: OplusSeparateQSCustomizer--> mEditCellWidth=175 mEditCellMarginHorizontal=66 mItemHeight=271 mHorizontalSidePadding=57
07-28 20:46:16.635  4900  4900 I SystemUi--QuickSettings: OplusQsToggleSliderTouchExt-->getRealSize point: Point(1080, 2376) realScreenWidth: 1080 realScreenHeight: 2376
07-28 20:46:16.635  4900  4900 I SystemUi--QuickSettings: OplusQsToggleSliderLayout-->updateRadius radius= 57.815125, roundParams= OplusRoundParams(radiusDp=15.2, radius=45.6, weight=1.1, isCircle=false), isDefaultVolumeTheme = true
07-28 20:46:16.635  4900  4900 I COUIVerticalSeekBar: COUIVerticalSeekBar ensureSize : mIsProgressFull:true,mBackgroundRadius:45.6,mBackgroundWidth:179.0,mBackgroundEnlargeScale1.0,mProgressRadius:45.6,mProgressWidth:179.0,mProgressEnlargeScale1.0,mPaddingVertical45.6
07-28 20:46:16.635  4900  4900 I COUIVerticalSeekBar: updateBehavior * normalSeekBarHeight = 309,mPaddingVertical = 45.6,mIsPhysicsEnable = true,mPhysicalAnimator = null,mFlingBehavior = null,Thread_name = main,hashCode = 6339522,time = 1753749976635,stackChain = com.coui.appcompat.seekbar.COUIVerticalSeekBar.updateBehavior$1:14 com.coui.appcompat.seekbar.COUIVerticalSeekBar.ensureSize$1:182 com.coui.appcompat.seekbar.COUIVerticalSeekBar.setBackgroundRadius:3 com.oplus.systemui.qs.base.seek.OplusQsBaseToggleSliderLayout.updateRadius:60 
07-28 20:46:16.635  4900  4900 I COUIVerticalSeekBar: setPaddingVertical * paddingVertical = 45.6,hashCode = 6339522,time = 1753749976635
07-28 20:46:16.635  4900  4900 I COUIVerticalSeekBar: COUIVerticalSeekBar ensureSize : mIsProgressFull:true,mBackgroundRadius:45.6,mBackgroundWidth:179.0,mBackgroundEnlargeScale1.0,mProgressRadius:45.6,mProgressWidth:179.0,mProgressEnlargeScale1.0,mPaddingVertical45.6
07-28 20:46:16.635  4900  4900 I COUIVerticalSeekBar: updateBehavior * normalSeekBarHeight = 309,mPaddingVertical = 45.6,mIsPhysicsEnable = true,mPhysicalAnimator = null,mFlingBehavior = null,Thread_name = main,hashCode = 6339522,time = 1753749976635,stackChain = com.coui.appcompat.seekbar.COUIVerticalSeekBar.updateBehavior$1:14 com.coui.appcompat.seekbar.COUIVerticalSeekBar.ensureSize$1:182 com.coui.appcompat.seekbar.COUIVerticalSeekBar.setPaddingVertical:59 com.oplus.systemui.qs.base.seek.OplusQsBaseToggleSliderLayout.updateRadius:74 
07-28 20:46:16.636  4900  4900 I SystemUi--Common: WindowRootView-->leftInset:0 rightInset:0  rootWindowInsets.displayCutout:DisplayCutout{insets=Rect(0, 120 - 0, 0) waterfall=Insets{left=0, top=0, right=0, bottom=0} boundingRect={Bounds=[Rect(0, 0 - 0, 0), Rect(512, 0 - 569, 120), Rect(0, 0 - 0, 0), Rect(0, 0 - 0, 0)]} cutoutPathParserInfo={CutoutPathParserInfo{displayWidth=1080 displayHeight=2376 physicalDisplayWidth=1440 physicalDisplayHeight=3168 density={4.0} cutoutSpec={M -38,0 L -38,160 L 38,160 L 38,0 Z} rotation={0} scale={1.0} physicalPixelDisplaySizeRatio={0.75}}} sideOverrides={}} windowInsets.displayCutout:DisplayCutout{insets=Rect(0, 120 - 0, 0) waterfall=Insets{left=0, top=0, right=0, bottom=0} boundingRect={Bounds=[Rect(0, 0 - 0, 0), Rect(512, 0 - 569, 120), Rect(0, 0 - 0, 0), Rect(0, 0 - 0, 0)]} cutoutPathParserInfo={CutoutPathParserInfo{displayWidth=1080 displayHeight=2376 physicalDisplayWidth=1440 physicalDisplayHeight=3168 density={4.0} cutoutSpec={M -38,0 L -38,160 L 38,160 L 38,0 Z} rotation={0} scale={1.0} physicalPixelDisplaySizeRatio={0.75}}} sideOverrides={}} currentRotation:1
07-28 20:46:16.636  4900  4900 I SystemUi--QuickSettings: OplusQuickStatusBarHeader-->onApplyWindowInsets mIgnoreCenterHole: true mCenterHoleSpaceLp: androidx.constraintlayout.widget.ConstraintLayout$LayoutParams@cd0624a
07-28 20:46:16.636  4900  4900 I SystemUi--QuickSettings: OplusQuickStatusBarHeader-->updateCenterHoleView visibility: 8 isLpChanged: false
07-28 20:46:16.636  4900  4900 I SystemUi--QuickSettings: OplusQuickStatusBarHeader-->updateCenterHoleView visibility: 8 isLpChanged: false
07-28 20:46:16.636  4900  4900 I PluginSeedling--Base: SeedlingPluginService-->onStateChange: Bundle[{rect=RectF(509.25, 29.25, 570.75, 90.75), state=onHoleRectChanged}]
07-28 20:46:16.636  4900  4900 I SystemUi--Statusbar: StatusBarPaddingProvider-->updateContentsPadding: (51, 14, 60, 15), screenHoleHeight: 61 isLandscape=false, rotation: 0 screenHoleBottom: 90 statusBarHeight: 120 seedlingHeight: 90 switchSupport: true percentScreen:0.75 baseScreenWidth:1080 stableDisplayWidth:1440
07-28 20:46:16.636  4900  4900 I SystemUi--QuickSettings: OplusQuickStatusBarHeader-->onApplyWindowInsets mIgnoreCenterHole: true mCenterHoleSpaceLp: androidx.constraintlayout.widget.ConstraintLayout$LayoutParams@1e895bb
07-28 20:46:16.636  4900  4900 I SystemUi--QuickSettings: OplusQuickStatusBarHeader-->updateCenterHoleView visibility: 8 isLpChanged: false
07-28 20:46:16.636  4900  4900 I SystemUi--QuickSettings: OplusQuickStatusBarHeader-->updateCenterHoleView visibility: 8 isLpChanged: false
07-28 20:46:16.637  4900  5502 D BufferQueueProducer: [VRI[NotificationShade]#8(BLAST Consumer)8](id:132400000009,api:1,p:4900,c:4900) connect: api=1 producerControlledByApp=true
07-28 20:46:16.644  4900  4900 I SurfaceControl:  setExtendedRangeBrightness sc=Surface(name=NotificationShade)/@0x67ee4bf,currentBufferRatio=1.0,desiredRatio=1.0
07-28 20:46:16.654  3526  3810 D VRR [OPlusRefreshRateService]: handleConfigIdChange physicalDisplayId: 4630946756802996883 configId: 4 renderPeriod: 8333333
07-28 20:46:16.655  1849  4476 I sensors-hal: handle_oplus_wise_rgb_event:189, high_pwm_light:lux 264.0,cct 3597.1,brl/algo/ir 1443.0/2.0/16.8,pwm/dc 0.0/0.0,rgbc 20520.900391/12735.552734/5880.188965/37826.011719,ts 58248772963,cnt 820,flag 157
07-28 20:46:16.655  3526  3810 D VRR [OPlusSAManager]: updateModeChange old modeId [ 5 ] -> new modeId [ 4 ] mCurPolicy: 1
07-28 20:46:16.655  2175  2357 D SurfaceFlinger: captureLayers from pid 5387 uid -335
07-28 20:46:16.655  3526  3810 D VRR [OPlusSAManager]: updateSAScene active modeId: 4
07-28 20:46:16.655  3526  3810 D VRR [OPlusSAManager]: updateSAScene current policy: 1 active modeId: 4 scene: VRR_90_120
07-28 20:46:16.655  3526  3810 D VRR [OPlusOAManager]: Not OA business! new modeId: [4] active modeId: [5]
07-28 20:46:16.655  3526  3810 D VRR [OPlusGameStatusManager]: updateGameState mOSyncFeatureSwitch: false mIsGamePolicy: false
07-28 20:46:16.655  3526  3810 D VRR [OPlusGameStatusManager]: setLTMStatus false curPkgName: com.android.launcher curr status: false HeartStop: false HeartStopFromTGPA: false ActiveFPS: 120.00001
07-28 20:46:16.655  3526  3810 D VRR [OPlusGameStatusManager]: updateGameAccelerationStatus pkgName: com.android.launcher mOSyncFeatureSwitch: false mIsGamePolicy: false mHeartStop: false mHasFlickerRisk: false mForceAcceleration: false mToastReady: false enable: false
07-28 20:46:16.655  3526  3810 D VRR [OPlusGameStatusManager]: updateToastStatus enableAcceleration: false toastReady: false isGamePolicy: false desiredModeId: 4
07-28 20:46:16.655  3526  3810 D VRR [OPlusGameStatusManager]: updateToastStatus enableAcceleration: false toastReady: false isGamePolicy: false desiredModeId: 4
07-28 20:46:16.655  3526  3810 D VRR [OPlusExternalRefreshRateManager]:  updateRenderPeriodChange configId:4 current refresh rate:120.00001
07-28 20:46:16.655  2175  2357 W SurfaceFlinger: Skipping screen capture because of invalid layer.
07-28 20:46:16.655  5387  5722 E ScreenCapture: Failed to generate screen capture. Error code: -12
07-28 20:46:16.655  5387  5722 E Blur_ScreenCapture: [captureScreenInternal] exceeds fail times limit=1
07-28 20:46:16.656  2175  3134 D VRR [OTI-HW]: isStateReady 0
07-28 20:46:16.656  2175  3134 D VRR [OTI-HW]: keep rate.
07-28 20:46:16.656  3526  3810 D VRR [OPlusSurfaceFlingerController]:  setDirectorOtiHwConfig : true
07-28 20:46:16.657  1940  4469 I Dpps    : LtmSwState::SetParameter():144 ignore cmd 7 in state LtmOffState
07-28 20:46:16.666  4900  5502 D BLASTBufferQueue: [VRI[NotificationShade]#8](f:0,a:1) acquireNextBufferLocked size=1080x2376 mFrameNumber=1 applyTransaction=true mTimestamp=58440067581(auto) mPendingTransactions.size=0 graphicBufferId=21045339750450 transform=0
