07-29 20:04:14.727  3477  4486 D WifiCountryCode: evaluateAllCmmStateAndApplyIfAllReady: {ConcreteClientModeManager{id=59583 iface=wlan0 role=ROLE_CLIENT_SCAN_ONLY}=true}
07-29 20:04:14.727  5149  6203 W IWlanNetworkService: 10 > Response Processed
07-29 20:04:14.727  3477  4486 D WifiCountryCode: Reading country code from telephony
07-29 20:04:14.727  5079  6326 I QImsService: ImsRadioIndicationAidl : onRadioStateChanged()[SUB1]
07-29 20:04:14.727  3477  4486 D WifiCountryCode: Set telephony country code to: 
07-29 20:04:14.727  3477  4486 D WifiCountryCode: updateCountryCode to US
07-29 20:04:14.727  3477  4486 D WifiCountryCode: setCountryCodeNative: US, isClientModeOnly: true mDriverCountryCode: US
07-29 20:04:14.727  3477  4605 D OplusWifiPower_ConnLpmEventObsever: onReceive EXTRA_SCAN_AVAILABLE availabe = true
07-29 20:04:14.728  3477  4605 D OplusWifiPowerService: onReceive action:android.net.wifi.action.WIFI_SCAN_AVAILABILITY_CHANGED
07-29 20:04:14.728  3477  4605 D OplusWifiSwitchStateMonitor: scan settings change to true
07-29 20:04:14.728  3477  4198 W BestClock: java.time.DateTimeException: Missing network time fix
07-29 20:04:14.728  5079  6326 I QImsService: ImsSenderRxr : [UNSL]< UNSOL_RADIO_STATE_CHANGED RADIO_ON[SUB1]
07-29 20:04:14.729  5213  6414 D VendorTelephonyService: onTelephonyEventReport slotId =0 eventId=6030
07-29 20:04:14.729  5213  6414 D VendorTelephonyService: onTelephonyEventReport slotId =0 eventId=6030
07-29 20:04:14.729  5213  5213 D VendorCallService: notityEventUpdate, eventId:6030, slotId = 0
07-29 20:04:14.729  1959  1959 E PowerMonitorService: Failed to open /proc/horae_qmi (2): No such file or directory
07-29 20:04:14.730  1784  3654 E LOCRIL_SESSION: operator():200] SubId: 1 Failed to get sim IO with error: 11
07-29 20:04:14.730  1784  3654 E LOCRIL_SESSION: operator():241] SubId: 1 Failed to get sim IMSI with error: 11
07-29 20:04:14.730  5079  6068 I QImsService: ImsRadioIndicationAidl : onRadioStateChanged()[SUB0]
07-29 20:04:14.730  5079  6068 I QImsService: ImsSenderRxr : [UNSL]< UNSOL_RADIO_STATE_CHANGED RADIO_ON[SUB0]
07-29 20:04:14.730  5012  6512 D SaDataService: onTelephonyEventReport , subId= 0,slotId=-1 eventId=6030
07-29 20:04:14.730  5012  6512 D TelephonyImpl: notify eventId:6030 for list size:2
07-29 20:04:14.730  7110  7110 I OsAgent : onReceive: android.net.wifi.action.WIFI_SCAN_AVAILABILITY_CHANGED
07-29 20:04:14.731  7110  8269 I OsAgent : updateWiFiScanAvailState, scanAvailable: true
07-29 20:04:14.734  1784  3652 W LOCRIL_SESSION: operator():307] cellInfo list size is 0, Voice state: 3, data state: 3
07-29 20:04:14.734  4948  4948 V OplusCustomizeCacheManager: queryCache name: sys.cache.common_customize_cache18016 param: null
07-29 20:04:14.734  4948  4948 V OplusCustomizeCacheManager: queryCache name: sys.cache.common_customize_cache18013 param: null
07-29 20:04:14.734  4948  4948 V OplusCustomizeCacheManager: queryCache name: sys.cache.common_customize_cache18014 param: null
07-29 20:04:14.734  4948  4948 V OplusCustomizeCacheManager: queryCache name: sys.cache.common_customize_cache18017 param: Bundle[{SETTING=BLOCK, BUSINESS=NCT-DATA}]
07-29 20:04:14.735  4948  4948 V OplusCustomizeCacheManager: queryCache name: sys.cache.common_customize_cache18016 param: null
07-29 20:04:14.735  4948  4948 V OplusCustomizeCacheManager: queryCache name: sys.cache.common_customize_cache18013 param: null
07-29 20:04:14.735  4948  4948 V OplusCustomizeCacheManager: queryCache name: sys.cache.common_customize_cache18014 param: null
07-29 20:04:14.735  4948  4948 V OplusCustomizeCacheManager: queryCache name: sys.cache.common_customize_cache18017 param: Bundle[{SETTING=BLOCK, BUSINESS=NCT-DATA}]
07-29 20:04:14.735  5007 10170 I DeviceInfoAidlClient: onPowerInfoReportingChanged - reporting enabled true [15, 20, 30, 50, 80]
07-29 20:04:14.735  5007 10170 D DeviceInfoAidlClient: isRadioOn()=true
07-29 20:04:14.735  5007 10170 I DeviceInfoAidlClient: isPowerInfoNeverSent=true batteryLevel=100 batteryLevelIndex=5 chargingMode=2 totalCapacity=4824000 powerSaveMode=false
07-29 20:04:14.735  5007 10170 I DeviceInfoAidlClient: onDeviceInfoReportingChanged - reporting enabled true
07-29 20:04:14.735  5007 10170 D DeviceInfoAidlClient: getDeviceInfoSupportStatus()=1
07-29 20:04:14.735  5007 10170 D DeviceInfoAidlClient: isRadioOn()=true
07-29 20:04:14.735  5007 10170 I DeviceInfoAidlClient: deviceState=2
07-29 20:04:14.735  5007 10170 I DeviceInfoAidlClient: onPowerInfoReportingChanged - reporting enabled true [15, 20, 30, 50, 80]
07-29 20:04:14.735  5007 10170 D DeviceInfoAidlClient: isRadioOn()=true
07-29 20:04:14.735  5007 10170 I DeviceInfoAidlClient: isPowerInfoNeverSent=false batteryLevel=100 batteryLevelIndex=5 chargingMode=2 totalCapacity=4824000 powerSaveMode=false
07-29 20:04:14.736  5007 10170 I DeviceInfoAidlClient: onDeviceInfoReportingChanged - reporting enabled true
07-29 20:04:14.736  5007 10170 D DeviceInfoAidlClient: getDeviceInfoSupportStatus()=1
07-29 20:04:14.736  5007 10170 D DeviceInfoAidlClient: isRadioOn()=true
07-29 20:04:14.736  5007 10170 I DeviceInfoAidlClient: deviceState=2
07-29 20:04:14.736  5007  5007 D QcrilMsgTunnelIfaceManager: handleMessage what = 1
07-29 20:04:14.736  5007  5007 I QcrilOemhookMsgTunnel: [0]invokeOemRilRequestRaw: serial=1007 length=16
07-29 20:04:14.736  4948  4948 D QC_RIL_OEM_HOOK: Received Broadcast Intent ACTION_UNSOL_RESPONSE_OEM_HOOK_RAW
07-29 20:04:14.736  4948  4948 D QC_RIL_OEM_HOOK: Received Broadcast Intent ACTION_UNSOL_RESPONSE_OEM_HOOK_RAW
07-29 20:04:14.736  4948  4948 D QC_RIL_OEM_HOOK: Received Broadcast Intent ACTION_UNSOL_RESPONSE_OEM_HOOK_RAW
07-29 20:04:14.736  4948  4948 D OplusPowerUpOptimizationImpl: onReceive: org.codeaurora.intent.action.RADIO_POWER_STATE
07-29 20:04:14.736  4948  5504 D OplusPowerUpOptimizationImpl: handleMessage what = 6
07-29 20:04:14.736  4948  5504 D OplusPowerUpOptimizationImpl: radio is available for slot: 0
07-29 20:04:14.736  4948  5504 D OplusPowerUpOptimizationImpl: trySendPhoneReady for slot: 0
07-29 20:04:14.736  4948  5504 D OplusPowerUpOptimizationImpl: Not sending ATEL ready: States: [0: {true, true, true, true}]
07-29 20:04:14.737  5007 10170 I QtiOemHookAidl: oemHookRawResponse: serial no: 1007 error: 0length=1
07-29 20:04:14.738  5007  5007 D QcrilMsgTunnelIfaceManager: handleMessage what = 2
07-29 20:04:14.738  4948  5475 D QC_RIL_OEM_HOOK: sendOemRilRequestRaw returns value = 1
07-29 20:04:14.738  5007  5007 D DeviceStatisticsService: onReceive: action= org.codeaurora.intent.action.RADIO_POWER_STATE
07-29 20:04:14.738  5007  5007 I DeviceStatisticsService: Receiving radio_power_state_changed, mIsDeviceInfoInitialized = true
07-29 20:04:14.738  5007  5007 I DeviceStatisticsService: radio power state changed to 1 for slot: 1
07-29 20:04:14.739  5149  6186 D IWlanJni: getDataRegistrationState start
07-29 20:04:14.739  5149  6208 D IWlanJni: new aidl event arrived
07-29 20:04:14.739  5149  6208 D IWlanJni: handleEvent 10
07-29 20:04:14.739  5149  6208 D IWlanJni: isThreadAttached start
07-29 20:04:14.739  5149  6208 D IWlanJni: jni detached
07-29 20:04:14.740  5149  6208 D IWlanJni: jni attached
07-29 20:04:14.740  5149  6208 D IWlanJni: getDataRegistrationStateResponse start
07-29 20:04:14.740  5149  6208 D IWlanJni: getJavaCallbackClass start
07-29 20:04:14.740  5149  6208 D IWlanJni: getJavaCallbackClass End midIs[1]
07-29 20:04:14.740  5149  6208 I IWlanAidlClient: getDataRegistrationStateResponse called
07-29 20:04:14.740  5149  6207 W IWlanNetworkService: 11 > Response Processed
07-29 20:04:14.742  4948  4948 D CiWlanNotificationReceiver: ACTION_RADIO_POWER_STATE_CHANGED
07-29 20:04:14.743  5059  9477 D txpwrJni: new aidl event arrived
07-29 20:04:14.743  5059  9477 D txpwrJni: handleEvent 1
07-29 20:04:14.743  5059  9477 D txpwrJni: isThreadAttached start
07-29 20:04:14.743  5059  9477 D txpwrJni: jni detached
07-29 20:04:14.743  5059  9477 D txpwrJni: jni attached
07-29 20:04:14.743  5059  9477 D txpwrJni: getRadioStatus start
07-29 20:04:14.743  5059  9477 D txpwrJni: getJavaCallbackClass start
07-29 20:04:14.743  5059  9477 D txpwrJni: getJavaCallbackClass End midIs[1]
07-29 20:04:14.743  5149  6186 D IWlanJni: getDataRegistrationState start
07-29 20:04:14.744  5059  8362 D txpwrJni: sendRadioStatus start
07-29 20:04:14.744  5149  6186 D IWlanJni: getDataRegistrationState start
07-29 20:04:14.744  1790  4442 I sensors-hal: handle_oplus_wise_rgb_event:189, high_pwm_light:lux 281.2,cct 3633.5,brl/algo/ir 1435.0/2.0/16.4,pwm/dc 0.0/0.0,rgbc 21704.404297/13642.564453/6276.112793/40231.175781,ts 59596930463,cnt 850,flag 162
07-29 20:04:14.745  5059  9477 D txpwrJni: new aidl event arrived
07-29 20:04:14.745  5059  9477 D txpwrJni: handleEvent 1
07-29 20:04:14.745  5059  9477 D txpwrJni: isThreadAttached start
07-29 20:04:14.745  5059  9477 D txpwrJni: jni detached
07-29 20:04:14.745  5059  9477 D txpwrJni: jni attached
07-29 20:04:14.745  5059  9477 D txpwrJni: getRadioStatus start
07-29 20:04:14.745  5059  9477 D txpwrJni: getJavaCallbackClass start
07-29 20:04:14.745  5059  9477 D txpwrJni: getJavaCallbackClass End midIs[1]
07-29 20:04:14.745  5149  6204 D IWlanJni: new aidl event arrived
07-29 20:04:14.745  5149  6204 D IWlanJni: handleEvent 10
07-29 20:04:14.745  5149  6204 D IWlanJni: isThreadAttached start
07-29 20:04:14.745  5149  6204 D IWlanJni: jni detached
07-29 20:04:14.745  5149  6204 D IWlanJni: jni attached
07-29 20:04:14.745  5149  6204 D IWlanJni: getDataRegistrationStateResponse start
07-29 20:04:14.745  5149  6204 D IWlanJni: getJavaCallbackClass start
07-29 20:04:14.745  5149  6204 D IWlanJni: getJavaCallbackClass End midIs[1]
07-29 20:04:14.745  5149  6204 I IWlanAidlClient: getDataRegistrationStateResponse called
07-29 20:04:14.745  5149  6203 W IWlanNetworkService: 13 > Response Processed
07-29 20:04:14.745  5059  8362 D txpwrJni: sendRadioStatus start
07-29 20:04:14.745  5149  6208 D IWlanJni: new aidl event arrived
07-29 20:04:14.745  5149  6208 D IWlanJni: handleEvent 10
07-29 20:04:14.745  5149  6208 D IWlanJni: isThreadAttached start
07-29 20:04:14.745  5149  6208 D IWlanJni: jni detached
07-29 20:04:14.745  5149  6208 D IWlanJni: jni attached
07-29 20:04:14.745  5149  6208 D IWlanJni: getDataRegistrationStateResponse start
07-29 20:04:14.745  5149  6208 D IWlanJni: getJavaCallbackClass start
07-29 20:04:14.745  5149  6208 D IWlanJni: getJavaCallbackClass End midIs[1]
07-29 20:04:14.745  5149  6208 I IWlanAidlClient: getDataRegistrationStateResponse called
07-29 20:04:14.745  3477  4577 D CmccSliceManagerService: ACTION_DDS_SWITCH_DONE
07-29 20:04:14.745  3477  4577 D CmccSliceManagerService: cleanUpAndRestartSlice
07-29 20:04:14.745  3477  4577 D CmccSliceManagerService: cleanUpSlice
07-29 20:04:14.745  3477  4577 D CmccSliceManagerService: cleanUpSlice qcom
07-29 20:04:14.745  3477  4577 D CmccSliceManagerService: getDefaultDataSlotId0, subid: 1
07-29 20:04:14.745  3477  4484 V NetworkPolicy: updateNotificationsNL not process
07-29 20:04:14.745  5149  6207 W IWlanNetworkService: 12 > Response Processed
07-29 20:04:14.745  1873  4435 I Dpps    : LtmSwState::SetParameter():144 ignore cmd 7 in state LtmOffState
07-29 20:04:14.746  3477  4577 E ActivityThread: Failed to find provider info for com.cmccslice.proxyapp.provider
07-29 20:04:14.746  3477  4577 D CmccSliceManagerService: loadUrsp qcomCursor=null, count=-1, slotId=0
07-29 20:04:14.746  3477  4577 D CmccSliceManagerService: loadUrsp: qcomCursor=[]
07-29 20:04:14.746  3477  4577 D CmccSliceManagerService: isFeatureEnable , rus : false Feature : false
07-29 20:04:14.746  3477  4577 D CmccSliceManagerService: requestSliceNetwork: feature not enabled
07-29 20:04:14.746  3477  4577 D CmccSliceManagerService: cleanUpAndRestartSlice qcom
07-29 20:04:14.746  5012  6020 D CellularEvent: onActiveDataSubscriptionIdChanged sub id:1
07-29 20:04:14.746  4877  4877 I KeyguardUpdateMonitor: refreshSimState, changed:false,subId:1,slotId:0,state:5
07-29 20:04:14.747  4877  5162 I SystemUi--QuickSettings: Tile.OplusCellularTile-->updateCarrierText: dialog not showing, ignore
07-29 20:04:14.747  5149  5149 D QCNEJ/WwanInfoRelay: onActiveSubscriptionsChanged activeCurrDDSId: 1 new DDS 1
07-29 20:04:14.747  5149  5149 D QCNEJ/WwanInfoRelay: onActiveSubscriptionsChanged activeCurrDDSId: 1 new DDS 1
07-29 20:04:14.747  4948  4965 W System  : A resource failed to call AbstractCursor.close. 
07-29 20:04:14.747  4948  4965 W System  : A resource failed to call AbstractCursor.close. 
07-29 20:04:14.747  4948  4965 W System  : A resource failed to call AbstractCursor.close. 
07-29 20:04:14.748  4877  5162 D SimStateHelper: slot:0, lock state:Bundle[mParcelledData.dataSize=56]
07-29 20:04:14.748  4948  4948 D QC_RIL_OEM_HOOK: Received Broadcast Intent ACTION_UNSOL_RESPONSE_OEM_HOOK_RAW
07-29 20:04:14.748  4948  4948 D QC_RIL_OEM_HOOK: Received Broadcast Intent ACTION_UNSOL_RESPONSE_OEM_HOOK_RAW
07-29 20:04:14.748  4948  4948 D QC_RIL_OEM_HOOK: Received Broadcast Intent ACTION_UNSOL_RESPONSE_OEM_HOOK_RAW
07-29 20:04:14.748  4948  4948 D OplusPowerUpOptimizationImpl: onReceive: org.codeaurora.intent.action.RADIO_POWER_STATE
07-29 20:04:14.748  4948  5504 D OplusPowerUpOptimizationImpl: handleMessage what = 6
07-29 20:04:14.749  4877  5162 D SimStateHelper: slot:1, lock state:Bundle[mParcelledData.dataSize=56]
07-29 20:04:14.749  4877  5162 D SimStateHelper: needDisableMenu: slot1State=-1; slot2State=-1
07-29 20:04:14.749  4877  5162 D SimStateHelper: needDisableMenu:false
07-29 20:04:14.749  4948  5504 D OplusPowerUpOptimizationImpl: radio is available for slot: 1
07-29 20:04:14.749  4948  5504 D OplusPowerUpOptimizationImpl: trySendPhoneReady for slot: 1
07-29 20:04:14.749  4948  5504 D OplusPowerUpOptimizationImpl: Not sending ATEL ready: States: [1: {true, true, true, true}]
07-29 20:04:14.749  4948  4948 D CiWlanNotificationReceiver: ACTION_RADIO_POWER_STATE_CHANGED
07-29 20:04:14.750  3477  4198 W BestClock: java.time.DateTimeException: Missing network time fix
07-29 20:04:14.750  3477  4914 W BestClock: java.time.DateTimeException: Missing network time fix
07-29 20:04:14.750  4877  5734 V OplusCustomizeCacheManager: queryCache name: sys.cache.common_customize_cache18014 param: null
07-29 20:04:14.750  4877  5734 V OplusCustomizeCacheManager: queryCache name: sys.cache.common_customize_cache18017 param: Bundle[{SETTING=BLOCK, BUSINESS=NCT-DATA}]
07-29 20:04:14.750  4877  5734 V OplusCustomizeCacheManager: queryCache name: sys.cache.common_customize_cache18013 param: null
07-29 20:04:14.750  4948  4948 D Telephony: isEmergencyPreferredAccount: subId=1, activeData=1
07-29 20:04:14.750  4948  4948 D Telephony: isEmergencyPreferredAccount: Device does not require preference.
07-29 20:04:14.752  4877  5057 I SystemUi--Statusbar: NetworkController.WifiSignalController-->wifi Broadcast action = android.telephony.action.SERVICE_PROVIDERS_UPDATED state=1 enabled=false connected=false isDefaultNetwork=false rssi=0 level=0 statusLabel = null isDirty = false
07-29 20:04:14.752  4877  5162 I SystemUi--QuickSettings: Tile.OplusCellularTile-->updateCarrierText: dialog not showing, ignore
07-29 20:04:14.752  4877  5162 D SimStateHelper: slot:0, lock state:Bundle[mParcelledData.dataSize=56]
07-29 20:04:14.752  4877  5162 D SimStateHelper: slot:1, lock state:Bundle[mParcelledData.dataSize=56]
07-29 20:04:14.753  4877  5162 D SimStateHelper: needDisableMenu: slot1State=-1; slot2State=-1
07-29 20:04:14.753  4877  5162 D SimStateHelper: needDisableMenu:false
07-29 20:04:14.753  3477  4914 W ContextImpl: Calling a method in the system process without a qualified user: android.app.ContextImpl.sendBroadcastMultiplePermissions:1311 android.content.Context.sendBroadcastMultiplePermissions:2524 com.android.server.TelephonyRegistry.broadcastServiceStateChanged:3740 com.android.server.TelephonyRegistry.notifyServiceStateForPhoneId:1787 com.android.internal.telephony.ITelephonyRegistry$Stub.onTransact:546 
07-29 20:04:14.754  3477  4914 W ContextImpl: Calling a method in the system process without a qualified user: android.app.ContextImpl.sendBroadcastMultiplePermissions:1344 com.android.server.TelephonyRegistry.broadcastServiceStateChanged:3745 com.android.server.TelephonyRegistry.notifyServiceStateForPhoneId:1787 com.android.internal.telephony.ITelephonyRegistry$Stub.onTransact:546 android.os.Binder.execTransactInternal:1523 
07-29 20:04:14.755  4948  4948 D InternationalRoamingNotification: init
07-29 20:04:14.755  5213  6414 D VirtualCommService2: isSupport. true, true
07-29 20:04:14.755  4948  4948 D OplusVirtualCommUtils: isVirtualCommSupport, vRet: true
07-29 20:04:14.755  4948  4948 I OplusVirtualCommUtils: getVirtualCommDeviceType, vRet: 1
07-29 20:04:14.755  4948  4948 I OplusVirtualCommUtils: isConsumerDeviceType, deviceType: 1
07-29 20:04:14.756  4948  4948 D InternationalRoamingNotification: do not createRoamingNotification for invalid Network
07-29 20:04:14.756  3477  4914 W ContextImpl: Calling a method in the system process without a qualified user: android.app.ContextImpl.sendBroadcastMultiplePermissions:1344 com.android.server.TelephonyRegistry.broadcastServiceStateChanged:3754 com.android.server.TelephonyRegistry.notifyServiceStateForPhoneId:1787 com.android.internal.telephony.ITelephonyRegistry$Stub.onTransact:546 android.os.Binder.execTransactInternal:1523 
07-29 20:04:14.756  4877  4877 I KeyguardUpdateMonitor: action=android.intent.action.SERVICE_STATE subId=-1 slotId=1
07-29 20:04:14.756  4877  4877 W KeyguardUpdateMonitorLog: invalid subId in handleServiceStateChange()
07-29 20:04:14.756  4877  5162 I SystemUi--QuickSettings: Tile.OplusCellularTile-->updateCarrierText: dialog not showing, ignore
07-29 20:04:14.756  3477  4914 W ContextImpl: Calling a method in the system process without a qualified user: android.app.ContextImpl.sendBroadcastMultiplePermissions:1344 com.android.server.TelephonyRegistry.broadcastServiceStateChanged:3760 com.android.server.TelephonyRegistry.notifyServiceStateForPhoneId:1787 com.android.internal.telephony.ITelephonyRegistry$Stub.onTransact:546 android.os.Binder.execTransactInternal:1523 
07-29 20:04:14.757  4877  5162 D SimStateHelper: slot:0, lock state:Bundle[mParcelledData.dataSize=56]
07-29 20:04:14.757  4877  5162 D SimStateHelper: slot:1, lock state:Bundle[mParcelledData.dataSize=56]
07-29 20:04:14.757  4877  5162 D SimStateHelper: needDisableMenu: slot1State=-1; slot2State=-1
07-29 20:04:14.757  4877  5162 D SimStateHelper: needDisableMenu:false
07-29 20:04:14.757  4877  5162 I SystemUi--QuickSettings: Tile.OplusCellularTile-->updateCarrierText: dialog not showing, ignore
07-29 20:04:14.758  4877  5162 D SimStateHelper: slot:0, lock state:Bundle[mParcelledData.dataSize=56]
07-29 20:04:14.758  4877  5162 D SimStateHelper: slot:1, lock state:Bundle[mParcelledData.dataSize=56]
07-29 20:04:14.758  4877  5162 D SimStateHelper: needDisableMenu: slot1State=-1; slot2State=-1
07-29 20:04:14.758  4877  5162 D SimStateHelper: needDisableMenu:false
07-29 20:04:14.758  3477  3741 D OomAdjuster: Not killing cached processes
07-29 20:04:14.758  4948  4948 D ServiceStateProvider: subId=1
07-29 20:04:14.758  5902  5902 D CellBroadcastReceiver: onReceive Intent { act=android.intent.action.SERVICE_STATE flg=0x1000010 cmp=com.android.cellbroadcastreceiver.module/com.android.cellbroadcastreceiver.CellBroadcastReceiver (has extras) }
07-29 20:04:14.759  5902  5902 D CellBroadcastReceiver: onServiceStateChanged, ss: 1
07-29 20:04:14.759  3477  4198 W BestClock: java.time.DateTimeException: Missing network time fix
07-29 20:04:14.759  5902  5902 D CellBroadcastReceiver: networkOperator: 
07-29 20:04:14.760  5902  5902 D CellBroadcastReceiver: mockmodem is running? = false
07-29 20:04:14.760  5902  5902 D CellBroadcastReceiver: Start Cell Broadcast configuration for intent=ACTION_ENABLE_CHANNELS
07-29 20:04:14.760  3477  5414 W BestClock: java.time.DateTimeException: Missing network time fix
07-29 20:04:14.760  3477  4639 V SettingsProvider: deleteSystemSetting(OPLUS_SLA_LAST_MCC, 0)
07-29 20:04:14.760  3477  4639 D SettingsProvider: delete system settings OPLUS_****_MCC pkg is  android user id is 0
07-29 20:04:14.760  4877  5734 V OplusCustomizeCacheManager: queryCache name: sys.cache.common_customize_cache18014 param: null
07-29 20:04:14.760  4877  5734 V OplusCustomizeCacheManager: queryCache name: sys.cache.common_customize_cache18017 param: Bundle[{SETTING=BLOCK, BUSINESS=NCT-DATA}]
07-29 20:04:14.760  4877  5734 V OplusCustomizeCacheManager: queryCache name: sys.cache.common_customize_cache18013 param: null
07-29 20:04:14.761  3477  4639 W OplusSlaManager: updateMCC curMCC empty!
07-29 20:04:14.762  4877  5363 I SystemUi--Statusbar: MobileConnectionRepositoryImpl-->subId:1 isSoftSimCard:false slotId:0
07-29 20:04:14.762  3477  5413 W ContextImpl: Calling a method in the system process without a qualified user: android.app.ContextImpl.sendBroadcastMultiplePermissions:1311 android.content.Context.sendBroadcastMultiplePermissions:2524 com.android.server.TelephonyRegistry.broadcastServiceStateChanged:3740 com.android.server.TelephonyRegistry.notifyServiceStateForPhoneId:1787 com.android.internal.telephony.ITelephonyRegistry$Stub.onTransact:546 
07-29 20:04:14.762  5012  6127 D OplusSubWaySlowRecovery: getPreferSubId return 1
07-29 20:04:14.762  5213  5213 D SubsysEventListenerManager-SubsysTelephonyCallback[0]: onServiceStateChanged
07-29 20:04:14.762  5012  6127 D SaDataFailRecovery/0: current is not in service,reset alarm
07-29 20:04:14.762  5012  6127 D OplusScanQrCodeRecoveryImpl: msg.what=3
07-29 20:04:14.762  5213  5213 D ChinaRoamingControl: registTelephonyEvent onServiceStateChanged eventId:5, VoiceRegState:1, DataRegState:1
07-29 20:04:14.763  5213  5213 D QuickChangeAirplaneModeEvent: onServiceStateChanged slotId:0
07-29 20:04:14.763  3477  4494 D ConnectivityService: unregister offer from providerId 5 : NetworkOffer [ Provider Id (5) Score(Policies : YIELD_TO_BAD_WIFI&TRANSPORT_PRIMARY&EVER_EVALUATED&IS_UNMETERED&EVER_VALIDATED&IS_VALIDATED ; KeepConnected : 0) Caps [ Transports: CELLULAR|SATELLITE Capabilities: MMS&SUPL&DUN&FOTA&IMS&CBS&IA&RCS&XCAP&EIMS&INTERNET&NOT_RESTRICTED&TRUSTED&NOT_VPN&MCX&NOT_VCN_MANAGED&ENTERPRISE&VSIM&BIP&MMTEL&PRIORITIZE_LATENCY&PRIORITIZE_BANDWIDTH&NOT_BANDWIDTH_CONSTRAINED Specifier: <TelephonyNetworkSpecifier [mSubId = 1]> EnterpriseId: 1&2&3&4&5 UnderlyingNetworks: Null] Needed by [277, 7, 273, 15, 40, 165, 180, 170, 172, 44, 139, 26, 149, 36, 192, 222, 204, 106, 30, 217, 163, 202, 177, 266, 85, 24, 134, 269, 89, 57, 50, 244, 281, 250, 48, 132, 197, 141, 9, 70, 188, 66, 271, 153, 275, 195, 81, 161, 261, 237, 54, 200, 186, 168, 247, 147, 159, 219, 242, 38, 145, 183, 137, 206, 62, 240, 91, 72, 1, 18, 28, 214, 254, 264, 59, 234, 34, 75, 42, 102, 175, 98, 230, 279, 257, 109, 46, 157, 32]]
07-29 20:04:14.763  3477  4494 D ConnectivityService: update offer from providerId 5 new : NetworkOffer [ Provider Id (5) Score(Policies : YIELD_TO_BAD_WIFI&TRANSPORT_PRIMARY&EVER_EVALUATED&IS_UNMETERED&EVER_VALIDATED&IS_VALIDATED ; KeepConnected : 0) Caps [ Transports: CELLULAR|SATELLITE Capabilities: MMS&SUPL&DUN&FOTA&IMS&CBS&IA&RCS&XCAP&EIMS&INTERNET&NOT_RESTRICTED&TRUSTED&NOT_VPN&MCX&NOT_VCN_MANAGED&ENTERPRISE&VSIM&BIP&MMTEL&PRIORITIZE_LATENCY&PRIORITIZE_BANDWIDTH&NOT_BANDWIDTH_CONSTRAINED Specifier: <TelephonyNetworkSpecifier [mSubId = 1]> EnterpriseId: 1&2&3&4&5 UnderlyingNetworks: Null] Needed by [277, 7, 273, 15, 40, 165, 180, 170, 172, 44, 139, 26, 149, 36, 192, 222, 204, 106, 30, 217, 163, 202, 177, 266, 85, 24, 134, 269, 89, 57, 50, 244, 281, 250, 48, 132, 197, 141, 9, 70, 188, 66, 271, 153, 275, 195, 81, 161, 261, 237, 54, 200, 186, 168, 247, 147, 159, 219, 242, 38, 145, 183, 137, 206, 62, 240, 91, 72, 1, 18, 28, 214, 254, 264, 59, 234, 34, 75, 42, 102, 175, 98, 230, 279, 257, 109, 46, 157, 32]]
07-29 20:04:14.763  5012  6020 D T-Recommend: onPreHandleMessage 1000
07-29 20:04:14.763  5012  6052 D OplusLinkBoostCommon: dds servicestate change
07-29 20:04:14.763  3477  4494 D ConnectivityService: unregister offer from providerId 6 : NetworkOffer [ Provider Id (6) Score(Policies : YIELD_TO_BAD_WIFI&EVER_EVALUATED&IS_UNMETERED&EVER_VALIDATED&IS_VALIDATED ; KeepConnected : 0) Caps [ Transports: CELLULAR|SATELLITE Capabilities: MMS&SUPL&DUN&FOTA&IMS&CBS&IA&RCS&XCAP&EIMS&INTERNET&NOT_RESTRICTED&TRUSTED&NOT_VPN&MCX&NOT_VCN_MANAGED&ENTERPRISE&VSIM&BIP&MMTEL&PRIORITIZE_LATENCY&PRIORITIZE_BANDWIDTH&NOT_BANDWIDTH_CONSTRAINED Specifier: <TelephonyNetworkSpecifier [mSubId = -1]> EnterpriseId: 1&2&3&4&5 UnderlyingNetworks: Null] Needed by [277, 7, 273, 15, 40, 165, 180, 170, 172, 44, 139, 26, 149, 36, 192, 222, 204, 106, 30, 217, 163, 202, 177, 266, 85, 24, 134, 269, 89, 57, 50, 244, 281, 250, 48, 132, 197, 141, 9, 70, 188, 66, 271, 153, 275, 195, 81, 161, 261, 237, 54, 200, 186, 168, 247, 147, 159, 219, 242, 38, 145, 183, 137, 206, 62, 240, 91, 72, 1, 18, 28, 214, 254, 264, 59, 234, 34, 75, 42, 102, 175, 98, 230, 279, 257, 109, 46, 157, 32]]
07-29 20:04:14.763  3477  4494 D ConnectivityService: update offer from providerId 6 new : NetworkOffer [ Provider Id (6) Score(Policies : YIELD_TO_BAD_WIFI&EVER_EVALUATED&IS_UNMETERED&EVER_VALIDATED&IS_VALIDATED ; KeepConnected : 0) Caps [ Transports: CELLULAR|SATELLITE Capabilities: MMS&SUPL&DUN&FOTA&IMS&CBS&IA&RCS&XCAP&EIMS&INTERNET&NOT_RESTRICTED&TRUSTED&NOT_VPN&MCX&NOT_VCN_MANAGED&ENTERPRISE&VSIM&BIP&MMTEL&PRIORITIZE_LATENCY&PRIORITIZE_BANDWIDTH&NOT_BANDWIDTH_CONSTRAINED Specifier: <TelephonyNetworkSpecifier [mSubId = -1]> EnterpriseId: 1&2&3&4&5 UnderlyingNetworks: Null] Needed by [277, 7, 273, 15, 40, 165, 180, 170, 172, 44, 139, 26, 149, 36, 192, 222, 204, 106, 30, 217, 163, 202, 177, 266, 85, 24, 134, 269, 89, 57, 50, 244, 281, 250, 48, 132, 197, 141, 9, 70, 188, 66, 271, 153, 275, 195, 81, 161, 261, 237, 54, 200, 186, 168, 247, 147, 159, 219, 242, 38, 145, 183, 137, 206, 62, 240, 91, 72, 1, 18, 28, 214, 254, 264, 59, 234, 34, 75, 42, 102, 175, 98, 230, 279, 257, 109, 46, 157, 32]]
07-29 20:04:14.763  5213  5213 D QuickChangeAirplaneModeEvent: isBothCardInService is false
07-29 20:04:14.763  5213  5213 D MsimSubModeManager: registTelephonyEvent onServiceStateChanged eventId:3, VoiceRegState:1, DataRegState:1
07-29 20:04:14.763  5213  5213 E ExtremeCommUtils: getSwitchRusSupportMcc invalid index 1
07-29 20:04:14.763  5213  5213 D ExtremeCommUtils: isSupporCheck rusContain:false,propContain(persist.sys.oplus.support_hyper_uplink_mcc):false
07-29 20:04:14.763  5213  5213 D ExtremeCommService: handleServiceStateChanged mcc is null
07-29 20:04:14.763  5213  5213 D ChinaRoamingControl: handleMessage what:5
07-29 20:04:14.763  5213  5213 D MsimSubModeManager: handleMessage what:3
07-29 20:04:14.763  5213  5213 D MsimSubModeManager: getMsimSimServiceIn() i:0,mServiceState:1
07-29 20:04:14.763  5213  5213 D MsimSubModeManager: getMsimSimServiceIn() i:1,mServiceState:1
07-29 20:04:14.763  5213  6144 D EfsNvDumpUnit[0]: onServiceStateChanged: voice reg state: OUT_OF_SERVICE data reg state: OUT_OF_SERVICE
07-29 20:04:14.763  5213  6144 D cellularState[0]: handleMessage: E msg.what=4
07-29 20:04:14.764  5213  6144 D cellularState[0]: processMsg: DataCallingState
07-29 20:04:14.764  5213  6144 D cellularState[0]: processMsg: NetworkAttachedState
07-29 20:04:14.764  5012  6020 E CellularEvent: nri null ps
07-29 20:04:14.764  5012  6020 E CellularEvent: invalid nri
07-29 20:04:14.764  5012  6020 D T-Recommend: onPostHandleMessage 1000
07-29 20:04:14.764  5012  6054 D NAS-CallIssueDetector: onServiceStateChanged
07-29 20:04:14.764  3477  5413 W ContextImpl: Calling a method in the system process without a qualified user: android.app.ContextImpl.sendBroadcastMultiplePermissions:1344 com.android.server.TelephonyRegistry.broadcastServiceStateChanged:3745 com.android.server.TelephonyRegistry.notifyServiceStateForPhoneId:1787 com.android.internal.telephony.ITelephonyRegistry$Stub.onTransact:546 android.os.Binder.execTransactInternal:1523 
07-29 20:04:14.764  5213  6144 D cellularState[0]: processMsg: SimReadyState
07-29 20:04:14.764  5213  6144 D cellularState[0]: processMsg: DefaultState
07-29 20:04:14.764  5213  6144 E cellularState[0]:  - unhandledMessage: msg.what=4
07-29 20:04:14.764  5213  6144 D cellularState[0]: handleMessage: X
07-29 20:04:14.764  5902 13090 D CellBroadcastConfigService: Enable CellBroadcast on sub 1
07-29 20:04:14.765  3477  5413 W ContextImpl: Calling a method in the system process without a qualified user: android.app.ContextImpl.sendBroadcastMultiplePermissions:1344 com.android.server.TelephonyRegistry.broadcastServiceStateChanged:3754 com.android.server.TelephonyRegistry.notifyServiceStateForPhoneId:1787 com.android.internal.telephony.ITelephonyRegistry$Stub.onTransact:546 android.os.Binder.execTransactInternal:1523 
07-29 20:04:14.765  5079  5079 I QImsService: OplusPhoneStateTracker : onServiceStateChanged
07-29 20:04:14.765  5079  5079 I QImsService: OplusPhoneStateTracker : onServiceStateChanged
07-29 20:04:14.765  5012  6054 D OplusCiwlanController: [vodata] processServiceStateChanged  phoneid = 0, original roaming type = -1,roaming type = 0
07-29 20:04:14.765  5012  6054 D OplusCiwlanController: [vodata] processServiceStateChanged  phoneid = 1, original roaming type = -1,roaming type = 0
07-29 20:04:14.766  4877  4877 I KeyguardUpdateMonitor: action=android.intent.action.SERVICE_STATE subId=1 slotId=0
07-29 20:04:14.766  4877  5162 I SystemUi--QuickSettings: Tile.OplusCellularTile-->updateCarrierText: dialog not showing, ignore
07-29 20:04:14.766  3477  5414 W BestClock: java.time.DateTimeException: Missing network time fix
07-29 20:04:14.766  3477  5413 W ContextImpl: Calling a method in the system process without a qualified user: android.app.ContextImpl.sendBroadcastMultiplePermissions:1344 com.android.server.TelephonyRegistry.broadcastServiceStateChanged:3760 com.android.server.TelephonyRegistry.notifyServiceStateForPhoneId:1787 com.android.internal.telephony.ITelephonyRegistry$Stub.onTransact:546 android.os.Binder.execTransactInternal:1523 
07-29 20:04:14.766  3477  3715 D LocationManagerService: passive provider added registration from 1000/android[CountryDetector]/57ED265A -> Request[PASSIVE, minUpdateInterval=0, WorkSource{1000 android}] permissionLevel: 2 permitted: true
07-29 20:04:14.767  4877  5162 D SimStateHelper: slot:0, lock state:Bundle[mParcelledData.dataSize=56]
07-29 20:04:14.767  4948  4948 V OplusCustomizeCacheManager: queryCache name: sys.cache.common_customize_cache18016 param: null
07-29 20:04:14.767  4948  4948 V OplusCustomizeCacheManager: queryCache name: sys.cache.common_customize_cache18013 param: null
07-29 20:04:14.767  4948  4948 V OplusCustomizeCacheManager: queryCache name: sys.cache.common_customize_cache18014 param: null
07-29 20:04:14.767  4877  5162 D SimStateHelper: slot:1, lock state:Bundle[mParcelledData.dataSize=56]
07-29 20:04:14.767  4877  5162 D SimStateHelper: needDisableMenu: slot1State=-1; slot2State=-1
07-29 20:04:14.767  4877  5162 D SimStateHelper: needDisableMenu:false
07-29 20:04:14.767  4948  4948 V OplusCustomizeCacheManager: queryCache name: sys.cache.common_customize_cache18017 param: Bundle[{SETTING=BLOCK, BUSINESS=NCT-DATA}]
07-29 20:04:14.767  3477  5405 W BestClock: java.time.DateTimeException: Missing network time fix
07-29 20:04:14.767  4877  5734 V OplusCustomizeCacheManager: queryCache name: sys.cache.common_customize_cache18014 param: null
07-29 20:04:14.767  4877  5734 V OplusCustomizeCacheManager: queryCache name: sys.cache.common_customize_cache18017 param: Bundle[{SETTING=BLOCK, BUSINESS=NCT-DATA}]
07-29 20:04:14.767  4877  5734 V OplusCustomizeCacheManager: queryCache name: sys.cache.common_customize_cache18013 param: null
07-29 20:04:14.767  5902  5902 D CellBroadcastReceiver: onReceive Intent { act=android.intent.action.SERVICE_STATE flg=0x1000010 cmp=com.android.cellbroadcastreceiver.module/com.android.cellbroadcastreceiver.CellBroadcastReceiver (has extras) }
07-29 20:04:14.767  4948  4948 V OplusCustomizeCacheManager: queryCache name: sys.cache.common_customize_cache18016 param: null
07-29 20:04:14.767  4948  4948 V OplusCustomizeCacheManager: queryCache name: sys.cache.common_customize_cache18013 param: null
07-29 20:04:14.767  4948  4948 V OplusCustomizeCacheManager: queryCache name: sys.cache.common_customize_cache18014 param: null
07-29 20:04:14.767  5902  5902 D CellBroadcastReceiver: onServiceStateChanged, ss: 1
07-29 20:04:14.767  5902  5902 D CellBroadcastReceiver: networkOperator: 
07-29 20:04:14.767  4948  4948 V OplusCustomizeCacheManager: queryCache name: sys.cache.common_customize_cache18017 param: Bundle[{SETTING=BLOCK, BUSINESS=NCT-DATA}]
07-29 20:04:14.770  4948  4948 I Telephony: y0: onServiceStateChanged: newState=1, mServiceState=3
07-29 20:04:14.770  4948  4948 I Telephony: isRttCurrentlySupported -- regular acct, hasVoiceAvailability: false
07-29 20:04:14.770  4948  4948 I Telephony:  isRttSupported: false
07-29 20:04:14.770  4948  4948 I Telephony:  isUserRttSettingOn: false
07-29 20:04:14.770  4948  4948 I Telephony:  alwaysAllowWhileRoaming: false
07-29 20:04:14.770  4948  4948 I Telephony:  isRoaming: false
07-29 20:04:14.770  4948  4948 I Telephony:  isOnWfc: false
07-29 20:04:14.771  5213  5213 D SubsysEventListenerManager-SubsysTelephonyCallback[0]: onSignalStrengthsChanged
07-29 20:04:14.772  4948  4948 D InternationalRoamingNotification: init
07-29 20:04:14.772  5213  6336 D VirtualCommService2: isSupport. true, true
07-29 20:04:14.772  4948  4948 D OplusVirtualCommUtils: isVirtualCommSupport, vRet: true
07-29 20:04:14.772  4948  4948 I OplusVirtualCommUtils: getVirtualCommDeviceType, vRet: 1
07-29 20:04:14.772  4948  4948 I OplusVirtualCommUtils: isConsumerDeviceType, deviceType: 1
07-29 20:04:14.773  4948  4948 D InternationalRoamingNotification: do not createRoamingNotification for invalid Network
07-29 20:04:14.773  3477  4198 W BestClock: java.time.DateTimeException: Missing network time fix
07-29 20:04:14.773  4948  4948 D OplusTelephonyController: onSignalStrengthChanged: SignalStrength=SignalStrength:{mCdma=CellSignalStrengthCdma: cdmaDbm=2147483647 cdmaEcio=2147483647 evdoDbm=2147483647 evdoEcio=2147483647 evdoSnr=2147483647 level=0,mGsm=CellSignalStrengthGsm: rssi=2147483647 ber=2147483647 mTa=2147483647 mLevel=0,mWcdma=CellSignalStrengthWcdma: ss=2147483647 ber=2147483647 rscp=2147483647 ecno=2147483647 level=0,mTdscdma=CellSignalStrengthTdscdma: rssi=2147483647 ber=2147483647 rscp=2147483647 level=0,mLte=CellSignalStrengthLte: rssi=2147483647 rsrp=2147483647 rsrq=2147483647 rssnr=2147483647 cqiTableIndex=2147483647 cqi=2147483647 ta=2147483647 level=0 parametersUseForLevel=0,mNr=CellSignalStrengthNr:{ csiRsrp = 2147483647 csiRsrq = 2147483647 csiCqiTableIndex = 2147483647 csiCqiReport = [] ssRsrp = 2147483647 ssRsrq = 2147483647 ssSinr = 2147483647 level = 0 parametersUseForLevel = 0 timingAdvance = 2147483647 },primary=CellSignalStrengthLte}
07-29 20:04:14.774  3477  4914 W BestClock: java.time.DateTimeException: Missing network time fix
07-29 20:04:14.774  5213  5213 D SubsysEventListenerManager-SubsysTelephonyCallback[0]: onCellInfoChanged
07-29 20:04:14.774  4877  5734 V OplusCustomizeCacheManager: queryCache name: sys.cache.common_customize_cache18014 param: null
07-29 20:04:14.774  4877  5734 V OplusCustomizeCacheManager: queryCache name: sys.cache.common_customize_cache18017 param: Bundle[{SETTING=BLOCK, BUSINESS=NCT-DATA}]
07-29 20:04:14.774  4877  5734 V OplusCustomizeCacheManager: queryCache name: sys.cache.common_customize_cache18013 param: null
07-29 20:04:14.778  3477  4486 D WifiNative: onSetCountryCodeSucceeded: US
07-29 20:04:14.778  3477  4486 I WifiCountryCode: Receive onSetCountryCodeSucceeded US
07-29 20:04:14.778  3477  4486 I WifiNl80211Manager: Receive country code change to US
07-29 20:04:14.778  2693  2693 I wificond: Receive notifyCountryCodeChanged
07-29 20:04:14.778  2693  2693 I wificond: UpdateBandInfo
07-29 20:04:14.778  3477  4486 D WifiScanRequestProxy: Sending scan available broadcast: true
07-29 20:04:14.778  3477  4490 I WifiScanningService: Received a request to enable scanning, UID = 1000
07-29 20:04:14.778  3477  4490 I WifiScanningService: scanner impls already exists
07-29 20:04:14.778  3477  4490 E WifiScanningService: wifi driver loaded received while already loaded
07-29 20:04:14.778  3477  4486 I WifiScanRequestProxy: Scanning is enabled
07-29 20:04:14.778  3477  4486 I WifiScanRequestProxy: Scanning for hidden networks is disabled
07-29 20:04:14.778  3477  4486 D WakeupController: start()
07-29 20:04:14.778  3477  3477 D OplusWifiBroadCastDispatcher: mBroadcastReceiver: onReceiver  action=android.net.wifi.action.WIFI_SCAN_AVAILABILITY_CHANGED
07-29 20:04:14.778  7110  7110 I OsAgent : onReceive: android.net.wifi.action.WIFI_SCAN_AVAILABILITY_CHANGED
07-29 20:04:14.779  3477  4605 D OplusWifiPower_ConnLpmEventObsever: onReceive EXTRA_SCAN_AVAILABLE availabe = true
07-29 20:04:14.779  3477  4605 D OplusWifiPowerService: onReceive action:android.net.wifi.action.WIFI_SCAN_AVAILABILITY_CHANGED
07-29 20:04:14.779  3477  4605 D OplusWifiSwitchStateMonitor: scan settings change to true
07-29 20:04:14.779  3477  4486 E WifiStaIfaceAidlImpl: setScanMode failed with service-specific exception: android.os.ServiceSpecificException:  (code 4)
07-29 20:04:14.779  2693  2693 I wificond: 2.4Ghz frequencies: 2412 2417 2422 2427 2432 2437 2442 2447 2452 2457 2462
07-29 20:04:14.779  2693  2693 I wificond: 5Ghz non-DFS frequencies: 5180 5200 5220 5240 5745 5765 5785 5805 5825
07-29 20:04:14.779  2693  2693 I wificond: 5Ghz DFS frequencies: 5260 5280 5300 5320 5500 5520 5540 5560 5580 5600 5620 5640 5660 5680 5700
07-29 20:04:14.779  2693  2693 I wificond: 6Ghz frequencies:
07-29 20:04:14.779  2693  2693 I wificond: 60Ghz frequencies:
07-29 20:04:14.779  7110  8269 I OsAgent : updateWiFiScanAvailState, scanAvailable: true
07-29 20:04:14.781  3477  4486 I WifiService: Receive onDriverCountryCodeChanged to US, update available channel list
07-29 20:04:14.781  4877  4877 I SystemUi--QuickSettings: QsLottieUtils-->getLottieAnimFile : qs/qs_airplane_lottie_active_sep_dual_light.json
07-29 20:04:14.781  3477  4486 E ApConfigUtil: Malformed channel value detected: java.lang.NumberFormatException: For input string: ""
07-29 20:04:14.782  4877  4877 I SystemUi--QuickSettings: TemporarilyInfoManager-->[trigger] start from show
07-29 20:04:14.782  4877  4877 I SystemUi--QuickSettings: TemporarilyInfoManager-->[getLayoutParams] translationY=102.08377, translationX=0, width=1080, height=228, isLandscape=false, parent=androidx.constraintlayout.widget.ConstraintLayout{98661ef V.E...... ......ID 0,0-1080,2376 #7f0a09f6 app:id/qs_container_area_layout alpha=1.0 viewInfo = }
07-29 20:04:14.782  3477  4486 E ApConfigUtil: Malformed channel value detected: java.lang.NumberFormatException: For input string: ""
07-29 20:04:14.782  4877  4877 I SystemUi--Common: ViewExt-->[startAlongWithPosition] com.oplus.systemui.qs.base.temporarilyinfo.TemporarilyInfoManager$createViewToParent$1{32bf23f V.ED..... ......ID 0,0-0,0 #7f0a0cb6 app:id/temporarily_info_view alpha=0.0 viewInfo = } alongWith android.widget.RelativeLayout{93f870c V.E...... ........ 0,102-1080,222 #7f0a0a2e app:id/qs_status_bar_container_layout alpha=1.0 viewInfo = }
07-29 20:04:14.782  4877  4877 I SystemUi--QuickSettings: TemporarilyInfoManager-->[showElement] com.oplus.systemui.qs.base.temporarilyinfo.TemporarilyInfoManager$createViewToParent$1{32bf23f V.ED..... ......ID 0,0-0,0 #7f0a0cb6 app:id/temporarily_info_view alpha=0.0 viewInfo = } for Element(text=Airplane mode off, groupId=Airplane mode, style=InfoShowStyle(textSize=16.0, sizeUnit=2, textColor=-1, showDuration=1500, alongWithReplacedView=true))
07-29 20:04:14.782  1793  8206 E WifiHAL : wifi_get_usable_channels: Error -5 waiting for response.
07-29 20:04:14.782  3477  4486 E WifiChipAidlImpl: getUsableChannels failed with service-specific exception: android.os.ServiceSpecificException:  (code 7)
07-29 20:04:14.782  4877  4877 I SystemUi--QuickSettings: TemporarilyInfoManager-->[animateShow] com.oplus.systemui.qs.base.temporarilyinfo.TemporarilyInfoManager$createViewToParent$1{32bf23f VFED..C.. ......ID 0,0-0,0 #7f0a0cb6 app:id/temporarily_info_view alpha=0.0 viewInfo = } start
07-29 20:04:14.782  1893  1939 I [UAH_CLIENT]: UahRelease, handle:44
07-29 20:04:14.782  3477  4486 E ApConfigUtil: Malformed channel value detected: java.lang.NumberFormatException: For input string: ""
07-29 20:04:14.783  3477  4604 D OplusSoftApManager: Support Wi-Fi6 SAP
07-29 20:04:14.783  3477  4486 I WifiService: Receive onDriverCountryCodeChanged to US, update available channel list
07-29 20:04:14.784  3477  4486 E ApConfigUtil: Malformed channel value detected: java.lang.NumberFormatException: For input string: ""
07-29 20:04:14.784  3477  4486 E ApConfigUtil: Malformed channel value detected: java.lang.NumberFormatException: For input string: ""
07-29 20:04:14.785  1793  8206 E WifiHAL : wifi_get_usable_channels: Error -5 waiting for response.
07-29 20:04:14.785  3477  4486 E WifiChipAidlImpl: getUsableChannels failed with service-specific exception: android.os.ServiceSpecificException:  (code 7)
07-29 20:04:14.785  3477  4486 E ApConfigUtil: Malformed channel value detected: java.lang.NumberFormatException: For input string: ""
07-29 20:04:14.785  3477  4486 I WifiApConfigStore: Chip capability is updated, check config
07-29 20:04:14.799  4877  4877 I SystemUi--QuickSettings: QsLottieUtils-->getLottieAnimFile : qs/qs_cellular_lottie_active_sep_dual_light.json
07-29 20:04:14.817  3306  3894 D QmiClient: qmiServiceEventCallback recv msg id 1106
07-29 20:04:14.817  3306  3894 D QmiVsClient: enter - onQmiServiceEventCallback msgId 1106
07-29 20:04:14.817  3306  3336 D VsProxy : handleMessage msg is 2425
07-29 20:04:14.817  3306  3336 D VsProxy : handleServingCellInfoChangeInd for instance 0
07-29 20:04:14.817  3306  3306 D RadioServiceIndication: radioServingCellInfoInd
07-29 20:04:14.818  3306  3306 D RadioServiceIndication: radioServingCellInfoInd
07-29 20:04:14.819  5213  6336 D SubsysRadioIndication[0]: radioServingCellInfoInd
07-29 20:04:14.819  5213  6336 D SubsysRadioIndication[0]: radioServingCellInfoInd
07-29 20:04:14.819  5213  5213 D NetworkService[0]: handleMessage what:1003
07-29 20:04:14.820  5213  5213 D NetworkService[0]: handleMessage what:1003
07-29 20:04:14.820  5012  6020 D RadioEvent: onCellInfoChanged slotId=0
07-29 20:04:14.821  5012  6020 D RadioEvent: onCellInfoChanged slotId=0
07-29 20:04:14.822  3306  3887 D QmiClient: qmiServiceEventCallback recv msg id 78
07-29 20:04:14.822  3306  3887 D QmiNasClient: enter : onQmiServiceEventCallback msgId 78
07-29 20:04:14.822  3306  3887 D QmiNasClientEvent: qmiNasClientNotifySysInfoEvent lte_ims_voice_avail_valid 0
07-29 20:04:14.822  3306  3360 D NasProxy: handleMessage msg is 2101
07-29 20:04:14.822  3306  3360 D NasProxy: handleNasSysInfoEvent for instance 0
07-29 20:04:14.822  5213  7321 D SubsysRadioIndication[0]: radioNr5gFreqTypeIndication, nr5gFreqType = 0
07-29 20:04:14.822  5213  5213 D QtiCellularNetwork: handleNr5gFreqTypeChanged 0, nr5gFreqType = 0
07-29 20:04:14.825  5079  6326 I QImsService: ImsRadioIndicationAidl : onServiceDomainChanged()[SUB0]
07-29 20:04:14.825  5079  6326 I QImsService: ImsSenderRxr : [UNSL]< UNSOL_SERVICE_DOMAIN_CHANGED 0[SUB0]
07-29 20:04:14.826  5079  5079 I QImsService: ImsRegistrationController : Message received: what = 5
07-29 20:04:14.826  5079  5079 I QImsService: ImsRegistrationController : handleSrvDomainChanged
07-29 20:04:14.827  5149  6186 D IWlanJni: getDataRegistrationState start
07-29 20:04:14.827  5007  5055 D QtiOemHookAidl: oemHookRawIndication length=21
07-29 20:04:14.828  5007  5007 D QcrilMsgTunnelIfaceManager: handleMessage what = 0
07-29 20:04:14.828  5149  6204 D IWlanJni: new aidl event arrived
07-29 20:04:14.828  5149  6204 D IWlanJni: handleEvent 10
07-29 20:04:14.828  5149  6204 D IWlanJni: isThreadAttached start
07-29 20:04:14.828  5149  6204 D IWlanJni: jni detached
07-29 20:04:14.828  5149  6204 D IWlanJni: jni attached
07-29 20:04:14.828  5149  6204 D IWlanJni: getDataRegistrationStateResponse start
07-29 20:04:14.828  5149  6204 D IWlanJni: getJavaCallbackClass start
07-29 20:04:14.828  5149  6204 D IWlanJni: getJavaCallbackClass End midIs[1]
07-29 20:04:14.828  5149  6204 I IWlanAidlClient: getDataRegistrationStateResponse called
07-29 20:04:14.828  5149  6203 W IWlanNetworkService: 14 > Response Processed
07-29 20:04:14.829  4948  4948 D QC_RIL_OEM_HOOK: Received Broadcast Intent ACTION_UNSOL_RESPONSE_OEM_HOOK_RAW
07-29 20:04:14.829  4948  4948 D QC_RIL_OEM_HOOK: Received Broadcast Intent ACTION_UNSOL_RESPONSE_OEM_HOOK_RAW
07-29 20:04:14.829  4948  4948 D QC_RIL_OEM_HOOK: Received Broadcast Intent ACTION_UNSOL_RESPONSE_OEM_HOOK_RAW
07-29 20:04:14.829  5007  5007 D QC_RIL_OEM_HOOK: Received Broadcast Intent ACTION_UNSOL_RESPONSE_OEM_HOOK_RAW
07-29 20:04:14.831  4948  4948 D OplusTelephonyController: onSignalStrengthChanged: SignalStrength=SignalStrength:{mCdma=CellSignalStrengthCdma: cdmaDbm=2147483647 cdmaEcio=2147483647 evdoDbm=2147483647 evdoEcio=2147483647 evdoSnr=2147483647 level=0,mGsm=CellSignalStrengthGsm: rssi=2147483647 ber=2147483647 mTa=2147483647 mLevel=0,mWcdma=CellSignalStrengthWcdma: ss=2147483647 ber=2147483647 rscp=2147483647 ecno=2147483647 level=0,mTdscdma=CellSignalStrengthTdscdma: rssi=2147483647 ber=2147483647 rscp=2147483647 level=0,mLte=CellSignalStrengthLte: rssi=2147483647 rsrp=2147483647 rsrq=2147483647 rssnr=2147483647 cqiTableIndex=2147483647 cqi=2147483647 ta=2147483647 level=0 parametersUseForLevel=0,mNr=CellSignalStrengthNr:{ csiRsrp = 2147483647 csiRsrq = 2147483647 csiCqiTableIndex = 2147483647 csiCqiReport = [] ssRsrp = 2147483647 ssRsrq = 2147483647 ssSinr = 2147483647 level = 0 parametersUseForLevel = 0 timingAdvance = 2147483647 },primary=CellSignalStrengthLte}
07-29 20:04:14.832  5213  5213 D SubsysEventListenerManager-SubsysTelephonyCallback[0]: onSignalStrengthsChanged
07-29 20:04:14.832  5149  6186 D IWlanJni: getDataRegistrationState start
07-29 20:04:14.832  5149  6204 D IWlanJni: new aidl event arrived
07-29 20:04:14.832  5149  6204 D IWlanJni: handleEvent 10
07-29 20:04:14.832  5149  6204 D IWlanJni: isThreadAttached start
07-29 20:04:14.832  5149  6204 D IWlanJni: jni detached
07-29 20:04:14.832  5149  6204 D IWlanJni: jni attached
07-29 20:04:14.833  5149  6204 D IWlanJni: getDataRegistrationStateResponse start
07-29 20:04:14.833  5149  6204 D IWlanJni: getJavaCallbackClass start
07-29 20:04:14.833  5149  6204 D IWlanJni: getJavaCallbackClass End midIs[1]
07-29 20:04:14.833  5149  6204 I IWlanAidlClient: getDataRegistrationStateResponse called
07-29 20:04:14.833  5149  6203 W IWlanNetworkService: 15 > Response Processed
07-29 20:04:14.837  4948  4948 W Settings: Setting airplane_mode_on has moved from android.provider.Settings.System to android.provider.Settings.Global, returning read-only value.
07-29 20:04:14.837  5012  6054 D NAS-CallIssueDetector: onPollCsPsRegStateChanged slotid = 0
07-29 20:04:14.837  5012  6054 D NAS-CallIssueDetector: notifyRealOosChanged
07-29 20:04:14.837  5012  6054 D OplusCiwlanController: [vodata] getSubId subid =  1
07-29 20:04:14.838  5012  6057 W BluetoothAdapterExtImpl: getBluetoothConnectionCount：mOplusBluetooth null!
07-29 20:04:14.838  3477  4914 W BestClock: java.time.DateTimeException: Missing network time fix
07-29 20:04:14.838  3477  3477 D OplusWifiBroadCastDispatcher: mBroadcastReceiver: onReceiver  action=oplus.intent.action.MCC_CHANGE
07-29 20:04:14.838  5012  6054 D OplusCiwlanController: [vodata] processOosChanged  phoneid = 0,cur regstate = 1,old regstate = -1
07-29 20:04:14.838  5012  6054 D OplusCiwlanController: [vodata] getSubId subid =  -1
07-29 20:04:14.838  5012  6054 D OplusCiwlanController: [vodata] processOosChanged  phoneid = 1,cur regstate = 1,old regstate = -1
07-29 20:04:14.839  3477  4198 W BestClock: java.time.DateTimeException: Missing network time fix
07-29 20:04:14.839  4663  4730 D CNGmsControlService: receive:oplus.intent.action.MCC_CHANGE
07-29 20:04:14.839  5012  6057 D TelephonyImpl: isRequestingMms
07-29 20:04:14.839  5012  6057 D TelephonyImpl: getReleaseMmsNetworkTime
07-29 20:04:14.839  4877  5734 V OplusCustomizeCacheManager: queryCache name: sys.cache.common_customize_cache18014 param: null
07-29 20:04:14.839  4877  5734 V OplusCustomizeCacheManager: queryCache name: sys.cache.common_customize_cache18017 param: Bundle[{SETTING=BLOCK, BUSINESS=NCT-DATA}]
07-29 20:04:14.839  4877  5734 V OplusCustomizeCacheManager: queryCache name: sys.cache.common_customize_cache18013 param: null
07-29 20:04:14.839  5012  6057 D OplusDdsSwitchStrategy: Md,OplusCheckFeature,RETURN_TO_CUR_ACTION_DDS
07-29 20:04:14.840  7357  7357 I 7357PAS.MccChangeReceiver_Travel: onReceive
07-29 20:04:14.840  4663  4730 D CNGmsControlService: mcc1=001 mcc2=null GmsState=2 TagWhitelistApp=true UserDisableCount=0 SettingsGmsState=1
07-29 20:04:14.841  3306  3887 D QmiClient: qmiServiceEventCallback recv msg id 276
07-29 20:04:14.841  3306  3887 D QmiNasClient: enter : onQmiServiceEventCallback msgId 276
07-29 20:04:14.841  3306  3887 D QmiNasClientEvent: qmiNasClientAccessBarringStatusEvent - RADIO_EVENT_NAS_ACCESS_BARRING_STATUS_IND
07-29 20:04:14.841  3310  3888 D QmiClient: qmiServiceEventCallback recv msg id 276
07-29 20:04:14.841  3310  3888 D QmiNasClient: enter : onQmiServiceEventCallback msgId 276
07-29 20:04:14.841  3310  3888 D QmiNasClientEvent: qmiNasClientAccessBarringStatusEvent - RADIO_EVENT_NAS_ACCESS_BARRING_STATUS_IND
07-29 20:04:14.841  3310  3354 D NasProxy: handleMessage msg is 2104
07-29 20:04:14.841  3306  3360 D NasProxy: handleMessage msg is 2104
07-29 20:04:14.842  7357  8590 D NetWorkMonitor: addNetStateListener :true
