device
--------- beginning of main
07-28 20:05:41.512  1978  1978 D SensorFeature: name=ssc_screenshot_info ,index = 22
07-28 20:05:41.512  1978  1978 D SensorFeature: write 29 bytes:48129062115,50294862427,131,0
07-28 20:05:41.651  1899  4430 I Dpps    : LtmSwState::SetParameter():144 ignore cmd 7 in state LtmOffState
07-28 20:05:41.746  1989  2024 D BatteryChargeControl: bcc get no support from charging protocol
07-28 20:05:41.815  1978  1978 D SensorFeature: name=ssc_screenshot_info ,index = 22
07-28 20:05:41.815  1978  1978 D SensorFeature: write 29 bytes:48129062115,50597129927,132,0
07-28 20:05:41.913  1823  4442 I sensors-hal: handle_oplus_wise_rgb_event:189, high_pwm_light:lux 264.6,cct 3596.7,brl/algo/ir 1441.0/2.0/16.9,pwm/dc 0.0/0.0,rgbc 20592.058594/12760.108398/5878.765137/37922.234375,ts 50557063848,cnt 690,flag 132
07-28 20:05:41.914  1899  4430 I Dpps    : LtmSwState::SetParameter():144 ignore cmd 7 in state LtmOffState
07-28 20:05:41.924  3513  4905 W Binder  : Outgoing transactions from this process must be FLAG_ONEWAY
07-28 20:05:41.924  3513  4905 W Binder  : java.lang.Throwable
07-28 20:05:41.924  3513  4905 W Binder  : 	at android.os.BinderProxy.transact(BinderProxy.java:633)
07-28 20:05:41.924  3513  4905 W Binder  : 	at android.content.ContentProviderProxy.insert(ContentProviderNative.java:587)
07-28 20:05:41.924  3513  4905 W Binder  : 	at android.content.ContentProviderClient.insert(ContentProviderClient.java:347)
07-28 20:05:41.924  3513  4905 W Binder  : 	at android.content.ContentProviderClient.insert(ContentProviderClient.java:336)
07-28 20:05:41.924  3513  4905 W Binder  : 	at com.oplus.util.OplusStatisticsImpl.insert(OplusStatisticsImpl.java:307)
07-28 20:05:41.924  3513  4905 W Binder  : 	at com.oplus.util.OplusStatisticsImpl.sendDataToDCS(OplusStatisticsImpl.java:287)
07-28 20:05:41.924  3513  4905 W Binder  : 	at com.oplus.util.OplusStatisticsImpl.flushInternal(OplusStatisticsImpl.java:264)
07-28 20:05:41.924  3513  4905 W Binder  : 	at com.oplus.util.OplusStatisticsImpl.lambda$setDelayFlushJobIfNeed$4(OplusStatisticsImpl.java:211)
07-28 20:05:41.924  3513  4905 W Binder  : 	at com.oplus.util.OplusStatisticsImpl.$r8$lambda$4UYTp2NCu6Rml69JNqEuK7o54SI(Unknown Source:0)
07-28 20:05:41.924  3513  4905 W Binder  : 	at com.oplus.util.OplusStatisticsImpl$$ExternalSyntheticLambda5.run(D8$$SyntheticClass:0)
07-28 20:05:41.924  3513  4905 W Binder  : 	at java.util.concurrent.Executors$RunnableAdapter.call(Executors.java:487)
07-28 20:05:41.924  3513  4905 W Binder  : 	at java.util.concurrent.FutureTask.run(FutureTask.java:290)
07-28 20:05:41.924  3513  4905 W Binder  : 	at java.util.concurrent.ScheduledThreadPoolExecutor$ScheduledFutureTask.run(ScheduledThreadPoolExecutor.java:307)
07-28 20:05:41.924  3513  4905 W Binder  : 	at java.util.concurrent.ThreadPoolExecutor.runWorker(ThreadPoolExecutor.java:1145)
07-28 20:05:41.924  3513  4905 W Binder  : 	at java.util.concurrent.ThreadPoolExecutor$Worker.run(ThreadPoolExecutor.java:644)
07-28 20:05:41.924  3513  4905 W Binder  : 	at java.lang.Thread.run(Thread.java:1012)
--------- beginning of system
07-28 20:05:41.937  3513  3784 D VRR [OPlusGameStatusManager]: handleMessage: 7004
07-28 20:05:41.937  3513  3784 D VRR [OPlusGameStatusManager]: handleBrightnessDone
07-28 20:05:41.997 10813 11061 D BootUtil: savedDiffTime: 1753747491217, currentDiffTime: 1753747491217, isReboot: false
07-28 20:05:42.089  1989  7320 D charge_time: write 19168s(05:19:28) to ttf, rc=7
07-28 20:05:42.090  1989  7320 D charge_time: type=sdp,reserve_soc=2,soc=51,ui_soc=53,current=93,avg=93,not_chg_cnt=0,stable_cnt=7,fcc=5724,fcc_ratio=94,delta=35,debug=0,region=16,ttf=49618(13:46:58),ui_ttf=19168(05:19:28)
07-28 20:05:42.118  1978  1978 D SensorFeature: name=ssc_screenshot_info ,index = 22
07-28 20:05:42.118  1978  1978 D SensorFeature: write 29 bytes:48129062115,50899774146,133,0
07-28 20:05:42.179  1899  4430 I Dpps    : LtmSwState::SetParameter():144 ignore cmd 7 in state LtmOffState
07-28 20:05:42.420  1978  1978 D SensorFeature: name=ssc_screenshot_info ,index = 22
07-28 20:05:42.420  1978  1978 D SensorFeature: write 29 bytes:48129062115,51202363312,134,0
07-28 20:05:42.443  1823  4442 I sensors-hal: handle_oplus_wise_rgb_event:189, high_pwm_light:lux 264.3,cct 3605.4,brl/algo/ir 1441.0/2.0/17.6,pwm/dc 0.0/0.0,rgbc 20601.574219/12773.928711/5898.014648/37932.269531,ts 51161423536,cnt 700,flag 134
07-28 20:05:42.445  1899  4430 I Dpps    : LtmSwState::SetParameter():144 ignore cmd 7 in state LtmOffState
07-28 20:05:42.482  3513  3776 D OplusFeatureHDREnhanceBrightness: notifySfForceUpdate, mFlinger is null 
07-28 20:05:42.484  3513  3776 D OplusFeatureHDREnhanceBrightness: checkIsPlayingHDR isPlayingHDR=0 rotation=0 whiteApp=false battery=53
07-28 20:05:42.593  4995  5908 W BluetoothAdapterExtImpl: getBluetoothConnectionCount：mOplusBluetooth null!
07-28 20:05:42.596  4995  5908 D TelephonyImpl: isRequestingMms
07-28 20:05:42.597  4995  5908 D TelephonyImpl: getReleaseMmsNetworkTime
07-28 20:05:42.599  4995  5908 D OplusDdsSwitchStrategy: Md,OplusCheckFeature,RETURN_TO_CUR_ACTION_DDS
07-28 20:05:42.670  1804  1804 D healthd : system healthd: battery l=53 v=3901 t=33.5 h=2 st=2 c=-182 fc=5920000 cc=19 chg=u
07-28 20:05:42.706  1989  1989 D vendor.oplus.hardware.charger-V7-service: get_ui_charge_icon_type 0 0 0 0 0
07-28 20:05:42.706  1989  1989 D vendor.oplus.hardware.charger-V7-service: oplus_chg_get_cpa_power 2500 charge_online 1 retention_topic 0
07-28 20:05:42.706  1989  1989 D vendor.oplus.hardware.charger-V7-service: oplus_chg_get_cpa_power 2500 charge_online 1 retention_topic 0
07-28 20:05:42.706  1989  1989 D vendor.oplus.hardware.charger-V7-service: getIsSingleHyperSupport=2, cpa_power=2
07-28 20:05:42.708  3513  3757 D BatteryStatsImplExtImpl: updateStandbyStatistics time interval is too short, ingore.
07-28 20:05:42.708  3513  3757 D BatteryStatsImplExtImpl: rpmhStats is null or interval time is too short.
07-28 20:05:42.722  1978  1978 D SensorFeature: name=ssc_screenshot_info ,index = 22
07-28 20:05:42.722  1978  1978 D SensorFeature: write 29 bytes:48129062115,51504809302,135,0
07-28 20:05:42.725  1899  4430 I Dpps    : LtmSwState::SetParameter():144 ignore cmd 7 in state LtmOffState
07-28 20:05:42.747  1989  2024 D BatteryChargeControl: bcc get no support from charging protocol
07-28 20:05:42.867  4995  6331 I PCDR-common_no_service[0]: lift forbidden
07-28 20:05:42.868  4995  6331 I PCDR-common_no_45g[0]: lift forbidden
07-28 20:05:42.890  3513  4397 V AlarmManager: sending alarm Alarm{19e75ad type 2 origWhen 51673 whenElapsed 51673 android} uid 1000 whenElapsed 51673 windowLength 0 maxWhenElapsed 51673 repeatInterval 0 action null component null tag $android.alarm.generated:1000:51673 flags 0x9 procName system_server
07-28 20:05:42.893  3513  3703 D LocationManagerService: network provider removed registration from 10154/com.coloros.assistantscreen/61A470B8
07-28 20:05:42.911  5176  5176 D SubsysEventListenerManager-SubsysTelephonyCallback[0]: onCellInfoChanged
07-28 20:05:42.912  6686  6698 W System  : A resource failed to call AbstractCursor.close. 
07-28 20:05:42.913  6686  6698 W System  : A resource failed to call AbstractCursor.close. 
07-28 20:05:42.913  6686  6698 W System  : A resource failed to call AbstractCursor.close. 
07-28 20:05:42.913  6686  6698 W System  : A resource failed to call AbstractCursor.close. 
07-28 20:05:42.971  1823  4442 I sensors-hal: handle_oplus_wise_rgb_event:189, high_pwm_light:lux 264.4,cct 3603.4,brl/algo/ir 1441.0/2.0/17.6,pwm/dc 0.0/0.0,rgbc 20582.542969/12760.108398/5874.915039/37897.140625,ts 51509908953,cnt 710,flag 135
07-28 20:05:42.973  1899  4430 I Dpps    : LtmSwState::SetParameter():144 ignore cmd 7 in state LtmOffState
07-28 20:05:43.024  1978  1978 D SensorFeature: name=ssc_screenshot_info ,index = 22
07-28 20:05:43.024  1978  1978 D SensorFeature: write 29 bytes:48129062115,51806791177,136,0
07-28 20:05:43.091  1989  7320 D charge_time: type=sdp,reserve_soc=2,soc=51,ui_soc=53,current=182,avg=110,not_chg_cnt=0,stable_cnt=7,fcc=5724,fcc_ratio=94,delta=36,debug=0,region=16,ttf=41945(11:39:05),ui_ttf=19167(05:19:27)
07-28 20:05:43.169  3513  4631 E OplusNetworkStackManager: initService mNetworkStackService is null, try again in 10s
07-28 20:05:43.239  3513  4374 D FusionLightNextGen: process end reported = 1, mode: 0, lux 495.7, cct -1.0, r/g/b/c: 20587.3/12769.3/5878.8/37907.2, R/G/B: 106.0/100.0/99.0, bri 1441.0, match 1.00, ir 0.017843, conf 0.0, ts 51791280255
07-28 20:05:43.241  1899  4430 I Dpps    : LtmSwState::SetParameter():144 ignore cmd 7 in state LtmOffState
07-28 20:05:43.332  1978  1978 D SensorFeature: name=ssc_screenshot_info ,index = 22
07-28 20:05:43.333  1978  1978 D SensorFeature: write 29 bytes:48129062115,52114194354,137,0
07-28 20:05:43.333  1787  1789 E Diag-Router: diag: glinkpkt_open: failed to create control node for slate_apps
07-28 20:05:43.333  1787  1790 E Diag-Router: diag: glinkpkt_open: failed to create control node for slate_adsp
07-28 20:05:43.333  1787  1790 E Diag-Router: diag: diag_glinkpkt_open_thread: Glinkpkt_open failed for perif: 13 with err: -1, retry_cnt: 8
07-28 20:05:43.333  1787  1789 E Diag-Router: diag: diag_glinkpkt_open_thread: Glinkpkt_open failed for perif: 12 with err: -1, retry_cnt: 8
07-28 20:05:43.489  3513  3734 D OomAdjuster: Not killing cached processes
07-28 20:05:43.492  6442 12074 D ContactsProvider: performBackgroundTask: task id: 20
07-28 20:05:43.492  6442 12074 D ContactsProvider: performBackgroundTask: task id: 24
07-28 20:05:43.492  6442 12074 D ContactsProvider: performBackgroundTask: task id: 21
07-28 20:05:43.492  6442 12074 D ContactsProvider: performBackgroundTask GET_QUICKSEARCH_VALUE
07-28 20:05:43.492  3513  4785 I Osense-BaseDecisionMaker: notifySceneToAthenaPolicy: SCENE_IDLE_RECOVER, bundle: Bundle[{scene=SCENE_IDLE_RECOVER}]
07-28 20:05:43.492  6442 12074 D ContactsProvider: performBackgroundTask: task id: 27
07-28 20:05:43.494  6442 12074 I com.customize.statistics.UploadStatisticsJobService: bootPermissionGranted : true
07-28 20:05:43.494  3513  4785 I Osense-BaseDecisionMaker: scene: SCENE_IDLE_RECOVER, excutingPolicy: respreload
07-28 20:05:43.495  3513  4785 D Osense-BaseDecisionMaker: invoke process preload policy
07-28 20:05:43.495  3513  4785 I Osense-BaseDecisionMaker: scene: SCENE_IDLE_RECOVER, excutingPolicy: clear
07-28 20:05:43.495  3513  4785 D Osense-BaseDecisionMaker: invoke clear policy,type: unforbid
07-28 20:05:43.495  3513  4785 I OsenseKillAction: KillAction: unhandled request: id=5, enable=true, scene=SCENE_IDLE_RECOVER, type=unforbid, cchOnly=false, appcare=0
07-28 20:05:43.495  6442 12074 D ContactsProvider: performBackgroundTask: task id: 28
07-28 20:05:43.496  6442 12074 D ContactsProvider: performBackgroundTask: task id: 33
07-28 20:05:43.496  6442 12074 I ContactNumberHashHelper: start updateExistNumberHash
07-28 20:05:43.496  6442 12074 D ContactNumberHashHelper: updateExistNumberHash hasUpdated
07-28 20:05:43.501  1823  4442 I sensors-hal: handle_oplus_wise_rgb_event:189, high_pwm_light:lux 264.1,cct 3597.6,brl/algo/ir 1441.0/2.0/17.5,pwm/dc 0.0/0.0,rgbc 20563.511719/12769.322266/5867.215332/37897.140625,ts 52072816661,cnt 720,flag 137
07-28 20:05:43.502  1899  4430 I Dpps    : LtmSwState::SetParameter():144 ignore cmd 7 in state LtmOffState
07-28 20:05:43.552  1989  2022 D vendor.oplus.hardware.charger-V7-service: ret_value:111, read content:,335,363,3901,3900,-182,51,53,1,1,0,491,4622,52,1,4475,300,500,0,7,-22,7,0,1,0,2,0,0,0,1,6098,99,0,0,0,0,0,0,0
07-28 20:05:43.553  1989  2022 D vendor.oplus.hardware.charger-V7-service: gmtime: 2025-07-28-20-05-43
07-28 20:05:43.553  1989  2022 D vendor.oplus.hardware.charger-V7-service: usb_online:1, ac_online:-2147483648, wireless_online:0
07-28 20:05:43.553  1989  2008 D vendor.oplus.hardware.charger-V7-service: s_chg_user_mode: 3
07-28 20:05:43.553  1989  2008 D vendor.oplus.hardware.charger-V7-service: scale_chg Start!!!
07-28 20:05:43.554  1989  2008 D vendor.oplus.hardware.charger-V7-service: [0, 0, 3]
07-28 20:05:43.554  1989  2008 D vendor.oplus.hardware.charger-V7-service: [0, 2, 9]
07-28 20:05:43.554  1989  2008 D vendor.oplus.hardware.charger-V7-service: [0, 1, 3]
07-28 20:05:43.554  1989  2008 D vendor.oplus.hardware.charger-V7-service: [0, 3, 3]
07-28 20:05:43.554  1989  2008 D vendor.oplus.hardware.charger-V7-service: [0, 4, 3]
07-28 20:05:43.554  1989  2008 D vendor.oplus.hardware.charger-V7-service: [0, 5, 5]
07-28 20:05:43.554  1989  2008 D vendor.oplus.hardware.charger-V7-service: [0, 6, 9]
07-28 20:05:43.554  1989  2008 D vendor.oplus.hardware.charger-V7-service: scale_chg Start!!!
07-28 20:05:43.554  1989  2008 D vendor.oplus.hardware.charger-V7-service: [0, 0, 3]
07-28 20:05:43.555  1989  2008 D vendor.oplus.hardware.charger-V7-service: [0, 2, 10]
07-28 20:05:43.555  1989  2008 D vendor.oplus.hardware.charger-V7-service: [0, 1, 3]
07-28 20:05:43.555  1989  2008 D vendor.oplus.hardware.charger-V7-service: [0, 3, 3]
07-28 20:05:43.555  1989  2008 D vendor.oplus.hardware.charger-V7-service: [0, 4, 3]
07-28 20:05:43.555  1989  2008 D vendor.oplus.hardware.charger-V7-service: [0, 5, 3]
07-28 20:05:43.555  1989  2008 D vendor.oplus.hardware.charger-V7-service: [0, 6, 10]
07-28 20:05:43.639  1978  1978 D SensorFeature: name=ssc_screenshot_info ,index = 22
07-28 20:05:43.639  1978  1978 D SensorFeature: write 29 bytes:48129062115,52420444041,138,0
07-28 20:05:43.750  1989  2024 D BatteryChargeControl: bcc get no support from charging protocol
07-28 20:05:43.771  1899  4430 I Dpps    : LtmSwState::SetParameter():144 ignore cmd 7 in state LtmOffState
07-28 20:05:43.866 12900 13032 D ProfileInstaller: Installing profile for com.oplus.linker
07-28 20:05:43.941  1978  1978 D SensorFeature: name=ssc_screenshot_info ,index = 22
07-28 20:05:43.941  1978  1978 D SensorFeature: write 29 bytes:48129062115,52723802843,139,0
07-28 20:05:44.036  1823  4442 I sensors-hal: handle_oplus_wise_rgb_event:189, high_pwm_light:lux 264.0,cct 3603.7,brl/algo/ir 1441.0/2.0/17.6,pwm/dc 0.0/0.0,rgbc 20568.269531/12760.108398/5878.765137/37902.160156,ts 52685596088,cnt 730,flag 139
07-28 20:05:44.038  1899  4430 I Dpps    : LtmSwState::SetParameter():144 ignore cmd 7 in state LtmOffState
07-28 20:05:44.093  1989  7320 D charge_time: type=sdp,reserve_soc=2,soc=51,ui_soc=53,current=182,avg=128,not_chg_cnt=0,stable_cnt=7,fcc=5724,fcc_ratio=94,delta=37,debug=0,region=16,ttf=36041(10:00:41),ui_ttf=19166(05:19:26)
07-28 20:05:44.247  1978  1978 D SensorFeature: name=ssc_screenshot_info ,index = 22
07-28 20:05:44.247  1978  1978 D SensorFeature: write 29 bytes:48129062115,53028839353,140,0
07-28 20:05:44.299  1899  4430 I Dpps    : LtmSwState::SetParameter():144 ignore cmd 7 in state LtmOffState
07-28 20:05:44.551  1978  1978 D SensorFeature: name=ssc_screenshot_info ,index = 22
07-28 20:05:44.551  1978  1978 D SensorFeature: write 29 bytes:48129062115,53332913988,141,0
07-28 20:05:44.565  1823  4442 I sensors-hal: handle_oplus_wise_rgb_event:189, high_pwm_light:lux 264.1,cct 3600.7,brl/algo/ir 1441.0/2.0/17.6,pwm/dc 0.0/0.0,rgbc 20563.511719/12755.502930/5874.915039/37877.070312,ts 53298082286,cnt 740,flag 141
07-28 20:05:44.567  1899  4430 I Dpps    : LtmSwState::SetParameter():144 ignore cmd 7 in state LtmOffState
07-28 20:05:44.751  1989  2024 D BatteryChargeControl: bcc get no support from charging protocol
07-28 20:05:44.860  1978  1978 D SensorFeature: name=ssc_screenshot_info ,index = 22
07-28 20:05:44.861  1978  1978 D SensorFeature: write 29 bytes:48129062115,53641631801,142,0
07-28 20:05:44.865  1899  4430 I Dpps    : LtmSwState::SetParameter():144 ignore cmd 7 in state LtmOffState
07-28 20:05:44.906  5176  5972 E OplusNetworkStackManager: initService mNetworkStackService is null, try again in 10s
07-28 20:05:44.934  3513  3730 D Theia.TransparentWindow: handleMessage CHECK_TRANS_WINDOW_ERROR_MSG
07-28 20:05:45.095  1823  4442 I sensors-hal: handle_oplus_wise_rgb_event:189, high_pwm_light:lux 264.7,cct 3603.4,brl/algo/ir 1441.0/2.0/17.0,pwm/dc 0.0/0.0,rgbc 20568.269531/12773.928711/5886.464844/37897.140625,ts 53629649890,cnt 750,flag 142
07-28 20:05:45.096  1989  7320 D charge_time: type=sdp,reserve_soc=2,soc=51,ui_soc=53,current=182,avg=146,not_chg_cnt=0,stable_cnt=7,fcc=5724,fcc_ratio=94,delta=38,debug=0,region=16,ttf=31593(08:46:33),ui_ttf=19165(05:19:25)
07-28 20:05:45.097  1899  4430 I Dpps    : LtmSwState::SetParameter():144 ignore cmd 7 in state LtmOffState
07-28 20:05:45.166  1978  1978 D SensorFeature: name=ssc_screenshot_info ,index = 22
07-28 20:05:45.167  1978  1978 D SensorFeature: write 29 bytes:48129062115,53947656072,143,0
07-28 20:05:45.363  1899  4430 I Dpps    : LtmSwState::SetParameter():144 ignore cmd 7 in state LtmOffState
07-28 20:05:45.399  4917  6190 E OplusNetworkStackManager: initService mNetworkStackService is null, try again in 10s
07-28 20:05:45.473  1978  1978 D SensorFeature: name=ssc_screenshot_info ,index = 22
07-28 20:05:45.473  1978  1978 D SensorFeature: write 29 bytes:48129062115,54254497530,144,0
07-28 20:05:45.622  1823  4442 I sensors-hal: handle_oplus_wise_rgb_event:189, high_pwm_light:lux 264.3,cct 3596.0,brl/algo/ir 1441.0/2.0/17.0,pwm/dc 0.0/0.0,rgbc 20582.542969/12769.322266/5882.614746/37922.234375,ts 54217700255,cnt 760,flag 144
07-28 20:05:45.623  1899  4430 I Dpps    : LtmSwState::SetParameter():144 ignore cmd 7 in state LtmOffState
07-28 20:05:45.752  1989  2024 D BatteryChargeControl: bcc get no support from charging protocol
07-28 20:05:45.777  1978  1978 D SensorFeature: name=ssc_screenshot_info ,index = 22
07-28 20:05:45.777  1978  1978 D SensorFeature: write 29 bytes:48129062115,54558860967,145,0
07-28 20:05:45.891  3513  4374 D FusionLightNextGen: process end reported = 1, mode: 0, lux 497.6, cct -1.0, r/g/b/c: 20601.6/12760.1/5894.2/37972.4, R/G/B: 106.0/100.0/99.0, bri 1441.0, match 1.00, ir 0.017169, conf 0.0, ts 54540522390
07-28 20:05:45.892  1899  4430 I Dpps    : LtmSwState::SetParameter():144 ignore cmd 7 in state LtmOffState
07-28 20:05:46.001  6599  6636 E oiface  : sched_setaffinity failed
07-28 20:05:46.003  1989  1989 D vendor.oplus.hardware.charger-V7-service: getChargerControl:
07-28 20:05:46.018  1980  1980 E PerformanceService: storage_feature: open /sys/devices/platform/soc/112b0000.ufshci//virtualtlcbuff fail
07-28 20:05:46.023  3513  4976 W BestClock: java.time.DateTimeException: Missing network time fix
07-28 20:05:46.024  3513  4976 W BestClock: java.time.DateTimeException: Missing network time fix
07-28 20:05:46.024  3513  4203 W BestClock: java.time.DateTimeException: Missing network time fix
07-28 20:05:46.081  1978  1978 D SensorFeature: name=ssc_screenshot_info ,index = 22
07-28 20:05:46.081  1978  1978 D SensorFeature: write 29 bytes:48129062115,54862502477,146,0
07-28 20:05:46.097  1989  7320 D charge_time: type=sdp,reserve_soc=2,soc=51,ui_soc=53,current=182,avg=164,not_chg_cnt=0,stable_cnt=7,fcc=5724,fcc_ratio=94,delta=39,debug=0,region=16,ttf=28121(07:48:41),ui_ttf=19164(05:19:24)
07-28 20:05:46.155  1823  4442 I sensors-hal: handle_oplus_wise_rgb_event:189, high_pwm_light:lux 264.4,cct 3602.4,brl/algo/ir 1441.0/2.0/17.2,pwm/dc 0.0/0.0,rgbc 20568.269531/12764.714844/5886.464844/37892.125000,ts 54822024682,cnt 770,flag 146
07-28 20:05:46.157  1899  4430 I Dpps    : LtmSwState::SetParameter():144 ignore cmd 7 in state LtmOffState
07-28 20:05:46.165  3513  5015 I OplusHansManager : uid=10157, pkg=com.baidu.input_oppo cannot transition from R to M, importance=input
07-28 20:05:46.384  1978  1978 D SensorFeature: name=ssc_screenshot_info ,index = 22
07-28 20:05:46.384  1978  1978 D SensorFeature: write 29 bytes:48129062115,55165621852,147,0
07-28 20:05:46.421  1899  4430 I Dpps    : LtmSwState::SetParameter():144 ignore cmd 7 in state LtmOffState
07-28 20:05:46.520  5176  5176 D RFPowerBoostManager: my thermal listener proxy invoke method:notifyThermalBroadCast args len:2
07-28 20:05:46.521  5176  5176 D RFPowerBoostManager: current temp is 36, mInCalling is false, current threshold is 41
07-28 20:05:46.521  4995  5904 W h       : networkLogger fail！
07-28 20:05:46.521  4995  5904 D Acc-OplusLinkBoostCommon: notifyThermalBroadCast level = 5 temp = 36,lastTemp: 37 ,th: 44
07-28 20:05:46.522  6580  6609 E horae   : Horae service notifyComponentHeat caught exception -2
07-28 20:05:46.522  6580  6609 E horae   : Horae service notifyComponentHeat caught exception -2
07-28 20:05:46.688  1978  1978 D SensorFeature: name=ssc_screenshot_info ,index = 22
07-28 20:05:46.688  1978  1978 D SensorFeature: write 29 bytes:48129062115,55469672998,148,0
07-28 20:05:46.691  1823  4442 I sensors-hal: handle_oplus_wise_rgb_event:189, high_pwm_light:lux 265.0,cct 3595.8,brl/algo/ir 1441.0/2.0/16.4,pwm/dc 0.0/0.0,rgbc 20539.720703/12764.714844/5886.464844/37877.070312,ts 55418057234,cnt 780,flag 148
07-28 20:05:46.692  1899  4430 I Dpps    : LtmSwState::SetParameter():144 ignore cmd 7 in state LtmOffState
07-28 20:05:46.753  1989  2024 D BatteryChargeControl: bcc get no support from charging protocol
07-28 20:05:46.949  1899  4430 I Dpps    : LtmSwState::SetParameter():144 ignore cmd 7 in state LtmOffState
07-28 20:05:46.991  1978  1978 D SensorFeature: name=ssc_screenshot_info ,index = 22
07-28 20:05:46.991  1978  1978 D SensorFeature: write 29 bytes:48129062115,55772791175,149,0
07-28 20:05:47.102  1989  7320 D charge_time: write 19163s(05:19:23) to ttf, rc=7
07-28 20:05:47.102  1989  7320 D charge_time: type=sdp,reserve_soc=2,soc=51,ui_soc=53,current=182,avg=182,not_chg_cnt=0,stable_cnt=7,fcc=5724,fcc_ratio=94,delta=40,debug=0,region=16,ttf=25335(07:02:15),ui_ttf=19163(05:19:23)
07-28 20:05:47.213  1823  4442 I sensors-hal: handle_oplus_wise_rgb_event:189, high_pwm_light:lux 264.4,cct 3603.3,brl/algo/ir 1441.0/2.0/17.3,pwm/dc 0.0/0.0,rgbc 20573.027344/12769.322266/5878.765137/37932.269531,ts 55749827755,cnt 790,flag 149
07-28 20:05:47.215  1899  4430 I Dpps    : LtmSwState::SetParameter():144 ignore cmd 7 in state LtmOffState
07-28 20:05:47.294  1978  1978 D SensorFeature: name=ssc_screenshot_info ,index = 22
07-28 20:05:47.295  1978  1978 D SensorFeature: write 29 bytes:48129062115,56076146644,150,0
07-28 20:05:47.295  1823  1938 I sensors-hal: get_display_brightness:818, light_iface: set screenshot_info [48129062115,56076146644,150,0]
07-28 20:05:47.478  1899  4430 I Dpps    : LtmSwState::SetParameter():144 ignore cmd 7 in state LtmOffState
07-28 20:05:47.598  1978  1978 D SensorFeature: name=ssc_screenshot_info ,index = 22
07-28 20:05:47.598  1978  1978 D SensorFeature: write 29 bytes:48129062115,56379426383,151,0
07-28 20:05:47.745  1823  4442 I sensors-hal: handle_oplus_wise_rgb_event:189, high_pwm_light:lux 264.0,cct 3596.9,brl/algo/ir 1441.0/2.0/17.8,pwm/dc 0.0/0.0,rgbc 20558.753906/12773.928711/5882.614746/37887.105469,ts 56345675828,cnt 800,flag 151
07-28 20:05:47.747  1899  4430 I Dpps    : LtmSwState::SetParameter():144 ignore cmd 7 in state LtmOffState
07-28 20:05:47.753  1989  2024 D BatteryChargeControl: bcc get no support from charging protocol
07-28 20:05:47.793  1804  1804 D healthd : system healthd: battery l=53 v=3904 t=33.5 h=2 st=2 c=-192 fc=5920000 cc=19 chg=u
07-28 20:05:47.829  1989  1989 D vendor.oplus.hardware.charger-V7-service: get_ui_charge_icon_type 0 0 0 0 0
07-28 20:05:47.829  1989  1989 D vendor.oplus.hardware.charger-V7-service: oplus_chg_get_cpa_power 2500 charge_online 1 retention_topic 0
07-28 20:05:47.830  1989  1989 D vendor.oplus.hardware.charger-V7-service: oplus_chg_get_cpa_power 2500 charge_online 1 retention_topic 0
07-28 20:05:47.830  1989  1989 D vendor.oplus.hardware.charger-V7-service: getIsSingleHyperSupport=2, cpa_power=2
07-28 20:05:47.901  1978  1978 D SensorFeature: name=ssc_screenshot_info ,index = 22
07-28 20:05:47.901  1978  1978 D SensorFeature: write 29 bytes:48129062115,56682758466,152,0
07-28 20:05:48.012  1899  4430 I Dpps    : LtmSwState::SetParameter():144 ignore cmd 7 in state LtmOffState
07-28 20:05:48.104  1989  7320 D charge_time: type=sdp,reserve_soc=2,soc=51,ui_soc=53,current=192,avg=184,not_chg_cnt=0,stable_cnt=7,fcc=5724,fcc_ratio=94,delta=41,debug=0,region=16,ttf=25059(06:57:39),ui_ttf=19162(05:19:22)
07-28 20:05:48.204  1978  1978 D SensorFeature: name=ssc_screenshot_info ,index = 22
07-28 20:05:48.204  1978  1978 D SensorFeature: write 29 bytes:48129062115,56985644195,153,0
07-28 20:05:48.271  1823  4442 I sensors-hal: handle_oplus_wise_rgb_event:189, high_pwm_light:lux 264.3,cct 3597.8,brl/algo/ir 1441.0/2.0/17.2,pwm/dc 0.0/0.0,rgbc 20573.027344/12760.108398/5874.915039/37917.214844,ts 56950041973,cnt 810,flag 153
07-28 20:05:48.272  1899  4430 I Dpps    : LtmSwState::SetParameter():144 ignore cmd 7 in state LtmOffState
07-28 20:05:48.334  1787  1789 E Diag-Router: diag: glinkpkt_open: failed to create control node for slate_apps
07-28 20:05:48.334  1787  1789 E Diag-Router: diag: diag_glinkpkt_open_thread: Glinkpkt_open failed for perif: 12 with err: -1, retry_cnt: 9
07-28 20:05:48.334  1787  1790 E Diag-Router: diag: glinkpkt_open: failed to create control node for slate_adsp
07-28 20:05:48.334  1787  1790 E Diag-Router: diag: diag_glinkpkt_open_thread: Glinkpkt_open failed for perif: 13 with err: -1, retry_cnt: 9
07-28 20:05:48.508  6529  8705 E OplusNetworkStackManager: initService mNetworkStackService is null, try again in 10s
07-28 20:05:48.509  1978  1978 D SensorFeature: name=ssc_screenshot_info ,index = 22
07-28 20:05:48.509  1978  1978 D SensorFeature: write 29 bytes:48129062115,57291029091,154,0
07-28 20:05:48.537  3513  4374 D FusionLightNextGen: process end reported = 1, mode: 0, lux 496.3, cct -1.0, r/g/b/c: 20582.5/12787.7/5871.1/37912.2, R/G/B: 106.0/100.0/99.0, bri 1441.0, match 1.00, ir 0.017855, conf 0.0, ts 57272916244
07-28 20:05:48.541  1899  4430 I Dpps    : LtmSwState::SetParameter():144 ignore cmd 7 in state LtmOffState
07-28 20:05:48.553  1989  2022 D vendor.oplus.hardware.charger-V7-service: ret_value:111, read content:,335,359,3904,3901,-192,51,53,1,1,0,494,4622,52,1,4475,300,500,0,7,-22,7,0,1,0,2,0,0,0,1,6098,99,0,0,0,0,0,0,0
07-28 20:05:48.554  1989  2022 D vendor.oplus.hardware.charger-V7-service: gmtime: 2025-07-28-20-05-48
07-28 20:05:48.554  1989  2022 D vendor.oplus.hardware.charger-V7-service: usb_online:1, ac_online:-2147483648, wireless_online:0
07-28 20:05:48.555  1989  2008 D vendor.oplus.hardware.charger-V7-service: s_chg_user_mode: 3
07-28 20:05:48.555  1989  2008 D vendor.oplus.hardware.charger-V7-service: scale_chg Start!!!
07-28 20:05:48.555  1989  2008 D vendor.oplus.hardware.charger-V7-service: [0, 0, 3]
07-28 20:05:48.556  1989  2008 D vendor.oplus.hardware.charger-V7-service: [0, 2, 9]
07-28 20:05:48.556  1989  2008 D vendor.oplus.hardware.charger-V7-service: [0, 1, 3]
07-28 20:05:48.556  1989  2008 D vendor.oplus.hardware.charger-V7-service: [0, 3, 3]
07-28 20:05:48.556  1989  2008 D vendor.oplus.hardware.charger-V7-service: [0, 4, 3]
07-28 20:05:48.556  1989  2008 D vendor.oplus.hardware.charger-V7-service: [0, 5, 5]
07-28 20:05:48.556  1989  2008 D vendor.oplus.hardware.charger-V7-service: [0, 6, 9]
07-28 20:05:48.556  1989  2008 D vendor.oplus.hardware.charger-V7-service: scale_chg Start!!!
07-28 20:05:48.556  1989  2008 D vendor.oplus.hardware.charger-V7-service: [0, 0, 3]
07-28 20:05:48.556  1989  2008 D vendor.oplus.hardware.charger-V7-service: [0, 2, 10]
07-28 20:05:48.557  1989  2008 D vendor.oplus.hardware.charger-V7-service: [0, 1, 3]
07-28 20:05:48.557  1989  2008 D vendor.oplus.hardware.charger-V7-service: [0, 3, 3]
07-28 20:05:48.557  1989  2008 D vendor.oplus.hardware.charger-V7-service: [0, 4, 3]
07-28 20:05:48.557  1989  2008 D vendor.oplus.hardware.charger-V7-service: [0, 5, 3]
07-28 20:05:48.557  1989  2008 D vendor.oplus.hardware.charger-V7-service: [0, 6, 10]
07-28 20:05:48.754  1989  2024 D BatteryChargeControl: bcc get no support from charging protocol
07-28 20:05:48.811  1978  1978 D SensorFeature: name=ssc_screenshot_info ,index = 22
07-28 20:05:48.811  1978  1978 D SensorFeature: write 29 bytes:48129062115,57594041851,155,0
07-28 20:05:48.814  1823  4442 I sensors-hal: handle_oplus_wise_rgb_event:189, high_pwm_light:lux 264.4,cct 3599.9,brl/algo/ir 1441.0/2.0/17.3,pwm/dc 0.0/0.0,rgbc 20582.542969/12760.108398/5882.614746/37892.125000,ts 57537844942,cnt 820,flag 155
07-28 20:05:48.815  1899  4430 I Dpps    : LtmSwState::SetParameter():144 ignore cmd 7 in state LtmOffState
07-28 20:05:49.067  1899  4430 I Dpps    : LtmSwState::SetParameter():144 ignore cmd 7 in state LtmOffState
07-28 20:05:49.105  1989  7320 D charge_time: type=sdp,reserve_soc=2,soc=51,ui_soc=53,current=192,avg=186,not_chg_cnt=0,stable_cnt=7,fcc=5724,fcc_ratio=94,delta=42,debug=0,region=16,ttf=24788(06:53:08),ui_ttf=19161(05:19:21)
07-28 20:05:49.114  1978  1978 D SensorFeature: name=ssc_screenshot_info ,index = 22
07-28 20:05:49.114  1978  1978 D SensorFeature: write 29 bytes:48129062115,57895967424,156,0
07-28 20:05:49.332  1823  4442 I sensors-hal: handle_oplus_wise_rgb_event:189, high_pwm_light:lux 264.5,cct 3603.8,brl/algo/ir 1441.0/2.0/17.1,pwm/dc 0.0/0.0,rgbc 20577.785156/12764.714844/5863.365723/37922.234375,ts 57869582911,cnt 830,flag 156
07-28 20:05:49.334  1899  4430 I Dpps    : LtmSwState::SetParameter():144 ignore cmd 7 in state LtmOffState
07-28 20:05:49.424  1978  1978 D SensorFeature: name=ssc_screenshot_info ,index = 22
07-28 20:05:49.424  1978  1978 D SensorFeature: write 29 bytes:48129062115,58205447164,157,0
07-28 20:05:49.451  1919  1962 I [UAH_CLIENT]: UahRelease, handle:22
07-28 20:05:49.452  1919  1962 I [UAH_CLIENT]: UahPlatformResAcquire
07-28 20:05:49.452  1919  1962 I [UAH_CLIENT]: UahEventAcquire, cmdid:-3, pkg:1919 12946, identity:qcom-perfd
07-28 20:05:49.453  1919  1962 E PERFHAL-RESOURCEQS: PERFHAL-RESOURCEQS: AddAndApply() 130: Resource with major=18, minor=41 not supported
07-28 20:05:49.599  1899  4430 I Dpps    : LtmSwState::SetParameter():144 ignore cmd 7 in state LtmOffState
07-28 20:05:49.636 12950 13035 I SystemFeature: operator:{oppo.cmcc.mp:false, browser.cmcc:false, browser.test.cmcc:false, browser.cmcc.bookmark:false, browser.test.cmcc.bookmark:false, browser.cmcc.home:false, browser.test.cmcc.home:false
07-28 20:05:49.636 12950 13035 I SystemFeature: cu.optr:false, browser.cu:false, browser.test.cu:false
07-28 20:05:49.636 12950 13035 I SystemFeature: ct.optr:false, browser.ct:false, browser.test.ct:false
07-28 20:05:49.636 12950 13035 I SystemFeature: }
07-28 20:05:49.641 12950 13035 I IdentityUtil: initIdentity: success, duidInit=true, uuid=d7830aefe1185a1d969e64bfc89f60a7
07-28 20:05:49.642  7477  7540 I OpenID  : com.heytap.pictorial:3142:ret:T
07-28 20:05:49.654 12950 13035 D Identity: nonceAndCounter: fb4926d7b0025a420000000000000006
07-28 20:05:49.676  1142 12993 I keystore2: system/security/keystore2/watchdog/src/lib.rs:319 - Watchdog thread idle -> terminating. Have a great day.
07-28 20:05:49.726  1978  1978 D SensorFeature: name=ssc_screenshot_info ,index = 22
07-28 20:05:49.726  1978  1978 D SensorFeature: write 29 bytes:48129062115,58508315445,158,0
07-28 20:05:49.728  3513  4397 V AlarmManager: sending alarm Alarm{62e5006 type 3 origWhen 39761 whenElapsed 39761 android} uid 1000 whenElapsed 39761 windowLength 18750 maxWhenElapsed 58511 repeatInterval 0 action null component null tag WifiHealthMonitor Schedule Post-Boot Detection Timer flags 0x8 procName system_server
07-28 20:05:49.749  3513  4203 I InputDispatcher: injectInputEvent: targetUid=<not set>, syncMode=WAIT_FOR_FINISHED, timeout=30000ms, policyFlags=0x8000000, event=MotionEvent { action=DOWN, id[0]=0, x[0]=900, y[0]=30, eventTime=58532000000, downTime=58532000000, deviceId=4, source=TOUCHSCREEN, displayId=0, eventId=0xc619ccb7}
07-28 20:05:49.750  2145  2966 D VRR [OTI]: handleIdle from 1 to 0
07-28 20:05:49.750  2145  2966 D VRR [OTI-HW]: isStateReady 0
07-28 20:05:49.750  2145  2966 D VRR [OTI-HW]: restore sys rate.
07-28 20:05:49.750  2145  2966 D VRR [RefreshRateDirector]: requestRefreshRateByOti update [ oti-hw, {fps=120, modePtr={id=4, vsyncRate=120.00 Hz, peakRefreshRate=120.00 Hz}} ]
07-28 20:05:49.750  2145  2966 D VRR [RefreshRateDirector]: selectBestFrameRate DirectorMapOti [oti-hw, {fps=120, modePtr={id=4, vsyncRate=120.00 Hz, peakRefreshRate=120.00 Hz}}]
07-28 20:05:49.750  2145  2966 D VRR [RefreshRateDirector]: updateBestFrameRate [oti-hw, {fps=120, modePtr={id=4, vsyncRate=120.00 Hz, peakRefreshRate=120.00 Hz}}]
07-28 20:05:49.750  3513  4827 I [UAH_CLIENT]: UahEventAcquire, cmdid:37, pkg:none, identity:OplusUAwareInputHelper
07-28 20:05:49.750  2145  2966 D SurfaceFlinger: VRR [SurfaceFlinger] setDesiredActiveMode: displayId: 4630946756802996883, renderRate: 120, vsyncRate: 120, event: 1
07-28 20:05:49.750  2145  2966 D DisplayModeController: setDesiredMode 4630946756802996883 {mode={fps=120.00 Hz, modePtr={id=4, vsyncRate=120.00 Hz, peakRefreshRate=120.00 Hz}}, emitEvent=true, force=false}
07-28 20:05:49.751  3513  4827 D UAH-UahAdaptHelper: adaptSetNotification identity = OplusUAwareInputHelpersrc = 1000 , type 0 ,p1 = -1 ,p2 = -1 ,p3 = -1 ,p4 =
07-28 20:05:49.751  3513  4827 I [UAH_CLIENT]: uahRuleCtl, ruleId:1000, status:0
07-28 20:05:49.751  3513  4623 D OMP_Detector: D:done mCurrStatus: 0
07-28 20:05:49.751  3513  3775 D PowerManagerService: userActivityNoUpdateLocked: groupId=0, eventTime=58532, event=touch, flags=0x0, uid=1000
07-28 20:05:49.752  2145  2145 I DisplayModeController: hwc begin mode change to 8333333
07-28 20:05:49.753  2145  2145 I HWC2    : [0] setActiveConfigWithConstraints[4]
07-28 20:05:49.753  4851  4851 V AutofillManager: requestHideFillUi(null): anchor = null
07-28 20:05:49.753  4851  4851 V Application: getAutofillClient(): null on super, trying to find activity thread
07-28 20:05:49.753  4851  4851 V Application: getAutofillClient(): none of the 0 activities on com.android.systemui.SystemUIApplication@53ef787 are top resumed nor have focus
07-28 20:05:49.753  4851  4851 V AutofillManager: No AutofillClient for com.android.systemui on context com.android.systemui.SystemUIApplication@53ef787
07-28 20:05:49.753  1919  1962 I [UAH_CLIENT]: UahPlatformResAcquire
07-28 20:05:49.753  1919  1962 I [UAH_CLIENT]: UahEventAcquire, cmdid:-3, pkg:2145 7625, identity:qcom-perfd
07-28 20:05:49.753  1899  1899 W SDM     : HWDeviceDRM::GetSupportedBitClkRate: Requested rate not supported: 1363200000
07-28 20:05:49.753  1899  1899 I SDM     : HWDeviceDRM::UpdateMixerAttributes: Mixer WxH 1440x3168-1 for Peripheral
07-28 20:05:49.754  4851  4851 I PluginSeedling--Capsule: CapsuleTouchEventHandler-->onInterceptTouchEvent interceptEvent: false
07-28 20:05:49.754  1919  1962 E PERFHAL-RESOURCEQS: PERFHAL-RESOURCEQS: AddAndApply() 130: Resource with major=18, minor=41 not supported
07-28 20:05:49.754  1899  1899 I CwbService: CwbService::notifyConfigChange: display:0, config:4 size:4, sec.size():0
07-28 20:05:49.754  1899  1899 I CwbService: CwbService::notifyConfigChange: display: 0, config = 0
07-28 20:05:49.754  1899  2802 I CasManager: Fps changed from 60 to 120
07-28 20:05:49.754  1899  2802 I CasManager: Fps changed, not change bin, so trigger gain
07-28 20:05:49.754  1899  2802 W SDM     : DemuraIntfImpl::ProcessOemPluginGain: Thermal intf_ is nullptr 0, default to 25 degree
07-28 20:05:49.754  1899  2802 I SDM     : CasQcPlugIn::ProcessPerCompGainOppo: input params, mode:PWM, fps:120, dbv:1441
07-28 20:05:49.754  1899  2802 I SDM     : CasQcPlugIn::ProcessPerCompGainOppo: normalized bright_adj:1024, dbv:1441, bin_dbv:1083, 
07-28 20:05:49.754  1899  2802 I SDM     : CasQcPlugIn::ProcessPerCompGainOppo: gains print start =====================
07-28 20:05:49.754  1899  2802 I SDM     : CasQcPlugIn::ProcessPerCompGainOppo: gain --------------------------------
07-28 20:05:49.754  1899  2802 I SDM     : CasQcPlugIn::ProcessPerCompGainOppo: old: 0 0 0 57 90 322 1201 3072
07-28 20:05:49.754  1899  2802 I SDM     : CasQcPlugIn::ProcessPerCompGainOppo: new: 0 0 0 48 77 277 1035 3072
07-28 20:05:49.754  1899  2802 I SDM     : CasQcPlugIn::ProcessPerCompGainOppo: gain --------------------------------
07-28 20:05:49.754  1899  2802 I SDM     : CasQcPlugIn::ProcessPerCompGainOppo: old: 0 0 0 64 125 373 1336 3072
07-28 20:05:49.754  1899  2802 I SDM     : CasQcPlugIn::ProcessPerCompGainOppo: new: 0 0 0 53 99 373 1336 3072
07-28 20:05:49.754  1899  2802 I SDM     : CasQcPlugIn::ProcessPerCompGainOppo: gain --------------------------------
07-28 20:05:49.754  1899  2802 I SDM     : CasQcPlugIn::ProcessPerCompGainOppo: old: 0 0 0 42 83 323 1222 3072
07-28 20:05:49.754  1899  2802 I SDM     : CasQcPlugIn::ProcessPerCompGainOppo: new: 0 0 0 35 83 323 1222 3072
07-28 20:05:49.754  1899  2802 I SDM     : CasQcPlugIn::ProcessPerCompGainOppo: gains print end =======================
07-28 20:05:49.755  1989  2024 D BatteryChargeControl: bcc get no support from charging protocol
07-28 20:05:49.755  3513  3733 W UserAwareMgr: can not find match thread: GaussianBlur for process com.android.systemui
07-28 20:05:49.756  1919  1962 I [UAH_CLIENT]: UahRelease, handle:34
07-28 20:05:49.757  4851  6119 I [UAH_CLIENT]: UahEventAcquire, cmdid:97, pkg:none, identity:OsenseHelperImpl
07-28 20:05:49.757  4851  4851 I SystemUi--Common: ScrollTranslationValue-->resetPanelTranslationY
07-28 20:05:49.757  4851  4851 I SystemUi--QuickSettings: OplusPanelViewPagerController-->initExpanded downExpanded=NONE downOnRight=true targetPage=NOTIFICATION downOnYHotArea=true  isKeyguardShowing=false isOnKeyguard=false fractionListeners.size=0 currentQsFraction=0.0 currentNotifyFraction=0.0 hasCalledDownEvent=true getScrollXHotZone=([Rect(0, 0 - 1080, 2376)], [Rect(-1, -1 - -1, -1), Rect(157, 1999 - 283, 2125), Rect(823, 1999 - 949, 2125)]) getScrollYHotZone=Rect(0, 0 - 1080, 66) notifyExpandedFraction=0.0 isLastUpToExpand=false qsPanelView.translationX=0.0
07-28 20:05:49.757  4851  4851 I SystemUi--QuickSettings: OplusPanelViewPagerController-->shouldOpenQS  set targetPage=QS
07-28 20:05:49.757  4851  4851 I SystemUi--Common: ScrollTranslationValue-->resetPanelTranslationY
07-28 20:05:49.757  4851  4851 I SystemUi--QuickSettings: OplusPanelViewPagerController-->initExpanded downExpanded=NONE downOnRight=true targetPage=QS downOnYHotArea=true  isKeyguardShowing=false isOnKeyguard=false fractionListeners.size=0 currentQsFraction=0.0 currentNotifyFraction=0.0 hasCalledDownEvent=true getScrollXHotZone=([Rect(0, 0 - 1080, 2376)], [Rect(-1, -1 - -1, -1), Rect(157, 1999 - 283, 2125), Rect(823, 1999 - 949, 2125)]) getScrollYHotZone=Rect(0, 0 - 1080, 66) notifyExpandedFraction=0.0 isLastUpToExpand=false qsPanelView.translationX=0.0
07-28 20:05:49.757  4851  4851 I SystemUi--QuickSettings: OplusPanelViewPagerController-->shouldOpenQS  set targetPage=QS
07-28 20:05:49.757  4851  4851 I SystemUi--QuickSettings: OplusQSPageViewController-->reset(), pageList size:2 itemCount:2 oldIndex:0 curIndex:0
07-28 20:05:49.757  4851  4851 I SystemUi--QuickSettings: OplusQSRootViewController-->startExpandMotion event: 0, startTracking: false isClosing: false panelClosedOnDown: true
07-28 20:05:49.757  4851  4851 I SystemUi--QuickSettings: OplusQSRootViewController-->initialOffsetOnTouch: 0.0, panelClosedOnDown: true
07-28 20:05:49.758  4851  4851 I SystemUi--QuickSettings: OplusQSRootView-->disallowChildIntercept:false
07-28 20:05:49.758  4851  4851 I SystemUi--QuickSettings: OplusQSRootViewController-->startExpandMotion event: 0, startTracking: false isClosing: false panelClosedOnDown: true
07-28 20:05:49.758  4851  4851 I SystemUi--QuickSettings: OplusQSRootViewController-->initialOffsetOnTouch: 0.0, panelClosedOnDown: true
07-28 20:05:49.758  4851  4851 I SystemUi--QuickSettings: OplusQSRootViewController-->onTouchEvent() ACTION_DOWN, canSlideHToQSOnStatusBar:true, gestureWaitForTouchSlop:true, panelClosedOnDown:true, panelClosingOnDown:false, pointerIndex:0
07-28 20:05:49.758  3513  4203 I InputDispatcher: injectInputEvent: targetUid=<not set>, syncMode=WAIT_FOR_FINISHED, timeout=30000ms, policyFlags=0x8000000, event=MotionEvent { action=MOVE, id[0]=0, x[0]=900, y[0]=89.0996, eventTime=58541000000, downTime=58532000000, deviceId=4, source=TOUCHSCREEN, displayId=0, eventId=0xee958465}
07-28 20:05:49.758  3513  4827 I [UAH_CLIENT]: UahEventAcquire, cmdid:68, pkg:none, identity:OplusUAwareInputHelper
07-28 20:05:49.760  1899  2802 I SDM     : DemuraIntfImpl::StageAllData: Staged all data to Demura Driver!
07-28 20:05:49.760  1899  2802 I SDM     : HWPeripheralDRM::SetPanelFeature: Set Panel feature property 19
07-28 20:05:49.760  1899  2802 I SDM     : HWPeripheralDRM::SetPanelFeature: Set Panel feature property 7
07-28 20:05:49.760  1899  2802 I SDM     : DisplayBuiltIn::TriggerDemuraOemPlugIn: Trigger demura oem plugin success
07-28 20:05:49.761  1899  2166 I SDM     : DRMPanelFeatureMgr::ApplyDirtyFeature: Commited panel feature [enabled]: 20-272
07-28 20:05:49.761  1899  2166 I SDM     : DRMPanelFeatureMgr::ApplyDirtyFeature: Commited panel feature [enabled]: 8-271
07-28 20:05:49.772  4851  4851 I SystemUi--QuickSettings: OplusQSRootViewController-->startExpandMotion event: 2, startTracking: true isClosing: false panelClosedOnDown: true
07-28 20:05:49.773  4851  4851 I SystemUi--QuickSettings: OplusQSRootViewController-->endClosing()
07-28 20:05:49.773  4851  4851 I SystemUi--QuickSettings: QSPanelExpandFraction-->updateFraction, stiffness=500.0, finalPosition=0.29549804
07-28 20:05:49.774  3513  4203 I InputDispatcher: injectInputEvent: targetUid=<not set>, syncMode=WAIT_FOR_FINISHED, timeout=30000ms, policyFlags=0x8000000, event=MotionEvent { action=MOVE, id[0]=0, x[0]=900, y[0]=194.167, eventTime=58557000000, downTime=58532000000, deviceId=4, source=TOUCHSCREEN, displayId=0, eventId=0xe6cf02d4}
07-28 20:05:49.774  3513  4413 D SystemGestures: detectSwipe: 1
07-28 20:05:49.786  2145  2145 D VRR-[OPlusRefreshRateSelector]: setCurrentModeId 4 type SA
07-28 20:05:49.786  2145  2966 D VRR [OTI-HW]: isStateReady 0
07-28 20:05:49.786  2145  2966 D VRR [OTI-HW]: keep rate.
07-28 20:05:49.786  3513  3706 I DisplayDeviceRepository: Display device changed render timings: "Built-in Screen", renderFrameRate=120.00001, presentationDeadlineNanos=11333333, appVsyncOffsetNanos=1000000
07-28 20:05:49.786  3513  3706 D LogicalDisplayExt: set displayInfo flag FLAG_ROTATES_WITH_CONTENT
07-28 20:05:49.787  3513  3706 D DisplayManagerServiceExtImpl: scheduleTraversalLocked intraversal=false
07-28 20:05:49.787  3513  3706 I DisplayManagerServiceExtImpl: handle logical display changed logicalDisplay=id=0,stack=0,content=true,displayInfo{stack=0,type=1,id=0,uId=local:4630946756802996883,state=ON,pkg=null}
07-28 20:05:49.787  3513  3706 D DisplayManagerService: Delivering display event: displayId=0, event=CHANGED
07-28 20:05:49.787  3513  3774 D BrightnessThermalClamper: Thermal status observer already started
07-28 20:05:49.787  3513  3774 D BrightnessPowerClamper: Power throttling data is missing for configuration data.
07-28 20:05:49.788  4662  4662 D CastManagerService: onDisplayChanged.
07-28 20:05:49.789  3513  3706 D DisplayManagerService: MSG_REQUEST_TRAVERSAL pendingCompleted=false
07-28 20:05:49.790  4851  4851 I SystemUi--QuickSettings: OplusQSRootViewController-->setQsVisible: true rawFraction:0.021019718
07-28 20:05:49.790  3513  3704 D OplusVFXScreenEffectFeature: notifySFCompatWindowStateChange entered false
07-28 20:05:49.790  2145  2993 D [PREVIEW]: SF obtain preview_adapter: 0
07-28 20:05:49.790  2145  2993 D [PREVIEW]: TabletPreviewAdapter::parallel world 0
07-28 20:05:49.790  3513  4203 I InputDispatcher: injectInputEvent: targetUid=<not set>, syncMode=WAIT_FOR_FINISHED, timeout=30000ms, policyFlags=0x8000000, event=MotionEvent { action=MOVE, id[0]=0, x[0]=900, y[0]=299.233, eventTime=58573000000, downTime=58532000000, deviceId=4, source=TOUCHSCREEN, displayId=0, eventId=0xfd5b1ee5}
07-28 20:05:49.790  3513  3513 E OplusGestureAnimationManagerPolicy: mScreenHeight:2376 mScreenWidth:1080 mRotation:0
07-28 20:05:49.790  3513  3704 D FSS_FoldScreenBlackCoverController: displayChangeToOn, dc:Display{#0 state=ON size=1080x2376 ROTATION_0}
07-28 20:05:49.790  4851  4851 I SystemUi--QuickSettings: OplusQSRootViewController-->setListening: true
07-28 20:05:49.790  4851  4851 I SystemUi--QuickSettings: OplusLargeTileContainerViewController-->setListening listening=true
07-28 20:05:49.790  4851  4851 I SystemUi--QuickSettings: QSBrightnessFactory-->setListening listening:true
07-28 20:05:49.790  4851  4851 I SystemUi--QuickSettings: OplusQsBrightnessSliderController-->setListening listening:true mView: com.oplus.systemui.plugins.qs.widget.OplusQsToggleSliderLayout{46de7d9 V.E...... ......ID 558,244-737,643 #7f0a09f0 app:id/qs_brightness_slider_layout alpha=0.0 viewInfo = } value:0
07-28 20:05:49.790  4851  4851 I SystemUi--QuickSettings: OplusQsVolumeSliderController-->updateVolumeSeekBarMaxProgress: isNeedUpdate=true, maxVolumeProgress=16000, seekBarMaxProgress=1600, isInit=false
07-28 20:05:49.790  4851  4851 I SystemUi--QuickSettings: OplusQsVolumeSliderController-->updateVolumeSeekBarProgress: isNeedUpdate=true, isAllowUpdate=true, volumeLevel=0, seekBarLevel=0, initialVolumeSliderProgress=0, initialSeekBarVolumeLevel=-1, progressUpdated=false
07-28 20:05:49.790  4851  4851 I SystemUi--QuickSettings: OplusQsVolumeSliderController-->updateDisableShowVolumeDialog: isQsListening=true
07-28 20:05:49.790  4851  4851 I SystemUi--Device_Panel: OplusQSMyDeviceContainerViewController-->setListening listening: true
07-28 20:05:49.790  4851  4851 I [DevicePlugin].SysUiPluginService.(main): setListening: isListening=true, _isSeparateMode=true
07-28 20:05:49.790  4851  4851 I [DevicePlugin].FixedSeparateModelPanel.(main): onCtrCenterShow
07-28 20:05:49.790  4851  4851 I [DevicePlugin].FixedSeparateModelPanel.(main): onResume
07-28 20:05:49.791  4851  4851 I SystemUi--Common: NotificationShadeDepthC-->sceneFlag: 0x001, isStart = true, Current sceneFlags: 0x001
07-28 20:05:49.791  4851  4851 D NavigationBar: restrainNavigationBarInvertColor: true
07-28 20:05:49.791  4851  4851 D RegionSamplingHelper: animation scene, no need register sampling listener
07-28 20:05:49.791  2132  4915 D AudioFlingerExtImpl: AudioFlingerExtImpl oplusSetParameters: keyvalue screen_state=on
07-28 20:05:49.791  4851  4851 I SystemUi--Common: OplusShadeExpansionStat-->go state: CLOSED -> OPENING
07-28 20:05:49.791  4851  4851 I SystemUi--Common: OplusShadeExpansionStat-->go state: CLOSED -> OPENING
07-28 20:05:49.791  3513  3704 D DisplayManagerService: performTraversalInternal pendingTraversal
07-28 20:05:49.791  2132  4915 D DeviceHalAidl: 0xb400007cd227c200 DeviceHalAidl::setParameters
07-28 20:05:49.791  3513  3704 D DisplayDevice: setLayerStackLocked id=local:4630946756802996883 token=android.os.BinderProxy@25ea4b2 stack=0->0
07-28 20:05:49.791  2132  4915 D DeviceHalAidl: setParameters: parameters: "screen_state=on"
07-28 20:05:49.791  4851  4851 I SystemUi--Notification: OplusHeadsUpNotificationViewBinder-->isVisibility: true
07-28 20:05:49.791  6599  6636 E oiface  : sched_setaffinity failed
07-28 20:05:49.791  4851  4851 I SystemUi--Keyguard: ScrimControllerExImp-->blur State to UNLOCK, bouncer=false changeFromBouncerScrim= false runnerUnlock= false goingAway=false hasHandle=true isOccludeAnimationPlaying=false
07-28 20:05:49.791  4851  6119 D [DevicePlugin].DataInterfaceImp.(DefaultDispatcher-worker-6): safeCall, method:panel_state
07-28 20:05:49.791  4851  4851 I SystemUi--Common: PlatformBlurManagerImpl-->setPlatformBlurMode: blurMode=AUTO(blurFrequency=2)
07-28 20:05:49.791  4851  4851 I SystemUi--Common: PlatformBlurManagerImpl-->updateMotionFrequency: isExpanding=true
07-28 20:05:49.791  1994  2072 I gameoptHal: targetfps updated 6 -- 120
07-28 20:05:49.792  1856  3488 I PAL: ResourceManager: setParameter: 11480: Screen State:1
07-28 20:05:49.792  4851  4851 I SystemUi--Notification: OplusNotificationShadeWindowControllerExImpl-->isExpanded: isPowerBlock=false ,isErrorFpTouchWhenScreenOff=false ,qsPanelVisible=false, isAodMaskShow=false
07-28 20:05:49.792  4851  4851 I SystemUi--Notification: OplusNotificationShadeWindowControllerExImpl-->SHADE_FOCUSABLE-->mNotificationShadeFocusable= false, mPanelExpanded= false, mBouncerShowing= false, mKeyguardShowing= false, mKeyguardOccluded= false, mKeyguardNeedsInput= false, ENABLE_REMOTE_INPUT= true, mRemoteInputActive= false, layoutFlags= -2130444216
07-28 20:05:49.792  3513  3547 D OomAdjuster: Not killing cached processes
07-28 20:05:49.792  4851  4851 I SystemUi--Notification: OplusNotificationShadeWindowControllerExImpl-->SHADE_VISIBLE-->mKeyguardShowing= false, mKeyguardOccluded= false, mPanelVisible= false, mKeyguardFadingAway= false, mKeyguardGoingAway= false, mBouncerShowing= false, mScrimsVisibility= 1, mBackgroundBlurRadius= 0, mForcePluginOpen= false, mediaBackdropShowing= false, viewVisibility= true, qsBlurFraction= 0.021019718, panelBlurFraction= 0.0
07-28 20:05:49.792  4851  4851 D UXUtils : notifyUiSwitched: 1
07-28 20:05:49.793  3513  3733 I UserAwareMgr: handleTopAppChanged: com.android.systemui, pid: 4851, uid: 10218
07-28 20:05:49.794  7454  7476 I mydevices[core].ProviderCallProcessor: (binder:7454_1)method: panel_state; arg: panel_resume
07-28 20:05:49.794  4851  5860 D Tile.CustomTile.OshareTileService: refreshState: tile not listening, ignore
07-28 20:05:49.794  2132  4915 D DeviceHalAidl: 0xb400007cd227c800 DeviceHalAidl::setParameters
07-28 20:05:49.794  2132  4915 D DeviceHalAidl: setParameters: parameters: "screen_state=on"
07-28 20:05:49.794  4851  5860 D TileStateController: bindAppWhenListening: false ComponentInfo{com.coloros.oshare/com.oplus.oshare.OshareTileService}
07-28 20:05:49.794  4851  5860 I SystemUi--QuickSettings: Tile.CustomTile.OshareTileService-->bindServiceWhenListening: false when isOplusQsTile
