07-28 18:58:09.150  5035  5726 D OplusCiwlanController: [vodata] processServiceStateChanged  phoneid = 1, original roaming type = 0,roaming type = 0
07-28 18:58:09.150  5206  5206 D SubsysEventListenerManager-SubsysTelephonyCallback[0]: onDisplayInfoChanged
07-28 18:58:09.150  5206  5206 D SceneService: onDisplayInfoChanged slotId:0,telephonyDisplayInfo:TelephonyDisplayInfo {network=NR, overrideNetwork=NONE, isRoaming=false}
07-28 18:58:09.150  5035  5775 D OplusSubWaySlowRecovery: getPreferSubId return 1
07-28 18:58:09.150  5035  5775 D SaDataFailRecovery/0: current is not in service,reset alarm
07-28 18:58:09.150  5035  5775 D OplusScanQrCodeRecoveryImpl: msg.what=3
07-28 18:58:09.150  5035  5725 D OplusLinkBoostCommon: dds servicestate change
07-28 18:58:09.150  4950  4950 D MultiSimSettingController: notifySubscriptionInfoChanged
07-28 18:58:09.151  3506  3506 I AS.AudioService: onSubscriptionsChanged()
07-28 18:58:09.151  3506  4512 V NetworkPolicy: onSubscriptionsChanged
07-28 18:58:09.151  4859  5315 I SystemUi--Statusbar: MobileInputLog-->onSubscriptionsChanged
07-28 18:58:09.151  4859  5315 I SystemUi--Statusbar: MobileConnectionRepositoryImpl-->subId:1 isSoftSimCard:false slotId:0
07-28 18:58:09.152  3506  3545 W ContextImpl: Calling a method in the system process without a qualified user: android.app.ContextImpl.sendBroadcastMultiplePermissions:1344 com.android.server.TelephonyRegistry.broadcastServiceStateChanged:3754 com.android.server.TelephonyRegistry.notifyServiceStateForPhoneId:1787 com.android.internal.telephony.ITelephonyRegistry$Stub.onTransact:546 android.os.Binder.execTransactInternal:1523 
07-28 18:58:09.152  4859  4859 I KeyguardUpdateMonitor: action=android.intent.action.SERVICE_STATE subId=1 slotId=0
07-28 18:58:09.152  4859  4859 I SystemUi--Statusbar: OplusMobileIconInteractorImpl-->oplusIMSModel slot:0: CapabilityTypeModel(isVolteSwitchOn=true, isWfcEnabledByUser=true, imsRegistered=false, voiceCapable=false, videoCapable=false, registerTech=-1, isCrossSimCallingEnabledByUser=false, hasHideVolteOperator=false), SimStateModel(simInserted=[true, false], simForbidden=[false, true], simStateIMSI=[true, false], simLoaded=[true, false]),oplusNetworkTypeNr:20,isVoNrEnabled:false
07-28 18:58:09.152  5151  5151 D QCNEJ/DataCallAgent: onSubscriptionsChanged: new DDS 1
07-28 18:58:09.153  4950  4950 I Telephony: y0: onServiceStateChanged: newState=1, mServiceState=1
07-28 18:58:09.153  5206  6007 D cellularState[0]: handleMessage: E msg.what=4
07-28 18:58:09.153  5206  6007 D cellularState[0]: processMsg: DataCallingState
07-28 18:58:09.153  5206  6007 D cellularState[0]: processMsg: NetworkAttachedState
07-28 18:58:09.153  5206  6007 D cellularState[0]: processMsg: SimReadyState
07-28 18:58:09.153  5206  6007 D cellularState[0]: processMsg: DefaultState
07-28 18:58:09.153  5206  6007 E cellularState[0]:  - unhandledMessage: msg.what=4
07-28 18:58:09.153  5206  6007 D cellularState[0]: handleMessage: X
07-28 18:58:09.153  4950  4950 I Telephony: isRttCurrentlySupported -- regular acct, hasVoiceAvailability: false
07-28 18:58:09.153  4950  4950 I Telephony:  isRttSupported: false
07-28 18:58:09.153  4950  4950 I Telephony:  isUserRttSettingOn: false
07-28 18:58:09.153  4950  4950 I Telephony:  alwaysAllowWhileRoaming: false
07-28 18:58:09.153  4950  4950 I Telephony:  isRoaming: false
07-28 18:58:09.153  4950  4950 I Telephony:  isOnWfc: false
07-28 18:58:09.154  3506  3545 W ContextImpl: Calling a method in the system process without a qualified user: android.app.ContextImpl.sendBroadcastMultiplePermissions:1344 com.android.server.TelephonyRegistry.broadcastServiceStateChanged:3760 com.android.server.TelephonyRegistry.notifyServiceStateForPhoneId:1787 com.android.internal.telephony.ITelephonyRegistry$Stub.onTransact:546 android.os.Binder.execTransactInternal:1523 
07-28 18:58:09.154  5113  5113 I QImsService: OplusPhoneStateTracker : onSubscriptionsChanged Last subId: 1 Current subId 1
07-28 18:58:09.154  6573  6632 I midasd  : OplusObrainService::notifyEventInt eventId:38 iParam:20
07-28 18:58:09.154  4859  4859 I SystemUi--Statusbar: OplusMobileIconInteractorImpl-->oplusIMSModel slot:0: CapabilityTypeModel(isVolteSwitchOn=true, isWfcEnabledByUser=true, imsRegistered=false, voiceCapable=false, videoCapable=false, registerTech=-1, isCrossSimCallingEnabledByUser=false, hasHideVolteOperator=false), SimStateModel(simInserted=[true, false], simForbidden=[false, true], simStateIMSI=[true, false], simLoaded=[true, false]),oplusNetworkTypeNr:20,isVoNrEnabled:false
07-28 18:58:09.154  4859  5315 I SystemUi--Statusbar: MobileConnectionRepositoryImpl-->subId:1 isSoftSimCard:false slotId:0
07-28 18:58:09.154  4859  6052 I SystemUi--Statusbar: OplusMobileConnectionRepository1-->stopListenImsStatusChanged
07-28 18:58:09.154  4859  5315 I SystemUi--Statusbar: MobileConnectionRepositoryImpl-->subId:1 isSoftSimCard:false slotId:0
07-28 18:58:09.155  5151  5151 D QCNEJ/WwanInfoRelay: onSubscriptionsChanged currDDSId: 1 new DDS 1
07-28 18:58:09.155  5113  5113 I QImsService: OplusPhoneStateTracker : onSubscriptionsChanged Last subId: -1 Current subId -1
07-28 18:58:09.155  4859  6052 I SystemUi--Statusbar: OplusMobileConnectionRepository1-->phoneId: 0, conflatedCallbackFlow init
07-28 18:58:09.155  4859  6052 I SystemUi--Statusbar: OplusMobileConnectionRepository1-->startListenImsStatusChanged
07-28 18:58:09.155  5113  5113 E QImsService: ImsConfigImpl : onSubscriptionsChanged unable to process due to SubscriptionInfo is null
07-28 18:58:09.155  4950  6159 E PhoneInterfaceManager: getServiceStateForSlot retuning null for invalid slotIndex=-1
07-28 18:58:09.155  5919  5919 D CellBroadcastReceiver: onReceive Intent { act=android.intent.action.SERVICE_STATE flg=0x1000010 cmp=com.android.cellbroadcastreceiver.module/com.android.cellbroadcastreceiver.CellBroadcastReceiver (has extras) }
07-28 18:58:09.156  3506  4512 D NetworkPolicy: Normalization put networkpolicyNetworkTemplate: matchRule=CARRIER, matchSubscriberIds=[001011...], matchWifiNetworkKeys=[], metered=YES
07-28 18:58:09.156  3506  4512 D NetworkPolicy: Normalization put networkpolicyNetworkTemplate: matchRule=CARRIER, matchSubscriberIds=[310260...], matchWifiNetworkKeys=[], metered=YES
07-28 18:58:09.156  3506  4512 D NetworkPolicy: Normalization put networkpolicyNetworkTemplate: matchRule=CARRIER, matchSubscriberIds=[001010...], matchWifiNetworkKeys=[], metered=YES
07-28 18:58:09.156  3506  4512 D NetworkPolicy: Normalization put networkpolicyNetworkTemplate: matchRule=CARRIER, matchSubscriberIds=[001010...], matchWifiNetworkKeys=[], metered=YES
07-28 18:58:09.156  3506  4512 D NetworkPolicy: Normalization put networkpolicyNetworkTemplate: matchRule=CARRIER, matchSubscriberIds=[001012...], matchWifiNetworkKeys=[], metered=YES
07-28 18:58:09.156  3506  4512 V NetworkPolicy: updateNetworkEnabledNL() return
07-28 18:58:09.156  5919  5919 D CellBroadcastReceiver: onServiceStateChanged, ss: 1
07-28 18:58:09.156  5919  5919 D CellBroadcastReceiver: networkOperator: 
07-28 18:58:09.156  3506  4512 V NetworkPolicy: updateNotificationsNL not process
07-28 18:58:09.156  3506  4512 W BestClock: java.time.DateTimeException: Missing network time fix
07-28 18:58:09.156  5151  8199 D QCNEJ/DataCallAgent: phoneCount: 2
07-28 18:58:09.156  5151  8199 D QCNEJ/DataCallAgent: subs for 0th slot: [1]
07-28 18:58:09.156  7445  9092 E Battery : ControllerCenter: onReceiver: mSubscriptionManager is null || mIsNeedRestoreMobile = false
07-28 18:58:09.156  5151  8199 D QCNEJ/DataCallAgent: mSubInfoReady[0] is set to true
07-28 18:58:09.156  5151  8199 D QCNEJ/DataCallAgent: subs for 1th slot: [-1]
07-28 18:58:09.157  6528  9590 D OplusAtlasAudioDetectionManager: MSG_CALL_STATE_CHANGED
07-28 18:58:09.157  6528  9590 D OplusAtlasAudioDetectionManager: callStateChanged state: 0, len: 0
07-28 18:58:09.157  7055  7951 D OsAgentAidlClient: [string_dataitem_update][1584] [HC] =>> [HS]
07-28 18:58:09.157  4950  4950 V OplusCustomizeCacheManager: queryCache name: sys.cache.common_customize_cache18016 param: null
07-28 18:58:09.157  4950  4950 V OplusCustomizeCacheManager: queryCache name: sys.cache.common_customize_cache18013 param: null
07-28 18:58:09.157  4950  4950 V OplusCustomizeCacheManager: queryCache name: sys.cache.common_customize_cache18014 param: null
07-28 18:58:09.157  4950  4950 V OplusCustomizeCacheManager: queryCache name: sys.cache.common_customize_cache18017 param: Bundle[{SETTING=BLOCK, BUSINESS=NCT-DATA}]
07-28 18:58:09.158  4950  4950 V OplusCustomizeCacheManager: queryCache name: sys.cache.common_customize_cache18016 param: null
07-28 18:58:09.158  4950  4950 V OplusCustomizeCacheManager: queryCache name: sys.cache.common_customize_cache18013 param: null
07-28 18:58:09.158  4950  4950 V OplusCustomizeCacheManager: queryCache name: sys.cache.common_customize_cache18014 param: null
07-28 18:58:09.158  4950  4950 V OplusCustomizeCacheManager: queryCache name: sys.cache.common_customize_cache18017 param: Bundle[{SETTING=BLOCK, BUSINESS=NCT-DATA}]
07-28 18:58:09.158  4950  4950 D MultiSimSettingController: onSubscriptionsChanged
07-28 18:58:09.158  4950  4950 D MultiSimSettingController: isReadyToReevaluate: subInfoInitialized=true, carrierConfigsLoaded=true, satelliteEnabledOrBeingEnabled=false
07-28 18:58:09.158  4950  4950 D MultiSimSettingController: updateDefaults
07-28 18:58:09.158  4950  4950 D MultiSimSettingController: isReadyToReevaluate: subInfoInitialized=true, carrierConfigsLoaded=true, satelliteEnabledOrBeingEnabled=false
07-28 18:58:09.158  4950  4950 D MultiSimSettingController: updateDefaultValues: change: 0
07-28 18:58:09.158  4950  4950 D MultiSimSettingController: disableDataForNonDefaultNonOpportunisticSubscriptions triggered, return directly
07-28 18:58:09.158  9615 10359 I OplusObrain: OplusObrainClientInvoke.nativeGetTelephonyInfo
07-28 18:58:09.158  4950  4950 D ImsResolver: oldSubId: 1, newSubId: 1
07-28 18:58:09.158  4950  4950 D ImsResolver: oldSubId: -1, newSubId: -1
07-28 18:58:09.158  4950  4950 D CallNotifier: updatePhoneStateListeners: update CF notifications.
07-28 18:58:09.158  1989  1989 D SensorFeature: name=ssc_screenshot_info ,index = 22
07-28 18:58:09.158  4950  4950 I Telephony: TelecomAccountRegistry: onSubscriptionsChanged - reregister accounts
07-28 18:58:09.158  1989  1989 D SensorFeature: write 29 bytes:59902157372,59910490705,165,0
07-28 18:58:09.159  5035  5484 D NAS-CellularEvent: handleSubscriptionsChanged: slotId=0
07-28 18:58:09.159  5035  5484 D NAS-CellularEvent: onImsRegistrationStateChanged, slotId=0state:false
07-28 18:58:09.159  5035  5717 D CellularEvent: handleSubscriptionsChanged: slotId=0
07-28 18:58:09.159  4950  4950 D PhoneUtils: PhoneAccountHandle subId=1, slotId=0
07-28 18:58:09.159  5035  5717 D CellularEvent: onImsRegistrationStateChanged, slotId=0state:false
07-28 18:58:09.159  5035  5717 D T-Recommend: onPreHandleMessage 1000
07-28 18:58:09.159  9615 10359 I OplusObrain: OplusObrainClientInvoke.nativeGetTrafficTypeInfoForNetworkType networkType 0
07-28 18:58:09.159  5035  5717 E CellularEvent: nri null ps
07-28 18:58:09.159  5035  5717 E CellularEvent: invalid nri
07-28 18:58:09.159  5035  5717 D T-Recommend: onPostHandleMessage 1000
07-28 18:58:09.159  3506  5358 D KernelStatsHelper: getKernelStats start!
07-28 18:58:09.159  4950  4950 D Telephony: registerPstnPhoneAccount line1Number =  subNumber = 
07-28 18:58:09.159  4950  4950 D Telephony: color is transparent asign default instead -15502541
07-28 18:58:09.159  5035  5725 W BestClock: java.time.DateTimeException: Missing network time fix
07-28 18:58:09.160  5035  5725 V MonthTrafficAlert: getWarningNotification subId:1 numWarningNotificaion:0
07-28 18:58:09.160  4859  4859 I KeyguardUpdateMonitor: refreshSimState, changed:false,subId:1,slotId:0,state:5
07-28 18:58:09.160  4859  5172 I SystemUi--QuickSettings: Tile.OplusCellularTile-->updateCarrierText: dialog not showing, ignore
07-28 18:58:09.160  3506  4602 D OplusNetlinkSocket: handleNetlinkRecvKernelMessage:nlmsghdr:StructNlMsgHdr{ nlmsg_len{40}, nlmsg_type{46()}, nlmsg_flags{0()}, nlmsg_seq{0}, nlmsg_pid{229773818} }
07-28 18:58:09.160  3506  4602 D KernelStatsHelper: get magic :[-1, -1, -1, 77, 65, 71, 73, 67]
07-28 18:58:09.160  4950  4950 D Telephony: isEmergencyPreferredAccount: subId=1, activeData=1
07-28 18:58:09.160  3506  4602 D KernelStatsHelper: magic matched count:0 data_len:0
07-28 18:58:09.160  4950  4950 D Telephony: isEmergencyPreferredAccount: Device does not require preference.
07-28 18:58:09.160  3506  4602 D KernelStatsHelper: data over! check: true
07-28 18:58:09.160  4859  5172 D SimStateHelper: slot:0, lock state:Bundle[mParcelledData.dataSize=56]
07-28 18:58:09.160  4859  5172 D SimStateHelper: slot:1, lock state:Bundle[mParcelledData.dataSize=56]
07-28 18:58:09.160  4859  5172 D SimStateHelper: needDisableMenu: slot1State=-1; slot2State=-1
07-28 18:58:09.160  4859  5172 D SimStateHelper: needDisableMenu:false
07-28 18:58:09.160  4859  5172 I SystemUi--QuickSettings: Tile.OplusCellularTile-->updateCarrierText: dialog not showing, ignore
07-28 18:58:09.160  4950  4950 I Telephony: isRttCurrentlySupported -- regular acct, hasVoiceAvailability: false
07-28 18:58:09.160  4950  4950 I Telephony:  isRttSupported: false
07-28 18:58:09.160  4950  4950 I Telephony:  isUserRttSettingOn: false
07-28 18:58:09.160  4950  4950 I Telephony:  alwaysAllowWhileRoaming: false
07-28 18:58:09.160  4950  4950 I Telephony:  isRoaming: false
07-28 18:58:09.160  4950  4950 I Telephony:  isOnWfc: false
07-28 18:58:09.160  4859  5172 D SimStateHelper: slot:0, lock state:Bundle[mParcelledData.dataSize=56]
07-28 18:58:09.160  4950  4950 D Telephony: x0: buildPstnPhoneAccount, phoneId: 0, mIsVideoCapable: false, 
07-28 18:58:09.160  4950  4950 D OplusSesImsManagerExt: feature:0, phoneId:0
07-28 18:58:09.160  4950  4950 D OplusSesImsManagerExt: getSubIdUsingPhoneId:1, phoneId:0
07-28 18:58:09.160  4859  5172 D SimStateHelper: slot:1, lock state:Bundle[mParcelledData.dataSize=56]
07-28 18:58:09.160  4859  5172 D SimStateHelper: needDisableMenu: slot1State=-1; slot2State=-1
07-28 18:58:09.160  4950  4950 D OplusSesImsManagerExt: isEntitlementEnabled:false
07-28 18:58:09.160  4859  5172 D SimStateHelper: needDisableMenu:false
07-28 18:58:09.160  4950  4950 D OplusSesImsManagerExt: isFeatureProvisionedOnDevice not enabled
07-28 18:58:09.160  4950  4950 D Telephony: registerPstnPhoneAccount mIsVideoCapable = false
07-28 18:58:09.160  4950  4950 W libc    : Access denied finding property "persist.vendor.mtk_uce_support"
07-28 18:58:09.160  4950  4950 I Telephony: isCarrierVideoPresenceSupported, false, false, false, false
07-28 18:58:09.161  4950  4950 I Telephony: reRegisterPstnPhoneAccount: subId: 1 - no change
07-28 18:58:09.162  4859  6052 I SystemUi--Statusbar: OplusMobileConnectionRepository1-->onImsStatusChanged model: CapabilityTypeModel(isVolteSwitchOn=true, isWfcEnabledByUser=true, imsRegistered=false, voiceCapable=false, videoCapable=false, registerTech=-1, isCrossSimCallingEnabledByUser=false, hasHideVolteOperator=false)
07-28 18:58:09.162  4950  4950 V OplusCustomizeCacheManager: queryCache name: sys.cache.common_customize_cache18016 param: null
07-28 18:58:09.162  4950  4950 V OplusCustomizeCacheManager: queryCache name: sys.cache.common_customize_cache18013 param: null
07-28 18:58:09.162  4950  4950 V OplusCustomizeCacheManager: queryCache name: sys.cache.common_customize_cache18014 param: null
07-28 18:58:09.162  4950  4950 V OplusCustomizeCacheManager: queryCache name: sys.cache.common_customize_cache18017 param: Bundle[{SETTING=BLOCK, BUSINESS=NCT-DATA}]
07-28 18:58:09.162 13022 13022 I ttings:tzupdate: isSwordfishLaunchAppEnabled_ 1 isSwordfishInstallAppEnabled_ 1
07-28 18:58:09.163 13022 13022 E ttings:tzupdate: Unknown bits set in runtime_flags: 0x40000000
07-28 18:58:09.163 13022 13022 I ttings:tzupdate: Using CollectorTypeCMC GC.
07-28 18:58:09.163  4950  4950 V SimultaneousCallingTracker: Received EVENT 101
07-28 18:58:09.163  4950  4950 V SimultaneousCallingTracker: generateVoiceCapablePhoneMapBasedOnUserAssociation: adding phoneId = 0
07-28 18:58:09.163  4950  4950 I SimultaneousCallingTracker: updatePhoneMapAndSimultaneousCallSupportMap: mVoiceCapablePhoneMap.size = 1
07-28 18:58:09.163  4950  4950 V SimultaneousCallingTracker: registerForImsRegistrationChanges: registering phoneId = 0
07-28 18:58:09.163  3506  5358 W BestClock: java.time.DateTimeException: Missing network time fix
07-28 18:58:09.163  4950  4950 V SimultaneousCallingTracker: generateSimultaneousCallSupportMap: returning simultaneousCallSubSupportMap = Phone ID=0 - Simultaneous calling compatible phone IDs=[]; 
07-28 18:58:09.163  4950  4950 V SimultaneousCallingTracker: handleSimultaneousCallingSupportChanged
07-28 18:58:09.163  3506  5358 W ContentService: Observer is already registered. Pid is 4950
07-28 18:58:09.163  4950  4950 D InternationalRoamingNotification: init
07-28 18:58:09.163  5206  6286 D VirtualCommService2: isSupport. true, true
07-28 18:58:09.163  4950  4950 D OplusVirtualCommUtils: isVirtualCommSupport, vRet: true
07-28 18:58:09.163  4950  4950 I OplusVirtualCommUtils: getVirtualCommDeviceType, vRet: 1
07-28 18:58:09.164  4950  4950 I OplusVirtualCommUtils: isConsumerDeviceType, deviceType: 1
07-28 18:58:09.164  3506  5358 W BestClock: java.time.DateTimeException: Missing network time fix
07-28 18:58:09.164  4859  5829 V OplusCustomizeCacheManager: queryCache name: sys.cache.common_customize_cache18014 param: null
07-28 18:58:09.164  4859  5829 V OplusCustomizeCacheManager: queryCache name: sys.cache.common_customize_cache18017 param: Bundle[{SETTING=BLOCK, BUSINESS=NCT-DATA}]
07-28 18:58:09.164  4859  5829 V OplusCustomizeCacheManager: queryCache name: sys.cache.common_customize_cache18013 param: null
07-28 18:58:09.164  4950  4950 D InternationalRoamingNotification: do not createRoamingNotification for invalid Network
07-28 18:58:09.164 13022 13022 E ttings:tzupdate: Not starting debugger since process cannot load the jdwp agent.
07-28 18:58:09.165  3506  5358 W BestClock: java.time.DateTimeException: Missing network time fix
07-28 18:58:09.166  3506  5556 W BestClock: java.time.DateTimeException: Missing network time fix
07-28 18:58:09.166 13022 13022 D nativeloader: Load libframework-connectivity-tiramisu-jni.so using APEX ns com_android_tethering for caller /apex/com.android.tethering/javalib/framework-connectivity-t.jar: ok
07-28 18:58:09.166  4859  5829 V OplusCustomizeCacheManager: queryCache name: sys.cache.common_customize_cache18014 param: null
07-28 18:58:09.166  4859  5829 V OplusCustomizeCacheManager: queryCache name: sys.cache.common_customize_cache18017 param: Bundle[{SETTING=BLOCK, BUSINESS=NCT-DATA}]
07-28 18:58:09.166  4859  5829 V OplusCustomizeCacheManager: queryCache name: sys.cache.common_customize_cache18013 param: null
07-28 18:58:09.167 13022 13022 W libc    : Access denied finding property "persist.vendor.sys.activitylog"
07-28 18:58:09.167 13022 13022 I OneTrace: Mark active for pid=13022? true
07-28 18:58:09.167 13022 13022 D cutils-dev: otrace_set_tracing_enabled? true tag:0
07-28 18:58:09.167 13022 13022 D cutils-dev: properties changed in otrace_seq_number_changed!
07-28 18:58:09.168  3506  5556 D ActivityTaskManagerServiceExtImpl: preBindApplication record is null
07-28 18:58:09.168  3506  5556 D RGBNormalizeServer: OplusRGBNormalize feature enabled ? true
07-28 18:58:09.168  3506  5556 D ResourcesManagerCache: For package com.oplus.wirelesssettings we got cacheList [null] appInfoExt is null ? false hasFeature ? false
07-28 18:58:09.168  3506  5556 D VRR [OPlusExternalRefreshRateManager]: isPkgTfcEnable: pkgName = com.oplus.wirelesssettings, enable = false
07-28 18:58:09.168  3506  5556 D VRR [OPlusExternalRefreshRateManager]: getTfcMinFramerate: pkgName = com.oplus.wirelesssettings, min framerate = 0
07-28 18:58:09.170 13022 13022 D OplusActivityManager: get AMS extension: android.os.BinderProxy@c0a9e76
07-28 18:58:09.171 13022 13022 D CompactWindowAppManager: initCompactApplicationInfo CompactMode: , NormalMode: 
07-28 18:58:09.172 13022 13022 D OplusScrollToTopManager: setIsInWhiteList false
07-28 18:58:09.172 13022 13022 D OplusViewDebugManager: OplusViewDebugManager Constructor android.view.debug.OplusViewDebugManager@a3610e4 [mHasViewDebugProperty true] [mHasMsgDebugProperty false] [DEBUG false] [EXTRAINFOENABLE false] [LIGHT_OS false]
07-28 18:58:09.172 13022 13022 D CompatChangeReporter: Compat change id reported: 242716250; UID 1000; state: ENABLED
07-28 18:58:09.174 13022 13022 W libc    : Access denied finding property "ro.odm.prev.product.name"
07-28 18:58:09.174 13022 13022 W ziparchive: Unable to open '/system_ext/framework/nfcvendorlib.dm': No such file or directory
07-28 18:58:09.174 13022 13022 W ziparchive: Unable to open '/system_ext/framework/nfcvendorlib.dm': No such file or directory
07-28 18:58:09.176 13022 13022 D nativeloader: Configuring clns-shared-7 for other apk /system_ext/framework/nfcvendorlib.jar. target_sdk_version=34, uses_libraries=ALL, library_path=/system_ext/priv-app/WirelessSettings/lib/arm64:/system_ext/priv-app/WirelessSettings/WirelessSettings.apk!/lib/arm64-v8a:/system/lib64:/system_ext/lib64, permitted_path=/data:/mnt/expand:/data/user_de/0/com.oplus.wirelesssettings:/system_ext/priv-app/WirelessSettings:/system/lib64:/system_ext/lib64
07-28 18:58:09.176 13022 13022 D nativeloader: Extending system_exposed_libraries: libbinauralrenderer_wrapper.qti.so:libhoaeffects.qti.so:libSloganJni.oplus.so:libsuperNight.oplus.so:libAPSClient-cmd-jni-extension.oplus.so:libsatellite_audio_jni.oplus.so:libortc_so.oplus.so:libsoundtouch.oplus.so:libsoundtouch_jni.oplus.so:libOplusStringJNI-extension.oplus.so:libsatellite_ostx_jni.oplus.so:libapssuspend-jni.oplus.so:libupdateprof.qti.so:libthermalclient.qti.so:libqape.qti.so:libqesdk_ndk_platform.qti.so:liblistenjni.qti.so
07-28 18:58:09.176 13022 13022 D ApplicationLoaders: Returning zygote-cached class loader: /system_ext/framework/androidx.window.extensions.jar
07-28 18:58:09.176 13022 13022 D ApplicationLoaders: Returning zygote-cached class loader: /system_ext/framework/androidx.window.sidecar.jar
07-28 18:58:09.178 13022 13022 D nativeloader: Configuring clns-shared-8 for other apk /system_ext/priv-app/WirelessSettings/WirelessSettings.apk. target_sdk_version=34, uses_libraries=, library_path=/system_ext/priv-app/WirelessSettings/lib/arm64:/system_ext/priv-app/WirelessSettings/WirelessSettings.apk!/lib/arm64-v8a:/system/lib64:/system_ext/lib64, permitted_path=/data:/mnt/expand:/data/user_de/0/com.oplus.wirelesssettings:/system_ext/priv-app/WirelessSettings:/system/lib64:/system_ext/lib64
07-28 18:58:09.182 13022 13022 V GraphicsEnvironment: Currently set values for:
07-28 18:58:09.182 13022 13022 V GraphicsEnvironment:   angle_gl_driver_selection_pkgs=[]
07-28 18:58:09.182 13022 13022 V GraphicsEnvironment:   angle_gl_driver_selection_values=[]
07-28 18:58:09.182 13022 13022 V GraphicsEnvironment: Global.Settings values are invalid: number of packages: 0, number of values: 0
07-28 18:58:09.182  4950  5937 D CellBroadcastConfigTracker-0: Failed to set cdma config
07-28 18:58:09.183  5919  5933 E CellBroadcastConfigService: fails to setCellBroadcastRanges, result = 2
07-28 18:58:09.184 13022 13022 D WS_OplusWirelessSettingsApp: onCreate, OplusWirelessSettingsApp
07-28 18:58:09.188 13022 13022 D LogUtils: initWirelessLog sIsQeAssert=false,sIsWifiOrBtLog=false
07-28 18:58:09.190  3506  5358 I ActivityManager: Flag disabled. Ignoring finishAttachApplication from uid: 1000. pid: 13022
07-28 18:58:09.191 13022 13022 E ANDR-PERF-CLIENT-SYS: death recipent object is fine
07-28 18:58:09.191 13022 13022 W ttings:tzupdate: AIBinder_linkToDeath is being called with a non-null cookie and no onUnlink callback set. This might not be intended. AIBinder_DeathRecipient_setOnUnlinked should be called first.
07-28 18:58:09.192  3506  5358 W OplusSelfProtectManager: pkg[com.oplus.wirelesssettings] not in policy list
07-28 18:58:09.194  3506  5358 D ActivityManager: Async freezing 13022 com.oplus.wirelesssettings:tzupdate
07-28 18:58:09.196  4718  4730 W SQLiteLog: (28) double-quoted string literal: "timezone_tzdata_v2_files"
07-28 18:58:09.248  3506  3506 D OplusWifiBroadCastDispatcher: mBroadcastReceiver: onReceiver  action=android.intent.action.BATTERY_LEVEL_CHANGED
07-28 18:58:09.248  3506  4627 D OplusWifiPowerService: onReceive action:android.intent.action.BATTERY_LEVEL_CHANGED
07-28 18:58:09.248  3506  4485 W OplusStorageManagerFeature: mScreenReceiver action:android.intent.action.BATTERY_LEVEL_CHANGED
07-28 18:58:09.248  3506  4485 I OplusStorageManagerFeature: TmemoryBetterySwitch: level=58 state=0
07-28 18:58:09.249  3506  4485 I OplusStorageManagerFeature: TmemoryBetterySwitch: action=0 state=2
07-28 18:58:09.249  3506  4485 W OplusStorageManagerFeature: Ready to deal actionParam:0
07-28 18:58:09.250  6151  6151 D BatteryUsageBroadcastReceiver: onReceive:android.intent.action.BATTERY_LEVEL_CHANGED
07-28 18:58:09.251  6151  6151 D BatteryUsageBroadcastReceiver: fetch data because of event: ACTION_BATTERY_LEVEL_CHANGED
07-28 18:58:09.255  3506  4226 D ActivityManager: Async freezing 6151 com.android.settings
07-28 18:58:09.260  4950  4950 V OplusCustomizeCacheManager: queryCache name: sys.cache.common_customize_cache18016 param: null
07-28 18:58:09.260  4950  4950 V OplusCustomizeCacheManager: queryCache name: sys.cache.common_customize_cache18013 param: null
07-28 18:58:09.260  4950  4950 V OplusCustomizeCacheManager: queryCache name: sys.cache.common_customize_cache18014 param: null
07-28 18:58:09.260  4950  4950 V OplusCustomizeCacheManager: queryCache name: sys.cache.common_customize_cache18017 param: Bundle[{SETTING=BLOCK, BUSINESS=NCT-DATA}]
07-28 18:58:09.261  4950  4950 V OplusCustomizeCacheManager: queryCache name: sys.cache.common_customize_cache18016 param: null
07-28 18:58:09.261  4950  4950 V OplusCustomizeCacheManager: queryCache name: sys.cache.common_customize_cache18013 param: null
07-28 18:58:09.261  4950  4950 V OplusCustomizeCacheManager: queryCache name: sys.cache.common_customize_cache18014 param: null
07-28 18:58:09.261  4950  4950 V OplusCustomizeCacheManager: queryCache name: sys.cache.common_customize_cache18017 param: Bundle[{SETTING=BLOCK, BUSINESS=NCT-DATA}]
07-28 18:58:09.281  1913  4468 I Dpps    : LtmSwState::SetParameter():144 ignore cmd 7 in state LtmOffState
07-28 18:58:09.300  9020  9757 W metis_v2_KnowledgeManager: Fire: isEmergency is true  debugFireMode = false [7f0000011753743447737193707266|p_7266_133ad22@1|p_9020_51a8fd6@0|com.oplus.metis] [base|com.oplus.metis|1.5.5-f48228a]
07-28 18:58:09.300  4859  4859 D RowAnimatorExtImpl: end:view:StatusBarIconView(slot='volume' alpha=1.0 icon=StatusBarIcon(icon=Icon(typ=RESOURCE pkg=com.android.systemui id=0x7f0818f0) visible user=0 ) visibleState=ICON iconColor=#ccffffff staticDrawableColor=#ccffffff decorColor=#ffffffff animationStartColor=#0 currentSetColor=#ccffffff notification=null),tx
07-28 18:58:09.301  4859  4859 D RowAnimatorExtImpl: end:view:StatusBarIconView(slot='zen' alpha=1.0 icon=StatusBarIcon(icon=Icon(typ=RESOURCE pkg=com.android.systemui id=0x7f0818e1) visible user=0 ) visibleState=ICON iconColor=#ccffffff staticDrawableColor=#ccffffff decorColor=#ffffffff animationStartColor=#0 currentSetColor=#ccffffff notification=null),tx
07-28 18:58:09.301  4859  4859 D RowAnimatorExtImpl: end:view:StatusBarIconView(slot='volume' alpha=1.0 icon=StatusBarIcon(icon=Icon(typ=RESOURCE pkg=com.android.systemui id=0x7f0818f0) visible user=0 ) visibleState=ICON iconColor=#ccffffff staticDrawableColor=#ccffffff decorColor=#ffffffff animationStartColor=#0 currentSetColor=#ccffffff notification=null),tx
07-28 18:58:09.301  4859  4859 D RowAnimatorExtImpl: end:view:StatusBarIconView(slot='zen' alpha=1.0 icon=StatusBarIcon(icon=Icon(typ=RESOURCE pkg=com.android.systemui id=0x7f0818e1) visible user=0 ) visibleState=ICON iconColor=#ccffffff staticDrawableColor=#ccffffff decorColor=#ffffffff animationStartColor=#0 currentSetColor=#ccffffff notification=null),tx
07-28 18:58:09.301  4859  4859 D RowAnimatorExtImpl: end:view:StatusBarIconView(slot='volume' alpha=1.0 icon=StatusBarIcon(icon=Icon(typ=RESOURCE pkg=com.android.systemui id=0x7f0818f0) visible user=0 ) visibleState=ICON iconColor=#ccffffff staticDrawableColor=#ccffffff decorColor=#ffffffff animationStartColor=#0 currentSetColor=#ccffffff notification=null),tx
07-28 18:58:09.301  4859  4859 D RowAnimatorExtImpl: end:view:StatusBarIconView(slot='zen' alpha=1.0 icon=StatusBarIcon(icon=Icon(typ=RESOURCE pkg=com.android.systemui id=0x7f0818e1) visible user=0 ) visibleState=ICON iconColor=#ccffffff staticDrawableColor=#ccffffff decorColor=#ffffffff animationStartColor=#0 currentSetColor=#ccffffff notification=null),tx
07-28 18:58:09.301  9020  9757 W metis_v2_OifaceBindUtils: bindTask [7f0000011753743447737193707266|p_7266_133ad22@1|p_9020_51a8fd6@0|com.oplus.metis]
07-28 18:58:09.301  9020  9757 W metis_v2_OifaceBindUtils: call connectOifaceService [7f0000011753743447737193707266|p_7266_133ad22@1|p_9020_51a8fd6@0|com.oplus.metis]
07-28 18:58:09.301  9020  9757 I metis_v2_KnowledgeManager: panta-sugg-Fire: count=1 [7f0000011753743447737193707266|p_7266_133ad22@1|p_9020_51a8fd6@0|com.oplus.metis]
07-28 18:58:09.301  6579  6628 E oiface  : sched_setaffinity failed
07-28 18:58:09.301  6579  6616 E oiface  : directSetTask: get cpuset path failed
07-28 18:58:09.305  9020  9757 I System.out: 'park_precondition_home_02' 
07-28 18:58:09.305  9020  9757 I System.out: 'park_precondition_company_02' 
07-28 18:58:09.305  9020  9757 I System.out: 'UBIQUITOUS_SERVICE#assistant_screen#NOT_AT_HOME_301' 
07-28 18:58:09.305  9020  9757 I System.out: 'UBIQUITOUS_SERVICE#assistant_screen#NOT_AT_OFFICE_401' 
07-28 18:58:09.307  9020  9757 I System.out: 'policy:NEAR_SUBWAY_BUS_STATION_2x4' 
07-28 18:58:09.311  9020  9757 W metis_v2_TimeDurationCompare: [com.oplus.metis#UBIQUITOUS_SERVICE#scene#tips#TipScene_EXIT] 'timestamp' is not literal. [7f0000011753743447737193707266|p_7266_133ad22@1|p_9020_51a8fd6@0|com.oplus.metis]
07-28 18:58:09.312  9020  9757 D SceneIntentPublisher: headAction: pkg is com.oplus.metis and simpleRuleName is UBIQUITOUS_SERVICE#secne#activity_coloros_reminder_tips
07-28 18:58:09.319  9020  9757 D SceneIntentPublisher: headAction: pkg is com.oplus.metis and simpleRuleName is UBIQUITOUS_SERVICE#secne#activity_coloros_reminder_tips
07-28 18:58:09.322  9020  9757 I System.out: 'UBIQUITOUS_SERVICE#assistant_screen#NOT_AT_HOME_301' 
07-28 18:58:09.322  9020  9757 I System.out: 'tempPropertyForGuideStatus' 
07-28 18:58:09.325  9020  9757 D SceneIntentPublisher: headAction: pkg is com.oplus.metis and simpleRuleName is UBIQUITOUS_SERVICE#secne#activity_coloros_reminder_tips
07-28 18:58:09.325  9020  9757 W metis_v2_TimeDurationCompare: [com.oplus.metis#UBIQUITOUS_SERVICE#scene#tips#TipScene_EXIT] 'timestamp' is not literal. [7f0000011753743447737193707266|p_7266_133ad22@1|p_9020_51a8fd6@0|com.oplus.metis]
07-28 18:58:09.332  9020  9540 I ContextAware_GetInstalledAppsInfo: Update cache
07-28 18:58:09.333  6540  6584 E horae   : 0: back:33008,back_1:35434,back_2:34920,back_3:34115,frame:35602,frame_1:34470,front:36208,front_1:36583,front_2:34954, -2147483648 5, +(3274), 1 ,43520,33261,39366,43533,41508,42587,33335,39088,42534,40863,41644,33158,38808,41722,40317,40984,33113,38534,40991,39796, target_temp:36583, algo:0
07-28 18:58:09.333  6540  6584 E horae   : tz(cpu-0-4-1) temp changed suddenly, cut temp to:56100
07-28 18:58:09.333  6540  6584 E horae   : Recording abnormal tz:19 state:4.
07-28 18:58:09.336  9020  9757 W metis_v2_AbsTimerTriggered: [com.oplus.metis#UBIQUITOUS_SERVICE#health#LAUNCH-HEALTH-APP]: periodicTriggered's parseArgsToTimer meet exception periodic timer's first execute start time must >= time range start [7f0000011753743447737193707266|p_7266_133ad22@1|p_9020_51a8fd6@0|com.oplus.metis]
07-28 18:58:09.336  9020  9757 W metis_v2_AbsTimerTriggered: [com.oplus.metis#UBIQUITOUS_SERVICE#health#LAUNCH-HEALTH-APP]: please check if builtin periodicTriggered's args is valid [7f0000011753743447737193707266|p_7266_133ad22@1|p_9020_51a8fd6@0|com.oplus.metis]
07-28 18:58:09.338  5278  5859 I MMKV    : <MMKV_IO.cpp:456::writeActualSize> [mmkv.default] increase sequence to 7669, crc 1885236204, actualSize 512
07-28 18:58:09.339  9020  9757 I System.out: 'UBIQUITOUS_SERVICE#assistant_screen#NOT_AT_OFFICE_401' 
07-28 18:58:09.340  9020  9757 I metis_v2_KnowledgeManager: panta-sugg-Fire takes 38 milliseconds. [7f0000011753743447737193707266|p_7266_133ad22@1|p_9020_51a8fd6@0|com.oplus.metis]
07-28 18:58:09.340  9020  9757 I ContextAware_PantanalIntentManager: intent (id-14111004+policyName-CLEAN_STORAGE) is not found in scene_intent_config [7f0000011753743447737193707266|p_7266_133ad22@1|p_9020_51a8fd6@0|com.oplus.metis]
07-28 18:58:09.340  9020  9757 I metis_v2_SceneTravelingAdapter: recallTravellingIntent: [] [7f0000011753743447737193707266|p_7266_133ad22@1|p_9020_51a8fd6@0|com.oplus.metis]
07-28 18:58:09.340  9020  9757 I ContextAware_ContextAware_SceneIntentManager: mLastIntentDataSet: [] [7f0000011753743447737193707266|p_7266_133ad22@1|p_9020_51a8fd6@0|com.oplus.metis]
07-28 18:58:09.340  9020  9757 I ContextAware_ContextAware_SceneIntentManager: intentList: [IntentDataDTO(intent=IntentDTO=[sceneId=220500200, intentId=14111005, isExited=false, source=0, ownerId=com.oplus.metis, action=14111005, policyName=SUBSTITUTE_SCENE, serviceId=, sendExitedIntent=true, repeatable=false, sceneScore=-1.0, position=right, level=2, type=1, serviceInstanceId=null, isSupportMultiInstance=false, settingsPreference=null], items=[]), IntentDataDTO(intent=IntentDTO=[sceneId=210000000, intentId=12121002, isExited=true, source=0, ownerId=com.oplus.metis, action=12121002, policyName=TAKEOUT_ORDER_STATUS_CHANGE, serviceId=, sendExitedIntent=false, repeatable=false, sceneScore=-1.0, position=left, level=1, type=1, serviceInstanceId=null, isSupportMultiInstance=false, settingsPreference=null], items=[]), IntentDataDTO(intent=IntentDTO=[sceneId=null, intentId=14111004, isExited=true, source=0, ownerId=com.oplus.metis, action=14111004, policyName=CLEAN_STORAGE, serviceId=, sendExitedIntent=false, repeatable=false, sceneScore=-1.0, position=null, level=0, type=1, serviceInstanceId=null, isSupportMultiInstance=false, settingsPreference=null], items=[]), IntentDataDTO(intent=IntentDTO=[sceneId=null, intentId=12121002, isExited=true, source=0, ownerId=com.oplus.metis, action=12121002, policyName=TAKEOUT_ORDER_STATUS_CHANGE, serviceId=, sendExitedIntent=false, repeatable=false, sceneScore=-1.0, position=null, level=0, type=1, serviceInstanceId=null, isSupportMultiInstance=false, settingsPreference=null], items=[])] [7f0000011753743447737193707266|p_7266_133ad22@1|p_9020_51a8fd6@0|com.oplus.metis]
07-28 18:58:09.340  9020  9757 I ContextAware_ContextAware_SceneIntentManager: missedIntent: [] [7f0000011753743447737193707266|p_7266_133ad22@1|p_9020_51a8fd6@0|com.oplus.metis]
07-28 18:58:09.340  9020  9757 I metis_v2_SceneIntentManager: panta-sugg-Published intents: [7f0000011753743447737193707266|p_7266_133ad22@1|p_9020_51a8fd6@0|com.oplus.metis]
07-28 18:58:09.340  9020  9757 I metis_v2_SceneIntentManager: panta-sugg-IntentDataDTO(intent=IntentDTO=[sceneId=220500200, intentId=14111005, isExited=false, source=0, ownerId=com.oplus.metis, action=14111005, policyName=SUBSTITUTE_SCENE, serviceId=, sendExitedIntent=true, repeatable=false, sceneScore=-1.0, position=right, level=2, type=1, serviceInstanceId=null, isSupportMultiInstance=false, settingsPreference=null], items=[]) [7f0000011753743447737193707266|p_7266_133ad22@1|p_9020_51a8fd6@0|com.oplus.metis]
07-28 18:58:09.340  9020  9757 I metis_v2_SceneIntentManager: panta-sugg-IntentDataDTO(intent=IntentDTO=[sceneId=210000000, intentId=12121002, isExited=true, source=0, ownerId=com.oplus.metis, action=12121002, policyName=TAKEOUT_ORDER_STATUS_CHANGE, serviceId=, sendExitedIntent=false, repeatable=false, sceneScore=-1.0, position=left, level=1, type=1, serviceInstanceId=null, isSupportMultiInstance=false, settingsPreference=null], items=[]) [7f0000011753743447737193707266|p_7266_133ad22@1|p_9020_51a8fd6@0|com.oplus.metis]
07-28 18:58:09.340  9020  9757 I metis_v2_SceneIntentManager: panta-sugg-IntentDataDTO(intent=IntentDTO=[sceneId=null, intentId=14111004, isExited=true, source=0, ownerId=com.oplus.metis, action=14111004, policyName=CLEAN_STORAGE, serviceId=, sendExitedIntent=false, repeatable=false, sceneScore=-1.0, position=null, level=0, type=1, serviceInstanceId=null, isSupportMultiInstance=false, settingsPreference=null], items=[]) [7f0000011753743447737193707266|p_7266_133ad22@1|p_9020_51a8fd6@0|com.oplus.metis]
07-28 18:58:09.340  9020  9757 I metis_v2_SceneIntentManager: panta-sugg-IntentDataDTO(intent=IntentDTO=[sceneId=null, intentId=12121002, isExited=true, source=0, ownerId=com.oplus.metis, action=12121002, policyName=TAKEOUT_ORDER_STATUS_CHANGE, serviceId=, sendExitedIntent=false, repeatable=false, sceneScore=-1.0, position=null, level=0, type=1, serviceInstanceId=null, isSupportMultiInstance=false, settingsPreference=null], items=[]) [7f0000011753743447737193707266|p_7266_133ad22@1|p_9020_51a8fd6@0|com.oplus.metis]
07-28 18:58:09.341  9020  9757 I ContextAware_MetisStatistics: uploadMetisIntentData enter {intent_source=0, intent_action=14111005, exit_type=, rule_name=UBIQUITOUS_SERVICE#secne#activity_coloros_reminder_tips, service_id=, scene_id=220500200, policy_name=SUBSTITUTE_SCENE, is_exited=false, intent_id=14111005, timestamp=1753743489341} [7f0000011753743447737193707266|p_7266_133ad22@1|p_9020_51a8fd6@0|com.oplus.metis]
07-28 18:58:09.341  9020  9757 I ContextAware_PantanalIntentManager: getCloudIntentConfig [7f0000011753743447737193707266|p_7266_133ad22@1|p_9020_51a8fd6@0|com.oplus.metis]
07-28 18:58:09.344  9020  9764 I DeepThinkerSDK: [APP] ClientConnection: getDeepThinkerBridge start
07-28 18:58:09.344  9020  9764 I DeepThinkerSDK: [APP] ClientConnection: getDeepThinkerBridge end
07-28 18:58:09.345  9020  9757 I ContextAware_PantanalIntentManager: getDownLoadConfig [7f0000011753743447737193707266|p_7266_133ad22@1|p_9020_51a8fd6@0|com.oplus.metis]
07-28 18:58:09.360  9020  9757 I ContextAware_PantanalIntentManager: selectNewestConfig, assetVersion 202505301103, downloadVersion 202507161101 [7f0000011753743447737193707266|p_7266_133ad22@1|p_9020_51a8fd6@0|com.oplus.metis]
07-28 18:58:09.366  9020  9757 I ContextAware_PantanalIntentManager: getCloudIntentConfig, cache cloud intent config [7f0000011753743447737193707266|p_7266_133ad22@1|p_9020_51a8fd6@0|com.oplus.metis]
07-28 18:58:09.366  9020  9757 I ContextAware_PantanalIntentLruCache: create, key=14111004-CLEAN_STORAGE, create time=25 LruCache[maxSize=120,hits=118,misses=5,hitRate=95%] cacheSize=15 [7f0000011753743447737193707266|p_7266_133ad22@1|p_9020_51a8fd6@0|com.oplus.metis]
07-28 18:58:09.367  9020 10352 E ContextAware_SortAlgorithmManager.ReorderProcessor.GuaranteedIntentManager: removeExternalIntent mExternalGuaranteedList invalid
07-28 18:58:09.367  9020  9757 I ContextAware_DecisionIntentProvider: uriPath:/negative_screen [7f0000011753743447737193707266|p_7266_133ad22@1|p_9020_51a8fd6@0|com.oplus.metis]
07-28 18:58:09.367  9020  9757 I ContextAware_DecisionIntentProvider: mAssistantScreenList:[] [7f0000011753743447737193707266|p_7266_133ad22@1|p_9020_51a8fd6@0|com.oplus.metis]
07-28 18:58:09.367  9020  9757 I DataCollector_SortAlgorithmManager.SortCommonUtil: mIntentList is empty. [7f0000011753743447737193707266|p_7266_133ad22@1|p_9020_51a8fd6@0|com.oplus.metis]
07-28 18:58:09.367  9020 10147 E ContextAware_SortAlgorithmManager.ReorderProcessor.GuaranteedIntentManager: removeExternalIntent mExternalGuaranteedList invalid
07-28 18:58:09.367  9020 10068 E ContextAware_SortAlgorithmManager.ReorderProcessor.GuaranteedIntentManager: removeExternalIntent mExternalGuaranteedList invalid
07-28 18:58:09.367  9020 10284 I ContextAware_ContextAware_SortAlgorithmManager.SendMsg: Log Segmented Print(1):sortForBatchRemoveIntentChange pantanalIntentList = [PantanalIntent(sceneId=210000000, intentId=12121002, policyName='TAKEOUT_ORDER_STATUS_CHANGE', sceneInstanceId=null, intentSrc=0, finalScore=-1.0, subDomain='takeout', action='pantanal.intent.takeout.VIEW_ORDER_PROGRESS', defaultScore=11.0, sortable=false, paramsFromUserPolicy=ParamsFromUserPolicy(exposureArgs=[], exposureFunc=-1, clickArgs=[], clickFunc=-1, timeArgs=[], timeFunc=-1, delayExposureArgs=null, delayClickArgs=null), cannotReduceRecommend=false, reduceReplaceKey=, isUnrecoverable=false, dropRepeatKey=, dropRepeatMode=-1, paramsFromService=content-length:2, isParamsSendToSeedling=false, forceRebuildSeedling=false, seedlingUiPolicy=0, paramsFromHabit=null, serviceList=null, serviceSelectPolicy=0, serviceSelectWeight=null, serviceId=, serviceIdFrom=null, recallScore=null, rankScore=-1.0, rerankScore=-1.0, requestId=null, userPolicyScore=-1.0, domain='life_service', cloudExtInfo=null, operation=1, showCount=0, clickCount=0, exposureTime=0, dtExperimentParams=null, createTime=1753743489366, lastUpdateTime=1753743489366, expireTime=240, , originalUpdateTime=1753743489366, sortRelatedId=0, addRelatedId=0, decisionHistoryList=null, businessData=null, cardOptions=null, instanceId=null, protectEnable=true, protectPolicy=ProtectPolicy(event=0, initialDuration=7, deltaDuration=3, startRatio=70, endRatio=10, stepRatio=20), addMinProb=0.4, probAdj=1.0, lastSortType=0, configVersion=202507161101, algorithmVersion=, recommendServiceList=null, removeTriggerValue=0.2, algorithmTimeRule=[], ruleRemoveByAlgorithm=false, containServiceId=false, dropRepeatType=0, dropRepeatScore=0, delayDismiss=0, attenuationType=-1, attenuationFunc=-1, shouldFocus=false, focusTimestamp=null, orderID=null, serviceTimeStamp=0, serviceInstanceId=null, showType=0,delayExposureTimestamp=0, delayClickTimestamp=0, isSupportMultiInstance=false, , PantanalIntent(sceneId=null, intentId=14111004, policyName='CLEAN_STORAGE', sceneInstanceId=null, intentSrc=0, finalScore=-1.0, subDomain='clear_memory', action='pantanal.intent.system.CLEAN_UP_STORAGE', defaultScore=0.8, sortable=true, paramsFromUserPolicy=ParamsFromUserPolicy(exposureArgs=[20.0, 5.0], exposureFunc=2, clickArgs=[2.0], clickFunc=1, timeArgs=[], timeFunc=-1, delayExposureArgs=null, delayClickArgs=null), cannotReduceRecommend=false, reduceReplaceKey=, isUnrecoverable=false, dropRepeatKey=, dropRepeatMode=-1, paramsFromService=content-length:2, isParamsSendToSeedling=false, forceRebuildSeedling=false, seedlingUiPolicy=0, paramsFromHabit=null, serviceList=null, serviceSelectPolicy=0, serviceSelectWeight=null, serviceId=, serviceIdFrom=null, recallScore=null, rankScore=-1.0, rerankScore=-1.0, requestId=null, userPolicyScore=-1.0, domain='system_settings', cloudExtInfo=null, operation=1, showCount=0, clickCount=0, exposureTime=0, dtExperimentParams=null, createTime=1753743489366, lastUpdateTime=1753743489366, expireTime=240, , originalUpdateTime=1753743489366, sortRelatedId=100710040000, addRelatedId=0, decisionHistoryList=null, businessData=null, cardOptions=null, instanceId=null, protectEnable=true, protectPolicy=ProtectPolicy(event=0, initialDuration=0, deltaDuration=1, startRatio=20, endRatio=5, stepRatio=5), addMinProb=0.4, probAdj=1.0, lastSortType=0, configVersion=202507161101, algorithmVersion=, recommendServiceList=null, removeTriggerValue=0.2, algorithmTimeRule=[], ruleRemoveByAlgorithm=false, containServiceId=false, dropRepeatType=0, dropRepeatScore=0, delayDismiss=0, attenuationType=-1, attenuationFunc=-1, shouldFocus=false, focusTimestamp=null, orderID=null, serviceTimeStamp=0, serviceInstanceId=null, showType=0,delayExposureTimestamp=0, delayClickTimestamp=0, isSupportMultiInstance=false, , PantanalIntent(sceneId=null, intentId=12121002, policyName='TAKEOUT_ORDER_STATUS_CHANGE', sceneInstanceId=null, intentSrc=0, finalScore=-1.0, subDomain='takeout', action='pantanal.intent.takeout.VIEW_ORDER_PROGRESS', defaultScore=11.0,
07-28 18:58:09.367  9020 10284 I ContextAware_ContextAware_SortAlgorithmManager.SendMsg: Log Segmented Print(2): sortable=false, paramsFromUserPolicy=ParamsFromUserPolicy(exposureArgs=[], exposureFunc=-1, clickArgs=[], clickFunc=-1, timeArgs=[], timeFunc=-1, delayExposureArgs=null, delayClickArgs=null), cannotReduceRecommend=false, reduceReplaceKey=, isUnrecoverable=false, dropRepeatKey=, dropRepeatMode=-1, paramsFromService=content-length:2, isParamsSendToSeedling=false, forceRebuildSeedling=false, seedlingUiPolicy=0, paramsFromHabit=null, serviceList=null, serviceSelectPolicy=0, serviceSelectWeight=null, serviceId=, serviceIdFrom=null, recallScore=null, rankScore=-1.0, rerankScore=-1.0, requestId=null, userPolicyScore=-1.0, domain='life_service', cloudExtInfo=null, operation=1, showCount=0, clickCount=0, exposureTime=0, dtExperimentParams=null, createTime=1753743489366, lastUpdateTime=1753743489366, expireTime=240, , originalUpdateTime=1753743489366, sortRelatedId=0, addRelatedId=0, decisionHistoryList=null, businessData=null, cardOptions=null, instanceId=null, protectEnable=true, protectPolicy=ProtectPolicy(event=0, initialDuration=7, deltaDuration=3, startRatio=70, endRatio=10, stepRatio=20), addMinProb=0.4, probAdj=1.0, lastSortType=0, configVersion=202507161101, algorithmVersion=, recommendServiceList=null, removeTriggerValue=0.2, algorithmTimeRule=[], ruleRemoveByAlgorithm=false, containServiceId=false, dropRepeatType=0, dropRepeatScore=0, delayDismiss=0, attenuationType=-1, attenuationFunc=-1, shouldFocus=false, focusTimestamp=null, orderID=null, serviceTimeStamp=0, serviceInstanceId=null, showType=0,delayExposureTimestamp=0, delayClickTimestamp=0, isSupportMultiInstance=false, ]
07-28 18:58:09.367  9020 10284 I ContextAware_SortAlgorithmManager.SendMsg: sortForBatchRemoveIntentChange : batchIntentList is empty Just return
07-28 18:58:09.367  9020 10284 I ContextAware_SortAlgorithmManager.SendMsg: sortForBatchIntentChange batchIntent = PantanalIntent(sceneId=220500200, intentId=14111005, policyName='SUBSTITUTE_SCENE', sceneInstanceId=null, intentSrc=0, finalScore=-1.0, subDomain='tips', action='pantanal.intent.system.VIEW_TIPS', defaultScore=2.0, sortable=true, paramsFromUserPolicy=ParamsFromUserPolicy(exposureArgs=[], exposureFunc=-1, clickArgs=[], clickFunc=-1, timeArgs=[], timeFunc=-1, delayExposureArgs=null, delayClickArgs=null), cannotReduceRecommend=false, reduceReplaceKey=, isUnrecoverable=false, dropRepeatKey=, dropRepeatMode=-1, paramsFromService=content-length:2, isParamsSendToSeedling=false, forceRebuildSeedling=false, seedlingUiPolicy=0, paramsFromHabit=null, serviceList=null, serviceSelectPolicy=0, serviceSelectWeight=null, serviceId=, serviceIdFrom=null, recallScore=null, rankScore=-1.0, rerankScore=-1.0, requestId=null, userPolicyScore=-1.0, domain='system_settings', cloudExtInfo=null, operation=0, showCount=0, clickCount=0, exposureTime=0, dtExperimentParams=null, createTime=1753743489366, lastUpdateTime=1753743489366, expireTime=240, , originalUpdateTime=1753743489366, sortRelatedId=0, addRelatedId=0, decisionHistoryList=null, businessData=null, cardOptions=null, instanceId=null, protectEnable=true, protectPolicy=ProtectPolicy(event=0, initialDuration=7, deltaDuration=3, startRatio=70, endRatio=10, stepRatio=20), addMinProb=0.4, probAdj=1.0, lastSortType=0, configVersion=202507161101, algorithmVersion=, recommendServiceList=null, removeTriggerValue=0.2, algorithmTimeRule=[], ruleRemoveByAlgorithm=false, containServiceId=false, dropRepeatType=0, dropRepeatScore=0, delayDismiss=0, attenuationType=-1, attenuationFunc=-1, shouldFocus=false, focusTimestamp=null, orderID=null, serviceTimeStamp=0, serviceInstanceId=null, showType=0,delayExposureTimestamp=0, delayClickTimestamp=0, isSupportMultiInstance=false, 
07-28 18:58:09.367  9020 10284 I ContextAware_SortAlgorithmManager.SendMsg: sendMessage msgWhat = 10
07-28 18:58:09.367  9020 10352 I ContextAware_DailyStatisticsRecorder: Increase context change count: MESSAGE_10_cnt, value: 1
07-28 18:58:09.367  9020  9757 I metis_v2_KnowledgeManager: DUMP FACTS IN TREE: [7f0000011753743447737193707266|p_7266_133ad22@1|p_9020_51a8fd6@0|com.oplus.metis]
07-28 18:58:09.367  9020  9756 I ContextAware_SortAlgorithmManager: message:10
07-28 18:58:09.368  9020  9756 I ContextAware_IntentSwitchManager: getSubSwitchStatus = {tips=true}
07-28 18:58:09.368  9020  9756 I ContextAware_IntentSwitchManager: isExistInSceneInfoActionList pantanalIntentAction = pantanal.intent.system.VIEW_TIPS
07-28 18:58:09.368  9020  9756 I metis_v2_BreenoSwitchSettingObserver: panta-sugg-getMasterSwitchStatus from cache:true
07-28 18:58:09.368  9020 10147 I ContextAware_DailyStatisticsRecorder: Increase context change count: PROCESSOR_SCENE_FILTER_cnt, value: 1
07-28 18:58:09.368  9020 10147 I ContextAware_DailyStatisticsRecorder: Increase context change count: PROCESSOR_SCENE_FILTER_ms, value: 1
07-28 18:58:09.368  9020  9756 I ContextAware_SortAlgorithmManager.SceneUtil: SortAlgorithmManager.SceneCombinationProcessor Last map is  sceneId 210000000 status 2 intentList size 1 isHome false IntentId: 13151001 policyName DYNAMIC_SUBSTITUTE isFocus false serviceId null type 0 deleteKeynull
07-28 18:58:09.368  9020  9756 I ContextAware_SortAlgorithmManager.SceneUtil:  sceneId 220500200 status 2 intentList size 1 isHome false IntentId: 14111005 policyName SUBSTITUTE_SCENE isFocus false serviceId  type 0 deleteKeynull
07-28 18:58:09.368  9020  9756 I ContextAware_SortAlgorithmManager.SceneUtil:  sceneId 240100400 status 2 intentList size 0 isHome false
