07-29 19:54:05.272  1924  3061 I SDM     : HWPeripheralDRM::SetPanelFeature: Set Panel feature property 19
07-29 19:54:05.272  1924  3061 I SDM     : HWPeripheralDRM::SetPanelFeature: Set Panel feature property 7
07-29 19:54:05.272  1924  3061 I SDM     : DisplayBuiltIn::TriggerDemuraOemPlugIn: Trigger demura oem plugin success
07-29 19:54:05.273  1924  2202 I SDM     : DRMPanelFeatureMgr::ApplyDirtyFeature: Commited panel feature [enabled]: 20-272
07-29 19:54:05.273  1924  2202 I SDM     : DRMPanelFeatureMgr::ApplyDirtyFeature: Commited panel feature [enabled]: 8-271
07-29 19:54:05.287  4887  4887 I SystemUi--QuickSettings: OplusQSRootViewController-->startExpandMotion event: 2, startTracking: true isClosing: false panelClosedOnDown: true
07-29 19:54:05.287  4887  4887 I SystemUi--QuickSettings: OplusQSRootViewController-->endClosing()
07-29 19:54:05.288  4887  4887 I SystemUi--QuickSettings: QSPanelExpandFraction-->updateFraction, stiffness=500.0, finalPosition=0.3283366
07-29 19:54:05.289  3490  4218 I InputDispatcher: injectInputEvent: targetUid=<not set>, syncMode=WAIT_FOR_FINISHED, timeout=30000ms, policyFlags=0x8000000, event=MotionEvent { action=MOVE, id[0]=0, x[0]=900, y[0]=207.3, eventTime=58168000000, downTime=58141000000, deviceId=4, source=TOUCHSCREEN, displayId=0, eventId=0xd115cb8d}
07-29 19:54:05.289  3490  4436 D SystemGestures: detectSwipe: 1
07-29 19:54:05.300  2179  2179 D VRR-[OPlusRefreshRateSelector]: setCurrentModeId 4 type SA
07-29 19:54:05.300  2179  3229 D VRR [OTI-HW]: isStateReady 0
07-29 19:54:05.300  2179  3229 D VRR [OTI-HW]: keep rate.
07-29 19:54:05.301  3490  3684 I DisplayDeviceRepository: Display device changed render timings: "Built-in Screen", renderFrameRate=120.00001, presentationDeadlineNanos=11333333, appVsyncOffsetNanos=1000000
07-29 19:54:05.301  3490  3684 D LogicalDisplayExt: set displayInfo flag FLAG_ROTATES_WITH_CONTENT
07-29 19:54:05.302  3490  3684 D DisplayManagerServiceExtImpl: scheduleTraversalLocked intraversal=false
07-29 19:54:05.302  3490  3684 I DisplayManagerServiceExtImpl: handle logical display changed logicalDisplay=id=0,stack=0,content=true,displayInfo{stack=0,type=1,id=0,uId=local:4630946756802996883,state=ON,pkg=null}
07-29 19:54:05.302  3490  3684 D DisplayManagerService: Delivering display event: displayId=0, event=CHANGED
07-29 19:54:05.302  3490  3785 D BrightnessThermalClamper: Thermal status observer already started
07-29 19:54:05.302  3490  3785 D BrightnessPowerClamper: Power throttling data is missing for configuration data.
07-29 19:54:05.303  2161  2299 D AudioFlingerExtImpl: AudioFlingerExtImpl oplusSetParameters: keyvalue screen_state=on
07-29 19:54:05.303  2161  2299 D DeviceHalAidl: 0xb400007c6487c200 DeviceHalAidl::setParameters
07-29 19:54:05.303  2161  2299 D DeviceHalAidl: setParameters: parameters: "screen_state=on"
07-29 19:54:05.303  3490  3490 E OplusGestureAnimationManagerPolicy: mScreenHeight:2376 mScreenWidth:1080 mRotation:0
07-29 19:54:05.304  1849  1899 I PAL: ResourceManager: setParameter: 11480: Screen State:1
07-29 19:54:05.304  4887  4887 I SystemUi--QuickSettings: OplusQSRootViewController-->setQsVisible: true rawFraction:0.022836816
07-29 19:54:05.304  2161  2299 D DeviceHalAidl: 0xb400007c6487c800 DeviceHalAidl::setParameters
07-29 19:54:05.304  2161  2299 D DeviceHalAidl: setParameters: parameters: "screen_state=on"
07-29 19:54:05.304  4887  4887 I SystemUi--QuickSettings: OplusQSRootViewController-->setListening: true
07-29 19:54:05.304  1849  1899 D AHAL_Module: updateScreenState: usb: 1
07-29 19:54:05.304  2161  2299 D DeviceHalAidl: 0xb400007c6487ce00 DeviceHalAidl::setParameters
07-29 19:54:05.304  2161  2299 D DeviceHalAidl: setParameters: parameters: "screen_state=on"
07-29 19:54:05.304  1849  1899 D AHAL_Module: updateScreenState: r_submix: 1
07-29 19:54:05.304  2161  2299 D DeviceHalAidl: 0xb400007c6487d400 DeviceHalAidl::setParameters
07-29 19:54:05.304  2161  2299 D DeviceHalAidl: setParameters: parameters: "screen_state=on"
07-29 19:54:05.304  4887  4887 I SystemUi--QuickSettings: OplusLargeTileContainerViewController-->setListening listening=true
07-29 19:54:05.304  1849  1899 D AHAL_Module: updateScreenState: bluetooth: 1
07-29 19:54:05.304  3490  3682 D OplusVFXScreenEffectFeature: notifySFCompatWindowStateChange entered false
07-29 19:54:05.304  2161  2299 D DeviceHalAidl: 0xb400007c6487da00 DeviceHalAidl::setParameters
07-29 19:54:05.304  2161  2299 D DeviceHalAidl: setParameters: parameters: "screen_state=on"
07-29 19:54:05.305  4887  4887 I SystemUi--QuickSettings: QSBrightnessFactory-->setListening listening:true
07-29 19:54:05.305  1849  1899 D AHAL_Module: updateScreenState: bluetooth: 1
07-29 19:54:05.305  4887  4887 I SystemUi--QuickSettings: OplusQsBrightnessSliderController-->setListening listening:true mView: com.oplus.systemui.plugins.qs.widget.OplusQsToggleSliderLayout{46e00dc V.E...... ......ID 558,244-737,643 #7f0a09f0 app:id/qs_brightness_slider_layout alpha=0.0 viewInfo = } value:0
07-29 19:54:05.305  2161  2299 D DeviceHalAidl: 0xb400007c6487e000 DeviceHalAidl::setParameters
07-29 19:54:05.305  4887  4887 I SystemUi--QuickSettings: OplusQsVolumeSliderController-->updateVolumeSeekBarMaxProgress: isNeedUpdate=true, maxVolumeProgress=16000, seekBarMaxProgress=1600, isInit=false
07-29 19:54:05.305  2161  2299 D DeviceHalAidl: setParameters: parameters: "screen_state=on"
07-29 19:54:05.305  4887  4887 I SystemUi--QuickSettings: OplusQsVolumeSliderController-->updateVolumeSeekBarProgress: isNeedUpdate=true, isAllowUpdate=true, volumeLevel=0, seekBarLevel=0, initialVolumeSliderProgress=0, initialSeekBarVolumeLevel=-1, progressUpdated=false
07-29 19:54:05.305  1849  1899 D AHAL_Module: updateScreenState: stub: 1
07-29 19:54:05.305  3490  3682 D FSS_FoldScreenBlackCoverController: displayChangeToOn, dc:Display{#0 state=ON size=1080x2376 ROTATION_0}
07-29 19:54:05.305  4887  4887 I SystemUi--QuickSettings: OplusQsVolumeSliderController-->updateDisableShowVolumeDialog: isQsListening=true
07-29 19:54:05.305  2179  2419 D [PREVIEW]: SF obtain preview_adapter: 0
07-29 19:54:05.305  2179  2419 D [PREVIEW]: TabletPreviewAdapter::parallel world 0
07-29 19:54:05.305  3490  4218 I InputDispatcher: injectInputEvent: targetUid=<not set>, syncMode=WAIT_FOR_FINISHED, timeout=30000ms, policyFlags=0x8000000, event=MotionEvent { action=MOVE, id[0]=0, x[0]=900, y[0]=312.366, eventTime=58184000000, downTime=58141000000, deviceId=4, source=TOUCHSCREEN, displayId=0, eventId=0xf6b409e7}
07-29 19:54:05.305  4887  4887 I SystemUi--Device_Panel: OplusQSMyDeviceContainerViewController-->setListening listening: true
07-29 19:54:05.305  4887  4887 I [DevicePlugin].SysUiPluginService.(main): setListening: isListening=true, _isSeparateMode=true
07-29 19:54:05.305  4887  4887 I [DevicePlugin].FixedSeparateModelPanel.(main): onCtrCenterShow
07-29 19:54:05.305  4887  4887 I [DevicePlugin].FixedSeparateModelPanel.(main): onResume
07-29 19:54:05.305  4887  5475 D [DevicePlugin].DataInterfaceImp.(DefaultDispatcher-worker-1): safeCall, method:panel_state
07-29 19:54:05.305  4887  4887 I SystemUi--Common: NotificationShadeDepthC-->sceneFlag: 0x001, isStart = true, Current sceneFlags: 0x001
07-29 19:54:05.305  4887  4887 D NavigationBar: restrainNavigationBarInvertColor: true
07-29 19:54:05.306  4887  4887 D RegionSamplingHelper: animation scene, no need register sampling listener
07-29 19:54:05.306  3490  3682 D DisplayManagerService: performTraversalInternal pendingTraversal
07-29 19:54:05.306  3490  3682 D DisplayDevice: setLayerStackLocked id=local:4630946756802996883 token=android.os.BinderProxy@786f9d7 stack=0->0
07-29 19:54:05.306  4686  4686 D CastManagerService: onDisplayChanged.
07-29 19:54:05.307  4887  4887 I SystemUi--Common: OplusShadeExpansionStat-->go state: CLOSED -> OPENING
07-29 19:54:05.307  4887  4887 I SystemUi--Common: OplusShadeExpansionStat-->go state: CLOSED -> OPENING
07-29 19:54:05.307  4887  4887 I SystemUi--Notification: OplusHeadsUpNotificationViewBinder-->isVisibility: true
07-29 19:54:05.307  4887  4887 I SystemUi--Keyguard: ScrimControllerExImp-->blur State to UNLOCK, bouncer=false changeFromBouncerScrim= false runnerUnlock= false goingAway=false hasHandle=true isOccludeAnimationPlaying=false
07-29 19:54:05.307  4887  4887 I SystemUi--Common: PlatformBlurManagerImpl-->setPlatformBlurMode: blurMode=AUTO(blurFrequency=2)
07-29 19:54:05.307  4887  4887 I SystemUi--Common: PlatformBlurManagerImpl-->updateMotionFrequency: isExpanding=true
07-29 19:54:05.308  4887  4887 I SystemUi--Notification: OplusNotificationShadeWindowControllerExImpl-->isExpanded: isPowerBlock=false ,isErrorFpTouchWhenScreenOff=false ,qsPanelVisible=false, isAodMaskShow=false
07-29 19:54:05.308  4887  4887 I SystemUi--Notification: OplusNotificationShadeWindowControllerExImpl-->SHADE_FOCUSABLE-->mNotificationShadeFocusable= false, mPanelExpanded= false, mBouncerShowing= false, mKeyguardShowing= false, mKeyguardOccluded= false, mKeyguardNeedsInput= false, ENABLE_REMOTE_INPUT= true, mRemoteInputActive= false, layoutFlags= -2130444216
07-29 19:54:05.308  4887  4887 I SystemUi--Notification: OplusNotificationShadeWindowControllerExImpl-->SHADE_VISIBLE-->mKeyguardShowing= false, mKeyguardOccluded= false, mPanelVisible= false, mKeyguardFadingAway= false, mKeyguardGoingAway= false, mBouncerShowing= false, mScrimsVisibility= 1, mBackgroundBlurRadius= 0, mForcePluginOpen= false, mediaBackdropShowing= false, viewVisibility= true, qsBlurFraction= 0.022836816, panelBlurFraction= 0.0
07-29 19:54:05.308  4887  4887 D UXUtils : notifyUiSwitched: 1
07-29 19:54:05.309  3490  3711 I UserAwareMgr: handleTopAppChanged: com.android.systemui, pid: 4887, uid: 10218
07-29 19:54:05.309  4887  5864 I SystemUi--Keyguard: OnScreenFingerprintUiMech-->hideFingerprintIconTemporarily for reason: panel expaned ShowForEnroll false mPendingHide false
07-29 19:54:05.309  4887  5716 D Tile.CustomTile.OshareTileService: refreshState: tile not listening, ignore
07-29 19:54:05.309  4887  4887 I SystemUi--Notification: ScrimControllerExImp-->[onQsBottomVisibleChanged] qsBottomVisible=true
07-29 19:54:05.309  4887  5716 D TileStateController: bindAppWhenListening: false ComponentInfo{com.coloros.oshare/com.oplus.oshare.OshareTileService}
07-29 19:54:05.309  4887  5716 I SystemUi--QuickSettings: Tile.CustomTile.OshareTileService-->bindServiceWhenListening: false when isOplusQsTile
07-29 19:54:05.309  4887  5716 D Tile.CustomTile.OshareTileService: refreshState: tile not listening, ignore
07-29 19:54:05.309  4887  4887 I SystemUi--Common: PlatformBlurManagerImpl-->resumeBlur: updatePlatformBlurState(updatePanelBlurState): shouldBlur, isKeyguardVisible=false, isKeyguardFadingAway=false, isPanelVisible=true, isShadeLock=false.
07-29 19:54:05.309  4887  5716 D TileStateController: setListening listening: true component: ComponentInfo{com.oplus.eyeprotect/com.oplus.eyeprotect.services.EyeProtectTileService} userContext: com.android.systemui.SystemUIApplication@1300247
07-29 19:54:05.309  4887  4887 I SystemUi--Common: PlatformBlurManagerImpl-->forceStopMotionBlur: stop=false
07-29 19:54:05.309  4887  4887 I SystemUi--Keyguard: ScrimControllerExImp-->blur State to UNLOCK, bouncer=false changeFromBouncerScrim= false runnerUnlock= false goingAway=false hasHandle=true isOccludeAnimationPlaying=false
07-29 19:54:05.310  4887  4887 I SystemUi--Statusbar: PrivacyDotViewController-->scheduleUpdate: 
07-29 19:54:05.310  3490  5779 I VibratorManagerServiceExtImpl: cancelVibrate uid=1000, pid=3490, usageFilter=-15, token=85390994
07-29 19:54:05.310  4887  4887 I SystemUi--Statusbar: PrivacyDotViewController-->needShow false
07-29 19:54:05.310  4887  4887 I SystemUi--Statusbar: PrivacyDotViewController-->scheduleUpdate: 
07-29 19:54:05.310  4887  4887 I SystemUi--Notification: OplusNotificationShadeWindowControllerExImpl-->SHADE_FOCUSABLE-->mNotificationShadeFocusable= true, mPanelExpanded= false, mBouncerShowing= false, mKeyguardShowing= false, mKeyguardOccluded= false, mKeyguardNeedsInput= false, ENABLE_REMOTE_INPUT= true, mRemoteInputActive= false, layoutFlags= -2130444216
07-29 19:54:05.310  4887  4887 I SystemUi--Notification: OplusNotificationShadeWindowControllerExImpl-->SHADE_VISIBLE-->mKeyguardShowing= false, mKeyguardOccluded= false, mPanelVisible= false, mKeyguardFadingAway= false, mKeyguardGoingAway= false, mBouncerShowing= false, mScrimsVisibility= 1, mBackgroundBlurRadius= 0, mForcePluginOpen= false, mediaBackdropShowing= false, viewVisibility= true, qsBlurFraction= 0.022836816, panelBlurFraction= 0.0
07-29 19:54:05.310  4887  5716 D Tile.CustomTile.EyeProtectTileService: refreshState: tile not listening, ignore
07-29 19:54:05.310  4887  5716 D TileStateController: bindAppWhenListening: false ComponentInfo{com.oplus.eyeprotect/com.oplus.eyeprotect.services.EyeProtectTileService}
07-29 19:54:05.310  4887  5716 I SystemUi--QuickSettings: Tile.CustomTile.EyeProtectTileService-->bindServiceWhenListening: false when isOplusQsTile
07-29 19:54:05.310  4887  5716 D Tile.CustomTile.EyeProtectTileService: refreshState: tile not listening, ignore
07-29 19:54:05.310  4887  5116 I [UAH_CLIENT]: UahEventAcquire, cmdid:413, pkg:none, identity:OsenseHelperImpl
07-29 19:54:05.310  4887  4887 I SystemUi--QuickSettings: BackActionInteractor-->registerBackCallback true
07-29 19:54:05.311  4887  4887 I SystemUi--QuickSettings: OplusSeparateQSManager-->updateSeparateQSExpandState recomputeDisableFlags
07-29 19:54:05.311  4887  4887 I SystemUi--Statusbar: CollapsedSbFragment-->New visibilities calculated internally. StatusBarVisibilityModel(showClock: false showNotificationIcons:false showOngoingActivityChip:false showSystemInfo:false ) 
07-29 19:54:05.311  4887  5716 D Tile.CustomTile.PowerSaveTileService: refreshState: tile not listening, ignore
07-29 19:54:05.311  4887  4887 I SystemUi--Statusbar: CollapsedStatusBarFragmentExImpl-->animate: true, unlockAnimationRunning: false, fadingAway: false, keyguard: false
07-29 19:54:05.311  4887  5716 I SystemUi--QuickSettings: Tile.CustomTile.PowerSaveTileService-->bindServiceWhenListening: true as default
07-29 19:54:05.311  4887  6874 D OplusTileControllerPlugin: onSettingsStateChange: 1, componentName: ComponentInfo{com.oplus.eyeprotect/com.oplus.eyeprotect.services.EyeProtectTileService}
07-29 19:54:05.311  3490  6818 D CoreBackPreview: Window{36356a8 u0 NotificationShade}: Setting back callback OnBackInvokedCallbackInfo{mCallback=android.window.IOnBackInvokedCallback$Stub$Proxy@29db519, mPriority=0, mIsAnimationCallback=false}
07-29 19:54:05.311  4887  4887 I SystemUi--Statusbar: CollapsedStatusBarFragmentExImpl-->StatusBarVisibilityModelEx: StatusBarVisibilityModelEx(showClock: false showPromptView:false showOngoingCallChip:false showNotificationContainer:false showOperatorName:false showSeedlingContainer:false ), animate: true
07-29 19:54:05.311  3490  3684 D DisplayManagerService: MSG_REQUEST_TRAVERSAL pendingCompleted=false
07-29 19:54:05.311  4887  5755 D UXUtils : setHasTopUi: true; stack: com.oplus.systemui.shade.OplusNotificationShadeWindowControllerExImpl$uxFlagUpdateRunnable$1.run:12
07-29 19:54:05.312  4887  4887 I SystemUi--Keyguard: KeyguardRapidUnlockUtils-->composeKeyguard show=true, reason=applyVisibility_show
07-29 19:54:05.312  4887  5716 D TileStateController: setListening listening: true component: ComponentInfo{com.oplus.linker/com.oplus.linker.synergy.service.TVTileService} userContext: com.android.systemui.SystemUIApplication@1300247
07-29 19:54:05.313  4887  5040 D RegionSamplingHelper =:    mCompositionSamplingListener.unregister
07-29 19:54:05.313  2179  2419 I BpBinder: onLastStrongRef automatically unlinking death recipients: 
07-29 19:54:05.313  4887  5040 I NotificationShadeWindowController: stop Pending key thread event (apply)
07-29 19:54:05.313  4887  4887 I SystemUi--Keyguard: KeyguardGlideTipView-->hideTips reason=hideGlideTipImmediateWithQsExpandingOrOplusKeyguardLoadOrGotoNtfCapsule withAnimator=true delayType=2
07-29 19:54:05.313  4887  4887 I SystemUi--Keyguard: KeyguardGlideTipView-->cancelBreathAnimation-isBreathAnimationRunning=false
07-29 19:54:05.313  4887  4887 I SystemUi--Keyguard: KeyguardAffordanceTipsView-->hideTips reason=QsExpandingOrOplusKeyguardLoadOrGotoNtfCapsule withAnimator=true delayType=2
07-29 19:54:05.313  4887  5716 D Tile.CustomTile.TVTileService: refreshState: tile not listening, ignore
07-29 19:54:05.313  4887  5716 D TileStateController: bindAppWhenListening: false ComponentInfo{com.oplus.linker/com.oplus.linker.synergy.service.TVTileService}
07-29 19:54:05.313  4887  5716 I SystemUi--QuickSettings: Tile.CustomTile.TVTileService-->bindServiceWhenListening: false when isOplusQsTile
07-29 19:54:05.313  4887  5716 D Tile.CustomTile.TVTileService: refreshState: tile not listening, ignore
07-29 19:54:05.313  4887  6874 D OplusTileControllerPlugin: onSettingsStateChange: 1, componentName: ComponentInfo{com.oplus.linker/com.oplus.linker.synergy.service.TVTileService}
07-29 19:54:05.313  6461  6506 E oiface  : sched_setaffinity failed
07-29 19:54:05.313  7375  7404 I mydevices[core].ProviderCallProcessor: (binder:7375_2)method: panel_state; arg: panel_resume
07-29 19:54:05.313  7375  7404 I mydevices[core].ControlCenterManager: (binder:7375_2)onPanelShow
07-29 19:54:05.313  2021  2062 I gameoptHal: targetfps updated 6 -- 120
07-29 19:54:05.314  4887  5716 D Tile.CustomTile.WindowsLinkTileService: refreshState: tile not listening, ignore
07-29 19:54:05.314  4887  5716 D TileStateController: bindAppWhenListening: false ComponentInfo{com.microsoft.appmanager/com.microsoft.appmanager.quicksettings.WindowsLinkTileService}
07-29 19:54:05.314  4887  5716 I SystemUi--QuickSettings: Tile.CustomTile.WindowsLinkTileService-->bindServiceWhenListening: false when isActiveTile && isTileReady
07-29 19:54:05.314  4887  5475 D [DevicePlugin].DataInterfaceImp.(DefaultDispatcher-worker-1): safeCall, method:getPanelDeviceList
07-29 19:54:05.314  7375  8644 I mydevices[core].CardsProxyManager: (DefaultDispatcher-worker-5)resume cards: [], visibleCount: 0, showPosition: 4
07-29 19:54:05.314  7375  8644 I mydevices[core].CardsProxyManager: (DefaultDispatcher-worker-5)notify cards size : 0, code = 1
07-29 19:54:05.314  7375  8644 I mydevices[core].CardsProxyManager: (DefaultDispatcher-worker-5)current cards is empty, no need to call the event
07-29 19:54:05.314  7375  8644 I mydevices[core].OPSynergyScannerImpl: (DefaultDispatcher-worker-5)reScan
07-29 19:54:05.314  7375  8644 D OplusLog_DeviceKit_com.heytap.mydevices: [SynergyDeviceManager-157602413] isServiceBound
07-29 19:54:05.314  7375  8644 D OplusLog_DeviceKit_com.heytap.mydevices: [OpDeviceServiceClient-157602413] isServiceBound: null
07-29 19:54:05.314  7375  8644 I mydevices[core].CoreOpDeviceAction: (DefaultDispatcher-worker-5)isServiceBind: isBind: false
07-29 19:54:05.314  7375  8644 I mydevices[core].OPSynergyScannerImpl: (DefaultDispatcher-worker-5)getOpDeviceList
07-29 19:54:05.314  7375  8644 D OplusLog_DeviceKit_com.heytap.mydevices: [SynergyDeviceManager-157602413] getDeviceList: com.heytap.mydevices.core.action.CoreOpDeviceAction$d@761be7f
07-29 19:54:05.315  4887  4887 D ViewRootImplExtImpl: wrapConfigInfoIntoFlags rotation=0, smallestScreenWidthDp=0, residentWS=false, scenario=0, bounds=Rect(0, 0 - 1080, 2376), relayoutAsync=false, flags=1, newFlags=1245708289, title=NotificationShade
07-29 19:54:05.315  7375  8644 D OplusLog_DeviceKit_com.heytap.mydevices: [OpDeviceServiceClient-157602413] settings_opsynergy_has_device: 0
07-29 19:54:05.315  7375  8644 D OplusLog_DeviceKit_com.heytap.mydevices: [SynergyDeviceManager-157602413] getDeviceList result: com.heytap.mydevices.core.action.CoreOpDeviceAction$d@761be7f, success: true, devices: []
07-29 19:54:05.315  7375  8644 I mydevices[core].CoreOpDeviceAction: (DefaultDispatcher-worker-5)device input: []
07-29 19:54:05.315  7375  8644 I mydevices[core].OPSynergyScannerImpl: (DefaultDispatcher-worker-5)getOpDeviceList, onResult
07-29 19:54:05.315  4887  5716 D Tile.CustomTile.WirelessReverseControService: refreshState: tile not listening, ignore
07-29 19:54:05.315  4887  5716 I SystemUi--QuickSettings: Tile.CustomTile.WirelessReverseControService-->bindServiceWhenListening: true as default
07-29 19:54:05.315  4887  5716 D TileStateController: updateCurrentStateIsNotDirty component:ComponentInfo{com.oplus.eyeprotect/com.oplus.eyeprotect.services.EyeProtectTileService}
07-29 19:54:05.315  4887  5716 D TileStateController: updateCurrentStateIsNotDirty component:ComponentInfo{com.oplus.linker/com.oplus.linker.synergy.service.TVTileService}
07-29 19:54:05.315  3490  6818 D WindowManagerServiceExtImpl: extractConfigInfoAndRealFlags rotation=0, screenDp=0, residentWS:0, scenario:0, bounds:2376, serverWinBounds:Rect(0, 0 - 1080, 2376), win=Window{36356a8 u0 NotificationShade}
07-29 19:54:05.315  3490  6818 V WindowManager: Relayout Window{36356a8 u0 NotificationShade}: viewVisibility=0, oldvis=4, req=1080x2376, vsysui=, x=0, y=0
07-29 19:54:05.315  3490  6818 I WindowManager: Window{36356a8 u0 NotificationShade} state from NO_SURFACE to DRAW_PENDING; reason: resetDrawState
07-29 19:54:05.315  2179  2419 D OplusLayer: setProcInfo (140,NotificationShade#140,com.android.systemui,0x4578D52F)
07-29 19:54:05.316  7375  7403 I mydevices[core].ProviderCallProcessor: (binder:7375_1)method: getPanelDeviceList; arg: 
07-29 19:54:05.316  7375  7403 I mydevices[core].ControlCenterManager: (binder:7375_1)response data:DeviceSpaceInfo(version=2, panelDevices=[])
07-29 19:54:05.316  7375  7403 I mydevices[core].DeviceMainPageEvent: (binder:7375_1)uploadDeviceNumTypeName list empty
07-29 19:54:05.316  3490  6818 D QuickBackInputPolicy: hasMultiChildrenInTask: false
07-29 19:54:05.316  3490  6818 D WindowManager: NFW_findFocusedWindowIfNeeded:Window{d0e0d85 u0 com.android.launcher/com.android.launcher.Launcher} mCurrentFocus:Window{d0e0d85 u0 com.android.launcher/com.android.launcher.Launcher}
07-29 19:54:05.317  1710  1758 E TetherController: property_get sys.radio.data.modem_share_flag return 0, 1!
07-29 19:54:05.317  4887  4887 W VRI[NotificationShade]: updateBlastSurfaceIfNeeded, surfaceSize:Point(1080, 2376), lastSurfaceSize:Point(1080, 2376), format:-3, blastBufferQueue:null
07-29 19:54:05.317  4887  4887 D BufferQueueConsumer: [](id:13170000000a,api:0,p:-1,c:4887) connect: controlledByApp=false
07-29 19:54:05.317  7363  7363 W Battery : PowerSaveTileService: onCreate
07-29 19:54:05.318  4887  4887 I SystemUi--Keyguard: KeyguardEngineContainer-->onConfigurationChanged, locale = en-US,zh-CN, mLastLocale= en-US,zh-CN
07-29 19:54:05.318  4887  4887 I SystemUi--Keyguard: KeyguardEngineContainer-->onConfigurationChanged. font = 0, mLastFlipFont = 0, density = 480, mDensity = 480
07-29 19:54:05.318  4887  5475 I [DevicePlugin].DevicePanelPresenter.(DefaultDispatcher-worker-1): response code:30001; panelInfo:PanelInfo(panelState=DEVICE_HOME, panelDevices=[]), pluginVersion: 2
07-29 19:54:05.318  4887  4887 I SystemUi--Keyguard: KeyguardPluginManager-->maybeReloadNormalKeyguard, uses default LockScreen
07-29 19:54:05.318  4887  5475 I [DevicePlugin].FixedSeparateModelPanel.(DefaultDispatcher-worker-1): onPanelInfoChanged
07-29 19:54:05.318  4887  5475 I [DevicePlugin].FixedSeparateModelPanel.(DefaultDispatcher-worker-1): updateView: panelState=DEVICE_HOME, panelDevices.size=0
07-29 19:54:05.319  4887  4887 E ndroid.systemui: No package ID ff found for resource ID 0xffffffff.
07-29 19:54:05.319  4887  4887 E ndroid.systemui: No package ID ff found for resource ID 0xffffffff.
07-29 19:54:05.319  4887  4887 E ndroid.systemui: No package ID ff found for resource ID 0xffffffff.
07-29 19:54:05.319  4887  4887 E ThemeUtils: View class com.oplus.systemui.keyguard.view.GeneralFontVariationTextView is an AppCompat widget that can only be used with a Theme.AppCompat theme (or descendant).
07-29 19:54:05.319  4887  5930 D Tile.CustomTile.PowerSaveTileService: refreshState: tile not listening, ignore
07-29 19:54:05.319  4887  4887 E ThemeUtils: View class com.oplus.systemui.keyguard.view.GeneralFontVariationTextView is an AppCompat widget that can only be used with a Theme.AppCompat theme (or descendant).
07-29 19:54:05.319  4887  5930 D Tile.CustomTile.WirelessReverseControService: refreshState: tile not listening, ignore
07-29 19:54:05.319  4887  4887 I SystemUi--Keyguard: PictorialAppInfo-->isShowPictorialTipDevice true,bottomMargin=611
07-29 19:54:05.320  4887  4887 I SystemUi--Keyguard: PictorialFunctionContainer-->onWallpaperChange info is null or local or engine
07-29 19:54:05.320  4887  4887 I SystemUi--Keyguard: PictorialAppInfo-->isShowPictorialTipDevice true,bottomMargin=611
07-29 19:54:05.320  4887  4887 I SystemUi--Keyguard: PictorialAppInfo-->isShowPictorialTipDevice true,bottomMargin=611
07-29 19:54:05.320  4887  4887 I SystemUi--Notification: NotificationsQSContainerController-->onWindowConfigurationChange: splitShadeEnabled=false
07-29 19:54:05.320  4887  4887 I SystemUi--Notification: NotificationsQSContainerController-->updateResources: splitShadeEnabled=false, newSplitShadeEnabled=false
07-29 19:54:05.320  4887  4887 I SystemUi--Notification: OplusQSSimpleHeader-->shouldClick: true, isInSuperPowerSaveMode: false, isInWellBeingAssistantMode: false
07-29 19:54:05.320  4887  4887 I SystemUi--Notification: OplusQSSimpleHeader-->updateMarginTop, reason: configChange, newMarginTop: 102 currentMarginTop 102
07-29 19:54:05.321  4887  4887 I SystemUi--QuickSettings: OplusQuickStatusBarHeader-->[onConfigurationChanged] updateResources end, start call listener
07-29 19:54:05.323  4887  4887 I SystemUi--QuickSettings: OplusQuickStatusBarHeader-->[onConfigurationChanged] updateResources end, start call listener
07-29 19:54:05.323  4887  4887 I SystemUi--QuickSettings: OplusQSHighlightTileViewImpl-->updateIconViewSize mTileCanTips=true
07-29 19:54:05.324  4887  4887 I SystemUi--QuickSettings: OplusQSHighlightTileViewImpl-->updateIconViewSize mTileCanTips=true
07-29 19:54:05.324  4887  4887 I SystemUi--QuickSettings: OplusQsToggleSliderTouchExt-->getRealSize point: Point(1080, 2376) realScreenWidth: 1080 realScreenHeight: 2376
07-29 19:54:05.324  4887  4887 I SystemUi--QuickSettings: OplusQsToggleSliderLayout-->updateRadius radius= 57.815125, roundParams= OplusRoundParams(radiusDp=15.2, radius=45.6, weight=1.1, isCircle=false), isDefaultVolumeTheme = true
07-29 19:54:05.324  4887  4887 I COUIVerticalSeekBar: COUIVerticalSeekBar ensureSize : mIsProgressFull:true,mBackgroundRadius:45.6,mBackgroundWidth:179.0,mBackgroundEnlargeScale1.0,mProgressRadius:45.6,mProgressWidth:179.0,mProgressEnlargeScale1.0,mPaddingVertical45.6
07-29 19:54:05.324  4887  4887 I COUIVerticalSeekBar: updateBehavior * normalSeekBarHeight = 309,mPaddingVertical = 45.6,mIsPhysicsEnable = true,mPhysicalAnimator = null,mFlingBehavior = null,Thread_name = main,hashCode = 174511046,time = 1753833245324,stackChain = com.coui.appcompat.seekbar.COUIVerticalSeekBar.updateBehavior$1:14 com.coui.appcompat.seekbar.COUIVerticalSeekBar.ensureSize$1:182 com.coui.appcompat.seekbar.COUIVerticalSeekBar.setBackgroundRadius:3 com.oplus.systemui.qs.base.seek.OplusQsBaseToggleSliderLayout.updateRadius:60 
07-29 19:54:05.324  4887  4887 I COUIVerticalSeekBar: setPaddingVertical * paddingVertical = 45.6,hashCode = 174511046,time = 1753833245324
07-29 19:54:05.324  4887  4887 I COUIVerticalSeekBar: COUIVerticalSeekBar ensureSize : mIsProgressFull:true,mBackgroundRadius:45.6,mBackgroundWidth:179.0,mBackgroundEnlargeScale1.0,mProgressRadius:45.6,mProgressWidth:179.0,mProgressEnlargeScale1.0,mPaddingVertical45.6
07-29 19:54:05.324  4887  4887 I COUIVerticalSeekBar: updateBehavior * normalSeekBarHeight = 309,mPaddingVertical = 45.6,mIsPhysicsEnable = true,mPhysicalAnimator = null,mFlingBehavior = null,Thread_name = main,hashCode = 174511046,time = 1753833245324,stackChain = com.coui.appcompat.seekbar.COUIVerticalSeekBar.updateBehavior$1:14 com.coui.appcompat.seekbar.COUIVerticalSeekBar.ensureSize$1:182 com.coui.appcompat.seekbar.COUIVerticalSeekBar.setPaddingVertical:59 com.oplus.systemui.qs.base.seek.OplusQsBaseToggleSliderLayout.updateRadius:74 
07-29 19:54:05.324  4887  4887 I SystemUi--QuickSettings: OplusQsToggleSliderTouchExt-->getRealSize point: Point(1080, 2376) realScreenWidth: 1080 realScreenHeight: 2376
07-29 19:54:05.324  4887  4887 I SystemUi--QuickSettings: OplusQsToggleSliderLayout-->updateRadius radius= 57.815125, roundParams= OplusRoundParams(radiusDp=15.2, radius=45.6, weight=1.1, isCircle=false), isDefaultVolumeTheme = true
07-29 19:54:05.324  4887  4887 I COUIVerticalSeekBar: COUIVerticalSeekBar ensureSize : mIsProgressFull:true,mBackgroundRadius:45.6,mBackgroundWidth:179.0,mBackgroundEnlargeScale1.0,mProgressRadius:45.6,mProgressWidth:179.0,mProgressEnlargeScale1.0,mPaddingVertical45.6
07-29 19:54:05.325  4887  4887 I COUIVerticalSeekBar: updateBehavior * normalSeekBarHeight = 309,mPaddingVertical = 45.6,mIsPhysicsEnable = true,mPhysicalAnimator = null,mFlingBehavior = null,Thread_name = main,hashCode = 46568862,time = 1753833245324,stackChain = com.coui.appcompat.seekbar.COUIVerticalSeekBar.updateBehavior$1:14 com.coui.appcompat.seekbar.COUIVerticalSeekBar.ensureSize$1:182 com.coui.appcompat.seekbar.COUIVerticalSeekBar.setBackgroundRadius:3 com.oplus.systemui.qs.base.seek.OplusQsBaseToggleSliderLayout.updateRadius:60 
07-29 19:54:05.325  4887  4887 I COUIVerticalSeekBar: setPaddingVertical * paddingVertical = 45.6,hashCode = 46568862,time = 1753833245325
07-29 19:54:05.325  4887  4887 I COUIVerticalSeekBar: COUIVerticalSeekBar ensureSize : mIsProgressFull:true,mBackgroundRadius:45.6,mBackgroundWidth:179.0,mBackgroundEnlargeScale1.0,mProgressRadius:45.6,mProgressWidth:179.0,mProgressEnlargeScale1.0,mPaddingVertical45.6
07-29 19:54:05.325  4887  4887 I COUIVerticalSeekBar: updateBehavior * normalSeekBarHeight = 309,mPaddingVertical = 45.6,mIsPhysicsEnable = true,mPhysicalAnimator = null,mFlingBehavior = null,Thread_name = main,hashCode = 46568862,time = 1753833245325,stackChain = com.coui.appcompat.seekbar.COUIVerticalSeekBar.updateBehavior$1:14 com.coui.appcompat.seekbar.COUIVerticalSeekBar.ensureSize$1:182 com.coui.appcompat.seekbar.COUIVerticalSeekBar.setPaddingVertical:59 com.oplus.systemui.qs.base.seek.OplusQsBaseToggleSliderLayout.updateRadius:74 
07-29 19:54:05.325  4887  4887 I [DevicePlugin].NoDeviceEntranceCardView.(main): onConfigurationChanged
07-29 19:54:05.325  4887  4887 I [DevicePlugin].PlatformUtils.(main): isLowGaussianLevel: DEBUG_LEVEL = -1, ANIM_LEVEL = 1
07-29 19:54:05.325  4887  4887 I [DevicePlugin].PlatformUtils.(main): isGlobalThemeApplied: isGlobalTheme=false
07-29 19:54:05.325  4887  4887 I [DevicePlugin].PlatformUtils.(main): isBlurEnable: enable=true
07-29 19:54:05.325  4887  4887 I [DevicePlugin].PlatformUtils.(main): isGlobalThemeApplied: isGlobalTheme=false
07-29 19:54:05.325  4887  4887 I [DevicePlugin].PlatformUtils.(main): isLightOsGaussianLevel: DEBUG_LEVEL = -1, ANIM_LEVEL = 1
07-29 19:54:05.325  4887  4887 I [DevicePlugin].PlatformUtils.(main): isLightBlurEnable: enable=false
07-29 19:54:05.325  4887  4887 I [DevicePlugin].RectangleDeviceCardView.(main): onConfigurationChanged
07-29 19:54:05.325  4887  4887 I [DevicePlugin].PlatformUtils.(main): isLowGaussianLevel: DEBUG_LEVEL = -1, ANIM_LEVEL = 1
07-29 19:54:05.325  4887  4887 I [DevicePlugin].PlatformUtils.(main): isGlobalThemeApplied: isGlobalTheme=false
07-29 19:54:05.325  4887  4887 I [DevicePlugin].PlatformUtils.(main): isBlurEnable: enable=true
07-29 19:54:05.325  4887  4887 I [DevicePlugin].PlatformUtils.(main): isGlobalThemeApplied: isGlobalTheme=false
07-29 19:54:05.325  4887  4887 I [DevicePlugin].PlatformUtils.(main): isLightOsGaussianLevel: DEBUG_LEVEL = -1, ANIM_LEVEL = 1
07-29 19:54:05.325  4887  4887 I [DevicePlugin].PlatformUtils.(main): isLightBlurEnable: enable=false
07-29 19:54:05.325  4887  4887 I [DevicePlugin].RectangleEntranceCardView.(main): onConfigurationChanged
07-29 19:54:05.325  4887  4887 I [DevicePlugin].PlatformUtils.(main): isLowGaussianLevel: DEBUG_LEVEL = -1, ANIM_LEVEL = 1
07-29 19:54:05.325  4887  4887 I [DevicePlugin].PlatformUtils.(main): isGlobalThemeApplied: isGlobalTheme=false
07-29 19:54:05.325  4887  4887 I [DevicePlugin].PlatformUtils.(main): isBlurEnable: enable=true
07-29 19:54:05.325  4887  4887 I [DevicePlugin].PlatformUtils.(main): isGlobalThemeApplied: isGlobalTheme=false
07-29 19:54:05.325  4887  4887 I [DevicePlugin].PlatformUtils.(main): isLightOsGaussianLevel: DEBUG_LEVEL = -1, ANIM_LEVEL = 1
07-29 19:54:05.325  4887  4887 I [DevicePlugin].PlatformUtils.(main): isLightBlurEnable: enable=false
07-29 19:54:05.325  4887  4887 I [DevicePlugin].RectangleDeviceCardView.(main): onConfigurationChanged
07-29 19:54:05.325  4887  4887 I [DevicePlugin].PlatformUtils.(main): isLowGaussianLevel: DEBUG_LEVEL = -1, ANIM_LEVEL = 1
07-29 19:54:05.325  4887  4887 I [DevicePlugin].PlatformUtils.(main): isGlobalThemeApplied: isGlobalTheme=false
07-29 19:54:05.325  4887  4887 I [DevicePlugin].PlatformUtils.(main): isBlurEnable: enable=true
07-29 19:54:05.325  4887  4887 I [DevicePlugin].PlatformUtils.(main): isGlobalThemeApplied: isGlobalTheme=false
07-29 19:54:05.325  4887  4887 I [DevicePlugin].PlatformUtils.(main): isLightOsGaussianLevel: DEBUG_LEVEL = -1, ANIM_LEVEL = 1
07-29 19:54:05.325  4887  4887 I [DevicePlugin].PlatformUtils.(main): isLightBlurEnable: enable=false
07-29 19:54:05.325  4887  4887 I [DevicePlugin].SquareDeviceCardView.(main): onConfigurationChanged
07-29 19:54:05.325  4887  4887 I [DevicePlugin].PlatformUtils.(main): isLowGaussianLevel: DEBUG_LEVEL = -1, ANIM_LEVEL = 1
07-29 19:54:05.325  4887  4887 I [DevicePlugin].PlatformUtils.(main): isGlobalThemeApplied: isGlobalTheme=false
07-29 19:54:05.325  4887  4887 I [DevicePlugin].PlatformUtils.(main): isBlurEnable: enable=true
07-29 19:54:05.325  4887  4887 I [DevicePlugin].PlatformUtils.(main): isGlobalThemeApplied: isGlobalTheme=false
07-29 19:54:05.325  4887  4887 I [DevicePlugin].PlatformUtils.(main): isLightOsGaussianLevel: DEBUG_LEVEL = -1, ANIM_LEVEL = 1
07-29 19:54:05.325  4887  4887 I [DevicePlugin].PlatformUtils.(main): isLightBlurEnable: enable=false
07-29 19:54:05.325  4887  4887 I [DevicePlugin].SquareEntranceCardView.(main): onConfigurationChanged
07-29 19:54:05.325  4887  4887 I [DevicePlugin].PlatformUtils.(main): isLowGaussianLevel: DEBUG_LEVEL = -1, ANIM_LEVEL = 1
07-29 19:54:05.325  4887  4887 I [DevicePlugin].PlatformUtils.(main): isGlobalThemeApplied: isGlobalTheme=false
07-29 19:54:05.325  4887  4887 I [DevicePlugin].PlatformUtils.(main): isBlurEnable: enable=true
07-29 19:54:05.325  4887  4887 I [DevicePlugin].PlatformUtils.(main): isGlobalThemeApplied: isGlobalTheme=false
07-29 19:54:05.325  4887  4887 I [DevicePlugin].PlatformUtils.(main): isLightOsGaussianLevel: DEBUG_LEVEL = -1, ANIM_LEVEL = 1
07-29 19:54:05.325  4887  4887 I [DevicePlugin].PlatformUtils.(main): isLightBlurEnable: enable=false
07-29 19:54:05.325  4887  4887 I [DevicePlugin].SquareDeviceCardView.(main): onConfigurationChanged
07-29 19:54:05.325  4887  4887 I [DevicePlugin].PlatformUtils.(main): isLowGaussianLevel: DEBUG_LEVEL = -1, ANIM_LEVEL = 1
07-29 19:54:05.325  4887  4887 I [DevicePlugin].PlatformUtils.(main): isGlobalThemeApplied: isGlobalTheme=false
07-29 19:54:05.325  4887  4887 I [DevicePlugin].PlatformUtils.(main): isBlurEnable: enable=true
07-29 19:54:05.325  4887  4887 I [DevicePlugin].PlatformUtils.(main): isGlobalThemeApplied: isGlobalTheme=false
07-29 19:54:05.325  4887  4887 I [DevicePlugin].PlatformUtils.(main): isLightOsGaussianLevel: DEBUG_LEVEL = -1, ANIM_LEVEL = 1
07-29 19:54:05.325  4887  4887 I [DevicePlugin].PlatformUtils.(main): isLightBlurEnable: enable=false
07-29 19:54:05.325  4887  4887 I [DevicePlugin].SquareDeviceCardView.(main): onConfigurationChanged
07-29 19:54:05.325  4887  4887 I [DevicePlugin].PlatformUtils.(main): isLowGaussianLevel: DEBUG_LEVEL = -1, ANIM_LEVEL = 1
07-29 19:54:05.325  4887  4887 I [DevicePlugin].PlatformUtils.(main): isGlobalThemeApplied: isGlobalTheme=false
07-29 19:54:05.325  4887  4887 I [DevicePlugin].PlatformUtils.(main): isBlurEnable: enable=true
07-29 19:54:05.325  4887  4887 I [DevicePlugin].PlatformUtils.(main): isGlobalThemeApplied: isGlobalTheme=false
07-29 19:54:05.325  4887  4887 I [DevicePlugin].PlatformUtils.(main): isLightOsGaussianLevel: DEBUG_LEVEL = -1, ANIM_LEVEL = 1
07-29 19:54:05.325  4887  4887 I [DevicePlugin].PlatformUtils.(main): isLightBlurEnable: enable=false
07-29 19:54:05.325  4887  4887 I [DevicePlugin].SquareDeviceCardView.(main): onConfigurationChanged
07-29 19:54:05.325  4887  4887 I [DevicePlugin].PlatformUtils.(main): isLowGaussianLevel: DEBUG_LEVEL = -1, ANIM_LEVEL = 1
07-29 19:54:05.325  4887  4887 I [DevicePlugin].PlatformUtils.(main): isGlobalThemeApplied: isGlobalTheme=false
07-29 19:54:05.325  4887  4887 I [DevicePlugin].PlatformUtils.(main): isBlurEnable: enable=true
07-29 19:54:05.325  4887  4887 I [DevicePlugin].PlatformUtils.(main): isGlobalThemeApplied: isGlobalTheme=false
07-29 19:54:05.325  4887  4887 I [DevicePlugin].PlatformUtils.(main): isLightOsGaussianLevel: DEBUG_LEVEL = -1, ANIM_LEVEL = 1
07-29 19:54:05.325  4887  4887 I [DevicePlugin].PlatformUtils.(main): isLightBlurEnable: enable=false
07-29 19:54:05.325  4887  4887 I [DevicePlugin].SquareEntranceCardView.(main): onConfigurationChanged
07-29 19:54:05.325  4887  4887 I [DevicePlugin].PlatformUtils.(main): isLowGaussianLevel: DEBUG_LEVEL = -1, ANIM_LEVEL = 1
07-29 19:54:05.325  4887  4887 I [DevicePlugin].PlatformUtils.(main): isGlobalThemeApplied: isGlobalTheme=false
07-29 19:54:05.325  4887  4887 I [DevicePlugin].PlatformUtils.(main): isBlurEnable: enable=true
07-29 19:54:05.325  4887  4887 I [DevicePlugin].PlatformUtils.(main): isGlobalThemeApplied: isGlobalTheme=false
07-29 19:54:05.325  4887  4887 I [DevicePlugin].PlatformUtils.(main): isLightOsGaussianLevel: DEBUG_LEVEL = -1, ANIM_LEVEL = 1
07-29 19:54:05.325  4887  4887 I [DevicePlugin].PlatformUtils.(main): isLightBlurEnable: enable=false
07-29 19:54:05.327  4887  4887 I SystemUi--QuickSettings: OplusSeparateQSCustomizer-->updateResources tileRow= 3
07-29 19:54:05.327  4887  4887 I SystemUi--QuickSettings: OplusSeparateQSCustomizer--> mUsableWidth=1080
07-29 19:54:05.327  4887  4887 I SystemUi--QuickSettings: OplusSeparateQSCustomizer--> mEditCellWidth=175 mEditCellMarginHorizontal=66 mItemHeight=271 mHorizontalSidePadding=57
07-29 19:54:05.327  4887  4887 I SystemUi--QuickSettings: OplusQsToggleSliderTouchExt-->getRealSize point: Point(1080, 2376) realScreenWidth: 1080 realScreenHeight: 2376
07-29 19:54:05.327  4887  4887 I SystemUi--QuickSettings: OplusQsToggleSliderLayout-->updateRadius radius= 57.815125, roundParams= OplusRoundParams(radiusDp=15.2, radius=45.6, weight=1.1, isCircle=false), isDefaultVolumeTheme = true
07-29 19:54:05.327  4887  4887 I COUIVerticalSeekBar: COUIVerticalSeekBar ensureSize : mIsProgressFull:true,mBackgroundRadius:45.6,mBackgroundWidth:179.0,mBackgroundEnlargeScale1.0,mProgressRadius:45.6,mProgressWidth:179.0,mProgressEnlargeScale1.0,mPaddingVertical45.6
07-29 19:54:05.327  4887  4887 I COUIVerticalSeekBar: updateBehavior * normalSeekBarHeight = 309,mPaddingVertical = 45.6,mIsPhysicsEnable = true,mPhysicalAnimator = null,mFlingBehavior = null,Thread_name = main,hashCode = 234346452,time = 1753833245327,stackChain = com.coui.appcompat.seekbar.COUIVerticalSeekBar.updateBehavior$1:14 com.coui.appcompat.seekbar.COUIVerticalSeekBar.ensureSize$1:182 com.coui.appcompat.seekbar.COUIVerticalSeekBar.setBackgroundRadius:3 com.oplus.systemui.qs.base.seek.OplusQsBaseToggleSliderLayout.updateRadius:60 
07-29 19:54:05.327  4887  4887 I COUIVerticalSeekBar: setPaddingVertical * paddingVertical = 45.6,hashCode = 234346452,time = 1753833245327
07-29 19:54:05.327  4887  4887 I COUIVerticalSeekBar: COUIVerticalSeekBar ensureSize : mIsProgressFull:true,mBackgroundRadius:45.6,mBackgroundWidth:179.0,mBackgroundEnlargeScale1.0,mProgressRadius:45.6,mProgressWidth:179.0,mProgressEnlargeScale1.0,mPaddingVertical45.6
07-29 19:54:05.327  4887  4887 I COUIVerticalSeekBar: updateBehavior * normalSeekBarHeight = 309,mPaddingVertical = 45.6,mIsPhysicsEnable = true,mPhysicalAnimator = null,mFlingBehavior = null,Thread_name = main,hashCode = 234346452,time = 1753833245327,stackChain = com.coui.appcompat.seekbar.COUIVerticalSeekBar.updateBehavior$1:14 com.coui.appcompat.seekbar.COUIVerticalSeekBar.ensureSize$1:182 com.coui.appcompat.seekbar.COUIVerticalSeekBar.setPaddingVertical:59 com.oplus.systemui.qs.base.seek.OplusQsBaseToggleSliderLayout.updateRadius:74 
07-29 19:54:05.327  4887  4887 I SystemUi--Common: WindowRootView-->leftInset:0 rightInset:0  rootWindowInsets.displayCutout:DisplayCutout{insets=Rect(0, 120 - 0, 0) waterfall=Insets{left=0, top=0, right=0, bottom=0} boundingRect={Bounds=[Rect(0, 0 - 0, 0), Rect(512, 0 - 569, 120), Rect(0, 0 - 0, 0), Rect(0, 0 - 0, 0)]} cutoutPathParserInfo={CutoutPathParserInfo{displayWidth=1080 displayHeight=2376 physicalDisplayWidth=1440 physicalDisplayHeight=3168 density={4.0} cutoutSpec={M -38,0 L -38,160 L 38,160 L 38,0 Z} rotation={0} scale={1.0} physicalPixelDisplaySizeRatio={0.75}}} sideOverrides={}} windowInsets.displayCutout:DisplayCutout{insets=Rect(0, 120 - 0, 0) waterfall=Insets{left=0, top=0, right=0, bottom=0} boundingRect={Bounds=[Rect(0, 0 - 0, 0), Rect(512, 0 - 569, 120), Rect(0, 0 - 0, 0), Rect(0, 0 - 0, 0)]} cutoutPathParserInfo={CutoutPathParserInfo{displayWidth=1080 displayHeight=2376 physicalDisplayWidth=1440 physicalDisplayHeight=3168 density={4.0} cutoutSpec={M -38,0 L -38,160 L 38,160 L 38,0 Z} rotation={0} scale={1.0} physicalPixelDisplaySizeRatio={0.75}}} sideOverrides={}} currentRotation:1
07-29 19:54:05.327  4887  4887 I SystemUi--QuickSettings: OplusQuickStatusBarHeader-->onApplyWindowInsets mIgnoreCenterHole: true mCenterHoleSpaceLp: androidx.constraintlayout.widget.ConstraintLayout$LayoutParams@e6baf97
07-29 19:54:05.327  4887  4887 I SystemUi--QuickSettings: OplusQuickStatusBarHeader-->updateCenterHoleView visibility: 8 isLpChanged: false
07-29 19:54:05.327  4887  4887 I SystemUi--QuickSettings: OplusQuickStatusBarHeader-->updateCenterHoleView visibility: 8 isLpChanged: false
07-29 19:54:05.328  4887  4887 I PluginSeedling--Base: SeedlingPluginService-->onStateChange: Bundle[{rect=RectF(509.25, 29.25, 570.75, 90.75), state=onHoleRectChanged}]
07-29 19:54:05.328  4887  4887 I SystemUi--Statusbar: StatusBarPaddingProvider-->updateContentsPadding: (51, 14, 60, 15), screenHoleHeight: 61 isLandscape=false, rotation: 0 screenHoleBottom: 90 statusBarHeight: 120 seedlingHeight: 90 switchSupport: true percentScreen:0.75 baseScreenWidth:1080 stableDisplayWidth:1440
07-29 19:54:05.328  4887  4887 I SystemUi--QuickSettings: OplusQuickStatusBarHeader-->onApplyWindowInsets mIgnoreCenterHole: true mCenterHoleSpaceLp: androidx.constraintlayout.widget.ConstraintLayout$LayoutParams@923f584
07-29 19:54:05.328  4887  4887 I SystemUi--QuickSettings: OplusQuickStatusBarHeader-->updateCenterHoleView visibility: 8 isLpChanged: false
07-29 19:54:05.328  4887  4887 I SystemUi--QuickSettings: OplusQuickStatusBarHeader-->updateCenterHoleView visibility: 8 isLpChanged: false
07-29 19:54:05.328  4887  5556 D BufferQueueProducer: [VRI[NotificationShade]#9(BLAST Consumer)9](id:13170000000a,api:1,p:4887,c:4887) connect: api=1 producerControlledByApp=true
07-29 19:54:05.334  4887  4887 I SurfaceControl:  setExtendedRangeBrightness sc=Surface(name=NotificationShade)/@0xf4553d5,currentBufferRatio=1.0,desiredRatio=1.0
07-29 19:54:05.339  2179  2419 D SurfaceFlinger: captureLayers from pid 5379 uid -335
07-29 19:54:05.339  2179  2419 W SurfaceFlinger: Skipping screen capture because of invalid layer.
07-29 19:54:05.340  5379  5654 E ScreenCapture: Failed to generate screen capture. Error code: -12
07-29 19:54:05.340  5379  5654 E Blur_ScreenCapture: [captureScreenInternal] exceeds fail times limit=1
07-29 19:54:05.341  1924  4452 I Dpps    : LtmSwState::SetParameter():144 ignore cmd 7 in state LtmOffState
07-29 19:54:05.351  3490  3802 D VRR [OPlusRefreshRateService]: handleConfigIdChange physicalDisplayId: 4630946756802996883 configId: 4 renderPeriod: 8333333
07-29 19:54:05.351  4887  5556 D BLASTBufferQueue: [VRI[NotificationShade]#9](f:0,a:1) acquireNextBufferLocked size=1080x2376 mFrameNumber=1 applyTransaction=true mTimestamp=58230609039(auto) mPendingTransactions.size=0 graphicBufferId=20989505175606 transform=0
07-29 19:54:05.351  4887  5556 D VRI[NotificationShade]: Received frameCommittedCallback lastAttemptedDrawFrameNum=1 didProduceBuffer=true syncBuffer=false
07-29 19:54:05.351  4887  4887 D VRI[NotificationShade]: draw finished. seqId=0
07-29 19:54:05.351  3490  3802 D VRR [OPlusSAManager]: updateModeChange old modeId [ 5 ] -> new modeId [ 4 ] mCurPolicy: 1
07-29 19:54:05.351  3490  5472 I WindowManager: Window{36356a8 u0 NotificationShade} state from DRAW_PENDING to COMMIT_DRAW_PENDING; reason: finishDrawingLocked
07-29 19:54:05.351  3490  3802 D VRR [OPlusSAManager]: updateSAScene active modeId: 4
07-29 19:54:05.351  3490  3802 D VRR [OPlusSAManager]: updateSAScene current policy: 1 active modeId: 4 scene: VRR_90_120
07-29 19:54:05.351  3490  3802 D VRR [OPlusOAManager]: Not OA business! new modeId: [4] active modeId: [5]
07-29 19:54:05.351  3490  3802 D VRR [OPlusGameStatusManager]: updateGameState mOSyncFeatureSwitch: false mIsGamePolicy: false
07-29 19:54:05.351  3490  3802 D VRR [OPlusGameStatusManager]: setLTMStatus false curPkgName: com.android.launcher curr status: false HeartStop: false HeartStopFromTGPA: false ActiveFPS: 120.00001
07-29 19:54:05.351  3490  3802 D VRR [OPlusGameStatusManager]: updateGameAccelerationStatus pkgName: com.android.launcher mOSyncFeatureSwitch: false mIsGamePolicy: false mHeartStop: false mHasFlickerRisk: false mForceAcceleration: false mToastReady: false enable: false
07-29 19:54:05.351  3490  3802 D VRR [OPlusGameStatusManager]: updateToastStatus enableAcceleration: false toastReady: false isGamePolicy: false desiredModeId: 4
07-29 19:54:05.351  3490  3802 D VRR [OPlusGameStatusManager]: updateToastStatus enableAcceleration: false toastReady: false isGamePolicy: false desiredModeId: 4
07-29 19:54:05.351  3490  3802 D VRR [OPlusExternalRefreshRateManager]:  updateRenderPeriodChange configId:4 current refresh rate:120.00001
07-29 19:54:05.352  2179  3229 D VRR [OTI-HW]: isStateReady 0
07-29 19:54:05.352  2179  3229 D VRR [OTI-HW]: keep rate.
07-29 19:54:05.352  3490  3802 D VRR [OPlusSurfaceFlingerController]:  setDirectorOtiHwConfig : true
07-29 19:54:05.352  3490  3685 I WindowManager: Window{36356a8 u0 NotificationShade} state from COMMIT_DRAW_PENDING to READY_TO_SHOW; reason: commitFinishDrawingLocked
07-29 19:54:05.352  3490  3685 I WindowManager: Window{36356a8 u0 NotificationShade} state from READY_TO_SHOW to HAS_DRAWN; reason: performShowLocked
07-29 19:54:05.354  4887  5716 V OplusCustomizeCacheManager: queryCache name: sys.cache.common_customize_cache11011 param: null
07-29 19:54:05.354  4887  4887 I SystemUi--Notification: OplusHeadsUpCoreStart-->isVisibility: true
07-29 19:54:05.354  4887  4887 D ZenModeController: Added callback class com.oplus.systemui.qs.tiles.OplusDndTile$1
07-29 19:54:05.354  4887  5716 V OplusCustomizeCacheManager: queryCache name: sys.cache.common_customize_cache11010 param: null
07-29 19:54:05.355  4887  4887 I SystemUi--Keyguard: ScrimControllerExImp-->blur State to UNLOCK, bouncer=false changeFromBouncerScrim= false runnerUnlock= false goingAway=false hasHandle=true isOccludeAnimationPlaying=false
07-29 19:54:05.355  3490  4218 I InputDispatcher: injectInputEvent: targetUid=<not set>, syncMode=WAIT_FOR_FINISHED, timeout=30000ms, policyFlags=0x8000000, event=MotionEvent { action=MOVE, id[0]=0, x[0]=900, y[0]=647.267, eventTime=58235000000, downTime=58141000000, deviceId=4, source=TOUCHSCREEN, displayId=0, eventId=0xdf6d87f8}
07-29 19:54:05.355  4887  5716 V OplusCustomizeCacheManager: queryCache name: sys.cache.common_customize_cache18014 param: null
07-29 19:54:05.355  4887  5716 D OplusCustomizeCacheManager: add cachename to map: sys.cache.common_customize_cache18014
07-29 19:54:05.355  4887  5716 V OplusCustomizeCacheManager: start recompute
07-29 19:54:05.356  4887  4887 I SystemUi--Keyguard: ScrimControllerExImp-->blur State to UNLOCK, bouncer=false changeFromBouncerScrim= false runnerUnlock= false goingAway=false hasHandle=true isOccludeAnimationPlaying=false
07-29 19:54:05.356  4887  5716 V OplusCustomizeCacheManager: queryCache name: sys.cache.common_customize_cache18017 param: Bundle[{SETTING=BLOCK, BUSINESS=NCT-DATA}]
07-29 19:54:05.356  4887  5716 D OplusCustomizeCacheManager: add cachename to map: sys.cache.common_customize_cache18017
07-29 19:54:05.356  4887  5716 V OplusCustomizeCacheManager: start recompute
07-29 19:54:05.356  4887  4887 I SystemUi--QuickSettings: QSPanelAnimatorManager-->showFirstElement
07-29 19:54:05.356  3490  5472 D OplusCustomizeSecurityManagerService: we can't find the BLOCK
07-29 19:54:05.356  4887  5716 V OplusCustomizeCacheManager: queryCache name: sys.cache.common_customize_cache18013 param: null
07-29 19:54:05.356  4887  4887 D ViewRootImplExtImpl: wrapConfigInfoIntoFlags rotation=0, smallestScreenWidthDp=360, residentWS=false, scenario=0, bounds=Rect(0, 0 - 1080, 2376), relayoutAsync=true, flags=1, newFlags=1245719809, title=NotificationShade
07-29 19:54:05.356  4887  4887 W VRI[NotificationShade]: updateBlastSurfaceIfNeeded, surfaceSize:Point(1080, 2376), lastSurfaceSize:Point(1080, 2376), format:-3, blastBufferQueue:android.graphics.BLASTBufferQueue@929ec78
07-29 19:54:05.356  3490  3711 I UserAwareMgr: handleFgAppChanged, pkgName: com.android.systemui, pid: 4887, isVisible: true, fgAppType: FG2
07-29 19:54:05.356  3490  3711 I UserAwareMgr: fg app status not changed, beforeVisible: true, currentVisible: true
