07-28 04:44:31.013  4841  4841 I SystemUi--Keyguard: ScrimControllerExImp-->blur State to UNLOCK, bouncer=false changeFromBouncerScrim= false runnerUnlock= false goingAway=false hasHandle=true isOccludeAnimationPlaying=false
07-28 04:44:31.013  1877  8331 I SnapAlloc: Using graphics libs for alignment calculations
07-28 04:44:31.013  4841  4841 I SystemUi--Keyguard: ScrimControllerExImp-->blur State to UNLOCK, bouncer=false changeFromBouncerScrim= false runnerUnlock= false goingAway=false hasHandle=true isOccludeAnimationPlaying=false
07-28 04:44:31.021  4841  4841 I SystemUi--QuickSettings: TemporarilyInfoManager-->[setStarted] true
07-28 04:44:31.021  4841  4841 I SystemUi--QuickSettings: OplusQSRootViewController-->endClosing()
07-28 04:44:31.021  4841  4841 I SystemUi--Common: OplusShadeExpansionStat-->go state: OPENING -> OPEN
07-28 04:44:31.021  4841  4841 I SystemUi--Common: OplusShadeExpansionStat-->go state: OPENING -> OPEN
07-28 04:44:31.021  4841  4841 I SystemUi--Keyguard: ScrimControllerExImp-->blur State to UNLOCK, bouncer=false changeFromBouncerScrim= false runnerUnlock= false goingAway=false hasHandle=true isOccludeAnimationPlaying=false
07-28 04:44:31.021  4841  4841 I SystemUi--Common: PlatformBlurManagerImpl-->setPlatformBlurMode: blurMode=AUTO(blurFrequency=4)
07-28 04:44:31.021  4841  4841 I SystemUi--Common: PlatformBlurManagerImpl-->updateMotionFrequency: isExpanding=false
07-28 04:44:31.022  4841  4841 I SystemUi--Keyguard: ScrimControllerExImp-->blur State to UNLOCK, bouncer=false changeFromBouncerScrim= false runnerUnlock= false goingAway=false hasHandle=true isOccludeAnimationPlaying=false
07-28 04:44:31.022  4841  4841 I SystemUi--Device_Panel: OplusQSMyDeviceContainerViewController-->setQsDeviceExpansion expansion 1.0
07-28 04:44:31.022  4841  4841 I SystemUi--QuickSettings: QSPanelExpandFraction-->fractionAnimation onAnimationEnd, value=1.0
07-28 04:44:31.029  1877  8331 I SnapAlloc: Using graphics libs for alignment calculations
07-28 04:44:31.041  1879  4419 I Dpps    : LtmSwState::SetParameter():144 ignore cmd 7 in state LtmOffState
07-28 04:44:31.103  1960  7342 D charge_time: type=sdp,reserve_soc=2,soc=28,ui_soc=29,current=153,avg=135,not_chg_cnt=0,stable_cnt=7,fcc=5724,fcc_ratio=94,delta=43,debug=0,region=18,ttf=50872(14:07:52),ui_ttf=28182(07:49:42)
07-28 04:44:31.243  1949  1949 D SensorFeature: name=ssc_screenshot_info ,index = 22
07-28 04:44:31.243  1949  1949 D SensorFeature: write 29 bytes:58660050080,58668383413,160,0
07-28 04:44:31.307  1785  4425 I sensors-hal: handle_oplus_wise_rgb_event:189, high_pwm_light:lux 2.7,cct 5300.0,brl/algo/ir 78.0/2.0/0.0,pwm/dc 0.0/0.0,rgbc 166.686539/163.890091/68.905106/383.744232,ts 58667656557,cnt 860,flag 160
07-28 04:44:31.307  1879  4419 I Dpps    : LtmSwState::SetParameter():144 ignore cmd 7 in state LtmOffState
07-28 04:44:31.362  1960  2008 D BatteryChargeControl: bcc get no support from charging protocol
07-28 04:44:31.517  1949  1949 D SensorFeature: name=ssc_screenshot_info ,index = 22
07-28 04:44:31.517  1949  1949 D SensorFeature: write 29 bytes:58933758518,58942091851,161,0
07-28 04:44:31.574  1879  4419 I Dpps    : LtmSwState::SetParameter():144 ignore cmd 7 in state LtmOffState
07-28 04:44:31.635  4841  5026 D OplusScrollToTopManager: NotificationShade,This com.android.systemui.shade.NotificationShadeWindowView{6560c8a V.E...... .......D 0,0-1080,2376 #7f0a06b7 app:id/legacy_window_root alpha=1.0 viewInfo = } change focus to true
07-28 04:44:31.635  4841  5026 D OplusScrollToTopManager: NotificationShade, registerGuidePopupDismissReceiverInSystemUI
07-28 04:44:31.636  4841  5026 D OplusScrollToTopManager: NotificationShade, after registerGuidePopupDismissReceiverInSystemUI
07-28 04:44:31.636  5169  5571 D OplusScrollToTopManager: com.android.launcher/com.android.launcher.Launcher,This com.android.internal.policy.DecorView{6d5a0b0 V.E...... R....... 0,0-1080,2376 aid=0 alpha=1.0 viewInfo = }[Launcher] change focus to false
07-28 04:44:31.791  1949  1949 D SensorFeature: name=ssc_screenshot_info ,index = 22
07-28 04:44:31.791  1949  1949 D SensorFeature: write 29 bytes:59207919768,59216253101,162,0
07-28 04:44:31.812  6540  6613 E oiface  : sched_setaffinity failed
07-28 04:44:31.816  1960  1960 D vendor.oplus.hardware.charger-V7-service: getChargerControl:
07-28 04:44:31.830  1950  5138 E PerformanceService: storage_feature: open /sys/devices/platform/soc/112b0000.ufshci//virtualtlcbuff fail
07-28 04:44:31.838  1785  4425 I sensors-hal: handle_oplus_wise_rgb_event:189, high_pwm_light:lux 2.7,cct 5300.0,brl/algo/ir 78.0/2.0/0.0,pwm/dc 0.0/0.0,rgbc 159.439285/154.524948/57.092804/378.627625,ts 59215899474,cnt 870,flag 162
07-28 04:44:31.837  3329  4739 W BestClock: java.time.DateTimeException: Missing network time fix
07-28 04:44:31.839  3329  4344 D FusionLightNextGen: process end reported = 1, mode: 0, lux 0.0, cct -1.0, r/g/b/c: 154.6/154.5/57.1/378.6, R/G/B: 129.0/122.0/121.0, bri 78.0, match 0.62, ir 0.000000, conf 0.0, ts 59224157495
07-28 04:44:31.839  3329  4739 W BestClock: java.time.DateTimeException: Missing network time fix
07-28 04:44:31.839  3329  4739 W BestClock: java.time.DateTimeException: Missing network time fix
07-28 04:44:31.840  1879  4419 I Dpps    : LtmSwState::SetParameter():144 ignore cmd 7 in state LtmOffState
07-28 04:44:31.857  3329  5356 I InputDispatcher: injectInputEvent: targetUid=<not set>, syncMode=WAIT_FOR_FINISHED, timeout=30000ms, policyFlags=0x8000000, event=MotionEvent { action=DOWN, id[0]=0, x[0]=877, y[0]=1330, eventTime=59282000000, downTime=59282000000, deviceId=4, source=TOUCHSCREEN, displayId=0, eventId=0xfbca17ac}
07-28 04:44:31.858  3329  4784 I [UAH_CLIENT]: UahEventAcquire, cmdid:37, pkg:none, identity:OplusUAwareInputHelper
07-28 04:44:31.858  3329  4607 D OMP_Detector: D:done mCurrStatus: 0
07-28 04:44:31.858  4841  4841 V AutofillManager: requestHideFillUi(null): anchor = null
07-28 04:44:31.858  4841  4841 V Application: getAutofillClient(): null on super, trying to find activity thread
07-28 04:44:31.858  4841  4841 V Application: getAutofillClient(): none of the 0 activities on com.android.systemui.SystemUIApplication@dbe0a68 are top resumed nor have focus
07-28 04:44:31.858  4841  4841 V AutofillManager: No AutofillClient for com.android.systemui on context com.android.systemui.SystemUIApplication@dbe0a68
07-28 04:44:31.858  3329  3727 D PowerManagerService: userActivityNoUpdateLocked: groupId=0, eventTime=59282, event=touch, flags=0x0, uid=1000
07-28 04:44:31.858  3329  4784 D UAH-UahAdaptHelper: adaptSetNotification identity = OplusUAwareInputHelpersrc = 1000 , type 0 ,p1 = -1 ,p2 = -1 ,p3 = -1 ,p4 =
07-28 04:44:31.858  3329  4784 I [UAH_CLIENT]: uahRuleCtl, ruleId:1000, status:0
07-28 04:44:31.859  4841  4841 I SystemUi--Common: ScrollTranslationValue-->resetPanelTranslationY
07-28 04:44:31.859  4841  4841 I SystemUi--QuickSettings: OplusPanelViewPagerController-->initExpanded downExpanded=QS downOnRight=true targetPage=QS downOnYHotArea=false  isKeyguardShowing=false isOnKeyguard=false fractionListeners.size=0 currentQsFraction=1.0 currentNotifyFraction=0.0 hasCalledDownEvent=true getScrollXHotZone=([Rect(0, 0 - 1080, 2376)], [Rect(-1, -1 - -1, -1), Rect(144, 2143 - 270, 2269), Rect(810, 2143 - 936, 2269)]) getScrollYHotZone=Rect(0, 0 - 1080, 222) notifyExpandedFraction=0.0 isLastUpToExpand=true qsPanelView.translationX=0.0
07-28 04:44:31.859  4841  4841 I SystemUi--QuickSettings: OplusQSRootViewController-->startExpandMotion event: 0, startTracking: false isClosing: false panelClosedOnDown: false
07-28 04:44:31.859  4841  4841 I SystemUi--QuickSettings: OplusQSRootViewController-->initialOffsetOnTouch: 2376.0, panelClosedOnDown: false
07-28 04:44:31.860  3329  5356 I InputDispatcher: injectInputEvent: targetUid=<not set>, syncMode=WAIT_FOR_FINISHED, timeout=30000ms, policyFlags=0x8000000, event=MotionEvent { action=UP, id[0]=0, x[0]=877, y[0]=1330, eventTime=59282000000, downTime=59282000000, deviceId=4, source=TOUCHSCREEN, displayId=0, eventId=0xf2db324c}
07-28 04:44:31.860  3329  4784 D UAH-UahAdaptHelper: adaptSetNotification identity = OplusUAwareInputHelpersrc = 1000 , type 1 ,p1 = -1 ,p2 = -1 ,p3 = -1 ,p4 =
07-28 04:44:31.860  3329  4784 I [UAH_CLIENT]: uahRuleCtl, ruleId:1000, status:1
07-28 04:44:31.861  4841  4841 I SystemUi--Statusbar: OplusStatusBarWindowViewTouchExImpl-->onTouchEvent handled:false
07-28 04:44:31.861  4841  4841 I SystemUi--QuickSettings: OplusPanelViewPagerController-->reset
07-28 04:44:31.861  4841  4841 I SystemUi--QuickSettings: OplusQSRootViewController-->resetTouch
07-28 04:44:31.861  4841  4841 D OplusViewDragTouchViewHelper: dispatchTouchView action = 1
07-28 04:44:31.861  4841  4841 D ViewRootImplExtImpl: the up motion event handled by client, just return
07-28 04:44:31.862  4841  4841 I SystemUi--QuickSettings: Tile.OplusAirplaneModeTile-->clicked ------ state is :2 canTips :true
07-28 04:44:31.862  4841  5389 V OplusCustomizeCacheManager: queryCache name: sys.cache.common_customize_cache18026 param: null
07-28 04:44:31.862  4841  5389 V OplusCustomizeCacheManager: queryCache name: sys.cache.common_customize_cache18026 param: null
07-28 04:44:31.863  3329  4582 D OplusWifiPower_ConnLpmEventObsever: AIRPLANE_MODE_ON:false
07-28 04:44:31.864  3329  3329 D OplusWifiBroadCastDispatcher: mBroadcastReceiver: onReceiver  action=android.intent.action.AIRPLANE_MODE
07-28 04:44:31.864  5004  7110 I txpwradmin:SettingsObserver: onChange for uri = content://settings/global/airplane_mode_on
07-28 04:44:31.864  5164  5164 D SubsysBroadcastManager: onReceive action:android.intent.action.AIRPLANE_MODE
07-28 04:44:31.864  4841  5614 I SystemUi--QuickSettings: Tile.OplusAirplaneModeTile-->handleUpdateState state.state: 2 value: 0
07-28 04:44:31.864  4841  5614 V OplusCustomizeCacheManager: queryCache name: sys.cache.common_customize_cache18026 param: null
07-28 04:44:31.865  4841  5614 V OplusCustomizeCacheManager: queryCache name: sys.cache.common_customize_cache11009 param: null
07-28 04:44:31.865  4841  5153 I SystemUi--QuickSettings: Tile.OplusCellularTile-->updateCarrierText: dialog not showing, ignore
07-28 04:44:31.865  4982  4982 W Settings: Setting airplane_mode_on has moved from android.provider.Settings.System to android.provider.Settings.Global, returning read-only value.
07-28 04:44:31.865  4841  5153 D SimStateHelper: slot:0, lock state:Bundle[mParcelledData.dataSize=56]
07-28 04:44:31.865  4841  5153 D SimStateHelper: slot:1, lock state:Bundle[mParcelledData.dataSize=56]
07-28 04:44:31.865  4841  5153 D SimStateHelper: needDisableMenu: slot1State=-1; slot2State=-1
07-28 04:44:31.865  4841  5153 D SimStateHelper: needDisableMenu:false
07-28 04:44:31.865  4841  5614 I SystemUi--QuickSettings: Tile.OplusAirplaneModeTile-->handleUpdateState state.state: 1 value: 0
07-28 04:44:31.865  4841  5614 V OplusCustomizeCacheManager: queryCache name: sys.cache.common_customize_cache18026 param: null
07-28 04:44:31.866  7569 12823 I SettingImpl: isAirplaneModeToggleChecked switchValue: -1, airplane mode isChecked is false
07-28 04:44:31.866  4960  6090 D ResidenceLocSm: onPreHandleMessage 49
07-28 04:44:31.866  4960  6094 D OplusLinkBoostMeeting: onAirplaneModeChange
07-28 04:44:31.866  4960  7685 I PCDR-common_no_service[0]: forbidden
07-28 04:44:31.866  4960  6095 D NAS-CallIssueDetector: notifyApmChanged
07-28 04:44:31.866  4960  7685 I PCDR-common_no_45g[0]: forbidden
07-28 04:44:31.866  4960  7685 I PCDR-common_no_service[1]: forbidden
07-28 04:44:31.866  4960  7685 I PCDR-common_no_45g[1]: forbidden
07-28 04:44:31.866  4960  6099 D ElevatorEvent: enableElevatorDetect mIsElevSensorReg = false
07-28 04:44:31.866  4960  6099 V SystemSensorManagerExtImpl: RegisterListener elevator_detect  Wakeup type:33171036 delay:200000us by com.oplus.nas.comm.event.ElevatorEvent$a@384deae from com.oplus.nas
07-28 04:44:31.866  3329  4583 D OplusWifiSwitchStateMonitor: mWifiSettingsValue:0
07-28 04:44:31.866  3329  4778 D SensorService: createSensorEventConnection packageName = com.oplus.nas.comm.event.ElevatorEvent, opPackageName = com.oplus.nas, mCurrentOperatingMode = 0, requestedMode = 0
07-28 04:44:31.867  4960  6090 D ResidenceLocSm: onPostHandleMessage 49
07-28 04:44:31.867  5164  5164 D NetworkService[0]: onAirPlaneModeChange isAirPlaneModeOn:false
07-28 04:44:31.867  5164  5164 D NetworkService[1]: onAirPlaneModeChange isAirPlaneModeOn:false
07-28 04:44:31.867  5164  5164 D QuickChangeAirplaneModeEvent: airplane mode off
07-28 04:44:31.867  5164  5164 W Settings: Setting airplane_mode_on has moved from android.provider.Settings.System to android.provider.Settings.Global, returning read-only value.
07-28 04:44:31.867  5058  5058 I QImsService: OplusWifiApmStateMgr : ACTION_AIRPLANE_MODE_CHANGED,mIsAirplaneModeOn: false
07-28 04:44:31.867  5058  5058 I QImsService: OplusImsServiceSubImpl : onTurnOffImsAfterWifiChanged : false
07-28 04:44:31.867  5058  5058 I QImsService: OplusImsServiceSubImpl : onTurnOffImsAfterWifiChanged : false
07-28 04:44:31.867  4960  6095 D NAS-CallIssueDetector: EVENT_SIM_STATE_CHANGE mSimState[0] LOADED
07-28 04:44:31.867  4960  6095 D SceneEvent: registerSensorMgr start
07-28 04:44:31.867  3329  4583 D OplusWifiSwitchStateMonitor: notify scan state: true
07-28 04:44:31.867  3329  5356 W SensorService: SensorEventConnection sensor handle=1362, package = com.oplus.nas.comm.event.ElevatorEvent enable
07-28 04:44:31.867  3329  5356 E SensorService: Required app com.oplus.nas.comm.event.ElevatorEvent, uid 1000, pid 4960
07-28 04:44:31.868  3329  5356 D SensorService: Calling batch handle==1362 flags=0rate=200000000 timeout== 0
07-28 04:44:31.868  3329  5356 D SensorService: SensorDevice::batch: ident=0xb400006f681e9980, handle=0x00000552, flags=0, period_ns=200000000 timeout=0
07-28 04:44:31.868  3329  5356 D SensorService: 	>>> actuating h/w BATCH 0x00000552 200000000 0
07-28 04:44:31.868  4893  4893 W Settings: Setting airplane_mode_on has moved from android.provider.Settings.System to android.provider.Settings.Global, returning read-only value.
07-28 04:44:31.868  4893  4893 W Settings: Setting airplane_mode_on has moved from android.provider.Settings.System to android.provider.Settings.Global, returning read-only value.
07-28 04:44:31.868  4893  4893 W Settings: Setting airplane_mode_on has moved from android.provider.Settings.System to android.provider.Settings.Global, returning read-only value.
07-28 04:44:31.868  4893  4893 W Settings: Setting airplane_mode_on has moved from android.provider.Settings.System to android.provider.Settings.Global, returning read-only value.
07-28 04:44:31.868  4893  4893 W Settings: Setting airplane_mode_on has moved from android.provider.Settings.System to android.provider.Settings.Global, returning read-only value.
07-28 04:44:31.864  1950  5138 E PerformanceService: [damon_reclaim] Failed to open wmarks_xxx, Linux version 6.6.30
07-28 04:44:31.868  3329  4469 D WifiController: Airplane mode disabled, determine next state
07-28 04:44:31.868  3329  4469 D WifiActiveModeWarden: Starting primary ClientModeManager in scan only mode
07-28 04:44:31.868  3329  4292 E PerformanceManager: setDamonReclaimWmarks succeed.
07-28 04:44:31.869  4893  4893 D PhoneGlobals: ACTION_AIRPLANE_MODE_CHANGED received
07-28 04:44:31.869  4893  4893 D PhoneGlobals: Receive ACTION_AIRPLANE_MODE_CHANGED, state: false
07-28 04:44:31.869  4893  4893 I PhoneGlobals: handleAirplaneModeChange: isAirplaneNewlyOn=false
07-28 04:44:31.869  4893  4893 D PhoneGlobals: handleAirplaneModeChange: isAirplaneNewlyOn = false, cellState = 2
07-28 04:44:31.869  4893  4893 I PhoneGlobals: Turning radio on - airplane
07-28 04:44:31.869  4982  4982 I HidlServiceManagement: Trying to get transport of vendor.oplus.hardware.appradio@1.0::IOplusAppRadio/oplus_app_slot1 without hwservicemanager
07-28 04:44:31.869  3329  4413 D BluetoothSystemServer: BluetoothRadioModeListener: Not sensitive to airplane_mode_radios change. Forced to false
07-28 04:44:31.869  4982  4982 E NhsAppRIL/0: in getOplusRadioProxy getService: Exception: java.util.NoSuchElementException
07-28 04:44:31.869  1785  1785 I sensors-hal: batch:153, qti.sensor.elevator_detect/1362, period=200000000, max_latency=0
07-28 04:44:31.869  1785  1785 I sensors-hal: batch:175, qti.sensor.elevator_detect/1362, period=200000000, max_latency=0 request completed
07-28 04:44:31.869  3329  4469 D WifiController: DisabledState.exit()
07-28 04:44:31.869  3329  4469 D WifiController: EnabledState.enter()
07-28 04:44:31.869  3329  4469 D WifiClientModeManager[59293:unknown]: entering IdleState
07-28 04:44:31.869  5164  5164 D RadioMessenger: handleMessage Request msgid 2215
07-28 04:44:31.869  3329  5356 D SensorService: Calling activate on 1362
07-28 04:44:31.869  4982  4982 D NhsElevatorReceiver: enableElevatorDetect mIsElevSensorReg = false
07-28 04:44:31.869  4982  4982 V SystemSensorManagerExtImpl: RegisterListener elevator_detect  Wakeup type:33171036 delay:200000us by t0.g$b@ee093b2 from com.oplus.nhs
07-28 04:44:31.869  3329  5322 D SensorService: createSensorEventConnection packageName = t0.g, opPackageName = com.oplus.nhs, mCurrentOperatingMode = 0, requestedMode = 0
07-28 04:44:31.870  5004  7110 D txpwrJni: sendRadioStatus start
07-28 04:44:31.870  4841  4841 I SystemUi--Statusbar: OplusStatusBarSignalPolicy-->imsIcon: OplusIMSModel(shouldShowVolte=false, shouldShowVowifi=false, simInserted=true, noSim=false, shouldShowVodata=false, shouldShowVo5G=false, vowifiState=false), OplusIMSModel(shouldShowVolte=false, shouldShowVowifi=false, simInserted=false, noSim=true, shouldShowVodata=false, shouldShowVo5G=false, vowifiState=false), noSubs:false, airplaneMode:falsevisible: false ,wifiConnect:false , vowifiIcon:0 , voDataStatus:false, is5GNewCall:false
07-28 04:44:31.870  4841  4841 I SystemUi--Statusbar: OplusStatusBarSignalPolicy-->noSimIcon simState: SimStateModel(simInserted=[true, false], simForbidden=[false, true], simStateIMSI=[true, false], simLoaded=[true, false]), noSubs:false isAirplaneMode:false
07-28 04:44:31.870  3329  4413 D BluetoothSystemServer: AirplaneModeListener: Ignore mode change to same state. previousMode=false, isOn=false, isOnOverrode=false, isMediaConnected=false
07-28 04:44:31.870  4841  4841 I SystemUi--Statusbar: OplusMobileIconViewModel-->isVisible subId:1 isAirplaneMode:false isAllowedDuringAirplaneMode:false isForceHidden:false isSatelliteForbid:false
07-28 04:44:31.870  4841  4841 I SystemUi--Statusbar: OplusStatusBarMobileViewBinder-->isVisible:true
07-28 04:44:31.870  4841  4841 I SystemUi--Statusbar: OplusStatusBarMobileViewBinder-->isVisible:true
07-28 04:44:31.870  4841  4841 I SystemUi--Statusbar: OplusStatusBarMobileViewBinder-->isVisible:true
07-28 04:44:31.870  4841  4841 I SystemUi--Statusbar: OplusStatusBarMobileViewBinder-->isVisible:true
07-28 04:44:31.870  4841  4841 I SystemUi--Statusbar: OplusStatusBarMobileViewBinder-->isVisible:true
07-28 04:44:31.870  5164  5164 D RadioProxyJ: [PHONE0][90]> getNecData moduleId:1 evtId:[0, 16, 0, 0, 0, 0, 0, 0, 0, 0, 0, 0, 0, 0, 0, 0, 0, 0, 0, 0, 0, 0, 0, 0, 0, 0, 0, 0, 0, 0, 0, 0]
07-28 04:44:31.871  3329  5356 D SensorService: SensorDevice::activate: ident=0xb400006f681e9980, handle=0x00000552, enabled=1, count=1
07-28 04:44:31.871  3329  5356 D SensorService: enable index=0
07-28 04:44:31.871  3329  5356 D SensorService: info.numActiveClients() = 1, info.isActive = 0
07-28 04:44:31.871  3329  5356 D SensorService: activateHardware = 1
07-28 04:44:31.871  3329  5356 D SensorService: 	>>> actuating h/w activate handle=1362 enabled=1
07-28 04:44:31.871  1785  1785 I sensors-hal: activate:112, qti.sensor.elevator_detect/1362 en=1
07-28 04:44:31.871  1785  1785 I sensors-hal: acquire_qsh_interface:131, acquire_qsh_interface with sensor_id 28 , conn_type 2 
07-28 04:44:31.872  3324  3360 D QmiVsClient: getNecData - enter
07-28 04:44:31.872  3324  3360 E QmiVsClient: sendAsyncRequest QMI_VS_GET_NEC_DATA_REQ_MSG_V01 ret 0
07-28 04:44:31.873  1807 12949 W android.hardware.wifi-service: No active wlan interfaces in use! Using default
07-28 04:44:31.873  1761  1850 E minksocket: MinkIPC ERROR: ( 1761:1850 ) MinkIPC_preProcess:272 Client down, but cannot find corresponding minksession
07-28 04:44:31.873  1761  1858 E minksocket: MinkIPC ERROR: ( 1761:1858 ) MinkIPC_preProcess:272 Client down, but cannot find corresponding minksession
07-28 04:44:31.875  3329  4469 D OplusWifiConcurrentManager: isConcurrentCombinationAllowed : createMode= 0, requestType =-1
07-28 04:44:31.875  3329  4469 I HalDevMgr: currentModeId=3, requestModeId=3, currentModeIdValid=true
07-28 04:44:31.875  1807  1834 D WifiHAL : wifi_set_interface_mode: ifname=wlan0 iface_type=0
07-28 04:44:31.875  1807  1834 I android.hardware.wifi-service: Adding interface handle for wifi-aware0
07-28 04:44:31.875  1807  1834 I android.hardware.wifi-service: Adding interface handle for p2p0
07-28 04:44:31.875  1807  1834 I android.hardware.wifi-service: Adding interface handle for wlan0
07-28 04:44:31.876  1761  1850 E minksocket: MinkIPC ERROR: ( 1761:1850 ) MinkIPC_preProcess:272 Client down, but cannot find corresponding minksession
07-28 04:44:31.876  1761  1858 E minksocket: MinkIPC ERROR: ( 1761:1858 ) MinkIPC_preProcess:272 Client down, but cannot find corresponding minksession
07-28 04:44:31.876  3329  4469 D HalDevMgr: updateRttController: no one is interested in RTT controllers
07-28 04:44:31.877  3329  4469 E HalDevMgr: removeP2pAndSapCombination do nothing: mIsAddedP2pAndSapCombination = false
07-28 04:44:31.877  1807 12949 W android.hardware.wifi-service: AIBinder_linkToDeath is being called with a non-null cookie and no onUnlink callback set. This might not be intended. AIBinder_DeathRecipient_setOnUnlinked should be called first.
07-28 04:44:31.877  1807 12949 I android.hardware.wifi-service: twtRegisterEvents is not supported-3
07-28 04:44:31.877  1807 12949 W android.hardware.wifi-service: AIBinder_linkToDeath is being called with a non-null cookie and no onUnlink callback set. This might not be intended. AIBinder_DeathRecipient_setOnUnlinked should be called first.
07-28 04:44:31.878  4841  4841 D RowAnimatorExtImpl: init:tx,view:StatusBarIconView(slot='volume' alpha=1.0 icon=StatusBarIcon(icon=Icon(typ=RESOURCE pkg=com.android.systemui id=0x7f0818f0) visible user=0 ) visibleState=ICON iconColor=#ccffffff staticDrawableColor=#ccffffff decorColor=#ffffffff animationStartColor=#0 currentSetColor=#ccffffff notification=null),translationX:  9.0  0.0  
07-28 04:44:31.878  4841  4841 D RowAnimatorExtImpl: init:tx,view:StatusBarIconView(slot='zen' alpha=1.0 icon=StatusBarIcon(icon=Icon(typ=RESOURCE pkg=com.android.systemui id=0x7f0818e1) visible user=0 ) visibleState=ICON iconColor=#ccffffff staticDrawableColor=#ccffffff decorColor=#ffffffff animationStartColor=#0 currentSetColor=#ccffffff notification=null),translationX:  57.0  48.0  
07-28 04:44:31.878  1807 12949 D WifiHAL : wifi_get_chip_capabilities: max mlo assoc link cnt: 2 str link cnt 2
07-28 04:44:31.878  1761  1850 E minksocket: MinkIPC ERROR: ( 1761:1850 ) MinkIPC_preProcess:272 Client down, but cannot find corresponding minksession
07-28 04:44:31.878  1761  1858 E minksocket: MinkIPC ERROR: ( 1761:1858 ) MinkIPC_preProcess:272 Client down, but cannot find corresponding minksession
07-28 04:44:31.878  4841  4841 D RowAnimatorExtImpl: init:tx,view:StatusBarIconView(slot='volume' alpha=1.0 icon=StatusBarIcon(icon=Icon(typ=RESOURCE pkg=com.android.systemui id=0x7f0818f0) visible user=0 ) visibleState=ICON iconColor=#ccffffff staticDrawableColor=#ccffffff decorColor=#ffffffff animationStartColor=#0 currentSetColor=#ccffffff notification=null),translationX:  9.0  0.0  
07-28 04:44:31.878  4841  4841 D RowAnimatorExtImpl: init:tx,view:StatusBarIconView(slot='zen' alpha=1.0 icon=StatusBarIcon(icon=Icon(typ=RESOURCE pkg=com.android.systemui id=0x7f0818e1) visible user=0 ) visibleState=ICON iconColor=#ccffffff staticDrawableColor=#ccffffff decorColor=#ffffffff animationStartColor=#0 currentSetColor=#ccffffff notification=null),translationX:  57.0  48.0  
07-28 04:44:31.878  3329  4469 D WifiNl80211Manager: Setting up interface for client mode: wlan0
07-28 04:44:31.878  1785  1785 I sensors-hal: qsh_qmi:34, qsh_qmi
07-28 04:44:31.878  1785  1785 I sensors-hal: send_sync_sensor_request:443, send sync request
07-28 04:44:31.878  1785  1785 I sensors-hal: send_sync_sensor_request:472, wait for notification of response
07-28 04:44:31.878  1761  1850 E minksocket: MinkIPC ERROR: ( 1761:1850 ) MinkIPC_preProcess:272 Client down, but cannot find corresponding minksession
07-28 04:44:31.878  4841  4841 D RowAnimatorExtImpl: init:tx,view:StatusBarIconView(slot='volume' alpha=1.0 icon=StatusBarIcon(icon=Icon(typ=RESOURCE pkg=com.android.systemui id=0x7f0818f0) visible user=0 ) visibleState=ICON iconColor=#ccffffff staticDrawableColor=#ccffffff decorColor=#ffffffff animationStartColor=#0 currentSetColor=#ccffffff notification=null),translationX:  9.0  0.0  
07-28 04:44:31.879  4841  4841 D RowAnimatorExtImpl: init:tx,view:StatusBarIconView(slot='zen' alpha=1.0 icon=StatusBarIcon(icon=Icon(typ=RESOURCE pkg=com.android.systemui id=0x7f0818e1) visible user=0 ) visibleState=ICON iconColor=#ccffffff staticDrawableColor=#ccffffff decorColor=#ffffffff animationStartColor=#0 currentSetColor=#ccffffff notification=null),translationX:  57.0  48.0  
07-28 04:44:31.879  1761  1858 E minksocket: MinkIPC ERROR: ( 1761:1858 ) MinkIPC_preProcess:272 Client down, but cannot find corresponding minksession
07-28 04:44:31.879  2715  2715 I wificond: Current driver country code US
07-28 04:44:31.879  3329  4678 D WifiNl80211Manager: OnRegDomainChanged US
07-28 04:44:31.879  2715  2715 I wificond: createClientInterface: wiphy_index 0 iface_name wlan0
07-28 04:44:31.879  3329  4678 D WifiNative: onCountryCodeChanged: US
07-28 04:44:31.879  3329  4678 I WifiCountryCode: Receive onDriverCountryCodeChanged US
07-28 04:44:31.879  3329  4678 D WifiScanRequestProxy: Sending scan available broadcast: true
07-28 04:44:31.879  3329  4473 I WifiScanningService: Received a request to enable scanning, UID = 1000
07-28 04:44:31.879  3329  4778 W BestClock: java.time.DateTimeException: Missing network time fix
07-28 04:44:31.879  3329  4678 I WifiScanRequestProxy: Scanning is enabled
07-28 04:44:31.879  3329  4678 I WifiScanRequestProxy: Scanning for hidden networks is disabled
07-28 04:44:31.880  3329  3329 D OplusWifiBroadCastDispatcher: mBroadcastReceiver: onReceiver  action=android.net.wifi.action.WIFI_SCAN_AVAILABILITY_CHANGED
07-28 04:44:31.880  1785 12950 I sensors-hal: qsh_conn_resp_cb:793, resp_value = 0 for elevator_detect 
07-28 04:44:31.880  3329  4584 D OplusWifiPower_ConnLpmEventObsever: onReceive EXTRA_SCAN_AVAILABLE availabe = true
07-28 04:44:31.880  3329  4584 D OplusWifiPowerService: onReceive action:android.net.wifi.action.WIFI_SCAN_AVAILABILITY_CHANGED
07-28 04:44:31.880  1785  1785 I sensors-hal: send_sync_sensor_request:478, takes 1 ms to receive the response with 0
07-28 04:44:31.880  3329  4584 D OplusWifiSwitchStateMonitor: scan settings change to true
07-28 04:44:31.880  1785  1785 I sensors-hal: activate:131, qti.sensor.elevator_detect/1362 en=1 completed
07-28 04:44:31.880  2715  2715 I wificond: create scanner for interface with index: 27
07-28 04:44:31.880  2715  2715 I wificond: subscribe scan result for interface with index: 27
07-28 04:44:31.880  3329  5356 D SensorService: 0xb400006f681e9980 addFd fd=925
07-28 04:44:31.880  4960  6099 D ElevatorEvent: elevator:registerForElevatorDetect  , true mIsElevSensorReg = true
07-28 04:44:31.880  4960  6099 D SceneEvent: registerSensorMgr start
07-28 04:44:31.880  4960  6099 D SceneEvent: registerSensorMgr already start,return
07-28 04:44:31.880  1668  1718 E TetherController: property_get sys.radio.data.modem_share_flag return 0, 1!
07-28 04:44:31.880  6960  6960 I OsAgent : onReceive: android.net.wifi.action.WIFI_SCAN_AVAILABILITY_CHANGED
07-28 04:44:31.880  3329  5322 W SensorService: SensorEventConnection sensor handle=1362, package = t0.g enable
07-28 04:44:31.880  3329  5322 E SensorService: Required app t0.g, uid 1001, pid 4982
07-28 04:44:31.880  3329  5322 D SensorService: Calling batch handle==1362 flags=0rate=200000000 timeout== 0
07-28 04:44:31.880  3329  5322 D SensorService: SensorDevice::batch: ident=0xb400006f681ebe40, handle=0x00000552, flags=0, period_ns=200000000 timeout=0
07-28 04:44:31.880  3329  5322 D SensorService: Calling activate on 1362
07-28 04:44:31.880  3329  5322 D SensorService: SensorDevice::activate: ident=0xb400006f681ebe40, handle=0x00000552, enabled=1, count=2
07-28 04:44:31.880  3329  5322 D SensorService: enable index=1
07-28 04:44:31.880  3329  5322 D SensorService: info.numActiveClients() = 2, info.isActive = 1
07-28 04:44:31.880  3329  5322 D SensorService: activateHardware = 0
07-28 04:44:31.880  3329  5322 D SensorService: 0xb400006f681ebe40 addFd fd=942
07-28 04:44:31.880  4982  4982 D NhsElevatorReceiver: elevator:registerForElevatorDetect  , true mIsElevSensorReg = true
07-28 04:44:31.880  4982  4982 D NhsSceneReceiver: registerSensorMgr start
07-28 04:44:31.880  4982  4982 V SystemSensorManagerExtImpl: RegisterListener oplus_activity_recognition  Wakeup type:33171037 delay:200000us by t0.k$a@4b4f03 from com.oplus.nhs
07-28 04:44:31.880  2715  2715 I wificond: add channel type 0 support at wiphy index: 0
07-28 04:44:31.880  2715  2715 I wificond: add channel type 1 support at wiphy index: 0
07-28 04:44:31.881  3329  5356 D SensorService: createSensorEventConnection packageName = t0.k, opPackageName = com.oplus.nhs, mCurrentOperatingMode = 0, requestedMode = 0
07-28 04:44:31.881  3329  5356 W SensorService: SensorEventConnection sensor handle=1372, package = t0.k enable
07-28 04:44:31.881  3329  5356 E SensorService: Required app t0.k, uid 1001, pid 4982
07-28 04:44:31.881  3329  5356 D SensorService: enable sensor send lastEvent 1372
07-28 04:44:31.881  6960  7217 I OsAgent : updateWiFiScanAvailState, scanAvailable: true
07-28 04:44:31.881  6960  7217 D OsAgentAidlClient: [bool_dataitem_update][1570] [HC] =>> [HS]
07-28 04:44:31.881  3329  5356 D SensorService: Calling batch handle==1372 flags=0rate=200000000 timeout== 0
07-28 04:44:31.881  3329  5356 D SensorService: SensorDevice::batch: ident=0xb400006d53ce2800, handle=0x0000055c, flags=0, period_ns=200000000 timeout=0
07-28 04:44:31.881  3329  5356 D SensorService: Calling activate on 1372
07-28 04:44:31.881  3329  5356 D SensorService: SensorDevice::activate: ident=0xb400006d53ce2800, handle=0x0000055c, enabled=1, count=4
07-28 04:44:31.881  3329  5356 D SensorService: enable index=1
07-28 04:44:31.881  3329  5356 D SensorService: info.numActiveClients() = 4, info.isActive = 1
07-28 04:44:31.881  3329  5356 D SensorService: activateHardware = 0
07-28 04:44:31.881  3329  5356 D SensorService: 0xb400006d53ce2800 addFd fd=950
07-28 04:44:31.881  4982  4982 D NhsSceneReceiver: sensor name is oplus_activity_recognition  Wakeup, registerState:true
07-28 04:44:31.881  4982  4982 D NhsSceneReceiver: onAccuracyChanged
07-28 04:44:31.881  4982  4982 E NhsAppRILMsger: EVENT_REQ_EVENT_DONE Error received :com.android.internal.telephony.CommandException: RADIO_NOT_AVAILABLE
07-28 04:44:31.881  3329  4469 I WifiNative: Interface state changed on Iface:{Name=wlan0,Id=1,Type=STA_SCAN}, isUp=true
07-28 04:44:31.881  1774  1819 I LocSvc_SystemStatusOsObserver: sendCachedDataItems:471] DataItem: IS_WIFI_HARDWARE_ON: true >> Wiper
07-28 04:44:31.881  3324  3875 D QmiVsClient: getNecData callback - enter
07-28 04:44:31.882  4982  5546 D NhsSceneReceiver: onSensorChanged: name = oplus_activity_recognition  Wakeup
07-28 04:44:31.882  4982  5546 D NhsSceneReceiver: enter still_state
07-28 04:44:31.882  3324  3360 D VsProxy : handleMessage msg is 4001
07-28 04:44:31.882  3324  3360 D RadioProxy: getNecData : response cb for instance 0
07-28 04:44:31.882  1807 12949 I WifiHAL : mpdu_size_threshold : 128, aggressive_statistics_gathering : 0
07-28 04:44:31.882  3329  4469 I WifiNative: Successfully setup Iface:{Name=wlan0,Id=1,Type=STA_SCAN}
07-28 04:44:31.882  3329  4469 E SupplicantStaIfaceHalAidlImpl: Can't call getKeyMgmtCapabilities, ISupplicantStaIface is null for iface=wlan0
07-28 04:44:31.882  5164  5303 D RadioProxyJ: [PHONE0][90]< getNecDataResponse ******
07-28 04:44:31.882  5164  5164 D MessengerResponseHandler: handleMessage Response msgid 206
07-28 04:44:31.883  1774  1829 I LocSvc_api_v02: ---> locClientSendReq line 2409 QMI_LOC_NOTIFY_WIFI_ENABLED_STATUS_REQ_V02
07-28 04:44:31.884  1774  3953 I LocSvc_ApiV02: <--- globalRespCb line 282 QMI_LOC_NOTIFY_WIFI_ENABLED_STATUS_REQ_V02
07-28 04:44:31.884  3329  4778 W BestClock: java.time.DateTimeException: Missing network time fix
07-28 04:44:31.884  1807  1834 I WifiHAL : wifi_get_supported_radio_combinations_matrix: enter
07-28 04:44:31.884  1807  1834 I WifiHAL : wifi_parse_radio_combinations_matrix: radio_combinations[1]: num_radio_configurations 1
07-28 04:44:31.884  1807  1834 I WifiHAL : wifi_parse_radio_combinations_matrix: radio_combinations[2]: num_radio_configurations 1
07-28 04:44:31.884  1807  1834 I WifiHAL : wifi_parse_radio_combinations_matrix: radio_combinations[3]: num_radio_configurations 1
07-28 04:44:31.884  1807  1834 I WifiHAL : wifi_parse_radio_combinations_matrix: radio_combinations[4]: num_radio_configurations 2
07-28 04:44:31.884  1807  1834 I WifiHAL : wifi_parse_radio_combinations_matrix: radio_combinations[5]: num_radio_configurations 2
07-28 04:44:31.884  1807  1834 I WifiHAL : wifi_parse_radio_combinations_matrix: radio_combinations[6]: num_radio_configurations 2
07-28 04:44:31.884  1807  1834 I WifiHAL : wifi_parse_radio_combinations_matrix: num_radio_combinations 6, radio_matrix_size 100
07-28 04:44:31.884  3329  4469 E SupplicantStaIfaceHalAidlImpl: Can't call getWpaDriverCapabilities, ISupplicantStaIface is null for iface=wlan0
07-28 04:44:31.885  3329  4469 E WifiStaIfaceAidlImpl: getTwtCapabilities failed with service-specific exception: android.os.ServiceSpecificException:  (code 4)
07-28 04:44:31.885  3329  4469 E WifiChipAidlImpl: enableStaChannelForPeerNetwork failed with service-specific exception: android.os.ServiceSpecificException:  (code 4)
07-28 04:44:31.885  3329  4469 D WifiNative: setWifiNativeInterfaceEventCallback
07-28 04:44:31.885  3329  4469 D WifiClientModeManager[59293:wlan0]: entering StartedState
07-28 04:44:31.885  1807  1834 E WifiHAL : wifi_get_gscan_capabilities: GSCAN is not supported by driver
07-28 04:44:31.885  3329  4778 W BestClock: java.time.DateTimeException: Missing network time fix
07-28 04:44:31.886  3329  4469 D WifiClientModeManager[59293:wlan0]: entering ScanOnlyModeState
07-28 04:44:31.886  3329  4473 E WifiStaIfaceAidlImpl: getBackgroundScanCapabilities failed with service-specific exception: android.os.ServiceSpecificException:  (code 4)
07-28 04:44:31.886  3329  4469 D WifiScanRequestProxy: Sending scan available broadcast: true
07-28 04:44:31.886  3329  4469 I WifiScanRequestProxy: Scanning is enabled
07-28 04:44:31.886  3329  4469 I WifiScanRequestProxy: Scanning for hidden networks is disabled
07-28 04:44:31.886  1807  1834 D WifiHAL : wifi_multi_sta_set_use_case: 0
07-28 04:44:31.886  3329  4469 D WifiCountryCode: evaluateAllCmmStateAndApplyIfAllReady: {ConcreteClientModeManager{id=59293 iface=wlan0 role=ROLE_CLIENT_SCAN_ONLY}=true}
07-28 04:44:31.887  3329  4469 D WifiCountryCode: Reading country code from telephony
07-28 04:44:31.887  3329  4469 D WifiCountryCode: Set telephony country code to: 
07-28 04:44:31.887  3329  4469 D WifiCountryCode: updateCountryCode to US
07-28 04:44:31.887  3329  4469 D WifiCountryCode: setCountryCodeNative: US, isClientModeOnly: true mDriverCountryCode: US
07-28 04:44:31.887  3329  3329 D OplusWifiBroadCastDispatcher: mBroadcastReceiver: onReceiver  action=android.net.wifi.action.WIFI_SCAN_AVAILABILITY_CHANGED
07-28 04:44:31.887  3329  4584 D OplusWifiPower_ConnLpmEventObsever: onReceive EXTRA_SCAN_AVAILABLE availabe = true
07-28 04:44:31.887  3329  4584 D OplusWifiPowerService: onReceive action:android.net.wifi.action.WIFI_SCAN_AVAILABILITY_CHANGED
07-28 04:44:31.887  3329  4584 D OplusWifiSwitchStateMonitor: scan settings change to true
07-28 04:44:31.887  4960  6094 W BestClock: java.time.DateTimeException: Missing network time fix
07-28 04:44:31.887  6960  6960 I OsAgent : onReceive: android.net.wifi.action.WIFI_SCAN_AVAILABILITY_CHANGED
07-28 04:44:31.887  4960  6094 V MonthTrafficAlert: getWarningNotification subId:1 numWarningNotificaion:0
07-28 04:44:31.887  6960  7217 I OsAgent : updateWiFiScanAvailState, scanAvailable: true
07-28 04:44:31.888  3329  4473 I WifiScanningService: Created a new impl for wlan0
07-28 04:44:31.888  3329  4473 I WifiScanningService: Received a request to enable scanning, UID = 1000
07-28 04:44:31.888  3329  4473 I WifiScanningService: scanner impls already exists
07-28 04:44:31.888  1785  7257 I sensors-hal: qsh_conn_event_cb:756, event[0] msg_id=1025, ts=1221023197, sensor_type = oplus_activity_recognition  Wakeup
07-28 04:44:31.888  1785  7257 E sensors-hal: handle_sns_std_sensor_event:72, oplus_activity_recognition output: count: 1.000000, index: 1.000000, incar_state: 0.000000, actvity_mode: 3.000000, delta_time: 0.000000 !
07-28 04:44:31.888  3329  4473 I WifiScanningService: wifi driver loaded with scan capabilities: max buckets=16
07-28 04:44:31.888  3329  4473 E WifiScanningService: wifi driver loaded received while already loaded
07-28 04:44:31.889  4982  5546 D NhsSceneReceiver: onSensorChanged: name = oplus_activity_recognition  Wakeup
07-28 04:44:31.890  4960  5606 D SceneEvent: onSensorChanged: name = oplus_activity_recognition  Wakeup
07-28 04:44:31.890  3329  5356 W BestClock: java.time.DateTimeException: Missing network time fix
07-28 04:44:31.891  4841  5614 V OplusCustomizeCacheManager: queryCache name: sys.cache.common_customize_cache18014 param: null
07-28 04:44:31.891  4841  5614 V OplusCustomizeCacheManager: queryCache name: sys.cache.common_customize_cache18017 param: Bundle[{SETTING=BLOCK, BUSINESS=NCT-DATA}]
07-28 04:44:31.891  4841  5614 V OplusCustomizeCacheManager: queryCache name: sys.cache.common_customize_cache18013 param: null
07-28 04:44:31.894  5117  6214 D IWlanJni: getDataRegistrationState start
07-28 04:44:31.895  5117  6214 D IWlanJni: getDataRegistrationState start
07-28 04:44:31.895  3329  4778 W BestClock: java.time.DateTimeException: Missing network time fix
07-28 04:44:31.896  5117  6265 D IWlanJni: new aidl event arrived
07-28 04:44:31.896  5117  6265 D IWlanJni: handleEvent 10
07-28 04:44:31.896  5117  6265 D IWlanJni: isThreadAttached start
07-28 04:44:31.896  5117  6265 D IWlanJni: jni detached
07-28 04:44:31.896  5117  6265 D IWlanJni: jni attached
07-28 04:44:31.896  5117  6265 D IWlanJni: getDataRegistrationStateResponse start
07-28 04:44:31.896  5117  6265 D IWlanJni: getJavaCallbackClass start
07-28 04:44:31.896  5117  6265 D IWlanJni: getJavaCallbackClass End midIs[1]
07-28 04:44:31.896  5117  6265 I IWlanAidlClient: getDataRegistrationStateResponse called
07-28 04:44:31.896  5117  6264 W IWlanNetworkService: 7 > Response Processed
07-28 04:44:31.897  5117  6254 D IWlanJni: new aidl event arrived
07-28 04:44:31.897  5117  6254 D IWlanJni: handleEvent 10
07-28 04:44:31.897  5117  6254 D IWlanJni: isThreadAttached start
07-28 04:44:31.897  5117  6254 D IWlanJni: jni detached
07-28 04:44:31.897  5117  6254 D IWlanJni: jni attached
07-28 04:44:31.897  5164  5164 D SubsysEventListenerManager-SubsysTelephonyCallback[0]: onSignalStrengthsChanged
07-28 04:44:31.897  3329  5322 W BestClock: java.time.DateTimeException: Missing network time fix
07-28 04:44:31.897  1774  3709 E LOCRIL_SESSION: operator():200] SubId: 1 Failed to get sim IO with error: 11
07-28 04:44:31.897  3329  4778 I OplusBinderProxy: pb uid: 10215 pid: 10659 desc: com.android.internal.telephony.IPhoneStateListener/10
07-28 04:44:31.897  4893  4893 D OplusTelephonyController: onSignalStrengthChanged: SignalStrength=SignalStrength:{mCdma=CellSignalStrengthCdma: cdmaDbm=2147483647 cdmaEcio=2147483647 evdoDbm=2147483647 evdoEcio=2147483647 evdoSnr=2147483647 level=0,mGsm=CellSignalStrengthGsm: rssi=2147483647 ber=2147483647 mTa=2147483647 mLevel=0,mWcdma=CellSignalStrengthWcdma: ss=2147483647 ber=2147483647 rscp=2147483647 ecno=2147483647 level=0,mTdscdma=CellSignalStrengthTdscdma: rssi=2147483647 ber=2147483647 rscp=2147483647 level=0,mLte=CellSignalStrengthLte: rssi=2147483647 rsrp=2147483647 rsrq=2147483647 rssnr=2147483647 cqiTableIndex=2147483647 cqi=2147483647 ta=2147483647 level=0 parametersUseForLevel=0,mNr=CellSignalStrengthNr:{ csiRsrp = 2147483647 csiRsrq = 2147483647 csiCqiTableIndex = 2147483647 csiCqiReport = [] ssRsrp = 2147483647 ssRsrq = 2147483647 ssSinr = 2147483647 level = 0 parametersUseForLevel = 0 timingAdvance = 2147483647 },primary=CellSignalStrengthLte}
07-28 04:44:31.898  5117  6254 D IWlanJni: getDataRegistrationStateResponse start
07-28 04:44:31.898  5117  6254 D IWlanJni: getJavaCallbackClass start
07-28 04:44:31.898  5117  6254 D IWlanJni: getJavaCallbackClass End midIs[1]
07-28 04:44:31.898  4841  5614 V OplusCustomizeCacheManager: queryCache name: sys.cache.common_customize_cache18014 param: null
07-28 04:44:31.898  4841  5614 V OplusCustomizeCacheManager: queryCache name: sys.cache.common_customize_cache18017 param: Bundle[{SETTING=BLOCK, BUSINESS=NCT-DATA}]
07-28 04:44:31.898  4841  5614 V OplusCustomizeCacheManager: queryCache name: sys.cache.common_customize_cache18013 param: null
07-28 04:44:31.898  5117  6254 I IWlanAidlClient: getDataRegistrationStateResponse called
07-28 04:44:31.898  5117  6253 W IWlanNetworkService: 6 > Response Processed
07-28 04:44:31.898  4960  5008 D SaDataService: onTelephonyEventReport , subId= 0,slotId=-1 eventId=6030
07-28 04:44:31.898  4960  5008 D TelephonyImpl: notify eventId:6030 for list size:2
07-28 04:44:31.899  5164  7066 D VendorTelephonyService: onTelephonyEventReport slotId =0 eventId=6030
07-28 04:44:31.899  5164  5164 D VendorCallService: notityEventUpdate, eventId:6030, slotId = 0
07-28 04:44:31.899  5164  7066 D VendorTelephonyService: onTelephonyEventReport slotId =0 eventId=6030
07-28 04:44:31.900  1774  3709 E LOCRIL_SESSION: operator():241] SubId: 1 Failed to get sim IMSI with error: 11
07-28 04:44:31.902  5117  6214 D IWlanJni: getDataRegistrationState start
07-28 04:44:31.902  5117  6214 D IWlanJni: getDataRegistrationState start
07-28 04:44:31.903  1774  3709 E LOCRIL_SESSION: operator():200] SubId: 1 Failed to get sim IO with error: 11
07-28 04:44:31.903  5117  6254 D IWlanJni: new aidl event arrived
07-28 04:44:31.903  5117  6254 D IWlanJni: handleEvent 10
07-28 04:44:31.903  5117  6254 D IWlanJni: isThreadAttached start
07-28 04:44:31.903  5117  6254 D IWlanJni: jni detached
07-28 04:44:31.903  5117  6254 D IWlanJni: jni attached
07-28 04:44:31.903  5117  6254 D IWlanJni: getDataRegistrationStateResponse start
07-28 04:44:31.903  5117  6254 D IWlanJni: getJavaCallbackClass start
07-28 04:44:31.903  5117  6254 D IWlanJni: getJavaCallbackClass End midIs[1]
07-28 04:44:31.903  5117  6254 I IWlanAidlClient: getDataRegistrationStateResponse called
07-28 04:44:31.904  5117  6265 D IWlanJni: new aidl event arrived
07-28 04:44:31.904  5117  6265 D IWlanJni: handleEvent 10
07-28 04:44:31.904  5117  6265 D IWlanJni: isThreadAttached start
07-28 04:44:31.904  5117  6265 D IWlanJni: jni detached
07-28 04:44:31.904  1774  3709 E LOCRIL_SESSION: operator():241] SubId: 1 Failed to get sim IMSI with error: 11
07-28 04:44:31.904  5117  6265 D IWlanJni: jni attached
07-28 04:44:31.904  5117  6265 D IWlanJni: getDataRegistrationStateResponse start
07-28 04:44:31.904  5117  6265 D IWlanJni: getJavaCallbackClass start
07-28 04:44:31.904  5117  6265 D IWlanJni: getJavaCallbackClass End midIs[1]
07-28 04:44:31.904  5117  6265 I IWlanAidlClient: getDataRegistrationStateResponse called
07-28 04:44:31.904  5117  6253 W IWlanNetworkService: 9 > Response Processed
07-28 04:44:31.904  5117  6264 W IWlanNetworkService: 8 > Response Processed
07-28 04:44:31.904  4942  4973 D QtiOemHookAidl: oemHookRawIndication length=24
07-28 04:44:31.905  4942  4973 D QtiOemHookAidl: oemHookRawIndication length=24
07-28 04:44:31.905  2715  2715 I wificond: Regulatory domain changed to country: US on wiphy_index: 0
07-28 04:44:31.905  6274  6274 I wpa_supplicant: p2p0: CTRL-EVENT-REGDOM-CHANGE init=DRIVER type=COUNTRY alpha2=US
07-28 04:44:31.905  2715  2715 I wificond: UpdateBandInfo
07-28 04:44:31.905  3329  5063 W BestClock: java.time.DateTimeException: Missing network time fix
07-28 04:44:31.905  4942  4942 D QcrilMsgTunnelIfaceManager: handleMessage what = 0
07-28 04:44:31.905  5164  7066 D VendorTelephonyService: onTelephonyEventReport slotId =0 eventId=6030
07-28 04:44:31.905  5164  7066 D VendorTelephonyService: onTelephonyEventReport slotId =0 eventId=6030
07-28 04:44:31.906  4960  5008 D SaDataService: onTelephonyEventReport , subId= 0,slotId=-1 eventId=6030
07-28 04:44:31.906  4960  5008 D TelephonyImpl: notify eventId:6030 for list size:2
07-28 04:44:31.906  2715  2715 I wificond: 2.4Ghz frequencies: 2412 2417 2422 2427 2432 2437 2442 2447 2452 2457 2462
07-28 04:44:31.906  2715  2715 I wificond: 5Ghz non-DFS frequencies: 5180 5200 5220 5240 5745 5765 5785 5805 5825
07-28 04:44:31.906  2715  2715 I wificond: 5Ghz DFS frequencies: 5260 5280 5300 5320 5500 5520 5540 5560 5580 5600 5620 5640 5660 5680 5700
07-28 04:44:31.906  2715  2715 I wificond: 6Ghz frequencies:
07-28 04:44:31.906  2715  2715 I wificond: 60Ghz frequencies:
07-28 04:44:31.906  3329  4778 D WifiNl80211Manager: OnRegDomainChanged US
07-28 04:44:31.906  3329  4778 D WifiNative: onCountryCodeChanged: US
07-28 04:44:31.906  3329  4778 I WifiCountryCode: Receive onDriverCountryCodeChanged US
07-28 04:44:31.906  3329  4778 D WifiScanRequestProxy: Sending scan available broadcast: true
07-28 04:44:31.906  5164  5164 D VendorCallService: notityEventUpdate, eventId:6030, slotId = 0
07-28 04:44:31.907  3329  4473 I WifiScanningService: Received a request to enable scanning, UID = 1000
07-28 04:44:31.907  3329  4473 I WifiScanningService: scanner impls already exists
07-28 04:44:31.907  3329  4473 E WifiScanningService: wifi driver loaded received while already loaded
07-28 04:44:31.907  3329  4678 W BestClock: java.time.DateTimeException: Missing network time fix
07-28 04:44:31.907  4942  4942 D QcrilMsgTunnelIfaceManager: handleMessage what = 0
07-28 04:44:31.908  3329  4778 I WifiScanRequestProxy: Scanning is enabled
07-28 04:44:31.908  3329  4778 I WifiScanRequestProxy: Scanning for hidden networks is disabled
07-28 04:44:31.908  1774  3707 W LOCRIL_SESSION: operator():307] cellInfo list size is 0, Voice state: 3, data state: 3
07-28 04:44:31.909  4841  5614 V OplusCustomizeCacheManager: queryCache name: sys.cache.common_customize_cache18014 param: null
07-28 04:44:31.909  4841  5614 V OplusCustomizeCacheManager: queryCache name: sys.cache.common_customize_cache18017 param: Bundle[{SETTING=BLOCK, BUSINESS=NCT-DATA}]
07-28 04:44:31.909  4841  5614 V OplusCustomizeCacheManager: queryCache name: sys.cache.common_customize_cache18013 param: null
07-28 04:44:31.910  4893  4893 D QC_RIL_OEM_HOOK: Received Broadcast Intent ACTION_UNSOL_RESPONSE_OEM_HOOK_RAW
07-28 04:44:31.910  4893  4893 D QC_RIL_OEM_HOOK: Received Broadcast Intent ACTION_UNSOL_RESPONSE_OEM_HOOK_RAW
07-28 04:44:31.910  4893  4893 D QC_RIL_OEM_HOOK: Received Broadcast Intent ACTION_UNSOL_RESPONSE_OEM_HOOK_RAW
07-28 04:44:31.910  4893  4893 D QC_RIL_OEM_HOOK: Received Broadcast Intent ACTION_UNSOL_RESPONSE_OEM_HOOK_RAW
07-28 04:44:31.911  5164  5164 D SubsysEventListenerManager-SubsysTelephonyCallback[0]: onRadioPowerStateChanged state:1
07-28 04:44:31.911  5058  5258 I QImsService: ImsRadioIndicationAidl : onRadioStateChanged()[SUB1]
07-28 04:44:31.911  5058  5258 I QImsService: ImsSenderRxr : [UNSL]< UNSOL_RADIO_STATE_CHANGED RADIO_ON[SUB1]
07-28 04:44:31.911  1953  1953 E PowerMonitorService: Failed to open /proc/horae_qmi (2): No such file or directory
07-28 04:44:31.911  5058  5956 I QImsService: ImsRadioIndicationAidl : onRadioStateChanged()[SUB0]
07-28 04:44:31.911  5058  5956 I QImsService: ImsSenderRxr : [UNSL]< UNSOL_RADIO_STATE_CHANGED RADIO_ON[SUB0]
07-28 04:44:31.911  1953  1953 E PowerMonitorService: Failed to open /proc/horae_qmi (2): No such file or directory
07-28 04:44:31.911  3329  3329 D OplusWifiBroadCastDispatcher: mBroadcastReceiver: onReceiver  action=android.net.wifi.action.WIFI_SCAN_AVAILABILITY_CHANGED
07-28 04:44:31.911  3329  4584 D OplusWifiPower_ConnLpmEventObsever: onReceive EXTRA_SCAN_AVAILABLE availabe = true
07-28 04:44:31.911  3329  4584 D OplusWifiPowerService: onReceive action:android.net.wifi.action.WIFI_SCAN_AVAILABILITY_CHANGED
07-28 04:44:31.911  6960  6960 I OsAgent : onReceive: android.net.wifi.action.WIFI_SCAN_AVAILABILITY_CHANGED
07-28 04:44:31.911  3329  4584 D OplusWifiSwitchStateMonitor: scan settings change to true
07-28 04:44:31.911  6960  7217 I OsAgent : updateWiFiScanAvailState, scanAvailable: true
07-28 04:44:31.912  1774  3709 E LOCRIL_SESSION: operator():200] SubId: 1 Failed to get sim IO with error: 11
07-28 04:44:31.912  1774  3709 E LOCRIL_SESSION: operator():241] SubId: 1 Failed to get sim IMSI with error: 11
07-28 04:44:31.912  4942  4942 D QC_RIL_OEM_HOOK: Received Broadcast Intent ACTION_UNSOL_RESPONSE_OEM_HOOK_RAW
07-28 04:44:31.913  4942  4942 D QC_RIL_OEM_HOOK: Received Broadcast Intent ACTION_UNSOL_RESPONSE_OEM_HOOK_RAW
07-28 04:44:31.913  4942  4942 D DeviceInfoAidlClient: onRadioPowerStateChanged
07-28 04:44:31.913  4942  4942 D DeviceInfoAidlClient: mRadioStateHdlr handleMessage()1
07-28 04:44:31.913  4942  4942 D DeviceInfoAidlClient: isRadioOn()=true
