07-29 19:36:21.985  5242  5242 D ExtremeCommUtils: isSupporCheck rusContain:false,propContain(persist.sys.oplus.support_hyper_uplink_mcc):false
07-29 19:36:21.985  5242  5242 D ExtremeCommService: handleServiceStateChanged mcc is null
07-29 19:36:21.985  5242  5242 D ChinaRoamingControl: handleMessage what:5
07-29 19:36:21.985  1719  1719 D Zygote  : Forked child process 13056
07-29 19:36:21.985  5032  5987 D T-Recommend: onPreHandleMessage 1000
07-29 19:36:21.985  5242  5242 D MsimSubModeManager: handleMessage what:3
07-29 19:36:21.985  5242  5242 D MsimSubModeManager: getMsimSimServiceIn() i:0,mServiceState:1
07-29 19:36:21.985  5242  5242 D MsimSubModeManager: getMsimSimServiceIn() i:1,mServiceState:1
07-29 19:36:21.985  5032  5987 E CellularEvent: nri null ps
07-29 19:36:21.985  5032  5987 E CellularEvent: invalid nri
07-29 19:36:21.985  5032  5987 D T-Recommend: onPostHandleMessage 1000
07-29 19:36:21.985  3460  3742 I ActivityManager: Start proc 13056:com.oplus.wirelesssettings:tzupdate/1000 for broadcast {com.oplus.wirelesssettings/com.oplus.tzupdate.timezone.MccChangeReceiver}
07-29 19:36:21.986  5135  5135 I QImsService: OplusPhoneStateTracker : onServiceStateChanged
07-29 19:36:21.986  5242  6077 D cellularState[0]: handleMessage: E msg.what=4
07-29 19:36:21.986  5242  6077 D cellularState[0]: processMsg: DataCallingState
07-29 19:36:21.986  4892  5740 V OplusCustomizeCacheManager: queryCache name: sys.cache.common_customize_cache18014 param: null
07-29 19:36:21.986  4892  5740 V OplusCustomizeCacheManager: queryCache name: sys.cache.common_customize_cache18017 param: Bundle[{SETTING=BLOCK, BUSINESS=NCT-DATA}]
07-29 19:36:21.986  4892  5740 V OplusCustomizeCacheManager: queryCache name: sys.cache.common_customize_cache18013 param: null
07-29 19:36:21.986  5242  6077 D cellularState[0]: processMsg: NetworkAttachedState
07-29 19:36:21.986  3460  4229 I MemoryOperationUtils: add 13056 to inactive
07-29 19:36:21.986  5242  6077 D cellularState[0]: processMsg: SimReadyState
07-29 19:36:21.986  5242  6077 D cellularState[0]: processMsg: DefaultState
07-29 19:36:21.986  5242  6077 E cellularState[0]:  - unhandledMessage: msg.what=4
07-29 19:36:21.986  5242  6077 D cellularState[0]: handleMessage: X
07-29 19:36:21.987  3460  5998 W ContextImpl: Calling a method in the system process without a qualified user: android.app.ContextImpl.sendBroadcastMultiplePermissions:1311 android.content.Context.sendBroadcastMultiplePermissions:2524 com.android.server.TelephonyRegistry.broadcastServiceStateChanged:3740 com.android.server.TelephonyRegistry.notifyServiceStateForPhoneId:1787 com.android.internal.telephony.ITelephonyRegistry$Stub.onTransact:546 
07-29 19:36:21.988  3460  5998 W ContextImpl: Calling a method in the system process without a qualified user: android.app.ContextImpl.sendBroadcastMultiplePermissions:1344 com.android.server.TelephonyRegistry.broadcastServiceStateChanged:3745 com.android.server.TelephonyRegistry.notifyServiceStateForPhoneId:1787 com.android.internal.telephony.ITelephonyRegistry$Stub.onTransact:546 android.os.Binder.execTransactInternal:1523 
07-29 19:36:21.989  3460  5998 W ContextImpl: Calling a method in the system process without a qualified user: android.app.ContextImpl.sendBroadcastMultiplePermissions:1344 com.android.server.TelephonyRegistry.broadcastServiceStateChanged:3754 com.android.server.TelephonyRegistry.notifyServiceStateForPhoneId:1787 com.android.internal.telephony.ITelephonyRegistry$Stub.onTransact:546 android.os.Binder.execTransactInternal:1523 
07-29 19:36:21.989  5032  5997 D OplusLinkBoostCommon: dds servicestate change
07-29 19:36:21.989  5032  5999 D NAS-CallIssueDetector: onServiceStateChanged
07-29 19:36:21.989  5032  5999 D OplusCiwlanController: [vodata] processServiceStateChanged  phoneid = 0, original roaming type = 0,roaming type = 0
07-29 19:36:21.989  5242  5242 D SubsysEventListenerManager-SubsysTelephonyCallback[0]: onCellLocationChanged
07-29 19:36:21.989  5032  5999 D OplusCiwlanController: [vodata] processServiceStateChanged  phoneid = 1, original roaming type = 0,roaming type = 0
07-29 19:36:21.989  5242  5242 D SubsysEventListenerManager-SubsysTelephonyCallback[0]: onDisplayInfoChanged
07-29 19:36:21.989  5242  5242 D SceneService: onDisplayInfoChanged slotId:0,telephonyDisplayInfo:TelephonyDisplayInfo {network=NR, overrideNetwork=NONE, isRoaming=false}
07-29 19:36:21.990  3460  5998 W ContextImpl: Calling a method in the system process without a qualified user: android.app.ContextImpl.sendBroadcastMultiplePermissions:1344 com.android.server.TelephonyRegistry.broadcastServiceStateChanged:3760 com.android.server.TelephonyRegistry.notifyServiceStateForPhoneId:1787 com.android.internal.telephony.ITelephonyRegistry$Stub.onTransact:546 android.os.Binder.execTransactInternal:1523 
07-29 19:36:21.991  4961  4961 D MultiSimSettingController: notifySubscriptionInfoChanged
07-29 19:36:21.991  3460  5998 W BestClock: java.time.DateTimeException: Missing network time fix
07-29 19:36:21.991  3460  3460 I AS.AudioService: onSubscriptionsChanged()
07-29 19:36:21.992  3460  4522 V NetworkPolicy: onSubscriptionsChanged
07-29 19:36:21.992  5851  5851 D CellBroadcastReceiver: onReceive Intent { act=android.intent.action.SERVICE_STATE flg=0x1000010 cmp=com.android.cellbroadcastreceiver.module/com.android.cellbroadcastreceiver.CellBroadcastReceiver (has extras) }
07-29 19:36:21.992  5851  5851 D CellBroadcastReceiver: onServiceStateChanged, ss: 1
07-29 19:36:21.992  5851  5851 D CellBroadcastReceiver: networkOperator: 
07-29 19:36:21.993  5032  6116 D OplusSubWaySlowRecovery: getPreferSubId return 1
07-29 19:36:21.993  5032  6116 D SaDataFailRecovery/0: current is not in service,reset alarm
07-29 19:36:21.993  5032  6116 D OplusScanQrCodeRecoveryImpl: msg.what=3
07-29 19:36:21.994  5032  5678 D NAS-CellularEvent: handleSubscriptionsChanged: slotId=0
07-29 19:36:21.994  4892  5359 I SystemUi--Statusbar: MobileInputLog-->onSubscriptionsChanged
07-29 19:36:21.994  4892  4892 I SystemUi--Statusbar: OplusMobileIconInteractorImpl-->oplusIMSModel slot:0: CapabilityTypeModel(isVolteSwitchOn=true, isWfcEnabledByUser=true, imsRegistered=false, voiceCapable=false, videoCapable=false, registerTech=-1, isCrossSimCallingEnabledByUser=false, hasHideVolteOperator=false), SimStateModel(simInserted=[true, false], simForbidden=[false, true], simStateIMSI=[true, false], simLoaded=[true, false]),oplusNetworkTypeNr:20,isVoNrEnabled:false
07-29 19:36:21.994  4892  5359 I SystemUi--Statusbar: MobileConnectionRepositoryImpl-->subId:1 isSoftSimCard:false slotId:0
07-29 19:36:21.995  4892  5359 I SystemUi--Statusbar: MobileConnectionRepositoryImpl-->subId:1 isSoftSimCard:false slotId:0
07-29 19:36:21.995  3460  5339 W BestClock: java.time.DateTimeException: Missing network time fix
07-29 19:36:21.995  5032  5678 D NAS-CellularEvent: onImsRegistrationStateChanged, slotId=0state:false
07-29 19:36:21.996  4892  5359 I SystemUi--Statusbar: MobileConnectionRepositoryImpl-->subId:1 isSoftSimCard:false slotId:0
07-29 19:36:21.996  4892  4892 I SystemUi--Statusbar: OplusMobileIconInteractorImpl-->oplusIMSModel slot:0: CapabilityTypeModel(isVolteSwitchOn=true, isWfcEnabledByUser=true, imsRegistered=false, voiceCapable=false, videoCapable=false, registerTech=-1, isCrossSimCallingEnabledByUser=false, hasHideVolteOperator=false), SimStateModel(simInserted=[true, false], simForbidden=[false, true], simStateIMSI=[true, false], simLoaded=[true, false]),oplusNetworkTypeNr:20,isVoNrEnabled:false
07-29 19:36:21.996  4892  5977 I SystemUi--Statusbar: OplusMobileConnectionRepository1-->stopListenImsStatusChanged
07-29 19:36:21.996  7517  9152 E Battery : ControllerCenter: onReceiver: mSubscriptionManager is null || mIsNeedRestoreMobile = false
07-29 19:36:21.996  4892  5977 I SystemUi--Statusbar: OplusMobileConnectionRepository1-->phoneId: 0, conflatedCallbackFlow init
07-29 19:36:21.996  4892  5977 I SystemUi--Statusbar: OplusMobileConnectionRepository1-->startListenImsStatusChanged
07-29 19:36:21.996  4961  4961 I Telephony: y0: onServiceStateChanged: newState=1, mServiceState=1
07-29 19:36:21.997  4961  4961 I Telephony: isRttCurrentlySupported -- regular acct, hasVoiceAvailability: false
07-29 19:36:21.997  4961  4961 I Telephony:  isRttSupported: false
07-29 19:36:21.997  4961  4961 I Telephony:  isUserRttSettingOn: false
07-29 19:36:21.997  4961  4961 I Telephony:  alwaysAllowWhileRoaming: false
07-29 19:36:21.997  4961  4961 I Telephony:  isRoaming: false
07-29 19:36:21.997  4961  4961 I Telephony:  isOnWfc: false
07-29 19:36:21.997  4961  6212 E PhoneInterfaceManager: getServiceStateForSlot retuning null for invalid slotIndex=-1
07-29 19:36:21.997  3460  4522 D NetworkPolicy: Normalization put networkpolicyNetworkTemplate: matchRule=CARRIER, matchSubscriberIds=[001011...], matchWifiNetworkKeys=[], metered=YES
07-29 19:36:21.997  3460  4522 D NetworkPolicy: Normalization put networkpolicyNetworkTemplate: matchRule=CARRIER, matchSubscriberIds=[310260...], matchWifiNetworkKeys=[], metered=YES
07-29 19:36:21.997  3460  4522 D NetworkPolicy: Normalization put networkpolicyNetworkTemplate: matchRule=CARRIER, matchSubscriberIds=[001010...], matchWifiNetworkKeys=[], metered=YES
07-29 19:36:21.997  3460  4522 D NetworkPolicy: Normalization put networkpolicyNetworkTemplate: matchRule=CARRIER, matchSubscriberIds=[001010...], matchWifiNetworkKeys=[], metered=YES
07-29 19:36:21.997  3460  4522 D NetworkPolicy: Normalization put networkpolicyNetworkTemplate: matchRule=CARRIER, matchSubscriberIds=[001012...], matchWifiNetworkKeys=[], metered=YES
07-29 19:36:21.997  3460  4522 V NetworkPolicy: updateNetworkEnabledNL() return
07-29 19:36:21.998  4892  5740 V OplusCustomizeCacheManager: queryCache name: sys.cache.common_customize_cache18014 param: null
07-29 19:36:21.998  3460  4522 V NetworkPolicy: updateNotificationsNL not process
07-29 19:36:21.998  4892  5740 V OplusCustomizeCacheManager: queryCache name: sys.cache.common_customize_cache18017 param: Bundle[{SETTING=BLOCK, BUSINESS=NCT-DATA}]
07-29 19:36:21.998  4892  5740 V OplusCustomizeCacheManager: queryCache name: sys.cache.common_customize_cache18013 param: null
07-29 19:36:21.998  3460  4522 W BestClock: java.time.DateTimeException: Missing network time fix
07-29 19:36:21.998  6547  6589 I midasd  : OplusObrainService::notifyEventInt eventId:38 iParam:20
07-29 19:36:21.998  4892  4892 I KeyguardUpdateMonitor: action=android.intent.action.SERVICE_STATE subId=1 slotId=0
07-29 19:36:21.998  5182  5182 D QCNEJ/DataCallAgent: onSubscriptionsChanged: new DDS 1
07-29 19:36:21.998  8867 11455 I OplusObrain: OplusObrainClientInvoke.nativeGetTelephonyInfo
07-29 19:36:21.998  5182  5182 D QCNEJ/WwanInfoRelay: onSubscriptionsChanged currDDSId: 1 new DDS 1
07-29 19:36:21.998  5182  7754 D QCNEJ/DataCallAgent: phoneCount: 2
07-29 19:36:21.998  5182  7754 D QCNEJ/DataCallAgent: subs for 0th slot: [1]
07-29 19:36:21.999  5182  7754 D QCNEJ/DataCallAgent: mSubInfoReady[0] is set to true
07-29 19:36:21.999  5182  7754 D QCNEJ/DataCallAgent: subs for 1th slot: [-1]
07-29 19:36:21.999  6951  7584 D OsAgentAidlClient: [string_dataitem_update][1584] [HC] =>> [HS]
07-29 19:36:21.999  8867  8909 I OplusObrain: OplusObrainClientInvoke.nativeGetTrafficTypeInfoForNetworkType networkType 0
07-29 19:36:21.999  5032  5987 D CellularEvent: handleSubscriptionsChanged: slotId=0
07-29 19:36:21.999  5032  5987 D CellularEvent: onImsRegistrationStateChanged, slotId=0state:false
07-29 19:36:22.000  3460  5374 D KernelStatsHelper: getKernelStats start!
07-29 19:36:22.000  4892  5977 I SystemUi--Statusbar: OplusMobileConnectionRepository1-->onImsStatusChanged model: CapabilityTypeModel(isVolteSwitchOn=true, isWfcEnabledByUser=true, imsRegistered=false, voiceCapable=false, videoCapable=false, registerTech=-1, isCrossSimCallingEnabledByUser=false, hasHideVolteOperator=false)
07-29 19:36:22.000  5135  5135 I QImsService: OplusPhoneStateTracker : onSubscriptionsChanged Last subId: -1 Current subId -1
07-29 19:36:22.000  5135  5135 I QImsService: OplusPhoneStateTracker : onSubscriptionsChanged Last subId: 1 Current subId 1
07-29 19:36:22.000  3460  4622 D OplusNetlinkSocket: handleNetlinkRecvKernelMessage:nlmsghdr:StructNlMsgHdr{ nlmsg_len{40}, nlmsg_type{49()}, nlmsg_flags{0()}, nlmsg_seq{0}, nlmsg_pid{226759182} }
07-29 19:36:22.000  5135  5135 E QImsService: ImsConfigImpl : onSubscriptionsChanged unable to process due to SubscriptionInfo is null
07-29 19:36:22.000  3460  4622 D KernelStatsHelper: get magic :[-1, -1, -1, 77, 65, 71, 73, 67]
07-29 19:36:22.001  3460  4622 D KernelStatsHelper: magic matched count:0 data_len:0
07-29 19:36:22.001  3460  4622 D KernelStatsHelper: data over! check: true
07-29 19:36:22.001  5032  5997 W BestClock: java.time.DateTimeException: Missing network time fix
07-29 19:36:22.001 13056 13056 I ttings:tzupdate: isSwordfishLaunchAppEnabled_ 1 isSwordfishInstallAppEnabled_ 1
07-29 19:36:22.001 13056 13056 E ttings:tzupdate: Unknown bits set in runtime_flags: 0x40000000
07-29 19:36:22.001 13056 13056 I ttings:tzupdate: Using CollectorTypeCMC GC.
07-29 19:36:22.001  6495  8824 D OplusAtlasAudioDetectionManager: MSG_CALL_STATE_CHANGED
07-29 19:36:22.001  6495  8824 D OplusAtlasAudioDetectionManager: callStateChanged state: 0, len: 0
07-29 19:36:22.001  5032  5997 V MonthTrafficAlert: getWarningNotification subId:1 numWarningNotificaion:0
07-29 19:36:22.001  3460  5413 W BestClock: java.time.DateTimeException: Missing network time fix
07-29 19:36:22.002  4961  4961 V OplusCustomizeCacheManager: queryCache name: sys.cache.common_customize_cache18016 param: null
07-29 19:36:22.002  4961  4961 V OplusCustomizeCacheManager: queryCache name: sys.cache.common_customize_cache18013 param: null
07-29 19:36:22.002  4961  4961 V OplusCustomizeCacheManager: queryCache name: sys.cache.common_customize_cache18014 param: null
07-29 19:36:22.002  4961  4961 V OplusCustomizeCacheManager: queryCache name: sys.cache.common_customize_cache18017 param: Bundle[{SETTING=BLOCK, BUSINESS=NCT-DATA}]
07-29 19:36:22.002 13056 13056 E ttings:tzupdate: Not starting debugger since process cannot load the jdwp agent.
07-29 19:36:22.003  3460  5374 W BestClock: java.time.DateTimeException: Missing network time fix
07-29 19:36:22.003  4961  4961 V OplusCustomizeCacheManager: queryCache name: sys.cache.common_customize_cache18016 param: null
07-29 19:36:22.003  4961  4961 V OplusCustomizeCacheManager: queryCache name: sys.cache.common_customize_cache18013 param: null
07-29 19:36:22.003  4961  4961 V OplusCustomizeCacheManager: queryCache name: sys.cache.common_customize_cache18014 param: null
07-29 19:36:22.003  4961  4961 V OplusCustomizeCacheManager: queryCache name: sys.cache.common_customize_cache18017 param: Bundle[{SETTING=BLOCK, BUSINESS=NCT-DATA}]
07-29 19:36:22.003  4892  5740 V OplusCustomizeCacheManager: queryCache name: sys.cache.common_customize_cache18014 param: null
07-29 19:36:22.003  4892  5740 V OplusCustomizeCacheManager: queryCache name: sys.cache.common_customize_cache18017 param: Bundle[{SETTING=BLOCK, BUSINESS=NCT-DATA}]
07-29 19:36:22.003  4892  5740 V OplusCustomizeCacheManager: queryCache name: sys.cache.common_customize_cache18013 param: null
07-29 19:36:22.004  4961  4961 D MultiSimSettingController: onSubscriptionsChanged
07-29 19:36:22.004  4961  4961 D MultiSimSettingController: isReadyToReevaluate: subInfoInitialized=true, carrierConfigsLoaded=true, satelliteEnabledOrBeingEnabled=false
07-29 19:36:22.004  4961  4961 D MultiSimSettingController: updateDefaults
07-29 19:36:22.004  4961  4961 D MultiSimSettingController: isReadyToReevaluate: subInfoInitialized=true, carrierConfigsLoaded=true, satelliteEnabledOrBeingEnabled=false
07-29 19:36:22.004 13056 13056 D nativeloader: Load libframework-connectivity-tiramisu-jni.so using APEX ns com_android_tethering for caller /apex/com.android.tethering/javalib/framework-connectivity-t.jar: ok
07-29 19:36:22.004  4961  4961 D MultiSimSettingController: updateDefaultValues: change: 0
07-29 19:36:22.004  4961  4961 D MultiSimSettingController: disableDataForNonDefaultNonOpportunisticSubscriptions triggered, return directly
07-29 19:36:22.004  4961  4961 D CallNotifier: updatePhoneStateListeners: update CF notifications.
07-29 19:36:22.004  4961  4961 I Telephony: TelecomAccountRegistry: onSubscriptionsChanged - reregister accounts
07-29 19:36:22.004  4961  4961 D PhoneUtils: PhoneAccountHandle subId=1, slotId=0
07-29 19:36:22.004  4961  4961 D Telephony: registerPstnPhoneAccount line1Number =  subNumber = 
07-29 19:36:22.004  4961  4961 D Telephony: color is transparent asign default instead -15502541
07-29 19:36:22.005  4961  4961 D Telephony: isEmergencyPreferredAccount: subId=1, activeData=1
07-29 19:36:22.005  4961  4961 D Telephony: isEmergencyPreferredAccount: Device does not require preference.
07-29 19:36:22.005  4961  4961 I Telephony: isRttCurrentlySupported -- regular acct, hasVoiceAvailability: false
07-29 19:36:22.005  4961  4961 I Telephony:  isRttSupported: false
07-29 19:36:22.005  4961  4961 I Telephony:  isUserRttSettingOn: false
07-29 19:36:22.005  4961  4961 I Telephony:  alwaysAllowWhileRoaming: false
07-29 19:36:22.005  4961  4961 I Telephony:  isRoaming: false
07-29 19:36:22.005  4961  4961 I Telephony:  isOnWfc: false
07-29 19:36:22.005  4961  4961 D Telephony: x0: buildPstnPhoneAccount, phoneId: 0, mIsVideoCapable: false, 
07-29 19:36:22.005  4961  4961 D OplusSesImsManagerExt: feature:0, phoneId:0
07-29 19:36:22.005  4961  4961 D OplusSesImsManagerExt: getSubIdUsingPhoneId:1, phoneId:0
07-29 19:36:22.005  4961  4961 D OplusSesImsManagerExt: isEntitlementEnabled:false
07-29 19:36:22.005 13056 13056 W libc    : Access denied finding property "persist.vendor.sys.activitylog"
07-29 19:36:22.005 13056 13056 I OneTrace: Mark active for pid=13056? true
07-29 19:36:22.005  4961  4961 D OplusSesImsManagerExt: isFeatureProvisionedOnDevice not enabled
07-29 19:36:22.005 13056 13056 D cutils-dev: otrace_set_tracing_enabled? true tag:0
07-29 19:36:22.005 13056 13064 D cutils-dev: properties changed in otrace_seq_number_changed!
07-29 19:36:22.005  4961  4961 D Telephony: registerPstnPhoneAccount mIsVideoCapable = false
07-29 19:36:22.006  4961  4961 W libc    : Access denied finding property "persist.vendor.mtk_uce_support"
07-29 19:36:22.006  4961  4961 I Telephony: isCarrierVideoPresenceSupported, false, false, false, false
07-29 19:36:22.006  4961  4961 I Telephony: reRegisterPstnPhoneAccount: subId: 1 - no change
07-29 19:36:22.006  4961  4961 D ImsResolver: oldSubId: 1, newSubId: 1
07-29 19:36:22.006  4961  4961 D ImsResolver: oldSubId: -1, newSubId: -1
07-29 19:36:22.006  4961  4961 D InternationalRoamingNotification: init
07-29 19:36:22.006  4892  4892 I KeyguardUpdateMonitor: refreshSimState, changed:false,subId:1,slotId:0,state:5
07-29 19:36:22.006  4892  5172 I SystemUi--QuickSettings: Tile.OplusCellularTile-->updateCarrierText: dialog not showing, ignore
07-29 19:36:22.006  5242  5270 D VirtualCommService2: isSupport. true, true
07-29 19:36:22.007  4961  4961 D OplusVirtualCommUtils: isVirtualCommSupport, vRet: true
07-29 19:36:22.007  4961  4961 I OplusVirtualCommUtils: getVirtualCommDeviceType, vRet: 1
07-29 19:36:22.007  4961  4961 I OplusVirtualCommUtils: isConsumerDeviceType, deviceType: 1
07-29 19:36:22.007  4892  5172 D SimStateHelper: slot:0, lock state:Bundle[mParcelledData.dataSize=56]
07-29 19:36:22.007  3460  5413 D ActivityTaskManagerServiceExtImpl: preBindApplication record is null
07-29 19:36:22.007  3460  5413 D RGBNormalizeServer: OplusRGBNormalize feature enabled ? true
07-29 19:36:22.007  3460  5413 D ResourcesManagerCache: For package com.oplus.wirelesssettings we got cacheList [null] appInfoExt is null ? false hasFeature ? false
07-29 19:36:22.007  3460  5413 D VRR [OPlusExternalRefreshRateManager]: isPkgTfcEnable: pkgName = com.oplus.wirelesssettings, enable = false
07-29 19:36:22.007  3460  5413 D VRR [OPlusExternalRefreshRateManager]: getTfcMinFramerate: pkgName = com.oplus.wirelesssettings, min framerate = 0
07-29 19:36:22.007  4892  5172 D SimStateHelper: slot:1, lock state:Bundle[mParcelledData.dataSize=56]
07-29 19:36:22.007  4892  5172 D SimStateHelper: needDisableMenu: slot1State=-1; slot2State=-1
07-29 19:36:22.007  4892  5172 D SimStateHelper: needDisableMenu:false
07-29 19:36:22.007  4892  5172 I SystemUi--QuickSettings: Tile.OplusCellularTile-->updateCarrierText: dialog not showing, ignore
07-29 19:36:22.007  4961  4961 D InternationalRoamingNotification: do not createRoamingNotification for invalid Network
07-29 19:36:22.007  4892  5172 D SimStateHelper: slot:0, lock state:Bundle[mParcelledData.dataSize=56]
07-29 19:36:22.007  4892  5172 D SimStateHelper: slot:1, lock state:Bundle[mParcelledData.dataSize=56]
07-29 19:36:22.007  4892  5172 D SimStateHelper: needDisableMenu: slot1State=-1; slot2State=-1
07-29 19:36:22.007  4892  5172 D SimStateHelper: needDisableMenu:false
07-29 19:36:22.007  4961  4961 V OplusCustomizeCacheManager: queryCache name: sys.cache.common_customize_cache18016 param: null
07-29 19:36:22.007  4961  4961 V OplusCustomizeCacheManager: queryCache name: sys.cache.common_customize_cache18013 param: null
07-29 19:36:22.007  4961  4961 V OplusCustomizeCacheManager: queryCache name: sys.cache.common_customize_cache18014 param: null
07-29 19:36:22.007  4961  4961 V OplusCustomizeCacheManager: queryCache name: sys.cache.common_customize_cache18017 param: Bundle[{SETTING=BLOCK, BUSINESS=NCT-DATA}]
07-29 19:36:22.008  4961  4961 V SimultaneousCallingTracker: Received EVENT 101
07-29 19:36:22.008  4961  4961 V SimultaneousCallingTracker: generateVoiceCapablePhoneMapBasedOnUserAssociation: adding phoneId = 0
07-29 19:36:22.008  4961  4961 I SimultaneousCallingTracker: updatePhoneMapAndSimultaneousCallSupportMap: mVoiceCapablePhoneMap.size = 1
07-29 19:36:22.008  4961  4961 V SimultaneousCallingTracker: registerForImsRegistrationChanges: registering phoneId = 0
07-29 19:36:22.008  4961  4961 V SimultaneousCallingTracker: generateSimultaneousCallSupportMap: returning simultaneousCallSubSupportMap = Phone ID=0 - Simultaneous calling compatible phone IDs=[]; 
07-29 19:36:22.008  4961  4961 V SimultaneousCallingTracker: handleSimultaneousCallingSupportChanged
07-29 19:36:22.008  3460  5374 W ContentService: Observer is already registered. Pid is 4961
07-29 19:36:22.009 13056 13056 D OplusActivityManager: get AMS extension: android.os.BinderProxy@93a3154
07-29 19:36:22.010 13056 13056 D CompactWindowAppManager: initCompactApplicationInfo CompactMode: , NormalMode: 
07-29 19:36:22.010 13056 13056 D OplusScrollToTopManager: setIsInWhiteList false
07-29 19:36:22.010 13056 13056 D OplusViewDebugManager: OplusViewDebugManager Constructor android.view.debug.OplusViewDebugManager@d8ed9f2 [mHasViewDebugProperty true] [mHasMsgDebugProperty false] [DEBUG false] [EXTRAINFOENABLE false] [LIGHT_OS false]
07-29 19:36:22.011 13056 13056 D CompatChangeReporter: Compat change id reported: 242716250; UID 1000; state: ENABLED
07-29 19:36:22.013 13056 13056 W libc    : Access denied finding property "ro.odm.prev.product.name"
07-29 19:36:22.014 13056 13056 W ziparchive: Unable to open '/system_ext/framework/nfcvendorlib.dm': No such file or directory
07-29 19:36:22.014 13056 13056 W ziparchive: Unable to open '/system_ext/framework/nfcvendorlib.dm': No such file or directory
07-29 19:36:22.015 13056 13056 D nativeloader: Configuring clns-shared-7 for other apk /system_ext/framework/nfcvendorlib.jar. target_sdk_version=34, uses_libraries=ALL, library_path=/system_ext/priv-app/WirelessSettings/lib/arm64:/system_ext/priv-app/WirelessSettings/WirelessSettings.apk!/lib/arm64-v8a:/system/lib64:/system_ext/lib64, permitted_path=/data:/mnt/expand:/data/user_de/0/com.oplus.wirelesssettings:/system_ext/priv-app/WirelessSettings:/system/lib64:/system_ext/lib64
07-29 19:36:22.015 13056 13056 D nativeloader: Extending system_exposed_libraries: libbinauralrenderer_wrapper.qti.so:libhoaeffects.qti.so:libSloganJni.oplus.so:libsuperNight.oplus.so:libAPSClient-cmd-jni-extension.oplus.so:libsatellite_audio_jni.oplus.so:libortc_so.oplus.so:libsoundtouch.oplus.so:libsoundtouch_jni.oplus.so:libOplusStringJNI-extension.oplus.so:libsatellite_ostx_jni.oplus.so:libapssuspend-jni.oplus.so:libupdateprof.qti.so:libthermalclient.qti.so:libqape.qti.so:libqesdk_ndk_platform.qti.so:liblistenjni.qti.so
07-29 19:36:22.016 13056 13056 D ApplicationLoaders: Returning zygote-cached class loader: /system_ext/framework/androidx.window.extensions.jar
07-29 19:36:22.016 13056 13056 D ApplicationLoaders: Returning zygote-cached class loader: /system_ext/framework/androidx.window.sidecar.jar
07-29 19:36:22.018 13056 13056 D nativeloader: Configuring clns-shared-8 for other apk /system_ext/priv-app/WirelessSettings/WirelessSettings.apk. target_sdk_version=34, uses_libraries=, library_path=/system_ext/priv-app/WirelessSettings/lib/arm64:/system_ext/priv-app/WirelessSettings/WirelessSettings.apk!/lib/arm64-v8a:/system/lib64:/system_ext/lib64, permitted_path=/data:/mnt/expand:/data/user_de/0/com.oplus.wirelesssettings:/system_ext/priv-app/WirelessSettings:/system/lib64:/system_ext/lib64
07-29 19:36:22.022 13056 13056 V GraphicsEnvironment: Currently set values for:
07-29 19:36:22.022 13056 13056 V GraphicsEnvironment:   angle_gl_driver_selection_pkgs=[]
07-29 19:36:22.022 13056 13056 V GraphicsEnvironment:   angle_gl_driver_selection_values=[]
07-29 19:36:22.022 13056 13056 V GraphicsEnvironment: Global.Settings values are invalid: number of packages: 0, number of values: 0
07-29 19:36:22.023 13056 13056 D WS_OplusWirelessSettingsApp: onCreate, OplusWirelessSettingsApp
07-29 19:36:22.026 13056 13056 D LogUtils: initWirelessLog sIsQeAssert=false,sIsWifiOrBtLog=false
07-29 19:36:22.028  3460  5413 I ActivityManager: Flag disabled. Ignoring finishAttachApplication from uid: 1000. pid: 13056
07-29 19:36:22.029 13056 13056 E ANDR-PERF-CLIENT-SYS: death recipent object is fine
07-29 19:36:22.029 13056 13056 W ttings:tzupdate: AIBinder_linkToDeath is being called with a non-null cookie and no onUnlink callback set. This might not be intended. AIBinder_DeathRecipient_setOnUnlinked should be called first.
07-29 19:36:22.030  3460  5413 W OplusSelfProtectManager: pkg[com.oplus.wirelesssettings] not in policy list
07-29 19:36:22.033  3460  5413 D ActivityManager: Async freezing 13056 com.oplus.wirelesssettings:tzupdate
07-29 19:36:22.035  4735  4756 W SQLiteLog: (28) double-quoted string literal: "timezone_tzdata_v2_files"
07-29 19:36:22.100  4961  4961 V OplusCustomizeCacheManager: queryCache name: sys.cache.common_customize_cache18016 param: null
07-29 19:36:22.100  4961  4961 V OplusCustomizeCacheManager: queryCache name: sys.cache.common_customize_cache18013 param: null
07-29 19:36:22.100  4961  4961 V OplusCustomizeCacheManager: queryCache name: sys.cache.common_customize_cache18014 param: null
07-29 19:36:22.100  4961  4961 V OplusCustomizeCacheManager: queryCache name: sys.cache.common_customize_cache18017 param: Bundle[{SETTING=BLOCK, BUSINESS=NCT-DATA}]
07-29 19:36:22.102  4961  4961 V OplusCustomizeCacheManager: queryCache name: sys.cache.common_customize_cache18016 param: null
07-29 19:36:22.102  4961  4961 V OplusCustomizeCacheManager: queryCache name: sys.cache.common_customize_cache18013 param: null
07-29 19:36:22.102  4961  4961 V OplusCustomizeCacheManager: queryCache name: sys.cache.common_customize_cache18014 param: null
07-29 19:36:22.102  4961  4961 V OplusCustomizeCacheManager: queryCache name: sys.cache.common_customize_cache18017 param: Bundle[{SETTING=BLOCK, BUSINESS=NCT-DATA}]
07-29 19:36:22.114  4892  4892 D RowAnimatorExtImpl: end:view:StatusBarIconView(slot='volume' alpha=1.0 icon=StatusBarIcon(icon=Icon(typ=RESOURCE pkg=com.android.systemui id=0x7f0818f0) visible user=0 ) visibleState=ICON iconColor=#ccffffff staticDrawableColor=#ccffffff decorColor=#ffffffff animationStartColor=#0 currentSetColor=#ccffffff notification=null),tx
07-29 19:36:22.114  4892  4892 D RowAnimatorExtImpl: end:view:StatusBarIconView(slot='zen' alpha=1.0 icon=StatusBarIcon(icon=Icon(typ=RESOURCE pkg=com.android.systemui id=0x7f0818e1) visible user=0 ) visibleState=ICON iconColor=#ccffffff staticDrawableColor=#ccffffff decorColor=#ffffffff animationStartColor=#0 currentSetColor=#ccffffff notification=null),tx
07-29 19:36:22.114  4892  4892 D RowAnimatorExtImpl: end:view:StatusBarIconView(slot='volume' alpha=1.0 icon=StatusBarIcon(icon=Icon(typ=RESOURCE pkg=com.android.systemui id=0x7f0818f0) visible user=0 ) visibleState=ICON iconColor=#ccffffff staticDrawableColor=#ccffffff decorColor=#ffffffff animationStartColor=#0 currentSetColor=#ccffffff notification=null),tx
07-29 19:36:22.114  4892  4892 D RowAnimatorExtImpl: end:view:StatusBarIconView(slot='zen' alpha=1.0 icon=StatusBarIcon(icon=Icon(typ=RESOURCE pkg=com.android.systemui id=0x7f0818e1) visible user=0 ) visibleState=ICON iconColor=#ccffffff staticDrawableColor=#ccffffff decorColor=#ffffffff animationStartColor=#0 currentSetColor=#ccffffff notification=null),tx
07-29 19:36:22.114  4892  4892 D RowAnimatorExtImpl: end:view:StatusBarIconView(slot='volume' alpha=1.0 icon=StatusBarIcon(icon=Icon(typ=RESOURCE pkg=com.android.systemui id=0x7f0818f0) visible user=0 ) visibleState=ICON iconColor=#ccffffff staticDrawableColor=#ccffffff decorColor=#ffffffff animationStartColor=#0 currentSetColor=#ccffffff notification=null),tx
07-29 19:36:22.114  4892  4892 D RowAnimatorExtImpl: end:view:StatusBarIconView(slot='zen' alpha=1.0 icon=StatusBarIcon(icon=Icon(typ=RESOURCE pkg=com.android.systemui id=0x7f0818e1) visible user=0 ) visibleState=ICON iconColor=#ccffffff staticDrawableColor=#ccffffff decorColor=#ffffffff animationStartColor=#0 currentSetColor=#ccffffff notification=null),tx
07-29 19:36:22.137  1993  1993 D SensorFeature: name=ssc_screenshot_info ,index = 22
07-29 19:36:22.137  1993  1993 D SensorFeature: write 29 bytes:58679612841,58687946174,160,0
07-29 19:36:22.138  1833  4479 I sensors-hal: handle_oplus_wise_rgb_event:189, high_pwm_light:lux 282.2,cct 3639.2,brl/algo/ir 1447.0/2.0/16.3,pwm/dc 0.0/0.0,rgbc 21628.794922/13627.445312/6258.387695/40105.457031,ts 58654527598,cnt 830,flag 131072
07-29 19:36:22.139  1928  4473 I Dpps    : LtmSwState::SetParameter():144 ignore cmd 7 in state LtmOffState
07-29 19:36:22.246  2005  2125 D BatteryChargeControl: bcc get no support from charging protocol
07-29 19:36:22.298  1833  9892 I sensors-hal: handle_sns_client_event:87, step_count_event: ts=58849678432 count 0
07-29 19:36:22.298  3460  4397 D SensorServiceUtils: sensorEventLog step_counter = 0
07-29 19:36:22.298  3460  4397 D SensorServiceUtils: sensorEventLog step_counter = 0
07-29 19:36:22.298  3460  4397 D SensorServiceUtils: sensorEventLog step_counter = 0
07-29 19:36:22.298  3460  4397 D SensorServiceUtils: sensorEventLog step_counter = 0
07-29 19:36:22.298  3460  4397 D SensorServiceUtils: sensorEventLog step_counter = 0
07-29 19:36:22.298  3460  4397 D SensorServiceUtils: sensorEventLog step_counter = 0
07-29 19:36:22.298  3460  4397 D SensorServiceUtils: sensorEventLog step_counter = 0
07-29 19:36:22.298  3460  4397 D SensorServiceUtils: sensorEventLog step_counter = 0
07-29 19:36:22.298  3460  4397 D SensorServiceUtils: sensorEventLog step_counter = 0
07-29 19:36:22.298  3460  4397 D SensorServiceUtils: sensorEventLog step_counter = 0
07-29 19:36:22.298  3460  4397 D SensorServiceUtils: sensorEventLog step_counter = 0
07-29 19:36:22.298  3460  4397 D SensorServiceUtils: sensorEventLog step_counter = 0
07-29 19:36:22.298  3460  4397 D SensorServiceUtils: sensorEventLog step_counter = 0
07-29 19:36:22.298  3460  4397 D SensorServiceUtils: sensorEventLog step_counter = 0
07-29 19:36:22.298  3460  4397 D SensorServiceUtils: sensorEventLog step_counter = 0
07-29 19:36:22.298  3460  4397 D SensorServiceUtils: sensorEventLog step_counter = 0
07-29 19:36:22.298  3460  4397 D SensorServiceUtils: sensorEventLog step_counter = 0
07-29 19:36:22.298  3460  4397 D SensorServiceUtils: sensorEventLog step_counter = 0
07-29 19:36:22.298  3460  4397 D SensorServiceUtils: sensorEventLog step_counter = 0
07-29 19:36:22.299  4704  4704 V SystemSensorManagerExtImpl: step counter dispatchSensorEvent step 0.0 to + a.b$c@5788a13
07-29 19:36:22.304  4892  4892 I SystemUi--QuickSettings: TemporarilyInfoManager-->[animateShow] com.oplus.systemui.qs.base.temporarilyinfo.TemporarilyInfoManager$createViewToParent$1{fe35b6f VFED..C.. ........ 0,0-1080,228 #7f0a0cb6 app:id/temporarily_info_view alpha=1.0 viewInfo = } end
07-29 19:36:22.304  4892  4892 I SystemUi--QuickSettings: TemporarilyInfoManager-->[trigger] start from showElementAfterShowFully
07-29 19:36:22.411  1993  1993 D SensorFeature: name=ssc_screenshot_info ,index = 22
07-29 19:36:22.411  1993  1993 D SensorFeature: write 29 bytes:58953876852,58962210185,161,0
07-29 19:36:22.411  6551  6571 E oiface  : sched_setaffinity failed
07-29 19:36:22.414  2005  2005 D vendor.oplus.hardware.charger-V7-service: getChargerControl:
07-29 19:36:22.414  1928  4473 I Dpps    : LtmSwState::SetParameter():144 ignore cmd 7 in state LtmOffState
07-29 19:36:22.426  1994  2006 E PerformanceService: storage_feature: open /sys/devices/platform/soc/112b0000.ufshci//virtualtlcbuff fail
07-29 19:36:22.436  3460  5413 W BestClock: java.time.DateTimeException: Missing network time fix
07-29 19:36:22.436  3460  5413 W BestClock: java.time.DateTimeException: Missing network time fix
07-29 19:36:22.437  3460  5374 W BestClock: java.time.DateTimeException: Missing network time fix
07-29 19:36:22.437  4892  4892 D JankUtils: gfxSceneEnd; scene: 7
07-29 19:36:22.437  4892  4892 I SystemUi--Common: NotificationShadeDepthC-->sceneFlag: 0x001, isStart = false, Current sceneFlags: 0x000
07-29 19:36:22.437  4892  4892 D NavigationBar: restrainNavigationBarInvertColor: false
07-29 19:36:22.437  4892  5072 D RegionSamplingHelper =:    mCompositionSamplingListener.register
07-29 19:36:22.438  2173  2465 D SurfaceFlinger: addRegionSamplingListener pid: 4892, Area: [0, 2328, 1080, 2376]
07-29 19:36:22.631  1928  2206 I SDM     : DisplayBase::CommitThread: Received idle timeout, panel: cmd, timeout: 70000 us
07-29 19:36:22.667  1928  4473 I Dpps    : LtmSwState::SetParameter():144 ignore cmd 7 in state LtmOffState
07-29 19:36:22.740  1928  2206 I SDM     : DisplayBase::CommitThread: Received idle timeout, panel: cmd, timeout: 70000 us
07-29 19:36:22.743  1993  1993 D SensorFeature: name=ssc_screenshot_info ,index = 22
07-29 19:36:22.743  1993  1993 D SensorFeature: write 29 bytes:59243914872,59294307372,162,0
07-29 19:36:22.787  2173  3723 D VRR [OTI]: handleIdle from 0 to 1
07-29 19:36:22.787  2173  3723 D VRR [OTI-HW]: isStateReady 1
07-29 19:36:22.787  2173  3723 D VRR [RefreshRateDirector]: requestRefreshRateByOti update [ oti-hw, {fps=60, modePtr={id=5, vsyncRate=60.00 Hz, peakRefreshRate=60.00 Hz}} ]
07-29 19:36:22.787  2173  3723 D VRR [RefreshRateDirector]: selectBestFrameRate DirectorMapOti [oti-hw, {fps=60, modePtr={id=5, vsyncRate=60.00 Hz, peakRefreshRate=60.00 Hz}}]
07-29 19:36:22.787  2173  3723 D VRR [RefreshRateDirector]: updateBestFrameRate [oti-hw, {fps=60, modePtr={id=5, vsyncRate=60.00 Hz, peakRefreshRate=60.00 Hz}}]
07-29 19:36:22.787  2173  3723 D SurfaceFlinger: VRR [SurfaceFlinger] setDesiredActiveMode: displayId: 4630946756802996883, renderRate: 60, vsyncRate: 60, event: 1
07-29 19:36:22.787  2173  3723 D DisplayModeController: setDesiredMode 4630946756802996883 {mode={fps=60.00 Hz, modePtr={id=5, vsyncRate=60.00 Hz, peakRefreshRate=60.00 Hz}}, emitEvent=true, force=false}
07-29 19:36:22.788  2173  2173 I DisplayModeController: hwc begin mode change to 16666666
07-29 19:36:22.788  2173  2173 I HWC2    : [0] setActiveConfigWithConstraints[5]
07-29 19:36:22.789  1928  1928 W SDM     : HWDeviceDRM::GetSupportedBitClkRate: Requested rate not supported: 1363200000
07-29 19:36:22.789  1928  1928 I SDM     : HWDeviceDRM::UpdateMixerAttributes: Mixer WxH 1440x3168-1 for Peripheral
07-29 19:36:22.789  1928  1928 I CwbService: CwbService::notifyConfigChange: display:0, config:5 size:4, sec.size():0
07-29 19:36:22.789  1928  1928 I CwbService: CwbService::notifyConfigChange: display: 0, config = 1
07-29 19:36:22.789  1928  3671 I CasManager: Fps changed from 120 to 60
07-29 19:36:22.789  1928  3671 I CasManager: Fps changed, not change bin, so trigger gain
07-29 19:36:22.789  1928  3671 W SDM     : DemuraIntfImpl::ProcessOemPluginGain: Thermal intf_ is nullptr 0, default to 25 degree
07-29 19:36:22.789  1928  3671 I SDM     : CasQcPlugIn::ProcessPerCompGainOppo: input params, mode:PWM, fps:60, dbv:1447
07-29 19:36:22.789  1928  3671 I SDM     : CasQcPlugIn::ProcessPerCompGainOppo: normalized bright_adj:1024, dbv:1447, bin_dbv:1083, 
07-29 19:36:22.789  1928  3671 I SDM     : CasQcPlugIn::ProcessPerCompGainOppo: gains print start =====================
07-29 19:36:22.789  1928  3671 I SDM     : CasQcPlugIn::ProcessPerCompGainOppo: gain --------------------------------
07-29 19:36:22.789  1928  3671 I SDM     : CasQcPlugIn::ProcessPerCompGainOppo: old: 0 0 0 57 90 322 1201 3072
07-29 19:36:22.789  1928  3671 I SDM     : CasQcPlugIn::ProcessPerCompGainOppo: new: 0 0 0 30 77 278 1039 3072
07-29 19:36:22.789  1928  3671 I SDM     : CasQcPlugIn::ProcessPerCompGainOppo: gain --------------------------------
07-29 19:36:22.789  1928  3671 I SDM     : CasQcPlugIn::ProcessPerCompGainOppo: old: 0 0 0 64 125 373 1336 3072
07-29 19:36:22.789  1928  3671 I SDM     : CasQcPlugIn::ProcessPerCompGainOppo: new: 0 0 0 34 99 373 1336 3072
07-29 19:36:22.789  1928  3671 I SDM     : CasQcPlugIn::ProcessPerCompGainOppo: gain --------------------------------
07-29 19:36:22.789  1928  3671 I SDM     : CasQcPlugIn::ProcessPerCompGainOppo: old: 0 0 0 42 83 323 1222 3072
07-29 19:36:22.790  1928  3671 I SDM     : CasQcPlugIn::ProcessPerCompGainOppo: new: 0 0 0 22 83 323 1222 3072
07-29 19:36:22.790  1928  3671 I SDM     : CasQcPlugIn::ProcessPerCompGainOppo: gains print end =======================
07-29 19:36:22.799  1928  3671 I SDM     : DemuraIntfImpl::StageAllData: Staged all data to Demura Driver!
07-29 19:36:22.799  1928  3671 I SDM     : HWPeripheralDRM::SetPanelFeature: Set Panel feature property 19
07-29 19:36:22.799  1928  3671 I SDM     : HWPeripheralDRM::SetPanelFeature: Set Panel feature property 7
07-29 19:36:22.799  1928  3671 I SDM     : DisplayBuiltIn::TriggerDemuraOemPlugIn: Trigger demura oem plugin success
07-29 19:36:22.801  1928  2206 I SDM     : DRMPanelFeatureMgr::ApplyDirtyFeature: Commited panel feature [enabled]: 20-272
07-29 19:36:22.801  1928  2206 I SDM     : DRMPanelFeatureMgr::ApplyDirtyFeature: Commited panel feature [enabled]: 8-271
07-29 19:36:22.844  2173  2173 D VRR-[OPlusRefreshRateSelector]: setCurrentModeId 5 type SM
07-29 19:36:22.844  2173  3723 D VRR [OTI-HW]: isStateReady 1
07-29 19:36:22.844  2173  3723 D VRR [OTI-HW]: keep rate.
07-29 19:36:22.845  3460  3568 I DisplayDeviceRepository: Display device changed render timings: "Built-in Screen", renderFrameRate=60.000004, presentationDeadlineNanos=16666666, appVsyncOffsetNanos=1000000
07-29 19:36:22.845  3460  3568 D LogicalDisplayExt: set displayInfo flag FLAG_ROTATES_WITH_CONTENT
07-29 19:36:22.845  5032  6331 D SaDataService: onTelephonyEventReport , subId= 0,slotId=-1 eventId=2009
07-29 19:36:22.845  5032  6331 D TelephonyImpl: notify eventId:2009 for list size:2
07-29 19:36:22.846  3460  3568 D DisplayManagerServiceExtImpl: scheduleTraversalLocked intraversal=false
07-29 19:36:22.846  3460  3568 I DisplayManagerServiceExtImpl: handle logical display changed logicalDisplay=id=0,stack=0,content=true,displayInfo{stack=0,type=1,id=0,uId=local:4630946756802996883,state=ON,pkg=null}
07-29 19:36:22.846  3460  3568 D DisplayManagerService: Delivering display event: displayId=0, event=CHANGED
07-29 19:36:22.846  3460  3779 D BrightnessThermalClamper: Thermal status observer already started
07-29 19:36:22.846  3460  3779 D BrightnessPowerClamper: Power throttling data is missing for configuration data.
07-29 19:36:22.846  5242  5270 D VendorTelephonyService: onTelephonyEventReport slotId =0 eventId=2009
07-29 19:36:22.846  5242  5270 D VendorTelephonyService: onTelephonyEventReport slotId =0 eventId=2009
07-29 19:36:22.847  5242  5242 D VendorCallService: notityEventUpdate, eventId:2009, slotId = 0
07-29 19:36:22.848  3460  3556 D OplusVFXScreenEffectFeature: notifySFCompatWindowStateChange entered false
07-29 19:36:22.848  3460  3460 E OplusGestureAnimationManagerPolicy: mScreenHeight:2376 mScreenWidth:1080 mRotation:0
07-29 19:36:22.848  4704  4704 D CastManagerService: onDisplayChanged.
07-29 19:36:22.848  3460  3556 D FSS_FoldScreenBlackCoverController: displayChangeToOn, dc:Display{#0 state=ON size=1080x2376 ROTATION_0}
07-29 19:36:22.848  2173  2465 D [PREVIEW]: SF obtain preview_adapter: 0
07-29 19:36:22.848  2173  2465 D [PREVIEW]: TabletPreviewAdapter::parallel world 0
07-29 19:36:22.849  3460  3568 D DisplayManagerService: MSG_REQUEST_TRAVERSAL pendingCompleted=false
07-29 19:36:22.850  5032  6331 D SaDataService: onTelephonyEventReport , subId= 1,slotId=0 eventId=2009
07-29 19:36:22.850  5032  6331 D TelephonyImpl: notify eventId:2009 for list size:2
07-29 19:36:22.850  5242  5270 D VendorTelephonyService: onTelephonyEventReport slotId =1 eventId=2009
07-29 19:36:22.850  5242  5270 D VendorTelephonyService: onTelephonyEventReport slotId =1 eventId=2009
07-29 19:36:22.850  5242  5242 D VendorCallService: notityEventUpdate, eventId:2009, slotId = 1
07-29 19:36:22.851  3460  3556 D DisplayManagerService: performTraversalInternal pendingTraversal
07-29 19:36:22.851  3460  3556 D DisplayDevice: setLayerStackLocked id=local:4630946756802996883 token=android.os.BinderProxy@92d5d0c stack=0->0
07-29 19:36:22.851  2153  2287 D AudioFlingerExtImpl: AudioFlingerExtImpl oplusSetParameters: keyvalue screen_state=on
07-29 19:36:22.851  2153  2287 D DeviceHalAidl: 0xb400007ebcc7c200 DeviceHalAidl::setParameters
07-29 19:36:22.851  2153  2287 D DeviceHalAidl: setParameters: parameters: "screen_state=on"
07-29 19:36:22.851  1848  3501 I PAL: ResourceManager: setParameter: 11480: Screen State:1
07-29 19:36:22.852  4892  4892 I SystemUi--Statusbar: DisplayRepository-->combining enabled=[0], connectedExternalDisplayIds=[], ignored=[]
07-29 19:36:22.852  2153  2287 D DeviceHalAidl: 0xb400007ebcc7c800 DeviceHalAidl::setParameters
07-29 19:36:22.852  2153  2287 D DeviceHalAidl: setParameters: parameters: "screen_state=on"
07-29 19:36:22.852  1848  3501 D AHAL_Module: updateScreenState: usb: 1
07-29 19:36:22.852  2153  2287 D DeviceHalAidl: 0xb400007ebcc7ce00 DeviceHalAidl::setParameters
07-29 19:36:22.852  2153  2287 D DeviceHalAidl: setParameters: parameters: "screen_state=on"
07-29 19:36:22.852  1848  3423 D AHAL_Module: updateScreenState: r_submix: 1
07-29 19:36:22.852  2153  2287 D DeviceHalAidl: 0xb400007ebcc7d400 DeviceHalAidl::setParameters
07-29 19:36:22.852  2153  2287 D DeviceHalAidl: setParameters: parameters: "screen_state=on"
07-29 19:36:22.852  1848  3423 D AHAL_Module: updateScreenState: bluetooth: 1
07-29 19:36:22.853  2153  2287 D DeviceHalAidl: 0xb400007ebcc7da00 DeviceHalAidl::setParameters
07-29 19:36:22.853  2153  2287 D DeviceHalAidl: setParameters: parameters: "screen_state=on"
07-29 19:36:22.853  1848  3501 D AHAL_Module: updateScreenState: bluetooth: 1
07-29 19:36:22.853  2153  2287 D DeviceHalAidl: 0xb400007ebcc7e000 DeviceHalAidl::setParameters
07-29 19:36:22.853  6551  6571 E oiface  : sched_setaffinity failed
07-29 19:36:22.853  2153  2287 D DeviceHalAidl: setParameters: parameters: "screen_state=on"
07-29 19:36:22.853  1848  3501 D AHAL_Module: updateScreenState: stub: 1
07-29 19:36:22.853  2031  2083 I gameoptHal: targetfps updated 6 -- 60
07-29 19:36:22.894  3460  3813 D VRR [OPlusRefreshRateService]: handleConfigIdChange physicalDisplayId: 4630946756802996883 configId: 5 renderPeriod: 16666666
07-29 19:36:22.895  3460  3813 D VRR [OPlusSAManager]: updateModeChange old modeId [ 4 ] -> new modeId [ 5 ] mCurPolicy: 1
07-29 19:36:22.895  3460  3813 D VRR [OPlusSAManager]: updateSAScene active modeId: 5
07-29 19:36:22.895  3460  3813 D VRR [OPlusSAManager]: updateSAScene current policy: 1 active modeId: 5 scene: VRR_60
07-29 19:36:22.895  3460  3813 D VRR [OPlusOAManager]: Not OA business! new modeId: [5] active modeId: [4]
07-29 19:36:22.895  3460  3813 D VRR [OPlusGameStatusManager]: updateGameState mOSyncFeatureSwitch: false mIsGamePolicy: false
07-29 19:36:22.895  3460  3813 D VRR [OPlusGameStatusManager]: setLTMStatus false curPkgName: com.android.launcher curr status: false HeartStop: false HeartStopFromTGPA: false ActiveFPS: 60.000004
07-29 19:36:22.895  3460  3813 D VRR [OPlusGameStatusManager]: updateGameAccelerationStatus pkgName: com.android.launcher mOSyncFeatureSwitch: false mIsGamePolicy: false mHeartStop: false mHasFlickerRisk: false mForceAcceleration: false mToastReady: false enable: false
07-29 19:36:22.895  3460  3813 D VRR [OPlusGameStatusManager]: updateToastStatus enableAcceleration: false toastReady: false isGamePolicy: false desiredModeId: 5
07-29 19:36:22.895  3460  3813 D VRR [OPlusGameStatusManager]: updateToastStatus enableAcceleration: false toastReady: false isGamePolicy: false desiredModeId: 5
07-29 19:36:22.895  3460  3813 D VRR [OPlusExternalRefreshRateManager]:  updateRenderPeriodChange configId:5 current refresh rate:60.000004
07-29 19:36:22.945  3460  3813 D VRR [OPlusSAManager]: setSAConfig scene: VRR_60 modeId: 5 auto: false fakeFrame: false
07-29 19:36:22.945  3460  3813 D VRR [OPlusSAManager]: updateAutoMinfps with nits: 122.23959, mHistOK true, mAmbientOK true, mCctOK true, mIrOK true, mBrightnessOK true, isPkgOK true, SA min fps: 119
07-29 19:36:22.945  3460  3813 D VRR [OPlusSurfaceFlingerController]: setAutoMode enable: false fakeFrame: false fps: 119
07-29 19:36:22.945  2173  2465 I VRR-[OPlusAdfrUtil]: ADFR try set Auto mode with mode 0 fakeframe 0 min fps 119
07-29 19:36:22.946  2173  2465 D VRR-[OPlusRefreshRateSelector]: OSyncModes add size is 1.
07-29 19:36:22.946  2173  2465 I VRR-[OPlusRefreshRateSelector]: updateAutoMode success, display 0, mode 0, fakeframe 0, min fps: 1
07-29 19:36:22.946  2173  3698 D VRR-[OPlusRefreshRateSelector]: handleSetHWCOSync
07-29 19:36:22.946  2173  3698 D VRR-[OPlusRefreshRateSelector]: OSyncModes remaining size is 0.
07-29 19:36:22.946  2173  3698 D VRR-[OPlusRefreshRateSelector]: SetHWCOSync with 5CC08081
07-29 19:36:22.946  1928  1928 I SDM     : DisplayBuiltIn::SetQSyncMode: VRR + update qsync mode 0 minfps 00C08081
07-29 19:36:22.950  1928  2206 I SDM     : DisplayBase::CommitThread: Received idle timeout, panel: cmd, timeout: 70000 us
07-29 19:36:22.963  1928  2206 E SDM     : DRMConnector::Perform: Connector 67: Setting Qsync min fps 12615809
07-29 19:36:22.974  3460  4680 V SettingsProvider: deleteSystemSetting(OPLUS_SLA_LAST_MCC, 0)
07-29 19:36:22.974  3460  4680 D SettingsProvider: delete system settings OPLUS_****_MCC pkg is  android user id is 0
07-29 19:36:22.976  3460  4680 W OplusSlaManager: updateMCC curMCC from macc_change!
07-29 19:36:22.978  3460  4680 W OplusSlaApps: sendWhiteListAppUid no enabled app found...
07-29 19:36:22.978  3460  4680 W OplusSlaApps: sendGameAppUid no game app found!!
07-29 19:36:22.989  5032  5987 E CellularEvent: nri null ps
07-29 19:36:22.989  5032  5987 E CellularEvent: invalid nri
07-29 19:36:22.998  4961  5714 D AutoDualCardRoamingDemand: judgeToShowDialog return for sim count != 2
07-29 19:36:23.034  1928  2206 I SDM     : DisplayBase::CommitThread: Received idle timeout, panel: cmd, timeout: 70000 us
07-29 19:36:23.044  1993  1993 D SensorFeature: name=ssc_screenshot_info ,index = 22
07-29 19:36:23.044  1993  1993 D SensorFeature: write 29 bytes:59243914872,59595839872,163,0
07-29 19:36:23.106  6538  6567 E horae   : 0: back:33042,back_1:35346,back_2:34911,back_3:34056,frame:35470,frame_1:34429,front:36101,front_1:36455,front_2:34884, -2147483648 5, +(3136), 1 ,43193,33249,39126,43220,41234,42261,33267,38851,42261,40604,41339,33124,38577,41430,40054,40800,33193,38313,40756,39578, target_temp:36455, algo:0
07-29 19:36:23.247  2005  2125 D BatteryChargeControl: bcc get no support from charging protocol
07-29 19:36:23.302  3460  3667 W UserAwareMgr: event can not be released, id: 3020, count: 2, releasePid: 4892
07-29 19:36:23.346  1993  1993 D SensorFeature: name=ssc_screenshot_info ,index = 22
07-29 19:36:23.346  1993  1993 D SensorFeature: write 29 bytes:59243914872,59897441434,164,0
07-29 19:36:23.388  1833  4479 I sensors-hal: handle_oplus_wise_rgb_event:189, high_pwm_light:lux 279.9,cct 3640.8,brl/algo/ir 1447.0/2.0/17.5,pwm/dc 0.0/0.0,rgbc 21643.066406/13595.207031/6266.085449/40120.511719,ts 59866740046,cnt 840,flag 164
07-29 19:36:23.389  1928  4473 I Dpps    : LtmSwState::SetParameter():144 ignore cmd 7 in state LtmOffState
07-29 19:36:23.447  3460  3813 D VRR [OPlusSAManager]: updateAutoMinfps with nits: 122.23959, mHistOK true, mAmbientOK true, mCctOK true, mIrOK true, mBrightnessOK true, isPkgOK true, SA min fps: 119
07-29 19:36:23.447  3460  3813 D VRR [OPlusSurfaceFlingerController]: setAutoMode enable: false fakeFrame: false fps: 119
07-29 19:36:23.447  2173  2422 I VRR-[OPlusAdfrUtil]: ADFR try set Auto mode with mode 0 fakeframe 0 min fps 119
07-29 19:36:23.447  2173  2422 D VRR-[OPlusRefreshRateSelector]: OSyncModes add size is 1.
07-29 19:36:23.447  2173  2422 I VRR-[OPlusRefreshRateSelector]: updateAutoMode success, display 0, mode 0, fakeframe 0, min fps: 1
07-29 19:36:23.447  2173  3698 D VRR-[OPlusRefreshRateSelector]: handleSetHWCOSync
07-29 19:36:23.447  2173  3698 D VRR-[OPlusRefreshRateSelector]: OSyncModes remaining size is 0.
07-29 19:36:23.447  2173  3698 D VRR-[OPlusRefreshRateSelector]: SetHWCOSync with 5CC08081
