device
--------- beginning of main
07-29 19:36:12.238  2005  2125 D BatteryChargeControl: bcc get no support from charging protocol
07-29 19:36:12.279  1993  1993 D SensorFeature: name=ssc_screenshot_info ,index = 22
07-29 19:36:12.279  1993  1993 D SensorFeature: write 29 bytes:46359888106,48830000032,127,0
07-29 19:36:12.304 11570 11598 W System  : A resource failed to call AbstractCursor.close. 
07-29 19:36:12.379  3460  4397 D FusionLightNextGen: process end reported = 1, mode: 0, lux 507.8, cct -1.0, r/g/b/c: 21072.3/13051.8/6012.1/38776.0, R/G/B: 106.0/100.0/99.0, bri 1447.0, match 1.00, ir 0.017847, conf 0.0, ts 48808975463
07-29 19:36:12.380  1928  4473 I Dpps    : LtmSwState::SetParameter():144 ignore cmd 7 in state LtmOffState
07-29 19:36:12.412  2005  2005 D vendor.oplus.hardware.charger-V7-service: getChargerControl:
07-29 19:36:12.412  6551  6571 E oiface  : sched_setaffinity failed
07-29 19:36:12.426  1994  7770 E PerformanceService: storage_feature: open /sys/devices/platform/soc/112b0000.ufshci//virtualtlcbuff fail
07-29 19:36:12.429  3460  5413 W BestClock: java.time.DateTimeException: Missing network time fix
07-29 19:36:12.430  3460  5413 W BestClock: java.time.DateTimeException: Missing network time fix
07-29 19:36:12.430  3460  5413 W BestClock: java.time.DateTimeException: Missing network time fix
07-29 19:36:12.488  7271  8344 I SG::SettingManager: metisDomainObserver: data change. selfChange=false [base|com.oplus.pantanal.ums|1.5.5-f48228a]
07-29 19:36:12.493  8703  8802 I ContextAware_DomainProvider: ums getSubDomainInfo intentMap:{travel_preparation=travel, internal_aod_prompt=app_prompt, file_manager=system_tools, creation_activity=system_tools, internal_xiaobu=system_settings, takeout=life_service, terminals_cloud=system_tools, tips=system_settings, internal_assistant_screen=ASSISTANT_SCREEN, navigation=app_prompt, internal_intent_lib=system_tools, weather=system_tools, payment=financial_planning, internal_address_recognition=system_tools, communication=system_tools, train=travel, ridehailing=travel, repayment=financial_planning, course_reminder=workplace_learning, read=media_service, epidemic=travel, travel_service=life_service, movie_performance=life_service, living_expense_payment_reminder=life_service, application_suggestions=system_tools, open_wlan=system_settings, commute=life_service, clear_memory=system_settings, internal_upgrade=app_upgrade, close_torch=system_settings, flight=travel, movie_notice=life_service, event_services=media_service, game=system_tools, content_consult=media_service, sticky_note=system_tools, appointment_reminder=system_settings, departure_reminder=life_service, recording=system_tools, video=media_service, outdoor_activities=system_settings, festival_reminder=media_service, living_expenses=financial_planning, application_recommendat=system_tools, hotel=travel_epidemic, nearby_power_bank=life_service, audio=media_service, store_service=life_service, publictransit=travel, calendar=system_settings, delivery=life_service, internal_account_bind=account_bind, domestic_travel_service=life_service, xiaobu_assistant=system_tools, health=system_tools, app_usage=system_settings, meal=life_service, text_intent=system_tools, parking_service=travel, internal_demo_mode=sale_mode} [base|com.oplus.metis|1.5.5-f48228a]
07-29 19:36:12.496  8703  8802 I ContextAware_DomainProvider: ums getSubDomainInfo result:travel_preparation: true,internal_aod_prompt: false,file_manager: true,creation_activity: true,internal_xiaobu: false,takeout: true,terminals_cloud: true,tips: true,internal_assistant_screen: false,navigation: true,internal_intent_lib: false,weather: true,payment: true,internal_address_recognition: false,communication: true,train: true,ridehailing: true,repayment: true,course_reminder: true,read: true,epidemic: false,travel_service: true,movie_performance: true,living_expense_payment_reminder: true,application_suggestions: false,open_wlan: true,commute: true,clear_memory: true,internal_upgrade: false,close_torch: true,flight: true,movie_notice: true,event_services: true,game: true,content_consult: true,sticky_note: true,appointment_reminder: true,departure_reminder: true,recording: true,video: true,outdoor_activities: true,festival_reminder: false,living_expenses: false,application_recommendat: false,hotel: true,nearby_power_bank: true,audio: true,store_service: true,publictransit: true,calendar: true,delivery: true,internal_account_bind: false,domestic_travel_service: true,xiaobu_assistant: true,health: true,app_usage: true,meal: true,text_intent: true,parking_service: true,internal_demo_mode: false,
07-29 19:36:12.498  7271  8344 I SG::SettingManager: delete: []
07-29 19:36:12.499  7271  8344 I SG::SettingManager: query from metis: [CloudDataEntity(subDomain='travel_preparation', domain=travel), CloudDataEntity(subDomain='file_manager', domain=system_tools), CloudDataEntity(subDomain='creation_activity', domain=system_tools), CloudDataEntity(subDomain='takeout', domain=life_service), CloudDataEntity(subDomain='terminals_cloud', domain=system_tools), CloudDataEntity(subDomain='tips', domain=system_settings), CloudDataEntity(subDomain='navigation', domain=app_prompt), CloudDataEntity(subDomain='weather', domain=system_tools), CloudDataEntity(subDomain='payment', domain=financial_planning), CloudDataEntity(subDomain='communication', domain=system_tools), CloudDataEntity(subDomain='train', domain=travel), CloudDataEntity(subDomain='ridehailing', domain=travel), CloudDataEntity(subDomain='repayment', domain=financial_planning), CloudDataEntity(subDomain='course_reminder', domain=workplace_learning), CloudDataEntity(subDomain='read', domain=media_service), CloudDataEntity(subDomain='travel_service', domain=life_service), CloudDataEntity(subDomain='movie_performance', domain=life_service), CloudDataEntity(subDomain='living_expense_payment_reminder', domain=life_service), CloudDataEntity(subDomain='open_wlan', domain=system_settings), CloudDataEntity(subDomain='commute', domain=life_service), CloudDataEntity(subDomain='clear_memory', domain=system_settings), CloudDataEntity(subDomain='close_torch', domain=system_settings), CloudDataEntity(subDomain='flight', domain=travel), CloudDataEntity(subDomain='movie_notice', domain=life_service), CloudDataEntity(subDomain='event_services', domain=media_service), CloudDataEntity(subDomain='game', domain=system_tools), CloudDataEntity(subDomain='content_consult', domain=media_service), CloudDataEntity(subDomain='sticky_note', domain=system_tools), CloudDataEntity(subDomain='appointment_reminder', domain=system_settings), CloudDataEntity(subDomain='departure_reminder', domain=life_service), CloudDataEntity(subDomain='recording', domain=system_tools), CloudDataEntity(subDomain='video', domain=media_service), CloudDataEntity(subDomain='outdoor_activities', domain=system_settings), CloudDataEntity(subDomain='hotel', domain=travel_epidemic), CloudDataEntity(subDomain='nearby_power_bank', domain=life_service), CloudDataEntity(subDomain='audio', domain=media_service), CloudDataEntity(subDomain='store_service', domain=life_service), CloudDataEntity(subDomain='publictransit', domain=travel), CloudDataEntity(subDomain='calendar', domain=system_settings), CloudDataEntity(subDomain='delivery', domain=life_service), CloudDataEntity(subDomain='domestic_travel_service', domain=life_service), CloudDataEntity(subDomain='xiaobu_assistant', domain=system_tools), CloudDataEntity(subDomain='health', domain=system_tools), CloudDataEntity(subDomain='app_usage', domain=system_settings), CloudDataEntity(subDomain='meal', domain=life_service), CloudDataEntity(subDomain='text_intent', domain=system_tools), CloudDataEntity(subDomain='parking_service', domain=travel)]
07-29 19:36:12.508  7271  7989 I SG::UpdateSubDomainUtil: updateWhenMetisChange forceUpdate: false [base|com.oplus.pantanal.ums|1.5.5-f48228a]
07-29 19:36:12.508  7271  7989 W SG::UpdateSubDomainUtil: allChangeDomains is empty!
07-29 19:36:12.581  1993  1993 D SensorFeature: name=ssc_screenshot_info ,index = 22
07-29 19:36:12.581  1993  1993 D SensorFeature: write 29 bytes:46359888106,49131679563,128,0
07-29 19:36:12.645  1833  4479 I sensors-hal: handle_oplus_wise_rgb_event:189, high_pwm_light:lux 270.3,cct 3602.4,brl/algo/ir 1447.0/2.0/17.6,pwm/dc 0.0/0.0,rgbc 21043.718750/13042.555664/6015.903809/38765.933594,ts 49090899057,cnt 670,flag 128
07-29 19:36:12.648  1928  4473 I Dpps    : LtmSwState::SetParameter():144 ignore cmd 7 in state LtmOffState
--------- beginning of system
07-29 19:36:12.663  3460  3813 D VRR [OPlusGameStatusManager]: handleMessage: 7004
07-29 19:36:12.663  3460  3813 D VRR [OPlusGameStatusManager]: handleBrightnessDone
07-29 19:36:12.746 10753 11112 D BootUtil: savedDiffTime: 1753832123448, currentDiffTime: 1753832123448, isReboot: false
07-29 19:36:12.885  1993  1993 D SensorFeature: name=ssc_screenshot_info ,index = 22
07-29 19:36:12.885  1993  1993 D SensorFeature: write 29 bytes:46359888106,49435524667,129,0
07-29 19:36:12.911  1928  4473 I Dpps    : LtmSwState::SetParameter():144 ignore cmd 7 in state LtmOffState
07-29 19:36:13.012  3244  3244 E OplusTouchDaemon: ts_run_service: shellback temperature updated 37 (37293)
07-29 19:36:13.157  3460  4416 D ActivityManager: Freezer deadlock watchdog
07-29 19:36:13.184  3460  3784 D OplusFeatureHDREnhanceBrightness: notifySfForceUpdate, mFlinger is null 
07-29 19:36:13.186  3460  3784 D OplusFeatureHDREnhanceBrightness: checkIsPlayingHDR isPlayingHDR=0 rotation=0 whiteApp=false battery=100
07-29 19:36:13.187  1993  1993 D SensorFeature: name=ssc_screenshot_info ,index = 22
07-29 19:36:13.187  1993  1993 D SensorFeature: write 29 bytes:46359888106,49738083782,130,0
07-29 19:36:13.189  1833  4479 I sensors-hal: handle_oplus_wise_rgb_event:189, high_pwm_light:lux 270.2,cct 3595.4,brl/algo/ir 1447.0/2.0/17.2,pwm/dc 0.0/0.0,rgbc 21048.474609/13047.162109/6015.903809/38755.902344,ts 49680137911,cnt 680,flag 130
07-29 19:36:13.190  1928  4473 I Dpps    : LtmSwState::SetParameter():144 ignore cmd 7 in state LtmOffState
07-29 19:36:13.238  2005  2125 D BatteryChargeControl: bcc get no support from charging protocol
07-29 19:36:13.445  1928  4473 I Dpps    : LtmSwState::SetParameter():144 ignore cmd 7 in state LtmOffState
07-29 19:36:13.496  1993  1993 D SensorFeature: name=ssc_screenshot_info ,index = 22
07-29 19:36:13.496  1993  1993 D SensorFeature: write 29 bytes:46359888106,50045951855,131,0
07-29 19:36:13.710  1833  4479 I sensors-hal: handle_oplus_wise_rgb_event:189, high_pwm_light:lux 270.9,cct 3599.7,brl/algo/ir 1447.0/2.0/16.7,pwm/dc 0.0/0.0,rgbc 21034.207031/13042.555664/6019.752930/38750.886719,ts 50013128953,cnt 690,flag 131
07-29 19:36:13.712  1928  4473 I Dpps    : LtmSwState::SetParameter():144 ignore cmd 7 in state LtmOffState
07-29 19:36:13.751 10753 11112 D BootUtil: savedDiffTime: 1753832123448, currentDiffTime: 1753832123448, isReboot: false
07-29 19:36:13.804  1993  1993 D SensorFeature: name=ssc_screenshot_info ,index = 22
07-29 19:36:13.804  1993  1993 D SensorFeature: write 29 bytes:46359888106,50353980084,132,0
07-29 19:36:13.838  3460  4928 W Binder  : Outgoing transactions from this process must be FLAG_ONEWAY
07-29 19:36:13.838  3460  4928 W Binder  : java.lang.Throwable
07-29 19:36:13.838  3460  4928 W Binder  : 	at android.os.BinderProxy.transact(BinderProxy.java:633)
07-29 19:36:13.838  3460  4928 W Binder  : 	at android.content.ContentProviderProxy.insert(ContentProviderNative.java:587)
07-29 19:36:13.838  3460  4928 W Binder  : 	at android.content.ContentProviderClient.insert(ContentProviderClient.java:347)
07-29 19:36:13.838  3460  4928 W Binder  : 	at android.content.ContentProviderClient.insert(ContentProviderClient.java:336)
07-29 19:36:13.838  3460  4928 W Binder  : 	at com.oplus.util.OplusStatisticsImpl.insert(OplusStatisticsImpl.java:307)
07-29 19:36:13.838  3460  4928 W Binder  : 	at com.oplus.util.OplusStatisticsImpl.sendDataToDCS(OplusStatisticsImpl.java:287)
07-29 19:36:13.838  3460  4928 W Binder  : 	at com.oplus.util.OplusStatisticsImpl.flushInternal(OplusStatisticsImpl.java:264)
07-29 19:36:13.838  3460  4928 W Binder  : 	at com.oplus.util.OplusStatisticsImpl.lambda$setDelayFlushJobIfNeed$4(OplusStatisticsImpl.java:211)
07-29 19:36:13.838  3460  4928 W Binder  : 	at com.oplus.util.OplusStatisticsImpl.$r8$lambda$4UYTp2NCu6Rml69JNqEuK7o54SI(Unknown Source:0)
07-29 19:36:13.838  3460  4928 W Binder  : 	at com.oplus.util.OplusStatisticsImpl$$ExternalSyntheticLambda5.run(D8$$SyntheticClass:0)
07-29 19:36:13.838  3460  4928 W Binder  : 	at java.util.concurrent.Executors$RunnableAdapter.call(Executors.java:487)
07-29 19:36:13.838  3460  4928 W Binder  : 	at java.util.concurrent.FutureTask.run(FutureTask.java:290)
07-29 19:36:13.838  3460  4928 W Binder  : 	at java.util.concurrent.ScheduledThreadPoolExecutor$ScheduledFutureTask.run(ScheduledThreadPoolExecutor.java:307)
07-29 19:36:13.838  3460  4928 W Binder  : 	at java.util.concurrent.ThreadPoolExecutor.runWorker(ThreadPoolExecutor.java:1145)
07-29 19:36:13.838  3460  4928 W Binder  : 	at java.util.concurrent.ThreadPoolExecutor$Worker.run(ThreadPoolExecutor.java:644)
07-29 19:36:13.838  3460  4928 W Binder  : 	at java.lang.Thread.run(Thread.java:1012)
07-29 19:36:13.920  3460  5078 I OplusHansManager : uid=10157, pkg=com.baidu.input_oppo cannot transition from R to M, importance=input
07-29 19:36:13.974  1928  4473 I Dpps    : LtmSwState::SetParameter():144 ignore cmd 7 in state LtmOffState
07-29 19:36:14.110  1993  1993 D SensorFeature: name=ssc_screenshot_info ,index = 22
07-29 19:36:14.110  1993  1993 D SensorFeature: write 29 bytes:46359888106,50660382323,133,0
07-29 19:36:14.241  2005  2125 D BatteryChargeControl: bcc get no support from charging protocol
07-29 19:36:14.242  1833  4479 I sensors-hal: handle_oplus_wise_rgb_event:189, high_pwm_light:lux 269.8,cct 3588.8,brl/algo/ir 1447.0/2.0/17.7,pwm/dc 0.0/0.0,rgbc 21057.988281/13047.162109/6000.508301/38745.867188,ts 50626963796,cnt 700,flag 133
07-29 19:36:14.244  1928  4473 I Dpps    : LtmSwState::SetParameter():144 ignore cmd 7 in state LtmOffState
07-29 19:36:14.274  3460  4433 V AlarmManager: sending alarm Alarm{bfc70fa type 2 origWhen 50825 whenElapsed 50825 android} uid 1000 whenElapsed 50825 windowLength 0 maxWhenElapsed 50825 repeatInterval 0 action null component null tag $android.alarm.generated:1000:50825 flags 0x9 procName system_server
07-29 19:36:14.279  3460  3554 D LocationManagerService: network provider removed registration from 10154/com.coloros.assistantscreen/8568D55D
07-29 19:36:14.281  5032  6002 W BluetoothAdapterExtImpl: getBluetoothConnectionCount：mOplusBluetooth null!
07-29 19:36:14.283  5032  6002 D TelephonyImpl: isRequestingMms
07-29 19:36:14.284  5032  6002 D TelephonyImpl: getReleaseMmsNetworkTime
07-29 19:36:14.285  5032  6002 D OplusDdsSwitchStrategy: Md,OplusCheckFeature,RETURN_TO_CUR_ACTION_DDS
07-29 19:36:14.317  5242  5242 D SubsysEventListenerManager-SubsysTelephonyCallback[0]: onCellInfoChanged
07-29 19:36:14.417  1993  1993 D SensorFeature: name=ssc_screenshot_info ,index = 22
07-29 19:36:14.417  1993  1993 D SensorFeature: write 29 bytes:46359888106,50966552740,134,0
07-29 19:36:14.504  1928  4473 I Dpps    : LtmSwState::SetParameter():144 ignore cmd 7 in state LtmOffState
07-29 19:36:14.516  6621  6651 W System  : A resource failed to call AbstractCursor.close. 
07-29 19:36:14.516  6621  6651 W System  : A resource failed to call AbstractCursor.close. 
07-29 19:36:14.516  6621  6651 W System  : A resource failed to call AbstractCursor.close. 
07-29 19:36:14.516  6621  6651 W System  : A resource failed to call AbstractCursor.close. 
07-29 19:36:14.720  1993  1993 D SensorFeature: name=ssc_screenshot_info ,index = 22
07-29 19:36:14.721  1993  1993 D SensorFeature: write 29 bytes:46359888106,51270994146,135,0
07-29 19:36:14.770  1833  4479 I sensors-hal: handle_oplus_wise_rgb_event:189, high_pwm_light:lux 270.2,cct 3601.1,brl/algo/ir 1447.0/2.0/17.6,pwm/dc 0.0/0.0,rgbc 21048.474609/13028.740234/6019.752930/38750.886719,ts 51232678953,cnt 710,flag 135
07-29 19:36:14.772  1928  4473 I Dpps    : LtmSwState::SetParameter():144 ignore cmd 7 in state LtmOffState
07-29 19:36:14.817  5032  6449 I PCDR-common_no_service[0]: lift forbidden
07-29 19:36:14.817  5032  6449 I PCDR-common_no_45g[0]: lift forbidden
07-29 19:36:15.024  1993  1993 D SensorFeature: name=ssc_screenshot_info ,index = 22
07-29 19:36:15.025  1993  1993 D SensorFeature: write 29 bytes:46359888106,51574005344,136,0
07-29 19:36:15.027  3460  4674 E OplusNetworkStackManager: initService mNetworkStackService is null, try again in 10s
07-29 19:36:15.034 12844 12979 D ProfileInstaller: Installing profile for com.oplus.linker
07-29 19:36:15.036  3460  4397 D FusionLightNextGen: process end reported = 1, mode: 0, lux 509.0, cct -1.0, r/g/b/c: 21048.5/13028.7/6015.9/38781.0, R/G/B: 106.0/100.0/99.0, bri 1447.0, match 1.00, ir 0.017173, conf 0.0, ts 51556208119
07-29 19:36:15.037  1928  4473 I Dpps    : LtmSwState::SetParameter():144 ignore cmd 7 in state LtmOffState
07-29 19:36:15.076  3460  3732 D OomAdjuster: Not killing cached processes
07-29 19:36:15.165  1829  1829 D healthd : system healthd: battery l=100 v=4368 t=33.5 h=2 st=2 c=-163 fc=5920000 cc=19 chg=u
07-29 19:36:15.201  2005  2005 D vendor.oplus.hardware.charger-V7-service: get_ui_charge_icon_type 0 0 0 0 0
07-29 19:36:15.201  2005  2005 D vendor.oplus.hardware.charger-V7-service: oplus_chg_get_cpa_power 2500 charge_online 1 retention_topic 0
07-29 19:36:15.202  2005  2005 D vendor.oplus.hardware.charger-V7-service: oplus_chg_get_cpa_power 2500 charge_online 1 retention_topic 0
07-29 19:36:15.202  2005  2005 D vendor.oplus.hardware.charger-V7-service: getIsSingleHyperSupport=2, cpa_power=2
07-29 19:36:15.207  1811  1813 E Diag-Router: diag: glinkpkt_open: failed to create control node for slate_apps
07-29 19:36:15.207  1811  1813 E Diag-Router: diag: diag_glinkpkt_open_thread: Glinkpkt_open failed for perif: 12 with err: -1, retry_cnt: 8
07-29 19:36:15.207  1811  1814 E Diag-Router: diag: glinkpkt_open: failed to create control node for slate_adsp
07-29 19:36:15.207  1811  1814 E Diag-Router: diag: diag_glinkpkt_open_thread: Glinkpkt_open failed for perif: 13 with err: -1, retry_cnt: 8
07-29 19:36:15.242  2005  2125 D BatteryChargeControl: bcc get no support from charging protocol
07-29 19:36:15.303  3460  4818 I Osense-BaseDecisionMaker: notifySceneToAthenaPolicy: SCENE_IDLE_RECOVER, bundle: Bundle[{scene=SCENE_IDLE_RECOVER}]
07-29 19:36:15.305  3460  4818 I Osense-BaseDecisionMaker: scene: SCENE_IDLE_RECOVER, excutingPolicy: respreload
07-29 19:36:15.306  3460  4818 D Osense-BaseDecisionMaker: invoke process preload policy
07-29 19:36:15.306  3460  4818 I Osense-BaseDecisionMaker: scene: SCENE_IDLE_RECOVER, excutingPolicy: clear
07-29 19:36:15.306  3460  4818 D Osense-BaseDecisionMaker: invoke clear policy,type: unforbid
07-29 19:36:15.306  3460  4818 I OsenseKillAction: KillAction: unhandled request: id=9, enable=true, scene=SCENE_IDLE_RECOVER, type=unforbid, cchOnly=false, appcare=0
07-29 19:36:15.329  1993  1993 D SensorFeature: name=ssc_screenshot_info ,index = 22
07-29 19:36:15.329  1993  1993 D SensorFeature: write 29 bytes:46359888106,51879161385,137,0
07-29 19:36:15.332  1833  4479 I sensors-hal: handle_oplus_wise_rgb_event:189, high_pwm_light:lux 270.3,cct 3593.7,brl/algo/ir 1447.0/2.0/17.4,pwm/dc 0.0/0.0,rgbc 21062.746094/13079.400391/6004.356934/38791.019531,ts 51805241088,cnt 720,flag 137
07-29 19:36:15.335  1928  4473 I Dpps    : LtmSwState::SetParameter():144 ignore cmd 7 in state LtmOffState
07-29 19:36:15.458  2005  2107 D vendor.oplus.hardware.charger-V7-service: s_chg_user_mode: 3
07-29 19:36:15.459  2005  2107 D vendor.oplus.hardware.charger-V7-service: scale_chg Start!!!
07-29 19:36:15.459  2005  2107 D vendor.oplus.hardware.charger-V7-service: [0, 0, 3]
07-29 19:36:15.459  2005  2107 D vendor.oplus.hardware.charger-V7-service: [0, 2, 9]
07-29 19:36:15.459  2005  2107 D vendor.oplus.hardware.charger-V7-service: [0, 1, 3]
07-29 19:36:15.459  2005  2107 D vendor.oplus.hardware.charger-V7-service: [0, 3, 3]
07-29 19:36:15.460  2005  2107 D vendor.oplus.hardware.charger-V7-service: [0, 4, 3]
07-29 19:36:15.460  2005  2107 D vendor.oplus.hardware.charger-V7-service: [0, 5, 5]
07-29 19:36:15.460  2005  2107 D vendor.oplus.hardware.charger-V7-service: [0, 6, 9]
07-29 19:36:15.460  2005  2107 D vendor.oplus.hardware.charger-V7-service: scale_chg Start!!!
07-29 19:36:15.460  2005  2107 D vendor.oplus.hardware.charger-V7-service: [0, 0, 3]
07-29 19:36:15.460  2005  2107 D vendor.oplus.hardware.charger-V7-service: [0, 2, 10]
07-29 19:36:15.460  2005  2107 D vendor.oplus.hardware.charger-V7-service: [0, 1, 3]
07-29 19:36:15.460  2005  2107 D vendor.oplus.hardware.charger-V7-service: [0, 3, 3]
07-29 19:36:15.461  2005  2107 D vendor.oplus.hardware.charger-V7-service: [0, 4, 3]
07-29 19:36:15.461  2005  2107 D vendor.oplus.hardware.charger-V7-service: [0, 5, 3]
07-29 19:36:15.461  2005  2107 D vendor.oplus.hardware.charger-V7-service: [0, 6, 10]
07-29 19:36:15.472  2005  2120 D vendor.oplus.hardware.charger-V7-service: ret_value:112, read content:,335,362,4368,4366,-163,95,100,1,1,0,494,4658,97,1,4475,300,500,0,7,-22,7,0,1,0,2,0,0,0,1,6098,99,0,0,0,0,0,0,0
07-29 19:36:15.472  2005  2120 D vendor.oplus.hardware.charger-V7-service: gmtime: 2025-07-29-19-36-15
07-29 19:36:15.473  2005  2120 D vendor.oplus.hardware.charger-V7-service: usb_online:1, ac_online:-2147483648, wireless_online:0
07-29 19:36:15.572  1928  4473 I Dpps    : LtmSwState::SetParameter():144 ignore cmd 7 in state LtmOffState
07-29 19:36:15.632  1993  1993 D SensorFeature: name=ssc_screenshot_info ,index = 22
07-29 19:36:15.632  1993  1993 D SensorFeature: write 29 bytes:46359888106,52182065083,138,0
07-29 19:36:15.648  3460  3665 D Theia.TransparentWindow: handleMessage CHECK_TRANS_WINDOW_ERROR_MSG
07-29 19:36:15.835  1833  4479 I sensors-hal: handle_oplus_wise_rgb_event:189, high_pwm_light:lux 270.4,cct 3602.3,brl/algo/ir 1447.0/2.0/17.5,pwm/dc 0.0/0.0,rgbc 21067.501953/13028.740234/6004.356934/38791.019531,ts 52146678223,cnt 730,flag 138
07-29 19:36:15.837  1928  4473 I Dpps    : LtmSwState::SetParameter():144 ignore cmd 7 in state LtmOffState
07-29 19:36:15.935  1993  1993 D SensorFeature: name=ssc_screenshot_info ,index = 22
07-29 19:36:15.935  1993  1993 D SensorFeature: write 29 bytes:46359888106,52485999562,139,0
07-29 19:36:16.099  1928  4473 I Dpps    : LtmSwState::SetParameter():144 ignore cmd 7 in state LtmOffState
07-29 19:36:16.238  1993  1993 D SensorFeature: name=ssc_screenshot_info ,index = 22
07-29 19:36:16.238  1993  1993 D SensorFeature: write 29 bytes:46359888106,52788335812,140,0
07-29 19:36:16.242  2005  2125 D BatteryChargeControl: bcc get no support from charging protocol
07-29 19:36:16.367  1833  4479 I sensors-hal: handle_oplus_wise_rgb_event:189, high_pwm_light:lux 270.9,cct 3598.0,brl/algo/ir 1447.0/2.0/16.8,pwm/dc 0.0/0.0,rgbc 21086.529297/13037.951172/6004.356934/38770.953125,ts 52752313900,cnt 740,flag 140
07-29 19:36:16.369  1928  4473 I Dpps    : LtmSwState::SetParameter():144 ignore cmd 7 in state LtmOffState
07-29 19:36:16.541  1993  1993 D SensorFeature: name=ssc_screenshot_info ,index = 22
07-29 19:36:16.541  1993  1993 D SensorFeature: write 29 bytes:46359888106,53091344301,141,0
07-29 19:36:16.629  5242  5978 E OplusNetworkStackManager: initService mNetworkStackService is null, try again in 10s
07-29 19:36:16.630  1928  4473 I Dpps    : LtmSwState::SetParameter():144 ignore cmd 7 in state LtmOffState
07-29 19:36:16.847  1993  1993 D SensorFeature: name=ssc_screenshot_info ,index = 22
07-29 19:36:16.847  1993  1993 D SensorFeature: write 29 bytes:46359888106,53397583833,142,0
07-29 19:36:16.898  1833  4479 I sensors-hal: handle_oplus_wise_rgb_event:189, high_pwm_light:lux 270.6,cct 3597.1,brl/algo/ir 1447.0/2.0/17.1,pwm/dc 0.0/0.0,rgbc 21062.746094/13028.740234/6019.752930/38765.933594,ts 53357938484,cnt 750,flag 142
07-29 19:36:16.901  1928  4473 I Dpps    : LtmSwState::SetParameter():144 ignore cmd 7 in state LtmOffState
07-29 19:36:17.154  1993  1993 D SensorFeature: name=ssc_screenshot_info ,index = 22
07-29 19:36:17.154  1993  1993 D SensorFeature: write 29 bytes:46359888106,53703719770,143,0
07-29 19:36:17.162  1928  4473 I Dpps    : LtmSwState::SetParameter():144 ignore cmd 7 in state LtmOffState
07-29 19:36:17.243  2005  2125 D BatteryChargeControl: bcc get no support from charging protocol
07-29 19:36:17.289  4961  6236 E OplusNetworkStackManager: initService mNetworkStackService is null, try again in 10s
07-29 19:36:17.412  6551  6571 E oiface  : sched_setaffinity failed
07-29 19:36:17.413  2005  2005 D vendor.oplus.hardware.charger-V7-service: getChargerControl:
07-29 19:36:17.426  1994  7770 E PerformanceService: storage_feature: open /sys/devices/platform/soc/112b0000.ufshci//virtualtlcbuff fail
07-29 19:36:17.433  3460  4225 W BestClock: java.time.DateTimeException: Missing network time fix
07-29 19:36:17.434  3460  4225 W BestClock: java.time.DateTimeException: Missing network time fix
07-29 19:36:17.434  3460  4225 W BestClock: java.time.DateTimeException: Missing network time fix
07-29 19:36:17.457  1993  1993 D SensorFeature: name=ssc_screenshot_info ,index = 22
07-29 19:36:17.457  1993  1993 D SensorFeature: write 29 bytes:46359888106,54007861957,144,0
07-29 19:36:17.460  1833  4479 I sensors-hal: handle_oplus_wise_rgb_event:189, high_pwm_light:lux 270.7,cct 3605.7,brl/algo/ir 1447.0/2.0/16.9,pwm/dc 0.0/0.0,rgbc 21067.501953/13042.555664/6019.752930/38780.984375,ts 53930332286,cnt 760,flag 144
07-29 19:36:17.461  1928  4473 I Dpps    : LtmSwState::SetParameter():144 ignore cmd 7 in state LtmOffState
07-29 19:36:17.693  3460  4397 D FusionLightNextGen: process end reported = 1, mode: 0, lux 508.7, cct -1.0, r/g/b/c: 21039.0/13070.2/6008.2/38771.0, R/G/B: 106.0/100.0/99.0, bri 1447.0, match 1.00, ir 0.017658, conf 0.0, ts 54014443744
07-29 19:36:17.694  1928  4473 I Dpps    : LtmSwState::SetParameter():144 ignore cmd 7 in state LtmOffState
07-29 19:36:17.764  1993  1993 D SensorFeature: name=ssc_screenshot_info ,index = 22
07-29 19:36:17.764  1993  1993 D SensorFeature: write 29 bytes:46359888106,54313944249,145,0
07-29 19:36:17.958  1833  4479 I sensors-hal: handle_oplus_wise_rgb_event:189, high_pwm_light:lux 270.1,cct 3598.3,brl/algo/ir 1447.0/2.0/17.5,pwm/dc 0.0/0.0,rgbc 21034.207031/13065.583008/6015.903809/38745.867188,ts 54280103119,cnt 770,flag 145
07-29 19:36:17.960  1928  4473 I Dpps    : LtmSwState::SetParameter():144 ignore cmd 7 in state LtmOffState
07-29 19:36:18.069  1993  1993 D SensorFeature: name=ssc_screenshot_info ,index = 22
07-29 19:36:18.069  1993  1993 D SensorFeature: write 29 bytes:46359888106,54618686645,146,0
07-29 19:36:18.117  5242  5242 D RFPowerBoostManager: my thermal listener proxy invoke method:notifyThermalBroadCast args len:2
07-29 19:36:18.117  5242  5242 D RFPowerBoostManager: current temp is 36, mInCalling is false, current threshold is 41
07-29 19:36:18.119  5032  5997 W h       : networkLogger fail！
07-29 19:36:18.119  5032  5997 D Acc-OplusLinkBoostCommon: notifyThermalBroadCast level = 5 temp = 36,lastTemp: 37 ,th: 44
07-29 19:36:18.119  6538  6552 E horae   : Horae service notifyComponentHeat caught exception -2
07-29 19:36:18.120  6538  6552 E horae   : Horae service notifyComponentHeat caught exception -2
07-29 19:36:18.226  1928  4473 I Dpps    : LtmSwState::SetParameter():144 ignore cmd 7 in state LtmOffState
07-29 19:36:18.244  2005  2125 D BatteryChargeControl: bcc get no support from charging protocol
07-29 19:36:18.375  1993  1993 D SensorFeature: name=ssc_screenshot_info ,index = 22
07-29 19:36:18.376  1993  1993 D SensorFeature: write 29 bytes:46359888106,54925440863,147,0
07-29 19:36:18.491  1833  4479 I sensors-hal: handle_oplus_wise_rgb_event:189, high_pwm_light:lux 270.2,cct 3593.8,brl/algo/ir 1447.0/2.0/17.3,pwm/dc 0.0/0.0,rgbc 21062.746094/13024.133789/6031.299805/38735.835938,ts 54885766348,cnt 780,flag 147
07-29 19:36:18.493  1928  4473 I Dpps    : LtmSwState::SetParameter():144 ignore cmd 7 in state LtmOffState
07-29 19:36:18.678  1993  1993 D SensorFeature: name=ssc_screenshot_info ,index = 22
07-29 19:36:18.679  1993  1993 D SensorFeature: write 29 bytes:46359888106,55228883936,148,0
07-29 19:36:18.759  1928  4473 I Dpps    : LtmSwState::SetParameter():144 ignore cmd 7 in state LtmOffState
07-29 19:36:18.929  3460  5078 I OplusHansManager : uid=10157, pkg=com.baidu.input_oppo cannot transition from R to M, importance=input
07-29 19:36:18.982  1993  1993 D SensorFeature: name=ssc_screenshot_info ,index = 22
07-29 19:36:18.982  1993  1993 D SensorFeature: write 29 bytes:46359888106,55532350134,149,0
07-29 19:36:19.022  1833  4479 I sensors-hal: handle_oplus_wise_rgb_event:189, high_pwm_light:lux 270.1,cct 3596.7,brl/algo/ir 1447.0/2.0/17.6,pwm/dc 0.0/0.0,rgbc 21038.962891/13047.162109/6004.356934/38765.933594,ts 55491362963,cnt 790,flag 149
07-29 19:36:19.024  1928  4473 I Dpps    : LtmSwState::SetParameter():144 ignore cmd 7 in state LtmOffState
07-29 19:36:19.245  2005  2125 D BatteryChargeControl: bcc get no support from charging protocol
07-29 19:36:19.285  1993  1993 D SensorFeature: name=ssc_screenshot_info ,index = 22
07-29 19:36:19.285  1993  1993 D SensorFeature: write 29 bytes:46359888106,55835759665,150,0
07-29 19:36:19.286  1833  1941 I sensors-hal: get_display_brightness:818, light_iface: set screenshot_info [46359888106,55835759665,150,0]
07-29 19:36:19.290  1928  4473 I Dpps    : LtmSwState::SetParameter():144 ignore cmd 7 in state LtmOffState
07-29 19:36:19.539  6495  7951 E OplusNetworkStackManager: initService mNetworkStackService is null, try again in 10s
07-29 19:36:19.589  1993  1993 D SensorFeature: name=ssc_screenshot_info ,index = 22
07-29 19:36:19.590  1993  1993 D SensorFeature: write 29 bytes:46359888106,56139699092,151,0
07-29 19:36:19.594  1833  4479 I sensors-hal: handle_oplus_wise_rgb_event:189, high_pwm_light:lux 270.3,cct 3598.2,brl/algo/ir 1447.0/2.0/17.2,pwm/dc 0.0/0.0,rgbc 21077.015625/13037.951172/6023.601562/38760.917969,ts 56055800359,cnt 800,flag 151
07-29 19:36:19.595  1928  4473 I Dpps    : LtmSwState::SetParameter():144 ignore cmd 7 in state LtmOffState
07-29 19:36:19.820  1928  4473 I Dpps    : LtmSwState::SetParameter():144 ignore cmd 7 in state LtmOffState
07-29 19:36:19.893  1993  1993 D SensorFeature: name=ssc_screenshot_info ,index = 22
07-29 19:36:19.893  1993  1993 D SensorFeature: write 29 bytes:46359888106,56443019717,152,0
07-29 19:36:20.087  1833  4479 I sensors-hal: handle_oplus_wise_rgb_event:189, high_pwm_light:lux 270.1,cct 3600.7,brl/algo/ir 1447.0/2.0/17.6,pwm/dc 0.0/0.0,rgbc 21053.232422/13051.766602/6008.206055/38775.968750,ts 56405384265,cnt 810,flag 152
07-29 19:36:20.089  1928  4473 I Dpps    : LtmSwState::SetParameter():144 ignore cmd 7 in state LtmOffState
07-29 19:36:20.192  1954  2001 I [UAH_CLIENT]: UahPlatformResAcquire
07-29 19:36:20.193  1954  2001 I [UAH_CLIENT]: UahEventAcquire, cmdid:-3, pkg:1954 12891, identity:qcom-perfd
07-29 19:36:20.194  1954  2001 E PERFHAL-RESOURCEQS: PERFHAL-RESOURCEQS: AddAndApply() 130: Resource with major=18, minor=41 not supported
07-29 19:36:20.196  1993  1993 D SensorFeature: name=ssc_screenshot_info ,index = 22
07-29 19:36:20.196  1993  1993 D SensorFeature: write 29 bytes:46359888106,56747095446,153,0
07-29 19:36:20.207  1811  1813 E Diag-Router: diag: glinkpkt_open: failed to create control node for slate_apps
07-29 19:36:20.207  1811  1814 E Diag-Router: diag: glinkpkt_open: failed to create control node for slate_adsp
07-29 19:36:20.207  1811  1814 E Diag-Router: diag: diag_glinkpkt_open_thread: Glinkpkt_open failed for perif: 13 with err: -1, retry_cnt: 9
07-29 19:36:20.207  1811  1813 E Diag-Router: diag: diag_glinkpkt_open_thread: Glinkpkt_open failed for perif: 12 with err: -1, retry_cnt: 9
07-29 19:36:20.245  2005  2125 D BatteryChargeControl: bcc get no support from charging protocol
07-29 19:36:20.285  1829  1829 D healthd : system healthd: battery l=100 v=4369 t=33.5 h=2 st=2 c=-170 fc=5920000 cc=19 chg=u
07-29 19:36:20.310 12896 12982 I SystemFeature: operator:{oppo.cmcc.mp:false, browser.cmcc:false, browser.test.cmcc:false, browser.cmcc.bookmark:false, browser.test.cmcc.bookmark:false, browser.cmcc.home:false, browser.test.cmcc.home:false
07-29 19:36:20.310 12896 12982 I SystemFeature: cu.optr:false, browser.cu:false, browser.test.cu:false
07-29 19:36:20.310 12896 12982 I SystemFeature: ct.optr:false, browser.ct:false, browser.test.ct:false
07-29 19:36:20.310 12896 12982 I SystemFeature: }
07-29 19:36:20.313 12896 12982 I IdentityUtil: initIdentity: success, duidInit=true, uuid=d7830aefe1185a1d969e64bfc89f60a7
07-29 19:36:20.314  7641  7669 I OpenID  : com.heytap.pictorial:3142:ret:T
07-29 19:36:20.319 12896 12982 D Identity: nonceAndCounter: 41e756b46db537ad0000000000000007
07-29 19:36:20.322  2005  2005 D vendor.oplus.hardware.charger-V7-service: get_ui_charge_icon_type 0 0 0 0 0
07-29 19:36:20.322  2005  2005 D vendor.oplus.hardware.charger-V7-service: oplus_chg_get_cpa_power 2500 charge_online 1 retention_topic 0
07-29 19:36:20.322  2005  2005 D vendor.oplus.hardware.charger-V7-service: oplus_chg_get_cpa_power 2500 charge_online 1 retention_topic 0
07-29 19:36:20.322  2005  2005 D vendor.oplus.hardware.charger-V7-service: getIsSingleHyperSupport=2, cpa_power=2
07-29 19:36:20.323  3460  3754 D BatteryStatsImplExtImpl: mActiveProcesses size = 71
07-29 19:36:20.325  3460  3754 D BatteryStatsImplExtImpl: rpmhStats is null or interval time is too short.
07-29 19:36:20.348  3460  4397 D FusionLightNextGen: process end reported = 1, mode: 0, lux 509.5, cct -1.0, r/g/b/c: 21067.5/13051.8/6000.5/38796.0, R/G/B: 106.0/100.0/99.0, bri 1447.0, match 1.00, ir 0.017328, conf 0.0, ts 56728714317
07-29 19:36:20.348  1928  4473 I Dpps    : LtmSwState::SetParameter():144 ignore cmd 7 in state LtmOffState
07-29 19:36:20.375  1197 12940 I keystore2: system/security/keystore2/watchdog/src/lib.rs:319 - Watchdog thread idle -> terminating. Have a great day.
07-29 19:36:20.445  3460  5339 I InputDispatcher: injectInputEvent: targetUid=<not set>, syncMode=WAIT_FOR_FINISHED, timeout=30000ms, policyFlags=0x8000000, event=MotionEvent { action=DOWN, id[0]=0, x[0]=900, y[0]=30, eventTime=56996000000, downTime=56996000000, deviceId=4, source=TOUCHSCREEN, displayId=0, eventId=0xfa1a11ff}
07-29 19:36:20.446  2173  3723 D VRR [OTI]: handleIdle from 1 to 0
07-29 19:36:20.446  2173  3723 D VRR [OTI-HW]: isStateReady 0
07-29 19:36:20.446  2173  3723 D VRR [OTI-HW]: restore sys rate.
07-29 19:36:20.446  2173  3723 D VRR [RefreshRateDirector]: requestRefreshRateByOti update [ oti-hw, {fps=120, modePtr={id=4, vsyncRate=120.00 Hz, peakRefreshRate=120.00 Hz}} ]
07-29 19:36:20.446  2173  3723 D VRR [RefreshRateDirector]: selectBestFrameRate DirectorMapOti [oti-hw, {fps=120, modePtr={id=4, vsyncRate=120.00 Hz, peakRefreshRate=120.00 Hz}}]
07-29 19:36:20.446  2173  3723 D VRR [RefreshRateDirector]: updateBestFrameRate [oti-hw, {fps=120, modePtr={id=4, vsyncRate=120.00 Hz, peakRefreshRate=120.00 Hz}}]
07-29 19:36:20.446  2173  3723 D SurfaceFlinger: VRR [SurfaceFlinger] setDesiredActiveMode: displayId: 4630946756802996883, renderRate: 120, vsyncRate: 120, event: 1
07-29 19:36:20.446  2173  3723 D DisplayModeController: setDesiredMode 4630946756802996883 {mode={fps=120.00 Hz, modePtr={id=4, vsyncRate=120.00 Hz, peakRefreshRate=120.00 Hz}}, emitEvent=true, force=false}
07-29 19:36:20.446  3460  4853 I [UAH_CLIENT]: UahEventAcquire, cmdid:37, pkg:none, identity:OplusUAwareInputHelper
07-29 19:36:20.446  3460  4666 D OMP_Detector: D:done mCurrStatus: 0
07-29 19:36:20.447  3460  3780 D PowerManagerService: userActivityNoUpdateLocked: groupId=0, eventTime=56996, event=touch, flags=0x0, uid=1000
07-29 19:36:20.447  3460  4853 D UAH-UahAdaptHelper: adaptSetNotification identity = OplusUAwareInputHelpersrc = 1000 , type 0 ,p1 = -1 ,p2 = -1 ,p3 = -1 ,p4 =
07-29 19:36:20.447  3460  4853 I [UAH_CLIENT]: uahRuleCtl, ruleId:1000, status:0
07-29 19:36:20.447  2173  2173 I DisplayModeController: hwc begin mode change to 8333333
07-29 19:36:20.447  2173  2173 I HWC2    : [0] setActiveConfigWithConstraints[4]
07-29 19:36:20.447  1928  1928 W SDM     : HWDeviceDRM::GetSupportedBitClkRate: Requested rate not supported: 1363200000
07-29 19:36:20.448  1928  1928 I SDM     : HWDeviceDRM::UpdateMixerAttributes: Mixer WxH 1440x3168-1 for Peripheral
07-29 19:36:20.448  1928  1928 I CwbService: CwbService::notifyConfigChange: display:0, config:4 size:4, sec.size():0
07-29 19:36:20.448  1928  1928 I CwbService: CwbService::notifyConfigChange: display: 0, config = 0
07-29 19:36:20.448  1954  2001 I [UAH_CLIENT]: UahPlatformResAcquire
07-29 19:36:20.448  1954  2001 I [UAH_CLIENT]: UahEventAcquire, cmdid:-3, pkg:2173 7083, identity:qcom-perfd
07-29 19:36:20.448  1928  3671 I CasManager: Fps changed from 60 to 120
07-29 19:36:20.448  4892  4892 V AutofillManager: requestHideFillUi(null): anchor = null
07-29 19:36:20.448  4892  4892 V Application: getAutofillClient(): null on super, trying to find activity thread
07-29 19:36:20.448  1928  3671 I CasManager: Fps changed, not change bin, so trigger gain
07-29 19:36:20.448  4892  4892 V Application: getAutofillClient(): none of the 0 activities on com.android.systemui.SystemUIApplication@d32959f are top resumed nor have focus
07-29 19:36:20.448  4892  4892 V AutofillManager: No AutofillClient for com.android.systemui on context com.android.systemui.SystemUIApplication@d32959f
07-29 19:36:20.448  1954  2001 E PERFHAL-RESOURCEQS: PERFHAL-RESOURCEQS: AddAndApply() 130: Resource with major=18, minor=41 not supported
07-29 19:36:20.448  1928  3671 W SDM     : DemuraIntfImpl::ProcessOemPluginGain: Thermal intf_ is nullptr 0, default to 25 degree
07-29 19:36:20.448  1928  3671 I SDM     : CasQcPlugIn::ProcessPerCompGainOppo: input params, mode:PWM, fps:120, dbv:1447
07-29 19:36:20.448  1928  3671 I SDM     : CasQcPlugIn::ProcessPerCompGainOppo: normalized bright_adj:1024, dbv:1447, bin_dbv:1083, 
07-29 19:36:20.448  1928  3671 I SDM     : CasQcPlugIn::ProcessPerCompGainOppo: gains print start =====================
07-29 19:36:20.448  1928  3671 I SDM     : CasQcPlugIn::ProcessPerCompGainOppo: gain --------------------------------
07-29 19:36:20.448  1928  3671 I SDM     : CasQcPlugIn::ProcessPerCompGainOppo: old: 0 0 0 57 90 322 1201 3072
07-29 19:36:20.448  1928  3671 I SDM     : CasQcPlugIn::ProcessPerCompGainOppo: new: 0 0 0 47 77 278 1039 3072
07-29 19:36:20.448  1928  3671 I SDM     : CasQcPlugIn::ProcessPerCompGainOppo: gain --------------------------------
07-29 19:36:20.448  1928  3671 I SDM     : CasQcPlugIn::ProcessPerCompGainOppo: old: 0 0 0 64 125 373 1336 3072
07-29 19:36:20.448  1928  3671 I SDM     : CasQcPlugIn::ProcessPerCompGainOppo: new: 0 0 0 53 99 373 1336 3072
07-29 19:36:20.448  1928  3671 I SDM     : CasQcPlugIn::ProcessPerCompGainOppo: gain --------------------------------
07-29 19:36:20.448  1928  3671 I SDM     : CasQcPlugIn::ProcessPerCompGainOppo: old: 0 0 0 42 83 323 1222 3072
07-29 19:36:20.448  1928  3671 I SDM     : CasQcPlugIn::ProcessPerCompGainOppo: new: 0 0 0 35 83 323 1222 3072
07-29 19:36:20.448  1928  3671 I SDM     : CasQcPlugIn::ProcessPerCompGainOppo: gains print end =======================
07-29 19:36:20.448  1954  2001 I [UAH_CLIENT]: UahRelease, handle:33
07-29 19:36:20.449  4892  4892 I PluginSeedling--Capsule: CapsuleTouchEventHandler-->onInterceptTouchEvent interceptEvent: false
07-29 19:36:20.450  3460  3667 W UserAwareMgr: can not find match thread: GaussianBlur for process com.android.systemui
07-29 19:36:20.451  4892  6105 I [UAH_CLIENT]: UahEventAcquire, cmdid:97, pkg:none, identity:OsenseHelperImpl
07-29 19:36:20.451  4892  4892 I SystemUi--Common: ScrollTranslationValue-->resetPanelTranslationY
07-29 19:36:20.451  4892  4892 I SystemUi--QuickSettings: OplusPanelViewPagerController-->initExpanded downExpanded=NONE downOnRight=true targetPage=NOTIFICATION downOnYHotArea=true  isKeyguardShowing=false isOnKeyguard=false fractionListeners.size=0 currentQsFraction=0.0 currentNotifyFraction=0.0 hasCalledDownEvent=true getScrollXHotZone=([Rect(0, 0 - 1080, 2376)], [Rect(-1, -1 - -1, -1), Rect(157, 1999 - 283, 2125), Rect(823, 1999 - 949, 2125)]) getScrollYHotZone=Rect(0, 0 - 1080, 66) notifyExpandedFraction=0.0 isLastUpToExpand=false qsPanelView.translationX=0.0
07-29 19:36:20.451  4892  4892 I SystemUi--QuickSettings: OplusPanelViewPagerController-->shouldOpenQS  set targetPage=QS
07-29 19:36:20.451  4892  4892 I SystemUi--Common: ScrollTranslationValue-->resetPanelTranslationY
07-29 19:36:20.451  4892  4892 I SystemUi--QuickSettings: OplusPanelViewPagerController-->initExpanded downExpanded=NONE downOnRight=true targetPage=QS downOnYHotArea=true  isKeyguardShowing=false isOnKeyguard=false fractionListeners.size=0 currentQsFraction=0.0 currentNotifyFraction=0.0 hasCalledDownEvent=true getScrollXHotZone=([Rect(0, 0 - 1080, 2376)], [Rect(-1, -1 - -1, -1), Rect(157, 1999 - 283, 2125), Rect(823, 1999 - 949, 2125)]) getScrollYHotZone=Rect(0, 0 - 1080, 66) notifyExpandedFraction=0.0 isLastUpToExpand=false qsPanelView.translationX=0.0
07-29 19:36:20.451  4892  4892 I SystemUi--QuickSettings: OplusPanelViewPagerController-->shouldOpenQS  set targetPage=QS
07-29 19:36:20.452  4892  4892 I SystemUi--QuickSettings: OplusQSPageViewController-->reset(), pageList size:2 itemCount:2 oldIndex:0 curIndex:0
07-29 19:36:20.452  4892  4892 I SystemUi--QuickSettings: OplusQSRootViewController-->startExpandMotion event: 0, startTracking: false isClosing: false panelClosedOnDown: true
07-29 19:36:20.452  4892  4892 I SystemUi--QuickSettings: OplusQSRootViewController-->initialOffsetOnTouch: 0.0, panelClosedOnDown: true
07-29 19:36:20.452  4892  4892 I SystemUi--QuickSettings: OplusQSRootView-->disallowChildIntercept:false
07-29 19:36:20.452  4892  4892 I SystemUi--QuickSettings: OplusQSRootViewController-->startExpandMotion event: 0, startTracking: false isClosing: false panelClosedOnDown: true
07-29 19:36:20.452  4892  4892 I SystemUi--QuickSettings: OplusQSRootViewController-->initialOffsetOnTouch: 0.0, panelClosedOnDown: true
07-29 19:36:20.452  4892  4892 I SystemUi--QuickSettings: OplusQSRootViewController-->onTouchEvent() ACTION_DOWN, canSlideHToQSOnStatusBar:true, gestureWaitForTouchSlop:true, panelClosedOnDown:true, panelClosingOnDown:false, pointerIndex:0
07-29 19:36:20.452  3460  5339 I InputDispatcher: injectInputEvent: targetUid=<not set>, syncMode=WAIT_FOR_FINISHED, timeout=30000ms, policyFlags=0x8000000, event=MotionEvent { action=MOVE, id[0]=0, x[0]=900, y[0]=82.5332, eventTime=57004000000, downTime=56996000000, deviceId=4, source=TOUCHSCREEN, displayId=0, eventId=0xf4300dd2}
07-29 19:36:20.452  3460  4853 I [UAH_CLIENT]: UahEventAcquire, cmdid:68, pkg:none, identity:OplusUAwareInputHelper
07-29 19:36:20.453  1928  3671 I SDM     : DemuraIntfImpl::StageAllData: Staged all data to Demura Driver!
07-29 19:36:20.453  1928  3671 I SDM     : HWPeripheralDRM::SetPanelFeature: Set Panel feature property 19
07-29 19:36:20.453  1928  3671 I SDM     : HWPeripheralDRM::SetPanelFeature: Set Panel feature property 7
07-29 19:36:20.453  1928  3671 I SDM     : DisplayBuiltIn::TriggerDemuraOemPlugIn: Trigger demura oem plugin success
07-29 19:36:20.461  2005  2107 D vendor.oplus.hardware.charger-V7-service: s_chg_user_mode: 3
07-29 19:36:20.461  2005  2107 D vendor.oplus.hardware.charger-V7-service: scale_chg Start!!!
07-29 19:36:20.461  2005  2107 D vendor.oplus.hardware.charger-V7-service: [0, 0, 3]
07-29 19:36:20.461  2005  2107 D vendor.oplus.hardware.charger-V7-service: [0, 2, 9]
07-29 19:36:20.461  2005  2107 D vendor.oplus.hardware.charger-V7-service: [0, 1, 3]
07-29 19:36:20.461  2005  2107 D vendor.oplus.hardware.charger-V7-service: [0, 3, 3]
07-29 19:36:20.461  2005  2107 D vendor.oplus.hardware.charger-V7-service: [0, 4, 3]
07-29 19:36:20.461  2005  2107 D vendor.oplus.hardware.charger-V7-service: [0, 5, 5]
07-29 19:36:20.461  2005  2107 D vendor.oplus.hardware.charger-V7-service: [0, 6, 9]
07-29 19:36:20.461  2005  2107 D vendor.oplus.hardware.charger-V7-service: scale_chg Start!!!
07-29 19:36:20.461  2005  2107 D vendor.oplus.hardware.charger-V7-service: [0, 0, 3]
07-29 19:36:20.461  2005  2107 D vendor.oplus.hardware.charger-V7-service: [0, 2, 10]
07-29 19:36:20.461  2005  2107 D vendor.oplus.hardware.charger-V7-service: [0, 1, 3]
07-29 19:36:20.462  2005  2107 D vendor.oplus.hardware.charger-V7-service: [0, 3, 3]
07-29 19:36:20.462  2005  2107 D vendor.oplus.hardware.charger-V7-service: [0, 4, 3]
07-29 19:36:20.462  2005  2107 D vendor.oplus.hardware.charger-V7-service: [0, 5, 3]
07-29 19:36:20.462  2005  2107 D vendor.oplus.hardware.charger-V7-service: [0, 6, 10]
07-29 19:36:20.467  4892  4892 I SystemUi--QuickSettings: OplusQSRootViewController-->startExpandMotion event: 2, startTracking: true isClosing: false panelClosedOnDown: true
07-29 19:36:20.467  4892  4892 I SystemUi--QuickSettings: OplusQSRootViewController-->endClosing()
07-29 19:36:20.467  4892  4892 I SystemUi--QuickSettings: QSPanelExpandFraction-->updateFraction, stiffness=500.0, finalPosition=0.26266602
07-29 19:36:20.468  3460  5339 I InputDispatcher: injectInputEvent: targetUid=<not set>, syncMode=WAIT_FOR_FINISHED, timeout=30000ms, policyFlags=0x8000000, event=MotionEvent { action=MOVE, id[0]=0, x[0]=900, y[0]=181.033, eventTime=57019000000, downTime=56996000000, deviceId=4, source=TOUCHSCREEN, displayId=0, eventId=0xc70fc18e}
07-29 19:36:20.468  3460  4454 D SystemGestures: detectSwipe: 1
07-29 19:36:20.473  2005  2120 D vendor.oplus.hardware.charger-V7-service: ret_value:112, read content:,335,358,4369,4368,-170,95,100,1,1,0,491,4653,97,1,4475,300,500,0,7,-22,7,0,1,0,2,0,0,0,1,6098,99,0,0,0,0,0,0,0
07-29 19:36:20.473  2005  2120 D vendor.oplus.hardware.charger-V7-service: gmtime: 2025-07-29-19-36-20
07-29 19:36:20.473  2005  2120 D vendor.oplus.hardware.charger-V7-service: usb_online:1, ac_online:-2147483648, wireless_online:0
07-29 19:36:20.481  3460  3568 I DisplayDeviceRepository: Display device changed render timings: "Built-in Screen", renderFrameRate=120.00001, presentationDeadlineNanos=11333333, appVsyncOffsetNanos=1000000
07-29 19:36:20.481  2173  3723 D VRR [OTI-HW]: isStateReady 0
07-29 19:36:20.481  2173  2173 D VRR-[OPlusRefreshRateSelector]: setCurrentModeId 4 type SA
07-29 19:36:20.481  2173  3723 D VRR [OTI-HW]: keep rate.
07-29 19:36:20.481  3460  3568 D LogicalDisplayExt: set displayInfo flag FLAG_ROTATES_WITH_CONTENT
07-29 19:36:20.482  3460  3568 D DisplayManagerServiceExtImpl: scheduleTraversalLocked intraversal=false
07-29 19:36:20.482  3460  3568 I DisplayManagerServiceExtImpl: handle logical display changed logicalDisplay=id=0,stack=0,content=true,displayInfo{stack=0,type=1,id=0,uId=local:4630946756802996883,state=ON,pkg=null}
07-29 19:36:20.482  3460  3568 D DisplayManagerService: Delivering display event: displayId=0, event=CHANGED
07-29 19:36:20.482  3460  3779 D BrightnessThermalClamper: Thermal status observer already started
07-29 19:36:20.482  3460  3779 D BrightnessPowerClamper: Power throttling data is missing for configuration data.
07-29 19:36:20.482  3460  3460 E OplusGestureAnimationManagerPolicy: mScreenHeight:2376 mScreenWidth:1080 mRotation:0
07-29 19:36:20.483  1928  2206 I SDM     : DRMPanelFeatureMgr::ApplyDirtyFeature: Commited panel feature [enabled]: 20-272
07-29 19:36:20.483  1928  2206 I SDM     : DRMPanelFeatureMgr::ApplyDirtyFeature: Commited panel feature [enabled]: 8-271
07-29 19:36:20.484  3460  3556 D OplusVFXScreenEffectFeature: notifySFCompatWindowStateChange entered false
07-29 19:36:20.484  3460  3556 D FSS_FoldScreenBlackCoverController: displayChangeToOn, dc:Display{#0 state=ON size=1080x2376 ROTATION_0}
07-29 19:36:20.484  2173  2465 D [PREVIEW]: SF obtain preview_adapter: 0
07-29 19:36:20.484  2173  2465 D [PREVIEW]: TabletPreviewAdapter::parallel world 0
07-29 19:36:20.485  3460  3556 D DisplayManagerService: performTraversalInternal pendingTraversal
07-29 19:36:20.485  3460  3556 D DisplayDevice: setLayerStackLocked id=local:4630946756802996883 token=android.os.BinderProxy@92d5d0c stack=0->0
07-29 19:36:20.485  4892  4892 I SystemUi--QuickSettings: OplusQSRootViewController-->setQsVisible: true rawFraction:0.02352217
07-29 19:36:20.485  3460  5339 I InputDispatcher: injectInputEvent: targetUid=<not set>, syncMode=WAIT_FOR_FINISHED, timeout=30000ms, policyFlags=0x8000000, event=MotionEvent { action=MOVE, id[0]=0, x[0]=900, y[0]=299.233, eventTime=57037000000, downTime=56996000000, deviceId=4, source=TOUCHSCREEN, displayId=0, eventId=0xdf1d08b4}
07-29 19:36:20.485  1993  1993 D SensorFeature: name=ssc_screenshot_info ,index = 22
07-29 19:36:20.485  4892  4892 I SystemUi--QuickSettings: OplusQSRootViewController-->setListening: true
07-29 19:36:20.485  1993  1993 D SensorFeature: write 29 bytes:46359888106,57035003467,154,0
07-29 19:36:20.486  4892  4892 I SystemUi--QuickSettings: OplusLargeTileContainerViewController-->setListening listening=true
07-29 19:36:20.486  4892  4892 I SystemUi--QuickSettings: QSBrightnessFactory-->setListening listening:true
07-29 19:36:20.486  4892  4892 I SystemUi--QuickSettings: OplusQsBrightnessSliderController-->setListening listening:true mView: com.oplus.systemui.plugins.qs.widget.OplusQsToggleSliderLayout{9a1a3c V.E...... ......ID 558,244-737,643 #7f0a09f0 app:id/qs_brightness_slider_layout alpha=0.0 viewInfo = } value:0
07-29 19:36:20.486  4892  4892 I SystemUi--QuickSettings: OplusQsVolumeSliderController-->updateVolumeSeekBarMaxProgress: isNeedUpdate=true, maxVolumeProgress=16000, seekBarMaxProgress=1600, isInit=false
