07-28 17:52:22.714  3430  5483 W ContextImpl: Calling a method in the system process without a qualified user: android.app.ContextImpl.sendBroadcastMultiplePermissions:1311 android.content.Context.sendBroadcastMultiplePermissions:2524 com.android.server.TelephonyRegistry.broadcastServiceStateChanged:3740 com.android.server.TelephonyRegistry.notifyServiceStateForPhoneId:1787 com.android.internal.telephony.ITelephonyRegistry$Stub.onTransact:546 
07-28 17:52:22.714  3430  3712 I ActivityManager: Start proc 13185:com.oplus.wirelesssettings:tzupdate/1000 for broadcast {com.oplus.wirelesssettings/com.oplus.tzupdate.timezone.MccChangeReceiver}
07-28 17:52:22.715  4867  5765 V OplusCustomizeCacheManager: queryCache name: sys.cache.common_customize_cache18014 param: null
07-28 17:52:22.715  4867  5765 V OplusCustomizeCacheManager: queryCache name: sys.cache.common_customize_cache18017 param: Bundle[{SETTING=BLOCK, BUSINESS=NCT-DATA}]
07-28 17:52:22.715  4867  5765 V OplusCustomizeCacheManager: queryCache name: sys.cache.common_customize_cache18013 param: null
07-28 17:52:22.715  5253  5253 D SubsysEventListenerManager-SubsysTelephonyCallback[0]: onCellLocationChanged
07-28 17:52:22.715  6586  6739 I midasd  : OplusObrainService::notifyEventInt eventId:38 iParam:20
07-28 17:52:22.716  7994  8029 I OplusObrain: OplusObrainClientInvoke.nativeGetTelephonyInfo
07-28 17:52:22.716  3430  5483 W ContextImpl: Calling a method in the system process without a qualified user: android.app.ContextImpl.sendBroadcastMultiplePermissions:1344 com.android.server.TelephonyRegistry.broadcastServiceStateChanged:3745 com.android.server.TelephonyRegistry.notifyServiceStateForPhoneId:1787 com.android.internal.telephony.ITelephonyRegistry$Stub.onTransact:546 android.os.Binder.execTransactInternal:1523 
07-28 17:52:22.716  3430  5483 W ContextImpl: Calling a method in the system process without a qualified user: android.app.ContextImpl.sendBroadcastMultiplePermissions:1344 com.android.server.TelephonyRegistry.broadcastServiceStateChanged:3754 com.android.server.TelephonyRegistry.notifyServiceStateForPhoneId:1787 com.android.internal.telephony.ITelephonyRegistry$Stub.onTransact:546 android.os.Binder.execTransactInternal:1523 
07-28 17:52:22.717  3430  4239 I MemoryOperationUtils: add 13185 to inactive
07-28 17:52:22.717  4867  4867 I SystemUi--Statusbar: OplusMobileIconInteractorImpl-->oplusIMSModel slot:0: CapabilityTypeModel(isVolteSwitchOn=true, isWfcEnabledByUser=true, imsRegistered=false, voiceCapable=false, videoCapable=false, registerTech=-1, isCrossSimCallingEnabledByUser=false, hasHideVolteOperator=false), SimStateModel(simInserted=[true, false], simForbidden=[false, true], simStateIMSI=[true, false], simLoaded=[true, false]),oplusNetworkTypeNr:20,isVoNrEnabled:false
07-28 17:52:22.717  4933  4933 D MultiSimSettingController: notifySubscriptionInfoChanged
07-28 17:52:22.717  7994  8029 I OplusObrain: OplusObrainClientInvoke.nativeGetTrafficTypeInfoForNetworkType networkType 0
07-28 17:52:22.717  3430  3430 I AS.AudioService: onSubscriptionsChanged()
07-28 17:52:22.718  5253  5253 D SubsysEventListenerManager-SubsysTelephonyCallback[0]: onDisplayInfoChanged
07-28 17:52:22.718  5253  5253 D SceneService: onDisplayInfoChanged slotId:0,telephonyDisplayInfo:TelephonyDisplayInfo {network=NR, overrideNetwork=NONE, isRoaming=false}
07-28 17:52:22.718  3430  5481 D KernelStatsHelper: getKernelStats start!
07-28 17:52:22.718  3430  4521 V NetworkPolicy: onSubscriptionsChanged
07-28 17:52:22.718  4867  5127 I SystemUi--Statusbar: MobileInputLog-->onSubscriptionsChanged
07-28 17:52:22.718  3430  4628 D OplusNetlinkSocket: handleNetlinkRecvKernelMessage:nlmsghdr:StructNlMsgHdr{ nlmsg_len{40}, nlmsg_type{43()}, nlmsg_flags{0()}, nlmsg_seq{0}, nlmsg_pid{224793108} }
07-28 17:52:22.718  3430  4628 D KernelStatsHelper: get magic :[-1, -1, -1, 77, 65, 71, 73, 67]
07-28 17:52:22.718  3430  4628 D KernelStatsHelper: magic matched count:0 data_len:0
07-28 17:52:22.718  3430  4628 D KernelStatsHelper: data over! check: true
07-28 17:52:22.719  3430  5483 W ContextImpl: Calling a method in the system process without a qualified user: android.app.ContextImpl.sendBroadcastMultiplePermissions:1344 com.android.server.TelephonyRegistry.broadcastServiceStateChanged:3760 com.android.server.TelephonyRegistry.notifyServiceStateForPhoneId:1787 com.android.internal.telephony.ITelephonyRegistry$Stub.onTransact:546 android.os.Binder.execTransactInternal:1523 
07-28 17:52:22.719  4867  5127 I SystemUi--Statusbar: MobileConnectionRepositoryImpl-->subId:1 isSoftSimCard:false slotId:0
07-28 17:52:22.719  5175  5175 I QImsService: OplusPhoneStateTracker : onSubscriptionsChanged Last subId: -1 Current subId -1
07-28 17:52:22.719  5206  5206 D QCNEJ/DataCallAgent: onSubscriptionsChanged: new DDS 1
07-28 17:52:22.720  5206  7794 D QCNEJ/DataCallAgent: phoneCount: 2
07-28 17:52:22.720  5206  7794 D QCNEJ/DataCallAgent: subs for 0th slot: [1]
07-28 17:52:22.720  5175  5175 I QImsService: OplusPhoneStateTracker : onSubscriptionsChanged Last subId: 1 Current subId 1
07-28 17:52:22.720  7619  8932 E Battery : ControllerCenter: onReceiver: mSubscriptionManager is null || mIsNeedRestoreMobile = false
07-28 17:52:22.720  3430  4521 D NetworkPolicy: Normalization put networkpolicyNetworkTemplate: matchRule=CARRIER, matchSubscriberIds=[001011...], matchWifiNetworkKeys=[], metered=YES
07-28 17:52:22.720  3430  4521 D NetworkPolicy: Normalization put networkpolicyNetworkTemplate: matchRule=CARRIER, matchSubscriberIds=[310260...], matchWifiNetworkKeys=[], metered=YES
07-28 17:52:22.720  3430  4521 D NetworkPolicy: Normalization put networkpolicyNetworkTemplate: matchRule=CARRIER, matchSubscriberIds=[001010...], matchWifiNetworkKeys=[], metered=YES
07-28 17:52:22.720  3430  4521 D NetworkPolicy: Normalization put networkpolicyNetworkTemplate: matchRule=CARRIER, matchSubscriberIds=[001010...], matchWifiNetworkKeys=[], metered=YES
07-28 17:52:22.720  3430  4521 D NetworkPolicy: Normalization put networkpolicyNetworkTemplate: matchRule=CARRIER, matchSubscriberIds=[001012...], matchWifiNetworkKeys=[], metered=YES
07-28 17:52:22.720  3430  4521 V NetworkPolicy: updateNetworkEnabledNL() return
07-28 17:52:22.721  3430  4521 V NetworkPolicy: updateNotificationsNL not process
07-28 17:52:22.721  3430  4521 W BestClock: java.time.DateTimeException: Missing network time fix
07-28 17:52:22.721  5978  5978 D CellBroadcastReceiver: onReceive Intent { act=android.intent.action.SERVICE_STATE flg=0x1000010 cmp=com.android.cellbroadcastreceiver.module/com.android.cellbroadcastreceiver.CellBroadcastReceiver (has extras) }
07-28 17:52:22.721  5978  5978 D CellBroadcastReceiver: onServiceStateChanged, ss: 1
07-28 17:52:22.721  5978  5978 D CellBroadcastReceiver: networkOperator: 
07-28 17:52:22.722  4933  6360 E PhoneInterfaceManager: getServiceStateForSlot retuning null for invalid slotIndex=-1
07-28 17:52:22.722  4867  4867 I SystemUi--Statusbar: OplusMobileIconInteractorImpl-->oplusIMSModel slot:0: CapabilityTypeModel(isVolteSwitchOn=true, isWfcEnabledByUser=true, imsRegistered=false, voiceCapable=false, videoCapable=false, registerTech=-1, isCrossSimCallingEnabledByUser=false, hasHideVolteOperator=false), SimStateModel(simInserted=[true, false], simForbidden=[false, true], simStateIMSI=[true, false], simLoaded=[true, false]),oplusNetworkTypeNr:20,isVoNrEnabled:false
07-28 17:52:22.722  4867  5967 I SystemUi--Statusbar: OplusMobileConnectionRepository1-->stopListenImsStatusChanged
07-28 17:52:22.722 13185 13185 I ttings:tzupdate: isSwordfishLaunchAppEnabled_ 1 isSwordfishInstallAppEnabled_ 1
07-28 17:52:22.722  4867  5127 I SystemUi--Statusbar: MobileConnectionRepositoryImpl-->subId:1 isSoftSimCard:false slotId:0
07-28 17:52:22.722 13185 13185 E ttings:tzupdate: Unknown bits set in runtime_flags: 0x40000000
07-28 17:52:22.722 13185 13185 I ttings:tzupdate: Using CollectorTypeCMC GC.
07-28 17:52:22.722  4867  5967 I SystemUi--Statusbar: OplusMobileConnectionRepository1-->phoneId: 0, conflatedCallbackFlow init
07-28 17:52:22.722  4867  5967 I SystemUi--Statusbar: OplusMobileConnectionRepository1-->startListenImsStatusChanged
07-28 17:52:22.722  5039  5878 D CellularEvent: handleSubscriptionsChanged: slotId=0
07-28 17:52:22.722  5039  5878 D CellularEvent: onImsRegistrationStateChanged, slotId=0state:false
07-28 17:52:22.722  5206  7794 D QCNEJ/DataCallAgent: mSubInfoReady[0] is set to true
07-28 17:52:22.723  5206  7794 D QCNEJ/DataCallAgent: subs for 1th slot: [-1]
07-28 17:52:22.723  5039  5597 D NAS-CellularEvent: handleSubscriptionsChanged: slotId=0
07-28 17:52:22.724  4933  4933 I Telephony: y0: onServiceStateChanged: newState=1, mServiceState=1
07-28 17:52:22.724 13185 13185 E ttings:tzupdate: Not starting debugger since process cannot load the jdwp agent.
07-28 17:52:22.724  5039  5597 D NAS-CellularEvent: onImsRegistrationStateChanged, slotId=0state:false
07-28 17:52:22.724  4933  4933 I Telephony: isRttCurrentlySupported -- regular acct, hasVoiceAvailability: false
07-28 17:52:22.724  4933  4933 I Telephony:  isRttSupported: false
07-28 17:52:22.724  4933  4933 I Telephony:  isUserRttSettingOn: false
07-28 17:52:22.724  4933  4933 I Telephony:  alwaysAllowWhileRoaming: false
07-28 17:52:22.724  4933  4933 I Telephony:  isRoaming: false
07-28 17:52:22.724  4933  4933 I Telephony:  isOnWfc: false
07-28 17:52:22.725  6499  7979 D OplusAtlasAudioDetectionManager: MSG_CALL_STATE_CHANGED
07-28 17:52:22.725  6499  7979 D OplusAtlasAudioDetectionManager: callStateChanged state: 0, len: 0
07-28 17:52:22.725  5206  5206 D QCNEJ/WwanInfoRelay: onSubscriptionsChanged currDDSId: 1 new DDS 1
07-28 17:52:22.725  7050  7744 D OsAgentAidlClient: [string_dataitem_update][1584] [HC] =>> [HS]
07-28 17:52:22.725  4867  4867 I KeyguardUpdateMonitor: action=android.intent.action.SERVICE_STATE subId=1 slotId=0
07-28 17:52:22.725  5175  5175 E QImsService: ImsConfigImpl : onSubscriptionsChanged unable to process due to SubscriptionInfo is null
07-28 17:52:22.726 13185 13185 D nativeloader: Load libframework-connectivity-tiramisu-jni.so using APEX ns com_android_tethering for caller /apex/com.android.tethering/javalib/framework-connectivity-t.jar: ok
07-28 17:52:22.727  5039  5883 W BestClock: java.time.DateTimeException: Missing network time fix
07-28 17:52:22.727 13185 13185 W libc    : Access denied finding property "persist.vendor.sys.activitylog"
07-28 17:52:22.727  5039  5883 V MonthTrafficAlert: getWarningNotification subId:1 numWarningNotificaion:0
07-28 17:52:22.727 13185 13185 I OneTrace: Mark active for pid=13185? true
07-28 17:52:22.727 13185 13185 D cutils-dev: otrace_set_tracing_enabled? true tag:0
07-28 17:52:22.727 13185 13185 D cutils-dev: properties changed in otrace_seq_number_changed!
07-28 17:52:22.727  4867  5967 I SystemUi--Statusbar: OplusMobileConnectionRepository1-->onImsStatusChanged model: CapabilityTypeModel(isVolteSwitchOn=true, isWfcEnabledByUser=true, imsRegistered=false, voiceCapable=false, videoCapable=false, registerTech=-1, isCrossSimCallingEnabledByUser=false, hasHideVolteOperator=false)
07-28 17:52:22.728  3430  5481 W BestClock: java.time.DateTimeException: Missing network time fix
07-28 17:52:22.728  3430  4804 D ActivityTaskManagerServiceExtImpl: preBindApplication record is null
07-28 17:52:22.728  3430  4804 D RGBNormalizeServer: OplusRGBNormalize feature enabled ? true
07-28 17:52:22.728  3430  4804 D ResourcesManagerCache: For package com.oplus.wirelesssettings we got cacheList [null] appInfoExt is null ? false hasFeature ? false
07-28 17:52:22.728  3430  4804 D VRR [OPlusExternalRefreshRateManager]: isPkgTfcEnable: pkgName = com.oplus.wirelesssettings, enable = false
07-28 17:52:22.728  3430  4804 D VRR [OPlusExternalRefreshRateManager]: getTfcMinFramerate: pkgName = com.oplus.wirelesssettings, min framerate = 0
07-28 17:52:22.729  3430  3496 W BestClock: java.time.DateTimeException: Missing network time fix
07-28 17:52:22.729  4867  5765 V OplusCustomizeCacheManager: queryCache name: sys.cache.common_customize_cache18014 param: null
07-28 17:52:22.729  4867  5765 V OplusCustomizeCacheManager: queryCache name: sys.cache.common_customize_cache18017 param: Bundle[{SETTING=BLOCK, BUSINESS=NCT-DATA}]
07-28 17:52:22.729  4867  5765 V OplusCustomizeCacheManager: queryCache name: sys.cache.common_customize_cache18013 param: null
07-28 17:52:22.730 13185 13185 D OplusActivityManager: get AMS extension: android.os.BinderProxy@3a8daf4
07-28 17:52:22.730  4933  4933 V OplusCustomizeCacheManager: queryCache name: sys.cache.common_customize_cache18016 param: null
07-28 17:52:22.730  4933  4933 V OplusCustomizeCacheManager: queryCache name: sys.cache.common_customize_cache18013 param: null
07-28 17:52:22.730  4933  4933 V OplusCustomizeCacheManager: queryCache name: sys.cache.common_customize_cache18014 param: null
07-28 17:52:22.730  4933  4933 V OplusCustomizeCacheManager: queryCache name: sys.cache.common_customize_cache18017 param: Bundle[{SETTING=BLOCK, BUSINESS=NCT-DATA}]
07-28 17:52:22.730  3430  5481 W BestClock: java.time.DateTimeException: Missing network time fix
07-28 17:52:22.731  4933  4933 V OplusCustomizeCacheManager: queryCache name: sys.cache.common_customize_cache18016 param: null
07-28 17:52:22.731  4933  4933 V OplusCustomizeCacheManager: queryCache name: sys.cache.common_customize_cache18013 param: null
07-28 17:52:22.731  4933  4933 V OplusCustomizeCacheManager: queryCache name: sys.cache.common_customize_cache18014 param: null
07-28 17:52:22.731  4933  4933 V OplusCustomizeCacheManager: queryCache name: sys.cache.common_customize_cache18017 param: Bundle[{SETTING=BLOCK, BUSINESS=NCT-DATA}]
07-28 17:52:22.731  3430  4804 W BestClock: java.time.DateTimeException: Missing network time fix
07-28 17:52:22.731  4867  5765 V OplusCustomizeCacheManager: queryCache name: sys.cache.common_customize_cache18014 param: null
07-28 17:52:22.731  4867  5765 V OplusCustomizeCacheManager: queryCache name: sys.cache.common_customize_cache18017 param: Bundle[{SETTING=BLOCK, BUSINESS=NCT-DATA}]
07-28 17:52:22.731  4867  5765 V OplusCustomizeCacheManager: queryCache name: sys.cache.common_customize_cache18013 param: null
07-28 17:52:22.731  4933  4933 D MultiSimSettingController: onSubscriptionsChanged
07-28 17:52:22.731  4933  4933 D MultiSimSettingController: isReadyToReevaluate: subInfoInitialized=true, carrierConfigsLoaded=true, satelliteEnabledOrBeingEnabled=false
07-28 17:52:22.731  4933  4933 D MultiSimSettingController: updateDefaults
07-28 17:52:22.731  4933  4933 D MultiSimSettingController: isReadyToReevaluate: subInfoInitialized=true, carrierConfigsLoaded=true, satelliteEnabledOrBeingEnabled=false
07-28 17:52:22.731  4933  4933 D MultiSimSettingController: updateDefaultValues: change: 0
07-28 17:52:22.731  4933  4933 D MultiSimSettingController: disableDataForNonDefaultNonOpportunisticSubscriptions triggered, return directly
07-28 17:52:22.732  4933  4933 D ImsResolver: oldSubId: 1, newSubId: 1
07-28 17:52:22.732 13185 13185 D CompactWindowAppManager: initCompactApplicationInfo CompactMode: , NormalMode: 
07-28 17:52:22.732  4933  4933 D ImsResolver: oldSubId: -1, newSubId: -1
07-28 17:52:22.732  4933  4933 I Telephony: TelecomAccountRegistry: onSubscriptionsChanged - reregister accounts
07-28 17:52:22.732  4933  4933 D PhoneUtils: PhoneAccountHandle subId=1, slotId=0
07-28 17:52:22.732  4933  4933 D Telephony: registerPstnPhoneAccount line1Number =  subNumber = 
07-28 17:52:22.732  4933  4933 D Telephony: color is transparent asign default instead -15502541
07-28 17:52:22.733  4867  4867 I KeyguardUpdateMonitor: refreshSimState, changed:false,subId:1,slotId:0,state:5
07-28 17:52:22.733  4867  5043 I SystemUi--QuickSettings: Tile.OplusCellularTile-->updateCarrierText: dialog not showing, ignore
07-28 17:52:22.733  4933  4933 D Telephony: isEmergencyPreferredAccount: subId=1, activeData=1
07-28 17:52:22.733  4933  4933 D Telephony: isEmergencyPreferredAccount: Device does not require preference.
07-28 17:52:22.733 13185 13185 D OplusScrollToTopManager: setIsInWhiteList false
07-28 17:52:22.733 13185 13185 D OplusViewDebugManager: OplusViewDebugManager Constructor android.view.debug.OplusViewDebugManager@e3cac92 [mHasViewDebugProperty true] [mHasMsgDebugProperty false] [DEBUG false] [EXTRAINFOENABLE false] [LIGHT_OS false]
07-28 17:52:22.733  4867  5043 D SimStateHelper: slot:0, lock state:Bundle[mParcelledData.dataSize=56]
07-28 17:52:22.733  4867  5043 D SimStateHelper: slot:1, lock state:Bundle[mParcelledData.dataSize=56]
07-28 17:52:22.733  4867  5043 D SimStateHelper: needDisableMenu: slot1State=-1; slot2State=-1
07-28 17:52:22.733  4867  5043 D SimStateHelper: needDisableMenu:false
07-28 17:52:22.733  4867  5043 I SystemUi--QuickSettings: Tile.OplusCellularTile-->updateCarrierText: dialog not showing, ignore
07-28 17:52:22.733  4867  5043 D SimStateHelper: slot:0, lock state:Bundle[mParcelledData.dataSize=56]
07-28 17:52:22.733  4867  5043 D SimStateHelper: slot:1, lock state:Bundle[mParcelledData.dataSize=56]
07-28 17:52:22.733  4867  5043 D SimStateHelper: needDisableMenu: slot1State=-1; slot2State=-1
07-28 17:52:22.733  4867  5043 D SimStateHelper: needDisableMenu:false
07-28 17:52:22.733  4933  4933 I Telephony: isRttCurrentlySupported -- regular acct, hasVoiceAvailability: false
07-28 17:52:22.733  4933  4933 I Telephony:  isRttSupported: false
07-28 17:52:22.733  4933  4933 I Telephony:  isUserRttSettingOn: false
07-28 17:52:22.733  4933  4933 I Telephony:  alwaysAllowWhileRoaming: false
07-28 17:52:22.733  4933  4933 I Telephony:  isRoaming: false
07-28 17:52:22.733  4933  4933 I Telephony:  isOnWfc: false
07-28 17:52:22.733  4933  4933 D Telephony: x0: buildPstnPhoneAccount, phoneId: 0, mIsVideoCapable: false, 
07-28 17:52:22.733  4933  4933 D OplusSesImsManagerExt: feature:0, phoneId:0
07-28 17:52:22.733  4933  4933 D OplusSesImsManagerExt: getSubIdUsingPhoneId:1, phoneId:0
07-28 17:52:22.733  4933  4933 D OplusSesImsManagerExt: isEntitlementEnabled:false
07-28 17:52:22.733  4933  4933 D OplusSesImsManagerExt: isFeatureProvisionedOnDevice not enabled
07-28 17:52:22.733  4933  4933 D Telephony: registerPstnPhoneAccount mIsVideoCapable = false
07-28 17:52:22.733  4933  4933 W libc    : Access denied finding property "persist.vendor.mtk_uce_support"
07-28 17:52:22.733  4933  4933 I Telephony: isCarrierVideoPresenceSupported, false, false, false, false
07-28 17:52:22.734 13185 13185 D CompatChangeReporter: Compat change id reported: 242716250; UID 1000; state: ENABLED
07-28 17:52:22.734  4933  4933 I Telephony: reRegisterPstnPhoneAccount: subId: 1 - no change
07-28 17:52:22.734  4933  4933 D CallNotifier: updatePhoneStateListeners: update CF notifications.
07-28 17:52:22.735  4933  4933 V OplusCustomizeCacheManager: queryCache name: sys.cache.common_customize_cache18016 param: null
07-28 17:52:22.735  4933  4933 V OplusCustomizeCacheManager: queryCache name: sys.cache.common_customize_cache18013 param: null
07-28 17:52:22.735  4933  4933 V OplusCustomizeCacheManager: queryCache name: sys.cache.common_customize_cache18014 param: null
07-28 17:52:22.735  4933  4933 V OplusCustomizeCacheManager: queryCache name: sys.cache.common_customize_cache18017 param: Bundle[{SETTING=BLOCK, BUSINESS=NCT-DATA}]
07-28 17:52:22.735 13185 13185 W libc    : Access denied finding property "ro.odm.prev.product.name"
07-28 17:52:22.735  4933  4933 V SimultaneousCallingTracker: Received EVENT 101
07-28 17:52:22.735  4933  4933 V SimultaneousCallingTracker: generateVoiceCapablePhoneMapBasedOnUserAssociation: adding phoneId = 0
07-28 17:52:22.735  4933  4933 I SimultaneousCallingTracker: updatePhoneMapAndSimultaneousCallSupportMap: mVoiceCapablePhoneMap.size = 1
07-28 17:52:22.735  4933  4933 V SimultaneousCallingTracker: registerForImsRegistrationChanges: registering phoneId = 0
07-28 17:52:22.735  4933  4933 V SimultaneousCallingTracker: generateSimultaneousCallSupportMap: returning simultaneousCallSubSupportMap = Phone ID=0 - Simultaneous calling compatible phone IDs=[]; 
07-28 17:52:22.735  4933  4933 V SimultaneousCallingTracker: handleSimultaneousCallingSupportChanged
07-28 17:52:22.735  4933  4933 D InternationalRoamingNotification: init
07-28 17:52:22.736  5253  7535 D VirtualCommService2: isSupport. true, true
07-28 17:52:22.736  4933  4933 D OplusVirtualCommUtils: isVirtualCommSupport, vRet: true
07-28 17:52:22.736  4933  4933 I OplusVirtualCommUtils: getVirtualCommDeviceType, vRet: 1
07-28 17:52:22.736  4933  4933 I OplusVirtualCommUtils: isConsumerDeviceType, deviceType: 1
07-28 17:52:22.736  4933  4933 D InternationalRoamingNotification: do not createRoamingNotification for invalid Network
07-28 17:52:22.736 13185 13185 W ziparchive: Unable to open '/system_ext/framework/nfcvendorlib.dm': No such file or directory
07-28 17:52:22.736 13185 13185 W ziparchive: Unable to open '/system_ext/framework/nfcvendorlib.dm': No such file or directory
07-28 17:52:22.737  3430  3496 W ContentService: Observer is already registered. Pid is 4933
07-28 17:52:22.738 13185 13185 D nativeloader: Configuring clns-shared-7 for other apk /system_ext/framework/nfcvendorlib.jar. target_sdk_version=34, uses_libraries=ALL, library_path=/system_ext/priv-app/WirelessSettings/lib/arm64:/system_ext/priv-app/WirelessSettings/WirelessSettings.apk!/lib/arm64-v8a:/system/lib64:/system_ext/lib64, permitted_path=/data:/mnt/expand:/data/user_de/0/com.oplus.wirelesssettings:/system_ext/priv-app/WirelessSettings:/system/lib64:/system_ext/lib64
07-28 17:52:22.738 13185 13185 D nativeloader: Extending system_exposed_libraries: libbinauralrenderer_wrapper.qti.so:libhoaeffects.qti.so:libSloganJni.oplus.so:libsuperNight.oplus.so:libAPSClient-cmd-jni-extension.oplus.so:libsatellite_audio_jni.oplus.so:libortc_so.oplus.so:libsoundtouch.oplus.so:libsoundtouch_jni.oplus.so:libOplusStringJNI-extension.oplus.so:libsatellite_ostx_jni.oplus.so:libapssuspend-jni.oplus.so:libupdateprof.qti.so:libthermalclient.qti.so:libqape.qti.so:libqesdk_ndk_platform.qti.so:liblistenjni.qti.so
07-28 17:52:22.739 13185 13185 D ApplicationLoaders: Returning zygote-cached class loader: /system_ext/framework/androidx.window.extensions.jar
07-28 17:52:22.739 13185 13185 D ApplicationLoaders: Returning zygote-cached class loader: /system_ext/framework/androidx.window.sidecar.jar
07-28 17:52:22.741 13185 13185 D nativeloader: Configuring clns-shared-8 for other apk /system_ext/priv-app/WirelessSettings/WirelessSettings.apk. target_sdk_version=34, uses_libraries=, library_path=/system_ext/priv-app/WirelessSettings/lib/arm64:/system_ext/priv-app/WirelessSettings/WirelessSettings.apk!/lib/arm64-v8a:/system/lib64:/system_ext/lib64, permitted_path=/data:/mnt/expand:/data/user_de/0/com.oplus.wirelesssettings:/system_ext/priv-app/WirelessSettings:/system/lib64:/system_ext/lib64
07-28 17:52:22.745 13185 13185 V GraphicsEnvironment: Currently set values for:
07-28 17:52:22.745 13185 13185 V GraphicsEnvironment:   angle_gl_driver_selection_pkgs=[]
07-28 17:52:22.745 13185 13185 V GraphicsEnvironment:   angle_gl_driver_selection_values=[]
07-28 17:52:22.745 13185 13185 V GraphicsEnvironment: Global.Settings values are invalid: number of packages: 0, number of values: 0
07-28 17:52:22.746  2014  2014 D SensorFeature: name=ssc_screenshot_info ,index = 22
07-28 17:52:22.746  2014  2014 D SensorFeature: write 29 bytes:59325249716,59333583049,163,0
07-28 17:52:22.746 13185 13185 D WS_OplusWirelessSettingsApp: onCreate, OplusWirelessSettingsApp
07-28 17:52:22.748 13185 13185 D LogUtils: initWirelessLog sIsQeAssert=false,sIsWifiOrBtLog=false
07-28 17:52:22.749  3430  3496 I ActivityManager: Flag disabled. Ignoring finishAttachApplication from uid: 1000. pid: 13185
07-28 17:52:22.750 13185 13185 E ANDR-PERF-CLIENT-SYS: death recipent object is fine
07-28 17:52:22.750 13185 13185 W ttings:tzupdate: AIBinder_linkToDeath is being called with a non-null cookie and no onUnlink callback set. This might not be intended. AIBinder_DeathRecipient_setOnUnlinked should be called first.
07-28 17:52:22.751  3430  3496 W OplusSelfProtectManager: pkg[com.oplus.wirelesssettings] not in policy list
07-28 17:52:22.753  3430  3496 D ActivityManager: Async freezing 13185 com.oplus.wirelesssettings:tzupdate
07-28 17:52:22.756  4747  4764 W SQLiteLog: (28) double-quoted string literal: "timezone_tzdata_v2_files"
07-28 17:52:22.758  4933  6101 D CellBroadcastConfigTracker-0: Failed to set cdma config
07-28 17:52:22.758  5978  6182 E CellBroadcastConfigService: fails to setCellBroadcastRanges, result = 2
07-28 17:52:22.827  4933  4933 V OplusCustomizeCacheManager: queryCache name: sys.cache.common_customize_cache18016 param: null
07-28 17:52:22.827  4933  4933 V OplusCustomizeCacheManager: queryCache name: sys.cache.common_customize_cache18013 param: null
07-28 17:52:22.827  4933  4933 V OplusCustomizeCacheManager: queryCache name: sys.cache.common_customize_cache18014 param: null
07-28 17:52:22.827  4933  4933 V OplusCustomizeCacheManager: queryCache name: sys.cache.common_customize_cache18017 param: Bundle[{SETTING=BLOCK, BUSINESS=NCT-DATA}]
07-28 17:52:22.828  4933  4933 V OplusCustomizeCacheManager: queryCache name: sys.cache.common_customize_cache18016 param: null
07-28 17:52:22.828  4933  4933 V OplusCustomizeCacheManager: queryCache name: sys.cache.common_customize_cache18013 param: null
07-28 17:52:22.829  4933  4933 V OplusCustomizeCacheManager: queryCache name: sys.cache.common_customize_cache18014 param: null
07-28 17:52:22.829  4933  4933 V OplusCustomizeCacheManager: queryCache name: sys.cache.common_customize_cache18017 param: Bundle[{SETTING=BLOCK, BUSINESS=NCT-DATA}]
07-28 17:52:22.848  4867  4867 D RowAnimatorExtImpl: end:view:StatusBarIconView(slot='volume' alpha=1.0 icon=StatusBarIcon(icon=Icon(typ=RESOURCE pkg=com.android.systemui id=0x7f0818f0) visible user=0 ) visibleState=ICON iconColor=#ccffffff staticDrawableColor=#ccffffff decorColor=#ffffffff animationStartColor=#0 currentSetColor=#ccffffff notification=null),tx
07-28 17:52:22.848  4867  4867 D RowAnimatorExtImpl: end:view:StatusBarIconView(slot='zen' alpha=1.0 icon=StatusBarIcon(icon=Icon(typ=RESOURCE pkg=com.android.systemui id=0x7f0818e1) visible user=0 ) visibleState=ICON iconColor=#ccffffff staticDrawableColor=#ccffffff decorColor=#ffffffff animationStartColor=#0 currentSetColor=#ccffffff notification=null),tx
07-28 17:52:22.848  4867  4867 D RowAnimatorExtImpl: end:view:StatusBarIconView(slot='volume' alpha=1.0 icon=StatusBarIcon(icon=Icon(typ=RESOURCE pkg=com.android.systemui id=0x7f0818f0) visible user=0 ) visibleState=ICON iconColor=#ccffffff staticDrawableColor=#ccffffff decorColor=#ffffffff animationStartColor=#0 currentSetColor=#ccffffff notification=null),tx
07-28 17:52:22.848  4867  4867 D RowAnimatorExtImpl: end:view:StatusBarIconView(slot='zen' alpha=1.0 icon=StatusBarIcon(icon=Icon(typ=RESOURCE pkg=com.android.systemui id=0x7f0818e1) visible user=0 ) visibleState=ICON iconColor=#ccffffff staticDrawableColor=#ccffffff decorColor=#ffffffff animationStartColor=#0 currentSetColor=#ccffffff notification=null),tx
07-28 17:52:22.848  4867  4867 D RowAnimatorExtImpl: end:view:StatusBarIconView(slot='volume' alpha=1.0 icon=StatusBarIcon(icon=Icon(typ=RESOURCE pkg=com.android.systemui id=0x7f0818f0) visible user=0 ) visibleState=ICON iconColor=#ccffffff staticDrawableColor=#ccffffff decorColor=#ffffffff animationStartColor=#0 currentSetColor=#ccffffff notification=null),tx
07-28 17:52:22.848  4867  4867 D RowAnimatorExtImpl: end:view:StatusBarIconView(slot='zen' alpha=1.0 icon=StatusBarIcon(icon=Icon(typ=RESOURCE pkg=com.android.systemui id=0x7f0818e1) visible user=0 ) visibleState=ICON iconColor=#ccffffff staticDrawableColor=#ccffffff decorColor=#ffffffff animationStartColor=#0 currentSetColor=#ccffffff notification=null),tx
07-28 17:52:22.893  1863  4482 I sensors-hal: handle_oplus_wise_rgb_event:189, high_pwm_light:lux 281.0,cct 3641.8,brl/algo/ir 1448.0/2.0/17.1,pwm/dc 0.0/0.0,rgbc 21638.308594/13581.391602/6289.179688/40160.644531,ts 59300779109,cnt 850,flag 163
07-28 17:52:22.894  1917  4473 I Dpps    : LtmSwState::SetParameter():144 ignore cmd 7 in state LtmOffState
07-28 17:52:23.016  6570  6598 E horae   : 0: back:33031,back_1:35411,back_2:34880,back_3:34116,frame:35576,frame_1:34476,front:36182,front_1:36551,front_2:34902, -2147483648 5, +(3226), 1 ,43445,33346,39278,43459,41423,42494,33403,39006,42460,40788,41553,33221,38735,41638,40234,40945,33164,38466,40914,39727, target_temp:36551, algo:0
07-28 17:52:23.021  2014  2014 D SensorFeature: name=ssc_screenshot_info ,index = 22
07-28 17:52:23.021  2014  2014 D SensorFeature: write 29 bytes:59599775966,59608109299,164,0
07-28 17:52:23.047  4867  4867 I SystemUi--QuickSettings: TemporarilyInfoManager-->[animateShow] com.oplus.systemui.qs.base.temporarilyinfo.TemporarilyInfoManager$createViewToParent$1{635dabb VFED..C.. ........ 0,0-1080,228 #7f0a0cb6 app:id/temporarily_info_view alpha=1.0 viewInfo = } end
07-28 17:52:23.047  4867  4867 I SystemUi--QuickSettings: TemporarilyInfoManager-->[trigger] start from showElementAfterShowFully
07-28 17:52:23.105  2034  7668 D charge_time: type=sdp,reserve_soc=2,soc=61,ui_soc=63,current=188,avg=184,not_chg_cnt=0,stable_cnt=7,fcc=5724,fcc_ratio=94,delta=44,debug=0,region=15,ttf=19724(05:28:44),ui_ttf=15234(04:13:54)
07-28 17:52:23.159  3430  4416 D FusionLightNextGen: process end reported = 1, mode: 0, lux 507.3, cct -1.0, r/g/b/c: 21609.8/13563.0/6285.3/40040.2, R/G/B: 132.0/125.0/124.0, bri 1448.0, match 0.64, ir 0.018206, conf 0.0, ts 59608155307
07-28 17:52:23.159  1917  4473 I Dpps    : LtmSwState::SetParameter():144 ignore cmd 7 in state LtmOffState
07-28 17:52:23.171  4867  4867 D JankUtils: gfxSceneEnd; scene: 7
07-28 17:52:23.172  4867  4867 I SystemUi--Common: NotificationShadeDepthC-->sceneFlag: 0x001, isStart = false, Current sceneFlags: 0x000
07-28 17:52:23.172  4867  4867 D NavigationBar: restrainNavigationBarInvertColor: false
07-28 17:52:23.172  4867  5027 D RegionSamplingHelper =:    mCompositionSamplingListener.register
07-28 17:52:23.172  2174  2373 D SurfaceFlinger: addRegionSamplingListener pid: 4867, Area: [0, 2328, 1080, 2376]
07-28 17:52:23.207  2034  2065 D BatteryChargeControl: bcc get no support from charging protocol
07-28 17:52:23.295  2014  2014 D SensorFeature: name=ssc_screenshot_info ,index = 22
07-28 17:52:23.295  2014  2014 D SensorFeature: write 29 bytes:59873516122,59881849455,165,0
07-28 17:52:23.365  1917  2237 I SDM     : DisplayBase::CommitThread: Received idle timeout, panel: cmd, timeout: 70000 us
07-28 17:52:23.415  3430  3430 D OplusWifiBroadCastDispatcher: mBroadcastReceiver: onReceiver  action=android.intent.action.BATTERY_LEVEL_CHANGED
07-28 17:52:23.415  3430  4654 D OplusWifiPowerService: onReceive action:android.intent.action.BATTERY_LEVEL_CHANGED
07-28 17:52:23.415  3430  4487 W OplusStorageManagerFeature: mScreenReceiver action:android.intent.action.BATTERY_LEVEL_CHANGED
07-28 17:52:23.416  3430  4487 I OplusStorageManagerFeature: TmemoryBetterySwitch: level=63 state=0
07-28 17:52:23.416  3430  4487 I OplusStorageManagerFeature: TmemoryBetterySwitch: action=0 state=2
07-28 17:52:23.416  3430  4487 W OplusStorageManagerFeature: Ready to deal actionParam:0
07-28 17:52:23.418  6343  6343 D BatteryUsageBroadcastReceiver: onReceive:android.intent.action.BATTERY_LEVEL_CHANGED
07-28 17:52:23.419  6343  6343 D BatteryUsageBroadcastReceiver: fetch data because of event: ACTION_BATTERY_LEVEL_CHANGED
07-28 17:52:23.423  3430  4804 D ActivityManager: Async freezing 6343 com.android.settings
07-28 17:52:23.424  1863  4482 I sensors-hal: handle_oplus_wise_rgb_event:189, high_pwm_light:lux 280.0,cct 3642.5,brl/algo/ir 1448.0/2.0/17.1,pwm/dc 0.0/0.0,rgbc 21619.281250/13562.969727/6262.236328/40080.375000,ts 59856925671,cnt 860,flag 165
07-28 17:52:23.425  1917  4473 I Dpps    : LtmSwState::SetParameter():144 ignore cmd 7 in state LtmOffState
07-28 17:52:23.514  8768  9469 W metis_v2_KnowledgeManager: Fire: isEmergency is true  debugFireMode = false [7f0000011753739501844321807346|p_7346_d65e6b9@1|p_8768_134e354@7|com.oplus.metis] [base|com.oplus.metis|1.5.5-f48228a]
07-28 17:52:23.515  8768  9469 W metis_v2_OifaceBindUtils: bindTask [7f0000011753739501844321807346|p_7346_d65e6b9@1|p_8768_134e354@7|com.oplus.metis]
07-28 17:52:23.515  8768  9469 W metis_v2_OifaceBindUtils: call connectOifaceService [7f0000011753739501844321807346|p_7346_d65e6b9@1|p_8768_134e354@7|com.oplus.metis]
07-28 17:52:23.515  8768  9469 I metis_v2_KnowledgeManager: panta-sugg-Fire: count=1 [7f0000011753739501844321807346|p_7346_d65e6b9@1|p_8768_134e354@7|com.oplus.metis]
07-28 17:52:23.515  6595  6725 E oiface  : sched_setaffinity failed
07-28 17:52:23.515  6595  6701 E oiface  : directSetTask: get cpuset path failed
07-28 17:52:23.520  8768  9469 I System.out: 'park_precondition_home_02' 
07-28 17:52:23.520  8768  9469 I System.out: 'park_precondition_company_02' 
07-28 17:52:23.520  8768  9469 I System.out: 'UBIQUITOUS_SERVICE#assistant_screen#NOT_AT_HOME_301' 
07-28 17:52:23.520  8768  9469 I System.out: 'UBIQUITOUS_SERVICE#assistant_screen#NOT_AT_OFFICE_401' 
07-28 17:52:23.522  8768  9469 I System.out: 'policy:NEAR_SUBWAY_BUS_STATION_2x4' 
07-28 17:52:23.526  2174  3681 D VRR [OTI]: handleIdle from 0 to 1
07-28 17:52:23.526  2174  3681 D VRR [OTI-HW]: isStateReady 1
07-28 17:52:23.526  2174  3681 D VRR [RefreshRateDirector]: requestRefreshRateByOti update [ oti-hw, {fps=60, modePtr={id=5, vsyncRate=60.00 Hz, peakRefreshRate=60.00 Hz}} ]
07-28 17:52:23.527  2174  3681 D VRR [RefreshRateDirector]: selectBestFrameRate DirectorMapOti [oti-hw, {fps=60, modePtr={id=5, vsyncRate=60.00 Hz, peakRefreshRate=60.00 Hz}}]
07-28 17:52:23.527  2174  3681 D VRR [RefreshRateDirector]: updateBestFrameRate [oti-hw, {fps=60, modePtr={id=5, vsyncRate=60.00 Hz, peakRefreshRate=60.00 Hz}}]
07-28 17:52:23.527  2174  3681 D SurfaceFlinger: VRR [SurfaceFlinger] setDesiredActiveMode: displayId: 4630946756802996883, renderRate: 60, vsyncRate: 60, event: 1
07-28 17:52:23.527  2174  3681 D DisplayModeController: setDesiredMode 4630946756802996883 {mode={fps=60.00 Hz, modePtr={id=5, vsyncRate=60.00 Hz, peakRefreshRate=60.00 Hz}}, emitEvent=true, force=false}
07-28 17:52:23.528  8768  9469 W metis_v2_TimeDurationCompare: [com.oplus.metis#UBIQUITOUS_SERVICE#scene#tips#TipScene_EXIT] 'timestamp' is not literal. [7f0000011753739501844321807346|p_7346_d65e6b9@1|p_8768_134e354@7|com.oplus.metis]
07-28 17:52:23.529  2174  2174 I DisplayModeController: hwc begin mode change to 16666666
07-28 17:52:23.529  2174  2174 I HWC2    : [0] setActiveConfigWithConstraints[5]
07-28 17:52:23.529  8768  9469 D SceneIntentPublisher: headAction: pkg is com.oplus.metis and simpleRuleName is UBIQUITOUS_SERVICE#secne#activity_coloros_reminder_tips
07-28 17:52:23.529  1917  6467 W SDM     : HWDeviceDRM::GetSupportedBitClkRate: Requested rate not supported: 1363200000
07-28 17:52:23.530  1917  6467 I SDM     : HWDeviceDRM::UpdateMixerAttributes: Mixer WxH 1440x3168-1 for Peripheral
07-28 17:52:23.530  1917  6467 I CwbService: CwbService::notifyConfigChange: display:0, config:5 size:4, sec.size():0
07-28 17:52:23.530  1917  6467 I CwbService: CwbService::notifyConfigChange: display: 0, config = 1
07-28 17:52:23.530  1917  3632 I CasManager: Fps changed from 120 to 60
07-28 17:52:23.530  1917  3632 I CasManager: Fps changed, not change bin, so trigger gain
07-28 17:52:23.530  1917  3632 W SDM     : DemuraIntfImpl::ProcessOemPluginGain: Thermal intf_ is nullptr 0, default to 25 degree
07-28 17:52:23.530  1917  3632 I SDM     : CasQcPlugIn::ProcessPerCompGainOppo: input params, mode:PWM, fps:60, dbv:1448
07-28 17:52:23.530  1917  3632 I SDM     : CasQcPlugIn::ProcessPerCompGainOppo: normalized bright_adj:1024, dbv:1448, bin_dbv:1083, 
07-28 17:52:23.530  1917  3632 I SDM     : CasQcPlugIn::ProcessPerCompGainOppo: gains print start =====================
07-28 17:52:23.530  1917  3632 I SDM     : CasQcPlugIn::ProcessPerCompGainOppo: gain --------------------------------
07-28 17:52:23.530  1917  3632 I SDM     : CasQcPlugIn::ProcessPerCompGainOppo: old: 0 0 0 57 90 322 1201 3072
07-28 17:52:23.530  1917  3632 I SDM     : CasQcPlugIn::ProcessPerCompGainOppo: new: 0 0 0 30 77 278 1040 3072
07-28 17:52:23.530  1917  3632 I SDM     : CasQcPlugIn::ProcessPerCompGainOppo: gain --------------------------------
07-28 17:52:23.530  1917  3632 I SDM     : CasQcPlugIn::ProcessPerCompGainOppo: old: 0 0 0 64 125 373 1336 3072
07-28 17:52:23.530  1917  3632 I SDM     : CasQcPlugIn::ProcessPerCompGainOppo: new: 0 0 0 34 99 373 1336 3072
07-28 17:52:23.530  1917  3632 I SDM     : CasQcPlugIn::ProcessPerCompGainOppo: gain --------------------------------
07-28 17:52:23.530  1917  3632 I SDM     : CasQcPlugIn::ProcessPerCompGainOppo: old: 0 0 0 42 83 323 1222 3072
07-28 17:52:23.530  1917  3632 I SDM     : CasQcPlugIn::ProcessPerCompGainOppo: new: 0 0 0 22 83 323 1222 3072
07-28 17:52:23.530  1917  3632 I SDM     : CasQcPlugIn::ProcessPerCompGainOppo: gains print end =======================
07-28 17:52:23.534  1917  3632 I SDM     : DemuraIntfImpl::StageAllData: Staged all data to Demura Driver!
07-28 17:52:23.534  1917  3632 I SDM     : HWPeripheralDRM::SetPanelFeature: Set Panel feature property 19
07-28 17:52:23.534  1917  3632 I SDM     : HWPeripheralDRM::SetPanelFeature: Set Panel feature property 7
07-28 17:52:23.534  1917  3632 I SDM     : DisplayBuiltIn::TriggerDemuraOemPlugIn: Trigger demura oem plugin success
07-28 17:52:23.535  1917  2237 I SDM     : DRMPanelFeatureMgr::ApplyDirtyFeature: Commited panel feature [enabled]: 20-272
07-28 17:52:23.535  1917  2237 I SDM     : DRMPanelFeatureMgr::ApplyDirtyFeature: Commited panel feature [enabled]: 8-271
07-28 17:52:23.537  8768  9469 D SceneIntentPublisher: headAction: pkg is com.oplus.metis and simpleRuleName is UBIQUITOUS_SERVICE#secne#activity_coloros_reminder_tips
07-28 17:52:23.537  2174  2174 D VRR-[OPlusRefreshRateSelector]: setCurrentModeId 5 type SM
07-28 17:52:23.537  2174  3681 D VRR [OTI-HW]: isStateReady 1
07-28 17:52:23.537  2174  3681 D VRR [OTI-HW]: keep rate.
07-28 17:52:23.538  3430  3634 I DisplayDeviceRepository: Display device changed render timings: "Built-in Screen", renderFrameRate=60.000004, presentationDeadlineNanos=16666666, appVsyncOffsetNanos=1000000
07-28 17:52:23.538  3430  3634 D LogicalDisplayExt: set displayInfo flag FLAG_ROTATES_WITH_CONTENT
07-28 17:52:23.539  3430  3634 D DisplayManagerServiceExtImpl: scheduleTraversalLocked intraversal=false
07-28 17:52:23.539  3430  3634 I DisplayManagerServiceExtImpl: handle logical display changed logicalDisplay=id=0,stack=0,content=true,displayInfo{stack=0,type=1,id=0,uId=local:4630946756802996883,state=ON,pkg=null}
07-28 17:52:23.539  3430  3634 D DisplayManagerService: Delivering display event: displayId=0, event=CHANGED
07-28 17:52:23.539  3430  3789 D BrightnessThermalClamper: Thermal status observer already started
07-28 17:52:23.539  3430  3789 D BrightnessPowerClamper: Power throttling data is missing for configuration data.
07-28 17:52:23.539  3430  3430 E OplusGestureAnimationManagerPolicy: mScreenHeight:2376 mScreenWidth:1080 mRotation:0
07-28 17:52:23.539  3430  3629 D OplusVFXScreenEffectFeature: notifySFCompatWindowStateChange entered false
07-28 17:52:23.539  3430  3629 D FSS_FoldScreenBlackCoverController: displayChangeToOn, dc:Display{#0 state=ON size=1080x2376 ROTATION_0}
07-28 17:52:23.539  2174  2404 D [PREVIEW]: SF obtain preview_adapter: 0
07-28 17:52:23.539  2174  2404 D [PREVIEW]: TabletPreviewAdapter::parallel world 0
07-28 17:52:23.539  2162  3524 D AudioFlingerExtImpl: AudioFlingerExtImpl oplusSetParameters: keyvalue screen_state=on
07-28 17:52:23.540  2162  3524 D DeviceHalAidl: 0xb4000077fd67c200 DeviceHalAidl::setParameters
07-28 17:52:23.540  2162  3524 D DeviceHalAidl: setParameters: parameters: "screen_state=on"
07-28 17:52:23.540  3430  3634 D DisplayManagerService: MSG_REQUEST_TRAVERSAL pendingCompleted=false
07-28 17:52:23.540  1867  1867 I PAL: ResourceManager: setParameter: 11480: Screen State:1
07-28 17:52:23.540  2162  3524 D DeviceHalAidl: 0xb4000077fd67c800 DeviceHalAidl::setParameters
07-28 17:52:23.540  2162  3524 D DeviceHalAidl: setParameters: parameters: "screen_state=on"
07-28 17:52:23.540  1867  3499 D AHAL_Module: updateScreenState: usb: 1
07-28 17:52:23.540  2162  3524 D DeviceHalAidl: 0xb4000077fd67ce00 DeviceHalAidl::setParameters
07-28 17:52:23.540  2162  3524 D DeviceHalAidl: setParameters: parameters: "screen_state=on"
07-28 17:52:23.540  1867  1905 D AHAL_Module: updateScreenState: r_submix: 1
07-28 17:52:23.540  2162  3524 D DeviceHalAidl: 0xb4000077fd67d400 DeviceHalAidl::setParameters
07-28 17:52:23.540  2162  3524 D DeviceHalAidl: setParameters: parameters: "screen_state=on"
07-28 17:52:23.540  1867  3511 D AHAL_Module: updateScreenState: bluetooth: 1
07-28 17:52:23.540  2162  3524 D DeviceHalAidl: 0xb4000077fd67da00 DeviceHalAidl::setParameters
07-28 17:52:23.540  2162  3524 D DeviceHalAidl: setParameters: parameters: "screen_state=on"
07-28 17:52:23.540  1867  4605 D AHAL_Module: updateScreenState: bluetooth: 1
07-28 17:52:23.540  2162  3524 D DeviceHalAidl: 0xb4000077fd67e000 DeviceHalAidl::setParameters
07-28 17:52:23.540  2162  3524 D DeviceHalAidl: setParameters: parameters: "screen_state=on"
07-28 17:52:23.540  1867  1904 D AHAL_Module: updateScreenState: stub: 1
07-28 17:52:23.540  4719  4719 D CastManagerService: onDisplayChanged.
07-28 17:52:23.541  3430  3629 D DisplayManagerService: performTraversalInternal pendingTraversal
07-28 17:52:23.541  3430  3629 D DisplayDevice: setLayerStackLocked id=local:4630946756802996883 token=android.os.BinderProxy@11d2970 stack=0->0
07-28 17:52:23.541  8768  9469 I System.out: 'UBIQUITOUS_SERVICE#assistant_screen#NOT_AT_HOME_301' 
07-28 17:52:23.541  4867  4867 I SystemUi--Statusbar: DisplayRepository-->combining enabled=[0], connectedExternalDisplayIds=[], ignored=[]
07-28 17:52:23.541  6595  6725 E oiface  : sched_setaffinity failed
07-28 17:52:23.541  2041  2081 I gameoptHal: targetfps updated 6 -- 60
07-28 17:52:23.542  8768  9469 I System.out: 'tempPropertyForGuideStatus' 
07-28 17:52:23.544  8768  9469 D SceneIntentPublisher: headAction: pkg is com.oplus.metis and simpleRuleName is UBIQUITOUS_SERVICE#secne#activity_coloros_reminder_tips
07-28 17:52:23.544  8768  9469 W metis_v2_TimeDurationCompare: [com.oplus.metis#UBIQUITOUS_SERVICE#scene#tips#TipScene_EXIT] 'timestamp' is not literal. [7f0000011753739501844321807346|p_7346_d65e6b9@1|p_8768_134e354@7|com.oplus.metis]
07-28 17:52:23.551  8768  9158 I ContextAware_GetInstalledAppsInfo: Update cache
07-28 17:52:23.556  8768  9469 W metis_v2_AbsTimerTriggered: [com.oplus.metis#UBIQUITOUS_SERVICE#health#LAUNCH-HEALTH-APP]: periodicTriggered's parseArgsToTimer meet exception periodic timer's first execute start time must >= time range start [7f0000011753739501844321807346|p_7346_d65e6b9@1|p_8768_134e354@7|com.oplus.metis]
07-28 17:52:23.556  8768  9469 W metis_v2_AbsTimerTriggered: [com.oplus.metis#UBIQUITOUS_SERVICE#health#LAUNCH-HEALTH-APP]: please check if builtin periodicTriggered's args is valid [7f0000011753739501844321807346|p_7346_d65e6b9@1|p_8768_134e354@7|com.oplus.metis]
07-28 17:52:23.559  8768  9469 I System.out: 'UBIQUITOUS_SERVICE#assistant_screen#NOT_AT_OFFICE_401' 
07-28 17:52:23.559  8768  9469 I metis_v2_KnowledgeManager: panta-sugg-Fire takes 44 milliseconds. [7f0000011753739501844321807346|p_7346_d65e6b9@1|p_8768_134e354@7|com.oplus.metis]
07-28 17:52:23.559  8768  9469 I ContextAware_PantanalIntentManager: intent (id-14111004+policyName-CLEAN_STORAGE) is not found in scene_intent_config [7f0000011753739501844321807346|p_7346_d65e6b9@1|p_8768_134e354@7|com.oplus.metis]
07-28 17:52:23.559  8768  9469 I metis_v2_SceneTravelingAdapter: recallTravellingIntent: [] [7f0000011753739501844321807346|p_7346_d65e6b9@1|p_8768_134e354@7|com.oplus.metis]
07-28 17:52:23.559  8768  9469 I ContextAware_ContextAware_SceneIntentManager: mLastIntentDataSet: [] [7f0000011753739501844321807346|p_7346_d65e6b9@1|p_8768_134e354@7|com.oplus.metis]
07-28 17:52:23.559  8768  9469 I ContextAware_ContextAware_SceneIntentManager: intentList: [IntentDataDTO(intent=IntentDTO=[sceneId=220500200, intentId=14111005, isExited=false, source=0, ownerId=com.oplus.metis, action=14111005, policyName=SUBSTITUTE_SCENE, serviceId=, sendExitedIntent=true, repeatable=false, sceneScore=-1.0, position=right, level=2, type=1, serviceInstanceId=null, isSupportMultiInstance=false, settingsPreference=null], items=[]), IntentDataDTO(intent=IntentDTO=[sceneId=210000000, intentId=12121002, isExited=true, source=0, ownerId=com.oplus.metis, action=12121002, policyName=TAKEOUT_ORDER_STATUS_CHANGE, serviceId=, sendExitedIntent=false, repeatable=false, sceneScore=-1.0, position=left, level=1, type=1, serviceInstanceId=null, isSupportMultiInstance=false, settingsPreference=null], items=[]), IntentDataDTO(intent=IntentDTO=[sceneId=null, intentId=14111004, isExited=true, source=0, ownerId=com.oplus.metis, action=14111004, policyName=CLEAN_STORAGE, serviceId=, sendExitedIntent=false, repeatable=false, sceneScore=-1.0, position=null, level=0, type=1, serviceInstanceId=null, isSupportMultiInstance=false, settingsPreference=null], items=[]), IntentDataDTO(intent=IntentDTO=[sceneId=null, intentId=12121002, isExited=true, source=0, ownerId=com.oplus.metis, action=12121002, policyName=TAKEOUT_ORDER_STATUS_CHANGE, serviceId=, sendExitedIntent=false, repeatable=false, sceneScore=-1.0, position=null, level=0, type=1, serviceInstanceId=null, isSupportMultiInstance=false, settingsPreference=null], items=[])] [7f0000011753739501844321807346|p_7346_d65e6b9@1|p_8768_134e354@7|com.oplus.metis]
07-28 17:52:23.559  8768  9469 I ContextAware_ContextAware_SceneIntentManager: missedIntent: [] [7f0000011753739501844321807346|p_7346_d65e6b9@1|p_8768_134e354@7|com.oplus.metis]
07-28 17:52:23.559  8768  9469 I metis_v2_SceneIntentManager: panta-sugg-Published intents: [7f0000011753739501844321807346|p_7346_d65e6b9@1|p_8768_134e354@7|com.oplus.metis]
07-28 17:52:23.559  8768  9469 I metis_v2_SceneIntentManager: panta-sugg-IntentDataDTO(intent=IntentDTO=[sceneId=220500200, intentId=14111005, isExited=false, source=0, ownerId=com.oplus.metis, action=14111005, policyName=SUBSTITUTE_SCENE, serviceId=, sendExitedIntent=true, repeatable=false, sceneScore=-1.0, position=right, level=2, type=1, serviceInstanceId=null, isSupportMultiInstance=false, settingsPreference=null], items=[]) [7f0000011753739501844321807346|p_7346_d65e6b9@1|p_8768_134e354@7|com.oplus.metis]
07-28 17:52:23.559  8768  9469 I metis_v2_SceneIntentManager: panta-sugg-IntentDataDTO(intent=IntentDTO=[sceneId=210000000, intentId=12121002, isExited=true, source=0, ownerId=com.oplus.metis, action=12121002, policyName=TAKEOUT_ORDER_STATUS_CHANGE, serviceId=, sendExitedIntent=false, repeatable=false, sceneScore=-1.0, position=left, level=1, type=1, serviceInstanceId=null, isSupportMultiInstance=false, settingsPreference=null], items=[]) [7f0000011753739501844321807346|p_7346_d65e6b9@1|p_8768_134e354@7|com.oplus.metis]
07-28 17:52:23.559  8768  9469 I metis_v2_SceneIntentManager: panta-sugg-IntentDataDTO(intent=IntentDTO=[sceneId=null, intentId=14111004, isExited=true, source=0, ownerId=com.oplus.metis, action=14111004, policyName=CLEAN_STORAGE, serviceId=, sendExitedIntent=false, repeatable=false, sceneScore=-1.0, position=null, level=0, type=1, serviceInstanceId=null, isSupportMultiInstance=false, settingsPreference=null], items=[]) [7f0000011753739501844321807346|p_7346_d65e6b9@1|p_8768_134e354@7|com.oplus.metis]
07-28 17:52:23.559  8768  9469 I metis_v2_SceneIntentManager: panta-sugg-IntentDataDTO(intent=IntentDTO=[sceneId=null, intentId=12121002, isExited=true, source=0, ownerId=com.oplus.metis, action=12121002, policyName=TAKEOUT_ORDER_STATUS_CHANGE, serviceId=, sendExitedIntent=false, repeatable=false, sceneScore=-1.0, position=null, level=0, type=1, serviceInstanceId=null, isSupportMultiInstance=false, settingsPreference=null], items=[]) [7f0000011753739501844321807346|p_7346_d65e6b9@1|p_8768_134e354@7|com.oplus.metis]
07-28 17:52:23.560  8768  9469 I ContextAware_MetisStatistics: uploadMetisIntentData enter {intent_source=0, intent_action=14111005, exit_type=, rule_name=UBIQUITOUS_SERVICE#secne#activity_coloros_reminder_tips, service_id=, scene_id=220500200, policy_name=SUBSTITUTE_SCENE, is_exited=false, intent_id=14111005, timestamp=1753739543560} [7f0000011753739501844321807346|p_7346_d65e6b9@1|p_8768_134e354@7|com.oplus.metis]
07-28 17:52:23.560  8768  9469 I ContextAware_PantanalIntentManager: getCloudIntentConfig [7f0000011753739501844321807346|p_7346_d65e6b9@1|p_8768_134e354@7|com.oplus.metis]
07-28 17:52:23.562  8768 10707 I DeepThinkerSDK: [APP] ClientConnection: getDeepThinkerBridge start
07-28 17:52:23.562  8768 10707 I DeepThinkerSDK: [APP] ClientConnection: getDeepThinkerBridge end
07-28 17:52:23.565  8768  9469 I ContextAware_PantanalIntentManager: getDownLoadConfig [7f0000011753739501844321807346|p_7346_d65e6b9@1|p_8768_134e354@7|com.oplus.metis]
07-28 17:52:23.579  8768  9469 I ContextAware_PantanalIntentManager: selectNewestConfig, assetVersion 202505301103, downloadVersion 202507161101 [7f0000011753739501844321807346|p_7346_d65e6b9@1|p_8768_134e354@7|com.oplus.metis]
07-28 17:52:23.584  5039  6571 D SaDataService: onTelephonyEventReport , subId= 0,slotId=-1 eventId=2009
07-28 17:52:23.584  5253  7535 D VendorTelephonyService: onTelephonyEventReport slotId =0 eventId=2009
07-28 17:52:23.584  5253  7535 D VendorTelephonyService: onTelephonyEventReport slotId =0 eventId=2009
07-28 17:52:23.584  5039  6571 D TelephonyImpl: notify eventId:2009 for list size:2
07-28 17:52:23.584  5253  5253 D VendorCallService: notityEventUpdate, eventId:2009, slotId = 0
