07-29 14:25:46.554  9197 10166 I metis_v2_KnowledgeManager: ebb5fe8-79fe-4c11-824f-22e720002af0@/n@|    |    |----metis/core-ontology#hasInstalledApp: metis/core-ontology#Application[_pkgName=com.coloros.calendar_pid=0]@/n@|    |    |    |----metis/core-ontology#pkgName: com.coloros.calendar^^http://www.w3.org/2001/XMLSchema#string@/n@|    |    |    |----metis/core-ontology#pid: 0^^http://www.w3.org/2001/XMLSchema#int@/n@|    |    |    |----metis/core-ontology#appVersion: 15017004^^http://www.w3.org/2001/XMLSchema#long@/n@|    |    |----metis/core-ontology#hasInstalledApp: metis/core-ontology#Application[_pkgName=com.oplus.pantanal.ums_pid=0]@/n@|    |    |    |----metis/core-ontology#pkgName: com.oplus.pantanal.ums^^http://www.w3.org/2001/XMLSchema#string@/n@|    |    |    |----metis/core-ontology#pid: 0^^http://www.w3.org/2001/XMLSchema#int@/n@|    |    |    |----metis/core-ontology#appVersion: 15000186^^http://www.w3.org/2001/XMLSchema#long@/n@|    |    |----metis/core-ontology#hasInstalledApp: metis/core-ontology#Application[_pkgName=com.heytap.health_pid=0]@/n@|    |    |    |----metis/core-ontology#pkgName: com.heytap.health^^http://www.w3.org/2001/XMLSchema#string@/n@|    |    |    |----metis/core-ontology#pid: 0^^http://www.w3.org/2001/XMLSchema#int@/n@|    |    |    |----metis/core-ontology#appVersion: 4230700^^http://www.w3.org/2001/XMLSchema#long@/n@|    |    |----metis/core-ontology#hasInstalledApp: metis/core-ontology#Application[_pkgName=com.redteamobile.roaming_pid=0]@/n@|    |    |    |----metis/core-ontology#pkgName: com.redteamobile.roaming^^http://www.w3.org/2001/XMLSchema#string@/n@|    |    |    |----metis/core-ontology#pid: 0^^http://www.w3.org/2001/XMLSchema#int@/n@|    |    |    |----metis/core-ontology#appVersion: 15009000^^http://www.w3.org/2001/XMLSchema#long@/n@|    |    |----metis/core-ontology#hasInstalledApp: metis/core-ontology#Application[_pkgName=com.tencent.mm_pid=0]@/n@|    |    |    |----metis/core-ontology#pkgName: com.tencent.mm^^http://www.w3.org/2001/XMLSchema#string@/n@|    |    |    |----metis/core-ontology#pid: 0^^http://www.w3.org/2001/XMLSchema#int@/n@|    |    |    |----metis/core-ontology#appVersion: 2880^^http://www.w3.org/2001/XMLSchema#long@/n@|    |    |----metis/core-ontology#hasInstalledApp: metis/core-ontology#Application[_pkgName=com.heytap.speechassist_pid=0]@/n@|    |    |    |----metis/core-ontology#pkgName: com.heytap.speechassist^^http://www.w3.org/2001/XMLSchema#string@/n@|    |    |    |----metis/core-ontology#pid: 0^^http://www.w3.org/2001/XMLSchema#int@/n@|    |    |    |----metis/core-ontology#appVersion: 110806^^http://www.w3.org/2001/XMLSchema#long@/n@|    |    |----metis/core-ontology#hasInstalledApp: metis/core-ontology#Application[_pkgName=com.oplus.aiunit_pid=0]@/n@|    |    |    |----metis/core-ontology#pkgName: com.oplus.aiunit^^http://www.w3.org/2001/XMLSchema#string@/n@|    |    |    |----metis/core-ontology#pid: 0^^http://www.w3.org/2001/XMLSchema#int@/n@|    |    |    |----metis/core-ontology#appVersion: 1504023^^http://www.w3.org/2001/XMLSchema#long@/n@|    |    |----metis/core-ontology#hasInstalledApp: metis/cor [7f0000011753813504902205707119|p_7119_ff300b0@1|p_9197_6071ed8@7|com.oplus.metis]
07-29 14:25:46.554  9197 10166 I metis_v2_KnowledgeManager: e-ontology#Application[_pkgName=com.coloros.sceneservice_pid=0]@/n@|    |    |    |----metis/core-ontology#pkgName: com.coloros.sceneservice^^http://www.w3.org/2001/XMLSchema#string@/n@|    |    |    |----metis/core-ontology#pid: 0^^http://www.w3.org/2001/XMLSchema#int@/n@|    |    |    |----metis/core-ontology#appVersion: 15000520^^http://www.w3.org/2001/XMLSchema#long@/n@|    |    |----metis/core-ontology#hasInstalledApp: metis/core-ontology#Application[_pkgName=com.coloros.shortcuts_pid=0]@/n@|    |    |    |----metis/core-ontology#pkgName: com.coloros.shortcuts^^http://www.w3.org/2001/XMLSchema#string@/n@|    |    |    |----metis/core-ontology#pid: 0^^http://www.w3.org/2001/XMLSchema#int@/n@|    |    |    |----metis/core-ontology#appVersion: 15002002^^http://www.w3.org/2001/XMLSchema#long@/n@|    |    |----metis/core-ontology#hasInstalledApp: metis/core-ontology#Application[_pkgName=com.coloros.gallery3d_pid=0]@/n@|    |    |    |----metis/core-ontology#pkgName: com.coloros.gallery3d^^http://www.w3.org/2001/XMLSchema#string@/n@|    |    |    |----metis/core-ontology#pid: 0^^http://www.w3.org/2001/XMLSchema#int@/n@|    |    |    |----metis/core-ontology#appVersion: 15071008^^http://www.w3.org/2001/XMLSchema#long@/n@|    |    |----metis/core-ontology#hasInstalledApp: metis/core-ontology#Application[_pkgName=com.heytap.browser_pid=0]@/n@|    |    |    |----metis/core-ontology#pkgName: com.heytap.browser^^http://www.w3.org/2001/XMLSchema#string@/n@|    |    |    |----metis/core-ontology#pid: 0^^http://www.w3.org/2001/XMLSchema#int@/n@|    |    |    |----metis/core-ontology#appVersion: 9140002^^http://www.w3.org/2001/XMLSchema#long@/n@|    |----metis/core-ontology#deviceModelName: PJZ110^^http://www.w3.org/2001/XMLSchema#string@/n@|    |----metis/core-ontology#firstAPILevel: 35^^http://www.w3.org/2001/XMLSchema#int@/n@|    |----metis/core-ontology#ColorOSApi: 36^^http://www.w3.org/2001/XMLSchema#int@/n@|    |----metis/core-ontology#ColorOSDisplayVersion: 15.0^^http://www.w3.org/2001/XMLSchema#string@/n@|    |----metis/core-ontology#metisVersion: 15007234^^http://www.w3.org/2001/XMLSchema#int@/n@|    |----metis/core-ontology#randomNumber: 7256^^http://www.w3.org/2001/XMLSchema#int@/n@|    |----metis/core-ontology#exitFlightFlag: 0^^http://www.w3.org/2001/XMLSchema#integer@/n@|    |----metis/core-ontology#lastAPILevel: 35^^http://www.w3.org/2001/XMLSchema#int@/n@metis/core-ontology#TakeoutServicesIndividual@/n@|    |----metis/core-ontology#orderEndTimestamp: -1^^http://www.w3.org/2001/XMLSchema#long@/n@metis/core-ontology#240100500@/n@|    |----metis/core-ontology#sceneStatus: ACTIVE^^http://www.w3.org/2001/XMLSchema#string@/n@|    |----metis/core-ontology#instanceId: ^^http://www.w3.org/2001/XMLSchema#string@/n@|    |----metis/core-ontology#sceneCreateTime: 1753393468237^^http://www.w3.org/2001/XMLSchema#long@/n@|    |----metis/core-ontology#sceneBaseId: 240100500^^http://www.w3.org/2001/XMLSchema#long@/n@|    |----metis/core-ontology#sceneId: 240100500^^http://www.w3.org/2001/XMLSchema#long@/n@ [7f0000011753813504902205707119|p_7119_ff300b0@1|p_9197_6071ed8@7|com.oplus.metis]
07-29 14:25:46.554  9197 10611 I ContextAware_DailyStatisticsRecorder: Increase context change count: total_fire_count, value: 1
07-29 14:25:46.555  9197 10611 I ContextAware_DailyStatisticsRecorder: Increase context change count: total_fire_time_ms, value: 50
07-29 14:25:46.555  9197 10166 I metis_v2_JenaHandlerHelper: default fire [7f0000011753813504902205707119|p_7119_ff300b0@1|p_9197_6071ed8@7|com.oplus.metis]
07-29 14:25:46.555  9197 10166 W metis_v2_KnowledgeManager: Fire: isEmergency is false  debugFireMode = false [7f0000011753813504902205707119|p_7119_ff300b0@1|p_9197_6071ed8@7|com.oplus.metis]
07-29 14:25:46.555  9197 10166 W metis_v2_KnowledgeManager: Fire: isGameMode or isRestrainFireMode is true,delay time:600000 [7f0000011753813504902205707119|p_7119_ff300b0@1|p_9197_6071ed8@7|com.oplus.metis]
07-29 14:25:46.555  9197 10166 E metis_v2_JenaHandlerManager: local thread match [7f0000011753813504902205707119|p_7119_ff300b0@1|p_9197_6071ed8@7|com.oplus.metis]
07-29 14:25:46.555  9197 10168 I DeepThinkerSDK: [APP] ClientConnection: getDeepThinkerBridge start
07-29 14:25:46.555  9197 10168 I DeepThinkerSDK: [APP] ClientConnection: getDeepThinkerBridge end
07-29 14:25:46.555  9197 10166 E metis_v2_JenaHandlerManager: local thread match [7f0000011753813504902205707119|p_7119_ff300b0@1|p_9197_6071ed8@7|com.oplus.metis]
07-29 14:25:46.555  9197 10166 E metis_v2_JenaHandlerManager: local thread match [7f0000011753813504902205707119|p_7119_ff300b0@1|p_9197_6071ed8@7|com.oplus.metis]
07-29 14:25:46.555  9197 10166 E metis_v2_JenaHandlerManager: local thread match [7f0000011753813504902205707119|p_7119_ff300b0@1|p_9197_6071ed8@7|com.oplus.metis]
07-29 14:25:46.555  9197 10166 E metis_v2_JenaHandlerManager: local thread match [7f0000011753813504902205707119|p_7119_ff300b0@1|p_9197_6071ed8@7|com.oplus.metis]
07-29 14:25:46.555  9197 10166 E metis_v2_JenaHandlerManager: local thread match [7f0000011753813504902205707119|p_7119_ff300b0@1|p_9197_6071ed8@7|com.oplus.metis]
07-29 14:25:46.555  9197 10166 E metis_v2_JenaHandlerManager: local thread match [7f0000011753813504902205707119|p_7119_ff300b0@1|p_9197_6071ed8@7|com.oplus.metis]
07-29 14:25:46.555  9197 10166 E metis_v2_JenaHandlerManager: local thread match [7f0000011753813504902205707119|p_7119_ff300b0@1|p_9197_6071ed8@7|com.oplus.metis]
07-29 14:25:46.555  9197 10166 E metis_v2_JenaHandlerManager: local thread match [7f0000011753813504902205707119|p_7119_ff300b0@1|p_9197_6071ed8@7|com.oplus.metis]
07-29 14:25:46.555  9197 10166 E metis_v2_JenaHandlerManager: local thread match [7f0000011753813504902205707119|p_7119_ff300b0@1|p_9197_6071ed8@7|com.oplus.metis]
07-29 14:25:46.555  9197 10166 E metis_v2_JenaHandlerManager: local thread match [7f0000011753813504902205707119|p_7119_ff300b0@1|p_9197_6071ed8@7|com.oplus.metis]
07-29 14:25:46.555  9197 10166 E metis_v2_JenaHandlerManager: local thread match [7f0000011753813504902205707119|p_7119_ff300b0@1|p_9197_6071ed8@7|com.oplus.metis]
07-29 14:25:46.555  9197 10166 E metis_v2_JenaHandlerManager: local thread match [7f0000011753813504902205707119|p_7119_ff300b0@1|p_9197_6071ed8@7|com.oplus.metis]
07-29 14:25:46.555  9197 10166 E metis_v2_JenaHandlerManager: local thread match [7f0000011753813504902205707119|p_7119_ff300b0@1|p_9197_6071ed8@7|com.oplus.metis]
07-29 14:25:46.555  9197 10166 E metis_v2_JenaHandlerManager: local thread match [7f0000011753813504902205707119|p_7119_ff300b0@1|p_9197_6071ed8@7|com.oplus.metis]
07-29 14:25:46.555  9197 10166 E metis_v2_JenaHandlerManager: local thread match [7f0000011753813504902205707119|p_7119_ff300b0@1|p_9197_6071ed8@7|com.oplus.metis]
07-29 14:25:46.555  9197 10166 E metis_v2_JenaHandlerManager: local thread match [7f0000011753813504902205707119|p_7119_ff300b0@1|p_9197_6071ed8@7|com.oplus.metis]
07-29 14:25:46.555  9197 10166 E metis_v2_JenaHandlerManager: local thread match [7f0000011753813504902205707119|p_7119_ff300b0@1|p_9197_6071ed8@7|com.oplus.metis]
07-29 14:25:46.555  9197 10166 E metis_v2_JenaHandlerManager: local thread match [7f0000011753813504902205707119|p_7119_ff300b0@1|p_9197_6071ed8@7|com.oplus.metis]
07-29 14:25:46.555  9197 10166 E metis_v2_JenaHandlerManager: local thread match [7f0000011753813504902205707119|p_7119_ff300b0@1|p_9197_6071ed8@7|com.oplus.metis]
07-29 14:25:46.555  9197 10166 E metis_v2_JenaHandlerManager: local thread match [7f0000011753813504902205707119|p_7119_ff300b0@1|p_9197_6071ed8@7|com.oplus.metis]
07-29 14:25:46.555  9197 10166 E metis_v2_JenaHandlerManager: local thread match [7f0000011753813504902205707119|p_7119_ff300b0@1|p_9197_6071ed8@7|com.oplus.metis]
07-29 14:25:46.555  9197 10166 E metis_v2_JenaHandlerManager: local thread match [7f0000011753813504902205707119|p_7119_ff300b0@1|p_9197_6071ed8@7|com.oplus.metis]
07-29 14:25:46.555  9197 10166 E metis_v2_JenaHandlerManager: local thread match [7f0000011753813504902205707119|p_7119_ff300b0@1|p_9197_6071ed8@7|com.oplus.metis]
07-29 14:25:46.555  9197 10166 E metis_v2_JenaHandlerManager: local thread match [7f0000011753813504902205707119|p_7119_ff300b0@1|p_9197_6071ed8@7|com.oplus.metis]
07-29 14:25:46.555  9197 10166 E metis_v2_JenaHandlerManager: local thread match [7f0000011753813504902205707119|p_7119_ff300b0@1|p_9197_6071ed8@7|com.oplus.metis]
07-29 14:25:46.555  9197 10166 E metis_v2_JenaHandlerManager: local thread match [7f0000011753813504902205707119|p_7119_ff300b0@1|p_9197_6071ed8@7|com.oplus.metis]
07-29 14:25:46.555  9197 10166 E metis_v2_JenaHandlerManager: local thread match [7f0000011753813504902205707119|p_7119_ff300b0@1|p_9197_6071ed8@7|com.oplus.metis]
07-29 14:25:46.555  9197 10166 E metis_v2_JenaHandlerManager: local thread match [7f0000011753813504902205707119|p_7119_ff300b0@1|p_9197_6071ed8@7|com.oplus.metis]
07-29 14:25:46.555  9197 10166 E metis_v2_JenaHandlerManager: local thread match [7f0000011753813504902205707119|p_7119_ff300b0@1|p_9197_6071ed8@7|com.oplus.metis]
07-29 14:25:46.555  9197 10166 E metis_v2_JenaHandlerManager: local thread match [7f0000011753813504902205707119|p_7119_ff300b0@1|p_9197_6071ed8@7|com.oplus.metis]
07-29 14:25:46.555  9197 10166 E metis_v2_JenaHandlerManager: local thread match [7f0000011753813504902205707119|p_7119_ff300b0@1|p_9197_6071ed8@7|com.oplus.metis]
07-29 14:25:46.555  9197 10166 E metis_v2_JenaHandlerManager: local thread match [7f0000011753813504902205707119|p_7119_ff300b0@1|p_9197_6071ed8@7|com.oplus.metis]
07-29 14:25:46.555  9197 10166 E metis_v2_JenaHandlerManager: local thread match [7f0000011753813504902205707119|p_7119_ff300b0@1|p_9197_6071ed8@7|com.oplus.metis]
07-29 14:25:46.555  9197 10166 E metis_v2_JenaHandlerManager: local thread match [7f0000011753813504902205707119|p_7119_ff300b0@1|p_9197_6071ed8@7|com.oplus.metis]
07-29 14:25:46.555  9197 10166 E metis_v2_JenaHandlerManager: local thread match [7f0000011753813504902205707119|p_7119_ff300b0@1|p_9197_6071ed8@7|com.oplus.metis]
07-29 14:25:46.555  9197 10166 E metis_v2_JenaHandlerManager: local thread match [7f0000011753813504902205707119|p_7119_ff300b0@1|p_9197_6071ed8@7|com.oplus.metis]
07-29 14:25:46.555  9197 10166 E metis_v2_JenaHandlerManager: local thread match [7f0000011753813504902205707119|p_7119_ff300b0@1|p_9197_6071ed8@7|com.oplus.metis]
07-29 14:25:46.555  9197 10166 E metis_v2_JenaHandlerManager: local thread match [7f0000011753813504902205707119|p_7119_ff300b0@1|p_9197_6071ed8@7|com.oplus.metis]
07-29 14:25:46.555  9197 10166 E metis_v2_JenaHandlerManager: local thread match [7f0000011753813504902205707119|p_7119_ff300b0@1|p_9197_6071ed8@7|com.oplus.metis]
07-29 14:25:46.555  9197 10166 E metis_v2_JenaHandlerManager: local thread match [7f0000011753813504902205707119|p_7119_ff300b0@1|p_9197_6071ed8@7|com.oplus.metis]
07-29 14:25:46.555  9197 10166 E metis_v2_JenaHandlerManager: local thread match [7f0000011753813504902205707119|p_7119_ff300b0@1|p_9197_6071ed8@7|com.oplus.metis]
07-29 14:25:46.555  9197 10166 E metis_v2_JenaHandlerManager: local thread match [7f0000011753813504902205707119|p_7119_ff300b0@1|p_9197_6071ed8@7|com.oplus.metis]
07-29 14:25:46.555  9197 10166 E metis_v2_JenaHandlerManager: local thread match [7f0000011753813504902205707119|p_7119_ff300b0@1|p_9197_6071ed8@7|com.oplus.metis]
07-29 14:25:46.555  9197 10166 E metis_v2_JenaHandlerManager: local thread match [7f0000011753813504902205707119|p_7119_ff300b0@1|p_9197_6071ed8@7|com.oplus.metis]
07-29 14:25:46.555  9197 10166 E metis_v2_JenaHandlerManager: local thread match [7f0000011753813504902205707119|p_7119_ff300b0@1|p_9197_6071ed8@7|com.oplus.metis]
07-29 14:25:46.555  9197 10166 E metis_v2_JenaHandlerManager: local thread match [7f0000011753813504902205707119|p_7119_ff300b0@1|p_9197_6071ed8@7|com.oplus.metis]
07-29 14:25:46.555  9197 10166 E metis_v2_JenaHandlerManager: local thread match [7f0000011753813504902205707119|p_7119_ff300b0@1|p_9197_6071ed8@7|com.oplus.metis]
07-29 14:25:46.555  9197 10166 E metis_v2_JenaHandlerManager: local thread match [7f0000011753813504902205707119|p_7119_ff300b0@1|p_9197_6071ed8@7|com.oplus.metis]
07-29 14:25:46.555  9197 10166 E metis_v2_JenaHandlerManager: local thread match [7f0000011753813504902205707119|p_7119_ff300b0@1|p_9197_6071ed8@7|com.oplus.metis]
07-29 14:25:46.555  9197 10166 E metis_v2_JenaHandlerManager: local thread match [7f0000011753813504902205707119|p_7119_ff300b0@1|p_9197_6071ed8@7|com.oplus.metis]
07-29 14:25:46.555  9197 10166 E metis_v2_JenaHandlerManager: local thread match [7f0000011753813504902205707119|p_7119_ff300b0@1|p_9197_6071ed8@7|com.oplus.metis]
07-29 14:25:46.555  9197 10166 E metis_v2_JenaHandlerManager: local thread match [7f0000011753813504902205707119|p_7119_ff300b0@1|p_9197_6071ed8@7|com.oplus.metis]
07-29 14:25:46.555  9197 10166 E metis_v2_JenaHandlerManager: local thread match [7f0000011753813504902205707119|p_7119_ff300b0@1|p_9197_6071ed8@7|com.oplus.metis]
07-29 14:25:46.555  9197 10166 E metis_v2_JenaHandlerManager: local thread match [7f0000011753813504902205707119|p_7119_ff300b0@1|p_9197_6071ed8@7|com.oplus.metis]
07-29 14:25:46.555  9197 10166 E metis_v2_JenaHandlerManager: local thread match [7f0000011753813504902205707119|p_7119_ff300b0@1|p_9197_6071ed8@7|com.oplus.metis]
07-29 14:25:46.555  9197 10166 E metis_v2_JenaHandlerManager: local thread match [7f0000011753813504902205707119|p_7119_ff300b0@1|p_9197_6071ed8@7|com.oplus.metis]
07-29 14:25:46.555  9197 10166 E metis_v2_JenaHandlerManager: local thread match [7f0000011753813504902205707119|p_7119_ff300b0@1|p_9197_6071ed8@7|com.oplus.metis]
07-29 14:25:46.555  9197 10166 E metis_v2_JenaHandlerManager: local thread match [7f0000011753813504902205707119|p_7119_ff300b0@1|p_9197_6071ed8@7|com.oplus.metis]
07-29 14:25:46.555  9197 10166 E metis_v2_JenaHandlerManager: local thread match [7f0000011753813504902205707119|p_7119_ff300b0@1|p_9197_6071ed8@7|com.oplus.metis]
07-29 14:25:46.555  9197 10166 E metis_v2_JenaHandlerManager: local thread match [7f0000011753813504902205707119|p_7119_ff300b0@1|p_9197_6071ed8@7|com.oplus.metis]
07-29 14:25:46.555  9197 10166 E metis_v2_JenaHandlerManager: local thread match [7f0000011753813504902205707119|p_7119_ff300b0@1|p_9197_6071ed8@7|com.oplus.metis]
07-29 14:25:46.555  9197 10166 E metis_v2_JenaHandlerManager: local thread match [7f0000011753813504902205707119|p_7119_ff300b0@1|p_9197_6071ed8@7|com.oplus.metis]
07-29 14:25:46.555  9197 10166 E metis_v2_JenaHandlerManager: local thread match [7f0000011753813504902205707119|p_7119_ff300b0@1|p_9197_6071ed8@7|com.oplus.metis]
07-29 14:25:46.555  9197 10166 E metis_v2_JenaHandlerManager: local thread match [7f0000011753813504902205707119|p_7119_ff300b0@1|p_9197_6071ed8@7|com.oplus.metis]
07-29 14:25:46.555  9197 10166 E metis_v2_JenaHandlerManager: local thread match [7f0000011753813504902205707119|p_7119_ff300b0@1|p_9197_6071ed8@7|com.oplus.metis]
07-29 14:25:46.555  9197 10166 E metis_v2_JenaHandlerManager: local thread match [7f0000011753813504902205707119|p_7119_ff300b0@1|p_9197_6071ed8@7|com.oplus.metis]
07-29 14:25:46.555  9197 10166 E metis_v2_JenaHandlerManager: local thread match [7f0000011753813504902205707119|p_7119_ff300b0@1|p_9197_6071ed8@7|com.oplus.metis]
07-29 14:25:46.555  9197 10166 E metis_v2_JenaHandlerManager: local thread match [7f0000011753813504902205707119|p_7119_ff300b0@1|p_9197_6071ed8@7|com.oplus.metis]
07-29 14:25:46.555  9197 10166 E metis_v2_JenaHandlerManager: local thread match [7f0000011753813504902205707119|p_7119_ff300b0@1|p_9197_6071ed8@7|com.oplus.metis]
07-29 14:25:46.555  9197 10166 E metis_v2_JenaHandlerManager: local thread match [7f0000011753813504902205707119|p_7119_ff300b0@1|p_9197_6071ed8@7|com.oplus.metis]
07-29 14:25:46.555  9197 10166 E metis_v2_JenaHandlerManager: local thread match [7f0000011753813504902205707119|p_7119_ff300b0@1|p_9197_6071ed8@7|com.oplus.metis]
07-29 14:25:46.555  9197 10166 E metis_v2_JenaHandlerManager: local thread match [7f0000011753813504902205707119|p_7119_ff300b0@1|p_9197_6071ed8@7|com.oplus.metis]
07-29 14:25:46.555  9197 10166 E metis_v2_JenaHandlerManager: local thread match [7f0000011753813504902205707119|p_7119_ff300b0@1|p_9197_6071ed8@7|com.oplus.metis]
07-29 14:25:46.555  9197 10166 E metis_v2_JenaHandlerManager: local thread match [7f0000011753813504902205707119|p_7119_ff300b0@1|p_9197_6071ed8@7|com.oplus.metis]
07-29 14:25:46.555  9197 10166 E metis_v2_JenaHandlerManager: local thread match [7f0000011753813504902205707119|p_7119_ff300b0@1|p_9197_6071ed8@7|com.oplus.metis]
07-29 14:25:46.555  9197 10166 E metis_v2_JenaHandlerManager: local thread match [7f0000011753813504902205707119|p_7119_ff300b0@1|p_9197_6071ed8@7|com.oplus.metis]
07-29 14:25:46.555  9197 10166 E metis_v2_JenaHandlerManager: local thread match [7f0000011753813504902205707119|p_7119_ff300b0@1|p_9197_6071ed8@7|com.oplus.metis]
07-29 14:25:46.555  9197 10166 E metis_v2_JenaHandlerManager: local thread match [7f0000011753813504902205707119|p_7119_ff300b0@1|p_9197_6071ed8@7|com.oplus.metis]
07-29 14:25:46.555  9197 10166 E metis_v2_JenaHandlerManager: local thread match [7f0000011753813504902205707119|p_7119_ff300b0@1|p_9197_6071ed8@7|com.oplus.metis]
07-29 14:25:46.555  9197 10166 E metis_v2_JenaHandlerManager: local thread match [7f0000011753813504902205707119|p_7119_ff300b0@1|p_9197_6071ed8@7|com.oplus.metis]
07-29 14:25:46.555  9197 10166 E metis_v2_JenaHandlerManager: local thread match [7f0000011753813504902205707119|p_7119_ff300b0@1|p_9197_6071ed8@7|com.oplus.metis]
07-29 14:25:46.555  9197 10166 E metis_v2_JenaHandlerManager: local thread match [7f0000011753813504902205707119|p_7119_ff300b0@1|p_9197_6071ed8@7|com.oplus.metis]
07-29 14:25:46.555  9197 10166 E metis_v2_JenaHandlerManager: local thread match [7f0000011753813504902205707119|p_7119_ff300b0@1|p_9197_6071ed8@7|com.oplus.metis]
07-29 14:25:46.555  9197 10166 E metis_v2_JenaHandlerManager: local thread match [7f0000011753813504902205707119|p_7119_ff300b0@1|p_9197_6071ed8@7|com.oplus.metis]
07-29 14:25:46.555  9197 10166 E metis_v2_JenaHandlerManager: local thread match [7f0000011753813504902205707119|p_7119_ff300b0@1|p_9197_6071ed8@7|com.oplus.metis]
07-29 14:25:46.556  9197 10166 E metis_v2_JenaHandlerManager: local thread match [7f0000011753813504902205707119|p_7119_ff300b0@1|p_9197_6071ed8@7|com.oplus.metis]
07-29 14:25:46.556  9197 10166 E metis_v2_JenaHandlerManager: local thread match [7f0000011753813504902205707119|p_7119_ff300b0@1|p_9197_6071ed8@7|com.oplus.metis]
07-29 14:25:46.556  9197 10166 E metis_v2_JenaHandlerManager: local thread match [7f0000011753813504902205707119|p_7119_ff300b0@1|p_9197_6071ed8@7|com.oplus.metis]
07-29 14:25:46.556  9197 10166 E metis_v2_JenaHandlerManager: local thread match [7f0000011753813504902205707119|p_7119_ff300b0@1|p_9197_6071ed8@7|com.oplus.metis]
07-29 14:25:46.556  9197 10166 E metis_v2_JenaHandlerManager: local thread match [7f0000011753813504902205707119|p_7119_ff300b0@1|p_9197_6071ed8@7|com.oplus.metis]
07-29 14:25:46.556  9197 10166 E metis_v2_JenaHandlerManager: local thread match [7f0000011753813504902205707119|p_7119_ff300b0@1|p_9197_6071ed8@7|com.oplus.metis]
07-29 14:25:46.556  9197 10166 E metis_v2_JenaHandlerManager: local thread match [7f0000011753813504902205707119|p_7119_ff300b0@1|p_9197_6071ed8@7|com.oplus.metis]
07-29 14:25:46.556  9197 10166 E metis_v2_JenaHandlerManager: local thread match [7f0000011753813504902205707119|p_7119_ff300b0@1|p_9197_6071ed8@7|com.oplus.metis]
07-29 14:25:46.556  9197 10166 E metis_v2_JenaHandlerManager: local thread match [7f0000011753813504902205707119|p_7119_ff300b0@1|p_9197_6071ed8@7|com.oplus.metis]
07-29 14:25:46.556  9197 10166 E metis_v2_JenaHandlerManager: local thread match [7f0000011753813504902205707119|p_7119_ff300b0@1|p_9197_6071ed8@7|com.oplus.metis]
07-29 14:25:46.556  9197 10166 E metis_v2_JenaHandlerManager: local thread match [7f0000011753813504902205707119|p_7119_ff300b0@1|p_9197_6071ed8@7|com.oplus.metis]
07-29 14:25:46.556  9197 10166 E metis_v2_JenaHandlerManager: local thread match [7f0000011753813504902205707119|p_7119_ff300b0@1|p_9197_6071ed8@7|com.oplus.metis]
07-29 14:25:46.556  9197 10166 E metis_v2_JenaHandlerManager: local thread match [7f0000011753813504902205707119|p_7119_ff300b0@1|p_9197_6071ed8@7|com.oplus.metis]
07-29 14:25:46.556  9197 10168 I DeepThinkerSDK: [APP] UserDomainManager: checkLabelAvailable:{"38":1}
07-29 14:25:46.556  9197 10166 E metis_v2_JenaHandlerManager: local thread match [7f0000011753813504902205707119|p_7119_ff300b0@1|p_9197_6071ed8@7|com.oplus.metis]
07-29 14:25:46.556  9197 10166 E metis_v2_JenaHandlerManager: local thread match [7f0000011753813504902205707119|p_7119_ff300b0@1|p_9197_6071ed8@7|com.oplus.metis]
07-29 14:25:46.556  9197 10166 E metis_v2_JenaHandlerManager: local thread match [7f0000011753813504902205707119|p_7119_ff300b0@1|p_9197_6071ed8@7|com.oplus.metis]
07-29 14:25:46.556  9197 10166 E metis_v2_JenaHandlerManager: local thread match [7f0000011753813504902205707119|p_7119_ff300b0@1|p_9197_6071ed8@7|com.oplus.metis]
07-29 14:25:46.556  9197 10166 E metis_v2_JenaHandlerManager: local thread match [7f0000011753813504902205707119|p_7119_ff300b0@1|p_9197_6071ed8@7|com.oplus.metis]
07-29 14:25:46.556  9197 10166 E metis_v2_JenaHandlerManager: local thread match [7f0000011753813504902205707119|p_7119_ff300b0@1|p_9197_6071ed8@7|com.oplus.metis]
07-29 14:25:46.556  9197 10166 E metis_v2_JenaHandlerManager: local thread match [7f0000011753813504902205707119|p_7119_ff300b0@1|p_9197_6071ed8@7|com.oplus.metis]
07-29 14:25:46.556  9197 10166 E metis_v2_JenaHandlerManager: local thread match [7f0000011753813504902205707119|p_7119_ff300b0@1|p_9197_6071ed8@7|com.oplus.metis]
07-29 14:25:46.556  9197 10166 E metis_v2_JenaHandlerManager: local thread match [7f0000011753813504902205707119|p_7119_ff300b0@1|p_9197_6071ed8@7|com.oplus.metis]
07-29 14:25:46.556  9197 10157 I ContextAware_SortAlgorithmManager.SceneUtil: SortAlgorithmManager.SceneDeduplicationProcessor sceneId 210000000 status 2 intentList size 1 isHome false IntentId: 13151001 policyName DYNAMIC_SUBSTITUTE isFocus false serviceId null type 0 deleteKeynull
07-29 14:25:46.556  9197 10157 I ContextAware_SortAlgorithmManager.SceneUtil:  sceneId 220500200 status 1 intentList size 1 isHome false IntentId: 14111005 policyName SUBSTITUTE_SCENE isFocus false serviceId  type 0 deleteKeynull
07-29 14:25:46.556  9197 10157 I ContextAware_SortAlgorithmManager.SceneUtil:  sceneId 240000000 status 2 intentList size 3 isHome false IntentId: 14111004 policyName CLEAN_UP_STORAGE_SUBSTITUTE isFocus false serviceId null type 0 deleteKeynull IntentId: 18111007 policyName CLEAN_UP_SUBSTITUTE isFocus false serviceId null type 0 deleteKeynull IntentId: 18111008 policyName CLEAN_UP_PLUS_SUBSTITUTE isFocus false serviceId null type 0 deleteKeynull
07-29 14:25:46.556  9197 10166 E metis_v2_JenaHandlerManager: local thread match [7f0000011753813504902205707119|p_7119_ff300b0@1|p_9197_6071ed8@7|com.oplus.metis]
07-29 14:25:46.556  9197 10157 I ContextAware_SortAlgorithmManager.DecisionAlgorithmManager: getDecisionAlgorithm: dt_sort
07-29 14:25:46.556  9197 10166 E metis_v2_JenaHandlerManager: local thread match [7f0000011753813504902205707119|p_7119_ff300b0@1|p_9197_6071ed8@7|com.oplus.metis]
07-29 14:25:46.556  9197 10166 E metis_v2_JenaHandlerManager: local thread match [7f0000011753813504902205707119|p_7119_ff300b0@1|p_9197_6071ed8@7|com.oplus.metis]
07-29 14:25:46.556  9197 10166 E metis_v2_JenaHandlerManager: local thread match [7f0000011753813504902205707119|p_7119_ff300b0@1|p_9197_6071ed8@7|com.oplus.metis]
07-29 14:25:46.556  9197 10166 E metis_v2_JenaHandlerManager: local thread match [7f0000011753813504902205707119|p_7119_ff300b0@1|p_9197_6071ed8@7|com.oplus.metis]
07-29 14:25:46.556  9197 10166 E metis_v2_JenaHandlerManager: local thread match [7f0000011753813504902205707119|p_7119_ff300b0@1|p_9197_6071ed8@7|com.oplus.metis]
07-29 14:25:46.556  9197 10168 I DeepThinkerSDK: [APP] ClientConnection: getDeepThinkerBridge start
07-29 14:25:46.556  9197 10168 I DeepThinkerSDK: [APP] ClientConnection: getDeepThinkerBridge end
07-29 14:25:46.556  9197 10166 E metis_v2_JenaHandlerManager: local thread match [7f0000011753813504902205707119|p_7119_ff300b0@1|p_9197_6071ed8@7|com.oplus.metis]
07-29 14:25:46.556  9197 10168 I DeepThinkerSDK: [APP] UserDomainManager: getUserProfileLabel: args:Bundle[{openLabelIdParas=[Bundle[{label_type=1, open_id=38, businessName=metis, targetAppTypeList=[Bundle[{appMinDuration=1800000, id=1, appTypeList=[4], appMinAmount=0}], Bundle[{appMinDuration=1800000, id=2, appTypeList=[5, 9, 16], appMinAmount=0}], Bundle[{appMinDuration=0, id=3, appTypeList=[12], appMinAmount=1}], Bundle[{appMinDuration=0, id=4, appTypeList=[38], appMinAmount=1}], Bundle[{appMinDuration=0, id=5, appTypeList=[35], appMinAmount=1}]]}]]}]
07-29 14:25:46.556  9197 10166 E metis_v2_JenaHandlerManager: local thread match [7f0000011753813504902205707119|p_7119_ff300b0@1|p_9197_6071ed8@7|com.oplus.metis]
07-29 14:25:46.556  9197 10166 E metis_v2_JenaHandlerManager: local thread match [7f0000011753813504902205707119|p_7119_ff300b0@1|p_9197_6071ed8@7|com.oplus.metis]
07-29 14:25:46.556  9197 10166 E metis_v2_JenaHandlerManager: local thread match [7f0000011753813504902205707119|p_7119_ff300b0@1|p_9197_6071ed8@7|com.oplus.metis]
07-29 14:25:46.556  9197 10166 E metis_v2_JenaHandlerManager: local thread match [7f0000011753813504902205707119|p_7119_ff300b0@1|p_9197_6071ed8@7|com.oplus.metis]
07-29 14:25:46.556  9197 10166 E metis_v2_JenaHandlerManager: local thread match [7f0000011753813504902205707119|p_7119_ff300b0@1|p_9197_6071ed8@7|com.oplus.metis]
07-29 14:25:46.556  9197 10498 I ContextAware_DailyStatisticsRecorder: Increase context change count: PROCESSOR_SCENE_DEDUPLICATION_cnt, value: 1
07-29 14:25:46.556  9197 10166 E metis_v2_JenaHandlerManager: local thread match [7f0000011753813504902205707119|p_7119_ff300b0@1|p_9197_6071ed8@7|com.oplus.metis]
07-29 14:25:46.556  9197 10834 I ContextAware_SortAlgorithmManager.DtSort: onDecisionAfterRerank, inner algorithm is: internal_dt_sort
07-29 14:25:46.556  9197 10166 E metis_v2_JenaHandlerManager: local thread match [7f0000011753813504902205707119|p_7119_ff300b0@1|p_9197_6071ed8@7|com.oplus.metis]
07-29 14:25:46.556  9197 10166 E metis_v2_JenaHandlerManager: local thread match [7f0000011753813504902205707119|p_7119_ff300b0@1|p_9197_6071ed8@7|com.oplus.metis]
07-29 14:25:46.556  9197 10166 E metis_v2_JenaHandlerManager: local thread match [7f0000011753813504902205707119|p_7119_ff300b0@1|p_9197_6071ed8@7|com.oplus.metis]
07-29 14:25:46.556  9197 10498 I ContextAware_DailyStatisticsRecorder: Increase context change count: PROCESSOR_SCENE_DEDUPLICATION_ms, value: 0
07-29 14:25:46.556  9197 10166 E metis_v2_JenaHandlerManager: local thread match [7f0000011753813504902205707119|p_7119_ff300b0@1|p_9197_6071ed8@7|com.oplus.metis]
07-29 14:25:46.556  9197 10166 E metis_v2_JenaHandlerManager: local thread match [7f0000011753813504902205707119|p_7119_ff300b0@1|p_9197_6071ed8@7|com.oplus.metis]
07-29 14:25:46.556  9197 10166 E metis_v2_JenaHandlerManager: local thread match [7f0000011753813504902205707119|p_7119_ff300b0@1|p_9197_6071ed8@7|com.oplus.metis]
07-29 14:25:46.556  9197 10166 E metis_v2_JenaHandlerManager: local thread match [7f0000011753813504902205707119|p_7119_ff300b0@1|p_9197_6071ed8@7|com.oplus.metis]
07-29 14:25:46.556  9197 10835 I ContextAware_SortAlgorithmManager.DtIntentDataManager: getDtIntentList: dtIntents = []
07-29 14:25:46.556  9197 10681 I ContextAware_DailyStatisticsRecorder: Increase context change count: PROCESSOR_SCENE_REORDER_cnt, value: 1
07-29 14:25:46.556  9197 10166 E metis_v2_JenaHandlerManager: local thread match [7f0000011753813504902205707119|p_7119_ff300b0@1|p_9197_6071ed8@7|com.oplus.metis]
07-29 14:25:46.556  9197 10166 E metis_v2_JenaHandlerManager: local thread match [7f0000011753813504902205707119|p_7119_ff300b0@1|p_9197_6071ed8@7|com.oplus.metis]
07-29 14:25:46.556  9197 10166 E metis_v2_JenaHandlerManager: local thread match [7f0000011753813504902205707119|p_7119_ff300b0@1|p_9197_6071ed8@7|com.oplus.metis]
07-29 14:25:46.556  9197 10681 I ContextAware_DailyStatisticsRecorder: Increase context change count: PROCESSOR_SCENE_REORDER_ms, value: 2
07-29 14:25:46.556  9197 10166 E metis_v2_JenaHandlerManager: local thread match [7f0000011753813504902205707119|p_7119_ff300b0@1|p_9197_6071ed8@7|com.oplus.metis]
07-29 14:25:46.556  9197 10166 E metis_v2_JenaHandlerManager: local thread match [7f0000011753813504902205707119|p_7119_ff300b0@1|p_9197_6071ed8@7|com.oplus.metis]
07-29 14:25:46.556  9197 10166 E metis_v2_JenaHandlerManager: local thread match [7f0000011753813504902205707119|p_7119_ff300b0@1|p_9197_6071ed8@7|com.oplus.metis]
07-29 14:25:46.556  9197 10166 E metis_v2_JenaHandlerManager: local thread match [7f0000011753813504902205707119|p_7119_ff300b0@1|p_9197_6071ed8@7|com.oplus.metis]
07-29 14:25:46.556  9197 10166 E metis_v2_JenaHandlerManager: local thread match [7f0000011753813504902205707119|p_7119_ff300b0@1|p_9197_6071ed8@7|com.oplus.metis]
07-29 14:25:46.556  9197 10166 E metis_v2_JenaHandlerManager: local thread match [7f0000011753813504902205707119|p_7119_ff300b0@1|p_9197_6071ed8@7|com.oplus.metis]
07-29 14:25:46.556  9197 10166 E metis_v2_JenaHandlerManager: local thread match [7f0000011753813504902205707119|p_7119_ff300b0@1|p_9197_6071ed8@7|com.oplus.metis]
07-29 14:25:46.556  9197 10166 E metis_v2_JenaHandlerManager: local thread match [7f0000011753813504902205707119|p_7119_ff300b0@1|p_9197_6071ed8@7|com.oplus.metis]
07-29 14:25:46.556  9197 10166 E metis_v2_JenaHandlerManager: local thread match [7f0000011753813504902205707119|p_7119_ff300b0@1|p_9197_6071ed8@7|com.oplus.metis]
07-29 14:25:46.556  9197 10166 E metis_v2_JenaHandlerManager: local thread match [7f0000011753813504902205707119|p_7119_ff300b0@1|p_9197_6071ed8@7|com.oplus.metis]
07-29 14:25:46.556  9197 10166 E metis_v2_JenaHandlerManager: local thread match [7f0000011753813504902205707119|p_7119_ff300b0@1|p_9197_6071ed8@7|com.oplus.metis]
07-29 14:25:46.556  9197 10166 E metis_v2_JenaHandlerManager: local thread match [7f0000011753813504902205707119|p_7119_ff300b0@1|p_9197_6071ed8@7|com.oplus.metis]
07-29 14:25:46.556  9197 10166 E metis_v2_JenaHandlerManager: local thread match [7f0000011753813504902205707119|p_7119_ff300b0@1|p_9197_6071ed8@7|com.oplus.metis]
07-29 14:25:46.556  9197 10166 E metis_v2_JenaHandlerManager: local thread match [7f0000011753813504902205707119|p_7119_ff300b0@1|p_9197_6071ed8@7|com.oplus.metis]
07-29 14:25:46.556  9197 10166 E metis_v2_JenaHandlerManager: local thread match [7f0000011753813504902205707119|p_7119_ff300b0@1|p_9197_6071ed8@7|com.oplus.metis]
07-29 14:25:46.556  9197 10166 E metis_v2_JenaHandlerManager: local thread match [7f0000011753813504902205707119|p_7119_ff300b0@1|p_9197_6071ed8@7|com.oplus.metis]
07-29 14:25:46.556  9197 10166 E metis_v2_JenaHandlerManager: local thread match [7f0000011753813504902205707119|p_7119_ff300b0@1|p_9197_6071ed8@7|com.oplus.metis]
07-29 14:25:46.556  9197 10166 E metis_v2_JenaHandlerManager: local thread match [7f0000011753813504902205707119|p_7119_ff300b0@1|p_9197_6071ed8@7|com.oplus.metis]
07-29 14:25:46.556  9197 10166 E metis_v2_JenaHandlerManager: local thread match [7f0000011753813504902205707119|p_7119_ff300b0@1|p_9197_6071ed8@7|com.oplus.metis]
07-29 14:25:46.556  9197 10166 E metis_v2_JenaHandlerManager: local thread match [7f0000011753813504902205707119|p_7119_ff300b0@1|p_9197_6071ed8@7|com.oplus.metis]
07-29 14:25:46.556  9197 10166 E metis_v2_JenaHandlerManager: local thread match [7f0000011753813504902205707119|p_7119_ff300b0@1|p_9197_6071ed8@7|com.oplus.metis]
07-29 14:25:46.556  9197 10166 E metis_v2_JenaHandlerManager: local thread match [7f0000011753813504902205707119|p_7119_ff300b0@1|p_9197_6071ed8@7|com.oplus.metis]
07-29 14:25:46.556  9197 10166 E metis_v2_JenaHandlerManager: local thread match [7f0000011753813504902205707119|p_7119_ff300b0@1|p_9197_6071ed8@7|com.oplus.metis]
07-29 14:25:46.556  9197 10166 E metis_v2_JenaHandlerManager: local thread match [7f0000011753813504902205707119|p_7119_ff300b0@1|p_9197_6071ed8@7|com.oplus.metis]
07-29 14:25:46.556  9197 10166 E metis_v2_JenaHandlerManager: local thread match [7f0000011753813504902205707119|p_7119_ff300b0@1|p_9197_6071ed8@7|com.oplus.metis]
07-29 14:25:46.556  9197 10166 E metis_v2_JenaHandlerManager: local thread match [7f0000011753813504902205707119|p_7119_ff300b0@1|p_9197_6071ed8@7|com.oplus.metis]
07-29 14:25:46.556  9197 10166 E metis_v2_JenaHandlerManager: local thread match [7f0000011753813504902205707119|p_7119_ff300b0@1|p_9197_6071ed8@7|com.oplus.metis]
07-29 14:25:46.556  9197 10166 E metis_v2_JenaHandlerManager: local thread match [7f0000011753813504902205707119|p_7119_ff300b0@1|p_9197_6071ed8@7|com.oplus.metis]
07-29 14:25:46.556  9197 10166 E metis_v2_JenaHandlerManager: local thread match [7f0000011753813504902205707119|p_7119_ff300b0@1|p_9197_6071ed8@7|com.oplus.metis]
07-29 14:25:46.556  9197 10166 E metis_v2_JenaHandlerManager: local thread match [7f0000011753813504902205707119|p_7119_ff300b0@1|p_9197_6071ed8@7|com.oplus.metis]
07-29 14:25:46.556  9197 10166 E metis_v2_JenaHandlerManager: local thread match [7f0000011753813504902205707119|p_7119_ff300b0@1|p_9197_6071ed8@7|com.oplus.metis]
07-29 14:25:46.556  9197 10166 E metis_v2_JenaHandlerManager: local thread match [7f0000011753813504902205707119|p_7119_ff300b0@1|p_9197_6071ed8@7|com.oplus.metis]
07-29 14:25:46.556  9197 10166 E metis_v2_JenaHandlerManager: local thread match [7f0000011753813504902205707119|p_7119_ff300b0@1|p_9197_6071ed8@7|com.oplus.metis]
07-29 14:25:46.556  9197 10166 E metis_v2_JenaHandlerManager: local thread match [7f0000011753813504902205707119|p_7119_ff300b0@1|p_9197_6071ed8@7|com.oplus.metis]
07-29 14:25:46.556  9197 10166 E metis_v2_JenaHandlerManager: local thread match [7f0000011753813504902205707119|p_7119_ff300b0@1|p_9197_6071ed8@7|com.oplus.metis]
07-29 14:25:46.556  9197 10166 E metis_v2_JenaHandlerManager: local thread match [7f0000011753813504902205707119|p_7119_ff300b0@1|p_9197_6071ed8@7|com.oplus.metis]
07-29 14:25:46.556  9197 10166 E metis_v2_JenaHandlerManager: local thread match [7f0000011753813504902205707119|p_7119_ff300b0@1|p_9197_6071ed8@7|com.oplus.metis]
07-29 14:25:46.556  9197 10166 E metis_v2_JenaHandlerManager: local thread match [7f0000011753813504902205707119|p_7119_ff300b0@1|p_9197_6071ed8@7|com.oplus.metis]
07-29 14:25:46.556  9197 10166 E metis_v2_JenaHandlerManager: local thread match [7f0000011753813504902205707119|p_7119_ff300b0@1|p_9197_6071ed8@7|com.oplus.metis]
07-29 14:25:46.556  9197 10166 E metis_v2_JenaHandlerManager: local thread match [7f0000011753813504902205707119|p_7119_ff300b0@1|p_9197_6071ed8@7|com.oplus.metis]
07-29 14:25:46.556  9197 10166 E metis_v2_JenaHandlerManager: local thread match [7f0000011753813504902205707119|p_7119_ff300b0@1|p_9197_6071ed8@7|com.oplus.metis]
07-29 14:25:46.556  9197 10166 E metis_v2_JenaHandlerManager: local thread match [7f0000011753813504902205707119|p_7119_ff300b0@1|p_9197_6071ed8@7|com.oplus.metis]
07-29 14:25:46.556  9197 10166 E metis_v2_JenaHandlerManager: local thread match [7f0000011753813504902205707119|p_7119_ff300b0@1|p_9197_6071ed8@7|com.oplus.metis]
07-29 14:25:46.556  9197 10166 E metis_v2_JenaHandlerManager: local thread match [7f0000011753813504902205707119|p_7119_ff300b0@1|p_9197_6071ed8@7|com.oplus.metis]
07-29 14:25:46.556  9197 10166 E metis_v2_JenaHandlerManager: local thread match [7f0000011753813504902205707119|p_7119_ff300b0@1|p_9197_6071ed8@7|com.oplus.metis]
07-29 14:25:46.556  9197 10166 E metis_v2_JenaHandlerManager: local thread match [7f0000011753813504902205707119|p_7119_ff300b0@1|p_9197_6071ed8@7|com.oplus.metis]
07-29 14:25:46.556  9197 10166 E metis_v2_JenaHandlerManager: local thread match [7f0000011753813504902205707119|p_7119_ff300b0@1|p_9197_6071ed8@7|com.oplus.metis]
07-29 14:25:46.556  9197 10166 E metis_v2_JenaHandlerManager: local thread match [7f0000011753813504902205707119|p_7119_ff300b0@1|p_9197_6071ed8@7|com.oplus.metis]
07-29 14:25:46.556  9197 10835 E ContextAware_SortAlgorithmManager.DtInternalSortImpl: targetDtList is invalid
07-29 14:25:46.556  9197 10166 E metis_v2_JenaHandlerManager: local thread match [7f0000011753813504902205707119|p_7119_ff300b0@1|p_9197_6071ed8@7|com.oplus.metis]
07-29 14:25:46.556  9197 10166 E metis_v2_JenaHandlerManager: local thread match [7f0000011753813504902205707119|p_7119_ff300b0@1|p_9197_6071ed8@7|com.oplus.metis]
07-29 14:25:46.556  9197 10166 E metis_v2_JenaHandlerManager: local thread match [7f0000011753813504902205707119|p_7119_ff300b0@1|p_9197_6071ed8@7|com.oplus.metis]
07-29 14:25:46.556  9197 10166 E metis_v2_JenaHandlerManager: local thread match [7f0000011753813504902205707119|p_7119_ff300b0@1|p_9197_6071ed8@7|com.oplus.metis]
07-29 14:25:46.556  9197 10166 E metis_v2_JenaHandlerManager: local thread match [7f0000011753813504902205707119|p_7119_ff300b0@1|p_9197_6071ed8@7|com.oplus.metis]
07-29 14:25:46.556  9197 10157 I ContextAware_SortAlgorithmManager.SceneIntentReorderProcessor: ruleReordering onDecisionAfterRerank, mIntentList:size: 5 13151001 14111005 14111004 18111007 18111008
07-29 14:25:46.556  9197 10166 E metis_v2_JenaHandlerManager: local thread match [7f0000011753813504902205707119|p_7119_ff300b0@1|p_9197_6071ed8@7|com.oplus.metis]
07-29 14:25:46.556  9197 10166 E metis_v2_JenaHandlerManager: local thread match [7f0000011753813504902205707119|p_7119_ff300b0@1|p_9197_6071ed8@7|com.oplus.metis]
07-29 14:25:46.556  9197 10166 E metis_v2_JenaHandlerManager: local thread match [7f0000011753813504902205707119|p_7119_ff300b0@1|p_9197_6071ed8@7|com.oplus.metis]
07-29 14:25:46.556  9197 10166 E metis_v2_JenaHandlerManager: local thread match [7f0000011753813504902205707119|p_7119_ff300b0@1|p_9197_6071ed8@7|com.oplus.metis]
07-29 14:25:46.556  9197 10166 E metis_v2_JenaHandlerManager: local thread match [7f0000011753813504902205707119|p_7119_ff300b0@1|p_9197_6071ed8@7|com.oplus.metis]
07-29 14:25:46.556  9197 10166 E metis_v2_JenaHandlerManager: local thread match [7f0000011753813504902205707119|p_7119_ff300b0@1|p_9197_6071ed8@7|com.oplus.metis]
07-29 14:25:46.556  9197 10166 E metis_v2_JenaHandlerManager: local thread match [7f0000011753813504902205707119|p_7119_ff300b0@1|p_9197_6071ed8@7|com.oplus.metis]
07-29 14:25:46.556  9197 10166 E metis_v2_JenaHandlerManager: local thread match [7f0000011753813504902205707119|p_7119_ff300b0@1|p_9197_6071ed8@7|com.oplus.metis]
07-29 14:25:46.556  9197 10157 W ContextAware_IntentSwitchManager: subSwitchMap don't contain application_suggestions, set the switch to true as default
07-29 14:25:46.556  9197 10166 E metis_v2_JenaHandlerManager: local thread match [7f0000011753813504902205707119|p_7119_ff300b0@1|p_9197_6071ed8@7|com.oplus.metis]
07-29 14:25:46.558  5231  5601 W [0]DCS  : Common Record event failed. DCS reject event: [appId=107501,logTag=10750101,eventId=metis_scene] . Pls check server config.
07-29 14:25:46.576  1963  1963 D SensorFeature: name=ssc_screenshot_info ,index = 22
07-29 14:25:46.576  1963  1963 D SensorFeature: write 29 bytes:59632090705,60135491903,166,0
07-29 14:25:46.806  3457  3633 W UserAwareMgr: event can not be released, id: 3020, count: 2, releasePid: 4850
07-29 14:25:46.827  1963  1963 D SensorFeature: name=ssc_screenshot_info ,index = 22
07-29 14:25:46.828  1963  1963 D SensorFeature: write 29 bytes:59632090705,60386544298,167,0
07-29 14:25:46.907  3457  5063 I OplusHansManager : uid=10157, pkg=com.baidu.input_oppo cannot transition from R to M, importance=input
07-29 14:25:46.910  3457  3749 D VRR [OPlusSAManager]: updateAutoMinfps with nits: 114.37334, mHistOK true, mAmbientOK true, mCctOK true, mIrOK true, mBrightnessOK true, isPkgOK true, SA min fps: 119
07-29 14:25:46.910  3457  3749 D VRR [OPlusSurfaceFlingerController]: setAutoMode enable: false fakeFrame: false fps: 119
07-29 14:25:46.910  2144  2367 I VRR-[OPlusAdfrUtil]: ADFR try set Auto mode with mode 0 fakeframe 0 min fps 119
07-29 14:25:46.910  2144  2367 D VRR-[OPlusRefreshRateSelector]: OSyncModes add size is 1.
07-29 14:25:46.910  2144  2367 I VRR-[OPlusRefreshRateSelector]: updateAutoMode success, display 0, mode 0, fakeframe 0, min fps: 1
07-29 14:25:46.910  2144  3428 D VRR-[OPlusRefreshRateSelector]: handleSetHWCOSync
07-29 14:25:46.910  2144  3428 D VRR-[OPlusRefreshRateSelector]: OSyncModes remaining size is 0.
07-29 14:25:46.910  2144  3428 D VRR-[OPlusRefreshRateSelector]: SetHWCOSync with 5CC08081
07-29 14:25:46.910  1893  3420 I SDM     : DisplayBuiltIn::SetQSyncMode: VRR + update qsync mode 0 minfps 00C08081
07-29 14:25:46.917  1812  4460 I sensors-hal: handle_oplus_wise_rgb_event:189, high_pwm_light:lux 279.1,cct 3635.3,brl/algo/ir 1448.0/2.0/17.9,pwm/dc 0.0/0.0,rgbc 21607.626953/13601.458008/6266.843750/40095.261719,ts 60346261869,cnt 860,flag 167
07-29 14:25:46.919  1893  4442 I Dpps    : LtmSwState::SetParameter():144 ignore cmd 7 in state LtmOffState
07-29 14:25:46.927  1893  2157 E SDM     : DRMConnector::Perform: Connector 67: Setting Qsync min fps 12615809
07-29 14:25:46.998  1893  2157 I SDM     : DisplayBase::CommitThread: Received idle timeout, panel: cmd, timeout: 70000 us
07-29 14:25:47.080  1963  1963 D SensorFeature: name=ssc_screenshot_info ,index = 22
07-29 14:25:47.080  1963  1963 D SensorFeature: write 29 bytes:59632090705,60638260652,168,0
07-29 14:25:47.184  3457  4381 D FusionLightNextGen: process end reported = 1, mode: 0, lux 509.0, cct -1.0, r/g/b/c: 21579.1/13619.9/6259.1/40040.1, R/G/B: 132.0/125.0/124.0, bri 1448.0, match 1.00, ir 0.018209, conf 0.0, ts 60619981192
07-29 14:25:47.184  1893  4442 I Dpps    : LtmSwState::SetParameter():144 ignore cmd 7 in state LtmOffState
07-29 14:25:47.234  1985  2035 D BatteryChargeControl: bcc get no support from charging protocol
07-29 14:25:47.269  3208  3208 E OplusTouchDaemon: ts_run_service: shellback temperature updated 36 (36444)
07-29 14:25:47.313  4850  4850 I SystemUi--QuickSettings: TemporarilyInfoManager-->[animateHide] com.oplus.systemui.qs.base.temporarilyinfo.TemporarilyInfoManager$createViewToParent$1{8604240 VFED..C.. ........ 0,0-1080,228 #7f0a0cb6 app:id/temporarily_info_view alpha=1.0 viewInfo = } start
07-29 14:25:47.331  1963  1963 D SensorFeature: name=ssc_screenshot_info ,index = 22
07-29 14:25:47.331  1963  1963 D SensorFeature: write 29 bytes:59632090705,60889995861,169,0
07-29 14:25:47.448  1812  4460 I sensors-hal: handle_oplus_wise_rgb_event:189, high_pwm_light:lux 279.1,cct 3625.6,brl/algo/ir 1448.0/2.0/17.5,pwm/dc 0.0/0.0,rgbc 21593.355469/13606.064453/6243.747559/40095.261719,ts 60852663223,cnt 870,flag 169
07-29 14:25:47.450  1893  4442 I Dpps    : LtmSwState::SetParameter():144 ignore cmd 7 in state LtmOffState
07-29 14:25:47.480  3457  5308 D CompatChangeReporter: Compat change id reported: 297989574; UID 1000; state: ENABLED
07-29 14:25:47.558  9197 11791 W LOG_FLOWCTRL: ==LOGS OVER PROC QUOTA(300), rows(25) bytes(2411) com.oplus.metis DROPPED==
07-29 14:25:47.558  9197 11791 I LogCacheHelper: cache log scheduled task [base|com.oplus.metis|1.5.5-f48228a]
07-29 14:25:47.558  9197 11791 I ContextAware_IntentSwitchManager_cache: 2025-07-29 14:25:46.556000		10157		getSubSwitchStatus = {clear_memory=true}
07-29 14:25:47.558  9197 11791 E metis_v2_JenaHandlerManager_cache: 2025-07-29 14:25:46.556000		10166		local thread match
07-29 14:25:47.558  9197 11791 E metis_v2_JenaHandlerManager_cache: 2025-07-29 14:25:46.556000		10166		local thread match
07-29 14:25:47.558  9197 11791 E metis_v2_JenaHandlerManager_cache: 2025-07-29 14:25:46.556000		10166		local thread match
07-29 14:25:47.558  9197 11791 I ContextAware_IntentSwitchManager_cache: 2025-07-29 14:25:46.556000		10157		isExistInSceneInfoActionList pantanalIntentAction = pantanal.intent.system.CLEAN_UP_STORAGE
07-29 14:25:47.558  9197 11791 E metis_v2_JenaHandlerManager_cache: 2025-07-29 14:25:46.556000		10166		local thread match
07-29 14:25:47.558  9197 11791 E metis_v2_JenaHandlerManager_cache: 2025-07-29 14:25:46.556000		10166		local thread match
07-29 14:25:47.558  9197 11791 I metis_v2_BreenoSwitchSettingObserver_cache: 2025-07-29 14:25:46.556000		10157		panta-sugg-getMasterSwitchStatus from cache:true
07-29 14:25:47.558  9197 11791 E metis_v2_JenaHandlerManager_cache: 2025-07-29 14:25:46.557000		10166		local thread match
07-29 14:25:47.558  9197 11791 E metis_v2_JenaHandlerManager_cache: 2025-07-29 14:25:46.557000		10166		local thread match
07-29 14:25:47.558  9197 11791 I ContextAware_IntentSwitchManager_cache: 2025-07-29 14:25:46.557000		10157		isExistInSceneInfoActionList pantanalIntentAction = pantanal.intent.audio.SUBSTITUTE_RAM_CLEAN_UP
07-29 14:25:47.558  9197 11791 E metis_v2_JenaHandlerManager_cache: 2025-07-29 14:25:46.557000		10166		local thread match
07-29 14:25:47.558  9197 11791 E metis_v2_JenaHandlerManager_cache: 2025-07-29 14:25:46.557000		10166		local thread match
07-29 14:25:47.558  9197 11791 I metis_v2_BreenoSwitchSettingObserver_cache: 2025-07-29 14:25:46.557000		10157		panta-sugg-getMasterSwitchStatus from cache:true
07-29 14:25:47.558  9197 11791 E metis_v2_JenaHandlerManager_cache: 2025-07-29 14:25:46.557000		10166		local thread match
07-29 14:25:47.558  9197 11791 E metis_v2_JenaHandlerManager_cache: 2025-07-29 14:25:46.557000		10166		local thread match
07-29 14:25:47.558  9197 11791 E metis_v2_JenaHandlerManager_cache: 2025-07-29 14:25:46.557000		10166		local thread match
07-29 14:25:47.558  9197 11791 I ContextAware_IntentSwitchManager_cache: 2025-07-29 14:25:46.557000		10157		isExistInSceneInfoActionList pantanalIntentAction = pantanal.intent.audio.SUBSTITUTE_RAM_CLEAN_UP_PLUS
07-29 14:25:47.558  9197 11791 E metis_v2_JenaHandlerManager_cache: 2025-07-29 14:25:46.557000		10166		local thread match
07-29 14:25:47.558  9197 11791 E metis_v2_JenaHandlerManager_cache: 2025-07-29 14:25:46.557000		10166		local thread match
07-29 14:25:47.558  9197 11791 I metis_v2_BreenoSwitchSettingObserver_cache: 2025-07-29 14:25:46.557000		10157		panta-sugg-getMasterSwitchStatus from cache:true
07-29 14:25:47.558  9197 11791 E metis_v2_JenaHandlerManager_cache: 2025-07-29 14:25:46.557000		10166		local thread match
07-29 14:25:47.558  9197 11791 E metis_v2_JenaHandlerManager_cache: 2025-07-29 14:25:46.557000		10166		local thread match
