07-29 20:44:46.020  4904  5333 I SystemUi--Statusbar: MobileConnectionRepositoryImpl-->subId:1 isSoftSimCard:false slotId:0
07-29 20:44:46.021  4972  4972 D MultiSimSettingController: notifySubscriptionInfoChanged
07-29 20:44:46.021  3321  5577 W ContextImpl: Calling a method in the system process without a qualified user: android.app.ContextImpl.sendBroadcastMultiplePermissions:1344 com.android.server.TelephonyRegistry.broadcastServiceStateChanged:3745 com.android.server.TelephonyRegistry.notifyServiceStateForPhoneId:1787 com.android.internal.telephony.ITelephonyRegistry$Stub.onTransact:546 android.os.Binder.execTransactInternal:1523 
07-29 20:44:46.021  4904  4904 I SystemUi--Statusbar: OplusMobileIconInteractorImpl-->oplusIMSModel slot:0: CapabilityTypeModel(isVolteSwitchOn=true, isWfcEnabledByUser=true, imsRegistered=false, voiceCapable=false, videoCapable=false, registerTech=-1, isCrossSimCallingEnabledByUser=false, hasHideVolteOperator=false), SimStateModel(simInserted=[true, false], simForbidden=[false, true], simStateIMSI=[true, false], simLoaded=[true, false]),oplusNetworkTypeNr:20,isVoNrEnabled:false
07-29 20:44:46.021  6608  6658 I midasd  : OplusObrainService::notifyEventInt eventId:38 iParam:20
07-29 20:44:46.021  4904  5333 I SystemUi--Statusbar: MobileConnectionRepositoryImpl-->subId:1 isSoftSimCard:false slotId:0
07-29 20:44:46.022  3321  4548 V NetworkPolicy: onSubscriptionsChanged
07-29 20:44:46.022  4904  5333 I SystemUi--Statusbar: MobileInputLog-->onSubscriptionsChanged
07-29 20:44:46.022  3321  5577 W ContextImpl: Calling a method in the system process without a qualified user: android.app.ContextImpl.sendBroadcastMultiplePermissions:1344 com.android.server.TelephonyRegistry.broadcastServiceStateChanged:3754 com.android.server.TelephonyRegistry.notifyServiceStateForPhoneId:1787 com.android.internal.telephony.ITelephonyRegistry$Stub.onTransact:546 android.os.Binder.execTransactInternal:1523 
07-29 20:44:46.022  3321  5577 W ContextImpl: Calling a method in the system process without a qualified user: android.app.ContextImpl.sendBroadcastMultiplePermissions:1344 com.android.server.TelephonyRegistry.broadcastServiceStateChanged:3760 com.android.server.TelephonyRegistry.notifyServiceStateForPhoneId:1787 com.android.internal.telephony.ITelephonyRegistry$Stub.onTransact:546 android.os.Binder.execTransactInternal:1523 
07-29 20:44:46.023  9036  9062 I OplusObrain: OplusObrainClientInvoke.nativeGetTelephonyInfo
07-29 20:44:46.020  5210  5210 D SubsysEventListenerManager-SubsysTelephonyCallback[0]: onDisplayInfoChanged
07-29 20:44:46.023  5210  5210 D SceneService: onDisplayInfoChanged slotId:0,telephonyDisplayInfo:TelephonyDisplayInfo {network=NR, overrideNetwork=NONE, isRoaming=false}
07-29 20:44:46.024  3321  3321 I AS.AudioService: onSubscriptionsChanged()
07-29 20:44:46.024  4904  5333 I SystemUi--Statusbar: MobileConnectionRepositoryImpl-->subId:1 isSoftSimCard:false slotId:0
07-29 20:44:46.024  5058  5897 D CellularEvent: handleSubscriptionsChanged: slotId=0
07-29 20:44:46.024  5058  5897 D CellularEvent: onImsRegistrationStateChanged, slotId=0state:false
07-29 20:44:46.024  4904  4904 I SystemUi--Statusbar: OplusMobileIconInteractorImpl-->oplusIMSModel slot:0: CapabilityTypeModel(isVolteSwitchOn=true, isWfcEnabledByUser=true, imsRegistered=false, voiceCapable=false, videoCapable=false, registerTech=-1, isCrossSimCallingEnabledByUser=false, hasHideVolteOperator=false), SimStateModel(simInserted=[true, false], simForbidden=[false, true], simStateIMSI=[true, false], simLoaded=[true, false]),oplusNetworkTypeNr:20,isVoNrEnabled:false
07-29 20:44:46.024  4904  6130 I SystemUi--Statusbar: OplusMobileConnectionRepository1-->stopListenImsStatusChanged
07-29 20:44:46.024  4904  6130 I SystemUi--Statusbar: OplusMobileConnectionRepository1-->phoneId: 0, conflatedCallbackFlow init
07-29 20:44:46.024  4904  6130 I SystemUi--Statusbar: OplusMobileConnectionRepository1-->startListenImsStatusChanged
07-29 20:44:46.024  5937  5937 D CellBroadcastReceiver: onReceive Intent { act=android.intent.action.SERVICE_STATE flg=0x1000010 cmp=com.android.cellbroadcastreceiver.module/com.android.cellbroadcastreceiver.CellBroadcastReceiver (has extras) }
07-29 20:44:46.025  5937  5937 D CellBroadcastReceiver: onServiceStateChanged, ss: 1
07-29 20:44:46.025  5937  5937 D CellBroadcastReceiver: networkOperator: 
07-29 20:44:46.025  5210  5983 D cellularState[0]: handleMessage: E msg.what=4
07-29 20:44:46.025  5210  5983 D cellularState[0]: processMsg: DataCallingState
07-29 20:44:46.025  5210  5983 D cellularState[0]: processMsg: NetworkAttachedState
07-29 20:44:46.025  5210  5983 D cellularState[0]: processMsg: SimReadyState
07-29 20:44:46.025  5210  5983 D cellularState[0]: processMsg: DefaultState
07-29 20:44:46.025  5210  5983 E cellularState[0]:  - unhandledMessage: msg.what=4
07-29 20:44:46.025  5210  5983 D cellularState[0]: handleMessage: X
07-29 20:44:46.025  9036 10188 I OplusObrain: OplusObrainClientInvoke.nativeGetTrafficTypeInfoForNetworkType networkType 0
07-29 20:44:46.026  3321  5314 D KernelStatsHelper: getKernelStats start!
07-29 20:44:46.026  4972  4972 I Telephony: y0: onServiceStateChanged: newState=1, mServiceState=1
07-29 20:44:46.026  4904  6130 I SystemUi--Statusbar: OplusMobileConnectionRepository1-->onImsStatusChanged model: CapabilityTypeModel(isVolteSwitchOn=true, isWfcEnabledByUser=true, imsRegistered=false, voiceCapable=false, videoCapable=false, registerTech=-1, isCrossSimCallingEnabledByUser=false, hasHideVolteOperator=false)
07-29 20:44:46.027  4972  4972 I Telephony: isRttCurrentlySupported -- regular acct, hasVoiceAvailability: false
07-29 20:44:46.027  4972  4972 I Telephony:  isRttSupported: false
07-29 20:44:46.027  4972  4972 I Telephony:  isUserRttSettingOn: false
07-29 20:44:46.027  4972  4972 I Telephony:  alwaysAllowWhileRoaming: false
07-29 20:44:46.027  4972  4972 I Telephony:  isRoaming: false
07-29 20:44:46.027  4972  4972 I Telephony:  isOnWfc: false
07-29 20:44:46.027  3321  4548 D NetworkPolicy: Normalization put networkpolicyNetworkTemplate: matchRule=CARRIER, matchSubscriberIds=[001011...], matchWifiNetworkKeys=[], metered=YES
07-29 20:44:46.027  3321  4548 D NetworkPolicy: Normalization put networkpolicyNetworkTemplate: matchRule=CARRIER, matchSubscriberIds=[310260...], matchWifiNetworkKeys=[], metered=YES
07-29 20:44:46.027  3321  4548 D NetworkPolicy: Normalization put networkpolicyNetworkTemplate: matchRule=CARRIER, matchSubscriberIds=[001010...], matchWifiNetworkKeys=[], metered=YES
07-29 20:44:46.027  3321  4548 D NetworkPolicy: Normalization put networkpolicyNetworkTemplate: matchRule=CARRIER, matchSubscriberIds=[001010...], matchWifiNetworkKeys=[], metered=YES
07-29 20:44:46.027  3321  4548 D NetworkPolicy: Normalization put networkpolicyNetworkTemplate: matchRule=CARRIER, matchSubscriberIds=[001012...], matchWifiNetworkKeys=[], metered=YES
07-29 20:44:46.027  3321  4548 V NetworkPolicy: updateNetworkEnabledNL() return
07-29 20:44:46.027  5058  5471 D NAS-CellularEvent: handleSubscriptionsChanged: slotId=0
07-29 20:44:46.027  3321  4548 V NetworkPolicy: updateNotificationsNL not process
07-29 20:44:46.027  3321  4634 D OplusNetlinkSocket: handleNetlinkRecvKernelMessage:nlmsghdr:StructNlMsgHdr{ nlmsg_len{40}, nlmsg_type{57()}, nlmsg_flags{0()}, nlmsg_seq{0}, nlmsg_pid{217649690} }
07-29 20:44:46.027  3321  4634 D KernelStatsHelper: get magic :[-1, -1, -1, 77, 65, 71, 73, 67]
07-29 20:44:46.027  3321  4634 D KernelStatsHelper: magic matched count:0 data_len:0
07-29 20:44:46.027  3321  4634 D KernelStatsHelper: data over! check: true
07-29 20:44:46.027  3321  4548 W BestClock: java.time.DateTimeException: Missing network time fix
07-29 20:44:46.028  3321  5409 W BestClock: java.time.DateTimeException: Missing network time fix
07-29 20:44:46.028  4972  6181 E PhoneInterfaceManager: getServiceStateForSlot retuning null for invalid slotIndex=-1
07-29 20:44:46.029  5058  5471 D NAS-CellularEvent: onImsRegistrationStateChanged, slotId=0state:false
07-29 20:44:46.029  5161  5161 D QCNEJ/WwanInfoRelay: onSubscriptionsChanged currDDSId: 1 new DDS 1
07-29 20:44:46.030  5143  5143 I QImsService: OplusPhoneStateTracker : onSubscriptionsChanged Last subId: -1 Current subId -1
07-29 20:44:46.030  5143  5143 E QImsService: ImsConfigImpl : onSubscriptionsChanged unable to process due to SubscriptionInfo is null
07-29 20:44:46.030  5143  5143 I QImsService: OplusPhoneStateTracker : onSubscriptionsChanged Last subId: 1 Current subId 1
07-29 20:44:46.030  3321  4268 W BestClock: java.time.DateTimeException: Missing network time fix
07-29 20:44:46.030  4904  4904 I KeyguardUpdateMonitor: refreshSimState, changed:false,subId:1,slotId:0,state:5
07-29 20:44:46.030  4904  5194 I SystemUi--QuickSettings: Tile.OplusCellularTile-->updateCarrierText: dialog not showing, ignore
07-29 20:44:46.030  4904  4904 I KeyguardUpdateMonitor: action=android.intent.action.SERVICE_STATE subId=1 slotId=0
07-29 20:44:46.030  4904  5736 V OplusCustomizeCacheManager: queryCache name: sys.cache.common_customize_cache18014 param: null
07-29 20:44:46.030  4904  5736 V OplusCustomizeCacheManager: queryCache name: sys.cache.common_customize_cache18017 param: Bundle[{SETTING=BLOCK, BUSINESS=NCT-DATA}]
07-29 20:44:46.030  4904  5736 V OplusCustomizeCacheManager: queryCache name: sys.cache.common_customize_cache18013 param: null
07-29 20:44:46.030  4904  5194 D SimStateHelper: slot:0, lock state:Bundle[mParcelledData.dataSize=56]
07-29 20:44:46.031  4904  5194 D SimStateHelper: slot:1, lock state:Bundle[mParcelledData.dataSize=56]
07-29 20:44:46.031  4904  5194 D SimStateHelper: needDisableMenu: slot1State=-1; slot2State=-1
07-29 20:44:46.031  4904  5194 D SimStateHelper: needDisableMenu:false
07-29 20:44:46.031  4904  5194 I SystemUi--QuickSettings: Tile.OplusCellularTile-->updateCarrierText: dialog not showing, ignore
07-29 20:44:46.031  4904  5194 D SimStateHelper: slot:0, lock state:Bundle[mParcelledData.dataSize=56]
07-29 20:44:46.031  7165  9086 E Battery : ControllerCenter: onReceiver: mSubscriptionManager is null || mIsNeedRestoreMobile = false
07-29 20:44:46.031  4904  5194 D SimStateHelper: slot:1, lock state:Bundle[mParcelledData.dataSize=56]
07-29 20:44:46.031  4904  5194 D SimStateHelper: needDisableMenu: slot1State=-1; slot2State=-1
07-29 20:44:46.031  4904  5194 D SimStateHelper: needDisableMenu:false
07-29 20:44:46.031  4972  4972 V OplusCustomizeCacheManager: queryCache name: sys.cache.common_customize_cache18016 param: null
07-29 20:44:46.031  4972  4972 V OplusCustomizeCacheManager: queryCache name: sys.cache.common_customize_cache18013 param: null
07-29 20:44:46.031  4972  4972 V OplusCustomizeCacheManager: queryCache name: sys.cache.common_customize_cache18014 param: null
07-29 20:44:46.031  4972  4972 V OplusCustomizeCacheManager: queryCache name: sys.cache.common_customize_cache18017 param: Bundle[{SETTING=BLOCK, BUSINESS=NCT-DATA}]
07-29 20:44:46.031  5161  5161 D QCNEJ/DataCallAgent: onSubscriptionsChanged: new DDS 1
07-29 20:44:46.031  5161  8608 D QCNEJ/DataCallAgent: phoneCount: 2
07-29 20:44:46.031  5161  8608 D QCNEJ/DataCallAgent: subs for 0th slot: [1]
07-29 20:44:46.031  5161  8608 D QCNEJ/DataCallAgent: mSubInfoReady[0] is set to true
07-29 20:44:46.031  5161  8608 D QCNEJ/DataCallAgent: subs for 1th slot: [-1]
07-29 20:44:46.031  7106  8252 D OsAgentAidlClient: [string_dataitem_update][1584] [HC] =>> [HS]
07-29 20:44:46.031  5058  5917 W BestClock: java.time.DateTimeException: Missing network time fix
07-29 20:44:46.031  5058  5917 V MonthTrafficAlert: getWarningNotification subId:1 numWarningNotificaion:0
07-29 20:44:46.031  4972  4972 V OplusCustomizeCacheManager: queryCache name: sys.cache.common_customize_cache18016 param: null
07-29 20:44:46.031  4972  4972 V OplusCustomizeCacheManager: queryCache name: sys.cache.common_customize_cache18013 param: null
07-29 20:44:46.031  4972  4972 V OplusCustomizeCacheManager: queryCache name: sys.cache.common_customize_cache18014 param: null
07-29 20:44:46.032  4972  4972 V OplusCustomizeCacheManager: queryCache name: sys.cache.common_customize_cache18017 param: Bundle[{SETTING=BLOCK, BUSINESS=NCT-DATA}]
07-29 20:44:46.032 13067 13067 I ttings:tzupdate: isSwordfishLaunchAppEnabled_ 1 isSwordfishInstallAppEnabled_ 1
07-29 20:44:46.032 13067 13067 E ttings:tzupdate: Unknown bits set in runtime_flags: 0x40000000
07-29 20:44:46.032 13067 13067 I ttings:tzupdate: Using CollectorTypeCMC GC.
07-29 20:44:46.032  4972  4972 D MultiSimSettingController: onSubscriptionsChanged
07-29 20:44:46.032  4972  4972 D MultiSimSettingController: isReadyToReevaluate: subInfoInitialized=true, carrierConfigsLoaded=true, satelliteEnabledOrBeingEnabled=false
07-29 20:44:46.032  4972  4972 D MultiSimSettingController: updateDefaults
07-29 20:44:46.032  4972  4972 D MultiSimSettingController: isReadyToReevaluate: subInfoInitialized=true, carrierConfigsLoaded=true, satelliteEnabledOrBeingEnabled=false
07-29 20:44:46.032  3321  5314 W BestClock: java.time.DateTimeException: Missing network time fix
07-29 20:44:46.032  4972  4972 D MultiSimSettingController: updateDefaultValues: change: 0
07-29 20:44:46.032  4972  4972 D MultiSimSettingController: disableDataForNonDefaultNonOpportunisticSubscriptions triggered, return directly
07-29 20:44:46.032  6562  8746 D OplusAtlasAudioDetectionManager: MSG_CALL_STATE_CHANGED
07-29 20:44:46.032  6562  8746 D OplusAtlasAudioDetectionManager: callStateChanged state: 0, len: 0
07-29 20:44:46.033  4972  4972 D CallNotifier: updatePhoneStateListeners: update CF notifications.
07-29 20:44:46.033  4972  4972 I Telephony: TelecomAccountRegistry: onSubscriptionsChanged - reregister accounts
07-29 20:44:46.033  3321  5409 W BestClock: java.time.DateTimeException: Missing network time fix
07-29 20:44:46.033  4972  4972 D PhoneUtils: PhoneAccountHandle subId=1, slotId=0
07-29 20:44:46.033 13067 13067 E ttings:tzupdate: Not starting debugger since process cannot load the jdwp agent.
07-29 20:44:46.033  4904  5736 V OplusCustomizeCacheManager: queryCache name: sys.cache.common_customize_cache18014 param: null
07-29 20:44:46.033  4904  5736 V OplusCustomizeCacheManager: queryCache name: sys.cache.common_customize_cache18017 param: Bundle[{SETTING=BLOCK, BUSINESS=NCT-DATA}]
07-29 20:44:46.033  4904  5736 V OplusCustomizeCacheManager: queryCache name: sys.cache.common_customize_cache18013 param: null
07-29 20:44:46.033  4972  4972 D Telephony: registerPstnPhoneAccount line1Number =  subNumber = 
07-29 20:44:46.033  4972  4972 D Telephony: color is transparent asign default instead -15502541
07-29 20:44:46.034  4972  4972 D Telephony: isEmergencyPreferredAccount: subId=1, activeData=1
07-29 20:44:46.034  4972  4972 D Telephony: isEmergencyPreferredAccount: Device does not require preference.
07-29 20:44:46.034  4972  4972 I Telephony: isRttCurrentlySupported -- regular acct, hasVoiceAvailability: false
07-29 20:44:46.034  4972  4972 I Telephony:  isRttSupported: false
07-29 20:44:46.034  4972  4972 I Telephony:  isUserRttSettingOn: false
07-29 20:44:46.034  4972  4972 I Telephony:  alwaysAllowWhileRoaming: false
07-29 20:44:46.034  4972  4972 I Telephony:  isRoaming: false
07-29 20:44:46.034  4972  4972 I Telephony:  isOnWfc: false
07-29 20:44:46.034  4972  4972 D Telephony: x0: buildPstnPhoneAccount, phoneId: 0, mIsVideoCapable: false, 
07-29 20:44:46.034  4972  4972 D OplusSesImsManagerExt: feature:0, phoneId:0
07-29 20:44:46.034  4972  4972 D OplusSesImsManagerExt: getSubIdUsingPhoneId:1, phoneId:0
07-29 20:44:46.034  4972  4972 D OplusSesImsManagerExt: isEntitlementEnabled:false
07-29 20:44:46.034 13067 13067 D nativeloader: Load libframework-connectivity-tiramisu-jni.so using APEX ns com_android_tethering for caller /apex/com.android.tethering/javalib/framework-connectivity-t.jar: ok
07-29 20:44:46.034  4972  4972 D OplusSesImsManagerExt: isFeatureProvisionedOnDevice not enabled
07-29 20:44:46.034  4972  4972 D Telephony: registerPstnPhoneAccount mIsVideoCapable = false
07-29 20:44:46.034  4972  4972 W libc    : Access denied finding property "persist.vendor.mtk_uce_support"
07-29 20:44:46.035  4972  4972 I Telephony: isCarrierVideoPresenceSupported, false, false, false, false
07-29 20:44:46.035  4972  4972 I Telephony: reRegisterPstnPhoneAccount: subId: 1 - no change
07-29 20:44:46.035  4972  4972 D ImsResolver: oldSubId: 1, newSubId: 1
07-29 20:44:46.035  4972  4972 D ImsResolver: oldSubId: -1, newSubId: -1
07-29 20:44:46.035 13067 13067 W libc    : Access denied finding property "persist.vendor.sys.activitylog"
07-29 20:44:46.035 13067 13067 I OneTrace: Mark active for pid=13067? true
07-29 20:44:46.035 13067 13067 D cutils-dev: otrace_set_tracing_enabled? true tag:0
07-29 20:44:46.036 13067 13067 D cutils-dev: properties changed in otrace_seq_number_changed!
07-29 20:44:46.036  4972  4972 V OplusCustomizeCacheManager: queryCache name: sys.cache.common_customize_cache18016 param: null
07-29 20:44:46.036  4972  4972 V OplusCustomizeCacheManager: queryCache name: sys.cache.common_customize_cache18013 param: null
07-29 20:44:46.036  4972  4972 V OplusCustomizeCacheManager: queryCache name: sys.cache.common_customize_cache18014 param: null
07-29 20:44:46.036  4972  4972 V OplusCustomizeCacheManager: queryCache name: sys.cache.common_customize_cache18017 param: Bundle[{SETTING=BLOCK, BUSINESS=NCT-DATA}]
07-29 20:44:46.037  3321  5409 D ActivityTaskManagerServiceExtImpl: preBindApplication record is null
07-29 20:44:46.037  4972  4972 V SimultaneousCallingTracker: Received EVENT 101
07-29 20:44:46.037  3321  5409 D RGBNormalizeServer: OplusRGBNormalize feature enabled ? true
07-29 20:44:46.037  3321  5409 D ResourcesManagerCache: For package com.oplus.wirelesssettings we got cacheList [null] appInfoExt is null ? false hasFeature ? false
07-29 20:44:46.037  4972  4972 V SimultaneousCallingTracker: generateVoiceCapablePhoneMapBasedOnUserAssociation: adding phoneId = 0
07-29 20:44:46.037  4972  4972 I SimultaneousCallingTracker: updatePhoneMapAndSimultaneousCallSupportMap: mVoiceCapablePhoneMap.size = 1
07-29 20:44:46.037  4972  4972 V SimultaneousCallingTracker: registerForImsRegistrationChanges: registering phoneId = 0
07-29 20:44:46.037  3321  5409 D VRR [OPlusExternalRefreshRateManager]: isPkgTfcEnable: pkgName = com.oplus.wirelesssettings, enable = false
07-29 20:44:46.037  4972  4972 V SimultaneousCallingTracker: generateSimultaneousCallSupportMap: returning simultaneousCallSubSupportMap = Phone ID=0 - Simultaneous calling compatible phone IDs=[]; 
07-29 20:44:46.037  3321  5409 D VRR [OPlusExternalRefreshRateManager]: getTfcMinFramerate: pkgName = com.oplus.wirelesssettings, min framerate = 0
07-29 20:44:46.037  4972  4972 V SimultaneousCallingTracker: handleSimultaneousCallingSupportChanged
07-29 20:44:46.037  3321  5314 W ContentService: Observer is already registered. Pid is 4972
07-29 20:44:46.037  4972  4972 D InternationalRoamingNotification: init
07-29 20:44:46.037  5210  6324 D VirtualCommService2: isSupport. true, true
07-29 20:44:46.037  4972  4972 D OplusVirtualCommUtils: isVirtualCommSupport, vRet: true
07-29 20:44:46.037  4972  4972 I OplusVirtualCommUtils: getVirtualCommDeviceType, vRet: 1
07-29 20:44:46.037  4972  4972 I OplusVirtualCommUtils: isConsumerDeviceType, deviceType: 1
07-29 20:44:46.038 13067 13067 D OplusActivityManager: get AMS extension: android.os.BinderProxy@cce2adf
07-29 20:44:46.038  4972  4972 D InternationalRoamingNotification: do not createRoamingNotification for invalid Network
07-29 20:44:46.039 13067 13067 D CompactWindowAppManager: initCompactApplicationInfo CompactMode: , NormalMode: 
07-29 20:44:46.040 13067 13067 D OplusScrollToTopManager: setIsInWhiteList false
07-29 20:44:46.040 13067 13067 D OplusViewDebugManager: OplusViewDebugManager Constructor android.view.debug.OplusViewDebugManager@953d1f5 [mHasViewDebugProperty true] [mHasMsgDebugProperty false] [DEBUG false] [EXTRAINFOENABLE false] [LIGHT_OS false]
07-29 20:44:46.040 13067 13067 D CompatChangeReporter: Compat change id reported: 242716250; UID 1000; state: ENABLED
07-29 20:44:46.041 13067 13067 W libc    : Access denied finding property "ro.odm.prev.product.name"
07-29 20:44:46.042 13067 13067 W ziparchive: Unable to open '/system_ext/framework/nfcvendorlib.dm': No such file or directory
07-29 20:44:46.042 13067 13067 W ziparchive: Unable to open '/system_ext/framework/nfcvendorlib.dm': No such file or directory
07-29 20:44:46.043 13067 13067 D nativeloader: Configuring clns-shared-7 for other apk /system_ext/framework/nfcvendorlib.jar. target_sdk_version=34, uses_libraries=ALL, library_path=/system_ext/priv-app/WirelessSettings/lib/arm64:/system_ext/priv-app/WirelessSettings/WirelessSettings.apk!/lib/arm64-v8a:/system/lib64:/system_ext/lib64, permitted_path=/data:/mnt/expand:/data/user_de/0/com.oplus.wirelesssettings:/system_ext/priv-app/WirelessSettings:/system/lib64:/system_ext/lib64
07-29 20:44:46.043 13067 13067 D nativeloader: Extending system_exposed_libraries: libbinauralrenderer_wrapper.qti.so:libhoaeffects.qti.so:libSloganJni.oplus.so:libsuperNight.oplus.so:libAPSClient-cmd-jni-extension.oplus.so:libsatellite_audio_jni.oplus.so:libortc_so.oplus.so:libsoundtouch.oplus.so:libsoundtouch_jni.oplus.so:libOplusStringJNI-extension.oplus.so:libsatellite_ostx_jni.oplus.so:libapssuspend-jni.oplus.so:libupdateprof.qti.so:libthermalclient.qti.so:libqape.qti.so:libqesdk_ndk_platform.qti.so:liblistenjni.qti.so
07-29 20:44:46.044 13067 13067 D ApplicationLoaders: Returning zygote-cached class loader: /system_ext/framework/androidx.window.extensions.jar
07-29 20:44:46.044 13067 13067 D ApplicationLoaders: Returning zygote-cached class loader: /system_ext/framework/androidx.window.sidecar.jar
07-29 20:44:46.046 13067 13067 D nativeloader: Configuring clns-shared-8 for other apk /system_ext/priv-app/WirelessSettings/WirelessSettings.apk. target_sdk_version=34, uses_libraries=, library_path=/system_ext/priv-app/WirelessSettings/lib/arm64:/system_ext/priv-app/WirelessSettings/WirelessSettings.apk!/lib/arm64-v8a:/system/lib64:/system_ext/lib64, permitted_path=/data:/mnt/expand:/data/user_de/0/com.oplus.wirelesssettings:/system_ext/priv-app/WirelessSettings:/system/lib64:/system_ext/lib64
07-29 20:44:46.049 13067 13067 V GraphicsEnvironment: Currently set values for:
07-29 20:44:46.049 13067 13067 V GraphicsEnvironment:   angle_gl_driver_selection_pkgs=[]
07-29 20:44:46.049 13067 13067 V GraphicsEnvironment:   angle_gl_driver_selection_values=[]
07-29 20:44:46.049 13067 13067 V GraphicsEnvironment: Global.Settings values are invalid: number of packages: 0, number of values: 0
07-29 20:44:46.050 13067 13067 D WS_OplusWirelessSettingsApp: onCreate, OplusWirelessSettingsApp
07-29 20:44:46.051 13067 13067 D LogUtils: initWirelessLog sIsQeAssert=false,sIsWifiOrBtLog=false
07-29 20:44:46.052  3321  5314 I ActivityManager: Flag disabled. Ignoring finishAttachApplication from uid: 1000. pid: 13067
07-29 20:44:46.053 13067 13067 E ANDR-PERF-CLIENT-SYS: death recipent object is fine
07-29 20:44:46.053 13067 13067 W ttings:tzupdate: AIBinder_linkToDeath is being called with a non-null cookie and no onUnlink callback set. This might not be intended. AIBinder_DeathRecipient_setOnUnlinked should be called first.
07-29 20:44:46.054  3321  5314 W OplusSelfProtectManager: pkg[com.oplus.wirelesssettings] not in policy list
07-29 20:44:46.056  3321  5314 D ActivityManager: Async freezing 13067 com.oplus.wirelesssettings:tzupdate
07-29 20:44:46.058  4744  5843 W SQLiteLog: (28) double-quoted string literal: "timezone_tzdata_v2_files"
07-29 20:44:46.127  2027  2027 D SensorFeature: name=ssc_screenshot_info ,index = 22
07-29 20:44:46.127  2027  2027 D SensorFeature: write 29 bytes:59988717841,59997051174,164,0
07-29 20:44:46.130  4972  4972 V OplusCustomizeCacheManager: queryCache name: sys.cache.common_customize_cache18016 param: null
07-29 20:44:46.130  4972  4972 V OplusCustomizeCacheManager: queryCache name: sys.cache.common_customize_cache18013 param: null
07-29 20:44:46.130  4972  4972 V OplusCustomizeCacheManager: queryCache name: sys.cache.common_customize_cache18014 param: null
07-29 20:44:46.130  4972  4972 V OplusCustomizeCacheManager: queryCache name: sys.cache.common_customize_cache18017 param: Bundle[{SETTING=BLOCK, BUSINESS=NCT-DATA}]
07-29 20:44:46.131  3321  3321 D OplusWifiBroadCastDispatcher: mBroadcastReceiver: onReceiver  action=android.intent.action.BATTERY_LEVEL_CHANGED
07-29 20:44:46.131  3321  4521 W OplusStorageManagerFeature: mScreenReceiver action:android.intent.action.BATTERY_LEVEL_CHANGED
07-29 20:44:46.131  3321  4655 D OplusWifiPowerService: onReceive action:android.intent.action.BATTERY_LEVEL_CHANGED
07-29 20:44:46.131  3321  4521 I OplusStorageManagerFeature: TmemoryBetterySwitch: level=100 state=0
07-29 20:44:46.131  3321  4521 I OplusStorageManagerFeature: TmemoryBetterySwitch: action=0 state=2
07-29 20:44:46.131  3321  4521 W OplusStorageManagerFeature: Ready to deal actionParam:0
07-29 20:44:46.132  4972  4972 V OplusCustomizeCacheManager: queryCache name: sys.cache.common_customize_cache18016 param: null
07-29 20:44:46.132  4972  4972 V OplusCustomizeCacheManager: queryCache name: sys.cache.common_customize_cache18013 param: null
07-29 20:44:46.132  4972  4972 V OplusCustomizeCacheManager: queryCache name: sys.cache.common_customize_cache18014 param: null
07-29 20:44:46.132  4972  4972 V OplusCustomizeCacheManager: queryCache name: sys.cache.common_customize_cache18017 param: Bundle[{SETTING=BLOCK, BUSINESS=NCT-DATA}]
07-29 20:44:46.132  3321  3769 D ActivityManager: sync unfroze 10158 com.android.settings for 3
07-29 20:44:46.132  3321  3769 D ActivityManager: Async freezing 10158 com.android.settings
07-29 20:44:46.132  3321  3769 D ActivityManager: Cancel freezing 10158 com.android.settings
07-29 20:44:46.132  3321  3769 D ActivityManager: Async freezing 10158 com.android.settings
07-29 20:44:46.133  3321  3769 D ActivityManager: Cancel freezing 10158 com.android.settings
07-29 20:44:46.134 10158 10158 D BatteryUsageBroadcastReceiver: onReceive:android.intent.action.BATTERY_LEVEL_CHANGED
07-29 20:44:46.137 10158 10158 D BatteryUsageBroadcastReceiver: fetch data because of event: ACTION_BATTERY_LEVEL_CHANGED
07-29 20:44:46.137 10158 10158 D BatteryUsageBroadcastReceiver: cancel sendBroadcastToFetchUsageData when broadcastDelay is 2339993ms.
07-29 20:44:46.138  3321  5314 D ActivityManager: Async freezing 10158 com.android.settings
07-29 20:44:46.146  4904  4904 D RowAnimatorExtImpl: end:view:StatusBarIconView(slot='volume' alpha=1.0 icon=StatusBarIcon(icon=Icon(typ=RESOURCE pkg=com.android.systemui id=0x7f0818f0) visible user=0 ) visibleState=ICON iconColor=#ccffffff staticDrawableColor=#ccffffff decorColor=#ffffffff animationStartColor=#0 currentSetColor=#ccffffff notification=null),tx
07-29 20:44:46.146  4904  4904 D RowAnimatorExtImpl: end:view:StatusBarIconView(slot='zen' alpha=1.0 icon=StatusBarIcon(icon=Icon(typ=RESOURCE pkg=com.android.systemui id=0x7f0818e1) visible user=0 ) visibleState=ICON iconColor=#ccffffff staticDrawableColor=#ccffffff decorColor=#ffffffff animationStartColor=#0 currentSetColor=#ccffffff notification=null),tx
07-29 20:44:46.146  4904  4904 D RowAnimatorExtImpl: end:view:StatusBarIconView(slot='volume' alpha=1.0 icon=StatusBarIcon(icon=Icon(typ=RESOURCE pkg=com.android.systemui id=0x7f0818f0) visible user=0 ) visibleState=ICON iconColor=#ccffffff staticDrawableColor=#ccffffff decorColor=#ffffffff animationStartColor=#0 currentSetColor=#ccffffff notification=null),tx
07-29 20:44:46.146  4904  4904 D RowAnimatorExtImpl: end:view:StatusBarIconView(slot='zen' alpha=1.0 icon=StatusBarIcon(icon=Icon(typ=RESOURCE pkg=com.android.systemui id=0x7f0818e1) visible user=0 ) visibleState=ICON iconColor=#ccffffff staticDrawableColor=#ccffffff decorColor=#ffffffff animationStartColor=#0 currentSetColor=#ccffffff notification=null),tx
07-29 20:44:46.146  4904  4904 D RowAnimatorExtImpl: end:view:StatusBarIconView(slot='volume' alpha=1.0 icon=StatusBarIcon(icon=Icon(typ=RESOURCE pkg=com.android.systemui id=0x7f0818f0) visible user=0 ) visibleState=ICON iconColor=#ccffffff staticDrawableColor=#ccffffff decorColor=#ffffffff animationStartColor=#0 currentSetColor=#ccffffff notification=null),tx
07-29 20:44:46.146  4904  4904 D RowAnimatorExtImpl: end:view:StatusBarIconView(slot='zen' alpha=1.0 icon=StatusBarIcon(icon=Icon(typ=RESOURCE pkg=com.android.systemui id=0x7f0818e1) visible user=0 ) visibleState=ICON iconColor=#ccffffff staticDrawableColor=#ccffffff decorColor=#ffffffff animationStartColor=#0 currentSetColor=#ccffffff notification=null),tx
07-29 20:44:46.161  1954  4505 I Dpps    : LtmSwState::SetParameter():144 ignore cmd 7 in state LtmOffState
07-29 20:44:46.213  9166 10320 W metis_v2_KnowledgeManager: Fire: isEmergency is true  debugFireMode = false [7f0000011753836244852303807352|p_7352_f40e34c@1|p_9166_f56e78c@1|com.oplus.metis] [base|com.oplus.metis|1.5.5-f48228a]
07-29 20:44:46.214  9166 10320 W metis_v2_OifaceBindUtils: bindTask [7f0000011753836244852303807352|p_7352_f40e34c@1|p_9166_f56e78c@1|com.oplus.metis]
07-29 20:44:46.214  9166 10320 W metis_v2_OifaceBindUtils: call connectOifaceService [7f0000011753836244852303807352|p_7352_f40e34c@1|p_9166_f56e78c@1|com.oplus.metis]
07-29 20:44:46.214  9166 10320 I metis_v2_KnowledgeManager: panta-sugg-Fire: count=1 [7f0000011753836244852303807352|p_7352_f40e34c@1|p_9166_f56e78c@1|com.oplus.metis]
07-29 20:44:46.214  6612  6667 E oiface  : sched_setaffinity failed
07-29 20:44:46.214  6612  6661 E oiface  : directSetTask: get cpuset path failed
07-29 20:44:46.216  9166 10320 I System.out: 'park_precondition_home_02' 
07-29 20:44:46.216  9166 10320 I System.out: 'park_precondition_company_02' 
07-29 20:44:46.216  9166 10320 I System.out: 'UBIQUITOUS_SERVICE#assistant_screen#NOT_AT_HOME_301' 
07-29 20:44:46.216  9166 10320 I System.out: 'UBIQUITOUS_SERVICE#assistant_screen#NOT_AT_OFFICE_401' 
07-29 20:44:46.216  9166 10320 I System.out: 'policy:NEAR_SUBWAY_BUS_STATION_2x4' 
07-29 20:44:46.219  9166 10320 W metis_v2_TimeDurationCompare: [com.oplus.metis#UBIQUITOUS_SERVICE#scene#tips#TipScene_EXIT] 'timestamp' is not literal. [7f0000011753836244852303807352|p_7352_f40e34c@1|p_9166_f56e78c@1|com.oplus.metis]
07-29 20:44:46.219  9166 10320 D SceneIntentPublisher: headAction: pkg is com.oplus.metis and simpleRuleName is UBIQUITOUS_SERVICE#secne#activity_coloros_reminder_tips
07-29 20:44:46.222  9166 10320 D SceneIntentPublisher: headAction: pkg is com.oplus.metis and simpleRuleName is UBIQUITOUS_SERVICE#secne#activity_coloros_reminder_tips
07-29 20:44:46.224  9166 10320 I System.out: 'UBIQUITOUS_SERVICE#assistant_screen#NOT_AT_HOME_301' 
07-29 20:44:46.225  9166 10320 I System.out: 'tempPropertyForGuideStatus' 
07-29 20:44:46.226  9166 10320 D SceneIntentPublisher: headAction: pkg is com.oplus.metis and simpleRuleName is UBIQUITOUS_SERVICE#secne#activity_coloros_reminder_tips
07-29 20:44:46.226  9166 10320 W metis_v2_TimeDurationCompare: [com.oplus.metis#UBIQUITOUS_SERVICE#scene#tips#TipScene_EXIT] 'timestamp' is not literal. [7f0000011753836244852303807352|p_7352_f40e34c@1|p_9166_f56e78c@1|com.oplus.metis]
07-29 20:44:46.230  9166  9925 I ContextAware_GetInstalledAppsInfo: Update cache
07-29 20:44:46.235  9166 10320 W metis_v2_AbsTimerTriggered: [com.oplus.metis#UBIQUITOUS_SERVICE#health#LAUNCH-HEALTH-APP]: periodicTriggered's parseArgsToTimer meet exception periodic timer's first execute start time must >= time range start [7f0000011753836244852303807352|p_7352_f40e34c@1|p_9166_f56e78c@1|com.oplus.metis]
07-29 20:44:46.235  9166 10320 W metis_v2_AbsTimerTriggered: [com.oplus.metis#UBIQUITOUS_SERVICE#health#LAUNCH-HEALTH-APP]: please check if builtin periodicTriggered's args is valid [7f0000011753836244852303807352|p_7352_f40e34c@1|p_9166_f56e78c@1|com.oplus.metis]
07-29 20:44:46.238  9166 10320 I System.out: 'UBIQUITOUS_SERVICE#assistant_screen#NOT_AT_OFFICE_401' 
07-29 20:44:46.238  9166 10320 I metis_v2_KnowledgeManager: panta-sugg-Fire takes 24 milliseconds. [7f0000011753836244852303807352|p_7352_f40e34c@1|p_9166_f56e78c@1|com.oplus.metis]
07-29 20:44:46.238  9166 10320 I ContextAware_PantanalIntentManager: intent (id-14111004+policyName-CLEAN_STORAGE) is not found in scene_intent_config [7f0000011753836244852303807352|p_7352_f40e34c@1|p_9166_f56e78c@1|com.oplus.metis]
07-29 20:44:46.238  9166 10320 I metis_v2_SceneTravelingAdapter: recallTravellingIntent: [] [7f0000011753836244852303807352|p_7352_f40e34c@1|p_9166_f56e78c@1|com.oplus.metis]
07-29 20:44:46.238  9166 10320 I ContextAware_ContextAware_SceneIntentManager: mLastIntentDataSet: [] [7f0000011753836244852303807352|p_7352_f40e34c@1|p_9166_f56e78c@1|com.oplus.metis]
07-29 20:44:46.238  9166 10320 I ContextAware_ContextAware_SceneIntentManager: intentList: [IntentDataDTO(intent=IntentDTO=[sceneId=220500200, intentId=14111005, isExited=false, source=0, ownerId=com.oplus.metis, action=14111005, policyName=SUBSTITUTE_SCENE, serviceId=, sendExitedIntent=true, repeatable=false, sceneScore=-1.0, position=right, level=2, type=1, serviceInstanceId=null, isSupportMultiInstance=false, settingsPreference=null], items=[]), IntentDataDTO(intent=IntentDTO=[sceneId=210000000, intentId=12121002, isExited=true, source=0, ownerId=com.oplus.metis, action=12121002, policyName=TAKEOUT_ORDER_STATUS_CHANGE, serviceId=, sendExitedIntent=false, repeatable=false, sceneScore=-1.0, position=left, level=1, type=1, serviceInstanceId=null, isSupportMultiInstance=false, settingsPreference=null], items=[]), IntentDataDTO(intent=IntentDTO=[sceneId=null, intentId=14111004, isExited=true, source=0, ownerId=com.oplus.metis, action=14111004, policyName=CLEAN_STORAGE, serviceId=, sendExitedIntent=false, repeatable=false, sceneScore=-1.0, position=null, level=0, type=1, serviceInstanceId=null, isSupportMultiInstance=false, settingsPreference=null], items=[]), IntentDataDTO(intent=IntentDTO=[sceneId=null, intentId=12121002, isExited=true, source=0, ownerId=com.oplus.metis, action=12121002, policyName=TAKEOUT_ORDER_STATUS_CHANGE, serviceId=, sendExitedIntent=false, repeatable=false, sceneScore=-1.0, position=null, level=0, type=1, serviceInstanceId=null, isSupportMultiInstance=false, settingsPreference=null], items=[])] [7f0000011753836244852303807352|p_7352_f40e34c@1|p_9166_f56e78c@1|com.oplus.metis]
07-29 20:44:46.238  9166 10320 I ContextAware_ContextAware_SceneIntentManager: missedIntent: [] [7f0000011753836244852303807352|p_7352_f40e34c@1|p_9166_f56e78c@1|com.oplus.metis]
07-29 20:44:46.238  9166 10320 I metis_v2_SceneIntentManager: panta-sugg-Published intents: [7f0000011753836244852303807352|p_7352_f40e34c@1|p_9166_f56e78c@1|com.oplus.metis]
07-29 20:44:46.238  9166 10320 I metis_v2_SceneIntentManager: panta-sugg-IntentDataDTO(intent=IntentDTO=[sceneId=220500200, intentId=14111005, isExited=false, source=0, ownerId=com.oplus.metis, action=14111005, policyName=SUBSTITUTE_SCENE, serviceId=, sendExitedIntent=true, repeatable=false, sceneScore=-1.0, position=right, level=2, type=1, serviceInstanceId=null, isSupportMultiInstance=false, settingsPreference=null], items=[]) [7f0000011753836244852303807352|p_7352_f40e34c@1|p_9166_f56e78c@1|com.oplus.metis]
07-29 20:44:46.238  9166 10320 I metis_v2_SceneIntentManager: panta-sugg-IntentDataDTO(intent=IntentDTO=[sceneId=210000000, intentId=12121002, isExited=true, source=0, ownerId=com.oplus.metis, action=12121002, policyName=TAKEOUT_ORDER_STATUS_CHANGE, serviceId=, sendExitedIntent=false, repeatable=false, sceneScore=-1.0, position=left, level=1, type=1, serviceInstanceId=null, isSupportMultiInstance=false, settingsPreference=null], items=[]) [7f0000011753836244852303807352|p_7352_f40e34c@1|p_9166_f56e78c@1|com.oplus.metis]
07-29 20:44:46.238  9166 10320 I metis_v2_SceneIntentManager: panta-sugg-IntentDataDTO(intent=IntentDTO=[sceneId=null, intentId=14111004, isExited=true, source=0, ownerId=com.oplus.metis, action=14111004, policyName=CLEAN_STORAGE, serviceId=, sendExitedIntent=false, repeatable=false, sceneScore=-1.0, position=null, level=0, type=1, serviceInstanceId=null, isSupportMultiInstance=false, settingsPreference=null], items=[]) [7f0000011753836244852303807352|p_7352_f40e34c@1|p_9166_f56e78c@1|com.oplus.metis]
07-29 20:44:46.238  9166 10320 I metis_v2_SceneIntentManager: panta-sugg-IntentDataDTO(intent=IntentDTO=[sceneId=null, intentId=12121002, isExited=true, source=0, ownerId=com.oplus.metis, action=12121002, policyName=TAKEOUT_ORDER_STATUS_CHANGE, serviceId=, sendExitedIntent=false, repeatable=false, sceneScore=-1.0, position=null, level=0, type=1, serviceInstanceId=null, isSupportMultiInstance=false, settingsPreference=null], items=[]) [7f0000011753836244852303807352|p_7352_f40e34c@1|p_9166_f56e78c@1|com.oplus.metis]
07-29 20:44:46.240  9166 10320 I ContextAware_MetisStatistics: uploadMetisIntentData enter {intent_source=0, intent_action=14111005, exit_type=, rule_name=UBIQUITOUS_SERVICE#secne#activity_coloros_reminder_tips, service_id=, scene_id=220500200, policy_name=SUBSTITUTE_SCENE, is_exited=false, intent_id=14111005, timestamp=1753836286240} [7f0000011753836244852303807352|p_7352_f40e34c@1|p_9166_f56e78c@1|com.oplus.metis]
07-29 20:44:46.240  9166 10320 I ContextAware_PantanalIntentManager: getCloudIntentConfig [7f0000011753836244852303807352|p_7352_f40e34c@1|p_9166_f56e78c@1|com.oplus.metis]
07-29 20:44:46.241  9166 10666 I DeepThinkerSDK: [APP] ClientConnection: getDeepThinkerBridge start
07-29 20:44:46.241  9166 10666 I DeepThinkerSDK: [APP] ClientConnection: getDeepThinkerBridge end
07-29 20:44:46.244  9166 10320 I ContextAware_PantanalIntentManager: getDownLoadConfig [7f0000011753836244852303807352|p_7352_f40e34c@1|p_9166_f56e78c@1|com.oplus.metis]
07-29 20:44:46.257  9166 10320 I ContextAware_PantanalIntentManager: selectNewestConfig, assetVersion 202505301103, downloadVersion 202507161101 [7f0000011753836244852303807352|p_7352_f40e34c@1|p_9166_f56e78c@1|com.oplus.metis]
07-29 20:44:46.264  9166 10320 I ContextAware_PantanalIntentManager: getCloudIntentConfig, cache cloud intent config [7f0000011753836244852303807352|p_7352_f40e34c@1|p_9166_f56e78c@1|com.oplus.metis]
07-29 20:44:46.264  9166 10320 I ContextAware_PantanalIntentLruCache: create, key=14111004-CLEAN_STORAGE, create time=24 LruCache[maxSize=120,hits=118,misses=5,hitRate=95%] cacheSize=15 [7f0000011753836244852303807352|p_7352_f40e34c@1|p_9166_f56e78c@1|com.oplus.metis]
07-29 20:44:46.264  9166 10320 I ContextAware_DecisionIntentProvider: uriPath:/negative_screen [7f0000011753836244852303807352|p_7352_f40e34c@1|p_9166_f56e78c@1|com.oplus.metis]
07-29 20:44:46.264  9166 10320 I ContextAware_DecisionIntentProvider: mAssistantScreenList:[] [7f0000011753836244852303807352|p_7352_f40e34c@1|p_9166_f56e78c@1|com.oplus.metis]
07-29 20:44:46.264  9166 10320 I DataCollector_SortAlgorithmManager.SortCommonUtil: mIntentList is empty. [7f0000011753836244852303807352|p_7352_f40e34c@1|p_9166_f56e78c@1|com.oplus.metis]
07-29 20:44:46.264  9166 10735 E ContextAware_SortAlgorithmManager.ReorderProcessor.GuaranteedIntentManager: removeExternalIntent mExternalGuaranteedList invalid
07-29 20:44:46.264  9166 10735 E ContextAware_SortAlgorithmManager.ReorderProcessor.GuaranteedIntentManager: removeExternalIntent mExternalGuaranteedList invalid
07-29 20:44:46.264  9166 10320 I metis_v2_KnowledgeManager: DUMP FACTS IN TREE: [7f0000011753836244852303807352|p_7352_f40e34c@1|p_9166_f56e78c@1|com.oplus.metis]
07-29 20:44:46.264  9166 10501 I ContextAware_ContextAware_SortAlgorithmManager.SendMsg: Log Segmented Print(1):sortForBatchRemoveIntentChange pantanalIntentList = [PantanalIntent(sceneId=210000000, intentId=12121002, policyName='TAKEOUT_ORDER_STATUS_CHANGE', sceneInstanceId=null, intentSrc=0, finalScore=-1.0, subDomain='takeout', action='pantanal.intent.takeout.VIEW_ORDER_PROGRESS', defaultScore=11.0, sortable=false, paramsFromUserPolicy=ParamsFromUserPolicy(exposureArgs=[], exposureFunc=-1, clickArgs=[], clickFunc=-1, timeArgs=[], timeFunc=-1, delayExposureArgs=null, delayClickArgs=null), cannotReduceRecommend=false, reduceReplaceKey=, isUnrecoverable=false, dropRepeatKey=, dropRepeatMode=-1, paramsFromService=content-length:2, isParamsSendToSeedling=false, forceRebuildSeedling=false, seedlingUiPolicy=0, paramsFromHabit=null, serviceList=null, serviceSelectPolicy=0, serviceSelectWeight=null, serviceId=, serviceIdFrom=null, recallScore=null, rankScore=-1.0, rerankScore=-1.0, requestId=null, userPolicyScore=-1.0, domain='life_service', cloudExtInfo=null, operation=1, showCount=0, clickCount=0, exposureTime=0, dtExperimentParams=null, createTime=1753836286264, lastUpdateTime=1753836286264, expireTime=240, , originalUpdateTime=1753836286264, sortRelatedId=0, addRelatedId=0, decisionHistoryList=null, businessData=null, cardOptions=null, instanceId=null, protectEnable=true, protectPolicy=ProtectPolicy(event=0, initialDuration=7, deltaDuration=3, startRatio=70, endRatio=10, stepRatio=20), addMinProb=0.4, probAdj=1.0, lastSortType=0, configVersion=202507161101, algorithmVersion=, recommendServiceList=null, removeTriggerValue=0.2, algorithmTimeRule=[], ruleRemoveByAlgorithm=false, containServiceId=false, dropRepeatType=0, dropRepeatScore=0, delayDismiss=0, attenuationType=-1, attenuationFunc=-1, shouldFocus=false, focusTimestamp=null, orderID=null, serviceTimeStamp=0, serviceInstanceId=null, showType=0,delayExposureTimestamp=0, delayClickTimestamp=0, isSupportMultiInstance=false, , PantanalIntent(sceneId=null, intentId=14111004, policyName='CLEAN_STORAGE', sceneInstanceId=null, intentSrc=0, finalScore=-1.0, subDomain='clear_memory', action='pantanal.intent.system.CLEAN_UP_STORAGE', defaultScore=0.8, sortable=true, paramsFromUserPolicy=ParamsFromUserPolicy(exposureArgs=[20.0, 5.0], exposureFunc=2, clickArgs=[2.0], clickFunc=1, timeArgs=[], timeFunc=-1, delayExposureArgs=null, delayClickArgs=null), cannotReduceRecommend=false, reduceReplaceKey=, isUnrecoverable=false, dropRepeatKey=, dropRepeatMode=-1, paramsFromService=content-length:2, isParamsSendToSeedling=false, forceRebuildSeedling=false, seedlingUiPolicy=0, paramsFromHabit=null, serviceList=null, serviceSelectPolicy=0, serviceSelectWeight=null, serviceId=, serviceIdFrom=null, recallScore=null, rankScore=-1.0, rerankScore=-1.0, requestId=null, userPolicyScore=-1.0, domain='system_settings', cloudExtInfo=null, operation=1, showCount=0, clickCount=0, exposureTime=0, dtExperimentParams=null, createTime=1753836286264, lastUpdateTime=1753836286264, expireTime=240, , originalUpdateTime=1753836286264, sortRelatedId=100710040000, addRelatedId=0, decisionHistoryList=null, businessData=null, cardOptions=null, instanceId=null, protectEnable=true, protectPolicy=ProtectPolicy(event=0, initialDuration=0, deltaDuration=1, startRatio=20, endRatio=5, stepRatio=5), addMinProb=0.4, probAdj=1.0, lastSortType=0, configVersion=202507161101, algorithmVersion=, recommendServiceList=null, removeTriggerValue=0.2, algorithmTimeRule=[], ruleRemoveByAlgorithm=false, containServiceId=false, dropRepeatType=0, dropRepeatScore=0, delayDismiss=0, attenuationType=-1, attenuationFunc=-1, shouldFocus=false, focusTimestamp=null, orderID=null, serviceTimeStamp=0, serviceInstanceId=null, showType=0,delayExposureTimestamp=0, delayClickTimestamp=0, isSupportMultiInstance=false, , PantanalIntent(sceneId=null, intentId=12121002, policyName='TAKEOUT_ORDER_STATUS_CHANGE', sceneInstanceId=null, intentSrc=0, finalScore=-1.0, subDomain='takeout', action='pantanal.intent.takeout.VIEW_ORDER_PROGRESS', defaultScore=11.0,
07-29 20:44:46.264  9166 10564 E ContextAware_SortAlgorithmManager.ReorderProcessor.GuaranteedIntentManager: removeExternalIntent mExternalGuaranteedList invalid
07-29 20:44:46.265  9166 10501 I ContextAware_ContextAware_SortAlgorithmManager.SendMsg: Log Segmented Print(2): sortable=false, paramsFromUserPolicy=ParamsFromUserPolicy(exposureArgs=[], exposureFunc=-1, clickArgs=[], clickFunc=-1, timeArgs=[], timeFunc=-1, delayExposureArgs=null, delayClickArgs=null), cannotReduceRecommend=false, reduceReplaceKey=, isUnrecoverable=false, dropRepeatKey=, dropRepeatMode=-1, paramsFromService=content-length:2, isParamsSendToSeedling=false, forceRebuildSeedling=false, seedlingUiPolicy=0, paramsFromHabit=null, serviceList=null, serviceSelectPolicy=0, serviceSelectWeight=null, serviceId=, serviceIdFrom=null, recallScore=null, rankScore=-1.0, rerankScore=-1.0, requestId=null, userPolicyScore=-1.0, domain='life_service', cloudExtInfo=null, operation=1, showCount=0, clickCount=0, exposureTime=0, dtExperimentParams=null, createTime=1753836286264, lastUpdateTime=1753836286264, expireTime=240, , originalUpdateTime=1753836286264, sortRelatedId=0, addRelatedId=0, decisionHistoryList=null, businessData=null, cardOptions=null, instanceId=null, protectEnable=true, protectPolicy=ProtectPolicy(event=0, initialDuration=7, deltaDuration=3, startRatio=70, endRatio=10, stepRatio=20), addMinProb=0.4, probAdj=1.0, lastSortType=0, configVersion=202507161101, algorithmVersion=, recommendServiceList=null, removeTriggerValue=0.2, algorithmTimeRule=[], ruleRemoveByAlgorithm=false, containServiceId=false, dropRepeatType=0, dropRepeatScore=0, delayDismiss=0, attenuationType=-1, attenuationFunc=-1, shouldFocus=false, focusTimestamp=null, orderID=null, serviceTimeStamp=0, serviceInstanceId=null, showType=0,delayExposureTimestamp=0, delayClickTimestamp=0, isSupportMultiInstance=false, ]
07-29 20:44:46.265  9166 10501 I ContextAware_SortAlgorithmManager.SendMsg: sortForBatchRemoveIntentChange : batchIntentList is empty Just return
07-29 20:44:46.265  9166 10501 I ContextAware_SortAlgorithmManager.SendMsg: sortForBatchIntentChange batchIntent = PantanalIntent(sceneId=220500200, intentId=14111005, policyName='SUBSTITUTE_SCENE', sceneInstanceId=null, intentSrc=0, finalScore=-1.0, subDomain='tips', action='pantanal.intent.system.VIEW_TIPS', defaultScore=2.0, sortable=true, paramsFromUserPolicy=ParamsFromUserPolicy(exposureArgs=[], exposureFunc=-1, clickArgs=[], clickFunc=-1, timeArgs=[], timeFunc=-1, delayExposureArgs=null, delayClickArgs=null), cannotReduceRecommend=false, reduceReplaceKey=, isUnrecoverable=false, dropRepeatKey=, dropRepeatMode=-1, paramsFromService=content-length:2, isParamsSendToSeedling=false, forceRebuildSeedling=false, seedlingUiPolicy=0, paramsFromHabit=null, serviceList=null, serviceSelectPolicy=0, serviceSelectWeight=null, serviceId=, serviceIdFrom=null, recallScore=null, rankScore=-1.0, rerankScore=-1.0, requestId=null, userPolicyScore=-1.0, domain='system_settings', cloudExtInfo=null, operation=0, showCount=0, clickCount=0, exposureTime=0, dtExperimentParams=null, createTime=1753836286264, lastUpdateTime=1753836286264, expireTime=240, , originalUpdateTime=1753836286264, sortRelatedId=0, addRelatedId=0, decisionHistoryList=null, businessData=null, cardOptions=null, instanceId=null, protectEnable=true, protectPolicy=ProtectPolicy(event=0, initialDuration=7, deltaDuration=3, startRatio=70, endRatio=10, stepRatio=20), addMinProb=0.4, probAdj=1.0, lastSortType=0, configVersion=202507161101, algorithmVersion=, recommendServiceList=null, removeTriggerValue=0.2, algorithmTimeRule=[], ruleRemoveByAlgorithm=false, containServiceId=false, dropRepeatType=0, dropRepeatScore=0, delayDismiss=0, attenuationType=-1, attenuationFunc=-1, shouldFocus=false, focusTimestamp=null, orderID=null, serviceTimeStamp=0, serviceInstanceId=null, showType=0,delayExposureTimestamp=0, delayClickTimestamp=0, isSupportMultiInstance=false, 
07-29 20:44:46.265  9166 10501 I ContextAware_SortAlgorithmManager.SendMsg: sendMessage msgWhat = 10
07-29 20:44:46.265  9166 10735 I ContextAware_DailyStatisticsRecorder: Increase context change count: MESSAGE_10_cnt, value: 1
07-29 20:44:46.265  9166 10285 I ContextAware_SortAlgorithmManager: message:10
07-29 20:44:46.265  9166 10285 I ContextAware_IntentSwitchManager: getSubSwitchStatus = {tips=true}
07-29 20:44:46.265  9166 10285 I ContextAware_IntentSwitchManager: isExistInSceneInfoActionList pantanalIntentAction = pantanal.intent.system.VIEW_TIPS
07-29 20:44:46.265  9166 10285 I metis_v2_BreenoSwitchSettingObserver: panta-sugg-getMasterSwitchStatus from cache:true
07-29 20:44:46.265  9166 10285 I ContextAware_SortAlgorithmManager.SceneUtil: SortAlgorithmManager.SceneCombinationProcessor Last map is  sceneId 210000000 status 2 intentList size 1 isHome false IntentId: 13151001 policyName DYNAMIC_SUBSTITUTE isFocus false serviceId null type 0 deleteKeynull
07-29 20:44:46.265  9166 10285 I ContextAware_SortAlgorithmManager.SceneUtil:  sceneId 220500200 status 2 intentList size 1 isHome false IntentId: 14111005 policyName SUBSTITUTE_SCENE isFocus false serviceId  type 0 deleteKeynull
07-29 20:44:46.265  9166 10285 I ContextAware_SortAlgorithmManager.SceneUtil:  sceneId 240000000 status 2 intentList size 3 isHome false IntentId: 14111004 policyName CLEAN_UP_STORAGE_SUBSTITUTE isFocus false serviceId null type 0 deleteKeynull IntentId: 18111007 policyName CLEAN_UP_SUBSTITUTE isFocus false serviceId null type 0 deleteKeynull IntentId: 18111008 policyName CLEAN_UP_PLUS_SUBSTITUTE isFocus false serviceId null type 0 deleteKeynull
07-29 20:44:46.265  9166 10665 I ContextAware_DailyStatisticsRecorder: Increase context change count: PROCESSOR_SCENE_FILTER_cnt, value: 1
07-29 20:44:46.265  9166 10665 I ContextAware_DailyStatisticsRecorder: Increase context change count: PROCESSOR_SCENE_FILTER_ms, value: 0
