07-28 17:14:23.340  9184 10260 I metis_v2_KnowledgeManager: tis/core-ontology#hasInstalledApp: metis/core-ontology#Application[_pkgName=com.heytap.health_pid=0]@/n@|    |    |    |----metis/core-ontology#pkgName: com.heytap.health^^http://www.w3.org/2001/XMLSchema#string@/n@|    |    |    |----metis/core-ontology#pid: 0^^http://www.w3.org/2001/XMLSchema#int@/n@|    |    |    |----metis/core-ontology#appVersion: 4230700^^http://www.w3.org/2001/XMLSchema#long@/n@|    |    |----metis/core-ontology#hasInstalledApp: metis/core-ontology#Application[_pkgName=com.heytap.speechassist_pid=0]@/n@|    |    |    |----metis/core-ontology#pkgName: com.heytap.speechassist^^http://www.w3.org/2001/XMLSchema#string@/n@|    |    |    |----metis/core-ontology#pid: 0^^http://www.w3.org/2001/XMLSchema#int@/n@|    |    |    |----metis/core-ontology#appVersion: 110806^^http://www.w3.org/2001/XMLSchema#long@/n@|    |    |----metis/core-ontology#hasInstalledApp: metis/core-ontology#Application[_pkgName=com.coloros.gallery3d_pid=0]@/n@|    |    |    |----metis/core-ontology#pkgName: com.coloros.gallery3d^^http://www.w3.org/2001/XMLSchema#string@/n@|    |    |    |----metis/core-ontology#pid: 0^^http://www.w3.org/2001/XMLSchema#int@/n@|    |    |    |----metis/core-ontology#appVersion: 15071008^^http://www.w3.org/2001/XMLSchema#long@/n@|    |----metis/core-ontology#SoftwareConfidential: false^^http://www.w3.org/2001/XMLSchema#boolean@/n@|    |----metis/core-ontology#deviceMarketName: OnePlus^^http://www.w3.org/2001/XMLSchema#string@/n@|    |----metis/core-ontology#exitTrainFlag: 0^^http://www.w3.org/2001/XMLSchema#integer@/n@|    |----metis/core-ontology#ColorOSVersion: V15.0.2^^http://www.w3.org/2001/XMLSchema#string@/n@|    |----metis/core-ontology#deviceModelName: PJZ110^^http://www.w3.org/2001/XMLSchema#string@/n@|    |----metis/core-ontology#firstAPILevel: 35^^http://www.w3.org/2001/XMLSchema#int@/n@|    |----metis/core-ontology#ColorOSApi: 36^^http://www.w3.org/2001/XMLSchema#int@/n@|    |----metis/core-ontology#ColorOSDisplayVersion: 15.0^^http://www.w3.org/2001/XMLSchema#string@/n@|    |----metis/core-ontology#randomNumber: 2481^^http://www.w3.org/2001/XMLSchema#int@/n@|    |----metis/core-ontology#metisVersion: 15007234^^http://www.w3.org/2001/XMLSchema#int@/n@|    |----metis/core-ontology#exitFlightFlag: 0^^http://www.w3.org/2001/XMLSchema#integer@/n@|    |----metis/core-ontology#lastAPILevel: 35^^http://www.w3.org/2001/XMLSchema#int@/n@metis/core-ontology#TakeoutServicesIndividual@/n@|    |----metis/core-ontology#orderEndTimestamp: -1^^http://www.w3.org/2001/XMLSchema#long@/n@metis/core-ontology#240100500@/n@|    |----metis/core-ontology#sceneStatus: ACTIVE^^http://www.w3.org/2001/XMLSchema#string@/n@|    |----metis/core-ontology#instanceId: ^^http://www.w3.org/2001/XMLSchema#string@/n@|    |----metis/core-ontology#sceneCreateTime: 1753393468237^^http://www.w3.org/2001/XMLSchema#long@/n@|    |----metis/core-ontology#sceneBaseId: 240100500^^http://www.w3.org/2001/XMLSchema#long@/n@|    |----metis/core-ontology#sceneId: 240100500^^http://www.w3.org/2001/XMLSchema#long@/n@ [7f0000011753737222646144807531|p_7531_9e690a5@1|p_9184_cc5fb0c@0|com.oplus.metis]
07-28 17:14:23.340  9184 10513 I ContextAware_DailyStatisticsRecorder: Increase context change count: PROCESSOR_SCENE_DEDUPLICATION_ms, value: 0
07-28 17:14:23.340  9184 11966 I ContextAware_SortAlgorithmManager.DtSort: onDecisionAfterRerank, inner algorithm is: internal_dt_sort
07-28 17:14:23.340  9184 10513 I ContextAware_DailyStatisticsRecorder: Increase context change count: total_fire_count, value: 1
07-28 17:14:23.340  9184 10513 I ContextAware_DailyStatisticsRecorder: Increase context change count: total_fire_time_ms, value: 44
07-28 17:14:23.340  9184 11967 I ContextAware_SortAlgorithmManager.DtIntentDataManager: getDtIntentList: dtIntents = []
07-28 17:14:23.340  9184 10260 E metis_v2_JenaHandlerManager: local thread match [7f0000011753737222646144807531|p_7531_9e690a5@1|p_9184_cc5fb0c@0|com.oplus.metis]
07-28 17:14:23.340  9184 11967 E ContextAware_SortAlgorithmManager.DtInternalSortImpl: targetDtList is invalid
07-28 17:14:23.341  9184 10260 E metis_v2_JenaHandlerManager: local thread match [7f0000011753737222646144807531|p_7531_9e690a5@1|p_9184_cc5fb0c@0|com.oplus.metis]
07-28 17:14:23.341  9184 10260 E metis_v2_JenaHandlerManager: local thread match [7f0000011753737222646144807531|p_7531_9e690a5@1|p_9184_cc5fb0c@0|com.oplus.metis]
07-28 17:14:23.341  9184 10260 E metis_v2_JenaHandlerManager: local thread match [7f0000011753737222646144807531|p_7531_9e690a5@1|p_9184_cc5fb0c@0|com.oplus.metis]
07-28 17:14:23.341  9184 10260 E metis_v2_JenaHandlerManager: local thread match [7f0000011753737222646144807531|p_7531_9e690a5@1|p_9184_cc5fb0c@0|com.oplus.metis]
07-28 17:14:23.341  9184 10260 E metis_v2_JenaHandlerManager: local thread match [7f0000011753737222646144807531|p_7531_9e690a5@1|p_9184_cc5fb0c@0|com.oplus.metis]
07-28 17:14:23.341  9184 10260 E metis_v2_JenaHandlerManager: local thread match [7f0000011753737222646144807531|p_7531_9e690a5@1|p_9184_cc5fb0c@0|com.oplus.metis]
07-28 17:14:23.341  9184 10260 E metis_v2_JenaHandlerManager: local thread match [7f0000011753737222646144807531|p_7531_9e690a5@1|p_9184_cc5fb0c@0|com.oplus.metis]
07-28 17:14:23.341  9184 10260 E metis_v2_JenaHandlerManager: local thread match [7f0000011753737222646144807531|p_7531_9e690a5@1|p_9184_cc5fb0c@0|com.oplus.metis]
07-28 17:14:23.341  9184 10259 I DeepThinkerSDK: [APP] ClientConnection: getDeepThinkerBridge start
07-28 17:14:23.341  9184 10238 I ContextAware_SortAlgorithmManager.SceneIntentReorderProcessor: ruleReordering onDecisionAfterRerank, mIntentList:size: 5 13151001 14111005 14111004 18111007 18111008
07-28 17:14:23.341  9184 10259 I DeepThinkerSDK: [APP] ClientConnection: getDeepThinkerBridge end
07-28 17:14:23.341  9184 10260 E metis_v2_JenaHandlerManager: local thread match [7f0000011753737222646144807531|p_7531_9e690a5@1|p_9184_cc5fb0c@0|com.oplus.metis]
07-28 17:14:23.341  9184 10260 E metis_v2_JenaHandlerManager: local thread match [7f0000011753737222646144807531|p_7531_9e690a5@1|p_9184_cc5fb0c@0|com.oplus.metis]
07-28 17:14:23.341  9184 10260 E metis_v2_JenaHandlerManager: local thread match [7f0000011753737222646144807531|p_7531_9e690a5@1|p_9184_cc5fb0c@0|com.oplus.metis]
07-28 17:14:23.341  9184 10260 E metis_v2_JenaHandlerManager: local thread match [7f0000011753737222646144807531|p_7531_9e690a5@1|p_9184_cc5fb0c@0|com.oplus.metis]
07-28 17:14:23.341  9184 10260 E metis_v2_JenaHandlerManager: local thread match [7f0000011753737222646144807531|p_7531_9e690a5@1|p_9184_cc5fb0c@0|com.oplus.metis]
07-28 17:14:23.341  9184 10260 E metis_v2_JenaHandlerManager: local thread match [7f0000011753737222646144807531|p_7531_9e690a5@1|p_9184_cc5fb0c@0|com.oplus.metis]
07-28 17:14:23.341  9184 10260 E metis_v2_JenaHandlerManager: local thread match [7f0000011753737222646144807531|p_7531_9e690a5@1|p_9184_cc5fb0c@0|com.oplus.metis]
07-28 17:14:23.341  9184 10260 E metis_v2_JenaHandlerManager: local thread match [7f0000011753737222646144807531|p_7531_9e690a5@1|p_9184_cc5fb0c@0|com.oplus.metis]
07-28 17:14:23.341  9184 10260 E metis_v2_JenaHandlerManager: local thread match [7f0000011753737222646144807531|p_7531_9e690a5@1|p_9184_cc5fb0c@0|com.oplus.metis]
07-28 17:14:23.341  9184 10260 E metis_v2_JenaHandlerManager: local thread match [7f0000011753737222646144807531|p_7531_9e690a5@1|p_9184_cc5fb0c@0|com.oplus.metis]
07-28 17:14:23.341  9184 10238 W ContextAware_IntentSwitchManager: subSwitchMap don't contain application_suggestions, set the switch to true as default
07-28 17:14:23.341  9184 10260 E metis_v2_JenaHandlerManager: local thread match [7f0000011753737222646144807531|p_7531_9e690a5@1|p_9184_cc5fb0c@0|com.oplus.metis]
07-28 17:14:23.341  9184 10238 I ContextAware_IntentSwitchManager: getSubSwitchStatus = {application_suggestions=true}
07-28 17:14:23.341  9184 10260 E metis_v2_JenaHandlerManager: local thread match [7f0000011753737222646144807531|p_7531_9e690a5@1|p_9184_cc5fb0c@0|com.oplus.metis]
07-28 17:14:23.341  9184 10238 I ContextAware_SortAlgorithmManager.ReorderProcessor.RuleReRanker: sceneIntentRerank sceneFinalScoreMap:{scene rerank, use defaultScore, finalScore:13151001DYNAMIC_SUBSTITUTE=3.12}
07-28 17:14:23.341  9184 10260 E metis_v2_JenaHandlerManager: local thread match [7f0000011753737222646144807531|p_7531_9e690a5@1|p_9184_cc5fb0c@0|com.oplus.metis]
07-28 17:14:23.341  9184 10238 I metis_v2_BreenoSwitchSettingObserver: panta-sugg-getMasterSwitchStatus from cache:true
07-28 17:14:23.341  9184 10260 E metis_v2_JenaHandlerManager: local thread match [7f0000011753737222646144807531|p_7531_9e690a5@1|p_9184_cc5fb0c@0|com.oplus.metis]
07-28 17:14:23.341  9184 10260 E metis_v2_JenaHandlerManager: local thread match [7f0000011753737222646144807531|p_7531_9e690a5@1|p_9184_cc5fb0c@0|com.oplus.metis]
07-28 17:14:23.341  9184 10260 E metis_v2_JenaHandlerManager: local thread match [7f0000011753737222646144807531|p_7531_9e690a5@1|p_9184_cc5fb0c@0|com.oplus.metis]
07-28 17:14:23.341  9184 10238 I ContextAware_IntentSwitchManager: getSubSwitchStatus = {tips=true}
07-28 17:14:23.341  9184 10260 E metis_v2_JenaHandlerManager: local thread match [7f0000011753737222646144807531|p_7531_9e690a5@1|p_9184_cc5fb0c@0|com.oplus.metis]
07-28 17:14:23.341  9184 10260 E metis_v2_JenaHandlerManager: local thread match [7f0000011753737222646144807531|p_7531_9e690a5@1|p_9184_cc5fb0c@0|com.oplus.metis]
07-28 17:14:23.341  9184 10238 I ContextAware_IntentSwitchManager: isExistInSceneInfoActionList pantanalIntentAction = pantanal.intent.system.VIEW_TIPS
07-28 17:14:23.341  9184 10260 E metis_v2_JenaHandlerManager: local thread match [7f0000011753737222646144807531|p_7531_9e690a5@1|p_9184_cc5fb0c@0|com.oplus.metis]
07-28 17:14:23.341  9184 10260 E metis_v2_JenaHandlerManager: local thread match [7f0000011753737222646144807531|p_7531_9e690a5@1|p_9184_cc5fb0c@0|com.oplus.metis]
07-28 17:14:23.341  9184 10238 I metis_v2_BreenoSwitchSettingObserver: panta-sugg-getMasterSwitchStatus from cache:true
07-28 17:14:23.341  9184 10260 E metis_v2_JenaHandlerManager: local thread match [7f0000011753737222646144807531|p_7531_9e690a5@1|p_9184_cc5fb0c@0|com.oplus.metis]
07-28 17:14:23.341  9184 10260 E metis_v2_JenaHandlerManager: local thread match [7f0000011753737222646144807531|p_7531_9e690a5@1|p_9184_cc5fb0c@0|com.oplus.metis]
07-28 17:14:23.341  9184 10238 I ContextAware_SortAlgorithmManager.ReorderProcessor.RuleReRanker: sceneIntentRerank sceneFinalScoreMap:{scene rerank, use defaultScore, finalScore:14111005SUBSTITUTE_SCENE=2.0}
07-28 17:14:23.341  9184 10260 E metis_v2_JenaHandlerManager: local thread match [7f0000011753737222646144807531|p_7531_9e690a5@1|p_9184_cc5fb0c@0|com.oplus.metis]
07-28 17:14:23.341  9184 10238 W ContextAware_IntentSwitchManager: getSubSwitchStatus the parameter is invalid.
07-28 17:14:23.341  9184 10260 E metis_v2_JenaHandlerManager: local thread match [7f0000011753737222646144807531|p_7531_9e690a5@1|p_9184_cc5fb0c@0|com.oplus.metis]
07-28 17:14:23.341  9184 10238 I ContextAware_SortAlgorithmManager.ReorderProcessor.RuleReRanker: sceneIntentRerank sceneFinalScoreMap:{}
07-28 17:14:23.341  9184 10260 E metis_v2_JenaHandlerManager: local thread match [7f0000011753737222646144807531|p_7531_9e690a5@1|p_9184_cc5fb0c@0|com.oplus.metis]
07-28 17:14:23.341  9184 10260 E metis_v2_JenaHandlerManager: local thread match [7f0000011753737222646144807531|p_7531_9e690a5@1|p_9184_cc5fb0c@0|com.oplus.metis]
07-28 17:14:23.341  9184 10260 E metis_v2_JenaHandlerManager: local thread match [7f0000011753737222646144807531|p_7531_9e690a5@1|p_9184_cc5fb0c@0|com.oplus.metis]
07-28 17:14:23.341  9184 10260 E metis_v2_JenaHandlerManager: local thread match [7f0000011753737222646144807531|p_7531_9e690a5@1|p_9184_cc5fb0c@0|com.oplus.metis]
07-28 17:14:23.341  9184 10260 E metis_v2_JenaHandlerManager: local thread match [7f0000011753737222646144807531|p_7531_9e690a5@1|p_9184_cc5fb0c@0|com.oplus.metis]
07-28 17:14:23.341  9184 10260 E metis_v2_JenaHandlerManager: local thread match [7f0000011753737222646144807531|p_7531_9e690a5@1|p_9184_cc5fb0c@0|com.oplus.metis]
07-28 17:14:23.341  9184 10260 E metis_v2_JenaHandlerManager: local thread match [7f0000011753737222646144807531|p_7531_9e690a5@1|p_9184_cc5fb0c@0|com.oplus.metis]
07-28 17:14:23.341  9184 10260 E metis_v2_JenaHandlerManager: local thread match [7f0000011753737222646144807531|p_7531_9e690a5@1|p_9184_cc5fb0c@0|com.oplus.metis]
07-28 17:14:23.341  9184 10260 E metis_v2_JenaHandlerManager: local thread match [7f0000011753737222646144807531|p_7531_9e690a5@1|p_9184_cc5fb0c@0|com.oplus.metis]
07-28 17:14:23.341  9184 10260 E metis_v2_JenaHandlerManager: local thread match [7f0000011753737222646144807531|p_7531_9e690a5@1|p_9184_cc5fb0c@0|com.oplus.metis]
07-28 17:14:23.341  9184 10260 E metis_v2_JenaHandlerManager: local thread match [7f0000011753737222646144807531|p_7531_9e690a5@1|p_9184_cc5fb0c@0|com.oplus.metis]
07-28 17:14:23.341  9184 10260 E metis_v2_JenaHandlerManager: local thread match [7f0000011753737222646144807531|p_7531_9e690a5@1|p_9184_cc5fb0c@0|com.oplus.metis]
07-28 17:14:23.341  9184 10260 E metis_v2_JenaHandlerManager: local thread match [7f0000011753737222646144807531|p_7531_9e690a5@1|p_9184_cc5fb0c@0|com.oplus.metis]
07-28 17:14:23.341  9184 10238 I ContextAware_IntentSwitchManager: getSubSwitchStatus = {clear_memory=true}
07-28 17:14:23.341  9184 10260 E metis_v2_JenaHandlerManager: local thread match [7f0000011753737222646144807531|p_7531_9e690a5@1|p_9184_cc5fb0c@0|com.oplus.metis]
07-28 17:14:23.341  9184 10260 E metis_v2_JenaHandlerManager: local thread match [7f0000011753737222646144807531|p_7531_9e690a5@1|p_9184_cc5fb0c@0|com.oplus.metis]
07-28 17:14:23.341  9184 10238 I ContextAware_IntentSwitchManager: isExistInSceneInfoActionList pantanalIntentAction = pantanal.intent.system.CLEAN_UP_STORAGE
07-28 17:14:23.341  9184 10260 E metis_v2_JenaHandlerManager: local thread match [7f0000011753737222646144807531|p_7531_9e690a5@1|p_9184_cc5fb0c@0|com.oplus.metis]
07-28 17:14:23.341  9184 10260 E metis_v2_JenaHandlerManager: local thread match [7f0000011753737222646144807531|p_7531_9e690a5@1|p_9184_cc5fb0c@0|com.oplus.metis]
07-28 17:14:23.341  9184 10238 I metis_v2_BreenoSwitchSettingObserver: panta-sugg-getMasterSwitchStatus from cache:true
07-28 17:14:23.341  9184 10260 E metis_v2_JenaHandlerManager: local thread match [7f0000011753737222646144807531|p_7531_9e690a5@1|p_9184_cc5fb0c@0|com.oplus.metis]
07-28 17:14:23.341  9184 10238 I ContextAware_IntentSwitchManager: isExistInSceneInfoActionList pantanalIntentAction = pantanal.intent.audio.SUBSTITUTE_RAM_CLEAN_UP
07-28 17:14:23.341  9184 10260 E metis_v2_JenaHandlerManager: local thread match [7f0000011753737222646144807531|p_7531_9e690a5@1|p_9184_cc5fb0c@0|com.oplus.metis]
07-28 17:14:23.341  9184 10238 I metis_v2_BreenoSwitchSettingObserver: panta-sugg-getMasterSwitchStatus from cache:true
07-28 17:14:23.341  9184 10260 E metis_v2_JenaHandlerManager: local thread match [7f0000011753737222646144807531|p_7531_9e690a5@1|p_9184_cc5fb0c@0|com.oplus.metis]
07-28 17:14:23.341  9184 10260 E metis_v2_JenaHandlerManager: local thread match [7f0000011753737222646144807531|p_7531_9e690a5@1|p_9184_cc5fb0c@0|com.oplus.metis]
07-28 17:14:23.341  9184 10238 I ContextAware_IntentSwitchManager: isExistInSceneInfoActionList pantanalIntentAction = pantanal.intent.audio.SUBSTITUTE_RAM_CLEAN_UP_PLUS
07-28 17:14:23.341  9184 10260 E metis_v2_JenaHandlerManager: local thread match [7f0000011753737222646144807531|p_7531_9e690a5@1|p_9184_cc5fb0c@0|com.oplus.metis]
07-28 17:14:23.341  9184 10238 I metis_v2_BreenoSwitchSettingObserver: panta-sugg-getMasterSwitchStatus from cache:true
07-28 17:14:23.341  9184 10260 E metis_v2_JenaHandlerManager: local thread match [7f0000011753737222646144807531|p_7531_9e690a5@1|p_9184_cc5fb0c@0|com.oplus.metis]
07-28 17:14:23.341  9184 10260 E metis_v2_JenaHandlerManager: local thread match [7f0000011753737222646144807531|p_7531_9e690a5@1|p_9184_cc5fb0c@0|com.oplus.metis]
07-28 17:14:23.342  9184 10260 E metis_v2_JenaHandlerManager: local thread match [7f0000011753737222646144807531|p_7531_9e690a5@1|p_9184_cc5fb0c@0|com.oplus.metis]
07-28 17:14:23.342  9184 10238 I ContextAware_SortAlgorithmManager.ReorderProcessor.RuleReRanker: sceneIntentRerank sceneFinalScoreMap:{scene rerank, use defaultScore, finalScore:14111004CLEAN_UP_STORAGE_SUBSTITUTE=4.06, scene rerank, use defaultScore, finalScore:18111007CLEAN_UP_SUBSTITUTE=4.05, scene rerank, use defaultScore, finalScore:18111008CLEAN_UP_PLUS_SUBSTITUTE=4.02}
07-28 17:14:23.342  9184 10260 E metis_v2_JenaHandlerManager: local thread match [7f0000011753737222646144807531|p_7531_9e690a5@1|p_9184_cc5fb0c@0|com.oplus.metis]
07-28 17:14:23.342  9184 10238 I ContextAware_SortAlgorithmManager.SceneIntentReorderProcessor: IntentReorder: scene[210000000]rank mIntentList: size: 1 13151001
07-28 17:14:23.342  9184 10238 I ContextAware_SortAlgorithmManager.SceneIntentReorderProcessor: scene[220500200]rank mIntentList: size: 1 14111005
07-28 17:14:23.342  9184 10238 I ContextAware_SortAlgorithmManager.SceneIntentReorderProcessor: scene[240100400]rank mIntentList: size: 0
07-28 17:14:23.342  9184 10238 I ContextAware_SortAlgorithmManager.SceneIntentReorderProcessor: scene[240000000]rank mIntentList: size: 3 14111004 18111007 18111008
07-28 17:14:23.342  9184 10259 I DeepThinkerSDK: [APP] UserDomainManager: checkLabelAvailable:{"38":1}
07-28 17:14:23.342  9184 10260 E metis_v2_JenaHandlerManager: local thread match [7f0000011753737222646144807531|p_7531_9e690a5@1|p_9184_cc5fb0c@0|com.oplus.metis]
07-28 17:14:23.342  9184 10260 E metis_v2_JenaHandlerManager: local thread match [7f0000011753737222646144807531|p_7531_9e690a5@1|p_9184_cc5fb0c@0|com.oplus.metis]
07-28 17:14:23.342  9184 10260 E metis_v2_JenaHandlerManager: local thread match [7f0000011753737222646144807531|p_7531_9e690a5@1|p_9184_cc5fb0c@0|com.oplus.metis]
07-28 17:14:23.342  9184 10260 E metis_v2_JenaHandlerManager: local thread match [7f0000011753737222646144807531|p_7531_9e690a5@1|p_9184_cc5fb0c@0|com.oplus.metis]
07-28 17:14:23.342  9184 10260 E metis_v2_JenaHandlerManager: local thread match [7f0000011753737222646144807531|p_7531_9e690a5@1|p_9184_cc5fb0c@0|com.oplus.metis]
07-28 17:14:23.342  9184 10260 E metis_v2_JenaHandlerManager: local thread match [7f0000011753737222646144807531|p_7531_9e690a5@1|p_9184_cc5fb0c@0|com.oplus.metis]
07-28 17:14:23.342  9184 10260 E metis_v2_JenaHandlerManager: local thread match [7f0000011753737222646144807531|p_7531_9e690a5@1|p_9184_cc5fb0c@0|com.oplus.metis]
07-28 17:14:23.342  9184 10238 W ContextAware_SortAlgorithmManager.SceneUtil: Drop invalid scene: 220500200
07-28 17:14:23.342  9184 10260 E metis_v2_JenaHandlerManager: local thread match [7f0000011753737222646144807531|p_7531_9e690a5@1|p_9184_cc5fb0c@0|com.oplus.metis]
07-28 17:14:23.342  9184 10260 E metis_v2_JenaHandlerManager: local thread match [7f0000011753737222646144807531|p_7531_9e690a5@1|p_9184_cc5fb0c@0|com.oplus.metis]
07-28 17:14:23.342  9184 10260 E metis_v2_JenaHandlerManager: local thread match [7f0000011753737222646144807531|p_7531_9e690a5@1|p_9184_cc5fb0c@0|com.oplus.metis]
07-28 17:14:23.342  9184 10260 E metis_v2_JenaHandlerManager: local thread match [7f0000011753737222646144807531|p_7531_9e690a5@1|p_9184_cc5fb0c@0|com.oplus.metis]
07-28 17:14:23.342  9184 10260 E metis_v2_JenaHandlerManager: local thread match [7f0000011753737222646144807531|p_7531_9e690a5@1|p_9184_cc5fb0c@0|com.oplus.metis]
07-28 17:14:23.342  9184 10260 E metis_v2_JenaHandlerManager: local thread match [7f0000011753737222646144807531|p_7531_9e690a5@1|p_9184_cc5fb0c@0|com.oplus.metis]
07-28 17:14:23.342  9184 11754 I ContextAware_DailyStatisticsRecorder: Increase context change count: PROCESSOR_SCENE_INTENT_REORDER_cnt, value: 1
07-28 17:14:23.342  9184 11754 I ContextAware_DailyStatisticsRecorder: Increase context change count: PROCESSOR_SCENE_INTENT_REORDER_ms, value: 2
07-28 17:14:23.342  9184 10238 W ContextAware_SortAlgorithmManager.SceneUtil: Drop invalid scene: 240100400
07-28 17:14:23.342  9184 10259 I DeepThinkerSDK: [APP] ClientConnection: getDeepThinkerBridge start
07-28 17:14:23.342  9184 10259 I DeepThinkerSDK: [APP] ClientConnection: getDeepThinkerBridge end
07-28 17:14:23.342  9184 10260 E metis_v2_JenaHandlerManager: local thread match [7f0000011753737222646144807531|p_7531_9e690a5@1|p_9184_cc5fb0c@0|com.oplus.metis]
07-28 17:14:23.342  9184 10259 I DeepThinkerSDK: [APP] UserDomainManager: getUserProfileLabel: args:Bundle[{openLabelIdParas=[Bundle[{label_type=1, open_id=38, businessName=metis, targetAppTypeList=[Bundle[{appMinDuration=1800000, id=1, appTypeList=[4], appMinAmount=0}], Bundle[{appMinDuration=1800000, id=2, appTypeList=[5, 9, 16], appMinAmount=0}], Bundle[{appMinDuration=0, id=3, appTypeList=[12], appMinAmount=1}], Bundle[{appMinDuration=0, id=4, appTypeList=[38], appMinAmount=1}], Bundle[{appMinDuration=0, id=5, appTypeList=[35], appMinAmount=1}]]}]]}]
07-28 17:14:23.342  9184 10238 I ContextAware_SortAlgorithmManager.SceneFocusProcessor: scene 210000000 not change or has focus scene or current scene is L3
07-28 17:14:23.342  9184 10238 I ContextAware_SortAlgorithmManager.SceneFocusProcessor: scene 240000000 not change or has focus scene or current scene is L3
07-28 17:14:23.342  9184 10260 E metis_v2_JenaHandlerManager: local thread match [7f0000011753737222646144807531|p_7531_9e690a5@1|p_9184_cc5fb0c@0|com.oplus.metis]
07-28 17:14:23.342  9184 10260 E metis_v2_JenaHandlerManager: local thread match [7f0000011753737222646144807531|p_7531_9e690a5@1|p_9184_cc5fb0c@0|com.oplus.metis]
07-28 17:14:23.342  9184 10260 E metis_v2_JenaHandlerManager: local thread match [7f0000011753737222646144807531|p_7531_9e690a5@1|p_9184_cc5fb0c@0|com.oplus.metis]
07-28 17:14:23.342  9184 10260 E metis_v2_JenaHandlerManager: local thread match [7f0000011753737222646144807531|p_7531_9e690a5@1|p_9184_cc5fb0c@0|com.oplus.metis]
07-28 17:14:23.342  9184 10260 E metis_v2_JenaHandlerManager: local thread match [7f0000011753737222646144807531|p_7531_9e690a5@1|p_9184_cc5fb0c@0|com.oplus.metis]
07-28 17:14:23.342  9184 10513 I ContextAware_DailyStatisticsRecorder: Increase context change count: PROCESSOR_SCENE_FOCUS_cnt, value: 1
07-28 17:14:23.342  9184 10260 E metis_v2_JenaHandlerManager: local thread match [7f0000011753737222646144807531|p_7531_9e690a5@1|p_9184_cc5fb0c@0|com.oplus.metis]
07-28 17:14:23.342  9184 10260 E metis_v2_JenaHandlerManager: local thread match [7f0000011753737222646144807531|p_7531_9e690a5@1|p_9184_cc5fb0c@0|com.oplus.metis]
07-28 17:14:23.342  9184 10513 I ContextAware_DailyStatisticsRecorder: Increase context change count: PROCESSOR_SCENE_FOCUS_ms, value: 0
07-28 17:14:23.342  9184 10260 E metis_v2_JenaHandlerManager: local thread match [7f0000011753737222646144807531|p_7531_9e690a5@1|p_9184_cc5fb0c@0|com.oplus.metis]
07-28 17:14:23.342  9184 10260 E metis_v2_JenaHandlerManager: local thread match [7f0000011753737222646144807531|p_7531_9e690a5@1|p_9184_cc5fb0c@0|com.oplus.metis]
07-28 17:14:23.342  9184 10260 E metis_v2_JenaHandlerManager: local thread match [7f0000011753737222646144807531|p_7531_9e690a5@1|p_9184_cc5fb0c@0|com.oplus.metis]
07-28 17:14:23.342  9184 10260 E metis_v2_JenaHandlerManager: local thread match [7f0000011753737222646144807531|p_7531_9e690a5@1|p_9184_cc5fb0c@0|com.oplus.metis]
07-28 17:14:23.342  9184 10260 E metis_v2_JenaHandlerManager: local thread match [7f0000011753737222646144807531|p_7531_9e690a5@1|p_9184_cc5fb0c@0|com.oplus.metis]
07-28 17:14:23.342  9184 10260 E metis_v2_JenaHandlerManager: local thread match [7f0000011753737222646144807531|p_7531_9e690a5@1|p_9184_cc5fb0c@0|com.oplus.metis]
07-28 17:14:23.342  9184 10260 E metis_v2_JenaHandlerManager: local thread match [7f0000011753737222646144807531|p_7531_9e690a5@1|p_9184_cc5fb0c@0|com.oplus.metis]
07-28 17:14:23.342  9184 10260 E metis_v2_JenaHandlerManager: local thread match [7f0000011753737222646144807531|p_7531_9e690a5@1|p_9184_cc5fb0c@0|com.oplus.metis]
07-28 17:14:23.342  9184 10260 E metis_v2_JenaHandlerManager: local thread match [7f0000011753737222646144807531|p_7531_9e690a5@1|p_9184_cc5fb0c@0|com.oplus.metis]
07-28 17:14:23.342  9184 10260 E metis_v2_JenaHandlerManager: local thread match [7f0000011753737222646144807531|p_7531_9e690a5@1|p_9184_cc5fb0c@0|com.oplus.metis]
07-28 17:14:23.342  9184 10260 E metis_v2_JenaHandlerManager: local thread match [7f0000011753737222646144807531|p_7531_9e690a5@1|p_9184_cc5fb0c@0|com.oplus.metis]
07-28 17:14:23.342  9184 10260 E metis_v2_JenaHandlerManager: local thread match [7f0000011753737222646144807531|p_7531_9e690a5@1|p_9184_cc5fb0c@0|com.oplus.metis]
07-28 17:14:23.342  9184 10260 E metis_v2_JenaHandlerManager: local thread match [7f0000011753737222646144807531|p_7531_9e690a5@1|p_9184_cc5fb0c@0|com.oplus.metis]
07-28 17:14:23.342  9184 10260 E metis_v2_JenaHandlerManager: local thread match [7f0000011753737222646144807531|p_7531_9e690a5@1|p_9184_cc5fb0c@0|com.oplus.metis]
07-28 17:14:23.342  9184 10260 E metis_v2_JenaHandlerManager: local thread match [7f0000011753737222646144807531|p_7531_9e690a5@1|p_9184_cc5fb0c@0|com.oplus.metis]
07-28 17:14:23.342  9184 10260 E metis_v2_JenaHandlerManager: local thread match [7f0000011753737222646144807531|p_7531_9e690a5@1|p_9184_cc5fb0c@0|com.oplus.metis]
07-28 17:14:23.342  9184 10260 E metis_v2_JenaHandlerManager: local thread match [7f0000011753737222646144807531|p_7531_9e690a5@1|p_9184_cc5fb0c@0|com.oplus.metis]
07-28 17:14:23.342  9184 11908 I UTrace.Sdk: startHead, spanName: 960000, spanType: CodeSpans [7f0000011753737263342130809184|null|p_9184_cc5fb0c@43|com.oplus.metis]
07-28 17:14:23.342  9184 10260 E metis_v2_JenaHandlerManager: local thread match [7f0000011753737222646144807531|p_7531_9e690a5@1|p_9184_cc5fb0c@0|com.oplus.metis]
07-28 17:14:23.342  9184 10260 E metis_v2_JenaHandlerManager: local thread match [7f0000011753737222646144807531|p_7531_9e690a5@1|p_9184_cc5fb0c@0|com.oplus.metis]
07-28 17:14:23.342  9184 10260 E metis_v2_JenaHandlerManager: local thread match [7f0000011753737222646144807531|p_7531_9e690a5@1|p_9184_cc5fb0c@0|com.oplus.metis]
07-28 17:14:23.342  9184 10260 E metis_v2_JenaHandlerManager: local thread match [7f0000011753737222646144807531|p_7531_9e690a5@1|p_9184_cc5fb0c@0|com.oplus.metis]
07-28 17:14:23.342  9184 11908 I UTrace.Lib.UserUnlock: isUnlocked() result=true pkg=com.oplus.metis currentTime=60093 [base|com.oplus.metis|1.5.5-f48228a]
07-28 17:14:23.342  9184 10260 E metis_v2_JenaHandlerManager: local thread match [7f0000011753737222646144807531|p_7531_9e690a5@1|p_9184_cc5fb0c@0|com.oplus.metis]
07-28 17:14:23.342  9184 10260 E metis_v2_JenaHandlerManager: local thread match [7f0000011753737222646144807531|p_7531_9e690a5@1|p_9184_cc5fb0c@0|com.oplus.metis]
07-28 17:14:23.342  9184 10260 E metis_v2_JenaHandlerManager: local thread match [7f0000011753737222646144807531|p_7531_9e690a5@1|p_9184_cc5fb0c@0|com.oplus.metis]
07-28 17:14:23.342  9184 10260 E metis_v2_JenaHandlerManager: local thread match [7f0000011753737222646144807531|p_7531_9e690a5@1|p_9184_cc5fb0c@0|com.oplus.metis]
07-28 17:14:23.342  9184 10260 E metis_v2_JenaHandlerManager: local thread match [7f0000011753737222646144807531|p_7531_9e690a5@1|p_9184_cc5fb0c@0|com.oplus.metis]
07-28 17:14:23.342  9184 10238 I ContextAware_SortAlgorithmManager.BatchIntentProcessor: onProcess decisionUTraceContext = UTraceContext(traceID=7f0000011753737263342130809184, current=p_9184_cc5fb0c@43, parent=null, spanType=1, valid=1, tag=null)
07-28 17:14:23.342  9184 10260 E metis_v2_JenaHandlerManager: local thread match [7f0000011753737222646144807531|p_7531_9e690a5@1|p_9184_cc5fb0c@0|com.oplus.metis]
07-28 17:14:23.342  9184 10260 E metis_v2_JenaHandlerManager: local thread match [7f0000011753737222646144807531|p_7531_9e690a5@1|p_9184_cc5fb0c@0|com.oplus.metis]
07-28 17:14:23.342  9184 10260 E metis_v2_JenaHandlerManager: local thread match [7f0000011753737222646144807531|p_7531_9e690a5@1|p_9184_cc5fb0c@0|com.oplus.metis]
07-28 17:14:23.342  9184 10238 E ContextAware_SortAlgorithmManager.BatchIntentProcessor: onProcess intentStringList is invalid
07-28 17:14:23.342  9184 10260 E metis_v2_JenaHandlerManager: local thread match [7f0000011753737222646144807531|p_7531_9e690a5@1|p_9184_cc5fb0c@0|com.oplus.metis]
07-28 17:14:23.342  9184 11908 I UTrace.Sdk.Manager: addTraceInThread() record=UTraceRecordV2(traceID=7f0000011753737263342130809184, current=p_9184_cc5fb0c@43, parent=null, spanName=com.oplus.metis(960000), startTime=1753737263342, endTime=0, status=0, info=, hasError=0, statusCode=0, type=1, spanType=1, tags={}) [base|com.oplus.metis|1.5.5-f48228a]
07-28 17:14:23.342  9184 10260 E metis_v2_JenaHandlerManager: local thread match [7f0000011753737222646144807531|p_7531_9e690a5@1|p_9184_cc5fb0c@0|com.oplus.metis]
07-28 17:14:23.342  9184 10238 E ContextAware_SortAlgorithmManager.IntentSendProcessor: disable direct send intent mode, clear
07-28 17:14:23.342  9184 10260 E metis_v2_JenaHandlerManager: local thread match [7f0000011753737222646144807531|p_7531_9e690a5@1|p_9184_cc5fb0c@0|com.oplus.metis]
07-28 17:14:23.342  9184 10260 E metis_v2_JenaHandlerManager: local thread match [7f0000011753737222646144807531|p_7531_9e690a5@1|p_9184_cc5fb0c@0|com.oplus.metis]
07-28 17:14:23.342  9184 10260 E metis_v2_JenaHandlerManager: local thread match [7f0000011753737222646144807531|p_7531_9e690a5@1|p_9184_cc5fb0c@0|com.oplus.metis]
07-28 17:14:23.342  9184 10260 E metis_v2_JenaHandlerManager: local thread match [7f0000011753737222646144807531|p_7531_9e690a5@1|p_9184_cc5fb0c@0|com.oplus.metis]
07-28 17:14:23.342  9184 10260 E metis_v2_JenaHandlerManager: local thread match [7f0000011753737222646144807531|p_7531_9e690a5@1|p_9184_cc5fb0c@0|com.oplus.metis]
07-28 17:14:23.342  9184 10260 E metis_v2_JenaHandlerManager: local thread match [7f0000011753737222646144807531|p_7531_9e690a5@1|p_9184_cc5fb0c@0|com.oplus.metis]
07-28 17:14:23.342  9184 10260 E metis_v2_JenaHandlerManager: local thread match [7f0000011753737222646144807531|p_7531_9e690a5@1|p_9184_cc5fb0c@0|com.oplus.metis]
07-28 17:14:23.342  9184 10260 E metis_v2_JenaHandlerManager: local thread match [7f0000011753737222646144807531|p_7531_9e690a5@1|p_9184_cc5fb0c@0|com.oplus.metis]
07-28 17:14:23.342  9184 11878 I ContextAware_DailyStatisticsRecorder: Increase context change count: PROCESSOR_BATCH_INTENT_cnt, value: 1
07-28 17:14:23.342  9184 10260 E metis_v2_JenaHandlerManager: local thread match [7f0000011753737222646144807531|p_7531_9e690a5@1|p_9184_cc5fb0c@0|com.oplus.metis]
07-28 17:14:23.342  9184 10260 E metis_v2_JenaHandlerManager: local thread match [7f0000011753737222646144807531|p_7531_9e690a5@1|p_9184_cc5fb0c@0|com.oplus.metis]
07-28 17:14:23.342  9184 11878 I ContextAware_DailyStatisticsRecorder: Increase context change count: PROCESSOR_BATCH_INTENT_ms, value: 0
07-28 17:14:23.342  9184 10260 E metis_v2_JenaHandlerManager: local thread match [7f0000011753737222646144807531|p_7531_9e690a5@1|p_9184_cc5fb0c@0|com.oplus.metis]
07-28 17:14:23.342  9184 10260 E metis_v2_JenaHandlerManager: local thread match [7f0000011753737222646144807531|p_7531_9e690a5@1|p_9184_cc5fb0c@0|com.oplus.metis]
07-28 17:14:23.342  9184 10259 W metis_v2_DeepThinkerLabelClient: getUserProfileLabel null
07-28 17:14:23.342  9184 10260 E metis_v2_JenaHandlerManager: local thread match [7f0000011753737222646144807531|p_7531_9e690a5@1|p_9184_cc5fb0c@0|com.oplus.metis]
07-28 17:14:23.342  9184 10260 E metis_v2_JenaHandlerManager: local thread match [7f0000011753737222646144807531|p_7531_9e690a5@1|p_9184_cc5fb0c@0|com.oplus.metis]
07-28 17:14:23.343  9184 10260 E metis_v2_JenaHandlerManager: local thread match [7f0000011753737222646144807531|p_7531_9e690a5@1|p_9184_cc5fb0c@0|com.oplus.metis]
07-28 17:14:23.343  9184 10260 E metis_v2_JenaHandlerManager: local thread match [7f0000011753737222646144807531|p_7531_9e690a5@1|p_9184_cc5fb0c@0|com.oplus.metis]
07-28 17:14:23.343  9184 10260 E metis_v2_JenaHandlerManager: local thread match [7f0000011753737222646144807531|p_7531_9e690a5@1|p_9184_cc5fb0c@0|com.oplus.metis]
07-28 17:14:23.343  9184 10260 E metis_v2_JenaHandlerManager: local thread match [7f0000011753737222646144807531|p_7531_9e690a5@1|p_9184_cc5fb0c@0|com.oplus.metis]
07-28 17:14:23.343  9184 10260 E metis_v2_JenaHandlerManager: local thread match [7f0000011753737222646144807531|p_7531_9e690a5@1|p_9184_cc5fb0c@0|com.oplus.metis]
07-28 17:14:23.343  9184 10260 E metis_v2_JenaHandlerManager: local thread match [7f0000011753737222646144807531|p_7531_9e690a5@1|p_9184_cc5fb0c@0|com.oplus.metis]
07-28 17:14:23.343  9184 10260 E metis_v2_JenaHandlerManager: local thread match [7f0000011753737222646144807531|p_7531_9e690a5@1|p_9184_cc5fb0c@0|com.oplus.metis]
07-28 17:14:23.343  9184 10260 E metis_v2_JenaHandlerManager: local thread match [7f0000011753737222646144807531|p_7531_9e690a5@1|p_9184_cc5fb0c@0|com.oplus.metis]
07-28 17:14:23.343  9184 10238 I metis_v2_BreenoSwitchSettingObserver: panta-sugg-getMasterSwitchStatus from cache:true
07-28 17:14:23.343  9184 10238 I ContextAware_IntentSwitchManager: filterList, not filter, breeno switch on
07-28 17:14:23.343  9184 10260 E metis_v2_JenaHandlerManager: local thread match [7f0000011753737222646144807531|p_7531_9e690a5@1|p_9184_cc5fb0c@0|com.oplus.metis]
07-28 17:14:23.343  9184 10260 E metis_v2_JenaHandlerManager: local thread match [7f0000011753737222646144807531|p_7531_9e690a5@1|p_9184_cc5fb0c@0|com.oplus.metis]
07-28 17:14:23.343  9184 10260 E metis_v2_JenaHandlerManager: local thread match [7f0000011753737222646144807531|p_7531_9e690a5@1|p_9184_cc5fb0c@0|com.oplus.metis]
07-28 17:14:23.343  9184 10260 E metis_v2_JenaHandlerManager: local thread match [7f0000011753737222646144807531|p_7531_9e690a5@1|p_9184_cc5fb0c@0|com.oplus.metis]
07-28 17:14:23.343  9184 10260 E metis_v2_JenaHandlerManager: local thread match [7f0000011753737222646144807531|p_7531_9e690a5@1|p_9184_cc5fb0c@0|com.oplus.metis]
07-28 17:14:23.343  9184 10260 E metis_v2_JenaHandlerManager: local thread match [7f0000011753737222646144807531|p_7531_9e690a5@1|p_9184_cc5fb0c@0|com.oplus.metis]
07-28 17:14:23.343  9184 10260 E metis_v2_JenaHandlerManager: local thread match [7f0000011753737222646144807531|p_7531_9e690a5@1|p_9184_cc5fb0c@0|com.oplus.metis]
07-28 17:14:23.343  9184 10260 E metis_v2_JenaHandlerManager: local thread match [7f0000011753737222646144807531|p_7531_9e690a5@1|p_9184_cc5fb0c@0|com.oplus.metis]
07-28 17:14:23.343  9184 10260 E metis_v2_JenaHandlerManager: local thread match [7f0000011753737222646144807531|p_7531_9e690a5@1|p_9184_cc5fb0c@0|com.oplus.metis]
07-28 17:14:23.343  9184 10260 E metis_v2_JenaHandlerManager: local thread match [7f0000011753737222646144807531|p_7531_9e690a5@1|p_9184_cc5fb0c@0|com.oplus.metis]
07-28 17:14:23.343  9184 10260 E metis_v2_JenaHandlerManager: local thread match [7f0000011753737222646144807531|p_7531_9e690a5@1|p_9184_cc5fb0c@0|com.oplus.metis]
07-28 17:14:23.343  9184 10260 E metis_v2_JenaHandlerManager: local thread match [7f0000011753737222646144807531|p_7531_9e690a5@1|p_9184_cc5fb0c@0|com.oplus.metis]
07-28 17:14:23.343  9184 10260 E metis_v2_JenaHandlerManager: local thread match [7f0000011753737222646144807531|p_7531_9e690a5@1|p_9184_cc5fb0c@0|com.oplus.metis]
07-28 17:14:23.343  9184 10260 E metis_v2_JenaHandlerManager: local thread match [7f0000011753737222646144807531|p_7531_9e690a5@1|p_9184_cc5fb0c@0|com.oplus.metis]
07-28 17:14:23.343  9184 10260 E metis_v2_JenaHandlerManager: local thread match [7f0000011753737222646144807531|p_7531_9e690a5@1|p_9184_cc5fb0c@0|com.oplus.metis]
07-28 17:14:23.343  9184 10260 E metis_v2_JenaHandlerManager: local thread match [7f0000011753737222646144807531|p_7531_9e690a5@1|p_9184_cc5fb0c@0|com.oplus.metis]
07-28 17:14:23.343  9184 10260 E metis_v2_JenaHandlerManager: local thread match [7f0000011753737222646144807531|p_7531_9e690a5@1|p_9184_cc5fb0c@0|com.oplus.metis]
07-28 17:14:23.343  9184 10260 E metis_v2_JenaHandlerManager: local thread match [7f0000011753737222646144807531|p_7531_9e690a5@1|p_9184_cc5fb0c@0|com.oplus.metis]
07-28 17:14:23.343  9184 10260 E metis_v2_JenaHandlerManager: local thread match [7f0000011753737222646144807531|p_7531_9e690a5@1|p_9184_cc5fb0c@0|com.oplus.metis]
07-28 17:14:23.343  9184 10260 E metis_v2_JenaHandlerManager: local thread match [7f0000011753737222646144807531|p_7531_9e690a5@1|p_9184_cc5fb0c@0|com.oplus.metis]
07-28 17:14:23.343  9184 10260 E metis_v2_JenaHandlerManager: local thread match [7f0000011753737222646144807531|p_7531_9e690a5@1|p_9184_cc5fb0c@0|com.oplus.metis]
07-28 17:14:23.343  9184 10260 E metis_v2_JenaHandlerManager: local thread match [7f0000011753737222646144807531|p_7531_9e690a5@1|p_9184_cc5fb0c@0|com.oplus.metis]
07-28 17:14:23.343  9184 10260 E metis_v2_JenaHandlerManager: local thread match [7f0000011753737222646144807531|p_7531_9e690a5@1|p_9184_cc5fb0c@0|com.oplus.metis]
07-28 17:14:23.343  9184 10260 E metis_v2_JenaHandlerManager: local thread match [7f0000011753737222646144807531|p_7531_9e690a5@1|p_9184_cc5fb0c@0|com.oplus.metis]
07-28 17:14:23.343  9184 10260 E metis_v2_JenaHandlerManager: local thread match [7f0000011753737222646144807531|p_7531_9e690a5@1|p_9184_cc5fb0c@0|com.oplus.metis]
07-28 17:14:23.343  9184 10260 E metis_v2_JenaHandlerManager: local thread match [7f0000011753737222646144807531|p_7531_9e690a5@1|p_9184_cc5fb0c@0|com.oplus.metis]
07-28 17:14:23.343  5251  5557 W [0]DCS  : Common Record event failed. DCS reject event: [appId=107501,logTag=10750101,eventId=metis_scene] . Pls check server config.
07-28 17:14:23.345  5251  5557 I MMKV    : <MMKV_IO.cpp:456::writeActualSize> [mmkv.default] increase sequence to 7613, crc 3640770335, actualSize 564
07-28 17:14:23.345  5251  5557 W [0]DCS  : Common Record event failed. DCS reject event: [appId=107501,logTag=10750101,eventId=metis_scene] . Pls check server config.
07-28 17:14:23.350  2166  2166 D VRR-[OPlusRefreshRateSelector]: setCurrentModeId 5 type SM
07-28 17:14:23.350  2166  3497 D VRR [OTI-HW]: isStateReady 1
07-28 17:14:23.350  2166  3497 D VRR [OTI-HW]: keep rate.
07-28 17:14:23.350  3154  3629 I DisplayDeviceRepository: Display device changed render timings: "Built-in Screen", renderFrameRate=60.000004, presentationDeadlineNanos=16666666, appVsyncOffsetNanos=1000000
07-28 17:14:23.350  3154  3629 D LogicalDisplayExt: set displayInfo flag FLAG_ROTATES_WITH_CONTENT
07-28 17:14:23.351  3154  3629 D DisplayManagerServiceExtImpl: scheduleTraversalLocked intraversal=false
07-28 17:14:23.351  3154  3629 I DisplayManagerServiceExtImpl: handle logical display changed logicalDisplay=id=0,stack=0,content=true,displayInfo{stack=0,type=1,id=0,uId=local:4630946756802996883,state=ON,pkg=null}
07-28 17:14:23.351  3154  3629 D DisplayManagerService: Delivering display event: displayId=0, event=CHANGED
07-28 17:14:23.351  3154  3764 D BrightnessThermalClamper: Thermal status observer already started
07-28 17:14:23.351  3154  3764 D BrightnessPowerClamper: Power throttling data is missing for configuration data.
07-28 17:14:23.351  3154  3154 E OplusGestureAnimationManagerPolicy: mScreenHeight:2376 mScreenWidth:1080 mRotation:0
07-28 17:14:23.352  2154  4740 D AudioFlingerExtImpl: AudioFlingerExtImpl oplusSetParameters: keyvalue screen_state=on
07-28 17:14:23.352  2154  4740 D DeviceHalAidl: 0xb400007a1dc7c200 DeviceHalAidl::setParameters
07-28 17:14:23.352  2154  4740 D DeviceHalAidl: setParameters: parameters: "screen_state=on"
07-28 17:14:23.352  1888  3565 I PAL: ResourceManager: setParameter: 11480: Screen State:1
07-28 17:14:23.352  3154  3629 D DisplayManagerService: MSG_REQUEST_TRAVERSAL pendingCompleted=false
07-28 17:14:23.352  2154  4740 D DeviceHalAidl: 0xb400007a1dc7c800 DeviceHalAidl::setParameters
07-28 17:14:23.352  2154  4740 D DeviceHalAidl: setParameters: parameters: "screen_state=on"
07-28 17:14:23.352  1888  3565 D AHAL_Module: updateScreenState: usb: 1
07-28 17:14:23.352  2154  4740 D DeviceHalAidl: 0xb400007a1dc7ce00 DeviceHalAidl::setParameters
07-28 17:14:23.352  2154  4740 D DeviceHalAidl: setParameters: parameters: "screen_state=on"
07-28 17:14:23.352  4694  4694 D CastManagerService: onDisplayChanged.
07-28 17:14:23.352  1888  1888 D AHAL_Module: updateScreenState: r_submix: 1
07-28 17:14:23.352  3154  3626 D OplusVFXScreenEffectFeature: notifySFCompatWindowStateChange entered false
07-28 17:14:23.352  2154  4740 D DeviceHalAidl: 0xb400007a1dc7d400 DeviceHalAidl::setParameters
07-28 17:14:23.352  2154  4740 D DeviceHalAidl: setParameters: parameters: "screen_state=on"
07-28 17:14:23.352  1888  1888 D AHAL_Module: updateScreenState: bluetooth: 1
07-28 17:14:23.352  3154  3626 D FSS_FoldScreenBlackCoverController: displayChangeToOn, dc:Display{#0 state=ON size=1080x2376 ROTATION_0}
07-28 17:14:23.352  2154  4740 D DeviceHalAidl: 0xb400007a1dc7da00 DeviceHalAidl::setParameters
07-28 17:14:23.352  2154  4740 D DeviceHalAidl: setParameters: parameters: "screen_state=on"
07-28 17:14:23.352  1888  3565 D AHAL_Module: updateScreenState: bluetooth: 1
07-28 17:14:23.352  2166  2347 D [PREVIEW]: SF obtain preview_adapter: 0
07-28 17:14:23.352  2154  4740 D DeviceHalAidl: 0xb400007a1dc7e000 DeviceHalAidl::setParameters
07-28 17:14:23.352  2166  2347 D [PREVIEW]: TabletPreviewAdapter::parallel world 0
07-28 17:14:23.352  2154  4740 D DeviceHalAidl: setParameters: parameters: "screen_state=on"
07-28 17:14:23.352  1888  3565 D AHAL_Module: updateScreenState: stub: 1
07-28 17:14:23.353  3154  3626 D DisplayManagerService: performTraversalInternal pendingTraversal
07-28 17:14:23.353  3154  3626 D DisplayDevice: setLayerStackLocked id=local:4630946756802996883 token=android.os.BinderProxy@bb431e stack=0->0
07-28 17:14:23.353  4876  4876 I SystemUi--Statusbar: DisplayRepository-->combining enabled=[0], connectedExternalDisplayIds=[], ignored=[]
07-28 17:14:23.353  6555  6596 E oiface  : sched_setaffinity failed
07-28 17:14:23.353  2029  2096 I gameoptHal: targetfps updated 6 -- 60
07-28 17:14:23.383  5043  8595 D SaDataService: onTelephonyEventReport , subId= 0,slotId=-1 eventId=2009
07-28 17:14:23.383  5219  5347 D VendorTelephonyService: onTelephonyEventReport slotId =0 eventId=2009
07-28 17:14:23.383  5043  8595 D TelephonyImpl: notify eventId:2009 for list size:2
07-28 17:14:23.383  5219  5347 D VendorTelephonyService: onTelephonyEventReport slotId =0 eventId=2009
07-28 17:14:23.383  5219  5219 D VendorCallService: notityEventUpdate, eventId:2009, slotId = 0
07-28 17:14:23.384  5219  5347 D VendorTelephonyService: onTelephonyEventReport slotId =1 eventId=2009
07-28 17:14:23.384  5219  5347 D VendorTelephonyService: onTelephonyEventReport slotId =1 eventId=2009
07-28 17:14:23.384  5043  8595 D SaDataService: onTelephonyEventReport , subId= 1,slotId=0 eventId=2009
07-28 17:14:23.384  5043  8595 D TelephonyImpl: notify eventId:2009 for list size:2
07-28 17:14:23.384  5219  5219 D VendorCallService: notityEventUpdate, eventId:2009, slotId = 1
07-28 17:14:23.400  3154  3794 D VRR [OPlusRefreshRateService]: handleConfigIdChange physicalDisplayId: 4630946756802996883 configId: 5 renderPeriod: 16666666
07-28 17:14:23.401  3154  3794 D VRR [OPlusSAManager]: updateModeChange old modeId [ 4 ] -> new modeId [ 5 ] mCurPolicy: 1
07-28 17:14:23.401  3154  3794 D VRR [OPlusSAManager]: updateSAScene active modeId: 5
07-28 17:14:23.401  3154  3794 D VRR [OPlusSAManager]: updateSAScene current policy: 1 active modeId: 5 scene: VRR_60
07-28 17:14:23.401  3154  3794 D VRR [OPlusOAManager]: Not OA business! new modeId: [5] active modeId: [4]
07-28 17:14:23.401  3154  3794 D VRR [OPlusGameStatusManager]: updateGameState mOSyncFeatureSwitch: false mIsGamePolicy: false
07-28 17:14:23.401  3154  3794 D VRR [OPlusGameStatusManager]: setLTMStatus false curPkgName: com.android.launcher curr status: false HeartStop: false HeartStopFromTGPA: false ActiveFPS: 60.000004
07-28 17:14:23.401  3154  3794 D VRR [OPlusGameStatusManager]: updateGameAccelerationStatus pkgName: com.android.launcher mOSyncFeatureSwitch: false mIsGamePolicy: false mHeartStop: false mHasFlickerRisk: false mForceAcceleration: false mToastReady: false enable: false
07-28 17:14:23.401  3154  3794 D VRR [OPlusGameStatusManager]: updateToastStatus enableAcceleration: false toastReady: false isGamePolicy: false desiredModeId: 5
07-28 17:14:23.401  3154  3794 D VRR [OPlusGameStatusManager]: updateToastStatus enableAcceleration: false toastReady: false isGamePolicy: false desiredModeId: 5
07-28 17:14:23.401  3154  3794 D VRR [OPlusExternalRefreshRateManager]:  updateRenderPeriodChange configId:5 current refresh rate:60.000004
07-28 17:14:23.448  1923  2230 I SDM     : DisplayBase::CommitThread: Received idle timeout, panel: cmd, timeout: 70000 us
07-28 17:14:23.451  3154  3794 D VRR [OPlusSAManager]: setSAConfig scene: VRR_60 modeId: 5 auto: false fakeFrame: false
07-28 17:14:23.451  3154  3794 D VRR [OPlusSAManager]: updateAutoMinfps with nits: 116.93259, mHistOK true, mAmbientOK true, mCctOK true, mIrOK true, mBrightnessOK true, isPkgOK true, SA min fps: 119
07-28 17:14:23.451  3154  3794 D VRR [OPlusSurfaceFlingerController]: setAutoMode enable: false fakeFrame: false fps: 119
07-28 17:14:23.451  2166  2366 I VRR-[OPlusAdfrUtil]: ADFR try set Auto mode with mode 0 fakeframe 0 min fps 119
07-28 17:14:23.451  2166  2366 D VRR-[OPlusRefreshRateSelector]: OSyncModes add size is 1.
07-28 17:14:23.451  2166  2366 I VRR-[OPlusRefreshRateSelector]: updateAutoMode success, display 0, mode 0, fakeframe 0, min fps: 1
07-28 17:14:23.451  2166  3454 D VRR-[OPlusRefreshRateSelector]: handleSetHWCOSync
07-28 17:14:23.451  2166  3454 D VRR-[OPlusRefreshRateSelector]: OSyncModes remaining size is 0.
07-28 17:14:23.451  2166  3454 D VRR-[OPlusRefreshRateSelector]: SetHWCOSync with 5CC08081
07-28 17:14:23.451  1923 12924 I SDM     : DisplayBuiltIn::SetQSyncMode: VRR + update qsync mode 0 minfps 00C08081
07-28 17:14:23.460  1923  2230 E SDM     : DRMConnector::Perform: Connector 67: Setting Qsync min fps 12615809
07-28 17:14:23.512  3154  4669 V SettingsProvider: deleteSystemSetting(OPLUS_SLA_LAST_MCC, 0)
07-28 17:14:23.512  3154  4669 D SettingsProvider: delete system settings OPLUS_****_MCC pkg is  android user id is 0
07-28 17:14:23.513  3154  4669 W OplusSlaManager: updateMCC curMCC from macc_change!
07-28 17:14:23.516  3154  4669 W OplusSlaApps: sendWhiteListAppUid no enabled app found...
07-28 17:14:23.516  3154  4669 W OplusSlaApps: sendGameAppUid no game app found!!
07-28 17:14:23.525  5043  5822 E CellularEvent: nri null ps
07-28 17:14:23.525  5043  5822 E CellularEvent: invalid nri
07-28 17:14:23.531  1923  2230 I SDM     : DisplayBase::CommitThread: Received idle timeout, panel: cmd, timeout: 70000 us
07-28 17:14:23.532  4962  5832 D AutoDualCardRoamingDemand: judgeToShowDialog return for sim count != 2
07-28 17:14:23.544  2005  2005 D SensorFeature: name=ssc_screenshot_info ,index = 22
07-28 17:14:23.544  2005  2005 D SensorFeature: write 29 bytes:59942328517,60294913830,166,0
07-28 17:14:23.840  3154  3664 W UserAwareMgr: event can not be released, id: 3020, count: 2, releasePid: 4876
07-28 17:14:23.846  2005  2005 D SensorFeature: name=ssc_screenshot_info ,index = 22
07-28 17:14:23.846  2005  2005 D SensorFeature: write 29 bytes:59942328517,60596709455,167,0
07-28 17:14:23.916  1847  4475 I sensors-hal: handle_oplus_wise_rgb_event:189, high_pwm_light:lux 278.3,cct 3642.0,brl/algo/ir 1447.0/2.0/17.0,pwm/dc 0.0/0.0,rgbc 21487.804688/13470.575195/6233.030762/39754.890625,ts 60567003328,cnt 850,flag 167
07-28 17:14:23.917  3154  4390 D FusionLightNextGen: process end reported = 1, mode: 0, lux 504.1, cct -1.0, r/g/b/c: 21483.0/13466.0/6217.6/39769.9, R/G/B: 132.0/125.0/124.0, bri 1447.0, match 1.00, ir 0.018049, conf 0.0, ts 60575268328
07-28 17:14:23.918  1923  4464 I Dpps    : LtmSwState::SetParameter():144 ignore cmd 7 in state LtmOffState
07-28 17:14:23.952  3154  3794 D VRR [OPlusSAManager]: updateAutoMinfps with nits: 116.93259, mHistOK true, mAmbientOK true, mCctOK true, mIrOK true, mBrightnessOK true, isPkgOK true, SA min fps: 119
07-28 17:14:23.952  3154  3794 D VRR [OPlusSurfaceFlingerController]: setAutoMode enable: false fakeFrame: false fps: 119
07-28 17:14:23.953  2166  2347 I VRR-[OPlusAdfrUtil]: ADFR try set Auto mode with mode 0 fakeframe 0 min fps 119
07-28 17:14:23.953  2166  2347 D VRR-[OPlusRefreshRateSelector]: OSyncModes add size is 1.
07-28 17:14:23.953  2166  2347 I VRR-[OPlusRefreshRateSelector]: updateAutoMode success, display 0, mode 0, fakeframe 0, min fps: 1
07-28 17:14:23.953  2166  3454 D VRR-[OPlusRefreshRateSelector]: handleSetHWCOSync
07-28 17:14:23.953  2166  3454 D VRR-[OPlusRefreshRateSelector]: OSyncModes remaining size is 0.
07-28 17:14:23.953  2166  3454 D VRR-[OPlusRefreshRateSelector]: SetHWCOSync with 5CC08081
07-28 17:14:23.953  1923 12924 I SDM     : DisplayBuiltIn::SetQSyncMode: VRR + update qsync mode 0 minfps 00C08081
07-28 17:14:23.962  1923  2230 E SDM     : DRMConnector::Perform: Connector 67: Setting Qsync min fps 12615809
07-28 17:14:24.033  1923  2230 I SDM     : DisplayBase::CommitThread: Received idle timeout, panel: cmd, timeout: 69999 us
07-28 17:14:24.033  2020  2124 D BatteryChargeControl: bcc get no support from charging protocol
07-28 17:14:24.147  2005  2005 D SensorFeature: name=ssc_screenshot_info ,index = 22
07-28 17:14:24.147  2005  2005 D SensorFeature: write 29 bytes:59942328517,60897714402,168,0
07-28 17:14:24.160  3154  5034 I OplusHansManager : uid=10157, pkg=com.baidu.input_oppo cannot transition from R to M, importance=input
07-28 17:14:24.165  2020  7448 D charge_time: write 14043s(03:54:03) to ttf, rc=7
