07-28 22:53:22.576  4992  5844 V SystemSensorManagerExtImpl: RegisterListener elevator_detect  Wakeup type:33171036 delay:200000us by com.oplus.nas.comm.event.ElevatorEvent$a@a048c73 from com.oplus.nas
07-28 22:53:22.576  4913  4913 W Settings: Setting airplane_mode_on has moved from android.provider.Settings.System to android.provider.Settings.Global, returning read-only value.
07-28 22:53:22.576  4828  4828 I SystemUi--Statusbar: OplusMobileIconViewModel-->isVisible subId:1 isAirplaneMode:false isAllowedDuringAirplaneMode:false isForceHidden:false isSatelliteForbid:false
07-28 22:53:22.576  4828  4828 I SystemUi--Statusbar: OplusStatusBarMobileViewBinder-->isVisible:true
07-28 22:53:22.576  4828  4828 I SystemUi--Statusbar: OplusStatusBarMobileViewBinder-->isVisible:true
07-28 22:53:22.576  4828  4828 I SystemUi--Statusbar: OplusStatusBarMobileViewBinder-->isVisible:true
07-28 22:53:22.576  4828  4828 I SystemUi--Statusbar: OplusStatusBarMobileViewBinder-->isVisible:true
07-28 22:53:22.576  4828  4828 I SystemUi--Statusbar: OplusStatusBarMobileViewBinder-->isVisible:true
07-28 22:53:22.576  5011  5011 W Settings: Setting airplane_mode_on has moved from android.provider.Settings.System to android.provider.Settings.Global, returning read-only value.
07-28 22:53:22.576  5181  5181 D SubsysBroadcastManager: onReceive action:android.intent.action.AIRPLANE_MODE
07-28 22:53:22.577  3344  4594 D OplusWifiSwitchStateMonitor: notify scan state: true
07-28 22:53:22.577  3344  4793 D SensorService: createSensorEventConnection packageName = com.oplus.nas.comm.event.ElevatorEvent, opPackageName = com.oplus.nas, mCurrentOperatingMode = 0, requestedMode = 0
07-28 22:53:22.577  4992  7090 I PCDR-common_no_service[0]: forbidden
07-28 22:53:22.577  4992  7090 I PCDR-common_no_45g[0]: forbidden
07-28 22:53:22.577  4992  7090 I PCDR-common_no_service[1]: forbidden
07-28 22:53:22.577  4992  7090 I PCDR-common_no_45g[1]: forbidden
07-28 22:53:22.577  7177  8189 I SettingImpl: isAirplaneModeToggleChecked switchValue: -1, airplane mode isChecked is false
07-28 22:53:22.577  3344  4593 D OplusWifiPower_ConnLpmEventObsever: AIRPLANE_MODE_ON:false
07-28 22:53:22.577  4913  4913 D PhoneGlobals: ACTION_AIRPLANE_MODE_CHANGED received
07-28 22:53:22.577  4913  4913 D PhoneGlobals: Receive ACTION_AIRPLANE_MODE_CHANGED, state: false
07-28 22:53:22.577  4913  4913 I PhoneGlobals: handleAirplaneModeChange: isAirplaneNewlyOn=false
07-28 22:53:22.577  4913  4913 D PhoneGlobals: handleAirplaneModeChange: isAirplaneNewlyOn = false, cellState = 2
07-28 22:53:22.578  4913  4913 I PhoneGlobals: Turning radio on - airplane
07-28 22:53:22.578  5049  8348 I txpwradmin:SettingsObserver: onChange for uri = content://settings/global/airplane_mode_on
07-28 22:53:22.578  4828  5742 I SystemUi--QuickSettings: Tile.OplusAirplaneModeTile-->handleUpdateState state.state: 2 value: 0
07-28 22:53:22.578  4828  5742 V OplusCustomizeCacheManager: queryCache name: sys.cache.common_customize_cache18026 param: null
07-28 22:53:22.578  3344  4471 D WifiController: Airplane mode disabled, determine next state
07-28 22:53:22.578  3344  4471 D WifiActiveModeWarden: Starting primary ClientModeManager in scan only mode
07-28 22:53:22.578  5049  8348 D txpwrJni: sendRadioStatus start
07-28 22:53:22.579  5181  5181 D NetworkService[0]: onAirPlaneModeChange isAirPlaneModeOn:false
07-28 22:53:22.579  5085  5085 I QImsService: OplusWifiApmStateMgr : ACTION_AIRPLANE_MODE_CHANGED,mIsAirplaneModeOn: false
07-28 22:53:22.579  5085  5085 I QImsService: OplusImsServiceSubImpl : onTurnOffImsAfterWifiChanged : false
07-28 22:53:22.579  5085  5085 I QImsService: OplusImsServiceSubImpl : onTurnOffImsAfterWifiChanged : false
07-28 22:53:22.579  3344  4471 D WifiController: DisabledState.exit()
07-28 22:53:22.579  4992  5838 D NAS-CallIssueDetector: notifyApmChanged
07-28 22:53:22.579  5181  5181 D NetworkService[1]: onAirPlaneModeChange isAirPlaneModeOn:false
07-28 22:53:22.579  5181  5181 D QuickChangeAirplaneModeEvent: airplane mode off
07-28 22:53:22.579  5181  5181 W Settings: Setting airplane_mode_on has moved from android.provider.Settings.System to android.provider.Settings.Global, returning read-only value.
07-28 22:53:22.579  4992  5838 D NAS-CallIssueDetector: EVENT_SIM_STATE_CHANGE mSimState[0] LOADED
07-28 22:53:22.579  4992  5838 D SceneEvent: registerSensorMgr start
07-28 22:53:22.580  3344  4471 D WifiController: EnabledState.enter()
07-28 22:53:22.580  4828  4828 D RowAnimatorExtImpl: init:tx,view:StatusBarIconView(slot='volume' alpha=1.0 icon=StatusBarIcon(icon=Icon(typ=RESOURCE pkg=com.android.systemui id=0x7f0818f0) visible user=0 ) visibleState=ICON iconColor=#ccffffff staticDrawableColor=#ccffffff decorColor=#ffffffff animationStartColor=#0 currentSetColor=#ccffffff notification=null),translationX:  9.0  0.0  
07-28 22:53:22.580  4828  4828 D RowAnimatorExtImpl: init:tx,view:StatusBarIconView(slot='zen' alpha=1.0 icon=StatusBarIcon(icon=Icon(typ=RESOURCE pkg=com.android.systemui id=0x7f0818e1) visible user=0 ) visibleState=ICON iconColor=#ccffffff staticDrawableColor=#ccffffff decorColor=#ffffffff animationStartColor=#0 currentSetColor=#ccffffff notification=null),translationX:  57.0  48.0  
07-28 22:53:22.580  3344  4471 D WifiClientModeManager[59361:unknown]: entering IdleState
07-28 22:53:22.580  4828  5742 V OplusCustomizeCacheManager: queryCache name: sys.cache.common_customize_cache11009 param: null
07-28 22:53:22.580  4828  4828 D RowAnimatorExtImpl: init:tx,view:StatusBarIconView(slot='volume' alpha=1.0 icon=StatusBarIcon(icon=Icon(typ=RESOURCE pkg=com.android.systemui id=0x7f0818f0) visible user=0 ) visibleState=ICON iconColor=#ccffffff staticDrawableColor=#ccffffff decorColor=#ffffffff animationStartColor=#0 currentSetColor=#ccffffff notification=null),translationX:  9.0  0.0  
07-28 22:53:22.580  4828  4828 D RowAnimatorExtImpl: init:tx,view:StatusBarIconView(slot='zen' alpha=1.0 icon=StatusBarIcon(icon=Icon(typ=RESOURCE pkg=com.android.systemui id=0x7f0818e1) visible user=0 ) visibleState=ICON iconColor=#ccffffff staticDrawableColor=#ccffffff decorColor=#ffffffff animationStartColor=#0 currentSetColor=#ccffffff notification=null),translationX:  57.0  48.0  
07-28 22:53:22.580  3344  4420 D BluetoothSystemServer: AirplaneModeListener: Ignore mode change to same state. previousMode=false, isOn=false, isOnOverrode=false, isMediaConnected=false
07-28 22:53:22.580  4828  4828 D RowAnimatorExtImpl: init:tx,view:StatusBarIconView(slot='volume' alpha=1.0 icon=StatusBarIcon(icon=Icon(typ=RESOURCE pkg=com.android.systemui id=0x7f0818f0) visible user=0 ) visibleState=ICON iconColor=#ccffffff staticDrawableColor=#ccffffff decorColor=#ffffffff animationStartColor=#0 currentSetColor=#ccffffff notification=null),translationX:  9.0  0.0  
07-28 22:53:22.580  4828  4828 D RowAnimatorExtImpl: init:tx,view:StatusBarIconView(slot='zen' alpha=1.0 icon=StatusBarIcon(icon=Icon(typ=RESOURCE pkg=com.android.systemui id=0x7f0818e1) visible user=0 ) visibleState=ICON iconColor=#ccffffff staticDrawableColor=#ccffffff decorColor=#ffffffff animationStartColor=#0 currentSetColor=#ccffffff notification=null),translationX:  57.0  48.0  
07-28 22:53:22.581  3344  4793 W SensorService: SensorEventConnection sensor handle=1362, package = com.oplus.nas.comm.event.ElevatorEvent enable
07-28 22:53:22.581  3344  4793 E SensorService: Required app com.oplus.nas.comm.event.ElevatorEvent, uid 1000, pid 4992
07-28 22:53:22.581  5011  5011 I HidlServiceManagement: Trying to get transport of vendor.oplus.hardware.appradio@1.0::IOplusAppRadio/oplus_app_slot1 without hwservicemanager
07-28 22:53:22.581  3344  4793 D SensorService: Calling batch handle==1362 flags=0rate=200000000 timeout== 0
07-28 22:53:22.581  3344  4793 D SensorService: SensorDevice::batch: ident=0xb4000078235b3180, handle=0x00000552, flags=0, period_ns=200000000 timeout=0
07-28 22:53:22.581  3344  4793 D SensorService: 	>>> actuating h/w BATCH 0x00000552 200000000 0
07-28 22:53:22.581  1845  1845 I sensors-hal: batch:153, qti.sensor.elevator_detect/1362, period=200000000, max_latency=0
07-28 22:53:22.581  1845  1845 I sensors-hal: batch:175, qti.sensor.elevator_detect/1362, period=200000000, max_latency=0 request completed
07-28 22:53:22.581  3344  4793 D SensorService: Calling activate on 1362
07-28 22:53:22.581  5011  5011 E NhsAppRIL/0: in getOplusRadioProxy getService: Exception: java.util.NoSuchElementException
07-28 22:53:22.581  3344  4793 D SensorService: SensorDevice::activate: ident=0xb4000078235b3180, handle=0x00000552, enabled=1, count=1
07-28 22:53:22.581  3344  4793 D SensorService: enable index=0
07-28 22:53:22.581  3344  4793 D SensorService: info.numActiveClients() = 1, info.isActive = 0
07-28 22:53:22.581  3344  4793 D SensorService: activateHardware = 1
07-28 22:53:22.581  3344  4793 D SensorService: 	>>> actuating h/w activate handle=1362 enabled=1
07-28 22:53:22.582  1845  1845 I sensors-hal: activate:112, qti.sensor.elevator_detect/1362 en=1
07-28 22:53:22.582  1845  1845 I sensors-hal: acquire_qsh_interface:131, acquire_qsh_interface with sensor_id 28 , conn_type 2 
07-28 22:53:22.582  4992  5834 D ResidenceLocSm: onPreHandleMessage 49
07-28 22:53:22.582  4828  5742 I SystemUi--QuickSettings: Tile.OplusAirplaneModeTile-->handleUpdateState state.state: 1 value: 0
07-28 22:53:22.582  4992  5834 D ResidenceLocSm: onPostHandleMessage 49
07-28 22:53:22.582  4828  5742 V OplusCustomizeCacheManager: queryCache name: sys.cache.common_customize_cache18026 param: null
07-28 22:53:22.584  5181  5181 D RadioMessenger: handleMessage Request msgid 2215
07-28 22:53:22.584  5011  5011 D NhsElevatorReceiver: enableElevatorDetect mIsElevSensorReg = false
07-28 22:53:22.584  5011  5011 V SystemSensorManagerExtImpl: RegisterListener elevator_detect  Wakeup type:33171036 delay:200000us by t0.g$b@8428e3d from com.oplus.nhs
07-28 22:53:22.584  3344  5205 D SensorService: createSensorEventConnection packageName = t0.g, opPackageName = com.oplus.nhs, mCurrentOperatingMode = 0, requestedMode = 0
07-28 22:53:22.584  1862  1862 W android.hardware.wifi-service: No active wlan interfaces in use! Using default
07-28 22:53:22.585  5181  5181 D RadioProxyJ: [PHONE0][101]> getNecData moduleId:1 evtId:[0, 16, 0, 0, 0, 0, 0, 0, 0, 0, 0, 0, 0, 0, 0, 0, 0, 0, 0, 0, 0, 0, 0, 0, 0, 0, 0, 0, 0, 0, 0, 0]
07-28 22:53:22.586  3344  4471 D OplusWifiConcurrentManager: isConcurrentCombinationAllowed : createMode= 0, requestType =-1
07-28 22:53:22.586  3389  3419 D QmiVsClient: getNecData - enter
07-28 22:53:22.587  3344  4471 I HalDevMgr: currentModeId=3, requestModeId=3, currentModeIdValid=true
07-28 22:53:22.587  1862  1916 D WifiHAL : wifi_set_interface_mode: ifname=wlan0 iface_type=0
07-28 22:53:22.587  1862  1916 I android.hardware.wifi-service: Adding interface handle for p2p0
07-28 22:53:22.587  1862  1916 I android.hardware.wifi-service: Adding interface handle for wifi-aware0
07-28 22:53:22.587  1862  1916 I android.hardware.wifi-service: Adding interface handle for wlan0
07-28 22:53:22.587  1823  1870 E minksocket: MinkIPC ERROR: ( 1823:1870 ) MinkIPC_preProcess:272 Client down, but cannot find corresponding minksession
07-28 22:53:22.587  1823  1870 E minksocket: MinkIPC ERROR: ( 1823:1870 ) MinkIPC_preProcess:272 Client down, but cannot find corresponding minksession
07-28 22:53:22.587  4828  5112 I SystemUi--QuickSettings: Tile.OplusCellularTile-->updateCarrierText: dialog not showing, ignore
07-28 22:53:22.588  4828  5112 D SimStateHelper: slot:0, lock state:Bundle[mParcelledData.dataSize=56]
07-28 22:53:22.588  3344  4471 D HalDevMgr: updateRttController: no one is interested in RTT controllers
07-28 22:53:22.588  4828  5112 D SimStateHelper: slot:1, lock state:Bundle[mParcelledData.dataSize=56]
07-28 22:53:22.588  4828  5112 D SimStateHelper: needDisableMenu: slot1State=-1; slot2State=-1
07-28 22:53:22.588  4828  5112 D SimStateHelper: needDisableMenu:false
07-28 22:53:22.588  3344  4471 E HalDevMgr: removeP2pAndSapCombination do nothing: mIsAddedP2pAndSapCombination = false
07-28 22:53:22.588  1862  1915 W android.hardware.wifi-service: AIBinder_linkToDeath is being called with a non-null cookie and no onUnlink callback set. This might not be intended. AIBinder_DeathRecipient_setOnUnlinked should be called first.
07-28 22:53:22.588  1862  1915 I android.hardware.wifi-service: twtRegisterEvents is not supported-3
07-28 22:53:22.589  3389  3419 E QmiVsClient: sendAsyncRequest QMI_VS_GET_NEC_DATA_REQ_MSG_V01 ret 0
07-28 22:53:22.589  1823  1870 E minksocket: MinkIPC ERROR: ( 1823:1870 ) MinkIPC_preProcess:272 Client down, but cannot find corresponding minksession
07-28 22:53:22.589  1862  1915 W android.hardware.wifi-service: AIBinder_linkToDeath is being called with a non-null cookie and no onUnlink callback set. This might not be intended. AIBinder_DeathRecipient_setOnUnlinked should be called first.
07-28 22:53:22.589  1823  1877 E minksocket: MinkIPC ERROR: ( 1823:1877 ) MinkIPC_preProcess:272 Client down, but cannot find corresponding minksession
07-28 22:53:22.589  1823  1877 E minksocket: MinkIPC ERROR: ( 1823:1877 ) MinkIPC_preProcess:272 Client down, but cannot find corresponding minksession
07-28 22:53:22.589  1823  1877 E minksocket: MinkIPC ERROR: ( 1823:1877 ) MinkIPC_preProcess:272 Client down, but cannot find corresponding minksession
07-28 22:53:22.589  1845  1845 I sensors-hal: qsh_qmi:34, qsh_qmi
07-28 22:53:22.589  1845  1845 I sensors-hal: send_sync_sensor_request:443, send sync request
07-28 22:53:22.590  1845  1845 I sensors-hal: send_sync_sensor_request:472, wait for notification of response
07-28 22:53:22.590  1862  1915 D WifiHAL : wifi_get_chip_capabilities: max mlo assoc link cnt: 2 str link cnt 2
07-28 22:53:22.590  3389  3914 D QmiVsClient: getNecData callback - enter
07-28 22:53:22.590  1823  1877 E minksocket: MinkIPC ERROR: ( 1823:1877 ) MinkIPC_preProcess:272 Client down, but cannot find corresponding minksession
07-28 22:53:22.590  3389  3419 D VsProxy : handleMessage msg is 4001
07-28 22:53:22.590  3389  3419 D RadioProxy: getNecData : response cb for instance 0
07-28 22:53:22.590  1823  1870 E minksocket: MinkIPC ERROR: ( 1823:1870 ) MinkIPC_preProcess:272 Client down, but cannot find corresponding minksession
07-28 22:53:22.590  3344  4471 D WifiNl80211Manager: Setting up interface for client mode: wlan0
07-28 22:53:22.590  5181  6345 D RadioProxyJ: [PHONE0][101]< getNecDataResponse ******
07-28 22:53:22.590  2765  2765 I wificond: Current driver country code US
07-28 22:53:22.591  5181  5181 D MessengerResponseHandler: handleMessage Response msgid 206
07-28 22:53:22.591  3344  5241 W BestClock: java.time.DateTimeException: Missing network time fix
07-28 22:53:22.591  2765  2765 I wificond: createClientInterface: wiphy_index 0 iface_name wlan0
07-28 22:53:22.591  3344  4422 D WifiNl80211Manager: OnRegDomainChanged US
07-28 22:53:22.591  3344  4422 D WifiNative: onCountryCodeChanged: US
07-28 22:53:22.591  3344  4422 I WifiCountryCode: Receive onDriverCountryCodeChanged US
07-28 22:53:22.591  1845 13119 I sensors-hal: qsh_conn_resp_cb:793, resp_value = 0 for elevator_detect 
07-28 22:53:22.591  1845  1845 I sensors-hal: send_sync_sensor_request:478, takes 1 ms to receive the response with 0
07-28 22:53:22.591  1845  1845 I sensors-hal: activate:131, qti.sensor.elevator_detect/1362 en=1 completed
07-28 22:53:22.591  1725  1774 E TetherController: property_get sys.radio.data.modem_share_flag return 0, 1!
07-28 22:53:22.591  2765  2765 I wificond: create scanner for interface with index: 27
07-28 22:53:22.591  3344  4422 D WifiScanRequestProxy: Sending scan available broadcast: true
07-28 22:53:22.591  2765  2765 I wificond: subscribe scan result for interface with index: 27
07-28 22:53:22.591  3344  4483 I WifiScanningService: Received a request to enable scanning, UID = 1000
07-28 22:53:22.591  3344  4793 D SensorService: 0xb4000078235b3180 addFd fd=848
07-28 22:53:22.591  4992  5844 D ElevatorEvent: elevator:registerForElevatorDetect  , true mIsElevSensorReg = true
07-28 22:53:22.591  4992  5844 D SceneEvent: registerSensorMgr start
07-28 22:53:22.591  4992  5844 D SceneEvent: registerSensorMgr already start,return
07-28 22:53:22.592  3344  4422 I WifiScanRequestProxy: Scanning is enabled
07-28 22:53:22.592  3344  4422 I WifiScanRequestProxy: Scanning for hidden networks is disabled
07-28 22:53:22.592  2765  2765 I wificond: add channel type 0 support at wiphy index: 0
07-28 22:53:22.592  2765  2765 I wificond: add channel type 1 support at wiphy index: 0
07-28 22:53:22.592  3344  4793 W SensorService: SensorEventConnection sensor handle=1362, package = t0.g enable
07-28 22:53:22.592  3344  4793 E SensorService: Required app t0.g, uid 1001, pid 5011
07-28 22:53:22.592  3344  4793 D SensorService: Calling batch handle==1362 flags=0rate=200000000 timeout== 0
07-28 22:53:22.592  3344  4793 D SensorService: SensorDevice::batch: ident=0xb400007838443240, handle=0x00000552, flags=0, period_ns=200000000 timeout=0
07-28 22:53:22.592  3344  3344 D OplusWifiBroadCastDispatcher: mBroadcastReceiver: onReceiver  action=android.net.wifi.action.WIFI_SCAN_AVAILABILITY_CHANGED
07-28 22:53:22.592  3344  4793 D SensorService: Calling activate on 1362
07-28 22:53:22.592  3344  4793 D SensorService: SensorDevice::activate: ident=0xb400007838443240, handle=0x00000552, enabled=1, count=2
07-28 22:53:22.592  7027  7027 I OsAgent : onReceive: android.net.wifi.action.WIFI_SCAN_AVAILABILITY_CHANGED
07-28 22:53:22.592  3344  4793 D SensorService: enable index=1
07-28 22:53:22.592  3344  4793 D SensorService: info.numActiveClients() = 2, info.isActive = 1
07-28 22:53:22.592  3344  4793 D SensorService: activateHardware = 0
07-28 22:53:22.592  3344  4793 D SensorService: 0xb400007838443240 addFd fd=910
07-28 22:53:22.592  5011  5011 D NhsElevatorReceiver: elevator:registerForElevatorDetect  , true mIsElevSensorReg = true
07-28 22:53:22.592  5011  5011 D NhsSceneReceiver: registerSensorMgr start
07-28 22:53:22.593  3344  4471 I WifiNative: Interface state changed on Iface:{Name=wlan0,Id=1,Type=STA_SCAN}, isUp=true
07-28 22:53:22.593  5011  5011 V SystemSensorManagerExtImpl: RegisterListener oplus_activity_recognition  Wakeup type:33171037 delay:200000us by t0.k$a@bdb5632 from com.oplus.nhs
07-28 22:53:22.593  1862  1915 I WifiHAL : mpdu_size_threshold : 128, aggressive_statistics_gathering : 0
07-28 22:53:22.593  3344  4793 D SensorService: createSensorEventConnection packageName = t0.k, opPackageName = com.oplus.nhs, mCurrentOperatingMode = 0, requestedMode = 0
07-28 22:53:22.593  3344  4422 W SensorService: SensorEventConnection sensor handle=1372, package = t0.k enable
07-28 22:53:22.593  3344  4422 E SensorService: Required app t0.k, uid 1001, pid 5011
07-28 22:53:22.593  3344  4422 D SensorService: enable sensor send lastEvent 1372
07-28 22:53:22.593  3344  4471 I WifiNative: Successfully setup Iface:{Name=wlan0,Id=1,Type=STA_SCAN}
07-28 22:53:22.593  3344  4471 E SupplicantStaIfaceHalAidlImpl: Can't call getKeyMgmtCapabilities, ISupplicantStaIface is null for iface=wlan0
07-28 22:53:22.593  3344  4595 D OplusWifiPower_ConnLpmEventObsever: onReceive EXTRA_SCAN_AVAILABLE availabe = true
07-28 22:53:22.593  3344  4595 D OplusWifiPowerService: onReceive action:android.net.wifi.action.WIFI_SCAN_AVAILABILITY_CHANGED
07-28 22:53:22.593  3344  4595 D OplusWifiSwitchStateMonitor: scan settings change to true
07-28 22:53:22.593  7027  8180 I OsAgent : updateWiFiScanAvailState, scanAvailable: true
07-28 22:53:22.594  7027  8180 D OsAgentAidlClient: [bool_dataitem_update][1570] [HC] =>> [HS]
07-28 22:53:22.594  3344  4422 D SensorService: Calling batch handle==1372 flags=0rate=200000000 timeout== 0
07-28 22:53:22.594  3344  4422 D SensorService: SensorDevice::batch: ident=0xb4000078235d3bc0, handle=0x0000055c, flags=0, period_ns=200000000 timeout=0
07-28 22:53:22.594  3344  4422 D SensorService: Calling activate on 1372
07-28 22:53:22.594  3344  4422 D SensorService: SensorDevice::activate: ident=0xb4000078235d3bc0, handle=0x0000055c, enabled=1, count=4
07-28 22:53:22.594  3344  4422 D SensorService: enable index=0
07-28 22:53:22.594  3344  4422 D SensorService: info.numActiveClients() = 4, info.isActive = 1
07-28 22:53:22.594  3344  4422 D SensorService: activateHardware = 0
07-28 22:53:22.594  3344  4422 D SensorService: 0xb4000078235d3bc0 addFd fd=926
07-28 22:53:22.594  5011  5011 D NhsSceneReceiver: sensor name is oplus_activity_recognition  Wakeup, registerState:true
07-28 22:53:22.594  5011  5011 D NhsSceneReceiver: onAccuracyChanged
07-28 22:53:22.594  5011  5011 E NhsAppRILMsger: EVENT_REQ_EVENT_DONE Error received :com.android.internal.telephony.CommandException: RADIO_NOT_AVAILABLE
07-28 22:53:22.594  3344  5241 W BestClock: java.time.DateTimeException: Missing network time fix
07-28 22:53:22.595  5011  5535 D NhsSceneReceiver: onSensorChanged: name = oplus_activity_recognition  Wakeup
07-28 22:53:22.595  5011  5535 D NhsSceneReceiver: enter still_state
07-28 22:53:22.595  1835  1900 I LocSvc_SystemStatusOsObserver: sendCachedDataItems:471] DataItem: IS_WIFI_HARDWARE_ON: true >> Wiper
07-28 22:53:22.595  1862  1916 I WifiHAL : wifi_get_supported_radio_combinations_matrix: enter
07-28 22:53:22.595  1835  1923 I LocSvc_api_v02: ---> locClientSendReq line 2409 QMI_LOC_NOTIFY_WIFI_ENABLED_STATUS_REQ_V02
07-28 22:53:22.596  1862  1916 I WifiHAL : wifi_parse_radio_combinations_matrix: radio_combinations[1]: num_radio_configurations 1
07-28 22:53:22.596  1862  1916 I WifiHAL : wifi_parse_radio_combinations_matrix: radio_combinations[2]: num_radio_configurations 1
07-28 22:53:22.596  1862  1916 I WifiHAL : wifi_parse_radio_combinations_matrix: radio_combinations[3]: num_radio_configurations 1
07-28 22:53:22.596  1862  1916 I WifiHAL : wifi_parse_radio_combinations_matrix: radio_combinations[4]: num_radio_configurations 2
07-28 22:53:22.596  1862  1916 I WifiHAL : wifi_parse_radio_combinations_matrix: radio_combinations[5]: num_radio_configurations 2
07-28 22:53:22.596  1862  1916 I WifiHAL : wifi_parse_radio_combinations_matrix: radio_combinations[6]: num_radio_configurations 2
07-28 22:53:22.596  1862  1916 I WifiHAL : wifi_parse_radio_combinations_matrix: num_radio_combinations 6, radio_matrix_size 100
07-28 22:53:22.596  3344  4471 E SupplicantStaIfaceHalAidlImpl: Can't call getWpaDriverCapabilities, ISupplicantStaIface is null for iface=wlan0
07-28 22:53:22.596  3344  4471 E WifiStaIfaceAidlImpl: getTwtCapabilities failed with service-specific exception: android.os.ServiceSpecificException:  (code 4)
07-28 22:53:22.596  3344  4422 W BestClock: java.time.DateTimeException: Missing network time fix
07-28 22:53:22.597  3344  4471 E WifiChipAidlImpl: enableStaChannelForPeerNetwork failed with service-specific exception: android.os.ServiceSpecificException:  (code 4)
07-28 22:53:22.597  3344  4471 D WifiNative: setWifiNativeInterfaceEventCallback
07-28 22:53:22.596  1835  3980 I LocSvc_ApiV02: <--- globalRespCb line 282 QMI_LOC_NOTIFY_WIFI_ENABLED_STATUS_REQ_V02
07-28 22:53:22.597  3344  4471 D WifiClientModeManager[59361:wlan0]: entering StartedState
07-28 22:53:22.597  1862  1916 E WifiHAL : wifi_get_gscan_capabilities: GSCAN is not supported by driver
07-28 22:53:22.597  3344  4471 D WifiClientModeManager[59361:wlan0]: entering ScanOnlyModeState
07-28 22:53:22.597  3344  4471 D WifiScanRequestProxy: Sending scan available broadcast: true
07-28 22:53:22.597  3344  4483 E WifiStaIfaceAidlImpl: getBackgroundScanCapabilities failed with service-specific exception: android.os.ServiceSpecificException:  (code 4)
07-28 22:53:22.597  1845  6566 I sensors-hal: qsh_conn_event_cb:756, event[0] msg_id=1025, ts=1222157129, sensor_type = oplus_activity_recognition  Wakeup
07-28 22:53:22.597  1845  6566 E sensors-hal: handle_sns_std_sensor_event:72, oplus_activity_recognition output: count: 1.000000, index: 1.000000, incar_state: 0.000000, actvity_mode: 3.000000, delta_time: 0.000000 !
07-28 22:53:22.597  3344  4471 I WifiScanRequestProxy: Scanning is enabled
07-28 22:53:22.597  3344  4471 I WifiScanRequestProxy: Scanning for hidden networks is disabled
07-28 22:53:22.598  3344  3344 D OplusWifiBroadCastDispatcher: mBroadcastReceiver: onReceiver  action=android.net.wifi.action.WIFI_SCAN_AVAILABILITY_CHANGED
07-28 22:53:22.598  1862  1916 D WifiHAL : wifi_multi_sta_set_use_case: 0
07-28 22:53:22.598  4992  5473 D SceneEvent: onSensorChanged: name = oplus_activity_recognition  Wakeup
07-28 22:53:22.598  7027  7027 I OsAgent : onReceive: android.net.wifi.action.WIFI_SCAN_AVAILABILITY_CHANGED
07-28 22:53:22.598  5011  5535 D NhsSceneReceiver: onSensorChanged: name = oplus_activity_recognition  Wakeup
07-28 22:53:22.598  3344  4471 D WifiCountryCode: evaluateAllCmmStateAndApplyIfAllReady: {ConcreteClientModeManager{id=59361 iface=wlan0 role=ROLE_CLIENT_SCAN_ONLY}=true}
07-28 22:53:22.598  3344  4471 D WifiCountryCode: Reading country code from telephony
07-28 22:53:22.598  3344  4595 D OplusWifiPower_ConnLpmEventObsever: onReceive EXTRA_SCAN_AVAILABLE availabe = true
07-28 22:53:22.598  3344  4595 D OplusWifiPowerService: onReceive action:android.net.wifi.action.WIFI_SCAN_AVAILABILITY_CHANGED
07-28 22:53:22.598  3344  4595 D OplusWifiSwitchStateMonitor: scan settings change to true
07-28 22:53:22.598  7027  8180 I OsAgent : updateWiFiScanAvailState, scanAvailable: true
07-28 22:53:22.599  3344  4471 D WifiCountryCode: Set telephony country code to: 
07-28 22:53:22.599  3344  4471 D WifiCountryCode: updateCountryCode to US
07-28 22:53:22.599  3344  4471 D WifiCountryCode: setCountryCodeNative: US, isClientModeOnly: true mDriverCountryCode: US
07-28 22:53:22.599  4992  5837 W BestClock: java.time.DateTimeException: Missing network time fix
07-28 22:53:22.600  3344  4483 I WifiScanningService: Created a new impl for wlan0
07-28 22:53:22.600  4992  5837 V MonthTrafficAlert: getWarningNotification subId:1 numWarningNotificaion:0
07-28 22:53:22.600  3344  4483 I WifiScanningService: Received a request to enable scanning, UID = 1000
07-28 22:53:22.600  3344  4483 I WifiScanningService: scanner impls already exists
07-28 22:53:22.600  3344  4483 I WifiScanningService: wifi driver loaded with scan capabilities: max buckets=16
07-28 22:53:22.600  3344  4483 E WifiScanningService: wifi driver loaded received while already loaded
07-28 22:53:22.601  3344  4422 W BestClock: java.time.DateTimeException: Missing network time fix
07-28 22:53:22.602  4828  5742 V OplusCustomizeCacheManager: queryCache name: sys.cache.common_customize_cache18014 param: null
07-28 22:53:22.603  4828  5742 V OplusCustomizeCacheManager: queryCache name: sys.cache.common_customize_cache18017 param: Bundle[{SETTING=BLOCK, BUSINESS=NCT-DATA}]
07-28 22:53:22.603  4828  5742 V OplusCustomizeCacheManager: queryCache name: sys.cache.common_customize_cache18013 param: null
07-28 22:53:22.605  5125  6216 D IWlanJni: getDataRegistrationState start
07-28 22:53:22.606  5125  6225 D IWlanJni: new aidl event arrived
07-28 22:53:22.606  5125  6225 D IWlanJni: handleEvent 10
07-28 22:53:22.606  5125  6225 D IWlanJni: isThreadAttached start
07-28 22:53:22.606  5125  6225 D IWlanJni: jni detached
07-28 22:53:22.606  5125  6225 D IWlanJni: jni attached
07-28 22:53:22.606  5125  6225 D IWlanJni: getDataRegistrationStateResponse start
07-28 22:53:22.606  5125  6225 D IWlanJni: getJavaCallbackClass start
07-28 22:53:22.606  5125  6225 D IWlanJni: getJavaCallbackClass End midIs[1]
07-28 22:53:22.606  5125  6225 I IWlanAidlClient: getDataRegistrationStateResponse called
07-28 22:53:22.606  4913  4913 D OplusTelephonyController: onSignalStrengthChanged: SignalStrength=SignalStrength:{mCdma=CellSignalStrengthCdma: cdmaDbm=2147483647 cdmaEcio=2147483647 evdoDbm=2147483647 evdoEcio=2147483647 evdoSnr=2147483647 level=0,mGsm=CellSignalStrengthGsm: rssi=2147483647 ber=2147483647 mTa=2147483647 mLevel=0,mWcdma=CellSignalStrengthWcdma: ss=2147483647 ber=2147483647 rscp=2147483647 ecno=2147483647 level=0,mTdscdma=CellSignalStrengthTdscdma: rssi=2147483647 ber=2147483647 rscp=2147483647 level=0,mLte=CellSignalStrengthLte: rssi=2147483647 rsrp=2147483647 rsrq=2147483647 rssnr=2147483647 cqiTableIndex=2147483647 cqi=2147483647 ta=2147483647 level=0 parametersUseForLevel=0,mNr=CellSignalStrengthNr:{ csiRsrp = 2147483647 csiRsrq = 2147483647 csiCqiTableIndex = 2147483647 csiCqiReport = [] ssRsrp = 2147483647 ssRsrq = 2147483647 ssSinr = 2147483647 level = 0 parametersUseForLevel = 0 timingAdvance = 2147483647 },primary=CellSignalStrengthLte}
07-28 22:53:22.606  5125  6224 W IWlanNetworkService: 6 > Response Processed
07-28 22:53:22.607  5125  6216 D IWlanJni: getDataRegistrationState start
07-28 22:53:22.607  5181  5181 D SubsysEventListenerManager-SubsysTelephonyCallback[0]: onSignalStrengthsChanged
07-28 22:53:22.607  5125  6228 D IWlanJni: new aidl event arrived
07-28 22:53:22.607  5125  6228 D IWlanJni: handleEvent 10
07-28 22:53:22.607  5125  6228 D IWlanJni: isThreadAttached start
07-28 22:53:22.607  5125  6228 D IWlanJni: jni detached
07-28 22:53:22.607  5125  6228 D IWlanJni: jni attached
07-28 22:53:22.607  5125  6228 D IWlanJni: getDataRegistrationStateResponse start
07-28 22:53:22.607  5125  6228 D IWlanJni: getJavaCallbackClass start
07-28 22:53:22.607  5125  6228 D IWlanJni: getJavaCallbackClass End midIs[1]
07-28 22:53:22.607  5125  6228 I IWlanAidlClient: getDataRegistrationStateResponse called
07-28 22:53:22.607  5125  6227 W IWlanNetworkService: 7 > Response Processed
07-28 22:53:22.608  3344  4422 I OplusBinderProxy: pb uid: 10215 pid: 10722 desc: com.android.internal.telephony.IPhoneStateListener/10
07-28 22:53:22.608  4992  6384 D SaDataService: onTelephonyEventReport , subId= 0,slotId=-1 eventId=6030
07-28 22:53:22.608  4992  6384 D TelephonyImpl: notify eventId:6030 for list size:2
07-28 22:53:22.608  5181  6345 D VendorTelephonyService: onTelephonyEventReport slotId =0 eventId=6030
07-28 22:53:22.609  3344  4421 W BestClock: java.time.DateTimeException: Missing network time fix
07-28 22:53:22.609  5181  6345 D VendorTelephonyService: onTelephonyEventReport slotId =0 eventId=6030
07-28 22:53:22.609  5181  5181 D VendorCallService: notityEventUpdate, eventId:6030, slotId = 0
07-28 22:53:22.609  1835  3780 E LOCRIL_SESSION: operator():200] SubId: 1 Failed to get sim IO with error: 11
07-28 22:53:22.610  5125  6216 D IWlanJni: getDataRegistrationState start
07-28 22:53:22.611  5125  6225 D IWlanJni: new aidl event arrived
07-28 22:53:22.611  1835  3780 E LOCRIL_SESSION: operator():241] SubId: 1 Failed to get sim IMSI with error: 11
07-28 22:53:22.611  5125  6225 D IWlanJni: handleEvent 10
07-28 22:53:22.611  5125  6225 D IWlanJni: isThreadAttached start
07-28 22:53:22.611  5125  6225 D IWlanJni: jni detached
07-28 22:53:22.611  5125  6225 D IWlanJni: jni attached
07-28 22:53:22.611  5125  6225 D IWlanJni: getDataRegistrationStateResponse start
07-28 22:53:22.611  1835  3780 E LOCRIL_SESSION: operator():200] SubId: 1 Failed to get sim IO with error: 11
07-28 22:53:22.611  3344  5241 W BestClock: java.time.DateTimeException: Missing network time fix
07-28 22:53:22.611  1835  3780 E LOCRIL_SESSION: operator():241] SubId: 1 Failed to get sim IMSI with error: 11
07-28 22:53:22.612  4992  6384 D SaDataService: onTelephonyEventReport , subId= 0,slotId=-1 eventId=6030
07-28 22:53:22.612  4992  6384 D TelephonyImpl: notify eventId:6030 for list size:2
07-28 22:53:22.612  4828  5742 V OplusCustomizeCacheManager: queryCache name: sys.cache.common_customize_cache18014 param: null
07-28 22:53:22.612  4828  5742 V OplusCustomizeCacheManager: queryCache name: sys.cache.common_customize_cache18017 param: Bundle[{SETTING=BLOCK, BUSINESS=NCT-DATA}]
07-28 22:53:22.612  4828  5742 V OplusCustomizeCacheManager: queryCache name: sys.cache.common_customize_cache18013 param: null
07-28 22:53:22.613  1835  3775 W LOCRIL_SESSION: operator():307] cellInfo list size is 0, Voice state: 3, data state: 3
07-28 22:53:22.614  5125  6216 D IWlanJni: getDataRegistrationState start
07-28 22:53:22.614  5125  6225 D IWlanJni: getJavaCallbackClass start
07-28 22:53:22.614  5125  6225 D IWlanJni: getJavaCallbackClass End midIs[1]
07-28 22:53:22.614  5125  6225 I IWlanAidlClient: getDataRegistrationStateResponse called
07-28 22:53:22.614  5181  6345 D VendorTelephonyService: onTelephonyEventReport slotId =0 eventId=6030
07-28 22:53:22.614  5125  6224 W IWlanNetworkService: 8 > Response Processed
07-28 22:53:22.614  2765  2765 I wificond: Regulatory domain changed to country: US on wiphy_index: 0
07-28 22:53:22.614  2765  2765 I wificond: UpdateBandInfo
07-28 22:53:22.614  3344  5241 D WifiNl80211Manager: OnRegDomainChanged US
07-28 22:53:22.614  5125  6228 D IWlanJni: new aidl event arrived
07-28 22:53:22.614  5125  6228 D IWlanJni: handleEvent 10
07-28 22:53:22.614  5125  6228 D IWlanJni: isThreadAttached start
07-28 22:53:22.614  5125  6228 D IWlanJni: jni detached
07-28 22:53:22.614  3344  5241 D WifiNative: onCountryCodeChanged: US
07-28 22:53:22.614  3344  5241 I WifiCountryCode: Receive onDriverCountryCodeChanged US
07-28 22:53:22.614  5125  6228 D IWlanJni: jni attached
07-28 22:53:22.614  5125  6228 D IWlanJni: getDataRegistrationStateResponse start
07-28 22:53:22.614  5125  6228 D IWlanJni: getJavaCallbackClass start
07-28 22:53:22.614  3344  5241 D WifiScanRequestProxy: Sending scan available broadcast: true
07-28 22:53:22.614  3344  4483 I WifiScanningService: Received a request to enable scanning, UID = 1000
07-28 22:53:22.614  3344  4483 I WifiScanningService: scanner impls already exists
07-28 22:53:22.614  5125  6228 D IWlanJni: getJavaCallbackClass End midIs[1]
07-28 22:53:22.614  3344  4483 E WifiScanningService: wifi driver loaded received while already loaded
07-28 22:53:22.614  5125  6228 I IWlanAidlClient: getDataRegistrationStateResponse called
07-28 22:53:22.614  3344  5241 I WifiScanRequestProxy: Scanning is enabled
07-28 22:53:22.615  3344  5241 I WifiScanRequestProxy: Scanning for hidden networks is disabled
07-28 22:53:22.615  5181  6345 D VendorTelephonyService: onTelephonyEventReport slotId =0 eventId=6030
07-28 22:53:22.615  5181  5181 D VendorCallService: notityEventUpdate, eventId:6030, slotId = 0
07-28 22:53:22.615  6364  6364 I wpa_supplicant: p2p0: CTRL-EVENT-REGDOM-CHANGE init=DRIVER type=COUNTRY alpha2=US
07-28 22:53:22.615  4964  5002 D QtiOemHookAidl: oemHookRawIndication length=24
07-28 22:53:22.615  3344  3344 D OplusWifiBroadCastDispatcher: mBroadcastReceiver: onReceiver  action=android.net.wifi.action.WIFI_SCAN_AVAILABILITY_CHANGED
07-28 22:53:22.615  4964  4964 D QcrilMsgTunnelIfaceManager: handleMessage what = 0
07-28 22:53:22.615  2765  2765 I wificond: 2.4Ghz frequencies: 2412 2417 2422 2427 2432 2437 2442 2447 2452 2457 2462
07-28 22:53:22.615  2765  2765 I wificond: 5Ghz non-DFS frequencies: 5180 5200 5220 5240 5745 5765 5785 5805 5825
07-28 22:53:22.615  2765  2765 I wificond: 5Ghz DFS frequencies: 5260 5280 5300 5320 5500 5520 5540 5560 5580 5600 5620 5640 5660 5680 5700
07-28 22:53:22.615  2765  2765 I wificond: 6Ghz frequencies:
07-28 22:53:22.615  2765  2765 I wificond: 60Ghz frequencies:
07-28 22:53:22.615  5125  6227 W IWlanNetworkService: 9 > Response Processed
07-28 22:53:22.616  7027  7027 I OsAgent : onReceive: android.net.wifi.action.WIFI_SCAN_AVAILABILITY_CHANGED
07-28 22:53:22.616  4913  4913 D QC_RIL_OEM_HOOK: Received Broadcast Intent ACTION_UNSOL_RESPONSE_OEM_HOOK_RAW
07-28 22:53:22.616  7027  8180 I OsAgent : updateWiFiScanAvailState, scanAvailable: true
07-28 22:53:22.617  4964  5002 D QtiOemHookAidl: oemHookRawIndication length=24
07-28 22:53:22.617  4964  4964 D QC_RIL_OEM_HOOK: Received Broadcast Intent ACTION_UNSOL_RESPONSE_OEM_HOOK_RAW
07-28 22:53:22.617  4964  4964 D QcrilMsgTunnelIfaceManager: handleMessage what = 0
07-28 22:53:22.617  5085  6244 I QImsService: ImsRadioIndicationAidl : onRadioStateChanged()[SUB1]
07-28 22:53:22.617  5085  6244 I QImsService: ImsSenderRxr : [UNSL]< UNSOL_RADIO_STATE_CHANGED RADIO_ON[SUB1]
07-28 22:53:22.617  3344  4595 D OplusWifiPower_ConnLpmEventObsever: onReceive EXTRA_SCAN_AVAILABLE availabe = true
07-28 22:53:22.618  3344  4595 D OplusWifiPowerService: onReceive action:android.net.wifi.action.WIFI_SCAN_AVAILABILITY_CHANGED
07-28 22:53:22.618  3344  4595 D OplusWifiSwitchStateMonitor: scan settings change to true
07-28 22:53:22.618  4964  4964 D QC_RIL_OEM_HOOK: Received Broadcast Intent ACTION_UNSOL_RESPONSE_OEM_HOOK_RAW
07-28 22:53:22.621  5085  6244 I QImsService: ImsRadioIndicationAidl : onRadioStateChanged()[SUB0]
07-28 22:53:22.621  1835  3780 E LOCRIL_SESSION: operator():200] SubId: 1 Failed to get sim IO with error: 11
07-28 22:53:22.621  5085  6244 I QImsService: ImsSenderRxr : [UNSL]< UNSOL_RADIO_STATE_CHANGED RADIO_ON[SUB0]
07-28 22:53:22.621  3344  5241 W BestClock: java.time.DateTimeException: Missing network time fix
07-28 22:53:22.622  3344  4422 W BestClock: java.time.DateTimeException: Missing network time fix
07-28 22:53:22.623  1835  3780 E LOCRIL_SESSION: operator():241] SubId: 1 Failed to get sim IMSI with error: 11
07-28 22:53:22.623  4828  5742 V OplusCustomizeCacheManager: queryCache name: sys.cache.common_customize_cache18014 param: null
07-28 22:53:22.623  4828  5742 V OplusCustomizeCacheManager: queryCache name: sys.cache.common_customize_cache18017 param: Bundle[{SETTING=BLOCK, BUSINESS=NCT-DATA}]
07-28 22:53:22.623  4828  5742 V OplusCustomizeCacheManager: queryCache name: sys.cache.common_customize_cache18013 param: null
07-28 22:53:22.623  4992  6384 D SaDataService: onTelephonyEventReport , subId= 0,slotId=-1 eventId=6030
07-28 22:53:22.623  1835  3775 W LOCRIL_SESSION: operator():307] cellInfo list size is 0, Voice state: 3, data state: 3
07-28 22:53:22.623  4992  6384 D TelephonyImpl: notify eventId:6030 for list size:2
07-28 22:53:22.623  5181  6345 D VendorTelephonyService: onTelephonyEventReport slotId =0 eventId=6030
07-28 22:53:22.623  5181  6345 D VendorTelephonyService: onTelephonyEventReport slotId =0 eventId=6030
07-28 22:53:22.623  2007  2007 E PowerMonitorService: Failed to open /proc/horae_qmi (2): No such file or directory
07-28 22:53:22.623  5181  5181 D VendorCallService: notityEventUpdate, eventId:6030, slotId = 0
07-28 22:53:22.624  4828  5012 I SystemUi--Statusbar: NetworkController.WifiSignalController-->wifi Broadcast action = android.telephony.action.SERVICE_PROVIDERS_UPDATED state=1 enabled=false connected=false isDefaultNetwork=false rssi=0 level=0 statusLabel = null isDirty = false
07-28 22:53:22.625  4828  5112 I SystemUi--QuickSettings: Tile.OplusCellularTile-->updateCarrierText: dialog not showing, ignore
07-28 22:53:22.625  4828  5112 D SimStateHelper: slot:0, lock state:Bundle[mParcelledData.dataSize=56]
07-28 22:53:22.625  4828  5112 D SimStateHelper: slot:1, lock state:Bundle[mParcelledData.dataSize=56]
07-28 22:53:22.625  4828  5112 D SimStateHelper: needDisableMenu: slot1State=-1; slot2State=-1
07-28 22:53:22.625  4828  5112 D SimStateHelper: needDisableMenu:false
07-28 22:53:22.625  4913  4932 W System  : A resource failed to call AbstractCursor.close. 
07-28 22:53:22.625  3344  4421 W BestClock: java.time.DateTimeException: Missing network time fix
07-28 22:53:22.625  4913  4932 W System  : A resource failed to call AbstractCursor.close. 
07-28 22:53:22.625  4913  4932 W System  : A resource failed to call AbstractCursor.close. 
07-28 22:53:22.626  3344  4421 W ContextImpl: Calling a method in the system process without a qualified user: android.app.ContextImpl.sendBroadcastMultiplePermissions:1311 android.content.Context.sendBroadcastMultiplePermissions:2524 com.android.server.TelephonyRegistry.broadcastServiceStateChanged:3740 com.android.server.TelephonyRegistry.notifyServiceStateForPhoneId:1787 com.android.internal.telephony.ITelephonyRegistry$Stub.onTransact:546 
07-28 22:53:22.626  3344  4793 W BestClock: java.time.DateTimeException: Missing network time fix
07-28 22:53:22.626  3344  4421 W ContextImpl: Calling a method in the system process without a qualified user: android.app.ContextImpl.sendBroadcastMultiplePermissions:1344 com.android.server.TelephonyRegistry.broadcastServiceStateChanged:3745 com.android.server.TelephonyRegistry.notifyServiceStateForPhoneId:1787 com.android.internal.telephony.ITelephonyRegistry$Stub.onTransact:546 android.os.Binder.execTransactInternal:1523 
07-28 22:53:22.627  4828  5742 V OplusCustomizeCacheManager: queryCache name: sys.cache.common_customize_cache18014 param: null
07-28 22:53:22.627  4828  5742 V OplusCustomizeCacheManager: queryCache name: sys.cache.common_customize_cache18017 param: Bundle[{SETTING=BLOCK, BUSINESS=NCT-DATA}]
07-28 22:53:22.627  4828  5742 V OplusCustomizeCacheManager: queryCache name: sys.cache.common_customize_cache18013 param: null
07-28 22:53:22.627  4913  4913 D QC_RIL_OEM_HOOK: Received Broadcast Intent ACTION_UNSOL_RESPONSE_OEM_HOOK_RAW
07-28 22:53:22.627  4913  4913 D QC_RIL_OEM_HOOK: Received Broadcast Intent ACTION_UNSOL_RESPONSE_OEM_HOOK_RAW
07-28 22:53:22.627  4913  4913 D QC_RIL_OEM_HOOK: Received Broadcast Intent ACTION_UNSOL_RESPONSE_OEM_HOOK_RAW
07-28 22:53:22.627  4913  4913 D QC_RIL_OEM_HOOK: Received Broadcast Intent ACTION_UNSOL_RESPONSE_OEM_HOOK_RAW
07-28 22:53:22.627  4913  4913 D QC_RIL_OEM_HOOK: Received Broadcast Intent ACTION_UNSOL_RESPONSE_OEM_HOOK_RAW
07-28 22:53:22.627  4828  4828 I KeyguardUpdateMonitor: action=android.intent.action.SERVICE_STATE subId=-1 slotId=1
07-28 22:53:22.627  4828  4828 W KeyguardUpdateMonitorLog: invalid subId in handleServiceStateChange()
07-28 22:53:22.627  4828  5112 I SystemUi--QuickSettings: Tile.OplusCellularTile-->updateCarrierText: dialog not showing, ignore
07-28 22:53:22.627  3344  4421 W ContextImpl: Calling a method in the system process without a qualified user: android.app.ContextImpl.sendBroadcastMultiplePermissions:1344 com.android.server.TelephonyRegistry.broadcastServiceStateChanged:3754 com.android.server.TelephonyRegistry.notifyServiceStateForPhoneId:1787 com.android.internal.telephony.ITelephonyRegistry$Stub.onTransact:546 android.os.Binder.execTransactInternal:1523 
07-28 22:53:22.628  4964  4964 D DeviceInfoAidlClient: onRadioPowerStateChanged
07-28 22:53:22.628  4964  4964 D DeviceInfoAidlClient: mRadioStateHdlr handleMessage()1
07-28 22:53:22.628  4964  4964 D DeviceInfoAidlClient: isRadioOn()=true
07-28 22:53:22.628  4964  4964 I DeviceInfoAidlClient: sendFeaturesSupported: power info support-true interactive state support-true
07-28 22:53:22.628  4828  5112 D SimStateHelper: slot:0, lock state:Bundle[mParcelledData.dataSize=56]
07-28 22:53:22.628  3344  4421 W ContextImpl: Calling a method in the system process without a qualified user: android.app.ContextImpl.sendBroadcastMultiplePermissions:1344 com.android.server.TelephonyRegistry.broadcastServiceStateChanged:3760 com.android.server.TelephonyRegistry.notifyServiceStateForPhoneId:1787 com.android.internal.telephony.ITelephonyRegistry$Stub.onTransact:546 android.os.Binder.execTransactInternal:1523 
07-28 22:53:22.628  4828  5112 D SimStateHelper: slot:1, lock state:Bundle[mParcelledData.dataSize=56]
07-28 22:53:22.628  4828  5112 D SimStateHelper: needDisableMenu: slot1State=-1; slot2State=-1
07-28 22:53:22.628  4828  5112 D SimStateHelper: needDisableMenu:false
07-28 22:53:22.628  5181  5181 D SubsysEventListenerManager-SubsysTelephonyCallback[0]: onRadioPowerStateChanged state:1
07-28 22:53:22.629  5962  5962 D CellBroadcastReceiver: onReceive Intent { act=android.intent.action.SERVICE_STATE flg=0x1000010 cmp=com.android.cellbroadcastreceiver.module/com.android.cellbroadcastreceiver.CellBroadcastReceiver (has extras) }
07-28 22:53:22.629  5962  5962 D CellBroadcastReceiver: onServiceStateChanged, ss: 1
07-28 22:53:22.630  4964  4964 D DeviceStatisticsService: onReceive: action= org.codeaurora.intent.action.RADIO_POWER_STATE
07-28 22:53:22.630  4964  4964 I DeviceStatisticsService: Receiving radio_power_state_changed, mIsDeviceInfoInitialized = true
07-28 22:53:22.630  4964  4964 I DeviceStatisticsService: radio power state changed to 1 for slot: 0
07-28 22:53:22.630  4964  4964 D DeviceInfoAidlClient: isRadioOn()=true
07-28 22:53:22.630  4964  4964 I DeviceInfoAidlClient: sendFeaturesSupported: power info support-true interactive state support-true
07-28 22:53:22.630  4964  5002 I DeviceInfoAidlClient: onPowerInfoReportingChanged - reporting enabled true [15, 20, 30, 50, 80]
07-28 22:53:22.630  4964  5002 D DeviceInfoAidlClient: isRadioOn()=true
07-28 22:53:22.630  4964  5002 I DeviceInfoAidlClient: isPowerInfoNeverSent=true batteryLevel=43 batteryLevelIndex=3 chargingMode=2 totalCapacity=5023200 powerSaveMode=false
07-28 22:53:22.631  4964  5002 I DeviceInfoAidlClient: onDeviceInfoReportingChanged - reporting enabled true
07-28 22:53:22.631  4964  5002 D DeviceInfoAidlClient: getDeviceInfoSupportStatus()=1
07-28 22:53:22.631  4964  5002 D DeviceInfoAidlClient: isRadioOn()=true
07-28 22:53:22.631  4964  5002 I DeviceInfoAidlClient: deviceState=2
07-28 22:53:22.631  5962  5962 D CellBroadcastReceiver: networkOperator: 
07-28 22:53:22.631  4964  5052 I DeviceInfoAidlClient: onPowerInfoReportingChanged - reporting enabled true [15, 20, 30, 50, 80]
07-28 22:53:22.631  4964  5052 D DeviceInfoAidlClient: isRadioOn()=true
07-28 22:53:22.631  4964  5052 I DeviceInfoAidlClient: isPowerInfoNeverSent=false batteryLevel=43 batteryLevelIndex=3 chargingMode=2 totalCapacity=5023200 powerSaveMode=false
07-28 22:53:22.632  5125  6216 D IWlanJni: getDataRegistrationState start
07-28 22:53:22.632  4964  5052 I DeviceInfoAidlClient: onDeviceInfoReportingChanged - reporting enabled true
07-28 22:53:22.632  5125  6225 D IWlanJni: new aidl event arrived
07-28 22:53:22.632  5125  6225 D IWlanJni: handleEvent 10
07-28 22:53:22.632  5125  6225 D IWlanJni: isThreadAttached start
07-28 22:53:22.632  5125  6225 D IWlanJni: jni detached
07-28 22:53:22.632  4964  5052 D DeviceInfoAidlClient: getDeviceInfoSupportStatus()=1
07-28 22:53:22.632  5125  6225 D IWlanJni: jni attached
07-28 22:53:22.632  5125  6225 D IWlanJni: getDataRegistrationStateResponse start
07-28 22:53:22.632  5125  6225 D IWlanJni: getJavaCallbackClass start
07-28 22:53:22.632  5125  6225 D IWlanJni: getJavaCallbackClass End midIs[1]
07-28 22:53:22.632  5125  6225 I IWlanAidlClient: getDataRegistrationStateResponse called
07-28 22:53:22.632  4964  5052 D DeviceInfoAidlClient: isRadioOn()=true
07-28 22:53:22.632  4964  5052 I DeviceInfoAidlClient: deviceState=2
07-28 22:53:22.632  5125  6224 W IWlanNetworkService: 10 > Response Processed
07-28 22:53:22.632  5962  5962 D CellBroadcastReceiver: mockmodem is running? = false
07-28 22:53:22.632  5962  5962 D CellBroadcastReceiver: Start Cell Broadcast configuration for intent=ACTION_ENABLE_CHANNELS
07-28 22:53:22.634  5962 13134 D CellBroadcastConfigService: Enable CellBroadcast on sub 1
07-28 22:53:22.636  4913  5990 D CellBroadcastConfigTracker-0: Failed to set cdma config
07-28 22:53:22.636  5962  6026 E CellBroadcastConfigService: fails to setCellBroadcastRanges, result = 2
07-28 22:53:22.636  4913  4913 V OplusCustomizeCacheManager: queryCache name: sys.cache.common_customize_cache18016 param: null
07-28 22:53:22.637  4913  4913 V OplusCustomizeCacheManager: queryCache name: sys.cache.common_customize_cache18013 param: null
07-28 22:53:22.637  4913  4913 V OplusCustomizeCacheManager: queryCache name: sys.cache.common_customize_cache18014 param: null
07-28 22:53:22.637  4913  4913 V OplusCustomizeCacheManager: queryCache name: sys.cache.common_customize_cache18017 param: Bundle[{SETTING=BLOCK, BUSINESS=NCT-DATA}]
07-28 22:53:22.637  4913  4913 V OplusCustomizeCacheManager: queryCache name: sys.cache.common_customize_cache18016 param: null
07-28 22:53:22.637  4913  4913 V OplusCustomizeCacheManager: queryCache name: sys.cache.common_customize_cache18013 param: null
07-28 22:53:22.637  4913  4913 V OplusCustomizeCacheManager: queryCache name: sys.cache.common_customize_cache18014 param: null
07-28 22:53:22.637  4913  4913 V OplusCustomizeCacheManager: queryCache name: sys.cache.common_customize_cache18017 param: Bundle[{SETTING=BLOCK, BUSINESS=NCT-DATA}]
07-28 22:53:22.638  4964  4964 D QcrilMsgTunnelIfaceManager: handleMessage what = 1
07-28 22:53:22.638  4964  4964 I QcrilOemhookMsgTunnel: [0]invokeOemRilRequestRaw: serial=1007 length=16
07-28 22:53:22.638  4964  5002 I QtiOemHookAidl: oemHookRawResponse: serial no: 1007 error: 0length=1
07-28 22:53:22.639  4964  4964 D QcrilMsgTunnelIfaceManager: handleMessage what = 2
07-28 22:53:22.639  4913  5633 D QC_RIL_OEM_HOOK: sendOemRilRequestRaw returns value = 1
07-28 22:53:22.639  5125  6216 D IWlanJni: getDataRegistrationState start
07-28 22:53:22.639  5125  6228 D IWlanJni: new aidl event arrived
07-28 22:53:22.639  5125  6228 D IWlanJni: handleEvent 10
07-28 22:53:22.639  5125  6228 D IWlanJni: isThreadAttached start
07-28 22:53:22.639  5125  6228 D IWlanJni: jni detached
07-28 22:53:22.639  5125  6228 D IWlanJni: jni attached
07-28 22:53:22.639  5125  6228 D IWlanJni: getDataRegistrationStateResponse start
07-28 22:53:22.639  5125  6228 D IWlanJni: getJavaCallbackClass start
07-28 22:53:22.639  5125  6228 D IWlanJni: getJavaCallbackClass End midIs[1]
07-28 22:53:22.639  5125  6228 I IWlanAidlClient: getDataRegistrationStateResponse called
07-28 22:53:22.640  5125  6227 W IWlanNetworkService: 11 > Response Processed
07-28 22:53:22.640  4964  4964 D DeviceStatisticsService: onReceive: action= org.codeaurora.intent.action.RADIO_POWER_STATE
07-28 22:53:22.640  4964  4964 I DeviceStatisticsService: Receiving radio_power_state_changed, mIsDeviceInfoInitialized = true
07-28 22:53:22.640  4964  4964 I DeviceStatisticsService: radio power state changed to 1 for slot: 1
07-28 22:53:22.641  5125  6216 D IWlanJni: getDataRegistrationState start
07-28 22:53:22.641  5125  6228 D IWlanJni: new aidl event arrived
07-28 22:53:22.641  5125  6228 D IWlanJni: handleEvent 10
