device
--------- beginning of main
07-28 20:20:50.431  2006  2006 D SensorFeature: name=ssc_screenshot_info ,index = 22
07-28 20:20:50.431  2006  2006 D SensorFeature: write 29 bytes:46754933678,48920597115,129,0
07-28 20:20:50.434  3513  5072 I OplusHansManager : pkg: com.google.android.gsf has gms-backup-service
07-28 20:20:50.434  3513  5072 I OplusHansManager : uid=10259, pkg=com.google.android.gsf cannot transition from R to M, importance=gms-backup-service
07-28 20:20:50.434  3513  5072 I OplusHansManager : pkg: com.android.vending has gms-backup-service
07-28 20:20:50.434  3513  5072 I OplusHansManager : uid=10263, pkg=com.android.vending cannot transition from R to M, importance=gms-backup-service
07-28 20:20:50.594  1886  4487 I sensors-hal: handle_oplus_wise_rgb_event:189, high_pwm_light:lux 265.1,cct 3605.3,brl/algo/ir 1443.0/2.0/16.8,pwm/dc 0.0/0.0,rgbc 20587.074219/12770.835938/5888.889160/37908.039062,ts 48897235567,cnt 660,flag 65665
07-28 20:20:50.595  1924  4477 I Dpps    : LtmSwState::SetParameter():144 ignore cmd 7 in state LtmOffState
07-28 20:20:50.650  7139 11947 W hsbr    : [{0}] Failed to resolve name. status={1}
07-28 20:20:50.733  2006  2006 D SensorFeature: name=ssc_screenshot_info ,index = 22
07-28 20:20:50.733  2006  2006 D SensorFeature: write 29 bytes:46754933678,49222833000,130,0
--------- beginning of system
07-28 20:20:50.747  3513  4406 D ActivityManager: Freezer deadlock watchdog
07-28 20:20:50.846  7131  8900 I SG::SettingManager: metisDomainObserver: data change. selfChange=false [base|com.oplus.pantanal.ums|1.5.5-f48228a]
07-28 20:20:50.847  3513  3807 D VRR [OPlusGameStatusManager]: handleMessage: 7004
07-28 20:20:50.847  3513  3807 D VRR [OPlusGameStatusManager]: handleBrightnessDone
07-28 20:20:50.851  9167  9360 I ContextAware_DomainProvider: ums getSubDomainInfo intentMap:{travel_preparation=travel, internal_aod_prompt=app_prompt, file_manager=system_tools, creation_activity=system_tools, internal_xiaobu=system_settings, takeout=life_service, terminals_cloud=system_tools, tips=system_settings, internal_assistant_screen=ASSISTANT_SCREEN, navigation=app_prompt, internal_intent_lib=system_tools, weather=system_tools, payment=financial_planning, internal_address_recognition=system_tools, communication=system_tools, train=travel, ridehailing=travel, repayment=financial_planning, course_reminder=workplace_learning, read=media_service, epidemic=travel, travel_service=life_service, movie_performance=life_service, living_expense_payment_reminder=life_service, application_suggestions=system_tools, open_wlan=system_settings, commute=life_service, clear_memory=system_settings, internal_upgrade=app_upgrade, close_torch=system_settings, flight=travel, movie_notice=life_service, event_services=media_service, game=system_tools, content_consult=media_service, sticky_note=system_tools, appointment_reminder=system_settings, departure_reminder=life_service, recording=system_tools, video=media_service, outdoor_activities=system_settings, festival_reminder=media_service, living_expenses=financial_planning, application_recommendat=system_tools, hotel=travel_epidemic, nearby_power_bank=life_service, audio=media_service, store_service=life_service, publictransit=travel, calendar=system_settings, delivery=life_service, internal_account_bind=account_bind, domestic_travel_service=life_service, xiaobu_assistant=system_tools, health=system_tools, app_usage=system_settings, meal=life_service, text_intent=system_tools, parking_service=travel, internal_demo_mode=sale_mode} [base|com.oplus.metis|1.5.5-f48228a]
07-28 20:20:50.855  9167  9360 I ContextAware_DomainProvider: ums getSubDomainInfo result:travel_preparation: true,internal_aod_prompt: false,file_manager: true,creation_activity: true,internal_xiaobu: false,takeout: true,terminals_cloud: true,tips: true,internal_assistant_screen: false,navigation: true,internal_intent_lib: false,weather: true,payment: true,internal_address_recognition: false,communication: true,train: true,ridehailing: true,repayment: true,course_reminder: true,read: true,epidemic: false,travel_service: true,movie_performance: true,living_expense_payment_reminder: true,application_suggestions: false,open_wlan: true,commute: true,clear_memory: true,internal_upgrade: false,close_torch: true,flight: true,movie_notice: true,event_services: true,game: true,content_consult: true,sticky_note: true,appointment_reminder: true,departure_reminder: true,recording: true,video: true,outdoor_activities: true,festival_reminder: false,living_expenses: false,application_recommendat: false,hotel: true,nearby_power_bank: true,audio: true,store_service: true,publictransit: true,calendar: true,delivery: true,internal_account_bind: false,domestic_travel_service: true,xiaobu_assistant: true,health: true,app_usage: true,meal: true,text_intent: true,parking_service: true,internal_demo_mode: false,
07-28 20:20:50.858  7131  8900 I SG::SettingManager: delete: []
07-28 20:20:50.858  7131  8900 I SG::SettingManager: query from metis: [CloudDataEntity(subDomain='travel_preparation', domain=travel), CloudDataEntity(subDomain='file_manager', domain=system_tools), CloudDataEntity(subDomain='creation_activity', domain=system_tools), CloudDataEntity(subDomain='takeout', domain=life_service), CloudDataEntity(subDomain='terminals_cloud', domain=system_tools), CloudDataEntity(subDomain='tips', domain=system_settings), CloudDataEntity(subDomain='navigation', domain=app_prompt), CloudDataEntity(subDomain='weather', domain=system_tools), CloudDataEntity(subDomain='payment', domain=financial_planning), CloudDataEntity(subDomain='communication', domain=system_tools), CloudDataEntity(subDomain='train', domain=travel), CloudDataEntity(subDomain='ridehailing', domain=travel), CloudDataEntity(subDomain='repayment', domain=financial_planning), CloudDataEntity(subDomain='course_reminder', domain=workplace_learning), CloudDataEntity(subDomain='read', domain=media_service), CloudDataEntity(subDomain='travel_service', domain=life_service), CloudDataEntity(subDomain='movie_performance', domain=life_service), CloudDataEntity(subDomain='living_expense_payment_reminder', domain=life_service), CloudDataEntity(subDomain='open_wlan', domain=system_settings), CloudDataEntity(subDomain='commute', domain=life_service), CloudDataEntity(subDomain='clear_memory', domain=system_settings), CloudDataEntity(subDomain='close_torch', domain=system_settings), CloudDataEntity(subDomain='flight', domain=travel), CloudDataEntity(subDomain='movie_notice', domain=life_service), CloudDataEntity(subDomain='event_services', domain=media_service), CloudDataEntity(subDomain='game', domain=system_tools), CloudDataEntity(subDomain='content_consult', domain=media_service), CloudDataEntity(subDomain='sticky_note', domain=system_tools), CloudDataEntity(subDomain='appointment_reminder', domain=system_settings), CloudDataEntity(subDomain='departure_reminder', domain=life_service), CloudDataEntity(subDomain='recording', domain=system_tools), CloudDataEntity(subDomain='video', domain=media_service), CloudDataEntity(subDomain='outdoor_activities', domain=system_settings), CloudDataEntity(subDomain='hotel', domain=travel_epidemic), CloudDataEntity(subDomain='nearby_power_bank', domain=life_service), CloudDataEntity(subDomain='audio', domain=media_service), CloudDataEntity(subDomain='store_service', domain=life_service), CloudDataEntity(subDomain='publictransit', domain=travel), CloudDataEntity(subDomain='calendar', domain=system_settings), CloudDataEntity(subDomain='delivery', domain=life_service), CloudDataEntity(subDomain='domestic_travel_service', domain=life_service), CloudDataEntity(subDomain='xiaobu_assistant', domain=system_tools), CloudDataEntity(subDomain='health', domain=system_tools), CloudDataEntity(subDomain='app_usage', domain=system_settings), CloudDataEntity(subDomain='meal', domain=life_service), CloudDataEntity(subDomain='text_intent', domain=system_tools), CloudDataEntity(subDomain='parking_service', domain=travel)]
07-28 20:20:50.860  1924  4477 I Dpps    : LtmSwState::SetParameter():144 ignore cmd 7 in state LtmOffState
07-28 20:20:50.859  7642  9206 E DeepThinker: GeneralConfigManager:handelGeneralRequest, fail: , java.net.UnknownHostException: Unable to resolve host "odin-distrib-cn.allawntech.com": No address associated with hostname
07-28 20:20:50.859  7642  9206 E DeepThinker: java.net.Inet6AddressImpl.lookupHostByName(Inet6AddressImpl.java:156)
07-28 20:20:50.859  7642  9206 E DeepThinker: java.net.Inet6AddressImpl.lookupAllHostAddr(Inet6AddressImpl.java:103)
07-28 20:20:50.859  7642  9206 E DeepThinker: java.net.InetAddress.getAllByName(InetAddress.java:1152)
07-28 20:20:50.859  7642  9206 E DeepThinker: okhttp3.p$a$a.a(Dns.kt:6)
07-28 20:20:50.859  7642  9206 E DeepThinker: okhttp3.internal.connection.h.e(RouteSelector.kt:157)
07-28 20:20:50.859  7642  9206 E DeepThinker: okhttp3.internal.connection.h.d(RouteSelector.kt:21)
07-28 20:20:50.859  7642  9206 E DeepThinker: okhttp3.internal.connection.h.c(RouteSelector.kt:18)
07-28 20:20:50.859  7642  9206 E DeepThinker: okhttp3.internal.connection.d.b(ExchangeFinder.kt:197)
07-28 20:20:50.859  7642  9206 E DeepThinker: okhttp3.internal.connection.d.c(ExchangeFinder.kt:1)
07-28 20:20:50.859  7642  9206 E DeepThinker: okhttp3.internal.connection.d.a(ExchangeFinder.kt:52)
07-28 20:20:50.859  7642  9206 E DeepThinker: okhttp3.internal.connection.e.v(RealCall.kt:32)
07-28 20:20:50.859  7642  9206 E DeepThinker: okhttp3.internal.connection.a.a(ConnectInterceptor.kt:12)
07-28 20:20:50.859  7642  9206 E DeepThinker: hh.g.b(RealInterceptorChain.kt:163)
07-28 20:20:50.859  7642  9206 E DeepThinker: fh.a.a(CacheInterceptor.kt:150)
07-28 20:20:50.859  7642  9206 E DeepThinker: hh.g.b(RealInterceptorChain.kt:163)
07-28 20:20:50.859  7642  9206 E DeepThinker: hh.a.a(BridgeInterceptor.kt:168)
07-28 20:20:50.859  7642  9206 E DeepThinker: hh.g.b(RealInterceptorChain.kt:163)
07-28 20:20:50.859  7642  9206 E DeepThinker: hh.j.a(RetryAndFollowUpInterceptor.kt:35)
07-28 20:20:50.859  7642  9206 E DeepThinker: hh.g.b(RealInterceptorChain.kt:163)
07-28 20:20:50.859  7642  9206 E DeepThinker: okhttp3.internal.connection.e.u(RealCall.kt:113)
07-28 20:20:50.859  7642  9206 E DeepThinker: okhttp3.internal.connection.e.execute(RealCall.kt:28)
07-28 20:20:50.859  7642  9206 E DeepThinker: db.a.b(GeneralConfigManager.kt:19)
07-28 20:20:50.859  7642  9206 E DeepThinker: db.a.d(GeneralConfigManager.kt:176)
07-28 20:20:50.859  7642  9206 E DeepThinker: db.a.a(GeneralConfigManager.kt:22)
07-28 20:20:50.859  7642  9206 E DeepThinker: com.oplus.deepthinker.pcshare.core.businesslabel.LabelManager.getTotalGeneralConfig(LabelManager.kt:6)
07-28 20:20:50.859  7642  9206 E DeepThinker: com.oplus.deepthinker.ability.ai.userprofile.deviceinstantlabel.DeviceInstantLabelEntry.d(DeviceInstantLabelEntry.kt:13)
07-28 20:20:50.859  7642  9206 E DeepThinker: com.oplus.deepthinker.ability.ai.userprofile.deviceinstantlabel.DeviceInstantLabelEntry.b(DeviceInstantLabelEntry.kt:1)
07-28 20:20:50.859  7642  9206 E DeepThinker: com.oplus.deepthinker.ability.ai.userprofile.deviceinstantlabel.DeviceInstantLabelEntry$b.b(DeviceInstantLabelEntry.kt:85)
07-28 20:20:50.859  7642  9206 E DeepThinker: com.oplus.deepthinker.ability.ai.userprofile.deviceinstantlabel.DeviceInstantLabelEntry$b.a(DeviceInstantLabelEntry.kt:3)
07-28 20:20:50.859  7642  9206 E DeepThinker: com.oplus.deepthinker.internal.api.utils.StaticHandler.onHandleMessage(StaticHandler.kt:15)
07-28 20:20:50.859  7642  9206 E DeepThinker: com.oplus.deepthinker.internal.api.work.NamedHandler.handleMessage(NamedHandler.kt:8)
07-28 20:20:50.859  7642  9206 E DeepThinker: android.os.Handler.dispatchMessage(Handler.java:112)
07-28 20:20:50.859  7642  9206 E DeepThinker: com.oplus.deepthinker.internal.api.work.NamedHandler.dispatchMessage(NamedHandler.kt:8)
07-28 20:20:50.859  7642  9206 E DeepThinker: android.os.Looper.loopOnce(Looper.java:288)
07-28 20:20:50.859  7642  9206 E DeepThinker: android.os.Looper.loop(Looper.java:393)
07-28 20:20:50.859  7642  9206 E DeepThinker: android.os.HandlerThread.run(HandlerThread.java:85)
07-28 20:20:50.860  7642  9206 E DeepThinker: GeneralConfigManager: updateAttributeGeneratorConfigMap, configFile don't exist
07-28 20:20:50.869  7131  9565 I SG::UpdateSubDomainUtil: updateWhenMetisChange forceUpdate: false
07-28 20:20:50.869  7131  9565 W SG::UpdateSubDomainUtil: allChangeDomains is empty!
07-28 20:20:50.977  3237  3237 E OplusTouchDaemon: ts_run_service: shellback temperature updated 37 (37581)
07-28 20:20:51.035  2006  2006 D SensorFeature: name=ssc_screenshot_info ,index = 22
07-28 20:20:51.036  2006  2006 D SensorFeature: write 29 bytes:46754933678,49524940709,131,0
07-28 20:20:51.091  2029  7419 D charge_time: type=sdp,reserve_soc=2,soc=50,ui_soc=52,current=-84,avg=110,not_chg_cnt=3,stable_cnt=7,fcc=5724,fcc_ratio=94,delta=0,debug=0,region=16,ttf=42865(11:54:25),ui_ttf=19572(05:26:12)
07-28 20:20:51.106  7437 12147 W hsbr    : [{0}] Failed to resolve name. status={1}
07-28 20:20:51.126  1886  4487 I sensors-hal: handle_oplus_wise_rgb_event:189, high_pwm_light:lux 264.0,cct 3603.2,brl/algo/ir 1443.0/2.0/17.9,pwm/dc 0.0/0.0,rgbc 20572.804688/12766.230469/5885.040039/37903.019531,ts 49502870619,cnt 670,flag 65667
07-28 20:20:51.127  1924  4477 I Dpps    : LtmSwState::SetParameter():144 ignore cmd 7 in state LtmOffState
07-28 20:20:51.163 10525 10825 D BootUtil: savedDiffTime: 1753748401509, currentDiffTime: 1753748401509, isReboot: false
07-28 20:20:51.289  2029  2063 D BatteryChargeControl: bcc get no support from charging protocol
07-28 20:20:51.339  2006  2006 D SensorFeature: name=ssc_screenshot_info ,index = 22
07-28 20:20:51.339  2006  2006 D SensorFeature: write 29 bytes:46754933678,49827929771,132,0
07-28 20:20:51.392  3513  3798 D OplusFeatureHDREnhanceBrightness: notifySfForceUpdate, mFlinger is null 
07-28 20:20:51.392  1924  4477 I Dpps    : LtmSwState::SetParameter():144 ignore cmd 7 in state LtmOffState
07-28 20:20:51.393  3513  3798 D OplusFeatureHDREnhanceBrightness: checkIsPlayingHDR isPlayingHDR=0 rotation=0 whiteApp=false battery=52
07-28 20:20:51.601  7437  9607 W AppLinksAsyncVerifierV2: Error performing check:  [CONTEXT service_id=244 ]
07-28 20:20:51.602  7437 11140 W AppLinksAsyncVerifierV2: Error performing check:  [CONTEXT service_id=244 ]
07-28 20:20:51.602  7437 11510 W AppLinksAsyncVerifierV2: Error performing check:  [CONTEXT service_id=244 ]
07-28 20:20:51.602  7437 10421 W AppLinksAsyncVerifierV2: Error performing check:  [CONTEXT service_id=244 ]
07-28 20:20:51.602  7437  7883 W AppLinksAsyncVerifierV2: Error performing check:  [CONTEXT service_id=244 ]
07-28 20:20:51.642  2006  2006 D SensorFeature: name=ssc_screenshot_info ,index = 22
07-28 20:20:51.642  2006  2006 D SensorFeature: write 29 bytes:46754933678,50131560500,133,0
07-28 20:20:51.659  1886  4487 I sensors-hal: handle_oplus_wise_rgb_event:189, high_pwm_light:lux 265.0,cct 3604.0,brl/algo/ir 1443.0/2.0/16.7,pwm/dc 0.0/0.0,rgbc 20582.318359/12761.625000/5888.889160/37948.175781,ts 50108550567,cnt 680,flag 65669
07-28 20:20:51.660  1924  4477 I Dpps    : LtmSwState::SetParameter():144 ignore cmd 7 in state LtmOffState
07-28 20:20:51.788  3513  5005 W Binder  : Outgoing transactions from this process must be FLAG_ONEWAY
07-28 20:20:51.788  3513  5005 W Binder  : java.lang.Throwable
07-28 20:20:51.788  3513  5005 W Binder  : 	at android.os.BinderProxy.transact(BinderProxy.java:633)
07-28 20:20:51.788  3513  5005 W Binder  : 	at android.content.ContentProviderProxy.insert(ContentProviderNative.java:587)
07-28 20:20:51.788  3513  5005 W Binder  : 	at android.content.ContentProviderClient.insert(ContentProviderClient.java:347)
07-28 20:20:51.788  3513  5005 W Binder  : 	at android.content.ContentProviderClient.insert(ContentProviderClient.java:336)
07-28 20:20:51.788  3513  5005 W Binder  : 	at com.oplus.util.OplusStatisticsImpl.insert(OplusStatisticsImpl.java:307)
07-28 20:20:51.788  3513  5005 W Binder  : 	at com.oplus.util.OplusStatisticsImpl.sendDataToDCS(OplusStatisticsImpl.java:287)
07-28 20:20:51.788  3513  5005 W Binder  : 	at com.oplus.util.OplusStatisticsImpl.flushInternal(OplusStatisticsImpl.java:264)
07-28 20:20:51.788  3513  5005 W Binder  : 	at com.oplus.util.OplusStatisticsImpl.lambda$setDelayFlushJobIfNeed$4(OplusStatisticsImpl.java:211)
07-28 20:20:51.788  3513  5005 W Binder  : 	at com.oplus.util.OplusStatisticsImpl.$r8$lambda$4UYTp2NCu6Rml69JNqEuK7o54SI(Unknown Source:0)
07-28 20:20:51.788  3513  5005 W Binder  : 	at com.oplus.util.OplusStatisticsImpl$$ExternalSyntheticLambda5.run(D8$$SyntheticClass:0)
07-28 20:20:51.788  3513  5005 W Binder  : 	at java.util.concurrent.Executors$RunnableAdapter.call(Executors.java:487)
07-28 20:20:51.788  3513  5005 W Binder  : 	at java.util.concurrent.FutureTask.run(FutureTask.java:290)
07-28 20:20:51.788  3513  5005 W Binder  : 	at java.util.concurrent.ScheduledThreadPoolExecutor$ScheduledFutureTask.run(ScheduledThreadPoolExecutor.java:307)
07-28 20:20:51.788  3513  5005 W Binder  : 	at java.util.concurrent.ThreadPoolExecutor.runWorker(ThreadPoolExecutor.java:1145)
07-28 20:20:51.788  3513  5005 W Binder  : 	at java.util.concurrent.ThreadPoolExecutor$Worker.run(ThreadPoolExecutor.java:644)
07-28 20:20:51.788  3513  5005 W Binder  : 	at java.lang.Thread.run(Thread.java:1012)
07-28 20:20:51.946  2006  2006 D SensorFeature: name=ssc_screenshot_info ,index = 22
07-28 20:20:51.946  2006  2006 D SensorFeature: write 29 bytes:46754933678,50435343625,134,0
07-28 20:20:51.951  1924  4477 I Dpps    : LtmSwState::SetParameter():144 ignore cmd 7 in state LtmOffState
07-28 20:20:52.092  2029  7419 D charge_time: write 19571s(05:26:11) to ttf, rc=7
07-28 20:20:52.092  2029  7419 D charge_time: type=sdp,reserve_soc=2,soc=50,ui_soc=52,current=-84,avg=110,not_chg_cnt=4,stable_cnt=7,fcc=5724,fcc_ratio=94,delta=0,debug=0,region=16,ttf=42865(11:54:25),ui_ttf=19571(05:26:11)
07-28 20:20:52.189  1886  4487 I sensors-hal: handle_oplus_wise_rgb_event:189, high_pwm_light:lux 265.0,cct 3602.8,brl/algo/ir 1443.0/2.0/16.7,pwm/dc 0.0/0.0,rgbc 20568.046875/12743.203125/5885.040039/37928.105469,ts 50450024057,cnt 690,flag 65670
07-28 20:20:52.190  1924  4477 I Dpps    : LtmSwState::SetParameter():144 ignore cmd 7 in state LtmOffState
07-28 20:20:52.199  3513  4428 V AlarmManager: sending alarm Alarm{3ec1e6d type 2 origWhen 50689 whenElapsed 50689 android} uid 1000 whenElapsed 50689 windowLength 0 maxWhenElapsed 50689 repeatInterval 0 action null component null tag $android.alarm.generated:1000:50689 flags 0x9 procName system_server
07-28 20:20:52.203  3513  3651 D LocationManagerService: network provider removed registration from 10154/com.coloros.assistantscreen/1D9985FE
07-28 20:20:52.239  5287  5287 D SubsysEventListenerManager-SubsysTelephonyCallback[0]: onCellInfoChanged
07-28 20:20:52.248  2006  2006 D SensorFeature: name=ssc_screenshot_info ,index = 22
07-28 20:20:52.248  2006  2006 D SensorFeature: write 29 bytes:46754933678,50738371594,135,0
07-28 20:20:52.293  2029  2063 D BatteryChargeControl: bcc get no support from charging protocol
07-28 20:20:52.456  1924  4477 I Dpps    : LtmSwState::SetParameter():144 ignore cmd 7 in state LtmOffState
07-28 20:20:52.458  3513  5072 I OplusHansManager : uid=10157, pkg=com.baidu.input_oppo cannot transition from R to M, importance=input
07-28 20:20:52.555  2006  2006 D SensorFeature: name=ssc_screenshot_info ,index = 22
07-28 20:20:52.555  2006  2006 D SensorFeature: write 29 bytes:46754933678,51043622635,136,0
07-28 20:20:52.715  5045  6383 I PCDR-common_no_service[0]: lift forbidden
07-28 20:20:52.715  5045  6383 I PCDR-common_no_45g[0]: lift forbidden
07-28 20:20:52.718  1886  4487 I sensors-hal: handle_oplus_wise_rgb_event:189, high_pwm_light:lux 264.7,cct 3603.7,brl/algo/ir 1443.0/2.0/17.1,pwm/dc 0.0/0.0,rgbc 20587.074219/12766.230469/5885.040039/37953.191406,ts 51022498952,cnt 700,flag 65672
07-28 20:20:52.718  1924  4477 I Dpps    : LtmSwState::SetParameter():144 ignore cmd 7 in state LtmOffState
07-28 20:20:52.721  6617  6634 W System  : A resource failed to call AbstractCursor.close. 
07-28 20:20:52.721  6617  6634 W System  : A resource failed to call AbstractCursor.close. 
07-28 20:20:52.721  6617  6634 W System  : A resource failed to call AbstractCursor.close. 
07-28 20:20:52.721  6617  6634 W System  : A resource failed to call AbstractCursor.close. 
07-28 20:20:52.781  5045  6025 W BluetoothAdapterExtImpl: getBluetoothConnectionCountï¼šmOplusBluetooth null!
07-28 20:20:52.784  5045  6025 D TelephonyImpl: isRequestingMms
07-28 20:20:52.784  5045  6025 D TelephonyImpl: getReleaseMmsNetworkTime
07-28 20:20:52.786  5045  6025 D OplusDdsSwitchStrategy: Md,OplusCheckFeature,RETURN_TO_CUR_ACTION_DDS
07-28 20:20:52.856  2006  2006 D SensorFeature: name=ssc_screenshot_info ,index = 22
07-28 20:20:52.856  2006  2006 D SensorFeature: write 29 bytes:46754933678,51346704406,137,0
07-28 20:20:52.985  3513  4398 D FusionLightNextGen: process end reported = 1, mode: 0, lux 496.1, cct -1.0, r/g/b/c: 20582.3/12743.2/5885.0/37913.1, R/G/B: 106.0/100.0/99.0, bri 1443.0, match 1.00, ir 0.017397, conf 0.0, ts 51329436452
07-28 20:20:52.986  1924  4477 I Dpps    : LtmSwState::SetParameter():144 ignore cmd 7 in state LtmOffState
07-28 20:20:53.095  2029  7419 D charge_time: type=sdp,reserve_soc=2,soc=50,ui_soc=52,current=-84,avg=110,not_chg_cnt=5,stable_cnt=7,fcc=5724,fcc_ratio=94,delta=0,debug=0,region=16,ttf=42865(11:54:25),ui_ttf=19570(05:26:10)
07-28 20:20:53.147  3513  4669 E OplusNetworkStackManager: initService mNetworkStackService is null, try again in 10s
07-28 20:20:53.159  2006  2006 D SensorFeature: name=ssc_screenshot_info ,index = 22
07-28 20:20:53.160  2006  2006 D SensorFeature: write 29 bytes:46754933678,51648568364,138,0
07-28 20:20:53.224  1838  1838 D healthd : system healthd: battery l=52 v=3893 t=33.9 h=2 st=2 c=-181 fc=5920000 cc=19 chg=u
07-28 20:20:53.252  1886  4487 I sensors-hal: handle_oplus_wise_rgb_event:189, high_pwm_light:lux 264.8,cct 3601.3,brl/algo/ir 1443.0/2.0/16.7,pwm/dc 0.0/0.0,rgbc 20582.318359/12775.441406/5877.342285/37933.121094,ts 51627985359,cnt 710,flag 65674
07-28 20:20:53.253  1924  4477 I Dpps    : LtmSwState::SetParameter():144 ignore cmd 7 in state LtmOffState
07-28 20:20:53.265  2029  2029 D vendor.oplus.hardware.charger-V7-service: get_ui_charge_icon_type 0 0 0 0 0
07-28 20:20:53.266  2029  2029 D vendor.oplus.hardware.charger-V7-service: oplus_chg_get_cpa_power 2500 charge_online 1 retention_topic 0
07-28 20:20:53.266  2029  2029 D vendor.oplus.hardware.charger-V7-service: oplus_chg_get_cpa_power 2500 charge_online 1 retention_topic 0
07-28 20:20:53.266  2029  2029 D vendor.oplus.hardware.charger-V7-service: getIsSingleHyperSupport=2, cpa_power=2
07-28 20:20:53.293  6451 12004 D ContactsProvider: performBackgroundTask: task id: 20
07-28 20:20:53.293  6451 12004 D ContactsProvider: performBackgroundTask: task id: 24
07-28 20:20:53.293  6451 12004 D ContactsProvider: performBackgroundTask: task id: 21
07-28 20:20:53.293  6451 12004 D ContactsProvider: performBackgroundTask GET_QUICKSEARCH_VALUE
07-28 20:20:53.293  6451 12004 D ContactsProvider: performBackgroundTask: task id: 27
07-28 20:20:53.294  2029  2063 D BatteryChargeControl: bcc get no support from charging protocol
07-28 20:20:53.295  6451 12004 I com.customize.statistics.UploadStatisticsJobService: bootPermissionGranted : true
07-28 20:20:53.296  6451 12004 D ContactsProvider: performBackgroundTask: task id: 28
07-28 20:20:53.296  6451 12004 D ContactsProvider: performBackgroundTask: task id: 33
07-28 20:20:53.296  6451 12004 I ContactNumberHashHelper: start updateExistNumberHash
07-28 20:20:53.296  6451 12004 D ContactNumberHashHelper: updateExistNumberHash hasUpdated
07-28 20:20:53.334 12922 13063 D ProfileInstaller: Installing profile for com.oplus.linker
07-28 20:20:53.339  1817  1823 E Diag-Router: diag: glinkpkt_open: failed to create control node for slate_adsp
07-28 20:20:53.339  1817  1823 E Diag-Router: diag: diag_glinkpkt_open_thread: Glinkpkt_open failed for perif: 13 with err: -1, retry_cnt: 8
07-28 20:20:53.341  1817  1822 E Diag-Router: diag: glinkpkt_open: failed to create control node for slate_apps
07-28 20:20:53.341  1817  1822 E Diag-Router: diag: diag_glinkpkt_open_thread: Glinkpkt_open failed for perif: 12 with err: -1, retry_cnt: 8
07-28 20:20:53.347  7437 12863 I ChimeraPrvdrProxy: Shutting down chimera ContentProvider com.google.android.gms.reminders.provider.RemindersChimeraProvider
07-28 20:20:53.458  3513  5155 D OomAdjuster: Not killing cached processes
07-28 20:20:53.462  2006  2006 D SensorFeature: name=ssc_screenshot_info ,index = 22
07-28 20:20:53.462  2006  2006 D SensorFeature: write 29 bytes:46754933678,51951275031,139,0
07-28 20:20:53.472  3513  4833 I Osense-BaseDecisionMaker: notifySceneToAthenaPolicy: SCENE_IDLE_RECOVER, bundle: Bundle[{scene=SCENE_IDLE_RECOVER}]
07-28 20:20:53.474  3513  4833 I Osense-BaseDecisionMaker: scene: SCENE_IDLE_RECOVER, excutingPolicy: respreload
07-28 20:20:53.475  3513  4833 D Osense-BaseDecisionMaker: invoke process preload policy
07-28 20:20:53.475  3513  4833 I Osense-BaseDecisionMaker: scene: SCENE_IDLE_RECOVER, excutingPolicy: clear
07-28 20:20:53.475  3513  4833 D Osense-BaseDecisionMaker: invoke clear policy,type: unforbid
07-28 20:20:53.475  3513  4833 I OsenseKillAction: KillAction: unhandled request: id=5, enable=true, scene=SCENE_IDLE_RECOVER, type=unforbid, cchOnly=false, appcare=0
07-28 20:20:53.517  1924  4477 I Dpps    : LtmSwState::SetParameter():144 ignore cmd 7 in state LtmOffState
07-28 20:20:53.549  2029  2044 D vendor.oplus.hardware.charger-V7-service: s_chg_user_mode: 3
07-28 20:20:53.550  2029  2044 D vendor.oplus.hardware.charger-V7-service: scale_chg Start!!!
07-28 20:20:53.550  2029  2044 D vendor.oplus.hardware.charger-V7-service: [0, 0, 3]
07-28 20:20:53.550  2029  2044 D vendor.oplus.hardware.charger-V7-service: [0, 2, 9]
07-28 20:20:53.550  2029  2044 D vendor.oplus.hardware.charger-V7-service: [0, 1, 3]
07-28 20:20:53.550  2029  2044 D vendor.oplus.hardware.charger-V7-service: [0, 3, 3]
07-28 20:20:53.550  2029  2044 D vendor.oplus.hardware.charger-V7-service: [0, 4, 3]
07-28 20:20:53.550  2029  2044 D vendor.oplus.hardware.charger-V7-service: [0, 5, 5]
07-28 20:20:53.550  2029  2044 D vendor.oplus.hardware.charger-V7-service: [0, 6, 9]
07-28 20:20:53.550  2029  2044 D vendor.oplus.hardware.charger-V7-service: scale_chg Start!!!
07-28 20:20:53.550  2029  2044 D vendor.oplus.hardware.charger-V7-service: [0, 0, 3]
07-28 20:20:53.551  2029  2044 D vendor.oplus.hardware.charger-V7-service: [0, 2, 10]
07-28 20:20:53.551  2029  2044 D vendor.oplus.hardware.charger-V7-service: [0, 1, 3]
07-28 20:20:53.551  2029  2044 D vendor.oplus.hardware.charger-V7-service: [0, 3, 3]
07-28 20:20:53.551  2029  2044 D vendor.oplus.hardware.charger-V7-service: [0, 4, 3]
07-28 20:20:53.551  2029  2044 D vendor.oplus.hardware.charger-V7-service: [0, 5, 3]
07-28 20:20:53.551  2029  2044 D vendor.oplus.hardware.charger-V7-service: [0, 6, 10]
07-28 20:20:53.553  2029  2057 D vendor.oplus.hardware.charger-V7-service: ret_value:111, read content:,339,366,3893,3891,-181,50,52,1,1,0,491,4631,51,1,4475,300,500,0,7,-22,7,0,1,0,2,0,0,0,1,6098,99,0,0,0,0,0,0,0
07-28 20:20:53.553  2029  2057 D vendor.oplus.hardware.charger-V7-service: gmtime: 2025-07-28-20-20-53
07-28 20:20:53.554  2029  2057 D vendor.oplus.hardware.charger-V7-service: usb_online:1, ac_online:-2147483648, wireless_online:0
07-28 20:20:53.766  2006  2006 D SensorFeature: name=ssc_screenshot_info ,index = 22
07-28 20:20:53.767  2006  2006 D SensorFeature: write 29 bytes:46754933678,52255258989,140,0
07-28 20:20:53.783  1886  4487 I sensors-hal: handle_oplus_wise_rgb_event:189, high_pwm_light:lux 264.8,cct 3599.3,brl/algo/ir 1443.0/2.0/16.8,pwm/dc 0.0/0.0,rgbc 20568.046875/12784.652344/5885.040039/37923.085938,ts 52233574213,cnt 720,flag 65676
07-28 20:20:53.784  1924  4477 I Dpps    : LtmSwState::SetParameter():144 ignore cmd 7 in state LtmOffState
07-28 20:20:53.848  3513  3711 D Theia.TransparentWindow: handleMessage CHECK_TRANS_WINDOW_ERROR_MSG
07-28 20:20:54.074  2006  2006 D SensorFeature: name=ssc_screenshot_info ,index = 22
07-28 20:20:54.074  2006  2006 D SensorFeature: write 29 bytes:46754933678,52561912322,141,0
07-28 20:20:54.079  1924  4477 I Dpps    : LtmSwState::SetParameter():144 ignore cmd 7 in state LtmOffState
07-28 20:20:54.097  2029  7419 D charge_time: type=sdp,reserve_soc=2,soc=50,ui_soc=52,current=181,avg=124,not_chg_cnt=0,stable_cnt=7,fcc=5724,fcc_ratio=94,delta=37,debug=0,region=16,ttf=38017(10:33:37),ui_ttf=19569(05:26:09)
07-28 20:20:54.295  2029  2063 D BatteryChargeControl: bcc get no support from charging protocol
07-28 20:20:54.314  1886  4487 I sensors-hal: handle_oplus_wise_rgb_event:189, high_pwm_light:lux 264.7,cct 3605.9,brl/algo/ir 1443.0/2.0/17.3,pwm/dc 0.0/0.0,rgbc 20577.560547/12757.020508/5892.737793/37928.105469,ts 52575007025,cnt 730,flag 65677
07-28 20:20:54.315  1924  4477 I Dpps    : LtmSwState::SetParameter():144 ignore cmd 7 in state LtmOffState
07-28 20:20:54.378  2006  2006 D SensorFeature: name=ssc_screenshot_info ,index = 22
07-28 20:20:54.378  2006  2006 D SensorFeature: write 29 bytes:46754933678,52866960759,142,0
07-28 20:20:54.490  5287  5774 E OplusNetworkStackManager: initService mNetworkStackService is null, try again in 10s
07-28 20:20:54.581  1924  4477 I Dpps    : LtmSwState::SetParameter():144 ignore cmd 7 in state LtmOffState
07-28 20:20:54.681  2006  2006 D SensorFeature: name=ssc_screenshot_info ,index = 22
07-28 20:20:54.681  2006  2006 D SensorFeature: write 29 bytes:46754933678,53170332843,143,0
07-28 20:20:54.710  2029  2029 D vendor.oplus.hardware.charger-V7-service: getChargerControl:
07-28 20:20:54.710  6644  6731 E oiface  : sched_setaffinity failed
07-28 20:20:54.731  2012  2022 E PerformanceService: storage_feature: open /sys/devices/platform/soc/112b0000.ufshci//virtualtlcbuff fail
07-28 20:20:54.735  3513  5436 W BestClock: java.time.DateTimeException: Missing network time fix
07-28 20:20:54.735  3513  5436 W BestClock: java.time.DateTimeException: Missing network time fix
07-28 20:20:54.735  3513  5436 W BestClock: java.time.DateTimeException: Missing network time fix
07-28 20:20:54.847  1886  4487 I sensors-hal: handle_oplus_wise_rgb_event:189, high_pwm_light:lux 264.7,cct 3599.9,brl/algo/ir 1443.0/2.0/17.0,pwm/dc 0.0/0.0,rgbc 20572.804688/12775.441406/5892.737793/37913.054688,ts 53147444213,cnt 740,flag 65679
07-28 20:20:54.848  1924  4477 I Dpps    : LtmSwState::SetParameter():144 ignore cmd 7 in state LtmOffState
07-28 20:20:54.971 11681 11691 W id.gms.unstable: ApkAssets: Deleting an ApkAssets object '<empty> and /data/app/~~mvoUGsKgPWPDCkiWlITrFg==/com.google.android.gms-PokRCgJyKbyqqq46gl7pZQ==/split_AdsDynamite_installtime.apk' with 1 weak references
07-28 20:20:54.971 11681 11691 W id.gms.unstable: ApkAssets: Deleting an ApkAssets object '<empty> and /data/app/~~mvoUGsKgPWPDCkiWlITrFg==/com.google.android.gms-PokRCgJyKbyqqq46gl7pZQ==/split_CronetDynamite_installtime.apk' with 1 weak references
07-28 20:20:54.971 11681 11691 W id.gms.unstable: ApkAssets: Deleting an ApkAssets object '<empty> and /data/app/~~mvoUGsKgPWPDCkiWlITrFg==/com.google.android.gms-PokRCgJyKbyqqq46gl7pZQ==/split_DynamiteLoader_installtime.apk' with 1 weak references
07-28 20:20:54.971 11681 11691 W id.gms.unstable: ApkAssets: Deleting an ApkAssets object '<empty> and /data/app/~~mvoUGsKgPWPDCkiWlITrFg==/com.google.android.gms-PokRCgJyKbyqqq46gl7pZQ==/split_DynamiteModulesA_installtime.apk' with 1 weak references
07-28 20:20:54.971 11681 11691 W id.gms.unstable: ApkAssets: Deleting an ApkAssets object '<empty> and /data/app/~~mvoUGsKgPWPDCkiWlITrFg==/com.google.android.gms-PokRCgJyKbyqqq46gl7pZQ==/split_DynamiteModulesC_installtime.apk' with 1 weak references
07-28 20:20:54.971 11681 11691 W id.gms.unstable: ApkAssets: Deleting an ApkAssets object '<empty> and /data/app/~~mvoUGsKgPWPDCkiWlITrFg==/com.google.android.gms-PokRCgJyKbyqqq46gl7pZQ==/split_GoogleCertificates_installtime.apk' with 1 weak references
07-28 20:20:54.972 11681 11691 W id.gms.unstable: ApkAssets: Deleting an ApkAssets object '<empty> and /data/app/~~mvoUGsKgPWPDCkiWlITrFg==/com.google.android.gms-PokRCgJyKbyqqq46gl7pZQ==/split_MapsDynamite_installtime.apk' with 1 weak references
07-28 20:20:54.972 11681 11691 W id.gms.unstable: ApkAssets: Deleting an ApkAssets object '<empty> and /data/app/~~mvoUGsKgPWPDCkiWlITrFg==/com.google.android.gms-PokRCgJyKbyqqq46gl7pZQ==/split_MeasurementDynamite_installtime.apk' with 1 weak references
07-28 20:20:54.984  2006  2006 D SensorFeature: name=ssc_screenshot_info ,index = 22
07-28 20:20:54.984  2006  2006 D SensorFeature: write 29 bytes:46754933678,53474714561,144,0
07-28 20:20:55.098  2029  7419 D charge_time: type=sdp,reserve_soc=2,soc=50,ui_soc=52,current=181,avg=138,not_chg_cnt=0,stable_cnt=7,fcc=5724,fcc_ratio=94,delta=38,debug=0,region=16,ttf=34156(09:29:16),ui_ttf=19568(05:26:08)
07-28 20:20:55.111  1924  4477 I Dpps    : LtmSwState::SetParameter():144 ignore cmd 7 in state LtmOffState
07-28 20:20:55.288  4966  6242 E OplusNetworkStackManager: initService mNetworkStackService is null, try again in 10s
07-28 20:20:55.288  2006  2006 D SensorFeature: name=ssc_screenshot_info ,index = 22
07-28 20:20:55.288  2006  2006 D SensorFeature: write 29 bytes:46754933678,53777770395,145,0
07-28 20:20:55.297  2029  2063 D BatteryChargeControl: bcc get no support from charging protocol
07-28 20:20:55.376  1886  4487 I sensors-hal: handle_oplus_wise_rgb_event:189, high_pwm_light:lux 265.1,cct 3607.4,brl/algo/ir 1443.0/2.0/16.8,pwm/dc 0.0/0.0,rgbc 20587.074219/12757.020508/5881.191406/37963.222656,ts 53753277754,cnt 750,flag 65681
07-28 20:20:55.377  1924  4477 I Dpps    : LtmSwState::SetParameter():144 ignore cmd 7 in state LtmOffState
07-28 20:20:55.438  3513  5072 I OplusHansManager : pkg: com.google.android.gsf has gms-backup-service
07-28 20:20:55.438  3513  5072 I OplusHansManager : uid=10259, pkg=com.google.android.gsf cannot transition from R to M, importance=gms-backup-service
07-28 20:20:55.438  3513  5072 I OplusHansManager : pkg: com.android.vending has gms-backup-service
07-28 20:20:55.438  3513  5072 I OplusHansManager : uid=10263, pkg=com.android.vending cannot transition from R to M, importance=gms-backup-service
07-28 20:20:55.593  2006  2006 D SensorFeature: name=ssc_screenshot_info ,index = 22
07-28 20:20:55.594  2006  2006 D SensorFeature: write 29 bytes:46754933678,54082672894,146,0
07-28 20:20:55.603  7437 11510 W AppLinksAsyncVerifierV2: Error performing check:  [CONTEXT service_id=244 ]
07-28 20:20:55.603  7437 11510 W AppLinksAsyncVerifierV2: Check request failed: null [CONTEXT service_id=244 ]
07-28 20:20:55.603  7437  9607 W AppLinksAsyncVerifierV2: Error performing check:  [CONTEXT service_id=244 ]
07-28 20:20:55.603  7437  9607 W AppLinksAsyncVerifierV2: Check request failed: null [CONTEXT service_id=244 ]
07-28 20:20:55.604  7437  7883 W AppLinksAsyncVerifierV2: Error performing check:  [CONTEXT service_id=244 ]
07-28 20:20:55.604  7437  7883 W AppLinksAsyncVerifierV2: Check request failed: null [CONTEXT service_id=244 ]
07-28 20:20:55.604  7437 11140 W AppLinksAsyncVerifierV2: Error performing check:  [CONTEXT service_id=244 ]
07-28 20:20:55.604  7437 10421 W AppLinksAsyncVerifierV2: Error performing check:  [CONTEXT service_id=244 ]
07-28 20:20:55.604  7437 10421 W AppLinksAsyncVerifierV2: Check request failed: null [CONTEXT service_id=244 ]
07-28 20:20:55.604  7437 11140 W AppLinksAsyncVerifierV2: Check request failed: null [CONTEXT service_id=244 ]
07-28 20:20:55.604  7437  8928 I AppLinksHostsVerifierV2: (REDACTED) Verification %s complete. Successful hosts: %s. Failed hosts: %s. Error hosts: %s.
07-28 20:20:55.612  7437  8928 I AppLinksRequestHandler: (REDACTED) Added erroneous request into database for package %s
07-28 20:20:55.616  7437  8928 I AppLinksUtilsV1: Legacy cross-profile verification enabled [CONTEXT service_id=244 ]
07-28 20:20:55.620  7437 10421 W AppLinksAsyncVerifierV2: Error performing check:  [CONTEXT service_id=244 ]
07-28 20:20:55.620  7437 11140 W AppLinksAsyncVerifierV2: Error performing check:  [CONTEXT service_id=244 ]
07-28 20:20:55.620  7437  7883 W AppLinksAsyncVerifierV2: Error performing check:  [CONTEXT service_id=244 ]
07-28 20:20:55.621  7437 12806 W AppLinksAsyncVerifierV2: Error performing check:  [CONTEXT service_id=244 ]
07-28 20:20:55.621  7437 13060 W AppLinksAsyncVerifierV2: Error performing check:  [CONTEXT service_id=244 ]
07-28 20:20:55.641  3513  4398 D FusionLightNextGen: process end reported = 1, mode: 0, lux 496.4, cct -1.0, r/g/b/c: 20610.9/12770.8/5888.9/37953.2, R/G/B: 106.0/100.0/99.0, bri 1443.0, match 1.00, ir 0.017662, conf 0.0, ts 54060227859
07-28 20:20:55.642  1924  4477 I Dpps    : LtmSwState::SetParameter():144 ignore cmd 7 in state LtmOffState
07-28 20:20:55.900  2006  2006 D SensorFeature: name=ssc_screenshot_info ,index = 22
07-28 20:20:55.901  2006  2006 D SensorFeature: write 29 bytes:46754933678,54389415811,147,0
07-28 20:20:55.909  1886  4487 I sensors-hal: handle_oplus_wise_rgb_event:189, high_pwm_light:lux 264.7,cct 3595.7,brl/algo/ir 1443.0/2.0/16.8,pwm/dc 0.0/0.0,rgbc 20582.318359/12757.020508/5877.342285/37948.175781,ts 54367198848,cnt 760,flag 65683
07-28 20:20:55.910  1924  4477 I Dpps    : LtmSwState::SetParameter():144 ignore cmd 7 in state LtmOffState
07-28 20:20:56.099  2029  7419 D charge_time: type=sdp,reserve_soc=2,soc=50,ui_soc=52,current=181,avg=152,not_chg_cnt=0,stable_cnt=7,fcc=5724,fcc_ratio=94,delta=39,debug=0,region=16,ttf=31006(08:36:46),ui_ttf=19567(05:26:07)
07-28 20:20:56.207  2006  2006 D SensorFeature: name=ssc_screenshot_info ,index = 22
07-28 20:20:56.207  2006  2006 D SensorFeature: write 29 bytes:46754933678,54695918988,148,0
07-28 20:20:56.211  1924  4477 I Dpps    : LtmSwState::SetParameter():144 ignore cmd 7 in state LtmOffState
07-28 20:20:56.298  2029  2063 D BatteryChargeControl: bcc get no support from charging protocol
07-28 20:20:56.439  1886  4487 I sensors-hal: handle_oplus_wise_rgb_event:189, high_pwm_light:lux 264.8,cct 3600.7,brl/algo/ir 1443.0/2.0/16.9,pwm/dc 0.0/0.0,rgbc 20591.830078/12775.441406/5885.040039/37958.207031,ts 54700152390,cnt 770,flag 65684
07-28 20:20:56.440  1924  4477 I Dpps    : LtmSwState::SetParameter():144 ignore cmd 7 in state LtmOffState
07-28 20:20:56.513  2006  2006 D SensorFeature: name=ssc_screenshot_info ,index = 22
07-28 20:20:56.513  2006  2006 D SensorFeature: write 29 bytes:46754933678,55001725498,149,0
07-28 20:20:56.709  1924  4477 I Dpps    : LtmSwState::SetParameter():144 ignore cmd 7 in state LtmOffState
07-28 20:20:56.819  2006  2006 D SensorFeature: name=ssc_screenshot_info ,index = 22
07-28 20:20:56.820  2006  2006 D SensorFeature: write 29 bytes:46754933678,55308400498,150,0
07-28 20:20:56.820  1886  1961 I sensors-hal: get_display_brightness:818, light_iface: set screenshot_info [46754933678,55308400498,150,0]
07-28 20:20:56.970  1886  4487 I sensors-hal: handle_oplus_wise_rgb_event:189, high_pwm_light:lux 265.1,cct 3610.9,brl/algo/ir 1443.0/2.0/17.1,pwm/dc 0.0/0.0,rgbc 20587.074219/12784.652344/5888.889160/37993.324219,ts 55289273432,cnt 780,flag 65686
07-28 20:20:56.972  1924  4477 I Dpps    : LtmSwState::SetParameter():144 ignore cmd 7 in state LtmOffState
07-28 20:20:57.100  2029  7419 D charge_time: write 19566s(05:26:06) to ttf, rc=7
07-28 20:20:57.101  2029  7419 D charge_time: type=sdp,reserve_soc=2,soc=50,ui_soc=52,current=181,avg=166,not_chg_cnt=0,stable_cnt=7,fcc=5724,fcc_ratio=94,delta=40,debug=0,region=16,ttf=28388(07:53:08),ui_ttf=19566(05:26:06)
07-28 20:20:57.126  2006  2006 D SensorFeature: name=ssc_screenshot_info ,index = 22
07-28 20:20:57.126  2006  2006 D SensorFeature: write 29 bytes:46754933678,55615049456,151,0
07-28 20:20:57.164  3513  4428 V AlarmManager: sending alarm Alarm{74a07a1 type 3 origWhen 39321 whenElapsed 39321 android} uid 1000 whenElapsed 39321 windowLength 18750 maxWhenElapsed 58071 repeatInterval 0 action null component null tag WifiHealthMonitor Schedule Post-Boot Detection Timer flags 0x8 procName system_server
07-28 20:20:57.166  3513  4428 V AlarmManager: sending alarm Alarm{5e7dc6 type 3 origWhen 47647 whenElapsed 47647 com.google.android.gms} uid 10259 whenElapsed 47647 windowLength 8007 maxWhenElapsed 55654 repeatInterval 0 action com.google.android.gms.gcm.ACTION_CHECK_QUEUE component ComponentInfo{com.google.android.gms/com.google.android.gms.gcm.nts.SchedulerInternalReceiver} flags 0x0 procName com.google.android.gms.persistent
07-28 20:20:57.174  3513  4211 D OplusProxyWakeLock: prevent gms/gsf hold partial wakelock
07-28 20:20:57.240  1924  4477 I Dpps    : LtmSwState::SetParameter():144 ignore cmd 7 in state LtmOffState
07-28 20:20:57.299  2029  2063 D BatteryChargeControl: bcc get no support from charging protocol
07-28 20:20:57.432  2006  2006 D SensorFeature: name=ssc_screenshot_info ,index = 22
07-28 20:20:57.432  2006  2006 D SensorFeature: write 29 bytes:46754933678,55921516696,152,0
07-28 20:20:57.460  3513  5072 I OplusHansManager : uid=10157, pkg=com.baidu.input_oppo cannot transition from R to M, importance=input
07-28 20:20:57.504  1886  4487 I sensors-hal: handle_oplus_wise_rgb_event:189, high_pwm_light:lux 264.1,cct 3597.2,brl/algo/ir 1443.0/2.0/17.8,pwm/dc 0.0/0.0,rgbc 20582.318359/12766.230469/5885.040039/37913.054688,ts 55903244890,cnt 790,flag 65688
07-28 20:20:57.506  1924  4477 I Dpps    : LtmSwState::SetParameter():144 ignore cmd 7 in state LtmOffState
07-28 20:20:57.515  6555  7733 E OplusNetworkStackManager: initService mNetworkStackService is null, try again in 10s
07-28 20:20:57.736  2006  2006 D SensorFeature: name=ssc_screenshot_info ,index = 22
07-28 20:20:57.736  2006  2006 D SensorFeature: write 29 bytes:46754933678,56224917164,153,0
07-28 20:20:57.768  1924  4477 I Dpps    : LtmSwState::SetParameter():144 ignore cmd 7 in state LtmOffState
07-28 20:20:57.816  7139  7139 D BoundBrokerSvc: onUnbind: Intent { act=com.google.android.gms.auth.aang.events.services.START dat=chimera-action:/... cmp=com.google.android.gms/.chimera.PersistentApiService mCallingUid=10259 }
07-28 20:20:57.817  7139  7139 D BoundBrokerSvc: onUnbind: Intent { act=com.google.android.gms.auth.account.workaccount.START dat=chimera-action:/... cmp=com.google.android.gms/.chimera.PersistentApiService mCallingUid=10259 }
07-28 20:20:57.876  7139  7139 D BoundBrokerSvc: onUnbind: Intent { act=com.google.android.gms.scheduler.ACTION_PROXY_SCHEDULE dat=chimera-action:/... cmp=com.google.android.gms/.chimera.PersistentDirectBootAwareApiService mCallingUid=10259 }
07-28 20:20:58.045  2006  2006 D SensorFeature: name=ssc_screenshot_info ,index = 22
07-28 20:20:58.045  2006  2006 D SensorFeature: write 29 bytes:46754933678,56533794977,154,0
07-28 20:20:58.051  1886  4487 I sensors-hal: handle_oplus_wise_rgb_event:189, high_pwm_light:lux 264.7,cct 3594.0,brl/algo/ir 1443.0/2.0/17.2,pwm/dc 0.0/0.0,rgbc 20572.804688/12789.258789/5885.040039/37933.121094,ts 56492288275,cnt 800,flag 65690
07-28 20:20:58.052  1924  4477 I Dpps    : LtmSwState::SetParameter():144 ignore cmd 7 in state LtmOffState
07-28 20:20:58.102  2029  7419 D charge_time: type=sdp,reserve_soc=2,soc=50,ui_soc=52,current=181,avg=181,not_chg_cnt=0,stable_cnt=7,fcc=5724,fcc_ratio=94,delta=41,debug=0,region=16,ttf=26031(07:13:51),ui_ttf=19565(05:26:05)
07-28 20:20:58.299  3513  4398 D FusionLightNextGen: process end reported = 1, mode: 0, lux 496.8, cct -1.0, r/g/b/c: 20572.8/12789.3/5885.0/37933.1, R/G/B: 106.0/100.0/99.0, bri 1443.0, match 1.00, ir 0.017623, conf 0.0, ts 56559777494
07-28 20:20:58.300  1924  4477 I Dpps    : LtmSwState::SetParameter():144 ignore cmd 7 in state LtmOffState
07-28 20:20:58.300  2029  2063 D BatteryChargeControl: bcc get no support from charging protocol
07-28 20:20:58.339  1817  1823 E Diag-Router: diag: glinkpkt_open: failed to create control node for slate_adsp
07-28 20:20:58.340  1817  1823 E Diag-Router: diag: diag_glinkpkt_open_thread: Glinkpkt_open failed for perif: 13 with err: -1, retry_cnt: 9
07-28 20:20:58.341  1817  1822 E Diag-Router: diag: glinkpkt_open: failed to create control node for slate_apps
07-28 20:20:58.341  1817  1822 E Diag-Router: diag: diag_glinkpkt_open_thread: Glinkpkt_open failed for perif: 12 with err: -1, retry_cnt: 9
07-28 20:20:58.343  1838  1838 D healthd : system healthd: battery l=52 v=3895 t=33.9 h=2 st=2 c=-185 fc=5920000 cc=19 chg=u
07-28 20:20:58.347  2006  2006 D SensorFeature: name=ssc_screenshot_info ,index = 22
07-28 20:20:58.347  2006  2006 D SensorFeature: write 29 bytes:46754933678,56837472425,155,0
07-28 20:20:58.379  2029  2029 D vendor.oplus.hardware.charger-V7-service: get_ui_charge_icon_type 0 0 0 0 0
07-28 20:20:58.380  2029  2029 D vendor.oplus.hardware.charger-V7-service: oplus_chg_get_cpa_power 2500 charge_online 1 retention_topic 0
07-28 20:20:58.380  2029  2029 D vendor.oplus.hardware.charger-V7-service: oplus_chg_get_cpa_power 2500 charge_online 1 retention_topic 0
07-28 20:20:58.381  2029  2029 D vendor.oplus.hardware.charger-V7-service: getIsSingleHyperSupport=2, cpa_power=2
07-28 20:20:58.382  3513  3743 D BatteryStatsImplExtImpl: mActiveProcesses size = 72
07-28 20:20:58.383  3513  3743 D BatteryStatsImplExtImpl: rpmhStats is null or interval time is too short.
07-28 20:20:58.398  1932  2011 I [UAH_CLIENT]: UahRelease, handle:22
07-28 20:20:58.399  1932  2011 I [UAH_CLIENT]: UahPlatformResAcquire
07-28 20:20:58.399  1932  2011 I [UAH_CLIENT]: UahEventAcquire, cmdid:-3, pkg:1932 12972, identity:qcom-perfd
07-28 20:20:58.399  1932  2011 E PERFHAL-RESOURCEQS: PERFHAL-RESOURCEQS: AddAndApply() 130: Resource with major=18, minor=41 not supported
07-28 20:20:58.541 12976 13068 I SystemFeature: operator:{oppo.cmcc.mp:false, browser.cmcc:false, browser.test.cmcc:false, browser.cmcc.bookmark:false, browser.test.cmcc.bookmark:false, browser.cmcc.home:false, browser.test.cmcc.home:false
07-28 20:20:58.541 12976 13068 I SystemFeature: cu.optr:false, browser.cu:false, browser.test.cu:false
07-28 20:20:58.541 12976 13068 I SystemFeature: ct.optr:false, browser.ct:false, browser.test.ct:false
07-28 20:20:58.541 12976 13068 I SystemFeature: }
07-28 20:20:58.545 12976 13068 I IdentityUtil: initIdentity: success, duidInit=true, uuid=d7830aefe1185a1d969e64bfc89f60a7
07-28 20:20:58.547  7878  7941 I OpenID  : com.heytap.pictorial:3142:ret:T
07-28 20:20:58.551  2029  2044 D vendor.oplus.hardware.charger-V7-service: s_chg_user_mode: 3
07-28 20:20:58.551  2029  2044 D vendor.oplus.hardware.charger-V7-service: scale_chg Start!!!
07-28 20:20:58.552  2029  2044 D vendor.oplus.hardware.charger-V7-service: [0, 0, 3]
07-28 20:20:58.552  2029  2044 D vendor.oplus.hardware.charger-V7-service: [0, 2, 9]
07-28 20:20:58.552  2029  2044 D vendor.oplus.hardware.charger-V7-service: [0, 1, 3]
07-28 20:20:58.552  2029  2044 D vendor.oplus.hardware.charger-V7-service: [0, 3, 3]
07-28 20:20:58.552  2029  2044 D vendor.oplus.hardware.charger-V7-service: [0, 4, 3]
07-28 20:20:58.552  2029  2044 D vendor.oplus.hardware.charger-V7-service: [0, 5, 5]
07-28 20:20:58.552  2029  2044 D vendor.oplus.hardware.charger-V7-service: [0, 6, 9]
07-28 20:20:58.552  2029  2044 D vendor.oplus.hardware.charger-V7-service: scale_chg Start!!!
07-28 20:20:58.552  2029  2044 D vendor.oplus.hardware.charger-V7-service: [0, 0, 3]
07-28 20:20:58.552  2029  2044 D vendor.oplus.hardware.charger-V7-service: [0, 2, 10]
07-28 20:20:58.552  2029  2044 D vendor.oplus.hardware.charger-V7-service: [0, 1, 3]
07-28 20:20:58.552  2029  2044 D vendor.oplus.hardware.charger-V7-service: [0, 3, 3]
07-28 20:20:58.552  2029  2044 D vendor.oplus.hardware.charger-V7-service: [0, 4, 3]
07-28 20:20:58.553  2029  2044 D vendor.oplus.hardware.charger-V7-service: [0, 5, 3]
07-28 20:20:58.553  2029  2044 D vendor.oplus.hardware.charger-V7-service: [0, 6, 10]
07-28 20:20:58.554  2029  2057 D vendor.oplus.hardware.charger-V7-service: ret_value:111, read content:,339,361,3895,3893,-185,50,52,1,1,0,494,4632,51,1,4475,300,500,0,7,-22,7,0,1,0,2,0,0,0,1,6098,99,0,0,0,0,0,0,0
07-28 20:20:58.556  2029  2057 D vendor.oplus.hardware.charger-V7-service: gmtime: 2025-07-28-20-20-58
07-28 20:20:58.556  2029  2057 D vendor.oplus.hardware.charger-V7-service: usb_online:1, ac_online:-2147483648, wireless_online:0
07-28 20:20:58.560 12976 13068 D Identity: nonceAndCounter: 4483b779b00017740000000000000007
07-28 20:20:58.563  1886  4487 I sensors-hal: handle_oplus_wise_rgb_event:189, high_pwm_light:lux 264.3,cct 3597.6,brl/algo/ir 1443.0/2.0/17.4,pwm/dc 0.0/0.0,rgbc 20606.101562/12770.835938/5885.040039/37933.121094,ts 56825436713,cnt 810,flag 65691
07-28 20:20:58.564  1924  4477 I Dpps    : LtmSwState::SetParameter():144 ignore cmd 7 in state LtmOffState
07-28 20:20:58.648  2006  2006 D SensorFeature: name=ssc_screenshot_info ,index = 22
07-28 20:20:58.648  2006  2006 D SensorFeature: write 29 bytes:46754933678,57138609195,156,0
07-28 20:20:58.670  3513  4937 I InputDispatcher: injectInputEvent: targetUid=<not set>, syncMode=WAIT_FOR_FINISHED, timeout=30000ms, policyFlags=0x8000000, event=MotionEvent { action=DOWN, id[0]=0, x[0]=900, y[0]=30, eventTime=57160000000, downTime=57160000000, deviceId=4, source=TOUCHSCREEN, displayId=0, eventId=0xc4687668}
07-28 20:20:58.671  2176  3288 D VRR [OTI]: handleIdle from 1 to 0
07-28 20:20:58.671  2176  3288 D VRR [OTI-HW]: isStateReady 0
07-28 20:20:58.671  2176  3288 D VRR [OTI-HW]: restore sys rate.
07-28 20:20:58.671  2176  3288 D VRR [RefreshRateDirector]: requestRefreshRateByOti update [ oti-hw, {fps=120, modePtr={id=4, vsyncRate=120.00 Hz, peakRefreshRate=120.00 Hz}} ]
