07-28 21:29:20.025  4993  6167 W Binder  : 	at android.database.ContentObserver$Transport.onChangeEtc(ContentObserver.java:357)
07-28 21:29:20.025  4993  6167 W Binder  : 	at android.database.IContentObserver$Stub.onTransact(IContentObserver.java:120)
07-28 21:29:20.025  4993  6167 W Binder  : 	at android.os.Binder.execTransactInternal(Binder.java:1523)
07-28 21:29:20.025  4993  6167 W Binder  : 	at android.os.Binder.execTransact(Binder.java:1457)
07-28 21:29:20.027  3429  3519 W BestClock: java.time.DateTimeException: Missing network time fix
07-28 21:29:20.027  4927  4927 D ServiceStateProvider: subId=1
07-28 21:29:20.028  1678  1678 D Zygote  : Forked child process 13110
07-28 21:29:20.028  3429  3519 W BestClock: java.time.DateTimeException: Missing network time fix
07-28 21:29:20.028  3429  3715 I ActivityManager: Start proc 13110:com.oplus.wirelesssettings:tzupdate/1000 for broadcast {com.oplus.wirelesssettings/com.oplus.tzupdate.timezone.MccChangeReceiver}
07-28 21:29:20.029  5078  5078 I QImsService: OplusPhoneStateTracker : onServiceStateChanged
07-28 21:29:20.029  4840  5812 V OplusCustomizeCacheManager: queryCache name: sys.cache.common_customize_cache18014 param: null
07-28 21:29:20.029  4840  5812 V OplusCustomizeCacheManager: queryCache name: sys.cache.common_customize_cache18017 param: Bundle[{SETTING=BLOCK, BUSINESS=NCT-DATA}]
07-28 21:29:20.029  4840  5812 V OplusCustomizeCacheManager: queryCache name: sys.cache.common_customize_cache18013 param: null
07-28 21:29:20.029  3429  4203 I MemoryOperationUtils: add 13110 to inactive
07-28 21:29:20.029  5164  5164 D SubsysEventListenerManager-SubsysTelephonyCallback[0]: onServiceStateChanged
07-28 21:29:20.029  5164  5164 D ChinaRoamingControl: registTelephonyEvent onServiceStateChanged eventId:5, VoiceRegState:1, DataRegState:1
07-28 21:29:20.029  5164  5164 D QuickChangeAirplaneModeEvent: onServiceStateChanged slotId:0
07-28 21:29:20.029  5078  5078 I QImsService: OplusPhoneStateTracker : onServiceStateChanged
07-28 21:29:20.029  5164  6105 D cellularState[0]: handleMessage: E msg.what=4
07-28 21:29:20.030  4993  5896 D T-Recommend: onPreHandleMessage 1000
07-28 21:29:20.030  4993  5896 E CellularEvent: nri null ps
07-28 21:29:20.030  4993  5896 E CellularEvent: invalid nri
07-28 21:29:20.030  4993  5896 D T-Recommend: onPostHandleMessage 1000
07-28 21:29:20.030  5164  6105 D cellularState[0]: processMsg: DataCallingState
07-28 21:29:20.030  5164  6105 D cellularState[0]: processMsg: NetworkAttachedState
07-28 21:29:20.030  5164  6105 D cellularState[0]: processMsg: SimReadyState
07-28 21:29:20.030  5164  6105 D cellularState[0]: processMsg: DefaultState
07-28 21:29:20.030  5164  6105 E cellularState[0]:  - unhandledMessage: msg.what=4
07-28 21:29:20.030  5164  6105 D cellularState[0]: handleMessage: X
07-28 21:29:20.030  5164  5164 D QuickChangeAirplaneModeEvent: isBothCardInService is false
07-28 21:29:20.030  5164  5164 D MsimSubModeManager: registTelephonyEvent onServiceStateChanged eventId:3, VoiceRegState:1, DataRegState:1
07-28 21:29:20.030  5164  5164 E ExtremeCommUtils: getSwitchRusSupportMcc invalid index 1
07-28 21:29:20.030  4993  5955 D OplusSubWaySlowRecovery: getPreferSubId return 1
07-28 21:29:20.031  5164  5164 D ExtremeCommUtils: isSupporCheck rusContain:false,propContain(persist.sys.oplus.support_hyper_uplink_mcc):false
07-28 21:29:20.031  5164  5164 D ExtremeCommService: handleServiceStateChanged mcc is null
07-28 21:29:20.031  3429  5313 W ContextImpl: Calling a method in the system process without a qualified user: android.app.ContextImpl.sendBroadcastMultiplePermissions:1311 android.content.Context.sendBroadcastMultiplePermissions:2524 com.android.server.TelephonyRegistry.broadcastServiceStateChanged:3740 com.android.server.TelephonyRegistry.notifyServiceStateForPhoneId:1787 com.android.internal.telephony.ITelephonyRegistry$Stub.onTransact:546 
07-28 21:29:20.031  5164  5164 D ChinaRoamingControl: handleMessage what:5
07-28 21:29:20.031  5164  5164 D MsimSubModeManager: handleMessage what:3
07-28 21:29:20.031  5164  5164 D MsimSubModeManager: getMsimSimServiceIn() i:0,mServiceState:1
07-28 21:29:20.031  5164  5164 D MsimSubModeManager: getMsimSimServiceIn() i:1,mServiceState:1
07-28 21:29:20.031  5164  5164 D SubsysEventListenerManager-SubsysTelephonyCallback[0]: onCellLocationChanged
07-28 21:29:20.032  3429  5313 W ContextImpl: Calling a method in the system process without a qualified user: android.app.ContextImpl.sendBroadcastMultiplePermissions:1344 com.android.server.TelephonyRegistry.broadcastServiceStateChanged:3745 com.android.server.TelephonyRegistry.notifyServiceStateForPhoneId:1787 com.android.internal.telephony.ITelephonyRegistry$Stub.onTransact:546 android.os.Binder.execTransactInternal:1523 
07-28 21:29:20.033  4840  5293 I SystemUi--Statusbar: MobileConnectionRepositoryImpl-->subId:1 isSoftSimCard:false slotId:0
07-28 21:29:20.033  4927  6208 E PhoneInterfaceManager: getServiceStateForSlot retuning null for invalid slotIndex=-1
07-28 21:29:20.033  4840  4840 I SystemUi--Statusbar: OplusMobileIconInteractorImpl-->oplusIMSModel slot:0: CapabilityTypeModel(isVolteSwitchOn=true, isWfcEnabledByUser=true, imsRegistered=false, voiceCapable=false, videoCapable=false, registerTech=-1, isCrossSimCallingEnabledByUser=false, hasHideVolteOperator=false), SimStateModel(simInserted=[true, false], simForbidden=[false, true], simStateIMSI=[true, false], simLoaded=[true, false]),oplusNetworkTypeNr:20,isVoNrEnabled:false
07-28 21:29:20.033  5164  5164 D SubsysEventListenerManager-SubsysTelephonyCallback[0]: onDisplayInfoChanged
07-28 21:29:20.033  5164  5164 D SceneService: onDisplayInfoChanged slotId:0,telephonyDisplayInfo:TelephonyDisplayInfo {network=NR, overrideNetwork=NONE, isRoaming=false}
07-28 21:29:20.033  6521  6647 I midasd  : OplusObrainService::notifyEventInt eventId:38 iParam:20
07-28 21:29:20.033  4840  5293 I SystemUi--Statusbar: MobileConnectionRepositoryImpl-->subId:1 isSoftSimCard:false slotId:0
07-28 21:29:20.034  3429  5313 W ContextImpl: Calling a method in the system process without a qualified user: android.app.ContextImpl.sendBroadcastMultiplePermissions:1344 com.android.server.TelephonyRegistry.broadcastServiceStateChanged:3754 com.android.server.TelephonyRegistry.notifyServiceStateForPhoneId:1787 com.android.internal.telephony.ITelephonyRegistry$Stub.onTransact:546 android.os.Binder.execTransactInternal:1523 
07-28 21:29:20.034  3429  5313 W ContextImpl: Calling a method in the system process without a qualified user: android.app.ContextImpl.sendBroadcastMultiplePermissions:1344 com.android.server.TelephonyRegistry.broadcastServiceStateChanged:3760 com.android.server.TelephonyRegistry.notifyServiceStateForPhoneId:1787 com.android.internal.telephony.ITelephonyRegistry$Stub.onTransact:546 android.os.Binder.execTransactInternal:1523 
07-28 21:29:20.034  4927  4927 D MultiSimSettingController: notifySubscriptionInfoChanged
07-28 21:29:20.034  4993  5955 D SaDataFailRecovery/0: current is not in service,reset alarm
07-28 21:29:20.034  4993  5955 D OplusScanQrCodeRecoveryImpl: msg.what=3
07-28 21:29:20.034  7870  8157 I OplusObrain: OplusObrainClientInvoke.nativeGetTelephonyInfo
07-28 21:29:20.035  4993  5929 D OplusLinkBoostCommon: dds servicestate change
07-28 21:29:20.035  3429  3429 I AS.AudioService: onSubscriptionsChanged()
07-28 21:29:20.035  3429  4494 V NetworkPolicy: onSubscriptionsChanged
07-28 21:29:20.035  5738  5738 D CellBroadcastReceiver: onReceive Intent { act=android.intent.action.SERVICE_STATE flg=0x1000010 cmp=com.android.cellbroadcastreceiver.module/com.android.cellbroadcastreceiver.CellBroadcastReceiver (has extras) }
07-28 21:29:20.035  5738  5738 D CellBroadcastReceiver: onServiceStateChanged, ss: 1
07-28 21:29:20.035  5738  5738 D CellBroadcastReceiver: networkOperator: 
07-28 21:29:20.036  5108  5108 D QCNEJ/WwanInfoRelay: onSubscriptionsChanged currDDSId: 1 new DDS 1
07-28 21:29:20.036  5078  5078 I QImsService: OplusPhoneStateTracker : onSubscriptionsChanged Last subId: 1 Current subId 1
07-28 21:29:20.037  4927  4927 I Telephony: y0: onServiceStateChanged: newState=1, mServiceState=1
07-28 21:29:20.037  7252  9639 E Battery : ControllerCenter: onReceiver: mSubscriptionManager is null || mIsNeedRestoreMobile = false
07-28 21:29:20.037  4927  4927 I Telephony: isRttCurrentlySupported -- regular acct, hasVoiceAvailability: false
07-28 21:29:20.037  4927  4927 I Telephony:  isRttSupported: false
07-28 21:29:20.037  4927  4927 I Telephony:  isUserRttSettingOn: false
07-28 21:29:20.037  4927  4927 I Telephony:  alwaysAllowWhileRoaming: false
07-28 21:29:20.037  4927  4927 I Telephony:  isRoaming: false
07-28 21:29:20.037  4927  4927 I Telephony:  isOnWfc: false
07-28 21:29:20.038  7870  8157 I OplusObrain: OplusObrainClientInvoke.nativeGetTrafficTypeInfoForNetworkType networkType 0
07-28 21:29:20.038  3429  5336 D KernelStatsHelper: getKernelStats start!
07-28 21:29:20.038  5108  5108 D QCNEJ/DataCallAgent: onSubscriptionsChanged: new DDS 1
07-28 21:29:20.039  4840  5293 I SystemUi--Statusbar: MobileInputLog-->onSubscriptionsChanged
07-28 21:29:20.039  4993  5930 D NAS-CallIssueDetector: onServiceStateChanged
07-28 21:29:20.039  4993  5930 D OplusCiwlanController: [vodata] processServiceStateChanged  phoneid = 0, original roaming type = 0,roaming type = 0
07-28 21:29:20.039  4993  5930 D OplusCiwlanController: [vodata] processServiceStateChanged  phoneid = 1, original roaming type = 0,roaming type = 0
07-28 21:29:20.039  5108  8537 D QCNEJ/DataCallAgent: phoneCount: 2
07-28 21:29:20.039  5108  8537 D QCNEJ/DataCallAgent: subs for 0th slot: [1]
07-28 21:29:20.039  5108  8537 D QCNEJ/DataCallAgent: mSubInfoReady[0] is set to true
07-28 21:29:20.039  5108  8537 D QCNEJ/DataCallAgent: subs for 1th slot: [-1]
07-28 21:29:20.040  6671  7852 D OplusAtlasAudioDetectionManager: MSG_CALL_STATE_CHANGED
07-28 21:29:20.040  6671  7852 D OplusAtlasAudioDetectionManager: callStateChanged state: 0, len: 0
07-28 21:29:20.040  4927  4927 V OplusCustomizeCacheManager: queryCache name: sys.cache.common_customize_cache18016 param: null
07-28 21:29:20.040  3429  4583 D OplusNetlinkSocket: handleNetlinkRecvKernelMessage:nlmsghdr:StructNlMsgHdr{ nlmsg_len{40}, nlmsg_type{49()}, nlmsg_flags{0()}, nlmsg_seq{0}, nlmsg_pid{224727527} }
07-28 21:29:20.040  4993  5539 D NAS-CellularEvent: handleSubscriptionsChanged: slotId=0
07-28 21:29:20.040  4927  4927 V OplusCustomizeCacheManager: queryCache name: sys.cache.common_customize_cache18013 param: null
07-28 21:29:20.040  3429  4583 D KernelStatsHelper: get magic :[-1, -1, -1, 77, 65, 71, 73, 67]
07-28 21:29:20.040  4927  4927 V OplusCustomizeCacheManager: queryCache name: sys.cache.common_customize_cache18014 param: null
07-28 21:29:20.040  3429  4583 D KernelStatsHelper: magic matched count:0 data_len:0
07-28 21:29:20.040  3429  4583 D KernelStatsHelper: data over! check: true
07-28 21:29:20.040  4927  4927 V OplusCustomizeCacheManager: queryCache name: sys.cache.common_customize_cache18017 param: Bundle[{SETTING=BLOCK, BUSINESS=NCT-DATA}]
07-28 21:29:20.040  4993  5539 D NAS-CellularEvent: onImsRegistrationStateChanged, slotId=0state:false
07-28 21:29:20.040  4927  4927 V OplusCustomizeCacheManager: queryCache name: sys.cache.common_customize_cache18016 param: null
07-28 21:29:20.040  4927  4927 V OplusCustomizeCacheManager: queryCache name: sys.cache.common_customize_cache18013 param: null
07-28 21:29:20.040  4927  4927 V OplusCustomizeCacheManager: queryCache name: sys.cache.common_customize_cache18014 param: null
07-28 21:29:20.040  4927  4927 V OplusCustomizeCacheManager: queryCache name: sys.cache.common_customize_cache18017 param: Bundle[{SETTING=BLOCK, BUSINESS=NCT-DATA}]
07-28 21:29:20.040  4993  5896 D CellularEvent: handleSubscriptionsChanged: slotId=0
07-28 21:29:20.040  4993  5896 D CellularEvent: onImsRegistrationStateChanged, slotId=0state:false
07-28 21:29:20.040  4927  4927 D MultiSimSettingController: onSubscriptionsChanged
07-28 21:29:20.040  4927  4927 D MultiSimSettingController: isReadyToReevaluate: subInfoInitialized=true, carrierConfigsLoaded=true, satelliteEnabledOrBeingEnabled=false
07-28 21:29:20.040  4927  4927 D MultiSimSettingController: updateDefaults
07-28 21:29:20.040  4927  4927 D MultiSimSettingController: isReadyToReevaluate: subInfoInitialized=true, carrierConfigsLoaded=true, satelliteEnabledOrBeingEnabled=false
07-28 21:29:20.040  4927  4927 D MultiSimSettingController: updateDefaultValues: change: 0
07-28 21:29:20.040  4927  4927 D MultiSimSettingController: disableDataForNonDefaultNonOpportunisticSubscriptions triggered, return directly
07-28 21:29:20.041  4927  4927 D CallNotifier: updatePhoneStateListeners: update CF notifications.
07-28 21:29:20.041  4840  5293 I SystemUi--Statusbar: MobileConnectionRepositoryImpl-->subId:1 isSoftSimCard:false slotId:0
07-28 21:29:20.041  4840  4840 I SystemUi--Statusbar: OplusMobileIconInteractorImpl-->oplusIMSModel slot:0: CapabilityTypeModel(isVolteSwitchOn=true, isWfcEnabledByUser=true, imsRegistered=false, voiceCapable=false, videoCapable=false, registerTech=-1, isCrossSimCallingEnabledByUser=false, hasHideVolteOperator=false), SimStateModel(simInserted=[true, false], simForbidden=[false, true], simStateIMSI=[true, false], simLoaded=[true, false]),oplusNetworkTypeNr:20,isVoNrEnabled:false
07-28 21:29:20.041  4927  4927 I Telephony: TelecomAccountRegistry: onSubscriptionsChanged - reregister accounts
07-28 21:29:20.041  3429  5313 W BestClock: java.time.DateTimeException: Missing network time fix
07-28 21:29:20.042  4927  4927 D PhoneUtils: PhoneAccountHandle subId=1, slotId=0
07-28 21:29:20.042  6878  8499 D OsAgentAidlClient: [string_dataitem_update][1584] [HC] =>> [HS]
07-28 21:29:20.042  5078  5078 E QImsService: ImsConfigImpl : onSubscriptionsChanged unable to process due to SubscriptionInfo is null
07-28 21:29:20.042  3429  4494 D NetworkPolicy: Normalization put networkpolicyNetworkTemplate: matchRule=CARRIER, matchSubscriberIds=[001011...], matchWifiNetworkKeys=[], metered=YES
07-28 21:29:20.042  3429  4494 D NetworkPolicy: Normalization put networkpolicyNetworkTemplate: matchRule=CARRIER, matchSubscriberIds=[310260...], matchWifiNetworkKeys=[], metered=YES
07-28 21:29:20.042  3429  4494 D NetworkPolicy: Normalization put networkpolicyNetworkTemplate: matchRule=CARRIER, matchSubscriberIds=[001010...], matchWifiNetworkKeys=[], metered=YES
07-28 21:29:20.042  3429  4494 D NetworkPolicy: Normalization put networkpolicyNetworkTemplate: matchRule=CARRIER, matchSubscriberIds=[001010...], matchWifiNetworkKeys=[], metered=YES
07-28 21:29:20.042  3429  4494 D NetworkPolicy: Normalization put networkpolicyNetworkTemplate: matchRule=CARRIER, matchSubscriberIds=[001012...], matchWifiNetworkKeys=[], metered=YES
07-28 21:29:20.042  3429  4494 V NetworkPolicy: updateNetworkEnabledNL() return
07-28 21:29:20.042 13110 13110 I ttings:tzupdate: isSwordfishLaunchAppEnabled_ 1 isSwordfishInstallAppEnabled_ 1
07-28 21:29:20.042 13110 13110 E ttings:tzupdate: Unknown bits set in runtime_flags: 0x40000000
07-28 21:29:20.042 13110 13110 I ttings:tzupdate: Using CollectorTypeCMC GC.
07-28 21:29:20.042  4840  4840 I KeyguardUpdateMonitor: action=android.intent.action.SERVICE_STATE subId=1 slotId=0
07-28 21:29:20.042  4927  4927 D Telephony: registerPstnPhoneAccount line1Number =  subNumber = 
07-28 21:29:20.042  4927  4927 D Telephony: color is transparent asign default instead -15502541
07-28 21:29:20.043  4840  4840 I KeyguardUpdateMonitor: refreshSimState, changed:false,subId:1,slotId:0,state:5
07-28 21:29:20.043  4840  5175 I SystemUi--QuickSettings: Tile.OplusCellularTile-->updateCarrierText: dialog not showing, ignore
07-28 21:29:20.043  3429  4494 V NetworkPolicy: updateNotificationsNL not process
07-28 21:29:20.043  4840  5175 D SimStateHelper: slot:0, lock state:Bundle[mParcelledData.dataSize=56]
07-28 21:29:20.043  4840  5175 D SimStateHelper: slot:1, lock state:Bundle[mParcelledData.dataSize=56]
07-28 21:29:20.043  4840  5175 D SimStateHelper: needDisableMenu: slot1State=-1; slot2State=-1
07-28 21:29:20.043  4840  5175 D SimStateHelper: needDisableMenu:false
07-28 21:29:20.043  4840  5175 I SystemUi--QuickSettings: Tile.OplusCellularTile-->updateCarrierText: dialog not showing, ignore
07-28 21:29:20.043  4927  4927 D Telephony: isEmergencyPreferredAccount: subId=1, activeData=1
07-28 21:29:20.043  4840  5175 D SimStateHelper: slot:0, lock state:Bundle[mParcelledData.dataSize=56]
07-28 21:29:20.043  4927  4927 D Telephony: isEmergencyPreferredAccount: Device does not require preference.
07-28 21:29:20.043  4840  5175 D SimStateHelper: slot:1, lock state:Bundle[mParcelledData.dataSize=56]
07-28 21:29:20.043  4840  5175 D SimStateHelper: needDisableMenu: slot1State=-1; slot2State=-1
07-28 21:29:20.043  4840  5175 D SimStateHelper: needDisableMenu:false
07-28 21:29:20.043  3429  4494 W BestClock: java.time.DateTimeException: Missing network time fix
07-28 21:29:20.043  3429  5313 W BestClock: java.time.DateTimeException: Missing network time fix
07-28 21:29:20.043  4840  5973 I SystemUi--Statusbar: OplusMobileConnectionRepository1-->stopListenImsStatusChanged
07-28 21:29:20.043  4993  5929 W BestClock: java.time.DateTimeException: Missing network time fix
07-28 21:29:20.044  4927  4927 I Telephony: isRttCurrentlySupported -- regular acct, hasVoiceAvailability: false
07-28 21:29:20.044  4927  4927 I Telephony:  isRttSupported: false
07-28 21:29:20.044  4927  4927 I Telephony:  isUserRttSettingOn: false
07-28 21:29:20.044  4927  4927 I Telephony:  alwaysAllowWhileRoaming: false
07-28 21:29:20.044  4927  4927 I Telephony:  isRoaming: false
07-28 21:29:20.044  4927  4927 I Telephony:  isOnWfc: false
07-28 21:29:20.044  4927  4927 D Telephony: x0: buildPstnPhoneAccount, phoneId: 0, mIsVideoCapable: false, 
07-28 21:29:20.044  4927  4927 D OplusSesImsManagerExt: feature:0, phoneId:0
07-28 21:29:20.044  4927  4927 D OplusSesImsManagerExt: getSubIdUsingPhoneId:1, phoneId:0
07-28 21:29:20.044  4927  4927 D OplusSesImsManagerExt: isEntitlementEnabled:false
07-28 21:29:20.044  4993  5929 V MonthTrafficAlert: getWarningNotification subId:1 numWarningNotificaion:0
07-28 21:29:20.044  4840  5973 I SystemUi--Statusbar: OplusMobileConnectionRepository1-->phoneId: 0, conflatedCallbackFlow init
07-28 21:29:20.044  4840  5973 I SystemUi--Statusbar: OplusMobileConnectionRepository1-->startListenImsStatusChanged
07-28 21:29:20.044  4927  4927 D OplusSesImsManagerExt: isFeatureProvisionedOnDevice not enabled
07-28 21:29:20.044  4840  5812 V OplusCustomizeCacheManager: queryCache name: sys.cache.common_customize_cache18014 param: null
07-28 21:29:20.044  4840  5812 V OplusCustomizeCacheManager: queryCache name: sys.cache.common_customize_cache18017 param: Bundle[{SETTING=BLOCK, BUSINESS=NCT-DATA}]
07-28 21:29:20.044  4840  5812 V OplusCustomizeCacheManager: queryCache name: sys.cache.common_customize_cache18013 param: null
07-28 21:29:20.044 13110 13110 E ttings:tzupdate: Not starting debugger since process cannot load the jdwp agent.
07-28 21:29:20.044  4927  4927 D Telephony: registerPstnPhoneAccount mIsVideoCapable = false
07-28 21:29:20.044  5078  5078 I QImsService: OplusPhoneStateTracker : onSubscriptionsChanged Last subId: -1 Current subId -1
07-28 21:29:20.044  4927  4927 W libc    : Access denied finding property "persist.vendor.mtk_uce_support"
07-28 21:29:20.044  4927  4927 I Telephony: isCarrierVideoPresenceSupported, false, false, false, false
07-28 21:29:20.045  4927  4927 I Telephony: reRegisterPstnPhoneAccount: subId: 1 - no change
07-28 21:29:20.045  4927  4927 D ImsResolver: oldSubId: 1, newSubId: 1
07-28 21:29:20.045  4927  4927 D ImsResolver: oldSubId: -1, newSubId: -1
07-28 21:29:20.045  4927  4927 D InternationalRoamingNotification: init
07-28 21:29:20.045  5164  5202 D VirtualCommService2: isSupport. true, true
07-28 21:29:20.045  4927  4927 D OplusVirtualCommUtils: isVirtualCommSupport, vRet: true
07-28 21:29:20.045  4927  4927 I OplusVirtualCommUtils: getVirtualCommDeviceType, vRet: 1
07-28 21:29:20.045  4927  4927 I OplusVirtualCommUtils: isConsumerDeviceType, deviceType: 1
07-28 21:29:20.045  4927  4927 D InternationalRoamingNotification: do not createRoamingNotification for invalid Network
07-28 21:29:20.045 13110 13110 D nativeloader: Load libframework-connectivity-tiramisu-jni.so using APEX ns com_android_tethering for caller /apex/com.android.tethering/javalib/framework-connectivity-t.jar: ok
07-28 21:29:20.046  3429  5312 W BestClock: java.time.DateTimeException: Missing network time fix
07-28 21:29:20.046  4840  5973 I SystemUi--Statusbar: OplusMobileConnectionRepository1-->onImsStatusChanged model: CapabilityTypeModel(isVolteSwitchOn=true, isWfcEnabledByUser=true, imsRegistered=false, voiceCapable=false, videoCapable=false, registerTech=-1, isCrossSimCallingEnabledByUser=false, hasHideVolteOperator=false)
07-28 21:29:20.046  4927  4927 V OplusCustomizeCacheManager: queryCache name: sys.cache.common_customize_cache18016 param: null
07-28 21:29:20.046  4927  4927 V OplusCustomizeCacheManager: queryCache name: sys.cache.common_customize_cache18013 param: null
07-28 21:29:20.046  4927  4927 V OplusCustomizeCacheManager: queryCache name: sys.cache.common_customize_cache18014 param: null
07-28 21:29:20.046  4927  4927 V OplusCustomizeCacheManager: queryCache name: sys.cache.common_customize_cache18017 param: Bundle[{SETTING=BLOCK, BUSINESS=NCT-DATA}]
07-28 21:29:20.046  3429  5312 W BestClock: java.time.DateTimeException: Missing network time fix
07-28 21:29:20.047  3429  5313 W ContentService: Observer is already registered. Pid is 4927
07-28 21:29:20.047  4927  4927 V SimultaneousCallingTracker: Received EVENT 101
07-28 21:29:20.047  4927  4927 V SimultaneousCallingTracker: generateVoiceCapablePhoneMapBasedOnUserAssociation: adding phoneId = 0
07-28 21:29:20.047  4927  4927 I SimultaneousCallingTracker: updatePhoneMapAndSimultaneousCallSupportMap: mVoiceCapablePhoneMap.size = 1
07-28 21:29:20.047  4927  4927 V SimultaneousCallingTracker: registerForImsRegistrationChanges: registering phoneId = 0
07-28 21:29:20.047  4927  4927 V SimultaneousCallingTracker: generateSimultaneousCallSupportMap: returning simultaneousCallSubSupportMap = Phone ID=0 - Simultaneous calling compatible phone IDs=[]; 
07-28 21:29:20.047  4927  4927 V SimultaneousCallingTracker: handleSimultaneousCallingSupportChanged
07-28 21:29:20.047  4840  5812 V OplusCustomizeCacheManager: queryCache name: sys.cache.common_customize_cache18014 param: null
07-28 21:29:20.047  4840  5812 V OplusCustomizeCacheManager: queryCache name: sys.cache.common_customize_cache18017 param: Bundle[{SETTING=BLOCK, BUSINESS=NCT-DATA}]
07-28 21:29:20.047  4840  5812 V OplusCustomizeCacheManager: queryCache name: sys.cache.common_customize_cache18013 param: null
07-28 21:29:20.047 13110 13110 W libc    : Access denied finding property "persist.vendor.sys.activitylog"
07-28 21:29:20.047 13110 13110 I OneTrace: Mark active for pid=13110? true
07-28 21:29:20.047 13110 13110 D cutils-dev: otrace_set_tracing_enabled? true tag:0
07-28 21:29:20.047 13110 13122 D cutils-dev: properties changed in otrace_seq_number_changed!
07-28 21:29:20.048  3429  5313 D ActivityTaskManagerServiceExtImpl: preBindApplication record is null
07-28 21:29:20.048  3429  5313 D RGBNormalizeServer: OplusRGBNormalize feature enabled ? true
07-28 21:29:20.048  3429  5313 D ResourcesManagerCache: For package com.oplus.wirelesssettings we got cacheList [null] appInfoExt is null ? false hasFeature ? false
07-28 21:29:20.048  3429  5313 D VRR [OPlusExternalRefreshRateManager]: isPkgTfcEnable: pkgName = com.oplus.wirelesssettings, enable = false
07-28 21:29:20.048  3429  5313 D VRR [OPlusExternalRefreshRateManager]: getTfcMinFramerate: pkgName = com.oplus.wirelesssettings, min framerate = 0
07-28 21:29:20.050 13110 13110 D OplusActivityManager: get AMS extension: android.os.BinderProxy@9f40cc9
07-28 21:29:20.051 13110 13110 D CompactWindowAppManager: initCompactApplicationInfo CompactMode: , NormalMode: 
07-28 21:29:20.051 13110 13110 D OplusScrollToTopManager: setIsInWhiteList false
07-28 21:29:20.051 13110 13110 D OplusViewDebugManager: OplusViewDebugManager Constructor android.view.debug.OplusViewDebugManager@1d83eef [mHasViewDebugProperty true] [mHasMsgDebugProperty false] [DEBUG false] [EXTRAINFOENABLE false] [LIGHT_OS false]
07-28 21:29:20.052 13110 13110 D CompatChangeReporter: Compat change id reported: 242716250; UID 1000; state: ENABLED
07-28 21:29:20.053 13110 13110 W libc    : Access denied finding property "ro.odm.prev.product.name"
07-28 21:29:20.054 13110 13110 W ziparchive: Unable to open '/system_ext/framework/nfcvendorlib.dm': No such file or directory
07-28 21:29:20.054 13110 13110 W ziparchive: Unable to open '/system_ext/framework/nfcvendorlib.dm': No such file or directory
07-28 21:29:20.055 13110 13110 D nativeloader: Configuring clns-shared-7 for other apk /system_ext/framework/nfcvendorlib.jar. target_sdk_version=34, uses_libraries=ALL, library_path=/system_ext/priv-app/WirelessSettings/lib/arm64:/system_ext/priv-app/WirelessSettings/WirelessSettings.apk!/lib/arm64-v8a:/system/lib64:/system_ext/lib64, permitted_path=/data:/mnt/expand:/data/user_de/0/com.oplus.wirelesssettings:/system_ext/priv-app/WirelessSettings:/system/lib64:/system_ext/lib64
07-28 21:29:20.055 13110 13110 D nativeloader: Extending system_exposed_libraries: libbinauralrenderer_wrapper.qti.so:libhoaeffects.qti.so:libSloganJni.oplus.so:libsuperNight.oplus.so:libAPSClient-cmd-jni-extension.oplus.so:libsatellite_audio_jni.oplus.so:libortc_so.oplus.so:libsoundtouch.oplus.so:libsoundtouch_jni.oplus.so:libOplusStringJNI-extension.oplus.so:libsatellite_ostx_jni.oplus.so:libapssuspend-jni.oplus.so:libupdateprof.qti.so:libthermalclient.qti.so:libqape.qti.so:libqesdk_ndk_platform.qti.so:liblistenjni.qti.so
07-28 21:29:20.055 13110 13110 D ApplicationLoaders: Returning zygote-cached class loader: /system_ext/framework/androidx.window.extensions.jar
07-28 21:29:20.055 13110 13110 D ApplicationLoaders: Returning zygote-cached class loader: /system_ext/framework/androidx.window.sidecar.jar
07-28 21:29:20.057 13110 13110 D nativeloader: Configuring clns-shared-8 for other apk /system_ext/priv-app/WirelessSettings/WirelessSettings.apk. target_sdk_version=34, uses_libraries=, library_path=/system_ext/priv-app/WirelessSettings/lib/arm64:/system_ext/priv-app/WirelessSettings/WirelessSettings.apk!/lib/arm64-v8a:/system/lib64:/system_ext/lib64, permitted_path=/data:/mnt/expand:/data/user_de/0/com.oplus.wirelesssettings:/system_ext/priv-app/WirelessSettings:/system/lib64:/system_ext/lib64
07-28 21:29:20.061 13110 13110 V GraphicsEnvironment: Currently set values for:
07-28 21:29:20.061 13110 13110 V GraphicsEnvironment:   angle_gl_driver_selection_pkgs=[]
07-28 21:29:20.061 13110 13110 V GraphicsEnvironment:   angle_gl_driver_selection_values=[]
07-28 21:29:20.061 13110 13110 V GraphicsEnvironment: Global.Settings values are invalid: number of packages: 0, number of values: 0
07-28 21:29:20.062 13110 13110 D WS_OplusWirelessSettingsApp: onCreate, OplusWirelessSettingsApp
07-28 21:29:20.063 13110 13110 D LogUtils: initWirelessLog sIsQeAssert=false,sIsWifiOrBtLog=false
07-28 21:29:20.064  3429  3519 I ActivityManager: Flag disabled. Ignoring finishAttachApplication from uid: 1000. pid: 13110
07-28 21:29:20.065 13110 13110 E ANDR-PERF-CLIENT-SYS: death recipent object is fine
07-28 21:29:20.065 13110 13110 W ttings:tzupdate: AIBinder_linkToDeath is being called with a non-null cookie and no onUnlink callback set. This might not be intended. AIBinder_DeathRecipient_setOnUnlinked should be called first.
07-28 21:29:20.066  3429  3519 W OplusSelfProtectManager: pkg[com.oplus.wirelesssettings] not in policy list
07-28 21:29:20.068  3429  3519 D ActivityManager: Async freezing 13110 com.oplus.wirelesssettings:tzupdate
07-28 21:29:20.071  4700  7208 W SQLiteLog: (28) double-quoted string literal: "timezone_tzdata_v2_files"
07-28 21:29:20.117  1967  7337 D charge_time: type=sdp,reserve_soc=2,soc=44,ui_soc=47,current=196,avg=194,not_chg_cnt=0,stable_cnt=7,fcc=5724,fcc_ratio=94,delta=38,debug=0,region=16,ttf=27315(07:35:15),ui_ttf=21521(05:58:41)
07-28 21:29:20.144  4927  4927 V OplusCustomizeCacheManager: queryCache name: sys.cache.common_customize_cache18016 param: null
07-28 21:29:20.144  4927  4927 V OplusCustomizeCacheManager: queryCache name: sys.cache.common_customize_cache18013 param: null
07-28 21:29:20.144  4927  4927 V OplusCustomizeCacheManager: queryCache name: sys.cache.common_customize_cache18014 param: null
07-28 21:29:20.144  4927  4927 V OplusCustomizeCacheManager: queryCache name: sys.cache.common_customize_cache18017 param: Bundle[{SETTING=BLOCK, BUSINESS=NCT-DATA}]
07-28 21:29:20.146  4927  4927 V OplusCustomizeCacheManager: queryCache name: sys.cache.common_customize_cache18016 param: null
07-28 21:29:20.146  4927  4927 V OplusCustomizeCacheManager: queryCache name: sys.cache.common_customize_cache18013 param: null
07-28 21:29:20.146  4927  4927 V OplusCustomizeCacheManager: queryCache name: sys.cache.common_customize_cache18014 param: null
07-28 21:29:20.146  4927  4927 V OplusCustomizeCacheManager: queryCache name: sys.cache.common_customize_cache18017 param: Bundle[{SETTING=BLOCK, BUSINESS=NCT-DATA}]
07-28 21:29:20.147  1879  4431 I Dpps    : LtmSwState::SetParameter():144 ignore cmd 7 in state LtmOffState
07-28 21:29:20.150  4840  4840 D RowAnimatorExtImpl: end:view:StatusBarIconView(slot='volume' alpha=1.0 icon=StatusBarIcon(icon=Icon(typ=RESOURCE pkg=com.android.systemui id=0x7f0818f0) visible user=0 ) visibleState=ICON iconColor=#ccffffff staticDrawableColor=#ccffffff decorColor=#ffffffff animationStartColor=#0 currentSetColor=#ccffffff notification=null),tx
07-28 21:29:20.150  4840  4840 D RowAnimatorExtImpl: end:view:StatusBarIconView(slot='zen' alpha=1.0 icon=StatusBarIcon(icon=Icon(typ=RESOURCE pkg=com.android.systemui id=0x7f0818e1) visible user=0 ) visibleState=ICON iconColor=#ccffffff staticDrawableColor=#ccffffff decorColor=#ffffffff animationStartColor=#0 currentSetColor=#ccffffff notification=null),tx
07-28 21:29:20.150  4840  4840 D RowAnimatorExtImpl: end:view:StatusBarIconView(slot='volume' alpha=1.0 icon=StatusBarIcon(icon=Icon(typ=RESOURCE pkg=com.android.systemui id=0x7f0818f0) visible user=0 ) visibleState=ICON iconColor=#ccffffff staticDrawableColor=#ccffffff decorColor=#ffffffff animationStartColor=#0 currentSetColor=#ccffffff notification=null),tx
07-28 21:29:20.150  4840  4840 D RowAnimatorExtImpl: end:view:StatusBarIconView(slot='zen' alpha=1.0 icon=StatusBarIcon(icon=Icon(typ=RESOURCE pkg=com.android.systemui id=0x7f0818e1) visible user=0 ) visibleState=ICON iconColor=#ccffffff staticDrawableColor=#ccffffff decorColor=#ffffffff animationStartColor=#0 currentSetColor=#ccffffff notification=null),tx
07-28 21:29:20.150  4840  4840 D RowAnimatorExtImpl: end:view:StatusBarIconView(slot='volume' alpha=1.0 icon=StatusBarIcon(icon=Icon(typ=RESOURCE pkg=com.android.systemui id=0x7f0818f0) visible user=0 ) visibleState=ICON iconColor=#ccffffff staticDrawableColor=#ccffffff decorColor=#ffffffff animationStartColor=#0 currentSetColor=#ccffffff notification=null),tx
07-28 21:29:20.150  4840  4840 D RowAnimatorExtImpl: end:view:StatusBarIconView(slot='zen' alpha=1.0 icon=StatusBarIcon(icon=Icon(typ=RESOURCE pkg=com.android.systemui id=0x7f0818e1) visible user=0 ) visibleState=ICON iconColor=#ccffffff staticDrawableColor=#ccffffff decorColor=#ffffffff animationStartColor=#0 currentSetColor=#ccffffff notification=null),tx
07-28 21:29:20.199  5108  6169 W IWlanProxy: RESP_WAKE_LOCK_TIMEOUT
07-28 21:29:20.273  1955  1955 D SensorFeature: name=ssc_screenshot_info ,index = 22
07-28 21:29:20.273  1955  1955 D SensorFeature: write 29 bytes:59683899716,59692233049,165,0
07-28 21:29:20.348  6511  6588 E horae   : 0: back:33528,back_1:35848,back_2:35298,back_3:34592,frame:36000,frame_1:34909,front:36609,front_1:36950,front_2:35274, -2147483648 5, +(3162), 1 ,43756,33820,39659,43803,41786,42811,33867,39378,42798,41142,41876,33685,39088,41973,40598,41273,33645,38820,41273,40080, target_temp:36950, algo:0
07-28 21:29:20.349  4840  4840 I SystemUi--QuickSettings: TemporarilyInfoManager-->[animateShow] com.oplus.systemui.qs.base.temporarilyinfo.TemporarilyInfoManager$createViewToParent$1{fd8781a VFED..C.. ........ 0,0-1080,228 #7f0a0cb6 app:id/temporarily_info_view alpha=1.0 viewInfo = } end
07-28 21:29:20.349  4840  4840 I SystemUi--QuickSettings: TemporarilyInfoManager-->[trigger] start from showElementAfterShowFully
07-28 21:29:20.350  5164  5164 D RFPowerBoostManager: my thermal listener proxy invoke method:notifyThermalBroadCast args len:2
07-28 21:29:20.350  5164  5164 D RFPowerBoostManager: current temp is 36, mInCalling is false, current threshold is 41
07-28 21:29:20.350  4993  5929 W h       : networkLogger failï¼
07-28 21:29:20.350  4993  5929 D Acc-OplusLinkBoostCommon: notifyThermalBroadCast level = 5 temp = 36,lastTemp: 37 ,th: 44
07-28 21:29:20.351  6511  6561 E horae   : Horae service notifyComponentHeat caught exception -2
07-28 21:29:20.351  6511  6561 E horae   : Horae service notifyComponentHeat caught exception -2
07-28 21:29:20.367  1967  2051 D BatteryChargeControl: bcc get no support from charging protocol
07-28 21:29:20.412  1809  4439 I sensors-hal: handle_oplus_wise_rgb_event:189, high_pwm_light:lux 273.7,cct 3632.7,brl/algo/ir 1428.0/2.0/17.3,pwm/dc 0.0/0.0,rgbc 21129.697266/13322.105469/6113.607422/39196.847656,ts 59667964109,cnt 860,flag 165
07-28 21:29:20.412  3429  4377 D FusionLightNextGen: process end reported = 1, mode: 0, lux 498.7, cct -1.0, r/g/b/c: 21124.9/13335.9/6121.3/39206.9, R/G/B: 132.0/125.0/124.0, bri 1428.0, match 0.70, ir 0.018056, conf 0.0, ts 59692744109
07-28 21:29:20.413  1879  4431 I Dpps    : LtmSwState::SetParameter():144 ignore cmd 7 in state LtmOffState
07-28 21:29:20.473  4840  4840 D JankUtils: gfxSceneEnd; scene: 7
07-28 21:29:20.474  4840  4840 I SystemUi--Common: NotificationShadeDepthC-->sceneFlag: 0x001, isStart = false, Current sceneFlags: 0x000
07-28 21:29:20.474  4840  4840 D NavigationBar: restrainNavigationBarInvertColor: false
07-28 21:29:20.474  4840  5019 D RegionSamplingHelper =:    mCompositionSamplingListener.register
07-28 21:29:20.474  2151  2375 D SurfaceFlinger: addRegionSamplingListener pid: 4840, Area: [0, 2328, 1080, 2376]
07-28 21:29:20.547  1955  1955 D SensorFeature: name=ssc_screenshot_info ,index = 22
07-28 21:29:20.547  1955  1955 D SensorFeature: write 29 bytes:59957968309,59966301642,166,0
07-28 21:29:20.582  3429  3429 D OplusWifiBroadCastDispatcher: mBroadcastReceiver: onReceiver  action=android.intent.action.BATTERY_LEVEL_CHANGED
07-28 21:29:20.582  3429  4450 W OplusStorageManagerFeature: mScreenReceiver action:android.intent.action.BATTERY_LEVEL_CHANGED
07-28 21:29:20.582  3429  4605 D OplusWifiPowerService: onReceive action:android.intent.action.BATTERY_LEVEL_CHANGED
07-28 21:29:20.582  3429  4450 I OplusStorageManagerFeature: TmemoryBetterySwitch: level=47 state=0
07-28 21:29:20.582  3429  4450 I OplusStorageManagerFeature: TmemoryBetterySwitch: action=0 state=2
07-28 21:29:20.582  3429  4450 W OplusStorageManagerFeature: Ready to deal actionParam:0
07-28 21:29:20.582  3429  3725 D ActivityManager: sync unfroze 10823 com.android.settings for 3
07-28 21:29:20.583  3429  3725 D ActivityManager: Async freezing 10823 com.android.settings
07-28 21:29:20.583  3429  3725 D ActivityManager: Cancel freezing 10823 com.android.settings
07-28 21:29:20.584  3429  3725 D ActivityManager: Async freezing 10823 com.android.settings
07-28 21:29:20.585  3429  3725 D ActivityManager: Cancel freezing 10823 com.android.settings
07-28 21:29:20.588 10823 10823 D BatteryUsageBroadcastReceiver: onReceive:android.intent.action.BATTERY_LEVEL_CHANGED
07-28 21:29:20.589 10823 10823 D BatteryUsageBroadcastReceiver: fetch data because of event: ACTION_BATTERY_LEVEL_CHANGED
07-28 21:29:20.591 10823 10838 W ndroid.settings: Cleared Reference was only reachable from finalizer (only reported once)
07-28 21:29:20.592  3429  5313 D ActivityManager: Async freezing 10823 com.android.settings
07-28 21:29:20.594  7715  8098 W metis_v2_KnowledgeManager: Fire: isEmergency is true  debugFireMode = false [7f0000011753752519166386507170|p_7170_88da4f2@1|p_7715_48bfa5c@1|com.oplus.metis] [base|com.oplus.metis|1.5.5-f48228a]
07-28 21:29:20.595  7715  8098 W metis_v2_OifaceBindUtils: bindTask [7f0000011753752519166386507170|p_7170_88da4f2@1|p_7715_48bfa5c@1|com.oplus.metis]
07-28 21:29:20.595  7715  8098 W metis_v2_OifaceBindUtils: call connectOifaceService [7f0000011753752519166386507170|p_7170_88da4f2@1|p_7715_48bfa5c@1|com.oplus.metis]
07-28 21:29:20.595  7715  8098 I metis_v2_KnowledgeManager: panta-sugg-Fire: count=1 [7f0000011753752519166386507170|p_7170_88da4f2@1|p_7715_48bfa5c@1|com.oplus.metis]
07-28 21:29:20.595  6528  6648 E oiface  : sched_setaffinity failed
07-28 21:29:20.596  6528  6615 E oiface  : directSetTask: get cpuset path failed
07-28 21:29:20.596 10823 10840 W System  : A resource failed to call close. 
07-28 21:29:20.596 10823 10840 W System  : A resource failed to call close. 
07-28 21:29:20.596 10823 10840 W ndroid.settings: ApkAssets: Deleting an ApkAssets object '<empty> and /data/app/~~ALqGkx9_7GHC-QHs99zc0Q==/com.tencent.mm-IpfhmTfq4rI6aiNOrlV51Q==/base.apk' with 1 weak references
07-28 21:29:20.597 10823 10840 W ndroid.settings: ApkAssets: Deleting an ApkAssets object '<empty> and /data/app/~~0fUhfIJJ3ko4vu2V91xhkw==/com.heytap.browser-oSlI-qlAlOSHoXTvzdevAg==/base.apk' with 1 weak references
07-28 21:29:20.600  7715  8098 I System.out: 'park_precondition_home_02' 
07-28 21:29:20.600  7715  8098 I System.out: 'park_precondition_company_02' 
07-28 21:29:20.600  7715  8098 I System.out: 'UBIQUITOUS_SERVICE#assistant_screen#NOT_AT_HOME_301' 
07-28 21:29:20.601  7715  8098 I System.out: 'UBIQUITOUS_SERVICE#assistant_screen#NOT_AT_OFFICE_401' 
07-28 21:29:20.603  7715  8098 I System.out: 'policy:NEAR_SUBWAY_BUS_STATION_2x4' 
07-28 21:29:20.609  7715  8098 W metis_v2_TimeDurationCompare: [com.oplus.metis#UBIQUITOUS_SERVICE#scene#tips#TipScene_EXIT] 'timestamp' is not literal. [7f0000011753752519166386507170|p_7170_88da4f2@1|p_7715_48bfa5c@1|com.oplus.metis] [base|com.oplus.metis|1.5.5-f48228a]
07-28 21:29:20.610  7715  8098 D SceneIntentPublisher: headAction: pkg is com.oplus.metis and simpleRuleName is UBIQUITOUS_SERVICE#secne#activity_coloros_reminder_tips
07-28 21:29:20.617  7715  8098 D SceneIntentPublisher: headAction: pkg is com.oplus.metis and simpleRuleName is UBIQUITOUS_SERVICE#secne#activity_coloros_reminder_tips
07-28 21:29:20.621  7715  8098 I System.out: 'UBIQUITOUS_SERVICE#assistant_screen#NOT_AT_HOME_301' 
07-28 21:29:20.621  7715  8098 I System.out: 'tempPropertyForGuideStatus' 
07-28 21:29:20.624  7715  8098 D SceneIntentPublisher: headAction: pkg is com.oplus.metis and simpleRuleName is UBIQUITOUS_SERVICE#secne#activity_coloros_reminder_tips
07-28 21:29:20.624  7715  8098 W metis_v2_TimeDurationCompare: [com.oplus.metis#UBIQUITOUS_SERVICE#scene#tips#TipScene_EXIT] 'timestamp' is not literal. [7f0000011753752519166386507170|p_7170_88da4f2@1|p_7715_48bfa5c@1|com.oplus.metis]
07-28 21:29:20.634  7715  8041 I ContextAware_GetInstalledAppsInfo: Update cache
07-28 21:29:20.637  7715  8098 W metis_v2_AbsTimerTriggered: [com.oplus.metis#UBIQUITOUS_SERVICE#health#LAUNCH-HEALTH-APP]: periodicTriggered's parseArgsToTimer meet exception periodic timer's first execute start time must >= time range start [7f0000011753752519166386507170|p_7170_88da4f2@1|p_7715_48bfa5c@1|com.oplus.metis]
07-28 21:29:20.637  7715  8098 W metis_v2_AbsTimerTriggered: [com.oplus.metis#UBIQUITOUS_SERVICE#health#LAUNCH-HEALTH-APP]: please check if builtin periodicTriggered's args is valid [7f0000011753752519166386507170|p_7170_88da4f2@1|p_7715_48bfa5c@1|com.oplus.metis]
07-28 21:29:20.643  7715  8098 I System.out: 'UBIQUITOUS_SERVICE#assistant_screen#NOT_AT_OFFICE_401' 
07-28 21:29:20.643  7715  8098 I metis_v2_KnowledgeManager: panta-sugg-Fire takes 48 milliseconds. [7f0000011753752519166386507170|p_7170_88da4f2@1|p_7715_48bfa5c@1|com.oplus.metis]
07-28 21:29:20.643  7715  8098 I ContextAware_PantanalIntentManager: intent (id-14111004+policyName-CLEAN_STORAGE) is not found in scene_intent_config [7f0000011753752519166386507170|p_7170_88da4f2@1|p_7715_48bfa5c@1|com.oplus.metis]
07-28 21:29:20.644  7715  8098 I metis_v2_SceneTravelingAdapter: recallTravellingIntent: [] [7f0000011753752519166386507170|p_7170_88da4f2@1|p_7715_48bfa5c@1|com.oplus.metis]
07-28 21:29:20.644  7715  8098 I ContextAware_ContextAware_SceneIntentManager: mLastIntentDataSet: [] [7f0000011753752519166386507170|p_7170_88da4f2@1|p_7715_48bfa5c@1|com.oplus.metis]
07-28 21:29:20.644  7715  8098 I ContextAware_ContextAware_SceneIntentManager: intentList: [IntentDataDTO(intent=IntentDTO=[sceneId=220500200, intentId=14111005, isExited=false, source=0, ownerId=com.oplus.metis, action=14111005, policyName=SUBSTITUTE_SCENE, serviceId=, sendExitedIntent=true, repeatable=false, sceneScore=-1.0, position=right, level=2, type=1, serviceInstanceId=null, isSupportMultiInstance=false, settingsPreference=null], items=[]), IntentDataDTO(intent=IntentDTO=[sceneId=210000000, intentId=12121002, isExited=true, source=0, ownerId=com.oplus.metis, action=12121002, policyName=TAKEOUT_ORDER_STATUS_CHANGE, serviceId=, sendExitedIntent=false, repeatable=false, sceneScore=-1.0, position=left, level=1, type=1, serviceInstanceId=null, isSupportMultiInstance=false, settingsPreference=null], items=[]), IntentDataDTO(intent=IntentDTO=[sceneId=null, intentId=14111004, isExited=true, source=0, ownerId=com.oplus.metis, action=14111004, policyName=CLEAN_STORAGE, serviceId=, sendExitedIntent=false, repeatable=false, sceneScore=-1.0, position=null, level=0, type=1, serviceInstanceId=null, isSupportMultiInstance=false, settingsPreference=null], items=[]), IntentDataDTO(intent=IntentDTO=[sceneId=null, intentId=12121002, isExited=true, source=0, ownerId=com.oplus.metis, action=12121002, policyName=TAKEOUT_ORDER_STATUS_CHANGE, serviceId=, sendExitedIntent=false, repeatable=false, sceneScore=-1.0, position=null, level=0, type=1, serviceInstanceId=null, isSupportMultiInstance=false, settingsPreference=null], items=[])] [7f0000011753752519166386507170|p_7170_88da4f2@1|p_7715_48bfa5c@1|com.oplus.metis]
07-28 21:29:20.644  7715  8098 I ContextAware_ContextAware_SceneIntentManager: missedIntent: [] [7f0000011753752519166386507170|p_7170_88da4f2@1|p_7715_48bfa5c@1|com.oplus.metis]
07-28 21:29:20.644  7715  8098 I metis_v2_SceneIntentManager: panta-sugg-Published intents: [7f0000011753752519166386507170|p_7170_88da4f2@1|p_7715_48bfa5c@1|com.oplus.metis]
07-28 21:29:20.644  7715  8098 I metis_v2_SceneIntentManager: panta-sugg-IntentDataDTO(intent=IntentDTO=[sceneId=220500200, intentId=14111005, isExited=false, source=0, ownerId=com.oplus.metis, action=14111005, policyName=SUBSTITUTE_SCENE, serviceId=, sendExitedIntent=true, repeatable=false, sceneScore=-1.0, position=right, level=2, type=1, serviceInstanceId=null, isSupportMultiInstance=false, settingsPreference=null], items=[]) [7f0000011753752519166386507170|p_7170_88da4f2@1|p_7715_48bfa5c@1|com.oplus.metis]
07-28 21:29:20.644  7715  8098 I metis_v2_SceneIntentManager: panta-sugg-IntentDataDTO(intent=IntentDTO=[sceneId=210000000, intentId=12121002, isExited=true, source=0, ownerId=com.oplus.metis, action=12121002, policyName=TAKEOUT_ORDER_STATUS_CHANGE, serviceId=, sendExitedIntent=false, repeatable=false, sceneScore=-1.0, position=left, level=1, type=1, serviceInstanceId=null, isSupportMultiInstance=false, settingsPreference=null], items=[]) [7f0000011753752519166386507170|p_7170_88da4f2@1|p_7715_48bfa5c@1|com.oplus.metis]
07-28 21:29:20.644  7715  8098 I metis_v2_SceneIntentManager: panta-sugg-IntentDataDTO(intent=IntentDTO=[sceneId=null, intentId=14111004, isExited=true, source=0, ownerId=com.oplus.metis, action=14111004, policyName=CLEAN_STORAGE, serviceId=, sendExitedIntent=false, repeatable=false, sceneScore=-1.0, position=null, level=0, type=1, serviceInstanceId=null, isSupportMultiInstance=false, settingsPreference=null], items=[]) [7f0000011753752519166386507170|p_7170_88da4f2@1|p_7715_48bfa5c@1|com.oplus.metis]
07-28 21:29:20.644  7715  8098 I metis_v2_SceneIntentManager: panta-sugg-IntentDataDTO(intent=IntentDTO=[sceneId=null, intentId=12121002, isExited=true, source=0, ownerId=com.oplus.metis, action=12121002, policyName=TAKEOUT_ORDER_STATUS_CHANGE, serviceId=, sendExitedIntent=false, repeatable=false, sceneScore=-1.0, position=null, level=0, type=1, serviceInstanceId=null, isSupportMultiInstance=false, settingsPreference=null], items=[]) [7f0000011753752519166386507170|p_7170_88da4f2@1|p_7715_48bfa5c@1|com.oplus.metis]
07-28 21:29:20.645  7715  8098 I ContextAware_MetisStatistics: uploadMetisIntentData enter {intent_source=0, intent_action=14111005, exit_type=, rule_name=UBIQUITOUS_SERVICE#secne#activity_coloros_reminder_tips, service_id=, scene_id=220500200, policy_name=SUBSTITUTE_SCENE, is_exited=false, intent_id=14111005, timestamp=1753752560645} [7f0000011753752519166386507170|p_7170_88da4f2@1|p_7715_48bfa5c@1|com.oplus.metis]
07-28 21:29:20.645  7715  8098 I ContextAware_PantanalIntentManager: getCloudIntentConfig [7f0000011753752519166386507170|p_7170_88da4f2@1|p_7715_48bfa5c@1|com.oplus.metis]
07-28 21:29:20.649  7715  8098 I ContextAware_PantanalIntentManager: getDownLoadConfig [7f0000011753752519166386507170|p_7170_88da4f2@1|p_7715_48bfa5c@1|com.oplus.metis]
07-28 21:29:20.651  7715  8100 I DeepThinkerSDK: [APP] ClientConnection: getDeepThinkerBridge start
07-28 21:29:20.651  7715  8100 I DeepThinkerSDK: [APP] ClientConnection: getDeepThinkerBridge end
07-28 21:29:20.663  7715  8098 I ContextAware_PantanalIntentManager: selectNewestConfig, assetVersion 202505301103, downloadVersion 202507161101 [7f0000011753752519166386507170|p_7170_88da4f2@1|p_7715_48bfa5c@1|com.oplus.metis]
07-28 21:29:20.667  1879  2174 I SDM     : DisplayBase::CommitThread: Received idle timeout, panel: cmd, timeout: 70000 us
07-28 21:29:20.669  7715  8098 I ContextAware_PantanalIntentManager: getCloudIntentConfig, cache cloud intent config [7f0000011753752519166386507170|p_7170_88da4f2@1|p_7715_48bfa5c@1|com.oplus.metis]
07-28 21:29:20.669  7715  8098 I ContextAware_PantanalIntentLruCache: create, key=14111004-CLEAN_STORAGE, create time=24 LruCache[maxSize=120,hits=118,misses=5,hitRate=95%] cacheSize=15 [7f0000011753752519166386507170|p_7170_88da4f2@1|p_7715_48bfa5c@1|com.oplus.metis]
07-28 21:29:20.670  7715  8098 I ContextAware_DecisionIntentProvider: uriPath:/negative_screen [7f0000011753752519166386507170|p_7170_88da4f2@1|p_7715_48bfa5c@1|com.oplus.metis]
07-28 21:29:20.670  7715  9837 E ContextAware_SortAlgorithmManager.ReorderProcessor.GuaranteedIntentManager: removeExternalIntent mExternalGuaranteedList invalid
07-28 21:29:20.670  7715  8098 I ContextAware_DecisionIntentProvider: mAssistantScreenList:[] [7f0000011753752519166386507170|p_7170_88da4f2@1|p_7715_48bfa5c@1|com.oplus.metis]
07-28 21:29:20.670  7715  9215 E ContextAware_SortAlgorithmManager.ReorderProcessor.GuaranteedIntentManager: removeExternalIntent mExternalGuaranteedList invalid
07-28 21:29:20.670  7715  8829 E ContextAware_SortAlgorithmManager.ReorderProcessor.GuaranteedIntentManager: removeExternalIntent mExternalGuaranteedList invalid
07-28 21:29:20.671  7715  8098 I DataCollector_SortAlgorithmManager.SortCommonUtil: mIntentList is empty. [7f0000011753752519166386507170|p_7170_88da4f2@1|p_7715_48bfa5c@1|com.oplus.metis]
