07-28 21:29:19.834  4993  5955 D ElevatorEvent: enableElevatorDetect mIsElevSensorReg = false
07-28 21:29:19.834  4993  5896 D ResidenceLocSm: onPostHandleMessage 49
07-28 21:29:19.834  4993  5955 V SystemSensorManagerExtImpl: RegisterListener elevator_detect  Wakeup type:33171036 delay:200000us by com.oplus.nas.comm.event.ElevatorEvent$a@eebc5e2 from com.oplus.nas
07-28 21:29:19.834  4993  6380 I PCDR-common_no_service[0]: forbidden
07-28 21:29:19.834  4993  6380 I PCDR-common_no_45g[0]: forbidden
07-28 21:29:19.834  4993  6380 I PCDR-common_no_service[1]: forbidden
07-28 21:29:19.834  4993  6380 I PCDR-common_no_45g[1]: forbidden
07-28 21:29:19.834  3429  4426 D BluetoothSystemServer: BluetoothRadioModeListener: Not sensitive to airplane_mode_radios change. Forced to false
07-28 21:29:19.834  4993  5930 D NAS-CallIssueDetector: EVENT_SIM_STATE_CHANGE mSimState[0] LOADED
07-28 21:29:19.834  4993  5930 D SceneEvent: registerSensorMgr start
07-28 21:29:19.834  4927  4927 W Settings: Setting airplane_mode_on has moved from android.provider.Settings.System to android.provider.Settings.Global, returning read-only value.
07-28 21:29:19.834  4927  4927 W Settings: Setting airplane_mode_on has moved from android.provider.Settings.System to android.provider.Settings.Global, returning read-only value.
07-28 21:29:19.834  4927  4927 W Settings: Setting airplane_mode_on has moved from android.provider.Settings.System to android.provider.Settings.Global, returning read-only value.
07-28 21:29:19.834  4927  4927 W Settings: Setting airplane_mode_on has moved from android.provider.Settings.System to android.provider.Settings.Global, returning read-only value.
07-28 21:29:19.834  4927  4927 W Settings: Setting airplane_mode_on has moved from android.provider.Settings.System to android.provider.Settings.Global, returning read-only value.
07-28 21:29:19.835  3429  4603 D OplusWifiPower_ConnLpmEventObsever: AIRPLANE_MODE_ON:false
07-28 21:29:19.835  1816  1816 W android.hardware.wifi-service: No active wlan interfaces in use! Using default
07-28 21:29:19.835  3429  5313 D SensorService: createSensorEventConnection packageName = com.oplus.nas.comm.event.ElevatorEvent, opPackageName = com.oplus.nas, mCurrentOperatingMode = 0, requestedMode = 0
07-28 21:29:19.835  7265  9535 I SettingImpl: isAirplaneModeToggleChecked switchValue: -1, airplane mode isChecked is false
07-28 21:29:19.835  5078  5078 I QImsService: OplusWifiApmStateMgr : ACTION_AIRPLANE_MODE_CHANGED,mIsAirplaneModeOn: false
07-28 21:29:19.835  5078  5078 I QImsService: OplusImsServiceSubImpl : onTurnOffImsAfterWifiChanged : false
07-28 21:29:19.835  5078  5078 I QImsService: OplusImsServiceSubImpl : onTurnOffImsAfterWifiChanged : false
07-28 21:29:19.835  4927  4927 D PhoneGlobals: ACTION_AIRPLANE_MODE_CHANGED received
07-28 21:29:19.835  4927  4927 D PhoneGlobals: Receive ACTION_AIRPLANE_MODE_CHANGED, state: false
07-28 21:29:19.835  4927  4927 I PhoneGlobals: handleAirplaneModeChange: isAirplaneNewlyOn=false
07-28 21:29:19.835  4927  4927 D PhoneGlobals: handleAirplaneModeChange: isAirplaneNewlyOn = false, cellState = 2
07-28 21:29:19.835  4927  4927 I PhoneGlobals: Turning radio on - airplane
07-28 21:29:19.835  4840  4840 I SystemUi--Statusbar: OplusStatusBarSignalPolicy-->imsIcon: OplusIMSModel(shouldShowVolte=false, shouldShowVowifi=false, simInserted=true, noSim=false, shouldShowVodata=false, shouldShowVo5G=false, vowifiState=false), OplusIMSModel(shouldShowVolte=false, shouldShowVowifi=false, simInserted=false, noSim=true, shouldShowVodata=false, shouldShowVo5G=false, vowifiState=false), noSubs:false, airplaneMode:falsevisible: false ,wifiConnect:false , vowifiIcon:0 , voDataStatus:false, is5GNewCall:false
07-28 21:29:19.836  4840  4840 I SystemUi--Statusbar: OplusStatusBarSignalPolicy-->noSimIcon simState: SimStateModel(simInserted=[true, false], simForbidden=[false, true], simStateIMSI=[true, false], simLoaded=[true, false]), noSubs:false isAirplaneMode:false
07-28 21:29:19.836  4840  5812 I SystemUi--QuickSettings: Tile.OplusAirplaneModeTile-->handleUpdateState state.state: 2 value: 0
07-28 21:29:19.836  4840  5812 V OplusCustomizeCacheManager: queryCache name: sys.cache.common_customize_cache18026 param: null
07-28 21:29:19.836  4840  4840 I SystemUi--Statusbar: OplusMobileIconViewModel-->isVisible subId:1 isAirplaneMode:false isAllowedDuringAirplaneMode:false isForceHidden:false isSatelliteForbid:false
07-28 21:29:19.836  4840  4840 I SystemUi--Statusbar: OplusStatusBarMobileViewBinder-->isVisible:true
07-28 21:29:19.836  5007  8514 I txpwradmin:SettingsObserver: onChange for uri = content://settings/global/airplane_mode_on
07-28 21:29:19.836  5000  5000 I HidlServiceManagement: Trying to get transport of vendor.oplus.hardware.appradio@1.0::IOplusAppRadio/oplus_app_slot1 without hwservicemanager
07-28 21:29:19.836  4840  4840 I SystemUi--Statusbar: OplusStatusBarMobileViewBinder-->isVisible:true
07-28 21:29:19.836  3429  4604 D OplusWifiSwitchStateMonitor: mWifiSettingsValue:0
07-28 21:29:19.836  4840  4840 I SystemUi--Statusbar: OplusStatusBarMobileViewBinder-->isVisible:true
07-28 21:29:19.836  4840  4840 I SystemUi--Statusbar: OplusStatusBarMobileViewBinder-->isVisible:true
07-28 21:29:19.836  4840  4840 I SystemUi--Statusbar: OplusStatusBarMobileViewBinder-->isVisible:true
07-28 21:29:19.836  3429  4604 D OplusWifiSwitchStateMonitor: notify scan state: true
07-28 21:29:19.836  5000  5000 E NhsAppRIL/0: in getOplusRadioProxy getService: Exception: java.util.NoSuchElementException
07-28 21:29:19.836  4840  5812 I SystemUi--QuickSettings: Tile.OplusAirplaneModeTile-->handleUpdateState state.state: 1 value: 0
07-28 21:29:19.836  4840  5812 V OplusCustomizeCacheManager: queryCache name: sys.cache.common_customize_cache18026 param: null
07-28 21:29:19.836  4840  5812 V OplusCustomizeCacheManager: queryCache name: sys.cache.common_customize_cache11009 param: null
07-28 21:29:19.836  5007  8514 D txpwrJni: sendRadioStatus start
07-28 21:29:19.836  5164  5164 W Settings: Setting airplane_mode_on has moved from android.provider.Settings.System to android.provider.Settings.Global, returning read-only value.
07-28 21:29:19.837  5000  5000 D NhsElevatorReceiver: enableElevatorDetect mIsElevSensorReg = false
07-28 21:29:19.837  5164  5164 D RadioMessenger: handleMessage Request msgid 2215
07-28 21:29:19.838  3429  4497 D OplusWifiConcurrentManager: isConcurrentCombinationAllowed : createMode= 0, requestType =-1
07-28 21:29:19.838  3429  5336 W SensorService: SensorEventConnection sensor handle=1362, package = com.oplus.nas.comm.event.ElevatorEvent enable
07-28 21:29:19.838  3429  5336 E SensorService: Required app com.oplus.nas.comm.event.ElevatorEvent, uid 1000, pid 4993
07-28 21:29:19.838  3429  5336 D SensorService: Calling batch handle==1362 flags=0rate=200000000 timeout== 0
07-28 21:29:19.838  3429  5336 D SensorService: SensorDevice::batch: ident=0xb400007d13fed580, handle=0x00000552, flags=0, period_ns=200000000 timeout=0
07-28 21:29:19.838  3429  5336 D SensorService: 	>>> actuating h/w BATCH 0x00000552 200000000 0
07-28 21:29:19.838  5000  5000 V SystemSensorManagerExtImpl: RegisterListener elevator_detect  Wakeup type:33171036 delay:200000us by t0.g$b@bdc3b32 from com.oplus.nhs
07-28 21:29:19.838  3429  4497 I HalDevMgr: currentModeId=3, requestModeId=3, currentModeIdValid=true
07-28 21:29:19.838  1809  1809 I sensors-hal: batch:153, qti.sensor.elevator_detect/1362, period=200000000, max_latency=0
07-28 21:29:19.838  1809  1809 I sensors-hal: batch:175, qti.sensor.elevator_detect/1362, period=200000000, max_latency=0 request completed
07-28 21:29:19.838  3429  4426 D BluetoothSystemServer: AirplaneModeListener: Ignore mode change to same state. previousMode=false, isOn=false, isOnOverrode=false, isMediaConnected=false
07-28 21:29:19.838  5164  5164 D RadioProxyJ: [PHONE0][99]> getNecData moduleId:1 evtId:[0, 16, 0, 0, 0, 0, 0, 0, 0, 0, 0, 0, 0, 0, 0, 0, 0, 0, 0, 0, 0, 0, 0, 0, 0, 0, 0, 0, 0, 0, 0, 0]
07-28 21:29:19.838  3429  5336 D SensorService: Calling activate on 1362
07-28 21:29:19.838  3429  5336 D SensorService: SensorDevice::activate: ident=0xb400007d13fed580, handle=0x00000552, enabled=1, count=1
07-28 21:29:19.838  3429  5336 D SensorService: enable index=0
07-28 21:29:19.838  3429  5336 D SensorService: info.numActiveClients() = 1, info.isActive = 0
07-28 21:29:19.838  3429  5336 D SensorService: activateHardware = 1
07-28 21:29:19.838  3429  5336 D SensorService: 	>>> actuating h/w activate handle=1362 enabled=1
07-28 21:29:19.838  1809  1809 I sensors-hal: activate:112, qti.sensor.elevator_detect/1362 en=1
07-28 21:29:19.838  1809  1809 I sensors-hal: acquire_qsh_interface:131, acquire_qsh_interface with sensor_id 28 , conn_type 2 
07-28 21:29:19.839  3429  5898 D SensorService: createSensorEventConnection packageName = t0.g, opPackageName = com.oplus.nhs, mCurrentOperatingMode = 0, requestedMode = 0
07-28 21:29:19.839  4840  4840 D RowAnimatorExtImpl: init:tx,view:StatusBarIconView(slot='volume' alpha=1.0 icon=StatusBarIcon(icon=Icon(typ=RESOURCE pkg=com.android.systemui id=0x7f0818f0) visible user=0 ) visibleState=ICON iconColor=#ccffffff staticDrawableColor=#ccffffff decorColor=#ffffffff animationStartColor=#0 currentSetColor=#ccffffff notification=null),translationX:  9.0  0.0  
07-28 21:29:19.839  4840  4840 D RowAnimatorExtImpl: init:tx,view:StatusBarIconView(slot='zen' alpha=1.0 icon=StatusBarIcon(icon=Icon(typ=RESOURCE pkg=com.android.systemui id=0x7f0818e1) visible user=0 ) visibleState=ICON iconColor=#ccffffff staticDrawableColor=#ccffffff decorColor=#ffffffff animationStartColor=#0 currentSetColor=#ccffffff notification=null),translationX:  57.0  48.0  
07-28 21:29:19.839  4840  4840 D RowAnimatorExtImpl: init:tx,view:StatusBarIconView(slot='volume' alpha=1.0 icon=StatusBarIcon(icon=Icon(typ=RESOURCE pkg=com.android.systemui id=0x7f0818f0) visible user=0 ) visibleState=ICON iconColor=#ccffffff staticDrawableColor=#ccffffff decorColor=#ffffffff animationStartColor=#0 currentSetColor=#ccffffff notification=null),translationX:  9.0  0.0  
07-28 21:29:19.839  4840  4840 D RowAnimatorExtImpl: init:tx,view:StatusBarIconView(slot='zen' alpha=1.0 icon=StatusBarIcon(icon=Icon(typ=RESOURCE pkg=com.android.systemui id=0x7f0818e1) visible user=0 ) visibleState=ICON iconColor=#ccffffff staticDrawableColor=#ccffffff decorColor=#ffffffff animationStartColor=#0 currentSetColor=#ccffffff notification=null),translationX:  57.0  48.0  
07-28 21:29:19.840  1816  1816 D WifiHAL : wifi_set_interface_mode: ifname=wlan0 iface_type=0
07-28 21:29:19.840  1816  1816 I android.hardware.wifi-service: Adding interface handle for wifi-aware0
07-28 21:29:19.840  1816  1816 I android.hardware.wifi-service: Adding interface handle for wlan0
07-28 21:29:19.840  1816  1816 I android.hardware.wifi-service: Adding interface handle for p2p0
07-28 21:29:19.840  4840  4840 D RowAnimatorExtImpl: init:tx,view:StatusBarIconView(slot='volume' alpha=1.0 icon=StatusBarIcon(icon=Icon(typ=RESOURCE pkg=com.android.systemui id=0x7f0818f0) visible user=0 ) visibleState=ICON iconColor=#ccffffff staticDrawableColor=#ccffffff decorColor=#ffffffff animationStartColor=#0 currentSetColor=#ccffffff notification=null),translationX:  9.0  0.0  
07-28 21:29:19.840  4840  4840 D RowAnimatorExtImpl: init:tx,view:StatusBarIconView(slot='zen' alpha=1.0 icon=StatusBarIcon(icon=Icon(typ=RESOURCE pkg=com.android.systemui id=0x7f0818e1) visible user=0 ) visibleState=ICON iconColor=#ccffffff staticDrawableColor=#ccffffff decorColor=#ffffffff animationStartColor=#0 currentSetColor=#ccffffff notification=null),translationX:  57.0  48.0  
07-28 21:29:19.840  1776  1838 E minksocket: MinkIPC ERROR: ( 1776:1838 ) MinkIPC_preProcess:272 Client down, but cannot find corresponding minksession
07-28 21:29:19.841  1776  1836 E minksocket: MinkIPC ERROR: ( 1776:1836 ) MinkIPC_preProcess:272 Client down, but cannot find corresponding minksession
07-28 21:29:19.841  1776  1836 E minksocket: MinkIPC ERROR: ( 1776:1836 ) MinkIPC_preProcess:272 Client down, but cannot find corresponding minksession
07-28 21:29:19.841  1809  1809 I sensors-hal: qsh_qmi:34, qsh_qmi
07-28 21:29:19.841  1776  1838 E minksocket: MinkIPC ERROR: ( 1776:1838 ) MinkIPC_preProcess:272 Client down, but cannot find corresponding minksession
07-28 21:29:19.841  1776  1838 E minksocket: MinkIPC ERROR: ( 1776:1838 ) MinkIPC_preProcess:272 Client down, but cannot find corresponding minksession
07-28 21:29:19.841  1809  1809 I sensors-hal: send_sync_sensor_request:443, send sync request
07-28 21:29:19.841  1809  1809 I sensors-hal: send_sync_sensor_request:472, wait for notification of response
07-28 21:29:19.841  1776  1836 E minksocket: MinkIPC ERROR: ( 1776:1836 ) MinkIPC_preProcess:272 Client down, but cannot find corresponding minksession
07-28 21:29:19.842  1776  1838 E minksocket: MinkIPC ERROR: ( 1776:1838 ) MinkIPC_preProcess:272 Client down, but cannot find corresponding minksession
07-28 21:29:19.842  1776  1836 E minksocket: MinkIPC ERROR: ( 1776:1836 ) MinkIPC_preProcess:272 Client down, but cannot find corresponding minksession
07-28 21:29:19.842  3403  3443 D QmiVsClient: getNecData - enter
07-28 21:29:19.842  4840  5175 I SystemUi--QuickSettings: Tile.OplusCellularTile-->updateCarrierText: dialog not showing, ignore
07-28 21:29:19.842  3403  3443 E QmiVsClient: sendAsyncRequest QMI_VS_GET_NEC_DATA_REQ_MSG_V01 ret 0
07-28 21:29:19.843  1809 13078 I sensors-hal: qsh_conn_resp_cb:793, resp_value = 0 for elevator_detect 
07-28 21:29:19.843  4840  5175 D SimStateHelper: slot:0, lock state:Bundle[mParcelledData.dataSize=56]
07-28 21:29:19.843  1809  1809 I sensors-hal: send_sync_sensor_request:478, takes 1 ms to receive the response with 0
07-28 21:29:19.843  1809  1809 I sensors-hal: activate:131, qti.sensor.elevator_detect/1362 en=1 completed
07-28 21:29:19.843  4840  5175 D SimStateHelper: slot:1, lock state:Bundle[mParcelledData.dataSize=56]
07-28 21:29:19.843  3429  5336 D SensorService: 0xb400007d13fed580 addFd fd=970
07-28 21:29:19.843  4840  5175 D SimStateHelper: needDisableMenu: slot1State=-1; slot2State=-1
07-28 21:29:19.843  4840  5175 D SimStateHelper: needDisableMenu:false
07-28 21:29:19.843  4993  5955 D ElevatorEvent: elevator:registerForElevatorDetect  , true mIsElevSensorReg = true
07-28 21:29:19.843  4993  5955 D SceneEvent: registerSensorMgr start
07-28 21:29:19.843  4993  5955 D SceneEvent: registerSensorMgr already start,return
07-28 21:29:19.845  3429  4497 D HalDevMgr: updateRttController: no one is interested in RTT controllers
07-28 21:29:19.845  3429  4497 E HalDevMgr: removeP2pAndSapCombination do nothing: mIsAddedP2pAndSapCombination = false
07-28 21:29:19.845  1816  8264 W android.hardware.wifi-service: AIBinder_linkToDeath is being called with a non-null cookie and no onUnlink callback set. This might not be intended. AIBinder_DeathRecipient_setOnUnlinked should be called first.
07-28 21:29:19.845  1816  8264 I android.hardware.wifi-service: twtRegisterEvents is not supported-3
07-28 21:29:19.846  3429  5239 W SensorService: SensorEventConnection sensor handle=1362, package = t0.g enable
07-28 21:29:19.846  3429  5239 E SensorService: Required app t0.g, uid 1001, pid 5000
07-28 21:29:19.846  1816  1816 W android.hardware.wifi-service: AIBinder_linkToDeath is being called with a non-null cookie and no onUnlink callback set. This might not be intended. AIBinder_DeathRecipient_setOnUnlinked should be called first.
07-28 21:29:19.846  3429  5239 D SensorService: Calling batch handle==1362 flags=0rate=200000000 timeout== 0
07-28 21:29:19.846  3429  5239 D SensorService: SensorDevice::batch: ident=0xb400007bc6e2a800, handle=0x00000552, flags=0, period_ns=200000000 timeout=0
07-28 21:29:19.846  3429  5239 D SensorService: Calling activate on 1362
07-28 21:29:19.846  3429  5239 D SensorService: SensorDevice::activate: ident=0xb400007bc6e2a800, handle=0x00000552, enabled=1, count=2
07-28 21:29:19.846  3429  5239 D SensorService: enable index=0
07-28 21:29:19.846  3429  5239 D SensorService: info.numActiveClients() = 2, info.isActive = 1
07-28 21:29:19.846  3429  5239 D SensorService: activateHardware = 0
07-28 21:29:19.846  3429  5239 D SensorService: 0xb400007bc6e2a800 addFd fd=973
07-28 21:29:19.846  1816  1816 D WifiHAL : wifi_get_chip_capabilities: max mlo assoc link cnt: 2 str link cnt 2
07-28 21:29:19.846  5000  5000 D NhsElevatorReceiver: elevator:registerForElevatorDetect  , true mIsElevSensorReg = true
07-28 21:29:19.846  5000  5000 D NhsSceneReceiver: registerSensorMgr start
07-28 21:29:19.846  5000  5000 V SystemSensorManagerExtImpl: RegisterListener oplus_activity_recognition  Wakeup type:33171037 delay:200000us by t0.k$a@17aa083 from com.oplus.nhs
07-28 21:29:19.847  3429  5239 D SensorService: createSensorEventConnection packageName = t0.k, opPackageName = com.oplus.nhs, mCurrentOperatingMode = 0, requestedMode = 0
07-28 21:29:19.847  3429  4497 D WifiNl80211Manager: Setting up interface for client mode: wlan0
07-28 21:29:19.847  3429  5239 W SensorService: SensorEventConnection sensor handle=1372, package = t0.k enable
07-28 21:29:19.847  3429  5239 E SensorService: Required app t0.k, uid 1001, pid 5000
07-28 21:29:19.847  3429  5239 D SensorService: enable sensor send lastEvent 1372
07-28 21:29:19.847  2728  2728 I wificond: Current driver country code US
07-28 21:29:19.847  3429  5239 D SensorService: Calling batch handle==1372 flags=0rate=200000000 timeout== 0
07-28 21:29:19.847  3429  5239 D SensorService: SensorDevice::batch: ident=0xb400007bc60f3e00, handle=0x0000055c, flags=0, period_ns=200000000 timeout=0
07-28 21:29:19.847  3429  5336 D WifiNl80211Manager: OnRegDomainChanged US
07-28 21:29:19.847  2728  2728 I wificond: createClientInterface: wiphy_index 0 iface_name wlan0
07-28 21:29:19.847  3429  5239 D SensorService: Calling activate on 1372
07-28 21:29:19.847  3429  5239 D SensorService: SensorDevice::activate: ident=0xb400007bc60f3e00, handle=0x0000055c, enabled=1, count=4
07-28 21:29:19.847  3429  5239 D SensorService: enable index=1
07-28 21:29:19.847  3429  5239 D SensorService: info.numActiveClients() = 4, info.isActive = 1
07-28 21:29:19.847  3429  5239 D SensorService: activateHardware = 0
07-28 21:29:19.847  3429  5239 D SensorService: 0xb400007bc60f3e00 addFd fd=980
07-28 21:29:19.847  3429  5336 D WifiNative: onCountryCodeChanged: US
07-28 21:29:19.848  3429  5336 I WifiCountryCode: Receive onDriverCountryCodeChanged US
07-28 21:29:19.848  5000  5000 D NhsSceneReceiver: sensor name is oplus_activity_recognition  Wakeup, registerState:true
07-28 21:29:19.848  3403  3884 D QmiVsClient: getNecData callback - enter
07-28 21:29:19.848  3403  3443 D VsProxy : handleMessage msg is 4001
07-28 21:29:19.848  3429  5336 D WifiScanRequestProxy: Sending scan available broadcast: true
07-28 21:29:19.848  3403  3443 D RadioProxy: getNecData : response cb for instance 0
07-28 21:29:19.848  2728  2728 I wificond: create scanner for interface with index: 27
07-28 21:29:19.848  2728  2728 I wificond: subscribe scan result for interface with index: 27
07-28 21:29:19.848  3429  4502 I WifiScanningService: Received a request to enable scanning, UID = 1000
07-28 21:29:19.848  5000  5000 D NhsSceneReceiver: onAccuracyChanged
07-28 21:29:19.848  3429  5336 I WifiScanRequestProxy: Scanning is enabled
07-28 21:29:19.848  3429  5336 I WifiScanRequestProxy: Scanning for hidden networks is disabled
07-28 21:29:19.848  5000  5000 E NhsAppRILMsger: EVENT_REQ_EVENT_DONE Error received :com.android.internal.telephony.CommandException: RADIO_NOT_AVAILABLE
07-28 21:29:19.848  3429  3429 D OplusWifiBroadCastDispatcher: mBroadcastReceiver: onReceiver  action=android.net.wifi.action.WIFI_SCAN_AVAILABILITY_CHANGED
07-28 21:29:19.848  2728  2728 I wificond: add channel type 0 support at wiphy index: 0
07-28 21:29:19.848  5000  5436 D NhsSceneReceiver: onSensorChanged: name = oplus_activity_recognition  Wakeup
07-28 21:29:19.848  2728  2728 I wificond: add channel type 1 support at wiphy index: 0
07-28 21:29:19.848  5000  5436 D NhsSceneReceiver: enter still_state
07-28 21:29:19.849  5164  5202 D RadioProxyJ: [PHONE0][99]< getNecDataResponse ******
07-28 21:29:19.849  5164  5164 D MessengerResponseHandler: handleMessage Response msgid 206
07-28 21:29:19.849  3429  5313 W BestClock: java.time.DateTimeException: Missing network time fix
07-28 21:29:19.849  6878  6878 I OsAgent : onReceive: android.net.wifi.action.WIFI_SCAN_AVAILABILITY_CHANGED
07-28 21:29:19.849  6878  8499 I OsAgent : updateWiFiScanAvailState, scanAvailable: true
07-28 21:29:19.849  6878  8499 D OsAgentAidlClient: [bool_dataitem_update][1570] [HC] =>> [HS]
07-28 21:29:19.849  1677  2128 E TetherController: property_get sys.radio.data.modem_share_flag return 0, 1!
07-28 21:29:19.850  3429  4497 I WifiNative: Interface state changed on Iface:{Name=wlan0,Id=1,Type=STA_SCAN}, isUp=true
07-28 21:29:19.850  1816  1816 I WifiHAL : mpdu_size_threshold : 128, aggressive_statistics_gathering : 0
07-28 21:29:19.850  3429  4605 D OplusWifiPower_ConnLpmEventObsever: onReceive EXTRA_SCAN_AVAILABLE availabe = true
07-28 21:29:19.850  3429  4605 D OplusWifiPowerService: onReceive action:android.net.wifi.action.WIFI_SCAN_AVAILABILITY_CHANGED
07-28 21:29:19.850  3429  4605 D OplusWifiSwitchStateMonitor: scan settings change to true
07-28 21:29:19.850  3429  4497 I WifiNative: Successfully setup Iface:{Name=wlan0,Id=1,Type=STA_SCAN}
07-28 21:29:19.850  3429  4497 E SupplicantStaIfaceHalAidlImpl: Can't call getKeyMgmtCapabilities, ISupplicantStaIface is null for iface=wlan0
07-28 21:29:19.850  1793  1852 I LocSvc_SystemStatusOsObserver: sendCachedDataItems:471] DataItem: IS_WIFI_HARDWARE_ON: true >> Wiper
07-28 21:29:19.851  1793  1887 I LocSvc_api_v02: ---> locClientSendReq line 2409 QMI_LOC_NOTIFY_WIFI_ENABLED_STATUS_REQ_V02
07-28 21:29:19.851  3429  5313 W BestClock: java.time.DateTimeException: Missing network time fix
07-28 21:29:19.851  1793  3955 I LocSvc_ApiV02: <--- globalRespCb line 282 QMI_LOC_NOTIFY_WIFI_ENABLED_STATUS_REQ_V02
07-28 21:29:19.852  1816  8264 I WifiHAL : wifi_get_supported_radio_combinations_matrix: enter
07-28 21:29:19.852  1816  8264 I WifiHAL : wifi_parse_radio_combinations_matrix: radio_combinations[1]: num_radio_configurations 1
07-28 21:29:19.852  1816  8264 I WifiHAL : wifi_parse_radio_combinations_matrix: radio_combinations[2]: num_radio_configurations 1
07-28 21:29:19.852  1816  8264 I WifiHAL : wifi_parse_radio_combinations_matrix: radio_combinations[3]: num_radio_configurations 1
07-28 21:29:19.852  1816  8264 I WifiHAL : wifi_parse_radio_combinations_matrix: radio_combinations[4]: num_radio_configurations 2
07-28 21:29:19.852  1816  8264 I WifiHAL : wifi_parse_radio_combinations_matrix: radio_combinations[5]: num_radio_configurations 2
07-28 21:29:19.852  1816  8264 I WifiHAL : wifi_parse_radio_combinations_matrix: radio_combinations[6]: num_radio_configurations 2
07-28 21:29:19.852  1816  8264 I WifiHAL : wifi_parse_radio_combinations_matrix: num_radio_combinations 6, radio_matrix_size 100
07-28 21:29:19.852  3429  5336 W BestClock: java.time.DateTimeException: Missing network time fix
07-28 21:29:19.853  3429  4497 E SupplicantStaIfaceHalAidlImpl: Can't call getWpaDriverCapabilities, ISupplicantStaIface is null for iface=wlan0
07-28 21:29:19.853  3429  4497 E WifiStaIfaceAidlImpl: getTwtCapabilities failed with service-specific exception: android.os.ServiceSpecificException:  (code 4)
07-28 21:29:19.853  4993  5929 W BestClock: java.time.DateTimeException: Missing network time fix
07-28 21:29:19.854  4993  5929 V MonthTrafficAlert: getWarningNotification subId:1 numWarningNotificaion:0
07-28 21:29:19.854  3429  4497 E WifiChipAidlImpl: enableStaChannelForPeerNetwork failed with service-specific exception: android.os.ServiceSpecificException:  (code 4)
07-28 21:29:19.854  3429  4497 D WifiNative: setWifiNativeInterfaceEventCallback
07-28 21:29:19.854  3429  4497 D WifiClientModeManager[59252:wlan0]: entering StartedState
07-28 21:29:19.854  1816  8264 E WifiHAL : wifi_get_gscan_capabilities: GSCAN is not supported by driver
07-28 21:29:19.854  3429  4497 D WifiClientModeManager[59252:wlan0]: entering ScanOnlyModeState
07-28 21:29:19.854  3429  4497 D WifiScanRequestProxy: Sending scan available broadcast: true
07-28 21:29:19.855  1809  6358 I sensors-hal: qsh_conn_event_cb:756, event[0] msg_id=1025, ts=1220361318, sensor_type = oplus_activity_recognition  Wakeup
07-28 21:29:19.855  1809  6358 E sensors-hal: handle_sns_std_sensor_event:72, oplus_activity_recognition output: count: 1.000000, index: 1.000000, incar_state: 0.000000, actvity_mode: 3.000000, delta_time: 0.000000 !
07-28 21:29:19.854  3429  4502 E WifiStaIfaceAidlImpl: getBackgroundScanCapabilities failed with service-specific exception: android.os.ServiceSpecificException:  (code 4)
07-28 21:29:19.855  3429  4497 I WifiScanRequestProxy: Scanning is enabled
07-28 21:29:19.855  3429  4497 I WifiScanRequestProxy: Scanning for hidden networks is disabled
07-28 21:29:19.855  1816  8264 D WifiHAL : wifi_multi_sta_set_use_case: 0
07-28 21:29:19.855  5000  5436 D NhsSceneReceiver: onSensorChanged: name = oplus_activity_recognition  Wakeup
07-28 21:29:19.855  3429  4497 D WifiCountryCode: evaluateAllCmmStateAndApplyIfAllReady: {ConcreteClientModeManager{id=59252 iface=wlan0 role=ROLE_CLIENT_SCAN_ONLY}=true}
07-28 21:29:19.856  3429  4497 D WifiCountryCode: Reading country code from telephony
07-28 21:29:19.856  3429  4497 D WifiCountryCode: Set telephony country code to: 
07-28 21:29:19.856  3429  3429 D OplusWifiBroadCastDispatcher: mBroadcastReceiver: onReceiver  action=android.net.wifi.action.WIFI_SCAN_AVAILABILITY_CHANGED
07-28 21:29:19.856  3429  4497 D WifiCountryCode: updateCountryCode to US
07-28 21:29:19.856  3429  4497 D WifiCountryCode: setCountryCodeNative: US, isClientModeOnly: true mDriverCountryCode: US
07-28 21:29:19.856  3429  5313 W BestClock: java.time.DateTimeException: Missing network time fix
07-28 21:29:19.856  3429  4605 D OplusWifiPower_ConnLpmEventObsever: onReceive EXTRA_SCAN_AVAILABLE availabe = true
07-28 21:29:19.856  3429  4605 D OplusWifiPowerService: onReceive action:android.net.wifi.action.WIFI_SCAN_AVAILABILITY_CHANGED
07-28 21:29:19.856  3429  4605 D OplusWifiSwitchStateMonitor: scan settings change to true
07-28 21:29:19.857  4993  5539 D SceneEvent: onSensorChanged: name = oplus_activity_recognition  Wakeup
07-28 21:29:19.857  4840  5812 V OplusCustomizeCacheManager: queryCache name: sys.cache.common_customize_cache18014 param: null
07-28 21:29:19.857  4840  5812 V OplusCustomizeCacheManager: queryCache name: sys.cache.common_customize_cache18017 param: Bundle[{SETTING=BLOCK, BUSINESS=NCT-DATA}]
07-28 21:29:19.857  4840  5812 V OplusCustomizeCacheManager: queryCache name: sys.cache.common_customize_cache18013 param: null
07-28 21:29:19.857  3429  4502 I WifiScanningService: Created a new impl for wlan0
07-28 21:29:19.858  3429  4502 I WifiScanningService: Received a request to enable scanning, UID = 1000
07-28 21:29:19.858  3429  4502 I WifiScanningService: scanner impls already exists
07-28 21:29:19.858  3429  4502 I WifiScanningService: wifi driver loaded with scan capabilities: max buckets=16
07-28 21:29:19.858  6878  6878 I OsAgent : onReceive: android.net.wifi.action.WIFI_SCAN_AVAILABILITY_CHANGED
07-28 21:29:19.858  3429  4502 E WifiScanningService: wifi driver loaded received while already loaded
07-28 21:29:19.858  6878  8499 I OsAgent : updateWiFiScanAvailState, scanAvailable: true
07-28 21:29:19.860  3429  5313 W BestClock: java.time.DateTimeException: Missing network time fix
07-28 21:29:19.861  5108  6152 D IWlanJni: getDataRegistrationState start
07-28 21:29:19.862  3429  5313 W BestClock: java.time.DateTimeException: Missing network time fix
07-28 21:29:19.862  5108  6152 D IWlanJni: getDataRegistrationState start
07-28 21:29:19.863  5108  6174 D IWlanJni: new aidl event arrived
07-28 21:29:19.863  5108  6174 D IWlanJni: handleEvent 10
07-28 21:29:19.863  5108  6174 D IWlanJni: isThreadAttached start
07-28 21:29:19.863  5108  6174 D IWlanJni: jni detached
07-28 21:29:19.863  5108  6174 D IWlanJni: jni attached
07-28 21:29:19.863  5108  6174 D IWlanJni: getDataRegistrationStateResponse start
07-28 21:29:19.863  5108  6174 D IWlanJni: getJavaCallbackClass start
07-28 21:29:19.863  5108  6174 D IWlanJni: getJavaCallbackClass End midIs[1]
07-28 21:29:19.863  5108  6174 I IWlanAidlClient: getDataRegistrationStateResponse called
07-28 21:29:19.863  5108  6171 D IWlanJni: new aidl event arrived
07-28 21:29:19.863  5108  6171 D IWlanJni: handleEvent 10
07-28 21:29:19.863  5108  6171 D IWlanJni: isThreadAttached start
07-28 21:29:19.863  5108  6171 D IWlanJni: jni detached
07-28 21:29:19.863  5108  6171 D IWlanJni: jni attached
07-28 21:29:19.863  5108  6171 D IWlanJni: getDataRegistrationStateResponse start
07-28 21:29:19.863  5108  6171 D IWlanJni: getJavaCallbackClass start
07-28 21:29:19.863  5108  6171 D IWlanJni: getJavaCallbackClass End midIs[1]
07-28 21:29:19.863  4840  5812 V OplusCustomizeCacheManager: queryCache name: sys.cache.common_customize_cache18014 param: null
07-28 21:29:19.863  5108  6171 I IWlanAidlClient: getDataRegistrationStateResponse called
07-28 21:29:19.863  4840  5812 V OplusCustomizeCacheManager: queryCache name: sys.cache.common_customize_cache18017 param: Bundle[{SETTING=BLOCK, BUSINESS=NCT-DATA}]
07-28 21:29:19.863  4840  5812 V OplusCustomizeCacheManager: queryCache name: sys.cache.common_customize_cache18013 param: null
07-28 21:29:19.863  5108  6169 W IWlanNetworkService: 6 > Response Processed
07-28 21:29:19.863  4927  4927 D OplusTelephonyController: onSignalStrengthChanged: SignalStrength=SignalStrength:{mCdma=CellSignalStrengthCdma: cdmaDbm=2147483647 cdmaEcio=2147483647 evdoDbm=2147483647 evdoEcio=2147483647 evdoSnr=2147483647 level=0,mGsm=CellSignalStrengthGsm: rssi=2147483647 ber=2147483647 mTa=2147483647 mLevel=0,mWcdma=CellSignalStrengthWcdma: ss=2147483647 ber=2147483647 rscp=2147483647 ecno=2147483647 level=0,mTdscdma=CellSignalStrengthTdscdma: rssi=2147483647 ber=2147483647 rscp=2147483647 level=0,mLte=CellSignalStrengthLte: rssi=2147483647 rsrp=2147483647 rsrq=2147483647 rssnr=2147483647 cqiTableIndex=2147483647 cqi=2147483647 ta=2147483647 level=0 parametersUseForLevel=0,mNr=CellSignalStrengthNr:{ csiRsrp = 2147483647 csiRsrq = 2147483647 csiCqiTableIndex = 2147483647 csiCqiReport = [] ssRsrp = 2147483647 ssRsrq = 2147483647 ssSinr = 2147483647 level = 0 parametersUseForLevel = 0 timingAdvance = 2147483647 },primary=CellSignalStrengthLte}
07-28 21:29:19.863  5108  6173 W IWlanNetworkService: 7 > Response Processed
07-28 21:29:19.864  3429  5336 I OplusBinderProxy: pb uid: 10215 pid: 10770 desc: com.android.internal.telephony.IPhoneStateListener/10
07-28 21:29:19.865  1793  3700 E LOCRIL_SESSION: operator():200] SubId: 1 Failed to get sim IO with error: 11
07-28 21:29:19.866  5164  5164 D SubsysEventListenerManager-SubsysTelephonyCallback[0]: onSignalStrengthsChanged
07-28 21:29:19.868  1793  3700 E LOCRIL_SESSION: operator():241] SubId: 1 Failed to get sim IMSI with error: 11
07-28 21:29:19.868  5108  6152 D IWlanJni: getDataRegistrationState start
07-28 21:29:19.868  5108  6152 D IWlanJni: getDataRegistrationState start
07-28 21:29:19.869  5108  6174 D IWlanJni: new aidl event arrived
07-28 21:29:19.869  5108  6174 D IWlanJni: handleEvent 10
07-28 21:29:19.869  5108  6174 D IWlanJni: isThreadAttached start
07-28 21:29:19.869  5108  6174 D IWlanJni: jni detached
07-28 21:29:19.869  5108  6174 D IWlanJni: jni attached
07-28 21:29:19.869  5108  6174 D IWlanJni: getDataRegistrationStateResponse start
07-28 21:29:19.869  5108  6174 D IWlanJni: getJavaCallbackClass start
07-28 21:29:19.869  5108  6174 D IWlanJni: getJavaCallbackClass End midIs[1]
07-28 21:29:19.869  5108  6174 I IWlanAidlClient: getDataRegistrationStateResponse called
07-28 21:29:19.869  5108  6173 W IWlanNetworkService: 9 > Response Processed
07-28 21:29:19.869  1793  3700 E LOCRIL_SESSION: operator():200] SubId: 1 Failed to get sim IO with error: 11
07-28 21:29:19.870  1793  3698 W LOCRIL_SESSION: operator():307] cellInfo list size is 0, Voice state: 3, data state: 3
07-28 21:29:19.870  1793  3700 E LOCRIL_SESSION: operator():241] SubId: 1 Failed to get sim IMSI with error: 11
07-28 21:29:19.870  4987  5600 D QtiOemHookAidl: oemHookRawIndication length=24
07-28 21:29:19.870  4987  5081 D QtiOemHookAidl: oemHookRawIndication length=24
07-28 21:29:19.870  3429  5313 W BestClock: java.time.DateTimeException: Missing network time fix
07-28 21:29:19.871  5164  5202 D VendorTelephonyService: onTelephonyEventReport slotId =0 eventId=6030
07-28 21:29:19.871  5164  5202 D VendorTelephonyService: onTelephonyEventReport slotId =0 eventId=6030
07-28 21:29:19.871  5164  5164 D VendorCallService: notityEventUpdate, eventId:6030, slotId = 0
07-28 21:29:19.871  4993  6272 D SaDataService: onTelephonyEventReport , subId= 0,slotId=-1 eventId=6030
07-28 21:29:19.871  4993  6272 D TelephonyImpl: notify eventId:6030 for list size:2
07-28 21:29:19.871  5164  5202 D VendorTelephonyService: onTelephonyEventReport slotId =0 eventId=6030
07-28 21:29:19.871  5164  5202 D VendorTelephonyService: onTelephonyEventReport slotId =0 eventId=6030
07-28 21:29:19.871  5164  5164 D VendorCallService: notityEventUpdate, eventId:6030, slotId = 0
07-28 21:29:19.872  4993  6272 D SaDataService: onTelephonyEventReport , subId= 0,slotId=-1 eventId=6030
07-28 21:29:19.872  4993  6272 D TelephonyImpl: notify eventId:6030 for list size:2
07-28 21:29:19.872  4987  4987 D QcrilMsgTunnelIfaceManager: handleMessage what = 0
07-28 21:29:19.873  5078  5107 I QImsService: ImsRadioIndicationAidl : onRadioStateChanged()[SUB0]
07-28 21:29:19.873  5108  6171 D IWlanJni: new aidl event arrived
07-28 21:29:19.873  5108  6171 D IWlanJni: handleEvent 10
07-28 21:29:19.873  5108  6171 D IWlanJni: isThreadAttached start
07-28 21:29:19.873  5108  6171 D IWlanJni: jni detached
07-28 21:29:19.873  5078  5107 I QImsService: ImsSenderRxr : [UNSL]< UNSOL_RADIO_STATE_CHANGED RADIO_ON[SUB0]
07-28 21:29:19.873  5108  6171 D IWlanJni: jni attached
07-28 21:29:19.873  5108  6171 D IWlanJni: getDataRegistrationStateResponse start
07-28 21:29:19.873  5108  6171 D IWlanJni: getJavaCallbackClass start
07-28 21:29:19.873  5108  6171 D IWlanJni: getJavaCallbackClass End midIs[1]
07-28 21:29:19.873  5108  6171 I IWlanAidlClient: getDataRegistrationStateResponse called
07-28 21:29:19.873  5108  6169 W IWlanNetworkService: 8 > Response Processed
07-28 21:29:19.873  3429  5313 W BestClock: java.time.DateTimeException: Missing network time fix
07-28 21:29:19.874  1961  1961 E PowerMonitorService: Failed to open /proc/horae_qmi (2): No such file or directory
07-28 21:29:19.874  4987  4987 D QcrilMsgTunnelIfaceManager: handleMessage what = 0
07-28 21:29:19.874  5164  5164 D SubsysEventListenerManager-SubsysTelephonyCallback[0]: onRadioPowerStateChanged state:1
07-28 21:29:19.874  5078  6270 I QImsService: ImsRadioIndicationAidl : onRadioStateChanged()[SUB1]
07-28 21:29:19.874  5078  6270 I QImsService: ImsSenderRxr : [UNSL]< UNSOL_RADIO_STATE_CHANGED RADIO_ON[SUB1]
07-28 21:29:19.876  4840  5812 V OplusCustomizeCacheManager: queryCache name: sys.cache.common_customize_cache18014 param: null
07-28 21:29:19.876  4840  5812 V OplusCustomizeCacheManager: queryCache name: sys.cache.common_customize_cache18017 param: Bundle[{SETTING=BLOCK, BUSINESS=NCT-DATA}]
07-28 21:29:19.876  4840  5812 V OplusCustomizeCacheManager: queryCache name: sys.cache.common_customize_cache18013 param: null
07-28 21:29:19.876  4987  4987 D QC_RIL_OEM_HOOK: Received Broadcast Intent ACTION_UNSOL_RESPONSE_OEM_HOOK_RAW
07-28 21:29:19.877  4987  4987 D DeviceInfoAidlClient: onRadioPowerStateChanged
07-28 21:29:19.877  4987  4987 D DeviceInfoAidlClient: mRadioStateHdlr handleMessage()1
07-28 21:29:19.877  4987  4987 D DeviceInfoAidlClient: isRadioOn()=true
07-28 21:29:19.877  4987  4987 I DeviceInfoAidlClient: sendFeaturesSupported: power info support-true interactive state support-true
07-28 21:29:19.877  2728  2728 I wificond: Regulatory domain changed to country: US on wiphy_index: 0
07-28 21:29:19.877  2728  2728 I wificond: UpdateBandInfo
07-28 21:29:19.877  3429  5898 D WifiNl80211Manager: OnRegDomainChanged US
07-28 21:29:19.877  3429  5898 D WifiNative: onCountryCodeChanged: US
07-28 21:29:19.877  3429  5898 I WifiCountryCode: Receive onDriverCountryCodeChanged US
07-28 21:29:19.877  3429  5898 D WifiScanRequestProxy: Sending scan available broadcast: true
07-28 21:29:19.877  3429  4502 I WifiScanningService: Received a request to enable scanning, UID = 1000
07-28 21:29:19.877  1793  3698 W LOCRIL_SESSION: operator():307] cellInfo list size is 0, Voice state: 3, data state: 3
07-28 21:29:19.877  3429  4502 I WifiScanningService: scanner impls already exists
07-28 21:29:19.877  3429  4502 E WifiScanningService: wifi driver loaded received while already loaded
07-28 21:29:19.878  3429  5898 I WifiScanRequestProxy: Scanning is enabled
07-28 21:29:19.878  3429  5898 I WifiScanRequestProxy: Scanning for hidden networks is disabled
07-28 21:29:19.878  6379  6379 I wpa_supplicant: p2p0: CTRL-EVENT-REGDOM-CHANGE init=DRIVER type=COUNTRY alpha2=US
07-28 21:29:19.878  3429  3429 D OplusWifiBroadCastDispatcher: mBroadcastReceiver: onReceiver  action=android.net.wifi.action.WIFI_SCAN_AVAILABILITY_CHANGED
07-28 21:29:19.878  3429  4605 D OplusWifiPower_ConnLpmEventObsever: onReceive EXTRA_SCAN_AVAILABLE availabe = true
07-28 21:29:19.878  3429  4605 D OplusWifiPowerService: onReceive action:android.net.wifi.action.WIFI_SCAN_AVAILABILITY_CHANGED
07-28 21:29:19.878  3429  4605 D OplusWifiSwitchStateMonitor: scan settings change to true
07-28 21:29:19.878  6878  6878 I OsAgent : onReceive: android.net.wifi.action.WIFI_SCAN_AVAILABILITY_CHANGED
07-28 21:29:19.878  6878  8499 I OsAgent : updateWiFiScanAvailState, scanAvailable: true
07-28 21:29:19.878  5108  6152 D IWlanJni: getDataRegistrationState start
07-28 21:29:19.879  2728  2728 I wificond: 2.4Ghz frequencies: 2412 2417 2422 2427 2432 2437 2442 2447 2452 2457 2462
07-28 21:29:19.879  2728  2728 I wificond: 5Ghz non-DFS frequencies: 5180 5200 5220 5240 5745 5765 5785 5805 5825
07-28 21:29:19.879  2728  2728 I wificond: 5Ghz DFS frequencies: 5260 5280 5300 5320 5500 5520 5540 5560 5580 5600 5620 5640 5660 5680 5700
07-28 21:29:19.879  2728  2728 I wificond: 6Ghz frequencies:
07-28 21:29:19.879  2728  2728 I wificond: 60Ghz frequencies:
07-28 21:29:19.879  1793  3700 E LOCRIL_SESSION: operator():200] SubId: 1 Failed to get sim IO with error: 11
07-28 21:29:19.879  4987  4987 D DeviceStatisticsService: onReceive: action= org.codeaurora.intent.action.RADIO_POWER_STATE
07-28 21:29:19.879  4987  4987 I DeviceStatisticsService: Receiving radio_power_state_changed, mIsDeviceInfoInitialized = true
07-28 21:29:19.879  5164  5202 D VendorTelephonyService: onTelephonyEventReport slotId =0 eventId=6030
07-28 21:29:19.879  5164  5202 D VendorTelephonyService: onTelephonyEventReport slotId =0 eventId=6030
07-28 21:29:19.879  5164  5164 D VendorCallService: notityEventUpdate, eventId:6030, slotId = 0
07-28 21:29:19.879  1793  3700 E LOCRIL_SESSION: operator():241] SubId: 1 Failed to get sim IMSI with error: 11
07-28 21:29:19.879  1809  4439 I sensors-hal: handle_oplus_wise_rgb_event:189, high_pwm_light:lux 274.6,cct 3637.5,brl/algo/ir 1428.0/2.0/16.6,pwm/dc 0.0/0.0,rgbc 21163.001953/13308.287109/6125.157227/39307.246094,ts 59127959056,cnt 850,flag 163
07-28 21:29:19.879  4987  4987 I DeviceStatisticsService: radio power state changed to 1 for slot: 0
07-28 21:29:19.879  4987  4987 D DeviceInfoAidlClient: isRadioOn()=true
07-28 21:29:19.879  4987  4987 I DeviceInfoAidlClient: sendFeaturesSupported: power info support-true interactive state support-true
07-28 21:29:19.879  4987  4987 D QC_RIL_OEM_HOOK: Received Broadcast Intent ACTION_UNSOL_RESPONSE_OEM_HOOK_RAW
07-28 21:29:19.880  4993  6167 D SaDataService: onTelephonyEventReport , subId= 0,slotId=-1 eventId=6030
07-28 21:29:19.880  4993  6167 D TelephonyImpl: notify eventId:6030 for list size:2
07-28 21:29:19.880  5108  6171 D IWlanJni: new aidl event arrived
07-28 21:29:19.880  5108  6171 D IWlanJni: handleEvent 10
07-28 21:29:19.880  5108  6171 D IWlanJni: isThreadAttached start
07-28 21:29:19.880  5108  6171 D IWlanJni: jni detached
07-28 21:29:19.880  5108  6171 D IWlanJni: jni attached
07-28 21:29:19.880  5108  6171 D IWlanJni: getDataRegistrationStateResponse start
07-28 21:29:19.880  5108  6171 D IWlanJni: getJavaCallbackClass start
07-28 21:29:19.880  5108  6171 D IWlanJni: getJavaCallbackClass End midIs[1]
07-28 21:29:19.880  5108  6171 I IWlanAidlClient: getDataRegistrationStateResponse called
07-28 21:29:19.880  5108  6169 W IWlanNetworkService: 10 > Response Processed
07-28 21:29:19.880  1879  4431 I Dpps    : LtmSwState::SetParameter():144 ignore cmd 7 in state LtmOffState
07-28 21:29:19.881  3429  5336 W BestClock: java.time.DateTimeException: Missing network time fix
07-28 21:29:19.882  4927  4927 V OplusCustomizeCacheManager: queryCache name: sys.cache.common_customize_cache18016 param: null
07-28 21:29:19.882  4927  4927 V OplusCustomizeCacheManager: queryCache name: sys.cache.common_customize_cache18013 param: null
07-28 21:29:19.882  4927  4927 V OplusCustomizeCacheManager: queryCache name: sys.cache.common_customize_cache18014 param: null
07-28 21:29:19.882  4927  4927 V OplusCustomizeCacheManager: queryCache name: sys.cache.common_customize_cache18017 param: Bundle[{SETTING=BLOCK, BUSINESS=NCT-DATA}]
07-28 21:29:19.882  4927  4927 V OplusCustomizeCacheManager: queryCache name: sys.cache.common_customize_cache18016 param: null
07-28 21:29:19.882  4927  4927 V OplusCustomizeCacheManager: queryCache name: sys.cache.common_customize_cache18013 param: null
07-28 21:29:19.882  4927  4927 V OplusCustomizeCacheManager: queryCache name: sys.cache.common_customize_cache18014 param: null
07-28 21:29:19.882  4927  4927 V OplusCustomizeCacheManager: queryCache name: sys.cache.common_customize_cache18017 param: Bundle[{SETTING=BLOCK, BUSINESS=NCT-DATA}]
07-28 21:29:19.882  3429  5313 W BestClock: java.time.DateTimeException: Missing network time fix
07-28 21:29:19.883  4987  4987 D QcrilMsgTunnelIfaceManager: handleMessage what = 1
07-28 21:29:19.883  4987  4987 I QcrilOemhookMsgTunnel: [0]invokeOemRilRequestRaw: serial=1007 length=16
07-28 21:29:19.883  4840  5812 V OplusCustomizeCacheManager: queryCache name: sys.cache.common_customize_cache18014 param: null
07-28 21:29:19.883  4840  5812 V OplusCustomizeCacheManager: queryCache name: sys.cache.common_customize_cache18017 param: Bundle[{SETTING=BLOCK, BUSINESS=NCT-DATA}]
07-28 21:29:19.883  4840  5812 V OplusCustomizeCacheManager: queryCache name: sys.cache.common_customize_cache18013 param: null
07-28 21:29:19.884  4987  4987 D DeviceStatisticsService: onReceive: action= org.codeaurora.intent.action.RADIO_POWER_STATE
07-28 21:29:19.884  4987  4987 I DeviceStatisticsService: Receiving radio_power_state_changed, mIsDeviceInfoInitialized = true
07-28 21:29:19.884  4987  4987 I DeviceStatisticsService: radio power state changed to 1 for slot: 1
07-28 21:29:19.885  4987  5600 I QtiOemHookAidl: oemHookRawResponse: serial no: 1007 error: 0length=1
07-28 21:29:19.885  4987  5055 I DeviceInfoAidlClient: onPowerInfoReportingChanged - reporting enabled true [15, 20, 30, 50, 80]
07-28 21:29:19.885  4987  5055 D DeviceInfoAidlClient: isRadioOn()=true
07-28 21:29:19.886  4987  5055 I DeviceInfoAidlClient: isPowerInfoNeverSent=true batteryLevel=47 batteryLevelIndex=3 chargingMode=2 totalCapacity=4978700 powerSaveMode=false
07-28 21:29:19.886  4987  5055 I DeviceInfoAidlClient: onDeviceInfoReportingChanged - reporting enabled true
07-28 21:29:19.886  5108  6152 D IWlanJni: getDataRegistrationState start
07-28 21:29:19.886  5108  6174 D IWlanJni: new aidl event arrived
07-28 21:29:19.886  5108  6174 D IWlanJni: handleEvent 10
07-28 21:29:19.886  5108  6174 D IWlanJni: isThreadAttached start
07-28 21:29:19.886  5108  6174 D IWlanJni: jni detached
07-28 21:29:19.886  5108  6174 D IWlanJni: jni attached
07-28 21:29:19.886  5108  6174 D IWlanJni: getDataRegistrationStateResponse start
07-28 21:29:19.886  5108  6174 D IWlanJni: getJavaCallbackClass start
07-28 21:29:19.886  5108  6174 D IWlanJni: getJavaCallbackClass End midIs[1]
07-28 21:29:19.886  5108  6174 I IWlanAidlClient: getDataRegistrationStateResponse called
07-28 21:29:19.887  4987  5055 D DeviceInfoAidlClient: getDeviceInfoSupportStatus()=1
07-28 21:29:19.887  4987  5055 D DeviceInfoAidlClient: isRadioOn()=true
07-28 21:29:19.887  5108  6173 W IWlanNetworkService: 11 > Response Processed
07-28 21:29:19.887  4987  5055 I DeviceInfoAidlClient: deviceState=2
07-28 21:29:19.887  4927  4927 D QC_RIL_OEM_HOOK: Received Broadcast Intent ACTION_UNSOL_RESPONSE_OEM_HOOK_RAW
07-28 21:29:19.887  4927  4927 D QC_RIL_OEM_HOOK: Received Broadcast Intent ACTION_UNSOL_RESPONSE_OEM_HOOK_RAW
07-28 21:29:19.887  4927  4927 D QC_RIL_OEM_HOOK: Received Broadcast Intent ACTION_UNSOL_RESPONSE_OEM_HOOK_RAW
07-28 21:29:19.887  4987  5055 I DeviceInfoAidlClient: onPowerInfoReportingChanged - reporting enabled true [15, 20, 30, 50, 80]
07-28 21:29:19.887  4987  5055 D DeviceInfoAidlClient: isRadioOn()=true
07-28 21:29:19.887  4987  5055 I DeviceInfoAidlClient: isPowerInfoNeverSent=false batteryLevel=47 batteryLevelIndex=3 chargingMode=2 totalCapacity=4978700 powerSaveMode=false
07-28 21:29:19.887  4987  5055 I DeviceInfoAidlClient: onDeviceInfoReportingChanged - reporting enabled true
07-28 21:29:19.887  4987  5055 D DeviceInfoAidlClient: getDeviceInfoSupportStatus()=1
07-28 21:29:19.887  4987  5055 D DeviceInfoAidlClient: isRadioOn()=true
07-28 21:29:19.887  4987  5055 I DeviceInfoAidlClient: deviceState=2
07-28 21:29:19.887  4987  4987 D QcrilMsgTunnelIfaceManager: handleMessage what = 2
07-28 21:29:19.887  4927  5457 D QC_RIL_OEM_HOOK: sendOemRilRequestRaw returns value = 1
07-28 21:29:19.888  5108  6152 D IWlanJni: getDataRegistrationState start
07-28 21:29:19.888  5108  6171 D IWlanJni: new aidl event arrived
07-28 21:29:19.888  5108  6171 D IWlanJni: handleEvent 10
07-28 21:29:19.888  5108  6171 D IWlanJni: isThreadAttached start
07-28 21:29:19.888  5108  6171 D IWlanJni: jni detached
07-28 21:29:19.888  5108  6171 D IWlanJni: jni attached
07-28 21:29:19.888  5108  6171 D IWlanJni: getDataRegistrationStateResponse start
07-28 21:29:19.888  5108  6171 D IWlanJni: getJavaCallbackClass start
07-28 21:29:19.888  5108  6171 D IWlanJni: getJavaCallbackClass End midIs[1]
07-28 21:29:19.888  5108  6171 I IWlanAidlClient: getDataRegistrationStateResponse called
07-28 21:29:19.888  4927  4927 D OplusPowerUpOptimizationImpl: onReceive: org.codeaurora.intent.action.RADIO_POWER_STATE
07-28 21:29:19.888  4927  5516 D OplusPowerUpOptimizationImpl: handleMessage what = 6
07-28 21:29:19.888  4927  5516 D OplusPowerUpOptimizationImpl: radio is available for slot: 0
07-28 21:29:19.888  4927  5516 D OplusPowerUpOptimizationImpl: trySendPhoneReady for slot: 0
07-28 21:29:19.888  4927  5516 D OplusPowerUpOptimizationImpl: Not sending ATEL ready: States: [0: {true, true, true, true}]
07-28 21:29:19.888  5108  6169 W IWlanNetworkService: 12 > Response Processed
07-28 21:29:19.889  5108  6152 D IWlanJni: getDataRegistrationState start
07-28 21:29:19.889  5108  6174 D IWlanJni: new aidl event arrived
07-28 21:29:19.889  5108  6174 D IWlanJni: handleEvent 10
07-28 21:29:19.889  5108  6174 D IWlanJni: isThreadAttached start
07-28 21:29:19.889  5108  6174 D IWlanJni: jni detached
07-28 21:29:19.889  5108  6174 D IWlanJni: jni attached
07-28 21:29:19.889  5108  6174 D IWlanJni: getDataRegistrationStateResponse start
07-28 21:29:19.889  5108  6174 D IWlanJni: getJavaCallbackClass start
07-28 21:29:19.889  5108  6174 D IWlanJni: getJavaCallbackClass End midIs[1]
07-28 21:29:19.889  5108  6174 I IWlanAidlClient: getDataRegistrationStateResponse called
07-28 21:29:19.890  5108  6173 W IWlanNetworkService: 13 > Response Processed
07-28 21:29:19.892  4927  4927 D CiWlanNotificationReceiver: ACTION_RADIO_POWER_STATE_CHANGED
07-28 21:29:19.893  3429  4494 V NetworkPolicy: updateNotificationsNL not process
07-28 21:29:19.893  3429  4581 D CmccSliceManagerService: ACTION_DDS_SWITCH_DONE
07-28 21:29:19.893  3429  4581 D CmccSliceManagerService: cleanUpAndRestartSlice
07-28 21:29:19.893  3429  4581 D CmccSliceManagerService: cleanUpSlice
07-28 21:29:19.893  3429  4581 D CmccSliceManagerService: cleanUpSlice qcom
07-28 21:29:19.893  3429  4581 D CmccSliceManagerService: getDefaultDataSlotId0, subid: 1
07-28 21:29:19.893  3429  4581 E ActivityThread: Failed to find provider info for com.cmccslice.proxyapp.provider
07-28 21:29:19.893  3429  4581 D CmccSliceManagerService: loadUrsp qcomCursor=null, count=-1, slotId=0
07-28 21:29:19.893  3429  4581 D CmccSliceManagerService: loadUrsp: qcomCursor=[]
07-28 21:29:19.893  3429  4581 D CmccSliceManagerService: isFeatureEnable , rus : false Feature : false
07-28 21:29:19.893  3429  4581 D CmccSliceManagerService: requestSliceNetwork: feature not enabled
07-28 21:29:19.893  3429  4581 D CmccSliceManagerService: cleanUpAndRestartSlice qcom
07-28 21:29:19.894  5108  5108 D QCNEJ/WwanInfoRelay: onActiveSubscriptionsChanged activeCurrDDSId: 1 new DDS 1
07-28 21:29:19.894  5108  5108 D QCNEJ/WwanInfoRelay: onActiveSubscriptionsChanged activeCurrDDSId: 1 new DDS 1
07-28 21:29:19.894  4993  5896 D CellularEvent: onActiveDataSubscriptionIdChanged sub id:1
07-28 21:29:19.894  4840  4840 I KeyguardUpdateMonitor: refreshSimState, changed:false,subId:1,slotId:0,state:5
07-28 21:29:19.894  4840  5175 I SystemUi--QuickSettings: Tile.OplusCellularTile-->updateCarrierText: dialog not showing, ignore
07-28 21:29:19.895  4840  5175 D SimStateHelper: slot:0, lock state:Bundle[mParcelledData.dataSize=56]
