07-29 19:43:59.371  4878  4878 I SystemUi--Statusbar: OplusStatusBarSignalPolicy-->imsIcon: OplusIMSModel(shouldShowVolte=false, shouldShowVowifi=false, simInserted=true, noSim=false, shouldShowVodata=false, shouldShowVo5G=false, vowifiState=false), OplusIMSModel(shouldShowVolte=false, shouldShowVowifi=false, simInserted=false, noSim=true, shouldShowVodata=false, shouldShowVo5G=false, vowifiState=false), noSubs:false, airplaneMode:falsevisible: false ,wifiConnect:false , vowifiIcon:0 , voDataStatus:false, is5GNewCall:false
07-29 19:43:59.371  4878  4878 I SystemUi--Statusbar: OplusStatusBarSignalPolicy-->noSimIcon simState: SimStateModel(simInserted=[true, false], simForbidden=[false, true], simStateIMSI=[true, false], simLoaded=[true, false]), noSubs:false isAirplaneMode:false
07-29 19:43:59.371  4878  4878 I SystemUi--Statusbar: OplusMobileIconViewModel-->isVisible subId:1 isAirplaneMode:false isAllowedDuringAirplaneMode:false isForceHidden:false isSatelliteForbid:false
07-29 19:43:59.371  4878  4878 I SystemUi--Statusbar: OplusStatusBarMobileViewBinder-->isVisible:true
07-29 19:43:59.371  4878  4878 I SystemUi--Statusbar: OplusStatusBarMobileViewBinder-->isVisible:true
07-29 19:43:59.371  4878  4878 I SystemUi--Statusbar: OplusStatusBarMobileViewBinder-->isVisible:true
07-29 19:43:59.371  4878  4878 I SystemUi--Statusbar: OplusStatusBarMobileViewBinder-->isVisible:true
07-29 19:43:59.371  4878  4878 I SystemUi--Statusbar: OplusStatusBarMobileViewBinder-->isVisible:true
07-29 19:43:59.371  7241  7299 I SettingImpl: isAirplaneModeToggleChecked switchValue: -1, airplane mode isChecked is false
07-29 19:43:59.373  3364  3364 D OplusWifiBroadCastDispatcher: mBroadcastReceiver: onReceiver  action=android.intent.action.AIRPLANE_MODE
07-29 19:43:59.373  5085  8311 I txpwradmin:SettingsObserver: onChange for uri = content://settings/global/airplane_mode_on
07-29 19:43:59.373  5054  5054 W Settings: Setting airplane_mode_on has moved from android.provider.Settings.System to android.provider.Settings.Global, returning read-only value.
07-29 19:43:59.373  3364  4631 D OplusWifiPower_ConnLpmEventObsever: AIRPLANE_MODE_ON:false
07-29 19:43:59.373  4878  4878 D RowAnimatorExtImpl: init:tx,view:StatusBarIconView(slot='volume' alpha=1.0 icon=StatusBarIcon(icon=Icon(typ=RESOURCE pkg=com.android.systemui id=0x7f0818f0) visible user=0 ) visibleState=ICON iconColor=#ccffffff staticDrawableColor=#ccffffff decorColor=#ffffffff animationStartColor=#0 currentSetColor=#ccffffff notification=null),translationX:  9.0  0.0  
07-29 19:43:59.373  4878  4878 D RowAnimatorExtImpl: init:tx,view:StatusBarIconView(slot='zen' alpha=1.0 icon=StatusBarIcon(icon=Icon(typ=RESOURCE pkg=com.android.systemui id=0x7f0818e1) visible user=0 ) visibleState=ICON iconColor=#ccffffff staticDrawableColor=#ccffffff decorColor=#ffffffff animationStartColor=#0 currentSetColor=#ccffffff notification=null),translationX:  57.0  48.0  
07-29 19:43:59.373  4878  4878 D RowAnimatorExtImpl: init:tx,view:StatusBarIconView(slot='volume' alpha=1.0 icon=StatusBarIcon(icon=Icon(typ=RESOURCE pkg=com.android.systemui id=0x7f0818f0) visible user=0 ) visibleState=ICON iconColor=#ccffffff staticDrawableColor=#ccffffff decorColor=#ffffffff animationStartColor=#0 currentSetColor=#ccffffff notification=null),translationX:  9.0  0.0  
07-29 19:43:59.374  3364  4505 D WifiController: Airplane mode disabled, determine next state
07-29 19:43:59.374  4878  4878 D RowAnimatorExtImpl: init:tx,view:StatusBarIconView(slot='zen' alpha=1.0 icon=StatusBarIcon(icon=Icon(typ=RESOURCE pkg=com.android.systemui id=0x7f0818e1) visible user=0 ) visibleState=ICON iconColor=#ccffffff staticDrawableColor=#ccffffff decorColor=#ffffffff animationStartColor=#0 currentSetColor=#ccffffff notification=null),translationX:  57.0  48.0  
07-29 19:43:59.374  3364  4505 D WifiActiveModeWarden: Starting primary ClientModeManager in scan only mode
07-29 19:43:59.374  4878  4878 D RowAnimatorExtImpl: init:tx,view:StatusBarIconView(slot='volume' alpha=1.0 icon=StatusBarIcon(icon=Icon(typ=RESOURCE pkg=com.android.systemui id=0x7f0818f0) visible user=0 ) visibleState=ICON iconColor=#ccffffff staticDrawableColor=#ccffffff decorColor=#ffffffff animationStartColor=#0 currentSetColor=#ccffffff notification=null),translationX:  9.0  0.0  
07-29 19:43:59.374  4878  4878 D RowAnimatorExtImpl: init:tx,view:StatusBarIconView(slot='zen' alpha=1.0 icon=StatusBarIcon(icon=Icon(typ=RESOURCE pkg=com.android.systemui id=0x7f0818e1) visible user=0 ) visibleState=ICON iconColor=#ccffffff staticDrawableColor=#ccffffff decorColor=#ffffffff animationStartColor=#0 currentSetColor=#ccffffff notification=null),translationX:  57.0  48.0  
07-29 19:43:59.374  4951  4951 W Settings: Setting airplane_mode_on has moved from android.provider.Settings.System to android.provider.Settings.Global, returning read-only value.
07-29 19:43:59.374  4951  4951 W Settings: Setting airplane_mode_on has moved from android.provider.Settings.System to android.provider.Settings.Global, returning read-only value.
07-29 19:43:59.374  4951  4951 W Settings: Setting airplane_mode_on has moved from android.provider.Settings.System to android.provider.Settings.Global, returning read-only value.
07-29 19:43:59.374  4951  4951 W Settings: Setting airplane_mode_on has moved from android.provider.Settings.System to android.provider.Settings.Global, returning read-only value.
07-29 19:43:59.374  5027  6075 D OplusLinkBoostMeeting: onAirplaneModeChange
07-29 19:43:59.374  5027  6082 D NAS-CallIssueDetector: notifyApmChanged
07-29 19:43:59.374  4951  4951 W Settings: Setting airplane_mode_on has moved from android.provider.Settings.System to android.provider.Settings.Global, returning read-only value.
07-29 19:43:59.374  5226  5226 D SubsysBroadcastManager: onReceive action:android.intent.action.AIRPLANE_MODE
07-29 19:43:59.374  5085  8311 D txpwrJni: sendRadioStatus start
07-29 19:43:59.375  3364  4505 D WifiController: DisabledState.exit()
07-29 19:43:59.375  3364  4505 D WifiController: EnabledState.enter()
07-29 19:43:59.375  3364  4505 D WifiClientModeManager[59193:unknown]: entering IdleState
07-29 19:43:59.375  5226  5226 D NetworkService[0]: onAirPlaneModeChange isAirPlaneModeOn:false
07-29 19:43:59.375  5226  5226 D NetworkService[1]: onAirPlaneModeChange isAirPlaneModeOn:false
07-29 19:43:59.375  5226  5226 D QuickChangeAirplaneModeEvent: airplane mode off
07-29 19:43:59.375  5226  5226 W Settings: Setting airplane_mode_on has moved from android.provider.Settings.System to android.provider.Settings.Global, returning read-only value.
07-29 19:43:59.375  5054  5054 I HidlServiceManagement: Trying to get transport of vendor.oplus.hardware.appradio@1.0::IOplusAppRadio/oplus_app_slot1 without hwservicemanager
07-29 19:43:59.375  5054  5054 E NhsAppRIL/0: in getOplusRadioProxy getService: Exception: java.util.NoSuchElementException
07-29 19:43:59.375  4878  5832 I SystemUi--QuickSettings: Tile.OplusAirplaneModeTile-->handleUpdateState state.state: 1 value: 0
07-29 19:43:59.375  4878  5832 V OplusCustomizeCacheManager: queryCache name: sys.cache.common_customize_cache18026 param: null
07-29 19:43:59.375  5027  6082 D NAS-CallIssueDetector: EVENT_SIM_STATE_CHANGE mSimState[0] LOADED
07-29 19:43:59.375  5027  6082 D SceneEvent: registerSensorMgr start
07-29 19:43:59.376  4951  4951 D PhoneGlobals: ACTION_AIRPLANE_MODE_CHANGED received
07-29 19:43:59.376  4951  4951 D PhoneGlobals: Receive ACTION_AIRPLANE_MODE_CHANGED, state: false
07-29 19:43:59.376  4951  4951 I PhoneGlobals: handleAirplaneModeChange: isAirplaneNewlyOn=false
07-29 19:43:59.376  4951  4951 D PhoneGlobals: handleAirplaneModeChange: isAirplaneNewlyOn = false, cellState = 2
07-29 19:43:59.376  4951  4951 I PhoneGlobals: Turning radio on - airplane
07-29 19:43:59.375  3364  4442 D BluetoothSystemServer: AirplaneModeListener: Ignore mode change to same state. previousMode=false, isOn=false, isOnOverrode=false, isMediaConnected=false
07-29 19:43:59.376  5226  5226 D RadioMessenger: handleMessage Request msgid 2215
07-29 19:43:59.377  1873  8547 W android.hardware.wifi-service: No active wlan interfaces in use! Using default
07-29 19:43:59.377  5226  5226 D RadioProxyJ: [PHONE0][93]> getNecData moduleId:1 evtId:[0, 16, 0, 0, 0, 0, 0, 0, 0, 0, 0, 0, 0, 0, 0, 0, 0, 0, 0, 0, 0, 0, 0, 0, 0, 0, 0, 0, 0, 0, 0, 0]
07-29 19:43:59.377  5027  6070 D ResidenceLocSm: onPreHandleMessage 49
07-29 19:43:59.377  5115  5115 I QImsService: OplusWifiApmStateMgr : ACTION_AIRPLANE_MODE_CHANGED,mIsAirplaneModeOn: false
07-29 19:43:59.377  5115  5115 I QImsService: OplusImsServiceSubImpl : onTurnOffImsAfterWifiChanged : false
07-29 19:43:59.377  5115  5115 I QImsService: OplusImsServiceSubImpl : onTurnOffImsAfterWifiChanged : false
07-29 19:43:59.377  5054  5054 D NhsElevatorReceiver: enableElevatorDetect mIsElevSensorReg = false
07-29 19:43:59.377  5054  5054 V SystemSensorManagerExtImpl: RegisterListener elevator_detect  Wakeup type:33171036 delay:200000us by t0.g$b@8161e82 from com.oplus.nhs
07-29 19:43:59.378  3364  5389 D SensorService: createSensorEventConnection packageName = t0.g, opPackageName = com.oplus.nhs, mCurrentOperatingMode = 0, requestedMode = 0
07-29 19:43:59.378  5027  6070 D ResidenceLocSm: onPostHandleMessage 49
07-29 19:43:59.378  5027  6343 I PCDR-common_no_service[0]: forbidden
07-29 19:43:59.378  5027  6343 I PCDR-common_no_45g[0]: forbidden
07-29 19:43:59.378  5027  6343 I PCDR-common_no_service[1]: forbidden
07-29 19:43:59.378  5027  6343 I PCDR-common_no_45g[1]: forbidden
07-29 19:43:59.379  5027  6138 D ElevatorEvent: enableElevatorDetect mIsElevSensorReg = false
07-29 19:43:59.379  3364  4505 D OplusWifiConcurrentManager: isConcurrentCombinationAllowed : createMode= 0, requestType =-1
07-29 19:43:59.379  5027  6138 V SystemSensorManagerExtImpl: RegisterListener elevator_detect  Wakeup type:33171036 delay:200000us by com.oplus.nas.comm.event.ElevatorEvent$a@fd19a83 from com.oplus.nas
07-29 19:43:59.379  3364  4808 D SensorService: createSensorEventConnection packageName = com.oplus.nas.comm.event.ElevatorEvent, opPackageName = com.oplus.nas, mCurrentOperatingMode = 0, requestedMode = 0
07-29 19:43:59.379  3364  4505 I HalDevMgr: currentModeId=3, requestModeId=3, currentModeIdValid=true
07-29 19:43:59.380  1873  8547 D WifiHAL : wifi_set_interface_mode: ifname=wlan0 iface_type=0
07-29 19:43:59.380  1873  8547 I android.hardware.wifi-service: Adding interface handle for wlan0
07-29 19:43:59.380  3364  5389 W SensorService: SensorEventConnection sensor handle=1362, package = t0.g enable
07-29 19:43:59.380  1873  8547 I android.hardware.wifi-service: Adding interface handle for p2p0
07-29 19:43:59.380  3364  5389 E SensorService: Required app t0.g, uid 1001, pid 5054
07-29 19:43:59.380  1873  8547 I android.hardware.wifi-service: Adding interface handle for wifi-aware0
07-29 19:43:59.380  3364  5389 D SensorService: Calling batch handle==1362 flags=0rate=200000000 timeout== 0
07-29 19:43:59.380  3364  5389 D SensorService: SensorDevice::batch: ident=0xb400007a2475ce80, handle=0x00000552, flags=0, period_ns=200000000 timeout=0
07-29 19:43:59.380  3364  5389 D SensorService: 	>>> actuating h/w BATCH 0x00000552 200000000 0
07-29 19:43:59.380  3364  4206 W SensorService: SensorEventConnection sensor handle=1362, package = com.oplus.nas.comm.event.ElevatorEvent enable
07-29 19:43:59.380  3364  4206 E SensorService: Required app com.oplus.nas.comm.event.ElevatorEvent, uid 1000, pid 5027
07-29 19:43:59.380  1859  1859 I sensors-hal: batch:153, qti.sensor.elevator_detect/1362, period=200000000, max_latency=0
07-29 19:43:59.380  1859  1859 I sensors-hal: batch:175, qti.sensor.elevator_detect/1362, period=200000000, max_latency=0 request completed
07-29 19:43:59.381  3324  3414 D QmiVsClient: getNecData - enter
07-29 19:43:59.381  3324  3414 E QmiVsClient: sendAsyncRequest QMI_VS_GET_NEC_DATA_REQ_MSG_V01 ret 0
07-29 19:43:59.381  3364  5389 D SensorService: Calling activate on 1362
07-29 19:43:59.381  3364  5389 D SensorService: SensorDevice::activate: ident=0xb400007a2475ce80, handle=0x00000552, enabled=1, count=1
07-29 19:43:59.381  3364  5389 D SensorService: enable index=0
07-29 19:43:59.381  3364  5389 D SensorService: info.numActiveClients() = 1, info.isActive = 0
07-29 19:43:59.381  3364  5389 D SensorService: activateHardware = 1
07-29 19:43:59.381  3364  5389 D SensorService: 	>>> actuating h/w activate handle=1362 enabled=1
07-29 19:43:59.381  1859  1859 I sensors-hal: activate:112, qti.sensor.elevator_detect/1362 en=1
07-29 19:43:59.381  1859  1859 I sensors-hal: acquire_qsh_interface:131, acquire_qsh_interface with sensor_id 28 , conn_type 2 
07-29 19:43:59.382  1796  1851 E minksocket: MinkIPC ERROR: ( 1796:1851 ) MinkIPC_preProcess:272 Client down, but cannot find corresponding minksession
07-29 19:43:59.382  4878  5103 I SystemUi--QuickSettings: Tile.OplusCellularTile-->updateCarrierText: dialog not showing, ignore
07-29 19:43:59.382  1796  1851 E minksocket: MinkIPC ERROR: ( 1796:1851 ) MinkIPC_preProcess:272 Client down, but cannot find corresponding minksession
07-29 19:43:59.382  3364  4505 D HalDevMgr: updateRttController: no one is interested in RTT controllers
07-29 19:43:59.382  1796  1841 E minksocket: MinkIPC ERROR: ( 1796:1841 ) MinkIPC_preProcess:272 Client down, but cannot find corresponding minksession
07-29 19:43:59.382  1796  1841 E minksocket: MinkIPC ERROR: ( 1796:1841 ) MinkIPC_preProcess:272 Client down, but cannot find corresponding minksession
07-29 19:43:59.383  1796  1841 E minksocket: MinkIPC ERROR: ( 1796:1841 ) MinkIPC_preProcess:272 Client down, but cannot find corresponding minksession
07-29 19:43:59.383  3364  4505 E HalDevMgr: removeP2pAndSapCombination do nothing: mIsAddedP2pAndSapCombination = false
07-29 19:43:59.383  1796  1851 E minksocket: MinkIPC ERROR: ( 1796:1851 ) MinkIPC_preProcess:272 Client down, but cannot find corresponding minksession
07-29 19:43:59.383  1859  1859 I sensors-hal: qsh_qmi:34, qsh_qmi
07-29 19:43:59.383  1859  1859 I sensors-hal: send_sync_sensor_request:443, send sync request
07-29 19:43:59.383  1859  1859 I sensors-hal: send_sync_sensor_request:472, wait for notification of response
07-29 19:43:59.383  1796  1841 E minksocket: MinkIPC ERROR: ( 1796:1841 ) MinkIPC_preProcess:272 Client down, but cannot find corresponding minksession
07-29 19:43:59.383  1796  1851 E minksocket: MinkIPC ERROR: ( 1796:1851 ) MinkIPC_preProcess:272 Client down, but cannot find corresponding minksession
07-29 19:43:59.383  1873  8547 W android.hardware.wifi-service: AIBinder_linkToDeath is being called with a non-null cookie and no onUnlink callback set. This might not be intended. AIBinder_DeathRecipient_setOnUnlinked should be called first.
07-29 19:43:59.384  1873  8547 I android.hardware.wifi-service: twtRegisterEvents is not supported-3
07-29 19:43:59.384  1859 13168 I sensors-hal: qsh_conn_resp_cb:793, resp_value = 0 for elevator_detect 
07-29 19:43:59.384  4878  5103 D SimStateHelper: slot:0, lock state:Bundle[mParcelledData.dataSize=56]
07-29 19:43:59.384  1859  1859 I sensors-hal: send_sync_sensor_request:478, takes 0 ms to receive the response with 0
07-29 19:43:59.384  4878  5103 D SimStateHelper: slot:1, lock state:Bundle[mParcelledData.dataSize=56]
07-29 19:43:59.384  1859  1859 I sensors-hal: activate:131, qti.sensor.elevator_detect/1362 en=1 completed
07-29 19:43:59.384  4878  5103 D SimStateHelper: needDisableMenu: slot1State=-1; slot2State=-1
07-29 19:43:59.384  4878  5103 D SimStateHelper: needDisableMenu:false
07-29 19:43:59.384  3364  5389 D SensorService: 0xb400007a2475ce80 addFd fd=932
07-29 19:43:59.384  5054  5054 D NhsElevatorReceiver: elevator:registerForElevatorDetect  , true mIsElevSensorReg = true
07-29 19:43:59.384  5054  5054 D NhsSceneReceiver: registerSensorMgr start
07-29 19:43:59.384  3364  4206 D SensorService: Calling batch handle==1362 flags=0rate=200000000 timeout== 0
07-29 19:43:59.385  3364  4206 D SensorService: SensorDevice::batch: ident=0xb400007b2f1cb600, handle=0x00000552, flags=0, period_ns=200000000 timeout=0
07-29 19:43:59.385  3364  4206 D SensorService: Calling activate on 1362
07-29 19:43:59.385  3364  4206 D SensorService: SensorDevice::activate: ident=0xb400007b2f1cb600, handle=0x00000552, enabled=1, count=2
07-29 19:43:59.385  3364  4206 D SensorService: enable index=1
07-29 19:43:59.385  3364  4206 D SensorService: info.numActiveClients() = 2, info.isActive = 1
07-29 19:43:59.385  3364  4206 D SensorService: activateHardware = 0
07-29 19:43:59.385  3364  4206 D SensorService: 0xb400007b2f1cb600 addFd fd=938
07-29 19:43:59.385  5054  5054 V SystemSensorManagerExtImpl: RegisterListener oplus_activity_recognition  Wakeup type:33171037 delay:200000us by t0.k$a@942c993 from com.oplus.nhs
07-29 19:43:59.385  5027  6138 D ElevatorEvent: elevator:registerForElevatorDetect  , true mIsElevSensorReg = true
07-29 19:43:59.385  3364  5389 D SensorService: createSensorEventConnection packageName = t0.k, opPackageName = com.oplus.nhs, mCurrentOperatingMode = 0, requestedMode = 0
07-29 19:43:59.385  5027  6138 D SceneEvent: registerSensorMgr start
07-29 19:43:59.385  5027  6138 D SceneEvent: registerSensorMgr already start,return
07-29 19:43:59.385  1873  8547 W android.hardware.wifi-service: AIBinder_linkToDeath is being called with a non-null cookie and no onUnlink callback set. This might not be intended. AIBinder_DeathRecipient_setOnUnlinked should be called first.
07-29 19:43:59.385  1873  8547 D WifiHAL : wifi_get_chip_capabilities: max mlo assoc link cnt: 2 str link cnt 2
07-29 19:43:59.385  3364  4720 W SensorService: SensorEventConnection sensor handle=1372, package = t0.k enable
07-29 19:43:59.385  3364  4720 E SensorService: Required app t0.k, uid 1001, pid 5054
07-29 19:43:59.385  3364  4720 D SensorService: enable sensor send lastEvent 1372
07-29 19:43:59.386  3364  4720 D SensorService: Calling batch handle==1372 flags=0rate=200000000 timeout== 0
07-29 19:43:59.386  3364  4720 D SensorService: SensorDevice::batch: ident=0xb400007a8ac1f480, handle=0x0000055c, flags=0, period_ns=200000000 timeout=0
07-29 19:43:59.386  3364  4720 D SensorService: Calling activate on 1372
07-29 19:43:59.386  3364  4720 D SensorService: SensorDevice::activate: ident=0xb400007a8ac1f480, handle=0x0000055c, enabled=1, count=4
07-29 19:43:59.386  3364  4720 D SensorService: enable index=1
07-29 19:43:59.386  3364  4505 D WifiNl80211Manager: Setting up interface for client mode: wlan0
07-29 19:43:59.386  3364  4720 D SensorService: info.numActiveClients() = 4, info.isActive = 1
07-29 19:43:59.386  3364  4720 D SensorService: activateHardware = 0
07-29 19:43:59.386  3364  4720 D SensorService: 0xb400007a8ac1f480 addFd fd=935
07-29 19:43:59.386  5054  5054 D NhsSceneReceiver: sensor name is oplus_activity_recognition  Wakeup, registerState:true
07-29 19:43:59.386  5054  5054 D NhsSceneReceiver: onAccuracyChanged
07-29 19:43:59.386  2680  2680 I wificond: Current driver country code US
07-29 19:43:59.386  5054  5054 E NhsAppRILMsger: EVENT_REQ_EVENT_DONE Error received :com.android.internal.telephony.CommandException: RADIO_NOT_AVAILABLE
07-29 19:43:59.386  2680  2680 I wificond: createClientInterface: wiphy_index 0 iface_name wlan0
07-29 19:43:59.386  3324  3921 D QmiVsClient: getNecData callback - enter
07-29 19:43:59.387  3364  4205 D WifiNl80211Manager: OnRegDomainChanged US
07-29 19:43:59.387  3364  4205 D WifiNative: onCountryCodeChanged: US
07-29 19:43:59.387  2680  2680 I wificond: create scanner for interface with index: 27
07-29 19:43:59.387  3364  4205 I WifiCountryCode: Receive onDriverCountryCodeChanged US
07-29 19:43:59.387  3324  3414 D VsProxy : handleMessage msg is 4001
07-29 19:43:59.387  2680  2680 I wificond: subscribe scan result for interface with index: 27
07-29 19:43:59.387  3324  3414 D RadioProxy: getNecData : response cb for instance 0
07-29 19:43:59.387  3364  4205 D WifiScanRequestProxy: Sending scan available broadcast: true
07-29 19:43:59.387  3364  4205 I WifiScanRequestProxy: Scanning is enabled
07-29 19:43:59.387  3364  4205 I WifiScanRequestProxy: Scanning for hidden networks is disabled
07-29 19:43:59.387  2680  2680 I wificond: add channel type 0 support at wiphy index: 0
07-29 19:43:59.387  2680  2680 I wificond: add channel type 1 support at wiphy index: 0
07-29 19:43:59.388  3364  3364 D OplusWifiBroadCastDispatcher: mBroadcastReceiver: onReceiver  action=android.net.wifi.action.WIFI_SCAN_AVAILABILITY_CHANGED
07-29 19:43:59.388  5054  5414 D NhsSceneReceiver: onSensorChanged: name = oplus_activity_recognition  Wakeup
07-29 19:43:59.388  3364  4509 I WifiScanningService: Received a request to enable scanning, UID = 1000
07-29 19:43:59.388  5054  5414 D NhsSceneReceiver: enter still_state
07-29 19:43:59.388  3364  4633 D OplusWifiPower_ConnLpmEventObsever: onReceive EXTRA_SCAN_AVAILABLE availabe = true
07-29 19:43:59.388  3364  4633 D OplusWifiPowerService: onReceive action:android.net.wifi.action.WIFI_SCAN_AVAILABILITY_CHANGED
07-29 19:43:59.388  3364  4633 D OplusWifiSwitchStateMonitor: scan settings change to true
07-29 19:43:59.388  6922  6922 I OsAgent : onReceive: android.net.wifi.action.WIFI_SCAN_AVAILABILITY_CHANGED
07-29 19:43:59.388  3364  4505 I WifiNative: Interface state changed on Iface:{Name=wlan0,Id=1,Type=STA_SCAN}, isUp=true
07-29 19:43:59.389  1873  8547 I WifiHAL : mpdu_size_threshold : 128, aggressive_statistics_gathering : 0
07-29 19:43:59.389  3364  4505 I WifiNative: Successfully setup Iface:{Name=wlan0,Id=1,Type=STA_SCAN}
07-29 19:43:59.389  3364  4505 E SupplicantStaIfaceHalAidlImpl: Can't call getKeyMgmtCapabilities, ISupplicantStaIface is null for iface=wlan0
07-29 19:43:59.389  6922  8137 I OsAgent : updateWiFiScanAvailState, scanAvailable: true
07-29 19:43:59.389  5226  5258 D RadioProxyJ: [PHONE0][93]< getNecDataResponse ******
07-29 19:43:59.389  5226  5226 D MessengerResponseHandler: handleMessage Response msgid 206
07-29 19:43:59.389  6922  8137 D OsAgentAidlClient: [bool_dataitem_update][1570] [HC] =>> [HS]
07-29 19:43:59.390  1814  1880 I LocSvc_SystemStatusOsObserver: sendCachedDataItems:471] DataItem: IS_WIFI_HARDWARE_ON: true >> Wiper
07-29 19:43:59.390  1873  1873 I WifiHAL : wifi_get_supported_radio_combinations_matrix: enter
07-29 19:43:59.390  1873  1873 I WifiHAL : wifi_parse_radio_combinations_matrix: radio_combinations[1]: num_radio_configurations 1
07-29 19:43:59.390  1873  1873 I WifiHAL : wifi_parse_radio_combinations_matrix: radio_combinations[2]: num_radio_configurations 1
07-29 19:43:59.390  1873  1873 I WifiHAL : wifi_parse_radio_combinations_matrix: radio_combinations[3]: num_radio_configurations 1
07-29 19:43:59.390  1873  1873 I WifiHAL : wifi_parse_radio_combinations_matrix: radio_combinations[4]: num_radio_configurations 2
07-29 19:43:59.390  1873  1873 I WifiHAL : wifi_parse_radio_combinations_matrix: radio_combinations[5]: num_radio_configurations 2
07-29 19:43:59.390  1873  1873 I WifiHAL : wifi_parse_radio_combinations_matrix: radio_combinations[6]: num_radio_configurations 2
07-29 19:43:59.390  1873  1873 I WifiHAL : wifi_parse_radio_combinations_matrix: num_radio_combinations 6, radio_matrix_size 100
07-29 19:43:59.391  1814  1898 I LocSvc_api_v02: ---> locClientSendReq line 2409 QMI_LOC_NOTIFY_WIFI_ENABLED_STATUS_REQ_V02
07-29 19:43:59.391  3364  4505 E SupplicantStaIfaceHalAidlImpl: Can't call getWpaDriverCapabilities, ISupplicantStaIface is null for iface=wlan0
07-29 19:43:59.391  1814  3976 I LocSvc_ApiV02: <--- globalRespCb line 282 QMI_LOC_NOTIFY_WIFI_ENABLED_STATUS_REQ_V02
07-29 19:43:59.391  3364  4505 E WifiStaIfaceAidlImpl: getTwtCapabilities failed with service-specific exception: android.os.ServiceSpecificException:  (code 4)
07-29 19:43:59.392  3364  4205 W BestClock: java.time.DateTimeException: Missing network time fix
07-29 19:43:59.392  3364  4505 E WifiChipAidlImpl: enableStaChannelForPeerNetwork failed with service-specific exception: android.os.ServiceSpecificException:  (code 4)
07-29 19:43:59.392  3364  4505 D WifiNative: setWifiNativeInterfaceEventCallback
07-29 19:43:59.392  3364  4505 D WifiClientModeManager[59193:wlan0]: entering StartedState
07-29 19:43:59.392  1873  1873 E WifiHAL : wifi_get_gscan_capabilities: GSCAN is not supported by driver
07-29 19:43:59.392  1697  4921 E TetherController: property_get sys.radio.data.modem_share_flag return 0, 1!
07-29 19:43:59.392  3364  4509 E WifiStaIfaceAidlImpl: getBackgroundScanCapabilities failed with service-specific exception: android.os.ServiceSpecificException:  (code 4)
07-29 19:43:59.392  3364  4505 D WifiClientModeManager[59193:wlan0]: entering ScanOnlyModeState
07-29 19:43:59.392  3364  4505 D WifiScanRequestProxy: Sending scan available broadcast: true
07-29 19:43:59.392  3364  4505 I WifiScanRequestProxy: Scanning is enabled
07-29 19:43:59.392  3364  4505 I WifiScanRequestProxy: Scanning for hidden networks is disabled
07-29 19:43:59.392  3364  3364 D OplusWifiBroadCastDispatcher: mBroadcastReceiver: onReceiver  action=android.net.wifi.action.WIFI_SCAN_AVAILABILITY_CHANGED
07-29 19:43:59.392  3364  4633 D OplusWifiPower_ConnLpmEventObsever: onReceive EXTRA_SCAN_AVAILABLE availabe = true
07-29 19:43:59.392  3364  4633 D OplusWifiPowerService: onReceive action:android.net.wifi.action.WIFI_SCAN_AVAILABILITY_CHANGED
07-29 19:43:59.392  3364  4633 D OplusWifiSwitchStateMonitor: scan settings change to true
07-29 19:43:59.393  1873  1873 D WifiHAL : wifi_multi_sta_set_use_case: 0
07-29 19:43:59.393  3364  4505 D WifiCountryCode: evaluateAllCmmStateAndApplyIfAllReady: {ConcreteClientModeManager{id=59193 iface=wlan0 role=ROLE_CLIENT_SCAN_ONLY}=true}
07-29 19:43:59.393  3364  4505 D WifiCountryCode: Reading country code from telephony
07-29 19:43:59.393  3364  4505 D WifiCountryCode: Set telephony country code to: 
07-29 19:43:59.394  3364  4505 D WifiCountryCode: updateCountryCode to US
07-29 19:43:59.394  3364  4505 D WifiCountryCode: setCountryCodeNative: US, isClientModeOnly: true mDriverCountryCode: US
07-29 19:43:59.394  3364  4509 I WifiScanningService: Created a new impl for wlan0
07-29 19:43:59.394  3364  4509 I WifiScanningService: Received a request to enable scanning, UID = 1000
07-29 19:43:59.394  3364  4509 I WifiScanningService: scanner impls already exists
07-29 19:43:59.394  3364  4205 W BestClock: java.time.DateTimeException: Missing network time fix
07-29 19:43:59.394  6922  6922 I OsAgent : onReceive: android.net.wifi.action.WIFI_SCAN_AVAILABILITY_CHANGED
07-29 19:43:59.394  3364  4509 I WifiScanningService: wifi driver loaded with scan capabilities: max buckets=16
07-29 19:43:59.394  3364  4509 E WifiScanningService: wifi driver loaded received while already loaded
07-29 19:43:59.394  6922  8137 I OsAgent : updateWiFiScanAvailState, scanAvailable: true
07-29 19:43:59.395  3364  4720 W BestClock: java.time.DateTimeException: Missing network time fix
07-29 19:43:59.395  1859  6338 I sensors-hal: qsh_conn_event_cb:756, event[0] msg_id=1025, ts=1219040892, sensor_type = oplus_activity_recognition  Wakeup
07-29 19:43:59.395  1859  6338 E sensors-hal: handle_sns_std_sensor_event:72, oplus_activity_recognition output: count: 1.000000, index: 1.000000, incar_state: 0.000000, actvity_mode: 3.000000, delta_time: 0.000000 !
07-29 19:43:59.396  5027  6075 W BestClock: java.time.DateTimeException: Missing network time fix
07-29 19:43:59.396  5054  5414 D NhsSceneReceiver: onSensorChanged: name = oplus_activity_recognition  Wakeup
07-29 19:43:59.396  5027  6075 V MonthTrafficAlert: getWarningNotification subId:1 numWarningNotificaion:0
07-29 19:43:59.396  5027  5595 D SceneEvent: onSensorChanged: name = oplus_activity_recognition  Wakeup
07-29 19:43:59.399  3364  4206 W BestClock: java.time.DateTimeException: Missing network time fix
07-29 19:43:59.401  5182  6200 D IWlanJni: getDataRegistrationState start
07-29 19:43:59.401  5182  6200 D IWlanJni: getDataRegistrationState start
07-29 19:43:59.401  5182  6205 D IWlanJni: new aidl event arrived
07-29 19:43:59.401  5182  6205 D IWlanJni: handleEvent 10
07-29 19:43:59.401  5182  6205 D IWlanJni: isThreadAttached start
07-29 19:43:59.401  5182  6205 D IWlanJni: jni detached
07-29 19:43:59.401  5182  6208 D IWlanJni: new aidl event arrived
07-29 19:43:59.401  5182  6205 D IWlanJni: jni attached
07-29 19:43:59.401  5182  6205 D IWlanJni: getDataRegistrationStateResponse start
07-29 19:43:59.401  5182  6205 D IWlanJni: getJavaCallbackClass start
07-29 19:43:59.401  5182  6205 D IWlanJni: getJavaCallbackClass End midIs[1]
07-29 19:43:59.401  5182  6205 I IWlanAidlClient: getDataRegistrationStateResponse called
07-29 19:43:59.401  5182  6208 D IWlanJni: handleEvent 10
07-29 19:43:59.401  5182  6208 D IWlanJni: isThreadAttached start
07-29 19:43:59.401  5182  6208 D IWlanJni: jni detached
07-29 19:43:59.401  5182  6208 D IWlanJni: jni attached
07-29 19:43:59.401  5182  6208 D IWlanJni: getDataRegistrationStateResponse start
07-29 19:43:59.401  5182  6208 D IWlanJni: getJavaCallbackClass start
07-29 19:43:59.401  5182  6208 D IWlanJni: getJavaCallbackClass End midIs[1]
07-29 19:43:59.401  5182  6208 I IWlanAidlClient: getDataRegistrationStateResponse called
07-29 19:43:59.402  5182  6204 W IWlanNetworkService: 7 > Response Processed
07-29 19:43:59.402  5182  6207 W IWlanNetworkService: 6 > Response Processed
07-29 19:43:59.403  4878  5832 V OplusCustomizeCacheManager: queryCache name: sys.cache.common_customize_cache18014 param: null
07-29 19:43:59.403  4878  5832 V OplusCustomizeCacheManager: queryCache name: sys.cache.common_customize_cache18017 param: Bundle[{SETTING=BLOCK, BUSINESS=NCT-DATA}]
07-29 19:43:59.403  4878  5832 V OplusCustomizeCacheManager: queryCache name: sys.cache.common_customize_cache18013 param: null
07-29 19:43:59.405  4951  4951 D OplusTelephonyController: onSignalStrengthChanged: SignalStrength=SignalStrength:{mCdma=CellSignalStrengthCdma: cdmaDbm=2147483647 cdmaEcio=2147483647 evdoDbm=2147483647 evdoEcio=2147483647 evdoSnr=2147483647 level=0,mGsm=CellSignalStrengthGsm: rssi=2147483647 ber=2147483647 mTa=2147483647 mLevel=0,mWcdma=CellSignalStrengthWcdma: ss=2147483647 ber=2147483647 rscp=2147483647 ecno=2147483647 level=0,mTdscdma=CellSignalStrengthTdscdma: rssi=2147483647 ber=2147483647 rscp=2147483647 level=0,mLte=CellSignalStrengthLte: rssi=2147483647 rsrp=2147483647 rsrq=2147483647 rssnr=2147483647 cqiTableIndex=2147483647 cqi=2147483647 ta=2147483647 level=0 parametersUseForLevel=0,mNr=CellSignalStrengthNr:{ csiRsrp = 2147483647 csiRsrq = 2147483647 csiCqiTableIndex = 2147483647 csiCqiReport = [] ssRsrp = 2147483647 ssRsrq = 2147483647 ssSinr = 2147483647 level = 0 parametersUseForLevel = 0 timingAdvance = 2147483647 },primary=CellSignalStrengthLte}
07-29 19:43:59.405  3364  4206 I OplusBinderProxy: pb uid: 10215 pid: 11062 desc: com.android.internal.telephony.IPhoneStateListener/10
07-29 19:43:59.406  5226  5226 D SubsysEventListenerManager-SubsysTelephonyCallback[0]: onSignalStrengthsChanged
07-29 19:43:59.406  5182  6200 D IWlanJni: getDataRegistrationState start
07-29 19:43:59.407  5182  6208 D IWlanJni: new aidl event arrived
07-29 19:43:59.407  5182  6208 D IWlanJni: handleEvent 10
07-29 19:43:59.407  5182  6208 D IWlanJni: isThreadAttached start
07-29 19:43:59.407  5182  6208 D IWlanJni: jni detached
07-29 19:43:59.407  5182  6208 D IWlanJni: jni attached
07-29 19:43:59.407  5182  6208 D IWlanJni: getDataRegistrationStateResponse start
07-29 19:43:59.407  5182  6208 D IWlanJni: getJavaCallbackClass start
07-29 19:43:59.407  5182  6208 D IWlanJni: getJavaCallbackClass End midIs[1]
07-29 19:43:59.407  5182  6208 I IWlanAidlClient: getDataRegistrationStateResponse called
07-29 19:43:59.407  5182  6207 W IWlanNetworkService: 8 > Response Processed
07-29 19:43:59.407  1814  3713 E LOCRIL_SESSION: operator():200] SubId: 1 Failed to get sim IO with error: 11
07-29 19:43:59.407  1814  3713 E LOCRIL_SESSION: operator():200] SubId: 1 Failed to get sim IO with error: 11
07-29 19:43:59.408  1814  3713 E LOCRIL_SESSION: operator():241] SubId: 1 Failed to get sim IMSI with error: 11
07-29 19:43:59.408  1814  3713 E LOCRIL_SESSION: operator():241] SubId: 1 Failed to get sim IMSI with error: 11
07-29 19:43:59.409  5226  8420 D VendorTelephonyService: onTelephonyEventReport slotId =0 eventId=6030
07-29 19:43:59.409  5182  6200 D IWlanJni: getDataRegistrationState start
07-29 19:43:59.409  5226  8420 D VendorTelephonyService: onTelephonyEventReport slotId =0 eventId=6030
07-29 19:43:59.409  5226  5226 D VendorCallService: notityEventUpdate, eventId:6030, slotId = 0
07-29 19:43:59.409  5027 12957 D SaDataService: onTelephonyEventReport , subId= 0,slotId=-1 eventId=6030
07-29 19:43:59.409  5027 12957 D TelephonyImpl: notify eventId:6030 for list size:2
07-29 19:43:59.410  5182  6205 D IWlanJni: new aidl event arrived
07-29 19:43:59.410  5182  6205 D IWlanJni: handleEvent 10
07-29 19:43:59.410  5182  6205 D IWlanJni: isThreadAttached start
07-29 19:43:59.410  5182  6205 D IWlanJni: jni detached
07-29 19:43:59.410  5182  6205 D IWlanJni: jni attached
07-29 19:43:59.410  5182  6205 D IWlanJni: getDataRegistrationStateResponse start
07-29 19:43:59.410  5182  6205 D IWlanJni: getJavaCallbackClass start
07-29 19:43:59.410  5182  6205 D IWlanJni: getJavaCallbackClass End midIs[1]
07-29 19:43:59.410  5182  6205 I IWlanAidlClient: getDataRegistrationStateResponse called
07-29 19:43:59.410  5182  6204 W IWlanNetworkService: 9 > Response Processed
07-29 19:43:59.411  1814  3711 W LOCRIL_SESSION: operator():307] cellInfo list size is 0, Voice state: 3, data state: 3
07-29 19:43:59.411  5009  5037 D QtiOemHookAidl: oemHookRawIndication length=24
07-29 19:43:59.411  5009  5786 D QtiOemHookAidl: oemHookRawIndication length=24
07-29 19:43:59.411  5009  5009 D QcrilMsgTunnelIfaceManager: handleMessage what = 0
07-29 19:43:59.411  3364  4808 W BestClock: java.time.DateTimeException: Missing network time fix
07-29 19:43:59.411  5226  8420 D VendorTelephonyService: onTelephonyEventReport slotId =0 eventId=6030
07-29 19:43:59.411  5226  8420 D VendorTelephonyService: onTelephonyEventReport slotId =0 eventId=6030
07-29 19:43:59.412  5009  5009 D QcrilMsgTunnelIfaceManager: handleMessage what = 0
07-29 19:43:59.412  5226  5226 D VendorCallService: notityEventUpdate, eventId:6030, slotId = 0
07-29 19:43:59.412  5027 12957 D SaDataService: onTelephonyEventReport , subId= 0,slotId=-1 eventId=6030
07-29 19:43:59.412  5027 12957 D TelephonyImpl: notify eventId:6030 for list size:2
07-29 19:43:59.412  4951  4951 D QC_RIL_OEM_HOOK: Received Broadcast Intent ACTION_UNSOL_RESPONSE_OEM_HOOK_RAW
07-29 19:43:59.413  4951  4951 D QC_RIL_OEM_HOOK: Received Broadcast Intent ACTION_UNSOL_RESPONSE_OEM_HOOK_RAW
07-29 19:43:59.413  5009  5009 D QC_RIL_OEM_HOOK: Received Broadcast Intent ACTION_UNSOL_RESPONSE_OEM_HOOK_RAW
07-29 19:43:59.413  3364  4808 W BestClock: java.time.DateTimeException: Missing network time fix
07-29 19:43:59.413  5009  5009 D QC_RIL_OEM_HOOK: Received Broadcast Intent ACTION_UNSOL_RESPONSE_OEM_HOOK_RAW
07-29 19:43:59.413  4951  4951 D QC_RIL_OEM_HOOK: Received Broadcast Intent ACTION_UNSOL_RESPONSE_OEM_HOOK_RAW
07-29 19:43:59.413  4951  4951 D QC_RIL_OEM_HOOK: Received Broadcast Intent ACTION_UNSOL_RESPONSE_OEM_HOOK_RAW
07-29 19:43:59.413  4951  4951 D QC_RIL_OEM_HOOK: Received Broadcast Intent ACTION_UNSOL_RESPONSE_OEM_HOOK_RAW
07-29 19:43:59.413  4951  4951 D QC_RIL_OEM_HOOK: Received Broadcast Intent ACTION_UNSOL_RESPONSE_OEM_HOOK_RAW
07-29 19:43:59.414  4878  5832 V OplusCustomizeCacheManager: queryCache name: sys.cache.common_customize_cache18014 param: null
07-29 19:43:59.414  4878  5832 V OplusCustomizeCacheManager: queryCache name: sys.cache.common_customize_cache18017 param: Bundle[{SETTING=BLOCK, BUSINESS=NCT-DATA}]
07-29 19:43:59.414  4878  5832 V OplusCustomizeCacheManager: queryCache name: sys.cache.common_customize_cache18013 param: null
07-29 19:43:59.415  5115  5183 I QImsService: ImsRadioIndicationAidl : onRadioStateChanged()[SUB1]
07-29 19:43:59.415  5115  5183 I QImsService: ImsSenderRxr : [UNSL]< UNSOL_RADIO_STATE_CHANGED RADIO_ON[SUB1]
07-29 19:43:59.416  5115  6413 I QImsService: ImsRadioIndicationAidl : onRadioStateChanged()[SUB0]
07-29 19:43:59.416  5115  6413 I QImsService: ImsSenderRxr : [UNSL]< UNSOL_RADIO_STATE_CHANGED RADIO_ON[SUB0]
07-29 19:43:59.417  1993  1993 E PowerMonitorService: Failed to open /proc/horae_qmi (2): No such file or directory
07-29 19:43:59.418  2680  2680 I wificond: Regulatory domain changed to country: US on wiphy_index: 0
07-29 19:43:59.418  2680  2680 I wificond: UpdateBandInfo
07-29 19:43:59.418  3364  5389 D WifiNl80211Manager: OnRegDomainChanged US
07-29 19:43:59.418  3364  5389 D WifiNative: onCountryCodeChanged: US
07-29 19:43:59.418  6393  6393 I wpa_supplicant: p2p0: CTRL-EVENT-REGDOM-CHANGE init=DRIVER type=COUNTRY alpha2=US
07-29 19:43:59.418  3364  5389 I WifiCountryCode: Receive onDriverCountryCodeChanged US
07-29 19:43:59.418  3364  5389 D WifiScanRequestProxy: Sending scan available broadcast: true
07-29 19:43:59.418  3364  4509 I WifiScanningService: Received a request to enable scanning, UID = 1000
07-29 19:43:59.418  3364  4509 I WifiScanningService: scanner impls already exists
07-29 19:43:59.418  3364  4509 E WifiScanningService: wifi driver loaded received while already loaded
07-29 19:43:59.418  3364  5389 I WifiScanRequestProxy: Scanning is enabled
07-29 19:43:59.418  3364  5389 I WifiScanRequestProxy: Scanning for hidden networks is disabled
07-29 19:43:59.419  2680  2680 I wificond: 2.4Ghz frequencies: 2412 2417 2422 2427 2432 2437 2442 2447 2452 2457 2462
07-29 19:43:59.419  2680  2680 I wificond: 5Ghz non-DFS frequencies: 5180 5200 5220 5240 5745 5765 5785 5805 5825
07-29 19:43:59.419  2680  2680 I wificond: 5Ghz DFS frequencies: 5260 5280 5300 5320 5500 5520 5540 5560 5580 5600 5620 5640 5660 5680 5700
07-29 19:43:59.419  2680  2680 I wificond: 6Ghz frequencies:
07-29 19:43:59.419  2680  2680 I wificond: 60Ghz frequencies:
07-29 19:43:59.419  5009  5009 D DeviceStatisticsService: onReceive: action= org.codeaurora.intent.action.RADIO_POWER_STATE
07-29 19:43:59.419  5009  5009 I DeviceStatisticsService: Receiving radio_power_state_changed, mIsDeviceInfoInitialized = true
07-29 19:43:59.419  5009  5009 I DeviceStatisticsService: radio power state changed to 1 for slot: 1
07-29 19:43:59.419  3364  5389 W BestClock: java.time.DateTimeException: Missing network time fix
07-29 19:43:59.420  3364  3364 D OplusWifiBroadCastDispatcher: mBroadcastReceiver: onReceiver  action=android.net.wifi.action.WIFI_SCAN_AVAILABILITY_CHANGED
07-29 19:43:59.420  1814  3711 W LOCRIL_SESSION: operator():307] cellInfo list size is 0, Voice state: 3, data state: 3
07-29 19:43:59.420  3364  4633 D OplusWifiPower_ConnLpmEventObsever: onReceive EXTRA_SCAN_AVAILABLE availabe = true
07-29 19:43:59.420  5027 12957 D SaDataService: onTelephonyEventReport , subId= 0,slotId=-1 eventId=6030
07-29 19:43:59.420  5027 12957 D TelephonyImpl: notify eventId:6030 for list size:2
07-29 19:43:59.420  4951  4951 D OplusPowerUpOptimizationImpl: onReceive: org.codeaurora.intent.action.RADIO_POWER_STATE
07-29 19:43:59.421  3364  4633 D OplusWifiPowerService: onReceive action:android.net.wifi.action.WIFI_SCAN_AVAILABILITY_CHANGED
07-29 19:43:59.421  3364  4633 D OplusWifiSwitchStateMonitor: scan settings change to true
07-29 19:43:59.421  4951  5587 D OplusPowerUpOptimizationImpl: handleMessage what = 6
07-29 19:43:59.421  4951  5587 D OplusPowerUpOptimizationImpl: radio is available for slot: 1
07-29 19:43:59.421  4951  5587 D OplusPowerUpOptimizationImpl: trySendPhoneReady for slot: 1
07-29 19:43:59.421  4951  5587 D OplusPowerUpOptimizationImpl: Not sending ATEL ready: States: [1: {true, true, true, true}]
07-29 19:43:59.421  5182  6200 D IWlanJni: getDataRegistrationState start
07-29 19:43:59.421  1814  3713 E LOCRIL_SESSION: operator():200] SubId: 1 Failed to get sim IO with error: 11
07-29 19:43:59.421  5182  6200 D IWlanJni: getDataRegistrationState start
07-29 19:43:59.421  3364  5389 W BestClock: java.time.DateTimeException: Missing network time fix
07-29 19:43:59.422  5226  8420 D VendorTelephonyService: onTelephonyEventReport slotId =0 eventId=6030
07-29 19:43:59.422  5226  8420 D VendorTelephonyService: onTelephonyEventReport slotId =0 eventId=6030
07-29 19:43:59.422  1814  3713 E LOCRIL_SESSION: operator():241] SubId: 1 Failed to get sim IMSI with error: 11
07-29 19:43:59.422  5226  5226 D VendorCallService: notityEventUpdate, eventId:6030, slotId = 0
07-29 19:43:59.423  4878  5832 V OplusCustomizeCacheManager: queryCache name: sys.cache.common_customize_cache18014 param: null
07-29 19:43:59.423  4878  5832 V OplusCustomizeCacheManager: queryCache name: sys.cache.common_customize_cache18017 param: Bundle[{SETTING=BLOCK, BUSINESS=NCT-DATA}]
07-29 19:43:59.423  4878  5832 V OplusCustomizeCacheManager: queryCache name: sys.cache.common_customize_cache18013 param: null
07-29 19:43:59.423  5182  6200 D IWlanJni: getDataRegistrationState start
07-29 19:43:59.423  5226  5226 D SubsysEventListenerManager-SubsysTelephonyCallback[0]: onRadioPowerStateChanged state:1
07-29 19:43:59.423  5009  5009 D DeviceInfoAidlClient: onRadioPowerStateChanged
07-29 19:43:59.423  5009  5009 D DeviceInfoAidlClient: mRadioStateHdlr handleMessage()1
07-29 19:43:59.423  5009  5009 D DeviceInfoAidlClient: isRadioOn()=true
07-29 19:43:59.423  5009  5009 I DeviceInfoAidlClient: sendFeaturesSupported: power info support-true interactive state support-true
07-29 19:43:59.424  5009  5009 D DeviceStatisticsService: onReceive: action= org.codeaurora.intent.action.RADIO_POWER_STATE
07-29 19:43:59.424  5009  5009 I DeviceStatisticsService: Receiving radio_power_state_changed, mIsDeviceInfoInitialized = true
07-29 19:43:59.424  5009  5009 I DeviceStatisticsService: radio power state changed to 1 for slot: 0
07-29 19:43:59.424  5009  5009 D DeviceInfoAidlClient: isRadioOn()=true
07-29 19:43:59.424  5009  5009 I DeviceInfoAidlClient: sendFeaturesSupported: power info support-true interactive state support-true
07-29 19:43:59.424  5182  6205 D IWlanJni: new aidl event arrived
07-29 19:43:59.424  5182  6205 D IWlanJni: handleEvent 10
07-29 19:43:59.424  5182  6205 D IWlanJni: isThreadAttached start
07-29 19:43:59.424  5182  6205 D IWlanJni: jni detached
07-29 19:43:59.424  5182  6208 D IWlanJni: new aidl event arrived
07-29 19:43:59.424  5182  6208 D IWlanJni: handleEvent 10
07-29 19:43:59.424  5182  6208 D IWlanJni: isThreadAttached start
07-29 19:43:59.424  5182  6208 D IWlanJni: jni detached
07-29 19:43:59.424  5182  6205 D IWlanJni: jni attached
07-29 19:43:59.424  5182  6205 D IWlanJni: getDataRegistrationStateResponse start
07-29 19:43:59.424  5182  6205 D IWlanJni: getJavaCallbackClass start
07-29 19:43:59.424  5182  6205 D IWlanJni: getJavaCallbackClass End midIs[1]
07-29 19:43:59.424  5182  6208 D IWlanJni: jni attached
07-29 19:43:59.424  5182  6208 D IWlanJni: getDataRegistrationStateResponse start
07-29 19:43:59.424  5182  6208 D IWlanJni: getJavaCallbackClass start
07-29 19:43:59.424  5182  6208 D IWlanJni: getJavaCallbackClass End midIs[1]
07-29 19:43:59.424  5182  6205 I IWlanAidlClient: getDataRegistrationStateResponse called
07-29 19:43:59.424  5182  6208 I IWlanAidlClient: getDataRegistrationStateResponse called
07-29 19:43:59.424  5182  6204 W IWlanNetworkService: 12 > Response Processed
07-29 19:43:59.424  6922  6922 I OsAgent : onReceive: android.net.wifi.action.WIFI_SCAN_AVAILABILITY_CHANGED
07-29 19:43:59.424  6922  8137 I OsAgent : updateWiFiScanAvailState, scanAvailable: true
07-29 19:43:59.424  5182  6208 D IWlanJni: handleEvent 10
07-29 19:43:59.424  5182  6208 D IWlanJni: isThreadAttached start
07-29 19:43:59.424  5182  6208 D IWlanJni: jni detached
07-29 19:43:59.424  5182  6208 D IWlanJni: jni attached
07-29 19:43:59.424  5182  6208 D IWlanJni: getDataRegistrationStateResponse start
07-29 19:43:59.424  5182  6208 D IWlanJni: getJavaCallbackClass start
07-29 19:43:59.424  5182  6208 D IWlanJni: getJavaCallbackClass End midIs[1]
07-29 19:43:59.424  5182  6208 I IWlanAidlClient: getDataRegistrationStateResponse called
07-29 19:43:59.425  5182  6207 W IWlanNetworkService: 10 > Response Processed
07-29 19:43:59.425  5182  6207 W IWlanNetworkService: 11 > Response Processed
07-29 19:43:59.425  5182  6200 D IWlanJni: getDataRegistrationState start
07-29 19:43:59.426  5182  6205 D IWlanJni: new aidl event arrived
07-29 19:43:59.426  5182  6205 D IWlanJni: handleEvent 10
07-29 19:43:59.426  5182  6205 D IWlanJni: isThreadAttached start
07-29 19:43:59.426  5182  6205 D IWlanJni: jni detached
07-29 19:43:59.426  5182  6205 D IWlanJni: jni attached
07-29 19:43:59.426  5182  6205 D IWlanJni: getDataRegistrationStateResponse start
07-29 19:43:59.426  5182  6205 D IWlanJni: getJavaCallbackClass start
07-29 19:43:59.426  5182  6205 D IWlanJni: getJavaCallbackClass End midIs[1]
07-29 19:43:59.426  5182  6205 I IWlanAidlClient: getDataRegistrationStateResponse called
07-29 19:43:59.426  3364  4720 W BestClock: java.time.DateTimeException: Missing network time fix
07-29 19:43:59.427  3364  4720 W BestClock: java.time.DateTimeException: Missing network time fix
07-29 19:43:59.427  5009  5037 I DeviceInfoAidlClient: onPowerInfoReportingChanged - reporting enabled true [15, 20, 30, 50, 80]
07-29 19:43:59.427  5009  5037 D DeviceInfoAidlClient: isRadioOn()=true
07-29 19:43:59.427  5182  6204 W IWlanNetworkService: 13 > Response Processed
07-29 19:43:59.427  5009  5037 I DeviceInfoAidlClient: isPowerInfoNeverSent=true batteryLevel=100 batteryLevelIndex=5 chargingMode=2 totalCapacity=4900000 powerSaveMode=false
07-29 19:43:59.427  5009  5037 I DeviceInfoAidlClient: onDeviceInfoReportingChanged - reporting enabled true
07-29 19:43:59.428  5009  5037 D DeviceInfoAidlClient: getDeviceInfoSupportStatus()=1
07-29 19:43:59.428  5009  5037 D DeviceInfoAidlClient: isRadioOn()=true
07-29 19:43:59.428  5009  5037 I DeviceInfoAidlClient: deviceState=2
07-29 19:43:59.428  4878  5832 V OplusCustomizeCacheManager: queryCache name: sys.cache.common_customize_cache18014 param: null
07-29 19:43:59.428  5009  5037 I DeviceInfoAidlClient: onPowerInfoReportingChanged - reporting enabled true [15, 20, 30, 50, 80]
07-29 19:43:59.428  5009  5037 D DeviceInfoAidlClient: isRadioOn()=true
07-29 19:43:59.428  4878  5832 V OplusCustomizeCacheManager: queryCache name: sys.cache.common_customize_cache18017 param: Bundle[{SETTING=BLOCK, BUSINESS=NCT-DATA}]
07-29 19:43:59.428  5009  5037 I DeviceInfoAidlClient: isPowerInfoNeverSent=false batteryLevel=100 batteryLevelIndex=5 chargingMode=2 totalCapacity=4900000 powerSaveMode=false
07-29 19:43:59.428  4878  5832 V OplusCustomizeCacheManager: queryCache name: sys.cache.common_customize_cache18013 param: null
07-29 19:43:59.428  5009  8301 I DeviceInfoAidlClient: onDeviceInfoReportingChanged - reporting enabled true
07-29 19:43:59.428  5009  8301 D DeviceInfoAidlClient: getDeviceInfoSupportStatus()=1
07-29 19:43:59.428  5009  8301 D DeviceInfoAidlClient: isRadioOn()=true
07-29 19:43:59.428  5009  8301 I DeviceInfoAidlClient: deviceState=2
07-29 19:43:59.428  4951  4951 V OplusCustomizeCacheManager: queryCache name: sys.cache.common_customize_cache18016 param: null
07-29 19:43:59.428  4951  4951 V OplusCustomizeCacheManager: queryCache name: sys.cache.common_customize_cache18013 param: null
07-29 19:43:59.428  4951  4951 V OplusCustomizeCacheManager: queryCache name: sys.cache.common_customize_cache18014 param: null
07-29 19:43:59.428  4951  4951 V OplusCustomizeCacheManager: queryCache name: sys.cache.common_customize_cache18017 param: Bundle[{SETTING=BLOCK, BUSINESS=NCT-DATA}]
07-29 19:43:59.428  4951  4951 V OplusCustomizeCacheManager: queryCache name: sys.cache.common_customize_cache18016 param: null
07-29 19:43:59.428  4951  4951 V OplusCustomizeCacheManager: queryCache name: sys.cache.common_customize_cache18013 param: null
07-29 19:43:59.428  4951  4951 V OplusCustomizeCacheManager: queryCache name: sys.cache.common_customize_cache18014 param: null
07-29 19:43:59.428  4951  4951 V OplusCustomizeCacheManager: queryCache name: sys.cache.common_customize_cache18017 param: Bundle[{SETTING=BLOCK, BUSINESS=NCT-DATA}]
07-29 19:43:59.429  5009  5009 D QcrilMsgTunnelIfaceManager: handleMessage what = 1
07-29 19:43:59.429  5009  5009 I QcrilOemhookMsgTunnel: [0]invokeOemRilRequestRaw: serial=1007 length=16
07-29 19:43:59.429  4951  4951 D CiWlanNotificationReceiver: ACTION_RADIO_POWER_STATE_CHANGED
07-29 19:43:59.430  5009  8301 I QtiOemHookAidl: oemHookRawResponse: serial no: 1007 error: 0length=1
07-29 19:43:59.430  5009  5009 D QcrilMsgTunnelIfaceManager: handleMessage what = 2
07-29 19:43:59.430  4951  5522 D QC_RIL_OEM_HOOK: sendOemRilRequestRaw returns value = 1
07-29 19:43:59.433  4878  5048 I SystemUi--Statusbar: NetworkController.WifiSignalController-->wifi Broadcast action = android.telephony.action.SERVICE_PROVIDERS_UPDATED state=1 enabled=false connected=false isDefaultNetwork=false rssi=0 level=0 statusLabel = null isDirty = false
07-29 19:43:59.434  4878  5103 I SystemUi--QuickSettings: Tile.OplusCellularTile-->updateCarrierText: dialog not showing, ignore
07-29 19:43:59.434  4878  5103 D SimStateHelper: slot:0, lock state:Bundle[mParcelledData.dataSize=56]
07-29 19:43:59.434  4878  5103 D SimStateHelper: slot:1, lock state:Bundle[mParcelledData.dataSize=56]
07-29 19:43:59.434  4878  5103 D SimStateHelper: needDisableMenu: slot1State=-1; slot2State=-1
07-29 19:43:59.434  4878  5103 D SimStateHelper: needDisableMenu:false
