07-29 19:43:59.435  3364  5389 W ContextImpl: Calling a method in the system process without a qualified user: android.app.ContextImpl.sendBroadcastMultiplePermissions:1311 android.content.Context.sendBroadcastMultiplePermissions:2524 com.android.server.TelephonyRegistry.broadcastServiceStateChanged:3740 com.android.server.TelephonyRegistry.notifyServiceStateForPhoneId:1787 com.android.internal.telephony.ITelephonyRegistry$Stub.onTransact:546 
07-29 19:43:59.436  3364  5389 W ContextImpl: Calling a method in the system process without a qualified user: android.app.ContextImpl.sendBroadcastMultiplePermissions:1344 com.android.server.TelephonyRegistry.broadcastServiceStateChanged:3745 com.android.server.TelephonyRegistry.notifyServiceStateForPhoneId:1787 com.android.internal.telephony.ITelephonyRegistry$Stub.onTransact:546 android.os.Binder.execTransactInternal:1523 
07-29 19:43:59.436  3364  5389 W ContextImpl: Calling a method in the system process without a qualified user: android.app.ContextImpl.sendBroadcastMultiplePermissions:1344 com.android.server.TelephonyRegistry.broadcastServiceStateChanged:3754 com.android.server.TelephonyRegistry.notifyServiceStateForPhoneId:1787 com.android.internal.telephony.ITelephonyRegistry$Stub.onTransact:546 android.os.Binder.execTransactInternal:1523 
07-29 19:43:59.437  4951  4951 D ServiceStateProvider: subId=1
07-29 19:43:59.437  3364  5389 W ContextImpl: Calling a method in the system process without a qualified user: android.app.ContextImpl.sendBroadcastMultiplePermissions:1344 com.android.server.TelephonyRegistry.broadcastServiceStateChanged:3760 com.android.server.TelephonyRegistry.notifyServiceStateForPhoneId:1787 com.android.internal.telephony.ITelephonyRegistry$Stub.onTransact:546 android.os.Binder.execTransactInternal:1523 
07-29 19:43:59.438  4951  4951 D OplusPowerUpOptimizationImpl: onReceive: org.codeaurora.intent.action.RADIO_POWER_STATE
07-29 19:43:59.438  3364  3719 D OomAdjuster: Not killing cached processes
07-29 19:43:59.439  4951  5587 D OplusPowerUpOptimizationImpl: handleMessage what = 6
07-29 19:43:59.439  3364  4667 V SettingsProvider: deleteSystemSetting(OPLUS_SLA_LAST_MCC, 0)
07-29 19:43:59.439  4951  5587 D OplusPowerUpOptimizationImpl: radio is available for slot: 0
07-29 19:43:59.439  4951  5587 D OplusPowerUpOptimizationImpl: trySendPhoneReady for slot: 0
07-29 19:43:59.439  4951  5587 D OplusPowerUpOptimizationImpl: Not sending ATEL ready: States: [0: {true, true, true, true}]
07-29 19:43:59.439  5984  5984 D CellBroadcastReceiver: onReceive Intent { act=android.intent.action.SERVICE_STATE flg=0x1000010 cmp=com.android.cellbroadcastreceiver.module/com.android.cellbroadcastreceiver.CellBroadcastReceiver (has extras) }
07-29 19:43:59.439  3364  4667 D SettingsProvider: delete system settings OPLUS_****_MCC pkg is  android user id is 0
07-29 19:43:59.439  5984  5984 D CellBroadcastReceiver: onServiceStateChanged, ss: 1
07-29 19:43:59.439  5226  6110 D EfsNvDumpUnit[0]: onServiceStateChanged: voice reg state: OUT_OF_SERVICE data reg state: OUT_OF_SERVICE
07-29 19:43:59.439  5226  6110 D cellularState[0]: handleMessage: E msg.what=4
07-29 19:43:59.439  5226  6110 D cellularState[0]: processMsg: DataCallingState
07-29 19:43:59.439  5226  6110 D cellularState[0]: processMsg: NetworkAttachedState
07-29 19:43:59.439  5226  5226 D SubsysEventListenerManager-SubsysTelephonyCallback[0]: onServiceStateChanged
07-29 19:43:59.439  5027  6070 D T-Recommend: onPreHandleMessage 1000
07-29 19:43:59.439  5027  6070 E CellularEvent: nri null ps
07-29 19:43:59.439  5027  6070 E CellularEvent: invalid nri
07-29 19:43:59.439  5027  6070 D T-Recommend: onPostHandleMessage 1000
07-29 19:43:59.439  3364  5389 W ContextImpl: Calling a method in the system process without a qualified user: android.app.ContextImpl.sendBroadcastMultiplePermissions:1311 android.content.Context.sendBroadcastMultiplePermissions:2524 com.android.server.TelephonyRegistry.broadcastServiceStateChanged:3740 com.android.server.TelephonyRegistry.notifyServiceStateForPhoneId:1787 com.android.internal.telephony.ITelephonyRegistry$Stub.onTransact:546 
07-29 19:43:59.440  3364  5389 W ContextImpl: Calling a method in the system process without a qualified user: android.app.ContextImpl.sendBroadcastMultiplePermissions:1344 com.android.server.TelephonyRegistry.broadcastServiceStateChanged:3745 com.android.server.TelephonyRegistry.notifyServiceStateForPhoneId:1787 com.android.internal.telephony.ITelephonyRegistry$Stub.onTransact:546 android.os.Binder.execTransactInternal:1523 
07-29 19:43:59.440  4951  4951 D CiWlanNotificationReceiver: ACTION_RADIO_POWER_STATE_CHANGED
07-29 19:43:59.440  5226  6110 D cellularState[0]: processMsg: SimReadyState
07-29 19:43:59.440  5226  6110 D cellularState[0]: processMsg: DefaultState
07-29 19:43:59.440  5226  6110 E cellularState[0]:  - unhandledMessage: msg.what=4
07-29 19:43:59.440  5226  6110 D cellularState[0]: handleMessage: X
07-29 19:43:59.440  5984  5984 D CellBroadcastReceiver: networkOperator: 
07-29 19:43:59.441  5115  5115 I QImsService: OplusPhoneStateTracker : onServiceStateChanged
07-29 19:43:59.441  5115  5115 I QImsService: OplusPhoneStateTracker : onServiceStateChanged
07-29 19:43:59.441  3364  4503 V NetworkPolicy: updateNotificationsNL not process
07-29 19:43:59.441  4878  5186 I SystemUi--Statusbar: MobileConnectionRepositoryImpl-->subId:1 isSoftSimCard:false slotId:0
07-29 19:43:59.441  4878  4878 I KeyguardUpdateMonitor: refreshSimState, changed:false,subId:1,slotId:0,state:5
07-29 19:43:59.441  3364  5389 W ContextImpl: Calling a method in the system process without a qualified user: android.app.ContextImpl.sendBroadcastMultiplePermissions:1344 com.android.server.TelephonyRegistry.broadcastServiceStateChanged:3754 com.android.server.TelephonyRegistry.notifyServiceStateForPhoneId:1787 com.android.internal.telephony.ITelephonyRegistry$Stub.onTransact:546 android.os.Binder.execTransactInternal:1523 
07-29 19:43:59.441  5226  5226 D ChinaRoamingControl: registTelephonyEvent onServiceStateChanged eventId:5, VoiceRegState:1, DataRegState:1
07-29 19:43:59.441  5226  5226 D QuickChangeAirplaneModeEvent: onServiceStateChanged slotId:0
07-29 19:43:59.441  5085  9691 D txpwrJni: new aidl event arrived
07-29 19:43:59.441  5085  9691 D txpwrJni: handleEvent 1
07-29 19:43:59.441  5085  9691 D txpwrJni: isThreadAttached start
07-29 19:43:59.441  5085  9691 D txpwrJni: jni detached
07-29 19:43:59.441  5085  9691 D txpwrJni: jni attached
07-29 19:43:59.441  5085  9691 D txpwrJni: getRadioStatus start
07-29 19:43:59.441  5085  9691 D txpwrJni: getJavaCallbackClass start
07-29 19:43:59.441  3364  4601 D CmccSliceManagerService: ACTION_DDS_SWITCH_DONE
07-29 19:43:59.441  5085  9691 D txpwrJni: getJavaCallbackClass End midIs[1]
07-29 19:43:59.441  3364  4601 D CmccSliceManagerService: cleanUpAndRestartSlice
07-29 19:43:59.441  3364  4601 D CmccSliceManagerService: cleanUpSlice
07-29 19:43:59.441  3364  4601 D CmccSliceManagerService: cleanUpSlice qcom
07-29 19:43:59.441  3364  4601 D CmccSliceManagerService: getDefaultDataSlotId0, subid: 1
07-29 19:43:59.441  5027  6075 D OplusLinkBoostCommon: dds servicestate change
07-29 19:43:59.441  5027  6138 D OplusSubWaySlowRecovery: getPreferSubId return 1
07-29 19:43:59.441  5027  6138 D OplusScanQrCodeRecoveryImpl: msg.what=3
07-29 19:43:59.442  5085  9691 D txpwrJni: new aidl event arrived
07-29 19:43:59.442  5085  9691 D txpwrJni: handleEvent 1
07-29 19:43:59.442  5085  9691 D txpwrJni: isThreadAttached start
07-29 19:43:59.442  5085  9691 D txpwrJni: jni detached
07-29 19:43:59.442  5085  9691 D txpwrJni: jni attached
07-29 19:43:59.442  5085  9691 D txpwrJni: getRadioStatus start
07-29 19:43:59.442  5085  9691 D txpwrJni: getJavaCallbackClass start
07-29 19:43:59.442  5085  9691 D txpwrJni: getJavaCallbackClass End midIs[1]
07-29 19:43:59.442  4878  5103 I SystemUi--QuickSettings: Tile.OplusCellularTile-->updateCarrierText: dialog not showing, ignore
07-29 19:43:59.442  5085  8311 D txpwrJni: sendRadioStatus start
07-29 19:43:59.442  5182  5182 D QCNEJ/WwanInfoRelay: onActiveSubscriptionsChanged activeCurrDDSId: 1 new DDS 1
07-29 19:43:59.442  5085  8311 D txpwrJni: sendRadioStatus start
07-29 19:43:59.442  5027  6070 D CellularEvent: onActiveDataSubscriptionIdChanged sub id:1
07-29 19:43:59.442  4878  5103 D SimStateHelper: slot:0, lock state:Bundle[mParcelledData.dataSize=56]
07-29 19:43:59.442  5027  6138 D SaDataFailRecovery/0: current is not in service,reset alarm
07-29 19:43:59.442  5027  6082 D NAS-CallIssueDetector: onServiceStateChanged
07-29 19:43:59.442  4878  4878 I KeyguardUpdateMonitor: action=android.intent.action.SERVICE_STATE subId=-1 slotId=1
07-29 19:43:59.442  4878  4878 W KeyguardUpdateMonitorLog: invalid subId in handleServiceStateChange()
07-29 19:43:59.442  4878  5103 D SimStateHelper: slot:1, lock state:Bundle[mParcelledData.dataSize=56]
07-29 19:43:59.442  4878  5103 D SimStateHelper: needDisableMenu: slot1State=-1; slot2State=-1
07-29 19:43:59.442  4878  5103 D SimStateHelper: needDisableMenu:false
07-29 19:43:59.442  4878  5103 I SystemUi--QuickSettings: Tile.OplusCellularTile-->updateCarrierText: dialog not showing, ignore
07-29 19:43:59.442  3364  4601 E ActivityThread: Failed to find provider info for com.cmccslice.proxyapp.provider
07-29 19:43:59.443  3364  4601 D CmccSliceManagerService: loadUrsp qcomCursor=null, count=-1, slotId=0
07-29 19:43:59.443  3364  4601 D CmccSliceManagerService: loadUrsp: qcomCursor=[]
07-29 19:43:59.443  3364  4601 D CmccSliceManagerService: isFeatureEnable , rus : false Feature : false
07-29 19:43:59.443  3364  4601 D CmccSliceManagerService: requestSliceNetwork: feature not enabled
07-29 19:43:59.443  3364  4601 D CmccSliceManagerService: cleanUpAndRestartSlice qcom
07-29 19:43:59.443  4878  4878 I KeyguardUpdateMonitor: action=android.intent.action.SERVICE_STATE subId=1 slotId=0
07-29 19:43:59.443  3364  4667 W OplusSlaManager: updateMCC curMCC empty!
07-29 19:43:59.443  5182  5182 D QCNEJ/WwanInfoRelay: onActiveSubscriptionsChanged activeCurrDDSId: 1 new DDS 1
07-29 19:43:59.443  3364  5389 W ContextImpl: Calling a method in the system process without a qualified user: android.app.ContextImpl.sendBroadcastMultiplePermissions:1344 com.android.server.TelephonyRegistry.broadcastServiceStateChanged:3760 com.android.server.TelephonyRegistry.notifyServiceStateForPhoneId:1787 com.android.internal.telephony.ITelephonyRegistry$Stub.onTransact:546 android.os.Binder.execTransactInternal:1523 
07-29 19:43:59.443  5027  6082 D OplusCiwlanController: [vodata] processServiceStateChanged  phoneid = 0, original roaming type = -1,roaming type = 0
07-29 19:43:59.443  5027  6082 D OplusCiwlanController: [vodata] processServiceStateChanged  phoneid = 1, original roaming type = -1,roaming type = 0
07-29 19:43:59.444  4878  5103 D SimStateHelper: slot:0, lock state:Bundle[mParcelledData.dataSize=56]
07-29 19:43:59.444  3364  4505 D WifiNative: onSetCountryCodeSucceeded: US
07-29 19:43:59.444  3364  4505 I WifiCountryCode: Receive onSetCountryCodeSucceeded US
07-29 19:43:59.445  3364  4505 I WifiNl80211Manager: Receive country code change to US
07-29 19:43:59.445  2680  2680 I wificond: Receive notifyCountryCodeChanged
07-29 19:43:59.445  2680  2680 I wificond: UpdateBandInfo
07-29 19:43:59.445  3364  4505 D WifiScanRequestProxy: Sending scan available broadcast: true
07-29 19:43:59.445  4951  4951 I Telephony: y0: onServiceStateChanged: newState=1, mServiceState=3
07-29 19:43:59.445  3364  4509 I WifiScanningService: Received a request to enable scanning, UID = 1000
07-29 19:43:59.445  3364  4509 I WifiScanningService: scanner impls already exists
07-29 19:43:59.445  3364  4509 E WifiScanningService: wifi driver loaded received while already loaded
07-29 19:43:59.445  3364  4505 I WifiScanRequestProxy: Scanning is enabled
07-29 19:43:59.445  4951  4951 I Telephony: isRttCurrentlySupported -- regular acct, hasVoiceAvailability: false
07-29 19:43:59.445  4951  4951 I Telephony:  isRttSupported: false
07-29 19:43:59.445  4951  4951 I Telephony:  isUserRttSettingOn: false
07-29 19:43:59.445  4951  4951 I Telephony:  alwaysAllowWhileRoaming: false
07-29 19:43:59.445  4951  4951 I Telephony:  isRoaming: false
07-29 19:43:59.445  4951  4951 I Telephony:  isOnWfc: false
07-29 19:43:59.445  3364  4505 I WifiScanRequestProxy: Scanning for hidden networks is disabled
07-29 19:43:59.445  3364  3364 D OplusWifiBroadCastDispatcher: mBroadcastReceiver: onReceiver  action=android.net.wifi.action.WIFI_SCAN_AVAILABILITY_CHANGED
07-29 19:43:59.445  5226  5226 D QuickChangeAirplaneModeEvent: isBothCardInService is false
07-29 19:43:59.445  5226  5226 D MsimSubModeManager: registTelephonyEvent onServiceStateChanged eventId:3, VoiceRegState:1, DataRegState:1
07-29 19:43:59.445  3364  4505 D WakeupController: start()
07-29 19:43:59.445  5226  5226 E ExtremeCommUtils: getSwitchRusSupportMcc invalid index 1
07-29 19:43:59.445  5226  5226 D ExtremeCommUtils: isSupporCheck rusContain:false,propContain(persist.sys.oplus.support_hyper_uplink_mcc):false
07-29 19:43:59.445  5226  5226 D ExtremeCommService: handleServiceStateChanged mcc is null
07-29 19:43:59.445  2680  2680 I wificond: 2.4Ghz frequencies: 2412 2417 2422 2427 2432 2437 2442 2447 2452 2457 2462
07-29 19:43:59.445  2680  2680 I wificond: 5Ghz non-DFS frequencies: 5180 5200 5220 5240 5745 5765 5785 5805 5825
07-29 19:43:59.445  2680  2680 I wificond: 5Ghz DFS frequencies: 5260 5280 5300 5320 5500 5520 5540 5560 5580 5600 5620 5640 5660 5680 5700
07-29 19:43:59.445  2680  2680 I wificond: 6Ghz frequencies:
07-29 19:43:59.445  2680  2680 I wificond: 60Ghz frequencies:
07-29 19:43:59.446  5984  5984 D CellBroadcastReceiver: mockmodem is running? = false
07-29 19:43:59.446  5984  5984 D CellBroadcastReceiver: Start Cell Broadcast configuration for intent=ACTION_ENABLE_CHANNELS
07-29 19:43:59.446  3364  4505 E WifiStaIfaceAidlImpl: setScanMode failed with service-specific exception: android.os.ServiceSpecificException:  (code 4)
07-29 19:43:59.446  3364  4505 I WifiService: Receive onDriverCountryCodeChanged to US, update available channel list
07-29 19:43:59.446  4951  4951 D Telephony: isEmergencyPreferredAccount: subId=1, activeData=1
07-29 19:43:59.446  4951  4951 D Telephony: isEmergencyPreferredAccount: Device does not require preference.
07-29 19:43:59.446  3364  4633 D OplusWifiPower_ConnLpmEventObsever: onReceive EXTRA_SCAN_AVAILABLE availabe = true
07-29 19:43:59.446  3364  4633 D OplusWifiPowerService: onReceive action:android.net.wifi.action.WIFI_SCAN_AVAILABILITY_CHANGED
07-29 19:43:59.446  3364  4633 D OplusWifiSwitchStateMonitor: scan settings change to true
07-29 19:43:59.446  4878  5103 D SimStateHelper: slot:1, lock state:Bundle[mParcelledData.dataSize=56]
07-29 19:43:59.447  4878  5103 D SimStateHelper: needDisableMenu: slot1State=-1; slot2State=-1
07-29 19:43:59.447  5226  5226 D ChinaRoamingControl: handleMessage what:5
07-29 19:43:59.447  5226  5226 D MsimSubModeManager: handleMessage what:3
07-29 19:43:59.447  5226  5226 D MsimSubModeManager: getMsimSimServiceIn() i:0,mServiceState:1
07-29 19:43:59.447  5226  5226 D MsimSubModeManager: getMsimSimServiceIn() i:1,mServiceState:1
07-29 19:43:59.447  5226  5226 D SubsysEventListenerManager-SubsysTelephonyCallback[0]: onSignalStrengthsChanged
07-29 19:43:59.447  4878  5103 D SimStateHelper: needDisableMenu:false
07-29 19:43:59.447  6922  6922 I OsAgent : onReceive: android.net.wifi.action.WIFI_SCAN_AVAILABILITY_CHANGED
07-29 19:43:59.447  3364  4206 W BestClock: java.time.DateTimeException: Missing network time fix
07-29 19:43:59.447  4878  5103 I SystemUi--QuickSettings: Tile.OplusCellularTile-->updateCarrierText: dialog not showing, ignore
07-29 19:43:59.447  3364  3699 D LocationManagerService: passive provider added registration from 1000/android[CountryDetector]/44BCF49E -> Request[PASSIVE, minUpdateInterval=0, WorkSource{1000 android}] permissionLevel: 2 permitted: true
07-29 19:43:59.447  4878  5103 D SimStateHelper: slot:0, lock state:Bundle[mParcelledData.dataSize=56]
07-29 19:43:59.447  6922  8137 I OsAgent : updateWiFiScanAvailState, scanAvailable: true
07-29 19:43:59.447  4878  5103 D SimStateHelper: slot:1, lock state:Bundle[mParcelledData.dataSize=56]
07-29 19:43:59.447  4878  5103 D SimStateHelper: needDisableMenu: slot1State=-1; slot2State=-1
07-29 19:43:59.447  4878  5103 D SimStateHelper: needDisableMenu:false
07-29 19:43:59.447  4878  5103 I SystemUi--QuickSettings: Tile.OplusCellularTile-->updateCarrierText: dialog not showing, ignore
07-29 19:43:59.448  4878  5103 D SimStateHelper: slot:0, lock state:Bundle[mParcelledData.dataSize=56]
07-29 19:43:59.448  4878  5103 D SimStateHelper: slot:1, lock state:Bundle[mParcelledData.dataSize=56]
07-29 19:43:59.448  4878  5103 D SimStateHelper: needDisableMenu: slot1State=-1; slot2State=-1
07-29 19:43:59.448  4878  5103 D SimStateHelper: needDisableMenu:false
07-29 19:43:59.448  3364  4505 E ApConfigUtil: Malformed channel value detected: java.lang.NumberFormatException: For input string: ""
07-29 19:43:59.449  3364  4206 W BestClock: java.time.DateTimeException: Missing network time fix
07-29 19:43:59.449  3364  4516 D ConnectivityService: unregister offer from providerId 5 : NetworkOffer [ Provider Id (5) Score(Policies : YIELD_TO_BAD_WIFI&TRANSPORT_PRIMARY&EVER_EVALUATED&IS_UNMETERED&EVER_VALIDATED&IS_VALIDATED ; KeepConnected : 0) Caps [ Transports: CELLULAR|SATELLITE Capabilities: MMS&SUPL&DUN&FOTA&IMS&CBS&IA&RCS&XCAP&EIMS&INTERNET&NOT_RESTRICTED&TRUSTED&NOT_VPN&MCX&NOT_VCN_MANAGED&ENTERPRISE&VSIM&BIP&MMTEL&PRIORITIZE_LATENCY&PRIORITIZE_BANDWIDTH&NOT_BANDWIDTH_CONSTRAINED Specifier: <TelephonyNetworkSpecifier [mSubId = 1]> EnterpriseId: 1&2&3&4&5 UnderlyingNetworks: Null] Needed by [258, 24, 269, 48, 177, 159, 220, 42, 102, 144, 233, 90, 218, 73, 249, 275, 1, 116, 38, 163, 260, 271, 245, 153, 44, 169, 255, 112, 58, 281, 197, 50, 266, 85, 70, 30, 93, 181, 9, 171, 165, 236, 142, 264, 204, 134, 46, 53, 149, 26, 173, 179, 175, 151, 225, 277, 62, 247, 273, 194, 36, 82, 56, 32, 75, 132, 240, 40, 18, 157, 206, 212, 185, 201, 95, 15, 136, 28, 242, 279, 7, 230, 155, 34, 140, 199, 146, 67, 183]]
07-29 19:43:59.450  3364  4516 D ConnectivityService: update offer from providerId 5 new : NetworkOffer [ Provider Id (5) Score(Policies : YIELD_TO_BAD_WIFI&TRANSPORT_PRIMARY&EVER_EVALUATED&IS_UNMETERED&EVER_VALIDATED&IS_VALIDATED ; KeepConnected : 0) Caps [ Transports: CELLULAR|SATELLITE Capabilities: MMS&SUPL&DUN&FOTA&IMS&CBS&IA&RCS&XCAP&EIMS&INTERNET&NOT_RESTRICTED&TRUSTED&NOT_VPN&MCX&NOT_VCN_MANAGED&ENTERPRISE&VSIM&BIP&MMTEL&PRIORITIZE_LATENCY&PRIORITIZE_BANDWIDTH&NOT_BANDWIDTH_CONSTRAINED Specifier: <TelephonyNetworkSpecifier [mSubId = 1]> EnterpriseId: 1&2&3&4&5 UnderlyingNetworks: Null] Needed by [258, 24, 269, 48, 177, 159, 220, 42, 102, 144, 233, 90, 218, 73, 249, 275, 1, 116, 38, 163, 260, 271, 245, 153, 44, 169, 255, 112, 58, 281, 197, 50, 266, 85, 70, 30, 93, 181, 9, 171, 165, 236, 142, 264, 204, 134, 46, 53, 149, 26, 173, 179, 175, 151, 225, 277, 62, 247, 273, 194, 36, 82, 56, 32, 75, 132, 240, 40, 18, 157, 206, 212, 185, 201, 95, 15, 136, 28, 242, 279, 7, 230, 155, 34, 140, 199, 146, 67, 183]]
07-29 19:43:59.450  3364  4516 D ConnectivityService: unregister offer from providerId 6 : NetworkOffer [ Provider Id (6) Score(Policies : YIELD_TO_BAD_WIFI&EVER_EVALUATED&IS_UNMETERED&EVER_VALIDATED&IS_VALIDATED ; KeepConnected : 0) Caps [ Transports: CELLULAR|SATELLITE Capabilities: MMS&SUPL&DUN&FOTA&IMS&CBS&IA&RCS&XCAP&EIMS&INTERNET&NOT_RESTRICTED&TRUSTED&NOT_VPN&MCX&NOT_VCN_MANAGED&ENTERPRISE&VSIM&BIP&MMTEL&PRIORITIZE_LATENCY&PRIORITIZE_BANDWIDTH&NOT_BANDWIDTH_CONSTRAINED Specifier: <TelephonyNetworkSpecifier [mSubId = -1]> EnterpriseId: 1&2&3&4&5 UnderlyingNetworks: Null] Needed by [258, 24, 269, 48, 177, 159, 220, 42, 102, 144, 233, 90, 218, 73, 249, 275, 1, 116, 38, 163, 260, 271, 245, 153, 44, 169, 255, 112, 58, 281, 197, 50, 266, 85, 70, 30, 93, 181, 9, 171, 165, 236, 142, 264, 204, 134, 46, 53, 149, 26, 173, 179, 175, 151, 225, 277, 62, 247, 273, 194, 36, 82, 56, 32, 75, 132, 240, 40, 18, 157, 206, 212, 185, 201, 95, 15, 136, 28, 242, 279, 7, 230, 155, 34, 140, 199, 146, 67, 183]]
07-29 19:43:59.450  5984  5984 D CellBroadcastReceiver: onReceive Intent { act=android.intent.action.SERVICE_STATE flg=0x1000010 cmp=com.android.cellbroadcastreceiver.module/com.android.cellbroadcastreceiver.CellBroadcastReceiver (has extras) }
07-29 19:43:59.450  3364  4516 D ConnectivityService: update offer from providerId 6 new : NetworkOffer [ Provider Id (6) Score(Policies : YIELD_TO_BAD_WIFI&EVER_EVALUATED&IS_UNMETERED&EVER_VALIDATED&IS_VALIDATED ; KeepConnected : 0) Caps [ Transports: CELLULAR|SATELLITE Capabilities: MMS&SUPL&DUN&FOTA&IMS&CBS&IA&RCS&XCAP&EIMS&INTERNET&NOT_RESTRICTED&TRUSTED&NOT_VPN&MCX&NOT_VCN_MANAGED&ENTERPRISE&VSIM&BIP&MMTEL&PRIORITIZE_LATENCY&PRIORITIZE_BANDWIDTH&NOT_BANDWIDTH_CONSTRAINED Specifier: <TelephonyNetworkSpecifier [mSubId = -1]> EnterpriseId: 1&2&3&4&5 UnderlyingNetworks: Null] Needed by [258, 24, 269, 48, 177, 159, 220, 42, 102, 144, 233, 90, 218, 73, 249, 275, 1, 116, 38, 163, 260, 271, 245, 153, 44, 169, 255, 112, 58, 281, 197, 50, 266, 85, 70, 30, 93, 181, 9, 171, 165, 236, 142, 264, 204, 134, 46, 53, 149, 26, 173, 179, 175, 151, 225, 277, 62, 247, 273, 194, 36, 82, 56, 32, 75, 132, 240, 40, 18, 157, 206, 212, 185, 201, 95, 15, 136, 28, 242, 279, 7, 230, 155, 34, 140, 199, 146, 67, 183]]
07-29 19:43:59.450  3364  4505 E ApConfigUtil: Malformed channel value detected: java.lang.NumberFormatException: For input string: ""
07-29 19:43:59.450  4951  4951 V OplusCustomizeCacheManager: queryCache name: sys.cache.common_customize_cache18016 param: null
07-29 19:43:59.450  4951  4951 V OplusCustomizeCacheManager: queryCache name: sys.cache.common_customize_cache18013 param: null
07-29 19:43:59.450  4951  4951 V OplusCustomizeCacheManager: queryCache name: sys.cache.common_customize_cache18014 param: null
07-29 19:43:59.450  4951  4951 V OplusCustomizeCacheManager: queryCache name: sys.cache.common_customize_cache18017 param: Bundle[{SETTING=BLOCK, BUSINESS=NCT-DATA}]
07-29 19:43:59.451  4878  5832 V OplusCustomizeCacheManager: queryCache name: sys.cache.common_customize_cache18014 param: null
07-29 19:43:59.451  4878  5832 V OplusCustomizeCacheManager: queryCache name: sys.cache.common_customize_cache18017 param: Bundle[{SETTING=BLOCK, BUSINESS=NCT-DATA}]
07-29 19:43:59.451  4878  5832 V OplusCustomizeCacheManager: queryCache name: sys.cache.common_customize_cache18013 param: null
07-29 19:43:59.451  4951  4951 V OplusCustomizeCacheManager: queryCache name: sys.cache.common_customize_cache18016 param: null
07-29 19:43:59.451  4951  4951 V OplusCustomizeCacheManager: queryCache name: sys.cache.common_customize_cache18013 param: null
07-29 19:43:59.451  4951  4951 V OplusCustomizeCacheManager: queryCache name: sys.cache.common_customize_cache18014 param: null
07-29 19:43:59.451  3364  4505 E ApConfigUtil: Malformed channel value detected: java.lang.NumberFormatException: For input string: ""
07-29 19:43:59.451  4951  4951 V OplusCustomizeCacheManager: queryCache name: sys.cache.common_customize_cache18017 param: Bundle[{SETTING=BLOCK, BUSINESS=NCT-DATA}]
07-29 19:43:59.451  5984 13192 D CellBroadcastConfigService: Enable CellBroadcast on sub 1
07-29 19:43:59.451  5984  5984 D CellBroadcastReceiver: onServiceStateChanged, ss: 1
07-29 19:43:59.451  5984  5984 D CellBroadcastReceiver: networkOperator: 
07-29 19:43:59.451  4951  4951 D InternationalRoamingNotification: init
07-29 19:43:59.451  1923  4446 I Dpps    : LtmSwState::SetParameter():144 ignore cmd 7 in state LtmOffState
07-29 19:43:59.451  5226  5258 D VirtualCommService2: isSupport. true, true
07-29 19:43:59.451  4951  4951 D OplusVirtualCommUtils: isVirtualCommSupport, vRet: true
07-29 19:43:59.451  3364  4505 I WifiService: Receive onDriverCountryCodeChanged to US, update available channel list
07-29 19:43:59.451  4951  4951 I OplusVirtualCommUtils: getVirtualCommDeviceType, vRet: 1
07-29 19:43:59.451  4951  4951 I OplusVirtualCommUtils: isConsumerDeviceType, deviceType: 1
07-29 19:43:59.451  3364  4632 D OplusSoftApManager: Support Wi-Fi6 SAP
07-29 19:43:59.452  4951  4951 D InternationalRoamingNotification: do not createRoamingNotification for invalid Network
07-29 19:43:59.452  4951  4951 D OplusTelephonyController: onSignalStrengthChanged: SignalStrength=SignalStrength:{mCdma=CellSignalStrengthCdma: cdmaDbm=2147483647 cdmaEcio=2147483647 evdoDbm=2147483647 evdoEcio=2147483647 evdoSnr=2147483647 level=0,mGsm=CellSignalStrengthGsm: rssi=2147483647 ber=2147483647 mTa=2147483647 mLevel=0,mWcdma=CellSignalStrengthWcdma: ss=2147483647 ber=2147483647 rscp=2147483647 ecno=2147483647 level=0,mTdscdma=CellSignalStrengthTdscdma: rssi=2147483647 ber=2147483647 rscp=2147483647 level=0,mLte=CellSignalStrengthLte: rssi=2147483647 rsrp=2147483647 rsrq=2147483647 rssnr=2147483647 cqiTableIndex=2147483647 cqi=2147483647 ta=2147483647 level=0 parametersUseForLevel=0,mNr=CellSignalStrengthNr:{ csiRsrp = 2147483647 csiRsrq = 2147483647 csiCqiTableIndex = 2147483647 csiCqiReport = [] ssRsrp = 2147483647 ssRsrq = 2147483647 ssSinr = 2147483647 level = 0 parametersUseForLevel = 0 timingAdvance = 2147483647 },primary=CellSignalStrengthLte}
07-29 19:43:59.452  3364  4505 E ApConfigUtil: Malformed channel value detected: java.lang.NumberFormatException: For input string: ""
07-29 19:43:59.453  5226  5226 D SubsysEventListenerManager-SubsysTelephonyCallback[0]: onCellInfoChanged
07-29 19:43:59.453  3364  5815 W BestClock: java.time.DateTimeException: Missing network time fix
07-29 19:43:59.453  3364  4505 E ApConfigUtil: Malformed channel value detected: java.lang.NumberFormatException: For input string: ""
07-29 19:43:59.454  3364  5815 W BestClock: java.time.DateTimeException: Missing network time fix
07-29 19:43:59.454  3364  4505 E ApConfigUtil: Malformed channel value detected: java.lang.NumberFormatException: For input string: ""
07-29 19:43:59.454  4951  6044 D CellBroadcastConfigTracker-0: Failed to set cdma config
07-29 19:43:59.454  4878  5832 V OplusCustomizeCacheManager: queryCache name: sys.cache.common_customize_cache18014 param: null
07-29 19:43:59.454  4878  5832 V OplusCustomizeCacheManager: queryCache name: sys.cache.common_customize_cache18017 param: Bundle[{SETTING=BLOCK, BUSINESS=NCT-DATA}]
07-29 19:43:59.454  4878  5832 V OplusCustomizeCacheManager: queryCache name: sys.cache.common_customize_cache18013 param: null
07-29 19:43:59.454  3364  4505 I WifiService: Receive onDriverCountryCodeChanged to US, update available channel list
07-29 19:43:59.454  5984  6006 E CellBroadcastConfigService: fails to setCellBroadcastRanges, result = 2
07-29 19:43:59.454  3364  4505 E ApConfigUtil: Malformed channel value detected: java.lang.NumberFormatException: For input string: ""
07-29 19:43:59.455  3364  4505 E ApConfigUtil: Malformed channel value detected: java.lang.NumberFormatException: For input string: ""
07-29 19:43:59.455  3364  4505 E ApConfigUtil: Malformed channel value detected: java.lang.NumberFormatException: For input string: ""
07-29 19:43:59.456  3364  5815 W BestClock: java.time.DateTimeException: Missing network time fix
07-29 19:43:59.457  3364  5815 W BestClock: java.time.DateTimeException: Missing network time fix
07-29 19:43:59.457  4878  5832 V OplusCustomizeCacheManager: queryCache name: sys.cache.common_customize_cache18014 param: null
07-29 19:43:59.457  4878  5832 V OplusCustomizeCacheManager: queryCache name: sys.cache.common_customize_cache18017 param: Bundle[{SETTING=BLOCK, BUSINESS=NCT-DATA}]
07-29 19:43:59.457  4878  5832 V OplusCustomizeCacheManager: queryCache name: sys.cache.common_customize_cache18013 param: null
07-29 19:43:59.459  3364  5815 W BestClock: java.time.DateTimeException: Missing network time fix
07-29 19:43:59.460  3364  5815 W BestClock: java.time.DateTimeException: Missing network time fix
07-29 19:43:59.460  4878  5832 V OplusCustomizeCacheManager: queryCache name: sys.cache.common_customize_cache18014 param: null
07-29 19:43:59.460  4878  5832 V OplusCustomizeCacheManager: queryCache name: sys.cache.common_customize_cache18017 param: Bundle[{SETTING=BLOCK, BUSINESS=NCT-DATA}]
07-29 19:43:59.460  4878  5832 V OplusCustomizeCacheManager: queryCache name: sys.cache.common_customize_cache18013 param: null
07-29 19:43:59.472  4878  4878 I SystemUi--QuickSettings: QsLottieUtils-->getLottieAnimFile : qs/qs_airplane_lottie_active_sep_dual_light.json
07-29 19:43:59.472  4878  4878 I SystemUi--QuickSettings: TemporarilyInfoManager-->[trigger] start from show
07-29 19:43:59.473  4878  4878 I SystemUi--QuickSettings: TemporarilyInfoManager-->[getLayoutParams] translationY=102.084076, translationX=0, width=1080, height=228, isLandscape=false, parent=androidx.constraintlayout.widget.ConstraintLayout{abb23a8 V.E...... ......ID 0,0-1080,2376 #7f0a09f6 app:id/qs_container_area_layout alpha=1.0 viewInfo = }
07-29 19:43:59.473  4878  4878 I SystemUi--Common: ViewExt-->[startAlongWithPosition] com.oplus.systemui.qs.base.temporarilyinfo.TemporarilyInfoManager$createViewToParent$1{d5ba3ea V.ED..... ......ID 0,0-0,0 #7f0a0cb6 app:id/temporarily_info_view alpha=0.0 viewInfo = } alongWith android.widget.RelativeLayout{cf246db V.E...... ........ 0,102-1080,222 #7f0a0a2e app:id/qs_status_bar_container_layout alpha=1.0 viewInfo = }
07-29 19:43:59.474  4878  4878 I SystemUi--QuickSettings: TemporarilyInfoManager-->[showElement] com.oplus.systemui.qs.base.temporarilyinfo.TemporarilyInfoManager$createViewToParent$1{d5ba3ea V.ED..... ......ID 0,0-0,0 #7f0a0cb6 app:id/temporarily_info_view alpha=0.0 viewInfo = } for Element(text=Airplane mode off, groupId=Airplane mode, style=InfoShowStyle(textSize=16.0, sizeUnit=2, textColor=-1, showDuration=1500, alongWithReplacedView=true))
07-29 19:43:59.474  4878  4878 I SystemUi--QuickSettings: TemporarilyInfoManager-->[animateShow] com.oplus.systemui.qs.base.temporarilyinfo.TemporarilyInfoManager$createViewToParent$1{d5ba3ea VFED..C.. ......ID 0,0-0,0 #7f0a0cb6 app:id/temporarily_info_view alpha=0.0 viewInfo = } start
07-29 19:43:59.474  1943  1990 I [UAH_CLIENT]: UahRelease, handle:42
07-29 19:43:59.503  4878  4878 I SystemUi--QuickSettings: QsLottieUtils-->getLottieAnimFile : qs/qs_cellular_lottie_active_sep_dual_light.json
07-29 19:43:59.510  3324  3921 D QmiClient: qmiServiceEventCallback recv msg id 1106
07-29 19:43:59.510  3324  3921 D QmiVsClient: enter - onQmiServiceEventCallback msgId 1106
07-29 19:43:59.510  3324  3414 D VsProxy : handleMessage msg is 2425
07-29 19:43:59.510  3324  3414 D VsProxy : handleServingCellInfoChangeInd for instance 0
07-29 19:43:59.510  3324  3324 D RadioServiceIndication: radioServingCellInfoInd
07-29 19:43:59.511  3324  3324 D RadioServiceIndication: radioServingCellInfoInd
07-29 19:43:59.511  5226  5258 D SubsysRadioIndication[0]: radioServingCellInfoInd
07-29 19:43:59.511  5226  5258 D SubsysRadioIndication[0]: radioServingCellInfoInd
07-29 19:43:59.512  5226  5226 D NetworkService[0]: handleMessage what:1003
07-29 19:43:59.513  5226  5226 D NetworkService[0]: handleMessage what:1003
07-29 19:43:59.513  5027  6070 D RadioEvent: onCellInfoChanged slotId=0
07-29 19:43:59.514  5027  6070 D RadioEvent: onCellInfoChanged slotId=0
07-29 19:43:59.514  3324  3919 D QmiClient: qmiServiceEventCallback recv msg id 276
07-29 19:43:59.514  3324  3919 D QmiNasClient: enter : onQmiServiceEventCallback msgId 276
07-29 19:43:59.514  3324  3919 D QmiNasClientEvent: qmiNasClientAccessBarringStatusEvent - RADIO_EVENT_NAS_ACCESS_BARRING_STATUS_IND
07-29 19:43:59.515  3325  3917 D QmiClient: qmiServiceEventCallback recv msg id 276
07-29 19:43:59.515  3325  3917 D QmiNasClient: enter : onQmiServiceEventCallback msgId 276
07-29 19:43:59.515  3325  3917 D QmiNasClientEvent: qmiNasClientAccessBarringStatusEvent - RADIO_EVENT_NAS_ACCESS_BARRING_STATUS_IND
07-29 19:43:59.515  3324  3427 D NasProxy: handleMessage msg is 2104
07-29 19:43:59.515  3325  3398 D NasProxy: handleMessage msg is 2104
07-29 19:43:59.515  3324  3919 D QmiClient: qmiServiceEventCallback recv msg id 78
07-29 19:43:59.515  3324  3919 D QmiNasClient: enter : onQmiServiceEventCallback msgId 78
07-29 19:43:59.515  3324  3919 D QmiNasClientEvent: qmiNasClientNotifySysInfoEvent lte_ims_voice_avail_valid 0
07-29 19:43:59.515  3324  3427 D NasProxy: handleMessage msg is 2101
07-29 19:43:59.515  5226  5258 D SubsysRadioIndication[0]: radioNasAccessBarringStatusInd, NasAccessBarringStatusType: radioIf:12, dataBarringStatus:0, dataBarringTime:0, voiceBarringStatus:0, voiceBarringTime:0, videoBarringStatus:0, videoBarringTime:0
07-29 19:43:59.515  3324  3427 D NasProxy: handleNasSysInfoEvent for instance 0
07-29 19:43:59.515  5226  5258 D SubsysRadioIndication[0]: notify enter
07-29 19:43:59.515  5226  6301 D SubsysRadioIndication[1]: radioNasAccessBarringStatusInd, NasAccessBarringStatusType: radioIf:12, dataBarringStatus:0, dataBarringTime:0, voiceBarringStatus:0, voiceBarringTime:0, videoBarringStatus:0, videoBarringTime:0
07-29 19:43:59.515  5226  6301 D SubsysRadioIndication[1]: notify enter
07-29 19:43:59.515  5226  5258 D SubsysRadioIndication[0]: radioNr5gFreqTypeIndication, nr5gFreqType = 0
07-29 19:43:59.516  5226  5226 D QtiCellularNetwork: handleNr5gFreqTypeChanged 0, nr5gFreqType = 0
07-29 19:43:59.517  5115  6413 I QImsService: ImsRadioIndicationAidl : onServiceDomainChanged()[SUB0]
07-29 19:43:59.517  5115  6413 I QImsService: ImsSenderRxr : [UNSL]< UNSOL_SERVICE_DOMAIN_CHANGED 0[SUB0]
07-29 19:43:59.517  5115  5115 I QImsService: ImsRegistrationController : Message received: what = 5
07-29 19:43:59.517  5115  5115 I QImsService: ImsRegistrationController : handleSrvDomainChanged
07-29 19:43:59.519  5182  6200 D IWlanJni: getDataRegistrationState start
07-29 19:43:59.520  5009  8301 D QtiOemHookAidl: oemHookRawIndication length=21
07-29 19:43:59.520  5009  5009 D QcrilMsgTunnelIfaceManager: handleMessage what = 0
07-29 19:43:59.520  5182  6205 D IWlanJni: new aidl event arrived
07-29 19:43:59.521  5182  6205 D IWlanJni: handleEvent 10
07-29 19:43:59.521  5182  6205 D IWlanJni: isThreadAttached start
07-29 19:43:59.521  5182  6205 D IWlanJni: jni detached
07-29 19:43:59.521  5182  6205 D IWlanJni: jni attached
07-29 19:43:59.521  5182  6205 D IWlanJni: getDataRegistrationStateResponse start
07-29 19:43:59.521  5182  6205 D IWlanJni: getJavaCallbackClass start
07-29 19:43:59.521  5182  6205 D IWlanJni: getJavaCallbackClass End midIs[1]
07-29 19:43:59.521  5182  6205 I IWlanAidlClient: getDataRegistrationStateResponse called
07-29 19:43:59.521  5182  6204 W IWlanNetworkService: 14 > Response Processed
07-29 19:43:59.521  4951  4951 D QC_RIL_OEM_HOOK: Received Broadcast Intent ACTION_UNSOL_RESPONSE_OEM_HOOK_RAW
07-29 19:43:59.522  5009  5009 D QC_RIL_OEM_HOOK: Received Broadcast Intent ACTION_UNSOL_RESPONSE_OEM_HOOK_RAW
07-29 19:43:59.522  4951  4951 D QC_RIL_OEM_HOOK: Received Broadcast Intent ACTION_UNSOL_RESPONSE_OEM_HOOK_RAW
07-29 19:43:59.522  4951  4951 D QC_RIL_OEM_HOOK: Received Broadcast Intent ACTION_UNSOL_RESPONSE_OEM_HOOK_RAW
07-29 19:43:59.526  4951  4951 D OplusTelephonyController: onSignalStrengthChanged: SignalStrength=SignalStrength:{mCdma=CellSignalStrengthCdma: cdmaDbm=2147483647 cdmaEcio=2147483647 evdoDbm=2147483647 evdoEcio=2147483647 evdoSnr=2147483647 level=0,mGsm=CellSignalStrengthGsm: rssi=2147483647 ber=2147483647 mTa=2147483647 mLevel=0,mWcdma=CellSignalStrengthWcdma: ss=2147483647 ber=2147483647 rscp=2147483647 ecno=2147483647 level=0,mTdscdma=CellSignalStrengthTdscdma: rssi=2147483647 ber=2147483647 rscp=2147483647 level=0,mLte=CellSignalStrengthLte: rssi=2147483647 rsrp=2147483647 rsrq=2147483647 rssnr=2147483647 cqiTableIndex=2147483647 cqi=2147483647 ta=2147483647 level=0 parametersUseForLevel=0,mNr=CellSignalStrengthNr:{ csiRsrp = 2147483647 csiRsrq = 2147483647 csiCqiTableIndex = 2147483647 csiCqiReport = [] ssRsrp = 2147483647 ssRsrq = 2147483647 ssSinr = 2147483647 level = 0 parametersUseForLevel = 0 timingAdvance = 2147483647 },primary=CellSignalStrengthLte}
07-29 19:43:59.526  5182  6200 D IWlanJni: getDataRegistrationState start
07-29 19:43:59.526  5182  6205 D IWlanJni: new aidl event arrived
07-29 19:43:59.526  5182  6205 D IWlanJni: handleEvent 10
07-29 19:43:59.526  5182  6205 D IWlanJni: isThreadAttached start
07-29 19:43:59.526  5182  6205 D IWlanJni: jni detached
07-29 19:43:59.526  5182  6205 D IWlanJni: jni attached
07-29 19:43:59.526  5182  6205 D IWlanJni: getDataRegistrationStateResponse start
07-29 19:43:59.526  5182  6205 D IWlanJni: getJavaCallbackClass start
07-29 19:43:59.526  5182  6205 D IWlanJni: getJavaCallbackClass End midIs[1]
07-29 19:43:59.526  5182  6205 I IWlanAidlClient: getDataRegistrationStateResponse called
07-29 19:43:59.526  5182  6204 W IWlanNetworkService: 15 > Response Processed
07-29 19:43:59.527  5226  5226 D SubsysEventListenerManager-SubsysTelephonyCallback[0]: onSignalStrengthsChanged
07-29 19:43:59.530  3364  5815 W BestClock: java.time.DateTimeException: Missing network time fix
07-29 19:43:59.531  3364  5815 W BestClock: java.time.DateTimeException: Missing network time fix
07-29 19:43:59.531  4951  4951 W Settings: Setting airplane_mode_on has moved from android.provider.Settings.System to android.provider.Settings.Global, returning read-only value.
07-29 19:43:59.531  5027  6082 D NAS-CallIssueDetector: onPollCsPsRegStateChanged slotid = 0
07-29 19:43:59.531  5027  6082 D NAS-CallIssueDetector: notifyRealOosChanged
07-29 19:43:59.531  5027  6082 D OplusCiwlanController: [vodata] getSubId subid =  1
07-29 19:43:59.531  4878  5832 V OplusCustomizeCacheManager: queryCache name: sys.cache.common_customize_cache18014 param: null
07-29 19:43:59.531  4878  5832 V OplusCustomizeCacheManager: queryCache name: sys.cache.common_customize_cache18017 param: Bundle[{SETTING=BLOCK, BUSINESS=NCT-DATA}]
07-29 19:43:59.531  4878  5832 V OplusCustomizeCacheManager: queryCache name: sys.cache.common_customize_cache18013 param: null
07-29 19:43:59.532  3364  3364 D OplusWifiBroadCastDispatcher: mBroadcastReceiver: onReceiver  action=oplus.intent.action.MCC_CHANGE
07-29 19:43:59.532  5027  6082 D OplusCiwlanController: [vodata] processOosChanged  phoneid = 0,cur regstate = 1,old regstate = -1
07-29 19:43:59.532  5027  6082 D OplusCiwlanController: [vodata] getSubId subid =  -1
07-29 19:43:59.532  5027  6082 D OplusCiwlanController: [vodata] processOosChanged  phoneid = 1,cur regstate = 1,old regstate = -1
07-29 19:43:59.532  5027  6084 W BluetoothAdapterExtImpl: getBluetoothConnectionCount：mOplusBluetooth null!
07-29 19:43:59.532  4692  4785 D CNGmsControlService: receive:oplus.intent.action.MCC_CHANGE
07-29 19:43:59.533  5027  6084 D TelephonyImpl: isRequestingMms
07-29 19:43:59.533  5027  6084 D TelephonyImpl: getReleaseMmsNetworkTime
07-29 19:43:59.533  5027  6084 D OplusDdsSwitchStrategy: Md,OplusCheckFeature,RETURN_TO_CUR_ACTION_DDS
07-29 19:43:59.533  7091  7091 I 7091PAS.MccChangeReceiver_Travel: onReceive
07-29 19:43:59.533  4692  4785 D CNGmsControlService: mcc1=001 mcc2=null GmsState=2 TagWhitelistApp=true UserDisableCount=0 SettingsGmsState=1
07-29 19:43:59.535  7091  7431 D NetWorkMonitor: addNetStateListener :true
07-29 19:43:59.535  3364  4808 D ConnectivityService: requestNetwork for uid/pid:10137/7091 activeRequest: null callbackRequest: 282 [NetworkRequest [ REQUEST id=283, [ Capabilities: INTERNET&NOT_RESTRICTED&TRUSTED&NOT_VCN_MANAGED&NOT_BANDWIDTH_CONSTRAINED Uid: 10137 RequestorUid: 10137 RequestorPkg: com.coloros.sceneservice UnderlyingNetworks: Null] ]] callback flags: 0 order: 2147483647 isUidTracked: false
07-29 19:43:59.536  7091  7431 D NetWorkMonitor: resume registerNetworkCallback
07-29 19:43:59.536  4878  5103 I SystemUi--QuickSettings: Tile.OplusCellularTile-->updateCarrierText: dialog not showing, ignore
07-29 19:43:59.537  4878  5103 D SimStateHelper: slot:0, lock state:Bundle[mParcelledData.dataSize=56]
07-29 19:43:59.537  4878  5103 D SimStateHelper: slot:1, lock state:Bundle[mParcelledData.dataSize=56]
07-29 19:43:59.537  4878  5103 D SimStateHelper: needDisableMenu: slot1State=-1; slot2State=-1
07-29 19:43:59.537  4878  5103 D SimStateHelper: needDisableMenu:false
07-29 19:43:59.537  3364  4505 D WifiNetworkFactory: got request NetworkRequest [ REQUEST id=283, [ Capabilities: INTERNET&NOT_RESTRICTED&TRUSTED&NOT_VCN_MANAGED&NOT_BANDWIDTH_CONSTRAINED Uid: 10137 RequestorUid: 10137 RequestorPkg: com.coloros.sceneservice UnderlyingNetworks: Null] ]
07-29 19:43:59.537  4951  6259 D OplusNetworkFactory: got request NetworkRequest [ REQUEST id=283, [ Capabilities: INTERNET&NOT_RESTRICTED&TRUSTED&NOT_VCN_MANAGED&NOT_BANDWIDTH_CONSTRAINED Uid: 10137 RequestorUid: 10137 RequestorPkg: com.coloros.sceneservice UnderlyingNetworks: Null] ]
07-29 19:43:59.537  3364  4505 D UntrustedWifiNetworkFactory: got request NetworkRequest [ REQUEST id=283, [ Capabilities: INTERNET&NOT_RESTRICTED&TRUSTED&NOT_VCN_MANAGED&NOT_BANDWIDTH_CONSTRAINED Uid: 10137 RequestorUid: 10137 RequestorPkg: com.coloros.sceneservice UnderlyingNetworks: Null] ]
07-29 19:43:59.537  3364  4505 D OemPaidWifiNetworkFactory: got request NetworkRequest [ REQUEST id=283, [ Capabilities: INTERNET&NOT_RESTRICTED&TRUSTED&NOT_VCN_MANAGED&NOT_BANDWIDTH_CONSTRAINED Uid: 10137 RequestorUid: 10137 RequestorPkg: com.coloros.sceneservice UnderlyingNetworks: Null] ]
07-29 19:43:59.537  3364  4505 D MultiInternetWifiNetworkFactory: got request NetworkRequest [ REQUEST id=283, [ Capabilities: INTERNET&NOT_RESTRICTED&TRUSTED&NOT_VCN_MANAGED&NOT_BANDWIDTH_CONSTRAINED Uid: 10137 RequestorUid: 10137 RequestorPkg: com.coloros.sceneservice UnderlyingNetworks: Null] ]
07-29 19:43:59.537  3364  4516 D ConnectivityService: NetReassign [no changes] [c 0] [a 0] [i 2]
07-29 19:43:59.538  5027  5074 W Binder  : Caught a RuntimeException from the binder stub implementation.
07-29 19:43:59.538  5027  5074 W Binder  : java.lang.NullPointerException: Attempt to invoke virtual method 'boolean android.net.Uri.equals(java.lang.Object)' on a null object reference
07-29 19:43:59.538  5027  5074 W Binder  : 	at xb.a$b.onChange(Unknown Source:16)
07-29 19:43:59.538  5027  5074 W Binder  : 	at android.database.ContentObserver.onChange(ContentObserver.java:184)
07-29 19:43:59.538  5027  5074 W Binder  : 	at android.database.ContentObserver.onChange(ContentObserver.java:202)
07-29 19:43:59.538  5027  5074 W Binder  : 	at android.database.ContentObserver.onChange(ContentObserver.java:224)
07-29 19:43:59.538  5027  5074 W Binder  : 	at android.database.ContentObserver.onChange(ContentObserver.java:236)
07-29 19:43:59.538  5027  5074 W Binder  : 	at android.database.ContentObserver.dispatchChange(ContentObserver.java:335)
07-29 19:43:59.538  5027  5074 W Binder  : 	at android.database.ContentObserver$Transport.onChangeEtc(ContentObserver.java:357)
07-29 19:43:59.538  5027  5074 W Binder  : 	at android.database.IContentObserver$Stub.onTransact(IContentObserver.java:120)
07-29 19:43:59.538  5027  5074 W Binder  : 	at android.os.Binder.execTransactInternal(Binder.java:1523)
07-29 19:43:59.538  5027  5074 W Binder  : 	at android.os.Binder.execTransact(Binder.java:1457)
07-29 19:43:59.540  3364  4720 W BestClock: java.time.DateTimeException: Missing network time fix
07-29 19:43:59.541  3364  4720 W BestClock: java.time.DateTimeException: Missing network time fix
07-29 19:43:59.541  4951  4951 D ServiceStateProvider: subId=1
07-29 19:43:59.542  4878  5832 V OplusCustomizeCacheManager: queryCache name: sys.cache.common_customize_cache18014 param: null
07-29 19:43:59.542  4878  5832 V OplusCustomizeCacheManager: queryCache name: sys.cache.common_customize_cache18017 param: Bundle[{SETTING=BLOCK, BUSINESS=NCT-DATA}]
07-29 19:43:59.542  4878  5832 V OplusCustomizeCacheManager: queryCache name: sys.cache.common_customize_cache18013 param: null
07-29 19:43:59.542  1698  1698 D Zygote  : Forked child process 13197
07-29 19:43:59.542  5115  5115 I QImsService: OplusPhoneStateTracker : onServiceStateChanged
07-29 19:43:59.542  3364  3708 I ActivityManager: Start proc 13197:com.oplus.wirelesssettings:tzupdate/1000 for broadcast {com.oplus.wirelesssettings/com.oplus.tzupdate.timezone.MccChangeReceiver}
07-29 19:43:59.543  3364  4212 I MemoryOperationUtils: add 13197 to inactive
07-29 19:43:59.543  5027  6070 D T-Recommend: onPreHandleMessage 1000
07-29 19:43:59.543  5027  6070 E CellularEvent: nri null ps
07-29 19:43:59.543  5027  6070 E CellularEvent: invalid nri
07-29 19:43:59.543  5027  6070 D T-Recommend: onPostHandleMessage 1000
07-29 19:43:59.543  5115  5115 I QImsService: OplusPhoneStateTracker : onServiceStateChanged
07-29 19:43:59.543  5027  6075 D OplusLinkBoostCommon: dds servicestate change
07-29 19:43:59.543  5226  5226 D SubsysEventListenerManager-SubsysTelephonyCallback[0]: onServiceStateChanged
07-29 19:43:59.543  5226  5226 D ChinaRoamingControl: registTelephonyEvent onServiceStateChanged eventId:5, VoiceRegState:1, DataRegState:1
07-29 19:43:59.543  5226  5226 D QuickChangeAirplaneModeEvent: onServiceStateChanged slotId:0
07-29 19:43:59.544  5027  6082 D NAS-CallIssueDetector: onServiceStateChanged
07-29 19:43:59.544  5027  6082 D OplusCiwlanController: [vodata] processServiceStateChanged  phoneid = 0, original roaming type = 0,roaming type = 0
07-29 19:43:59.544  5027  6082 D OplusCiwlanController: [vodata] processServiceStateChanged  phoneid = 1, original roaming type = 0,roaming type = 0
07-29 19:43:59.544  3364  4720 W ContextImpl: Calling a method in the system process without a qualified user: android.app.ContextImpl.sendBroadcastMultiplePermissions:1311 android.content.Context.sendBroadcastMultiplePermissions:2524 com.android.server.TelephonyRegistry.broadcastServiceStateChanged:3740 com.android.server.TelephonyRegistry.notifyServiceStateForPhoneId:1787 com.android.internal.telephony.ITelephonyRegistry$Stub.onTransact:546 
07-29 19:43:59.544  5027  6138 D OplusSubWaySlowRecovery: getPreferSubId return 1
07-29 19:43:59.544  5027  6138 D SaDataFailRecovery/0: current is not in service,reset alarm
07-29 19:43:59.544  5027  6138 D OplusScanQrCodeRecoveryImpl: msg.what=3
07-29 19:43:59.546  3364  4720 W ContextImpl: Calling a method in the system process without a qualified user: android.app.ContextImpl.sendBroadcastMultiplePermissions:1344 com.android.server.TelephonyRegistry.broadcastServiceStateChanged:3745 com.android.server.TelephonyRegistry.notifyServiceStateForPhoneId:1787 com.android.internal.telephony.ITelephonyRegistry$Stub.onTransact:546 android.os.Binder.execTransactInternal:1523 
07-29 19:43:59.546  6521  6620 I midasd  : OplusObrainService::notifyEventInt eventId:38 iParam:20
07-29 19:43:59.546  4878  5186 I SystemUi--Statusbar: MobileConnectionRepositoryImpl-->subId:1 isSoftSimCard:false slotId:0
07-29 19:43:59.547  5226  5226 D QuickChangeAirplaneModeEvent: isBothCardInService is false
07-29 19:43:59.547  5226  5226 D MsimSubModeManager: registTelephonyEvent onServiceStateChanged eventId:3, VoiceRegState:1, DataRegState:1
07-29 19:43:59.547  5226  5226 E ExtremeCommUtils: getSwitchRusSupportMcc invalid index 1
07-29 19:43:59.547  5226  5226 D ExtremeCommUtils: isSupporCheck rusContain:false,propContain(persist.sys.oplus.support_hyper_uplink_mcc):false
07-29 19:43:59.547  5226  5226 D ExtremeCommService: handleServiceStateChanged mcc is null
07-29 19:43:59.547  5226  5226 D ChinaRoamingControl: handleMessage what:5
07-29 19:43:59.547  5226  5226 D SubsysEventListenerManager-SubsysTelephonyCallback[0]: onCellLocationChanged
07-29 19:43:59.547  5226  5226 D MsimSubModeManager: handleMessage what:3
07-29 19:43:59.547  5226  5226 D MsimSubModeManager: getMsimSimServiceIn() i:0,mServiceState:1
07-29 19:43:59.547  5226  5226 D MsimSubModeManager: getMsimSimServiceIn() i:1,mServiceState:1
07-29 19:43:59.547  9346 10661 I OplusObrain: OplusObrainClientInvoke.nativeGetTelephonyInfo
07-29 19:43:59.547  4878  4878 I KeyguardUpdateMonitor: action=android.intent.action.SERVICE_STATE subId=1 slotId=0
07-29 19:43:59.548  9346 10658 I OplusObrain: OplusObrainClientInvoke.nativeGetTrafficTypeInfoForNetworkType networkType 0
07-29 19:43:59.548  3364  4720 W ContextImpl: Calling a method in the system process without a qualified user: android.app.ContextImpl.sendBroadcastMultiplePermissions:1344 com.android.server.TelephonyRegistry.broadcastServiceStateChanged:3754 com.android.server.TelephonyRegistry.notifyServiceStateForPhoneId:1787 com.android.internal.telephony.ITelephonyRegistry$Stub.onTransact:546 android.os.Binder.execTransactInternal:1523 
07-29 19:43:59.548  3364  4808 D KernelStatsHelper: getKernelStats start!
07-29 19:43:59.548  5226  5226 D SubsysEventListenerManager-SubsysTelephonyCallback[0]: onDisplayInfoChanged
07-29 19:43:59.548  5226  5226 D SceneService: onDisplayInfoChanged slotId:0,telephonyDisplayInfo:TelephonyDisplayInfo {network=NR, overrideNetwork=NONE, isRoaming=false}
07-29 19:43:59.548  4878  4878 I SystemUi--Statusbar: OplusMobileIconInteractorImpl-->oplusIMSModel slot:0: CapabilityTypeModel(isVolteSwitchOn=true, isWfcEnabledByUser=true, imsRegistered=false, voiceCapable=false, videoCapable=false, registerTech=-1, isCrossSimCallingEnabledByUser=false, hasHideVolteOperator=false), SimStateModel(simInserted=[true, false], simForbidden=[false, true], simStateIMSI=[true, false], simLoaded=[true, false]),oplusNetworkTypeNr:20,isVoNrEnabled:false
07-29 19:43:59.548  3364  4720 W ContextImpl: Calling a method in the system process without a qualified user: android.app.ContextImpl.sendBroadcastMultiplePermissions:1344 com.android.server.TelephonyRegistry.broadcastServiceStateChanged:3760 com.android.server.TelephonyRegistry.notifyServiceStateForPhoneId:1787 com.android.internal.telephony.ITelephonyRegistry$Stub.onTransact:546 android.os.Binder.execTransactInternal:1523 
