07-29 19:16:06.564  3245  4405 V AlarmManager: sending alarm Alarm{1193cca type 3 origWhen 39647 whenElapsed 39647 android} uid 1000 whenElapsed 39647 windowLength 18750 maxWhenElapsed 58397 repeatInterval 0 action null component null tag WifiHealthMonitor Schedule Post-Boot Detection Timer flags 0x8 procName system_server
07-29 19:16:06.623  1986  1986 D SensorFeature: name=ssc_screenshot_info ,index = 22
07-29 19:16:06.624  1986  1986 D SensorFeature: write 29 bytes:58447496435,58455829768,158,0
07-29 19:16:06.754  1836  4470 I sensors-hal: handle_oplus_wise_rgb_event:189, high_pwm_light:lux 280.3,cct 3628.9,brl/algo/ir 1448.0/2.0/16.8,pwm/dc 0.0/0.0,rgbc 21671.117188/13647.166992/6272.264648/40160.957031,ts 58448031505,cnt 820,flag 158
07-29 19:16:06.754  1915  4460 I Dpps    : LtmSwState::SetParameter():144 ignore cmd 7 in state LtmOffState
07-29 19:16:06.897  1986  1986 D SensorFeature: name=ssc_screenshot_info ,index = 22
07-29 19:16:06.897  1986  1986 D SensorFeature: write 29 bytes:58721680654,58730013987,159,0
07-29 19:16:06.947  2009  2062 D BatteryChargeControl: bcc get no support from charging protocol
07-29 19:16:06.989  4858  5053 D OplusScrollToTopManager: NotificationShade,This com.android.systemui.shade.NotificationShadeWindowView{9a06153 V.E...... ........ 0,0-1080,2376 #7f0a06b7 app:id/legacy_window_root alpha=1.0 viewInfo = } change focus to true
07-29 19:16:06.989  4858  5053 D OplusScrollToTopManager: NotificationShade, registerGuidePopupDismissReceiverInSystemUI
07-29 19:16:06.990  5200  5639 D OplusScrollToTopManager: com.android.launcher/com.android.launcher.Launcher,This com.android.internal.policy.DecorView{19ba1ca V.E...... R....... 0,0-1080,2376 aid=0 alpha=1.0 viewInfo = }[Launcher] change focus to false
07-29 19:16:06.991  4858  5053 D OplusScrollToTopManager: NotificationShade, after registerGuidePopupDismissReceiverInSystemUI
07-29 19:16:07.019  1915  4460 I Dpps    : LtmSwState::SetParameter():144 ignore cmd 7 in state LtmOffState
07-29 19:16:07.171  1986  1986 D SensorFeature: name=ssc_screenshot_info ,index = 22
07-29 19:16:07.171  1986  1986 D SensorFeature: write 29 bytes:58995478935,59003812268,160,0
07-29 19:16:07.222  3245  4231 I InputDispatcher: injectInputEvent: targetUid=<not set>, syncMode=WAIT_FOR_FINISHED, timeout=30000ms, policyFlags=0x8000000, event=MotionEvent { action=DOWN, id[0]=0, x[0]=877, y[0]=1330, eventTime=59055000000, downTime=59055000000, deviceId=4, source=TOUCHSCREEN, displayId=0, eventId=0xf9945ab4}
07-29 19:16:07.223  3245  4815 I [UAH_CLIENT]: UahEventAcquire, cmdid:37, pkg:none, identity:OplusUAwareInputHelper
07-29 19:16:07.223  3245  3796 D PowerManagerService: userActivityNoUpdateLocked: groupId=0, eventTime=59055, event=touch, flags=0x0, uid=1000
07-29 19:16:07.223  4858  4858 V AutofillManager: requestHideFillUi(null): anchor = null
07-29 19:16:07.223  4858  4858 V Application: getAutofillClient(): null on super, trying to find activity thread
07-29 19:16:07.223  4858  4858 V Application: getAutofillClient(): none of the 0 activities on com.android.systemui.SystemUIApplication@4f82b0 are top resumed nor have focus
07-29 19:16:07.223  4858  4858 V AutofillManager: No AutofillClient for com.android.systemui on context com.android.systemui.SystemUIApplication@4f82b0
07-29 19:16:07.223  3245  4815 D UAH-UahAdaptHelper: adaptSetNotification identity = OplusUAwareInputHelpersrc = 1000 , type 0 ,p1 = -1 ,p2 = -1 ,p3 = -1 ,p4 =
07-29 19:16:07.223  3245  4815 I [UAH_CLIENT]: uahRuleCtl, ruleId:1000, status:0
07-29 19:16:07.224  4858  4858 I SystemUi--Common: ScrollTranslationValue-->resetPanelTranslationY
07-29 19:16:07.224  4858  4858 I SystemUi--QuickSettings: OplusPanelViewPagerController-->initExpanded downExpanded=QS downOnRight=true targetPage=QS downOnYHotArea=false  isKeyguardShowing=false isOnKeyguard=false fractionListeners.size=0 currentQsFraction=1.0 currentNotifyFraction=0.0 hasCalledDownEvent=true getScrollXHotZone=([Rect(0, 0 - 1080, 2376)], [Rect(-1, -1 - -1, -1), Rect(144, 2143 - 270, 2269), Rect(810, 2143 - 936, 2269)]) getScrollYHotZone=Rect(0, 0 - 1080, 222) notifyExpandedFraction=0.0 isLastUpToExpand=true qsPanelView.translationX=0.0
07-29 19:16:07.225  4858  4858 I SystemUi--QuickSettings: OplusQSRootViewController-->startExpandMotion event: 0, startTracking: false isClosing: false panelClosedOnDown: false
07-29 19:16:07.225  4858  4858 I SystemUi--QuickSettings: OplusQSRootViewController-->initialOffsetOnTouch: 2376.0, panelClosedOnDown: false
07-29 19:16:07.225  3245  4642 D OMP_Detector: D:done mCurrStatus: 0
07-29 19:16:07.228  3245  4231 I InputDispatcher: injectInputEvent: targetUid=<not set>, syncMode=WAIT_FOR_FINISHED, timeout=30000ms, policyFlags=0x8000000, event=MotionEvent { action=UP, id[0]=0, x[0]=877, y[0]=1330, eventTime=59055000000, downTime=59055000000, deviceId=4, source=TOUCHSCREEN, displayId=0, eventId=0xd8d86db7}
07-29 19:16:07.228  3245  4815 D UAH-UahAdaptHelper: adaptSetNotification identity = OplusUAwareInputHelpersrc = 1000 , type 1 ,p1 = -1 ,p2 = -1 ,p3 = -1 ,p4 =
07-29 19:16:07.228  3245  4815 I [UAH_CLIENT]: uahRuleCtl, ruleId:1000, status:1
07-29 19:16:07.228  4858  4858 I SystemUi--Statusbar: OplusStatusBarWindowViewTouchExImpl-->onTouchEvent handled:false
07-29 19:16:07.229  4858  4858 I SystemUi--QuickSettings: OplusPanelViewPagerController-->reset
07-29 19:16:07.229  4858  4858 I SystemUi--QuickSettings: OplusQSRootViewController-->resetTouch
07-29 19:16:07.229  4858  4858 D OplusViewDragTouchViewHelper: dispatchTouchView action = 1
07-29 19:16:07.229  4858  4858 D ViewRootImplExtImpl: the up motion event handled by client, just return
07-29 19:16:07.230  4858  4858 I SystemUi--QuickSettings: Tile.OplusAirplaneModeTile-->clicked ------ state is :2 canTips :true
07-29 19:16:07.230  4858  5388 V OplusCustomizeCacheManager: queryCache name: sys.cache.common_customize_cache18026 param: null
07-29 19:16:07.230  4858  5388 V OplusCustomizeCacheManager: queryCache name: sys.cache.common_customize_cache18026 param: null
07-29 19:16:07.231  3245  4620 D OplusWifiPower_ConnLpmEventObsever: AIRPLANE_MODE_ON:false
07-29 19:16:07.231  3245  4456 D BluetoothSystemServer: BluetoothRadioModeListener: Not sensitive to airplane_mode_radios change. Forced to false
07-29 19:16:07.233  7266  7292 I SettingImpl: isAirplaneModeToggleChecked switchValue: -1, airplane mode isChecked is false
07-29 19:16:07.233  3245  4621 D OplusWifiSwitchStateMonitor: mWifiSettingsValue:0
07-29 19:16:07.233  3245  4621 D OplusWifiSwitchStateMonitor: notify scan state: true
07-29 19:16:07.233  3245  4456 D BluetoothSystemServer: AirplaneModeListener: Ignore mode change to same state. previousMode=false, isOn=false, isOnOverrode=false, isMediaConnected=false
07-29 19:16:07.233  4858  5776 I SystemUi--QuickSettings: Tile.OplusAirplaneModeTile-->handleUpdateState state.state: 2 value: 0
07-29 19:16:07.233  4858  5776 V OplusCustomizeCacheManager: queryCache name: sys.cache.common_customize_cache18026 param: null
07-29 19:16:07.234  4858  4858 I SystemUi--Statusbar: OplusStatusBarSignalPolicy-->imsIcon: OplusIMSModel(shouldShowVolte=false, shouldShowVowifi=false, simInserted=true, noSim=false, shouldShowVodata=false, shouldShowVo5G=false, vowifiState=false), OplusIMSModel(shouldShowVolte=false, shouldShowVowifi=false, simInserted=false, noSim=true, shouldShowVodata=false, shouldShowVo5G=false, vowifiState=false), noSubs:false, airplaneMode:falsevisible: false ,wifiConnect:false , vowifiIcon:0 , voDataStatus:false, is5GNewCall:false
07-29 19:16:07.234  4858  4858 I SystemUi--Statusbar: OplusStatusBarSignalPolicy-->noSimIcon simState: SimStateModel(simInserted=[true, false], simForbidden=[false, true], simStateIMSI=[true, false], simLoaded=[true, false]), noSubs:false isAirplaneMode:false
07-29 19:16:07.234  3245  3245 D OplusWifiBroadCastDispatcher: mBroadcastReceiver: onReceiver  action=android.intent.action.AIRPLANE_MODE
07-29 19:16:07.234  4858  4858 I SystemUi--Statusbar: OplusMobileIconViewModel-->isVisible subId:1 isAirplaneMode:false isAllowedDuringAirplaneMode:false isForceHidden:false isSatelliteForbid:false
07-29 19:16:07.234  4858  4858 I SystemUi--Statusbar: OplusStatusBarMobileViewBinder-->isVisible:true
07-29 19:16:07.234  4858  4858 I SystemUi--Statusbar: OplusStatusBarMobileViewBinder-->isVisible:true
07-29 19:16:07.234  4858  4858 I SystemUi--Statusbar: OplusStatusBarMobileViewBinder-->isVisible:true
07-29 19:16:07.234  4858  4858 I SystemUi--Statusbar: OplusStatusBarMobileViewBinder-->isVisible:true
07-29 19:16:07.234  4858  4858 I SystemUi--Statusbar: OplusStatusBarMobileViewBinder-->isVisible:true
07-29 19:16:07.234  1989  2002 E PerformanceService: [damon_reclaim] Failed to open wmarks_xxx, Linux version 6.6.30
07-29 19:16:07.234  3245  4324 E PerformanceManager: setDamonReclaimWmarks succeed.
07-29 19:16:07.234  5005  5786 D NAS-CallIssueDetector: notifyApmChanged
07-29 19:16:07.235  5005  6341 I PCDR-common_no_service[0]: forbidden
07-29 19:16:07.235  4921  4921 W Settings: Setting airplane_mode_on has moved from android.provider.Settings.System to android.provider.Settings.Global, returning read-only value.
07-29 19:16:07.235  5005  6341 I PCDR-common_no_45g[0]: forbidden
07-29 19:16:07.235  5005  6341 I PCDR-common_no_service[1]: forbidden
07-29 19:16:07.235  4921  4921 W Settings: Setting airplane_mode_on has moved from android.provider.Settings.System to android.provider.Settings.Global, returning read-only value.
07-29 19:16:07.235  4921  4921 W Settings: Setting airplane_mode_on has moved from android.provider.Settings.System to android.provider.Settings.Global, returning read-only value.
07-29 19:16:07.235  4921  4921 W Settings: Setting airplane_mode_on has moved from android.provider.Settings.System to android.provider.Settings.Global, returning read-only value.
07-29 19:16:07.235  5176  5176 D SubsysBroadcastManager: onReceive action:android.intent.action.AIRPLANE_MODE
07-29 19:16:07.235  5005  5786 D NAS-CallIssueDetector: EVENT_SIM_STATE_CHANGE mSimState[0] LOADED
07-29 19:16:07.235  5005  5786 D SceneEvent: registerSensorMgr start
07-29 19:16:07.235  4921  4921 W Settings: Setting airplane_mode_on has moved from android.provider.Settings.System to android.provider.Settings.Global, returning read-only value.
07-29 19:16:07.235  5067  8067 I txpwradmin:SettingsObserver: onChange for uri = content://settings/global/airplane_mode_on
07-29 19:16:07.235  4858  5776 V OplusCustomizeCacheManager: queryCache name: sys.cache.common_customize_cache11009 param: null
07-29 19:16:07.235  5043  5043 W Settings: Setting airplane_mode_on has moved from android.provider.Settings.System to android.provider.Settings.Global, returning read-only value.
07-29 19:16:07.235  4921  4921 D PhoneGlobals: ACTION_AIRPLANE_MODE_CHANGED received
07-29 19:16:07.235  4921  4921 D PhoneGlobals: Receive ACTION_AIRPLANE_MODE_CHANGED, state: false
07-29 19:16:07.235  4921  4921 I PhoneGlobals: handleAirplaneModeChange: isAirplaneNewlyOn=false
07-29 19:16:07.235  4921  4921 D PhoneGlobals: handleAirplaneModeChange: isAirplaneNewlyOn = false, cellState = 2
07-29 19:16:07.235  4921  4921 I PhoneGlobals: Turning radio on - airplane
07-29 19:16:07.236  5005  5785 D OplusLinkBoostMeeting: onAirplaneModeChange
07-29 19:16:07.236  5005  6341 I PCDR-common_no_45g[1]: forbidden
07-29 19:16:07.236  5005  5910 D ElevatorEvent: enableElevatorDetect mIsElevSensorReg = false
07-29 19:16:07.236  5005  5910 V SystemSensorManagerExtImpl: RegisterListener elevator_detect  Wakeup type:33171036 delay:200000us by com.oplus.nas.comm.event.ElevatorEvent$a@f8abf36 from com.oplus.nas
07-29 19:16:07.236  5176  5176 D NetworkService[0]: onAirPlaneModeChange isAirPlaneModeOn:false
07-29 19:16:07.236  5176  5176 D NetworkService[1]: onAirPlaneModeChange isAirPlaneModeOn:false
07-29 19:16:07.236  5176  5176 D QuickChangeAirplaneModeEvent: airplane mode off
07-29 19:16:07.236  5067  8067 D txpwrJni: sendRadioStatus start
07-29 19:16:07.236  5176  5176 W Settings: Setting airplane_mode_on has moved from android.provider.Settings.System to android.provider.Settings.Global, returning read-only value.
07-29 19:16:07.236  5005  5766 D ResidenceLocSm: onPreHandleMessage 49
07-29 19:16:07.236  5005  5766 D ResidenceLocSm: onPostHandleMessage 49
07-29 19:16:07.237  3245  5272 D SensorService: createSensorEventConnection packageName = com.oplus.nas.comm.event.ElevatorEvent, opPackageName = com.oplus.nas, mCurrentOperatingMode = 0, requestedMode = 0
07-29 19:16:07.237  3245  4505 D WifiController: Airplane mode disabled, determine next state
07-29 19:16:07.237  3245  4505 D WifiActiveModeWarden: Starting primary ClientModeManager in scan only mode
07-29 19:16:07.237  5043  5043 I HidlServiceManagement: Trying to get transport of vendor.oplus.hardware.appradio@1.0::IOplusAppRadio/oplus_app_slot1 without hwservicemanager
07-29 19:16:07.237  5043  5043 E NhsAppRIL/0: in getOplusRadioProxy getService: Exception: java.util.NoSuchElementException
07-29 19:16:07.237  5091  5091 I QImsService: OplusWifiApmStateMgr : ACTION_AIRPLANE_MODE_CHANGED,mIsAirplaneModeOn: false
07-29 19:16:07.237  5091  5091 I QImsService: OplusImsServiceSubImpl : onTurnOffImsAfterWifiChanged : false
07-29 19:16:07.237  5091  5091 I QImsService: OplusImsServiceSubImpl : onTurnOffImsAfterWifiChanged : false
07-29 19:16:07.237  3245  4505 D WifiController: DisabledState.exit()
07-29 19:16:07.237  3245  4505 D WifiController: EnabledState.enter()
07-29 19:16:07.237  3245  4505 D WifiClientModeManager[59070:unknown]: entering IdleState
07-29 19:16:07.238  5043  5043 D NhsElevatorReceiver: enableElevatorDetect mIsElevSensorReg = false
07-29 19:16:07.238  5043  5043 V SystemSensorManagerExtImpl: RegisterListener elevator_detect  Wakeup type:33171036 delay:200000us by t0.g$b@41f09ba from com.oplus.nhs
07-29 19:16:07.238  3245  5796 D SensorService: createSensorEventConnection packageName = t0.g, opPackageName = com.oplus.nhs, mCurrentOperatingMode = 0, requestedMode = 0
07-29 19:16:07.238  5176  5176 D RadioMessenger: handleMessage Request msgid 2215
07-29 19:16:07.238  3245  5272 W SensorService: SensorEventConnection sensor handle=1362, package = com.oplus.nas.comm.event.ElevatorEvent enable
07-29 19:16:07.238  3245  5272 E SensorService: Required app com.oplus.nas.comm.event.ElevatorEvent, uid 1000, pid 5005
07-29 19:16:07.238  3245  4232 W SensorService: SensorEventConnection sensor handle=1362, package = t0.g enable
07-29 19:16:07.238  3245  4232 E SensorService: Required app t0.g, uid 1001, pid 5043
07-29 19:16:07.238  3245  5272 D SensorService: Calling batch handle==1362 flags=0rate=200000000 timeout== 0
07-29 19:16:07.238  3245  5272 D SensorService: SensorDevice::batch: ident=0xb4000072b7f4e900, handle=0x00000552, flags=0, period_ns=200000000 timeout=0
07-29 19:16:07.238  3245  5272 D SensorService: 	>>> actuating h/w BATCH 0x00000552 200000000 0
07-29 19:16:07.239  1836  1836 I sensors-hal: batch:153, qti.sensor.elevator_detect/1362, period=200000000, max_latency=0
07-29 19:16:07.239  1836  1836 I sensors-hal: batch:175, qti.sensor.elevator_detect/1362, period=200000000, max_latency=0 request completed
07-29 19:16:07.239  3245  5272 D SensorService: Calling activate on 1362
07-29 19:16:07.239  3245  5272 D SensorService: SensorDevice::activate: ident=0xb4000072b7f4e900, handle=0x00000552, enabled=1, count=1
07-29 19:16:07.239  3245  5272 D SensorService: enable index=0
07-29 19:16:07.239  3245  5272 D SensorService: info.numActiveClients() = 1, info.isActive = 0
07-29 19:16:07.239  3245  5272 D SensorService: activateHardware = 1
07-29 19:16:07.239  3245  5272 D SensorService: 	>>> actuating h/w activate handle=1362 enabled=1
07-29 19:16:07.239  1836  1836 I sensors-hal: activate:112, qti.sensor.elevator_detect/1362 en=1
07-29 19:16:07.239  1836  1836 I sensors-hal: acquire_qsh_interface:131, acquire_qsh_interface with sensor_id 28 , conn_type 2 
07-29 19:16:07.239  5176  5176 D RadioProxyJ: [PHONE0][90]> getNecData moduleId:1 evtId:[0, 16, 0, 0, 0, 0, 0, 0, 0, 0, 0, 0, 0, 0, 0, 0, 0, 0, 0, 0, 0, 0, 0, 0, 0, 0, 0, 0, 0, 0, 0, 0]
07-29 19:16:07.240  1803  1848 E minksocket: MinkIPC ERROR: ( 1803:1848 ) MinkIPC_preProcess:272 Client down, but cannot find corresponding minksession
07-29 19:16:07.240  1803  1854 E minksocket: MinkIPC ERROR: ( 1803:1854 ) MinkIPC_preProcess:272 Client down, but cannot find corresponding minksession
07-29 19:16:07.241  1803  1854 E minksocket: MinkIPC ERROR: ( 1803:1854 ) MinkIPC_preProcess:272 Client down, but cannot find corresponding minksession
07-29 19:16:07.241  1803  1848 E minksocket: MinkIPC ERROR: ( 1803:1848 ) MinkIPC_preProcess:272 Client down, but cannot find corresponding minksession
07-29 19:16:07.241  4858  4858 D RowAnimatorExtImpl: init:tx,view:StatusBarIconView(slot='volume' alpha=1.0 icon=StatusBarIcon(icon=Icon(typ=RESOURCE pkg=com.android.systemui id=0x7f0818f0) visible user=0 ) visibleState=ICON iconColor=#ccffffff staticDrawableColor=#ccffffff decorColor=#ffffffff animationStartColor=#0 currentSetColor=#ccffffff notification=null),translationX:  9.0  0.0  
07-29 19:16:07.241  4858  4858 D RowAnimatorExtImpl: init:tx,view:StatusBarIconView(slot='zen' alpha=1.0 icon=StatusBarIcon(icon=Icon(typ=RESOURCE pkg=com.android.systemui id=0x7f0818e1) visible user=0 ) visibleState=ICON iconColor=#ccffffff staticDrawableColor=#ccffffff decorColor=#ffffffff animationStartColor=#0 currentSetColor=#ccffffff notification=null),translationX:  57.0  48.0  
07-29 19:16:07.241  1803  1854 E minksocket: MinkIPC ERROR: ( 1803:1854 ) MinkIPC_preProcess:272 Client down, but cannot find corresponding minksession
07-29 19:16:07.241  1803  1848 E minksocket: MinkIPC ERROR: ( 1803:1848 ) MinkIPC_preProcess:272 Client down, but cannot find corresponding minksession
07-29 19:16:07.241  4858  4858 D RowAnimatorExtImpl: init:tx,view:StatusBarIconView(slot='volume' alpha=1.0 icon=StatusBarIcon(icon=Icon(typ=RESOURCE pkg=com.android.systemui id=0x7f0818f0) visible user=0 ) visibleState=ICON iconColor=#ccffffff staticDrawableColor=#ccffffff decorColor=#ffffffff animationStartColor=#0 currentSetColor=#ccffffff notification=null),translationX:  9.0  0.0  
07-29 19:16:07.241  4858  4858 D RowAnimatorExtImpl: init:tx,view:StatusBarIconView(slot='zen' alpha=1.0 icon=StatusBarIcon(icon=Icon(typ=RESOURCE pkg=com.android.systemui id=0x7f0818e1) visible user=0 ) visibleState=ICON iconColor=#ccffffff staticDrawableColor=#ccffffff decorColor=#ffffffff animationStartColor=#0 currentSetColor=#ccffffff notification=null),translationX:  57.0  48.0  
07-29 19:16:07.241  1836  1836 I sensors-hal: qsh_qmi:34, qsh_qmi
07-29 19:16:07.241  1836  1836 I sensors-hal: send_sync_sensor_request:443, send sync request
07-29 19:16:07.241  1836  1836 I sensors-hal: send_sync_sensor_request:472, wait for notification of response
07-29 19:16:07.242  1803  1848 E minksocket: MinkIPC ERROR: ( 1803:1848 ) MinkIPC_preProcess:272 Client down, but cannot find corresponding minksession
07-29 19:16:07.242  4858  4858 D RowAnimatorExtImpl: init:tx,view:StatusBarIconView(slot='volume' alpha=1.0 icon=StatusBarIcon(icon=Icon(typ=RESOURCE pkg=com.android.systemui id=0x7f0818f0) visible user=0 ) visibleState=ICON iconColor=#ccffffff staticDrawableColor=#ccffffff decorColor=#ffffffff animationStartColor=#0 currentSetColor=#ccffffff notification=null),translationX:  9.0  0.0  
07-29 19:16:07.242  4858  4858 D RowAnimatorExtImpl: init:tx,view:StatusBarIconView(slot='zen' alpha=1.0 icon=StatusBarIcon(icon=Icon(typ=RESOURCE pkg=com.android.systemui id=0x7f0818e1) visible user=0 ) visibleState=ICON iconColor=#ccffffff staticDrawableColor=#ccffffff decorColor=#ffffffff animationStartColor=#0 currentSetColor=#ccffffff notification=null),translationX:  57.0  48.0  
07-29 19:16:07.242  1803  1854 E minksocket: MinkIPC ERROR: ( 1803:1854 ) MinkIPC_preProcess:272 Client down, but cannot find corresponding minksession
07-29 19:16:07.242  1844  1844 W android.hardware.wifi-service: No active wlan interfaces in use! Using default
07-29 19:16:07.243  4858  5776 I SystemUi--QuickSettings: Tile.OplusAirplaneModeTile-->handleUpdateState state.state: 1 value: 0
07-29 19:16:07.243  4858  5776 V OplusCustomizeCacheManager: queryCache name: sys.cache.common_customize_cache18026 param: null
07-29 19:16:07.244  1836 13009 I sensors-hal: qsh_conn_resp_cb:793, resp_value = 0 for elevator_detect 
07-29 19:16:07.244  1836  1836 I sensors-hal: send_sync_sensor_request:478, takes 2 ms to receive the response with 0
07-29 19:16:07.244  1836  1836 I sensors-hal: activate:131, qti.sensor.elevator_detect/1362 en=1 completed
07-29 19:16:07.244  3245  5272 D SensorService: 0xb4000072b7f4e900 addFd fd=996
07-29 19:16:07.244  5005  5910 D ElevatorEvent: elevator:registerForElevatorDetect  , true mIsElevSensorReg = true
07-29 19:16:07.244  5005  5910 D SceneEvent: registerSensorMgr start
07-29 19:16:07.244  5005  5910 D SceneEvent: registerSensorMgr already start,return
07-29 19:16:07.245  3245  4505 D OplusWifiConcurrentManager: isConcurrentCombinationAllowed : createMode= 0, requestType =-1
07-29 19:16:07.245  3245  4232 D SensorService: Calling batch handle==1362 flags=0rate=200000000 timeout== 0
07-29 19:16:07.245  3245  4232 D SensorService: SensorDevice::batch: ident=0xb40000718a6de440, handle=0x00000552, flags=0, period_ns=200000000 timeout=0
07-29 19:16:07.245  3245  4232 D SensorService: Calling activate on 1362
07-29 19:16:07.245  3245  4232 D SensorService: SensorDevice::activate: ident=0xb40000718a6de440, handle=0x00000552, enabled=1, count=2
07-29 19:16:07.245  3245  4232 D SensorService: enable index=0
07-29 19:16:07.245  3245  4232 D SensorService: info.numActiveClients() = 2, info.isActive = 1
07-29 19:16:07.245  3245  4232 D SensorService: activateHardware = 0
07-29 19:16:07.245  3245  4232 D SensorService: 0xb40000718a6de440 addFd fd=1009
07-29 19:16:07.245  3245  4505 I HalDevMgr: currentModeId=3, requestModeId=3, currentModeIdValid=true
07-29 19:16:07.245  5043  5043 D NhsElevatorReceiver: elevator:registerForElevatorDetect  , true mIsElevSensorReg = true
07-29 19:16:07.245  5043  5043 D NhsSceneReceiver: registerSensorMgr start
07-29 19:16:07.245  5043  5043 V SystemSensorManagerExtImpl: RegisterListener oplus_activity_recognition  Wakeup type:33171037 delay:200000us by t0.k$a@60a006b from com.oplus.nhs
07-29 19:16:07.245  3245  5272 D SensorService: createSensorEventConnection packageName = t0.k, opPackageName = com.oplus.nhs, mCurrentOperatingMode = 0, requestedMode = 0
07-29 19:16:07.244  3445  3496 D QmiVsClient: getNecData - enter
07-29 19:16:07.245  3445  3496 E QmiVsClient: sendAsyncRequest QMI_VS_GET_NEC_DATA_REQ_MSG_V01 ret 0
07-29 19:16:07.245  3245  4232 W SensorService: SensorEventConnection sensor handle=1372, package = t0.k enable
07-29 19:16:07.245  3245  4232 E SensorService: Required app t0.k, uid 1001, pid 5043
07-29 19:16:07.245  3245  4232 D SensorService: enable sensor send lastEvent 1372
07-29 19:16:07.246  1844  1844 D WifiHAL : wifi_set_interface_mode: ifname=wlan0 iface_type=0
07-29 19:16:07.246  1844  1844 I android.hardware.wifi-service: Adding interface handle for p2p0
07-29 19:16:07.246  3245  4232 D SensorService: Calling batch handle==1372 flags=0rate=200000000 timeout== 0
07-29 19:16:07.246  3245  4232 D SensorService: SensorDevice::batch: ident=0xb4000072b7f4de80, handle=0x0000055c, flags=0, period_ns=200000000 timeout=0
07-29 19:16:07.246  1844  1844 I android.hardware.wifi-service: Adding interface handle for wlan0
07-29 19:16:07.246  1844  1844 I android.hardware.wifi-service: Adding interface handle for wifi-aware0
07-29 19:16:07.246  3245  4232 D SensorService: Calling activate on 1372
07-29 19:16:07.246  3245  4232 D SensorService: SensorDevice::activate: ident=0xb4000072b7f4de80, handle=0x0000055c, enabled=1, count=4
07-29 19:16:07.246  3245  4232 D SensorService: enable index=2
07-29 19:16:07.246  3245  4232 D SensorService: info.numActiveClients() = 4, info.isActive = 1
07-29 19:16:07.246  3245  4232 D SensorService: activateHardware = 0
07-29 19:16:07.246  3245  4232 D SensorService: 0xb4000072b7f4de80 addFd fd=1005
07-29 19:16:07.246  5043  5043 D NhsSceneReceiver: sensor name is oplus_activity_recognition  Wakeup, registerState:true
07-29 19:16:07.246  5043  5043 D NhsSceneReceiver: onAccuracyChanged
07-29 19:16:07.246  5043  5043 E NhsAppRILMsger: EVENT_REQ_EVENT_DONE Error received :com.android.internal.telephony.CommandException: RADIO_NOT_AVAILABLE
07-29 19:16:07.247  5043  5458 D NhsSceneReceiver: onSensorChanged: name = oplus_activity_recognition  Wakeup
07-29 19:16:07.247  3245  4505 D HalDevMgr: updateRttController: no one is interested in RTT controllers
07-29 19:16:07.247  3445  3891 D QmiVsClient: getNecData callback - enter
07-29 19:16:07.247  5043  5458 D NhsSceneReceiver: enter still_state
07-29 19:16:07.247  3445  3496 D VsProxy : handleMessage msg is 4001
07-29 19:16:07.247  3245  4505 E HalDevMgr: removeP2pAndSapCombination do nothing: mIsAddedP2pAndSapCombination = false
07-29 19:16:07.248  1844  1844 W android.hardware.wifi-service: AIBinder_linkToDeath is being called with a non-null cookie and no onUnlink callback set. This might not be intended. AIBinder_DeathRecipient_setOnUnlinked should be called first.
07-29 19:16:07.248  1844  1844 I android.hardware.wifi-service: twtRegisterEvents is not supported-3
07-29 19:16:07.248  3445  3496 D RadioProxy: getNecData : response cb for instance 0
07-29 19:16:07.248  4858  5199 I SystemUi--QuickSettings: Tile.OplusCellularTile-->updateCarrierText: dialog not showing, ignore
07-29 19:16:07.248  1844  1844 W android.hardware.wifi-service: AIBinder_linkToDeath is being called with a non-null cookie and no onUnlink callback set. This might not be intended. AIBinder_DeathRecipient_setOnUnlinked should be called first.
07-29 19:16:07.248  1844  1844 D WifiHAL : wifi_get_chip_capabilities: max mlo assoc link cnt: 2 str link cnt 2
07-29 19:16:07.249  3245  4505 D WifiNl80211Manager: Setting up interface for client mode: wlan0
07-29 19:16:07.249  2775  2775 I wificond: Current driver country code US
07-29 19:16:07.249  3245  5245 D WifiNl80211Manager: OnRegDomainChanged US
07-29 19:16:07.249  2775  2775 I wificond: createClientInterface: wiphy_index 0 iface_name wlan0
07-29 19:16:07.249  3245  5245 D WifiNative: onCountryCodeChanged: US
07-29 19:16:07.249  3245  5245 I WifiCountryCode: Receive onDriverCountryCodeChanged US
07-29 19:16:07.249  5176  5244 D RadioProxyJ: [PHONE0][90]< getNecDataResponse ******
07-29 19:16:07.249  5176  5176 D MessengerResponseHandler: handleMessage Response msgid 206
07-29 19:16:07.249  2775  2775 I wificond: create scanner for interface with index: 27
07-29 19:16:07.249  2775  2775 I wificond: subscribe scan result for interface with index: 27
07-29 19:16:07.250  3245  5245 D WifiScanRequestProxy: Sending scan available broadcast: true
07-29 19:16:07.250  4858  5199 D SimStateHelper: slot:0, lock state:Bundle[mParcelledData.dataSize=56]
07-29 19:16:07.250  4858  5199 D SimStateHelper: slot:1, lock state:Bundle[mParcelledData.dataSize=56]
07-29 19:16:07.250  4858  5199 D SimStateHelper: needDisableMenu: slot1State=-1; slot2State=-1
07-29 19:16:07.250  4858  5199 D SimStateHelper: needDisableMenu:false
07-29 19:16:07.250  3245  4509 I WifiScanningService: Received a request to enable scanning, UID = 1000
07-29 19:16:07.250  2775  2775 I wificond: add channel type 0 support at wiphy index: 0
07-29 19:16:07.250  2775  2775 I wificond: add channel type 1 support at wiphy index: 0
07-29 19:16:07.250  3245  3245 D OplusWifiBroadCastDispatcher: mBroadcastReceiver: onReceiver  action=android.net.wifi.action.WIFI_SCAN_AVAILABILITY_CHANGED
07-29 19:16:07.250  3245  5245 I WifiScanRequestProxy: Scanning is enabled
07-29 19:16:07.250  3245  5245 I WifiScanRequestProxy: Scanning for hidden networks is disabled
07-29 19:16:07.250  3245  4622 D OplusWifiPower_ConnLpmEventObsever: onReceive EXTRA_SCAN_AVAILABLE availabe = true
07-29 19:16:07.250  3245  4622 D OplusWifiPowerService: onReceive action:android.net.wifi.action.WIFI_SCAN_AVAILABILITY_CHANGED
07-29 19:16:07.250  3245  4622 D OplusWifiSwitchStateMonitor: scan settings change to true
07-29 19:16:07.251  7023  7023 I OsAgent : onReceive: android.net.wifi.action.WIFI_SCAN_AVAILABILITY_CHANGED
07-29 19:16:07.251  3245  4232 W BestClock: java.time.DateTimeException: Missing network time fix
07-29 19:16:07.251  7023  7975 I OsAgent : updateWiFiScanAvailState, scanAvailable: true
07-29 19:16:07.251  7023  7975 D OsAgentAidlClient: [bool_dataitem_update][1570] [HC] =>> [HS]
07-29 19:16:07.251  3245  4505 I WifiNative: Interface state changed on Iface:{Name=wlan0,Id=1,Type=STA_SCAN}, isUp=true
07-29 19:16:07.251  1698  1903 E TetherController: property_get sys.radio.data.modem_share_flag return 0, 1!
07-29 19:16:07.251  1844  1844 I WifiHAL : mpdu_size_threshold : 128, aggressive_statistics_gathering : 0
07-29 19:16:07.251  3245  4505 I WifiNative: Successfully setup Iface:{Name=wlan0,Id=1,Type=STA_SCAN}
07-29 19:16:07.251  3245  4505 E SupplicantStaIfaceHalAidlImpl: Can't call getKeyMgmtCapabilities, ISupplicantStaIface is null for iface=wlan0
07-29 19:16:07.252  1820  1898 I LocSvc_SystemStatusOsObserver: sendCachedDataItems:471] DataItem: IS_WIFI_HARDWARE_ON: true >> Wiper
07-29 19:16:07.252  1820  1924 I LocSvc_api_v02: ---> locClientSendReq line 2409 QMI_LOC_NOTIFY_WIFI_ENABLED_STATUS_REQ_V02
07-29 19:16:07.252  3245  4232 W BestClock: java.time.DateTimeException: Missing network time fix
07-29 19:16:07.253  3245  5796 W BestClock: java.time.DateTimeException: Missing network time fix
07-29 19:16:07.253  1844  1844 I WifiHAL : wifi_get_supported_radio_combinations_matrix: enter
07-29 19:16:07.254  1844  1844 I WifiHAL : wifi_parse_radio_combinations_matrix: radio_combinations[1]: num_radio_configurations 1
07-29 19:16:07.254  1844  1844 I WifiHAL : wifi_parse_radio_combinations_matrix: radio_combinations[2]: num_radio_configurations 1
07-29 19:16:07.254  1844  1844 I WifiHAL : wifi_parse_radio_combinations_matrix: radio_combinations[3]: num_radio_configurations 1
07-29 19:16:07.254  1844  1844 I WifiHAL : wifi_parse_radio_combinations_matrix: radio_combinations[4]: num_radio_configurations 2
07-29 19:16:07.254  1844  1844 I WifiHAL : wifi_parse_radio_combinations_matrix: radio_combinations[5]: num_radio_configurations 2
07-29 19:16:07.254  1844  1844 I WifiHAL : wifi_parse_radio_combinations_matrix: radio_combinations[6]: num_radio_configurations 2
07-29 19:16:07.254  1844  1844 I WifiHAL : wifi_parse_radio_combinations_matrix: num_radio_combinations 6, radio_matrix_size 100
07-29 19:16:07.254  3245  4505 E SupplicantStaIfaceHalAidlImpl: Can't call getWpaDriverCapabilities, ISupplicantStaIface is null for iface=wlan0
07-29 19:16:07.254  3245  4505 E WifiStaIfaceAidlImpl: getTwtCapabilities failed with service-specific exception: android.os.ServiceSpecificException:  (code 4)
07-29 19:16:07.255  3245  4505 E WifiChipAidlImpl: enableStaChannelForPeerNetwork failed with service-specific exception: android.os.ServiceSpecificException:  (code 4)
07-29 19:16:07.255  5005  5785 W BestClock: java.time.DateTimeException: Missing network time fix
07-29 19:16:07.255  3245  4505 D WifiNative: setWifiNativeInterfaceEventCallback
07-29 19:16:07.255  3245  4505 D WifiClientModeManager[59070:wlan0]: entering StartedState
07-29 19:16:07.255  5005  5785 V MonthTrafficAlert: getWarningNotification subId:1 numWarningNotificaion:0
07-29 19:16:07.255  3245  4505 D WifiClientModeManager[59070:wlan0]: entering ScanOnlyModeState
07-29 19:16:07.255  3245  4505 D WifiScanRequestProxy: Sending scan available broadcast: true
07-29 19:16:07.255  1844  1844 E WifiHAL : wifi_get_gscan_capabilities: GSCAN is not supported by driver
07-29 19:16:07.255  3245  4509 E WifiStaIfaceAidlImpl: getBackgroundScanCapabilities failed with service-specific exception: android.os.ServiceSpecificException:  (code 4)
07-29 19:16:07.256  3245  4505 I WifiScanRequestProxy: Scanning is enabled
07-29 19:16:07.256  3245  4505 I WifiScanRequestProxy: Scanning for hidden networks is disabled
07-29 19:16:07.256  1844  1844 D WifiHAL : wifi_multi_sta_set_use_case: 0
07-29 19:16:07.257  7023  7023 I OsAgent : onReceive: android.net.wifi.action.WIFI_SCAN_AVAILABILITY_CHANGED
07-29 19:16:07.257  3245  4505 D WifiCountryCode: evaluateAllCmmStateAndApplyIfAllReady: {ConcreteClientModeManager{id=59070 iface=wlan0 role=ROLE_CLIENT_SCAN_ONLY}=true}
07-29 19:16:07.257  3245  3245 D OplusWifiBroadCastDispatcher: mBroadcastReceiver: onReceiver  action=android.net.wifi.action.WIFI_SCAN_AVAILABILITY_CHANGED
07-29 19:16:07.257  3245  4505 D WifiCountryCode: Reading country code from telephony
07-29 19:16:07.257  7023  7975 I OsAgent : updateWiFiScanAvailState, scanAvailable: true
07-29 19:16:07.257  3245  4622 D OplusWifiPower_ConnLpmEventObsever: onReceive EXTRA_SCAN_AVAILABLE availabe = true
07-29 19:16:07.257  3245  4622 D OplusWifiPowerService: onReceive action:android.net.wifi.action.WIFI_SCAN_AVAILABILITY_CHANGED
07-29 19:16:07.257  3245  4622 D OplusWifiSwitchStateMonitor: scan settings change to true
07-29 19:16:07.257  3245  4505 D WifiCountryCode: Set telephony country code to: 
07-29 19:16:07.257  3245  5245 W BestClock: java.time.DateTimeException: Missing network time fix
07-29 19:16:07.257  3245  4509 I WifiScanningService: Created a new impl for wlan0
07-29 19:16:07.257  3245  4509 I WifiScanningService: Received a request to enable scanning, UID = 1000
07-29 19:16:07.257  3245  4509 I WifiScanningService: scanner impls already exists
07-29 19:16:07.257  3245  4505 D WifiCountryCode: updateCountryCode to US
07-29 19:16:07.257  3245  4505 D WifiCountryCode: setCountryCodeNative: US, isClientModeOnly: true mDriverCountryCode: US
07-29 19:16:07.257  3245  4509 I WifiScanningService: wifi driver loaded with scan capabilities: max buckets=16
07-29 19:16:07.257  3245  4509 E WifiScanningService: wifi driver loaded received while already loaded
07-29 19:16:07.258  4858  5776 V OplusCustomizeCacheManager: queryCache name: sys.cache.common_customize_cache18014 param: null
07-29 19:16:07.258  4858  5776 V OplusCustomizeCacheManager: queryCache name: sys.cache.common_customize_cache18017 param: Bundle[{SETTING=BLOCK, BUSINESS=NCT-DATA}]
07-29 19:16:07.258  4858  5776 V OplusCustomizeCacheManager: queryCache name: sys.cache.common_customize_cache18013 param: null
07-29 19:16:07.260  3245  5245 W BestClock: java.time.DateTimeException: Missing network time fix
07-29 19:16:07.261  3245  5796 W BestClock: java.time.DateTimeException: Missing network time fix
07-29 19:16:07.261  1820  3953 I LocSvc_ApiV02: <--- globalRespCb line 282 QMI_LOC_NOTIFY_WIFI_ENABLED_STATUS_REQ_V02
07-29 19:16:07.261  4858  5776 V OplusCustomizeCacheManager: queryCache name: sys.cache.common_customize_cache18014 param: null
07-29 19:16:07.262  4858  5776 V OplusCustomizeCacheManager: queryCache name: sys.cache.common_customize_cache18017 param: Bundle[{SETTING=BLOCK, BUSINESS=NCT-DATA}]
07-29 19:16:07.262  4858  5776 V OplusCustomizeCacheManager: queryCache name: sys.cache.common_customize_cache18013 param: null
07-29 19:16:07.263  3245  5796 W BestClock: java.time.DateTimeException: Missing network time fix
07-29 19:16:07.264  3245  5245 W BestClock: java.time.DateTimeException: Missing network time fix
07-29 19:16:07.265  4858  5776 V OplusCustomizeCacheManager: queryCache name: sys.cache.common_customize_cache18014 param: null
07-29 19:16:07.265  4858  5776 V OplusCustomizeCacheManager: queryCache name: sys.cache.common_customize_cache18017 param: Bundle[{SETTING=BLOCK, BUSINESS=NCT-DATA}]
07-29 19:16:07.265  4858  5776 V OplusCustomizeCacheManager: queryCache name: sys.cache.common_customize_cache18013 param: null
07-29 19:16:07.266  4986  5161 D QtiOemHookAidl: oemHookRawIndication length=21
07-29 19:16:07.268  1836  6332 I sensors-hal: qsh_conn_event_cb:756, event[0] msg_id=1025, ts=1216875318, sensor_type = oplus_activity_recognition  Wakeup
07-29 19:16:07.268  1836  6332 E sensors-hal: handle_sns_std_sensor_event:72, oplus_activity_recognition output: count: 1.000000, index: 1.000000, incar_state: 0.000000, actvity_mode: 3.000000, delta_time: 0.000000 !
07-29 19:16:07.268  4986  4986 D QcrilMsgTunnelIfaceManager: handleMessage what = 0
07-29 19:16:07.269  5005  5422 D SceneEvent: onSensorChanged: name = oplus_activity_recognition  Wakeup
07-29 19:16:07.269  5043  5458 D NhsSceneReceiver: onSensorChanged: name = oplus_activity_recognition  Wakeup
07-29 19:16:07.269  4921  4921 D QC_RIL_OEM_HOOK: Received Broadcast Intent ACTION_UNSOL_RESPONSE_OEM_HOOK_RAW
07-29 19:16:07.269  4921  4921 D QC_RIL_OEM_HOOK: Received Broadcast Intent ACTION_UNSOL_RESPONSE_OEM_HOOK_RAW
07-29 19:16:07.269  4921  4921 D QC_RIL_OEM_HOOK: Received Broadcast Intent ACTION_UNSOL_RESPONSE_OEM_HOOK_RAW
07-29 19:16:07.270  4986  4986 D QC_RIL_OEM_HOOK: Received Broadcast Intent ACTION_UNSOL_RESPONSE_OEM_HOOK_RAW
07-29 19:16:07.272  2775  2775 I wificond: Regulatory domain changed to country: US on wiphy_index: 0
07-29 19:16:07.273  2775  2775 I wificond: UpdateBandInfo
07-29 19:16:07.273  3245  5245 D WifiNl80211Manager: OnRegDomainChanged US
07-29 19:16:07.273  3245  5245 D WifiNative: onCountryCodeChanged: US
07-29 19:16:07.273  3245  5245 I WifiCountryCode: Receive onDriverCountryCodeChanged US
07-29 19:16:07.273  3245  5245 D WifiScanRequestProxy: Sending scan available broadcast: true
07-29 19:16:07.273  3245  4509 I WifiScanningService: Received a request to enable scanning, UID = 1000
07-29 19:16:07.273  3245  4509 I WifiScanningService: scanner impls already exists
07-29 19:16:07.273  3245  4509 E WifiScanningService: wifi driver loaded received while already loaded
07-29 19:16:07.273  5133  6202 D IWlanJni: getDataRegistrationState start
07-29 19:16:07.273  3245  5245 I WifiScanRequestProxy: Scanning is enabled
07-29 19:16:07.273  3245  5245 I WifiScanRequestProxy: Scanning for hidden networks is disabled
07-29 19:16:07.273  6409  6409 I wpa_supplicant: p2p0: CTRL-EVENT-REGDOM-CHANGE init=DRIVER type=COUNTRY alpha2=US
07-29 19:16:07.273  5133  6202 D IWlanJni: getDataRegistrationState start
07-29 19:16:07.273  5133  6214 D IWlanJni: new aidl event arrived
07-29 19:16:07.273  5133  6214 D IWlanJni: handleEvent 10
07-29 19:16:07.273  5133  6214 D IWlanJni: isThreadAttached start
07-29 19:16:07.273  5133  6214 D IWlanJni: jni detached
07-29 19:16:07.273  5133  6214 D IWlanJni: jni attached
07-29 19:16:07.273  5133  6214 D IWlanJni: getDataRegistrationStateResponse start
07-29 19:16:07.273  5133  6214 D IWlanJni: getJavaCallbackClass start
07-29 19:16:07.273  5133  6214 D IWlanJni: getJavaCallbackClass End midIs[1]
07-29 19:16:07.273  5133  6214 I IWlanAidlClient: getDataRegistrationStateResponse called
07-29 19:16:07.273  2775  2775 I wificond: 2.4Ghz frequencies: 2412 2417 2422 2427 2432 2437 2442 2447 2452 2457 2462
07-29 19:16:07.273  2775  2775 I wificond: 5Ghz non-DFS frequencies: 5180 5200 5220 5240 5745 5765 5785 5805 5825
07-29 19:16:07.273  2775  2775 I wificond: 5Ghz DFS frequencies: 5260 5280 5300 5320 5500 5520 5540 5560 5580 5600 5620 5640 5660 5680 5700
07-29 19:16:07.273  2775  2775 I wificond: 6Ghz frequencies:
07-29 19:16:07.273  2775  2775 I wificond: 60Ghz frequencies:
07-29 19:16:07.273  5133  6211 D IWlanJni: new aidl event arrived
07-29 19:16:07.273  5133  6211 D IWlanJni: handleEvent 10
07-29 19:16:07.273  5133  6211 D IWlanJni: isThreadAttached start
07-29 19:16:07.273  5133  6211 D IWlanJni: jni detached
07-29 19:16:07.273  5133  6211 D IWlanJni: jni attached
07-29 19:16:07.273  5133  6211 D IWlanJni: getDataRegistrationStateResponse start
07-29 19:16:07.273  5133  6211 D IWlanJni: getJavaCallbackClass start
07-29 19:16:07.273  5133  6211 D IWlanJni: getJavaCallbackClass End midIs[1]
07-29 19:16:07.274  5133  6211 I IWlanAidlClient: getDataRegistrationStateResponse called
07-29 19:16:07.274  5133  6213 W IWlanNetworkService: 6 > Response Processed
07-29 19:16:07.274  5133  6210 W IWlanNetworkService: 7 > Response Processed
07-29 19:16:07.274  3245  3245 D OplusWifiBroadCastDispatcher: mBroadcastReceiver: onReceiver  action=android.net.wifi.action.WIFI_SCAN_AVAILABILITY_CHANGED
07-29 19:16:07.274  7023  7023 I OsAgent : onReceive: android.net.wifi.action.WIFI_SCAN_AVAILABILITY_CHANGED
07-29 19:16:07.275  3245  4622 D OplusWifiPower_ConnLpmEventObsever: onReceive EXTRA_SCAN_AVAILABLE availabe = true
07-29 19:16:07.275  3245  4622 D OplusWifiPowerService: onReceive action:android.net.wifi.action.WIFI_SCAN_AVAILABILITY_CHANGED
07-29 19:16:07.275  3245  4622 D OplusWifiSwitchStateMonitor: scan settings change to true
07-29 19:16:07.275  7023  7975 I OsAgent : updateWiFiScanAvailState, scanAvailable: true
07-29 19:16:07.276  1820  3707 E LOCRIL_SESSION: operator():200] SubId: 1 Failed to get sim IO with error: 11
07-29 19:16:07.277  4921  4921 D OplusTelephonyController: onSignalStrengthChanged: SignalStrength=SignalStrength:{mCdma=CellSignalStrengthCdma: cdmaDbm=2147483647 cdmaEcio=2147483647 evdoDbm=2147483647 evdoEcio=2147483647 evdoSnr=2147483647 level=0,mGsm=CellSignalStrengthGsm: rssi=2147483647 ber=2147483647 mTa=2147483647 mLevel=0,mWcdma=CellSignalStrengthWcdma: ss=2147483647 ber=2147483647 rscp=2147483647 ecno=2147483647 level=0,mTdscdma=CellSignalStrengthTdscdma: rssi=2147483647 ber=2147483647 rscp=2147483647 level=0,mLte=CellSignalStrengthLte: rssi=2147483647 rsrp=2147483647 rsrq=2147483647 rssnr=2147483647 cqiTableIndex=2147483647 cqi=2147483647 ta=2147483647 level=0 parametersUseForLevel=0,mNr=CellSignalStrengthNr:{ csiRsrp = 2147483647 csiRsrq = 2147483647 csiCqiTableIndex = 2147483647 csiCqiReport = [] ssRsrp = 2147483647 ssRsrq = 2147483647 ssSinr = 2147483647 level = 0 parametersUseForLevel = 0 timingAdvance = 2147483647 },primary=CellSignalStrengthLte}
07-29 19:16:07.277  3245  5796 I OplusBinderProxy: pb uid: 10215 pid: 10924 desc: com.android.internal.telephony.IPhoneStateListener/10
07-29 19:16:07.277  5005  5044 D SaDataService: onTelephonyEventReport , subId= 0,slotId=-1 eventId=6030
07-29 19:16:07.277  5005  5044 D TelephonyImpl: notify eventId:6030 for list size:2
07-29 19:16:07.277  5176  5176 D SubsysEventListenerManager-SubsysTelephonyCallback[0]: onSignalStrengthsChanged
07-29 19:16:07.278  5176  5214 D VendorTelephonyService: onTelephonyEventReport slotId =0 eventId=6030
07-29 19:16:07.278  5176  5214 D VendorTelephonyService: onTelephonyEventReport slotId =0 eventId=6030
07-29 19:16:07.278  5176  5176 D VendorCallService: notityEventUpdate, eventId:6030, slotId = 0
07-29 19:16:07.278  5133  6202 D IWlanJni: getDataRegistrationState start
07-29 19:16:07.278  5133  6214 D IWlanJni: new aidl event arrived
07-29 19:16:07.278  5133  6214 D IWlanJni: handleEvent 10
07-29 19:16:07.278  5133  6214 D IWlanJni: isThreadAttached start
07-29 19:16:07.278  5133  6214 D IWlanJni: jni detached
07-29 19:16:07.278  5133  6214 D IWlanJni: jni attached
07-29 19:16:07.278  5133  6214 D IWlanJni: getDataRegistrationStateResponse start
07-29 19:16:07.278  5133  6214 D IWlanJni: getJavaCallbackClass start
07-29 19:16:07.278  5133  6214 D IWlanJni: getJavaCallbackClass End midIs[1]
07-29 19:16:07.278  5133  6214 I IWlanAidlClient: getDataRegistrationStateResponse called
07-29 19:16:07.279  5133  6213 W IWlanNetworkService: 8 > Response Processed
07-29 19:16:07.279  5133  6202 D IWlanJni: getDataRegistrationState start
07-29 19:16:07.281  5133  6211 D IWlanJni: new aidl event arrived
07-29 19:16:07.281  5133  6211 D IWlanJni: handleEvent 10
07-29 19:16:07.281  5133  6211 D IWlanJni: isThreadAttached start
07-29 19:16:07.281  5133  6211 D IWlanJni: jni detached
07-29 19:16:07.281  5133  6211 D IWlanJni: jni attached
07-29 19:16:07.281  5133  6211 D IWlanJni: getDataRegistrationStateResponse start
07-29 19:16:07.281  5133  6211 D IWlanJni: getJavaCallbackClass start
07-29 19:16:07.281  5133  6211 D IWlanJni: getJavaCallbackClass End midIs[1]
07-29 19:16:07.281  5133  6211 I IWlanAidlClient: getDataRegistrationStateResponse called
07-29 19:16:07.281  5133  6210 W IWlanNetworkService: 9 > Response Processed
07-29 19:16:07.282  1820  3705 W LOCRIL_SESSION: operator():307] cellInfo list size is 0, Voice state: 3, data state: 3
07-29 19:16:07.283  4986  5161 D QtiOemHookAidl: oemHookRawIndication length=24
07-29 19:16:07.283  4986  4986 D QcrilMsgTunnelIfaceManager: handleMessage what = 0
07-29 19:16:07.283  4986  5161 D QtiOemHookAidl: oemHookRawIndication length=24
07-29 19:16:07.283  4986  4986 D QcrilMsgTunnelIfaceManager: handleMessage what = 0
07-29 19:16:07.284  1820  3707 E LOCRIL_SESSION: operator():241] SubId: 1 Failed to get sim IMSI with error: 11
07-29 19:16:07.284  4986  4986 D QC_RIL_OEM_HOOK: Received Broadcast Intent ACTION_UNSOL_RESPONSE_OEM_HOOK_RAW
07-29 19:16:07.284  4986  4986 D QC_RIL_OEM_HOOK: Received Broadcast Intent ACTION_UNSOL_RESPONSE_OEM_HOOK_RAW
07-29 19:16:07.284  4921  4921 D QC_RIL_OEM_HOOK: Received Broadcast Intent ACTION_UNSOL_RESPONSE_OEM_HOOK_RAW
07-29 19:16:07.285  3245  4232 W BestClock: java.time.DateTimeException: Missing network time fix
07-29 19:16:07.285  1820  3707 E LOCRIL_SESSION: operator():200] SubId: 1 Failed to get sim IO with error: 11
07-29 19:16:07.285  4921  4921 D QC_RIL_OEM_HOOK: Received Broadcast Intent ACTION_UNSOL_RESPONSE_OEM_HOOK_RAW
07-29 19:16:07.285  4921  4921 D QC_RIL_OEM_HOOK: Received Broadcast Intent ACTION_UNSOL_RESPONSE_OEM_HOOK_RAW
07-29 19:16:07.285  4921  4921 D QC_RIL_OEM_HOOK: Received Broadcast Intent ACTION_UNSOL_RESPONSE_OEM_HOOK_RAW
07-29 19:16:07.285  4921  4921 D QC_RIL_OEM_HOOK: Received Broadcast Intent ACTION_UNSOL_RESPONSE_OEM_HOOK_RAW
07-29 19:16:07.285  4921  4921 D QC_RIL_OEM_HOOK: Received Broadcast Intent ACTION_UNSOL_RESPONSE_OEM_HOOK_RAW
07-29 19:16:07.285  5091  6044 I QImsService: ImsRadioIndicationAidl : onRadioStateChanged()[SUB0]
07-29 19:16:07.285  5091  6044 I QImsService: ImsSenderRxr : [UNSL]< UNSOL_RADIO_STATE_CHANGED RADIO_ON[SUB0]
07-29 19:16:07.286  1836  4470 I sensors-hal: handle_oplus_wise_rgb_event:189, high_pwm_light:lux 281.8,cct 3635.3,brl/algo/ir 1448.0/2.0/16.5,pwm/dc 0.0/0.0,rgbc 21718.671875/13660.981445/6283.809082/40306.414062,ts 59003684786,cnt 830,flag 160
07-29 19:16:07.287  3245  5272 W BestClock: java.time.DateTimeException: Missing network time fix
07-29 19:16:07.287  1915  4460 I Dpps    : LtmSwState::SetParameter():144 ignore cmd 7 in state LtmOffState
07-29 19:16:07.287  5091  5381 I QImsService: ImsRadioIndicationAidl : onRadioStateChanged()[SUB1]
07-29 19:16:07.287  5091  5381 I QImsService: ImsSenderRxr : [UNSL]< UNSOL_RADIO_STATE_CHANGED RADIO_ON[SUB1]
07-29 19:16:07.287  4858  5776 V OplusCustomizeCacheManager: queryCache name: sys.cache.common_customize_cache18014 param: null
07-29 19:16:07.287  4858  5776 V OplusCustomizeCacheManager: queryCache name: sys.cache.common_customize_cache18017 param: Bundle[{SETTING=BLOCK, BUSINESS=NCT-DATA}]
07-29 19:16:07.287  4858  5776 V OplusCustomizeCacheManager: queryCache name: sys.cache.common_customize_cache18013 param: null
07-29 19:16:07.288  1990  1990 E PowerMonitorService: Failed to open /proc/horae_qmi (2): No such file or directory
07-29 19:16:07.288  1820  3707 E LOCRIL_SESSION: operator():241] SubId: 1 Failed to get sim IMSI with error: 11
07-29 19:16:07.289  4986  4986 D DeviceInfoAidlClient: onRadioPowerStateChanged
07-29 19:16:07.289  4986  4986 D DeviceInfoAidlClient: mRadioStateHdlr handleMessage()1
07-29 19:16:07.289  4986  4986 D DeviceInfoAidlClient: isRadioOn()=true
07-29 19:16:07.289  4986  4986 I DeviceInfoAidlClient: sendFeaturesSupported: power info support-true interactive state support-true
07-29 19:16:07.290  5176  5244 D VendorTelephonyService: onTelephonyEventReport slotId =0 eventId=6030
07-29 19:16:07.290  5176  5244 D VendorTelephonyService: onTelephonyEventReport slotId =0 eventId=6030
07-29 19:16:07.290  5005  6306 D SaDataService: onTelephonyEventReport , subId= 0,slotId=-1 eventId=6030
07-29 19:16:07.290  5005  6306 D TelephonyImpl: notify eventId:6030 for list size:2
07-29 19:16:07.290  5176  5176 D VendorCallService: notityEventUpdate, eventId:6030, slotId = 0
07-29 19:16:07.291  5133  6202 D IWlanJni: getDataRegistrationState start
07-29 19:16:07.291  1820  3707 E LOCRIL_SESSION: operator():200] SubId: 1 Failed to get sim IO with error: 11
07-29 19:16:07.291  4986  4986 D DeviceStatisticsService: onReceive: action= org.codeaurora.intent.action.RADIO_POWER_STATE
07-29 19:16:07.291  4986  4986 I DeviceStatisticsService: Receiving radio_power_state_changed, mIsDeviceInfoInitialized = true
07-29 19:16:07.291  4986  4986 I DeviceStatisticsService: radio power state changed to 1 for slot: 0
07-29 19:16:07.291  4986  4986 D DeviceInfoAidlClient: isRadioOn()=true
07-29 19:16:07.291  5176  5176 D SubsysEventListenerManager-SubsysTelephonyCallback[0]: onRadioPowerStateChanged state:1
07-29 19:16:07.291  4986  4986 I DeviceInfoAidlClient: sendFeaturesSupported: power info support-true interactive state support-true
07-29 19:16:07.292  1820  3707 E LOCRIL_SESSION: operator():241] SubId: 1 Failed to get sim IMSI with error: 11
07-29 19:16:07.292  5133  6211 D IWlanJni: new aidl event arrived
07-29 19:16:07.292  5133  6211 D IWlanJni: handleEvent 10
07-29 19:16:07.292  5133  6211 D IWlanJni: isThreadAttached start
07-29 19:16:07.292  5133  6211 D IWlanJni: jni detached
07-29 19:16:07.292  5133  6211 D IWlanJni: jni attached
07-29 19:16:07.292  5133  6211 D IWlanJni: getDataRegistrationStateResponse start
07-29 19:16:07.292  5133  6211 D IWlanJni: getJavaCallbackClass start
07-29 19:16:07.292  5133  6211 D IWlanJni: getJavaCallbackClass End midIs[1]
07-29 19:16:07.292  5133  6211 I IWlanAidlClient: getDataRegistrationStateResponse called
07-29 19:16:07.292  5133  6210 W IWlanNetworkService: 10 > Response Processed
