07-28 19:20:59.815  3374  4665 E FBProcessManager: unknown window type: -1
07-28 19:20:59.815  3374  5832 D Theia.NoFocusWindow: FocusWindowErrorScene cancelCheckFreezeScreen
07-28 19:20:59.815  3374  5832 W TheiaWindowMonitor: [check] focusedWindow is null or enable is false
07-28 19:20:59.816  4855  5771 V OplusCustomizeCacheManager: queryCache name: sys.cache.common_customize_cache11010 param: null
07-28 19:20:59.816  4855  4855 W SystemUi--Common: SubsetBitmapDrawable-->[isValid] innerBitmap?.isRecycled=null
07-28 19:20:59.816  4855  4855 I SystemUi--Statusbar: BatteryViewBinder-->create drawable: com.oplus.systemui.statusbar.pipeline.battery.ui.drawable.HorizontalBatteryContentDrawable@63636aa iconStyle:BatteryIconStyle(iconStyle=1, oldStylePercentIn=false, densityDpi=480, scaleFactor=1.0, themeId=0, isThemeModeColor=false, frameColorMode=0, isPercentOutBgMode=false, isPercentOutPbMode=false, batteryOutChargeBgMode=0)
07-28 19:20:59.817  1919  1919 I SnapAlloc: Using graphics libs for alignment calculations
07-28 19:20:59.818  1919  1919 I SnapAlloc: Using graphics libs for alignment calculations
07-28 19:20:59.818  4855  4855 I SystemUi--Statusbar: BatteryViewBinder-->create drawable: com.oplus.systemui.statusbar.pipeline.battery.ui.drawable.HorizontalBatteryContentDrawable@a7af102 iconStyle:BatteryIconStyle(iconStyle=1, oldStylePercentIn=false, densityDpi=480, scaleFactor=1.0, themeId=0, isThemeModeColor=false, frameColorMode=0, isPercentOutBgMode=false, isPercentOutPbMode=false, batteryOutChargeBgMode=0)
07-28 19:20:59.819  1919  1919 I SnapAlloc: Using graphics libs for alignment calculations
07-28 19:20:59.820  4855  4855 W SystemUi--Common: SubsetBitmapDrawable-->[isValid] innerBitmap?.isRecycled=null
07-28 19:20:59.820  4855  4855 I SystemUi--Statusbar: BatteryViewBinder-->create drawable: com.oplus.systemui.statusbar.pipeline.battery.ui.drawable.HorizontalBatteryContentDrawable@8784d6 iconStyle:BatteryIconStyle(iconStyle=1, oldStylePercentIn=false, densityDpi=480, scaleFactor=1.0, themeId=0, isThemeModeColor=false, frameColorMode=0, isPercentOutBgMode=false, isPercentOutPbMode=false, batteryOutChargeBgMode=0)
07-28 19:20:59.821  2153  2153 D OplusInfoMonitor: setListenerReport: reportInfo:
07-28 19:20:59.821  3374  3598 D SurfaceComposerClient: Transaction::apply InputWindowCommands.focusRequests timestamp=58535093518, windowName=5def291 NotificationShade
07-28 19:20:59.822  4855  5978 D Util    : isPkgInstalled_isPkgInstalled = false
07-28 19:20:59.823  4855  5978 D Util    : isPkgInstalled_isPkgInstalled = true
07-28 19:20:59.823  4855  4855 I SystemUi--Statusbar: BatteryViewBinder-->create drawable: com.oplus.systemui.statusbar.pipeline.battery.ui.drawable.HorizontalBatteryContentDrawable@280a86b iconStyle:BatteryIconStyle(iconStyle=1, oldStylePercentIn=false, densityDpi=480, scaleFactor=1.0, themeId=0, isThemeModeColor=false, frameColorMode=0, isPercentOutBgMode=false, isPercentOutPbMode=false, batteryOutChargeBgMode=0)
07-28 19:20:59.823  4855  4855 D JankUtils: gfxSceneBegin; scene: 7; sceneDes: QS PULL
07-28 19:20:59.824  4855  4855 I SystemUi--Keyguard: ScrimControllerExImp-->blur State to UNLOCK, bouncer=false changeFromBouncerScrim= false runnerUnlock= false goingAway=false hasHandle=true isOccludeAnimationPlaying=false
07-28 19:20:59.824  4855  4855 I SystemUi--Keyguard: ScrimControllerExImp-->blur State to UNLOCK, bouncer=false changeFromBouncerScrim= false runnerUnlock= false goingAway=false hasHandle=true isOccludeAnimationPlaying=false
07-28 19:20:59.824  4855  4855 I SystemUi--QuickSettings: QSPanelAnimatorManager-->showSecondElement
07-28 19:20:59.828  4855  4855 I SystemUi--Keyguard: ScrimControllerExImp-->blur State to UNLOCK, bouncer=false changeFromBouncerScrim= false runnerUnlock= false goingAway=false hasHandle=true isOccludeAnimationPlaying=false
07-28 19:20:59.828  3374  3535 I InputDispatcher: injectInputEvent: targetUid=<not set>, syncMode=WAIT_FOR_FINISHED, timeout=30000ms, policyFlags=0x8000000, event=MotionEvent { action=MOVE, id[0]=0, x[0]=900, y[0]=837.7, eventTime=58547000000, downTime=58424000000, deviceId=4, source=TOUCHSCREEN, displayId=0, eventId=0xfb305652}
07-28 19:20:59.829  4855  4855 I SystemUi--Keyguard: ScrimControllerExImp-->blur State to UNLOCK, bouncer=false changeFromBouncerScrim= false runnerUnlock= false goingAway=false hasHandle=true isOccludeAnimationPlaying=false
07-28 19:20:59.829  2153  2353 D SurfaceFlinger: captureLayers from pid 5391 uid -333
07-28 19:20:59.831  2153  2936 D SurfaceFlinger: updateWinowInfo=1, setFocusedWindow timestamp=58535093518, windowName=5def291 NotificationShade
07-28 19:20:59.831  3374  5217 I InputDispatcher: NFW_setFocusedWindow, 5def291 NotificationShade on display 0, same as the previous:0
07-28 19:20:59.831  3374  5217 I InputDispatcher: updateFocusedWindow,  on display 0, reason: Waiting for window because NOT_FOCUSABLE, result:   FocusedWindows: <none>
07-28 19:20:59.832  3374  5831 I InputDispatcher: updateFocusedWindow, 5def291 NotificationShade on display 0, reason: Window became focusable. Previous reason: NOT_FOCUSABLE, result:   FocusedWindows:
07-28 19:20:59.832  3374  5831 I InputDispatcher:     displayId=0, name='5def291 NotificationShade'
07-28 19:20:59.832  4855  4855 D VRI[NotificationShade]: onFocusEvent true
07-28 19:20:59.832  5244  5244 D VRI[Launcher]: onFocusEvent false
07-28 19:20:59.833  4855  4855 I SystemUi--Keyguard: OplusRepeatWhenAttachedUnlock-->updateState: view.windowVisibility: 0, keyguardShow: false, isInPreviewMode: false, view.hasWindowFocus(): true
07-28 19:20:59.833  4855  4855 I SystemUi--Keyguard: OplusRepeatWhenAttachedUnlock-->updateState: view.windowVisibility: 0, keyguardShow: false, isInPreviewMode: false, view.hasWindowFocus(): true
07-28 19:20:59.833  4855  4855 I SystemUi--Keyguard: ScrimControllerExImp-->blur State to UNLOCK, bouncer=false changeFromBouncerScrim= false runnerUnlock= false goingAway=false hasHandle=true isOccludeAnimationPlaying=false
07-28 19:20:59.833  4855  4855 I SystemUi--Keyguard: ScrimControllerExImp-->blur State to UNLOCK, bouncer=false changeFromBouncerScrim= false runnerUnlock= false goingAway=false hasHandle=true isOccludeAnimationPlaying=false
07-28 19:20:59.833  1919  1919 I SnapAlloc: Using graphics libs for alignment calculations
07-28 19:20:59.833  4855  5500 W BlurApp_1.0.7-OPlusBlurDrawable: [updatePosition] multiple changes in frame 4, maybe attached to multiple views!
07-28 19:20:59.833  4855  5500 W BlurApp_1.0.7-OPlusBlurDrawable: [updatePosition] multiple changes in frame 4, maybe attached to multiple views!
07-28 19:20:59.833  4855  5500 W BlurApp_1.0.7-OPlusBlurDrawable: [updatePosition] multiple changes in frame 4, maybe attached to multiple views!
07-28 19:20:59.834  4855  5500 W BlurApp_1.0.7-OPlusBlurDrawable: [updatePosition] multiple changes in frame 4, maybe attached to multiple views!
07-28 19:20:59.834  4855  5500 W BlurApp_1.0.7-OPlusBlurDrawable: [updatePosition] multiple changes in frame 4, maybe attached to multiple views!
07-28 19:20:59.834  4855  5500 W BlurApp_1.0.7-OPlusBlurDrawable: [updatePosition] multiple changes in frame 4, maybe attached to multiple views!
07-28 19:20:59.834  4855  5500 W BlurApp_1.0.7-OPlusBlurDrawable: [updatePosition] multiple changes in frame 4, maybe attached to multiple views!
07-28 19:20:59.834  4855  5500 W BlurApp_1.0.7-OPlusBlurDrawable: [updatePosition] multiple changes in frame 4, maybe attached to multiple views!
07-28 19:20:59.834  4855  5500 W BlurApp_1.0.7-OPlusBlurDrawable: [updatePosition] multiple changes in frame 4, maybe attached to multiple views!
07-28 19:20:59.834  4855  5500 W BlurApp_1.0.7-OPlusBlurDrawable: [updatePosition] multiple changes in frame 4, maybe attached to multiple views!
07-28 19:20:59.834  4855  5500 W BlurApp_1.0.7-OPlusBlurDrawable: [updatePosition] multiple changes in frame 4, maybe attached to multiple views!
07-28 19:20:59.834  4855  5500 W BlurApp_1.0.7-OPlusBlurDrawable: [updatePosition] multiple changes in frame 4, maybe attached to multiple views!
07-28 19:20:59.834  4855  5500 W BlurApp_1.0.7-OPlusBlurDrawable: [updatePosition] multiple changes in frame 4, maybe attached to multiple views!
07-28 19:20:59.834  4855  5500 W BlurApp_1.0.7-OPlusBlurDrawable: [updatePosition] multiple changes in frame 4, maybe attached to multiple views!
07-28 19:20:59.834  4855  5500 W BlurApp_1.0.7-OPlusBlurDrawable: [updatePosition] multiple changes in frame 4, maybe attached to multiple views!
07-28 19:20:59.834  4855  5500 W BlurApp_1.0.7-OPlusBlurDrawable: [updatePosition] multiple changes in frame 4, maybe attached to multiple views!
07-28 19:20:59.841  3374  3535 I InputDispatcher: injectInputEvent: targetUid=<not set>, syncMode=WAIT_FOR_FINISHED, timeout=30000ms, policyFlags=0x8000000, event=MotionEvent { action=MOVE, id[0]=0, x[0]=900, y[0]=923.066, eventTime=58560000000, downTime=58424000000, deviceId=4, source=TOUCHSCREEN, displayId=0, eventId=0xfababe80}
07-28 19:20:59.841  4855  4855 I SystemUi--Keyguard: ScrimControllerExImp-->blur State to UNLOCK, bouncer=false changeFromBouncerScrim= false runnerUnlock= false goingAway=false hasHandle=true isOccludeAnimationPlaying=false
07-28 19:20:59.841  4855  4855 I SystemUi--Keyguard: ScrimControllerExImp-->blur State to UNLOCK, bouncer=false changeFromBouncerScrim= false runnerUnlock= false goingAway=false hasHandle=true isOccludeAnimationPlaying=false
07-28 19:20:59.850  4855  4855 I SystemUi--Keyguard: ScrimControllerExImp-->blur State to UNLOCK, bouncer=false changeFromBouncerScrim= false runnerUnlock= false goingAway=false hasHandle=true isOccludeAnimationPlaying=false
07-28 19:20:59.850  3374  3535 I InputDispatcher: injectInputEvent: targetUid=<not set>, syncMode=WAIT_FOR_FINISHED, timeout=30000ms, policyFlags=0x8000000, event=MotionEvent { action=MOVE, id[0]=0, x[0]=900, y[0]=975.6, eventTime=58568000000, downTime=58424000000, deviceId=4, source=TOUCHSCREEN, displayId=0, eventId=0xdf72ca0a}
07-28 19:20:59.850  1919  1919 I SnapAlloc: Using graphics libs for alignment calculations
07-28 19:20:59.850  4855  4855 I SystemUi--Keyguard: ScrimControllerExImp-->blur State to UNLOCK, bouncer=false changeFromBouncerScrim= false runnerUnlock= false goingAway=false hasHandle=true isOccludeAnimationPlaying=false
07-28 19:20:59.851  4855  5383 I SystemUi--Statusbar: PrivacyDotViewController-->processNextViewState: 
07-28 19:20:59.851  4855  5383 I SystemUi--Statusbar: PrivacyDotViewController-->resolveState ViewState(viewInitialized=true, systemPrivacyEventIsActive=false, shadeExpanded=true, needShow=false, portraitRect=Rect(0, 0 - 1080, 120), landscapeRect=Rect(120, 0 - 2376, 120), upsideDownRect=Rect(0, 0 - 1080, 120), seascapeRect=Rect(0, 0 - 2244, 120), layoutRtl=false, rotation=0, paddingTop=14, paddingBottom=15, cornerIndex=1, designatedCorner=android.widget.FrameLayout{47acc13 I.E...... ......ID 1032,0-1080,120 #7f0a09cd app:id/privacy_dot_top_right_container alpha=1.0 viewInfo = }, contentDescription=null, dotMargin=48)
07-28 19:20:59.856  3374  3788 D VRR [OPlusSAManager]: setSAConfig scene: VRR_90_120 modeId: 4 auto: true fakeFrame: true
07-28 19:20:59.856  3374  3788 D VRR [OPlusSAManager]: updateAutoMinfps with nits: 98.71327, mHistOK true, mAmbientOK true, mCctOK true, mIrOK true, mBrightnessOK true, isPkgOK true, SA min fps: 119
07-28 19:20:59.856  3374  3788 D VRR [OPlusSurfaceFlingerController]: setAutoMode enable: true fakeFrame: true fps: 119
07-28 19:20:59.856  2153  2383 I VRR-[OPlusAdfrUtil]: ADFR try set Auto mode with mode 1 fakeframe 1 min fps 119
07-28 19:20:59.856  2153  2383 D VRR-[OPlusRefreshRateSelector]: OSyncModes add size is 1.
07-28 19:20:59.856  2153  2383 I VRR-[OPlusRefreshRateSelector]: updateAutoMode success, display 0, mode 0, fakeframe 1, min fps: 1
07-28 19:20:59.856  2153  2866 D VRR-[OPlusRefreshRateSelector]: handleSetHWCOSync
07-28 19:20:59.856  2153  2866 D VRR-[OPlusRefreshRateSelector]: OSyncModes remaining size is 0.
07-28 19:20:59.856  2153  2866 D VRR-[OPlusRefreshRateSelector]: SetHWCOSync with 5CC08181
07-28 19:20:59.856  1921  4676 I SDM     : DisplayBuiltIn::SetQSyncMode: VRR + update qsync mode 0 minfps 00C08181
07-28 19:20:59.858  3374  3535 I InputDispatcher: injectInputEvent: targetUid=<not set>, syncMode=WAIT_FOR_FINISHED, timeout=30000ms, policyFlags=0x8000000, event=MotionEvent { action=MOVE, id[0]=0, x[0]=900, y[0]=1028.13, eventTime=58576000000, downTime=58424000000, deviceId=4, source=TOUCHSCREEN, displayId=0, eventId=0xdeffc259}
07-28 19:20:59.858  4855  4855 I SystemUi--Keyguard: ScrimControllerExImp-->blur State to UNLOCK, bouncer=false changeFromBouncerScrim= false runnerUnlock= false goingAway=false hasHandle=true isOccludeAnimationPlaying=false
07-28 19:20:59.859  4855  4855 I SystemUi--Keyguard: ScrimControllerExImp-->blur State to UNLOCK, bouncer=false changeFromBouncerScrim= false runnerUnlock= false goingAway=false hasHandle=true isOccludeAnimationPlaying=false
07-28 19:20:59.865  1921  2221 E SDM     : DRMConnector::Perform: Connector 67: Setting Qsync min fps 12616065
07-28 19:20:59.866  1919  1919 I SnapAlloc: Using graphics libs for alignment calculations
07-28 19:20:59.867  4855  4855 I SystemUi--Keyguard: ScrimControllerExImp-->blur State to UNLOCK, bouncer=false changeFromBouncerScrim= false runnerUnlock= false goingAway=false hasHandle=true isOccludeAnimationPlaying=false
07-28 19:20:59.867  4855  4855 I SystemUi--Keyguard: ScrimControllerExImp-->blur State to UNLOCK, bouncer=false changeFromBouncerScrim= false runnerUnlock= false goingAway=false hasHandle=true isOccludeAnimationPlaying=false
07-28 19:20:59.867  3374  3535 I InputDispatcher: injectInputEvent: targetUid=<not set>, syncMode=WAIT_FOR_FINISHED, timeout=30000ms, policyFlags=0x8000000, event=MotionEvent { action=MOVE, id[0]=0, x[0]=900, y[0]=1087.23, eventTime=58585000000, downTime=58424000000, deviceId=4, source=TOUCHSCREEN, displayId=0, eventId=0xe7e9dbae}
07-28 19:20:59.874  3374  3535 I InputDispatcher: injectInputEvent: targetUid=<not set>, syncMode=WAIT_FOR_FINISHED, timeout=30000ms, policyFlags=0x8000000, event=MotionEvent { action=MOVE, id[0]=0, x[0]=900, y[0]=1139.77, eventTime=58593000000, downTime=58424000000, deviceId=4, source=TOUCHSCREEN, displayId=0, eventId=0xfc9fcfc1}
07-28 19:20:59.874  4855  4855 I SystemUi--Keyguard: ScrimControllerExImp-->blur State to UNLOCK, bouncer=false changeFromBouncerScrim= false runnerUnlock= false goingAway=false hasHandle=true isOccludeAnimationPlaying=false
07-28 19:20:59.875  4855  4855 I SystemUi--Keyguard: ScrimControllerExImp-->blur State to UNLOCK, bouncer=false changeFromBouncerScrim= false runnerUnlock= false goingAway=false hasHandle=true isOccludeAnimationPlaying=false
07-28 19:20:59.882  1919  1919 I SnapAlloc: Using graphics libs for alignment calculations
07-28 19:20:59.883  4855  4855 I SystemUi--Keyguard: ScrimControllerExImp-->blur State to UNLOCK, bouncer=false changeFromBouncerScrim= false runnerUnlock= false goingAway=false hasHandle=true isOccludeAnimationPlaying=false
07-28 19:20:59.883  3374  3535 I InputDispatcher: injectInputEvent: targetUid=<not set>, syncMode=WAIT_FOR_FINISHED, timeout=30000ms, policyFlags=0x8000000, event=MotionEvent { action=MOVE, id[0]=0, x[0]=900, y[0]=1192.3, eventTime=58601000000, downTime=58424000000, deviceId=4, source=TOUCHSCREEN, displayId=0, eventId=0xe60269f8}
07-28 19:20:59.883  4855  4855 I SystemUi--Keyguard: ScrimControllerExImp-->blur State to UNLOCK, bouncer=false changeFromBouncerScrim= false runnerUnlock= false goingAway=false hasHandle=true isOccludeAnimationPlaying=false
07-28 19:20:59.891  3374  3535 I InputDispatcher: injectInputEvent: targetUid=<not set>, syncMode=WAIT_FOR_FINISHED, timeout=30000ms, policyFlags=0x8000000, event=MotionEvent { action=MOVE, id[0]=0, x[0]=900, y[0]=1244.83, eventTime=58609000000, downTime=58424000000, deviceId=4, source=TOUCHSCREEN, displayId=0, eventId=0xfb4eafa1}
07-28 19:20:59.891  4855  4855 I SystemUi--Keyguard: ScrimControllerExImp-->blur State to UNLOCK, bouncer=false changeFromBouncerScrim= false runnerUnlock= false goingAway=false hasHandle=true isOccludeAnimationPlaying=false
07-28 19:20:59.891  4855  4855 I SystemUi--Keyguard: ScrimControllerExImp-->blur State to UNLOCK, bouncer=false changeFromBouncerScrim= false runnerUnlock= false goingAway=false hasHandle=true isOccludeAnimationPlaying=false
07-28 19:20:59.899  1919  1919 I SnapAlloc: Using graphics libs for alignment calculations
07-28 19:20:59.899  4855  4855 I SystemUi--Keyguard: ScrimControllerExImp-->blur State to UNLOCK, bouncer=false changeFromBouncerScrim= false runnerUnlock= false goingAway=false hasHandle=true isOccludeAnimationPlaying=false
07-28 19:20:59.899  3374  3535 I InputDispatcher: injectInputEvent: targetUid=<not set>, syncMode=WAIT_FOR_FINISHED, timeout=30000ms, policyFlags=0x8000000, event=MotionEvent { action=MOVE, id[0]=0, x[0]=900, y[0]=1303.93, eventTime=58618000000, downTime=58424000000, deviceId=4, source=TOUCHSCREEN, displayId=0, eventId=0xfbbd577f}
07-28 19:20:59.900  4855  4855 I SystemUi--Keyguard: ScrimControllerExImp-->blur State to UNLOCK, bouncer=false changeFromBouncerScrim= false runnerUnlock= false goingAway=false hasHandle=true isOccludeAnimationPlaying=false
07-28 19:20:59.907  3374  3535 I InputDispatcher: injectInputEvent: targetUid=<not set>, syncMode=WAIT_FOR_FINISHED, timeout=30000ms, policyFlags=0x8000000, event=MotionEvent { action=MOVE, id[0]=0, x[0]=900, y[0]=1356.47, eventTime=58626000000, downTime=58424000000, deviceId=4, source=TOUCHSCREEN, displayId=0, eventId=0xdd9eead9}
07-28 19:20:59.907  4855  4855 I SystemUi--Keyguard: ScrimControllerExImp-->blur State to UNLOCK, bouncer=false changeFromBouncerScrim= false runnerUnlock= false goingAway=false hasHandle=true isOccludeAnimationPlaying=false
07-28 19:20:59.908  4855  4855 I SystemUi--Keyguard: ScrimControllerExImp-->blur State to UNLOCK, bouncer=false changeFromBouncerScrim= false runnerUnlock= false goingAway=false hasHandle=true isOccludeAnimationPlaying=false
07-28 19:20:59.910  4855  4855 I SystemUi--QuickSettings: QsLottieUtils-->getLottieAnimFile : qs/qs_location_lottie_active_sep_dual_light.json
07-28 19:20:59.913  4855  5500 D HWUI    : OplusRenderNodeAnimator end!
07-28 19:20:59.914  4855  5500 D HWUI    : OplusRenderNodeAnimator end!
07-28 19:20:59.914  4855  5500 D HWUI    : OplusRenderNodeAnimator end!
07-28 19:20:59.914  4855  5500 D HWUI    : OplusRenderNodeAnimator end!
07-28 19:20:59.914  4855  4855 I SystemUi--Statusbar: CollapsedStatusBarFragmentExImpl-->animateHiddenState onAnimationEnd v:com.oplus.systemui.statusbar.widget.EndSideContentLayout{976f76c V.E...... ........ 172,0-440,91 #7f0a0c16 app:id/status_bar_end_side_content alpha=1.0 viewInfo = }  v alpha:1.0 v render alpha:0.0 animateAlpha=0.0
07-28 19:20:59.914  4855  4855 I SystemUi--Statusbar: CollapsedStatusBarFragmentExImpl-->animateHiddenState onAnimationEnd v:com.android.keyguard.AlphaOptimizedLinearLayout{6edace V.E...... ........ 0,0-48,91 alpha=1.0 viewInfo = }  v alpha:1.0 v render alpha:0.0 animateAlpha=0.0
07-28 19:20:59.914  4855  4855 I SystemUi--Statusbar: CollapsedStatusBarFragmentExImpl-->animateHiddenState onAnimationEnd v:com.oplus.systemui.statusbar.seeding.CapsulePluginContainer{dd81fa9 V.E...... ........ 0,0-1080,120 #7f0a0b3b app:id/seeding_card_container alpha=1.0 viewInfo = }  v alpha:1.0 v render alpha:0.0 animateAlpha=0.0
07-28 19:20:59.914  4855  4855 I SystemUi--Statusbar: CollapsedStatusBarFragmentExImpl-->animateHiddenState onAnimationEnd v:com.oplus.systemui.statusbar.widget.StatClock{4cb425d V.ED..... ........ 0,0-130,91 #7f0a02b9 app:id/clock alpha=1.0 viewInfo = }  v alpha:1.0 v render alpha:0.0 animateAlpha=0.0
07-28 19:20:59.915  4855 13053 W LOG_Effective: Effective doesn't support layer effects. If you are using them for  fills, strokes, trim paths etc. then try adding them directly as contents  in your shape. Found: [Slider Control]
07-28 19:20:59.915  4855 13053 W LOG_Effective: Animation contains merge paths. Merge paths are only supported on KitKat+ and must be manually enabled by calling enableMergePathsForKitKatAndAbove().
07-28 19:20:59.916  1919  1919 I SnapAlloc: Using graphics libs for alignment calculations
07-28 19:20:59.916  4855  4855 I SystemUi--Keyguard: ScrimControllerExImp-->blur State to UNLOCK, bouncer=false changeFromBouncerScrim= false runnerUnlock= false goingAway=false hasHandle=true isOccludeAnimationPlaying=false
07-28 19:20:59.916  3374  3535 I InputDispatcher: injectInputEvent: targetUid=<not set>, syncMode=WAIT_FOR_FINISHED, timeout=30000ms, policyFlags=0x8000000, event=MotionEvent { action=MOVE, id[0]=0, x[0]=900, y[0]=1409, eventTime=58634000000, downTime=58424000000, deviceId=4, source=TOUCHSCREEN, displayId=0, eventId=0xc6b38099}
07-28 19:20:59.916  4855  4855 I SystemUi--Keyguard: ScrimControllerExImp-->blur State to UNLOCK, bouncer=false changeFromBouncerScrim= false runnerUnlock= false goingAway=false hasHandle=true isOccludeAnimationPlaying=false
07-28 19:20:59.917  3374  3768 D PowerManagerService: userActivityNoUpdateLocked: groupId=0, eventTime=58634, event=touch, flags=0x0, uid=1000
07-28 19:20:59.924  4855  4855 I SystemUi--QuickSettings: QsLottieUtils-->getLottieAnimFile : qs/qs_nfc_lottie_active_sep_dual_light.json
07-28 19:20:59.924  4855  4855 W LOG_Effective: Animation contains merge paths but they are disabled.
07-28 19:20:59.925  4855  4855 I SystemUi--Keyguard: ScrimControllerExImp-->blur State to UNLOCK, bouncer=false changeFromBouncerScrim= false runnerUnlock= false goingAway=false hasHandle=true isOccludeAnimationPlaying=false
07-28 19:20:59.925  3374  3535 I InputDispatcher: injectInputEvent: targetUid=<not set>, syncMode=WAIT_FOR_FINISHED, timeout=30000ms, policyFlags=0x8000000, event=MotionEvent { action=MOVE, id[0]=0, x[0]=900, y[0]=1474.67, eventTime=58644000000, downTime=58424000000, deviceId=4, source=TOUCHSCREEN, displayId=0, eventId=0xf9f95ac5}
07-28 19:20:59.926  4855  4855 I SystemUi--Keyguard: ScrimControllerExImp-->blur State to UNLOCK, bouncer=false changeFromBouncerScrim= false runnerUnlock= false goingAway=false hasHandle=true isOccludeAnimationPlaying=false
07-28 19:20:59.932  1919  1919 I SnapAlloc: Using graphics libs for alignment calculations
07-28 19:20:59.932  4855  4855 I SystemUi--Keyguard: ScrimControllerExImp-->blur State to UNLOCK, bouncer=false changeFromBouncerScrim= false runnerUnlock= false goingAway=false hasHandle=true isOccludeAnimationPlaying=false
07-28 19:20:59.932  3374  3535 I InputDispatcher: injectInputEvent: targetUid=<not set>, syncMode=WAIT_FOR_FINISHED, timeout=30000ms, policyFlags=0x8000000, event=MotionEvent { action=MOVE, id[0]=0, x[0]=900, y[0]=1520.63, eventTime=58651000000, downTime=58424000000, deviceId=4, source=TOUCHSCREEN, displayId=0, eventId=0xe107c6a0}
07-28 19:20:59.932  4855  4855 I SystemUi--Keyguard: ScrimControllerExImp-->blur State to UNLOCK, bouncer=false changeFromBouncerScrim= false runnerUnlock= false goingAway=false hasHandle=true isOccludeAnimationPlaying=false
07-28 19:20:59.940  3374  3535 I InputDispatcher: injectInputEvent: targetUid=<not set>, syncMode=WAIT_FOR_FINISHED, timeout=30000ms, policyFlags=0x8000000, event=MotionEvent { action=MOVE, id[0]=0, x[0]=900, y[0]=1573.17, eventTime=58659000000, downTime=58424000000, deviceId=4, source=TOUCHSCREEN, displayId=0, eventId=0xf3b385df}
07-28 19:20:59.940  4855  4855 I SystemUi--Keyguard: ScrimControllerExImp-->blur State to UNLOCK, bouncer=false changeFromBouncerScrim= false runnerUnlock= false goingAway=false hasHandle=true isOccludeAnimationPlaying=false
07-28 19:20:59.941  4855  4855 I SystemUi--Keyguard: ScrimControllerExImp-->blur State to UNLOCK, bouncer=false changeFromBouncerScrim= false runnerUnlock= false goingAway=false hasHandle=true isOccludeAnimationPlaying=false
07-28 19:20:59.949  1919  1919 I SnapAlloc: Using graphics libs for alignment calculations
07-28 19:20:59.949  4855  4855 I SystemUi--Keyguard: ScrimControllerExImp-->blur State to UNLOCK, bouncer=false changeFromBouncerScrim= false runnerUnlock= false goingAway=false hasHandle=true isOccludeAnimationPlaying=false
07-28 19:20:59.949  3374  3535 I InputDispatcher: injectInputEvent: targetUid=<not set>, syncMode=WAIT_FOR_FINISHED, timeout=30000ms, policyFlags=0x8000000, event=MotionEvent { action=MOVE, id[0]=0, x[0]=900, y[0]=1625.7, eventTime=58667000000, downTime=58424000000, deviceId=4, source=TOUCHSCREEN, displayId=0, eventId=0xe907d2cc}
07-28 19:20:59.949  4855  4855 I SystemUi--Keyguard: ScrimControllerExImp-->blur State to UNLOCK, bouncer=false changeFromBouncerScrim= false runnerUnlock= false goingAway=false hasHandle=true isOccludeAnimationPlaying=false
07-28 19:20:59.955  1985  1985 D SensorFeature: name=ssc_screenshot_info ,index = 22
07-28 19:20:59.955  1985  1985 D SensorFeature: write 29 bytes:58665043779,58673377112,159,0
07-28 19:20:59.957  4855  4855 I SystemUi--Keyguard: ScrimControllerExImp-->blur State to UNLOCK, bouncer=false changeFromBouncerScrim= false runnerUnlock= false goingAway=false hasHandle=true isOccludeAnimationPlaying=false
07-28 19:20:59.957  3374  3535 I InputDispatcher: injectInputEvent: targetUid=<not set>, syncMode=WAIT_FOR_FINISHED, timeout=30000ms, policyFlags=0x8000000, event=MotionEvent { action=MOVE, id[0]=0, x[0]=900, y[0]=1684.8, eventTime=58676000000, downTime=58424000000, deviceId=4, source=TOUCHSCREEN, displayId=0, eventId=0xc34f36fc}
07-28 19:20:59.957  4855  4855 I SystemUi--Keyguard: ScrimControllerExImp-->blur State to UNLOCK, bouncer=false changeFromBouncerScrim= false runnerUnlock= false goingAway=false hasHandle=true isOccludeAnimationPlaying=false
07-28 19:20:59.965  1919  1919 I SnapAlloc: Using graphics libs for alignment calculations
07-28 19:20:59.965  4855  4855 I SystemUi--Keyguard: ScrimControllerExImp-->blur State to UNLOCK, bouncer=false changeFromBouncerScrim= false runnerUnlock= false goingAway=false hasHandle=true isOccludeAnimationPlaying=false
07-28 19:20:59.965  3374  3535 I InputDispatcher: injectInputEvent: targetUid=<not set>, syncMode=WAIT_FOR_FINISHED, timeout=30000ms, policyFlags=0x8000000, event=MotionEvent { action=MOVE, id[0]=0, x[0]=900, y[0]=1737.33, eventTime=58684000000, downTime=58424000000, deviceId=4, source=TOUCHSCREEN, displayId=0, eventId=0xf2bc5c10}
07-28 19:20:59.966  4855  4855 I SystemUi--Keyguard: ScrimControllerExImp-->blur State to UNLOCK, bouncer=false changeFromBouncerScrim= false runnerUnlock= false goingAway=false hasHandle=true isOccludeAnimationPlaying=false
07-28 19:20:59.974  3374  3535 I InputDispatcher: injectInputEvent: targetUid=<not set>, syncMode=WAIT_FOR_FINISHED, timeout=30000ms, policyFlags=0x8000000, event=MotionEvent { action=MOVE, id[0]=0, x[0]=900, y[0]=1789.87, eventTime=58692000000, downTime=58424000000, deviceId=4, source=TOUCHSCREEN, displayId=0, eventId=0xc4cf1007}
07-28 19:20:59.974  4855  4855 I SystemUi--Keyguard: ScrimControllerExImp-->blur State to UNLOCK, bouncer=false changeFromBouncerScrim= false runnerUnlock= false goingAway=false hasHandle=true isOccludeAnimationPlaying=false
07-28 19:20:59.974  4855  4855 I SystemUi--Keyguard: ScrimControllerExImp-->blur State to UNLOCK, bouncer=false changeFromBouncerScrim= false runnerUnlock= false goingAway=false hasHandle=true isOccludeAnimationPlaying=false
07-28 19:20:59.982  1919  1919 I SnapAlloc: Using graphics libs for alignment calculations
07-28 19:20:59.982  4855  4855 I SystemUi--Keyguard: ScrimControllerExImp-->blur State to UNLOCK, bouncer=false changeFromBouncerScrim= false runnerUnlock= false goingAway=false hasHandle=true isOccludeAnimationPlaying=false
07-28 19:20:59.982  3374  3535 I InputDispatcher: injectInputEvent: targetUid=<not set>, syncMode=WAIT_FOR_FINISHED, timeout=30000ms, policyFlags=0x8000000, event=MotionEvent { action=MOVE, id[0]=0, x[0]=900, y[0]=1848.97, eventTime=58701000000, downTime=58424000000, deviceId=4, source=TOUCHSCREEN, displayId=0, eventId=0xef8c1643}
07-28 19:20:59.983  4855  4855 I SystemUi--Keyguard: ScrimControllerExImp-->blur State to UNLOCK, bouncer=false changeFromBouncerScrim= false runnerUnlock= false goingAway=false hasHandle=true isOccludeAnimationPlaying=false
07-28 19:20:59.991  3374  3535 I InputDispatcher: injectInputEvent: targetUid=<not set>, syncMode=WAIT_FOR_FINISHED, timeout=30000ms, policyFlags=0x8000000, event=MotionEvent { action=MOVE, id[0]=0, x[0]=900, y[0]=1901.5, eventTime=58709000000, downTime=58424000000, deviceId=4, source=TOUCHSCREEN, displayId=0, eventId=0xf048581b}
07-28 19:20:59.991  4855  4855 I SystemUi--Keyguard: ScrimControllerExImp-->blur State to UNLOCK, bouncer=false changeFromBouncerScrim= false runnerUnlock= false goingAway=false hasHandle=true isOccludeAnimationPlaying=false
07-28 19:20:59.991  4855  4855 I SystemUi--Keyguard: ScrimControllerExImp-->blur State to UNLOCK, bouncer=false changeFromBouncerScrim= false runnerUnlock= false goingAway=false hasHandle=true isOccludeAnimationPlaying=false
07-28 19:20:59.999  1919  1919 I SnapAlloc: Using graphics libs for alignment calculations
07-28 19:20:59.999  4855  4855 I SystemUi--Keyguard: ScrimControllerExImp-->blur State to UNLOCK, bouncer=false changeFromBouncerScrim= false runnerUnlock= false goingAway=false hasHandle=true isOccludeAnimationPlaying=false
07-28 19:20:59.999  3374  3535 I InputDispatcher: injectInputEvent: targetUid=<not set>, syncMode=WAIT_FOR_FINISHED, timeout=30000ms, policyFlags=0x8000000, event=MotionEvent { action=MOVE, id[0]=0, x[0]=900, y[0]=1960.6, eventTime=58718000000, downTime=58424000000, deviceId=4, source=TOUCHSCREEN, displayId=0, eventId=0xeb5369f2}
07-28 19:20:59.999  3374  4401 V AlarmManager: sending alarm Alarm{45f66b2 type 3 origWhen 58718 whenElapsed 58718 android} uid 1000 whenElapsed 58718 windowLength 0 maxWhenElapsed 58718 repeatInterval 0 action null component null tag TIME_TICK flags 0x9 procName system_server
07-28 19:21:00.000  4855  4855 I SystemUi--Keyguard: ScrimControllerExImp-->blur State to UNLOCK, bouncer=false changeFromBouncerScrim= false runnerUnlock= false goingAway=false hasHandle=true isOccludeAnimationPlaying=false
07-28 19:21:00.001  5159  5159 D SubsysBroadcastManager: onReceive action:android.intent.action.TIME_TICK
07-28 19:21:00.003  4855  4855 I SystemUi--SystemUi--: Clock-->smallTime: 19:21
07-28 19:21:00.003  4855  4855 I SystemUi--SystemUi--: Clock-->smallTime: 19:21
07-28 19:21:00.003  3374  4401 V AlarmManager: sending alarm Alarm{2cc7bb9 type 3 origWhen 58719 whenElapsed 58721 android} uid 1000 whenElapsed 58721 windowLength 0 maxWhenElapsed 58721 repeatInterval 0 action null component null tag TIME_TICK flags 0x9 procName system_server
07-28 19:21:00.005  3374  3769 D OplusDisplayBrightnessBroadcastReceiver: onReceive action = android.intent.action.TIME_TICK , listeners = [com.android.server.display.ambience.events.event.TimeEvent$TimeChangeReceiver@5c87dac, com.android.server.display.marvels.module.ORBrightnessMarvelsDataCollector$ScreenStateReceiver@36bc15a, com.android.server.display.oplus.eyeprotect.manager.AiCurveManager$RhythmBroadcastReceiverWithUpgradeUI@bb01a75]
07-28 19:21:00.005  5159  5159 D SubsysBroadcastManager: onReceive action:android.intent.action.TIME_TICK
07-28 19:21:00.006  3374  3769 D OplusDisplayBrightnessBroadcastReceiver: onReceive action = android.intent.action.TIME_TICK , listeners = [com.android.server.display.ambience.events.event.TimeEvent$TimeChangeReceiver@5c87dac, com.android.server.display.marvels.module.ORBrightnessMarvelsDataCollector$ScreenStateReceiver@36bc15a, com.android.server.display.oplus.eyeprotect.manager.AiCurveManager$RhythmBroadcastReceiverWithUpgradeUI@bb01a75]
07-28 19:21:00.007  7450  9125 D PhoneUsageTime: lastChargeTime=1753744818423 LastChargeDurationTime=9757249
07-28 19:21:00.007  3374  3535 I InputDispatcher: injectInputEvent: targetUid=<not set>, syncMode=WAIT_FOR_FINISHED, timeout=30000ms, policyFlags=0x8000000, event=MotionEvent { action=UP, id[0]=0, x[0]=900, y[0]=2000, eventTime=58726000000, downTime=58424000000, deviceId=4, source=TOUCHSCREEN, displayId=0, eventId=0xe6a5619a}
07-28 19:21:00.007  4855  4855 I SystemUi--Keyguard: ScrimControllerExImp-->blur State to UNLOCK, bouncer=false changeFromBouncerScrim= false runnerUnlock= false goingAway=false hasHandle=true isOccludeAnimationPlaying=false
07-28 19:21:00.008  3374  4823 D UAH-UahAdaptHelper: adaptSetNotification identity = OplusUAwareInputHelpersrc = 1000 , type 1 ,p1 = -1 ,p2 = -1 ,p3 = -1 ,p4 =
07-28 19:21:00.008  3374  4823 I [UAH_CLIENT]: uahRuleCtl, ruleId:1000, status:1
07-28 19:21:00.008  4855  4855 I SystemUi--Keyguard: ScrimControllerExImp-->blur State to UNLOCK, bouncer=false changeFromBouncerScrim= false runnerUnlock= false goingAway=false hasHandle=true isOccludeAnimationPlaying=false
07-28 19:21:00.008  3374  4823 I [UAH_CLIENT]: UahRelease, handle:38
07-28 19:21:00.008  3374  4423 D OplusViewDebugManager: OplusViewDebugManager Constructor android.view.debug.OplusViewDebugManager@915c898 [mHasViewDebugProperty true] [mHasMsgDebugProperty false] [DEBUG false] [EXTRAINFOENABLE false] [LIGHT_OS false]
07-28 19:21:00.008  3374  4823 I [UAH_CLIENT]: UahEventAcquire, cmdid:6, pkg:none, identity:OplusUAwareInputHelper
07-28 19:21:00.008  3374  4423 D OplusViewDebugManager: OplusViewDebugManager Constructor android.view.debug.OplusViewDebugManager@ef4e8f1 [mHasViewDebugProperty true] [mHasMsgDebugProperty false] [DEBUG false] [EXTRAINFOENABLE false] [LIGHT_OS false]
07-28 19:21:00.008  5244  5244 W RenderManager[u0]: coverDrawable = null
07-28 19:21:00.009  5244  5244 W RenderManager[u0]: coverDrawable = null
07-28 19:21:00.009  5244  5244 W RenderManager[u0]: coverDrawable = null
07-28 19:21:00.009  5244  5244 W RenderManager[u0]: coverDrawable = null
07-28 19:21:00.010  7450  9125 D PhoneScreenOnTime: lastScrOnTime=1753744818423, ScrOnDurationTime=9711389, StatsScrOnSeconds=0, newDuration=41584
07-28 19:21:00.011  3374  5831 W SettingsProvider: notifyForSettingsChange delay for last_charge_time, value: 1753744860009, delta: 4, lastNotifyTimestamp: 58725, minInterval: 10
07-28 19:21:00.011  7450  9126 D PhoneUsageTime: lastChargeTime=1753744860003 LastChargeDurationTime=9798829
07-28 19:21:00.011  3374  5831 W SettingsProvider: notifyForSettingsChange delay for last_charge_duration_time, value: 9798835, delta: 4, lastNotifyTimestamp: 58726, minInterval: 10
07-28 19:21:00.012  1938  1976 I [UAH_CLIENT]: UahPlatformResAcquire
07-28 19:21:00.012  1938  1976 I [UAH_CLIENT]: UahEventAcquire, cmdid:-3, pkg:1938 7126, identity:qcom-perfd
07-28 19:21:00.012  1938  1976 E PERFHAL-RESOURCEQS: PERFHAL-RESOURCEQS: AddAndApply() 130: Resource with major=18, minor=30 not supported
07-28 19:21:00.012  1938  1976 E PERFHAL-RESOURCEQS: PERFHAL-RESOURCEQS: AddAndApply() 130: Resource with major=18, minor=31 not supported
07-28 19:21:00.013  4855  4855 I SystemUi--Statusbar: OplusStatusBarWindowViewTouchExImpl-->onTouchEvent handled:false
07-28 19:21:00.014  4855  4855 I SystemUi--QuickSettings: OplusPanelViewPagerController-->reset
07-28 19:21:00.014  7450  9126 D PhoneScreenOnTime: lastScrOnTime=1753744860007, ScrOnDurationTime=9752973, StatsScrOnSeconds=0, newDuration=5
07-28 19:21:00.014  4855  4855 I SystemUi--QuickSettings: OplusPanelViewPagerController-->reset
07-28 19:21:00.014  4855  5978 I [UAH_CLIENT]: UahRelease, handle:37
07-28 19:21:00.014  3374  5832 W SettingsProvider: notifyForSettingsChange delay for last_scr_on_time, value: 1753744860012, delta: 4, lastNotifyTimestamp: 58729, minInterval: 10
07-28 19:21:00.014  4855  4855 I SystemUi--QuickSettings: OplusQSRootViewController-->endMotionEvent, expand: true, vel: 6566.732, vectorVel: 6566.732  isClosing=false panelClosedOnDown=true canSlideHToQSOnStatusBar=true
07-28 19:21:00.014  4855  4855 I SystemUi--QuickSettings: OplusQSRootViewController-->fling qs, expand: true, vel: 6566.732
07-28 19:21:00.014  4855  5978 I [UAH_CLIENT]: UahEventAcquire, cmdid:97, pkg:none, identity:OsenseHelperImpl
07-28 19:21:00.014  4855  4855 I SystemUi--QuickSettings: QSPanelExpandFraction-->animateExpanded, isExpanded=true, (0.9705576 -> 1.0), lastFinalPosition=1.0
07-28 19:21:00.014  4855  4855 I SystemUi--QuickSettings: QSPanelTranslationY-->animateExpandTranslationY, isExpanded=true, threshold=156.0
07-28 19:21:00.014  4855  4855 I SystemUi--QuickSettings: QSPanelAnimatorManager-->startRebound
07-28 19:21:00.014  3374  5831 W SettingsProvider: notifyForSettingsChange delay for last_charge_scr_on_duration_time, value: 9752978, delta: 3, lastNotifyTimestamp: 58730, minInterval: 10
07-28 19:21:00.014  4855  4855 I SystemUi--QuickSettings: OplusPanelViewPagerController-->notifySeparateQSEndMotionEvent currentNotifyFraction=0.0  fraction=0.9705576 notifyExpandedFraction=0.0 fractionListeners.size=0
07-28 19:21:00.014  4855  4855 I SystemUi--QuickSettings: OplusQSRootViewController-->resetTouch
07-28 19:21:00.014  4855  4855 D OplusViewDragTouchViewHelper: dispatchTouchView action = 1
07-28 19:21:00.014  4855  4855 D OplusViewDragTouchViewHelper: dispatchTouchView action = 1
07-28 19:21:00.014  4855  4855 D OplusViewDragTouchViewHelper: dispatchTouchView action = 1
07-28 19:21:00.015  4855  4855 I SystemUi--SystemUi--: Clock-->smallTime: 19:21
07-28 19:21:00.015  4855  4855 I SystemUi--SystemUi--: Clock-->smallTime: 19:21
07-28 19:21:00.015  1919  1919 I SnapAlloc: Using graphics libs for alignment calculations
07-28 19:21:00.015  4855  4855 I SystemUi--Keyguard: ScrimControllerExImp-->blur State to UNLOCK, bouncer=false changeFromBouncerScrim= false runnerUnlock= false goingAway=false hasHandle=true isOccludeAnimationPlaying=false
07-28 19:21:00.015  5244  5244 W RenderManager[u0]: coverDrawable = null
07-28 19:21:00.016  5244  5244 W RenderManager[u0]: coverDrawable = null
07-28 19:21:00.016  5244  5244 W RenderManager[u0]: coverDrawable = null
07-28 19:21:00.016  4855  4855 I SystemUi--Keyguard: ScrimControllerExImp-->blur State to UNLOCK, bouncer=false changeFromBouncerScrim= false runnerUnlock= false goingAway=false hasHandle=true isOccludeAnimationPlaying=false
07-28 19:21:00.016  5244  5244 W RenderManager[u0]: coverDrawable = null
07-28 19:21:00.020  2153  2153 D OplusInfoMonitor: setListenerReport: reportInfo:
07-28 19:21:00.020  2153  2353 D SurfaceFlinger: captureLayers from pid 5391 uid -333
07-28 19:21:00.023  4855  4855 I SystemUi--Keyguard: ScrimControllerExImp-->blur State to UNLOCK, bouncer=false changeFromBouncerScrim= false runnerUnlock= false goingAway=false hasHandle=true isOccludeAnimationPlaying=false
07-28 19:21:00.023  4855  4855 I SystemUi--Keyguard: ScrimControllerExImp-->blur State to UNLOCK, bouncer=false changeFromBouncerScrim= false runnerUnlock= false goingAway=false hasHandle=true isOccludeAnimationPlaying=false
07-28 19:21:00.028  2153  2153 D OplusInfoMonitor: setListenerReport: reportInfo:
07-28 19:21:00.031  4855  4855 I SystemUi--Keyguard: ScrimControllerExImp-->blur State to UNLOCK, bouncer=false changeFromBouncerScrim= false runnerUnlock= false goingAway=false hasHandle=true isOccludeAnimationPlaying=false
07-28 19:21:00.032  4855  4855 I SystemUi--Keyguard: ScrimControllerExImp-->blur State to UNLOCK, bouncer=false changeFromBouncerScrim= false runnerUnlock= false goingAway=false hasHandle=true isOccludeAnimationPlaying=false
07-28 19:21:00.032  1919  1919 I SnapAlloc: Using graphics libs for alignment calculations
07-28 19:21:00.037  2153  2353 D SurfaceFlinger: captureLayers from pid 5391 uid -333
07-28 19:21:00.040  4855  4855 I SystemUi--Keyguard: ScrimControllerExImp-->blur State to UNLOCK, bouncer=false changeFromBouncerScrim= false runnerUnlock= false goingAway=false hasHandle=true isOccludeAnimationPlaying=false
07-28 19:21:00.041  4855  4855 I SystemUi--Keyguard: ScrimControllerExImp-->blur State to UNLOCK, bouncer=false changeFromBouncerScrim= false runnerUnlock= false goingAway=false hasHandle=true isOccludeAnimationPlaying=false
07-28 19:21:00.048  4855  4855 I SystemUi--Keyguard: ScrimControllerExImp-->blur State to UNLOCK, bouncer=false changeFromBouncerScrim= false runnerUnlock= false goingAway=false hasHandle=true isOccludeAnimationPlaying=false
07-28 19:21:00.048  4855  4855 I SystemUi--Keyguard: ScrimControllerExImp-->blur State to UNLOCK, bouncer=false changeFromBouncerScrim= false runnerUnlock= false goingAway=false hasHandle=true isOccludeAnimationPlaying=false
07-28 19:21:00.049  1919  1919 I SnapAlloc: Using graphics libs for alignment calculations
07-28 19:21:00.056  4855  4855 I SystemUi--Keyguard: ScrimControllerExImp-->blur State to UNLOCK, bouncer=false changeFromBouncerScrim= false runnerUnlock= false goingAway=false hasHandle=true isOccludeAnimationPlaying=false
07-28 19:21:00.057  4855  4855 I SystemUi--Keyguard: ScrimControllerExImp-->blur State to UNLOCK, bouncer=false changeFromBouncerScrim= false runnerUnlock= false goingAway=false hasHandle=true isOccludeAnimationPlaying=false
07-28 19:21:00.060  2000  2032 D BatteryChargeControl: bcc get no support from charging protocol
07-28 19:21:00.065  1919  1919 I SnapAlloc: Using graphics libs for alignment calculations
07-28 19:21:00.068  4855  4855 I SystemUi--Keyguard: ScrimControllerExImp-->blur State to UNLOCK, bouncer=false changeFromBouncerScrim= false runnerUnlock= false goingAway=false hasHandle=true isOccludeAnimationPlaying=false
07-28 19:21:00.068  4855  4855 I SystemUi--Keyguard: ScrimControllerExImp-->blur State to UNLOCK, bouncer=false changeFromBouncerScrim= false runnerUnlock= false goingAway=false hasHandle=true isOccludeAnimationPlaying=false
07-28 19:21:00.073  4855  4855 I SystemUi--Keyguard: ScrimControllerExImp-->blur State to UNLOCK, bouncer=false changeFromBouncerScrim= false runnerUnlock= false goingAway=false hasHandle=true isOccludeAnimationPlaying=false
07-28 19:21:00.073  4855  4855 I SystemUi--Keyguard: ScrimControllerExImp-->blur State to UNLOCK, bouncer=false changeFromBouncerScrim= false runnerUnlock= false goingAway=false hasHandle=true isOccludeAnimationPlaying=false
07-28 19:21:00.081  4855  4855 I SystemUi--Keyguard: ScrimControllerExImp-->blur State to UNLOCK, bouncer=false changeFromBouncerScrim= false runnerUnlock= false goingAway=false hasHandle=true isOccludeAnimationPlaying=false
07-28 19:21:00.082  4855  4855 I SystemUi--Keyguard: ScrimControllerExImp-->blur State to UNLOCK, bouncer=false changeFromBouncerScrim= false runnerUnlock= false goingAway=false hasHandle=true isOccludeAnimationPlaying=false
07-28 19:21:00.082  1919  1919 I SnapAlloc: Using graphics libs for alignment calculations
07-28 19:21:00.088  2000  7255 D charge_time: type=sdp,reserve_soc=2,soc=54,ui_soc=57,current=192,avg=186,not_chg_cnt=0,stable_cnt=7,fcc=5724,fcc_ratio=94,delta=43,debug=0,region=16,ttf=23220(06:27:00),ui_ttf=17995(04:59:55)
07-28 19:21:00.092  4855  4855 I SystemUi--Keyguard: ScrimControllerExImp-->blur State to UNLOCK, bouncer=false changeFromBouncerScrim= false runnerUnlock= false goingAway=false hasHandle=true isOccludeAnimationPlaying=false
07-28 19:21:00.092  4855  4855 I SystemUi--Keyguard: ScrimControllerExImp-->blur State to UNLOCK, bouncer=false changeFromBouncerScrim= false runnerUnlock= false goingAway=false hasHandle=true isOccludeAnimationPlaying=false
07-28 19:21:00.098  4855  4855 I SystemUi--Keyguard: ScrimControllerExImp-->blur State to UNLOCK, bouncer=false changeFromBouncerScrim= false runnerUnlock= false goingAway=false hasHandle=true isOccludeAnimationPlaying=false
07-28 19:21:00.098  1919  1919 I SnapAlloc: Using graphics libs for alignment calculations
07-28 19:21:00.098  4855  4855 I SystemUi--Keyguard: ScrimControllerExImp-->blur State to UNLOCK, bouncer=false changeFromBouncerScrim= false runnerUnlock= false goingAway=false hasHandle=true isOccludeAnimationPlaying=false
07-28 19:21:00.106  4855  4855 I SystemUi--Keyguard: ScrimControllerExImp-->blur State to UNLOCK, bouncer=false changeFromBouncerScrim= false runnerUnlock= false goingAway=false hasHandle=true isOccludeAnimationPlaying=false
07-28 19:21:00.107  4855  4855 I SystemUi--Keyguard: ScrimControllerExImp-->blur State to UNLOCK, bouncer=false changeFromBouncerScrim= false runnerUnlock= false goingAway=false hasHandle=true isOccludeAnimationPlaying=false
07-28 19:21:00.115  1919  1919 I SnapAlloc: Using graphics libs for alignment calculations
07-28 19:21:00.115  4855  4855 I SystemUi--Keyguard: ScrimControllerExImp-->blur State to UNLOCK, bouncer=false changeFromBouncerScrim= false runnerUnlock= false goingAway=false hasHandle=true isOccludeAnimationPlaying=false
07-28 19:21:00.116  4855  4855 I SystemUi--Keyguard: ScrimControllerExImp-->blur State to UNLOCK, bouncer=false changeFromBouncerScrim= false runnerUnlock= false goingAway=false hasHandle=true isOccludeAnimationPlaying=false
07-28 19:21:00.123  4855  4855 I SystemUi--Keyguard: ScrimControllerExImp-->blur State to UNLOCK, bouncer=false changeFromBouncerScrim= false runnerUnlock= false goingAway=false hasHandle=true isOccludeAnimationPlaying=false
07-28 19:21:00.123  4855  4855 I SystemUi--Keyguard: ScrimControllerExImp-->blur State to UNLOCK, bouncer=false changeFromBouncerScrim= false runnerUnlock= false goingAway=false hasHandle=true isOccludeAnimationPlaying=false
07-28 19:21:00.131  4855  4855 I SystemUi--Keyguard: ScrimControllerExImp-->blur State to UNLOCK, bouncer=false changeFromBouncerScrim= false runnerUnlock= false goingAway=false hasHandle=true isOccludeAnimationPlaying=false
07-28 19:21:00.132  1919  1919 I SnapAlloc: Using graphics libs for alignment calculations
07-28 19:21:00.132  4855  4855 I SystemUi--Keyguard: ScrimControllerExImp-->blur State to UNLOCK, bouncer=false changeFromBouncerScrim= false runnerUnlock= false goingAway=false hasHandle=true isOccludeAnimationPlaying=false
07-28 19:21:00.140  4855  4855 I SystemUi--Keyguard: ScrimControllerExImp-->blur State to UNLOCK, bouncer=false changeFromBouncerScrim= false runnerUnlock= false goingAway=false hasHandle=true isOccludeAnimationPlaying=false
07-28 19:21:00.140  4855  4855 I SystemUi--Keyguard: ScrimControllerExImp-->blur State to UNLOCK, bouncer=false changeFromBouncerScrim= false runnerUnlock= false goingAway=false hasHandle=true isOccludeAnimationPlaying=false
07-28 19:21:00.148  4855  4855 I SystemUi--Keyguard: ScrimControllerExImp-->blur State to UNLOCK, bouncer=false changeFromBouncerScrim= false runnerUnlock= false goingAway=false hasHandle=true isOccludeAnimationPlaying=false
07-28 19:21:00.148  1919  1919 I SnapAlloc: Using graphics libs for alignment calculations
07-28 19:21:00.148  4855  4855 I SystemUi--Keyguard: ScrimControllerExImp-->blur State to UNLOCK, bouncer=false changeFromBouncerScrim= false runnerUnlock= false goingAway=false hasHandle=true isOccludeAnimationPlaying=false
07-28 19:21:00.156  4855  4855 I SystemUi--Keyguard: ScrimControllerExImp-->blur State to UNLOCK, bouncer=false changeFromBouncerScrim= false runnerUnlock= false goingAway=false hasHandle=true isOccludeAnimationPlaying=false
07-28 19:21:00.157  4855  4855 I SystemUi--Keyguard: ScrimControllerExImp-->blur State to UNLOCK, bouncer=false changeFromBouncerScrim= false runnerUnlock= false goingAway=false hasHandle=true isOccludeAnimationPlaying=false
07-28 19:21:00.164  4855  4855 I SystemUi--Keyguard: ScrimControllerExImp-->blur State to UNLOCK, bouncer=false changeFromBouncerScrim= false runnerUnlock= false goingAway=false hasHandle=true isOccludeAnimationPlaying=false
07-28 19:21:00.165  1919  1919 I SnapAlloc: Using graphics libs for alignment calculations
07-28 19:21:00.165  4855  4855 I SystemUi--Keyguard: ScrimControllerExImp-->blur State to UNLOCK, bouncer=false changeFromBouncerScrim= false runnerUnlock= false goingAway=false hasHandle=true isOccludeAnimationPlaying=false
07-28 19:21:00.173  4855  4855 I SystemUi--Keyguard: ScrimControllerExImp-->blur State to UNLOCK, bouncer=false changeFromBouncerScrim= false runnerUnlock= false goingAway=false hasHandle=true isOccludeAnimationPlaying=false
07-28 19:21:00.173  4855  4855 I SystemUi--Keyguard: ScrimControllerExImp-->blur State to UNLOCK, bouncer=false changeFromBouncerScrim= false runnerUnlock= false goingAway=false hasHandle=true isOccludeAnimationPlaying=false
07-28 19:21:00.181  4855  4855 I SystemUi--Keyguard: ScrimControllerExImp-->blur State to UNLOCK, bouncer=false changeFromBouncerScrim= false runnerUnlock= false goingAway=false hasHandle=true isOccludeAnimationPlaying=false
07-28 19:21:00.181  1919  1919 I SnapAlloc: Using graphics libs for alignment calculations
07-28 19:21:00.182  4855  4855 I SystemUi--Keyguard: ScrimControllerExImp-->blur State to UNLOCK, bouncer=false changeFromBouncerScrim= false runnerUnlock= false goingAway=false hasHandle=true isOccludeAnimationPlaying=false
07-28 19:21:00.189  4855  4855 I SystemUi--Keyguard: ScrimControllerExImp-->blur State to UNLOCK, bouncer=false changeFromBouncerScrim= false runnerUnlock= false goingAway=false hasHandle=true isOccludeAnimationPlaying=false
07-28 19:21:00.190  4855  4855 I SystemUi--Keyguard: ScrimControllerExImp-->blur State to UNLOCK, bouncer=false changeFromBouncerScrim= false runnerUnlock= false goingAway=false hasHandle=true isOccludeAnimationPlaying=false
07-28 19:21:00.198  4855  4855 I SystemUi--Keyguard: ScrimControllerExImp-->blur State to UNLOCK, bouncer=false changeFromBouncerScrim= false runnerUnlock= false goingAway=false hasHandle=true isOccludeAnimationPlaying=false
07-28 19:21:00.198  1919  1919 I SnapAlloc: Using graphics libs for alignment calculations
07-28 19:21:00.198  4855  4855 I SystemUi--Keyguard: ScrimControllerExImp-->blur State to UNLOCK, bouncer=false changeFromBouncerScrim= false runnerUnlock= false goingAway=false hasHandle=true isOccludeAnimationPlaying=false
07-28 19:21:00.206  4855  4855 I SystemUi--QuickSettings: TemporarilyInfoManager-->[setStarted] true
07-28 19:21:00.206  4855  4855 I SystemUi--QuickSettings: OplusQSRootViewController-->endClosing()
