07-29 07:53:15.371 13089 13089 D CompactWindowAppManager: initCompactApplicationInfo CompactMode: , NormalMode: 
07-29 07:53:15.372 13089 13089 D OplusScrollToTopManager: setIsInWhiteList false
07-29 07:53:15.372 13089 13089 D OplusViewDebugManager: OplusViewDebugManager Constructor android.view.debug.OplusViewDebugManager@945bc76 [mHasViewDebugProperty true] [mHasMsgDebugProperty false] [DEBUG false] [EXTRAINFOENABLE false] [LIGHT_OS false]
07-29 07:53:15.372  4847  5256 I SystemUi--QuickSettings: Tile.OplusCellularTile-->updateCarrierText: dialog not showing, ignore
07-29 07:53:15.372  4847  5256 D SimStateHelper: slot:0, lock state:Bundle[mParcelledData.dataSize=56]
07-29 07:53:15.372  4847  5256 D SimStateHelper: slot:1, lock state:Bundle[mParcelledData.dataSize=56]
07-29 07:53:15.372  4847  5256 D SimStateHelper: needDisableMenu: slot1State=-1; slot2State=-1
07-29 07:53:15.372  4847  5256 D SimStateHelper: needDisableMenu:false
07-29 07:53:15.372 13089 13089 D CompatChangeReporter: Compat change id reported: 242716250; UID 1000; state: ENABLED
07-29 07:53:15.373 13089 13089 W libc    : Access denied finding property "ro.odm.prev.product.name"
07-29 07:53:15.374 13089 13089 W ziparchive: Unable to open '/system_ext/framework/nfcvendorlib.dm': No such file or directory
07-29 07:53:15.374 13089 13089 W ziparchive: Unable to open '/system_ext/framework/nfcvendorlib.dm': No such file or directory
07-29 07:53:15.375 13089 13089 D nativeloader: Configuring clns-shared-7 for other apk /system_ext/framework/nfcvendorlib.jar. target_sdk_version=34, uses_libraries=ALL, library_path=/system_ext/priv-app/WirelessSettings/lib/arm64:/system_ext/priv-app/WirelessSettings/WirelessSettings.apk!/lib/arm64-v8a:/system/lib64:/system_ext/lib64, permitted_path=/data:/mnt/expand:/data/user_de/0/com.oplus.wirelesssettings:/system_ext/priv-app/WirelessSettings:/system/lib64:/system_ext/lib64
07-29 07:53:15.375 13089 13089 D nativeloader: Extending system_exposed_libraries: libbinauralrenderer_wrapper.qti.so:libhoaeffects.qti.so:libSloganJni.oplus.so:libsuperNight.oplus.so:libAPSClient-cmd-jni-extension.oplus.so:libsatellite_audio_jni.oplus.so:libortc_so.oplus.so:libsoundtouch.oplus.so:libsoundtouch_jni.oplus.so:libOplusStringJNI-extension.oplus.so:libsatellite_ostx_jni.oplus.so:libapssuspend-jni.oplus.so:libupdateprof.qti.so:libthermalclient.qti.so:libqape.qti.so:libqesdk_ndk_platform.qti.so:liblistenjni.qti.so
07-29 07:53:15.376 13089 13089 D ApplicationLoaders: Returning zygote-cached class loader: /system_ext/framework/androidx.window.extensions.jar
07-29 07:53:15.376 13089 13089 D ApplicationLoaders: Returning zygote-cached class loader: /system_ext/framework/androidx.window.sidecar.jar
07-29 07:53:15.378 13089 13089 D nativeloader: Configuring clns-shared-8 for other apk /system_ext/priv-app/WirelessSettings/WirelessSettings.apk. target_sdk_version=34, uses_libraries=, library_path=/system_ext/priv-app/WirelessSettings/lib/arm64:/system_ext/priv-app/WirelessSettings/WirelessSettings.apk!/lib/arm64-v8a:/system/lib64:/system_ext/lib64, permitted_path=/data:/mnt/expand:/data/user_de/0/com.oplus.wirelesssettings:/system_ext/priv-app/WirelessSettings:/system/lib64:/system_ext/lib64
07-29 07:53:15.378  4894  5956 D CellBroadcastConfigTracker-0: Failed to set cdma config
07-29 07:53:15.379  5911  5935 E CellBroadcastConfigService: fails to setCellBroadcastRanges, result = 2
07-29 07:53:15.381 13089 13089 V GraphicsEnvironment: Currently set values for:
07-29 07:53:15.381 13089 13089 V GraphicsEnvironment:   angle_gl_driver_selection_pkgs=[]
07-29 07:53:15.381 13089 13089 V GraphicsEnvironment:   angle_gl_driver_selection_values=[]
07-29 07:53:15.381 13089 13089 V GraphicsEnvironment: Global.Settings values are invalid: number of packages: 0, number of values: 0
07-29 07:53:15.382 13089 13089 D WS_OplusWirelessSettingsApp: onCreate, OplusWirelessSettingsApp
07-29 07:53:15.382 13089 13089 D LogUtils: initWirelessLog sIsQeAssert=false,sIsWifiOrBtLog=false
07-29 07:53:15.384  3430  4813 I ActivityManager: Flag disabled. Ignoring finishAttachApplication from uid: 1000. pid: 13089
07-29 07:53:15.384 13089 13089 E ANDR-PERF-CLIENT-SYS: death recipent object is fine
07-29 07:53:15.384 13089 13089 W ttings:tzupdate: AIBinder_linkToDeath is being called with a non-null cookie and no onUnlink callback set. This might not be intended. AIBinder_DeathRecipient_setOnUnlinked should be called first.
07-29 07:53:15.386  3430  4813 W OplusSelfProtectManager: pkg[com.oplus.wirelesssettings] not in policy list
07-29 07:53:15.389  3430  4813 D ActivityManager: Async freezing 13089 com.oplus.wirelesssettings:tzupdate
07-29 07:53:15.390  4700  9617 W SQLiteLog: (28) double-quoted string literal: "timezone_tzdata_v2_files"
07-29 07:53:15.450  3430  4362 D FusionLightNextGen: process end reported = 1, mode: 0, lux 495.9, cct -1.0, r/g/b/c: 20960.6/13237.6/6085.9/38966.3, R/G/B: 132.0/125.0/124.0, bri 1438.0, match 0.64, ir 0.017342, conf 0.0, ts 60128326922
07-29 07:53:15.452  1900  4422 I Dpps    : LtmSwState::SetParameter():144 ignore cmd 7 in state LtmOffState
07-29 07:53:15.462  4894  4894 V OplusCustomizeCacheManager: queryCache name: sys.cache.common_customize_cache18016 param: null
07-29 07:53:15.462  4894  4894 V OplusCustomizeCacheManager: queryCache name: sys.cache.common_customize_cache18013 param: null
07-29 07:53:15.462  4894  4894 V OplusCustomizeCacheManager: queryCache name: sys.cache.common_customize_cache18014 param: null
07-29 07:53:15.462  4894  4894 V OplusCustomizeCacheManager: queryCache name: sys.cache.common_customize_cache18017 param: Bundle[{SETTING=BLOCK, BUSINESS=NCT-DATA}]
07-29 07:53:15.464  4894  4894 V OplusCustomizeCacheManager: queryCache name: sys.cache.common_customize_cache18016 param: null
07-29 07:53:15.464  4894  4894 V OplusCustomizeCacheManager: queryCache name: sys.cache.common_customize_cache18013 param: null
07-29 07:53:15.464  4894  4894 V OplusCustomizeCacheManager: queryCache name: sys.cache.common_customize_cache18014 param: null
07-29 07:53:15.464  4894  4894 V OplusCustomizeCacheManager: queryCache name: sys.cache.common_customize_cache18017 param: Bundle[{SETTING=BLOCK, BUSINESS=NCT-DATA}]
07-29 07:53:15.488  4847  4847 D RowAnimatorExtImpl: end:view:StatusBarIconView(slot='volume' alpha=1.0 icon=StatusBarIcon(icon=Icon(typ=RESOURCE pkg=com.android.systemui id=0x7f0818f0) visible user=0 ) visibleState=ICON iconColor=#ccffffff staticDrawableColor=#ccffffff decorColor=#ffffffff animationStartColor=#0 currentSetColor=#ccffffff notification=null),tx
07-29 07:53:15.488  4847  4847 D RowAnimatorExtImpl: end:view:StatusBarIconView(slot='zen' alpha=1.0 icon=StatusBarIcon(icon=Icon(typ=RESOURCE pkg=com.android.systemui id=0x7f0818e1) visible user=0 ) visibleState=ICON iconColor=#ccffffff staticDrawableColor=#ccffffff decorColor=#ffffffff animationStartColor=#0 currentSetColor=#ccffffff notification=null),tx
07-29 07:53:15.488  4847  4847 D RowAnimatorExtImpl: end:view:StatusBarIconView(slot='volume' alpha=1.0 icon=StatusBarIcon(icon=Icon(typ=RESOURCE pkg=com.android.systemui id=0x7f0818f0) visible user=0 ) visibleState=ICON iconColor=#ccffffff staticDrawableColor=#ccffffff decorColor=#ffffffff animationStartColor=#0 currentSetColor=#ccffffff notification=null),tx
07-29 07:53:15.488  4847  4847 D RowAnimatorExtImpl: end:view:StatusBarIconView(slot='zen' alpha=1.0 icon=StatusBarIcon(icon=Icon(typ=RESOURCE pkg=com.android.systemui id=0x7f0818e1) visible user=0 ) visibleState=ICON iconColor=#ccffffff staticDrawableColor=#ccffffff decorColor=#ffffffff animationStartColor=#0 currentSetColor=#ccffffff notification=null),tx
07-29 07:53:15.488  4847  4847 D RowAnimatorExtImpl: end:view:StatusBarIconView(slot='volume' alpha=1.0 icon=StatusBarIcon(icon=Icon(typ=RESOURCE pkg=com.android.systemui id=0x7f0818f0) visible user=0 ) visibleState=ICON iconColor=#ccffffff staticDrawableColor=#ccffffff decorColor=#ffffffff animationStartColor=#0 currentSetColor=#ccffffff notification=null),tx
07-29 07:53:15.488  4847  4847 D RowAnimatorExtImpl: end:view:StatusBarIconView(slot='zen' alpha=1.0 icon=StatusBarIcon(icon=Icon(typ=RESOURCE pkg=com.android.systemui id=0x7f0818e1) visible user=0 ) visibleState=ICON iconColor=#ccffffff staticDrawableColor=#ccffffff decorColor=#ffffffff animationStartColor=#0 currentSetColor=#ccffffff notification=null),tx
07-29 07:53:15.495  1992  1992 D SensorFeature: name=ssc_screenshot_info ,index = 22
07-29 07:53:15.495  1992  1992 D SensorFeature: write 29 bytes:60393057685,60401391018,166,0
07-29 07:53:15.533  5145  5145 D RFPowerBoostManager: my thermal listener proxy invoke method:notifyThermalBroadCast args len:2
07-29 07:53:15.533  5145  5145 D RFPowerBoostManager: current temp is 37, mInCalling is false, current threshold is 41
07-29 07:53:15.533  4983  5948 W h       : networkLogger failï¼
07-29 07:53:15.533  4983  5948 D Acc-OplusLinkBoostCommon: notifyThermalBroadCast level = 5 temp = 37,lastTemp: 38 ,th: 44
07-29 07:53:15.534  6552  6582 E horae   : Horae service notifyComponentHeat caught exception -2
07-29 07:53:15.534  6552  6582 E horae   : Horae service notifyComponentHeat caught exception -2
07-29 07:53:15.679  4847  4847 I SystemUi--QuickSettings: TemporarilyInfoManager-->[animateShow] com.oplus.systemui.qs.base.temporarilyinfo.TemporarilyInfoManager$createViewToParent$1{82c23f4 VFED..C.. ........ 0,0-1080,228 #7f0a0cb6 app:id/temporarily_info_view alpha=1.0 viewInfo = } end
07-29 07:53:15.679  4847  4847 I SystemUi--QuickSettings: TemporarilyInfoManager-->[trigger] start from showElementAfterShowFully
07-29 07:53:15.717  1820  4433 I sensors-hal: handle_oplus_wise_rgb_event:189, high_pwm_light:lux 271.2,cct 3639.8,brl/algo/ir 1438.0/2.0/16.9,pwm/dc 0.0/0.0,rgbc 20889.275391/13200.738281/6047.427734/38780.660156,ts 60385675724,cnt 850,flag 166
07-29 07:53:15.717  1900  4422 I Dpps    : LtmSwState::SetParameter():144 ignore cmd 7 in state LtmOffState
07-29 07:53:15.768  1992  1992 D SensorFeature: name=ssc_screenshot_info ,index = 22
07-29 07:53:15.768  1992  1992 D SensorFeature: write 29 bytes:60667029976,60675363309,167,0
07-29 07:53:15.803  4847  4847 D JankUtils: gfxSceneEnd; scene: 7
07-29 07:53:15.803  4847  4847 I SystemUi--Common: NotificationShadeDepthC-->sceneFlag: 0x001, isStart = false, Current sceneFlags: 0x000
07-29 07:53:15.803  4847  4847 D NavigationBar: restrainNavigationBarInvertColor: false
07-29 07:53:15.804  4847  5140 D RegionSamplingHelper =:    mCompositionSamplingListener.register
07-29 07:53:15.804  2160  2381 D SurfaceFlinger: addRegionSamplingListener pid: 4847, Area: [0, 2328, 1080, 2376]
07-29 07:53:15.884  2041  2086 D BatteryChargeControl: bcc get no support from charging protocol
07-29 07:53:15.983  1900  4422 I Dpps    : LtmSwState::SetParameter():144 ignore cmd 7 in state LtmOffState
07-29 07:53:16.006  1900  2135 I SDM     : DisplayBase::CommitThread: Received idle timeout, panel: cmd, timeout: 69999 us
07-29 07:53:16.032  2041  7094 D charge_time: write 8382s(02:19:42) to ttf, rc=6
07-29 07:53:16.032  2041  7094 D charge_time: type=sdp,reserve_soc=2,soc=78,ui_soc=81,current=178,avg=178,not_chg_cnt=0,stable_cnt=7,fcc=5724,fcc_ratio=94,delta=45,debug=0,region=13,ttf=11011(03:03:31),ui_ttf=8382(02:19:42)
07-29 07:53:16.098  1900  2135 I SDM     : DisplayBase::CommitThread: Received idle timeout, panel: cmd, timeout: 70000 us
07-29 07:53:16.101  1992  1992 D SensorFeature: name=ssc_screenshot_info ,index = 22
07-29 07:53:16.101  1992  1992 D SensorFeature: write 29 bytes:60957480236,61007748674,168,0
07-29 07:53:16.155  2160  3715 D VRR [OTI]: handleIdle from 0 to 1
07-29 07:53:16.155  2160  3715 D VRR [OTI-HW]: isStateReady 1
07-29 07:53:16.156  2160  3715 D VRR [RefreshRateDirector]: requestRefreshRateByOti update [ oti-hw, {fps=60, modePtr={id=5, vsyncRate=60.00 Hz, peakRefreshRate=60.00 Hz}} ]
07-29 07:53:16.156  2160  3715 D VRR [RefreshRateDirector]: selectBestFrameRate DirectorMapOti [oti-hw, {fps=60, modePtr={id=5, vsyncRate=60.00 Hz, peakRefreshRate=60.00 Hz}}]
07-29 07:53:16.156  2160  3715 D VRR [RefreshRateDirector]: updateBestFrameRate [oti-hw, {fps=60, modePtr={id=5, vsyncRate=60.00 Hz, peakRefreshRate=60.00 Hz}}]
07-29 07:53:16.156  2160  3715 D SurfaceFlinger: VRR [SurfaceFlinger] setDesiredActiveMode: displayId: 4630946756802996883, renderRate: 60, vsyncRate: 60, event: 1
07-29 07:53:16.156  2160  3715 D DisplayModeController: setDesiredMode 4630946756802996883 {mode={fps=60.00 Hz, modePtr={id=5, vsyncRate=60.00 Hz, peakRefreshRate=60.00 Hz}}, emitEvent=true, force=false}
07-29 07:53:16.156  2160  2160 I DisplayModeController: hwc begin mode change to 16666666
07-29 07:53:16.156  2160  2160 I HWC2    : [0] setActiveConfigWithConstraints[5]
07-29 07:53:16.157  1900  3680 W SDM     : HWDeviceDRM::GetSupportedBitClkRate: Requested rate not supported: 1363200000
07-29 07:53:16.157  1900  3680 I SDM     : HWDeviceDRM::UpdateMixerAttributes: Mixer WxH 1440x3168-1 for Peripheral
07-29 07:53:16.157  1900  3680 I CwbService: CwbService::notifyConfigChange: display:0, config:5 size:4, sec.size():0
07-29 07:53:16.157  1900  3680 I CwbService: CwbService::notifyConfigChange: display: 0, config = 1
07-29 07:53:16.157  1900  3644 I CasManager: Fps changed from 120 to 60
07-29 07:53:16.157  1900  3644 I CasManager: Fps changed, not change bin, so trigger gain
07-29 07:53:16.158  1900  3644 W SDM     : DemuraIntfImpl::ProcessOemPluginGain: Thermal intf_ is nullptr 0, default to 25 degree
07-29 07:53:16.158  1900  3644 I SDM     : CasQcPlugIn::ProcessPerCompGainOppo: input params, mode:PWM, fps:60, dbv:1438
07-29 07:53:16.158  1900  3644 I SDM     : CasQcPlugIn::ProcessPerCompGainOppo: normalized bright_adj:1024, dbv:1438, bin_dbv:1083, 
07-29 07:53:16.158  1900  3644 I SDM     : CasQcPlugIn::ProcessPerCompGainOppo: gains print start =====================
07-29 07:53:16.158  1900  3644 I SDM     : CasQcPlugIn::ProcessPerCompGainOppo: gain --------------------------------
07-29 07:53:16.158  1900  3644 I SDM     : CasQcPlugIn::ProcessPerCompGainOppo: old: 0 0 0 57 90 322 1201 3072
07-29 07:53:16.158  1900  3644 I SDM     : CasQcPlugIn::ProcessPerCompGainOppo: new: 0 0 0 31 77 277 1034 3072
07-29 07:53:16.158  1900  3644 I SDM     : CasQcPlugIn::ProcessPerCompGainOppo: gain --------------------------------
07-29 07:53:16.158  1900  3644 I SDM     : CasQcPlugIn::ProcessPerCompGainOppo: old: 0 0 0 64 125 373 1336 3072
07-29 07:53:16.158  1900  3644 I SDM     : CasQcPlugIn::ProcessPerCompGainOppo: new: 0 0 0 35 98 373 1336 3072
07-29 07:53:16.158  1900  3644 I SDM     : CasQcPlugIn::ProcessPerCompGainOppo: gain --------------------------------
07-29 07:53:16.158  1900  3644 I SDM     : CasQcPlugIn::ProcessPerCompGainOppo: old: 0 0 0 42 83 323 1222 3072
07-29 07:53:16.158  1900  3644 I SDM     : CasQcPlugIn::ProcessPerCompGainOppo: new: 0 0 0 23 83 323 1222 3072
07-29 07:53:16.158  1900  3644 I SDM     : CasQcPlugIn::ProcessPerCompGainOppo: gains print end =======================
07-29 07:53:16.165  1900  3644 I SDM     : DemuraIntfImpl::StageAllData: Staged all data to Demura Driver!
07-29 07:53:16.165  1900  3644 I SDM     : HWPeripheralDRM::SetPanelFeature: Set Panel feature property 19
07-29 07:53:16.165  1900  3644 I SDM     : HWPeripheralDRM::SetPanelFeature: Set Panel feature property 7
07-29 07:53:16.165  1900  3644 I SDM     : DisplayBuiltIn::TriggerDemuraOemPlugIn: Trigger demura oem plugin success
07-29 07:53:16.167  1900  2135 I SDM     : DRMPanelFeatureMgr::ApplyDirtyFeature: Commited panel feature [enabled]: 20-272
07-29 07:53:16.167  1900  2135 I SDM     : DRMPanelFeatureMgr::ApplyDirtyFeature: Commited panel feature [enabled]: 8-271
07-29 07:53:16.185  2160  2160 D VRR-[OPlusRefreshRateSelector]: setCurrentModeId 5 type SM
07-29 07:53:16.185  2160  3715 D VRR [OTI-HW]: isStateReady 1
07-29 07:53:16.185  2160  3715 D VRR [OTI-HW]: keep rate.
07-29 07:53:16.186  3430  3614 I DisplayDeviceRepository: Display device changed render timings: "Built-in Screen", renderFrameRate=60.000004, presentationDeadlineNanos=16666666, appVsyncOffsetNanos=1000000
07-29 07:53:16.187  3430  3614 D LogicalDisplayExt: set displayInfo flag FLAG_ROTATES_WITH_CONTENT
07-29 07:53:16.188  3430  3614 D DisplayManagerServiceExtImpl: scheduleTraversalLocked intraversal=false
07-29 07:53:16.188  3430  3614 I DisplayManagerServiceExtImpl: handle logical display changed logicalDisplay=id=0,stack=0,content=true,displayInfo{stack=0,type=1,id=0,uId=local:4630946756802996883,state=ON,pkg=null}
07-29 07:53:16.188  3430  3614 D DisplayManagerService: Delivering display event: displayId=0, event=CHANGED
07-29 07:53:16.188  3430  3782 D BrightnessThermalClamper: Thermal status observer already started
07-29 07:53:16.188  3430  3782 D BrightnessPowerClamper: Power throttling data is missing for configuration data.
07-29 07:53:16.189  3430  3430 E OplusGestureAnimationManagerPolicy: mScreenHeight:2376 mScreenWidth:1080 mRotation:0
07-29 07:53:16.189  4667  4667 D CastManagerService: onDisplayChanged.
07-29 07:53:16.190  3430  3612 D OplusVFXScreenEffectFeature: notifySFCompatWindowStateChange entered false
07-29 07:53:16.190  2160  2381 D [PREVIEW]: SF obtain preview_adapter: 0
07-29 07:53:16.190  2160  2381 D [PREVIEW]: TabletPreviewAdapter::parallel world 0
07-29 07:53:16.190  3430  3612 D FSS_FoldScreenBlackCoverController: displayChangeToOn, dc:Display{#0 state=ON size=1080x2376 ROTATION_0}
07-29 07:53:16.190  2143  4549 D AudioFlingerExtImpl: AudioFlingerExtImpl oplusSetParameters: keyvalue screen_state=on
07-29 07:53:16.190  2143  4549 D DeviceHalAidl: 0xb400007d8e87c200 DeviceHalAidl::setParameters
07-29 07:53:16.191  2143  4549 D DeviceHalAidl: setParameters: parameters: "screen_state=on"
07-29 07:53:16.191  1838  4525 I PAL: ResourceManager: setParameter: 11480: Screen State:1
07-29 07:53:16.191  2143  4549 D DeviceHalAidl: 0xb400007d8e87c800 DeviceHalAidl::setParameters
07-29 07:53:16.191  2143  4549 D DeviceHalAidl: setParameters: parameters: "screen_state=on"
07-29 07:53:16.191  1838  4525 D AHAL_Module: updateScreenState: usb: 1
07-29 07:53:16.191  2143  4549 D DeviceHalAidl: 0xb400007d8e87ce00 DeviceHalAidl::setParameters
07-29 07:53:16.191  2143  4549 D DeviceHalAidl: setParameters: parameters: "screen_state=on"
07-29 07:53:16.192  1838  4525 D AHAL_Module: updateScreenState: r_submix: 1
07-29 07:53:16.192  2143  4549 D DeviceHalAidl: 0xb400007d8e87d400 DeviceHalAidl::setParameters
07-29 07:53:16.192  2143  4549 D DeviceHalAidl: setParameters: parameters: "screen_state=on"
07-29 07:53:16.192  3430  3614 D DisplayManagerService: MSG_REQUEST_TRAVERSAL pendingCompleted=false
07-29 07:53:16.192  1838  4525 D AHAL_Module: updateScreenState: bluetooth: 1
07-29 07:53:16.192  2143  4549 D DeviceHalAidl: 0xb400007d8e87da00 DeviceHalAidl::setParameters
07-29 07:53:16.192  2143  4549 D DeviceHalAidl: setParameters: parameters: "screen_state=on"
07-29 07:53:16.192  1838  4525 D AHAL_Module: updateScreenState: bluetooth: 1
07-29 07:53:16.192  2143  4549 D DeviceHalAidl: 0xb400007d8e87e000 DeviceHalAidl::setParameters
07-29 07:53:16.192  2143  4549 D DeviceHalAidl: setParameters: parameters: "screen_state=on"
07-29 07:53:16.192  1838  4525 D AHAL_Module: updateScreenState: stub: 1
07-29 07:53:16.193  4847  4847 I SystemUi--Statusbar: DisplayRepository-->combining enabled=[0], connectedExternalDisplayIds=[], ignored=[]
07-29 07:53:16.193  3430  3612 D DisplayManagerService: performTraversalInternal pendingTraversal
07-29 07:53:16.193  3430  3612 D DisplayDevice: setLayerStackLocked id=local:4630946756802996883 token=android.os.BinderProxy@4df904f stack=0->0
07-29 07:53:16.195  6584  6668 E oiface  : sched_setaffinity failed
07-29 07:53:16.195  2045  2080 I gameoptHal: targetfps updated 6 -- 60
07-29 07:53:16.215  5145  5249 D VendorTelephonyService: onTelephonyEventReport slotId =0 eventId=2009
07-29 07:53:16.215  4983  5028 D SaDataService: onTelephonyEventReport , subId= 0,slotId=-1 eventId=2009
07-29 07:53:16.215  5145  5249 D VendorTelephonyService: onTelephonyEventReport slotId =0 eventId=2009
07-29 07:53:16.215  4983  5028 D TelephonyImpl: notify eventId:2009 for list size:2
07-29 07:53:16.215  5145  5145 D VendorCallService: notityEventUpdate, eventId:2009, slotId = 0
07-29 07:53:16.216  5145  5249 D VendorTelephonyService: onTelephonyEventReport slotId =1 eventId=2009
07-29 07:53:16.216  4983  5028 D SaDataService: onTelephonyEventReport , subId= 1,slotId=0 eventId=2009
07-29 07:53:16.216  5145  5249 D VendorTelephonyService: onTelephonyEventReport slotId =1 eventId=2009
07-29 07:53:16.216  4983  5028 D TelephonyImpl: notify eventId:2009 for list size:2
07-29 07:53:16.216  5145  5145 D VendorCallService: notityEventUpdate, eventId:2009, slotId = 1
07-29 07:53:16.236  3430  3827 D VRR [OPlusRefreshRateService]: handleConfigIdChange physicalDisplayId: 4630946756802996883 configId: 5 renderPeriod: 16666666
07-29 07:53:16.237  3430  3827 D VRR [OPlusSAManager]: updateModeChange old modeId [ 4 ] -> new modeId [ 5 ] mCurPolicy: 1
07-29 07:53:16.237  3430  3827 D VRR [OPlusSAManager]: updateSAScene active modeId: 5
07-29 07:53:16.237  3430  3827 D VRR [OPlusSAManager]: updateSAScene current policy: 1 active modeId: 5 scene: VRR_60
07-29 07:53:16.237  3430  3827 D VRR [OPlusOAManager]: Not OA business! new modeId: [5] active modeId: [4]
07-29 07:53:16.237  3430  3827 D VRR [OPlusGameStatusManager]: updateGameState mOSyncFeatureSwitch: false mIsGamePolicy: false
07-29 07:53:16.237  3430  3827 D VRR [OPlusGameStatusManager]: setLTMStatus false curPkgName: com.android.launcher curr status: false HeartStop: false HeartStopFromTGPA: false ActiveFPS: 60.000004
07-29 07:53:16.237  3430  3827 D VRR [OPlusGameStatusManager]: updateGameAccelerationStatus pkgName: com.android.launcher mOSyncFeatureSwitch: false mIsGamePolicy: false mHeartStop: false mHasFlickerRisk: false mForceAcceleration: false mToastReady: false enable: false
07-29 07:53:16.237  3430  3827 D VRR [OPlusGameStatusManager]: updateToastStatus enableAcceleration: false toastReady: false isGamePolicy: false desiredModeId: 5
07-29 07:53:16.237  3430  3827 D VRR [OPlusGameStatusManager]: updateToastStatus enableAcceleration: false toastReady: false isGamePolicy: false desiredModeId: 5
07-29 07:53:16.237  3430  3827 D VRR [OPlusExternalRefreshRateManager]:  updateRenderPeriodChange configId:5 current refresh rate:60.000004
07-29 07:53:16.254  8966 12048 W LOG_FLOWCTRL: ==LOGS OVER PROC QUOTA(300), rows(26) bytes(3273) com.oplus.metis DROPPED==
07-29 07:53:16.254  8966 12048 I LogCacheHelper: cache log scheduled task [base|com.oplus.metis|1.5.5-f48228a]
07-29 07:53:16.254  8966 12048 E metis_v2_JenaHandlerManager_cache: 2025-07-29 07:53:15.253000		9595		local thread match
07-29 07:53:16.254  8966 12048 E metis_v2_JenaHandlerManager_cache: 2025-07-29 07:53:15.253000		9595		local thread match
07-29 07:53:16.254  8966 12048 E metis_v2_JenaHandlerManager_cache: 2025-07-29 07:53:15.253000		9595		local thread match
07-29 07:53:16.254  8966 12048 E metis_v2_JenaHandlerManager_cache: 2025-07-29 07:53:15.253000		9595		local thread match
07-29 07:53:16.254  8966 12048 E metis_v2_JenaHandlerManager_cache: 2025-07-29 07:53:15.253000		9595		local thread match
07-29 07:53:16.254  8966 12048 E metis_v2_JenaHandlerManager_cache: 2025-07-29 07:53:15.253000		9595		local thread match
07-29 07:53:16.254  8966 12048 E metis_v2_JenaHandlerManager_cache: 2025-07-29 07:53:15.253000		9595		local thread match
07-29 07:53:16.254  8966 12048 E metis_v2_JenaHandlerManager_cache: 2025-07-29 07:53:15.253000		9595		local thread match
07-29 07:53:16.254  8966 12048 E metis_v2_JenaHandlerManager_cache: 2025-07-29 07:53:15.253000		9595		local thread match
07-29 07:53:16.254  8966 12048 E metis_v2_JenaHandlerManager_cache: 2025-07-29 07:53:15.253000		9595		local thread match
07-29 07:53:16.255  8966 12048 E metis_v2_JenaHandlerManager_cache: 2025-07-29 07:53:15.253000		9595		local thread match
07-29 07:53:16.255  8966 12048 E metis_v2_JenaHandlerManager_cache: 2025-07-29 07:53:15.253000		9595		local thread match
07-29 07:53:16.255  8966 12048 E metis_v2_JenaHandlerManager_cache: 2025-07-29 07:53:15.253000		9595		local thread match
07-29 07:53:16.255  8966 12048 E metis_v2_JenaHandlerManager_cache: 2025-07-29 07:53:15.253000		9595		local thread match
07-29 07:53:16.255  8966 12048 E metis_v2_JenaHandlerManager_cache: 2025-07-29 07:53:15.253000		9595		local thread match
07-29 07:53:16.255  8966 12048 E metis_v2_JenaHandlerManager_cache: 2025-07-29 07:53:15.253000		9595		local thread match
07-29 07:53:16.255  8966 12048 E metis_v2_JenaHandlerManager_cache: 2025-07-29 07:53:15.253000		9595		local thread match
07-29 07:53:16.255  8966 12048 E metis_v2_JenaHandlerManager_cache: 2025-07-29 07:53:15.253000		9595		local thread match
07-29 07:53:16.255  8966 12048 E metis_v2_JenaHandlerManager_cache: 2025-07-29 07:53:15.253000		9595		local thread match
07-29 07:53:16.255  8966 12048 E metis_v2_JenaHandlerManager_cache: 2025-07-29 07:53:15.253000		9595		local thread match
07-29 07:53:16.255  8966 12048 E metis_v2_JenaHandlerManager_cache: 2025-07-29 07:53:15.253000		9595		local thread match
07-29 07:53:16.255  8966 12048 E metis_v2_JenaHandlerManager_cache: 2025-07-29 07:53:15.253000		9595		local thread match
07-29 07:53:16.255  8966 12048 E metis_v2_JenaHandlerManager_cache: 2025-07-29 07:53:15.253000		9595		local thread match
07-29 07:53:16.255  8966 12048 E metis_v2_JenaHandlerManager_cache: 2025-07-29 07:53:15.253000		9595		local thread match
07-29 07:53:16.255  8966 12048 E metis_v2_JenaHandlerManager_cache: 2025-07-29 07:53:15.253000		9595		local thread match
07-29 07:53:16.255  8966 12048 E metis_v2_JenaHandlerManager_cache: 2025-07-29 07:53:15.253000		9595		local thread match
07-29 07:53:16.255  8966 12048 E metis_v2_JenaHandlerManager_cache: 2025-07-29 07:53:15.253000		9595		local thread match
07-29 07:53:16.255  8966 12048 E metis_v2_JenaHandlerManager_cache: 2025-07-29 07:53:15.253000		9595		local thread match
07-29 07:53:16.255  8966 12048 I ContextAware_SortAlgorithmManager.SceneCombinationProcessor_cache: 2025-07-29 07:53:15.254000		9555		firstLaunch = false , app Feature = indexOS15
07-29 07:53:16.255  8966 12048 W ContextAware_SortAlgorithmManager.SceneCombinationProcessor_cache: 2025-07-29 07:53:15.254000		9555		permanentScene size Less than 2
07-29 07:53:16.255  8966 12048 I ContextAware_DecisionIntentProvider_cache: 2025-07-29 07:53:15.254000		9002		process method = assistant_method, extra = Bundle[EMPTY_PARCEL]
07-29 07:53:16.255  8966 12048 I ContextAware_DecisionIntentProvider_cache: 2025-07-29 07:53:15.254000		9002		processBundle = Bundle[{assistant_data=[]}]
07-29 07:53:16.255  8966 12048 I ContextAware_SortAlgorithmManager.SceneUtil_cache: 2025-07-29 07:53:15.254000		9555		SortAlgorithmManager.SceneCombinationProcessor current map before drop is  sceneId 210000000 status 2 intentList size 1 isHome false IntentId: 13151001 policyName DYNAMIC_SUBSTITUTE isFocus false serviceId null type 0 deleteKeynull
07-29 07:53:16.255  8966 12048 I ContextAware_SortAlgorithmManager.SceneUtil_cache:  sceneId 220500200 status 2 intentList size 2 isHome false IntentId: 14111005 policyName SUBSTITUTE_SCENE isFocus false serviceId  type 0 deleteKeynull IntentId: 14111005 policyName SUBSTITUTE_SCENE isFocus false serviceId  type 0 deleteKeynull
07-29 07:53:16.255  8966 12048 I ContextAware_SortAlgorithmManager.SceneUtil_cache:  sceneId 240000000 status 2 intentList size 3 isHome false IntentId: 14111004 policyName CLEAN_UP_STORAGE_SUBSTITUTE isFocus false serviceId null type 0 deleteKeynull IntentId: 18111007 policyName CLEAN_UP_SUBSTITUTE isFocus false serviceId null type 0 deleteKeynull IntentId: 18111008 policyName CLEAN_UP_PLUS_SUBSTITUTE isFocus false serviceId null type 0 deleteKeynull
07-29 07:53:16.255  8966 12048 W ContextAware_SortAlgorithmManager.SortCommonUtil_cache: 2025-07-29 07:53:15.255000		9555		panta-sugg-checkIfDropBySameIDPolicy, has repeat intent, save last intent:PantanalIntent(sceneId=220500200, intentId=14111005, policyName='SUBSTITUTE_SCENE', sceneInstanceId=null, intentSrc=0, finalScore=-1.0, subDomain='tips', action='pantanal.intent.system.VIEW_TIPS', defaultScore=2.0, sortable=true, paramsFromUserPolicy=ParamsFromUserPolicy(exposureArgs=[], exposureFunc=-1, clickArgs=[], clickFunc=-1, timeArgs=[], timeFunc=-1, delayExposureArgs=[], delayClickArgs=[]), cannotReduceRecommend=false, reduceReplaceKey=, isUnrecoverable=false, dropRepeatKey=, dropRepeatMode=-1, paramsFromService=content-length:2, isParamsSendToSeedling=false, forceRebuildSeedling=false, seedlingUiPolicy=0, paramsFromHabit=null, serviceList=[], serviceSelectPolicy=0, serviceSelectWeight={}, serviceId=, serviceIdFrom=null, recallScore=null, rankScore=-1.0, rerankScore=-1.0, requestId=null, userPolicyScore=-1.0, domain='system_settings', cloudExtInfo=null, operation=0, showCount=0, clickCount=0, exposureTime=0, dtExperimentParams=null, createTime=1753785600390, lastUpdateTime=1753789995249, expireTime=240, , originalUpdateTime=1753789995249, sortRelatedId=0, addRelatedId=0, decisionHistoryList=empty, businessData=null, cardOptions=null, instanceId=null, protectEnable=true, protectPolicy=ProtectPolicy(event=0, initialDuration=7, deltaDuration=3, startRatio=70, endRatio=10, stepRatio=20), addMinProb=0.4, probAdj=1.0, lastSortType=0, configVersion=202507161101, algorithmVersion=, recommendServiceList=[], removeTriggerValue=0.2, algorithmTimeRule=[], ruleRemoveByAlgorithm=false, containServiceId=false, dropRepeatType=0, dropRepeatScore=0, delayDismiss=0, attenuationType=-1, attenuationFunc=-1, shouldFocus=false, focusTimestamp=null, orderID=null, serviceTimeStamp=0, serviceInstanceId=null, showType=0,delayExposureTimestamp=0, delayClickTimestamp=0, isSupportMultiInstance=false, 
07-29 07:53:16.255  8966 12048 I ContextAware_SortAlgorithmManager.SceneUtil_cache: 2025-07-29 07:53:15.255000		9555		SortAlgorithmManager.SceneCombinationProcessor current map is  sceneId 210000000 status 2 intentList size 1 isHome false IntentId: 13151001 policyName DYNAMIC_SUBSTITUTE isFocus false serviceId null type 0 deleteKeynull
07-29 07:53:16.255  8966 12048 I ContextAware_SortAlgorithmManager.SceneUtil_cache:  sceneId 220500200 status 1 intentList size 1 isHome false IntentId: 14111005 policyName SUBSTITUTE_SCENE isFocus false serviceId  type 0 deleteKeynull
07-29 07:53:16.255  8966 12048 I ContextAware_SortAlgorithmManager.SceneUtil_cache:  sceneId 240000000 status 2 intentList size 3 isHome false IntentId: 14111004 policyName CLEAN_UP_STORAGE_SUBSTITUTE isFocus false serviceId null type 0 deleteKeynull IntentId: 18111007 policyName CLEAN_UP_SUBSTITUTE isFocus false serviceId null type 0 deleteKeynull IntentId: 18111008 policyName CLEAN_UP_PLUS_SUBSTITUTE isFocus false serviceId null type 0 deleteKeynull
07-29 07:53:16.255  8966 12048 I ContextAware_SortAlgorithmManager.SceneCombinationProcessor_cache: 2025-07-29 07:53:15.255000		9555		Scene intent has changed
07-29 07:53:16.255  8966 12048 I ContextAware_SortAlgorithmManager.SceneUtil_cache: 2025-07-29 07:53:15.255000		9555		SortAlgorithmManager.SceneReorderProcessor sceneId 210000000 status 2 intentList size 1 isHome false IntentId: 13151001 policyName DYNAMIC_SUBSTITUTE isFocus false serviceId null type 0 deleteKeynull
07-29 07:53:16.255  8966 12048 I ContextAware_SortAlgorithmManager.SceneUtil_cache:  sceneId 220500200 status 1 intentList size 1 isHome false IntentId: 14111005 policyName SUBSTITUTE_SCENE isFocus false serviceId  type 0 deleteKeynull
07-29 07:53:16.255  8966 12048 I ContextAware_SortAlgorithmManager.SceneUtil_cache:  sceneId 240000000 status 2 intentList size 3 isHome false IntentId: 14111004 policyName CLEAN_UP_STORAGE_SUBSTITUTE isFocus false serviceId null type 0 deleteKeynull IntentId: 18111007 policyName CLEAN_UP_SUBSTITUTE isFocus false serviceId null type 0 deleteKeynull IntentId: 18111008 policyName CLEAN_UP_PLUS_SUBSTITUTE isFocus false serviceId null type 0 deleteKeynull
07-29 07:53:16.255  8966 12048 W metis_v2_DeepThinkerLabelClient_cache: 2025-07-29 07:53:15.255000		9561		getUserProfileLabel null
07-29 07:53:16.255  8966 12048 I ContextAware_DailyStatisticsRecorder_cache: 2025-07-29 07:53:15.255000		10744		Increase context change count: PROCESSOR_SCENE_COMBINATION_cnt, value: 1
07-29 07:53:16.255  8966 12048 I ContextAware_DailyStatisticsRecorder_cache: 2025-07-29 07:53:15.256000		10744		Increase context change count: PROCESSOR_SCENE_COMBINATION_ms, value: 4
07-29 07:53:16.255  8966 12048 I ContextAware_DailyStatisticsRecorder_cache: 2025-07-29 07:53:15.257000		10557		Increase context change count: PROCESSOR_SCENE_REORDER_cnt, value: 1
07-29 07:53:16.255  8966 12048 I ContextAware_SortAlgorithmManager.SceneUtil_cache: 2025-07-29 07:53:15.257000		9555		SortAlgorithmManager.SceneDeduplicationProcessor sceneId 210000000 status 2 intentList size 1 isHome false IntentId: 13151001 policyName DYNAMIC_SUBSTITUTE isFocus false serviceId null type 0 deleteKeynull
07-29 07:53:16.255  8966 12048 I ContextAware_SortAlgorithmManager.SceneUtil_cache:  sceneId 220500200 status 1 intentList size 1 isHome false IntentId: 14111005 policyName SUBSTITUTE_SCENE isFocus false serviceId  type 0 deleteKeynull
07-29 07:53:16.255  8966 12048 I ContextAware_SortAlgorithmManager.SceneUtil_cache:  sceneId 240000000 status 2 intentList size 3 isHome false IntentId: 14111004 policyName CLEAN_UP_STORAGE_SUBSTITUTE isFocus false serviceId null type 0 deleteKeynull IntentId: 18111007 policyName CLEAN_UP_SUBSTITUTE isFocus false serviceId null type 0 deleteKeynull IntentId: 18111008 policyName CLEAN_UP_PLUS_SUBSTITUTE isFocus false serviceId null type 0 deleteKeynull
07-29 07:53:16.255  8966 12048 I ContextAware_SortAlgorithmManager.DecisionAlgorithmManager_cache: 2025-07-29 07:53:15.257000		9555		getDecisionAlgorithm: dt_sort
07-29 07:53:16.255  8966 12048 I ContextAware_DailyStatisticsRecorder_cache: 2025-07-29 07:53:15.257000		10557		Increase context change count: PROCESSOR_SCENE_REORDER_ms, value: 2
07-29 07:53:16.255  8966 12048 I ContextAware_DailyStatisticsRecorder_cache: 2025-07-29 07:53:15.257000		10557		Increase context change count: PROCESSOR_SCENE_DEDUPLICATION_cnt, value: 1
07-29 07:53:16.255  8966 12048 I ContextAware_DailyStatisticsRecorder_cache: 2025-07-29 07:53:15.257000		10557		Increase context change count: PROCESSOR_SCENE_DEDUPLICATION_ms, value: 0
07-29 07:53:16.255  8966 12048 I ContextAware_SortAlgorithmManager.DtSort_cache: 2025-07-29 07:53:15.257000		10873		onDecisionAfterRerank, inner algorithm is: internal_dt_sort
07-29 07:53:16.255  8966 12048 I ContextAware_SortAlgorithmManager.DtIntentDataManager_cache: 2025-07-29 07:53:15.257000		10874		getDtIntentList: dtIntents = []
07-29 07:53:16.255  8966 12048 E ContextAware_SortAlgorithmManager.DtInternalSortImpl_cache: 2025-07-29 07:53:15.258000		10874		targetDtList is invalid
07-29 07:53:16.255  8966 12048 I ContextAware_SortAlgorithmManager.SceneIntentReorderProcessor_cache: 2025-07-29 07:53:15.258000		9555		ruleReordering onDecisionAfterRerank, mIntentList:size: 5 13151001 14111005 14111004 18111007 18111008
07-29 07:53:16.255  8966 12048 W ContextAware_IntentSwitchManager_cache: 2025-07-29 07:53:15.258000		9555		subSwitchMap don't contain application_suggestions, set the switch to true as default
07-29 07:53:16.256  8966 12048 I ContextAware_IntentSwitchManager_cache: 2025-07-29 07:53:15.258000		9555		getSubSwitchStatus = {application_suggestions=true}
07-29 07:53:16.256  8966 12048 I ContextAware_SortAlgorithmManager.ReorderProcessor.RuleReRanker_cache: 2025-07-29 07:53:15.258000		9555		sceneIntentRerank sceneFinalScoreMap:{scene rerank, use defaultScore, finalScore:13151001DYNAMIC_SUBSTITUTE=3.12}
07-29 07:53:16.256  8966 12048 I metis_v2_BreenoSwitchSettingObserver_cache: 2025-07-29 07:53:15.258000		9555		panta-sugg-getMasterSwitchStatus from cache:true
07-29 07:53:16.256  8966 12048 I ContextAware_IntentSwitchManager_cache: 2025-07-29 07:53:15.258000		9555		getSubSwitchStatus = {tips=true}
07-29 07:53:16.256  8966 12048 I ContextAware_IntentSwitchManager_cache: 2025-07-29 07:53:15.258000		9555		isExistInSceneInfoActionList pantanalIntentAction = pantanal.intent.system.VIEW_TIPS
07-29 07:53:16.256  8966 12048 I metis_v2_BreenoSwitchSettingObserver_cache: 2025-07-29 07:53:15.258000		9555		panta-sugg-getMasterSwitchStatus from cache:true
07-29 07:53:16.256  8966 12048 I ContextAware_SortAlgorithmManager.ReorderProcessor.RuleReRanker_cache: 2025-07-29 07:53:15.258000		9555		sceneIntentRerank sceneFinalScoreMap:{scene rerank, use defaultScore, finalScore:14111005SUBSTITUTE_SCENE=2.0}
07-29 07:53:16.256  8966 12048 I ContextAware_IntentSwitchManager_cache: 2025-07-29 07:53:15.258000		9555		getSubSwitchStatus = {clear_memory=true}
07-29 07:53:16.256  8966 12048 I ContextAware_IntentSwitchManager_cache: 2025-07-29 07:53:15.258000		9555		isExistInSceneInfoActionList pantanalIntentAction = pantanal.intent.system.CLEAN_UP_STORAGE
07-29 07:53:16.256  8966 12048 I metis_v2_BreenoSwitchSettingObserver_cache: 2025-07-29 07:53:15.258000		9555		panta-sugg-getMasterSwitchStatus from cache:true
07-29 07:53:16.256  8966 12048 I ContextAware_IntentSwitchManager_cache: 2025-07-29 07:53:15.258000		9555		isExistInSceneInfoActionList pantanalIntentAction = pantanal.intent.audio.SUBSTITUTE_RAM_CLEAN_UP
07-29 07:53:16.256  8966 12048 I metis_v2_BreenoSwitchSettingObserver_cache: 2025-07-29 07:53:15.258000		9555		panta-sugg-getMasterSwitchStatus from cache:true
07-29 07:53:16.256  8966 12048 I ContextAware_IntentSwitchManager_cache: 2025-07-29 07:53:15.258000		9555		isExistInSceneInfoActionList pantanalIntentAction = pantanal.intent.audio.SUBSTITUTE_RAM_CLEAN_UP_PLUS
07-29 07:53:16.256  8966 12048 I metis_v2_BreenoSwitchSettingObserver_cache: 2025-07-29 07:53:15.258000		9555		panta-sugg-getMasterSwitchStatus from cache:true
07-29 07:53:16.256  8966 12048 I ContextAware_SortAlgorithmManager.ReorderProcessor.RuleReRanker_cache: 2025-07-29 07:53:15.258000		9555		sceneIntentRerank sceneFinalScoreMap:{scene rerank, use defaultScore, finalScore:14111004CLEAN_UP_STORAGE_SUBSTITUTE=4.06, scene rerank, use defaultScore, finalScore:18111007CLEAN_UP_SUBSTITUTE=4.05, scene rerank, use defaultScore, finalScore:18111008CLEAN_UP_PLUS_SUBSTITUTE=4.02}
07-29 07:53:16.256  8966 12048 I ContextAware_SortAlgorithmManager.SceneIntentReorderProcessor_cache: 2025-07-29 07:53:15.258000		9555		IntentReorder: scene[210000000]rank mIntentList: size: 1 13151001
07-29 07:53:16.256  8966 12048 I ContextAware_SortAlgorithmManager.SceneIntentReorderProcessor_cache: scene[220500200]rank mIntentList: size: 1 14111005
07-29 07:53:16.256  8966 12048 I ContextAware_SortAlgorithmManager.SceneIntentReorderProcessor_cache: scene[240000000]rank mIntentList: size: 3 14111004 18111007 18111008
07-29 07:53:16.256  8966 12048 W ContextAware_SortAlgorithmManager.SceneUtil_cache: 2025-07-29 07:53:15.258000		9555		Drop invalid scene: 220500200
07-29 07:53:16.256  8966 12048 I ContextAware_DailyStatisticsRecorder_cache: 2025-07-29 07:53:15.258000		10680		Increase context change count: PROCESSOR_SCENE_INTENT_REORDER_cnt, value: 1
07-29 07:53:16.256  8966 12048 I ContextAware_DailyStatisticsRecorder_cache: 2025-07-29 07:53:15.258000		10680		Increase context change count: PROCESSOR_SCENE_INTENT_REORDER_ms, value: 1
07-29 07:53:16.256  8966 12048 I ContextAware_SortAlgorithmManager.SceneFocusProcessor_cache: 2025-07-29 07:53:15.258000		9555		scene 210000000 not change or has focus scene or current scene is L3
07-29 07:53:16.256  8966 12048 I ContextAware_SortAlgorithmManager.SceneFocusProcessor_cache: 2025-07-29 07:53:15.258000		9555		scene 240000000 not change or has focus scene or current scene is L3
07-29 07:53:16.256  8966 12048 I ContextAware_SortAlgorithmManager.BatchIntentProcessor_cache: 2025-07-29 07:53:15.259000		9555		onProcess decisionUTraceContext = UTraceContext(traceID=7f0000011753789995258372008966, current=p_8966_cbe1f44@42, parent=null, spanType=1, valid=1, tag=null)
07-29 07:53:16.256  8966 12048 E ContextAware_SortAlgorithmManager.BatchIntentProcessor_cache: 2025-07-29 07:53:15.259000		9555		onProcess intentStringList is invalid
07-29 07:53:16.256  8966 12048 E ContextAware_SortAlgorithmManager.IntentSendProcessor_cache: 2025-07-29 07:53:15.259000		9555		disable direct send intent mode, clear
07-29 07:53:16.256  8966 12048 I metis_v2_BreenoSwitchSettingObserver_cache: 2025-07-29 07:53:15.259000		9555		panta-sugg-getMasterSwitchStatus from cache:true
07-29 07:53:16.256  8966 12048 I ContextAware_IntentSwitchManager_cache: 2025-07-29 07:53:15.259000		9555		filterList, not filter, breeno switch on
07-29 07:53:16.256  8966 12048 I ContextAware_DailyStatisticsRecorder_cache: 2025-07-29 07:53:15.259000		10744		Increase context change count: PROCESSOR_SCENE_FOCUS_cnt, value: 1
07-29 07:53:16.256  8966 12048 I ContextAware_DailyStatisticsRecorder_cache: 2025-07-29 07:53:15.259000		10414		Increase context change count: PROCESSOR_BATCH_INTENT_cnt, value: 1
07-29 07:53:16.256  8966 12048 I ContextAware_DailyStatisticsRecorder_cache: 2025-07-29 07:53:15.259000		10744		Increase context change count: PROCESSOR_SCENE_FOCUS_ms, value: 0
07-29 07:53:16.256  8966 12048 I ContextAware_DailyStatisticsRecorder_cache: 2025-07-29 07:53:15.259000		10414		Increase context change count: PROCESSOR_BATCH_INTENT_ms, value: 1
07-29 07:53:16.256  8966 12048 I ContextAware_SortAlgorithmManager.IntentSendProcessor_cache: 2025-07-29 07:53:15.259000		9555		sendSceneString: [{"combination_strategy":0,"create_time":1735722085016,"expect_scene_cnt":1,"focus_time":0,"force_guaranteed":true,"home_flag":true,"intent_list":[{"action":"pantanal.intent.applicationsuggestions.SUBSTITUTE","add_min_prob":0.4,"add_related_id":0,"algorithm_time_rule":[],"algorithm_version":"","attenuationFunc":-1,"attenuationType":-1,"cannot_reduce_recommend":true,"config_version":202507161101,"contain_service_id":false,"create_time":1753789955143,"default_score":3.12,"delay_click_timestamp":0,"delay_exposure_timestamp":0,"domain":"system_tools","drop_repeat_key":"","drop_repeat_mode":-1,"expire_time":1440000,"final_score":3.12,"force_rebuild_seedling":false,"intent_feedback_type":2,"intent_id":13151001,"intent_instance_id":"null13151001DYNAMIC_SUBSTITUTEnull20051","intent_level":"default","intent_position":1,"intent_src":3,"is_params_send_to_seedling":false,"is_scene_focus":false,"is_support_multi_instance":false,"last_sort_type":0,"last_update_time":1753789955143,"original_update_time":1753789955143,"params_from_user_policy":{"click_args":[],"click_func":-1,"delay_click_args":[],"delay_exposure_args":[],"exposure_args":[],"exposure_func":-1,"time_args":[1440000.0,5.0],"time_func":2},"policy_name":"DYNAMIC_SUBSTITUTE","prob_adj":1.0,"protect_enable":false,"protect_policy":{"delta_duration":3,"end_ratio":10,"event":0,"initial_duration":7,"start_ratio":70,"step_ratio":20},"remove_trigger_value":0.2,"rule_remove_by_algorithm":false,"scene_func":0,"scene_id":210000000,"scene_instance_id":"","seedling_ui_policy":0,"should_focus":false,"show_type":0,"sort_related_id":0,"sortable":true,"status":2,"sub_domain":"application_suggestions"}],"scene_id":210000000,"scene_level":1,"scene_should_focus":false,"score":100.0,"status":2,"update_time":1735722085016,"weight":1},{"combination_strategy":0,"create_time":1735722085016,"expect_scene_cnt":1,"focus_time":0,"force_guaranteed":false,"home_flag":false,"intent_list":[{"action":"pantanal.intent.system.CLEAN_UP_STORAGE","add_min_prob":0.4,"add_related_id":0,"algorithm_time_rule":[],"algorithm_version":"","attenuationFunc":-1,"attenuationType":-1,"cannot_reduce_recommend":false,"config_version":202507161101,"contain_service_id":false,"create_time":1753789955143,"default_score":4.06,"delay_click_timestamp":0,"delay_exposure_timestamp":0,"domain":"system_settings","drop_repeat_key":"","drop_repeat_mode":-1,"expire_time":1440000,"final_score":4.06,"force_rebuild_seedling":false,"intent_feedback_type":2,"intent_id":14111004,"intent_instance_id":"null14111004CLEAN_UP_STORAGE_SUBSTITUTEnull20051","intent_level":"default","intent_position":1,"intent_src":3,"is_params_send_to_seedling":false,"is_scene_focus":false,"is_support_multi_instance":false,"last_sort_type":0,"last_update_time":1753789955143,"original_update_time":1753789955143,"params_from_user_policy":{"click_args":[],"click_func":-1,"delay_click_args":[],"delay_exposure_args":[],"exposure_args":[],"exposure_func":-1,"time_args":[1440000.0,5.0],"time_func":2},"policy_name":"CLEAN_UP_STORAGE_SUBSTITUTE","prob_adj":1.0,"protect_enable":false,"protect_policy":{"delta_duration":3,"end_ratio":10,"event":0,"initial_duration":7,"start_ratio":70,"step_ratio":20},"remove_trigger_value":0.2,"rule_remove_by_algorithm":false,"scene_func":0,"scene_id":240000000,"scene_instance_id":"","seedling_ui_policy":0,"should_focus":false,"show_type":0,"sort_related_id":0,"sortable":true,"status":2,"sub_domain":"clear_memory"},{"action":"pantanal.intent.audio.SUBSTITUTE_RAM_CLEAN_UP","add_min_prob":0.4,"add_related_id":0,"algorithm_time_rule":[],"algorithm_version":"","attenuationFunc":-1,"attenuationType":-1,"cannot_reduce_recommend":false,"config_version":202507161101,"contain_service_id":false,"create_time":1753789955143,"default_score":4.05,"delay_click_timestamp":0,"delay_exposure_timestamp":0,"domain":"system_settings","drop_repeat_key":"","drop_repeat_mode":-1,"expire_time":1440000,"final_score":4.05,"force_rebuild_
07-29 07:53:16.256  8966 12048 I metis_v2_BreenoSwitchSettingObserver_cache: 2025-07-29 07:53:15.259000		9555		panta-sugg-getMasterSwitchStatus from cache:true
07-29 07:53:16.256  8966 12048 I ContextAware_IntentSwitchManager_cache: 2025-07-29 07:53:15.259000		9555		filterList, not filter, breeno switch on
07-29 07:53:16.256  8966 12048 I metis_v2_BreenoSwitchSettingObserver_cache: 2025-07-29 07:53:15.259000		9555		panta-sugg-getMasterSwitchStatus from cache:true
