device
--------- beginning of main
07-30 01:34:55.565  2016  2016 D SensorFeature: name=ssc_screenshot_info ,index = 22
07-30 01:34:55.566  2016  2016 D SensorFeature: write 29 bytes:47012176283,49177562948,129,0
07-30 01:34:55.567  1872  4517 I sensors-hal: handle_oplus_wise_rgb_event:189, high_pwm_light:lux 3.3,cct 5300.0,brl/algo/ir 264.0/2.0/0.0,pwm/dc 0.0/0.0,rgbc 171.518036/173.255234/64.967674/422.118683,ts 49111836817,cnt 680,flag 129
07-30 01:34:55.568  1950  4503 I Dpps    : LtmSwState::SetParameter():144 ignore cmd 7 in state LtmOffState
--------- beginning of system
07-30 01:34:55.574  3497  3836 D VRR [OPlusGameStatusManager]: handleMessage: 7004
07-30 01:34:55.574  3497  3836 D VRR [OPlusGameStatusManager]: handleBrightnessDone
07-30 01:34:55.591  7246  7330 I SG::SettingManager: metisDomainObserver: data change. selfChange=false [base|com.oplus.pantanal.ums|1.5.5-f48228a]
07-30 01:34:55.594  8308  8346 I ContextAware_DomainProvider: ums getSubDomainInfo intentMap:{travel_preparation=travel, internal_aod_prompt=app_prompt, file_manager=system_tools, creation_activity=system_tools, internal_xiaobu=system_settings, takeout=life_service, terminals_cloud=system_tools, tips=system_settings, internal_assistant_screen=ASSISTANT_SCREEN, navigation=app_prompt, internal_intent_lib=system_tools, weather=system_tools, payment=financial_planning, internal_address_recognition=system_tools, communication=system_tools, train=travel, ridehailing=travel, repayment=financial_planning, course_reminder=workplace_learning, read=media_service, epidemic=travel, travel_service=life_service, movie_performance=life_service, living_expense_payment_reminder=life_service, application_suggestions=system_tools, open_wlan=system_settings, commute=life_service, clear_memory=system_settings, internal_upgrade=app_upgrade, close_torch=system_settings, flight=travel, movie_notice=life_service, event_services=media_service, game=system_tools, content_consult=media_service, sticky_note=system_tools, appointment_reminder=system_settings, departure_reminder=life_service, recording=system_tools, video=media_service, outdoor_activities=system_settings, festival_reminder=media_service, living_expenses=financial_planning, application_recommendat=system_tools, hotel=travel_epidemic, nearby_power_bank=life_service, audio=media_service, store_service=life_service, publictransit=travel, calendar=system_settings, delivery=life_service, internal_account_bind=account_bind, domestic_travel_service=life_service, xiaobu_assistant=system_tools, health=system_tools, app_usage=system_settings, meal=life_service, text_intent=system_tools, parking_service=travel, internal_demo_mode=sale_mode} [base|com.oplus.metis|1.5.5-f48228a]
07-30 01:34:55.596  8308  8346 I ContextAware_DomainProvider: ums getSubDomainInfo result:travel_preparation: true,internal_aod_prompt: false,file_manager: true,creation_activity: true,internal_xiaobu: false,takeout: true,terminals_cloud: true,tips: true,internal_assistant_screen: false,navigation: true,internal_intent_lib: false,weather: true,payment: true,internal_address_recognition: false,communication: true,train: true,ridehailing: true,repayment: true,course_reminder: true,read: true,epidemic: false,travel_service: true,movie_performance: true,living_expense_payment_reminder: true,application_suggestions: false,open_wlan: true,commute: true,clear_memory: true,internal_upgrade: false,close_torch: true,flight: true,movie_notice: true,event_services: true,game: true,content_consult: true,sticky_note: true,appointment_reminder: true,departure_reminder: true,recording: true,video: true,outdoor_activities: true,festival_reminder: false,living_expenses: false,application_recommendat: false,hotel: true,nearby_power_bank: true,audio: true,store_service: true,publictransit: true,calendar: true,delivery: true,internal_account_bind: false,domestic_travel_service: true,xiaobu_assistant: true,health: true,app_usage: true,meal: true,text_intent: true,parking_service: true,internal_demo_mode: false,
07-30 01:34:55.597  7246  7330 I SG::SettingManager: delete: []
07-30 01:34:55.597  7246  7330 I SG::SettingManager: query from metis: [CloudDataEntity(subDomain='travel_preparation', domain=travel), CloudDataEntity(subDomain='file_manager', domain=system_tools), CloudDataEntity(subDomain='creation_activity', domain=system_tools), CloudDataEntity(subDomain='takeout', domain=life_service), CloudDataEntity(subDomain='terminals_cloud', domain=system_tools), CloudDataEntity(subDomain='tips', domain=system_settings), CloudDataEntity(subDomain='navigation', domain=app_prompt), CloudDataEntity(subDomain='weather', domain=system_tools), CloudDataEntity(subDomain='payment', domain=financial_planning), CloudDataEntity(subDomain='communication', domain=system_tools), CloudDataEntity(subDomain='train', domain=travel), CloudDataEntity(subDomain='ridehailing', domain=travel), CloudDataEntity(subDomain='repayment', domain=financial_planning), CloudDataEntity(subDomain='course_reminder', domain=workplace_learning), CloudDataEntity(subDomain='read', domain=media_service), CloudDataEntity(subDomain='travel_service', domain=life_service), CloudDataEntity(subDomain='movie_performance', domain=life_service), CloudDataEntity(subDomain='living_expense_payment_reminder', domain=life_service), CloudDataEntity(subDomain='open_wlan', domain=system_settings), CloudDataEntity(subDomain='commute', domain=life_service), CloudDataEntity(subDomain='clear_memory', domain=system_settings), CloudDataEntity(subDomain='close_torch', domain=system_settings), CloudDataEntity(subDomain='flight', domain=travel), CloudDataEntity(subDomain='movie_notice', domain=life_service), CloudDataEntity(subDomain='event_services', domain=media_service), CloudDataEntity(subDomain='game', domain=system_tools), CloudDataEntity(subDomain='content_consult', domain=media_service), CloudDataEntity(subDomain='sticky_note', domain=system_tools), CloudDataEntity(subDomain='appointment_reminder', domain=system_settings), CloudDataEntity(subDomain='departure_reminder', domain=life_service), CloudDataEntity(subDomain='recording', domain=system_tools), CloudDataEntity(subDomain='video', domain=media_service), CloudDataEntity(subDomain='outdoor_activities', domain=system_settings), CloudDataEntity(subDomain='hotel', domain=travel_epidemic), CloudDataEntity(subDomain='nearby_power_bank', domain=life_service), CloudDataEntity(subDomain='audio', domain=media_service), CloudDataEntity(subDomain='store_service', domain=life_service), CloudDataEntity(subDomain='publictransit', domain=travel), CloudDataEntity(subDomain='calendar', domain=system_settings), CloudDataEntity(subDomain='delivery', domain=life_service), CloudDataEntity(subDomain='domestic_travel_service', domain=life_service), CloudDataEntity(subDomain='xiaobu_assistant', domain=system_tools), CloudDataEntity(subDomain='health', domain=system_tools), CloudDataEntity(subDomain='app_usage', domain=system_settings), CloudDataEntity(subDomain='meal', domain=life_service), CloudDataEntity(subDomain='text_intent', domain=system_tools), CloudDataEntity(subDomain='parking_service', domain=travel)]
07-30 01:34:55.606  7246  7568 I SG::UpdateSubDomainUtil: updateWhenMetisChange forceUpdate: false [base|com.oplus.pantanal.ums|1.5.5-f48228a]
07-30 01:34:55.606  7246  7568 W SG::UpdateSubDomainUtil: allChangeDomains is empty!
07-30 01:34:55.611 11628 11641 W System  : A resource failed to call AbstractCursor.close. 
07-30 01:34:55.660  2030  2030 D vendor.oplus.hardware.charger-V7-service: getChargerControl:
07-30 01:34:55.660  6597  6622 E oiface  : sched_setaffinity failed
07-30 01:34:55.676  3497  5374 W BestClock: java.time.DateTimeException: Missing network time fix
07-30 01:34:55.676  3497  5374 W BestClock: java.time.DateTimeException: Missing network time fix
07-30 01:34:55.677  3497  5374 W BestClock: java.time.DateTimeException: Missing network time fix
07-30 01:34:55.678  2018  9971 E PerformanceService: storage_feature: open /sys/devices/platform/soc/112b0000.ufshci//virtualtlcbuff fail
07-30 01:34:55.808  1950  4503 I Dpps    : LtmSwState::SetParameter():144 ignore cmd 7 in state LtmOffState
07-30 01:34:55.858  3239  3239 E OplusTouchDaemon: ts_run_service: shellback temperature updated 36 (36106)
07-30 01:34:55.868  2016  2016 D SensorFeature: name=ssc_screenshot_info ,index = 22
07-30 01:34:55.868  2016  2016 D SensorFeature: write 29 bytes:47012176283,49479464094,130,0
07-30 01:34:55.907  2030  2067 D BatteryChargeControl: bcc get no support from charging protocol
07-30 01:34:55.998 10854 11139 D BootUtil: savedDiffTime: 1753853646387, currentDiffTime: 1753853646388, isReboot: false
07-30 01:34:56.070  1872  4517 I sensors-hal: handle_oplus_wise_rgb_event:189, high_pwm_light:lux 3.2,cct 5300.0,brl/algo/ir 264.0/2.0/0.0,pwm/dc 0.0/0.0,rgbc 169.102280/170.913956/62.998959/419.560364,ts 49461200306,cnt 690,flag 130
07-30 01:34:56.072  1950  4503 I Dpps    : LtmSwState::SetParameter():144 ignore cmd 7 in state LtmOffState
07-30 01:34:56.106  3497  5374 E AppOps  : attributionTag OplusLBS not declared in manifest of android
07-30 01:34:56.173  2016  2016 D SensorFeature: name=ssc_screenshot_info ,index = 22
07-30 01:34:56.174  2016  2016 D SensorFeature: write 29 bytes:47012176283,49784147011,131,0
07-30 01:34:56.236  7241 13070 D DebugReportServiceIDLClient: getReport ...
07-30 01:34:56.237  7241 13070 D DebugReportServiceIDLClient: getReport success: true
07-30 01:34:56.237  7241 13070 D DebugReportServiceIDLClient: getReport 1.0 success: true
07-30 01:34:56.321  5048  5946 W h       : networkLogger fail！
07-30 01:34:56.322  5048  5946 D Acc-OplusLinkBoostCommon: notifyThermalBroadCast level = 4 temp = 35,lastTemp: 36 ,th: 44
07-30 01:34:56.322  5225  5225 D RFPowerBoostManager: my thermal listener proxy invoke method:notifyThermalBroadCast args len:2
07-30 01:34:56.322  5225  5225 D RFPowerBoostManager: current temp is 35, mInCalling is false, current threshold is 41
07-30 01:34:56.322  6565  6606 E horae   : Horae service notifyComponentHeat caught exception -2
07-30 01:34:56.335  1950  4503 I Dpps    : LtmSwState::SetParameter():144 ignore cmd 7 in state LtmOffState
07-30 01:34:56.479  2016  2016 D SensorFeature: name=ssc_screenshot_info ,index = 22
07-30 01:34:56.479  2016  2016 D SensorFeature: write 29 bytes:47012176283,50090203052,132,0
07-30 01:34:56.485  3497  4460 D ActivityManager: Freezer deadlock watchdog
07-30 01:34:56.601  1872  4517 I sensors-hal: handle_oplus_wise_rgb_event:189, high_pwm_light:lux 3.2,cct 5300.0,brl/algo/ir 264.0/2.0/0.0,pwm/dc 0.0/0.0,rgbc 171.518036/173.255234/64.967674/427.235260,ts 50066835879,cnt 700,flag 132
07-30 01:34:56.601  1950  4503 I Dpps    : LtmSwState::SetParameter():144 ignore cmd 7 in state LtmOffState
07-30 01:34:56.680  3497  4684 W Binder  : Outgoing transactions from this process must be FLAG_ONEWAY
07-30 01:34:56.680  3497  4684 W Binder  : java.lang.Throwable
07-30 01:34:56.680  3497  4684 W Binder  : 	at android.os.BinderProxy.transact(BinderProxy.java:633)
07-30 01:34:56.680  3497  4684 W Binder  : 	at android.content.ContentProviderProxy.insert(ContentProviderNative.java:587)
07-30 01:34:56.680  3497  4684 W Binder  : 	at android.content.ContentProviderClient.insert(ContentProviderClient.java:347)
07-30 01:34:56.680  3497  4684 W Binder  : 	at android.content.ContentProviderClient.insert(ContentProviderClient.java:336)
07-30 01:34:56.680  3497  4684 W Binder  : 	at com.oplus.util.OplusStatisticsImpl.insert(OplusStatisticsImpl.java:307)
07-30 01:34:56.680  3497  4684 W Binder  : 	at com.oplus.util.OplusStatisticsImpl.sendDataToDCS(OplusStatisticsImpl.java:287)
07-30 01:34:56.680  3497  4684 W Binder  : 	at com.oplus.util.OplusStatisticsImpl.flushInternal(OplusStatisticsImpl.java:264)
07-30 01:34:56.680  3497  4684 W Binder  : 	at com.oplus.util.OplusStatisticsImpl.lambda$setDelayFlushJobIfNeed$4(OplusStatisticsImpl.java:211)
07-30 01:34:56.680  3497  4684 W Binder  : 	at com.oplus.util.OplusStatisticsImpl.$r8$lambda$4UYTp2NCu6Rml69JNqEuK7o54SI(Unknown Source:0)
07-30 01:34:56.680  3497  4684 W Binder  : 	at com.oplus.util.OplusStatisticsImpl$$ExternalSyntheticLambda5.run(D8$$SyntheticClass:0)
07-30 01:34:56.680  3497  4684 W Binder  : 	at java.util.concurrent.Executors$RunnableAdapter.call(Executors.java:487)
07-30 01:34:56.680  3497  4684 W Binder  : 	at java.util.concurrent.FutureTask.run(FutureTask.java:290)
07-30 01:34:56.680  3497  4684 W Binder  : 	at java.util.concurrent.ScheduledThreadPoolExecutor$ScheduledFutureTask.run(ScheduledThreadPoolExecutor.java:307)
07-30 01:34:56.680  3497  4684 W Binder  : 	at java.util.concurrent.ThreadPoolExecutor.runWorker(ThreadPoolExecutor.java:1145)
07-30 01:34:56.680  3497  4684 W Binder  : 	at java.util.concurrent.ThreadPoolExecutor$Worker.run(ThreadPoolExecutor.java:644)
07-30 01:34:56.680  3497  4684 W Binder  : 	at java.lang.Thread.run(Thread.java:1012)
07-30 01:34:56.786  2016  2016 D SensorFeature: name=ssc_screenshot_info ,index = 22
07-30 01:34:56.787  2016  2016 D SensorFeature: write 29 bytes:47012176283,50396425604,133,0
07-30 01:34:56.869  1950  4503 I Dpps    : LtmSwState::SetParameter():144 ignore cmd 7 in state LtmOffState
07-30 01:34:56.908  2030  2067 D BatteryChargeControl: bcc get no support from charging protocol
07-30 01:34:57.003 10854 11139 D BootUtil: savedDiffTime: 1753853646388, currentDiffTime: 1753853646388, isReboot: false
07-30 01:34:57.095  2016  2016 D SensorFeature: name=ssc_screenshot_info ,index = 22
07-30 01:34:57.095  2016  2016 D SensorFeature: write 29 bytes:47012176283,50706094615,134,0
07-30 01:34:57.134  1872  4517 I sensors-hal: handle_oplus_wise_rgb_event:189, high_pwm_light:lux 3.0,cct 5300.0,brl/algo/ir 264.0/2.0/0.0,pwm/dc 0.0/0.0,rgbc 171.518036/168.572662/62.998959/424.676941,ts 50688987233,cnt 710,flag 134
07-30 01:34:57.136  1950  4503 I Dpps    : LtmSwState::SetParameter():144 ignore cmd 7 in state LtmOffState
07-30 01:34:57.236  7241 13070 D DebugReportServiceIDLClient: getReport ...
07-30 01:34:57.237  7241 13070 D DebugReportServiceIDLClient: getReport success: true
07-30 01:34:57.237  7241 13070 D DebugReportServiceIDLClient: getReport 1.0 success: true
07-30 01:34:57.369  7942  9361 E DeepThinker: GeneralConfigManager:handelGeneralRequest, fail: , java.net.UnknownHostException: Unable to resolve host "odin-distrib-cn.allawntech.com": No address associated with hostname
07-30 01:34:57.369  7942  9361 E DeepThinker: java.net.Inet6AddressImpl.lookupHostByName(Inet6AddressImpl.java:156)
07-30 01:34:57.369  7942  9361 E DeepThinker: java.net.Inet6AddressImpl.lookupAllHostAddr(Inet6AddressImpl.java:103)
07-30 01:34:57.369  7942  9361 E DeepThinker: java.net.InetAddress.getAllByName(InetAddress.java:1152)
07-30 01:34:57.369  7942  9361 E DeepThinker: okhttp3.p$a$a.a(Dns.kt:6)
07-30 01:34:57.369  7942  9361 E DeepThinker: okhttp3.internal.connection.h.e(RouteSelector.kt:157)
07-30 01:34:57.369  7942  9361 E DeepThinker: okhttp3.internal.connection.h.d(RouteSelector.kt:21)
07-30 01:34:57.369  7942  9361 E DeepThinker: okhttp3.internal.connection.h.c(RouteSelector.kt:18)
07-30 01:34:57.369  7942  9361 E DeepThinker: okhttp3.internal.connection.d.b(ExchangeFinder.kt:197)
07-30 01:34:57.369  7942  9361 E DeepThinker: okhttp3.internal.connection.d.c(ExchangeFinder.kt:1)
07-30 01:34:57.369  7942  9361 E DeepThinker: okhttp3.internal.connection.d.a(ExchangeFinder.kt:52)
07-30 01:34:57.369  7942  9361 E DeepThinker: okhttp3.internal.connection.e.v(RealCall.kt:32)
07-30 01:34:57.369  7942  9361 E DeepThinker: okhttp3.internal.connection.a.a(ConnectInterceptor.kt:12)
07-30 01:34:57.369  7942  9361 E DeepThinker: hh.g.b(RealInterceptorChain.kt:163)
07-30 01:34:57.369  7942  9361 E DeepThinker: fh.a.a(CacheInterceptor.kt:150)
07-30 01:34:57.369  7942  9361 E DeepThinker: hh.g.b(RealInterceptorChain.kt:163)
07-30 01:34:57.369  7942  9361 E DeepThinker: hh.a.a(BridgeInterceptor.kt:168)
07-30 01:34:57.369  7942  9361 E DeepThinker: hh.g.b(RealInterceptorChain.kt:163)
07-30 01:34:57.369  7942  9361 E DeepThinker: hh.j.a(RetryAndFollowUpInterceptor.kt:35)
07-30 01:34:57.369  7942  9361 E DeepThinker: hh.g.b(RealInterceptorChain.kt:163)
07-30 01:34:57.369  7942  9361 E DeepThinker: okhttp3.internal.connection.e.u(RealCall.kt:113)
07-30 01:34:57.369  7942  9361 E DeepThinker: okhttp3.internal.connection.e.execute(RealCall.kt:28)
07-30 01:34:57.369  7942  9361 E DeepThinker: db.a.b(GeneralConfigManager.kt:19)
07-30 01:34:57.369  7942  9361 E DeepThinker: db.a.d(GeneralConfigManager.kt:176)
07-30 01:34:57.369  7942  9361 E DeepThinker: db.a.a(GeneralConfigManager.kt:22)
07-30 01:34:57.369  7942  9361 E DeepThinker: com.oplus.deepthinker.pcshare.core.businesslabel.LabelManager.getTotalGeneralConfig(LabelManager.kt:6)
07-30 01:34:57.369  7942  9361 E DeepThinker: com.oplus.deepthinker.ability.ai.userprofile.deviceinstantlabel.DeviceInstantLabelEntry.d(DeviceInstantLabelEntry.kt:13)
07-30 01:34:57.369  7942  9361 E DeepThinker: com.oplus.deepthinker.ability.ai.userprofile.deviceinstantlabel.DeviceInstantLabelEntry.b(DeviceInstantLabelEntry.kt:1)
07-30 01:34:57.369  7942  9361 E DeepThinker: com.oplus.deepthinker.ability.ai.userprofile.deviceinstantlabel.DeviceInstantLabelEntry$b.b(DeviceInstantLabelEntry.kt:85)
07-30 01:34:57.369  7942  9361 E DeepThinker: com.oplus.deepthinker.ability.ai.userprofile.deviceinstantlabel.DeviceInstantLabelEntry$b.a(DeviceInstantLabelEntry.kt:3)
07-30 01:34:57.369  7942  9361 E DeepThinker: com.oplus.deepthinker.internal.api.utils.StaticHandler.onHandleMessage(StaticHandler.kt:15)
07-30 01:34:57.369  7942  9361 E DeepThinker: com.oplus.deepthinker.internal.api.work.NamedHandler.handleMessage(NamedHandler.kt:8)
07-30 01:34:57.369  7942  9361 E DeepThinker: android.os.Handler.dispatchMessage(Handler.java:112)
07-30 01:34:57.369  7942  9361 E DeepThinker: com.oplus.deepthinker.internal.api.work.NamedHandler.dispatchMessage(NamedHandler.kt:8)
07-30 01:34:57.369  7942  9361 E DeepThinker: android.os.Looper.loopOnce(Looper.java:288)
07-30 01:34:57.369  7942  9361 E DeepThinker: android.os.Looper.loop(Looper.java:393)
07-30 01:34:57.369  7942  9361 E DeepThinker: android.os.HandlerThread.run(HandlerThread.java:85)
07-30 01:34:57.370  7942  9361 E DeepThinker: GeneralConfigManager: updateAttributeGeneratorConfigMap, configFile don't exist
07-30 01:34:57.403  2016  2016 D SensorFeature: name=ssc_screenshot_info ,index = 22
07-30 01:34:57.403  2016  2016 D SensorFeature: write 29 bytes:47012176283,51014137062,135,0
07-30 01:34:57.406  1950  4503 I Dpps    : LtmSwState::SetParameter():144 ignore cmd 7 in state LtmOffState
07-30 01:34:57.493  5048  5958 W BluetoothAdapterExtImpl: getBluetoothConnectionCount：mOplusBluetooth null!
07-30 01:34:57.496  5048  5958 D TelephonyImpl: isRequestingMms
07-30 01:34:57.497  5048  5958 D TelephonyImpl: getReleaseMmsNetworkTime
07-30 01:34:57.498  5048  5958 D OplusDdsSwitchStrategy: Md,OplusCheckFeature,RETURN_TO_CUR_ACTION_DDS
07-30 01:34:57.590  3497  4477 V AlarmManager: sending alarm Alarm{23beabb type 2 origWhen 51199 whenElapsed 51199 android} uid 1000 whenElapsed 51199 windowLength 0 maxWhenElapsed 51199 repeatInterval 0 action null component null tag $android.alarm.generated:1000:51199 flags 0x9 procName system_server
07-30 01:34:57.594  3497  3716 D LocationManagerService: network provider removed registration from 10154/com.coloros.assistantscreen/E1654BEB
07-30 01:34:57.605  5225  5225 D SubsysEventListenerManager-SubsysTelephonyCallback[0]: onCellInfoChanged
07-30 01:34:57.663  1872  4517 I sensors-hal: handle_oplus_wise_rgb_event:189, high_pwm_light:lux 3.1,cct 5300.0,brl/algo/ir 264.0/2.0/0.0,pwm/dc 0.0/0.0,rgbc 176.349533/170.913956/62.998959/422.118683,ts 51038846087,cnt 720,flag 135
07-30 01:34:57.664  3497  4451 D FusionLightNextGen: process end reported = 1, mode: 0, lux 0.0, cct -1.0, r/g/b/c: 171.5/170.9/63.0/422.1, R/G/B: 104.0/98.0/97.0, bri 264.0, match 1.00, ir 0.000000, conf 0.0, ts 51047104108
07-30 01:34:57.667  1950  4503 I Dpps    : LtmSwState::SetParameter():144 ignore cmd 7 in state LtmOffState
07-30 01:34:57.706  2016  2016 D SensorFeature: name=ssc_screenshot_info ,index = 22
07-30 01:34:57.706  2016  2016 D SensorFeature: write 29 bytes:47012176283,51317194771,136,0
07-30 01:34:57.810  5048  6447 I PCDR-common_no_service[0]: lift forbidden
07-30 01:34:57.810  5048  6447 I PCDR-common_no_45g[0]: lift forbidden
07-30 01:34:57.846  1858  1858 D healthd : system healthd: battery l=100 v=4420 t=32.3 h=2 st=2 c=-115 fc=5920000 cc=20 chg=u
07-30 01:34:57.855  6773  6821 W System  : A resource failed to call AbstractCursor.close. 
07-30 01:34:57.855  6773  6821 W System  : A resource failed to call AbstractCursor.close. 
07-30 01:34:57.855  6773  6821 W System  : A resource failed to call AbstractCursor.close. 
07-30 01:34:57.855  6773  6821 W System  : A resource failed to call AbstractCursor.close. 
07-30 01:34:57.855  6773  6821 W System  : A resource failed to call AbstractCursor.close. 
07-30 01:34:57.855  6773  6821 W System  : A resource failed to call AbstractCursor.close. 
07-30 01:34:57.855  6773  6821 W System  : A resource failed to call AbstractCursor.close. 
07-30 01:34:57.855  6773  6821 W System  : A resource failed to call AbstractCursor.close. 
07-30 01:34:57.884  2030  2030 D vendor.oplus.hardware.charger-V7-service: get_ui_charge_icon_type 0 0 0 0 0
07-30 01:34:57.885  2030  2030 D vendor.oplus.hardware.charger-V7-service: oplus_chg_get_cpa_power 2500 charge_online 1 retention_topic 0
07-30 01:34:57.885  2030  2030 D vendor.oplus.hardware.charger-V7-service: oplus_chg_get_cpa_power 2500 charge_online 1 retention_topic 0
07-30 01:34:57.885  2030  2030 D vendor.oplus.hardware.charger-V7-service: getIsSingleHyperSupport=2, cpa_power=2
07-30 01:34:57.886  3497  3769 D BatteryStatsImplExtImpl: updateStandbyStatistics time interval is too short, ingore.
07-30 01:34:57.887  3497  3769 D BatteryStatsImplExtImpl: rpmhStats is null or interval time is too short.
07-30 01:34:57.908  2030  2067 D BatteryChargeControl: bcc get no support from charging protocol
07-30 01:34:57.929  1950  4503 I Dpps    : LtmSwState::SetParameter():144 ignore cmd 7 in state LtmOffState
07-30 01:34:58.009  2016  2016 D SensorFeature: name=ssc_screenshot_info ,index = 22
07-30 01:34:58.009  2016  2016 D SensorFeature: write 29 bytes:47012176283,51620198364,137,0
07-30 01:34:58.106  3497  5377 E AppOps  : attributionTag OplusLBS not declared in manifest of android
07-30 01:34:58.136  6476 11965 D ContactsProvider: performBackgroundTask: task id: 20
07-30 01:34:58.137  6476 11965 D ContactsProvider: performBackgroundTask: task id: 24
07-30 01:34:58.195  1872  4517 I sensors-hal: handle_oplus_wise_rgb_event:189, high_pwm_light:lux 3.2,cct 5300.0,brl/algo/ir 264.0/2.0/0.0,pwm/dc 0.0/0.0,rgbc 173.933777/170.913956/62.998959/427.235260,ts 51603438171,cnt 730,flag 137
07-30 01:34:58.196  1950  4503 I Dpps    : LtmSwState::SetParameter():144 ignore cmd 7 in state LtmOffState
07-30 01:34:58.206  3497  5069 I OplusHansManager : uid=10157, pkg=com.baidu.input_oppo cannot transition from R to M, importance=input
07-30 01:34:58.214  1835  1838 E Diag-Router: diag: glinkpkt_open: failed to create control node for slate_adsp
07-30 01:34:58.214  1835  1838 E Diag-Router: diag: diag_glinkpkt_open_thread: Glinkpkt_open failed for perif: 13 with err: -1, retry_cnt: 8
07-30 01:34:58.214  1835  1837 E Diag-Router: diag: glinkpkt_open: failed to create control node for slate_apps
07-30 01:34:58.214  1835  1837 E Diag-Router: diag: diag_glinkpkt_open_thread: Glinkpkt_open failed for perif: 12 with err: -1, retry_cnt: 8
07-30 01:34:58.218  3497  3818 E AppOps  : attributionTag ArcBrightness not declared in manifest of android
07-30 01:34:58.218  3497  3818 E AppOps  : attributionTag ArcBrightness not declared in manifest of android
07-30 01:34:58.219  3497  3818 D LocationManagerService: gps provider removed registration from 1000/android[ArcBrightness]/801D26F0
07-30 01:34:58.220  3497  3716 I GnssLocationProvider: Update client Uids --> old: WorkSource{1000 android} new: WorkSource{}
07-30 01:34:58.220  3497  3716 I GnssLocationProvider: Returning Diffs done --> current clientSource is : WorkSource{}
07-30 01:34:58.220  1857  1857 I GnssAidl: ===> stop line 231 
07-30 01:34:58.220  1857  1935 I LocSvc_api_v02: ---> locClientSendReq line 2409 QMI_LOC_STOP_REQ_V02
07-30 01:34:58.220  1857  1917 I LocSvc_SystemStatusOsObserver: sendCachedDataItems:471] DataItem: TRACKING_STARTED: false >> XtraSystemStatusObserver
07-30 01:34:58.221  1857  1935 I LocSvc_ApiV02: adjustLocClientEventMask:766] oldQmiMask=0xe1220e060a24b qmiMask=0xd0020e060a2c8 mInSession: 0, power state 0, retry queue empty 1, mEngineOn: 1, qmi mask has engine state 1
07-30 01:34:58.221  1857  1935 I LocSvc_api_v02: ---> locClientSendReq line 2409 QMI_LOC_REG_EVENTS_REQ_V02
07-30 01:34:58.221  3497  3716 E AppOps  : attributionTag OplusLBS not declared in manifest of android
07-30 01:34:58.221  3497  3716 D LocationManagerService: passive provider removed registration from 1000/android[OplusLBS]/4F28B527
07-30 01:34:58.221  3497  3716 V OplusLocationStatusMonitor: remove listener succeed
07-30 01:34:58.221  1857  4005 I LocSvc_ApiV02: <--- globalEventCb line 257 QMI_LOC_EVENT_REPORT_IND_V02
07-30 01:34:58.221  3497  3716 W AlarmManager: Unrecognized alarm listener com.android.server.location.gnss.GnssLocationProvider$$ExternalSyntheticLambda25@caa1bd8
07-30 01:34:58.221  1857  4005 I LocSvc_LocApiBase: setQwesFeatureStatus:247] Feature : 20 isValid: 0
07-30 01:34:58.221  3497  3716 W AlarmManager: Unrecognized alarm listener com.android.server.location.gnss.GnssLocationProvider$$ExternalSyntheticLambda24@9f9db31
07-30 01:34:58.221  1857  4005 I LocSvc_LocApiBase: setQwesFeatureStatus:247] Feature : 8 isValid: 0
07-30 01:34:58.221  1857  4005 I LocSvc_LocApiBase: setQwesFeatureStatus:247] Feature : 7 isValid: 0
07-30 01:34:58.221  1857  4005 I LocSvc_LocApiBase: setQwesFeatureStatus:247] Feature : 17 isValid: 1
07-30 01:34:58.221  1857  4005 I LocSvc_LocApiBase: setQwesFeatureStatus:247] Feature : 6 isValid: 1
07-30 01:34:58.221  1857  4005 I LocSvc_LocApiBase: setQwesFeatureStatus:247] Feature : 5 isValid: 1
07-30 01:34:58.221  1857  4005 I LocSvc_LocApiBase: setQwesFeatureStatus:247] Feature : 4 isValid: 1
07-30 01:34:58.221  1857  4005 I LocSvc_LocApiBase: setQwesFeatureStatus:247] Feature : 3 isValid: 0
07-30 01:34:58.221  1857  4005 I LocSvc_LocApiBase: setQwesFeatureStatus:247] Feature : 13 isValid: 0
07-30 01:34:58.221  1857  4005 I LocSvc_LocApiBase: setQwesFeatureStatus:247] Feature : 2 isValid: 1
07-30 01:34:58.221  1857  4005 I LocSvc_LocApiBase: setQwesFeatureStatus:247] Feature : 1 isValid: 0
07-30 01:34:58.221  3497  3716 W SensorService: SensorEventConnection sensor handle=291, package = com.android.server.location.power.saver.NavigationStatusLightMonitor disable
07-30 01:34:58.221  3497  3716 D SensorService: SensorDevice::activate: ident=0xb400006e66c72380, handle=0x00000123, enabled=0, count=1
07-30 01:34:58.221  3497  3716 D SensorService: disable index=0
07-30 01:34:58.221  3497  3716 D SensorService: activateHardware = 1
07-30 01:34:58.221  3497  3716 D SensorService: 	>>> actuating h/w activate handle=291 enabled=0
07-30 01:34:58.221  1857  1935 I android.hardware.gnss-aidl-service-qti: registerEventMask:  mMask: 0x16a878244253 mQmiMask=0xd0020e060a2c8 qmiMask=0xd0020e060a2c8
07-30 01:34:58.221  1857  1935 I LocSvc_ApiV02: registerEventMask:662] mMask: 0x16a878244253 mQmiMask=0xd0020e060a2c8 qmiMask=0xd0020e060a2c8
07-30 01:34:58.221  1857  1935 I LocSvc_api_v02: ---> locClientSendReq line 2409 QMI_LOC_SET_TRIBAND_STATE_REQ_V02
07-30 01:34:58.221  1857  4005 I LocSvc_ApiV02: <--- globalEventCb line 257 QMI_LOC_EVENT_WIFI_REQ_IND_V02
07-30 01:34:58.221  1872  1872 I sensors-hal: activate:112, android.sensor.stationary_detect/291 en=0
07-30 01:34:58.221  1872  1872 I sensors-hal: send_sync_sensor_request:443, send sync request
07-30 01:34:58.221  1872  1872 I sensors-hal: send_sync_sensor_request:472, wait for notification of response
07-30 01:34:58.221  1857  4005 I LocSvc_ApiV02: <--- globalRespCb line 282 QMI_LOC_SET_TRIBAND_STATE_REQ_V02
07-30 01:34:58.222  1857  1917 I LocSvc_SystemStatusOsObserver: sendCachedDataItems:471] DataItem: TRACKING_STARTED: false >> LOC_LAUNCHER
07-30 01:34:58.222  1872 13129 I sensors-hal: qsh_conn_resp_cb:793, resp_value = 0 for persist_stationary_detect 
07-30 01:34:58.222  1872  1872 I sensors-hal: send_sync_sensor_request:478, takes 1 ms to receive the response with 0
07-30 01:34:58.222  1857  1917 I LocSvc_GnssAdapter: ReportQwesFeatureStatus before caps 14001a7f7f 
07-30 01:34:58.222  1857  1917 I LocSvc_GnssAdapter: ReportQwesFeatureStatus after caps 14001a7f7f 
07-30 01:34:58.223  2890  2890 E LOC_QESDK_WWAN: processIpcMsg:411] Unsupported msg id: 110
07-30 01:34:58.223  7241  7261 D LocationServiceIDLClient: [gnssCapabilitiesCb][1438] [HC] <<= [HS]
07-30 01:34:58.223  2890  2890 E LOC_QESDK_WWAN: processIpcMsg:411] Unsupported msg id: 110
07-30 01:34:58.223  1857  1917 I GnssAidl: ===> odcpiRequestCb line 313 
07-30 01:34:58.224  3174  3174 E LocSvc_launcher: Parent woken up!
07-30 01:34:58.224  1872  1872 I sensors-hal: ~qsh_qmi:61, ~qsh_qmi
07-30 01:34:58.224  1872  1872 I sensors-hal: activate:131, android.sensor.stationary_detect/291 en=0 completed
07-30 01:34:58.224  1834  1885 E minksocket: MinkIPC ERROR: ( 1834:1885 ) MinkIPC_preProcess:272 Client down, but cannot find corresponding minksession
07-30 01:34:58.224  3497  3716 D SensorServiceExtImpl: setLastEventStateForDisable reset the mRecentEvent handle = 291
07-30 01:34:58.224  3497  3716 D SensorServiceExtImpl: disable reset the lastEvent handle = 291 in disable
07-30 01:34:58.224  3497  3716 D SensorService: ~SensorEventConnection(0xb400006e66c72380)
07-30 01:34:58.224  3497  3716 D SensorService: 11 active sensors
07-30 01:34:58.224  1834  1896 E minksocket: MinkIPC ERROR: ( 1834:1896 ) MinkIPC_preProcess:272 Client down, but cannot find corresponding minksession
07-30 01:34:58.240  3497  4477 V AlarmManager: sending alarm Alarm{4dff96d type 2 origWhen 51853 whenElapsed 51853 android} uid 1000 whenElapsed 51853 windowLength 0 maxWhenElapsed 51853 repeatInterval 0 action null component null tag $android.alarm.generated:1000:51853 flags 0x9 procName system_server
07-30 01:34:58.241  3497  3716 D LocationManagerService: network provider removed registration from 1000/android[GnssService]/3DE8C901
07-30 01:34:58.244  1857  4005 I LocSvc_ApiV02: <--- globalEventCb line 257 QMI_LOC_EVENT_ENGINE_STATE_IND_V02
07-30 01:34:58.244  1857  1935 I LocSvc_ApiV02: proc:4884] current engine state 0, old engine state 1, in session 0
07-30 01:34:58.244  1857  1935 I LocSvc_ApiV02: adjustLocClientEventMask:766] oldQmiMask=0xe1220e060a24b qmiMask=0xd0020e060a248 mInSession: 0, power state 0, retry queue empty 1, mEngineOn: 0, qmi mask has engine state 0
07-30 01:34:58.244  1857  1935 I LocSvc_api_v02: ---> locClientSendReq line 2409 QMI_LOC_REG_EVENTS_REQ_V02
07-30 01:34:58.244  1857  4005 I LocSvc_ApiV02: <--- globalEventCb line 257 QMI_LOC_EVENT_REPORT_IND_V02
07-30 01:34:58.244  1857  4005 I LocSvc_LocApiBase: setQwesFeatureStatus:247] Feature : 20 isValid: 0
07-30 01:34:58.244  1857  4005 I LocSvc_LocApiBase: setQwesFeatureStatus:247] Feature : 8 isValid: 0
07-30 01:34:58.244  1857  4005 I LocSvc_LocApiBase: setQwesFeatureStatus:247] Feature : 7 isValid: 0
07-30 01:34:58.244  1857  4005 I LocSvc_LocApiBase: setQwesFeatureStatus:247] Feature : 17 isValid: 1
07-30 01:34:58.244  1857  4005 I LocSvc_LocApiBase: setQwesFeatureStatus:247] Feature : 6 isValid: 1
07-30 01:34:58.244  1857  4005 I LocSvc_LocApiBase: setQwesFeatureStatus:247] Feature : 5 isValid: 1
07-30 01:34:58.244  1857  4005 I LocSvc_LocApiBase: setQwesFeatureStatus:247] Feature : 4 isValid: 1
07-30 01:34:58.244  1857  4005 I LocSvc_LocApiBase: setQwesFeatureStatus:247] Feature : 3 isValid: 0
07-30 01:34:58.244  1857  4005 I LocSvc_LocApiBase: setQwesFeatureStatus:247] Feature : 13 isValid: 0
07-30 01:34:58.244  1857  4005 I LocSvc_LocApiBase: setQwesFeatureStatus:247] Feature : 2 isValid: 1
07-30 01:34:58.244  1857  4005 I LocSvc_LocApiBase: setQwesFeatureStatus:247] Feature : 1 isValid: 0
07-30 01:34:58.244  1857  1917 I LocSvc_GnssAdapter: ReportQwesFeatureStatus before caps 14001a7f7f 
07-30 01:34:58.244  1857  1917 I LocSvc_GnssAdapter: ReportQwesFeatureStatus after caps 14001a7f7f 
07-30 01:34:58.244  2890  2890 E LOC_QESDK_WWAN: processIpcMsg:411] Unsupported msg id: 110
07-30 01:34:58.244  1857  1935 I android.hardware.gnss-aidl-service-qti: registerEventMask:  mMask: 0x16a878244253 mQmiMask=0xd0020e060a248 qmiMask=0xd0020e060a248
07-30 01:34:58.244  1857  1935 I LocSvc_ApiV02: registerEventMask:662] mMask: 0x16a878244253 mQmiMask=0xd0020e060a248 qmiMask=0xd0020e060a248
07-30 01:34:58.244  7241  7261 D LocationServiceIDLClient: [gnssCapabilitiesCb][1438] [HC] <<= [HS]
07-30 01:34:58.244  2890  2890 E LOC_QESDK_WWAN: processIpcMsg:411] Unsupported msg id: 110
07-30 01:34:58.310  3497  4699 E OplusNetworkStackManager: initService mNetworkStackService is null, try again in 10s
07-30 01:34:58.310  2016  2016 D SensorFeature: name=ssc_screenshot_info ,index = 22
07-30 01:34:58.310  2016  2016 D SensorFeature: write 29 bytes:47012176283,51922885395,138,0
07-30 01:34:58.317 13087 13142 D ProfileInstaller: Installing profile for com.oplus.linker
07-30 01:34:58.412  2030  2053 D vendor.oplus.hardware.charger-V7-service: s_chg_user_mode: 3
07-30 01:34:58.412  2030  2053 D vendor.oplus.hardware.charger-V7-service: scale_chg Start!!!
07-30 01:34:58.412  2030  2053 D vendor.oplus.hardware.charger-V7-service: [0, 0, 3]
07-30 01:34:58.412  2030  2053 D vendor.oplus.hardware.charger-V7-service: [0, 2, 9]
07-30 01:34:58.412  2030  2053 D vendor.oplus.hardware.charger-V7-service: [0, 1, 3]
07-30 01:34:58.412  2030  2053 D vendor.oplus.hardware.charger-V7-service: [0, 3, 3]
07-30 01:34:58.412  2030  2053 D vendor.oplus.hardware.charger-V7-service: [0, 4, 3]
07-30 01:34:58.412  2030  2053 D vendor.oplus.hardware.charger-V7-service: [0, 5, 5]
07-30 01:34:58.412  2030  2053 D vendor.oplus.hardware.charger-V7-service: [0, 6, 9]
07-30 01:34:58.412  2030  2053 D vendor.oplus.hardware.charger-V7-service: scale_chg Start!!!
07-30 01:34:58.412  2030  2053 D vendor.oplus.hardware.charger-V7-service: [0, 0, 3]
07-30 01:34:58.412  2030  2053 D vendor.oplus.hardware.charger-V7-service: [0, 2, 10]
07-30 01:34:58.412  2030  2053 D vendor.oplus.hardware.charger-V7-service: [0, 1, 3]
07-30 01:34:58.412  2030  2053 D vendor.oplus.hardware.charger-V7-service: [0, 3, 3]
07-30 01:34:58.412  2030  2053 D vendor.oplus.hardware.charger-V7-service: [0, 4, 3]
07-30 01:34:58.412  2030  2053 D vendor.oplus.hardware.charger-V7-service: [0, 5, 3]
07-30 01:34:58.412  2030  2053 D vendor.oplus.hardware.charger-V7-service: [0, 6, 10]
07-30 01:34:58.420  6476 11965 D ContactsProvider: performBackgroundTask: task id: 21
07-30 01:34:58.420  6476 11965 D ContactsProvider: performBackgroundTask GET_QUICKSEARCH_VALUE
07-30 01:34:58.420  6476 11965 D ContactsProvider: performBackgroundTask: task id: 27
07-30 01:34:58.421  6476 11965 I com.customize.statistics.UploadStatisticsJobService: bootPermissionGranted : true
07-30 01:34:58.422  6476 11965 D CompatChangeReporter: Compat change id reported: 311402873; UID 10063; state: ENABLED
07-30 01:34:58.422  6476 11965 D CompatChangeReporter: Compat change id reported: 323349338; UID 10063; state: ENABLED
07-30 01:34:58.422  3497  5377 D CompatChangeReporter: Compat change id reported: 311402873; UID 10063; state: ENABLED
07-30 01:34:58.422  3497  5377 D CompatChangeReporter: Compat change id reported: 323349338; UID 10063; state: ENABLED
07-30 01:34:58.422  6476 11965 D ContactsProvider: performBackgroundTask: task id: 28
07-30 01:34:58.422  6476 11965 D ContactsProvider: performBackgroundTask: task id: 33
07-30 01:34:58.423  6476 11965 I ContactNumberHashHelper: start updateExistNumberHash
07-30 01:34:58.423  6476 11965 D ContactNumberHashHelper: updateExistNumberHash hasUpdated
07-30 01:34:58.425  2030  2066 D vendor.oplus.hardware.charger-V7-service: ret_value:116, read content:,323,348,4420,4419,-115,100,100,1,1,0,494,4651,100,1,4475,300,500,0,12,-22,12,0,1,0,2,0,0,0,1,6098,99,0,0,0,0,0,0,0
07-30 01:34:58.425  2030  2066 D vendor.oplus.hardware.charger-V7-service: gmtime: 2025-07-30-01-34-58
07-30 01:34:58.425  2030  2066 D vendor.oplus.hardware.charger-V7-service: usb_online:1, ac_online:-2147483648, wireless_online:0
07-30 01:34:58.460  3497  3749 D OomAdjuster: Not killing cached processes
07-30 01:34:58.462  3497  3818 D Arc[OplusBrightnessSceneAdapter]: Arc scene change!!! NormalScene -> StableScene [erraticScore:-1, stableScore:5467] isLuxRefresh:false
07-30 01:34:58.462  3497  3818 D Arc[OplusBrightnessAmbientAdapter[StabilityProcess]]: updateRangeStrategy: reason[SceneChange ] baseLux:1.0, scene:StableScene large{0.36249998, 7.01} largeForAux{0.36249998, 2.275} small{0.36249998, 4.2} null
07-30 01:34:58.462  1950  4503 I Dpps    : LtmSwState::SetParameter():144 ignore cmd 7 in state LtmOffState
07-30 01:34:58.462  3497  3818 D Arc[OplusBrightnessPhoneStateManager]: InOutDoor first reason: lux
07-30 01:34:58.463  3497  3818 D Arc[OplusSmartBrightnessController]: brightness changed!!!finalLux:0.0, weightLux:0.0, automaticLux:0.0, lastFinalLux:1.0, lastAutomaticLux:1.0, deviceDirection:Darkening, environmentDirection:Darkening, scene:StableScene, accelerateScale:1.0, updateProcess:[LargeChange], luxQueue:[0.0, 0.0, 0.0, 0.0], display[-1]:(1.0, 5.21875, 326.14108)->(0.0, 2.5, 80.45264), drag:null
07-30 01:34:58.463  3497  3818 D Arc[OplusSmartBrightnessController]: Detailed Statistics:PhoneState{TimeEvent{event:CALENDER_TIME id:1}-01:34:18, LuxEvent{event:MAIN_LUX lux:0.0}, ProximityEvent{event:FAR id:1}, MotionEvent{event:MOTIONLESS id:0}, InOutDoorEvent{event:IN_DOOR id:0}, DarkModeEvent{event:BRIGHT_MODE id:1}, NetworkEvent{event:UNKNOWN id:2}}
07-30 01:34:58.464  3497  3818 I OplusSmartBrightnessController: update target brightness point to : display[-1]=(1.0, 5.21875, 326.14108)->(0.0, 2.5, 80.45264)
07-30 01:34:58.464  3497  3818 I OplusSmartBrightnessController: onTargetBrightnessChange brightness change to (0.0, 2.5, 80.45264)
07-30 01:34:58.464  3497  3818 D Arc[OplusFeatureBrightnessBarController]: BrightnessBarController is not support.
07-30 01:34:58.465  3497  3805 I ColorAutomaticBrightnessController: updateAutoBrightness: Auto, sendUpdate = true adjustment=3109.000000,changed:326->80,modified:80->80->80,changed=true,cameraMode=-1,ProximityNear=false
07-30 01:34:58.465  3497  3805 D OplusFeatureHDREnhanceBrightness: setAnimating : displayId[0]=true
07-30 01:34:58.465  3497  3805 D OplusFeatureReduceBrightness: setAnimating : animating = true
07-30 01:34:58.465  3497  3805 D OplusFeatureEdrEnhanceBrightness: setAnimating: true
07-30 01:34:58.465  3497  3805 D OplusFeaturePwEdrEnhanceBrightness: setAnimating: true
07-30 01:34:58.468  3497  3805 D DpcExtImpl[0]: Animating brightness: hdrBrightness target=326->80,sdrBrightness target=326->80,rate=24->24,type=automatic,byUse=false local:4630946756802996883
07-30 01:34:58.470  3497  3805 D OplusDisplayBrightnessModel: new animation!index=[0]=[5.216545->2.496613], is Down animation, Seq = 9, AccelerateScale = 1.0, AdjFreq = 288.13278, SeqPhaseCount=[0, 0, 0]
07-30 01:34:58.470  3497  3805 W AnimationDuration: invalid refreshRate 288 edr=NORMAL,seq[false,[9:low->low]],levChange[326->80:80],primaryDpy=true,freshRate[288.13, 0.003, 1.000],verbose[sameInterrupt=false,levChange[326->80],nitChange[5.22->5.22->2.50:2.50],max[4095, 798.29]]
07-30 01:34:58.471  3497  3805 D AnimationDuration: auto duration time[4542,[545:[545, 0, 0], 120.0],levChange[326->80]->[326->80],anim{edr=NORMAL,seq[false,[9:low->low]],levChange[326->80:80],primaryDpy=true,freshRate[120.00, 0.003, 1.000],verbose[sameInterrupt=false,levChange[326->80],nitChange[5.22->5.22->2.50:2.50],max[4095, 798.29]]}, ProviderInfo{toDb[time[4542,52082],levChanged[start[326->326]->dbChanged[326->[80,1.000000:2.5]],5],pendingDb=false],displayId[0,true],one=false,defId=true,boot=true,useAuto=true,dragging[false,false],lowPower[false,false],needUpdate=true,winOverride=false,dolbyRecord=false,coverMode=false,HDREnhanced[false,false,80],EdrEnhance[false,false,false,false,80]},calcDuration=540156
07-30 01:34:58.472  3497  3805 D AnimationDuration: putStringForUser update=true type=auto ProviderInfo{toDb[time[4542,52083],levChanged[start[326->326]->dbChanged[326->[80,1.000000:2.5]],6],pendingDb=false],displayId[0,true],one=false,defId=true,boot=true,useAuto=true,dragging[false,false],lowPower[false,false],needUpdate=true,winOverride=false,dolbyRecord=false,coverMode=false,HDREnhanced[false,false,80],EdrEnhance[false,false,false,false,80]}
07-30 01:34:58.472  4910  4910 I SystemUi--QuickSettings: CentralSurfaces.BrightnessController-->onChange uri: content://settings/system/screen_brightness mAutomatic: true
07-30 01:34:58.474  4910  4910 I SystemUi--QuickSettings: CentralSurfaces.BrightnessController-->onChange uri: content://settings/system/screen_brightness_duration mAutomatic: true
07-30 01:34:58.475  4910  5042 I SystemUi--QuickSettings: CentralSurfaces.BrightnessController-->getScreenBrightnessDuration screen_brightness_duration: 4542.0 screenBrightnessStartValue: 326.0 animationStartTime: 52083.0
07-30 01:34:58.475  4910  5042 I SystemUi--QuickSettings: CentralSurfaces.BrightnessController-->mUpdateSliderAnimationRunnable sliderValue: 74 screenBrightnessDuration: 4542.0 startValue: 326.0 startTime: 52083.0
07-30 01:34:58.476  4910  4910 I SystemUi--QuickSettings: OplusQsBrightnessSliderController-->setProgressAnimation value: 74 isListening: false  screenBrightnessDuration: 4542.0  startValue: 326 startTime: 52083 lastDuration: 100.0 lastStartTime: 46089  max: 4089 sliderProgress: 0 needResetLastAnimation: false
07-30 01:34:58.480  1950  1950 I SDM     : DCCompensate::GetMonotonicTime: caculate the accutime ,curent tinme is 46 end time is 52 accultime is 6
07-30 01:34:58.538  1872  1994 I sensors-hal: send_brightness:991, light_iface: send_cfg, br 263, dc 0, power on 1, val 131335
07-30 01:34:58.538  1950  3259 I CasManager: DBV changed from 264 to 263
07-30 01:34:58.538  1950  3259 I CasManager: DBV changed, but bin id not change, so trigger gain
07-30 01:34:58.538  1950  3259 W SDM     : DemuraIntfImpl::ProcessOemPluginGain: Thermal intf_ is nullptr 0, default to 25 degree
07-30 01:34:58.538  1950  3259 I SDM     : CasQcPlugIn::ProcessPerCompGainOppo: input params, mode:PWM, fps:120, dbv:263
07-30 01:34:58.538  1950  3259 I SDM     : CasQcPlugIn::ProcessPerCompGainOppo: normalized bright_adj:1024, dbv:263, bin_dbv:19, 
07-30 01:34:58.538  1950  3259 I SDM     : CasQcPlugIn::ProcessPerCompGainOppo: gains print start =====================
07-30 01:34:58.538  1950  3259 I SDM     : CasQcPlugIn::ProcessPerCompGainOppo: gain --------------------------------
07-30 01:34:58.538  1950  3259 I SDM     : CasQcPlugIn::ProcessPerCompGainOppo: old: 0 0 0 203 371 784 1439 3072
07-30 01:34:58.538  1950  3259 I SDM     : CasQcPlugIn::ProcessPerCompGainOppo: new: 0 0 0 127 232 491 902 2186
07-30 01:34:58.538  1950  3259 I SDM     : CasQcPlugIn::ProcessPerCompGainOppo: gain --------------------------------
07-30 01:34:58.538  1950  3259 I SDM     : CasQcPlugIn::ProcessPerCompGainOppo: old: 0 0 0 165 279 566 1531 3072
07-30 01:34:58.538  1950  3259 I SDM     : CasQcPlugIn::ProcessPerCompGainOppo: new: 0 0 0 103 163 354 960 2186
07-30 01:34:58.538  1950  3259 I SDM     : CasQcPlugIn::ProcessPerCompGainOppo: gain --------------------------------
07-30 01:34:58.538  1950  3259 I SDM     : CasQcPlugIn::ProcessPerCompGainOppo: old: 0 0 0 237 458 732 1873 3072
07-30 01:34:58.538  1950  3259 I SDM     : CasQcPlugIn::ProcessPerCompGainOppo: new: 0 0 0 148 326 521 1333 2186
07-30 01:34:58.538  1950  3259 I SDM     : CasQcPlugIn::ProcessPerCompGainOppo: gains print end =======================
07-30 01:34:58.550  1950  3259 I SDM     : DemuraIntfImpl::StageAllData: Staged all data to Demura Driver!
07-30 01:34:58.551  1950  3259 I SDM     : HWPeripheralDRM::SetPanelFeature: Set Panel feature property 19
07-30 01:34:58.551  1950  3259 I SDM     : HWPeripheralDRM::SetPanelFeature: Set Panel feature property 7
07-30 01:34:58.551  1950  3259 I SDM     : DisplayBuiltIn::TriggerDemuraOemPlugIn: Trigger demura oem plugin success
07-30 01:34:58.556  1950  2249 I SDM     : DRMPanelFeatureMgr::ApplyDirtyFeature: Commited panel feature [enabled]: 20-272
07-30 01:34:58.556  1950  2249 I SDM     : DRMPanelFeatureMgr::ApplyDirtyFeature: Commited panel feature [enabled]: 8-271
07-30 01:34:58.566  3497  4860 I Osense-BaseDecisionMaker: notifySceneToAthenaPolicy: SCENE_IDLE_RECOVER, bundle: Bundle[{scene=SCENE_IDLE_RECOVER}]
07-30 01:34:58.567  3497  4860 I Osense-BaseDecisionMaker: scene: SCENE_IDLE_RECOVER, excutingPolicy: respreload
07-30 01:34:58.568  3497  4860 D Osense-BaseDecisionMaker: invoke process preload policy
07-30 01:34:58.568  3497  4860 I Osense-BaseDecisionMaker: scene: SCENE_IDLE_RECOVER, excutingPolicy: clear
07-30 01:34:58.568  3497  4860 D Osense-BaseDecisionMaker: invoke clear policy,type: unforbid
07-30 01:34:58.568  3497  4860 I OsenseKillAction: KillAction: unhandled request: id=10, enable=true, scene=SCENE_IDLE_RECOVER, type=unforbid, cchOnly=false, appcare=0
07-30 01:34:58.610  1872  1994 I sensors-hal: send_brightness:991, light_iface: send_cfg, br 261, dc 0, power on 1, val 131333
07-30 01:34:58.611  1950  3259 I CasManager: DBV changed from 263 to 261
07-30 01:34:58.611  1950  3259 I CasManager: DBV changed, but bin id not change, so trigger gain
07-30 01:34:58.611  1950  3259 W SDM     : DemuraIntfImpl::ProcessOemPluginGain: Thermal intf_ is nullptr 0, default to 25 degree
07-30 01:34:58.611  1950  3259 I SDM     : CasQcPlugIn::ProcessPerCompGainOppo: input params, mode:PWM, fps:120, dbv:261
07-30 01:34:58.611  1950  3259 I SDM     : CasQcPlugIn::ProcessPerCompGainOppo: normalized bright_adj:1024, dbv:261, bin_dbv:19, 
07-30 01:34:58.611  1950  3259 I SDM     : CasQcPlugIn::ProcessPerCompGainOppo: gains print start =====================
07-30 01:34:58.611  1950  3259 I SDM     : CasQcPlugIn::ProcessPerCompGainOppo: gain --------------------------------
07-30 01:34:58.611  1950  3259 I SDM     : CasQcPlugIn::ProcessPerCompGainOppo: old: 0 0 0 203 371 784 1439 3072
07-30 01:34:58.611  1950  3259 I SDM     : CasQcPlugIn::ProcessPerCompGainOppo: new: 0 0 0 128 234 494 908 2208
07-30 01:34:58.611  1950  3259 I SDM     : CasQcPlugIn::ProcessPerCompGainOppo: gain --------------------------------
07-30 01:34:58.611  1950  3259 I SDM     : CasQcPlugIn::ProcessPerCompGainOppo: old: 0 0 0 165 279 566 1531 3072
07-30 01:34:58.611  1950  3259 I SDM     : CasQcPlugIn::ProcessPerCompGainOppo: new: 0 0 0 104 163 357 966 2208
07-30 01:34:58.611  1950  3259 I SDM     : CasQcPlugIn::ProcessPerCompGainOppo: gain --------------------------------
07-30 01:34:58.611  1950  3259 I SDM     : CasQcPlugIn::ProcessPerCompGainOppo: old: 0 0 0 237 458 732 1873 3072
07-30 01:34:58.611  1950  3259 I SDM     : CasQcPlugIn::ProcessPerCompGainOppo: new: 0 0 0 149 329 526 1346 2208
07-30 01:34:58.611  1950  3259 I SDM     : CasQcPlugIn::ProcessPerCompGainOppo: gains print end =======================
07-30 01:34:58.613  2016  2016 D SensorFeature: name=ssc_screenshot_info ,index = 22
07-30 01:34:58.613  2016  2016 D SensorFeature: write 29 bytes:47012176283,52223725239,139,0
07-30 01:34:58.624  1950  3259 I SDM     : DemuraIntfImpl::StageAllData: Staged all data to Demura Driver!
07-30 01:34:58.624  1950  3259 I SDM     : HWPeripheralDRM::SetPanelFeature: Set Panel feature property 19
07-30 01:34:58.624  1950  3259 I SDM     : HWPeripheralDRM::SetPanelFeature: Set Panel feature property 7
07-30 01:34:58.624  1950  3259 I SDM     : DisplayBuiltIn::TriggerDemuraOemPlugIn: Trigger demura oem plugin success
07-30 01:34:58.632  1950  2249 I SDM     : DRMPanelFeatureMgr::ApplyDirtyFeature: Commited panel feature [enabled]: 20-272
07-30 01:34:58.632  1950  2249 I SDM     : DRMPanelFeatureMgr::ApplyDirtyFeature: Commited panel feature [enabled]: 8-271
07-30 01:34:58.638  1872  1994 I sensors-hal: send_brightness:991, light_iface: send_cfg, br 259, dc 0, power on 1, val 131331
07-30 01:34:58.638  1950  3259 I CasManager: DBV changed from 261 to 259
07-30 01:34:58.638  1950  3259 I CasManager: DBV changed, but bin id not change, so trigger gain
07-30 01:34:58.638  1950  3259 W SDM     : DemuraIntfImpl::ProcessOemPluginGain: Thermal intf_ is nullptr 0, default to 25 degree
07-30 01:34:58.638  1950  3259 I SDM     : CasQcPlugIn::ProcessPerCompGainOppo: input params, mode:PWM, fps:120, dbv:259
07-30 01:34:58.638  1950  3259 I SDM     : CasQcPlugIn::ProcessPerCompGainOppo: normalized bright_adj:1024, dbv:259, bin_dbv:19, 
07-30 01:34:58.638  1950  3259 I SDM     : CasQcPlugIn::ProcessPerCompGainOppo: gains print start =====================
07-30 01:34:58.638  1950  3259 I SDM     : CasQcPlugIn::ProcessPerCompGainOppo: gain --------------------------------
07-30 01:34:58.638  1950  3259 I SDM     : CasQcPlugIn::ProcessPerCompGainOppo: old: 0 0 0 203 371 784 1439 3072
07-30 01:34:58.638  1950  3259 I SDM     : CasQcPlugIn::ProcessPerCompGainOppo: new: 0 0 0 128 235 498 914 2229
07-30 01:34:58.638  1950  3259 I SDM     : CasQcPlugIn::ProcessPerCompGainOppo: gain --------------------------------
07-30 01:34:58.638  1950  3259 I SDM     : CasQcPlugIn::ProcessPerCompGainOppo: old: 0 0 0 165 279 566 1531 3072
07-30 01:34:58.638  1950  3259 I SDM     : CasQcPlugIn::ProcessPerCompGainOppo: new: 0 0 0 104 164 359 972 2229
07-30 01:34:58.638  1950  3259 I SDM     : CasQcPlugIn::ProcessPerCompGainOppo: gain --------------------------------
