07-29 20:42:13.771  5230  5230 D QuickChangeAirplaneModeEvent: onServiceStateChanged slotId:0
07-29 20:42:13.771  5056  6026 D T-Recommend: onPreHandleMessage 1000
07-29 20:42:13.771  5056  6026 E CellularEvent: nri null ps
07-29 20:42:13.771  5056  6026 E CellularEvent: invalid nri
07-29 20:42:13.771  5056  6026 D T-Recommend: onPostHandleMessage 1000
07-29 20:42:13.771  5056  6029 D OplusLinkBoostCommon: dds servicestate change
07-29 20:42:13.771  5056  6030 D NAS-CallIssueDetector: onServiceStateChanged
07-29 20:42:13.772  5056  6030 D OplusCiwlanController: [vodata] processServiceStateChanged  phoneid = 0, original roaming type = 0,roaming type = 0
07-29 20:42:13.772  5230  6058 D cellularState[0]: handleMessage: E msg.what=4
07-29 20:42:13.772  5230  6058 D cellularState[0]: processMsg: DataCallingState
07-29 20:42:13.772  5230  6058 D cellularState[0]: processMsg: NetworkAttachedState
07-29 20:42:13.772  5230  6058 D cellularState[0]: processMsg: SimReadyState
07-29 20:42:13.772  5230  6058 D cellularState[0]: processMsg: DefaultState
07-29 20:42:13.772  5230  6058 E cellularState[0]:  - unhandledMessage: msg.what=4
07-29 20:42:13.772  5230  6058 D cellularState[0]: handleMessage: X
07-29 20:42:13.772  3457  4825 W ContextImpl: Calling a method in the system process without a qualified user: android.app.ContextImpl.sendBroadcastMultiplePermissions:1311 android.content.Context.sendBroadcastMultiplePermissions:2524 com.android.server.TelephonyRegistry.broadcastServiceStateChanged:3740 com.android.server.TelephonyRegistry.notifyServiceStateForPhoneId:1787 com.android.internal.telephony.ITelephonyRegistry$Stub.onTransact:546 
07-29 20:42:13.772  1740  1740 D Zygote  : Forked child process 13190
07-29 20:42:13.772  5230  5230 D QuickChangeAirplaneModeEvent: isBothCardInService is false
07-29 20:42:13.772  5230  5230 D MsimSubModeManager: registTelephonyEvent onServiceStateChanged eventId:3, VoiceRegState:1, DataRegState:1
07-29 20:42:13.772  5230  5230 E ExtremeCommUtils: getSwitchRusSupportMcc invalid index 1
07-29 20:42:13.772  5230  5230 D ExtremeCommUtils: isSupporCheck rusContain:false,propContain(persist.sys.oplus.support_hyper_uplink_mcc):false
07-29 20:42:13.772  5230  5230 D ExtremeCommService: handleServiceStateChanged mcc is null
07-29 20:42:13.772  5230  5230 D ChinaRoamingControl: handleMessage what:5
07-29 20:42:13.772  5230  5230 D MsimSubModeManager: handleMessage what:3
07-29 20:42:13.772  5230  5230 D MsimSubModeManager: getMsimSimServiceIn() i:0,mServiceState:1
07-29 20:42:13.772  5056  6030 D OplusCiwlanController: [vodata] processServiceStateChanged  phoneid = 1, original roaming type = 0,roaming type = 0
07-29 20:42:13.772  6590  6716 I midasd  : OplusObrainService::notifyEventInt eventId:38 iParam:20
07-29 20:42:13.773  8178  8241 I OplusObrain: OplusObrainClientInvoke.nativeGetTelephonyInfo
07-29 20:42:13.773  5056  6040 D OplusSubWaySlowRecovery: getPreferSubId return 1
07-29 20:42:13.773  5230  5230 D MsimSubModeManager: getMsimSimServiceIn() i:1,mServiceState:1
07-29 20:42:13.773  5230  5230 D SubsysEventListenerManager-SubsysTelephonyCallback[0]: onCellLocationChanged
07-29 20:42:13.773  5056  6040 D SaDataFailRecovery/0: current is not in service,reset alarm
07-29 20:42:13.773  5056  6040 D OplusScanQrCodeRecoveryImpl: msg.what=3
07-29 20:42:13.774  8178  8209 I OplusObrain: OplusObrainClientInvoke.nativeGetTrafficTypeInfoForNetworkType networkType 0
07-29 20:42:13.774  3457  5407 D KernelStatsHelper: getKernelStats start!
07-29 20:42:13.775  5230  5230 D SubsysEventListenerManager-SubsysTelephonyCallback[0]: onDisplayInfoChanged
07-29 20:42:13.775  5230  5230 D SceneService: onDisplayInfoChanged slotId:0,telephonyDisplayInfo:TelephonyDisplayInfo {network=NR, overrideNetwork=NONE, isRoaming=false}
07-29 20:42:13.776  3457  4636 D OplusNetlinkSocket: handleNetlinkRecvKernelMessage:nlmsghdr:StructNlMsgHdr{ nlmsg_len{40}, nlmsg_type{57()}, nlmsg_flags{0()}, nlmsg_seq{0}, nlmsg_pid{226562588} }
07-29 20:42:13.776  3457  4636 D KernelStatsHelper: get magic :[-1, -1, -1, 77, 65, 71, 73, 67]
07-29 20:42:13.776  3457  4636 D KernelStatsHelper: magic matched count:0 data_len:0
07-29 20:42:13.776  3457  4636 D KernelStatsHelper: data over! check: true
07-29 20:42:13.776  4878  5349 I SystemUi--Statusbar: MobileConnectionRepositoryImpl-->subId:1 isSoftSimCard:false slotId:0
07-29 20:42:13.776  4963  4963 D MultiSimSettingController: notifySubscriptionInfoChanged
07-29 20:42:13.776  3457  4825 W ContextImpl: Calling a method in the system process without a qualified user: android.app.ContextImpl.sendBroadcastMultiplePermissions:1344 com.android.server.TelephonyRegistry.broadcastServiceStateChanged:3745 com.android.server.TelephonyRegistry.notifyServiceStateForPhoneId:1787 com.android.internal.telephony.ITelephonyRegistry$Stub.onTransact:546 android.os.Binder.execTransactInternal:1523 
07-29 20:42:13.777  3457  4825 W ContextImpl: Calling a method in the system process without a qualified user: android.app.ContextImpl.sendBroadcastMultiplePermissions:1344 com.android.server.TelephonyRegistry.broadcastServiceStateChanged:3754 com.android.server.TelephonyRegistry.notifyServiceStateForPhoneId:1787 com.android.internal.telephony.ITelephonyRegistry$Stub.onTransact:546 android.os.Binder.execTransactInternal:1523 
07-29 20:42:13.777  4878  5349 I SystemUi--Statusbar: MobileInputLog-->onSubscriptionsChanged
07-29 20:42:13.777  3457  3457 I AS.AudioService: onSubscriptionsChanged()
07-29 20:42:13.778  4878  4878 I SystemUi--Statusbar: OplusMobileIconInteractorImpl-->oplusIMSModel slot:0: CapabilityTypeModel(isVolteSwitchOn=true, isWfcEnabledByUser=true, imsRegistered=false, voiceCapable=false, videoCapable=false, registerTech=-1, isCrossSimCallingEnabledByUser=false, hasHideVolteOperator=false), SimStateModel(simInserted=[true, false], simForbidden=[false, true], simStateIMSI=[true, false], simLoaded=[true, false]),oplusNetworkTypeNr:20,isVoNrEnabled:false
07-29 20:42:13.778  5143  5143 I QImsService: OplusPhoneStateTracker : onSubscriptionsChanged Last subId: 1 Current subId 1
07-29 20:42:13.778  3457  3768 I ActivityManager: Start proc 13190:com.oplus.wirelesssettings:tzupdate/1000 for broadcast {com.oplus.wirelesssettings/com.oplus.tzupdate.timezone.MccChangeReceiver}
07-29 20:42:13.779  5174  5174 D QCNEJ/WwanInfoRelay: onSubscriptionsChanged currDDSId: 1 new DDS 1
07-29 20:42:13.780  3457  4825 W ContextImpl: Calling a method in the system process without a qualified user: android.app.ContextImpl.sendBroadcastMultiplePermissions:1344 com.android.server.TelephonyRegistry.broadcastServiceStateChanged:3760 com.android.server.TelephonyRegistry.notifyServiceStateForPhoneId:1787 com.android.internal.telephony.ITelephonyRegistry$Stub.onTransact:546 android.os.Binder.execTransactInternal:1523 
07-29 20:42:13.780  4963  6257 E PhoneInterfaceManager: getServiceStateForSlot retuning null for invalid slotIndex=-1
07-29 20:42:13.780 13190 13190 I ttings:tzupdate: isSwordfishLaunchAppEnabled_ 1 isSwordfishInstallAppEnabled_ 1
07-29 20:42:13.780 13190 13190 E ttings:tzupdate: Unknown bits set in runtime_flags: 0x40000000
07-29 20:42:13.780 13190 13190 I ttings:tzupdate: Using CollectorTypeCMC GC.
07-29 20:42:13.780  4963  4963 I Telephony: y0: onServiceStateChanged: newState=1, mServiceState=1
07-29 20:42:13.781  3457  4242 I MemoryOperationUtils: add 13190 to inactive
07-29 20:42:13.780  4878  5349 I SystemUi--Statusbar: MobileConnectionRepositoryImpl-->subId:1 isSoftSimCard:false slotId:0
07-29 20:42:13.781  4878  4878 I SystemUi--Statusbar: OplusMobileIconInteractorImpl-->oplusIMSModel slot:0: CapabilityTypeModel(isVolteSwitchOn=true, isWfcEnabledByUser=true, imsRegistered=false, voiceCapable=false, videoCapable=false, registerTech=-1, isCrossSimCallingEnabledByUser=false, hasHideVolteOperator=false), SimStateModel(simInserted=[true, false], simForbidden=[false, true], simStateIMSI=[true, false], simLoaded=[true, false]),oplusNetworkTypeNr:20,isVoNrEnabled:false
07-29 20:42:13.781  4878  5349 I SystemUi--Statusbar: MobileConnectionRepositoryImpl-->subId:1 isSoftSimCard:false slotId:0
07-29 20:42:13.781  5174  5174 D QCNEJ/DataCallAgent: onSubscriptionsChanged: new DDS 1
07-29 20:42:13.781  4878  6066 I SystemUi--Statusbar: OplusMobileConnectionRepository1-->stopListenImsStatusChanged
07-29 20:42:13.781  4878  6066 I SystemUi--Statusbar: OplusMobileConnectionRepository1-->phoneId: 0, conflatedCallbackFlow init
07-29 20:42:13.781  4878  6066 I SystemUi--Statusbar: OplusMobileConnectionRepository1-->startListenImsStatusChanged
07-29 20:42:13.781  4963  4963 I Telephony: isRttCurrentlySupported -- regular acct, hasVoiceAvailability: false
07-29 20:42:13.781  4963  4963 I Telephony:  isRttSupported: false
07-29 20:42:13.781  4963  4963 I Telephony:  isUserRttSettingOn: false
07-29 20:42:13.781  4963  4963 I Telephony:  alwaysAllowWhileRoaming: false
07-29 20:42:13.781  4963  4963 I Telephony:  isRoaming: false
07-29 20:42:13.781  4963  4963 I Telephony:  isOnWfc: false
07-29 20:42:13.781  5143  5143 E QImsService: ImsConfigImpl : onSubscriptionsChanged unable to process due to SubscriptionInfo is null
07-29 20:42:13.781  5056  6026 D CellularEvent: handleSubscriptionsChanged: slotId=0
07-29 20:42:13.781  5056  6026 D CellularEvent: onImsRegistrationStateChanged, slotId=0state:false
07-29 20:42:13.781  7302  9020 E Battery : ControllerCenter: onReceiver: mSubscriptionManager is null || mIsNeedRestoreMobile = false
07-29 20:42:13.781  5852  5852 D CellBroadcastReceiver: onReceive Intent { act=android.intent.action.SERVICE_STATE flg=0x1000010 cmp=com.android.cellbroadcastreceiver.module/com.android.cellbroadcastreceiver.CellBroadcastReceiver (has extras) }
07-29 20:42:13.781  5174  7953 D QCNEJ/DataCallAgent: phoneCount: 2
07-29 20:42:13.781  5174  7953 D QCNEJ/DataCallAgent: subs for 0th slot: [1]
07-29 20:42:13.781  5174  7953 D QCNEJ/DataCallAgent: mSubInfoReady[0] is set to true
07-29 20:42:13.781  5174  7953 D QCNEJ/DataCallAgent: subs for 1th slot: [-1]
07-29 20:42:13.782  5852  5852 D CellBroadcastReceiver: onServiceStateChanged, ss: 1
07-29 20:42:13.782  5852  5852 D CellBroadcastReceiver: networkOperator: 
07-29 20:42:13.782  3457  4537 V NetworkPolicy: onSubscriptionsChanged
07-29 20:42:13.783 13190 13190 E ttings:tzupdate: Not starting debugger since process cannot load the jdwp agent.
07-29 20:42:13.783  5056  5879 D NAS-CellularEvent: handleSubscriptionsChanged: slotId=0
07-29 20:42:13.783  5056  5879 D NAS-CellularEvent: onImsRegistrationStateChanged, slotId=0state:false
07-29 20:42:13.783  5143  5143 I QImsService: OplusPhoneStateTracker : onSubscriptionsChanged Last subId: -1 Current subId -1
07-29 20:42:13.784 13190 13190 D nativeloader: Load libframework-connectivity-tiramisu-jni.so using APEX ns com_android_tethering for caller /apex/com.android.tethering/javalib/framework-connectivity-t.jar: ok
07-29 20:42:13.784  7118  7931 D OsAgentAidlClient: [string_dataitem_update][1584] [HC] =>> [HS]
07-29 20:42:13.785  6642  8123 D OplusAtlasAudioDetectionManager: MSG_CALL_STATE_CHANGED
07-29 20:42:13.785  6642  8123 D OplusAtlasAudioDetectionManager: callStateChanged state: 0, len: 0
07-29 20:42:13.785  4878  4878 I KeyguardUpdateMonitor: action=android.intent.action.SERVICE_STATE subId=1 slotId=0
07-29 20:42:13.785 13190 13190 W libc    : Access denied finding property "persist.vendor.sys.activitylog"
07-29 20:42:13.785  4878  4878 I KeyguardUpdateMonitor: refreshSimState, changed:false,subId:1,slotId:0,state:5
07-29 20:42:13.785 13190 13190 I OneTrace: Mark active for pid=13190? true
07-29 20:42:13.786 13190 13190 D cutils-dev: otrace_set_tracing_enabled? true tag:0
07-29 20:42:13.786  4878  5156 I SystemUi--QuickSettings: Tile.OplusCellularTile-->updateCarrierText: dialog not showing, ignore
07-29 20:42:13.786 13190 13190 D cutils-dev: properties changed in otrace_seq_number_changed!
07-29 20:42:13.786  4878  5156 D SimStateHelper: slot:0, lock state:Bundle[mParcelledData.dataSize=56]
07-29 20:42:13.786  4878  5156 D SimStateHelper: slot:1, lock state:Bundle[mParcelledData.dataSize=56]
07-29 20:42:13.786  4878  5156 D SimStateHelper: needDisableMenu: slot1State=-1; slot2State=-1
07-29 20:42:13.786  4878  5156 D SimStateHelper: needDisableMenu:false
07-29 20:42:13.786  4878  5156 I SystemUi--QuickSettings: Tile.OplusCellularTile-->updateCarrierText: dialog not showing, ignore
07-29 20:42:13.787  4878  5156 D SimStateHelper: slot:0, lock state:Bundle[mParcelledData.dataSize=56]
07-29 20:42:13.787  4878  5156 D SimStateHelper: slot:1, lock state:Bundle[mParcelledData.dataSize=56]
07-29 20:42:13.787  4878  5156 D SimStateHelper: needDisableMenu: slot1State=-1; slot2State=-1
07-29 20:42:13.787  4878  5156 D SimStateHelper: needDisableMenu:false
07-29 20:42:13.787  3457  5429 W BestClock: java.time.DateTimeException: Missing network time fix
07-29 20:42:13.787  3457  4537 D NetworkPolicy: Normalization put networkpolicyNetworkTemplate: matchRule=CARRIER, matchSubscriberIds=[001011...], matchWifiNetworkKeys=[], metered=YES
07-29 20:42:13.787  3457  4537 D NetworkPolicy: Normalization put networkpolicyNetworkTemplate: matchRule=CARRIER, matchSubscriberIds=[310260...], matchWifiNetworkKeys=[], metered=YES
07-29 20:42:13.787  3457  4537 D NetworkPolicy: Normalization put networkpolicyNetworkTemplate: matchRule=CARRIER, matchSubscriberIds=[001010...], matchWifiNetworkKeys=[], metered=YES
07-29 20:42:13.787  3457  4537 D NetworkPolicy: Normalization put networkpolicyNetworkTemplate: matchRule=CARRIER, matchSubscriberIds=[001010...], matchWifiNetworkKeys=[], metered=YES
07-29 20:42:13.787  3457  4537 D NetworkPolicy: Normalization put networkpolicyNetworkTemplate: matchRule=CARRIER, matchSubscriberIds=[001012...], matchWifiNetworkKeys=[], metered=YES
07-29 20:42:13.787  3457  4537 V NetworkPolicy: updateNetworkEnabledNL() return
07-29 20:42:13.787  3457  5404 D ActivityTaskManagerServiceExtImpl: preBindApplication record is null
07-29 20:42:13.787  3457  5404 D RGBNormalizeServer: OplusRGBNormalize feature enabled ? true
07-29 20:42:13.787  3457  5404 D ResourcesManagerCache: For package com.oplus.wirelesssettings we got cacheList [null] appInfoExt is null ? false hasFeature ? false
07-29 20:42:13.787  3457  5404 D VRR [OPlusExternalRefreshRateManager]: isPkgTfcEnable: pkgName = com.oplus.wirelesssettings, enable = false
07-29 20:42:13.787  3457  5404 D VRR [OPlusExternalRefreshRateManager]: getTfcMinFramerate: pkgName = com.oplus.wirelesssettings, min framerate = 0
07-29 20:42:13.788  3457  4537 V NetworkPolicy: updateNotificationsNL not process
07-29 20:42:13.788  4963  4963 V OplusCustomizeCacheManager: queryCache name: sys.cache.common_customize_cache18016 param: null
07-29 20:42:13.788  3457  5429 W BestClock: java.time.DateTimeException: Missing network time fix
07-29 20:42:13.788  4963  4963 V OplusCustomizeCacheManager: queryCache name: sys.cache.common_customize_cache18013 param: null
07-29 20:42:13.788  3457  4537 W BestClock: java.time.DateTimeException: Missing network time fix
07-29 20:42:13.788  4963  4963 V OplusCustomizeCacheManager: queryCache name: sys.cache.common_customize_cache18014 param: null
07-29 20:42:13.788  4963  4963 V OplusCustomizeCacheManager: queryCache name: sys.cache.common_customize_cache18017 param: Bundle[{SETTING=BLOCK, BUSINESS=NCT-DATA}]
07-29 20:42:13.788  4878  5737 V OplusCustomizeCacheManager: queryCache name: sys.cache.common_customize_cache18014 param: null
07-29 20:42:13.788  4878  5737 V OplusCustomizeCacheManager: queryCache name: sys.cache.common_customize_cache18017 param: Bundle[{SETTING=BLOCK, BUSINESS=NCT-DATA}]
07-29 20:42:13.788  4878  5737 V OplusCustomizeCacheManager: queryCache name: sys.cache.common_customize_cache18013 param: null
07-29 20:42:13.788  4878  6066 I SystemUi--Statusbar: OplusMobileConnectionRepository1-->onImsStatusChanged model: CapabilityTypeModel(isVolteSwitchOn=true, isWfcEnabledByUser=true, imsRegistered=false, voiceCapable=false, videoCapable=false, registerTech=-1, isCrossSimCallingEnabledByUser=false, hasHideVolteOperator=false)
07-29 20:42:13.788  4963  4963 V OplusCustomizeCacheManager: queryCache name: sys.cache.common_customize_cache18016 param: null
07-29 20:42:13.789  4963  4963 V OplusCustomizeCacheManager: queryCache name: sys.cache.common_customize_cache18013 param: null
07-29 20:42:13.789  4963  4963 V OplusCustomizeCacheManager: queryCache name: sys.cache.common_customize_cache18014 param: null
07-29 20:42:13.789  4963  4963 V OplusCustomizeCacheManager: queryCache name: sys.cache.common_customize_cache18017 param: Bundle[{SETTING=BLOCK, BUSINESS=NCT-DATA}]
07-29 20:42:13.789  5056  6029 W BestClock: java.time.DateTimeException: Missing network time fix
07-29 20:42:13.789 13190 13190 D OplusActivityManager: get AMS extension: android.os.BinderProxy@5885ba7
07-29 20:42:13.789  5056  6029 V MonthTrafficAlert: getWarningNotification subId:1 numWarningNotificaion:0
07-29 20:42:13.789  4963  4963 D MultiSimSettingController: onSubscriptionsChanged
07-29 20:42:13.790  4963  4963 D MultiSimSettingController: isReadyToReevaluate: subInfoInitialized=true, carrierConfigsLoaded=true, satelliteEnabledOrBeingEnabled=false
07-29 20:42:13.790  4963  4963 D MultiSimSettingController: updateDefaults
07-29 20:42:13.790  4963  4963 D MultiSimSettingController: isReadyToReevaluate: subInfoInitialized=true, carrierConfigsLoaded=true, satelliteEnabledOrBeingEnabled=false
07-29 20:42:13.790  4963  4963 D MultiSimSettingController: updateDefaultValues: change: 0
07-29 20:42:13.790  4963  4963 D MultiSimSettingController: disableDataForNonDefaultNonOpportunisticSubscriptions triggered, return directly
07-29 20:42:13.790  4963  4963 I Telephony: TelecomAccountRegistry: onSubscriptionsChanged - reregister accounts
07-29 20:42:13.790 13190 13190 D CompactWindowAppManager: initCompactApplicationInfo CompactMode: , NormalMode: 
07-29 20:42:13.790  3457  5429 W BestClock: java.time.DateTimeException: Missing network time fix
07-29 20:42:13.790  4963  4963 D PhoneUtils: PhoneAccountHandle subId=1, slotId=0
07-29 20:42:13.791  4963  4963 D Telephony: registerPstnPhoneAccount line1Number =  subNumber = 
07-29 20:42:13.791  3457  5429 W BestClock: java.time.DateTimeException: Missing network time fix
07-29 20:42:13.791  4963  4963 D Telephony: color is transparent asign default instead -15502541
07-29 20:42:13.791  4878  5737 V OplusCustomizeCacheManager: queryCache name: sys.cache.common_customize_cache18014 param: null
07-29 20:42:13.791  4878  5737 V OplusCustomizeCacheManager: queryCache name: sys.cache.common_customize_cache18017 param: Bundle[{SETTING=BLOCK, BUSINESS=NCT-DATA}]
07-29 20:42:13.791  4878  5737 V OplusCustomizeCacheManager: queryCache name: sys.cache.common_customize_cache18013 param: null
07-29 20:42:13.791 13190 13190 D OplusScrollToTopManager: setIsInWhiteList false
07-29 20:42:13.791 13190 13190 D OplusViewDebugManager: OplusViewDebugManager Constructor android.view.debug.OplusViewDebugManager@d9a23fd [mHasViewDebugProperty true] [mHasMsgDebugProperty false] [DEBUG false] [EXTRAINFOENABLE false] [LIGHT_OS false]
07-29 20:42:13.791  4963  4963 D Telephony: isEmergencyPreferredAccount: subId=1, activeData=1
07-29 20:42:13.791  4963  4963 D Telephony: isEmergencyPreferredAccount: Device does not require preference.
07-29 20:42:13.792  4963  4963 I Telephony: isRttCurrentlySupported -- regular acct, hasVoiceAvailability: false
07-29 20:42:13.792  4963  4963 I Telephony:  isRttSupported: false
07-29 20:42:13.792  4963  4963 I Telephony:  isUserRttSettingOn: false
07-29 20:42:13.792  4963  4963 I Telephony:  alwaysAllowWhileRoaming: false
07-29 20:42:13.792  4963  4963 I Telephony:  isRoaming: false
07-29 20:42:13.792  4963  4963 I Telephony:  isOnWfc: false
07-29 20:42:13.792 13190 13190 D CompatChangeReporter: Compat change id reported: 242716250; UID 1000; state: ENABLED
07-29 20:42:13.792  4963  4963 D Telephony: x0: buildPstnPhoneAccount, phoneId: 0, mIsVideoCapable: false, 
07-29 20:42:13.792  4963  4963 D OplusSesImsManagerExt: feature:0, phoneId:0
07-29 20:42:13.792  4963  4963 D OplusSesImsManagerExt: getSubIdUsingPhoneId:1, phoneId:0
07-29 20:42:13.792  4963  4963 D OplusSesImsManagerExt: isEntitlementEnabled:false
07-29 20:42:13.792  4963  4963 D OplusSesImsManagerExt: isFeatureProvisionedOnDevice not enabled
07-29 20:42:13.792  4963  4963 D Telephony: registerPstnPhoneAccount mIsVideoCapable = false
07-29 20:42:13.793  4963  4963 W libc    : Access denied finding property "persist.vendor.mtk_uce_support"
07-29 20:42:13.793  4963  4963 I Telephony: isCarrierVideoPresenceSupported, false, false, false, false
07-29 20:42:13.793  4963  4963 I Telephony: reRegisterPstnPhoneAccount: subId: 1 - no change
07-29 20:42:13.793  4963  4963 D CallNotifier: updatePhoneStateListeners: update CF notifications.
07-29 20:42:13.793  4963  4963 D ImsResolver: oldSubId: 1, newSubId: 1
07-29 20:42:13.793  4963  4963 D ImsResolver: oldSubId: -1, newSubId: -1
07-29 20:42:13.793 13190 13190 W libc    : Access denied finding property "ro.odm.prev.product.name"
07-29 20:42:13.795 13190 13190 W ziparchive: Unable to open '/system_ext/framework/nfcvendorlib.dm': No such file or directory
07-29 20:42:13.795 13190 13190 W ziparchive: Unable to open '/system_ext/framework/nfcvendorlib.dm': No such file or directory
07-29 20:42:13.795  4963  4963 V OplusCustomizeCacheManager: queryCache name: sys.cache.common_customize_cache18016 param: null
07-29 20:42:13.795  4963  4963 V OplusCustomizeCacheManager: queryCache name: sys.cache.common_customize_cache18013 param: null
07-29 20:42:13.795  4963  4963 V OplusCustomizeCacheManager: queryCache name: sys.cache.common_customize_cache18014 param: null
07-29 20:42:13.795  4963  4963 V OplusCustomizeCacheManager: queryCache name: sys.cache.common_customize_cache18017 param: Bundle[{SETTING=BLOCK, BUSINESS=NCT-DATA}]
07-29 20:42:13.796  4963  4963 V SimultaneousCallingTracker: Received EVENT 101
07-29 20:42:13.796  4963  4963 V SimultaneousCallingTracker: generateVoiceCapablePhoneMapBasedOnUserAssociation: adding phoneId = 0
07-29 20:42:13.796  4963  4963 I SimultaneousCallingTracker: updatePhoneMapAndSimultaneousCallSupportMap: mVoiceCapablePhoneMap.size = 1
07-29 20:42:13.796  4963  4963 V SimultaneousCallingTracker: registerForImsRegistrationChanges: registering phoneId = 0
07-29 20:42:13.796  4963  4963 V SimultaneousCallingTracker: generateSimultaneousCallSupportMap: returning simultaneousCallSubSupportMap = Phone ID=0 - Simultaneous calling compatible phone IDs=[]; 
07-29 20:42:13.796  4963  4963 V SimultaneousCallingTracker: handleSimultaneousCallingSupportChanged
07-29 20:42:13.796  3457  5429 W ContentService: Observer is already registered. Pid is 4963
07-29 20:42:13.796  4963  4963 D InternationalRoamingNotification: init
07-29 20:42:13.796  4963  5929 D CellBroadcastConfigTracker-0: Failed to set cdma config
07-29 20:42:13.796  5230  6160 D VirtualCommService2: isSupport. true, true
07-29 20:42:13.796  4963  4963 D OplusVirtualCommUtils: isVirtualCommSupport, vRet: true
07-29 20:42:13.796 13190 13190 D nativeloader: Configuring clns-shared-7 for other apk /system_ext/framework/nfcvendorlib.jar. target_sdk_version=34, uses_libraries=ALL, library_path=/system_ext/priv-app/WirelessSettings/lib/arm64:/system_ext/priv-app/WirelessSettings/WirelessSettings.apk!/lib/arm64-v8a:/system/lib64:/system_ext/lib64, permitted_path=/data:/mnt/expand:/data/user_de/0/com.oplus.wirelesssettings:/system_ext/priv-app/WirelessSettings:/system/lib64:/system_ext/lib64
07-29 20:42:13.796 13190 13190 D nativeloader: Extending system_exposed_libraries: libbinauralrenderer_wrapper.qti.so:libhoaeffects.qti.so:libSloganJni.oplus.so:libsuperNight.oplus.so:libAPSClient-cmd-jni-extension.oplus.so:libsatellite_audio_jni.oplus.so:libortc_so.oplus.so:libsoundtouch.oplus.so:libsoundtouch_jni.oplus.so:libOplusStringJNI-extension.oplus.so:libsatellite_ostx_jni.oplus.so:libapssuspend-jni.oplus.so:libupdateprof.qti.so:libthermalclient.qti.so:libqape.qti.so:libqesdk_ndk_platform.qti.so:liblistenjni.qti.so
07-29 20:42:13.796  4963  4963 I OplusVirtualCommUtils: getVirtualCommDeviceType, vRet: 1
07-29 20:42:13.797  4963  4963 I OplusVirtualCommUtils: isConsumerDeviceType, deviceType: 1
07-29 20:42:13.797  5852  5955 E CellBroadcastConfigService: fails to setCellBroadcastRanges, result = 2
07-29 20:42:13.797 13190 13190 D ApplicationLoaders: Returning zygote-cached class loader: /system_ext/framework/androidx.window.extensions.jar
07-29 20:42:13.797  4963  4963 D InternationalRoamingNotification: do not createRoamingNotification for invalid Network
07-29 20:42:13.797 13190 13190 D ApplicationLoaders: Returning zygote-cached class loader: /system_ext/framework/androidx.window.sidecar.jar
07-29 20:42:13.801 13190 13190 D nativeloader: Configuring clns-shared-8 for other apk /system_ext/priv-app/WirelessSettings/WirelessSettings.apk. target_sdk_version=34, uses_libraries=, library_path=/system_ext/priv-app/WirelessSettings/lib/arm64:/system_ext/priv-app/WirelessSettings/WirelessSettings.apk!/lib/arm64-v8a:/system/lib64:/system_ext/lib64, permitted_path=/data:/mnt/expand:/data/user_de/0/com.oplus.wirelesssettings:/system_ext/priv-app/WirelessSettings:/system/lib64:/system_ext/lib64
07-29 20:42:13.804 13190 13190 V GraphicsEnvironment: Currently set values for:
07-29 20:42:13.804 13190 13190 V GraphicsEnvironment:   angle_gl_driver_selection_pkgs=[]
07-29 20:42:13.804 13190 13190 V GraphicsEnvironment:   angle_gl_driver_selection_values=[]
07-29 20:42:13.804 13190 13190 V GraphicsEnvironment: Global.Settings values are invalid: number of packages: 0, number of values: 0
07-29 20:42:13.807 13190 13190 D WS_OplusWirelessSettingsApp: onCreate, OplusWirelessSettingsApp
07-29 20:42:13.811 13190 13190 D LogUtils: initWirelessLog sIsQeAssert=false,sIsWifiOrBtLog=false
07-29 20:42:13.814  3457  5429 I ActivityManager: Flag disabled. Ignoring finishAttachApplication from uid: 1000. pid: 13190
07-29 20:42:13.814 13190 13190 E ANDR-PERF-CLIENT-SYS: death recipent object is fine
07-29 20:42:13.814 13190 13190 W ttings:tzupdate: AIBinder_linkToDeath is being called with a non-null cookie and no onUnlink callback set. This might not be intended. AIBinder_DeathRecipient_setOnUnlinked should be called first.
07-29 20:42:13.815  3457  5429 W OplusSelfProtectManager: pkg[com.oplus.wirelesssettings] not in policy list
07-29 20:42:13.819  3457  5429 D ActivityManager: Async freezing 13190 com.oplus.wirelesssettings:tzupdate
07-29 20:42:13.821  4762  4794 W SQLiteLog: (28) double-quoted string literal: "timezone_tzdata_v2_files"
07-29 20:42:13.841  2031  2031 D SensorFeature: name=ssc_screenshot_info ,index = 22
07-29 20:42:13.841  2031  2031 D SensorFeature: write 29 bytes:59741517163,59749850496,163,0
07-29 20:42:13.843  1871  9436 I sensors-hal: handle_sns_client_event:87, step_count_event: ts=59752357390 count 0
07-29 20:42:13.843  3457  4425 D SensorServiceUtils: sensorEventLog step_counter = 0
07-29 20:42:13.843  3457  4425 D SensorServiceUtils: sensorEventLog step_counter = 0
07-29 20:42:13.843  3457  4425 D SensorServiceUtils: sensorEventLog step_counter = 0
07-29 20:42:13.843  3457  4425 D SensorServiceUtils: sensorEventLog step_counter = 0
07-29 20:42:13.843  3457  4425 D SensorServiceUtils: sensorEventLog step_counter = 0
07-29 20:42:13.843  3457  4425 D SensorServiceUtils: sensorEventLog step_counter = 0
07-29 20:42:13.843  3457  4425 D SensorServiceUtils: sensorEventLog step_counter = 0
07-29 20:42:13.843  3457  4425 D SensorServiceUtils: sensorEventLog step_counter = 0
07-29 20:42:13.843  3457  4425 D SensorServiceUtils: sensorEventLog step_counter = 0
07-29 20:42:13.843  3457  4425 D SensorServiceUtils: sensorEventLog step_counter = 0
07-29 20:42:13.843  3457  4425 D SensorServiceUtils: sensorEventLog step_counter = 0
07-29 20:42:13.843  3457  4425 D SensorServiceUtils: sensorEventLog step_counter = 0
07-29 20:42:13.843  3457  4425 D SensorServiceUtils: sensorEventLog step_counter = 0
07-29 20:42:13.843  3457  4425 D SensorServiceUtils: sensorEventLog step_counter = 0
07-29 20:42:13.843  3457  4425 D SensorServiceUtils: sensorEventLog step_counter = 0
07-29 20:42:13.843  3457  4425 D SensorServiceUtils: sensorEventLog step_counter = 0
07-29 20:42:13.843  3457  4425 D SensorServiceUtils: sensorEventLog step_counter = 0
07-29 20:42:13.843  3457  4425 D SensorServiceUtils: sensorEventLog step_counter = 0
07-29 20:42:13.843  3457  4425 D SensorServiceUtils: sensorEventLog step_counter = 0
07-29 20:42:13.844  4728  4728 V SystemSensorManagerExtImpl: step counter dispatchSensorEvent step 0.0 to + a.b$c@f614d4d
07-29 20:42:13.884  2038  2123 D BatteryChargeControl: bcc get no support from charging protocol
07-29 20:42:13.885  4963  4963 V OplusCustomizeCacheManager: queryCache name: sys.cache.common_customize_cache18016 param: null
07-29 20:42:13.885  4963  4963 V OplusCustomizeCacheManager: queryCache name: sys.cache.common_customize_cache18013 param: null
07-29 20:42:13.885  4963  4963 V OplusCustomizeCacheManager: queryCache name: sys.cache.common_customize_cache18014 param: null
07-29 20:42:13.885  4963  4963 V OplusCustomizeCacheManager: queryCache name: sys.cache.common_customize_cache18017 param: Bundle[{SETTING=BLOCK, BUSINESS=NCT-DATA}]
07-29 20:42:13.887  4963  4963 V OplusCustomizeCacheManager: queryCache name: sys.cache.common_customize_cache18016 param: null
07-29 20:42:13.887  4963  4963 V OplusCustomizeCacheManager: queryCache name: sys.cache.common_customize_cache18013 param: null
07-29 20:42:13.887  4963  4963 V OplusCustomizeCacheManager: queryCache name: sys.cache.common_customize_cache18014 param: null
07-29 20:42:13.887  4963  4963 V OplusCustomizeCacheManager: queryCache name: sys.cache.common_customize_cache18017 param: Bundle[{SETTING=BLOCK, BUSINESS=NCT-DATA}]
07-29 20:42:13.909  4878  4878 D RowAnimatorExtImpl: end:view:StatusBarIconView(slot='volume' alpha=1.0 icon=StatusBarIcon(icon=Icon(typ=RESOURCE pkg=com.android.systemui id=0x7f0818f0) visible user=0 ) visibleState=ICON iconColor=#ccffffff staticDrawableColor=#ccffffff decorColor=#ffffffff animationStartColor=#0 currentSetColor=#ccffffff notification=null),tx
07-29 20:42:13.909  4878  4878 D RowAnimatorExtImpl: end:view:StatusBarIconView(slot='zen' alpha=1.0 icon=StatusBarIcon(icon=Icon(typ=RESOURCE pkg=com.android.systemui id=0x7f0818e1) visible user=0 ) visibleState=ICON iconColor=#ccffffff staticDrawableColor=#ccffffff decorColor=#ffffffff animationStartColor=#0 currentSetColor=#ccffffff notification=null),tx
07-29 20:42:13.909  4878  4878 D RowAnimatorExtImpl: end:view:StatusBarIconView(slot='volume' alpha=1.0 icon=StatusBarIcon(icon=Icon(typ=RESOURCE pkg=com.android.systemui id=0x7f0818f0) visible user=0 ) visibleState=ICON iconColor=#ccffffff staticDrawableColor=#ccffffff decorColor=#ffffffff animationStartColor=#0 currentSetColor=#ccffffff notification=null),tx
07-29 20:42:13.909  4878  4878 D RowAnimatorExtImpl: end:view:StatusBarIconView(slot='zen' alpha=1.0 icon=StatusBarIcon(icon=Icon(typ=RESOURCE pkg=com.android.systemui id=0x7f0818e1) visible user=0 ) visibleState=ICON iconColor=#ccffffff staticDrawableColor=#ccffffff decorColor=#ffffffff animationStartColor=#0 currentSetColor=#ccffffff notification=null),tx
07-29 20:42:13.909  4878  4878 D RowAnimatorExtImpl: end:view:StatusBarIconView(slot='volume' alpha=1.0 icon=StatusBarIcon(icon=Icon(typ=RESOURCE pkg=com.android.systemui id=0x7f0818f0) visible user=0 ) visibleState=ICON iconColor=#ccffffff staticDrawableColor=#ccffffff decorColor=#ffffffff animationStartColor=#0 currentSetColor=#ccffffff notification=null),tx
07-29 20:42:13.909  4878  4878 D RowAnimatorExtImpl: end:view:StatusBarIconView(slot='zen' alpha=1.0 icon=StatusBarIcon(icon=Icon(typ=RESOURCE pkg=com.android.systemui id=0x7f0818e1) visible user=0 ) visibleState=ICON iconColor=#ccffffff staticDrawableColor=#ccffffff decorColor=#ffffffff animationStartColor=#0 currentSetColor=#ccffffff notification=null),tx
07-29 20:42:13.929  1871  4489 I sensors-hal: handle_oplus_wise_rgb_event:189, high_pwm_light:lux 283.8,cct 3629.8,brl/algo/ir 1450.0/2.0/17.0,pwm/dc 0.0/0.0,rgbc 21866.093750/13762.275391/6341.529297/40547.167969,ts 59725020879,cnt 850,flag 163
07-29 20:42:13.930  1957  4478 I Dpps    : LtmSwState::SetParameter():144 ignore cmd 7 in state LtmOffState
07-29 20:42:14.092  4878  4878 I SystemUi--QuickSettings: TemporarilyInfoManager-->[animateShow] com.oplus.systemui.qs.base.temporarilyinfo.TemporarilyInfoManager$createViewToParent$1{a1e5d4a VFED..C.. ........ 0,0-1080,228 #7f0a0cb6 app:id/temporarily_info_view alpha=1.0 viewInfo = } end
07-29 20:42:14.093  4878  4878 I SystemUi--QuickSettings: TemporarilyInfoManager-->[trigger] start from showElementAfterShowFully
07-29 20:42:14.093  3457  3457 D OplusWifiBroadCastDispatcher: mBroadcastReceiver: onReceiver  action=android.intent.action.BATTERY_LEVEL_CHANGED
07-29 20:42:14.094  3457  4495 W OplusStorageManagerFeature: mScreenReceiver action:android.intent.action.BATTERY_LEVEL_CHANGED
07-29 20:42:14.094  3457  4495 I OplusStorageManagerFeature: TmemoryBetterySwitch: level=100 state=0
07-29 20:42:14.094  3457  4495 I OplusStorageManagerFeature: TmemoryBetterySwitch: action=0 state=2
07-29 20:42:14.094  3457  4495 W OplusStorageManagerFeature: Ready to deal actionParam:0
07-29 20:42:14.094  3457  4662 D OplusWifiPowerService: onReceive action:android.intent.action.BATTERY_LEVEL_CHANGED
07-29 20:42:14.099  6266  6266 D BatteryUsageBroadcastReceiver: onReceive:android.intent.action.BATTERY_LEVEL_CHANGED
07-29 20:42:14.100  6266  6266 D BatteryUsageBroadcastReceiver: fetch data because of event: ACTION_BATTERY_LEVEL_CHANGED
07-29 20:42:14.101  6266  6266 D BatteryUsageBroadcastReceiver: cancel sendBroadcastToFetchUsageData when broadcastDelay is 2339990ms.
07-29 20:42:14.103  3457  4825 D ActivityManager: Async freezing 6266 com.android.settings
07-29 20:42:14.115  2031  2031 D SensorFeature: name=ssc_screenshot_info ,index = 22
07-29 20:42:14.115  2031  2031 D SensorFeature: write 29 bytes:60015537319,60023870652,164,0
07-29 20:42:14.122  6565  6615 E horae   : 0: back:33012,back_1:35422,back_2:34929,back_3:34111,frame:35630,frame_1:34525,front:36235,front_1:36622,front_2:34942, -2147483648 5, +(3149), 1 ,43431,33522,39265,43438,41417,42507,33572,38975,42480,40781,41566,33403,38699,41644,40234,40939,33341,38429,40926,39721, target_temp:36622, algo:0
07-29 20:42:14.180  8586  9969 W metis_v2_KnowledgeManager: Fire: isEmergency is true  debugFireMode = false [7f0000011753836093034424307204|p_7204_84a0de3@1|p_8586_a0cb987@0|com.oplus.metis] [base|com.oplus.metis|1.5.5-f48228a]
07-29 20:42:14.181  8586  9969 W metis_v2_OifaceBindUtils: bindTask [7f0000011753836093034424307204|p_7204_84a0de3@1|p_8586_a0cb987@0|com.oplus.metis]
07-29 20:42:14.181  8586  9969 W metis_v2_OifaceBindUtils: call connectOifaceService [7f0000011753836093034424307204|p_7204_84a0de3@1|p_8586_a0cb987@0|com.oplus.metis]
07-29 20:42:14.181  6606  6646 E oiface  : sched_setaffinity failed
07-29 20:42:14.181  8586  9969 I metis_v2_KnowledgeManager: panta-sugg-Fire: count=1 [7f0000011753836093034424307204|p_7204_84a0de3@1|p_8586_a0cb987@0|com.oplus.metis]
07-29 20:42:14.182  6606  6635 E oiface  : directSetTask: get cpuset path failed
07-29 20:42:14.183  8586  9969 I System.out: 'park_precondition_home_02' 
07-29 20:42:14.183  8586  9969 I System.out: 'park_precondition_company_02' 
07-29 20:42:14.183  8586  9969 I System.out: 'UBIQUITOUS_SERVICE#assistant_screen#NOT_AT_HOME_301' 
07-29 20:42:14.183  8586  9969 I System.out: 'UBIQUITOUS_SERVICE#assistant_screen#NOT_AT_OFFICE_401' 
07-29 20:42:14.184  8586  9969 I System.out: 'policy:NEAR_SUBWAY_BUS_STATION_2x4' 
07-29 20:42:14.188  8586  9969 W metis_v2_TimeDurationCompare: [com.oplus.metis#UBIQUITOUS_SERVICE#scene#tips#TipScene_EXIT] 'timestamp' is not literal. [7f0000011753836093034424307204|p_7204_84a0de3@1|p_8586_a0cb987@0|com.oplus.metis]
07-29 20:42:14.188  8586  9969 D SceneIntentPublisher: headAction: pkg is com.oplus.metis and simpleRuleName is UBIQUITOUS_SERVICE#secne#activity_coloros_reminder_tips
07-29 20:42:14.191  8586  9969 D SceneIntentPublisher: headAction: pkg is com.oplus.metis and simpleRuleName is UBIQUITOUS_SERVICE#secne#activity_coloros_reminder_tips
07-29 20:42:14.194  8586  9969 I System.out: 'UBIQUITOUS_SERVICE#assistant_screen#NOT_AT_HOME_301' 
07-29 20:42:14.195  8586  9969 I System.out: 'tempPropertyForGuideStatus' 
07-29 20:42:14.195  3457  4425 D FusionLightNextGen: process end reported = 1, mode: 0, lux 514.9, cct -1.0, r/g/b/c: 21823.3/13757.7/6326.1/40471.9, R/G/B: 132.0/125.0/124.0, bri 1450.0, match 0.67, ir 0.018226, conf 0.0, ts 60024135150
07-29 20:42:14.196  1957  4478 I Dpps    : LtmSwState::SetParameter():144 ignore cmd 7 in state LtmOffState
07-29 20:42:14.196  8586  9969 D SceneIntentPublisher: headAction: pkg is com.oplus.metis and simpleRuleName is UBIQUITOUS_SERVICE#secne#activity_coloros_reminder_tips
07-29 20:42:14.196  8586  9969 W metis_v2_TimeDurationCompare: [com.oplus.metis#UBIQUITOUS_SERVICE#scene#tips#TipScene_EXIT] 'timestamp' is not literal. [7f0000011753836093034424307204|p_7204_84a0de3@1|p_8586_a0cb987@0|com.oplus.metis]
07-29 20:42:14.200  8586  9835 I ContextAware_GetInstalledAppsInfo: Update cache [base|com.oplus.metis|1.5.5-f48228a]
07-29 20:42:14.210  8586  9969 W metis_v2_AbsTimerTriggered: [com.oplus.metis#UBIQUITOUS_SERVICE#health#LAUNCH-HEALTH-APP]: periodicTriggered's parseArgsToTimer meet exception periodic timer's first execute start time must >= time range start [7f0000011753836093034424307204|p_7204_84a0de3@1|p_8586_a0cb987@0|com.oplus.metis]
07-29 20:42:14.210  8586  9969 W metis_v2_AbsTimerTriggered: [com.oplus.metis#UBIQUITOUS_SERVICE#health#LAUNCH-HEALTH-APP]: please check if builtin periodicTriggered's args is valid [7f0000011753836093034424307204|p_7204_84a0de3@1|p_8586_a0cb987@0|com.oplus.metis]
07-29 20:42:14.213  8586  9969 I System.out: 'UBIQUITOUS_SERVICE#assistant_screen#NOT_AT_OFFICE_401' 
07-29 20:42:14.213  8586  9969 I metis_v2_KnowledgeManager: panta-sugg-Fire takes 32 milliseconds. [7f0000011753836093034424307204|p_7204_84a0de3@1|p_8586_a0cb987@0|com.oplus.metis]
07-29 20:42:14.213  8586  9969 I ContextAware_PantanalIntentManager: intent (id-14111004+policyName-CLEAN_STORAGE) is not found in scene_intent_config [7f0000011753836093034424307204|p_7204_84a0de3@1|p_8586_a0cb987@0|com.oplus.metis]
07-29 20:42:14.213  8586  9969 I metis_v2_SceneTravelingAdapter: recallTravellingIntent: [] [7f0000011753836093034424307204|p_7204_84a0de3@1|p_8586_a0cb987@0|com.oplus.metis]
07-29 20:42:14.213  8586  9969 I ContextAware_ContextAware_SceneIntentManager: mLastIntentDataSet: [] [7f0000011753836093034424307204|p_7204_84a0de3@1|p_8586_a0cb987@0|com.oplus.metis]
07-29 20:42:14.213  8586  9969 I ContextAware_ContextAware_SceneIntentManager: intentList: [IntentDataDTO(intent=IntentDTO=[sceneId=220500200, intentId=14111005, isExited=false, source=0, ownerId=com.oplus.metis, action=14111005, policyName=SUBSTITUTE_SCENE, serviceId=, sendExitedIntent=true, repeatable=false, sceneScore=-1.0, position=right, level=2, type=1, serviceInstanceId=null, isSupportMultiInstance=false, settingsPreference=null], items=[]), IntentDataDTO(intent=IntentDTO=[sceneId=210000000, intentId=12121002, isExited=true, source=0, ownerId=com.oplus.metis, action=12121002, policyName=TAKEOUT_ORDER_STATUS_CHANGE, serviceId=, sendExitedIntent=false, repeatable=false, sceneScore=-1.0, position=left, level=1, type=1, serviceInstanceId=null, isSupportMultiInstance=false, settingsPreference=null], items=[]), IntentDataDTO(intent=IntentDTO=[sceneId=null, intentId=14111004, isExited=true, source=0, ownerId=com.oplus.metis, action=14111004, policyName=CLEAN_STORAGE, serviceId=, sendExitedIntent=false, repeatable=false, sceneScore=-1.0, position=null, level=0, type=1, serviceInstanceId=null, isSupportMultiInstance=false, settingsPreference=null], items=[]), IntentDataDTO(intent=IntentDTO=[sceneId=null, intentId=12121002, isExited=true, source=0, ownerId=com.oplus.metis, action=12121002, policyName=TAKEOUT_ORDER_STATUS_CHANGE, serviceId=, sendExitedIntent=false, repeatable=false, sceneScore=-1.0, position=null, level=0, type=1, serviceInstanceId=null, isSupportMultiInstance=false, settingsPreference=null], items=[])] [7f0000011753836093034424307204|p_7204_84a0de3@1|p_8586_a0cb987@0|com.oplus.metis]
07-29 20:42:14.213  8586  9969 I ContextAware_ContextAware_SceneIntentManager: missedIntent: [] [7f0000011753836093034424307204|p_7204_84a0de3@1|p_8586_a0cb987@0|com.oplus.metis]
07-29 20:42:14.213  8586  9969 I metis_v2_SceneIntentManager: panta-sugg-Published intents: [7f0000011753836093034424307204|p_7204_84a0de3@1|p_8586_a0cb987@0|com.oplus.metis]
07-29 20:42:14.213  8586  9969 I metis_v2_SceneIntentManager: panta-sugg-IntentDataDTO(intent=IntentDTO=[sceneId=220500200, intentId=14111005, isExited=false, source=0, ownerId=com.oplus.metis, action=14111005, policyName=SUBSTITUTE_SCENE, serviceId=, sendExitedIntent=true, repeatable=false, sceneScore=-1.0, position=right, level=2, type=1, serviceInstanceId=null, isSupportMultiInstance=false, settingsPreference=null], items=[]) [7f0000011753836093034424307204|p_7204_84a0de3@1|p_8586_a0cb987@0|com.oplus.metis]
07-29 20:42:14.213  8586  9969 I metis_v2_SceneIntentManager: panta-sugg-IntentDataDTO(intent=IntentDTO=[sceneId=210000000, intentId=12121002, isExited=true, source=0, ownerId=com.oplus.metis, action=12121002, policyName=TAKEOUT_ORDER_STATUS_CHANGE, serviceId=, sendExitedIntent=false, repeatable=false, sceneScore=-1.0, position=left, level=1, type=1, serviceInstanceId=null, isSupportMultiInstance=false, settingsPreference=null], items=[]) [7f0000011753836093034424307204|p_7204_84a0de3@1|p_8586_a0cb987@0|com.oplus.metis]
07-29 20:42:14.213  8586  9969 I metis_v2_SceneIntentManager: panta-sugg-IntentDataDTO(intent=IntentDTO=[sceneId=null, intentId=14111004, isExited=true, source=0, ownerId=com.oplus.metis, action=14111004, policyName=CLEAN_STORAGE, serviceId=, sendExitedIntent=false, repeatable=false, sceneScore=-1.0, position=null, level=0, type=1, serviceInstanceId=null, isSupportMultiInstance=false, settingsPreference=null], items=[]) [7f0000011753836093034424307204|p_7204_84a0de3@1|p_8586_a0cb987@0|com.oplus.metis]
07-29 20:42:14.213  8586  9969 I metis_v2_SceneIntentManager: panta-sugg-IntentDataDTO(intent=IntentDTO=[sceneId=null, intentId=12121002, isExited=true, source=0, ownerId=com.oplus.metis, action=12121002, policyName=TAKEOUT_ORDER_STATUS_CHANGE, serviceId=, sendExitedIntent=false, repeatable=false, sceneScore=-1.0, position=null, level=0, type=1, serviceInstanceId=null, isSupportMultiInstance=false, settingsPreference=null], items=[]) [7f0000011753836093034424307204|p_7204_84a0de3@1|p_8586_a0cb987@0|com.oplus.metis]
07-29 20:42:14.213  8586  9941 I DeepThinkerSDK: [APP] ClientConnection: getDeepThinkerBridge start
07-29 20:42:14.213  8586  9941 I DeepThinkerSDK: [APP] ClientConnection: getDeepThinkerBridge end
07-29 20:42:14.214  8586  9969 I ContextAware_MetisStatistics: uploadMetisIntentData enter {intent_source=0, intent_action=14111005, exit_type=, rule_name=UBIQUITOUS_SERVICE#secne#activity_coloros_reminder_tips, service_id=, scene_id=220500200, policy_name=SUBSTITUTE_SCENE, is_exited=false, intent_id=14111005, timestamp=1753836134214} [7f0000011753836093034424307204|p_7204_84a0de3@1|p_8586_a0cb987@0|com.oplus.metis]
07-29 20:42:14.214  8586  9969 I ContextAware_PantanalIntentManager: getCloudIntentConfig [7f0000011753836093034424307204|p_7204_84a0de3@1|p_8586_a0cb987@0|com.oplus.metis]
07-29 20:42:14.216  4878  4878 D JankUtils: gfxSceneEnd; scene: 7
07-29 20:42:14.216  4878  4878 I SystemUi--Common: NotificationShadeDepthC-->sceneFlag: 0x001, isStart = false, Current sceneFlags: 0x000
07-29 20:42:14.216  4878  4878 D NavigationBar: restrainNavigationBarInvertColor: false
07-29 20:42:14.216  4878  5096 D RegionSamplingHelper =:    mCompositionSamplingListener.register
07-29 20:42:14.216  2184  2435 D SurfaceFlinger: addRegionSamplingListener pid: 4878, Area: [0, 2328, 1080, 2376]
07-29 20:42:14.219  8586  9969 I ContextAware_PantanalIntentManager: getDownLoadConfig [7f0000011753836093034424307204|p_7204_84a0de3@1|p_8586_a0cb987@0|com.oplus.metis]
07-29 20:42:14.231  8586  9969 I ContextAware_PantanalIntentManager: selectNewestConfig, assetVersion 202505301103, downloadVersion 202507161101 [7f0000011753836093034424307204|p_7204_84a0de3@1|p_8586_a0cb987@0|com.oplus.metis]
07-29 20:42:14.237  8586  9969 I ContextAware_PantanalIntentManager: getCloudIntentConfig, cache cloud intent config [7f0000011753836093034424307204|p_7204_84a0de3@1|p_8586_a0cb987@0|com.oplus.metis]
07-29 20:42:14.237  8586  9969 I ContextAware_PantanalIntentLruCache: create, key=14111004-CLEAN_STORAGE, create time=23 LruCache[maxSize=120,hits=118,misses=6,hitRate=95%] cacheSize=16 [7f0000011753836093034424307204|p_7204_84a0de3@1|p_8586_a0cb987@0|com.oplus.metis]
07-29 20:42:14.237  8586  9969 I ContextAware_DecisionIntentProvider: uriPath:/negative_screen [7f0000011753836093034424307204|p_7204_84a0de3@1|p_8586_a0cb987@0|com.oplus.metis]
07-29 20:42:14.237  8586  9969 I ContextAware_DecisionIntentProvider: mAssistantScreenList:[] [7f0000011753836093034424307204|p_7204_84a0de3@1|p_8586_a0cb987@0|com.oplus.metis]
07-29 20:42:14.237  8586  9969 I DataCollector_SortAlgorithmManager.SortCommonUtil: mIntentList is empty. [7f0000011753836093034424307204|p_7204_84a0de3@1|p_8586_a0cb987@0|com.oplus.metis]
07-29 20:42:14.237  8586 10832 E ContextAware_SortAlgorithmManager.ReorderProcessor.GuaranteedIntentManager: removeExternalIntent mExternalGuaranteedList invalid
07-29 20:42:14.237  8586 10832 E ContextAware_SortAlgorithmManager.ReorderProcessor.GuaranteedIntentManager: removeExternalIntent mExternalGuaranteedList invalid
07-29 20:42:14.237  8586 10745 E ContextAware_SortAlgorithmManager.ReorderProcessor.GuaranteedIntentManager: removeExternalIntent mExternalGuaranteedList invalid
07-29 20:42:14.238  8586  9969 I metis_v2_KnowledgeManager: DUMP FACTS IN TREE: [7f0000011753836093034424307204|p_7204_84a0de3@1|p_8586_a0cb987@0|com.oplus.metis]
