07-28 04:41:59.304  5111  6157 D IWlanJni: getJavaCallbackClass End midIs[1]
07-28 04:41:59.304  5111  6157 I IWlanAidlClient: getDataRegistrationStateResponse called
07-28 04:41:59.304  3402  4476 E WifiScanningService: wifi driver loaded received while already loaded
07-28 04:41:59.304  6897  6897 I OsAgent : onReceive: android.net.wifi.action.WIFI_SCAN_AVAILABILITY_CHANGED
07-28 04:41:59.304  3402  5303 W BestClock: java.time.DateTimeException: Missing network time fix
07-28 04:41:59.304  1805  3682 E LOCRIL_SESSION: operator():241] SubId: 1 Failed to get sim IMSI with error: 11
07-28 04:41:59.304  5111  6156 W IWlanNetworkService: 9 > Response Processed
07-28 04:41:59.304  6897  8273 I OsAgent : updateWiFiScanAvailState, scanAvailable: true
07-28 04:41:59.305  3402  4617 V SettingsProvider: deleteSystemSetting(OPLUS_SLA_LAST_MCC, 0)
07-28 04:41:59.305  3402  4617 D SettingsProvider: delete system settings OPLUS_****_MCC pkg is  android user id is 0
07-28 04:41:59.305  4829  5743 V OplusCustomizeCacheManager: queryCache name: sys.cache.common_customize_cache18014 param: null
07-28 04:41:59.305  5070  5070 I QImsService: OplusPhoneStateTracker : onServiceStateChanged
07-28 04:41:59.305  4829  5743 V OplusCustomizeCacheManager: queryCache name: sys.cache.common_customize_cache18017 param: Bundle[{SETTING=BLOCK, BUSINESS=NCT-DATA}]
07-28 04:41:59.305  4829  5743 V OplusCustomizeCacheManager: queryCache name: sys.cache.common_customize_cache18013 param: null
07-28 04:41:59.306  5144  5144 D SubsysEventListenerManager-SubsysTelephonyCallback[0]: onServiceStateChanged
07-28 04:41:59.306  5144  5144 D ChinaRoamingControl: registTelephonyEvent onServiceStateChanged eventId:5, VoiceRegState:1, DataRegState:1
07-28 04:41:59.306  5144  5144 D QuickChangeAirplaneModeEvent: onServiceStateChanged slotId:0
07-28 04:41:59.306  4907  4907 D CiWlanNotificationReceiver: ACTION_RADIO_POWER_STATE_CHANGED
07-28 04:41:59.306  5144  5144 D QuickChangeAirplaneModeEvent: isBothCardInService is false
07-28 04:41:59.306  5144  5144 D MsimSubModeManager: registTelephonyEvent onServiceStateChanged eventId:3, VoiceRegState:1, DataRegState:1
07-28 04:41:59.306  5144  5144 E ExtremeCommUtils: getSwitchRusSupportMcc invalid index 1
07-28 04:41:59.306  5144  5144 D ExtremeCommUtils: isSupporCheck rusContain:false,propContain(persist.sys.oplus.support_hyper_uplink_mcc):false
07-28 04:41:59.306  5144  5144 D ExtremeCommService: handleServiceStateChanged mcc is null
07-28 04:41:59.306  5144  5144 D ChinaRoamingControl: handleMessage what:5
07-28 04:41:59.306  5144  5144 D MsimSubModeManager: handleMessage what:3
07-28 04:41:59.306  5144  5144 D MsimSubModeManager: getMsimSimServiceIn() i:0,mServiceState:1
07-28 04:41:59.306  5144  5144 D MsimSubModeManager: getMsimSimServiceIn() i:1,mServiceState:1
07-28 04:41:59.306  3402  5308 W ContextImpl: Calling a method in the system process without a qualified user: android.app.ContextImpl.sendBroadcastMultiplePermissions:1311 android.content.Context.sendBroadcastMultiplePermissions:2524 com.android.server.TelephonyRegistry.broadcastServiceStateChanged:3740 com.android.server.TelephonyRegistry.notifyServiceStateForPhoneId:1787 com.android.internal.telephony.ITelephonyRegistry$Stub.onTransact:546 
07-28 04:41:59.307  5144  5144 D SubsysEventListenerManager-SubsysTelephonyCallback[0]: onRadioPowerStateChanged state:1
07-28 04:41:59.307  4985  5959 D T-Recommend: onPreHandleMessage 1000
07-28 04:41:59.307  4985  5959 E CellularEvent: nri null ps
07-28 04:41:59.307  4985  5959 E CellularEvent: invalid nri
07-28 04:41:59.307  4985  5959 D T-Recommend: onPostHandleMessage 1000
07-28 04:41:59.308  4985  5991 D NAS-CallIssueDetector: onServiceStateChanged
07-28 04:41:59.308  4985  6043 D OplusSubWaySlowRecovery: getPreferSubId return 1
07-28 04:41:59.308  4985  5991 D OplusCiwlanController: [vodata] processServiceStateChanged  phoneid = 0, original roaming type = -1,roaming type = 0
07-28 04:41:59.308  4985  5991 D OplusCiwlanController: [vodata] processServiceStateChanged  phoneid = 1, original roaming type = -1,roaming type = 0
07-28 04:41:59.308  4985  6043 D SaDataFailRecovery/0: current is not in service,reset alarm
07-28 04:41:59.308  4985  6043 D OplusScanQrCodeRecoveryImpl: msg.what=3
07-28 04:41:59.308  4829  5265 I SystemUi--Statusbar: MobileConnectionRepositoryImpl-->subId:1 isSoftSimCard:false slotId:0
07-28 04:41:59.307  3402  3732 D LocationManagerService: passive provider added registration from 1000/android[CountryDetector]/18C19276 -> Request[PASSIVE, minUpdateInterval=0, WorkSource{1000 android}] permissionLevel: 2 permitted: true
07-28 04:41:59.308  4985  5985 D OplusLinkBoostCommon: dds servicestate change
07-28 04:41:59.308  3402  5308 W ContextImpl: Calling a method in the system process without a qualified user: android.app.ContextImpl.sendBroadcastMultiplePermissions:1344 com.android.server.TelephonyRegistry.broadcastServiceStateChanged:3745 com.android.server.TelephonyRegistry.notifyServiceStateForPhoneId:1787 com.android.internal.telephony.ITelephonyRegistry$Stub.onTransact:546 android.os.Binder.execTransactInternal:1523 
07-28 04:41:59.309  4957  4957 D DeviceStatisticsService: onReceive: action= org.codeaurora.intent.action.RADIO_POWER_STATE
07-28 04:41:59.309  4957  4957 I DeviceStatisticsService: Receiving radio_power_state_changed, mIsDeviceInfoInitialized = true
07-28 04:41:59.309  4957  4957 I DeviceStatisticsService: radio power state changed to 1 for slot: 0
07-28 04:41:59.309  4957  4957 D DeviceInfoAidlClient: isRadioOn()=false
07-28 04:41:59.309  3402  5308 W ContextImpl: Calling a method in the system process without a qualified user: android.app.ContextImpl.sendBroadcastMultiplePermissions:1344 com.android.server.TelephonyRegistry.broadcastServiceStateChanged:3754 com.android.server.TelephonyRegistry.notifyServiceStateForPhoneId:1787 com.android.internal.telephony.ITelephonyRegistry$Stub.onTransact:546 android.os.Binder.execTransactInternal:1523 
07-28 04:41:59.309  4957  4957 D DeviceInfoAidlClient: onRadioPowerStateChanged
07-28 04:41:59.309  4957  4957 D DeviceInfoAidlClient: mRadioStateHdlr handleMessage()1
07-28 04:41:59.309  4957  4957 D DeviceInfoAidlClient: isRadioOn()=true
07-28 04:41:59.309  4957  4957 I DeviceInfoAidlClient: sendFeaturesSupported: power info support-true interactive state support-true
07-28 04:41:59.309  3402  5308 W ContextImpl: Calling a method in the system process without a qualified user: android.app.ContextImpl.sendBroadcastMultiplePermissions:1344 com.android.server.TelephonyRegistry.broadcastServiceStateChanged:3760 com.android.server.TelephonyRegistry.notifyServiceStateForPhoneId:1787 com.android.internal.telephony.ITelephonyRegistry$Stub.onTransact:546 android.os.Binder.execTransactInternal:1523 
07-28 04:41:59.309  5144  6059 D EfsNvDumpUnit[0]: onServiceStateChanged: voice reg state: OUT_OF_SERVICE data reg state: OUT_OF_SERVICE
07-28 04:41:59.309  5144  6059 D cellularState[0]: handleMessage: E msg.what=4
07-28 04:41:59.310  5144  6059 D cellularState[0]: processMsg: DataCallingState
07-28 04:41:59.310  5144  6059 D cellularState[0]: processMsg: NetworkAttachedState
07-28 04:41:59.310  5144  6059 D cellularState[0]: processMsg: SimReadyState
07-28 04:41:59.310  5144  6059 D cellularState[0]: processMsg: DefaultState
07-28 04:41:59.310  5144  6059 E cellularState[0]:  - unhandledMessage: msg.what=4
07-28 04:41:59.310  5144  6059 D cellularState[0]: handleMessage: X
07-28 04:41:59.310  1805  3682 E LOCRIL_SESSION: operator():200] SubId: 1 Failed to get sim IO with error: 11
07-28 04:41:59.310  5070  5070 I QImsService: OplusPhoneStateTracker : onServiceStateChanged
07-28 04:41:59.310  3402  4617 W OplusSlaManager: updateMCC curMCC empty!
07-28 04:41:59.310  1805  3682 E LOCRIL_SESSION: operator():241] SubId: 1 Failed to get sim IMSI with error: 11
07-28 04:41:59.310  5144  6249 D VendorTelephonyService: onTelephonyEventReport slotId =0 eventId=6030
07-28 04:41:59.310  5144  6249 D VendorTelephonyService: onTelephonyEventReport slotId =0 eventId=6030
07-28 04:41:59.310  5144  5144 D VendorCallService: notityEventUpdate, eventId:6030, slotId = 0
07-28 04:41:59.310  3402  4822 W BestClock: java.time.DateTimeException: Missing network time fix
07-28 04:41:59.311  4985  6130 D SaDataService: onTelephonyEventReport , subId= 0,slotId=-1 eventId=6030
07-28 04:41:59.311  4985  6130 D TelephonyImpl: notify eventId:6030 for list size:2
07-28 04:41:59.311  5920  5920 D CellBroadcastReceiver: onReceive Intent { act=android.intent.action.SERVICE_STATE flg=0x1000010 cmp=com.android.cellbroadcastreceiver.module/com.android.cellbroadcastreceiver.CellBroadcastReceiver (has extras) }
07-28 04:41:59.311  5920  5920 D CellBroadcastReceiver: onServiceStateChanged, ss: 1
07-28 04:41:59.311  4957  5007 I DeviceInfoAidlClient: onPowerInfoReportingChanged - reporting enabled true [15, 20, 30, 50, 80]
07-28 04:41:59.311  4957  5007 D DeviceInfoAidlClient: isRadioOn()=true
07-28 04:41:59.311  4957  5007 I DeviceInfoAidlClient: isPowerInfoNeverSent=true batteryLevel=29 batteryLevelIndex=2 chargingMode=2 totalCapacity=5137900 powerSaveMode=false
07-28 04:41:59.311  5920  5920 D CellBroadcastReceiver: networkOperator: 
07-28 04:41:59.312  3402  5292 W BestClock: java.time.DateTimeException: Missing network time fix
07-28 04:41:59.312  4829  5743 V OplusCustomizeCacheManager: queryCache name: sys.cache.common_customize_cache18014 param: null
07-28 04:41:59.312  4829  5743 V OplusCustomizeCacheManager: queryCache name: sys.cache.common_customize_cache18017 param: Bundle[{SETTING=BLOCK, BUSINESS=NCT-DATA}]
07-28 04:41:59.312  4829  5743 V OplusCustomizeCacheManager: queryCache name: sys.cache.common_customize_cache18013 param: null
07-28 04:41:59.313  4957  5007 I DeviceInfoAidlClient: onDeviceInfoReportingChanged - reporting enabled true
07-28 04:41:59.314  4957  5007 D DeviceInfoAidlClient: getDeviceInfoSupportStatus()=1
07-28 04:41:59.314  4957  5007 D DeviceInfoAidlClient: isRadioOn()=true
07-28 04:41:59.314  4957  5007 I DeviceInfoAidlClient: deviceState=2
07-28 04:41:59.313  5111  6136 D IWlanJni: getDataRegistrationState start
07-28 04:41:59.314  1684  1737 E TetherController: property_get sys.radio.data.modem_share_flag return 0, 1!
07-28 04:41:59.315  5111  6153 D IWlanJni: new aidl event arrived
07-28 04:41:59.315  5111  6153 D IWlanJni: handleEvent 10
07-28 04:41:59.315  5111  6153 D IWlanJni: isThreadAttached start
07-28 04:41:59.315  5111  6153 D IWlanJni: jni detached
07-28 04:41:59.315  5920  5920 D CellBroadcastReceiver: mockmodem is running? = false
07-28 04:41:59.315  5920  5920 D CellBroadcastReceiver: Start Cell Broadcast configuration for intent=ACTION_ENABLE_CHANNELS
07-28 04:41:59.315  5111  6153 D IWlanJni: jni attached
07-28 04:41:59.315  5111  6153 D IWlanJni: getDataRegistrationStateResponse start
07-28 04:41:59.316  5111  6153 D IWlanJni: getJavaCallbackClass start
07-28 04:41:59.316  5111  6153 D IWlanJni: getJavaCallbackClass End midIs[1]
07-28 04:41:59.316  5111  6153 I IWlanAidlClient: getDataRegistrationStateResponse called
07-28 04:41:59.316  5111  6152 W IWlanNetworkService: 10 > Response Processed
07-28 04:41:59.317  3402  5290 W BestClock: java.time.DateTimeException: Missing network time fix
07-28 04:41:59.318  3402  4217 W BestClock: java.time.DateTimeException: Missing network time fix
07-28 04:41:59.318  5920 12566 D CellBroadcastConfigService: Enable CellBroadcast on sub 1
07-28 04:41:59.318  4829  5743 V OplusCustomizeCacheManager: queryCache name: sys.cache.common_customize_cache18014 param: null
07-28 04:41:59.318  4829  5743 V OplusCustomizeCacheManager: queryCache name: sys.cache.common_customize_cache18017 param: Bundle[{SETTING=BLOCK, BUSINESS=NCT-DATA}]
07-28 04:41:59.318  4829  5743 V OplusCustomizeCacheManager: queryCache name: sys.cache.common_customize_cache18013 param: null
07-28 04:41:59.322  1805  3680 W LOCRIL_SESSION: operator():307] cellInfo list size is 0, Voice state: 3, data state: 3
07-28 04:41:59.322  4907  4907 V OplusCustomizeCacheManager: queryCache name: sys.cache.common_customize_cache18016 param: null
07-28 04:41:59.322  4907  4907 V OplusCustomizeCacheManager: queryCache name: sys.cache.common_customize_cache18013 param: null
07-28 04:41:59.322  4907  4907 V OplusCustomizeCacheManager: queryCache name: sys.cache.common_customize_cache18014 param: null
07-28 04:41:59.322  4907  4907 V OplusCustomizeCacheManager: queryCache name: sys.cache.common_customize_cache18017 param: Bundle[{SETTING=BLOCK, BUSINESS=NCT-DATA}]
07-28 04:41:59.323  4907  4907 V OplusCustomizeCacheManager: queryCache name: sys.cache.common_customize_cache18016 param: null
07-28 04:41:59.323  4907  4907 V OplusCustomizeCacheManager: queryCache name: sys.cache.common_customize_cache18013 param: null
07-28 04:41:59.323  4907  4907 V OplusCustomizeCacheManager: queryCache name: sys.cache.common_customize_cache18014 param: null
07-28 04:41:59.323  4907  4907 V OplusCustomizeCacheManager: queryCache name: sys.cache.common_customize_cache18017 param: Bundle[{SETTING=BLOCK, BUSINESS=NCT-DATA}]
07-28 04:41:59.324  4957  4957 D QcrilMsgTunnelIfaceManager: handleMessage what = 1
07-28 04:41:59.324  4957  4957 I QcrilOemhookMsgTunnel: [0]invokeOemRilRequestRaw: serial=1007 length=16
07-28 04:41:59.324  4957  4986 I QtiOemHookAidl: oemHookRawResponse: serial no: 1007 error: 0length=1
07-28 04:41:59.324  4957  4957 D QcrilMsgTunnelIfaceManager: handleMessage what = 2
07-28 04:41:59.325  4907  5408 D QC_RIL_OEM_HOOK: sendOemRilRequestRaw returns value = 1
07-28 04:41:59.325  5026  9462 D txpwrJni: new aidl event arrived
07-28 04:41:59.325  5026  9462 D txpwrJni: handleEvent 1
07-28 04:41:59.325  5026  9462 D txpwrJni: isThreadAttached start
07-28 04:41:59.325  5026  9462 D txpwrJni: jni detached
07-28 04:41:59.325  5026  9462 D txpwrJni: jni attached
07-28 04:41:59.325  5026  9462 D txpwrJni: getRadioStatus start
07-28 04:41:59.325  5026  9462 D txpwrJni: getJavaCallbackClass start
07-28 04:41:59.325  5026  9462 D txpwrJni: getJavaCallbackClass End midIs[1]
07-28 04:41:59.325  5026  8652 D txpwrJni: sendRadioStatus start
07-28 04:41:59.326  5026  9462 D txpwrJni: new aidl event arrived
07-28 04:41:59.326  5026  9462 D txpwrJni: handleEvent 1
07-28 04:41:59.326  5026  9462 D txpwrJni: isThreadAttached start
07-28 04:41:59.326  5026  9462 D txpwrJni: jni detached
07-28 04:41:59.326  5026  9462 D txpwrJni: jni attached
07-28 04:41:59.326  5026  9462 D txpwrJni: getRadioStatus start
07-28 04:41:59.326  5026  9462 D txpwrJni: getJavaCallbackClass start
07-28 04:41:59.326  5026  9462 D txpwrJni: getJavaCallbackClass End midIs[1]
07-28 04:41:59.326  5026  8652 D txpwrJni: sendRadioStatus start
07-28 04:41:59.327  5111  6136 D IWlanJni: getDataRegistrationState start
07-28 04:41:59.327  5111  6153 D IWlanJni: new aidl event arrived
07-28 04:41:59.327  5111  6153 D IWlanJni: handleEvent 10
07-28 04:41:59.327  5111  6153 D IWlanJni: isThreadAttached start
07-28 04:41:59.327  5111  6153 D IWlanJni: jni detached
07-28 04:41:59.328  5111  6153 D IWlanJni: jni attached
07-28 04:41:59.328  5111  6153 D IWlanJni: getDataRegistrationStateResponse start
07-28 04:41:59.328  5111  6153 D IWlanJni: getJavaCallbackClass start
07-28 04:41:59.328  5111  6153 D IWlanJni: getJavaCallbackClass End midIs[1]
07-28 04:41:59.328  5111  6153 I IWlanAidlClient: getDataRegistrationStateResponse called
07-28 04:41:59.328  5111  6152 W IWlanNetworkService: 11 > Response Processed
07-28 04:41:59.329  3402  5292 W ContextImpl: Calling a method in the system process without a qualified user: android.app.ContextImpl.sendBroadcastMultiplePermissions:1311 android.content.Context.sendBroadcastMultiplePermissions:2524 com.android.server.TelephonyRegistry.broadcastServiceStateChanged:3740 com.android.server.TelephonyRegistry.notifyServiceStateForPhoneId:1787 com.android.internal.telephony.ITelephonyRegistry$Stub.onTransact:546 
07-28 04:41:59.329  3402  5292 W ContextImpl: Calling a method in the system process without a qualified user: android.app.ContextImpl.sendBroadcastMultiplePermissions:1344 com.android.server.TelephonyRegistry.broadcastServiceStateChanged:3745 com.android.server.TelephonyRegistry.notifyServiceStateForPhoneId:1787 com.android.internal.telephony.ITelephonyRegistry$Stub.onTransact:546 android.os.Binder.execTransactInternal:1523 
07-28 04:41:59.330  3402  5292 W ContextImpl: Calling a method in the system process without a qualified user: android.app.ContextImpl.sendBroadcastMultiplePermissions:1344 com.android.server.TelephonyRegistry.broadcastServiceStateChanged:3754 com.android.server.TelephonyRegistry.notifyServiceStateForPhoneId:1787 com.android.internal.telephony.ITelephonyRegistry$Stub.onTransact:546 android.os.Binder.execTransactInternal:1523 
07-28 04:41:59.330  3402  5292 W ContextImpl: Calling a method in the system process without a qualified user: android.app.ContextImpl.sendBroadcastMultiplePermissions:1344 com.android.server.TelephonyRegistry.broadcastServiceStateChanged:3760 com.android.server.TelephonyRegistry.notifyServiceStateForPhoneId:1787 com.android.internal.telephony.ITelephonyRegistry$Stub.onTransact:546 android.os.Binder.execTransactInternal:1523 
07-28 04:41:59.331  5920  5920 D CellBroadcastReceiver: onReceive Intent { act=android.intent.action.SERVICE_STATE flg=0x1000010 cmp=com.android.cellbroadcastreceiver.module/com.android.cellbroadcastreceiver.CellBroadcastReceiver (has extras) }
07-28 04:41:59.331  5920  5920 D CellBroadcastReceiver: onServiceStateChanged, ss: 1
07-28 04:41:59.331  5920  5920 D CellBroadcastReceiver: networkOperator: 
07-28 04:41:59.333  4907  4907 I Telephony: y0: onServiceStateChanged: newState=1, mServiceState=3
07-28 04:41:59.333  4907  4907 I Telephony: isRttCurrentlySupported -- regular acct, hasVoiceAvailability: false
07-28 04:41:59.333  4907  4907 I Telephony:  isRttSupported: false
07-28 04:41:59.333  4907  4907 I Telephony:  isUserRttSettingOn: false
07-28 04:41:59.333  4907  4907 I Telephony:  alwaysAllowWhileRoaming: false
07-28 04:41:59.333  4907  4907 I Telephony:  isRoaming: false
07-28 04:41:59.333  4907  4907 I Telephony:  isOnWfc: false
07-28 04:41:59.334  5111  6136 D IWlanJni: getDataRegistrationState start
07-28 04:41:59.334  5111  6157 D IWlanJni: new aidl event arrived
07-28 04:41:59.334  5111  6157 D IWlanJni: handleEvent 10
07-28 04:41:59.334  5111  6157 D IWlanJni: isThreadAttached start
07-28 04:41:59.334  5111  6157 D IWlanJni: jni detached
07-28 04:41:59.334  5111  6157 D IWlanJni: jni attached
07-28 04:41:59.334  5111  6157 D IWlanJni: getDataRegistrationStateResponse start
07-28 04:41:59.334  5111  6157 D IWlanJni: getJavaCallbackClass start
07-28 04:41:59.334  5111  6157 D IWlanJni: getJavaCallbackClass End midIs[1]
07-28 04:41:59.334  5111  6157 I IWlanAidlClient: getDataRegistrationStateResponse called
07-28 04:41:59.335  5111  6156 W IWlanNetworkService: 12 > Response Processed
07-28 04:41:59.335  4907  4907 D OplusPowerUpOptimizationImpl: onReceive: org.codeaurora.intent.action.RADIO_POWER_STATE
07-28 04:41:59.335  4907  5525 D OplusPowerUpOptimizationImpl: handleMessage what = 6
07-28 04:41:59.335  4907  5525 D OplusPowerUpOptimizationImpl: radio is available for slot: 0
07-28 04:41:59.335  4907  5525 D OplusPowerUpOptimizationImpl: trySendPhoneReady for slot: 0
07-28 04:41:59.335  4907  5525 D OplusPowerUpOptimizationImpl: Not sending ATEL ready: States: [0: {true, true, true, true}]
07-28 04:41:59.336  4907  4907 D CiWlanNotificationReceiver: ACTION_RADIO_POWER_STATE_CHANGED
07-28 04:41:59.336  3402  5303 I OplusBinderProxy: pb uid: 10215 pid: 10713 desc: com.android.internal.telephony.IPhoneStateListener/10
07-28 04:41:59.336  5144  5144 D SubsysEventListenerManager-SubsysTelephonyCallback[0]: onSignalStrengthsChanged
07-28 04:41:59.337  4829  4829 I KeyguardUpdateMonitor: action=android.intent.action.SERVICE_STATE subId=1 slotId=0
07-28 04:41:59.337  4829  4829 I KeyguardUpdateMonitor: action=android.intent.action.SERVICE_STATE subId=-1 slotId=1
07-28 04:41:59.337  4829  5037 I SystemUi--Statusbar: NetworkController.WifiSignalController-->wifi Broadcast action = android.telephony.action.SERVICE_PROVIDERS_UPDATED state=1 enabled=false connected=false isDefaultNetwork=false rssi=0 level=0 statusLabel = null isDirty = false
07-28 04:41:59.338  4829  5129 I SystemUi--QuickSettings: Tile.OplusCellularTile-->updateCarrierText: dialog not showing, ignore
07-28 04:41:59.338  4829  4829 W KeyguardUpdateMonitorLog: invalid subId in handleServiceStateChange()
07-28 04:41:59.339  4829  5129 D SimStateHelper: slot:0, lock state:Bundle[mParcelledData.dataSize=56]
07-28 04:41:59.340  4829  5129 D SimStateHelper: slot:1, lock state:Bundle[mParcelledData.dataSize=56]
07-28 04:41:59.340  4829  5129 D SimStateHelper: needDisableMenu: slot1State=-1; slot2State=-1
07-28 04:41:59.340  4829  5129 D SimStateHelper: needDisableMenu:false
07-28 04:41:59.340  4829  5129 I SystemUi--QuickSettings: Tile.OplusCellularTile-->updateCarrierText: dialog not showing, ignore
07-28 04:41:59.340  5111  6136 D IWlanJni: getDataRegistrationState start
07-28 04:41:59.340  3402  4472 D WifiNative: onSetCountryCodeSucceeded: US
07-28 04:41:59.340  3402  4472 I WifiCountryCode: Receive onSetCountryCodeSucceeded US
07-28 04:41:59.340  3402  4472 I WifiNl80211Manager: Receive country code change to US
07-28 04:41:59.340  3402  4472 D WifiScanRequestProxy: Sending scan available broadcast: true
07-28 04:41:59.340  3402  4476 I WifiScanningService: Received a request to enable scanning, UID = 1000
07-28 04:41:59.340  3402  4476 I WifiScanningService: scanner impls already exists
07-28 04:41:59.341  3402  4476 E WifiScanningService: wifi driver loaded received while already loaded
07-28 04:41:59.341  2718  2718 I wificond: Receive notifyCountryCodeChanged
07-28 04:41:59.341  2718  2718 I wificond: UpdateBandInfo
07-28 04:41:59.341  3402  4552 D CmccSliceManagerService: ACTION_DDS_SWITCH_DONE
07-28 04:41:59.341  3402  4552 D CmccSliceManagerService: cleanUpAndRestartSlice
07-28 04:41:59.341  3402  4552 D CmccSliceManagerService: cleanUpSlice
07-28 04:41:59.341  3402  4552 D CmccSliceManagerService: cleanUpSlice qcom
07-28 04:41:59.341  3402  4552 D CmccSliceManagerService: getDefaultDataSlotId0, subid: 1
07-28 04:41:59.341  4829  4829 I KeyguardUpdateMonitor: refreshSimState, changed:false,subId:1,slotId:0,state:5
07-28 04:41:59.341  4829  5129 D SimStateHelper: slot:0, lock state:Bundle[mParcelledData.dataSize=56]
07-28 04:41:59.342  5111  5111 D QCNEJ/WwanInfoRelay: onActiveSubscriptionsChanged activeCurrDDSId: 1 new DDS 1
07-28 04:41:59.342  2718  2718 I wificond: 2.4Ghz frequencies: 2412 2417 2422 2427 2432 2437 2442 2447 2452 2457 2462
07-28 04:41:59.342  2718  2718 I wificond: 5Ghz non-DFS frequencies: 5180 5200 5220 5240 5745 5765 5785 5805 5825
07-28 04:41:59.342  2718  2718 I wificond: 5Ghz DFS frequencies: 5260 5280 5300 5320 5500 5520 5540 5560 5580 5600 5620 5640 5660 5680 5700
07-28 04:41:59.342  2718  2718 I wificond: 6Ghz frequencies:
07-28 04:41:59.342  2718  2718 I wificond: 60Ghz frequencies:
07-28 04:41:59.342  6897  6897 I OsAgent : onReceive: android.net.wifi.action.WIFI_SCAN_AVAILABILITY_CHANGED
07-28 04:41:59.342  3402  4472 I WifiScanRequestProxy: Scanning is enabled
07-28 04:41:59.342  4829  5129 D SimStateHelper: slot:1, lock state:Bundle[mParcelledData.dataSize=56]
07-28 04:41:59.342  4829  5129 D SimStateHelper: needDisableMenu: slot1State=-1; slot2State=-1
07-28 04:41:59.342  4829  5129 D SimStateHelper: needDisableMenu:false
07-28 04:41:59.342  3402  4472 I WifiScanRequestProxy: Scanning for hidden networks is disabled
07-28 04:41:59.342  3402  4470 V NetworkPolicy: updateNotificationsNL not process
07-28 04:41:59.342  5111  6153 D IWlanJni: new aidl event arrived
07-28 04:41:59.342  5111  6153 D IWlanJni: handleEvent 10
07-28 04:41:59.342  5111  6153 D IWlanJni: isThreadAttached start
07-28 04:41:59.342  5111  6153 D IWlanJni: jni detached
07-28 04:41:59.342  3402  3402 D OplusWifiBroadCastDispatcher: mBroadcastReceiver: onReceiver  action=android.net.wifi.action.WIFI_SCAN_AVAILABILITY_CHANGED
07-28 04:41:59.342  5111  6153 D IWlanJni: jni attached
07-28 04:41:59.342  5111  6153 D IWlanJni: getDataRegistrationStateResponse start
07-28 04:41:59.342  5111  6153 D IWlanJni: getJavaCallbackClass start
07-28 04:41:59.342  5111  6153 D IWlanJni: getJavaCallbackClass End midIs[1]
07-28 04:41:59.342  5111  6153 I IWlanAidlClient: getDataRegistrationStateResponse called
07-28 04:41:59.342  3402  4579 D OplusWifiPower_ConnLpmEventObsever: onReceive EXTRA_SCAN_AVAILABLE availabe = true
07-28 04:41:59.342  3402  4472 D WakeupController: start()
07-28 04:41:59.342  3402  4579 D OplusWifiPowerService: onReceive action:android.net.wifi.action.WIFI_SCAN_AVAILABILITY_CHANGED
07-28 04:41:59.342  3402  4579 D OplusWifiSwitchStateMonitor: scan settings change to true
07-28 04:41:59.342  3402  4552 E ActivityThread: Failed to find provider info for com.cmccslice.proxyapp.provider
07-28 04:41:59.342  3402  4552 D CmccSliceManagerService: loadUrsp qcomCursor=null, count=-1, slotId=0
07-28 04:41:59.342  3402  4552 D CmccSliceManagerService: loadUrsp: qcomCursor=[]
07-28 04:41:59.342  3402  4552 D CmccSliceManagerService: isFeatureEnable , rus : false Feature : false
07-28 04:41:59.342  3402  4552 D CmccSliceManagerService: requestSliceNetwork: feature not enabled
07-28 04:41:59.342  3402  4552 D CmccSliceManagerService: cleanUpAndRestartSlice qcom
07-28 04:41:59.342  5111  5111 D QCNEJ/WwanInfoRelay: onActiveSubscriptionsChanged activeCurrDDSId: 1 new DDS 1
07-28 04:41:59.342  4985  5959 D CellularEvent: onActiveDataSubscriptionIdChanged sub id:1
07-28 04:41:59.343  5144  5144 D SubsysEventListenerManager-SubsysTelephonyCallback[0]: onSignalStrengthsChanged
07-28 04:41:59.343  5111  6152 W IWlanNetworkService: 13 > Response Processed
07-28 04:41:59.343  3402  4472 E WifiStaIfaceAidlImpl: setScanMode failed with service-specific exception: android.os.ServiceSpecificException:  (code 4)
07-28 04:41:59.342  6897  8273 I OsAgent : updateWiFiScanAvailState, scanAvailable: true
07-28 04:41:59.343  4829  5129 I SystemUi--QuickSettings: Tile.OplusCellularTile-->updateCarrierText: dialog not showing, ignore
07-28 04:41:59.343  3402  4472 I WifiService: Receive onDriverCountryCodeChanged to US, update available channel list
07-28 04:41:59.343  4829  5129 D SimStateHelper: slot:0, lock state:Bundle[mParcelledData.dataSize=56]
07-28 04:41:59.343  4829  5129 D SimStateHelper: slot:1, lock state:Bundle[mParcelledData.dataSize=56]
07-28 04:41:59.343  4829  5129 D SimStateHelper: needDisableMenu: slot1State=-1; slot2State=-1
07-28 04:41:59.343  4829  5129 D SimStateHelper: needDisableMenu:false
07-28 04:41:59.343  4829  5129 I SystemUi--QuickSettings: Tile.OplusCellularTile-->updateCarrierText: dialog not showing, ignore
07-28 04:41:59.343  4829  5129 D SimStateHelper: slot:0, lock state:Bundle[mParcelledData.dataSize=56]
07-28 04:41:59.344  4829  5129 D SimStateHelper: slot:1, lock state:Bundle[mParcelledData.dataSize=56]
07-28 04:41:59.344  4829  5129 D SimStateHelper: needDisableMenu: slot1State=-1; slot2State=-1
07-28 04:41:59.344  4829  5129 D SimStateHelper: needDisableMenu:false
07-28 04:41:59.344  3402  4472 E ApConfigUtil: Malformed channel value detected: java.lang.NumberFormatException: For input string: ""
07-28 04:41:59.344  3402  4217 W BestClock: java.time.DateTimeException: Missing network time fix
07-28 04:41:59.345  3402  4472 E ApConfigUtil: Malformed channel value detected: java.lang.NumberFormatException: For input string: ""
07-28 04:41:59.345  4907  4919 W System  : A resource failed to call AbstractCursor.close. 
07-28 04:41:59.345  3402  4217 W BestClock: java.time.DateTimeException: Missing network time fix
07-28 04:41:59.345  4907  4919 W System  : A resource failed to call AbstractCursor.close. 
07-28 04:41:59.345  4907  4919 W System  : A resource failed to call AbstractCursor.close. 
07-28 04:41:59.346  3402  4472 E ApConfigUtil: Malformed channel value detected: java.lang.NumberFormatException: For input string: ""
07-28 04:41:59.346  4829  5743 V OplusCustomizeCacheManager: queryCache name: sys.cache.common_customize_cache18014 param: null
07-28 04:41:59.346  4829  5743 V OplusCustomizeCacheManager: queryCache name: sys.cache.common_customize_cache18017 param: Bundle[{SETTING=BLOCK, BUSINESS=NCT-DATA}]
07-28 04:41:59.346  4829  5743 V OplusCustomizeCacheManager: queryCache name: sys.cache.common_customize_cache18013 param: null
07-28 04:41:59.346  3402  4578 D OplusSoftApManager: Support Wi-Fi6 SAP
07-28 04:41:59.346  3402  4472 I WifiService: Receive onDriverCountryCodeChanged to US, update available channel list
07-28 04:41:59.347  3402  4472 E ApConfigUtil: Malformed channel value detected: java.lang.NumberFormatException: For input string: ""
07-28 04:41:59.348  4907  4907 D OplusTelephonyController: onSignalStrengthChanged: SignalStrength=SignalStrength:{mCdma=CellSignalStrengthCdma: cdmaDbm=2147483647 cdmaEcio=2147483647 evdoDbm=2147483647 evdoEcio=2147483647 evdoSnr=2147483647 level=0,mGsm=CellSignalStrengthGsm: rssi=2147483647 ber=2147483647 mTa=2147483647 mLevel=0,mWcdma=CellSignalStrengthWcdma: ss=2147483647 ber=2147483647 rscp=2147483647 ecno=2147483647 level=0,mTdscdma=CellSignalStrengthTdscdma: rssi=2147483647 ber=2147483647 rscp=2147483647 level=0,mLte=CellSignalStrengthLte: rssi=2147483647 rsrp=2147483647 rsrq=2147483647 rssnr=2147483647 cqiTableIndex=2147483647 cqi=2147483647 ta=2147483647 level=0 parametersUseForLevel=0,mNr=CellSignalStrengthNr:{ csiRsrp = 2147483647 csiRsrq = 2147483647 csiCqiTableIndex = 2147483647 csiCqiReport = [] ssRsrp = 2147483647 ssRsrq = 2147483647 ssSinr = 2147483647 level = 0 parametersUseForLevel = 0 timingAdvance = 2147483647 },primary=CellSignalStrengthLte}
07-28 04:41:59.348  3402  4217 W ContextImpl: Calling a method in the system process without a qualified user: android.app.ContextImpl.sendBroadcastMultiplePermissions:1311 android.content.Context.sendBroadcastMultiplePermissions:2524 com.android.server.TelephonyRegistry.broadcastServiceStateChanged:3740 com.android.server.TelephonyRegistry.notifyServiceStateForPhoneId:1787 com.android.internal.telephony.ITelephonyRegistry$Stub.onTransact:546 
07-28 04:41:59.348  3402  4472 E ApConfigUtil: Malformed channel value detected: java.lang.NumberFormatException: For input string: ""
07-28 04:41:59.348  3402  4472 E ApConfigUtil: Malformed channel value detected: java.lang.NumberFormatException: For input string: ""
07-28 04:41:59.348  3402  4472 I WifiService: Receive onDriverCountryCodeChanged to US, update available channel list
07-28 04:41:59.348  4907  4907 D Telephony: isEmergencyPreferredAccount: subId=1, activeData=1
07-28 04:41:59.348  4907  4907 D Telephony: isEmergencyPreferredAccount: Device does not require preference.
07-28 04:41:59.349  3402  4217 W ContextImpl: Calling a method in the system process without a qualified user: android.app.ContextImpl.sendBroadcastMultiplePermissions:1344 com.android.server.TelephonyRegistry.broadcastServiceStateChanged:3745 com.android.server.TelephonyRegistry.notifyServiceStateForPhoneId:1787 com.android.internal.telephony.ITelephonyRegistry$Stub.onTransact:546 android.os.Binder.execTransactInternal:1523 
07-28 04:41:59.349  4907  4907 D OplusTelephonyController: onSignalStrengthChanged: SignalStrength=SignalStrength:{mCdma=CellSignalStrengthCdma: cdmaDbm=2147483647 cdmaEcio=2147483647 evdoDbm=2147483647 evdoEcio=2147483647 evdoSnr=2147483647 level=0,mGsm=CellSignalStrengthGsm: rssi=2147483647 ber=2147483647 mTa=2147483647 mLevel=0,mWcdma=CellSignalStrengthWcdma: ss=2147483647 ber=2147483647 rscp=2147483647 ecno=2147483647 level=0,mTdscdma=CellSignalStrengthTdscdma: rssi=2147483647 ber=2147483647 rscp=2147483647 level=0,mLte=CellSignalStrengthLte: rssi=2147483647 rsrp=2147483647 rsrq=2147483647 rssnr=2147483647 cqiTableIndex=2147483647 cqi=2147483647 ta=2147483647 level=0 parametersUseForLevel=0,mNr=CellSignalStrengthNr:{ csiRsrp = 2147483647 csiRsrq = 2147483647 csiCqiTableIndex = 2147483647 csiCqiReport = [] ssRsrp = 2147483647 ssRsrq = 2147483647 ssSinr = 2147483647 level = 0 parametersUseForLevel = 0 timingAdvance = 2147483647 },primary=CellSignalStrengthLte}
07-28 04:41:59.349  3402  5292 W BestClock: java.time.DateTimeException: Missing network time fix
07-28 04:41:59.349  3402  4472 E ApConfigUtil: Malformed channel value detected: java.lang.NumberFormatException: For input string: ""
07-28 04:41:59.349  3402  4217 W ContextImpl: Calling a method in the system process without a qualified user: android.app.ContextImpl.sendBroadcastMultiplePermissions:1344 com.android.server.TelephonyRegistry.broadcastServiceStateChanged:3754 com.android.server.TelephonyRegistry.notifyServiceStateForPhoneId:1787 com.android.internal.telephony.ITelephonyRegistry$Stub.onTransact:546 android.os.Binder.execTransactInternal:1523 
07-28 04:41:59.350  3402  4472 E ApConfigUtil: Malformed channel value detected: java.lang.NumberFormatException: For input string: ""
07-28 04:41:59.350  5144  5144 D SubsysEventListenerManager-SubsysTelephonyCallback[0]: onCellInfoChanged
07-28 04:41:59.350  3402  4217 W ContextImpl: Calling a method in the system process without a qualified user: android.app.ContextImpl.sendBroadcastMultiplePermissions:1344 com.android.server.TelephonyRegistry.broadcastServiceStateChanged:3760 com.android.server.TelephonyRegistry.notifyServiceStateForPhoneId:1787 com.android.internal.telephony.ITelephonyRegistry$Stub.onTransact:546 android.os.Binder.execTransactInternal:1523 
07-28 04:41:59.350  4829  4829 I KeyguardUpdateMonitor: action=android.intent.action.SERVICE_STATE subId=-1 slotId=1
07-28 04:41:59.350  3402  5290 W BestClock: java.time.DateTimeException: Missing network time fix
07-28 04:41:59.350  4829  4829 W KeyguardUpdateMonitorLog: invalid subId in handleServiceStateChange()
07-28 04:41:59.350  4829  5129 I SystemUi--QuickSettings: Tile.OplusCellularTile-->updateCarrierText: dialog not showing, ignore
07-28 04:41:59.351  3402  4472 E ApConfigUtil: Malformed channel value detected: java.lang.NumberFormatException: For input string: ""
07-28 04:41:59.351  4829  5129 D SimStateHelper: slot:0, lock state:Bundle[mParcelledData.dataSize=56]
07-28 04:41:59.351  4907  4907 D InternationalRoamingNotification: init
07-28 04:41:59.351  5144  6249 D VirtualCommService2: isSupport. true, true
07-28 04:41:59.351  4907  4907 D OplusVirtualCommUtils: isVirtualCommSupport, vRet: true
07-28 04:41:59.351  4829  5743 V OplusCustomizeCacheManager: queryCache name: sys.cache.common_customize_cache18014 param: null
07-28 04:41:59.351  4829  5129 D SimStateHelper: slot:1, lock state:Bundle[mParcelledData.dataSize=56]
07-28 04:41:59.351  4829  5129 D SimStateHelper: needDisableMenu: slot1State=-1; slot2State=-1
07-28 04:41:59.351  4829  5129 D SimStateHelper: needDisableMenu:false
07-28 04:41:59.351  4829  5743 V OplusCustomizeCacheManager: queryCache name: sys.cache.common_customize_cache18017 param: Bundle[{SETTING=BLOCK, BUSINESS=NCT-DATA}]
07-28 04:41:59.351  4829  5743 V OplusCustomizeCacheManager: queryCache name: sys.cache.common_customize_cache18013 param: null
07-28 04:41:59.351  4907  4907 I OplusVirtualCommUtils: getVirtualCommDeviceType, vRet: 1
07-28 04:41:59.351  4907  4907 I OplusVirtualCommUtils: isConsumerDeviceType, deviceType: 1
07-28 04:41:59.351  3402  4480 D ConnectivityService: unregister offer from providerId 5 : NetworkOffer [ Provider Id (5) Score(Policies : YIELD_TO_BAD_WIFI&TRANSPORT_PRIMARY&EVER_EVALUATED&IS_UNMETERED&EVER_VALIDATED&IS_VALIDATED ; KeepConnected : 0) Caps [ Transports: CELLULAR|SATELLITE Capabilities: MMS&SUPL&DUN&FOTA&IMS&CBS&IA&RCS&XCAP&EIMS&INTERNET&NOT_RESTRICTED&TRUSTED&NOT_VPN&MCX&NOT_VCN_MANAGED&ENTERPRISE&VSIM&BIP&MMTEL&PRIORITIZE_LATENCY&PRIORITIZE_BANDWIDTH&NOT_BANDWIDTH_CONSTRAINED Specifier: <TelephonyNetworkSpecifier [mSubId = 1]> EnterpriseId: 1&2&3&4&5 UnderlyingNetworks: Null] Needed by [142, 183, 193, 156, 80, 91, 1, 28, 132, 234, 170, 226, 18, 206, 30, 200, 40, 258, 24, 32, 48, 158, 34, 238, 117, 164, 42, 177, 151, 7, 113, 191, 244, 252, 250, 228, 95, 15, 162, 68, 231, 247, 261, 153, 140, 75, 26, 36, 174, 269, 265, 56, 89, 147, 204, 149, 168, 210, 145, 189, 50, 9, 185, 222, 46, 53, 138, 71, 256, 62, 136, 102, 224, 86, 82, 134, 214, 44, 267, 38, 172, 263, 58, 198]]
07-28 04:41:59.351  5920  5920 D CellBroadcastReceiver: onReceive Intent { act=android.intent.action.SERVICE_STATE flg=0x1000010 cmp=com.android.cellbroadcastreceiver.module/com.android.cellbroadcastreceiver.CellBroadcastReceiver (has extras) }
07-28 04:41:59.351  5920  5920 D CellBroadcastReceiver: onServiceStateChanged, ss: 1
07-28 04:41:59.352  5920  5920 D CellBroadcastReceiver: networkOperator: 
07-28 04:41:59.352  4907  4907 D InternationalRoamingNotification: do not createRoamingNotification for invalid Network
07-28 04:41:59.352  3402  4480 D ConnectivityService: update offer from providerId 5 new : NetworkOffer [ Provider Id (5) Score(Policies : YIELD_TO_BAD_WIFI&TRANSPORT_PRIMARY&EVER_EVALUATED&IS_UNMETERED&EVER_VALIDATED&IS_VALIDATED ; KeepConnected : 0) Caps [ Transports: CELLULAR|SATELLITE Capabilities: MMS&SUPL&DUN&FOTA&IMS&CBS&IA&RCS&XCAP&EIMS&INTERNET&NOT_RESTRICTED&TRUSTED&NOT_VPN&MCX&NOT_VCN_MANAGED&ENTERPRISE&VSIM&BIP&MMTEL&PRIORITIZE_LATENCY&PRIORITIZE_BANDWIDTH&NOT_BANDWIDTH_CONSTRAINED Specifier: <TelephonyNetworkSpecifier [mSubId = 1]> EnterpriseId: 1&2&3&4&5 UnderlyingNetworks: Null] Needed by [142, 183, 193, 156, 80, 91, 1, 28, 132, 234, 170, 226, 18, 206, 30, 200, 40, 258, 24, 32, 48, 158, 34, 238, 117, 164, 42, 177, 151, 7, 113, 191, 244, 252, 250, 228, 95, 15, 162, 68, 231, 247, 261, 153, 140, 75, 26, 36, 174, 269, 265, 56, 89, 147, 204, 149, 168, 210, 145, 189, 50, 9, 185, 222, 46, 53, 138, 71, 256, 62, 136, 102, 224, 86, 82, 134, 214, 44, 267, 38, 172, 263, 58, 198]]
07-28 04:41:59.352  3402  4480 D ConnectivityService: unregister offer from providerId 6 : NetworkOffer [ Provider Id (6) Score(Policies : YIELD_TO_BAD_WIFI&EVER_EVALUATED&IS_UNMETERED&EVER_VALIDATED&IS_VALIDATED ; KeepConnected : 0) Caps [ Transports: CELLULAR|SATELLITE Capabilities: MMS&SUPL&DUN&FOTA&IMS&CBS&IA&RCS&XCAP&EIMS&INTERNET&NOT_RESTRICTED&TRUSTED&NOT_VPN&MCX&NOT_VCN_MANAGED&ENTERPRISE&VSIM&BIP&MMTEL&PRIORITIZE_LATENCY&PRIORITIZE_BANDWIDTH&NOT_BANDWIDTH_CONSTRAINED Specifier: <TelephonyNetworkSpecifier [mSubId = -1]> EnterpriseId: 1&2&3&4&5 UnderlyingNetworks: Null] Needed by [142, 183, 193, 156, 80, 91, 1, 28, 132, 234, 170, 226, 18, 206, 30, 200, 40, 258, 24, 32, 48, 158, 34, 238, 117, 164, 42, 177, 151, 7, 113, 191, 244, 252, 250, 228, 95, 15, 162, 68, 231, 247, 261, 153, 140, 75, 26, 36, 174, 269, 265, 56, 89, 147, 204, 149, 168, 210, 145, 189, 50, 9, 185, 222, 46, 53, 138, 71, 256, 62, 136, 102, 224, 86, 82, 134, 214, 44, 267, 38, 172, 263, 58, 198]]
07-28 04:41:59.352  3402  4480 D ConnectivityService: update offer from providerId 6 new : NetworkOffer [ Provider Id (6) Score(Policies : YIELD_TO_BAD_WIFI&EVER_EVALUATED&IS_UNMETERED&EVER_VALIDATED&IS_VALIDATED ; KeepConnected : 0) Caps [ Transports: CELLULAR|SATELLITE Capabilities: MMS&SUPL&DUN&FOTA&IMS&CBS&IA&RCS&XCAP&EIMS&INTERNET&NOT_RESTRICTED&TRUSTED&NOT_VPN&MCX&NOT_VCN_MANAGED&ENTERPRISE&VSIM&BIP&MMTEL&PRIORITIZE_LATENCY&PRIORITIZE_BANDWIDTH&NOT_BANDWIDTH_CONSTRAINED Specifier: <TelephonyNetworkSpecifier [mSubId = -1]> EnterpriseId: 1&2&3&4&5 UnderlyingNetworks: Null] Needed by [142, 183, 193, 156, 80, 91, 1, 28, 132, 234, 170, 226, 18, 206, 30, 200, 40, 258, 24, 32, 48, 158, 34, 238, 117, 164, 42, 177, 151, 7, 113, 191, 244, 252, 250, 228, 95, 15, 162, 68, 231, 247, 261, 153, 140, 75, 26, 36, 174, 269, 265, 56, 89, 147, 204, 149, 168, 210, 145, 189, 50, 9, 185, 222, 46, 53, 138, 71, 256, 62, 136, 102, 224, 86, 82, 134, 214, 44, 267, 38, 172, 263, 58, 198]]
07-28 04:41:59.354  3402  4217 W BestClock: java.time.DateTimeException: Missing network time fix
07-28 04:41:59.354  3402  4217 W BestClock: java.time.DateTimeException: Missing network time fix
07-28 04:41:59.355  4829  5743 V OplusCustomizeCacheManager: queryCache name: sys.cache.common_customize_cache18014 param: null
07-28 04:41:59.355  4829  5743 V OplusCustomizeCacheManager: queryCache name: sys.cache.common_customize_cache18017 param: Bundle[{SETTING=BLOCK, BUSINESS=NCT-DATA}]
07-28 04:41:59.355  4829  5743 V OplusCustomizeCacheManager: queryCache name: sys.cache.common_customize_cache18013 param: null
07-28 04:41:59.356  4907  4907 V OplusCustomizeCacheManager: queryCache name: sys.cache.common_customize_cache18016 param: null
07-28 04:41:59.356  4907  4907 V OplusCustomizeCacheManager: queryCache name: sys.cache.common_customize_cache18013 param: null
07-28 04:41:59.356  4907  4907 V OplusCustomizeCacheManager: queryCache name: sys.cache.common_customize_cache18014 param: null
07-28 04:41:59.356  4907  4907 V OplusCustomizeCacheManager: queryCache name: sys.cache.common_customize_cache18017 param: Bundle[{SETTING=BLOCK, BUSINESS=NCT-DATA}]
07-28 04:41:59.357  4907  4907 V OplusCustomizeCacheManager: queryCache name: sys.cache.common_customize_cache18016 param: null
07-28 04:41:59.357  4907  4907 V OplusCustomizeCacheManager: queryCache name: sys.cache.common_customize_cache18013 param: null
07-28 04:41:59.357  4907  4907 V OplusCustomizeCacheManager: queryCache name: sys.cache.common_customize_cache18014 param: null
07-28 04:41:59.357  4907  4907 V OplusCustomizeCacheManager: queryCache name: sys.cache.common_customize_cache18017 param: Bundle[{SETTING=BLOCK, BUSINESS=NCT-DATA}]
07-28 04:41:59.357  4907  4907 D InternationalRoamingNotification: init
07-28 04:41:59.357  5144  7139 D VirtualCommService2: isSupport. true, true
07-28 04:41:59.357  4907  4907 D OplusVirtualCommUtils: isVirtualCommSupport, vRet: true
07-28 04:41:59.357  4907  4907 I OplusVirtualCommUtils: getVirtualCommDeviceType, vRet: 1
07-28 04:41:59.357  4907  4907 I OplusVirtualCommUtils: isConsumerDeviceType, deviceType: 1
07-28 04:41:59.358  4907  4907 D InternationalRoamingNotification: do not createRoamingNotification for invalid Network
07-28 04:41:59.360  1915  1961 I [UAH_CLIENT]: UahRelease, handle:42
07-28 04:41:59.361  1970  1970 D SensorFeature: name=ssc_screenshot_info ,index = 22
07-28 04:41:59.361  1970  1970 D SensorFeature: write 29 bytes:59072635705,59080969038,160,0
07-28 04:41:59.362  4829  4829 I SystemUi--QuickSettings: QsLottieUtils-->getLottieAnimFile : qs/qs_airplane_lottie_active_sep_dual_light.json
07-28 04:41:59.362  4829  4829 I SystemUi--QuickSettings: TemporarilyInfoManager-->[trigger] start from show
07-28 04:41:59.363  4829  4829 I SystemUi--QuickSettings: TemporarilyInfoManager-->[getLayoutParams] translationY=102.080635, translationX=0, width=1080, height=228, isLandscape=false, parent=androidx.constraintlayout.widget.ConstraintLayout{9666534 V.E...... ......ID 0,0-1080,2376 #7f0a09f6 app:id/qs_container_area_layout alpha=1.0 viewInfo = }
07-28 04:41:59.363  4829  4829 I SystemUi--Common: ViewExt-->[startAlongWithPosition] com.oplus.systemui.qs.base.temporarilyinfo.TemporarilyInfoManager$createViewToParent$1{8030136 V.ED..... ......ID 0,0-0,0 #7f0a0cb6 app:id/temporarily_info_view alpha=0.0 viewInfo = } alongWith android.widget.RelativeLayout{96a2837 V.E...... ........ 0,102-1080,222 #7f0a0a2e app:id/qs_status_bar_container_layout alpha=1.0 viewInfo = }
07-28 04:41:59.363  4829  4829 I SystemUi--QuickSettings: TemporarilyInfoManager-->[showElement] com.oplus.systemui.qs.base.temporarilyinfo.TemporarilyInfoManager$createViewToParent$1{8030136 V.ED..... ......ID 0,0-0,0 #7f0a0cb6 app:id/temporarily_info_view alpha=0.0 viewInfo = } for Element(text=Airplane mode off, groupId=Airplane mode, style=InfoShowStyle(textSize=16.0, sizeUnit=2, textColor=-1, showDuration=1500, alongWithReplacedView=true))
07-28 04:41:59.363  4829  4829 I SystemUi--QuickSettings: TemporarilyInfoManager-->[animateShow] com.oplus.systemui.qs.base.temporarilyinfo.TemporarilyInfoManager$createViewToParent$1{8030136 VFED..C.. ......ID 0,0-0,0 #7f0a0cb6 app:id/temporarily_info_view alpha=0.0 viewInfo = } start
07-28 04:41:59.381  4829  4829 I SystemUi--QuickSettings: QsLottieUtils-->getLottieAnimFile : qs/qs_cellular_lottie_active_sep_dual_light.json
07-28 04:41:59.399  3349  3885 D QmiClient: qmiServiceEventCallback recv msg id 1106
07-28 04:41:59.399  3349  3885 D QmiVsClient: enter - onQmiServiceEventCallback msgId 1106
07-28 04:41:59.399  3349  3361 D VsProxy : handleMessage msg is 2425
07-28 04:41:59.399  3349  3361 D VsProxy : handleServingCellInfoChangeInd for instance 0
07-28 04:41:59.399  3349  3349 D RadioServiceIndication: radioServingCellInfoInd
07-28 04:41:59.399  3349  3349 D RadioServiceIndication: radioServingCellInfoInd
07-28 04:41:59.400  5144  7139 D SubsysRadioIndication[0]: radioServingCellInfoInd
07-28 04:41:59.400  5144  5144 D NetworkService[0]: handleMessage what:1003
07-28 04:41:59.400  5144  7139 D SubsysRadioIndication[0]: radioServingCellInfoInd
07-28 04:41:59.401  5144  5144 D NetworkService[0]: handleMessage what:1003
07-28 04:41:59.402  4985  5959 D RadioEvent: onCellInfoChanged slotId=0
07-28 04:41:59.402  4985  5959 D RadioEvent: onCellInfoChanged slotId=0
07-28 04:41:59.404  3349  3882 D QmiClient: qmiServiceEventCallback recv msg id 78
07-28 04:41:59.405  3349  3882 D QmiNasClient: enter : onQmiServiceEventCallback msgId 78
07-28 04:41:59.405  3349  3882 D QmiNasClientEvent: qmiNasClientNotifySysInfoEvent lte_ims_voice_avail_valid 0
07-28 04:41:59.407  5070  5099 I QImsService: ImsRadioIndicationAidl : onServiceDomainChanged()[SUB0]
07-28 04:41:59.407  5070  5099 I QImsService: ImsSenderRxr : [UNSL]< UNSOL_SERVICE_DOMAIN_CHANGED 0[SUB0]
07-28 04:41:59.408  5070  5070 I QImsService: ImsRegistrationController : Message received: what = 5
07-28 04:41:59.408  5070  5070 I QImsService: ImsRegistrationController : handleSrvDomainChanged
07-28 04:41:59.409  3349  3394 D NasProxy: handleMessage msg is 2101
07-28 04:41:59.409  3349  3394 D NasProxy: handleNasSysInfoEvent for instance 0
07-28 04:41:59.409  5144  7139 D SubsysRadioIndication[0]: radioNr5gFreqTypeIndication, nr5gFreqType = 0
07-28 04:41:59.410  5144  5144 D QtiCellularNetwork: handleNr5gFreqTypeChanged 0, nr5gFreqType = 0
07-28 04:41:59.411  5111  6136 D IWlanJni: getDataRegistrationState start
07-28 04:41:59.411  5111  6153 D IWlanJni: new aidl event arrived
07-28 04:41:59.411  5111  6153 D IWlanJni: handleEvent 10
07-28 04:41:59.411  5111  6153 D IWlanJni: isThreadAttached start
07-28 04:41:59.411  5111  6153 D IWlanJni: jni detached
07-28 04:41:59.411  5111  6153 D IWlanJni: jni attached
07-28 04:41:59.411  5111  6153 D IWlanJni: getDataRegistrationStateResponse start
07-28 04:41:59.411  5111  6153 D IWlanJni: getJavaCallbackClass start
07-28 04:41:59.411  5111  6153 D IWlanJni: getJavaCallbackClass End midIs[1]
07-28 04:41:59.411  5111  6153 I IWlanAidlClient: getDataRegistrationStateResponse called
07-28 04:41:59.411  5111  6152 W IWlanNetworkService: 14 > Response Processed
07-28 04:41:59.411  4957  4986 D QtiOemHookAidl: oemHookRawIndication length=21
07-28 04:41:59.412  4957  4957 D QcrilMsgTunnelIfaceManager: handleMessage what = 0
07-28 04:41:59.413  4907  4907 D QC_RIL_OEM_HOOK: Received Broadcast Intent ACTION_UNSOL_RESPONSE_OEM_HOOK_RAW
07-28 04:41:59.413  4907  4907 D QC_RIL_OEM_HOOK: Received Broadcast Intent ACTION_UNSOL_RESPONSE_OEM_HOOK_RAW
07-28 04:41:59.413  4907  4907 D QC_RIL_OEM_HOOK: Received Broadcast Intent ACTION_UNSOL_RESPONSE_OEM_HOOK_RAW
07-28 04:41:59.413  4957  4957 D QC_RIL_OEM_HOOK: Received Broadcast Intent ACTION_UNSOL_RESPONSE_OEM_HOOK_RAW
07-28 04:41:59.415  4907  4907 D OplusTelephonyController: onSignalStrengthChanged: SignalStrength=SignalStrength:{mCdma=CellSignalStrengthCdma: cdmaDbm=2147483647 cdmaEcio=2147483647 evdoDbm=2147483647 evdoEcio=2147483647 evdoSnr=2147483647 level=0,mGsm=CellSignalStrengthGsm: rssi=2147483647 ber=2147483647 mTa=2147483647 mLevel=0,mWcdma=CellSignalStrengthWcdma: ss=2147483647 ber=2147483647 rscp=2147483647 ecno=2147483647 level=0,mTdscdma=CellSignalStrengthTdscdma: rssi=2147483647 ber=2147483647 rscp=2147483647 level=0,mLte=CellSignalStrengthLte: rssi=2147483647 rsrp=2147483647 rsrq=2147483647 rssnr=2147483647 cqiTableIndex=2147483647 cqi=2147483647 ta=2147483647 level=0 parametersUseForLevel=0,mNr=CellSignalStrengthNr:{ csiRsrp = 2147483647 csiRsrq = 2147483647 csiCqiTableIndex = 2147483647 csiCqiReport = [] ssRsrp = 2147483647 ssRsrq = 2147483647 ssSinr = 2147483647 level = 0 parametersUseForLevel = 0 timingAdvance = 2147483647 },primary=CellSignalStrengthLte}
07-28 04:41:59.415  5111  6136 D IWlanJni: getDataRegistrationState start
07-28 04:41:59.416  5144  5144 D SubsysEventListenerManager-SubsysTelephonyCallback[0]: onSignalStrengthsChanged
07-28 04:41:59.416  5111  6153 D IWlanJni: new aidl event arrived
07-28 04:41:59.416  5111  6153 D IWlanJni: handleEvent 10
07-28 04:41:59.416  5111  6153 D IWlanJni: isThreadAttached start
07-28 04:41:59.416  5111  6153 D IWlanJni: jni detached
07-28 04:41:59.416  5111  6153 D IWlanJni: jni attached
07-28 04:41:59.416  5111  6153 D IWlanJni: getDataRegistrationStateResponse start
07-28 04:41:59.416  5111  6153 D IWlanJni: getJavaCallbackClass start
07-28 04:41:59.416  5111  6153 D IWlanJni: getJavaCallbackClass End midIs[1]
07-28 04:41:59.416  5111  6153 I IWlanAidlClient: getDataRegistrationStateResponse called
07-28 04:41:59.416  5111  6152 W IWlanNetworkService: 15 > Response Processed
07-28 04:41:59.419  3402  4217 W BestClock: java.time.DateTimeException: Missing network time fix
07-28 04:41:59.420  4907  4907 W Settings: Setting airplane_mode_on has moved from android.provider.Settings.System to android.provider.Settings.Global, returning read-only value.
07-28 04:41:59.420  3402  5303 W BestClock: java.time.DateTimeException: Missing network time fix
