07-28 04:41:58.359  4829  4829 I SystemUi--Keyguard: ScrimControllerExImp-->blur State to UNLOCK, bouncer=false changeFromBouncerScrim= false runnerUnlock= false goingAway=false hasHandle=true isOccludeAnimationPlaying=false
07-28 04:41:58.367  4829  4829 I SystemUi--Keyguard: ScrimControllerExImp-->blur State to UNLOCK, bouncer=false changeFromBouncerScrim= false runnerUnlock= false goingAway=false hasHandle=true isOccludeAnimationPlaying=false
07-28 04:41:58.367  1890  5951 I SnapAlloc: Using graphics libs for alignment calculations
07-28 04:41:58.367  4829  4829 I SystemUi--Keyguard: ScrimControllerExImp-->blur State to UNLOCK, bouncer=false changeFromBouncerScrim= false runnerUnlock= false goingAway=false hasHandle=true isOccludeAnimationPlaying=false
07-28 04:41:58.375  4829  4829 I SystemUi--Keyguard: ScrimControllerExImp-->blur State to UNLOCK, bouncer=false changeFromBouncerScrim= false runnerUnlock= false goingAway=false hasHandle=true isOccludeAnimationPlaying=false
07-28 04:41:58.376  4829  4829 I SystemUi--Keyguard: ScrimControllerExImp-->blur State to UNLOCK, bouncer=false changeFromBouncerScrim= false runnerUnlock= false goingAway=false hasHandle=true isOccludeAnimationPlaying=false
07-28 04:41:58.384  4829  4829 I SystemUi--Keyguard: ScrimControllerExImp-->blur State to UNLOCK, bouncer=false changeFromBouncerScrim= false runnerUnlock= false goingAway=false hasHandle=true isOccludeAnimationPlaying=false
07-28 04:41:58.384  1890  5951 I SnapAlloc: Using graphics libs for alignment calculations
07-28 04:41:58.384  4829  4829 I SystemUi--Keyguard: ScrimControllerExImp-->blur State to UNLOCK, bouncer=false changeFromBouncerScrim= false runnerUnlock= false goingAway=false hasHandle=true isOccludeAnimationPlaying=false
07-28 04:41:58.392  4829  4829 I SystemUi--Keyguard: ScrimControllerExImp-->blur State to UNLOCK, bouncer=false changeFromBouncerScrim= false runnerUnlock= false goingAway=false hasHandle=true isOccludeAnimationPlaying=false
07-28 04:41:58.392  4829  4829 I SystemUi--Keyguard: ScrimControllerExImp-->blur State to UNLOCK, bouncer=false changeFromBouncerScrim= false runnerUnlock= false goingAway=false hasHandle=true isOccludeAnimationPlaying=false
07-28 04:41:58.400  4829  4829 I SystemUi--QuickSettings: TemporarilyInfoManager-->[setStarted] true
07-28 04:41:58.400  4829  4829 I SystemUi--QuickSettings: OplusQSRootViewController-->endClosing()
07-28 04:41:58.400  4829  4829 I SystemUi--Common: OplusShadeExpansionStat-->go state: OPENING -> OPEN
07-28 04:41:58.400  4829  4829 I SystemUi--Common: OplusShadeExpansionStat-->go state: OPENING -> OPEN
07-28 04:41:58.401  4829  4829 I SystemUi--Keyguard: ScrimControllerExImp-->blur State to UNLOCK, bouncer=false changeFromBouncerScrim= false runnerUnlock= false goingAway=false hasHandle=true isOccludeAnimationPlaying=false
07-28 04:41:58.401  1890  5951 I SnapAlloc: Using graphics libs for alignment calculations
07-28 04:41:58.401  4829  4829 I SystemUi--Common: PlatformBlurManagerImpl-->setPlatformBlurMode: blurMode=AUTO(blurFrequency=4)
07-28 04:41:58.401  4829  4829 I SystemUi--Common: PlatformBlurManagerImpl-->updateMotionFrequency: isExpanding=false
07-28 04:41:58.401  4829  4829 I SystemUi--Keyguard: ScrimControllerExImp-->blur State to UNLOCK, bouncer=false changeFromBouncerScrim= false runnerUnlock= false goingAway=false hasHandle=true isOccludeAnimationPlaying=false
07-28 04:41:58.401  4829  4829 I SystemUi--Device_Panel: OplusQSMyDeviceContainerViewController-->setQsDeviceExpansion expansion 1.0
07-28 04:41:58.402  4829  4829 I SystemUi--QuickSettings: QSPanelExpandFraction-->fractionAnimation onAnimationEnd, value=1.0
07-28 04:41:58.413  1900  4442 I Dpps    : LtmSwState::SetParameter():144 ignore cmd 7 in state LtmOffState
07-28 04:41:58.434  1890  5951 I SnapAlloc: Using graphics libs for alignment calculations
07-28 04:41:58.533  3402  4375 V AlarmManager: sending alarm Alarm{b14c362 type 3 origWhen 39503 whenElapsed 46654 android} uid 1000 whenElapsed 46654 windowLength 18750 maxWhenElapsed 58253 repeatInterval 0 action null component null tag WifiHealthMonitor Schedule Post-Boot Detection Timer flags 0x8 procName system_server
07-28 04:41:58.540  1970  1970 D SensorFeature: name=ssc_screenshot_info ,index = 22
07-28 04:41:58.540  1970  1970 D SensorFeature: write 29 bytes:58251231799,58259565132,157,0
07-28 04:41:58.678  1824  4433 I sensors-hal: handle_oplus_wise_rgb_event:189, high_pwm_light:lux 2.7,cct 5300.0,brl/algo/ir 78.0/2.0/0.0,pwm/dc 0.0/0.0,rgbc 152.192047/152.183655/55.124088/368.394470,ts 58242906869,cnt 840,flag 157
07-28 04:41:58.679  1900  4442 I Dpps    : LtmSwState::SetParameter():144 ignore cmd 7 in state LtmOffState
07-28 04:41:58.814  1970  1970 D SensorFeature: name=ssc_screenshot_info ,index = 22
07-28 04:41:58.814  1970  1970 D SensorFeature: write 29 bytes:58525122112,58533455445,158,0
07-28 04:41:58.945  1900  4442 I Dpps    : LtmSwState::SetParameter():144 ignore cmd 7 in state LtmOffState
07-28 04:41:59.008  5178  5556 D OplusScrollToTopManager: com.android.launcher/com.android.launcher.Launcher,This com.android.internal.policy.DecorView{5b17138 V.E...... R....... 0,0-1080,2376 aid=0 alpha=1.0 viewInfo = }[Launcher] change focus to false
07-28 04:41:59.012  4829  5012 D OplusScrollToTopManager: NotificationShade,This com.android.systemui.shade.NotificationShadeWindowView{f43a0ad V.E...... ........ 0,0-1080,2376 #7f0a06b7 app:id/legacy_window_root alpha=1.0 viewInfo = } change focus to true
07-28 04:41:59.012  4829  5012 D OplusScrollToTopManager: NotificationShade, registerGuidePopupDismissReceiverInSystemUI
07-28 04:41:59.013  4829  5012 D OplusScrollToTopManager: NotificationShade, after registerGuidePopupDismissReceiverInSystemUI
07-28 04:41:59.058  2000  2027 D BatteryChargeControl: bcc get no support from charging protocol
07-28 04:41:59.085  2000  7337 D charge_time: type=sdp,reserve_soc=2,soc=28,ui_soc=29,current=155,avg=136,not_chg_cnt=0,stable_cnt=7,fcc=5724,fcc_ratio=94,delta=32,debug=0,region=18,ttf=50508(14:01:48),ui_ttf=27791(07:43:11)
07-28 04:41:59.087  1970  1970 D SensorFeature: name=ssc_screenshot_info ,index = 22
07-28 04:41:59.087  1970  1970 D SensorFeature: write 29 bytes:58799041799,58807375132,159,0
07-28 04:41:59.209  1824  4433 I sensors-hal: handle_oplus_wise_rgb_event:189, high_pwm_light:lux 2.7,cct 5300.0,brl/algo/ir 78.0/2.0/0.0,pwm/dc 0.0/0.0,rgbc 159.439285/149.842361/59.061523/376.069366,ts 58782715411,cnt 850,flag 159
07-28 04:41:59.210  1900  4442 I Dpps    : LtmSwState::SetParameter():144 ignore cmd 7 in state LtmOffState
07-28 04:41:59.251  3402  5290 I InputDispatcher: injectInputEvent: targetUid=<not set>, syncMode=WAIT_FOR_FINISHED, timeout=30000ms, policyFlags=0x8000000, event=MotionEvent { action=DOWN, id[0]=0, x[0]=877, y[0]=1330, eventTime=58971000000, downTime=58971000000, deviceId=4, source=TOUCHSCREEN, displayId=0, eventId=0xf00cb51f}
07-28 04:41:59.252  3402  4786 I [UAH_CLIENT]: UahEventAcquire, cmdid:37, pkg:none, identity:OplusUAwareInputHelper
07-28 04:41:59.252  4829  4829 V AutofillManager: requestHideFillUi(null): anchor = null
07-28 04:41:59.252  4829  4829 V Application: getAutofillClient(): null on super, trying to find activity thread
07-28 04:41:59.252  4829  4829 V Application: getAutofillClient(): none of the 0 activities on com.android.systemui.SystemUIApplication@899d650 are top resumed nor have focus
07-28 04:41:59.252  4829  4829 V AutofillManager: No AutofillClient for com.android.systemui on context com.android.systemui.SystemUIApplication@899d650
07-28 04:41:59.252  3402  4604 D OMP_Detector: D:done mCurrStatus: 0
07-28 04:41:59.252  3402  4786 D UAH-UahAdaptHelper: adaptSetNotification identity = OplusUAwareInputHelpersrc = 1000 , type 0 ,p1 = -1 ,p2 = -1 ,p3 = -1 ,p4 =
07-28 04:41:59.252  3402  4786 I [UAH_CLIENT]: uahRuleCtl, ruleId:1000, status:0
07-28 04:41:59.253  4829  4829 I SystemUi--Common: ScrollTranslationValue-->resetPanelTranslationY
07-28 04:41:59.253  4829  4829 I SystemUi--QuickSettings: OplusPanelViewPagerController-->initExpanded downExpanded=QS downOnRight=true targetPage=QS downOnYHotArea=false  isKeyguardShowing=false isOnKeyguard=false fractionListeners.size=0 currentQsFraction=1.0 currentNotifyFraction=0.0 hasCalledDownEvent=true getScrollXHotZone=([Rect(0, 0 - 1080, 2376)], [Rect(-1, -1 - -1, -1), Rect(144, 2143 - 270, 2269), Rect(810, 2143 - 936, 2269)]) getScrollYHotZone=Rect(0, 0 - 1080, 222) notifyExpandedFraction=0.0 isLastUpToExpand=true qsPanelView.translationX=0.0
07-28 04:41:59.254  4829  4829 I SystemUi--QuickSettings: OplusQSRootViewController-->startExpandMotion event: 0, startTracking: false isClosing: false panelClosedOnDown: false
07-28 04:41:59.254  4829  4829 I SystemUi--QuickSettings: OplusQSRootViewController-->initialOffsetOnTouch: 2376.0, panelClosedOnDown: false
07-28 04:41:59.254  3402  3778 D PowerManagerService: userActivityNoUpdateLocked: groupId=0, eventTime=58971, event=touch, flags=0x0, uid=1000
07-28 04:41:59.255  3402  5290 I InputDispatcher: injectInputEvent: targetUid=<not set>, syncMode=WAIT_FOR_FINISHED, timeout=30000ms, policyFlags=0x8000000, event=MotionEvent { action=UP, id[0]=0, x[0]=877, y[0]=1330, eventTime=58971000000, downTime=58971000000, deviceId=4, source=TOUCHSCREEN, displayId=0, eventId=0xe4a40112}
07-28 04:41:59.255  3402  4786 D UAH-UahAdaptHelper: adaptSetNotification identity = OplusUAwareInputHelpersrc = 1000 , type 1 ,p1 = -1 ,p2 = -1 ,p3 = -1 ,p4 =
07-28 04:41:59.255  3402  4786 I [UAH_CLIENT]: uahRuleCtl, ruleId:1000, status:1
07-28 04:41:59.256  4829  4829 I SystemUi--Statusbar: OplusStatusBarWindowViewTouchExImpl-->onTouchEvent handled:false
07-28 04:41:59.256  4829  4829 I SystemUi--QuickSettings: OplusPanelViewPagerController-->reset
07-28 04:41:59.256  4829  4829 I SystemUi--QuickSettings: OplusQSRootViewController-->resetTouch
07-28 04:41:59.256  4829  4829 D OplusViewDragTouchViewHelper: dispatchTouchView action = 1
07-28 04:41:59.256  4829  4829 D ViewRootImplExtImpl: the up motion event handled by client, just return
07-28 04:41:59.257  4829  4829 I SystemUi--QuickSettings: Tile.OplusAirplaneModeTile-->clicked ------ state is :2 canTips :true
07-28 04:41:59.257  4829  5344 V OplusCustomizeCacheManager: queryCache name: sys.cache.common_customize_cache18026 param: null
07-28 04:41:59.257  4829  5344 V OplusCustomizeCacheManager: queryCache name: sys.cache.common_customize_cache18026 param: null
07-28 04:41:59.259  3402  4423 D BluetoothSystemServer: BluetoothRadioModeListener: Not sensitive to airplane_mode_radios change. Forced to false
07-28 04:41:59.260  3402  4577 D OplusWifiPower_ConnLpmEventObsever: AIRPLANE_MODE_ON:false
07-28 04:41:59.260  7044  7350 I SettingImpl: isAirplaneModeToggleChecked switchValue: -1, airplane mode isChecked is false
07-28 04:41:59.260  4829  4829 I SystemUi--Statusbar: OplusStatusBarSignalPolicy-->imsIcon: OplusIMSModel(shouldShowVolte=false, shouldShowVowifi=false, simInserted=true, noSim=false, shouldShowVodata=false, shouldShowVo5G=false, vowifiState=false), OplusIMSModel(shouldShowVolte=false, shouldShowVowifi=false, simInserted=false, noSim=true, shouldShowVodata=false, shouldShowVo5G=false, vowifiState=false), noSubs:false, airplaneMode:falsevisible: false ,wifiConnect:false , vowifiIcon:0 , voDataStatus:false, is5GNewCall:false
07-28 04:41:59.260  4829  4829 I SystemUi--Statusbar: OplusStatusBarSignalPolicy-->noSimIcon simState: SimStateModel(simInserted=[true, false], simForbidden=[false, true], simStateIMSI=[true, false], simLoaded=[true, false]), noSubs:false isAirplaneMode:false
07-28 04:41:59.260  5026  8652 I txpwradmin:SettingsObserver: onChange for uri = content://settings/global/airplane_mode_on
07-28 04:41:59.260  4829  5743 I SystemUi--QuickSettings: Tile.OplusAirplaneModeTile-->handleUpdateState state.state: 2 value: 0
07-28 04:41:59.260  4829  5743 V OplusCustomizeCacheManager: queryCache name: sys.cache.common_customize_cache18026 param: null
07-28 04:41:59.261  4829  4829 I SystemUi--Statusbar: OplusMobileIconViewModel-->isVisible subId:1 isAirplaneMode:false isAllowedDuringAirplaneMode:false isForceHidden:false isSatelliteForbid:false
07-28 04:41:59.261  4829  4829 I SystemUi--Statusbar: OplusStatusBarMobileViewBinder-->isVisible:true
07-28 04:41:59.261  4829  4829 I SystemUi--Statusbar: OplusStatusBarMobileViewBinder-->isVisible:true
07-28 04:41:59.261  4829  4829 I SystemUi--Statusbar: OplusStatusBarMobileViewBinder-->isVisible:true
07-28 04:41:59.261  4829  4829 I SystemUi--Statusbar: OplusStatusBarMobileViewBinder-->isVisible:true
07-28 04:41:59.261  4829  4829 I SystemUi--Statusbar: OplusStatusBarMobileViewBinder-->isVisible:true
07-28 04:41:59.261  5026  8652 D txpwrJni: sendRadioStatus start
07-28 04:41:59.262  4985  5991 D NAS-CallIssueDetector: notifyApmChanged
07-28 04:41:59.262  4985  6043 D ElevatorEvent: enableElevatorDetect mIsElevSensorReg = false
07-28 04:41:59.262  4985  6043 V SystemSensorManagerExtImpl: RegisterListener elevator_detect  Wakeup type:33171036 delay:200000us by com.oplus.nas.comm.event.ElevatorEvent$a@f7deb98 from com.oplus.nas
07-28 04:41:59.262  3402  5290 D SensorService: createSensorEventConnection packageName = com.oplus.nas.comm.event.ElevatorEvent, opPackageName = com.oplus.nas, mCurrentOperatingMode = 0, requestedMode = 0
07-28 04:41:59.263  4985  6287 I PCDR-common_no_service[0]: forbidden
07-28 04:41:59.263  4985  6287 I PCDR-common_no_45g[0]: forbidden
07-28 04:41:59.263  4985  6287 I PCDR-common_no_service[1]: forbidden
07-28 04:41:59.263  4985  6287 I PCDR-common_no_45g[1]: forbidden
07-28 04:41:59.263  3402  3402 D OplusWifiBroadCastDispatcher: mBroadcastReceiver: onReceiver  action=android.intent.action.AIRPLANE_MODE
07-28 04:41:59.263  4985  5991 D NAS-CallIssueDetector: EVENT_SIM_STATE_CHANGE mSimState[0] LOADED
07-28 04:41:59.263  4985  5991 D SceneEvent: registerSensorMgr start
07-28 04:41:59.263  4829  5743 V OplusCustomizeCacheManager: queryCache name: sys.cache.common_customize_cache11009 param: null
07-28 04:41:59.263  5144  5144 D SubsysBroadcastManager: onReceive action:android.intent.action.AIRPLANE_MODE
07-28 04:41:59.264  4985  5985 D OplusLinkBoostMeeting: onAirplaneModeChange
07-28 04:41:59.264  3402  4423 D BluetoothSystemServer: AirplaneModeListener: Ignore mode change to same state. previousMode=false, isOn=false, isOnOverrode=false, isMediaConnected=false
07-28 04:41:59.264  1975  1995 E PerformanceService: [damon_reclaim] Failed to open wmarks_xxx, Linux version 6.6.30
07-28 04:41:59.264  4907  4907 W Settings: Setting airplane_mode_on has moved from android.provider.Settings.System to android.provider.Settings.Global, returning read-only value.
07-28 04:41:59.264  4907  4907 W Settings: Setting airplane_mode_on has moved from android.provider.Settings.System to android.provider.Settings.Global, returning read-only value.
07-28 04:41:59.264  4997  4997 W Settings: Setting airplane_mode_on has moved from android.provider.Settings.System to android.provider.Settings.Global, returning read-only value.
07-28 04:41:59.265  4907  4907 W Settings: Setting airplane_mode_on has moved from android.provider.Settings.System to android.provider.Settings.Global, returning read-only value.
07-28 04:41:59.265  4907  4907 W Settings: Setting airplane_mode_on has moved from android.provider.Settings.System to android.provider.Settings.Global, returning read-only value.
07-28 04:41:59.265  3402  4320 E PerformanceManager: setDamonReclaimWmarks succeed.
07-28 04:41:59.265  4907  4907 W Settings: Setting airplane_mode_on has moved from android.provider.Settings.System to android.provider.Settings.Global, returning read-only value.
07-28 04:41:59.265  4985  5959 D ResidenceLocSm: onPreHandleMessage 49
07-28 04:41:59.265  5144  5144 D NetworkService[0]: onAirPlaneModeChange isAirPlaneModeOn:false
07-28 04:41:59.265  5144  5144 D NetworkService[1]: onAirPlaneModeChange isAirPlaneModeOn:false
07-28 04:41:59.265  4985  5959 D ResidenceLocSm: onPostHandleMessage 49
07-28 04:41:59.265  5144  5144 D QuickChangeAirplaneModeEvent: airplane mode off
07-28 04:41:59.265  5144  5144 W Settings: Setting airplane_mode_on has moved from android.provider.Settings.System to android.provider.Settings.Global, returning read-only value.
07-28 04:41:59.265  3402  4472 D WifiController: Airplane mode disabled, determine next state
07-28 04:41:59.265  4829  4829 D RowAnimatorExtImpl: init:tx,view:StatusBarIconView(slot='volume' alpha=1.0 icon=StatusBarIcon(icon=Icon(typ=RESOURCE pkg=com.android.systemui id=0x7f0818f0) visible user=0 ) visibleState=ICON iconColor=#ccffffff staticDrawableColor=#ccffffff decorColor=#ffffffff animationStartColor=#0 currentSetColor=#ccffffff notification=null),translationX:  9.0  0.0  
07-28 04:41:59.266  4829  4829 D RowAnimatorExtImpl: init:tx,view:StatusBarIconView(slot='zen' alpha=1.0 icon=StatusBarIcon(icon=Icon(typ=RESOURCE pkg=com.android.systemui id=0x7f0818e1) visible user=0 ) visibleState=ICON iconColor=#ccffffff staticDrawableColor=#ccffffff decorColor=#ffffffff animationStartColor=#0 currentSetColor=#ccffffff notification=null),translationX:  57.0  48.0  
07-28 04:41:59.266  5070  5070 I QImsService: OplusWifiApmStateMgr : ACTION_AIRPLANE_MODE_CHANGED,mIsAirplaneModeOn: false
07-28 04:41:59.266  4907  4907 D PhoneGlobals: ACTION_AIRPLANE_MODE_CHANGED received
07-28 04:41:59.266  4907  4907 D PhoneGlobals: Receive ACTION_AIRPLANE_MODE_CHANGED, state: false
07-28 04:41:59.266  5070  5070 I QImsService: OplusImsServiceSubImpl : onTurnOffImsAfterWifiChanged : false
07-28 04:41:59.266  5070  5070 I QImsService: OplusImsServiceSubImpl : onTurnOffImsAfterWifiChanged : false
07-28 04:41:59.266  4907  4907 I PhoneGlobals: handleAirplaneModeChange: isAirplaneNewlyOn=false
07-28 04:41:59.266  4907  4907 D PhoneGlobals: handleAirplaneModeChange: isAirplaneNewlyOn = false, cellState = 2
07-28 04:41:59.266  4907  4907 I PhoneGlobals: Turning radio on - airplane
07-28 04:41:59.266  4829  4829 D RowAnimatorExtImpl: init:tx,view:StatusBarIconView(slot='volume' alpha=1.0 icon=StatusBarIcon(icon=Icon(typ=RESOURCE pkg=com.android.systemui id=0x7f0818f0) visible user=0 ) visibleState=ICON iconColor=#ccffffff staticDrawableColor=#ccffffff decorColor=#ffffffff animationStartColor=#0 currentSetColor=#ccffffff notification=null),translationX:  9.0  0.0  
07-28 04:41:59.266  4829  4829 D RowAnimatorExtImpl: init:tx,view:StatusBarIconView(slot='zen' alpha=1.0 icon=StatusBarIcon(icon=Icon(typ=RESOURCE pkg=com.android.systemui id=0x7f0818e1) visible user=0 ) visibleState=ICON iconColor=#ccffffff staticDrawableColor=#ccffffff decorColor=#ffffffff animationStartColor=#0 currentSetColor=#ccffffff notification=null),translationX:  57.0  48.0  
07-28 04:41:59.266  4829  4829 D RowAnimatorExtImpl: init:tx,view:StatusBarIconView(slot='volume' alpha=1.0 icon=StatusBarIcon(icon=Icon(typ=RESOURCE pkg=com.android.systemui id=0x7f0818f0) visible user=0 ) visibleState=ICON iconColor=#ccffffff staticDrawableColor=#ccffffff decorColor=#ffffffff animationStartColor=#0 currentSetColor=#ccffffff notification=null),translationX:  9.0  0.0  
07-28 04:41:59.266  4829  4829 D RowAnimatorExtImpl: init:tx,view:StatusBarIconView(slot='zen' alpha=1.0 icon=StatusBarIcon(icon=Icon(typ=RESOURCE pkg=com.android.systemui id=0x7f0818e1) visible user=0 ) visibleState=ICON iconColor=#ccffffff staticDrawableColor=#ccffffff decorColor=#ffffffff animationStartColor=#0 currentSetColor=#ccffffff notification=null),translationX:  57.0  48.0  
07-28 04:41:59.266  3402  4578 D OplusWifiSwitchStateMonitor: mWifiSettingsValue:0
07-28 04:41:59.266  3402  4578 D OplusWifiSwitchStateMonitor: notify scan state: true
07-28 04:41:59.267  3402  4472 D WifiActiveModeWarden: Starting primary ClientModeManager in scan only mode
07-28 04:41:59.267  3402  4472 D WifiController: DisabledState.exit()
07-28 04:41:59.267  3402  4472 D WifiController: EnabledState.enter()
07-28 04:41:59.267  3402  4472 D WifiClientModeManager[58987:unknown]: entering IdleState
07-28 04:41:59.269  4829  5743 I SystemUi--QuickSettings: Tile.OplusAirplaneModeTile-->handleUpdateState state.state: 1 value: 0
07-28 04:41:59.269  4829  5743 V OplusCustomizeCacheManager: queryCache name: sys.cache.common_customize_cache18026 param: null
07-28 04:41:59.269  5144  5144 D RadioMessenger: handleMessage Request msgid 2215
07-28 04:41:59.269  4997  4997 I HidlServiceManagement: Trying to get transport of vendor.oplus.hardware.appradio@1.0::IOplusAppRadio/oplus_app_slot1 without hwservicemanager
07-28 04:41:59.269  4997  4997 E NhsAppRIL/0: in getOplusRadioProxy getService: Exception: java.util.NoSuchElementException
07-28 04:41:59.269  5144  5144 D RadioProxyJ: [PHONE0][90]> getNecData moduleId:1 evtId:[0, 16, 0, 0, 0, 0, 0, 0, 0, 0, 0, 0, 0, 0, 0, 0, 0, 0, 0, 0, 0, 0, 0, 0, 0, 0, 0, 0, 0, 0, 0, 0]
07-28 04:41:59.269  3402  5292 W SensorService: SensorEventConnection sensor handle=1362, package = com.oplus.nas.comm.event.ElevatorEvent enable
07-28 04:41:59.269  3402  5292 E SensorService: Required app com.oplus.nas.comm.event.ElevatorEvent, uid 1000, pid 4985
07-28 04:41:59.270  3402  5292 D SensorService: Calling batch handle==1362 flags=0rate=200000000 timeout== 0
07-28 04:41:59.270  3402  5292 D SensorService: SensorDevice::batch: ident=0xb400006ee26fd0c0, handle=0x00000552, flags=0, period_ns=200000000 timeout=0
07-28 04:41:59.270  3402  5292 D SensorService: 	>>> actuating h/w BATCH 0x00000552 200000000 0
07-28 04:41:59.270  1824  1824 I sensors-hal: batch:153, qti.sensor.elevator_detect/1362, period=200000000, max_latency=0
07-28 04:41:59.270  1824  1824 I sensors-hal: batch:175, qti.sensor.elevator_detect/1362, period=200000000, max_latency=0 request completed
07-28 04:41:59.270  4997  4997 D NhsElevatorReceiver: enableElevatorDetect mIsElevSensorReg = false
07-28 04:41:59.270  4997  4997 V SystemSensorManagerExtImpl: RegisterListener elevator_detect  Wakeup type:33171036 delay:200000us by t0.g$b@455c05a from com.oplus.nhs
07-28 04:41:59.270  3402  5290 D SensorService: createSensorEventConnection packageName = t0.g, opPackageName = com.oplus.nhs, mCurrentOperatingMode = 0, requestedMode = 0
07-28 04:41:59.270  3402  5292 D SensorService: Calling activate on 1362
07-28 04:41:59.270  3402  5292 D SensorService: SensorDevice::activate: ident=0xb400006ee26fd0c0, handle=0x00000552, enabled=1, count=1
07-28 04:41:59.270  3402  5292 D SensorService: enable index=0
07-28 04:41:59.270  3402  5292 D SensorService: info.numActiveClients() = 1, info.isActive = 0
07-28 04:41:59.270  3402  5292 D SensorService: activateHardware = 1
07-28 04:41:59.270  3402  5292 D SensorService: 	>>> actuating h/w activate handle=1362 enabled=1
07-28 04:41:59.270  1824  1824 I sensors-hal: activate:112, qti.sensor.elevator_detect/1362 en=1
07-28 04:41:59.270  1824  1824 I sensors-hal: acquire_qsh_interface:131, acquire_qsh_interface with sensor_id 28 , conn_type 2 
07-28 04:41:59.271  3349  3361 D QmiVsClient: getNecData - enter
07-28 04:41:59.271  3349  3361 E QmiVsClient: sendAsyncRequest QMI_VS_GET_NEC_DATA_REQ_MSG_V01 ret 0
07-28 04:41:59.271  1787  1839 E minksocket: MinkIPC ERROR: ( 1787:1839 ) MinkIPC_preProcess:272 Client down, but cannot find corresponding minksession
07-28 04:41:59.271  1787  1853 E minksocket: MinkIPC ERROR: ( 1787:1853 ) MinkIPC_preProcess:272 Client down, but cannot find corresponding minksession
07-28 04:41:59.272  1787  1853 E minksocket: MinkIPC ERROR: ( 1787:1853 ) MinkIPC_preProcess:272 Client down, but cannot find corresponding minksession
07-28 04:41:59.272  1787  1839 E minksocket: MinkIPC ERROR: ( 1787:1839 ) MinkIPC_preProcess:272 Client down, but cannot find corresponding minksession
07-28 04:41:59.273  4829  5129 I SystemUi--QuickSettings: Tile.OplusCellularTile-->updateCarrierText: dialog not showing, ignore
07-28 04:41:59.273  4829  5129 D SimStateHelper: slot:0, lock state:Bundle[mParcelledData.dataSize=56]
07-28 04:41:59.273  1787  1853 E minksocket: MinkIPC ERROR: ( 1787:1853 ) MinkIPC_preProcess:272 Client down, but cannot find corresponding minksession
07-28 04:41:59.273  1824  1824 I sensors-hal: qsh_qmi:34, qsh_qmi
07-28 04:41:59.273  1824  1824 I sensors-hal: send_sync_sensor_request:443, send sync request
07-28 04:41:59.273  4829  5129 D SimStateHelper: slot:1, lock state:Bundle[mParcelledData.dataSize=56]
07-28 04:41:59.273  1824  1824 I sensors-hal: send_sync_sensor_request:472, wait for notification of response
07-28 04:41:59.273  4829  5129 D SimStateHelper: needDisableMenu: slot1State=-1; slot2State=-1
07-28 04:41:59.273  4829  5129 D SimStateHelper: needDisableMenu:false
07-28 04:41:59.273  1787  1839 E minksocket: MinkIPC ERROR: ( 1787:1839 ) MinkIPC_preProcess:272 Client down, but cannot find corresponding minksession
07-28 04:41:59.273  1852  1884 W android.hardware.wifi-service: No active wlan interfaces in use! Using default
07-28 04:41:59.273  1787  1853 E minksocket: MinkIPC ERROR: ( 1787:1853 ) MinkIPC_preProcess:272 Client down, but cannot find corresponding minksession
07-28 04:41:59.273  1787  1839 E minksocket: MinkIPC ERROR: ( 1787:1839 ) MinkIPC_preProcess:272 Client down, but cannot find corresponding minksession
07-28 04:41:59.274  3349  3885 D QmiVsClient: getNecData callback - enter
07-28 04:41:59.274  1824 12544 I sensors-hal: qsh_conn_resp_cb:793, resp_value = 0 for elevator_detect 
07-28 04:41:59.274  3349  3361 D VsProxy : handleMessage msg is 4001
07-28 04:41:59.274  3349  3361 D RadioProxy: getNecData : response cb for instance 0
07-28 04:41:59.275  1824  1824 I sensors-hal: send_sync_sensor_request:478, takes 1 ms to receive the response with 0
07-28 04:41:59.275  1824  1824 I sensors-hal: activate:131, qti.sensor.elevator_detect/1362 en=1 completed
07-28 04:41:59.275  3402  5292 D SensorService: 0xb400006ee26fd0c0 addFd fd=981
07-28 04:41:59.275  4985  6043 D ElevatorEvent: elevator:registerForElevatorDetect  , true mIsElevSensorReg = true
07-28 04:41:59.275  4985  6043 D SceneEvent: registerSensorMgr start
07-28 04:41:59.275  4985  6043 D SceneEvent: registerSensorMgr already start,return
07-28 04:41:59.275  3402  4472 D OplusWifiConcurrentManager: isConcurrentCombinationAllowed : createMode= 0, requestType =-1
07-28 04:41:59.275  5144  7139 D RadioProxyJ: [PHONE0][90]< getNecDataResponse ******
07-28 04:41:59.275  5144  5144 D MessengerResponseHandler: handleMessage Response msgid 206
07-28 04:41:59.275  3402  5290 W SensorService: SensorEventConnection sensor handle=1362, package = t0.g enable
07-28 04:41:59.275  3402  5290 E SensorService: Required app t0.g, uid 1001, pid 4997
07-28 04:41:59.275  3402  5290 D SensorService: Calling batch handle==1362 flags=0rate=200000000 timeout== 0
07-28 04:41:59.275  3402  5290 D SensorService: SensorDevice::batch: ident=0xb400006ee26feb00, handle=0x00000552, flags=0, period_ns=200000000 timeout=0
07-28 04:41:59.275  3402  5290 D SensorService: Calling activate on 1362
07-28 04:41:59.275  3402  5290 D SensorService: SensorDevice::activate: ident=0xb400006ee26feb00, handle=0x00000552, enabled=1, count=2
07-28 04:41:59.275  3402  5290 D SensorService: enable index=1
07-28 04:41:59.275  3402  5290 D SensorService: info.numActiveClients() = 2, info.isActive = 1
07-28 04:41:59.275  3402  5290 D SensorService: activateHardware = 0
07-28 04:41:59.275  3402  5290 D SensorService: 0xb400006ee26feb00 addFd fd=830
07-28 04:41:59.276  4997  4997 D NhsElevatorReceiver: elevator:registerForElevatorDetect  , true mIsElevSensorReg = true
07-28 04:41:59.276  4997  4997 D NhsSceneReceiver: registerSensorMgr start
07-28 04:41:59.276  4997  4997 V SystemSensorManagerExtImpl: RegisterListener oplus_activity_recognition  Wakeup type:33171037 delay:200000us by t0.k$a@8ba828b from com.oplus.nhs
07-28 04:41:59.276  3402  5290 D SensorService: createSensorEventConnection packageName = t0.k, opPackageName = com.oplus.nhs, mCurrentOperatingMode = 0, requestedMode = 0
07-28 04:41:59.276  3402  5290 W SensorService: SensorEventConnection sensor handle=1372, package = t0.k enable
07-28 04:41:59.276  3402  5290 E SensorService: Required app t0.k, uid 1001, pid 4997
07-28 04:41:59.276  3402  5290 D SensorService: enable sensor send lastEvent 1372
07-28 04:41:59.276  3402  4472 I HalDevMgr: currentModeId=3, requestModeId=3, currentModeIdValid=true
07-28 04:41:59.276  1852  1884 D WifiHAL : wifi_set_interface_mode: ifname=wlan0 iface_type=0
07-28 04:41:59.276  1852  1884 I android.hardware.wifi-service: Adding interface handle for wlan0
07-28 04:41:59.276  1852  1884 I android.hardware.wifi-service: Adding interface handle for wifi-aware0
07-28 04:41:59.276  1852  1884 I android.hardware.wifi-service: Adding interface handle for p2p0
07-28 04:41:59.276  3402  5303 W BestClock: java.time.DateTimeException: Missing network time fix
07-28 04:41:59.276  3402  5290 D SensorService: Calling batch handle==1372 flags=0rate=200000000 timeout== 0
07-28 04:41:59.276  3402  5290 D SensorService: SensorDevice::batch: ident=0xb400006ee26fd600, handle=0x0000055c, flags=0, period_ns=200000000 timeout=0
07-28 04:41:59.277  3402  5290 D SensorService: Calling activate on 1372
07-28 04:41:59.277  3402  5290 D SensorService: SensorDevice::activate: ident=0xb400006ee26fd600, handle=0x0000055c, enabled=1, count=4
07-28 04:41:59.277  3402  5290 D SensorService: enable index=0
07-28 04:41:59.277  3402  5290 D SensorService: info.numActiveClients() = 4, info.isActive = 1
07-28 04:41:59.277  3402  5290 D SensorService: activateHardware = 0
07-28 04:41:59.277  3402  5290 D SensorService: 0xb400006ee26fd600 addFd fd=972
07-28 04:41:59.277  4997  4997 D NhsSceneReceiver: sensor name is oplus_activity_recognition  Wakeup, registerState:true
07-28 04:41:59.277  4997  4997 D NhsSceneReceiver: onAccuracyChanged
07-28 04:41:59.277  4997  5380 D NhsSceneReceiver: onSensorChanged: name = oplus_activity_recognition  Wakeup
07-28 04:41:59.277  4997  5380 D NhsSceneReceiver: enter still_state
07-28 04:41:59.277  4997  4997 E NhsAppRILMsger: EVENT_REQ_EVENT_DONE Error received :com.android.internal.telephony.CommandException: RADIO_NOT_AVAILABLE
07-28 04:41:59.277  3402  4472 D HalDevMgr: updateRttController: no one is interested in RTT controllers
07-28 04:41:59.278  3402  4472 E HalDevMgr: removeP2pAndSapCombination do nothing: mIsAddedP2pAndSapCombination = false
07-28 04:41:59.278  1852  1884 W android.hardware.wifi-service: AIBinder_linkToDeath is being called with a non-null cookie and no onUnlink callback set. This might not be intended. AIBinder_DeathRecipient_setOnUnlinked should be called first.
07-28 04:41:59.278  1852  1884 I android.hardware.wifi-service: twtRegisterEvents is not supported-3
07-28 04:41:59.278  1852  1884 W android.hardware.wifi-service: AIBinder_linkToDeath is being called with a non-null cookie and no onUnlink callback set. This might not be intended. AIBinder_DeathRecipient_setOnUnlinked should be called first.
07-28 04:41:59.278  1852  1884 D WifiHAL : wifi_get_chip_capabilities: max mlo assoc link cnt: 2 str link cnt 2
07-28 04:41:59.279  3402  4472 D WifiNl80211Manager: Setting up interface for client mode: wlan0
07-28 04:41:59.280  3402  5303 W BestClock: java.time.DateTimeException: Missing network time fix
07-28 04:41:59.280  2718  2718 I wificond: Current driver country code US
07-28 04:41:59.280  2718  2718 I wificond: createClientInterface: wiphy_index 0 iface_name wlan0
07-28 04:41:59.280  3402  5303 D WifiNl80211Manager: OnRegDomainChanged US
07-28 04:41:59.280  3402  5303 D WifiNative: onCountryCodeChanged: US
07-28 04:41:59.280  3402  5303 I WifiCountryCode: Receive onDriverCountryCodeChanged US
07-28 04:41:59.280  2718  2718 I wificond: create scanner for interface with index: 27
07-28 04:41:59.280  2718  2718 I wificond: subscribe scan result for interface with index: 27
07-28 04:41:59.280  1824  6281 I sensors-hal: qsh_conn_event_cb:756, event[0] msg_id=1025, ts=1214923375, sensor_type = oplus_activity_recognition  Wakeup
07-28 04:41:59.280  1824  6281 E sensors-hal: handle_sns_std_sensor_event:72, oplus_activity_recognition output: count: 1.000000, index: 1.000000, incar_state: 0.000000, actvity_mode: 3.000000, delta_time: 0.000000 !
07-28 04:41:59.280  3402  5303 D WifiScanRequestProxy: Sending scan available broadcast: true
07-28 04:41:59.280  3402  4476 I WifiScanningService: Received a request to enable scanning, UID = 1000
07-28 04:41:59.281  3402  5303 I WifiScanRequestProxy: Scanning is enabled
07-28 04:41:59.281  3402  5303 I WifiScanRequestProxy: Scanning for hidden networks is disabled
07-28 04:41:59.281  4997  5380 D NhsSceneReceiver: onSensorChanged: name = oplus_activity_recognition  Wakeup
07-28 04:41:59.281  4985  5427 D SceneEvent: onSensorChanged: name = oplus_activity_recognition  Wakeup
07-28 04:41:59.281  3402  3402 D OplusWifiBroadCastDispatcher: mBroadcastReceiver: onReceiver  action=android.net.wifi.action.WIFI_SCAN_AVAILABILITY_CHANGED
07-28 04:41:59.281  4829  5743 V OplusCustomizeCacheManager: queryCache name: sys.cache.common_customize_cache18014 param: null
07-28 04:41:59.281  4957  4986 D QtiOemHookAidl: oemHookRawIndication length=21
07-28 04:41:59.281  4829  5743 V OplusCustomizeCacheManager: queryCache name: sys.cache.common_customize_cache18017 param: Bundle[{SETTING=BLOCK, BUSINESS=NCT-DATA}]
07-28 04:41:59.281  4829  5743 V OplusCustomizeCacheManager: queryCache name: sys.cache.common_customize_cache18013 param: null
07-28 04:41:59.281  4957  4957 D QcrilMsgTunnelIfaceManager: handleMessage what = 0
07-28 04:41:59.281  6897  6897 I OsAgent : onReceive: android.net.wifi.action.WIFI_SCAN_AVAILABILITY_CHANGED
07-28 04:41:59.281  6897  8273 I OsAgent : updateWiFiScanAvailState, scanAvailable: true
07-28 04:41:59.282  6897  8273 D OsAgentAidlClient: [bool_dataitem_update][1570] [HC] =>> [HS]
07-28 04:41:59.282  3402  4579 D OplusWifiPower_ConnLpmEventObsever: onReceive EXTRA_SCAN_AVAILABLE availabe = true
07-28 04:41:59.282  3402  4579 D OplusWifiPowerService: onReceive action:android.net.wifi.action.WIFI_SCAN_AVAILABILITY_CHANGED
07-28 04:41:59.282  3402  4579 D OplusWifiSwitchStateMonitor: scan settings change to true
07-28 04:41:59.282  4907  4907 D QC_RIL_OEM_HOOK: Received Broadcast Intent ACTION_UNSOL_RESPONSE_OEM_HOOK_RAW
07-28 04:41:59.282  4957  4957 D QC_RIL_OEM_HOOK: Received Broadcast Intent ACTION_UNSOL_RESPONSE_OEM_HOOK_RAW
07-28 04:41:59.282  1805  1867 I LocSvc_SystemStatusOsObserver: sendCachedDataItems:471] DataItem: IS_WIFI_HARDWARE_ON: true >> Wiper
07-28 04:41:59.282  4907  4907 D QC_RIL_OEM_HOOK: Received Broadcast Intent ACTION_UNSOL_RESPONSE_OEM_HOOK_RAW
07-28 04:41:59.282  4907  4907 D QC_RIL_OEM_HOOK: Received Broadcast Intent ACTION_UNSOL_RESPONSE_OEM_HOOK_RAW
07-28 04:41:59.282  2718  2718 I wificond: add channel type 0 support at wiphy index: 0
07-28 04:41:59.282  2718  2718 I wificond: add channel type 1 support at wiphy index: 0
07-28 04:41:59.283  1805  1883 I LocSvc_api_v02: ---> locClientSendReq line 2409 QMI_LOC_NOTIFY_WIFI_ENABLED_STATUS_REQ_V02
07-28 04:41:59.283  1805  3940 I LocSvc_ApiV02: <--- globalRespCb line 282 QMI_LOC_NOTIFY_WIFI_ENABLED_STATUS_REQ_V02
07-28 04:41:59.283  3402  4472 I WifiNative: Interface state changed on Iface:{Name=wlan0,Id=1,Type=STA_SCAN}, isUp=true
07-28 04:41:59.284  1852 12545 I WifiHAL : mpdu_size_threshold : 128, aggressive_statistics_gathering : 0
07-28 04:41:59.284  3402  4472 I WifiNative: Successfully setup Iface:{Name=wlan0,Id=1,Type=STA_SCAN}
07-28 04:41:59.284  3402  4472 E SupplicantStaIfaceHalAidlImpl: Can't call getKeyMgmtCapabilities, ISupplicantStaIface is null for iface=wlan0
07-28 04:41:59.284  3402  5290 W BestClock: java.time.DateTimeException: Missing network time fix
07-28 04:41:59.286  3402  5290 W BestClock: java.time.DateTimeException: Missing network time fix
07-28 04:41:59.286  1852  1884 I WifiHAL : wifi_get_supported_radio_combinations_matrix: enter
07-28 04:41:59.286  1852  1884 I WifiHAL : wifi_parse_radio_combinations_matrix: radio_combinations[1]: num_radio_configurations 1
07-28 04:41:59.286  1852  1884 I WifiHAL : wifi_parse_radio_combinations_matrix: radio_combinations[2]: num_radio_configurations 1
07-28 04:41:59.286  1852  1884 I WifiHAL : wifi_parse_radio_combinations_matrix: radio_combinations[3]: num_radio_configurations 1
07-28 04:41:59.286  1852  1884 I WifiHAL : wifi_parse_radio_combinations_matrix: radio_combinations[4]: num_radio_configurations 2
07-28 04:41:59.286  1852  1884 I WifiHAL : wifi_parse_radio_combinations_matrix: radio_combinations[5]: num_radio_configurations 2
07-28 04:41:59.286  1852  1884 I WifiHAL : wifi_parse_radio_combinations_matrix: radio_combinations[6]: num_radio_configurations 2
07-28 04:41:59.286  1852  1884 I WifiHAL : wifi_parse_radio_combinations_matrix: num_radio_combinations 6, radio_matrix_size 100
07-28 04:41:59.287  3402  4472 E SupplicantStaIfaceHalAidlImpl: Can't call getWpaDriverCapabilities, ISupplicantStaIface is null for iface=wlan0
07-28 04:41:59.287  3402  4472 E WifiStaIfaceAidlImpl: getTwtCapabilities failed with service-specific exception: android.os.ServiceSpecificException:  (code 4)
07-28 04:41:59.287  3402  4472 E WifiChipAidlImpl: enableStaChannelForPeerNetwork failed with service-specific exception: android.os.ServiceSpecificException:  (code 4)
07-28 04:41:59.287  3402  4472 D WifiNative: setWifiNativeInterfaceEventCallback
07-28 04:41:59.287  3402  4472 D WifiClientModeManager[58987:wlan0]: entering StartedState
07-28 04:41:59.288  4829  5743 V OplusCustomizeCacheManager: queryCache name: sys.cache.common_customize_cache18014 param: null
07-28 04:41:59.288  1852  1852 E WifiHAL : wifi_get_gscan_capabilities: GSCAN is not supported by driver
07-28 04:41:59.288  3402  4472 D WifiClientModeManager[58987:wlan0]: entering ScanOnlyModeState
07-28 04:41:59.288  3402  4472 D WifiScanRequestProxy: Sending scan available broadcast: true
07-28 04:41:59.288  3402  4472 I WifiScanRequestProxy: Scanning is enabled
07-28 04:41:59.288  3402  4472 I WifiScanRequestProxy: Scanning for hidden networks is disabled
07-28 04:41:59.288  3402  4476 E WifiStaIfaceAidlImpl: getBackgroundScanCapabilities failed with service-specific exception: android.os.ServiceSpecificException:  (code 4)
07-28 04:41:59.288  3402  3402 D OplusWifiBroadCastDispatcher: mBroadcastReceiver: onReceiver  action=android.net.wifi.action.WIFI_SCAN_AVAILABILITY_CHANGED
07-28 04:41:59.288  4829  5743 V OplusCustomizeCacheManager: queryCache name: sys.cache.common_customize_cache18017 param: Bundle[{SETTING=BLOCK, BUSINESS=NCT-DATA}]
07-28 04:41:59.289  4829  5743 V OplusCustomizeCacheManager: queryCache name: sys.cache.common_customize_cache18013 param: null
07-28 04:41:59.289  1852  1852 D WifiHAL : wifi_multi_sta_set_use_case: 0
07-28 04:41:59.289  3402  4472 D WifiCountryCode: evaluateAllCmmStateAndApplyIfAllReady: {ConcreteClientModeManager{id=58987 iface=wlan0 role=ROLE_CLIENT_SCAN_ONLY}=true}
07-28 04:41:59.289  3402  4472 D WifiCountryCode: Reading country code from telephony
07-28 04:41:59.290  5111  6136 D IWlanJni: getDataRegistrationState start
07-28 04:41:59.289  3402  4472 D WifiCountryCode: Set telephony country code to: 
07-28 04:41:59.290  3402  4472 D WifiCountryCode: updateCountryCode to US
07-28 04:41:59.290  3402  4472 D WifiCountryCode: setCountryCodeNative: US, isClientModeOnly: true mDriverCountryCode: US
07-28 04:41:59.290  4957  4986 D QtiOemHookAidl: oemHookRawIndication length=24
07-28 04:41:59.291  4957  4957 D QcrilMsgTunnelIfaceManager: handleMessage what = 0
07-28 04:41:59.291  5111  6136 D IWlanJni: getDataRegistrationState start
07-28 04:41:59.291  4957  4986 D QtiOemHookAidl: oemHookRawIndication length=24
07-28 04:41:59.291  4957  4957 D QcrilMsgTunnelIfaceManager: handleMessage what = 0
07-28 04:41:59.291  3402  4476 I WifiScanningService: Created a new impl for wlan0
07-28 04:41:59.291  3402  4476 I WifiScanningService: Received a request to enable scanning, UID = 1000
07-28 04:41:59.291  1805  3682 E LOCRIL_SESSION: operator():200] SubId: 1 Failed to get sim IO with error: 11
07-28 04:41:59.291  3402  4476 I WifiScanningService: scanner impls already exists
07-28 04:41:59.292  3402  4476 I WifiScanningService: wifi driver loaded with scan capabilities: max buckets=16
07-28 04:41:59.292  3402  4476 E WifiScanningService: wifi driver loaded received while already loaded
07-28 04:41:59.292  5111  6157 D IWlanJni: new aidl event arrived
07-28 04:41:59.292  5111  6157 D IWlanJni: handleEvent 10
07-28 04:41:59.292  5111  6157 D IWlanJni: isThreadAttached start
07-28 04:41:59.292  5111  6157 D IWlanJni: jni detached
07-28 04:41:59.292  5111  6157 D IWlanJni: jni attached
07-28 04:41:59.292  5111  6157 D IWlanJni: getDataRegistrationStateResponse start
07-28 04:41:59.292  5111  6157 D IWlanJni: getJavaCallbackClass start
07-28 04:41:59.292  5111  6157 D IWlanJni: getJavaCallbackClass End midIs[1]
07-28 04:41:59.292  5111  6157 I IWlanAidlClient: getDataRegistrationStateResponse called
07-28 04:41:59.292  4957  4957 D QC_RIL_OEM_HOOK: Received Broadcast Intent ACTION_UNSOL_RESPONSE_OEM_HOOK_RAW
07-28 04:41:59.292  4957  4957 D QC_RIL_OEM_HOOK: Received Broadcast Intent ACTION_UNSOL_RESPONSE_OEM_HOOK_RAW
07-28 04:41:59.292  4907  4907 D QC_RIL_OEM_HOOK: Received Broadcast Intent ACTION_UNSOL_RESPONSE_OEM_HOOK_RAW
07-28 04:41:59.292  1805  3682 E LOCRIL_SESSION: operator():241] SubId: 1 Failed to get sim IMSI with error: 11
07-28 04:41:59.292  4907  4907 D QC_RIL_OEM_HOOK: Received Broadcast Intent ACTION_UNSOL_RESPONSE_OEM_HOOK_RAW
07-28 04:41:59.292  4907  4907 D QC_RIL_OEM_HOOK: Received Broadcast Intent ACTION_UNSOL_RESPONSE_OEM_HOOK_RAW
07-28 04:41:59.292  4907  4907 D QC_RIL_OEM_HOOK: Received Broadcast Intent ACTION_UNSOL_RESPONSE_OEM_HOOK_RAW
07-28 04:41:59.292  4907  4907 D QC_RIL_OEM_HOOK: Received Broadcast Intent ACTION_UNSOL_RESPONSE_OEM_HOOK_RAW
07-28 04:41:59.292  4907  4907 D QC_RIL_OEM_HOOK: Received Broadcast Intent ACTION_UNSOL_RESPONSE_OEM_HOOK_RAW
07-28 04:41:59.292  6897  6897 I OsAgent : onReceive: android.net.wifi.action.WIFI_SCAN_AVAILABILITY_CHANGED
07-28 04:41:59.292  6897  8273 I OsAgent : updateWiFiScanAvailState, scanAvailable: true
07-28 04:41:59.293  5111  6156 W IWlanNetworkService: 6 > Response Processed
07-28 04:41:59.293  5111  6153 D IWlanJni: new aidl event arrived
07-28 04:41:59.293  5111  6153 D IWlanJni: handleEvent 10
07-28 04:41:59.293  5111  6153 D IWlanJni: isThreadAttached start
07-28 04:41:59.293  5111  6153 D IWlanJni: jni detached
07-28 04:41:59.293  5070  5099 I QImsService: ImsRadioIndicationAidl : onRadioStateChanged()[SUB1]
07-28 04:41:59.293  5111  6153 D IWlanJni: jni attached
07-28 04:41:59.293  5111  6153 D IWlanJni: getDataRegistrationStateResponse start
07-28 04:41:59.293  5111  6153 D IWlanJni: getJavaCallbackClass start
07-28 04:41:59.293  5111  6153 D IWlanJni: getJavaCallbackClass End midIs[1]
07-28 04:41:59.293  5111  6153 I IWlanAidlClient: getDataRegistrationStateResponse called
07-28 04:41:59.293  5111  6152 W IWlanNetworkService: 7 > Response Processed
07-28 04:41:59.293  5070  5099 I QImsService: ImsSenderRxr : [UNSL]< UNSOL_RADIO_STATE_CHANGED RADIO_ON[SUB1]
07-28 04:41:59.295  1805  3680 W LOCRIL_SESSION: operator():307] cellInfo list size is 0, Voice state: 3, data state: 3
07-28 04:41:59.295  4907  4907 D OplusPowerUpOptimizationImpl: onReceive: org.codeaurora.intent.action.RADIO_POWER_STATE
07-28 04:41:59.295  3402  4579 D OplusWifiPower_ConnLpmEventObsever: onReceive EXTRA_SCAN_AVAILABLE availabe = true
07-28 04:41:59.295  3402  4579 D OplusWifiPowerService: onReceive action:android.net.wifi.action.WIFI_SCAN_AVAILABILITY_CHANGED
07-28 04:41:59.295  3402  4579 D OplusWifiSwitchStateMonitor: scan settings change to true
07-28 04:41:59.295  4907  5525 D OplusPowerUpOptimizationImpl: handleMessage what = 6
07-28 04:41:59.295  4907  5525 D OplusPowerUpOptimizationImpl: radio is available for slot: 1
07-28 04:41:59.296  4907  5525 D OplusPowerUpOptimizationImpl: trySendPhoneReady for slot: 1
07-28 04:41:59.296  4907  5525 D OplusPowerUpOptimizationImpl: Not sending ATEL ready: States: [1: {true, true, true, true}]
07-28 04:41:59.296  5070  5097 I QImsService: ImsRadioIndicationAidl : onRadioStateChanged()[SUB0]
07-28 04:41:59.296  5070  5097 I QImsService: ImsSenderRxr : [UNSL]< UNSOL_RADIO_STATE_CHANGED RADIO_ON[SUB0]
07-28 04:41:59.297  4957  4957 D DeviceStatisticsService: onReceive: action= org.codeaurora.intent.action.RADIO_POWER_STATE
07-28 04:41:59.297  4957  4957 I DeviceStatisticsService: Receiving radio_power_state_changed, mIsDeviceInfoInitialized = true
07-28 04:41:59.297  4957  4957 I DeviceStatisticsService: radio power state changed to 1 for slot: 1
07-28 04:41:59.298  4985  5034 D SaDataService: onTelephonyEventReport , subId= 0,slotId=-1 eventId=6030
07-28 04:41:59.298  5144  7139 D VendorTelephonyService: onTelephonyEventReport slotId =0 eventId=6030
07-28 04:41:59.298  5144  7139 D VendorTelephonyService: onTelephonyEventReport slotId =0 eventId=6030
07-28 04:41:59.298  5144  5144 D VendorCallService: notityEventUpdate, eventId:6030, slotId = 0
07-28 04:41:59.299  1980  1980 E PowerMonitorService: Failed to open /proc/horae_qmi (2): No such file or directory
07-28 04:41:59.299  1805  3682 E LOCRIL_SESSION: operator():200] SubId: 1 Failed to get sim IO with error: 11
07-28 04:41:59.299  5144  7139 D VendorTelephonyService: onTelephonyEventReport slotId =0 eventId=6030
07-28 04:41:59.299  5144  7139 D VendorTelephonyService: onTelephonyEventReport slotId =0 eventId=6030
07-28 04:41:59.299  5144  5144 D VendorCallService: notityEventUpdate, eventId:6030, slotId = 0
07-28 04:41:59.300  4985  5034 D TelephonyImpl: notify eventId:6030 for list size:2
07-28 04:41:59.300  1805  3680 W LOCRIL_SESSION: operator():307] cellInfo list size is 0, Voice state: 3, data state: 3
07-28 04:41:59.301  4985  6130 D SaDataService: onTelephonyEventReport , subId= 0,slotId=-1 eventId=6030
07-28 04:41:59.301  4985  6130 D TelephonyImpl: notify eventId:6030 for list size:2
07-28 04:41:59.301  3402  4217 W BestClock: java.time.DateTimeException: Missing network time fix
07-28 04:41:59.301  4829  5129 I SystemUi--QuickSettings: Tile.OplusCellularTile-->updateCarrierText: dialog not showing, ignore
07-28 04:41:59.301  4829  5129 D SimStateHelper: slot:0, lock state:Bundle[mParcelledData.dataSize=56]
07-28 04:41:59.301  5111  6136 D IWlanJni: getDataRegistrationState start
07-28 04:41:59.302  4907  4907 D ServiceStateProvider: subId=1
07-28 04:41:59.302  2718  2718 I wificond: Regulatory domain changed to country: US on wiphy_index: 0
07-28 04:41:59.302  2718  2718 I wificond: UpdateBandInfo
07-28 04:41:59.302  6364  6364 I wpa_supplicant: p2p0: CTRL-EVENT-REGDOM-CHANGE init=DRIVER type=COUNTRY alpha2=US
07-28 04:41:59.303  5111  6157 D IWlanJni: new aidl event arrived
07-28 04:41:59.303  5111  6157 D IWlanJni: handleEvent 10
07-28 04:41:59.303  5111  6157 D IWlanJni: isThreadAttached start
07-28 04:41:59.303  5111  6157 D IWlanJni: jni detached
07-28 04:41:59.303  5111  6157 D IWlanJni: jni attached
07-28 04:41:59.303  5111  6157 D IWlanJni: getDataRegistrationStateResponse start
07-28 04:41:59.303  5111  6157 D IWlanJni: getJavaCallbackClass start
07-28 04:41:59.303  5111  6157 D IWlanJni: getJavaCallbackClass End midIs[1]
07-28 04:41:59.303  2718  2718 I wificond: 2.4Ghz frequencies: 2412 2417 2422 2427 2432 2437 2442 2447 2452 2457 2462
07-28 04:41:59.303  2718  2718 I wificond: 5Ghz non-DFS frequencies: 5180 5200 5220 5240 5745 5765 5785 5805 5825
07-28 04:41:59.303  2718  2718 I wificond: 5Ghz DFS frequencies: 5260 5280 5300 5320 5500 5520 5540 5560 5580 5600 5620 5640 5660 5680 5700
07-28 04:41:59.303  2718  2718 I wificond: 6Ghz frequencies:
07-28 04:41:59.303  2718  2718 I wificond: 60Ghz frequencies:
07-28 04:41:59.303  5111  6157 I IWlanAidlClient: getDataRegistrationStateResponse called
07-28 04:41:59.303  3402  4822 D WifiNl80211Manager: OnRegDomainChanged US
07-28 04:41:59.303  5111  6136 D IWlanJni: getDataRegistrationState start
07-28 04:41:59.303  3402  4822 D WifiNative: onCountryCodeChanged: US
07-28 04:41:59.303  3402  4822 I WifiCountryCode: Receive onDriverCountryCodeChanged US
07-28 04:41:59.303  4829  5129 D SimStateHelper: slot:1, lock state:Bundle[mParcelledData.dataSize=56]
07-28 04:41:59.303  3402  4822 D WifiScanRequestProxy: Sending scan available broadcast: true
07-28 04:41:59.303  5111  6156 W IWlanNetworkService: 8 > Response Processed
07-28 04:41:59.303  4829  5129 D SimStateHelper: needDisableMenu: slot1State=-1; slot2State=-1
07-28 04:41:59.303  4829  5129 D SimStateHelper: needDisableMenu:false
07-28 04:41:59.303  3402  4822 I WifiScanRequestProxy: Scanning is enabled
07-28 04:41:59.303  3402  4822 I WifiScanRequestProxy: Scanning for hidden networks is disabled
07-28 04:41:59.303  3402  4476 I WifiScanningService: Received a request to enable scanning, UID = 1000
07-28 04:41:59.304  5111  6157 D IWlanJni: new aidl event arrived
07-28 04:41:59.304  5111  6157 D IWlanJni: handleEvent 10
07-28 04:41:59.304  5111  6157 D IWlanJni: isThreadAttached start
07-28 04:41:59.304  3402  3402 D OplusWifiBroadCastDispatcher: mBroadcastReceiver: onReceiver  action=android.net.wifi.action.WIFI_SCAN_AVAILABILITY_CHANGED
07-28 04:41:59.304  3402  4579 D OplusWifiPower_ConnLpmEventObsever: onReceive EXTRA_SCAN_AVAILABLE availabe = true
07-28 04:41:59.304  5111  6157 D IWlanJni: jni detached
07-28 04:41:59.304  3402  4579 D OplusWifiPowerService: onReceive action:android.net.wifi.action.WIFI_SCAN_AVAILABILITY_CHANGED
07-28 04:41:59.304  3402  4579 D OplusWifiSwitchStateMonitor: scan settings change to true
07-28 04:41:59.304  3402  4476 I WifiScanningService: scanner impls already exists
07-28 04:41:59.304  5111  6157 D IWlanJni: jni attached
07-28 04:41:59.304  5111  6157 D IWlanJni: getDataRegistrationStateResponse start
07-28 04:41:59.304  5111  6157 D IWlanJni: getJavaCallbackClass start
