device
--------- beginning of main
07-29 20:36:59.136  1997  1997 D SensorFeature: name=ssc_screenshot_info ,index = 22
07-29 20:36:59.137  1997  1997 D SensorFeature: write 29 bytes:47815777793,49984910136,131,0
07-29 20:36:59.316  1907  4418 I Dpps    : LtmSwState::SetParameter():144 ignore cmd 7 in state LtmOffState
07-29 20:36:59.439  1997  1997 D SensorFeature: name=ssc_screenshot_info ,index = 22
07-29 20:36:59.439  1997  1997 D SensorFeature: write 29 bytes:47815777793,50286590396,132,0
07-29 20:36:59.472  8090  8349 D ads_apk : [FetchAdStrategyEngine][2025-07-29 20:36:59.471][8090][GlobalWorkThread:69]:request from net but network disable
07-29 20:36:59.473  8090  8349 D ads_apk : [FetchAdStrategyEngine][2025-07-29 20:36:59.472][8090][GlobalWorkThread:69]:decay for refresh internalTime:24000,randomTime:10675
07-29 20:36:59.473  8090  8349 D ads_apk : [FetchAdStrategyEngine][2025-07-29 20:36:59.472][8090][GlobalWorkThread:69]:decay for refresh after:34675
07-29 20:36:59.473  8090  8349 D ads_apk : [FetchAdStrategyEngine][2025-07-29 20:36:59.472][8090][GlobalWorkThread:69]:looper to handler
07-29 20:36:59.523 10690 11045 D BootUtil: savedDiffTime: 1753835769151, currentDiffTime: 1753835769152, isReboot: false
07-29 20:36:59.581  1827  4425 I sensors-hal: handle_oplus_wise_rgb_event:189, high_pwm_light:lux 273.1,cct 3604.5,brl/algo/ir 1450.0/2.0/17.3,pwm/dc 0.0/0.0,rgbc 21233.603516/13177.529297/6068.319824/39137.746094,ts 50265449056,cnt 680,flag 65668
07-29 20:36:59.582  1907  4418 I Dpps    : LtmSwState::SetParameter():144 ignore cmd 7 in state LtmOffState
--------- beginning of system
07-29 20:36:59.600  3496  3823 D VRR [OPlusGameStatusManager]: handleBrightnessDone
07-29 20:36:59.650  3496  5019 W Binder  : Outgoing transactions from this process must be FLAG_ONEWAY
07-29 20:36:59.650  3496  5019 W Binder  : java.lang.Throwable
07-29 20:36:59.650  3496  5019 W Binder  : 	at android.os.BinderProxy.transact(BinderProxy.java:633)
07-29 20:36:59.650  3496  5019 W Binder  : 	at android.content.ContentProviderProxy.insert(ContentProviderNative.java:587)
07-29 20:36:59.650  3496  5019 W Binder  : 	at android.content.ContentProviderClient.insert(ContentProviderClient.java:347)
07-29 20:36:59.650  3496  5019 W Binder  : 	at android.content.ContentProviderClient.insert(ContentProviderClient.java:336)
07-29 20:36:59.650  3496  5019 W Binder  : 	at com.oplus.util.OplusStatisticsImpl.insert(OplusStatisticsImpl.java:307)
07-29 20:36:59.650  3496  5019 W Binder  : 	at com.oplus.util.OplusStatisticsImpl.sendDataToDCS(OplusStatisticsImpl.java:287)
07-29 20:36:59.650  3496  5019 W Binder  : 	at com.oplus.util.OplusStatisticsImpl.flushInternal(OplusStatisticsImpl.java:264)
07-29 20:36:59.650  3496  5019 W Binder  : 	at com.oplus.util.OplusStatisticsImpl.lambda$setDelayFlushJobIfNeed$4(OplusStatisticsImpl.java:211)
07-29 20:36:59.650  3496  5019 W Binder  : 	at com.oplus.util.OplusStatisticsImpl.$r8$lambda$4UYTp2NCu6Rml69JNqEuK7o54SI(Unknown Source:0)
07-29 20:36:59.650  3496  5019 W Binder  : 	at com.oplus.util.OplusStatisticsImpl$$ExternalSyntheticLambda5.run(D8$$SyntheticClass:0)
07-29 20:36:59.650  3496  5019 W Binder  : 	at java.util.concurrent.Executors$RunnableAdapter.call(Executors.java:487)
07-29 20:36:59.650  3496  5019 W Binder  : 	at java.util.concurrent.FutureTask.run(FutureTask.java:290)
07-29 20:36:59.650  3496  5019 W Binder  : 	at java.util.concurrent.ScheduledThreadPoolExecutor$ScheduledFutureTask.run(ScheduledThreadPoolExecutor.java:307)
07-29 20:36:59.650  3496  5019 W Binder  : 	at java.util.concurrent.ThreadPoolExecutor.runWorker(ThreadPoolExecutor.java:1145)
07-29 20:36:59.650  3496  5019 W Binder  : 	at java.util.concurrent.ThreadPoolExecutor$Worker.run(ThreadPoolExecutor.java:644)
07-29 20:36:59.650  3496  5019 W Binder  : 	at java.lang.Thread.run(Thread.java:1012)
07-29 20:36:59.741  1997  1997 D SensorFeature: name=ssc_screenshot_info ,index = 22
07-29 20:36:59.741  1997  1997 D SensorFeature: write 29 bytes:47815777793,50589286698,133,0
07-29 20:36:59.848  1907  4418 I Dpps    : LtmSwState::SetParameter():144 ignore cmd 7 in state LtmOffState
07-29 20:36:59.946  2007  2032 D BatteryChargeControl: bcc get no support from charging protocol
07-29 20:37:00.000  3496  4381 V AlarmManager: sending alarm Alarm{860dfe8 type 3 origWhen 50848 whenElapsed 50848 android} uid 1000 whenElapsed 50848 windowLength 0 maxWhenElapsed 50848 repeatInterval 0 action null component null tag TIME_TICK flags 0x9 procName system_server
07-29 20:37:00.005  4824  4824 I SystemUi--SystemUi--: Clock-->smallTime: 20:37
07-29 20:37:00.006  4824  4824 I SystemUi--SystemUi--: Clock-->smallTime: 20:37
07-29 20:37:00.006  4824  4824 I SystemUi--SystemUi--: Clock-->smallTime: 20:37
07-29 20:37:00.006  5183  5183 D SubsysBroadcastManager: onReceive action:android.intent.action.TIME_TICK
07-29 20:37:00.009  3496  3805 D OplusDisplayBrightnessBroadcastReceiver: onReceive action = android.intent.action.TIME_TICK , listeners = [com.android.server.display.ambience.events.event.TimeEvent$TimeChangeReceiver@c38d6e7, com.android.server.display.marvels.module.ORBrightnessMarvelsDataCollector$ScreenStateReceiver@1b8b006, com.android.server.display.oplus.eyeprotect.manager.AiCurveManager$RhythmBroadcastReceiverWithUpgradeUI@3581294]
07-29 20:37:00.013  7238  9278 D PhoneScreenOnTime: lastScrOnTime=1753835786662, ScrOnDurationTime=6668767, StatsScrOnSeconds=0, newDuration=33348
07-29 20:37:00.014  5196  5196 W RenderManager[u0]: coverDrawable = null
07-29 20:37:00.014  5196  5196 W RenderManager[u0]: coverDrawable = null
07-29 20:37:00.014  5196  5196 W RenderManager[u0]: coverDrawable = null
07-29 20:37:00.014  5196  5196 W RenderManager[u0]: coverDrawable = null
07-29 20:37:00.017  4824  4824 I SystemUi--SystemUi--: Clock-->smallTime: 20:37
07-29 20:37:00.017  7238  9278 D PhoneUsageTime: lastChargeTime=1753835786662 LastChargeDurationTime=6626553
07-29 20:37:00.027  5196  5196 W RenderManager[u0]: coverDrawable = null
07-29 20:37:00.028  5196  5196 W RenderManager[u0]: coverDrawable = null
07-29 20:37:00.028  5196  5196 W RenderManager[u0]: coverDrawable = null
07-29 20:37:00.028  5196  5196 W RenderManager[u0]: coverDrawable = null
07-29 20:37:00.028  6446 11561 D ContactsProvider: performBackgroundTask: task id: 20
07-29 20:37:00.028  6446 11561 D ContactsProvider: performBackgroundTask: task id: 24
07-29 20:37:00.028  6446 11561 D ContactsProvider: performBackgroundTask: task id: 21
07-29 20:37:00.028  6446 11561 D ContactsProvider: performBackgroundTask GET_QUICKSEARCH_VALUE
07-29 20:37:00.028  6446 11561 D ContactsProvider: performBackgroundTask: task id: 27
07-29 20:37:00.029  6446 11561 I com.customize.statistics.UploadStatisticsJobService: bootPermissionGranted : true
07-29 20:37:00.030  6446 11561 D ContactsProvider: performBackgroundTask: task id: 28
07-29 20:37:00.030  6446 11561 D ContactsProvider: performBackgroundTask: task id: 33
07-29 20:37:00.030  6446 11561 I ContactNumberHashHelper: start updateExistNumberHash
07-29 20:37:00.030  6446 11561 D ContactNumberHashHelper: updateExistNumberHash hasUpdated
07-29 20:37:00.035  1997  1997 D SensorFeature: name=ssc_screenshot_info ,index = 22
07-29 20:37:00.036  1997  1997 D SensorFeature: write 29 bytes:47815777793,50883878729,134,0
07-29 20:37:00.112  1827  4425 I sensors-hal: handle_oplus_wise_rgb_event:189, high_pwm_light:lux 272.7,cct 3601.8,brl/algo/ir 1450.0/2.0/17.6,pwm/dc 0.0/0.0,rgbc 21266.892578/13168.320312/6076.016602/39132.730469,ts 50862881868,cnt 690,flag 65670
07-29 20:37:00.113  1907  4418 I Dpps    : LtmSwState::SetParameter():144 ignore cmd 7 in state LtmOffState
07-29 20:37:00.117  3496  3805 D OplusFeatureHDREnhanceBrightness: notifySfForceUpdate, mFlinger is null 
07-29 20:37:00.119  3496  3805 D OplusFeatureHDREnhanceBrightness: checkIsPlayingHDR isPlayingHDR=0 rotation=0 whiteApp=false battery=100
07-29 20:37:00.122  1907  2227 I SDM     : DisplayBase::CommitThread: Received idle timeout, panel: cmd, timeout: 70000 us
07-29 20:37:00.221  3496  4381 V AlarmManager: sending alarm Alarm{20fbbdf type 2 origWhen 51069 whenElapsed 51069 android} uid 1000 whenElapsed 51069 windowLength 0 maxWhenElapsed 51069 repeatInterval 0 action null component null tag $android.alarm.generated:1000:51069 flags 0x9 procName system_server
07-29 20:37:00.224  3496  3693 D LocationManagerService: network provider removed registration from 10154/com.coloros.assistantscreen/C0AF298E
07-29 20:37:00.247  3496  4802 D CompatChangeReporter: Compat change id reported: 297989574; UID 1000; state: ENABLED
07-29 20:37:00.247  5183  5183 D SubsysEventListenerManager-SubsysTelephonyCallback[0]: onCellInfoChanged
07-29 20:37:00.265  4898  4922 W System  : A resource failed to call AbstractCursor.close. 
07-29 20:37:00.265  4898  4922 W System  : A resource failed to call AbstractCursor.close. 
07-29 20:37:00.265  4898  4922 W System  : A resource failed to call AbstractCursor.close. 
07-29 20:37:00.271  4980  5930 W BluetoothAdapterExtImpl: getBluetoothConnectionCount：mOplusBluetooth null!
07-29 20:37:00.272  4980  5930 D TelephonyImpl: isRequestingMms
07-29 20:37:00.272  4980  5930 D TelephonyImpl: getReleaseMmsNetworkTime
07-29 20:37:00.273  4980  5930 D OplusDdsSwitchStrategy: Md,OplusCheckFeature,RETURN_TO_CUR_ACTION_DDS
07-29 20:37:00.374  1907  2227 I SDM     : DisplayBase::CommitThread: Received idle timeout, panel: cmd, timeout: 70000 us
07-29 20:37:00.374  1997  1997 D SensorFeature: name=ssc_screenshot_info ,index = 22
07-29 20:37:00.375  1997  1997 D SensorFeature: write 29 bytes:51171108052,51221362271,135,0
07-29 20:37:00.379  1907  4418 I Dpps    : LtmSwState::SetParameter():144 ignore cmd 7 in state LtmOffState
07-29 20:37:00.558  6624  6645 W System  : A resource failed to call AbstractCursor.close. 
07-29 20:37:00.558  6624  6645 W System  : A resource failed to call AbstractCursor.close. 
07-29 20:37:00.558  6624  6645 W System  : A resource failed to call AbstractCursor.close. 
07-29 20:37:00.558  6624  6645 W System  : A resource failed to call AbstractCursor.close. 
07-29 20:37:00.558  6624  6645 W System  : A resource failed to call AbstractCursor.close. 
07-29 20:37:00.558  6624  6645 W System  : A resource failed to call AbstractCursor.close. 
07-29 20:37:00.558  6624  6645 W System  : A resource failed to call AbstractCursor.close. 
07-29 20:37:00.558  6624  6645 W System  : A resource failed to call AbstractCursor.close. 
07-29 20:37:00.678  1997  1997 D SensorFeature: name=ssc_screenshot_info ,index = 22
07-29 20:37:00.678  1997  1997 D SensorFeature: write 29 bytes:51171108052,51525906906,136,0
07-29 20:37:00.682  1827  4425 I sensors-hal: handle_oplus_wise_rgb_event:189, high_pwm_light:lux 272.9,cct 3600.9,brl/algo/ir 1450.0/2.0/17.5,pwm/dc 0.0/0.0,rgbc 21281.158203/13177.529297/6079.864258/39132.730469,ts 51460240983,cnt 700,flag 65672
07-29 20:37:00.683  3496  3805 D Arc[OplusBrightnessSceneAdapter]: Arc scene change!!! NormalScene -> StableScene [erraticScore:-1, stableScore:5467] isLuxRefresh:false
07-29 20:37:00.684  3496  3805 D Arc[OplusBrightnessAmbientAdapter[StabilityProcess]]: updateRangeStrategy: reason[SceneChange ] baseLux:534.1725, scene:StableScene large{249.155, 1084.1959} largeForAux{249.155, 1084.1959} small{429.79236, 638.5526} null
07-29 20:37:00.684  1907  4418 I Dpps    : LtmSwState::SetParameter():144 ignore cmd 7 in state LtmOffState
07-29 20:37:00.705  4980  6360 I PCDR-common_no_service[0]: lift forbidden
07-29 20:37:00.706  4980  6360 I PCDR-common_no_45g[0]: lift forbidden
07-29 20:37:00.873  1819  1819 D healthd : system healthd: battery l=100 v=4325 t=33.8 h=2 st=2 c=-141 fc=5920000 cc=20 chg=u
07-29 20:37:00.891  3496  4624 E OplusNetworkStackManager: initService mNetworkStackService is null, try again in 10s
07-29 20:37:00.906  2007  2007 D vendor.oplus.hardware.charger-V7-service: get_ui_charge_icon_type 0 0 0 0 0
07-29 20:37:00.906  2007  2007 D vendor.oplus.hardware.charger-V7-service: oplus_chg_get_cpa_power 2500 charge_online 1 retention_topic 0
07-29 20:37:00.907  2007  2007 D vendor.oplus.hardware.charger-V7-service: oplus_chg_get_cpa_power 2500 charge_online 1 retention_topic 0
07-29 20:37:00.907  2007  2007 D vendor.oplus.hardware.charger-V7-service: getIsSingleHyperSupport=2, cpa_power=2
07-29 20:37:00.909  3496  4371 D FusionLightNextGen: process end reported = 1, mode: 0, lux 511.6, cct -1.0, r/g/b/c: 21281.2/13177.5/6079.9/39132.7, R/G/B: 106.0/100.0/99.0, bri 1450.0, match 1.00, ir 0.018301, conf 0.0, ts 51526434108
07-29 20:37:00.910  1907  4418 I Dpps    : LtmSwState::SetParameter():144 ignore cmd 7 in state LtmOffState
07-29 20:37:00.912  3496  3733 D OomAdjuster: Not killing cached processes
07-29 20:37:00.946  2007  2032 D BatteryChargeControl: bcc get no support from charging protocol
07-29 20:37:00.982  1997  1997 D SensorFeature: name=ssc_screenshot_info ,index = 22
07-29 20:37:00.982  1997  1997 D SensorFeature: write 29 bytes:51171108052,51828506958,137,0
07-29 20:37:01.172  1827  4425 I sensors-hal: handle_oplus_wise_rgb_event:189, high_pwm_light:lux 272.6,cct 3598.8,brl/algo/ir 1450.0/2.0/17.6,pwm/dc 0.0/0.0,rgbc 21276.402344/13191.341797/6072.167969/39182.890625,ts 51808152129,cnt 710,flag 65673
07-29 20:37:01.173  1907  4418 I Dpps    : LtmSwState::SetParameter():144 ignore cmd 7 in state LtmOffState
07-29 20:37:01.218  3496  4786 I Osense-BaseDecisionMaker: notifySceneToAthenaPolicy: SCENE_IDLE_RECOVER, bundle: Bundle[{scene=SCENE_IDLE_RECOVER}]
07-29 20:37:01.220  3496  4786 I Osense-BaseDecisionMaker: scene: SCENE_IDLE_RECOVER, excutingPolicy: respreload
07-29 20:37:01.220  3496  4786 D Osense-BaseDecisionMaker: invoke process preload policy
07-29 20:37:01.220  3496  4786 I Osense-BaseDecisionMaker: scene: SCENE_IDLE_RECOVER, excutingPolicy: clear
07-29 20:37:01.220  3496  4786 D Osense-BaseDecisionMaker: invoke clear policy,type: unforbid
07-29 20:37:01.220  3496  4786 I OsenseKillAction: KillAction: unhandled request: id=12, enable=true, scene=SCENE_IDLE_RECOVER, type=unforbid, cchOnly=false, appcare=0
07-29 20:37:01.228  1807  1809 E Diag-Router: diag: glinkpkt_open: failed to create control node for slate_adsp
07-29 20:37:01.228  1807  1809 E Diag-Router: diag: diag_glinkpkt_open_thread: Glinkpkt_open failed for perif: 13 with err: -1, retry_cnt: 8
07-29 20:37:01.228  1807  1808 E Diag-Router: diag: glinkpkt_open: failed to create control node for slate_apps
07-29 20:37:01.228  1807  1808 E Diag-Router: diag: diag_glinkpkt_open_thread: Glinkpkt_open failed for perif: 12 with err: -1, retry_cnt: 8
07-29 20:37:01.284  1997  1997 D SensorFeature: name=ssc_screenshot_info ,index = 22
07-29 20:37:01.285  1997  1997 D SensorFeature: write 29 bytes:51171108052,52131559770,138,0
07-29 20:37:01.410  2007  2031 D vendor.oplus.hardware.charger-V7-service: ret_value:112, read content:,338,364,4325,4323,-141,91,100,1,1,0,494,4649,93,1,4475,300,500,0,7,-22,7,0,1,0,2,0,0,0,1,6098,99,0,0,0,0,0,0,0
07-29 20:37:01.410  2007  2019 D vendor.oplus.hardware.charger-V7-service: s_chg_user_mode: 3
07-29 20:37:01.410  2007  2019 D vendor.oplus.hardware.charger-V7-service: scale_chg Start!!!
07-29 20:37:01.410  2007  2031 D vendor.oplus.hardware.charger-V7-service: gmtime: 2025-07-29-20-37-01
07-29 20:37:01.410  2007  2019 D vendor.oplus.hardware.charger-V7-service: [0, 0, 3]
07-29 20:37:01.410  2007  2019 D vendor.oplus.hardware.charger-V7-service: [0, 2, 9]
07-29 20:37:01.410  2007  2019 D vendor.oplus.hardware.charger-V7-service: [0, 1, 3]
07-29 20:37:01.410  2007  2031 D vendor.oplus.hardware.charger-V7-service: usb_online:1, ac_online:-2147483648, wireless_online:0
07-29 20:37:01.411  2007  2019 D vendor.oplus.hardware.charger-V7-service: [0, 3, 3]
07-29 20:37:01.411  2007  2019 D vendor.oplus.hardware.charger-V7-service: [0, 4, 3]
07-29 20:37:01.411  2007  2019 D vendor.oplus.hardware.charger-V7-service: [0, 5, 5]
07-29 20:37:01.411  2007  2019 D vendor.oplus.hardware.charger-V7-service: [0, 6, 9]
07-29 20:37:01.411  2007  2019 D vendor.oplus.hardware.charger-V7-service: scale_chg Start!!!
07-29 20:37:01.411  2007  2019 D vendor.oplus.hardware.charger-V7-service: [0, 0, 3]
07-29 20:37:01.411  2007  2019 D vendor.oplus.hardware.charger-V7-service: [0, 2, 10]
07-29 20:37:01.411  2007  2019 D vendor.oplus.hardware.charger-V7-service: [0, 1, 3]
07-29 20:37:01.411  2007  2019 D vendor.oplus.hardware.charger-V7-service: [0, 3, 3]
07-29 20:37:01.411  2007  2019 D vendor.oplus.hardware.charger-V7-service: [0, 4, 3]
07-29 20:37:01.412  2007  2019 D vendor.oplus.hardware.charger-V7-service: [0, 5, 3]
07-29 20:37:01.412  2007  2019 D vendor.oplus.hardware.charger-V7-service: [0, 6, 10]
07-29 20:37:01.441  1907  4418 I Dpps    : LtmSwState::SetParameter():144 ignore cmd 7 in state LtmOffState
07-29 20:37:01.574  3496  4971 I OplusHansManager : uid=10157, pkg=com.baidu.input_oppo cannot transition from R to M, importance=input
07-29 20:37:01.588  1997  1997 D SensorFeature: name=ssc_screenshot_info ,index = 22
07-29 20:37:01.588  1997  1997 D SensorFeature: write 29 bytes:51171108052,52434745916,139,0
07-29 20:37:01.705  1827  4425 I sensors-hal: handle_oplus_wise_rgb_event:189, high_pwm_light:lux 272.9,cct 3598.8,brl/algo/ir 1450.0/2.0/17.3,pwm/dc 0.0/0.0,rgbc 21233.603516/13177.529297/6060.624023/39147.781250,ts 52412541920,cnt 720,flag 65675
07-29 20:37:01.707  1907  4418 I Dpps    : LtmSwState::SetParameter():144 ignore cmd 7 in state LtmOffState
07-29 20:37:01.877 12911 13050 D ProfileInstaller: Installing profile for com.oplus.linker
07-29 20:37:01.889  1997  1997 D SensorFeature: name=ssc_screenshot_info ,index = 22
07-29 20:37:01.889  1997  1997 D SensorFeature: write 29 bytes:51171108052,52737689926,140,0
07-29 20:37:01.947  2007  2032 D BatteryChargeControl: bcc get no support from charging protocol
07-29 20:37:01.969  1907  4418 I Dpps    : LtmSwState::SetParameter():144 ignore cmd 7 in state LtmOffState
07-29 20:37:02.193  1997  1997 D SensorFeature: name=ssc_screenshot_info ,index = 22
07-29 20:37:02.193  1997  1997 D SensorFeature: write 29 bytes:51171108052,53039584562,141,0
07-29 20:37:02.232  1827  4425 I sensors-hal: handle_oplus_wise_rgb_event:189, high_pwm_light:lux 272.9,cct 3599.1,brl/algo/ir 1450.0/2.0/17.3,pwm/dc 0.0/0.0,rgbc 21266.892578/13168.320312/6079.864258/39152.796875,ts 53016929837,cnt 730,flag 65677
07-29 20:37:02.233  1907  4418 I Dpps    : LtmSwState::SetParameter():144 ignore cmd 7 in state LtmOffState
07-29 20:37:02.497  1997  1997 D SensorFeature: name=ssc_screenshot_info ,index = 22
07-29 20:37:02.498  1997  1997 D SensorFeature: write 29 bytes:51171108052,53343934822,142,0
07-29 20:37:02.501  1907  4418 I Dpps    : LtmSwState::SetParameter():144 ignore cmd 7 in state LtmOffState
07-29 20:37:02.597  3496  3727 D Theia.TransparentWindow: handleMessage CHECK_TRANS_WINDOW_ERROR_MSG
07-29 20:37:02.760  5183  6058 E OplusNetworkStackManager: initService mNetworkStackService is null, try again in 10s
07-29 20:37:02.801  1997  1997 D SensorFeature: name=ssc_screenshot_info ,index = 22
07-29 20:37:02.801  1997  1997 D SensorFeature: write 29 bytes:51171108052,53647941176,143,0
07-29 20:37:02.804  1827  4425 I sensors-hal: handle_oplus_wise_rgb_event:189, high_pwm_light:lux 273.0,cct 3603.7,brl/algo/ir 1450.0/2.0/17.2,pwm/dc 0.0/0.0,rgbc 21247.871094/13149.902344/6064.472168/39147.781250,ts 53579943535,cnt 740,flag 65679
07-29 20:37:02.805  1907  4418 I Dpps    : LtmSwState::SetParameter():144 ignore cmd 7 in state LtmOffState
07-29 20:37:02.948  2007  2032 D BatteryChargeControl: bcc get no support from charging protocol
07-29 20:37:03.031  1907  4418 I Dpps    : LtmSwState::SetParameter():144 ignore cmd 7 in state LtmOffState
07-29 20:37:03.104  1997  1997 D SensorFeature: name=ssc_screenshot_info ,index = 22
07-29 20:37:03.105  1997  1997 D SensorFeature: write 29 bytes:51171108052,53951398728,144,0
07-29 20:37:03.176  4898  6245 E OplusNetworkStackManager: initService mNetworkStackService is null, try again in 10s
07-29 20:37:03.295  1827  4425 I sensors-hal: handle_oplus_wise_rgb_event:189, high_pwm_light:lux 272.4,cct 3596.1,brl/algo/ir 1450.0/2.0/18.0,pwm/dc 0.0/0.0,rgbc 21276.402344/13154.507812/6072.167969/39147.781250,ts 53928115098,cnt 750,flag 65680
07-29 20:37:03.296  1907  4418 I Dpps    : LtmSwState::SetParameter():144 ignore cmd 7 in state LtmOffState
07-29 20:37:03.409  1997  1997 D SensorFeature: name=ssc_screenshot_info ,index = 22
07-29 20:37:03.409  1997  1997 D SensorFeature: write 29 bytes:51171108052,54255678468,145,0
07-29 20:37:03.557  3496  4371 D FusionLightNextGen: process end reported = 1, mode: 0, lux 513.3, cct -1.0, r/g/b/c: 21243.1/13163.7/6072.2/39127.7, R/G/B: 106.0/100.0/99.0, bri 1450.0, match 1.00, ir 0.017546, conf 0.0, ts 54234408691
07-29 20:37:03.559  1907  4418 I Dpps    : LtmSwState::SetParameter():144 ignore cmd 7 in state LtmOffState
07-29 20:37:03.579  6682  6732 E oiface  : sched_setaffinity failed
07-29 20:37:03.581  2007  2007 D vendor.oplus.hardware.charger-V7-service: getChargerControl:
07-29 20:37:03.591  1999  5041 E PerformanceService: storage_feature: open /sys/devices/platform/soc/112b0000.ufshci//virtualtlcbuff fail
07-29 20:37:03.601  3496  7457 W BestClock: java.time.DateTimeException: Missing network time fix
07-29 20:37:03.601  3496  7457 W BestClock: java.time.DateTimeException: Missing network time fix
07-29 20:37:03.601  3496  7457 W BestClock: java.time.DateTimeException: Missing network time fix
07-29 20:37:03.712  1997  1997 D SensorFeature: name=ssc_screenshot_info ,index = 22
07-29 20:37:03.712  1997  1997 D SensorFeature: write 29 bytes:51171108052,54559391072,146,0
07-29 20:37:03.826  1827  4425 I sensors-hal: handle_oplus_wise_rgb_event:189, high_pwm_light:lux 273.1,cct 3600.5,brl/algo/ir 1450.0/2.0/17.2,pwm/dc 0.0/0.0,rgbc 21276.402344/13191.341797/6095.255859/39162.828125,ts 54540703275,cnt 760,flag 65682
07-29 20:37:03.827  1907  4418 I Dpps    : LtmSwState::SetParameter():144 ignore cmd 7 in state LtmOffState
07-29 20:37:03.949  2007  2032 D BatteryChargeControl: bcc get no support from charging protocol
07-29 20:37:04.015  1997  1997 D SensorFeature: name=ssc_screenshot_info ,index = 22
07-29 20:37:04.015  1997  1997 D SensorFeature: write 29 bytes:51171108052,54862013363,147,0
07-29 20:37:04.092  1907  4418 I Dpps    : LtmSwState::SetParameter():144 ignore cmd 7 in state LtmOffState
07-29 20:37:04.319  1997  1997 D SensorFeature: name=ssc_screenshot_info ,index = 22
07-29 20:37:04.319  1997  1997 D SensorFeature: write 29 bytes:51171108052,55166040707,148,0
07-29 20:37:04.336  4980  5928 W h       : networkLogger fail！
07-29 20:37:04.336  4980  5928 D Acc-OplusLinkBoostCommon: notifyThermalBroadCast level = 5 temp = 36,lastTemp: 37 ,th: 44
07-29 20:37:04.337  5183  5183 D RFPowerBoostManager: my thermal listener proxy invoke method:notifyThermalBroadCast args len:2
07-29 20:37:04.337  5183  5183 D RFPowerBoostManager: current temp is 36, mInCalling is false, current threshold is 41
07-29 20:37:04.337  6585  6704 E horae   : Horae service notifyComponentHeat caught exception -2
07-29 20:37:04.338  6585  6704 E horae   : Horae service notifyComponentHeat caught exception -2
07-29 20:37:04.352  1827  4425 I sensors-hal: handle_oplus_wise_rgb_event:189, high_pwm_light:lux 272.9,cct 3595.2,brl/algo/ir 1450.0/2.0/17.2,pwm/dc 0.0/0.0,rgbc 21228.849609/13168.320312/6076.016602/39122.699219,ts 55145009941,cnt 770,flag 65684
07-29 20:37:04.353  1907  4418 I Dpps    : LtmSwState::SetParameter():144 ignore cmd 7 in state LtmOffState
07-29 20:37:04.622  1997  1997 D SensorFeature: name=ssc_screenshot_info ,index = 22
07-29 20:37:04.623  1997  1997 D SensorFeature: write 29 bytes:51171108052,55469422842,149,0
07-29 20:37:04.627  1907  4418 I Dpps    : LtmSwState::SetParameter():144 ignore cmd 7 in state LtmOffState
07-29 20:37:04.882  1827  4425 I sensors-hal: handle_oplus_wise_rgb_event:189, high_pwm_light:lux 272.8,cct 3592.7,brl/algo/ir 1450.0/2.0/17.2,pwm/dc 0.0/0.0,rgbc 21238.359375/13154.507812/6091.408203/39117.687500,ts 55501419473,cnt 780,flag 65685
07-29 20:37:04.884  1907  4418 I Dpps    : LtmSwState::SetParameter():144 ignore cmd 7 in state LtmOffState
07-29 20:37:04.926  1997  1997 D SensorFeature: name=ssc_screenshot_info ,index = 22
07-29 20:37:04.926  1997  1997 D SensorFeature: write 29 bytes:51171108052,55773267998,150,0
07-29 20:37:04.926  1827  1953 I sensors-hal: get_display_brightness:818, light_iface: set screenshot_info [51171108052,55773267998,150,0]
07-29 20:37:04.950  2007  2032 D BatteryChargeControl: bcc get no support from charging protocol
07-29 20:37:05.152  1907  4418 I Dpps    : LtmSwState::SetParameter():144 ignore cmd 7 in state LtmOffState
07-29 20:37:05.228  1997  1997 D SensorFeature: name=ssc_screenshot_info ,index = 22
07-29 20:37:05.228  1997  1997 D SensorFeature: write 29 bytes:51171108052,56075752477,151,0
07-29 20:37:05.384 12425 12434 W System  : A resource failed to call close. 
07-29 20:37:05.385 12425 12434 W System  : A resource failed to call close. 
07-29 20:37:05.412  1827  4425 I sensors-hal: handle_oplus_wise_rgb_event:189, high_pwm_light:lux 272.4,cct 3591.6,brl/algo/ir 1450.0/2.0/17.7,pwm/dc 0.0/0.0,rgbc 21238.359375/13154.507812/6068.319824/39112.671875,ts 56056146400,cnt 790,flag 65687
07-29 20:37:05.413  1907  4418 I Dpps    : LtmSwState::SetParameter():144 ignore cmd 7 in state LtmOffState
07-29 20:37:05.535  1997  1997 D SensorFeature: name=ssc_screenshot_info ,index = 22
07-29 20:37:05.535  1997  1997 D SensorFeature: write 29 bytes:51171108052,56381568675,152,0
07-29 20:37:05.678  1907  4418 I Dpps    : LtmSwState::SetParameter():144 ignore cmd 7 in state LtmOffState
07-29 20:37:05.842  1997  1997 D SensorFeature: name=ssc_screenshot_info ,index = 22
07-29 20:37:05.842  1997  1997 D SensorFeature: write 29 bytes:51171108052,56688871019,153,0
07-29 20:37:05.946  1827  4425 I sensors-hal: handle_oplus_wise_rgb_event:189, high_pwm_light:lux 272.9,cct 3596.4,brl/algo/ir 1450.0/2.0/17.1,pwm/dc 0.0/0.0,rgbc 21219.335938/13149.902344/6064.472168/39102.636719,ts 56668704108,cnt 800,flag 65689
07-29 20:37:05.947  1907  4418 I Dpps    : LtmSwState::SetParameter():144 ignore cmd 7 in state LtmOffState
07-29 20:37:05.951  2007  2032 D BatteryChargeControl: bcc get no support from charging protocol
07-29 20:37:05.992  1819  1819 D healthd : system healthd: battery l=100 v=4327 t=33.8 h=2 st=2 c=-173 fc=5920000 cc=20 chg=u
07-29 20:37:05.999  6541  8594 E OplusNetworkStackManager: initService mNetworkStackService is null, try again in 10s
07-29 20:37:06.029  2007  2007 D vendor.oplus.hardware.charger-V7-service: get_ui_charge_icon_type 0 0 0 0 0
07-29 20:37:06.030  2007  2007 D vendor.oplus.hardware.charger-V7-service: oplus_chg_get_cpa_power 2500 charge_online 1 retention_topic 0
07-29 20:37:06.030  2007  2007 D vendor.oplus.hardware.charger-V7-service: oplus_chg_get_cpa_power 2500 charge_online 1 retention_topic 0
07-29 20:37:06.030  2007  2007 D vendor.oplus.hardware.charger-V7-service: getIsSingleHyperSupport=2, cpa_power=2
07-29 20:37:06.149  1997  1997 D SensorFeature: name=ssc_screenshot_info ,index = 22
07-29 20:37:06.149  1997  1997 D SensorFeature: write 29 bytes:51171108052,56995390341,154,0
07-29 20:37:06.210  3496  4371 D FusionLightNextGen: process end reported = 1, mode: 0, lux 514.1, cct -1.0, r/g/b/c: 21247.9/13159.1/6068.3/39142.8, R/G/B: 106.0/100.0/99.0, bri 1450.0, match 1.00, ir 0.017279, conf 0.0, ts 56974983743
07-29 20:37:06.210  1907  4418 I Dpps    : LtmSwState::SetParameter():144 ignore cmd 7 in state LtmOffState
07-29 20:37:06.228  1807  1808 E Diag-Router: diag: glinkpkt_open: failed to create control node for slate_apps
07-29 20:37:06.228  1807  1808 E Diag-Router: diag: diag_glinkpkt_open_thread: Glinkpkt_open failed for perif: 12 with err: -1, retry_cnt: 9
07-29 20:37:06.228  1807  1809 E Diag-Router: diag: glinkpkt_open: failed to create control node for slate_adsp
07-29 20:37:06.228  1807  1809 E Diag-Router: diag: diag_glinkpkt_open_thread: Glinkpkt_open failed for perif: 13 with err: -1, retry_cnt: 9
07-29 20:37:06.411  2007  2031 D vendor.oplus.hardware.charger-V7-service: ret_value:112, read content:,338,360,4327,4325,-173,91,100,1,1,0,491,4644,93,1,4475,300,500,0,7,-22,7,0,1,0,2,0,0,0,1,6098,99,0,0,0,0,0,0,0
07-29 20:37:06.411  2007  2031 D vendor.oplus.hardware.charger-V7-service: gmtime: 2025-07-29-20-37-06
07-29 20:37:06.412  2007  2031 D vendor.oplus.hardware.charger-V7-service: usb_online:1, ac_online:-2147483648, wireless_online:0
07-29 20:37:06.412  2007  2019 D vendor.oplus.hardware.charger-V7-service: s_chg_user_mode: 3
07-29 20:37:06.412  2007  2019 D vendor.oplus.hardware.charger-V7-service: scale_chg Start!!!
07-29 20:37:06.412  2007  2019 D vendor.oplus.hardware.charger-V7-service: [0, 0, 3]
07-29 20:37:06.412  2007  2019 D vendor.oplus.hardware.charger-V7-service: [0, 2, 9]
07-29 20:37:06.412  2007  2019 D vendor.oplus.hardware.charger-V7-service: [0, 1, 3]
07-29 20:37:06.412  2007  2019 D vendor.oplus.hardware.charger-V7-service: [0, 3, 3]
07-29 20:37:06.412  2007  2019 D vendor.oplus.hardware.charger-V7-service: [0, 4, 3]
07-29 20:37:06.412  2007  2019 D vendor.oplus.hardware.charger-V7-service: [0, 5, 5]
07-29 20:37:06.413  2007  2019 D vendor.oplus.hardware.charger-V7-service: [0, 6, 9]
07-29 20:37:06.413  2007  2019 D vendor.oplus.hardware.charger-V7-service: scale_chg Start!!!
07-29 20:37:06.413  2007  2019 D vendor.oplus.hardware.charger-V7-service: [0, 0, 3]
07-29 20:37:06.413  2007  2019 D vendor.oplus.hardware.charger-V7-service: [0, 2, 10]
07-29 20:37:06.413  2007  2019 D vendor.oplus.hardware.charger-V7-service: [0, 1, 3]
07-29 20:37:06.413  2007  2019 D vendor.oplus.hardware.charger-V7-service: [0, 3, 3]
07-29 20:37:06.413  2007  2019 D vendor.oplus.hardware.charger-V7-service: [0, 4, 3]
07-29 20:37:06.413  2007  2019 D vendor.oplus.hardware.charger-V7-service: [0, 5, 3]
07-29 20:37:06.413  2007  2019 D vendor.oplus.hardware.charger-V7-service: [0, 6, 10]
07-29 20:37:06.451  1997  1997 D SensorFeature: name=ssc_screenshot_info ,index = 22
07-29 20:37:06.451  1997  1997 D SensorFeature: write 29 bytes:51171108052,57299110289,155,0
07-29 20:37:06.472  1827  4425 I sensors-hal: handle_oplus_wise_rgb_event:189, high_pwm_light:lux 273.3,cct 3602.3,brl/algo/ir 1450.0/2.0/17.0,pwm/dc 0.0/0.0,rgbc 21238.359375/13177.529297/6068.319824/39147.781250,ts 57281148118,cnt 810,flag 65691
07-29 20:37:06.473  1907  4418 I Dpps    : LtmSwState::SetParameter():144 ignore cmd 7 in state LtmOffState
07-29 20:37:06.580  3496  4971 I OplusHansManager : uid=10157, pkg=com.baidu.input_oppo cannot transition from R to M, importance=input
07-29 20:37:06.756  1997  1997 D SensorFeature: name=ssc_screenshot_info ,index = 22
07-29 20:37:06.756  1997  1997 D SensorFeature: write 29 bytes:51171108052,57604149977,156,0
07-29 20:37:06.760  1907  4418 I Dpps    : LtmSwState::SetParameter():144 ignore cmd 7 in state LtmOffState
07-29 20:37:06.952  2007  2032 D BatteryChargeControl: bcc get no support from charging protocol
07-29 20:37:07.002  1827  4425 I sensors-hal: handle_oplus_wise_rgb_event:189, high_pwm_light:lux 272.1,cct 3596.5,brl/algo/ir 1450.0/2.0/17.8,pwm/dc 0.0/0.0,rgbc 21224.093750/13163.714844/6068.319824/39127.714844,ts 57621025723,cnt 820,flag 65692
07-29 20:37:07.003  1907  4418 I Dpps    : LtmSwState::SetParameter():144 ignore cmd 7 in state LtmOffState
07-29 20:37:07.060  1997  1997 D SensorFeature: name=ssc_screenshot_info ,index = 22
07-29 20:37:07.060  1997  1997 D SensorFeature: write 29 bytes:51171108052,57906709091,157,0
07-29 20:37:07.122  1934  1982 I [UAH_CLIENT]: UahRelease, handle:21
07-29 20:37:07.123  1934  1982 I [UAH_CLIENT]: UahPlatformResAcquire
07-29 20:37:07.123  1934  1982 I [UAH_CLIENT]: UahEventAcquire, cmdid:-3, pkg:1934 12960, identity:qcom-perfd
07-29 20:37:07.123  1934  1982 E PERFHAL-RESOURCEQS: PERFHAL-RESOURCEQS: AddAndApply() 130: Resource with major=18, minor=41 not supported
07-29 20:37:07.239 12964 13054 I SystemFeature: operator:{oppo.cmcc.mp:false, browser.cmcc:false, browser.test.cmcc:false, browser.cmcc.bookmark:false, browser.test.cmcc.bookmark:false, browser.cmcc.home:false, browser.test.cmcc.home:false
07-29 20:37:07.239 12964 13054 I SystemFeature: cu.optr:false, browser.cu:false, browser.test.cu:false
07-29 20:37:07.239 12964 13054 I SystemFeature: ct.optr:false, browser.ct:false, browser.test.ct:false
07-29 20:37:07.239 12964 13054 I SystemFeature: }
07-29 20:37:07.243 12964 13054 I IdentityUtil: initIdentity: success, duidInit=true, uuid=d7830aefe1185a1d969e64bfc89f60a7
07-29 20:37:07.244  7460  7538 I OpenID  : com.heytap.pictorial:3142:ret:T
07-29 20:37:07.258 12964 13054 D Identity: nonceAndCounter: 36aa8a23f2c88a800000000000000006
07-29 20:37:07.268  1907  4418 I Dpps    : LtmSwState::SetParameter():144 ignore cmd 7 in state LtmOffState
07-29 20:37:07.297  1167 13007 I keystore2: system/security/keystore2/watchdog/src/lib.rs:319 - Watchdog thread idle -> terminating. Have a great day.
07-29 20:37:07.364  1997  1997 D SensorFeature: name=ssc_screenshot_info ,index = 22
07-29 20:37:07.364  1997  1997 D SensorFeature: write 29 bytes:51171108052,58210201539,158,0
07-29 20:37:07.381  3496  4381 V AlarmManager: sending alarm Alarm{5fa2d30 type 3 origWhen 39479 whenElapsed 39479 android} uid 1000 whenElapsed 39479 windowLength 18750 maxWhenElapsed 58229 repeatInterval 0 action null component null tag WifiHealthMonitor Schedule Post-Boot Detection Timer flags 0x8 procName system_server
07-29 20:37:07.425  3496  5104 I InputDispatcher: injectInputEvent: targetUid=<not set>, syncMode=WAIT_FOR_FINISHED, timeout=30000ms, policyFlags=0x8000000, event=MotionEvent { action=DOWN, id[0]=0, x[0]=900, y[0]=30, eventTime=58273000000, downTime=58273000000, deviceId=4, source=TOUCHSCREEN, displayId=0, eventId=0xe4cfe969}
07-29 20:37:07.426  3496  4795 I [UAH_CLIENT]: UahEventAcquire, cmdid:37, pkg:none, identity:OplusUAwareInputHelper
07-29 20:37:07.426  2152  3477 D VRR [OTI]: handleIdle from 1 to 0
07-29 20:37:07.426  2152  3477 D VRR [OTI-HW]: isStateReady 0
07-29 20:37:07.426  2152  3477 D VRR [OTI-HW]: restore sys rate.
07-29 20:37:07.426  2152  3477 D VRR [RefreshRateDirector]: requestRefreshRateByOti update [ oti-hw, {fps=120, modePtr={id=4, vsyncRate=120.00 Hz, peakRefreshRate=120.00 Hz}} ]
07-29 20:37:07.426  2152  3477 D VRR [RefreshRateDirector]: selectBestFrameRate DirectorMapOti [oti-hw, {fps=120, modePtr={id=4, vsyncRate=120.00 Hz, peakRefreshRate=120.00 Hz}}]
07-29 20:37:07.426  2152  3477 D VRR [RefreshRateDirector]: updateBestFrameRate [oti-hw, {fps=120, modePtr={id=4, vsyncRate=120.00 Hz, peakRefreshRate=120.00 Hz}}]
07-29 20:37:07.427  2152  3477 D SurfaceFlinger: VRR [SurfaceFlinger] setDesiredActiveMode: displayId: 4630946756802996883, renderRate: 120, vsyncRate: 120, event: 1
07-29 20:37:07.427  2152  3477 D DisplayModeController: setDesiredMode 4630946756802996883 {mode={fps=120.00 Hz, modePtr={id=4, vsyncRate=120.00 Hz, peakRefreshRate=120.00 Hz}}, emitEvent=true, force=false}
07-29 20:37:07.427  3496  4795 D UAH-UahAdaptHelper: adaptSetNotification identity = OplusUAwareInputHelpersrc = 1000 , type 0 ,p1 = -1 ,p2 = -1 ,p3 = -1 ,p4 =
07-29 20:37:07.427  3496  4795 I [UAH_CLIENT]: uahRuleCtl, ruleId:1000, status:0
07-29 20:37:07.428  3496  4617 D OMP_Detector: D:done mCurrStatus: 0
07-29 20:37:07.429  1934  1982 I [UAH_CLIENT]: UahPlatformResAcquire
07-29 20:37:07.429  1934  1982 I [UAH_CLIENT]: UahEventAcquire, cmdid:-3, pkg:2152 7442, identity:qcom-perfd
07-29 20:37:07.429  1934  1982 E PERFHAL-RESOURCEQS: PERFHAL-RESOURCEQS: AddAndApply() 130: Resource with major=18, minor=41 not supported
07-29 20:37:07.429  3496  3804 D PowerManagerService: userActivityNoUpdateLocked: groupId=0, eventTime=58273, event=touch, flags=0x0, uid=1000
07-29 20:37:07.430  4824  4824 V AutofillManager: requestHideFillUi(null): anchor = null
07-29 20:37:07.430  4824  4824 V Application: getAutofillClient(): null on super, trying to find activity thread
07-29 20:37:07.430  4824  4824 V Application: getAutofillClient(): none of the 0 activities on com.android.systemui.SystemUIApplication@1a5c3d are top resumed nor have focus
07-29 20:37:07.430  4824  4824 V AutofillManager: No AutofillClient for com.android.systemui on context com.android.systemui.SystemUIApplication@1a5c3d
07-29 20:37:07.430  4824  4824 I PluginSeedling--Capsule: CapsuleTouchEventHandler-->onInterceptTouchEvent interceptEvent: false
07-29 20:37:07.430  1934  1982 I [UAH_CLIENT]: UahRelease, handle:35
07-29 20:37:07.431  3496  3732 W UserAwareMgr: can not find match thread: GaussianBlur for process com.android.systemui
07-29 20:37:07.432  4824  5319 I [UAH_CLIENT]: UahEventAcquire, cmdid:97, pkg:none, identity:OsenseHelperImpl
07-29 20:37:07.432  4824  4824 I SystemUi--Common: ScrollTranslationValue-->resetPanelTranslationY
07-29 20:37:07.432  4824  4824 I SystemUi--QuickSettings: OplusPanelViewPagerController-->initExpanded downExpanded=NONE downOnRight=true targetPage=NOTIFICATION downOnYHotArea=true  isKeyguardShowing=false isOnKeyguard=false fractionListeners.size=0 currentQsFraction=0.0 currentNotifyFraction=0.0 hasCalledDownEvent=true getScrollXHotZone=([Rect(0, 0 - 1080, 2376)], [Rect(-1, -1 - -1, -1), Rect(157, 1999 - 283, 2125), Rect(823, 1999 - 949, 2125)]) getScrollYHotZone=Rect(0, 0 - 1080, 66) notifyExpandedFraction=0.0 isLastUpToExpand=false qsPanelView.translationX=0.0
07-29 20:37:07.432  4824  4824 I SystemUi--QuickSettings: OplusPanelViewPagerController-->shouldOpenQS  set targetPage=QS
07-29 20:37:07.432  4824  4824 I SystemUi--Common: ScrollTranslationValue-->resetPanelTranslationY
07-29 20:37:07.432  4824  4824 I SystemUi--QuickSettings: OplusPanelViewPagerController-->initExpanded downExpanded=NONE downOnRight=true targetPage=QS downOnYHotArea=true  isKeyguardShowing=false isOnKeyguard=false fractionListeners.size=0 currentQsFraction=0.0 currentNotifyFraction=0.0 hasCalledDownEvent=true getScrollXHotZone=([Rect(0, 0 - 1080, 2376)], [Rect(-1, -1 - -1, -1), Rect(157, 1999 - 283, 2125), Rect(823, 1999 - 949, 2125)]) getScrollYHotZone=Rect(0, 0 - 1080, 66) notifyExpandedFraction=0.0 isLastUpToExpand=false qsPanelView.translationX=0.0
07-29 20:37:07.432  4824  4824 I SystemUi--QuickSettings: OplusPanelViewPagerController-->shouldOpenQS  set targetPage=QS
07-29 20:37:07.433  4824  4824 I SystemUi--QuickSettings: OplusQSPageViewController-->reset(), pageList size:2 itemCount:2 oldIndex:0 curIndex:0
07-29 20:37:07.433  4824  4824 I SystemUi--QuickSettings: OplusQSRootViewController-->startExpandMotion event: 0, startTracking: false isClosing: false panelClosedOnDown: true
07-29 20:37:07.433  4824  4824 I SystemUi--QuickSettings: OplusQSRootViewController-->initialOffsetOnTouch: 0.0, panelClosedOnDown: true
07-29 20:37:07.433  4824  4824 I SystemUi--QuickSettings: OplusQSRootView-->disallowChildIntercept:false
07-29 20:37:07.433  4824  4824 I SystemUi--QuickSettings: OplusQSRootViewController-->startExpandMotion event: 0, startTracking: false isClosing: false panelClosedOnDown: true
07-29 20:37:07.433  4824  4824 I SystemUi--QuickSettings: OplusQSRootViewController-->initialOffsetOnTouch: 0.0, panelClosedOnDown: true
07-29 20:37:07.433  4824  4824 I SystemUi--QuickSettings: OplusQSRootViewController-->onTouchEvent() ACTION_DOWN, canSlideHToQSOnStatusBar:true, gestureWaitForTouchSlop:true, panelClosedOnDown:true, panelClosingOnDown:false, pointerIndex:0
07-29 20:37:07.433  3496  5104 I InputDispatcher: injectInputEvent: targetUid=<not set>, syncMode=WAIT_FOR_FINISHED, timeout=30000ms, policyFlags=0x8000000, event=MotionEvent { action=MOVE, id[0]=0, x[0]=900, y[0]=82.5332, eventTime=58281000000, downTime=58273000000, deviceId=4, source=TOUCHSCREEN, displayId=0, eventId=0xe53f17f1}
07-29 20:37:07.433  3496  4795 I [UAH_CLIENT]: UahEventAcquire, cmdid:68, pkg:none, identity:OplusUAwareInputHelper
07-29 20:37:07.438  2152  2152 I DisplayModeController: hwc begin mode change to 8333333
07-29 20:37:07.438  2152  2152 I HWC2    : [0] setActiveConfigWithConstraints[4]
07-29 20:37:07.438  1907  6342 W SDM     : HWDeviceDRM::GetSupportedBitClkRate: Requested rate not supported: 1363200000
07-29 20:37:07.439  1907  6342 I SDM     : HWDeviceDRM::UpdateMixerAttributes: Mixer WxH 1440x3168-1 for Peripheral
07-29 20:37:07.439  1907  6342 I CwbService: CwbService::notifyConfigChange: display:0, config:4 size:4, sec.size():0
07-29 20:37:07.439  1907  6342 I CwbService: CwbService::notifyConfigChange: display: 0, config = 0
07-29 20:37:07.439  1907  3403 I CasManager: Fps changed from 60 to 120
07-29 20:37:07.439  1907  3403 I CasManager: Fps changed, not change bin, so trigger gain
07-29 20:37:07.439  1907  3403 W SDM     : DemuraIntfImpl::ProcessOemPluginGain: Thermal intf_ is nullptr 0, default to 25 degree
07-29 20:37:07.439  1907  3403 I SDM     : CasQcPlugIn::ProcessPerCompGainOppo: input params, mode:PWM, fps:120, dbv:1450
07-29 20:37:07.439  1907  3403 I SDM     : CasQcPlugIn::ProcessPerCompGainOppo: normalized bright_adj:1024, dbv:1450, bin_dbv:1083, 
07-29 20:37:07.439  1907  3403 I SDM     : CasQcPlugIn::ProcessPerCompGainOppo: gains print start =====================
07-29 20:37:07.439  1907  3403 I SDM     : CasQcPlugIn::ProcessPerCompGainOppo: gain --------------------------------
07-29 20:37:07.439  1907  3403 I SDM     : CasQcPlugIn::ProcessPerCompGainOppo: old: 0 0 0 57 90 322 1201 3072
07-29 20:37:07.439  1907  3403 I SDM     : CasQcPlugIn::ProcessPerCompGainOppo: new: 0 0 0 47 78 279 1041 3072
07-29 20:37:07.439  1907  3403 I SDM     : CasQcPlugIn::ProcessPerCompGainOppo: gain --------------------------------
07-29 20:37:07.439  1907  3403 I SDM     : CasQcPlugIn::ProcessPerCompGainOppo: old: 0 0 0 64 125 373 1336 3072
07-29 20:37:07.439  1907  3403 I SDM     : CasQcPlugIn::ProcessPerCompGainOppo: new: 0 0 0 53 100 373 1336 3072
07-29 20:37:07.439  1907  3403 I SDM     : CasQcPlugIn::ProcessPerCompGainOppo: gain --------------------------------
07-29 20:37:07.439  1907  3403 I SDM     : CasQcPlugIn::ProcessPerCompGainOppo: old: 0 0 0 42 83 323 1222 3072
07-29 20:37:07.439  1907  3403 I SDM     : CasQcPlugIn::ProcessPerCompGainOppo: new: 0 0 0 34 83 323 1222 3072
07-29 20:37:07.439  1907  3403 I SDM     : CasQcPlugIn::ProcessPerCompGainOppo: gains print end =======================
07-29 20:37:07.441  4824  4824 I SystemUi--QuickSettings: OplusQSRootViewController-->startExpandMotion event: 2, startTracking: true isClosing: false panelClosedOnDown: true
07-29 20:37:07.441  4824  4824 I SystemUi--QuickSettings: OplusQSRootViewController-->endClosing()
07-29 20:37:07.441  4824  4824 I SystemUi--QuickSettings: QSPanelExpandFraction-->updateFraction, stiffness=500.0, finalPosition=0.2518164
07-29 20:37:07.442  3496  5104 I InputDispatcher: injectInputEvent: targetUid=<not set>, syncMode=WAIT_FOR_FINISHED, timeout=30000ms, policyFlags=0x8000000, event=MotionEvent { action=MOVE, id[0]=0, x[0]=900, y[0]=148.2, eventTime=58291000000, downTime=58273000000, deviceId=4, source=TOUCHSCREEN, displayId=0, eventId=0xc19a4ad6}
07-29 20:37:07.443  3496  4397 D SystemGestures: detectSwipe: 1
07-29 20:37:07.444  1907  3403 I SDM     : DemuraIntfImpl::StageAllData: Staged all data to Demura Driver!
07-29 20:37:07.444  1907  3403 I SDM     : HWPeripheralDRM::SetPanelFeature: Set Panel feature property 19
07-29 20:37:07.444  1907  3403 I SDM     : HWPeripheralDRM::SetPanelFeature: Set Panel feature property 7
07-29 20:37:07.444  1907  3403 I SDM     : DisplayBuiltIn::TriggerDemuraOemPlugIn: Trigger demura oem plugin success
07-29 20:37:07.445  1907  2227 I SDM     : DRMPanelFeatureMgr::ApplyDirtyFeature: Commited panel feature [enabled]: 20-272
07-29 20:37:07.445  1907  2227 I SDM     : DRMPanelFeatureMgr::ApplyDirtyFeature: Commited panel feature [enabled]: 8-271
07-29 20:37:07.458  2152  2152 D VRR-[OPlusRefreshRateSelector]: setCurrentModeId 4 type SA
07-29 20:37:07.458  2152  3477 D VRR [OTI-HW]: isStateReady 0
07-29 20:37:07.458  2152  3477 D VRR [OTI-HW]: keep rate.
07-29 20:37:07.458  3496  3697 I DisplayDeviceRepository: Display device changed render timings: "Built-in Screen", renderFrameRate=120.00001, presentationDeadlineNanos=11333333, appVsyncOffsetNanos=1000000
07-29 20:37:07.458  3496  3697 D LogicalDisplayExt: set displayInfo flag FLAG_ROTATES_WITH_CONTENT
07-29 20:37:07.459  3496  3697 D DisplayManagerServiceExtImpl: scheduleTraversalLocked intraversal=false
07-29 20:37:07.459  3496  3697 I DisplayManagerServiceExtImpl: handle logical display changed logicalDisplay=id=0,stack=0,content=true,displayInfo{stack=0,type=1,id=0,uId=local:4630946756802996883,state=ON,pkg=null}
07-29 20:37:07.459  3496  3697 D DisplayManagerService: Delivering display event: displayId=0, event=CHANGED
07-29 20:37:07.460  3496  3803 D BrightnessThermalClamper: Thermal status observer already started
07-29 20:37:07.460  3496  3803 D BrightnessPowerClamper: Power throttling data is missing for configuration data.
07-29 20:37:07.461  3496  3694 D OplusVFXScreenEffectFeature: notifySFCompatWindowStateChange entered false
07-29 20:37:07.461  3496  3694 D FSS_FoldScreenBlackCoverController: displayChangeToOn, dc:Display{#0 state=ON size=1080x2376 ROTATION_0}
07-29 20:37:07.461  2152  2403 D [PREVIEW]: SF obtain preview_adapter: 0
07-29 20:37:07.461  2152  2403 D [PREVIEW]: TabletPreviewAdapter::parallel world 0
07-29 20:37:07.462  3496  3694 D DisplayManagerService: performTraversalInternal pendingTraversal
07-29 20:37:07.462  3496  3694 D DisplayDevice: setLayerStackLocked id=local:4630946756802996883 token=android.os.BinderProxy@ef60f stack=0->0
07-29 20:37:07.462  4824  4824 I SystemUi--QuickSettings: OplusQSRootViewController-->setQsVisible: true rawFraction:0.024222992
07-29 20:37:07.462  3496  5104 I InputDispatcher: injectInputEvent: targetUid=<not set>, syncMode=WAIT_FOR_FINISHED, timeout=30000ms, policyFlags=0x8000000, event=MotionEvent { action=MOVE, id[0]=0, x[0]=900, y[0]=279.533, eventTime=58311000000, downTime=58273000000, deviceId=4, source=TOUCHSCREEN, displayId=0, eventId=0xfac95be0}
07-29 20:37:07.463  4824  4824 I SystemUi--QuickSettings: OplusQSRootViewController-->setListening: true
07-29 20:37:07.463  4824  4824 I SystemUi--QuickSettings: OplusLargeTileContainerViewController-->setListening listening=true
07-29 20:37:07.463  4824  4824 I SystemUi--QuickSettings: QSBrightnessFactory-->setListening listening:true
07-29 20:37:07.463  4824  4824 I SystemUi--QuickSettings: OplusQsBrightnessSliderController-->setListening listening:true mView: com.oplus.systemui.plugins.qs.widget.OplusQsToggleSliderLayout{a22d0a9 V.E...... ......ID 558,244-737,643 #7f0a09f0 app:id/qs_brightness_slider_layout alpha=0.0 viewInfo = } value:0
07-29 20:37:07.463  4824  4824 I SystemUi--QuickSettings: OplusQsVolumeSliderController-->updateVolumeSeekBarMaxProgress: isNeedUpdate=true, maxVolumeProgress=16000, seekBarMaxProgress=1600, isInit=false
07-29 20:37:07.463  4824  4824 I SystemUi--QuickSettings: OplusQsVolumeSliderController-->updateVolumeSeekBarProgress: isNeedUpdate=true, isAllowUpdate=true, volumeLevel=0, seekBarLevel=0, initialVolumeSliderProgress=0, initialSeekBarVolumeLevel=-1, progressUpdated=false
07-29 20:37:07.463  4824  4824 I SystemUi--QuickSettings: OplusQsVolumeSliderController-->updateDisableShowVolumeDialog: isQsListening=true
07-29 20:37:07.463  4824  4824 I SystemUi--Device_Panel: OplusQSMyDeviceContainerViewController-->setListening listening: true
07-29 20:37:07.463  4824  4824 I [DevicePlugin].SysUiPluginService.(main): setListening: isListening=true, _isSeparateMode=true
07-29 20:37:07.463  4824  4824 I [DevicePlugin].FixedSeparateModelPanel.(main): onCtrCenterShow
07-29 20:37:07.463  4824  4824 I [DevicePlugin].FixedSeparateModelPanel.(main): onResume
07-29 20:37:07.464  4824  5319 D [DevicePlugin].DataInterfaceImp.(DefaultDispatcher-worker-1): safeCall, method:panel_state
07-29 20:37:07.464  3496  3697 D DisplayManagerService: MSG_REQUEST_TRAVERSAL pendingCompleted=false
07-29 20:37:07.464  2133  7520 D AudioFlingerExtImpl: AudioFlingerExtImpl oplusSetParameters: keyvalue screen_state=on
07-29 20:37:07.464  4824  4824 I SystemUi--Common: NotificationShadeDepthC-->sceneFlag: 0x001, isStart = true, Current sceneFlags: 0x001
07-29 20:37:07.464  4824  4824 D NavigationBar: restrainNavigationBarInvertColor: true
07-29 20:37:07.464  2133  7520 D DeviceHalAidl: 0xb4000072e307c200 DeviceHalAidl::setParameters
07-29 20:37:07.464  4669  4669 D CastManagerService: onDisplayChanged.
07-29 20:37:07.464  4824  4824 D RegionSamplingHelper: animation scene, no need register sampling listener
07-29 20:37:07.464  2133  7520 D DeviceHalAidl: setParameters: parameters: "screen_state=on"
07-29 20:37:07.464  1846  1891 I PAL: ResourceManager: setParameter: 11480: Screen State:1
07-29 20:37:07.464  4824  4824 I SystemUi--Common: OplusShadeExpansionStat-->go state: CLOSED -> OPENING
07-29 20:37:07.465  4824  4824 I SystemUi--Common: OplusShadeExpansionStat-->go state: CLOSED -> OPENING
07-29 20:37:07.465  4824  4824 I SystemUi--Notification: OplusHeadsUpNotificationViewBinder-->isVisibility: true
07-29 20:37:07.465  4824  4824 I SystemUi--Keyguard: ScrimControllerExImp-->blur State to UNLOCK, bouncer=false changeFromBouncerScrim= false runnerUnlock= false goingAway=false hasHandle=true isOccludeAnimationPlaying=false
07-29 20:37:07.465  2133  7520 D DeviceHalAidl: 0xb4000072e307c800 DeviceHalAidl::setParameters
07-29 20:37:07.465  2133  7520 D DeviceHalAidl: setParameters: parameters: "screen_state=on"
07-29 20:37:07.465  4824  4824 I SystemUi--Common: PlatformBlurManagerImpl-->setPlatformBlurMode: blurMode=AUTO(blurFrequency=2)
07-29 20:37:07.465  4824  4824 I SystemUi--Common: PlatformBlurManagerImpl-->updateMotionFrequency: isExpanding=true
07-29 20:37:07.465  1846  1891 D AHAL_Module: updateScreenState: usb: 1
