07-29 20:37:08.834  3496  4462 D WifiCountryCode: Set telephony country code to: 
07-29 20:37:08.834  3496  4462 D WifiCountryCode: updateCountryCode to US
07-29 20:37:08.834  3496  4462 D WifiCountryCode: setCountryCodeNative: US, isClientModeOnly: true mDriverCountryCode: US
07-29 20:37:08.834  4898  5383 D QC_RIL_OEM_HOOK: sendOemRilRequestRaw returns value = 1
07-29 20:37:08.834  6792  6792 I OsAgent : onReceive: android.net.wifi.action.WIFI_SCAN_AVAILABILITY_CHANGED
07-29 20:37:08.835  6792  7886 I OsAgent : updateWiFiScanAvailState, scanAvailable: true
07-29 20:37:08.835  1818  1913 I LocSvc_api_v02: ---> locClientSendReq line 2409 QMI_LOC_NOTIFY_WIFI_ENABLED_STATUS_REQ_V02
07-29 20:37:08.835  1818  3973 I LocSvc_ApiV02: <--- globalRespCb line 282 QMI_LOC_NOTIFY_WIFI_ENABLED_STATUS_REQ_V02
07-29 20:37:08.835  3496  4588 D OplusWifiPower_ConnLpmEventObsever: onReceive EXTRA_SCAN_AVAILABLE availabe = true
07-29 20:37:08.835  3496  4588 D OplusWifiPowerService: onReceive action:android.net.wifi.action.WIFI_SCAN_AVAILABILITY_CHANGED
07-29 20:37:08.835  3496  4588 D OplusWifiSwitchStateMonitor: scan settings change to true
07-29 20:37:08.836  4824  4982 I SystemUi--Statusbar: NetworkController.WifiSignalController-->wifi Broadcast action = android.telephony.action.SERVICE_PROVIDERS_UPDATED state=1 enabled=false connected=false isDefaultNetwork=false rssi=0 level=0 statusLabel = null isDirty = false
07-29 20:37:08.836  4824  5095 I SystemUi--QuickSettings: Tile.OplusCellularTile-->updateCarrierText: dialog not showing, ignore
07-29 20:37:08.836  3496  4466 I WifiScanningService: Created a new impl for wlan0
07-29 20:37:08.836  3496  4466 I WifiScanningService: Received a request to enable scanning, UID = 1000
07-29 20:37:08.836  3496  4466 I WifiScanningService: scanner impls already exists
07-29 20:37:08.836  3496  4466 I WifiScanningService: wifi driver loaded with scan capabilities: max buckets=16
07-29 20:37:08.836  3496  4466 E WifiScanningService: wifi driver loaded received while already loaded
07-29 20:37:08.836  4824  5095 D SimStateHelper: slot:0, lock state:Bundle[mParcelledData.dataSize=56]
07-29 20:37:08.837  4824  5095 D SimStateHelper: slot:1, lock state:Bundle[mParcelledData.dataSize=56]
07-29 20:37:08.837  4824  5095 D SimStateHelper: needDisableMenu: slot1State=-1; slot2State=-1
07-29 20:37:08.837  4824  5095 D SimStateHelper: needDisableMenu:false
07-29 20:37:08.837  3496  5266 W ContextImpl: Calling a method in the system process without a qualified user: android.app.ContextImpl.sendBroadcastMultiplePermissions:1311 android.content.Context.sendBroadcastMultiplePermissions:2524 com.android.server.TelephonyRegistry.broadcastServiceStateChanged:3740 com.android.server.TelephonyRegistry.notifyServiceStateForPhoneId:1787 com.android.internal.telephony.ITelephonyRegistry$Stub.onTransact:546 
07-29 20:37:08.838  3496  5266 W ContextImpl: Calling a method in the system process without a qualified user: android.app.ContextImpl.sendBroadcastMultiplePermissions:1344 com.android.server.TelephonyRegistry.broadcastServiceStateChanged:3745 com.android.server.TelephonyRegistry.notifyServiceStateForPhoneId:1787 com.android.internal.telephony.ITelephonyRegistry$Stub.onTransact:546 android.os.Binder.execTransactInternal:1523 
07-29 20:37:08.840  5126  6229 D IWlanJni: getDataRegistrationState start
07-29 20:37:08.840  4964  4964 D DeviceStatisticsService: onReceive: action= org.codeaurora.intent.action.RADIO_POWER_STATE
07-29 20:37:08.840  4964  4964 I DeviceStatisticsService: Receiving radio_power_state_changed, mIsDeviceInfoInitialized = true
07-29 20:37:08.840  4964  4964 I DeviceStatisticsService: radio power state changed to 1 for slot: 1
07-29 20:37:08.840  4824  4824 I KeyguardUpdateMonitor: action=android.intent.action.SERVICE_STATE subId=-1 slotId=1
07-29 20:37:08.840  4824  4824 W KeyguardUpdateMonitorLog: invalid subId in handleServiceStateChange()
07-29 20:37:08.841  5126  6229 D IWlanJni: getDataRegistrationState start
07-29 20:37:08.841  3496  5266 W ContextImpl: Calling a method in the system process without a qualified user: android.app.ContextImpl.sendBroadcastMultiplePermissions:1344 com.android.server.TelephonyRegistry.broadcastServiceStateChanged:3754 com.android.server.TelephonyRegistry.notifyServiceStateForPhoneId:1787 com.android.internal.telephony.ITelephonyRegistry$Stub.onTransact:546 android.os.Binder.execTransactInternal:1523 
07-29 20:37:08.842  3496  5266 W ContextImpl: Calling a method in the system process without a qualified user: android.app.ContextImpl.sendBroadcastMultiplePermissions:1344 com.android.server.TelephonyRegistry.broadcastServiceStateChanged:3760 com.android.server.TelephonyRegistry.notifyServiceStateForPhoneId:1787 com.android.internal.telephony.ITelephonyRegistry$Stub.onTransact:546 android.os.Binder.execTransactInternal:1523 
07-29 20:37:08.842  5126  6229 D IWlanJni: getDataRegistrationState start
07-29 20:37:08.842  3496  4560 D CmccSliceManagerService: ACTION_DDS_SWITCH_DONE
07-29 20:37:08.842  3496  4560 D CmccSliceManagerService: cleanUpAndRestartSlice
07-29 20:37:08.842  3496  4560 D CmccSliceManagerService: cleanUpSlice
07-29 20:37:08.842  3496  4560 D CmccSliceManagerService: cleanUpSlice qcom
07-29 20:37:08.842  3496  4560 D CmccSliceManagerService: getDefaultDataSlotId0, subid: 1
07-29 20:37:08.842  3496  4460 V NetworkPolicy: updateNotificationsNL not process
07-29 20:37:08.842  4980  5888 D CellularEvent: onActiveDataSubscriptionIdChanged sub id:1
07-29 20:37:08.842  3496  4560 E ActivityThread: Failed to find provider info for com.cmccslice.proxyapp.provider
07-29 20:37:08.842  3496  4560 D CmccSliceManagerService: loadUrsp qcomCursor=null, count=-1, slotId=0
07-29 20:37:08.842  3496  4560 D CmccSliceManagerService: loadUrsp: qcomCursor=[]
07-29 20:37:08.842  3496  4560 D CmccSliceManagerService: isFeatureEnable , rus : false Feature : false
07-29 20:37:08.842  3496  4560 D CmccSliceManagerService: requestSliceNetwork: feature not enabled
07-29 20:37:08.842  3496  4560 D CmccSliceManagerService: cleanUpAndRestartSlice qcom
07-29 20:37:08.843  4824  4824 I KeyguardUpdateMonitor: refreshSimState, changed:false,subId:1,slotId:0,state:5
07-29 20:37:08.843  4898  4898 D QC_RIL_OEM_HOOK: Received Broadcast Intent ACTION_UNSOL_RESPONSE_OEM_HOOK_RAW
07-29 20:37:08.843  4824  5095 I SystemUi--QuickSettings: Tile.OplusCellularTile-->updateCarrierText: dialog not showing, ignore
07-29 20:37:08.843  4898  4898 D QC_RIL_OEM_HOOK: Received Broadcast Intent ACTION_UNSOL_RESPONSE_OEM_HOOK_RAW
07-29 20:37:08.843  4898  4898 D QC_RIL_OEM_HOOK: Received Broadcast Intent ACTION_UNSOL_RESPONSE_OEM_HOOK_RAW
07-29 20:37:08.843  5126  6241 D IWlanJni: new aidl event arrived
07-29 20:37:08.843  5126  6241 D IWlanJni: handleEvent 10
07-29 20:37:08.843  5126  6241 D IWlanJni: isThreadAttached start
07-29 20:37:08.843  5126  6241 D IWlanJni: jni detached
07-29 20:37:08.843  5126  6241 D IWlanJni: jni attached
07-29 20:37:08.843  5126  6241 D IWlanJni: getDataRegistrationStateResponse start
07-29 20:37:08.843  5126  6241 D IWlanJni: getJavaCallbackClass start
07-29 20:37:08.843  5126  6241 D IWlanJni: getJavaCallbackClass End midIs[1]
07-29 20:37:08.843  5126  6241 I IWlanAidlClient: getDataRegistrationStateResponse called
07-29 20:37:08.843  5126  6241 D IWlanJni: handleEvent 10
07-29 20:37:08.843  5126  6241 D IWlanJni: isThreadAttached start
07-29 20:37:08.843  5126  6241 D IWlanJni: jni detached
07-29 20:37:08.843  5126  6241 D IWlanJni: jni attached
07-29 20:37:08.843  5126  6241 D IWlanJni: getDataRegistrationStateResponse start
07-29 20:37:08.843  5126  6241 D IWlanJni: getJavaCallbackClass start
07-29 20:37:08.843  5126  5126 D QCNEJ/WwanInfoRelay: onActiveSubscriptionsChanged activeCurrDDSId: 1 new DDS 1
07-29 20:37:08.843  5126  6241 D IWlanJni: getJavaCallbackClass End midIs[1]
07-29 20:37:08.843  5126  6241 I IWlanAidlClient: getDataRegistrationStateResponse called
07-29 20:37:08.843  5126  6240 W IWlanNetworkService: 11 > Response Processed
07-29 20:37:08.843  5126  6240 W IWlanNetworkService: 12 > Response Processed
07-29 20:37:08.843  4824  5095 D SimStateHelper: slot:0, lock state:Bundle[mParcelledData.dataSize=56]
07-29 20:37:08.844  4824  5095 D SimStateHelper: slot:1, lock state:Bundle[mParcelledData.dataSize=56]
07-29 20:37:08.844  4824  5095 D SimStateHelper: needDisableMenu: slot1State=-1; slot2State=-1
07-29 20:37:08.844  4824  5095 D SimStateHelper: needDisableMenu:false
07-29 20:37:08.844  4824  5095 I SystemUi--QuickSettings: Tile.OplusCellularTile-->updateCarrierText: dialog not showing, ignore
07-29 20:37:08.844  4824  5095 D SimStateHelper: slot:0, lock state:Bundle[mParcelledData.dataSize=56]
07-29 20:37:08.844  5126  6238 D IWlanJni: new aidl event arrived
07-29 20:37:08.844  5126  6238 D IWlanJni: handleEvent 10
07-29 20:37:08.844  4824  5095 D SimStateHelper: slot:1, lock state:Bundle[mParcelledData.dataSize=56]
07-29 20:37:08.844  5126  6238 D IWlanJni: isThreadAttached start
07-29 20:37:08.844  5126  6238 D IWlanJni: jni detached
07-29 20:37:08.844  4824  5095 D SimStateHelper: needDisableMenu: slot1State=-1; slot2State=-1
07-29 20:37:08.844  4824  5095 D SimStateHelper: needDisableMenu:false
07-29 20:37:08.844  5126  6238 D IWlanJni: jni attached
07-29 20:37:08.844  5126  6238 D IWlanJni: getDataRegistrationStateResponse start
07-29 20:37:08.844  5126  6238 D IWlanJni: getJavaCallbackClass start
07-29 20:37:08.844  5126  6238 D IWlanJni: getJavaCallbackClass End midIs[1]
07-29 20:37:08.844  5126  6238 I IWlanAidlClient: getDataRegistrationStateResponse called
07-29 20:37:08.844  5126  5126 D QCNEJ/WwanInfoRelay: onActiveSubscriptionsChanged activeCurrDDSId: 1 new DDS 1
07-29 20:37:08.844  5126  6237 W IWlanNetworkService: 13 > Response Processed
07-29 20:37:08.844  5691  5691 D CellBroadcastReceiver: onReceive Intent { act=android.intent.action.SERVICE_STATE flg=0x1000010 cmp=com.android.cellbroadcastreceiver.module/com.android.cellbroadcastreceiver.CellBroadcastReceiver (has extras) }
07-29 20:37:08.845  5691  5691 D CellBroadcastReceiver: onServiceStateChanged, ss: 1
07-29 20:37:08.845  5691  5691 D CellBroadcastReceiver: networkOperator: 
07-29 20:37:08.845  4898  4898 D OplusPowerUpOptimizationImpl: onReceive: org.codeaurora.intent.action.RADIO_POWER_STATE
07-29 20:37:08.845  4898  5486 D OplusPowerUpOptimizationImpl: handleMessage what = 6
07-29 20:37:08.845  4898  5486 D OplusPowerUpOptimizationImpl: radio is available for slot: 1
07-29 20:37:08.845  4898  5486 D OplusPowerUpOptimizationImpl: trySendPhoneReady for slot: 1
07-29 20:37:08.845  4898  5486 D OplusPowerUpOptimizationImpl: Not sending ATEL ready: States: [1: {true, true, true, true}]
07-29 20:37:08.846  5691  5691 D CellBroadcastReceiver: mockmodem is running? = false
07-29 20:37:08.846  5020  8641 D txpwrJni: new aidl event arrived
07-29 20:37:08.846  5691  5691 D CellBroadcastReceiver: Start Cell Broadcast configuration for intent=ACTION_ENABLE_CHANNELS
07-29 20:37:08.846  5020  8641 D txpwrJni: handleEvent 1
07-29 20:37:08.846  5020  8641 D txpwrJni: isThreadAttached start
07-29 20:37:08.846  5020  8641 D txpwrJni: jni detached
07-29 20:37:08.846  5020  8641 D txpwrJni: jni attached
07-29 20:37:08.846  5020  8641 D txpwrJni: getRadioStatus start
07-29 20:37:08.846  5020  8641 D txpwrJni: getJavaCallbackClass start
07-29 20:37:08.846  5020  8641 D txpwrJni: getJavaCallbackClass End midIs[1]
07-29 20:37:08.846  5020  8641 D txpwrJni: new aidl event arrived
07-29 20:37:08.846  5020  8641 D txpwrJni: handleEvent 1
07-29 20:37:08.846  5020  8641 D txpwrJni: isThreadAttached start
07-29 20:37:08.846  5020  8641 D txpwrJni: jni detached
07-29 20:37:08.846  5020  8641 D txpwrJni: jni attached
07-29 20:37:08.846  5020  8641 D txpwrJni: getRadioStatus start
07-29 20:37:08.846  5020  8641 D txpwrJni: getJavaCallbackClass start
07-29 20:37:08.846  5020  8641 D txpwrJni: getJavaCallbackClass End midIs[1]
07-29 20:37:08.847  5020  7969 D txpwrJni: sendRadioStatus start
07-29 20:37:08.847  5020  7969 D txpwrJni: sendRadioStatus start
07-29 20:37:08.848  4898  4898 D CiWlanNotificationReceiver: ACTION_RADIO_POWER_STATE_CHANGED
07-29 20:37:08.848  3496  4199 W BestClock: java.time.DateTimeException: Missing network time fix
07-29 20:37:08.849  3496  5290 W BestClock: java.time.DateTimeException: Missing network time fix
07-29 20:37:08.849  4824  5883 V OplusCustomizeCacheManager: queryCache name: sys.cache.common_customize_cache18014 param: null
07-29 20:37:08.849  4824  5883 V OplusCustomizeCacheManager: queryCache name: sys.cache.common_customize_cache18017 param: Bundle[{SETTING=BLOCK, BUSINESS=NCT-DATA}]
07-29 20:37:08.849  4824  5883 V OplusCustomizeCacheManager: queryCache name: sys.cache.common_customize_cache18013 param: null
07-29 20:37:08.849  4898  4898 D Telephony: isEmergencyPreferredAccount: subId=1, activeData=1
07-29 20:37:08.849  4898  4898 D Telephony: isEmergencyPreferredAccount: Device does not require preference.
07-29 20:37:08.850  4898  4898 D InternationalRoamingNotification: init
07-29 20:37:08.850  5183  6322 D VirtualCommService2: isSupport. true, true
07-29 20:37:08.850  4898  4898 D OplusVirtualCommUtils: isVirtualCommSupport, vRet: true
07-29 20:37:08.851  5691 13125 D CellBroadcastConfigService: Enable CellBroadcast on sub 1
07-29 20:37:08.851  4898  4898 I OplusVirtualCommUtils: getVirtualCommDeviceType, vRet: 1
07-29 20:37:08.851  4898  4898 I OplusVirtualCommUtils: isConsumerDeviceType, deviceType: 1
07-29 20:37:08.852  4898  4898 D InternationalRoamingNotification: do not createRoamingNotification for invalid Network
07-29 20:37:08.852  4898  5768 D CellBroadcastConfigTracker-0: Failed to set cdma config
07-29 20:37:08.853  5691  5790 E CellBroadcastConfigService: fails to setCellBroadcastRanges, result = 2
07-29 20:37:08.853  3496  4470 D ConnectivityService: unregister offer from providerId 5 : NetworkOffer [ Provider Id (5) Score(Policies : YIELD_TO_BAD_WIFI&TRANSPORT_PRIMARY&EVER_EVALUATED&IS_UNMETERED&EVER_VALIDATED&IS_VALIDATED ; KeepConnected : 0) Caps [ Transports: CELLULAR|SATELLITE Capabilities: MMS&SUPL&DUN&FOTA&IMS&CBS&IA&RCS&XCAP&EIMS&INTERNET&NOT_RESTRICTED&TRUSTED&NOT_VPN&MCX&NOT_VCN_MANAGED&ENTERPRISE&VSIM&BIP&MMTEL&PRIORITIZE_LATENCY&PRIORITIZE_BANDWIDTH&NOT_BANDWIDTH_CONSTRAINED Specifier: <TelephonyNetworkSpecifier [mSubId = 1]> EnterpriseId: 1&2&3&4&5 UnderlyingNetworks: Null] Needed by [132, 80, 56, 44, 279, 18, 40, 221, 94, 266, 28, 187, 244, 7, 30, 98, 32, 34, 48, 113, 257, 165, 233, 53, 148, 209, 154, 15, 26, 157, 203, 160, 88, 273, 269, 277, 227, 192, 194, 212, 36, 180, 185, 69, 74, 242, 281, 255, 219, 170, 163, 176, 150, 172, 9, 72, 199, 141, 50, 248, 260, 236, 115, 240, 102, 168, 182, 46, 145, 82, 217, 24, 42, 264, 77, 174, 275, 1, 178, 86, 134, 143, 190, 271, 38, 137, 251, 58, 214]]
07-29 20:37:08.853  3496  4470 D ConnectivityService: update offer from providerId 5 new : NetworkOffer [ Provider Id (5) Score(Policies : YIELD_TO_BAD_WIFI&TRANSPORT_PRIMARY&EVER_EVALUATED&IS_UNMETERED&EVER_VALIDATED&IS_VALIDATED ; KeepConnected : 0) Caps [ Transports: CELLULAR|SATELLITE Capabilities: MMS&SUPL&DUN&FOTA&IMS&CBS&IA&RCS&XCAP&EIMS&INTERNET&NOT_RESTRICTED&TRUSTED&NOT_VPN&MCX&NOT_VCN_MANAGED&ENTERPRISE&VSIM&BIP&MMTEL&PRIORITIZE_LATENCY&PRIORITIZE_BANDWIDTH&NOT_BANDWIDTH_CONSTRAINED Specifier: <TelephonyNetworkSpecifier [mSubId = 1]> EnterpriseId: 1&2&3&4&5 UnderlyingNetworks: Null] Needed by [132, 80, 56, 44, 279, 18, 40, 221, 94, 266, 28, 187, 244, 7, 30, 98, 32, 34, 48, 113, 257, 165, 233, 53, 148, 209, 154, 15, 26, 157, 203, 160, 88, 273, 269, 277, 227, 192, 194, 212, 36, 180, 185, 69, 74, 242, 281, 255, 219, 170, 163, 176, 150, 172, 9, 72, 199, 141, 50, 248, 260, 236, 115, 240, 102, 168, 182, 46, 145, 82, 217, 24, 42, 264, 77, 174, 275, 1, 178, 86, 134, 143, 190, 271, 38, 137, 251, 58, 214]]
07-29 20:37:08.854  3496  4470 D ConnectivityService: unregister offer from providerId 6 : NetworkOffer [ Provider Id (6) Score(Policies : YIELD_TO_BAD_WIFI&EVER_EVALUATED&IS_UNMETERED&EVER_VALIDATED&IS_VALIDATED ; KeepConnected : 0) Caps [ Transports: CELLULAR|SATELLITE Capabilities: MMS&SUPL&DUN&FOTA&IMS&CBS&IA&RCS&XCAP&EIMS&INTERNET&NOT_RESTRICTED&TRUSTED&NOT_VPN&MCX&NOT_VCN_MANAGED&ENTERPRISE&VSIM&BIP&MMTEL&PRIORITIZE_LATENCY&PRIORITIZE_BANDWIDTH&NOT_BANDWIDTH_CONSTRAINED Specifier: <TelephonyNetworkSpecifier [mSubId = -1]> EnterpriseId: 1&2&3&4&5 UnderlyingNetworks: Null] Needed by [132, 80, 56, 44, 279, 18, 40, 221, 94, 266, 28, 187, 244, 7, 30, 98, 32, 34, 48, 113, 257, 165, 233, 53, 148, 209, 154, 15, 26, 157, 203, 160, 88, 273, 269, 277, 227, 192, 194, 212, 36, 180, 185, 69, 74, 242, 281, 255, 219, 170, 163, 176, 150, 172, 9, 72, 199, 141, 50, 248, 260, 236, 115, 240, 102, 168, 182, 46, 145, 82, 217, 24, 42, 264, 77, 174, 275, 1, 178, 86, 134, 143, 190, 271, 38, 137, 251, 58, 214]]
07-29 20:37:08.854  3496  4470 D ConnectivityService: update offer from providerId 6 new : NetworkOffer [ Provider Id (6) Score(Policies : YIELD_TO_BAD_WIFI&EVER_EVALUATED&IS_UNMETERED&EVER_VALIDATED&IS_VALIDATED ; KeepConnected : 0) Caps [ Transports: CELLULAR|SATELLITE Capabilities: MMS&SUPL&DUN&FOTA&IMS&CBS&IA&RCS&XCAP&EIMS&INTERNET&NOT_RESTRICTED&TRUSTED&NOT_VPN&MCX&NOT_VCN_MANAGED&ENTERPRISE&VSIM&BIP&MMTEL&PRIORITIZE_LATENCY&PRIORITIZE_BANDWIDTH&NOT_BANDWIDTH_CONSTRAINED Specifier: <TelephonyNetworkSpecifier [mSubId = -1]> EnterpriseId: 1&2&3&4&5 UnderlyingNetworks: Null] Needed by [132, 80, 56, 44, 279, 18, 40, 221, 94, 266, 28, 187, 244, 7, 30, 98, 32, 34, 48, 113, 257, 165, 233, 53, 148, 209, 154, 15, 26, 157, 203, 160, 88, 273, 269, 277, 227, 192, 194, 212, 36, 180, 185, 69, 74, 242, 281, 255, 219, 170, 163, 176, 150, 172, 9, 72, 199, 141, 50, 248, 260, 236, 115, 240, 102, 168, 182, 46, 145, 82, 217, 24, 42, 264, 77, 174, 275, 1, 178, 86, 134, 143, 190, 271, 38, 137, 251, 58, 214]]
07-29 20:37:08.858  4898  4898 V OplusCustomizeCacheManager: queryCache name: sys.cache.common_customize_cache18016 param: null
07-29 20:37:08.858  4898  4898 V OplusCustomizeCacheManager: queryCache name: sys.cache.common_customize_cache18013 param: null
07-29 20:37:08.858  4898  4898 V OplusCustomizeCacheManager: queryCache name: sys.cache.common_customize_cache18014 param: null
07-29 20:37:08.858  4898  4898 V OplusCustomizeCacheManager: queryCache name: sys.cache.common_customize_cache18017 param: Bundle[{SETTING=BLOCK, BUSINESS=NCT-DATA}]
07-29 20:37:08.859  4898  4898 V OplusCustomizeCacheManager: queryCache name: sys.cache.common_customize_cache18016 param: null
07-29 20:37:08.859  4898  4898 V OplusCustomizeCacheManager: queryCache name: sys.cache.common_customize_cache18013 param: null
07-29 20:37:08.859  4898  4898 V OplusCustomizeCacheManager: queryCache name: sys.cache.common_customize_cache18014 param: null
07-29 20:37:08.859  4898  4898 V OplusCustomizeCacheManager: queryCache name: sys.cache.common_customize_cache18017 param: Bundle[{SETTING=BLOCK, BUSINESS=NCT-DATA}]
07-29 20:37:08.861  4824  5095 I SystemUi--QuickSettings: Tile.OplusCellularTile-->updateCarrierText: dialog not showing, ignore
07-29 20:37:08.861  4898  4898 D ServiceStateProvider: subId=1
07-29 20:37:08.861  4824  5095 D SimStateHelper: slot:0, lock state:Bundle[mParcelledData.dataSize=56]
07-29 20:37:08.861  4824  5095 D SimStateHelper: slot:1, lock state:Bundle[mParcelledData.dataSize=56]
07-29 20:37:08.861  4824  5095 D SimStateHelper: needDisableMenu: slot1State=-1; slot2State=-1
07-29 20:37:08.861  4824  5095 D SimStateHelper: needDisableMenu:false
07-29 20:37:08.862  3496  4630 V SettingsProvider: deleteSystemSetting(OPLUS_SLA_LAST_MCC, 0)
07-29 20:37:08.862  3496  4630 D SettingsProvider: delete system settings OPLUS_****_MCC pkg is  android user id is 0
07-29 20:37:08.863  3496  4630 W OplusSlaManager: updateMCC curMCC empty!
07-29 20:37:08.864  5050  5050 I QImsService: OplusPhoneStateTracker : onServiceStateChanged
07-29 20:37:08.864  4824  5162 I SystemUi--Statusbar: MobileConnectionRepositoryImpl-->subId:1 isSoftSimCard:false slotId:0
07-29 20:37:08.864  5183  6158 D EfsNvDumpUnit[0]: onServiceStateChanged: voice reg state: OUT_OF_SERVICE data reg state: OUT_OF_SERVICE
07-29 20:37:08.864  5183  6158 D cellularState[0]: handleMessage: E msg.what=4
07-29 20:37:08.864  5183  6158 D cellularState[0]: processMsg: DataCallingState
07-29 20:37:08.864  5183  6158 D cellularState[0]: processMsg: NetworkAttachedState
07-29 20:37:08.864  5183  6158 D cellularState[0]: processMsg: SimReadyState
07-29 20:37:08.864  5183  6158 D cellularState[0]: processMsg: DefaultState
07-29 20:37:08.864  5183  6158 E cellularState[0]:  - unhandledMessage: msg.what=4
07-29 20:37:08.864  5183  6158 D cellularState[0]: handleMessage: X
07-29 20:37:08.864  4980  5888 D T-Recommend: onPreHandleMessage 1000
07-29 20:37:08.865  4980  5888 E CellularEvent: nri null ps
07-29 20:37:08.865  4980  5888 E CellularEvent: invalid nri
07-29 20:37:08.865  4980  5888 D T-Recommend: onPostHandleMessage 1000
07-29 20:37:08.865  5183  5183 D SubsysEventListenerManager-SubsysTelephonyCallback[0]: onServiceStateChanged
07-29 20:37:08.865  5050  5050 I QImsService: OplusPhoneStateTracker : onServiceStateChanged
07-29 20:37:08.865  5183  5183 D ChinaRoamingControl: registTelephonyEvent onServiceStateChanged eventId:5, VoiceRegState:1, DataRegState:1
07-29 20:37:08.865  5183  5183 D QuickChangeAirplaneModeEvent: onServiceStateChanged slotId:0
07-29 20:37:08.865  4980  5928 D OplusLinkBoostCommon: dds servicestate change
07-29 20:37:08.865  4980  5931 D OplusSubWaySlowRecovery: getPreferSubId return 1
07-29 20:37:08.865  4980  5929 D NAS-CallIssueDetector: onServiceStateChanged
07-29 20:37:08.866  3496  5299 W ContextImpl: Calling a method in the system process without a qualified user: android.app.ContextImpl.sendBroadcastMultiplePermissions:1311 android.content.Context.sendBroadcastMultiplePermissions:2524 com.android.server.TelephonyRegistry.broadcastServiceStateChanged:3740 com.android.server.TelephonyRegistry.notifyServiceStateForPhoneId:1787 com.android.internal.telephony.ITelephonyRegistry$Stub.onTransact:546 
07-29 20:37:08.865  4980  5929 D OplusCiwlanController: [vodata] processServiceStateChanged  phoneid = 0, original roaming type = -1,roaming type = 0
07-29 20:37:08.866  4980  5929 D OplusCiwlanController: [vodata] processServiceStateChanged  phoneid = 1, original roaming type = -1,roaming type = 0
07-29 20:37:08.866  4980  5931 D SaDataFailRecovery/0: current is not in service,reset alarm
07-29 20:37:08.866  4980  5931 D OplusScanQrCodeRecoveryImpl: msg.what=3
07-29 20:37:08.866  3496  5299 W ContextImpl: Calling a method in the system process without a qualified user: android.app.ContextImpl.sendBroadcastMultiplePermissions:1344 com.android.server.TelephonyRegistry.broadcastServiceStateChanged:3745 com.android.server.TelephonyRegistry.notifyServiceStateForPhoneId:1787 com.android.internal.telephony.ITelephonyRegistry$Stub.onTransact:546 android.os.Binder.execTransactInternal:1523 
07-29 20:37:08.867  4898  4898 I Telephony: y0: onServiceStateChanged: newState=1, mServiceState=3
07-29 20:37:08.867  3496  3727 D LocationManagerService: passive provider added registration from 1000/android[CountryDetector]/93E45B6E -> Request[PASSIVE, minUpdateInterval=0, WorkSource{1000 android}] permissionLevel: 2 permitted: true
07-29 20:37:08.867  4898  4898 I Telephony: isRttCurrentlySupported -- regular acct, hasVoiceAvailability: false
07-29 20:37:08.867  4898  4898 I Telephony:  isRttSupported: false
07-29 20:37:08.867  4898  4898 I Telephony:  isUserRttSettingOn: false
07-29 20:37:08.867  4898  4898 I Telephony:  alwaysAllowWhileRoaming: false
07-29 20:37:08.867  4898  4898 I Telephony:  isRoaming: false
07-29 20:37:08.867  4898  4898 I Telephony:  isOnWfc: false
07-29 20:37:08.867  3496  7457 W BestClock: java.time.DateTimeException: Missing network time fix
07-29 20:37:08.867  5183  5183 D QuickChangeAirplaneModeEvent: isBothCardInService is false
07-29 20:37:08.868  5183  5183 D MsimSubModeManager: registTelephonyEvent onServiceStateChanged eventId:3, VoiceRegState:1, DataRegState:1
07-29 20:37:08.868  5183  5183 E ExtremeCommUtils: getSwitchRusSupportMcc invalid index 1
07-29 20:37:08.868  4824  4824 I KeyguardUpdateMonitor: action=android.intent.action.SERVICE_STATE subId=1 slotId=0
07-29 20:37:08.868  5183  5183 D ExtremeCommUtils: isSupporCheck rusContain:false,propContain(persist.sys.oplus.support_hyper_uplink_mcc):false
07-29 20:37:08.868  5183  5183 D ExtremeCommService: handleServiceStateChanged mcc is null
07-29 20:37:08.868  5183  5183 D ChinaRoamingControl: handleMessage what:5
07-29 20:37:08.868  4824  5095 I SystemUi--QuickSettings: Tile.OplusCellularTile-->updateCarrierText: dialog not showing, ignore
07-29 20:37:08.868  5183  5183 D MsimSubModeManager: handleMessage what:3
07-29 20:37:08.868  5183  5183 D MsimSubModeManager: getMsimSimServiceIn() i:0,mServiceState:1
07-29 20:37:08.868  5183  5183 D MsimSubModeManager: getMsimSimServiceIn() i:1,mServiceState:1
07-29 20:37:08.868  4824  5095 D SimStateHelper: slot:0, lock state:Bundle[mParcelledData.dataSize=56]
07-29 20:37:08.869  3496  5299 W ContextImpl: Calling a method in the system process without a qualified user: android.app.ContextImpl.sendBroadcastMultiplePermissions:1344 com.android.server.TelephonyRegistry.broadcastServiceStateChanged:3754 com.android.server.TelephonyRegistry.notifyServiceStateForPhoneId:1787 com.android.internal.telephony.ITelephonyRegistry$Stub.onTransact:546 android.os.Binder.execTransactInternal:1523 
07-29 20:37:08.869  4824  5095 D SimStateHelper: slot:1, lock state:Bundle[mParcelledData.dataSize=56]
07-29 20:37:08.869  4824  5095 D SimStateHelper: needDisableMenu: slot1State=-1; slot2State=-1
07-29 20:37:08.869  4824  5095 D SimStateHelper: needDisableMenu:false
07-29 20:37:08.869  4898  4898 D InternationalRoamingNotification: init
07-29 20:37:08.869  5183  5228 D VirtualCommService2: isSupport. true, true
07-29 20:37:08.869  4898  4898 D OplusVirtualCommUtils: isVirtualCommSupport, vRet: true
07-29 20:37:08.869  4898  4898 I OplusVirtualCommUtils: getVirtualCommDeviceType, vRet: 1
07-29 20:37:08.869  4898  4898 I OplusVirtualCommUtils: isConsumerDeviceType, deviceType: 1
07-29 20:37:08.869  3496  5299 W ContextImpl: Calling a method in the system process without a qualified user: android.app.ContextImpl.sendBroadcastMultiplePermissions:1344 com.android.server.TelephonyRegistry.broadcastServiceStateChanged:3760 com.android.server.TelephonyRegistry.notifyServiceStateForPhoneId:1787 com.android.internal.telephony.ITelephonyRegistry$Stub.onTransact:546 android.os.Binder.execTransactInternal:1523 
07-29 20:37:08.869  3496  7457 W BestClock: java.time.DateTimeException: Missing network time fix
07-29 20:37:08.870  4898  4898 D InternationalRoamingNotification: do not createRoamingNotification for invalid Network
07-29 20:37:08.870  4824  5883 V OplusCustomizeCacheManager: queryCache name: sys.cache.common_customize_cache18014 param: null
07-29 20:37:08.870  4824  5883 V OplusCustomizeCacheManager: queryCache name: sys.cache.common_customize_cache18017 param: Bundle[{SETTING=BLOCK, BUSINESS=NCT-DATA}]
07-29 20:37:08.870  4824  5883 V OplusCustomizeCacheManager: queryCache name: sys.cache.common_customize_cache18013 param: null
07-29 20:37:08.870  4898  4898 D OplusTelephonyController: onSignalStrengthChanged: SignalStrength=SignalStrength:{mCdma=CellSignalStrengthCdma: cdmaDbm=2147483647 cdmaEcio=2147483647 evdoDbm=2147483647 evdoEcio=2147483647 evdoSnr=2147483647 level=0,mGsm=CellSignalStrengthGsm: rssi=2147483647 ber=2147483647 mTa=2147483647 mLevel=0,mWcdma=CellSignalStrengthWcdma: ss=2147483647 ber=2147483647 rscp=2147483647 ecno=2147483647 level=0,mTdscdma=CellSignalStrengthTdscdma: rssi=2147483647 ber=2147483647 rscp=2147483647 level=0,mLte=CellSignalStrengthLte: rssi=2147483647 rsrp=2147483647 rsrq=2147483647 rssnr=2147483647 cqiTableIndex=2147483647 cqi=2147483647 ta=2147483647 level=0 parametersUseForLevel=0,mNr=CellSignalStrengthNr:{ csiRsrp = 2147483647 csiRsrq = 2147483647 csiCqiTableIndex = 2147483647 csiCqiReport = [] ssRsrp = 2147483647 ssRsrq = 2147483647 ssSinr = 2147483647 level = 0 parametersUseForLevel = 0 timingAdvance = 2147483647 },primary=CellSignalStrengthLte}
07-29 20:37:08.870  5183  5183 D SubsysEventListenerManager-SubsysTelephonyCallback[0]: onSignalStrengthsChanged
07-29 20:37:08.871  5691  5691 D CellBroadcastReceiver: onReceive Intent { act=android.intent.action.SERVICE_STATE flg=0x1000010 cmp=com.android.cellbroadcastreceiver.module/com.android.cellbroadcastreceiver.CellBroadcastReceiver (has extras) }
07-29 20:37:08.871  5691  5691 D CellBroadcastReceiver: onServiceStateChanged, ss: 1
07-29 20:37:08.871  5691  5691 D CellBroadcastReceiver: networkOperator: 
07-29 20:37:08.872  5183  5183 D SubsysEventListenerManager-SubsysTelephonyCallback[0]: onCellInfoChanged
07-29 20:37:08.873  3496  7457 W BestClock: java.time.DateTimeException: Missing network time fix
07-29 20:37:08.874  3496  7457 W BestClock: java.time.DateTimeException: Missing network time fix
07-29 20:37:08.874  4824  5883 V OplusCustomizeCacheManager: queryCache name: sys.cache.common_customize_cache18014 param: null
07-29 20:37:08.874  4824  5883 V OplusCustomizeCacheManager: queryCache name: sys.cache.common_customize_cache18017 param: Bundle[{SETTING=BLOCK, BUSINESS=NCT-DATA}]
07-29 20:37:08.874  4824  5883 V OplusCustomizeCacheManager: queryCache name: sys.cache.common_customize_cache18013 param: null
07-29 20:37:08.876  3496  7457 W BestClock: java.time.DateTimeException: Missing network time fix
07-29 20:37:08.877  3496  7457 W BestClock: java.time.DateTimeException: Missing network time fix
07-29 20:37:08.877  4824  5883 V OplusCustomizeCacheManager: queryCache name: sys.cache.common_customize_cache18014 param: null
07-29 20:37:08.877  4824  5883 V OplusCustomizeCacheManager: queryCache name: sys.cache.common_customize_cache18017 param: Bundle[{SETTING=BLOCK, BUSINESS=NCT-DATA}]
07-29 20:37:08.877  4824  5883 V OplusCustomizeCacheManager: queryCache name: sys.cache.common_customize_cache18013 param: null
07-29 20:37:08.882  4824  4824 I SystemUi--QuickSettings: QsLottieUtils-->getLottieAnimFile : qs/qs_airplane_lottie_active_sep_dual_light.json
07-29 20:37:08.882  1934  1982 I [UAH_CLIENT]: UahRelease, handle:44
07-29 20:37:08.882  4824  4824 I SystemUi--QuickSettings: TemporarilyInfoManager-->[trigger] start from show
07-29 20:37:08.883  4824  4824 I SystemUi--QuickSettings: TemporarilyInfoManager-->[getLayoutParams] translationY=102.07816, translationX=0, width=1080, height=228, isLandscape=false, parent=androidx.constraintlayout.widget.ConstraintLayout{5d5eab4 V.E...... ......ID 0,0-1080,2376 #7f0a09f6 app:id/qs_container_area_layout alpha=1.0 viewInfo = }
07-29 20:37:08.883  4824  4824 I SystemUi--Common: ViewExt-->[startAlongWithPosition] com.oplus.systemui.qs.base.temporarilyinfo.TemporarilyInfoManager$createViewToParent$1{1268d3e V.ED..... ......ID 0,0-0,0 #7f0a0cb6 app:id/temporarily_info_view alpha=0.0 viewInfo = } alongWith android.widget.RelativeLayout{867379f V.E...... ........ 0,102-1080,222 #7f0a0a2e app:id/qs_status_bar_container_layout alpha=1.0 viewInfo = }
07-29 20:37:08.883  4824  4824 I SystemUi--QuickSettings: TemporarilyInfoManager-->[showElement] com.oplus.systemui.qs.base.temporarilyinfo.TemporarilyInfoManager$createViewToParent$1{1268d3e V.ED..... ......ID 0,0-0,0 #7f0a0cb6 app:id/temporarily_info_view alpha=0.0 viewInfo = } for Element(text=Airplane mode off, groupId=Airplane mode, style=InfoShowStyle(textSize=16.0, sizeUnit=2, textColor=-1, showDuration=1500, alongWithReplacedView=true))
07-29 20:37:08.883  4824  4824 I SystemUi--QuickSettings: TemporarilyInfoManager-->[animateShow] com.oplus.systemui.qs.base.temporarilyinfo.TemporarilyInfoManager$createViewToParent$1{1268d3e VFED..C.. ......ID 0,0-0,0 #7f0a0cb6 app:id/temporarily_info_view alpha=0.0 viewInfo = } start
07-29 20:37:08.885  3496  4462 D WifiNative: onSetCountryCodeSucceeded: US
07-29 20:37:08.885  3496  4462 I WifiCountryCode: Receive onSetCountryCodeSucceeded US
07-29 20:37:08.885  3496  4462 I WifiNl80211Manager: Receive country code change to US
07-29 20:37:08.885  2775  2775 I wificond: Receive notifyCountryCodeChanged
07-29 20:37:08.885  2775  2775 I wificond: UpdateBandInfo
07-29 20:37:08.885  3496  4462 D WifiScanRequestProxy: Sending scan available broadcast: true
07-29 20:37:08.885  3496  4466 I WifiScanningService: Received a request to enable scanning, UID = 1000
07-29 20:37:08.885  3496  4466 I WifiScanningService: scanner impls already exists
07-29 20:37:08.885  3496  4466 E WifiScanningService: wifi driver loaded received while already loaded
07-29 20:37:08.885  3496  4462 I WifiScanRequestProxy: Scanning is enabled
07-29 20:37:08.885  3496  4462 I WifiScanRequestProxy: Scanning for hidden networks is disabled
07-29 20:37:08.886  3496  4462 D WakeupController: start()
07-29 20:37:08.886  3496  3496 D OplusWifiBroadCastDispatcher: mBroadcastReceiver: onReceiver  action=android.net.wifi.action.WIFI_SCAN_AVAILABILITY_CHANGED
07-29 20:37:08.886  3496  4462 E WifiStaIfaceAidlImpl: setScanMode failed with service-specific exception: android.os.ServiceSpecificException:  (code 4)
07-29 20:37:08.886  2775  2775 I wificond: 2.4Ghz frequencies: 2412 2417 2422 2427 2432 2437 2442 2447 2452 2457 2462
07-29 20:37:08.886  2775  2775 I wificond: 5Ghz non-DFS frequencies: 5180 5200 5220 5240 5745 5765 5785 5805 5825
07-29 20:37:08.886  2775  2775 I wificond: 5Ghz DFS frequencies: 5260 5280 5300 5320 5500 5520 5540 5560 5580 5600 5620 5640 5660 5680 5700
07-29 20:37:08.886  2775  2775 I wificond: 6Ghz frequencies:
07-29 20:37:08.886  2775  2775 I wificond: 60Ghz frequencies:
07-29 20:37:08.887  6792  6792 I OsAgent : onReceive: android.net.wifi.action.WIFI_SCAN_AVAILABILITY_CHANGED
07-29 20:37:08.887  6792  7886 I OsAgent : updateWiFiScanAvailState, scanAvailable: true
07-29 20:37:08.887  3496  4588 D OplusWifiPower_ConnLpmEventObsever: onReceive EXTRA_SCAN_AVAILABLE availabe = true
07-29 20:37:08.887  3496  4588 D OplusWifiPowerService: onReceive action:android.net.wifi.action.WIFI_SCAN_AVAILABILITY_CHANGED
07-29 20:37:08.887  3496  4588 D OplusWifiSwitchStateMonitor: scan settings change to true
07-29 20:37:08.888  3496  4462 I WifiService: Receive onDriverCountryCodeChanged to US, update available channel list
07-29 20:37:08.889  3496  4462 E ApConfigUtil: Malformed channel value detected: java.lang.NumberFormatException: For input string: ""
07-29 20:37:08.890  3496  4462 E ApConfigUtil: Malformed channel value detected: java.lang.NumberFormatException: For input string: ""
07-29 20:37:08.891  1845  1898 E WifiHAL : wifi_get_usable_channels: Error -5 waiting for response.
07-29 20:37:08.891  3496  4462 E WifiChipAidlImpl: getUsableChannels failed with service-specific exception: android.os.ServiceSpecificException:  (code 7)
07-29 20:37:08.891  3496  4462 E ApConfigUtil: Malformed channel value detected: java.lang.NumberFormatException: For input string: ""
07-29 20:37:08.892  3496  4587 D OplusSoftApManager: Support Wi-Fi6 SAP
07-29 20:37:08.892  3496  4462 I WifiService: Receive onDriverCountryCodeChanged to US, update available channel list
07-29 20:37:08.892  3496  4462 E ApConfigUtil: Malformed channel value detected: java.lang.NumberFormatException: For input string: ""
07-29 20:37:08.893  3496  4462 E ApConfigUtil: Malformed channel value detected: java.lang.NumberFormatException: For input string: ""
07-29 20:37:08.894  1845  1898 E WifiHAL : wifi_get_usable_channels: Error -5 waiting for response.
07-29 20:37:08.894  3496  4462 E WifiChipAidlImpl: getUsableChannels failed with service-specific exception: android.os.ServiceSpecificException:  (code 7)
07-29 20:37:08.894  3496  4462 E ApConfigUtil: Malformed channel value detected: java.lang.NumberFormatException: For input string: ""
07-29 20:37:08.894  3496  4462 I WifiApConfigStore: Chip capability is updated, check config
07-29 20:37:08.908  4824  4824 I SystemUi--QuickSettings: QsLottieUtils-->getLottieAnimFile : qs/qs_cellular_lottie_active_sep_dual_light.json
07-29 20:37:08.929  3366  3912 D QmiClient: qmiServiceEventCallback recv msg id 1106
07-29 20:37:08.929  3366  3912 D QmiVsClient: enter - onQmiServiceEventCallback msgId 1106
07-29 20:37:08.930  3366  3380 D VsProxy : handleMessage msg is 2425
07-29 20:37:08.930  3366  3380 D VsProxy : handleServingCellInfoChangeInd for instance 0
07-29 20:37:08.930  3366  3366 D RadioServiceIndication: radioServingCellInfoInd
07-29 20:37:08.930  3366  3366 D RadioServiceIndication: radioServingCellInfoInd
07-29 20:37:08.931  5183  6322 D SubsysRadioIndication[0]: radioServingCellInfoInd
07-29 20:37:08.931  5183  6322 D SubsysRadioIndication[0]: radioServingCellInfoInd
07-29 20:37:08.931  5183  5183 D NetworkService[0]: handleMessage what:1003
07-29 20:37:08.933  5183  5183 D NetworkService[0]: handleMessage what:1003
07-29 20:37:08.933  4980  5888 D RadioEvent: onCellInfoChanged slotId=0
07-29 20:37:08.933  4980  5888 D RadioEvent: onCellInfoChanged slotId=0
07-29 20:37:08.934  3366  3906 D QmiClient: qmiServiceEventCallback recv msg id 276
07-29 20:37:08.934  3370  3911 D QmiClient: qmiServiceEventCallback recv msg id 276
07-29 20:37:08.934  3370  3911 D QmiNasClient: enter : onQmiServiceEventCallback msgId 276
07-29 20:37:08.934  3366  3906 D QmiNasClient: enter : onQmiServiceEventCallback msgId 276
07-29 20:37:08.934  3370  3911 D QmiNasClientEvent: qmiNasClientAccessBarringStatusEvent - RADIO_EVENT_NAS_ACCESS_BARRING_STATUS_IND
07-29 20:37:08.934  3366  3906 D QmiNasClientEvent: qmiNasClientAccessBarringStatusEvent - RADIO_EVENT_NAS_ACCESS_BARRING_STATUS_IND
07-29 20:37:08.934  3366  3389 D NasProxy: handleMessage msg is 2104
07-29 20:37:08.934  3370  3420 D NasProxy: handleMessage msg is 2104
07-29 20:37:08.935  3366  3906 D QmiClient: qmiServiceEventCallback recv msg id 78
07-29 20:37:08.935  3366  3906 D QmiNasClient: enter : onQmiServiceEventCallback msgId 78
07-29 20:37:08.935  3366  3906 D QmiNasClientEvent: qmiNasClientNotifySysInfoEvent lte_ims_voice_avail_valid 0
07-29 20:37:08.935  5183  6322 D SubsysRadioIndication[1]: radioNasAccessBarringStatusInd, NasAccessBarringStatusType: radioIf:12, dataBarringStatus:0, dataBarringTime:0, voiceBarringStatus:0, voiceBarringTime:0, videoBarringStatus:0, videoBarringTime:0
07-29 20:37:08.935  3366  3389 D NasProxy: handleMessage msg is 2101
07-29 20:37:08.935  3366  3389 D NasProxy: handleNasSysInfoEvent for instance 0
07-29 20:37:08.935  5183  6322 D SubsysRadioIndication[1]: notify enter
07-29 20:37:08.935  5183  5228 D SubsysRadioIndication[0]: radioNasAccessBarringStatusInd, NasAccessBarringStatusType: radioIf:12, dataBarringStatus:0, dataBarringTime:0, voiceBarringStatus:0, voiceBarringTime:0, videoBarringStatus:0, videoBarringTime:0
07-29 20:37:08.935  5183  5228 D SubsysRadioIndication[0]: notify enter
07-29 20:37:08.935  5183  5228 D SubsysRadioIndication[0]: radioNr5gFreqTypeIndication, nr5gFreqType = 0
07-29 20:37:08.935  5183  5183 D QtiCellularNetwork: handleNr5gFreqTypeChanged 0, nr5gFreqType = 0
07-29 20:37:08.936  5050  5129 I QImsService: ImsRadioIndicationAidl : onServiceDomainChanged()[SUB0]
07-29 20:37:08.936  5050  5129 I QImsService: ImsSenderRxr : [UNSL]< UNSOL_SERVICE_DOMAIN_CHANGED 0[SUB0]
07-29 20:37:08.938  5050  5050 I QImsService: ImsRegistrationController : Message received: what = 5
07-29 20:37:08.938  5050  5050 I QImsService: ImsRegistrationController : handleSrvDomainChanged
07-29 20:37:08.940  5126  6229 D IWlanJni: getDataRegistrationState start
07-29 20:37:08.940  5126  6238 D IWlanJni: new aidl event arrived
07-29 20:37:08.940  5126  6238 D IWlanJni: handleEvent 10
07-29 20:37:08.940  5126  6238 D IWlanJni: isThreadAttached start
07-29 20:37:08.940  5126  6238 D IWlanJni: jni detached
07-29 20:37:08.940  4964  5014 D QtiOemHookAidl: oemHookRawIndication length=21
07-29 20:37:08.940  5126  6238 D IWlanJni: jni attached
07-29 20:37:08.940  5126  6238 D IWlanJni: getDataRegistrationStateResponse start
07-29 20:37:08.940  5126  6238 D IWlanJni: getJavaCallbackClass start
07-29 20:37:08.940  5126  6238 D IWlanJni: getJavaCallbackClass End midIs[1]
07-29 20:37:08.941  5126  6238 I IWlanAidlClient: getDataRegistrationStateResponse called
07-29 20:37:08.941  5126  6237 W IWlanNetworkService: 14 > Response Processed
07-29 20:37:08.941  4964  4964 D QcrilMsgTunnelIfaceManager: handleMessage what = 0
07-29 20:37:08.941  4898  4898 D QC_RIL_OEM_HOOK: Received Broadcast Intent ACTION_UNSOL_RESPONSE_OEM_HOOK_RAW
07-29 20:37:08.942  4898  4898 D QC_RIL_OEM_HOOK: Received Broadcast Intent ACTION_UNSOL_RESPONSE_OEM_HOOK_RAW
07-29 20:37:08.942  4898  4898 D QC_RIL_OEM_HOOK: Received Broadcast Intent ACTION_UNSOL_RESPONSE_OEM_HOOK_RAW
07-29 20:37:08.943  4898  4898 D OplusTelephonyController: onSignalStrengthChanged: SignalStrength=SignalStrength:{mCdma=CellSignalStrengthCdma: cdmaDbm=2147483647 cdmaEcio=2147483647 evdoDbm=2147483647 evdoEcio=2147483647 evdoSnr=2147483647 level=0,mGsm=CellSignalStrengthGsm: rssi=2147483647 ber=2147483647 mTa=2147483647 mLevel=0,mWcdma=CellSignalStrengthWcdma: ss=2147483647 ber=2147483647 rscp=2147483647 ecno=2147483647 level=0,mTdscdma=CellSignalStrengthTdscdma: rssi=2147483647 ber=2147483647 rscp=2147483647 level=0,mLte=CellSignalStrengthLte: rssi=2147483647 rsrp=2147483647 rsrq=2147483647 rssnr=2147483647 cqiTableIndex=2147483647 cqi=2147483647 ta=2147483647 level=0 parametersUseForLevel=0,mNr=CellSignalStrengthNr:{ csiRsrp = 2147483647 csiRsrq = 2147483647 csiCqiTableIndex = 2147483647 csiCqiReport = [] ssRsrp = 2147483647 ssRsrq = 2147483647 ssSinr = 2147483647 level = 0 parametersUseForLevel = 0 timingAdvance = 2147483647 },primary=CellSignalStrengthLte}
07-29 20:37:08.943  5183  5183 D SubsysEventListenerManager-SubsysTelephonyCallback[0]: onSignalStrengthsChanged
07-29 20:37:08.944  4964  4964 D QC_RIL_OEM_HOOK: Received Broadcast Intent ACTION_UNSOL_RESPONSE_OEM_HOOK_RAW
07-29 20:37:08.945  5126  6229 D IWlanJni: getDataRegistrationState start
07-29 20:37:08.945  5126  6238 D IWlanJni: new aidl event arrived
07-29 20:37:08.945  5126  6238 D IWlanJni: handleEvent 10
07-29 20:37:08.945  5126  6238 D IWlanJni: isThreadAttached start
07-29 20:37:08.945  5126  6238 D IWlanJni: jni detached
07-29 20:37:08.946  5126  6238 D IWlanJni: jni attached
07-29 20:37:08.946  5126  6238 D IWlanJni: getDataRegistrationStateResponse start
07-29 20:37:08.946  5126  6238 D IWlanJni: getJavaCallbackClass start
07-29 20:37:08.946  5126  6238 D IWlanJni: getJavaCallbackClass End midIs[1]
07-29 20:37:08.946  5126  6238 I IWlanAidlClient: getDataRegistrationStateResponse called
07-29 20:37:08.946  5126  6237 W IWlanNetworkService: 15 > Response Processed
07-29 20:37:08.946  3496  7457 W BestClock: java.time.DateTimeException: Missing network time fix
07-29 20:37:08.948  3496  7457 W BestClock: java.time.DateTimeException: Missing network time fix
07-29 20:37:08.948  4898  4898 W Settings: Setting airplane_mode_on has moved from android.provider.Settings.System to android.provider.Settings.Global, returning read-only value.
07-29 20:37:08.948  4980  5929 D NAS-CallIssueDetector: onPollCsPsRegStateChanged slotid = 0
07-29 20:37:08.948  4980  5929 D NAS-CallIssueDetector: notifyRealOosChanged
07-29 20:37:08.948  4980  5929 D OplusCiwlanController: [vodata] getSubId subid =  1
07-29 20:37:08.949  4980  5930 W BluetoothAdapterExtImpl: getBluetoothConnectionCount：mOplusBluetooth null!
07-29 20:37:08.949  4824  5883 V OplusCustomizeCacheManager: queryCache name: sys.cache.common_customize_cache18014 param: null
07-29 20:37:08.949  4824  5883 V OplusCustomizeCacheManager: queryCache name: sys.cache.common_customize_cache18017 param: Bundle[{SETTING=BLOCK, BUSINESS=NCT-DATA}]
07-29 20:37:08.949  4824  5883 V OplusCustomizeCacheManager: queryCache name: sys.cache.common_customize_cache18013 param: null
07-29 20:37:08.949  4980  5930 D TelephonyImpl: isRequestingMms
07-29 20:37:08.950  3496  3496 D OplusWifiBroadCastDispatcher: mBroadcastReceiver: onReceiver  action=oplus.intent.action.MCC_CHANGE
07-29 20:37:08.950  4980  5930 D TelephonyImpl: getReleaseMmsNetworkTime
07-29 20:37:08.950  4980  5929 D OplusCiwlanController: [vodata] processOosChanged  phoneid = 0,cur regstate = 1,old regstate = -1
07-29 20:37:08.950  4669  4812 D CNGmsControlService: receive:oplus.intent.action.MCC_CHANGE
07-29 20:37:08.950  4980  5929 D OplusCiwlanController: [vodata] getSubId subid =  -1
07-29 20:37:08.950  4980  5929 D OplusCiwlanController: [vodata] processOosChanged  phoneid = 1,cur regstate = 1,old regstate = -1
07-29 20:37:08.950  4980  5930 D OplusDdsSwitchStrategy: Md,OplusCheckFeature,RETURN_TO_CUR_ACTION_DDS
07-29 20:37:08.951  6887  6887 I 6887PAS.MccChangeReceiver_Travel: onReceive
07-29 20:37:08.952  4669  4812 D CNGmsControlService: mcc1=001 mcc2=null GmsState=2 TagWhitelistApp=true UserDisableCount=0 SettingsGmsState=1
07-29 20:37:08.953  2007  2032 D BatteryChargeControl: bcc get no support from charging protocol
07-29 20:37:08.953  6887  8613 D NetWorkMonitor: addNetStateListener :true
07-29 20:37:08.953  3496  7457 D ConnectivityService: requestNetwork for uid/pid:10137/6887 activeRequest: null callbackRequest: 282 [NetworkRequest [ REQUEST id=283, [ Capabilities: INTERNET&NOT_RESTRICTED&TRUSTED&NOT_VCN_MANAGED&NOT_BANDWIDTH_CONSTRAINED Uid: 10137 RequestorUid: 10137 RequestorPkg: com.coloros.sceneservice UnderlyingNetworks: Null] ]] callback flags: 0 order: 2147483647 isUidTracked: false
07-29 20:37:08.954  6887  8613 D NetWorkMonitor: resume registerNetworkCallback
07-29 20:37:08.954  4824  5095 I SystemUi--QuickSettings: Tile.OplusCellularTile-->updateCarrierText: dialog not showing, ignore
07-29 20:37:08.954  4824  5095 D SimStateHelper: slot:0, lock state:Bundle[mParcelledData.dataSize=56]
07-29 20:37:08.954  4824  5095 D SimStateHelper: slot:1, lock state:Bundle[mParcelledData.dataSize=56]
07-29 20:37:08.954  4824  5095 D SimStateHelper: needDisableMenu: slot1State=-1; slot2State=-1
07-29 20:37:08.954  4824  5095 D SimStateHelper: needDisableMenu:false
07-29 20:37:08.954  3496  4462 D WifiNetworkFactory: got request NetworkRequest [ REQUEST id=283, [ Capabilities: INTERNET&NOT_RESTRICTED&TRUSTED&NOT_VCN_MANAGED&NOT_BANDWIDTH_CONSTRAINED Uid: 10137 RequestorUid: 10137 RequestorPkg: com.coloros.sceneservice UnderlyingNetworks: Null] ]
07-29 20:37:08.954  4898  6307 D OplusNetworkFactory: got request NetworkRequest [ REQUEST id=283, [ Capabilities: INTERNET&NOT_RESTRICTED&TRUSTED&NOT_VCN_MANAGED&NOT_BANDWIDTH_CONSTRAINED Uid: 10137 RequestorUid: 10137 RequestorPkg: com.coloros.sceneservice UnderlyingNetworks: Null] ]
07-29 20:37:08.954  3496  4462 D UntrustedWifiNetworkFactory: got request NetworkRequest [ REQUEST id=283, [ Capabilities: INTERNET&NOT_RESTRICTED&TRUSTED&NOT_VCN_MANAGED&NOT_BANDWIDTH_CONSTRAINED Uid: 10137 RequestorUid: 10137 RequestorPkg: com.coloros.sceneservice UnderlyingNetworks: Null] ]
07-29 20:37:08.954  3496  4462 D OemPaidWifiNetworkFactory: got request NetworkRequest [ REQUEST id=283, [ Capabilities: INTERNET&NOT_RESTRICTED&TRUSTED&NOT_VCN_MANAGED&NOT_BANDWIDTH_CONSTRAINED Uid: 10137 RequestorUid: 10137 RequestorPkg: com.coloros.sceneservice UnderlyingNetworks: Null] ]
07-29 20:37:08.955  3496  4462 D MultiInternetWifiNetworkFactory: got request NetworkRequest [ REQUEST id=283, [ Capabilities: INTERNET&NOT_RESTRICTED&TRUSTED&NOT_VCN_MANAGED&NOT_BANDWIDTH_CONSTRAINED Uid: 10137 RequestorUid: 10137 RequestorPkg: com.coloros.sceneservice UnderlyingNetworks: Null] ]
07-29 20:37:08.955  3496  4470 D ConnectivityService: NetReassign [no changes] [c 0] [a 0] [i 1]
07-29 20:37:08.955  4980  5016 W Binder  : Caught a RuntimeException from the binder stub implementation.
07-29 20:37:08.955  4980  5016 W Binder  : java.lang.NullPointerException: Attempt to invoke virtual method 'boolean android.net.Uri.equals(java.lang.Object)' on a null object reference
07-29 20:37:08.955  4980  5016 W Binder  : 	at xb.a$b.onChange(Unknown Source:16)
07-29 20:37:08.955  4980  5016 W Binder  : 	at android.database.ContentObserver.onChange(ContentObserver.java:184)
07-29 20:37:08.955  4980  5016 W Binder  : 	at android.database.ContentObserver.onChange(ContentObserver.java:202)
07-29 20:37:08.955  4980  5016 W Binder  : 	at android.database.ContentObserver.onChange(ContentObserver.java:224)
07-29 20:37:08.955  4980  5016 W Binder  : 	at android.database.ContentObserver.onChange(ContentObserver.java:236)
07-29 20:37:08.955  4980  5016 W Binder  : 	at android.database.ContentObserver.dispatchChange(ContentObserver.java:335)
07-29 20:37:08.955  4980  5016 W Binder  : 	at android.database.ContentObserver$Transport.onChangeEtc(ContentObserver.java:357)
07-29 20:37:08.955  4980  5016 W Binder  : 	at android.database.IContentObserver$Stub.onTransact(IContentObserver.java:120)
07-29 20:37:08.955  4980  5016 W Binder  : 	at android.os.Binder.execTransactInternal(Binder.java:1523)
07-29 20:37:08.955  4980  5016 W Binder  : 	at android.os.Binder.execTransact(Binder.java:1457)
07-29 20:37:08.956  1827  9928 I sensors-hal: handle_sns_client_event:87, step_count_event: ts=59804746973 count 0
07-29 20:37:08.956  3496  4371 D SensorServiceUtils: sensorEventLog step_counter = 0
07-29 20:37:08.956  3496  4371 D SensorServiceUtils: sensorEventLog step_counter = 0
07-29 20:37:08.956  3496  4371 D SensorServiceUtils: sensorEventLog step_counter = 0
07-29 20:37:08.956  3496  4371 D SensorServiceUtils: sensorEventLog step_counter = 0
07-29 20:37:08.956  3496  4371 D SensorServiceUtils: sensorEventLog step_counter = 0
07-29 20:37:08.956  3496  4371 D SensorServiceUtils: sensorEventLog step_counter = 0
07-29 20:37:08.956  3496  4371 D SensorServiceUtils: sensorEventLog step_counter = 0
07-29 20:37:08.956  3496  4371 D SensorServiceUtils: sensorEventLog step_counter = 0
