07-28 04:36:56.512  2036  2036 D SensorFeature: write 29 bytes:59165904769,59174238102,162,0
07-28 04:36:56.528  1948  4498 I Dpps    : LtmSwState::SetParameter():144 ignore cmd 7 in state LtmOffState
07-28 04:36:56.764  5259  5624 D OplusScrollToTopManager: com.android.launcher/com.android.launcher.Launcher,This com.android.internal.policy.DecorView{1b3895e V.E...... R....... 0,0-1080,2376 aid=0 alpha=1.0 viewInfo = }[Launcher] change focus to false
07-28 04:36:56.769  4898  5098 D OplusScrollToTopManager: NotificationShade,This com.android.systemui.shade.NotificationShadeWindowView{4abdf35 V.E...... ........ 0,0-1080,2376 #7f0a06b7 app:id/legacy_window_root alpha=1.0 viewInfo = } change focus to true
07-28 04:36:56.770  4898  5098 D OplusScrollToTopManager: NotificationShade, registerGuidePopupDismissReceiverInSystemUI
07-28 04:36:56.771  4898  5098 D OplusScrollToTopManager: NotificationShade, after registerGuidePopupDismissReceiverInSystemUI
07-28 04:36:56.786  2036  2036 D SensorFeature: name=ssc_screenshot_info ,index = 22
07-28 04:36:56.786  2036  2036 D SensorFeature: write 29 bytes:59439948779,59448282112,163,0
07-28 04:36:56.791  3532  4416 D FusionLightNextGen: process end reported = 1, mode: 0, lux 0.0, cct -1.0, r/g/b/c: 120.8/91.3/41.3/266.1, R/G/B: 147.0/94.0/90.0, bri 78.0, match 0.63, ir 0.000000, conf 0.0, ts 59422982911
07-28 04:36:56.792  1948  4498 I Dpps    : LtmSwState::SetParameter():144 ignore cmd 7 in state LtmOffState
07-28 04:36:56.993  3532  5294 I InputDispatcher: injectInputEvent: targetUid=<not set>, syncMode=WAIT_FOR_FINISHED, timeout=30000ms, policyFlags=0x8000000, event=MotionEvent { action=DOWN, id[0]=0, x[0]=877, y[0]=1330, eventTime=59655000000, downTime=59655000000, deviceId=4, source=TOUCHSCREEN, displayId=0, eventId=0xcfdc6db8}
07-28 04:36:56.993  3532  4855 I [UAH_CLIENT]: UahEventAcquire, cmdid:37, pkg:none, identity:OplusUAwareInputHelper
07-28 04:36:56.993  4898  4898 V AutofillManager: requestHideFillUi(null): anchor = null
07-28 04:36:56.993  4898  4898 V Application: getAutofillClient(): null on super, trying to find activity thread
07-28 04:36:56.993  4898  4898 V Application: getAutofillClient(): none of the 0 activities on com.android.systemui.SystemUIApplication@a8ffbf1 are top resumed nor have focus
07-28 04:36:56.993  4898  4898 V AutofillManager: No AutofillClient for com.android.systemui on context com.android.systemui.SystemUIApplication@a8ffbf1
07-28 04:36:56.994  3532  4855 D UAH-UahAdaptHelper: adaptSetNotification identity = OplusUAwareInputHelpersrc = 1000 , type 0 ,p1 = -1 ,p2 = -1 ,p3 = -1 ,p4 =
07-28 04:36:56.994  3532  4855 I [UAH_CLIENT]: uahRuleCtl, ruleId:1000, status:0
07-28 04:36:56.995  4898  4898 I SystemUi--Common: ScrollTranslationValue-->resetPanelTranslationY
07-28 04:36:56.995  4898  4898 I SystemUi--QuickSettings: OplusPanelViewPagerController-->initExpanded downExpanded=QS downOnRight=true targetPage=QS downOnYHotArea=false  isKeyguardShowing=false isOnKeyguard=false fractionListeners.size=0 currentQsFraction=1.0 currentNotifyFraction=0.0 hasCalledDownEvent=true getScrollXHotZone=([Rect(0, 0 - 1080, 2376)], [Rect(-1, -1 - -1, -1), Rect(144, 2143 - 270, 2269), Rect(810, 2143 - 936, 2269)]) getScrollYHotZone=Rect(0, 0 - 1080, 222) notifyExpandedFraction=0.0 isLastUpToExpand=true qsPanelView.translationX=0.0
07-28 04:36:56.995  3532  4678 D OMP_Detector: D:done mCurrStatus: 0
07-28 04:36:56.995  3532  3825 D PowerManagerService: userActivityNoUpdateLocked: groupId=0, eventTime=59655, event=touch, flags=0x0, uid=1000
07-28 04:36:56.995  4898  4898 I SystemUi--QuickSettings: OplusQSRootViewController-->startExpandMotion event: 0, startTracking: false isClosing: false panelClosedOnDown: false
07-28 04:36:56.995  4898  4898 I SystemUi--QuickSettings: OplusQSRootViewController-->initialOffsetOnTouch: 2376.0, panelClosedOnDown: false
07-28 04:36:56.996  3532  5294 I InputDispatcher: injectInputEvent: targetUid=<not set>, syncMode=WAIT_FOR_FINISHED, timeout=30000ms, policyFlags=0x8000000, event=MotionEvent { action=UP, id[0]=0, x[0]=877, y[0]=1330, eventTime=59655000000, downTime=59655000000, deviceId=4, source=TOUCHSCREEN, displayId=0, eventId=0xf6cb67e0}
07-28 04:36:56.997  3532  4855 D UAH-UahAdaptHelper: adaptSetNotification identity = OplusUAwareInputHelpersrc = 1000 , type 1 ,p1 = -1 ,p2 = -1 ,p3 = -1 ,p4 =
07-28 04:36:56.997  3532  4855 I [UAH_CLIENT]: uahRuleCtl, ruleId:1000, status:1
07-28 04:36:56.997  4898  4898 I SystemUi--Statusbar: OplusStatusBarWindowViewTouchExImpl-->onTouchEvent handled:false
07-28 04:36:56.997  4898  4898 I SystemUi--QuickSettings: OplusPanelViewPagerController-->reset
07-28 04:36:56.997  4898  4898 I SystemUi--QuickSettings: OplusQSRootViewController-->resetTouch
07-28 04:36:56.997  4898  4898 D OplusViewDragTouchViewHelper: dispatchTouchView action = 1
07-28 04:36:56.998  4898  4898 D ViewRootImplExtImpl: the up motion event handled by client, just return
07-28 04:36:56.998  4898  4898 I SystemUi--QuickSettings: Tile.OplusAirplaneModeTile-->clicked ------ state is :2 canTips :true
07-28 04:36:56.998  4898  5393 V OplusCustomizeCacheManager: queryCache name: sys.cache.common_customize_cache18026 param: null
07-28 04:36:56.998  4898  5393 V OplusCustomizeCacheManager: queryCache name: sys.cache.common_customize_cache18026 param: null
07-28 04:36:57.000  3532  4657 D OplusWifiPower_ConnLpmEventObsever: AIRPLANE_MODE_ON:false
07-28 04:36:57.001  5096  5096 W Settings: Setting airplane_mode_on has moved from android.provider.Settings.System to android.provider.Settings.Global, returning read-only value.
07-28 04:36:57.001  5246  5246 D SubsysBroadcastManager: onReceive action:android.intent.action.AIRPLANE_MODE
07-28 04:36:57.002  4974  4974 W Settings: Setting airplane_mode_on has moved from android.provider.Settings.System to android.provider.Settings.Global, returning read-only value.
07-28 04:36:57.002  4974  4974 W Settings: Setting airplane_mode_on has moved from android.provider.Settings.System to android.provider.Settings.Global, returning read-only value.
07-28 04:36:57.002  4974  4974 W Settings: Setting airplane_mode_on has moved from android.provider.Settings.System to android.provider.Settings.Global, returning read-only value.
07-28 04:36:57.002  4974  4974 W Settings: Setting airplane_mode_on has moved from android.provider.Settings.System to android.provider.Settings.Global, returning read-only value.
07-28 04:36:57.002  4974  4974 W Settings: Setting airplane_mode_on has moved from android.provider.Settings.System to android.provider.Settings.Global, returning read-only value.
07-28 04:36:57.002  3532  3532 D OplusWifiBroadCastDispatcher: mBroadcastReceiver: onReceiver  action=android.intent.action.AIRPLANE_MODE
07-28 04:36:57.003  4974  4974 D PhoneGlobals: ACTION_AIRPLANE_MODE_CHANGED received
07-28 04:36:57.003  4974  4974 D PhoneGlobals: Receive ACTION_AIRPLANE_MODE_CHANGED, state: false
07-28 04:36:57.003  4974  4974 I PhoneGlobals: handleAirplaneModeChange: isAirplaneNewlyOn=false
07-28 04:36:57.003  4974  4974 D PhoneGlobals: handleAirplaneModeChange: isAirplaneNewlyOn = false, cellState = 2
07-28 04:36:57.003  4974  4974 I PhoneGlobals: Turning radio on - airplane
07-28 04:36:57.004  5052  6013 D ElevatorEvent: enableElevatorDetect mIsElevSensorReg = false
07-28 04:36:57.004  3532  4543 D WifiController: Airplane mode disabled, determine next state
07-28 04:36:57.004  2041  2087 E PerformanceService: [damon_reclaim] Failed to open wmarks_xxx, Linux version 6.6.30
07-28 04:36:57.005  7130  7159 I SettingImpl: isAirplaneModeToggleChecked switchValue: -1, airplane mode isChecked is false
07-28 04:36:57.005  3532  4543 D WifiActiveModeWarden: Starting primary ClientModeManager in scan only mode
07-28 04:36:57.005  5155  5155 I QImsService: OplusWifiApmStateMgr : ACTION_AIRPLANE_MODE_CHANGED,mIsAirplaneModeOn: false
07-28 04:36:57.005  5155  5155 I QImsService: OplusImsServiceSubImpl : onTurnOffImsAfterWifiChanged : false
07-28 04:36:57.005  5155  5155 I QImsService: OplusImsServiceSubImpl : onTurnOffImsAfterWifiChanged : false
07-28 04:36:57.005  4898  5163 I SystemUi--QuickSettings: Tile.OplusCellularTile-->updateCarrierText: dialog not showing, ignore
07-28 04:36:57.006  3532  4543 D WifiController: DisabledState.exit()
07-28 04:36:57.006  3532  4543 D WifiController: EnabledState.enter()
07-28 04:36:57.006  3532  4543 D WifiClientModeManager[59668:unknown]: entering IdleState
07-28 04:36:57.006  5246  5246 D NetworkService[0]: onAirPlaneModeChange isAirPlaneModeOn:false
07-28 04:36:57.006  3532  4338 E PerformanceManager: setDamonReclaimWmarks succeed.
07-28 04:36:57.006  5246  5246 D NetworkService[1]: onAirPlaneModeChange isAirPlaneModeOn:false
07-28 04:36:57.006  5246  5246 D QuickChangeAirplaneModeEvent: airplane mode off
07-28 04:36:57.006  5246  5246 W Settings: Setting airplane_mode_on has moved from android.provider.Settings.System to android.provider.Settings.Global, returning read-only value.
07-28 04:36:57.006  4898  5921 I SystemUi--QuickSettings: Tile.OplusAirplaneModeTile-->handleUpdateState state.state: 2 value: 1
07-28 04:36:57.006  4898  5921 V OplusCustomizeCacheManager: queryCache name: sys.cache.common_customize_cache18026 param: null
07-28 04:36:57.006  5104  8610 I txpwradmin:SettingsObserver: onChange for uri = content://settings/global/airplane_mode_on
07-28 04:36:57.006  3532  4494 D BluetoothSystemServer: BluetoothRadioModeListener: Not sensitive to airplane_mode_radios change. Forced to false
07-28 04:36:57.006  4898  4898 I SystemUi--Statusbar: OplusStatusBarSignalPolicy-->imsIcon: OplusIMSModel(shouldShowVolte=false, shouldShowVowifi=false, simInserted=true, noSim=false, shouldShowVodata=false, shouldShowVo5G=false, vowifiState=false), OplusIMSModel(shouldShowVolte=false, shouldShowVowifi=false, simInserted=false, noSim=true, shouldShowVodata=false, shouldShowVo5G=false, vowifiState=false), noSubs:false, airplaneMode:falsevisible: false ,wifiConnect:false , vowifiIcon:0 , voDataStatus:false, is5GNewCall:false
07-28 04:36:57.006  4898  4898 I SystemUi--Statusbar: OplusStatusBarSignalPolicy-->noSimIcon simState: SimStateModel(simInserted=[true, false], simForbidden=[false, true], simStateIMSI=[true, false], simLoaded=[true, false]), noSubs:false isAirplaneMode:false
07-28 04:36:57.006  5052  6425 I PCDR-common_no_service[0]: forbidden
07-28 04:36:57.006  4898  4898 I SystemUi--Statusbar: OplusMobileIconViewModel-->isVisible subId:1 isAirplaneMode:false isAllowedDuringAirplaneMode:false isForceHidden:false isSatelliteForbid:false
07-28 04:36:57.006  4898  4898 I SystemUi--Statusbar: OplusStatusBarMobileViewBinder-->isVisible:true
07-28 04:36:57.007  4898  4898 I SystemUi--Statusbar: OplusStatusBarMobileViewBinder-->isVisible:true
07-28 04:36:57.007  5052  6425 I PCDR-common_no_45g[0]: forbidden
07-28 04:36:57.007  4898  4898 I SystemUi--Statusbar: OplusStatusBarMobileViewBinder-->isVisible:true
07-28 04:36:57.007  5052  5858 D NAS-CallIssueDetector: notifyApmChanged
07-28 04:36:57.007  4898  4898 I SystemUi--Statusbar: OplusStatusBarMobileViewBinder-->isVisible:true
07-28 04:36:57.007  4898  4898 I SystemUi--Statusbar: OplusStatusBarMobileViewBinder-->isVisible:true
07-28 04:36:57.007  5052  6013 V SystemSensorManagerExtImpl: RegisterListener elevator_detect  Wakeup type:33171036 delay:200000us by com.oplus.nas.comm.event.ElevatorEvent$a@31f9e3 from com.oplus.nas
07-28 04:36:57.007  5104  8610 D txpwrJni: sendRadioStatus start
07-28 04:36:57.007  4898  5163 D SimStateHelper: slot:0, lock state:Bundle[mParcelledData.dataSize=56]
07-28 04:36:57.007  3532  5876 D SensorService: createSensorEventConnection packageName = com.oplus.nas.comm.event.ElevatorEvent, opPackageName = com.oplus.nas, mCurrentOperatingMode = 0, requestedMode = 0
07-28 04:36:57.007  3532  4658 D OplusWifiSwitchStateMonitor: mWifiSettingsValue:0
07-28 04:36:57.007  5052  5858 D NAS-CallIssueDetector: EVENT_SIM_STATE_CHANGE mSimState[0] LOADED
07-28 04:36:57.007  3532  4658 D OplusWifiSwitchStateMonitor: notify scan state: true
07-28 04:36:57.007  5052  5858 D SceneEvent: registerSensorMgr start
07-28 04:36:57.007  5052  5857 D OplusLinkBoostMeeting: onAirplaneModeChange
07-28 04:36:57.007  5052  5854 D ResidenceLocSm: onPreHandleMessage 49
07-28 04:36:57.007  5052  6425 I PCDR-common_no_service[1]: forbidden
07-28 04:36:57.007  5052  6425 I PCDR-common_no_45g[1]: forbidden
07-28 04:36:57.007  5052  5854 D ResidenceLocSm: onPostHandleMessage 49
07-28 04:36:57.008  4898  5163 D SimStateHelper: slot:1, lock state:Bundle[mParcelledData.dataSize=56]
07-28 04:36:57.008  4898  5163 D SimStateHelper: needDisableMenu: slot1State=-1; slot2State=-1
07-28 04:36:57.008  4898  5163 D SimStateHelper: needDisableMenu:false
07-28 04:36:57.008  4898  5921 I SystemUi--QuickSettings: Tile.OplusAirplaneModeTile-->handleUpdateState state.state: 2 value: 0
07-28 04:36:57.008  3532  4543 I WifiHalAidlImpl: Obtained the IWifi binder. Local Version: 2
07-28 04:36:57.009  3532  5863 W SensorService: SensorEventConnection sensor handle=1362, package = com.oplus.nas.comm.event.ElevatorEvent enable
07-28 04:36:57.009  3532  5863 E SensorService: Required app com.oplus.nas.comm.event.ElevatorEvent, uid 1000, pid 5052
07-28 04:36:57.009  3532  5863 D SensorService: Calling batch handle==1362 flags=0rate=200000000 timeout== 0
07-28 04:36:57.009  3532  5863 D SensorService: SensorDevice::batch: ident=0xb400006f575aa9c0, handle=0x00000552, flags=0, period_ns=200000000 timeout=0
07-28 04:36:57.009  3532  5863 D SensorService: 	>>> actuating h/w BATCH 0x00000552 200000000 0
07-28 04:36:57.009  5096  5096 I HidlServiceManagement: Trying to get transport of vendor.oplus.hardware.appradio@1.0::IOplusAppRadio/oplus_app_slot1 without hwservicemanager
07-28 04:36:57.009  5096  5096 E NhsAppRIL/0: in getOplusRadioProxy getService: Exception: java.util.NoSuchElementException
07-28 04:36:57.009  1866  1866 I sensors-hal: batch:153, qti.sensor.elevator_detect/1362, period=200000000, max_latency=0
07-28 04:36:57.010  3532  4543 I WifiHalAidlImpl: Remote Version: 2
07-28 04:36:57.010  1866  1866 I sensors-hal: batch:175, qti.sensor.elevator_detect/1362, period=200000000, max_latency=0 request completed
07-28 04:36:57.010  3532  5863 D SensorService: Calling activate on 1362
07-28 04:36:57.010  3532  5863 D SensorService: SensorDevice::activate: ident=0xb400006f575aa9c0, handle=0x00000552, enabled=1, count=1
07-28 04:36:57.010  3532  5863 D SensorService: enable index=0
07-28 04:36:57.010  3532  5863 D SensorService: info.numActiveClients() = 1, info.isActive = 0
07-28 04:36:57.010  3532  5863 D SensorService: activateHardware = 1
07-28 04:36:57.010  3532  5863 D SensorService: 	>>> actuating h/w activate handle=1362 enabled=1
07-28 04:36:57.010  1866  1866 I sensors-hal: activate:112, qti.sensor.elevator_detect/1362 en=1
07-28 04:36:57.010  1866  1866 I sensors-hal: acquire_qsh_interface:131, acquire_qsh_interface with sensor_id 28 , conn_type 2 
07-28 04:36:57.010  4898  5921 V OplusCustomizeCacheManager: queryCache name: sys.cache.common_customize_cache18026 param: null
07-28 04:36:57.010  5246  5246 D RadioMessenger: handleMessage Request msgid 2215
07-28 04:36:57.010  3532  4494 D BluetoothSystemServer: AirplaneModeListener: Ignore mode change to same state. previousMode=false, isOn=false, isOnOverrode=false, isMediaConnected=false
07-28 04:36:57.011  5246  5246 D RadioProxyJ: [PHONE0][99]> getNecData moduleId:1 evtId:[0, 16, 0, 0, 0, 0, 0, 0, 0, 0, 0, 0, 0, 0, 0, 0, 0, 0, 0, 0, 0, 0, 0, 0, 0, 0, 0, 0, 0, 0, 0, 0]
07-28 04:36:57.011  5096  5096 D NhsElevatorReceiver: enableElevatorDetect mIsElevSensorReg = false
07-28 04:36:57.011  5096  5096 V SystemSensorManagerExtImpl: RegisterListener elevator_detect  Wakeup type:33171036 delay:200000us by t0.g$b@ce610f3 from com.oplus.nhs
07-28 04:36:57.011  3532  4870 D SensorService: createSensorEventConnection packageName = t0.g, opPackageName = com.oplus.nhs, mCurrentOperatingMode = 0, requestedMode = 0
07-28 04:36:57.011  4898  5921 V OplusCustomizeCacheManager: queryCache name: sys.cache.common_customize_cache11009 param: null
07-28 04:36:57.012  1879  1944 E android.hardware.wifi-service: Failed to open directory: Permission denied
07-28 04:36:57.012  1879  1944 E android.hardware.wifi-service: Error occurred while deleting old tombstone files
07-28 04:36:57.012  1879  1944 E android.hardware.wifi-service: Error writing files to flash
07-28 04:36:57.012  1841  1900 E minksocket: MinkIPC ERROR: ( 1841:1900 ) MinkIPC_preProcess:272 Client down, but cannot find corresponding minksession
07-28 04:36:57.012  1841  1903 E minksocket: MinkIPC ERROR: ( 1841:1903 ) MinkIPC_preProcess:272 Client down, but cannot find corresponding minksession
07-28 04:36:57.012  3376  3394 D QmiVsClient: getNecData - enter
07-28 04:36:57.013  1841  1903 E minksocket: MinkIPC ERROR: ( 1841:1903 ) MinkIPC_preProcess:272 Client down, but cannot find corresponding minksession
07-28 04:36:57.013  1841  1903 E minksocket: MinkIPC ERROR: ( 1841:1903 ) MinkIPC_preProcess:272 Client down, but cannot find corresponding minksession
07-28 04:36:57.013  1841  1900 E minksocket: MinkIPC ERROR: ( 1841:1900 ) MinkIPC_preProcess:272 Client down, but cannot find corresponding minksession
07-28 04:36:57.013  1841  1900 E minksocket: MinkIPC ERROR: ( 1841:1900 ) MinkIPC_preProcess:272 Client down, but cannot find corresponding minksession
07-28 04:36:57.013  3376  3394 E QmiVsClient: sendAsyncRequest QMI_VS_GET_NEC_DATA_REQ_MSG_V01 ret 0
07-28 04:36:57.014  4898  4898 D RowAnimatorExtImpl: init:tx,view:StatusBarIconView(slot='volume' alpha=1.0 icon=StatusBarIcon(icon=Icon(typ=RESOURCE pkg=com.android.systemui id=0x7f0818f0) visible user=0 ) visibleState=ICON iconColor=#ccffffff staticDrawableColor=#ccffffff decorColor=#ffffffff animationStartColor=#0 currentSetColor=#ccffffff notification=null),translationX:  9.0  0.0  
07-28 04:36:57.014  3532  4485 D OplusWifiSwitchStatsReport: WiFiSwitch UEVENT: {PCI_SUBSYS_ID=17CB:110E, WLAN_SWITCH_EVENT=driver, WIFI_TURNING=TURN_OFF, INSMODSTATUS=success, DRIVER=cnss_pci, PCI_CLASS=28000, MODALIAS=pci:v000017CBd0000110Esv000017CBsd0000110Ebc02sc80i00, RMMODSTATUS=unknow, OF_NAME=cnss_pci0, SUBSYSTEM=msm_subsys, PCI_ID=17CB:110E, SEQNUM=13903, ACTION=change, INIPRASE=success, OF_FULLNAME=/soc/pcie@1c00000/pcie0_rp/cnss_pci0, PCI_SLOT_NAME=0000:01:00.0, DEVPATH=/devices/platform/soc/1c00000.pcie/pci0000:00/0000:00:00.0/0000:01:00.0, OF_COMPATIBLE_N=0}
07-28 04:36:57.013  1866  1866 I sensors-hal: qsh_qmi:34, qsh_qmi
07-28 04:36:57.014  4898  4898 D RowAnimatorExtImpl: init:tx,view:StatusBarIconView(slot='zen' alpha=1.0 icon=StatusBarIcon(icon=Icon(typ=RESOURCE pkg=com.android.systemui id=0x7f0818e1) visible user=0 ) visibleState=ICON iconColor=#ccffffff staticDrawableColor=#ccffffff decorColor=#ffffffff animationStartColor=#0 currentSetColor=#ccffffff notification=null),translationX:  57.0  48.0  
07-28 04:36:57.014  1841  1900 E minksocket: MinkIPC ERROR: ( 1841:1900 ) MinkIPC_preProcess:272 Client down, but cannot find corresponding minksession
07-28 04:36:57.014  1841  1903 E minksocket: MinkIPC ERROR: ( 1841:1903 ) MinkIPC_preProcess:272 Client down, but cannot find corresponding minksession
07-28 04:36:57.014  4898  4898 D RowAnimatorExtImpl: init:tx,view:StatusBarIconView(slot='volume' alpha=1.0 icon=StatusBarIcon(icon=Icon(typ=RESOURCE pkg=com.android.systemui id=0x7f0818f0) visible user=0 ) visibleState=ICON iconColor=#ccffffff staticDrawableColor=#ccffffff decorColor=#ffffffff animationStartColor=#0 currentSetColor=#ccffffff notification=null),translationX:  9.0  0.0  
07-28 04:36:57.014  4898  4898 D RowAnimatorExtImpl: init:tx,view:StatusBarIconView(slot='zen' alpha=1.0 icon=StatusBarIcon(icon=Icon(typ=RESOURCE pkg=com.android.systemui id=0x7f0818e1) visible user=0 ) visibleState=ICON iconColor=#ccffffff staticDrawableColor=#ccffffff decorColor=#ffffffff animationStartColor=#0 currentSetColor=#ccffffff notification=null),translationX:  57.0  48.0  
07-28 04:36:57.014  1879  1944 I android.hardware.wifi-service: Wifi HAL stopped
07-28 04:36:57.014  1866  1866 I sensors-hal: send_sync_sensor_request:443, send sync request
07-28 04:36:57.014  4898  4898 D RowAnimatorExtImpl: init:tx,view:StatusBarIconView(slot='volume' alpha=1.0 icon=StatusBarIcon(icon=Icon(typ=RESOURCE pkg=com.android.systemui id=0x7f0818f0) visible user=0 ) visibleState=ICON iconColor=#ccffffff staticDrawableColor=#ccffffff decorColor=#ffffffff animationStartColor=#0 currentSetColor=#ccffffff notification=null),translationX:  9.0  0.0  
07-28 04:36:57.015  4898  4898 D RowAnimatorExtImpl: init:tx,view:StatusBarIconView(slot='zen' alpha=1.0 icon=StatusBarIcon(icon=Icon(typ=RESOURCE pkg=com.android.systemui id=0x7f0818e1) visible user=0 ) visibleState=ICON iconColor=#ccffffff staticDrawableColor=#ccffffff decorColor=#ffffffff animationStartColor=#0 currentSetColor=#ccffffff notification=null),translationX:  57.0  48.0  
07-28 04:36:57.015  1866  1866 I sensors-hal: send_sync_sensor_request:472, wait for notification of response
07-28 04:36:57.015  1879  1944 W android.hardware.wifi-service: AIBinder_linkToDeath is being called with a non-null cookie and no onUnlink callback set. This might not be intended. AIBinder_DeathRecipient_setOnUnlinked should be called first.
07-28 04:36:57.015  3532  4543 I WifiHalAidlImpl: Initialization is complete
07-28 04:36:57.015  1879  1944 W libc    : Access denied finding property "persist.vendor.debug.wifi.hal.preset_interface_combination_idx"
07-28 04:36:57.016  1879  1944 I android.hardware.wifi-service: Wifi HAL started
07-28 04:36:57.016  3532  4485 D OplusWifiSwitchStatsReport: WiFiSwitch UEVENT: {PCI_SUBSYS_ID=17CB:110E, WLAN_SWITCH_EVENT=driver, WIFI_TURNING=TURN_ON, INSMODSTATUS=success, DRIVER=cnss_pci, PCI_CLASS=28000, MODALIAS=pci:v000017CBd0000110Esv000017CBsd0000110Ebc02sc80i00, RMMODSTATUS=unknow, OF_NAME=cnss_pci0, SUBSYSTEM=msm_subsys, PCI_ID=17CB:110E, SEQNUM=13904, ACTION=change, INIPRASE=success, OF_FULLNAME=/soc/pcie@1c00000/pcie0_rp/cnss_pci0, PCI_SLOT_NAME=0000:01:00.0, DEVPATH=/devices/platform/soc/1c00000.pcie/pci0000:00/0000:00:00.0/0000:01:00.0, OF_COMPATIBLE_N=0}
07-28 04:36:57.016  3532  4543 E WifiChipAidlImpl: getMode failed with service-specific exception: android.os.ServiceSpecificException:  (code 5)
07-28 04:36:57.016  1879  1944 W android.hardware.wifi-service: No active wlan interfaces in use! Using default
07-28 04:36:57.016  1879  1944 E android.hardware.wifi-service: Unknown iface name: wlan0
07-28 04:36:57.016  1879  1944 E android.hardware.wifi-service: Unknown iface name: wlan0
07-28 04:36:57.017  3532  4543 I WifiVendorHal: Vendor Hal started successfully
07-28 04:36:57.017  3532  4543 E WifiChipAidlImpl: getMode failed with service-specific exception: android.os.ServiceSpecificException:  (code 5)
07-28 04:36:57.017  1879  1879 W android.hardware.wifi-service: No active wlan interfaces in use! Using default
07-28 04:36:57.017  1879  1879 E android.hardware.wifi-service: Unknown iface name: wlan0
07-28 04:36:57.017  1879  1879 E android.hardware.wifi-service: Unknown iface name: wlan0
07-28 04:36:57.018  3532  4543 D OplusWifiConcurrentManager: isConcurrentCombinationAllowed : createMode= 0, requestType =-1
07-28 04:36:57.018  3532  4543 I HalDevMgr: currentModeId=0, requestModeId=3, currentModeIdValid=false
07-28 04:36:57.018  3376  3949 D QmiVsClient: getNecData callback - enter
07-28 04:36:57.018  3532  4485 D OplusWifiSwitchStatsReport: WiFiSwitch UEVENT: {PCI_SUBSYS_ID=17CB:110E, WLAN_SWITCH_EVENT=driver, WIFI_TURNING=TURN_ON, INSMODSTATUS=success, DRIVER=cnss_pci, PCI_CLASS=28000, MODALIAS=pci:v000017CBd0000110Esv000017CBsd0000110Ebc02sc80i00, RMMODSTATUS=unknow, OF_NAME=cnss_pci0, SUBSYSTEM=msm_subsys, PCI_ID=17CB:110E, SEQNUM=13905, ACTION=change, INIPRASE=success, OF_FULLNAME=/soc/pcie@1c00000/pcie0_rp/cnss_pci0, PCI_SLOT_NAME=0000:01:00.0, DEVPATH=/devices/platform/soc/1c00000.pcie/pci0000:00/0000:00:00.0/0000:01:00.0, OF_COMPATIBLE_N=0}
07-28 04:36:57.018  3376  3394 D VsProxy : handleMessage msg is 4001
07-28 04:36:57.019  3376  3394 D RadioProxy: getNecData : response cb for instance 0
07-28 04:36:57.019  1866 13106 I sensors-hal: qsh_conn_resp_cb:793, resp_value = 0 for elevator_detect 
07-28 04:36:57.020  1866  1866 I sensors-hal: send_sync_sensor_request:478, takes 5 ms to receive the response with 0
07-28 04:36:57.020  1866  1866 I sensors-hal: activate:131, qti.sensor.elevator_detect/1362 en=1 completed
07-28 04:36:57.020  3532  5863 D SensorService: 0xb400006f575aa9c0 addFd fd=1026
07-28 04:36:57.020  5052  6013 D ElevatorEvent: elevator:registerForElevatorDetect  , true mIsElevSensorReg = true
07-28 04:36:57.020  5052  6013 D SceneEvent: registerSensorMgr start
07-28 04:36:57.020  5052  6013 D SceneEvent: registerSensorMgr already start,return
07-28 04:36:57.020  5246  5424 D RadioProxyJ: [PHONE0][99]< getNecDataResponse ******
07-28 04:36:57.020  5246  5246 D MessengerResponseHandler: handleMessage Response msgid 206
07-28 04:36:57.021  3532  4870 W SensorService: SensorEventConnection sensor handle=1362, package = t0.g enable
07-28 04:36:57.021  3532  4870 E SensorService: Required app t0.g, uid 1001, pid 5096
07-28 04:36:57.021  3532  4870 D SensorService: Calling batch handle==1362 flags=0rate=200000000 timeout== 0
07-28 04:36:57.021  3532  4870 D SensorService: SensorDevice::batch: ident=0xb400006e0083e980, handle=0x00000552, flags=0, period_ns=200000000 timeout=0
07-28 04:36:57.021  3532  4870 D SensorService: Calling activate on 1362
07-28 04:36:57.021  3532  4870 D SensorService: SensorDevice::activate: ident=0xb400006e0083e980, handle=0x00000552, enabled=1, count=2
07-28 04:36:57.021  3532  4870 D SensorService: enable index=0
07-28 04:36:57.021  3532  4870 D SensorService: info.numActiveClients() = 2, info.isActive = 1
07-28 04:36:57.021  3532  4870 D SensorService: activateHardware = 0
07-28 04:36:57.021  3532  4870 D SensorService: 0xb400006e0083e980 addFd fd=809
07-28 04:36:57.021  5096  5096 D NhsElevatorReceiver: elevator:registerForElevatorDetect  , true mIsElevSensorReg = true
07-28 04:36:57.022  5096  5096 D NhsSceneReceiver: registerSensorMgr start
07-28 04:36:57.022  5096  5096 V SystemSensorManagerExtImpl: RegisterListener oplus_activity_recognition  Wakeup type:33171037 delay:200000us by t0.k$a@61171b0 from com.oplus.nhs
07-28 04:36:57.022  3532  4870 D SensorService: createSensorEventConnection packageName = t0.k, opPackageName = com.oplus.nhs, mCurrentOperatingMode = 0, requestedMode = 0
07-28 04:36:57.022  3532  4870 W SensorService: SensorEventConnection sensor handle=1372, package = t0.k enable
07-28 04:36:57.022  3532  4870 E SensorService: Required app t0.k, uid 1001, pid 5096
07-28 04:36:57.022  3532  4870 D SensorService: enable sensor send lastEvent 1372
07-28 04:36:57.022  3532  4870 D SensorService: Calling batch handle==1372 flags=0rate=200000000 timeout== 0
07-28 04:36:57.022  3532  4870 D SensorService: SensorDevice::batch: ident=0xb400006e0083f400, handle=0x0000055c, flags=0, period_ns=200000000 timeout=0
07-28 04:36:57.022  3532  4870 D SensorService: Calling activate on 1372
07-28 04:36:57.022  3532  4870 D SensorService: SensorDevice::activate: ident=0xb400006e0083f400, handle=0x0000055c, enabled=1, count=4
07-28 04:36:57.022  3532  4870 D SensorService: enable index=0
07-28 04:36:57.022  3532  4870 D SensorService: info.numActiveClients() = 4, info.isActive = 1
07-28 04:36:57.022  3532  4870 D SensorService: activateHardware = 0
07-28 04:36:57.022  3532  4870 D SensorService: 0xb400006e0083f400 addFd fd=1000
07-28 04:36:57.022  5096  5096 D NhsSceneReceiver: sensor name is oplus_activity_recognition  Wakeup, registerState:true
07-28 04:36:57.022  5096  5096 D NhsSceneReceiver: onAccuracyChanged
07-28 04:36:57.023  5096  5491 D NhsSceneReceiver: onSensorChanged: name = oplus_activity_recognition  Wakeup
07-28 04:36:57.023  5096  5096 E NhsAppRILMsger: EVENT_REQ_EVENT_DONE Error received :com.android.internal.telephony.CommandException: RADIO_NOT_AVAILABLE
07-28 04:36:57.023  5096  5491 D NhsSceneReceiver: enter still_state
07-28 04:36:57.024  3532  4870 W BestClock: java.time.DateTimeException: Missing network time fix
07-28 04:36:57.024  1741  1794 E TetherController: property_get sys.radio.data.modem_share_flag return 0, 1!
07-28 04:36:57.025  1866  6402 I sensors-hal: qsh_conn_event_cb:756, event[0] msg_id=1025, ts=1228182461, sensor_type = oplus_activity_recognition  Wakeup
07-28 04:36:57.025  1866  6402 E sensors-hal: handle_sns_std_sensor_event:72, oplus_activity_recognition output: count: 1.000000, index: 1.000000, incar_state: 0.000000, actvity_mode: 3.000000, delta_time: 0.000000 !
07-28 04:36:57.025  3532  4870 W BestClock: java.time.DateTimeException: Missing network time fix
07-28 04:36:57.026  5096  5491 D NhsSceneReceiver: onSensorChanged: name = oplus_activity_recognition  Wakeup
07-28 04:36:57.026  6528  6569 E oiface  : sched_setaffinity failed
07-28 04:36:57.026  5052  5555 D SceneEvent: onSensorChanged: name = oplus_activity_recognition  Wakeup
07-28 04:36:57.027  3532  4870 W BestClock: java.time.DateTimeException: Missing network time fix
07-28 04:36:57.027  5052  5857 W BestClock: java.time.DateTimeException: Missing network time fix
07-28 04:36:57.028  5052  5857 V MonthTrafficAlert: getWarningNotification subId:1 numWarningNotificaion:0
07-28 04:36:57.028  1879  1879 I WifiHAL : Initializing wifi
07-28 04:36:57.028  1741  1784 E TetherController:  addInterface wlan0->27 succ
07-28 04:36:57.029  1879  1879 I CLD80211: android.hardware.wifi-service: initialized exit socket pair
07-28 04:36:57.029  1879  1879 I CLD80211: android.hardware.wifi-service: nlctrl family id: 16 group: host_logs mcast_id: 20
07-28 04:36:57.029  1879  1879 I CLD80211: android.hardware.wifi-service: nlctrl family id: 16 group: fw_logs mcast_id: 21
07-28 04:36:57.029  1879  1879 I CLD80211: android.hardware.wifi-service: nlctrl family id: 16 group: per_pkt_stats mcast_id: 22
07-28 04:36:57.029  1879  1879 I CLD80211: android.hardware.wifi-service: nlctrl family id: 16 group: diag_events mcast_id: 23
07-28 04:36:57.029  1879  1879 I CLD80211: android.hardware.wifi-service: nlctrl family id: 16 group: fatal_events mcast_id: 24
07-28 04:36:57.029  1879  1879 I CLD80211: android.hardware.wifi-service: nlctrl family id: 16 group: oem_msgs mcast_id: 25
07-28 04:36:57.030  1879  1879 E WifiHAL : wifi_get_capabilities: GSCAN is not supported by driver
07-28 04:36:57.030  1879  1879 E WifiHAL : Failed to get wifi Capabilities, error: -3
07-28 04:36:57.030  1879  1879 D WifiHAL : wlan_service_read_sys_param: /proc/sys/net/ipv4/tcp_limit_output_bytes 506072
07-28 04:36:57.030  1879  1879 D WifiHAL : wlan_service_read_sys_param: /proc/sys/net/ipv4/tcp_adv_win_scale 2
07-28 04:36:57.031  2048  2048 D vendor.oplus.hardware.charger-V7-service: getChargerControl:
07-28 04:36:57.032  1879  1879 D WifiHAL : Ignore unsupported iface type: 6
07-28 04:36:57.032  1879  1879 D WifiHAL : Ignore unsupported iface type: 6
07-28 04:36:57.032  1879  1879 D WifiHAL : Ignore Zero iface limit combination
07-28 04:36:57.032  3532  4658 D StaIfaceManager:  onInterfaceLinkStateChanged:wlan0, up:true
07-28 04:36:57.032  3532  4658 D StaIfaceManager:  mWlan0State:UP, mWlan1State:REMOVED
07-28 04:36:57.032  3532  4658 D StaIfaceManager: safe time gap think true
07-28 04:36:57.032  1879  1879 I android.hardware.wifi-service: Adding interface handle for wlan0
07-28 04:36:57.032  1879  1879 I android.hardware.wifi-service: Adding interface handle for p2p0
07-28 04:36:57.032  1879  1879 I android.hardware.wifi-service: Adding interface handle for wifi-aware0
07-28 04:36:57.032  3532  4658 D OplusWifiSwitchStateMonitor: mWifiSettingsValue:0
07-28 04:36:57.032  1879  1879 W android.hardware.wifi-service: No active wlan interfaces in use! Using default
07-28 04:36:57.032  3532  4658 D StaIfaceManager:  mWlan0State:UP, mWlan1State:REMOVED
07-28 04:36:57.032  3532  4658 D StaIfaceManager: safe time gap think true
07-28 04:36:57.032  1879  1879 W android.hardware.wifi-service: No active wlan interfaces in use! Using default
07-28 04:36:57.032  3532  4658 D OplusWifiSwitchStateMonitor: notify driver ready event: true
07-28 04:36:57.032  3532  4658 D OplusWifiStateTrackMachine: notifyDriverReadyEvent:true
07-28 04:36:57.032  3532  4658 D OplusWifiStateTrackMachine: WifiReadyState: MSG_DRIVER_READY
07-28 04:36:57.032  1879  1879 I WifiHAL : Get supported concurrency capabilities
07-28 04:36:57.032  1879  1879 E android.hardware.wifi-service: Failed to get SupportedIfaceCombinations matrix from legacy HAL: NOT_SUPPORTED
07-28 04:36:57.032  1879  1879 I android.hardware.wifi-service: Configured chip in mode 3
07-28 04:36:57.032  1879  1879 W android.hardware.wifi-service: No active wlan interfaces in use! Using default
07-28 04:36:57.033  1879  1944 W android.hardware.wifi-service: No active wlan interfaces in use! Using default
07-28 04:36:57.034  3532  4543 I HalDevMgr: Chip info loaded successfully from the HAL
07-28 04:36:57.034  1879  1944 D WifiHAL : wifi_set_interface_mode: ifname=wlan0 iface_type=0
07-28 04:36:57.034  1879  1944 I android.hardware.wifi-service: Adding interface handle for wlan0
07-28 04:36:57.034  1879  1944 I android.hardware.wifi-service: Adding interface handle for p2p0
07-28 04:36:57.034  1879  1944 I android.hardware.wifi-service: Adding interface handle for wifi-aware0
07-28 04:36:57.034  1856  3746 E LOCRIL_SESSION: operator():200] SubId: 1 Failed to get sim IO with error: 11
07-28 04:36:57.035  5202  6218 D IWlanJni: getDataRegistrationState start
07-28 04:36:57.035  1856  3746 E LOCRIL_SESSION: operator():241] SubId: 1 Failed to get sim IMSI with error: 11
07-28 04:36:57.035  5202  6218 D IWlanJni: getDataRegistrationState start
07-28 04:36:57.035  4974  4974 D OplusTelephonyController: onSignalStrengthChanged: SignalStrength=SignalStrength:{mCdma=CellSignalStrengthCdma: cdmaDbm=2147483647 cdmaEcio=2147483647 evdoDbm=2147483647 evdoEcio=2147483647 evdoSnr=2147483647 level=0,mGsm=CellSignalStrengthGsm: rssi=2147483647 ber=2147483647 mTa=2147483647 mLevel=0,mWcdma=CellSignalStrengthWcdma: ss=2147483647 ber=2147483647 rscp=2147483647 ecno=2147483647 level=0,mTdscdma=CellSignalStrengthTdscdma: rssi=2147483647 ber=2147483647 rscp=2147483647 level=0,mLte=CellSignalStrengthLte: rssi=2147483647 rsrp=2147483647 rsrq=2147483647 rssnr=2147483647 cqiTableIndex=2147483647 cqi=2147483647 ta=2147483647 level=0 parametersUseForLevel=0,mNr=CellSignalStrengthNr:{ csiRsrp = 2147483647 csiRsrq = 2147483647 csiCqiTableIndex = 2147483647 csiCqiReport = [] ssRsrp = 2147483647 ssRsrq = 2147483647 ssSinr = 2147483647 level = 0 parametersUseForLevel = 0 timingAdvance = 2147483647 },primary=CellSignalStrengthLte}
07-28 04:36:57.035  5246  5246 D SubsysEventListenerManager-SubsysTelephonyCallback[0]: onSignalStrengthsChanged
07-28 04:36:57.036  5202  6227 D IWlanJni: new aidl event arrived
07-28 04:36:57.036  5202  6227 D IWlanJni: handleEvent 10
07-28 04:36:57.036  5202  6227 D IWlanJni: isThreadAttached start
07-28 04:36:57.036  5202  6227 D IWlanJni: jni detached
07-28 04:36:57.037  5202  6227 D IWlanJni: jni attached
07-28 04:36:57.037  5202  6227 D IWlanJni: getDataRegistrationStateResponse start
07-28 04:36:57.037  5202  6227 D IWlanJni: getJavaCallbackClass start
07-28 04:36:57.037  5202  6227 D IWlanJni: getJavaCallbackClass End midIs[1]
07-28 04:36:57.037  5202  6227 I IWlanAidlClient: getDataRegistrationStateResponse called
07-28 04:36:57.038  3532  4543 D HalDevMgr: updateRttController: no one is interested in RTT controllers
07-28 04:36:57.039  1856  3746 E LOCRIL_SESSION: operator():200] SubId: 1 Failed to get sim IO with error: 11
07-28 04:36:57.039  3532  4543 E HalDevMgr: removeP2pAndSapCombination do nothing: mIsAddedP2pAndSapCombination = false
07-28 04:36:57.039  3532  4818 W BestClock: java.time.DateTimeException: Missing network time fix
07-28 04:36:57.039  1879  1944 W android.hardware.wifi-service: AIBinder_linkToDeath is being called with a non-null cookie and no onUnlink callback set. This might not be intended. AIBinder_DeathRecipient_setOnUnlinked should be called first.
07-28 04:36:57.039  1879  1944 I android.hardware.wifi-service: twtRegisterEvents is not supported-3
07-28 04:36:57.039  1856  3746 E LOCRIL_SESSION: operator():241] SubId: 1 Failed to get sim IMSI with error: 11
07-28 04:36:57.039  1879  1944 W android.hardware.wifi-service: AIBinder_linkToDeath is being called with a non-null cookie and no onUnlink callback set. This might not be intended. AIBinder_DeathRecipient_setOnUnlinked should be called first.
07-28 04:36:57.039  1879  1944 D WifiHAL : wifi_get_chip_capabilities: max mlo assoc link cnt: 2 str link cnt 2
07-28 04:36:57.040  5202  6231 D IWlanJni: new aidl event arrived
07-28 04:36:57.040  5202  6231 D IWlanJni: handleEvent 10
07-28 04:36:57.040  5202  6231 D IWlanJni: isThreadAttached start
07-28 04:36:57.040  5202  6231 D IWlanJni: jni detached
07-28 04:36:57.040  5202  6231 D IWlanJni: jni attached
07-28 04:36:57.040  5202  6231 D IWlanJni: getDataRegistrationStateResponse start
07-28 04:36:57.040  5202  6231 D IWlanJni: getJavaCallbackClass start
07-28 04:36:57.040  5202  6231 D IWlanJni: getJavaCallbackClass End midIs[1]
07-28 04:36:57.040  5202  6231 I IWlanAidlClient: getDataRegistrationStateResponse called
07-28 04:36:57.040  5202  6230 W IWlanNetworkService: 7 > Response Processed
07-28 04:36:57.040  5202  6226 W IWlanNetworkService: 6 > Response Processed
07-28 04:36:57.040  5202  6218 D IWlanJni: getDataRegistrationState start
07-28 04:36:57.041  3532  4543 D WifiNl80211Manager: Setting up interface for client mode: wlan0
07-28 04:36:57.041  5246  5424 D VendorTelephonyService: onTelephonyEventReport slotId =0 eventId=6030
07-28 04:36:57.041  5246  5424 D VendorTelephonyService: onTelephonyEventReport slotId =0 eventId=6030
07-28 04:36:57.041  5246  5246 D VendorCallService: notityEventUpdate, eventId:6030, slotId = 0
07-28 04:36:57.041  5052  7604 D SaDataService: onTelephonyEventReport , subId= 0,slotId=-1 eventId=6030
07-28 04:36:57.041  5052  7604 D TelephonyImpl: notify eventId:6030 for list size:2
07-28 04:36:57.041  4898  5921 V OplusCustomizeCacheManager: queryCache name: sys.cache.common_customize_cache18014 param: null
07-28 04:36:57.041  4898  5921 V OplusCustomizeCacheManager: queryCache name: sys.cache.common_customize_cache18017 param: Bundle[{SETTING=BLOCK, BUSINESS=NCT-DATA}]
07-28 04:36:57.041  4898  5921 V OplusCustomizeCacheManager: queryCache name: sys.cache.common_customize_cache18013 param: null
07-28 04:36:57.042  5202  6227 D IWlanJni: new aidl event arrived
07-28 04:36:57.042  5202  6227 D IWlanJni: handleEvent 10
07-28 04:36:57.042  5202  6227 D IWlanJni: isThreadAttached start
07-28 04:36:57.042  2770  2770 I wificond: Current driver country code US
07-28 04:36:57.042  2770  2770 I wificond: createClientInterface: wiphy_index 0 iface_name wlan0
07-28 04:36:57.042  2770  2770 I wificond: create scanner for interface with index: 27
07-28 04:36:57.042  3532  5265 D WifiNl80211Manager: OnRegDomainChanged US
07-28 04:36:57.042  2770  2770 I wificond: subscribe scan result for interface with index: 27
07-28 04:36:57.042  5202  6227 D IWlanJni: jni detached
07-28 04:36:57.042  5202  6227 D IWlanJni: jni attached
07-28 04:36:57.042  5202  6218 D IWlanJni: getDataRegistrationState start
07-28 04:36:57.042  5202  6227 D IWlanJni: getDataRegistrationStateResponse start
07-28 04:36:57.042  5202  6227 D IWlanJni: getJavaCallbackClass start
07-28 04:36:57.042  5202  6227 D IWlanJni: getJavaCallbackClass End midIs[1]
07-28 04:36:57.042  5202  6227 I IWlanAidlClient: getDataRegistrationStateResponse called
07-28 04:36:57.042  5202  6226 W IWlanNetworkService: 8 > Response Processed
07-28 04:36:57.043  3532  5265 D WifiNative: onCountryCodeChanged: US
07-28 04:36:57.043  3532  5265 I WifiCountryCode: Receive onDriverCountryCodeChanged US
07-28 04:36:57.043  5052  7604 D SaDataService: onTelephonyEventReport , subId= 0,slotId=-1 eventId=6030
07-28 04:36:57.043  5052  7604 D TelephonyImpl: notify eventId:6030 for list size:2
07-28 04:36:57.043  2770  2770 I wificond: add channel type 0 support at wiphy index: 0
07-28 04:36:57.043  2770  2770 I wificond: add channel type 1 support at wiphy index: 0
07-28 04:36:57.043  3532  5265 D WifiScanRequestProxy: Sending scan available broadcast: true
07-28 04:36:57.044  5202  6231 D IWlanJni: new aidl event arrived
07-28 04:36:57.044  5202  6231 D IWlanJni: handleEvent 10
07-28 04:36:57.044  5202  6231 D IWlanJni: isThreadAttached start
07-28 04:36:57.044  5202  6231 D IWlanJni: jni detached
07-28 04:36:57.044  5246  5424 D VendorTelephonyService: onTelephonyEventReport slotId =0 eventId=6030
07-28 04:36:57.044  3532  4548 I WifiScanningService: Received a request to enable scanning, UID = 1000
07-28 04:36:57.044  5246  5424 D VendorTelephonyService: onTelephonyEventReport slotId =0 eventId=6030
07-28 04:36:57.044  5246  5246 D VendorCallService: notityEventUpdate, eventId:6030, slotId = 0
07-28 04:36:57.044  5202  6231 D IWlanJni: jni attached
07-28 04:36:57.044  5202  6231 D IWlanJni: getDataRegistrationStateResponse start
07-28 04:36:57.044  5202  6231 D IWlanJni: getJavaCallbackClass start
07-28 04:36:57.044  5202  6231 D IWlanJni: getJavaCallbackClass End midIs[1]
07-28 04:36:57.044  3532  5265 I WifiScanRequestProxy: Scanning is enabled
07-28 04:36:57.044  3532  5265 I WifiScanRequestProxy: Scanning for hidden networks is disabled
07-28 04:36:57.044  5202  6231 I IWlanAidlClient: getDataRegistrationStateResponse called
07-28 04:36:57.044  5202  6230 W IWlanNetworkService: 9 > Response Processed
07-28 04:36:57.045  1856  3743 W LOCRIL_SESSION: operator():307] cellInfo list size is 0, Voice state: 3, data state: 3
07-28 04:36:57.045  3532  3532 D OplusWifiBroadCastDispatcher: mBroadcastReceiver: onReceiver  action=android.net.wifi.action.WIFI_SCAN_AVAILABILITY_CHANGED
07-28 04:36:57.045  3532  4659 D OplusWifiPower_ConnLpmEventObsever: onReceive EXTRA_SCAN_AVAILABLE availabe = true
07-28 04:36:57.045  3532  4659 D OplusWifiPowerService: onReceive action:android.net.wifi.action.WIFI_SCAN_AVAILABILITY_CHANGED
07-28 04:36:57.045  3532  4659 D OplusWifiSwitchStateMonitor: scan settings change to true
07-28 04:36:57.045  7024  7024 I OsAgent : onReceive: android.net.wifi.action.WIFI_SCAN_AVAILABILITY_CHANGED
07-28 04:36:57.045  7024  8146 I OsAgent : updateWiFiScanAvailState, scanAvailable: true
07-28 04:36:57.045  7024  8146 D OsAgentAidlClient: [bool_dataitem_update][1570] [HC] =>> [HS]
07-28 04:36:57.045  5041  8693 D QtiOemHookAidl: oemHookRawIndication length=24
07-28 04:36:57.046  1856  1901 I LocSvc_SystemStatusOsObserver: sendCachedDataItems:471] DataItem: IS_WIFI_HARDWARE_ON: true >> Wiper
07-28 04:36:57.046  5041  8693 D QtiOemHookAidl: oemHookRawIndication length=24
07-28 04:36:57.046  5041  5041 D QcrilMsgTunnelIfaceManager: handleMessage what = 0
07-28 04:36:57.046  1856  1935 I LocSvc_api_v02: ---> locClientSendReq line 2409 QMI_LOC_NOTIFY_WIFI_ENABLED_STATUS_REQ_V02
07-28 04:36:57.047  5041  5041 D QcrilMsgTunnelIfaceManager: handleMessage what = 0
07-28 04:36:57.047  1856  4011 I LocSvc_ApiV02: <--- globalRespCb line 282 QMI_LOC_NOTIFY_WIFI_ENABLED_STATUS_REQ_V02
07-28 04:36:57.047  3532  4543 I WifiNative: Interface state changed on Iface:{Name=wlan0,Id=1,Type=STA_SCAN}, isUp=true
07-28 04:36:57.047  1879  1944 I WifiHAL : mpdu_size_threshold : 128, aggressive_statistics_gathering : 0
07-28 04:36:57.047  3532  4543 I WifiNative: Successfully setup Iface:{Name=wlan0,Id=1,Type=STA_SCAN}
07-28 04:36:57.048  3532  4543 E SupplicantStaIfaceHalAidlImpl: Can't call getKeyMgmtCapabilities, ISupplicantStaIface is null for iface=wlan0
07-28 04:36:57.048  2041  2087 E PerformanceService: storage_feature: open /sys/devices/platform/soc/112b0000.ufshci//virtualtlcbuff fail
07-28 04:36:57.048  3532  5876 W BestClock: java.time.DateTimeException: Missing network time fix
07-28 04:36:57.049  5041  5041 D DeviceStatisticsService: onReceive: action= org.codeaurora.intent.action.RADIO_POWER_STATE
07-28 04:36:57.049  5041  5041 I DeviceStatisticsService: Receiving radio_power_state_changed, mIsDeviceInfoInitialized = true
07-28 04:36:57.049  5041  5041 I DeviceStatisticsService: radio power state changed to 1 for slot: 1
07-28 04:36:57.049  5041  5041 D QC_RIL_OEM_HOOK: Received Broadcast Intent ACTION_UNSOL_RESPONSE_OEM_HOOK_RAW
07-28 04:36:57.049  2045  2045 E PowerMonitorService: Failed to open /proc/horae_qmi (2): No such file or directory
07-28 04:36:57.049  5155  7545 I QImsService: ImsRadioIndicationAidl : onRadioStateChanged()[SUB1]
07-28 04:36:57.049  5155  7545 I QImsService: ImsSenderRxr : [UNSL]< UNSOL_RADIO_STATE_CHANGED RADIO_ON[SUB1]
07-28 04:36:57.049  5155  5371 I QImsService: ImsRadioIndicationAidl : onRadioStateChanged()[SUB0]
07-28 04:36:57.049  5155  5371 I QImsService: ImsSenderRxr : [UNSL]< UNSOL_RADIO_STATE_CHANGED RADIO_ON[SUB0]
07-28 04:36:57.049  1879  1944 I WifiHAL : wifi_get_supported_radio_combinations_matrix: enter
07-28 04:36:57.050  1879  1944 I WifiHAL : wifi_parse_radio_combinations_matrix: radio_combinations[1]: num_radio_configurations 1
07-28 04:36:57.050  1879  1944 I WifiHAL : wifi_parse_radio_combinations_matrix: radio_combinations[2]: num_radio_configurations 1
07-28 04:36:57.050  1879  1944 I WifiHAL : wifi_parse_radio_combinations_matrix: radio_combinations[3]: num_radio_configurations 1
07-28 04:36:57.050  1879  1944 I WifiHAL : wifi_parse_radio_combinations_matrix: radio_combinations[4]: num_radio_configurations 2
07-28 04:36:57.050  1879  1944 I WifiHAL : wifi_parse_radio_combinations_matrix: radio_combinations[5]: num_radio_configurations 2
07-28 04:36:57.050  1879  1944 I WifiHAL : wifi_parse_radio_combinations_matrix: radio_combinations[6]: num_radio_configurations 2
07-28 04:36:57.050  1879  1944 I WifiHAL : wifi_parse_radio_combinations_matrix: num_radio_combinations 6, radio_matrix_size 100
07-28 04:36:57.050  5202  6218 D IWlanJni: getDataRegistrationState start
07-28 04:36:57.050  3532  4543 E SupplicantStaIfaceHalAidlImpl: Can't call getWpaDriverCapabilities, ISupplicantStaIface is null for iface=wlan0
07-28 04:36:57.050  3532  5863 W BestClock: java.time.DateTimeException: Missing network time fix
07-28 04:36:57.050  3532  5863 W BestClock: java.time.DateTimeException: Missing network time fix
07-28 04:36:57.050  3532  5863 W BestClock: java.time.DateTimeException: Missing network time fix
07-28 04:36:57.051  3532  4543 E WifiStaIfaceAidlImpl: getTwtCapabilities failed with service-specific exception: android.os.ServiceSpecificException:  (code 4)
07-28 04:36:57.051  5202  6231 D IWlanJni: new aidl event arrived
07-28 04:36:57.051  5202  6231 D IWlanJni: handleEvent 10
07-28 04:36:57.051  5202  6231 D IWlanJni: isThreadAttached start
07-28 04:36:57.051  5202  6231 D IWlanJni: jni detached
07-28 04:36:57.051  5202  6231 D IWlanJni: jni attached
07-28 04:36:57.051  5202  6231 D IWlanJni: getDataRegistrationStateResponse start
07-28 04:36:57.051  5202  6231 D IWlanJni: getJavaCallbackClass start
07-28 04:36:57.051  5202  6231 D IWlanJni: getJavaCallbackClass End midIs[1]
07-28 04:36:57.051  5202  6231 I IWlanAidlClient: getDataRegistrationStateResponse called
07-28 04:36:57.051  4898  5921 V OplusCustomizeCacheManager: queryCache name: sys.cache.common_customize_cache18014 param: null
07-28 04:36:57.051  4898  5921 V OplusCustomizeCacheManager: queryCache name: sys.cache.common_customize_cache18017 param: Bundle[{SETTING=BLOCK, BUSINESS=NCT-DATA}]
07-28 04:36:57.051  4898  5921 V OplusCustomizeCacheManager: queryCache name: sys.cache.common_customize_cache18013 param: null
07-28 04:36:57.051  5202  6230 W IWlanNetworkService: 10 > Response Processed
07-28 04:36:57.051  3532  4870 W BestClock: java.time.DateTimeException: Missing network time fix
07-28 04:36:57.052  3532  4543 E WifiChipAidlImpl: enableStaChannelForPeerNetwork failed with service-specific exception: android.os.ServiceSpecificException:  (code 4)
07-28 04:36:57.052  3532  4543 D WifiNative: setWifiNativeInterfaceEventCallback
07-28 04:36:57.052  3532  4543 D WifiClientModeManager[59668:wlan0]: entering StartedState
07-28 04:36:57.052  1879  1944 E WifiHAL : wifi_get_gscan_capabilities: GSCAN is not supported by driver
07-28 04:36:57.052  1856  3746 E LOCRIL_SESSION: operator():200] SubId: 1 Failed to get sim IO with error: 11
07-28 04:36:57.052  3532  4548 E WifiStaIfaceAidlImpl: getBackgroundScanCapabilities failed with service-specific exception: android.os.ServiceSpecificException:  (code 4)
07-28 04:36:57.052  4974  4974 D OplusPowerUpOptimizationImpl: onReceive: org.codeaurora.intent.action.RADIO_POWER_STATE
07-28 04:36:57.053  3532  4543 D WifiClientModeManager[59668:wlan0]: entering ScanOnlyModeState
07-28 04:36:57.053  1856  3746 E LOCRIL_SESSION: operator():241] SubId: 1 Failed to get sim IMSI with error: 11
07-28 04:36:57.053  3532  4543 D WifiScanRequestProxy: Sending scan available broadcast: true
07-28 04:36:57.053  3532  4543 I WifiScanRequestProxy: Scanning is enabled
07-28 04:36:57.053  3532  4543 I WifiScanRequestProxy: Scanning for hidden networks is disabled
07-28 04:36:57.054  1879  1944 D WifiHAL : wifi_multi_sta_set_use_case: 0
07-28 04:36:57.054  3532  4543 D WifiCountryCode: evaluateAllCmmStateAndApplyIfAllReady: {ConcreteClientModeManager{id=59668 iface=wlan0 role=ROLE_CLIENT_SCAN_ONLY}=true}
07-28 04:36:57.054  3532  3532 D OplusWifiBroadCastDispatcher: mBroadcastReceiver: onReceiver  action=android.net.wifi.action.WIFI_SCAN_AVAILABILITY_CHANGED
07-28 04:36:57.054  5052  5094 D SaDataService: onTelephonyEventReport , subId= 0,slotId=-1 eventId=6030
07-28 04:36:57.054  5246  5303 D VendorTelephonyService: onTelephonyEventReport slotId =0 eventId=6030
