device
--------- beginning of main
07-29 14:10:23.687  2082  2159 D BatteryChargeControl: bcc get no support from charging protocol
--------- beginning of system
07-29 14:10:23.762  3461  4434 D ActivityManager: Freezer deadlock watchdog
07-29 14:10:23.817  2064  2064 D SensorFeature: name=ssc_screenshot_info ,index = 22
07-29 14:10:23.817  2064  2064 D SensorFeature: write 29 bytes:47485855449,49651043261,131,0
07-29 14:10:23.833  1997  4490 I Dpps    : LtmSwState::SetParameter():144 ignore cmd 7 in state LtmOffState
07-29 14:10:24.017  3350  3350 E OplusTouchDaemon: ts_run_service: shellback temperature updated 36 (36930)
07-29 14:10:24.120  2064  2064 D SensorFeature: name=ssc_screenshot_info ,index = 22
07-29 14:10:24.120  2064  2064 D SensorFeature: write 29 bytes:47485855449,49953996698,132,0
07-29 14:10:24.123  1941  4499 I sensors-hal: handle_oplus_wise_rgb_event:189, high_pwm_light:lux 269.8,cct 3595.8,brl/algo/ir 1448.0/2.0/17.6,pwm/dc 0.0/0.0,rgbc 21010.421875/13028.740234/5996.659180/38720.781250,ts 49876433171,cnt 680,flag 132
07-29 14:10:24.125  1997  4490 I Dpps    : LtmSwState::SetParameter():144 ignore cmd 7 in state LtmOffState
07-29 14:10:24.133  3461  3843 D VRR [OPlusGameStatusManager]: handleMessage: 7004
07-29 14:10:24.133  3461  3843 D VRR [OPlusGameStatusManager]: handleBrightnessDone
07-29 14:10:24.331 10809 11146 D BootUtil: savedDiffTime: 1753812574165, currentDiffTime: 1753812574164, isReboot: false
07-29 14:10:24.364  1997  4490 I Dpps    : LtmSwState::SetParameter():144 ignore cmd 7 in state LtmOffState
07-29 14:10:24.422  2064  2064 D SensorFeature: name=ssc_screenshot_info ,index = 22
07-29 14:10:24.422  2064  2064 D SensorFeature: write 29 bytes:47485855449,50256147427,133,0
07-29 14:10:24.629  1941  4499 I sensors-hal: handle_oplus_wise_rgb_event:189, high_pwm_light:lux 270.0,cct 3601.3,brl/algo/ir 1448.0/2.0/17.6,pwm/dc 0.0/0.0,rgbc 21053.232422/13033.344727/6008.206055/38715.765625,ts 50209366244,cnt 690,flag 133
07-29 14:10:24.630  1997  4490 I Dpps    : LtmSwState::SetParameter():144 ignore cmd 7 in state LtmOffState
07-29 14:10:24.651  3461  3835 D OplusFeatureHDREnhanceBrightness: checkIsPlayingHDR isPlayingHDR=0 rotation=0 whiteApp=false battery=100
07-29 14:10:24.688  2082  2159 D BatteryChargeControl: bcc get no support from charging protocol
07-29 14:10:24.726  2064  2064 D SensorFeature: name=ssc_screenshot_info ,index = 22
07-29 14:10:24.726  2064  2064 D SensorFeature: write 29 bytes:47485855449,50559291906,134,0
07-29 14:10:24.820  3461  4939 W Binder  : Outgoing transactions from this process must be FLAG_ONEWAY
07-29 14:10:24.820  3461  4939 W Binder  : java.lang.Throwable
07-29 14:10:24.820  3461  4939 W Binder  : 	at android.os.BinderProxy.transact(BinderProxy.java:633)
07-29 14:10:24.820  3461  4939 W Binder  : 	at android.content.ContentProviderProxy.insert(ContentProviderNative.java:587)
07-29 14:10:24.820  3461  4939 W Binder  : 	at android.content.ContentProviderClient.insert(ContentProviderClient.java:347)
07-29 14:10:24.820  3461  4939 W Binder  : 	at android.content.ContentProviderClient.insert(ContentProviderClient.java:336)
07-29 14:10:24.820  3461  4939 W Binder  : 	at com.oplus.util.OplusStatisticsImpl.insert(OplusStatisticsImpl.java:307)
07-29 14:10:24.820  3461  4939 W Binder  : 	at com.oplus.util.OplusStatisticsImpl.sendDataToDCS(OplusStatisticsImpl.java:287)
07-29 14:10:24.820  3461  4939 W Binder  : 	at com.oplus.util.OplusStatisticsImpl.flushInternal(OplusStatisticsImpl.java:264)
07-29 14:10:24.820  3461  4939 W Binder  : 	at com.oplus.util.OplusStatisticsImpl.lambda$setDelayFlushJobIfNeed$4(OplusStatisticsImpl.java:211)
07-29 14:10:24.820  3461  4939 W Binder  : 	at com.oplus.util.OplusStatisticsImpl.$r8$lambda$4UYTp2NCu6Rml69JNqEuK7o54SI(Unknown Source:0)
07-29 14:10:24.820  3461  4939 W Binder  : 	at com.oplus.util.OplusStatisticsImpl$$ExternalSyntheticLambda5.run(D8$$SyntheticClass:0)
07-29 14:10:24.820  3461  4939 W Binder  : 	at java.util.concurrent.Executors$RunnableAdapter.call(Executors.java:487)
07-29 14:10:24.820  3461  4939 W Binder  : 	at java.util.concurrent.FutureTask.run(FutureTask.java:290)
07-29 14:10:24.820  3461  4939 W Binder  : 	at java.util.concurrent.ScheduledThreadPoolExecutor$ScheduledFutureTask.run(ScheduledThreadPoolExecutor.java:307)
07-29 14:10:24.820  3461  4939 W Binder  : 	at java.util.concurrent.ThreadPoolExecutor.runWorker(ThreadPoolExecutor.java:1145)
07-29 14:10:24.820  3461  4939 W Binder  : 	at java.util.concurrent.ThreadPoolExecutor$Worker.run(ThreadPoolExecutor.java:644)
07-29 14:10:24.820  3461  4939 W Binder  : 	at java.lang.Thread.run(Thread.java:1012)
07-29 14:10:24.829  7619  9442 E DeepThinker: GeneralConfigManager:handelGeneralRequest, fail: , java.net.UnknownHostException: Unable to resolve host "odin-distrib-cn.allawntech.com": No address associated with hostname
07-29 14:10:24.829  7619  9442 E DeepThinker: java.net.Inet6AddressImpl.lookupHostByName(Inet6AddressImpl.java:156)
07-29 14:10:24.829  7619  9442 E DeepThinker: java.net.Inet6AddressImpl.lookupAllHostAddr(Inet6AddressImpl.java:103)
07-29 14:10:24.829  7619  9442 E DeepThinker: java.net.InetAddress.getAllByName(InetAddress.java:1152)
07-29 14:10:24.829  7619  9442 E DeepThinker: okhttp3.p$a$a.a(Dns.kt:6)
07-29 14:10:24.829  7619  9442 E DeepThinker: okhttp3.internal.connection.h.e(RouteSelector.kt:157)
07-29 14:10:24.829  7619  9442 E DeepThinker: okhttp3.internal.connection.h.d(RouteSelector.kt:21)
07-29 14:10:24.829  7619  9442 E DeepThinker: okhttp3.internal.connection.h.c(RouteSelector.kt:18)
07-29 14:10:24.829  7619  9442 E DeepThinker: okhttp3.internal.connection.d.b(ExchangeFinder.kt:197)
07-29 14:10:24.829  7619  9442 E DeepThinker: okhttp3.internal.connection.d.c(ExchangeFinder.kt:1)
07-29 14:10:24.829  7619  9442 E DeepThinker: okhttp3.internal.connection.d.a(ExchangeFinder.kt:52)
07-29 14:10:24.829  7619  9442 E DeepThinker: okhttp3.internal.connection.e.v(RealCall.kt:32)
07-29 14:10:24.829  7619  9442 E DeepThinker: okhttp3.internal.connection.a.a(ConnectInterceptor.kt:12)
07-29 14:10:24.829  7619  9442 E DeepThinker: hh.g.b(RealInterceptorChain.kt:163)
07-29 14:10:24.829  7619  9442 E DeepThinker: fh.a.a(CacheInterceptor.kt:150)
07-29 14:10:24.829  7619  9442 E DeepThinker: hh.g.b(RealInterceptorChain.kt:163)
07-29 14:10:24.829  7619  9442 E DeepThinker: hh.a.a(BridgeInterceptor.kt:168)
07-29 14:10:24.829  7619  9442 E DeepThinker: hh.g.b(RealInterceptorChain.kt:163)
07-29 14:10:24.829  7619  9442 E DeepThinker: hh.j.a(RetryAndFollowUpInterceptor.kt:35)
07-29 14:10:24.829  7619  9442 E DeepThinker: hh.g.b(RealInterceptorChain.kt:163)
07-29 14:10:24.829  7619  9442 E DeepThinker: okhttp3.internal.connection.e.u(RealCall.kt:113)
07-29 14:10:24.829  7619  9442 E DeepThinker: okhttp3.internal.connection.e.execute(RealCall.kt:28)
07-29 14:10:24.829  7619  9442 E DeepThinker: db.a.b(GeneralConfigManager.kt:19)
07-29 14:10:24.829  7619  9442 E DeepThinker: db.a.d(GeneralConfigManager.kt:176)
07-29 14:10:24.829  7619  9442 E DeepThinker: db.a.a(GeneralConfigManager.kt:22)
07-29 14:10:24.829  7619  9442 E DeepThinker: com.oplus.deepthinker.pcshare.core.businesslabel.LabelManager.getTotalGeneralConfig(LabelManager.kt:6)
07-29 14:10:24.829  7619  9442 E DeepThinker: com.oplus.deepthinker.ability.ai.userprofile.deviceinstantlabel.DeviceInstantLabelEntry.d(DeviceInstantLabelEntry.kt:13)
07-29 14:10:24.829  7619  9442 E DeepThinker: com.oplus.deepthinker.ability.ai.userprofile.deviceinstantlabel.DeviceInstantLabelEntry.b(DeviceInstantLabelEntry.kt:1)
07-29 14:10:24.829  7619  9442 E DeepThinker: com.oplus.deepthinker.ability.ai.userprofile.deviceinstantlabel.DeviceInstantLabelEntry$b.b(DeviceInstantLabelEntry.kt:85)
07-29 14:10:24.829  7619  9442 E DeepThinker: com.oplus.deepthinker.ability.ai.userprofile.deviceinstantlabel.DeviceInstantLabelEntry$b.a(DeviceInstantLabelEntry.kt:3)
07-29 14:10:24.829  7619  9442 E DeepThinker: com.oplus.deepthinker.internal.api.utils.StaticHandler.onHandleMessage(StaticHandler.kt:15)
07-29 14:10:24.829  7619  9442 E DeepThinker: com.oplus.deepthinker.internal.api.work.NamedHandler.handleMessage(NamedHandler.kt:8)
07-29 14:10:24.829  7619  9442 E DeepThinker: android.os.Handler.dispatchMessage(Handler.java:112)
07-29 14:10:24.829  7619  9442 E DeepThinker: com.oplus.deepthinker.internal.api.work.NamedHandler.dispatchMessage(NamedHandler.kt:8)
07-29 14:10:24.829  7619  9442 E DeepThinker: android.os.Looper.loopOnce(Looper.java:288)
07-29 14:10:24.829  7619  9442 E DeepThinker: android.os.Looper.loop(Looper.java:393)
07-29 14:10:24.829  7619  9442 E DeepThinker: android.os.HandlerThread.run(HandlerThread.java:85)
07-29 14:10:24.830  7619  9442 E DeepThinker: GeneralConfigManager: updateAttributeGeneratorConfigMap, configFile don't exist
07-29 14:10:24.895  1997  4490 I Dpps    : LtmSwState::SetParameter():144 ignore cmd 7 in state LtmOffState
07-29 14:10:24.987  6378 11720 D ContactsProvider: performBackgroundTask: task id: 20
07-29 14:10:24.987  6378 11720 D ContactsProvider: performBackgroundTask: task id: 24
07-29 14:10:24.988  6378 11720 D ContactsProvider: performBackgroundTask: task id: 21
07-29 14:10:24.988  6378 11720 D ContactsProvider: performBackgroundTask GET_QUICKSEARCH_VALUE
07-29 14:10:24.988  6378 11720 D ContactsProvider: performBackgroundTask: task id: 27
07-29 14:10:24.989  6378 11720 I com.customize.statistics.UploadStatisticsJobService: bootPermissionGranted : true
07-29 14:10:24.991  6378 11720 D ContactsProvider: performBackgroundTask: task id: 28
07-29 14:10:24.991  6378 11720 D ContactsProvider: performBackgroundTask: task id: 33
07-29 14:10:24.991  6378 11720 I ContactNumberHashHelper: start updateExistNumberHash
07-29 14:10:24.991  6378 11720 D ContactNumberHashHelper: updateExistNumberHash hasUpdated
07-29 14:10:25.029  2064  2064 D SensorFeature: name=ssc_screenshot_info ,index = 22
07-29 14:10:25.029  2064  2064 D SensorFeature: write 29 bytes:47485855449,50862774354,135,0
07-29 14:10:25.066  3461  4443 V AlarmManager: sending alarm Alarm{768d662 type 2 origWhen 50901 whenElapsed 50901 android} uid 1000 whenElapsed 50901 windowLength 0 maxWhenElapsed 50901 repeatInterval 0 action null component null tag $android.alarm.generated:1000:50901 flags 0x9 procName system_server
07-29 14:10:25.071  3461  3653 D LocationManagerService: network provider removed registration from 10154/com.coloros.assistantscreen/F5CC5E52
07-29 14:10:25.109  5194  5194 D SubsysEventListenerManager-SubsysTelephonyCallback[0]: onCellInfoChanged
07-29 14:10:25.159  1941  4499 I sensors-hal: handle_oplus_wise_rgb_event:189, high_pwm_light:lux 270.4,cct 3599.4,brl/algo/ir 1448.0/2.0/17.0,pwm/dc 0.0/0.0,rgbc 21034.207031/13042.555664/6012.055176/38725.800781,ts 50814615775,cnt 700,flag 135
07-29 14:10:25.161  1997  4490 I Dpps    : LtmSwState::SetParameter():144 ignore cmd 7 in state LtmOffState
07-29 14:10:25.197  5042  6108 W BluetoothAdapterExtImpl: getBluetoothConnectionCountï¼šmOplusBluetooth null!
07-29 14:10:25.200  5042  6108 D TelephonyImpl: isRequestingMms
07-29 14:10:25.200  5042  6108 D TelephonyImpl: getReleaseMmsNetworkTime
07-29 14:10:25.202  5042  6108 D OplusDdsSwitchStrategy: Md,OplusCheckFeature,RETURN_TO_CUR_ACTION_DDS
07-29 14:10:25.333  2064  2064 D SensorFeature: name=ssc_screenshot_info ,index = 22
07-29 14:10:25.333  2064  2064 D SensorFeature: write 29 bytes:47485855449,51166198625,136,0
07-29 14:10:25.338  5042  6609 I PCDR-common_no_service[0]: lift forbidden
07-29 14:10:25.338  5042  6609 I PCDR-common_no_45g[0]: lift forbidden
07-29 14:10:25.425  1997  4490 I Dpps    : LtmSwState::SetParameter():144 ignore cmd 7 in state LtmOffState
07-29 14:10:25.622  1908  1908 D healthd : system healthd: battery l=100 v=4367 t=33.2 h=2 st=2 c=-165 fc=5920000 cc=19 chg=u
07-29 14:10:25.635  2064  2064 D SensorFeature: name=ssc_screenshot_info ,index = 22
07-29 14:10:25.635  2064  2064 D SensorFeature: write 29 bytes:47485855449,51469793989,137,0
07-29 14:10:25.659  2082  2082 D vendor.oplus.hardware.charger-V7-service: get_ui_charge_icon_type 0 0 0 0 0
07-29 14:10:25.660  2082  2082 D vendor.oplus.hardware.charger-V7-service: oplus_chg_get_cpa_power 2500 charge_online 1 retention_topic 0
07-29 14:10:25.660  2082  2082 D vendor.oplus.hardware.charger-V7-service: oplus_chg_get_cpa_power 2500 charge_online 1 retention_topic 0
07-29 14:10:25.660  2082  2082 D vendor.oplus.hardware.charger-V7-service: getIsSingleHyperSupport=2, cpa_power=2
07-29 14:10:25.663  3461  3702 D BatteryStatsImplExtImpl: mActiveProcesses size = 72
07-29 14:10:25.663  3461  3702 D BatteryStatsImplExtImpl: rpmhStats is null or interval time is too short.
07-29 14:10:25.688  2082  2159 D BatteryChargeControl: bcc get no support from charging protocol
07-29 14:10:25.689  1941  4499 I sensors-hal: handle_oplus_wise_rgb_event:189, high_pwm_light:lux 270.1,cct 3595.6,brl/algo/ir 1448.0/2.0/17.1,pwm/dc 0.0/0.0,rgbc 21067.501953/13033.344727/5996.659180/38755.902344,ts 51420258223,cnt 710,flag 137
07-29 14:10:25.690  3461  4430 D FusionLightNextGen: process end reported = 1, mode: 0, lux 506.8, cct -1.0, r/g/b/c: 21053.2/13033.3/6004.4/38725.8, R/G/B: 106.0/100.0/99.0, bri 1448.0, match 1.00, ir 0.017942, conf 0.0, ts 51445044212
07-29 14:10:25.691  1997  4490 I Dpps    : LtmSwState::SetParameter():144 ignore cmd 7 in state LtmOffState
07-29 14:10:25.837  7200  7215 W System  : A resource failed to call AbstractCursor.close. 
07-29 14:10:25.837  7200  7215 W System  : A resource failed to call AbstractCursor.close. 
07-29 14:10:25.837  7200  7215 W System  : A resource failed to call AbstractCursor.close. 
07-29 14:10:25.837  7200  7215 W System  : A resource failed to call AbstractCursor.close. 
07-29 14:10:25.837  7200  7215 W System  : A resource failed to call AbstractCursor.close. 
07-29 14:10:25.837  7200  7215 W System  : A resource failed to call AbstractCursor.close. 
07-29 14:10:25.837  7200  7215 W System  : A resource failed to call AbstractCursor.close. 
07-29 14:10:25.837  7200  7215 W System  : A resource failed to call AbstractCursor.close. 
07-29 14:10:25.904  3461  4708 E OplusNetworkStackManager: initService mNetworkStackService is null, try again in 10s
07-29 14:10:25.939  2064  2064 D SensorFeature: name=ssc_screenshot_info ,index = 22
07-29 14:10:25.939  2064  2064 D SensorFeature: write 29 bytes:47485855449,51772263364,138,0
07-29 14:10:25.960  1997  4490 I Dpps    : LtmSwState::SetParameter():144 ignore cmd 7 in state LtmOffState
07-29 14:10:26.213  3461  4872 I Osense-BaseDecisionMaker: notifySceneToAthenaPolicy: SCENE_IDLE_RECOVER, bundle: Bundle[{scene=SCENE_IDLE_RECOVER}]
07-29 14:10:26.214  1880  1887 E Diag-Router: diag: glinkpkt_open: failed to create control node for slate_apps
07-29 14:10:26.214  1880  1887 E Diag-Router: diag: diag_glinkpkt_open_thread: Glinkpkt_open failed for perif: 12 with err: -1, retry_cnt: 8
07-29 14:10:26.215  1880  1888 E Diag-Router: diag: glinkpkt_open: failed to create control node for slate_adsp
07-29 14:10:26.215  1880  1888 E Diag-Router: diag: diag_glinkpkt_open_thread: Glinkpkt_open failed for perif: 13 with err: -1, retry_cnt: 8
07-29 14:10:26.215  3461  4872 I Osense-BaseDecisionMaker: scene: SCENE_IDLE_RECOVER, excutingPolicy: respreload
07-29 14:10:26.215  3461  4872 D Osense-BaseDecisionMaker: invoke process preload policy
07-29 14:10:26.215  3461  4872 I Osense-BaseDecisionMaker: scene: SCENE_IDLE_RECOVER, excutingPolicy: clear
07-29 14:10:26.215  3461  4872 D Osense-BaseDecisionMaker: invoke clear policy,type: unforbid
07-29 14:10:26.215  3461  4872 I OsenseKillAction: KillAction: unhandled request: id=12, enable=true, scene=SCENE_IDLE_RECOVER, type=unforbid, cchOnly=false, appcare=0
07-29 14:10:26.241  2064  2064 D SensorFeature: name=ssc_screenshot_info ,index = 22
07-29 14:10:26.241  2064  2064 D SensorFeature: write 29 bytes:47485855449,52075904614,139,0
07-29 14:10:26.244  1941  4499 I sensors-hal: handle_oplus_wise_rgb_event:189, high_pwm_light:lux 270.2,cct 3604.7,brl/algo/ir 1448.0/2.0/17.4,pwm/dc 0.0/0.0,rgbc 21048.474609/13019.529297/6015.903809/38750.886719,ts 52001257390,cnt 720,flag 139
07-29 14:10:26.245  1997  4490 I Dpps    : LtmSwState::SetParameter():144 ignore cmd 7 in state LtmOffState
07-29 14:10:26.261 13036 13170 D ProfileInstaller: Installing profile for com.oplus.linker
07-29 14:10:26.301  3461  5058 I OplusHansManager : uid=10157, pkg=com.baidu.input_oppo cannot transition from R to M, importance=input
07-29 14:10:26.439  2082  2135 D vendor.oplus.hardware.charger-V7-service: s_chg_user_mode: 3
07-29 14:10:26.439  2082  2135 D vendor.oplus.hardware.charger-V7-service: scale_chg Start!!!
07-29 14:10:26.439  2082  2135 D vendor.oplus.hardware.charger-V7-service: [0, 0, 3]
07-29 14:10:26.439  2082  2135 D vendor.oplus.hardware.charger-V7-service: [0, 2, 9]
07-29 14:10:26.440  2082  2135 D vendor.oplus.hardware.charger-V7-service: [0, 1, 3]
07-29 14:10:26.440  2082  2135 D vendor.oplus.hardware.charger-V7-service: [0, 3, 3]
07-29 14:10:26.440  2082  2135 D vendor.oplus.hardware.charger-V7-service: [0, 4, 3]
07-29 14:10:26.440  2082  2135 D vendor.oplus.hardware.charger-V7-service: [0, 5, 5]
07-29 14:10:26.440  2082  2135 D vendor.oplus.hardware.charger-V7-service: [0, 6, 9]
07-29 14:10:26.440  2082  2135 D vendor.oplus.hardware.charger-V7-service: scale_chg Start!!!
07-29 14:10:26.440  2082  2135 D vendor.oplus.hardware.charger-V7-service: [0, 0, 3]
07-29 14:10:26.441  2082  2135 D vendor.oplus.hardware.charger-V7-service: [0, 2, 10]
07-29 14:10:26.441  2082  2135 D vendor.oplus.hardware.charger-V7-service: [0, 1, 3]
07-29 14:10:26.441  2082  2135 D vendor.oplus.hardware.charger-V7-service: [0, 3, 3]
07-29 14:10:26.441  2082  2135 D vendor.oplus.hardware.charger-V7-service: [0, 4, 3]
07-29 14:10:26.441  2082  2135 D vendor.oplus.hardware.charger-V7-service: [0, 5, 3]
07-29 14:10:26.441  2082  2135 D vendor.oplus.hardware.charger-V7-service: [0, 6, 10]
07-29 14:10:26.459  2082  2158 D vendor.oplus.hardware.charger-V7-service: ret_value:114, read content:,332,360,4367,4365,-165,95,100,1,1,0,494,4639,97,1,4475,300,500,0,12,-22,12,0,1,0,2,0,0,0,1,6098,99,0,0,0,0,0,0,0
07-29 14:10:26.459  2082  2158 D vendor.oplus.hardware.charger-V7-service: gmtime: 2025-07-29-14-10-26
07-29 14:10:26.460  2082  2158 D vendor.oplus.hardware.charger-V7-service: usb_online:1, ac_online:-2147483648, wireless_online:0
07-29 14:10:26.489  1997  4490 I Dpps    : LtmSwState::SetParameter():144 ignore cmd 7 in state LtmOffState
07-29 14:10:26.545  2064  2064 D SensorFeature: name=ssc_screenshot_info ,index = 22
07-29 14:10:26.545  2064  2064 D SensorFeature: write 29 bytes:47485855449,52378482374,140,0
07-29 14:10:26.689  2082  2159 D BatteryChargeControl: bcc get no support from charging protocol
07-29 14:10:26.753  1941  4499 I sensors-hal: handle_oplus_wise_rgb_event:189, high_pwm_light:lux 269.9,cct 3599.1,brl/algo/ir 1448.0/2.0/17.3,pwm/dc 0.0/0.0,rgbc 21043.718750/13033.344727/6019.752930/38715.765625,ts 52334252390,cnt 730,flag 140
07-29 14:10:26.755  1997  4490 I Dpps    : LtmSwState::SetParameter():144 ignore cmd 7 in state LtmOffState
07-29 14:10:26.848  2064  2064 D SensorFeature: name=ssc_screenshot_info ,index = 22
07-29 14:10:26.848  2064  2064 D SensorFeature: write 29 bytes:47485855449,52681890291,141,0
07-29 14:10:26.981  7546  7580 W System  : A resource failed to call close. 
07-29 14:10:27.018  1997  4490 I Dpps    : LtmSwState::SetParameter():144 ignore cmd 7 in state LtmOffState
07-29 14:10:27.116  3461  3680 D Theia.TransparentWindow: handleMessage CHECK_TRANS_WINDOW_ERROR_MSG
07-29 14:10:27.140  3461  3687 D OomAdjuster: Not killing cached processes
07-29 14:10:27.150  2064  2064 D SensorFeature: name=ssc_screenshot_info ,index = 22
07-29 14:10:27.151  2064  2064 D SensorFeature: write 29 bytes:47485855449,52984630499,142,0
07-29 14:10:27.285  1941  4499 I sensors-hal: handle_oplus_wise_rgb_event:189, high_pwm_light:lux 269.7,cct 3592.0,brl/algo/ir 1448.0/2.0/17.6,pwm/dc 0.0/0.0,rgbc 21048.474609/13028.740234/6008.206055/38705.730469,ts 52939720150,cnt 740,flag 142
07-29 14:10:27.287  1997  4490 I Dpps    : LtmSwState::SetParameter():144 ignore cmd 7 in state LtmOffState
07-29 14:10:27.402  5194  5941 E OplusNetworkStackManager: initService mNetworkStackService is null, try again in 10s
07-29 14:10:27.454  2064  2064 D SensorFeature: name=ssc_screenshot_info ,index = 22
07-29 14:10:27.454  2064  2064 D SensorFeature: write 29 bytes:47485855449,53287375082,143,0
07-29 14:10:27.551  1997  4490 I Dpps    : LtmSwState::SetParameter():144 ignore cmd 7 in state LtmOffState
07-29 14:10:27.690  2082  2159 D BatteryChargeControl: bcc get no support from charging protocol
07-29 14:10:27.758  2064  2064 D SensorFeature: name=ssc_screenshot_info ,index = 22
07-29 14:10:27.758  2064  2064 D SensorFeature: write 29 bytes:47485855449,53591711228,144,0
07-29 14:10:27.818  1941  4499 I sensors-hal: handle_oplus_wise_rgb_event:189, high_pwm_light:lux 269.7,cct 3591.3,brl/algo/ir 1448.0/2.0/17.6,pwm/dc 0.0/0.0,rgbc 21057.988281/13042.555664/6008.206055/38730.816406,ts 53545526087,cnt 750,flag 144
07-29 14:10:27.820  1997  4490 I Dpps    : LtmSwState::SetParameter():144 ignore cmd 7 in state LtmOffState
07-29 14:10:27.967  2082  2082 D vendor.oplus.hardware.charger-V7-service: getChargerControl:
07-29 14:10:27.969  6643  6767 E oiface  : sched_setaffinity failed
07-29 14:10:27.989  2073  2081 E PerformanceService: storage_feature: open /sys/devices/platform/soc/112b0000.ufshci//virtualtlcbuff fail
07-29 14:10:27.989  3461  5362 W BestClock: java.time.DateTimeException: Missing network time fix
07-29 14:10:27.989  3461  5362 W BestClock: java.time.DateTimeException: Missing network time fix
07-29 14:10:27.990  3461  5362 W BestClock: java.time.DateTimeException: Missing network time fix
07-29 14:10:28.061  2064  2064 D SensorFeature: name=ssc_screenshot_info ,index = 22
07-29 14:10:28.061  2064  2064 D SensorFeature: write 29 bytes:47485855449,53894863155,145,0
07-29 14:10:28.063  4973  6252 E OplusNetworkStackManager: initService mNetworkStackService is null, try again in 10s
07-29 14:10:28.082  1997  4490 I Dpps    : LtmSwState::SetParameter():144 ignore cmd 7 in state LtmOffState
07-29 14:10:28.365  2064  2064 D SensorFeature: name=ssc_screenshot_info ,index = 22
07-29 14:10:28.366  2064  2064 D SensorFeature: write 29 bytes:47485855449,54199263728,146,0
07-29 14:10:28.369  1941  4499 I sensors-hal: handle_oplus_wise_rgb_event:189, high_pwm_light:lux 270.2,cct 3595.0,brl/algo/ir 1448.0/2.0/16.9,pwm/dc 0.0/0.0,rgbc 21057.988281/13042.555664/6000.508301/38705.730469,ts 54126422129,cnt 760,flag 146
07-29 14:10:28.369  3461  4430 D FusionLightNextGen: process end reported = 1, mode: 0, lux 506.9, cct -1.0, r/g/b/c: 21043.7/13024.1/6015.9/38730.8, R/G/B: 106.0/100.0/99.0, bri 1448.0, match 1.00, ir 0.017768, conf 0.0, ts 54151208171
07-29 14:10:28.370  1997  4490 I Dpps    : LtmSwState::SetParameter():144 ignore cmd 7 in state LtmOffState
07-29 14:10:28.614  1997  4490 I Dpps    : LtmSwState::SetParameter():144 ignore cmd 7 in state LtmOffState
07-29 14:10:28.671  2064  2064 D SensorFeature: name=ssc_screenshot_info ,index = 22
07-29 14:10:28.672  2064  2064 D SensorFeature: write 29 bytes:47485855449,54505124665,147,0
07-29 14:10:28.690  2082  2159 D BatteryChargeControl: bcc get no support from charging protocol
07-29 14:10:28.881  1941  4499 I sensors-hal: handle_oplus_wise_rgb_event:189, high_pwm_light:lux 269.7,cct 3598.8,brl/algo/ir 1448.0/2.0/17.9,pwm/dc 0.0/0.0,rgbc 21034.207031/13037.951172/6012.055176/38715.765625,ts 54459243483,cnt 770,flag 147
07-29 14:10:28.883  1997  4490 I Dpps    : LtmSwState::SetParameter():144 ignore cmd 7 in state LtmOffState
07-29 14:10:28.978  2064  2064 D SensorFeature: name=ssc_screenshot_info ,index = 22
07-29 14:10:28.978  2064  2064 D SensorFeature: write 29 bytes:47485855449,54811329925,148,0
07-29 14:10:29.145  1997  4490 I Dpps    : LtmSwState::SetParameter():144 ignore cmd 7 in state LtmOffState
07-29 14:10:29.283  2064  2064 D SensorFeature: name=ssc_screenshot_info ,index = 22
07-29 14:10:29.284  2064  2064 D SensorFeature: write 29 bytes:47485855449,55117846800,149,0
07-29 14:10:29.413  1941  4499 I sensors-hal: handle_oplus_wise_rgb_event:189, high_pwm_light:lux 269.8,cct 3594.3,brl/algo/ir 1448.0/2.0/17.7,pwm/dc 0.0/0.0,rgbc 21048.474609/13024.133789/6004.356934/38725.800781,ts 55073116556,cnt 780,flag 149
07-29 14:10:29.415  1997  4490 I Dpps    : LtmSwState::SetParameter():144 ignore cmd 7 in state LtmOffState
07-29 14:10:29.582 12496 12505 W System  : A resource failed to call close. 
07-29 14:10:29.582 12496 12505 W System  : A resource failed to call close. 
07-29 14:10:29.585  2064  2064 D SensorFeature: name=ssc_screenshot_info ,index = 22
07-29 14:10:29.585  2064  2064 D SensorFeature: write 29 bytes:47485855449,55420431331,150,0
07-29 14:10:29.585  1941  2012 I sensors-hal: get_display_brightness:818, light_iface: set screenshot_info [47485855449,55420431331,150,0]
07-29 14:10:29.677  1997  4490 I Dpps    : LtmSwState::SetParameter():144 ignore cmd 7 in state LtmOffState
07-29 14:10:29.691  2082  2159 D BatteryChargeControl: bcc get no support from charging protocol
07-29 14:10:29.894  2064  2064 D SensorFeature: name=ssc_screenshot_info ,index = 22
07-29 14:10:29.894  2064  2064 D SensorFeature: write 29 bytes:47485855449,55727392738,151,0
07-29 14:10:29.940  1941  4499 I sensors-hal: handle_oplus_wise_rgb_event:189, high_pwm_light:lux 269.8,cct 3598.6,brl/algo/ir 1448.0/2.0/17.8,pwm/dc 0.0/0.0,rgbc 21053.232422/13019.529297/6008.206055/38750.886719,ts 55678950775,cnt 790,flag 151
07-29 14:10:29.942  1997  4490 I Dpps    : LtmSwState::SetParameter():144 ignore cmd 7 in state LtmOffState
07-29 14:10:30.199  2064  2064 D SensorFeature: name=ssc_screenshot_info ,index = 22
07-29 14:10:30.199  2064  2064 D SensorFeature: write 29 bytes:47485855449,56033362165,152,0
07-29 14:10:30.207  1997  4490 I Dpps    : LtmSwState::SetParameter():144 ignore cmd 7 in state LtmOffState
07-29 14:10:30.374  6579  8067 E OplusNetworkStackManager: initService mNetworkStackService is null, try again in 10s
07-29 14:10:30.502  2064  2064 D SensorFeature: name=ssc_screenshot_info ,index = 22
07-29 14:10:30.502  2064  2064 D SensorFeature: write 29 bytes:47485855449,56336195654,153,0
07-29 14:10:30.505  1941  4499 I sensors-hal: handle_oplus_wise_rgb_event:189, high_pwm_light:lux 270.0,cct 3604.5,brl/algo/ir 1448.0/2.0/17.6,pwm/dc 0.0/0.0,rgbc 21029.449219/13010.318359/5992.810547/38740.851562,ts 56251622702,cnt 800,flag 153
07-29 14:10:30.507  1997  4490 I Dpps    : LtmSwState::SetParameter():144 ignore cmd 7 in state LtmOffState
07-29 14:10:30.692  2082  2159 D BatteryChargeControl: bcc get no support from charging protocol
07-29 14:10:30.741  1908  1908 D healthd : system healthd: battery l=100 v=4368 t=33.2 h=2 st=2 c=-167 fc=5920000 cc=19 chg=u
07-29 14:10:30.741  1997  4490 I Dpps    : LtmSwState::SetParameter():144 ignore cmd 7 in state LtmOffState
07-29 14:10:30.776  2082  2082 D vendor.oplus.hardware.charger-V7-service: get_ui_charge_icon_type 0 0 0 0 0
07-29 14:10:30.777  2082  2082 D vendor.oplus.hardware.charger-V7-service: oplus_chg_get_cpa_power 2500 charge_online 1 retention_topic 0
07-29 14:10:30.777  2082  2082 D vendor.oplus.hardware.charger-V7-service: oplus_chg_get_cpa_power 2500 charge_online 1 retention_topic 0
07-29 14:10:30.777  2082  2082 D vendor.oplus.hardware.charger-V7-service: getIsSingleHyperSupport=2, cpa_power=2
07-29 14:10:30.779  3461  3702 D BatteryStatsImplExtImpl: updateStandbyStatistics time interval is too short, ingore.
07-29 14:10:30.779  3461  3702 D BatteryStatsImplExtImpl: rpmhStats is null or interval time is too short.
07-29 14:10:30.804  2064  2064 D SensorFeature: name=ssc_screenshot_info ,index = 22
07-29 14:10:30.805  2064  2064 D SensorFeature: write 29 bytes:47485855449,56638656019,154,0
07-29 14:10:31.009  1941  4499 I sensors-hal: handle_oplus_wise_rgb_event:189, high_pwm_light:lux 270.1,cct 3597.6,brl/algo/ir 1448.0/2.0/17.2,pwm/dc 0.0/0.0,rgbc 21053.232422/13033.344727/6004.356934/38730.816406,ts 56592766192,cnt 810,flag 154
07-29 14:10:31.010  3461  4430 D FusionLightNextGen: process end reported = 1, mode: 0, lux 508.7, cct -1.0, r/g/b/c: 21048.5/13047.2/6015.9/38781.0, R/G/B: 106.0/100.0/99.0, bri 1448.0, match 1.00, ir 0.017429, conf 0.0, ts 56617552181
07-29 14:10:31.011  1997  4490 I Dpps    : LtmSwState::SetParameter():144 ignore cmd 7 in state LtmOffState
07-29 14:10:31.107  2064  2064 D SensorFeature: name=ssc_screenshot_info ,index = 22
07-29 14:10:31.107  2064  2064 D SensorFeature: write 29 bytes:47485855449,56941158675,155,0
07-29 14:10:31.215  1880  1887 E Diag-Router: diag: glinkpkt_open: failed to create control node for slate_apps
07-29 14:10:31.215  1880  1887 E Diag-Router: diag: diag_glinkpkt_open_thread: Glinkpkt_open failed for perif: 12 with err: -1, retry_cnt: 9
07-29 14:10:31.215  1880  1888 E Diag-Router: diag: glinkpkt_open: failed to create control node for slate_adsp
07-29 14:10:31.215  1880  1888 E Diag-Router: diag: diag_glinkpkt_open_thread: Glinkpkt_open failed for perif: 13 with err: -1, retry_cnt: 9
07-29 14:10:31.274  1997  4490 I Dpps    : LtmSwState::SetParameter():144 ignore cmd 7 in state LtmOffState
07-29 14:10:31.307  3461  5058 I OplusHansManager : uid=10157, pkg=com.baidu.input_oppo cannot transition from R to M, importance=input
07-29 14:10:31.410  2064  2064 D SensorFeature: name=ssc_screenshot_info ,index = 22
07-29 14:10:31.410  2064  2064 D SensorFeature: write 29 bytes:47485855449,57243905497,156,0
07-29 14:10:31.442  2082  2135 D vendor.oplus.hardware.charger-V7-service: s_chg_user_mode: 3
07-29 14:10:31.442  2082  2135 D vendor.oplus.hardware.charger-V7-service: scale_chg Start!!!
07-29 14:10:31.442  2082  2135 D vendor.oplus.hardware.charger-V7-service: [0, 0, 3]
07-29 14:10:31.442  2082  2135 D vendor.oplus.hardware.charger-V7-service: [0, 2, 9]
07-29 14:10:31.442  2082  2135 D vendor.oplus.hardware.charger-V7-service: [0, 1, 3]
07-29 14:10:31.442  2082  2135 D vendor.oplus.hardware.charger-V7-service: [0, 3, 3]
07-29 14:10:31.442  2082  2135 D vendor.oplus.hardware.charger-V7-service: [0, 4, 3]
07-29 14:10:31.443  2082  2135 D vendor.oplus.hardware.charger-V7-service: [0, 5, 5]
07-29 14:10:31.443  2082  2135 D vendor.oplus.hardware.charger-V7-service: [0, 6, 9]
07-29 14:10:31.443  2082  2135 D vendor.oplus.hardware.charger-V7-service: scale_chg Start!!!
07-29 14:10:31.443  2082  2135 D vendor.oplus.hardware.charger-V7-service: [0, 0, 3]
07-29 14:10:31.443  2082  2135 D vendor.oplus.hardware.charger-V7-service: [0, 2, 10]
07-29 14:10:31.443  2082  2135 D vendor.oplus.hardware.charger-V7-service: [0, 1, 3]
07-29 14:10:31.444  2082  2135 D vendor.oplus.hardware.charger-V7-service: [0, 3, 3]
07-29 14:10:31.444  2082  2135 D vendor.oplus.hardware.charger-V7-service: [0, 4, 3]
07-29 14:10:31.444  2082  2135 D vendor.oplus.hardware.charger-V7-service: [0, 5, 3]
07-29 14:10:31.444  2082  2135 D vendor.oplus.hardware.charger-V7-service: [0, 6, 10]
07-29 14:10:31.460  2082  2158 D vendor.oplus.hardware.charger-V7-service: ret_value:114, read content:,332,356,4368,4366,-167,95,100,1,1,0,494,4648,97,1,4475,300,500,0,12,-22,12,0,1,0,2,0,0,0,1,6098,99,0,0,0,0,0,0,0
07-29 14:10:31.460  2082  2158 D vendor.oplus.hardware.charger-V7-service: gmtime: 2025-07-29-14-10-31
07-29 14:10:31.460  2082  2158 D vendor.oplus.hardware.charger-V7-service: usb_online:1, ac_online:-2147483648, wireless_online:0
07-29 14:10:31.534  1941  4499 I sensors-hal: handle_oplus_wise_rgb_event:189, high_pwm_light:lux 270.2,cct 3595.5,brl/algo/ir 1448.0/2.0/17.3,pwm/dc 0.0/0.0,rgbc 21038.962891/13042.555664/6019.752930/38710.746094,ts 57198376140,cnt 820,flag 156
07-29 14:10:31.535  1997  4490 I Dpps    : LtmSwState::SetParameter():144 ignore cmd 7 in state LtmOffState
07-29 14:10:31.655  2016  2054 I [UAH_CLIENT]: UahRelease, handle:22
07-29 14:10:31.656  2016  2054 I [UAH_CLIENT]: UahPlatformResAcquire
07-29 14:10:31.656  2016  2054 I [UAH_CLIENT]: UahEventAcquire, cmdid:-3, pkg:2016 13082, identity:qcom-perfd
07-29 14:10:31.657  2016  2054 E PERFHAL-RESOURCEQS: PERFHAL-RESOURCEQS: AddAndApply() 130: Resource with major=18, minor=41 not supported
07-29 14:10:31.693  2082  2159 D BatteryChargeControl: bcc get no support from charging protocol
07-29 14:10:31.713  2064  2064 D SensorFeature: name=ssc_screenshot_info ,index = 22
07-29 14:10:31.713  2064  2064 D SensorFeature: write 29 bytes:47485855449,57546860810,157,0
07-29 14:10:31.767 13086 13173 I SystemFeature: operator:{oppo.cmcc.mp:false, browser.cmcc:false, browser.test.cmcc:false, browser.cmcc.bookmark:false, browser.test.cmcc.bookmark:false, browser.cmcc.home:false, browser.test.cmcc.home:false
07-29 14:10:31.767 13086 13173 I SystemFeature: cu.optr:false, browser.cu:false, browser.test.cu:false
07-29 14:10:31.767 13086 13173 I SystemFeature: ct.optr:false, browser.ct:false, browser.test.ct:false
07-29 14:10:31.767 13086 13173 I SystemFeature: }
07-29 14:10:31.770 13086 13173 I IdentityUtil: initIdentity: success, duidInit=true, uuid=d7830aefe1185a1d969e64bfc89f60a7
07-29 14:10:31.770  7699  7755 I OpenID  : com.heytap.pictorial:3142:ret:T
07-29 14:10:31.783 13086 13173 D Identity: nonceAndCounter: 6297ca815bf0d2330000000000000006
07-29 14:10:31.801  1997  4490 I Dpps    : LtmSwState::SetParameter():144 ignore cmd 7 in state LtmOffState
07-29 14:10:31.826  1246 13126 I keystore2: system/security/keystore2/watchdog/src/lib.rs:319 - Watchdog thread idle -> terminating. Have a great day.
07-29 14:10:31.927  3461  5266 I InputDispatcher: injectInputEvent: targetUid=<not set>, syncMode=WAIT_FOR_FINISHED, timeout=30000ms, policyFlags=0x8000000, event=MotionEvent { action=DOWN, id[0]=0, x[0]=900, y[0]=30, eventTime=57762000000, downTime=57762000000, deviceId=4, source=TOUCHSCREEN, displayId=0, eventId=0xd63191b4}
07-29 14:10:31.929  2272  3279 D VRR [OTI]: handleIdle from 1 to 0
07-29 14:10:31.929  3461  4891 I [UAH_CLIENT]: UahEventAcquire, cmdid:37, pkg:none, identity:OplusUAwareInputHelper
07-29 14:10:31.929  2272  3279 D VRR [OTI-HW]: isStateReady 0
07-29 14:10:31.929  2272  3279 D VRR [OTI-HW]: restore sys rate.
07-29 14:10:31.929  2272  3279 D VRR [RefreshRateDirector]: requestRefreshRateByOti update [ oti-hw, {fps=120, modePtr={id=4, vsyncRate=120.00 Hz, peakRefreshRate=120.00 Hz}} ]
07-29 14:10:31.929  2272  3279 D VRR [RefreshRateDirector]: selectBestFrameRate DirectorMapOti [oti-hw, {fps=120, modePtr={id=4, vsyncRate=120.00 Hz, peakRefreshRate=120.00 Hz}}]
07-29 14:10:31.929  2272  3279 D VRR [RefreshRateDirector]: updateBestFrameRate [oti-hw, {fps=120, modePtr={id=4, vsyncRate=120.00 Hz, peakRefreshRate=120.00 Hz}}]
07-29 14:10:31.929  2272  3279 D SurfaceFlinger: VRR [SurfaceFlinger] setDesiredActiveMode: displayId: 4630946756802996883, renderRate: 120, vsyncRate: 120, event: 1
07-29 14:10:31.929  2272  3279 D DisplayModeController: setDesiredMode 4630946756802996883 {mode={fps=120.00 Hz, modePtr={id=4, vsyncRate=120.00 Hz, peakRefreshRate=120.00 Hz}}, emitEvent=true, force=false}
07-29 14:10:31.930  3461  4699 D OMP_Detector: D:done mCurrStatus: 0
07-29 14:10:31.930  3461  4891 D UAH-UahAdaptHelper: adaptSetNotification identity = OplusUAwareInputHelpersrc = 1000 , type 0 ,p1 = -1 ,p2 = -1 ,p3 = -1 ,p4 =
07-29 14:10:31.930  3461  4891 I [UAH_CLIENT]: uahRuleCtl, ruleId:1000, status:0
07-29 14:10:31.932  3461  3833 D PowerManagerService: userActivityNoUpdateLocked: groupId=0, eventTime=57762, event=touch, flags=0x0, uid=1000
07-29 14:10:31.933  2272  2272 I DisplayModeController: hwc begin mode change to 8333333
07-29 14:10:31.933  2272  2272 I HWC2    : [0] setActiveConfigWithConstraints[4]
07-29 14:10:31.933  2016  2054 I [UAH_CLIENT]: UahRelease, handle:31
07-29 14:10:31.933  2016  2054 I [UAH_CLIENT]: UahPlatformResAcquire
07-29 14:10:31.933  2016  2054 I [UAH_CLIENT]: UahEventAcquire, cmdid:-3, pkg:2272 6919, identity:qcom-perfd
07-29 14:10:31.933  1997  3187 W SDM     : HWDeviceDRM::GetSupportedBitClkRate: Requested rate not supported: 1363200000
07-29 14:10:31.933  1997  3187 I SDM     : HWDeviceDRM::UpdateMixerAttributes: Mixer WxH 1440x3168-1 for Peripheral
07-29 14:10:31.933  2016  2054 E PERFHAL-RESOURCEQS: PERFHAL-RESOURCEQS: AddAndApply() 130: Resource with major=18, minor=41 not supported
07-29 14:10:31.934  1997  3187 I CwbService: CwbService::notifyConfigChange: display:0, config:4 size:4, sec.size():0
07-29 14:10:31.934  1997  3187 I CwbService: CwbService::notifyConfigChange: display: 0, config = 0
07-29 14:10:31.934  1997  3117 I CasManager: Fps changed from 60 to 120
07-29 14:10:31.934  1997  3117 I CasManager: Fps changed, not change bin, so trigger gain
07-29 14:10:31.933  4916  4916 V AutofillManager: requestHideFillUi(null): anchor = null
07-29 14:10:31.934  4916  4916 V Application: getAutofillClient(): null on super, trying to find activity thread
07-29 14:10:31.934  4916  4916 V Application: getAutofillClient(): none of the 0 activities on com.android.systemui.SystemUIApplication@85f04b2 are top resumed nor have focus
07-29 14:10:31.934  1997  3117 W SDM     : DemuraIntfImpl::ProcessOemPluginGain: Thermal intf_ is nullptr 0, default to 25 degree
07-29 14:10:31.934  4916  4916 V AutofillManager: No AutofillClient for com.android.systemui on context com.android.systemui.SystemUIApplication@85f04b2
07-29 14:10:31.934  1997  3117 I SDM     : CasQcPlugIn::ProcessPerCompGainOppo: input params, mode:PWM, fps:120, dbv:1448
07-29 14:10:31.934  1997  3117 I SDM     : CasQcPlugIn::ProcessPerCompGainOppo: normalized bright_adj:1024, dbv:1448, bin_dbv:1083, 
07-29 14:10:31.934  1997  3117 I SDM     : CasQcPlugIn::ProcessPerCompGainOppo: gains print start =====================
07-29 14:10:31.934  1997  3117 I SDM     : CasQcPlugIn::ProcessPerCompGainOppo: gain --------------------------------
07-29 14:10:31.934  1997  3117 I SDM     : CasQcPlugIn::ProcessPerCompGainOppo: old: 0 0 0 57 90 322 1201 3072
07-29 14:10:31.934  1997  3117 I SDM     : CasQcPlugIn::ProcessPerCompGainOppo: new: 0 0 0 47 77 278 1040 3072
07-29 14:10:31.934  1997  3117 I SDM     : CasQcPlugIn::ProcessPerCompGainOppo: gain --------------------------------
07-29 14:10:31.934  1997  3117 I SDM     : CasQcPlugIn::ProcessPerCompGainOppo: old: 0 0 0 64 125 373 1336 3072
07-29 14:10:31.934  1997  3117 I SDM     : CasQcPlugIn::ProcessPerCompGainOppo: new: 0 0 0 53 99 373 1336 3072
07-29 14:10:31.934  1997  3117 I SDM     : CasQcPlugIn::ProcessPerCompGainOppo: gain --------------------------------
07-29 14:10:31.934  1997  3117 I SDM     : CasQcPlugIn::ProcessPerCompGainOppo: old: 0 0 0 42 83 323 1222 3072
07-29 14:10:31.934  1997  3117 I SDM     : CasQcPlugIn::ProcessPerCompGainOppo: new: 0 0 0 35 83 323 1222 3072
07-29 14:10:31.934  1997  3117 I SDM     : CasQcPlugIn::ProcessPerCompGainOppo: gains print end =======================
07-29 14:10:31.934  4916  4916 I PluginSeedling--Capsule: CapsuleTouchEventHandler-->onInterceptTouchEvent interceptEvent: false
07-29 14:10:31.935  3461  3682 W UserAwareMgr: can not find match thread: GaussianBlur for process com.android.systemui
07-29 14:10:31.937  4916  5454 I [UAH_CLIENT]: UahEventAcquire, cmdid:97, pkg:none, identity:OsenseHelperImpl
07-29 14:10:31.937  4916  4916 I SystemUi--Common: ScrollTranslationValue-->resetPanelTranslationY
07-29 14:10:31.939  4916  4916 I SystemUi--QuickSettings: OplusPanelViewPagerController-->initExpanded downExpanded=NONE downOnRight=true targetPage=NOTIFICATION downOnYHotArea=true  isKeyguardShowing=false isOnKeyguard=false fractionListeners.size=0 currentQsFraction=0.0 currentNotifyFraction=0.0 hasCalledDownEvent=true getScrollXHotZone=([Rect(0, 0 - 1080, 2376)], [Rect(-1, -1 - -1, -1), Rect(157, 1999 - 283, 2125), Rect(823, 1999 - 949, 2125)]) getScrollYHotZone=Rect(0, 0 - 1080, 66) notifyExpandedFraction=0.0 isLastUpToExpand=false qsPanelView.translationX=0.0
07-29 14:10:31.939  4916  4916 I SystemUi--QuickSettings: OplusPanelViewPagerController-->shouldOpenQS  set targetPage=QS
07-29 14:10:31.939  4916  4916 I SystemUi--Common: ScrollTranslationValue-->resetPanelTranslationY
07-29 14:10:31.939  4916  4916 I SystemUi--QuickSettings: OplusPanelViewPagerController-->initExpanded downExpanded=NONE downOnRight=true targetPage=QS downOnYHotArea=true  isKeyguardShowing=false isOnKeyguard=false fractionListeners.size=0 currentQsFraction=0.0 currentNotifyFraction=0.0 hasCalledDownEvent=true getScrollXHotZone=([Rect(0, 0 - 1080, 2376)], [Rect(-1, -1 - -1, -1), Rect(157, 1999 - 283, 2125), Rect(823, 1999 - 949, 2125)]) getScrollYHotZone=Rect(0, 0 - 1080, 66) notifyExpandedFraction=0.0 isLastUpToExpand=false qsPanelView.translationX=0.0
07-29 14:10:31.939  4916  4916 I SystemUi--QuickSettings: OplusPanelViewPagerController-->shouldOpenQS  set targetPage=QS
07-29 14:10:31.939  4916  4916 I SystemUi--QuickSettings: OplusQSPageViewController-->reset(), pageList size:2 itemCount:2 oldIndex:0 curIndex:0
07-29 14:10:31.939  4916  4916 I SystemUi--QuickSettings: OplusQSRootViewController-->startExpandMotion event: 0, startTracking: false isClosing: false panelClosedOnDown: true
07-29 14:10:31.939  4916  4916 I SystemUi--QuickSettings: OplusQSRootViewController-->initialOffsetOnTouch: 0.0, panelClosedOnDown: true
07-29 14:10:31.939  4916  4916 I SystemUi--QuickSettings: OplusQSRootView-->disallowChildIntercept:false
07-29 14:10:31.939  4916  4916 I SystemUi--QuickSettings: OplusQSRootViewController-->startExpandMotion event: 0, startTracking: false isClosing: false panelClosedOnDown: true
07-29 14:10:31.939  4916  4916 I SystemUi--QuickSettings: OplusQSRootViewController-->initialOffsetOnTouch: 0.0, panelClosedOnDown: true
07-29 14:10:31.939  4916  4916 I SystemUi--QuickSettings: OplusQSRootViewController-->onTouchEvent() ACTION_DOWN, canSlideHToQSOnStatusBar:true, gestureWaitForTouchSlop:true, panelClosedOnDown:true, panelClosingOnDown:false, pointerIndex:0
07-29 14:10:31.939  1997  3117 I SDM     : DemuraIntfImpl::StageAllData: Staged all data to Demura Driver!
07-29 14:10:31.939  1997  3117 I SDM     : HWPeripheralDRM::SetPanelFeature: Set Panel feature property 19
07-29 14:10:31.939  3461  5266 I InputDispatcher: injectInputEvent: targetUid=<not set>, syncMode=WAIT_FOR_FINISHED, timeout=30000ms, policyFlags=0x8000000, event=MotionEvent { action=MOVE, id[0]=0, x[0]=900, y[0]=115.366, eventTime=57775000000, downTime=57762000000, deviceId=4, source=TOUCHSCREEN, displayId=0, eventId=0xd0dfe048}
07-29 14:10:31.940  1997  3117 I SDM     : HWPeripheralDRM::SetPanelFeature: Set Panel feature property 7
07-29 14:10:31.940  3461  4891 I [UAH_CLIENT]: UahEventAcquire, cmdid:68, pkg:none, identity:OplusUAwareInputHelper
07-29 14:10:31.940  1997  3117 I SDM     : DisplayBuiltIn::TriggerDemuraOemPlugIn: Trigger demura oem plugin success
07-29 14:10:31.941  3461  4475 D SystemGestures: detectSwipe: 1
07-29 14:10:31.942  1997  2246 I SDM     : DRMPanelFeatureMgr::ApplyDirtyFeature: Commited panel feature [enabled]: 20-272
07-29 14:10:31.942  1997  2246 I SDM     : DRMPanelFeatureMgr::ApplyDirtyFeature: Commited panel feature [enabled]: 8-271
07-29 14:10:31.952  4916  4916 I SystemUi--QuickSettings: OplusQSRootViewController-->startExpandMotion event: 2, startTracking: true isClosing: false panelClosedOnDown: true
07-29 14:10:31.952  4916  4916 I SystemUi--QuickSettings: OplusQSRootViewController-->endClosing()
07-29 14:10:31.953  4916  4916 I SystemUi--QuickSettings: QSPanelExpandFraction-->updateFraction, stiffness=500.0, finalPosition=0.42683268
07-29 14:10:31.954  3461  5266 I InputDispatcher: injectInputEvent: targetUid=<not set>, syncMode=WAIT_FOR_FINISHED, timeout=30000ms, policyFlags=0x8000000, event=MotionEvent { action=MOVE, id[0]=0, x[0]=900, y[0]=207.3, eventTime=57789000000, downTime=57762000000, deviceId=4, source=TOUCHSCREEN, displayId=0, eventId=0xff9d42d6}
07-29 14:10:31.966  2272  2272 D VRR-[OPlusRefreshRateSelector]: setCurrentModeId 4 type SA
07-29 14:10:31.966  2272  3279 D VRR [OTI-HW]: isStateReady 0
07-29 14:10:31.966  2272  3279 D VRR [OTI-HW]: keep rate.
07-29 14:10:31.966  3461  3656 I DisplayDeviceRepository: Display device changed render timings: "Built-in Screen", renderFrameRate=120.00001, presentationDeadlineNanos=11333333, appVsyncOffsetNanos=1000000
07-29 14:10:31.967  3461  3656 D LogicalDisplayExt: set displayInfo flag FLAG_ROTATES_WITH_CONTENT
07-29 14:10:31.968  3461  3656 D DisplayManagerServiceExtImpl: scheduleTraversalLocked intraversal=false
07-29 14:10:31.968  3461  3656 I DisplayManagerServiceExtImpl: handle logical display changed logicalDisplay=id=0,stack=0,content=true,displayInfo{stack=0,type=1,id=0,uId=local:4630946756802996883,state=ON,pkg=null}
07-29 14:10:31.968  3461  3656 D DisplayManagerService: Delivering display event: displayId=0, event=CHANGED
07-29 14:10:31.968  3461  3832 D BrightnessThermalClamper: Thermal status observer already started
07-29 14:10:31.968  3461  3832 D BrightnessPowerClamper: Power throttling data is missing for configuration data.
07-29 14:10:31.969  2236  2236 D AudioFlingerExtImpl: AudioFlingerExtImpl oplusSetParameters: keyvalue screen_state=on
07-29 14:10:31.969  4916  4916 I SystemUi--QuickSettings: OplusQSRootViewController-->setQsVisible: true rawFraction:0.02052733
07-29 14:10:31.969  3461  3461 E OplusGestureAnimationManagerPolicy: mScreenHeight:2376 mScreenWidth:1080 mRotation:0
07-29 14:10:31.970  4916  4916 I SystemUi--QuickSettings: OplusQSRootViewController-->setListening: true
07-29 14:10:31.970  3461  5266 I InputDispatcher: injectInputEvent: targetUid=<not set>, syncMode=WAIT_FOR_FINISHED, timeout=30000ms, policyFlags=0x8000000, event=MotionEvent { action=MOVE, id[0]=0, x[0]=900, y[0]=312.366, eventTime=57805000000, downTime=57762000000, deviceId=4, source=TOUCHSCREEN, displayId=0, eventId=0xd920cd64}
07-29 14:10:31.970  3461  3654 D OplusVFXScreenEffectFeature: notifySFCompatWindowStateChange entered false
07-29 14:10:31.970  3461  3654 D FSS_FoldScreenBlackCoverController: displayChangeToOn, dc:Display{#0 state=ON size=1080x2376 ROTATION_0}
07-29 14:10:31.970  2272  2530 D [PREVIEW]: SF obtain preview_adapter: 0
07-29 14:10:31.970  2272  2530 D [PREVIEW]: TabletPreviewAdapter::parallel world 0
07-29 14:10:31.971  4916  4916 I SystemUi--QuickSettings: OplusLargeTileContainerViewController-->setListening listening=true
07-29 14:10:31.971  4916  4916 I SystemUi--QuickSettings: QSBrightnessFactory-->setListening listening:true
07-29 14:10:31.971  4916  4916 I SystemUi--QuickSettings: OplusQsBrightnessSliderController-->setListening listening:true mView: com.oplus.systemui.plugins.qs.widget.OplusQsToggleSliderLayout{d3e0acc V.E...... ......ID 558,244-737,643 #7f0a09f0 app:id/qs_brightness_slider_layout alpha=0.0 viewInfo = } value:0
07-29 14:10:31.971  4916  4916 I SystemUi--QuickSettings: OplusQsVolumeSliderController-->updateVolumeSeekBarMaxProgress: isNeedUpdate=true, maxVolumeProgress=16000, seekBarMaxProgress=1600, isInit=false
07-29 14:10:31.971  4916  4916 I SystemUi--QuickSettings: OplusQsVolumeSliderController-->updateVolumeSeekBarProgress: isNeedUpdate=true, isAllowUpdate=true, volumeLevel=0, seekBarLevel=0, initialVolumeSliderProgress=0, initialSeekBarVolumeLevel=-1, progressUpdated=false
07-29 14:10:31.971  4916  4916 I SystemUi--QuickSettings: OplusQsVolumeSliderController-->updateDisableShowVolumeDialog: isQsListening=true
07-29 14:10:31.971  2064  2064 D SensorFeature: name=ssc_screenshot_info ,index = 22
07-29 14:10:31.971  2064  2064 D SensorFeature: write 29 bytes:47485855449,57803864508,158,0
07-29 14:10:31.971  4916  4916 I SystemUi--Device_Panel: OplusQSMyDeviceContainerViewController-->setListening listening: true
07-29 14:10:31.971  4916  4916 I [DevicePlugin].SysUiPluginService.(main): setListening: isListening=true, _isSeparateMode=true
07-29 14:10:31.971  3461  3656 D DisplayManagerService: MSG_REQUEST_TRAVERSAL pendingCompleted=false
07-29 14:10:31.972  4916  4916 I [DevicePlugin].FixedSeparateModelPanel.(main): onCtrCenterShow
07-29 14:10:31.972  4916  4916 I [DevicePlugin].FixedSeparateModelPanel.(main): onResume
07-29 14:10:31.973  2236  2236 D DeviceHalAidl: 0xb400007eeb07c200 DeviceHalAidl::setParameters
07-29 14:10:31.973  2236  2236 D DeviceHalAidl: setParameters: parameters: "screen_state=on"
07-29 14:10:31.973  4916  4916 I SystemUi--Common: NotificationShadeDepthC-->sceneFlag: 0x001, isStart = true, Current sceneFlags: 0x001
07-29 14:10:31.973  4916  5454 D [DevicePlugin].DataInterfaceImp.(DefaultDispatcher-worker-3): safeCall, method:panel_state
07-29 14:10:31.973  1954  8240 I PAL: ResourceManager: setParameter: 11480: Screen State:1
07-29 14:10:31.974  4916  4916 D NavigationBar: restrainNavigationBarInvertColor: true
07-29 14:10:31.974  4916  4916 D RegionSamplingHelper: animation scene, no need register sampling listener
07-29 14:10:31.975  4916  4916 I SystemUi--Common: OplusShadeExpansionStat-->go state: CLOSED -> OPENING
07-29 14:10:31.975  4916  4916 I SystemUi--Common: OplusShadeExpansionStat-->go state: CLOSED -> OPENING
07-29 14:10:31.975  2236  2236 D DeviceHalAidl: 0xb400007eeb07c800 DeviceHalAidl::setParameters
07-29 14:10:31.975  2236  2236 D DeviceHalAidl: setParameters: parameters: "screen_state=on"
07-29 14:10:31.975  3461  3654 D DisplayManagerService: performTraversalInternal pendingTraversal
07-29 14:10:31.975  3461  3654 D DisplayDevice: setLayerStackLocked id=local:4630946756802996883 token=android.os.BinderProxy@c3b3f1a stack=0->0
07-29 14:10:31.975  1954  8240 D AHAL_Module: updateScreenState: usb: 1
07-29 14:10:31.975  4916  4916 I SystemUi--Notification: OplusHeadsUpNotificationViewBinder-->isVisibility: true
07-29 14:10:31.975  2236  2236 D DeviceHalAidl: 0xb400007eeb07ce00 DeviceHalAidl::setParameters
07-29 14:10:31.975  2236  2236 D DeviceHalAidl: setParameters: parameters: "screen_state=on"
