07-29 20:52:21.505  4872  4872 I SystemUi--Statusbar: OplusStatusBarSignalPolicy-->imsIcon: OplusIMSModel(shouldShowVolte=false, shouldShowVowifi=false, simInserted=true, noSim=false, shouldShowVodata=false, shouldShowVo5G=false, vowifiState=false), OplusIMSModel(shouldShowVolte=false, shouldShowVowifi=false, simInserted=false, noSim=true, shouldShowVodata=false, shouldShowVo5G=false, vowifiState=false), noSubs:false, airplaneMode:falsevisible: false ,wifiConnect:false , vowifiIcon:0 , voDataStatus:false, is5GNewCall:false
07-29 20:52:21.505  1955  4497 I Dpps    : LtmSwState::SetParameter():144 ignore cmd 7 in state LtmOffState
07-29 20:52:21.505  4872  4872 I SystemUi--Statusbar: OplusStatusBarSignalPolicy-->noSimIcon simState: SimStateModel(simInserted=[true, false], simForbidden=[false, true], simStateIMSI=[true, false], simLoaded=[true, false]), noSubs:false isAirplaneMode:false
07-29 20:52:21.506  4872  4872 I SystemUi--Statusbar: OplusMobileIconViewModel-->isVisible subId:1 isAirplaneMode:false isAllowedDuringAirplaneMode:false isForceHidden:false isSatelliteForbid:false
07-29 20:52:21.506  4872  4872 I SystemUi--Statusbar: OplusStatusBarMobileViewBinder-->isVisible:true
07-29 20:52:21.506  4872  4872 I SystemUi--Statusbar: OplusStatusBarMobileViewBinder-->isVisible:true
07-29 20:52:21.506  4872  4872 I SystemUi--Statusbar: OplusStatusBarMobileViewBinder-->isVisible:true
07-29 20:52:21.506  4872  4872 I SystemUi--Statusbar: OplusStatusBarMobileViewBinder-->isVisible:true
07-29 20:52:21.506  4872  4872 I SystemUi--Statusbar: OplusStatusBarMobileViewBinder-->isVisible:true
07-29 20:52:21.506  5114  8459 D txpwrJni: sendRadioStatus start
07-29 20:52:21.506  5157  5157 I QImsService: OplusWifiApmStateMgr : ACTION_AIRPLANE_MODE_CHANGED,mIsAirplaneModeOn: false
07-29 20:52:21.506  5157  5157 I QImsService: OplusImsServiceSubImpl : onTurnOffImsAfterWifiChanged : false
07-29 20:52:21.506  5157  5157 I QImsService: OplusImsServiceSubImpl : onTurnOffImsAfterWifiChanged : false
07-29 20:52:21.506  3504  5414 W SensorService: SensorEventConnection sensor handle=1362, package = com.oplus.nas.comm.event.ElevatorEvent enable
07-29 20:52:21.506  3504  5414 E SensorService: Required app com.oplus.nas.comm.event.ElevatorEvent, uid 1000, pid 5048
07-29 20:52:21.506  4872  5181 D SimStateHelper: slot:0, lock state:Bundle[mParcelledData.dataSize=56]
07-29 20:52:21.507  3504  5414 D SensorService: Calling batch handle==1362 flags=0rate=200000000 timeout== 0
07-29 20:52:21.507  3504  5414 D SensorService: SensorDevice::batch: ident=0xb40000765a719000, handle=0x00000552, flags=0, period_ns=200000000 timeout=0
07-29 20:52:21.507  3504  5414 D SensorService: 	>>> actuating h/w BATCH 0x00000552 200000000 0
07-29 20:52:21.507  1901  1901 I sensors-hal: batch:153, qti.sensor.elevator_detect/1362, period=200000000, max_latency=0
07-29 20:52:21.507  1901  1901 I sensors-hal: batch:175, qti.sensor.elevator_detect/1362, period=200000000, max_latency=0 request completed
07-29 20:52:21.507  4872  5181 D SimStateHelper: slot:1, lock state:Bundle[mParcelledData.dataSize=56]
07-29 20:52:21.507  4872  5181 D SimStateHelper: needDisableMenu: slot1State=-1; slot2State=-1
07-29 20:52:21.507  4872  5181 D SimStateHelper: needDisableMenu:false
07-29 20:52:21.507  3504  4533 D WifiActiveModeWarden: Starting primary ClientModeManager in scan only mode
07-29 20:52:21.507  3504  5414 D SensorService: Calling activate on 1362
07-29 20:52:21.507  3504  5414 D SensorService: SensorDevice::activate: ident=0xb40000765a719000, handle=0x00000552, enabled=1, count=1
07-29 20:52:21.507  3504  5414 D SensorService: enable index=0
07-29 20:52:21.507  3504  5414 D SensorService: info.numActiveClients() = 1, info.isActive = 0
07-29 20:52:21.507  3504  5414 D SensorService: activateHardware = 1
07-29 20:52:21.507  3504  5414 D SensorService: 	>>> actuating h/w activate handle=1362 enabled=1
07-29 20:52:21.507  1901  1901 I sensors-hal: activate:112, qti.sensor.elevator_detect/1362 en=1
07-29 20:52:21.507  1901  1901 I sensors-hal: acquire_qsh_interface:131, acquire_qsh_interface with sensor_id 28 , conn_type 2 
07-29 20:52:21.507  4969  4969 D PhoneGlobals: ACTION_AIRPLANE_MODE_CHANGED received
07-29 20:52:21.507  4969  4969 D PhoneGlobals: Receive ACTION_AIRPLANE_MODE_CHANGED, state: false
07-29 20:52:21.507  4969  4969 I PhoneGlobals: handleAirplaneModeChange: isAirplaneNewlyOn=false
07-29 20:52:21.508  4969  4969 D PhoneGlobals: handleAirplaneModeChange: isAirplaneNewlyOn = false, cellState = 2
07-29 20:52:21.508  5074  5074 I HidlServiceManagement: Trying to get transport of vendor.oplus.hardware.appradio@1.0::IOplusAppRadio/oplus_app_slot1 without hwservicemanager
07-29 20:52:21.508  4969  4969 I PhoneGlobals: Turning radio on - airplane
07-29 20:52:21.508  5074  5074 E NhsAppRIL/0: in getOplusRadioProxy getService: Exception: java.util.NoSuchElementException
07-29 20:52:21.508  5231  5231 D NetworkService[0]: onAirPlaneModeChange isAirPlaneModeOn:false
07-29 20:52:21.508  5231  5231 D NetworkService[1]: onAirPlaneModeChange isAirPlaneModeOn:false
07-29 20:52:21.508  5231  5231 D QuickChangeAirplaneModeEvent: airplane mode off
07-29 20:52:21.508  5231  5231 W Settings: Setting airplane_mode_on has moved from android.provider.Settings.System to android.provider.Settings.Global, returning read-only value.
07-29 20:52:21.508  1837  1893 E minksocket: MinkIPC ERROR: ( 1837:1893 ) MinkIPC_preProcess:272 Client down, but cannot find corresponding minksession
07-29 20:52:21.508  1837  1878 E minksocket: MinkIPC ERROR: ( 1837:1878 ) MinkIPC_preProcess:272 Client down, but cannot find corresponding minksession
07-29 20:52:21.509  5074  5074 D NhsElevatorReceiver: enableElevatorDetect mIsElevSensorReg = false
07-29 20:52:21.509  5074  5074 V SystemSensorManagerExtImpl: RegisterListener elevator_detect  Wakeup type:33171036 delay:200000us by t0.g$b@96e7a38 from com.oplus.nhs
07-29 20:52:21.509  3504  4876 D SensorService: createSensorEventConnection packageName = t0.g, opPackageName = com.oplus.nhs, mCurrentOperatingMode = 0, requestedMode = 0
07-29 20:52:21.509  1837  1878 E minksocket: MinkIPC ERROR: ( 1837:1878 ) MinkIPC_preProcess:272 Client down, but cannot find corresponding minksession
07-29 20:52:21.509  3504  4533 D WifiController: DisabledState.exit()
07-29 20:52:21.509  1837  1893 E minksocket: MinkIPC ERROR: ( 1837:1893 ) MinkIPC_preProcess:272 Client down, but cannot find corresponding minksession
07-29 20:52:21.509  5231  5231 D RadioMessenger: handleMessage Request msgid 2215
07-29 20:52:21.509  3504  4533 D WifiController: EnabledState.enter()
07-29 20:52:21.509  3504  4533 D WifiClientModeManager[59273:unknown]: entering IdleState
07-29 20:52:21.510  1837  1893 E minksocket: MinkIPC ERROR: ( 1837:1893 ) MinkIPC_preProcess:272 Client down, but cannot find corresponding minksession
07-29 20:52:21.510  1837  1878 E minksocket: MinkIPC ERROR: ( 1837:1878 ) MinkIPC_preProcess:272 Client down, but cannot find corresponding minksession
07-29 20:52:21.510  1901  1901 I sensors-hal: qsh_qmi:34, qsh_qmi
07-29 20:52:21.510  1901  1901 I sensors-hal: send_sync_sensor_request:443, send sync request
07-29 20:52:21.510  1901  1901 I sensors-hal: send_sync_sensor_request:472, wait for notification of response
07-29 20:52:21.510  1837  1878 E minksocket: MinkIPC ERROR: ( 1837:1878 ) MinkIPC_preProcess:272 Client down, but cannot find corresponding minksession
07-29 20:52:21.510  1912  1912 W android.hardware.wifi-service: No active wlan interfaces in use! Using default
07-29 20:52:21.510  1837  1893 E minksocket: MinkIPC ERROR: ( 1837:1893 ) MinkIPC_preProcess:272 Client down, but cannot find corresponding minksession
07-29 20:52:21.511  5048  6023 D ResidenceLocSm: onPreHandleMessage 49
07-29 20:52:21.511  5048  6023 D ResidenceLocSm: onPostHandleMessage 49
07-29 20:52:21.511  4872  4872 D RowAnimatorExtImpl: init:tx,view:StatusBarIconView(slot='volume' alpha=1.0 icon=StatusBarIcon(icon=Icon(typ=RESOURCE pkg=com.android.systemui id=0x7f0818f0) visible user=0 ) visibleState=ICON iconColor=#ccffffff staticDrawableColor=#ccffffff decorColor=#ffffffff animationStartColor=#0 currentSetColor=#ccffffff notification=null),translationX:  9.0  0.0  
07-29 20:52:21.511  4872  4872 D RowAnimatorExtImpl: init:tx,view:StatusBarIconView(slot='zen' alpha=1.0 icon=StatusBarIcon(icon=Icon(typ=RESOURCE pkg=com.android.systemui id=0x7f0818e1) visible user=0 ) visibleState=ICON iconColor=#ccffffff staticDrawableColor=#ccffffff decorColor=#ffffffff animationStartColor=#0 currentSetColor=#ccffffff notification=null),translationX:  57.0  48.0  
07-29 20:52:21.511  5231  5231 D RadioProxyJ: [PHONE0][99]> getNecData moduleId:1 evtId:[0, 16, 0, 0, 0, 0, 0, 0, 0, 0, 0, 0, 0, 0, 0, 0, 0, 0, 0, 0, 0, 0, 0, 0, 0, 0, 0, 0, 0, 0, 0, 0]
07-29 20:52:21.511  1901 13037 I sensors-hal: qsh_conn_resp_cb:793, resp_value = 0 for elevator_detect 
07-29 20:52:21.511  1901  1901 I sensors-hal: send_sync_sensor_request:478, takes 0 ms to receive the response with 0
07-29 20:52:21.511  1901  1901 I sensors-hal: activate:131, qti.sensor.elevator_detect/1362 en=1 completed
07-29 20:52:21.511  4872  4872 D RowAnimatorExtImpl: init:tx,view:StatusBarIconView(slot='volume' alpha=1.0 icon=StatusBarIcon(icon=Icon(typ=RESOURCE pkg=com.android.systemui id=0x7f0818f0) visible user=0 ) visibleState=ICON iconColor=#ccffffff staticDrawableColor=#ccffffff decorColor=#ffffffff animationStartColor=#0 currentSetColor=#ccffffff notification=null),translationX:  9.0  0.0  
07-29 20:52:21.511  3504  5414 D SensorService: 0xb40000765a719000 addFd fd=974
07-29 20:52:21.511  4872  4872 D RowAnimatorExtImpl: init:tx,view:StatusBarIconView(slot='zen' alpha=1.0 icon=StatusBarIcon(icon=Icon(typ=RESOURCE pkg=com.android.systemui id=0x7f0818e1) visible user=0 ) visibleState=ICON iconColor=#ccffffff staticDrawableColor=#ccffffff decorColor=#ffffffff animationStartColor=#0 currentSetColor=#ccffffff notification=null),translationX:  57.0  48.0  
07-29 20:52:21.511  5048  6068 D ElevatorEvent: elevator:registerForElevatorDetect  , true mIsElevSensorReg = true
07-29 20:52:21.511  5048  6068 D SceneEvent: registerSensorMgr start
07-29 20:52:21.511  5048  6068 D SceneEvent: registerSensorMgr already start,return
07-29 20:52:21.512  4872  4872 D RowAnimatorExtImpl: init:tx,view:StatusBarIconView(slot='volume' alpha=1.0 icon=StatusBarIcon(icon=Icon(typ=RESOURCE pkg=com.android.systemui id=0x7f0818f0) visible user=0 ) visibleState=ICON iconColor=#ccffffff staticDrawableColor=#ccffffff decorColor=#ffffffff animationStartColor=#0 currentSetColor=#ccffffff notification=null),translationX:  9.0  0.0  
07-29 20:52:21.512  4872  4872 D RowAnimatorExtImpl: init:tx,view:StatusBarIconView(slot='zen' alpha=1.0 icon=StatusBarIcon(icon=Icon(typ=RESOURCE pkg=com.android.systemui id=0x7f0818e1) visible user=0 ) visibleState=ICON iconColor=#ccffffff staticDrawableColor=#ccffffff decorColor=#ffffffff animationStartColor=#0 currentSetColor=#ccffffff notification=null),translationX:  57.0  48.0  
07-29 20:52:21.512  3504  4533 D OplusWifiConcurrentManager: isConcurrentCombinationAllowed : createMode= 0, requestType =-1
07-29 20:52:21.512  3452  3498 D QmiVsClient: getNecData - enter
07-29 20:52:21.512  3452  3498 E QmiVsClient: sendAsyncRequest QMI_VS_GET_NEC_DATA_REQ_MSG_V01 ret 0
07-29 20:52:21.513  3504  4533 I HalDevMgr: currentModeId=3, requestModeId=3, currentModeIdValid=true
07-29 20:52:21.513  3504  5851 W SensorService: SensorEventConnection sensor handle=1362, package = t0.g enable
07-29 20:52:21.513  3504  5851 E SensorService: Required app t0.g, uid 1001, pid 5074
07-29 20:52:21.513  3504  5851 D SensorService: Calling batch handle==1362 flags=0rate=200000000 timeout== 0
07-29 20:52:21.513  3504  5851 D SensorService: SensorDevice::batch: ident=0xb40000771527f640, handle=0x00000552, flags=0, period_ns=200000000 timeout=0
07-29 20:52:21.513  3504  5851 D SensorService: Calling activate on 1362
07-29 20:52:21.513  3504  5851 D SensorService: SensorDevice::activate: ident=0xb40000771527f640, handle=0x00000552, enabled=1, count=2
07-29 20:52:21.513  3504  5851 D SensorService: enable index=1
07-29 20:52:21.513  3504  5851 D SensorService: info.numActiveClients() = 2, info.isActive = 1
07-29 20:52:21.513  3504  5851 D SensorService: activateHardware = 0
07-29 20:52:21.513  3504  5851 D SensorService: 0xb40000771527f640 addFd fd=978
07-29 20:52:21.513  5074  5074 D NhsElevatorReceiver: elevator:registerForElevatorDetect  , true mIsElevSensorReg = true
07-29 20:52:21.513  5074  5074 D NhsSceneReceiver: registerSensorMgr start
07-29 20:52:21.513  1912  1912 D WifiHAL : wifi_set_interface_mode: ifname=wlan0 iface_type=0
07-29 20:52:21.513  5074  5074 V SystemSensorManagerExtImpl: RegisterListener oplus_activity_recognition  Wakeup type:33171037 delay:200000us by t0.k$a@c974a11 from com.oplus.nhs
07-29 20:52:21.513  3504  4876 D SensorService: createSensorEventConnection packageName = t0.k, opPackageName = com.oplus.nhs, mCurrentOperatingMode = 0, requestedMode = 0
07-29 20:52:21.513  1912  1912 I android.hardware.wifi-service: Adding interface handle for wifi-aware0
07-29 20:52:21.514  1912  1912 I android.hardware.wifi-service: Adding interface handle for wlan0
07-29 20:52:21.514  1912  1912 I android.hardware.wifi-service: Adding interface handle for p2p0
07-29 20:52:21.514  3504  5851 W SensorService: SensorEventConnection sensor handle=1372, package = t0.k enable
07-29 20:52:21.514  3504  5851 E SensorService: Required app t0.k, uid 1001, pid 5074
07-29 20:52:21.514  3504  5851 D SensorService: enable sensor send lastEvent 1372
07-29 20:52:21.514  3504  5851 D SensorService: Calling batch handle==1372 flags=0rate=200000000 timeout== 0
07-29 20:52:21.514  3504  5851 D SensorService: SensorDevice::batch: ident=0xb400007715449080, handle=0x0000055c, flags=0, period_ns=200000000 timeout=0
07-29 20:52:21.514  3504  5851 D SensorService: Calling activate on 1372
07-29 20:52:21.514  3504  5851 D SensorService: SensorDevice::activate: ident=0xb400007715449080, handle=0x0000055c, enabled=1, count=4
07-29 20:52:21.514  3504  5851 D SensorService: enable index=3
07-29 20:52:21.514  3504  5851 D SensorService: info.numActiveClients() = 4, info.isActive = 1
07-29 20:52:21.514  3504  5851 D SensorService: activateHardware = 0
07-29 20:52:21.514  3504  5851 D SensorService: 0xb400007715449080 addFd fd=987
07-29 20:52:21.514  5074  5074 D NhsSceneReceiver: sensor name is oplus_activity_recognition  Wakeup, registerState:true
07-29 20:52:21.516  5074  5074 D NhsSceneReceiver: onAccuracyChanged
07-29 20:52:21.516  5074  5074 E NhsAppRILMsger: EVENT_REQ_EVENT_DONE Error received :com.android.internal.telephony.CommandException: RADIO_NOT_AVAILABLE
07-29 20:52:21.516  5074  5611 D NhsSceneReceiver: onSensorChanged: name = oplus_activity_recognition  Wakeup
07-29 20:52:21.516  5074  5611 D NhsSceneReceiver: enter still_state
07-29 20:52:21.516  3452  3933 D QmiVsClient: getNecData callback - enter
07-29 20:52:21.516  3452  3498 D VsProxy : handleMessage msg is 4001
07-29 20:52:21.516  3452  3498 D RadioProxy: getNecData : response cb for instance 0
07-29 20:52:21.516  5231  5291 D RadioProxyJ: [PHONE0][99]< getNecDataResponse ******
07-29 20:52:21.517  5231  5231 D MessengerResponseHandler: handleMessage Response msgid 206
07-29 20:52:21.517  3504  4533 D HalDevMgr: updateRttController: no one is interested in RTT controllers
07-29 20:52:21.517  3504  4533 E HalDevMgr: removeP2pAndSapCombination do nothing: mIsAddedP2pAndSapCombination = false
07-29 20:52:21.517  1912  1912 W android.hardware.wifi-service: AIBinder_linkToDeath is being called with a non-null cookie and no onUnlink callback set. This might not be intended. AIBinder_DeathRecipient_setOnUnlinked should be called first.
07-29 20:52:21.517  1912  1912 I android.hardware.wifi-service: twtRegisterEvents is not supported-3
07-29 20:52:21.518  1912  1912 W android.hardware.wifi-service: AIBinder_linkToDeath is being called with a non-null cookie and no onUnlink callback set. This might not be intended. AIBinder_DeathRecipient_setOnUnlinked should be called first.
07-29 20:52:21.518  1912  1912 D WifiHAL : wifi_get_chip_capabilities: max mlo assoc link cnt: 2 str link cnt 2
07-29 20:52:21.519  3504  4533 D WifiNl80211Manager: Setting up interface for client mode: wlan0
07-29 20:52:21.519  2771  2771 I wificond: Current driver country code US
07-29 20:52:21.519  3504  5851 D WifiNl80211Manager: OnRegDomainChanged US
07-29 20:52:21.519  2771  2771 I wificond: createClientInterface: wiphy_index 0 iface_name wlan0
07-29 20:52:21.519  3504  5851 D WifiNative: onCountryCodeChanged: US
07-29 20:52:21.519  3504  5851 I WifiCountryCode: Receive onDriverCountryCodeChanged US
07-29 20:52:21.520  2771  2771 I wificond: create scanner for interface with index: 27
07-29 20:52:21.520  2771  2771 I wificond: subscribe scan result for interface with index: 27
07-29 20:52:21.520  3504  5851 D WifiScanRequestProxy: Sending scan available broadcast: true
07-29 20:52:21.520  3504  4544 I WifiScanningService: Received a request to enable scanning, UID = 1000
07-29 20:52:21.520  3504  5851 I WifiScanRequestProxy: Scanning is enabled
07-29 20:52:21.520  3504  5851 I WifiScanRequestProxy: Scanning for hidden networks is disabled
07-29 20:52:21.520  3504  3504 D OplusWifiBroadCastDispatcher: mBroadcastReceiver: onReceiver  action=android.net.wifi.action.WIFI_SCAN_AVAILABILITY_CHANGED
07-29 20:52:21.520  3504  4661 D OplusWifiPower_ConnLpmEventObsever: onReceive EXTRA_SCAN_AVAILABLE availabe = true
07-29 20:52:21.520  3504  4661 D OplusWifiPowerService: onReceive action:android.net.wifi.action.WIFI_SCAN_AVAILABILITY_CHANGED
07-29 20:52:21.520  3504  4661 D OplusWifiSwitchStateMonitor: scan settings change to true
07-29 20:52:21.520  2771  2771 I wificond: add channel type 0 support at wiphy index: 0
07-29 20:52:21.520  2771  2771 I wificond: add channel type 1 support at wiphy index: 0
07-29 20:52:21.520  7106  7106 I OsAgent : onReceive: android.net.wifi.action.WIFI_SCAN_AVAILABILITY_CHANGED
07-29 20:52:21.521  7106  7857 I OsAgent : updateWiFiScanAvailState, scanAvailable: true
07-29 20:52:21.521  7106  7857 D OsAgentAidlClient: [bool_dataitem_update][1570] [HC] =>> [HS]
07-29 20:52:21.521  3504  4533 I WifiNative: Interface state changed on Iface:{Name=wlan0,Id=1,Type=STA_SCAN}, isUp=true
07-29 20:52:21.521  1869  1935 I LocSvc_SystemStatusOsObserver: sendCachedDataItems:471] DataItem: IS_WIFI_HARDWARE_ON: true >> Wiper
07-29 20:52:21.522  3504  5851 W BestClock: java.time.DateTimeException: Missing network time fix
07-29 20:52:21.522  1912  1912 I WifiHAL : mpdu_size_threshold : 128, aggressive_statistics_gathering : 0
07-29 20:52:21.522  3504  4533 I WifiNative: Successfully setup Iface:{Name=wlan0,Id=1,Type=STA_SCAN}
07-29 20:52:21.522  1736  1788 E TetherController: property_get sys.radio.data.modem_share_flag return 0, 1!
07-29 20:52:21.522  3504  4533 E SupplicantStaIfaceHalAidlImpl: Can't call getKeyMgmtCapabilities, ISupplicantStaIface is null for iface=wlan0
07-29 20:52:21.522  1869  1962 I LocSvc_api_v02: ---> locClientSendReq line 2409 QMI_LOC_NOTIFY_WIFI_ENABLED_STATUS_REQ_V02
07-29 20:52:21.523  3504  5851 W BestClock: java.time.DateTimeException: Missing network time fix
07-29 20:52:21.523  1912  1943 I WifiHAL : wifi_get_supported_radio_combinations_matrix: enter
07-29 20:52:21.523  1912  1943 I WifiHAL : wifi_parse_radio_combinations_matrix: radio_combinations[1]: num_radio_configurations 1
07-29 20:52:21.523  1912  1943 I WifiHAL : wifi_parse_radio_combinations_matrix: radio_combinations[2]: num_radio_configurations 1
07-29 20:52:21.523  1912  1943 I WifiHAL : wifi_parse_radio_combinations_matrix: radio_combinations[3]: num_radio_configurations 1
07-29 20:52:21.523  1912  1943 I WifiHAL : wifi_parse_radio_combinations_matrix: radio_combinations[4]: num_radio_configurations 2
07-29 20:52:21.523  1912  1943 I WifiHAL : wifi_parse_radio_combinations_matrix: radio_combinations[5]: num_radio_configurations 2
07-29 20:52:21.523  1912  1943 I WifiHAL : wifi_parse_radio_combinations_matrix: radio_combinations[6]: num_radio_configurations 2
07-29 20:52:21.523  1912  1943 I WifiHAL : wifi_parse_radio_combinations_matrix: num_radio_combinations 6, radio_matrix_size 100
07-29 20:52:21.523  3504  4533 E SupplicantStaIfaceHalAidlImpl: Can't call getWpaDriverCapabilities, ISupplicantStaIface is null for iface=wlan0
07-29 20:52:21.523  3504  4533 E WifiStaIfaceAidlImpl: getTwtCapabilities failed with service-specific exception: android.os.ServiceSpecificException:  (code 4)
07-29 20:52:21.524  3504  5851 W BestClock: java.time.DateTimeException: Missing network time fix
07-29 20:52:21.524  3504  4533 E WifiChipAidlImpl: enableStaChannelForPeerNetwork failed with service-specific exception: android.os.ServiceSpecificException:  (code 4)
07-29 20:52:21.524  3504  4533 D WifiNative: setWifiNativeInterfaceEventCallback
07-29 20:52:21.524  3504  4533 D WifiClientModeManager[59273:wlan0]: entering StartedState
07-29 20:52:21.524  1912  1943 E WifiHAL : wifi_get_gscan_capabilities: GSCAN is not supported by driver
07-29 20:52:21.524  3504  4544 E WifiStaIfaceAidlImpl: getBackgroundScanCapabilities failed with service-specific exception: android.os.ServiceSpecificException:  (code 4)
07-29 20:52:21.524  3504  4533 D WifiClientModeManager[59273:wlan0]: entering ScanOnlyModeState
07-29 20:52:21.524  3504  4533 D WifiScanRequestProxy: Sending scan available broadcast: true
07-29 20:52:21.524  3504  4533 I WifiScanRequestProxy: Scanning is enabled
07-29 20:52:21.525  3504  4533 I WifiScanRequestProxy: Scanning for hidden networks is disabled
07-29 20:52:21.525  5048  6026 W BestClock: java.time.DateTimeException: Missing network time fix
07-29 20:52:21.525  1912  1943 D WifiHAL : wifi_multi_sta_set_use_case: 0
07-29 20:52:21.525  5048  6026 V MonthTrafficAlert: getWarningNotification subId:1 numWarningNotificaion:0
07-29 20:52:21.525  3504  4533 D WifiCountryCode: evaluateAllCmmStateAndApplyIfAllReady: {ConcreteClientModeManager{id=59273 iface=wlan0 role=ROLE_CLIENT_SCAN_ONLY}=true}
07-29 20:52:21.525  3504  3504 D OplusWifiBroadCastDispatcher: mBroadcastReceiver: onReceiver  action=android.net.wifi.action.WIFI_SCAN_AVAILABILITY_CHANGED
07-29 20:52:21.525  3504  4533 D WifiCountryCode: Reading country code from telephony
07-29 20:52:21.525  3504  4533 D WifiCountryCode: Set telephony country code to: 
07-29 20:52:21.525  3504  4533 D WifiCountryCode: updateCountryCode to US
07-29 20:52:21.525  3504  4533 D WifiCountryCode: setCountryCodeNative: US, isClientModeOnly: true mDriverCountryCode: US
07-29 20:52:21.525  3504  4661 D OplusWifiPower_ConnLpmEventObsever: onReceive EXTRA_SCAN_AVAILABLE availabe = true
07-29 20:52:21.525  7106  7106 I OsAgent : onReceive: android.net.wifi.action.WIFI_SCAN_AVAILABILITY_CHANGED
07-29 20:52:21.525  3504  4661 D OplusWifiPowerService: onReceive action:android.net.wifi.action.WIFI_SCAN_AVAILABILITY_CHANGED
07-29 20:52:21.525  3504  4661 D OplusWifiSwitchStateMonitor: scan settings change to true
07-29 20:52:21.525  7106  7857 I OsAgent : updateWiFiScanAvailState, scanAvailable: true
07-29 20:52:21.526  3504  4544 I WifiScanningService: Created a new impl for wlan0
07-29 20:52:21.526  3504  4544 I WifiScanningService: Received a request to enable scanning, UID = 1000
07-29 20:52:21.526  3504  4544 I WifiScanningService: scanner impls already exists
07-29 20:52:21.526  3504  4544 I WifiScanningService: wifi driver loaded with scan capabilities: max buckets=16
07-29 20:52:21.526  3504  4544 E WifiScanningService: wifi driver loaded received while already loaded
07-29 20:52:21.528  3504  4876 W BestClock: java.time.DateTimeException: Missing network time fix
07-29 20:52:21.529  4872  5831 V OplusCustomizeCacheManager: queryCache name: sys.cache.common_customize_cache18014 param: null
07-29 20:52:21.529  4872  5831 V OplusCustomizeCacheManager: queryCache name: sys.cache.common_customize_cache18017 param: Bundle[{SETTING=BLOCK, BUSINESS=NCT-DATA}]
07-29 20:52:21.529  4872  5831 V OplusCustomizeCacheManager: queryCache name: sys.cache.common_customize_cache18013 param: null
07-29 20:52:21.531  1869  3991 I LocSvc_ApiV02: <--- globalRespCb line 282 QMI_LOC_NOTIFY_WIFI_ENABLED_STATUS_REQ_V02
07-29 20:52:21.531  3504  4876 W BestClock: java.time.DateTimeException: Missing network time fix
07-29 20:52:21.532  3504  5851 W BestClock: java.time.DateTimeException: Missing network time fix
07-29 20:52:21.533  4872  5831 V OplusCustomizeCacheManager: queryCache name: sys.cache.common_customize_cache18014 param: null
07-29 20:52:21.533  4872  5831 V OplusCustomizeCacheManager: queryCache name: sys.cache.common_customize_cache18017 param: Bundle[{SETTING=BLOCK, BUSINESS=NCT-DATA}]
07-29 20:52:21.533  4872  5831 V OplusCustomizeCacheManager: queryCache name: sys.cache.common_customize_cache18013 param: null
07-29 20:52:21.534  3504  5851 W BestClock: java.time.DateTimeException: Missing network time fix
07-29 20:52:21.535  3504  4876 W BestClock: java.time.DateTimeException: Missing network time fix
07-29 20:52:21.536  4872  5831 V OplusCustomizeCacheManager: queryCache name: sys.cache.common_customize_cache18014 param: null
07-29 20:52:21.536  4872  5831 V OplusCustomizeCacheManager: queryCache name: sys.cache.common_customize_cache18017 param: Bundle[{SETTING=BLOCK, BUSINESS=NCT-DATA}]
07-29 20:52:21.536  4872  5831 V OplusCustomizeCacheManager: queryCache name: sys.cache.common_customize_cache18013 param: null
07-29 20:52:21.538  1901  6866 I sensors-hal: qsh_conn_event_cb:756, event[0] msg_id=1025, ts=1220729537, sensor_type = oplus_activity_recognition  Wakeup
07-29 20:52:21.538  1901  6866 E sensors-hal: handle_sns_std_sensor_event:72, oplus_activity_recognition output: count: 1.000000, index: 1.000000, incar_state: 0.000000, actvity_mode: 3.000000, delta_time: 0.000000 !
07-29 20:52:21.539  5074  5611 D NhsSceneReceiver: onSensorChanged: name = oplus_activity_recognition  Wakeup
07-29 20:52:21.539  5048  5602 D SceneEvent: onSensorChanged: name = oplus_activity_recognition  Wakeup
07-29 20:52:21.543  5185  6287 D IWlanJni: getDataRegistrationState start
07-29 20:52:21.543  5185  6287 D IWlanJni: getDataRegistrationState start
07-29 20:52:21.543  5185  6306 D IWlanJni: new aidl event arrived
07-29 20:52:21.543  5185  6306 D IWlanJni: handleEvent 10
07-29 20:52:21.543  5185  6306 D IWlanJni: isThreadAttached start
07-29 20:52:21.543  5185  6306 D IWlanJni: jni detached
07-29 20:52:21.544  5185  6306 D IWlanJni: jni attached
07-29 20:52:21.544  3504  5851 I OplusBinderProxy: pb uid: 10215 pid: 11070 desc: com.android.internal.telephony.IPhoneStateListener/10
07-29 20:52:21.544  5231  5231 D SubsysEventListenerManager-SubsysTelephonyCallback[0]: onSignalStrengthsChanged
07-29 20:52:21.544  4969  4969 D OplusTelephonyController: onSignalStrengthChanged: SignalStrength=SignalStrength:{mCdma=CellSignalStrengthCdma: cdmaDbm=2147483647 cdmaEcio=2147483647 evdoDbm=2147483647 evdoEcio=2147483647 evdoSnr=2147483647 level=0,mGsm=CellSignalStrengthGsm: rssi=2147483647 ber=2147483647 mTa=2147483647 mLevel=0,mWcdma=CellSignalStrengthWcdma: ss=2147483647 ber=2147483647 rscp=2147483647 ecno=2147483647 level=0,mTdscdma=CellSignalStrengthTdscdma: rssi=2147483647 ber=2147483647 rscp=2147483647 level=0,mLte=CellSignalStrengthLte: rssi=2147483647 rsrp=2147483647 rsrq=2147483647 rssnr=2147483647 cqiTableIndex=2147483647 cqi=2147483647 ta=2147483647 level=0 parametersUseForLevel=0,mNr=CellSignalStrengthNr:{ csiRsrp = 2147483647 csiRsrq = 2147483647 csiCqiTableIndex = 2147483647 csiCqiReport = [] ssRsrp = 2147483647 ssRsrq = 2147483647 ssSinr = 2147483647 level = 0 parametersUseForLevel = 0 timingAdvance = 2147483647 },primary=CellSignalStrengthLte}
07-29 20:52:21.544  5185  6306 D IWlanJni: getDataRegistrationStateResponse start
07-29 20:52:21.544  5185  6306 D IWlanJni: getJavaCallbackClass start
07-29 20:52:21.544  5185  6306 D IWlanJni: getJavaCallbackClass End midIs[1]
07-29 20:52:21.544  5185  6306 I IWlanAidlClient: getDataRegistrationStateResponse called
07-29 20:52:21.545  5185  6305 W IWlanNetworkService: 7 > Response Processed
07-29 20:52:21.545  5185  6299 D IWlanJni: new aidl event arrived
07-29 20:52:21.545  5185  6299 D IWlanJni: handleEvent 10
07-29 20:52:21.545  5185  6299 D IWlanJni: isThreadAttached start
07-29 20:52:21.545  5185  6299 D IWlanJni: jni detached
07-29 20:52:21.545  5185  6299 D IWlanJni: jni attached
07-29 20:52:21.545  5185  6299 D IWlanJni: getDataRegistrationStateResponse start
07-29 20:52:21.545  5185  6299 D IWlanJni: getJavaCallbackClass start
07-29 20:52:21.545  5185  6299 D IWlanJni: getJavaCallbackClass End midIs[1]
07-29 20:52:21.545  5185  6299 I IWlanAidlClient: getDataRegistrationStateResponse called
07-29 20:52:21.545  5185  6298 W IWlanNetworkService: 6 > Response Processed
07-29 20:52:21.546  1869  4433 E LOCRIL_SESSION: operator():200] SubId: 1 Failed to get sim IO with error: 11
07-29 20:52:21.546  2771  2771 I wificond: Regulatory domain changed to country: US on wiphy_index: 0
07-29 20:52:21.546  6407  6407 I wpa_supplicant: p2p0: CTRL-EVENT-REGDOM-CHANGE init=DRIVER type=COUNTRY alpha2=US
07-29 20:52:21.546  2771  2771 I wificond: UpdateBandInfo
07-29 20:52:21.546  3504  5414 D WifiNl80211Manager: OnRegDomainChanged US
07-29 20:52:21.546  3504  5414 D WifiNative: onCountryCodeChanged: US
07-29 20:52:21.546  3504  5414 I WifiCountryCode: Receive onDriverCountryCodeChanged US
07-29 20:52:21.546  3504  5414 D WifiScanRequestProxy: Sending scan available broadcast: true
07-29 20:52:21.546  3504  5414 I WifiScanRequestProxy: Scanning is enabled
07-29 20:52:21.546  3504  5414 I WifiScanRequestProxy: Scanning for hidden networks is disabled
07-29 20:52:21.546  3504  4544 I WifiScanningService: Received a request to enable scanning, UID = 1000
07-29 20:52:21.546  3504  4544 I WifiScanningService: scanner impls already exists
07-29 20:52:21.546  3504  4544 E WifiScanningService: wifi driver loaded received while already loaded
07-29 20:52:21.546  3504  3504 D OplusWifiBroadCastDispatcher: mBroadcastReceiver: onReceiver  action=android.net.wifi.action.WIFI_SCAN_AVAILABILITY_CHANGED
07-29 20:52:21.546  2771  2771 I wificond: 2.4Ghz frequencies: 2412 2417 2422 2427 2432 2437 2442 2447 2452 2457 2462
07-29 20:52:21.546  2771  2771 I wificond: 5Ghz non-DFS frequencies: 5180 5200 5220 5240 5745 5765 5785 5805 5825
07-29 20:52:21.546  2771  2771 I wificond: 5Ghz DFS frequencies: 5260 5280 5300 5320 5500 5520 5540 5560 5580 5600 5620 5640 5660 5680 5700
07-29 20:52:21.546  2771  2771 I wificond: 6Ghz frequencies:
07-29 20:52:21.546  2771  2771 I wificond: 60Ghz frequencies:
07-29 20:52:21.547  3504  4661 D OplusWifiPower_ConnLpmEventObsever: onReceive EXTRA_SCAN_AVAILABLE availabe = true
07-29 20:52:21.547  5231  6450 D VendorTelephonyService: onTelephonyEventReport slotId =0 eventId=6030
07-29 20:52:21.547  3504  4661 D OplusWifiPowerService: onReceive action:android.net.wifi.action.WIFI_SCAN_AVAILABILITY_CHANGED
07-29 20:52:21.547  3504  4661 D OplusWifiSwitchStateMonitor: scan settings change to true
07-29 20:52:21.547  5231  6450 D VendorTelephonyService: onTelephonyEventReport slotId =0 eventId=6030
07-29 20:52:21.547  5231  5231 D VendorCallService: notityEventUpdate, eventId:6030, slotId = 0
07-29 20:52:21.548  5048 12816 D SaDataService: onTelephonyEventReport , subId= 0,slotId=-1 eventId=6030
07-29 20:52:21.548  5048 12816 D TelephonyImpl: notify eventId:6030 for list size:2
07-29 20:52:21.548  7106  7106 I OsAgent : onReceive: android.net.wifi.action.WIFI_SCAN_AVAILABILITY_CHANGED
07-29 20:52:21.548  7106  7857 I OsAgent : updateWiFiScanAvailState, scanAvailable: true
07-29 20:52:21.549  5185  6287 D IWlanJni: getDataRegistrationState start
07-29 20:52:21.549  1869  4433 E LOCRIL_SESSION: operator():241] SubId: 1 Failed to get sim IMSI with error: 11
07-29 20:52:21.549  5185  6306 D IWlanJni: new aidl event arrived
07-29 20:52:21.549  5185  6306 D IWlanJni: handleEvent 10
07-29 20:52:21.549  5185  6306 D IWlanJni: isThreadAttached start
07-29 20:52:21.549  5185  6306 D IWlanJni: jni detached
07-29 20:52:21.549  5185  6306 D IWlanJni: jni attached
07-29 20:52:21.549  5185  6306 D IWlanJni: getDataRegistrationStateResponse start
07-29 20:52:21.549  5185  6306 D IWlanJni: getJavaCallbackClass start
07-29 20:52:21.549  5185  6306 D IWlanJni: getJavaCallbackClass End midIs[1]
07-29 20:52:21.549  5185  6306 I IWlanAidlClient: getDataRegistrationStateResponse called
07-29 20:52:21.550  1869  4433 E LOCRIL_SESSION: operator():200] SubId: 1 Failed to get sim IO with error: 11
07-29 20:52:21.551  5185  6287 D IWlanJni: getDataRegistrationState start
07-29 20:52:21.551  1869  4433 E LOCRIL_SESSION: operator():241] SubId: 1 Failed to get sim IMSI with error: 11
07-29 20:52:21.551  3504  4876 W BestClock: java.time.DateTimeException: Missing network time fix
07-29 20:52:21.552  5185  6305 W IWlanNetworkService: 8 > Response Processed
07-29 20:52:21.552  5185  6299 D IWlanJni: new aidl event arrived
07-29 20:52:21.552  5185  6299 D IWlanJni: handleEvent 10
07-29 20:52:21.552  5185  6299 D IWlanJni: isThreadAttached start
07-29 20:52:21.552  5185  6299 D IWlanJni: jni detached
07-29 20:52:21.552  5185  6299 D IWlanJni: jni attached
07-29 20:52:21.552  5185  6299 D IWlanJni: getDataRegistrationStateResponse start
07-29 20:52:21.552  5185  6299 D IWlanJni: getJavaCallbackClass start
07-29 20:52:21.552  5185  6299 D IWlanJni: getJavaCallbackClass End midIs[1]
07-29 20:52:21.552  5185  6299 I IWlanAidlClient: getDataRegistrationStateResponse called
07-29 20:52:21.552  1869  3712 W LOCRIL_SESSION: operator():307] cellInfo list size is 0, Voice state: 3, data state: 3
07-29 20:52:21.552  5185  6298 W IWlanNetworkService: 9 > Response Processed
07-29 20:52:21.553  3504  5851 W BestClock: java.time.DateTimeException: Missing network time fix
07-29 20:52:21.553  5231  6450 D VendorTelephonyService: onTelephonyEventReport slotId =0 eventId=6030
07-29 20:52:21.553  5048 12816 D SaDataService: onTelephonyEventReport , subId= 0,slotId=-1 eventId=6030
07-29 20:52:21.553  5231  6450 D VendorTelephonyService: onTelephonyEventReport slotId =0 eventId=6030
07-29 20:52:21.553  5048 12816 D TelephonyImpl: notify eventId:6030 for list size:2
07-29 20:52:21.553  5035  5062 D QtiOemHookAidl: oemHookRawIndication length=24
07-29 20:52:21.553  5231  5231 D VendorCallService: notityEventUpdate, eventId:6030, slotId = 0
07-29 20:52:21.553  4872  5831 V OplusCustomizeCacheManager: queryCache name: sys.cache.common_customize_cache18014 param: null
07-29 20:52:21.553  4872  5831 V OplusCustomizeCacheManager: queryCache name: sys.cache.common_customize_cache18017 param: Bundle[{SETTING=BLOCK, BUSINESS=NCT-DATA}]
07-29 20:52:21.553  4872  5831 V OplusCustomizeCacheManager: queryCache name: sys.cache.common_customize_cache18013 param: null
07-29 20:52:21.554  5035  5035 D QcrilMsgTunnelIfaceManager: handleMessage what = 0
07-29 20:52:21.554  5035  8531 D QtiOemHookAidl: oemHookRawIndication length=24
07-29 20:52:21.554  5035  5035 D QcrilMsgTunnelIfaceManager: handleMessage what = 0
07-29 20:52:21.555  5157  5977 I QImsService: ImsRadioIndicationAidl : onRadioStateChanged()[SUB1]
07-29 20:52:21.555  5157  5977 I QImsService: ImsSenderRxr : [UNSL]< UNSOL_RADIO_STATE_CHANGED RADIO_ON[SUB1]
07-29 20:52:21.555  5185  6287 D IWlanJni: getDataRegistrationState start
07-29 20:52:21.556  5185  6306 D IWlanJni: new aidl event arrived
07-29 20:52:21.556  5157  5894 I QImsService: ImsRadioIndicationAidl : onRadioStateChanged()[SUB0]
07-29 20:52:21.556  5157  5894 I QImsService: ImsSenderRxr : [UNSL]< UNSOL_RADIO_STATE_CHANGED RADIO_ON[SUB0]
07-29 20:52:21.557  5185  6306 D IWlanJni: handleEvent 10
07-29 20:52:21.557  5185  6306 D IWlanJni: isThreadAttached start
07-29 20:52:21.557  5185  6306 D IWlanJni: jni detached
07-29 20:52:21.557  5185  6306 D IWlanJni: jni attached
07-29 20:52:21.557  5185  6306 D IWlanJni: getDataRegistrationStateResponse start
07-29 20:52:21.557  5185  6306 D IWlanJni: getJavaCallbackClass start
07-29 20:52:21.557  5185  6306 D IWlanJni: getJavaCallbackClass End midIs[1]
07-29 20:52:21.557  5185  6306 I IWlanAidlClient: getDataRegistrationStateResponse called
07-29 20:52:21.557  2033  2033 E PowerMonitorService: Failed to open /proc/horae_qmi (2): No such file or directory
07-29 20:52:21.557  5035  5035 D QC_RIL_OEM_HOOK: Received Broadcast Intent ACTION_UNSOL_RESPONSE_OEM_HOOK_RAW
07-29 20:52:21.557  5035  5035 D DeviceStatisticsService: onReceive: action= org.codeaurora.intent.action.RADIO_POWER_STATE
07-29 20:52:21.557  5035  5035 I DeviceStatisticsService: Receiving radio_power_state_changed, mIsDeviceInfoInitialized = true
07-29 20:52:21.557  5035  5035 I DeviceStatisticsService: radio power state changed to 1 for slot: 1
07-29 20:52:21.557  5035  5035 D QC_RIL_OEM_HOOK: Received Broadcast Intent ACTION_UNSOL_RESPONSE_OEM_HOOK_RAW
07-29 20:52:21.558  5185  6305 W IWlanNetworkService: 10 > Response Processed
07-29 20:52:21.559  1869  4433 E LOCRIL_SESSION: operator():200] SubId: 1 Failed to get sim IO with error: 11
07-29 20:52:21.559  4872  5181 I SystemUi--QuickSettings: Tile.OplusCellularTile-->updateCarrierText: dialog not showing, ignore
07-29 20:52:21.559  1869  4433 E LOCRIL_SESSION: operator():241] SubId: 1 Failed to get sim IMSI with error: 11
07-29 20:52:21.560  4872  5181 D SimStateHelper: slot:0, lock state:Bundle[mParcelledData.dataSize=56]
07-29 20:52:21.560  4969  4969 D ServiceStateProvider: subId=1
07-29 20:52:21.560  4872  5181 D SimStateHelper: slot:1, lock state:Bundle[mParcelledData.dataSize=56]
07-29 20:52:21.560  4872  5181 D SimStateHelper: needDisableMenu: slot1State=-1; slot2State=-1
07-29 20:52:21.560  4872  5181 D SimStateHelper: needDisableMenu:false
07-29 20:52:21.560  5048  5137 D SaDataService: onTelephonyEventReport , subId= 0,slotId=-1 eventId=6030
07-29 20:52:21.560  5048  5137 D TelephonyImpl: notify eventId:6030 for list size:2
07-29 20:52:21.561  5231  6450 D VendorTelephonyService: onTelephonyEventReport slotId =0 eventId=6030
07-29 20:52:21.561  5231  6450 D VendorTelephonyService: onTelephonyEventReport slotId =0 eventId=6030
07-29 20:52:21.561  5231  5231 D VendorCallService: notityEventUpdate, eventId:6030, slotId = 0
07-29 20:52:21.561  1869  3712 W LOCRIL_SESSION: operator():307] cellInfo list size is 0, Voice state: 3, data state: 3
07-29 20:52:21.561  3504  4694 V SettingsProvider: deleteSystemSetting(OPLUS_SLA_LAST_MCC, 0)
07-29 20:52:21.561  3504  4694 D SettingsProvider: delete system settings OPLUS_****_MCC pkg is  android user id is 0
07-29 20:52:21.562  5157  5157 I QImsService: OplusPhoneStateTracker : onServiceStateChanged
07-29 20:52:21.562  5157  5157 I QImsService: OplusPhoneStateTracker : onServiceStateChanged
07-29 20:52:21.562  3504  4694 W OplusSlaManager: updateMCC curMCC empty!
07-29 20:52:21.562  4969  4969 D QC_RIL_OEM_HOOK: Received Broadcast Intent ACTION_UNSOL_RESPONSE_OEM_HOOK_RAW
07-29 20:52:21.562  4969  4969 D QC_RIL_OEM_HOOK: Received Broadcast Intent ACTION_UNSOL_RESPONSE_OEM_HOOK_RAW
07-29 20:52:21.563  4969  4969 D QC_RIL_OEM_HOOK: Received Broadcast Intent ACTION_UNSOL_RESPONSE_OEM_HOOK_RAW
07-29 20:52:21.563  4969  4969 D OplusPowerUpOptimizationImpl: onReceive: org.codeaurora.intent.action.RADIO_POWER_STATE
07-29 20:52:21.563  4872  5224 I SystemUi--Statusbar: MobileConnectionRepositoryImpl-->subId:1 isSoftSimCard:false slotId:0
07-29 20:52:21.563  5231  6208 D EfsNvDumpUnit[0]: onServiceStateChanged: voice reg state: OUT_OF_SERVICE data reg state: OUT_OF_SERVICE
07-29 20:52:21.563  4969  5578 D OplusPowerUpOptimizationImpl: handleMessage what = 6
07-29 20:52:21.563  4969  5578 D OplusPowerUpOptimizationImpl: radio is available for slot: 1
07-29 20:52:21.563  4969  5578 D OplusPowerUpOptimizationImpl: trySendPhoneReady for slot: 1
07-29 20:52:21.563  4969  5578 D OplusPowerUpOptimizationImpl: Not sending ATEL ready: States: [1: {true, true, true, true}]
07-29 20:52:21.563  5231  6208 D cellularState[0]: handleMessage: E msg.what=4
07-29 20:52:21.563  5231  6208 D cellularState[0]: processMsg: DataCallingState
07-29 20:52:21.563  5231  6208 D cellularState[0]: processMsg: NetworkAttachedState
07-29 20:52:21.563  5231  6208 D cellularState[0]: processMsg: SimReadyState
07-29 20:52:21.563  5231  6208 D cellularState[0]: processMsg: DefaultState
07-29 20:52:21.563  5231  6208 E cellularState[0]:  - unhandledMessage: msg.what=4
07-29 20:52:21.563  5231  6208 D cellularState[0]: handleMessage: X
07-29 20:52:21.563  3504  5413 W BestClock: java.time.DateTimeException: Missing network time fix
07-29 20:52:21.564  5231  5231 D SubsysEventListenerManager-SubsysTelephonyCallback[0]: onServiceStateChanged
07-29 20:52:21.564  5231  5231 D ChinaRoamingControl: registTelephonyEvent onServiceStateChanged eventId:5, VoiceRegState:1, DataRegState:1
07-29 20:52:21.564  3504  5851 W ContextImpl: Calling a method in the system process without a qualified user: android.app.ContextImpl.sendBroadcastMultiplePermissions:1311 android.content.Context.sendBroadcastMultiplePermissions:2524 com.android.server.TelephonyRegistry.broadcastServiceStateChanged:3740 com.android.server.TelephonyRegistry.notifyServiceStateForPhoneId:1787 com.android.internal.telephony.ITelephonyRegistry$Stub.onTransact:546 
07-29 20:52:21.564  5231  5231 D QuickChangeAirplaneModeEvent: onServiceStateChanged slotId:0
07-29 20:52:21.565  5048  6023 D T-Recommend: onPreHandleMessage 1000
07-29 20:52:21.565  5231  5231 D QuickChangeAirplaneModeEvent: isBothCardInService is false
07-29 20:52:21.565  5048  6023 E CellularEvent: nri null ps
07-29 20:52:21.565  5048  6023 E CellularEvent: invalid nri
07-29 20:52:21.565  5231  5231 D MsimSubModeManager: registTelephonyEvent onServiceStateChanged eventId:3, VoiceRegState:1, DataRegState:1
07-29 20:52:21.565  5048  6023 D T-Recommend: onPostHandleMessage 1000
07-29 20:52:21.565  5231  5231 E ExtremeCommUtils: getSwitchRusSupportMcc invalid index 1
07-29 20:52:21.565  5231  5231 D ExtremeCommUtils: isSupporCheck rusContain:false,propContain(persist.sys.oplus.support_hyper_uplink_mcc):false
07-29 20:52:21.565  5231  5231 D ExtremeCommService: handleServiceStateChanged mcc is null
07-29 20:52:21.565  5231  5231 D ChinaRoamingControl: handleMessage what:5
07-29 20:52:21.565  5231  5231 D MsimSubModeManager: handleMessage what:3
07-29 20:52:21.565  5231  5231 D MsimSubModeManager: getMsimSimServiceIn() i:0,mServiceState:1
07-29 20:52:21.565  5231  5231 D MsimSubModeManager: getMsimSimServiceIn() i:1,mServiceState:1
07-29 20:52:21.565  3504  5851 W ContextImpl: Calling a method in the system process without a qualified user: android.app.ContextImpl.sendBroadcastMultiplePermissions:1344 com.android.server.TelephonyRegistry.broadcastServiceStateChanged:3745 com.android.server.TelephonyRegistry.notifyServiceStateForPhoneId:1787 com.android.internal.telephony.ITelephonyRegistry$Stub.onTransact:546 android.os.Binder.execTransactInternal:1523 
07-29 20:52:21.565  3504  5413 W BestClock: java.time.DateTimeException: Missing network time fix
07-29 20:52:21.565  5048  6026 D OplusLinkBoostCommon: dds servicestate change
07-29 20:52:21.566  3504  5851 W ContextImpl: Calling a method in the system process without a qualified user: android.app.ContextImpl.sendBroadcastMultiplePermissions:1344 com.android.server.TelephonyRegistry.broadcastServiceStateChanged:3754 com.android.server.TelephonyRegistry.notifyServiceStateForPhoneId:1787 com.android.internal.telephony.ITelephonyRegistry$Stub.onTransact:546 android.os.Binder.execTransactInternal:1523 
07-29 20:52:21.566  5048  6027 D NAS-CallIssueDetector: onServiceStateChanged
07-29 20:52:21.566  5048  6027 D OplusCiwlanController: [vodata] processServiceStateChanged  phoneid = 0, original roaming type = -1,roaming type = 0
07-29 20:52:21.566  5048  6027 D OplusCiwlanController: [vodata] processServiceStateChanged  phoneid = 1, original roaming type = -1,roaming type = 0
07-29 20:52:21.566  3504  5851 W ContextImpl: Calling a method in the system process without a qualified user: android.app.ContextImpl.sendBroadcastMultiplePermissions:1344 com.android.server.TelephonyRegistry.broadcastServiceStateChanged:3760 com.android.server.TelephonyRegistry.notifyServiceStateForPhoneId:1787 com.android.internal.telephony.ITelephonyRegistry$Stub.onTransact:546 android.os.Binder.execTransactInternal:1523 
07-29 20:52:21.567  3504  3713 D LocationManagerService: passive provider added registration from 1000/android[CountryDetector]/988C0EEE -> Request[PASSIVE, minUpdateInterval=0, WorkSource{1000 android}] permissionLevel: 2 permitted: true
07-29 20:52:21.567  4872  5831 V OplusCustomizeCacheManager: queryCache name: sys.cache.common_customize_cache18014 param: null
07-29 20:52:21.567  4872  5831 V OplusCustomizeCacheManager: queryCache name: sys.cache.common_customize_cache18017 param: Bundle[{SETTING=BLOCK, BUSINESS=NCT-DATA}]
07-29 20:52:21.567  4872  5831 V OplusCustomizeCacheManager: queryCache name: sys.cache.common_customize_cache18013 param: null
07-29 20:52:21.567  5185  6287 D IWlanJni: getDataRegistrationState start
07-29 20:52:21.568  5231  5231 D SubsysEventListenerManager-SubsysTelephonyCallback[0]: onRadioPowerStateChanged state:1
07-29 20:52:21.568  5035  5035 D DeviceInfoAidlClient: onRadioPowerStateChanged
07-29 20:52:21.568  5035  5035 D DeviceInfoAidlClient: mRadioStateHdlr handleMessage()1
07-29 20:52:21.568  5035  5035 D DeviceInfoAidlClient: isRadioOn()=true
07-29 20:52:21.568  5035  5035 I DeviceInfoAidlClient: sendFeaturesSupported: power info support-true interactive state support-true
07-29 20:52:21.569  5048  6068 D OplusSubWaySlowRecovery: getPreferSubId return 1
07-29 20:52:21.569  5048  6068 D SaDataFailRecovery/0: current is not in service,reset alarm
07-29 20:52:21.569  5048  6068 D OplusScanQrCodeRecoveryImpl: msg.what=3
07-29 20:52:21.570  5035  5035 D DeviceStatisticsService: onReceive: action= org.codeaurora.intent.action.RADIO_POWER_STATE
07-29 20:52:21.570  5035  5035 I DeviceStatisticsService: Receiving radio_power_state_changed, mIsDeviceInfoInitialized = true
07-29 20:52:21.570  5035  5035 I DeviceStatisticsService: radio power state changed to 1 for slot: 0
07-29 20:52:21.570  5035  5035 D DeviceInfoAidlClient: isRadioOn()=true
07-29 20:52:21.570  5035  5035 I DeviceInfoAidlClient: sendFeaturesSupported: power info support-true interactive state support-true
07-29 20:52:21.570  5185  6306 D IWlanJni: new aidl event arrived
07-29 20:52:21.570  5185  6306 D IWlanJni: handleEvent 10
07-29 20:52:21.570  5185  6306 D IWlanJni: isThreadAttached start
07-29 20:52:21.570  5185  6306 D IWlanJni: jni detached
07-29 20:52:21.570  5185  6306 D IWlanJni: jni attached
07-29 20:52:21.570  5185  6306 D IWlanJni: getDataRegistrationStateResponse start
07-29 20:52:21.570  5185  6306 D IWlanJni: getJavaCallbackClass start
07-29 20:52:21.570  5185  6306 D IWlanJni: getJavaCallbackClass End midIs[1]
07-29 20:52:21.570  5185  6306 I IWlanAidlClient: getDataRegistrationStateResponse called
07-29 20:52:21.570  5185  6305 W IWlanNetworkService: 11 > Response Processed
07-29 20:52:21.570  5943  5943 D CellBroadcastReceiver: onReceive Intent { act=android.intent.action.SERVICE_STATE flg=0x1000010 cmp=com.android.cellbroadcastreceiver.module/com.android.cellbroadcastreceiver.CellBroadcastReceiver (has extras) }
07-29 20:52:21.571  5035  5062 I DeviceInfoAidlClient: onPowerInfoReportingChanged - reporting enabled true [15, 20, 30, 50, 80]
07-29 20:52:21.571  5035  5062 D DeviceInfoAidlClient: isRadioOn()=true
07-29 20:52:21.571  5035  5062 I DeviceInfoAidlClient: isPowerInfoNeverSent=true batteryLevel=100 batteryLevelIndex=5 chargingMode=2 totalCapacity=4646000 powerSaveMode=false
07-29 20:52:21.571  5035  8531 I DeviceInfoAidlClient: onDeviceInfoReportingChanged - reporting enabled true
07-29 20:52:21.571  5943  5943 D CellBroadcastReceiver: onServiceStateChanged, ss: 1
07-29 20:52:21.571  5035  8531 D DeviceInfoAidlClient: getDeviceInfoSupportStatus()=1
07-29 20:52:21.571  5035  8531 D DeviceInfoAidlClient: isRadioOn()=true
07-29 20:52:21.571  5035  8531 I DeviceInfoAidlClient: deviceState=2
07-29 20:52:21.572  5035  8531 I DeviceInfoAidlClient: onPowerInfoReportingChanged - reporting enabled true [15, 20, 30, 50, 80]
07-29 20:52:21.572  5035  8531 D DeviceInfoAidlClient: isRadioOn()=true
07-29 20:52:21.572  5035  8531 I DeviceInfoAidlClient: isPowerInfoNeverSent=false batteryLevel=100 batteryLevelIndex=5 chargingMode=2 totalCapacity=4646000 powerSaveMode=false
07-29 20:52:21.572  5035  8531 I DeviceInfoAidlClient: onDeviceInfoReportingChanged - reporting enabled true
07-29 20:52:21.572  5035  8531 D DeviceInfoAidlClient: getDeviceInfoSupportStatus()=1
07-29 20:52:21.572  5035  8531 D DeviceInfoAidlClient: isRadioOn()=true
07-29 20:52:21.572  5035  8531 I DeviceInfoAidlClient: deviceState=2
07-29 20:52:21.573  5185  6287 D IWlanJni: getDataRegistrationState start
07-29 20:52:21.574  3504  5413 W BestClock: java.time.DateTimeException: Missing network time fix
07-29 20:52:21.574  5943  5943 D CellBroadcastReceiver: networkOperator: 
07-29 20:52:21.575  5943  5943 D CellBroadcastReceiver: mockmodem is running? = false
07-29 20:52:21.575  5943  5943 D CellBroadcastReceiver: Start Cell Broadcast configuration for intent=ACTION_ENABLE_CHANNELS
07-29 20:52:21.575  3504  5395 W BestClock: java.time.DateTimeException: Missing network time fix
07-29 20:52:21.575  3504  4533 D WifiNative: onSetCountryCodeSucceeded: US
07-29 20:52:21.575  3504  4533 I WifiCountryCode: Receive onSetCountryCodeSucceeded US
07-29 20:52:21.576  3504  4533 I WifiNl80211Manager: Receive country code change to US
07-29 20:52:21.576  3504  4533 D WifiScanRequestProxy: Sending scan available broadcast: true
