07-29 20:52:20.271  4872  4872 I SystemUi--Keyguard: ScrimControllerExImp-->blur State to UNLOCK, bouncer=false changeFromBouncerScrim= false runnerUnlock= false goingAway=false hasHandle=true isOccludeAnimationPlaying=false
07-29 20:52:20.271  3504  5389 I InputDispatcher: injectInputEvent: targetUid=<not set>, syncMode=WAIT_FOR_FINISHED, timeout=30000ms, policyFlags=0x8000000, event=MotionEvent { action=MOVE, id[0]=0, x[0]=900, y[0]=903.366, eventTime=58037000000, downTime=57904000000, deviceId=5, source=TOUCHSCREEN, displayId=0, eventId=0xefa596f2}
07-29 20:52:20.271  4872  4872 I SystemUi--Keyguard: ScrimControllerExImp-->blur State to UNLOCK, bouncer=false changeFromBouncerScrim= false runnerUnlock= false goingAway=false hasHandle=true isOccludeAnimationPlaying=false
07-29 20:52:20.275  3504  3844 D VRR [OPlusSAManager]: setSAConfig scene: VRR_90_120 modeId: 4 auto: true fakeFrame: true
07-29 20:52:20.275  3504  3844 D VRR [OPlusSAManager]: updateAutoMinfps with nits: 121.59548, mHistOK true, mAmbientOK true, mCctOK true, mIrOK true, mBrightnessOK true, isPkgOK true, SA min fps: 119
07-29 20:52:20.275  3504  3844 D VRR [OPlusSurfaceFlingerController]: setAutoMode enable: true fakeFrame: true fps: 119
07-29 20:52:20.275  2185  2366 I VRR-[OPlusAdfrUtil]: ADFR try set Auto mode with mode 1 fakeframe 1 min fps 119
07-29 20:52:20.275  2185  2366 D VRR-[OPlusRefreshRateSelector]: OSyncModes add size is 1.
07-29 20:52:20.275  2185  2366 I VRR-[OPlusRefreshRateSelector]: updateAutoMode success, display 0, mode 0, fakeframe 1, min fps: 1
07-29 20:52:20.275  2185  3317 D VRR-[OPlusRefreshRateSelector]: handleSetHWCOSync
07-29 20:52:20.275  2185  3317 D VRR-[OPlusRefreshRateSelector]: OSyncModes remaining size is 0.
07-29 20:52:20.275  2185  3317 D VRR-[OPlusRefreshRateSelector]: SetHWCOSync with 5CC08181
07-29 20:52:20.275  1955  3310 I SDM     : DisplayBuiltIn::SetQSyncMode: VRR + update qsync mode 0 minfps 00C08181
07-29 20:52:20.277  1955  2247 E SDM     : DRMConnector::Perform: Connector 67: Setting Qsync min fps 12616065
07-29 20:52:20.279  4872  4872 I SystemUi--Keyguard: ScrimControllerExImp-->blur State to UNLOCK, bouncer=false changeFromBouncerScrim= false runnerUnlock= false goingAway=false hasHandle=true isOccludeAnimationPlaying=false
07-29 20:52:20.279  3504  5389 I InputDispatcher: injectInputEvent: targetUid=<not set>, syncMode=WAIT_FOR_FINISHED, timeout=30000ms, policyFlags=0x8000000, event=MotionEvent { action=MOVE, id[0]=0, x[0]=900, y[0]=955.9, eventTime=58045000000, downTime=57904000000, deviceId=5, source=TOUCHSCREEN, displayId=0, eventId=0xfc575efe}
07-29 20:52:20.279  4872  4872 I SystemUi--Keyguard: ScrimControllerExImp-->blur State to UNLOCK, bouncer=false changeFromBouncerScrim= false runnerUnlock= false goingAway=false hasHandle=true isOccludeAnimationPlaying=false
07-29 20:52:20.281  4872  5280 I SystemUi--Statusbar: PrivacyDotViewController-->processNextViewState: 
07-29 20:52:20.281  4872  5280 I SystemUi--Statusbar: PrivacyDotViewController-->resolveState ViewState(viewInitialized=true, systemPrivacyEventIsActive=false, shadeExpanded=true, needShow=false, portraitRect=Rect(0, 0 - 1080, 120), landscapeRect=Rect(120, 0 - 2376, 120), upsideDownRect=Rect(0, 0 - 1080, 120), seascapeRect=Rect(0, 0 - 2244, 120), layoutRtl=false, rotation=0, paddingTop=14, paddingBottom=15, cornerIndex=1, designatedCorner=android.widget.FrameLayout{ccf3c94 I.E...... ......ID 1032,0-1080,120 #7f0a09cd app:id/privacy_dot_top_right_container alpha=1.0 viewInfo = }, contentDescription=null, dotMargin=48)
07-29 20:52:20.287  4872  4872 I SystemUi--Keyguard: ScrimControllerExImp-->blur State to UNLOCK, bouncer=false changeFromBouncerScrim= false runnerUnlock= false goingAway=false hasHandle=true isOccludeAnimationPlaying=false
07-29 20:52:20.287  1950  9443 I SnapAlloc: Using graphics libs for alignment calculations
07-29 20:52:20.287  3504  5389 I InputDispatcher: injectInputEvent: targetUid=<not set>, syncMode=WAIT_FOR_FINISHED, timeout=30000ms, policyFlags=0x8000000, event=MotionEvent { action=MOVE, id[0]=0, x[0]=900, y[0]=1015, eventTime=58054000000, downTime=57904000000, deviceId=5, source=TOUCHSCREEN, displayId=0, eventId=0xfe426996}
07-29 20:52:20.287  4872  4872 I SystemUi--Keyguard: ScrimControllerExImp-->blur State to UNLOCK, bouncer=false changeFromBouncerScrim= false runnerUnlock= false goingAway=false hasHandle=true isOccludeAnimationPlaying=false
07-29 20:52:20.295  4872  4872 I SystemUi--Keyguard: ScrimControllerExImp-->blur State to UNLOCK, bouncer=false changeFromBouncerScrim= false runnerUnlock= false goingAway=false hasHandle=true isOccludeAnimationPlaying=false
07-29 20:52:20.295  3504  5389 I InputDispatcher: injectInputEvent: targetUid=<not set>, syncMode=WAIT_FOR_FINISHED, timeout=30000ms, policyFlags=0x8000000, event=MotionEvent { action=MOVE, id[0]=0, x[0]=900, y[0]=1067.53, eventTime=58062000000, downTime=57904000000, deviceId=5, source=TOUCHSCREEN, displayId=0, eventId=0xf889c0de}
07-29 20:52:20.296  4872  4872 I SystemUi--Keyguard: ScrimControllerExImp-->blur State to UNLOCK, bouncer=false changeFromBouncerScrim= false runnerUnlock= false goingAway=false hasHandle=true isOccludeAnimationPlaying=false
07-29 20:52:20.304  1950  9443 I SnapAlloc: Using graphics libs for alignment calculations
07-29 20:52:20.304  4872  4872 I SystemUi--Keyguard: ScrimControllerExImp-->blur State to UNLOCK, bouncer=false changeFromBouncerScrim= false runnerUnlock= false goingAway=false hasHandle=true isOccludeAnimationPlaying=false
07-29 20:52:20.304  3504  5389 I InputDispatcher: injectInputEvent: targetUid=<not set>, syncMode=WAIT_FOR_FINISHED, timeout=30000ms, policyFlags=0x8000000, event=MotionEvent { action=MOVE, id[0]=0, x[0]=900, y[0]=1120.07, eventTime=58070000000, downTime=57904000000, deviceId=5, source=TOUCHSCREEN, displayId=0, eventId=0xdc938b3c}
07-29 20:52:20.304  4872  4872 I SystemUi--Keyguard: ScrimControllerExImp-->blur State to UNLOCK, bouncer=false changeFromBouncerScrim= false runnerUnlock= false goingAway=false hasHandle=true isOccludeAnimationPlaying=false
07-29 20:52:20.312  4872  4872 I SystemUi--Keyguard: ScrimControllerExImp-->blur State to UNLOCK, bouncer=false changeFromBouncerScrim= false runnerUnlock= false goingAway=false hasHandle=true isOccludeAnimationPlaying=false
07-29 20:52:20.312  3504  5389 I InputDispatcher: injectInputEvent: targetUid=<not set>, syncMode=WAIT_FOR_FINISHED, timeout=30000ms, policyFlags=0x8000000, event=MotionEvent { action=MOVE, id[0]=0, x[0]=900, y[0]=1172.6, eventTime=58078000000, downTime=57904000000, deviceId=5, source=TOUCHSCREEN, displayId=0, eventId=0xc40c2d30}
07-29 20:52:20.312  4872  4872 I SystemUi--Keyguard: ScrimControllerExImp-->blur State to UNLOCK, bouncer=false changeFromBouncerScrim= false runnerUnlock= false goingAway=false hasHandle=true isOccludeAnimationPlaying=false
07-29 20:52:20.320  1950  9443 I SnapAlloc: Using graphics libs for alignment calculations
07-29 20:52:20.320  4872  4872 I SystemUi--Keyguard: ScrimControllerExImp-->blur State to UNLOCK, bouncer=false changeFromBouncerScrim= false runnerUnlock= false goingAway=false hasHandle=true isOccludeAnimationPlaying=false
07-29 20:52:20.321  4872  4872 I SystemUi--Keyguard: ScrimControllerExImp-->blur State to UNLOCK, bouncer=false changeFromBouncerScrim= false runnerUnlock= false goingAway=false hasHandle=true isOccludeAnimationPlaying=false
07-29 20:52:20.321  3504  5389 I InputDispatcher: injectInputEvent: targetUid=<not set>, syncMode=WAIT_FOR_FINISHED, timeout=30000ms, policyFlags=0x8000000, event=MotionEvent { action=MOVE, id[0]=0, x[0]=900, y[0]=1231.7, eventTime=58087000000, downTime=57904000000, deviceId=5, source=TOUCHSCREEN, displayId=0, eventId=0xedb5b0da}
07-29 20:52:20.329  4872  4872 I SystemUi--Keyguard: ScrimControllerExImp-->blur State to UNLOCK, bouncer=false changeFromBouncerScrim= false runnerUnlock= false goingAway=false hasHandle=true isOccludeAnimationPlaying=false
07-29 20:52:20.329  3504  5389 I InputDispatcher: injectInputEvent: targetUid=<not set>, syncMode=WAIT_FOR_FINISHED, timeout=30000ms, policyFlags=0x8000000, event=MotionEvent { action=MOVE, id[0]=0, x[0]=900, y[0]=1284.23, eventTime=58095000000, downTime=57904000000, deviceId=5, source=TOUCHSCREEN, displayId=0, eventId=0xd0483a11}
07-29 20:52:20.329  4872  4872 I SystemUi--Keyguard: ScrimControllerExImp-->blur State to UNLOCK, bouncer=false changeFromBouncerScrim= false runnerUnlock= false goingAway=false hasHandle=true isOccludeAnimationPlaying=false
07-29 20:52:20.331  4872  4872 I SystemUi--QuickSettings: QsLottieUtils-->getLottieAnimFile : qs/qs_flashlight_lottie_active_sep_dual_light.json
07-29 20:52:20.332  4872  4872 I SystemUi--QuickSettings: QsLottieUtils-->getLottieAnimFile : qs/qs_location_lottie_active_sep_dual_light.json
07-29 20:52:20.336  4872 13017 W LOG_Effective: Effective doesn't support layer effects. If you are using them for  fills, strokes, trim paths etc. then try adding them directly as contents  in your shape. Found: [Slider Control]
07-29 20:52:20.336  4872 13017 W LOG_Effective: Animation contains merge paths. Merge paths are only supported on KitKat+ and must be manually enabled by calling enableMergePathsForKitKatAndAbove().
07-29 20:52:20.337  1950  9443 I SnapAlloc: Using graphics libs for alignment calculations
07-29 20:52:20.337  4872  4872 I SystemUi--Keyguard: ScrimControllerExImp-->blur State to UNLOCK, bouncer=false changeFromBouncerScrim= false runnerUnlock= false goingAway=false hasHandle=true isOccludeAnimationPlaying=false
07-29 20:52:20.337  3504  5389 I InputDispatcher: injectInputEvent: targetUid=<not set>, syncMode=WAIT_FOR_FINISHED, timeout=30000ms, policyFlags=0x8000000, event=MotionEvent { action=MOVE, id[0]=0, x[0]=900, y[0]=1336.77, eventTime=58103000000, downTime=57904000000, deviceId=5, source=TOUCHSCREEN, displayId=0, eventId=0xf4a8f65a}
07-29 20:52:20.337  4872  4872 I SystemUi--Keyguard: ScrimControllerExImp-->blur State to UNLOCK, bouncer=false changeFromBouncerScrim= false runnerUnlock= false goingAway=false hasHandle=true isOccludeAnimationPlaying=false
07-29 20:52:20.341  4872  4872 I SystemUi--QuickSettings: QsLottieUtils-->getLottieAnimFile : qs/qs_nfc_lottie_active_sep_dual_light.json
07-29 20:52:20.341  4872  4872 W LOG_Effective: Animation contains merge paths but they are disabled.
07-29 20:52:20.344  4872  5434 D HWUI    : OplusRenderNodeAnimator end!
07-29 20:52:20.344  4872  5434 D HWUI    : OplusRenderNodeAnimator end!
07-29 20:52:20.344  4872  5434 D HWUI    : OplusRenderNodeAnimator end!
07-29 20:52:20.344  4872  5434 D HWUI    : OplusRenderNodeAnimator end!
07-29 20:52:20.344  4872  4872 I SystemUi--Statusbar: CollapsedStatusBarFragmentExImpl-->animateHiddenState onAnimationEnd v:com.oplus.systemui.statusbar.widget.EndSideContentLayout{49d2d06 V.E...... ........ 172,0-440,91 #7f0a0c16 app:id/status_bar_end_side_content alpha=1.0 viewInfo = }  v alpha:1.0 v render alpha:0.0 animateAlpha=0.0
07-29 20:52:20.344  4872  4872 I SystemUi--Statusbar: CollapsedStatusBarFragmentExImpl-->animateHiddenState onAnimationEnd v:com.android.keyguard.AlphaOptimizedLinearLayout{df5eab2 V.E...... ........ 0,0-48,91 alpha=1.0 viewInfo = }  v alpha:1.0 v render alpha:0.0 animateAlpha=0.0
07-29 20:52:20.344  4872  4872 I SystemUi--Statusbar: CollapsedStatusBarFragmentExImpl-->animateHiddenState onAnimationEnd v:com.oplus.systemui.statusbar.seeding.CapsulePluginContainer{27bc979 V.E...... ........ 0,0-1080,120 #7f0a0b3b app:id/seeding_card_container alpha=1.0 viewInfo = }  v alpha:1.0 v render alpha:0.0 animateAlpha=0.0
07-29 20:52:20.344  4872  4872 I SystemUi--Statusbar: CollapsedStatusBarFragmentExImpl-->animateHiddenState onAnimationEnd v:com.oplus.systemui.statusbar.widget.StatClock{75f6678 V.ED..... ........ 0,0-135,91 #7f0a02b9 app:id/clock alpha=1.0 viewInfo = }  v alpha:1.0 v render alpha:0.0 animateAlpha=0.0
07-29 20:52:20.345  4872  4872 I SystemUi--Keyguard: ScrimControllerExImp-->blur State to UNLOCK, bouncer=false changeFromBouncerScrim= false runnerUnlock= false goingAway=false hasHandle=true isOccludeAnimationPlaying=false
07-29 20:52:20.345  4872  4872 I SystemUi--Keyguard: ScrimControllerExImp-->blur State to UNLOCK, bouncer=false changeFromBouncerScrim= false runnerUnlock= false goingAway=false hasHandle=true isOccludeAnimationPlaying=false
07-29 20:52:20.346  3504  5389 I InputDispatcher: injectInputEvent: targetUid=<not set>, syncMode=WAIT_FOR_FINISHED, timeout=30000ms, policyFlags=0x8000000, event=MotionEvent { action=MOVE, id[0]=0, x[0]=900, y[0]=1395.87, eventTime=58112000000, downTime=57904000000, deviceId=5, source=TOUCHSCREEN, displayId=0, eventId=0xd06c8519}
07-29 20:52:20.346  3504  3823 D PowerManagerService: userActivityNoUpdateLocked: groupId=0, eventTime=58112, event=touch, flags=0x0, uid=1000
07-29 20:52:20.353  4872  4872 I SystemUi--Keyguard: ScrimControllerExImp-->blur State to UNLOCK, bouncer=false changeFromBouncerScrim= false runnerUnlock= false goingAway=false hasHandle=true isOccludeAnimationPlaying=false
07-29 20:52:20.353  3504  5389 I InputDispatcher: injectInputEvent: targetUid=<not set>, syncMode=WAIT_FOR_FINISHED, timeout=30000ms, policyFlags=0x8000000, event=MotionEvent { action=MOVE, id[0]=0, x[0]=900, y[0]=1448.4, eventTime=58120000000, downTime=57904000000, deviceId=5, source=TOUCHSCREEN, displayId=0, eventId=0xc57b8af2}
07-29 20:52:20.353  1950  9443 I SnapAlloc: Using graphics libs for alignment calculations
07-29 20:52:20.354  4872  4872 I SystemUi--Keyguard: ScrimControllerExImp-->blur State to UNLOCK, bouncer=false changeFromBouncerScrim= false runnerUnlock= false goingAway=false hasHandle=true isOccludeAnimationPlaying=false
07-29 20:52:20.362  4872  4872 I SystemUi--Keyguard: ScrimControllerExImp-->blur State to UNLOCK, bouncer=false changeFromBouncerScrim= false runnerUnlock= false goingAway=false hasHandle=true isOccludeAnimationPlaying=false
07-29 20:52:20.362  3504  5389 I InputDispatcher: injectInputEvent: targetUid=<not set>, syncMode=WAIT_FOR_FINISHED, timeout=30000ms, policyFlags=0x8000000, event=MotionEvent { action=MOVE, id[0]=0, x[0]=900, y[0]=1500.93, eventTime=58128000000, downTime=57904000000, deviceId=5, source=TOUCHSCREEN, displayId=0, eventId=0xf062f37d}
07-29 20:52:20.362  4872  4872 I SystemUi--Keyguard: ScrimControllerExImp-->blur State to UNLOCK, bouncer=false changeFromBouncerScrim= false runnerUnlock= false goingAway=false hasHandle=true isOccludeAnimationPlaying=false
07-29 20:52:20.370  1950  9443 I SnapAlloc: Using graphics libs for alignment calculations
07-29 20:52:20.370  4872  4872 I SystemUi--Keyguard: ScrimControllerExImp-->blur State to UNLOCK, bouncer=false changeFromBouncerScrim= false runnerUnlock= false goingAway=false hasHandle=true isOccludeAnimationPlaying=false
07-29 20:52:20.370  3504  5389 I InputDispatcher: injectInputEvent: targetUid=<not set>, syncMode=WAIT_FOR_FINISHED, timeout=30000ms, policyFlags=0x8000000, event=MotionEvent { action=MOVE, id[0]=0, x[0]=900, y[0]=1560.03, eventTime=58137000000, downTime=57904000000, deviceId=5, source=TOUCHSCREEN, displayId=0, eventId=0xf11ade2b}
07-29 20:52:20.370  4872  4872 I SystemUi--Keyguard: ScrimControllerExImp-->blur State to UNLOCK, bouncer=false changeFromBouncerScrim= false runnerUnlock= false goingAway=false hasHandle=true isOccludeAnimationPlaying=false
07-29 20:52:20.379  4872  4872 I SystemUi--Keyguard: ScrimControllerExImp-->blur State to UNLOCK, bouncer=false changeFromBouncerScrim= false runnerUnlock= false goingAway=false hasHandle=true isOccludeAnimationPlaying=false
07-29 20:52:20.379  3504  5389 I InputDispatcher: injectInputEvent: targetUid=<not set>, syncMode=WAIT_FOR_FINISHED, timeout=30000ms, policyFlags=0x8000000, event=MotionEvent { action=MOVE, id[0]=0, x[0]=900, y[0]=1612.57, eventTime=58145000000, downTime=57904000000, deviceId=5, source=TOUCHSCREEN, displayId=0, eventId=0xd286f245}
07-29 20:52:20.379  4872  4872 I SystemUi--Keyguard: ScrimControllerExImp-->blur State to UNLOCK, bouncer=false changeFromBouncerScrim= false runnerUnlock= false goingAway=false hasHandle=true isOccludeAnimationPlaying=false
07-29 20:52:20.387  1950  9443 I SnapAlloc: Using graphics libs for alignment calculations
07-29 20:52:20.387  4872  4872 I SystemUi--Keyguard: ScrimControllerExImp-->blur State to UNLOCK, bouncer=false changeFromBouncerScrim= false runnerUnlock= false goingAway=false hasHandle=true isOccludeAnimationPlaying=false
07-29 20:52:20.388  4872  4872 I SystemUi--Keyguard: ScrimControllerExImp-->blur State to UNLOCK, bouncer=false changeFromBouncerScrim= false runnerUnlock= false goingAway=false hasHandle=true isOccludeAnimationPlaying=false
07-29 20:52:20.389  3504  5389 I InputDispatcher: injectInputEvent: targetUid=<not set>, syncMode=WAIT_FOR_FINISHED, timeout=30000ms, policyFlags=0x8000000, event=MotionEvent { action=MOVE, id[0]=0, x[0]=900, y[0]=1678.23, eventTime=58155000000, downTime=57904000000, deviceId=5, source=TOUCHSCREEN, displayId=0, eventId=0xda42ce75}
07-29 20:52:20.395  4872  4872 I SystemUi--Keyguard: ScrimControllerExImp-->blur State to UNLOCK, bouncer=false changeFromBouncerScrim= false runnerUnlock= false goingAway=false hasHandle=true isOccludeAnimationPlaying=false
07-29 20:52:20.395  3504  5389 I InputDispatcher: injectInputEvent: targetUid=<not set>, syncMode=WAIT_FOR_FINISHED, timeout=30000ms, policyFlags=0x8000000, event=MotionEvent { action=MOVE, id[0]=0, x[0]=900, y[0]=1724.2, eventTime=58162000000, downTime=57904000000, deviceId=5, source=TOUCHSCREEN, displayId=0, eventId=0xe8be7eb0}
07-29 20:52:20.396  4872  4872 I SystemUi--Keyguard: ScrimControllerExImp-->blur State to UNLOCK, bouncer=false changeFromBouncerScrim= false runnerUnlock= false goingAway=false hasHandle=true isOccludeAnimationPlaying=false
07-29 20:52:20.403  1950  9443 I SnapAlloc: Using graphics libs for alignment calculations
07-29 20:52:20.404  4872  4872 I SystemUi--Keyguard: ScrimControllerExImp-->blur State to UNLOCK, bouncer=false changeFromBouncerScrim= false runnerUnlock= false goingAway=false hasHandle=true isOccludeAnimationPlaying=false
07-29 20:52:20.404  3504  5389 I InputDispatcher: injectInputEvent: targetUid=<not set>, syncMode=WAIT_FOR_FINISHED, timeout=30000ms, policyFlags=0x8000000, event=MotionEvent { action=MOVE, id[0]=0, x[0]=900, y[0]=1776.73, eventTime=58170000000, downTime=57904000000, deviceId=5, source=TOUCHSCREEN, displayId=0, eventId=0xca3e89fe}
07-29 20:52:20.404  4872  4872 I SystemUi--Keyguard: ScrimControllerExImp-->blur State to UNLOCK, bouncer=false changeFromBouncerScrim= false runnerUnlock= false goingAway=false hasHandle=true isOccludeAnimationPlaying=false
07-29 20:52:20.412  4872  4872 I SystemUi--Keyguard: ScrimControllerExImp-->blur State to UNLOCK, bouncer=false changeFromBouncerScrim= false runnerUnlock= false goingAway=false hasHandle=true isOccludeAnimationPlaying=false
07-29 20:52:20.412  3504  5389 I InputDispatcher: injectInputEvent: targetUid=<not set>, syncMode=WAIT_FOR_FINISHED, timeout=30000ms, policyFlags=0x8000000, event=MotionEvent { action=MOVE, id[0]=0, x[0]=900, y[0]=1829.27, eventTime=58178000000, downTime=57904000000, deviceId=5, source=TOUCHSCREEN, displayId=0, eventId=0xe93ce2f5}
07-29 20:52:20.412  4872  4872 I SystemUi--Keyguard: ScrimControllerExImp-->blur State to UNLOCK, bouncer=false changeFromBouncerScrim= false runnerUnlock= false goingAway=false hasHandle=true isOccludeAnimationPlaying=false
07-29 20:52:20.420  1950  9443 I SnapAlloc: Using graphics libs for alignment calculations
07-29 20:52:20.421  4872  4872 I SystemUi--Keyguard: ScrimControllerExImp-->blur State to UNLOCK, bouncer=false changeFromBouncerScrim= false runnerUnlock= false goingAway=false hasHandle=true isOccludeAnimationPlaying=false
07-29 20:52:20.421  3504  5389 I InputDispatcher: injectInputEvent: targetUid=<not set>, syncMode=WAIT_FOR_FINISHED, timeout=30000ms, policyFlags=0x8000000, event=MotionEvent { action=MOVE, id[0]=0, x[0]=900, y[0]=1888.37, eventTime=58187000000, downTime=57904000000, deviceId=5, source=TOUCHSCREEN, displayId=0, eventId=0xd630edde}
07-29 20:52:20.421  4872  4872 I SystemUi--Keyguard: ScrimControllerExImp-->blur State to UNLOCK, bouncer=false changeFromBouncerScrim= false runnerUnlock= false goingAway=false hasHandle=true isOccludeAnimationPlaying=false
07-29 20:52:20.428  4872  4872 I SystemUi--Keyguard: ScrimControllerExImp-->blur State to UNLOCK, bouncer=false changeFromBouncerScrim= false runnerUnlock= false goingAway=false hasHandle=true isOccludeAnimationPlaying=false
07-29 20:52:20.428  3504  5389 I InputDispatcher: injectInputEvent: targetUid=<not set>, syncMode=WAIT_FOR_FINISHED, timeout=30000ms, policyFlags=0x8000000, event=MotionEvent { action=MOVE, id[0]=0, x[0]=900, y[0]=1940.9, eventTime=58195000000, downTime=57904000000, deviceId=5, source=TOUCHSCREEN, displayId=0, eventId=0xc3459278}
07-29 20:52:20.429  4872  4872 I SystemUi--Keyguard: ScrimControllerExImp-->blur State to UNLOCK, bouncer=false changeFromBouncerScrim= false runnerUnlock= false goingAway=false hasHandle=true isOccludeAnimationPlaying=false
07-29 20:52:20.437  1950  9443 I SnapAlloc: Using graphics libs for alignment calculations
07-29 20:52:20.437  4872  4872 I SystemUi--Keyguard: ScrimControllerExImp-->blur State to UNLOCK, bouncer=false changeFromBouncerScrim= false runnerUnlock= false goingAway=false hasHandle=true isOccludeAnimationPlaying=false
07-29 20:52:20.437  3504  5389 I InputDispatcher: injectInputEvent: targetUid=<not set>, syncMode=WAIT_FOR_FINISHED, timeout=30000ms, policyFlags=0x8000000, event=MotionEvent { action=MOVE, id[0]=0, x[0]=900, y[0]=1993.43, eventTime=58203000000, downTime=57904000000, deviceId=5, source=TOUCHSCREEN, displayId=0, eventId=0xedd02e5f}
07-29 20:52:20.437  4872  4872 I SystemUi--Keyguard: ScrimControllerExImp-->blur State to UNLOCK, bouncer=false changeFromBouncerScrim= false runnerUnlock= false goingAway=false hasHandle=true isOccludeAnimationPlaying=false
07-29 20:52:20.445  4872  4872 I SystemUi--Keyguard: ScrimControllerExImp-->blur State to UNLOCK, bouncer=false changeFromBouncerScrim= false runnerUnlock= false goingAway=false hasHandle=true isOccludeAnimationPlaying=false
07-29 20:52:20.445  4872  4872 I SystemUi--Keyguard: ScrimControllerExImp-->blur State to UNLOCK, bouncer=false changeFromBouncerScrim= false runnerUnlock= false goingAway=false hasHandle=true isOccludeAnimationPlaying=false
07-29 20:52:20.445  3504  5389 I InputDispatcher: injectInputEvent: targetUid=<not set>, syncMode=WAIT_FOR_FINISHED, timeout=30000ms, policyFlags=0x8000000, event=MotionEvent { action=UP, id[0]=0, x[0]=900, y[0]=2000, eventTime=58211000000, downTime=57904000000, deviceId=5, source=TOUCHSCREEN, displayId=0, eventId=0xdee464f0}
07-29 20:52:20.446  3504  4926 D UAH-UahAdaptHelper: adaptSetNotification identity = OplusUAwareInputHelpersrc = 1000 , type 1 ,p1 = -1 ,p2 = -1 ,p3 = -1 ,p4 =
07-29 20:52:20.446  3504  4926 I [UAH_CLIENT]: uahRuleCtl, ruleId:1000, status:1
07-29 20:52:20.446  3504  4460 D OplusViewDebugManager: OplusViewDebugManager Constructor android.view.debug.OplusViewDebugManager@da6422d [mHasViewDebugProperty true] [mHasMsgDebugProperty false] [DEBUG false] [EXTRAINFOENABLE false] [LIGHT_OS false]
07-29 20:52:20.446  3504  4460 D OplusViewDebugManager: OplusViewDebugManager Constructor android.view.debug.OplusViewDebugManager@3c21362 [mHasViewDebugProperty true] [mHasMsgDebugProperty false] [DEBUG false] [EXTRAINFOENABLE false] [LIGHT_OS false]
07-29 20:52:20.446  3504  4926 I [UAH_CLIENT]: UahRelease, handle:39
07-29 20:52:20.447  3504  4926 I [UAH_CLIENT]: UahEventAcquire, cmdid:6, pkg:none, identity:OplusUAwareInputHelper
07-29 20:52:20.448  4872  4872 I SystemUi--Statusbar: OplusStatusBarWindowViewTouchExImpl-->onTouchEvent handled:false
07-29 20:52:20.448  4872  4872 I SystemUi--QuickSettings: OplusPanelViewPagerController-->reset
07-29 20:52:20.448  4872  4872 I SystemUi--QuickSettings: OplusPanelViewPagerController-->reset
07-29 20:52:20.448  4872  4872 I SystemUi--QuickSettings: OplusQSRootViewController-->endMotionEvent, expand: true, vel: 6566.6504, vectorVel: 6566.6504  isClosing=false panelClosedOnDown=true canSlideHToQSOnStatusBar=true
07-29 20:52:20.448  4872  4872 I SystemUi--QuickSettings: OplusQSRootViewController-->fling qs, expand: true, vel: 6566.6504
07-29 20:52:20.448  4872  4872 I SystemUi--QuickSettings: QSPanelExpandFraction-->animateExpanded, isExpanded=true, (0.9773804 -> 1.0), lastFinalPosition=1.0
07-29 20:52:20.448  4872  4872 I SystemUi--QuickSettings: QSPanelTranslationY-->animateExpandTranslationY, isExpanded=true, threshold=156.0
07-29 20:52:20.448  4872  4872 I SystemUi--QuickSettings: QSPanelAnimatorManager-->startRebound
07-29 20:52:20.449  4872  4872 I SystemUi--QuickSettings: OplusPanelViewPagerController-->notifySeparateQSEndMotionEvent currentNotifyFraction=0.0  fraction=0.9773804 notifyExpandedFraction=0.0 fractionListeners.size=0
07-29 20:52:20.449  4872  4872 I SystemUi--QuickSettings: OplusQSRootViewController-->resetTouch
07-29 20:52:20.449  4872  4872 D OplusViewDragTouchViewHelper: dispatchTouchView action = 1
07-29 20:52:20.449  4872  4872 D OplusViewDragTouchViewHelper: dispatchTouchView action = 1
07-29 20:52:20.449  4872  4872 D OplusViewDragTouchViewHelper: dispatchTouchView action = 1
07-29 20:52:20.449  4872  5411 I [UAH_CLIENT]: UahRelease, handle:38
07-29 20:52:20.450  4872  5411 I [UAH_CLIENT]: UahEventAcquire, cmdid:97, pkg:none, identity:OsenseHelperImpl
07-29 20:52:20.451  1968  2014 I [UAH_CLIENT]: UahPlatformResAcquire
07-29 20:52:20.451  1968  2014 I [UAH_CLIENT]: UahEventAcquire, cmdid:-3, pkg:1968 7189, identity:qcom-perfd
07-29 20:52:20.453  4872  4872 I SystemUi--Keyguard: ScrimControllerExImp-->blur State to UNLOCK, bouncer=false changeFromBouncerScrim= false runnerUnlock= false goingAway=false hasHandle=true isOccludeAnimationPlaying=false
07-29 20:52:20.453  1950  9443 I SnapAlloc: Using graphics libs for alignment calculations
07-29 20:52:20.454  4872  4872 I SystemUi--Keyguard: ScrimControllerExImp-->blur State to UNLOCK, bouncer=false changeFromBouncerScrim= false runnerUnlock= false goingAway=false hasHandle=true isOccludeAnimationPlaying=false
07-29 20:52:20.454  1968  2014 E PERFHAL-RESOURCEQS: PERFHAL-RESOURCEQS: AddAndApply() 130: Resource with major=18, minor=30 not supported
07-29 20:52:20.454  1968  2014 E PERFHAL-RESOURCEQS: PERFHAL-RESOURCEQS: AddAndApply() 130: Resource with major=18, minor=31 not supported
07-29 20:52:20.461  4872  4872 I SystemUi--Keyguard: ScrimControllerExImp-->blur State to UNLOCK, bouncer=false changeFromBouncerScrim= false runnerUnlock= false goingAway=false hasHandle=true isOccludeAnimationPlaying=false
07-29 20:52:20.462  4872  4872 I SystemUi--Keyguard: ScrimControllerExImp-->blur State to UNLOCK, bouncer=false changeFromBouncerScrim= false runnerUnlock= false goingAway=false hasHandle=true isOccludeAnimationPlaying=false
07-29 20:52:20.469  4872  4872 I SystemUi--Keyguard: ScrimControllerExImp-->blur State to UNLOCK, bouncer=false changeFromBouncerScrim= false runnerUnlock= false goingAway=false hasHandle=true isOccludeAnimationPlaying=false
07-29 20:52:20.470  1950  9443 I SnapAlloc: Using graphics libs for alignment calculations
07-29 20:52:20.470  4872  4872 I SystemUi--Keyguard: ScrimControllerExImp-->blur State to UNLOCK, bouncer=false changeFromBouncerScrim= false runnerUnlock= false goingAway=false hasHandle=true isOccludeAnimationPlaying=false
07-29 20:52:20.478  4872  4872 I SystemUi--Keyguard: ScrimControllerExImp-->blur State to UNLOCK, bouncer=false changeFromBouncerScrim= false runnerUnlock= false goingAway=false hasHandle=true isOccludeAnimationPlaying=false
07-29 20:52:20.478  4872  4872 I SystemUi--Keyguard: ScrimControllerExImp-->blur State to UNLOCK, bouncer=false changeFromBouncerScrim= false runnerUnlock= false goingAway=false hasHandle=true isOccludeAnimationPlaying=false
07-29 20:52:20.486  4872  4872 I SystemUi--Keyguard: ScrimControllerExImp-->blur State to UNLOCK, bouncer=false changeFromBouncerScrim= false runnerUnlock= false goingAway=false hasHandle=true isOccludeAnimationPlaying=false
07-29 20:52:20.486  1950  9443 I SnapAlloc: Using graphics libs for alignment calculations
07-29 20:52:20.486  4872  4872 I SystemUi--Keyguard: ScrimControllerExImp-->blur State to UNLOCK, bouncer=false changeFromBouncerScrim= false runnerUnlock= false goingAway=false hasHandle=true isOccludeAnimationPlaying=false
07-29 20:52:20.495  4872  4872 I SystemUi--Keyguard: ScrimControllerExImp-->blur State to UNLOCK, bouncer=false changeFromBouncerScrim= false runnerUnlock= false goingAway=false hasHandle=true isOccludeAnimationPlaying=false
07-29 20:52:20.495  4872  4872 I SystemUi--Keyguard: ScrimControllerExImp-->blur State to UNLOCK, bouncer=false changeFromBouncerScrim= false runnerUnlock= false goingAway=false hasHandle=true isOccludeAnimationPlaying=false
07-29 20:52:20.503  4872  4872 I SystemUi--Keyguard: ScrimControllerExImp-->blur State to UNLOCK, bouncer=false changeFromBouncerScrim= false runnerUnlock= false goingAway=false hasHandle=true isOccludeAnimationPlaying=false
07-29 20:52:20.503  1950  9443 I SnapAlloc: Using graphics libs for alignment calculations
07-29 20:52:20.503  4872  4872 I SystemUi--Keyguard: ScrimControllerExImp-->blur State to UNLOCK, bouncer=false changeFromBouncerScrim= false runnerUnlock= false goingAway=false hasHandle=true isOccludeAnimationPlaying=false
07-29 20:52:20.511  4872  4872 I SystemUi--Keyguard: ScrimControllerExImp-->blur State to UNLOCK, bouncer=false changeFromBouncerScrim= false runnerUnlock= false goingAway=false hasHandle=true isOccludeAnimationPlaying=false
07-29 20:52:20.512  4872  4872 I SystemUi--Keyguard: ScrimControllerExImp-->blur State to UNLOCK, bouncer=false changeFromBouncerScrim= false runnerUnlock= false goingAway=false hasHandle=true isOccludeAnimationPlaying=false
07-29 20:52:20.518  2023  2023 D SensorFeature: name=ssc_screenshot_info ,index = 22
07-29 20:52:20.518  2023  2023 D SensorFeature: write 29 bytes:58275637633,58283970966,158,0
07-29 20:52:20.519  4872  4872 I SystemUi--Keyguard: ScrimControllerExImp-->blur State to UNLOCK, bouncer=false changeFromBouncerScrim= false runnerUnlock= false goingAway=false hasHandle=true isOccludeAnimationPlaying=false
07-29 20:52:20.520  4872  4872 I SystemUi--Keyguard: ScrimControllerExImp-->blur State to UNLOCK, bouncer=false changeFromBouncerScrim= false runnerUnlock= false goingAway=false hasHandle=true isOccludeAnimationPlaying=false
07-29 20:52:20.520  1950  9443 I SnapAlloc: Using graphics libs for alignment calculations
07-29 20:52:20.528  4872  4872 I SystemUi--Keyguard: ScrimControllerExImp-->blur State to UNLOCK, bouncer=false changeFromBouncerScrim= false runnerUnlock= false goingAway=false hasHandle=true isOccludeAnimationPlaying=false
07-29 20:52:20.528  4872  4872 I SystemUi--Keyguard: ScrimControllerExImp-->blur State to UNLOCK, bouncer=false changeFromBouncerScrim= false runnerUnlock= false goingAway=false hasHandle=true isOccludeAnimationPlaying=false
07-29 20:52:20.536  4872  4872 I SystemUi--Keyguard: ScrimControllerExImp-->blur State to UNLOCK, bouncer=false changeFromBouncerScrim= false runnerUnlock= false goingAway=false hasHandle=true isOccludeAnimationPlaying=false
07-29 20:52:20.536  1950  9443 I SnapAlloc: Using graphics libs for alignment calculations
07-29 20:52:20.536  4872  4872 I SystemUi--Keyguard: ScrimControllerExImp-->blur State to UNLOCK, bouncer=false changeFromBouncerScrim= false runnerUnlock= false goingAway=false hasHandle=true isOccludeAnimationPlaying=false
07-29 20:52:20.544  4872  4872 I SystemUi--Keyguard: ScrimControllerExImp-->blur State to UNLOCK, bouncer=false changeFromBouncerScrim= false runnerUnlock= false goingAway=false hasHandle=true isOccludeAnimationPlaying=false
07-29 20:52:20.545  4872  4872 I SystemUi--Keyguard: ScrimControllerExImp-->blur State to UNLOCK, bouncer=false changeFromBouncerScrim= false runnerUnlock= false goingAway=false hasHandle=true isOccludeAnimationPlaying=false
07-29 20:52:20.553  4872  4872 I SystemUi--Keyguard: ScrimControllerExImp-->blur State to UNLOCK, bouncer=false changeFromBouncerScrim= false runnerUnlock= false goingAway=false hasHandle=true isOccludeAnimationPlaying=false
07-29 20:52:20.553  1950  9443 I SnapAlloc: Using graphics libs for alignment calculations
07-29 20:52:20.553  4872  4872 I SystemUi--Keyguard: ScrimControllerExImp-->blur State to UNLOCK, bouncer=false changeFromBouncerScrim= false runnerUnlock= false goingAway=false hasHandle=true isOccludeAnimationPlaying=false
07-29 20:52:20.561  4872  4872 I SystemUi--Keyguard: ScrimControllerExImp-->blur State to UNLOCK, bouncer=false changeFromBouncerScrim= false runnerUnlock= false goingAway=false hasHandle=true isOccludeAnimationPlaying=false
07-29 20:52:20.561  4872  4872 I SystemUi--Keyguard: ScrimControllerExImp-->blur State to UNLOCK, bouncer=false changeFromBouncerScrim= false runnerUnlock= false goingAway=false hasHandle=true isOccludeAnimationPlaying=false
07-29 20:52:20.569  4872  4872 I SystemUi--Keyguard: ScrimControllerExImp-->blur State to UNLOCK, bouncer=false changeFromBouncerScrim= false runnerUnlock= false goingAway=false hasHandle=true isOccludeAnimationPlaying=false
07-29 20:52:20.569  1950  9443 I SnapAlloc: Using graphics libs for alignment calculations
07-29 20:52:20.570  4872  4872 I SystemUi--Keyguard: ScrimControllerExImp-->blur State to UNLOCK, bouncer=false changeFromBouncerScrim= false runnerUnlock= false goingAway=false hasHandle=true isOccludeAnimationPlaying=false
07-29 20:52:20.578  4872  4872 I SystemUi--Keyguard: ScrimControllerExImp-->blur State to UNLOCK, bouncer=false changeFromBouncerScrim= false runnerUnlock= false goingAway=false hasHandle=true isOccludeAnimationPlaying=false
07-29 20:52:20.578  4872  4872 I SystemUi--Keyguard: ScrimControllerExImp-->blur State to UNLOCK, bouncer=false changeFromBouncerScrim= false runnerUnlock= false goingAway=false hasHandle=true isOccludeAnimationPlaying=false
07-29 20:52:20.586  4872  4872 I SystemUi--Keyguard: ScrimControllerExImp-->blur State to UNLOCK, bouncer=false changeFromBouncerScrim= false runnerUnlock= false goingAway=false hasHandle=true isOccludeAnimationPlaying=false
07-29 20:52:20.586  1950  9443 I SnapAlloc: Using graphics libs for alignment calculations
07-29 20:52:20.586  4872  4872 I SystemUi--Keyguard: ScrimControllerExImp-->blur State to UNLOCK, bouncer=false changeFromBouncerScrim= false runnerUnlock= false goingAway=false hasHandle=true isOccludeAnimationPlaying=false
07-29 20:52:20.594  4872  4872 I SystemUi--Keyguard: ScrimControllerExImp-->blur State to UNLOCK, bouncer=false changeFromBouncerScrim= false runnerUnlock= false goingAway=false hasHandle=true isOccludeAnimationPlaying=false
07-29 20:52:20.595  4872  4872 I SystemUi--Keyguard: ScrimControllerExImp-->blur State to UNLOCK, bouncer=false changeFromBouncerScrim= false runnerUnlock= false goingAway=false hasHandle=true isOccludeAnimationPlaying=false
07-29 20:52:20.602  4872  4872 I SystemUi--Keyguard: ScrimControllerExImp-->blur State to UNLOCK, bouncer=false changeFromBouncerScrim= false runnerUnlock= false goingAway=false hasHandle=true isOccludeAnimationPlaying=false
07-29 20:52:20.603  4872  4872 I SystemUi--Keyguard: ScrimControllerExImp-->blur State to UNLOCK, bouncer=false changeFromBouncerScrim= false runnerUnlock= false goingAway=false hasHandle=true isOccludeAnimationPlaying=false
07-29 20:52:20.603  1950  9443 I SnapAlloc: Using graphics libs for alignment calculations
07-29 20:52:20.611  4872  4872 I SystemUi--Keyguard: ScrimControllerExImp-->blur State to UNLOCK, bouncer=false changeFromBouncerScrim= false runnerUnlock= false goingAway=false hasHandle=true isOccludeAnimationPlaying=false
07-29 20:52:20.611  4872  4872 I SystemUi--Keyguard: ScrimControllerExImp-->blur State to UNLOCK, bouncer=false changeFromBouncerScrim= false runnerUnlock= false goingAway=false hasHandle=true isOccludeAnimationPlaying=false
07-29 20:52:20.619  4872  4872 I SystemUi--Keyguard: ScrimControllerExImp-->blur State to UNLOCK, bouncer=false changeFromBouncerScrim= false runnerUnlock= false goingAway=false hasHandle=true isOccludeAnimationPlaying=false
07-29 20:52:20.619  1950  9443 I SnapAlloc: Using graphics libs for alignment calculations
07-29 20:52:20.620  4872  4872 I SystemUi--Keyguard: ScrimControllerExImp-->blur State to UNLOCK, bouncer=false changeFromBouncerScrim= false runnerUnlock= false goingAway=false hasHandle=true isOccludeAnimationPlaying=false
07-29 20:52:20.627  4872  4872 I SystemUi--QuickSettings: TemporarilyInfoManager-->[setStarted] true
07-29 20:52:20.627  4872  4872 I SystemUi--QuickSettings: OplusQSRootViewController-->endClosing()
07-29 20:52:20.627  4872  4872 I SystemUi--Common: OplusShadeExpansionStat-->go state: OPENING -> OPEN
07-29 20:52:20.627  4872  4872 I SystemUi--Common: OplusShadeExpansionStat-->go state: OPENING -> OPEN
07-29 20:52:20.628  4872  4872 I SystemUi--Keyguard: ScrimControllerExImp-->blur State to UNLOCK, bouncer=false changeFromBouncerScrim= false runnerUnlock= false goingAway=false hasHandle=true isOccludeAnimationPlaying=false
07-29 20:52:20.628  4872  4872 I SystemUi--Common: PlatformBlurManagerImpl-->setPlatformBlurMode: blurMode=AUTO(blurFrequency=4)
07-29 20:52:20.628  4872  4872 I SystemUi--Common: PlatformBlurManagerImpl-->updateMotionFrequency: isExpanding=false
07-29 20:52:20.628  4872  4872 I SystemUi--Keyguard: ScrimControllerExImp-->blur State to UNLOCK, bouncer=false changeFromBouncerScrim= false runnerUnlock= false goingAway=false hasHandle=true isOccludeAnimationPlaying=false
07-29 20:52:20.628  4872  4872 I SystemUi--Device_Panel: OplusQSMyDeviceContainerViewController-->setQsDeviceExpansion expansion 1.0
07-29 20:52:20.628  4872  4872 I SystemUi--QuickSettings: QSPanelExpandFraction-->fractionAnimation onAnimationEnd, value=1.0
07-29 20:52:20.636  1950  9443 I SnapAlloc: Using graphics libs for alignment calculations
07-29 20:52:20.707  1955  4497 I Dpps    : LtmSwState::SetParameter():144 ignore cmd 7 in state LtmOffState
07-29 20:52:20.776  3504  3844 D VRR [OPlusSAManager]: updateAutoMinfps with nits: 121.59548, mHistOK true, mAmbientOK true, mCctOK true, mIrOK true, mBrightnessOK true, isPkgOK true, SA min fps: 119
07-29 20:52:20.776  3504  3844 D VRR [OPlusSurfaceFlingerController]: setAutoMode enable: true fakeFrame: true fps: 119
07-29 20:52:20.776  2185  2366 I VRR-[OPlusAdfrUtil]: ADFR try set Auto mode with mode 1 fakeframe 1 min fps 119
07-29 20:52:20.776  2185  2366 D VRR-[OPlusRefreshRateSelector]: OSyncModes add size is 1.
07-29 20:52:20.776  2185  2366 I VRR-[OPlusRefreshRateSelector]: updateAutoMode success, display 0, mode 0, fakeframe 1, min fps: 1
07-29 20:52:20.776  2185  3317 D VRR-[OPlusRefreshRateSelector]: handleSetHWCOSync
07-29 20:52:20.776  2185  3317 D VRR-[OPlusRefreshRateSelector]: OSyncModes remaining size is 0.
07-29 20:52:20.776  2185  3317 D VRR-[OPlusRefreshRateSelector]: SetHWCOSync with 5CC08181
07-29 20:52:20.776  1955  1955 I SDM     : DisplayBuiltIn::SetQSyncMode: VRR + update qsync mode 0 minfps 00C08181
07-29 20:52:20.784  1955  2247 E SDM     : DRMConnector::Perform: Connector 67: Setting Qsync min fps 12616065
07-29 20:52:20.792  2023  2023 D SensorFeature: name=ssc_screenshot_info ,index = 22
07-29 20:52:20.792  2023  2023 D SensorFeature: write 29 bytes:58549563518,58557896851,159,0
07-29 20:52:20.972  1901  4488 I sensors-hal: handle_oplus_wise_rgb_event:189, high_pwm_light:lux 281.5,cct 3634.0,brl/algo/ir 1453.0/2.0/17.8,pwm/dc 0.0/0.0,rgbc 21755.103516/13725.819336/6332.284180/40396.316406,ts 58541738535,cnt 840,flag 159
07-29 20:52:20.973  1955  4497 I Dpps    : LtmSwState::SetParameter():144 ignore cmd 7 in state LtmOffState
07-29 20:52:21.020  2049  2071 D BatteryChargeControl: bcc get no support from charging protocol
07-29 20:52:21.066  2023  2023 D SensorFeature: name=ssc_screenshot_info ,index = 22
07-29 20:52:21.066  2023  2023 D SensorFeature: write 29 bytes:58823489143,58831822476,160,0
07-29 20:52:21.238  1955  4497 I Dpps    : LtmSwState::SetParameter():144 ignore cmd 7 in state LtmOffState
07-29 20:52:21.248  4872  5069 D OplusScrollToTopManager: NotificationShade,This com.android.systemui.shade.NotificationShadeWindowView{ee82741 V.E...... ........ 0,0-1080,2376 #7f0a06b7 app:id/legacy_window_root alpha=1.0 viewInfo = } change focus to true
07-29 20:52:21.249  4872  5069 D OplusScrollToTopManager: NotificationShade, registerGuidePopupDismissReceiverInSystemUI
07-29 20:52:21.250  4872  5069 D OplusScrollToTopManager: NotificationShade, after registerGuidePopupDismissReceiverInSystemUI
07-29 20:52:21.250  5254  5618 D OplusScrollToTopManager: com.android.launcher/com.android.launcher.Launcher,This com.android.internal.policy.DecorView{891d70c V.E...... R....... 0,0-1080,2376 aid=0 alpha=1.0 viewInfo = }[Launcher] change focus to false
07-29 20:52:21.340  2023  2023 D SensorFeature: name=ssc_screenshot_info ,index = 22
07-29 20:52:21.340  2023  2023 D SensorFeature: write 29 bytes:59097827737,59106161070,161,0
07-29 20:52:21.494  3504  5414 I InputDispatcher: injectInputEvent: targetUid=<not set>, syncMode=WAIT_FOR_FINISHED, timeout=30000ms, policyFlags=0x8000000, event=MotionEvent { action=DOWN, id[0]=0, x[0]=877, y[0]=1330, eventTime=59261000000, downTime=59261000000, deviceId=5, source=TOUCHSCREEN, displayId=0, eventId=0xc34c20c2}
07-29 20:52:21.495  3504  4679 D OMP_Detector: D:done mCurrStatus: 0
07-29 20:52:21.495  3504  4926 I [UAH_CLIENT]: UahEventAcquire, cmdid:37, pkg:none, identity:OplusUAwareInputHelper
07-29 20:52:21.495  4872  4872 V AutofillManager: requestHideFillUi(null): anchor = null
07-29 20:52:21.495  4872  4872 V Application: getAutofillClient(): null on super, trying to find activity thread
07-29 20:52:21.495  4872  4872 V Application: getAutofillClient(): none of the 0 activities on com.android.systemui.SystemUIApplication@b32229e are top resumed nor have focus
07-29 20:52:21.495  4872  4872 V AutofillManager: No AutofillClient for com.android.systemui on context com.android.systemui.SystemUIApplication@b32229e
07-29 20:52:21.495  3504  3823 D PowerManagerService: userActivityNoUpdateLocked: groupId=0, eventTime=59261, event=touch, flags=0x0, uid=1000
07-29 20:52:21.495  3504  4926 D UAH-UahAdaptHelper: adaptSetNotification identity = OplusUAwareInputHelpersrc = 1000 , type 0 ,p1 = -1 ,p2 = -1 ,p3 = -1 ,p4 =
07-29 20:52:21.495  3504  4926 I [UAH_CLIENT]: uahRuleCtl, ruleId:1000, status:0
07-29 20:52:21.496  4872  4872 I SystemUi--Common: ScrollTranslationValue-->resetPanelTranslationY
07-29 20:52:21.496  4872  4872 I SystemUi--QuickSettings: OplusPanelViewPagerController-->initExpanded downExpanded=QS downOnRight=true targetPage=QS downOnYHotArea=false  isKeyguardShowing=false isOnKeyguard=false fractionListeners.size=0 currentQsFraction=1.0 currentNotifyFraction=0.0 hasCalledDownEvent=true getScrollXHotZone=([Rect(0, 0 - 1080, 2376)], [Rect(-1, -1 - -1, -1), Rect(144, 2143 - 270, 2269), Rect(810, 2143 - 936, 2269)]) getScrollYHotZone=Rect(0, 0 - 1080, 222) notifyExpandedFraction=0.0 isLastUpToExpand=true qsPanelView.translationX=0.0
07-29 20:52:21.496  4872  4872 I SystemUi--QuickSettings: OplusQSRootViewController-->startExpandMotion event: 0, startTracking: false isClosing: false panelClosedOnDown: false
07-29 20:52:21.496  4872  4872 I SystemUi--QuickSettings: OplusQSRootViewController-->initialOffsetOnTouch: 2376.0, panelClosedOnDown: false
07-29 20:52:21.498  3504  5414 I InputDispatcher: injectInputEvent: targetUid=<not set>, syncMode=WAIT_FOR_FINISHED, timeout=30000ms, policyFlags=0x8000000, event=MotionEvent { action=UP, id[0]=0, x[0]=877, y[0]=1330, eventTime=59261000000, downTime=59261000000, deviceId=5, source=TOUCHSCREEN, displayId=0, eventId=0xf0f1abfa}
07-29 20:52:21.498  4872  4872 I SystemUi--Statusbar: OplusStatusBarWindowViewTouchExImpl-->onTouchEvent handled:false
07-29 20:52:21.498  3504  4926 D UAH-UahAdaptHelper: adaptSetNotification identity = OplusUAwareInputHelpersrc = 1000 , type 1 ,p1 = -1 ,p2 = -1 ,p3 = -1 ,p4 =
07-29 20:52:21.498  3504  4926 I [UAH_CLIENT]: uahRuleCtl, ruleId:1000, status:1
07-29 20:52:21.498  4872  4872 I SystemUi--QuickSettings: OplusPanelViewPagerController-->reset
07-29 20:52:21.498  4872  4872 I SystemUi--QuickSettings: OplusQSRootViewController-->resetTouch
07-29 20:52:21.498  4872  4872 D OplusViewDragTouchViewHelper: dispatchTouchView action = 1
07-29 20:52:21.498  4872  4872 D ViewRootImplExtImpl: the up motion event handled by client, just return
07-29 20:52:21.499  4872  4872 I SystemUi--QuickSettings: Tile.OplusAirplaneModeTile-->clicked ------ state is :2 canTips :true
07-29 20:52:21.500  4872  5412 V OplusCustomizeCacheManager: queryCache name: sys.cache.common_customize_cache18026 param: null
07-29 20:52:21.500  4872  5412 V OplusCustomizeCacheManager: queryCache name: sys.cache.common_customize_cache18026 param: null
07-29 20:52:21.502  4872  5831 I SystemUi--QuickSettings: Tile.OplusAirplaneModeTile-->handleUpdateState state.state: 2 value: 0
07-29 20:52:21.502  4872  5831 V OplusCustomizeCacheManager: queryCache name: sys.cache.common_customize_cache18026 param: null
07-29 20:52:21.502  7191  8032 I SettingImpl: isAirplaneModeToggleChecked switchValue: -1, airplane mode isChecked is false
07-29 20:52:21.502  3504  4660 D OplusWifiSwitchStateMonitor: mWifiSettingsValue:0
07-29 20:52:21.502  3504  4660 D OplusWifiSwitchStateMonitor: notify scan state: true
07-29 20:52:21.502  3504  3504 D OplusWifiBroadCastDispatcher: mBroadcastReceiver: onReceiver  action=android.intent.action.AIRPLANE_MODE
07-29 20:52:21.502  4872  5831 V OplusCustomizeCacheManager: queryCache name: sys.cache.common_customize_cache11009 param: null
07-29 20:52:21.502  5048  6026 D OplusLinkBoostMeeting: onAirplaneModeChange
07-29 20:52:21.503  5048  6027 D NAS-CallIssueDetector: notifyApmChanged
07-29 20:52:21.503  3504  4473 D BluetoothSystemServer: BluetoothRadioModeListener: Not sensitive to airplane_mode_radios change. Forced to false
07-29 20:52:21.503  5074  5074 W Settings: Setting airplane_mode_on has moved from android.provider.Settings.System to android.provider.Settings.Global, returning read-only value.
07-29 20:52:21.503  5048  6068 D ElevatorEvent: enableElevatorDetect mIsElevSensorReg = false
07-29 20:52:21.503  5048  6068 V SystemSensorManagerExtImpl: RegisterListener elevator_detect  Wakeup type:33171036 delay:200000us by com.oplus.nas.comm.event.ElevatorEvent$a@7a05e81 from com.oplus.nas
07-29 20:52:21.503  4872  5831 I SystemUi--QuickSettings: Tile.OplusAirplaneModeTile-->handleUpdateState state.state: 1 value: 0
07-29 20:52:21.503  4872  5831 V OplusCustomizeCacheManager: queryCache name: sys.cache.common_customize_cache18026 param: null
07-29 20:52:21.504  3504  4533 D WifiController: Airplane mode disabled, determine next state
07-29 20:52:21.504  5048  6027 D NAS-CallIssueDetector: EVENT_SIM_STATE_CHANGE mSimState[0] LOADED
07-29 20:52:21.504  5048  6027 D SceneEvent: registerSensorMgr start
07-29 20:52:21.504  4969  4969 W Settings: Setting airplane_mode_on has moved from android.provider.Settings.System to android.provider.Settings.Global, returning read-only value.
07-29 20:52:21.504  4969  4969 W Settings: Setting airplane_mode_on has moved from android.provider.Settings.System to android.provider.Settings.Global, returning read-only value.
07-29 20:52:21.504  4969  4969 W Settings: Setting airplane_mode_on has moved from android.provider.Settings.System to android.provider.Settings.Global, returning read-only value.
07-29 20:52:21.504  4969  4969 W Settings: Setting airplane_mode_on has moved from android.provider.Settings.System to android.provider.Settings.Global, returning read-only value.
07-29 20:52:21.504  5048  7321 I PCDR-common_no_service[0]: forbidden
07-29 20:52:21.504  5048  7321 I PCDR-common_no_45g[0]: forbidden
07-29 20:52:21.504  5048  7321 I PCDR-common_no_service[1]: forbidden
07-29 20:52:21.504  4969  4969 W Settings: Setting airplane_mode_on has moved from android.provider.Settings.System to android.provider.Settings.Global, returning read-only value.
07-29 20:52:21.504  5048  7321 I PCDR-common_no_45g[1]: forbidden
07-29 20:52:21.504  3504  5389 D SensorService: createSensorEventConnection packageName = com.oplus.nas.comm.event.ElevatorEvent, opPackageName = com.oplus.nas, mCurrentOperatingMode = 0, requestedMode = 0
07-29 20:52:21.504  2032  2048 E PerformanceService: [damon_reclaim] Failed to open wmarks_xxx, Linux version 6.6.30
07-29 20:52:21.504  3504  4371 E PerformanceManager: setDamonReclaimWmarks succeed.
07-29 20:52:21.504  3504  4659 D OplusWifiPower_ConnLpmEventObsever: AIRPLANE_MODE_ON:false
07-29 20:52:21.505  1901  4488 I sensors-hal: handle_oplus_wise_rgb_event:189, high_pwm_light:lux 283.1,cct 3635.6,brl/algo/ir 1453.0/2.0/17.0,pwm/dc 0.0/0.0,rgbc 21840.734375/13739.637695/6332.284180/40511.718750,ts 59089754369,cnt 850,flag 161
07-29 20:52:21.505  4872  5181 I SystemUi--QuickSettings: Tile.OplusCellularTile-->updateCarrierText: dialog not showing, ignore
07-29 20:52:21.505  3504  4473 D BluetoothSystemServer: AirplaneModeListener: Ignore mode change to same state. previousMode=false, isOn=false, isOnOverrode=false, isMediaConnected=false
07-29 20:52:21.505  5114  8459 I txpwradmin:SettingsObserver: onChange for uri = content://settings/global/airplane_mode_on
07-29 20:52:21.505  5231  5231 D SubsysBroadcastManager: onReceive action:android.intent.action.AIRPLANE_MODE
