07-29 20:52:20.181  4872  5831 D Tile.CustomTile.PowerSaveTileService: refreshState: tile not listening, ignore
07-29 20:52:20.181  4872  5831 I SystemUi--QuickSettings: Tile.CustomTile.PowerSaveTileService-->bindServiceWhenListening: true as default
07-29 20:52:20.181  4872  4872 I SystemUi--Statusbar: PrivacyDotViewController-->needShow false
07-29 20:52:20.181  4872  4872 I SystemUi--Statusbar: PrivacyDotViewController-->scheduleUpdate: 
07-29 20:52:20.181  7385  7419 I mydevices[core].ProviderCallProcessor: (binder:7385_1)method: panel_state; arg: panel_resume
07-29 20:52:20.181  4872  4872 I SystemUi--Notification: OplusNotificationShadeWindowControllerExImpl-->SHADE_FOCUSABLE-->mNotificationShadeFocusable= true, mPanelExpanded= false, mBouncerShowing= false, mKeyguardShowing= false, mKeyguardOccluded= false, mKeyguardNeedsInput= false, ENABLE_REMOTE_INPUT= true, mRemoteInputActive= false, layoutFlags= -2130444216
07-29 20:52:20.181  7385  7419 I mydevices[core].ControlCenterManager: (binder:7385_1)onPanelShow
07-29 20:52:20.181  4872  4872 I SystemUi--Notification: OplusNotificationShadeWindowControllerExImpl-->SHADE_VISIBLE-->mKeyguardShowing= false, mKeyguardOccluded= false, mPanelVisible= false, mKeyguardFadingAway= false, mKeyguardGoingAway= false, mBouncerShowing= false, mScrimsVisibility= 1, mBackgroundBlurRadius= 0, mForcePluginOpen= false, mediaBackdropShowing= false, viewVisibility= true, qsBlurFraction= 0.018008048, panelBlurFraction= 0.0
07-29 20:52:20.182  3504  5417 I VibratorManagerServiceExtImpl: cancelVibrate uid=1000, pid=3504, usageFilter=-15, token=204013672
07-29 20:52:20.182  4872  5181 I [UAH_CLIENT]: UahEventAcquire, cmdid:413, pkg:none, identity:OsenseHelperImpl
07-29 20:52:20.182  4872  4872 I SystemUi--QuickSettings: BackActionInteractor-->registerBackCallback true
07-29 20:52:20.182  4872  5831 D TileStateController: setListening listening: true component: ComponentInfo{com.oplus.linker/com.oplus.linker.synergy.service.TVTileService} userContext: com.android.systemui.SystemUIApplication@b32229e
07-29 20:52:20.182  4872  4872 I SystemUi--QuickSettings: OplusSeparateQSManager-->updateSeparateQSExpandState recomputeDisableFlags
07-29 20:52:20.182  4872  4872 I SystemUi--Statusbar: CollapsedSbFragment-->New visibilities calculated internally. StatusBarVisibilityModel(showClock: false showNotificationIcons:false showOngoingActivityChip:false showSystemInfo:false ) 
07-29 20:52:20.182  4872  4872 I SystemUi--Statusbar: CollapsedStatusBarFragmentExImpl-->animate: true, unlockAnimationRunning: false, fadingAway: false, keyguard: false
07-29 20:52:20.182  4872  5075 D RegionSamplingHelper =:    mCompositionSamplingListener.unregister
07-29 20:52:20.183  2185  2388 I BpBinder: onLastStrongRef automatically unlinking death recipients: 
07-29 20:52:20.183  4872  5075 I NotificationShadeWindowController: stop Pending key thread event (apply)
07-29 20:52:20.183  4872  5904 D UXUtils : setHasTopUi: true; stack: com.oplus.systemui.shade.OplusNotificationShadeWindowControllerExImpl$uxFlagUpdateRunnable$1.run:12
07-29 20:52:20.183  4872  4872 I SystemUi--Statusbar: CollapsedStatusBarFragmentExImpl-->StatusBarVisibilityModelEx: StatusBarVisibilityModelEx(showClock: false showPromptView:false showOngoingCallChip:false showNotificationContainer:false showOperatorName:false showSeedlingContainer:false ), animate: true
07-29 20:52:20.183  4872  5831 D Tile.CustomTile.TVTileService: refreshState: tile not listening, ignore
07-29 20:52:20.183  4872  5831 D TileStateController: bindAppWhenListening: false ComponentInfo{com.oplus.linker/com.oplus.linker.synergy.service.TVTileService}
07-29 20:52:20.183  4872  5831 I SystemUi--QuickSettings: Tile.CustomTile.TVTileService-->bindServiceWhenListening: false when isOplusQsTile
07-29 20:52:20.183  4872  5831 D Tile.CustomTile.TVTileService: refreshState: tile not listening, ignore
07-29 20:52:20.183  4872  6978 D OplusTileControllerPlugin: onSettingsStateChange: 1, componentName: ComponentInfo{com.oplus.linker/com.oplus.linker.synergy.service.TVTileService}
07-29 20:52:20.183  4872  4872 I SystemUi--Keyguard: KeyguardRapidUnlockUtils-->composeKeyguard show=true, reason=applyVisibility_show
07-29 20:52:20.184  4872  5831 D Tile.CustomTile.WindowsLinkTileService: refreshState: tile not listening, ignore
07-29 20:52:20.184  4872  5831 D TileStateController: bindAppWhenListening: false ComponentInfo{com.microsoft.appmanager/com.microsoft.appmanager.quicksettings.WindowsLinkTileService}
07-29 20:52:20.184  4872  5831 I SystemUi--QuickSettings: Tile.CustomTile.WindowsLinkTileService-->bindServiceWhenListening: false when isActiveTile && isTileReady
07-29 20:52:20.184  4872  5831 D Tile.CustomTile.WirelessReverseControService: refreshState: tile not listening, ignore
07-29 20:52:20.184  4872  5831 I SystemUi--QuickSettings: Tile.CustomTile.WirelessReverseControService-->bindServiceWhenListening: true as default
07-29 20:52:20.184  1736  1788 E TetherController: property_get sys.radio.data.modem_share_flag return 0, 1!
07-29 20:52:20.184  4872  5831 D TileStateController: updateCurrentStateIsNotDirty component:ComponentInfo{com.oplus.eyeprotect/com.oplus.eyeprotect.services.EyeProtectTileService}
07-29 20:52:20.184  4872  5831 D TileStateController: updateCurrentStateIsNotDirty component:ComponentInfo{com.oplus.linker/com.oplus.linker.synergy.service.TVTileService}
07-29 20:52:20.184  7385  7993 I mydevices[core].CardsProxyManager: (DefaultDispatcher-worker-2)resume cards: [], visibleCount: 0, showPosition: 4
07-29 20:52:20.184  7385  7993 I mydevices[core].CardsProxyManager: (DefaultDispatcher-worker-2)notify cards size : 0, code = 1
07-29 20:52:20.184  7385  7993 I mydevices[core].CardsProxyManager: (DefaultDispatcher-worker-2)current cards is empty, no need to call the event
07-29 20:52:20.184  7385  7993 I mydevices[core].OPSynergyScannerImpl: (DefaultDispatcher-worker-2)reScan
07-29 20:52:20.184  7385  7993 D OplusLog_DeviceKit_com.heytap.mydevices: [SynergyDeviceManager-47577701] isServiceBound
07-29 20:52:20.184  7385  7993 D OplusLog_DeviceKit_com.heytap.mydevices: [OpDeviceServiceClient-47577701] isServiceBound: null
07-29 20:52:20.184  7385  7993 I mydevices[core].CoreOpDeviceAction: (DefaultDispatcher-worker-2)isServiceBind: isBind: false
07-29 20:52:20.184  7385  7993 I mydevices[core].OPSynergyScannerImpl: (DefaultDispatcher-worker-2)getOpDeviceList
07-29 20:52:20.184  7385  7993 D OplusLog_DeviceKit_com.heytap.mydevices: [SynergyDeviceManager-47577701] getDeviceList: com.heytap.mydevices.core.action.CoreOpDeviceAction$d@b635fb6
07-29 20:52:20.185  4872  5411 D [DevicePlugin].DataInterfaceImp.(DefaultDispatcher-worker-2): safeCall, method:getPanelDeviceList
07-29 20:52:20.185  7385  7993 D OplusLog_DeviceKit_com.heytap.mydevices: [OpDeviceServiceClient-47577701] settings_opsynergy_has_device: 0
07-29 20:52:20.185  7385  7993 D OplusLog_DeviceKit_com.heytap.mydevices: [SynergyDeviceManager-47577701] getDeviceList result: com.heytap.mydevices.core.action.CoreOpDeviceAction$d@b635fb6, success: true, devices: []
07-29 20:52:20.185  7385  7993 I mydevices[core].CoreOpDeviceAction: (DefaultDispatcher-worker-2)device input: []
07-29 20:52:20.185  7385  7993 I mydevices[core].OPSynergyScannerImpl: (DefaultDispatcher-worker-2)getOpDeviceList, onResult
07-29 20:52:20.185  7385  7419 I mydevices[core].ProviderCallProcessor: (binder:7385_1)method: getPanelDeviceList; arg: 
07-29 20:52:20.186  4872  4872 I SystemUi--Keyguard: KeyguardGlideTipView-->hideTips reason=hideGlideTipImmediateWithQsExpandingOrOplusKeyguardLoadOrGotoNtfCapsule withAnimator=true delayType=2
07-29 20:52:20.186  4872  4872 I SystemUi--Keyguard: KeyguardGlideTipView-->cancelBreathAnimation-isBreathAnimationRunning=false
07-29 20:52:20.186  4872  4872 I SystemUi--Keyguard: KeyguardAffordanceTipsView-->hideTips reason=QsExpandingOrOplusKeyguardLoadOrGotoNtfCapsule withAnimator=true delayType=2
07-29 20:52:20.187  7385  7419 I mydevices[core].ControlCenterManager: (binder:7385_1)response data:DeviceSpaceInfo(version=2, panelDevices=[])
07-29 20:52:20.187  7385  7419 I mydevices[core].DeviceMainPageEvent: (binder:7385_1)uploadDeviceNumTypeName list empty
07-29 20:52:20.187  6541  6600 E oiface  : sched_setaffinity failed
07-29 20:52:20.188  4872  4872 D ViewRootImplExtImpl: wrapConfigInfoIntoFlags rotation=0, smallestScreenWidthDp=0, residentWS=false, scenario=0, bounds=Rect(0, 0 - 1080, 2376), relayoutAsync=false, flags=1, newFlags=1245708289, title=NotificationShade
07-29 20:52:20.188  7360  7360 W Battery : PowerSaveTileService: onCreate
07-29 20:52:20.188  3504  3685 D DisplayManagerService: performTraversalInternal pendingTraversal
07-29 20:52:20.188  3504  3685 D DisplayDevice: setLayerStackLocked id=local:4630946756802996883 token=android.os.BinderProxy@17e324d stack=0->0
07-29 20:52:20.188  3504  4876 D WindowManagerServiceExtImpl: extractConfigInfoAndRealFlags rotation=0, screenDp=0, residentWS:0, scenario:0, bounds:2376, serverWinBounds:Rect(0, 0 - 1080, 2376), win=Window{74a2419 u0 NotificationShade}
07-29 20:52:20.188  3504  4876 V WindowManager: Relayout Window{74a2419 u0 NotificationShade}: viewVisibility=0, oldvis=4, req=1080x2376, vsysui=, x=0, y=0
07-29 20:52:20.188  3504  4876 I WindowManager: Window{74a2419 u0 NotificationShade} state from NO_SURFACE to DRAW_PENDING; reason: resetDrawState
07-29 20:52:20.189  4872  5411 I [DevicePlugin].DevicePanelPresenter.(DefaultDispatcher-worker-2): response code:30001; panelInfo:PanelInfo(panelState=DEVICE_HOME, panelDevices=[]), pluginVersion: 2
07-29 20:52:20.189  4872  5411 I [DevicePlugin].FixedSeparateModelPanel.(DefaultDispatcher-worker-2): onPanelInfoChanged
07-29 20:52:20.189  4872  5411 I [DevicePlugin].FixedSeparateModelPanel.(DefaultDispatcher-worker-2): updateView: panelState=DEVICE_HOME, panelDevices.size=0
07-29 20:52:20.189  2185  2388 D OplusLayer: setProcInfo (131,NotificationShade#131,com.android.systemui,0x4578D52F)
07-29 20:52:20.189  2053  2093 I gameoptHal: targetfps updated 6 -- 120
07-29 20:52:20.189  4718  4718 D CastManagerService: onDisplayChanged.
07-29 20:52:20.190  3504  4876 D QuickBackInputPolicy: hasMultiChildrenInTask: false
07-29 20:52:20.190  3504  4876 D WindowManager: NFW_findFocusedWindowIfNeeded:Window{57d6726 u0 com.android.launcher/com.android.launcher.Launcher} mCurrentFocus:Window{57d6726 u0 com.android.launcher/com.android.launcher.Launcher}
07-29 20:52:20.190  3504  5851 D CoreBackPreview: Window{74a2419 u0 NotificationShade}: Setting back callback OnBackInvokedCallbackInfo{mCallback=android.window.IOnBackInvokedCallback$Stub$Proxy@f41865f, mPriority=0, mIsAnimationCallback=false}
07-29 20:52:20.190  4872  4872 W VRI[NotificationShade]: updateBlastSurfaceIfNeeded, surfaceSize:Point(1080, 2376), lastSurfaceSize:Point(1080, 2376), format:-3, blastBufferQueue:null
07-29 20:52:20.190  4872  4872 D BufferQueueConsumer: [](id:130800000009,api:0,p:-1,c:4872) connect: controlledByApp=false
07-29 20:52:20.191  4872  4912 D Tile.CustomTile.PowerSaveTileService: refreshState: tile not listening, ignore
07-29 20:52:20.191  4872  4872 I SystemUi--Keyguard: KeyguardEngineContainer-->onConfigurationChanged, locale = en-US,zh-CN, mLastLocale= en-US,zh-CN
07-29 20:52:20.191  4872  4872 I SystemUi--Keyguard: KeyguardEngineContainer-->onConfigurationChanged. font = 0, mLastFlipFont = 0, density = 480, mDensity = 480
07-29 20:52:20.191  4872  4912 D Tile.CustomTile.WirelessReverseControService: refreshState: tile not listening, ignore
07-29 20:52:20.191  4872  4872 I SystemUi--Keyguard: KeyguardPluginManager-->maybeReloadNormalKeyguard, uses default LockScreen
07-29 20:52:20.193  4872  4872 E ndroid.systemui: No package ID ff found for resource ID 0xffffffff.
07-29 20:52:20.193  4872  4872 E ndroid.systemui: No package ID ff found for resource ID 0xffffffff.
07-29 20:52:20.193  4872  4872 E ndroid.systemui: No package ID ff found for resource ID 0xffffffff.
07-29 20:52:20.193  4872  4872 E ThemeUtils: View class com.oplus.systemui.keyguard.view.GeneralFontVariationTextView is an AppCompat widget that can only be used with a Theme.AppCompat theme (or descendant).
07-29 20:52:20.193  4872  4872 E ThemeUtils: View class com.oplus.systemui.keyguard.view.GeneralFontVariationTextView is an AppCompat widget that can only be used with a Theme.AppCompat theme (or descendant).
07-29 20:52:20.194  4872  4872 I SystemUi--Keyguard: PictorialAppInfo-->isShowPictorialTipDevice true,bottomMargin=611
07-29 20:52:20.194  4872  4872 I SystemUi--Keyguard: PictorialFunctionContainer-->onWallpaperChange info is null or local or engine
07-29 20:52:20.194  4872  4872 I SystemUi--Keyguard: PictorialAppInfo-->isShowPictorialTipDevice true,bottomMargin=611
07-29 20:52:20.194  4872  4872 I SystemUi--Keyguard: PictorialAppInfo-->isShowPictorialTipDevice true,bottomMargin=611
07-29 20:52:20.194  4872  4872 I SystemUi--Notification: NotificationsQSContainerController-->onWindowConfigurationChange: splitShadeEnabled=false
07-29 20:52:20.194  4872  4872 I SystemUi--Notification: NotificationsQSContainerController-->updateResources: splitShadeEnabled=false, newSplitShadeEnabled=false
07-29 20:52:20.194  4872  4872 I SystemUi--Notification: OplusQSSimpleHeader-->shouldClick: true, isInSuperPowerSaveMode: false, isInWellBeingAssistantMode: false
07-29 20:52:20.194  4872  4872 I SystemUi--Notification: OplusQSSimpleHeader-->updateMarginTop, reason: configChange, newMarginTop: 102 currentMarginTop 102
07-29 20:52:20.195  4872  4872 I SystemUi--QuickSettings: OplusQuickStatusBarHeader-->[onConfigurationChanged] updateResources end, start call listener
07-29 20:52:20.197  4872  4872 I SystemUi--QuickSettings: OplusQuickStatusBarHeader-->[onConfigurationChanged] updateResources end, start call listener
07-29 20:52:20.197  4872  4872 I SystemUi--QuickSettings: OplusQSHighlightTileViewImpl-->updateIconViewSize mTileCanTips=true
07-29 20:52:20.198  4872  4872 I SystemUi--QuickSettings: OplusQSHighlightTileViewImpl-->updateIconViewSize mTileCanTips=true
07-29 20:52:20.198  4872  4872 I SystemUi--QuickSettings: OplusQsToggleSliderTouchExt-->getRealSize point: Point(1080, 2376) realScreenWidth: 1080 realScreenHeight: 2376
07-29 20:52:20.198  4872  4872 I SystemUi--QuickSettings: OplusQsToggleSliderLayout-->updateRadius radius= 57.815125, roundParams= OplusRoundParams(radiusDp=15.2, radius=45.6, weight=1.1, isCircle=false), isDefaultVolumeTheme = true
07-29 20:52:20.198  4872  4872 I COUIVerticalSeekBar: COUIVerticalSeekBar ensureSize : mIsProgressFull:true,mBackgroundRadius:45.6,mBackgroundWidth:179.0,mBackgroundEnlargeScale1.0,mProgressRadius:45.6,mProgressWidth:179.0,mProgressEnlargeScale1.0,mPaddingVertical45.6
07-29 20:52:20.198  4872  4872 I COUIVerticalSeekBar: updateBehavior * normalSeekBarHeight = 309,mPaddingVertical = 45.6,mIsPhysicsEnable = true,mPhysicalAnimator = null,mFlingBehavior = null,Thread_name = main,hashCode = 30414304,time = 1753836740198,stackChain = com.coui.appcompat.seekbar.COUIVerticalSeekBar.updateBehavior$1:14 com.coui.appcompat.seekbar.COUIVerticalSeekBar.ensureSize$1:182 com.coui.appcompat.seekbar.COUIVerticalSeekBar.setBackgroundRadius:3 com.oplus.systemui.qs.base.seek.OplusQsBaseToggleSliderLayout.updateRadius:60 
07-29 20:52:20.198  4872  4872 I COUIVerticalSeekBar: setPaddingVertical * paddingVertical = 45.6,hashCode = 30414304,time = 1753836740198
07-29 20:52:20.198  4872  4872 I COUIVerticalSeekBar: COUIVerticalSeekBar ensureSize : mIsProgressFull:true,mBackgroundRadius:45.6,mBackgroundWidth:179.0,mBackgroundEnlargeScale1.0,mProgressRadius:45.6,mProgressWidth:179.0,mProgressEnlargeScale1.0,mPaddingVertical45.6
07-29 20:52:20.198  4872  4872 I COUIVerticalSeekBar: updateBehavior * normalSeekBarHeight = 309,mPaddingVertical = 45.6,mIsPhysicsEnable = true,mPhysicalAnimator = null,mFlingBehavior = null,Thread_name = main,hashCode = 30414304,time = 1753836740198,stackChain = com.coui.appcompat.seekbar.COUIVerticalSeekBar.updateBehavior$1:14 com.coui.appcompat.seekbar.COUIVerticalSeekBar.ensureSize$1:182 com.coui.appcompat.seekbar.COUIVerticalSeekBar.setPaddingVertical:59 com.oplus.systemui.qs.base.seek.OplusQsBaseToggleSliderLayout.updateRadius:74 
07-29 20:52:20.198  4872  4872 I SystemUi--QuickSettings: OplusQsToggleSliderTouchExt-->getRealSize point: Point(1080, 2376) realScreenWidth: 1080 realScreenHeight: 2376
07-29 20:52:20.198  4872  4872 I SystemUi--QuickSettings: OplusQsToggleSliderLayout-->updateRadius radius= 57.815125, roundParams= OplusRoundParams(radiusDp=15.2, radius=45.6, weight=1.1, isCircle=false), isDefaultVolumeTheme = true
07-29 20:52:20.198  4872  4872 I COUIVerticalSeekBar: COUIVerticalSeekBar ensureSize : mIsProgressFull:true,mBackgroundRadius:45.6,mBackgroundWidth:179.0,mBackgroundEnlargeScale1.0,mProgressRadius:45.6,mProgressWidth:179.0,mProgressEnlargeScale1.0,mPaddingVertical45.6
07-29 20:52:20.198  4872  4872 I COUIVerticalSeekBar: updateBehavior * normalSeekBarHeight = 309,mPaddingVertical = 45.6,mIsPhysicsEnable = true,mPhysicalAnimator = null,mFlingBehavior = null,Thread_name = main,hashCode = 241090808,time = 1753836740198,stackChain = com.coui.appcompat.seekbar.COUIVerticalSeekBar.updateBehavior$1:14 com.coui.appcompat.seekbar.COUIVerticalSeekBar.ensureSize$1:182 com.coui.appcompat.seekbar.COUIVerticalSeekBar.setBackgroundRadius:3 com.oplus.systemui.qs.base.seek.OplusQsBaseToggleSliderLayout.updateRadius:60 
07-29 20:52:20.198  4872  4872 I COUIVerticalSeekBar: setPaddingVertical * paddingVertical = 45.6,hashCode = 241090808,time = 1753836740198
07-29 20:52:20.198  4872  4872 I COUIVerticalSeekBar: COUIVerticalSeekBar ensureSize : mIsProgressFull:true,mBackgroundRadius:45.6,mBackgroundWidth:179.0,mBackgroundEnlargeScale1.0,mProgressRadius:45.6,mProgressWidth:179.0,mProgressEnlargeScale1.0,mPaddingVertical45.6
07-29 20:52:20.198  4872  4872 I COUIVerticalSeekBar: updateBehavior * normalSeekBarHeight = 309,mPaddingVertical = 45.6,mIsPhysicsEnable = true,mPhysicalAnimator = null,mFlingBehavior = null,Thread_name = main,hashCode = 241090808,time = 1753836740198,stackChain = com.coui.appcompat.seekbar.COUIVerticalSeekBar.updateBehavior$1:14 com.coui.appcompat.seekbar.COUIVerticalSeekBar.ensureSize$1:182 com.coui.appcompat.seekbar.COUIVerticalSeekBar.setPaddingVertical:59 com.oplus.systemui.qs.base.seek.OplusQsBaseToggleSliderLayout.updateRadius:74 
07-29 20:52:20.198  4872  4872 I [DevicePlugin].NoDeviceEntranceCardView.(main): onConfigurationChanged
07-29 20:52:20.198  4872  4872 I [DevicePlugin].PlatformUtils.(main): isLowGaussianLevel: DEBUG_LEVEL = -1, ANIM_LEVEL = 1
07-29 20:52:20.198  4872  4872 I [DevicePlugin].PlatformUtils.(main): isGlobalThemeApplied: isGlobalTheme=false
07-29 20:52:20.198  4872  4872 I [DevicePlugin].PlatformUtils.(main): isBlurEnable: enable=true
07-29 20:52:20.198  4872  4872 I [DevicePlugin].PlatformUtils.(main): isGlobalThemeApplied: isGlobalTheme=false
07-29 20:52:20.198  4872  4872 I [DevicePlugin].PlatformUtils.(main): isLightOsGaussianLevel: DEBUG_LEVEL = -1, ANIM_LEVEL = 1
07-29 20:52:20.198  4872  4872 I [DevicePlugin].PlatformUtils.(main): isLightBlurEnable: enable=false
07-29 20:52:20.198  4872  4872 I [DevicePlugin].RectangleDeviceCardView.(main): onConfigurationChanged
07-29 20:52:20.198  4872  4872 I [DevicePlugin].PlatformUtils.(main): isLowGaussianLevel: DEBUG_LEVEL = -1, ANIM_LEVEL = 1
07-29 20:52:20.198  4872  4872 I [DevicePlugin].PlatformUtils.(main): isGlobalThemeApplied: isGlobalTheme=false
07-29 20:52:20.198  4872  4872 I [DevicePlugin].PlatformUtils.(main): isBlurEnable: enable=true
07-29 20:52:20.198  4872  4872 I [DevicePlugin].PlatformUtils.(main): isGlobalThemeApplied: isGlobalTheme=false
07-29 20:52:20.198  4872  4872 I [DevicePlugin].PlatformUtils.(main): isLightOsGaussianLevel: DEBUG_LEVEL = -1, ANIM_LEVEL = 1
07-29 20:52:20.198  4872  4872 I [DevicePlugin].PlatformUtils.(main): isLightBlurEnable: enable=false
07-29 20:52:20.198  4872  4872 I [DevicePlugin].RectangleEntranceCardView.(main): onConfigurationChanged
07-29 20:52:20.198  4872  4872 I [DevicePlugin].PlatformUtils.(main): isLowGaussianLevel: DEBUG_LEVEL = -1, ANIM_LEVEL = 1
07-29 20:52:20.198  4872  4872 I [DevicePlugin].PlatformUtils.(main): isGlobalThemeApplied: isGlobalTheme=false
07-29 20:52:20.198  4872  4872 I [DevicePlugin].PlatformUtils.(main): isBlurEnable: enable=true
07-29 20:52:20.198  4872  4872 I [DevicePlugin].PlatformUtils.(main): isGlobalThemeApplied: isGlobalTheme=false
07-29 20:52:20.198  4872  4872 I [DevicePlugin].PlatformUtils.(main): isLightOsGaussianLevel: DEBUG_LEVEL = -1, ANIM_LEVEL = 1
07-29 20:52:20.198  4872  4872 I [DevicePlugin].PlatformUtils.(main): isLightBlurEnable: enable=false
07-29 20:52:20.198  4872  4872 I [DevicePlugin].RectangleDeviceCardView.(main): onConfigurationChanged
07-29 20:52:20.198  4872  4872 I [DevicePlugin].PlatformUtils.(main): isLowGaussianLevel: DEBUG_LEVEL = -1, ANIM_LEVEL = 1
07-29 20:52:20.198  4872  4872 I [DevicePlugin].PlatformUtils.(main): isGlobalThemeApplied: isGlobalTheme=false
07-29 20:52:20.198  4872  4872 I [DevicePlugin].PlatformUtils.(main): isBlurEnable: enable=true
07-29 20:52:20.198  4872  4872 I [DevicePlugin].PlatformUtils.(main): isGlobalThemeApplied: isGlobalTheme=false
07-29 20:52:20.198  4872  4872 I [DevicePlugin].PlatformUtils.(main): isLightOsGaussianLevel: DEBUG_LEVEL = -1, ANIM_LEVEL = 1
07-29 20:52:20.198  4872  4872 I [DevicePlugin].PlatformUtils.(main): isLightBlurEnable: enable=false
07-29 20:52:20.198  4872  4872 I [DevicePlugin].SquareDeviceCardView.(main): onConfigurationChanged
07-29 20:52:20.198  4872  4872 I [DevicePlugin].PlatformUtils.(main): isLowGaussianLevel: DEBUG_LEVEL = -1, ANIM_LEVEL = 1
07-29 20:52:20.198  4872  4872 I [DevicePlugin].PlatformUtils.(main): isGlobalThemeApplied: isGlobalTheme=false
07-29 20:52:20.198  4872  4872 I [DevicePlugin].PlatformUtils.(main): isBlurEnable: enable=true
07-29 20:52:20.198  4872  4872 I [DevicePlugin].PlatformUtils.(main): isGlobalThemeApplied: isGlobalTheme=false
07-29 20:52:20.198  4872  4872 I [DevicePlugin].PlatformUtils.(main): isLightOsGaussianLevel: DEBUG_LEVEL = -1, ANIM_LEVEL = 1
07-29 20:52:20.198  4872  4872 I [DevicePlugin].PlatformUtils.(main): isLightBlurEnable: enable=false
07-29 20:52:20.199  4872  4872 I [DevicePlugin].SquareEntranceCardView.(main): onConfigurationChanged
07-29 20:52:20.199  4872  4872 I [DevicePlugin].PlatformUtils.(main): isLowGaussianLevel: DEBUG_LEVEL = -1, ANIM_LEVEL = 1
07-29 20:52:20.199  4872  4872 I [DevicePlugin].PlatformUtils.(main): isGlobalThemeApplied: isGlobalTheme=false
07-29 20:52:20.199  4872  4872 I [DevicePlugin].PlatformUtils.(main): isBlurEnable: enable=true
07-29 20:52:20.199  4872  4872 I [DevicePlugin].PlatformUtils.(main): isGlobalThemeApplied: isGlobalTheme=false
07-29 20:52:20.199  4872  4872 I [DevicePlugin].PlatformUtils.(main): isLightOsGaussianLevel: DEBUG_LEVEL = -1, ANIM_LEVEL = 1
07-29 20:52:20.199  4872  4872 I [DevicePlugin].PlatformUtils.(main): isLightBlurEnable: enable=false
07-29 20:52:20.199  4872  4872 I [DevicePlugin].SquareDeviceCardView.(main): onConfigurationChanged
07-29 20:52:20.199  4872  4872 I [DevicePlugin].PlatformUtils.(main): isLowGaussianLevel: DEBUG_LEVEL = -1, ANIM_LEVEL = 1
07-29 20:52:20.199  4872  4872 I [DevicePlugin].PlatformUtils.(main): isGlobalThemeApplied: isGlobalTheme=false
07-29 20:52:20.199  4872  4872 I [DevicePlugin].PlatformUtils.(main): isBlurEnable: enable=true
07-29 20:52:20.199  4872  4872 I [DevicePlugin].PlatformUtils.(main): isGlobalThemeApplied: isGlobalTheme=false
07-29 20:52:20.199  4872  4872 I [DevicePlugin].PlatformUtils.(main): isLightOsGaussianLevel: DEBUG_LEVEL = -1, ANIM_LEVEL = 1
07-29 20:52:20.199  4872  4872 I [DevicePlugin].PlatformUtils.(main): isLightBlurEnable: enable=false
07-29 20:52:20.199  4872  4872 I [DevicePlugin].SquareDeviceCardView.(main): onConfigurationChanged
07-29 20:52:20.199  4872  4872 I [DevicePlugin].PlatformUtils.(main): isLowGaussianLevel: DEBUG_LEVEL = -1, ANIM_LEVEL = 1
07-29 20:52:20.199  4872  4872 I [DevicePlugin].PlatformUtils.(main): isGlobalThemeApplied: isGlobalTheme=false
07-29 20:52:20.199  4872  4872 I [DevicePlugin].PlatformUtils.(main): isBlurEnable: enable=true
07-29 20:52:20.199  4872  4872 I [DevicePlugin].PlatformUtils.(main): isGlobalThemeApplied: isGlobalTheme=false
07-29 20:52:20.199  4872  4872 I [DevicePlugin].PlatformUtils.(main): isLightOsGaussianLevel: DEBUG_LEVEL = -1, ANIM_LEVEL = 1
07-29 20:52:20.199  4872  4872 I [DevicePlugin].PlatformUtils.(main): isLightBlurEnable: enable=false
07-29 20:52:20.199  4872  4872 I [DevicePlugin].SquareDeviceCardView.(main): onConfigurationChanged
07-29 20:52:20.199  4872  4872 I [DevicePlugin].PlatformUtils.(main): isLowGaussianLevel: DEBUG_LEVEL = -1, ANIM_LEVEL = 1
07-29 20:52:20.199  4872  4872 I [DevicePlugin].PlatformUtils.(main): isGlobalThemeApplied: isGlobalTheme=false
07-29 20:52:20.199  4872  4872 I [DevicePlugin].PlatformUtils.(main): isBlurEnable: enable=true
07-29 20:52:20.199  4872  4872 I [DevicePlugin].PlatformUtils.(main): isGlobalThemeApplied: isGlobalTheme=false
07-29 20:52:20.199  4872  4872 I [DevicePlugin].PlatformUtils.(main): isLightOsGaussianLevel: DEBUG_LEVEL = -1, ANIM_LEVEL = 1
07-29 20:52:20.199  4872  4872 I [DevicePlugin].PlatformUtils.(main): isLightBlurEnable: enable=false
07-29 20:52:20.199  4872  4872 I [DevicePlugin].SquareEntranceCardView.(main): onConfigurationChanged
07-29 20:52:20.199  4872  4872 I [DevicePlugin].PlatformUtils.(main): isLowGaussianLevel: DEBUG_LEVEL = -1, ANIM_LEVEL = 1
07-29 20:52:20.199  4872  4872 I [DevicePlugin].PlatformUtils.(main): isGlobalThemeApplied: isGlobalTheme=false
07-29 20:52:20.199  4872  4872 I [DevicePlugin].PlatformUtils.(main): isBlurEnable: enable=true
07-29 20:52:20.199  4872  4872 I [DevicePlugin].PlatformUtils.(main): isGlobalThemeApplied: isGlobalTheme=false
07-29 20:52:20.199  4872  4872 I [DevicePlugin].PlatformUtils.(main): isLightOsGaussianLevel: DEBUG_LEVEL = -1, ANIM_LEVEL = 1
07-29 20:52:20.199  4872  4872 I [DevicePlugin].PlatformUtils.(main): isLightBlurEnable: enable=false
07-29 20:52:20.201  4872  4872 I SystemUi--QuickSettings: OplusSeparateQSCustomizer-->updateResources tileRow= 3
07-29 20:52:20.201  4872  4872 I SystemUi--QuickSettings: OplusSeparateQSCustomizer--> mUsableWidth=1080
07-29 20:52:20.201  4872  4872 I SystemUi--QuickSettings: OplusSeparateQSCustomizer--> mEditCellWidth=175 mEditCellMarginHorizontal=66 mItemHeight=271 mHorizontalSidePadding=57
07-29 20:52:20.201  4872  4872 I SystemUi--QuickSettings: OplusQsToggleSliderTouchExt-->getRealSize point: Point(1080, 2376) realScreenWidth: 1080 realScreenHeight: 2376
07-29 20:52:20.201  4872  4872 I SystemUi--QuickSettings: OplusQsToggleSliderLayout-->updateRadius radius= 57.815125, roundParams= OplusRoundParams(radiusDp=15.2, radius=45.6, weight=1.1, isCircle=false), isDefaultVolumeTheme = true
07-29 20:52:20.201  4872  4872 I COUIVerticalSeekBar: COUIVerticalSeekBar ensureSize : mIsProgressFull:true,mBackgroundRadius:45.6,mBackgroundWidth:179.0,mBackgroundEnlargeScale1.0,mProgressRadius:45.6,mProgressWidth:179.0,mProgressEnlargeScale1.0,mPaddingVertical45.6
07-29 20:52:20.201  4872  4872 I COUIVerticalSeekBar: updateBehavior * normalSeekBarHeight = 309,mPaddingVertical = 45.6,mIsPhysicsEnable = true,mPhysicalAnimator = null,mFlingBehavior = null,Thread_name = main,hashCode = 125708636,time = 1753836740201,stackChain = com.coui.appcompat.seekbar.COUIVerticalSeekBar.updateBehavior$1:14 com.coui.appcompat.seekbar.COUIVerticalSeekBar.ensureSize$1:182 com.coui.appcompat.seekbar.COUIVerticalSeekBar.setBackgroundRadius:3 com.oplus.systemui.qs.base.seek.OplusQsBaseToggleSliderLayout.updateRadius:60 
07-29 20:52:20.201  4872  4872 I COUIVerticalSeekBar: setPaddingVertical * paddingVertical = 45.6,hashCode = 125708636,time = 1753836740201
07-29 20:52:20.201  4872  4872 I COUIVerticalSeekBar: COUIVerticalSeekBar ensureSize : mIsProgressFull:true,mBackgroundRadius:45.6,mBackgroundWidth:179.0,mBackgroundEnlargeScale1.0,mProgressRadius:45.6,mProgressWidth:179.0,mProgressEnlargeScale1.0,mPaddingVertical45.6
07-29 20:52:20.201  4872  4872 I COUIVerticalSeekBar: updateBehavior * normalSeekBarHeight = 309,mPaddingVertical = 45.6,mIsPhysicsEnable = true,mPhysicalAnimator = null,mFlingBehavior = null,Thread_name = main,hashCode = 125708636,time = 1753836740201,stackChain = com.coui.appcompat.seekbar.COUIVerticalSeekBar.updateBehavior$1:14 com.coui.appcompat.seekbar.COUIVerticalSeekBar.ensureSize$1:182 com.coui.appcompat.seekbar.COUIVerticalSeekBar.setPaddingVertical:59 com.oplus.systemui.qs.base.seek.OplusQsBaseToggleSliderLayout.updateRadius:74 
07-29 20:52:20.201  4872  4872 I SystemUi--Common: WindowRootView-->leftInset:0 rightInset:0  rootWindowInsets.displayCutout:DisplayCutout{insets=Rect(0, 120 - 0, 0) waterfall=Insets{left=0, top=0, right=0, bottom=0} boundingRect={Bounds=[Rect(0, 0 - 0, 0), Rect(512, 0 - 569, 120), Rect(0, 0 - 0, 0), Rect(0, 0 - 0, 0)]} cutoutPathParserInfo={CutoutPathParserInfo{displayWidth=1080 displayHeight=2376 physicalDisplayWidth=1440 physicalDisplayHeight=3168 density={4.0} cutoutSpec={M -38,0 L -38,160 L 38,160 L 38,0 Z} rotation={0} scale={1.0} physicalPixelDisplaySizeRatio={0.75}}} sideOverrides={}} windowInsets.displayCutout:DisplayCutout{insets=Rect(0, 120 - 0, 0) waterfall=Insets{left=0, top=0, right=0, bottom=0} boundingRect={Bounds=[Rect(0, 0 - 0, 0), Rect(512, 0 - 569, 120), Rect(0, 0 - 0, 0), Rect(0, 0 - 0, 0)]} cutoutPathParserInfo={CutoutPathParserInfo{displayWidth=1080 displayHeight=2376 physicalDisplayWidth=1440 physicalDisplayHeight=3168 density={4.0} cutoutSpec={M -38,0 L -38,160 L 38,160 L 38,0 Z} rotation={0} scale={1.0} physicalPixelDisplaySizeRatio={0.75}}} sideOverrides={}} currentRotation:1
07-29 20:52:20.201  4872  4872 I SystemUi--QuickSettings: OplusQuickStatusBarHeader-->onApplyWindowInsets mIgnoreCenterHole: true mCenterHoleSpaceLp: androidx.constraintlayout.widget.ConstraintLayout$LayoutParams@125bdc9
07-29 20:52:20.201  4872  4872 I SystemUi--QuickSettings: OplusQuickStatusBarHeader-->updateCenterHoleView visibility: 8 isLpChanged: false
07-29 20:52:20.201  4872  4872 I SystemUi--QuickSettings: OplusQuickStatusBarHeader-->updateCenterHoleView visibility: 8 isLpChanged: false
07-29 20:52:20.201  4872  4872 I PluginSeedling--Base: SeedlingPluginService-->onStateChange: Bundle[{rect=RectF(509.25, 29.25, 570.75, 90.75), state=onHoleRectChanged}]
07-29 20:52:20.201  4872  4872 I SystemUi--Statusbar: StatusBarPaddingProvider-->updateContentsPadding: (51, 14, 60, 15), screenHoleHeight: 61 isLandscape=false, rotation: 0 screenHoleBottom: 90 statusBarHeight: 120 seedlingHeight: 90 switchSupport: true percentScreen:0.75 baseScreenWidth:1080 stableDisplayWidth:1440
07-29 20:52:20.202  4872  4872 I SystemUi--QuickSettings: OplusQuickStatusBarHeader-->onApplyWindowInsets mIgnoreCenterHole: true mCenterHoleSpaceLp: androidx.constraintlayout.widget.ConstraintLayout$LayoutParams@f5b3cce
07-29 20:52:20.202  4872  4872 I SystemUi--QuickSettings: OplusQuickStatusBarHeader-->updateCenterHoleView visibility: 8 isLpChanged: false
07-29 20:52:20.202  4872  4872 I SystemUi--QuickSettings: OplusQuickStatusBarHeader-->updateCenterHoleView visibility: 8 isLpChanged: false
07-29 20:52:20.202  4872  5434 D BufferQueueProducer: [VRI[NotificationShade]#8(BLAST Consumer)8](id:130800000009,api:1,p:4872,c:4872) connect: api=1 producerControlledByApp=true
07-29 20:52:20.210  4872  4872 I SurfaceControl:  setExtendedRangeBrightness sc=Surface(name=NotificationShade)/@0x7f058ed,currentBufferRatio=1.0,desiredRatio=1.0
07-29 20:52:20.216  2185  2388 D SurfaceFlinger: captureLayers from pid 5419 uid -335
07-29 20:52:20.216  2185  2388 W SurfaceFlinger: Skipping screen capture because of invalid layer.
07-29 20:52:20.217  5419  5622 E ScreenCapture: Failed to generate screen capture. Error code: -12
07-29 20:52:20.217  5419  5622 E Blur_ScreenCapture: [captureScreenInternal] exceeds fail times limit=1
07-29 20:52:20.223  4872  5434 D BLASTBufferQueue: [VRI[NotificationShade]#8](f:0,a:1) acquireNextBufferLocked size=1080x2376 mFrameNumber=1 applyTransaction=true mTimestamp=57989054873(auto) mPendingTransactions.size=0 graphicBufferId=20925080666162 transform=0
07-29 20:52:20.223  4872  5434 D VRI[NotificationShade]: Received frameCommittedCallback lastAttemptedDrawFrameNum=1 didProduceBuffer=true syncBuffer=false
07-29 20:52:20.223  4872  4872 D VRI[NotificationShade]: draw finished. seqId=0
07-29 20:52:20.223  3504  5851 I WindowManager: Window{74a2419 u0 NotificationShade} state from DRAW_PENDING to COMMIT_DRAW_PENDING; reason: finishDrawingLocked
07-29 20:52:20.224  3504  3844 D VRR [OPlusRefreshRateService]: handleConfigIdChange physicalDisplayId: 4630946756802996883 configId: 4 renderPeriod: 8333333
07-29 20:52:20.225  4872  4872 D ZenModeController: Added callback class com.oplus.systemui.qs.tiles.OplusDndTile$1
07-29 20:52:20.225  4872  5831 V OplusCustomizeCacheManager: queryCache name: sys.cache.common_customize_cache11011 param: null
07-29 20:52:20.225  4872  4872 I SystemUi--Notification: OplusHeadsUpCoreStart-->isVisibility: true
07-29 20:52:20.225  3504  3844 D VRR [OPlusSAManager]: updateModeChange old modeId [ 5 ] -> new modeId [ 4 ] mCurPolicy: 1
07-29 20:52:20.225  3504  3844 D VRR [OPlusSAManager]: updateSAScene active modeId: 4
07-29 20:52:20.225  3504  3844 D VRR [OPlusSAManager]: updateSAScene current policy: 1 active modeId: 4 scene: VRR_90_120
07-29 20:52:20.225  3504  3844 D VRR [OPlusOAManager]: Not OA business! new modeId: [4] active modeId: [5]
07-29 20:52:20.225  3504  3844 D VRR [OPlusGameStatusManager]: updateGameState mOSyncFeatureSwitch: false mIsGamePolicy: false
07-29 20:52:20.225  3504  3844 D VRR [OPlusGameStatusManager]: setLTMStatus false curPkgName: com.android.launcher curr status: false HeartStop: false HeartStopFromTGPA: false ActiveFPS: 120.00001
07-29 20:52:20.225  4872  5831 V OplusCustomizeCacheManager: queryCache name: sys.cache.common_customize_cache11010 param: null
07-29 20:52:20.225  3504  3844 D VRR [OPlusGameStatusManager]: updateGameAccelerationStatus pkgName: com.android.launcher mOSyncFeatureSwitch: false mIsGamePolicy: false mHeartStop: false mHasFlickerRisk: false mForceAcceleration: false mToastReady: false enable: false
07-29 20:52:20.225  3504  3844 D VRR [OPlusGameStatusManager]: updateToastStatus enableAcceleration: false toastReady: false isGamePolicy: false desiredModeId: 4
07-29 20:52:20.225  3504  3844 D VRR [OPlusGameStatusManager]: updateToastStatus enableAcceleration: false toastReady: false isGamePolicy: false desiredModeId: 4
07-29 20:52:20.225  3504  3844 D VRR [OPlusExternalRefreshRateManager]:  updateRenderPeriodChange configId:4 current refresh rate:120.00001
07-29 20:52:20.225  2185  3359 D VRR [OTI-HW]: isStateReady 0
07-29 20:52:20.225  2185  3359 D VRR [OTI-HW]: keep rate.
07-29 20:52:20.225  3504  3844 D VRR [OPlusSurfaceFlingerController]:  setDirectorOtiHwConfig : true
07-29 20:52:20.225  4872  4872 I SystemUi--QuickSettings: OplusQsBrightnessSliderController-->setProgressAnimation value: 1749 isListening: true  screenBrightnessDuration: 0.0  startValue: 0 startTime: 0 lastDuration: 547.0 lastStartTime: 46591  max: 4089 sliderProgress: 0 needResetLastAnimation: false
07-29 20:52:20.226  4872  4872 I SystemUi--QuickSettings: OplusQsBrightnessSliderController-->handleNoDuration proportion: 1.0 currentProgress: 1749 duration: 0.0 lastStartValue: 6 sliderProgress: 1749
07-29 20:52:20.226  4872  4872 I SystemUi--Notification: OplusNotificationShadeWindowControllerExImpl-->SHADE_FOCUSABLE-->mNotificationShadeFocusable= true, mPanelExpanded= true, mBouncerShowing= false, mKeyguardShowing= false, mKeyguardOccluded= false, mKeyguardNeedsInput= false, ENABLE_REMOTE_INPUT= true, mRemoteInputActive= false, layoutFlags= -2121924544
07-29 20:52:20.226  4872  4872 I SystemUi--Notification: OplusNotificationShadeWindowControllerExImpl-->SHADE_VISIBLE-->mKeyguardShowing= false, mKeyguardOccluded= false, mPanelVisible= false, mKeyguardFadingAway= false, mKeyguardGoingAway= false, mBouncerShowing= false, mScrimsVisibility= 1, mBackgroundBlurRadius= 0, mForcePluginOpen= false, mediaBackdropShowing= false, viewVisibility= true, qsBlurFraction= 0.018008048, panelBlurFraction= 0.0
07-29 20:52:20.226  3504  3688 I WindowManager: Window{74a2419 u0 NotificationShade} state from COMMIT_DRAW_PENDING to READY_TO_SHOW; reason: commitFinishDrawingLocked
07-29 20:52:20.226  3504  3688 I WindowManager: Window{74a2419 u0 NotificationShade} state from READY_TO_SHOW to HAS_DRAWN; reason: performShowLocked
07-29 20:52:20.226  4872  4872 I PluginSeedling--CapsuleCard: CardRootViewModel-->onExpandedChanged: true
07-29 20:52:20.227  4872  4872 I PluginSeedling--StateMachine: StateEventManager-->stable: true, event: null
07-29 20:52:20.227  4872  5831 V OplusCustomizeCacheManager: queryCache name: sys.cache.common_customize_cache18014 param: null
07-29 20:52:20.227  4872  5831 D OplusCustomizeCacheManager: add cachename to map: sys.cache.common_customize_cache18014
07-29 20:52:20.227  4872  5831 V OplusCustomizeCacheManager: start recompute
07-29 20:52:20.227  3504  3715 I UserAwareMgr: handleFgAppChanged, pkgName: com.android.systemui, pid: 4872, isVisible: true, fgAppType: FG2
07-29 20:52:20.227  3504  3715 I UserAwareMgr: fg app status not changed, beforeVisible: true, currentVisible: true
07-29 20:52:20.228  4872  5831 V OplusCustomizeCacheManager: queryCache name: sys.cache.common_customize_cache18017 param: Bundle[{SETTING=BLOCK, BUSINESS=NCT-DATA}]
07-29 20:52:20.228  4872  5831 D OplusCustomizeCacheManager: add cachename to map: sys.cache.common_customize_cache18017
07-29 20:52:20.228  4872  5831 V OplusCustomizeCacheManager: start recompute
07-29 20:52:20.228  3504  4876 D OplusCustomizeSecurityManagerService: we can't find the BLOCK
07-29 20:52:20.228  4872  5831 V OplusCustomizeCacheManager: queryCache name: sys.cache.common_customize_cache18013 param: null
07-29 20:52:20.229  4872  4872 I SystemUi--Keyguard: ScrimControllerExImp-->blur State to UNLOCK, bouncer=false changeFromBouncerScrim= false runnerUnlock= false goingAway=false hasHandle=true isOccludeAnimationPlaying=false
07-29 20:52:20.229  4872  4872 I SystemUi--Keyguard: ScrimControllerExImp-->blur State to UNLOCK, bouncer=false changeFromBouncerScrim= false runnerUnlock= false goingAway=false hasHandle=true isOccludeAnimationPlaying=false
07-29 20:52:20.230  3504  5389 I InputDispatcher: injectInputEvent: targetUid=<not set>, syncMode=WAIT_FOR_FINISHED, timeout=30000ms, policyFlags=0x8000000, event=MotionEvent { action=MOVE, id[0]=0, x[0]=900, y[0]=634.134, eventTime=57996000000, downTime=57904000000, deviceId=5, source=TOUCHSCREEN, displayId=0, eventId=0xe7bc9a8f}
07-29 20:52:20.230  4872  4872 D ViewRootImplExtImpl: wrapConfigInfoIntoFlags rotation=0, smallestScreenWidthDp=360, residentWS=false, scenario=0, bounds=Rect(0, 0 - 1080, 2376), relayoutAsync=true, flags=1, newFlags=1245719809, title=NotificationShade
07-29 20:52:20.230  4872  5831 V OplusCustomizeCacheManager: queryCache name: sys.cache.common_customize_cache18025 param: null
07-29 20:52:20.230  4872  4872 W VRI[NotificationShade]: updateBlastSurfaceIfNeeded, surfaceSize:Point(1080, 2376), lastSurfaceSize:Point(1080, 2376), format:-3, blastBufferQueue:android.graphics.BLASTBufferQueue@26a0de9
07-29 20:52:20.230  3504  5414 D WindowManagerServiceExtImpl: extractConfigInfoAndRealFlags rotation=0, screenDp=360, residentWS:0, scenario:0, bounds:2376, serverWinBounds:Rect(0, 0 - 1080, 2376), win=Window{74a2419 u0 NotificationShade}
07-29 20:52:20.230  3504  5414 V WindowManager: Relayout Window{74a2419 u0 NotificationShade}: viewVisibility=0, oldvis=0, req=1080x2376, vsysui=, x=0, y=0
07-29 20:52:20.230  4872  5831 I SystemUi--QuickSettings: Tile.OplusAirplaneModeTile-->handleUpdateState state.state: 2 value: 1
07-29 20:52:20.230  4872  5831 V OplusCustomizeCacheManager: queryCache name: sys.cache.common_customize_cache18026 param: null
07-29 20:52:20.230  4872  4872 I SurfaceControl:  setExtendedRangeBrightness sc=Surface(name=NotificationShade)/@0x7f058ed,currentBufferRatio=1.0,desiredRatio=1.0
07-29 20:52:20.231  3504  5414 D RefreshRate: initControlPanelRefreshRateData PreferredRefreshRateData{mPreferredRefreshRateId=[3, 1, 2, 3],isAnimBoost=true}
07-29 20:52:20.231  3504  5414 D WindowManager: NFW_findFocusedWindowIfNeeded:Window{74a2419 u0 NotificationShade} mCurrentFocus:Window{57d6726 u0 com.android.launcher/com.android.launcher.Launcher}
07-29 20:52:20.231  3504  5414 V WindowManager: Changing focus from Window{57d6726 u0 com.android.launcher/com.android.launcher.Launcher} to Window{74a2419 u0 NotificationShade},diplayid=0
07-29 20:52:20.231  3504  4652 E OplusUIFirst_WS: unknown window type: -1
07-29 20:52:20.231  4872  4872 I SystemUi--Statusbar: DisplayRepository-->combining enabled=[0], connectedExternalDisplayIds=[], ignored=[]
07-29 20:52:20.231  3504  3844 D VRR [OPlusRefreshRateService]: Receive multi scene changed eventId = 5 bundleList.size = 2
07-29 20:52:20.231  3504  4652 E UAH-Framework: invalid window type -1
07-29 20:52:20.231  3504  4706 E FBProcessManager: unknown window type: -1
07-29 20:52:20.232  3504  5414 D Theia.NoFocusWindow: FocusWindowErrorScene cancelCheckFreezeScreen
07-29 20:52:20.232  3504  5414 W TheiaWindowMonitor: [check] focusedWindow is null or enable is false
07-29 20:52:20.232  4872  5831 V OplusCustomizeCacheManager: queryCache name: sys.cache.common_customize_cache11009 param: null
07-29 20:52:20.233  7360  7360 W Battery : PowerSaveTileService: updateTileState false
07-29 20:52:20.233  4872  4872 W SystemUi--Common: SubsetBitmapDrawable-->[isValid] innerBitmap?.isRecycled=null
07-29 20:52:20.233  4872  4872 I SystemUi--Statusbar: BatteryViewBinder-->create drawable: com.oplus.systemui.statusbar.pipeline.battery.ui.drawable.HorizontalBatteryContentDrawable@c721cc iconStyle:BatteryIconStyle(iconStyle=1, oldStylePercentIn=false, densityDpi=480, scaleFactor=1.0, themeId=0, isThemeModeColor=false, frameColorMode=0, isPercentOutBgMode=false, isPercentOutPbMode=false, batteryOutChargeBgMode=0)
07-29 20:52:20.234  4872  5831 V OplusCustomizeCacheManager: queryCache name: sys.cache.common_customize_cache18027 param: null
07-29 20:52:20.234  2185  2185 D OplusInfoMonitor: setListenerReport: reportInfo:
07-29 20:52:20.234  3504  3688 D SurfaceComposerClient: Transaction::apply InputWindowCommands.focusRequests timestamp=57999174873, windowName=74a2419 NotificationShade
07-29 20:52:20.234  2185  2366 D SurfaceFlinger: captureLayers from pid 5419 uid -335
07-29 20:52:20.235  4872  4872 I SystemUi--Statusbar: BatteryViewBinder-->create drawable: com.oplus.systemui.statusbar.pipeline.battery.ui.drawable.HorizontalBatteryContentDrawable@36732da iconStyle:BatteryIconStyle(iconStyle=1, oldStylePercentIn=false, densityDpi=480, scaleFactor=1.0, themeId=0, isThemeModeColor=false, frameColorMode=0, isPercentOutBgMode=false, isPercentOutPbMode=false, batteryOutChargeBgMode=0)
07-29 20:52:20.235  4872  5831 V OplusCustomizeCacheManager: queryCache name: sys.cache.common_customize_cache11010 param: null
07-29 20:52:20.236  4872  4872 W SystemUi--Common: SubsetBitmapDrawable-->[isValid] innerBitmap?.isRecycled=null
07-29 20:52:20.236  4872  4872 I SystemUi--Statusbar: BatteryViewBinder-->create drawable: com.oplus.systemui.statusbar.pipeline.battery.ui.drawable.HorizontalBatteryContentDrawable@b1b6c06 iconStyle:BatteryIconStyle(iconStyle=1, oldStylePercentIn=false, densityDpi=480, scaleFactor=1.0, themeId=0, isThemeModeColor=false, frameColorMode=0, isPercentOutBgMode=false, isPercentOutPbMode=false, batteryOutChargeBgMode=0)
07-29 20:52:20.237  4872  4872 I SystemUi--Statusbar: BatteryViewBinder-->create drawable: com.oplus.systemui.statusbar.pipeline.battery.ui.drawable.HorizontalBatteryContentDrawable@83b02c7 iconStyle:BatteryIconStyle(iconStyle=1, oldStylePercentIn=false, densityDpi=480, scaleFactor=1.0, themeId=0, isThemeModeColor=false, frameColorMode=0, isPercentOutBgMode=false, isPercentOutPbMode=false, batteryOutChargeBgMode=0)
07-29 20:52:20.238  1950  9443 I SnapAlloc: Using graphics libs for alignment calculations
07-29 20:52:20.239  4872  5411 D Util    : isPkgInstalled_isPkgInstalled = false
07-29 20:52:20.239  4872  5411 D Util    : isPkgInstalled_isPkgInstalled = true
07-29 20:52:20.239  1950  9443 I SnapAlloc: Using graphics libs for alignment calculations
07-29 20:52:20.239  4872  4872 I SystemUi--Keyguard: ScrimControllerExImp-->blur State to UNLOCK, bouncer=false changeFromBouncerScrim= false runnerUnlock= false goingAway=false hasHandle=true isOccludeAnimationPlaying=false
07-29 20:52:20.239  3504  5389 I InputDispatcher: injectInputEvent: targetUid=<not set>, syncMode=WAIT_FOR_FINISHED, timeout=30000ms, policyFlags=0x8000000, event=MotionEvent { action=MOVE, id[0]=0, x[0]=900, y[0]=699.8, eventTime=58006000000, downTime=57904000000, deviceId=5, source=TOUCHSCREEN, displayId=0, eventId=0xdd0850af}
07-29 20:52:20.240  4872  4872 I SystemUi--Keyguard: ScrimControllerExImp-->blur State to UNLOCK, bouncer=false changeFromBouncerScrim= false runnerUnlock= false goingAway=false hasHandle=true isOccludeAnimationPlaying=false
07-29 20:52:20.240  4872  4872 I SystemUi--QuickSettings: QSPanelAnimatorManager-->showFirstElement
07-29 20:52:20.240  3504  3823 D PowerManagerService: userActivityNoUpdateLocked: groupId=0, eventTime=58006, event=touch, flags=0x0, uid=1000
07-29 20:52:20.240  1950  9443 I SnapAlloc: Using graphics libs for alignment calculations
07-29 20:52:20.243  4872  4872 D JankUtils: gfxSceneBegin; scene: 7; sceneDes: QS PULL
07-29 20:52:20.243  2023  2023 D SensorFeature: name=ssc_screenshot_info ,index = 22
07-29 20:52:20.243  2023  2023 D SensorFeature: write 29 bytes:58001552737,58009886070,157,0
07-29 20:52:20.244  2185  3378 D SurfaceFlinger: updateWinowInfo=1, setFocusedWindow timestamp=57999174873, windowName=74a2419 NotificationShade
07-29 20:52:20.244  3504  5414 I InputDispatcher: NFW_setFocusedWindow, 74a2419 NotificationShade on display 0, same as the previous:0
07-29 20:52:20.245  3504  5414 I InputDispatcher: updateFocusedWindow,  on display 0, reason: Waiting for window because NOT_FOCUSABLE, result:   FocusedWindows: <none>
07-29 20:52:20.245  3504  5851 I InputDispatcher: updateFocusedWindow, 74a2419 NotificationShade on display 0, reason: Window became focusable. Previous reason: NOT_FOCUSABLE, result:   FocusedWindows:
07-29 20:52:20.245  3504  5851 I InputDispatcher:     displayId=0, name='74a2419 NotificationShade'
07-29 20:52:20.245  5254  5254 D VRI[Launcher]: onFocusEvent false
07-29 20:52:20.245  4872  4872 D VRI[NotificationShade]: onFocusEvent true
07-29 20:52:20.246  4872  4872 I SystemUi--Keyguard: ScrimControllerExImp-->blur State to UNLOCK, bouncer=false changeFromBouncerScrim= false runnerUnlock= false goingAway=false hasHandle=true isOccludeAnimationPlaying=false
07-29 20:52:20.246  3504  5389 I InputDispatcher: injectInputEvent: targetUid=<not set>, syncMode=WAIT_FOR_FINISHED, timeout=30000ms, policyFlags=0x8000000, event=MotionEvent { action=MOVE, id[0]=0, x[0]=900, y[0]=739.2, eventTime=58012000000, downTime=57904000000, deviceId=5, source=TOUCHSCREEN, displayId=0, eventId=0xf0eecfdc}
07-29 20:52:20.246  4872  4872 I SystemUi--Keyguard: ScrimControllerExImp-->blur State to UNLOCK, bouncer=false changeFromBouncerScrim= false runnerUnlock= false goingAway=false hasHandle=true isOccludeAnimationPlaying=false
07-29 20:52:20.246  4872  4872 I SystemUi--QuickSettings: QSPanelAnimatorManager-->showSecondElement
07-29 20:52:20.248  4872  4872 I SystemUi--Keyguard: OplusRepeatWhenAttachedUnlock-->updateState: view.windowVisibility: 0, keyguardShow: false, isInPreviewMode: false, view.hasWindowFocus(): true
07-29 20:52:20.248  4872  4872 I SystemUi--Keyguard: OplusRepeatWhenAttachedUnlock-->updateState: view.windowVisibility: 0, keyguardShow: false, isInPreviewMode: false, view.hasWindowFocus(): true
07-29 20:52:20.254  1950  9443 I SnapAlloc: Using graphics libs for alignment calculations
07-29 20:52:20.254  4872  4872 I SystemUi--Keyguard: ScrimControllerExImp-->blur State to UNLOCK, bouncer=false changeFromBouncerScrim= false runnerUnlock= false goingAway=false hasHandle=true isOccludeAnimationPlaying=false
07-29 20:52:20.254  3504  5389 I InputDispatcher: injectInputEvent: targetUid=<not set>, syncMode=WAIT_FOR_FINISHED, timeout=30000ms, policyFlags=0x8000000, event=MotionEvent { action=MOVE, id[0]=0, x[0]=900, y[0]=791.733, eventTime=58020000000, downTime=57904000000, deviceId=5, source=TOUCHSCREEN, displayId=0, eventId=0xd73d2ff6}
07-29 20:52:20.254  4872  4872 I SystemUi--Keyguard: ScrimControllerExImp-->blur State to UNLOCK, bouncer=false changeFromBouncerScrim= false runnerUnlock= false goingAway=false hasHandle=true isOccludeAnimationPlaying=false
07-29 20:52:20.262  4872  4872 I SystemUi--Keyguard: ScrimControllerExImp-->blur State to UNLOCK, bouncer=false changeFromBouncerScrim= false runnerUnlock= false goingAway=false hasHandle=true isOccludeAnimationPlaying=false
07-29 20:52:20.262  3504  5389 I InputDispatcher: injectInputEvent: targetUid=<not set>, syncMode=WAIT_FOR_FINISHED, timeout=30000ms, policyFlags=0x8000000, event=MotionEvent { action=MOVE, id[0]=0, x[0]=900, y[0]=850.833, eventTime=58029000000, downTime=57904000000, deviceId=5, source=TOUCHSCREEN, displayId=0, eventId=0xcc037b6a}
07-29 20:52:20.262  4872  4872 I SystemUi--Keyguard: ScrimControllerExImp-->blur State to UNLOCK, bouncer=false changeFromBouncerScrim= false runnerUnlock= false goingAway=false hasHandle=true isOccludeAnimationPlaying=false
07-29 20:52:20.271  1950  9443 I SnapAlloc: Using graphics libs for alignment calculations
