device
--------- beginning of main
07-29 08:13:19.736  7092  7159 I SG::SettingManager: metisDomainObserver: data change. selfChange=false [base|com.oplus.pantanal.ums|1.5.5-f48228a]
07-29 08:13:19.741  8667 11621 I ContextAware_DomainProvider: ums getSubDomainInfo intentMap:{travel_preparation=travel, internal_aod_prompt=app_prompt, file_manager=system_tools, creation_activity=system_tools, internal_xiaobu=system_settings, takeout=life_service, terminals_cloud=system_tools, tips=system_settings, internal_assistant_screen=ASSISTANT_SCREEN, navigation=app_prompt, internal_intent_lib=system_tools, weather=system_tools, payment=financial_planning, internal_address_recognition=system_tools, communication=system_tools, train=travel, ridehailing=travel, repayment=financial_planning, course_reminder=workplace_learning, read=media_service, epidemic=travel, travel_service=life_service, movie_performance=life_service, living_expense_payment_reminder=life_service, application_suggestions=system_tools, open_wlan=system_settings, commute=life_service, clear_memory=system_settings, internal_upgrade=app_upgrade, close_torch=system_settings, flight=travel, movie_notice=life_service, event_services=media_service, game=system_tools, content_consult=media_service, sticky_note=system_tools, appointment_reminder=system_settings, departure_reminder=life_service, recording=system_tools, video=media_service, outdoor_activities=system_settings, festival_reminder=media_service, living_expenses=financial_planning, application_recommendat=system_tools, hotel=travel_epidemic, nearby_power_bank=life_service, audio=media_service, store_service=life_service, publictransit=travel, calendar=system_settings, delivery=life_service, internal_account_bind=account_bind, domestic_travel_service=life_service, xiaobu_assistant=system_tools, health=system_tools, app_usage=system_settings, meal=life_service, text_intent=system_tools, parking_service=travel, internal_demo_mode=sale_mode} [base|com.oplus.metis|1.5.5-f48228a]
07-29 08:13:19.745  8667 11621 I ContextAware_DomainProvider: ums getSubDomainInfo result:travel_preparation: true,internal_aod_prompt: false,file_manager: true,creation_activity: true,internal_xiaobu: false,takeout: true,terminals_cloud: true,tips: true,internal_assistant_screen: false,navigation: true,internal_intent_lib: false,weather: true,payment: true,internal_address_recognition: false,communication: true,train: true,ridehailing: true,repayment: true,course_reminder: true,read: true,epidemic: false,travel_service: true,movie_performance: true,living_expense_payment_reminder: true,application_suggestions: false,open_wlan: true,commute: true,clear_memory: true,internal_upgrade: false,close_torch: true,flight: true,movie_notice: true,event_services: true,game: true,content_consult: true,sticky_note: true,appointment_reminder: true,departure_reminder: true,recording: true,video: true,outdoor_activities: true,festival_reminder: false,living_expenses: false,application_recommendat: false,hotel: true,nearby_power_bank: true,audio: true,store_service: true,publictransit: true,calendar: true,delivery: true,internal_account_bind: false,domestic_travel_service: true,xiaobu_assistant: true,health: true,app_usage: true,meal: true,text_intent: true,parking_service: true,internal_demo_mode: false,
07-29 08:13:19.747  7092  7159 I SG::SettingManager: delete: []
07-29 08:13:19.747  7092  7159 I SG::SettingManager: query from metis: [CloudDataEntity(subDomain='travel_preparation', domain=travel), CloudDataEntity(subDomain='file_manager', domain=system_tools), CloudDataEntity(subDomain='creation_activity', domain=system_tools), CloudDataEntity(subDomain='takeout', domain=life_service), CloudDataEntity(subDomain='terminals_cloud', domain=system_tools), CloudDataEntity(subDomain='tips', domain=system_settings), CloudDataEntity(subDomain='navigation', domain=app_prompt), CloudDataEntity(subDomain='weather', domain=system_tools), CloudDataEntity(subDomain='payment', domain=financial_planning), CloudDataEntity(subDomain='communication', domain=system_tools), CloudDataEntity(subDomain='train', domain=travel), CloudDataEntity(subDomain='ridehailing', domain=travel), CloudDataEntity(subDomain='repayment', domain=financial_planning), CloudDataEntity(subDomain='course_reminder', domain=workplace_learning), CloudDataEntity(subDomain='read', domain=media_service), CloudDataEntity(subDomain='travel_service', domain=life_service), CloudDataEntity(subDomain='movie_performance', domain=life_service), CloudDataEntity(subDomain='living_expense_payment_reminder', domain=life_service), CloudDataEntity(subDomain='open_wlan', domain=system_settings), CloudDataEntity(subDomain='commute', domain=life_service), CloudDataEntity(subDomain='clear_memory', domain=system_settings), CloudDataEntity(subDomain='close_torch', domain=system_settings), CloudDataEntity(subDomain='flight', domain=travel), CloudDataEntity(subDomain='movie_notice', domain=life_service), CloudDataEntity(subDomain='event_services', domain=media_service), CloudDataEntity(subDomain='game', domain=system_tools), CloudDataEntity(subDomain='content_consult', domain=media_service), CloudDataEntity(subDomain='sticky_note', domain=system_tools), CloudDataEntity(subDomain='appointment_reminder', domain=system_settings), CloudDataEntity(subDomain='departure_reminder', domain=life_service), CloudDataEntity(subDomain='recording', domain=system_tools), CloudDataEntity(subDomain='video', domain=media_service), CloudDataEntity(subDomain='outdoor_activities', domain=system_settings), CloudDataEntity(subDomain='hotel', domain=travel_epidemic), CloudDataEntity(subDomain='nearby_power_bank', domain=life_service), CloudDataEntity(subDomain='audio', domain=media_service), CloudDataEntity(subDomain='store_service', domain=life_service), CloudDataEntity(subDomain='publictransit', domain=travel), CloudDataEntity(subDomain='calendar', domain=system_settings), CloudDataEntity(subDomain='delivery', domain=life_service), CloudDataEntity(subDomain='domestic_travel_service', domain=life_service), CloudDataEntity(subDomain='xiaobu_assistant', domain=system_tools), CloudDataEntity(subDomain='health', domain=system_tools), CloudDataEntity(subDomain='app_usage', domain=system_settings), CloudDataEntity(subDomain='meal', domain=life_service), CloudDataEntity(subDomain='text_intent', domain=system_tools), CloudDataEntity(subDomain='parking_service', domain=travel)]
07-29 08:13:19.750  1994  1994 D SensorFeature: name=ssc_screenshot_info ,index = 22
07-29 08:13:19.750  1994  1994 D SensorFeature: write 29 bytes:47352882376,49519847844,131,0
07-29 08:13:19.753  1900  4438 I Dpps    : LtmSwState::SetParameter():144 ignore cmd 7 in state LtmOffState
07-29 08:13:19.753  7092  9179 I SG::UpdateSubDomainUtil: updateWhenMetisChange forceUpdate: false
07-29 08:13:19.753  7092  9179 W SG::UpdateSubDomainUtil: allChangeDomains is empty!
07-29 08:13:19.858  3211  3211 E OplusTouchDaemon: ts_run_service: shellback temperature updated 37 (37845)
07-29 08:13:19.997  1823  4450 I sensors-hal: handle_oplus_wise_rgb_event:189, high_pwm_light:lux 261.2,cct 3596.5,brl/algo/ir 1438.0/2.0/17.6,pwm/dc 0.0/0.0,rgbc 20337.429688/12643.414062/5816.462402/37491.152344,ts 49520910307,cnt 680,flag 131
07-29 08:13:19.999  1900  4438 I Dpps    : LtmSwState::SetParameter():144 ignore cmd 7 in state LtmOffState
07-29 08:13:20.006  2002  7461 D charge_time: type=sdp,reserve_soc=2,soc=76,ui_soc=80,current=-86,avg=126,not_chg_cnt=3,stable_cnt=7,fcc=5724,fcc_ratio=94,delta=0,debug=0,region=13,ttf=17128(04:45:28),ui_ttf=9206(02:33:26)
--------- beginning of system
07-29 08:13:20.036  3363  3790 D VRR [OPlusGameStatusManager]: handleBrightnessDone
07-29 08:13:20.052  1994  1994 D SensorFeature: name=ssc_screenshot_info ,index = 22
07-29 08:13:20.053  1994  1994 D SensorFeature: write 29 bytes:47352882376,49821112271,132,0
07-29 08:13:20.082  3363  4387 D ActivityManager: Freezer deadlock watchdog
07-29 08:13:20.120  7163  7549 W AppLinksAsyncVerifierV2: Error performing check:  [CONTEXT service_id=244 ]
07-29 08:13:20.122  7163 12841 W AppLinksAsyncVerifierV2: Error performing check:  [CONTEXT service_id=244 ]
07-29 08:13:20.122  7163  9572 W AppLinksAsyncVerifierV2: Error performing check:  [CONTEXT service_id=244 ]
07-29 08:13:20.122  7163 12860 W AppLinksAsyncVerifierV2: Error performing check:  [CONTEXT service_id=244 ]
07-29 08:13:20.122  7163  9464 W AppLinksAsyncVerifierV2: Error performing check:  [CONTEXT service_id=244 ]
07-29 08:13:20.263  1900  4438 I Dpps    : LtmSwState::SetParameter():144 ignore cmd 7 in state LtmOffState
07-29 08:13:20.275  2002  2072 D BatteryChargeControl: bcc get no support from charging protocol
07-29 08:13:20.355  1994  1994 D SensorFeature: name=ssc_screenshot_info ,index = 22
07-29 08:13:20.355  1994  1994 D SensorFeature: write 29 bytes:47352882376,50123814302,133,0
07-29 08:13:20.423 10757 11017 D BootUtil: savedDiffTime: 1753791150230, currentDiffTime: 1753791150231, isReboot: false
07-29 08:13:20.528  1823  4450 I sensors-hal: handle_oplus_wise_rgb_event:189, high_pwm_light:lux 262.0,cct 3609.8,brl/algo/ir 1438.0/2.0/16.6,pwm/dc 0.0/0.0,rgbc 20332.671875/12638.807617/5820.312012/37496.167969,ts 50085455463,cnt 690,flag 133
07-29 08:13:20.529  1900  4438 I Dpps    : LtmSwState::SetParameter():144 ignore cmd 7 in state LtmOffState
07-29 08:13:20.556  3363  3782 D OplusFeatureHDREnhanceBrightness: notifySfForceUpdate, mFlinger is null 
07-29 08:13:20.558  3363  3782 D OplusFeatureHDREnhanceBrightness: checkIsPlayingHDR isPlayingHDR=0 rotation=0 whiteApp=false battery=80
07-29 08:13:20.656  3363  4907 W Binder  : Outgoing transactions from this process must be FLAG_ONEWAY
07-29 08:13:20.656  3363  4907 W Binder  : java.lang.Throwable
07-29 08:13:20.656  3363  4907 W Binder  : 	at android.os.BinderProxy.transact(BinderProxy.java:633)
07-29 08:13:20.656  3363  4907 W Binder  : 	at android.content.ContentProviderProxy.insert(ContentProviderNative.java:587)
07-29 08:13:20.656  3363  4907 W Binder  : 	at android.content.ContentProviderClient.insert(ContentProviderClient.java:347)
07-29 08:13:20.656  3363  4907 W Binder  : 	at android.content.ContentProviderClient.insert(ContentProviderClient.java:336)
07-29 08:13:20.656  3363  4907 W Binder  : 	at com.oplus.util.OplusStatisticsImpl.insert(OplusStatisticsImpl.java:307)
07-29 08:13:20.656  3363  4907 W Binder  : 	at com.oplus.util.OplusStatisticsImpl.sendDataToDCS(OplusStatisticsImpl.java:287)
07-29 08:13:20.656  3363  4907 W Binder  : 	at com.oplus.util.OplusStatisticsImpl.flushInternal(OplusStatisticsImpl.java:264)
07-29 08:13:20.656  3363  4907 W Binder  : 	at com.oplus.util.OplusStatisticsImpl.lambda$setDelayFlushJobIfNeed$4(OplusStatisticsImpl.java:211)
07-29 08:13:20.656  3363  4907 W Binder  : 	at com.oplus.util.OplusStatisticsImpl.$r8$lambda$4UYTp2NCu6Rml69JNqEuK7o54SI(Unknown Source:0)
07-29 08:13:20.656  3363  4907 W Binder  : 	at com.oplus.util.OplusStatisticsImpl$$ExternalSyntheticLambda5.run(D8$$SyntheticClass:0)
07-29 08:13:20.656  3363  4907 W Binder  : 	at java.util.concurrent.Executors$RunnableAdapter.call(Executors.java:487)
07-29 08:13:20.656  3363  4907 W Binder  : 	at java.util.concurrent.FutureTask.run(FutureTask.java:290)
07-29 08:13:20.656  3363  4907 W Binder  : 	at java.util.concurrent.ScheduledThreadPoolExecutor$ScheduledFutureTask.run(ScheduledThreadPoolExecutor.java:307)
07-29 08:13:20.656  3363  4907 W Binder  : 	at java.util.concurrent.ThreadPoolExecutor.runWorker(ThreadPoolExecutor.java:1145)
07-29 08:13:20.656  3363  4907 W Binder  : 	at java.util.concurrent.ThreadPoolExecutor$Worker.run(ThreadPoolExecutor.java:644)
07-29 08:13:20.656  3363  4907 W Binder  : 	at java.lang.Thread.run(Thread.java:1012)
07-29 08:13:20.657  1994  1994 D SensorFeature: name=ssc_screenshot_info ,index = 22
07-29 08:13:20.657  1994  1994 D SensorFeature: write 29 bytes:47352882376,50426364250,134,0
07-29 08:13:20.797  1900  4438 I Dpps    : LtmSwState::SetParameter():144 ignore cmd 7 in state LtmOffState
07-29 08:13:20.961  1994  1994 D SensorFeature: name=ssc_screenshot_info ,index = 22
07-29 08:13:20.962  1994  1994 D SensorFeature: write 29 bytes:47352882376,50729765083,135,0
07-29 08:13:20.969  3363  4998 I OplusHansManager : uid=10157, pkg=com.baidu.input_oppo cannot transition from R to M, importance=input
07-29 08:13:21.007  2002  7461 D charge_time: write 9205s(02:33:25) to ttf, rc=6
07-29 08:13:21.007  2002  7461 D charge_time: type=sdp,reserve_soc=2,soc=76,ui_soc=80,current=-86,avg=126,not_chg_cnt=4,stable_cnt=7,fcc=5724,fcc_ratio=94,delta=0,debug=0,region=13,ttf=17128(04:45:28),ui_ttf=9205(02:33:25)
07-29 08:13:21.026  3363  4395 V AlarmManager: sending alarm Alarm{a8a1579 type 2 origWhen 50795 whenElapsed 50795 android} uid 1000 whenElapsed 50795 windowLength 0 maxWhenElapsed 50795 repeatInterval 0 action null component null tag $android.alarm.generated:1000:50795 flags 0x9 procName system_server
07-29 08:13:21.030  3363  3673 D LocationManagerService: network provider removed registration from 10154/com.coloros.assistantscreen/AFECD6D3
07-29 08:13:21.059  1823  4450 I sensors-hal: handle_oplus_wise_rgb_event:189, high_pwm_light:lux 262.3,cct 3608.0,brl/algo/ir 1438.0/2.0/16.4,pwm/dc 0.0/0.0,rgbc 20351.701172/12638.807617/5816.462402/37516.238281,ts 50691166869,cnt 700,flag 135
07-29 08:13:21.061  1900  4438 I Dpps    : LtmSwState::SetParameter():144 ignore cmd 7 in state LtmOffState
07-29 08:13:21.066  5183  5183 D SubsysEventListenerManager-SubsysTelephonyCallback[0]: onCellInfoChanged
07-29 08:13:21.238  4983  5648 W BluetoothAdapterExtImpl: getBluetoothConnectionCountï¼šmOplusBluetooth null!
07-29 08:13:21.240  4983  5648 D TelephonyImpl: isRequestingMms
07-29 08:13:21.241  4983  5648 D TelephonyImpl: getReleaseMmsNetworkTime
07-29 08:13:21.243  4983  5648 D OplusDdsSwitchStrategy: Md,OplusCheckFeature,RETURN_TO_CUR_ACTION_DDS
07-29 08:13:21.265  1994  1994 D SensorFeature: name=ssc_screenshot_info ,index = 22
07-29 08:13:21.265  1994  1994 D SensorFeature: write 29 bytes:47352882376,51033742739,136,0
07-29 08:13:21.275  2002  2072 D BatteryChargeControl: bcc get no support from charging protocol
07-29 08:13:21.329  1900  4438 I Dpps    : LtmSwState::SetParameter():144 ignore cmd 7 in state LtmOffState
07-29 08:13:21.381  8641  9311 D ads_apk : [FetchAdStrategyEngine][2025-07-29 08:13:21.380][8641][GlobalWorkThread:71]:request from net but network disable
07-29 08:13:21.382  8641  9311 D ads_apk : [FetchAdStrategyEngine][2025-07-29 08:13:21.380][8641][GlobalWorkThread:71]:decay for refresh internalTime:24000,randomTime:17272
07-29 08:13:21.382  8641  9311 D ads_apk : [FetchAdStrategyEngine][2025-07-29 08:13:21.380][8641][GlobalWorkThread:71]:decay for refresh after:41272
07-29 08:13:21.382  8641  9311 D ads_apk : [FetchAdStrategyEngine][2025-07-29 08:13:21.380][8641][GlobalWorkThread:71]:looper to handler
07-29 08:13:21.462  6617  6637 W System  : A resource failed to call AbstractCursor.close. 
07-29 08:13:21.462  6617  6637 W System  : A resource failed to call AbstractCursor.close. 
07-29 08:13:21.462  6617  6637 W System  : A resource failed to call AbstractCursor.close. 
07-29 08:13:21.462  6617  6637 W System  : A resource failed to call AbstractCursor.close. 
07-29 08:13:21.462  6617  6637 W System  : A resource failed to call AbstractCursor.close. 
07-29 08:13:21.462  6617  6637 W System  : A resource failed to call AbstractCursor.close. 
07-29 08:13:21.462  6617  6637 W System  : A resource failed to call AbstractCursor.close. 
07-29 08:13:21.462  6617  6637 W System  : A resource failed to call AbstractCursor.close. 
07-29 08:13:21.572  7163  7567 I ChimeraPrvdrProxy: Shutting down chimera ContentProvider com.google.android.gms.reminders.provider.RemindersChimeraProvider
07-29 08:13:21.575  1994  1994 D SensorFeature: name=ssc_screenshot_info ,index = 22
07-29 08:13:21.575  1994  1994 D SensorFeature: write 29 bytes:47352882376,51339143989,137,0
07-29 08:13:21.591  1823  4450 I sensors-hal: handle_oplus_wise_rgb_event:189, high_pwm_light:lux 261.7,cct 3596.5,brl/algo/ir 1438.0/2.0/16.9,pwm/dc 0.0/0.0,rgbc 20361.214844/12643.414062/5820.312012/37521.253906,ts 51304966453,cnt 710,flag 137
07-29 08:13:21.593  1900  4438 I Dpps    : LtmSwState::SetParameter():144 ignore cmd 7 in state LtmOffState
07-29 08:13:21.733  4983  6375 I PCDR-common_no_service[0]: lift forbidden
07-29 08:13:21.733  4983  6375 I PCDR-common_no_45g[0]: lift forbidden
07-29 08:13:21.827  3363  4885 D OomAdjuster: Not killing cached processes
07-29 08:13:21.877  1994  1994 D SensorFeature: name=ssc_screenshot_info ,index = 22
07-29 08:13:21.878  1994  1994 D SensorFeature: write 29 bytes:47352882376,51645936489,138,0
07-29 08:13:21.880  3363  4386 D FusionLightNextGen: process end reported = 1, mode: 0, lux 492.3, cct -1.0, r/g/b/c: 20346.9/12625.0/5808.8/37526.3, R/G/B: 106.0/100.0/99.0, bri 1438.0, match 1.00, ir 0.016975, conf 0.0, ts 51595566244
07-29 08:13:21.881  1900  4438 I Dpps    : LtmSwState::SetParameter():144 ignore cmd 7 in state LtmOffState
07-29 08:13:21.941  3363  4660 E OplusNetworkStackManager: initService mNetworkStackService is null, try again in 10s
07-29 08:13:22.008  2002  7461 D charge_time: type=sdp,reserve_soc=2,soc=76,ui_soc=80,current=-86,avg=126,not_chg_cnt=5,stable_cnt=7,fcc=5724,fcc_ratio=94,delta=0,debug=0,region=13,ttf=17128(04:45:28),ui_ttf=9204(02:33:24)
07-29 08:13:22.123  1823  4450 I sensors-hal: handle_oplus_wise_rgb_event:189, high_pwm_light:lux 261.5,cct 3600.4,brl/algo/ir 1438.0/2.0/17.6,pwm/dc 0.0/0.0,rgbc 20361.214844/12643.414062/5828.010742/37521.253906,ts 51646458692,cnt 720,flag 138
07-29 08:13:22.124  1900  4438 I Dpps    : LtmSwState::SetParameter():144 ignore cmd 7 in state LtmOffState
07-29 08:13:22.173 12906 13049 D ProfileInstaller: Installing profile for com.oplus.linker
07-29 08:13:22.179  1994  1994 D SensorFeature: name=ssc_screenshot_info ,index = 22
07-29 08:13:22.179  1994  1994 D SensorFeature: write 29 bytes:47352882376,51948263052,139,0
07-29 08:13:22.198  1819  1819 D healthd : system healthd: battery l=80 v=4159 t=34.0 h=2 st=2 c=-171 fc=5920000 cc=19 chg=u
07-29 08:13:22.230  1803  1808 E Diag-Router: diag: glinkpkt_open: failed to create control node for slate_apps
07-29 08:13:22.230  1803  1808 E Diag-Router: diag: diag_glinkpkt_open_thread: Glinkpkt_open failed for perif: 12 with err: -1, retry_cnt: 8
07-29 08:13:22.231  1803  1809 E Diag-Router: diag: glinkpkt_open: failed to create control node for slate_adsp
07-29 08:13:22.231  1803  1809 E Diag-Router: diag: diag_glinkpkt_open_thread: Glinkpkt_open failed for perif: 13 with err: -1, retry_cnt: 8
07-29 08:13:22.233  2002  2002 D vendor.oplus.hardware.charger-V7-service: get_ui_charge_icon_type 0 0 0 0 0
07-29 08:13:22.234  2002  2002 D vendor.oplus.hardware.charger-V7-service: oplus_chg_get_cpa_power 2500 charge_online 1 retention_topic 0
07-29 08:13:22.234  2002  2002 D vendor.oplus.hardware.charger-V7-service: oplus_chg_get_cpa_power 2500 charge_online 1 retention_topic 0
07-29 08:13:22.234  2002  2002 D vendor.oplus.hardware.charger-V7-service: getIsSingleHyperSupport=2, cpa_power=2
07-29 08:13:22.236  3363  3724 D BatteryStatsImplExtImpl: mActiveProcesses size = 72
07-29 08:13:22.237  3363  3724 D BatteryStatsImplExtImpl: rpmhStats is null or interval time is too short.
07-29 08:13:22.245  3363  4800 I Osense-BaseDecisionMaker: notifySceneToAthenaPolicy: SCENE_IDLE_RECOVER, bundle: Bundle[{scene=SCENE_IDLE_RECOVER}]
07-29 08:13:22.247  3363  4800 I Osense-BaseDecisionMaker: scene: SCENE_IDLE_RECOVER, excutingPolicy: respreload
07-29 08:13:22.247  3363  4800 D Osense-BaseDecisionMaker: invoke process preload policy
07-29 08:13:22.247  3363  4800 I Osense-BaseDecisionMaker: scene: SCENE_IDLE_RECOVER, excutingPolicy: clear
07-29 08:13:22.247  3363  4800 D Osense-BaseDecisionMaker: invoke clear policy,type: unforbid
07-29 08:13:22.248  3363  4800 I OsenseKillAction: KillAction: unhandled request: id=5, enable=true, scene=SCENE_IDLE_RECOVER, type=unforbid, cchOnly=false, appcare=0
07-29 08:13:22.279  2002  2072 D BatteryChargeControl: bcc get no support from charging protocol
07-29 08:13:22.390  1900  4438 I Dpps    : LtmSwState::SetParameter():144 ignore cmd 7 in state LtmOffState
07-29 08:13:22.435  2002  2043 D vendor.oplus.hardware.charger-V7-service: s_chg_user_mode: 3
07-29 08:13:22.435  2002  2043 D vendor.oplus.hardware.charger-V7-service: scale_chg Start!!!
07-29 08:13:22.435  2002  2043 D vendor.oplus.hardware.charger-V7-service: [0, 0, 3]
07-29 08:13:22.435  2002  2043 D vendor.oplus.hardware.charger-V7-service: [0, 2, 9]
07-29 08:13:22.435  2002  2043 D vendor.oplus.hardware.charger-V7-service: [0, 1, 3]
07-29 08:13:22.435  2002  2043 D vendor.oplus.hardware.charger-V7-service: [0, 3, 3]
07-29 08:13:22.435  2002  2043 D vendor.oplus.hardware.charger-V7-service: [0, 4, 3]
07-29 08:13:22.435  2002  2043 D vendor.oplus.hardware.charger-V7-service: [0, 5, 5]
07-29 08:13:22.436  2002  2043 D vendor.oplus.hardware.charger-V7-service: [0, 6, 9]
07-29 08:13:22.436  2002  2043 D vendor.oplus.hardware.charger-V7-service: scale_chg Start!!!
07-29 08:13:22.436  2002  2043 D vendor.oplus.hardware.charger-V7-service: [0, 0, 3]
07-29 08:13:22.436  2002  2043 D vendor.oplus.hardware.charger-V7-service: [0, 2, 10]
07-29 08:13:22.436  2002  2043 D vendor.oplus.hardware.charger-V7-service: [0, 1, 3]
07-29 08:13:22.436  2002  2043 D vendor.oplus.hardware.charger-V7-service: [0, 3, 3]
07-29 08:13:22.436  2002  2043 D vendor.oplus.hardware.charger-V7-service: [0, 4, 3]
07-29 08:13:22.436  2002  2043 D vendor.oplus.hardware.charger-V7-service: [0, 5, 3]
07-29 08:13:22.436  2002  2043 D vendor.oplus.hardware.charger-V7-service: [0, 6, 10]
07-29 08:13:22.445  2002  2070 D vendor.oplus.hardware.charger-V7-service: ret_value:111, read content:,340,368,4159,4156,-171,76,80,1,1,0,494,4648,78,1,4475,300,500,0,7,-22,7,0,1,0,2,0,0,0,1,6098,99,0,0,0,0,0,0,0
07-29 08:13:22.445  2002  2070 D vendor.oplus.hardware.charger-V7-service: gmtime: 2025-07-29-08-13-22
07-29 08:13:22.445  2002  2070 D vendor.oplus.hardware.charger-V7-service: usb_online:1, ac_online:-2147483648, wireless_online:0
07-29 08:13:22.484  1994  1994 D SensorFeature: name=ssc_screenshot_info ,index = 22
07-29 08:13:22.484  1994  1994 D SensorFeature: write 29 bytes:47352882376,52253559197,140,0
07-29 08:13:22.653  1823  4450 I sensors-hal: handle_oplus_wise_rgb_event:189, high_pwm_light:lux 262.1,cct 3600.8,brl/algo/ir 1438.0/2.0/16.7,pwm/dc 0.0/0.0,rgbc 20327.914062/12661.838867/5816.462402/37531.289062,ts 52219135150,cnt 730,flag 140
07-29 08:13:22.654  1900  4438 I Dpps    : LtmSwState::SetParameter():144 ignore cmd 7 in state LtmOffState
07-29 08:13:22.791  1994  1994 D SensorFeature: name=ssc_screenshot_info ,index = 22
07-29 08:13:22.792  1994  1994 D SensorFeature: write 29 bytes:47352882376,52558485968,141,0
07-29 08:13:22.919  1900  4438 I Dpps    : LtmSwState::SetParameter():144 ignore cmd 7 in state LtmOffState
07-29 08:13:22.932 11187 11204 W id.gms.unstable: ApkAssets: Deleting an ApkAssets object '<empty> and /data/app/~~mvoUGsKgPWPDCkiWlITrFg==/com.google.android.gms-PokRCgJyKbyqqq46gl7pZQ==/split_AdsDynamite_installtime.apk' with 1 weak references
07-29 08:13:22.933 11187 11204 W id.gms.unstable: ApkAssets: Deleting an ApkAssets object '<empty> and /data/app/~~mvoUGsKgPWPDCkiWlITrFg==/com.google.android.gms-PokRCgJyKbyqqq46gl7pZQ==/split_CronetDynamite_installtime.apk' with 1 weak references
07-29 08:13:22.933 11187 11204 W id.gms.unstable: ApkAssets: Deleting an ApkAssets object '<empty> and /data/app/~~mvoUGsKgPWPDCkiWlITrFg==/com.google.android.gms-PokRCgJyKbyqqq46gl7pZQ==/split_DynamiteLoader_installtime.apk' with 1 weak references
07-29 08:13:22.933 11187 11204 W id.gms.unstable: ApkAssets: Deleting an ApkAssets object '<empty> and /data/app/~~mvoUGsKgPWPDCkiWlITrFg==/com.google.android.gms-PokRCgJyKbyqqq46gl7pZQ==/split_DynamiteModulesA_installtime.apk' with 1 weak references
07-29 08:13:22.933 11187 11204 W id.gms.unstable: ApkAssets: Deleting an ApkAssets object '<empty> and /data/app/~~mvoUGsKgPWPDCkiWlITrFg==/com.google.android.gms-PokRCgJyKbyqqq46gl7pZQ==/split_DynamiteModulesC_installtime.apk' with 1 weak references
07-29 08:13:22.933 11187 11204 W id.gms.unstable: ApkAssets: Deleting an ApkAssets object '<empty> and /data/app/~~mvoUGsKgPWPDCkiWlITrFg==/com.google.android.gms-PokRCgJyKbyqqq46gl7pZQ==/split_GoogleCertificates_installtime.apk' with 1 weak references
07-29 08:13:22.933 11187 11204 W id.gms.unstable: ApkAssets: Deleting an ApkAssets object '<empty> and /data/app/~~mvoUGsKgPWPDCkiWlITrFg==/com.google.android.gms-PokRCgJyKbyqqq46gl7pZQ==/split_MapsDynamite_installtime.apk' with 1 weak references
07-29 08:13:22.933 11187 11204 W id.gms.unstable: ApkAssets: Deleting an ApkAssets object '<empty> and /data/app/~~mvoUGsKgPWPDCkiWlITrFg==/com.google.android.gms-PokRCgJyKbyqqq46gl7pZQ==/split_MeasurementDynamite_installtime.apk' with 1 weak references
07-29 08:13:23.012  2002  7461 D charge_time: type=sdp,reserve_soc=2,soc=76,ui_soc=80,current=171,avg=135,not_chg_cnt=0,stable_cnt=7,fcc=5724,fcc_ratio=94,delta=37,debug=0,region=13,ttf=15979(04:26:19),ui_ttf=9203(02:33:23)
07-29 08:13:23.026  3363  3690 D Theia.TransparentWindow: handleMessage CHECK_TRANS_WINDOW_ERROR_MSG
07-29 08:13:23.095  1994  1994 D SensorFeature: name=ssc_screenshot_info ,index = 22
07-29 08:13:23.095  1994  1994 D SensorFeature: write 29 bytes:47352882376,52862937635,142,0
07-29 08:13:23.185  1823  4450 I sensors-hal: handle_oplus_wise_rgb_event:189, high_pwm_light:lux 261.3,cct 3597.1,brl/algo/ir 1438.0/2.0/17.6,pwm/dc 0.0/0.0,rgbc 20365.972656/12648.020508/5835.709473/37536.308594,ts 52824801869,cnt 740,flag 142
07-29 08:13:23.187  1900  4438 I Dpps    : LtmSwState::SetParameter():144 ignore cmd 7 in state LtmOffState
07-29 08:13:23.279  2002  2072 D BatteryChargeControl: bcc get no support from charging protocol
07-29 08:13:23.397  1994  1994 D SensorFeature: name=ssc_screenshot_info ,index = 22
07-29 08:13:23.397  1994  1994 D SensorFeature: write 29 bytes:47352882376,53166505759,143,0
07-29 08:13:23.454  1900  4438 I Dpps    : LtmSwState::SetParameter():144 ignore cmd 7 in state LtmOffState
07-29 08:13:23.667  5183  5987 E OplusNetworkStackManager: initService mNetworkStackService is null, try again in 10s
07-29 08:13:23.702  1994  1994 D SensorFeature: name=ssc_screenshot_info ,index = 22
07-29 08:13:23.703  1994  1994 D SensorFeature: write 29 bytes:47352882376,53469909666,144,0
07-29 08:13:23.718  1823  4450 I sensors-hal: handle_oplus_wise_rgb_event:189, high_pwm_light:lux 261.3,cct 3599.1,brl/algo/ir 1438.0/2.0/17.5,pwm/dc 0.0/0.0,rgbc 20356.457031/12643.414062/5824.161621/37506.203125,ts 53430450775,cnt 750,flag 144
07-29 08:13:23.719  1900  4438 I Dpps    : LtmSwState::SetParameter():144 ignore cmd 7 in state LtmOffState
07-29 08:13:23.825  3363  4998 I OplusHansManager : pkg: com.google.android.gsf has gms-backup-service
07-29 08:13:23.825  3363  4998 I OplusHansManager : uid=10259, pkg=com.google.android.gsf cannot transition from R to M, importance=gms-backup-service
07-29 08:13:23.826  3363  4998 I OplusHansManager : pkg: com.android.vending has gms-backup-service
07-29 08:13:23.826  3363  4998 I OplusHansManager : uid=10263, pkg=com.android.vending cannot transition from R to M, importance=gms-backup-service
07-29 08:13:23.915  2002  2002 D vendor.oplus.hardware.charger-V7-service: getChargerControl:
07-29 08:13:23.916  6511  6589 E oiface  : sched_setaffinity failed
07-29 08:13:23.937  1995  1995 E PerformanceService: storage_feature: open /sys/devices/platform/soc/112b0000.ufshci//virtualtlcbuff fail
07-29 08:13:23.937  3363  4885 W BestClock: java.time.DateTimeException: Missing network time fix
07-29 08:13:23.938  3363  4885 W BestClock: java.time.DateTimeException: Missing network time fix
07-29 08:13:23.939  3363  4852 W BestClock: java.time.DateTimeException: Missing network time fix
07-29 08:13:24.006  1994  1994 D SensorFeature: name=ssc_screenshot_info ,index = 22
07-29 08:13:24.007  1994  1994 D SensorFeature: write 29 bytes:47352882376,53774300863,145,0
07-29 08:13:24.011  1900  4438 I Dpps    : LtmSwState::SetParameter():144 ignore cmd 7 in state LtmOffState
07-29 08:13:24.013  2002  7461 D charge_time: type=sdp,reserve_soc=2,soc=76,ui_soc=80,current=171,avg=144,not_chg_cnt=0,stable_cnt=7,fcc=5724,fcc_ratio=94,delta=38,debug=0,region=13,ttf=14977(04:09:37),ui_ttf=9202(02:33:22)
07-29 08:13:24.107  4913  6183 E OplusNetworkStackManager: initService mNetworkStackService is null, try again in 10s
07-29 08:13:24.123  7163  7549 W AppLinksAsyncVerifierV2: Error performing check:  [CONTEXT service_id=244 ]
07-29 08:13:24.123  7163  7549 W AppLinksAsyncVerifierV2: Check request failed: null [CONTEXT service_id=244 ]
07-29 08:13:24.123  7163  9572 W AppLinksAsyncVerifierV2: Error performing check:  [CONTEXT service_id=244 ]
07-29 08:13:24.123  7163  9572 W AppLinksAsyncVerifierV2: Check request failed: null [CONTEXT service_id=244 ]
07-29 08:13:24.124  7163 12841 W AppLinksAsyncVerifierV2: Error performing check:  [CONTEXT service_id=244 ]
07-29 08:13:24.124  7163  9464 W AppLinksAsyncVerifierV2: Error performing check:  [CONTEXT service_id=244 ]
07-29 08:13:24.124  7163 12841 W AppLinksAsyncVerifierV2: Check request failed: null [CONTEXT service_id=244 ]
07-29 08:13:24.124  7163  9464 W AppLinksAsyncVerifierV2: Check request failed: null [CONTEXT service_id=244 ]
07-29 08:13:24.124  7163 12860 W AppLinksAsyncVerifierV2: Error performing check:  [CONTEXT service_id=244 ]
07-29 08:13:24.124  7163 12860 W AppLinksAsyncVerifierV2: Check request failed: null [CONTEXT service_id=244 ]
07-29 08:13:24.124  7163 10060 I AppLinksHostsVerifierV2: (REDACTED) Verification %s complete. Successful hosts: %s. Failed hosts: %s. Error hosts: %s.
07-29 08:13:24.132  7163 10060 I AppLinksRequestHandler: (REDACTED) Added erroneous request into database for package %s
07-29 08:13:24.136  7163 10060 I AppLinksUtilsV1: Legacy cross-profile verification enabled [CONTEXT service_id=244 ]
07-29 08:13:24.138  7163 12860 W AppLinksAsyncVerifierV2: Error performing check:  [CONTEXT service_id=244 ]
07-29 08:13:24.139  7163 12841 W AppLinksAsyncVerifierV2: Error performing check:  [CONTEXT service_id=244 ]
07-29 08:13:24.139  7163  9464 W AppLinksAsyncVerifierV2: Error performing check:  [CONTEXT service_id=244 ]
07-29 08:13:24.140  7163  7549 W AppLinksAsyncVerifierV2: Error performing check:  [CONTEXT service_id=244 ]
07-29 08:13:24.140  7163 11207 W AppLinksAsyncVerifierV2: Error performing check:  [CONTEXT service_id=244 ]
07-29 08:13:24.247  1823  4450 I sensors-hal: handle_oplus_wise_rgb_event:189, high_pwm_light:lux 261.8,cct 3607.6,brl/algo/ir 1438.0/2.0/16.9,pwm/dc 0.0/0.0,rgbc 20351.701172/12652.625977/5828.010742/37541.328125,ts 53771606296,cnt 760,flag 145
07-29 08:13:24.248  1900  4438 I Dpps    : LtmSwState::SetParameter():144 ignore cmd 7 in state LtmOffState
07-29 08:13:24.280  2002  2072 D BatteryChargeControl: bcc get no support from charging protocol
07-29 08:13:24.312  1994  1994 D SensorFeature: name=ssc_screenshot_info ,index = 22
07-29 08:13:24.313  1994  1994 D SensorFeature: write 29 bytes:47352882376,54080382790,146,0
07-29 08:13:24.515  3363  4386 D FusionLightNextGen: process end reported = 1, mode: 0, lux 491.1, cct -1.0, r/g/b/c: 20361.2/12648.0/5816.5/37526.3, R/G/B: 106.0/100.0/99.0, bri 1438.0, match 1.00, ir 0.017628, conf 0.0, ts 54062193484
07-29 08:13:24.516  1900  4438 I Dpps    : LtmSwState::SetParameter():144 ignore cmd 7 in state LtmOffState
07-29 08:13:24.615  1994  1994 D SensorFeature: name=ssc_screenshot_info ,index = 22
07-29 08:13:24.616  1994  1994 D SensorFeature: write 29 bytes:47352882376,54383766696,147,0
07-29 08:13:24.781  1823  4450 I sensors-hal: handle_oplus_wise_rgb_event:189, high_pwm_light:lux 261.5,cct 3603.2,brl/algo/ir 1438.0/2.0/17.3,pwm/dc 0.0/0.0,rgbc 20380.244141/12634.202148/5824.161621/37546.343750,ts 54344320567,cnt 770,flag 147
07-29 08:13:24.783  1900  4438 I Dpps    : LtmSwState::SetParameter():144 ignore cmd 7 in state LtmOffState
07-29 08:13:24.919  1994  1994 D SensorFeature: name=ssc_screenshot_info ,index = 22
07-29 08:13:24.919  1994  1994 D SensorFeature: write 29 bytes:47352882376,54686907321,148,0
07-29 08:13:25.018  2002  7461 D charge_time: type=sdp,reserve_soc=2,soc=76,ui_soc=80,current=171,avg=153,not_chg_cnt=0,stable_cnt=7,fcc=5724,fcc_ratio=94,delta=39,debug=0,region=13,ttf=14093(03:54:53),ui_ttf=9201(02:33:21)
07-29 08:13:25.050  1900  4438 I Dpps    : LtmSwState::SetParameter():144 ignore cmd 7 in state LtmOffState
07-29 08:13:25.226  1994  1994 D SensorFeature: name=ssc_screenshot_info ,index = 22
07-29 08:13:25.226  1994  1994 D SensorFeature: write 29 bytes:47352882376,54993905863,149,0
07-29 08:13:25.284  2002  2072 D BatteryChargeControl: bcc get no support from charging protocol
07-29 08:13:25.313  1823  4450 I sensors-hal: handle_oplus_wise_rgb_event:189, high_pwm_light:lux 261.5,cct 3600.2,brl/algo/ir 1438.0/2.0/17.4,pwm/dc 0.0/0.0,rgbc 20356.457031/12666.444336/5816.462402/37516.238281,ts 54958238796,cnt 780,flag 149
07-29 08:13:25.314  1900  4438 I Dpps    : LtmSwState::SetParameter():144 ignore cmd 7 in state LtmOffState
07-29 08:13:25.533  1994  1994 D SensorFeature: name=ssc_screenshot_info ,index = 22
07-29 08:13:25.533  1994  1994 D SensorFeature: write 29 bytes:47352882376,55301178311,150,0
07-29 08:13:25.534  1823  1923 I sensors-hal: get_display_brightness:818, light_iface: set screenshot_info [47352882376,55301178311,150,0]
07-29 08:13:25.576  1900  4438 I Dpps    : LtmSwState::SetParameter():144 ignore cmd 7 in state LtmOffState
07-29 08:13:25.836  1994  1994 D SensorFeature: name=ssc_screenshot_info ,index = 22
07-29 08:13:25.836  1994  1994 D SensorFeature: write 29 bytes:47352882376,55605142373,151,0
07-29 08:13:25.843  1823  4450 I sensors-hal: handle_oplus_wise_rgb_event:189, high_pwm_light:lux 261.5,cct 3604.5,brl/algo/ir 1438.0/2.0/17.3,pwm/dc 0.0/0.0,rgbc 20346.945312/12638.807617/5808.763672/37521.253906,ts 55563881505,cnt 790,flag 151
07-29 08:13:25.845  1900  4438 I Dpps    : LtmSwState::SetParameter():144 ignore cmd 7 in state LtmOffState
07-29 08:13:25.973  3363  4998 I OplusHansManager : uid=10157, pkg=com.baidu.input_oppo cannot transition from R to M, importance=input
07-29 08:13:26.020  2002  7461 D charge_time: write 9200s(02:33:20) to ttf, rc=6
07-29 08:13:26.020  2002  7461 D charge_time: type=sdp,reserve_soc=2,soc=76,ui_soc=80,current=171,avg=162,not_chg_cnt=0,stable_cnt=7,fcc=5724,fcc_ratio=94,delta=40,debug=0,region=13,ttf=13308(03:41:48),ui_ttf=9200(02:33:20)
07-29 08:13:26.138  1994  1994 D SensorFeature: name=ssc_screenshot_info ,index = 22
07-29 08:13:26.139  1994  1994 D SensorFeature: write 29 bytes:47352882376,55907214873,152,0
07-29 08:13:26.141  1900  4438 I Dpps    : LtmSwState::SetParameter():144 ignore cmd 7 in state LtmOffState
07-29 08:13:26.181  6447  7586 E OplusNetworkStackManager: initService mNetworkStackService is null, try again in 10s
07-29 08:13:26.285  2002  2072 D BatteryChargeControl: bcc get no support from charging protocol
07-29 08:13:26.376  1823  4450 I sensors-hal: handle_oplus_wise_rgb_event:189, high_pwm_light:lux 261.8,cct 3599.6,brl/algo/ir 1438.0/2.0/16.9,pwm/dc 0.0/0.0,rgbc 20351.701172/12643.414062/5820.312012/37516.238281,ts 55896776921,cnt 800,flag 152
07-29 08:13:26.378  1900  4438 I Dpps    : LtmSwState::SetParameter():144 ignore cmd 7 in state LtmOffState
07-29 08:13:26.441  1994  1994 D SensorFeature: name=ssc_screenshot_info ,index = 22
07-29 08:13:26.441  1994  1994 D SensorFeature: write 29 bytes:47352882376,56209801175,153,0
07-29 08:13:26.642  1900  4438 I Dpps    : LtmSwState::SetParameter():144 ignore cmd 7 in state LtmOffState
07-29 08:13:26.744  1994  1994 D SensorFeature: name=ssc_screenshot_info ,index = 22
07-29 08:13:26.744  1994  1994 D SensorFeature: write 29 bytes:47352882376,56512642737,154,0
07-29 08:13:26.828  7033  7033 D BoundBrokerSvc: onUnbind: Intent { act=com.google.android.gms.auth.aang.events.services.START dat=chimera-action:/... cmp=com.google.android.gms/.chimera.PersistentApiService mCallingUid=10259 }
07-29 08:13:26.829  3363  5333 D OomAdjuster: Not killing cached processes
07-29 08:13:26.844  7033  7033 D BoundBrokerSvc: onUnbind: Intent { act=com.google.android.gms.auth.account.workaccount.START dat=chimera-action:/... cmp=com.google.android.gms/.chimera.PersistentApiService mCallingUid=10259 }
07-29 08:13:26.904  1823  4450 I sensors-hal: handle_oplus_wise_rgb_event:189, high_pwm_light:lux 261.7,cct 3607.2,brl/algo/ir 1438.0/2.0/17.4,pwm/dc 0.0/0.0,rgbc 20351.701172/12648.020508/5828.010742/37541.328125,ts 56477760984,cnt 810,flag 154
07-29 08:13:26.906  7033  7033 D BoundBrokerSvc: onUnbind: Intent { act=com.google.android.gms.scheduler.ACTION_PROXY_SCHEDULE dat=chimera-action:/... cmp=com.google.android.gms/.chimera.PersistentDirectBootAwareApiService mCallingUid=10259 }
07-29 08:13:26.907  1900  4438 I Dpps    : LtmSwState::SetParameter():144 ignore cmd 7 in state LtmOffState
07-29 08:13:27.021  2002  7461 D charge_time: type=sdp,reserve_soc=2,soc=76,ui_soc=80,current=171,avg=171,not_chg_cnt=0,stable_cnt=7,fcc=5724,fcc_ratio=94,delta=41,debug=0,region=13,ttf=12605(03:30:05),ui_ttf=9199(02:33:19)
07-29 08:13:27.047  1994  1994 D SensorFeature: name=ssc_screenshot_info ,index = 22
07-29 08:13:27.047  1994  1994 D SensorFeature: write 29 bytes:47352882376,56815580914,155,0
07-29 08:13:27.170  3363  4386 D FusionLightNextGen: process end reported = 1, mode: 0, lux 490.3, cct -1.0, r/g/b/c: 20366.0/12648.0/5824.2/37521.3, R/G/B: 106.0/100.0/99.0, bri 1438.0, match 1.00, ir 0.017884, conf 0.0, ts 56792761400
07-29 08:13:27.172  1900  4438 I Dpps    : LtmSwState::SetParameter():144 ignore cmd 7 in state LtmOffState
07-29 08:13:27.231  1803  1808 E Diag-Router: diag: glinkpkt_open: failed to create control node for slate_apps
07-29 08:13:27.231  1803  1808 E Diag-Router: diag: diag_glinkpkt_open_thread: Glinkpkt_open failed for perif: 12 with err: -1, retry_cnt: 9
07-29 08:13:27.231  1803  1809 E Diag-Router: diag: glinkpkt_open: failed to create control node for slate_adsp
07-29 08:13:27.231  1803  1809 E Diag-Router: diag: diag_glinkpkt_open_thread: Glinkpkt_open failed for perif: 13 with err: -1, retry_cnt: 9
07-29 08:13:27.278  3363  4395 V AlarmManager: sending alarm Alarm{9d77888 type 3 origWhen 39290 whenElapsed 39290 android} uid 1000 whenElapsed 39290 windowLength 18750 maxWhenElapsed 58040 repeatInterval 0 action null component null tag WifiHealthMonitor Schedule Post-Boot Detection Timer flags 0x8 procName system_server
07-29 08:13:27.280  3363  4395 V AlarmManager: sending alarm Alarm{8a7f221 type 3 origWhen 48287 whenElapsed 48287 com.google.android.gms} uid 10259 whenElapsed 48287 windowLength 8760 maxWhenElapsed 57047 repeatInterval 0 action com.google.android.gms.gcm.ACTION_CHECK_QUEUE component ComponentInfo{com.google.android.gms/com.google.android.gms.gcm.nts.SchedulerInternalReceiver} flags 0x0 procName com.google.android.gms.persistent
07-29 08:13:27.286  2002  2072 D BatteryChargeControl: bcc get no support from charging protocol
07-29 08:13:27.288  3363  4885 D OplusProxyWakeLock: prevent gms/gsf hold partial wakelock
07-29 08:13:27.292  3363  5260 D OplusProxyWakeLock: prevent gms/gsf hold partial wakelock
07-29 08:13:27.294  7033  9140 I NetworkScheduler.Stats: (REDACTED) Task %s/%s started execution. cause:%s exec_start_elapsed_seconds: %s
07-29 08:13:27.297  3363  4885 D OplusProxyWakeLock: prevent gms/gsf hold partial wakelock
07-29 08:13:27.297  7033  9140 I NetworkScheduler.Stats: (REDACTED) Task %s/%s finished executing. cause:%s result: %s elapsed_millis: %s uptime_millis: %s exec_start_elapsed_seconds: %s
07-29 08:13:27.299  7163  7163 D BoundBrokerSvc: onBind: Intent { act=com.google.android.gms.pay.service.BIND dat=chimera-action:/... cmp=com.google.android.gms/.chimera.GmsApiService mCallingUid=10259 }
07-29 08:13:27.299  7163  7163 D BoundBrokerSvc: Loading bound service for intent: Intent { act=com.google.android.gms.pay.service.BIND dat=chimera-action:/... cmp=com.google.android.gms/.chimera.GmsApiService mCallingUid=10259 }
07-29 08:13:27.301  3363  4852 D OplusProxyWakeLock: prevent gms/gsf hold partial wakelock
07-29 08:13:27.305  7163 13043 I Pay     : (REDACTED) External corp badge is enabled: %b
07-29 08:13:27.306  7033  7033 I TapAndPay: (REDACTED) The wallet active status is: %s
07-29 08:13:27.306  7033  7033 I TapAndPay: (REDACTED) The device country is: %s, and Swan Lake is set to %b
07-29 08:13:27.306  3363  5333 W PackageManager: package com.google.android.gms uid 10259 pid 7033 call SetEnabledSetting(com.google.android.gms component = com.google.android.gms.tapandpay.globalactions.WalletQuickAccessWalletService, 1, 0)
07-29 08:13:27.307  3363  5333 W PackageManager: package com.google.android.gms uid 10259 pid 7033 call SetEnabledSetting(com.google.android.gms component = com.google.android.gms.tapandpay.globalactions.QuickAccessWalletService, 2, 0)
07-29 08:13:27.307  7033  7033 I TapAndPay: Sending QUICK_ACCESS_WALLET_STATE_CHANGED broadcast to wallet app. [CONTEXT service_id=79 ]
07-29 08:13:27.317  1819  1819 D healthd : system healthd: battery l=80 v=4160 t=34.0 h=2 st=2 c=-178 fc=5920000 cc=19 chg=u
07-29 08:13:27.348  1994  1994 D SensorFeature: name=ssc_screenshot_info ,index = 22
07-29 08:13:27.348  1994  1994 D SensorFeature: write 29 bytes:47352882376,57117585550,156,0
07-29 08:13:27.353  2002  2002 D vendor.oplus.hardware.charger-V7-service: get_ui_charge_icon_type 0 0 0 0 0
07-29 08:13:27.353  2002  2002 D vendor.oplus.hardware.charger-V7-service: oplus_chg_get_cpa_power 2500 charge_online 1 retention_topic 0
07-29 08:13:27.354  2002  2002 D vendor.oplus.hardware.charger-V7-service: oplus_chg_get_cpa_power 2500 charge_online 1 retention_topic 0
07-29 08:13:27.354  2002  2002 D vendor.oplus.hardware.charger-V7-service: getIsSingleHyperSupport=2, cpa_power=2
07-29 08:13:27.435  1823  4450 I sensors-hal: handle_oplus_wise_rgb_event:189, high_pwm_light:lux 261.7,cct 3599.6,brl/algo/ir 1438.0/2.0/17.0,pwm/dc 0.0/0.0,rgbc 20346.945312/12638.807617/5828.010742/37521.253906,ts 57083392182,cnt 820,flag 156
07-29 08:13:27.436  1900  4438 I Dpps    : LtmSwState::SetParameter():144 ignore cmd 7 in state LtmOffState
07-29 08:13:27.436  2002  2043 D vendor.oplus.hardware.charger-V7-service: s_chg_user_mode: 3
07-29 08:13:27.436  2002  2043 D vendor.oplus.hardware.charger-V7-service: scale_chg Start!!!
07-29 08:13:27.436  2002  2043 D vendor.oplus.hardware.charger-V7-service: [0, 0, 3]
07-29 08:13:27.437  2002  2043 D vendor.oplus.hardware.charger-V7-service: [0, 2, 9]
07-29 08:13:27.437  2002  2043 D vendor.oplus.hardware.charger-V7-service: [0, 1, 3]
07-29 08:13:27.437  2002  2043 D vendor.oplus.hardware.charger-V7-service: [0, 3, 3]
07-29 08:13:27.437  2002  2043 D vendor.oplus.hardware.charger-V7-service: [0, 4, 3]
07-29 08:13:27.437  2002  2043 D vendor.oplus.hardware.charger-V7-service: [0, 5, 5]
07-29 08:13:27.437  2002  2043 D vendor.oplus.hardware.charger-V7-service: [0, 6, 9]
07-29 08:13:27.437  2002  2043 D vendor.oplus.hardware.charger-V7-service: scale_chg Start!!!
07-29 08:13:27.437  2002  2043 D vendor.oplus.hardware.charger-V7-service: [0, 0, 3]
07-29 08:13:27.437  2002  2043 D vendor.oplus.hardware.charger-V7-service: [0, 2, 10]
07-29 08:13:27.437  2002  2043 D vendor.oplus.hardware.charger-V7-service: [0, 1, 3]
07-29 08:13:27.437  2002  2043 D vendor.oplus.hardware.charger-V7-service: [0, 3, 3]
07-29 08:13:27.438  2002  2043 D vendor.oplus.hardware.charger-V7-service: [0, 4, 3]
07-29 08:13:27.438  2002  2043 D vendor.oplus.hardware.charger-V7-service: [0, 5, 3]
07-29 08:13:27.438  2002  2043 D vendor.oplus.hardware.charger-V7-service: [0, 6, 10]
07-29 08:13:27.445  2002  2070 D vendor.oplus.hardware.charger-V7-service: ret_value:111, read content:,340,364,4160,4157,-178,76,80,1,1,0,494,4647,78,1,4475,300,500,0,7,-22,7,0,1,0,2,0,0,0,1,6098,99,0,0,0,0,0,0,0
07-29 08:13:27.445  2002  2070 D vendor.oplus.hardware.charger-V7-service: gmtime: 2025-07-29-08-13-27
07-29 08:13:27.446  2002  2070 D vendor.oplus.hardware.charger-V7-service: usb_online:1, ac_online:-2147483648, wireless_online:0
07-29 08:13:27.562  1917  1957 I [UAH_CLIENT]: UahRelease, handle:23
07-29 08:13:27.563  1917  1957 I [UAH_CLIENT]: UahPlatformResAcquire
07-29 08:13:27.563  1917  1957 I [UAH_CLIENT]: UahEventAcquire, cmdid:-3, pkg:1917 12956, identity:qcom-perfd
07-29 08:13:27.563  1917  1957 E PERFHAL-RESOURCEQS: PERFHAL-RESOURCEQS: AddAndApply() 130: Resource with major=18, minor=41 not supported
07-29 08:13:27.651  1994  1994 D SensorFeature: name=ssc_screenshot_info ,index = 22
07-29 08:13:27.652  1994  1994 D SensorFeature: write 29 bytes:47352882376,57419134508,157,0
07-29 08:13:27.680 12961 13052 I SystemFeature: operator:{oppo.cmcc.mp:false, browser.cmcc:false, browser.test.cmcc:false, browser.cmcc.bookmark:false, browser.test.cmcc.bookmark:false, browser.cmcc.home:false, browser.test.cmcc.home:false
07-29 08:13:27.680 12961 13052 I SystemFeature: cu.optr:false, browser.cu:false, browser.test.cu:false
07-29 08:13:27.680 12961 13052 I SystemFeature: ct.optr:false, browser.ct:false, browser.test.ct:false
07-29 08:13:27.680 12961 13052 I SystemFeature: }
07-29 08:13:27.684 12961 13052 I IdentityUtil: initIdentity: success, duidInit=true, uuid=d7830aefe1185a1d969e64bfc89f60a7
07-29 08:13:27.685  7621  7815 I OpenID  : com.heytap.pictorial:3142:ret:T
07-29 08:13:27.698 12961 13052 D Identity: nonceAndCounter: a799bf1bb90f33bb0000000000000005
07-29 08:13:27.701  1900  4438 I Dpps    : LtmSwState::SetParameter():144 ignore cmd 7 in state LtmOffState
07-29 08:13:27.734  1169 13004 I keystore2: system/security/keystore2/watchdog/src/lib.rs:319 - Watchdog thread idle -> terminating. Have a great day.
07-29 08:13:27.836  3363  5333 I InputDispatcher: injectInputEvent: targetUid=<not set>, syncMode=WAIT_FOR_FINISHED, timeout=30000ms, policyFlags=0x8000000, event=MotionEvent { action=DOWN, id[0]=0, x[0]=900, y[0]=30, eventTime=57606000000, downTime=57606000000, deviceId=4, source=TOUCHSCREEN, displayId=0, eventId=0xe25da6a0}
07-29 08:13:27.837  2139  3511 D VRR [OTI]: handleIdle from 1 to 0
07-29 08:13:27.837  3363  4814 I [UAH_CLIENT]: UahEventAcquire, cmdid:37, pkg:none, identity:OplusUAwareInputHelper
07-29 08:13:27.837  2139  3511 D VRR [OTI-HW]: isStateReady 0
07-29 08:13:27.837  2139  3511 D VRR [OTI-HW]: restore sys rate.
07-29 08:13:27.837  2139  3511 D VRR [RefreshRateDirector]: requestRefreshRateByOti update [ oti-hw, {fps=120, modePtr={id=4, vsyncRate=120.00 Hz, peakRefreshRate=120.00 Hz}} ]
07-29 08:13:27.837  2139  3511 D VRR [RefreshRateDirector]: selectBestFrameRate DirectorMapOti [oti-hw, {fps=120, modePtr={id=4, vsyncRate=120.00 Hz, peakRefreshRate=120.00 Hz}}]
07-29 08:13:27.837  2139  3511 D VRR [RefreshRateDirector]: updateBestFrameRate [oti-hw, {fps=120, modePtr={id=4, vsyncRate=120.00 Hz, peakRefreshRate=120.00 Hz}}]
07-29 08:13:27.837  2139  3511 D SurfaceFlinger: VRR [SurfaceFlinger] setDesiredActiveMode: displayId: 4630946756802996883, renderRate: 120, vsyncRate: 120, event: 1
07-29 08:13:27.837  3363  4650 D OMP_Detector: D:done mCurrStatus: 0
07-29 08:13:27.837  2139  3511 D DisplayModeController: setDesiredMode 4630946756802996883 {mode={fps=120.00 Hz, modePtr={id=4, vsyncRate=120.00 Hz, peakRefreshRate=120.00 Hz}}, emitEvent=true, force=false}
07-29 08:13:27.837  3363  4814 D UAH-UahAdaptHelper: adaptSetNotification identity = OplusUAwareInputHelpersrc = 1000 , type 0 ,p1 = -1 ,p2 = -1 ,p3 = -1 ,p4 =
07-29 08:13:27.837  3363  4814 I [UAH_CLIENT]: uahRuleCtl, ruleId:1000, status:0
07-29 08:13:27.838  1917  1957 I [UAH_CLIENT]: UahRelease, handle:36
07-29 08:13:27.839  1917  1957 I [UAH_CLIENT]: UahPlatformResAcquire
07-29 08:13:27.839  1917  1957 I [UAH_CLIENT]: UahEventAcquire, cmdid:-3, pkg:2139 6981, identity:qcom-perfd
07-29 08:13:27.839  1917  1957 E PERFHAL-RESOURCEQS: PERFHAL-RESOURCEQS: AddAndApply() 130: Resource with major=18, minor=41 not supported
07-29 08:13:27.839  3363  3780 D PowerManagerService: userActivityNoUpdateLocked: groupId=0, eventTime=57606, event=touch, flags=0x0, uid=1000
07-29 08:13:27.839  4853  4853 V AutofillManager: requestHideFillUi(null): anchor = null
07-29 08:13:27.840  4853  4853 V Application: getAutofillClient(): null on super, trying to find activity thread
07-29 08:13:27.840  4853  4853 V Application: getAutofillClient(): none of the 0 activities on com.android.systemui.SystemUIApplication@562c202 are top resumed nor have focus
07-29 08:13:27.840  4853  4853 V AutofillManager: No AutofillClient for com.android.systemui on context com.android.systemui.SystemUIApplication@562c202
07-29 08:13:27.840  4853  4853 I PluginSeedling--Capsule: CapsuleTouchEventHandler-->onInterceptTouchEvent interceptEvent: false
07-29 08:13:27.841  3363  3692 W UserAwareMgr: can not find match thread: GaussianBlur for process com.android.systemui
07-29 08:13:27.841  4853  5438 I [UAH_CLIENT]: UahEventAcquire, cmdid:97, pkg:none, identity:OsenseHelperImpl
07-29 08:13:27.841  4853  4853 I SystemUi--Common: ScrollTranslationValue-->resetPanelTranslationY
07-29 08:13:27.842  4853  4853 I SystemUi--QuickSettings: OplusPanelViewPagerController-->initExpanded downExpanded=NONE downOnRight=true targetPage=NOTIFICATION downOnYHotArea=true  isKeyguardShowing=false isOnKeyguard=false fractionListeners.size=0 currentQsFraction=0.0 currentNotifyFraction=0.0 hasCalledDownEvent=true getScrollXHotZone=([Rect(0, 0 - 1080, 2376)], [Rect(-1, -1 - -1, -1), Rect(157, 1999 - 283, 2125), Rect(823, 1999 - 949, 2125)]) getScrollYHotZone=Rect(0, 0 - 1080, 66) notifyExpandedFraction=0.0 isLastUpToExpand=false qsPanelView.translationX=0.0
