07-28 21:24:16.320  3414  4391 D SensorServiceUtils: sensorEventLog step_counter = 0
07-28 21:24:16.320  3414  4391 D SensorServiceUtils: sensorEventLog step_counter = 0
07-28 21:24:16.320  3414  4391 D SensorServiceUtils: sensorEventLog step_counter = 0
07-28 21:24:16.320  3414  4391 D SensorServiceUtils: sensorEventLog step_counter = 0
07-28 21:24:16.320  3414  4391 D SensorServiceUtils: sensorEventLog step_counter = 0
07-28 21:24:16.321  4669  4801 D CNGmsControlService: mcc1=001 mcc2=null GmsState=2 TagWhitelistApp=true UserDisableCount=0 SettingsGmsState=1
07-28 21:24:16.321  4992  5049 W Binder  : Caught a RuntimeException from the binder stub implementation.
07-28 21:24:16.321  4992  5049 W Binder  : java.lang.NullPointerException: Attempt to invoke virtual method 'boolean android.net.Uri.equals(java.lang.Object)' on a null object reference
07-28 21:24:16.321  4992  5049 W Binder  : 	at xb.a$b.onChange(Unknown Source:16)
07-28 21:24:16.321  4992  5049 W Binder  : 	at android.database.ContentObserver.onChange(ContentObserver.java:184)
07-28 21:24:16.321  4992  5049 W Binder  : 	at android.database.ContentObserver.onChange(ContentObserver.java:202)
07-28 21:24:16.321  4992  5049 W Binder  : 	at android.database.ContentObserver.onChange(ContentObserver.java:224)
07-28 21:24:16.321  4992  5049 W Binder  : 	at android.database.ContentObserver.onChange(ContentObserver.java:236)
07-28 21:24:16.321  4992  5049 W Binder  : 	at android.database.ContentObserver.dispatchChange(ContentObserver.java:335)
07-28 21:24:16.321  4992  5049 W Binder  : 	at android.database.ContentObserver$Transport.onChangeEtc(ContentObserver.java:357)
07-28 21:24:16.321  4992  5049 W Binder  : 	at android.database.IContentObserver$Stub.onTransact(IContentObserver.java:120)
07-28 21:24:16.321  4992  5049 W Binder  : 	at android.os.Binder.execTransactInternal(Binder.java:1523)
07-28 21:24:16.321  4992  5049 W Binder  : 	at android.os.Binder.execTransact(Binder.java:1457)
07-28 21:24:16.322  4914  4914 D ServiceStateProvider: subId=1
07-28 21:24:16.322  4669  4669 V SystemSensorManagerExtImpl: step counter dispatchSensorEvent step 0.0 to + a.b$c@ae949cf
07-28 21:24:16.322  1691  1691 D Zygote  : Forked child process 13122
07-28 21:24:16.323  3414  3692 I ActivityManager: Start proc 13122:com.oplus.wirelesssettings:tzupdate/1000 for broadcast {com.oplus.wirelesssettings/com.oplus.tzupdate.timezone.MccChangeReceiver}
07-28 21:24:16.323  3414  4197 I MemoryOperationUtils: add 13122 to inactive
07-28 21:24:16.324  5126  5126 I QImsService: OplusPhoneStateTracker : onServiceStateChanged
07-28 21:24:16.325  3414  5165 W BestClock: java.time.DateTimeException: Missing network time fix
07-28 21:24:16.325  5126  5126 I QImsService: OplusPhoneStateTracker : onServiceStateChanged
07-28 21:24:16.326  5211  5211 D SubsysEventListenerManager-SubsysTelephonyCallback[0]: onServiceStateChanged
07-28 21:24:16.326  5211  5211 D ChinaRoamingControl: registTelephonyEvent onServiceStateChanged eventId:5, VoiceRegState:1, DataRegState:1
07-28 21:24:16.326  5211  5211 D QuickChangeAirplaneModeEvent: onServiceStateChanged slotId:0
07-28 21:24:16.326  4839  5137 I SystemUi--Statusbar: MobileConnectionRepositoryImpl-->subId:1 isSoftSimCard:false slotId:0
07-28 21:24:16.326  5211  5211 D QuickChangeAirplaneModeEvent: isBothCardInService is false
07-28 21:24:16.326  5211  5211 D MsimSubModeManager: registTelephonyEvent onServiceStateChanged eventId:3, VoiceRegState:1, DataRegState:1
07-28 21:24:16.326  5211  5211 E ExtremeCommUtils: getSwitchRusSupportMcc invalid index 1
07-28 21:24:16.326  5211  5211 D ExtremeCommUtils: isSupporCheck rusContain:false,propContain(persist.sys.oplus.support_hyper_uplink_mcc):false
07-28 21:24:16.326  5211  5211 D ExtremeCommService: handleServiceStateChanged mcc is null
07-28 21:24:16.326  5211  5211 D ChinaRoamingControl: handleMessage what:5
07-28 21:24:16.326  5211  5211 D MsimSubModeManager: handleMessage what:3
07-28 21:24:16.326  5211  5211 D MsimSubModeManager: getMsimSimServiceIn() i:0,mServiceState:1
07-28 21:24:16.326  5211  5211 D MsimSubModeManager: getMsimSimServiceIn() i:1,mServiceState:1
07-28 21:24:16.326  3414  4192 W ContextImpl: Calling a method in the system process without a qualified user: android.app.ContextImpl.sendBroadcastMultiplePermissions:1311 android.content.Context.sendBroadcastMultiplePermissions:2524 com.android.server.TelephonyRegistry.broadcastServiceStateChanged:3740 com.android.server.TelephonyRegistry.notifyServiceStateForPhoneId:1787 com.android.internal.telephony.ITelephonyRegistry$Stub.onTransact:546 
07-28 21:24:16.326  3414  5539 W BestClock: java.time.DateTimeException: Missing network time fix
07-28 21:24:16.326  5211  6042 D cellularState[0]: handleMessage: E msg.what=4
07-28 21:24:16.326  5211  6042 D cellularState[0]: processMsg: DataCallingState
07-28 21:24:16.326  5211  6042 D cellularState[0]: processMsg: NetworkAttachedState
07-28 21:24:16.326  5211  6042 D cellularState[0]: processMsg: SimReadyState
07-28 21:24:16.326  5211  6042 D cellularState[0]: processMsg: DefaultState
07-28 21:24:16.326  5211  6042 E cellularState[0]:  - unhandledMessage: msg.what=4
07-28 21:24:16.326  5211  6042 D cellularState[0]: handleMessage: X
07-28 21:24:16.327  5211  5211 D SubsysEventListenerManager-SubsysTelephonyCallback[0]: onCellLocationChanged
07-28 21:24:16.327  3414  4192 W ContextImpl: Calling a method in the system process without a qualified user: android.app.ContextImpl.sendBroadcastMultiplePermissions:1344 com.android.server.TelephonyRegistry.broadcastServiceStateChanged:3745 com.android.server.TelephonyRegistry.notifyServiceStateForPhoneId:1787 com.android.internal.telephony.ITelephonyRegistry$Stub.onTransact:546 android.os.Binder.execTransactInternal:1523 
07-28 21:24:16.328  5174  6155 D IWlanJni: getDataRegistrationState start
07-28 21:24:16.329  3414  4192 W ContextImpl: Calling a method in the system process without a qualified user: android.app.ContextImpl.sendBroadcastMultiplePermissions:1344 com.android.server.TelephonyRegistry.broadcastServiceStateChanged:3754 com.android.server.TelephonyRegistry.notifyServiceStateForPhoneId:1787 com.android.internal.telephony.ITelephonyRegistry$Stub.onTransact:546 android.os.Binder.execTransactInternal:1523 
07-28 21:24:16.329  3414  4192 W ContextImpl: Calling a method in the system process without a qualified user: android.app.ContextImpl.sendBroadcastMultiplePermissions:1344 com.android.server.TelephonyRegistry.broadcastServiceStateChanged:3760 com.android.server.TelephonyRegistry.notifyServiceStateForPhoneId:1787 com.android.internal.telephony.ITelephonyRegistry$Stub.onTransact:546 android.os.Binder.execTransactInternal:1523 
07-28 21:24:16.329  4839  5873 V OplusCustomizeCacheManager: queryCache name: sys.cache.common_customize_cache18014 param: null
07-28 21:24:16.330  4839  5873 V OplusCustomizeCacheManager: queryCache name: sys.cache.common_customize_cache18017 param: Bundle[{SETTING=BLOCK, BUSINESS=NCT-DATA}]
07-28 21:24:16.330  4839  5873 V OplusCustomizeCacheManager: queryCache name: sys.cache.common_customize_cache18013 param: null
07-28 21:24:16.330  5174  6176 D IWlanJni: new aidl event arrived
07-28 21:24:16.330  5174  6176 D IWlanJni: handleEvent 10
07-28 21:24:16.330  5174  6176 D IWlanJni: isThreadAttached start
07-28 21:24:16.330  5174  6176 D IWlanJni: jni detached
07-28 21:24:16.330  5174  6176 D IWlanJni: jni attached
07-28 21:24:16.330  5174  6176 D IWlanJni: getDataRegistrationStateResponse start
07-28 21:24:16.330  5174  6176 D IWlanJni: getJavaCallbackClass start
07-28 21:24:16.330  5716  5716 D CellBroadcastReceiver: onReceive Intent { act=android.intent.action.SERVICE_STATE flg=0x1000010 cmp=com.android.cellbroadcastreceiver.module/com.android.cellbroadcastreceiver.CellBroadcastReceiver (has extras) }
07-28 21:24:16.330  5174  6176 D IWlanJni: getJavaCallbackClass End midIs[1]
07-28 21:24:16.330  5174  6176 I IWlanAidlClient: getDataRegistrationStateResponse called
07-28 21:24:16.331  5716  5716 D CellBroadcastReceiver: onServiceStateChanged, ss: 1
07-28 21:24:16.331  5716  5716 D CellBroadcastReceiver: networkOperator: 
07-28 21:24:16.331  5211  5211 D SubsysEventListenerManager-SubsysTelephonyCallback[0]: onDisplayInfoChanged
07-28 21:24:16.331  5211  5211 D SceneService: onDisplayInfoChanged slotId:0,telephonyDisplayInfo:TelephonyDisplayInfo {network=NR, overrideNetwork=NONE, isRoaming=false}
07-28 21:24:16.331  4839  4839 I SystemUi--Statusbar: OplusMobileIconInteractorImpl-->oplusIMSModel slot:0: CapabilityTypeModel(isVolteSwitchOn=true, isWfcEnabledByUser=true, imsRegistered=false, voiceCapable=false, videoCapable=false, registerTech=-1, isCrossSimCallingEnabledByUser=false, hasHideVolteOperator=false), SimStateModel(simInserted=[true, false], simForbidden=[false, true], simStateIMSI=[false, false], simLoaded=[true, false]),oplusNetworkTypeNr:20,isVoNrEnabled:false
07-28 21:24:16.331  6561  6604 I midasd  : OplusObrainService::notifyEventInt eventId:38 iParam:20
07-28 21:24:16.331  4839  5137 I SystemUi--Statusbar: MobileConnectionRepositoryImpl-->subId:1 isSoftSimCard:false slotId:0
07-28 21:24:16.332  8981  9015 I OplusObrain: OplusObrainClientInvoke.nativeGetTelephonyInfo
07-28 21:24:16.332  4914  6254 E PhoneInterfaceManager: getServiceStateForSlot retuning null for invalid slotIndex=-1
07-28 21:24:16.329  4992  5834 D OplusLinkBoostCommon: dds servicestate change
07-28 21:24:16.333  5174  6175 W IWlanNetworkService: 15 > Response Processed
07-28 21:24:16.333  4914  4914 D MultiSimSettingController: notifySubscriptionInfoChanged
07-28 21:24:16.333  4992  5827 D T-Recommend: onPreHandleMessage 1000
07-28 21:24:16.333  3414  3414 I AS.AudioService: onSubscriptionsChanged()
07-28 21:24:16.334 13122 13122 I ttings:tzupdate: isSwordfishLaunchAppEnabled_ 1 isSwordfishInstallAppEnabled_ 1
07-28 21:24:16.334 13122 13122 E ttings:tzupdate: Unknown bits set in runtime_flags: 0x40000000
07-28 21:24:16.334 13122 13122 I ttings:tzupdate: Using CollectorTypeCMC GC.
07-28 21:24:16.334  4992  5837 D NAS-CallIssueDetector: onServiceStateChanged
07-28 21:24:16.334  4992  5837 D OplusCiwlanController: [vodata] processServiceStateChanged  phoneid = 0, original roaming type = 0,roaming type = 0
07-28 21:24:16.334  4992  5837 D OplusCiwlanController: [vodata] processServiceStateChanged  phoneid = 1, original roaming type = 0,roaming type = 0
07-28 21:24:16.334  4992  5884 D OplusSubWaySlowRecovery: getPreferSubId return 1
07-28 21:24:16.334  8981  9015 I OplusObrain: OplusObrainClientInvoke.nativeGetTrafficTypeInfoForNetworkType networkType 0
07-28 21:24:16.334  4992  5884 D SaDataFailRecovery/0: current is not in service,reset alarm
07-28 21:24:16.334  3414  5990 D KernelStatsHelper: getKernelStats start!
07-28 21:24:16.334  4839  5137 I SystemUi--Statusbar: MobileInputLog-->onSubscriptionsChanged
07-28 21:24:16.335  4992  5884 D OplusScanQrCodeRecoveryImpl: msg.what=3
07-28 21:24:16.335  3414  5529 W BestClock: java.time.DateTimeException: Missing network time fix
07-28 21:24:16.335  5126  5126 I QImsService: OplusPhoneStateTracker : onSubscriptionsChanged Last subId: 1 Current subId 1
07-28 21:24:16.335  5126  5126 I QImsService: OplusPhoneStateTracker : onSubscriptionsChanged Last subId: -1 Current subId -1
07-28 21:24:16.336  3414  4584 D OplusNetlinkSocket: handleNetlinkRecvKernelMessage:nlmsghdr:StructNlMsgHdr{ nlmsg_len{40}, nlmsg_type{42()}, nlmsg_flags{0()}, nlmsg_seq{0}, nlmsg_pid{223744488} }
07-28 21:24:16.336  3414  5539 W BestClock: java.time.DateTimeException: Missing network time fix
07-28 21:24:16.336  3414  4584 D KernelStatsHelper: get magic :[-1, -1, -1, 77, 65, 71, 73, 67]
07-28 21:24:16.336  3414  4584 D KernelStatsHelper: magic matched count:0 data_len:0
07-28 21:24:16.336  3414  4584 D KernelStatsHelper: data over! check: true
07-28 21:24:16.336 13122 13122 E ttings:tzupdate: Not starting debugger since process cannot load the jdwp agent.
07-28 21:24:16.336  4992  5827 E CellularEvent: nri null ps
07-28 21:24:16.336  4992  5827 E CellularEvent: invalid nri
07-28 21:24:16.336  4839  5873 V OplusCustomizeCacheManager: queryCache name: sys.cache.common_customize_cache18014 param: null
07-28 21:24:16.336  4839  5873 V OplusCustomizeCacheManager: queryCache name: sys.cache.common_customize_cache18017 param: Bundle[{SETTING=BLOCK, BUSINESS=NCT-DATA}]
07-28 21:24:16.336  4839  5873 V OplusCustomizeCacheManager: queryCache name: sys.cache.common_customize_cache18013 param: null
07-28 21:24:16.336  4992  5827 D T-Recommend: onPostHandleMessage 1000
07-28 21:24:16.336  5174  5174 D QCNEJ/DataCallAgent: onSubscriptionsChanged: new DDS 1
07-28 21:24:16.336  5174  5174 D QCNEJ/WwanInfoRelay: onSubscriptionsChanged currDDSId: 1 new DDS 1
07-28 21:24:16.337  7440  8948 E Battery : ControllerCenter: onReceiver: mSubscriptionManager is null || mIsNeedRestoreMobile = false
07-28 21:24:16.337  5174  8885 D QCNEJ/DataCallAgent: phoneCount: 2
07-28 21:24:16.337  5174  8885 D QCNEJ/DataCallAgent: subs for 0th slot: [1]
07-28 21:24:16.337  5126  5126 E QImsService: ImsConfigImpl : onSubscriptionsChanged unable to process due to SubscriptionInfo is null
07-28 21:24:16.338  4992  5827 D CellularEvent: handleSubscriptionsChanged: slotId=0
07-28 21:24:16.338  4992  5827 D CellularEvent: onImsRegistrationStateChanged, slotId=0state:false
07-28 21:24:16.338  5174  8885 D QCNEJ/DataCallAgent: mSubInfoReady[0] is set to true
07-28 21:24:16.338  5174  8885 D QCNEJ/DataCallAgent: subs for 1th slot: [-1]
07-28 21:24:16.338 13122 13122 D nativeloader: Load libframework-connectivity-tiramisu-jni.so using APEX ns com_android_tethering for caller /apex/com.android.tethering/javalib/framework-connectivity-t.jar: ok
07-28 21:24:16.338  4992  5448 D NAS-CellularEvent: handleSubscriptionsChanged: slotId=0
07-28 21:24:16.338  4839  4839 I KeyguardUpdateMonitor: action=android.intent.action.SERVICE_STATE subId=1 slotId=0
07-28 21:24:16.339  4839  4839 I KeyguardUpdateMonitor: refreshSimState, changed:false,subId:1,slotId:0,state:5
07-28 21:24:16.339  4914  4914 I Telephony: y0: onServiceStateChanged: newState=1, mServiceState=1
07-28 21:24:16.339  4839  5086 I SystemUi--QuickSettings: Tile.OplusCellularTile-->updateCarrierText: dialog not showing, ignore
07-28 21:24:16.339  4992  5448 D NAS-CellularEvent: onImsRegistrationStateChanged, slotId=0state:false
07-28 21:24:16.339  4839  5086 D SimStateHelper: slot:0, lock state:Bundle[mParcelledData.dataSize=56]
07-28 21:24:16.339  4839  4839 I SystemUi--Statusbar: OplusMobileIconInteractorImpl-->oplusIMSModel slot:0: CapabilityTypeModel(isVolteSwitchOn=true, isWfcEnabledByUser=true, imsRegistered=false, voiceCapable=false, videoCapable=false, registerTech=-1, isCrossSimCallingEnabledByUser=false, hasHideVolteOperator=false), SimStateModel(simInserted=[true, false], simForbidden=[false, true], simStateIMSI=[false, false], simLoaded=[true, false]),oplusNetworkTypeNr:20,isVoNrEnabled:false
07-28 21:24:16.339  6940  7756 D OsAgentAidlClient: [string_dataitem_update][1584] [HC] =>> [HS]
07-28 21:24:16.339  4839  6068 I SystemUi--Statusbar: OplusMobileConnectionRepository1-->stopListenImsStatusChanged
07-28 21:24:16.339  4839  5137 I SystemUi--Statusbar: MobileConnectionRepositoryImpl-->subId:1 isSoftSimCard:false slotId:0
07-28 21:24:16.340  4839  6068 I SystemUi--Statusbar: OplusMobileConnectionRepository1-->phoneId: 0, conflatedCallbackFlow init
07-28 21:24:16.340  4839  6068 I SystemUi--Statusbar: OplusMobileConnectionRepository1-->startListenImsStatusChanged
07-28 21:24:16.340  4914  4914 I Telephony: isRttCurrentlySupported -- regular acct, hasVoiceAvailability: false
07-28 21:24:16.340  4914  4914 I Telephony:  isRttSupported: false
07-28 21:24:16.340  4914  4914 I Telephony:  isUserRttSettingOn: false
07-28 21:24:16.340  4914  4914 I Telephony:  alwaysAllowWhileRoaming: false
07-28 21:24:16.340  4914  4914 I Telephony:  isRoaming: false
07-28 21:24:16.340  4914  4914 I Telephony:  isOnWfc: false
07-28 21:24:16.340  4839  5086 D SimStateHelper: slot:1, lock state:Bundle[mParcelledData.dataSize=56]
07-28 21:24:16.340  4839  5086 D SimStateHelper: needDisableMenu: slot1State=-1; slot2State=-1
07-28 21:24:16.340  4839  5086 D SimStateHelper: needDisableMenu:false
07-28 21:24:16.340  4839  5086 I SystemUi--QuickSettings: Tile.OplusCellularTile-->updateCarrierText: dialog not showing, ignore
07-28 21:24:16.340  4839  5086 D SimStateHelper: slot:0, lock state:Bundle[mParcelledData.dataSize=56]
07-28 21:24:16.340  4839  5086 D SimStateHelper: slot:1, lock state:Bundle[mParcelledData.dataSize=56]
07-28 21:24:16.340  4839  5086 D SimStateHelper: needDisableMenu: slot1State=-1; slot2State=-1
07-28 21:24:16.340  4839  5086 D SimStateHelper: needDisableMenu:false
07-28 21:24:16.340  3414  4483 V NetworkPolicy: onSubscriptionsChanged
07-28 21:24:16.341 13122 13122 W libc    : Access denied finding property "persist.vendor.sys.activitylog"
07-28 21:24:16.341 13122 13122 I OneTrace: Mark active for pid=13122? true
07-28 21:24:16.341  3414  5165 W BestClock: java.time.DateTimeException: Missing network time fix
07-28 21:24:16.341 13122 13122 D cutils-dev: otrace_set_tracing_enabled? true tag:0
07-28 21:24:16.341  6511  8938 D OplusAtlasAudioDetectionManager: MSG_CALL_STATE_CHANGED
07-28 21:24:16.341  6511  8938 D OplusAtlasAudioDetectionManager: callStateChanged state: 0, len: 0
07-28 21:24:16.341 13122 13136 D cutils-dev: properties changed in otrace_seq_number_changed!
07-28 21:24:16.342  4992  5834 W BestClock: java.time.DateTimeException: Missing network time fix
07-28 21:24:16.342  3414  4483 D NetworkPolicy: Normalization put networkpolicyNetworkTemplate: matchRule=CARRIER, matchSubscriberIds=[001011...], matchWifiNetworkKeys=[], metered=YES
07-28 21:24:16.342  3414  4483 D NetworkPolicy: Normalization put networkpolicyNetworkTemplate: matchRule=CARRIER, matchSubscriberIds=[310260...], matchWifiNetworkKeys=[], metered=YES
07-28 21:24:16.342  3414  4483 D NetworkPolicy: Normalization put networkpolicyNetworkTemplate: matchRule=CARRIER, matchSubscriberIds=[001010...], matchWifiNetworkKeys=[], metered=YES
07-28 21:24:16.342  3414  4483 D NetworkPolicy: Normalization put networkpolicyNetworkTemplate: matchRule=CARRIER, matchSubscriberIds=[001010...], matchWifiNetworkKeys=[], metered=YES
07-28 21:24:16.342  3414  4483 D NetworkPolicy: Normalization put networkpolicyNetworkTemplate: matchRule=CARRIER, matchSubscriberIds=[001012...], matchWifiNetworkKeys=[], metered=YES
07-28 21:24:16.342  3414  4483 V NetworkPolicy: updateNetworkEnabledNL() return
07-28 21:24:16.342  4992  5834 V MonthTrafficAlert: getWarningNotification subId:1 numWarningNotificaion:0
07-28 21:24:16.342  4839  6068 I SystemUi--Statusbar: OplusMobileConnectionRepository1-->onImsStatusChanged model: CapabilityTypeModel(isVolteSwitchOn=true, isWfcEnabledByUser=true, imsRegistered=false, voiceCapable=false, videoCapable=false, registerTech=-1, isCrossSimCallingEnabledByUser=false, hasHideVolteOperator=false)
07-28 21:24:16.342  3414  4483 V NetworkPolicy: updateNotificationsNL not process
07-28 21:24:16.343  3414  5990 W BestClock: java.time.DateTimeException: Missing network time fix
07-28 21:24:16.343  3414  4483 W BestClock: java.time.DateTimeException: Missing network time fix
07-28 21:24:16.343  3414  5539 D ActivityTaskManagerServiceExtImpl: preBindApplication record is null
07-28 21:24:16.343  3414  5539 D RGBNormalizeServer: OplusRGBNormalize feature enabled ? true
07-28 21:24:16.343  3414  5539 D ResourcesManagerCache: For package com.oplus.wirelesssettings we got cacheList [null] appInfoExt is null ? false hasFeature ? false
07-28 21:24:16.343  3414  5539 D VRR [OPlusExternalRefreshRateManager]: isPkgTfcEnable: pkgName = com.oplus.wirelesssettings, enable = false
07-28 21:24:16.343  3414  5539 D VRR [OPlusExternalRefreshRateManager]: getTfcMinFramerate: pkgName = com.oplus.wirelesssettings, min framerate = 0
07-28 21:24:16.343  4839  5873 V OplusCustomizeCacheManager: queryCache name: sys.cache.common_customize_cache18014 param: null
07-28 21:24:16.343  4839  5873 V OplusCustomizeCacheManager: queryCache name: sys.cache.common_customize_cache18017 param: Bundle[{SETTING=BLOCK, BUSINESS=NCT-DATA}]
07-28 21:24:16.343  4839  5873 V OplusCustomizeCacheManager: queryCache name: sys.cache.common_customize_cache18013 param: null
07-28 21:24:16.344  4914  4914 V OplusCustomizeCacheManager: queryCache name: sys.cache.common_customize_cache18016 param: null
07-28 21:24:16.344  4914  4914 V OplusCustomizeCacheManager: queryCache name: sys.cache.common_customize_cache18013 param: null
07-28 21:24:16.344  4914  4914 V OplusCustomizeCacheManager: queryCache name: sys.cache.common_customize_cache18014 param: null
07-28 21:24:16.344  4914  4914 V OplusCustomizeCacheManager: queryCache name: sys.cache.common_customize_cache18017 param: Bundle[{SETTING=BLOCK, BUSINESS=NCT-DATA}]
07-28 21:24:16.344  4914  4914 V OplusCustomizeCacheManager: queryCache name: sys.cache.common_customize_cache18016 param: null
07-28 21:24:16.344  4914  4914 V OplusCustomizeCacheManager: queryCache name: sys.cache.common_customize_cache18013 param: null
07-28 21:24:16.344  4914  4914 V OplusCustomizeCacheManager: queryCache name: sys.cache.common_customize_cache18014 param: null
07-28 21:24:16.344  4914  4914 V OplusCustomizeCacheManager: queryCache name: sys.cache.common_customize_cache18017 param: Bundle[{SETTING=BLOCK, BUSINESS=NCT-DATA}]
07-28 21:24:16.345  4914  4914 D MultiSimSettingController: onSubscriptionsChanged
07-28 21:24:16.345  4914  4914 D MultiSimSettingController: isReadyToReevaluate: subInfoInitialized=true, carrierConfigsLoaded=true, satelliteEnabledOrBeingEnabled=false
07-28 21:24:16.345  4914  4914 D MultiSimSettingController: updateDefaults
07-28 21:24:16.345  4914  4914 D MultiSimSettingController: isReadyToReevaluate: subInfoInitialized=true, carrierConfigsLoaded=true, satelliteEnabledOrBeingEnabled=false
07-28 21:24:16.345  4914  4914 D MultiSimSettingController: updateDefaultValues: change: 0
07-28 21:24:16.345  4914  4914 D MultiSimSettingController: disableDataForNonDefaultNonOpportunisticSubscriptions triggered, return directly
07-28 21:24:16.345 13122 13122 D OplusActivityManager: get AMS extension: android.os.BinderProxy@b686e59
07-28 21:24:16.346  4914  4914 D ImsResolver: oldSubId: 1, newSubId: 1
07-28 21:24:16.346  4914  4914 D ImsResolver: oldSubId: -1, newSubId: -1
07-28 21:24:16.346 13122 13122 D CompactWindowAppManager: initCompactApplicationInfo CompactMode: , NormalMode: 
07-28 21:24:16.346  4914  4914 D CallNotifier: updatePhoneStateListeners: update CF notifications.
07-28 21:24:16.346  4914  4914 I Telephony: TelecomAccountRegistry: onSubscriptionsChanged - reregister accounts
07-28 21:24:16.346  8641  9684 W metis_v2_KnowledgeManager: Fire: isEmergency is true  debugFireMode = false [7f0000011753752215435235707360|p_7360_ae2ff9f@1|p_8641_e205d2c@1|com.oplus.metis] [base|com.oplus.metis|1.5.5-f48228a]
07-28 21:24:16.346  4914  4914 D PhoneUtils: PhoneAccountHandle subId=1, slotId=0
07-28 21:24:16.346  8641  9684 W metis_v2_OifaceBindUtils: bindTask [7f0000011753752215435235707360|p_7360_ae2ff9f@1|p_8641_e205d2c@1|com.oplus.metis]
07-28 21:24:16.346  8641  9684 W metis_v2_OifaceBindUtils: call connectOifaceService [7f0000011753752215435235707360|p_7360_ae2ff9f@1|p_8641_e205d2c@1|com.oplus.metis]
07-28 21:24:16.346  4914  4914 D Telephony: registerPstnPhoneAccount line1Number =  subNumber = 
07-28 21:24:16.346  4914  4914 D Telephony: color is transparent asign default instead -15502541
07-28 21:24:16.347 13122 13122 D OplusScrollToTopManager: setIsInWhiteList false
07-28 21:24:16.347 13122 13122 D OplusViewDebugManager: OplusViewDebugManager Constructor android.view.debug.OplusViewDebugManager@a64e2ff [mHasViewDebugProperty true] [mHasMsgDebugProperty false] [DEBUG false] [EXTRAINFOENABLE false] [LIGHT_OS false]
07-28 21:24:16.347  8641  9684 I metis_v2_KnowledgeManager: panta-sugg-Fire: count=1 [7f0000011753752215435235707360|p_7360_ae2ff9f@1|p_8641_e205d2c@1|com.oplus.metis]
07-28 21:24:16.347  4914  4914 D Telephony: isEmergencyPreferredAccount: subId=1, activeData=1
07-28 21:24:16.347  4914  4914 D Telephony: isEmergencyPreferredAccount: Device does not require preference.
07-28 21:24:16.347  6571  6643 E oiface  : sched_setaffinity failed
07-28 21:24:16.347  6571  6638 E oiface  : directSetTask: get cpuset path failed
07-28 21:24:16.347  4914  4914 I Telephony: isRttCurrentlySupported -- regular acct, hasVoiceAvailability: false
07-28 21:24:16.347  4914  4914 I Telephony:  isRttSupported: false
07-28 21:24:16.347  4914  4914 I Telephony:  isUserRttSettingOn: false
07-28 21:24:16.347  4914  4914 I Telephony:  alwaysAllowWhileRoaming: false
07-28 21:24:16.347  4914  4914 I Telephony:  isRoaming: false
07-28 21:24:16.347  4914  4914 I Telephony:  isOnWfc: false
07-28 21:24:16.347  4914  4914 D Telephony: x0: buildPstnPhoneAccount, phoneId: 0, mIsVideoCapable: false, 
07-28 21:24:16.347  4914  4914 D OplusSesImsManagerExt: feature:0, phoneId:0
07-28 21:24:16.347  4914  4914 D OplusSesImsManagerExt: getSubIdUsingPhoneId:1, phoneId:0
07-28 21:24:16.347  4914  4914 D OplusSesImsManagerExt: isEntitlementEnabled:false
07-28 21:24:16.347  4914  4914 D OplusSesImsManagerExt: isFeatureProvisionedOnDevice not enabled
07-28 21:24:16.347 13122 13122 D CompatChangeReporter: Compat change id reported: 242716250; UID 1000; state: ENABLED
07-28 21:24:16.347  4914  4914 D Telephony: registerPstnPhoneAccount mIsVideoCapable = false
07-28 21:24:16.348  4914  4914 W libc    : Access denied finding property "persist.vendor.mtk_uce_support"
07-28 21:24:16.348  4914  4914 I Telephony: isCarrierVideoPresenceSupported, false, false, false, false
07-28 21:24:16.348  4914  4914 I Telephony: reRegisterPstnPhoneAccount: subId: 1 - no change
07-28 21:24:16.349  4914  4914 D InternationalRoamingNotification: init
07-28 21:24:16.349  5211  5245 D VirtualCommService2: isSupport. true, true
07-28 21:24:16.349  4914  4914 D OplusVirtualCommUtils: isVirtualCommSupport, vRet: true
07-28 21:24:16.349  4914  4914 I OplusVirtualCommUtils: getVirtualCommDeviceType, vRet: 1
07-28 21:24:16.349  4914  4914 I OplusVirtualCommUtils: isConsumerDeviceType, deviceType: 1
07-28 21:24:16.349 13122 13122 W libc    : Access denied finding property "ro.odm.prev.product.name"
07-28 21:24:16.349  4914  4914 D InternationalRoamingNotification: do not createRoamingNotification for invalid Network
07-28 21:24:16.349  4914  4914 V OplusCustomizeCacheManager: queryCache name: sys.cache.common_customize_cache18016 param: null
07-28 21:24:16.349  4914  4914 V OplusCustomizeCacheManager: queryCache name: sys.cache.common_customize_cache18013 param: null
07-28 21:24:16.349  4914  4914 V OplusCustomizeCacheManager: queryCache name: sys.cache.common_customize_cache18014 param: null
07-28 21:24:16.349  4914  4914 V OplusCustomizeCacheManager: queryCache name: sys.cache.common_customize_cache18017 param: Bundle[{SETTING=BLOCK, BUSINESS=NCT-DATA}]
07-28 21:24:16.350  4914  4914 V SimultaneousCallingTracker: Received EVENT 101
07-28 21:24:16.350  4914  4914 V SimultaneousCallingTracker: generateVoiceCapablePhoneMapBasedOnUserAssociation: adding phoneId = 0
07-28 21:24:16.350  4914  4914 I SimultaneousCallingTracker: updatePhoneMapAndSimultaneousCallSupportMap: mVoiceCapablePhoneMap.size = 1
07-28 21:24:16.350  4914  4914 V SimultaneousCallingTracker: registerForImsRegistrationChanges: registering phoneId = 0
07-28 21:24:16.350  4914  4914 V SimultaneousCallingTracker: generateSimultaneousCallSupportMap: returning simultaneousCallSubSupportMap = Phone ID=0 - Simultaneous calling compatible phone IDs=[]; 
07-28 21:24:16.350  4914  4914 V SimultaneousCallingTracker: handleSimultaneousCallingSupportChanged
07-28 21:24:16.350 13122 13122 W ziparchive: Unable to open '/system_ext/framework/nfcvendorlib.dm': No such file or directory
07-28 21:24:16.350 13122 13122 W ziparchive: Unable to open '/system_ext/framework/nfcvendorlib.dm': No such file or directory
07-28 21:24:16.350  3414  5539 W ContentService: Observer is already registered. Pid is 4914
07-28 21:24:16.351 13122 13122 D nativeloader: Configuring clns-shared-7 for other apk /system_ext/framework/nfcvendorlib.jar. target_sdk_version=34, uses_libraries=ALL, library_path=/system_ext/priv-app/WirelessSettings/lib/arm64:/system_ext/priv-app/WirelessSettings/WirelessSettings.apk!/lib/arm64-v8a:/system/lib64:/system_ext/lib64, permitted_path=/data:/mnt/expand:/data/user_de/0/com.oplus.wirelesssettings:/system_ext/priv-app/WirelessSettings:/system/lib64:/system_ext/lib64
07-28 21:24:16.351 13122 13122 D nativeloader: Extending system_exposed_libraries: libbinauralrenderer_wrapper.qti.so:libhoaeffects.qti.so:libSloganJni.oplus.so:libsuperNight.oplus.so:libAPSClient-cmd-jni-extension.oplus.so:libsatellite_audio_jni.oplus.so:libortc_so.oplus.so:libsoundtouch.oplus.so:libsoundtouch_jni.oplus.so:libOplusStringJNI-extension.oplus.so:libsatellite_ostx_jni.oplus.so:libapssuspend-jni.oplus.so:libupdateprof.qti.so:libthermalclient.qti.so:libqape.qti.so:libqesdk_ndk_platform.qti.so:liblistenjni.qti.so
07-28 21:24:16.351  8641  9684 I System.out: 'park_precondition_home_02' 
07-28 21:24:16.352  8641  9684 I System.out: 'park_precondition_company_02' 
07-28 21:24:16.352  8641  9684 I System.out: 'UBIQUITOUS_SERVICE#assistant_screen#NOT_AT_HOME_301' 
07-28 21:24:16.352 13122 13122 D ApplicationLoaders: Returning zygote-cached class loader: /system_ext/framework/androidx.window.extensions.jar
07-28 21:24:16.352 13122 13122 D ApplicationLoaders: Returning zygote-cached class loader: /system_ext/framework/androidx.window.sidecar.jar
07-28 21:24:16.352  8641  9684 I System.out: 'UBIQUITOUS_SERVICE#assistant_screen#NOT_AT_OFFICE_401' 
07-28 21:24:16.354  8641  9684 I System.out: 'policy:NEAR_SUBWAY_BUS_STATION_2x4' 
07-28 21:24:16.354 13122 13122 D nativeloader: Configuring clns-shared-8 for other apk /system_ext/priv-app/WirelessSettings/WirelessSettings.apk. target_sdk_version=34, uses_libraries=, library_path=/system_ext/priv-app/WirelessSettings/lib/arm64:/system_ext/priv-app/WirelessSettings/WirelessSettings.apk!/lib/arm64-v8a:/system/lib64:/system_ext/lib64, permitted_path=/data:/mnt/expand:/data/user_de/0/com.oplus.wirelesssettings:/system_ext/priv-app/WirelessSettings:/system/lib64:/system_ext/lib64
07-28 21:24:16.357 13122 13122 V GraphicsEnvironment: Currently set values for:
07-28 21:24:16.357 13122 13122 V GraphicsEnvironment:   angle_gl_driver_selection_pkgs=[]
07-28 21:24:16.357 13122 13122 V GraphicsEnvironment:   angle_gl_driver_selection_values=[]
07-28 21:24:16.357 13122 13122 V GraphicsEnvironment: Global.Settings values are invalid: number of packages: 0, number of values: 0
07-28 21:24:16.358 13122 13122 D WS_OplusWirelessSettingsApp: onCreate, OplusWirelessSettingsApp
07-28 21:24:16.359  5260  5945 I MMKV    : <MMKV_IO.cpp:456::writeActualSize> [mmkv.default] increase sequence to 7752, crc 2326427129, actualSize 511
07-28 21:24:16.359 13122 13122 D LogUtils: initWirelessLog sIsQeAssert=false,sIsWifiOrBtLog=false
07-28 21:24:16.360  8641  9684 W metis_v2_TimeDurationCompare: [com.oplus.metis#UBIQUITOUS_SERVICE#scene#tips#TipScene_EXIT] 'timestamp' is not literal. [7f0000011753752215435235707360|p_7360_ae2ff9f@1|p_8641_e205d2c@1|com.oplus.metis]
07-28 21:24:16.361  3414  5990 I ActivityManager: Flag disabled. Ignoring finishAttachApplication from uid: 1000. pid: 13122
07-28 21:24:16.361  8641  9684 D SceneIntentPublisher: headAction: pkg is com.oplus.metis and simpleRuleName is UBIQUITOUS_SERVICE#secne#activity_coloros_reminder_tips
07-28 21:24:16.362 13122 13122 E ANDR-PERF-CLIENT-SYS: death recipent object is fine
07-28 21:24:16.362 13122 13122 W ttings:tzupdate: AIBinder_linkToDeath is being called with a non-null cookie and no onUnlink callback set. This might not be intended. AIBinder_DeathRecipient_setOnUnlinked should be called first.
07-28 21:24:16.363  3414  5990 W OplusSelfProtectManager: pkg[com.oplus.wirelesssettings] not in policy list
07-28 21:24:16.366  3414  5990 D ActivityManager: Async freezing 13122 com.oplus.wirelesssettings:tzupdate
07-28 21:24:16.369  8641  9684 D SceneIntentPublisher: headAction: pkg is com.oplus.metis and simpleRuleName is UBIQUITOUS_SERVICE#secne#activity_coloros_reminder_tips
07-28 21:24:16.369  4730  4747 W SQLiteLog: (28) double-quoted string literal: "timezone_tzdata_v2_files"
07-28 21:24:16.373  8641  9684 I System.out: 'UBIQUITOUS_SERVICE#assistant_screen#NOT_AT_HOME_301' 
07-28 21:24:16.373  8641  9684 I System.out: 'tempPropertyForGuideStatus' 
07-28 21:24:16.376  8641  9684 D SceneIntentPublisher: headAction: pkg is com.oplus.metis and simpleRuleName is UBIQUITOUS_SERVICE#secne#activity_coloros_reminder_tips
07-28 21:24:16.376  8641  9684 W metis_v2_TimeDurationCompare: [com.oplus.metis#UBIQUITOUS_SERVICE#scene#tips#TipScene_EXIT] 'timestamp' is not literal. [7f0000011753752215435235707360|p_7360_ae2ff9f@1|p_8641_e205d2c@1|com.oplus.metis]
07-28 21:24:16.384  8641  9501 I ContextAware_GetInstalledAppsInfo: Update cache
07-28 21:24:16.389  8641  9684 W metis_v2_AbsTimerTriggered: [com.oplus.metis#UBIQUITOUS_SERVICE#health#LAUNCH-HEALTH-APP]: periodicTriggered's parseArgsToTimer meet exception periodic timer's first execute start time must >= time range start [7f0000011753752215435235707360|p_7360_ae2ff9f@1|p_8641_e205d2c@1|com.oplus.metis]
07-28 21:24:16.389  8641  9684 W metis_v2_AbsTimerTriggered: [com.oplus.metis#UBIQUITOUS_SERVICE#health#LAUNCH-HEALTH-APP]: please check if builtin periodicTriggered's args is valid [7f0000011753752215435235707360|p_7360_ae2ff9f@1|p_8641_e205d2c@1|com.oplus.metis]
07-28 21:24:16.394  8641  9684 I System.out: 'UBIQUITOUS_SERVICE#assistant_screen#NOT_AT_OFFICE_401' 
07-28 21:24:16.394  8641  9684 I metis_v2_KnowledgeManager: panta-sugg-Fire takes 47 milliseconds. [7f0000011753752215435235707360|p_7360_ae2ff9f@1|p_8641_e205d2c@1|com.oplus.metis]
07-28 21:24:16.394  8641  9684 I ContextAware_PantanalIntentManager: intent (id-14111004+policyName-CLEAN_STORAGE) is not found in scene_intent_config [7f0000011753752215435235707360|p_7360_ae2ff9f@1|p_8641_e205d2c@1|com.oplus.metis]
07-28 21:24:16.396  8641  9684 I metis_v2_SceneTravelingAdapter: recallTravellingIntent: [] [7f0000011753752215435235707360|p_7360_ae2ff9f@1|p_8641_e205d2c@1|com.oplus.metis]
07-28 21:24:16.396  8641  9684 I ContextAware_ContextAware_SceneIntentManager: mLastIntentDataSet: [] [7f0000011753752215435235707360|p_7360_ae2ff9f@1|p_8641_e205d2c@1|com.oplus.metis]
07-28 21:24:16.396  8641  9684 I ContextAware_ContextAware_SceneIntentManager: intentList: [IntentDataDTO(intent=IntentDTO=[sceneId=220500200, intentId=14111005, isExited=false, source=0, ownerId=com.oplus.metis, action=14111005, policyName=SUBSTITUTE_SCENE, serviceId=, sendExitedIntent=true, repeatable=false, sceneScore=-1.0, position=right, level=2, type=1, serviceInstanceId=null, isSupportMultiInstance=false, settingsPreference=null], items=[]), IntentDataDTO(intent=IntentDTO=[sceneId=210000000, intentId=12121002, isExited=true, source=0, ownerId=com.oplus.metis, action=12121002, policyName=TAKEOUT_ORDER_STATUS_CHANGE, serviceId=, sendExitedIntent=false, repeatable=false, sceneScore=-1.0, position=left, level=1, type=1, serviceInstanceId=null, isSupportMultiInstance=false, settingsPreference=null], items=[]), IntentDataDTO(intent=IntentDTO=[sceneId=null, intentId=14111004, isExited=true, source=0, ownerId=com.oplus.metis, action=14111004, policyName=CLEAN_STORAGE, serviceId=, sendExitedIntent=false, repeatable=false, sceneScore=-1.0, position=null, level=0, type=1, serviceInstanceId=null, isSupportMultiInstance=false, settingsPreference=null], items=[]), IntentDataDTO(intent=IntentDTO=[sceneId=null, intentId=12121002, isExited=true, source=0, ownerId=com.oplus.metis, action=12121002, policyName=TAKEOUT_ORDER_STATUS_CHANGE, serviceId=, sendExitedIntent=false, repeatable=false, sceneScore=-1.0, position=null, level=0, type=1, serviceInstanceId=null, isSupportMultiInstance=false, settingsPreference=null], items=[])] [7f0000011753752215435235707360|p_7360_ae2ff9f@1|p_8641_e205d2c@1|com.oplus.metis]
07-28 21:24:16.396  8641  9684 I ContextAware_ContextAware_SceneIntentManager: missedIntent: [] [7f0000011753752215435235707360|p_7360_ae2ff9f@1|p_8641_e205d2c@1|com.oplus.metis]
07-28 21:24:16.396  8641  9684 I metis_v2_SceneIntentManager: panta-sugg-Published intents: [7f0000011753752215435235707360|p_7360_ae2ff9f@1|p_8641_e205d2c@1|com.oplus.metis]
07-28 21:24:16.396  8641  9684 I metis_v2_SceneIntentManager: panta-sugg-IntentDataDTO(intent=IntentDTO=[sceneId=220500200, intentId=14111005, isExited=false, source=0, ownerId=com.oplus.metis, action=14111005, policyName=SUBSTITUTE_SCENE, serviceId=, sendExitedIntent=true, repeatable=false, sceneScore=-1.0, position=right, level=2, type=1, serviceInstanceId=null, isSupportMultiInstance=false, settingsPreference=null], items=[]) [7f0000011753752215435235707360|p_7360_ae2ff9f@1|p_8641_e205d2c@1|com.oplus.metis]
07-28 21:24:16.397  8641  9684 I metis_v2_SceneIntentManager: panta-sugg-IntentDataDTO(intent=IntentDTO=[sceneId=210000000, intentId=12121002, isExited=true, source=0, ownerId=com.oplus.metis, action=12121002, policyName=TAKEOUT_ORDER_STATUS_CHANGE, serviceId=, sendExitedIntent=false, repeatable=false, sceneScore=-1.0, position=left, level=1, type=1, serviceInstanceId=null, isSupportMultiInstance=false, settingsPreference=null], items=[]) [7f0000011753752215435235707360|p_7360_ae2ff9f@1|p_8641_e205d2c@1|com.oplus.metis]
07-28 21:24:16.397  8641  9684 I metis_v2_SceneIntentManager: panta-sugg-IntentDataDTO(intent=IntentDTO=[sceneId=null, intentId=14111004, isExited=true, source=0, ownerId=com.oplus.metis, action=14111004, policyName=CLEAN_STORAGE, serviceId=, sendExitedIntent=false, repeatable=false, sceneScore=-1.0, position=null, level=0, type=1, serviceInstanceId=null, isSupportMultiInstance=false, settingsPreference=null], items=[]) [7f0000011753752215435235707360|p_7360_ae2ff9f@1|p_8641_e205d2c@1|com.oplus.metis]
07-28 21:24:16.397  8641  9684 I metis_v2_SceneIntentManager: panta-sugg-IntentDataDTO(intent=IntentDTO=[sceneId=null, intentId=12121002, isExited=true, source=0, ownerId=com.oplus.metis, action=12121002, policyName=TAKEOUT_ORDER_STATUS_CHANGE, serviceId=, sendExitedIntent=false, repeatable=false, sceneScore=-1.0, position=null, level=0, type=1, serviceInstanceId=null, isSupportMultiInstance=false, settingsPreference=null], items=[]) [7f0000011753752215435235707360|p_7360_ae2ff9f@1|p_8641_e205d2c@1|com.oplus.metis]
07-28 21:24:16.397  8641  9685 I DeepThinkerSDK: [APP] ClientConnection: getDeepThinkerBridge start
07-28 21:24:16.397  8641  9685 I DeepThinkerSDK: [APP] ClientConnection: getDeepThinkerBridge end
07-28 21:24:16.398  8641  9684 I ContextAware_MetisStatistics: uploadMetisIntentData enter {intent_source=0, intent_action=14111005, exit_type=, rule_name=UBIQUITOUS_SERVICE#secne#activity_coloros_reminder_tips, service_id=, scene_id=220500200, policy_name=SUBSTITUTE_SCENE, is_exited=false, intent_id=14111005, timestamp=1753752256398} [7f0000011753752215435235707360|p_7360_ae2ff9f@1|p_8641_e205d2c@1|com.oplus.metis]
07-28 21:24:16.399  8641  9684 I ContextAware_PantanalIntentManager: getCloudIntentConfig [7f0000011753752215435235707360|p_7360_ae2ff9f@1|p_8641_e205d2c@1|com.oplus.metis]
07-28 21:24:16.403  8641  9684 I ContextAware_PantanalIntentManager: getDownLoadConfig [7f0000011753752215435235707360|p_7360_ae2ff9f@1|p_8641_e205d2c@1|com.oplus.metis] [base|com.oplus.metis|1.5.5-f48228a]
07-28 21:24:16.417  8641  9684 I ContextAware_PantanalIntentManager: selectNewestConfig, assetVersion 202505301103, downloadVersion 202507161101 [7f0000011753752215435235707360|p_7360_ae2ff9f@1|p_8641_e205d2c@1|com.oplus.metis]
07-28 21:24:16.423  8641  9684 I ContextAware_PantanalIntentManager: getCloudIntentConfig, cache cloud intent config [7f0000011753752215435235707360|p_7360_ae2ff9f@1|p_8641_e205d2c@1|com.oplus.metis]
07-28 21:24:16.423  8641  9684 I ContextAware_PantanalIntentLruCache: create, key=14111004-CLEAN_STORAGE, create time=24 LruCache[maxSize=120,hits=118,misses=5,hitRate=95%] cacheSize=15 [7f0000011753752215435235707360|p_7360_ae2ff9f@1|p_8641_e205d2c@1|com.oplus.metis]
07-28 21:24:16.424  8641  9684 I ContextAware_DecisionIntentProvider: uriPath:/negative_screen [7f0000011753752215435235707360|p_7360_ae2ff9f@1|p_8641_e205d2c@1|com.oplus.metis]
07-28 21:24:16.424  8641  9684 I ContextAware_DecisionIntentProvider: mAssistantScreenList:[] [7f0000011753752215435235707360|p_7360_ae2ff9f@1|p_8641_e205d2c@1|com.oplus.metis]
07-28 21:24:16.424  8641  9684 I DataCollector_SortAlgorithmManager.SortCommonUtil: mIntentList is empty. [7f0000011753752215435235707360|p_7360_ae2ff9f@1|p_8641_e205d2c@1|com.oplus.metis]
07-28 21:24:16.424  8641 10907 E ContextAware_SortAlgorithmManager.ReorderProcessor.GuaranteedIntentManager: removeExternalIntent mExternalGuaranteedList invalid
07-28 21:24:16.424  8641 10449 E ContextAware_SortAlgorithmManager.ReorderProcessor.GuaranteedIntentManager: removeExternalIntent mExternalGuaranteedList invalid
07-28 21:24:16.424  8641  9706 E ContextAware_SortAlgorithmManager.ReorderProcessor.GuaranteedIntentManager: removeExternalIntent mExternalGuaranteedList invalid
07-28 21:24:16.424  8641  9684 I metis_v2_KnowledgeManager: DUMP FACTS IN TREE: [7f0000011753752215435235707360|p_7360_ae2ff9f@1|p_8641_e205d2c@1|com.oplus.metis]
07-28 21:24:16.424  8641 10707 I ContextAware_ContextAware_SortAlgorithmManager.SendMsg: Log Segmented Print(1):sortForBatchRemoveIntentChange pantanalIntentList = [PantanalIntent(sceneId=210000000, intentId=12121002, policyName='TAKEOUT_ORDER_STATUS_CHANGE', sceneInstanceId=null, intentSrc=0, finalScore=-1.0, subDomain='takeout', action='pantanal.intent.takeout.VIEW_ORDER_PROGRESS', defaultScore=11.0, sortable=false, paramsFromUserPolicy=ParamsFromUserPolicy(exposureArgs=[], exposureFunc=-1, clickArgs=[], clickFunc=-1, timeArgs=[], timeFunc=-1, delayExposureArgs=null, delayClickArgs=null), cannotReduceRecommend=false, reduceReplaceKey=, isUnrecoverable=false, dropRepeatKey=, dropRepeatMode=-1, paramsFromService=content-length:2, isParamsSendToSeedling=false, forceRebuildSeedling=false, seedlingUiPolicy=0, paramsFromHabit=null, serviceList=null, serviceSelectPolicy=0, serviceSelectWeight=null, serviceId=, serviceIdFrom=null, recallScore=null, rankScore=-1.0, rerankScore=-1.0, requestId=null, userPolicyScore=-1.0, domain='life_service', cloudExtInfo=null, operation=1, showCount=0, clickCount=0, exposureTime=0, dtExperimentParams=null, createTime=1753752256423, lastUpdateTime=1753752256423, expireTime=240, , originalUpdateTime=1753752256423, sortRelatedId=0, addRelatedId=0, decisionHistoryList=null, businessData=null, cardOptions=null, instanceId=null, protectEnable=true, protectPolicy=ProtectPolicy(event=0, initialDuration=7, deltaDuration=3, startRatio=70, endRatio=10, stepRatio=20), addMinProb=0.4, probAdj=1.0, lastSortType=0, configVersion=202507161101, algorithmVersion=, recommendServiceList=null, removeTriggerValue=0.2, algorithmTimeRule=[], ruleRemoveByAlgorithm=false, containServiceId=false, dropRepeatType=0, dropRepeatScore=0, delayDismiss=0, attenuationType=-1, attenuationFunc=-1, shouldFocus=false, focusTimestamp=null, orderID=null, serviceTimeStamp=0, serviceInstanceId=null, showType=0,delayExposureTimestamp=0, delayClickTimestamp=0, isSupportMultiInstance=false, , PantanalIntent(sceneId=null, intentId=14111004, policyName='CLEAN_STORAGE', sceneInstanceId=null, intentSrc=0, finalScore=-1.0, subDomain='clear_memory', action='pantanal.intent.system.CLEAN_UP_STORAGE', defaultScore=0.8, sortable=true, paramsFromUserPolicy=ParamsFromUserPolicy(exposureArgs=[20.0, 5.0], exposureFunc=2, clickArgs=[2.0], clickFunc=1, timeArgs=[], timeFunc=-1, delayExposureArgs=null, delayClickArgs=null), cannotReduceRecommend=false, reduceReplaceKey=, isUnrecoverable=false, dropRepeatKey=, dropRepeatMode=-1, paramsFromService=content-length:2, isParamsSendToSeedling=false, forceRebuildSeedling=false, seedlingUiPolicy=0, paramsFromHabit=null, serviceList=null, serviceSelectPolicy=0, serviceSelectWeight=null, serviceId=, serviceIdFrom=null, recallScore=null, rankScore=-1.0, rerankScore=-1.0, requestId=null, userPolicyScore=-1.0, domain='system_settings', cloudExtInfo=null, operation=1, showCount=0, clickCount=0, exposureTime=0, dtExperimentParams=null, createTime=1753752256423, lastUpdateTime=1753752256423, expireTime=240, , originalUpdateTime=1753752256423, sortRelatedId=100710040000, addRelatedId=0, decisionHistoryList=null, businessData=null, cardOptions=null, instanceId=null, protectEnable=true, protectPolicy=ProtectPolicy(event=0, initialDuration=0, deltaDuration=1, startRatio=20, endRatio=5, stepRatio=5), addMinProb=0.4, probAdj=1.0, lastSortType=0, configVersion=202507161101, algorithmVersion=, recommendServiceList=null, removeTriggerValue=0.2, algorithmTimeRule=[], ruleRemoveByAlgorithm=false, containServiceId=false, dropRepeatType=0, dropRepeatScore=0, delayDismiss=0, attenuationType=-1, attenuationFunc=-1, shouldFocus=false, focusTimestamp=null, orderID=null, serviceTimeStamp=0, serviceInstanceId=null, showType=0,delayExposureTimestamp=0, delayClickTimestamp=0, isSupportMultiInstance=false, , PantanalIntent(sceneId=null, intentId=12121002, policyName='TAKEOUT_ORDER_STATUS_CHANGE', sceneInstanceId=null, intentSrc=0, finalScore=-1.0, subDomain='takeout', action='pantanal.intent.takeout.VIEW_ORDER_PROGRESS', defaultScore=11.0,
07-28 21:24:16.424  8641 10707 I ContextAware_ContextAware_SortAlgorithmManager.SendMsg: Log Segmented Print(2): sortable=false, paramsFromUserPolicy=ParamsFromUserPolicy(exposureArgs=[], exposureFunc=-1, clickArgs=[], clickFunc=-1, timeArgs=[], timeFunc=-1, delayExposureArgs=null, delayClickArgs=null), cannotReduceRecommend=false, reduceReplaceKey=, isUnrecoverable=false, dropRepeatKey=, dropRepeatMode=-1, paramsFromService=content-length:2, isParamsSendToSeedling=false, forceRebuildSeedling=false, seedlingUiPolicy=0, paramsFromHabit=null, serviceList=null, serviceSelectPolicy=0, serviceSelectWeight=null, serviceId=, serviceIdFrom=null, recallScore=null, rankScore=-1.0, rerankScore=-1.0, requestId=null, userPolicyScore=-1.0, domain='life_service', cloudExtInfo=null, operation=1, showCount=0, clickCount=0, exposureTime=0, dtExperimentParams=null, createTime=1753752256423, lastUpdateTime=1753752256423, expireTime=240, , originalUpdateTime=1753752256423, sortRelatedId=0, addRelatedId=0, decisionHistoryList=null, businessData=null, cardOptions=null, instanceId=null, protectEnable=true, protectPolicy=ProtectPolicy(event=0, initialDuration=7, deltaDuration=3, startRatio=70, endRatio=10, stepRatio=20), addMinProb=0.4, probAdj=1.0, lastSortType=0, configVersion=202507161101, algorithmVersion=, recommendServiceList=null, removeTriggerValue=0.2, algorithmTimeRule=[], ruleRemoveByAlgorithm=false, containServiceId=false, dropRepeatType=0, dropRepeatScore=0, delayDismiss=0, attenuationType=-1, attenuationFunc=-1, shouldFocus=false, focusTimestamp=null, orderID=null, serviceTimeStamp=0, serviceInstanceId=null, showType=0,delayExposureTimestamp=0, delayClickTimestamp=0, isSupportMultiInstance=false, ]
07-28 21:24:16.425  8641 10707 I ContextAware_SortAlgorithmManager.SendMsg: sortForBatchRemoveIntentChange : batchIntentList is empty Just return
07-28 21:24:16.425  8641 10707 I ContextAware_SortAlgorithmManager.SendMsg: sortForBatchIntentChange batchIntent = PantanalIntent(sceneId=220500200, intentId=14111005, policyName='SUBSTITUTE_SCENE', sceneInstanceId=null, intentSrc=0, finalScore=-1.0, subDomain='tips', action='pantanal.intent.system.VIEW_TIPS', defaultScore=2.0, sortable=true, paramsFromUserPolicy=ParamsFromUserPolicy(exposureArgs=[], exposureFunc=-1, clickArgs=[], clickFunc=-1, timeArgs=[], timeFunc=-1, delayExposureArgs=null, delayClickArgs=null), cannotReduceRecommend=false, reduceReplaceKey=, isUnrecoverable=false, dropRepeatKey=, dropRepeatMode=-1, paramsFromService=content-length:2, isParamsSendToSeedling=false, forceRebuildSeedling=false, seedlingUiPolicy=0, paramsFromHabit=null, serviceList=null, serviceSelectPolicy=0, serviceSelectWeight=null, serviceId=, serviceIdFrom=null, recallScore=null, rankScore=-1.0, rerankScore=-1.0, requestId=null, userPolicyScore=-1.0, domain='system_settings', cloudExtInfo=null, operation=0, showCount=0, clickCount=0, exposureTime=0, dtExperimentParams=null, createTime=1753752256423, lastUpdateTime=1753752256423, expireTime=240, , originalUpdateTime=1753752256423, sortRelatedId=0, addRelatedId=0, decisionHistoryList=null, businessData=null, cardOptions=null, instanceId=null, protectEnable=true, protectPolicy=ProtectPolicy(event=0, initialDuration=7, deltaDuration=3, startRatio=70, endRatio=10, stepRatio=20), addMinProb=0.4, probAdj=1.0, lastSortType=0, configVersion=202507161101, algorithmVersion=, recommendServiceList=null, removeTriggerValue=0.2, algorithmTimeRule=[], ruleRemoveByAlgorithm=false, containServiceId=false, dropRepeatType=0, dropRepeatScore=0, delayDismiss=0, attenuationType=-1, attenuationFunc=-1, shouldFocus=false, focusTimestamp=null, orderID=null, serviceTimeStamp=0, serviceInstanceId=null, showType=0,delayExposureTimestamp=0, delayClickTimestamp=0, isSupportMultiInstance=false, 
07-28 21:24:16.425  8641 10907 I ContextAware_DailyStatisticsRecorder: Increase context change count: MESSAGE_10_cnt, value: 1
07-28 21:24:16.425  8641 10707 I ContextAware_SortAlgorithmManager.SendMsg: sendMessage msgWhat = 10
07-28 21:24:16.425  8641  9678 I ContextAware_SortAlgorithmManager: message:10
07-28 21:24:16.425  8641  9678 I ContextAware_IntentSwitchManager: getSubSwitchStatus = {tips=true}
