08-14 21:48:14.906 D/nativeloader( 8148): Configuring clns-shared-4 for other apk /apex/com.android.btservices/app/BluetoothGoogle@341613210/BluetoothGoogle.apk. target_sdk_version=34, uses_libraries=, library_path=/apex/com.android.btservices/app/BluetoothGoogle@341613210/lib/arm64:/system/lib64:/system_ext/lib64, permitted_path=/data:/mnt/expand:/data/user_de/0/com.google.android.bluetooth:/apex/com.android.btservices/app/BluetoothGoogle@341613210:/system/lib64:/system_ext/lib64
08-14 21:48:14.907 D/nativeloader( 8148): InitApexLibraries:
08-14 21:48:14.907 D/nativeloader( 8148):   com_android_adservices: libhpke_jni.so:libtflite_support_classifiers_native.so
08-14 21:48:14.907 D/nativeloader( 8148):   com_android_appsearch: libicing.so
08-14 21:48:14.907 D/nativeloader( 8148):   com_android_art: libartservice.so
08-14 21:48:14.907 D/nativeloader( 8148):   com_android_btservices: libbluetooth_jni.so
08-14 21:48:14.907 D/nativeloader( 8148):   com_android_conscrypt: libjavacrypto.so
08-14 21:48:14.907 D/nativeloader( 8148):   com_android_os_statsd: libstats_jni.so
08-14 21:48:14.907 D/nativeloader( 8148):   com_android_tethering: libandroid_net_connectivity_com_android_net_module_util_jni.so:libframework-connectivity-jni.so:libframework-connectivity-tiramisu-jni.so:libmainlinecronet.114.0.5735.84.so:libservice-connectivity.so
08-14 21:48:14.907 D/nativeloader( 8148):   com_android_uwb: libuwb_uci_jni_rust.so
08-14 21:48:14.907 D/nativeloader( 8148):   com_android_virt: libvirtualizationservice_jni.so:libvirtualmachine_jni.so
08-14 21:48:14.911 V/GraphicsEnvironment( 8148): Currently set values for:
08-14 21:48:14.911 V/GraphicsEnvironment( 8148):   angle_gl_driver_selection_pkgs=[com.android.angle, com.linecorp.b612.android, com.campmobile.snow, com.google.android.apps.tachyon]
08-14 21:48:14.911 V/GraphicsEnvironment( 8148):   angle_gl_driver_selection_values=[angle, native, native, native]
08-14 21:48:14.911 V/GraphicsEnvironment( 8148): com.google.android.bluetooth is not listed in per-application setting
08-14 21:48:14.911 V/GraphicsEnvironment( 8148): Neither updatable production driver nor prerelease driver is supported.
08-14 21:48:14.912 I/pixel-thermal( 1729): THERMAL_GENL_EVENT_TZ_TRIP_UP
08-14 21:48:14.912 I/pixel-thermal( 1729): Thermal zone id: 33
08-14 21:48:14.912 I/pixel-thermal( 1729): Thermal zone trip id: 0
08-14 21:48:14.912 I/pixel-thermal( 1729): TZ Path: /sys/devices/virtual/thermal/thermal_zone33/type
08-14 21:48:14.912 I/pixel-thermal( 1729): TZ type: ocp_cpu1
08-14 21:48:14.912 I/pixel-thermal( 1729): THERMAL_GENL_EVENT_TZ_TRIP_UP
08-14 21:48:14.912 I/pixel-thermal( 1729): Thermal zone id: 35
08-14 21:48:14.912 I/pixel-thermal( 1729): Thermal zone trip id: 0
08-14 21:48:14.912 I/pixel-thermal( 1729): TZ Path: /sys/devices/virtual/thermal/thermal_zone35/type
08-14 21:48:14.912 I/pixel-thermal( 1729): TZ type: soft_ocp_cpu1
08-14 21:48:14.915 D/DataMigration( 8148): Legacy migration skiped: already completed
08-14 21:48:14.918 D/BluetoothAdapterService( 8148): Loading JNI Library
08-14 21:48:14.920 I/modem_svc(  972): Got userspace log indication
08-14 21:48:14.920 D/modem_svc(  972): Modem: [GRPT][Confpack] testsim, stack[0]
08-14 21:48:14.921 I/SHANNON_IMS( 2284): 1818 [ADAP] SOL RX{RILC_REQ_AIMS_STACK_START_REQ}  status : STATUS_SUCCESS [sim-status : 0  stack-type : 2] (SolicitedMessage%handleMessage:66)
08-14 21:48:14.921 I/SHANNON_IMS( 2284): 1819 [ADAP] SOL RX{RILC_REQ_AIMS_STACK_START_REQ}  status : STATUS_SUCCESS [sim-status : 1  stack-type : 1] (SolicitedMessage%handleMessage:66)
08-14 21:48:14.921 D/IwlanNetworkService$IwlanNetworkServiceHandler( 2562): msg.what = EVENT_NETWORK_REGISTRATION_INFO_REQUEST
08-14 21:48:14.921 I/SHANNON_IMS( 2284): 1820 [ADAP] SOL RX{RILC_REQ_AIMS_SET_FRAME_TIME}  status : STATUS_SUCCESS [SLID:0 ] (SolicitedMessage%handleMessage:66)
08-14 21:48:14.923 D/IwlanNetworkService$IwlanNetworkServiceHandler[0]( 2562): : reg state REGISTRATION_STATE_NOT_REGISTERED_SEARCHING
08-14 21:48:14.925 I/SHANNON_IMS( 2284): 1821 [ADAP] SOL RX{RILC_REQ_AIMS_SET_FRAME_TIME}  status : STATUS_SUCCESS [SLID:1 ] (SolicitedMessage%handleMessage:66)
08-14 21:48:14.925 I/bt_stack_config( 8148): packages/modules/Bluetooth/system/main/stack_config.cc:194 - get_pts_broadcast_audio_config_options: Config isn't ready, use default option
08-14 21:48:14.925 D/RILClient( 1099): [OemClient]IND: (clientId = 0, msgId = 4021, dataLength = 1, channel = 0)
08-14 21:48:14.925 D/RILClient( 1099): [OemClient]IND: (clientId = 0, msgId = 4027, dataLength = 1, channel = 0)
08-14 21:48:14.925 D/RILClient( 1111): [OemClient]IND: (clientId = 1, msgId = 4021, dataLength = 1, channel = 0)
08-14 21:48:14.925 I/LibSITRil-Gps( 1111): SITRilClient__OnUnsolicitedResponse() msgId(4021), data(0x0x779f9890d0), length(1)
08-14 21:48:14.925 I/LibSITRil-Gps( 1111): SITRilClient__OnUnsolicitedResponse() RILC_UNSOL_GPS_LOCK_MODE = 4021
08-14 21:48:14.926 D/RILClient( 1111): [OemClient]IND: (clientId = 1, msgId = 4027, dataLength = 1, channel = 0)
08-14 21:48:14.926 D/gpsd    ( 1111): WakeLock(Acquire,GPSD)
08-14 21:48:14.926 I/LibSITRil-Gps( 1111): SITRilClient__OnUnsolicitedResponse() msgId(4027), data(0x0x779f9891a8), length(1)
08-14 21:48:14.926 I/LibSITRil-Gps( 1111): SITRilClient__OnUnsolicitedResponse() RILC_UNSOL_GPS_NFW_MODE = 4027
08-14 21:48:14.926 D/RILClient( 1099): [OemClient]IND: (clientId = 0, msgId = 1002, dataLength = 4, channel = 0)
08-14 21:48:14.926 D/RILClient( 1111): [OemClient]IND: (clientId = 1, msgId = 1002, dataLength = 4, channel = 0)
08-14 21:48:14.926 I/LibSITRil-Gps( 1111): SITRilClient__OnUnsolicitedResponse() msgId(1002), data(0x0x779f989280), length(4)
08-14 21:48:14.926 I/droid.bluetooth( 8148): [0814/214814.925761:INFO:btif_config_cache.cc(70)] BtifConfigCache, capacity: 10000
08-14 21:48:14.926 I/LibSITRil-Gps( 1111): SITRilClient__OnUnsolicitedResponse() Unkonwn msgId = 1002
08-14 21:48:14.926 D/RILClient(  972): [OemClient]IND: (clientId = 8, msgId = 4021, dataLength = 1, channel = 0)
08-14 21:48:14.926 D/RILClient(  972): [OemClient]IND: (clientId = 8, msgId = 4027, dataLength = 1, channel = 0)
08-14 21:48:14.926 D/RILClient(  972): [OemClient]IND: (clientId = 8, msgId = 1002, dataLength = 4, channel = 0)
08-14 21:48:14.926 I/LibSITRil-Gps( 1111): RequestAGPS: msgId=216 data=0x7fd1b86670 data_len=1 callback=0x6266ee5a04
08-14 21:48:14.926 D/RILClient( 1111): [OemClient]REQ (clientId = 1, t = 38, msgId = 216, len = 1 channel = 0)
08-14 21:48:14.926 D/RILClient( 1099): [OemClient]IND: (clientId = 0, msgId = 8006, dataLength = 4, channel = 0)
08-14 21:48:14.926 D/RILClient(  972): [OemClient]IND: (clientId = 8, msgId = 8006, dataLength = 4, channel = 0)
08-14 21:48:14.926 I/LibSITRil-Gps( 1111): RequestAGPS: msgId=235 data=0x7fd1b86700 data_len=1 callback=0x6266ee5a04
08-14 21:48:14.926 D/RILClient( 1111): [OemClient]REQ (clientId = 1, t = 39, msgId = 235, len = 1 channel = 0)
08-14 21:48:14.926 D/OemSlsiRadioExternalInd( 2235): Unsol response received for 
08-14 21:48:14.926 V/OemSlsiRadioExternalInd( 2235): [UNSL]< unsupported request. id=1002 [SUB0]
08-14 21:48:14.926 D/OemSlsiRadioExternalInd( 2306): Unsol response received for 
08-14 21:48:14.926 V/OemSlsiRadioExternalInd( 2306): [UNSL]< unsupported request. id=1002 [SUB0]
08-14 21:48:14.926 D/OemSlsiRadioExternalInd( 2306): Unsol response received for 
08-14 21:48:14.926 D/RILClient(  912): [OemClient]IND: (clientId = 5, msgId = 1002, dataLength = 4, channel = 0)
08-14 21:48:14.927 I/SHANNON_IMS( 2284): 1824 [NETW] #:PURP:# UNSOL {RILC_UNSOL_RADIO_STATE_CHANGED} : com.shannon.imsservice.network.adaptor.data.RilIndRadioStatusChanged@dd85f83  (NetworkAdaptor$AdaptorChannel%onMessage:306)
08-14 21:48:14.927 I/SHANNON_IMS( 2284): 1826 [NETW] #:PURP:# UNSOL {RILC_UNSOL_RADIO_STATE_CHANGED} : com.shannon.imsservice.network.adaptor.data.RilIndRadioStatusChanged@48cc500  (NetworkAdaptor$AdaptorChannel%onMessage:306)
08-14 21:48:14.928 D/PowerManagerListenOnlyEvaluator( 2946): 5G Power Manager In Listen Only Mode: Due To Battery Charging
08-14 21:48:14.930 D/IwlanNetworkService$IwlanNetworkServiceHandler( 2562): msg.what = EVENT_NETWORK_REGISTRATION_INFO_REQUEST
08-14 21:48:14.930 D/PowerManagerDecision( 2946): Telephony API
08-14 21:48:14.930 D/RILClient( 1111): [OemClient]RSP: (clientId = 1, t = 38, msgId = 216, len = 0, channel = 0, status = 0)
08-14 21:48:14.930 D/CompatibilityChangeReporter( 8148): Compat change id reported: 263076149; UID 1002; state: ENABLED
08-14 21:48:14.931 I/SHANNON_IMS( 2284): 1830 [ADAP] SOL RX{RILC_REQ_AIMS_XCAPM_START_REQ}  status : STATUS_SUCCESS [sim-status : 1  stack-type : 1] (SolicitedMessage%handleMessage:66)
08-14 21:48:14.931 D/ThermalStatusMonitor( 2946): Starting PollerService
08-14 21:48:14.931 I/AdapterServiceConfig( 8148): init: profile=A2DP, enabled=true
08-14 21:48:14.931 I/AdapterServiceConfig( 8148): init: profile=A2DP_SINK, enabled=false
08-14 21:48:14.931 I/AdapterServiceConfig( 8148): init: profile=AVRCP, enabled=true
08-14 21:48:14.931 I/AdapterServiceConfig( 8148): init: profile=AVRCP_CONTROLLER, enabled=false
08-14 21:48:14.931 I/AdapterServiceConfig( 8148): init: profile=LE_AUDIO_BROADCAST_ASSISTANT, enabled=false
08-14 21:48:14.931 I/AdapterServiceConfig( 8148): init: profile=BATTERY, enabled=true
08-14 21:48:14.932 I/AdapterServiceConfig( 8148): init: profile=CSIP_SET_COORDINATOR, enabled=false
08-14 21:48:14.932 I/AdapterServiceConfig( 8148): init: profile=HAP_CLIENT, enabled=false
08-14 21:48:14.932 D/IwlanNetworkService$IwlanNetworkServiceHandler[0]( 2562): : reg state REGISTRATION_STATE_NOT_REGISTERED_SEARCHING
08-14 21:48:14.932 I/AdapterServiceConfig( 8148): init: profile=HEADSET, enabled=true
08-14 21:48:14.932 I/AdapterServiceConfig( 8148): init: profile=HEADSET_CLIENT, enabled=false
08-14 21:48:14.932 I/AdapterServiceConfig( 8148): init: profile=HEARING_AID, enabled=true
08-14 21:48:14.932 I/AdapterServiceConfig( 8148): init: profile=HID_DEVICE, enabled=true
08-14 21:48:14.932 I/AdapterServiceConfig( 8148): init: profile=HID_HOST, enabled=true
08-14 21:48:14.932 I/AdapterServiceConfig( 8148): init: profile=GATT, enabled=true
08-14 21:48:14.932 I/AdapterServiceConfig( 8148): init: profile=LE_AUDIO, enabled=false
08-14 21:48:14.932 I/AdapterServiceConfig( 8148): init: profile=LE_AUDIO_BROADCAST, enabled=false
08-14 21:48:14.932 I/AdapterServiceConfig( 8148): init: profile=LE_CALL_CONTROL, enabled=false
08-14 21:48:14.932 I/AdapterServiceConfig( 8148): init: profile=MAP, enabled=true
08-14 21:48:14.932 I/AdapterServiceConfig( 8148): init: profile=MAP_CLIENT, enabled=false
08-14 21:48:14.932 I/AdapterServiceConfig( 8148): init: profile=MCP_SERVER, enabled=false
08-14 21:48:14.932 I/AdapterServiceConfig( 8148): init: profile=OPP, enabled=true
08-14 21:48:14.932 I/AdapterServiceConfig( 8148): init: profile=PAN, enabled=true
08-14 21:48:14.932 I/AdapterServiceConfig( 8148): init: profile=PBAP, enabled=true
08-14 21:48:14.932 I/AdapterServiceConfig( 8148): init: profile=PBAP_CLIENT, enabled=false
08-14 21:48:14.932 I/AdapterServiceConfig( 8148): init: profile=SAP, enabled=true
08-14 21:48:14.932 I/AdapterServiceConfig( 8148): init: profile=VOLUME_CONTROL, enabled=false
08-14 21:48:14.932 I/BluetoothMetricsLogger( 8148): setCounterMetricsAlarm()
08-14 21:48:14.932 D/RILClient( 1111): [OemClient]RSP: (clientId = 1, t = 39, msgId = 235, len = 0, channel = 0, status = 0)
08-14 21:48:14.933 D/CellularThermal( 2946): Triggering reevaluation of current cellular thermal mitigation
08-14 21:48:14.933 D/CellularThermal( 2946): Telephony API
08-14 21:48:14.937 D/rild_exynos( 1117): RilAudioClientImpl NotifyCsCallInfoToAudioService() NotifyCsCallInfoToAudioService
08-14 21:48:14.937 D/rild_exynos( 1117): RilAudioClientImpl NotifyCsCallInfoToAudioService() sending CS call info: 0 call(s)
08-14 21:48:14.937 D/audio_hw(  881): CS call:
08-14 21:48:14.937 D/rild_exynos( 1117): RilAudioClientImpl NotifyCsCallInfoToAudioService() notify Audio service 1
08-14 21:48:14.937 D/BluetoothAdapterService( 8148): onCreate()
08-14 21:48:14.939 V/CellularDataRatePoller( 2946): Started polling
08-14 21:48:14.939 I/PollerService( 2946): CTPM Poller Service Started
08-14 21:48:14.948 D/BluetoothKeystoreService( 8148): new BluetoothKeystoreService isCommonCriteriaMode: false
08-14 21:48:14.949 D/BluetoothKeystoreService( 8148): start
08-14 21:48:14.950 D/BluetoothKeystoreService( 8148): loadConfigData
08-14 21:48:14.950 D/BluetoothKeystoreService( 8148): getCompareResult: 0
08-14 21:48:14.953 D/CompatibilityChangeReporter( 8148): Compat change id reported: 183155436; UID 1002; state: ENABLED
08-14 21:48:14.953 I/bt_btif ( 8148): packages/modules/Bluetooth/system/btif/src/bluetooth.cc:413 - init: init: start restricted = 0 ; common criteria mode = 0, config compare result = 0
08-14 21:48:14.953 E/bt      ( 8148): bt_common::init_flags: Unsaved flag: INIT_gd_hal_snoop_logger_filtering = true
08-14 21:48:14.953 E/bt      ( 8148): bt_common::init_flags: Unsaved flag: INIT_gd_hal_snoop_logger_socket = true
08-14 21:48:14.953 I/bt      ( 8148): bt_common::init_flags: Flags loaded: asha_packet_drop_frequency_threshold=60asha_phy_update_retry_limit=5always_send_services_if_gatt_disc_done=truealways_use_private_gatt_for_debugging=falsebluetooth_power_telemetry=falsebta_dm_clear_conn_id_on_client_close=truebtm_dm_flush_discovery_queue_on_search_cancel=falsebta_dm_stop_discovery_on_search_cancel=falseclassic_discovery_only=falseclear_hidd_interrupt_cid_on_disconnect=truedelay_hidh_cleanup_until_hidh_ready_start=truedevice_iot_config_logging=falsedynamic_avrcp_version_enhancement=truegatt_robust_caching_client=truegatt_robust_caching_server=falsehci_adapter=0hfp_dynamic_version=trueirk_rotation=falseleaudio_targeted_announcement_reconnection_mode=truepbap_pse_dynamic_version_upgrade=falseprivate_gatt=trueredact_log=truerust_event_loop=truesco_codec_select_lc3=truesco_codec_timeout_clear=falsesdp_serialization=truesdp_skip_rnr_if_known=truebluetooth_quality_report_callback=trueset_min_encryption=truesubrating=trueuse_unified_connection_manager=falsesdp_return_classic_services_when_le_discovery_fails=trueuse_rsi_from_cached_inqiry_results=falseatt_mtu_default=517encryption_in_busy_state=truedefault_log_level=4logging_explicit_tag_settings={}
08-14 21:48:14.954 I/droid.bluetooth( 8148): [0814/214814.954043:INFO:message_loop_thread.cc(188)] Run: message loop starting for thread bt_stack_manager_thread
08-14 21:48:14.954 I/bt_stack_manager( 8148): packages/modules/Bluetooth/system/btif/src/stack_manager.cc:259 - event_init_stack: is initializing the stack
08-14 21:48:14.954 I/droid.bluetooth( 8148): [0814/214814.954435:INFO:message_loop_thread.cc(188)] Run: message loop starting for thread bt_main_thread
08-14 21:48:14.954 I/device_iot_config( 8148): packages/modules/Bluetooth/system/device/src/device_iot_config_int.cc:66 - device_iot_config_module_init: 
08-14 21:48:14.954 E/droid.bluetooth( 8148): [0814/214814.954660:ERROR:config.cc(106)] config_new: unable to open file '/data/misc/bluedroid/bt_remote_dev_info.conf': No such file or directory
08-14 21:48:14.954 W/device_iot_config( 8148): packages/modules/Bluetooth/system/device/src/device_iot_config_int.cc:81 - device_iot_config_module_init: Unable to load config file: /data/misc/bluedroid/bt_remote_dev_info.conf; using backup.
08-14 21:48:14.954 E/droid.bluetooth( 8148): [0814/214814.954735:ERROR:config.cc(106)] config_new: unable to open file '/data/misc/bluedroid/bt_remote_dev_info.bak': No such file or directory
08-14 21:48:14.954 E/device_iot_config( 8148): packages/modules/Bluetooth/system/device/src/device_iot_config_int.cc:87 - device_iot_config_module_init: Unable to load bak file; creating empty config.
08-14 21:48:14.954 I/device_iot_config( 8148): packages/modules/Bluetooth/system/device/src/device_iot_config_int.cc:128 - device_iot_config_module_init: Devices loaded 0
08-14 21:48:14.955 I/bt_osi_thread( 8148): packages/modules/Bluetooth/system/osi/src/thread.cc:210 - run_thread: run_thread: thread id 8183, thread name alarm_default_ca started
08-14 21:48:14.955 I/bt_osi_thread( 8148): packages/modules/Bluetooth/system/osi/src/thread.cc:210 - run_thread: run_thread: thread id 8184, thread name alarm_dispatcher started
08-14 21:48:14.955 I/bt_core_module( 8148): packages/modules/Bluetooth/system/btcore/src/module.cc:84 - module_start_up: module_start_up Starting module "gd_shim_module"
08-14 21:48:14.955 I/bt_gd_shim( 8148): packages/modules/Bluetooth/system/main/shim/stack.cc:66 - StartEverything: StartEverything Starting Gd stack
08-14 21:48:14.955 I/bt_gd_shim( 8148): packages/modules/Bluetooth/system/main/shim/stack.cc:121 - Start: Start Starting Gd stack
08-14 21:48:14.956 I/BtGdWakelockNative( 8148): packages/modules/Bluetooth/system/gd/os/android/wakelock_native.cc:79 - Initialize: Initializing native wake locks
08-14 21:48:14.956 I/BtGdModule( 8148): packages/modules/Bluetooth/system/gd/module.cc:78 - Start: Constructing next module
08-14 21:48:14.956 I/BtGdModule( 8148): packages/modules/Bluetooth/system/gd/module.cc:82 - Start: Starting dependencies of BluetoothCounterMetrics
08-14 21:48:14.956 I/BtGdModule( 8148): packages/modules/Bluetooth/system/gd/module.cc:86 - Start: Finished starting dependencies and calling Start() of BluetoothCounterMetrics
08-14 21:48:14.956 I/BluetoothCounterMetrics( 8148): packages/modules/Bluetooth/system/gd/metrics/counter_metrics.cc:39 - Start: Counter metrics initialized
08-14 21:48:14.956 I/BtGdModule( 8148): packages/modules/Bluetooth/system/gd/module.cc:92 - Start: Started BluetoothCounterMetrics
08-14 21:48:14.956 I/BtGdModule( 8148): packages/modules/Bluetooth/system/gd/module.cc:78 - Start: Constructing next module
08-14 21:48:14.956 I/BtGdModule( 8148): packages/modules/Bluetooth/system/gd/module.cc:82 - Start: Starting dependencies of HciHalHidl
08-14 21:48:14.956 I/BtGdModule( 8148): packages/modules/Bluetooth/system/gd/module.cc:78 - Start: Constructing next module
08-14 21:48:14.956 I/BtGdModule( 8148): packages/modules/Bluetooth/system/gd/module.cc:82 - Start: Starting dependencies of NocpIsoClocker
08-14 21:48:14.956 I/BtGdModule( 8148): packages/modules/Bluetooth/system/gd/module.cc:86 - Start: Finished starting dependencies and calling Start() of NocpIsoClocker
08-14 21:48:14.956 I/BtGdModule( 8148): packages/modules/Bluetooth/system/gd/module.cc:92 - Start: Started NocpIsoClocker
08-14 21:48:14.956 I/BtGdModule( 8148): packages/modules/Bluetooth/system/gd/module.cc:78 - Start: Constructing next module
08-14 21:48:14.957 I/bluetooth( 8148): packages/modules/Bluetooth/system/gd/hal/snoop_logger.cc:1429 - GetBtSnoopMode: btsnoop_mode_empty: 1
08-14 21:48:14.957 I/bluetooth( 8148): packages/modules/Bluetooth/system/gd/hal/snoop_logger.cc:516 - SnoopLogger: Snoop Logs disabled
08-14 21:48:14.957 I/bluetooth( 8148): packages/modules/Bluetooth/system/gd/hal/snoop_logger.cc:335 - delete_btsnoop_files: Deleting logs if they exist
08-14 21:48:14.957 I/bluetooth( 8148): packages/modules/Bluetooth/system/gd/hal/snoop_logger.cc:341 - delete_btsnoop_files: Main log file does not exist at "/data/misc/bluetooth/logs/btsnoop_hci.log.filtered"
08-14 21:48:14.957 I/bluetooth( 8148): packages/modules/Bluetooth/system/gd/hal/snoop_logger.cc:349 - delete_btsnoop_files: Last log file does not exist at "/data/misc/bluetooth/logs/btsnoop_hci.log.filtered"
08-14 21:48:14.957 I/bluetooth( 8148): packages/modules/Bluetooth/system/gd/hal/snoop_logger.cc:335 - delete_btsnoop_files: Deleting logs if they exist
08-14 21:48:14.957 I/bluetooth( 8148): packages/modules/Bluetooth/system/gd/hal/snoop_logger.cc:341 - delete_btsnoop_files: Main log file does not exist at "/data/misc/bluetooth/logs/btsnoop_hci.log"
08-14 21:48:14.957 I/bluetooth( 8148): packages/modules/Bluetooth/system/gd/hal/snoop_logger.cc:349 - delete_btsnoop_files: Last log file does not exist at "/data/misc/bluetooth/logs/btsnoop_hci.log"
08-14 21:48:14.957 I/BtGdModule( 8148): packages/modules/Bluetooth/system/gd/module.cc:82 - Start: Starting dependencies of SnoopLogger
08-14 21:48:14.957 I/BtGdModule( 8148): packages/modules/Bluetooth/system/gd/module.cc:86 - Start: Finished starting dependencies and calling Start() of SnoopLogger
08-14 21:48:14.957 I/BtGdModule( 8148): packages/modules/Bluetooth/system/gd/module.cc:92 - Start: Started SnoopLogger
08-14 21:48:14.957 I/BtGdModule( 8148): packages/modules/Bluetooth/system/gd/module.cc:86 - Start: Finished starting dependencies and calling Start() of HciHalHidl
08-14 21:48:14.958 I/bluetooth( 8148): packages/modules/Bluetooth/system/gd/hal/hci_hal_android_hidl.cc:394 - start_aidl: Using the AIDL interface
08-14 21:48:14.958 I/bthal.aidl.bcmbtlinux(  883): initialize_impl
08-14 21:48:14.958 I/bthal.debug_central(  883): HasClientConnectWith: has_client: 1
08-14 21:48:14.958 I/bthal.vndsnoop(  883): Vendor btsnoop max packets: 65535
08-14 21:48:14.958 I/bthal.vndsnoop(  883): Vendor snoop log enabled: 0
08-14 21:48:14.958 I/bthal.vndsnoop(  883): Deleting logs if they exist
08-14 21:48:14.958 I/bthal.vndsnoop(  883): Main log file does not exist at "/data/vendor/bluetooth/btsnoop_hci_vnd.log"
08-14 21:48:14.958 I/bthal.vndsnoop(  883): Last log file does not exist at "/data/vendor/bluetooth/btsnoop_hci_vnd.log"
08-14 21:48:14.958 I/bthal.config(  883): IsAcceleratedBtOnSupported: accel_bt_on_disable_prop: false
08-14 21:48:14.958 I/bthal.bcmproto(  883): AcceleratedReset
08-14 21:48:14.958 I/bthal.bcmproto(  883): send_hci_reset
08-14 21:48:14.965 D/RILClient(  972): [OemClient]IND: (clientId = 8, msgId = 3005, dataLength = 17, channel = 0)
08-14 21:48:14.965 D/RILClient( 1099): [OemClient]IND: (clientId = 0, msgId = 3005, dataLength = 17, channel = 0)
08-14 21:48:14.966 I/SHANNON_IMS( 2284): 1831 [NETW] #:PURP:# UNSOL {RILC_UNSOL_IMS_SUPPORT_SERVICE} : VoPS : 1  EMC : 0  SIM_IDX : 0  RAT : 14  REG_STATE : 0  CELL_ID : 0  LAC/TAC : 0  (NetworkAdaptor$AdaptorChannel%onMessage:306)
08-14 21:48:14.966 I/SHANNON_IMS( 2284): 1832 [CONN] #:ORNG:# supportService [VoPS : 1/ EMC : 0/ RAT_INFO : 14/ REG_STATE : 0/ CELL_ID : 0/ LAC-TAC Info : 0]  [SLID:0 ] (ImsConnectivityMgr$RegistrationListener%supportService:2840)
08-14 21:48:14.967 I/pixel-thermal( 1729): THERMAL_GENL_EVENT_TZ_TRIP_DOWN
08-14 21:48:14.967 I/pixel-thermal( 1729): Thermal zone id: 33
08-14 21:48:14.967 I/pixel-thermal( 1729): Thermal zone trip id: 0
08-14 21:48:14.967 I/pixel-thermal( 1729): TZ Path: /sys/devices/virtual/thermal/thermal_zone33/type
08-14 21:48:14.967 I/pixel-thermal( 1729): TZ type: ocp_cpu1
08-14 21:48:14.968 I/pixel-thermal( 1729): THERMAL_GENL_EVENT_TZ_TRIP_DOWN
08-14 21:48:14.968 I/pixel-thermal( 1729): Thermal zone id: 35
08-14 21:48:14.968 I/pixel-thermal( 1729): Thermal zone trip id: 0
08-14 21:48:14.968 I/pixel-thermal( 1729): TZ Path: /sys/devices/virtual/thermal/thermal_zone35/type
08-14 21:48:14.968 I/pixel-thermal( 1729): TZ type: soft_ocp_cpu1
08-14 21:48:14.974 I/bthal.flowcontrol(  883): HciEventPreProcess: HCI Event 0xe Opcode 0xc03 Length 6 handled by bthal.bcmproto
08-14 21:48:14.974 I/bthal.bcmproto(  883): send_hci_reset: Done (status:0)
08-14 21:48:14.975 I/bthal.flowcontrol(  883): HciEventPreProcess: HCI Event 0xe Opcode 0xfc79 Length 12 handled by bthal.bcmproto
08-14 21:48:14.975 I/bthal.bcmproto(  883): read_btbcm_chip_id: 170
08-14 21:48:14.975 I/bthal.bdaddress(  883): Provision: BDADDR <26:c6:e8:13:c4:0c>
08-14 21:48:14.975 I/bthal.bdaddress(  883): OnEventReceive: Recv Success VSE <[6]{14, 4, 1, 1, 252, 0}>
08-14 21:48:14.975 I/bthal.flowcontrol(  883): HciEventPreProcess: HCI Event 0xe Opcode 0xfc01 Length 6 handled by bthal.bdaddress
08-14 21:48:14.976 D/bthal.aidl.pof(  883): OnBluetoothEnabled
08-14 21:48:14.976 I/bthal.aidl.bcmbtlinux(  883): BluetoothHci::initialize() completed
08-14 21:48:14.976 I/bthal.aidl.bcmbtlinux(  883): startPixelHalExtensions: Enable Bluetooth HAL Extensions
08-14 21:48:14.976 I/BtGdModule( 8148): packages/modules/Bluetooth/system/gd/module.cc:92 - Start: Started HciHalHidl
08-14 21:48:14.976 I/BtGdModule( 8148): packages/modules/Bluetooth/system/gd/module.cc:78 - Start: Constructing next module
08-14 21:48:14.976 W/bthal.aidl.ccc(  883): getSystemTimeUnable to open Timesync
08-14 21:48:14.976 I/bthal.activity(  883): OnBluetoothEnabled
08-14 21:48:14.976 I/BtGdModule( 8148): packages/modules/Bluetooth/system/gd/module.cc:82 - Start: Starting dependencies of Hci Layer
08-14 21:48:14.976 I/BtGdModule( 8148): packages/modules/Bluetooth/system/gd/module.cc:78 - Start: Constructing next module
08-14 21:48:14.976 I/BtGdModule( 8148): packages/modules/Bluetooth/system/gd/module.cc:82 - Start: Starting dependencies of Storage Module
08-14 21:48:14.976 I/BtGdModule( 8148): packages/modules/Bluetooth/system/gd/module.cc:86 - Start: Finished starting dependencies and calling Start() of Storage Module
08-14 21:48:14.976 I/bthal.activitywatcher(  883): startWatcher: Registering to PowerStats service
08-14 21:48:14.976 I/droid.bluetooth( 8148): [0814/214814.976335:INFO:btif_keystore.cc(61)] ConvertEncryptOrDecryptKeyIfNeeded callback isn't ready.
08-14 21:48:14.976 I/BtGdModule( 8148): packages/modules/Bluetooth/system/gd/module.cc:92 - Start: Started Storage Module
08-14 21:48:14.976 I/BtGdModule( 8148): packages/modules/Bluetooth/system/gd/module.cc:86 - Start: Finished starting dependencies and calling Start() of Hci Layer
08-14 21:48:14.976 I/android.hardware.power.stats-service.pixel(  903): registerCallbackByStates: Registered Bluetooth
08-14 21:48:14.977 I/BtGdModule( 8148): packages/modules/Bluetooth/system/gd/module.cc:92 - Start: Started Hci Layer
08-14 21:48:14.977 I/BtGdModule( 8148): packages/modules/Bluetooth/system/gd/module.cc:78 - Start: Constructing next module
08-14 21:48:14.977 I/BtGdModule( 8148): packages/modules/Bluetooth/system/gd/module.cc:82 - Start: Starting dependencies of shim::Dumpsys
08-14 21:48:14.977 I/bluetooth( 8148): packages/modules/Bluetooth/system/gd/hci/hci_layer.cc:322 - register_event: Registering test for CONNECTION_REQUEST, since there's no ACL
08-14 21:48:14.977 I/BtGdModule( 8148): packages/modules/Bluetooth/system/gd/module.cc:86 - Start: Finished starting dependencies and calling Start() of shim::Dumpsys
08-14 21:48:14.977 I/BtGdModule( 8148): packages/modules/Bluetooth/system/gd/module.cc:92 - Start: Started shim::Dumpsys
08-14 21:48:14.977 I/BtGdModule( 8148): packages/modules/Bluetooth/system/gd/module.cc:78 - Start: Constructing next module
08-14 21:48:14.977 I/BtGdModule( 8148): packages/modules/Bluetooth/system/gd/module.cc:82 - Start: Starting dependencies of Vendor Specific Event Manager
08-14 21:48:14.977 I/BtGdModule( 8148): packages/modules/Bluetooth/system/gd/module.cc:78 - Start: Constructing next module
08-14 21:48:14.977 I/BtGdModule( 8148): packages/modules/Bluetooth/system/gd/module.cc:82 - Start: Starting dependencies of Controller
08-14 21:48:14.977 I/BtGdModule( 8148): packages/modules/Bluetooth/system/gd/module.cc:78 - Start: Constructing next module
08-14 21:48:14.977 I/BtGdModule( 8148): packages/modules/Bluetooth/system/gd/module.cc:82 - Start: Starting dependencies of Sysprops Module
08-14 21:48:14.977 I/BtGdModule( 8148): packages/modules/Bluetooth/system/gd/module.cc:86 - Start: Finished starting dependencies and calling Start() of Sysprops Module
08-14 21:48:14.977 I/BtGdModule( 8148): packages/modules/Bluetooth/system/gd/module.cc:92 - Start: Started Sysprops Module
08-14 21:48:14.977 I/BtGdModule( 8148): packages/modules/Bluetooth/system/gd/module.cc:86 - Start: Finished starting dependencies and calling Start() of Controller
08-14 21:48:14.980 D/AOC     ( 1139): A3:MSG: usf_sensor.cc, 1573: USF: Received start sampling request for LSM6DSR Gyroscope (active:2).
08-14 21:48:14.981 D/AOC     ( 1139): A3:MSG: lsm6dsr_device.cc, 763: USF: Lsm6dsrDevice: Sensor 1: Enabled 1, odr_index 5.
08-14 21:48:14.981 D/AOC     ( 1139): A3:MSG: lsm6dsr_fifo.cc, 750: USF: Lsm6dsrFifo: ODR: XL/G/T/TS: 52/208/13/26 WM: 17 Intr: 18.
08-14 21:48:14.982 D/AOC     ( 1139): A3:MSG: lsm6dsr_device.cc, 671: USF: Lsm6dsrDevice: Fifo was disabled for 517334ns.
08-14 21:48:14.983 D/AOC     ( 1139): A3:MSG: usf_sensor.cc, 1573: USF: Received start sampling request for MMC56X3X Magnetometer (active:2).
08-14 21:48:14.983 D/AOC     ( 1139): A3:MSG: mmc56x3x_device.cc, 409: USF: MMC56X3X0: mmc56x3x_enable_measure odr = 100.
08-14 21:48:14.983 I/SHANNON_IMS( 2284): 1836 [CONN] update Cell Location Info, slotId: 0 [com.shannon.imsservice.conn.ImsConnectivityMgr$RegistrationListener@97729ab] (ImsConnectivityMgr$RegistrationListener%updateCellLocation:2912)
08-14 21:48:14.983 I/SHANNON_IMS( 2284): 1837 [CONN] Ignore RAT_UNKNOWN or not connected [com.shannon.imsservice.conn.ImsConnectivityMgr$RegistrationListener@97729ab] (ImsConnectivityMgr$RegistrationListener%updateCellLocation:2915)
08-14 21:48:14.989 W/FeatureConnection( 2318): getRegistrationTech: ImsRegistration is null
08-14 21:48:14.990 D/RadioConfig( 1117): setPreferredDataModem() OnRequest - serial: [492] modemId=0
08-14 21:48:15.010 I/bluetooth( 8148): packages/modules/Bluetooth/system/gd/hci/controller.cc:438 - read_default_erroneous_data_reporting_handler: erroneous data reporting: 0
08-14 21:48:15.010 I/bthal.bqr(  883): vendor capability supported version: 257
08-14 21:48:15.010 I/bthal.flowcontrol(  883): HciEventPreProcess: HCI Event 0xe Opcode 0xfd53 Length 30 unhandled by vendorCapabilityEvent
08-14 21:48:15.013 I/BtGdModule( 8148): packages/modules/Bluetooth/system/gd/module.cc:92 - Start: Started Controller
08-14 21:48:15.013 I/BtGdModule( 8148): packages/modules/Bluetooth/system/gd/module.cc:86 - Start: Finished starting dependencies and calling Start() of Vendor Specific Event Manager
08-14 21:48:15.013 I/BtGdModule( 8148): packages/modules/Bluetooth/system/gd/module.cc:92 - Start: Started Vendor Specific Event Manager
08-14 21:48:15.013 I/BtGdModule( 8148): packages/modules/Bluetooth/system/gd/module.cc:78 - Start: Constructing next module
08-14 21:48:15.013 I/BtGdModule( 8148): packages/modules/Bluetooth/system/gd/module.cc:82 - Start: Starting dependencies of AclSchedulerModule
08-14 21:48:15.013 I/BtGdModule( 8148): packages/modules/Bluetooth/system/gd/module.cc:86 - Start: Finished starting dependencies and calling Start() of AclSchedulerModule
08-14 21:48:15.013 I/BtGdModule( 8148): packages/modules/Bluetooth/system/gd/module.cc:92 - Start: Started AclSchedulerModule
08-14 21:48:15.013 I/BtGdModule( 8148): packages/modules/Bluetooth/system/gd/module.cc:78 - Start: Constructing next module
08-14 21:48:15.013 I/BtGdModule( 8148): packages/modules/Bluetooth/system/gd/module.cc:82 - Start: Starting dependencies of Acl Manager
08-14 21:48:15.013 I/BtGdModule( 8148): packages/modules/Bluetooth/system/gd/module.cc:78 - Start: Constructing next module
08-14 21:48:15.013 I/BtGdModule( 8148): packages/modules/Bluetooth/system/gd/module.cc:82 - Start: Starting dependencies of RemoteNameRequestModule
08-14 21:48:15.013 I/BtGdModule( 8148): packages/modules/Bluetooth/system/gd/module.cc:86 - Start: Finished starting dependencies and calling Start() of RemoteNameRequestModule
08-14 21:48:15.013 I/bluetooth( 8148): packages/modules/Bluetooth/system/gd/hci/remote_name_request.cc:34 - Start: Starting RemoteNameRequestModule
08-14 21:48:15.013 I/BtGdModule( 8148): packages/modules/Bluetooth/system/gd/module.cc:92 - Start: Started RemoteNameRequestModule
08-14 21:48:15.013 I/BtGdModule( 8148): packages/modules/Bluetooth/system/gd/module.cc:86 - Start: Finished starting dependencies and calling Start() of Acl Manager
08-14 21:48:15.013 I/BtGdModule( 8148): packages/modules/Bluetooth/system/gd/module.cc:92 - Start: Started Acl Manager
08-14 21:48:15.013 I/BtGdModule( 8148): packages/modules/Bluetooth/system/gd/module.cc:78 - Start: Constructing next module
08-14 21:48:15.013 I/BtGdModule( 8148): packages/modules/Bluetooth/system/gd/module.cc:82 - Start: Starting dependencies of Le Advertising Manager
08-14 21:48:15.013 I/BtGdModule( 8148): packages/modules/Bluetooth/system/gd/module.cc:86 - Start: Finished starting dependencies and calling Start() of Le Advertising Manager
08-14 21:48:15.013 I/bluetooth( 8148): packages/modules/Bluetooth/system/gd/hci/le_advertising_manager.cc:203 - get_tx_path_loss_compensation: Tx path loss compensation: 0
08-14 21:48:15.013 I/BtGdModule( 8148): packages/modules/Bluetooth/system/gd/module.cc:92 - Start: Started Le Advertising Manager
08-14 21:48:15.013 I/BtGdModule( 8148): packages/modules/Bluetooth/system/gd/module.cc:78 - Start: Constructing next module
08-14 21:48:15.013 I/bluetooth( 8148): packages/modules/Bluetooth/system/gd/hci/msft.cc:305 - MsftExtensionManager: MsftExtensionManager()
08-14 21:48:15.013 I/BtGdModule( 8148): packages/modules/Bluetooth/system/gd/module.cc:82 - Start: Starting dependencies of Microsoft Extension Manager
08-14 21:48:15.013 I/BtGdModule( 8148): packages/modules/Bluetooth/system/gd/module.cc:86 - Start: Finished starting dependencies and calling Start() of Microsoft Extension Manager
08-14 21:48:15.013 I/bluetooth( 8148): packages/modules/Bluetooth/system/gd/hci/msft.cc:51 - start: MsftExtensionManager start()
08-14 21:48:15.013 I/bluetooth( 8148): packages/modules/Bluetooth/system/gd/hci/msft.cc:63 - start: MSFT extension is not supported.
08-14 21:48:15.013 I/BtGdModule( 8148): packages/modules/Bluetooth/system/gd/module.cc:92 - Start: Started Microsoft Extension Manager
08-14 21:48:15.013 I/BtGdModule( 8148): packages/modules/Bluetooth/system/gd/module.cc:78 - Start: Constructing next module
08-14 21:48:15.013 I/BtGdModule( 8148): packages/modules/Bluetooth/system/gd/module.cc:82 - Start: Starting dependencies of Le Scanning Manager
08-14 21:48:15.013 I/BtGdModule( 8148): packages/modules/Bluetooth/system/gd/module.cc:86 - Start: Finished starting dependencies and calling Start() of Le Scanning Manager
08-14 21:48:15.014 I/bluetooth( 8148): packages/modules/Bluetooth/system/gd/hci/le_scanning_manager.cc:323 - get_rx_path_loss_compensation: Rx path loss compensation: 0
08-14 21:48:15.014 I/BtGdModule( 8148): packages/modules/Bluetooth/system/gd/module.cc:92 - Start: Started Le Scanning Manager
08-14 21:48:15.014 I/BtGdModule( 8148): packages/modules/Bluetooth/system/gd/module.cc:78 - Start: Constructing next module
08-14 21:48:15.014 I/BtGdModule( 8148): packages/modules/Bluetooth/system/gd/module.cc:82 - Start: Starting dependencies of Distance Measurement Manager
08-14 21:48:15.014 I/BtGdModule( 8148): packages/modules/Bluetooth/system/gd/module.cc:86 - Start: Finished starting dependencies and calling Start() of Distance Measurement Manager
08-14 21:48:15.014 I/bluetooth( 8148): packages/modules/Bluetooth/system/gd/hci/distance_measurement_manager.cc:115 - start: IS_FLAG_ENABLED channel_sounding_in_stack: false
08-14 21:48:15.014 I/BtGdModule( 8148): packages/modules/Bluetooth/system/gd/module.cc:92 - Start: Started Distance Measurement Manager
08-14 21:48:15.014 I/bluetooth( 8148): packages/modules/Bluetooth/system/gd/stack_manager.cc:54 - StartUp: init_status == 0
08-14 21:48:15.014 I/bluetooth( 8148): packages/modules/Bluetooth/system/gd/stack_manager.cc:61 - StartUp: init complete
08-14 21:48:15.014 I/bt_gd_shim( 8148): packages/modules/Bluetooth/system/main/shim/stack.cc:129 - Start: Start Successfully toggled Gd stack
08-14 21:48:15.014 I/bluetooth( 8148): packages/modules/Bluetooth/system/gd/hci/le_scanning_manager.cc:1543 - on_apcf_read_extended_features_complete: set is_ad_type_filter_supported_ to 1 & is_transport_discovery_data_filter_supported_ to 0
08-14 21:48:15.014 I/bt_shim_scanner( 8148): packages/modules/Bluetooth/system/main/shim/le_scanning_manager.cc:153 - Init: init BleScannerInterfaceImpl
08-14 21:48:15.014 I/bt_core_module( 8148): packages/modules/Bluetooth/system/btcore/src/module.cc:89 - module_start_up: module_start_up Started module "gd_shim_module"
08-14 21:48:15.015 I/bt_btif_core( 8148): packages/modules/Bluetooth/system/btif/src/btif_core.cc:159 - btif_init_bluetooth: btif_init_bluetooth entered
08-14 21:48:15.015 I/droid.bluetooth( 8148): [0814/214815.015419:INFO:message_loop_thread.cc(188)] Run: message loop starting for thread bt_jni_thread
08-14 21:48:15.015 I/bt_btif_core( 8148): packages/modules/Bluetooth/system/btif/src/btif_core.cc:163 - btif_init_bluetooth: btif_init_bluetooth finished
08-14 21:48:15.024 W/bt_device_interop( 8148): packages/modules/Bluetooth/system/device/src/interop.cc:1692 - interop_database_save_allowlisted_media_players_list: found feature - INTEROP_BROWSE_PLAYER_ALLOW_LIST
08-14 21:48:15.024 I/bt_stack_config( 8148): packages/modules/Bluetooth/system/main/stack_config.cc:72 - init: init attempt to load stack conf from /apex/com.android.btservices/etc/bluetooth/bt_stack.conf
08-14 21:48:15.024 I/bt_stack_manager( 8148): packages/modules/Bluetooth/system/btif/src/stack_manager.cc:267 - event_init_stack: finished
08-14 21:48:15.024 I/bt_osi_wakelock( 8148): packages/modules/Bluetooth/system/osi/src/wakelock.cc:93 - wakelock_set_os_callouts: wakelock_set_os_callouts set to non-native
08-14 21:48:15.024 I/bt_btif ( 8148): packages/modules/Bluetooth/system/btif/src/bluetooth.cc:859 - get_profile_interface: get_profile_interface: id = socket
08-14 21:48:15.025 E/bt_btif_storage( 8148): packages/modules/Bluetooth/system/btif/src/btif_storage.cc:650 - btif_storage_get_adapter_property: Controller not ready! Unable to return Bluetooth Address
08-14 21:48:15.025 D/BluetoothKeystoreService( 8148): initJni()
08-14 21:48:15.025 E/BluetoothServiceJni( 8148): adapter_properties_callback: Status fail is incorrect
08-14 21:48:15.025 I/bt_btif ( 8148): packages/modules/Bluetooth/system/btif/src/bluetooth.cc:859 - get_profile_interface: get_profile_interface: id = bluetooth_keystore
08-14 21:48:15.025 I/bt_btif ( 8148): packages/modules/Bluetooth/system/btif/src/bluetooth.cc:859 - get_profile_interface: get_profile_interface: id = bqr
08-14 21:48:15.025 I/bluetooth( 8148): packages/modules/Bluetooth/system/btif/src/btif_bqr.cc:770 - init: BluetoothQualityReportInterfaceImpl 
08-14 21:48:15.026 I/bt_btif ( 8148): packages/modules/Bluetooth/system/btif/src/bluetooth.cc:859 - get_profile_interface: get_profile_interface: id = sdp
08-14 21:48:15.027 D/AdapterProperties( 8148): Name is: Pixel 6
08-14 21:48:15.027 I/bluetooth( 8148): packages/modules/Bluetooth/system/gd/storage/config_cache.cc:289 - ConvertEncryptOrDecryptKeyIfNeeded: ConvertEncryptOrDecryptKeyIfNeeded
08-14 21:48:15.028 D/BluetoothDatabase( 8148): start()
08-14 21:48:15.032 D/ActivityManager( 1612): sync unfroze 2379 com.android.settings for 10
08-14 21:48:15.033 D/gpsd    ( 1111): WakeLock(Release,GPSD)
08-14 21:48:15.033 D/ActivityManager( 1612): sync unfroze 6281 com.google.android.settings.intelligence for 10
08-14 21:48:15.034 D/ActivityManager( 1612): sync unfroze 4925 com.android.dynsystem:dynsystem for 10
08-14 21:48:15.035 D/ActivityManager( 1612): sync unfroze 4905 com.android.dynsystem for 10
08-14 21:48:15.035 D/ActivityManager( 1612): sync unfroze 2696 com.google.android.repairmode for 10
08-14 21:48:15.035 D/ActivityManager( 1612): sync unfroze 4116 com.android.localtransport for 10
08-14 21:48:15.036 D/ActivityManager( 1612): sync unfroze 3136 com.android.keychain for 10
08-14 21:48:15.038 D/CompatibilityChangeReporter( 1612): Compat change id reported: 161145287; UID 1002; state: ENABLED
08-14 21:48:15.038 D/BluetoothSystemServer( 1612): BluetoothManagerService: Bluetooth Adapter name changed to Pixel 6
08-14 21:48:15.038 D/BluetoothSystemServer( 1612): BluetoothManagerService: storeNameAndAddress: Name=Pixel 6, Address=0C:C4:13:E8:C6:26
08-14 21:48:15.039 D/BluetoothDatabase( 8148): Load Database
08-14 21:48:15.039 I/BluetoothAdapterService( 8148): Phone policy enabled
08-14 21:48:15.040 D/ActiveDeviceManager( 8148): start()
08-14 21:48:15.050 D/audioserver(  966): logFgsApiEnd: FGS Logger Transaction failed, -129
08-14 21:48:15.050 D/BluetoothDatabase( 8148): compactLastConnectionTime: Compacting metadata after load
08-14 21:48:15.050 I/BluetoothDatabase( 8148): cacheMetadata
08-14 21:48:15.051 V/BluetoothDatabase( 8148): cacheMetadata: found device null
08-14 21:48:15.051 I/BluetoothDatabase( 8148): cacheMetadata: Database is ready
08-14 21:48:15.051 W/amcs_ext_file(  881): update_third_party_effect_amcs_data:fail to send ioctl amcs, ret -1
08-14 21:48:15.051 W/audio_hw(  881): fail on interact with audio_amcs_ext.so -1
08-14 21:48:15.051 D/audio_hw_waves(  881): update_sink_info_from_usecases: update amcs, instance id 1, volume 172 0 0 0 0 0 0 0 0 0
08-14 21:48:15.051 D/audio_hw_output_stream(  881): update stream 1 active 0 gain 0.000000
08-14 21:48:15.052 D/ActiveDeviceManager( 8148): onAudioDevicesAdded
08-14 21:48:15.052 D/ActiveDeviceManager( 8148): Audio device added: Pixel 6 type: 1
08-14 21:48:15.052 D/ActiveDeviceManager( 8148): Audio device added: Pixel 6 type: 2
08-14 21:48:15.052 D/ActiveDeviceManager( 8148): Audio device added: Pixel 6 type: 18
08-14 21:48:15.052 D/ActiveDeviceManager( 8148): Audio device added: Pixel 6 type: 24
08-14 21:48:15.052 D/ActiveDeviceManager( 8148): Audio device added: Pixel 6 type: 15
08-14 21:48:15.052 D/ActiveDeviceManager( 8148): Audio device added: Pixel 6 type: 18
08-14 21:48:15.052 D/ActiveDeviceManager( 8148): Audio device added: Pixel 6 type: 15
08-14 21:48:15.052 D/ActiveDeviceManager( 8148): Audio device added: Pixel 6 type: 25
08-14 21:48:15.052 D/ActiveDeviceManager( 8148): Audio device added: Pixel 6 type: 28
08-14 21:48:15.052 D/BluetoothAdapterService( 8148): setAdapterService() - set service to com.android.bluetooth.btservice.AdapterService@7a00d1f
08-14 21:48:15.052 W/statsd  (  869): StateTracker not found for state atom 27
08-14 21:48:15.055 I/AdapterState( 8148): OFF : entered 
08-14 21:48:15.055 D/AdapterProperties( 8148): Setting state to OFF
08-14 21:48:15.055 D/BluetoothAdapterService( 8148): updateAdapterState() - Broadcasting state OFF to 0 receivers.
08-14 21:48:15.055 D/BluetoothAdapterService( 8148): onBind()
08-14 21:48:15.055 D/ActiveDeviceManager( 8148): handleAdapterStateChanged: currentState=10
08-14 21:48:15.057 D/BluetoothSystemServer( 1612): BluetoothManagerService: ServiceConnection.onServiceConnected(com.android.bluetooth.btservice.AdapterService, android.os.BinderProxy@303dde9)
08-14 21:48:15.057 D/BluetoothSystemServer( 1612): BluetoothManagerService: MESSAGE_BLUETOOTH_SERVICE_CONNECTED: service=android.os.BinderProxy@303dde9
08-14 21:48:15.060 D/BluetoothSystemServer( 1612): BluetoothManagerService: sendBluetoothServiceUpCallback(): to 14 receivers
08-14 21:48:15.060 D/BluetoothAdapter( 2735): onBluetoothServiceUp: android.bluetooth.IBluetooth$Stub$Proxy@709eaaf
08-14 21:48:15.060 D/BluetoothAdapter( 8148): onBluetoothServiceUp: com.android.bluetooth.btservice.AdapterService$AdapterServiceBinder@bfd5d6e
08-14 21:48:15.060 D/BluetoothAdapter( 3191): onBluetoothServiceUp: android.bluetooth.IBluetooth$Stub$Proxy@3ddad09
08-14 21:48:15.061 D/BluetoothAdapter( 2843): onBluetoothServiceUp: android.bluetooth.IBluetooth$Stub$Proxy@9a06477
08-14 21:48:15.061 D/BluetoothAdapter( 4336): onBluetoothServiceUp: android.bluetooth.IBluetooth$Stub$Proxy@e3165cd
08-14 21:48:15.061 D/BluetoothAdapter( 2379): onBluetoothServiceUp: android.bluetooth.IBluetooth$Stub$Proxy@724c0d5
08-14 21:48:15.061 D/BluetoothAdapter( 3513): onBluetoothServiceUp: android.bluetooth.IBluetooth$Stub$Proxy@9cbc5f4
08-14 21:48:15.061 D/BluetoothAdapter( 2318): onBluetoothServiceUp: android.bluetooth.IBluetooth$Stub$Proxy@1c3775
08-14 21:48:15.061 D/BluetoothAdapter( 1612): onBluetoothServiceUp: android.bluetooth.IBluetooth$Stub$Proxy@362450f
08-14 21:48:15.061 D/BluetoothAdapter( 1987): onBluetoothServiceUp: android.bluetooth.IBluetooth$Stub$Proxy@1317238
08-14 21:48:15.061 D/BluetoothAdapter( 2866): onBluetoothServiceUp: android.bluetooth.IBluetooth$Stub$Proxy@4e90106
08-14 21:48:15.063 D/BluetoothAdapterService( 8148): enable() - Enable called with quiet mode status =  false
08-14 21:48:15.064 I/AdapterState( 8148): BLE_TURNING_ON : entered 
08-14 21:48:15.064 D/AdapterProperties( 8148): Setting state to BLE_TURNING_ON
08-14 21:48:15.064 D/BluetoothAdapterService( 8148): updateAdapterState() - Broadcasting state BLE_TURNING_ON to 1 receivers.
08-14 21:48:15.064 D/BluetoothSystemServer( 1612): BluetoothManagerService: MESSAGE_BLUETOOTH_STATE_CHANGE: prevState=OFF newState=BLE_TURNING_ON
08-14 21:48:15.064 D/BluetoothSystemServer( 1612): BluetoothManagerService: broadcastIntentStateChange: action=BLE_STATE_CHANGED prevState=OFF newState=BLE_TURNING_ON
08-14 21:48:15.064 D/ActiveDeviceManager( 8148): handleAdapterStateChanged: currentState=14
08-14 21:48:15.065 D/BluetoothAdapter( 1612): isLeEnabled(): BLE_TURNING_ON
08-14 21:48:15.069 D/AdapterState( 8148): Start Timeout Delay: 4000
08-14 21:48:15.069 D/BluetoothAdapterService( 8148): bleOnProcessStart()
08-14 21:48:15.069 I/AdapterProperties( 8148): init(), maxConnectedAudioDevices, default=5, propertyOverlayed=5, finalValue=5
08-14 21:48:15.072 D/BluetoothAdapterService( 8148): bleOnProcessStart() - Make Bond State Machine
08-14 21:48:15.072 D/BluetoothBondStateMachine( 8148): make
08-14 21:48:15.073 I/BluetoothBondStateMachine( 8148): StableState(): Entering Off State
08-14 21:48:15.075 I/bt_btif ( 8148): packages/modules/Bluetooth/system/btif/src/bluetooth.cc:859 - get_profile_interface: get_profile_interface: id = gatt
08-14 21:48:15.075 I/bluetooth( 8148): BTA_GATTS_InitBonded: 
08-14 21:48:15.075 I/droid.bluetooth( 8148): [0814/214815.075770:INFO:le_scanning_manager.cc(500)] RegisterCallbacks in shim layer
08-14 21:48:15.075 I/bt_bta_sys_main( 8148): packages/modules/Bluetooth/system/bta/sys/bta_sys_main.cc:82 - bta_sys_event: Ignoring receipt of unregistered event id:BTA_ID_GATTS[32]
08-14 21:48:15.076 D/CompatibilityChangeReporter( 8148): Compat change id reported: 160794467; UID 1002; state: ENABLED
08-14 21:48:15.082 I/bt_stack_manager( 8148): packages/modules/Bluetooth/system/btif/src/stack_manager.cc:292 - event_start_up_stack: event_start_up_stack is bringing up the stack
08-14 21:48:15.082 I/bt_stack_manager( 8148): packages/modules/Bluetooth/system/btif/src/stack_manager.cc:296 - event_start_up_stack: event_start_up_stack Gd shim module enabled
08-14 21:48:15.082 I/bt_core_module( 8148): packages/modules/Bluetooth/system/btcore/src/module.cc:84 - module_start_up: module_start_up Starting module "btif_config_module"
08-14 21:48:15.082 I/bt_core_module( 8148): packages/modules/Bluetooth/system/btcore/src/module.cc:89 - module_start_up: module_start_up Started module "btif_config_module"
08-14 21:48:15.082 I/bt_l2cap( 8148): L2CA_Register: L2CAP Registered service classic PSM: 0x0001
08-14 21:48:15.082 I/bt_l2cap( 8148): L2CA_Register: L2CAP Registered service classic PSM: 0x001f
08-14 21:48:15.082 I/gatt_api( 8148): GATT_Register: Allocated name:GattProfileDb uuid:81818181-8181-8181-8181-818181818181 gatt_if:1 eatt_support:false
08-14 21:48:15.082 I/gatt_api( 8148): GATTS_AddService: 
08-14 21:48:15.082 I/gatt_api( 8148): GATTS_AddService: service parsed correctly, now starting
08-14 21:48:15.082 I/bluetooth( 8148): gatts_calculate_database_hash: hash=80AEB10BC70DCCEFA207489DCED98FED
08-14 21:48:15.082 I/bt_l2cap( 8148): L2CA_RegisterLECoc: Registered service LE COC PSM: 0x0027
08-14 21:48:15.083 I/bt_l2cap( 8148): L2CA_Register: L2CAP Registered service classic PSM: 0x0003
08-14 21:48:15.083 I/gatt_api( 8148): GATT_Register: Allocated name:Gap uuid:82828282-8282-8282-8282-828282828282 gatt_if:2 eatt_support:false
08-14 21:48:15.083 I/gatt_api( 8148): GATTS_AddService: 
08-14 21:48:15.083 I/gatt_api( 8148): GATTS_AddService: service parsed correctly, now starting
08-14 21:48:15.083 I/bluetooth( 8148): gatts_calculate_database_hash: hash=8991C462EBE9D90B9EA0DA3E16D0F513
08-14 21:48:15.083 W/bluetooth( 8148): btm_clr_inq_result_flt: Memory being reset multiple times
08-14 21:48:15.083 I/bt_core_module( 8148): packages/modules/Bluetooth/system/btcore/src/module.cc:84 - module_start_up: module_start_up Starting module "gd_controller_module"
08-14 21:48:15.083 I/bt_shim_controller( 8148): packages/modules/Bluetooth/system/main/shim/controller.cc:63 - start_up: start_up Starting up
08-14 21:48:15.083 I/bt_shim_controller( 8148): packages/modules/Bluetooth/system/main/shim/controller.cc:82 - start_up: Mac address:xx:xx:xx:xx:c6:26
08-14 21:48:15.083 I/bt_core_module( 8148): packages/modules/Bluetooth/system/btcore/src/module.cc:89 - module_start_up: module_start_up Started module "gd_controller_module"
08-14 21:48:15.083 I/bt_btm_pm( 8148): btm_pm_reset: reset pm
08-14 21:48:15.083 I/btm_acl ( 8148): check_link_policy: hold not supported (settings: 0x000d)
08-14 21:48:15.083 I/btm_acl ( 8148): check_link_policy: park not supported (settings: 0x0005)
08-14 21:48:15.083 I/bt_bta_dm( 8148): BTA_dm_on_hw_on: Read default class of device [0x5a, 0x2, 0xc]
08-14 21:48:15.083 I/bt_btm_sec( 8148): BTM_SecRegister: p_cb_info->p_le_callback == 0x0x788eea1710
08-14 21:48:15.083 I/bt_btm_sec( 8148): BTM_SecRegister: btm_sec_cb.api.p_le_callback = 0x0x788eea1710 
08-14 21:48:15.083 I/bluetooth( 8148): Initialize: Advertiser list in controller can be used
08-14 21:48:15.083 I/bluetooth( 8148): Initialize: Periodic Adv Sync Transfer Sender role is supported
08-14 21:48:15.084 I/gatt_api( 8148): GATT_Register: Allocated name:GattClient uuid:50055617-7933-2950-3b7a-38eac57b04c0 gatt_if:3 eatt_support:false
08-14 21:48:15.084 I/bt_bta_dm( 8148): operator(): Registered device discovery search gatt client tGATT_IF:3
