07-28 17:11:51.405  9265  9385 E metis_v2_JenaHandlerManager: local thread match [7f0000011753737069607429507319|p_7319_3b6e632@1|p_9265_af53c72@10|com.oplus.metis]
07-28 17:11:51.405  9265  9383 I ContextAware_SortAlgorithmManager.ReorderProcessor.RuleReRanker: sceneIntentRerank sceneFinalScoreMap:{scene rerank, use defaultScore, finalScore:14111004CLEAN_UP_STORAGE_SUBSTITUTE=4.06, scene rerank, use defaultScore, finalScore:18111007CLEAN_UP_SUBSTITUTE=4.05, scene rerank, use defaultScore, finalScore:18111008CLEAN_UP_PLUS_SUBSTITUTE=4.02}
07-28 17:11:51.405  9265  9385 E metis_v2_JenaHandlerManager: local thread match [7f0000011753737069607429507319|p_7319_3b6e632@1|p_9265_af53c72@10|com.oplus.metis]
07-28 17:11:51.405  9265  9383 I ContextAware_SortAlgorithmManager.SceneIntentReorderProcessor: IntentReorder: scene[210000000]rank mIntentList: size: 1 13151001
07-28 17:11:51.405  9265  9383 I ContextAware_SortAlgorithmManager.SceneIntentReorderProcessor: scene[220500200]rank mIntentList: size: 1 14111005
07-28 17:11:51.405  9265  9383 I ContextAware_SortAlgorithmManager.SceneIntentReorderProcessor: scene[240100400]rank mIntentList: size: 0
07-28 17:11:51.405  9265  9383 I ContextAware_SortAlgorithmManager.SceneIntentReorderProcessor: scene[240000000]rank mIntentList: size: 3 14111004 18111007 18111008
07-28 17:11:51.405  9265  9385 E metis_v2_JenaHandlerManager: local thread match [7f0000011753737069607429507319|p_7319_3b6e632@1|p_9265_af53c72@10|com.oplus.metis]
07-28 17:11:51.405  9265  9383 W ContextAware_SortAlgorithmManager.SceneUtil: Drop invalid scene: 220500200
07-28 17:11:51.405  9265  9385 E metis_v2_JenaHandlerManager: local thread match [7f0000011753737069607429507319|p_7319_3b6e632@1|p_9265_af53c72@10|com.oplus.metis]
07-28 17:11:51.405  9265  9385 E metis_v2_JenaHandlerManager: local thread match [7f0000011753737069607429507319|p_7319_3b6e632@1|p_9265_af53c72@10|com.oplus.metis]
07-28 17:11:51.405  9265  9385 E metis_v2_JenaHandlerManager: local thread match [7f0000011753737069607429507319|p_7319_3b6e632@1|p_9265_af53c72@10|com.oplus.metis]
07-28 17:11:51.405  9265 10008 I ContextAware_DailyStatisticsRecorder: Increase context change count: PROCESSOR_SCENE_INTENT_REORDER_cnt, value: 1
07-28 17:11:51.405  9265  9383 W ContextAware_SortAlgorithmManager.SceneUtil: Drop invalid scene: 240100400
07-28 17:11:51.405  9265  9385 E metis_v2_JenaHandlerManager: local thread match [7f0000011753737069607429507319|p_7319_3b6e632@1|p_9265_af53c72@10|com.oplus.metis]
07-28 17:11:51.405  9265  9385 E metis_v2_JenaHandlerManager: local thread match [7f0000011753737069607429507319|p_7319_3b6e632@1|p_9265_af53c72@10|com.oplus.metis]
07-28 17:11:51.405  9265  9383 I ContextAware_SortAlgorithmManager.SceneFocusProcessor: scene 210000000 not change or has focus scene or current scene is L3
07-28 17:11:51.405  9265  9383 I ContextAware_SortAlgorithmManager.SceneFocusProcessor: scene 240000000 not change or has focus scene or current scene is L3
07-28 17:11:51.405  9265  9385 E metis_v2_JenaHandlerManager: local thread match [7f0000011753737069607429507319|p_7319_3b6e632@1|p_9265_af53c72@10|com.oplus.metis]
07-28 17:11:51.405  9265  9385 E metis_v2_JenaHandlerManager: local thread match [7f0000011753737069607429507319|p_7319_3b6e632@1|p_9265_af53c72@10|com.oplus.metis]
07-28 17:11:51.405  9265 10008 I ContextAware_DailyStatisticsRecorder: Increase context change count: PROCESSOR_SCENE_INTENT_REORDER_ms, value: 1
07-28 17:11:51.405  9265  9385 E metis_v2_JenaHandlerManager: local thread match [7f0000011753737069607429507319|p_7319_3b6e632@1|p_9265_af53c72@10|com.oplus.metis]
07-28 17:11:51.405  9265  9385 E metis_v2_JenaHandlerManager: local thread match [7f0000011753737069607429507319|p_7319_3b6e632@1|p_9265_af53c72@10|com.oplus.metis]
07-28 17:11:51.405  9265  9385 E metis_v2_JenaHandlerManager: local thread match [7f0000011753737069607429507319|p_7319_3b6e632@1|p_9265_af53c72@10|com.oplus.metis]
07-28 17:11:51.405  9265 10008 I ContextAware_DailyStatisticsRecorder: Increase context change count: PROCESSOR_SCENE_FOCUS_cnt, value: 1
07-28 17:11:51.405  9265 10008 I ContextAware_DailyStatisticsRecorder: Increase context change count: PROCESSOR_SCENE_FOCUS_ms, value: 0
07-28 17:11:51.405  9265  9383 I ContextAware_SortAlgorithmManager.BatchIntentProcessor: onProcess decisionUTraceContext = UTraceContext(traceID=7f0000011753737111405446809265, current=p_9265_af53c72@42, parent=null, spanType=1, valid=1, tag=null)
07-28 17:11:51.405  9265  9383 E ContextAware_SortAlgorithmManager.BatchIntentProcessor: onProcess intentStringList is invalid
07-28 17:11:51.405  9265  9383 E ContextAware_SortAlgorithmManager.IntentSendProcessor: disable direct send intent mode, clear
07-28 17:11:51.405  9265  9385 E metis_v2_JenaHandlerManager: local thread match [7f0000011753737069607429507319|p_7319_3b6e632@1|p_9265_af53c72@10|com.oplus.metis]
07-28 17:11:51.405  9265  9385 E metis_v2_JenaHandlerManager: local thread match [7f0000011753737069607429507319|p_7319_3b6e632@1|p_9265_af53c72@10|com.oplus.metis]
07-28 17:11:51.405  9265 10651 I UTrace.Sdk: startHead, spanName: 960000, spanType: CodeSpans [7f0000011753737111405446809265|null|p_9265_af53c72@42|com.oplus.metis]
07-28 17:11:51.405  9265  9385 E metis_v2_JenaHandlerManager: local thread match [7f0000011753737069607429507319|p_7319_3b6e632@1|p_9265_af53c72@10|com.oplus.metis]
07-28 17:11:51.405  9265  9385 E metis_v2_JenaHandlerManager: local thread match [7f0000011753737069607429507319|p_7319_3b6e632@1|p_9265_af53c72@10|com.oplus.metis]
07-28 17:11:51.405  9265  9385 E metis_v2_JenaHandlerManager: local thread match [7f0000011753737069607429507319|p_7319_3b6e632@1|p_9265_af53c72@10|com.oplus.metis]
07-28 17:11:51.406  9265  9385 E metis_v2_JenaHandlerManager: local thread match [7f0000011753737069607429507319|p_7319_3b6e632@1|p_9265_af53c72@10|com.oplus.metis]
07-28 17:11:51.406  9265  9385 E metis_v2_JenaHandlerManager: local thread match [7f0000011753737069607429507319|p_7319_3b6e632@1|p_9265_af53c72@10|com.oplus.metis]
07-28 17:11:51.406  9265  9385 E metis_v2_JenaHandlerManager: local thread match [7f0000011753737069607429507319|p_7319_3b6e632@1|p_9265_af53c72@10|com.oplus.metis]
07-28 17:11:51.406  9265  9385 E metis_v2_JenaHandlerManager: local thread match [7f0000011753737069607429507319|p_7319_3b6e632@1|p_9265_af53c72@10|com.oplus.metis]
07-28 17:11:51.406  9265  9385 E metis_v2_JenaHandlerManager: local thread match [7f0000011753737069607429507319|p_7319_3b6e632@1|p_9265_af53c72@10|com.oplus.metis]
07-28 17:11:51.406  9265  9383 I metis_v2_BreenoSwitchSettingObserver: panta-sugg-getMasterSwitchStatus from cache:true
07-28 17:11:51.406  9265  9383 I ContextAware_IntentSwitchManager: filterList, not filter, breeno switch on
07-28 17:11:51.406  9265 10651 I UTrace.Lib.UserUnlock: isUnlocked() result=true pkg=com.oplus.metis currentTime=60124 [base|com.oplus.metis|1.5.5-f48228a]
07-28 17:11:51.406  9265  9385 E metis_v2_JenaHandlerManager: local thread match [7f0000011753737069607429507319|p_7319_3b6e632@1|p_9265_af53c72@10|com.oplus.metis]
07-28 17:11:51.406  9265  9385 E metis_v2_JenaHandlerManager: local thread match [7f0000011753737069607429507319|p_7319_3b6e632@1|p_9265_af53c72@10|com.oplus.metis]
07-28 17:11:51.406  9265  9385 E metis_v2_JenaHandlerManager: local thread match [7f0000011753737069607429507319|p_7319_3b6e632@1|p_9265_af53c72@10|com.oplus.metis]
07-28 17:11:51.406  9265  9385 E metis_v2_JenaHandlerManager: local thread match [7f0000011753737069607429507319|p_7319_3b6e632@1|p_9265_af53c72@10|com.oplus.metis]
07-28 17:11:51.406  9265  9385 E metis_v2_JenaHandlerManager: local thread match [7f0000011753737069607429507319|p_7319_3b6e632@1|p_9265_af53c72@10|com.oplus.metis]
07-28 17:11:51.406  9265  9385 E metis_v2_JenaHandlerManager: local thread match [7f0000011753737069607429507319|p_7319_3b6e632@1|p_9265_af53c72@10|com.oplus.metis]
07-28 17:11:51.406  9265  9385 E metis_v2_JenaHandlerManager: local thread match [7f0000011753737069607429507319|p_7319_3b6e632@1|p_9265_af53c72@10|com.oplus.metis]
07-28 17:11:51.406  9265  9961 I ContextAware_DailyStatisticsRecorder: Increase context change count: PROCESSOR_BATCH_INTENT_cnt, value: 1
07-28 17:11:51.406  9265  9385 E metis_v2_JenaHandlerManager: local thread match [7f0000011753737069607429507319|p_7319_3b6e632@1|p_9265_af53c72@10|com.oplus.metis]
07-28 17:11:51.406  9265  9385 E metis_v2_JenaHandlerManager: local thread match [7f0000011753737069607429507319|p_7319_3b6e632@1|p_9265_af53c72@10|com.oplus.metis]
07-28 17:11:51.406  9265  9385 E metis_v2_JenaHandlerManager: local thread match [7f0000011753737069607429507319|p_7319_3b6e632@1|p_9265_af53c72@10|com.oplus.metis]
07-28 17:11:51.406  9265  9385 E metis_v2_JenaHandlerManager: local thread match [7f0000011753737069607429507319|p_7319_3b6e632@1|p_9265_af53c72@10|com.oplus.metis]
07-28 17:11:51.406  9265  9961 I ContextAware_DailyStatisticsRecorder: Increase context change count: PROCESSOR_BATCH_INTENT_ms, value: 0
07-28 17:11:51.406  9265  9383 I ContextAware_SortAlgorithmManager.IntentSendProcessor: sendSceneString: [{"combination_strategy":0,"create_time":1735722085016,"expect_scene_cnt":1,"focus_time":0,"force_guaranteed":true,"home_flag":true,"intent_list":[{"action":"pantanal.intent.applicationsuggestions.SUBSTITUTE","add_min_prob":0.4,"add_related_id":0,"algorithm_time_rule":[],"algorithm_version":"","attenuationFunc":-1,"attenuationType":-1,"cannot_reduce_recommend":true,"config_version":202507161101,"contain_service_id":false,"create_time":1753737071439,"default_score":3.12,"delay_click_timestamp":0,"delay_exposure_timestamp":0,"domain":"system_tools","drop_repeat_key":"","drop_repeat_mode":-1,"expire_time":1440000,"final_score":3.12,"force_rebuild_seedling":false,"intent_feedback_type":2,"intent_id":13151001,"intent_instance_id":"null13151001DYNAMIC_SUBSTITUTEnull20157","intent_level":"default","intent_position":1,"intent_src":3,"is_params_send_to_seedling":false,"is_scene_focus":false,"is_support_multi_instance":false,"last_sort_type":0,"last_update_time":1753737071439,"original_update_time":1753737071439,"params_from_user_policy":{"click_args":[],"click_func":-1,"delay_click_args":[],"delay_exposure_args":[],"exposure_args":[],"exposure_func":-1,"time_args":[1440000.0,5.0],"time_func":2},"policy_name":"DYNAMIC_SUBSTITUTE","prob_adj":1.0,"protect_enable":false,"protect_policy":{"delta_duration":3,"end_ratio":10,"event":0,"initial_duration":7,"start_ratio":70,"step_ratio":20},"remove_trigger_value":0.2,"rule_remove_by_algorithm":false,"scene_func":0,"scene_id":210000000,"scene_instance_id":"","seedling_ui_policy":0,"should_focus":false,"show_type":0,"sort_related_id":0,"sortable":true,"status":2,"sub_domain":"application_suggestions"}],"scene_id":210000000,"scene_level":1,"scene_should_focus":false,"score":100.0,"status":2,"update_time":1735722085016,"weight":1},{"combination_strategy":0,"create_time":1735722085016,"expect_scene_cnt":1,"focus_time":0,"force_guaranteed":false,"home_flag":false,"intent_list":[{"action":"pantanal.intent.system.CLEAN_UP_STORAGE","add_min_prob":0.4,"add_related_id":0,"algorithm_time_rule":[],"algorithm_version":"","attenuationFunc":-1,"attenuationType":-1,"cannot_reduce_recommend":false,"config_version":202507161101,"contain_service_id":false,"create_time":1753737071439,"default_score":4.06,"delay_click_timestamp":0,"delay_exposure_timestamp":0,"domain":"system_settings","drop_repeat_key":"","drop_repeat_mode":-1,"expire_time":1440000,"final_score":4.06,"force_rebuild_seedling":false,"intent_feedback_type":2,"intent_id":14111004,"intent_instance_id":"null14111004CLEAN_UP_STORAGE_SUBSTITUTEnull20157","intent_level":"default","intent_position":1,"intent_src":3,"is_params_send_to_seedling":false,"is_scene_focus":false,"is_support_multi_instance":false,"last_sort_type":0,"last_update_time":1753737071439,"original_update_time":1753737071439,"params_from_user_policy":{"click_args":[],"click_func":-1,"delay_click_args":[],"delay_exposure_args":[],"exposure_args":[],"exposure_func":-1,"time_args":[1440000.0,5.0],"time_func":2},"policy_name":"CLEAN_UP_STORAGE_SUBSTITUTE","prob_adj":1.0,"protect_enable":false,"protect_policy":{"delta_duration":3,"end_ratio":10,"event":0,"initial_duration":7,"start_ratio":70,"step_ratio":20},"remove_trigger_value":0.2,"rule_remove_by_algorithm":false,"scene_func":0,"scene_id":240000000,"scene_instance_id":"","seedling_ui_policy":0,"should_focus":false,"show_type":0,"sort_related_id":0,"sortable":true,"status":2,"sub_domain":"clear_memory"},{"action":"pantanal.intent.audio.SUBSTITUTE_RAM_CLEAN_UP","add_min_prob":0.4,"add_related_id":0,"algorithm_time_rule":[],"algorithm_version":"","attenuationFunc":-1,"attenuationType":-1,"cannot_reduce_recommend":false,"config_version":202507161101,"contain_service_id":false,"create_time":1753737071439,"default_score":4.05,"delay_click_timestamp":0,"delay_exposure_timestamp":0,"domain":"system_settings","drop_repeat_key":"","drop_repeat_mode":-1,"expire_time":1440000,"final_score":4.05,"force_rebuild_seedling":false,"intent_feedback_type":2
07-28 17:11:51.406  9265  9385 E metis_v2_JenaHandlerManager: local thread match [7f0000011753737069607429507319|p_7319_3b6e632@1|p_9265_af53c72@10|com.oplus.metis]
07-28 17:11:51.406  9265  9385 E metis_v2_JenaHandlerManager: local thread match [7f0000011753737069607429507319|p_7319_3b6e632@1|p_9265_af53c72@10|com.oplus.metis]
07-28 17:11:51.406  9265  9385 E metis_v2_JenaHandlerManager: local thread match [7f0000011753737069607429507319|p_7319_3b6e632@1|p_9265_af53c72@10|com.oplus.metis]
07-28 17:11:51.406  9265  9383 I metis_v2_BreenoSwitchSettingObserver: panta-sugg-getMasterSwitchStatus from cache:true
07-28 17:11:51.406  9265  9383 I ContextAware_IntentSwitchManager: filterList, not filter, breeno switch on
07-28 17:11:51.406  9265  9383 I metis_v2_BreenoSwitchSettingObserver: panta-sugg-getMasterSwitchStatus from cache:true
07-28 17:11:51.406  9265  9385 E metis_v2_JenaHandlerManager: local thread match [7f0000011753737069607429507319|p_7319_3b6e632@1|p_9265_af53c72@10|com.oplus.metis]
07-28 17:11:51.406  9265  9385 E metis_v2_JenaHandlerManager: local thread match [7f0000011753737069607429507319|p_7319_3b6e632@1|p_9265_af53c72@10|com.oplus.metis]
07-28 17:11:51.406  9265  9385 E metis_v2_JenaHandlerManager: local thread match [7f0000011753737069607429507319|p_7319_3b6e632@1|p_9265_af53c72@10|com.oplus.metis]
07-28 17:11:51.406  9265  9385 E metis_v2_JenaHandlerManager: local thread match [7f0000011753737069607429507319|p_7319_3b6e632@1|p_9265_af53c72@10|com.oplus.metis]
07-28 17:11:51.406  9265  9388 I DeepThinkerSDK: [APP] UserDomainManager: checkLabelAvailable:{"38":1}
07-28 17:11:51.406  9265  9385 E metis_v2_JenaHandlerManager: local thread match [7f0000011753737069607429507319|p_7319_3b6e632@1|p_9265_af53c72@10|com.oplus.metis]
07-28 17:11:51.406  9265  9385 E metis_v2_JenaHandlerManager: local thread match [7f0000011753737069607429507319|p_7319_3b6e632@1|p_9265_af53c72@10|com.oplus.metis]
07-28 17:11:51.406  9265  9385 E metis_v2_JenaHandlerManager: local thread match [7f0000011753737069607429507319|p_7319_3b6e632@1|p_9265_af53c72@10|com.oplus.metis]
07-28 17:11:51.406  9265  9385 E metis_v2_JenaHandlerManager: local thread match [7f0000011753737069607429507319|p_7319_3b6e632@1|p_9265_af53c72@10|com.oplus.metis]
07-28 17:11:51.406  9265  9385 E metis_v2_JenaHandlerManager: local thread match [7f0000011753737069607429507319|p_7319_3b6e632@1|p_9265_af53c72@10|com.oplus.metis]
07-28 17:11:51.406  9265  9385 E metis_v2_JenaHandlerManager: local thread match [7f0000011753737069607429507319|p_7319_3b6e632@1|p_9265_af53c72@10|com.oplus.metis]
07-28 17:11:51.406  9265  9385 E metis_v2_JenaHandlerManager: local thread match [7f0000011753737069607429507319|p_7319_3b6e632@1|p_9265_af53c72@10|com.oplus.metis]
07-28 17:11:51.406  9265  9385 E metis_v2_JenaHandlerManager: local thread match [7f0000011753737069607429507319|p_7319_3b6e632@1|p_9265_af53c72@10|com.oplus.metis]
07-28 17:11:51.406  9265  9385 E metis_v2_JenaHandlerManager: local thread match [7f0000011753737069607429507319|p_7319_3b6e632@1|p_9265_af53c72@10|com.oplus.metis]
07-28 17:11:51.406  9265  9385 E metis_v2_JenaHandlerManager: local thread match [7f0000011753737069607429507319|p_7319_3b6e632@1|p_9265_af53c72@10|com.oplus.metis]
07-28 17:11:51.406  9265  9385 E metis_v2_JenaHandlerManager: local thread match [7f0000011753737069607429507319|p_7319_3b6e632@1|p_9265_af53c72@10|com.oplus.metis]
07-28 17:11:51.406  9265  9385 E metis_v2_JenaHandlerManager: local thread match [7f0000011753737069607429507319|p_7319_3b6e632@1|p_9265_af53c72@10|com.oplus.metis]
07-28 17:11:51.406  9265  9385 E metis_v2_JenaHandlerManager: local thread match [7f0000011753737069607429507319|p_7319_3b6e632@1|p_9265_af53c72@10|com.oplus.metis]
07-28 17:11:51.406  9265  9385 E metis_v2_JenaHandlerManager: local thread match [7f0000011753737069607429507319|p_7319_3b6e632@1|p_9265_af53c72@10|com.oplus.metis]
07-28 17:11:51.406  9265  9385 E metis_v2_JenaHandlerManager: local thread match [7f0000011753737069607429507319|p_7319_3b6e632@1|p_9265_af53c72@10|com.oplus.metis]
07-28 17:11:51.406  9265  9385 E metis_v2_JenaHandlerManager: local thread match [7f0000011753737069607429507319|p_7319_3b6e632@1|p_9265_af53c72@10|com.oplus.metis]
07-28 17:11:51.406  9265  9385 E metis_v2_JenaHandlerManager: local thread match [7f0000011753737069607429507319|p_7319_3b6e632@1|p_9265_af53c72@10|com.oplus.metis]
07-28 17:11:51.406  9265  9385 E metis_v2_JenaHandlerManager: local thread match [7f0000011753737069607429507319|p_7319_3b6e632@1|p_9265_af53c72@10|com.oplus.metis]
07-28 17:11:51.406  9265  9385 E metis_v2_JenaHandlerManager: local thread match [7f0000011753737069607429507319|p_7319_3b6e632@1|p_9265_af53c72@10|com.oplus.metis]
07-28 17:11:51.406  9265  9385 E metis_v2_JenaHandlerManager: local thread match [7f0000011753737069607429507319|p_7319_3b6e632@1|p_9265_af53c72@10|com.oplus.metis]
07-28 17:11:51.406  9265  9385 E metis_v2_JenaHandlerManager: local thread match [7f0000011753737069607429507319|p_7319_3b6e632@1|p_9265_af53c72@10|com.oplus.metis]
07-28 17:11:51.406  9265  9385 E metis_v2_JenaHandlerManager: local thread match [7f0000011753737069607429507319|p_7319_3b6e632@1|p_9265_af53c72@10|com.oplus.metis]
07-28 17:11:51.406  9265  9385 E metis_v2_JenaHandlerManager: local thread match [7f0000011753737069607429507319|p_7319_3b6e632@1|p_9265_af53c72@10|com.oplus.metis]
07-28 17:11:51.406  9265  9385 E metis_v2_JenaHandlerManager: local thread match [7f0000011753737069607429507319|p_7319_3b6e632@1|p_9265_af53c72@10|com.oplus.metis]
07-28 17:11:51.406  9265  9385 E metis_v2_JenaHandlerManager: local thread match [7f0000011753737069607429507319|p_7319_3b6e632@1|p_9265_af53c72@10|com.oplus.metis]
07-28 17:11:51.406  9265  9385 E metis_v2_JenaHandlerManager: local thread match [7f0000011753737069607429507319|p_7319_3b6e632@1|p_9265_af53c72@10|com.oplus.metis]
07-28 17:11:51.406  9265  9385 E metis_v2_JenaHandlerManager: local thread match [7f0000011753737069607429507319|p_7319_3b6e632@1|p_9265_af53c72@10|com.oplus.metis]
07-28 17:11:51.406  9265  9385 E metis_v2_JenaHandlerManager: local thread match [7f0000011753737069607429507319|p_7319_3b6e632@1|p_9265_af53c72@10|com.oplus.metis]
07-28 17:11:51.406  9265  9385 E metis_v2_JenaHandlerManager: local thread match [7f0000011753737069607429507319|p_7319_3b6e632@1|p_9265_af53c72@10|com.oplus.metis]
07-28 17:11:51.406  9265  9385 E metis_v2_JenaHandlerManager: local thread match [7f0000011753737069607429507319|p_7319_3b6e632@1|p_9265_af53c72@10|com.oplus.metis]
07-28 17:11:51.406  9265  9388 I DeepThinkerSDK: [APP] ClientConnection: getDeepThinkerBridge start
07-28 17:11:51.406  9265  9385 E metis_v2_JenaHandlerManager: local thread match [7f0000011753737069607429507319|p_7319_3b6e632@1|p_9265_af53c72@10|com.oplus.metis]
07-28 17:11:51.406  9265  9388 I DeepThinkerSDK: [APP] ClientConnection: getDeepThinkerBridge end
07-28 17:11:51.406  9265  9385 E metis_v2_JenaHandlerManager: local thread match [7f0000011753737069607429507319|p_7319_3b6e632@1|p_9265_af53c72@10|com.oplus.metis]
07-28 17:11:51.406  9265  9385 E metis_v2_JenaHandlerManager: local thread match [7f0000011753737069607429507319|p_7319_3b6e632@1|p_9265_af53c72@10|com.oplus.metis]
07-28 17:11:51.406  9265  9385 E metis_v2_JenaHandlerManager: local thread match [7f0000011753737069607429507319|p_7319_3b6e632@1|p_9265_af53c72@10|com.oplus.metis]
07-28 17:11:51.406  9265  9385 E metis_v2_JenaHandlerManager: local thread match [7f0000011753737069607429507319|p_7319_3b6e632@1|p_9265_af53c72@10|com.oplus.metis]
07-28 17:11:51.406  9265  9385 E metis_v2_JenaHandlerManager: local thread match [7f0000011753737069607429507319|p_7319_3b6e632@1|p_9265_af53c72@10|com.oplus.metis]
07-28 17:11:51.406  9265  9385 E metis_v2_JenaHandlerManager: local thread match [7f0000011753737069607429507319|p_7319_3b6e632@1|p_9265_af53c72@10|com.oplus.metis]
07-28 17:11:51.406  9265  9385 E metis_v2_JenaHandlerManager: local thread match [7f0000011753737069607429507319|p_7319_3b6e632@1|p_9265_af53c72@10|com.oplus.metis]
07-28 17:11:51.406  9265  9385 E metis_v2_JenaHandlerManager: local thread match [7f0000011753737069607429507319|p_7319_3b6e632@1|p_9265_af53c72@10|com.oplus.metis]
07-28 17:11:51.406  9265  9385 E metis_v2_JenaHandlerManager: local thread match [7f0000011753737069607429507319|p_7319_3b6e632@1|p_9265_af53c72@10|com.oplus.metis]
07-28 17:11:51.406  9265  9385 E metis_v2_JenaHandlerManager: local thread match [7f0000011753737069607429507319|p_7319_3b6e632@1|p_9265_af53c72@10|com.oplus.metis]
07-28 17:11:51.406  9265  9388 I DeepThinkerSDK: [APP] UserDomainManager: getUserProfileLabel: args:Bundle[{openLabelIdParas=[Bundle[{label_type=1, open_id=38, businessName=metis, targetAppTypeList=[Bundle[{appMinDuration=1800000, id=1, appTypeList=[4], appMinAmount=0}], Bundle[{appMinDuration=1800000, id=2, appTypeList=[5, 9, 16], appMinAmount=0}], Bundle[{appMinDuration=0, id=3, appTypeList=[12], appMinAmount=1}], Bundle[{appMinDuration=0, id=4, appTypeList=[38], appMinAmount=1}], Bundle[{appMinDuration=0, id=5, appTypeList=[35], appMinAmount=1}]]}]]}]
07-28 17:11:51.406  9265  9385 E metis_v2_JenaHandlerManager: local thread match [7f0000011753737069607429507319|p_7319_3b6e632@1|p_9265_af53c72@10|com.oplus.metis]
07-28 17:11:51.406  9265  9385 E metis_v2_JenaHandlerManager: local thread match [7f0000011753737069607429507319|p_7319_3b6e632@1|p_9265_af53c72@10|com.oplus.metis]
07-28 17:11:51.406  9265  9385 E metis_v2_JenaHandlerManager: local thread match [7f0000011753737069607429507319|p_7319_3b6e632@1|p_9265_af53c72@10|com.oplus.metis]
07-28 17:11:51.406  9265  9385 E metis_v2_JenaHandlerManager: local thread match [7f0000011753737069607429507319|p_7319_3b6e632@1|p_9265_af53c72@10|com.oplus.metis]
07-28 17:11:51.406  9265  9385 E metis_v2_JenaHandlerManager: local thread match [7f0000011753737069607429507319|p_7319_3b6e632@1|p_9265_af53c72@10|com.oplus.metis]
07-28 17:11:51.406  9265  9385 E metis_v2_JenaHandlerManager: local thread match [7f0000011753737069607429507319|p_7319_3b6e632@1|p_9265_af53c72@10|com.oplus.metis]
07-28 17:11:51.406  9265  9385 E metis_v2_JenaHandlerManager: local thread match [7f0000011753737069607429507319|p_7319_3b6e632@1|p_9265_af53c72@10|com.oplus.metis]
07-28 17:11:51.406  9265  9385 E metis_v2_JenaHandlerManager: local thread match [7f0000011753737069607429507319|p_7319_3b6e632@1|p_9265_af53c72@10|com.oplus.metis]
07-28 17:11:51.406  9265  9385 E metis_v2_JenaHandlerManager: local thread match [7f0000011753737069607429507319|p_7319_3b6e632@1|p_9265_af53c72@10|com.oplus.metis]
07-28 17:11:51.406  9265  9385 E metis_v2_JenaHandlerManager: local thread match [7f0000011753737069607429507319|p_7319_3b6e632@1|p_9265_af53c72@10|com.oplus.metis]
07-28 17:11:51.406  9265  9385 E metis_v2_JenaHandlerManager: local thread match [7f0000011753737069607429507319|p_7319_3b6e632@1|p_9265_af53c72@10|com.oplus.metis]
07-28 17:11:51.406  9265  9385 E metis_v2_JenaHandlerManager: local thread match [7f0000011753737069607429507319|p_7319_3b6e632@1|p_9265_af53c72@10|com.oplus.metis]
07-28 17:11:51.406  9265  9385 E metis_v2_JenaHandlerManager: local thread match [7f0000011753737069607429507319|p_7319_3b6e632@1|p_9265_af53c72@10|com.oplus.metis]
07-28 17:11:51.406  9265  9385 E metis_v2_JenaHandlerManager: local thread match [7f0000011753737069607429507319|p_7319_3b6e632@1|p_9265_af53c72@10|com.oplus.metis]
07-28 17:11:51.406  9265  9385 E metis_v2_JenaHandlerManager: local thread match [7f0000011753737069607429507319|p_7319_3b6e632@1|p_9265_af53c72@10|com.oplus.metis]
07-28 17:11:51.406  9265  9385 E metis_v2_JenaHandlerManager: local thread match [7f0000011753737069607429507319|p_7319_3b6e632@1|p_9265_af53c72@10|com.oplus.metis]
07-28 17:11:51.406  9265  9385 E metis_v2_JenaHandlerManager: local thread match [7f0000011753737069607429507319|p_7319_3b6e632@1|p_9265_af53c72@10|com.oplus.metis]
07-28 17:11:51.406  9265  9385 E metis_v2_JenaHandlerManager: local thread match [7f0000011753737069607429507319|p_7319_3b6e632@1|p_9265_af53c72@10|com.oplus.metis]
07-28 17:11:51.406  9265  9385 E metis_v2_JenaHandlerManager: local thread match [7f0000011753737069607429507319|p_7319_3b6e632@1|p_9265_af53c72@10|com.oplus.metis]
07-28 17:11:51.406  9265  9385 E metis_v2_JenaHandlerManager: local thread match [7f0000011753737069607429507319|p_7319_3b6e632@1|p_9265_af53c72@10|com.oplus.metis]
07-28 17:11:51.406  9265  9385 E metis_v2_JenaHandlerManager: local thread match [7f0000011753737069607429507319|p_7319_3b6e632@1|p_9265_af53c72@10|com.oplus.metis]
07-28 17:11:51.406  9265  9385 E metis_v2_JenaHandlerManager: local thread match [7f0000011753737069607429507319|p_7319_3b6e632@1|p_9265_af53c72@10|com.oplus.metis]
07-28 17:11:51.406  9265  9385 E metis_v2_JenaHandlerManager: local thread match [7f0000011753737069607429507319|p_7319_3b6e632@1|p_9265_af53c72@10|com.oplus.metis]
07-28 17:11:51.406  9265  9385 E metis_v2_JenaHandlerManager: local thread match [7f0000011753737069607429507319|p_7319_3b6e632@1|p_9265_af53c72@10|com.oplus.metis]
07-28 17:11:51.406  9265  9385 E metis_v2_JenaHandlerManager: local thread match [7f0000011753737069607429507319|p_7319_3b6e632@1|p_9265_af53c72@10|com.oplus.metis]
07-28 17:11:51.406  9265  9385 E metis_v2_JenaHandlerManager: local thread match [7f0000011753737069607429507319|p_7319_3b6e632@1|p_9265_af53c72@10|com.oplus.metis]
07-28 17:11:51.406  9265  9385 E metis_v2_JenaHandlerManager: local thread match [7f0000011753737069607429507319|p_7319_3b6e632@1|p_9265_af53c72@10|com.oplus.metis]
07-28 17:11:51.406  9265  9385 E metis_v2_JenaHandlerManager: local thread match [7f0000011753737069607429507319|p_7319_3b6e632@1|p_9265_af53c72@10|com.oplus.metis]
07-28 17:11:51.406  9265  9385 E metis_v2_JenaHandlerManager: local thread match [7f0000011753737069607429507319|p_7319_3b6e632@1|p_9265_af53c72@10|com.oplus.metis]
07-28 17:11:51.406  9265  9385 E metis_v2_JenaHandlerManager: local thread match [7f0000011753737069607429507319|p_7319_3b6e632@1|p_9265_af53c72@10|com.oplus.metis]
07-28 17:11:51.406  9265  9385 E metis_v2_JenaHandlerManager: local thread match [7f0000011753737069607429507319|p_7319_3b6e632@1|p_9265_af53c72@10|com.oplus.metis]
07-28 17:11:51.406  9265  9385 E metis_v2_JenaHandlerManager: local thread match [7f0000011753737069607429507319|p_7319_3b6e632@1|p_9265_af53c72@10|com.oplus.metis]
07-28 17:11:51.406  9265  9385 E metis_v2_JenaHandlerManager: local thread match [7f0000011753737069607429507319|p_7319_3b6e632@1|p_9265_af53c72@10|com.oplus.metis]
07-28 17:11:51.406  9265  9385 E metis_v2_JenaHandlerManager: local thread match [7f0000011753737069607429507319|p_7319_3b6e632@1|p_9265_af53c72@10|com.oplus.metis]
07-28 17:11:51.406  9265  9385 E metis_v2_JenaHandlerManager: local thread match [7f0000011753737069607429507319|p_7319_3b6e632@1|p_9265_af53c72@10|com.oplus.metis]
07-28 17:11:51.406  9265  9385 E metis_v2_JenaHandlerManager: local thread match [7f0000011753737069607429507319|p_7319_3b6e632@1|p_9265_af53c72@10|com.oplus.metis]
07-28 17:11:51.406  9265  9385 E metis_v2_JenaHandlerManager: local thread match [7f0000011753737069607429507319|p_7319_3b6e632@1|p_9265_af53c72@10|com.oplus.metis]
07-28 17:11:51.406  9265  9385 E metis_v2_JenaHandlerManager: local thread match [7f0000011753737069607429507319|p_7319_3b6e632@1|p_9265_af53c72@10|com.oplus.metis]
07-28 17:11:51.406  9265  9385 E metis_v2_JenaHandlerManager: local thread match [7f0000011753737069607429507319|p_7319_3b6e632@1|p_9265_af53c72@10|com.oplus.metis]
07-28 17:11:51.406  9265  9385 E metis_v2_JenaHandlerManager: local thread match [7f0000011753737069607429507319|p_7319_3b6e632@1|p_9265_af53c72@10|com.oplus.metis]
07-28 17:11:51.406  9265  9385 E metis_v2_JenaHandlerManager: local thread match [7f0000011753737069607429507319|p_7319_3b6e632@1|p_9265_af53c72@10|com.oplus.metis]
07-28 17:11:51.407  9265  9385 E metis_v2_JenaHandlerManager: local thread match [7f0000011753737069607429507319|p_7319_3b6e632@1|p_9265_af53c72@10|com.oplus.metis]
07-28 17:11:51.407  9265  9385 E metis_v2_JenaHandlerManager: local thread match [7f0000011753737069607429507319|p_7319_3b6e632@1|p_9265_af53c72@10|com.oplus.metis]
07-28 17:11:51.407  9265  9385 E metis_v2_JenaHandlerManager: local thread match [7f0000011753737069607429507319|p_7319_3b6e632@1|p_9265_af53c72@10|com.oplus.metis]
07-28 17:11:51.407  9265  9385 E metis_v2_JenaHandlerManager: local thread match [7f0000011753737069607429507319|p_7319_3b6e632@1|p_9265_af53c72@10|com.oplus.metis]
07-28 17:11:51.407  9265  9385 E metis_v2_JenaHandlerManager: local thread match [7f0000011753737069607429507319|p_7319_3b6e632@1|p_9265_af53c72@10|com.oplus.metis]
07-28 17:11:51.407  9265  9385 E metis_v2_JenaHandlerManager: local thread match [7f0000011753737069607429507319|p_7319_3b6e632@1|p_9265_af53c72@10|com.oplus.metis]
07-28 17:11:51.407  9265  9385 E metis_v2_JenaHandlerManager: local thread match [7f0000011753737069607429507319|p_7319_3b6e632@1|p_9265_af53c72@10|com.oplus.metis]
07-28 17:11:51.407  9265  9385 E metis_v2_JenaHandlerManager: local thread match [7f0000011753737069607429507319|p_7319_3b6e632@1|p_9265_af53c72@10|com.oplus.metis]
07-28 17:11:51.407  9265  9385 E metis_v2_JenaHandlerManager: local thread match [7f0000011753737069607429507319|p_7319_3b6e632@1|p_9265_af53c72@10|com.oplus.metis]
07-28 17:11:51.407  9265  9385 E metis_v2_JenaHandlerManager: local thread match [7f0000011753737069607429507319|p_7319_3b6e632@1|p_9265_af53c72@10|com.oplus.metis]
07-28 17:11:51.407  9265  9385 E metis_v2_JenaHandlerManager: local thread match [7f0000011753737069607429507319|p_7319_3b6e632@1|p_9265_af53c72@10|com.oplus.metis]
07-28 17:11:51.407  9265  9385 E metis_v2_JenaHandlerManager: local thread match [7f0000011753737069607429507319|p_7319_3b6e632@1|p_9265_af53c72@10|com.oplus.metis]
07-28 17:11:51.407  9265  9385 E metis_v2_JenaHandlerManager: local thread match [7f0000011753737069607429507319|p_7319_3b6e632@1|p_9265_af53c72@10|com.oplus.metis]
07-28 17:11:51.407  9265  9385 E metis_v2_JenaHandlerManager: local thread match [7f0000011753737069607429507319|p_7319_3b6e632@1|p_9265_af53c72@10|com.oplus.metis]
07-28 17:11:51.407  9265  9385 E metis_v2_JenaHandlerManager: local thread match [7f0000011753737069607429507319|p_7319_3b6e632@1|p_9265_af53c72@10|com.oplus.metis]
07-28 17:11:51.407  9265  9385 E metis_v2_JenaHandlerManager: local thread match [7f0000011753737069607429507319|p_7319_3b6e632@1|p_9265_af53c72@10|com.oplus.metis]
07-28 17:11:51.407  9265  9385 E metis_v2_JenaHandlerManager: local thread match [7f0000011753737069607429507319|p_7319_3b6e632@1|p_9265_af53c72@10|com.oplus.metis]
07-28 17:11:51.407  9265  9385 E metis_v2_JenaHandlerManager: local thread match [7f0000011753737069607429507319|p_7319_3b6e632@1|p_9265_af53c72@10|com.oplus.metis]
07-28 17:11:51.409  5221  5442 W [0]DCS  : Common Record event failed. DCS reject event: [appId=107501,logTag=10750101,eventId=metis_scene] . Pls check server config.
07-28 17:11:51.413  5221  5442 W [0]DCS  : Common Record event failed. DCS reject event: [appId=107501,logTag=10750101,eventId=metis_scene] . Pls check server config.
07-28 17:11:51.440  1929  2229 I SDM     : DisplayBase::CommitThread: Received idle timeout, panel: cmd, timeout: 70000 us
07-28 17:11:51.511  1992  1992 D SensorFeature: name=ssc_screenshot_info ,index = 22
07-28 17:11:51.511  1992  1992 D SensorFeature: write 29 bytes:60178459403,60228633205,166,0
07-28 17:11:51.513  1833  4449 I sensors-hal: handle_oplus_wise_rgb_event:189, high_pwm_light:lux 278.4,cct 3639.5,brl/algo/ir 1432.0/2.0/17.1,pwm/dc 0.0/0.0,rgbc 21526.751953/13454.066406/6228.349609/39799.222656,ts 60170132390,cnt 870,flag 166
07-28 17:11:51.514  1929  4443 I Dpps    : LtmSwState::SetParameter():144 ignore cmd 7 in state LtmOffState
07-28 17:11:51.516  1929  2229 I SDM     : DisplayBase::CommitThread: Received idle timeout, panel: cmd, timeout: 70000 us
07-28 17:11:51.607  2159  3514 D VRR [OTI]: handleIdle from 0 to 1
07-28 17:11:51.607  2159  3514 D VRR [OTI-HW]: isStateReady 1
07-28 17:11:51.607  2159  3514 D VRR [RefreshRateDirector]: requestRefreshRateByOti update [ oti-hw, {fps=60, modePtr={id=5, vsyncRate=60.00 Hz, peakRefreshRate=60.00 Hz}} ]
07-28 17:11:51.607  2159  3514 D VRR [RefreshRateDirector]: selectBestFrameRate DirectorMapOti [oti-hw, {fps=60, modePtr={id=5, vsyncRate=60.00 Hz, peakRefreshRate=60.00 Hz}}]
07-28 17:11:51.607  2159  3514 D VRR [RefreshRateDirector]: updateBestFrameRate [oti-hw, {fps=60, modePtr={id=5, vsyncRate=60.00 Hz, peakRefreshRate=60.00 Hz}}]
07-28 17:11:51.607  2159  3514 D SurfaceFlinger: VRR [SurfaceFlinger] setDesiredActiveMode: displayId: 4630946756802996883, renderRate: 60, vsyncRate: 60, event: 1
07-28 17:11:51.607  2159  3514 D DisplayModeController: setDesiredMode 4630946756802996883 {mode={fps=60.00 Hz, modePtr={id=5, vsyncRate=60.00 Hz, peakRefreshRate=60.00 Hz}}, emitEvent=true, force=false}
07-28 17:11:51.608  2159  2159 I DisplayModeController: hwc begin mode change to 16666666
07-28 17:11:51.608  2159  2159 I HWC2    : [0] setActiveConfigWithConstraints[5]
07-28 17:11:51.609  1929  1929 W SDM     : HWDeviceDRM::GetSupportedBitClkRate: Requested rate not supported: 1363200000
07-28 17:11:51.609  1929  1929 I SDM     : HWDeviceDRM::UpdateMixerAttributes: Mixer WxH 1440x3168-1 for Peripheral
07-28 17:11:51.609  1929  1929 I CwbService: CwbService::notifyConfigChange: display:0, config:5 size:4, sec.size():0
07-28 17:11:51.609  1929  1929 I CwbService: CwbService::notifyConfigChange: display: 0, config = 1
07-28 17:11:51.609  1929  3463 I CasManager: Fps changed from 120 to 60
07-28 17:11:51.609  1929  3463 I CasManager: Fps changed, not change bin, so trigger gain
07-28 17:11:51.609  1929  3463 W SDM     : DemuraIntfImpl::ProcessOemPluginGain: Thermal intf_ is nullptr 0, default to 25 degree
07-28 17:11:51.609  1929  3463 I SDM     : CasQcPlugIn::ProcessPerCompGainOppo: input params, mode:PWM, fps:60, dbv:1432
07-28 17:11:51.609  1929  3463 I SDM     : CasQcPlugIn::ProcessPerCompGainOppo: normalized bright_adj:1024, dbv:1432, bin_dbv:1083, 
07-28 17:11:51.609  1929  3463 I SDM     : CasQcPlugIn::ProcessPerCompGainOppo: gains print start =====================
07-28 17:11:51.609  1929  3463 I SDM     : CasQcPlugIn::ProcessPerCompGainOppo: gain --------------------------------
07-28 17:11:51.609  1929  3463 I SDM     : CasQcPlugIn::ProcessPerCompGainOppo: old: 0 0 0 57 90 322 1201 3072
07-28 17:11:51.609  1929  3463 I SDM     : CasQcPlugIn::ProcessPerCompGainOppo: new: 0 0 0 32 77 276 1030 3072
07-28 17:11:51.609  1929  3463 I SDM     : CasQcPlugIn::ProcessPerCompGainOppo: gain --------------------------------
07-28 17:11:51.609  1929  3463 I SDM     : CasQcPlugIn::ProcessPerCompGainOppo: old: 0 0 0 64 125 373 1336 3072
07-28 17:11:51.609  1929  3463 I SDM     : CasQcPlugIn::ProcessPerCompGainOppo: new: 0 0 0 36 98 373 1336 3072
07-28 17:11:51.609  1929  3463 I SDM     : CasQcPlugIn::ProcessPerCompGainOppo: gain --------------------------------
07-28 17:11:51.609  1929  3463 I SDM     : CasQcPlugIn::ProcessPerCompGainOppo: old: 0 0 0 42 83 323 1222 3072
07-28 17:11:51.609  1929  3463 I SDM     : CasQcPlugIn::ProcessPerCompGainOppo: new: 0 0 0 23 83 323 1222 3072
07-28 17:11:51.609  1929  3463 I SDM     : CasQcPlugIn::ProcessPerCompGainOppo: gains print end =======================
07-28 17:11:51.616  1929  3463 I SDM     : DemuraIntfImpl::StageAllData: Staged all data to Demura Driver!
07-28 17:11:51.616  1929  3463 I SDM     : HWPeripheralDRM::SetPanelFeature: Set Panel feature property 19
07-28 17:11:51.616  1929  3463 I SDM     : HWPeripheralDRM::SetPanelFeature: Set Panel feature property 7
07-28 17:11:51.616  1929  3463 I SDM     : DisplayBuiltIn::TriggerDemuraOemPlugIn: Trigger demura oem plugin success
07-28 17:11:51.618  1929  2229 I SDM     : DRMPanelFeatureMgr::ApplyDirtyFeature: Commited panel feature [enabled]: 20-272
07-28 17:11:51.618  1929  2229 I SDM     : DRMPanelFeatureMgr::ApplyDirtyFeature: Commited panel feature [enabled]: 8-271
07-28 17:11:51.637  2159  2159 D VRR-[OPlusRefreshRateSelector]: setCurrentModeId 5 type SM
07-28 17:11:51.637  2159  3514 D VRR [OTI-HW]: isStateReady 1
07-28 17:11:51.637  2159  3514 D VRR [OTI-HW]: keep rate.
07-28 17:11:51.638  3440  3615 I DisplayDeviceRepository: Display device changed render timings: "Built-in Screen", renderFrameRate=60.000004, presentationDeadlineNanos=16666666, appVsyncOffsetNanos=1000000
07-28 17:11:51.638  3440  3615 D LogicalDisplayExt: set displayInfo flag FLAG_ROTATES_WITH_CONTENT
07-28 17:11:51.640  3440  3615 D DisplayManagerServiceExtImpl: scheduleTraversalLocked intraversal=false
07-28 17:11:51.640  3440  3615 I DisplayManagerServiceExtImpl: handle logical display changed logicalDisplay=id=0,stack=0,content=true,displayInfo{stack=0,type=1,id=0,uId=local:4630946756802996883,state=ON,pkg=null}
07-28 17:11:51.641  3440  3615 D DisplayManagerService: Delivering display event: displayId=0, event=CHANGED
07-28 17:11:51.641  3440  3755 D BrightnessThermalClamper: Thermal status observer already started
07-28 17:11:51.641  3440  3755 D BrightnessPowerClamper: Power throttling data is missing for configuration data.
07-28 17:11:51.642  3440  3613 D OplusVFXScreenEffectFeature: notifySFCompatWindowStateChange entered false
07-28 17:11:51.643  2159  2368 D [PREVIEW]: SF obtain preview_adapter: 0
07-28 17:11:51.643  2159  2368 D [PREVIEW]: TabletPreviewAdapter::parallel world 0
07-28 17:11:51.643  4674  4674 D CastManagerService: onDisplayChanged.
07-28 17:11:51.643  3440  3440 E OplusGestureAnimationManagerPolicy: mScreenHeight:2376 mScreenWidth:1080 mRotation:0
07-28 17:11:51.644  3440  3613 D FSS_FoldScreenBlackCoverController: displayChangeToOn, dc:Display{#0 state=ON size=1080x2376 ROTATION_0}
07-28 17:11:51.645  2151  4521 D AudioFlingerExtImpl: AudioFlingerExtImpl oplusSetParameters: keyvalue screen_state=on
07-28 17:11:51.645  2151  4521 D DeviceHalAidl: 0xb40000719b47c200 DeviceHalAidl::setParameters
07-28 17:11:51.645  2151  4521 D DeviceHalAidl: setParameters: parameters: "screen_state=on"
07-28 17:11:51.645  1863  3525 I PAL: ResourceManager: setParameter: 11480: Screen State:1
07-28 17:11:51.645  2151  4521 D DeviceHalAidl: 0xb40000719b47c800 DeviceHalAidl::setParameters
07-28 17:11:51.646  2151  4521 D DeviceHalAidl: setParameters: parameters: "screen_state=on"
07-28 17:11:51.646  1863  3525 D AHAL_Module: updateScreenState: usb: 1
07-28 17:11:51.646  3440  3615 D DisplayManagerService: MSG_REQUEST_TRAVERSAL pendingCompleted=false
07-28 17:11:51.645  4868  4868 I SystemUi--Statusbar: DisplayRepository-->combining enabled=[0], connectedExternalDisplayIds=[], ignored=[]
07-28 17:11:51.646  2151  4521 D DeviceHalAidl: 0xb40000719b47ce00 DeviceHalAidl::setParameters
07-28 17:11:51.646  2151  4521 D DeviceHalAidl: setParameters: parameters: "screen_state=on"
07-28 17:11:51.646  1863  3525 D AHAL_Module: updateScreenState: r_submix: 1
07-28 17:11:51.646  2151  4521 D DeviceHalAidl: 0xb40000719b47d400 DeviceHalAidl::setParameters
07-28 17:11:51.646  2151  4521 D DeviceHalAidl: setParameters: parameters: "screen_state=on"
07-28 17:11:51.646  1863  3525 D AHAL_Module: updateScreenState: bluetooth: 1
07-28 17:11:51.646  6455  6507 E oiface  : sched_setaffinity failed
07-28 17:11:51.646  3440  3613 D DisplayManagerService: performTraversalInternal pendingTraversal
07-28 17:11:51.646  3440  3613 D DisplayDevice: setLayerStackLocked id=local:4630946756802996883 token=android.os.BinderProxy@8685ad0 stack=0->0
07-28 17:11:51.646  2151  4521 D DeviceHalAidl: 0xb40000719b47da00 DeviceHalAidl::setParameters
07-28 17:11:51.647  2151  4521 D DeviceHalAidl: setParameters: parameters: "screen_state=on"
07-28 17:11:51.647  1863  3525 D AHAL_Module: updateScreenState: bluetooth: 1
07-28 17:11:51.647  2151  4521 D DeviceHalAidl: 0xb40000719b47e000 DeviceHalAidl::setParameters
07-28 17:11:51.647  2151  4521 D DeviceHalAidl: setParameters: parameters: "screen_state=on"
07-28 17:11:51.647  2024  2070 I gameoptHal: targetfps updated 6 -- 60
07-28 17:11:51.647  1863  1863 D AHAL_Module: updateScreenState: stub: 1
07-28 17:11:51.657  5195  6486 D VendorTelephonyService: onTelephonyEventReport slotId =0 eventId=2009
07-28 17:11:51.658  5195  6486 D VendorTelephonyService: onTelephonyEventReport slotId =0 eventId=2009
07-28 17:11:51.658  5195  6486 D VendorTelephonyService: onTelephonyEventReport slotId =1 eventId=2009
07-28 17:11:51.658  5195  6486 D VendorTelephonyService: onTelephonyEventReport slotId =1 eventId=2009
07-28 17:11:51.658  4991  9461 D SaDataService: onTelephonyEventReport , subId= 0,slotId=-1 eventId=2009
07-28 17:11:51.658  5195  5195 D VendorCallService: notityEventUpdate, eventId:2009, slotId = 0
07-28 17:11:51.658  5195  5195 D VendorCallService: notityEventUpdate, eventId:2009, slotId = 1
07-28 17:11:51.658  4991  9461 D TelephonyImpl: notify eventId:2009 for list size:2
07-28 17:11:51.658  4991  9461 D SaDataService: onTelephonyEventReport , subId= 1,slotId=0 eventId=2009
07-28 17:11:51.658  4991  9461 D TelephonyImpl: notify eventId:2009 for list size:2
07-28 17:11:51.688  3440  3776 D VRR [OPlusRefreshRateService]: handleConfigIdChange physicalDisplayId: 4630946756802996883 configId: 5 renderPeriod: 16666666
07-28 17:11:51.688  3440  3776 D VRR [OPlusSAManager]: updateModeChange old modeId [ 4 ] -> new modeId [ 5 ] mCurPolicy: 1
07-28 17:11:51.689  3440  3776 D VRR [OPlusSAManager]: updateSAScene active modeId: 5
07-28 17:11:51.689  3440  3776 D VRR [OPlusSAManager]: updateSAScene current policy: 1 active modeId: 5 scene: VRR_60
07-28 17:11:51.689  3440  3776 D VRR [OPlusOAManager]: Not OA business! new modeId: [5] active modeId: [4]
07-28 17:11:51.689  3440  3776 D VRR [OPlusGameStatusManager]: updateGameState mOSyncFeatureSwitch: false mIsGamePolicy: false
07-28 17:11:51.689  3440  3776 D VRR [OPlusGameStatusManager]: setLTMStatus false curPkgName: com.android.launcher curr status: false HeartStop: false HeartStopFromTGPA: false ActiveFPS: 60.000004
07-28 17:11:51.689  3440  3776 D VRR [OPlusGameStatusManager]: updateGameAccelerationStatus pkgName: com.android.launcher mOSyncFeatureSwitch: false mIsGamePolicy: false mHeartStop: false mHasFlickerRisk: false mForceAcceleration: false mToastReady: false enable: false
07-28 17:11:51.689  3440  3776 D VRR [OPlusGameStatusManager]: updateToastStatus enableAcceleration: false toastReady: false isGamePolicy: false desiredModeId: 5
07-28 17:11:51.689  3440  3776 D VRR [OPlusGameStatusManager]: updateToastStatus enableAcceleration: false toastReady: false isGamePolicy: false desiredModeId: 5
07-28 17:11:51.689  3440  3776 D VRR [OPlusExternalRefreshRateManager]:  updateRenderPeriodChange configId:5 current refresh rate:60.000004
07-28 17:11:51.739  3440  3776 D VRR [OPlusSAManager]: setSAConfig scene: VRR_60 modeId: 5 auto: false fakeFrame: false
07-28 17:11:51.739  3440  3776 D VRR [OPlusSAManager]: updateAutoMinfps with nits: 116.07124, mHistOK true, mAmbientOK true, mCctOK true, mIrOK true, mBrightnessOK true, isPkgOK true, SA min fps: 119
07-28 17:11:51.739  3440  3776 D VRR [OPlusSurfaceFlingerController]: setAutoMode enable: false fakeFrame: false fps: 119
07-28 17:11:51.739  2159  2299 I VRR-[OPlusAdfrUtil]: ADFR try set Auto mode with mode 0 fakeframe 0 min fps 119
07-28 17:11:51.739  2159  2299 D VRR-[OPlusRefreshRateSelector]: OSyncModes add size is 1.
07-28 17:11:51.739  2159  2299 I VRR-[OPlusRefreshRateSelector]: updateAutoMode success, display 0, mode 0, fakeframe 0, min fps: 1
07-28 17:11:51.739  2159  3489 D VRR-[OPlusRefreshRateSelector]: handleSetHWCOSync
07-28 17:11:51.739  2159  3489 D VRR-[OPlusRefreshRateSelector]: OSyncModes remaining size is 0.
07-28 17:11:51.739  2159  3489 D VRR-[OPlusRefreshRateSelector]: SetHWCOSync with 5CC08081
07-28 17:11:51.739  1929  1929 I SDM     : DisplayBuiltIn::SetQSyncMode: VRR + update qsync mode 0 minfps 00C08081
07-28 17:11:51.747  1929  2229 E SDM     : DRMConnector::Perform: Connector 67: Setting Qsync min fps 12615809
07-28 17:11:51.764  3440  4649 V SettingsProvider: deleteSystemSetting(OPLUS_SLA_LAST_MCC, 0)
07-28 17:11:51.764  3440  4649 D SettingsProvider: delete system settings OPLUS_****_MCC pkg is  android user id is 0
07-28 17:11:51.766  3440  4649 W OplusSlaManager: updateMCC curMCC from macc_change!
07-28 17:11:51.770  3440  4649 W OplusSlaApps: sendWhiteListAppUid no enabled app found...
07-28 17:11:51.770  3440  4649 W OplusSlaApps: sendGameAppUid no game app found!!
07-28 17:11:51.778  4991  5806 E CellularEvent: nri null ps
07-28 17:11:51.778  4991  5806 E CellularEvent: invalid nri
07-28 17:11:51.790  4938  5866 D AutoDualCardRoamingDemand: judgeToShowDialog return for sim count != 2
07-28 17:11:51.812  1992  1992 D SensorFeature: name=ssc_screenshot_info ,index = 22
07-28 17:11:51.812  1992  1992 D SensorFeature: write 29 bytes:60178459403,60529795705,167,0
07-28 17:11:51.818  1929  2229 I SDM     : DisplayBase::CommitThread: Received idle timeout, panel: cmd, timeout: 70000 us
07-28 17:11:52.067  2017  2047 D BatteryChargeControl: bcc get no support from charging protocol
07-28 17:11:52.092  2017  7295 D charge_time: write 14043s(03:54:03) to ttf, rc=7
07-28 17:11:52.092  2017  7295 D charge_time: type=sdp,reserve_soc=2,soc=64,ui_soc=66,current=184,avg=182,not_chg_cnt=0,stable_cnt=7,fcc=5724,fcc_ratio=94,delta=45,debug=0,region=14,ttf=18319(05:05:19),ui_ttf=14043(03:54:03)
07-28 17:11:52.114  1992  1992 D SensorFeature: name=ssc_screenshot_info ,index = 22
07-28 17:11:52.114  1992  1992 D SensorFeature: write 29 bytes:60178459403,60831705184,168,0
07-28 17:11:52.118  3440  3695 W UserAwareMgr: event can not be released, id: 3020, count: 2, releasePid: 4868
07-28 17:11:52.207  1929  4443 I Dpps    : LtmSwState::SetParameter():144 ignore cmd 7 in state LtmOffState
07-28 17:11:52.240  3440  3776 D VRR [OPlusSAManager]: updateAutoMinfps with nits: 116.07124, mHistOK true, mAmbientOK true, mCctOK true, mIrOK true, mBrightnessOK true, isPkgOK true, SA min fps: 119
07-28 17:11:52.240  3440  3776 D VRR [OPlusSurfaceFlingerController]: setAutoMode enable: false fakeFrame: false fps: 119
07-28 17:11:52.241  2159  2368 I VRR-[OPlusAdfrUtil]: ADFR try set Auto mode with mode 0 fakeframe 0 min fps 119
07-28 17:11:52.241  2159  2368 D VRR-[OPlusRefreshRateSelector]: OSyncModes add size is 1.
07-28 17:11:52.241  2159  2368 I VRR-[OPlusRefreshRateSelector]: updateAutoMode success, display 0, mode 0, fakeframe 0, min fps: 1
07-28 17:11:52.241  2159  3489 D VRR-[OPlusRefreshRateSelector]: handleSetHWCOSync
07-28 17:11:52.241  2159  3489 D VRR-[OPlusRefreshRateSelector]: OSyncModes remaining size is 0.
07-28 17:11:52.241  2159  3489 D VRR-[OPlusRefreshRateSelector]: SetHWCOSync with 5CC08081
07-28 17:11:52.241  1929  3486 I SDM     : DisplayBuiltIn::SetQSyncMode: VRR + update qsync mode 0 minfps 00C08081
07-28 17:11:52.248  1929  2229 E SDM     : DRMConnector::Perform: Connector 67: Setting Qsync min fps 12615809
07-28 17:11:52.319  1929  2229 I SDM     : DisplayBase::CommitThread: Received idle timeout, panel: cmd, timeout: 70000 us
07-28 17:11:52.408  9265 12081 W LOG_FLOWCTRL: ==LOGS OVER PROC QUOTA(300), rows(22) bytes(2262) com.oplus.metis DROPPED==
07-28 17:11:52.408  9265 12081 I LogCacheHelper: cache log scheduled task [base|com.oplus.metis|1.5.5-f48228a]
07-28 17:11:52.408  9265 12081 E metis_v2_JenaHandlerManager_cache: 2025-07-28 17:11:51.407000		9385		local thread match
07-28 17:11:52.408  9265 12081 E metis_v2_JenaHandlerManager_cache: 2025-07-28 17:11:51.407000		9385		local thread match
07-28 17:11:52.408  9265 12081 E metis_v2_JenaHandlerManager_cache: 2025-07-28 17:11:51.407000		9385		local thread match
07-28 17:11:52.408  9265 12081 E metis_v2_JenaHandlerManager_cache: 2025-07-28 17:11:51.407000		9385		local thread match
07-28 17:11:52.408  9265 12081 E metis_v2_JenaHandlerManager_cache: 2025-07-28 17:11:51.407000		9385		local thread match
07-28 17:11:52.408  9265 12081 E metis_v2_JenaHandlerManager_cache: 2025-07-28 17:11:51.407000		9385		local thread match
07-28 17:11:52.408  9265 12081 E metis_v2_JenaHandlerManager_cache: 2025-07-28 17:11:51.407000		9385		local thread match
07-28 17:11:52.408  9265 12081 E metis_v2_JenaHandlerManager_cache: 2025-07-28 17:11:51.407000		9385		local thread match
07-28 17:11:52.408  9265 12081 E metis_v2_JenaHandlerManager_cache: 2025-07-28 17:11:51.407000		9385		local thread match
07-28 17:11:52.408  9265 12081 E metis_v2_JenaHandlerManager_cache: 2025-07-28 17:11:51.407000		9385		local thread match
07-28 17:11:52.408  9265 12081 E metis_v2_JenaHandlerManager_cache: 2025-07-28 17:11:51.407000		9385		local thread match
07-28 17:11:52.408  9265 12081 E metis_v2_JenaHandlerManager_cache: 2025-07-28 17:11:51.407000		9385		local thread match
