07-28 17:11:49.360  4868  4868 I SystemUi--Statusbar: BatteryViewBinder-->create drawable: com.oplus.systemui.statusbar.pipeline.battery.ui.drawable.HorizontalBatteryContentDrawable@a2272e2 iconStyle:BatteryIconStyle(iconStyle=1, oldStylePercentIn=false, densityDpi=480, scaleFactor=1.0, themeId=0, isThemeModeColor=false, frameColorMode=0, isPercentOutBgMode=false, isPercentOutPbMode=false, batteryOutChargeBgMode=0)
07-28 17:11:49.360  4868  4868 I SystemUi--Statusbar: BatteryViewBinder-->create drawable: com.oplus.systemui.statusbar.pipeline.battery.ui.drawable.HorizontalBatteryContentDrawable@c77f673 iconStyle:BatteryIconStyle(iconStyle=1, oldStylePercentIn=false, densityDpi=480, scaleFactor=1.0, themeId=0, isThemeModeColor=false, frameColorMode=0, isPercentOutBgMode=false, isPercentOutPbMode=false, batteryOutChargeBgMode=0)
07-28 17:11:49.362  4868  5470 D Util    : isPkgInstalled_isPkgInstalled = false
07-28 17:11:49.362  4868  5470 D Util    : isPkgInstalled_isPkgInstalled = true
07-28 17:11:49.362  4868  4868 I SystemUi--Keyguard: ScrimControllerExImp-->blur State to UNLOCK, bouncer=false changeFromBouncerScrim= false runnerUnlock= false goingAway=false hasHandle=true isOccludeAnimationPlaying=false
07-28 17:11:49.362  3440  4439 I InputDispatcher: injectInputEvent: targetUid=<not set>, syncMode=WAIT_FOR_FINISHED, timeout=30000ms, policyFlags=0x8000000, event=MotionEvent { action=MOVE, id[0]=0, x[0]=900, y[0]=719.5, eventTime=58080000000, downTime=57975000000, deviceId=4, source=TOUCHSCREEN, displayId=0, eventId=0xfc0c8621}
07-28 17:11:49.362  1924  1982 I SnapAlloc: Using graphics libs for alignment calculations
07-28 17:11:49.363  3440  3756 D PowerManagerService: userActivityNoUpdateLocked: groupId=0, eventTime=58080, event=touch, flags=0x0, uid=1000
07-28 17:11:49.363  4868  4868 I SystemUi--Keyguard: ScrimControllerExImp-->blur State to UNLOCK, bouncer=false changeFromBouncerScrim= false runnerUnlock= false goingAway=false hasHandle=true isOccludeAnimationPlaying=false
07-28 17:11:49.363  1924  1982 I SnapAlloc: Using graphics libs for alignment calculations
07-28 17:11:49.364  1924  1982 I SnapAlloc: Using graphics libs for alignment calculations
07-28 17:11:49.367  1929  4443 I Dpps    : LtmSwState::SetParameter():144 ignore cmd 7 in state LtmOffState
07-28 17:11:49.368  1929  1929 I SDM     : ClstcAlgorithmAdapter::UcscToneMap():1625 Checksum for layer 1 is: 0
07-28 17:11:49.369  2159  3533 D SurfaceFlinger: updateWinowInfo=1, setFocusedWindow timestamp=58072281331, windowName=4641cea NotificationShade
07-28 17:11:49.369  3440  4601 I InputDispatcher: NFW_setFocusedWindow, 4641cea NotificationShade on display 0, same as the previous:0
07-28 17:11:49.369  3440  4601 I InputDispatcher: updateFocusedWindow,  on display 0, reason: Waiting for window because NOT_FOCUSABLE, result:   FocusedWindows: <none>
07-28 17:11:49.369  3440  3474 I InputDispatcher: updateFocusedWindow, 4641cea NotificationShade on display 0, reason: Window became focusable. Previous reason: NOT_FOCUSABLE, result:   FocusedWindows:
07-28 17:11:49.369  3440  3474 I InputDispatcher:     displayId=0, name='4641cea NotificationShade'
07-28 17:11:49.369  5202  5202 D VRI[Launcher]: onFocusEvent false
07-28 17:11:49.369  4868  4868 D VRI[NotificationShade]: onFocusEvent true
07-28 17:11:49.370  3440  4439 I InputDispatcher: injectInputEvent: targetUid=<not set>, syncMode=WAIT_FOR_FINISHED, timeout=30000ms, policyFlags=0x8000000, event=MotionEvent { action=MOVE, id[0]=0, x[0]=900, y[0]=772.033, eventTime=58088000000, downTime=57975000000, deviceId=4, source=TOUCHSCREEN, displayId=0, eventId=0xe285597e}
07-28 17:11:49.370  4868  4868 I SystemUi--Keyguard: ScrimControllerExImp-->blur State to UNLOCK, bouncer=false changeFromBouncerScrim= false runnerUnlock= false goingAway=false hasHandle=true isOccludeAnimationPlaying=false
07-28 17:11:49.371  4868  4868 I SystemUi--Keyguard: ScrimControllerExImp-->blur State to UNLOCK, bouncer=false changeFromBouncerScrim= false runnerUnlock= false goingAway=false hasHandle=true isOccludeAnimationPlaying=false
07-28 17:11:49.371  4868  4868 I SystemUi--QuickSettings: QSPanelAnimatorManager-->showSecondElement
07-28 17:11:49.373  4868  4868 I SystemUi--Keyguard: OplusRepeatWhenAttachedUnlock-->updateState: view.windowVisibility: 0, keyguardShow: false, isInPreviewMode: false, view.hasWindowFocus(): true
07-28 17:11:49.373  4868  4868 I SystemUi--Keyguard: OplusRepeatWhenAttachedUnlock-->updateState: view.windowVisibility: 0, keyguardShow: false, isInPreviewMode: false, view.hasWindowFocus(): true
07-28 17:11:49.379  1924  1982 I SnapAlloc: Using graphics libs for alignment calculations
07-28 17:11:49.379  4868  4868 I SystemUi--Keyguard: ScrimControllerExImp-->blur State to UNLOCK, bouncer=false changeFromBouncerScrim= false runnerUnlock= false goingAway=false hasHandle=true isOccludeAnimationPlaying=false
07-28 17:11:49.379  3440  4439 I InputDispatcher: injectInputEvent: targetUid=<not set>, syncMode=WAIT_FOR_FINISHED, timeout=30000ms, policyFlags=0x8000000, event=MotionEvent { action=MOVE, id[0]=0, x[0]=900, y[0]=831.134, eventTime=58097000000, downTime=57975000000, deviceId=4, source=TOUCHSCREEN, displayId=0, eventId=0xcde5d3ed}
07-28 17:11:49.379  4868  4868 I SystemUi--Keyguard: ScrimControllerExImp-->blur State to UNLOCK, bouncer=false changeFromBouncerScrim= false runnerUnlock= false goingAway=false hasHandle=true isOccludeAnimationPlaying=false
07-28 17:11:49.387  3440  4395 V AlarmManager: sending alarm Alarm{e2bf760 type 3 origWhen 39355 whenElapsed 39355 android} uid 1000 whenElapsed 39355 windowLength 18750 maxWhenElapsed 58105 repeatInterval 0 action null component null tag WifiHealthMonitor Schedule Post-Boot Detection Timer flags 0x8 procName system_server
07-28 17:11:49.387  3440  4439 I InputDispatcher: injectInputEvent: targetUid=<not set>, syncMode=WAIT_FOR_FINISHED, timeout=30000ms, policyFlags=0x8000000, event=MotionEvent { action=MOVE, id[0]=0, x[0]=900, y[0]=883.667, eventTime=58105000000, downTime=57975000000, deviceId=4, source=TOUCHSCREEN, displayId=0, eventId=0xe5f76de9}
07-28 17:11:49.387  4868  4868 I SystemUi--Keyguard: ScrimControllerExImp-->blur State to UNLOCK, bouncer=false changeFromBouncerScrim= false runnerUnlock= false goingAway=false hasHandle=true isOccludeAnimationPlaying=false
07-28 17:11:49.388  4868  4868 I SystemUi--Keyguard: ScrimControllerExImp-->blur State to UNLOCK, bouncer=false changeFromBouncerScrim= false runnerUnlock= false goingAway=false hasHandle=true isOccludeAnimationPlaying=false
07-28 17:11:49.395  1924  1982 I SnapAlloc: Using graphics libs for alignment calculations
07-28 17:11:49.396  4868  4868 I SystemUi--Keyguard: ScrimControllerExImp-->blur State to UNLOCK, bouncer=false changeFromBouncerScrim= false runnerUnlock= false goingAway=false hasHandle=true isOccludeAnimationPlaying=false
07-28 17:11:49.396  3440  4439 I InputDispatcher: injectInputEvent: targetUid=<not set>, syncMode=WAIT_FOR_FINISHED, timeout=30000ms, policyFlags=0x8000000, event=MotionEvent { action=MOVE, id[0]=0, x[0]=900, y[0]=942.767, eventTime=58114000000, downTime=57975000000, deviceId=4, source=TOUCHSCREEN, displayId=0, eventId=0xc6661d92}
07-28 17:11:49.396  4868  4868 I SystemUi--Keyguard: ScrimControllerExImp-->blur State to UNLOCK, bouncer=false changeFromBouncerScrim= false runnerUnlock= false goingAway=false hasHandle=true isOccludeAnimationPlaying=false
07-28 17:11:49.400  3440  3776 D VRR [OPlusSAManager]: setSAConfig scene: VRR_90_120 modeId: 4 auto: true fakeFrame: true
07-28 17:11:49.400  3440  3776 D VRR [OPlusSAManager]: updateAutoMinfps with nits: 116.07124, mHistOK true, mAmbientOK true, mCctOK true, mIrOK true, mBrightnessOK true, isPkgOK true, SA min fps: 119
07-28 17:11:49.400  3440  3776 D VRR [OPlusSurfaceFlingerController]: setAutoMode enable: true fakeFrame: true fps: 119
07-28 17:11:49.400  2159  2368 I VRR-[OPlusAdfrUtil]: ADFR try set Auto mode with mode 1 fakeframe 1 min fps 119
07-28 17:11:49.400  2159  2368 D VRR-[OPlusRefreshRateSelector]: OSyncModes add size is 1.
07-28 17:11:49.400  2159  2368 I VRR-[OPlusRefreshRateSelector]: updateAutoMode success, display 0, mode 0, fakeframe 1, min fps: 1
07-28 17:11:49.401  2159  3489 D VRR-[OPlusRefreshRateSelector]: handleSetHWCOSync
07-28 17:11:49.401  2159  3489 D VRR-[OPlusRefreshRateSelector]: OSyncModes remaining size is 0.
07-28 17:11:49.401  2159  3489 D VRR-[OPlusRefreshRateSelector]: SetHWCOSync with 5CC08181
07-28 17:11:49.401  1929  1929 I SDM     : DisplayBuiltIn::SetQSyncMode: VRR + update qsync mode 0 minfps 00C08181
07-28 17:11:49.403  1929  2229 E SDM     : DRMConnector::Perform: Connector 67: Setting Qsync min fps 12616065
07-28 17:11:49.404  4868  4868 I SystemUi--Keyguard: ScrimControllerExImp-->blur State to UNLOCK, bouncer=false changeFromBouncerScrim= false runnerUnlock= false goingAway=false hasHandle=true isOccludeAnimationPlaying=false
07-28 17:11:49.404  3440  4439 I InputDispatcher: injectInputEvent: targetUid=<not set>, syncMode=WAIT_FOR_FINISHED, timeout=30000ms, policyFlags=0x8000000, event=MotionEvent { action=MOVE, id[0]=0, x[0]=900, y[0]=995.3, eventTime=58122000000, downTime=57975000000, deviceId=4, source=TOUCHSCREEN, displayId=0, eventId=0xd12fd261}
07-28 17:11:49.405  4868  4868 I SystemUi--Keyguard: ScrimControllerExImp-->blur State to UNLOCK, bouncer=false changeFromBouncerScrim= false runnerUnlock= false goingAway=false hasHandle=true isOccludeAnimationPlaying=false
07-28 17:11:49.410  4868  5369 I SystemUi--Statusbar: PrivacyDotViewController-->processNextViewState: 
07-28 17:11:49.410  4868  5369 I SystemUi--Statusbar: PrivacyDotViewController-->resolveState ViewState(viewInitialized=true, systemPrivacyEventIsActive=false, shadeExpanded=true, needShow=false, portraitRect=Rect(0, 0 - 1080, 120), landscapeRect=Rect(120, 0 - 2376, 120), upsideDownRect=Rect(0, 0 - 1080, 120), seascapeRect=Rect(0, 0 - 2244, 120), layoutRtl=false, rotation=0, paddingTop=14, paddingBottom=15, cornerIndex=1, designatedCorner=android.widget.FrameLayout{769140e I.E...... ......ID 1032,0-1080,120 #7f0a09cd app:id/privacy_dot_top_right_container alpha=1.0 viewInfo = }, contentDescription=null, dotMargin=48)
07-28 17:11:49.412  1924  1982 I SnapAlloc: Using graphics libs for alignment calculations
07-28 17:11:49.412  4868  4868 I SystemUi--Keyguard: ScrimControllerExImp-->blur State to UNLOCK, bouncer=false changeFromBouncerScrim= false runnerUnlock= false goingAway=false hasHandle=true isOccludeAnimationPlaying=false
07-28 17:11:49.413  3440  4439 I InputDispatcher: injectInputEvent: targetUid=<not set>, syncMode=WAIT_FOR_FINISHED, timeout=30000ms, policyFlags=0x8000000, event=MotionEvent { action=MOVE, id[0]=0, x[0]=900, y[0]=1054.4, eventTime=58131000000, downTime=57975000000, deviceId=4, source=TOUCHSCREEN, displayId=0, eventId=0xfbbca017}
07-28 17:11:49.413  4868  4868 I SystemUi--Keyguard: ScrimControllerExImp-->blur State to UNLOCK, bouncer=false changeFromBouncerScrim= false runnerUnlock= false goingAway=false hasHandle=true isOccludeAnimationPlaying=false
07-28 17:11:49.420  3440  4439 I InputDispatcher: injectInputEvent: targetUid=<not set>, syncMode=WAIT_FOR_FINISHED, timeout=30000ms, policyFlags=0x8000000, event=MotionEvent { action=MOVE, id[0]=0, x[0]=900, y[0]=1100.37, eventTime=58138000000, downTime=57975000000, deviceId=4, source=TOUCHSCREEN, displayId=0, eventId=0xf59e3697}
07-28 17:11:49.420  4868  4868 I SystemUi--Keyguard: ScrimControllerExImp-->blur State to UNLOCK, bouncer=false changeFromBouncerScrim= false runnerUnlock= false goingAway=false hasHandle=true isOccludeAnimationPlaying=false
07-28 17:11:49.421  4868  4868 I SystemUi--Keyguard: ScrimControllerExImp-->blur State to UNLOCK, bouncer=false changeFromBouncerScrim= false runnerUnlock= false goingAway=false hasHandle=true isOccludeAnimationPlaying=false
07-28 17:11:49.429  1924  1982 I SnapAlloc: Using graphics libs for alignment calculations
07-28 17:11:49.429  4868  4868 I SystemUi--Keyguard: ScrimControllerExImp-->blur State to UNLOCK, bouncer=false changeFromBouncerScrim= false runnerUnlock= false goingAway=false hasHandle=true isOccludeAnimationPlaying=false
07-28 17:11:49.429  3440  4439 I InputDispatcher: injectInputEvent: targetUid=<not set>, syncMode=WAIT_FOR_FINISHED, timeout=30000ms, policyFlags=0x8000000, event=MotionEvent { action=MOVE, id[0]=0, x[0]=900, y[0]=1159.47, eventTime=58147000000, downTime=57975000000, deviceId=4, source=TOUCHSCREEN, displayId=0, eventId=0xef7a8c9a}
07-28 17:11:49.430  4868  4868 I SystemUi--Keyguard: ScrimControllerExImp-->blur State to UNLOCK, bouncer=false changeFromBouncerScrim= false runnerUnlock= false goingAway=false hasHandle=true isOccludeAnimationPlaying=false
07-28 17:11:49.437  4868  4868 I SystemUi--Keyguard: ScrimControllerExImp-->blur State to UNLOCK, bouncer=false changeFromBouncerScrim= false runnerUnlock= false goingAway=false hasHandle=true isOccludeAnimationPlaying=false
07-28 17:11:49.437  3440  4439 I InputDispatcher: injectInputEvent: targetUid=<not set>, syncMode=WAIT_FOR_FINISHED, timeout=30000ms, policyFlags=0x8000000, event=MotionEvent { action=MOVE, id[0]=0, x[0]=900, y[0]=1212, eventTime=58155000000, downTime=57975000000, deviceId=4, source=TOUCHSCREEN, displayId=0, eventId=0xc9723a95}
07-28 17:11:49.437  4868  4868 I SystemUi--Keyguard: ScrimControllerExImp-->blur State to UNLOCK, bouncer=false changeFromBouncerScrim= false runnerUnlock= false goingAway=false hasHandle=true isOccludeAnimationPlaying=false
07-28 17:11:49.445  1924  1982 I SnapAlloc: Using graphics libs for alignment calculations
07-28 17:11:49.446  4868  4868 I SystemUi--Keyguard: ScrimControllerExImp-->blur State to UNLOCK, bouncer=false changeFromBouncerScrim= false runnerUnlock= false goingAway=false hasHandle=true isOccludeAnimationPlaying=false
07-28 17:11:49.446  3440  4439 I InputDispatcher: injectInputEvent: targetUid=<not set>, syncMode=WAIT_FOR_FINISHED, timeout=30000ms, policyFlags=0x8000000, event=MotionEvent { action=MOVE, id[0]=0, x[0]=900, y[0]=1271.1, eventTime=58164000000, downTime=57975000000, deviceId=4, source=TOUCHSCREEN, displayId=0, eventId=0xf5c557e9}
07-28 17:11:49.446  4868  4868 I SystemUi--Keyguard: ScrimControllerExImp-->blur State to UNLOCK, bouncer=false changeFromBouncerScrim= false runnerUnlock= false goingAway=false hasHandle=true isOccludeAnimationPlaying=false
07-28 17:11:49.454  4868  4868 I SystemUi--Keyguard: ScrimControllerExImp-->blur State to UNLOCK, bouncer=false changeFromBouncerScrim= false runnerUnlock= false goingAway=false hasHandle=true isOccludeAnimationPlaying=false
07-28 17:11:49.454  3440  4439 I InputDispatcher: injectInputEvent: targetUid=<not set>, syncMode=WAIT_FOR_FINISHED, timeout=30000ms, policyFlags=0x8000000, event=MotionEvent { action=MOVE, id[0]=0, x[0]=900, y[0]=1323.63, eventTime=58172000000, downTime=57975000000, deviceId=4, source=TOUCHSCREEN, displayId=0, eventId=0xee1cbea7}
07-28 17:11:49.454  4868  4868 I SystemUi--Keyguard: ScrimControllerExImp-->blur State to UNLOCK, bouncer=false changeFromBouncerScrim= false runnerUnlock= false goingAway=false hasHandle=true isOccludeAnimationPlaying=false
07-28 17:11:49.457  4868  4868 I SystemUi--QuickSettings: QsLottieUtils-->getLottieAnimFile : qs/qs_location_lottie_active_sep_dual_light.json
07-28 17:11:49.459  4868  4868 I SystemUi--QuickSettings: QsLottieUtils-->getLottieAnimFile : qs/qs_nfc_lottie_active_sep_dual_light.json
07-28 17:11:49.460  4868 12985 W LOG_Effective: Effective doesn't support layer effects. If you are using them for  fills, strokes, trim paths etc. then try adding them directly as contents  in your shape. Found: [Slider Control]
07-28 17:11:49.462  1924  1982 I SnapAlloc: Using graphics libs for alignment calculations
07-28 17:11:49.462  4868 12985 W LOG_Effective: Animation contains merge paths. Merge paths are only supported on KitKat+ and must be manually enabled by calling enableMergePathsForKitKatAndAbove().
07-28 17:11:49.462  4868  4868 I SystemUi--Keyguard: ScrimControllerExImp-->blur State to UNLOCK, bouncer=false changeFromBouncerScrim= false runnerUnlock= false goingAway=false hasHandle=true isOccludeAnimationPlaying=false
07-28 17:11:49.463  3440  4439 I InputDispatcher: injectInputEvent: targetUid=<not set>, syncMode=WAIT_FOR_FINISHED, timeout=30000ms, policyFlags=0x8000000, event=MotionEvent { action=MOVE, id[0]=0, x[0]=900, y[0]=1382.73, eventTime=58181000000, downTime=57975000000, deviceId=4, source=TOUCHSCREEN, displayId=0, eventId=0xf474944c}
07-28 17:11:49.463  4868  4868 I SystemUi--Keyguard: ScrimControllerExImp-->blur State to UNLOCK, bouncer=false changeFromBouncerScrim= false runnerUnlock= false goingAway=false hasHandle=true isOccludeAnimationPlaying=false
07-28 17:11:49.463  3440  3756 D PowerManagerService: userActivityNoUpdateLocked: groupId=0, eventTime=58181, event=touch, flags=0x0, uid=1000
07-28 17:11:49.468  4868  4868 W LOG_Effective: Animation contains merge paths but they are disabled.
07-28 17:11:49.470  3440  4439 I InputDispatcher: injectInputEvent: targetUid=<not set>, syncMode=WAIT_FOR_FINISHED, timeout=30000ms, policyFlags=0x8000000, event=MotionEvent { action=MOVE, id[0]=0, x[0]=900, y[0]=1428.7, eventTime=58188000000, downTime=57975000000, deviceId=4, source=TOUCHSCREEN, displayId=0, eventId=0xf64af50c}
07-28 17:11:49.470  4868  4868 I SystemUi--Keyguard: ScrimControllerExImp-->blur State to UNLOCK, bouncer=false changeFromBouncerScrim= false runnerUnlock= false goingAway=false hasHandle=true isOccludeAnimationPlaying=false
07-28 17:11:49.471  4868  4868 I SystemUi--Keyguard: ScrimControllerExImp-->blur State to UNLOCK, bouncer=false changeFromBouncerScrim= false runnerUnlock= false goingAway=false hasHandle=true isOccludeAnimationPlaying=false
07-28 17:11:49.476  4868  5597 D HWUI    : OplusRenderNodeAnimator end!
07-28 17:11:49.476  4868  5597 D HWUI    : OplusRenderNodeAnimator end!
07-28 17:11:49.476  4868  5597 D HWUI    : OplusRenderNodeAnimator end!
07-28 17:11:49.476  4868  5597 D HWUI    : OplusRenderNodeAnimator end!
07-28 17:11:49.477  4868  4868 I SystemUi--Statusbar: CollapsedStatusBarFragmentExImpl-->animateHiddenState onAnimationEnd v:com.oplus.systemui.statusbar.widget.EndSideContentLayout{282e90e V.E...... ........ 172,0-440,91 #7f0a0c16 app:id/status_bar_end_side_content alpha=1.0 viewInfo = }  v alpha:1.0 v render alpha:0.0 animateAlpha=0.0
07-28 17:11:49.477  4868  4868 I SystemUi--Statusbar: CollapsedStatusBarFragmentExImpl-->animateHiddenState onAnimationEnd v:com.android.keyguard.AlphaOptimizedLinearLayout{2d6d049 V.E...... ........ 0,0-48,91 alpha=1.0 viewInfo = }  v alpha:1.0 v render alpha:0.0 animateAlpha=0.0
07-28 17:11:49.477  4868  4868 I SystemUi--Statusbar: CollapsedStatusBarFragmentExImpl-->animateHiddenState onAnimationEnd v:com.oplus.systemui.statusbar.seeding.CapsulePluginContainer{8f73a87 V.E...... ........ 0,0-1080,120 #7f0a0b3b app:id/seeding_card_container alpha=1.0 viewInfo = }  v alpha:1.0 v render alpha:0.0 animateAlpha=0.0
07-28 17:11:49.477  4868  4868 I SystemUi--Statusbar: CollapsedStatusBarFragmentExImpl-->animateHiddenState onAnimationEnd v:com.oplus.systemui.statusbar.widget.StatClock{e568d71 V.ED..... ........ 0,0-113,91 #7f0a02b9 app:id/clock alpha=1.0 viewInfo = }  v alpha:1.0 v render alpha:0.0 animateAlpha=0.0
07-28 17:11:49.478  1924  1982 I SnapAlloc: Using graphics libs for alignment calculations
07-28 17:11:49.478  4868  4868 I SystemUi--Keyguard: ScrimControllerExImp-->blur State to UNLOCK, bouncer=false changeFromBouncerScrim= false runnerUnlock= false goingAway=false hasHandle=true isOccludeAnimationPlaying=false
07-28 17:11:49.479  3440  4439 I InputDispatcher: injectInputEvent: targetUid=<not set>, syncMode=WAIT_FOR_FINISHED, timeout=30000ms, policyFlags=0x8000000, event=MotionEvent { action=MOVE, id[0]=0, x[0]=900, y[0]=1481.23, eventTime=58196000000, downTime=57975000000, deviceId=4, source=TOUCHSCREEN, displayId=0, eventId=0xce4713bc}
07-28 17:11:49.479  4868  4868 I SystemUi--Keyguard: ScrimControllerExImp-->blur State to UNLOCK, bouncer=false changeFromBouncerScrim= false runnerUnlock= false goingAway=false hasHandle=true isOccludeAnimationPlaying=false
07-28 17:11:49.484  1992  1992 D SensorFeature: name=ssc_screenshot_info ,index = 22
07-28 17:11:49.485  1992  1992 D SensorFeature: write 29 bytes:58194101435,58202434768,159,0
07-28 17:11:49.487  3440  4439 I InputDispatcher: injectInputEvent: targetUid=<not set>, syncMode=WAIT_FOR_FINISHED, timeout=30000ms, policyFlags=0x8000000, event=MotionEvent { action=MOVE, id[0]=0, x[0]=900, y[0]=1540.33, eventTime=58205000000, downTime=57975000000, deviceId=4, source=TOUCHSCREEN, displayId=0, eventId=0xea39b56a}
07-28 17:11:49.487  4868  4868 I SystemUi--Keyguard: ScrimControllerExImp-->blur State to UNLOCK, bouncer=false changeFromBouncerScrim= false runnerUnlock= false goingAway=false hasHandle=true isOccludeAnimationPlaying=false
07-28 17:11:49.487  4868  4868 I SystemUi--Keyguard: ScrimControllerExImp-->blur State to UNLOCK, bouncer=false changeFromBouncerScrim= false runnerUnlock= false goingAway=false hasHandle=true isOccludeAnimationPlaying=false
07-28 17:11:49.495  1924  1982 I SnapAlloc: Using graphics libs for alignment calculations
07-28 17:11:49.495  4868  4868 I SystemUi--Keyguard: ScrimControllerExImp-->blur State to UNLOCK, bouncer=false changeFromBouncerScrim= false runnerUnlock= false goingAway=false hasHandle=true isOccludeAnimationPlaying=false
07-28 17:11:49.495  3440  4439 I InputDispatcher: injectInputEvent: targetUid=<not set>, syncMode=WAIT_FOR_FINISHED, timeout=30000ms, policyFlags=0x8000000, event=MotionEvent { action=MOVE, id[0]=0, x[0]=900, y[0]=1592.87, eventTime=58213000000, downTime=57975000000, deviceId=4, source=TOUCHSCREEN, displayId=0, eventId=0xf9823162}
07-28 17:11:49.496  4868  4868 I SystemUi--Keyguard: ScrimControllerExImp-->blur State to UNLOCK, bouncer=false changeFromBouncerScrim= false runnerUnlock= false goingAway=false hasHandle=true isOccludeAnimationPlaying=false
07-28 17:11:49.503  4868  4868 I SystemUi--Keyguard: ScrimControllerExImp-->blur State to UNLOCK, bouncer=false changeFromBouncerScrim= false runnerUnlock= false goingAway=false hasHandle=true isOccludeAnimationPlaying=false
07-28 17:11:49.504  3440  4439 I InputDispatcher: injectInputEvent: targetUid=<not set>, syncMode=WAIT_FOR_FINISHED, timeout=30000ms, policyFlags=0x8000000, event=MotionEvent { action=MOVE, id[0]=0, x[0]=900, y[0]=1645.4, eventTime=58221000000, downTime=57975000000, deviceId=4, source=TOUCHSCREEN, displayId=0, eventId=0xcc8ea669}
07-28 17:11:49.504  4868  4868 I SystemUi--Keyguard: ScrimControllerExImp-->blur State to UNLOCK, bouncer=false changeFromBouncerScrim= false runnerUnlock= false goingAway=false hasHandle=true isOccludeAnimationPlaying=false
07-28 17:11:49.512  1924  1982 I SnapAlloc: Using graphics libs for alignment calculations
07-28 17:11:49.512  4868  4868 I SystemUi--Keyguard: ScrimControllerExImp-->blur State to UNLOCK, bouncer=false changeFromBouncerScrim= false runnerUnlock= false goingAway=false hasHandle=true isOccludeAnimationPlaying=false
07-28 17:11:49.512  3440  4439 I InputDispatcher: injectInputEvent: targetUid=<not set>, syncMode=WAIT_FOR_FINISHED, timeout=30000ms, policyFlags=0x8000000, event=MotionEvent { action=MOVE, id[0]=0, x[0]=900, y[0]=1704.5, eventTime=58230000000, downTime=57975000000, deviceId=4, source=TOUCHSCREEN, displayId=0, eventId=0xeb0e82c8}
07-28 17:11:49.512  4868  4868 I SystemUi--Keyguard: ScrimControllerExImp-->blur State to UNLOCK, bouncer=false changeFromBouncerScrim= false runnerUnlock= false goingAway=false hasHandle=true isOccludeAnimationPlaying=false
07-28 17:11:49.520  4868  4868 I SystemUi--Keyguard: ScrimControllerExImp-->blur State to UNLOCK, bouncer=false changeFromBouncerScrim= false runnerUnlock= false goingAway=false hasHandle=true isOccludeAnimationPlaying=false
07-28 17:11:49.520  3440  4439 I InputDispatcher: injectInputEvent: targetUid=<not set>, syncMode=WAIT_FOR_FINISHED, timeout=30000ms, policyFlags=0x8000000, event=MotionEvent { action=MOVE, id[0]=0, x[0]=900, y[0]=1757.03, eventTime=58238000000, downTime=57975000000, deviceId=4, source=TOUCHSCREEN, displayId=0, eventId=0xf96888ae}
07-28 17:11:49.521  4868  4868 I SystemUi--Keyguard: ScrimControllerExImp-->blur State to UNLOCK, bouncer=false changeFromBouncerScrim= false runnerUnlock= false goingAway=false hasHandle=true isOccludeAnimationPlaying=false
07-28 17:11:49.528  1924  1982 I SnapAlloc: Using graphics libs for alignment calculations
07-28 17:11:49.528  4868  4868 I SystemUi--Keyguard: ScrimControllerExImp-->blur State to UNLOCK, bouncer=false changeFromBouncerScrim= false runnerUnlock= false goingAway=false hasHandle=true isOccludeAnimationPlaying=false
07-28 17:11:49.529  3440  4439 I InputDispatcher: injectInputEvent: targetUid=<not set>, syncMode=WAIT_FOR_FINISHED, timeout=30000ms, policyFlags=0x8000000, event=MotionEvent { action=MOVE, id[0]=0, x[0]=900, y[0]=1816.13, eventTime=58247000000, downTime=57975000000, deviceId=4, source=TOUCHSCREEN, displayId=0, eventId=0xf7af323e}
07-28 17:11:49.529  4868  4868 I SystemUi--Keyguard: ScrimControllerExImp-->blur State to UNLOCK, bouncer=false changeFromBouncerScrim= false runnerUnlock= false goingAway=false hasHandle=true isOccludeAnimationPlaying=false
07-28 17:11:49.537  4868  4868 I SystemUi--Keyguard: ScrimControllerExImp-->blur State to UNLOCK, bouncer=false changeFromBouncerScrim= false runnerUnlock= false goingAway=false hasHandle=true isOccludeAnimationPlaying=false
07-28 17:11:49.537  3440  4439 I InputDispatcher: injectInputEvent: targetUid=<not set>, syncMode=WAIT_FOR_FINISHED, timeout=30000ms, policyFlags=0x8000000, event=MotionEvent { action=MOVE, id[0]=0, x[0]=900, y[0]=1868.67, eventTime=58255000000, downTime=57975000000, deviceId=4, source=TOUCHSCREEN, displayId=0, eventId=0xdf85734c}
07-28 17:11:49.537  4868  4868 I SystemUi--Keyguard: ScrimControllerExImp-->blur State to UNLOCK, bouncer=false changeFromBouncerScrim= false runnerUnlock= false goingAway=false hasHandle=true isOccludeAnimationPlaying=false
07-28 17:11:49.545  1924  1982 I SnapAlloc: Using graphics libs for alignment calculations
07-28 17:11:49.545  4868  4868 I SystemUi--Keyguard: ScrimControllerExImp-->blur State to UNLOCK, bouncer=false changeFromBouncerScrim= false runnerUnlock= false goingAway=false hasHandle=true isOccludeAnimationPlaying=false
07-28 17:11:49.546  3440  4439 I InputDispatcher: injectInputEvent: targetUid=<not set>, syncMode=WAIT_FOR_FINISHED, timeout=30000ms, policyFlags=0x8000000, event=MotionEvent { action=MOVE, id[0]=0, x[0]=900, y[0]=1921.2, eventTime=58263000000, downTime=57975000000, deviceId=4, source=TOUCHSCREEN, displayId=0, eventId=0xf45fba03}
07-28 17:11:49.546  4868  4868 I SystemUi--Keyguard: ScrimControllerExImp-->blur State to UNLOCK, bouncer=false changeFromBouncerScrim= false runnerUnlock= false goingAway=false hasHandle=true isOccludeAnimationPlaying=false
07-28 17:11:49.553  4868  4868 I SystemUi--Keyguard: ScrimControllerExImp-->blur State to UNLOCK, bouncer=false changeFromBouncerScrim= false runnerUnlock= false goingAway=false hasHandle=true isOccludeAnimationPlaying=false
07-28 17:11:49.553  3440  4439 I InputDispatcher: injectInputEvent: targetUid=<not set>, syncMode=WAIT_FOR_FINISHED, timeout=30000ms, policyFlags=0x8000000, event=MotionEvent { action=MOVE, id[0]=0, x[0]=900, y[0]=1973.73, eventTime=58271000000, downTime=57975000000, deviceId=4, source=TOUCHSCREEN, displayId=0, eventId=0xe3741e3e}
07-28 17:11:49.554  4868  4868 I SystemUi--Keyguard: ScrimControllerExImp-->blur State to UNLOCK, bouncer=false changeFromBouncerScrim= false runnerUnlock= false goingAway=false hasHandle=true isOccludeAnimationPlaying=false
07-28 17:11:49.562  1924  1982 I SnapAlloc: Using graphics libs for alignment calculations
07-28 17:11:49.562  4868  4868 I SystemUi--Keyguard: ScrimControllerExImp-->blur State to UNLOCK, bouncer=false changeFromBouncerScrim= false runnerUnlock= false goingAway=false hasHandle=true isOccludeAnimationPlaying=false
07-28 17:11:49.562  3440  4439 I InputDispatcher: injectInputEvent: targetUid=<not set>, syncMode=WAIT_FOR_FINISHED, timeout=30000ms, policyFlags=0x8000000, event=MotionEvent { action=UP, id[0]=0, x[0]=900, y[0]=2000, eventTime=58280000000, downTime=57975000000, deviceId=4, source=TOUCHSCREEN, displayId=0, eventId=0xc8a1d9db}
07-28 17:11:49.563  3440  4819 D UAH-UahAdaptHelper: adaptSetNotification identity = OplusUAwareInputHelpersrc = 1000 , type 1 ,p1 = -1 ,p2 = -1 ,p3 = -1 ,p4 =
07-28 17:11:49.563  3440  4819 I [UAH_CLIENT]: uahRuleCtl, ruleId:1000, status:1
07-28 17:11:49.563  4868  4868 I SystemUi--Keyguard: ScrimControllerExImp-->blur State to UNLOCK, bouncer=false changeFromBouncerScrim= false runnerUnlock= false goingAway=false hasHandle=true isOccludeAnimationPlaying=false
07-28 17:11:49.563  3440  4425 D OplusViewDebugManager: OplusViewDebugManager Constructor android.view.debug.OplusViewDebugManager@257c419 [mHasViewDebugProperty true] [mHasMsgDebugProperty false] [DEBUG false] [EXTRAINFOENABLE false] [LIGHT_OS false]
07-28 17:11:49.563  3440  4425 D OplusViewDebugManager: OplusViewDebugManager Constructor android.view.debug.OplusViewDebugManager@1744cde [mHasViewDebugProperty true] [mHasMsgDebugProperty false] [DEBUG false] [EXTRAINFOENABLE false] [LIGHT_OS false]
07-28 17:11:49.563  3440  4819 I [UAH_CLIENT]: UahRelease, handle:37
07-28 17:11:49.564  3440  4819 I [UAH_CLIENT]: UahEventAcquire, cmdid:6, pkg:none, identity:OplusUAwareInputHelper
07-28 17:11:49.565  4868  4868 I SystemUi--Statusbar: OplusStatusBarWindowViewTouchExImpl-->onTouchEvent handled:false
07-28 17:11:49.565  4868  4868 I SystemUi--QuickSettings: OplusPanelViewPagerController-->reset
07-28 17:11:49.565  4868  4868 I SystemUi--QuickSettings: OplusPanelViewPagerController-->reset
07-28 17:11:49.566  4868  5470 I [UAH_CLIENT]: UahRelease, handle:36
07-28 17:11:49.566  4868  4868 I SystemUi--QuickSettings: OplusQSRootViewController-->endMotionEvent, expand: true, vel: 6566.6514, vectorVel: 6566.6514  isClosing=false panelClosedOnDown=true canSlideHToQSOnStatusBar=true
07-28 17:11:49.566  4868  4868 I SystemUi--QuickSettings: OplusQSRootViewController-->fling qs, expand: true, vel: 6566.6514
07-28 17:11:49.566  4868  4868 I SystemUi--QuickSettings: QSPanelExpandFraction-->animateExpanded, isExpanded=true, (0.9768042 -> 1.0), lastFinalPosition=1.0
07-28 17:11:49.566  4868  4868 I SystemUi--QuickSettings: QSPanelTranslationY-->animateExpandTranslationY, isExpanded=true, threshold=156.0
07-28 17:11:49.566  4868  4868 I SystemUi--QuickSettings: QSPanelAnimatorManager-->startRebound
07-28 17:11:49.566  4868  5470 I [UAH_CLIENT]: UahEventAcquire, cmdid:97, pkg:none, identity:OsenseHelperImpl
07-28 17:11:49.566  4868  4868 I SystemUi--QuickSettings: OplusPanelViewPagerController-->notifySeparateQSEndMotionEvent currentNotifyFraction=0.0  fraction=0.9768042 notifyExpandedFraction=0.0 fractionListeners.size=0
07-28 17:11:49.566  4868  4868 I SystemUi--QuickSettings: OplusQSRootViewController-->resetTouch
07-28 17:11:49.566  4868  4868 D OplusViewDragTouchViewHelper: dispatchTouchView action = 1
07-28 17:11:49.566  4868  4868 D OplusViewDragTouchViewHelper: dispatchTouchView action = 1
07-28 17:11:49.566  4868  4868 D OplusViewDragTouchViewHelper: dispatchTouchView action = 1
07-28 17:11:49.567  1951  1988 I [UAH_CLIENT]: UahPlatformResAcquire
07-28 17:11:49.567  1951  1988 I [UAH_CLIENT]: UahEventAcquire, cmdid:-3, pkg:1951 6929, identity:qcom-perfd
07-28 17:11:49.568  1951  1988 E PERFHAL-RESOURCEQS: PERFHAL-RESOURCEQS: AddAndApply() 130: Resource with major=18, minor=30 not supported
07-28 17:11:49.568  1951  1988 E PERFHAL-RESOURCEQS: PERFHAL-RESOURCEQS: AddAndApply() 130: Resource with major=18, minor=31 not supported
07-28 17:11:49.570  4868  4868 I SystemUi--Keyguard: ScrimControllerExImp-->blur State to UNLOCK, bouncer=false changeFromBouncerScrim= false runnerUnlock= false goingAway=false hasHandle=true isOccludeAnimationPlaying=false
07-28 17:11:49.571  4868  4868 I SystemUi--Keyguard: ScrimControllerExImp-->blur State to UNLOCK, bouncer=false changeFromBouncerScrim= false runnerUnlock= false goingAway=false hasHandle=true isOccludeAnimationPlaying=false
07-28 17:11:49.578  4868  4868 I SystemUi--Keyguard: ScrimControllerExImp-->blur State to UNLOCK, bouncer=false changeFromBouncerScrim= false runnerUnlock= false goingAway=false hasHandle=true isOccludeAnimationPlaying=false
07-28 17:11:49.578  1924  1982 I SnapAlloc: Using graphics libs for alignment calculations
07-28 17:11:49.578  4868  4868 I SystemUi--Keyguard: ScrimControllerExImp-->blur State to UNLOCK, bouncer=false changeFromBouncerScrim= false runnerUnlock= false goingAway=false hasHandle=true isOccludeAnimationPlaying=false
07-28 17:11:49.586  4868  4868 I SystemUi--Keyguard: ScrimControllerExImp-->blur State to UNLOCK, bouncer=false changeFromBouncerScrim= false runnerUnlock= false goingAway=false hasHandle=true isOccludeAnimationPlaying=false
07-28 17:11:49.586  4868  4868 I SystemUi--Keyguard: ScrimControllerExImp-->blur State to UNLOCK, bouncer=false changeFromBouncerScrim= false runnerUnlock= false goingAway=false hasHandle=true isOccludeAnimationPlaying=false
07-28 17:11:49.594  4868  4868 I SystemUi--Keyguard: ScrimControllerExImp-->blur State to UNLOCK, bouncer=false changeFromBouncerScrim= false runnerUnlock= false goingAway=false hasHandle=true isOccludeAnimationPlaying=false
07-28 17:11:49.594  1924  1982 I SnapAlloc: Using graphics libs for alignment calculations
07-28 17:11:49.595  4868  4868 I SystemUi--Keyguard: ScrimControllerExImp-->blur State to UNLOCK, bouncer=false changeFromBouncerScrim= false runnerUnlock= false goingAway=false hasHandle=true isOccludeAnimationPlaying=false
07-28 17:11:49.603  4868  4868 I SystemUi--Keyguard: ScrimControllerExImp-->blur State to UNLOCK, bouncer=false changeFromBouncerScrim= false runnerUnlock= false goingAway=false hasHandle=true isOccludeAnimationPlaying=false
07-28 17:11:49.603  4868  4868 I SystemUi--Keyguard: ScrimControllerExImp-->blur State to UNLOCK, bouncer=false changeFromBouncerScrim= false runnerUnlock= false goingAway=false hasHandle=true isOccludeAnimationPlaying=false
07-28 17:11:49.611  4868  4868 I SystemUi--Keyguard: ScrimControllerExImp-->blur State to UNLOCK, bouncer=false changeFromBouncerScrim= false runnerUnlock= false goingAway=false hasHandle=true isOccludeAnimationPlaying=false
07-28 17:11:49.611  1924  1982 I SnapAlloc: Using graphics libs for alignment calculations
07-28 17:11:49.612  4868  4868 I SystemUi--Keyguard: ScrimControllerExImp-->blur State to UNLOCK, bouncer=false changeFromBouncerScrim= false runnerUnlock= false goingAway=false hasHandle=true isOccludeAnimationPlaying=false
07-28 17:11:49.619  4868  4868 I SystemUi--Keyguard: ScrimControllerExImp-->blur State to UNLOCK, bouncer=false changeFromBouncerScrim= false runnerUnlock= false goingAway=false hasHandle=true isOccludeAnimationPlaying=false
07-28 17:11:49.620  4868  4868 I SystemUi--Keyguard: ScrimControllerExImp-->blur State to UNLOCK, bouncer=false changeFromBouncerScrim= false runnerUnlock= false goingAway=false hasHandle=true isOccludeAnimationPlaying=false
07-28 17:11:49.628  1924  1982 I SnapAlloc: Using graphics libs for alignment calculations
07-28 17:11:49.628  4868  4868 I SystemUi--Keyguard: ScrimControllerExImp-->blur State to UNLOCK, bouncer=false changeFromBouncerScrim= false runnerUnlock= false goingAway=false hasHandle=true isOccludeAnimationPlaying=false
07-28 17:11:49.628  4868  4868 I SystemUi--Keyguard: ScrimControllerExImp-->blur State to UNLOCK, bouncer=false changeFromBouncerScrim= false runnerUnlock= false goingAway=false hasHandle=true isOccludeAnimationPlaying=false
07-28 17:11:49.636  4868  4868 I SystemUi--Keyguard: ScrimControllerExImp-->blur State to UNLOCK, bouncer=false changeFromBouncerScrim= false runnerUnlock= false goingAway=false hasHandle=true isOccludeAnimationPlaying=false
07-28 17:11:49.637  4868  4868 I SystemUi--Keyguard: ScrimControllerExImp-->blur State to UNLOCK, bouncer=false changeFromBouncerScrim= false runnerUnlock= false goingAway=false hasHandle=true isOccludeAnimationPlaying=false
07-28 17:11:49.644  4868  4868 I SystemUi--Keyguard: ScrimControllerExImp-->blur State to UNLOCK, bouncer=false changeFromBouncerScrim= false runnerUnlock= false goingAway=false hasHandle=true isOccludeAnimationPlaying=false
07-28 17:11:49.644  1924  1982 I SnapAlloc: Using graphics libs for alignment calculations
07-28 17:11:49.645  4868  4868 I SystemUi--Keyguard: ScrimControllerExImp-->blur State to UNLOCK, bouncer=false changeFromBouncerScrim= false runnerUnlock= false goingAway=false hasHandle=true isOccludeAnimationPlaying=false
07-28 17:11:49.653  4868  4868 I SystemUi--Keyguard: ScrimControllerExImp-->blur State to UNLOCK, bouncer=false changeFromBouncerScrim= false runnerUnlock= false goingAway=false hasHandle=true isOccludeAnimationPlaying=false
07-28 17:11:49.653  4868  4868 I SystemUi--Keyguard: ScrimControllerExImp-->blur State to UNLOCK, bouncer=false changeFromBouncerScrim= false runnerUnlock= false goingAway=false hasHandle=true isOccludeAnimationPlaying=false
07-28 17:11:49.661  4868  4868 I SystemUi--Keyguard: ScrimControllerExImp-->blur State to UNLOCK, bouncer=false changeFromBouncerScrim= false runnerUnlock= false goingAway=false hasHandle=true isOccludeAnimationPlaying=false
07-28 17:11:49.661  1924  1982 I SnapAlloc: Using graphics libs for alignment calculations
07-28 17:11:49.662  4868  4868 I SystemUi--Keyguard: ScrimControllerExImp-->blur State to UNLOCK, bouncer=false changeFromBouncerScrim= false runnerUnlock= false goingAway=false hasHandle=true isOccludeAnimationPlaying=false
07-28 17:11:49.669  4868  4868 I SystemUi--Keyguard: ScrimControllerExImp-->blur State to UNLOCK, bouncer=false changeFromBouncerScrim= false runnerUnlock= false goingAway=false hasHandle=true isOccludeAnimationPlaying=false
07-28 17:11:49.670  4868  4868 I SystemUi--Keyguard: ScrimControllerExImp-->blur State to UNLOCK, bouncer=false changeFromBouncerScrim= false runnerUnlock= false goingAway=false hasHandle=true isOccludeAnimationPlaying=false
07-28 17:11:49.678  1924  1982 I SnapAlloc: Using graphics libs for alignment calculations
07-28 17:11:49.678  4868  4868 I SystemUi--Keyguard: ScrimControllerExImp-->blur State to UNLOCK, bouncer=false changeFromBouncerScrim= false runnerUnlock= false goingAway=false hasHandle=true isOccludeAnimationPlaying=false
07-28 17:11:49.678  4868  4868 I SystemUi--Keyguard: ScrimControllerExImp-->blur State to UNLOCK, bouncer=false changeFromBouncerScrim= false runnerUnlock= false goingAway=false hasHandle=true isOccludeAnimationPlaying=false
07-28 17:11:49.686  4868  4868 I SystemUi--Keyguard: ScrimControllerExImp-->blur State to UNLOCK, bouncer=false changeFromBouncerScrim= false runnerUnlock= false goingAway=false hasHandle=true isOccludeAnimationPlaying=false
07-28 17:11:49.686  4868  4868 I SystemUi--Keyguard: ScrimControllerExImp-->blur State to UNLOCK, bouncer=false changeFromBouncerScrim= false runnerUnlock= false goingAway=false hasHandle=true isOccludeAnimationPlaying=false
07-28 17:11:49.694  4868  4868 I SystemUi--Keyguard: ScrimControllerExImp-->blur State to UNLOCK, bouncer=false changeFromBouncerScrim= false runnerUnlock= false goingAway=false hasHandle=true isOccludeAnimationPlaying=false
07-28 17:11:49.694  1924  1982 I SnapAlloc: Using graphics libs for alignment calculations
07-28 17:11:49.695  4868  4868 I SystemUi--Keyguard: ScrimControllerExImp-->blur State to UNLOCK, bouncer=false changeFromBouncerScrim= false runnerUnlock= false goingAway=false hasHandle=true isOccludeAnimationPlaying=false
07-28 17:11:49.702  4868  4868 I SystemUi--Keyguard: ScrimControllerExImp-->blur State to UNLOCK, bouncer=false changeFromBouncerScrim= false runnerUnlock= false goingAway=false hasHandle=true isOccludeAnimationPlaying=false
07-28 17:11:49.703  4868  4868 I SystemUi--Keyguard: ScrimControllerExImp-->blur State to UNLOCK, bouncer=false changeFromBouncerScrim= false runnerUnlock= false goingAway=false hasHandle=true isOccludeAnimationPlaying=false
07-28 17:11:49.711  4868  4868 I SystemUi--Keyguard: ScrimControllerExImp-->blur State to UNLOCK, bouncer=false changeFromBouncerScrim= false runnerUnlock= false goingAway=false hasHandle=true isOccludeAnimationPlaying=false
07-28 17:11:49.711  1924  1982 I SnapAlloc: Using graphics libs for alignment calculations
07-28 17:11:49.711  4868  4868 I SystemUi--Keyguard: ScrimControllerExImp-->blur State to UNLOCK, bouncer=false changeFromBouncerScrim= false runnerUnlock= false goingAway=false hasHandle=true isOccludeAnimationPlaying=false
07-28 17:11:49.719  4868  4868 I SystemUi--Keyguard: ScrimControllerExImp-->blur State to UNLOCK, bouncer=false changeFromBouncerScrim= false runnerUnlock= false goingAway=false hasHandle=true isOccludeAnimationPlaying=false
07-28 17:11:49.719  4868  4868 I SystemUi--Keyguard: ScrimControllerExImp-->blur State to UNLOCK, bouncer=false changeFromBouncerScrim= false runnerUnlock= false goingAway=false hasHandle=true isOccludeAnimationPlaying=false
07-28 17:11:49.727  4868  4868 I SystemUi--Keyguard: ScrimControllerExImp-->blur State to UNLOCK, bouncer=false changeFromBouncerScrim= false runnerUnlock= false goingAway=false hasHandle=true isOccludeAnimationPlaying=false
07-28 17:11:49.727  1924  1982 I SnapAlloc: Using graphics libs for alignment calculations
07-28 17:11:49.728  4868  4868 I SystemUi--Keyguard: ScrimControllerExImp-->blur State to UNLOCK, bouncer=false changeFromBouncerScrim= false runnerUnlock= false goingAway=false hasHandle=true isOccludeAnimationPlaying=false
07-28 17:11:49.736  4868  4868 I SystemUi--Keyguard: ScrimControllerExImp-->blur State to UNLOCK, bouncer=false changeFromBouncerScrim= false runnerUnlock= false goingAway=false hasHandle=true isOccludeAnimationPlaying=false
07-28 17:11:49.736  4868  4868 I SystemUi--Keyguard: ScrimControllerExImp-->blur State to UNLOCK, bouncer=false changeFromBouncerScrim= false runnerUnlock= false goingAway=false hasHandle=true isOccludeAnimationPlaying=false
07-28 17:11:49.744  4868  4868 I SystemUi--QuickSettings: TemporarilyInfoManager-->[setStarted] true
07-28 17:11:49.744  4868  4868 I SystemUi--QuickSettings: OplusQSRootViewController-->endClosing()
07-28 17:11:49.744  4868  4868 I SystemUi--Common: OplusShadeExpansionStat-->go state: OPENING -> OPEN
07-28 17:11:49.744  4868  4868 I SystemUi--Common: OplusShadeExpansionStat-->go state: OPENING -> OPEN
07-28 17:11:49.744  1924  1982 I SnapAlloc: Using graphics libs for alignment calculations
07-28 17:11:49.744  4868  4868 I SystemUi--Keyguard: ScrimControllerExImp-->blur State to UNLOCK, bouncer=false changeFromBouncerScrim= false runnerUnlock= false goingAway=false hasHandle=true isOccludeAnimationPlaying=false
07-28 17:11:49.744  4868  4868 I SystemUi--Common: PlatformBlurManagerImpl-->setPlatformBlurMode: blurMode=AUTO(blurFrequency=4)
07-28 17:11:49.744  4868  4868 I SystemUi--Common: PlatformBlurManagerImpl-->updateMotionFrequency: isExpanding=false
07-28 17:11:49.745  4868  4868 I SystemUi--Keyguard: ScrimControllerExImp-->blur State to UNLOCK, bouncer=false changeFromBouncerScrim= false runnerUnlock= false goingAway=false hasHandle=true isOccludeAnimationPlaying=false
07-28 17:11:49.745  4868  4868 I SystemUi--Device_Panel: OplusQSMyDeviceContainerViewController-->setQsDeviceExpansion expansion 1.0
07-28 17:11:49.745  4868  4868 I SystemUi--QuickSettings: QSPanelExpandFraction-->fractionAnimation onAnimationEnd, value=1.0
07-28 17:11:49.759  1992  1992 D SensorFeature: name=ssc_screenshot_info ,index = 22
07-28 17:11:49.760  1992  1992 D SensorFeature: write 29 bytes:58468806904,58477140237,160,0
07-28 17:11:49.777  1924  1982 I SnapAlloc: Using graphics libs for alignment calculations
07-28 17:11:49.901  3440  3776 D VRR [OPlusSAManager]: updateAutoMinfps with nits: 116.07124, mHistOK true, mAmbientOK true, mCctOK true, mIrOK true, mBrightnessOK true, isPkgOK true, SA min fps: 119
07-28 17:11:49.901  3440  3776 D VRR [OPlusSurfaceFlingerController]: setAutoMode enable: true fakeFrame: true fps: 119
07-28 17:11:49.902  2159  2299 I VRR-[OPlusAdfrUtil]: ADFR try set Auto mode with mode 1 fakeframe 1 min fps 119
07-28 17:11:49.902  2159  2299 D VRR-[OPlusRefreshRateSelector]: OSyncModes add size is 1.
07-28 17:11:49.902  2159  2299 I VRR-[OPlusRefreshRateSelector]: updateAutoMode success, display 0, mode 0, fakeframe 1, min fps: 1
07-28 17:11:49.902  2159  3489 D VRR-[OPlusRefreshRateSelector]: handleSetHWCOSync
07-28 17:11:49.902  2159  3489 D VRR-[OPlusRefreshRateSelector]: OSyncModes remaining size is 0.
07-28 17:11:49.902  2159  3489 D VRR-[OPlusRefreshRateSelector]: SetHWCOSync with 5CC08181
07-28 17:11:49.902  1929  1929 I SDM     : DisplayBuiltIn::SetQSyncMode: VRR + update qsync mode 0 minfps 00C08181
07-28 17:11:49.906  1833  4449 I sensors-hal: handle_oplus_wise_rgb_event:189, high_pwm_light:lux 278.4,cct 3633.4,brl/algo/ir 1432.0/2.0/17.1,pwm/dc 0.0/0.0,rgbc 21512.480469/13490.915039/6228.349609/39789.187500,ts 58468759369,cnt 840,flag 160
07-28 17:11:49.906  1929  4443 I Dpps    : LtmSwState::SetParameter():144 ignore cmd 7 in state LtmOffState
07-28 17:11:49.909  1929  2229 E SDM     : DRMConnector::Perform: Connector 67: Setting Qsync min fps 12616065
07-28 17:11:50.033  1992  1992 D SensorFeature: name=ssc_screenshot_info ,index = 22
07-28 17:11:50.033  1992  1992 D SensorFeature: write 29 bytes:58742103623,58750436956,161,0
07-28 17:11:50.066  2017  2047 D BatteryChargeControl: bcc get no support from charging protocol
07-28 17:11:50.091  2017  7295 D charge_time: type=sdp,reserve_soc=2,soc=64,ui_soc=66,current=184,avg=179,not_chg_cnt=0,stable_cnt=7,fcc=5724,fcc_ratio=94,delta=43,debug=0,region=14,ttf=18629(05:10:29),ui_ttf=14045(03:54:05)
07-28 17:11:50.172  1929  4443 I Dpps    : LtmSwState::SetParameter():144 ignore cmd 7 in state LtmOffState
07-28 17:11:50.307  1992  1992 D SensorFeature: name=ssc_screenshot_info ,index = 22
07-28 17:11:50.307  1992  1992 D SensorFeature: write 29 bytes:59016545654,59024878987,162,0
07-28 17:11:50.370  5202  5599 D OplusScrollToTopManager: com.android.launcher/com.android.launcher.Launcher,This com.android.internal.policy.DecorView{b0e28e6 V.E...... R....... 0,0-1080,2376 aid=0 alpha=1.0 viewInfo = }[Launcher] change focus to false
07-28 17:11:50.375  4868  5048 D OplusScrollToTopManager: NotificationShade,This com.android.systemui.shade.NotificationShadeWindowView{d7198cd V.E...... ........ 0,0-1080,2376 #7f0a06b7 app:id/legacy_window_root alpha=1.0 viewInfo = } change focus to true
07-28 17:11:50.375  4868  5048 D OplusScrollToTopManager: NotificationShade, registerGuidePopupDismissReceiverInSystemUI
07-28 17:11:50.376  4868  5048 D OplusScrollToTopManager: NotificationShade, after registerGuidePopupDismissReceiverInSystemUI
07-28 17:11:50.437  1833  4449 I sensors-hal: handle_oplus_wise_rgb_event:189, high_pwm_light:lux 279.2,cct 3639.7,brl/algo/ir 1432.0/2.0/16.8,pwm/dc 0.0/0.0,rgbc 21569.568359/13523.157227/6259.145508/39964.804688,ts 59016608432,cnt 850,flag 162
07-28 17:11:50.438  1929  4443 I Dpps    : LtmSwState::SetParameter():144 ignore cmd 7 in state LtmOffState
07-28 17:11:50.581  1992  1992 D SensorFeature: name=ssc_screenshot_info ,index = 22
07-28 17:11:50.581  1992  1992 D SensorFeature: write 29 bytes:59290223310,59298556643,163,0
07-28 17:11:50.604  3440  4601 I InputDispatcher: injectInputEvent: targetUid=<not set>, syncMode=WAIT_FOR_FINISHED, timeout=30000ms, policyFlags=0x8000000, event=MotionEvent { action=DOWN, id[0]=0, x[0]=877, y[0]=1330, eventTime=59322000000, downTime=59322000000, deviceId=4, source=TOUCHSCREEN, displayId=0, eventId=0xebe2e4aa}
07-28 17:11:50.604  3440  4819 I [UAH_CLIENT]: UahEventAcquire, cmdid:37, pkg:none, identity:OplusUAwareInputHelper
07-28 17:11:50.605  4868  4868 V AutofillManager: requestHideFillUi(null): anchor = null
07-28 17:11:50.605  4868  4868 V Application: getAutofillClient(): null on super, trying to find activity thread
07-28 17:11:50.605  4868  4868 V Application: getAutofillClient(): none of the 0 activities on com.android.systemui.SystemUIApplication@e37843f are top resumed nor have focus
07-28 17:11:50.605  4868  4868 V AutofillManager: No AutofillClient for com.android.systemui on context com.android.systemui.SystemUIApplication@e37843f
07-28 17:11:50.605  3440  4635 D OMP_Detector: D:done mCurrStatus: 0
07-28 17:11:50.605  3440  4819 D UAH-UahAdaptHelper: adaptSetNotification identity = OplusUAwareInputHelpersrc = 1000 , type 0 ,p1 = -1 ,p2 = -1 ,p3 = -1 ,p4 =
07-28 17:11:50.605  3440  4819 I [UAH_CLIENT]: uahRuleCtl, ruleId:1000, status:0
07-28 17:11:50.606  4868  4868 I SystemUi--Common: ScrollTranslationValue-->resetPanelTranslationY
07-28 17:11:50.606  3440  3756 D PowerManagerService: userActivityNoUpdateLocked: groupId=0, eventTime=59322, event=touch, flags=0x0, uid=1000
07-28 17:11:50.606  4868  4868 I SystemUi--QuickSettings: OplusPanelViewPagerController-->initExpanded downExpanded=QS downOnRight=true targetPage=QS downOnYHotArea=false  isKeyguardShowing=false isOnKeyguard=false fractionListeners.size=0 currentQsFraction=1.0 currentNotifyFraction=0.0 hasCalledDownEvent=true getScrollXHotZone=([Rect(0, 0 - 1080, 2376)], [Rect(-1, -1 - -1, -1), Rect(144, 2143 - 270, 2269), Rect(810, 2143 - 936, 2269)]) getScrollYHotZone=Rect(0, 0 - 1080, 222) notifyExpandedFraction=0.0 isLastUpToExpand=true qsPanelView.translationX=0.0
07-28 17:11:50.606  4868  4868 I SystemUi--QuickSettings: OplusQSRootViewController-->startExpandMotion event: 0, startTracking: false isClosing: false panelClosedOnDown: false
07-28 17:11:50.606  4868  4868 I SystemUi--QuickSettings: OplusQSRootViewController-->initialOffsetOnTouch: 2376.0, panelClosedOnDown: false
