07-28 18:35:22.669  5010  5204 I QtiOemHookAidl: oemHookRawResponse: serial no: 1007 error: 0length=1
07-28 18:35:22.669  1807  3711 W LOCRIL_SESSION: operator():307] cellInfo list size is 0, Voice state: 3, data state: 3
07-28 18:35:22.669  5010  5010 D QcrilMsgTunnelIfaceManager: handleMessage what = 2
07-28 18:35:22.669  4947  5468 D QC_RIL_OEM_HOOK: sendOemRilRequestRaw returns value = 1
07-28 18:35:22.669  4947  4947 D CiWlanNotificationReceiver: ACTION_RADIO_POWER_STATE_CHANGED
07-28 18:35:22.670  5153  6213 D IWlanJni: new aidl event arrived
07-28 18:35:22.670  5153  6213 D IWlanJni: handleEvent 10
07-28 18:35:22.670  5153  6213 D IWlanJni: isThreadAttached start
07-28 18:35:22.670  5153  6213 D IWlanJni: jni detached
07-28 18:35:22.670  5153  6213 D IWlanJni: jni attached
07-28 18:35:22.670  5153  6213 D IWlanJni: getDataRegistrationStateResponse start
07-28 18:35:22.670  5153  6213 D IWlanJni: getJavaCallbackClass start
07-28 18:35:22.670  5153  6213 D IWlanJni: getJavaCallbackClass End midIs[1]
07-28 18:35:22.670  5153  6213 I IWlanAidlClient: getDataRegistrationStateResponse called
07-28 18:35:22.671  5153  6212 W IWlanNetworkService: 11 > Response Processed
07-28 18:35:22.671  5153  6183 D IWlanJni: getDataRegistrationState start
07-28 18:35:22.671  5153  6183 D IWlanJni: getDataRegistrationState start
07-28 18:35:22.671  5153  6209 D IWlanJni: new aidl event arrived
07-28 18:35:22.671  5153  6209 D IWlanJni: handleEvent 10
07-28 18:35:22.671  5153  6209 D IWlanJni: isThreadAttached start
07-28 18:35:22.671  5153  6209 D IWlanJni: jni detached
07-28 18:35:22.671  5153  6209 D IWlanJni: jni attached
07-28 18:35:22.671  5153  6209 D IWlanJni: getDataRegistrationStateResponse start
07-28 18:35:22.671  5153  6209 D IWlanJni: getJavaCallbackClass start
07-28 18:35:22.671  5153  6213 D IWlanJni: new aidl event arrived
07-28 18:35:22.671  5153  6209 D IWlanJni: getJavaCallbackClass End midIs[1]
07-28 18:35:22.671  5153  6209 I IWlanAidlClient: getDataRegistrationStateResponse called
07-28 18:35:22.672  5153  6213 D IWlanJni: handleEvent 10
07-28 18:35:22.672  5153  6213 D IWlanJni: isThreadAttached start
07-28 18:35:22.672  5153  6213 D IWlanJni: jni detached
07-28 18:35:22.672  5153  6213 D IWlanJni: jni attached
07-28 18:35:22.672  5153  6213 D IWlanJni: getDataRegistrationStateResponse start
07-28 18:35:22.672  5153  6213 D IWlanJni: getJavaCallbackClass start
07-28 18:35:22.672  5153  6213 D IWlanJni: getJavaCallbackClass End midIs[1]
07-28 18:35:22.672  5153  6213 I IWlanAidlClient: getDataRegistrationStateResponse called
07-28 18:35:22.672  5153  6208 W IWlanNetworkService: 12 > Response Processed
07-28 18:35:22.672  5153  6212 W IWlanNetworkService: 13 > Response Processed
07-28 18:35:22.675  3489  4511 V NetworkPolicy: updateNotificationsNL not process
07-28 18:35:22.675  3489  4606 D CmccSliceManagerService: ACTION_DDS_SWITCH_DONE
07-28 18:35:22.675  3489  4606 D CmccSliceManagerService: cleanUpAndRestartSlice
07-28 18:35:22.675  3489  4606 D CmccSliceManagerService: cleanUpSlice
07-28 18:35:22.675  3489  4606 D CmccSliceManagerService: cleanUpSlice qcom
07-28 18:35:22.675  3489  4606 D CmccSliceManagerService: getDefaultDataSlotId0, subid: 1
07-28 18:35:22.675  3489  4606 E ActivityThread: Failed to find provider info for com.cmccslice.proxyapp.provider
07-28 18:35:22.675  5015  6018 D CellularEvent: onActiveDataSubscriptionIdChanged sub id:1
07-28 18:35:22.675  3489  4606 D CmccSliceManagerService: loadUrsp qcomCursor=null, count=-1, slotId=0
07-28 18:35:22.675  4876  4876 I KeyguardUpdateMonitor: refreshSimState, changed:false,subId:1,slotId:0,state:5
07-28 18:35:22.675  4876  5156 I SystemUi--QuickSettings: Tile.OplusCellularTile-->updateCarrierText: dialog not showing, ignore
07-28 18:35:22.675  3489  4606 D CmccSliceManagerService: loadUrsp: qcomCursor=[]
07-28 18:35:22.675  3489  4606 D CmccSliceManagerService: isFeatureEnable , rus : false Feature : false
07-28 18:35:22.675  3489  4606 D CmccSliceManagerService: requestSliceNetwork: feature not enabled
07-28 18:35:22.675  3489  4606 D CmccSliceManagerService: cleanUpAndRestartSlice qcom
07-28 18:35:22.675  5153  5153 D QCNEJ/WwanInfoRelay: onActiveSubscriptionsChanged activeCurrDDSId: 1 new DDS 1
07-28 18:35:22.676  5153  5153 D QCNEJ/WwanInfoRelay: onActiveSubscriptionsChanged activeCurrDDSId: 1 new DDS 1
07-28 18:35:22.676  4876  5156 D SimStateHelper: slot:0, lock state:Bundle[mParcelledData.dataSize=56]
07-28 18:35:22.677  4876  5156 D SimStateHelper: slot:1, lock state:Bundle[mParcelledData.dataSize=56]
07-28 18:35:22.677  4876  5156 D SimStateHelper: needDisableMenu: slot1State=-1; slot2State=-1
07-28 18:35:22.677  4876  5156 D SimStateHelper: needDisableMenu:false
07-28 18:35:22.677  4947  4947 D QC_RIL_OEM_HOOK: Received Broadcast Intent ACTION_UNSOL_RESPONSE_OEM_HOOK_RAW
07-28 18:35:22.677  4947  4947 D QC_RIL_OEM_HOOK: Received Broadcast Intent ACTION_UNSOL_RESPONSE_OEM_HOOK_RAW
07-28 18:35:22.677  4947  4947 D QC_RIL_OEM_HOOK: Received Broadcast Intent ACTION_UNSOL_RESPONSE_OEM_HOOK_RAW
07-28 18:35:22.678  5045  9810 D txpwrJni: new aidl event arrived
07-28 18:35:22.678  5045  9810 D txpwrJni: handleEvent 1
07-28 18:35:22.678  5045  9810 D txpwrJni: isThreadAttached start
07-28 18:35:22.678  5045  9810 D txpwrJni: jni detached
07-28 18:35:22.678  5045  9810 D txpwrJni: jni attached
07-28 18:35:22.678  5045  9810 D txpwrJni: getRadioStatus start
07-28 18:35:22.678  5045  9810 D txpwrJni: getJavaCallbackClass start
07-28 18:35:22.678  5045  9810 D txpwrJni: getJavaCallbackClass End midIs[1]
07-28 18:35:22.678  5045  8381 D txpwrJni: sendRadioStatus start
07-28 18:35:22.678  4947  4947 D OplusPowerUpOptimizationImpl: onReceive: org.codeaurora.intent.action.RADIO_POWER_STATE
07-28 18:35:22.678  4947  5569 D OplusPowerUpOptimizationImpl: handleMessage what = 6
07-28 18:35:22.678  4947  5569 D OplusPowerUpOptimizationImpl: radio is available for slot: 1
07-28 18:35:22.678  4947  5569 D OplusPowerUpOptimizationImpl: trySendPhoneReady for slot: 1
07-28 18:35:22.679  4947  5569 D OplusPowerUpOptimizationImpl: Not sending ATEL ready: States: [1: {true, true, true, true}]
07-28 18:35:22.679  5045  9810 D txpwrJni: new aidl event arrived
07-28 18:35:22.679  5045  9810 D txpwrJni: handleEvent 1
07-28 18:35:22.679  5045  9810 D txpwrJni: isThreadAttached start
07-28 18:35:22.679  5045  9810 D txpwrJni: jni detached
07-28 18:35:22.679  5045  9810 D txpwrJni: jni attached
07-28 18:35:22.679  5045  9810 D txpwrJni: getRadioStatus start
07-28 18:35:22.679  5045  9810 D txpwrJni: getJavaCallbackClass start
07-28 18:35:22.679  5045  9810 D txpwrJni: getJavaCallbackClass End midIs[1]
07-28 18:35:22.680  4947  4947 D CiWlanNotificationReceiver: ACTION_RADIO_POWER_STATE_CHANGED
07-28 18:35:22.680  3489  5371 W BestClock: java.time.DateTimeException: Missing network time fix
07-28 18:35:22.680  5045  8381 D txpwrJni: sendRadioStatus start
07-28 18:35:22.681  3489  5371 W BestClock: java.time.DateTimeException: Missing network time fix
07-28 18:35:22.681  4876  5747 V OplusCustomizeCacheManager: queryCache name: sys.cache.common_customize_cache18014 param: null
07-28 18:35:22.681  4876  5747 V OplusCustomizeCacheManager: queryCache name: sys.cache.common_customize_cache18017 param: Bundle[{SETTING=BLOCK, BUSINESS=NCT-DATA}]
07-28 18:35:22.681  4876  5747 V OplusCustomizeCacheManager: queryCache name: sys.cache.common_customize_cache18013 param: null
07-28 18:35:22.683  4876  5156 I SystemUi--QuickSettings: Tile.OplusCellularTile-->updateCarrierText: dialog not showing, ignore
07-28 18:35:22.683  4876  5156 D SimStateHelper: slot:0, lock state:Bundle[mParcelledData.dataSize=56]
07-28 18:35:22.683  4876  5156 D SimStateHelper: slot:1, lock state:Bundle[mParcelledData.dataSize=56]
07-28 18:35:22.683  4876  5156 D SimStateHelper: needDisableMenu: slot1State=-1; slot2State=-1
07-28 18:35:22.683  4876  5156 D SimStateHelper: needDisableMenu:false
07-28 18:35:22.683  4947  4967 W System  : A resource failed to call AbstractCursor.close. 
07-28 18:35:22.683  4947  4967 W System  : A resource failed to call AbstractCursor.close. 
07-28 18:35:22.683  4947  4967 W System  : A resource failed to call AbstractCursor.close. 
07-28 18:35:22.684  4947  4947 D ServiceStateProvider: subId=1
07-28 18:35:22.684  3489  4662 V SettingsProvider: deleteSystemSetting(OPLUS_SLA_LAST_MCC, 0)
07-28 18:35:22.684  3489  4662 D SettingsProvider: delete system settings OPLUS_****_MCC pkg is  android user id is 0
07-28 18:35:22.685  5015  6031 D OplusSubWaySlowRecovery: getPreferSubId return 1
07-28 18:35:22.685  5015  6031 D OplusScanQrCodeRecoveryImpl: msg.what=3
07-28 18:35:22.685  5015  6024 D NAS-CallIssueDetector: onServiceStateChanged
07-28 18:35:22.685  5015  6024 D OplusCiwlanController: [vodata] processServiceStateChanged  phoneid = 0, original roaming type = -1,roaming type = 0
07-28 18:35:22.685  5099  5099 I QImsService: OplusPhoneStateTracker : onServiceStateChanged
07-28 18:35:22.685  5015  6024 D OplusCiwlanController: [vodata] processServiceStateChanged  phoneid = 1, original roaming type = -1,roaming type = 0
07-28 18:35:22.685  3489  5371 W ContextImpl: Calling a method in the system process without a qualified user: android.app.ContextImpl.sendBroadcastMultiplePermissions:1311 android.content.Context.sendBroadcastMultiplePermissions:2524 com.android.server.TelephonyRegistry.broadcastServiceStateChanged:3740 com.android.server.TelephonyRegistry.notifyServiceStateForPhoneId:1787 com.android.internal.telephony.ITelephonyRegistry$Stub.onTransact:546 
07-28 18:35:22.685  3489  5373 W BestClock: java.time.DateTimeException: Missing network time fix
07-28 18:35:22.685  5015  6023 D OplusLinkBoostCommon: dds servicestate change
07-28 18:35:22.686  3489  4662 W OplusSlaManager: updateMCC curMCC empty!
07-28 18:35:22.686  5015  6031 D SaDataFailRecovery/0: current is not in service,reset alarm
07-28 18:35:22.686  5188  6053 D EfsNvDumpUnit[0]: onServiceStateChanged: voice reg state: OUT_OF_SERVICE data reg state: OUT_OF_SERVICE
07-28 18:35:22.686  5188  6053 D cellularState[0]: handleMessage: E msg.what=4
07-28 18:35:22.686  5188  6053 D cellularState[0]: processMsg: DataCallingState
07-28 18:35:22.686  5188  6053 D cellularState[0]: processMsg: NetworkAttachedState
07-28 18:35:22.686  5188  6053 D cellularState[0]: processMsg: SimReadyState
07-28 18:35:22.686  5188  6053 D cellularState[0]: processMsg: DefaultState
07-28 18:35:22.686  5188  6053 E cellularState[0]:  - unhandledMessage: msg.what=4
07-28 18:35:22.686  5188  6053 D cellularState[0]: handleMessage: X
07-28 18:35:22.686  5099  5099 I QImsService: OplusPhoneStateTracker : onServiceStateChanged
07-28 18:35:22.688  4876  5323 I SystemUi--Statusbar: MobileConnectionRepositoryImpl-->subId:1 isSoftSimCard:false slotId:0
07-28 18:35:22.688  5188  5188 D SubsysEventListenerManager-SubsysTelephonyCallback[0]: onServiceStateChanged
07-28 18:35:22.688  5188  5188 D ChinaRoamingControl: registTelephonyEvent onServiceStateChanged eventId:5, VoiceRegState:1, DataRegState:1
07-28 18:35:22.688  5188  5188 D QuickChangeAirplaneModeEvent: onServiceStateChanged slotId:0
07-28 18:35:22.688  4876  4876 I KeyguardUpdateMonitor: action=android.intent.action.SERVICE_STATE subId=1 slotId=0
07-28 18:35:22.688  4876  5044 I SystemUi--Statusbar: NetworkController.WifiSignalController-->wifi Broadcast action = android.telephony.action.SERVICE_PROVIDERS_UPDATED state=1 enabled=false connected=false isDefaultNetwork=false rssi=0 level=0 statusLabel = null isDirty = false
07-28 18:35:22.688  4876  5156 I SystemUi--QuickSettings: Tile.OplusCellularTile-->updateCarrierText: dialog not showing, ignore
07-28 18:35:22.688  3489  5371 W ContextImpl: Calling a method in the system process without a qualified user: android.app.ContextImpl.sendBroadcastMultiplePermissions:1344 com.android.server.TelephonyRegistry.broadcastServiceStateChanged:3745 com.android.server.TelephonyRegistry.notifyServiceStateForPhoneId:1787 com.android.internal.telephony.ITelephonyRegistry$Stub.onTransact:546 android.os.Binder.execTransactInternal:1523 
07-28 18:35:22.688  3489  4513 D WifiNative: onSetCountryCodeSucceeded: US
07-28 18:35:22.688  3489  4513 I WifiCountryCode: Receive onSetCountryCodeSucceeded US
07-28 18:35:22.689  3489  5913 W BestClock: java.time.DateTimeException: Missing network time fix
07-28 18:35:22.689  4876  5156 D SimStateHelper: slot:0, lock state:Bundle[mParcelledData.dataSize=56]
07-28 18:35:22.689  4876  5156 D SimStateHelper: slot:1, lock state:Bundle[mParcelledData.dataSize=56]
07-28 18:35:22.689  4876  5156 D SimStateHelper: needDisableMenu: slot1State=-1; slot2State=-1
07-28 18:35:22.689  4876  5156 D SimStateHelper: needDisableMenu:false
07-28 18:35:22.689  4876  5156 I SystemUi--QuickSettings: Tile.OplusCellularTile-->updateCarrierText: dialog not showing, ignore
07-28 18:35:22.689  4876  5156 D SimStateHelper: slot:0, lock state:Bundle[mParcelledData.dataSize=56]
07-28 18:35:22.689  3489  4513 I WifiNl80211Manager: Receive country code change to US
07-28 18:35:22.689  4876  5156 D SimStateHelper: slot:1, lock state:Bundle[mParcelledData.dataSize=56]
07-28 18:35:22.689  4876  5156 D SimStateHelper: needDisableMenu: slot1State=-1; slot2State=-1
07-28 18:35:22.689  4876  5156 D SimStateHelper: needDisableMenu:false
07-28 18:35:22.689  3489  4513 D WifiScanRequestProxy: Sending scan available broadcast: true
07-28 18:35:22.689  2752  2752 I wificond: Receive notifyCountryCodeChanged
07-28 18:35:22.689  2752  2752 I wificond: UpdateBandInfo
07-28 18:35:22.689  3489  4519 I WifiScanningService: Received a request to enable scanning, UID = 1000
07-28 18:35:22.689  3489  4519 I WifiScanningService: scanner impls already exists
07-28 18:35:22.689  3489  4519 E WifiScanningService: wifi driver loaded received while already loaded
07-28 18:35:22.689  5188  5188 D QuickChangeAirplaneModeEvent: isBothCardInService is false
07-28 18:35:22.689  5188  5188 D MsimSubModeManager: registTelephonyEvent onServiceStateChanged eventId:3, VoiceRegState:1, DataRegState:1
07-28 18:35:22.689  3489  4513 I WifiScanRequestProxy: Scanning is enabled
07-28 18:35:22.689  3489  4513 I WifiScanRequestProxy: Scanning for hidden networks is disabled
07-28 18:35:22.689  5188  5188 E ExtremeCommUtils: getSwitchRusSupportMcc invalid index 1
07-28 18:35:22.689  5188  5188 D ExtremeCommUtils: isSupporCheck rusContain:false,propContain(persist.sys.oplus.support_hyper_uplink_mcc):false
07-28 18:35:22.689  5188  5188 D ExtremeCommService: handleServiceStateChanged mcc is null
07-28 18:35:22.689  4876  5747 V OplusCustomizeCacheManager: queryCache name: sys.cache.common_customize_cache18014 param: null
07-28 18:35:22.689  5188  5188 D ChinaRoamingControl: handleMessage what:5
07-28 18:35:22.689  4876  5747 V OplusCustomizeCacheManager: queryCache name: sys.cache.common_customize_cache18017 param: Bundle[{SETTING=BLOCK, BUSINESS=NCT-DATA}]
07-28 18:35:22.689  4876  5747 V OplusCustomizeCacheManager: queryCache name: sys.cache.common_customize_cache18013 param: null
07-28 18:35:22.689  5188  5188 D MsimSubModeManager: handleMessage what:3
07-28 18:35:22.689  5188  5188 D MsimSubModeManager: getMsimSimServiceIn() i:0,mServiceState:1
07-28 18:35:22.689  5188  5188 D MsimSubModeManager: getMsimSimServiceIn() i:1,mServiceState:1
07-28 18:35:22.689  2752  2752 I wificond: 2.4Ghz frequencies: 2412 2417 2422 2427 2432 2437 2442 2447 2452 2457 2462
07-28 18:35:22.689  2752  2752 I wificond: 5Ghz non-DFS frequencies: 5180 5200 5220 5240 5745 5765 5785 5805 5825
07-28 18:35:22.689  2752  2752 I wificond: 5Ghz DFS frequencies: 5260 5280 5300 5320 5500 5520 5540 5560 5580 5600 5620 5640 5660 5680 5700
07-28 18:35:22.689  2752  2752 I wificond: 6Ghz frequencies:
07-28 18:35:22.689  2752  2752 I wificond: 60Ghz frequencies:
07-28 18:35:22.689  3489  5371 W ContextImpl: Calling a method in the system process without a qualified user: android.app.ContextImpl.sendBroadcastMultiplePermissions:1344 com.android.server.TelephonyRegistry.broadcastServiceStateChanged:3754 com.android.server.TelephonyRegistry.notifyServiceStateForPhoneId:1787 com.android.internal.telephony.ITelephonyRegistry$Stub.onTransact:546 android.os.Binder.execTransactInternal:1523 
07-28 18:35:22.690  6815  6815 I OsAgent : onReceive: android.net.wifi.action.WIFI_SCAN_AVAILABILITY_CHANGED
07-28 18:35:22.690  6815  8373 I OsAgent : updateWiFiScanAvailState, scanAvailable: true
07-28 18:35:22.690  3489  5371 W ContextImpl: Calling a method in the system process without a qualified user: android.app.ContextImpl.sendBroadcastMultiplePermissions:1344 com.android.server.TelephonyRegistry.broadcastServiceStateChanged:3760 com.android.server.TelephonyRegistry.notifyServiceStateForPhoneId:1787 com.android.internal.telephony.ITelephonyRegistry$Stub.onTransact:546 android.os.Binder.execTransactInternal:1523 
07-28 18:35:22.690  3489  4513 D WakeupController: start()
07-28 18:35:22.690  3489  4513 E WifiStaIfaceAidlImpl: setScanMode failed with service-specific exception: android.os.ServiceSpecificException:  (code 4)
07-28 18:35:22.690  3489  4513 I WifiService: Receive onDriverCountryCodeChanged to US, update available channel list
07-28 18:35:22.690  5015  6018 D T-Recommend: onPreHandleMessage 1000
07-28 18:35:22.690  5015  6018 E CellularEvent: nri null ps
07-28 18:35:22.690  5015  6018 E CellularEvent: invalid nri
07-28 18:35:22.690  5015  6018 D T-Recommend: onPostHandleMessage 1000
07-28 18:35:22.691  3489  3489 D OplusWifiBroadCastDispatcher: mBroadcastReceiver: onReceiver  action=android.net.wifi.action.WIFI_SCAN_AVAILABILITY_CHANGED
07-28 18:35:22.691  3489  5913 W ContextImpl: Calling a method in the system process without a qualified user: android.app.ContextImpl.sendBroadcastMultiplePermissions:1311 android.content.Context.sendBroadcastMultiplePermissions:2524 com.android.server.TelephonyRegistry.broadcastServiceStateChanged:3740 com.android.server.TelephonyRegistry.notifyServiceStateForPhoneId:1787 com.android.internal.telephony.ITelephonyRegistry$Stub.onTransact:546 
07-28 18:35:22.691  3489  4630 D OplusWifiPower_ConnLpmEventObsever: onReceive EXTRA_SCAN_AVAILABLE availabe = true
07-28 18:35:22.691  3489  4630 D OplusWifiPowerService: onReceive action:android.net.wifi.action.WIFI_SCAN_AVAILABILITY_CHANGED
07-28 18:35:22.691  3489  4630 D OplusWifiSwitchStateMonitor: scan settings change to true
07-28 18:35:22.692  3489  4513 E ApConfigUtil: Malformed channel value detected: java.lang.NumberFormatException: For input string: ""
07-28 18:35:22.692  4947  4947 D Telephony: isEmergencyPreferredAccount: subId=1, activeData=1
07-28 18:35:22.692  4947  4947 D Telephony: isEmergencyPreferredAccount: Device does not require preference.
07-28 18:35:22.692  4947  4947 D InternationalRoamingNotification: init
07-28 18:35:22.692  3489  3692 D LocationManagerService: passive provider added registration from 1000/android[CountryDetector]/0F77855D -> Request[PASSIVE, minUpdateInterval=0, WorkSource{1000 android}] permissionLevel: 2 permitted: true
07-28 18:35:22.692  5188  6339 D VirtualCommService2: isSupport. true, true
07-28 18:35:22.692  4947  4947 D OplusVirtualCommUtils: isVirtualCommSupport, vRet: true
07-28 18:35:22.693  4947  4947 I OplusVirtualCommUtils: getVirtualCommDeviceType, vRet: 1
07-28 18:35:22.693  4947  4947 I OplusVirtualCommUtils: isConsumerDeviceType, deviceType: 1
07-28 18:35:22.693  5896  5896 D CellBroadcastReceiver: onReceive Intent { act=android.intent.action.SERVICE_STATE flg=0x1000010 cmp=com.android.cellbroadcastreceiver.module/com.android.cellbroadcastreceiver.CellBroadcastReceiver (has extras) }
07-28 18:35:22.693  5896  5896 D CellBroadcastReceiver: onServiceStateChanged, ss: 1
07-28 18:35:22.693  3489  4863 W BestClock: java.time.DateTimeException: Missing network time fix
07-28 18:35:22.694  3489  5913 W ContextImpl: Calling a method in the system process without a qualified user: android.app.ContextImpl.sendBroadcastMultiplePermissions:1344 com.android.server.TelephonyRegistry.broadcastServiceStateChanged:3745 com.android.server.TelephonyRegistry.notifyServiceStateForPhoneId:1787 com.android.internal.telephony.ITelephonyRegistry$Stub.onTransact:546 android.os.Binder.execTransactInternal:1523 
07-28 18:35:22.695  3489  4513 E ApConfigUtil: Malformed channel value detected: java.lang.NumberFormatException: For input string: ""
07-28 18:35:22.695  3489  4863 W BestClock: java.time.DateTimeException: Missing network time fix
07-28 18:35:22.695  4876  4876 I KeyguardUpdateMonitor: action=android.intent.action.SERVICE_STATE subId=-1 slotId=1
07-28 18:35:22.695  4947  4947 D InternationalRoamingNotification: do not createRoamingNotification for invalid Network
07-28 18:35:22.695  4876  4876 W KeyguardUpdateMonitorLog: invalid subId in handleServiceStateChange()
07-28 18:35:22.695  4876  5156 I SystemUi--QuickSettings: Tile.OplusCellularTile-->updateCarrierText: dialog not showing, ignore
07-28 18:35:22.695  4876  5156 D SimStateHelper: slot:0, lock state:Bundle[mParcelledData.dataSize=56]
07-28 18:35:22.695  4876  5156 D SimStateHelper: slot:1, lock state:Bundle[mParcelledData.dataSize=56]
07-28 18:35:22.695  4876  5156 D SimStateHelper: needDisableMenu: slot1State=-1; slot2State=-1
07-28 18:35:22.695  4876  5156 D SimStateHelper: needDisableMenu:false
07-28 18:35:22.695  3489  4513 E ApConfigUtil: Malformed channel value detected: java.lang.NumberFormatException: For input string: ""
07-28 18:35:22.695  4876  5747 V OplusCustomizeCacheManager: queryCache name: sys.cache.common_customize_cache18014 param: null
07-28 18:35:22.695  4876  5747 V OplusCustomizeCacheManager: queryCache name: sys.cache.common_customize_cache18017 param: Bundle[{SETTING=BLOCK, BUSINESS=NCT-DATA}]
07-28 18:35:22.695  4876  5747 V OplusCustomizeCacheManager: queryCache name: sys.cache.common_customize_cache18013 param: null
07-28 18:35:22.695  3489  4629 D OplusSoftApManager: Support Wi-Fi6 SAP
07-28 18:35:22.696  3489  4513 I WifiService: Receive onDriverCountryCodeChanged to US, update available channel list
07-28 18:35:22.696  4947  4947 I Telephony: y0: onServiceStateChanged: newState=1, mServiceState=3
07-28 18:35:22.696  4947  4947 I Telephony: isRttCurrentlySupported -- regular acct, hasVoiceAvailability: false
07-28 18:35:22.696  4947  4947 I Telephony:  isRttSupported: false
07-28 18:35:22.696  4947  4947 I Telephony:  isUserRttSettingOn: false
07-28 18:35:22.696  4947  4947 I Telephony:  alwaysAllowWhileRoaming: false
07-28 18:35:22.696  4947  4947 I Telephony:  isRoaming: false
07-28 18:35:22.696  4947  4947 I Telephony:  isOnWfc: false
07-28 18:35:22.696  3489  4513 E ApConfigUtil: Malformed channel value detected: java.lang.NumberFormatException: For input string: ""
07-28 18:35:22.696  5896  5896 D CellBroadcastReceiver: networkOperator: 
07-28 18:35:22.697  3489  4513 E ApConfigUtil: Malformed channel value detected: java.lang.NumberFormatException: For input string: ""
07-28 18:35:22.697  3489  4513 E ApConfigUtil: Malformed channel value detected: java.lang.NumberFormatException: For input string: ""
07-28 18:35:22.697  1918  1966 I [UAH_CLIENT]: UahRelease, handle:43
07-28 18:35:22.697  3489  4513 I WifiService: Receive onDriverCountryCodeChanged to US, update available channel list
07-28 18:35:22.698  3489  5913 W ContextImpl: Calling a method in the system process without a qualified user: android.app.ContextImpl.sendBroadcastMultiplePermissions:1344 com.android.server.TelephonyRegistry.broadcastServiceStateChanged:3754 com.android.server.TelephonyRegistry.notifyServiceStateForPhoneId:1787 com.android.internal.telephony.ITelephonyRegistry$Stub.onTransact:546 android.os.Binder.execTransactInternal:1523 
07-28 18:35:22.698  5896  5896 D CellBroadcastReceiver: mockmodem is running? = false
07-28 18:35:22.698  5896  5896 D CellBroadcastReceiver: Start Cell Broadcast configuration for intent=ACTION_ENABLE_CHANNELS
07-28 18:35:22.698  3489  5913 W ContextImpl: Calling a method in the system process without a qualified user: android.app.ContextImpl.sendBroadcastMultiplePermissions:1344 com.android.server.TelephonyRegistry.broadcastServiceStateChanged:3760 com.android.server.TelephonyRegistry.notifyServiceStateForPhoneId:1787 com.android.internal.telephony.ITelephonyRegistry$Stub.onTransact:546 android.os.Binder.execTransactInternal:1523 
07-28 18:35:22.698  3489  4513 E ApConfigUtil: Malformed channel value detected: java.lang.NumberFormatException: For input string: ""
07-28 18:35:22.698  3489  4523 D ConnectivityService: unregister offer from providerId 5 : NetworkOffer [ Provider Id (5) Score(Policies : YIELD_TO_BAD_WIFI&TRANSPORT_PRIMARY&EVER_EVALUATED&IS_UNMETERED&EVER_VALIDATED&IS_VALIDATED ; KeepConnected : 0) Caps [ Transports: CELLULAR|SATELLITE Capabilities: MMS&SUPL&DUN&FOTA&IMS&CBS&IA&RCS&XCAP&EIMS&INTERNET&NOT_RESTRICTED&TRUSTED&NOT_VPN&MCX&NOT_VCN_MANAGED&ENTERPRISE&VSIM&BIP&MMTEL&PRIORITIZE_LATENCY&PRIORITIZE_BANDWIDTH&NOT_BANDWIDTH_CONSTRAINED Specifier: <TelephonyNetworkSpecifier [mSubId = 1]> EnterpriseId: 1&2&3&4&5 UnderlyingNetworks: Null] Needed by [251, 58, 93, 134, 108, 69, 204, 192, 259, 174, 138, 144, 230, 243, 84, 50, 155, 159, 161, 211, 72, 219, 235, 79, 169, 280, 46, 67, 224, 15, 36, 272, 157, 268, 188, 276, 249, 132, 28, 95, 26, 172, 176, 63, 56, 44, 257, 18, 106, 40, 254, 32, 178, 149, 151, 34, 266, 7, 246, 1, 91, 136, 208, 153, 263, 42, 183, 102, 147, 202, 232, 190, 48, 53, 278, 24, 270, 38, 141, 9, 163, 200, 274, 185, 198, 30, 89, 239, 217]]
07-28 18:35:22.698  3489  4523 D ConnectivityService: update offer from providerId 5 new : NetworkOffer [ Provider Id (5) Score(Policies : YIELD_TO_BAD_WIFI&TRANSPORT_PRIMARY&EVER_EVALUATED&IS_UNMETERED&EVER_VALIDATED&IS_VALIDATED ; KeepConnected : 0) Caps [ Transports: CELLULAR|SATELLITE Capabilities: MMS&SUPL&DUN&FOTA&IMS&CBS&IA&RCS&XCAP&EIMS&INTERNET&NOT_RESTRICTED&TRUSTED&NOT_VPN&MCX&NOT_VCN_MANAGED&ENTERPRISE&VSIM&BIP&MMTEL&PRIORITIZE_LATENCY&PRIORITIZE_BANDWIDTH&NOT_BANDWIDTH_CONSTRAINED Specifier: <TelephonyNetworkSpecifier [mSubId = 1]> EnterpriseId: 1&2&3&4&5 UnderlyingNetworks: Null] Needed by [251, 58, 93, 134, 108, 69, 204, 192, 259, 174, 138, 144, 230, 243, 84, 50, 155, 159, 161, 211, 72, 219, 235, 79, 169, 280, 46, 67, 224, 15, 36, 272, 157, 268, 188, 276, 249, 132, 28, 95, 26, 172, 176, 63, 56, 44, 257, 18, 106, 40, 254, 32, 178, 149, 151, 34, 266, 7, 246, 1, 91, 136, 208, 153, 263, 42, 183, 102, 147, 202, 232, 190, 48, 53, 278, 24, 270, 38, 141, 9, 163, 200, 274, 185, 198, 30, 89, 239, 217]]
07-28 18:35:22.699  3489  4523 D ConnectivityService: unregister offer from providerId 6 : NetworkOffer [ Provider Id (6) Score(Policies : YIELD_TO_BAD_WIFI&EVER_EVALUATED&IS_UNMETERED&EVER_VALIDATED&IS_VALIDATED ; KeepConnected : 0) Caps [ Transports: CELLULAR|SATELLITE Capabilities: MMS&SUPL&DUN&FOTA&IMS&CBS&IA&RCS&XCAP&EIMS&INTERNET&NOT_RESTRICTED&TRUSTED&NOT_VPN&MCX&NOT_VCN_MANAGED&ENTERPRISE&VSIM&BIP&MMTEL&PRIORITIZE_LATENCY&PRIORITIZE_BANDWIDTH&NOT_BANDWIDTH_CONSTRAINED Specifier: <TelephonyNetworkSpecifier [mSubId = -1]> EnterpriseId: 1&2&3&4&5 UnderlyingNetworks: Null] Needed by [251, 58, 93, 134, 108, 69, 204, 192, 259, 174, 138, 144, 230, 243, 84, 50, 155, 159, 161, 211, 72, 219, 235, 79, 169, 280, 46, 67, 224, 15, 36, 272, 157, 268, 188, 276, 249, 132, 28, 95, 26, 172, 176, 63, 56, 44, 257, 18, 106, 40, 254, 32, 178, 149, 151, 34, 266, 7, 246, 1, 91, 136, 208, 153, 263, 42, 183, 102, 147, 202, 232, 190, 48, 53, 278, 24, 270, 38, 141, 9, 163, 200, 274, 185, 198, 30, 89, 239, 217]]
07-28 18:35:22.699  3489  4523 D ConnectivityService: update offer from providerId 6 new : NetworkOffer [ Provider Id (6) Score(Policies : YIELD_TO_BAD_WIFI&EVER_EVALUATED&IS_UNMETERED&EVER_VALIDATED&IS_VALIDATED ; KeepConnected : 0) Caps [ Transports: CELLULAR|SATELLITE Capabilities: MMS&SUPL&DUN&FOTA&IMS&CBS&IA&RCS&XCAP&EIMS&INTERNET&NOT_RESTRICTED&TRUSTED&NOT_VPN&MCX&NOT_VCN_MANAGED&ENTERPRISE&VSIM&BIP&MMTEL&PRIORITIZE_LATENCY&PRIORITIZE_BANDWIDTH&NOT_BANDWIDTH_CONSTRAINED Specifier: <TelephonyNetworkSpecifier [mSubId = -1]> EnterpriseId: 1&2&3&4&5 UnderlyingNetworks: Null] Needed by [251, 58, 93, 134, 108, 69, 204, 192, 259, 174, 138, 144, 230, 243, 84, 50, 155, 159, 161, 211, 72, 219, 235, 79, 169, 280, 46, 67, 224, 15, 36, 272, 157, 268, 188, 276, 249, 132, 28, 95, 26, 172, 176, 63, 56, 44, 257, 18, 106, 40, 254, 32, 178, 149, 151, 34, 266, 7, 246, 1, 91, 136, 208, 153, 263, 42, 183, 102, 147, 202, 232, 190, 48, 53, 278, 24, 270, 38, 141, 9, 163, 200, 274, 185, 198, 30, 89, 239, 217]]
07-28 18:35:22.699  3489  4513 E ApConfigUtil: Malformed channel value detected: java.lang.NumberFormatException: For input string: ""
07-28 18:35:22.700  3489  4513 E ApConfigUtil: Malformed channel value detected: java.lang.NumberFormatException: For input string: ""
07-28 18:35:22.700  5896  5896 D CellBroadcastReceiver: onReceive Intent { act=android.intent.action.SERVICE_STATE flg=0x1000010 cmp=com.android.cellbroadcastreceiver.module/com.android.cellbroadcastreceiver.CellBroadcastReceiver (has extras) }
07-28 18:35:22.700  5896  5896 D CellBroadcastReceiver: onServiceStateChanged, ss: 1
07-28 18:35:22.700  5896  5896 D CellBroadcastReceiver: networkOperator: 
07-28 18:35:22.700  5896 13152 D CellBroadcastConfigService: Enable CellBroadcast on sub 1
07-28 18:35:22.701  5188  5188 D SubsysEventListenerManager-SubsysTelephonyCallback[0]: onSignalStrengthsChanged
07-28 18:35:22.701  4947  4947 V OplusCustomizeCacheManager: queryCache name: sys.cache.common_customize_cache18016 param: null
07-28 18:35:22.701  4947  4947 V OplusCustomizeCacheManager: queryCache name: sys.cache.common_customize_cache18013 param: null
07-28 18:35:22.701  4947  4947 V OplusCustomizeCacheManager: queryCache name: sys.cache.common_customize_cache18014 param: null
07-28 18:35:22.701  4947  4947 V OplusCustomizeCacheManager: queryCache name: sys.cache.common_customize_cache18017 param: Bundle[{SETTING=BLOCK, BUSINESS=NCT-DATA}]
07-28 18:35:22.701  4947  4947 V OplusCustomizeCacheManager: queryCache name: sys.cache.common_customize_cache18016 param: null
07-28 18:35:22.701  4947  4947 V OplusCustomizeCacheManager: queryCache name: sys.cache.common_customize_cache18013 param: null
07-28 18:35:22.701  4947  4947 V OplusCustomizeCacheManager: queryCache name: sys.cache.common_customize_cache18014 param: null
07-28 18:35:22.701  4947  4947 V OplusCustomizeCacheManager: queryCache name: sys.cache.common_customize_cache18017 param: Bundle[{SETTING=BLOCK, BUSINESS=NCT-DATA}]
07-28 18:35:22.702  4876  4876 I SystemUi--QuickSettings: QsLottieUtils-->getLottieAnimFile : qs/qs_airplane_lottie_active_sep_dual_light.json
07-28 18:35:22.702  4876  4876 I SystemUi--QuickSettings: TemporarilyInfoManager-->[trigger] start from show
07-28 18:35:22.703  4876  4876 I SystemUi--QuickSettings: TemporarilyInfoManager-->[getLayoutParams] translationY=102.07752, translationX=0, width=1080, height=228, isLandscape=false, parent=androidx.constraintlayout.widget.ConstraintLayout{f914e80 V.E...... ......ID 0,0-1080,2376 #7f0a09f6 app:id/qs_container_area_layout alpha=1.0 viewInfo = }
07-28 18:35:22.703  8073  9302 W metis_v2_KnowledgeManager: Fire: isEmergency is true  debugFireMode = false [7f0000011753742081037199807312|p_7312_e943eb3@2|p_8073_3066af1@16|com.oplus.metis] [base|com.oplus.metis|1.5.5-f48228a]
07-28 18:35:22.703  4947  4947 D OplusTelephonyController: onSignalStrengthChanged: SignalStrength=SignalStrength:{mCdma=CellSignalStrengthCdma: cdmaDbm=2147483647 cdmaEcio=2147483647 evdoDbm=2147483647 evdoEcio=2147483647 evdoSnr=2147483647 level=0,mGsm=CellSignalStrengthGsm: rssi=2147483647 ber=2147483647 mTa=2147483647 mLevel=0,mWcdma=CellSignalStrengthWcdma: ss=2147483647 ber=2147483647 rscp=2147483647 ecno=2147483647 level=0,mTdscdma=CellSignalStrengthTdscdma: rssi=2147483647 ber=2147483647 rscp=2147483647 level=0,mLte=CellSignalStrengthLte: rssi=2147483647 rsrp=2147483647 rsrq=2147483647 rssnr=2147483647 cqiTableIndex=2147483647 cqi=2147483647 ta=2147483647 level=0 parametersUseForLevel=0,mNr=CellSignalStrengthNr:{ csiRsrp = 2147483647 csiRsrq = 2147483647 csiCqiTableIndex = 2147483647 csiCqiReport = [] ssRsrp = 2147483647 ssRsrq = 2147483647 ssSinr = 2147483647 level = 0 parametersUseForLevel = 0 timingAdvance = 2147483647 },primary=CellSignalStrengthLte}
07-28 18:35:22.703  4947  4947 D InternationalRoamingNotification: init
07-28 18:35:22.703  4876  4876 I SystemUi--Common: ViewExt-->[startAlongWithPosition] com.oplus.systemui.qs.base.temporarilyinfo.TemporarilyInfoManager$createViewToParent$1{2cedfa2 V.ED..... ......ID 0,0-0,0 #7f0a0cb6 app:id/temporarily_info_view alpha=0.0 viewInfo = } alongWith android.widget.RelativeLayout{384c433 V.E...... ........ 0,102-1080,222 #7f0a0a2e app:id/qs_status_bar_container_layout alpha=1.0 viewInfo = }
07-28 18:35:22.703  8073  9302 W metis_v2_OifaceBindUtils: bindTask [7f0000011753742081037199807312|p_7312_e943eb3@2|p_8073_3066af1@16|com.oplus.metis]
07-28 18:35:22.703  8073  9302 W metis_v2_OifaceBindUtils: call connectOifaceService [7f0000011753742081037199807312|p_7312_e943eb3@2|p_8073_3066af1@16|com.oplus.metis]
07-28 18:35:22.703  5188  6339 D VirtualCommService2: isSupport. true, true
07-28 18:35:22.703  4947  4947 D OplusVirtualCommUtils: isVirtualCommSupport, vRet: true
07-28 18:35:22.703  4876  4876 I SystemUi--QuickSettings: TemporarilyInfoManager-->[showElement] com.oplus.systemui.qs.base.temporarilyinfo.TemporarilyInfoManager$createViewToParent$1{2cedfa2 V.ED..... ......ID 0,0-0,0 #7f0a0cb6 app:id/temporarily_info_view alpha=0.0 viewInfo = } for Element(text=Airplane mode off, groupId=Airplane mode, style=InfoShowStyle(textSize=16.0, sizeUnit=2, textColor=-1, showDuration=1500, alongWithReplacedView=true))
07-28 18:35:22.703  4947  4947 I OplusVirtualCommUtils: getVirtualCommDeviceType, vRet: 1
07-28 18:35:22.703  4947  4947 I OplusVirtualCommUtils: isConsumerDeviceType, deviceType: 1
07-28 18:35:22.703  4876  4876 I SystemUi--QuickSettings: TemporarilyInfoManager-->[animateShow] com.oplus.systemui.qs.base.temporarilyinfo.TemporarilyInfoManager$createViewToParent$1{2cedfa2 VFED..C.. ......ID 0,0-0,0 #7f0a0cb6 app:id/temporarily_info_view alpha=0.0 viewInfo = } start
07-28 18:35:22.703  8073  9302 I metis_v2_KnowledgeManager: panta-sugg-Fire: count=1 [7f0000011753742081037199807312|p_7312_e943eb3@2|p_8073_3066af1@16|com.oplus.metis]
07-28 18:35:22.703  6511  6559 E oiface  : sched_setaffinity failed
07-28 18:35:22.703  6511  6553 E oiface  : directSetTask: get cpuset path failed
07-28 18:35:22.703  4947  4947 D InternationalRoamingNotification: do not createRoamingNotification for invalid Network
07-28 18:35:22.704  5188  5188 D SubsysEventListenerManager-SubsysTelephonyCallback[0]: onCellInfoChanged
07-28 18:35:22.706  8073  9302 I System.out: 'park_precondition_home_02' 
07-28 18:35:22.706  8073  9302 I System.out: 'park_precondition_company_02' 
07-28 18:35:22.706  3489  4863 W BestClock: java.time.DateTimeException: Missing network time fix
07-28 18:35:22.706  8073  9302 I System.out: 'UBIQUITOUS_SERVICE#assistant_screen#NOT_AT_HOME_301' 
07-28 18:35:22.706  8073  9302 I System.out: 'UBIQUITOUS_SERVICE#assistant_screen#NOT_AT_OFFICE_401' 
07-28 18:35:22.707  3489  5371 W BestClock: java.time.DateTimeException: Missing network time fix
07-28 18:35:22.707  8073  9302 I System.out: 'policy:NEAR_SUBWAY_BUS_STATION_2x4' 
07-28 18:35:22.707  4876  5747 V OplusCustomizeCacheManager: queryCache name: sys.cache.common_customize_cache18014 param: null
07-28 18:35:22.707  4876  5747 V OplusCustomizeCacheManager: queryCache name: sys.cache.common_customize_cache18017 param: Bundle[{SETTING=BLOCK, BUSINESS=NCT-DATA}]
07-28 18:35:22.707  4876  5747 V OplusCustomizeCacheManager: queryCache name: sys.cache.common_customize_cache18013 param: null
07-28 18:35:22.708  5234  5746 I MMKV    : <MMKV_IO.cpp:456::writeActualSize> [mmkv.default] increase sequence to 7657, crc 188848465, actualSize 545
07-28 18:35:22.710  8073  9302 W metis_v2_TimeDurationCompare: [com.oplus.metis#UBIQUITOUS_SERVICE#scene#tips#TipScene_EXIT] 'timestamp' is not literal. [7f0000011753742081037199807312|p_7312_e943eb3@2|p_8073_3066af1@16|com.oplus.metis]
07-28 18:35:22.711  8073  9302 D SceneIntentPublisher: headAction: pkg is com.oplus.metis and simpleRuleName is UBIQUITOUS_SERVICE#secne#activity_coloros_reminder_tips
07-28 18:35:22.717  8073  9302 D SceneIntentPublisher: headAction: pkg is com.oplus.metis and simpleRuleName is UBIQUITOUS_SERVICE#secne#activity_coloros_reminder_tips
07-28 18:35:22.721  8073  9302 I System.out: 'UBIQUITOUS_SERVICE#assistant_screen#NOT_AT_HOME_301' 
07-28 18:35:22.722  8073  9302 I System.out: 'tempPropertyForGuideStatus' 
07-28 18:35:22.724  8073  9302 D SceneIntentPublisher: headAction: pkg is com.oplus.metis and simpleRuleName is UBIQUITOUS_SERVICE#secne#activity_coloros_reminder_tips
07-28 18:35:22.724  8073  9302 W metis_v2_TimeDurationCompare: [com.oplus.metis#UBIQUITOUS_SERVICE#scene#tips#TipScene_EXIT] 'timestamp' is not literal. [7f0000011753742081037199807312|p_7312_e943eb3@2|p_8073_3066af1@16|com.oplus.metis]
07-28 18:35:22.736  8073  8770 I ContextAware_GetInstalledAppsInfo: Update cache
07-28 18:35:22.736  8073  9302 W metis_v2_AbsTimerTriggered: [com.oplus.metis#UBIQUITOUS_SERVICE#health#LAUNCH-HEALTH-APP]: periodicTriggered's parseArgsToTimer meet exception periodic timer's first execute start time must >= time range start [7f0000011753742081037199807312|p_7312_e943eb3@2|p_8073_3066af1@16|com.oplus.metis]
07-28 18:35:22.736  8073  9302 W metis_v2_AbsTimerTriggered: [com.oplus.metis#UBIQUITOUS_SERVICE#health#LAUNCH-HEALTH-APP]: please check if builtin periodicTriggered's args is valid [7f0000011753742081037199807312|p_7312_e943eb3@2|p_8073_3066af1@16|com.oplus.metis]
07-28 18:35:22.738  4876  4876 I SystemUi--QuickSettings: QsLottieUtils-->getLottieAnimFile : qs/qs_cellular_lottie_active_sep_dual_light.json
07-28 18:35:22.739  8073  9302 I System.out: 'UBIQUITOUS_SERVICE#assistant_screen#NOT_AT_OFFICE_401' 
07-28 18:35:22.740  8073  9302 I metis_v2_KnowledgeManager: panta-sugg-Fire takes 37 milliseconds. [7f0000011753742081037199807312|p_7312_e943eb3@2|p_8073_3066af1@16|com.oplus.metis]
07-28 18:35:22.740  8073  9302 I ContextAware_PantanalIntentManager: intent (id-14111004+policyName-CLEAN_STORAGE) is not found in scene_intent_config [7f0000011753742081037199807312|p_7312_e943eb3@2|p_8073_3066af1@16|com.oplus.metis]
07-28 18:35:22.740  8073  9302 I metis_v2_SceneTravelingAdapter: recallTravellingIntent: [] [7f0000011753742081037199807312|p_7312_e943eb3@2|p_8073_3066af1@16|com.oplus.metis]
07-28 18:35:22.740  8073  9302 I ContextAware_ContextAware_SceneIntentManager: mLastIntentDataSet: [] [7f0000011753742081037199807312|p_7312_e943eb3@2|p_8073_3066af1@16|com.oplus.metis]
07-28 18:35:22.740  8073  9302 I ContextAware_ContextAware_SceneIntentManager: intentList: [IntentDataDTO(intent=IntentDTO=[sceneId=220500200, intentId=14111005, isExited=false, source=0, ownerId=com.oplus.metis, action=14111005, policyName=SUBSTITUTE_SCENE, serviceId=, sendExitedIntent=true, repeatable=false, sceneScore=-1.0, position=right, level=2, type=1, serviceInstanceId=null, isSupportMultiInstance=false, settingsPreference=null], items=[]), IntentDataDTO(intent=IntentDTO=[sceneId=210000000, intentId=12121002, isExited=true, source=0, ownerId=com.oplus.metis, action=12121002, policyName=TAKEOUT_ORDER_STATUS_CHANGE, serviceId=, sendExitedIntent=false, repeatable=false, sceneScore=-1.0, position=left, level=1, type=1, serviceInstanceId=null, isSupportMultiInstance=false, settingsPreference=null], items=[]), IntentDataDTO(intent=IntentDTO=[sceneId=null, intentId=14111004, isExited=true, source=0, ownerId=com.oplus.metis, action=14111004, policyName=CLEAN_STORAGE, serviceId=, sendExitedIntent=false, repeatable=false, sceneScore=-1.0, position=null, level=0, type=1, serviceInstanceId=null, isSupportMultiInstance=false, settingsPreference=null], items=[]), IntentDataDTO(intent=IntentDTO=[sceneId=null, intentId=12121002, isExited=true, source=0, ownerId=com.oplus.metis, action=12121002, policyName=TAKEOUT_ORDER_STATUS_CHANGE, serviceId=, sendExitedIntent=false, repeatable=false, sceneScore=-1.0, position=null, level=0, type=1, serviceInstanceId=null, isSupportMultiInstance=false, settingsPreference=null], items=[])] [7f0000011753742081037199807312|p_7312_e943eb3@2|p_8073_3066af1@16|com.oplus.metis]
07-28 18:35:22.740  8073  9302 I ContextAware_ContextAware_SceneIntentManager: missedIntent: [] [7f0000011753742081037199807312|p_7312_e943eb3@2|p_8073_3066af1@16|com.oplus.metis]
07-28 18:35:22.740  8073  9302 I metis_v2_SceneIntentManager: panta-sugg-Published intents: [7f0000011753742081037199807312|p_7312_e943eb3@2|p_8073_3066af1@16|com.oplus.metis]
07-28 18:35:22.740  8073  9302 I metis_v2_SceneIntentManager: panta-sugg-IntentDataDTO(intent=IntentDTO=[sceneId=220500200, intentId=14111005, isExited=false, source=0, ownerId=com.oplus.metis, action=14111005, policyName=SUBSTITUTE_SCENE, serviceId=, sendExitedIntent=true, repeatable=false, sceneScore=-1.0, position=right, level=2, type=1, serviceInstanceId=null, isSupportMultiInstance=false, settingsPreference=null], items=[]) [7f0000011753742081037199807312|p_7312_e943eb3@2|p_8073_3066af1@16|com.oplus.metis]
07-28 18:35:22.740  8073  9302 I metis_v2_SceneIntentManager: panta-sugg-IntentDataDTO(intent=IntentDTO=[sceneId=210000000, intentId=12121002, isExited=true, source=0, ownerId=com.oplus.metis, action=12121002, policyName=TAKEOUT_ORDER_STATUS_CHANGE, serviceId=, sendExitedIntent=false, repeatable=false, sceneScore=-1.0, position=left, level=1, type=1, serviceInstanceId=null, isSupportMultiInstance=false, settingsPreference=null], items=[]) [7f0000011753742081037199807312|p_7312_e943eb3@2|p_8073_3066af1@16|com.oplus.metis]
07-28 18:35:22.740  8073  9302 I metis_v2_SceneIntentManager: panta-sugg-IntentDataDTO(intent=IntentDTO=[sceneId=null, intentId=14111004, isExited=true, source=0, ownerId=com.oplus.metis, action=14111004, policyName=CLEAN_STORAGE, serviceId=, sendExitedIntent=false, repeatable=false, sceneScore=-1.0, position=null, level=0, type=1, serviceInstanceId=null, isSupportMultiInstance=false, settingsPreference=null], items=[]) [7f0000011753742081037199807312|p_7312_e943eb3@2|p_8073_3066af1@16|com.oplus.metis]
07-28 18:35:22.740  8073  9302 I metis_v2_SceneIntentManager: panta-sugg-IntentDataDTO(intent=IntentDTO=[sceneId=null, intentId=12121002, isExited=true, source=0, ownerId=com.oplus.metis, action=12121002, policyName=TAKEOUT_ORDER_STATUS_CHANGE, serviceId=, sendExitedIntent=false, repeatable=false, sceneScore=-1.0, position=null, level=0, type=1, serviceInstanceId=null, isSupportMultiInstance=false, settingsPreference=null], items=[]) [7f0000011753742081037199807312|p_7312_e943eb3@2|p_8073_3066af1@16|com.oplus.metis]
07-28 18:35:22.742  8073  9302 I ContextAware_MetisStatistics: uploadMetisIntentData enter {intent_source=0, intent_action=14111005, exit_type=, rule_name=UBIQUITOUS_SERVICE#secne#activity_coloros_reminder_tips, service_id=, scene_id=220500200, policy_name=SUBSTITUTE_SCENE, is_exited=false, intent_id=14111005, timestamp=1753742122742} [7f0000011753742081037199807312|p_7312_e943eb3@2|p_8073_3066af1@16|com.oplus.metis]
07-28 18:35:22.742  8073  9302 I ContextAware_PantanalIntentManager: getCloudIntentConfig [7f0000011753742081037199807312|p_7312_e943eb3@2|p_8073_3066af1@16|com.oplus.metis]
07-28 18:35:22.746  8073  9302 I ContextAware_PantanalIntentManager: getDownLoadConfig [7f0000011753742081037199807312|p_7312_e943eb3@2|p_8073_3066af1@16|com.oplus.metis]
07-28 18:35:22.752  3431  3898 D QmiClient: qmiServiceEventCallback recv msg id 1106
07-28 18:35:22.752  3431  3898 D QmiVsClient: enter - onQmiServiceEventCallback msgId 1106
07-28 18:35:22.752  3431  3460 D VsProxy : handleMessage msg is 2425
07-28 18:35:22.752  3431  3460 D VsProxy : handleServingCellInfoChangeInd for instance 0
07-28 18:35:22.752  3431  3431 D RadioServiceIndication: radioServingCellInfoInd
07-28 18:35:22.752  3431  3431 D RadioServiceIndication: radioServingCellInfoInd
07-28 18:35:22.752  5188  6339 D SubsysRadioIndication[0]: radioServingCellInfoInd
07-28 18:35:22.752  5188  6339 D SubsysRadioIndication[0]: radioServingCellInfoInd
07-28 18:35:22.752  5188  5188 D NetworkService[0]: handleMessage what:1003
07-28 18:35:22.753  5188  5188 D NetworkService[0]: handleMessage what:1003
07-28 18:35:22.753  5015  6018 D RadioEvent: onCellInfoChanged slotId=0
07-28 18:35:22.753  5015  6018 D RadioEvent: onCellInfoChanged slotId=0
07-28 18:35:22.756  8073  9304 I DeepThinkerSDK: [APP] ClientConnection: getDeepThinkerBridge start
07-28 18:35:22.756  8073  9304 I DeepThinkerSDK: [APP] ClientConnection: getDeepThinkerBridge end
07-28 18:35:22.756  3431  3902 D QmiClient: qmiServiceEventCallback recv msg id 78
07-28 18:35:22.756  3431  3902 D QmiNasClient: enter : onQmiServiceEventCallback msgId 78
07-28 18:35:22.756  3431  3902 D QmiNasClientEvent: qmiNasClientNotifySysInfoEvent lte_ims_voice_avail_valid 0
07-28 18:35:22.756  3431  3471 D NasProxy: handleMessage msg is 2101
07-28 18:35:22.756  3431  3471 D NasProxy: handleNasSysInfoEvent for instance 0
07-28 18:35:22.757  5188  6339 D SubsysRadioIndication[0]: radioNr5gFreqTypeIndication, nr5gFreqType = 0
07-28 18:35:22.757  5188  5188 D QtiCellularNetwork: handleNr5gFreqTypeChanged 0, nr5gFreqType = 0
07-28 18:35:22.758  5099  6937 I QImsService: ImsRadioIndicationAidl : onServiceDomainChanged()[SUB0]
07-28 18:35:22.758  5099  6937 I QImsService: ImsSenderRxr : [UNSL]< UNSOL_SERVICE_DOMAIN_CHANGED 0[SUB0]
07-28 18:35:22.758  5099  5099 I QImsService: ImsRegistrationController : Message received: what = 5
07-28 18:35:22.758  5099  5099 I QImsService: ImsRegistrationController : handleSrvDomainChanged
07-28 18:35:22.759  5153  6183 D IWlanJni: getDataRegistrationState start
07-28 18:35:22.759  5153  6209 D IWlanJni: new aidl event arrived
07-28 18:35:22.759  5153  6209 D IWlanJni: handleEvent 10
07-28 18:35:22.759  5153  6209 D IWlanJni: isThreadAttached start
07-28 18:35:22.759  5153  6209 D IWlanJni: jni detached
07-28 18:35:22.759  5153  6209 D IWlanJni: jni attached
07-28 18:35:22.759  5153  6209 D IWlanJni: getDataRegistrationStateResponse start
07-28 18:35:22.759  5153  6209 D IWlanJni: getJavaCallbackClass start
07-28 18:35:22.759  5153  6209 D IWlanJni: getJavaCallbackClass End midIs[1]
07-28 18:35:22.759  5153  6209 I IWlanAidlClient: getDataRegistrationStateResponse called
07-28 18:35:22.760  5153  6208 W IWlanNetworkService: 14 > Response Processed
07-28 18:35:22.760  5010  8366 D QtiOemHookAidl: oemHookRawIndication length=21
07-28 18:35:22.760  5010  5010 D QcrilMsgTunnelIfaceManager: handleMessage what = 0
07-28 18:35:22.760  4947  4947 D QC_RIL_OEM_HOOK: Received Broadcast Intent ACTION_UNSOL_RESPONSE_OEM_HOOK_RAW
07-28 18:35:22.760  4947  4947 D QC_RIL_OEM_HOOK: Received Broadcast Intent ACTION_UNSOL_RESPONSE_OEM_HOOK_RAW
07-28 18:35:22.760  4947  4947 D QC_RIL_OEM_HOOK: Received Broadcast Intent ACTION_UNSOL_RESPONSE_OEM_HOOK_RAW
07-28 18:35:22.761  5010  5010 D QC_RIL_OEM_HOOK: Received Broadcast Intent ACTION_UNSOL_RESPONSE_OEM_HOOK_RAW
07-28 18:35:22.761  8073  9302 I ContextAware_PantanalIntentManager: selectNewestConfig, assetVersion 202505301103, downloadVersion 202507161101 [7f0000011753742081037199807312|p_7312_e943eb3@2|p_8073_3066af1@16|com.oplus.metis]
07-28 18:35:22.762  4947  4947 D OplusTelephonyController: onSignalStrengthChanged: SignalStrength=SignalStrength:{mCdma=CellSignalStrengthCdma: cdmaDbm=2147483647 cdmaEcio=2147483647 evdoDbm=2147483647 evdoEcio=2147483647 evdoSnr=2147483647 level=0,mGsm=CellSignalStrengthGsm: rssi=2147483647 ber=2147483647 mTa=2147483647 mLevel=0,mWcdma=CellSignalStrengthWcdma: ss=2147483647 ber=2147483647 rscp=2147483647 ecno=2147483647 level=0,mTdscdma=CellSignalStrengthTdscdma: rssi=2147483647 ber=2147483647 rscp=2147483647 level=0,mLte=CellSignalStrengthLte: rssi=2147483647 rsrp=2147483647 rsrq=2147483647 rssnr=2147483647 cqiTableIndex=2147483647 cqi=2147483647 ta=2147483647 level=0 parametersUseForLevel=0,mNr=CellSignalStrengthNr:{ csiRsrp = 2147483647 csiRsrq = 2147483647 csiCqiTableIndex = 2147483647 csiCqiReport = [] ssRsrp = 2147483647 ssRsrq = 2147483647 ssSinr = 2147483647 level = 0 parametersUseForLevel = 0 timingAdvance = 2147483647 },primary=CellSignalStrengthLte}
07-28 18:35:22.762  5188  5188 D SubsysEventListenerManager-SubsysTelephonyCallback[0]: onSignalStrengthsChanged
07-28 18:35:22.765  6543  6562 I ostats_tpd: stats_write, records atomId:100100, event_id:895, cpu:1, values: 895-0-1-199-(cpu-1-1-1)-28-0-1
07-28 18:35:22.765  6630  6812 I ThermalEngine: VIRTUAL-CPU-L-PID, Update received trip sensor cpu-1-1-1 92300
07-28 18:35:22.765  6543  6562 I ostats_tpd: stats_write, records atomId:100100, event_id:895, cpu:1, values: 895-0-1-199-(cpu-1-1-1)-28-0-1
07-28 18:35:22.766  3489  5373 W BestClock: java.time.DateTimeException: Missing network time fix
07-28 18:35:22.767  4947  4947 W Settings: Setting airplane_mode_on has moved from android.provider.Settings.System to android.provider.Settings.Global, returning read-only value.
07-28 18:35:22.767  5015  6024 D NAS-CallIssueDetector: onPollCsPsRegStateChanged slotid = 0
07-28 18:35:22.767  5015  6024 D NAS-CallIssueDetector: notifyRealOosChanged
07-28 18:35:22.767  5015  6024 D OplusCiwlanController: [vodata] getSubId subid =  1
07-28 18:35:22.767  3489  4809 W BestClock: java.time.DateTimeException: Missing network time fix
07-28 18:35:22.767  5015  6025 W BluetoothAdapterExtImpl: getBluetoothConnectionCount：mOplusBluetooth null!
07-28 18:35:22.767  5015  6024 D OplusCiwlanController: [vodata] processOosChanged  phoneid = 0,cur regstate = 1,old regstate = -1
07-28 18:35:22.767  5015  6024 D OplusCiwlanController: [vodata] getSubId subid =  -1
