07-28 18:35:22.595  4876  4876 I SystemUi--QuickSettings: OplusPanelViewPagerController-->reset
07-28 18:35:22.595  4876  4876 I SystemUi--QuickSettings: OplusQSRootViewController-->resetTouch
07-28 18:35:22.595  4876  4876 D OplusViewDragTouchViewHelper: dispatchTouchView action = 1
07-28 18:35:22.595  4876  4876 D ViewRootImplExtImpl: the up motion event handled by client, just return
07-28 18:35:22.595  4876  4876 I SystemUi--QuickSettings: Tile.OplusAirplaneModeTile-->clicked ------ state is :2 canTips :true
07-28 18:35:22.596  4876  5438 V OplusCustomizeCacheManager: queryCache name: sys.cache.common_customize_cache18026 param: null
07-28 18:35:22.596  4876  5438 V OplusCustomizeCacheManager: queryCache name: sys.cache.common_customize_cache18026 param: null
07-28 18:35:22.599  3489  4447 D BluetoothSystemServer: BluetoothRadioModeListener: Not sensitive to airplane_mode_radios change. Forced to false
07-28 18:35:22.599  5045  8381 I txpwradmin:SettingsObserver: onChange for uri = content://settings/global/airplane_mode_on
07-28 18:35:22.600  4876  5747 I SystemUi--QuickSettings: Tile.OplusAirplaneModeTile-->handleUpdateState state.state: 2 value: 0
07-28 18:35:22.600  4876  5747 V OplusCustomizeCacheManager: queryCache name: sys.cache.common_customize_cache18026 param: null
07-28 18:35:22.600  4876  4876 I SystemUi--Statusbar: OplusStatusBarSignalPolicy-->imsIcon: OplusIMSModel(shouldShowVolte=false, shouldShowVowifi=false, simInserted=true, noSim=false, shouldShowVodata=false, shouldShowVo5G=false, vowifiState=false), OplusIMSModel(shouldShowVolte=false, shouldShowVowifi=false, simInserted=false, noSim=true, shouldShowVodata=false, shouldShowVo5G=false, vowifiState=false), noSubs:false, airplaneMode:falsevisible: false ,wifiConnect:false , vowifiIcon:0 , voDataStatus:false, is5GNewCall:false
07-28 18:35:22.600  4876  4876 I SystemUi--Statusbar: OplusStatusBarSignalPolicy-->noSimIcon simState: SimStateModel(simInserted=[true, false], simForbidden=[false, true], simStateIMSI=[true, false], simLoaded=[true, false]), noSubs:false isAirplaneMode:false
07-28 18:35:22.601  4876  4876 I SystemUi--Statusbar: OplusMobileIconViewModel-->isVisible subId:1 isAirplaneMode:false isAllowedDuringAirplaneMode:false isForceHidden:false isSatelliteForbid:false
07-28 18:35:22.601  5045  8381 D txpwrJni: sendRadioStatus start
07-28 18:35:22.601  4876  4876 I SystemUi--Statusbar: OplusStatusBarMobileViewBinder-->isVisible:true
07-28 18:35:22.601  4876  4876 I SystemUi--Statusbar: OplusStatusBarMobileViewBinder-->isVisible:true
07-28 18:35:22.601  4876  4876 I SystemUi--Statusbar: OplusStatusBarMobileViewBinder-->isVisible:true
07-28 18:35:22.601  4876  4876 I SystemUi--Statusbar: OplusStatusBarMobileViewBinder-->isVisible:true
07-28 18:35:22.601  4876  4876 I SystemUi--Statusbar: OplusStatusBarMobileViewBinder-->isVisible:true
07-28 18:35:22.601  1974  1991 E PerformanceService: [damon_reclaim] Failed to open wmarks_xxx, Linux version 6.6.30
07-28 18:35:22.601  3489  4248 E PerformanceManager: setDamonReclaimWmarks succeed.
07-28 18:35:22.601  3489  4628 D OplusWifiPower_ConnLpmEventObsever: AIRPLANE_MODE_ON:false
07-28 18:35:22.601  5039  5039 W Settings: Setting airplane_mode_on has moved from android.provider.Settings.System to android.provider.Settings.Global, returning read-only value.
07-28 18:35:22.601  3489  3489 D OplusWifiBroadCastDispatcher: mBroadcastReceiver: onReceiver  action=android.intent.action.AIRPLANE_MODE
07-28 18:35:22.602  4947  4947 W Settings: Setting airplane_mode_on has moved from android.provider.Settings.System to android.provider.Settings.Global, returning read-only value.
07-28 18:35:22.602  4947  4947 W Settings: Setting airplane_mode_on has moved from android.provider.Settings.System to android.provider.Settings.Global, returning read-only value.
07-28 18:35:22.602  4947  4947 W Settings: Setting airplane_mode_on has moved from android.provider.Settings.System to android.provider.Settings.Global, returning read-only value.
07-28 18:35:22.602  4947  4947 W Settings: Setting airplane_mode_on has moved from android.provider.Settings.System to android.provider.Settings.Global, returning read-only value.
07-28 18:35:22.602  4947  4947 W Settings: Setting airplane_mode_on has moved from android.provider.Settings.System to android.provider.Settings.Global, returning read-only value.
07-28 18:35:22.602  5188  5188 D SubsysBroadcastManager: onReceive action:android.intent.action.AIRPLANE_MODE
07-28 18:35:22.602  4876  5747 V OplusCustomizeCacheManager: queryCache name: sys.cache.common_customize_cache11009 param: null
07-28 18:35:22.603  5188  5188 D NetworkService[0]: onAirPlaneModeChange isAirPlaneModeOn:false
07-28 18:35:22.603  5188  5188 D NetworkService[1]: onAirPlaneModeChange isAirPlaneModeOn:false
07-28 18:35:22.603  5188  5188 D QuickChangeAirplaneModeEvent: airplane mode off
07-28 18:35:22.603  3489  4513 D WifiController: Airplane mode disabled, determine next state
07-28 18:35:22.603  3489  4513 D WifiActiveModeWarden: Starting primary ClientModeManager in scan only mode
07-28 18:35:22.603  3489  4447 D BluetoothSystemServer: AirplaneModeListener: Ignore mode change to same state. previousMode=false, isOn=false, isOnOverrode=false, isMediaConnected=false
07-28 18:35:22.603  4947  4947 D PhoneGlobals: ACTION_AIRPLANE_MODE_CHANGED received
07-28 18:35:22.603  4947  4947 D PhoneGlobals: Receive ACTION_AIRPLANE_MODE_CHANGED, state: false
07-28 18:35:22.603  4947  4947 I PhoneGlobals: handleAirplaneModeChange: isAirplaneNewlyOn=false
07-28 18:35:22.603  4947  4947 D PhoneGlobals: handleAirplaneModeChange: isAirplaneNewlyOn = false, cellState = 2
07-28 18:35:22.603  4947  4947 I PhoneGlobals: Turning radio on - airplane
07-28 18:35:22.604  3489  4513 D WifiController: DisabledState.exit()
07-28 18:35:22.604  3489  4513 D WifiController: EnabledState.enter()
07-28 18:35:22.604  3489  4513 D WifiClientModeManager[60001:unknown]: entering IdleState
07-28 18:35:22.604  7374  7423 I SettingImpl: isAirplaneModeToggleChecked switchValue: -1, airplane mode isChecked is false
07-28 18:35:22.606  5015  6023 D OplusLinkBoostMeeting: onAirplaneModeChange
07-28 18:35:22.606  5188  5188 W Settings: Setting airplane_mode_on has moved from android.provider.Settings.System to android.provider.Settings.Global, returning read-only value.
07-28 18:35:22.606  5015  6024 D NAS-CallIssueDetector: notifyApmChanged
07-28 18:35:22.606  5099  5099 I QImsService: OplusWifiApmStateMgr : ACTION_AIRPLANE_MODE_CHANGED,mIsAirplaneModeOn: false
07-28 18:35:22.606  5099  5099 I QImsService: OplusImsServiceSubImpl : onTurnOffImsAfterWifiChanged : false
07-28 18:35:22.606  5099  5099 I QImsService: OplusImsServiceSubImpl : onTurnOffImsAfterWifiChanged : false
07-28 18:35:22.607  5015  6024 D NAS-CallIssueDetector: EVENT_SIM_STATE_CHANGE mSimState[0] LOADED
07-28 18:35:22.607  5015  6024 D SceneEvent: registerSensorMgr start
07-28 18:35:22.607  5015  6018 D ResidenceLocSm: onPreHandleMessage 49
07-28 18:35:22.607  5015  6018 D ResidenceLocSm: onPostHandleMessage 49
07-28 18:35:22.608  5015  6031 D ElevatorEvent: enableElevatorDetect mIsElevSensorReg = false
07-28 18:35:22.608  5015  6420 I PCDR-common_no_service[0]: forbidden
07-28 18:35:22.608  5015  6420 I PCDR-common_no_45g[0]: forbidden
07-28 18:35:22.608  5015  6420 I PCDR-common_no_service[1]: forbidden
07-28 18:35:22.608  5015  6420 I PCDR-common_no_45g[1]: forbidden
07-28 18:35:22.608  3489  4468 W OplusStorageManagerFeature: mScreenReceiver action:android.intent.action.BATTERY_LEVEL_CHANGED
07-28 18:35:22.608  5188  5188 D RadioMessenger: handleMessage Request msgid 2215
07-28 18:35:22.608  3489  4468 I OplusStorageManagerFeature: TmemoryBetterySwitch: level=60 state=0
07-28 18:35:22.608  3489  4468 I OplusStorageManagerFeature: TmemoryBetterySwitch: action=0 state=2
07-28 18:35:22.608  3489  4468 W OplusStorageManagerFeature: Ready to deal actionParam:0
07-28 18:35:22.608  5039  5039 I HidlServiceManagement: Trying to get transport of vendor.oplus.hardware.appradio@1.0::IOplusAppRadio/oplus_app_slot1 without hwservicemanager
07-28 18:35:22.608  3489  4629 D OplusWifiSwitchStateMonitor: mWifiSettingsValue:0
07-28 18:35:22.608  3489  4629 D OplusWifiSwitchStateMonitor: notify scan state: true
07-28 18:35:22.608  5039  5039 E NhsAppRIL/0: in getOplusRadioProxy getService: Exception: java.util.NoSuchElementException
07-28 18:35:22.608  4876  4876 D RowAnimatorExtImpl: init:tx,view:StatusBarIconView(slot='volume' alpha=1.0 icon=StatusBarIcon(icon=Icon(typ=RESOURCE pkg=com.android.systemui id=0x7f0818f0) visible user=0 ) visibleState=ICON iconColor=#ccffffff staticDrawableColor=#ccffffff decorColor=#ffffffff animationStartColor=#0 currentSetColor=#ccffffff notification=null),translationX:  9.0  0.0  
07-28 18:35:22.608  4876  4876 D RowAnimatorExtImpl: init:tx,view:StatusBarIconView(slot='zen' alpha=1.0 icon=StatusBarIcon(icon=Icon(typ=RESOURCE pkg=com.android.systemui id=0x7f0818e1) visible user=0 ) visibleState=ICON iconColor=#ccffffff staticDrawableColor=#ccffffff decorColor=#ffffffff animationStartColor=#0 currentSetColor=#ccffffff notification=null),translationX:  57.0  48.0  
07-28 18:35:22.609  3489  3742 D ActivityManager: sync unfroze 10031 com.android.settings for 3
07-28 18:35:22.609  3489  3742 D ActivityManager: Async freezing 10031 com.android.settings
07-28 18:35:22.609  4876  4876 D RowAnimatorExtImpl: init:tx,view:StatusBarIconView(slot='volume' alpha=1.0 icon=StatusBarIcon(icon=Icon(typ=RESOURCE pkg=com.android.systemui id=0x7f0818f0) visible user=0 ) visibleState=ICON iconColor=#ccffffff staticDrawableColor=#ccffffff decorColor=#ffffffff animationStartColor=#0 currentSetColor=#ccffffff notification=null),translationX:  9.0  0.0  
07-28 18:35:22.609  3489  3742 D ActivityManager: Cancel freezing 10031 com.android.settings
07-28 18:35:22.609  3489  3742 D ActivityManager: Async freezing 10031 com.android.settings
07-28 18:35:22.609  4876  4876 D RowAnimatorExtImpl: init:tx,view:StatusBarIconView(slot='zen' alpha=1.0 icon=StatusBarIcon(icon=Icon(typ=RESOURCE pkg=com.android.systemui id=0x7f0818e1) visible user=0 ) visibleState=ICON iconColor=#ccffffff staticDrawableColor=#ccffffff decorColor=#ffffffff animationStartColor=#0 currentSetColor=#ccffffff notification=null),translationX:  57.0  48.0  
07-28 18:35:22.609  3489  3489 D OplusWifiBroadCastDispatcher: mBroadcastReceiver: onReceiver  action=android.intent.action.BATTERY_LEVEL_CHANGED
07-28 18:35:22.609  3489  4630 D OplusWifiPowerService: onReceive action:android.intent.action.BATTERY_LEVEL_CHANGED
07-28 18:35:22.609  5188  5188 D RadioProxyJ: [PHONE0][93]> getNecData moduleId:1 evtId:[0, 16, 0, 0, 0, 0, 0, 0, 0, 0, 0, 0, 0, 0, 0, 0, 0, 0, 0, 0, 0, 0, 0, 0, 0, 0, 0, 0, 0, 0, 0, 0]
07-28 18:35:22.609  4876  4876 D RowAnimatorExtImpl: init:tx,view:StatusBarIconView(slot='volume' alpha=1.0 icon=StatusBarIcon(icon=Icon(typ=RESOURCE pkg=com.android.systemui id=0x7f0818f0) visible user=0 ) visibleState=ICON iconColor=#ccffffff staticDrawableColor=#ccffffff decorColor=#ffffffff animationStartColor=#0 currentSetColor=#ccffffff notification=null),translationX:  9.0  0.0  
07-28 18:35:22.609  4876  4876 D RowAnimatorExtImpl: init:tx,view:StatusBarIconView(slot='zen' alpha=1.0 icon=StatusBarIcon(icon=Icon(typ=RESOURCE pkg=com.android.systemui id=0x7f0818e1) visible user=0 ) visibleState=ICON iconColor=#ccffffff staticDrawableColor=#ccffffff decorColor=#ffffffff animationStartColor=#0 currentSetColor=#ccffffff notification=null),translationX:  57.0  48.0  
07-28 18:35:22.609  3489  3742 D ActivityManager: Cancel freezing 10031 com.android.settings
07-28 18:35:22.611  5015  6031 V SystemSensorManagerExtImpl: RegisterListener elevator_detect  Wakeup type:33171036 delay:200000us by com.oplus.nas.comm.event.ElevatorEvent$a@3c6a50a from com.oplus.nas
07-28 18:35:22.611  3489  4863 D SensorService: createSensorEventConnection packageName = com.oplus.nas.comm.event.ElevatorEvent, opPackageName = com.oplus.nas, mCurrentOperatingMode = 0, requestedMode = 0
07-28 18:35:22.612  4876  5747 I SystemUi--QuickSettings: Tile.OplusAirplaneModeTile-->handleUpdateState state.state: 1 value: 0
07-28 18:35:22.612  4876  5747 V OplusCustomizeCacheManager: queryCache name: sys.cache.common_customize_cache18026 param: null
07-28 18:35:22.613  3431  3460 D QmiVsClient: getNecData - enter
07-28 18:35:22.613  3431  3460 E QmiVsClient: sendAsyncRequest QMI_VS_GET_NEC_DATA_REQ_MSG_V01 ret 0
07-28 18:35:22.613  3489  4863 W SensorService: SensorEventConnection sensor handle=1362, package = com.oplus.nas.comm.event.ElevatorEvent enable
07-28 18:35:22.613  3489  4863 E SensorService: Required app com.oplus.nas.comm.event.ElevatorEvent, uid 1000, pid 5015
07-28 18:35:22.613  3489  4863 D SensorService: Calling batch handle==1362 flags=0rate=200000000 timeout== 0
07-28 18:35:22.613  3489  4863 D SensorService: SensorDevice::batch: ident=0xb400006e9ab7c800, handle=0x00000552, flags=0, period_ns=200000000 timeout=0
07-28 18:35:22.613  3489  4863 D SensorService: 	>>> actuating h/w BATCH 0x00000552 200000000 0
07-28 18:35:22.613 10031 10031 D BatteryUsageBroadcastReceiver: onReceive:android.intent.action.BATTERY_LEVEL_CHANGED
07-28 18:35:22.613  3431  3898 D QmiVsClient: getNecData callback - enter
07-28 18:35:22.614  1826  1881 W android.hardware.wifi-service: No active wlan interfaces in use! Using default
07-28 18:35:22.614 10031 10031 D BatteryUsageBroadcastReceiver: fetch data because of event: ACTION_BATTERY_LEVEL_CHANGED
07-28 18:35:22.615  5039  5039 D NhsElevatorReceiver: enableElevatorDetect mIsElevSensorReg = false
07-28 18:35:22.615  5039  5039 V SystemSensorManagerExtImpl: RegisterListener elevator_detect  Wakeup type:33171036 delay:200000us by t0.g$b@c818805 from com.oplus.nhs
07-28 18:35:22.615  3489  5379 D SensorService: createSensorEventConnection packageName = t0.g, opPackageName = com.oplus.nhs, mCurrentOperatingMode = 0, requestedMode = 0
07-28 18:35:22.615  4876  5156 I SystemUi--QuickSettings: Tile.OplusCellularTile-->updateCarrierText: dialog not showing, ignore
07-28 18:35:22.616  3431  3460 D VsProxy : handleMessage msg is 4001
07-28 18:35:22.616  3431  3460 D RadioProxy: getNecData : response cb for instance 0
07-28 18:35:22.616  3489  4513 D OplusWifiConcurrentManager: isConcurrentCombinationAllowed : createMode= 0, requestType =-1
07-28 18:35:22.616  1821  1821 I sensors-hal: batch:153, qti.sensor.elevator_detect/1362, period=200000000, max_latency=0
07-28 18:35:22.616  1821  1821 I sensors-hal: batch:175, qti.sensor.elevator_detect/1362, period=200000000, max_latency=0 request completed
07-28 18:35:22.616  3489  4863 D SensorService: Calling activate on 1362
07-28 18:35:22.616  3489  4863 D SensorService: SensorDevice::activate: ident=0xb400006e9ab7c800, handle=0x00000552, enabled=1, count=1
07-28 18:35:22.616  3489  4863 D SensorService: enable index=0
07-28 18:35:22.616  3489  4863 D SensorService: info.numActiveClients() = 1, info.isActive = 0
07-28 18:35:22.616  3489  4863 D SensorService: activateHardware = 1
07-28 18:35:22.616  3489  4863 D SensorService: 	>>> actuating h/w activate handle=1362 enabled=1
07-28 18:35:22.616  1821  1821 I sensors-hal: activate:112, qti.sensor.elevator_detect/1362 en=1
07-28 18:35:22.616  5188  5227 D RadioProxyJ: [PHONE0][93]< getNecDataResponse ******
07-28 18:35:22.616  1821  1821 I sensors-hal: acquire_qsh_interface:131, acquire_qsh_interface with sensor_id 28 , conn_type 2 
07-28 18:35:22.616  5188  5188 D MessengerResponseHandler: handleMessage Response msgid 206
07-28 18:35:22.617  3489  4513 I HalDevMgr: currentModeId=3, requestModeId=3, currentModeIdValid=true
07-28 18:35:22.617  1826  1881 D WifiHAL : wifi_set_interface_mode: ifname=wlan0 iface_type=0
07-28 18:35:22.617  4876  5156 D SimStateHelper: slot:0, lock state:Bundle[mParcelledData.dataSize=56]
07-28 18:35:22.617  1826  1881 I android.hardware.wifi-service: Adding interface handle for wifi-aware0
07-28 18:35:22.617  1826  1881 I android.hardware.wifi-service: Adding interface handle for wlan0
07-28 18:35:22.617  1826  1881 I android.hardware.wifi-service: Adding interface handle for p2p0
07-28 18:35:22.617  4876  5156 D SimStateHelper: slot:1, lock state:Bundle[mParcelledData.dataSize=56]
07-28 18:35:22.617  4876  5156 D SimStateHelper: needDisableMenu: slot1State=-1; slot2State=-1
07-28 18:35:22.617  4876  5156 D SimStateHelper: needDisableMenu:false
07-28 18:35:22.617  1790  1846 E minksocket: MinkIPC ERROR: ( 1790:1846 ) MinkIPC_preProcess:272 Client down, but cannot find corresponding minksession
07-28 18:35:22.617  1790  1853 E minksocket: MinkIPC ERROR: ( 1790:1853 ) MinkIPC_preProcess:272 Client down, but cannot find corresponding minksession
07-28 18:35:22.618  1790  1853 E minksocket: MinkIPC ERROR: ( 1790:1853 ) MinkIPC_preProcess:272 Client down, but cannot find corresponding minksession
07-28 18:35:22.618  1790  1846 E minksocket: MinkIPC ERROR: ( 1790:1846 ) MinkIPC_preProcess:272 Client down, but cannot find corresponding minksession
07-28 18:35:22.618  3489  4513 D HalDevMgr: updateRttController: no one is interested in RTT controllers
07-28 18:35:22.618  3489  4513 E HalDevMgr: removeP2pAndSapCombination do nothing: mIsAddedP2pAndSapCombination = false
07-28 18:35:22.618  1826  1826 W android.hardware.wifi-service: AIBinder_linkToDeath is being called with a non-null cookie and no onUnlink callback set. This might not be intended. AIBinder_DeathRecipient_setOnUnlinked should be called first.
07-28 18:35:22.618  1826  1826 I android.hardware.wifi-service: twtRegisterEvents is not supported-3
07-28 18:35:22.618  1790  1846 E minksocket: MinkIPC ERROR: ( 1790:1846 ) MinkIPC_preProcess:272 Client down, but cannot find corresponding minksession
07-28 18:35:22.618  1790  1853 E minksocket: MinkIPC ERROR: ( 1790:1853 ) MinkIPC_preProcess:272 Client down, but cannot find corresponding minksession
07-28 18:35:22.618  1821  1821 I sensors-hal: qsh_qmi:34, qsh_qmi
07-28 18:35:22.619  1826  1826 W android.hardware.wifi-service: AIBinder_linkToDeath is being called with a non-null cookie and no onUnlink callback set. This might not be intended. AIBinder_DeathRecipient_setOnUnlinked should be called first.
07-28 18:35:22.619  1826  1881 D WifiHAL : wifi_get_chip_capabilities: max mlo assoc link cnt: 2 str link cnt 2
07-28 18:35:22.619  1790  1853 E minksocket: MinkIPC ERROR: ( 1790:1853 ) MinkIPC_preProcess:272 Client down, but cannot find corresponding minksession
07-28 18:35:22.619  3489  4513 D WifiNl80211Manager: Setting up interface for client mode: wlan0
07-28 18:35:22.619  1790  1846 E minksocket: MinkIPC ERROR: ( 1790:1846 ) MinkIPC_preProcess:272 Client down, but cannot find corresponding minksession
07-28 18:35:22.620  1821  1821 I sensors-hal: send_sync_sensor_request:443, send sync request
07-28 18:35:22.620  1821  1821 I sensors-hal: send_sync_sensor_request:472, wait for notification of response
07-28 18:35:22.621  2752  2752 I wificond: Current driver country code US
07-28 18:35:22.621  2752  2752 I wificond: createClientInterface: wiphy_index 0 iface_name wlan0
07-28 18:35:22.621  1821 13127 I sensors-hal: qsh_conn_resp_cb:793, resp_value = 0 for elevator_detect 
07-28 18:35:22.621  1821  1821 I sensors-hal: send_sync_sensor_request:478, takes 1 ms to receive the response with 0
07-28 18:35:22.621  1821  1821 I sensors-hal: activate:131, qti.sensor.elevator_detect/1362 en=1 completed
07-28 18:35:22.621  3489  4863 D SensorService: 0xb400006e9ab7c800 addFd fd=1004
07-28 18:35:22.621  2752  2752 I wificond: create scanner for interface with index: 27
07-28 18:35:22.621  2752  2752 I wificond: subscribe scan result for interface with index: 27
07-28 18:35:22.621  5015  6031 D ElevatorEvent: elevator:registerForElevatorDetect  , true mIsElevSensorReg = true
07-28 18:35:22.621  5015  6031 D SceneEvent: registerSensorMgr start
07-28 18:35:22.621  5015  6031 D SceneEvent: registerSensorMgr already start,return
07-28 18:35:22.621  3489  4809 D WifiNl80211Manager: OnRegDomainChanged US
07-28 18:35:22.621  3489  4809 D WifiNative: onCountryCodeChanged: US
07-28 18:35:22.621  3489  4809 I WifiCountryCode: Receive onDriverCountryCodeChanged US
07-28 18:35:22.622  3489  4809 D WifiScanRequestProxy: Sending scan available broadcast: true
07-28 18:35:22.622  3489  4519 I WifiScanningService: Received a request to enable scanning, UID = 1000
07-28 18:35:22.622  3489  4809 I WifiScanRequestProxy: Scanning is enabled
07-28 18:35:22.622  3489  4809 I WifiScanRequestProxy: Scanning for hidden networks is disabled
07-28 18:35:22.622  3489  3489 D OplusWifiBroadCastDispatcher: mBroadcastReceiver: onReceiver  action=android.net.wifi.action.WIFI_SCAN_AVAILABILITY_CHANGED
07-28 18:35:22.623  6815  6815 I OsAgent : onReceive: android.net.wifi.action.WIFI_SCAN_AVAILABILITY_CHANGED
07-28 18:35:22.624  6815  8373 I OsAgent : updateWiFiScanAvailState, scanAvailable: true
07-28 18:35:22.623  3489  4630 D OplusWifiPower_ConnLpmEventObsever: onReceive EXTRA_SCAN_AVAILABLE availabe = true
07-28 18:35:22.624  6815  8373 D OsAgentAidlClient: [bool_dataitem_update][1570] [HC] =>> [HS]
07-28 18:35:22.624  3489  5373 D ActivityManager: Async freezing 10031 com.android.settings
07-28 18:35:22.624  3489  4630 D OplusWifiPowerService: onReceive action:android.net.wifi.action.WIFI_SCAN_AVAILABILITY_CHANGED
07-28 18:35:22.624  3489  4217 W SensorService: SensorEventConnection sensor handle=1362, package = t0.g enable
07-28 18:35:22.624  3489  4217 E SensorService: Required app t0.g, uid 1001, pid 5039
07-28 18:35:22.624  3489  4630 D OplusWifiSwitchStateMonitor: scan settings change to true
07-28 18:35:22.624  3489  4217 D SensorService: Calling batch handle==1362 flags=0rate=200000000 timeout== 0
07-28 18:35:22.624  3489  4217 D SensorService: SensorDevice::batch: ident=0xb400006dfde20ec0, handle=0x00000552, flags=0, period_ns=200000000 timeout=0
07-28 18:35:22.624  3489  4217 D SensorService: Calling activate on 1362
07-28 18:35:22.624  3489  4217 D SensorService: SensorDevice::activate: ident=0xb400006dfde20ec0, handle=0x00000552, enabled=1, count=2
07-28 18:35:22.624  3489  4217 D SensorService: enable index=0
07-28 18:35:22.624  3489  4217 D SensorService: info.numActiveClients() = 2, info.isActive = 1
07-28 18:35:22.624  3489  4217 D SensorService: activateHardware = 0
07-28 18:35:22.625  2752  2752 I wificond: add channel type 0 support at wiphy index: 0
07-28 18:35:22.625  3489  4217 D SensorService: 0xb400006dfde20ec0 addFd fd=828
07-28 18:35:22.625  2752  2752 I wificond: add channel type 1 support at wiphy index: 0
07-28 18:35:22.625  5039  5039 D NhsElevatorReceiver: elevator:registerForElevatorDetect  , true mIsElevSensorReg = true
07-28 18:35:22.625  5039  5039 D NhsSceneReceiver: registerSensorMgr start
07-28 18:35:22.625  3489  4809 W BestClock: java.time.DateTimeException: Missing network time fix
07-28 18:35:22.625  5039  5039 V SystemSensorManagerExtImpl: RegisterListener oplus_activity_recognition  Wakeup type:33171037 delay:200000us by t0.k$a@376a05a from com.oplus.nhs
07-28 18:35:22.625  3489  4217 D SensorService: createSensorEventConnection packageName = t0.k, opPackageName = com.oplus.nhs, mCurrentOperatingMode = 0, requestedMode = 0
07-28 18:35:22.625  1807  1867 I LocSvc_SystemStatusOsObserver: sendCachedDataItems:471] DataItem: IS_WIFI_HARDWARE_ON: true >> Wiper
07-28 18:35:22.625  3489  4217 W SensorService: SensorEventConnection sensor handle=1372, package = t0.k enable
07-28 18:35:22.625  3489  4217 E SensorService: Required app t0.k, uid 1001, pid 5039
07-28 18:35:22.625  3489  4217 D SensorService: enable sensor send lastEvent 1372
07-28 18:35:22.625  3489  4217 D SensorService: Calling batch handle==1372 flags=0rate=200000000 timeout== 0
07-28 18:35:22.625  3489  4217 D SensorService: SensorDevice::batch: ident=0xb40000701213b000, handle=0x0000055c, flags=0, period_ns=200000000 timeout=0
07-28 18:35:22.625  3489  4217 D SensorService: Calling activate on 1372
07-28 18:35:22.625  3489  4217 D SensorService: SensorDevice::activate: ident=0xb40000701213b000, handle=0x0000055c, enabled=1, count=4
07-28 18:35:22.625  3489  4217 D SensorService: enable index=2
07-28 18:35:22.625  3489  4217 D SensorService: info.numActiveClients() = 4, info.isActive = 1
07-28 18:35:22.625  3489  4217 D SensorService: activateHardware = 0
07-28 18:35:22.625  3489  4217 D SensorService: 0xb40000701213b000 addFd fd=985
07-28 18:35:22.625  5039  5039 D NhsSceneReceiver: sensor name is oplus_activity_recognition  Wakeup, registerState:true
07-28 18:35:22.625  1807  1882 I LocSvc_api_v02: ---> locClientSendReq line 2409 QMI_LOC_NOTIFY_WIFI_ENABLED_STATUS_REQ_V02
07-28 18:35:22.625  5039  5039 D NhsSceneReceiver: onAccuracyChanged
07-28 18:35:22.626 10031 10050 W ndroid.settings: Cleared Reference was only reachable from finalizer (only reported once)
07-28 18:35:22.626  5039  5039 E NhsAppRILMsger: EVENT_REQ_EVENT_DONE Error received :com.android.internal.telephony.CommandException: RADIO_NOT_AVAILABLE
07-28 18:35:22.626  5039  5474 D NhsSceneReceiver: onSensorChanged: name = oplus_activity_recognition  Wakeup
07-28 18:35:22.626  5039  5474 D NhsSceneReceiver: enter still_state
07-28 18:35:22.626  3489  4513 I WifiNative: Interface state changed on Iface:{Name=wlan0,Id=1,Type=STA_SCAN}, isUp=true
07-28 18:35:22.627  1826  1881 I WifiHAL : mpdu_size_threshold : 128, aggressive_statistics_gathering : 0
07-28 18:35:22.627  3489  4513 I WifiNative: Successfully setup Iface:{Name=wlan0,Id=1,Type=STA_SCAN}
07-28 18:35:22.627  3489  4513 E SupplicantStaIfaceHalAidlImpl: Can't call getKeyMgmtCapabilities, ISupplicantStaIface is null for iface=wlan0
07-28 18:35:22.627  1694  4911 E TetherController: property_get sys.radio.data.modem_share_flag return 0, 1!
07-28 18:35:22.627  1807  3962 I LocSvc_ApiV02: <--- globalRespCb line 282 QMI_LOC_NOTIFY_WIFI_ENABLED_STATUS_REQ_V02
07-28 18:35:22.628  3489  4809 W BestClock: java.time.DateTimeException: Missing network time fix
07-28 18:35:22.629  1826  1826 I WifiHAL : wifi_get_supported_radio_combinations_matrix: enter
07-28 18:35:22.629  1826  1826 I WifiHAL : wifi_parse_radio_combinations_matrix: radio_combinations[1]: num_radio_configurations 1
07-28 18:35:22.629  1826  1826 I WifiHAL : wifi_parse_radio_combinations_matrix: radio_combinations[2]: num_radio_configurations 1
07-28 18:35:22.629  1826  1826 I WifiHAL : wifi_parse_radio_combinations_matrix: radio_combinations[3]: num_radio_configurations 1
07-28 18:35:22.629  1826  1826 I WifiHAL : wifi_parse_radio_combinations_matrix: radio_combinations[4]: num_radio_configurations 2
07-28 18:35:22.629  1826  1826 I WifiHAL : wifi_parse_radio_combinations_matrix: radio_combinations[5]: num_radio_configurations 2
07-28 18:35:22.629  1826  1826 I WifiHAL : wifi_parse_radio_combinations_matrix: radio_combinations[6]: num_radio_configurations 2
07-28 18:35:22.629  1826  1826 I WifiHAL : wifi_parse_radio_combinations_matrix: num_radio_combinations 6, radio_matrix_size 100
07-28 18:35:22.629  3489  4217 W BestClock: java.time.DateTimeException: Missing network time fix
07-28 18:35:22.630  3489  4513 E SupplicantStaIfaceHalAidlImpl: Can't call getWpaDriverCapabilities, ISupplicantStaIface is null for iface=wlan0
07-28 18:35:22.630  3489  4513 E WifiStaIfaceAidlImpl: getTwtCapabilities failed with service-specific exception: android.os.ServiceSpecificException:  (code 4)
07-28 18:35:22.631  3489  4513 E WifiChipAidlImpl: enableStaChannelForPeerNetwork failed with service-specific exception: android.os.ServiceSpecificException:  (code 4)
07-28 18:35:22.631  3489  4513 D WifiNative: setWifiNativeInterfaceEventCallback
07-28 18:35:22.631  3489  4513 D WifiClientModeManager[60001:wlan0]: entering StartedState
07-28 18:35:22.631  5015  6023 W BestClock: java.time.DateTimeException: Missing network time fix
07-28 18:35:22.631  5015  6023 V MonthTrafficAlert: getWarningNotification subId:1 numWarningNotificaion:0
07-28 18:35:22.631  3489  4513 D WifiClientModeManager[60001:wlan0]: entering ScanOnlyModeState
07-28 18:35:22.631  3489  4513 D WifiScanRequestProxy: Sending scan available broadcast: true
07-28 18:35:22.632 10031 10052 W System  : A resource failed to call close. 
07-28 18:35:22.632 10031 10052 W System  : A resource failed to call close. 
07-28 18:35:22.632 10031 10052 W ndroid.settings: ApkAssets: Deleting an ApkAssets object '<empty> and /data/app/~~ALqGkx9_7GHC-QHs99zc0Q==/com.tencent.mm-IpfhmTfq4rI6aiNOrlV51Q==/base.apk' with 1 weak references
07-28 18:35:22.632  1826  1881 E WifiHAL : wifi_get_gscan_capabilities: GSCAN is not supported by driver
07-28 18:35:22.633  3489  4519 E WifiStaIfaceAidlImpl: getBackgroundScanCapabilities failed with service-specific exception: android.os.ServiceSpecificException:  (code 4)
07-28 18:35:22.633 10031 10052 W ndroid.settings: ApkAssets: Deleting an ApkAssets object '<empty> and /data/app/~~0fUhfIJJ3ko4vu2V91xhkw==/com.heytap.browser-oSlI-qlAlOSHoXTvzdevAg==/base.apk' with 1 weak references
07-28 18:35:22.633  3489  4863 W BestClock: java.time.DateTimeException: Missing network time fix
07-28 18:35:22.634  3489  4513 I WifiScanRequestProxy: Scanning is enabled
07-28 18:35:22.634  3489  4513 I WifiScanRequestProxy: Scanning for hidden networks is disabled
07-28 18:35:22.634  3489  3489 D OplusWifiBroadCastDispatcher: mBroadcastReceiver: onReceiver  action=android.net.wifi.action.WIFI_SCAN_AVAILABILITY_CHANGED
07-28 18:35:22.634  1826  1881 D WifiHAL : wifi_multi_sta_set_use_case: 0
07-28 18:35:22.634  3489  4630 D OplusWifiPower_ConnLpmEventObsever: onReceive EXTRA_SCAN_AVAILABLE availabe = true
07-28 18:35:22.634  1821  6407 I sensors-hal: qsh_conn_event_cb:756, event[0] msg_id=1025, ts=1234670422, sensor_type = oplus_activity_recognition  Wakeup
07-28 18:35:22.634  1821  6407 E sensors-hal: handle_sns_std_sensor_event:72, oplus_activity_recognition output: count: 1.000000, index: 1.000000, incar_state: 0.000000, actvity_mode: 3.000000, delta_time: 0.000000 !
07-28 18:35:22.634  3489  4630 D OplusWifiPowerService: onReceive action:android.net.wifi.action.WIFI_SCAN_AVAILABILITY_CHANGED
07-28 18:35:22.634  3489  4630 D OplusWifiSwitchStateMonitor: scan settings change to true
07-28 18:35:22.635  3489  4513 D WifiCountryCode: evaluateAllCmmStateAndApplyIfAllReady: {ConcreteClientModeManager{id=60001 iface=wlan0 role=ROLE_CLIENT_SCAN_ONLY}=true}
07-28 18:35:22.635  3489  4513 D WifiCountryCode: Reading country code from telephony
07-28 18:35:22.635  5039  5474 D NhsSceneReceiver: onSensorChanged: name = oplus_activity_recognition  Wakeup
07-28 18:35:22.635  5010  8366 D QtiOemHookAidl: oemHookRawIndication length=21
07-28 18:35:22.635  6815  6815 I OsAgent : onReceive: android.net.wifi.action.WIFI_SCAN_AVAILABILITY_CHANGED
07-28 18:35:22.635  5010  5010 D QcrilMsgTunnelIfaceManager: handleMessage what = 0
07-28 18:35:22.635  6815  8373 I OsAgent : updateWiFiScanAvailState, scanAvailable: true
07-28 18:35:22.636  3489  4513 D WifiCountryCode: Set telephony country code to: 
07-28 18:35:22.636  5015  5745 D SceneEvent: onSensorChanged: name = oplus_activity_recognition  Wakeup
07-28 18:35:22.636  3489  4513 D WifiCountryCode: updateCountryCode to US
07-28 18:35:22.636  3489  4513 D WifiCountryCode: setCountryCodeNative: US, isClientModeOnly: true mDriverCountryCode: US
07-28 18:35:22.637  3489  4519 I WifiScanningService: Created a new impl for wlan0
07-28 18:35:22.637  3489  4519 I WifiScanningService: Received a request to enable scanning, UID = 1000
07-28 18:35:22.637  3489  4519 I WifiScanningService: scanner impls already exists
07-28 18:35:22.637  3489  4519 I WifiScanningService: wifi driver loaded with scan capabilities: max buckets=16
07-28 18:35:22.637  3489  4519 E WifiScanningService: wifi driver loaded received while already loaded
07-28 18:35:22.637  4947  4947 D QC_RIL_OEM_HOOK: Received Broadcast Intent ACTION_UNSOL_RESPONSE_OEM_HOOK_RAW
07-28 18:35:22.637  4947  4947 D QC_RIL_OEM_HOOK: Received Broadcast Intent ACTION_UNSOL_RESPONSE_OEM_HOOK_RAW
07-28 18:35:22.637  4947  4947 D QC_RIL_OEM_HOOK: Received Broadcast Intent ACTION_UNSOL_RESPONSE_OEM_HOOK_RAW
07-28 18:35:22.637  4876  5747 V OplusCustomizeCacheManager: queryCache name: sys.cache.common_customize_cache18014 param: null
07-28 18:35:22.637  4876  5747 V OplusCustomizeCacheManager: queryCache name: sys.cache.common_customize_cache18017 param: Bundle[{SETTING=BLOCK, BUSINESS=NCT-DATA}]
07-28 18:35:22.637  4876  5747 V OplusCustomizeCacheManager: queryCache name: sys.cache.common_customize_cache18013 param: null
07-28 18:35:22.638  5010  5010 D QC_RIL_OEM_HOOK: Received Broadcast Intent ACTION_UNSOL_RESPONSE_OEM_HOOK_RAW
07-28 18:35:22.642  3489  5379 W BestClock: java.time.DateTimeException: Missing network time fix
07-28 18:35:22.643  2752  2752 I wificond: Regulatory domain changed to country: US on wiphy_index: 0
07-28 18:35:22.643  2752  2752 I wificond: UpdateBandInfo
07-28 18:35:22.643  6371  6371 I wpa_supplicant: p2p0: CTRL-EVENT-REGDOM-CHANGE init=DRIVER type=COUNTRY alpha2=US
07-28 18:35:22.644  3489  5379 D WifiNl80211Manager: OnRegDomainChanged US
07-28 18:35:22.644  3489  5379 D WifiNative: onCountryCodeChanged: US
07-28 18:35:22.644  3489  5379 I WifiCountryCode: Receive onDriverCountryCodeChanged US
07-28 18:35:22.644  2752  2752 I wificond: 2.4Ghz frequencies: 2412 2417 2422 2427 2432 2437 2442 2447 2452 2457 2462
07-28 18:35:22.644  2752  2752 I wificond: 5Ghz non-DFS frequencies: 5180 5200 5220 5240 5745 5765 5785 5805 5825
07-28 18:35:22.644  2752  2752 I wificond: 5Ghz DFS frequencies: 5260 5280 5300 5320 5500 5520 5540 5560 5580 5600 5620 5640 5660 5680 5700
07-28 18:35:22.644  2752  2752 I wificond: 6Ghz frequencies:
07-28 18:35:22.644  2752  2752 I wificond: 60Ghz frequencies:
07-28 18:35:22.644  3489  5379 D WifiScanRequestProxy: Sending scan available broadcast: true
07-28 18:35:22.644  3489  4519 I WifiScanningService: Received a request to enable scanning, UID = 1000
07-28 18:35:22.644  3489  4519 I WifiScanningService: scanner impls already exists
07-28 18:35:22.644  3489  4519 E WifiScanningService: wifi driver loaded received while already loaded
07-28 18:35:22.644  4947  4947 D OplusTelephonyController: onSignalStrengthChanged: SignalStrength=SignalStrength:{mCdma=CellSignalStrengthCdma: cdmaDbm=2147483647 cdmaEcio=2147483647 evdoDbm=2147483647 evdoEcio=2147483647 evdoSnr=2147483647 level=0,mGsm=CellSignalStrengthGsm: rssi=2147483647 ber=2147483647 mTa=2147483647 mLevel=0,mWcdma=CellSignalStrengthWcdma: ss=2147483647 ber=2147483647 rscp=2147483647 ecno=2147483647 level=0,mTdscdma=CellSignalStrengthTdscdma: rssi=2147483647 ber=2147483647 rscp=2147483647 level=0,mLte=CellSignalStrengthLte: rssi=2147483647 rsrp=2147483647 rsrq=2147483647 rssnr=2147483647 cqiTableIndex=2147483647 cqi=2147483647 ta=2147483647 level=0 parametersUseForLevel=0,mNr=CellSignalStrengthNr:{ csiRsrp = 2147483647 csiRsrq = 2147483647 csiCqiTableIndex = 2147483647 csiCqiReport = [] ssRsrp = 2147483647 ssRsrq = 2147483647 ssSinr = 2147483647 level = 0 parametersUseForLevel = 0 timingAdvance = 2147483647 },primary=CellSignalStrengthLte}
07-28 18:35:22.644  3489  4863 I OplusBinderProxy: pb uid: 10215 pid: 10963 desc: com.android.internal.telephony.IPhoneStateListener/10
07-28 18:35:22.646  3489  4863 W BestClock: java.time.DateTimeException: Missing network time fix
07-28 18:35:22.646  5153  6183 D IWlanJni: getDataRegistrationState start
07-28 18:35:22.646  5153  6183 D IWlanJni: getDataRegistrationState start
07-28 18:35:22.647  3489  5379 I WifiScanRequestProxy: Scanning is enabled
07-28 18:35:22.647  3489  5379 I WifiScanRequestProxy: Scanning for hidden networks is disabled
07-28 18:35:22.647  4876  5747 V OplusCustomizeCacheManager: queryCache name: sys.cache.common_customize_cache18014 param: null
07-28 18:35:22.647  4876  5747 V OplusCustomizeCacheManager: queryCache name: sys.cache.common_customize_cache18017 param: Bundle[{SETTING=BLOCK, BUSINESS=NCT-DATA}]
07-28 18:35:22.647  4876  5747 V OplusCustomizeCacheManager: queryCache name: sys.cache.common_customize_cache18013 param: null
07-28 18:35:22.647  3489  3489 D OplusWifiBroadCastDispatcher: mBroadcastReceiver: onReceiver  action=android.net.wifi.action.WIFI_SCAN_AVAILABILITY_CHANGED
07-28 18:35:22.648  3489  4630 D OplusWifiPower_ConnLpmEventObsever: onReceive EXTRA_SCAN_AVAILABLE availabe = true
07-28 18:35:22.648  3489  4630 D OplusWifiPowerService: onReceive action:android.net.wifi.action.WIFI_SCAN_AVAILABILITY_CHANGED
07-28 18:35:22.648  3489  4630 D OplusWifiSwitchStateMonitor: scan settings change to true
07-28 18:35:22.648  5153  6213 D IWlanJni: new aidl event arrived
07-28 18:35:22.648  5153  6213 D IWlanJni: handleEvent 10
07-28 18:35:22.648  5153  6213 D IWlanJni: isThreadAttached start
07-28 18:35:22.648  5153  6213 D IWlanJni: jni detached
07-28 18:35:22.648  5188  5188 D SubsysEventListenerManager-SubsysTelephonyCallback[0]: onSignalStrengthsChanged
07-28 18:35:22.648  5153  6213 D IWlanJni: jni attached
07-28 18:35:22.648  5153  6213 D IWlanJni: getDataRegistrationStateResponse start
07-28 18:35:22.648  5153  6213 D IWlanJni: getJavaCallbackClass start
07-28 18:35:22.648  5153  6213 D IWlanJni: getJavaCallbackClass End midIs[1]
07-28 18:35:22.648  5153  6213 I IWlanAidlClient: getDataRegistrationStateResponse called
07-28 18:35:22.648  5153  6209 D IWlanJni: new aidl event arrived
07-28 18:35:22.648  5153  6209 D IWlanJni: handleEvent 10
07-28 18:35:22.648  5153  6209 D IWlanJni: isThreadAttached start
07-28 18:35:22.648  5153  6209 D IWlanJni: jni detached
07-28 18:35:22.648  5153  6212 W IWlanNetworkService: 6 > Response Processed
07-28 18:35:22.648  5153  6209 D IWlanJni: jni attached
07-28 18:35:22.648  5153  6209 D IWlanJni: getDataRegistrationStateResponse start
07-28 18:35:22.648  5153  6209 D IWlanJni: getJavaCallbackClass start
07-28 18:35:22.648  5153  6209 D IWlanJni: getJavaCallbackClass End midIs[1]
07-28 18:35:22.648  5153  6209 I IWlanAidlClient: getDataRegistrationStateResponse called
07-28 18:35:22.648  5153  6208 W IWlanNetworkService: 7 > Response Processed
07-28 18:35:22.649  5153  6183 D IWlanJni: getDataRegistrationState start
07-28 18:35:22.649  5153  6213 D IWlanJni: new aidl event arrived
07-28 18:35:22.649  5153  6213 D IWlanJni: handleEvent 10
07-28 18:35:22.649  5153  6213 D IWlanJni: isThreadAttached start
07-28 18:35:22.650  5153  6213 D IWlanJni: jni detached
07-28 18:35:22.650  5153  6213 D IWlanJni: jni attached
07-28 18:35:22.650  5153  6213 D IWlanJni: getDataRegistrationStateResponse start
07-28 18:35:22.650  5153  6213 D IWlanJni: getJavaCallbackClass start
07-28 18:35:22.650  5153  6213 D IWlanJni: getJavaCallbackClass End midIs[1]
07-28 18:35:22.650  5153  6213 I IWlanAidlClient: getDataRegistrationStateResponse called
07-28 18:35:22.650  5153  6212 W IWlanNetworkService: 8 > Response Processed
07-28 18:35:22.650  5153  6183 D IWlanJni: getDataRegistrationState start
07-28 18:35:22.651  5153  6209 D IWlanJni: new aidl event arrived
07-28 18:35:22.651  5153  6209 D IWlanJni: handleEvent 10
07-28 18:35:22.651  5153  6209 D IWlanJni: isThreadAttached start
07-28 18:35:22.651  5153  6209 D IWlanJni: jni detached
07-28 18:35:22.651  6815  6815 I OsAgent : onReceive: android.net.wifi.action.WIFI_SCAN_AVAILABILITY_CHANGED
07-28 18:35:22.651  5153  6209 D IWlanJni: jni attached
07-28 18:35:22.651  5153  6209 D IWlanJni: getDataRegistrationStateResponse start
07-28 18:35:22.651  5153  6209 D IWlanJni: getJavaCallbackClass start
07-28 18:35:22.651  5153  6209 D IWlanJni: getJavaCallbackClass End midIs[1]
07-28 18:35:22.651  5153  6209 I IWlanAidlClient: getDataRegistrationStateResponse called
07-28 18:35:22.651  5153  6208 W IWlanNetworkService: 9 > Response Processed
07-28 18:35:22.651  6815  8373 I OsAgent : updateWiFiScanAvailState, scanAvailable: true
07-28 18:35:22.653  1807  3711 W LOCRIL_SESSION: operator():307] cellInfo list size is 0, Voice state: 3, data state: 3
07-28 18:35:22.654  5010  8366 D QtiOemHookAidl: oemHookRawIndication length=24
07-28 18:35:22.654  5010  5010 D QcrilMsgTunnelIfaceManager: handleMessage what = 0
07-28 18:35:22.654  3489  4809 W BestClock: java.time.DateTimeException: Missing network time fix
07-28 18:35:22.655  4947  4947 D QC_RIL_OEM_HOOK: Received Broadcast Intent ACTION_UNSOL_RESPONSE_OEM_HOOK_RAW
07-28 18:35:22.655  4947  4947 D QC_RIL_OEM_HOOK: Received Broadcast Intent ACTION_UNSOL_RESPONSE_OEM_HOOK_RAW
07-28 18:35:22.655  4947  4947 D QC_RIL_OEM_HOOK: Received Broadcast Intent ACTION_UNSOL_RESPONSE_OEM_HOOK_RAW
07-28 18:35:22.656  5010  5010 D QC_RIL_OEM_HOOK: Received Broadcast Intent ACTION_UNSOL_RESPONSE_OEM_HOOK_RAW
07-28 18:35:22.656  5010  8366 D QtiOemHookAidl: oemHookRawIndication length=24
07-28 18:35:22.656  1807  3713 E LOCRIL_SESSION: operator():200] SubId: 1 Failed to get sim IO with error: 11
07-28 18:35:22.657  5099  6937 I QImsService: ImsRadioIndicationAidl : onRadioStateChanged()[SUB1]
07-28 18:35:22.657  5099  5126 I QImsService: ImsRadioIndicationAidl : onRadioStateChanged()[SUB0]
07-28 18:35:22.657  5099  6937 I QImsService: ImsSenderRxr : [UNSL]< UNSOL_RADIO_STATE_CHANGED RADIO_ON[SUB1]
07-28 18:35:22.657  5099  5126 I QImsService: ImsSenderRxr : [UNSL]< UNSOL_RADIO_STATE_CHANGED RADIO_ON[SUB0]
07-28 18:35:22.658  5010  5010 D QcrilMsgTunnelIfaceManager: handleMessage what = 0
07-28 18:35:22.658  5188  5188 D SubsysEventListenerManager-SubsysTelephonyCallback[0]: onRadioPowerStateChanged state:1
07-28 18:35:22.659  1807  3713 E LOCRIL_SESSION: operator():200] SubId: 1 Failed to get sim IO with error: 11
07-28 18:35:22.659  1807  3713 E LOCRIL_SESSION: operator():241] SubId: 1 Failed to get sim IMSI with error: 11
07-28 18:35:22.660  5010  5010 D DeviceInfoAidlClient: onRadioPowerStateChanged
07-28 18:35:22.660  5010  5010 D DeviceStatisticsService: onReceive: action= org.codeaurora.intent.action.RADIO_POWER_STATE
07-28 18:35:22.660  5010  5010 I DeviceStatisticsService: Receiving radio_power_state_changed, mIsDeviceInfoInitialized = true
07-28 18:35:22.660  5010  5010 I DeviceStatisticsService: radio power state changed to 1 for slot: 0
07-28 18:35:22.660  5010  5010 D DeviceInfoAidlClient: isRadioOn()=false
07-28 18:35:22.660  5010  5010 D DeviceInfoAidlClient: mRadioStateHdlr handleMessage()1
07-28 18:35:22.660  5010  5010 D DeviceInfoAidlClient: isRadioOn()=true
07-28 18:35:22.660  5010  5010 I DeviceInfoAidlClient: sendFeaturesSupported: power info support-true interactive state support-true
07-28 18:35:22.660  5010  5010 D QC_RIL_OEM_HOOK: Received Broadcast Intent ACTION_UNSOL_RESPONSE_OEM_HOOK_RAW
07-28 18:35:22.660  5188  6339 D VendorTelephonyService: onTelephonyEventReport slotId =0 eventId=6030
07-28 18:35:22.660  5188  6339 D VendorTelephonyService: onTelephonyEventReport slotId =0 eventId=6030
07-28 18:35:22.660  5188  5188 D VendorCallService: notityEventUpdate, eventId:6030, slotId = 0
07-28 18:35:22.660  1981  1981 E PowerMonitorService: Failed to open /proc/horae_qmi (2): No such file or directory
07-28 18:35:22.661  3489  5373 W BestClock: java.time.DateTimeException: Missing network time fix
07-28 18:35:22.661  5188  6339 D VendorTelephonyService: onTelephonyEventReport slotId =0 eventId=6030
07-28 18:35:22.661  5188  6339 D VendorTelephonyService: onTelephonyEventReport slotId =0 eventId=6030
07-28 18:35:22.661  5188  5188 D VendorCallService: notityEventUpdate, eventId:6030, slotId = 0
07-28 18:35:22.661  4876  5747 V OplusCustomizeCacheManager: queryCache name: sys.cache.common_customize_cache18014 param: null
07-28 18:35:22.661  1807  3713 E LOCRIL_SESSION: operator():241] SubId: 1 Failed to get sim IMSI with error: 11
07-28 18:35:22.661  4876  5747 V OplusCustomizeCacheManager: queryCache name: sys.cache.common_customize_cache18017 param: Bundle[{SETTING=BLOCK, BUSINESS=NCT-DATA}]
07-28 18:35:22.661  4876  5747 V OplusCustomizeCacheManager: queryCache name: sys.cache.common_customize_cache18013 param: null
07-28 18:35:22.661  1807  3711 W LOCRIL_SESSION: operator():307] cellInfo list size is 0, Voice state: 3, data state: 3
07-28 18:35:22.662  1807  3713 E LOCRIL_SESSION: operator():200] SubId: 1 Failed to get sim IO with error: 11
07-28 18:35:22.662  5153  6183 D IWlanJni: getDataRegistrationState start
07-28 18:35:22.662  5015  5058 D SaDataService: onTelephonyEventReport , subId= 0,slotId=-1 eventId=6030
07-28 18:35:22.662  5015  5058 D TelephonyImpl: notify eventId:6030 for list size:2
07-28 18:35:22.662  5015  5058 D SaDataService: onTelephonyEventReport , subId= 0,slotId=-1 eventId=6030
07-28 18:35:22.662  5015  5058 D TelephonyImpl: notify eventId:6030 for list size:2
07-28 18:35:22.663  5153  6209 D IWlanJni: new aidl event arrived
07-28 18:35:22.663  5153  6209 D IWlanJni: handleEvent 10
07-28 18:35:22.663  5153  6209 D IWlanJni: isThreadAttached start
07-28 18:35:22.663  5153  6209 D IWlanJni: jni detached
07-28 18:35:22.663  5153  6209 D IWlanJni: jni attached
07-28 18:35:22.663  5153  6209 D IWlanJni: getDataRegistrationStateResponse start
07-28 18:35:22.663  5153  6209 D IWlanJni: getJavaCallbackClass start
07-28 18:35:22.663  5153  6209 D IWlanJni: getJavaCallbackClass End midIs[1]
07-28 18:35:22.663  5153  6209 I IWlanAidlClient: getDataRegistrationStateResponse called
07-28 18:35:22.663  1807  3713 E LOCRIL_SESSION: operator():241] SubId: 1 Failed to get sim IMSI with error: 11
07-28 18:35:22.663  5188  6339 D VendorTelephonyService: onTelephonyEventReport slotId =0 eventId=6030
07-28 18:35:22.664  5015  6322 D SaDataService: onTelephonyEventReport , subId= 0,slotId=-1 eventId=6030
07-28 18:35:22.664  5188  6339 D VendorTelephonyService: onTelephonyEventReport slotId =0 eventId=6030
07-28 18:35:22.664  5015  6322 D TelephonyImpl: notify eventId:6030 for list size:2
07-28 18:35:22.664  5153  6208 W IWlanNetworkService: 10 > Response Processed
07-28 18:35:22.664  4947  4947 V OplusCustomizeCacheManager: queryCache name: sys.cache.common_customize_cache18016 param: null
07-28 18:35:22.664  4947  4947 V OplusCustomizeCacheManager: queryCache name: sys.cache.common_customize_cache18013 param: null
07-28 18:35:22.664  4947  4947 V OplusCustomizeCacheManager: queryCache name: sys.cache.common_customize_cache18014 param: null
07-28 18:35:22.664  4947  4947 V OplusCustomizeCacheManager: queryCache name: sys.cache.common_customize_cache18017 param: Bundle[{SETTING=BLOCK, BUSINESS=NCT-DATA}]
07-28 18:35:22.664  5188  5188 D VendorCallService: notityEventUpdate, eventId:6030, slotId = 0
07-28 18:35:22.664  4947  4947 V OplusCustomizeCacheManager: queryCache name: sys.cache.common_customize_cache18016 param: null
07-28 18:35:22.665  4947  4947 V OplusCustomizeCacheManager: queryCache name: sys.cache.common_customize_cache18013 param: null
07-28 18:35:22.665  4947  4947 V OplusCustomizeCacheManager: queryCache name: sys.cache.common_customize_cache18014 param: null
07-28 18:35:22.665  4947  4947 V OplusCustomizeCacheManager: queryCache name: sys.cache.common_customize_cache18017 param: Bundle[{SETTING=BLOCK, BUSINESS=NCT-DATA}]
07-28 18:35:22.665  3489  5379 W BestClock: java.time.DateTimeException: Missing network time fix
07-28 18:35:22.666  5010  5010 D QcrilMsgTunnelIfaceManager: handleMessage what = 1
07-28 18:35:22.666  5010  5010 I QcrilOemhookMsgTunnel: [0]invokeOemRilRequestRaw: serial=1007 length=16
07-28 18:35:22.667  5010  5036 I DeviceInfoAidlClient: onPowerInfoReportingChanged - reporting enabled true [15, 20, 30, 50, 80]
07-28 18:35:22.667  5010  5036 D DeviceInfoAidlClient: isRadioOn()=true
07-28 18:35:22.667  5010  5010 D DeviceStatisticsService: onReceive: action= org.codeaurora.intent.action.RADIO_POWER_STATE
07-28 18:35:22.667  5010  5010 I DeviceStatisticsService: Receiving radio_power_state_changed, mIsDeviceInfoInitialized = true
07-28 18:35:22.667  5010  5010 I DeviceStatisticsService: radio power state changed to 1 for slot: 1
07-28 18:35:22.667  5010  5036 I DeviceInfoAidlClient: isPowerInfoNeverSent=true batteryLevel=60 batteryLevelIndex=4 chargingMode=2 totalCapacity=5066600 powerSaveMode=false
07-28 18:35:22.667  5010  5204 I DeviceInfoAidlClient: onDeviceInfoReportingChanged - reporting enabled true
07-28 18:35:22.668  3489  5371 W BestClock: java.time.DateTimeException: Missing network time fix
07-28 18:35:22.668  1821  4462 I sensors-hal: handle_oplus_wise_rgb_event:189, high_pwm_light:lux 177.9,cct 3585.8,brl/algo/ir 1326.0/2.0/23.0,pwm/dc 0.0/0.0,rgbc 13871.010742/9394.513672/4004.885010/26072.345703,ts 59902411974,cnt 840,flag 162
07-28 18:35:22.668  4947  4947 D OplusPowerUpOptimizationImpl: onReceive: org.codeaurora.intent.action.RADIO_POWER_STATE
07-28 18:35:22.668  4876  5747 V OplusCustomizeCacheManager: queryCache name: sys.cache.common_customize_cache18014 param: null
07-28 18:35:22.668  4876  5747 V OplusCustomizeCacheManager: queryCache name: sys.cache.common_customize_cache18017 param: Bundle[{SETTING=BLOCK, BUSINESS=NCT-DATA}]
07-28 18:35:22.668  4876  5747 V OplusCustomizeCacheManager: queryCache name: sys.cache.common_customize_cache18013 param: null
07-28 18:35:22.668  5010  5204 D DeviceInfoAidlClient: getDeviceInfoSupportStatus()=1
07-28 18:35:22.668  5010  5204 D DeviceInfoAidlClient: isRadioOn()=true
07-28 18:35:22.668  5010  5204 I DeviceInfoAidlClient: deviceState=2
07-28 18:35:22.668  4947  5569 D OplusPowerUpOptimizationImpl: handleMessage what = 6
07-28 18:35:22.668  4947  5569 D OplusPowerUpOptimizationImpl: radio is available for slot: 0
07-28 18:35:22.668  4947  5569 D OplusPowerUpOptimizationImpl: trySendPhoneReady for slot: 0
07-28 18:35:22.668  4947  5569 D OplusPowerUpOptimizationImpl: Not sending ATEL ready: States: [0: {true, true, true, true}]
07-28 18:35:22.668  5153  6183 D IWlanJni: getDataRegistrationState start
07-28 18:35:22.668  1895  4451 I Dpps    : LtmSwState::SetParameter():144 ignore cmd 7 in state LtmOffState
