07-29 19:11:02.961  2142  3687 D SurfaceFlinger: updateWinowInfo=1, setFocusedWindow timestamp=57690414039, windowName=f622a24 NotificationShade
07-29 19:11:02.961  3346  5674 I InputDispatcher: NFW_setFocusedWindow, f622a24 NotificationShade on display 0, same as the previous:0
07-29 19:11:02.961  3346  5674 I InputDispatcher: updateFocusedWindow, f622a24 NotificationShade on display 0, reason: setFocusedWindow, result:   FocusedWindows:
07-29 19:11:02.961  3346  5674 I InputDispatcher:     displayId=0, name='f622a24 NotificationShade'
07-29 19:11:02.961  5163  5163 D VRI[Launcher]: onFocusEvent false
07-29 19:11:02.961  4827  4827 I SystemUi--Keyguard: ScrimControllerExImp-->blur State to UNLOCK, bouncer=false changeFromBouncerScrim= false runnerUnlock= false goingAway=false hasHandle=true isOccludeAnimationPlaying=false
07-29 19:11:02.962  3346  4822 I InputDispatcher: injectInputEvent: targetUid=<not set>, syncMode=WAIT_FOR_FINISHED, timeout=30000ms, policyFlags=0x8000000, event=MotionEvent { action=MOVE, id[0]=0, x[0]=900, y[0]=772.033, eventTime=57705000000, downTime=57592000000, deviceId=4, source=TOUCHSCREEN, displayId=0, eventId=0xdfa4cc37}
07-29 19:11:02.962  4827  4827 I SystemUi--Keyguard: ScrimControllerExImp-->blur State to UNLOCK, bouncer=false changeFromBouncerScrim= false runnerUnlock= false goingAway=false hasHandle=true isOccludeAnimationPlaying=false
07-29 19:11:02.962  4827  4827 I SystemUi--QuickSettings: QSPanelAnimatorManager-->showSecondElement
07-29 19:11:02.963  4827  5513 W BlurApp_1.0.7-OPlusBlurDrawable: [updatePosition] multiple changes in frame 4, maybe attached to multiple views!
07-29 19:11:02.963  4827  5513 W BlurApp_1.0.7-OPlusBlurDrawable: [updatePosition] multiple changes in frame 4, maybe attached to multiple views!
07-29 19:11:02.963  4827  5513 W BlurApp_1.0.7-OPlusBlurDrawable: [updatePosition] multiple changes in frame 4, maybe attached to multiple views!
07-29 19:11:02.963  4827  5513 W BlurApp_1.0.7-OPlusBlurDrawable: [updatePosition] multiple changes in frame 4, maybe attached to multiple views!
07-29 19:11:02.963  4827  5513 W BlurApp_1.0.7-OPlusBlurDrawable: [updatePosition] multiple changes in frame 4, maybe attached to multiple views!
07-29 19:11:02.963  4827  5513 W BlurApp_1.0.7-OPlusBlurDrawable: [updatePosition] multiple changes in frame 4, maybe attached to multiple views!
07-29 19:11:02.963  4827  5513 W BlurApp_1.0.7-OPlusBlurDrawable: [updatePosition] multiple changes in frame 4, maybe attached to multiple views!
07-29 19:11:02.963  4827  5513 W BlurApp_1.0.7-OPlusBlurDrawable: [updatePosition] multiple changes in frame 4, maybe attached to multiple views!
07-29 19:11:02.963  4827  5513 W BlurApp_1.0.7-OPlusBlurDrawable: [updatePosition] multiple changes in frame 4, maybe attached to multiple views!
07-29 19:11:02.963  4827  5513 W BlurApp_1.0.7-OPlusBlurDrawable: [updatePosition] multiple changes in frame 4, maybe attached to multiple views!
07-29 19:11:02.963  4827  5513 W BlurApp_1.0.7-OPlusBlurDrawable: [updatePosition] multiple changes in frame 4, maybe attached to multiple views!
07-29 19:11:02.963  4827  5513 W BlurApp_1.0.7-OPlusBlurDrawable: [updatePosition] multiple changes in frame 4, maybe attached to multiple views!
07-29 19:11:02.963  4827  5513 W BlurApp_1.0.7-OPlusBlurDrawable: [updatePosition] multiple changes in frame 4, maybe attached to multiple views!
07-29 19:11:02.963  4827  5513 W BlurApp_1.0.7-OPlusBlurDrawable: [updatePosition] multiple changes in frame 4, maybe attached to multiple views!
07-29 19:11:02.963  4827  5513 W BlurApp_1.0.7-OPlusBlurDrawable: [updatePosition] multiple changes in frame 4, maybe attached to multiple views!
07-29 19:11:02.963  4827  5513 W BlurApp_1.0.7-OPlusBlurDrawable: [updatePosition] multiple changes in frame 4, maybe attached to multiple views!
07-29 19:11:02.963  4827  4827 D VRI[NotificationShade]: onFocusEvent true
07-29 19:11:02.965  4827  4827 I SystemUi--Keyguard: OplusRepeatWhenAttachedUnlock-->updateState: view.windowVisibility: 0, keyguardShow: false, isInPreviewMode: false, view.hasWindowFocus(): true
07-29 19:11:02.965  4827  4827 I SystemUi--Keyguard: OplusRepeatWhenAttachedUnlock-->updateState: view.windowVisibility: 0, keyguardShow: false, isInPreviewMode: false, view.hasWindowFocus(): true
07-29 19:11:02.970  1902  1902 I SnapAlloc: Using graphics libs for alignment calculations
07-29 19:11:02.970  4827  4827 I SystemUi--Keyguard: ScrimControllerExImp-->blur State to UNLOCK, bouncer=false changeFromBouncerScrim= false runnerUnlock= false goingAway=false hasHandle=true isOccludeAnimationPlaying=false
07-29 19:11:02.970  3346  4822 I InputDispatcher: injectInputEvent: targetUid=<not set>, syncMode=WAIT_FOR_FINISHED, timeout=30000ms, policyFlags=0x8000000, event=MotionEvent { action=MOVE, id[0]=0, x[0]=900, y[0]=831.134, eventTime=57714000000, downTime=57592000000, deviceId=4, source=TOUCHSCREEN, displayId=0, eventId=0xf1009ac1}
07-29 19:11:02.970  4827  4827 I SystemUi--Keyguard: ScrimControllerExImp-->blur State to UNLOCK, bouncer=false changeFromBouncerScrim= false runnerUnlock= false goingAway=false hasHandle=true isOccludeAnimationPlaying=false
07-29 19:11:02.976  3346  3777 D VRR [OPlusSAManager]: setSAConfig scene: VRR_90_120 modeId: 4 auto: true fakeFrame: true
07-29 19:11:02.976  3346  3777 D VRR [OPlusSAManager]: updateAutoMinfps with nits: 113.74212, mHistOK true, mAmbientOK true, mCctOK true, mIrOK true, mBrightnessOK true, isPkgOK true, SA min fps: 119
07-29 19:11:02.976  3346  3777 D VRR [OPlusSurfaceFlingerController]: setAutoMode enable: true fakeFrame: true fps: 119
07-29 19:11:02.976  2142  3684 I VRR-[OPlusAdfrUtil]: ADFR try set Auto mode with mode 1 fakeframe 1 min fps 119
07-29 19:11:02.976  2142  3684 D VRR-[OPlusRefreshRateSelector]: OSyncModes add size is 1.
07-29 19:11:02.976  2142  3684 I VRR-[OPlusRefreshRateSelector]: updateAutoMode success, display 0, mode 0, fakeframe 1, min fps: 1
07-29 19:11:02.976  2142  3640 D VRR-[OPlusRefreshRateSelector]: handleSetHWCOSync
07-29 19:11:02.976  2142  3640 D VRR-[OPlusRefreshRateSelector]: OSyncModes remaining size is 0.
07-29 19:11:02.976  2142  3640 D VRR-[OPlusRefreshRateSelector]: SetHWCOSync with 5CC08181
07-29 19:11:02.977  1905  1905 I SDM     : DisplayBuiltIn::SetQSyncMode: VRR + update qsync mode 0 minfps 00C08181
07-29 19:11:02.978  4827  4827 I SystemUi--Keyguard: ScrimControllerExImp-->blur State to UNLOCK, bouncer=false changeFromBouncerScrim= false runnerUnlock= false goingAway=false hasHandle=true isOccludeAnimationPlaying=false
07-29 19:11:02.978  3346  4822 I InputDispatcher: injectInputEvent: targetUid=<not set>, syncMode=WAIT_FOR_FINISHED, timeout=30000ms, policyFlags=0x8000000, event=MotionEvent { action=MOVE, id[0]=0, x[0]=900, y[0]=883.667, eventTime=57722000000, downTime=57592000000, deviceId=4, source=TOUCHSCREEN, displayId=0, eventId=0xffca23a3}
07-29 19:11:02.978  4827  4827 I SystemUi--Keyguard: ScrimControllerExImp-->blur State to UNLOCK, bouncer=false changeFromBouncerScrim= false runnerUnlock= false goingAway=false hasHandle=true isOccludeAnimationPlaying=false
07-29 19:11:02.985  1905  2240 E SDM     : DRMConnector::Perform: Connector 67: Setting Qsync min fps 12616065
07-29 19:11:02.986  1902  1902 I SnapAlloc: Using graphics libs for alignment calculations
07-29 19:11:02.987  4827  4827 I SystemUi--Keyguard: ScrimControllerExImp-->blur State to UNLOCK, bouncer=false changeFromBouncerScrim= false runnerUnlock= false goingAway=false hasHandle=true isOccludeAnimationPlaying=false
07-29 19:11:02.987  3346  4822 I InputDispatcher: injectInputEvent: targetUid=<not set>, syncMode=WAIT_FOR_FINISHED, timeout=30000ms, policyFlags=0x8000000, event=MotionEvent { action=MOVE, id[0]=0, x[0]=900, y[0]=942.767, eventTime=57731000000, downTime=57592000000, deviceId=4, source=TOUCHSCREEN, displayId=0, eventId=0xf29d638d}
07-29 19:11:02.987  4827  4827 I SystemUi--Keyguard: ScrimControllerExImp-->blur State to UNLOCK, bouncer=false changeFromBouncerScrim= false runnerUnlock= false goingAway=false hasHandle=true isOccludeAnimationPlaying=false
07-29 19:11:02.990  4827  5336 I SystemUi--Statusbar: PrivacyDotViewController-->processNextViewState: 
07-29 19:11:02.990  4827  5336 I SystemUi--Statusbar: PrivacyDotViewController-->resolveState ViewState(viewInitialized=true, systemPrivacyEventIsActive=false, shadeExpanded=true, needShow=false, portraitRect=Rect(0, 0 - 1080, 120), landscapeRect=Rect(120, 0 - 2376, 120), upsideDownRect=Rect(0, 0 - 1080, 120), seascapeRect=Rect(0, 0 - 2244, 120), layoutRtl=false, rotation=0, paddingTop=14, paddingBottom=15, cornerIndex=1, designatedCorner=android.widget.FrameLayout{f197e12 I.E...... ......ID 1032,0-1080,120 #7f0a09cd app:id/privacy_dot_top_right_container alpha=1.0 viewInfo = }, contentDescription=null, dotMargin=48)
07-29 19:11:02.995  4827  4827 I SystemUi--Keyguard: ScrimControllerExImp-->blur State to UNLOCK, bouncer=false changeFromBouncerScrim= false runnerUnlock= false goingAway=false hasHandle=true isOccludeAnimationPlaying=false
07-29 19:11:02.995  3346  4822 I InputDispatcher: injectInputEvent: targetUid=<not set>, syncMode=WAIT_FOR_FINISHED, timeout=30000ms, policyFlags=0x8000000, event=MotionEvent { action=MOVE, id[0]=0, x[0]=900, y[0]=995.3, eventTime=57739000000, downTime=57592000000, deviceId=4, source=TOUCHSCREEN, displayId=0, eventId=0xd559ddc6}
07-29 19:11:02.995  4827  4827 I SystemUi--Keyguard: ScrimControllerExImp-->blur State to UNLOCK, bouncer=false changeFromBouncerScrim= false runnerUnlock= false goingAway=false hasHandle=true isOccludeAnimationPlaying=false
07-29 19:11:03.003  1902  1902 I SnapAlloc: Using graphics libs for alignment calculations
07-29 19:11:03.004  4827  4827 I SystemUi--Keyguard: ScrimControllerExImp-->blur State to UNLOCK, bouncer=false changeFromBouncerScrim= false runnerUnlock= false goingAway=false hasHandle=true isOccludeAnimationPlaying=false
07-29 19:11:03.004  3346  4822 I InputDispatcher: injectInputEvent: targetUid=<not set>, syncMode=WAIT_FOR_FINISHED, timeout=30000ms, policyFlags=0x8000000, event=MotionEvent { action=MOVE, id[0]=0, x[0]=900, y[0]=1054.4, eventTime=57748000000, downTime=57592000000, deviceId=4, source=TOUCHSCREEN, displayId=0, eventId=0xed9a2d51}
07-29 19:11:03.004  4827  4827 I SystemUi--Keyguard: ScrimControllerExImp-->blur State to UNLOCK, bouncer=false changeFromBouncerScrim= false runnerUnlock= false goingAway=false hasHandle=true isOccludeAnimationPlaying=false
07-29 19:11:03.011  4827  4827 I SystemUi--Keyguard: ScrimControllerExImp-->blur State to UNLOCK, bouncer=false changeFromBouncerScrim= false runnerUnlock= false goingAway=false hasHandle=true isOccludeAnimationPlaying=false
07-29 19:11:03.012  3346  4822 I InputDispatcher: injectInputEvent: targetUid=<not set>, syncMode=WAIT_FOR_FINISHED, timeout=30000ms, policyFlags=0x8000000, event=MotionEvent { action=MOVE, id[0]=0, x[0]=900, y[0]=1100.37, eventTime=57755000000, downTime=57592000000, deviceId=4, source=TOUCHSCREEN, displayId=0, eventId=0xc2ed6c82}
07-29 19:11:03.012  4827  4827 I SystemUi--Keyguard: ScrimControllerExImp-->blur State to UNLOCK, bouncer=false changeFromBouncerScrim= false runnerUnlock= false goingAway=false hasHandle=true isOccludeAnimationPlaying=false
07-29 19:11:03.020  4827  4827 I SystemUi--Keyguard: ScrimControllerExImp-->blur State to UNLOCK, bouncer=false changeFromBouncerScrim= false runnerUnlock= false goingAway=false hasHandle=true isOccludeAnimationPlaying=false
07-29 19:11:03.020  1902  1902 I SnapAlloc: Using graphics libs for alignment calculations
07-29 19:11:03.020  3346  4822 I InputDispatcher: injectInputEvent: targetUid=<not set>, syncMode=WAIT_FOR_FINISHED, timeout=30000ms, policyFlags=0x8000000, event=MotionEvent { action=MOVE, id[0]=0, x[0]=900, y[0]=1159.47, eventTime=57764000000, downTime=57592000000, deviceId=4, source=TOUCHSCREEN, displayId=0, eventId=0xcb42ccc4}
07-29 19:11:03.020  4827  4827 I SystemUi--Keyguard: ScrimControllerExImp-->blur State to UNLOCK, bouncer=false changeFromBouncerScrim= false runnerUnlock= false goingAway=false hasHandle=true isOccludeAnimationPlaying=false
07-29 19:11:03.026  1980  1980 D SensorFeature: name=ssc_screenshot_info ,index = 22
07-29 19:11:03.026  1980  1980 D SensorFeature: write 29 bytes:57761527789,57769861122,158,0
07-29 19:11:03.028  4827  4827 I SystemUi--Keyguard: ScrimControllerExImp-->blur State to UNLOCK, bouncer=false changeFromBouncerScrim= false runnerUnlock= false goingAway=false hasHandle=true isOccludeAnimationPlaying=false
07-29 19:11:03.028  3346  4822 I InputDispatcher: injectInputEvent: targetUid=<not set>, syncMode=WAIT_FOR_FINISHED, timeout=30000ms, policyFlags=0x8000000, event=MotionEvent { action=MOVE, id[0]=0, x[0]=900, y[0]=1212, eventTime=57772000000, downTime=57592000000, deviceId=4, source=TOUCHSCREEN, displayId=0, eventId=0xc852f4d2}
07-29 19:11:03.029  4827  4827 I SystemUi--Keyguard: ScrimControllerExImp-->blur State to UNLOCK, bouncer=false changeFromBouncerScrim= false runnerUnlock= false goingAway=false hasHandle=true isOccludeAnimationPlaying=false
07-29 19:11:03.036  1902  1902 I SnapAlloc: Using graphics libs for alignment calculations
07-29 19:11:03.036  4827  4827 I SystemUi--Keyguard: ScrimControllerExImp-->blur State to UNLOCK, bouncer=false changeFromBouncerScrim= false runnerUnlock= false goingAway=false hasHandle=true isOccludeAnimationPlaying=false
07-29 19:11:03.037  3346  4822 I InputDispatcher: injectInputEvent: targetUid=<not set>, syncMode=WAIT_FOR_FINISHED, timeout=30000ms, policyFlags=0x8000000, event=MotionEvent { action=MOVE, id[0]=0, x[0]=900, y[0]=1271.1, eventTime=57781000000, downTime=57592000000, deviceId=4, source=TOUCHSCREEN, displayId=0, eventId=0xcc5f6404}
07-29 19:11:03.037  4827  4827 I SystemUi--Keyguard: ScrimControllerExImp-->blur State to UNLOCK, bouncer=false changeFromBouncerScrim= false runnerUnlock= false goingAway=false hasHandle=true isOccludeAnimationPlaying=false
07-29 19:11:03.044  1996  2046 D BatteryChargeControl: bcc get no support from charging protocol
07-29 19:11:03.045  4827  4827 I SystemUi--Keyguard: ScrimControllerExImp-->blur State to UNLOCK, bouncer=false changeFromBouncerScrim= false runnerUnlock= false goingAway=false hasHandle=true isOccludeAnimationPlaying=false
07-29 19:11:03.045  3346  4822 I InputDispatcher: injectInputEvent: targetUid=<not set>, syncMode=WAIT_FOR_FINISHED, timeout=30000ms, policyFlags=0x8000000, event=MotionEvent { action=MOVE, id[0]=0, x[0]=900, y[0]=1323.63, eventTime=57789000000, downTime=57592000000, deviceId=4, source=TOUCHSCREEN, displayId=0, eventId=0xd5f9743b}
07-29 19:11:03.045  4827  4827 I SystemUi--Keyguard: ScrimControllerExImp-->blur State to UNLOCK, bouncer=false changeFromBouncerScrim= false runnerUnlock= false goingAway=false hasHandle=true isOccludeAnimationPlaying=false
07-29 19:11:03.047  4827  4827 I SystemUi--QuickSettings: QsLottieUtils-->getLottieAnimFile : qs/qs_location_lottie_active_sep_dual_light.json
07-29 19:11:03.053  1902  1902 I SnapAlloc: Using graphics libs for alignment calculations
07-29 19:11:03.054  4827  4827 I SystemUi--QuickSettings: QsLottieUtils-->getLottieAnimFile : qs/qs_nfc_lottie_active_sep_dual_light.json
07-29 19:11:03.055  4827 13010 W LOG_Effective: Effective doesn't support layer effects. If you are using them for  fills, strokes, trim paths etc. then try adding them directly as contents  in your shape. Found: [Slider Control]
07-29 19:11:03.055  4827  4827 I SystemUi--Keyguard: ScrimControllerExImp-->blur State to UNLOCK, bouncer=false changeFromBouncerScrim= false runnerUnlock= false goingAway=false hasHandle=true isOccludeAnimationPlaying=false
07-29 19:11:03.055  4827 13010 W LOG_Effective: Animation contains merge paths. Merge paths are only supported on KitKat+ and must be manually enabled by calling enableMergePathsForKitKatAndAbove().
07-29 19:11:03.055  3346  4822 I InputDispatcher: injectInputEvent: targetUid=<not set>, syncMode=WAIT_FOR_FINISHED, timeout=30000ms, policyFlags=0x8000000, event=MotionEvent { action=MOVE, id[0]=0, x[0]=900, y[0]=1389.3, eventTime=57799000000, downTime=57592000000, deviceId=4, source=TOUCHSCREEN, displayId=0, eventId=0xd0a2a54c}
07-29 19:11:03.056  4827  4827 I SystemUi--Keyguard: ScrimControllerExImp-->blur State to UNLOCK, bouncer=false changeFromBouncerScrim= false runnerUnlock= false goingAway=false hasHandle=true isOccludeAnimationPlaying=false
07-29 19:11:03.056  4827  5513 D HWUI    : OplusRenderNodeAnimator end!
07-29 19:11:03.056  4827  5513 D HWUI    : OplusRenderNodeAnimator end!
07-29 19:11:03.056  4827  5513 D HWUI    : OplusRenderNodeAnimator end!
07-29 19:11:03.056  4827  5513 D HWUI    : OplusRenderNodeAnimator end!
07-29 19:11:03.059  4827  4827 W LOG_Effective: Animation contains merge paths but they are disabled.
07-29 19:11:03.059  4827  4827 I SystemUi--Statusbar: CollapsedStatusBarFragmentExImpl-->animateHiddenState onAnimationEnd v:com.oplus.systemui.statusbar.widget.EndSideContentLayout{a617f74 V.E...... ........ 172,0-440,91 #7f0a0c16 app:id/status_bar_end_side_content alpha=1.0 viewInfo = }  v alpha:1.0 v render alpha:0.0 animateAlpha=0.0
07-29 19:11:03.059  4827  4827 I SystemUi--Statusbar: CollapsedStatusBarFragmentExImpl-->animateHiddenState onAnimationEnd v:com.android.keyguard.AlphaOptimizedLinearLayout{716b82b V.E...... ........ 0,0-48,91 alpha=1.0 viewInfo = }  v alpha:1.0 v render alpha:0.0 animateAlpha=0.0
07-29 19:11:03.059  4827  4827 I SystemUi--Statusbar: CollapsedStatusBarFragmentExImpl-->animateHiddenState onAnimationEnd v:com.oplus.systemui.statusbar.seeding.CapsulePluginContainer{da862fd V.E...... ........ 0,0-1080,120 #7f0a0b3b app:id/seeding_card_container alpha=1.0 viewInfo = }  v alpha:1.0 v render alpha:0.0 animateAlpha=0.0
07-29 19:11:03.059  4827  4827 I SystemUi--Statusbar: CollapsedStatusBarFragmentExImpl-->animateHiddenState onAnimationEnd v:com.oplus.systemui.statusbar.widget.StatClock{c15216f V.ED..... ........ 0,0-115,91 #7f0a02b9 app:id/clock alpha=1.0 viewInfo = }  v alpha:1.0 v render alpha:0.0 animateAlpha=0.0
07-29 19:11:03.061  4827  4827 I SystemUi--Keyguard: ScrimControllerExImp-->blur State to UNLOCK, bouncer=false changeFromBouncerScrim= false runnerUnlock= false goingAway=false hasHandle=true isOccludeAnimationPlaying=false
07-29 19:11:03.061  3346  4822 I InputDispatcher: injectInputEvent: targetUid=<not set>, syncMode=WAIT_FOR_FINISHED, timeout=30000ms, policyFlags=0x8000000, event=MotionEvent { action=MOVE, id[0]=0, x[0]=900, y[0]=1428.7, eventTime=57805000000, downTime=57592000000, deviceId=4, source=TOUCHSCREEN, displayId=0, eventId=0xe03a5d4a}
07-29 19:11:03.061  4827  4827 I SystemUi--Keyguard: ScrimControllerExImp-->blur State to UNLOCK, bouncer=false changeFromBouncerScrim= false runnerUnlock= false goingAway=false hasHandle=true isOccludeAnimationPlaying=false
07-29 19:11:03.062  3346  3759 D PowerManagerService: userActivityNoUpdateLocked: groupId=0, eventTime=57805, event=touch, flags=0x0, uid=1000
07-29 19:11:03.069  1902  1902 I SnapAlloc: Using graphics libs for alignment calculations
07-29 19:11:03.070  4827  4827 I SystemUi--Keyguard: ScrimControllerExImp-->blur State to UNLOCK, bouncer=false changeFromBouncerScrim= false runnerUnlock= false goingAway=false hasHandle=true isOccludeAnimationPlaying=false
07-29 19:11:03.070  3346  4822 I InputDispatcher: injectInputEvent: targetUid=<not set>, syncMode=WAIT_FOR_FINISHED, timeout=30000ms, policyFlags=0x8000000, event=MotionEvent { action=MOVE, id[0]=0, x[0]=900, y[0]=1481.23, eventTime=57813000000, downTime=57592000000, deviceId=4, source=TOUCHSCREEN, displayId=0, eventId=0xe7e293b1}
07-29 19:11:03.070  4827  4827 I SystemUi--Keyguard: ScrimControllerExImp-->blur State to UNLOCK, bouncer=false changeFromBouncerScrim= false runnerUnlock= false goingAway=false hasHandle=true isOccludeAnimationPlaying=false
07-29 19:11:03.078  4827  4827 I SystemUi--Keyguard: ScrimControllerExImp-->blur State to UNLOCK, bouncer=false changeFromBouncerScrim= false runnerUnlock= false goingAway=false hasHandle=true isOccludeAnimationPlaying=false
07-29 19:11:03.078  3346  4822 I InputDispatcher: injectInputEvent: targetUid=<not set>, syncMode=WAIT_FOR_FINISHED, timeout=30000ms, policyFlags=0x8000000, event=MotionEvent { action=MOVE, id[0]=0, x[0]=900, y[0]=1540.33, eventTime=57822000000, downTime=57592000000, deviceId=4, source=TOUCHSCREEN, displayId=0, eventId=0xd98265d3}
07-29 19:11:03.078  4827  4827 I SystemUi--Keyguard: ScrimControllerExImp-->blur State to UNLOCK, bouncer=false changeFromBouncerScrim= false runnerUnlock= false goingAway=false hasHandle=true isOccludeAnimationPlaying=false
07-29 19:11:03.086  4827  4827 I SystemUi--Keyguard: ScrimControllerExImp-->blur State to UNLOCK, bouncer=false changeFromBouncerScrim= false runnerUnlock= false goingAway=false hasHandle=true isOccludeAnimationPlaying=false
07-29 19:11:03.086  3346  4822 I InputDispatcher: injectInputEvent: targetUid=<not set>, syncMode=WAIT_FOR_FINISHED, timeout=30000ms, policyFlags=0x8000000, event=MotionEvent { action=MOVE, id[0]=0, x[0]=900, y[0]=1592.87, eventTime=57830000000, downTime=57592000000, deviceId=4, source=TOUCHSCREEN, displayId=0, eventId=0xe36fe065}
07-29 19:11:03.086  1902  1902 I SnapAlloc: Using graphics libs for alignment calculations
07-29 19:11:03.086  4827  4827 I SystemUi--Keyguard: ScrimControllerExImp-->blur State to UNLOCK, bouncer=false changeFromBouncerScrim= false runnerUnlock= false goingAway=false hasHandle=true isOccludeAnimationPlaying=false
07-29 19:11:03.095  4827  4827 I SystemUi--Keyguard: ScrimControllerExImp-->blur State to UNLOCK, bouncer=false changeFromBouncerScrim= false runnerUnlock= false goingAway=false hasHandle=true isOccludeAnimationPlaying=false
07-29 19:11:03.095  3346  4822 I InputDispatcher: injectInputEvent: targetUid=<not set>, syncMode=WAIT_FOR_FINISHED, timeout=30000ms, policyFlags=0x8000000, event=MotionEvent { action=MOVE, id[0]=0, x[0]=900, y[0]=1651.97, eventTime=57839000000, downTime=57592000000, deviceId=4, source=TOUCHSCREEN, displayId=0, eventId=0xd23e9075}
07-29 19:11:03.095  4827  4827 I SystemUi--Keyguard: ScrimControllerExImp-->blur State to UNLOCK, bouncer=false changeFromBouncerScrim= false runnerUnlock= false goingAway=false hasHandle=true isOccludeAnimationPlaying=false
07-29 19:11:03.103  1902  1902 I SnapAlloc: Using graphics libs for alignment calculations
07-29 19:11:03.103  4827  4827 I SystemUi--Keyguard: ScrimControllerExImp-->blur State to UNLOCK, bouncer=false changeFromBouncerScrim= false runnerUnlock= false goingAway=false hasHandle=true isOccludeAnimationPlaying=false
07-29 19:11:03.103  3346  4822 I InputDispatcher: injectInputEvent: targetUid=<not set>, syncMode=WAIT_FOR_FINISHED, timeout=30000ms, policyFlags=0x8000000, event=MotionEvent { action=MOVE, id[0]=0, x[0]=900, y[0]=1704.5, eventTime=57847000000, downTime=57592000000, deviceId=4, source=TOUCHSCREEN, displayId=0, eventId=0xe58388ea}
07-29 19:11:03.104  4827  4827 I SystemUi--Keyguard: ScrimControllerExImp-->blur State to UNLOCK, bouncer=false changeFromBouncerScrim= false runnerUnlock= false goingAway=false hasHandle=true isOccludeAnimationPlaying=false
07-29 19:11:03.111  4827  4827 I SystemUi--Keyguard: ScrimControllerExImp-->blur State to UNLOCK, bouncer=false changeFromBouncerScrim= false runnerUnlock= false goingAway=false hasHandle=true isOccludeAnimationPlaying=false
07-29 19:11:03.111  3346  4822 I InputDispatcher: injectInputEvent: targetUid=<not set>, syncMode=WAIT_FOR_FINISHED, timeout=30000ms, policyFlags=0x8000000, event=MotionEvent { action=MOVE, id[0]=0, x[0]=900, y[0]=1757.03, eventTime=57855000000, downTime=57592000000, deviceId=4, source=TOUCHSCREEN, displayId=0, eventId=0xfecc892d}
07-29 19:11:03.112  4827  4827 I SystemUi--Keyguard: ScrimControllerExImp-->blur State to UNLOCK, bouncer=false changeFromBouncerScrim= false runnerUnlock= false goingAway=false hasHandle=true isOccludeAnimationPlaying=false
07-29 19:11:03.119  1902  1902 I SnapAlloc: Using graphics libs for alignment calculations
07-29 19:11:03.119  4827  4827 I SystemUi--Keyguard: ScrimControllerExImp-->blur State to UNLOCK, bouncer=false changeFromBouncerScrim= false runnerUnlock= false goingAway=false hasHandle=true isOccludeAnimationPlaying=false
07-29 19:11:03.119  3346  4822 I InputDispatcher: injectInputEvent: targetUid=<not set>, syncMode=WAIT_FOR_FINISHED, timeout=30000ms, policyFlags=0x8000000, event=MotionEvent { action=MOVE, id[0]=0, x[0]=900, y[0]=1809.57, eventTime=57863000000, downTime=57592000000, deviceId=4, source=TOUCHSCREEN, displayId=0, eventId=0xf035083f}
07-29 19:11:03.120  4827  4827 I SystemUi--Keyguard: ScrimControllerExImp-->blur State to UNLOCK, bouncer=false changeFromBouncerScrim= false runnerUnlock= false goingAway=false hasHandle=true isOccludeAnimationPlaying=false
07-29 19:11:03.128  4827  4827 I SystemUi--Keyguard: ScrimControllerExImp-->blur State to UNLOCK, bouncer=false changeFromBouncerScrim= false runnerUnlock= false goingAway=false hasHandle=true isOccludeAnimationPlaying=false
07-29 19:11:03.128  3346  4822 I InputDispatcher: injectInputEvent: targetUid=<not set>, syncMode=WAIT_FOR_FINISHED, timeout=30000ms, policyFlags=0x8000000, event=MotionEvent { action=MOVE, id[0]=0, x[0]=900, y[0]=1868.67, eventTime=57872000000, downTime=57592000000, deviceId=4, source=TOUCHSCREEN, displayId=0, eventId=0xf62ed78e}
07-29 19:11:03.128  4827  4827 I SystemUi--Keyguard: ScrimControllerExImp-->blur State to UNLOCK, bouncer=false changeFromBouncerScrim= false runnerUnlock= false goingAway=false hasHandle=true isOccludeAnimationPlaying=false
07-29 19:11:03.136  1902  1902 I SnapAlloc: Using graphics libs for alignment calculations
07-29 19:11:03.136  4827  4827 I SystemUi--Keyguard: ScrimControllerExImp-->blur State to UNLOCK, bouncer=false changeFromBouncerScrim= false runnerUnlock= false goingAway=false hasHandle=true isOccludeAnimationPlaying=false
07-29 19:11:03.136  3346  4822 I InputDispatcher: injectInputEvent: targetUid=<not set>, syncMode=WAIT_FOR_FINISHED, timeout=30000ms, policyFlags=0x8000000, event=MotionEvent { action=MOVE, id[0]=0, x[0]=900, y[0]=1921.2, eventTime=57880000000, downTime=57592000000, deviceId=4, source=TOUCHSCREEN, displayId=0, eventId=0xe527e7f7}
07-29 19:11:03.136  4827  4827 I SystemUi--Keyguard: ScrimControllerExImp-->blur State to UNLOCK, bouncer=false changeFromBouncerScrim= false runnerUnlock= false goingAway=false hasHandle=true isOccludeAnimationPlaying=false
07-29 19:11:03.144  4827  4827 I SystemUi--Keyguard: ScrimControllerExImp-->blur State to UNLOCK, bouncer=false changeFromBouncerScrim= false runnerUnlock= false goingAway=false hasHandle=true isOccludeAnimationPlaying=false
07-29 19:11:03.144  3346  4822 I InputDispatcher: injectInputEvent: targetUid=<not set>, syncMode=WAIT_FOR_FINISHED, timeout=30000ms, policyFlags=0x8000000, event=MotionEvent { action=MOVE, id[0]=0, x[0]=900, y[0]=1973.73, eventTime=57888000000, downTime=57592000000, deviceId=4, source=TOUCHSCREEN, displayId=0, eventId=0xcce68eaf}
07-29 19:11:03.145  4827  4827 I SystemUi--Keyguard: ScrimControllerExImp-->blur State to UNLOCK, bouncer=false changeFromBouncerScrim= false runnerUnlock= false goingAway=false hasHandle=true isOccludeAnimationPlaying=false
07-29 19:11:03.153  1902  1902 I SnapAlloc: Using graphics libs for alignment calculations
07-29 19:11:03.153  4827  4827 I SystemUi--Keyguard: ScrimControllerExImp-->blur State to UNLOCK, bouncer=false changeFromBouncerScrim= false runnerUnlock= false goingAway=false hasHandle=true isOccludeAnimationPlaying=false
07-29 19:11:03.153  3346  4822 I InputDispatcher: injectInputEvent: targetUid=<not set>, syncMode=WAIT_FOR_FINISHED, timeout=30000ms, policyFlags=0x8000000, event=MotionEvent { action=UP, id[0]=0, x[0]=900, y[0]=2000, eventTime=57897000000, downTime=57592000000, deviceId=4, source=TOUCHSCREEN, displayId=0, eventId=0xc0872eb2}
07-29 19:11:03.153  4827  4827 I SystemUi--Keyguard: ScrimControllerExImp-->blur State to UNLOCK, bouncer=false changeFromBouncerScrim= false runnerUnlock= false goingAway=false hasHandle=true isOccludeAnimationPlaying=false
07-29 19:11:03.153  3346  4782 D UAH-UahAdaptHelper: adaptSetNotification identity = OplusUAwareInputHelpersrc = 1000 , type 1 ,p1 = -1 ,p2 = -1 ,p3 = -1 ,p4 =
07-29 19:11:03.153  3346  4782 I [UAH_CLIENT]: uahRuleCtl, ruleId:1000, status:1
07-29 19:11:03.154  3346  4359 D OplusViewDebugManager: OplusViewDebugManager Constructor android.view.debug.OplusViewDebugManager@5642da2 [mHasViewDebugProperty true] [mHasMsgDebugProperty false] [DEBUG false] [EXTRAINFOENABLE false] [LIGHT_OS false]
07-29 19:11:03.154  3346  4359 D OplusViewDebugManager: OplusViewDebugManager Constructor android.view.debug.OplusViewDebugManager@edafa33 [mHasViewDebugProperty true] [mHasMsgDebugProperty false] [DEBUG false] [EXTRAINFOENABLE false] [LIGHT_OS false]
07-29 19:11:03.154  3346  4782 I [UAH_CLIENT]: UahRelease, handle:37
07-29 19:11:03.154  3346  4782 I [UAH_CLIENT]: UahEventAcquire, cmdid:6, pkg:none, identity:OplusUAwareInputHelper
07-29 19:11:03.154  4827  4827 I SystemUi--Statusbar: OplusStatusBarWindowViewTouchExImpl-->onTouchEvent handled:false
07-29 19:11:03.154  4827  4827 I SystemUi--QuickSettings: OplusPanelViewPagerController-->reset
07-29 19:11:03.154  4827  4827 I SystemUi--QuickSettings: OplusPanelViewPagerController-->reset
07-29 19:11:03.155  4827  6017 I [UAH_CLIENT]: UahRelease, handle:36
07-29 19:11:03.155  4827  4827 I SystemUi--QuickSettings: OplusQSRootViewController-->endMotionEvent, expand: true, vel: 6566.6514, vectorVel: 6566.6514  isClosing=false panelClosedOnDown=true canSlideHToQSOnStatusBar=true
07-29 19:11:03.155  4827  4827 I SystemUi--QuickSettings: OplusQSRootViewController-->fling qs, expand: true, vel: 6566.6514
07-29 19:11:03.155  4827  4827 I SystemUi--QuickSettings: QSPanelExpandFraction-->animateExpanded, isExpanded=true, (0.9735352 -> 1.0), lastFinalPosition=1.0
07-29 19:11:03.155  4827  4827 I SystemUi--QuickSettings: QSPanelTranslationY-->animateExpandTranslationY, isExpanded=true, threshold=156.0
07-29 19:11:03.155  4827  4827 I SystemUi--QuickSettings: QSPanelAnimatorManager-->startRebound
07-29 19:11:03.155  4827  6017 I [UAH_CLIENT]: UahEventAcquire, cmdid:97, pkg:none, identity:OsenseHelperImpl
07-29 19:11:03.155  4827  4827 I SystemUi--QuickSettings: OplusPanelViewPagerController-->notifySeparateQSEndMotionEvent currentNotifyFraction=0.0  fraction=0.9735352 notifyExpandedFraction=0.0 fractionListeners.size=0
07-29 19:11:03.155  4827  4827 I SystemUi--QuickSettings: OplusQSRootViewController-->resetTouch
07-29 19:11:03.155  4827  4827 D OplusViewDragTouchViewHelper: dispatchTouchView action = 1
07-29 19:11:03.155  4827  4827 D OplusViewDragTouchViewHelper: dispatchTouchView action = 1
07-29 19:11:03.155  4827  4827 D OplusViewDragTouchViewHelper: dispatchTouchView action = 1
07-29 19:11:03.156  1920  1977 I [UAH_CLIENT]: UahPlatformResAcquire
07-29 19:11:03.156  1920  1977 I [UAH_CLIENT]: UahEventAcquire, cmdid:-3, pkg:1920 7062, identity:qcom-perfd
07-29 19:11:03.157  1920  1977 E PERFHAL-RESOURCEQS: PERFHAL-RESOURCEQS: AddAndApply() 130: Resource with major=18, minor=30 not supported
07-29 19:11:03.157  1920  1977 E PERFHAL-RESOURCEQS: PERFHAL-RESOURCEQS: AddAndApply() 130: Resource with major=18, minor=31 not supported
07-29 19:11:03.161  4827  4827 I SystemUi--Keyguard: ScrimControllerExImp-->blur State to UNLOCK, bouncer=false changeFromBouncerScrim= false runnerUnlock= false goingAway=false hasHandle=true isOccludeAnimationPlaying=false
07-29 19:11:03.161  4827  4827 I SystemUi--Keyguard: ScrimControllerExImp-->blur State to UNLOCK, bouncer=false changeFromBouncerScrim= false runnerUnlock= false goingAway=false hasHandle=true isOccludeAnimationPlaying=false
07-29 19:11:03.169  4827  4827 I SystemUi--Keyguard: ScrimControllerExImp-->blur State to UNLOCK, bouncer=false changeFromBouncerScrim= false runnerUnlock= false goingAway=false hasHandle=true isOccludeAnimationPlaying=false
07-29 19:11:03.169  1902  1902 I SnapAlloc: Using graphics libs for alignment calculations
07-29 19:11:03.169  4827  4827 I SystemUi--Keyguard: ScrimControllerExImp-->blur State to UNLOCK, bouncer=false changeFromBouncerScrim= false runnerUnlock= false goingAway=false hasHandle=true isOccludeAnimationPlaying=false
07-29 19:11:03.177  4827  4827 I SystemUi--Keyguard: ScrimControllerExImp-->blur State to UNLOCK, bouncer=false changeFromBouncerScrim= false runnerUnlock= false goingAway=false hasHandle=true isOccludeAnimationPlaying=false
07-29 19:11:03.178  4827  4827 I SystemUi--Keyguard: ScrimControllerExImp-->blur State to UNLOCK, bouncer=false changeFromBouncerScrim= false runnerUnlock= false goingAway=false hasHandle=true isOccludeAnimationPlaying=false
07-29 19:11:03.185  4827  4827 I SystemUi--Keyguard: ScrimControllerExImp-->blur State to UNLOCK, bouncer=false changeFromBouncerScrim= false runnerUnlock= false goingAway=false hasHandle=true isOccludeAnimationPlaying=false
07-29 19:11:03.186  1902  1902 I SnapAlloc: Using graphics libs for alignment calculations
07-29 19:11:03.186  4827  4827 I SystemUi--Keyguard: ScrimControllerExImp-->blur State to UNLOCK, bouncer=false changeFromBouncerScrim= false runnerUnlock= false goingAway=false hasHandle=true isOccludeAnimationPlaying=false
07-29 19:11:03.194  4827  4827 I SystemUi--Keyguard: ScrimControllerExImp-->blur State to UNLOCK, bouncer=false changeFromBouncerScrim= false runnerUnlock= false goingAway=false hasHandle=true isOccludeAnimationPlaying=false
07-29 19:11:03.194  4827  4827 I SystemUi--Keyguard: ScrimControllerExImp-->blur State to UNLOCK, bouncer=false changeFromBouncerScrim= false runnerUnlock= false goingAway=false hasHandle=true isOccludeAnimationPlaying=false
07-29 19:11:03.202  4827  4827 I SystemUi--Keyguard: ScrimControllerExImp-->blur State to UNLOCK, bouncer=false changeFromBouncerScrim= false runnerUnlock= false goingAway=false hasHandle=true isOccludeAnimationPlaying=false
07-29 19:11:03.202  1902  1902 I SnapAlloc: Using graphics libs for alignment calculations
07-29 19:11:03.203  4827  4827 I SystemUi--Keyguard: ScrimControllerExImp-->blur State to UNLOCK, bouncer=false changeFromBouncerScrim= false runnerUnlock= false goingAway=false hasHandle=true isOccludeAnimationPlaying=false
07-29 19:11:03.210  4827  4827 I SystemUi--Keyguard: ScrimControllerExImp-->blur State to UNLOCK, bouncer=false changeFromBouncerScrim= false runnerUnlock= false goingAway=false hasHandle=true isOccludeAnimationPlaying=false
07-29 19:11:03.211  4827  4827 I SystemUi--Keyguard: ScrimControllerExImp-->blur State to UNLOCK, bouncer=false changeFromBouncerScrim= false runnerUnlock= false goingAway=false hasHandle=true isOccludeAnimationPlaying=false
07-29 19:11:03.219  4827  4827 I SystemUi--Keyguard: ScrimControllerExImp-->blur State to UNLOCK, bouncer=false changeFromBouncerScrim= false runnerUnlock= false goingAway=false hasHandle=true isOccludeAnimationPlaying=false
07-29 19:11:03.219  1902  1902 I SnapAlloc: Using graphics libs for alignment calculations
07-29 19:11:03.219  4827  4827 I SystemUi--Keyguard: ScrimControllerExImp-->blur State to UNLOCK, bouncer=false changeFromBouncerScrim= false runnerUnlock= false goingAway=false hasHandle=true isOccludeAnimationPlaying=false
07-29 19:11:03.227  4827  4827 I SystemUi--Keyguard: ScrimControllerExImp-->blur State to UNLOCK, bouncer=false changeFromBouncerScrim= false runnerUnlock= false goingAway=false hasHandle=true isOccludeAnimationPlaying=false
07-29 19:11:03.228  4827  4827 I SystemUi--Keyguard: ScrimControllerExImp-->blur State to UNLOCK, bouncer=false changeFromBouncerScrim= false runnerUnlock= false goingAway=false hasHandle=true isOccludeAnimationPlaying=false
07-29 19:11:03.235  4827  4827 I SystemUi--Keyguard: ScrimControllerExImp-->blur State to UNLOCK, bouncer=false changeFromBouncerScrim= false runnerUnlock= false goingAway=false hasHandle=true isOccludeAnimationPlaying=false
07-29 19:11:03.236  1902  1902 I SnapAlloc: Using graphics libs for alignment calculations
07-29 19:11:03.236  4827  4827 I SystemUi--Keyguard: ScrimControllerExImp-->blur State to UNLOCK, bouncer=false changeFromBouncerScrim= false runnerUnlock= false goingAway=false hasHandle=true isOccludeAnimationPlaying=false
07-29 19:11:03.244  4827  4827 I SystemUi--Keyguard: ScrimControllerExImp-->blur State to UNLOCK, bouncer=false changeFromBouncerScrim= false runnerUnlock= false goingAway=false hasHandle=true isOccludeAnimationPlaying=false
07-29 19:11:03.244  4827  4827 I SystemUi--Keyguard: ScrimControllerExImp-->blur State to UNLOCK, bouncer=false changeFromBouncerScrim= false runnerUnlock= false goingAway=false hasHandle=true isOccludeAnimationPlaying=false
07-29 19:11:03.252  4827  4827 I SystemUi--Keyguard: ScrimControllerExImp-->blur State to UNLOCK, bouncer=false changeFromBouncerScrim= false runnerUnlock= false goingAway=false hasHandle=true isOccludeAnimationPlaying=false
07-29 19:11:03.252  4827  4827 I SystemUi--Keyguard: ScrimControllerExImp-->blur State to UNLOCK, bouncer=false changeFromBouncerScrim= false runnerUnlock= false goingAway=false hasHandle=true isOccludeAnimationPlaying=false
07-29 19:11:03.252  1902  1902 I SnapAlloc: Using graphics libs for alignment calculations
07-29 19:11:03.260  4827  4827 I SystemUi--Keyguard: ScrimControllerExImp-->blur State to UNLOCK, bouncer=false changeFromBouncerScrim= false runnerUnlock= false goingAway=false hasHandle=true isOccludeAnimationPlaying=false
07-29 19:11:03.261  4827  4827 I SystemUi--Keyguard: ScrimControllerExImp-->blur State to UNLOCK, bouncer=false changeFromBouncerScrim= false runnerUnlock= false goingAway=false hasHandle=true isOccludeAnimationPlaying=false
07-29 19:11:03.269  4827  4827 I SystemUi--Keyguard: ScrimControllerExImp-->blur State to UNLOCK, bouncer=false changeFromBouncerScrim= false runnerUnlock= false goingAway=false hasHandle=true isOccludeAnimationPlaying=false
07-29 19:11:03.269  1902  1902 I SnapAlloc: Using graphics libs for alignment calculations
07-29 19:11:03.269  4827  4827 I SystemUi--Keyguard: ScrimControllerExImp-->blur State to UNLOCK, bouncer=false changeFromBouncerScrim= false runnerUnlock= false goingAway=false hasHandle=true isOccludeAnimationPlaying=false
07-29 19:11:03.277  4827  4827 I SystemUi--Keyguard: ScrimControllerExImp-->blur State to UNLOCK, bouncer=false changeFromBouncerScrim= false runnerUnlock= false goingAway=false hasHandle=true isOccludeAnimationPlaying=false
07-29 19:11:03.278  4827  4827 I SystemUi--Keyguard: ScrimControllerExImp-->blur State to UNLOCK, bouncer=false changeFromBouncerScrim= false runnerUnlock= false goingAway=false hasHandle=true isOccludeAnimationPlaying=false
07-29 19:11:03.285  4827  4827 I SystemUi--Keyguard: ScrimControllerExImp-->blur State to UNLOCK, bouncer=false changeFromBouncerScrim= false runnerUnlock= false goingAway=false hasHandle=true isOccludeAnimationPlaying=false
07-29 19:11:03.286  4827  4827 I SystemUi--Keyguard: ScrimControllerExImp-->blur State to UNLOCK, bouncer=false changeFromBouncerScrim= false runnerUnlock= false goingAway=false hasHandle=true isOccludeAnimationPlaying=false
07-29 19:11:03.286  1902  1902 I SnapAlloc: Using graphics libs for alignment calculations
07-29 19:11:03.293  4827  4827 I SystemUi--Keyguard: ScrimControllerExImp-->blur State to UNLOCK, bouncer=false changeFromBouncerScrim= false runnerUnlock= false goingAway=false hasHandle=true isOccludeAnimationPlaying=false
07-29 19:11:03.294  4827  4827 I SystemUi--Keyguard: ScrimControllerExImp-->blur State to UNLOCK, bouncer=false changeFromBouncerScrim= false runnerUnlock= false goingAway=false hasHandle=true isOccludeAnimationPlaying=false
07-29 19:11:03.300  1980  1980 D SensorFeature: name=ssc_screenshot_info ,index = 22
07-29 19:11:03.300  1980  1980 D SensorFeature: write 29 bytes:58035393571,58043726904,159,0
07-29 19:11:03.302  4827  4827 I SystemUi--Keyguard: ScrimControllerExImp-->blur State to UNLOCK, bouncer=false changeFromBouncerScrim= false runnerUnlock= false goingAway=false hasHandle=true isOccludeAnimationPlaying=false
07-29 19:11:03.302  1902  1902 I SnapAlloc: Using graphics libs for alignment calculations
07-29 19:11:03.302  4827  4827 I SystemUi--Keyguard: ScrimControllerExImp-->blur State to UNLOCK, bouncer=false changeFromBouncerScrim= false runnerUnlock= false goingAway=false hasHandle=true isOccludeAnimationPlaying=false
07-29 19:11:03.304  3346  4343 V AlarmManager: sending alarm Alarm{1ea41f0 type 3 origWhen 39298 whenElapsed 39298 android} uid 1000 whenElapsed 39298 windowLength 18750 maxWhenElapsed 58048 repeatInterval 0 action null component null tag WifiHealthMonitor Schedule Post-Boot Detection Timer flags 0x8 procName system_server
07-29 19:11:03.310  4827  4827 I SystemUi--Keyguard: ScrimControllerExImp-->blur State to UNLOCK, bouncer=false changeFromBouncerScrim= false runnerUnlock= false goingAway=false hasHandle=true isOccludeAnimationPlaying=false
07-29 19:11:03.310  4827  4827 I SystemUi--Keyguard: ScrimControllerExImp-->blur State to UNLOCK, bouncer=false changeFromBouncerScrim= false runnerUnlock= false goingAway=false hasHandle=true isOccludeAnimationPlaying=false
07-29 19:11:03.318  4827  4827 I SystemUi--Keyguard: ScrimControllerExImp-->blur State to UNLOCK, bouncer=false changeFromBouncerScrim= false runnerUnlock= false goingAway=false hasHandle=true isOccludeAnimationPlaying=false
07-29 19:11:03.319  1902  1902 I SnapAlloc: Using graphics libs for alignment calculations
07-29 19:11:03.319  4827  4827 I SystemUi--Keyguard: ScrimControllerExImp-->blur State to UNLOCK, bouncer=false changeFromBouncerScrim= false runnerUnlock= false goingAway=false hasHandle=true isOccludeAnimationPlaying=false
07-29 19:11:03.327  4827  4827 I SystemUi--Keyguard: ScrimControllerExImp-->blur State to UNLOCK, bouncer=false changeFromBouncerScrim= false runnerUnlock= false goingAway=false hasHandle=true isOccludeAnimationPlaying=false
07-29 19:11:03.327  4827  4827 I SystemUi--Keyguard: ScrimControllerExImp-->blur State to UNLOCK, bouncer=false changeFromBouncerScrim= false runnerUnlock= false goingAway=false hasHandle=true isOccludeAnimationPlaying=false
07-29 19:11:03.335  4827  4827 I SystemUi--Keyguard: ScrimControllerExImp-->blur State to UNLOCK, bouncer=false changeFromBouncerScrim= false runnerUnlock= false goingAway=false hasHandle=true isOccludeAnimationPlaying=false
07-29 19:11:03.335  1902  1902 I SnapAlloc: Using graphics libs for alignment calculations
07-29 19:11:03.335  4827  4827 I SystemUi--Keyguard: ScrimControllerExImp-->blur State to UNLOCK, bouncer=false changeFromBouncerScrim= false runnerUnlock= false goingAway=false hasHandle=true isOccludeAnimationPlaying=false
07-29 19:11:03.343  4827  4827 I SystemUi--QuickSettings: TemporarilyInfoManager-->[setStarted] true
07-29 19:11:03.343  4827  4827 I SystemUi--QuickSettings: OplusQSRootViewController-->endClosing()
07-29 19:11:03.343  4827  4827 I SystemUi--Common: OplusShadeExpansionStat-->go state: OPENING -> OPEN
07-29 19:11:03.343  4827  4827 I SystemUi--Common: OplusShadeExpansionStat-->go state: OPENING -> OPEN
07-29 19:11:03.344  4827  4827 I SystemUi--Keyguard: ScrimControllerExImp-->blur State to UNLOCK, bouncer=false changeFromBouncerScrim= false runnerUnlock= false goingAway=false hasHandle=true isOccludeAnimationPlaying=false
07-29 19:11:03.344  4827  4827 I SystemUi--Common: PlatformBlurManagerImpl-->setPlatformBlurMode: blurMode=AUTO(blurFrequency=4)
07-29 19:11:03.344  4827  4827 I SystemUi--Common: PlatformBlurManagerImpl-->updateMotionFrequency: isExpanding=false
07-29 19:11:03.344  4827  4827 I SystemUi--Keyguard: ScrimControllerExImp-->blur State to UNLOCK, bouncer=false changeFromBouncerScrim= false runnerUnlock= false goingAway=false hasHandle=true isOccludeAnimationPlaying=false
07-29 19:11:03.344  4827  4827 I SystemUi--Device_Panel: OplusQSMyDeviceContainerViewController-->setQsDeviceExpansion expansion 1.0
07-29 19:11:03.344  4827  4827 I SystemUi--QuickSettings: QSPanelExpandFraction-->fractionAnimation onAnimationEnd, value=1.0
07-29 19:11:03.352  1902  1902 I SnapAlloc: Using graphics libs for alignment calculations
07-29 19:11:03.448  1905  4379 I Dpps    : LtmSwState::SetParameter():144 ignore cmd 7 in state LtmOffState
07-29 19:11:03.477  3346  3777 D VRR [OPlusSAManager]: updateAutoMinfps with nits: 113.74212, mHistOK true, mAmbientOK true, mCctOK true, mIrOK true, mBrightnessOK true, isPkgOK true, SA min fps: 119
07-29 19:11:03.477  3346  3777 D VRR [OPlusSurfaceFlingerController]: setAutoMode enable: true fakeFrame: true fps: 119
07-29 19:11:03.477  2142  3684 I VRR-[OPlusAdfrUtil]: ADFR try set Auto mode with mode 1 fakeframe 1 min fps 119
07-29 19:11:03.477  2142  3684 D VRR-[OPlusRefreshRateSelector]: OSyncModes add size is 1.
07-29 19:11:03.477  2142  3684 I VRR-[OPlusRefreshRateSelector]: updateAutoMode success, display 0, mode 0, fakeframe 1, min fps: 1
07-29 19:11:03.477  2142  3640 D VRR-[OPlusRefreshRateSelector]: handleSetHWCOSync
07-29 19:11:03.477  2142  3640 D VRR-[OPlusRefreshRateSelector]: OSyncModes remaining size is 0.
07-29 19:11:03.477  2142  3640 D VRR-[OPlusRefreshRateSelector]: SetHWCOSync with 5CC08181
07-29 19:11:03.477  1905  6405 I SDM     : DisplayBuiltIn::SetQSyncMode: VRR + update qsync mode 0 minfps 00C08181
07-29 19:11:03.483  1905  2240 E SDM     : DRMConnector::Perform: Connector 67: Setting Qsync min fps 12616065
07-29 19:11:03.574  1980  1980 D SensorFeature: name=ssc_screenshot_info ,index = 22
07-29 19:11:03.575  1980  1980 D SensorFeature: write 29 bytes:58309806070,58318139403,160,0
07-29 19:11:03.713  1818  4389 I sensors-hal: handle_oplus_wise_rgb_event:189, high_pwm_light:lux 280.4,cct 3639.1,brl/algo/ir 1447.0/2.0/17.2,pwm/dc 0.0/0.0,rgbc 21618.804688/13601.125000/6256.872559/40100.765625,ts 58318239162,cnt 830,flag 65696
07-29 19:11:03.714  1905  4379 I Dpps    : LtmSwState::SetParameter():144 ignore cmd 7 in state LtmOffState
07-29 19:11:03.848  1980  1980 D SensorFeature: name=ssc_screenshot_info ,index = 22
07-29 19:11:03.848  1980  1980 D SensorFeature: write 29 bytes:58583559352,58591892685,161,0
07-29 19:11:03.875  6584  6647 E oiface  : sched_setaffinity failed
07-29 19:11:03.875  1996  1996 D vendor.oplus.hardware.charger-V7-service: getChargerControl:
07-29 19:11:03.899  1983  1983 E PerformanceService: storage_feature: open /sys/devices/platform/soc/112b0000.ufshci//virtualtlcbuff fail
07-29 19:11:03.903  3346  5683 W BestClock: java.time.DateTimeException: Missing network time fix
07-29 19:11:03.905  3346  5683 W BestClock: java.time.DateTimeException: Missing network time fix
07-29 19:11:03.905  3346  4822 W BestClock: java.time.DateTimeException: Missing network time fix
07-29 19:11:03.964  5163  5474 D OplusScrollToTopManager: com.android.launcher/com.android.launcher.Launcher,This com.android.internal.policy.DecorView{9201cde V.E...... R....... 0,0-1080,2376 aid=0 alpha=1.0 viewInfo = }[Launcher] change focus to false
07-29 19:11:03.968  4827  4998 D OplusScrollToTopManager: NotificationShade,This com.android.systemui.shade.NotificationShadeWindowView{dc6af55 V.E...... ........ 0,0-1080,2376 #7f0a06b7 app:id/legacy_window_root alpha=1.0 viewInfo = } change focus to true
07-29 19:11:03.969  4827  4998 D OplusScrollToTopManager: NotificationShade, registerGuidePopupDismissReceiverInSystemUI
07-29 19:11:03.970  4827  4998 D OplusScrollToTopManager: NotificationShade, after registerGuidePopupDismissReceiverInSystemUI
07-29 19:11:03.980  1905  4379 I Dpps    : LtmSwState::SetParameter():144 ignore cmd 7 in state LtmOffState
07-29 19:11:04.045  1996  2046 D BatteryChargeControl: bcc get no support from charging protocol
07-29 19:11:04.123  1980  1980 D SensorFeature: name=ssc_screenshot_info ,index = 22
07-29 19:11:04.123  1980  1980 D SensorFeature: write 29 bytes:58857767008,58866100341,162,0
07-29 19:11:04.198  3346  4822 I InputDispatcher: injectInputEvent: targetUid=<not set>, syncMode=WAIT_FOR_FINISHED, timeout=30000ms, policyFlags=0x8000000, event=MotionEvent { action=DOWN, id[0]=0, x[0]=877, y[0]=1330, eventTime=58942000000, downTime=58942000000, deviceId=4, source=TOUCHSCREEN, displayId=0, eventId=0xee7f712f}
07-29 19:11:04.199  3346  4782 I [UAH_CLIENT]: UahEventAcquire, cmdid:37, pkg:none, identity:OplusUAwareInputHelper
07-29 19:11:04.199  4827  4827 V AutofillManager: requestHideFillUi(null): anchor = null
07-29 19:11:04.199  3346  4782 D UAH-UahAdaptHelper: adaptSetNotification identity = OplusUAwareInputHelpersrc = 1000 , type 0 ,p1 = -1 ,p2 = -1 ,p3 = -1 ,p4 =
07-29 19:11:04.199  4827  4827 V Application: getAutofillClient(): null on super, trying to find activity thread
07-29 19:11:04.199  3346  4782 I [UAH_CLIENT]: uahRuleCtl, ruleId:1000, status:0
07-29 19:11:04.199  4827  4827 V Application: getAutofillClient(): none of the 0 activities on com.android.systemui.SystemUIApplication@245a851 are top resumed nor have focus
07-29 19:11:04.199  4827  4827 V AutofillManager: No AutofillClient for com.android.systemui on context com.android.systemui.SystemUIApplication@245a851
07-29 19:11:04.200  3346  4581 D OMP_Detector: D:done mCurrStatus: 0
07-29 19:11:04.200  4827  4827 I SystemUi--Common: ScrollTranslationValue-->resetPanelTranslationY
07-29 19:11:04.200  3346  3759 D PowerManagerService: userActivityNoUpdateLocked: groupId=0, eventTime=58942, event=touch, flags=0x0, uid=1000
