07-28 22:35:38.846  5217  5217 D ChinaRoamingControl: registTelephonyEvent onServiceStateChanged eventId:5, VoiceRegState:1, DataRegState:1
07-28 22:35:38.846  5217  5217 D QuickChangeAirplaneModeEvent: onServiceStateChanged slotId:0
07-28 22:35:38.846  5217  6117 D cellularState[0]: processMsg: NetworkAttachedState
07-28 22:35:38.846  5217  6117 D cellularState[0]: processMsg: SimReadyState
07-28 22:35:38.846  5217  6117 D cellularState[0]: processMsg: DefaultState
07-28 22:35:38.846  5217  6117 E cellularState[0]:  - unhandledMessage: msg.what=4
07-28 22:35:38.846  5217  6117 D cellularState[0]: handleMessage: X
07-28 22:35:38.847  3376  3488 W ContextImpl: Calling a method in the system process without a qualified user: android.app.ContextImpl.sendBroadcastMultiplePermissions:1311 android.content.Context.sendBroadcastMultiplePermissions:2524 com.android.server.TelephonyRegistry.broadcastServiceStateChanged:3740 com.android.server.TelephonyRegistry.notifyServiceStateForPhoneId:1787 com.android.internal.telephony.ITelephonyRegistry$Stub.onTransact:546 
07-28 22:35:38.847  5030  5916 D NAS-CallIssueDetector: onServiceStateChanged
07-28 22:35:38.847  5030  5916 D OplusCiwlanController: [vodata] processServiceStateChanged  phoneid = 0, original roaming type = 0,roaming type = 0
07-28 22:35:38.847  5030  5916 D OplusCiwlanController: [vodata] processServiceStateChanged  phoneid = 1, original roaming type = 0,roaming type = 0
07-28 22:35:38.847  5030  5918 D OplusSubWaySlowRecovery: getPreferSubId return 1
07-28 22:35:38.847  5030  5918 D SaDataFailRecovery/0: current is not in service,reset alarm
07-28 22:35:38.847  5030  5918 D OplusScanQrCodeRecoveryImpl: msg.what=3
07-28 22:35:38.848  5217  5217 D QuickChangeAirplaneModeEvent: isBothCardInService is false
07-28 22:35:38.848  5217  5217 D MsimSubModeManager: registTelephonyEvent onServiceStateChanged eventId:3, VoiceRegState:1, DataRegState:1
07-28 22:35:38.848  5217  5217 E ExtremeCommUtils: getSwitchRusSupportMcc invalid index 1
07-28 22:35:38.848  5217  5217 D ExtremeCommUtils: isSupporCheck rusContain:false,propContain(persist.sys.oplus.support_hyper_uplink_mcc):false
07-28 22:35:38.848  5217  5217 D ExtremeCommService: handleServiceStateChanged mcc is null
07-28 22:35:38.848  5217  5217 D ChinaRoamingControl: handleMessage what:5
07-28 22:35:38.848  5217  5217 D MsimSubModeManager: handleMessage what:3
07-28 22:35:38.848  5217  5217 D MsimSubModeManager: getMsimSimServiceIn() i:0,mServiceState:1
07-28 22:35:38.848  5217  5217 D MsimSubModeManager: getMsimSimServiceIn() i:1,mServiceState:1
07-28 22:35:38.848  5217  5217 D SubsysEventListenerManager-SubsysTelephonyCallback[0]: onCellLocationChanged
07-28 22:35:38.848  6581  6712 I midasd  : OplusObrainService::notifyEventInt eventId:38 iParam:20
07-28 22:35:38.849  9060  9092 I OplusObrain: OplusObrainClientInvoke.nativeGetTelephonyInfo
07-28 22:35:38.849  9060  9932 I OplusObrain: OplusObrainClientInvoke.nativeGetTrafficTypeInfoForNetworkType networkType 0
07-28 22:35:38.849  3376  3488 W ContextImpl: Calling a method in the system process without a qualified user: android.app.ContextImpl.sendBroadcastMultiplePermissions:1344 com.android.server.TelephonyRegistry.broadcastServiceStateChanged:3745 com.android.server.TelephonyRegistry.notifyServiceStateForPhoneId:1787 com.android.internal.telephony.ITelephonyRegistry$Stub.onTransact:546 android.os.Binder.execTransactInternal:1523 
07-28 22:35:38.850  5030  5915 D OplusLinkBoostCommon: dds servicestate change
07-28 22:35:38.850  3376  4254 D KernelStatsHelper: getKernelStats start!
07-28 22:35:38.850  5180  6249 D IWlanJni: getDataRegistrationState start
07-28 22:35:38.851  3376  4614 D OplusNetlinkSocket: handleNetlinkRecvKernelMessage:nlmsghdr:StructNlMsgHdr{ nlmsg_len{40}, nlmsg_type{44()}, nlmsg_flags{0()}, nlmsg_seq{0}, nlmsg_pid{221254150} }
07-28 22:35:38.851  3376  4614 D KernelStatsHelper: get magic :[-1, -1, -1, 77, 65, 71, 73, 67]
07-28 22:35:38.852  3376  4614 D KernelStatsHelper: magic matched count:0 data_len:0
07-28 22:35:38.852  4959  4959 D MultiSimSettingController: notifySubscriptionInfoChanged
07-28 22:35:38.852  3376  4614 D KernelStatsHelper: data over! check: true
07-28 22:35:38.853  3376  3488 W ContextImpl: Calling a method in the system process without a qualified user: android.app.ContextImpl.sendBroadcastMultiplePermissions:1344 com.android.server.TelephonyRegistry.broadcastServiceStateChanged:3754 com.android.server.TelephonyRegistry.notifyServiceStateForPhoneId:1787 com.android.internal.telephony.ITelephonyRegistry$Stub.onTransact:546 android.os.Binder.execTransactInternal:1523 
07-28 22:35:38.853  3376  3488 W ContextImpl: Calling a method in the system process without a qualified user: android.app.ContextImpl.sendBroadcastMultiplePermissions:1344 com.android.server.TelephonyRegistry.broadcastServiceStateChanged:3760 com.android.server.TelephonyRegistry.notifyServiceStateForPhoneId:1787 com.android.internal.telephony.ITelephonyRegistry$Stub.onTransact:546 android.os.Binder.execTransactInternal:1523 
07-28 22:35:38.854  4959  6279 E PhoneInterfaceManager: getServiceStateForSlot retuning null for invalid slotIndex=-1
07-28 22:35:38.854  4921  5382 I SystemUi--Statusbar: MobileConnectionRepositoryImpl-->subId:1 isSoftSimCard:false slotId:0
07-28 22:35:38.854  4921  4921 I SystemUi--Statusbar: OplusMobileIconInteractorImpl-->oplusIMSModel slot:0: CapabilityTypeModel(isVolteSwitchOn=true, isWfcEnabledByUser=true, imsRegistered=false, voiceCapable=false, videoCapable=false, registerTech=-1, isCrossSimCallingEnabledByUser=false, hasHideVolteOperator=false), SimStateModel(simInserted=[true, false], simForbidden=[false, true], simStateIMSI=[false, false], simLoaded=[true, false]),oplusNetworkTypeNr:20,isVoNrEnabled:false
07-28 22:35:38.854  5217  5217 D SubsysEventListenerManager-SubsysTelephonyCallback[0]: onDisplayInfoChanged
07-28 22:35:38.855  5217  5217 D SceneService: onDisplayInfoChanged slotId:0,telephonyDisplayInfo:TelephonyDisplayInfo {network=NR, overrideNetwork=NONE, isRoaming=false}
07-28 22:35:38.855  4921  5382 I SystemUi--Statusbar: MobileConnectionRepositoryImpl-->subId:1 isSoftSimCard:false slotId:0
07-28 22:35:38.855  5180  6257 D IWlanJni: new aidl event arrived
07-28 22:35:38.855  5180  6257 D IWlanJni: handleEvent 10
07-28 22:35:38.855  5180  6257 D IWlanJni: isThreadAttached start
07-28 22:35:38.855  5180  6257 D IWlanJni: jni detached
07-28 22:35:38.855  5180  6257 D IWlanJni: jni attached
07-28 22:35:38.855  5180  6257 D IWlanJni: getDataRegistrationStateResponse start
07-28 22:35:38.855  5180  6257 D IWlanJni: getJavaCallbackClass start
07-28 22:35:38.855  5180  6257 D IWlanJni: getJavaCallbackClass End midIs[1]
07-28 22:35:38.855  5180  6257 I IWlanAidlClient: getDataRegistrationStateResponse called
07-28 22:35:38.855  5180  6256 W IWlanNetworkService: 15 > Response Processed
07-28 22:35:38.856  3376  3376 I AS.AudioService: onSubscriptionsChanged()
07-28 22:35:38.856  5965  5965 D CellBroadcastReceiver: onReceive Intent { act=android.intent.action.SERVICE_STATE flg=0x1000010 cmp=com.android.cellbroadcastreceiver.module/com.android.cellbroadcastreceiver.CellBroadcastReceiver (has extras) }
07-28 22:35:38.856  3376  4512 V NetworkPolicy: onSubscriptionsChanged
07-28 22:35:38.856  5965  5965 D CellBroadcastReceiver: onServiceStateChanged, ss: 1
07-28 22:35:38.856  5965  5965 D CellBroadcastReceiver: networkOperator: 
07-28 22:35:38.856  4921  5382 I SystemUi--Statusbar: MobileInputLog-->onSubscriptionsChanged
07-28 22:35:38.858  4921  4921 I SystemUi--Statusbar: OplusMobileIconInteractorImpl-->oplusIMSModel slot:0: CapabilityTypeModel(isVolteSwitchOn=true, isWfcEnabledByUser=true, imsRegistered=false, voiceCapable=false, videoCapable=false, registerTech=-1, isCrossSimCallingEnabledByUser=false, hasHideVolteOperator=false), SimStateModel(simInserted=[true, false], simForbidden=[false, true], simStateIMSI=[false, false], simLoaded=[true, false]),oplusNetworkTypeNr:20,isVoNrEnabled:false
07-28 22:35:38.858  4921  5382 I SystemUi--Statusbar: MobileConnectionRepositoryImpl-->subId:1 isSoftSimCard:false slotId:0
07-28 22:35:38.858  4921  6033 I SystemUi--Statusbar: OplusMobileConnectionRepository1-->stopListenImsStatusChanged
07-28 22:35:38.858  5180  5180 D QCNEJ/WwanInfoRelay: onSubscriptionsChanged currDDSId: 1 new DDS 1
07-28 22:35:38.858 13106 13106 I ttings:tzupdate: isSwordfishLaunchAppEnabled_ 1 isSwordfishInstallAppEnabled_ 1
07-28 22:35:38.858 13106 13106 E ttings:tzupdate: Unknown bits set in runtime_flags: 0x40000000
07-28 22:35:38.858 13106 13106 I ttings:tzupdate: Using CollectorTypeCMC GC.
07-28 22:35:38.859  4959  4959 I Telephony: y0: onServiceStateChanged: newState=1, mServiceState=1
07-28 22:35:38.859  4921  6033 I SystemUi--Statusbar: OplusMobileConnectionRepository1-->phoneId: 0, conflatedCallbackFlow init
07-28 22:35:38.859  4921  6033 I SystemUi--Statusbar: OplusMobileConnectionRepository1-->startListenImsStatusChanged
07-28 22:35:38.860  3376  3488 W BestClock: java.time.DateTimeException: Missing network time fix
07-28 22:35:38.860  5142  5142 I QImsService: OplusPhoneStateTracker : onSubscriptionsChanged Last subId: 1 Current subId 1
07-28 22:35:38.860  5142  5142 I QImsService: OplusPhoneStateTracker : onSubscriptionsChanged Last subId: -1 Current subId -1
07-28 22:35:38.860  5180  5180 D QCNEJ/DataCallAgent: onSubscriptionsChanged: new DDS 1
07-28 22:35:38.860  4959  4959 I Telephony: isRttCurrentlySupported -- regular acct, hasVoiceAvailability: false
07-28 22:35:38.860  4959  4959 I Telephony:  isRttSupported: false
07-28 22:35:38.860  4959  4959 I Telephony:  isUserRttSettingOn: false
07-28 22:35:38.860  4959  4959 I Telephony:  alwaysAllowWhileRoaming: false
07-28 22:35:38.860  4959  4959 I Telephony:  isRoaming: false
07-28 22:35:38.860  4959  4959 I Telephony:  isOnWfc: false
07-28 22:35:38.860  5142  5142 E QImsService: ImsConfigImpl : onSubscriptionsChanged unable to process due to SubscriptionInfo is null
07-28 22:35:38.860  5180  8226 D QCNEJ/DataCallAgent: phoneCount: 2
07-28 22:35:38.860  5180  8226 D QCNEJ/DataCallAgent: subs for 0th slot: [1]
07-28 22:35:38.860  5180  8226 D QCNEJ/DataCallAgent: mSubInfoReady[0] is set to true
07-28 22:35:38.860  5180  8226 D QCNEJ/DataCallAgent: subs for 1th slot: [-1]
07-28 22:35:38.861 13106 13106 E ttings:tzupdate: Not starting debugger since process cannot load the jdwp agent.
07-28 22:35:38.861  5030  5648 D NAS-CellularEvent: handleSubscriptionsChanged: slotId=0
07-28 22:35:38.862  7389  9155 E Battery : ControllerCenter: onReceiver: mSubscriptionManager is null || mIsNeedRestoreMobile = false
07-28 22:35:38.862  6527  8958 D OplusAtlasAudioDetectionManager: MSG_CALL_STATE_CHANGED
07-28 22:35:38.862  6527  8958 D OplusAtlasAudioDetectionManager: callStateChanged state: 0, len: 0
07-28 22:35:38.862  4921  6033 I SystemUi--Statusbar: OplusMobileConnectionRepository1-->onImsStatusChanged model: CapabilityTypeModel(isVolteSwitchOn=true, isWfcEnabledByUser=true, imsRegistered=false, voiceCapable=false, videoCapable=false, registerTech=-1, isCrossSimCallingEnabledByUser=false, hasHideVolteOperator=false)
07-28 22:35:38.862  3376  4855 W BestClock: java.time.DateTimeException: Missing network time fix
07-28 22:35:38.862  4921  4921 I KeyguardUpdateMonitor: action=android.intent.action.SERVICE_STATE subId=1 slotId=0
07-28 22:35:38.863  6927  8137 D OsAgentAidlClient: [string_dataitem_update][1584] [HC] =>> [HS]
07-28 22:35:38.863  4921  5831 V OplusCustomizeCacheManager: queryCache name: sys.cache.common_customize_cache18014 param: null
07-28 22:35:38.863  4921  5831 V OplusCustomizeCacheManager: queryCache name: sys.cache.common_customize_cache18017 param: Bundle[{SETTING=BLOCK, BUSINESS=NCT-DATA}]
07-28 22:35:38.863  4921  5831 V OplusCustomizeCacheManager: queryCache name: sys.cache.common_customize_cache18013 param: null
07-28 22:35:38.863  5030  5648 D NAS-CellularEvent: onImsRegistrationStateChanged, slotId=0state:false
07-28 22:35:38.864  5030  5912 D CellularEvent: handleSubscriptionsChanged: slotId=0
07-28 22:35:38.864  5030  5912 D CellularEvent: onImsRegistrationStateChanged, slotId=0state:false
07-28 22:35:38.864  5030  5915 W BestClock: java.time.DateTimeException: Missing network time fix
07-28 22:35:38.864  5030  5915 V MonthTrafficAlert: getWarningNotification subId:1 numWarningNotificaion:0
07-28 22:35:38.865  3036  3036 I cnss-daemon: nl80211 response handler invoked
07-28 22:35:38.865  3036  3036 I cnss-daemon: nl80211_response_handler: cmd 103, vendorID 4980, subcmd 182  received
07-28 22:35:38.865  1904 13069 I WifiHAL : event received NL80211_CMD_VENDOR, vendor_id = 0x1374, subcmd = 0xb6
07-28 22:35:38.865 13106 13106 D nativeloader: Load libframework-connectivity-tiramisu-jni.so using APEX ns com_android_tethering for caller /apex/com.android.tethering/javalib/framework-connectivity-t.jar: ok
07-28 22:35:38.865  1904 13069 I WifiHAL : event received NL80211_CMD_VENDOR, vendor_id = 0x1374, subcmd = 0xb6
07-28 22:35:38.865  4959  4959 V OplusCustomizeCacheManager: queryCache name: sys.cache.common_customize_cache18016 param: null
07-28 22:35:38.865  4959  4959 V OplusCustomizeCacheManager: queryCache name: sys.cache.common_customize_cache18013 param: null
07-28 22:35:38.865  4959  4959 V OplusCustomizeCacheManager: queryCache name: sys.cache.common_customize_cache18014 param: null
07-28 22:35:38.865  4959  4959 V OplusCustomizeCacheManager: queryCache name: sys.cache.common_customize_cache18017 param: Bundle[{SETTING=BLOCK, BUSINESS=NCT-DATA}]
07-28 22:35:38.865  3036  3036 I cnss-daemon: nl80211 response handler invoked
07-28 22:35:38.865  3036  3036 I cnss-daemon: nl80211_response_handler: cmd 103, vendorID 4980, subcmd 182  received
07-28 22:35:38.866  3376  4855 W BestClock: java.time.DateTimeException: Missing network time fix
07-28 22:35:38.866  4959  4959 V OplusCustomizeCacheManager: queryCache name: sys.cache.common_customize_cache18016 param: null
07-28 22:35:38.866  4959  4959 V OplusCustomizeCacheManager: queryCache name: sys.cache.common_customize_cache18013 param: null
07-28 22:35:38.866  4959  4959 V OplusCustomizeCacheManager: queryCache name: sys.cache.common_customize_cache18014 param: null
07-28 22:35:38.866  3376  4512 D NetworkPolicy: Normalization put networkpolicyNetworkTemplate: matchRule=CARRIER, matchSubscriberIds=[001011...], matchWifiNetworkKeys=[], metered=YES
07-28 22:35:38.866  3376  4512 D NetworkPolicy: Normalization put networkpolicyNetworkTemplate: matchRule=CARRIER, matchSubscriberIds=[310260...], matchWifiNetworkKeys=[], metered=YES
07-28 22:35:38.866  4959  4959 V OplusCustomizeCacheManager: queryCache name: sys.cache.common_customize_cache18017 param: Bundle[{SETTING=BLOCK, BUSINESS=NCT-DATA}]
07-28 22:35:38.866  3376  4512 D NetworkPolicy: Normalization put networkpolicyNetworkTemplate: matchRule=CARRIER, matchSubscriberIds=[001010...], matchWifiNetworkKeys=[], metered=YES
07-28 22:35:38.866  3376  4512 D NetworkPolicy: Normalization put networkpolicyNetworkTemplate: matchRule=CARRIER, matchSubscriberIds=[001010...], matchWifiNetworkKeys=[], metered=YES
07-28 22:35:38.866  3376  4512 D NetworkPolicy: Normalization put networkpolicyNetworkTemplate: matchRule=CARRIER, matchSubscriberIds=[001012...], matchWifiNetworkKeys=[], metered=YES
07-28 22:35:38.866  3376  4512 V NetworkPolicy: updateNetworkEnabledNL() return
07-28 22:35:38.867 13106 13106 W libc    : Access denied finding property "persist.vendor.sys.activitylog"
07-28 22:35:38.867  3376  4512 V NetworkPolicy: updateNotificationsNL not process
07-28 22:35:38.867  3376  4855 W BestClock: java.time.DateTimeException: Missing network time fix
07-28 22:35:38.867 13106 13106 I OneTrace: Mark active for pid=13106? true
07-28 22:35:38.867 13106 13106 D cutils-dev: otrace_set_tracing_enabled? true tag:0
07-28 22:35:38.867  4959  4959 D MultiSimSettingController: onSubscriptionsChanged
07-28 22:35:38.867  4959  4959 D MultiSimSettingController: isReadyToReevaluate: subInfoInitialized=true, carrierConfigsLoaded=true, satelliteEnabledOrBeingEnabled=false
07-28 22:35:38.867  4959  4959 D MultiSimSettingController: updateDefaults
07-28 22:35:38.867  4959  4959 D MultiSimSettingController: isReadyToReevaluate: subInfoInitialized=true, carrierConfigsLoaded=true, satelliteEnabledOrBeingEnabled=false
07-28 22:35:38.867  4959  4959 D MultiSimSettingController: updateDefaultValues: change: 0
07-28 22:35:38.867  4959  4959 D MultiSimSettingController: disableDataForNonDefaultNonOpportunisticSubscriptions triggered, return directly
07-28 22:35:38.867  3376  4512 W BestClock: java.time.DateTimeException: Missing network time fix
07-28 22:35:38.867  4921  5831 V OplusCustomizeCacheManager: queryCache name: sys.cache.common_customize_cache18014 param: null
07-28 22:35:38.867 13106 13106 D cutils-dev: properties changed in otrace_seq_number_changed!
07-28 22:35:38.867  4921  5831 V OplusCustomizeCacheManager: queryCache name: sys.cache.common_customize_cache18017 param: Bundle[{SETTING=BLOCK, BUSINESS=NCT-DATA}]
07-28 22:35:38.867  4921  5831 V OplusCustomizeCacheManager: queryCache name: sys.cache.common_customize_cache18013 param: null
07-28 22:35:38.867  4959  4959 D ImsResolver: oldSubId: 1, newSubId: 1
07-28 22:35:38.867  4959  4959 D ImsResolver: oldSubId: -1, newSubId: -1
07-28 22:35:38.867  4959  4959 D CallNotifier: updatePhoneStateListeners: update CF notifications.
07-28 22:35:38.867  4959  4959 I Telephony: TelecomAccountRegistry: onSubscriptionsChanged - reregister accounts
07-28 22:35:38.867  4959  4959 D PhoneUtils: PhoneAccountHandle subId=1, slotId=0
07-28 22:35:38.868  4959  4959 D Telephony: registerPstnPhoneAccount line1Number =  subNumber = 
07-28 22:35:38.868  4959  4959 D Telephony: color is transparent asign default instead -15502541
07-28 22:35:38.869  4959  4959 D Telephony: isEmergencyPreferredAccount: subId=1, activeData=1
07-28 22:35:38.869  4959  4959 D Telephony: isEmergencyPreferredAccount: Device does not require preference.
07-28 22:35:38.869  4959  4959 I Telephony: isRttCurrentlySupported -- regular acct, hasVoiceAvailability: false
07-28 22:35:38.869  4959  4959 I Telephony:  isRttSupported: false
07-28 22:35:38.869  4959  4959 I Telephony:  isUserRttSettingOn: false
07-28 22:35:38.869  4959  4959 I Telephony:  alwaysAllowWhileRoaming: false
07-28 22:35:38.869  4959  4959 I Telephony:  isRoaming: false
07-28 22:35:38.869  4959  4959 I Telephony:  isOnWfc: false
07-28 22:35:38.869  4959  4959 D Telephony: x0: buildPstnPhoneAccount, phoneId: 0, mIsVideoCapable: false, 
07-28 22:35:38.869  4959  4959 D OplusSesImsManagerExt: feature:0, phoneId:0
07-28 22:35:38.869  4959  4959 D OplusSesImsManagerExt: getSubIdUsingPhoneId:1, phoneId:0
07-28 22:35:38.869  4959  4959 D OplusSesImsManagerExt: isEntitlementEnabled:false
07-28 22:35:38.869  4959  4959 D OplusSesImsManagerExt: isFeatureProvisionedOnDevice not enabled
07-28 22:35:38.869  2671  2671 I wificond: Regulatory domain changed to country: US on wiphy_index: 0
07-28 22:35:38.869  3376  5461 D ActivityTaskManagerServiceExtImpl: preBindApplication record is null
07-28 22:35:38.869  2671  2671 I wificond: UpdateBandInfo
07-28 22:35:38.869  3376  5461 D RGBNormalizeServer: OplusRGBNormalize feature enabled ? true
07-28 22:35:38.870  3376  5461 D ResourcesManagerCache: For package com.oplus.wirelesssettings we got cacheList [null] appInfoExt is null ? false hasFeature ? false
07-28 22:35:38.870  4959  4959 D Telephony: registerPstnPhoneAccount mIsVideoCapable = false
07-28 22:35:38.870  3376  5461 D VRR [OPlusExternalRefreshRateManager]: isPkgTfcEnable: pkgName = com.oplus.wirelesssettings, enable = false
07-28 22:35:38.870  3376  5461 D VRR [OPlusExternalRefreshRateManager]: getTfcMinFramerate: pkgName = com.oplus.wirelesssettings, min framerate = 0
07-28 22:35:38.870  4959  4959 W libc    : Access denied finding property "persist.vendor.mtk_uce_support"
07-28 22:35:38.870  4959  4959 I Telephony: isCarrierVideoPresenceSupported, false, false, false, false
07-28 22:35:38.870  4959  4959 I Telephony: reRegisterPstnPhoneAccount: subId: 1 - no change
07-28 22:35:38.870  2671  2671 I wificond: 2.4Ghz frequencies: 2412 2417 2422 2427 2432 2437 2442 2447 2452 2457 2462
07-28 22:35:38.870  4921  4921 I KeyguardUpdateMonitor: refreshSimState, changed:false,subId:1,slotId:0,state:5
07-28 22:35:38.870  2671  2671 I wificond: 5Ghz non-DFS frequencies: 5180 5200 5220 5240 5745 5765 5785 5805 5825
07-28 22:35:38.870  2671  2671 I wificond: 5Ghz DFS frequencies: 5260 5280 5300 5320 5500 5520 5540 5560 5580 5600 5620 5640 5660 5680 5700
07-28 22:35:38.870  2671  2671 I wificond: 6Ghz frequencies:
07-28 22:35:38.870  2671  2671 I wificond: 60Ghz frequencies:
07-28 22:35:38.870  3376  4855 D WifiNl80211Manager: OnRegDomainChanged US
07-28 22:35:38.870  3376  4855 D WifiNative: onCountryCodeChanged: US
07-28 22:35:38.870  3376  4855 I WifiCountryCode: Receive onDriverCountryCodeChanged US
07-28 22:35:38.870  3376  4855 D WifiScanRequestProxy: Sending scan available broadcast: true
07-28 22:35:38.871  3376  4521 I WifiScanningService: Received a request to enable scanning, UID = 1000
07-28 22:35:38.871  3376  4521 I WifiScanningService: scanner impls already exists
07-28 22:35:38.871  3376  4521 E WifiScanningService: wifi driver loaded received while already loaded
07-28 22:35:38.871  4959  4959 D InternationalRoamingNotification: init
07-28 22:35:38.871  5217  5256 D VirtualCommService2: isSupport. true, true
07-28 22:35:38.871  4959  4959 D OplusVirtualCommUtils: isVirtualCommSupport, vRet: true
07-28 22:35:38.871  4959  4959 I OplusVirtualCommUtils: getVirtualCommDeviceType, vRet: 1
07-28 22:35:38.871  4959  4959 I OplusVirtualCommUtils: isConsumerDeviceType, deviceType: 1
07-28 22:35:38.871  4959  4959 D InternationalRoamingNotification: do not createRoamingNotification for invalid Network
07-28 22:35:38.871  3376  4855 I WifiScanRequestProxy: Scanning is enabled
07-28 22:35:38.871  3376  4855 I WifiScanRequestProxy: Scanning for hidden networks is disabled
07-28 22:35:38.872  3376  3376 D OplusWifiBroadCastDispatcher: mBroadcastReceiver: onReceiver  action=android.net.wifi.action.WIFI_SCAN_AVAILABILITY_CHANGED
07-28 22:35:38.872 13106 13106 D OplusActivityManager: get AMS extension: android.os.BinderProxy@c3add48
07-28 22:35:38.872  4959  4959 V OplusCustomizeCacheManager: queryCache name: sys.cache.common_customize_cache18016 param: null
07-28 22:35:38.872  4959  4959 V OplusCustomizeCacheManager: queryCache name: sys.cache.common_customize_cache18013 param: null
07-28 22:35:38.872  4959  4959 V OplusCustomizeCacheManager: queryCache name: sys.cache.common_customize_cache18014 param: null
07-28 22:35:38.872  4959  4959 V OplusCustomizeCacheManager: queryCache name: sys.cache.common_customize_cache18017 param: Bundle[{SETTING=BLOCK, BUSINESS=NCT-DATA}]
07-28 22:35:38.872  3376  4514 I WifiService: Receive onDriverCountryCodeChanged to US, update available channel list
07-28 22:35:38.872  6927  6927 I OsAgent : onReceive: android.net.wifi.action.WIFI_SCAN_AVAILABILITY_CHANGED
07-28 22:35:38.872  6927  8137 I OsAgent : updateWiFiScanAvailState, scanAvailable: true
07-28 22:35:38.872  4921  5203 I SystemUi--QuickSettings: Tile.OplusCellularTile-->updateCarrierText: dialog not showing, ignore
07-28 22:35:38.872  3376  4641 D OplusWifiPower_ConnLpmEventObsever: onReceive EXTRA_SCAN_AVAILABLE availabe = true
07-28 22:35:38.872  4959  4959 V SimultaneousCallingTracker: Received EVENT 101
07-28 22:35:38.872  4959  4959 V SimultaneousCallingTracker: generateVoiceCapablePhoneMapBasedOnUserAssociation: adding phoneId = 0
07-28 22:35:38.872  4959  4959 I SimultaneousCallingTracker: updatePhoneMapAndSimultaneousCallSupportMap: mVoiceCapablePhoneMap.size = 1
07-28 22:35:38.872  4959  4959 V SimultaneousCallingTracker: registerForImsRegistrationChanges: registering phoneId = 0
07-28 22:35:38.872  3376  4641 D OplusWifiPowerService: onReceive action:android.net.wifi.action.WIFI_SCAN_AVAILABILITY_CHANGED
07-28 22:35:38.872  4959  4959 V SimultaneousCallingTracker: generateSimultaneousCallSupportMap: returning simultaneousCallSubSupportMap = Phone ID=0 - Simultaneous calling compatible phone IDs=[]; 
07-28 22:35:38.872  4959  4959 V SimultaneousCallingTracker: handleSimultaneousCallingSupportChanged
07-28 22:35:38.872  4921  5203 D SimStateHelper: slot:0, lock state:Bundle[mParcelledData.dataSize=56]
07-28 22:35:38.872  3376  4641 D OplusWifiSwitchStateMonitor: scan settings change to true
07-28 22:35:38.873  4921  5203 D SimStateHelper: slot:1, lock state:Bundle[mParcelledData.dataSize=56]
07-28 22:35:38.873  3376  5461 W ContentService: Observer is already registered. Pid is 4959
07-28 22:35:38.873  4921  5203 D SimStateHelper: needDisableMenu: slot1State=-1; slot2State=-1
07-28 22:35:38.873  4921  5203 D SimStateHelper: needDisableMenu:false
07-28 22:35:38.873  4921  5203 I SystemUi--QuickSettings: Tile.OplusCellularTile-->updateCarrierText: dialog not showing, ignore
07-28 22:35:38.873  4921  5203 D SimStateHelper: slot:0, lock state:Bundle[mParcelledData.dataSize=56]
07-28 22:35:38.873  4921  5203 D SimStateHelper: slot:1, lock state:Bundle[mParcelledData.dataSize=56]
07-28 22:35:38.873  4921  5203 D SimStateHelper: needDisableMenu: slot1State=-1; slot2State=-1
07-28 22:35:38.873  4921  5203 D SimStateHelper: needDisableMenu:false
07-28 22:35:38.873  3376  4514 E ApConfigUtil: Malformed channel value detected: java.lang.NumberFormatException: For input string: ""
07-28 22:35:38.874 13106 13106 D CompactWindowAppManager: initCompactApplicationInfo CompactMode: , NormalMode: 
07-28 22:35:38.874  3376  4514 E ApConfigUtil: Malformed channel value detected: java.lang.NumberFormatException: For input string: ""
07-28 22:35:38.874  1904  1904 E WifiHAL : wifi_get_usable_channels: Error -5 waiting for response.
07-28 22:35:38.874  3376  4514 E WifiChipAidlImpl: getUsableChannels failed with service-specific exception: android.os.ServiceSpecificException:  (code 7)
07-28 22:35:38.874  3376  4514 E ApConfigUtil: Malformed channel value detected: java.lang.NumberFormatException: For input string: ""
07-28 22:35:38.875 13106 13106 D OplusScrollToTopManager: setIsInWhiteList false
07-28 22:35:38.875 13106 13106 D OplusViewDebugManager: OplusViewDebugManager Constructor android.view.debug.OplusViewDebugManager@8ae2906 [mHasViewDebugProperty true] [mHasMsgDebugProperty false] [DEBUG false] [EXTRAINFOENABLE false] [LIGHT_OS false]
07-28 22:35:38.875 13106 13106 D CompatChangeReporter: Compat change id reported: 242716250; UID 1000; state: ENABLED
07-28 22:35:38.877 13106 13106 W libc    : Access denied finding property "ro.odm.prev.product.name"
07-28 22:35:38.878 13106 13106 W ziparchive: Unable to open '/system_ext/framework/nfcvendorlib.dm': No such file or directory
07-28 22:35:38.878 13106 13106 W ziparchive: Unable to open '/system_ext/framework/nfcvendorlib.dm': No such file or directory
07-28 22:35:38.879 13106 13106 D nativeloader: Configuring clns-shared-7 for other apk /system_ext/framework/nfcvendorlib.jar. target_sdk_version=34, uses_libraries=ALL, library_path=/system_ext/priv-app/WirelessSettings/lib/arm64:/system_ext/priv-app/WirelessSettings/WirelessSettings.apk!/lib/arm64-v8a:/system/lib64:/system_ext/lib64, permitted_path=/data:/mnt/expand:/data/user_de/0/com.oplus.wirelesssettings:/system_ext/priv-app/WirelessSettings:/system/lib64:/system_ext/lib64
07-28 22:35:38.880 13106 13106 D nativeloader: Extending system_exposed_libraries: libbinauralrenderer_wrapper.qti.so:libhoaeffects.qti.so:libSloganJni.oplus.so:libsuperNight.oplus.so:libAPSClient-cmd-jni-extension.oplus.so:libsatellite_audio_jni.oplus.so:libortc_so.oplus.so:libsoundtouch.oplus.so:libsoundtouch_jni.oplus.so:libOplusStringJNI-extension.oplus.so:libsatellite_ostx_jni.oplus.so:libapssuspend-jni.oplus.so:libupdateprof.qti.so:libthermalclient.qti.so:libqape.qti.so:libqesdk_ndk_platform.qti.so:liblistenjni.qti.so
07-28 22:35:38.880 13106 13106 D ApplicationLoaders: Returning zygote-cached class loader: /system_ext/framework/androidx.window.extensions.jar
07-28 22:35:38.880 13106 13106 D ApplicationLoaders: Returning zygote-cached class loader: /system_ext/framework/androidx.window.sidecar.jar
07-28 22:35:38.883 13106 13106 D nativeloader: Configuring clns-shared-8 for other apk /system_ext/priv-app/WirelessSettings/WirelessSettings.apk. target_sdk_version=34, uses_libraries=, library_path=/system_ext/priv-app/WirelessSettings/lib/arm64:/system_ext/priv-app/WirelessSettings/WirelessSettings.apk!/lib/arm64-v8a:/system/lib64:/system_ext/lib64, permitted_path=/data:/mnt/expand:/data/user_de/0/com.oplus.wirelesssettings:/system_ext/priv-app/WirelessSettings:/system/lib64:/system_ext/lib64
07-28 22:35:38.886 13106 13106 V GraphicsEnvironment: Currently set values for:
07-28 22:35:38.886 13106 13106 V GraphicsEnvironment:   angle_gl_driver_selection_pkgs=[]
07-28 22:35:38.886 13106 13106 V GraphicsEnvironment:   angle_gl_driver_selection_values=[]
07-28 22:35:38.886 13106 13106 V GraphicsEnvironment: Global.Settings values are invalid: number of packages: 0, number of values: 0
07-28 22:35:38.888 13106 13106 D WS_OplusWirelessSettingsApp: onCreate, OplusWirelessSettingsApp
07-28 22:35:38.889 13106 13106 D LogUtils: initWirelessLog sIsQeAssert=false,sIsWifiOrBtLog=false
07-28 22:35:38.891  3376  4855 I ActivityManager: Flag disabled. Ignoring finishAttachApplication from uid: 1000. pid: 13106
07-28 22:35:38.892 13106 13106 E ANDR-PERF-CLIENT-SYS: death recipent object is fine
07-28 22:35:38.892 13106 13106 W ttings:tzupdate: AIBinder_linkToDeath is being called with a non-null cookie and no onUnlink callback set. This might not be intended. AIBinder_DeathRecipient_setOnUnlinked should be called first.
07-28 22:35:38.893  3376  4855 W OplusSelfProtectManager: pkg[com.oplus.wirelesssettings] not in policy list
07-28 22:35:38.895  3376  4855 D ActivityManager: Async freezing 13106 com.oplus.wirelesssettings:tzupdate
07-28 22:35:38.898  4751  4764 W SQLiteLog: (28) double-quoted string literal: "timezone_tzdata_v2_files"
07-28 22:35:38.937  6562  6632 E horae   : 0: back:28940,back_1:31180,back_2:31067,back_3:29855,frame:31246,frame_1:30440,front:31824,front_1:32262,front_2:30899, -2147483648 2, +(2470), 1 ,38251,29649,34071,38233,36274,37351,29725,33867,37303,35680,36487,29569,33662,36541,35196,35848,29521,33437,35854,34721, target_temp:32262, algo:0
07-28 22:35:38.962  4959  4959 V OplusCustomizeCacheManager: queryCache name: sys.cache.common_customize_cache18016 param: null
07-28 22:35:38.962  4959  4959 V OplusCustomizeCacheManager: queryCache name: sys.cache.common_customize_cache18013 param: null
07-28 22:35:38.962  4959  4959 V OplusCustomizeCacheManager: queryCache name: sys.cache.common_customize_cache18014 param: null
07-28 22:35:38.962  4959  4959 V OplusCustomizeCacheManager: queryCache name: sys.cache.common_customize_cache18017 param: Bundle[{SETTING=BLOCK, BUSINESS=NCT-DATA}]
07-28 22:35:38.963  4959  4959 V OplusCustomizeCacheManager: queryCache name: sys.cache.common_customize_cache18016 param: null
07-28 22:35:38.963  4959  4959 V OplusCustomizeCacheManager: queryCache name: sys.cache.common_customize_cache18013 param: null
07-28 22:35:38.963  4959  4959 V OplusCustomizeCacheManager: queryCache name: sys.cache.common_customize_cache18014 param: null
07-28 22:35:38.963  4959  4959 V OplusCustomizeCacheManager: queryCache name: sys.cache.common_customize_cache18017 param: Bundle[{SETTING=BLOCK, BUSINESS=NCT-DATA}]
07-28 22:35:38.964  3376  4399 D FusionLightNextGen: process end reported = 1, mode: 0, lux 496.5, cct -1.0, r/g/b/c: 21054.4/13247.8/6103.1/39079.0, R/G/B: 132.0/125.0/124.0, bri 1443.0, match 0.74, ir 0.017401, conf 0.0, ts 59578872025
07-28 22:35:38.965  1970  4453 I Dpps    : LtmSwState::SetParameter():144 ignore cmd 7 in state LtmOffState
07-28 22:35:38.977  4921  4921 D RowAnimatorExtImpl: end:view:StatusBarIconView(slot='volume' alpha=1.0 icon=StatusBarIcon(icon=Icon(typ=RESOURCE pkg=com.android.systemui id=0x7f0818f0) visible user=0 ) visibleState=ICON iconColor=#ccffffff staticDrawableColor=#ccffffff decorColor=#ffffffff animationStartColor=#0 currentSetColor=#ccffffff notification=null),tx
07-28 22:35:38.977  4921  4921 D RowAnimatorExtImpl: end:view:StatusBarIconView(slot='zen' alpha=1.0 icon=StatusBarIcon(icon=Icon(typ=RESOURCE pkg=com.android.systemui id=0x7f0818e1) visible user=0 ) visibleState=ICON iconColor=#ccffffff staticDrawableColor=#ccffffff decorColor=#ffffffff animationStartColor=#0 currentSetColor=#ccffffff notification=null),tx
07-28 22:35:38.977  4921  4921 D RowAnimatorExtImpl: end:view:StatusBarIconView(slot='volume' alpha=1.0 icon=StatusBarIcon(icon=Icon(typ=RESOURCE pkg=com.android.systemui id=0x7f0818f0) visible user=0 ) visibleState=ICON iconColor=#ccffffff staticDrawableColor=#ccffffff decorColor=#ffffffff animationStartColor=#0 currentSetColor=#ccffffff notification=null),tx
07-28 22:35:38.977  4921  4921 D RowAnimatorExtImpl: end:view:StatusBarIconView(slot='zen' alpha=1.0 icon=StatusBarIcon(icon=Icon(typ=RESOURCE pkg=com.android.systemui id=0x7f0818e1) visible user=0 ) visibleState=ICON iconColor=#ccffffff staticDrawableColor=#ccffffff decorColor=#ffffffff animationStartColor=#0 currentSetColor=#ccffffff notification=null),tx
07-28 22:35:38.977  4921  4921 D RowAnimatorExtImpl: end:view:StatusBarIconView(slot='volume' alpha=1.0 icon=StatusBarIcon(icon=Icon(typ=RESOURCE pkg=com.android.systemui id=0x7f0818f0) visible user=0 ) visibleState=ICON iconColor=#ccffffff staticDrawableColor=#ccffffff decorColor=#ffffffff animationStartColor=#0 currentSetColor=#ccffffff notification=null),tx
07-28 22:35:38.977  4921  4921 D RowAnimatorExtImpl: end:view:StatusBarIconView(slot='zen' alpha=1.0 icon=StatusBarIcon(icon=Icon(typ=RESOURCE pkg=com.android.systemui id=0x7f0818e1) visible user=0 ) visibleState=ICON iconColor=#ccffffff staticDrawableColor=#ccffffff decorColor=#ffffffff animationStartColor=#0 currentSetColor=#ccffffff notification=null),tx
07-28 22:35:39.026  2026  2026 D SensorFeature: name=ssc_screenshot_info ,index = 22
07-28 22:35:39.026  2026  2026 D SensorFeature: write 29 bytes:59844041851,59852375184,166,0
07-28 22:35:39.088  2050  7791 D charge_time: type=sdp,reserve_soc=2,soc=42,ui_soc=44,current=201,avg=198,not_chg_cnt=0,stable_cnt=7,fcc=5724,fcc_ratio=94,delta=34,debug=0,region=17,ttf=27765(07:42:45),ui_ttf=22300(06:11:40)
07-28 22:35:39.168  4921  4921 I SystemUi--QuickSettings: TemporarilyInfoManager-->[animateShow] com.oplus.systemui.qs.base.temporarilyinfo.TemporarilyInfoManager$createViewToParent$1{e3fec5e VFED..C.. ........ 0,0-1080,228 #7f0a0cb6 app:id/temporarily_info_view alpha=1.0 viewInfo = } end
07-28 22:35:39.168  4921  4921 I SystemUi--QuickSettings: TemporarilyInfoManager-->[trigger] start from showElementAfterShowFully
07-28 22:35:39.174  3376  3376 D OplusWifiBroadCastDispatcher: mBroadcastReceiver: onReceiver  action=android.intent.action.BATTERY_LEVEL_CHANGED
07-28 22:35:39.175  3376  4641 D OplusWifiPowerService: onReceive action:android.intent.action.BATTERY_LEVEL_CHANGED
07-28 22:35:39.175  3376  4473 W OplusStorageManagerFeature: mScreenReceiver action:android.intent.action.BATTERY_LEVEL_CHANGED
07-28 22:35:39.175  3376  4473 I OplusStorageManagerFeature: TmemoryBetterySwitch: level=44 state=0
07-28 22:35:39.175  3376  4473 I OplusStorageManagerFeature: TmemoryBetterySwitch: action=0 state=2
07-28 22:35:39.175  3376  4473 W OplusStorageManagerFeature: Ready to deal actionParam:0
07-28 22:35:39.177  6228  6228 D BatteryUsageBroadcastReceiver: onReceive:android.intent.action.BATTERY_LEVEL_CHANGED
07-28 22:35:39.178  6228  6228 D BatteryUsageBroadcastReceiver: fetch data because of event: ACTION_BATTERY_LEVEL_CHANGED
07-28 22:35:39.183  3376  5461 D ActivityManager: Async freezing 6228 com.android.settings
07-28 22:35:39.221  8471  9934 W metis_v2_KnowledgeManager: Fire: isEmergency is true  debugFireMode = false [7f0000011753756497691491607377|p_7377_be2d95f@1|p_8471_20e9fa8@0|com.oplus.metis] [base|com.oplus.metis|1.5.5-f48228a]
07-28 22:35:39.222  8471  9934 W metis_v2_OifaceBindUtils: bindTask [7f0000011753756497691491607377|p_7377_be2d95f@1|p_8471_20e9fa8@0|com.oplus.metis]
07-28 22:35:39.222  8471  9934 W metis_v2_OifaceBindUtils: call connectOifaceService [7f0000011753756497691491607377|p_7377_be2d95f@1|p_8471_20e9fa8@0|com.oplus.metis]
07-28 22:35:39.223  8471  9934 I metis_v2_KnowledgeManager: panta-sugg-Fire: count=1 [7f0000011753756497691491607377|p_7377_be2d95f@1|p_8471_20e9fa8@0|com.oplus.metis]
07-28 22:35:39.223  6592  6657 E oiface  : sched_setaffinity failed
07-28 22:35:39.223  6592  6650 E oiface  : directSetTask: get cpuset path failed
07-28 22:35:39.228  8471  9934 I System.out: 'park_precondition_home_02' 
07-28 22:35:39.229  8471  9934 I System.out: 'park_precondition_company_02' 
07-28 22:35:39.229  8471  9934 I System.out: 'UBIQUITOUS_SERVICE#assistant_screen#NOT_AT_HOME_301' 
07-28 22:35:39.229  8471  9934 I System.out: 'UBIQUITOUS_SERVICE#assistant_screen#NOT_AT_OFFICE_401' 
07-28 22:35:39.229  1880  4463 I sensors-hal: handle_oplus_wise_rgb_event:189, high_pwm_light:lux 271.7,cct 3627.0,brl/algo/ir 1443.0/2.0/17.1,pwm/dc 0.0/0.0,rgbc 20997.388672/13210.974609/6091.570312/38923.601562,ts 59852801244,cnt 860,flag 65702
07-28 22:35:39.230  1970  4453 I Dpps    : LtmSwState::SetParameter():144 ignore cmd 7 in state LtmOffState
07-28 22:35:39.231  8471  9934 I System.out: 'policy:NEAR_SUBWAY_BUS_STATION_2x4' 
07-28 22:35:39.240  8471  9934 D SceneIntentPublisher: headAction: pkg is com.oplus.metis and simpleRuleName is UBIQUITOUS_SERVICE#scene#NightScene_step_number
07-28 22:35:39.240  8471  9934 W metis_v2_TimeDurationCompare: [com.oplus.metis#UBIQUITOUS_SERVICE#scene#tips#TipScene_EXIT] 'timestamp' is not literal. [7f0000011753756497691491607377|p_7377_be2d95f@1|p_8471_20e9fa8@0|com.oplus.metis]
07-28 22:35:39.241  8471  9934 D SceneIntentPublisher: headAction: pkg is com.oplus.metis and simpleRuleName is UBIQUITOUS_SERVICE#secne#activity_coloros_reminder_tips
07-28 22:35:39.244  5265  5864 I MMKV    : <MMKV_IO.cpp:456::writeActualSize> [mmkv.default] increase sequence to 7789, crc 3531594138, actualSize 539
07-28 22:35:39.247  8471  9934 D SceneIntentPublisher: headAction: pkg is com.oplus.metis and simpleRuleName is UBIQUITOUS_SERVICE#secne#activity_coloros_reminder_tips
07-28 22:35:39.248  8471  9934 D SceneIntentPublisher: headAction: pkg is com.oplus.metis and simpleRuleName is UBIQUITOUS_SERVICE#scene#NightScene_step_number
07-28 22:35:39.251  8471  9934 I System.out: 'UBIQUITOUS_SERVICE#assistant_screen#NOT_AT_HOME_301' 
07-28 22:35:39.251  8471  9934 I System.out: 'tempPropertyForGuideStatus' 
07-28 22:35:39.253  8471  9934 D SceneIntentPublisher: headAction: pkg is com.oplus.metis and simpleRuleName is UBIQUITOUS_SERVICE#scene#NightScene_step_number
07-28 22:35:39.254  8471  9934 D SceneIntentPublisher: headAction: pkg is com.oplus.metis and simpleRuleName is UBIQUITOUS_SERVICE#secne#activity_coloros_reminder_tips
07-28 22:35:39.254  8471  9934 W metis_v2_TimeDurationCompare: [com.oplus.metis#UBIQUITOUS_SERVICE#scene#tips#TipScene_EXIT] 'timestamp' is not literal. [7f0000011753756497691491607377|p_7377_be2d95f@1|p_8471_20e9fa8@0|com.oplus.metis]
07-28 22:35:39.261  8471  9633 I ContextAware_GetInstalledAppsInfo: Update cache
07-28 22:35:39.267  8471  9934 I System.out: 'UBIQUITOUS_SERVICE#assistant_screen#NOT_AT_OFFICE_401' 
07-28 22:35:39.267  8471  9934 I metis_v2_KnowledgeManager: panta-sugg-Fire takes 44 milliseconds. [7f0000011753756497691491607377|p_7377_be2d95f@1|p_8471_20e9fa8@0|com.oplus.metis]
07-28 22:35:39.267  8471  9934 I ContextAware_PantanalIntentManager: intent (id-14111004+policyName-CLEAN_STORAGE) is not found in scene_intent_config [7f0000011753756497691491607377|p_7377_be2d95f@1|p_8471_20e9fa8@0|com.oplus.metis]
07-28 22:35:39.267  8471  9934 I metis_v2_SceneTravelingAdapter: recallTravellingIntent: [] [7f0000011753756497691491607377|p_7377_be2d95f@1|p_8471_20e9fa8@0|com.oplus.metis]
07-28 22:35:39.267  8471  9934 I ContextAware_ContextAware_SceneIntentManager: mLastIntentDataSet: [] [7f0000011753756497691491607377|p_7377_be2d95f@1|p_8471_20e9fa8@0|com.oplus.metis]
07-28 22:35:39.268  8471  9934 I ContextAware_ContextAware_SceneIntentManager: intentList: [IntentDataDTO(intent=IntentDTO=[sceneId=220500200, intentId=14111005, isExited=false, source=0, ownerId=com.oplus.metis, action=14111005, policyName=SUBSTITUTE_SCENE, serviceId=, sendExitedIntent=true, repeatable=false, sceneScore=-1.0, position=right, level=2, type=1, serviceInstanceId=null, isSupportMultiInstance=false, settingsPreference=null], items=[]), IntentDataDTO(intent=IntentDTO=[sceneId=240100400, intentId=18111009, isExited=false, source=0, ownerId=com.oplus.metis, action=18111009, policyName=SUBSTITUTE_NIGHT_SCENE, serviceId=, sendExitedIntent=false, repeatable=false, sceneScore=-1.0, position=both, level=2, type=1, serviceInstanceId=null, isSupportMultiInstance=false, settingsPreference=null], items=[]), IntentDataDTO(intent=IntentDTO=[sceneId=210000000, intentId=12121002, isExited=true, source=0, ownerId=com.oplus.metis, action=12121002, policyName=TAKEOUT_ORDER_STATUS_CHANGE, serviceId=, sendExitedIntent=false, repeatable=false, sceneScore=-1.0, position=left, level=1, type=1, serviceInstanceId=null, isSupportMultiInstance=false, settingsPreference=null], items=[]), IntentDataDTO(intent=IntentDTO=[sceneId=null, intentId=14111004, isExited=true, source=0, ownerId=com.oplus.metis, action=14111004, policyName=CLEAN_STORAGE, serviceId=, sendExitedIntent=false, repeatable=false, sceneScore=-1.0, position=null, level=0, type=1, serviceInstanceId=null, isSupportMultiInstance=false, settingsPreference=null], items=[]), IntentDataDTO(intent=IntentDTO=[sceneId=null, intentId=12121002, isExited=true, source=0, ownerId=com.oplus.metis, action=12121002, policyName=TAKEOUT_ORDER_STATUS_CHANGE, serviceId=, sendExitedIntent=false, repeatable=false, sceneScore=-1.0, position=null, level=0, type=1, serviceInstanceId=null, isSupportMultiInstance=false, settingsPreference=null], items=[])] [7f0000011753756497691491607377|p_7377_be2d95f@1|p_8471_20e9fa8@0|com.oplus.metis]
07-28 22:35:39.268  8471  9934 I ContextAware_ContextAware_SceneIntentManager: missedIntent: [] [7f0000011753756497691491607377|p_7377_be2d95f@1|p_8471_20e9fa8@0|com.oplus.metis]
07-28 22:35:39.268  8471  9934 I metis_v2_SceneIntentManager: panta-sugg-Published intents: [7f0000011753756497691491607377|p_7377_be2d95f@1|p_8471_20e9fa8@0|com.oplus.metis]
07-28 22:35:39.268  8471  9934 I metis_v2_SceneIntentManager: panta-sugg-IntentDataDTO(intent=IntentDTO=[sceneId=220500200, intentId=14111005, isExited=false, source=0, ownerId=com.oplus.metis, action=14111005, policyName=SUBSTITUTE_SCENE, serviceId=, sendExitedIntent=true, repeatable=false, sceneScore=-1.0, position=right, level=2, type=1, serviceInstanceId=null, isSupportMultiInstance=false, settingsPreference=null], items=[]) [7f0000011753756497691491607377|p_7377_be2d95f@1|p_8471_20e9fa8@0|com.oplus.metis]
07-28 22:35:39.268  8471  9934 I metis_v2_SceneIntentManager: panta-sugg-IntentDataDTO(intent=IntentDTO=[sceneId=240100400, intentId=18111009, isExited=false, source=0, ownerId=com.oplus.metis, action=18111009, policyName=SUBSTITUTE_NIGHT_SCENE, serviceId=, sendExitedIntent=false, repeatable=false, sceneScore=-1.0, position=both, level=2, type=1, serviceInstanceId=null, isSupportMultiInstance=false, settingsPreference=null], items=[]) [7f0000011753756497691491607377|p_7377_be2d95f@1|p_8471_20e9fa8@0|com.oplus.metis]
07-28 22:35:39.268  8471  9934 I metis_v2_SceneIntentManager: panta-sugg-IntentDataDTO(intent=IntentDTO=[sceneId=210000000, intentId=12121002, isExited=true, source=0, ownerId=com.oplus.metis, action=12121002, policyName=TAKEOUT_ORDER_STATUS_CHANGE, serviceId=, sendExitedIntent=false, repeatable=false, sceneScore=-1.0, position=left, level=1, type=1, serviceInstanceId=null, isSupportMultiInstance=false, settingsPreference=null], items=[]) [7f0000011753756497691491607377|p_7377_be2d95f@1|p_8471_20e9fa8@0|com.oplus.metis]
07-28 22:35:39.268  8471  9934 I metis_v2_SceneIntentManager: panta-sugg-IntentDataDTO(intent=IntentDTO=[sceneId=null, intentId=14111004, isExited=true, source=0, ownerId=com.oplus.metis, action=14111004, policyName=CLEAN_STORAGE, serviceId=, sendExitedIntent=false, repeatable=false, sceneScore=-1.0, position=null, level=0, type=1, serviceInstanceId=null, isSupportMultiInstance=false, settingsPreference=null], items=[]) [7f0000011753756497691491607377|p_7377_be2d95f@1|p_8471_20e9fa8@0|com.oplus.metis]
07-28 22:35:39.268  8471  9934 I metis_v2_SceneIntentManager: panta-sugg-IntentDataDTO(intent=IntentDTO=[sceneId=null, intentId=12121002, isExited=true, source=0, ownerId=com.oplus.metis, action=12121002, policyName=TAKEOUT_ORDER_STATUS_CHANGE, serviceId=, sendExitedIntent=false, repeatable=false, sceneScore=-1.0, position=null, level=0, type=1, serviceInstanceId=null, isSupportMultiInstance=false, settingsPreference=null], items=[]) [7f0000011753756497691491607377|p_7377_be2d95f@1|p_8471_20e9fa8@0|com.oplus.metis]
07-28 22:35:39.269  8471  9934 I ContextAware_MetisStatistics: uploadMetisIntentData enter {intent_source=0, intent_action=14111005, exit_type=, rule_name=UBIQUITOUS_SERVICE#secne#activity_coloros_reminder_tips, service_id=, scene_id=220500200, policy_name=SUBSTITUTE_SCENE, is_exited=false, intent_id=14111005, timestamp=1753756539269} [7f0000011753756497691491607377|p_7377_be2d95f@1|p_8471_20e9fa8@0|com.oplus.metis]
07-28 22:35:39.269  8471  9934 I ContextAware_MetisStatistics: uploadMetisIntentData enter {intent_source=0, intent_action=18111009, exit_type=, rule_name=UBIQUITOUS_SERVICE#scene#NightScene_step_number, service_id=, scene_id=240100400, policy_name=SUBSTITUTE_NIGHT_SCENE, is_exited=false, intent_id=18111009, timestamp=1753756539269} [7f0000011753756497691491607377|p_7377_be2d95f@1|p_8471_20e9fa8@0|com.oplus.metis]
07-28 22:35:39.269  8471  9934 I ContextAware_PantanalIntentManager: getCloudIntentConfig [7f0000011753756497691491607377|p_7377_be2d95f@1|p_8471_20e9fa8@0|com.oplus.metis]
07-28 22:35:39.274  8471  9934 I ContextAware_PantanalIntentManager: getDownLoadConfig [7f0000011753756497691491607377|p_7377_be2d95f@1|p_8471_20e9fa8@0|com.oplus.metis]
07-28 22:35:39.276  8471  9992 I DeepThinkerSDK: [APP] ClientConnection: getDeepThinkerBridge start
07-28 22:35:39.276  8471  9992 I DeepThinkerSDK: [APP] ClientConnection: getDeepThinkerBridge end
07-28 22:35:39.289  8471  9934 I ContextAware_PantanalIntentManager: selectNewestConfig, assetVersion 202505301103, downloadVersion 202507161101 [7f0000011753756497691491607377|p_7377_be2d95f@1|p_8471_20e9fa8@0|com.oplus.metis]
07-28 22:35:39.296  8471  9934 I ContextAware_PantanalIntentManager: getCloudIntentConfig, cache cloud intent config [7f0000011753756497691491607377|p_7377_be2d95f@1|p_8471_20e9fa8@0|com.oplus.metis]
07-28 22:35:39.296  8471  9934 I ContextAware_PantanalIntentLruCache: create, key=14111004-CLEAN_STORAGE, create time=27 LruCache[maxSize=120,hits=125,misses=7,hitRate=94%] cacheSize=17 [7f0000011753756497691491607377|p_7377_be2d95f@1|p_8471_20e9fa8@0|com.oplus.metis]
07-28 22:35:39.296  8471 10570 E ContextAware_SortAlgorithmManager.ReorderProcessor.GuaranteedIntentManager: removeExternalIntent mExternalGuaranteedList invalid
07-28 22:35:39.297  8471 10902 E ContextAware_SortAlgorithmManager.ReorderProcessor.GuaranteedIntentManager: removeExternalIntent mExternalGuaranteedList invalid
07-28 22:35:39.297  8471  9934 I ContextAware_DecisionIntentProvider: uriPath:/negative_screen [7f0000011753756497691491607377|p_7377_be2d95f@1|p_8471_20e9fa8@0|com.oplus.metis]
07-28 22:35:39.297  8471  9934 I ContextAware_DecisionIntentProvider: mAssistantScreenList:[] [7f0000011753756497691491607377|p_7377_be2d95f@1|p_8471_20e9fa8@0|com.oplus.metis]
07-28 22:35:39.297  8471 10677 E ContextAware_SortAlgorithmManager.ReorderProcessor.GuaranteedIntentManager: removeExternalIntent mExternalGuaranteedList invalid
07-28 22:35:39.297  8471  9934 I DataCollector_SortAlgorithmManager.SortCommonUtil: mIntentList is empty. [7f0000011753756497691491607377|p_7377_be2d95f@1|p_8471_20e9fa8@0|com.oplus.metis]
