07-28 21:16:41.576  8303 10093 I metis_v2_KnowledgeManager:   |----metis/core-ontology#hasInstalledApp: metis/core-ontology#Application[_pkgName=com.oplus.pantanal.ums_pid=0]@/n@|    |    |    |----metis/core-ontology#pkgName: com.oplus.pantanal.ums^^http://www.w3.org/2001/XMLSchema#string@/n@|    |    |    |----metis/core-ontology#pid: 0^^http://www.w3.org/2001/XMLSchema#int@/n@|    |    |    |----metis/core-ontology#appVersion: 15000186^^http://www.w3.org/2001/XMLSchema#long@/n@|    |    |----metis/core-ontology#hasInstalledApp: metis/core-ontology#Application[_pkgName=com.oplus.aiunit_pid=0]@/n@|    |    |    |----metis/core-ontology#pkgName: com.oplus.aiunit^^http://www.w3.org/2001/XMLSchema#string@/n@|    |    |    |----metis/core-ontology#pid: 0^^http://www.w3.org/2001/XMLSchema#int@/n@|    |    |    |----metis/core-ontology#appVersion: 1504023^^http://www.w3.org/2001/XMLSchema#long@/n@|    |    |----metis/core-ontology#hasInstalledApp: metis/core-ontology#Application[_pkgName=com.heytap.browser_pid=0]@/n@|    |    |    |----metis/core-ontology#pkgName: com.heytap.browser^^http://www.w3.org/2001/XMLSchema#string@/n@|    |    |    |----metis/core-ontology#pid: 0^^http://www.w3.org/2001/XMLSchema#int@/n@|    |    |    |----metis/core-ontology#appVersion: 9140002^^http://www.w3.org/2001/XMLSchema#long@/n@|    |----metis/core-ontology#SoftwareConfidential: false^^http://www.w3.org/2001/XMLSchema#boolean@/n@|    |----metis/core-ontology#deviceMarketName: OnePlus^^http://www.w3.org/2001/XMLSchema#string@/n@|    |----metis/core-ontology#exitTrainFlag: 0^^http://www.w3.org/2001/XMLSchema#integer@/n@|    |----metis/core-ontology#ColorOSVersion: V15.0.2^^http://www.w3.org/2001/XMLSchema#string@/n@|    |----metis/core-ontology#deviceModelName: PJZ110^^http://www.w3.org/2001/XMLSchema#string@/n@|    |----metis/core-ontology#firstAPILevel: 35^^http://www.w3.org/2001/XMLSchema#int@/n@|    |----metis/core-ontology#ColorOSApi: 36^^http://www.w3.org/2001/XMLSchema#int@/n@|    |----metis/core-ontology#ColorOSDisplayVersion: 15.0^^http://www.w3.org/2001/XMLSchema#string@/n@|    |----metis/core-ontology#randomNumber: 805^^http://www.w3.org/2001/XMLSchema#int@/n@|    |----metis/core-ontology#metisVersion: 15007234^^http://www.w3.org/2001/XMLSchema#int@/n@|    |----metis/core-ontology#exitFlightFlag: 0^^http://www.w3.org/2001/XMLSchema#integer@/n@|    |----metis/core-ontology#lastAPILevel: 35^^http://www.w3.org/2001/XMLSchema#int@/n@metis/core-ontology#TakeoutServicesIndividual@/n@|    |----metis/core-ontology#orderEndTimestamp: -1^^http://www.w3.org/2001/XMLSchema#long@/n@metis/core-ontology#240100500@/n@|    |----metis/core-ontology#sceneStatus: ACTIVE^^http://www.w3.org/2001/XMLSchema#string@/n@|    |----metis/core-ontology#instanceId: ^^http://www.w3.org/2001/XMLSchema#string@/n@|    |----metis/core-ontology#sceneCreateTime: 1753393468237^^http://www.w3.org/2001/XMLSchema#long@/n@|    |----metis/core-ontology#sceneBaseId: 240100500^^http://www.w3.org/2001/XMLSchema#long@/n@|    |----metis/core-ontology#sceneId: 240100500^^http://www.w3.org/2001/XMLSchema#long@/n@ [7f0000011753751760733418707279|p_7279_a4f2eb@1|p_8303_a12f60f@11|com.oplus.metis]
07-28 21:16:41.576  5220  6313 D VendorTelephonyService: onTelephonyEventReport slotId =0 eventId=2009
07-28 21:16:41.576  5220  6313 D VendorTelephonyService: onTelephonyEventReport slotId =0 eventId=2009
07-28 21:16:41.576  5220  5220 D VendorCallService: notityEventUpdate, eventId:2009, slotId = 0
07-28 21:16:41.576  5220  6313 D VendorTelephonyService: onTelephonyEventReport slotId =1 eventId=2009
07-28 21:16:41.576  5220  6313 D VendorTelephonyService: onTelephonyEventReport slotId =1 eventId=2009
07-28 21:16:41.576  5220  5220 D VendorCallService: notityEventUpdate, eventId:2009, slotId = 1
07-28 21:16:41.577  8303 11110 I ContextAware_SortAlgorithmManager.DtSort: onDecisionAfterRerank, inner algorithm is: internal_dt_sort
07-28 21:16:41.577  8303 10846 I DeepThinkerSDK: [APP] ClientConnection: getDeepThinkerBridge start
07-28 21:16:41.577  8303 10846 I DeepThinkerSDK: [APP] ClientConnection: getDeepThinkerBridge end
07-28 21:16:41.577  8303 11113 I ContextAware_SortAlgorithmManager.DtIntentDataManager: getDtIntentList: dtIntents = []
07-28 21:16:41.577  8303 10093 E metis_v2_JenaHandlerManager: local thread match [7f0000011753751760733418707279|p_7279_a4f2eb@1|p_8303_a12f60f@11|com.oplus.metis]
07-28 21:16:41.577  8303 10093 E metis_v2_JenaHandlerManager: local thread match [7f0000011753751760733418707279|p_7279_a4f2eb@1|p_8303_a12f60f@11|com.oplus.metis]
07-28 21:16:41.577  8303 10093 E metis_v2_JenaHandlerManager: local thread match [7f0000011753751760733418707279|p_7279_a4f2eb@1|p_8303_a12f60f@11|com.oplus.metis]
07-28 21:16:41.577  8303 10093 E metis_v2_JenaHandlerManager: local thread match [7f0000011753751760733418707279|p_7279_a4f2eb@1|p_8303_a12f60f@11|com.oplus.metis]
07-28 21:16:41.577  8303 10093 E metis_v2_JenaHandlerManager: local thread match [7f0000011753751760733418707279|p_7279_a4f2eb@1|p_8303_a12f60f@11|com.oplus.metis]
07-28 21:16:41.577  8303 10093 E metis_v2_JenaHandlerManager: local thread match [7f0000011753751760733418707279|p_7279_a4f2eb@1|p_8303_a12f60f@11|com.oplus.metis]
07-28 21:16:41.577  8303 10093 E metis_v2_JenaHandlerManager: local thread match [7f0000011753751760733418707279|p_7279_a4f2eb@1|p_8303_a12f60f@11|com.oplus.metis]
07-28 21:16:41.577  8303 10093 E metis_v2_JenaHandlerManager: local thread match [7f0000011753751760733418707279|p_7279_a4f2eb@1|p_8303_a12f60f@11|com.oplus.metis]
07-28 21:16:41.577  8303 10093 E metis_v2_JenaHandlerManager: local thread match [7f0000011753751760733418707279|p_7279_a4f2eb@1|p_8303_a12f60f@11|com.oplus.metis]
07-28 21:16:41.577  8303 10093 E metis_v2_JenaHandlerManager: local thread match [7f0000011753751760733418707279|p_7279_a4f2eb@1|p_8303_a12f60f@11|com.oplus.metis]
07-28 21:16:41.577  8303 10093 E metis_v2_JenaHandlerManager: local thread match [7f0000011753751760733418707279|p_7279_a4f2eb@1|p_8303_a12f60f@11|com.oplus.metis]
07-28 21:16:41.578  8303 10093 E metis_v2_JenaHandlerManager: local thread match [7f0000011753751760733418707279|p_7279_a4f2eb@1|p_8303_a12f60f@11|com.oplus.metis]
07-28 21:16:41.577  5046  8577 D SaDataService: onTelephonyEventReport , subId= 0,slotId=-1 eventId=2009
07-28 21:16:41.578  8303 10093 E metis_v2_JenaHandlerManager: local thread match [7f0000011753751760733418707279|p_7279_a4f2eb@1|p_8303_a12f60f@11|com.oplus.metis]
07-28 21:16:41.578  8303 10093 E metis_v2_JenaHandlerManager: local thread match [7f0000011753751760733418707279|p_7279_a4f2eb@1|p_8303_a12f60f@11|com.oplus.metis]
07-28 21:16:41.578  8303 10093 E metis_v2_JenaHandlerManager: local thread match [7f0000011753751760733418707279|p_7279_a4f2eb@1|p_8303_a12f60f@11|com.oplus.metis]
07-28 21:16:41.578  8303 10093 E metis_v2_JenaHandlerManager: local thread match [7f0000011753751760733418707279|p_7279_a4f2eb@1|p_8303_a12f60f@11|com.oplus.metis]
07-28 21:16:41.578  8303 10093 E metis_v2_JenaHandlerManager: local thread match [7f0000011753751760733418707279|p_7279_a4f2eb@1|p_8303_a12f60f@11|com.oplus.metis]
07-28 21:16:41.578  5046  8577 D TelephonyImpl: notify eventId:2009 for list size:2
07-28 21:16:41.578  8303 10093 E metis_v2_JenaHandlerManager: local thread match [7f0000011753751760733418707279|p_7279_a4f2eb@1|p_8303_a12f60f@11|com.oplus.metis]
07-28 21:16:41.578  8303 10093 E metis_v2_JenaHandlerManager: local thread match [7f0000011753751760733418707279|p_7279_a4f2eb@1|p_8303_a12f60f@11|com.oplus.metis]
07-28 21:16:41.578  8303 10093 E metis_v2_JenaHandlerManager: local thread match [7f0000011753751760733418707279|p_7279_a4f2eb@1|p_8303_a12f60f@11|com.oplus.metis]
07-28 21:16:41.578  8303 10093 E metis_v2_JenaHandlerManager: local thread match [7f0000011753751760733418707279|p_7279_a4f2eb@1|p_8303_a12f60f@11|com.oplus.metis]
07-28 21:16:41.578  8303 10093 E metis_v2_JenaHandlerManager: local thread match [7f0000011753751760733418707279|p_7279_a4f2eb@1|p_8303_a12f60f@11|com.oplus.metis]
07-28 21:16:41.578  8303 10093 E metis_v2_JenaHandlerManager: local thread match [7f0000011753751760733418707279|p_7279_a4f2eb@1|p_8303_a12f60f@11|com.oplus.metis]
07-28 21:16:41.578  8303 10093 E metis_v2_JenaHandlerManager: local thread match [7f0000011753751760733418707279|p_7279_a4f2eb@1|p_8303_a12f60f@11|com.oplus.metis]
07-28 21:16:41.578  8303 10093 E metis_v2_JenaHandlerManager: local thread match [7f0000011753751760733418707279|p_7279_a4f2eb@1|p_8303_a12f60f@11|com.oplus.metis]
07-28 21:16:41.578  8303 10093 E metis_v2_JenaHandlerManager: local thread match [7f0000011753751760733418707279|p_7279_a4f2eb@1|p_8303_a12f60f@11|com.oplus.metis]
07-28 21:16:41.578  5046  8577 D SaDataService: onTelephonyEventReport , subId= 1,slotId=0 eventId=2009
07-28 21:16:41.578  8303 10093 E metis_v2_JenaHandlerManager: local thread match [7f0000011753751760733418707279|p_7279_a4f2eb@1|p_8303_a12f60f@11|com.oplus.metis]
07-28 21:16:41.578  8303 10093 E metis_v2_JenaHandlerManager: local thread match [7f0000011753751760733418707279|p_7279_a4f2eb@1|p_8303_a12f60f@11|com.oplus.metis]
07-28 21:16:41.578  8303 10093 E metis_v2_JenaHandlerManager: local thread match [7f0000011753751760733418707279|p_7279_a4f2eb@1|p_8303_a12f60f@11|com.oplus.metis]
07-28 21:16:41.578  5046  8577 D TelephonyImpl: notify eventId:2009 for list size:2
07-28 21:16:41.578  8303 10093 E metis_v2_JenaHandlerManager: local thread match [7f0000011753751760733418707279|p_7279_a4f2eb@1|p_8303_a12f60f@11|com.oplus.metis]
07-28 21:16:41.578  8303 10093 E metis_v2_JenaHandlerManager: local thread match [7f0000011753751760733418707279|p_7279_a4f2eb@1|p_8303_a12f60f@11|com.oplus.metis]
07-28 21:16:41.578  8303 10093 E metis_v2_JenaHandlerManager: local thread match [7f0000011753751760733418707279|p_7279_a4f2eb@1|p_8303_a12f60f@11|com.oplus.metis]
07-28 21:16:41.578  8303 10093 E metis_v2_JenaHandlerManager: local thread match [7f0000011753751760733418707279|p_7279_a4f2eb@1|p_8303_a12f60f@11|com.oplus.metis]
07-28 21:16:41.578  8303 10589 I ContextAware_DailyStatisticsRecorder: Increase context change count: total_fire_count, value: 1
07-28 21:16:41.578  8303 10093 E metis_v2_JenaHandlerManager: local thread match [7f0000011753751760733418707279|p_7279_a4f2eb@1|p_8303_a12f60f@11|com.oplus.metis]
07-28 21:16:41.578  8303 10093 E metis_v2_JenaHandlerManager: local thread match [7f0000011753751760733418707279|p_7279_a4f2eb@1|p_8303_a12f60f@11|com.oplus.metis]
07-28 21:16:41.578  8303 10093 E metis_v2_JenaHandlerManager: local thread match [7f0000011753751760733418707279|p_7279_a4f2eb@1|p_8303_a12f60f@11|com.oplus.metis]
07-28 21:16:41.578  8303 10093 E metis_v2_JenaHandlerManager: local thread match [7f0000011753751760733418707279|p_7279_a4f2eb@1|p_8303_a12f60f@11|com.oplus.metis]
07-28 21:16:41.578  8303 10093 E metis_v2_JenaHandlerManager: local thread match [7f0000011753751760733418707279|p_7279_a4f2eb@1|p_8303_a12f60f@11|com.oplus.metis]
07-28 21:16:41.578  8303 10093 E metis_v2_JenaHandlerManager: local thread match [7f0000011753751760733418707279|p_7279_a4f2eb@1|p_8303_a12f60f@11|com.oplus.metis]
07-28 21:16:41.578  8303 10093 E metis_v2_JenaHandlerManager: local thread match [7f0000011753751760733418707279|p_7279_a4f2eb@1|p_8303_a12f60f@11|com.oplus.metis]
07-28 21:16:41.578  8303 10589 I ContextAware_DailyStatisticsRecorder: Increase context change count: total_fire_time_ms, value: 40
07-28 21:16:41.578  8303 10093 E metis_v2_JenaHandlerManager: local thread match [7f0000011753751760733418707279|p_7279_a4f2eb@1|p_8303_a12f60f@11|com.oplus.metis]
07-28 21:16:41.578  8303 10093 E metis_v2_JenaHandlerManager: local thread match [7f0000011753751760733418707279|p_7279_a4f2eb@1|p_8303_a12f60f@11|com.oplus.metis]
07-28 21:16:41.578  8303 10093 E metis_v2_JenaHandlerManager: local thread match [7f0000011753751760733418707279|p_7279_a4f2eb@1|p_8303_a12f60f@11|com.oplus.metis]
07-28 21:16:41.578  8303 10093 E metis_v2_JenaHandlerManager: local thread match [7f0000011753751760733418707279|p_7279_a4f2eb@1|p_8303_a12f60f@11|com.oplus.metis]
07-28 21:16:41.578  8303 10093 E metis_v2_JenaHandlerManager: local thread match [7f0000011753751760733418707279|p_7279_a4f2eb@1|p_8303_a12f60f@11|com.oplus.metis]
07-28 21:16:41.578  8303 10093 E metis_v2_JenaHandlerManager: local thread match [7f0000011753751760733418707279|p_7279_a4f2eb@1|p_8303_a12f60f@11|com.oplus.metis]
07-28 21:16:41.578  8303 10093 E metis_v2_JenaHandlerManager: local thread match [7f0000011753751760733418707279|p_7279_a4f2eb@1|p_8303_a12f60f@11|com.oplus.metis]
07-28 21:16:41.578  8303 10093 E metis_v2_JenaHandlerManager: local thread match [7f0000011753751760733418707279|p_7279_a4f2eb@1|p_8303_a12f60f@11|com.oplus.metis]
07-28 21:16:41.578  8303 10093 E metis_v2_JenaHandlerManager: local thread match [7f0000011753751760733418707279|p_7279_a4f2eb@1|p_8303_a12f60f@11|com.oplus.metis]
07-28 21:16:41.578  8303 10093 E metis_v2_JenaHandlerManager: local thread match [7f0000011753751760733418707279|p_7279_a4f2eb@1|p_8303_a12f60f@11|com.oplus.metis]
07-28 21:16:41.578  8303 10093 E metis_v2_JenaHandlerManager: local thread match [7f0000011753751760733418707279|p_7279_a4f2eb@1|p_8303_a12f60f@11|com.oplus.metis]
07-28 21:16:41.578  8303 10093 E metis_v2_JenaHandlerManager: local thread match [7f0000011753751760733418707279|p_7279_a4f2eb@1|p_8303_a12f60f@11|com.oplus.metis]
07-28 21:16:41.578  8303 10093 E metis_v2_JenaHandlerManager: local thread match [7f0000011753751760733418707279|p_7279_a4f2eb@1|p_8303_a12f60f@11|com.oplus.metis]
07-28 21:16:41.578  8303 10093 E metis_v2_JenaHandlerManager: local thread match [7f0000011753751760733418707279|p_7279_a4f2eb@1|p_8303_a12f60f@11|com.oplus.metis]
07-28 21:16:41.578  8303 10093 E metis_v2_JenaHandlerManager: local thread match [7f0000011753751760733418707279|p_7279_a4f2eb@1|p_8303_a12f60f@11|com.oplus.metis]
07-28 21:16:41.578  8303 10093 E metis_v2_JenaHandlerManager: local thread match [7f0000011753751760733418707279|p_7279_a4f2eb@1|p_8303_a12f60f@11|com.oplus.metis]
07-28 21:16:41.578  8303 10093 E metis_v2_JenaHandlerManager: local thread match [7f0000011753751760733418707279|p_7279_a4f2eb@1|p_8303_a12f60f@11|com.oplus.metis]
07-28 21:16:41.578  8303 10093 E metis_v2_JenaHandlerManager: local thread match [7f0000011753751760733418707279|p_7279_a4f2eb@1|p_8303_a12f60f@11|com.oplus.metis]
07-28 21:16:41.578  8303 10093 E metis_v2_JenaHandlerManager: local thread match [7f0000011753751760733418707279|p_7279_a4f2eb@1|p_8303_a12f60f@11|com.oplus.metis]
07-28 21:16:41.578  8303 10093 E metis_v2_JenaHandlerManager: local thread match [7f0000011753751760733418707279|p_7279_a4f2eb@1|p_8303_a12f60f@11|com.oplus.metis]
07-28 21:16:41.578  8303 10093 E metis_v2_JenaHandlerManager: local thread match [7f0000011753751760733418707279|p_7279_a4f2eb@1|p_8303_a12f60f@11|com.oplus.metis]
07-28 21:16:41.578  8303 10093 E metis_v2_JenaHandlerManager: local thread match [7f0000011753751760733418707279|p_7279_a4f2eb@1|p_8303_a12f60f@11|com.oplus.metis]
07-28 21:16:41.578  8303 10093 E metis_v2_JenaHandlerManager: local thread match [7f0000011753751760733418707279|p_7279_a4f2eb@1|p_8303_a12f60f@11|com.oplus.metis]
07-28 21:16:41.578  8303 11113 E ContextAware_SortAlgorithmManager.DtInternalSortImpl: targetDtList is invalid
07-28 21:16:41.578  8303 10093 E metis_v2_JenaHandlerManager: local thread match [7f0000011753751760733418707279|p_7279_a4f2eb@1|p_8303_a12f60f@11|com.oplus.metis]
07-28 21:16:41.578  8303 10093 E metis_v2_JenaHandlerManager: local thread match [7f0000011753751760733418707279|p_7279_a4f2eb@1|p_8303_a12f60f@11|com.oplus.metis]
07-28 21:16:41.578  8303 10093 E metis_v2_JenaHandlerManager: local thread match [7f0000011753751760733418707279|p_7279_a4f2eb@1|p_8303_a12f60f@11|com.oplus.metis]
07-28 21:16:41.578  8303 10093 E metis_v2_JenaHandlerManager: local thread match [7f0000011753751760733418707279|p_7279_a4f2eb@1|p_8303_a12f60f@11|com.oplus.metis]
07-28 21:16:41.578  8303 10093 E metis_v2_JenaHandlerManager: local thread match [7f0000011753751760733418707279|p_7279_a4f2eb@1|p_8303_a12f60f@11|com.oplus.metis]
07-28 21:16:41.578  8303 10093 E metis_v2_JenaHandlerManager: local thread match [7f0000011753751760733418707279|p_7279_a4f2eb@1|p_8303_a12f60f@11|com.oplus.metis]
07-28 21:16:41.578  8303 10093 E metis_v2_JenaHandlerManager: local thread match [7f0000011753751760733418707279|p_7279_a4f2eb@1|p_8303_a12f60f@11|com.oplus.metis]
07-28 21:16:41.578  8303 10071 I ContextAware_SortAlgorithmManager.SceneIntentReorderProcessor: ruleReordering onDecisionAfterRerank, mIntentList:size: 5 13151001 14111005 14111004 18111007 18111008
07-28 21:16:41.578  8303 10093 E metis_v2_JenaHandlerManager: local thread match [7f0000011753751760733418707279|p_7279_a4f2eb@1|p_8303_a12f60f@11|com.oplus.metis]
07-28 21:16:41.578  8303 10093 E metis_v2_JenaHandlerManager: local thread match [7f0000011753751760733418707279|p_7279_a4f2eb@1|p_8303_a12f60f@11|com.oplus.metis]
07-28 21:16:41.578  8303 10093 E metis_v2_JenaHandlerManager: local thread match [7f0000011753751760733418707279|p_7279_a4f2eb@1|p_8303_a12f60f@11|com.oplus.metis]
07-28 21:16:41.578  8303 10093 E metis_v2_JenaHandlerManager: local thread match [7f0000011753751760733418707279|p_7279_a4f2eb@1|p_8303_a12f60f@11|com.oplus.metis]
07-28 21:16:41.578  8303 10093 E metis_v2_JenaHandlerManager: local thread match [7f0000011753751760733418707279|p_7279_a4f2eb@1|p_8303_a12f60f@11|com.oplus.metis]
07-28 21:16:41.578  8303 10093 E metis_v2_JenaHandlerManager: local thread match [7f0000011753751760733418707279|p_7279_a4f2eb@1|p_8303_a12f60f@11|com.oplus.metis]
07-28 21:16:41.578  8303 10093 E metis_v2_JenaHandlerManager: local thread match [7f0000011753751760733418707279|p_7279_a4f2eb@1|p_8303_a12f60f@11|com.oplus.metis]
07-28 21:16:41.578  8303 10071 W ContextAware_IntentSwitchManager: subSwitchMap don't contain application_suggestions, set the switch to true as default
07-28 21:16:41.578  8303 10093 E metis_v2_JenaHandlerManager: local thread match [7f0000011753751760733418707279|p_7279_a4f2eb@1|p_8303_a12f60f@11|com.oplus.metis]
07-28 21:16:41.578  8303 10071 I ContextAware_IntentSwitchManager: getSubSwitchStatus = {application_suggestions=true}
07-28 21:16:41.578  8303 10093 E metis_v2_JenaHandlerManager: local thread match [7f0000011753751760733418707279|p_7279_a4f2eb@1|p_8303_a12f60f@11|com.oplus.metis]
07-28 21:16:41.578  8303 10093 E metis_v2_JenaHandlerManager: local thread match [7f0000011753751760733418707279|p_7279_a4f2eb@1|p_8303_a12f60f@11|com.oplus.metis]
07-28 21:16:41.578  8303 10071 I ContextAware_SortAlgorithmManager.ReorderProcessor.RuleReRanker: sceneIntentRerank sceneFinalScoreMap:{scene rerank, use defaultScore, finalScore:13151001DYNAMIC_SUBSTITUTE=3.12}
07-28 21:16:41.578  8303 10093 E metis_v2_JenaHandlerManager: local thread match [7f0000011753751760733418707279|p_7279_a4f2eb@1|p_8303_a12f60f@11|com.oplus.metis]
07-28 21:16:41.578  8303 10093 E metis_v2_JenaHandlerManager: local thread match [7f0000011753751760733418707279|p_7279_a4f2eb@1|p_8303_a12f60f@11|com.oplus.metis]
07-28 21:16:41.578  8303 10093 E metis_v2_JenaHandlerManager: local thread match [7f0000011753751760733418707279|p_7279_a4f2eb@1|p_8303_a12f60f@11|com.oplus.metis]
07-28 21:16:41.578  8303 10093 E metis_v2_JenaHandlerManager: local thread match [7f0000011753751760733418707279|p_7279_a4f2eb@1|p_8303_a12f60f@11|com.oplus.metis]
07-28 21:16:41.578  8303 10093 E metis_v2_JenaHandlerManager: local thread match [7f0000011753751760733418707279|p_7279_a4f2eb@1|p_8303_a12f60f@11|com.oplus.metis]
07-28 21:16:41.578  8303 10071 I metis_v2_BreenoSwitchSettingObserver: panta-sugg-getMasterSwitchStatus from cache:true
07-28 21:16:41.578  8303 10093 E metis_v2_JenaHandlerManager: local thread match [7f0000011753751760733418707279|p_7279_a4f2eb@1|p_8303_a12f60f@11|com.oplus.metis]
07-28 21:16:41.578  8303 10093 E metis_v2_JenaHandlerManager: local thread match [7f0000011753751760733418707279|p_7279_a4f2eb@1|p_8303_a12f60f@11|com.oplus.metis]
07-28 21:16:41.578  8303 10093 E metis_v2_JenaHandlerManager: local thread match [7f0000011753751760733418707279|p_7279_a4f2eb@1|p_8303_a12f60f@11|com.oplus.metis]
07-28 21:16:41.578  8303 10071 I ContextAware_IntentSwitchManager: getSubSwitchStatus = {tips=true}
07-28 21:16:41.578  8303 10071 I ContextAware_IntentSwitchManager: isExistInSceneInfoActionList pantanalIntentAction = pantanal.intent.system.VIEW_TIPS
07-28 21:16:41.578  8303 10093 E metis_v2_JenaHandlerManager: local thread match [7f0000011753751760733418707279|p_7279_a4f2eb@1|p_8303_a12f60f@11|com.oplus.metis]
07-28 21:16:41.578  8303 10071 I metis_v2_BreenoSwitchSettingObserver: panta-sugg-getMasterSwitchStatus from cache:true
07-28 21:16:41.578  8303 10093 E metis_v2_JenaHandlerManager: local thread match [7f0000011753751760733418707279|p_7279_a4f2eb@1|p_8303_a12f60f@11|com.oplus.metis]
07-28 21:16:41.578  8303 10071 I ContextAware_SortAlgorithmManager.ReorderProcessor.RuleReRanker: sceneIntentRerank sceneFinalScoreMap:{scene rerank, use defaultScore, finalScore:14111005SUBSTITUTE_SCENE=2.0}
07-28 21:16:41.578  8303 10093 E metis_v2_JenaHandlerManager: local thread match [7f0000011753751760733418707279|p_7279_a4f2eb@1|p_8303_a12f60f@11|com.oplus.metis]
07-28 21:16:41.578  8303 10093 E metis_v2_JenaHandlerManager: local thread match [7f0000011753751760733418707279|p_7279_a4f2eb@1|p_8303_a12f60f@11|com.oplus.metis]
07-28 21:16:41.578  8303 10071 W ContextAware_IntentSwitchManager: getSubSwitchStatus the parameter is invalid.
07-28 21:16:41.578  8303 10071 I ContextAware_SortAlgorithmManager.ReorderProcessor.RuleReRanker: sceneIntentRerank sceneFinalScoreMap:{}
07-28 21:16:41.578  8303 10093 E metis_v2_JenaHandlerManager: local thread match [7f0000011753751760733418707279|p_7279_a4f2eb@1|p_8303_a12f60f@11|com.oplus.metis]
07-28 21:16:41.578  8303 10093 E metis_v2_JenaHandlerManager: local thread match [7f0000011753751760733418707279|p_7279_a4f2eb@1|p_8303_a12f60f@11|com.oplus.metis]
07-28 21:16:41.578  8303 10093 E metis_v2_JenaHandlerManager: local thread match [7f0000011753751760733418707279|p_7279_a4f2eb@1|p_8303_a12f60f@11|com.oplus.metis]
07-28 21:16:41.578  8303 10093 E metis_v2_JenaHandlerManager: local thread match [7f0000011753751760733418707279|p_7279_a4f2eb@1|p_8303_a12f60f@11|com.oplus.metis]
07-28 21:16:41.578  8303 10093 E metis_v2_JenaHandlerManager: local thread match [7f0000011753751760733418707279|p_7279_a4f2eb@1|p_8303_a12f60f@11|com.oplus.metis]
07-28 21:16:41.578  8303 10093 E metis_v2_JenaHandlerManager: local thread match [7f0000011753751760733418707279|p_7279_a4f2eb@1|p_8303_a12f60f@11|com.oplus.metis]
07-28 21:16:41.578  8303 10093 E metis_v2_JenaHandlerManager: local thread match [7f0000011753751760733418707279|p_7279_a4f2eb@1|p_8303_a12f60f@11|com.oplus.metis]
07-28 21:16:41.578  8303 10093 E metis_v2_JenaHandlerManager: local thread match [7f0000011753751760733418707279|p_7279_a4f2eb@1|p_8303_a12f60f@11|com.oplus.metis]
07-28 21:16:41.578  8303 10093 E metis_v2_JenaHandlerManager: local thread match [7f0000011753751760733418707279|p_7279_a4f2eb@1|p_8303_a12f60f@11|com.oplus.metis]
07-28 21:16:41.578  8303 10071 I ContextAware_IntentSwitchManager: getSubSwitchStatus = {clear_memory=true}
07-28 21:16:41.578  8303 10093 E metis_v2_JenaHandlerManager: local thread match [7f0000011753751760733418707279|p_7279_a4f2eb@1|p_8303_a12f60f@11|com.oplus.metis]
07-28 21:16:41.578  8303 10071 I ContextAware_IntentSwitchManager: isExistInSceneInfoActionList pantanalIntentAction = pantanal.intent.system.CLEAN_UP_STORAGE
07-28 21:16:41.578  8303 10071 I metis_v2_BreenoSwitchSettingObserver: panta-sugg-getMasterSwitchStatus from cache:true
07-28 21:16:41.578  8303 10071 I ContextAware_IntentSwitchManager: isExistInSceneInfoActionList pantanalIntentAction = pantanal.intent.audio.SUBSTITUTE_RAM_CLEAN_UP
07-28 21:16:41.578  8303 10093 E metis_v2_JenaHandlerManager: local thread match [7f0000011753751760733418707279|p_7279_a4f2eb@1|p_8303_a12f60f@11|com.oplus.metis]
07-28 21:16:41.578  8303 10071 I metis_v2_BreenoSwitchSettingObserver: panta-sugg-getMasterSwitchStatus from cache:true
07-28 21:16:41.578  8303 10093 E metis_v2_JenaHandlerManager: local thread match [7f0000011753751760733418707279|p_7279_a4f2eb@1|p_8303_a12f60f@11|com.oplus.metis]
07-28 21:16:41.578  8303 10071 I ContextAware_IntentSwitchManager: isExistInSceneInfoActionList pantanalIntentAction = pantanal.intent.audio.SUBSTITUTE_RAM_CLEAN_UP_PLUS
07-28 21:16:41.578  8303 10093 E metis_v2_JenaHandlerManager: local thread match [7f0000011753751760733418707279|p_7279_a4f2eb@1|p_8303_a12f60f@11|com.oplus.metis]
07-28 21:16:41.578  8303 10071 I metis_v2_BreenoSwitchSettingObserver: panta-sugg-getMasterSwitchStatus from cache:true
07-28 21:16:41.578  8303 10093 E metis_v2_JenaHandlerManager: local thread match [7f0000011753751760733418707279|p_7279_a4f2eb@1|p_8303_a12f60f@11|com.oplus.metis]
07-28 21:16:41.578  8303 10071 I ContextAware_SortAlgorithmManager.ReorderProcessor.RuleReRanker: sceneIntentRerank sceneFinalScoreMap:{scene rerank, use defaultScore, finalScore:14111004CLEAN_UP_STORAGE_SUBSTITUTE=4.06, scene rerank, use defaultScore, finalScore:18111007CLEAN_UP_SUBSTITUTE=4.05, scene rerank, use defaultScore, finalScore:18111008CLEAN_UP_PLUS_SUBSTITUTE=4.02}
07-28 21:16:41.578  8303 10093 E metis_v2_JenaHandlerManager: local thread match [7f0000011753751760733418707279|p_7279_a4f2eb@1|p_8303_a12f60f@11|com.oplus.metis]
07-28 21:16:41.578  8303 10093 E metis_v2_JenaHandlerManager: local thread match [7f0000011753751760733418707279|p_7279_a4f2eb@1|p_8303_a12f60f@11|com.oplus.metis]
07-28 21:16:41.578  8303 10071 I ContextAware_SortAlgorithmManager.SceneIntentReorderProcessor: IntentReorder: scene[210000000]rank mIntentList: size: 1 13151001
07-28 21:16:41.578  8303 10071 I ContextAware_SortAlgorithmManager.SceneIntentReorderProcessor: scene[220500200]rank mIntentList: size: 1 14111005
07-28 21:16:41.578  8303 10071 I ContextAware_SortAlgorithmManager.SceneIntentReorderProcessor: scene[240100400]rank mIntentList: size: 0
07-28 21:16:41.578  8303 10071 I ContextAware_SortAlgorithmManager.SceneIntentReorderProcessor: scene[240000000]rank mIntentList: size: 3 14111004 18111007 18111008
07-28 21:16:41.578  8303 10093 E metis_v2_JenaHandlerManager: local thread match [7f0000011753751760733418707279|p_7279_a4f2eb@1|p_8303_a12f60f@11|com.oplus.metis]
07-28 21:16:41.578  8303 10093 E metis_v2_JenaHandlerManager: local thread match [7f0000011753751760733418707279|p_7279_a4f2eb@1|p_8303_a12f60f@11|com.oplus.metis]
07-28 21:16:41.578  8303 10093 E metis_v2_JenaHandlerManager: local thread match [7f0000011753751760733418707279|p_7279_a4f2eb@1|p_8303_a12f60f@11|com.oplus.metis]
07-28 21:16:41.578  8303 10093 E metis_v2_JenaHandlerManager: local thread match [7f0000011753751760733418707279|p_7279_a4f2eb@1|p_8303_a12f60f@11|com.oplus.metis]
07-28 21:16:41.578  8303 10071 W ContextAware_SortAlgorithmManager.SceneUtil: Drop invalid scene: 220500200
07-28 21:16:41.578  8303 10093 E metis_v2_JenaHandlerManager: local thread match [7f0000011753751760733418707279|p_7279_a4f2eb@1|p_8303_a12f60f@11|com.oplus.metis]
07-28 21:16:41.578  8303 10093 E metis_v2_JenaHandlerManager: local thread match [7f0000011753751760733418707279|p_7279_a4f2eb@1|p_8303_a12f60f@11|com.oplus.metis]
07-28 21:16:41.578  8303 10093 E metis_v2_JenaHandlerManager: local thread match [7f0000011753751760733418707279|p_7279_a4f2eb@1|p_8303_a12f60f@11|com.oplus.metis]
07-28 21:16:41.578  8303 10093 E metis_v2_JenaHandlerManager: local thread match [7f0000011753751760733418707279|p_7279_a4f2eb@1|p_8303_a12f60f@11|com.oplus.metis]
07-28 21:16:41.578  8303 10093 E metis_v2_JenaHandlerManager: local thread match [7f0000011753751760733418707279|p_7279_a4f2eb@1|p_8303_a12f60f@11|com.oplus.metis]
07-28 21:16:41.578  8303 10093 E metis_v2_JenaHandlerManager: local thread match [7f0000011753751760733418707279|p_7279_a4f2eb@1|p_8303_a12f60f@11|com.oplus.metis]
07-28 21:16:41.578  8303 10093 E metis_v2_JenaHandlerManager: local thread match [7f0000011753751760733418707279|p_7279_a4f2eb@1|p_8303_a12f60f@11|com.oplus.metis]
07-28 21:16:41.578  8303 10491 I ContextAware_DailyStatisticsRecorder: Increase context change count: PROCESSOR_SCENE_INTENT_REORDER_cnt, value: 1
07-28 21:16:41.578  8303 10093 E metis_v2_JenaHandlerManager: local thread match [7f0000011753751760733418707279|p_7279_a4f2eb@1|p_8303_a12f60f@11|com.oplus.metis]
07-28 21:16:41.578  8303 10071 W ContextAware_SortAlgorithmManager.SceneUtil: Drop invalid scene: 240100400
07-28 21:16:41.578  8303 10093 E metis_v2_JenaHandlerManager: local thread match [7f0000011753751760733418707279|p_7279_a4f2eb@1|p_8303_a12f60f@11|com.oplus.metis]
07-28 21:16:41.578  8303 10093 E metis_v2_JenaHandlerManager: local thread match [7f0000011753751760733418707279|p_7279_a4f2eb@1|p_8303_a12f60f@11|com.oplus.metis]
07-28 21:16:41.578  8303 10071 I ContextAware_SortAlgorithmManager.SceneFocusProcessor: scene 210000000 not change or has focus scene or current scene is L3
07-28 21:16:41.578  8303 10093 E metis_v2_JenaHandlerManager: local thread match [7f0000011753751760733418707279|p_7279_a4f2eb@1|p_8303_a12f60f@11|com.oplus.metis]
07-28 21:16:41.578  8303 10071 I ContextAware_SortAlgorithmManager.SceneFocusProcessor: scene 240000000 not change or has focus scene or current scene is L3
07-28 21:16:41.578  8303 10093 E metis_v2_JenaHandlerManager: local thread match [7f0000011753751760733418707279|p_7279_a4f2eb@1|p_8303_a12f60f@11|com.oplus.metis]
07-28 21:16:41.578  8303 10093 E metis_v2_JenaHandlerManager: local thread match [7f0000011753751760733418707279|p_7279_a4f2eb@1|p_8303_a12f60f@11|com.oplus.metis]
07-28 21:16:41.578  8303 10093 E metis_v2_JenaHandlerManager: local thread match [7f0000011753751760733418707279|p_7279_a4f2eb@1|p_8303_a12f60f@11|com.oplus.metis]
07-28 21:16:41.579  8303 10093 E metis_v2_JenaHandlerManager: local thread match [7f0000011753751760733418707279|p_7279_a4f2eb@1|p_8303_a12f60f@11|com.oplus.metis]
07-28 21:16:41.579  8303 10491 I ContextAware_DailyStatisticsRecorder: Increase context change count: PROCESSOR_SCENE_INTENT_REORDER_ms, value: 3
07-28 21:16:41.579  8303 10093 E metis_v2_JenaHandlerManager: local thread match [7f0000011753751760733418707279|p_7279_a4f2eb@1|p_8303_a12f60f@11|com.oplus.metis]
07-28 21:16:41.579  8303 10093 E metis_v2_JenaHandlerManager: local thread match [7f0000011753751760733418707279|p_7279_a4f2eb@1|p_8303_a12f60f@11|com.oplus.metis]
07-28 21:16:41.579  8303 10093 E metis_v2_JenaHandlerManager: local thread match [7f0000011753751760733418707279|p_7279_a4f2eb@1|p_8303_a12f60f@11|com.oplus.metis]
07-28 21:16:41.579  8303 10093 E metis_v2_JenaHandlerManager: local thread match [7f0000011753751760733418707279|p_7279_a4f2eb@1|p_8303_a12f60f@11|com.oplus.metis]
07-28 21:16:41.579  8303 10491 I ContextAware_DailyStatisticsRecorder: Increase context change count: PROCESSOR_SCENE_FOCUS_cnt, value: 1
07-28 21:16:41.579  8303 10093 E metis_v2_JenaHandlerManager: local thread match [7f0000011753751760733418707279|p_7279_a4f2eb@1|p_8303_a12f60f@11|com.oplus.metis]
07-28 21:16:41.579  8303 10093 E metis_v2_JenaHandlerManager: local thread match [7f0000011753751760733418707279|p_7279_a4f2eb@1|p_8303_a12f60f@11|com.oplus.metis]
07-28 21:16:41.579  8303 10093 E metis_v2_JenaHandlerManager: local thread match [7f0000011753751760733418707279|p_7279_a4f2eb@1|p_8303_a12f60f@11|com.oplus.metis]
07-28 21:16:41.579  8303 10093 E metis_v2_JenaHandlerManager: local thread match [7f0000011753751760733418707279|p_7279_a4f2eb@1|p_8303_a12f60f@11|com.oplus.metis]
07-28 21:16:41.579  8303 10093 E metis_v2_JenaHandlerManager: local thread match [7f0000011753751760733418707279|p_7279_a4f2eb@1|p_8303_a12f60f@11|com.oplus.metis]
07-28 21:16:41.579  8303 10093 E metis_v2_JenaHandlerManager: local thread match [7f0000011753751760733418707279|p_7279_a4f2eb@1|p_8303_a12f60f@11|com.oplus.metis]
07-28 21:16:41.579  8303 10093 E metis_v2_JenaHandlerManager: local thread match [7f0000011753751760733418707279|p_7279_a4f2eb@1|p_8303_a12f60f@11|com.oplus.metis]
07-28 21:16:41.579  8303 10093 E metis_v2_JenaHandlerManager: local thread match [7f0000011753751760733418707279|p_7279_a4f2eb@1|p_8303_a12f60f@11|com.oplus.metis]
07-28 21:16:41.579  8303 10093 E metis_v2_JenaHandlerManager: local thread match [7f0000011753751760733418707279|p_7279_a4f2eb@1|p_8303_a12f60f@11|com.oplus.metis]
07-28 21:16:41.579  8303 10093 E metis_v2_JenaHandlerManager: local thread match [7f0000011753751760733418707279|p_7279_a4f2eb@1|p_8303_a12f60f@11|com.oplus.metis]
07-28 21:16:41.579  8303 10093 E metis_v2_JenaHandlerManager: local thread match [7f0000011753751760733418707279|p_7279_a4f2eb@1|p_8303_a12f60f@11|com.oplus.metis]
07-28 21:16:41.579  8303 10093 E metis_v2_JenaHandlerManager: local thread match [7f0000011753751760733418707279|p_7279_a4f2eb@1|p_8303_a12f60f@11|com.oplus.metis]
07-28 21:16:41.579  8303 10093 E metis_v2_JenaHandlerManager: local thread match [7f0000011753751760733418707279|p_7279_a4f2eb@1|p_8303_a12f60f@11|com.oplus.metis]
07-28 21:16:41.579  8303 10093 E metis_v2_JenaHandlerManager: local thread match [7f0000011753751760733418707279|p_7279_a4f2eb@1|p_8303_a12f60f@11|com.oplus.metis]
07-28 21:16:41.579  8303 10093 E metis_v2_JenaHandlerManager: local thread match [7f0000011753751760733418707279|p_7279_a4f2eb@1|p_8303_a12f60f@11|com.oplus.metis]
07-28 21:16:41.579  8303 10093 E metis_v2_JenaHandlerManager: local thread match [7f0000011753751760733418707279|p_7279_a4f2eb@1|p_8303_a12f60f@11|com.oplus.metis]
07-28 21:16:41.579  8303 10093 E metis_v2_JenaHandlerManager: local thread match [7f0000011753751760733418707279|p_7279_a4f2eb@1|p_8303_a12f60f@11|com.oplus.metis]
07-28 21:16:41.579  8303 10093 E metis_v2_JenaHandlerManager: local thread match [7f0000011753751760733418707279|p_7279_a4f2eb@1|p_8303_a12f60f@11|com.oplus.metis]
07-28 21:16:41.579  8303 10093 E metis_v2_JenaHandlerManager: local thread match [7f0000011753751760733418707279|p_7279_a4f2eb@1|p_8303_a12f60f@11|com.oplus.metis]
07-28 21:16:41.579  8303 10093 E metis_v2_JenaHandlerManager: local thread match [7f0000011753751760733418707279|p_7279_a4f2eb@1|p_8303_a12f60f@11|com.oplus.metis]
07-28 21:16:41.579  8303 10093 E metis_v2_JenaHandlerManager: local thread match [7f0000011753751760733418707279|p_7279_a4f2eb@1|p_8303_a12f60f@11|com.oplus.metis]
07-28 21:16:41.579  8303 10093 E metis_v2_JenaHandlerManager: local thread match [7f0000011753751760733418707279|p_7279_a4f2eb@1|p_8303_a12f60f@11|com.oplus.metis]
07-28 21:16:41.579  8303 10093 E metis_v2_JenaHandlerManager: local thread match [7f0000011753751760733418707279|p_7279_a4f2eb@1|p_8303_a12f60f@11|com.oplus.metis]
07-28 21:16:41.579  8303 10093 E metis_v2_JenaHandlerManager: local thread match [7f0000011753751760733418707279|p_7279_a4f2eb@1|p_8303_a12f60f@11|com.oplus.metis]
07-28 21:16:41.579  8303 10071 I ContextAware_SortAlgorithmManager.BatchIntentProcessor: onProcess decisionUTraceContext = UTraceContext(traceID=7f0000011753751801578482308303, current=p_8303_a12f60f@43, parent=null, spanType=1, valid=1, tag=null)
07-28 21:16:41.579  8303 10093 E metis_v2_JenaHandlerManager: local thread match [7f0000011753751760733418707279|p_7279_a4f2eb@1|p_8303_a12f60f@11|com.oplus.metis]
07-28 21:16:41.579  8303 10846 I DeepThinkerSDK: [APP] UserDomainManager: checkLabelAvailable:{"38":1}
07-28 21:16:41.579  8303 10071 E ContextAware_SortAlgorithmManager.BatchIntentProcessor: onProcess intentStringList is invalid
07-28 21:16:41.579  8303 10093 E metis_v2_JenaHandlerManager: local thread match [7f0000011753751760733418707279|p_7279_a4f2eb@1|p_8303_a12f60f@11|com.oplus.metis]
07-28 21:16:41.579  8303 10071 E ContextAware_SortAlgorithmManager.IntentSendProcessor: disable direct send intent mode, clear
07-28 21:16:41.579  8303 10093 E metis_v2_JenaHandlerManager: local thread match [7f0000011753751760733418707279|p_7279_a4f2eb@1|p_8303_a12f60f@11|com.oplus.metis]
07-28 21:16:41.579  8303 10093 E metis_v2_JenaHandlerManager: local thread match [7f0000011753751760733418707279|p_7279_a4f2eb@1|p_8303_a12f60f@11|com.oplus.metis]
07-28 21:16:41.579  8303 10093 E metis_v2_JenaHandlerManager: local thread match [7f0000011753751760733418707279|p_7279_a4f2eb@1|p_8303_a12f60f@11|com.oplus.metis]
07-28 21:16:41.579  8303 10093 E metis_v2_JenaHandlerManager: local thread match [7f0000011753751760733418707279|p_7279_a4f2eb@1|p_8303_a12f60f@11|com.oplus.metis]
07-28 21:16:41.579  8303 10093 E metis_v2_JenaHandlerManager: local thread match [7f0000011753751760733418707279|p_7279_a4f2eb@1|p_8303_a12f60f@11|com.oplus.metis]
07-28 21:16:41.579  8303 10093 E metis_v2_JenaHandlerManager: local thread match [7f0000011753751760733418707279|p_7279_a4f2eb@1|p_8303_a12f60f@11|com.oplus.metis]
07-28 21:16:41.579  8303 10093 E metis_v2_JenaHandlerManager: local thread match [7f0000011753751760733418707279|p_7279_a4f2eb@1|p_8303_a12f60f@11|com.oplus.metis]
07-28 21:16:41.579  8303 10093 E metis_v2_JenaHandlerManager: local thread match [7f0000011753751760733418707279|p_7279_a4f2eb@1|p_8303_a12f60f@11|com.oplus.metis]
07-28 21:16:41.579  8303 10093 E metis_v2_JenaHandlerManager: local thread match [7f0000011753751760733418707279|p_7279_a4f2eb@1|p_8303_a12f60f@11|com.oplus.metis]
07-28 21:16:41.579  8303 10093 E metis_v2_JenaHandlerManager: local thread match [7f0000011753751760733418707279|p_7279_a4f2eb@1|p_8303_a12f60f@11|com.oplus.metis]
07-28 21:16:41.579  8303 10093 E metis_v2_JenaHandlerManager: local thread match [7f0000011753751760733418707279|p_7279_a4f2eb@1|p_8303_a12f60f@11|com.oplus.metis]
07-28 21:16:41.579  8303 10093 E metis_v2_JenaHandlerManager: local thread match [7f0000011753751760733418707279|p_7279_a4f2eb@1|p_8303_a12f60f@11|com.oplus.metis]
07-28 21:16:41.579  8303 10093 E metis_v2_JenaHandlerManager: local thread match [7f0000011753751760733418707279|p_7279_a4f2eb@1|p_8303_a12f60f@11|com.oplus.metis]
07-28 21:16:41.579  8303 11003 I UTrace.Sdk: startHead, spanName: 960000, spanType: CodeSpans [7f0000011753751801578482308303|null|p_8303_a12f60f@43|com.oplus.metis]
07-28 21:16:41.583  5281  5377 W [0]DCS  : Common Record event failed. DCS reject event: [appId=107501,logTag=10750101,eventId=metis_scene] . Pls check server config.
07-28 21:16:41.585  5281  5377 W [0]DCS  : Common Record event failed. DCS reject event: [appId=107501,logTag=10750101,eventId=metis_scene] . Pls check server config.
07-28 21:16:41.586  3228  3821 D VRR [OPlusRefreshRateService]: handleConfigIdChange physicalDisplayId: 4630946756802996883 configId: 5 renderPeriod: 16666666
07-28 21:16:41.587  3228  3821 D VRR [OPlusSAManager]: updateModeChange old modeId [ 4 ] -> new modeId [ 5 ] mCurPolicy: 1
07-28 21:16:41.587  3228  3821 D VRR [OPlusSAManager]: updateSAScene active modeId: 5
07-28 21:16:41.587  3228  3821 D VRR [OPlusSAManager]: updateSAScene current policy: 1 active modeId: 5 scene: VRR_60
07-28 21:16:41.587  3228  3821 D VRR [OPlusOAManager]: Not OA business! new modeId: [5] active modeId: [4]
07-28 21:16:41.587  3228  3821 D VRR [OPlusGameStatusManager]: updateGameState mOSyncFeatureSwitch: false mIsGamePolicy: false
07-28 21:16:41.587  3228  3821 D VRR [OPlusGameStatusManager]: setLTMStatus false curPkgName: null curr status: false HeartStop: false HeartStopFromTGPA: false ActiveFPS: 60.000004
07-28 21:16:41.587  3228  3821 D VRR [OPlusGameStatusManager]: updateGameAccelerationStatus pkgName: null mOSyncFeatureSwitch: false mIsGamePolicy: false mHeartStop: false mHasFlickerRisk: false mForceAcceleration: false mToastReady: false enable: false
07-28 21:16:41.587  3228  3821 D VRR [OPlusGameStatusManager]: updateToastStatus enableAcceleration: false toastReady: false isGamePolicy: false desiredModeId: 5
07-28 21:16:41.587  3228  3821 D VRR [OPlusGameStatusManager]: updateToastStatus enableAcceleration: false toastReady: false isGamePolicy: false desiredModeId: 5
07-28 21:16:41.588  5281  5377 I MMKV    : <MMKV_IO.cpp:456::writeActualSize> [mmkv.default] increase sequence to 7748, crc 2447664450, actualSize 564
07-28 21:16:41.637  3228  3821 D VRR [OPlusSAManager]: setSAConfig scene: VRR_60 modeId: 5 auto: false fakeFrame: false
07-28 21:16:41.637  3228  3821 D VRR [OPlusSAManager]: updateAutoMinfps with nits: 117.15104, mHistOK true, mAmbientOK true, mCctOK true, mIrOK true, mBrightnessOK true, isPkgOK true, SA min fps: 119
07-28 21:16:41.637  3228  3821 D VRR [OPlusSurfaceFlingerController]: setAutoMode enable: false fakeFrame: false fps: 119
07-28 21:16:41.637  2202  2451 I VRR-[OPlusAdfrUtil]: ADFR try set Auto mode with mode 0 fakeframe 0 min fps 119
07-28 21:16:41.637  2202  2451 D VRR-[OPlusRefreshRateSelector]: OSyncModes add size is 1.
07-28 21:16:41.637  2202  2451 I VRR-[OPlusRefreshRateSelector]: updateAutoMode success, display 0, mode 0, fakeframe 0, min fps: 1
07-28 21:16:41.637  2202  3674 D VRR-[OPlusRefreshRateSelector]: handleSetHWCOSync
07-28 21:16:41.637  2202  3674 D VRR-[OPlusRefreshRateSelector]: OSyncModes remaining size is 0.
07-28 21:16:41.637  2202  3674 D VRR-[OPlusRefreshRateSelector]: SetHWCOSync with 5CC08081
07-28 21:16:41.637  1943  4720 I SDM     : DisplayBuiltIn::SetQSyncMode: VRR + update qsync mode 0 minfps 00C08081
07-28 21:16:41.638  1943  2237 I SDM     : DisplayBase::CommitThread: Received idle timeout, panel: cmd, timeout: 70000 us
07-28 21:16:41.654  1943  2237 E SDM     : DRMConnector::Perform: Connector 67: Setting Qsync min fps 12615809
07-28 21:16:41.705  3228  4699 V SettingsProvider: deleteSystemSetting(OPLUS_SLA_LAST_MCC, 0)
07-28 21:16:41.706  3228  4699 D SettingsProvider: delete system settings OPLUS_****_MCC pkg is  android user id is 0
07-28 21:16:41.707  3228  4699 W OplusSlaManager: updateMCC curMCC from macc_change!
07-28 21:16:41.709  3228  4699 W OplusSlaApps: sendWhiteListAppUid no enabled app found...
07-28 21:16:41.709  3228  4699 W OplusSlaApps: sendGameAppUid no game app found!!
07-28 21:16:41.718  5046  5951 E CellularEvent: nri null ps
07-28 21:16:41.718  5046  5951 E CellularEvent: invalid nri
07-28 21:16:41.721  4979  5821 D AutoDualCardRoamingDemand: judgeToShowDialog return for sim count != 2
07-28 21:16:41.725  1943  2237 I SDM     : DisplayBase::CommitThread: Received idle timeout, panel: cmd, timeout: 70000 us
07-28 21:16:41.776  2022  2022 D SensorFeature: name=ssc_screenshot_info ,index = 22
07-28 21:16:41.776  2022  2022 D SensorFeature: write 29 bytes:60023805600,60374730912,166,0
07-28 21:16:42.047  3228  3532 W UserAwareMgr: event can not be released, id: 3020, count: 2, releasePid: 4905
07-28 21:16:42.077  2022  2022 D SensorFeature: name=ssc_screenshot_info ,index = 22
07-28 21:16:42.077  2022  2022 D SensorFeature: write 29 bytes:60023805600,60675754923,167,0
07-28 21:16:42.107  1943  4502 I Dpps    : LtmSwState::SetParameter():144 ignore cmd 7 in state LtmOffState
07-28 21:16:42.135  2033  7455 D charge_time: write 21133s(05:52:13) to ttf, rc=7
07-28 21:16:42.135  2033  7455 D charge_time: type=sdp,reserve_soc=2,soc=45,ui_soc=48,current=197,avg=194,not_chg_cnt=0,stable_cnt=7,fcc=5724,fcc_ratio=94,delta=39,debug=0,region=16,ttf=26811(07:26:51),ui_ttf=21133(05:52:13)
07-28 21:16:42.138  3228  3821 D VRR [OPlusSAManager]: updateAutoMinfps with nits: 117.15104, mHistOK true, mAmbientOK true, mCctOK true, mIrOK true, mBrightnessOK true, isPkgOK true, SA min fps: 119
07-28 21:16:42.138  3228  3821 D VRR [OPlusSurfaceFlingerController]: setAutoMode enable: false fakeFrame: false fps: 119
07-28 21:16:42.138  2202  2451 I VRR-[OPlusAdfrUtil]: ADFR try set Auto mode with mode 0 fakeframe 0 min fps 119
07-28 21:16:42.138  2202  2451 D VRR-[OPlusRefreshRateSelector]: OSyncModes add size is 1.
07-28 21:16:42.138  2202  2451 I VRR-[OPlusRefreshRateSelector]: updateAutoMode success, display 0, mode 0, fakeframe 0, min fps: 1
07-28 21:16:42.138  2202  3674 D VRR-[OPlusRefreshRateSelector]: handleSetHWCOSync
07-28 21:16:42.138  2202  3674 D VRR-[OPlusRefreshRateSelector]: OSyncModes remaining size is 0.
07-28 21:16:42.138  2202  3674 D VRR-[OPlusRefreshRateSelector]: SetHWCOSync with 5CC08081
07-28 21:16:42.138  1943  1943 I SDM     : DisplayBuiltIn::SetQSyncMode: VRR + update qsync mode 0 minfps 00C08081
07-28 21:16:42.153  1943  2237 E SDM     : DRMConnector::Perform: Connector 67: Setting Qsync min fps 12615809
07-28 21:16:42.183  2033  2147 D BatteryChargeControl: bcc get no support from charging protocol
07-28 21:16:42.224  1943  2237 I SDM     : DisplayBase::CommitThread: Received idle timeout, panel: cmd, timeout: 70000 us
07-28 21:16:42.231  3228  5070 I OplusHansManager : uid=10157, pkg=com.baidu.input_oppo cannot transition from R to M, importance=input
07-28 21:16:42.325  3273  3273 E OplusTouchDaemon: ts_run_service: shellback temperature updated 36 (36981)
07-28 21:16:42.379  2022  2022 D SensorFeature: name=ssc_screenshot_info ,index = 22
07-28 21:16:42.379  2022  2022 D SensorFeature: write 29 bytes:60023805600,60976880443,168,0
07-28 21:16:42.381  1843  4506 I sensors-hal: handle_oplus_wise_rgb_event:189, high_pwm_light:lux 273.3,cct 3631.4,brl/algo/ir 1428.0/2.0/17.3,pwm/dc 0.0/0.0,rgbc 21115.070312/13295.854492/6108.278320/39197.394531,ts 60920681556,cnt 850,flag 168
07-28 21:16:42.382  1943  4502 I Dpps    : LtmSwState::SetParameter():144 ignore cmd 7 in state LtmOffState
07-28 21:16:42.548  4905  4905 I SystemUi--QuickSettings: TemporarilyInfoManager-->[animateHide] com.oplus.systemui.qs.base.temporarilyinfo.TemporarilyInfoManager$createViewToParent$1{b213150 VFED..C.. ........ 0,0-1080,228 #7f0a0cb6 app:id/temporarily_info_view alpha=1.0 viewInfo = } start
07-28 21:16:42.580  8303 12239 W LOG_FLOWCTRL: ==LOGS OVER PROC QUOTA(300), rows(22) bytes(2361) com.oplus.metis DROPPED==
07-28 21:16:42.580  8303 12239 I LogCacheHelper: cache log scheduled task [base|com.oplus.metis|1.5.5-f48228a]
07-28 21:16:42.581  8303 12239 E metis_v2_JenaHandlerManager_cache: 2025-07-28 21:16:41.579000		10093		local thread match
