07-29 20:27:01.458  3520  4521 E WifiScanningService: wifi driver loaded received while already loaded
07-29 20:27:01.458  3520  5144 I WifiScanRequestProxy: Scanning is enabled
07-29 20:27:01.458  3520  5144 I WifiScanRequestProxy: Scanning for hidden networks is disabled
07-29 20:27:01.458  3520  4826 W BestClock: java.time.DateTimeException: Missing network time fix
07-29 20:27:01.458  6320  6320 I wpa_supplicant: p2p0: CTRL-EVENT-REGDOM-CHANGE init=DRIVER type=COUNTRY alpha2=US
07-29 20:27:01.458  1818  3707 E LOCRIL_SESSION: operator():241] SubId: 1 Failed to get sim IMSI with error: 11
07-29 20:27:01.459  5169  6205 D IWlanJni: getDataRegistrationState start
07-29 20:27:01.459  4984  5102 I DeviceInfoAidlClient: onPowerInfoReportingChanged - reporting enabled true [15, 20, 30, 50, 80]
07-29 20:27:01.460  4984  5102 D DeviceInfoAidlClient: isRadioOn()=true
07-29 20:27:01.460  4984  5102 I DeviceInfoAidlClient: isPowerInfoNeverSent=true batteryLevel=100 batteryLevelIndex=5 chargingMode=2 totalCapacity=4740000 powerSaveMode=false
07-29 20:27:01.460  4984  5102 I DeviceInfoAidlClient: onDeviceInfoReportingChanged - reporting enabled true
07-29 20:27:01.460  3520  4826 W BestClock: java.time.DateTimeException: Missing network time fix
07-29 20:27:01.460  3520  3520 D OplusWifiBroadCastDispatcher: mBroadcastReceiver: onReceiver  action=android.net.wifi.action.WIFI_SCAN_AVAILABILITY_CHANGED
07-29 20:27:01.460  3520  5027 I OplusHansManager : uid=10157, pkg=com.baidu.input_oppo cannot transition from R to M, importance=input
07-29 20:27:01.460  3520  4629 D OplusWifiPower_ConnLpmEventObsever: onReceive EXTRA_SCAN_AVAILABLE availabe = true
07-29 20:27:01.460  3520  4629 D OplusWifiPowerService: onReceive action:android.net.wifi.action.WIFI_SCAN_AVAILABILITY_CHANGED
07-29 20:27:01.460  3520  4629 D OplusWifiSwitchStateMonitor: scan settings change to true
07-29 20:27:01.460  4984  5102 D DeviceInfoAidlClient: getDeviceInfoSupportStatus()=1
07-29 20:27:01.460  4984  5102 D DeviceInfoAidlClient: isRadioOn()=true
07-29 20:27:01.460  4984  5102 I DeviceInfoAidlClient: deviceState=2
07-29 20:27:01.460  4984  5102 I DeviceInfoAidlClient: onPowerInfoReportingChanged - reporting enabled true [15, 20, 30, 50, 80]
07-29 20:27:01.460  4984  5102 D DeviceInfoAidlClient: isRadioOn()=true
07-29 20:27:01.460  4984  5102 I DeviceInfoAidlClient: isPowerInfoNeverSent=false batteryLevel=100 batteryLevelIndex=5 chargingMode=2 totalCapacity=4740000 powerSaveMode=false
07-29 20:27:01.460  4984  5102 I DeviceInfoAidlClient: onDeviceInfoReportingChanged - reporting enabled true
07-29 20:27:01.460  4984  5102 D DeviceInfoAidlClient: getDeviceInfoSupportStatus()=1
07-29 20:27:01.460  4984  5102 D DeviceInfoAidlClient: isRadioOn()=true
07-29 20:27:01.460  4984  5102 I DeviceInfoAidlClient: deviceState=2
07-29 20:27:01.460  5169  6213 D IWlanJni: new aidl event arrived
07-29 20:27:01.461  5169  6213 D IWlanJni: handleEvent 10
07-29 20:27:01.461  5169  6213 D IWlanJni: isThreadAttached start
07-29 20:27:01.461  5169  6213 D IWlanJni: jni detached
07-29 20:27:01.461  5169  6213 D IWlanJni: jni attached
07-29 20:27:01.461  5169  6213 D IWlanJni: getDataRegistrationStateResponse start
07-29 20:27:01.461  5169  6213 D IWlanJni: getJavaCallbackClass start
07-29 20:27:01.461  6974  6974 I OsAgent : onReceive: android.net.wifi.action.WIFI_SCAN_AVAILABILITY_CHANGED
07-29 20:27:01.461  5169  6213 D IWlanJni: getJavaCallbackClass End midIs[1]
07-29 20:27:01.461  5169  6213 I IWlanAidlClient: getDataRegistrationStateResponse called
07-29 20:27:01.461  5220  5278 D VendorTelephonyService: onTelephonyEventReport slotId =0 eventId=6030
07-29 20:27:01.461  5220  5278 D VendorTelephonyService: onTelephonyEventReport slotId =0 eventId=6030
07-29 20:27:01.461  4858  5684 V OplusCustomizeCacheManager: queryCache name: sys.cache.common_customize_cache18014 param: null
07-29 20:27:01.461  4858  5684 V OplusCustomizeCacheManager: queryCache name: sys.cache.common_customize_cache18017 param: Bundle[{SETTING=BLOCK, BUSINESS=NCT-DATA}]
07-29 20:27:01.461  4858  5684 V OplusCustomizeCacheManager: queryCache name: sys.cache.common_customize_cache18013 param: null
07-29 20:27:01.461  6974  7754 I OsAgent : updateWiFiScanAvailState, scanAvailable: true
07-29 20:27:01.461  5220  5220 D VendorCallService: notityEventUpdate, eventId:6030, slotId = 0
07-29 20:27:01.461  5031  5078 D SaDataService: onTelephonyEventReport , subId= 0,slotId=-1 eventId=6030
07-29 20:27:01.461  5031  5078 D TelephonyImpl: notify eventId:6030 for list size:2
07-29 20:27:01.461  5169  6212 W IWlanNetworkService: 10 > Response Processed
07-29 20:27:01.463  3520  5093 W BestClock: java.time.DateTimeException: Missing network time fix
07-29 20:27:01.464  4931  4931 V OplusCustomizeCacheManager: queryCache name: sys.cache.common_customize_cache18016 param: null
07-29 20:27:01.464  4931  4931 V OplusCustomizeCacheManager: queryCache name: sys.cache.common_customize_cache18013 param: null
07-29 20:27:01.464  4931  4931 V OplusCustomizeCacheManager: queryCache name: sys.cache.common_customize_cache18014 param: null
07-29 20:27:01.464  4931  4931 V OplusCustomizeCacheManager: queryCache name: sys.cache.common_customize_cache18017 param: Bundle[{SETTING=BLOCK, BUSINESS=NCT-DATA}]
07-29 20:27:01.464  3520  5093 W BestClock: java.time.DateTimeException: Missing network time fix
07-29 20:27:01.464  4931  4931 V OplusCustomizeCacheManager: queryCache name: sys.cache.common_customize_cache18016 param: null
07-29 20:27:01.464  4931  4931 V OplusCustomizeCacheManager: queryCache name: sys.cache.common_customize_cache18013 param: null
07-29 20:27:01.465  4931  4931 V OplusCustomizeCacheManager: queryCache name: sys.cache.common_customize_cache18014 param: null
07-29 20:27:01.465  4931  4931 V OplusCustomizeCacheManager: queryCache name: sys.cache.common_customize_cache18017 param: Bundle[{SETTING=BLOCK, BUSINESS=NCT-DATA}]
07-29 20:27:01.465  4858  5684 V OplusCustomizeCacheManager: queryCache name: sys.cache.common_customize_cache18014 param: null
07-29 20:27:01.465  4858  5684 V OplusCustomizeCacheManager: queryCache name: sys.cache.common_customize_cache18017 param: Bundle[{SETTING=BLOCK, BUSINESS=NCT-DATA}]
07-29 20:27:01.465  4858  5684 V OplusCustomizeCacheManager: queryCache name: sys.cache.common_customize_cache18013 param: null
07-29 20:27:01.465  4984  4984 D QcrilMsgTunnelIfaceManager: handleMessage what = 1
07-29 20:27:01.465  4984  4984 I QcrilOemhookMsgTunnel: [0]invokeOemRilRequestRaw: serial=1007 length=16
07-29 20:27:01.468  4931  4931 D QC_RIL_OEM_HOOK: Received Broadcast Intent ACTION_UNSOL_RESPONSE_OEM_HOOK_RAW
07-29 20:27:01.468  4984  4984 D DeviceStatisticsService: onReceive: action= org.codeaurora.intent.action.RADIO_POWER_STATE
07-29 20:27:01.468  4984  4984 I DeviceStatisticsService: Receiving radio_power_state_changed, mIsDeviceInfoInitialized = true
07-29 20:27:01.468  4984  4984 I DeviceStatisticsService: radio power state changed to 1 for slot: 1
07-29 20:27:01.468  4984  7761 I QtiOemHookAidl: oemHookRawResponse: serial no: 1007 error: 0length=1
07-29 20:27:01.468  5169  6205 D IWlanJni: getDataRegistrationState start
07-29 20:27:01.469  4984  4984 D QcrilMsgTunnelIfaceManager: handleMessage what = 2
07-29 20:27:01.469  5169  6217 D IWlanJni: new aidl event arrived
07-29 20:27:01.469  5169  6217 D IWlanJni: handleEvent 10
07-29 20:27:01.469  5169  6217 D IWlanJni: isThreadAttached start
07-29 20:27:01.469  5169  6217 D IWlanJni: jni detached
07-29 20:27:01.469  5169  6217 D IWlanJni: jni attached
07-29 20:27:01.469  5169  6217 D IWlanJni: getDataRegistrationStateResponse start
07-29 20:27:01.469  5169  6217 D IWlanJni: getJavaCallbackClass start
07-29 20:27:01.469  5169  6217 D IWlanJni: getJavaCallbackClass End midIs[1]
07-29 20:27:01.469  4931  5762 D QC_RIL_OEM_HOOK: sendOemRilRequestRaw returns value = 1
07-29 20:27:01.469  5169  6217 I IWlanAidlClient: getDataRegistrationStateResponse called
07-29 20:27:01.469  4931  4931 D QC_RIL_OEM_HOOK: Received Broadcast Intent ACTION_UNSOL_RESPONSE_OEM_HOOK_RAW
07-29 20:27:01.470  4931  4931 D QC_RIL_OEM_HOOK: Received Broadcast Intent ACTION_UNSOL_RESPONSE_OEM_HOOK_RAW
07-29 20:27:01.470  4931  4931 D QC_RIL_OEM_HOOK: Received Broadcast Intent ACTION_UNSOL_RESPONSE_OEM_HOOK_RAW
07-29 20:27:01.470  5169  6216 W IWlanNetworkService: 11 > Response Processed
07-29 20:27:01.470  4931  4931 D QC_RIL_OEM_HOOK: Received Broadcast Intent ACTION_UNSOL_RESPONSE_OEM_HOOK_RAW
07-29 20:27:01.470  4931  4931 D QC_RIL_OEM_HOOK: Received Broadcast Intent ACTION_UNSOL_RESPONSE_OEM_HOOK_RAW
07-29 20:27:01.470  4931  4931 D OplusPowerUpOptimizationImpl: onReceive: org.codeaurora.intent.action.RADIO_POWER_STATE
07-29 20:27:01.470  4931  5815 D OplusPowerUpOptimizationImpl: handleMessage what = 6
07-29 20:27:01.470  4931  5815 D OplusPowerUpOptimizationImpl: radio is available for slot: 0
07-29 20:27:01.470  4931  5815 D OplusPowerUpOptimizationImpl: trySendPhoneReady for slot: 0
07-29 20:27:01.470  4931  5815 D OplusPowerUpOptimizationImpl: Not sending ATEL ready: States: [0: {true, true, true, true}]
07-29 20:27:01.471  4931  4931 D CiWlanNotificationReceiver: ACTION_RADIO_POWER_STATE_CHANGED
07-29 20:27:01.472  5169  6205 D IWlanJni: getDataRegistrationState start
07-29 20:27:01.473  5169  6205 D IWlanJni: getDataRegistrationState start
07-29 20:27:01.473  5169  6213 D IWlanJni: new aidl event arrived
07-29 20:27:01.473  5169  6213 D IWlanJni: handleEvent 10
07-29 20:27:01.473  5169  6213 D IWlanJni: isThreadAttached start
07-29 20:27:01.473  5169  6213 D IWlanJni: jni detached
07-29 20:27:01.473  5169  6213 D IWlanJni: jni attached
07-29 20:27:01.473  5169  6213 D IWlanJni: getDataRegistrationStateResponse start
07-29 20:27:01.473  5169  6213 D IWlanJni: getJavaCallbackClass start
07-29 20:27:01.473  5169  6213 D IWlanJni: getJavaCallbackClass End midIs[1]
07-29 20:27:01.473  5169  6213 I IWlanAidlClient: getDataRegistrationStateResponse called
07-29 20:27:01.473  5169  6212 W IWlanNetworkService: 13 > Response Processed
07-29 20:27:01.474  5169  6217 D IWlanJni: new aidl event arrived
07-29 20:27:01.474  5169  6217 D IWlanJni: handleEvent 10
07-29 20:27:01.474  5169  6217 D IWlanJni: isThreadAttached start
07-29 20:27:01.474  5169  6217 D IWlanJni: jni detached
07-29 20:27:01.474  5169  6217 D IWlanJni: jni attached
07-29 20:27:01.474  5169  6217 D IWlanJni: getDataRegistrationStateResponse start
07-29 20:27:01.474  5169  6217 D IWlanJni: getJavaCallbackClass start
07-29 20:27:01.474  5169  6217 D IWlanJni: getJavaCallbackClass End midIs[1]
07-29 20:27:01.474  5169  6217 I IWlanAidlClient: getDataRegistrationStateResponse called
07-29 20:27:01.474  5169  6216 W IWlanNetworkService: 12 > Response Processed
07-29 20:27:01.474  3520  4605 D CmccSliceManagerService: ACTION_DDS_SWITCH_DONE
07-29 20:27:01.474  3520  4605 D CmccSliceManagerService: cleanUpAndRestartSlice
07-29 20:27:01.474  3520  4605 D CmccSliceManagerService: cleanUpSlice
07-29 20:27:01.474  3520  4605 D CmccSliceManagerService: cleanUpSlice qcom
07-29 20:27:01.474  3520  4605 D CmccSliceManagerService: getDefaultDataSlotId0, subid: 1
07-29 20:27:01.475  3520  4605 E ActivityThread: Failed to find provider info for com.cmccslice.proxyapp.provider
07-29 20:27:01.475  3520  4605 D CmccSliceManagerService: loadUrsp qcomCursor=null, count=-1, slotId=0
07-29 20:27:01.475  3520  4605 D CmccSliceManagerService: loadUrsp: qcomCursor=[]
07-29 20:27:01.475  3520  4605 D CmccSliceManagerService: isFeatureEnable , rus : false Feature : false
07-29 20:27:01.475  5169  5169 D QCNEJ/WwanInfoRelay: onActiveSubscriptionsChanged activeCurrDDSId: 1 new DDS 1
07-29 20:27:01.475  3520  4605 D CmccSliceManagerService: requestSliceNetwork: feature not enabled
07-29 20:27:01.475  3520  4605 D CmccSliceManagerService: cleanUpAndRestartSlice qcom
07-29 20:27:01.475  3520  4514 V NetworkPolicy: updateNotificationsNL not process
07-29 20:27:01.475  5050  9401 D txpwrJni: new aidl event arrived
07-29 20:27:01.475  5050  9401 D txpwrJni: handleEvent 1
07-29 20:27:01.475  5050  9401 D txpwrJni: isThreadAttached start
07-29 20:27:01.475  5050  9401 D txpwrJni: jni detached
07-29 20:27:01.475  5050  9401 D txpwrJni: jni attached
07-29 20:27:01.475  5050  9401 D txpwrJni: getRadioStatus start
07-29 20:27:01.475  5050  9401 D txpwrJni: getJavaCallbackClass start
07-29 20:27:01.475  5050  9401 D txpwrJni: getJavaCallbackClass End midIs[1]
07-29 20:27:01.475  5031  5920 D CellularEvent: onActiveDataSubscriptionIdChanged sub id:1
07-29 20:27:01.476  5050  7824 D txpwrJni: sendRadioStatus start
07-29 20:27:01.476  5050  9401 D txpwrJni: new aidl event arrived
07-29 20:27:01.476  5050  9401 D txpwrJni: handleEvent 1
07-29 20:27:01.476  5050  9401 D txpwrJni: isThreadAttached start
07-29 20:27:01.476  5050  9401 D txpwrJni: jni detached
07-29 20:27:01.476  5050  9401 D txpwrJni: jni attached
07-29 20:27:01.476  5050  9401 D txpwrJni: getRadioStatus start
07-29 20:27:01.476  5050  9401 D txpwrJni: getJavaCallbackClass start
07-29 20:27:01.476  5050  9401 D txpwrJni: getJavaCallbackClass End midIs[1]
07-29 20:27:01.476  5169  5169 D QCNEJ/WwanInfoRelay: onActiveSubscriptionsChanged activeCurrDDSId: 1 new DDS 1
07-29 20:27:01.476  5050  7824 D txpwrJni: sendRadioStatus start
07-29 20:27:01.476  4858  4858 I KeyguardUpdateMonitor: refreshSimState, changed:false,subId:1,slotId:0,state:5
07-29 20:27:01.476  4858  5091 I SystemUi--QuickSettings: Tile.OplusCellularTile-->updateCarrierText: dialog not showing, ignore
07-29 20:27:01.476  4858  5091 D SimStateHelper: slot:0, lock state:Bundle[mParcelledData.dataSize=56]
07-29 20:27:01.476  4858  5091 D SimStateHelper: slot:1, lock state:Bundle[mParcelledData.dataSize=56]
07-29 20:27:01.476  4858  5091 D SimStateHelper: needDisableMenu: slot1State=-1; slot2State=-1
07-29 20:27:01.476  4858  5091 D SimStateHelper: needDisableMenu:false
07-29 20:27:01.477  4931  4931 D OplusPowerUpOptimizationImpl: onReceive: org.codeaurora.intent.action.RADIO_POWER_STATE
07-29 20:27:01.477  4931  5815 D OplusPowerUpOptimizationImpl: handleMessage what = 6
07-29 20:27:01.477  4931  5815 D OplusPowerUpOptimizationImpl: radio is available for slot: 1
07-29 20:27:01.477  4931  5815 D OplusPowerUpOptimizationImpl: trySendPhoneReady for slot: 1
07-29 20:27:01.477  4931  5815 D OplusPowerUpOptimizationImpl: Not sending ATEL ready: States: [1: {true, true, true, true}]
07-29 20:27:01.477  4931  4931 D CiWlanNotificationReceiver: ACTION_RADIO_POWER_STATE_CHANGED
07-29 20:27:01.479  3520  5098 W BestClock: java.time.DateTimeException: Missing network time fix
07-29 20:27:01.480  4858  5037 I SystemUi--Statusbar: NetworkController.WifiSignalController-->wifi Broadcast action = android.telephony.action.SERVICE_PROVIDERS_UPDATED state=1 enabled=false connected=false isDefaultNetwork=false rssi=0 level=0 statusLabel = null isDirty = false
07-29 20:27:01.480  4858  5091 I SystemUi--QuickSettings: Tile.OplusCellularTile-->updateCarrierText: dialog not showing, ignore
07-29 20:27:01.480  3520  5098 W BestClock: java.time.DateTimeException: Missing network time fix
07-29 20:27:01.481  4858  5091 D SimStateHelper: slot:0, lock state:Bundle[mParcelledData.dataSize=56]
07-29 20:27:01.481  4858  5091 D SimStateHelper: slot:1, lock state:Bundle[mParcelledData.dataSize=56]
07-29 20:27:01.481  4858  5091 D SimStateHelper: needDisableMenu: slot1State=-1; slot2State=-1
07-29 20:27:01.481  4858  5091 D SimStateHelper: needDisableMenu:false
07-29 20:27:01.481  4858  5684 V OplusCustomizeCacheManager: queryCache name: sys.cache.common_customize_cache18014 param: null
07-29 20:27:01.481  4858  5684 V OplusCustomizeCacheManager: queryCache name: sys.cache.common_customize_cache18017 param: Bundle[{SETTING=BLOCK, BUSINESS=NCT-DATA}]
07-29 20:27:01.481  4858  5684 V OplusCustomizeCacheManager: queryCache name: sys.cache.common_customize_cache18013 param: null
07-29 20:27:01.482  3520  5144 W ContextImpl: Calling a method in the system process without a qualified user: android.app.ContextImpl.sendBroadcastMultiplePermissions:1311 android.content.Context.sendBroadcastMultiplePermissions:2524 com.android.server.TelephonyRegistry.broadcastServiceStateChanged:3740 com.android.server.TelephonyRegistry.notifyServiceStateForPhoneId:1787 com.android.internal.telephony.ITelephonyRegistry$Stub.onTransact:546 
07-29 20:27:01.482  3520  5144 W ContextImpl: Calling a method in the system process without a qualified user: android.app.ContextImpl.sendBroadcastMultiplePermissions:1344 com.android.server.TelephonyRegistry.broadcastServiceStateChanged:3745 com.android.server.TelephonyRegistry.notifyServiceStateForPhoneId:1787 com.android.internal.telephony.ITelephonyRegistry$Stub.onTransact:546 android.os.Binder.execTransactInternal:1523 
07-29 20:27:01.483  4931  4931 D Telephony: isEmergencyPreferredAccount: subId=1, activeData=1
07-29 20:27:01.483  4931  4931 D Telephony: isEmergencyPreferredAccount: Device does not require preference.
07-29 20:27:01.483  4858  4858 I KeyguardUpdateMonitor: action=android.intent.action.SERVICE_STATE subId=-1 slotId=1
07-29 20:27:01.483  4858  4858 W KeyguardUpdateMonitorLog: invalid subId in handleServiceStateChange()
07-29 20:27:01.484  4858  5091 I SystemUi--QuickSettings: Tile.OplusCellularTile-->updateCarrierText: dialog not showing, ignore
07-29 20:27:01.484  3520  5144 W ContextImpl: Calling a method in the system process without a qualified user: android.app.ContextImpl.sendBroadcastMultiplePermissions:1344 com.android.server.TelephonyRegistry.broadcastServiceStateChanged:3754 com.android.server.TelephonyRegistry.notifyServiceStateForPhoneId:1787 com.android.internal.telephony.ITelephonyRegistry$Stub.onTransact:546 android.os.Binder.execTransactInternal:1523 
07-29 20:27:01.484  4858  5091 D SimStateHelper: slot:0, lock state:Bundle[mParcelledData.dataSize=56]
07-29 20:27:01.484  3520  4516 D WifiNative: onSetCountryCodeSucceeded: US
07-29 20:27:01.484  3520  4516 I WifiCountryCode: Receive onSetCountryCodeSucceeded US
07-29 20:27:01.484  3520  4516 I WifiNl80211Manager: Receive country code change to US
07-29 20:27:01.484  4858  5091 D SimStateHelper: slot:1, lock state:Bundle[mParcelledData.dataSize=56]
07-29 20:27:01.484  4858  5091 D SimStateHelper: needDisableMenu: slot1State=-1; slot2State=-1
07-29 20:27:01.484  4858  5091 D SimStateHelper: needDisableMenu:false
07-29 20:27:01.484  3520  5144 W ContextImpl: Calling a method in the system process without a qualified user: android.app.ContextImpl.sendBroadcastMultiplePermissions:1344 com.android.server.TelephonyRegistry.broadcastServiceStateChanged:3760 com.android.server.TelephonyRegistry.notifyServiceStateForPhoneId:1787 com.android.internal.telephony.ITelephonyRegistry$Stub.onTransact:546 android.os.Binder.execTransactInternal:1523 
07-29 20:27:01.484  2759  2759 I wificond: Receive notifyCountryCodeChanged
07-29 20:27:01.484  2759  2759 I wificond: UpdateBandInfo
07-29 20:27:01.484  3520  4516 D WifiScanRequestProxy: Sending scan available broadcast: true
07-29 20:27:01.484  3520  4521 I WifiScanningService: Received a request to enable scanning, UID = 1000
07-29 20:27:01.485  3520  4521 I WifiScanningService: scanner impls already exists
07-29 20:27:01.485  3520  4521 E WifiScanningService: wifi driver loaded received while already loaded
07-29 20:27:01.485  4858  5091 I SystemUi--QuickSettings: Tile.OplusCellularTile-->updateCarrierText: dialog not showing, ignore
07-29 20:27:01.485  3520  4516 I WifiScanRequestProxy: Scanning is enabled
07-29 20:27:01.485  3520  4516 I WifiScanRequestProxy: Scanning for hidden networks is disabled
07-29 20:27:01.485  4858  5091 D SimStateHelper: slot:0, lock state:Bundle[mParcelledData.dataSize=56]
07-29 20:27:01.485  4858  5091 D SimStateHelper: slot:1, lock state:Bundle[mParcelledData.dataSize=56]
07-29 20:27:01.485  4858  5091 D SimStateHelper: needDisableMenu: slot1State=-1; slot2State=-1
07-29 20:27:01.485  4858  5091 D SimStateHelper: needDisableMenu:false
07-29 20:27:01.485  2759  2759 I wificond: 2.4Ghz frequencies: 2412 2417 2422 2427 2432 2437 2442 2447 2452 2457 2462
07-29 20:27:01.485  3520  4516 D WakeupController: start()
07-29 20:27:01.485  2759  2759 I wificond: 5Ghz non-DFS frequencies: 5180 5200 5220 5240 5745 5765 5785 5805 5825
07-29 20:27:01.485  2759  2759 I wificond: 5Ghz DFS frequencies: 5260 5280 5300 5320 5500 5520 5540 5560 5580 5600 5620 5640 5660 5680 5700
07-29 20:27:01.485  2759  2759 I wificond: 6Ghz frequencies:
07-29 20:27:01.485  2759  2759 I wificond: 60Ghz frequencies:
07-29 20:27:01.486  3520  4516 E WifiStaIfaceAidlImpl: setScanMode failed with service-specific exception: android.os.ServiceSpecificException:  (code 4)
07-29 20:27:01.486  3520  4516 I WifiService: Receive onDriverCountryCodeChanged to US, update available channel list
07-29 20:27:01.486  4931  4931 D ServiceStateProvider: subId=1
07-29 20:27:01.486  3520  4516 E ApConfigUtil: Malformed channel value detected: java.lang.NumberFormatException: For input string: ""
07-29 20:27:01.487  5108  5108 I QImsService: OplusPhoneStateTracker : onServiceStateChanged
07-29 20:27:01.487  3520  4661 V SettingsProvider: deleteSystemSetting(OPLUS_SLA_LAST_MCC, 0)
07-29 20:27:01.487  5995  5995 D CellBroadcastReceiver: onReceive Intent { act=android.intent.action.SERVICE_STATE flg=0x1000010 cmp=com.android.cellbroadcastreceiver.module/com.android.cellbroadcastreceiver.CellBroadcastReceiver (has extras) }
07-29 20:27:01.487  5108  5108 I QImsService: OplusPhoneStateTracker : onServiceStateChanged
07-29 20:27:01.487  5995  5995 D CellBroadcastReceiver: onServiceStateChanged, ss: 1
07-29 20:27:01.487  5031  5920 D T-Recommend: onPreHandleMessage 1000
07-29 20:27:01.487  5031  5920 E CellularEvent: nri null ps
07-29 20:27:01.487  5031  5920 E CellularEvent: invalid nri
07-29 20:27:01.487  5031  5920 D T-Recommend: onPostHandleMessage 1000
07-29 20:27:01.488  3520  4661 D SettingsProvider: delete system settings OPLUS_****_MCC pkg is  android user id is 0
07-29 20:27:01.488  4858  5167 I SystemUi--Statusbar: MobileConnectionRepositoryImpl-->subId:1 isSoftSimCard:false slotId:0
07-29 20:27:01.489  5995  5995 D CellBroadcastReceiver: networkOperator: 
07-29 20:27:01.489  5031  6010 D OplusSubWaySlowRecovery: getPreferSubId return 1
07-29 20:27:01.489  3520  5144 W ContextImpl: Calling a method in the system process without a qualified user: android.app.ContextImpl.sendBroadcastMultiplePermissions:1311 android.content.Context.sendBroadcastMultiplePermissions:2524 com.android.server.TelephonyRegistry.broadcastServiceStateChanged:3740 com.android.server.TelephonyRegistry.notifyServiceStateForPhoneId:1787 com.android.internal.telephony.ITelephonyRegistry$Stub.onTransact:546 
07-29 20:27:01.489  5031  6010 D SaDataFailRecovery/0: current is not in service,reset alarm
07-29 20:27:01.489  5031  6010 D OplusScanQrCodeRecoveryImpl: msg.what=3
07-29 20:27:01.489  5220  5220 D SubsysEventListenerManager-SubsysTelephonyCallback[0]: onServiceStateChanged
07-29 20:27:01.489  5220  5220 D ChinaRoamingControl: registTelephonyEvent onServiceStateChanged eventId:5, VoiceRegState:1, DataRegState:1
07-29 20:27:01.489  5220  5220 D QuickChangeAirplaneModeEvent: onServiceStateChanged slotId:0
07-29 20:27:01.489  3520  3520 D OplusWifiBroadCastDispatcher: mBroadcastReceiver: onReceiver  action=android.net.wifi.action.WIFI_SCAN_AVAILABILITY_CHANGED
07-29 20:27:01.489  5031  5928 D NAS-CallIssueDetector: onServiceStateChanged
07-29 20:27:01.490  5031  5928 D OplusCiwlanController: [vodata] processServiceStateChanged  phoneid = 0, original roaming type = -1,roaming type = 0
07-29 20:27:01.490  5031  5928 D OplusCiwlanController: [vodata] processServiceStateChanged  phoneid = 1, original roaming type = -1,roaming type = 0
07-29 20:27:01.490  1997  1997 D SensorFeature: name=ssc_screenshot_info ,index = 22
07-29 20:27:01.490  1997  1997 D SensorFeature: write 29 bytes:59104120653,59112453986,161,0
07-29 20:27:01.490  3520  5144 W ContextImpl: Calling a method in the system process without a qualified user: android.app.ContextImpl.sendBroadcastMultiplePermissions:1344 com.android.server.TelephonyRegistry.broadcastServiceStateChanged:3745 com.android.server.TelephonyRegistry.notifyServiceStateForPhoneId:1787 com.android.internal.telephony.ITelephonyRegistry$Stub.onTransact:546 android.os.Binder.execTransactInternal:1523 
07-29 20:27:01.490  5031  5924 D OplusLinkBoostCommon: dds servicestate change
07-29 20:27:01.490  3520  4629 D OplusWifiPower_ConnLpmEventObsever: onReceive EXTRA_SCAN_AVAILABLE availabe = true
07-29 20:27:01.490  3520  4629 D OplusWifiPowerService: onReceive action:android.net.wifi.action.WIFI_SCAN_AVAILABILITY_CHANGED
07-29 20:27:01.490  3520  4629 D OplusWifiSwitchStateMonitor: scan settings change to true
07-29 20:27:01.490  3520  5144 W ContextImpl: Calling a method in the system process without a qualified user: android.app.ContextImpl.sendBroadcastMultiplePermissions:1344 com.android.server.TelephonyRegistry.broadcastServiceStateChanged:3754 com.android.server.TelephonyRegistry.notifyServiceStateForPhoneId:1787 com.android.internal.telephony.ITelephonyRegistry$Stub.onTransact:546 android.os.Binder.execTransactInternal:1523 
07-29 20:27:01.490  4931  4931 D InternationalRoamingNotification: init
07-29 20:27:01.490  5220  5247 D VirtualCommService2: isSupport. true, true
07-29 20:27:01.490  4931  4931 D OplusVirtualCommUtils: isVirtualCommSupport, vRet: true
07-29 20:27:01.491  4931  4931 I OplusVirtualCommUtils: getVirtualCommDeviceType, vRet: 1
07-29 20:27:01.491  4931  4931 I OplusVirtualCommUtils: isConsumerDeviceType, deviceType: 1
07-29 20:27:01.491  5220  5220 D QuickChangeAirplaneModeEvent: isBothCardInService is false
07-29 20:27:01.491  5220  5220 D MsimSubModeManager: registTelephonyEvent onServiceStateChanged eventId:3, VoiceRegState:1, DataRegState:1
07-29 20:27:01.491  3520  4516 E ApConfigUtil: Malformed channel value detected: java.lang.NumberFormatException: For input string: ""
07-29 20:27:01.491  5220  5220 E ExtremeCommUtils: getSwitchRusSupportMcc invalid index 1
07-29 20:27:01.491  5220  5220 D ExtremeCommUtils: isSupporCheck rusContain:false,propContain(persist.sys.oplus.support_hyper_uplink_mcc):false
07-29 20:27:01.491  5220  5220 D ExtremeCommService: handleServiceStateChanged mcc is null
07-29 20:27:01.491  5220  5220 D ChinaRoamingControl: handleMessage what:5
07-29 20:27:01.491  5220  5220 D MsimSubModeManager: handleMessage what:3
07-29 20:27:01.491  5220  5220 D MsimSubModeManager: getMsimSimServiceIn() i:0,mServiceState:1
07-29 20:27:01.491  5220  5220 D MsimSubModeManager: getMsimSimServiceIn() i:1,mServiceState:1
07-29 20:27:01.491  5220  6018 D EfsNvDumpUnit[0]: onServiceStateChanged: voice reg state: OUT_OF_SERVICE data reg state: OUT_OF_SERVICE
07-29 20:27:01.491  5220  6018 D cellularState[0]: handleMessage: E msg.what=4
07-29 20:27:01.491  5220  6018 D cellularState[0]: processMsg: DataCallingState
07-29 20:27:01.491  5220  6018 D cellularState[0]: processMsg: NetworkAttachedState
07-29 20:27:01.491  5220  6018 D cellularState[0]: processMsg: SimReadyState
07-29 20:27:01.491  5220  6018 D cellularState[0]: processMsg: DefaultState
07-29 20:27:01.491  5220  6018 E cellularState[0]:  - unhandledMessage: msg.what=4
07-29 20:27:01.491  5220  6018 D cellularState[0]: handleMessage: X
07-29 20:27:01.491  3520  5093 W BestClock: java.time.DateTimeException: Missing network time fix
07-29 20:27:01.492  4931  4931 D InternationalRoamingNotification: do not createRoamingNotification for invalid Network
07-29 20:27:01.492  5995  5995 D CellBroadcastReceiver: mockmodem is running? = false
07-29 20:27:01.492  5995  5995 D CellBroadcastReceiver: Start Cell Broadcast configuration for intent=ACTION_ENABLE_CHANNELS
07-29 20:27:01.492  4858  4858 I KeyguardUpdateMonitor: action=android.intent.action.SERVICE_STATE subId=1 slotId=0
07-29 20:27:01.492  3520  4525 D ConnectivityService: unregister offer from providerId 5 : NetworkOffer [ Provider Id (5) Score(Policies : YIELD_TO_BAD_WIFI&TRANSPORT_PRIMARY&EVER_EVALUATED&IS_UNMETERED&EVER_VALIDATED&IS_VALIDATED ; KeepConnected : 0) Caps [ Transports: CELLULAR|SATELLITE Capabilities: MMS&SUPL&DUN&FOTA&IMS&CBS&IA&RCS&XCAP&EIMS&INTERNET&NOT_RESTRICTED&TRUSTED&NOT_VPN&MCX&NOT_VCN_MANAGED&ENTERPRISE&VSIM&BIP&MMTEL&PRIORITIZE_LATENCY&PRIORITIZE_BANDWIDTH&NOT_BANDWIDTH_CONSTRAINED Specifier: <TelephonyNetworkSpecifier [mSubId = 1]> EnterpriseId: 1&2&3&4&5 UnderlyingNetworks: Null] Needed by [42, 102, 145, 48, 109, 228, 83, 105, 194, 155, 182, 223, 186, 30, 268, 28, 95, 24, 87, 9, 71, 250, 139, 255, 285, 168, 40, 56, 198, 50, 175, 150, 159, 188, 153, 190, 196, 137, 247, 36, 184, 265, 132, 46, 26, 281, 192, 209, 53, 157, 217, 243, 272, 172, 226, 93, 163, 180, 7, 240, 15, 77, 64, 44, 170, 230, 32, 34, 257, 58, 166, 283, 276, 143, 69, 274, 89, 141, 1, 219, 279, 202, 263, 38, 161, 236, 18, 66, 200, 214, 261]]
07-29 20:27:01.492  6974  6974 I OsAgent : onReceive: android.net.wifi.action.WIFI_SCAN_AVAILABILITY_CHANGED
07-29 20:27:01.493  6974  7754 I OsAgent : updateWiFiScanAvailState, scanAvailable: true
07-29 20:27:01.493  4858  5091 I SystemUi--QuickSettings: Tile.OplusCellularTile-->updateCarrierText: dialog not showing, ignore
07-29 20:27:01.493  3520  5146 W BestClock: java.time.DateTimeException: Missing network time fix
07-29 20:27:01.493  3520  4525 D ConnectivityService: update offer from providerId 5 new : NetworkOffer [ Provider Id (5) Score(Policies : YIELD_TO_BAD_WIFI&TRANSPORT_PRIMARY&EVER_EVALUATED&IS_UNMETERED&EVER_VALIDATED&IS_VALIDATED ; KeepConnected : 0) Caps [ Transports: CELLULAR|SATELLITE Capabilities: MMS&SUPL&DUN&FOTA&IMS&CBS&IA&RCS&XCAP&EIMS&INTERNET&NOT_RESTRICTED&TRUSTED&NOT_VPN&MCX&NOT_VCN_MANAGED&ENTERPRISE&VSIM&BIP&MMTEL&PRIORITIZE_LATENCY&PRIORITIZE_BANDWIDTH&NOT_BANDWIDTH_CONSTRAINED Specifier: <TelephonyNetworkSpecifier [mSubId = 1]> EnterpriseId: 1&2&3&4&5 UnderlyingNetworks: Null] Needed by [42, 102, 145, 48, 109, 228, 83, 105, 194, 155, 182, 223, 186, 30, 268, 28, 95, 24, 87, 9, 71, 250, 139, 255, 285, 168, 40, 56, 198, 50, 175, 150, 159, 188, 153, 190, 196, 137, 247, 36, 184, 265, 132, 46, 26, 281, 192, 209, 53, 157, 217, 243, 272, 172, 226, 93, 163, 180, 7, 240, 15, 77, 64, 44, 170, 230, 32, 34, 257, 58, 166, 283, 276, 143, 69, 274, 89, 141, 1, 219, 279, 202, 263, 38, 161, 236, 18, 66, 200, 214, 261]]
07-29 20:27:01.493  4858  5091 D SimStateHelper: slot:0, lock state:Bundle[mParcelledData.dataSize=56]
07-29 20:27:01.493  4858  5091 D SimStateHelper: slot:1, lock state:Bundle[mParcelledData.dataSize=56]
07-29 20:27:01.493  4858  5091 D SimStateHelper: needDisableMenu: slot1State=-1; slot2State=-1
07-29 20:27:01.493  4858  5091 D SimStateHelper: needDisableMenu:false
07-29 20:27:01.493  3520  4516 E ApConfigUtil: Malformed channel value detected: java.lang.NumberFormatException: For input string: ""
07-29 20:27:01.493  3520  4525 D ConnectivityService: unregister offer from providerId 6 : NetworkOffer [ Provider Id (6) Score(Policies : YIELD_TO_BAD_WIFI&EVER_EVALUATED&IS_UNMETERED&EVER_VALIDATED&IS_VALIDATED ; KeepConnected : 0) Caps [ Transports: CELLULAR|SATELLITE Capabilities: MMS&SUPL&DUN&FOTA&IMS&CBS&IA&RCS&XCAP&EIMS&INTERNET&NOT_RESTRICTED&TRUSTED&NOT_VPN&MCX&NOT_VCN_MANAGED&ENTERPRISE&VSIM&BIP&MMTEL&PRIORITIZE_LATENCY&PRIORITIZE_BANDWIDTH&NOT_BANDWIDTH_CONSTRAINED Specifier: <TelephonyNetworkSpecifier [mSubId = -1]> EnterpriseId: 1&2&3&4&5 UnderlyingNetworks: Null] Needed by [42, 102, 145, 48, 109, 228, 83, 105, 194, 155, 182, 223, 186, 30, 268, 28, 95, 24, 87, 9, 71, 250, 139, 255, 285, 168, 40, 56, 198, 50, 175, 150, 159, 188, 153, 190, 196, 137, 247, 36, 184, 265, 132, 46, 26, 281, 192, 209, 53, 157, 217, 243, 272, 172, 226, 93, 163, 180, 7, 240, 15, 77, 64, 44, 170, 230, 32, 34, 257, 58, 166, 283, 276, 143, 69, 274, 89, 141, 1, 219, 279, 202, 263, 38, 161, 236, 18, 66, 200, 214, 261]]
07-29 20:27:01.493  3520  4525 D ConnectivityService: update offer from providerId 6 new : NetworkOffer [ Provider Id (6) Score(Policies : YIELD_TO_BAD_WIFI&EVER_EVALUATED&IS_UNMETERED&EVER_VALIDATED&IS_VALIDATED ; KeepConnected : 0) Caps [ Transports: CELLULAR|SATELLITE Capabilities: MMS&SUPL&DUN&FOTA&IMS&CBS&IA&RCS&XCAP&EIMS&INTERNET&NOT_RESTRICTED&TRUSTED&NOT_VPN&MCX&NOT_VCN_MANAGED&ENTERPRISE&VSIM&BIP&MMTEL&PRIORITIZE_LATENCY&PRIORITIZE_BANDWIDTH&NOT_BANDWIDTH_CONSTRAINED Specifier: <TelephonyNetworkSpecifier [mSubId = -1]> EnterpriseId: 1&2&3&4&5 UnderlyingNetworks: Null] Needed by [42, 102, 145, 48, 109, 228, 83, 105, 194, 155, 182, 223, 186, 30, 268, 28, 95, 24, 87, 9, 71, 250, 139, 255, 285, 168, 40, 56, 198, 50, 175, 150, 159, 188, 153, 190, 196, 137, 247, 36, 184, 265, 132, 46, 26, 281, 192, 209, 53, 157, 217, 243, 272, 172, 226, 93, 163, 180, 7, 240, 15, 77, 64, 44, 170, 230, 32, 34, 257, 58, 166, 283, 276, 143, 69, 274, 89, 141, 1, 219, 279, 202, 263, 38, 161, 236, 18, 66, 200, 214, 261]]
07-29 20:27:01.493  3520  5144 W ContextImpl: Calling a method in the system process without a qualified user: android.app.ContextImpl.sendBroadcastMultiplePermissions:1344 com.android.server.TelephonyRegistry.broadcastServiceStateChanged:3760 com.android.server.TelephonyRegistry.notifyServiceStateForPhoneId:1787 com.android.internal.telephony.ITelephonyRegistry$Stub.onTransact:546 android.os.Binder.execTransactInternal:1523 
07-29 20:27:01.493  3520  4661 W OplusSlaManager: updateMCC curMCC empty!
07-29 20:27:01.493  6494  6527 E oiface  : sched_setaffinity failed
07-29 20:27:01.493  4858  5684 V OplusCustomizeCacheManager: queryCache name: sys.cache.common_customize_cache18014 param: null
07-29 20:27:01.493  4858  5684 V OplusCustomizeCacheManager: queryCache name: sys.cache.common_customize_cache18017 param: Bundle[{SETTING=BLOCK, BUSINESS=NCT-DATA}]
07-29 20:27:01.493  4858  5684 V OplusCustomizeCacheManager: queryCache name: sys.cache.common_customize_cache18013 param: null
07-29 20:27:01.493  3520  4516 I WifiService: Receive onDriverCountryCodeChanged to US, update available channel list
07-29 20:27:01.494  2023  2023 D vendor.oplus.hardware.charger-V7-service: getChargerControl:
07-29 20:27:01.494  3520  3792 D LocationManagerService: passive provider added registration from 1000/android[CountryDetector]/11EE5486 -> Request[PASSIVE, minUpdateInterval=0, WorkSource{1000 android}] permissionLevel: 2 permitted: true
07-29 20:27:01.494  3520  4516 E ApConfigUtil: Malformed channel value detected: java.lang.NumberFormatException: For input string: ""
07-29 20:27:01.495  3520  4628 D OplusSoftApManager: Support Wi-Fi6 SAP
07-29 20:27:01.495  1935  4471 I Dpps    : LtmSwState::SetParameter():144 ignore cmd 7 in state LtmOffState
07-29 20:27:01.496  3520  4516 E ApConfigUtil: Malformed channel value detected: java.lang.NumberFormatException: For input string: ""
07-29 20:27:01.496  3520  4516 E ApConfigUtil: Malformed channel value detected: java.lang.NumberFormatException: For input string: ""
07-29 20:27:01.496  3520  4516 I WifiService: Receive onDriverCountryCodeChanged to US, update available channel list
07-29 20:27:01.496  3520  4516 E ApConfigUtil: Malformed channel value detected: java.lang.NumberFormatException: For input string: ""
07-29 20:27:01.497  4931  4931 V OplusCustomizeCacheManager: queryCache name: sys.cache.common_customize_cache18016 param: null
07-29 20:27:01.497  3520  4516 E ApConfigUtil: Malformed channel value detected: java.lang.NumberFormatException: For input string: ""
07-29 20:27:01.497  4931  4931 V OplusCustomizeCacheManager: queryCache name: sys.cache.common_customize_cache18013 param: null
07-29 20:27:01.497  4931  4931 V OplusCustomizeCacheManager: queryCache name: sys.cache.common_customize_cache18014 param: null
07-29 20:27:01.497  4931  4931 V OplusCustomizeCacheManager: queryCache name: sys.cache.common_customize_cache18017 param: Bundle[{SETTING=BLOCK, BUSINESS=NCT-DATA}]
07-29 20:27:01.498  3520  4516 E ApConfigUtil: Malformed channel value detected: java.lang.NumberFormatException: For input string: ""
07-29 20:27:01.498  4931  4931 V OplusCustomizeCacheManager: queryCache name: sys.cache.common_customize_cache18016 param: null
07-29 20:27:01.498  4931  4931 V OplusCustomizeCacheManager: queryCache name: sys.cache.common_customize_cache18013 param: null
07-29 20:27:01.498  4931  4931 V OplusCustomizeCacheManager: queryCache name: sys.cache.common_customize_cache18014 param: null
07-29 20:27:01.498  4931  4931 V OplusCustomizeCacheManager: queryCache name: sys.cache.common_customize_cache18017 param: Bundle[{SETTING=BLOCK, BUSINESS=NCT-DATA}]
07-29 20:27:01.498  3520  5994 W BestClock: java.time.DateTimeException: Missing network time fix
07-29 20:27:01.498  5995  5995 D CellBroadcastReceiver: onReceive Intent { act=android.intent.action.SERVICE_STATE flg=0x1000010 cmp=com.android.cellbroadcastreceiver.module/com.android.cellbroadcastreceiver.CellBroadcastReceiver (has extras) }
07-29 20:27:01.499  5995  5995 D CellBroadcastReceiver: onServiceStateChanged, ss: 1
07-29 20:27:01.499  5995  5995 D CellBroadcastReceiver: networkOperator: 
07-29 20:27:01.499  5995 13246 D CellBroadcastConfigService: Enable CellBroadcast on sub 1
07-29 20:27:01.500  3520  4255 W BestClock: java.time.DateTimeException: Missing network time fix
07-29 20:27:01.500  4931  4931 I Telephony: y0: onServiceStateChanged: newState=1, mServiceState=3
07-29 20:27:01.500  4931  4931 I Telephony: isRttCurrentlySupported -- regular acct, hasVoiceAvailability: false
07-29 20:27:01.500  4931  4931 I Telephony:  isRttSupported: false
07-29 20:27:01.500  4931  4931 I Telephony:  isUserRttSettingOn: false
07-29 20:27:01.500  4931  4931 I Telephony:  alwaysAllowWhileRoaming: false
07-29 20:27:01.500  4931  4931 I Telephony:  isRoaming: false
07-29 20:27:01.500  4931  4931 I Telephony:  isOnWfc: false
07-29 20:27:01.501  4858  5684 V OplusCustomizeCacheManager: queryCache name: sys.cache.common_customize_cache18014 param: null
07-29 20:27:01.501  4858  5684 V OplusCustomizeCacheManager: queryCache name: sys.cache.common_customize_cache18017 param: Bundle[{SETTING=BLOCK, BUSINESS=NCT-DATA}]
07-29 20:27:01.501  4858  5684 V OplusCustomizeCacheManager: queryCache name: sys.cache.common_customize_cache18013 param: null
07-29 20:27:01.501  4931  6064 D CellBroadcastConfigTracker-0: Failed to set cdma config
07-29 20:27:01.501  5995  6037 E CellBroadcastConfigService: fails to setCellBroadcastRanges, result = 2
07-29 20:27:01.502  5220  5220 D SubsysEventListenerManager-SubsysTelephonyCallback[0]: onSignalStrengthsChanged
07-29 20:27:01.502  4931  4931 D InternationalRoamingNotification: init
07-29 20:27:01.502  5220  5247 D VirtualCommService2: isSupport. true, true
07-29 20:27:01.502  4931  4931 D OplusVirtualCommUtils: isVirtualCommSupport, vRet: true
07-29 20:27:01.502  4931  4931 I OplusVirtualCommUtils: getVirtualCommDeviceType, vRet: 1
07-29 20:27:01.502  4931  4931 I OplusVirtualCommUtils: isConsumerDeviceType, deviceType: 1
07-29 20:27:01.502  4931  4931 D InternationalRoamingNotification: do not createRoamingNotification for invalid Network
07-29 20:27:01.502  4931  4931 D OplusTelephonyController: onSignalStrengthChanged: SignalStrength=SignalStrength:{mCdma=CellSignalStrengthCdma: cdmaDbm=2147483647 cdmaEcio=2147483647 evdoDbm=2147483647 evdoEcio=2147483647 evdoSnr=2147483647 level=0,mGsm=CellSignalStrengthGsm: rssi=2147483647 ber=2147483647 mTa=2147483647 mLevel=0,mWcdma=CellSignalStrengthWcdma: ss=2147483647 ber=2147483647 rscp=2147483647 ecno=2147483647 level=0,mTdscdma=CellSignalStrengthTdscdma: rssi=2147483647 ber=2147483647 rscp=2147483647 level=0,mLte=CellSignalStrengthLte: rssi=2147483647 rsrp=2147483647 rsrq=2147483647 rssnr=2147483647 cqiTableIndex=2147483647 cqi=2147483647 ta=2147483647 level=0 parametersUseForLevel=0,mNr=CellSignalStrengthNr:{ csiRsrp = 2147483647 csiRsrq = 2147483647 csiCqiTableIndex = 2147483647 csiCqiReport = [] ssRsrp = 2147483647 ssRsrq = 2147483647 ssSinr = 2147483647 level = 0 parametersUseForLevel = 0 timingAdvance = 2147483647 },primary=CellSignalStrengthLte}
07-29 20:27:01.503  5220  5220 D SubsysEventListenerManager-SubsysTelephonyCallback[0]: onCellInfoChanged
07-29 20:27:01.505  3520  5144 W BestClock: java.time.DateTimeException: Missing network time fix
07-29 20:27:01.505  1998  2006 E PerformanceService: storage_feature: open /sys/devices/platform/soc/112b0000.ufshci//virtualtlcbuff fail
07-29 20:27:01.505  3520  5144 W BestClock: java.time.DateTimeException: Missing network time fix
07-29 20:27:01.506  1949  2002 I [UAH_CLIENT]: UahRelease, handle:45
07-29 20:27:01.506  4858  5684 V OplusCustomizeCacheManager: queryCache name: sys.cache.common_customize_cache18014 param: null
07-29 20:27:01.506  4858  5684 V OplusCustomizeCacheManager: queryCache name: sys.cache.common_customize_cache18017 param: Bundle[{SETTING=BLOCK, BUSINESS=NCT-DATA}]
07-29 20:27:01.506  4858  5684 V OplusCustomizeCacheManager: queryCache name: sys.cache.common_customize_cache18013 param: null
07-29 20:27:01.511  4858  4858 I SystemUi--QuickSettings: QsLottieUtils-->getLottieAnimFile : qs/qs_airplane_lottie_active_sep_dual_light.json
07-29 20:27:01.512  4858  4858 I SystemUi--QuickSettings: TemporarilyInfoManager-->[trigger] start from show
07-29 20:27:01.512  4858  4858 I SystemUi--QuickSettings: TemporarilyInfoManager-->[getLayoutParams] translationY=102.07888, translationX=0, width=1080, height=228, isLandscape=false, parent=androidx.constraintlayout.widget.ConstraintLayout{9790e7 V.E...... ......ID 0,0-1080,2376 #7f0a09f6 app:id/qs_container_area_layout alpha=1.0 viewInfo = }
07-29 20:27:01.512  4858  4858 I SystemUi--Common: ViewExt-->[startAlongWithPosition] com.oplus.systemui.qs.base.temporarilyinfo.TemporarilyInfoManager$createViewToParent$1{6add122 V.ED..... ......ID 0,0-0,0 #7f0a0cb6 app:id/temporarily_info_view alpha=0.0 viewInfo = } alongWith android.widget.RelativeLayout{697b3 V.E...... ........ 0,102-1080,222 #7f0a0a2e app:id/qs_status_bar_container_layout alpha=1.0 viewInfo = }
07-29 20:27:01.513  4858  4858 I SystemUi--QuickSettings: TemporarilyInfoManager-->[showElement] com.oplus.systemui.qs.base.temporarilyinfo.TemporarilyInfoManager$createViewToParent$1{6add122 V.ED..... ......ID 0,0-0,0 #7f0a0cb6 app:id/temporarily_info_view alpha=0.0 viewInfo = } for Element(text=Airplane mode off, groupId=Airplane mode, style=InfoShowStyle(textSize=16.0, sizeUnit=2, textColor=-1, showDuration=1500, alongWithReplacedView=true))
07-29 20:27:01.513  4858  4858 I SystemUi--QuickSettings: TemporarilyInfoManager-->[animateShow] com.oplus.systemui.qs.base.temporarilyinfo.TemporarilyInfoManager$createViewToParent$1{6add122 VFED..C.. ......ID 0,0-0,0 #7f0a0cb6 app:id/temporarily_info_view alpha=0.0 viewInfo = } start
07-29 20:27:01.514  3520  5144 W BestClock: java.time.DateTimeException: Missing network time fix
07-29 20:27:01.514  3520  5144 W BestClock: java.time.DateTimeException: Missing network time fix
07-29 20:27:01.514  3520  5144 W BestClock: java.time.DateTimeException: Missing network time fix
07-29 20:27:01.539  4858  4858 I SystemUi--QuickSettings: QsLottieUtils-->getLottieAnimFile : qs/qs_cellular_lottie_active_sep_dual_light.json
07-29 20:27:01.550  3379  3901 D QmiClient: qmiServiceEventCallback recv msg id 1106
07-29 20:27:01.550  3379  3901 D QmiVsClient: enter - onQmiServiceEventCallback msgId 1106
07-29 20:27:01.550  3379  3410 D VsProxy : handleMessage msg is 2425
07-29 20:27:01.550  3379  3410 D VsProxy : handleServingCellInfoChangeInd for instance 0
07-29 20:27:01.550  3379  3379 D RadioServiceIndication: radioServingCellInfoInd
07-29 20:27:01.550  3379  3379 D RadioServiceIndication: radioServingCellInfoInd
07-29 20:27:01.551  5220  6451 D SubsysRadioIndication[0]: radioServingCellInfoInd
07-29 20:27:01.551  5220  5220 D NetworkService[0]: handleMessage what:1003
07-29 20:27:01.551  5220  6451 D SubsysRadioIndication[0]: radioServingCellInfoInd
07-29 20:27:01.552  5220  5220 D NetworkService[0]: handleMessage what:1003
07-29 20:27:01.552  5031  5920 D RadioEvent: onCellInfoChanged slotId=0
07-29 20:27:01.552  5031  5920 D RadioEvent: onCellInfoChanged slotId=0
07-29 20:27:01.554  3379  3895 D QmiClient: qmiServiceEventCallback recv msg id 276
07-29 20:27:01.554  3379  3895 D QmiNasClient: enter : onQmiServiceEventCallback msgId 276
07-29 20:27:01.554  3379  3895 D QmiNasClientEvent: qmiNasClientAccessBarringStatusEvent - RADIO_EVENT_NAS_ACCESS_BARRING_STATUS_IND
07-29 20:27:01.555  3379  3419 D NasProxy: handleMessage msg is 2104
07-29 20:27:01.555  3380  3897 D QmiClient: qmiServiceEventCallback recv msg id 276
07-29 20:27:01.555  3380  3897 D QmiNasClient: enter : onQmiServiceEventCallback msgId 276
07-29 20:27:01.555  3380  3897 D QmiNasClientEvent: qmiNasClientAccessBarringStatusEvent - RADIO_EVENT_NAS_ACCESS_BARRING_STATUS_IND
07-29 20:27:01.555  3380  3407 D NasProxy: handleMessage msg is 2104
07-29 20:27:01.555  3379  3895 D QmiClient: qmiServiceEventCallback recv msg id 78
07-29 20:27:01.555  3379  3895 D QmiNasClient: enter : onQmiServiceEventCallback msgId 78
07-29 20:27:01.556  3379  3895 D QmiNasClientEvent: qmiNasClientNotifySysInfoEvent lte_ims_voice_avail_valid 0
07-29 20:27:01.556  5220  6451 D SubsysRadioIndication[0]: radioNasAccessBarringStatusInd, NasAccessBarringStatusType: radioIf:12, dataBarringStatus:0, dataBarringTime:0, voiceBarringStatus:0, voiceBarringTime:0, videoBarringStatus:0, videoBarringTime:0
07-29 20:27:01.556  5220  6451 D SubsysRadioIndication[0]: notify enter
07-29 20:27:01.556  3379  3419 D NasProxy: handleMessage msg is 2101
07-29 20:27:01.556  3379  3419 D NasProxy: handleNasSysInfoEvent for instance 0
07-29 20:27:01.556  5220  6451 D SubsysRadioIndication[1]: radioNasAccessBarringStatusInd, NasAccessBarringStatusType: radioIf:12, dataBarringStatus:0, dataBarringTime:0, voiceBarringStatus:0, voiceBarringTime:0, videoBarringStatus:0, videoBarringTime:0
07-29 20:27:01.556  5220  6451 D SubsysRadioIndication[1]: notify enter
07-29 20:27:01.556  5220  5247 D SubsysRadioIndication[0]: radioNr5gFreqTypeIndication, nr5gFreqType = 0
07-29 20:27:01.556  5220  5220 D QtiCellularNetwork: handleNr5gFreqTypeChanged 0, nr5gFreqType = 0
07-29 20:27:01.557  5108  5133 I QImsService: ImsRadioIndicationAidl : onServiceDomainChanged()[SUB0]
07-29 20:27:01.557  5108  5133 I QImsService: ImsSenderRxr : [UNSL]< UNSOL_SERVICE_DOMAIN_CHANGED 0[SUB0]
07-29 20:27:01.558  5108  5108 I QImsService: ImsRegistrationController : Message received: what = 5
07-29 20:27:01.558  5108  5108 I QImsService: ImsRegistrationController : handleSrvDomainChanged
07-29 20:27:01.559  4984  5102 D QtiOemHookAidl: oemHookRawIndication length=21
07-29 20:27:01.560  5169  6205 D IWlanJni: getDataRegistrationState start
07-29 20:27:01.560  4984  4984 D QcrilMsgTunnelIfaceManager: handleMessage what = 0
07-29 20:27:01.560  5169  6213 D IWlanJni: new aidl event arrived
07-29 20:27:01.560  5169  6213 D IWlanJni: handleEvent 10
07-29 20:27:01.560  5169  6213 D IWlanJni: isThreadAttached start
07-29 20:27:01.560  5169  6213 D IWlanJni: jni detached
07-29 20:27:01.560  5169  6213 D IWlanJni: jni attached
07-29 20:27:01.560  5169  6213 D IWlanJni: getDataRegistrationStateResponse start
07-29 20:27:01.560  5169  6213 D IWlanJni: getJavaCallbackClass start
07-29 20:27:01.560  5169  6213 D IWlanJni: getJavaCallbackClass End midIs[1]
07-29 20:27:01.560  5169  6213 I IWlanAidlClient: getDataRegistrationStateResponse called
07-29 20:27:01.560  5169  6212 W IWlanNetworkService: 14 > Response Processed
07-29 20:27:01.561  4984  4984 D QC_RIL_OEM_HOOK: Received Broadcast Intent ACTION_UNSOL_RESPONSE_OEM_HOOK_RAW
07-29 20:27:01.561  4931  4931 D QC_RIL_OEM_HOOK: Received Broadcast Intent ACTION_UNSOL_RESPONSE_OEM_HOOK_RAW
07-29 20:27:01.561  4931  4931 D QC_RIL_OEM_HOOK: Received Broadcast Intent ACTION_UNSOL_RESPONSE_OEM_HOOK_RAW
07-29 20:27:01.561  4931  4931 D QC_RIL_OEM_HOOK: Received Broadcast Intent ACTION_UNSOL_RESPONSE_OEM_HOOK_RAW
07-29 20:27:01.562  4931  4931 D OplusTelephonyController: onSignalStrengthChanged: SignalStrength=SignalStrength:{mCdma=CellSignalStrengthCdma: cdmaDbm=2147483647 cdmaEcio=2147483647 evdoDbm=2147483647 evdoEcio=2147483647 evdoSnr=2147483647 level=0,mGsm=CellSignalStrengthGsm: rssi=2147483647 ber=2147483647 mTa=2147483647 mLevel=0,mWcdma=CellSignalStrengthWcdma: ss=2147483647 ber=2147483647 rscp=2147483647 ecno=2147483647 level=0,mTdscdma=CellSignalStrengthTdscdma: rssi=2147483647 ber=2147483647 rscp=2147483647 level=0,mLte=CellSignalStrengthLte: rssi=2147483647 rsrp=2147483647 rsrq=2147483647 rssnr=2147483647 cqiTableIndex=2147483647 cqi=2147483647 ta=2147483647 level=0 parametersUseForLevel=0,mNr=CellSignalStrengthNr:{ csiRsrp = 2147483647 csiRsrq = 2147483647 csiCqiTableIndex = 2147483647 csiCqiReport = [] ssRsrp = 2147483647 ssRsrq = 2147483647 ssSinr = 2147483647 level = 0 parametersUseForLevel = 0 timingAdvance = 2147483647 },primary=CellSignalStrengthLte}
07-29 20:27:01.563  5220  5220 D SubsysEventListenerManager-SubsysTelephonyCallback[0]: onSignalStrengthsChanged
07-29 20:27:01.564  5169  6205 D IWlanJni: getDataRegistrationState start
07-29 20:27:01.565  5169  6213 D IWlanJni: new aidl event arrived
07-29 20:27:01.565  5169  6213 D IWlanJni: handleEvent 10
07-29 20:27:01.565  5169  6213 D IWlanJni: isThreadAttached start
07-29 20:27:01.565  5169  6213 D IWlanJni: jni detached
07-29 20:27:01.565  5169  6213 D IWlanJni: jni attached
07-29 20:27:01.565  5169  6213 D IWlanJni: getDataRegistrationStateResponse start
07-29 20:27:01.565  5169  6213 D IWlanJni: getJavaCallbackClass start
07-29 20:27:01.565  5169  6213 D IWlanJni: getJavaCallbackClass End midIs[1]
07-29 20:27:01.565  5169  6213 I IWlanAidlClient: getDataRegistrationStateResponse called
07-29 20:27:01.565  5169  6212 W IWlanNetworkService: 15 > Response Processed
07-29 20:27:01.566  3520  5144 W BestClock: java.time.DateTimeException: Missing network time fix
