07-29 20:32:04.567  4869  4869 I SystemUi--Statusbar: DisplayRepository-->combining enabled=[0], connectedExternalDisplayIds=[], ignored=[]
07-29 20:32:04.568  4869  4869 D ZenModeController: Added callback class com.oplus.systemui.qs.tiles.OplusDndTile$1
07-29 20:32:04.568  4869  4869 I SystemUi--Notification: OplusHeadsUpCoreStart-->isVisibility: true
07-29 20:32:04.568  4869  4869 I SystemUi--Notification: OplusNotificationShadeWindowControllerExImpl-->SHADE_FOCUSABLE-->mNotificationShadeFocusable= true, mPanelExpanded= true, mBouncerShowing= false, mKeyguardShowing= false, mKeyguardOccluded= false, mKeyguardNeedsInput= false, ENABLE_REMOTE_INPUT= true, mRemoteInputActive= false, layoutFlags= -2121924544
07-29 20:32:04.568  4869  4869 I SystemUi--Notification: OplusNotificationShadeWindowControllerExImpl-->SHADE_VISIBLE-->mKeyguardShowing= false, mKeyguardOccluded= false, mPanelVisible= false, mKeyguardFadingAway= false, mKeyguardGoingAway= false, mBouncerShowing= false, mScrimsVisibility= 1, mBackgroundBlurRadius= 0, mForcePluginOpen= false, mediaBackdropShowing= false, viewVisibility= true, qsBlurFraction= 0.02263142, panelBlurFraction= 0.0
07-29 20:32:04.569  4869  4869 I SystemUi--Keyguard: ScrimControllerExImp-->blur State to UNLOCK, bouncer=false changeFromBouncerScrim= false runnerUnlock= false goingAway=false hasHandle=true isOccludeAnimationPlaying=false
07-29 20:32:04.569  3467  5421 I InputDispatcher: injectInputEvent: targetUid=<not set>, syncMode=WAIT_FOR_FINISHED, timeout=30000ms, policyFlags=0x8000000, event=MotionEvent { action=MOVE, id[0]=0, x[0]=900, y[0]=653.833, eventTime=57383000000, downTime=57288000000, deviceId=4, source=TOUCHSCREEN, displayId=0, eventId=0xeff85a55}
07-29 20:32:04.569  4869  5913 V OplusCustomizeCacheManager: queryCache name: sys.cache.common_customize_cache18014 param: null
07-29 20:32:04.569  4869  5913 D OplusCustomizeCacheManager: add cachename to map: sys.cache.common_customize_cache18014
07-29 20:32:04.569  4869  5913 V OplusCustomizeCacheManager: start recompute
07-29 20:32:04.570  4869  4869 I SystemUi--Keyguard: ScrimControllerExImp-->blur State to UNLOCK, bouncer=false changeFromBouncerScrim= false runnerUnlock= false goingAway=false hasHandle=true isOccludeAnimationPlaying=false
07-29 20:32:04.570  4869  4869 I SystemUi--QuickSettings: QSPanelAnimatorManager-->showFirstElement
07-29 20:32:04.570  4869  5913 V OplusCustomizeCacheManager: queryCache name: sys.cache.common_customize_cache18017 param: Bundle[{SETTING=BLOCK, BUSINESS=NCT-DATA}]
07-29 20:32:04.570  4869  5913 D OplusCustomizeCacheManager: add cachename to map: sys.cache.common_customize_cache18017
07-29 20:32:04.570  4869  5913 V OplusCustomizeCacheManager: start recompute
07-29 20:32:04.570  3467  5383 D OplusCustomizeSecurityManagerService: we can't find the BLOCK
07-29 20:32:04.570  4869  5913 V OplusCustomizeCacheManager: queryCache name: sys.cache.common_customize_cache18013 param: null
07-29 20:32:04.570  4869  4869 D ViewRootImplExtImpl: wrapConfigInfoIntoFlags rotation=0, smallestScreenWidthDp=360, residentWS=false, scenario=0, bounds=Rect(0, 0 - 1080, 2376), relayoutAsync=true, flags=1, newFlags=1245719809, title=NotificationShade
07-29 20:32:04.570  4869  4869 W VRI[NotificationShade]: updateBlastSurfaceIfNeeded, surfaceSize:Point(1080, 2376), lastSurfaceSize:Point(1080, 2376), format:-3, blastBufferQueue:android.graphics.BLASTBufferQueue@c301c65
07-29 20:32:04.570  3467  3570 D WindowManagerServiceExtImpl: extractConfigInfoAndRealFlags rotation=0, screenDp=360, residentWS:0, scenario:0, bounds:2376, serverWinBounds:Rect(0, 0 - 1080, 2376), win=Window{55a4138 u0 NotificationShade}
07-29 20:32:04.570  4869  5913 V OplusCustomizeCacheManager: queryCache name: sys.cache.common_customize_cache18025 param: null
07-29 20:32:04.570  3467  3570 V WindowManager: Relayout Window{55a4138 u0 NotificationShade}: viewVisibility=0, oldvis=0, req=1080x2376, vsysui=, x=0, y=0
07-29 20:32:04.570  4869  5913 I SystemUi--QuickSettings: Tile.OplusAirplaneModeTile-->handleUpdateState state.state: 2 value: 1
07-29 20:32:04.570  4869  5913 V OplusCustomizeCacheManager: queryCache name: sys.cache.common_customize_cache18026 param: null
07-29 20:32:04.570  4869  4869 I SurfaceControl:  setExtendedRangeBrightness sc=Surface(name=NotificationShade)/@0x3d26e5c,currentBufferRatio=1.0,desiredRatio=1.0
07-29 20:32:04.571  3467  3570 D RefreshRate: initControlPanelRefreshRateData PreferredRefreshRateData{mPreferredRefreshRateId=[3, 1, 2, 3],isAnimBoost=true}
07-29 20:32:04.571  3467  3570 D WindowManager: NFW_findFocusedWindowIfNeeded:Window{55a4138 u0 NotificationShade} mCurrentFocus:Window{d4ef97 u0 com.android.launcher/com.android.launcher.Launcher}
07-29 20:32:04.571  4869  4869 I PluginSeedling--CapsuleCard: CardRootViewModel-->onExpandedChanged: true
07-29 20:32:04.571  3467  3570 V WindowManager: Changing focus from Window{d4ef97 u0 com.android.launcher/com.android.launcher.Launcher} to Window{55a4138 u0 NotificationShade},diplayid=0
07-29 20:32:04.571  4869  4869 I PluginSeedling--StateMachine: StateEventManager-->stable: true, event: null
07-29 20:32:04.572  3467  4649 E OplusUIFirst_WS: unknown window type: -1
07-29 20:32:04.572  3467  3819 D VRR [OPlusRefreshRateService]: Receive multi scene changed eventId = 5 bundleList.size = 2
07-29 20:32:04.572  3467  4649 E UAH-Framework: invalid window type -1
07-29 20:32:04.572  3467  4709 E FBProcessManager: unknown window type: -1
07-29 20:32:04.572  3467  3570 D Theia.NoFocusWindow: FocusWindowErrorScene cancelCheckFreezeScreen
07-29 20:32:04.572  3467  3570 W TheiaWindowMonitor: [check] focusedWindow is null or enable is false
07-29 20:32:04.573  4869  5913 V OplusCustomizeCacheManager: queryCache name: sys.cache.common_customize_cache11009 param: null
07-29 20:32:04.574  4869  4869 I SystemUi--QuickSettings: OplusQsBrightnessSliderController-->setProgressAnimation value: 1747 isListening: true  screenBrightnessDuration: 0.0  startValue: 0 startTime: 0 lastDuration: 546.0 lastStartTime: 45960  max: 4089 sliderProgress: 0 needResetLastAnimation: false
07-29 20:32:04.574  4869  4869 I SystemUi--QuickSettings: OplusQsBrightnessSliderController-->handleNoDuration proportion: 1.0 currentProgress: 1747 duration: 0.0 lastStartValue: 6 sliderProgress: 1747
07-29 20:32:04.575  4869  5913 V OplusCustomizeCacheManager: queryCache name: sys.cache.common_customize_cache18027 param: null
07-29 20:32:04.575  4869  4869 D JankUtils: gfxSceneBegin; scene: 7; sceneDes: QS PULL
07-29 20:32:04.575  4869  4869 I SystemUi--Keyguard: ScrimControllerExImp-->blur State to UNLOCK, bouncer=false changeFromBouncerScrim= false runnerUnlock= false goingAway=false hasHandle=true isOccludeAnimationPlaying=false
07-29 20:32:04.575  4869  4869 I SystemUi--Keyguard: ScrimControllerExImp-->blur State to UNLOCK, bouncer=false changeFromBouncerScrim= false runnerUnlock= false goingAway=false hasHandle=true isOccludeAnimationPlaying=false
07-29 20:32:04.575  7428  7428 W Battery : PowerSaveTileService: updateTileState false
07-29 20:32:04.576  3467  3739 I UserAwareMgr: handleFgAppChanged, pkgName: com.android.systemui, pid: 4869, isVisible: true, fgAppType: FG2
07-29 20:32:04.576  3467  3739 I UserAwareMgr: fg app status not changed, beforeVisible: true, currentVisible: true
07-29 20:32:04.576  3467  3718 D SurfaceComposerClient: Transaction::apply InputWindowCommands.focusRequests timestamp=57386930445, windowName=55a4138 NotificationShade
07-29 20:32:04.576  4869  5913 V OplusCustomizeCacheManager: queryCache name: sys.cache.common_customize_cache11010 param: null
07-29 20:32:04.577  4869  4869 W SystemUi--Common: SubsetBitmapDrawable-->[isValid] innerBitmap?.isRecycled=null
07-29 20:32:04.578  4869  4869 I SystemUi--Statusbar: BatteryViewBinder-->create drawable: com.oplus.systemui.statusbar.pipeline.battery.ui.drawable.HorizontalBatteryContentDrawable@443b8f2 iconStyle:BatteryIconStyle(iconStyle=1, oldStylePercentIn=false, densityDpi=480, scaleFactor=1.0, themeId=0, isThemeModeColor=false, frameColorMode=0, isPercentOutBgMode=false, isPercentOutPbMode=false, batteryOutChargeBgMode=0)
07-29 20:32:04.579  4869  4869 I SystemUi--Statusbar: BatteryViewBinder-->create drawable: com.oplus.systemui.statusbar.pipeline.battery.ui.drawable.HorizontalBatteryContentDrawable@edd744a iconStyle:BatteryIconStyle(iconStyle=1, oldStylePercentIn=false, densityDpi=480, scaleFactor=1.0, themeId=0, isThemeModeColor=false, frameColorMode=0, isPercentOutBgMode=false, isPercentOutPbMode=false, batteryOutChargeBgMode=0)
07-29 20:32:04.579  4869  4869 W SystemUi--Common: SubsetBitmapDrawable-->[isValid] innerBitmap?.isRecycled=null
07-29 20:32:04.580  4869  4869 I SystemUi--Statusbar: BatteryViewBinder-->create drawable: com.oplus.systemui.statusbar.pipeline.battery.ui.drawable.HorizontalBatteryContentDrawable@fc5e79e iconStyle:BatteryIconStyle(iconStyle=1, oldStylePercentIn=false, densityDpi=480, scaleFactor=1.0, themeId=0, isThemeModeColor=false, frameColorMode=0, isPercentOutBgMode=false, isPercentOutPbMode=false, batteryOutChargeBgMode=0)
07-29 20:32:04.580  4869  4869 I SystemUi--Statusbar: BatteryViewBinder-->create drawable: com.oplus.systemui.statusbar.pipeline.battery.ui.drawable.HorizontalBatteryContentDrawable@609f27f iconStyle:BatteryIconStyle(iconStyle=1, oldStylePercentIn=false, densityDpi=480, scaleFactor=1.0, themeId=0, isThemeModeColor=false, frameColorMode=0, isPercentOutBgMode=false, isPercentOutPbMode=false, batteryOutChargeBgMode=0)
07-29 20:32:04.582  4869  4869 I SystemUi--Keyguard: ScrimControllerExImp-->blur State to UNLOCK, bouncer=false changeFromBouncerScrim= false runnerUnlock= false goingAway=false hasHandle=true isOccludeAnimationPlaying=false
07-29 20:32:04.582  3467  5421 I InputDispatcher: injectInputEvent: targetUid=<not set>, syncMode=WAIT_FOR_FINISHED, timeout=30000ms, policyFlags=0x8000000, event=MotionEvent { action=MOVE, id[0]=0, x[0]=900, y[0]=739.2, eventTime=57396000000, downTime=57288000000, deviceId=4, source=TOUCHSCREEN, displayId=0, eventId=0xd4849e0f}
07-29 20:32:04.582  4869  4869 I SystemUi--Keyguard: ScrimControllerExImp-->blur State to UNLOCK, bouncer=false changeFromBouncerScrim= false runnerUnlock= false goingAway=false hasHandle=true isOccludeAnimationPlaying=false
07-29 20:32:04.582  4869  4869 I SystemUi--QuickSettings: QSPanelAnimatorManager-->showSecondElement
07-29 20:32:04.582  4869  6472 D Util    : isPkgInstalled_isPkgInstalled = false
07-29 20:32:04.582  4869  6472 D Util    : isPkgInstalled_isPkgInstalled = true
07-29 20:32:04.582  3467  3814 D PowerManagerService: userActivityNoUpdateLocked: groupId=0, eventTime=57396, event=touch, flags=0x0, uid=1000
07-29 20:32:04.584  2200  2200 D OplusInfoMonitor: setListenerReport: reportInfo:
07-29 20:32:04.584  2200  2429 D SurfaceFlinger: captureLayers from pid 5415 uid -335
07-29 20:32:04.586  2200  3386 D SurfaceFlinger: updateWinowInfo=1, setFocusedWindow timestamp=57386930445, windowName=55a4138 NotificationShade
07-29 20:32:04.586  3467  5383 I InputDispatcher: NFW_setFocusedWindow, 55a4138 NotificationShade on display 0, same as the previous:0
07-29 20:32:04.586  3467  5383 I InputDispatcher: updateFocusedWindow, 55a4138 NotificationShade on display 0, reason: setFocusedWindow, result:   FocusedWindows:
07-29 20:32:04.586  3467  5383 I InputDispatcher:     displayId=0, name='55a4138 NotificationShade'
07-29 20:32:04.586  5244  5244 D VRI[Launcher]: onFocusEvent false
07-29 20:32:04.586  4869  4869 D VRI[NotificationShade]: onFocusEvent true
07-29 20:32:04.586  4869  4869 I SystemUi--Keyguard: ScrimControllerExImp-->blur State to UNLOCK, bouncer=false changeFromBouncerScrim= false runnerUnlock= false goingAway=false hasHandle=true isOccludeAnimationPlaying=false
07-29 20:32:04.587  4869  4869 I SystemUi--Keyguard: ScrimControllerExImp-->blur State to UNLOCK, bouncer=false changeFromBouncerScrim= false runnerUnlock= false goingAway=false hasHandle=true isOccludeAnimationPlaying=false
07-29 20:32:04.587  4869  5534 W BlurApp_1.0.7-OPlusBlurDrawable: [updatePosition] multiple changes in frame 4, maybe attached to multiple views!
07-29 20:32:04.587  4869  5534 W BlurApp_1.0.7-OPlusBlurDrawable: [updatePosition] multiple changes in frame 4, maybe attached to multiple views!
07-29 20:32:04.587  4869  5534 W BlurApp_1.0.7-OPlusBlurDrawable: [updatePosition] multiple changes in frame 4, maybe attached to multiple views!
07-29 20:32:04.587  4869  5534 W BlurApp_1.0.7-OPlusBlurDrawable: [updatePosition] multiple changes in frame 4, maybe attached to multiple views!
07-29 20:32:04.587  4869  5534 W BlurApp_1.0.7-OPlusBlurDrawable: [updatePosition] multiple changes in frame 4, maybe attached to multiple views!
07-29 20:32:04.587  4869  5534 W BlurApp_1.0.7-OPlusBlurDrawable: [updatePosition] multiple changes in frame 4, maybe attached to multiple views!
07-29 20:32:04.587  4869  5534 W BlurApp_1.0.7-OPlusBlurDrawable: [updatePosition] multiple changes in frame 4, maybe attached to multiple views!
07-29 20:32:04.587  4869  5534 W BlurApp_1.0.7-OPlusBlurDrawable: [updatePosition] multiple changes in frame 4, maybe attached to multiple views!
07-29 20:32:04.587  4869  5534 W BlurApp_1.0.7-OPlusBlurDrawable: [updatePosition] multiple changes in frame 4, maybe attached to multiple views!
07-29 20:32:04.587  4869  5534 W BlurApp_1.0.7-OPlusBlurDrawable: [updatePosition] multiple changes in frame 4, maybe attached to multiple views!
07-29 20:32:04.587  4869  5534 W BlurApp_1.0.7-OPlusBlurDrawable: [updatePosition] multiple changes in frame 4, maybe attached to multiple views!
07-29 20:32:04.587  4869  5534 W BlurApp_1.0.7-OPlusBlurDrawable: [updatePosition] multiple changes in frame 4, maybe attached to multiple views!
07-29 20:32:04.587  4869  5534 W BlurApp_1.0.7-OPlusBlurDrawable: [updatePosition] multiple changes in frame 4, maybe attached to multiple views!
07-29 20:32:04.587  4869  5534 W BlurApp_1.0.7-OPlusBlurDrawable: [updatePosition] multiple changes in frame 4, maybe attached to multiple views!
07-29 20:32:04.587  4869  5534 W BlurApp_1.0.7-OPlusBlurDrawable: [updatePosition] multiple changes in frame 4, maybe attached to multiple views!
07-29 20:32:04.587  4869  5534 W BlurApp_1.0.7-OPlusBlurDrawable: [updatePosition] multiple changes in frame 4, maybe attached to multiple views!
07-29 20:32:04.588  4869  4869 I SystemUi--Keyguard: OplusRepeatWhenAttachedUnlock-->updateState: view.windowVisibility: 0, keyguardShow: false, isInPreviewMode: false, view.hasWindowFocus(): true
07-29 20:32:04.588  4869  4869 I SystemUi--Keyguard: OplusRepeatWhenAttachedUnlock-->updateState: view.windowVisibility: 0, keyguardShow: false, isInPreviewMode: false, view.hasWindowFocus(): true
07-29 20:32:04.588  1929  1987 I SnapAlloc: Using graphics libs for alignment calculations
07-29 20:32:04.589  1929  1987 I SnapAlloc: Using graphics libs for alignment calculations
07-29 20:32:04.589  1929  1987 I SnapAlloc: Using graphics libs for alignment calculations
07-29 20:32:04.592  2200  2200 D OplusInfoMonitor: setListenerReport: reportInfo:
07-29 20:32:04.595  4869  4869 I SystemUi--Keyguard: ScrimControllerExImp-->blur State to UNLOCK, bouncer=false changeFromBouncerScrim= false runnerUnlock= false goingAway=false hasHandle=true isOccludeAnimationPlaying=false
07-29 20:32:04.595  3467  5421 I InputDispatcher: injectInputEvent: targetUid=<not set>, syncMode=WAIT_FOR_FINISHED, timeout=30000ms, policyFlags=0x8000000, event=MotionEvent { action=MOVE, id[0]=0, x[0]=900, y[0]=824.566, eventTime=57409000000, downTime=57288000000, deviceId=4, source=TOUCHSCREEN, displayId=0, eventId=0xdf0fd80c}
07-29 20:32:04.595  4869  4869 I SystemUi--Keyguard: ScrimControllerExImp-->blur State to UNLOCK, bouncer=false changeFromBouncerScrim= false runnerUnlock= false goingAway=false hasHandle=true isOccludeAnimationPlaying=false
07-29 20:32:04.600  2200  2429 D SurfaceFlinger: captureLayers from pid 5415 uid -333
07-29 20:32:04.603  4869  4869 I SystemUi--Keyguard: ScrimControllerExImp-->blur State to UNLOCK, bouncer=false changeFromBouncerScrim= false runnerUnlock= false goingAway=false hasHandle=true isOccludeAnimationPlaying=false
07-29 20:32:04.603  1929  1987 I SnapAlloc: Using graphics libs for alignment calculations
07-29 20:32:04.603  3467  5421 I InputDispatcher: injectInputEvent: targetUid=<not set>, syncMode=WAIT_FOR_FINISHED, timeout=30000ms, policyFlags=0x8000000, event=MotionEvent { action=MOVE, id[0]=0, x[0]=900, y[0]=877.1, eventTime=57417000000, downTime=57288000000, deviceId=4, source=TOUCHSCREEN, displayId=0, eventId=0xc6d926ea}
07-29 20:32:04.604  4869  4869 I SystemUi--Keyguard: ScrimControllerExImp-->blur State to UNLOCK, bouncer=false changeFromBouncerScrim= false runnerUnlock= false goingAway=false hasHandle=true isOccludeAnimationPlaying=false
07-29 20:32:04.612  4869  4869 I SystemUi--Keyguard: ScrimControllerExImp-->blur State to UNLOCK, bouncer=false changeFromBouncerScrim= false runnerUnlock= false goingAway=false hasHandle=true isOccludeAnimationPlaying=false
07-29 20:32:04.612  3467  5421 I InputDispatcher: injectInputEvent: targetUid=<not set>, syncMode=WAIT_FOR_FINISHED, timeout=30000ms, policyFlags=0x8000000, event=MotionEvent { action=MOVE, id[0]=0, x[0]=900, y[0]=936.2, eventTime=57426000000, downTime=57288000000, deviceId=4, source=TOUCHSCREEN, displayId=0, eventId=0xe1ad7964}
07-29 20:32:04.612  3467  3819 D VRR [OPlusSAManager]: setSAConfig scene: VRR_90_120 modeId: 4 auto: true fakeFrame: true
07-29 20:32:04.612  3467  3819 D VRR [OPlusSAManager]: updateAutoMinfps with nits: 123.45833, mHistOK true, mAmbientOK true, mCctOK true, mIrOK true, mBrightnessOK true, isPkgOK true, SA min fps: 119
07-29 20:32:04.612  3467  3819 D VRR [OPlusSurfaceFlingerController]: setAutoMode enable: true fakeFrame: true fps: 119
07-29 20:32:04.612  2200  2429 I VRR-[OPlusAdfrUtil]: ADFR try set Auto mode with mode 1 fakeframe 1 min fps 119
07-29 20:32:04.612  4869  4869 I SystemUi--Keyguard: ScrimControllerExImp-->blur State to UNLOCK, bouncer=false changeFromBouncerScrim= false runnerUnlock= false goingAway=false hasHandle=true isOccludeAnimationPlaying=false
07-29 20:32:04.612  2200  2429 D VRR-[OPlusRefreshRateSelector]: OSyncModes add size is 1.
07-29 20:32:04.612  2200  2429 I VRR-[OPlusRefreshRateSelector]: updateAutoMode success, display 0, mode 0, fakeframe 1, min fps: 1
07-29 20:32:04.612  2200  3326 D VRR-[OPlusRefreshRateSelector]: handleSetHWCOSync
07-29 20:32:04.612  2200  3326 D VRR-[OPlusRefreshRateSelector]: OSyncModes remaining size is 0.
07-29 20:32:04.612  2200  3326 D VRR-[OPlusRefreshRateSelector]: SetHWCOSync with 5CC08181
07-29 20:32:04.612  1933  3323 I SDM     : DisplayBuiltIn::SetQSyncMode: VRR + update qsync mode 0 minfps 00C08181
07-29 20:32:04.618  1933  2249 E SDM     : DRMConnector::Perform: Connector 67: Setting Qsync min fps 12616065
07-29 20:32:04.620  4869  5414 I SystemUi--Statusbar: PrivacyDotViewController-->processNextViewState: 
07-29 20:32:04.620  4869  4869 I SystemUi--Keyguard: ScrimControllerExImp-->blur State to UNLOCK, bouncer=false changeFromBouncerScrim= false runnerUnlock= false goingAway=false hasHandle=true isOccludeAnimationPlaying=false
07-29 20:32:04.620  4869  5414 I SystemUi--Statusbar: PrivacyDotViewController-->resolveState ViewState(viewInitialized=true, systemPrivacyEventIsActive=false, shadeExpanded=true, needShow=false, portraitRect=Rect(0, 0 - 1080, 120), landscapeRect=Rect(120, 0 - 2376, 120), upsideDownRect=Rect(0, 0 - 1080, 120), seascapeRect=Rect(0, 0 - 2244, 120), layoutRtl=false, rotation=0, paddingTop=14, paddingBottom=15, cornerIndex=1, designatedCorner=android.widget.FrameLayout{988d554 I.E...... ......ID 1032,0-1080,120 #7f0a09cd app:id/privacy_dot_top_right_container alpha=1.0 viewInfo = }, contentDescription=null, dotMargin=48)
07-29 20:32:04.620  3467  5421 I InputDispatcher: injectInputEvent: targetUid=<not set>, syncMode=WAIT_FOR_FINISHED, timeout=30000ms, policyFlags=0x8000000, event=MotionEvent { action=MOVE, id[0]=0, x[0]=900, y[0]=988.733, eventTime=57434000000, downTime=57288000000, deviceId=4, source=TOUCHSCREEN, displayId=0, eventId=0xf8273469}
07-29 20:32:04.620  4869  4869 I SystemUi--Keyguard: ScrimControllerExImp-->blur State to UNLOCK, bouncer=false changeFromBouncerScrim= false runnerUnlock= false goingAway=false hasHandle=true isOccludeAnimationPlaying=false
07-29 20:32:04.620  1929  1987 I SnapAlloc: Using graphics libs for alignment calculations
07-29 20:32:04.628  4869  4869 I SystemUi--Keyguard: ScrimControllerExImp-->blur State to UNLOCK, bouncer=false changeFromBouncerScrim= false runnerUnlock= false goingAway=false hasHandle=true isOccludeAnimationPlaying=false
07-29 20:32:04.628  3467  5421 I InputDispatcher: injectInputEvent: targetUid=<not set>, syncMode=WAIT_FOR_FINISHED, timeout=30000ms, policyFlags=0x8000000, event=MotionEvent { action=MOVE, id[0]=0, x[0]=900, y[0]=1041.27, eventTime=57442000000, downTime=57288000000, deviceId=4, source=TOUCHSCREEN, displayId=0, eventId=0xe6c9f5cf}
07-29 20:32:04.629  4869  4869 I SystemUi--Keyguard: ScrimControllerExImp-->blur State to UNLOCK, bouncer=false changeFromBouncerScrim= false runnerUnlock= false goingAway=false hasHandle=true isOccludeAnimationPlaying=false
07-29 20:32:04.637  1929  1987 I SnapAlloc: Using graphics libs for alignment calculations
07-29 20:32:04.637  4869  4869 I SystemUi--Keyguard: ScrimControllerExImp-->blur State to UNLOCK, bouncer=false changeFromBouncerScrim= false runnerUnlock= false goingAway=false hasHandle=true isOccludeAnimationPlaying=false
07-29 20:32:04.637  3467  5421 I InputDispatcher: injectInputEvent: targetUid=<not set>, syncMode=WAIT_FOR_FINISHED, timeout=30000ms, policyFlags=0x8000000, event=MotionEvent { action=MOVE, id[0]=0, x[0]=900, y[0]=1100.37, eventTime=57451000000, downTime=57288000000, deviceId=4, source=TOUCHSCREEN, displayId=0, eventId=0xf5bdda89}
07-29 20:32:04.637  4869  4869 I SystemUi--Keyguard: ScrimControllerExImp-->blur State to UNLOCK, bouncer=false changeFromBouncerScrim= false runnerUnlock= false goingAway=false hasHandle=true isOccludeAnimationPlaying=false
07-29 20:32:04.645  3467  5421 I InputDispatcher: injectInputEvent: targetUid=<not set>, syncMode=WAIT_FOR_FINISHED, timeout=30000ms, policyFlags=0x8000000, event=MotionEvent { action=MOVE, id[0]=0, x[0]=900, y[0]=1152.9, eventTime=57459000000, downTime=57288000000, deviceId=4, source=TOUCHSCREEN, displayId=0, eventId=0xde7b0ed3}
07-29 20:32:04.645  4869  4869 I SystemUi--Keyguard: ScrimControllerExImp-->blur State to UNLOCK, bouncer=false changeFromBouncerScrim= false runnerUnlock= false goingAway=false hasHandle=true isOccludeAnimationPlaying=false
07-29 20:32:04.645  4869  4869 I SystemUi--Keyguard: ScrimControllerExImp-->blur State to UNLOCK, bouncer=false changeFromBouncerScrim= false runnerUnlock= false goingAway=false hasHandle=true isOccludeAnimationPlaying=false
07-29 20:32:04.653  1929  1987 I SnapAlloc: Using graphics libs for alignment calculations
07-29 20:32:04.653  4869  4869 I SystemUi--Keyguard: ScrimControllerExImp-->blur State to UNLOCK, bouncer=false changeFromBouncerScrim= false runnerUnlock= false goingAway=false hasHandle=true isOccludeAnimationPlaying=false
07-29 20:32:04.654  3467  5421 I InputDispatcher: injectInputEvent: targetUid=<not set>, syncMode=WAIT_FOR_FINISHED, timeout=30000ms, policyFlags=0x8000000, event=MotionEvent { action=MOVE, id[0]=0, x[0]=900, y[0]=1205.43, eventTime=57467000000, downTime=57288000000, deviceId=4, source=TOUCHSCREEN, displayId=0, eventId=0xd190f85a}
07-29 20:32:04.654  4869  4869 I SystemUi--Keyguard: ScrimControllerExImp-->blur State to UNLOCK, bouncer=false changeFromBouncerScrim= false runnerUnlock= false goingAway=false hasHandle=true isOccludeAnimationPlaying=false
07-29 20:32:04.662  4869  4869 I SystemUi--Keyguard: ScrimControllerExImp-->blur State to UNLOCK, bouncer=false changeFromBouncerScrim= false runnerUnlock= false goingAway=false hasHandle=true isOccludeAnimationPlaying=false
07-29 20:32:04.662  3467  5421 I InputDispatcher: injectInputEvent: targetUid=<not set>, syncMode=WAIT_FOR_FINISHED, timeout=30000ms, policyFlags=0x8000000, event=MotionEvent { action=MOVE, id[0]=0, x[0]=900, y[0]=1264.53, eventTime=57476000000, downTime=57288000000, deviceId=4, source=TOUCHSCREEN, displayId=0, eventId=0xe279883c}
07-29 20:32:04.662  4869  4869 I SystemUi--Keyguard: ScrimControllerExImp-->blur State to UNLOCK, bouncer=false changeFromBouncerScrim= false runnerUnlock= false goingAway=false hasHandle=true isOccludeAnimationPlaying=false
07-29 20:32:04.670  1929  1987 I SnapAlloc: Using graphics libs for alignment calculations
07-29 20:32:04.670  4869  4869 I SystemUi--Keyguard: ScrimControllerExImp-->blur State to UNLOCK, bouncer=false changeFromBouncerScrim= false runnerUnlock= false goingAway=false hasHandle=true isOccludeAnimationPlaying=false
07-29 20:32:04.670  3467  5421 I InputDispatcher: injectInputEvent: targetUid=<not set>, syncMode=WAIT_FOR_FINISHED, timeout=30000ms, policyFlags=0x8000000, event=MotionEvent { action=MOVE, id[0]=0, x[0]=900, y[0]=1317.07, eventTime=57484000000, downTime=57288000000, deviceId=4, source=TOUCHSCREEN, displayId=0, eventId=0xcaff7c61}
07-29 20:32:04.670  4869  4869 I SystemUi--Keyguard: ScrimControllerExImp-->blur State to UNLOCK, bouncer=false changeFromBouncerScrim= false runnerUnlock= false goingAway=false hasHandle=true isOccludeAnimationPlaying=false
07-29 20:32:04.673  4869  4869 I SystemUi--QuickSettings: QsLottieUtils-->getLottieAnimFile : qs/qs_location_lottie_active_sep_dual_light.json
07-29 20:32:04.677  4869 13140 W LOG_Effective: Effective doesn't support layer effects. If you are using them for  fills, strokes, trim paths etc. then try adding them directly as contents  in your shape. Found: [Slider Control]
07-29 20:32:04.677  4869 13140 W LOG_Effective: Animation contains merge paths. Merge paths are only supported on KitKat+ and must be manually enabled by calling enableMergePathsForKitKatAndAbove().
07-29 20:32:04.678  4869  4869 I SystemUi--Keyguard: ScrimControllerExImp-->blur State to UNLOCK, bouncer=false changeFromBouncerScrim= false runnerUnlock= false goingAway=false hasHandle=true isOccludeAnimationPlaying=false
07-29 20:32:04.678  3467  5421 I InputDispatcher: injectInputEvent: targetUid=<not set>, syncMode=WAIT_FOR_FINISHED, timeout=30000ms, policyFlags=0x8000000, event=MotionEvent { action=MOVE, id[0]=0, x[0]=900, y[0]=1369.6, eventTime=57492000000, downTime=57288000000, deviceId=4, source=TOUCHSCREEN, displayId=0, eventId=0xeee48872}
07-29 20:32:04.678  4869  4869 I SystemUi--Keyguard: ScrimControllerExImp-->blur State to UNLOCK, bouncer=false changeFromBouncerScrim= false runnerUnlock= false goingAway=false hasHandle=true isOccludeAnimationPlaying=false
07-29 20:32:04.681  4869  4869 I SystemUi--QuickSettings: QsLottieUtils-->getLottieAnimFile : qs/qs_nfc_lottie_active_sep_dual_light.json
07-29 20:32:04.682  4869  4869 W LOG_Effective: Animation contains merge paths but they are disabled.
07-29 20:32:04.684  4869  5534 D HWUI    : OplusRenderNodeAnimator end!
07-29 20:32:04.684  4869  5534 D HWUI    : OplusRenderNodeAnimator end!
07-29 20:32:04.684  4869  5534 D HWUI    : OplusRenderNodeAnimator end!
07-29 20:32:04.684  4869  5534 D HWUI    : OplusRenderNodeAnimator end!
07-29 20:32:04.684  4869  4869 I SystemUi--Statusbar: CollapsedStatusBarFragmentExImpl-->animateHiddenState onAnimationEnd v:com.oplus.systemui.statusbar.widget.EndSideContentLayout{ca91956 V.E...... ........ 172,0-440,91 #7f0a0c16 app:id/status_bar_end_side_content alpha=1.0 viewInfo = }  v alpha:1.0 v render alpha:0.0 animateAlpha=0.0
07-29 20:32:04.684  4869  4869 I SystemUi--Statusbar: CollapsedStatusBarFragmentExImpl-->animateHiddenState onAnimationEnd v:com.android.keyguard.AlphaOptimizedLinearLayout{37dbb35 V.E...... ........ 0,0-48,91 alpha=1.0 viewInfo = }  v alpha:1.0 v render alpha:0.0 animateAlpha=0.0
07-29 20:32:04.684  4869  4869 I SystemUi--Statusbar: CollapsedStatusBarFragmentExImpl-->animateHiddenState onAnimationEnd v:com.oplus.systemui.statusbar.seeding.CapsulePluginContainer{1127cde V.E...... ........ 0,0-1080,120 #7f0a0b3b app:id/seeding_card_container alpha=1.0 viewInfo = }  v alpha:1.0 v render alpha:0.0 animateAlpha=0.0
07-29 20:32:04.684  4869  4869 I SystemUi--Statusbar: CollapsedStatusBarFragmentExImpl-->animateHiddenState onAnimationEnd v:com.oplus.systemui.statusbar.widget.StatClock{72293b4 V.ED..... ........ 0,0-134,91 #7f0a02b9 app:id/clock alpha=1.0 viewInfo = }  v alpha:1.0 v render alpha:0.0 animateAlpha=0.0
07-29 20:32:04.686  4869  4869 I SystemUi--Keyguard: ScrimControllerExImp-->blur State to UNLOCK, bouncer=false changeFromBouncerScrim= false runnerUnlock= false goingAway=false hasHandle=true isOccludeAnimationPlaying=false
07-29 20:32:04.686  3467  5421 I InputDispatcher: injectInputEvent: targetUid=<not set>, syncMode=WAIT_FOR_FINISHED, timeout=30000ms, policyFlags=0x8000000, event=MotionEvent { action=MOVE, id[0]=0, x[0]=900, y[0]=1422.13, eventTime=57500000000, downTime=57288000000, deviceId=4, source=TOUCHSCREEN, displayId=0, eventId=0xdef13bb3}
07-29 20:32:04.686  1929  1987 I SnapAlloc: Using graphics libs for alignment calculations
07-29 20:32:04.687  4869  4869 I SystemUi--Keyguard: ScrimControllerExImp-->blur State to UNLOCK, bouncer=false changeFromBouncerScrim= false runnerUnlock= false goingAway=false hasHandle=true isOccludeAnimationPlaying=false
07-29 20:32:04.687  3467  3814 D PowerManagerService: userActivityNoUpdateLocked: groupId=0, eventTime=57500, event=touch, flags=0x0, uid=1000
07-29 20:32:04.695  4869  4869 I SystemUi--Keyguard: ScrimControllerExImp-->blur State to UNLOCK, bouncer=false changeFromBouncerScrim= false runnerUnlock= false goingAway=false hasHandle=true isOccludeAnimationPlaying=false
07-29 20:32:04.695  3467  5421 I InputDispatcher: injectInputEvent: targetUid=<not set>, syncMode=WAIT_FOR_FINISHED, timeout=30000ms, policyFlags=0x8000000, event=MotionEvent { action=MOVE, id[0]=0, x[0]=900, y[0]=1481.23, eventTime=57509000000, downTime=57288000000, deviceId=4, source=TOUCHSCREEN, displayId=0, eventId=0xc721a6f2}
07-29 20:32:04.695  4869  4869 I SystemUi--Keyguard: ScrimControllerExImp-->blur State to UNLOCK, bouncer=false changeFromBouncerScrim= false runnerUnlock= false goingAway=false hasHandle=true isOccludeAnimationPlaying=false
07-29 20:32:04.703  4869  4869 I SystemUi--Keyguard: ScrimControllerExImp-->blur State to UNLOCK, bouncer=false changeFromBouncerScrim= false runnerUnlock= false goingAway=false hasHandle=true isOccludeAnimationPlaying=false
07-29 20:32:04.703  1929  1987 I SnapAlloc: Using graphics libs for alignment calculations
07-29 20:32:04.703  3467  5421 I InputDispatcher: injectInputEvent: targetUid=<not set>, syncMode=WAIT_FOR_FINISHED, timeout=30000ms, policyFlags=0x8000000, event=MotionEvent { action=MOVE, id[0]=0, x[0]=900, y[0]=1533.77, eventTime=57517000000, downTime=57288000000, deviceId=4, source=TOUCHSCREEN, displayId=0, eventId=0xd61a59ea}
07-29 20:32:04.703  4869  4869 I SystemUi--Keyguard: ScrimControllerExImp-->blur State to UNLOCK, bouncer=false changeFromBouncerScrim= false runnerUnlock= false goingAway=false hasHandle=true isOccludeAnimationPlaying=false
07-29 20:32:04.711  4869  4869 I SystemUi--Keyguard: ScrimControllerExImp-->blur State to UNLOCK, bouncer=false changeFromBouncerScrim= false runnerUnlock= false goingAway=false hasHandle=true isOccludeAnimationPlaying=false
07-29 20:32:04.711  3467  5421 I InputDispatcher: injectInputEvent: targetUid=<not set>, syncMode=WAIT_FOR_FINISHED, timeout=30000ms, policyFlags=0x8000000, event=MotionEvent { action=MOVE, id[0]=0, x[0]=900, y[0]=1586.3, eventTime=57525000000, downTime=57288000000, deviceId=4, source=TOUCHSCREEN, displayId=0, eventId=0xe56f9e26}
07-29 20:32:04.712  4869  4869 I SystemUi--Keyguard: ScrimControllerExImp-->blur State to UNLOCK, bouncer=false changeFromBouncerScrim= false runnerUnlock= false goingAway=false hasHandle=true isOccludeAnimationPlaying=false
07-29 20:32:04.720  4869  4869 I SystemUi--Keyguard: ScrimControllerExImp-->blur State to UNLOCK, bouncer=false changeFromBouncerScrim= false runnerUnlock= false goingAway=false hasHandle=true isOccludeAnimationPlaying=false
07-29 20:32:04.720  1929  1987 I SnapAlloc: Using graphics libs for alignment calculations
07-29 20:32:04.720  3467  5421 I InputDispatcher: injectInputEvent: targetUid=<not set>, syncMode=WAIT_FOR_FINISHED, timeout=30000ms, policyFlags=0x8000000, event=MotionEvent { action=MOVE, id[0]=0, x[0]=900, y[0]=1645.4, eventTime=57534000000, downTime=57288000000, deviceId=4, source=TOUCHSCREEN, displayId=0, eventId=0xc1943e08}
07-29 20:32:04.720  4869  4869 I SystemUi--Keyguard: ScrimControllerExImp-->blur State to UNLOCK, bouncer=false changeFromBouncerScrim= false runnerUnlock= false goingAway=false hasHandle=true isOccludeAnimationPlaying=false
07-29 20:32:04.728  4869  4869 I SystemUi--Keyguard: ScrimControllerExImp-->blur State to UNLOCK, bouncer=false changeFromBouncerScrim= false runnerUnlock= false goingAway=false hasHandle=true isOccludeAnimationPlaying=false
07-29 20:32:04.728  3467  5421 I InputDispatcher: injectInputEvent: targetUid=<not set>, syncMode=WAIT_FOR_FINISHED, timeout=30000ms, policyFlags=0x8000000, event=MotionEvent { action=MOVE, id[0]=0, x[0]=900, y[0]=1697.93, eventTime=57542000000, downTime=57288000000, deviceId=4, source=TOUCHSCREEN, displayId=0, eventId=0xdcab8d55}
07-29 20:32:04.728  4869  4869 I SystemUi--Keyguard: ScrimControllerExImp-->blur State to UNLOCK, bouncer=false changeFromBouncerScrim= false runnerUnlock= false goingAway=false hasHandle=true isOccludeAnimationPlaying=false
07-29 20:32:04.736  4869  4869 I SystemUi--Keyguard: ScrimControllerExImp-->blur State to UNLOCK, bouncer=false changeFromBouncerScrim= false runnerUnlock= false goingAway=false hasHandle=true isOccludeAnimationPlaying=false
07-29 20:32:04.736  1929  1987 I SnapAlloc: Using graphics libs for alignment calculations
07-29 20:32:04.737  3467  5421 I InputDispatcher: injectInputEvent: targetUid=<not set>, syncMode=WAIT_FOR_FINISHED, timeout=30000ms, policyFlags=0x8000000, event=MotionEvent { action=MOVE, id[0]=0, x[0]=900, y[0]=1757.03, eventTime=57551000000, downTime=57288000000, deviceId=4, source=TOUCHSCREEN, displayId=0, eventId=0xc11ac96d}
07-29 20:32:04.737  4869  4869 I SystemUi--Keyguard: ScrimControllerExImp-->blur State to UNLOCK, bouncer=false changeFromBouncerScrim= false runnerUnlock= false goingAway=false hasHandle=true isOccludeAnimationPlaying=false
07-29 20:32:04.745  4869  4869 I SystemUi--Keyguard: ScrimControllerExImp-->blur State to UNLOCK, bouncer=false changeFromBouncerScrim= false runnerUnlock= false goingAway=false hasHandle=true isOccludeAnimationPlaying=false
07-29 20:32:04.746  4869  4869 I SystemUi--Keyguard: ScrimControllerExImp-->blur State to UNLOCK, bouncer=false changeFromBouncerScrim= false runnerUnlock= false goingAway=false hasHandle=true isOccludeAnimationPlaying=false
07-29 20:32:04.746  3467  5421 I InputDispatcher: injectInputEvent: targetUid=<not set>, syncMode=WAIT_FOR_FINISHED, timeout=30000ms, policyFlags=0x8000000, event=MotionEvent { action=MOVE, id[0]=0, x[0]=900, y[0]=1809.57, eventTime=57559000000, downTime=57288000000, deviceId=4, source=TOUCHSCREEN, displayId=0, eventId=0xc3f38c6a}
07-29 20:32:04.751  2002  2002 D SensorFeature: name=ssc_screenshot_info ,index = 22
07-29 20:32:04.751  2002  2002 D SensorFeature: write 29 bytes:57556415185,57564748518,156,0
07-29 20:32:04.753  1929  1987 I SnapAlloc: Using graphics libs for alignment calculations
07-29 20:32:04.753  4869  4869 I SystemUi--Keyguard: ScrimControllerExImp-->blur State to UNLOCK, bouncer=false changeFromBouncerScrim= false runnerUnlock= false goingAway=false hasHandle=true isOccludeAnimationPlaying=false
07-29 20:32:04.754  3467  5421 I InputDispatcher: injectInputEvent: targetUid=<not set>, syncMode=WAIT_FOR_FINISHED, timeout=30000ms, policyFlags=0x8000000, event=MotionEvent { action=MOVE, id[0]=0, x[0]=900, y[0]=1862.1, eventTime=57567000000, downTime=57288000000, deviceId=4, source=TOUCHSCREEN, displayId=0, eventId=0xd2b9e55a}
07-29 20:32:04.754  4869  4869 I SystemUi--Keyguard: ScrimControllerExImp-->blur State to UNLOCK, bouncer=false changeFromBouncerScrim= false runnerUnlock= false goingAway=false hasHandle=true isOccludeAnimationPlaying=false
07-29 20:32:04.761  4869  4869 I SystemUi--Keyguard: ScrimControllerExImp-->blur State to UNLOCK, bouncer=false changeFromBouncerScrim= false runnerUnlock= false goingAway=false hasHandle=true isOccludeAnimationPlaying=false
07-29 20:32:04.762  4869  4869 I SystemUi--Keyguard: ScrimControllerExImp-->blur State to UNLOCK, bouncer=false changeFromBouncerScrim= false runnerUnlock= false goingAway=false hasHandle=true isOccludeAnimationPlaying=false
07-29 20:32:04.762  3467  5421 I InputDispatcher: injectInputEvent: targetUid=<not set>, syncMode=WAIT_FOR_FINISHED, timeout=30000ms, policyFlags=0x8000000, event=MotionEvent { action=MOVE, id[0]=0, x[0]=900, y[0]=1914.63, eventTime=57575000000, downTime=57288000000, deviceId=4, source=TOUCHSCREEN, displayId=0, eventId=0xcab7dd34}
07-29 20:32:04.770  1929  1987 I SnapAlloc: Using graphics libs for alignment calculations
07-29 20:32:04.770  4869  4869 I SystemUi--Keyguard: ScrimControllerExImp-->blur State to UNLOCK, bouncer=false changeFromBouncerScrim= false runnerUnlock= false goingAway=false hasHandle=true isOccludeAnimationPlaying=false
07-29 20:32:04.770  3467  5421 I InputDispatcher: injectInputEvent: targetUid=<not set>, syncMode=WAIT_FOR_FINISHED, timeout=30000ms, policyFlags=0x8000000, event=MotionEvent { action=MOVE, id[0]=0, x[0]=900, y[0]=1973.73, eventTime=57584000000, downTime=57288000000, deviceId=4, source=TOUCHSCREEN, displayId=0, eventId=0xe54a7637}
07-29 20:32:04.770  4869  4869 I SystemUi--Keyguard: ScrimControllerExImp-->blur State to UNLOCK, bouncer=false changeFromBouncerScrim= false runnerUnlock= false goingAway=false hasHandle=true isOccludeAnimationPlaying=false
07-29 20:32:04.778  4869  4869 I SystemUi--Keyguard: ScrimControllerExImp-->blur State to UNLOCK, bouncer=false changeFromBouncerScrim= false runnerUnlock= false goingAway=false hasHandle=true isOccludeAnimationPlaying=false
07-29 20:32:04.778  3467  5421 I InputDispatcher: injectInputEvent: targetUid=<not set>, syncMode=WAIT_FOR_FINISHED, timeout=30000ms, policyFlags=0x8000000, event=MotionEvent { action=UP, id[0]=0, x[0]=900, y[0]=2000, eventTime=57592000000, downTime=57288000000, deviceId=4, source=TOUCHSCREEN, displayId=0, eventId=0xf2f08ba9}
07-29 20:32:04.778  4869  4869 I SystemUi--Keyguard: ScrimControllerExImp-->blur State to UNLOCK, bouncer=false changeFromBouncerScrim= false runnerUnlock= false goingAway=false hasHandle=true isOccludeAnimationPlaying=false
07-29 20:32:04.778  3467  4832 D UAH-UahAdaptHelper: adaptSetNotification identity = OplusUAwareInputHelpersrc = 1000 , type 1 ,p1 = -1 ,p2 = -1 ,p3 = -1 ,p4 =
07-29 20:32:04.778  3467  4832 I [UAH_CLIENT]: uahRuleCtl, ruleId:1000, status:1
07-29 20:32:04.779  3467  4458 D OplusViewDebugManager: OplusViewDebugManager Constructor android.view.debug.OplusViewDebugManager@5839968 [mHasViewDebugProperty true] [mHasMsgDebugProperty false] [DEBUG false] [EXTRAINFOENABLE false] [LIGHT_OS false]
07-29 20:32:04.779  3467  4458 D OplusViewDebugManager: OplusViewDebugManager Constructor android.view.debug.OplusViewDebugManager@363181 [mHasViewDebugProperty true] [mHasMsgDebugProperty false] [DEBUG false] [EXTRAINFOENABLE false] [LIGHT_OS false]
07-29 20:32:04.779  3467  4832 I [UAH_CLIENT]: UahRelease, handle:39
07-29 20:32:04.779  3467  4832 I [UAH_CLIENT]: UahEventAcquire, cmdid:6, pkg:none, identity:OplusUAwareInputHelper
07-29 20:32:04.780  4869  4869 I SystemUi--Statusbar: OplusStatusBarWindowViewTouchExImpl-->onTouchEvent handled:false
07-29 20:32:04.780  4869  4869 I SystemUi--QuickSettings: OplusPanelViewPagerController-->reset
07-29 20:32:04.780  4869  4869 I SystemUi--QuickSettings: OplusPanelViewPagerController-->reset
07-29 20:32:04.780  4869  6472 I [UAH_CLIENT]: UahRelease, handle:38
07-29 20:32:04.780  4869  4869 I SystemUi--QuickSettings: OplusQSRootViewController-->endMotionEvent, expand: true, vel: 6566.6235, vectorVel: 6566.6235  isClosing=false panelClosedOnDown=true canSlideHToQSOnStatusBar=true
07-29 20:32:04.780  4869  4869 I SystemUi--QuickSettings: OplusQSRootViewController-->fling qs, expand: true, vel: 6566.6235
07-29 20:32:04.780  4869  4869 I SystemUi--QuickSettings: QSPanelExpandFraction-->animateExpanded, isExpanded=true, (0.9757785 -> 1.0), lastFinalPosition=1.0
07-29 20:32:04.780  4869  4869 I SystemUi--QuickSettings: QSPanelTranslationY-->animateExpandTranslationY, isExpanded=true, threshold=156.0
07-29 20:32:04.780  4869  4869 I SystemUi--QuickSettings: QSPanelAnimatorManager-->startRebound
07-29 20:32:04.780  4869  6472 I [UAH_CLIENT]: UahEventAcquire, cmdid:97, pkg:none, identity:OsenseHelperImpl
07-29 20:32:04.781  1954  1991 I [UAH_CLIENT]: UahPlatformResAcquire
07-29 20:32:04.781  1954  1991 I [UAH_CLIENT]: UahEventAcquire, cmdid:-3, pkg:1954 7092, identity:qcom-perfd
07-29 20:32:04.782  1954  1991 E PERFHAL-RESOURCEQS: PERFHAL-RESOURCEQS: AddAndApply() 130: Resource with major=18, minor=30 not supported
07-29 20:32:04.782  1954  1991 E PERFHAL-RESOURCEQS: PERFHAL-RESOURCEQS: AddAndApply() 130: Resource with major=18, minor=31 not supported
07-29 20:32:04.783  4869  4869 I SystemUi--QuickSettings: OplusPanelViewPagerController-->notifySeparateQSEndMotionEvent currentNotifyFraction=0.0  fraction=0.9757785 notifyExpandedFraction=0.0 fractionListeners.size=0
07-29 20:32:04.783  4869  4869 I SystemUi--QuickSettings: OplusQSRootViewController-->resetTouch
07-29 20:32:04.783  4869  4869 D OplusViewDragTouchViewHelper: dispatchTouchView action = 1
07-29 20:32:04.783  4869  4869 D OplusViewDragTouchViewHelper: dispatchTouchView action = 1
07-29 20:32:04.783  4869  4869 D OplusViewDragTouchViewHelper: dispatchTouchView action = 1
07-29 20:32:04.786  4869  4869 I SystemUi--Keyguard: ScrimControllerExImp-->blur State to UNLOCK, bouncer=false changeFromBouncerScrim= false runnerUnlock= false goingAway=false hasHandle=true isOccludeAnimationPlaying=false
07-29 20:32:04.786  1929  1987 I SnapAlloc: Using graphics libs for alignment calculations
07-29 20:32:04.786  4869  4869 I SystemUi--Keyguard: ScrimControllerExImp-->blur State to UNLOCK, bouncer=false changeFromBouncerScrim= false runnerUnlock= false goingAway=false hasHandle=true isOccludeAnimationPlaying=false
07-29 20:32:04.794  4869  4869 I SystemUi--Keyguard: ScrimControllerExImp-->blur State to UNLOCK, bouncer=false changeFromBouncerScrim= false runnerUnlock= false goingAway=false hasHandle=true isOccludeAnimationPlaying=false
07-29 20:32:04.794  4869  4869 I SystemUi--Keyguard: ScrimControllerExImp-->blur State to UNLOCK, bouncer=false changeFromBouncerScrim= false runnerUnlock= false goingAway=false hasHandle=true isOccludeAnimationPlaying=false
07-29 20:32:04.802  4869  4869 I SystemUi--Keyguard: ScrimControllerExImp-->blur State to UNLOCK, bouncer=false changeFromBouncerScrim= false runnerUnlock= false goingAway=false hasHandle=true isOccludeAnimationPlaying=false
07-29 20:32:04.803  1929  1987 I SnapAlloc: Using graphics libs for alignment calculations
07-29 20:32:04.803  4869  4869 I SystemUi--Keyguard: ScrimControllerExImp-->blur State to UNLOCK, bouncer=false changeFromBouncerScrim= false runnerUnlock= false goingAway=false hasHandle=true isOccludeAnimationPlaying=false
07-29 20:32:04.811  4869  4869 I SystemUi--Keyguard: ScrimControllerExImp-->blur State to UNLOCK, bouncer=false changeFromBouncerScrim= false runnerUnlock= false goingAway=false hasHandle=true isOccludeAnimationPlaying=false
07-29 20:32:04.811  4869  4869 I SystemUi--Keyguard: ScrimControllerExImp-->blur State to UNLOCK, bouncer=false changeFromBouncerScrim= false runnerUnlock= false goingAway=false hasHandle=true isOccludeAnimationPlaying=false
07-29 20:32:04.819  4869  4869 I SystemUi--Keyguard: ScrimControllerExImp-->blur State to UNLOCK, bouncer=false changeFromBouncerScrim= false runnerUnlock= false goingAway=false hasHandle=true isOccludeAnimationPlaying=false
07-29 20:32:04.819  1929  1987 I SnapAlloc: Using graphics libs for alignment calculations
07-29 20:32:04.819  4869  4869 I SystemUi--Keyguard: ScrimControllerExImp-->blur State to UNLOCK, bouncer=false changeFromBouncerScrim= false runnerUnlock= false goingAway=false hasHandle=true isOccludeAnimationPlaying=false
07-29 20:32:04.827  4869  4869 I SystemUi--Keyguard: ScrimControllerExImp-->blur State to UNLOCK, bouncer=false changeFromBouncerScrim= false runnerUnlock= false goingAway=false hasHandle=true isOccludeAnimationPlaying=false
07-29 20:32:04.828  4869  4869 I SystemUi--Keyguard: ScrimControllerExImp-->blur State to UNLOCK, bouncer=false changeFromBouncerScrim= false runnerUnlock= false goingAway=false hasHandle=true isOccludeAnimationPlaying=false
07-29 20:32:04.836  4869  4869 I SystemUi--Keyguard: ScrimControllerExImp-->blur State to UNLOCK, bouncer=false changeFromBouncerScrim= false runnerUnlock= false goingAway=false hasHandle=true isOccludeAnimationPlaying=false
07-29 20:32:04.836  1929  1987 I SnapAlloc: Using graphics libs for alignment calculations
07-29 20:32:04.836  4869  4869 I SystemUi--Keyguard: ScrimControllerExImp-->blur State to UNLOCK, bouncer=false changeFromBouncerScrim= false runnerUnlock= false goingAway=false hasHandle=true isOccludeAnimationPlaying=false
07-29 20:32:04.844  4869  4869 I SystemUi--Keyguard: ScrimControllerExImp-->blur State to UNLOCK, bouncer=false changeFromBouncerScrim= false runnerUnlock= false goingAway=false hasHandle=true isOccludeAnimationPlaying=false
07-29 20:32:04.845  4869  4869 I SystemUi--Keyguard: ScrimControllerExImp-->blur State to UNLOCK, bouncer=false changeFromBouncerScrim= false runnerUnlock= false goingAway=false hasHandle=true isOccludeAnimationPlaying=false
07-29 20:32:04.852  4869  4869 I SystemUi--Keyguard: ScrimControllerExImp-->blur State to UNLOCK, bouncer=false changeFromBouncerScrim= false runnerUnlock= false goingAway=false hasHandle=true isOccludeAnimationPlaying=false
07-29 20:32:04.852  1929  1987 I SnapAlloc: Using graphics libs for alignment calculations
07-29 20:32:04.853  4869  4869 I SystemUi--Keyguard: ScrimControllerExImp-->blur State to UNLOCK, bouncer=false changeFromBouncerScrim= false runnerUnlock= false goingAway=false hasHandle=true isOccludeAnimationPlaying=false
07-29 20:32:04.861  4869  4869 I SystemUi--Keyguard: ScrimControllerExImp-->blur State to UNLOCK, bouncer=false changeFromBouncerScrim= false runnerUnlock= false goingAway=false hasHandle=true isOccludeAnimationPlaying=false
07-29 20:32:04.861  4869  4869 I SystemUi--Keyguard: ScrimControllerExImp-->blur State to UNLOCK, bouncer=false changeFromBouncerScrim= false runnerUnlock= false goingAway=false hasHandle=true isOccludeAnimationPlaying=false
07-29 20:32:04.869  4869  4869 I SystemUi--Keyguard: ScrimControllerExImp-->blur State to UNLOCK, bouncer=false changeFromBouncerScrim= false runnerUnlock= false goingAway=false hasHandle=true isOccludeAnimationPlaying=false
07-29 20:32:04.869  4869  4869 I SystemUi--Keyguard: ScrimControllerExImp-->blur State to UNLOCK, bouncer=false changeFromBouncerScrim= false runnerUnlock= false goingAway=false hasHandle=true isOccludeAnimationPlaying=false
07-29 20:32:04.870  1929  1987 I SnapAlloc: Using graphics libs for alignment calculations
07-29 20:32:04.877  4869  4869 I SystemUi--Keyguard: ScrimControllerExImp-->blur State to UNLOCK, bouncer=false changeFromBouncerScrim= false runnerUnlock= false goingAway=false hasHandle=true isOccludeAnimationPlaying=false
07-29 20:32:04.878  4869  4869 I SystemUi--Keyguard: ScrimControllerExImp-->blur State to UNLOCK, bouncer=false changeFromBouncerScrim= false runnerUnlock= false goingAway=false hasHandle=true isOccludeAnimationPlaying=false
07-29 20:32:04.885  4869  4869 I SystemUi--Keyguard: ScrimControllerExImp-->blur State to UNLOCK, bouncer=false changeFromBouncerScrim= false runnerUnlock= false goingAway=false hasHandle=true isOccludeAnimationPlaying=false
07-29 20:32:04.886  1929  1987 I SnapAlloc: Using graphics libs for alignment calculations
07-29 20:32:04.886  4869  4869 I SystemUi--Keyguard: ScrimControllerExImp-->blur State to UNLOCK, bouncer=false changeFromBouncerScrim= false runnerUnlock= false goingAway=false hasHandle=true isOccludeAnimationPlaying=false
07-29 20:32:04.894  4869  4869 I SystemUi--Keyguard: ScrimControllerExImp-->blur State to UNLOCK, bouncer=false changeFromBouncerScrim= false runnerUnlock= false goingAway=false hasHandle=true isOccludeAnimationPlaying=false
07-29 20:32:04.894  4869  4869 I SystemUi--Keyguard: ScrimControllerExImp-->blur State to UNLOCK, bouncer=false changeFromBouncerScrim= false runnerUnlock= false goingAway=false hasHandle=true isOccludeAnimationPlaying=false
07-29 20:32:04.902  4869  4869 I SystemUi--Keyguard: ScrimControllerExImp-->blur State to UNLOCK, bouncer=false changeFromBouncerScrim= false runnerUnlock= false goingAway=false hasHandle=true isOccludeAnimationPlaying=false
07-29 20:32:04.902  1929  1987 I SnapAlloc: Using graphics libs for alignment calculations
07-29 20:32:04.902  4869  4869 I SystemUi--Keyguard: ScrimControllerExImp-->blur State to UNLOCK, bouncer=false changeFromBouncerScrim= false runnerUnlock= false goingAway=false hasHandle=true isOccludeAnimationPlaying=false
07-29 20:32:04.910  4869  4869 I SystemUi--Keyguard: ScrimControllerExImp-->blur State to UNLOCK, bouncer=false changeFromBouncerScrim= false runnerUnlock= false goingAway=false hasHandle=true isOccludeAnimationPlaying=false
