07-29 18:48:20.812  3535  4533 I WifiScanningService: Received a request to enable scanning, UID = 1000
07-29 18:48:20.812  3535  4533 I WifiScanningService: scanner impls already exists
07-29 18:48:20.812  5128  5957 I QImsService: ImsRadioIndicationAidl : onRadioStateChanged()[SUB0]
07-29 18:48:20.812  3535  4533 E WifiScanningService: wifi driver loaded received while already loaded
07-29 18:48:20.812  5128  5957 I QImsService: ImsSenderRxr : [UNSL]< UNSOL_RADIO_STATE_CHANGED RADIO_ON[SUB0]
07-29 18:48:20.812  5182  6225 D IWlanJni: new aidl event arrived
07-29 18:48:20.812  5182  6225 D IWlanJni: handleEvent 10
07-29 18:48:20.812  5182  6225 D IWlanJni: isThreadAttached start
07-29 18:48:20.812  5182  6225 D IWlanJni: jni detached
07-29 18:48:20.812  5182  6225 D IWlanJni: jni attached
07-29 18:48:20.812  5182  6225 D IWlanJni: getDataRegistrationStateResponse start
07-29 18:48:20.812  5182  6225 D IWlanJni: getJavaCallbackClass start
07-29 18:48:20.812  5182  6225 D IWlanJni: getJavaCallbackClass End midIs[1]
07-29 18:48:20.812  5182  6225 I IWlanAidlClient: getDataRegistrationStateResponse called
07-29 18:48:20.812  1848  3698 W LOCRIL_SESSION: operator():307] cellInfo list size is 0, Voice state: 3, data state: 3
07-29 18:48:20.812  5034  5034 D QC_RIL_OEM_HOOK: Received Broadcast Intent ACTION_UNSOL_RESPONSE_OEM_HOOK_RAW
07-29 18:48:20.813  5034  5034 D QC_RIL_OEM_HOOK: Received Broadcast Intent ACTION_UNSOL_RESPONSE_OEM_HOOK_RAW
07-29 18:48:20.813  2778  2778 I wificond: 2.4Ghz frequencies: 2412 2417 2422 2427 2432 2437 2442 2447 2452 2457 2462
07-29 18:48:20.813  5182  6224 W IWlanNetworkService: 8 > Response Processed
07-29 18:48:20.813  2778  2778 I wificond: 5Ghz non-DFS frequencies: 5180 5200 5220 5240 5745 5765 5785 5805 5825
07-29 18:48:20.813  2778  2778 I wificond: 5Ghz DFS frequencies: 5260 5280 5300 5320 5500 5520 5540 5560 5580 5600 5620 5640 5660 5680 5700
07-29 18:48:20.813  2778  2778 I wificond: 6Ghz frequencies:
07-29 18:48:20.813  2778  2778 I wificond: 60Ghz frequencies:
07-29 18:48:20.813  3535  5405 I WifiScanRequestProxy: Scanning is enabled
07-29 18:48:20.813  3535  5405 I WifiScanRequestProxy: Scanning for hidden networks is disabled
07-29 18:48:20.813  3535  3535 D OplusWifiBroadCastDispatcher: mBroadcastReceiver: onReceiver  action=android.net.wifi.action.WIFI_SCAN_AVAILABILITY_CHANGED
07-29 18:48:20.813  6956  6956 I OsAgent : onReceive: android.net.wifi.action.WIFI_SCAN_AVAILABILITY_CHANGED
07-29 18:48:20.813  3535  4644 D OplusWifiPower_ConnLpmEventObsever: onReceive EXTRA_SCAN_AVAILABLE availabe = true
07-29 18:48:20.813  3535  4644 D OplusWifiPowerService: onReceive action:android.net.wifi.action.WIFI_SCAN_AVAILABILITY_CHANGED
07-29 18:48:20.813  3535  4644 D OplusWifiSwitchStateMonitor: scan settings change to true
07-29 18:48:20.813  4893  5721 V OplusCustomizeCacheManager: queryCache name: sys.cache.common_customize_cache18014 param: null
07-29 18:48:20.814  4893  5721 V OplusCustomizeCacheManager: queryCache name: sys.cache.common_customize_cache18017 param: Bundle[{SETTING=BLOCK, BUSINESS=NCT-DATA}]
07-29 18:48:20.814  4893  5721 V OplusCustomizeCacheManager: queryCache name: sys.cache.common_customize_cache18013 param: null
07-29 18:48:20.814  6956  7919 I OsAgent : updateWiFiScanAvailState, scanAvailable: true
07-29 18:48:20.815  3535  5405 W ContextImpl: Calling a method in the system process without a qualified user: android.app.ContextImpl.sendBroadcastMultiplePermissions:1311 android.content.Context.sendBroadcastMultiplePermissions:2524 com.android.server.TelephonyRegistry.broadcastServiceStateChanged:3740 com.android.server.TelephonyRegistry.notifyServiceStateForPhoneId:1787 com.android.internal.telephony.ITelephonyRegistry$Stub.onTransact:546 
07-29 18:48:20.815  4893  5201 I SystemUi--QuickSettings: Tile.OplusCellularTile-->updateCarrierText: dialog not showing, ignore
07-29 18:48:20.815  4893  5067 I SystemUi--Statusbar: NetworkController.WifiSignalController-->wifi Broadcast action = android.telephony.action.SERVICE_PROVIDERS_UPDATED state=1 enabled=false connected=false isDefaultNetwork=false rssi=0 level=0 statusLabel = null isDirty = false
07-29 18:48:20.815  4893  5201 D SimStateHelper: slot:0, lock state:Bundle[mParcelledData.dataSize=56]
07-29 18:48:20.815  4893  5201 D SimStateHelper: slot:1, lock state:Bundle[mParcelledData.dataSize=56]
07-29 18:48:20.815  4893  5201 D SimStateHelper: needDisableMenu: slot1State=-1; slot2State=-1
07-29 18:48:20.815  4893  5201 D SimStateHelper: needDisableMenu:false
07-29 18:48:20.816  1848  3700 E LOCRIL_SESSION: operator():200] SubId: 1 Failed to get sim IO with error: 11
07-29 18:48:20.816  1848  3698 W LOCRIL_SESSION: operator():307] cellInfo list size is 0, Voice state: 3, data state: 3
07-29 18:48:20.817  1848  3700 E LOCRIL_SESSION: operator():241] SubId: 1 Failed to get sim IMSI with error: 11
07-29 18:48:20.818  1979  1979 E PowerMonitorService: Failed to open /proc/horae_qmi (2): No such file or directory
07-29 18:48:20.818  3535  5405 W ContextImpl: Calling a method in the system process without a qualified user: android.app.ContextImpl.sendBroadcastMultiplePermissions:1344 com.android.server.TelephonyRegistry.broadcastServiceStateChanged:3745 com.android.server.TelephonyRegistry.notifyServiceStateForPhoneId:1787 com.android.internal.telephony.ITelephonyRegistry$Stub.onTransact:546 android.os.Binder.execTransactInternal:1523 
07-29 18:48:20.818  4893  4893 I KeyguardUpdateMonitor: action=android.intent.action.SERVICE_STATE subId=-1 slotId=1
07-29 18:48:20.818  4893  4893 W KeyguardUpdateMonitorLog: invalid subId in handleServiceStateChange()
07-29 18:48:20.819  4893  5201 I SystemUi--QuickSettings: Tile.OplusCellularTile-->updateCarrierText: dialog not showing, ignore
07-29 18:48:20.819  4893  5201 D SimStateHelper: slot:0, lock state:Bundle[mParcelledData.dataSize=56]
07-29 18:48:20.819  3535  5405 W ContextImpl: Calling a method in the system process without a qualified user: android.app.ContextImpl.sendBroadcastMultiplePermissions:1344 com.android.server.TelephonyRegistry.broadcastServiceStateChanged:3754 com.android.server.TelephonyRegistry.notifyServiceStateForPhoneId:1787 com.android.internal.telephony.ITelephonyRegistry$Stub.onTransact:546 android.os.Binder.execTransactInternal:1523 
07-29 18:48:20.819  4893  5201 D SimStateHelper: slot:1, lock state:Bundle[mParcelledData.dataSize=56]
07-29 18:48:20.819  4893  5201 D SimStateHelper: needDisableMenu: slot1State=-1; slot2State=-1
07-29 18:48:20.819  4893  5201 D SimStateHelper: needDisableMenu:false
07-29 18:48:20.819  5228  9274 D VendorTelephonyService: onTelephonyEventReport slotId =0 eventId=6030
07-29 18:48:20.819  5228  9274 D VendorTelephonyService: onTelephonyEventReport slotId =0 eventId=6030
07-29 18:48:20.819  5228  5228 D VendorCallService: notityEventUpdate, eventId:6030, slotId = 0
07-29 18:48:20.820  3535  5405 W ContextImpl: Calling a method in the system process without a qualified user: android.app.ContextImpl.sendBroadcastMultiplePermissions:1344 com.android.server.TelephonyRegistry.broadcastServiceStateChanged:3760 com.android.server.TelephonyRegistry.notifyServiceStateForPhoneId:1787 com.android.internal.telephony.ITelephonyRegistry$Stub.onTransact:546 android.os.Binder.execTransactInternal:1523 
07-29 18:48:20.820  5050  6386 D SaDataService: onTelephonyEventReport , subId= 0,slotId=-1 eventId=6030
07-29 18:48:20.820  5050  6386 D TelephonyImpl: notify eventId:6030 for list size:2
07-29 18:48:20.821  3535  5401 W BestClock: java.time.DateTimeException: Missing network time fix
07-29 18:48:20.821  5182  6213 D IWlanJni: getDataRegistrationState start
07-29 18:48:20.821  5034  5034 D DeviceStatisticsService: onReceive: action= org.codeaurora.intent.action.RADIO_POWER_STATE
07-29 18:48:20.821  5034  5034 I DeviceStatisticsService: Receiving radio_power_state_changed, mIsDeviceInfoInitialized = true
07-29 18:48:20.821  5034  5034 I DeviceStatisticsService: radio power state changed to 1 for slot: 1
07-29 18:48:20.822  5182  6235 D IWlanJni: new aidl event arrived
07-29 18:48:20.822  5182  6235 D IWlanJni: handleEvent 10
07-29 18:48:20.822  5182  6235 D IWlanJni: isThreadAttached start
07-29 18:48:20.822  5182  6235 D IWlanJni: jni detached
07-29 18:48:20.822  5182  6235 D IWlanJni: jni attached
07-29 18:48:20.822  5182  6235 D IWlanJni: getDataRegistrationStateResponse start
07-29 18:48:20.822  5182  6235 D IWlanJni: getJavaCallbackClass start
07-29 18:48:20.822  3535  5401 W BestClock: java.time.DateTimeException: Missing network time fix
07-29 18:48:20.822  5182  6235 D IWlanJni: getJavaCallbackClass End midIs[1]
07-29 18:48:20.822  5182  6235 I IWlanAidlClient: getDataRegistrationStateResponse called
07-29 18:48:20.822  4953  4953 D QC_RIL_OEM_HOOK: Received Broadcast Intent ACTION_UNSOL_RESPONSE_OEM_HOOK_RAW
07-29 18:48:20.822  4953  4953 D QC_RIL_OEM_HOOK: Received Broadcast Intent ACTION_UNSOL_RESPONSE_OEM_HOOK_RAW
07-29 18:48:20.822  4953  4953 D QC_RIL_OEM_HOOK: Received Broadcast Intent ACTION_UNSOL_RESPONSE_OEM_HOOK_RAW
07-29 18:48:20.822  4953  4953 D QC_RIL_OEM_HOOK: Received Broadcast Intent ACTION_UNSOL_RESPONSE_OEM_HOOK_RAW
07-29 18:48:20.822  4953  4953 D QC_RIL_OEM_HOOK: Received Broadcast Intent ACTION_UNSOL_RESPONSE_OEM_HOOK_RAW
07-29 18:48:20.822  4953  4953 D QC_RIL_OEM_HOOK: Received Broadcast Intent ACTION_UNSOL_RESPONSE_OEM_HOOK_RAW
07-29 18:48:20.822  5182  6234 W IWlanNetworkService: 10 > Response Processed
07-29 18:48:20.823  4893  5721 V OplusCustomizeCacheManager: queryCache name: sys.cache.common_customize_cache18014 param: null
07-29 18:48:20.823  4893  5721 V OplusCustomizeCacheManager: queryCache name: sys.cache.common_customize_cache18017 param: Bundle[{SETTING=BLOCK, BUSINESS=NCT-DATA}]
07-29 18:48:20.823  4893  5721 V OplusCustomizeCacheManager: queryCache name: sys.cache.common_customize_cache18013 param: null
07-29 18:48:20.824  5655  5655 D CellBroadcastReceiver: onReceive Intent { act=android.intent.action.SERVICE_STATE flg=0x1000010 cmp=com.android.cellbroadcastreceiver.module/com.android.cellbroadcastreceiver.CellBroadcastReceiver (has extras) }
07-29 18:48:20.824  5655  5655 D CellBroadcastReceiver: onServiceStateChanged, ss: 1
07-29 18:48:20.825  4953  4953 D ServiceStateProvider: subId=1
07-29 18:48:20.825  4893  5201 I SystemUi--QuickSettings: Tile.OplusCellularTile-->updateCarrierText: dialog not showing, ignore
07-29 18:48:20.826  5128  5128 I QImsService: OplusPhoneStateTracker : onServiceStateChanged
07-29 18:48:20.826  3535  4676 V SettingsProvider: deleteSystemSetting(OPLUS_SLA_LAST_MCC, 0)
07-29 18:48:20.827  5228  5228 D SubsysEventListenerManager-SubsysTelephonyCallback[0]: onServiceStateChanged
07-29 18:48:20.827  5228  5228 D ChinaRoamingControl: registTelephonyEvent onServiceStateChanged eventId:5, VoiceRegState:1, DataRegState:1
07-29 18:48:20.827  5228  5228 D QuickChangeAirplaneModeEvent: onServiceStateChanged slotId:0
07-29 18:48:20.827  3535  4676 D SettingsProvider: delete system settings OPLUS_****_MCC pkg is  android user id is 0
07-29 18:48:20.827  5128  5128 I QImsService: OplusPhoneStateTracker : onServiceStateChanged
07-29 18:48:20.827  3535  5405 W ContextImpl: Calling a method in the system process without a qualified user: android.app.ContextImpl.sendBroadcastMultiplePermissions:1311 android.content.Context.sendBroadcastMultiplePermissions:2524 com.android.server.TelephonyRegistry.broadcastServiceStateChanged:3740 com.android.server.TelephonyRegistry.notifyServiceStateForPhoneId:1787 com.android.internal.telephony.ITelephonyRegistry$Stub.onTransact:546 
07-29 18:48:20.827  3535  5405 W ContextImpl: Calling a method in the system process without a qualified user: android.app.ContextImpl.sendBroadcastMultiplePermissions:1344 com.android.server.TelephonyRegistry.broadcastServiceStateChanged:3745 com.android.server.TelephonyRegistry.notifyServiceStateForPhoneId:1787 com.android.internal.telephony.ITelephonyRegistry$Stub.onTransact:546 android.os.Binder.execTransactInternal:1523 
07-29 18:48:20.827  4893  5359 I SystemUi--Statusbar: MobileConnectionRepositoryImpl-->subId:1 isSoftSimCard:false slotId:0
07-29 18:48:20.828  5050  5998 D T-Recommend: onPreHandleMessage 1000
07-29 18:48:20.828  5050  5998 E CellularEvent: nri null ps
07-29 18:48:20.828  5050  5998 E CellularEvent: invalid nri
07-29 18:48:20.828  5050  5998 D T-Recommend: onPostHandleMessage 1000
07-29 18:48:20.828  3535  5405 W ContextImpl: Calling a method in the system process without a qualified user: android.app.ContextImpl.sendBroadcastMultiplePermissions:1344 com.android.server.TelephonyRegistry.broadcastServiceStateChanged:3754 com.android.server.TelephonyRegistry.notifyServiceStateForPhoneId:1787 com.android.internal.telephony.ITelephonyRegistry$Stub.onTransact:546 android.os.Binder.execTransactInternal:1523 
07-29 18:48:20.828  5050  6112 D OplusSubWaySlowRecovery: getPreferSubId return 1
07-29 18:48:20.828  3535  5405 W ContextImpl: Calling a method in the system process without a qualified user: android.app.ContextImpl.sendBroadcastMultiplePermissions:1344 com.android.server.TelephonyRegistry.broadcastServiceStateChanged:3760 com.android.server.TelephonyRegistry.notifyServiceStateForPhoneId:1787 com.android.internal.telephony.ITelephonyRegistry$Stub.onTransact:546 android.os.Binder.execTransactInternal:1523 
07-29 18:48:20.828  5228  6175 D EfsNvDumpUnit[0]: onServiceStateChanged: voice reg state: OUT_OF_SERVICE data reg state: OUT_OF_SERVICE
07-29 18:48:20.828  3535  4676 W OplusSlaManager: updateMCC curMCC empty!
07-29 18:48:20.828  5228  6175 D cellularState[0]: handleMessage: E msg.what=4
07-29 18:48:20.828  5228  6175 D cellularState[0]: processMsg: DataCallingState
07-29 18:48:20.828  5228  6175 D cellularState[0]: processMsg: NetworkAttachedState
07-29 18:48:20.828  5228  5228 D QuickChangeAirplaneModeEvent: isBothCardInService is false
07-29 18:48:20.828  5228  5228 D MsimSubModeManager: registTelephonyEvent onServiceStateChanged eventId:3, VoiceRegState:1, DataRegState:1
07-29 18:48:20.828  5228  5228 E ExtremeCommUtils: getSwitchRusSupportMcc invalid index 1
07-29 18:48:20.828  5228  5228 D ExtremeCommUtils: isSupporCheck rusContain:false,propContain(persist.sys.oplus.support_hyper_uplink_mcc):false
07-29 18:48:20.828  5228  5228 D ExtremeCommService: handleServiceStateChanged mcc is null
07-29 18:48:20.828  5050  6112 D SaDataFailRecovery/0: current is not in service,reset alarm
07-29 18:48:20.828  5228  5228 D ChinaRoamingControl: handleMessage what:5
07-29 18:48:20.828  5050  6112 D OplusScanQrCodeRecoveryImpl: msg.what=3
07-29 18:48:20.828  5228  5228 D MsimSubModeManager: handleMessage what:3
07-29 18:48:20.828  5228  5228 D MsimSubModeManager: getMsimSimServiceIn() i:0,mServiceState:1
07-29 18:48:20.828  5228  5228 D MsimSubModeManager: getMsimSimServiceIn() i:1,mServiceState:1
07-29 18:48:20.828  5655  5655 D CellBroadcastReceiver: networkOperator: 
07-29 18:48:20.829  5050  6002 D OplusLinkBoostCommon: dds servicestate change
07-29 18:48:20.829  5228  6175 D cellularState[0]: processMsg: SimReadyState
07-29 18:48:20.829  5228  6175 D cellularState[0]: processMsg: DefaultState
07-29 18:48:20.829  5228  6175 E cellularState[0]:  - unhandledMessage: msg.what=4
07-29 18:48:20.829  5228  6175 D cellularState[0]: handleMessage: X
07-29 18:48:20.829  3535  5398 W BestClock: java.time.DateTimeException: Missing network time fix
07-29 18:48:20.829  5050  6005 D NAS-CallIssueDetector: onServiceStateChanged
07-29 18:48:20.829  5050  6005 D OplusCiwlanController: [vodata] processServiceStateChanged  phoneid = 0, original roaming type = -1,roaming type = 0
07-29 18:48:20.829  5050  6005 D OplusCiwlanController: [vodata] processServiceStateChanged  phoneid = 1, original roaming type = -1,roaming type = 0
07-29 18:48:20.829  5655  5655 D CellBroadcastReceiver: mockmodem is running? = false
07-29 18:48:20.829  5655  5655 D CellBroadcastReceiver: Start Cell Broadcast configuration for intent=ACTION_ENABLE_CHANNELS
07-29 18:48:20.830  3535  5398 W BestClock: java.time.DateTimeException: Missing network time fix
07-29 18:48:20.830  4893  5201 D SimStateHelper: slot:0, lock state:Bundle[mParcelledData.dataSize=56]
07-29 18:48:20.830  4893  5201 D SimStateHelper: slot:1, lock state:Bundle[mParcelledData.dataSize=56]
07-29 18:48:20.830  4893  5201 D SimStateHelper: needDisableMenu: slot1State=-1; slot2State=-1
07-29 18:48:20.830  4893  5201 D SimStateHelper: needDisableMenu:false
07-29 18:48:20.831  4893  5721 V OplusCustomizeCacheManager: queryCache name: sys.cache.common_customize_cache18014 param: null
07-29 18:48:20.831  4893  5721 V OplusCustomizeCacheManager: queryCache name: sys.cache.common_customize_cache18017 param: Bundle[{SETTING=BLOCK, BUSINESS=NCT-DATA}]
07-29 18:48:20.831  4893  5721 V OplusCustomizeCacheManager: queryCache name: sys.cache.common_customize_cache18013 param: null
07-29 18:48:20.831  3535  3779 D LocationManagerService: passive provider added registration from 1000/android[CountryDetector]/0A16B345 -> Request[PASSIVE, minUpdateInterval=0, WorkSource{1000 android}] permissionLevel: 2 permitted: true
07-29 18:48:20.833  3535  5401 W BestClock: java.time.DateTimeException: Missing network time fix
07-29 18:48:20.834  5182  6213 D IWlanJni: getDataRegistrationState start
07-29 18:48:20.834  5655 13131 D CellBroadcastConfigService: Enable CellBroadcast on sub 1
07-29 18:48:20.834  5655  5655 D CellBroadcastReceiver: onReceive Intent { act=android.intent.action.SERVICE_STATE flg=0x1000010 cmp=com.android.cellbroadcastreceiver.module/com.android.cellbroadcastreceiver.CellBroadcastReceiver (has extras) }
07-29 18:48:20.835  5655  5655 D CellBroadcastReceiver: onServiceStateChanged, ss: 1
07-29 18:48:20.835  5655  5655 D CellBroadcastReceiver: networkOperator: 
07-29 18:48:20.835  5228  5228 D SubsysEventListenerManager-SubsysTelephonyCallback[0]: onRadioPowerStateChanged state:1
07-29 18:48:20.835  3535  5398 W BestClock: java.time.DateTimeException: Missing network time fix
07-29 18:48:20.836  4893  5721 V OplusCustomizeCacheManager: queryCache name: sys.cache.common_customize_cache18014 param: null
07-29 18:48:20.836  4893  5721 V OplusCustomizeCacheManager: queryCache name: sys.cache.common_customize_cache18017 param: Bundle[{SETTING=BLOCK, BUSINESS=NCT-DATA}]
07-29 18:48:20.836  4893  5721 V OplusCustomizeCacheManager: queryCache name: sys.cache.common_customize_cache18013 param: null
07-29 18:48:20.837  5182  6213 D IWlanJni: getDataRegistrationState start
07-29 18:48:20.837  5034  5034 D DeviceInfoAidlClient: onRadioPowerStateChanged
07-29 18:48:20.837  5034  5034 D DeviceInfoAidlClient: mRadioStateHdlr handleMessage()1
07-29 18:48:20.837  5034  5034 D DeviceInfoAidlClient: isRadioOn()=true
07-29 18:48:20.837  5034  5034 I DeviceInfoAidlClient: sendFeaturesSupported: power info support-true interactive state support-true
07-29 18:48:20.837  5182  6213 D IWlanJni: getDataRegistrationState start
07-29 18:48:20.837  5182  6225 D IWlanJni: new aidl event arrived
07-29 18:48:20.837  5182  6225 D IWlanJni: handleEvent 10
07-29 18:48:20.837  5182  6225 D IWlanJni: isThreadAttached start
07-29 18:48:20.837  5182  6225 D IWlanJni: jni detached
07-29 18:48:20.838  5182  6225 D IWlanJni: jni attached
07-29 18:48:20.838  5182  6225 D IWlanJni: getDataRegistrationStateResponse start
07-29 18:48:20.838  5182  6225 D IWlanJni: getJavaCallbackClass start
07-29 18:48:20.838  5182  6225 D IWlanJni: getJavaCallbackClass End midIs[1]
07-29 18:48:20.838  5182  6225 I IWlanAidlClient: getDataRegistrationStateResponse called
07-29 18:48:20.838  5182  6225 D IWlanJni: handleEvent 10
07-29 18:48:20.838  5182  6225 D IWlanJni: isThreadAttached start
07-29 18:48:20.838  5182  6225 D IWlanJni: jni detached
07-29 18:48:20.838  5182  6225 D IWlanJni: jni attached
07-29 18:48:20.838  5182  6225 D IWlanJni: getDataRegistrationStateResponse start
07-29 18:48:20.838  5182  6225 D IWlanJni: getJavaCallbackClass start
07-29 18:48:20.838  5182  6225 D IWlanJni: getJavaCallbackClass End midIs[1]
07-29 18:48:20.838  5182  6224 W IWlanNetworkService: 12 > Response Processed
07-29 18:48:20.838  5182  6225 I IWlanAidlClient: getDataRegistrationStateResponse called
07-29 18:48:20.838  5182  6224 W IWlanNetworkService: 13 > Response Processed
07-29 18:48:20.838  5182  6235 D IWlanJni: new aidl event arrived
07-29 18:48:20.838  5182  6235 D IWlanJni: handleEvent 10
07-29 18:48:20.838  5182  6235 D IWlanJni: isThreadAttached start
07-29 18:48:20.838  5182  6235 D IWlanJni: jni detached
07-29 18:48:20.838  4953  5753 D CellBroadcastConfigTracker-0: Failed to set cdma config
07-29 18:48:20.838  5182  6235 D IWlanJni: jni attached
07-29 18:48:20.838  5182  6235 D IWlanJni: getDataRegistrationStateResponse start
07-29 18:48:20.838  5182  6235 D IWlanJni: getJavaCallbackClass start
07-29 18:48:20.838  5182  6235 D IWlanJni: getJavaCallbackClass End midIs[1]
07-29 18:48:20.838  5182  6235 I IWlanAidlClient: getDataRegistrationStateResponse called
07-29 18:48:20.838  5034  5034 D DeviceStatisticsService: onReceive: action= org.codeaurora.intent.action.RADIO_POWER_STATE
07-29 18:48:20.838  5034  5034 I DeviceStatisticsService: Receiving radio_power_state_changed, mIsDeviceInfoInitialized = true
07-29 18:48:20.838  5034  5034 I DeviceStatisticsService: radio power state changed to 1 for slot: 0
07-29 18:48:20.838  5034  5034 D DeviceInfoAidlClient: isRadioOn()=true
07-29 18:48:20.838  5034  5034 I DeviceInfoAidlClient: sendFeaturesSupported: power info support-true interactive state support-true
07-29 18:48:20.838  5655  6461 E CellBroadcastConfigService: fails to setCellBroadcastRanges, result = 2
07-29 18:48:20.839  5182  6234 W IWlanNetworkService: 11 > Response Processed
07-29 18:48:20.840  5084  9805 D txpwrJni: new aidl event arrived
07-29 18:48:20.840  5084  9805 D txpwrJni: handleEvent 1
07-29 18:48:20.840  5084  9805 D txpwrJni: isThreadAttached start
07-29 18:48:20.840  5084  9805 D txpwrJni: jni detached
07-29 18:48:20.840  5084  9805 D txpwrJni: jni attached
07-29 18:48:20.840  5084  9805 D txpwrJni: getRadioStatus start
07-29 18:48:20.840  5084  9805 D txpwrJni: getJavaCallbackClass start
07-29 18:48:20.840  5084  9805 D txpwrJni: getJavaCallbackClass End midIs[1]
07-29 18:48:20.840  5034  7966 I DeviceInfoAidlClient: onPowerInfoReportingChanged - reporting enabled true [15, 20, 30, 50, 80]
07-29 18:48:20.840  5034  7966 D DeviceInfoAidlClient: isRadioOn()=true
07-29 18:48:20.840  5084  9805 D txpwrJni: handleEvent 1
07-29 18:48:20.840  5084  9805 D txpwrJni: isThreadAttached start
07-29 18:48:20.840  5084  9805 D txpwrJni: jni detached
07-29 18:48:20.840  5084  9805 D txpwrJni: jni attached
07-29 18:48:20.840  5084  9805 D txpwrJni: getRadioStatus start
07-29 18:48:20.840  5084  9805 D txpwrJni: getJavaCallbackClass start
07-29 18:48:20.840  5084  9805 D txpwrJni: getJavaCallbackClass End midIs[1]
07-29 18:48:20.840  5084  8009 D txpwrJni: sendRadioStatus start
07-29 18:48:20.840  5084  8009 D txpwrJni: sendRadioStatus start
07-29 18:48:20.840  5034  7966 I DeviceInfoAidlClient: isPowerInfoNeverSent=true batteryLevel=100 batteryLevelIndex=5 chargingMode=2 totalCapacity=5110000 powerSaveMode=false
07-29 18:48:20.841  5034  7966 I DeviceInfoAidlClient: onDeviceInfoReportingChanged - reporting enabled true
07-29 18:48:20.841  3535  5401 W BestClock: java.time.DateTimeException: Missing network time fix
07-29 18:48:20.841  5034  7966 D DeviceInfoAidlClient: getDeviceInfoSupportStatus()=1
07-29 18:48:20.841  5034  7966 D DeviceInfoAidlClient: isRadioOn()=true
07-29 18:48:20.841  5034  7966 I DeviceInfoAidlClient: deviceState=2
07-29 18:48:20.841  5034  7966 I DeviceInfoAidlClient: onPowerInfoReportingChanged - reporting enabled true [15, 20, 30, 50, 80]
07-29 18:48:20.841  5034  7966 D DeviceInfoAidlClient: isRadioOn()=true
07-29 18:48:20.841  5034  7966 I DeviceInfoAidlClient: isPowerInfoNeverSent=false batteryLevel=100 batteryLevelIndex=5 chargingMode=2 totalCapacity=5110000 powerSaveMode=false
07-29 18:48:20.841  5034  7966 I DeviceInfoAidlClient: onDeviceInfoReportingChanged - reporting enabled true
07-29 18:48:20.842  3535  5398 W BestClock: java.time.DateTimeException: Missing network time fix
07-29 18:48:20.842  5034  7966 D DeviceInfoAidlClient: getDeviceInfoSupportStatus()=1
07-29 18:48:20.842  5034  7966 D DeviceInfoAidlClient: isRadioOn()=true
07-29 18:48:20.842  5034  7966 I DeviceInfoAidlClient: deviceState=2
07-29 18:48:20.842  4893  5721 V OplusCustomizeCacheManager: queryCache name: sys.cache.common_customize_cache18014 param: null
07-29 18:48:20.842  4893  5721 V OplusCustomizeCacheManager: queryCache name: sys.cache.common_customize_cache18017 param: Bundle[{SETTING=BLOCK, BUSINESS=NCT-DATA}]
07-29 18:48:20.842  4893  5721 V OplusCustomizeCacheManager: queryCache name: sys.cache.common_customize_cache18013 param: null
07-29 18:48:20.844  4953  4953 V OplusCustomizeCacheManager: queryCache name: sys.cache.common_customize_cache18016 param: null
07-29 18:48:20.844  4953  4953 V OplusCustomizeCacheManager: queryCache name: sys.cache.common_customize_cache18013 param: null
07-29 18:48:20.844  4953  4953 V OplusCustomizeCacheManager: queryCache name: sys.cache.common_customize_cache18014 param: null
07-29 18:48:20.844  4953  4953 V OplusCustomizeCacheManager: queryCache name: sys.cache.common_customize_cache18017 param: Bundle[{SETTING=BLOCK, BUSINESS=NCT-DATA}]
07-29 18:48:20.844  3535  4529 D WifiNative: onSetCountryCodeSucceeded: US
07-29 18:48:20.844  3535  4529 I WifiCountryCode: Receive onSetCountryCodeSucceeded US
07-29 18:48:20.844  3535  4529 I WifiNl80211Manager: Receive country code change to US
07-29 18:48:20.844  2778  2778 I wificond: Receive notifyCountryCodeChanged
07-29 18:48:20.844  2778  2778 I wificond: UpdateBandInfo
07-29 18:48:20.844  3535  4529 D WifiScanRequestProxy: Sending scan available broadcast: true
07-29 18:48:20.844  4953  4953 V OplusCustomizeCacheManager: queryCache name: sys.cache.common_customize_cache18016 param: null
07-29 18:48:20.844  4953  4953 V OplusCustomizeCacheManager: queryCache name: sys.cache.common_customize_cache18013 param: null
07-29 18:48:20.844  4953  4953 V OplusCustomizeCacheManager: queryCache name: sys.cache.common_customize_cache18014 param: null
07-29 18:48:20.844  3535  4533 I WifiScanningService: Received a request to enable scanning, UID = 1000
07-29 18:48:20.844  4953  4953 V OplusCustomizeCacheManager: queryCache name: sys.cache.common_customize_cache18017 param: Bundle[{SETTING=BLOCK, BUSINESS=NCT-DATA}]
07-29 18:48:20.844  3535  4533 I WifiScanningService: scanner impls already exists
07-29 18:48:20.844  3535  4533 E WifiScanningService: wifi driver loaded received while already loaded
07-29 18:48:20.844  3535  4529 I WifiScanRequestProxy: Scanning is enabled
07-29 18:48:20.844  3535  4529 I WifiScanRequestProxy: Scanning for hidden networks is disabled
07-29 18:48:20.844  3535  4529 D WakeupController: start()
07-29 18:48:20.845  3535  3535 D OplusWifiBroadCastDispatcher: mBroadcastReceiver: onReceiver  action=android.net.wifi.action.WIFI_SCAN_AVAILABILITY_CHANGED
07-29 18:48:20.845  3535  4644 D OplusWifiPower_ConnLpmEventObsever: onReceive EXTRA_SCAN_AVAILABLE availabe = true
07-29 18:48:20.845  3535  4644 D OplusWifiPowerService: onReceive action:android.net.wifi.action.WIFI_SCAN_AVAILABILITY_CHANGED
07-29 18:48:20.845  3535  4644 D OplusWifiSwitchStateMonitor: scan settings change to true
07-29 18:48:20.845  3535  4529 E WifiStaIfaceAidlImpl: setScanMode failed with service-specific exception: android.os.ServiceSpecificException:  (code 4)
07-29 18:48:20.845  3535  4529 I WifiService: Receive onDriverCountryCodeChanged to US, update available channel list
07-29 18:48:20.845  6956  6956 I OsAgent : onReceive: android.net.wifi.action.WIFI_SCAN_AVAILABILITY_CHANGED
07-29 18:48:20.845  5034  5034 D QcrilMsgTunnelIfaceManager: handleMessage what = 1
07-29 18:48:20.845  5034  5034 I QcrilOemhookMsgTunnel: [0]invokeOemRilRequestRaw: serial=1007 length=16
07-29 18:48:20.845  6956  7919 I OsAgent : updateWiFiScanAvailState, scanAvailable: true
07-29 18:48:20.845  2778  2778 I wificond: 2.4Ghz frequencies: 2412 2417 2422 2427 2432 2437 2442 2447 2452 2457 2462
07-29 18:48:20.845  2778  2778 I wificond: 5Ghz non-DFS frequencies: 5180 5200 5220 5240 5745 5765 5785 5805 5825
07-29 18:48:20.845  2778  2778 I wificond: 5Ghz DFS frequencies: 5260 5280 5300 5320 5500 5520 5540 5560 5580 5600 5620 5640 5660 5680 5700
07-29 18:48:20.845  2778  2778 I wificond: 6Ghz frequencies:
07-29 18:48:20.845  2778  2778 I wificond: 60Ghz frequencies:
07-29 18:48:20.846  3535  4529 E ApConfigUtil: Malformed channel value detected: java.lang.NumberFormatException: For input string: ""
07-29 18:48:20.846  5034  5082 I QtiOemHookAidl: oemHookRawResponse: serial no: 1007 error: 0length=1
07-29 18:48:20.846  5034  5034 D QcrilMsgTunnelIfaceManager: handleMessage what = 2
07-29 18:48:20.846  4953  5242 D QC_RIL_OEM_HOOK: sendOemRilRequestRaw returns value = 1
07-29 18:48:20.846  4953  4953 D OplusPowerUpOptimizationImpl: onReceive: org.codeaurora.intent.action.RADIO_POWER_STATE
07-29 18:48:20.846  4953  5440 D OplusPowerUpOptimizationImpl: handleMessage what = 6
07-29 18:48:20.846  4953  5440 D OplusPowerUpOptimizationImpl: radio is available for slot: 1
07-29 18:48:20.847  4953  5440 D OplusPowerUpOptimizationImpl: trySendPhoneReady for slot: 1
07-29 18:48:20.847  3535  4529 E ApConfigUtil: Malformed channel value detected: java.lang.NumberFormatException: For input string: ""
07-29 18:48:20.847  4953  5440 D OplusPowerUpOptimizationImpl: Not sending ATEL ready: States: [1: {true, true, true, true}]
07-29 18:48:20.847  3535  4529 E ApConfigUtil: Malformed channel value detected: java.lang.NumberFormatException: For input string: ""
07-29 18:48:20.848  3535  4643 D OplusSoftApManager: Support Wi-Fi6 SAP
07-29 18:48:20.848  3535  4529 I WifiService: Receive onDriverCountryCodeChanged to US, update available channel list
07-29 18:48:20.848  4953  4953 D CiWlanNotificationReceiver: ACTION_RADIO_POWER_STATE_CHANGED
07-29 18:48:20.848  3535  4529 E ApConfigUtil: Malformed channel value detected: java.lang.NumberFormatException: For input string: ""
07-29 18:48:20.850  4893  4893 I KeyguardUpdateMonitor: action=android.intent.action.SERVICE_STATE subId=1 slotId=0
07-29 18:48:20.850  4893  5201 I SystemUi--QuickSettings: Tile.OplusCellularTile-->updateCarrierText: dialog not showing, ignore
07-29 18:48:20.850  3535  4529 E ApConfigUtil: Malformed channel value detected: java.lang.NumberFormatException: For input string: ""
07-29 18:48:20.850  4893  5201 D SimStateHelper: slot:0, lock state:Bundle[mParcelledData.dataSize=56]
07-29 18:48:20.850  4893  5201 D SimStateHelper: slot:1, lock state:Bundle[mParcelledData.dataSize=56]
07-29 18:48:20.850  4893  5201 D SimStateHelper: needDisableMenu: slot1State=-1; slot2State=-1
07-29 18:48:20.850  4893  5201 D SimStateHelper: needDisableMenu:false
07-29 18:48:20.850  3535  4529 E ApConfigUtil: Malformed channel value detected: java.lang.NumberFormatException: For input string: ""
07-29 18:48:20.851  3535  4529 I WifiService: Receive onDriverCountryCodeChanged to US, update available channel list
07-29 18:48:20.851  3535  4529 E ApConfigUtil: Malformed channel value detected: java.lang.NumberFormatException: For input string: ""
07-29 18:48:20.851  4953  4953 I Telephony: y0: onServiceStateChanged: newState=1, mServiceState=3
07-29 18:48:20.852  4953  4953 I Telephony: isRttCurrentlySupported -- regular acct, hasVoiceAvailability: false
07-29 18:48:20.852  4953  4953 I Telephony:  isRttSupported: false
07-29 18:48:20.852  4953  4953 I Telephony:  isUserRttSettingOn: false
07-29 18:48:20.852  4953  4953 I Telephony:  alwaysAllowWhileRoaming: false
07-29 18:48:20.852  4953  4953 I Telephony:  isRoaming: false
07-29 18:48:20.852  4953  4953 I Telephony:  isOnWfc: false
07-29 18:48:20.852  3535  4529 E ApConfigUtil: Malformed channel value detected: java.lang.NumberFormatException: For input string: ""
07-29 18:48:20.852  3535  4529 E ApConfigUtil: Malformed channel value detected: java.lang.NumberFormatException: For input string: ""
07-29 18:48:20.854  5228  5228 D SubsysEventListenerManager-SubsysTelephonyCallback[0]: onSignalStrengthsChanged
07-29 18:48:20.856  4953  4953 D InternationalRoamingNotification: init
07-29 18:48:20.856  5228  5261 D VirtualCommService2: isSupport. true, true
07-29 18:48:20.856  4953  4953 D OplusVirtualCommUtils: isVirtualCommSupport, vRet: true
07-29 18:48:20.857  3535  5401 W BestClock: java.time.DateTimeException: Missing network time fix
07-29 18:48:20.857  4953  4953 I OplusVirtualCommUtils: getVirtualCommDeviceType, vRet: 1
07-29 18:48:20.857  4953  4953 I OplusVirtualCommUtils: isConsumerDeviceType, deviceType: 1
07-29 18:48:20.857  4953  4953 D InternationalRoamingNotification: do not createRoamingNotification for invalid Network
07-29 18:48:20.857  3535  5401 W BestClock: java.time.DateTimeException: Missing network time fix
07-29 18:48:20.858  4893  5721 V OplusCustomizeCacheManager: queryCache name: sys.cache.common_customize_cache18014 param: null
07-29 18:48:20.858  4893  5721 V OplusCustomizeCacheManager: queryCache name: sys.cache.common_customize_cache18017 param: Bundle[{SETTING=BLOCK, BUSINESS=NCT-DATA}]
07-29 18:48:20.858  4893  5721 V OplusCustomizeCacheManager: queryCache name: sys.cache.common_customize_cache18013 param: null
07-29 18:48:20.859  3535  4527 V NetworkPolicy: updateNotificationsNL not process
07-29 18:48:20.859  3535  4620 D CmccSliceManagerService: ACTION_DDS_SWITCH_DONE
07-29 18:48:20.859  3535  4620 D CmccSliceManagerService: cleanUpAndRestartSlice
07-29 18:48:20.859  3535  4620 D CmccSliceManagerService: cleanUpSlice
07-29 18:48:20.859  3535  4620 D CmccSliceManagerService: cleanUpSlice qcom
07-29 18:48:20.859  3535  4620 D CmccSliceManagerService: getDefaultDataSlotId0, subid: 1
07-29 18:48:20.859  3535  4620 E ActivityThread: Failed to find provider info for com.cmccslice.proxyapp.provider
07-29 18:48:20.859  3535  4620 D CmccSliceManagerService: loadUrsp qcomCursor=null, count=-1, slotId=0
07-29 18:48:20.859  3535  4620 D CmccSliceManagerService: loadUrsp: qcomCursor=[]
07-29 18:48:20.859  3535  4620 D CmccSliceManagerService: isFeatureEnable , rus : false Feature : false
07-29 18:48:20.859  3535  4620 D CmccSliceManagerService: requestSliceNetwork: feature not enabled
07-29 18:48:20.859  3535  4620 D CmccSliceManagerService: cleanUpAndRestartSlice qcom
07-29 18:48:20.859  5182  5182 D QCNEJ/WwanInfoRelay: onActiveSubscriptionsChanged activeCurrDDSId: 1 new DDS 1
07-29 18:48:20.859  4953  4953 D OplusPowerUpOptimizationImpl: onReceive: org.codeaurora.intent.action.RADIO_POWER_STATE
07-29 18:48:20.860  4893  4893 I KeyguardUpdateMonitor: refreshSimState, changed:false,subId:1,slotId:0,state:5
07-29 18:48:20.860  4893  5201 I SystemUi--QuickSettings: Tile.OplusCellularTile-->updateCarrierText: dialog not showing, ignore
07-29 18:48:20.860  4893  5201 D SimStateHelper: slot:0, lock state:Bundle[mParcelledData.dataSize=56]
07-29 18:48:20.860  4893  5201 D SimStateHelper: slot:1, lock state:Bundle[mParcelledData.dataSize=56]
07-29 18:48:20.860  4893  5201 D SimStateHelper: needDisableMenu: slot1State=-1; slot2State=-1
07-29 18:48:20.860  4893  5201 D SimStateHelper: needDisableMenu:false
07-29 18:48:20.860  5182  5182 D QCNEJ/WwanInfoRelay: onActiveSubscriptionsChanged activeCurrDDSId: 1 new DDS 1
07-29 18:48:20.860  4953  4953 D CiWlanNotificationReceiver: ACTION_RADIO_POWER_STATE_CHANGED
07-29 18:48:20.861  4953  5440 D OplusPowerUpOptimizationImpl: handleMessage what = 6
07-29 18:48:20.861  4953  5440 D OplusPowerUpOptimizationImpl: radio is available for slot: 0
07-29 18:48:20.861  5050  5998 D CellularEvent: onActiveDataSubscriptionIdChanged sub id:1
07-29 18:48:20.861  4953  5440 D OplusPowerUpOptimizationImpl: trySendPhoneReady for slot: 0
07-29 18:48:20.861  4953  5440 D OplusPowerUpOptimizationImpl: Not sending ATEL ready: States: [0: {true, true, true, true}]
07-29 18:48:20.861  4953  4953 D OplusTelephonyController: onSignalStrengthChanged: SignalStrength=SignalStrength:{mCdma=CellSignalStrengthCdma: cdmaDbm=2147483647 cdmaEcio=2147483647 evdoDbm=2147483647 evdoEcio=2147483647 evdoSnr=2147483647 level=0,mGsm=CellSignalStrengthGsm: rssi=2147483647 ber=2147483647 mTa=2147483647 mLevel=0,mWcdma=CellSignalStrengthWcdma: ss=2147483647 ber=2147483647 rscp=2147483647 ecno=2147483647 level=0,mTdscdma=CellSignalStrengthTdscdma: rssi=2147483647 ber=2147483647 rscp=2147483647 level=0,mLte=CellSignalStrengthLte: rssi=2147483647 rsrp=2147483647 rsrq=2147483647 rssnr=2147483647 cqiTableIndex=2147483647 cqi=2147483647 ta=2147483647 level=0 parametersUseForLevel=0,mNr=CellSignalStrengthNr:{ csiRsrp = 2147483647 csiRsrq = 2147483647 csiCqiTableIndex = 2147483647 csiCqiReport = [] ssRsrp = 2147483647 ssRsrq = 2147483647 ssSinr = 2147483647 level = 0 parametersUseForLevel = 0 timingAdvance = 2147483647 },primary=CellSignalStrengthLte}
07-29 18:48:20.862  4953  4953 D Telephony: isEmergencyPreferredAccount: subId=1, activeData=1
07-29 18:48:20.862  4953  4953 D Telephony: isEmergencyPreferredAccount: Device does not require preference.
07-29 18:48:20.862  4953  4953 D InternationalRoamingNotification: init
07-29 18:48:20.862  5228  5261 D VirtualCommService2: isSupport. true, true
07-29 18:48:20.863  4953  4953 D OplusVirtualCommUtils: isVirtualCommSupport, vRet: true
07-29 18:48:20.863  4953  4953 I OplusVirtualCommUtils: getVirtualCommDeviceType, vRet: 1
07-29 18:48:20.863  4953  4953 I OplusVirtualCommUtils: isConsumerDeviceType, deviceType: 1
07-29 18:48:20.863  3535  5405 W BestClock: java.time.DateTimeException: Missing network time fix
07-29 18:48:20.863  4953  4953 D InternationalRoamingNotification: do not createRoamingNotification for invalid Network
07-29 18:48:20.864  3535  5401 W BestClock: java.time.DateTimeException: Missing network time fix
07-29 18:48:20.864  3535  4537 D ConnectivityService: unregister offer from providerId 5 : NetworkOffer [ Provider Id (5) Score(Policies : YIELD_TO_BAD_WIFI&TRANSPORT_PRIMARY&EVER_EVALUATED&IS_UNMETERED&EVER_VALIDATED&IS_VALIDATED ; KeepConnected : 0) Caps [ Transports: CELLULAR|SATELLITE Capabilities: MMS&SUPL&DUN&FOTA&IMS&CBS&IA&RCS&XCAP&EIMS&INTERNET&NOT_RESTRICTED&TRUSTED&NOT_VPN&MCX&NOT_VCN_MANAGED&ENTERPRISE&VSIM&BIP&MMTEL&PRIORITIZE_LATENCY&PRIORITIZE_BANDWIDTH&NOT_BANDWIDTH_CONSTRAINED Specifier: <TelephonyNetworkSpecifier [mSubId = 1]> EnterpriseId: 1&2&3&4&5 UnderlyingNetworks: Null] Needed by [78, 281, 185, 146, 203, 58, 166, 237, 65, 187, 193, 85, 198, 242, 271, 189, 267, 275, 50, 219, 74, 155, 53, 222, 254, 260, 252, 150, 217, 180, 89, 9, 24, 215, 264, 44, 81, 30, 141, 195, 213, 170, 18, 249, 164, 240, 183, 162, 56, 246, 269, 283, 67, 34, 172, 177, 98, 273, 200, 38, 1, 32, 48, 134, 42, 102, 139, 234, 230, 70, 144, 277, 105, 15, 46, 148, 113, 211, 256, 152, 36, 7, 91, 28, 175, 157, 40, 168, 26]]
07-29 18:48:20.864  3535  4537 D ConnectivityService: update offer from providerId 5 new : NetworkOffer [ Provider Id (5) Score(Policies : YIELD_TO_BAD_WIFI&TRANSPORT_PRIMARY&EVER_EVALUATED&IS_UNMETERED&EVER_VALIDATED&IS_VALIDATED ; KeepConnected : 0) Caps [ Transports: CELLULAR|SATELLITE Capabilities: MMS&SUPL&DUN&FOTA&IMS&CBS&IA&RCS&XCAP&EIMS&INTERNET&NOT_RESTRICTED&TRUSTED&NOT_VPN&MCX&NOT_VCN_MANAGED&ENTERPRISE&VSIM&BIP&MMTEL&PRIORITIZE_LATENCY&PRIORITIZE_BANDWIDTH&NOT_BANDWIDTH_CONSTRAINED Specifier: <TelephonyNetworkSpecifier [mSubId = 1]> EnterpriseId: 1&2&3&4&5 UnderlyingNetworks: Null] Needed by [78, 281, 185, 146, 203, 58, 166, 237, 65, 187, 193, 85, 198, 242, 271, 189, 267, 275, 50, 219, 74, 155, 53, 222, 254, 260, 252, 150, 217, 180, 89, 9, 24, 215, 264, 44, 81, 30, 141, 195, 213, 170, 18, 249, 164, 240, 183, 162, 56, 246, 269, 283, 67, 34, 172, 177, 98, 273, 200, 38, 1, 32, 48, 134, 42, 102, 139, 234, 230, 70, 144, 277, 105, 15, 46, 148, 113, 211, 256, 152, 36, 7, 91, 28, 175, 157, 40, 168, 26]]
07-29 18:48:20.865  4893  5721 V OplusCustomizeCacheManager: queryCache name: sys.cache.common_customize_cache18014 param: null
07-29 18:48:20.865  3535  4537 D ConnectivityService: unregister offer from providerId 6 : NetworkOffer [ Provider Id (6) Score(Policies : YIELD_TO_BAD_WIFI&EVER_EVALUATED&IS_UNMETERED&EVER_VALIDATED&IS_VALIDATED ; KeepConnected : 0) Caps [ Transports: CELLULAR|SATELLITE Capabilities: MMS&SUPL&DUN&FOTA&IMS&CBS&IA&RCS&XCAP&EIMS&INTERNET&NOT_RESTRICTED&TRUSTED&NOT_VPN&MCX&NOT_VCN_MANAGED&ENTERPRISE&VSIM&BIP&MMTEL&PRIORITIZE_LATENCY&PRIORITIZE_BANDWIDTH&NOT_BANDWIDTH_CONSTRAINED Specifier: <TelephonyNetworkSpecifier [mSubId = -1]> EnterpriseId: 1&2&3&4&5 UnderlyingNetworks: Null] Needed by [78, 281, 185, 146, 203, 58, 166, 237, 65, 187, 193, 85, 198, 242, 271, 189, 267, 275, 50, 219, 74, 155, 53, 222, 254, 260, 252, 150, 217, 180, 89, 9, 24, 215, 264, 44, 81, 30, 141, 195, 213, 170, 18, 249, 164, 240, 183, 162, 56, 246, 269, 283, 67, 34, 172, 177, 98, 273, 200, 38, 1, 32, 48, 134, 42, 102, 139, 234, 230, 70, 144, 277, 105, 15, 46, 148, 113, 211, 256, 152, 36, 7, 91, 28, 175, 157, 40, 168, 26]]
07-29 18:48:20.865  5228  5228 D SubsysEventListenerManager-SubsysTelephonyCallback[0]: onCellInfoChanged
07-29 18:48:20.865  4893  5721 V OplusCustomizeCacheManager: queryCache name: sys.cache.common_customize_cache18017 param: Bundle[{SETTING=BLOCK, BUSINESS=NCT-DATA}]
07-29 18:48:20.865  4893  5721 V OplusCustomizeCacheManager: queryCache name: sys.cache.common_customize_cache18013 param: null
07-29 18:48:20.865  3535  4537 D ConnectivityService: update offer from providerId 6 new : NetworkOffer [ Provider Id (6) Score(Policies : YIELD_TO_BAD_WIFI&EVER_EVALUATED&IS_UNMETERED&EVER_VALIDATED&IS_VALIDATED ; KeepConnected : 0) Caps [ Transports: CELLULAR|SATELLITE Capabilities: MMS&SUPL&DUN&FOTA&IMS&CBS&IA&RCS&XCAP&EIMS&INTERNET&NOT_RESTRICTED&TRUSTED&NOT_VPN&MCX&NOT_VCN_MANAGED&ENTERPRISE&VSIM&BIP&MMTEL&PRIORITIZE_LATENCY&PRIORITIZE_BANDWIDTH&NOT_BANDWIDTH_CONSTRAINED Specifier: <TelephonyNetworkSpecifier [mSubId = -1]> EnterpriseId: 1&2&3&4&5 UnderlyingNetworks: Null] Needed by [78, 281, 185, 146, 203, 58, 166, 237, 65, 187, 193, 85, 198, 242, 271, 189, 267, 275, 50, 219, 74, 155, 53, 222, 254, 260, 252, 150, 217, 180, 89, 9, 24, 215, 264, 44, 81, 30, 141, 195, 213, 170, 18, 249, 164, 240, 183, 162, 56, 246, 269, 283, 67, 34, 172, 177, 98, 273, 200, 38, 1, 32, 48, 134, 42, 102, 139, 234, 230, 70, 144, 277, 105, 15, 46, 148, 113, 211, 256, 152, 36, 7, 91, 28, 175, 157, 40, 168, 26]]
07-29 18:48:20.866  1914  4492 I Dpps    : LtmSwState::SetParameter():144 ignore cmd 7 in state LtmOffState
07-29 18:48:20.870  4953  4953 V OplusCustomizeCacheManager: queryCache name: sys.cache.common_customize_cache18016 param: null
07-29 18:48:20.870  4953  4953 V OplusCustomizeCacheManager: queryCache name: sys.cache.common_customize_cache18013 param: null
07-29 18:48:20.870  4953  4953 V OplusCustomizeCacheManager: queryCache name: sys.cache.common_customize_cache18014 param: null
07-29 18:48:20.870  4953  4953 V OplusCustomizeCacheManager: queryCache name: sys.cache.common_customize_cache18017 param: Bundle[{SETTING=BLOCK, BUSINESS=NCT-DATA}]
07-29 18:48:20.870  4953  4953 V OplusCustomizeCacheManager: queryCache name: sys.cache.common_customize_cache18016 param: null
07-29 18:48:20.870  4953  4953 V OplusCustomizeCacheManager: queryCache name: sys.cache.common_customize_cache18013 param: null
07-29 18:48:20.870  4953  4953 V OplusCustomizeCacheManager: queryCache name: sys.cache.common_customize_cache18014 param: null
07-29 18:48:20.870  4953  4953 V OplusCustomizeCacheManager: queryCache name: sys.cache.common_customize_cache18017 param: Bundle[{SETTING=BLOCK, BUSINESS=NCT-DATA}]
07-29 18:48:20.873  4893  4893 I SystemUi--QuickSettings: QsLottieUtils-->getLottieAnimFile : qs/qs_airplane_lottie_active_sep_dual_light.json
07-29 18:48:20.874  4893  4893 I SystemUi--QuickSettings: TemporarilyInfoManager-->[trigger] start from show
07-29 18:48:20.874  4893  4893 I SystemUi--QuickSettings: TemporarilyInfoManager-->[getLayoutParams] translationY=102.084236, translationX=0, width=1080, height=228, isLandscape=false, parent=androidx.constraintlayout.widget.ConstraintLayout{6a2e7d0 V.E...... ......ID 0,0-1080,2376 #7f0a09f6 app:id/qs_container_area_layout alpha=1.0 viewInfo = }
07-29 18:48:20.874  4893  4893 I SystemUi--Common: ViewExt-->[startAlongWithPosition] com.oplus.systemui.qs.base.temporarilyinfo.TemporarilyInfoManager$createViewToParent$1{1d4c74d V.ED..... ......ID 0,0-0,0 #7f0a0cb6 app:id/temporarily_info_view alpha=0.0 viewInfo = } alongWith android.widget.RelativeLayout{ee08202 V.E...... ........ 0,102-1080,222 #7f0a0a2e app:id/qs_status_bar_container_layout alpha=1.0 viewInfo = }
07-29 18:48:20.874  4893  4893 I SystemUi--QuickSettings: TemporarilyInfoManager-->[showElement] com.oplus.systemui.qs.base.temporarilyinfo.TemporarilyInfoManager$createViewToParent$1{1d4c74d V.ED..... ......ID 0,0-0,0 #7f0a0cb6 app:id/temporarily_info_view alpha=0.0 viewInfo = } for Element(text=Airplane mode off, groupId=Airplane mode, style=InfoShowStyle(textSize=16.0, sizeUnit=2, textColor=-1, showDuration=1500, alongWithReplacedView=true))
07-29 18:48:20.875  4893  4893 I SystemUi--QuickSettings: TemporarilyInfoManager-->[animateShow] com.oplus.systemui.qs.base.temporarilyinfo.TemporarilyInfoManager$createViewToParent$1{1d4c74d VFED..C.. ......ID 0,0-0,0 #7f0a0cb6 app:id/temporarily_info_view alpha=0.0 viewInfo = } start
07-29 18:48:20.880  1930  1946 I [UAH_CLIENT]: UahRelease, handle:40
07-29 18:48:20.901  1971  1971 D SensorFeature: name=ssc_screenshot_info ,index = 22
07-29 18:48:20.901  1971  1971 D SensorFeature: write 29 bytes:58484669768,58493003101,159,0
07-29 18:48:20.902  4893  4893 I SystemUi--QuickSettings: QsLottieUtils-->getLottieAnimFile : qs/qs_cellular_lottie_active_sep_dual_light.json
07-29 18:48:20.912  3453  3920 D QmiClient: qmiServiceEventCallback recv msg id 1106
07-29 18:48:20.912  3453  3920 D QmiVsClient: enter - onQmiServiceEventCallback msgId 1106
07-29 18:48:20.912  3453  3480 D VsProxy : handleMessage msg is 2425
07-29 18:48:20.912  3453  3480 D VsProxy : handleServingCellInfoChangeInd for instance 0
07-29 18:48:20.912  3453  3453 D RadioServiceIndication: radioServingCellInfoInd
07-29 18:48:20.912  3453  3453 D RadioServiceIndication: radioServingCellInfoInd
07-29 18:48:20.913  5228  5420 D SubsysRadioIndication[0]: radioServingCellInfoInd
07-29 18:48:20.913  5228  5420 D SubsysRadioIndication[0]: radioServingCellInfoInd
07-29 18:48:20.914  5228  5228 D NetworkService[0]: handleMessage what:1003
07-29 18:48:20.914  5228  5228 D NetworkService[0]: handleMessage what:1003
07-29 18:48:20.915  5050  5998 D RadioEvent: onCellInfoChanged slotId=0
07-29 18:48:20.916  5050  5998 D RadioEvent: onCellInfoChanged slotId=0
07-29 18:48:20.916  3453  3923 D QmiClient: qmiServiceEventCallback recv msg id 276
07-29 18:48:20.916  3453  3923 D QmiNasClient: enter : onQmiServiceEventCallback msgId 276
07-29 18:48:20.916  3453  3923 D QmiNasClientEvent: qmiNasClientAccessBarringStatusEvent - RADIO_EVENT_NAS_ACCESS_BARRING_STATUS_IND
07-29 18:48:20.916  3453  3495 D NasProxy: handleMessage msg is 2104
07-29 18:48:20.916  3454  3922 D QmiClient: qmiServiceEventCallback recv msg id 276
07-29 18:48:20.916  3454  3922 D QmiNasClient: enter : onQmiServiceEventCallback msgId 276
07-29 18:48:20.916  3454  3922 D QmiNasClientEvent: qmiNasClientAccessBarringStatusEvent - RADIO_EVENT_NAS_ACCESS_BARRING_STATUS_IND
07-29 18:48:20.916  3454  3491 D NasProxy: handleMessage msg is 2104
07-29 18:48:20.917  5228  5420 D SubsysRadioIndication[0]: radioNasAccessBarringStatusInd, NasAccessBarringStatusType: radioIf:12, dataBarringStatus:0, dataBarringTime:0, voiceBarringStatus:0, voiceBarringTime:0, videoBarringStatus:0, videoBarringTime:0
07-29 18:48:20.917  3453  3923 D QmiClient: qmiServiceEventCallback recv msg id 78
07-29 18:48:20.917  5228  5420 D SubsysRadioIndication[0]: notify enter
07-29 18:48:20.917  3453  3923 D QmiNasClient: enter : onQmiServiceEventCallback msgId 78
07-29 18:48:20.917  3453  3923 D QmiNasClientEvent: qmiNasClientNotifySysInfoEvent lte_ims_voice_avail_valid 0
07-29 18:48:20.917  5228  5261 D SubsysRadioIndication[1]: radioNasAccessBarringStatusInd, NasAccessBarringStatusType: radioIf:12, dataBarringStatus:0, dataBarringTime:0, voiceBarringStatus:0, voiceBarringTime:0, videoBarringStatus:0, videoBarringTime:0
07-29 18:48:20.917  5228  5261 D SubsysRadioIndication[1]: notify enter
07-29 18:48:20.917  3453  3495 D NasProxy: handleMessage msg is 2101
07-29 18:48:20.917  3453  3495 D NasProxy: handleNasSysInfoEvent for instance 0
07-29 18:48:20.917  5228  5261 D SubsysRadioIndication[0]: radioNr5gFreqTypeIndication, nr5gFreqType = 0
07-29 18:48:20.917  5228  5228 D QtiCellularNetwork: handleNr5gFreqTypeChanged 0, nr5gFreqType = 0
07-29 18:48:20.918  5128  6360 I QImsService: ImsRadioIndicationAidl : onServiceDomainChanged()[SUB0]
07-29 18:48:20.918  5128  6360 I QImsService: ImsSenderRxr : [UNSL]< UNSOL_SERVICE_DOMAIN_CHANGED 0[SUB0]
07-29 18:48:20.919  5128  5128 I QImsService: ImsRegistrationController : Message received: what = 5
07-29 18:48:20.919  5128  5128 I QImsService: ImsRegistrationController : handleSrvDomainChanged
07-29 18:48:20.921  5182  6213 D IWlanJni: getDataRegistrationState start
07-29 18:48:20.921  5182  6225 D IWlanJni: new aidl event arrived
07-29 18:48:20.922  5182  6225 D IWlanJni: handleEvent 10
07-29 18:48:20.922  5182  6225 D IWlanJni: isThreadAttached start
07-29 18:48:20.922  5182  6225 D IWlanJni: jni detached
07-29 18:48:20.922  5182  6225 D IWlanJni: jni attached
07-29 18:48:20.922  5182  6225 D IWlanJni: getDataRegistrationStateResponse start
07-29 18:48:20.922  5182  6225 D IWlanJni: getJavaCallbackClass start
07-29 18:48:20.922  5182  6225 D IWlanJni: getJavaCallbackClass End midIs[1]
