device
--------- beginning of main
07-28 05:04:36.274  1822  4398 I sensors-hal: handle_oplus_wise_rgb_event:189, high_pwm_light:lux 3.3,cct 5300.0,brl/algo/ir 250.0/2.0/0.0,pwm/dc 0.0/0.0,rgbc 169.102280/166.231384/61.030243/414.443787,ts 49818146401,cnt 670,flag 65666
07-28 05:04:36.274  1902  4389 I Dpps    : LtmSwState::SetParameter():144 ignore cmd 7 in state LtmOffState
--------- beginning of system
07-28 05:04:36.325  3446  3777 D VRR [OPlusGameStatusManager]: handleMessage: 7004
07-28 05:04:36.325  3446  3777 D VRR [OPlusGameStatusManager]: handleBrightnessDone
07-28 05:04:36.334  1969  1969 D SensorFeature: name=ssc_screenshot_info ,index = 22
07-28 05:04:36.334  1969  1969 D SensorFeature: write 29 bytes:47941010762,50106624146,131,0
07-28 05:04:36.541  1902  4389 I Dpps    : LtmSwState::SetParameter():144 ignore cmd 7 in state LtmOffState
07-28 05:04:36.637  1969  1969 D SensorFeature: name=ssc_screenshot_info ,index = 22
07-28 05:04:36.637  1969  1969 D SensorFeature: write 29 bytes:47941010762,50409610605,132,0
07-28 05:04:36.658 10523 10767 D BootUtil: savedDiffTime: 1753693426227, currentDiffTime: 1753693426226, isReboot: false
07-28 05:04:36.806  1822  4398 I sensors-hal: handle_oplus_wise_rgb_event:189, high_pwm_light:lux 3.1,cct 5300.0,brl/algo/ir 250.0/2.0/0.0,pwm/dc 0.0/0.0,rgbc 171.518036/170.913956/62.998959/414.443787,ts 50398726453,cnt 680,flag 65668
07-28 05:04:36.806  1902  4389 I Dpps    : LtmSwState::SetParameter():144 ignore cmd 7 in state LtmOffState
07-28 05:04:36.859  3446  4869 W Binder  : Outgoing transactions from this process must be FLAG_ONEWAY
07-28 05:04:36.859  3446  4869 W Binder  : java.lang.Throwable
07-28 05:04:36.859  3446  4869 W Binder  : 	at android.os.BinderProxy.transact(BinderProxy.java:633)
07-28 05:04:36.859  3446  4869 W Binder  : 	at android.content.ContentProviderProxy.insert(ContentProviderNative.java:587)
07-28 05:04:36.859  3446  4869 W Binder  : 	at android.content.ContentProviderClient.insert(ContentProviderClient.java:347)
07-28 05:04:36.859  3446  4869 W Binder  : 	at android.content.ContentProviderClient.insert(ContentProviderClient.java:336)
07-28 05:04:36.859  3446  4869 W Binder  : 	at com.oplus.util.OplusStatisticsImpl.insert(OplusStatisticsImpl.java:307)
07-28 05:04:36.859  3446  4869 W Binder  : 	at com.oplus.util.OplusStatisticsImpl.sendDataToDCS(OplusStatisticsImpl.java:287)
07-28 05:04:36.859  3446  4869 W Binder  : 	at com.oplus.util.OplusStatisticsImpl.flushInternal(OplusStatisticsImpl.java:264)
07-28 05:04:36.859  3446  4869 W Binder  : 	at com.oplus.util.OplusStatisticsImpl.lambda$setDelayFlushJobIfNeed$4(OplusStatisticsImpl.java:211)
07-28 05:04:36.859  3446  4869 W Binder  : 	at com.oplus.util.OplusStatisticsImpl.$r8$lambda$4UYTp2NCu6Rml69JNqEuK7o54SI(Unknown Source:0)
07-28 05:04:36.859  3446  4869 W Binder  : 	at com.oplus.util.OplusStatisticsImpl$$ExternalSyntheticLambda5.run(D8$$SyntheticClass:0)
07-28 05:04:36.859  3446  4869 W Binder  : 	at java.util.concurrent.Executors$RunnableAdapter.call(Executors.java:487)
07-28 05:04:36.859  3446  4869 W Binder  : 	at java.util.concurrent.FutureTask.run(FutureTask.java:290)
07-28 05:04:36.859  3446  4869 W Binder  : 	at java.util.concurrent.ScheduledThreadPoolExecutor$ScheduledFutureTask.run(ScheduledThreadPoolExecutor.java:307)
07-28 05:04:36.859  3446  4869 W Binder  : 	at java.util.concurrent.ThreadPoolExecutor.runWorker(ThreadPoolExecutor.java:1145)
07-28 05:04:36.859  3446  4869 W Binder  : 	at java.util.concurrent.ThreadPoolExecutor$Worker.run(ThreadPoolExecutor.java:644)
07-28 05:04:36.859  3446  4869 W Binder  : 	at java.lang.Thread.run(Thread.java:1012)
07-28 05:04:36.939  1969  1969 D SensorFeature: name=ssc_screenshot_info ,index = 22
07-28 05:04:36.940  1969  1969 D SensorFeature: write 29 bytes:47941010762,50712178365,133,0
07-28 05:04:36.949  3446  3526 E AppOps  : attributionTag OplusLBS not declared in manifest of android
07-28 05:04:36.998  1979  2032 D BatteryChargeControl: bcc get no support from charging protocol
07-28 05:04:37.034  6821 12917 D DebugReportServiceIDLClient: getReport ...
07-28 05:04:37.036  6821 12917 D DebugReportServiceIDLClient: getReport success: true
07-28 05:04:37.036  6821 12917 D DebugReportServiceIDLClient: getReport 1.0 success: true
07-28 05:04:37.073  1902  4389 I Dpps    : LtmSwState::SetParameter():144 ignore cmd 7 in state LtmOffState
07-28 05:04:37.089  1979  7302 D charge_time: write 28964s(08:02:44) to ttf, rc=7
07-28 05:04:37.090  1979  7302 D charge_time: type=sdp,reserve_soc=2,soc=26,ui_soc=27,current=93,avg=93,not_chg_cnt=0,stable_cnt=7,fcc=5724,fcc_ratio=94,delta=35,debug=0,region=19,ttf=75952(21:05:52),ui_ttf=28964(08:02:44)
07-28 05:04:37.243  1969  1969 D SensorFeature: name=ssc_screenshot_info ,index = 22
07-28 05:04:37.243  1969  1969 D SensorFeature: write 29 bytes:47941010762,51015256542,134,0
07-28 05:04:37.338  1822  4398 I sensors-hal: handle_oplus_wise_rgb_event:189, high_pwm_light:lux 3.2,cct 5300.0,brl/algo/ir 250.0/2.0/0.0,pwm/dc 0.0/0.0,rgbc 173.933777/168.572662/62.998959/419.560364,ts 51004984994,cnt 690,flag 65670
07-28 05:04:37.339  1902  4389 I Dpps    : LtmSwState::SetParameter():144 ignore cmd 7 in state LtmOffState
07-28 05:04:37.545  1969  1969 D SensorFeature: name=ssc_screenshot_info ,index = 22
07-28 05:04:37.545  1969  1969 D SensorFeature: write 29 bytes:47941010762,51317773729,135,0
07-28 05:04:37.605  1902  4389 I Dpps    : LtmSwState::SetParameter():144 ignore cmd 7 in state LtmOffState
07-28 05:04:37.772  6591  6634 W System  : A resource failed to call AbstractCursor.close. 
07-28 05:04:37.772  6591  6634 W System  : A resource failed to call AbstractCursor.close. 
07-28 05:04:37.772  6591  6634 W System  : A resource failed to call AbstractCursor.close. 
07-28 05:04:37.772  6591  6634 W System  : A resource failed to call AbstractCursor.close. 
07-28 05:04:37.772  6591  6634 W System  : A resource failed to call AbstractCursor.close. 
07-28 05:04:37.772  6591  6634 W System  : A resource failed to call AbstractCursor.close. 
07-28 05:04:37.772  6591  6634 W System  : A resource failed to call AbstractCursor.close. 
07-28 05:04:37.772  6591  6634 W System  : A resource failed to call AbstractCursor.close. 
07-28 05:04:37.781  4980  5869 W BluetoothAdapterExtImpl: getBluetoothConnectionCountï¼šmOplusBluetooth null!
07-28 05:04:37.783  4980  5869 D TelephonyImpl: isRequestingMms
07-28 05:04:37.784  4980  5869 D TelephonyImpl: getReleaseMmsNetworkTime
07-28 05:04:37.786  4980  5869 D OplusDdsSwitchStrategy: Md,OplusCheckFeature,RETURN_TO_CUR_ACTION_DDS
07-28 05:04:37.847  1969  1969 D SensorFeature: name=ssc_screenshot_info ,index = 22
07-28 05:04:37.847  1969  1969 D SensorFeature: write 29 bytes:47941010762,51620257323,136,0
07-28 05:04:37.869  1822  4398 I sensors-hal: handle_oplus_wise_rgb_event:189, high_pwm_light:lux 3.1,cct 5300.0,brl/algo/ir 250.0/2.0/0.0,pwm/dc 0.0/0.0,rgbc 169.102280/166.231384/62.998959/414.443787,ts 51610601505,cnt 700,flag 65672
07-28 05:04:37.870  1902  4389 I Dpps    : LtmSwState::SetParameter():144 ignore cmd 7 in state LtmOffState
07-28 05:04:37.940  1803  1803 D healthd : system healthd: battery l=27 v=3601 t=34.6 h=2 st=2 c=-130 fc=5920000 cc=18 chg=u
07-28 05:04:37.946  4980  6406 I PCDR-common_no_service[0]: lift forbidden
07-28 05:04:37.946  4980  6406 I PCDR-common_no_45g[0]: lift forbidden
07-28 05:04:37.977  1979  1979 D vendor.oplus.hardware.charger-V7-service: get_ui_charge_icon_type 0 0 0 0 0
07-28 05:04:37.977  1979  1979 D vendor.oplus.hardware.charger-V7-service: oplus_chg_get_cpa_power 2500 charge_online 1 retention_topic 0
07-28 05:04:37.977  1979  1979 D vendor.oplus.hardware.charger-V7-service: oplus_chg_get_cpa_power 2500 charge_online 1 retention_topic 0
07-28 05:04:37.977  1979  1979 D vendor.oplus.hardware.charger-V7-service: getIsSingleHyperSupport=2, cpa_power=2
07-28 05:04:37.989  3446  4357 V AlarmManager: sending alarm Alarm{d95f10a type 2 origWhen 51763 whenElapsed 51763 android} uid 1000 whenElapsed 51763 windowLength 0 maxWhenElapsed 51763 repeatInterval 0 action null component null tag $android.alarm.generated:1000:51763 flags 0x9 procName system_server
07-28 05:04:37.991  3446  3668 D LocationManagerService: network provider removed registration from 10154/com.coloros.assistantscreen/AB0B148D
07-28 05:04:37.998  1979  2032 D BatteryChargeControl: bcc get no support from charging protocol
07-28 05:04:38.002  5179  5179 D SubsysEventListenerManager-SubsysTelephonyCallback[0]: onCellInfoChanged
07-28 05:04:38.027  3446  3769 E AppOps  : attributionTag ArcBrightness not declared in manifest of android
07-28 05:04:38.029  3446  3769 E AppOps  : attributionTag ArcBrightness not declared in manifest of android
07-28 05:04:38.033  3446  3769 D LocationManagerService: gps provider removed registration from 1000/android[ArcBrightness]/CE4493F7
07-28 05:04:38.033  1802  1868 I GnssAidl: ===> odcpiRequestCb line 313 
07-28 05:04:38.034  1822 12994 I sensors-hal: qsh_conn_event_cb:720, SCHED_FIFO(10) for qmi_cbk
07-28 05:04:38.034  3446  4357 V AlarmManager: sending alarm Alarm{4dd7b type 2 origWhen 51808 whenElapsed 51808 android} uid 1000 whenElapsed 51808 windowLength 0 maxWhenElapsed 51808 repeatInterval 0 action null component null tag $android.alarm.generated:1000:51808 flags 0x9 procName system_server
07-28 05:04:38.035  3446  3668 I GnssLocationProvider: Update client Uids --> old: WorkSource{1000 android} new: WorkSource{}
07-28 05:04:38.035  3446  3668 I GnssLocationProvider: Returning Diffs done --> current clientSource is : WorkSource{}
07-28 05:04:38.035  6821 12917 D DebugReportServiceIDLClient: getReport ...
07-28 05:04:38.036  6821 12917 D DebugReportServiceIDLClient: getReport success: true
07-28 05:04:38.036  6821 12917 D DebugReportServiceIDLClient: getReport 1.0 success: true
07-28 05:04:38.038  1802  1858 I GnssAidl: ===> stop line 231 
07-28 05:04:38.038  1822  4283 I sensors-hal: send_sync_sensor_request:443, send sync request
07-28 05:04:38.038  1822  4283 I sensors-hal: send_sync_sensor_request:472, wait for notification of response
07-28 05:04:38.038  1802  1894 I LocSvc_api_v02: ---> locClientSendReq line 2409 QMI_LOC_STOP_REQ_V02
07-28 05:04:38.038  3446  3446 D SensorService: ~SensorEventConnection(0xb400007364e24c80)
07-28 05:04:38.038  1802  1868 I LocSvc_SystemStatusOsObserver: sendCachedDataItems:471] DataItem: TRACKING_STARTED: false >> XtraSystemStatusObserver
07-28 05:04:38.038  3446  3446 D SensorService: 11 active sensors
07-28 05:04:38.039  1802  1868 I LocSvc_SystemStatusOsObserver: sendCachedDataItems:471] DataItem: TRACKING_STARTED: false >> LOC_LAUNCHER
07-28 05:04:38.039  1802  1894 I LocSvc_ApiV02: adjustLocClientEventMask:766] oldQmiMask=0xe1220e060a24b qmiMask=0xd0020e060a2c8 mInSession: 0, power state 0, retry queue empty 1, mEngineOn: 1, qmi mask has engine state 1
07-28 05:04:38.039  1802  1894 I LocSvc_api_v02: ---> locClientSendReq line 2409 QMI_LOC_REG_EVENTS_REQ_V02
07-28 05:04:38.039  1822 12994 I sensors-hal: qsh_conn_resp_cb:793, resp_value = 0 for persist_stationary_detect 
07-28 05:04:38.039  1802  3997 I LocSvc_ApiV02: <--- globalEventCb line 257 QMI_LOC_EVENT_WIFI_REQ_IND_V02
07-28 05:04:38.039  1822  4283 I sensors-hal: send_sync_sensor_request:478, takes 1 ms to receive the response with 0
07-28 05:04:38.039  3446  3668 E AppOps  : attributionTag OplusLBS not declared in manifest of android
07-28 05:04:38.039  1802  3997 I LocSvc_ApiV02: <--- globalEventCb line 257 QMI_LOC_EVENT_REPORT_IND_V02
07-28 05:04:38.039  1802  3997 I LocSvc_LocApiBase: setQwesFeatureStatus:247] Feature : 20 isValid: 0
07-28 05:04:38.039  1802  3997 I LocSvc_LocApiBase: setQwesFeatureStatus:247] Feature : 8 isValid: 0
07-28 05:04:38.039  1802  3997 I LocSvc_LocApiBase: setQwesFeatureStatus:247] Feature : 7 isValid: 0
07-28 05:04:38.039  1802  3997 I LocSvc_LocApiBase: setQwesFeatureStatus:247] Feature : 17 isValid: 1
07-28 05:04:38.039  1802  3997 I LocSvc_LocApiBase: setQwesFeatureStatus:247] Feature : 6 isValid: 1
07-28 05:04:38.039  1802  3997 I LocSvc_LocApiBase: setQwesFeatureStatus:247] Feature : 5 isValid: 1
07-28 05:04:38.039  1802  3997 I LocSvc_LocApiBase: setQwesFeatureStatus:247] Feature : 4 isValid: 1
07-28 05:04:38.039  1802  3997 I LocSvc_LocApiBase: setQwesFeatureStatus:247] Feature : 3 isValid: 0
07-28 05:04:38.039  1802  3997 I LocSvc_LocApiBase: setQwesFeatureStatus:247] Feature : 13 isValid: 0
07-28 05:04:38.039  1802  3997 I LocSvc_LocApiBase: setQwesFeatureStatus:247] Feature : 2 isValid: 1
07-28 05:04:38.039  1802  3997 I LocSvc_LocApiBase: setQwesFeatureStatus:247] Feature : 1 isValid: 0
07-28 05:04:38.040  3446  3668 D LocationManagerService: passive provider removed registration from 1000/android[OplusLBS]/0D3F0B51
07-28 05:04:38.040  3446  3668 V OplusLocationStatusMonitor: remove listener succeed
07-28 05:04:38.040  1802  1894 I android.hardware.gnss-aidl-service-qti: registerEventMask:  mMask: 0x16a878244253 mQmiMask=0xd0020e060a2c8 qmiMask=0xd0020e060a2c8
07-28 05:04:38.040  1802  1894 I LocSvc_ApiV02: registerEventMask:662] mMask: 0x16a878244253 mQmiMask=0xd0020e060a2c8 qmiMask=0xd0020e060a2c8
07-28 05:04:38.040  1802  1894 I LocSvc_api_v02: ---> locClientSendReq line 2409 QMI_LOC_SET_TRIBAND_STATE_REQ_V02
07-28 05:04:38.040  1822  4283 I sensors-hal: ~qsh_qmi:61, ~qsh_qmi
07-28 05:04:38.040  1802  1868 I GnssAidl: ===> odcpiRequestCb line 313 
07-28 05:04:38.040  1802  1868 I LocSvc_GnssAdapter: ReportQwesFeatureStatus before caps 14001a7f7f 
07-28 05:04:38.040  1802  1868 I LocSvc_GnssAdapter: ReportQwesFeatureStatus after caps 14001a7f7f 
07-28 05:04:38.040  3446  3668 W AlarmManager: Unrecognized alarm listener com.android.server.location.gnss.GnssLocationProvider$$ExternalSyntheticLambda25@5aff798
07-28 05:04:38.040  1785  1828 E minksocket: MinkIPC ERROR: ( 1785:1828 ) MinkIPC_preProcess:272 Client down, but cannot find corresponding minksession
07-28 05:04:38.040  1802  3997 I LocSvc_ApiV02: <--- globalRespCb line 282 QMI_LOC_SET_TRIBAND_STATE_REQ_V02
07-28 05:04:38.040  2852  2852 E LOC_QESDK_WWAN: processIpcMsg:411] Unsupported msg id: 110
07-28 05:04:38.040  1785  1841 E minksocket: MinkIPC ERROR: ( 1785:1841 ) MinkIPC_preProcess:272 Client down, but cannot find corresponding minksession
07-28 05:04:38.040  3446  3668 W AlarmManager: Unrecognized alarm listener com.android.server.location.gnss.GnssLocationProvider$$ExternalSyntheticLambda24@ecebf1
07-28 05:04:38.040  6821  6859 D LocationServiceIDLClient: [gnssCapabilitiesCb][1438] [HC] <<= [HS]
07-28 05:04:38.040  2852  2852 E LOC_QESDK_WWAN: processIpcMsg:411] Unsupported msg id: 110
07-28 05:04:38.041  3446  3668 D LocationManagerService: network provider removed registration from 1000/android[GnssService]/B852AB7C
07-28 05:04:38.042  3446  3668 I GnssLocationProvider: GNSS HAL Requesting location updates from network provider for 10000 millis.
07-28 05:04:38.042  3446  3668 D OplusLbsRepairer: providerName: network, isProviderActivated: true, isProviderActuallyWork: true, isForceShow: true, currentUserId: 0
07-28 05:04:38.042  3446  3668 D LocationManagerService: network provider added registration from 1000/android[GnssService]/DBEC3B15 -> Request[@+1s0ms LOW_POWER, duration=+10s0ms, maxUpdates=1, WorkSource{1000 android}] permissionLevel: 2 permitted: true
07-28 05:04:38.042  3142  3142 E LocSvc_launcher: Parent woken up!
07-28 05:04:38.043  3446  3668 V OplusLocationBlacklistUtil: block status: android = false
07-28 05:04:38.045  3446  3668 D SensorService: createSensorEventConnection packageName = com.android.server.location.power.saver.NavigationStatusLightMonitor, opPackageName = android, mCurrentOperatingMode = 0, requestedMode = 0
07-28 05:04:38.045  3446  3668 W SensorService: SensorEventConnection sensor handle=291, package = com.android.server.location.power.saver.NavigationStatusLightMonitor enable
07-28 05:04:38.045  3446  3668 E SensorService: Required app com.android.server.location.power.saver.NavigationStatusLightMonitor, uid 1000, pid 3446
07-28 05:04:38.045  3446  3668 D SensorService: Calling batch handle==291 flags=0rate=0 timeout== 0
07-28 05:04:38.045  3446  3668 D SensorService: SensorDevice::batch: ident=0xb400007364e24e40, handle=0x00000123, flags=0, period_ns=1000000 timeout=0
07-28 05:04:38.045  3446  3668 D SensorService: 	>>> actuating h/w BATCH 0x00000123 1000000 0
07-28 05:04:38.045  1822  1822 I sensors-hal: batch:153, android.sensor.stationary_detect/291, period=1000000, max_latency=0
07-28 05:04:38.045  1822  1822 I sensors-hal: batch:175, android.sensor.stationary_detect/291, period=1000000, max_latency=0 request completed
07-28 05:04:38.045  3446  3668 D SensorService: Calling activate on 291
07-28 05:04:38.045  3446  3668 D SensorService: SensorDevice::activate: ident=0xb400007364e24e40, handle=0x00000123, enabled=1, count=1
07-28 05:04:38.045  3446  3668 D SensorService: enable index=0
07-28 05:04:38.045  3446  3668 D SensorService: info.numActiveClients() = 1, info.isActive = 0
07-28 05:04:38.045  3446  3668 D SensorService: activateHardware = 1
07-28 05:04:38.045  3446  3668 D SensorService: 	>>> actuating h/w activate handle=291 enabled=1
07-28 05:04:38.046  1822  1822 I sensors-hal: activate:112, android.sensor.stationary_detect/291 en=1
07-28 05:04:38.046  1822  1822 I sensors-hal: acquire_qsh_interface:131, acquire_qsh_interface with sensor_id 23 , conn_type 2 
07-28 05:04:38.046  1785  1828 E minksocket: MinkIPC ERROR: ( 1785:1828 ) MinkIPC_preProcess:272 Client down, but cannot find corresponding minksession
07-28 05:04:38.046  1785  1841 E minksocket: MinkIPC ERROR: ( 1785:1841 ) MinkIPC_preProcess:272 Client down, but cannot find corresponding minksession
07-28 05:04:38.047  1785  1828 E minksocket: MinkIPC ERROR: ( 1785:1828 ) MinkIPC_preProcess:272 Client down, but cannot find corresponding minksession
07-28 05:04:38.047  1785  1841 E minksocket: MinkIPC ERROR: ( 1785:1841 ) MinkIPC_preProcess:272 Client down, but cannot find corresponding minksession
07-28 05:04:38.047  1785  1841 E minksocket: MinkIPC ERROR: ( 1785:1841 ) MinkIPC_preProcess:272 Client down, but cannot find corresponding minksession
07-28 05:04:38.047  1785  1828 E minksocket: MinkIPC ERROR: ( 1785:1828 ) MinkIPC_preProcess:272 Client down, but cannot find corresponding minksession
07-28 05:04:38.047  1822  1822 I sensors-hal: qsh_qmi:34, qsh_qmi
07-28 05:04:38.047  1822  1822 I sensors-hal: send_sync_sensor_request:443, send sync request
07-28 05:04:38.047  1822  1822 I sensors-hal: send_sync_sensor_request:472, wait for notification of response
07-28 05:04:38.047  1785  1828 E minksocket: MinkIPC ERROR: ( 1785:1828 ) MinkIPC_preProcess:272 Client down, but cannot find corresponding minksession
07-28 05:04:38.047  1785  1841 E minksocket: MinkIPC ERROR: ( 1785:1841 ) MinkIPC_preProcess:272 Client down, but cannot find corresponding minksession
07-28 05:04:38.048  1822 13064 I sensors-hal: qsh_conn_resp_cb:793, resp_value = 0 for persist_stationary_detect 
07-28 05:04:38.048  1822  1822 I sensors-hal: send_sync_sensor_request:478, takes 0 ms to receive the response with 0
07-28 05:04:38.048  1822  1822 I sensors-hal: activate:131, android.sensor.stationary_detect/291 en=1 completed
07-28 05:04:38.060  1802  3997 I LocSvc_ApiV02: <--- globalEventCb line 257 QMI_LOC_EVENT_ENGINE_STATE_IND_V02
07-28 05:04:38.061  1802  1894 I LocSvc_ApiV02: proc:4884] current engine state 0, old engine state 1, in session 0
07-28 05:04:38.061  1802  1894 I LocSvc_ApiV02: adjustLocClientEventMask:766] oldQmiMask=0xe1220e060a24b qmiMask=0xd0020e060a248 mInSession: 0, power state 0, retry queue empty 1, mEngineOn: 0, qmi mask has engine state 0
07-28 05:04:38.061  1802  1894 I LocSvc_api_v02: ---> locClientSendReq line 2409 QMI_LOC_REG_EVENTS_REQ_V02
07-28 05:04:38.061  1802  3997 I LocSvc_ApiV02: <--- globalEventCb line 257 QMI_LOC_EVENT_REPORT_IND_V02
07-28 05:04:38.061  1802  3997 I LocSvc_LocApiBase: setQwesFeatureStatus:247] Feature : 20 isValid: 0
07-28 05:04:38.061  1802  3997 I LocSvc_LocApiBase: setQwesFeatureStatus:247] Feature : 8 isValid: 0
07-28 05:04:38.061  1802  3997 I LocSvc_LocApiBase: setQwesFeatureStatus:247] Feature : 7 isValid: 0
07-28 05:04:38.061  1802  3997 I LocSvc_LocApiBase: setQwesFeatureStatus:247] Feature : 17 isValid: 1
07-28 05:04:38.061  1802  3997 I LocSvc_LocApiBase: setQwesFeatureStatus:247] Feature : 6 isValid: 1
07-28 05:04:38.061  1802  3997 I LocSvc_LocApiBase: setQwesFeatureStatus:247] Feature : 5 isValid: 1
07-28 05:04:38.061  1802  3997 I LocSvc_LocApiBase: setQwesFeatureStatus:247] Feature : 4 isValid: 1
07-28 05:04:38.061  1802  3997 I LocSvc_LocApiBase: setQwesFeatureStatus:247] Feature : 3 isValid: 0
07-28 05:04:38.061  1802  3997 I LocSvc_LocApiBase: setQwesFeatureStatus:247] Feature : 13 isValid: 0
07-28 05:04:38.061  1802  3997 I LocSvc_LocApiBase: setQwesFeatureStatus:247] Feature : 2 isValid: 1
07-28 05:04:38.061  1802  3997 I LocSvc_LocApiBase: setQwesFeatureStatus:247] Feature : 1 isValid: 0
07-28 05:04:38.062  1802  1868 I LocSvc_GnssAdapter: ReportQwesFeatureStatus before caps 14001a7f7f 
07-28 05:04:38.062  1802  1868 I LocSvc_GnssAdapter: ReportQwesFeatureStatus after caps 14001a7f7f 
07-28 05:04:38.062  1802  1894 I android.hardware.gnss-aidl-service-qti: registerEventMask:  mMask: 0x16a878244253 mQmiMask=0xd0020e060a248 qmiMask=0xd0020e060a248
07-28 05:04:38.062  1802  1894 I LocSvc_ApiV02: registerEventMask:662] mMask: 0x16a878244253 mQmiMask=0xd0020e060a248 qmiMask=0xd0020e060a248
07-28 05:04:38.062  2852  2852 E LOC_QESDK_WWAN: processIpcMsg:411] Unsupported msg id: 110
07-28 05:04:38.062  2852  2852 E LOC_QESDK_WWAN: processIpcMsg:411] Unsupported msg id: 110
07-28 05:04:38.062  6821  7004 D LocationServiceIDLClient: [gnssCapabilitiesCb][1438] [HC] <<= [HS]
07-28 05:04:38.090  1979  7302 D charge_time: type=sdp,reserve_soc=2,soc=26,ui_soc=27,current=125,avg=99,not_chg_cnt=0,stable_cnt=7,fcc=5724,fcc_ratio=94,delta=36,debug=0,region=19,ttf=71347(19:49:07),ui_ttf=28963(08:02:43)
07-28 05:04:38.115  3446  4592 E OplusNetworkStackManager: initService mNetworkStackService is null, try again in 10s
07-28 05:04:38.149  1969  1969 D SensorFeature: name=ssc_screenshot_info ,index = 22
07-28 05:04:38.149  1969  1969 D SensorFeature: write 29 bytes:47941010762,51921750448,137,0
07-28 05:04:38.153  3446  4346 D FusionLightNextGen: process end reported = 1, mode: 0, lux 0.0, cct -1.0, r/g/b/c: 171.5/168.6/63.0/419.6, R/G/B: 104.0/98.0/97.0, bri 250.0, match 1.00, ir 0.000000, conf 0.0, ts 51876311296
07-28 05:04:38.153  3446  3769 D Arc[OplusBrightnessSceneAdapter]: Arc scene change!!! NormalScene -> StableScene [erraticScore:-1, stableScore:5467] isLuxRefresh:false
07-28 05:04:38.154  3446  3769 D Arc[OplusBrightnessAmbientAdapter[StabilityProcess]]: updateRangeStrategy: reason[SceneChange ] baseLux:0.87, scene:StableScene large{0.31537497, 7.01} largeForAux{0.31537497, 1.97925} small{0.31537497, 4.2} null
07-28 05:04:38.154  3446  3769 D Arc[OplusBrightnessPhoneStateManager]: InOutDoor first reason: lux
07-28 05:04:38.154  3446  3769 D Arc[OplusSmartBrightnessController]: brightness changed!!!finalLux:0.0, weightLux:0.0, automaticLux:0.0, lastFinalLux:0.87, lastAutomaticLux:0.87, deviceDirection:Darkening, environmentDirection:Darkening, scene:StableScene, accelerateScale:1.0, updateProcess:[LargeChange], luxQueue:[0.0, 0.0, 0.0], display[-1]:(0.87, 4.8694477, 303.01413)->(0.0, 2.5, 80.45264), drag:null
07-28 05:04:38.154  1902  4389 I Dpps    : LtmSwState::SetParameter():144 ignore cmd 7 in state LtmOffState
07-28 05:04:38.154  3446  3769 D Arc[OplusSmartBrightnessController]: Detailed Statistics:PhoneState{TimeEvent{event:CALENDER_TIME id:1}-05:04:00, LuxEvent{event:MAIN_LUX lux:0.0}, ProximityEvent{event:FAR id:1}, MotionEvent{event:MOTIONLESS id:0}, InOutDoorEvent{event:IN_DOOR id:0}, DarkModeEvent{event:BRIGHT_MODE id:1}, NetworkEvent{event:UNKNOWN id:2}}
07-28 05:04:38.155  3446  3769 I OplusSmartBrightnessController: update target brightness point to : display[-1]=(0.87, 4.8694477, 303.01413)->(0.0, 2.5, 80.45264)
07-28 05:04:38.155  3446  3769 I OplusSmartBrightnessController: onTargetBrightnessChange brightness change to (0.0, 2.5, 80.45264)
07-28 05:04:38.155  3446  3769 D Arc[OplusFeatureBrightnessBarController]: BrightnessBarController is not support.
07-28 05:04:38.156  3446  3765 I ColorAutomaticBrightnessController: updateAutoBrightness: Auto, sendUpdate = true adjustment=3109.000000,changed:303->80,modified:80->80->80,changed=true,cameraMode=-1,ProximityNear=false
07-28 05:04:38.156  3446  3765 D OplusFeatureHDREnhanceBrightness: setAnimating : displayId[0]=true
07-28 05:04:38.157  3446  3765 D OplusFeatureReduceBrightness: setAnimating : animating = true
07-28 05:04:38.157  3446  3765 D OplusFeatureEdrEnhanceBrightness: setAnimating: true
07-28 05:04:38.157  3446  3765 D OplusFeaturePwEdrEnhanceBrightness: setAnimating: true
07-28 05:04:38.159  3446  3765 D DpcExtImpl[0]: Animating brightness: hdrBrightness target=303->80,sdrBrightness target=303->80,rate=24->24,type=automatic,byUse=false local:4630946756802996883
07-28 05:04:38.162  3446  3765 D OplusDisplayBrightnessModel: new animation!index=[0]=[4.869241->2.496613], is Down animation, Seq = 9, AccelerateScale = 1.0, AdjFreq = 208.83481, SeqPhaseCount=[0, 0, 0]
07-28 05:04:38.162  3446  3765 W AnimationDuration: invalid refreshRate 208 edr=NORMAL,seq[false,[9:low->low]],levChange[303->80:80],primaryDpy=true,freshRate[208.83, 0.005, 1.000],verbose[sameInterrupt=false,levChange[303->80],nitChange[4.87->4.87->2.50:2.50],max[4095, 798.29]]
07-28 05:04:38.163  3446  3765 D AnimationDuration: auto duration time[4117,[494:[494, 0, 0], 120.0],levChange[303->80]->[303->80],anim{edr=NORMAL,seq[false,[9:low->low]],levChange[303->80:80],primaryDpy=true,freshRate[120.00, 0.005, 1.000],verbose[sameInterrupt=false,levChange[303->80],nitChange[4.87->4.87->2.50:2.50],max[4095, 798.29]]}, ProviderInfo{toDb[time[4117,51936],levChanged[start[303->303]->dbChanged[303->[80,1.000000:2.5]],5],pendingDb=false],displayId[0,true],one=false,defId=true,boot=true,useAuto=true,dragging[false,false],lowPower[false,false],needUpdate=true,winOverride=false,dolbyRecord=false,coverMode=false,HDREnhanced[false,false,80],EdrEnhance[false,false,false,false,80]},calcDuration=202292
07-28 05:04:38.163  3446  3765 D AnimationDuration: putStringForUser update=true type=auto ProviderInfo{toDb[time[4117,51936],levChanged[start[303->303]->dbChanged[303->[80,1.000000:2.5]],6],pendingDb=false],displayId[0,true],one=false,defId=true,boot=true,useAuto=true,dragging[false,false],lowPower[false,false],needUpdate=true,winOverride=false,dolbyRecord=false,coverMode=false,HDREnhanced[false,false,80],EdrEnhance[false,false,false,false,80]}
07-28 05:04:38.164  4836  4836 I SystemUi--QuickSettings: CentralSurfaces.BrightnessController-->onChange uri: content://settings/system/screen_brightness mAutomatic: true
07-28 05:04:38.165  4836  4836 I SystemUi--QuickSettings: CentralSurfaces.BrightnessController-->onChange uri: content://settings/system/screen_brightness_duration mAutomatic: true
07-28 05:04:38.166  4836  5078 I SystemUi--QuickSettings: CentralSurfaces.BrightnessController-->getScreenBrightnessDuration screen_brightness_duration: 4117.0 screenBrightnessStartValue: 303.0 animationStartTime: 51936.0
07-28 05:04:38.166  4836  5078 I SystemUi--QuickSettings: CentralSurfaces.BrightnessController-->mUpdateSliderAnimationRunnable sliderValue: 74 screenBrightnessDuration: 4117.0 startValue: 303.0 startTime: 51936.0
07-28 05:04:38.166  4836  4836 I SystemUi--QuickSettings: OplusQsBrightnessSliderController-->setProgressAnimation value: 74 isListening: false  screenBrightnessDuration: 4117.0  startValue: 303 startTime: 51936 lastDuration: 93.0 lastStartTime: 47003  max: 4089 sliderProgress: 0 needResetLastAnimation: false
07-28 05:04:38.176  1902  3448 I SDM     : DCCompensate::GetMonotonicTime: caculate the accutime ,curent tinme is 47 end time is 51 accultime is 4
07-28 05:04:38.210  1822  1921 I sensors-hal: send_brightness:991, light_iface: send_cfg, br 247, dc 0, power on 1, val 131319
07-28 05:04:38.211  1902  3412 I CasManager: DBV changed from 250 to 247
07-28 05:04:38.211  1902  3412 I CasManager: DBV changed, but bin id not change, so trigger gain
07-28 05:04:38.211  1902  3412 W SDM     : DemuraIntfImpl::ProcessOemPluginGain: Thermal intf_ is nullptr 0, default to 25 degree
07-28 05:04:38.211  1902  3412 I SDM     : CasQcPlugIn::ProcessPerCompGainOppo: input params, mode:PWM, fps:120, dbv:247
07-28 05:04:38.211  1902  3412 I SDM     : CasQcPlugIn::ProcessPerCompGainOppo: normalized bright_adj:1024, dbv:247, bin_dbv:19, 
07-28 05:04:38.211  1902  3412 I SDM     : CasQcPlugIn::ProcessPerCompGainOppo: gains print start =====================
07-28 05:04:38.211  1902  3412 I SDM     : CasQcPlugIn::ProcessPerCompGainOppo: gain --------------------------------
07-28 05:04:38.211  1902  3412 I SDM     : CasQcPlugIn::ProcessPerCompGainOppo: old: 0 0 0 203 371 784 1439 3072
07-28 05:04:38.211  1902  3412 I SDM     : CasQcPlugIn::ProcessPerCompGainOppo: new: 0 0 0 134 245 517 950 2357
07-28 05:04:38.211  1902  3412 I SDM     : CasQcPlugIn::ProcessPerCompGainOppo: gain --------------------------------
07-28 05:04:38.211  1902  3412 I SDM     : CasQcPlugIn::ProcessPerCompGainOppo: old: 0 0 0 165 279 566 1531 3072
07-28 05:04:38.211  1902  3412 I SDM     : CasQcPlugIn::ProcessPerCompGainOppo: new: 0 0 0 108 169 373 1011 2357
07-28 05:04:38.211  1902  3412 I SDM     : CasQcPlugIn::ProcessPerCompGainOppo: gain --------------------------------
07-28 05:04:38.211  1902  3412 I SDM     : CasQcPlugIn::ProcessPerCompGainOppo: old: 0 0 0 237 458 732 1873 3072
07-28 05:04:38.211  1902  3412 I SDM     : CasQcPlugIn::ProcessPerCompGainOppo: new: 0 0 0 156 351 561 1437 2357
07-28 05:04:38.211  1902  3412 I SDM     : CasQcPlugIn::ProcessPerCompGainOppo: gains print end =======================
07-28 05:04:38.216  1902  3412 I SDM     : DemuraIntfImpl::StageAllData: Staged all data to Demura Driver!
07-28 05:04:38.216  1902  3412 I SDM     : HWPeripheralDRM::SetPanelFeature: Set Panel feature property 19
07-28 05:04:38.216  1902  3412 I SDM     : HWPeripheralDRM::SetPanelFeature: Set Panel feature property 7
07-28 05:04:38.216  1902  3412 I SDM     : DisplayBuiltIn::TriggerDemuraOemPlugIn: Trigger demura oem plugin success
07-28 05:04:38.218  1902  2182 I SDM     : DRMPanelFeatureMgr::ApplyDirtyFeature: Commited panel feature [enabled]: 20-272
07-28 05:04:38.218  1902  2182 I SDM     : DRMPanelFeatureMgr::ApplyDirtyFeature: Commited panel feature [enabled]: 8-271
07-28 05:04:38.235  1902  3448 I SDM     : DCCompensate::GetMonotonicTime: caculate the accutime ,curent tinme is 51 end time is 52 accultime is 1
07-28 05:04:38.268  1902  3412 I CasManager: DBV changed from 247 to 246
07-28 05:04:38.268  1902  3412 I CasManager: DBV changed, but bin id not change, so trigger gain
07-28 05:04:38.269  1902  3412 W SDM     : DemuraIntfImpl::ProcessOemPluginGain: Thermal intf_ is nullptr 0, default to 25 degree
07-28 05:04:38.269  1822  1921 I sensors-hal: send_brightness:991, light_iface: send_cfg, br 246, dc 0, power on 1, val 131318
07-28 05:04:38.269  1902  3412 I SDM     : CasQcPlugIn::ProcessPerCompGainOppo: input params, mode:PWM, fps:120, dbv:246
07-28 05:04:38.269  1902  3412 I SDM     : CasQcPlugIn::ProcessPerCompGainOppo: normalized bright_adj:1024, dbv:246, bin_dbv:19, 
07-28 05:04:38.269  1902  3412 I SDM     : CasQcPlugIn::ProcessPerCompGainOppo: gains print start =====================
07-28 05:04:38.269  1902  3412 I SDM     : CasQcPlugIn::ProcessPerCompGainOppo: gain --------------------------------
07-28 05:04:38.269  1902  3412 I SDM     : CasQcPlugIn::ProcessPerCompGainOppo: old: 0 0 0 203 371 784 1439 3072
07-28 05:04:38.269  1902  3412 I SDM     : CasQcPlugIn::ProcessPerCompGainOppo: new: 0 0 0 134 245 519 953 2368
07-28 05:04:38.269  1902  3412 I SDM     : CasQcPlugIn::ProcessPerCompGainOppo: gain --------------------------------
07-28 05:04:38.269  1902  3412 I SDM     : CasQcPlugIn::ProcessPerCompGainOppo: old: 0 0 0 165 279 566 1531 3072
07-28 05:04:38.269  1902  3412 I SDM     : CasQcPlugIn::ProcessPerCompGainOppo: new: 0 0 0 109 169 374 1014 2368
07-28 05:04:38.269  1902  3412 I SDM     : CasQcPlugIn::ProcessPerCompGainOppo: gain --------------------------------
07-28 05:04:38.269  1902  3412 I SDM     : CasQcPlugIn::ProcessPerCompGainOppo: old: 0 0 0 237 458 732 1873 3072
07-28 05:04:38.269  1902  3412 I SDM     : CasQcPlugIn::ProcessPerCompGainOppo: new: 0 0 0 157 353 564 1443 2368
07-28 05:04:38.269  1902  3412 I SDM     : CasQcPlugIn::ProcessPerCompGainOppo: gains print end =======================
07-28 05:04:38.279  1902  3412 I SDM     : DemuraIntfImpl::StageAllData: Staged all data to Demura Driver!
07-28 05:04:38.279  1902  3412 I SDM     : HWPeripheralDRM::SetPanelFeature: Set Panel feature property 19
07-28 05:04:38.279  1902  3412 I SDM     : HWPeripheralDRM::SetPanelFeature: Set Panel feature property 7
07-28 05:04:38.279  1902  3412 I SDM     : DisplayBuiltIn::TriggerDemuraOemPlugIn: Trigger demura oem plugin success
07-28 05:04:38.286  1902  2182 I SDM     : DRMPanelFeatureMgr::ApplyDirtyFeature: Commited panel feature [enabled]: 20-272
07-28 05:04:38.286  1902  2182 I SDM     : DRMPanelFeatureMgr::ApplyDirtyFeature: Commited panel feature [enabled]: 8-271
07-28 05:04:38.302  1822  1921 I sensors-hal: send_brightness:991, light_iface: send_cfg, br 244, dc 0, power on 1, val 131316
07-28 05:04:38.302  1902  3412 I CasManager: DBV changed from 246 to 244
07-28 05:04:38.302  1902  3412 I CasManager: DBV changed, but bin id not change, so trigger gain
07-28 05:04:38.302  1902  3412 W SDM     : DemuraIntfImpl::ProcessOemPluginGain: Thermal intf_ is nullptr 0, default to 25 degree
07-28 05:04:38.302  1902  3412 I SDM     : CasQcPlugIn::ProcessPerCompGainOppo: input params, mode:PWM, fps:120, dbv:244
07-28 05:04:38.302  1902  3412 I SDM     : CasQcPlugIn::ProcessPerCompGainOppo: normalized bright_adj:1024, dbv:244, bin_dbv:19, 
07-28 05:04:38.302  1902  3412 I SDM     : CasQcPlugIn::ProcessPerCompGainOppo: gains print start =====================
07-28 05:04:38.302  1902  3412 I SDM     : CasQcPlugIn::ProcessPerCompGainOppo: gain --------------------------------
07-28 05:04:38.302  1902  3412 I SDM     : CasQcPlugIn::ProcessPerCompGainOppo: old: 0 0 0 203 371 784 1439 3072
07-28 05:04:38.302  1902  3412 I SDM     : CasQcPlugIn::ProcessPerCompGainOppo: new: 0 0 0 135 247 522 959 2389
07-28 05:04:38.302  1902  3412 I SDM     : CasQcPlugIn::ProcessPerCompGainOppo: gain --------------------------------
07-28 05:04:38.302  1902  3412 I SDM     : CasQcPlugIn::ProcessPerCompGainOppo: old: 0 0 0 165 279 566 1531 3072
07-28 05:04:38.302  1902  3412 I SDM     : CasQcPlugIn::ProcessPerCompGainOppo: new: 0 0 0 110 170 377 1020 2389
07-28 05:04:38.302  1902  3412 I SDM     : CasQcPlugIn::ProcessPerCompGainOppo: gain --------------------------------
07-28 05:04:38.302  1902  3412 I SDM     : CasQcPlugIn::ProcessPerCompGainOppo: old: 0 0 0 237 458 732 1873 3072
07-28 05:04:38.302  1902  3412 I SDM     : CasQcPlugIn::ProcessPerCompGainOppo: new: 0 0 0 158 356 569 1456 2389
07-28 05:04:38.302  1902  3412 I SDM     : CasQcPlugIn::ProcessPerCompGainOppo: gains print end =======================
07-28 05:04:38.310  1902  3412 I SDM     : DemuraIntfImpl::StageAllData: Staged all data to Demura Driver!
07-28 05:04:38.310  1902  3412 I SDM     : HWPeripheralDRM::SetPanelFeature: Set Panel feature property 19
07-28 05:04:38.310  1902  3412 I SDM     : HWPeripheralDRM::SetPanelFeature: Set Panel feature property 7
07-28 05:04:38.310  1902  3412 I SDM     : DisplayBuiltIn::TriggerDemuraOemPlugIn: Trigger demura oem plugin success
07-28 05:04:38.311  1902  2182 I SDM     : DRMPanelFeatureMgr::ApplyDirtyFeature: Commited panel feature [enabled]: 20-272
07-28 05:04:38.311  1902  2182 I SDM     : DRMPanelFeatureMgr::ApplyDirtyFeature: Commited panel feature [enabled]: 8-271
07-28 05:04:38.327  1822  1921 I sensors-hal: send_brightness:991, light_iface: send_cfg, br 242, dc 0, power on 1, val 131314
07-28 05:04:38.327  1902  3412 I CasManager: DBV changed from 244 to 242
07-28 05:04:38.327  1902  3412 I CasManager: DBV changed, but bin id not change, so trigger gain
07-28 05:04:38.327  1902  3412 W SDM     : DemuraIntfImpl::ProcessOemPluginGain: Thermal intf_ is nullptr 0, default to 25 degree
07-28 05:04:38.327  1902  3412 I SDM     : CasQcPlugIn::ProcessPerCompGainOppo: input params, mode:PWM, fps:120, dbv:242
07-28 05:04:38.327  1902  3412 I SDM     : CasQcPlugIn::ProcessPerCompGainOppo: normalized bright_adj:1024, dbv:242, bin_dbv:19, 
07-28 05:04:38.327  1902  3412 I SDM     : CasQcPlugIn::ProcessPerCompGainOppo: gains print start =====================
07-28 05:04:38.327  1902  3412 I SDM     : CasQcPlugIn::ProcessPerCompGainOppo: gain --------------------------------
07-28 05:04:38.327  1902  3412 I SDM     : CasQcPlugIn::ProcessPerCompGainOppo: old: 0 0 0 203 371 784 1439 3072
07-28 05:04:38.327  1902  3412 I SDM     : CasQcPlugIn::ProcessPerCompGainOppo: new: 0 0 0 136 248 525 965 2410
07-28 05:04:38.327  1902  3412 I SDM     : CasQcPlugIn::ProcessPerCompGainOppo: gain --------------------------------
07-28 05:04:38.327  1902  3412 I SDM     : CasQcPlugIn::ProcessPerCompGainOppo: old: 0 0 0 165 279 566 1531 3072
07-28 05:04:38.327  1902  3412 I SDM     : CasQcPlugIn::ProcessPerCompGainOppo: new: 0 0 0 110 171 379 1027 2410
07-28 05:04:38.327  1902  3412 I SDM     : CasQcPlugIn::ProcessPerCompGainOppo: gain --------------------------------
07-28 05:04:38.327  1902  3412 I SDM     : CasQcPlugIn::ProcessPerCompGainOppo: old: 0 0 0 237 458 732 1873 3072
07-28 05:04:38.327  1902  3412 I SDM     : CasQcPlugIn::ProcessPerCompGainOppo: new: 0 0 0 158 359 574 1469 2410
07-28 05:04:38.327  1902  3412 I SDM     : CasQcPlugIn::ProcessPerCompGainOppo: gains print end =======================
07-28 05:04:38.338  1902  3412 I SDM     : DemuraIntfImpl::StageAllData: Staged all data to Demura Driver!
07-28 05:04:38.338  1902  3412 I SDM     : HWPeripheralDRM::SetPanelFeature: Set Panel feature property 19
07-28 05:04:38.338  1902  3412 I SDM     : HWPeripheralDRM::SetPanelFeature: Set Panel feature property 7
07-28 05:04:38.338  1902  3412 I SDM     : DisplayBuiltIn::TriggerDemuraOemPlugIn: Trigger demura oem plugin success
07-28 05:04:38.346  1902  2182 I SDM     : DRMPanelFeatureMgr::ApplyDirtyFeature: Commited panel feature [enabled]: 20-272
07-28 05:04:38.346  1902  2182 I SDM     : DRMPanelFeatureMgr::ApplyDirtyFeature: Commited panel feature [enabled]: 8-271
07-28 05:04:38.353  1787  1792 E Diag-Router: diag: glinkpkt_open: failed to create control node for slate_apps
07-28 05:04:38.353  1787  1792 E Diag-Router: diag: diag_glinkpkt_open_thread: Glinkpkt_open failed for perif: 12 with err: -1, retry_cnt: 8
07-28 05:04:38.357  1787  1793 E Diag-Router: diag: glinkpkt_open: failed to create control node for slate_adsp
07-28 05:04:38.357  1787  1793 E Diag-Router: diag: diag_glinkpkt_open_thread: Glinkpkt_open failed for perif: 13 with err: -1, retry_cnt: 8
07-28 05:04:38.368  1902  3412 I CasManager: DBV changed from 242 to 241
07-28 05:04:38.368  1822  1921 I sensors-hal: send_brightness:991, light_iface: send_cfg, br 241, dc 0, power on 1, val 131313
07-28 05:04:38.368  1902  3412 I CasManager: DBV changed, but bin id not change, so trigger gain
07-28 05:04:38.368  1902  3412 W SDM     : DemuraIntfImpl::ProcessOemPluginGain: Thermal intf_ is nullptr 0, default to 25 degree
07-28 05:04:38.368  1902  3412 I SDM     : CasQcPlugIn::ProcessPerCompGainOppo: input params, mode:PWM, fps:120, dbv:241
07-28 05:04:38.368  1902  3412 I SDM     : CasQcPlugIn::ProcessPerCompGainOppo: normalized bright_adj:1024, dbv:241, bin_dbv:19, 
07-28 05:04:38.368  1902  3412 I SDM     : CasQcPlugIn::ProcessPerCompGainOppo: gains print start =====================
07-28 05:04:38.368  1902  3412 I SDM     : CasQcPlugIn::ProcessPerCompGainOppo: gain --------------------------------
07-28 05:04:38.368  1902  3412 I SDM     : CasQcPlugIn::ProcessPerCompGainOppo: old: 0 0 0 203 371 784 1439 3072
07-28 05:04:38.368  1902  3412 I SDM     : CasQcPlugIn::ProcessPerCompGainOppo: new: 0 0 0 136 249 527 968 2421
07-28 05:04:38.368  1902  3412 I SDM     : CasQcPlugIn::ProcessPerCompGainOppo: gain --------------------------------
07-28 05:04:38.368  1902  3412 I SDM     : CasQcPlugIn::ProcessPerCompGainOppo: old: 0 0 0 165 279 566 1531 3072
07-28 05:04:38.368  1902  3412 I SDM     : CasQcPlugIn::ProcessPerCompGainOppo: new: 0 0 0 111 171 380 1030 2421
07-28 05:04:38.368  1902  3412 I SDM     : CasQcPlugIn::ProcessPerCompGainOppo: gain --------------------------------
07-28 05:04:38.368  1902  3412 I SDM     : CasQcPlugIn::ProcessPerCompGainOppo: old: 0 0 0 237 458 732 1873 3072
07-28 05:04:38.368  1902  3412 I SDM     : CasQcPlugIn::ProcessPerCompGainOppo: new: 0 0 0 159 360 576 1476 2421
07-28 05:04:38.368  1902  3412 I SDM     : CasQcPlugIn::ProcessPerCompGainOppo: gains print end =======================
07-28 05:04:38.376  1902  3412 I SDM     : DemuraIntfImpl::StageAllData: Staged all data to Demura Driver!
07-28 05:04:38.376  1902  3412 I SDM     : HWPeripheralDRM::SetPanelFeature: Set Panel feature property 19
07-28 05:04:38.376  1902  3412 I SDM     : HWPeripheralDRM::SetPanelFeature: Set Panel feature property 7
07-28 05:04:38.376  1902  3412 I SDM     : DisplayBuiltIn::TriggerDemuraOemPlugIn: Trigger demura oem plugin success
07-28 05:04:38.378  1902  2182 I SDM     : DRMPanelFeatureMgr::ApplyDirtyFeature: Commited panel feature [enabled]: 20-272
07-28 05:04:38.378  1902  2182 I SDM     : DRMPanelFeatureMgr::ApplyDirtyFeature: Commited panel feature [enabled]: 8-271
07-28 05:04:38.393  1822  1921 I sensors-hal: send_brightness:991, light_iface: send_cfg, br 240, dc 0, power on 1, val 131312
07-28 05:04:38.393  1902  3412 I CasManager: DBV changed from 241 to 240
07-28 05:04:38.393  1902  3412 I CasManager: DBV changed, but bin id not change, so trigger gain
07-28 05:04:38.393  1902  3412 W SDM     : DemuraIntfImpl::ProcessOemPluginGain: Thermal intf_ is nullptr 0, default to 25 degree
07-28 05:04:38.393  1902  3412 I SDM     : CasQcPlugIn::ProcessPerCompGainOppo: input params, mode:PWM, fps:120, dbv:240
07-28 05:04:38.393  1902  3412 I SDM     : CasQcPlugIn::ProcessPerCompGainOppo: normalized bright_adj:1024, dbv:240, bin_dbv:19, 
07-28 05:04:38.393  1902  3412 I SDM     : CasQcPlugIn::ProcessPerCompGainOppo: gains print start =====================
07-28 05:04:38.393  1902  3412 I SDM     : CasQcPlugIn::ProcessPerCompGainOppo: gain --------------------------------
07-28 05:04:38.393  1902  3412 I SDM     : CasQcPlugIn::ProcessPerCompGainOppo: old: 0 0 0 203 371 784 1439 3072
07-28 05:04:38.393  1902  3412 I SDM     : CasQcPlugIn::ProcessPerCompGainOppo: new: 0 0 0 137 250 529 971 2432
07-28 05:04:38.393  1902  3412 I SDM     : CasQcPlugIn::ProcessPerCompGainOppo: gain --------------------------------
07-28 05:04:38.393  1902  3412 I SDM     : CasQcPlugIn::ProcessPerCompGainOppo: old: 0 0 0 165 279 566 1531 3072
07-28 05:04:38.393  1902  3412 I SDM     : CasQcPlugIn::ProcessPerCompGainOppo: new: 0 0 0 111 172 382 1033 2432
07-28 05:04:38.393  1902  3412 I SDM     : CasQcPlugIn::ProcessPerCompGainOppo: gain --------------------------------
07-28 05:04:38.393  1902  3412 I SDM     : CasQcPlugIn::ProcessPerCompGainOppo: old: 0 0 0 237 458 732 1873 3072
07-28 05:04:38.393  1902  3412 I SDM     : CasQcPlugIn::ProcessPerCompGainOppo: new: 0 0 0 159 362 579 1482 2432
07-28 05:04:38.393  1902  3412 I SDM     : CasQcPlugIn::ProcessPerCompGainOppo: gains print end =======================
07-28 05:04:38.402  1822  4398 I sensors-hal: handle_oplus_wise_rgb_event:189, high_pwm_light:lux 3.2,cct 5300.0,brl/algo/ir 250.0/2.0/0.0,pwm/dc 0.0/0.0,rgbc 171.518036/163.890091/62.998959/414.443787,ts 51943848223,cnt 710,flag 65673
07-28 05:04:38.402  3446  3769 D Arc[OplusBrightnessPhoneStateManager]: LuxEvent{event:MAIN_LUX lux:0.0} -> LuxEvent{event:MAIN_LUX lux:0.0}
07-28 05:04:38.402  3446  3769 D Arc[OplusBrightnessSceneAdapter]: Arc scene change!!! StableScene -> NormalScene [erraticScore:-1, stableScore:-1] isLuxRefresh:true
07-28 05:04:38.402  3446  3769 D Arc[OplusBrightnessAmbientAdapter[StabilityProcess]]: updateRangeStrategy: reason[LuxChange SceneChange ] baseLux:0.0, scene:NormalScene large{0.0, 7.01} largeForAux{0.0, 2.0} small{0.0, 4.2} null
07-28 05:04:38.403  1902  4389 I Dpps    : LtmSwState::SetParameter():144 ignore cmd 7 in state LtmOffState
07-28 05:04:38.403  1902  3412 I SDM     : DemuraIntfImpl::StageAllData: Staged all data to Demura Driver!
07-28 05:04:38.403  1902  3412 I SDM     : HWPeripheralDRM::SetPanelFeature: Set Panel feature property 19
07-28 05:04:38.403  1902  3412 I SDM     : HWPeripheralDRM::SetPanelFeature: Set Panel feature property 7
07-28 05:04:38.403  1902  3412 I SDM     : DisplayBuiltIn::TriggerDemuraOemPlugIn: Trigger demura oem plugin success
07-28 05:04:38.412  1902  2182 I SDM     : DRMPanelFeatureMgr::ApplyDirtyFeature: Commited panel feature [enabled]: 20-272
07-28 05:04:38.412  1902  2182 I SDM     : DRMPanelFeatureMgr::ApplyDirtyFeature: Commited panel feature [enabled]: 8-271
07-28 05:04:38.426  1822  1921 I sensors-hal: send_brightness:991, light_iface: send_cfg, br 239, dc 0, power on 1, val 131311
07-28 05:04:38.426  1902  3412 I CasManager: DBV changed from 240 to 239
07-28 05:04:38.426  1902  3412 I CasManager: DBV changed, but bin id not change, so trigger gain
07-28 05:04:38.427  1902  3412 W SDM     : DemuraIntfImpl::ProcessOemPluginGain: Thermal intf_ is nullptr 0, default to 25 degree
07-28 05:04:38.427  1902  3412 I SDM     : CasQcPlugIn::ProcessPerCompGainOppo: input params, mode:PWM, fps:120, dbv:239
07-28 05:04:38.427  1902  3412 I SDM     : CasQcPlugIn::ProcessPerCompGainOppo: normalized bright_adj:1024, dbv:239, bin_dbv:19, 
07-28 05:04:38.427  1902  3412 I SDM     : CasQcPlugIn::ProcessPerCompGainOppo: gains print start =====================
07-28 05:04:38.427  1902  3412 I SDM     : CasQcPlugIn::ProcessPerCompGainOppo: gain --------------------------------
07-28 05:04:38.427  1902  3412 I SDM     : CasQcPlugIn::ProcessPerCompGainOppo: old: 0 0 0 203 371 784 1439 3072
07-28 05:04:38.427  1902  3412 I SDM     : CasQcPlugIn::ProcessPerCompGainOppo: new: 0 0 0 137 251 530 974 2442
07-28 05:04:38.427  1902  3412 I SDM     : CasQcPlugIn::ProcessPerCompGainOppo: gain --------------------------------
07-28 05:04:38.427  1902  3412 I SDM     : CasQcPlugIn::ProcessPerCompGainOppo: old: 0 0 0 165 279 566 1531 3072
07-28 05:04:38.427  1902  3412 I SDM     : CasQcPlugIn::ProcessPerCompGainOppo: new: 0 0 0 111 172 383 1036 2442
07-28 05:04:38.427  1902  3412 I SDM     : CasQcPlugIn::ProcessPerCompGainOppo: gain --------------------------------
07-28 05:04:38.427  1902  3412 I SDM     : CasQcPlugIn::ProcessPerCompGainOppo: old: 0 0 0 237 458 732 1873 3072
07-28 05:04:38.427  1902  3412 I SDM     : CasQcPlugIn::ProcessPerCompGainOppo: new: 0 0 0 160 364 582 1489 2442
07-28 05:04:38.427  1902  3412 I SDM     : CasQcPlugIn::ProcessPerCompGainOppo: gains print end =======================
07-28 05:04:38.438  1902  3412 I SDM     : DemuraIntfImpl::StageAllData: Staged all data to Demura Driver!
07-28 05:04:38.438  1902  3412 I SDM     : HWPeripheralDRM::SetPanelFeature: Set Panel feature property 19
07-28 05:04:38.438  1902  3412 I SDM     : HWPeripheralDRM::SetPanelFeature: Set Panel feature property 7
07-28 05:04:38.438  1902  3412 I SDM     : DisplayBuiltIn::TriggerDemuraOemPlugIn: Trigger demura oem plugin success
07-28 05:04:38.443  1902  2182 I SDM     : DRMPanelFeatureMgr::ApplyDirtyFeature: Commited panel feature [enabled]: 20-272
07-28 05:04:38.443  1902  2182 I SDM     : DRMPanelFeatureMgr::ApplyDirtyFeature: Commited panel feature [enabled]: 8-271
07-28 05:04:38.451  1969  1969 D SensorFeature: name=ssc_screenshot_info ,index = 22
07-28 05:04:38.452  1969  1969 D SensorFeature: write 29 bytes:47941010762,52224333989,138,0
07-28 05:04:38.475  3446  4774 I Osense-BaseDecisionMaker: notifySceneToAthenaPolicy: SCENE_IDLE_RECOVER, bundle: Bundle[{scene=SCENE_IDLE_RECOVER}]
07-28 05:04:38.476  3446  4774 I Osense-BaseDecisionMaker: scene: SCENE_IDLE_RECOVER, excutingPolicy: respreload
07-28 05:04:38.477  3446  4774 D Osense-BaseDecisionMaker: invoke process preload policy
07-28 05:04:38.477  3446  4774 I Osense-BaseDecisionMaker: scene: SCENE_IDLE_RECOVER, excutingPolicy: clear
07-28 05:04:38.477  3446  4774 D Osense-BaseDecisionMaker: invoke clear policy,type: unforbid
07-28 05:04:38.477  3446  4774 I OsenseKillAction: KillAction: unhandled request: id=5, enable=true, scene=SCENE_IDLE_RECOVER, type=unforbid, cchOnly=false, appcare=0
07-28 05:04:38.493  1822  1921 I sensors-hal: send_brightness:991, light_iface: send_cfg, br 237, dc 0, power on 1, val 131309
07-28 05:04:38.493  1902  3412 I CasManager: DBV changed from 239 to 237
07-28 05:04:38.493  1902  3412 I CasManager: DBV changed, but bin id not change, so trigger gain
07-28 05:04:38.493  1902  3412 W SDM     : DemuraIntfImpl::ProcessOemPluginGain: Thermal intf_ is nullptr 0, default to 25 degree
07-28 05:04:38.493  1902  3412 I SDM     : CasQcPlugIn::ProcessPerCompGainOppo: input params, mode:PWM, fps:120, dbv:237
07-28 05:04:38.493  1902  3412 I SDM     : CasQcPlugIn::ProcessPerCompGainOppo: normalized bright_adj:1024, dbv:237, bin_dbv:19, 
07-28 05:04:38.493  1902  3412 I SDM     : CasQcPlugIn::ProcessPerCompGainOppo: gains print start =====================
07-28 05:04:38.493  1902  3412 I SDM     : CasQcPlugIn::ProcessPerCompGainOppo: gain --------------------------------
07-28 05:04:38.493  1902  3412 I SDM     : CasQcPlugIn::ProcessPerCompGainOppo: old: 0 0 0 203 371 784 1439 3072
