07-28 04:26:49.499  9034  9812 I ContextAware_IntentSwitchManager: isExistInSceneInfoActionList pantanalIntentAction = pantanal.intent.system.VIEW_TIPS
07-28 04:26:49.499  9034  9971 E metis_v2_JenaHandlerManager: local thread match [7f0000011753691168474418507507|p_7507_e76c3d8@1|p_9034_5e81b7e@0|com.oplus.metis]
07-28 04:26:49.499  9034  9812 I metis_v2_BreenoSwitchSettingObserver: panta-sugg-getMasterSwitchStatus from cache:true
07-28 04:26:49.500  9034 10890 I DeepThinkerSDK: [APP] ClientConnection: getDeepThinkerBridge start
07-28 04:26:49.500  9034  9971 E metis_v2_JenaHandlerManager: local thread match [7f0000011753691168474418507507|p_7507_e76c3d8@1|p_9034_5e81b7e@0|com.oplus.metis]
07-28 04:26:49.500  9034 10890 I DeepThinkerSDK: [APP] ClientConnection: getDeepThinkerBridge end
07-28 04:26:49.500  9034  9812 I ContextAware_SortAlgorithmManager.ReorderProcessor.RuleReRanker: sceneIntentRerank sceneFinalScoreMap:{scene rerank, use defaultScore, finalScore:14111005SUBSTITUTE_SCENE=2.0}
07-28 04:26:49.500  9034  9971 E metis_v2_JenaHandlerManager: local thread match [7f0000011753691168474418507507|p_7507_e76c3d8@1|p_9034_5e81b7e@0|com.oplus.metis] [base|com.oplus.metis|1.5.5-f48228a]
07-28 04:26:49.500  9034  9812 W ContextAware_IntentSwitchManager: getSubSwitchStatus the parameter is invalid.
07-28 04:26:49.500  9034  9812 I ContextAware_SortAlgorithmManager.ReorderProcessor.RuleReRanker: sceneIntentRerank sceneFinalScoreMap:{}
07-28 04:26:49.500  9034  9971 E metis_v2_JenaHandlerManager: local thread match [7f0000011753691168474418507507|p_7507_e76c3d8@1|p_9034_5e81b7e@0|com.oplus.metis]
07-28 04:26:49.500  9034  9971 E metis_v2_JenaHandlerManager: local thread match [7f0000011753691168474418507507|p_7507_e76c3d8@1|p_9034_5e81b7e@0|com.oplus.metis]
07-28 04:26:49.500  9034  9971 E metis_v2_JenaHandlerManager: local thread match [7f0000011753691168474418507507|p_7507_e76c3d8@1|p_9034_5e81b7e@0|com.oplus.metis]
07-28 04:26:49.500  9034  9971 E metis_v2_JenaHandlerManager: local thread match [7f0000011753691168474418507507|p_7507_e76c3d8@1|p_9034_5e81b7e@0|com.oplus.metis]
07-28 04:26:49.500  9034  9812 I ContextAware_IntentSwitchManager: getSubSwitchStatus = {clear_memory=true}
07-28 04:26:49.500  9034  9971 E metis_v2_JenaHandlerManager: local thread match [7f0000011753691168474418507507|p_7507_e76c3d8@1|p_9034_5e81b7e@0|com.oplus.metis]
07-28 04:26:49.500  9034  9812 I ContextAware_IntentSwitchManager: isExistInSceneInfoActionList pantanalIntentAction = pantanal.intent.system.CLEAN_UP_STORAGE
07-28 04:26:49.500  9034  9812 I metis_v2_BreenoSwitchSettingObserver: panta-sugg-getMasterSwitchStatus from cache:true
07-28 04:26:49.500  9034  9971 E metis_v2_JenaHandlerManager: local thread match [7f0000011753691168474418507507|p_7507_e76c3d8@1|p_9034_5e81b7e@0|com.oplus.metis]
07-28 04:26:49.500  9034  9812 I ContextAware_IntentSwitchManager: isExistInSceneInfoActionList pantanalIntentAction = pantanal.intent.audio.SUBSTITUTE_RAM_CLEAN_UP
07-28 04:26:49.500  9034  9971 E metis_v2_JenaHandlerManager: local thread match [7f0000011753691168474418507507|p_7507_e76c3d8@1|p_9034_5e81b7e@0|com.oplus.metis]
07-28 04:26:49.500  9034  9812 I metis_v2_BreenoSwitchSettingObserver: panta-sugg-getMasterSwitchStatus from cache:true
07-28 04:26:49.500  9034  9812 I ContextAware_IntentSwitchManager: isExistInSceneInfoActionList pantanalIntentAction = pantanal.intent.audio.SUBSTITUTE_RAM_CLEAN_UP_PLUS
07-28 04:26:49.500  9034  9812 I metis_v2_BreenoSwitchSettingObserver: panta-sugg-getMasterSwitchStatus from cache:true
07-28 04:26:49.500  9034  9971 E metis_v2_JenaHandlerManager: local thread match [7f0000011753691168474418507507|p_7507_e76c3d8@1|p_9034_5e81b7e@0|com.oplus.metis]
07-28 04:26:49.500  9034  9812 I ContextAware_SortAlgorithmManager.ReorderProcessor.RuleReRanker: sceneIntentRerank sceneFinalScoreMap:{scene rerank, use defaultScore, finalScore:14111004CLEAN_UP_STORAGE_SUBSTITUTE=4.06, scene rerank, use defaultScore, finalScore:18111007CLEAN_UP_SUBSTITUTE=4.05, scene rerank, use defaultScore, finalScore:18111008CLEAN_UP_PLUS_SUBSTITUTE=4.02}
07-28 04:26:49.500  9034  9971 E metis_v2_JenaHandlerManager: local thread match [7f0000011753691168474418507507|p_7507_e76c3d8@1|p_9034_5e81b7e@0|com.oplus.metis]
07-28 04:26:49.500  9034  9812 I ContextAware_SortAlgorithmManager.SceneIntentReorderProcessor: IntentReorder: scene[210000000]rank mIntentList: size: 1 13151001
07-28 04:26:49.500  9034  9812 I ContextAware_SortAlgorithmManager.SceneIntentReorderProcessor: scene[220500200]rank mIntentList: size: 1 14111005
07-28 04:26:49.500  9034  9812 I ContextAware_SortAlgorithmManager.SceneIntentReorderProcessor: scene[240100400]rank mIntentList: size: 0
07-28 04:26:49.500  9034  9812 I ContextAware_SortAlgorithmManager.SceneIntentReorderProcessor: scene[240000000]rank mIntentList: size: 3 14111004 18111007 18111008
07-28 04:26:49.500  9034  9971 E metis_v2_JenaHandlerManager: local thread match [7f0000011753691168474418507507|p_7507_e76c3d8@1|p_9034_5e81b7e@0|com.oplus.metis]
07-28 04:26:49.500  9034  9971 E metis_v2_JenaHandlerManager: local thread match [7f0000011753691168474418507507|p_7507_e76c3d8@1|p_9034_5e81b7e@0|com.oplus.metis]
07-28 04:26:49.500  9034  9812 W ContextAware_SortAlgorithmManager.SceneUtil: Drop invalid scene: 220500200
07-28 04:26:49.500  9034  9971 E metis_v2_JenaHandlerManager: local thread match [7f0000011753691168474418507507|p_7507_e76c3d8@1|p_9034_5e81b7e@0|com.oplus.metis]
07-28 04:26:49.500  9034  9971 E metis_v2_JenaHandlerManager: local thread match [7f0000011753691168474418507507|p_7507_e76c3d8@1|p_9034_5e81b7e@0|com.oplus.metis]
07-28 04:26:49.500  9034 10870 I ContextAware_DailyStatisticsRecorder: Increase context change count: PROCESSOR_SCENE_INTENT_REORDER_cnt, value: 1
07-28 04:26:49.500  9034  9971 E metis_v2_JenaHandlerManager: local thread match [7f0000011753691168474418507507|p_7507_e76c3d8@1|p_9034_5e81b7e@0|com.oplus.metis]
07-28 04:26:49.500  9034  9971 E metis_v2_JenaHandlerManager: local thread match [7f0000011753691168474418507507|p_7507_e76c3d8@1|p_9034_5e81b7e@0|com.oplus.metis]
07-28 04:26:49.500  9034  9971 E metis_v2_JenaHandlerManager: local thread match [7f0000011753691168474418507507|p_7507_e76c3d8@1|p_9034_5e81b7e@0|com.oplus.metis]
07-28 04:26:49.500  9034 10870 I ContextAware_DailyStatisticsRecorder: Increase context change count: PROCESSOR_SCENE_INTENT_REORDER_ms, value: 2
07-28 04:26:49.500  9034  9971 E metis_v2_JenaHandlerManager: local thread match [7f0000011753691168474418507507|p_7507_e76c3d8@1|p_9034_5e81b7e@0|com.oplus.metis]
07-28 04:26:49.500  9034  9812 W ContextAware_SortAlgorithmManager.SceneUtil: Drop invalid scene: 240100400
07-28 04:26:49.500  9034  9971 E metis_v2_JenaHandlerManager: local thread match [7f0000011753691168474418507507|p_7507_e76c3d8@1|p_9034_5e81b7e@0|com.oplus.metis]
07-28 04:26:49.500  9034  9971 E metis_v2_JenaHandlerManager: local thread match [7f0000011753691168474418507507|p_7507_e76c3d8@1|p_9034_5e81b7e@0|com.oplus.metis]
07-28 04:26:49.500  9034  9812 I ContextAware_SortAlgorithmManager.SceneFocusProcessor: scene 210000000 not change or has focus scene or current scene is L3
07-28 04:26:49.500  9034  9971 E metis_v2_JenaHandlerManager: local thread match [7f0000011753691168474418507507|p_7507_e76c3d8@1|p_9034_5e81b7e@0|com.oplus.metis]
07-28 04:26:49.500  9034  9812 I ContextAware_SortAlgorithmManager.SceneFocusProcessor: scene 240000000 not change or has focus scene or current scene is L3
07-28 04:26:49.500  9034  9971 E metis_v2_JenaHandlerManager: local thread match [7f0000011753691168474418507507|p_7507_e76c3d8@1|p_9034_5e81b7e@0|com.oplus.metis]
07-28 04:26:49.500  9034  9971 E metis_v2_JenaHandlerManager: local thread match [7f0000011753691168474418507507|p_7507_e76c3d8@1|p_9034_5e81b7e@0|com.oplus.metis]
07-28 04:26:49.500  9034  9971 E metis_v2_JenaHandlerManager: local thread match [7f0000011753691168474418507507|p_7507_e76c3d8@1|p_9034_5e81b7e@0|com.oplus.metis]
07-28 04:26:49.500  9034  9971 E metis_v2_JenaHandlerManager: local thread match [7f0000011753691168474418507507|p_7507_e76c3d8@1|p_9034_5e81b7e@0|com.oplus.metis]
07-28 04:26:49.500  9034  9971 E metis_v2_JenaHandlerManager: local thread match [7f0000011753691168474418507507|p_7507_e76c3d8@1|p_9034_5e81b7e@0|com.oplus.metis]
07-28 04:26:49.500  9034  9971 E metis_v2_JenaHandlerManager: local thread match [7f0000011753691168474418507507|p_7507_e76c3d8@1|p_9034_5e81b7e@0|com.oplus.metis]
07-28 04:26:49.500  9034  9971 E metis_v2_JenaHandlerManager: local thread match [7f0000011753691168474418507507|p_7507_e76c3d8@1|p_9034_5e81b7e@0|com.oplus.metis]
07-28 04:26:49.500  9034  9971 E metis_v2_JenaHandlerManager: local thread match [7f0000011753691168474418507507|p_7507_e76c3d8@1|p_9034_5e81b7e@0|com.oplus.metis]
07-28 04:26:49.500  9034  9971 E metis_v2_JenaHandlerManager: local thread match [7f0000011753691168474418507507|p_7507_e76c3d8@1|p_9034_5e81b7e@0|com.oplus.metis]
07-28 04:26:49.500  9034  9971 E metis_v2_JenaHandlerManager: local thread match [7f0000011753691168474418507507|p_7507_e76c3d8@1|p_9034_5e81b7e@0|com.oplus.metis]
07-28 04:26:49.500  9034  9971 E metis_v2_JenaHandlerManager: local thread match [7f0000011753691168474418507507|p_7507_e76c3d8@1|p_9034_5e81b7e@0|com.oplus.metis]
07-28 04:26:49.500  9034  9971 E metis_v2_JenaHandlerManager: local thread match [7f0000011753691168474418507507|p_7507_e76c3d8@1|p_9034_5e81b7e@0|com.oplus.metis]
07-28 04:26:49.500  9034  9971 E metis_v2_JenaHandlerManager: local thread match [7f0000011753691168474418507507|p_7507_e76c3d8@1|p_9034_5e81b7e@0|com.oplus.metis]
07-28 04:26:49.500  9034  9971 E metis_v2_JenaHandlerManager: local thread match [7f0000011753691168474418507507|p_7507_e76c3d8@1|p_9034_5e81b7e@0|com.oplus.metis]
07-28 04:26:49.500  9034  9971 E metis_v2_JenaHandlerManager: local thread match [7f0000011753691168474418507507|p_7507_e76c3d8@1|p_9034_5e81b7e@0|com.oplus.metis]
07-28 04:26:49.500  9034  9971 E metis_v2_JenaHandlerManager: local thread match [7f0000011753691168474418507507|p_7507_e76c3d8@1|p_9034_5e81b7e@0|com.oplus.metis]
07-28 04:26:49.500  9034  9971 E metis_v2_JenaHandlerManager: local thread match [7f0000011753691168474418507507|p_7507_e76c3d8@1|p_9034_5e81b7e@0|com.oplus.metis]
07-28 04:26:49.500  9034  9971 E metis_v2_JenaHandlerManager: local thread match [7f0000011753691168474418507507|p_7507_e76c3d8@1|p_9034_5e81b7e@0|com.oplus.metis]
07-28 04:26:49.500  9034  9971 E metis_v2_JenaHandlerManager: local thread match [7f0000011753691168474418507507|p_7507_e76c3d8@1|p_9034_5e81b7e@0|com.oplus.metis]
07-28 04:26:49.500  9034  9971 E metis_v2_JenaHandlerManager: local thread match [7f0000011753691168474418507507|p_7507_e76c3d8@1|p_9034_5e81b7e@0|com.oplus.metis]
07-28 04:26:49.500  9034  9971 E metis_v2_JenaHandlerManager: local thread match [7f0000011753691168474418507507|p_7507_e76c3d8@1|p_9034_5e81b7e@0|com.oplus.metis]
07-28 04:26:49.500  9034  9971 E metis_v2_JenaHandlerManager: local thread match [7f0000011753691168474418507507|p_7507_e76c3d8@1|p_9034_5e81b7e@0|com.oplus.metis]
07-28 04:26:49.500  9034  9971 E metis_v2_JenaHandlerManager: local thread match [7f0000011753691168474418507507|p_7507_e76c3d8@1|p_9034_5e81b7e@0|com.oplus.metis]
07-28 04:26:49.500  9034  9971 E metis_v2_JenaHandlerManager: local thread match [7f0000011753691168474418507507|p_7507_e76c3d8@1|p_9034_5e81b7e@0|com.oplus.metis]
07-28 04:26:49.500  9034  9971 E metis_v2_JenaHandlerManager: local thread match [7f0000011753691168474418507507|p_7507_e76c3d8@1|p_9034_5e81b7e@0|com.oplus.metis]
07-28 04:26:49.500  9034  9971 E metis_v2_JenaHandlerManager: local thread match [7f0000011753691168474418507507|p_7507_e76c3d8@1|p_9034_5e81b7e@0|com.oplus.metis]
07-28 04:26:49.500  9034  9971 E metis_v2_JenaHandlerManager: local thread match [7f0000011753691168474418507507|p_7507_e76c3d8@1|p_9034_5e81b7e@0|com.oplus.metis]
07-28 04:26:49.500  9034  9971 E metis_v2_JenaHandlerManager: local thread match [7f0000011753691168474418507507|p_7507_e76c3d8@1|p_9034_5e81b7e@0|com.oplus.metis]
07-28 04:26:49.500  9034  9971 E metis_v2_JenaHandlerManager: local thread match [7f0000011753691168474418507507|p_7507_e76c3d8@1|p_9034_5e81b7e@0|com.oplus.metis]
07-28 04:26:49.500  9034  9971 E metis_v2_JenaHandlerManager: local thread match [7f0000011753691168474418507507|p_7507_e76c3d8@1|p_9034_5e81b7e@0|com.oplus.metis]
07-28 04:26:49.500  9034  9971 E metis_v2_JenaHandlerManager: local thread match [7f0000011753691168474418507507|p_7507_e76c3d8@1|p_9034_5e81b7e@0|com.oplus.metis]
07-28 04:26:49.500  9034  9971 E metis_v2_JenaHandlerManager: local thread match [7f0000011753691168474418507507|p_7507_e76c3d8@1|p_9034_5e81b7e@0|com.oplus.metis]
07-28 04:26:49.500  9034  9812 I ContextAware_SortAlgorithmManager.BatchIntentProcessor: onProcess decisionUTraceContext = UTraceContext(traceID=7f0000011753691209500352309034, current=p_9034_5e81b7e@42, parent=null, spanType=1, valid=1, tag=null)
07-28 04:26:49.500  9034  9812 E ContextAware_SortAlgorithmManager.BatchIntentProcessor: onProcess intentStringList is invalid
07-28 04:26:49.500  9034  9971 E metis_v2_JenaHandlerManager: local thread match [7f0000011753691168474418507507|p_7507_e76c3d8@1|p_9034_5e81b7e@0|com.oplus.metis]
07-28 04:26:49.500  9034  9812 E ContextAware_SortAlgorithmManager.IntentSendProcessor: disable direct send intent mode, clear
07-28 04:26:49.500  9034  9971 E metis_v2_JenaHandlerManager: local thread match [7f0000011753691168474418507507|p_7507_e76c3d8@1|p_9034_5e81b7e@0|com.oplus.metis]
07-28 04:26:49.500  9034  9971 E metis_v2_JenaHandlerManager: local thread match [7f0000011753691168474418507507|p_7507_e76c3d8@1|p_9034_5e81b7e@0|com.oplus.metis]
07-28 04:26:49.500  9034  9971 E metis_v2_JenaHandlerManager: local thread match [7f0000011753691168474418507507|p_7507_e76c3d8@1|p_9034_5e81b7e@0|com.oplus.metis]
07-28 04:26:49.500  9034  9971 E metis_v2_JenaHandlerManager: local thread match [7f0000011753691168474418507507|p_7507_e76c3d8@1|p_9034_5e81b7e@0|com.oplus.metis]
07-28 04:26:49.500  9034  9971 E metis_v2_JenaHandlerManager: local thread match [7f0000011753691168474418507507|p_7507_e76c3d8@1|p_9034_5e81b7e@0|com.oplus.metis]
07-28 04:26:49.500  9034  9971 E metis_v2_JenaHandlerManager: local thread match [7f0000011753691168474418507507|p_7507_e76c3d8@1|p_9034_5e81b7e@0|com.oplus.metis]
07-28 04:26:49.500  9034  9971 E metis_v2_JenaHandlerManager: local thread match [7f0000011753691168474418507507|p_7507_e76c3d8@1|p_9034_5e81b7e@0|com.oplus.metis]
07-28 04:26:49.500  9034  9971 E metis_v2_JenaHandlerManager: local thread match [7f0000011753691168474418507507|p_7507_e76c3d8@1|p_9034_5e81b7e@0|com.oplus.metis]
07-28 04:26:49.500  9034  9971 E metis_v2_JenaHandlerManager: local thread match [7f0000011753691168474418507507|p_7507_e76c3d8@1|p_9034_5e81b7e@0|com.oplus.metis]
07-28 04:26:49.500  9034  9971 E metis_v2_JenaHandlerManager: local thread match [7f0000011753691168474418507507|p_7507_e76c3d8@1|p_9034_5e81b7e@0|com.oplus.metis]
07-28 04:26:49.500  9034  9971 E metis_v2_JenaHandlerManager: local thread match [7f0000011753691168474418507507|p_7507_e76c3d8@1|p_9034_5e81b7e@0|com.oplus.metis]
07-28 04:26:49.500  9034  9971 E metis_v2_JenaHandlerManager: local thread match [7f0000011753691168474418507507|p_7507_e76c3d8@1|p_9034_5e81b7e@0|com.oplus.metis]
07-28 04:26:49.500  9034  9971 E metis_v2_JenaHandlerManager: local thread match [7f0000011753691168474418507507|p_7507_e76c3d8@1|p_9034_5e81b7e@0|com.oplus.metis]
07-28 04:26:49.500  9034  9971 E metis_v2_JenaHandlerManager: local thread match [7f0000011753691168474418507507|p_7507_e76c3d8@1|p_9034_5e81b7e@0|com.oplus.metis]
07-28 04:26:49.500  9034  9971 E metis_v2_JenaHandlerManager: local thread match [7f0000011753691168474418507507|p_7507_e76c3d8@1|p_9034_5e81b7e@0|com.oplus.metis]
07-28 04:26:49.500  9034  9971 E metis_v2_JenaHandlerManager: local thread match [7f0000011753691168474418507507|p_7507_e76c3d8@1|p_9034_5e81b7e@0|com.oplus.metis]
07-28 04:26:49.500  9034  9812 I metis_v2_BreenoSwitchSettingObserver: panta-sugg-getMasterSwitchStatus from cache:true
07-28 04:26:49.500  9034  9812 I ContextAware_IntentSwitchManager: filterList, not filter, breeno switch on
07-28 04:26:49.500  9034  9971 E metis_v2_JenaHandlerManager: local thread match [7f0000011753691168474418507507|p_7507_e76c3d8@1|p_9034_5e81b7e@0|com.oplus.metis]
07-28 04:26:49.500  9034  9971 E metis_v2_JenaHandlerManager: local thread match [7f0000011753691168474418507507|p_7507_e76c3d8@1|p_9034_5e81b7e@0|com.oplus.metis]
07-28 04:26:49.500  9034  9971 E metis_v2_JenaHandlerManager: local thread match [7f0000011753691168474418507507|p_7507_e76c3d8@1|p_9034_5e81b7e@0|com.oplus.metis]
07-28 04:26:49.500  9034  9971 E metis_v2_JenaHandlerManager: local thread match [7f0000011753691168474418507507|p_7507_e76c3d8@1|p_9034_5e81b7e@0|com.oplus.metis]
07-28 04:26:49.500  9034  9971 E metis_v2_JenaHandlerManager: local thread match [7f0000011753691168474418507507|p_7507_e76c3d8@1|p_9034_5e81b7e@0|com.oplus.metis]
07-28 04:26:49.500  9034  9971 E metis_v2_JenaHandlerManager: local thread match [7f0000011753691168474418507507|p_7507_e76c3d8@1|p_9034_5e81b7e@0|com.oplus.metis]
07-28 04:26:49.500  9034  9971 E metis_v2_JenaHandlerManager: local thread match [7f0000011753691168474418507507|p_7507_e76c3d8@1|p_9034_5e81b7e@0|com.oplus.metis]
07-28 04:26:49.500  9034  9971 E metis_v2_JenaHandlerManager: local thread match [7f0000011753691168474418507507|p_7507_e76c3d8@1|p_9034_5e81b7e@0|com.oplus.metis]
07-28 04:26:49.500  9034  9971 E metis_v2_JenaHandlerManager: local thread match [7f0000011753691168474418507507|p_7507_e76c3d8@1|p_9034_5e81b7e@0|com.oplus.metis]
07-28 04:26:49.500  9034 10908 I UTrace.Sdk: startHead, spanName: 960000, spanType: CodeSpans [7f0000011753691209500352309034|null|p_9034_5e81b7e@42|com.oplus.metis]
07-28 04:26:49.500  9034  9971 E metis_v2_JenaHandlerManager: local thread match [7f0000011753691168474418507507|p_7507_e76c3d8@1|p_9034_5e81b7e@0|com.oplus.metis]
07-28 04:26:49.500  9034  9971 E metis_v2_JenaHandlerManager: local thread match [7f0000011753691168474418507507|p_7507_e76c3d8@1|p_9034_5e81b7e@0|com.oplus.metis]
07-28 04:26:49.500  9034  9971 E metis_v2_JenaHandlerManager: local thread match [7f0000011753691168474418507507|p_7507_e76c3d8@1|p_9034_5e81b7e@0|com.oplus.metis]
07-28 04:26:49.500  9034  9971 E metis_v2_JenaHandlerManager: local thread match [7f0000011753691168474418507507|p_7507_e76c3d8@1|p_9034_5e81b7e@0|com.oplus.metis]
07-28 04:26:49.500  9034  9971 E metis_v2_JenaHandlerManager: local thread match [7f0000011753691168474418507507|p_7507_e76c3d8@1|p_9034_5e81b7e@0|com.oplus.metis]
07-28 04:26:49.500  9034  9971 E metis_v2_JenaHandlerManager: local thread match [7f0000011753691168474418507507|p_7507_e76c3d8@1|p_9034_5e81b7e@0|com.oplus.metis]
07-28 04:26:49.500  9034  9971 E metis_v2_JenaHandlerManager: local thread match [7f0000011753691168474418507507|p_7507_e76c3d8@1|p_9034_5e81b7e@0|com.oplus.metis]
07-28 04:26:49.500  9034  9812 I ContextAware_SortAlgorithmManager.IntentSendProcessor: sendSceneString: [{"combination_strategy":0,"create_time":1735722085016,"expect_scene_cnt":1,"focus_time":0,"force_guaranteed":true,"home_flag":true,"intent_list":[{"action":"pantanal.intent.applicationsuggestions.SUBSTITUTE","add_min_prob":0.4,"add_related_id":0,"algorithm_time_rule":[],"algorithm_version":"","attenuationFunc":-1,"attenuationType":-1,"cannot_reduce_recommend":true,"config_version":202507161101,"contain_service_id":false,"create_time":1753691170127,"default_score":3.12,"delay_click_timestamp":0,"delay_exposure_timestamp":0,"domain":"system_tools","drop_repeat_key":"","drop_repeat_mode":-1,"expire_time":1440000,"final_score":3.12,"force_rebuild_seedling":false,"intent_feedback_type":2,"intent_id":13151001,"intent_instance_id":"null13151001DYNAMIC_SUBSTITUTEnull20812","intent_level":"default","intent_position":1,"intent_src":3,"is_params_send_to_seedling":false,"is_scene_focus":false,"is_support_multi_instance":false,"last_sort_type":0,"last_update_time":1753691170127,"original_update_time":1753691170127,"params_from_user_policy":{"click_args":[],"click_func":-1,"delay_click_args":[],"delay_exposure_args":[],"exposure_args":[],"exposure_func":-1,"time_args":[1440000.0,5.0],"time_func":2},"policy_name":"DYNAMIC_SUBSTITUTE","prob_adj":1.0,"protect_enable":false,"protect_policy":{"delta_duration":3,"end_ratio":10,"event":0,"initial_duration":7,"start_ratio":70,"step_ratio":20},"remove_trigger_value":0.2,"rule_remove_by_algorithm":false,"scene_func":0,"scene_id":210000000,"scene_instance_id":"","seedling_ui_policy":0,"should_focus":false,"show_type":0,"sort_related_id":0,"sortable":true,"status":2,"sub_domain":"application_suggestions"}],"scene_id":210000000,"scene_level":1,"scene_should_focus":false,"score":100.0,"status":2,"update_time":1735722085016,"weight":1},{"combination_strategy":0,"create_time":1735722085016,"expect_scene_cnt":1,"focus_time":0,"force_guaranteed":false,"home_flag":false,"intent_list":[{"action":"pantanal.intent.system.CLEAN_UP_STORAGE","add_min_prob":0.4,"add_related_id":0,"algorithm_time_rule":[],"algorithm_version":"","attenuationFunc":-1,"attenuationType":-1,"cannot_reduce_recommend":false,"config_version":202507161101,"contain_service_id":false,"create_time":1753691170127,"default_score":4.06,"delay_click_timestamp":0,"delay_exposure_timestamp":0,"domain":"system_settings","drop_repeat_key":"","drop_repeat_mode":-1,"expire_time":1440000,"final_score":4.06,"force_rebuild_seedling":false,"intent_feedback_type":2,"intent_id":14111004,"intent_instance_id":"null14111004CLEAN_UP_STORAGE_SUBSTITUTEnull20812","intent_level":"default","intent_position":1,"intent_src":3,"is_params_send_to_seedling":false,"is_scene_focus":false,"is_support_multi_instance":false,"last_sort_type":0,"last_update_time":1753691170127,"original_update_time":1753691170127,"params_from_user_policy":{"click_args":[],"click_func":-1,"delay_click_args":[],"delay_exposure_args":[],"exposure_args":[],"exposure_func":-1,"time_args":[1440000.0,5.0],"time_func":2},"policy_name":"CLEAN_UP_STORAGE_SUBSTITUTE","prob_adj":1.0,"protect_enable":false,"protect_policy":{"delta_duration":3,"end_ratio":10,"event":0,"initial_duration":7,"start_ratio":70,"step_ratio":20},"remove_trigger_value":0.2,"rule_remove_by_algorithm":false,"scene_func":0,"scene_id":240000000,"scene_instance_id":"","seedling_ui_policy":0,"should_focus":false,"show_type":0,"sort_related_id":0,"sortable":true,"status":2,"sub_domain":"clear_memory"},{"action":"pantanal.intent.audio.SUBSTITUTE_RAM_CLEAN_UP","add_min_prob":0.4,"add_related_id":0,"algorithm_time_rule":[],"algorithm_version":"","attenuationFunc":-1,"attenuationType":-1,"cannot_reduce_recommend":false,"config_version":202507161101,"contain_service_id":false,"create_time":1753691170127,"default_score":4.05,"delay_click_timestamp":0,"delay_exposure_timestamp":0,"domain":"system_settings","drop_repeat_key":"","drop_repeat_mode":-1,"expire_time":1440000,"final_score":4.05,"force_rebuild_seedling":false,"intent_feedback_type":2
07-28 04:26:49.500  9034  9971 E metis_v2_JenaHandlerManager: local thread match [7f0000011753691168474418507507|p_7507_e76c3d8@1|p_9034_5e81b7e@0|com.oplus.metis]
07-28 04:26:49.500  9034  9971 E metis_v2_JenaHandlerManager: local thread match [7f0000011753691168474418507507|p_7507_e76c3d8@1|p_9034_5e81b7e@0|com.oplus.metis]
07-28 04:26:49.500  9034 10908 I UTrace.Lib.UserUnlock: isUnlocked() result=true pkg=com.oplus.metis currentTime=60186 [base|com.oplus.metis|1.5.5-f48228a]
07-28 04:26:49.500  9034  9812 I metis_v2_BreenoSwitchSettingObserver: panta-sugg-getMasterSwitchStatus from cache:true
07-28 04:26:49.500  9034 10890 I DeepThinkerSDK: [APP] UserDomainManager: checkLabelAvailable:{"38":1}
07-28 04:26:49.500  9034  9812 I ContextAware_IntentSwitchManager: filterList, not filter, breeno switch on
07-28 04:26:49.500  9034  9971 E metis_v2_JenaHandlerManager: local thread match [7f0000011753691168474418507507|p_7507_e76c3d8@1|p_9034_5e81b7e@0|com.oplus.metis]
07-28 04:26:49.500  9034  9812 I metis_v2_BreenoSwitchSettingObserver: panta-sugg-getMasterSwitchStatus from cache:true
07-28 04:26:49.500  9034  9971 E metis_v2_JenaHandlerManager: local thread match [7f0000011753691168474418507507|p_7507_e76c3d8@1|p_9034_5e81b7e@0|com.oplus.metis]
07-28 04:26:49.500  9034  9971 E metis_v2_JenaHandlerManager: local thread match [7f0000011753691168474418507507|p_7507_e76c3d8@1|p_9034_5e81b7e@0|com.oplus.metis]
07-28 04:26:49.500  9034  9971 E metis_v2_JenaHandlerManager: local thread match [7f0000011753691168474418507507|p_7507_e76c3d8@1|p_9034_5e81b7e@0|com.oplus.metis]
07-28 04:26:49.500  9034  9971 E metis_v2_JenaHandlerManager: local thread match [7f0000011753691168474418507507|p_7507_e76c3d8@1|p_9034_5e81b7e@0|com.oplus.metis]
07-28 04:26:49.500  9034  9971 E metis_v2_JenaHandlerManager: local thread match [7f0000011753691168474418507507|p_7507_e76c3d8@1|p_9034_5e81b7e@0|com.oplus.metis]
07-28 04:26:49.500  9034  9971 E metis_v2_JenaHandlerManager: local thread match [7f0000011753691168474418507507|p_7507_e76c3d8@1|p_9034_5e81b7e@0|com.oplus.metis]
07-28 04:26:49.501  9034  9971 E metis_v2_JenaHandlerManager: local thread match [7f0000011753691168474418507507|p_7507_e76c3d8@1|p_9034_5e81b7e@0|com.oplus.metis]
07-28 04:26:49.501  9034 10908 I UTrace.Sdk: startHead() myCtx=UTraceContext(traceID=7f0000011753691209500352309034, current=p_9034_5e81b7e@42, parent=null, spanType=1, valid=1, tag=null) UTraceApp.mEnabled=true switchOn=true SdkConfig.isEnabled=true [base|com.oplus.metis|1.5.5-f48228a]
07-28 04:26:49.501  9034  9971 E metis_v2_JenaHandlerManager: local thread match [7f0000011753691168474418507507|p_7507_e76c3d8@1|p_9034_5e81b7e@0|com.oplus.metis]
07-28 04:26:49.501  9034  9971 E metis_v2_JenaHandlerManager: local thread match [7f0000011753691168474418507507|p_7507_e76c3d8@1|p_9034_5e81b7e@0|com.oplus.metis]
07-28 04:26:49.501  9034  9971 E metis_v2_JenaHandlerManager: local thread match [7f0000011753691168474418507507|p_7507_e76c3d8@1|p_9034_5e81b7e@0|com.oplus.metis]
07-28 04:26:49.501  9034  9971 E metis_v2_JenaHandlerManager: local thread match [7f0000011753691168474418507507|p_7507_e76c3d8@1|p_9034_5e81b7e@0|com.oplus.metis]
07-28 04:26:49.501  9034  9971 E metis_v2_JenaHandlerManager: local thread match [7f0000011753691168474418507507|p_7507_e76c3d8@1|p_9034_5e81b7e@0|com.oplus.metis]
07-28 04:26:49.501  9034  9971 E metis_v2_JenaHandlerManager: local thread match [7f0000011753691168474418507507|p_7507_e76c3d8@1|p_9034_5e81b7e@0|com.oplus.metis]
07-28 04:26:49.501  9034  9971 E metis_v2_JenaHandlerManager: local thread match [7f0000011753691168474418507507|p_7507_e76c3d8@1|p_9034_5e81b7e@0|com.oplus.metis]
07-28 04:26:49.501  9034  9971 E metis_v2_JenaHandlerManager: local thread match [7f0000011753691168474418507507|p_7507_e76c3d8@1|p_9034_5e81b7e@0|com.oplus.metis]
07-28 04:26:49.501  9034  9971 E metis_v2_JenaHandlerManager: local thread match [7f0000011753691168474418507507|p_7507_e76c3d8@1|p_9034_5e81b7e@0|com.oplus.metis]
07-28 04:26:49.501  9034  9971 E metis_v2_JenaHandlerManager: local thread match [7f0000011753691168474418507507|p_7507_e76c3d8@1|p_9034_5e81b7e@0|com.oplus.metis]
07-28 04:26:49.501  9034  9971 E metis_v2_JenaHandlerManager: local thread match [7f0000011753691168474418507507|p_7507_e76c3d8@1|p_9034_5e81b7e@0|com.oplus.metis]
07-28 04:26:49.501  9034 10908 I UTrace.Sdk: addTraceTags, tags: {metis_ver=15007234} [7f0000011753691209500352309034|null|p_9034_5e81b7e@42|com.oplus.metis]
07-28 04:26:49.501  9034  9971 E metis_v2_JenaHandlerManager: local thread match [7f0000011753691168474418507507|p_7507_e76c3d8@1|p_9034_5e81b7e@0|com.oplus.metis]
07-28 04:26:49.501  9034  9971 E metis_v2_JenaHandlerManager: local thread match [7f0000011753691168474418507507|p_7507_e76c3d8@1|p_9034_5e81b7e@0|com.oplus.metis]
07-28 04:26:49.501  9034  9971 E metis_v2_JenaHandlerManager: local thread match [7f0000011753691168474418507507|p_7507_e76c3d8@1|p_9034_5e81b7e@0|com.oplus.metis]
07-28 04:26:49.501  9034  9971 E metis_v2_JenaHandlerManager: local thread match [7f0000011753691168474418507507|p_7507_e76c3d8@1|p_9034_5e81b7e@0|com.oplus.metis]
07-28 04:26:49.501  9034  9971 E metis_v2_JenaHandlerManager: local thread match [7f0000011753691168474418507507|p_7507_e76c3d8@1|p_9034_5e81b7e@0|com.oplus.metis]
07-28 04:26:49.501  9034  9971 E metis_v2_JenaHandlerManager: local thread match [7f0000011753691168474418507507|p_7507_e76c3d8@1|p_9034_5e81b7e@0|com.oplus.metis]
07-28 04:26:49.501  9034  9971 E metis_v2_JenaHandlerManager: local thread match [7f0000011753691168474418507507|p_7507_e76c3d8@1|p_9034_5e81b7e@0|com.oplus.metis]
07-28 04:26:49.501  9034  9971 E metis_v2_JenaHandlerManager: local thread match [7f0000011753691168474418507507|p_7507_e76c3d8@1|p_9034_5e81b7e@0|com.oplus.metis]
07-28 04:26:49.501  9034 10890 I DeepThinkerSDK: [APP] ClientConnection: getDeepThinkerBridge start
07-28 04:26:49.501  9034  9971 E metis_v2_JenaHandlerManager: local thread match [7f0000011753691168474418507507|p_7507_e76c3d8@1|p_9034_5e81b7e@0|com.oplus.metis]
07-28 04:26:49.501  9034 10890 I DeepThinkerSDK: [APP] ClientConnection: getDeepThinkerBridge end
07-28 04:26:49.501  9034  9971 E metis_v2_JenaHandlerManager: local thread match [7f0000011753691168474418507507|p_7507_e76c3d8@1|p_9034_5e81b7e@0|com.oplus.metis]
07-28 04:26:49.501  9034  9971 E metis_v2_JenaHandlerManager: local thread match [7f0000011753691168474418507507|p_7507_e76c3d8@1|p_9034_5e81b7e@0|com.oplus.metis]
07-28 04:26:49.501  9034  9971 E metis_v2_JenaHandlerManager: local thread match [7f0000011753691168474418507507|p_7507_e76c3d8@1|p_9034_5e81b7e@0|com.oplus.metis]
07-28 04:26:49.501  9034  9971 E metis_v2_JenaHandlerManager: local thread match [7f0000011753691168474418507507|p_7507_e76c3d8@1|p_9034_5e81b7e@0|com.oplus.metis]
07-28 04:26:49.501  9034  9971 E metis_v2_JenaHandlerManager: local thread match [7f0000011753691168474418507507|p_7507_e76c3d8@1|p_9034_5e81b7e@0|com.oplus.metis]
07-28 04:26:49.501  9034 10890 I DeepThinkerSDK: [APP] UserDomainManager: getUserProfileLabel: args:Bundle[{openLabelIdParas=[Bundle[{label_type=1, open_id=38, businessName=metis, targetAppTypeList=[Bundle[{appMinDuration=1800000, id=1, appTypeList=[4], appMinAmount=0}], Bundle[{appMinDuration=1800000, id=2, appTypeList=[5, 9, 16], appMinAmount=0}], Bundle[{appMinDuration=0, id=3, appTypeList=[12], appMinAmount=1}], Bundle[{appMinDuration=0, id=4, appTypeList=[38], appMinAmount=1}], Bundle[{appMinDuration=0, id=5, appTypeList=[35], appMinAmount=1}]]}]]}]
07-28 04:26:49.501  9034  9971 E metis_v2_JenaHandlerManager: local thread match [7f0000011753691168474418507507|p_7507_e76c3d8@1|p_9034_5e81b7e@0|com.oplus.metis]
07-28 04:26:49.501  9034  9971 E metis_v2_JenaHandlerManager: local thread match [7f0000011753691168474418507507|p_7507_e76c3d8@1|p_9034_5e81b7e@0|com.oplus.metis]
07-28 04:26:49.501  9034  9971 E metis_v2_JenaHandlerManager: local thread match [7f0000011753691168474418507507|p_7507_e76c3d8@1|p_9034_5e81b7e@0|com.oplus.metis]
07-28 04:26:49.501  9034  9971 E metis_v2_JenaHandlerManager: local thread match [7f0000011753691168474418507507|p_7507_e76c3d8@1|p_9034_5e81b7e@0|com.oplus.metis]
07-28 04:26:49.501  9034  9971 E metis_v2_JenaHandlerManager: local thread match [7f0000011753691168474418507507|p_7507_e76c3d8@1|p_9034_5e81b7e@0|com.oplus.metis]
07-28 04:26:49.501  9034  9971 E metis_v2_JenaHandlerManager: local thread match [7f0000011753691168474418507507|p_7507_e76c3d8@1|p_9034_5e81b7e@0|com.oplus.metis]
07-28 04:26:49.501  9034  9971 E metis_v2_JenaHandlerManager: local thread match [7f0000011753691168474418507507|p_7507_e76c3d8@1|p_9034_5e81b7e@0|com.oplus.metis]
07-28 04:26:49.501  9034  9971 E metis_v2_JenaHandlerManager: local thread match [7f0000011753691168474418507507|p_7507_e76c3d8@1|p_9034_5e81b7e@0|com.oplus.metis]
07-28 04:26:49.501  9034  9971 E metis_v2_JenaHandlerManager: local thread match [7f0000011753691168474418507507|p_7507_e76c3d8@1|p_9034_5e81b7e@0|com.oplus.metis]
07-28 04:26:49.501  9034  9971 E metis_v2_JenaHandlerManager: local thread match [7f0000011753691168474418507507|p_7507_e76c3d8@1|p_9034_5e81b7e@0|com.oplus.metis]
07-28 04:26:49.501  9034  9971 E metis_v2_JenaHandlerManager: local thread match [7f0000011753691168474418507507|p_7507_e76c3d8@1|p_9034_5e81b7e@0|com.oplus.metis]
07-28 04:26:49.501  9034  9971 E metis_v2_JenaHandlerManager: local thread match [7f0000011753691168474418507507|p_7507_e76c3d8@1|p_9034_5e81b7e@0|com.oplus.metis]
07-28 04:26:49.501  9034  9971 E metis_v2_JenaHandlerManager: local thread match [7f0000011753691168474418507507|p_7507_e76c3d8@1|p_9034_5e81b7e@0|com.oplus.metis]
07-28 04:26:49.501  9034  9971 E metis_v2_JenaHandlerManager: local thread match [7f0000011753691168474418507507|p_7507_e76c3d8@1|p_9034_5e81b7e@0|com.oplus.metis]
07-28 04:26:49.501  9034  9971 E metis_v2_JenaHandlerManager: local thread match [7f0000011753691168474418507507|p_7507_e76c3d8@1|p_9034_5e81b7e@0|com.oplus.metis]
07-28 04:26:49.501  9034  9971 E metis_v2_JenaHandlerManager: local thread match [7f0000011753691168474418507507|p_7507_e76c3d8@1|p_9034_5e81b7e@0|com.oplus.metis]
07-28 04:26:49.501  9034  9971 E metis_v2_JenaHandlerManager: local thread match [7f0000011753691168474418507507|p_7507_e76c3d8@1|p_9034_5e81b7e@0|com.oplus.metis]
07-28 04:26:49.501  9034  9971 E metis_v2_JenaHandlerManager: local thread match [7f0000011753691168474418507507|p_7507_e76c3d8@1|p_9034_5e81b7e@0|com.oplus.metis]
07-28 04:26:49.501  9034  9971 E metis_v2_JenaHandlerManager: local thread match [7f0000011753691168474418507507|p_7507_e76c3d8@1|p_9034_5e81b7e@0|com.oplus.metis]
07-28 04:26:49.501  9034  9971 E metis_v2_JenaHandlerManager: local thread match [7f0000011753691168474418507507|p_7507_e76c3d8@1|p_9034_5e81b7e@0|com.oplus.metis]
07-28 04:26:49.501  9034  9971 E metis_v2_JenaHandlerManager: local thread match [7f0000011753691168474418507507|p_7507_e76c3d8@1|p_9034_5e81b7e@0|com.oplus.metis]
07-28 04:26:49.501  9034  9971 E metis_v2_JenaHandlerManager: local thread match [7f0000011753691168474418507507|p_7507_e76c3d8@1|p_9034_5e81b7e@0|com.oplus.metis]
07-28 04:26:49.501  9034  9971 E metis_v2_JenaHandlerManager: local thread match [7f0000011753691168474418507507|p_7507_e76c3d8@1|p_9034_5e81b7e@0|com.oplus.metis]
07-28 04:26:49.501  9034  9971 E metis_v2_JenaHandlerManager: local thread match [7f0000011753691168474418507507|p_7507_e76c3d8@1|p_9034_5e81b7e@0|com.oplus.metis]
07-28 04:26:49.501  9034  9971 E metis_v2_JenaHandlerManager: local thread match [7f0000011753691168474418507507|p_7507_e76c3d8@1|p_9034_5e81b7e@0|com.oplus.metis]
07-28 04:26:49.501  9034  9971 E metis_v2_JenaHandlerManager: local thread match [7f0000011753691168474418507507|p_7507_e76c3d8@1|p_9034_5e81b7e@0|com.oplus.metis]
07-28 04:26:49.501  9034  9971 E metis_v2_JenaHandlerManager: local thread match [7f0000011753691168474418507507|p_7507_e76c3d8@1|p_9034_5e81b7e@0|com.oplus.metis]
07-28 04:26:49.501  9034  9971 E metis_v2_JenaHandlerManager: local thread match [7f0000011753691168474418507507|p_7507_e76c3d8@1|p_9034_5e81b7e@0|com.oplus.metis]
07-28 04:26:49.501  9034  9971 E metis_v2_JenaHandlerManager: local thread match [7f0000011753691168474418507507|p_7507_e76c3d8@1|p_9034_5e81b7e@0|com.oplus.metis]
07-28 04:26:49.505  5268  5689 W [0]DCS  : Common Record event failed. DCS reject event: [appId=107501,logTag=10750101,eventId=metis_scene] . Pls check server config.
07-28 04:26:49.508  5268  5689 W [0]DCS  : Common Record event failed. DCS reject event: [appId=107501,logTag=10750101,eventId=metis_scene] . Pls check server config.
07-28 04:26:49.564  2181  3514 D VRR [OTI]: handleIdle from 0 to 1
07-28 04:26:49.564  2181  3514 D VRR [OTI-HW]: isStateReady 0
07-28 04:26:49.564  2181  3514 D VRR [OTI-HW]: keep rate.
07-28 04:26:49.568  2012  2012 D SensorFeature: name=ssc_screenshot_info ,index = 22
07-28 04:26:49.568  2012  2012 D SensorFeature: write 29 bytes:60203241590,60253410913,166,0
07-28 04:26:49.573  1923  2185 I SDM     : DisplayBase::CommitThread: Received idle timeout, panel: cmd, timeout: 70000 us
07-28 04:26:49.616  1923  4472 I Dpps    : LtmSwState::SetParameter():144 ignore cmd 7 in state LtmOffState
07-28 04:26:49.633  5250  5355 D VendorTelephonyService: onTelephonyEventReport slotId =1 eventId=2009
07-28 04:26:49.633  5046  5163 D SaDataService: onTelephonyEventReport , subId= 1,slotId=0 eventId=2009
07-28 04:26:49.633  5250  5355 D VendorTelephonyService: onTelephonyEventReport slotId =1 eventId=2009
07-28 04:26:49.633  5046  5163 D TelephonyImpl: notify eventId:2009 for list size:2
07-28 04:26:49.633  5250  5250 D VendorCallService: notityEventUpdate, eventId:2009, slotId = 1
07-28 04:26:49.633  5046  5163 D SaDataService: onTelephonyEventReport , subId= 0,slotId=-1 eventId=2009
07-28 04:26:49.633  5046  5163 D TelephonyImpl: notify eventId:2009 for list size:2
07-28 04:26:49.633  5250  5269 D VendorTelephonyService: onTelephonyEventReport slotId =0 eventId=2009
07-28 04:26:49.633  5250  5269 D VendorTelephonyService: onTelephonyEventReport slotId =0 eventId=2009
07-28 04:26:49.633  5250  5250 D VendorCallService: notityEventUpdate, eventId:2009, slotId = 0
07-28 04:26:49.697  6598  6616 E horae   : 0: back:33592,back_1:36253,back_2:36003,back_3:34913,frame:36547,frame_1:35430,front:37281,front_1:37649,front_2:36047, -2147483648 5, +(3208), 1 ,44672,34613,40247,44658,42500,43682,34675,40015,43668,41857,42699,34675,39721,42785,41273,42107,34732,39460,42066,40781, target_temp:37649, algo:0
07-28 04:26:49.758  3415  4659 V SettingsProvider: deleteSystemSetting(OPLUS_SLA_LAST_MCC, 0)
07-28 04:26:49.758  3415  4659 D SettingsProvider: delete system settings OPLUS_****_MCC pkg is  android user id is 0
07-28 04:26:49.760  3415  4659 W OplusSlaManager: updateMCC curMCC from macc_change!
07-28 04:26:49.763  3415  4659 W OplusSlaApps: sendWhiteListAppUid no enabled app found...
07-28 04:26:49.763  3415  4659 W OplusSlaApps: sendGameAppUid no game app found!!
07-28 04:26:49.770  5046  6078 E CellularEvent: nri null ps
07-28 04:26:49.771  5046  6078 E CellularEvent: invalid nri
07-28 04:26:49.779  4919  5849 D AutoDualCardRoamingDemand: judgeToShowDialog return for sim count != 2
07-28 04:26:49.841  2021  2144 D BatteryChargeControl: bcc get no support from charging protocol
07-28 04:26:49.869  2012  2012 D SensorFeature: name=ssc_screenshot_info ,index = 22
07-28 04:26:49.869  2012  2012 D SensorFeature: write 29 bytes:60203241590,60554547684,167,0
07-28 04:26:49.881  1840  4480 I sensors-hal: handle_oplus_wise_rgb_event:189, high_pwm_light:lux 2.7,cct 5300.0,brl/algo/ir 78.0/2.0/0.0,pwm/dc 0.0/0.0,rgbc 157.023560/152.183655/53.155369/370.952789,ts 60527206349,cnt 890,flag 167
07-28 04:26:49.881  1923  4472 I Dpps    : LtmSwState::SetParameter():144 ignore cmd 7 in state LtmOffState
07-28 04:26:50.077  3415  3706 W UserAwareMgr: event can not be released, id: 3020, count: 2, releasePid: 4843
07-28 04:26:50.150  2021  7108 D charge_time: write 27404s(07:36:44) to ttf, rc=7
07-28 04:26:50.150  2021  7108 D charge_time: type=sdp,reserve_soc=2,soc=30,ui_soc=31,current=152,avg=152,not_chg_cnt=0,stable_cnt=7,fcc=5724,fcc_ratio=94,delta=45,debug=0,region=18,ttf=43900(12:11:40),ui_ttf=27404(07:36:44)
07-28 04:26:50.171  2012  2012 D SensorFeature: name=ssc_screenshot_info ,index = 22
07-28 04:26:50.171  2012  2012 D SensorFeature: write 29 bytes:60203241590,60856064871,168,0
07-28 04:26:50.174  1923  4472 I Dpps    : LtmSwState::SetParameter():144 ignore cmd 7 in state LtmOffState
07-28 04:26:50.299  3415  5052 I OplusHansManager : uid=10157, pkg=com.baidu.input_oppo cannot transition from R to M, importance=input
07-28 04:26:50.366  3225  3225 E OplusTouchDaemon: ts_run_service: shellback temperature updated 37 (37649)
07-28 04:26:50.412  1840  4480 I sensors-hal: handle_oplus_wise_rgb_event:189, high_pwm_light:lux 2.7,cct 5300.0,brl/algo/ir 78.0/2.0/0.0,pwm/dc 0.0/0.0,rgbc 154.607803/152.183655/53.155369/365.836182,ts 60860335984,cnt 900,flag 168
07-28 04:26:50.413  1923  4472 I Dpps    : LtmSwState::SetParameter():144 ignore cmd 7 in state LtmOffState
07-28 04:26:50.472  2012  2012 D SensorFeature: name=ssc_screenshot_info ,index = 22
07-28 04:26:50.472  2012  2012 D SensorFeature: write 29 bytes:60203241590,61157797475,169,0
07-28 04:26:50.502  9034 12264 W LOG_FLOWCTRL: ==LOGS OVER PROC QUOTA(300), rows(26) bytes(2648) com.oplus.metis DROPPED==
07-28 04:26:50.502  9034 12264 I LogCacheHelper: cache log scheduled task [base|com.oplus.metis|1.5.5-f48228a]
07-28 04:26:50.503  9034 12264 E metis_v2_JenaHandlerManager_cache: 2025-07-28 04:26:49.501000		9971		local thread match
07-28 04:26:50.503  9034 12264 E metis_v2_JenaHandlerManager_cache: 2025-07-28 04:26:49.501000		9971		local thread match
07-28 04:26:50.503  9034 12264 E metis_v2_JenaHandlerManager_cache: 2025-07-28 04:26:49.501000		9971		local thread match
07-28 04:26:50.503  9034 12264 E metis_v2_JenaHandlerManager_cache: 2025-07-28 04:26:49.501000		9971		local thread match
07-28 04:26:50.503  9034 12264 E metis_v2_JenaHandlerManager_cache: 2025-07-28 04:26:49.501000		9971		local thread match
07-28 04:26:50.503  9034 12264 E metis_v2_JenaHandlerManager_cache: 2025-07-28 04:26:49.501000		9971		local thread match
07-28 04:26:50.503  9034 12264 E metis_v2_JenaHandlerManager_cache: 2025-07-28 04:26:49.501000		9971		local thread match
07-28 04:26:50.503  9034 12264 E metis_v2_JenaHandlerManager_cache: 2025-07-28 04:26:49.501000		9971		local thread match
07-28 04:26:50.503  9034 12264 E metis_v2_JenaHandlerManager_cache: 2025-07-28 04:26:49.501000		9971		local thread match
07-28 04:26:50.503  9034 12264 E metis_v2_JenaHandlerManager_cache: 2025-07-28 04:26:49.501000		9971		local thread match
07-28 04:26:50.503  9034 12264 E metis_v2_JenaHandlerManager_cache: 2025-07-28 04:26:49.501000		9971		local thread match
07-28 04:26:50.503  9034 12264 E metis_v2_JenaHandlerManager_cache: 2025-07-28 04:26:49.501000		9971		local thread match
07-28 04:26:50.503  9034 12264 E metis_v2_JenaHandlerManager_cache: 2025-07-28 04:26:49.501000		9971		local thread match
07-28 04:26:50.503  9034 12264 E metis_v2_JenaHandlerManager_cache: 2025-07-28 04:26:49.502000		9971		local thread match
07-28 04:26:50.503  9034 12264 E metis_v2_JenaHandlerManager_cache: 2025-07-28 04:26:49.502000		9971		local thread match
07-28 04:26:50.503  9034 12264 E metis_v2_JenaHandlerManager_cache: 2025-07-28 04:26:49.502000		9971		local thread match
07-28 04:26:50.503  9034 12264 E metis_v2_JenaHandlerManager_cache: 2025-07-28 04:26:49.502000		9971		local thread match
07-28 04:26:50.503  9034 12264 E metis_v2_JenaHandlerManager_cache: 2025-07-28 04:26:49.502000		9971		local thread match
07-28 04:26:50.503  9034 12264 E metis_v2_JenaHandlerManager_cache: 2025-07-28 04:26:49.502000		9971		local thread match
07-28 04:26:50.503  9034 12264 E metis_v2_JenaHandlerManager_cache: 2025-07-28 04:26:49.502000		9971		local thread match
07-28 04:26:50.503  9034 12264 E metis_v2_JenaHandlerManager_cache: 2025-07-28 04:26:49.502000		9971		local thread match
07-28 04:26:50.503  9034 12264 E metis_v2_JenaHandlerManager_cache: 2025-07-28 04:26:49.502000		9971		local thread match
07-28 04:26:50.503  9034 12264 E metis_v2_JenaHandlerManager_cache: 2025-07-28 04:26:49.502000		9971		local thread match
07-28 04:26:50.503  9034 12264 E metis_v2_JenaHandlerManager_cache: 2025-07-28 04:26:49.502000		9971		local thread match
07-28 04:26:50.503  9034 12264 E metis_v2_JenaHandlerManager_cache: 2025-07-28 04:26:49.502000		9971		local thread match
07-28 04:26:50.504  9034 12264 E metis_v2_JenaHandlerManager_cache: 2025-07-28 04:26:49.502000		9971		local thread match
07-28 04:26:50.504  9034 12264 E metis_v2_JenaHandlerManager_cache: 2025-07-28 04:26:49.502000		9971		local thread match
07-28 04:26:50.504  9034 12264 E metis_v2_JenaHandlerManager_cache: 2025-07-28 04:26:49.502000		9971		local thread match
07-28 04:26:50.504  9034 12264 E metis_v2_JenaHandlerManager_cache: 2025-07-28 04:26:49.502000		9971		local thread match
07-28 04:26:50.504  9034 12264 E metis_v2_JenaHandlerManager_cache: 2025-07-28 04:26:49.502000		9971		local thread match
07-28 04:26:50.504  9034 12264 E metis_v2_JenaHandlerManager_cache: 2025-07-28 04:26:49.502000		9971		local thread match
07-28 04:26:50.504  9034 12264 E metis_v2_JenaHandlerManager_cache: 2025-07-28 04:26:49.502000		9971		local thread match
07-28 04:26:50.504  9034 12264 E metis_v2_JenaHandlerManager_cache: 2025-07-28 04:26:49.502000		9971		local thread match
07-28 04:26:50.504  9034 12264 E metis_v2_JenaHandlerManager_cache: 2025-07-28 04:26:49.502000		9971		local thread match
07-28 04:26:50.504  9034 12264 E metis_v2_JenaHandlerManager_cache: 2025-07-28 04:26:49.502000		9971		local thread match
07-28 04:26:50.504  9034 12264 E metis_v2_JenaHandlerManager_cache: 2025-07-28 04:26:49.502000		9971		local thread match
07-28 04:26:50.504  9034 12264 E metis_v2_JenaHandlerManager_cache: 2025-07-28 04:26:49.502000		9971		local thread match
07-28 04:26:50.504  9034 12264 E metis_v2_JenaHandlerManager_cache: 2025-07-28 04:26:49.502000		9971		local thread match
07-28 04:26:50.504  9034 12264 E metis_v2_JenaHandlerManager_cache: 2025-07-28 04:26:49.502000		9971		local thread match
07-28 04:26:50.504  9034 12264 E metis_v2_JenaHandlerManager_cache: 2025-07-28 04:26:49.502000		9971		local thread match
07-28 04:26:50.504  9034 12264 E metis_v2_JenaHandlerManager_cache: 2025-07-28 04:26:49.502000		9971		local thread match
07-28 04:26:50.504  9034 12264 E metis_v2_JenaHandlerManager_cache: 2025-07-28 04:26:49.502000		9971		local thread match
07-28 04:26:50.504  9034 12264 E metis_v2_JenaHandlerManager_cache: 2025-07-28 04:26:49.502000		9971		local thread match
07-28 04:26:50.504  9034 12264 E metis_v2_JenaHandlerManager_cache: 2025-07-28 04:26:49.502000		9971		local thread match
07-28 04:26:50.504  9034 12264 E metis_v2_JenaHandlerManager_cache: 2025-07-28 04:26:49.502000		9971		local thread match
07-28 04:26:50.504  9034 12264 E metis_v2_JenaHandlerManager_cache: 2025-07-28 04:26:49.502000		9971		local thread match
07-28 04:26:50.504  9034 12264 E metis_v2_JenaHandlerManager_cache: 2025-07-28 04:26:49.502000		9971		local thread match
07-28 04:26:50.504  9034 12264 E metis_v2_JenaHandlerManager_cache: 2025-07-28 04:26:49.502000		9971		local thread match
07-28 04:26:50.504  9034 12264 E metis_v2_JenaHandlerManager_cache: 2025-07-28 04:26:49.502000		9971		local thread match
07-28 04:26:50.505  9034 12264 E metis_v2_JenaHandlerManager_cache: 2025-07-28 04:26:49.502000		9971		local thread match
07-28 04:26:50.505  9034 12264 E metis_v2_JenaHandlerManager_cache: 2025-07-28 04:26:49.502000		9971		local thread match
07-28 04:26:50.505  9034 12264 E metis_v2_JenaHandlerManager_cache: 2025-07-28 04:26:49.502000		9971		local thread match
07-28 04:26:50.505  9034 12264 E metis_v2_JenaHandlerManager_cache: 2025-07-28 04:26:49.502000		9971		local thread match
07-28 04:26:50.505  9034 12264 E metis_v2_JenaHandlerManager_cache: 2025-07-28 04:26:49.502000		9971		local thread match
