07-29 19:06:00.726  3503  5438 W ContextImpl: Calling a method in the system process without a qualified user: android.app.ContextImpl.sendBroadcastMultiplePermissions:1344 com.android.server.TelephonyRegistry.broadcastServiceStateChanged:3745 com.android.server.TelephonyRegistry.notifyServiceStateForPhoneId:1787 com.android.internal.telephony.ITelephonyRegistry$Stub.onTransact:546 android.os.Binder.execTransactInternal:1523 
07-29 19:06:00.726  5228  5228 D SubsysEventListenerManager-SubsysTelephonyCallback[0]: onCellLocationChanged
07-29 19:06:00.726  5228  5228 D SubsysEventListenerManager-SubsysTelephonyCallback[0]: onDisplayInfoChanged
07-29 19:06:00.726  4964  6256 E PhoneInterfaceManager: getServiceStateForSlot retuning null for invalid slotIndex=-1
07-29 19:06:00.726  5228  5228 D SceneService: onDisplayInfoChanged slotId:0,telephonyDisplayInfo:TelephonyDisplayInfo {network=NR, overrideNetwork=NONE, isRoaming=false}
07-29 19:06:00.726  3503  5438 W ContextImpl: Calling a method in the system process without a qualified user: android.app.ContextImpl.sendBroadcastMultiplePermissions:1344 com.android.server.TelephonyRegistry.broadcastServiceStateChanged:3754 com.android.server.TelephonyRegistry.notifyServiceStateForPhoneId:1787 com.android.internal.telephony.ITelephonyRegistry$Stub.onTransact:546 android.os.Binder.execTransactInternal:1523 
07-29 19:06:00.727  3503  5438 W ContextImpl: Calling a method in the system process without a qualified user: android.app.ContextImpl.sendBroadcastMultiplePermissions:1344 com.android.server.TelephonyRegistry.broadcastServiceStateChanged:3760 com.android.server.TelephonyRegistry.notifyServiceStateForPhoneId:1787 com.android.internal.telephony.ITelephonyRegistry$Stub.onTransact:546 android.os.Binder.execTransactInternal:1523 
07-29 19:06:00.728  4964  4964 D MultiSimSettingController: notifySubscriptionInfoChanged
07-29 19:06:00.728  6561  6608 I midasd  : OplusObrainService::notifyEventInt eventId:38 iParam:20
07-29 19:06:00.729  8714  8747 I OplusObrain: OplusObrainClientInvoke.nativeGetTelephonyInfo
07-29 19:06:00.729  4888  4888 I KeyguardUpdateMonitor: action=android.intent.action.SERVICE_STATE subId=1 slotId=0
07-29 19:06:00.729  8714  8818 I OplusObrain: OplusObrainClientInvoke.nativeGetTrafficTypeInfoForNetworkType networkType 0
07-29 19:06:00.729  3503  5434 D KernelStatsHelper: getKernelStats start!
07-29 19:06:00.729  3503  4520 V NetworkPolicy: onSubscriptionsChanged
07-29 19:06:00.729  4888  4888 I SystemUi--Statusbar: OplusMobileIconInteractorImpl-->oplusIMSModel slot:0: CapabilityTypeModel(isVolteSwitchOn=true, isWfcEnabledByUser=true, imsRegistered=false, voiceCapable=false, videoCapable=false, registerTech=-1, isCrossSimCallingEnabledByUser=false, hasHideVolteOperator=false), SimStateModel(simInserted=[true, false], simForbidden=[false, true], simStateIMSI=[true, false], simLoaded=[true, false]),oplusNetworkTypeNr:20,isVoNrEnabled:false
07-29 19:06:00.729  3503  3503 I AS.AudioService: onSubscriptionsChanged()
07-29 19:06:00.729  4888  5265 I SystemUi--Statusbar: MobileInputLog-->onSubscriptionsChanged
07-29 19:06:00.730  5172  5172 D QCNEJ/DataCallAgent: onSubscriptionsChanged: new DDS 1
07-29 19:06:00.730  5172  5172 D QCNEJ/WwanInfoRelay: onSubscriptionsChanged currDDSId: 1 new DDS 1
07-29 19:06:00.731  4888  5265 I SystemUi--Statusbar: MobileConnectionRepositoryImpl-->subId:1 isSoftSimCard:false slotId:0
07-29 19:06:00.731  4888  5265 I SystemUi--Statusbar: MobileConnectionRepositoryImpl-->subId:1 isSoftSimCard:false slotId:0
07-29 19:06:00.731  3503  4620 D OplusNetlinkSocket: handleNetlinkRecvKernelMessage:nlmsghdr:StructNlMsgHdr{ nlmsg_len{40}, nlmsg_type{43()}, nlmsg_flags{0()}, nlmsg_seq{0}, nlmsg_pid{229577228} }
07-29 19:06:00.731  3503  5477 W BestClock: java.time.DateTimeException: Missing network time fix
07-29 19:06:00.731  3503  4620 D KernelStatsHelper: get magic :[-1, -1, -1, 77, 65, 71, 73, 67]
07-29 19:06:00.731  3503  4620 D KernelStatsHelper: magic matched count:0 data_len:0
07-29 19:06:00.731  3503  4620 D KernelStatsHelper: data over! check: true
07-29 19:06:00.731  4964  4964 I Telephony: y0: onServiceStateChanged: newState=1, mServiceState=1
07-29 19:06:00.731  5118  5118 E QImsService: ImsConfigImpl : onSubscriptionsChanged unable to process due to SubscriptionInfo is null
07-29 19:06:00.731  5118  5118 I QImsService: OplusPhoneStateTracker : onSubscriptionsChanged Last subId: -1 Current subId -1
07-29 19:06:00.731  5118  5118 I QImsService: OplusPhoneStateTracker : onSubscriptionsChanged Last subId: 1 Current subId 1
07-29 19:06:00.731  4888  4888 I SystemUi--Statusbar: OplusMobileIconInteractorImpl-->oplusIMSModel slot:0: CapabilityTypeModel(isVolteSwitchOn=true, isWfcEnabledByUser=true, imsRegistered=false, voiceCapable=false, videoCapable=false, registerTech=-1, isCrossSimCallingEnabledByUser=false, hasHideVolteOperator=false), SimStateModel(simInserted=[true, false], simForbidden=[false, true], simStateIMSI=[true, false], simLoaded=[true, false]),oplusNetworkTypeNr:20,isVoNrEnabled:false
07-29 19:06:00.731  4888  5994 I SystemUi--Statusbar: OplusMobileConnectionRepository1-->stopListenImsStatusChanged
07-29 19:06:00.731  5172  8016 D QCNEJ/DataCallAgent: phoneCount: 2
07-29 19:06:00.731  5172  8016 D QCNEJ/DataCallAgent: subs for 0th slot: [1]
07-29 19:06:00.732  5172  8016 D QCNEJ/DataCallAgent: mSubInfoReady[0] is set to true
07-29 19:06:00.732  5172  8016 D QCNEJ/DataCallAgent: subs for 1th slot: [-1]
07-29 19:06:00.732  4964  4964 I Telephony: isRttCurrentlySupported -- regular acct, hasVoiceAvailability: false
07-29 19:06:00.732  4964  4964 I Telephony:  isRttSupported: false
07-29 19:06:00.732  4964  4964 I Telephony:  isUserRttSettingOn: false
07-29 19:06:00.732  4964  4964 I Telephony:  alwaysAllowWhileRoaming: false
07-29 19:06:00.732  4964  4964 I Telephony:  isRoaming: false
07-29 19:06:00.732  4964  4964 I Telephony:  isOnWfc: false
07-29 19:06:00.732  5874  5874 D CellBroadcastReceiver: onReceive Intent { act=android.intent.action.SERVICE_STATE flg=0x1000010 cmp=com.android.cellbroadcastreceiver.module/com.android.cellbroadcastreceiver.CellBroadcastReceiver (has extras) }
07-29 19:06:00.732  5874  5874 D CellBroadcastReceiver: onServiceStateChanged, ss: 1
07-29 19:06:00.732  5874  5874 D CellBroadcastReceiver: networkOperator: 
07-29 19:06:00.732  3503  5324 W BestClock: java.time.DateTimeException: Missing network time fix
07-29 19:06:00.733  3503  4520 D NetworkPolicy: Normalization put networkpolicyNetworkTemplate: matchRule=CARRIER, matchSubscriberIds=[001011...], matchWifiNetworkKeys=[], metered=YES
07-29 19:06:00.733  3503  4520 D NetworkPolicy: Normalization put networkpolicyNetworkTemplate: matchRule=CARRIER, matchSubscriberIds=[310260...], matchWifiNetworkKeys=[], metered=YES
07-29 19:06:00.733  3503  4520 D NetworkPolicy: Normalization put networkpolicyNetworkTemplate: matchRule=CARRIER, matchSubscriberIds=[001010...], matchWifiNetworkKeys=[], metered=YES
07-29 19:06:00.733  3503  4520 D NetworkPolicy: Normalization put networkpolicyNetworkTemplate: matchRule=CARRIER, matchSubscriberIds=[001010...], matchWifiNetworkKeys=[], metered=YES
07-29 19:06:00.733  3503  4520 D NetworkPolicy: Normalization put networkpolicyNetworkTemplate: matchRule=CARRIER, matchSubscriberIds=[001012...], matchWifiNetworkKeys=[], metered=YES
07-29 19:06:00.733  3503  4520 V NetworkPolicy: updateNetworkEnabledNL() return
07-29 19:06:00.733  4888  5750 V OplusCustomizeCacheManager: queryCache name: sys.cache.common_customize_cache18014 param: null
07-29 19:06:00.733  4888  5750 V OplusCustomizeCacheManager: queryCache name: sys.cache.common_customize_cache18017 param: Bundle[{SETTING=BLOCK, BUSINESS=NCT-DATA}]
07-29 19:06:00.733  4888  5750 V OplusCustomizeCacheManager: queryCache name: sys.cache.common_customize_cache18013 param: null
07-29 19:06:00.734  3503  4520 V NetworkPolicy: updateNotificationsNL not process
07-29 19:06:00.734  3503  4520 W BestClock: java.time.DateTimeException: Missing network time fix
07-29 19:06:00.734  4888  5994 I SystemUi--Statusbar: OplusMobileConnectionRepository1-->phoneId: 0, conflatedCallbackFlow init
07-29 19:06:00.735  5041  6042 D CellularEvent: handleSubscriptionsChanged: slotId=0
07-29 19:06:00.735  5041  6042 D CellularEvent: onImsRegistrationStateChanged, slotId=0state:false
07-29 19:06:00.735  4964  4964 V OplusCustomizeCacheManager: queryCache name: sys.cache.common_customize_cache18016 param: null
07-29 19:06:00.736  4964  4964 V OplusCustomizeCacheManager: queryCache name: sys.cache.common_customize_cache18013 param: null
07-29 19:06:00.736  4964  4964 V OplusCustomizeCacheManager: queryCache name: sys.cache.common_customize_cache18014 param: null
07-29 19:06:00.736  7335  9654 E Battery : ControllerCenter: onReceiver: mSubscriptionManager is null || mIsNeedRestoreMobile = false
07-29 19:06:00.736  4964  4964 V OplusCustomizeCacheManager: queryCache name: sys.cache.common_customize_cache18017 param: Bundle[{SETTING=BLOCK, BUSINESS=NCT-DATA}]
07-29 19:06:00.736  5041  5615 D NAS-CellularEvent: handleSubscriptionsChanged: slotId=0
07-29 19:06:00.736  4964  4964 V OplusCustomizeCacheManager: queryCache name: sys.cache.common_customize_cache18016 param: null
07-29 19:06:00.736  4964  4964 V OplusCustomizeCacheManager: queryCache name: sys.cache.common_customize_cache18013 param: null
07-29 19:06:00.736  4964  4964 V OplusCustomizeCacheManager: queryCache name: sys.cache.common_customize_cache18014 param: null
07-29 19:06:00.736  4964  4964 V OplusCustomizeCacheManager: queryCache name: sys.cache.common_customize_cache18017 param: Bundle[{SETTING=BLOCK, BUSINESS=NCT-DATA}]
07-29 19:06:00.736  4888  5994 I SystemUi--Statusbar: OplusMobileConnectionRepository1-->startListenImsStatusChanged
07-29 19:06:00.736  4888  5187 I SystemUi--QuickSettings: Tile.OplusCellularTile-->updateCarrierText: dialog not showing, ignore
07-29 19:06:00.736  4888  4888 I KeyguardUpdateMonitor: refreshSimState, changed:false,subId:1,slotId:0,state:5
07-29 19:06:00.736  4888  5187 D SimStateHelper: slot:0, lock state:Bundle[mParcelledData.dataSize=56]
07-29 19:06:00.737  4964  4964 D MultiSimSettingController: onSubscriptionsChanged
07-29 19:06:00.737  4964  4964 D MultiSimSettingController: isReadyToReevaluate: subInfoInitialized=true, carrierConfigsLoaded=true, satelliteEnabledOrBeingEnabled=false
07-29 19:06:00.737  4964  4964 D MultiSimSettingController: updateDefaults
07-29 19:06:00.737  4964  4964 D MultiSimSettingController: isReadyToReevaluate: subInfoInitialized=true, carrierConfigsLoaded=true, satelliteEnabledOrBeingEnabled=false
07-29 19:06:00.737  4888  5187 D SimStateHelper: slot:1, lock state:Bundle[mParcelledData.dataSize=56]
07-29 19:06:00.737  4888  5187 D SimStateHelper: needDisableMenu: slot1State=-1; slot2State=-1
07-29 19:06:00.737  6521  8650 D OplusAtlasAudioDetectionManager: MSG_CALL_STATE_CHANGED
07-29 19:06:00.737  4888  5187 D SimStateHelper: needDisableMenu:false
07-29 19:06:00.737  6521  8650 D OplusAtlasAudioDetectionManager: callStateChanged state: 0, len: 0
07-29 19:06:00.737  4888  5187 I SystemUi--QuickSettings: Tile.OplusCellularTile-->updateCarrierText: dialog not showing, ignore
07-29 19:06:00.737  4964  4964 D MultiSimSettingController: updateDefaultValues: change: 0
07-29 19:06:00.737  4964  4964 D MultiSimSettingController: disableDataForNonDefaultNonOpportunisticSubscriptions triggered, return directly
07-29 19:06:00.737  4888  5187 D SimStateHelper: slot:0, lock state:Bundle[mParcelledData.dataSize=56]
07-29 19:06:00.737  6964  7838 D OsAgentAidlClient: [string_dataitem_update][1584] [HC] =>> [HS]
07-29 19:06:00.737  4964  4964 D CallNotifier: updatePhoneStateListeners: update CF notifications.
07-29 19:06:00.737  4964  4964 D ImsResolver: oldSubId: 1, newSubId: 1
07-29 19:06:00.737  4964  4964 D ImsResolver: oldSubId: -1, newSubId: -1
07-29 19:06:00.737  4964  4964 I Telephony: TelecomAccountRegistry: onSubscriptionsChanged - reregister accounts
07-29 19:06:00.737  4964  4964 D PhoneUtils: PhoneAccountHandle subId=1, slotId=0
07-29 19:06:00.737  4888  5187 D SimStateHelper: slot:1, lock state:Bundle[mParcelledData.dataSize=56]
07-29 19:06:00.737  4888  5187 D SimStateHelper: needDisableMenu: slot1State=-1; slot2State=-1
07-29 19:06:00.737  4888  5187 D SimStateHelper: needDisableMenu:false
07-29 19:06:00.737  5041  5615 D NAS-CellularEvent: onImsRegistrationStateChanged, slotId=0state:false
07-29 19:06:00.737  4964  4964 D Telephony: registerPstnPhoneAccount line1Number =  subNumber = 
07-29 19:06:00.737  4964  4964 D Telephony: color is transparent asign default instead -15502541
07-29 19:06:00.738  4964  4964 D Telephony: isEmergencyPreferredAccount: subId=1, activeData=1
07-29 19:06:00.738  4964  4964 D Telephony: isEmergencyPreferredAccount: Device does not require preference.
07-29 19:06:00.738  4964  4964 I Telephony: isRttCurrentlySupported -- regular acct, hasVoiceAvailability: false
07-29 19:06:00.738  4964  4964 I Telephony:  isRttSupported: false
07-29 19:06:00.738  4964  4964 I Telephony:  isUserRttSettingOn: false
07-29 19:06:00.738  4964  4964 I Telephony:  alwaysAllowWhileRoaming: false
07-29 19:06:00.738  4964  4964 I Telephony:  isRoaming: false
07-29 19:06:00.738  4964  4964 I Telephony:  isOnWfc: false
07-29 19:06:00.738  4964  4964 D Telephony: x0: buildPstnPhoneAccount, phoneId: 0, mIsVideoCapable: false, 
07-29 19:06:00.738  4964  4964 D OplusSesImsManagerExt: feature:0, phoneId:0
07-29 19:06:00.738  4964  4964 D OplusSesImsManagerExt: getSubIdUsingPhoneId:1, phoneId:0
07-29 19:06:00.738  4964  4964 D OplusSesImsManagerExt: isEntitlementEnabled:false
07-29 19:06:00.738  4964  4964 D OplusSesImsManagerExt: isFeatureProvisionedOnDevice not enabled
07-29 19:06:00.738  4964  4964 D Telephony: registerPstnPhoneAccount mIsVideoCapable = false
07-29 19:06:00.738  4964  4964 W libc    : Access denied finding property "persist.vendor.mtk_uce_support"
07-29 19:06:00.738  4964  4964 I Telephony: isCarrierVideoPresenceSupported, false, false, false, false
07-29 19:06:00.739 13178 13178 I ttings:tzupdate: isSwordfishLaunchAppEnabled_ 1 isSwordfishInstallAppEnabled_ 1
07-29 19:06:00.739  3503  5324 W BestClock: java.time.DateTimeException: Missing network time fix
07-29 19:06:00.739 13178 13178 E ttings:tzupdate: Unknown bits set in runtime_flags: 0x40000000
07-29 19:06:00.739 13178 13178 I ttings:tzupdate: Using CollectorTypeCMC GC.
07-29 19:06:00.739  4964  4964 I Telephony: reRegisterPstnPhoneAccount: subId: 1 - no change
07-29 19:06:00.739  5041  6045 W BestClock: java.time.DateTimeException: Missing network time fix
07-29 19:06:00.740  4964  4964 D InternationalRoamingNotification: init
07-29 19:06:00.740  5228  6394 D VirtualCommService2: isSupport. true, true
07-29 19:06:00.740  4964  4964 D OplusVirtualCommUtils: isVirtualCommSupport, vRet: true
07-29 19:06:00.740  4964  4964 I OplusVirtualCommUtils: getVirtualCommDeviceType, vRet: 1
07-29 19:06:00.740  4964  4964 I OplusVirtualCommUtils: isConsumerDeviceType, deviceType: 1
07-29 19:06:00.740  3503  5439 W BestClock: java.time.DateTimeException: Missing network time fix
07-29 19:06:00.740 13178 13178 E ttings:tzupdate: Not starting debugger since process cannot load the jdwp agent.
07-29 19:06:00.740  5041  6045 V MonthTrafficAlert: getWarningNotification subId:1 numWarningNotificaion:0
07-29 19:06:00.740  4964  4964 D InternationalRoamingNotification: do not createRoamingNotification for invalid Network
07-29 19:06:00.740  4888  5994 I SystemUi--Statusbar: OplusMobileConnectionRepository1-->onImsStatusChanged model: CapabilityTypeModel(isVolteSwitchOn=true, isWfcEnabledByUser=true, imsRegistered=false, voiceCapable=false, videoCapable=false, registerTech=-1, isCrossSimCallingEnabledByUser=false, hasHideVolteOperator=false)
07-29 19:06:00.740  4964  4964 V OplusCustomizeCacheManager: queryCache name: sys.cache.common_customize_cache18016 param: null
07-29 19:06:00.740  4964  4964 V OplusCustomizeCacheManager: queryCache name: sys.cache.common_customize_cache18013 param: null
07-29 19:06:00.740  4888  5750 V OplusCustomizeCacheManager: queryCache name: sys.cache.common_customize_cache18014 param: null
07-29 19:06:00.740  4964  4964 V OplusCustomizeCacheManager: queryCache name: sys.cache.common_customize_cache18014 param: null
07-29 19:06:00.740  4964  4964 V OplusCustomizeCacheManager: queryCache name: sys.cache.common_customize_cache18017 param: Bundle[{SETTING=BLOCK, BUSINESS=NCT-DATA}]
07-29 19:06:00.740  4888  5750 V OplusCustomizeCacheManager: queryCache name: sys.cache.common_customize_cache18017 param: Bundle[{SETTING=BLOCK, BUSINESS=NCT-DATA}]
07-29 19:06:00.741  4888  5750 V OplusCustomizeCacheManager: queryCache name: sys.cache.common_customize_cache18013 param: null
07-29 19:06:00.741  4964  4964 V SimultaneousCallingTracker: Received EVENT 101
07-29 19:06:00.741  4964  4964 V SimultaneousCallingTracker: generateVoiceCapablePhoneMapBasedOnUserAssociation: adding phoneId = 0
07-29 19:06:00.741  4964  4964 I SimultaneousCallingTracker: updatePhoneMapAndSimultaneousCallSupportMap: mVoiceCapablePhoneMap.size = 1
07-29 19:06:00.741  4964  4964 V SimultaneousCallingTracker: registerForImsRegistrationChanges: registering phoneId = 0
07-29 19:06:00.741  4964  4964 V SimultaneousCallingTracker: generateSimultaneousCallSupportMap: returning simultaneousCallSubSupportMap = Phone ID=0 - Simultaneous calling compatible phone IDs=[]; 
07-29 19:06:00.741  4964  4964 V SimultaneousCallingTracker: handleSimultaneousCallingSupportChanged
07-29 19:06:00.741  3503  5439 W ContentService: Observer is already registered. Pid is 4964
07-29 19:06:00.742 13178 13178 D nativeloader: Load libframework-connectivity-tiramisu-jni.so using APEX ns com_android_tethering for caller /apex/com.android.tethering/javalib/framework-connectivity-t.jar: ok
07-29 19:06:00.743 13178 13178 W libc    : Access denied finding property "persist.vendor.sys.activitylog"
07-29 19:06:00.743 13178 13178 I OneTrace: Mark active for pid=13178? true
07-29 19:06:00.743 13178 13178 D cutils-dev: otrace_set_tracing_enabled? true tag:0
07-29 19:06:00.743 13178 13178 D cutils-dev: properties changed in otrace_seq_number_changed!
07-29 19:06:00.744  3503  5439 D ActivityTaskManagerServiceExtImpl: preBindApplication record is null
07-29 19:06:00.744  3503  5439 D RGBNormalizeServer: OplusRGBNormalize feature enabled ? true
07-29 19:06:00.744  3503  5439 D ResourcesManagerCache: For package com.oplus.wirelesssettings we got cacheList [null] appInfoExt is null ? false hasFeature ? false
07-29 19:06:00.744  3503  5439 D VRR [OPlusExternalRefreshRateManager]: isPkgTfcEnable: pkgName = com.oplus.wirelesssettings, enable = false
07-29 19:06:00.744  3503  5439 D VRR [OPlusExternalRefreshRateManager]: getTfcMinFramerate: pkgName = com.oplus.wirelesssettings, min framerate = 0
07-29 19:06:00.745 13178 13178 D OplusActivityManager: get AMS extension: android.os.BinderProxy@3863d6e
07-29 19:06:00.747 13178 13178 D CompactWindowAppManager: initCompactApplicationInfo CompactMode: , NormalMode: 
07-29 19:06:00.748 13178 13178 D OplusScrollToTopManager: setIsInWhiteList false
07-29 19:06:00.748 13178 13178 D OplusViewDebugManager: OplusViewDebugManager Constructor android.view.debug.OplusViewDebugManager@27b749c [mHasViewDebugProperty true] [mHasMsgDebugProperty false] [DEBUG false] [EXTRAINFOENABLE false] [LIGHT_OS false]
07-29 19:06:00.748 13178 13178 D CompatChangeReporter: Compat change id reported: 242716250; UID 1000; state: ENABLED
07-29 19:06:00.750  2006  2006 D SensorFeature: name=ssc_screenshot_info ,index = 22
07-29 19:06:00.750  2006  2006 D SensorFeature: write 29 bytes:59317866591,59326199924,162,0
07-29 19:06:00.750 13178 13178 W libc    : Access denied finding property "ro.odm.prev.product.name"
07-29 19:06:00.751 13178 13178 W ziparchive: Unable to open '/system_ext/framework/nfcvendorlib.dm': No such file or directory
07-29 19:06:00.751 13178 13178 W ziparchive: Unable to open '/system_ext/framework/nfcvendorlib.dm': No such file or directory
07-29 19:06:00.753 13178 13178 D nativeloader: Configuring clns-shared-7 for other apk /system_ext/framework/nfcvendorlib.jar. target_sdk_version=34, uses_libraries=ALL, library_path=/system_ext/priv-app/WirelessSettings/lib/arm64:/system_ext/priv-app/WirelessSettings/WirelessSettings.apk!/lib/arm64-v8a:/system/lib64:/system_ext/lib64, permitted_path=/data:/mnt/expand:/data/user_de/0/com.oplus.wirelesssettings:/system_ext/priv-app/WirelessSettings:/system/lib64:/system_ext/lib64
07-29 19:06:00.753 13178 13178 D nativeloader: Extending system_exposed_libraries: libbinauralrenderer_wrapper.qti.so:libhoaeffects.qti.so:libSloganJni.oplus.so:libsuperNight.oplus.so:libAPSClient-cmd-jni-extension.oplus.so:libsatellite_audio_jni.oplus.so:libortc_so.oplus.so:libsoundtouch.oplus.so:libsoundtouch_jni.oplus.so:libOplusStringJNI-extension.oplus.so:libsatellite_ostx_jni.oplus.so:libapssuspend-jni.oplus.so:libupdateprof.qti.so:libthermalclient.qti.so:libqape.qti.so:libqesdk_ndk_platform.qti.so:liblistenjni.qti.so
07-29 19:06:00.753  4964  5943 D CellBroadcastConfigTracker-0: Failed to set cdma config
07-29 19:06:00.753 13178 13178 D ApplicationLoaders: Returning zygote-cached class loader: /system_ext/framework/androidx.window.extensions.jar
07-29 19:06:00.753 13178 13178 D ApplicationLoaders: Returning zygote-cached class loader: /system_ext/framework/androidx.window.sidecar.jar
07-29 19:06:00.753  5874  5913 E CellBroadcastConfigService: fails to setCellBroadcastRanges, result = 2
07-29 19:06:00.756 13178 13178 D nativeloader: Configuring clns-shared-8 for other apk /system_ext/priv-app/WirelessSettings/WirelessSettings.apk. target_sdk_version=34, uses_libraries=, library_path=/system_ext/priv-app/WirelessSettings/lib/arm64:/system_ext/priv-app/WirelessSettings/WirelessSettings.apk!/lib/arm64-v8a:/system/lib64:/system_ext/lib64, permitted_path=/data:/mnt/expand:/data/user_de/0/com.oplus.wirelesssettings:/system_ext/priv-app/WirelessSettings:/system/lib64:/system_ext/lib64
07-29 19:06:00.760 13178 13178 V GraphicsEnvironment: Currently set values for:
07-29 19:06:00.760 13178 13178 V GraphicsEnvironment:   angle_gl_driver_selection_pkgs=[]
07-29 19:06:00.760 13178 13178 V GraphicsEnvironment:   angle_gl_driver_selection_values=[]
07-29 19:06:00.760 13178 13178 V GraphicsEnvironment: Global.Settings values are invalid: number of packages: 0, number of values: 0
07-29 19:06:00.762 13178 13178 D WS_OplusWirelessSettingsApp: onCreate, OplusWirelessSettingsApp
07-29 19:06:00.763 13178 13178 D LogUtils: initWirelessLog sIsQeAssert=false,sIsWifiOrBtLog=false
07-29 19:06:00.765  3503  5285 I ActivityManager: Flag disabled. Ignoring finishAttachApplication from uid: 1000. pid: 13178
07-29 19:06:00.765 13178 13178 E ANDR-PERF-CLIENT-SYS: death recipent object is fine
07-29 19:06:00.765 13178 13178 W ttings:tzupdate: AIBinder_linkToDeath is being called with a non-null cookie and no onUnlink callback set. This might not be intended. AIBinder_DeathRecipient_setOnUnlinked should be called first.
07-29 19:06:00.766  3503  5285 W OplusSelfProtectManager: pkg[com.oplus.wirelesssettings] not in policy list
07-29 19:06:00.769  3503  5285 D ActivityManager: Async freezing 13178 com.oplus.wirelesssettings:tzupdate
07-29 19:06:00.771  4743  7297 W SQLiteLog: (28) double-quoted string literal: "timezone_tzdata_v2_files"
07-29 19:06:00.836  4964  4964 V OplusCustomizeCacheManager: queryCache name: sys.cache.common_customize_cache18016 param: null
07-29 19:06:00.836  4964  4964 V OplusCustomizeCacheManager: queryCache name: sys.cache.common_customize_cache18013 param: null
07-29 19:06:00.836  4964  4964 V OplusCustomizeCacheManager: queryCache name: sys.cache.common_customize_cache18014 param: null
07-29 19:06:00.836  4964  4964 V OplusCustomizeCacheManager: queryCache name: sys.cache.common_customize_cache18017 param: Bundle[{SETTING=BLOCK, BUSINESS=NCT-DATA}]
07-29 19:06:00.838  4964  4964 V OplusCustomizeCacheManager: queryCache name: sys.cache.common_customize_cache18016 param: null
07-29 19:06:00.838  4964  4964 V OplusCustomizeCacheManager: queryCache name: sys.cache.common_customize_cache18013 param: null
07-29 19:06:00.838  4964  4964 V OplusCustomizeCacheManager: queryCache name: sys.cache.common_customize_cache18014 param: null
07-29 19:06:00.838  4964  4964 V OplusCustomizeCacheManager: queryCache name: sys.cache.common_customize_cache18017 param: Bundle[{SETTING=BLOCK, BUSINESS=NCT-DATA}]
07-29 19:06:00.868  4888  4888 D RowAnimatorExtImpl: end:view:StatusBarIconView(slot='volume' alpha=1.0 icon=StatusBarIcon(icon=Icon(typ=RESOURCE pkg=com.android.systemui id=0x7f0818f0) visible user=0 ) visibleState=ICON iconColor=#ccffffff staticDrawableColor=#ccffffff decorColor=#ffffffff animationStartColor=#0 currentSetColor=#ccffffff notification=null),tx
07-29 19:06:00.868  4888  4888 D RowAnimatorExtImpl: end:view:StatusBarIconView(slot='zen' alpha=1.0 icon=StatusBarIcon(icon=Icon(typ=RESOURCE pkg=com.android.systemui id=0x7f0818e1) visible user=0 ) visibleState=ICON iconColor=#ccffffff staticDrawableColor=#ccffffff decorColor=#ffffffff animationStartColor=#0 currentSetColor=#ccffffff notification=null),tx
07-29 19:06:00.868  4888  4888 D RowAnimatorExtImpl: end:view:StatusBarIconView(slot='volume' alpha=1.0 icon=StatusBarIcon(icon=Icon(typ=RESOURCE pkg=com.android.systemui id=0x7f0818f0) visible user=0 ) visibleState=ICON iconColor=#ccffffff staticDrawableColor=#ccffffff decorColor=#ffffffff animationStartColor=#0 currentSetColor=#ccffffff notification=null),tx
07-29 19:06:00.868  4888  4888 D RowAnimatorExtImpl: end:view:StatusBarIconView(slot='zen' alpha=1.0 icon=StatusBarIcon(icon=Icon(typ=RESOURCE pkg=com.android.systemui id=0x7f0818e1) visible user=0 ) visibleState=ICON iconColor=#ccffffff staticDrawableColor=#ccffffff decorColor=#ffffffff animationStartColor=#0 currentSetColor=#ccffffff notification=null),tx
07-29 19:06:00.868  4888  4888 D RowAnimatorExtImpl: end:view:StatusBarIconView(slot='volume' alpha=1.0 icon=StatusBarIcon(icon=Icon(typ=RESOURCE pkg=com.android.systemui id=0x7f0818f0) visible user=0 ) visibleState=ICON iconColor=#ccffffff staticDrawableColor=#ccffffff decorColor=#ffffffff animationStartColor=#0 currentSetColor=#ccffffff notification=null),tx
07-29 19:06:00.868  4888  4888 D RowAnimatorExtImpl: end:view:StatusBarIconView(slot='zen' alpha=1.0 icon=StatusBarIcon(icon=Icon(typ=RESOURCE pkg=com.android.systemui id=0x7f0818e1) visible user=0 ) visibleState=ICON iconColor=#ccffffff staticDrawableColor=#ccffffff decorColor=#ffffffff animationStartColor=#0 currentSetColor=#ccffffff notification=null),tx
07-29 19:06:00.899  1911  4464 I Dpps    : LtmSwState::SetParameter():144 ignore cmd 7 in state LtmOffState
07-29 19:06:00.951  2012  2108 D BatteryChargeControl: bcc get no support from charging protocol
07-29 19:06:01.024  2006  2006 D SensorFeature: name=ssc_screenshot_info ,index = 22
07-29 19:06:01.024  2006  2006 D SensorFeature: write 29 bytes:59592272372,59600605705,163,0
07-29 19:06:01.059  4888  4888 I SystemUi--QuickSettings: TemporarilyInfoManager-->[animateShow] com.oplus.systemui.qs.base.temporarilyinfo.TemporarilyInfoManager$createViewToParent$1{2576b71 VFED..C.. ........ 0,0-1080,228 #7f0a0cb6 app:id/temporarily_info_view alpha=1.0 viewInfo = } end
07-29 19:06:01.059  4888  4888 I SystemUi--QuickSettings: TemporarilyInfoManager-->[trigger] start from showElementAfterShowFully
07-29 19:06:01.107  6534  6588 E horae   : 0: back:32602,back_1:34930,back_2:34504,back_3:33574,frame:35065,frame_1:34019,front:35687,front_1:36067,front_2:34474, -2147483648 4, +(3123), 1 ,42857,32888,38699,42857,40857,41915,32929,38423,41876,40215,40978,32773,38164,41070,39671,40388,32750,37897,40356,39171, target_temp:36067, algo:0
07-29 19:06:01.163  1856  4472 I sensors-hal: handle_oplus_wise_rgb_event:189, high_pwm_light:lux 279.1,cct 3630.1,brl/algo/ir 1435.0/2.0/16.8,pwm/dc 0.0/0.0,rgbc 21533.205078/13591.916016/6249.176758/39955.312500,ts 59600709577,cnt 850,flag 65699
07-29 19:06:01.164  1911  4464 I Dpps    : LtmSwState::SetParameter():144 ignore cmd 7 in state LtmOffState
07-29 19:06:01.175  4888  4888 D JankUtils: gfxSceneEnd; scene: 7
07-29 19:06:01.175  4888  4888 I SystemUi--Common: NotificationShadeDepthC-->sceneFlag: 0x001, isStart = false, Current sceneFlags: 0x000
07-29 19:06:01.175  4888  4888 D NavigationBar: restrainNavigationBarInvertColor: false
07-29 19:06:01.175  4888  5100 D RegionSamplingHelper =:    mCompositionSamplingListener.register
07-29 19:06:01.176  2200  2510 D SurfaceFlinger: addRegionSamplingListener pid: 4888, Area: [0, 2328, 1080, 2376]
07-29 19:06:01.298  2006  2006 D SensorFeature: name=ssc_screenshot_info ,index = 22
07-29 19:06:01.298  2006  2006 D SensorFeature: write 29 bytes:59865922945,59874256278,164,0
07-29 19:06:01.385  1911  2196 I SDM     : DisplayBase::CommitThread: Received idle timeout, panel: cmd, timeout: 70000 us
07-29 19:06:01.426  3503  3503 D OplusWifiBroadCastDispatcher: mBroadcastReceiver: onReceiver  action=android.intent.action.BATTERY_LEVEL_CHANGED
07-29 19:06:01.426  3503  4647 D OplusWifiPowerService: onReceive action:android.intent.action.BATTERY_LEVEL_CHANGED
07-29 19:06:01.426  3503  4476 W OplusStorageManagerFeature: mScreenReceiver action:android.intent.action.BATTERY_LEVEL_CHANGED
07-29 19:06:01.426  3503  4476 I OplusStorageManagerFeature: TmemoryBetterySwitch: level=100 state=0
07-29 19:06:01.426  3503  4476 I OplusStorageManagerFeature: TmemoryBetterySwitch: action=0 state=2
07-29 19:06:01.427  3503  4476 W OplusStorageManagerFeature: Ready to deal actionParam:0
07-29 19:06:01.427  3503  3749 D OomAdjuster: Not killing cached processes
07-29 19:06:01.428  3503  4405 D FusionLightNextGen: process end reported = 1, mode: 0, lux 510.8, cct -1.0, r/g/b/c: 21528.4/13541.3/6226.1/39965.3, R/G/B: 132.0/125.0/124.0, bri 1435.0, match 0.70, ir 0.017038, conf 0.0, ts 59874802285
07-29 19:06:01.428  1911  4464 I Dpps    : LtmSwState::SetParameter():144 ignore cmd 7 in state LtmOffState
07-29 19:06:01.428  6265  6265 D BatteryUsageBroadcastReceiver: onReceive:android.intent.action.BATTERY_LEVEL_CHANGED
07-29 19:06:01.431  8869  9782 W metis_v2_KnowledgeManager: Fire: isEmergency is true  debugFireMode = false [7f0000011753830319716428507392|p_7392_df1889@1|p_8869_18570fc@7|com.oplus.metis] [base|com.oplus.metis|1.5.5-f48228a]
07-29 19:06:01.432  8869  9782 W metis_v2_OifaceBindUtils: bindTask [7f0000011753830319716428507392|p_7392_df1889@1|p_8869_18570fc@7|com.oplus.metis]
07-29 19:06:01.432  6265  6265 D BatteryUsageBroadcastReceiver: fetch data because of event: ACTION_BATTERY_LEVEL_CHANGED
07-29 19:06:01.432  8869  9782 W metis_v2_OifaceBindUtils: call connectOifaceService [7f0000011753830319716428507392|p_7392_df1889@1|p_8869_18570fc@7|com.oplus.metis]
07-29 19:06:01.433  6265  6265 D BatteryUsageBroadcastReceiver: cancel sendBroadcastToFetchUsageData when broadcastDelay is 2339991ms.
07-29 19:06:01.433  8869  9782 I metis_v2_KnowledgeManager: panta-sugg-Fire: count=1 [7f0000011753830319716428507392|p_7392_df1889@1|p_8869_18570fc@7|com.oplus.metis]
07-29 19:06:01.433  6571  6613 E oiface  : sched_setaffinity failed
07-29 19:06:01.433  6571  6593 E oiface  : directSetTask: get cpuset path failed
07-29 19:06:01.434  3503  5439 D ActivityManager: Async freezing 6265 com.android.settings
07-29 19:06:01.436  8869  9782 I System.out: 'park_precondition_home_02' 
07-29 19:06:01.436  8869  9782 I System.out: 'park_precondition_company_02' 
07-29 19:06:01.436  8869  9782 I System.out: 'UBIQUITOUS_SERVICE#assistant_screen#NOT_AT_HOME_301' 
07-29 19:06:01.436  8869  9782 I System.out: 'UBIQUITOUS_SERVICE#assistant_screen#NOT_AT_OFFICE_401' 
07-29 19:06:01.437  8869  9782 I System.out: 'policy:NEAR_SUBWAY_BUS_STATION_2x4' 
07-29 19:06:01.443  8869  9782 W metis_v2_TimeDurationCompare: [com.oplus.metis#UBIQUITOUS_SERVICE#scene#tips#TipScene_EXIT] 'timestamp' is not literal. [7f0000011753830319716428507392|p_7392_df1889@1|p_8869_18570fc@7|com.oplus.metis]
07-29 19:06:01.444  8869  9782 D SceneIntentPublisher: headAction: pkg is com.oplus.metis and simpleRuleName is UBIQUITOUS_SERVICE#secne#activity_coloros_reminder_tips
07-29 19:06:01.453  8869  9782 D SceneIntentPublisher: headAction: pkg is com.oplus.metis and simpleRuleName is UBIQUITOUS_SERVICE#secne#activity_coloros_reminder_tips
07-29 19:06:01.460  8869  9782 I System.out: 'UBIQUITOUS_SERVICE#assistant_screen#NOT_AT_HOME_301' 
07-29 19:06:01.462  8869  9782 I System.out: 'tempPropertyForGuideStatus' 
07-29 19:06:01.466  8869  9782 D SceneIntentPublisher: headAction: pkg is com.oplus.metis and simpleRuleName is UBIQUITOUS_SERVICE#secne#activity_coloros_reminder_tips
07-29 19:06:01.466  8869  9782 W metis_v2_TimeDurationCompare: [com.oplus.metis#UBIQUITOUS_SERVICE#scene#tips#TipScene_EXIT] 'timestamp' is not literal. [7f0000011753830319716428507392|p_7392_df1889@1|p_8869_18570fc@7|com.oplus.metis]
07-29 19:06:01.471  8869  9688 I ContextAware_GetInstalledAppsInfo: Update cache
07-29 19:06:01.481  8869  9811 I DeepThinkerSDK: [APP] ClientConnection: getDeepThinkerBridge start
07-29 19:06:01.481  8869  9811 I DeepThinkerSDK: [APP] ClientConnection: getDeepThinkerBridge end
07-29 19:06:01.484  8869  9782 W metis_v2_AbsTimerTriggered: [com.oplus.metis#UBIQUITOUS_SERVICE#health#LAUNCH-HEALTH-APP]: periodicTriggered's parseArgsToTimer meet exception periodic timer's first execute start time must >= time range start [7f0000011753830319716428507392|p_7392_df1889@1|p_8869_18570fc@7|com.oplus.metis]
07-29 19:06:01.484  8869  9782 W metis_v2_AbsTimerTriggered: [com.oplus.metis#UBIQUITOUS_SERVICE#health#LAUNCH-HEALTH-APP]: please check if builtin periodicTriggered's args is valid [7f0000011753830319716428507392|p_7392_df1889@1|p_8869_18570fc@7|com.oplus.metis]
07-29 19:06:01.492  8869  9782 I System.out: 'UBIQUITOUS_SERVICE#assistant_screen#NOT_AT_OFFICE_401' 
07-29 19:06:01.492  8869  9782 I metis_v2_KnowledgeManager: panta-sugg-Fire takes 59 milliseconds. [7f0000011753830319716428507392|p_7392_df1889@1|p_8869_18570fc@7|com.oplus.metis]
07-29 19:06:01.492  8869  9782 I ContextAware_PantanalIntentManager: intent (id-14111004+policyName-CLEAN_STORAGE) is not found in scene_intent_config [7f0000011753830319716428507392|p_7392_df1889@1|p_8869_18570fc@7|com.oplus.metis]
07-29 19:06:01.493  8869  9782 I metis_v2_SceneTravelingAdapter: recallTravellingIntent: [] [7f0000011753830319716428507392|p_7392_df1889@1|p_8869_18570fc@7|com.oplus.metis]
07-29 19:06:01.493  8869  9782 I ContextAware_ContextAware_SceneIntentManager: mLastIntentDataSet: [] [7f0000011753830319716428507392|p_7392_df1889@1|p_8869_18570fc@7|com.oplus.metis]
07-29 19:06:01.493  8869  9782 I ContextAware_ContextAware_SceneIntentManager: intentList: [IntentDataDTO(intent=IntentDTO=[sceneId=220500200, intentId=14111005, isExited=false, source=0, ownerId=com.oplus.metis, action=14111005, policyName=SUBSTITUTE_SCENE, serviceId=, sendExitedIntent=true, repeatable=false, sceneScore=-1.0, position=right, level=2, type=1, serviceInstanceId=null, isSupportMultiInstance=false, settingsPreference=null], items=[]), IntentDataDTO(intent=IntentDTO=[sceneId=210000000, intentId=12121002, isExited=true, source=0, ownerId=com.oplus.metis, action=12121002, policyName=TAKEOUT_ORDER_STATUS_CHANGE, serviceId=, sendExitedIntent=false, repeatable=false, sceneScore=-1.0, position=left, level=1, type=1, serviceInstanceId=null, isSupportMultiInstance=false, settingsPreference=null], items=[]), IntentDataDTO(intent=IntentDTO=[sceneId=null, intentId=14111004, isExited=true, source=0, ownerId=com.oplus.metis, action=14111004, policyName=CLEAN_STORAGE, serviceId=, sendExitedIntent=false, repeatable=false, sceneScore=-1.0, position=null, level=0, type=1, serviceInstanceId=null, isSupportMultiInstance=false, settingsPreference=null], items=[]), IntentDataDTO(intent=IntentDTO=[sceneId=null, intentId=12121002, isExited=true, source=0, ownerId=com.oplus.metis, action=12121002, policyName=TAKEOUT_ORDER_STATUS_CHANGE, serviceId=, sendExitedIntent=false, repeatable=false, sceneScore=-1.0, position=null, level=0, type=1, serviceInstanceId=null, isSupportMultiInstance=false, settingsPreference=null], items=[])] [7f0000011753830319716428507392|p_7392_df1889@1|p_8869_18570fc@7|com.oplus.metis]
07-29 19:06:01.493  8869  9782 I ContextAware_ContextAware_SceneIntentManager: missedIntent: [] [7f0000011753830319716428507392|p_7392_df1889@1|p_8869_18570fc@7|com.oplus.metis]
07-29 19:06:01.493  8869  9782 I metis_v2_SceneIntentManager: panta-sugg-Published intents: [7f0000011753830319716428507392|p_7392_df1889@1|p_8869_18570fc@7|com.oplus.metis]
07-29 19:06:01.493  8869  9782 I metis_v2_SceneIntentManager: panta-sugg-IntentDataDTO(intent=IntentDTO=[sceneId=220500200, intentId=14111005, isExited=false, source=0, ownerId=com.oplus.metis, action=14111005, policyName=SUBSTITUTE_SCENE, serviceId=, sendExitedIntent=true, repeatable=false, sceneScore=-1.0, position=right, level=2, type=1, serviceInstanceId=null, isSupportMultiInstance=false, settingsPreference=null], items=[]) [7f0000011753830319716428507392|p_7392_df1889@1|p_8869_18570fc@7|com.oplus.metis]
07-29 19:06:01.493  8869  9782 I metis_v2_SceneIntentManager: panta-sugg-IntentDataDTO(intent=IntentDTO=[sceneId=210000000, intentId=12121002, isExited=true, source=0, ownerId=com.oplus.metis, action=12121002, policyName=TAKEOUT_ORDER_STATUS_CHANGE, serviceId=, sendExitedIntent=false, repeatable=false, sceneScore=-1.0, position=left, level=1, type=1, serviceInstanceId=null, isSupportMultiInstance=false, settingsPreference=null], items=[]) [7f0000011753830319716428507392|p_7392_df1889@1|p_8869_18570fc@7|com.oplus.metis]
07-29 19:06:01.493  8869  9782 I metis_v2_SceneIntentManager: panta-sugg-IntentDataDTO(intent=IntentDTO=[sceneId=null, intentId=14111004, isExited=true, source=0, ownerId=com.oplus.metis, action=14111004, policyName=CLEAN_STORAGE, serviceId=, sendExitedIntent=false, repeatable=false, sceneScore=-1.0, position=null, level=0, type=1, serviceInstanceId=null, isSupportMultiInstance=false, settingsPreference=null], items=[]) [7f0000011753830319716428507392|p_7392_df1889@1|p_8869_18570fc@7|com.oplus.metis]
07-29 19:06:01.493  8869  9782 I metis_v2_SceneIntentManager: panta-sugg-IntentDataDTO(intent=IntentDTO=[sceneId=null, intentId=12121002, isExited=true, source=0, ownerId=com.oplus.metis, action=12121002, policyName=TAKEOUT_ORDER_STATUS_CHANGE, serviceId=, sendExitedIntent=false, repeatable=false, sceneScore=-1.0, position=null, level=0, type=1, serviceInstanceId=null, isSupportMultiInstance=false, settingsPreference=null], items=[]) [7f0000011753830319716428507392|p_7392_df1889@1|p_8869_18570fc@7|com.oplus.metis]
07-29 19:06:01.494  8869  9782 I ContextAware_MetisStatistics: uploadMetisIntentData enter {intent_source=0, intent_action=14111005, exit_type=, rule_name=UBIQUITOUS_SERVICE#secne#activity_coloros_reminder_tips, service_id=, scene_id=220500200, policy_name=SUBSTITUTE_SCENE, is_exited=false, intent_id=14111005, timestamp=1753830361494} [7f0000011753830319716428507392|p_7392_df1889@1|p_8869_18570fc@7|com.oplus.metis]
07-29 19:06:01.494  8869  9782 I ContextAware_PantanalIntentManager: getCloudIntentConfig [7f0000011753830319716428507392|p_7392_df1889@1|p_8869_18570fc@7|com.oplus.metis]
07-29 19:06:01.504  8869  9782 I ContextAware_PantanalIntentManager: getDownLoadConfig [7f0000011753830319716428507392|p_7392_df1889@1|p_8869_18570fc@7|com.oplus.metis] [base|com.oplus.metis|1.5.5-f48228a]
07-29 19:06:01.519  8869  9782 I ContextAware_PantanalIntentManager: selectNewestConfig, assetVersion 202505301103, downloadVersion 202507161101 [7f0000011753830319716428507392|p_7392_df1889@1|p_8869_18570fc@7|com.oplus.metis]
07-29 19:06:01.526  8869  9782 I ContextAware_PantanalIntentManager: getCloudIntentConfig, cache cloud intent config [7f0000011753830319716428507392|p_7392_df1889@1|p_8869_18570fc@7|com.oplus.metis]
07-29 19:06:01.526  8869  9782 I ContextAware_PantanalIntentLruCache: create, key=14111004-CLEAN_STORAGE, create time=32 LruCache[maxSize=120,hits=118,misses=5,hitRate=95%] cacheSize=15 [7f0000011753830319716428507392|p_7392_df1889@1|p_8869_18570fc@7|com.oplus.metis]
07-29 19:06:01.526  8869 10180 E ContextAware_SortAlgorithmManager.ReorderProcessor.GuaranteedIntentManager: removeExternalIntent mExternalGuaranteedList invalid
07-29 19:06:01.526  8869  9782 I ContextAware_DecisionIntentProvider: uriPath:/negative_screen [7f0000011753830319716428507392|p_7392_df1889@1|p_8869_18570fc@7|com.oplus.metis]
07-29 19:06:01.526  8869  9782 I ContextAware_DecisionIntentProvider: mAssistantScreenList:[] [7f0000011753830319716428507392|p_7392_df1889@1|p_8869_18570fc@7|com.oplus.metis]
07-29 19:06:01.526  8869  9674 E ContextAware_SortAlgorithmManager.ReorderProcessor.GuaranteedIntentManager: removeExternalIntent mExternalGuaranteedList invalid
07-29 19:06:01.526  8869 10417 E ContextAware_SortAlgorithmManager.ReorderProcessor.GuaranteedIntentManager: removeExternalIntent mExternalGuaranteedList invalid
07-29 19:06:01.526  8869  9782 I DataCollector_SortAlgorithmManager.SortCommonUtil: mIntentList is empty. [7f0000011753830319716428507392|p_7392_df1889@1|p_8869_18570fc@7|com.oplus.metis]
07-29 19:06:01.526  8869 10180 I ContextAware_ContextAware_SortAlgorithmManager.SendMsg: Log Segmented Print(1):sortForBatchRemoveIntentChange pantanalIntentList = [PantanalIntent(sceneId=210000000, intentId=12121002, policyName='TAKEOUT_ORDER_STATUS_CHANGE', sceneInstanceId=null, intentSrc=0, finalScore=-1.0, subDomain='takeout', action='pantanal.intent.takeout.VIEW_ORDER_PROGRESS', defaultScore=11.0, sortable=false, paramsFromUserPolicy=ParamsFromUserPolicy(exposureArgs=[], exposureFunc=-1, clickArgs=[], clickFunc=-1, timeArgs=[], timeFunc=-1, delayExposureArgs=null, delayClickArgs=null), cannotReduceRecommend=false, reduceReplaceKey=, isUnrecoverable=false, dropRepeatKey=, dropRepeatMode=-1, paramsFromService=content-length:2, isParamsSendToSeedling=false, forceRebuildSeedling=false, seedlingUiPolicy=0, paramsFromHabit=null, serviceList=null, serviceSelectPolicy=0, serviceSelectWeight=null, serviceId=, serviceIdFrom=null, recallScore=null, rankScore=-1.0, rerankScore=-1.0, requestId=null, userPolicyScore=-1.0, domain='life_service', cloudExtInfo=null, operation=1, showCount=0, clickCount=0, exposureTime=0, dtExperimentParams=null, createTime=1753830361526, lastUpdateTime=1753830361526, expireTime=240, , originalUpdateTime=1753830361526, sortRelatedId=0, addRelatedId=0, decisionHistoryList=null, businessData=null, cardOptions=null, instanceId=null, protectEnable=true, protectPolicy=ProtectPolicy(event=0, initialDuration=7, deltaDuration=3, startRatio=70, endRatio=10, stepRatio=20), addMinProb=0.4, probAdj=1.0, lastSortType=0, configVersion=202507161101, algorithmVersion=, recommendServiceList=null, removeTriggerValue=0.2, algorithmTimeRule=[], ruleRemoveByAlgorithm=false, containServiceId=false, dropRepeatType=0, dropRepeatScore=0, delayDismiss=0, attenuationType=-1, attenuationFunc=-1, shouldFocus=false, focusTimestamp=null, orderID=null, serviceTimeStamp=0, serviceInstanceId=null, showType=0,delayExposureTimestamp=0, delayClickTimestamp=0, isSupportMultiInstance=false, , PantanalIntent(sceneId=null, intentId=14111004, policyName='CLEAN_STORAGE', sceneInstanceId=null, intentSrc=0, finalScore=-1.0, subDomain='clear_memory', action='pantanal.intent.system.CLEAN_UP_STORAGE', defaultScore=0.8, sortable=true, paramsFromUserPolicy=ParamsFromUserPolicy(exposureArgs=[20.0, 5.0], exposureFunc=2, clickArgs=[2.0], clickFunc=1, timeArgs=[], timeFunc=-1, delayExposureArgs=null, delayClickArgs=null), cannotReduceRecommend=false, reduceReplaceKey=, isUnrecoverable=false, dropRepeatKey=, dropRepeatMode=-1, paramsFromService=content-length:2, isParamsSendToSeedling=false, forceRebuildSeedling=false, seedlingUiPolicy=0, paramsFromHabit=null, serviceList=null, serviceSelectPolicy=0, serviceSelectWeight=null, serviceId=, serviceIdFrom=null, recallScore=null, rankScore=-1.0, rerankScore=-1.0, requestId=null, userPolicyScore=-1.0, domain='system_settings', cloudExtInfo=null, operation=1, showCount=0, clickCount=0, exposureTime=0, dtExperimentParams=null, createTime=1753830361526, lastUpdateTime=1753830361526, expireTime=240, , originalUpdateTime=1753830361526, sortRelatedId=100710040000, addRelatedId=0, decisionHistoryList=null, businessData=null, cardOptions=null, instanceId=null, protectEnable=true, protectPolicy=ProtectPolicy(event=0, initialDuration=0, deltaDuration=1, startRatio=20, endRatio=5, stepRatio=5), addMinProb=0.4, probAdj=1.0, lastSortType=0, configVersion=202507161101, algorithmVersion=, recommendServiceList=null, removeTriggerValue=0.2, algorithmTimeRule=[], ruleRemoveByAlgorithm=false, containServiceId=false, dropRepeatType=0, dropRepeatScore=0, delayDismiss=0, attenuationType=-1, attenuationFunc=-1, shouldFocus=false, focusTimestamp=null, orderID=null, serviceTimeStamp=0, serviceInstanceId=null, showType=0,delayExposureTimestamp=0, delayClickTimestamp=0, isSupportMultiInstance=false, , PantanalIntent(sceneId=null, intentId=12121002, policyName='TAKEOUT_ORDER_STATUS_CHANGE', sceneInstanceId=null, intentSrc=0, finalScore=-1.0, subDomain='takeout', action='pantanal.intent.takeout.VIEW_ORDER_PROGRESS', defaultScore=11.0,
07-29 19:06:01.526  8869 10180 I ContextAware_ContextAware_SortAlgorithmManager.SendMsg: Log Segmented Print(2): sortable=false, paramsFromUserPolicy=ParamsFromUserPolicy(exposureArgs=[], exposureFunc=-1, clickArgs=[], clickFunc=-1, timeArgs=[], timeFunc=-1, delayExposureArgs=null, delayClickArgs=null), cannotReduceRecommend=false, reduceReplaceKey=, isUnrecoverable=false, dropRepeatKey=, dropRepeatMode=-1, paramsFromService=content-length:2, isParamsSendToSeedling=false, forceRebuildSeedling=false, seedlingUiPolicy=0, paramsFromHabit=null, serviceList=null, serviceSelectPolicy=0, serviceSelectWeight=null, serviceId=, serviceIdFrom=null, recallScore=null, rankScore=-1.0, rerankScore=-1.0, requestId=null, userPolicyScore=-1.0, domain='life_service', cloudExtInfo=null, operation=1, showCount=0, clickCount=0, exposureTime=0, dtExperimentParams=null, createTime=1753830361526, lastUpdateTime=1753830361526, expireTime=240, , originalUpdateTime=1753830361526, sortRelatedId=0, addRelatedId=0, decisionHistoryList=null, businessData=null, cardOptions=null, instanceId=null, protectEnable=true, protectPolicy=ProtectPolicy(event=0, initialDuration=7, deltaDuration=3, startRatio=70, endRatio=10, stepRatio=20), addMinProb=0.4, probAdj=1.0, lastSortType=0, configVersion=202507161101, algorithmVersion=, recommendServiceList=null, removeTriggerValue=0.2, algorithmTimeRule=[], ruleRemoveByAlgorithm=false, containServiceId=false, dropRepeatType=0, dropRepeatScore=0, delayDismiss=0, attenuationType=-1, attenuationFunc=-1, shouldFocus=false, focusTimestamp=null, orderID=null, serviceTimeStamp=0, serviceInstanceId=null, showType=0,delayExposureTimestamp=0, delayClickTimestamp=0, isSupportMultiInstance=false, ]
07-29 19:06:01.526  8869 10180 I ContextAware_SortAlgorithmManager.SendMsg: sortForBatchRemoveIntentChange : batchIntentList is empty Just return
07-29 19:06:01.526  8869 10180 I ContextAware_SortAlgorithmManager.SendMsg: sortForBatchIntentChange batchIntent = PantanalIntent(sceneId=220500200, intentId=14111005, policyName='SUBSTITUTE_SCENE', sceneInstanceId=null, intentSrc=0, finalScore=-1.0, subDomain='tips', action='pantanal.intent.system.VIEW_TIPS', defaultScore=2.0, sortable=true, paramsFromUserPolicy=ParamsFromUserPolicy(exposureArgs=[], exposureFunc=-1, clickArgs=[], clickFunc=-1, timeArgs=[], timeFunc=-1, delayExposureArgs=null, delayClickArgs=null), cannotReduceRecommend=false, reduceReplaceKey=, isUnrecoverable=false, dropRepeatKey=, dropRepeatMode=-1, paramsFromService=content-length:2, isParamsSendToSeedling=false, forceRebuildSeedling=false, seedlingUiPolicy=0, paramsFromHabit=null, serviceList=null, serviceSelectPolicy=0, serviceSelectWeight=null, serviceId=, serviceIdFrom=null, recallScore=null, rankScore=-1.0, rerankScore=-1.0, requestId=null, userPolicyScore=-1.0, domain='system_settings', cloudExtInfo=null, operation=0, showCount=0, clickCount=0, exposureTime=0, dtExperimentParams=null, createTime=1753830361526, lastUpdateTime=1753830361526, expireTime=240, , originalUpdateTime=1753830361526, sortRelatedId=0, addRelatedId=0, decisionHistoryList=null, businessData=null, cardOptions=null, instanceId=null, protectEnable=true, protectPolicy=ProtectPolicy(event=0, initialDuration=7, deltaDuration=3, startRatio=70, endRatio=10, stepRatio=20), addMinProb=0.4, probAdj=1.0, lastSortType=0, configVersion=202507161101, algorithmVersion=, recommendServiceList=null, removeTriggerValue=0.2, algorithmTimeRule=[], ruleRemoveByAlgorithm=false, containServiceId=false, dropRepeatType=0, dropRepeatScore=0, delayDismiss=0, attenuationType=-1, attenuationFunc=-1, shouldFocus=false, focusTimestamp=null, orderID=null, serviceTimeStamp=0, serviceInstanceId=null, showType=0,delayExposureTimestamp=0, delayClickTimestamp=0, isSupportMultiInstance=false, 
07-29 19:06:01.526  8869  9674 I ContextAware_DailyStatisticsRecorder: Increase context change count: MESSAGE_10_cnt, value: 1
07-29 19:06:01.526  8869 10180 I ContextAware_SortAlgorithmManager.SendMsg: sendMessage msgWhat = 10
07-29 19:06:01.526  8869  9767 I ContextAware_SortAlgorithmManager: message:10
07-29 19:06:01.526  8869  9767 I ContextAware_IntentSwitchManager: getSubSwitchStatus = {tips=true}
07-29 19:06:01.527  8869  9782 I metis_v2_KnowledgeManager: DUMP FACTS IN TREE: [7f0000011753830319716428507392|p_7392_df1889@1|p_8869_18570fc@7|com.oplus.metis]
07-29 19:06:01.527  8869  9767 I ContextAware_IntentSwitchManager: isExistInSceneInfoActionList pantanalIntentAction = pantanal.intent.system.VIEW_TIPS
