07-29 14:40:56.452  8230  9207 E metis_v2_JenaHandlerManager: local thread match [7f0000011753814414627262307094|p_7094_567e050@1|p_8230_62c3551@7|com.oplus.metis]
07-29 14:40:56.452  8230  9207 E metis_v2_JenaHandlerManager: local thread match [7f0000011753814414627262307094|p_7094_567e050@1|p_8230_62c3551@7|com.oplus.metis]
07-29 14:40:56.452  8230  9207 E metis_v2_JenaHandlerManager: local thread match [7f0000011753814414627262307094|p_7094_567e050@1|p_8230_62c3551@7|com.oplus.metis]
07-29 14:40:56.452  8230  9207 E metis_v2_JenaHandlerManager: local thread match [7f0000011753814414627262307094|p_7094_567e050@1|p_8230_62c3551@7|com.oplus.metis]
07-29 14:40:56.452  8230  9207 E metis_v2_JenaHandlerManager: local thread match [7f0000011753814414627262307094|p_7094_567e050@1|p_8230_62c3551@7|com.oplus.metis]
07-29 14:40:56.452  8230  9207 E metis_v2_JenaHandlerManager: local thread match [7f0000011753814414627262307094|p_7094_567e050@1|p_8230_62c3551@7|com.oplus.metis]
07-29 14:40:56.452  8230  9207 E metis_v2_JenaHandlerManager: local thread match [7f0000011753814414627262307094|p_7094_567e050@1|p_8230_62c3551@7|com.oplus.metis]
07-29 14:40:56.452  8230  9207 E metis_v2_JenaHandlerManager: local thread match [7f0000011753814414627262307094|p_7094_567e050@1|p_8230_62c3551@7|com.oplus.metis]
07-29 14:40:56.452  8230  9207 E metis_v2_JenaHandlerManager: local thread match [7f0000011753814414627262307094|p_7094_567e050@1|p_8230_62c3551@7|com.oplus.metis]
07-29 14:40:56.452  8230  9207 E metis_v2_JenaHandlerManager: local thread match [7f0000011753814414627262307094|p_7094_567e050@1|p_8230_62c3551@7|com.oplus.metis]
07-29 14:40:56.452  8230  9207 E metis_v2_JenaHandlerManager: local thread match [7f0000011753814414627262307094|p_7094_567e050@1|p_8230_62c3551@7|com.oplus.metis]
07-29 14:40:56.452  8230  9207 E metis_v2_JenaHandlerManager: local thread match [7f0000011753814414627262307094|p_7094_567e050@1|p_8230_62c3551@7|com.oplus.metis]
07-29 14:40:56.452  8230  9207 E metis_v2_JenaHandlerManager: local thread match [7f0000011753814414627262307094|p_7094_567e050@1|p_8230_62c3551@7|com.oplus.metis]
07-29 14:40:56.452  8230  9207 E metis_v2_JenaHandlerManager: local thread match [7f0000011753814414627262307094|p_7094_567e050@1|p_8230_62c3551@7|com.oplus.metis]
07-29 14:40:56.452  8230  9207 E metis_v2_JenaHandlerManager: local thread match [7f0000011753814414627262307094|p_7094_567e050@1|p_8230_62c3551@7|com.oplus.metis]
07-29 14:40:56.452  8230  9207 E metis_v2_JenaHandlerManager: local thread match [7f0000011753814414627262307094|p_7094_567e050@1|p_8230_62c3551@7|com.oplus.metis]
07-29 14:40:56.452  8230  9207 E metis_v2_JenaHandlerManager: local thread match [7f0000011753814414627262307094|p_7094_567e050@1|p_8230_62c3551@7|com.oplus.metis]
07-29 14:40:56.452  8230  9207 E metis_v2_JenaHandlerManager: local thread match [7f0000011753814414627262307094|p_7094_567e050@1|p_8230_62c3551@7|com.oplus.metis]
07-29 14:40:56.452  8230  9207 E metis_v2_JenaHandlerManager: local thread match [7f0000011753814414627262307094|p_7094_567e050@1|p_8230_62c3551@7|com.oplus.metis]
07-29 14:40:56.452  8230  9207 E metis_v2_JenaHandlerManager: local thread match [7f0000011753814414627262307094|p_7094_567e050@1|p_8230_62c3551@7|com.oplus.metis]
07-29 14:40:56.452  8230  9207 E metis_v2_JenaHandlerManager: local thread match [7f0000011753814414627262307094|p_7094_567e050@1|p_8230_62c3551@7|com.oplus.metis]
07-29 14:40:56.452  8230  9207 E metis_v2_JenaHandlerManager: local thread match [7f0000011753814414627262307094|p_7094_567e050@1|p_8230_62c3551@7|com.oplus.metis]
07-29 14:40:56.452  8230  9207 E metis_v2_JenaHandlerManager: local thread match [7f0000011753814414627262307094|p_7094_567e050@1|p_8230_62c3551@7|com.oplus.metis]
07-29 14:40:56.452  8230  9207 E metis_v2_JenaHandlerManager: local thread match [7f0000011753814414627262307094|p_7094_567e050@1|p_8230_62c3551@7|com.oplus.metis]
07-29 14:40:56.452  8230  9207 E metis_v2_JenaHandlerManager: local thread match [7f0000011753814414627262307094|p_7094_567e050@1|p_8230_62c3551@7|com.oplus.metis]
07-29 14:40:56.452  8230  9207 E metis_v2_JenaHandlerManager: local thread match [7f0000011753814414627262307094|p_7094_567e050@1|p_8230_62c3551@7|com.oplus.metis]
07-29 14:40:56.452  8230  9207 E metis_v2_JenaHandlerManager: local thread match [7f0000011753814414627262307094|p_7094_567e050@1|p_8230_62c3551@7|com.oplus.metis]
07-29 14:40:56.452  8230  9207 E metis_v2_JenaHandlerManager: local thread match [7f0000011753814414627262307094|p_7094_567e050@1|p_8230_62c3551@7|com.oplus.metis]
07-29 14:40:56.452  8230  9207 E metis_v2_JenaHandlerManager: local thread match [7f0000011753814414627262307094|p_7094_567e050@1|p_8230_62c3551@7|com.oplus.metis]
07-29 14:40:56.452  8230  9207 E metis_v2_JenaHandlerManager: local thread match [7f0000011753814414627262307094|p_7094_567e050@1|p_8230_62c3551@7|com.oplus.metis]
07-29 14:40:56.452  8230  9207 E metis_v2_JenaHandlerManager: local thread match [7f0000011753814414627262307094|p_7094_567e050@1|p_8230_62c3551@7|com.oplus.metis]
07-29 14:40:56.452  8230  9207 E metis_v2_JenaHandlerManager: local thread match [7f0000011753814414627262307094|p_7094_567e050@1|p_8230_62c3551@7|com.oplus.metis]
07-29 14:40:56.452  8230  9207 E metis_v2_JenaHandlerManager: local thread match [7f0000011753814414627262307094|p_7094_567e050@1|p_8230_62c3551@7|com.oplus.metis]
07-29 14:40:56.452  8230  9207 E metis_v2_JenaHandlerManager: local thread match [7f0000011753814414627262307094|p_7094_567e050@1|p_8230_62c3551@7|com.oplus.metis]
07-29 14:40:56.452  8230  9207 E metis_v2_JenaHandlerManager: local thread match [7f0000011753814414627262307094|p_7094_567e050@1|p_8230_62c3551@7|com.oplus.metis]
07-29 14:40:56.452  8230  9207 E metis_v2_JenaHandlerManager: local thread match [7f0000011753814414627262307094|p_7094_567e050@1|p_8230_62c3551@7|com.oplus.metis]
07-29 14:40:56.452  8230  9207 E metis_v2_JenaHandlerManager: local thread match [7f0000011753814414627262307094|p_7094_567e050@1|p_8230_62c3551@7|com.oplus.metis]
07-29 14:40:56.452  8230  9207 E metis_v2_JenaHandlerManager: local thread match [7f0000011753814414627262307094|p_7094_567e050@1|p_8230_62c3551@7|com.oplus.metis]
07-29 14:40:56.452  8230  9207 E metis_v2_JenaHandlerManager: local thread match [7f0000011753814414627262307094|p_7094_567e050@1|p_8230_62c3551@7|com.oplus.metis]
07-29 14:40:56.452  8230  9207 E metis_v2_JenaHandlerManager: local thread match [7f0000011753814414627262307094|p_7094_567e050@1|p_8230_62c3551@7|com.oplus.metis]
07-29 14:40:56.452  8230  9207 E metis_v2_JenaHandlerManager: local thread match [7f0000011753814414627262307094|p_7094_567e050@1|p_8230_62c3551@7|com.oplus.metis]
07-29 14:40:56.452  8230  9207 E metis_v2_JenaHandlerManager: local thread match [7f0000011753814414627262307094|p_7094_567e050@1|p_8230_62c3551@7|com.oplus.metis]
07-29 14:40:56.452  8230  9207 E metis_v2_JenaHandlerManager: local thread match [7f0000011753814414627262307094|p_7094_567e050@1|p_8230_62c3551@7|com.oplus.metis]
07-29 14:40:56.452  8230  9207 E metis_v2_JenaHandlerManager: local thread match [7f0000011753814414627262307094|p_7094_567e050@1|p_8230_62c3551@7|com.oplus.metis]
07-29 14:40:56.452  8230  9207 E metis_v2_JenaHandlerManager: local thread match [7f0000011753814414627262307094|p_7094_567e050@1|p_8230_62c3551@7|com.oplus.metis]
07-29 14:40:56.452  8230  9207 E metis_v2_JenaHandlerManager: local thread match [7f0000011753814414627262307094|p_7094_567e050@1|p_8230_62c3551@7|com.oplus.metis]
07-29 14:40:56.452  8230  9207 E metis_v2_JenaHandlerManager: local thread match [7f0000011753814414627262307094|p_7094_567e050@1|p_8230_62c3551@7|com.oplus.metis]
07-29 14:40:56.452  8230  9207 E metis_v2_JenaHandlerManager: local thread match [7f0000011753814414627262307094|p_7094_567e050@1|p_8230_62c3551@7|com.oplus.metis]
07-29 14:40:56.452  8230  9207 E metis_v2_JenaHandlerManager: local thread match [7f0000011753814414627262307094|p_7094_567e050@1|p_8230_62c3551@7|com.oplus.metis]
07-29 14:40:56.452  8230  9207 E metis_v2_JenaHandlerManager: local thread match [7f0000011753814414627262307094|p_7094_567e050@1|p_8230_62c3551@7|com.oplus.metis]
07-29 14:40:56.452  8230  9207 E metis_v2_JenaHandlerManager: local thread match [7f0000011753814414627262307094|p_7094_567e050@1|p_8230_62c3551@7|com.oplus.metis]
07-29 14:40:56.452  8230  9207 E metis_v2_JenaHandlerManager: local thread match [7f0000011753814414627262307094|p_7094_567e050@1|p_8230_62c3551@7|com.oplus.metis]
07-29 14:40:56.452  8230  9207 E metis_v2_JenaHandlerManager: local thread match [7f0000011753814414627262307094|p_7094_567e050@1|p_8230_62c3551@7|com.oplus.metis]
07-29 14:40:56.452  8230  9207 E metis_v2_JenaHandlerManager: local thread match [7f0000011753814414627262307094|p_7094_567e050@1|p_8230_62c3551@7|com.oplus.metis]
07-29 14:40:56.452  8230  9207 E metis_v2_JenaHandlerManager: local thread match [7f0000011753814414627262307094|p_7094_567e050@1|p_8230_62c3551@7|com.oplus.metis]
07-29 14:40:56.452  8230  9207 E metis_v2_JenaHandlerManager: local thread match [7f0000011753814414627262307094|p_7094_567e050@1|p_8230_62c3551@7|com.oplus.metis]
07-29 14:40:56.452  8230  9207 E metis_v2_JenaHandlerManager: local thread match [7f0000011753814414627262307094|p_7094_567e050@1|p_8230_62c3551@7|com.oplus.metis]
07-29 14:40:56.452  8230  9207 E metis_v2_JenaHandlerManager: local thread match [7f0000011753814414627262307094|p_7094_567e050@1|p_8230_62c3551@7|com.oplus.metis]
07-29 14:40:56.452  8230  9207 E metis_v2_JenaHandlerManager: local thread match [7f0000011753814414627262307094|p_7094_567e050@1|p_8230_62c3551@7|com.oplus.metis]
07-29 14:40:56.452  8230  9207 E metis_v2_JenaHandlerManager: local thread match [7f0000011753814414627262307094|p_7094_567e050@1|p_8230_62c3551@7|com.oplus.metis]
07-29 14:40:56.452  8230  9207 E metis_v2_JenaHandlerManager: local thread match [7f0000011753814414627262307094|p_7094_567e050@1|p_8230_62c3551@7|com.oplus.metis]
07-29 14:40:56.452  8230  9207 E metis_v2_JenaHandlerManager: local thread match [7f0000011753814414627262307094|p_7094_567e050@1|p_8230_62c3551@7|com.oplus.metis]
07-29 14:40:56.452  8230  9207 E metis_v2_JenaHandlerManager: local thread match [7f0000011753814414627262307094|p_7094_567e050@1|p_8230_62c3551@7|com.oplus.metis]
07-29 14:40:56.452  8230  9207 E metis_v2_JenaHandlerManager: local thread match [7f0000011753814414627262307094|p_7094_567e050@1|p_8230_62c3551@7|com.oplus.metis]
07-29 14:40:56.452  8230  9207 E metis_v2_JenaHandlerManager: local thread match [7f0000011753814414627262307094|p_7094_567e050@1|p_8230_62c3551@7|com.oplus.metis]
07-29 14:40:56.452  8230  9207 E metis_v2_JenaHandlerManager: local thread match [7f0000011753814414627262307094|p_7094_567e050@1|p_8230_62c3551@7|com.oplus.metis]
07-29 14:40:56.452  8230  9207 E metis_v2_JenaHandlerManager: local thread match [7f0000011753814414627262307094|p_7094_567e050@1|p_8230_62c3551@7|com.oplus.metis]
07-29 14:40:56.452  8230  9207 E metis_v2_JenaHandlerManager: local thread match [7f0000011753814414627262307094|p_7094_567e050@1|p_8230_62c3551@7|com.oplus.metis]
07-29 14:40:56.452  8230  9207 E metis_v2_JenaHandlerManager: local thread match [7f0000011753814414627262307094|p_7094_567e050@1|p_8230_62c3551@7|com.oplus.metis]
07-29 14:40:56.452  8230  9207 E metis_v2_JenaHandlerManager: local thread match [7f0000011753814414627262307094|p_7094_567e050@1|p_8230_62c3551@7|com.oplus.metis]
07-29 14:40:56.452  8230  9207 E metis_v2_JenaHandlerManager: local thread match [7f0000011753814414627262307094|p_7094_567e050@1|p_8230_62c3551@7|com.oplus.metis]
07-29 14:40:56.452  8230  9207 E metis_v2_JenaHandlerManager: local thread match [7f0000011753814414627262307094|p_7094_567e050@1|p_8230_62c3551@7|com.oplus.metis]
07-29 14:40:56.452  8230  9207 E metis_v2_JenaHandlerManager: local thread match [7f0000011753814414627262307094|p_7094_567e050@1|p_8230_62c3551@7|com.oplus.metis]
07-29 14:40:56.452  8230  9207 E metis_v2_JenaHandlerManager: local thread match [7f0000011753814414627262307094|p_7094_567e050@1|p_8230_62c3551@7|com.oplus.metis]
07-29 14:40:56.452  8230  9207 E metis_v2_JenaHandlerManager: local thread match [7f0000011753814414627262307094|p_7094_567e050@1|p_8230_62c3551@7|com.oplus.metis]
07-29 14:40:56.452  8230  9207 E metis_v2_JenaHandlerManager: local thread match [7f0000011753814414627262307094|p_7094_567e050@1|p_8230_62c3551@7|com.oplus.metis]
07-29 14:40:56.452  8230  9207 E metis_v2_JenaHandlerManager: local thread match [7f0000011753814414627262307094|p_7094_567e050@1|p_8230_62c3551@7|com.oplus.metis]
07-29 14:40:56.452  8230  9207 E metis_v2_JenaHandlerManager: local thread match [7f0000011753814414627262307094|p_7094_567e050@1|p_8230_62c3551@7|com.oplus.metis]
07-29 14:40:56.452  8230  9207 E metis_v2_JenaHandlerManager: local thread match [7f0000011753814414627262307094|p_7094_567e050@1|p_8230_62c3551@7|com.oplus.metis]
07-29 14:40:56.452  8230  9207 E metis_v2_JenaHandlerManager: local thread match [7f0000011753814414627262307094|p_7094_567e050@1|p_8230_62c3551@7|com.oplus.metis]
07-29 14:40:56.452  8230  9207 E metis_v2_JenaHandlerManager: local thread match [7f0000011753814414627262307094|p_7094_567e050@1|p_8230_62c3551@7|com.oplus.metis]
07-29 14:40:56.452  8230  9203 I ContextAware_SortAlgorithmManager.SceneCombinationProcessor: firstLaunch = false , app Feature = indexOS15
07-29 14:40:56.452  8230  9207 E metis_v2_JenaHandlerManager: local thread match [7f0000011753814414627262307094|p_7094_567e050@1|p_8230_62c3551@7|com.oplus.metis]
07-29 14:40:56.452  8230  9207 E metis_v2_JenaHandlerManager: local thread match [7f0000011753814414627262307094|p_7094_567e050@1|p_8230_62c3551@7|com.oplus.metis]
07-29 14:40:56.452  8230  9207 E metis_v2_JenaHandlerManager: local thread match [7f0000011753814414627262307094|p_7094_567e050@1|p_8230_62c3551@7|com.oplus.metis]
07-29 14:40:56.452  8230  8250 I ContextAware_DecisionIntentProvider: processBundle = Bundle[{assistant_data=[]}]
07-29 14:40:56.452  8230  9203 W ContextAware_SortAlgorithmManager.SceneCombinationProcessor: permanentScene size Less than 2
07-29 14:40:56.452  8230  9207 E metis_v2_JenaHandlerManager: local thread match [7f0000011753814414627262307094|p_7094_567e050@1|p_8230_62c3551@7|com.oplus.metis]
07-29 14:40:56.452  8230  9207 E metis_v2_JenaHandlerManager: local thread match [7f0000011753814414627262307094|p_7094_567e050@1|p_8230_62c3551@7|com.oplus.metis]
07-29 14:40:56.453  6866 10364 I AstScreen.NetDataRepository: jsonIntent:[]
07-29 14:40:56.463  5314  5616 W [0]DCS  : Common Record event failed. DCS reject event: [appId=107501,logTag=10750101,eventId=metis_scene] . Pls check server config.
07-29 14:40:56.539  2188  3391 D VRR [OTI]: handleIdle from 0 to 1
07-29 14:40:56.539  2188  3391 D VRR [OTI-HW]: isStateReady 1
07-29 14:40:56.539  2188  3391 D VRR [RefreshRateDirector]: requestRefreshRateByOti update [ oti-hw, {fps=60, modePtr={id=5, vsyncRate=60.00 Hz, peakRefreshRate=60.00 Hz}} ]
07-29 14:40:56.539  2188  3391 D VRR [RefreshRateDirector]: selectBestFrameRate DirectorMapOti [oti-hw, {fps=60, modePtr={id=5, vsyncRate=60.00 Hz, peakRefreshRate=60.00 Hz}}]
07-29 14:40:56.539  2188  3391 D VRR [RefreshRateDirector]: updateBestFrameRate [oti-hw, {fps=60, modePtr={id=5, vsyncRate=60.00 Hz, peakRefreshRate=60.00 Hz}}]
07-29 14:40:56.539  2188  3391 D SurfaceFlinger: VRR [SurfaceFlinger] setDesiredActiveMode: displayId: 4630946756802996883, renderRate: 60, vsyncRate: 60, event: 1
07-29 14:40:56.539  2188  3391 D DisplayModeController: setDesiredMode 4630946756802996883 {mode={fps=60.00 Hz, modePtr={id=5, vsyncRate=60.00 Hz, peakRefreshRate=60.00 Hz}}, emitEvent=true, force=false}
07-29 14:40:56.540  2188  2188 I DisplayModeController: hwc begin mode change to 16666666
07-29 14:40:56.540  2188  2188 I HWC2    : [0] setActiveConfigWithConstraints[5]
07-29 14:40:56.541  1942  3359 W SDM     : HWDeviceDRM::GetSupportedBitClkRate: Requested rate not supported: 1363200000
07-29 14:40:56.541  1942  3359 I SDM     : HWDeviceDRM::UpdateMixerAttributes: Mixer WxH 1440x3168-1 for Peripheral
07-29 14:40:56.541  1942  3359 I CwbService: CwbService::notifyConfigChange: display:0, config:5 size:4, sec.size():0
07-29 14:40:56.541  1942  3359 I CwbService: CwbService::notifyConfigChange: display: 0, config = 1
07-29 14:40:56.541  1942  3305 I CasManager: Fps changed from 120 to 60
07-29 14:40:56.541  1942  3305 I CasManager: Fps changed, not change bin, so trigger gain
07-29 14:40:56.541  1942  3305 W SDM     : DemuraIntfImpl::ProcessOemPluginGain: Thermal intf_ is nullptr 0, default to 25 degree
07-29 14:40:56.541  1942  3305 I SDM     : CasQcPlugIn::ProcessPerCompGainOppo: input params, mode:PWM, fps:60, dbv:1434
07-29 14:40:56.541  1942  3305 I SDM     : CasQcPlugIn::ProcessPerCompGainOppo: normalized bright_adj:1024, dbv:1434, bin_dbv:1083, 
07-29 14:40:56.541  1942  3305 I SDM     : CasQcPlugIn::ProcessPerCompGainOppo: gains print start =====================
07-29 14:40:56.541  1942  3305 I SDM     : CasQcPlugIn::ProcessPerCompGainOppo: gain --------------------------------
07-29 14:40:56.541  1942  3305 I SDM     : CasQcPlugIn::ProcessPerCompGainOppo: old: 0 0 0 57 90 322 1201 3072
07-29 14:40:56.541  1942  3305 I SDM     : CasQcPlugIn::ProcessPerCompGainOppo: new: 0 0 0 32 77 276 1031 3072
07-29 14:40:56.541  1942  3305 I SDM     : CasQcPlugIn::ProcessPerCompGainOppo: gain --------------------------------
07-29 14:40:56.541  1942  3305 I SDM     : CasQcPlugIn::ProcessPerCompGainOppo: old: 0 0 0 64 125 373 1336 3072
07-29 14:40:56.541  1942  3305 I SDM     : CasQcPlugIn::ProcessPerCompGainOppo: new: 0 0 0 36 98 373 1336 3072
07-29 14:40:56.541  1942  3305 I SDM     : CasQcPlugIn::ProcessPerCompGainOppo: gain --------------------------------
07-29 14:40:56.541  1942  3305 I SDM     : CasQcPlugIn::ProcessPerCompGainOppo: old: 0 0 0 42 83 323 1222 3072
07-29 14:40:56.541  1942  3305 I SDM     : CasQcPlugIn::ProcessPerCompGainOppo: new: 0 0 0 23 83 323 1222 3072
07-29 14:40:56.541  1942  3305 I SDM     : CasQcPlugIn::ProcessPerCompGainOppo: gains print end =======================
07-29 14:40:56.548  1942  3305 I SDM     : DemuraIntfImpl::StageAllData: Staged all data to Demura Driver!
07-29 14:40:56.548  1942  3305 I SDM     : HWPeripheralDRM::SetPanelFeature: Set Panel feature property 19
07-29 14:40:56.548  1942  3305 I SDM     : HWPeripheralDRM::SetPanelFeature: Set Panel feature property 7
07-29 14:40:56.548  1942  3305 I SDM     : DisplayBuiltIn::TriggerDemuraOemPlugIn: Trigger demura oem plugin success
07-29 14:40:56.549  1942  2244 I SDM     : DRMPanelFeatureMgr::ApplyDirtyFeature: Commited panel feature [enabled]: 20-272
07-29 14:40:56.549  1942  2244 I SDM     : DRMPanelFeatureMgr::ApplyDirtyFeature: Commited panel feature [enabled]: 8-271
07-29 14:40:56.569  2188  2188 D VRR-[OPlusRefreshRateSelector]: setCurrentModeId 5 type SM
07-29 14:40:56.569  2188  3391 D VRR [OTI-HW]: isStateReady 1
07-29 14:40:56.569  2188  3391 D VRR [OTI-HW]: keep rate.
07-29 14:40:56.569  3459  3734 I DisplayDeviceRepository: Display device changed render timings: "Built-in Screen", renderFrameRate=60.000004, presentationDeadlineNanos=16666666, appVsyncOffsetNanos=1000000
07-29 14:40:56.569  3459  3734 D LogicalDisplayExt: set displayInfo flag FLAG_ROTATES_WITH_CONTENT
07-29 14:40:56.570  3459  3734 D DisplayManagerServiceExtImpl: scheduleTraversalLocked intraversal=false
07-29 14:40:56.570  3459  3734 I DisplayManagerServiceExtImpl: handle logical display changed logicalDisplay=id=0,stack=0,content=true,displayInfo{stack=0,type=1,id=0,uId=local:4630946756802996883,state=ON,pkg=null}
07-29 14:40:56.571  3459  3734 D DisplayManagerService: Delivering display event: displayId=0, event=CHANGED
07-29 14:40:56.571  3459  3818 D BrightnessThermalClamper: Thermal status observer already started
07-29 14:40:56.571  3459  3818 D BrightnessPowerClamper: Power throttling data is missing for configuration data.
07-29 14:40:56.571  3459  3459 E OplusGestureAnimationManagerPolicy: mScreenHeight:2376 mScreenWidth:1080 mRotation:0
07-29 14:40:56.573  3459  3732 D OplusVFXScreenEffectFeature: notifySFCompatWindowStateChange entered false
07-29 14:40:56.573  2176  4592 D AudioFlingerExtImpl: AudioFlingerExtImpl oplusSetParameters: keyvalue screen_state=on
07-29 14:40:56.573  3459  3734 D DisplayManagerService: MSG_REQUEST_TRAVERSAL pendingCompleted=false
07-29 14:40:56.573  2188  2500 D [PREVIEW]: SF obtain preview_adapter: 0
07-29 14:40:56.573  2188  2500 D [PREVIEW]: TabletPreviewAdapter::parallel world 0
07-29 14:40:56.574  3459  3732 D FSS_FoldScreenBlackCoverController: displayChangeToOn, dc:Display{#0 state=ON size=1080x2376 ROTATION_0}
07-29 14:40:56.574  4714  4714 D CastManagerService: onDisplayChanged.
07-29 14:40:56.575  2176  4592 D DeviceHalAidl: 0xb40000703847c200 DeviceHalAidl::setParameters
07-29 14:40:56.575  3459  3732 D DisplayManagerService: performTraversalInternal pendingTraversal
07-29 14:40:56.575  3459  3732 D DisplayDevice: setLayerStackLocked id=local:4630946756802996883 token=android.os.BinderProxy@1683e77 stack=0->0
07-29 14:40:56.575  4894  4894 I SystemUi--Statusbar: DisplayRepository-->combining enabled=[0], connectedExternalDisplayIds=[], ignored=[]
07-29 14:40:56.575  2176  4592 D DeviceHalAidl: setParameters: parameters: "screen_state=on"
07-29 14:40:56.575  1896  1896 I PAL: ResourceManager: setParameter: 11480: Screen State:1
07-29 14:40:56.575  2176  4592 D DeviceHalAidl: 0xb40000703847c800 DeviceHalAidl::setParameters
07-29 14:40:56.575  2176  4592 D DeviceHalAidl: setParameters: parameters: "screen_state=on"
07-29 14:40:56.575  1896  1896 D AHAL_Module: updateScreenState: usb: 1
07-29 14:40:56.575  2176  4592 D DeviceHalAidl: 0xb40000703847ce00 DeviceHalAidl::setParameters
07-29 14:40:56.575  2176  4592 D DeviceHalAidl: setParameters: parameters: "screen_state=on"
07-29 14:40:56.575  1896  1896 D AHAL_Module: updateScreenState: r_submix: 1
07-29 14:40:56.575  2176  4592 D DeviceHalAidl: 0xb40000703847d400 DeviceHalAidl::setParameters
07-29 14:40:56.575  2176  4592 D DeviceHalAidl: setParameters: parameters: "screen_state=on"
07-29 14:40:56.575  1896  1896 D AHAL_Module: updateScreenState: bluetooth: 1
07-29 14:40:56.575  2176  4592 D DeviceHalAidl: 0xb40000703847da00 DeviceHalAidl::setParameters
07-29 14:40:56.575  2176  4592 D DeviceHalAidl: setParameters: parameters: "screen_state=on"
07-29 14:40:56.575  1896  1925 D AHAL_Module: updateScreenState: bluetooth: 1
07-29 14:40:56.575  2176  4592 D DeviceHalAidl: 0xb40000703847e000 DeviceHalAidl::setParameters
07-29 14:40:56.575  2176  4592 D DeviceHalAidl: setParameters: parameters: "screen_state=on"
07-29 14:40:56.575  1896  1925 D AHAL_Module: updateScreenState: stub: 1
07-29 14:40:56.576  6664  6714 E oiface  : sched_setaffinity failed
07-29 14:40:56.576  2053  2129 I gameoptHal: targetfps updated 6 -- 60
07-29 14:40:56.601  5074  6256 D SaDataService: onTelephonyEventReport , subId= 0,slotId=-1 eventId=2009
07-29 14:40:56.601  5259  5304 D VendorTelephonyService: onTelephonyEventReport slotId =0 eventId=2009
07-29 14:40:56.601  5259  5304 D VendorTelephonyService: onTelephonyEventReport slotId =0 eventId=2009
07-29 14:40:56.601  5259  5259 D VendorCallService: notityEventUpdate, eventId:2009, slotId = 0
07-29 14:40:56.601  5074  6256 D TelephonyImpl: notify eventId:2009 for list size:2
07-29 14:40:56.601  5259  5304 D VendorTelephonyService: onTelephonyEventReport slotId =1 eventId=2009
07-29 14:40:56.601  5259  5304 D VendorTelephonyService: onTelephonyEventReport slotId =1 eventId=2009
07-29 14:40:56.601  5259  5259 D VendorCallService: notityEventUpdate, eventId:2009, slotId = 1
07-29 14:40:56.601  5074  6256 D SaDataService: onTelephonyEventReport , subId= 1,slotId=0 eventId=2009
07-29 14:40:56.601  5074  6256 D TelephonyImpl: notify eventId:2009 for list size:2
07-29 14:40:56.619  3459  3841 D VRR [OPlusRefreshRateService]: handleConfigIdChange physicalDisplayId: 4630946756802996883 configId: 5 renderPeriod: 16666666
07-29 14:40:56.620  3459  3841 D VRR [OPlusSAManager]: updateModeChange old modeId [ 4 ] -> new modeId [ 5 ] mCurPolicy: 1
07-29 14:40:56.620  3459  3841 D VRR [OPlusSAManager]: updateSAScene active modeId: 5
07-29 14:40:56.620  3459  3841 D VRR [OPlusSAManager]: updateSAScene current policy: 1 active modeId: 5 scene: VRR_60
07-29 14:40:56.620  3459  3841 D VRR [OPlusOAManager]: Not OA business! new modeId: [5] active modeId: [4]
07-29 14:40:56.620  3459  3841 D VRR [OPlusGameStatusManager]: updateGameState mOSyncFeatureSwitch: false mIsGamePolicy: false
07-29 14:40:56.620  3459  3841 D VRR [OPlusGameStatusManager]: setLTMStatus false curPkgName: com.android.launcher curr status: false HeartStop: false HeartStopFromTGPA: false ActiveFPS: 60.000004
07-29 14:40:56.620  3459  3841 D VRR [OPlusGameStatusManager]: updateGameAccelerationStatus pkgName: com.android.launcher mOSyncFeatureSwitch: false mIsGamePolicy: false mHeartStop: false mHasFlickerRisk: false mForceAcceleration: false mToastReady: false enable: false
07-29 14:40:56.620  3459  3841 D VRR [OPlusGameStatusManager]: updateToastStatus enableAcceleration: false toastReady: false isGamePolicy: false desiredModeId: 5
07-29 14:40:56.620  3459  3841 D VRR [OPlusGameStatusManager]: updateToastStatus enableAcceleration: false toastReady: false isGamePolicy: false desiredModeId: 5
07-29 14:40:56.620  3459  3841 D VRR [OPlusExternalRefreshRateManager]:  updateRenderPeriodChange configId:5 current refresh rate:60.000004
07-29 14:40:56.650  2038  2038 D SensorFeature: name=ssc_screenshot_info ,index = 22
07-29 14:40:56.650  2038  2038 D SensorFeature: write 29 bytes:60270592163,60320768048,166,0
07-29 14:40:56.666  1942  2244 I SDM     : DisplayBase::CommitThread: Received idle timeout, panel: cmd, timeout: 70000 us
07-29 14:40:56.670  3459  3841 D VRR [OPlusSAManager]: setSAConfig scene: VRR_60 modeId: 5 auto: false fakeFrame: false
07-29 14:40:56.670  3459  3841 D VRR [OPlusSAManager]: updateAutoMinfps with nits: 110.92722, mHistOK true, mAmbientOK true, mCctOK true, mIrOK true, mBrightnessOK true, isPkgOK true, SA min fps: 119
07-29 14:40:56.670  3459  3841 D VRR [OPlusSurfaceFlingerController]: setAutoMode enable: false fakeFrame: false fps: 119
07-29 14:40:56.670  2188  2500 I VRR-[OPlusAdfrUtil]: ADFR try set Auto mode with mode 0 fakeframe 0 min fps 119
07-29 14:40:56.670  2188  2500 D VRR-[OPlusRefreshRateSelector]: OSyncModes add size is 1.
07-29 14:40:56.670  2188  2500 I VRR-[OPlusRefreshRateSelector]: updateAutoMode success, display 0, mode 0, fakeframe 0, min fps: 1
07-29 14:40:56.671  2188  3363 D VRR-[OPlusRefreshRateSelector]: handleSetHWCOSync
07-29 14:40:56.671  2188  3363 D VRR-[OPlusRefreshRateSelector]: OSyncModes remaining size is 0.
07-29 14:40:56.671  2188  3363 D VRR-[OPlusRefreshRateSelector]: SetHWCOSync with 5CC08081
07-29 14:40:56.671  1942  3359 I SDM     : DisplayBuiltIn::SetQSyncMode: VRR + update qsync mode 0 minfps 00C08081
07-29 14:40:56.679  1942  2244 E SDM     : DRMConnector::Perform: Connector 67: Setting Qsync min fps 12615809
07-29 14:40:56.733  3459  4681 V SettingsProvider: deleteSystemSetting(OPLUS_SLA_LAST_MCC, 0)
07-29 14:40:56.733  3459  4681 D SettingsProvider: delete system settings OPLUS_****_MCC pkg is  android user id is 0
07-29 14:40:56.734  3459  4681 W OplusSlaManager: updateMCC curMCC from macc_change!
07-29 14:40:56.737  3459  4681 W OplusSlaApps: sendWhiteListAppUid no enabled app found...
07-29 14:40:56.737  3459  4681 W OplusSlaApps: sendGameAppUid no game app found!!
07-29 14:40:56.744  5074  5944 E CellularEvent: nri null ps
07-29 14:40:56.744  5074  5944 E CellularEvent: invalid nri
07-29 14:40:56.746  4954  5618 D AutoDualCardRoamingDemand: judgeToShowDialog return for sim count != 2
07-29 14:40:56.750  1942  2244 I SDM     : DisplayBase::CommitThread: Received idle timeout, panel: cmd, timeout: 69999 us
07-29 14:40:56.951  2038  2038 D SensorFeature: name=ssc_screenshot_info ,index = 22
07-29 14:40:56.951  2038  2038 D SensorFeature: write 29 bytes:60270592163,60622018100,167,0
07-29 14:40:57.050  3459  3747 W UserAwareMgr: event can not be released, id: 3020, count: 2, releasePid: 4894
07-29 14:40:57.131  2049  2113 D BatteryChargeControl: bcc get no support from charging protocol
07-29 14:40:57.132  1880  4474 I sensors-hal: handle_oplus_wise_rgb_event:189, high_pwm_light:lux 279.8,cct 3637.6,brl/algo/ir 1434.0/2.0/17.5,pwm/dc 0.0/0.0,rgbc 21619.281250/13604.416992/6266.085449/40045.257812,ts 60589870203,cnt 860,flag 167
07-29 14:40:57.133  1942  4465 I Dpps    : LtmSwState::SetParameter():144 ignore cmd 7 in state LtmOffState
07-29 14:40:57.171  3459  3841 D VRR [OPlusSAManager]: updateAutoMinfps with nits: 110.92722, mHistOK true, mAmbientOK true, mCctOK true, mIrOK true, mBrightnessOK true, isPkgOK true, SA min fps: 119
07-29 14:40:57.171  3459  3841 D VRR [OPlusSurfaceFlingerController]: setAutoMode enable: false fakeFrame: false fps: 119
07-29 14:40:57.172  2188  2509 I VRR-[OPlusAdfrUtil]: ADFR try set Auto mode with mode 0 fakeframe 0 min fps 119
07-29 14:40:57.172  2188  2509 D VRR-[OPlusRefreshRateSelector]: OSyncModes add size is 1.
07-29 14:40:57.172  2188  2509 I VRR-[OPlusRefreshRateSelector]: updateAutoMode success, display 0, mode 0, fakeframe 0, min fps: 1
07-29 14:40:57.172  2188  3363 D VRR-[OPlusRefreshRateSelector]: handleSetHWCOSync
07-29 14:40:57.172  2188  3363 D VRR-[OPlusRefreshRateSelector]: OSyncModes remaining size is 0.
07-29 14:40:57.172  2188  3363 D VRR-[OPlusRefreshRateSelector]: SetHWCOSync with 5CC08081
07-29 14:40:57.172  1942  1942 I SDM     : DisplayBuiltIn::SetQSyncMode: VRR + update qsync mode 0 minfps 00C08081
07-29 14:40:57.180  1942  2244 E SDM     : DRMConnector::Perform: Connector 67: Setting Qsync min fps 12615809
07-29 14:40:57.251  1942  2244 I SDM     : DisplayBase::CommitThread: Received idle timeout, panel: cmd, timeout: 70000 us
07-29 14:40:57.253  2038  2038 D SensorFeature: name=ssc_screenshot_info ,index = 22
07-29 14:40:57.253  2038  2038 D SensorFeature: write 29 bytes:60270592163,60923922007,168,0
07-29 14:40:57.317  3259  3259 E OplusTouchDaemon: ts_run_service: shellback temperature updated 36 (36467)
07-29 14:40:57.404  1942  4465 I Dpps    : LtmSwState::SetParameter():144 ignore cmd 7 in state LtmOffState
07-29 14:40:57.455  8230 12128 W LOG_FLOWCTRL: ==LOGS OVER PROC QUOTA(300), rows(25) bytes(3721) com.oplus.metis DROPPED==
07-29 14:40:57.455  8230 12128 I LogCacheHelper: cache log scheduled task [base|com.oplus.metis|1.5.5-f48228a]
07-29 14:40:57.455  8230 12128 E metis_v2_JenaHandlerManager_cache: 2025-07-29 14:40:56.453000		9207		local thread match
07-29 14:40:57.455  8230 12128 E metis_v2_JenaHandlerManager_cache: 2025-07-29 14:40:56.453000		9207		local thread match
07-29 14:40:57.455  8230 12128 E metis_v2_JenaHandlerManager_cache: 2025-07-29 14:40:56.453000		9207		local thread match
07-29 14:40:57.455  8230 12128 E metis_v2_JenaHandlerManager_cache: 2025-07-29 14:40:56.453000		9207		local thread match
07-29 14:40:57.455  8230 12128 E metis_v2_JenaHandlerManager_cache: 2025-07-29 14:40:56.453000		9207		local thread match
07-29 14:40:57.455  8230 12128 E metis_v2_JenaHandlerManager_cache: 2025-07-29 14:40:56.453000		9207		local thread match
07-29 14:40:57.455  8230 12128 E metis_v2_JenaHandlerManager_cache: 2025-07-29 14:40:56.453000		9207		local thread match
07-29 14:40:57.455  8230 12128 E metis_v2_JenaHandlerManager_cache: 2025-07-29 14:40:56.453000		9207		local thread match
07-29 14:40:57.455  8230 12128 E metis_v2_JenaHandlerManager_cache: 2025-07-29 14:40:56.453000		9207		local thread match
07-29 14:40:57.455  8230 12128 E metis_v2_JenaHandlerManager_cache: 2025-07-29 14:40:56.453000		9207		local thread match
07-29 14:40:57.455  8230 12128 E metis_v2_JenaHandlerManager_cache: 2025-07-29 14:40:56.453000		9207		local thread match
07-29 14:40:57.455  8230 12128 E metis_v2_JenaHandlerManager_cache: 2025-07-29 14:40:56.453000		9207		local thread match
07-29 14:40:57.455  8230 12128 E metis_v2_JenaHandlerManager_cache: 2025-07-29 14:40:56.453000		9207		local thread match
07-29 14:40:57.455  8230 12128 E metis_v2_JenaHandlerManager_cache: 2025-07-29 14:40:56.453000		9207		local thread match
07-29 14:40:57.455  8230 12128 E metis_v2_JenaHandlerManager_cache: 2025-07-29 14:40:56.453000		9207		local thread match
07-29 14:40:57.455  8230 12128 E metis_v2_JenaHandlerManager_cache: 2025-07-29 14:40:56.453000		9207		local thread match
07-29 14:40:57.455  8230 12128 W ContextAware_SortAlgorithmManager.SortCommonUtil_cache: 2025-07-29 14:40:56.453000		9203		panta-sugg-checkIfDropBySameIDPolicy, has repeat intent, save last intent:PantanalIntent(sceneId=220500200, intentId=14111005, policyName='SUBSTITUTE_SCENE', sceneInstanceId=null, intentSrc=0, finalScore=-1.0, subDomain='tips', action='pantanal.intent.system.VIEW_TIPS', defaultScore=2.0, sortable=true, paramsFromUserPolicy=ParamsFromUserPolicy(exposureArgs=[], exposureFunc=-1, clickArgs=[], clickFunc=-1, timeArgs=[], timeFunc=-1, delayExposureArgs=[], delayClickArgs=[]), cannotReduceRecommend=false, reduceReplaceKey=, isUnrecoverable=false, dropRepeatKey=, dropRepeatMode=-1, paramsFromService=content-length:2, isParamsSendToSeedling=false, forceRebuildSeedling=false, seedlingUiPolicy=0, paramsFromHabit=null, serviceList=[], serviceSelectPolicy=0, serviceSelectWeight={}, serviceId=, serviceIdFrom=null, recallScore=null, rankScore=-1.0, rerankScore=-1.0, requestId=null, userPolicyScore=-1.0, domain='system_settings', cloudExtInfo=null, operation=0, showCount=0, clickCount=0, exposureTime=0, dtExperimentParams=null, createTime=1753810057319, lastUpdateTime=1753814456449, expireTime=240, , originalUpdateTime=1753814456449, sortRelatedId=0, addRelatedId=0, decisionHistoryList=empty, businessData=null, cardOptions=null, instanceId=null, protectEnable=true, protectPolicy=ProtectPolicy(event=0, initialDuration=7, deltaDuration=3, startRatio=70, endRatio=10, stepRatio=20), addMinProb=0.4, probAdj=1.0, lastSortType=0, configVersion=202507161101, algorithmVersion=, recommendServiceList=[], removeTriggerValue=0.2, algorithmTimeRule=[], ruleRemoveByAlgorithm=false, containServiceId=false, dropRepeatType=0, dropRepeatScore=0, delayDismiss=0, attenuationType=-1, attenuationFunc=-1, shouldFocus=false, focusTimestamp=null, orderID=null, serviceTimeStamp=0, serviceInstanceId=null, showType=0,delayExposureTimestamp=0, delayClickTimestamp=0, isSupportMultiInstance=false, 
07-29 14:40:57.455  8230 12128 E metis_v2_JenaHandlerManager_cache: 2025-07-29 14:40:56.453000		9207		local thread match
07-29 14:40:57.455  8230 12128 E metis_v2_JenaHandlerManager_cache: 2025-07-29 14:40:56.453000		9207		local thread match
07-29 14:40:57.455  8230 12128 E metis_v2_JenaHandlerManager_cache: 2025-07-29 14:40:56.453000		9207		local thread match
07-29 14:40:57.455  8230 12128 E metis_v2_JenaHandlerManager_cache: 2025-07-29 14:40:56.453000		9207		local thread match
07-29 14:40:57.455  8230 12128 E metis_v2_JenaHandlerManager_cache: 2025-07-29 14:40:56.453000		9207		local thread match
07-29 14:40:57.455  8230 12128 E metis_v2_JenaHandlerManager_cache: 2025-07-29 14:40:56.453000		9207		local thread match
07-29 14:40:57.455  8230 12128 E metis_v2_JenaHandlerManager_cache: 2025-07-29 14:40:56.453000		9207		local thread match
07-29 14:40:57.455  8230 12128 E metis_v2_JenaHandlerManager_cache: 2025-07-29 14:40:56.453000		9207		local thread match
07-29 14:40:57.455  8230 12128 E metis_v2_JenaHandlerManager_cache: 2025-07-29 14:40:56.453000		9207		local thread match
07-29 14:40:57.455  8230 12128 E metis_v2_JenaHandlerManager_cache: 2025-07-29 14:40:56.453000		9207		local thread match
07-29 14:40:57.455  8230 12128 E metis_v2_JenaHandlerManager_cache: 2025-07-29 14:40:56.453000		9207		local thread match
07-29 14:40:57.455  8230 12128 E metis_v2_JenaHandlerManager_cache: 2025-07-29 14:40:56.453000		9207		local thread match
07-29 14:40:57.455  8230 12128 E metis_v2_JenaHandlerManager_cache: 2025-07-29 14:40:56.453000		9207		local thread match
07-29 14:40:57.455  8230 12128 E metis_v2_JenaHandlerManager_cache: 2025-07-29 14:40:56.453000		9207		local thread match
07-29 14:40:57.455  8230 12128 E metis_v2_JenaHandlerManager_cache: 2025-07-29 14:40:56.453000		9207		local thread match
07-29 14:40:57.455  8230 12128 E metis_v2_JenaHandlerManager_cache: 2025-07-29 14:40:56.453000		9207		local thread match
07-29 14:40:57.455  8230 12128 E metis_v2_JenaHandlerManager_cache: 2025-07-29 14:40:56.453000		9207		local thread match
07-29 14:40:57.455  8230 12128 I ContextAware_SortAlgorithmManager.SceneUtil_cache: 2025-07-29 14:40:56.453000		9203		SortAlgorithmManager.SceneCombinationProcessor current map is  sceneId 210000000 status 2 intentList size 1 isHome false IntentId: 13151001 policyName DYNAMIC_SUBSTITUTE isFocus false serviceId null type 0 deleteKeynull
07-29 14:40:57.455  8230 12128 I ContextAware_SortAlgorithmManager.SceneUtil_cache:  sceneId 220500200 status 1 intentList size 1 isHome false IntentId: 14111005 policyName SUBSTITUTE_SCENE isFocus false serviceId  type 0 deleteKeynull
07-29 14:40:57.455  8230 12128 I ContextAware_SortAlgorithmManager.SceneUtil_cache:  sceneId 240000000 status 2 intentList size 3 isHome false IntentId: 14111004 policyName CLEAN_UP_STORAGE_SUBSTITUTE isFocus false serviceId null type 0 deleteKeynull IntentId: 18111007 policyName CLEAN_UP_SUBSTITUTE isFocus false serviceId null type 0 deleteKeynull IntentId: 18111008 policyName CLEAN_UP_PLUS_SUBSTITUTE isFocus false serviceId null type 0 deleteKeynull
07-29 14:40:57.455  8230 12128 I ContextAware_SortAlgorithmManager.SceneCombinationProcessor_cache: 2025-07-29 14:40:56.453000		9203		Scene intent has changed
07-29 14:40:57.455  8230 12128 I ContextAware_SortAlgorithmManager.SceneUtil_cache: 2025-07-29 14:40:56.453000		9203		SortAlgorithmManager.SceneReorderProcessor sceneId 210000000 status 2 intentList size 1 isHome false IntentId: 13151001 policyName DYNAMIC_SUBSTITUTE isFocus false serviceId null type 0 deleteKeynull
07-29 14:40:57.455  8230 12128 I ContextAware_SortAlgorithmManager.SceneUtil_cache:  sceneId 220500200 status 1 intentList size 1 isHome false IntentId: 14111005 policyName SUBSTITUTE_SCENE isFocus false serviceId  type 0 deleteKeynull
07-29 14:40:57.455  8230 12128 I ContextAware_SortAlgorithmManager.SceneUtil_cache:  sceneId 240000000 status 2 intentList size 3 isHome false IntentId: 14111004 policyName CLEAN_UP_STORAGE_SUBSTITUTE isFocus false serviceId null type 0 deleteKeynull IntentId: 18111007 policyName CLEAN_UP_SUBSTITUTE isFocus false serviceId null type 0 deleteKeynull IntentId: 18111008 policyName CLEAN_UP_PLUS_SUBSTITUTE isFocus false serviceId null type 0 deleteKeynull
07-29 14:40:57.455  8230 12128 I ContextAware_DailyStatisticsRecorder_cache: 2025-07-29 14:40:56.454000		10299		Increase context change count: PROCESSOR_SCENE_COMBINATION_cnt, value: 1
07-29 14:40:57.455  8230 12128 I ContextAware_DailyStatisticsRecorder_cache: 2025-07-29 14:40:56.454000		10299		Increase context change count: PROCESSOR_SCENE_COMBINATION_ms, value: 3
07-29 14:40:57.455  8230 12128 W metis_v2_DeepThinkerLabelClient_cache: 2025-07-29 14:40:56.454000		9214		getUserProfileLabel null
07-29 14:40:57.455  8230 12128 I metis_v2_TimerTriggerManager_cache: 2025-07-29 14:40:56.455000		9207		panta-sugg-onTriggered, triggerType START, period = Day(secondsOfDay=50400000, durationMillis=7200000, allowExpired=false, weekType=null, setDate=null, ), timer[com.oplus.metis#UBIQUITOUS_SERVICE#meal#REMOVE_INTENT_AFTER_LANUCH_everyDayTriggered_{"allowExpired":false,"allowWhileIdle":false,"duration":7200000,"start":{"c":50400000}}] cache timer holder => TimerHolder(timer=RepeatCalendarTimer(period=Day(secondsOfDay=50400000, durationMillis=7200000, allowExpired=false, weekType=null, setDate=null, ), timeRange=InstantPeriod(startTimeMilli=946702800000, endTimeMilli=7258136400000), flex=0, exact=false, idle=false), trigger=TimerTrigger(triggerType=null, cacheResult=false, cacheResultVersion=0, infModelType=MASTER), customers=[TimerCustomer(firstName=com.oplus.metis#UBIQUITOUS_SERVICE#meal#REMOVE_INTENT_AFTER_LANUCH, lastName=1)])
07-29 14:40:57.455  8230 12128 W metis_v2_KnowledgeManager_cache: 2025-07-29 14:40:56.455000		9207		Fire: isEmergency is false  debugFireMode = false
07-29 14:40:57.455  8230 12128 W metis_v2_KnowledgeManager_cache: 2025-07-29 14:40:56.455000		9207		Fire: isGameMode or isRestrainFireMode is true,delay time:600000
07-29 14:40:57.455  8230 12128 I ContextAware_DailyStatisticsRecorder_cache: 2025-07-29 14:40:56.455000		9586		Increase context change count: timer_trigger_count, value: 1
07-29 14:40:57.455  8230 12128 I ContextAware_DailyStatisticsRecorder_cache: 2025-07-29 14:40:56.458000		9884		Increase context change count: PROCESSOR_SCENE_REORDER_cnt, value: 1
07-29 14:40:57.456  8230 12128 I ContextAware_SortAlgorithmManager.SceneUtil_cache: 2025-07-29 14:40:56.458000		9203		SortAlgorithmManager.SceneDeduplicationProcessor sceneId 210000000 status 2 intentList size 1 isHome false IntentId: 13151001 policyName DYNAMIC_SUBSTITUTE isFocus false serviceId null type 0 deleteKeynull
07-29 14:40:57.456  8230 12128 I ContextAware_SortAlgorithmManager.SceneUtil_cache:  sceneId 220500200 status 1 intentList size 1 isHome false IntentId: 14111005 policyName SUBSTITUTE_SCENE isFocus false serviceId  type 0 deleteKeynull
07-29 14:40:57.456  8230 12128 I ContextAware_SortAlgorithmManager.SceneUtil_cache:  sceneId 240000000 status 2 intentList size 3 isHome false IntentId: 14111004 policyName CLEAN_UP_STORAGE_SUBSTITUTE isFocus false serviceId null type 0 deleteKeynull IntentId: 18111007 policyName CLEAN_UP_SUBSTITUTE isFocus false serviceId null type 0 deleteKeynull IntentId: 18111008 policyName CLEAN_UP_PLUS_SUBSTITUTE isFocus false serviceId null type 0 deleteKeynull
07-29 14:40:57.456  8230 12128 I ContextAware_DailyStatisticsRecorder_cache: 2025-07-29 14:40:56.458000		9884		Increase context change count: PROCESSOR_SCENE_REORDER_ms, value: 4
07-29 14:40:57.456  8230 12128 I ContextAware_SortAlgorithmManager.DecisionAlgorithmManager_cache: 2025-07-29 14:40:56.458000		9203		getDecisionAlgorithm: dt_sort
07-29 14:40:57.456  8230 12128 I ContextAware_DailyStatisticsRecorder_cache: 2025-07-29 14:40:56.458000		9909		Increase context change count: PROCESSOR_SCENE_DEDUPLICATION_cnt, value: 1
07-29 14:40:57.456  8230 12128 I ContextAware_DailyStatisticsRecorder_cache: 2025-07-29 14:40:56.458000		9909		Increase context change count: PROCESSOR_SCENE_DEDUPLICATION_ms, value: 0
07-29 14:40:57.456  8230 12128 I ContextAware_SortAlgorithmManager.DtSort_cache: 2025-07-29 14:40:56.458000		10594		onDecisionAfterRerank, inner algorithm is: internal_dt_sort
07-29 14:40:57.456  8230 12128 I ContextAware_SortAlgorithmManager.DtIntentDataManager_cache: 2025-07-29 14:40:56.458000		10595		getDtIntentList: dtIntents = []
07-29 14:40:57.456  8230 12128 E ContextAware_SortAlgorithmManager.DtInternalSortImpl_cache: 2025-07-29 14:40:56.458000		10595		targetDtList is invalid
07-29 14:40:57.456  8230 12128 I ContextAware_SortAlgorithmManager.SceneIntentReorderProcessor_cache: 2025-07-29 14:40:56.459000		9203		ruleReordering onDecisionAfterRerank, mIntentList:size: 5 13151001 14111005 14111004 18111007 18111008
07-29 14:40:57.456  8230 12128 W ContextAware_IntentSwitchManager_cache: 2025-07-29 14:40:56.459000		9203		subSwitchMap don't contain application_suggestions, set the switch to true as default
07-29 14:40:57.456  8230 12128 I ContextAware_IntentSwitchManager_cache: 2025-07-29 14:40:56.459000		9203		getSubSwitchStatus = {application_suggestions=true}
07-29 14:40:57.456  8230 12128 I ContextAware_SortAlgorithmManager.ReorderProcessor.RuleReRanker_cache: 2025-07-29 14:40:56.459000		9203		sceneIntentRerank sceneFinalScoreMap:{scene rerank, use defaultScore, finalScore:13151001DYNAMIC_SUBSTITUTE=3.12}
07-29 14:40:57.456  8230 12128 I metis_v2_BreenoSwitchSettingObserver_cache: 2025-07-29 14:40:56.459000		9203		panta-sugg-getMasterSwitchStatus from cache:true
07-29 14:40:57.456  8230 12128 I ContextAware_IntentSwitchManager_cache: 2025-07-29 14:40:56.459000		9203		getSubSwitchStatus = {tips=true}
07-29 14:40:57.456  8230 12128 I ContextAware_IntentSwitchManager_cache: 2025-07-29 14:40:56.459000		9203		isExistInSceneInfoActionList pantanalIntentAction = pantanal.intent.system.VIEW_TIPS
07-29 14:40:57.456  8230 12128 I metis_v2_BreenoSwitchSettingObserver_cache: 2025-07-29 14:40:56.459000		9203		panta-sugg-getMasterSwitchStatus from cache:true
07-29 14:40:57.456  8230 12128 I ContextAware_SortAlgorithmManager.ReorderProcessor.RuleReRanker_cache: 2025-07-29 14:40:56.459000		9203		sceneIntentRerank sceneFinalScoreMap:{scene rerank, use defaultScore, finalScore:14111005SUBSTITUTE_SCENE=2.0}
07-29 14:40:57.456  8230 12128 I ContextAware_IntentSwitchManager_cache: 2025-07-29 14:40:56.459000		9203		getSubSwitchStatus = {clear_memory=true}
07-29 14:40:57.456  8230 12128 I ContextAware_IntentSwitchManager_cache: 2025-07-29 14:40:56.459000		9203		isExistInSceneInfoActionList pantanalIntentAction = pantanal.intent.system.CLEAN_UP_STORAGE
07-29 14:40:57.456  8230 12128 I metis_v2_BreenoSwitchSettingObserver_cache: 2025-07-29 14:40:56.459000		9203		panta-sugg-getMasterSwitchStatus from cache:true
07-29 14:40:57.456  8230 12128 I ContextAware_IntentSwitchManager_cache: 2025-07-29 14:40:56.459000		9203		isExistInSceneInfoActionList pantanalIntentAction = pantanal.intent.audio.SUBSTITUTE_RAM_CLEAN_UP
07-29 14:40:57.456  8230 12128 I metis_v2_BreenoSwitchSettingObserver_cache: 2025-07-29 14:40:56.459000		9203		panta-sugg-getMasterSwitchStatus from cache:true
07-29 14:40:57.456  8230 12128 I ContextAware_IntentSwitchManager_cache: 2025-07-29 14:40:56.459000		9203		isExistInSceneInfoActionList pantanalIntentAction = pantanal.intent.audio.SUBSTITUTE_RAM_CLEAN_UP_PLUS
07-29 14:40:57.456  8230 12128 I metis_v2_BreenoSwitchSettingObserver_cache: 2025-07-29 14:40:56.460000		9203		panta-sugg-getMasterSwitchStatus from cache:true
07-29 14:40:57.456  8230 12128 I ContextAware_SortAlgorithmManager.ReorderProcessor.RuleReRanker_cache: 2025-07-29 14:40:56.460000		9203		sceneIntentRerank sceneFinalScoreMap:{scene rerank, use defaultScore, finalScore:14111004CLEAN_UP_STORAGE_SUBSTITUTE=4.06, scene rerank, use defaultScore, finalScore:18111007CLEAN_UP_SUBSTITUTE=4.05, scene rerank, use defaultScore, finalScore:18111008CLEAN_UP_PLUS_SUBSTITUTE=4.02}
07-29 14:40:57.456  8230 12128 I ContextAware_SortAlgorithmManager.SceneIntentReorderProcessor_cache: 2025-07-29 14:40:56.460000		9203		IntentReorder: scene[210000000]rank mIntentList: size: 1 13151001
07-29 14:40:57.456  8230 12128 I ContextAware_SortAlgorithmManager.SceneIntentReorderProcessor_cache: scene[220500200]rank mIntentList: size: 1 14111005
07-29 14:40:57.456  8230 12128 I ContextAware_SortAlgorithmManager.SceneIntentReorderProcessor_cache: scene[240000000]rank mIntentList: size: 3 14111004 18111007 18111008
07-29 14:40:57.456  8230 12128 W ContextAware_SortAlgorithmManager.SceneUtil_cache: 2025-07-29 14:40:56.460000		9203		Drop invalid scene: 220500200
07-29 14:40:57.456  8230 12128 I ContextAware_DailyStatisticsRecorder_cache: 2025-07-29 14:40:56.460000		10299		Increase context change count: PROCESSOR_SCENE_INTENT_REORDER_cnt, value: 1
07-29 14:40:57.456  8230 12128 I ContextAware_DailyStatisticsRecorder_cache: 2025-07-29 14:40:56.460000		10299		Increase context change count: PROCESSOR_SCENE_INTENT_REORDER_ms, value: 2
07-29 14:40:57.456  8230 12128 I ContextAware_SortAlgorithmManager.SceneFocusProcessor_cache: 2025-07-29 14:40:56.460000		9203		scene 210000000 not change or has focus scene or current scene is L3
07-29 14:40:57.456  8230 12128 I ContextAware_SortAlgorithmManager.SceneFocusProcessor_cache: 2025-07-29 14:40:56.460000		9203		scene 240000000 not change or has focus scene or current scene is L3
07-29 14:40:57.457  8230 12128 I ContextAware_DailyStatisticsRecorder_cache: 2025-07-29 14:40:56.460000		9586		Increase context change count: PROCESSOR_SCENE_FOCUS_cnt, value: 1
07-29 14:40:57.457  8230 12128 I ContextAware_DailyStatisticsRecorder_cache: 2025-07-29 14:40:56.460000		9586		Increase context change count: PROCESSOR_SCENE_FOCUS_ms, value: 0
07-29 14:40:57.457  8230 12128 I ContextAware_SortAlgorithmManager.BatchIntentProcessor_cache: 2025-07-29 14:40:56.460000		9203		onProcess decisionUTraceContext = UTraceContext(traceID=7f0000011753814456460385508230, current=p_8230_62c3551@43, parent=null, spanType=1, valid=1, tag=null)
07-29 14:40:57.457  8230 12128 E ContextAware_SortAlgorithmManager.BatchIntentProcessor_cache: 2025-07-29 14:40:56.461000		9203		onProcess intentStringList is invalid
07-29 14:40:57.457  8230 12128 E ContextAware_SortAlgorithmManager.IntentSendProcessor_cache: 2025-07-29 14:40:56.461000		9203		disable direct send intent mode, clear
07-29 14:40:57.457  8230 12128 I ContextAware_DailyStatisticsRecorder_cache: 2025-07-29 14:40:56.461000		9884		Increase context change count: PROCESSOR_BATCH_INTENT_cnt, value: 1
07-29 14:40:57.457  8230 12128 I ContextAware_DailyStatisticsRecorder_cache: 2025-07-29 14:40:56.461000		9884		Increase context change count: PROCESSOR_BATCH_INTENT_ms, value: 1
07-29 14:40:57.457  8230 12128 I metis_v2_BreenoSwitchSettingObserver_cache: 2025-07-29 14:40:56.461000		9203		panta-sugg-getMasterSwitchStatus from cache:true
07-29 14:40:57.457  8230 12128 I ContextAware_IntentSwitchManager_cache: 2025-07-29 14:40:56.461000		9203		filterList, not filter, breeno switch on
