07-28 18:53:04.413  1836  4387 E LOCRIL_SESSION: operator():241] SubId: 1 Failed to get sim IMSI with error: 11
07-28 18:53:04.413  5171  6158 D IWlanJni: getDataRegistrationState start
07-28 18:53:04.413  3431  4237 W BestClock: java.time.DateTimeException: Missing network time fix
07-28 18:53:04.414  5171  6223 D IWlanJni: new aidl event arrived
07-28 18:53:04.414  5171  6223 D IWlanJni: handleEvent 10
07-28 18:53:04.414  5171  6223 D IWlanJni: isThreadAttached start
07-28 18:53:04.414  5171  6223 D IWlanJni: jni detached
07-28 18:53:04.414  5171  6223 D IWlanJni: jni attached
07-28 18:53:04.414  5171  6223 D IWlanJni: getDataRegistrationStateResponse start
07-28 18:53:04.414  5171  6223 D IWlanJni: getJavaCallbackClass start
07-28 18:53:04.414  5171  6223 D IWlanJni: getJavaCallbackClass End midIs[1]
07-28 18:53:04.414  5171  6223 I IWlanAidlClient: getDataRegistrationStateResponse called
07-28 18:53:04.414  5171  6222 W IWlanNetworkService: 9 > Response Processed
07-28 18:53:04.414  1836  4387 E LOCRIL_SESSION: operator():200] SubId: 1 Failed to get sim IO with error: 11
07-28 18:53:04.414  1836  4387 E LOCRIL_SESSION: operator():241] SubId: 1 Failed to get sim IMSI with error: 11
07-28 18:53:04.415  5004  7974 D QtiOemHookAidl: oemHookRawIndication length=24
07-28 18:53:04.415  5004  5038 D QtiOemHookAidl: oemHookRawIndication length=24
07-28 18:53:04.415  5004  5004 D QcrilMsgTunnelIfaceManager: handleMessage what = 0
07-28 18:53:04.415  1836  4385 W LOCRIL_SESSION: operator():307] cellInfo list size is 0, Voice state: 3, data state: 3
07-28 18:53:04.415  5004  5004 D QcrilMsgTunnelIfaceManager: handleMessage what = 0
07-28 18:53:04.415  3431  4237 W BestClock: java.time.DateTimeException: Missing network time fix
07-28 18:53:04.416  5202  6374 D VendorTelephonyService: onTelephonyEventReport slotId =0 eventId=6030
07-28 18:53:04.416  5109  6002 I QImsService: ImsRadioIndicationAidl : onRadioStateChanged()[SUB0]
07-28 18:53:04.416  5109  6002 I QImsService: ImsSenderRxr : [UNSL]< UNSOL_RADIO_STATE_CHANGED RADIO_ON[SUB0]
07-28 18:53:04.416  5109  7562 I QImsService: ImsRadioIndicationAidl : onRadioStateChanged()[SUB1]
07-28 18:53:04.416  5109  7562 I QImsService: ImsSenderRxr : [UNSL]< UNSOL_RADIO_STATE_CHANGED RADIO_ON[SUB1]
07-28 18:53:04.417  5030  6388 D SaDataService: onTelephonyEventReport , subId= 0,slotId=-1 eventId=6030
07-28 18:53:04.417  5030  6388 D TelephonyImpl: notify eventId:6030 for list size:2
07-28 18:53:04.417  5004  5004 D QC_RIL_OEM_HOOK: Received Broadcast Intent ACTION_UNSOL_RESPONSE_OEM_HOOK_RAW
07-28 18:53:04.417  5004  5004 D QC_RIL_OEM_HOOK: Received Broadcast Intent ACTION_UNSOL_RESPONSE_OEM_HOOK_RAW
07-28 18:53:04.417  5202  6374 D VendorTelephonyService: onTelephonyEventReport slotId =0 eventId=6030
07-28 18:53:04.417  2005  2005 E PowerMonitorService: Failed to open /proc/horae_qmi (2): No such file or directory
07-28 18:53:04.417  5202  5202 D VendorCallService: notityEventUpdate, eventId:6030, slotId = 0
07-28 18:53:04.417  4894  5842 V OplusCustomizeCacheManager: queryCache name: sys.cache.common_customize_cache18014 param: null
07-28 18:53:04.418  2809  2809 I wificond: Regulatory domain changed to country: US on wiphy_index: 0
07-28 18:53:04.418  2809  2809 I wificond: UpdateBandInfo
07-28 18:53:04.418  3431  4237 D WifiNl80211Manager: OnRegDomainChanged US
07-28 18:53:04.418  3431  4237 D WifiNative: onCountryCodeChanged: US
07-28 18:53:04.418  3431  4237 I WifiCountryCode: Receive onDriverCountryCodeChanged US
07-28 18:53:04.418  3431  4237 D WifiScanRequestProxy: Sending scan available broadcast: true
07-28 18:53:04.418  3431  4540 I WifiScanningService: Received a request to enable scanning, UID = 1000
07-28 18:53:04.418  3431  4237 I WifiScanRequestProxy: Scanning is enabled
07-28 18:53:04.418  3431  4237 I WifiScanRequestProxy: Scanning for hidden networks is disabled
07-28 18:53:04.418  3431  4540 I WifiScanningService: scanner impls already exists
07-28 18:53:04.418  3431  4540 E WifiScanningService: wifi driver loaded received while already loaded
07-28 18:53:04.418  6353  6353 I wpa_supplicant: p2p0: CTRL-EVENT-REGDOM-CHANGE init=DRIVER type=COUNTRY alpha2=US
07-28 18:53:04.419  4894  5842 V OplusCustomizeCacheManager: queryCache name: sys.cache.common_customize_cache18017 param: Bundle[{SETTING=BLOCK, BUSINESS=NCT-DATA}]
07-28 18:53:04.419  5030  6388 D SaDataService: onTelephonyEventReport , subId= 0,slotId=-1 eventId=6030
07-28 18:53:04.419  4894  5842 V OplusCustomizeCacheManager: queryCache name: sys.cache.common_customize_cache18013 param: null
07-28 18:53:04.419  5030  6388 D TelephonyImpl: notify eventId:6030 for list size:2
07-28 18:53:04.419  3431  3431 D OplusWifiBroadCastDispatcher: mBroadcastReceiver: onReceiver  action=android.net.wifi.action.WIFI_SCAN_AVAILABILITY_CHANGED
07-28 18:53:04.419  3431  4649 D OplusWifiPower_ConnLpmEventObsever: onReceive EXTRA_SCAN_AVAILABLE availabe = true
07-28 18:53:04.419  3431  4649 D OplusWifiPowerService: onReceive action:android.net.wifi.action.WIFI_SCAN_AVAILABILITY_CHANGED
07-28 18:53:04.419  3431  4649 D OplusWifiSwitchStateMonitor: scan settings change to true
07-28 18:53:04.419  5202  6374 D VendorTelephonyService: onTelephonyEventReport slotId =0 eventId=6030
07-28 18:53:04.419  5202  6374 D VendorTelephonyService: onTelephonyEventReport slotId =0 eventId=6030
07-28 18:53:04.419  5202  5202 D VendorCallService: notityEventUpdate, eventId:6030, slotId = 0
07-28 18:53:04.419  4894  5199 I SystemUi--QuickSettings: Tile.OplusCellularTile-->updateCarrierText: dialog not showing, ignore
07-28 18:53:04.420  1836  4387 E LOCRIL_SESSION: operator():200] SubId: 1 Failed to get sim IO with error: 11
07-28 18:53:04.420  4959  4959 D ServiceStateProvider: subId=1
07-28 18:53:04.420  4894  5199 D SimStateHelper: slot:0, lock state:Bundle[mParcelledData.dataSize=56]
07-28 18:53:04.420  4894  5199 D SimStateHelper: slot:1, lock state:Bundle[mParcelledData.dataSize=56]
07-28 18:53:04.420  4894  5199 D SimStateHelper: needDisableMenu: slot1State=-1; slot2State=-1
07-28 18:53:04.420  4894  5199 D SimStateHelper: needDisableMenu:false
07-28 18:53:04.420  1836  4387 E LOCRIL_SESSION: operator():241] SubId: 1 Failed to get sim IMSI with error: 11
07-28 18:53:04.420  7054  7054 I OsAgent : onReceive: android.net.wifi.action.WIFI_SCAN_AVAILABILITY_CHANGED
07-28 18:53:04.421  3431  4685 V SettingsProvider: deleteSystemSetting(OPLUS_SLA_LAST_MCC, 0)
07-28 18:53:04.421  3431  4685 D SettingsProvider: delete system settings OPLUS_****_MCC pkg is  android user id is 0
07-28 18:53:04.421  5109  5109 I QImsService: OplusPhoneStateTracker : onServiceStateChanged
07-28 18:53:04.422  4894  5349 I SystemUi--Statusbar: MobileConnectionRepositoryImpl-->subId:1 isSoftSimCard:false slotId:0
07-28 18:53:04.422  5202  5202 D SubsysEventListenerManager-SubsysTelephonyCallback[0]: onServiceStateChanged
07-28 18:53:04.422  5202  5202 D ChinaRoamingControl: registTelephonyEvent onServiceStateChanged eventId:5, VoiceRegState:1, DataRegState:1
07-28 18:53:04.422  5202  5202 D QuickChangeAirplaneModeEvent: onServiceStateChanged slotId:0
07-28 18:53:04.422  2809  2809 I wificond: 2.4Ghz frequencies: 2412 2417 2422 2427 2432 2437 2442 2447 2452 2457 2462
07-28 18:53:04.422  2809  2809 I wificond: 5Ghz non-DFS frequencies: 5180 5200 5220 5240 5745 5765 5785 5805 5825
07-28 18:53:04.422  2809  2809 I wificond: 5Ghz DFS frequencies: 5260 5280 5300 5320 5500 5520 5540 5560 5580 5600 5620 5640 5660 5680 5700
07-28 18:53:04.422  2809  2809 I wificond: 6Ghz frequencies:
07-28 18:53:04.422  2809  2809 I wificond: 60Ghz frequencies:
07-28 18:53:04.422  5202  5202 D QuickChangeAirplaneModeEvent: isBothCardInService is false
07-28 18:53:04.422  5202  5202 D MsimSubModeManager: registTelephonyEvent onServiceStateChanged eventId:3, VoiceRegState:1, DataRegState:1
07-28 18:53:04.422  5202  5202 E ExtremeCommUtils: getSwitchRusSupportMcc invalid index 1
07-28 18:53:04.422  5202  5202 D ExtremeCommUtils: isSupporCheck rusContain:false,propContain(persist.sys.oplus.support_hyper_uplink_mcc):false
07-28 18:53:04.422  5202  5202 D ExtremeCommService: handleServiceStateChanged mcc is null
07-28 18:53:04.422  5202  5202 D ChinaRoamingControl: handleMessage what:5
07-28 18:53:04.422  5202  5202 D MsimSubModeManager: handleMessage what:3
07-28 18:53:04.422  5202  5202 D MsimSubModeManager: getMsimSimServiceIn() i:0,mServiceState:1
07-28 18:53:04.422  5202  5202 D MsimSubModeManager: getMsimSimServiceIn() i:1,mServiceState:1
07-28 18:53:04.422  7054  7906 I OsAgent : updateWiFiScanAvailState, scanAvailable: true
07-28 18:53:04.423  5202  6008 D EfsNvDumpUnit[0]: onServiceStateChanged: voice reg state: OUT_OF_SERVICE data reg state: OUT_OF_SERVICE
07-28 18:53:04.423  5202  6008 D cellularState[0]: handleMessage: E msg.what=4
07-28 18:53:04.423  5202  6008 D cellularState[0]: processMsg: DataCallingState
07-28 18:53:04.423  5202  6008 D cellularState[0]: processMsg: NetworkAttachedState
07-28 18:53:04.423  5202  6008 D cellularState[0]: processMsg: SimReadyState
07-28 18:53:04.423  5202  6008 D cellularState[0]: processMsg: DefaultState
07-28 18:53:04.423  5202  6008 E cellularState[0]:  - unhandledMessage: msg.what=4
07-28 18:53:04.423  5202  6008 D cellularState[0]: handleMessage: X
07-28 18:53:04.423  1836  4385 W LOCRIL_SESSION: operator():307] cellInfo list size is 0, Voice state: 3, data state: 3
07-28 18:53:04.424  5030  5984 D T-Recommend: onPreHandleMessage 1000
07-28 18:53:04.424  5030  6070 D OplusSubWaySlowRecovery: getPreferSubId return 1
07-28 18:53:04.424  5109  5109 I QImsService: OplusPhoneStateTracker : onServiceStateChanged
07-28 18:53:04.424  5030  6070 D OplusScanQrCodeRecoveryImpl: msg.what=3
07-28 18:53:04.424  5030  5984 E CellularEvent: nri null ps
07-28 18:53:04.424  5030  5984 E CellularEvent: invalid nri
07-28 18:53:04.424  5030  5984 D T-Recommend: onPostHandleMessage 1000
07-28 18:53:04.424  5030  5989 D NAS-CallIssueDetector: onServiceStateChanged
07-28 18:53:04.424  5030  5989 D OplusCiwlanController: [vodata] processServiceStateChanged  phoneid = 0, original roaming type = -1,roaming type = 0
07-28 18:53:04.424  5030  5989 D OplusCiwlanController: [vodata] processServiceStateChanged  phoneid = 1, original roaming type = -1,roaming type = 0
07-28 18:53:04.424  5030  5987 D OplusLinkBoostCommon: dds servicestate change
07-28 18:53:04.425  4959  4959 D QC_RIL_OEM_HOOK: Received Broadcast Intent ACTION_UNSOL_RESPONSE_OEM_HOOK_RAW
07-28 18:53:04.425  5030  6070 D SaDataFailRecovery/0: current is not in service,reset alarm
07-28 18:53:04.425  3431  4685 W OplusSlaManager: updateMCC curMCC empty!
07-28 18:53:04.425  3431  5376 W ContextImpl: Calling a method in the system process without a qualified user: android.app.ContextImpl.sendBroadcastMultiplePermissions:1311 android.content.Context.sendBroadcastMultiplePermissions:2524 com.android.server.TelephonyRegistry.broadcastServiceStateChanged:3740 com.android.server.TelephonyRegistry.notifyServiceStateForPhoneId:1787 com.android.internal.telephony.ITelephonyRegistry$Stub.onTransact:546 
07-28 18:53:04.426  5202  5202 D SubsysEventListenerManager-SubsysTelephonyCallback[0]: onRadioPowerStateChanged state:1
07-28 18:53:04.426  5004  5004 D DeviceInfoAidlClient: onRadioPowerStateChanged
07-28 18:53:04.426  5004  5004 D DeviceInfoAidlClient: mRadioStateHdlr handleMessage()1
07-28 18:53:04.426  5004  5004 D DeviceInfoAidlClient: isRadioOn()=true
07-28 18:53:04.426  5004  5004 I DeviceInfoAidlClient: sendFeaturesSupported: power info support-true interactive state support-true
07-28 18:53:04.426  3431  4237 W BestClock: java.time.DateTimeException: Missing network time fix
07-28 18:53:04.427  3431  5376 W ContextImpl: Calling a method in the system process without a qualified user: android.app.ContextImpl.sendBroadcastMultiplePermissions:1344 com.android.server.TelephonyRegistry.broadcastServiceStateChanged:3745 com.android.server.TelephonyRegistry.notifyServiceStateForPhoneId:1787 com.android.internal.telephony.ITelephonyRegistry$Stub.onTransact:546 android.os.Binder.execTransactInternal:1523 
07-28 18:53:04.427  3431  5376 W ContextImpl: Calling a method in the system process without a qualified user: android.app.ContextImpl.sendBroadcastMultiplePermissions:1344 com.android.server.TelephonyRegistry.broadcastServiceStateChanged:3754 com.android.server.TelephonyRegistry.notifyServiceStateForPhoneId:1787 com.android.internal.telephony.ITelephonyRegistry$Stub.onTransact:546 android.os.Binder.execTransactInternal:1523 
07-28 18:53:04.428  3431  4870 W BestClock: java.time.DateTimeException: Missing network time fix
07-28 18:53:04.428  5171  6158 D IWlanJni: getDataRegistrationState start
07-28 18:53:04.429  5171  6223 D IWlanJni: new aidl event arrived
07-28 18:53:04.429  5171  6223 D IWlanJni: handleEvent 10
07-28 18:53:04.429  5171  6223 D IWlanJni: isThreadAttached start
07-28 18:53:04.429  5171  6223 D IWlanJni: jni detached
07-28 18:53:04.429  5171  6223 D IWlanJni: jni attached
07-28 18:53:04.429  5171  6223 D IWlanJni: getDataRegistrationStateResponse start
07-28 18:53:04.429  5171  6223 D IWlanJni: getJavaCallbackClass start
07-28 18:53:04.429  5171  6223 D IWlanJni: getJavaCallbackClass End midIs[1]
07-28 18:53:04.429  5171  6223 I IWlanAidlClient: getDataRegistrationStateResponse called
07-28 18:53:04.429  4894  5842 V OplusCustomizeCacheManager: queryCache name: sys.cache.common_customize_cache18014 param: null
07-28 18:53:04.429  4894  5842 V OplusCustomizeCacheManager: queryCache name: sys.cache.common_customize_cache18017 param: Bundle[{SETTING=BLOCK, BUSINESS=NCT-DATA}]
07-28 18:53:04.429  4894  5842 V OplusCustomizeCacheManager: queryCache name: sys.cache.common_customize_cache18013 param: null
07-28 18:53:04.430  5004  5004 D DeviceStatisticsService: onReceive: action= org.codeaurora.intent.action.RADIO_POWER_STATE
07-28 18:53:04.430  5004  5004 I DeviceStatisticsService: Receiving radio_power_state_changed, mIsDeviceInfoInitialized = true
07-28 18:53:04.430  5004  5004 I DeviceStatisticsService: radio power state changed to 1 for slot: 0
07-28 18:53:04.430  5004  5004 D DeviceInfoAidlClient: isRadioOn()=true
07-28 18:53:04.430  5004  5004 I DeviceInfoAidlClient: sendFeaturesSupported: power info support-true interactive state support-true
07-28 18:53:04.430  5171  6222 W IWlanNetworkService: 10 > Response Processed
07-28 18:53:04.430  3431  3640 D LocationManagerService: passive provider added registration from 1000/android[CountryDetector]/8FE45EFC -> Request[PASSIVE, minUpdateInterval=0, WorkSource{1000 android}] permissionLevel: 2 permitted: true
07-28 18:53:04.430  3431  5376 W ContextImpl: Calling a method in the system process without a qualified user: android.app.ContextImpl.sendBroadcastMultiplePermissions:1344 com.android.server.TelephonyRegistry.broadcastServiceStateChanged:3760 com.android.server.TelephonyRegistry.notifyServiceStateForPhoneId:1787 com.android.internal.telephony.ITelephonyRegistry$Stub.onTransact:546 android.os.Binder.execTransactInternal:1523 
07-28 18:53:04.432  3431  4237 W BestClock: java.time.DateTimeException: Missing network time fix
07-28 18:53:04.432  5806  5806 D CellBroadcastReceiver: onReceive Intent { act=android.intent.action.SERVICE_STATE flg=0x1000010 cmp=com.android.cellbroadcastreceiver.module/com.android.cellbroadcastreceiver.CellBroadcastReceiver (has extras) }
07-28 18:53:04.432  3431  5341 W BestClock: java.time.DateTimeException: Missing network time fix
07-28 18:53:04.432  5806  5806 D CellBroadcastReceiver: onServiceStateChanged, ss: 1
07-28 18:53:04.433  4894  5842 V OplusCustomizeCacheManager: queryCache name: sys.cache.common_customize_cache18014 param: null
07-28 18:53:04.433  4894  5842 V OplusCustomizeCacheManager: queryCache name: sys.cache.common_customize_cache18017 param: Bundle[{SETTING=BLOCK, BUSINESS=NCT-DATA}]
07-28 18:53:04.433  4894  5842 V OplusCustomizeCacheManager: queryCache name: sys.cache.common_customize_cache18013 param: null
07-28 18:53:04.433  5806  5806 D CellBroadcastReceiver: networkOperator: 
07-28 18:53:04.433  5004  5038 I DeviceInfoAidlClient: onPowerInfoReportingChanged - reporting enabled true [15, 20, 30, 50, 80]
07-28 18:53:04.433  5004  5038 D DeviceInfoAidlClient: isRadioOn()=true
07-28 18:53:04.433  5004  5038 I DeviceInfoAidlClient: isPowerInfoNeverSent=true batteryLevel=59 batteryLevelIndex=4 chargingMode=2 totalCapacity=5027100 powerSaveMode=false
07-28 18:53:04.433  5004  5038 I DeviceInfoAidlClient: onDeviceInfoReportingChanged - reporting enabled true
07-28 18:53:04.434  5806  5806 D CellBroadcastReceiver: mockmodem is running? = false
07-28 18:53:04.434  5806  5806 D CellBroadcastReceiver: Start Cell Broadcast configuration for intent=ACTION_ENABLE_CHANNELS
07-28 18:53:04.435  5004  5038 D DeviceInfoAidlClient: getDeviceInfoSupportStatus()=1
07-28 18:53:04.435  5004  5038 D DeviceInfoAidlClient: isRadioOn()=true
07-28 18:53:04.435  5004  5038 I DeviceInfoAidlClient: deviceState=2
07-28 18:53:04.435  5004  5038 I DeviceInfoAidlClient: onPowerInfoReportingChanged - reporting enabled true [15, 20, 30, 50, 80]
07-28 18:53:04.435  5004  5038 D DeviceInfoAidlClient: isRadioOn()=true
07-28 18:53:04.435  5004  5038 I DeviceInfoAidlClient: isPowerInfoNeverSent=false batteryLevel=59 batteryLevelIndex=4 chargingMode=2 totalCapacity=5027100 powerSaveMode=false
07-28 18:53:04.436  5004  5038 I DeviceInfoAidlClient: onDeviceInfoReportingChanged - reporting enabled true
07-28 18:53:04.436  5004  5038 D DeviceInfoAidlClient: getDeviceInfoSupportStatus()=1
07-28 18:53:04.436  5004  5038 D DeviceInfoAidlClient: isRadioOn()=true
07-28 18:53:04.436  5004  5038 I DeviceInfoAidlClient: deviceState=2
07-28 18:53:04.437  5806 13131 D CellBroadcastConfigService: Enable CellBroadcast on sub 1
07-28 18:53:04.437  3431  5376 W BestClock: java.time.DateTimeException: Missing network time fix
07-28 18:53:04.438  4959  4959 V OplusCustomizeCacheManager: queryCache name: sys.cache.common_customize_cache18016 param: null
07-28 18:53:04.438  4959  4959 V OplusCustomizeCacheManager: queryCache name: sys.cache.common_customize_cache18013 param: null
07-28 18:53:04.438  4959  4959 V OplusCustomizeCacheManager: queryCache name: sys.cache.common_customize_cache18014 param: null
07-28 18:53:04.438  3431  4870 W BestClock: java.time.DateTimeException: Missing network time fix
07-28 18:53:04.438  4959  4959 V OplusCustomizeCacheManager: queryCache name: sys.cache.common_customize_cache18017 param: Bundle[{SETTING=BLOCK, BUSINESS=NCT-DATA}]
07-28 18:53:04.439  4894  5842 V OplusCustomizeCacheManager: queryCache name: sys.cache.common_customize_cache18014 param: null
07-28 18:53:04.439  4894  5842 V OplusCustomizeCacheManager: queryCache name: sys.cache.common_customize_cache18017 param: Bundle[{SETTING=BLOCK, BUSINESS=NCT-DATA}]
07-28 18:53:04.439  4894  5842 V OplusCustomizeCacheManager: queryCache name: sys.cache.common_customize_cache18013 param: null
07-28 18:53:04.439  4959  4959 V OplusCustomizeCacheManager: queryCache name: sys.cache.common_customize_cache18016 param: null
07-28 18:53:04.439  4959  4959 V OplusCustomizeCacheManager: queryCache name: sys.cache.common_customize_cache18013 param: null
07-28 18:53:04.439  4959  4959 V OplusCustomizeCacheManager: queryCache name: sys.cache.common_customize_cache18014 param: null
07-28 18:53:04.439  4959  4959 V OplusCustomizeCacheManager: queryCache name: sys.cache.common_customize_cache18017 param: Bundle[{SETTING=BLOCK, BUSINESS=NCT-DATA}]
07-28 18:53:04.440  1923  4485 I Dpps    : LtmSwState::SetParameter():144 ignore cmd 7 in state LtmOffState
07-28 18:53:04.441  5004  5004 D QcrilMsgTunnelIfaceManager: handleMessage what = 1
07-28 18:53:04.441  5004  5004 I QcrilOemhookMsgTunnel: [0]invokeOemRilRequestRaw: serial=1007 length=16
07-28 18:53:04.442  5004  5038 I QtiOemHookAidl: oemHookRawResponse: serial no: 1007 error: 0length=1
07-28 18:53:04.442  5004  5004 D QcrilMsgTunnelIfaceManager: handleMessage what = 2
07-28 18:53:04.442  4959  5423 D QC_RIL_OEM_HOOK: sendOemRilRequestRaw returns value = 1
07-28 18:53:04.444  5093  9768 D txpwrJni: new aidl event arrived
07-28 18:53:04.444  5093  9768 D txpwrJni: handleEvent 1
07-28 18:53:04.444  5093  9768 D txpwrJni: isThreadAttached start
07-28 18:53:04.444  5093  9768 D txpwrJni: jni detached
07-28 18:53:04.444  5093  9768 D txpwrJni: jni attached
07-28 18:53:04.444  5093  9768 D txpwrJni: getRadioStatus start
07-28 18:53:04.444  5093  9768 D txpwrJni: getJavaCallbackClass start
07-28 18:53:04.444  5093  9768 D txpwrJni: getJavaCallbackClass End midIs[1]
07-28 18:53:04.444  5093  9768 D txpwrJni: handleEvent 1
07-28 18:53:04.444  5093  9768 D txpwrJni: isThreadAttached start
07-28 18:53:04.444  5093  9768 D txpwrJni: jni detached
07-28 18:53:04.444  5093  9768 D txpwrJni: jni attached
07-28 18:53:04.444  5093  9768 D txpwrJni: getRadioStatus start
07-28 18:53:04.444  5093  9768 D txpwrJni: getJavaCallbackClass start
07-28 18:53:04.444  5093  9768 D txpwrJni: getJavaCallbackClass End midIs[1]
07-28 18:53:04.444  5093  9768 D txpwrJni: new aidl event arrived
07-28 18:53:04.445  5093  7967 D txpwrJni: sendRadioStatus start
07-28 18:53:04.445  5093  7967 D txpwrJni: sendRadioStatus start
07-28 18:53:04.448  3431  5341 W ContextImpl: Calling a method in the system process without a qualified user: android.app.ContextImpl.sendBroadcastMultiplePermissions:1311 android.content.Context.sendBroadcastMultiplePermissions:2524 com.android.server.TelephonyRegistry.broadcastServiceStateChanged:3740 com.android.server.TelephonyRegistry.notifyServiceStateForPhoneId:1787 com.android.internal.telephony.ITelephonyRegistry$Stub.onTransact:546 
07-28 18:53:04.449  3431  4531 D WifiNative: onSetCountryCodeSucceeded: US
07-28 18:53:04.449  3431  4531 I WifiCountryCode: Receive onSetCountryCodeSucceeded US
07-28 18:53:04.449  3431  4531 I WifiNl80211Manager: Receive country code change to US
07-28 18:53:04.449  2809  2809 I wificond: Receive notifyCountryCodeChanged
07-28 18:53:04.449  2809  2809 I wificond: UpdateBandInfo
07-28 18:53:04.449  3431  4531 D WifiScanRequestProxy: Sending scan available broadcast: true
07-28 18:53:04.449  3431  4540 I WifiScanningService: Received a request to enable scanning, UID = 1000
07-28 18:53:04.449  3431  4540 I WifiScanningService: scanner impls already exists
07-28 18:53:04.449  3431  4540 E WifiScanningService: wifi driver loaded received while already loaded
07-28 18:53:04.449  3431  4531 I WifiScanRequestProxy: Scanning is enabled
07-28 18:53:04.449  3431  4531 I WifiScanRequestProxy: Scanning for hidden networks is disabled
07-28 18:53:04.450  3431  4531 D WakeupController: start()
07-28 18:53:04.450  4959  4959 D QC_RIL_OEM_HOOK: Received Broadcast Intent ACTION_UNSOL_RESPONSE_OEM_HOOK_RAW
07-28 18:53:04.450  3431  5341 W ContextImpl: Calling a method in the system process without a qualified user: android.app.ContextImpl.sendBroadcastMultiplePermissions:1344 com.android.server.TelephonyRegistry.broadcastServiceStateChanged:3745 com.android.server.TelephonyRegistry.notifyServiceStateForPhoneId:1787 com.android.internal.telephony.ITelephonyRegistry$Stub.onTransact:546 android.os.Binder.execTransactInternal:1523 
07-28 18:53:04.450  4959  4959 D QC_RIL_OEM_HOOK: Received Broadcast Intent ACTION_UNSOL_RESPONSE_OEM_HOOK_RAW
07-28 18:53:04.450  4959  4959 D QC_RIL_OEM_HOOK: Received Broadcast Intent ACTION_UNSOL_RESPONSE_OEM_HOOK_RAW
07-28 18:53:04.450  4959  4959 D QC_RIL_OEM_HOOK: Received Broadcast Intent ACTION_UNSOL_RESPONSE_OEM_HOOK_RAW
07-28 18:53:04.450  4959  4959 D QC_RIL_OEM_HOOK: Received Broadcast Intent ACTION_UNSOL_RESPONSE_OEM_HOOK_RAW
07-28 18:53:04.450  2809  2809 I wificond: 2.4Ghz frequencies: 2412 2417 2422 2427 2432 2437 2442 2447 2452 2457 2462
07-28 18:53:04.450  2809  2809 I wificond: 5Ghz non-DFS frequencies: 5180 5200 5220 5240 5745 5765 5785 5805 5825
07-28 18:53:04.450  2809  2809 I wificond: 5Ghz DFS frequencies: 5260 5280 5300 5320 5500 5520 5540 5560 5580 5600 5620 5640 5660 5680 5700
07-28 18:53:04.450  2809  2809 I wificond: 6Ghz frequencies:
07-28 18:53:04.450  2809  2809 I wificond: 60Ghz frequencies:
07-28 18:53:04.450  3431  4531 E WifiStaIfaceAidlImpl: setScanMode failed with service-specific exception: android.os.ServiceSpecificException:  (code 4)
07-28 18:53:04.450  3431  4531 I WifiService: Receive onDriverCountryCodeChanged to US, update available channel list
07-28 18:53:04.450  3431  5341 W ContextImpl: Calling a method in the system process without a qualified user: android.app.ContextImpl.sendBroadcastMultiplePermissions:1344 com.android.server.TelephonyRegistry.broadcastServiceStateChanged:3754 com.android.server.TelephonyRegistry.notifyServiceStateForPhoneId:1787 com.android.internal.telephony.ITelephonyRegistry$Stub.onTransact:546 android.os.Binder.execTransactInternal:1523 
07-28 18:53:04.451  3431  5341 W ContextImpl: Calling a method in the system process without a qualified user: android.app.ContextImpl.sendBroadcastMultiplePermissions:1344 com.android.server.TelephonyRegistry.broadcastServiceStateChanged:3760 com.android.server.TelephonyRegistry.notifyServiceStateForPhoneId:1787 com.android.internal.telephony.ITelephonyRegistry$Stub.onTransact:546 android.os.Binder.execTransactInternal:1523 
07-28 18:53:04.451  3431  4531 E ApConfigUtil: Malformed channel value detected: java.lang.NumberFormatException: For input string: ""
07-28 18:53:04.452  3431  4531 E ApConfigUtil: Malformed channel value detected: java.lang.NumberFormatException: For input string: ""
07-28 18:53:04.452  3431  3431 D OplusWifiBroadCastDispatcher: mBroadcastReceiver: onReceiver  action=android.net.wifi.action.WIFI_SCAN_AVAILABILITY_CHANGED
07-28 18:53:04.452  3431  4649 D OplusWifiPower_ConnLpmEventObsever: onReceive EXTRA_SCAN_AVAILABLE availabe = true
07-28 18:53:04.452  3431  4649 D OplusWifiPowerService: onReceive action:android.net.wifi.action.WIFI_SCAN_AVAILABILITY_CHANGED
07-28 18:53:04.452  3431  4649 D OplusWifiSwitchStateMonitor: scan settings change to true
07-28 18:53:04.452  5004  5004 D DeviceStatisticsService: onReceive: action= org.codeaurora.intent.action.RADIO_POWER_STATE
07-28 18:53:04.452  5004  5004 I DeviceStatisticsService: Receiving radio_power_state_changed, mIsDeviceInfoInitialized = true
07-28 18:53:04.452  5004  5004 I DeviceStatisticsService: radio power state changed to 1 for slot: 1
07-28 18:53:04.452  3431  4531 E ApConfigUtil: Malformed channel value detected: java.lang.NumberFormatException: For input string: ""
07-28 18:53:04.453  3431  4531 I WifiService: Receive onDriverCountryCodeChanged to US, update available channel list
07-28 18:53:04.453  3431  4648 D OplusSoftApManager: Support Wi-Fi6 SAP
07-28 18:53:04.454  3431  4531 E ApConfigUtil: Malformed channel value detected: java.lang.NumberFormatException: For input string: ""
07-28 18:53:04.454  4959  4959 I Telephony: y0: onServiceStateChanged: newState=1, mServiceState=3
07-28 18:53:04.454  5806  5806 D CellBroadcastReceiver: onReceive Intent { act=android.intent.action.SERVICE_STATE flg=0x1000010 cmp=com.android.cellbroadcastreceiver.module/com.android.cellbroadcastreceiver.CellBroadcastReceiver (has extras) }
07-28 18:53:04.454  5806  5806 D CellBroadcastReceiver: onServiceStateChanged, ss: 1
07-28 18:53:04.454  5806  5806 D CellBroadcastReceiver: networkOperator: 
07-28 18:53:04.454  4959  4959 I Telephony: isRttCurrentlySupported -- regular acct, hasVoiceAvailability: false
07-28 18:53:04.454  4959  4959 I Telephony:  isRttSupported: false
07-28 18:53:04.454  4959  4959 I Telephony:  isUserRttSettingOn: false
07-28 18:53:04.454  4959  4959 I Telephony:  alwaysAllowWhileRoaming: false
07-28 18:53:04.454  4959  4959 I Telephony:  isRoaming: false
07-28 18:53:04.454  4959  4959 I Telephony:  isOnWfc: false
07-28 18:53:04.454  3431  4531 E ApConfigUtil: Malformed channel value detected: java.lang.NumberFormatException: For input string: ""
07-28 18:53:04.455  4959  4970 W System  : A resource failed to call AbstractCursor.close. 
07-28 18:53:04.455  4959  4970 W System  : A resource failed to call AbstractCursor.close. 
07-28 18:53:04.455  4959  4959 D OplusPowerUpOptimizationImpl: onReceive: org.codeaurora.intent.action.RADIO_POWER_STATE
07-28 18:53:04.455  4959  4970 W System  : A resource failed to call AbstractCursor.close. 
07-28 18:53:04.455  4959  4970 W System  : A resource failed to call AbstractCursor.close. 
07-28 18:53:04.455  4959  4970 W System  : A resource failed to call AbstractCursor.close. 
07-28 18:53:04.455  4959  5499 D OplusPowerUpOptimizationImpl: handleMessage what = 6
07-28 18:53:04.455  4959  5499 D OplusPowerUpOptimizationImpl: radio is available for slot: 0
07-28 18:53:04.455  4959  5499 D OplusPowerUpOptimizationImpl: trySendPhoneReady for slot: 0
07-28 18:53:04.455  4959  5499 D OplusPowerUpOptimizationImpl: Not sending ATEL ready: States: [0: {true, true, true, true}]
07-28 18:53:04.455  3431  4531 E ApConfigUtil: Malformed channel value detected: java.lang.NumberFormatException: For input string: ""
07-28 18:53:04.455  3431  4531 I WifiService: Receive onDriverCountryCodeChanged to US, update available channel list
07-28 18:53:04.455  7054  7054 I OsAgent : onReceive: android.net.wifi.action.WIFI_SCAN_AVAILABILITY_CHANGED
07-28 18:53:04.456  7054  7906 I OsAgent : updateWiFiScanAvailState, scanAvailable: true
07-28 18:53:04.456  3431  4531 E ApConfigUtil: Malformed channel value detected: java.lang.NumberFormatException: For input string: ""
07-28 18:53:04.456  4959  4959 D CiWlanNotificationReceiver: ACTION_RADIO_POWER_STATE_CHANGED
07-28 18:53:04.457  5171  6158 D IWlanJni: getDataRegistrationState start
07-28 18:53:04.457  3431  4531 E ApConfigUtil: Malformed channel value detected: java.lang.NumberFormatException: For input string: ""
07-28 18:53:04.457  5171  6158 D IWlanJni: getDataRegistrationState start
07-28 18:53:04.458  3431  4531 E ApConfigUtil: Malformed channel value detected: java.lang.NumberFormatException: For input string: ""
07-28 18:53:04.458  5171  6227 D IWlanJni: new aidl event arrived
07-28 18:53:04.458  5171  6227 D IWlanJni: handleEvent 10
07-28 18:53:04.458  5171  6227 D IWlanJni: isThreadAttached start
07-28 18:53:04.458  5171  6227 D IWlanJni: jni detached
07-28 18:53:04.458  5171  6227 D IWlanJni: jni attached
07-28 18:53:04.458  5171  6227 D IWlanJni: getDataRegistrationStateResponse start
07-28 18:53:04.458  5171  6227 D IWlanJni: getJavaCallbackClass start
07-28 18:53:04.458  5171  6227 D IWlanJni: getJavaCallbackClass End midIs[1]
07-28 18:53:04.458  5171  6227 I IWlanAidlClient: getDataRegistrationStateResponse called
07-28 18:53:04.458  5171  6226 W IWlanNetworkService: 11 > Response Processed
07-28 18:53:04.459  4894  4894 I KeyguardUpdateMonitor: action=android.intent.action.SERVICE_STATE subId=1 slotId=0
07-28 18:53:04.459  4894  5199 I SystemUi--QuickSettings: Tile.OplusCellularTile-->updateCarrierText: dialog not showing, ignore
07-28 18:53:04.459  4894  5199 D SimStateHelper: slot:0, lock state:Bundle[mParcelledData.dataSize=56]
07-28 18:53:04.459  5171  6158 D IWlanJni: getDataRegistrationState start
07-28 18:53:04.459  3431  4618 D CmccSliceManagerService: ACTION_DDS_SWITCH_DONE
07-28 18:53:04.460  5202  5202 D SubsysEventListenerManager-SubsysTelephonyCallback[0]: onSignalStrengthsChanged
07-28 18:53:04.460  3431  4618 D CmccSliceManagerService: cleanUpAndRestartSlice
07-28 18:53:04.460  3431  4618 D CmccSliceManagerService: cleanUpSlice
07-28 18:53:04.460  3431  4618 D CmccSliceManagerService: cleanUpSlice qcom
07-28 18:53:04.460  3431  4618 D CmccSliceManagerService: getDefaultDataSlotId0, subid: 1
07-28 18:53:04.460  4894  5199 D SimStateHelper: slot:1, lock state:Bundle[mParcelledData.dataSize=56]
07-28 18:53:04.460  4894  5199 D SimStateHelper: needDisableMenu: slot1State=-1; slot2State=-1
07-28 18:53:04.460  4894  5199 D SimStateHelper: needDisableMenu:false
07-28 18:53:04.460  4894  5199 I SystemUi--QuickSettings: Tile.OplusCellularTile-->updateCarrierText: dialog not showing, ignore
07-28 18:53:04.460  4894  5199 D SimStateHelper: slot:0, lock state:Bundle[mParcelledData.dataSize=56]
07-28 18:53:04.460  4894  5199 D SimStateHelper: slot:1, lock state:Bundle[mParcelledData.dataSize=56]
07-28 18:53:04.460  4894  5199 D SimStateHelper: needDisableMenu: slot1State=-1; slot2State=-1
07-28 18:53:04.460  4894  5199 D SimStateHelper: needDisableMenu:false
07-28 18:53:04.460  4894  5104 I SystemUi--Statusbar: NetworkController.WifiSignalController-->wifi Broadcast action = android.telephony.action.SERVICE_PROVIDERS_UPDATED state=1 enabled=false connected=false isDefaultNetwork=false rssi=0 level=0 statusLabel = null isDirty = false
07-28 18:53:04.460  5171  5171 D QCNEJ/WwanInfoRelay: onActiveSubscriptionsChanged activeCurrDDSId: 1 new DDS 1
07-28 18:53:04.460  3431  4529 V NetworkPolicy: updateNotificationsNL not process
07-28 18:53:04.461  5171  5171 D QCNEJ/WwanInfoRelay: onActiveSubscriptionsChanged activeCurrDDSId: 1 new DDS 1
07-28 18:53:04.461  5171  6227 D IWlanJni: new aidl event arrived
07-28 18:53:04.461  5171  6227 D IWlanJni: handleEvent 10
07-28 18:53:04.461  5171  6227 D IWlanJni: isThreadAttached start
07-28 18:53:04.461  5171  6227 D IWlanJni: jni detached
07-28 18:53:04.461  5171  6227 D IWlanJni: jni attached
07-28 18:53:04.461  5171  6227 D IWlanJni: getDataRegistrationStateResponse start
07-28 18:53:04.461  5171  6227 D IWlanJni: getJavaCallbackClass start
07-28 18:53:04.461  5171  6227 D IWlanJni: getJavaCallbackClass End midIs[1]
07-28 18:53:04.461  5171  6227 I IWlanAidlClient: getDataRegistrationStateResponse called
07-28 18:53:04.461  5171  6226 W IWlanNetworkService: 13 > Response Processed
07-28 18:53:04.461  5030  5984 D CellularEvent: onActiveDataSubscriptionIdChanged sub id:1
07-28 18:53:04.461  5171  6223 D IWlanJni: new aidl event arrived
07-28 18:53:04.461  5171  6223 D IWlanJni: handleEvent 10
07-28 18:53:04.461  5171  6223 D IWlanJni: isThreadAttached start
07-28 18:53:04.461  5171  6223 D IWlanJni: jni detached
07-28 18:53:04.461  5171  6223 D IWlanJni: jni attached
07-28 18:53:04.461  5171  6223 D IWlanJni: getDataRegistrationStateResponse start
07-28 18:53:04.461  5171  6223 D IWlanJni: getJavaCallbackClass start
07-28 18:53:04.461  5171  6223 D IWlanJni: getJavaCallbackClass End midIs[1]
07-28 18:53:04.461  5171  6223 I IWlanAidlClient: getDataRegistrationStateResponse called
07-28 18:53:04.461  5171  6222 W IWlanNetworkService: 12 > Response Processed
07-28 18:53:04.461  3431  4618 E ActivityThread: Failed to find provider info for com.cmccslice.proxyapp.provider
07-28 18:53:04.461  3431  4618 D CmccSliceManagerService: loadUrsp qcomCursor=null, count=-1, slotId=0
07-28 18:53:04.461  4894  4894 I KeyguardUpdateMonitor: action=android.intent.action.SERVICE_STATE subId=-1 slotId=1
07-28 18:53:04.461  3431  4618 D CmccSliceManagerService: loadUrsp: qcomCursor=[]
07-28 18:53:04.461  3431  4618 D CmccSliceManagerService: isFeatureEnable , rus : false Feature : false
07-28 18:53:04.461  3431  4618 D CmccSliceManagerService: requestSliceNetwork: feature not enabled
07-28 18:53:04.461  3431  4618 D CmccSliceManagerService: cleanUpAndRestartSlice qcom
07-28 18:53:04.462  4894  4894 W KeyguardUpdateMonitorLog: invalid subId in handleServiceStateChange()
07-28 18:53:04.462  4894  4894 I KeyguardUpdateMonitor: refreshSimState, changed:false,subId:1,slotId:0,state:5
07-28 18:53:04.462  4894  5199 I SystemUi--QuickSettings: Tile.OplusCellularTile-->updateCarrierText: dialog not showing, ignore
07-28 18:53:04.463  4959  4959 D OplusPowerUpOptimizationImpl: onReceive: org.codeaurora.intent.action.RADIO_POWER_STATE
07-28 18:53:04.463  4894  5199 D SimStateHelper: slot:0, lock state:Bundle[mParcelledData.dataSize=56]
07-28 18:53:04.463  4894  5199 D SimStateHelper: slot:1, lock state:Bundle[mParcelledData.dataSize=56]
07-28 18:53:04.463  4959  5499 D OplusPowerUpOptimizationImpl: handleMessage what = 6
07-28 18:53:04.463  4959  5499 D OplusPowerUpOptimizationImpl: radio is available for slot: 1
07-28 18:53:04.463  4959  5499 D OplusPowerUpOptimizationImpl: trySendPhoneReady for slot: 1
07-28 18:53:04.463  4959  5499 D OplusPowerUpOptimizationImpl: Not sending ATEL ready: States: [1: {true, true, true, true}]
07-28 18:53:04.463  4894  5199 D SimStateHelper: needDisableMenu: slot1State=-1; slot2State=-1
07-28 18:53:04.463  4894  5199 D SimStateHelper: needDisableMenu:false
07-28 18:53:04.463  4894  5199 I SystemUi--QuickSettings: Tile.OplusCellularTile-->updateCarrierText: dialog not showing, ignore
07-28 18:53:04.463  4894  5199 D SimStateHelper: slot:0, lock state:Bundle[mParcelledData.dataSize=56]
07-28 18:53:04.463  4959  4959 D CiWlanNotificationReceiver: ACTION_RADIO_POWER_STATE_CHANGED
07-28 18:53:04.463  4894  5199 D SimStateHelper: slot:1, lock state:Bundle[mParcelledData.dataSize=56]
07-28 18:53:04.463  4894  5199 D SimStateHelper: needDisableMenu: slot1State=-1; slot2State=-1
07-28 18:53:04.463  4894  5199 D SimStateHelper: needDisableMenu:false
07-28 18:53:04.464  4959  4959 D OplusTelephonyController: onSignalStrengthChanged: SignalStrength=SignalStrength:{mCdma=CellSignalStrengthCdma: cdmaDbm=2147483647 cdmaEcio=2147483647 evdoDbm=2147483647 evdoEcio=2147483647 evdoSnr=2147483647 level=0,mGsm=CellSignalStrengthGsm: rssi=2147483647 ber=2147483647 mTa=2147483647 mLevel=0,mWcdma=CellSignalStrengthWcdma: ss=2147483647 ber=2147483647 rscp=2147483647 ecno=2147483647 level=0,mTdscdma=CellSignalStrengthTdscdma: rssi=2147483647 ber=2147483647 rscp=2147483647 level=0,mLte=CellSignalStrengthLte: rssi=2147483647 rsrp=2147483647 rsrq=2147483647 rssnr=2147483647 cqiTableIndex=2147483647 cqi=2147483647 ta=2147483647 level=0 parametersUseForLevel=0,mNr=CellSignalStrengthNr:{ csiRsrp = 2147483647 csiRsrq = 2147483647 csiCqiTableIndex = 2147483647 csiCqiReport = [] ssRsrp = 2147483647 ssRsrq = 2147483647 ssSinr = 2147483647 level = 0 parametersUseForLevel = 0 timingAdvance = 2147483647 },primary=CellSignalStrengthLte}
07-28 18:53:04.464  4959  4959 D Telephony: isEmergencyPreferredAccount: subId=1, activeData=1
07-28 18:53:04.464  4959  4959 D Telephony: isEmergencyPreferredAccount: Device does not require preference.
07-28 18:53:04.464  3431  5341 W BestClock: java.time.DateTimeException: Missing network time fix
07-28 18:53:04.465  4959  4959 D InternationalRoamingNotification: init
07-28 18:53:04.465  5202  6191 D VirtualCommService2: isSupport. true, true
07-28 18:53:04.465  4959  4959 D OplusVirtualCommUtils: isVirtualCommSupport, vRet: true
07-28 18:53:04.465  3431  5376 W BestClock: java.time.DateTimeException: Missing network time fix
07-28 18:53:04.465  4959  4959 I OplusVirtualCommUtils: getVirtualCommDeviceType, vRet: 1
07-28 18:53:04.465  4959  4959 I OplusVirtualCommUtils: isConsumerDeviceType, deviceType: 1
07-28 18:53:04.466  4894  5842 V OplusCustomizeCacheManager: queryCache name: sys.cache.common_customize_cache18014 param: null
07-28 18:53:04.466  4894  5842 V OplusCustomizeCacheManager: queryCache name: sys.cache.common_customize_cache18017 param: Bundle[{SETTING=BLOCK, BUSINESS=NCT-DATA}]
07-28 18:53:04.466  4894  5842 V OplusCustomizeCacheManager: queryCache name: sys.cache.common_customize_cache18013 param: null
07-28 18:53:04.466  4959  4959 D InternationalRoamingNotification: do not createRoamingNotification for invalid Network
07-28 18:53:04.467  5202  5202 D SubsysEventListenerManager-SubsysTelephonyCallback[0]: onCellInfoChanged
07-28 18:53:04.467  3431  4544 D ConnectivityService: unregister offer from providerId 5 : NetworkOffer [ Provider Id (5) Score(Policies : YIELD_TO_BAD_WIFI&TRANSPORT_PRIMARY&EVER_EVALUATED&IS_UNMETERED&EVER_VALIDATED&IS_VALIDATED ; KeepConnected : 0) Caps [ Transports: CELLULAR|SATELLITE Capabilities: MMS&SUPL&DUN&FOTA&IMS&CBS&IA&RCS&XCAP&EIMS&INTERNET&NOT_RESTRICTED&TRUSTED&NOT_VPN&MCX&NOT_VCN_MANAGED&ENTERPRISE&VSIM&BIP&MMTEL&PRIORITIZE_LATENCY&PRIORITIZE_BANDWIDTH&NOT_BANDWIDTH_CONSTRAINED Specifier: <TelephonyNetworkSpecifier [mSubId = 1]> EnterpriseId: 1&2&3&4&5 UnderlyingNetworks: Null] Needed by [208, 136, 206, 251, 58, 112, 171, 281, 66, 50, 247, 132, 92, 149, 214, 219, 211, 181, 242, 9, 173, 244, 227, 75, 169, 258, 68, 48, 53, 26, 177, 277, 88, 249, 36, 269, 273, 134, 56, 71, 79, 283, 44, 40, 202, 191, 18, 32, 266, 164, 156, 83, 145, 30, 224, 199, 15, 28, 197, 238, 7, 34, 162, 175, 235, 264, 256, 85, 24, 46, 275, 105, 167, 159, 179, 229, 42, 102, 195, 141, 139, 279, 1, 38, 186, 253, 271, 154, 151, 98]]
07-28 18:53:04.467  3431  4544 D ConnectivityService: update offer from providerId 5 new : NetworkOffer [ Provider Id (5) Score(Policies : YIELD_TO_BAD_WIFI&TRANSPORT_PRIMARY&EVER_EVALUATED&IS_UNMETERED&EVER_VALIDATED&IS_VALIDATED ; KeepConnected : 0) Caps [ Transports: CELLULAR|SATELLITE Capabilities: MMS&SUPL&DUN&FOTA&IMS&CBS&IA&RCS&XCAP&EIMS&INTERNET&NOT_RESTRICTED&TRUSTED&NOT_VPN&MCX&NOT_VCN_MANAGED&ENTERPRISE&VSIM&BIP&MMTEL&PRIORITIZE_LATENCY&PRIORITIZE_BANDWIDTH&NOT_BANDWIDTH_CONSTRAINED Specifier: <TelephonyNetworkSpecifier [mSubId = 1]> EnterpriseId: 1&2&3&4&5 UnderlyingNetworks: Null] Needed by [208, 136, 206, 251, 58, 112, 171, 281, 66, 50, 247, 132, 92, 149, 214, 219, 211, 181, 242, 9, 173, 244, 227, 75, 169, 258, 68, 48, 53, 26, 177, 277, 88, 249, 36, 269, 273, 134, 56, 71, 79, 283, 44, 40, 202, 191, 18, 32, 266, 164, 156, 83, 145, 30, 224, 199, 15, 28, 197, 238, 7, 34, 162, 175, 235, 264, 256, 85, 24, 46, 275, 105, 167, 159, 179, 229, 42, 102, 195, 141, 139, 279, 1, 38, 186, 253, 271, 154, 151, 98]]
07-28 18:53:04.468  3431  4544 D ConnectivityService: unregister offer from providerId 6 : NetworkOffer [ Provider Id (6) Score(Policies : YIELD_TO_BAD_WIFI&EVER_EVALUATED&IS_UNMETERED&EVER_VALIDATED&IS_VALIDATED ; KeepConnected : 0) Caps [ Transports: CELLULAR|SATELLITE Capabilities: MMS&SUPL&DUN&FOTA&IMS&CBS&IA&RCS&XCAP&EIMS&INTERNET&NOT_RESTRICTED&TRUSTED&NOT_VPN&MCX&NOT_VCN_MANAGED&ENTERPRISE&VSIM&BIP&MMTEL&PRIORITIZE_LATENCY&PRIORITIZE_BANDWIDTH&NOT_BANDWIDTH_CONSTRAINED Specifier: <TelephonyNetworkSpecifier [mSubId = -1]> EnterpriseId: 1&2&3&4&5 UnderlyingNetworks: Null] Needed by [208, 136, 206, 251, 58, 112, 171, 281, 66, 50, 247, 132, 92, 149, 214, 219, 211, 181, 242, 9, 173, 244, 227, 75, 169, 258, 68, 48, 53, 26, 177, 277, 88, 249, 36, 269, 273, 134, 56, 71, 79, 283, 44, 40, 202, 191, 18, 32, 266, 164, 156, 83, 145, 30, 224, 199, 15, 28, 197, 238, 7, 34, 162, 175, 235, 264, 256, 85, 24, 46, 275, 105, 167, 159, 179, 229, 42, 102, 195, 141, 139, 279, 1, 38, 186, 253, 271, 154, 151, 98]]
07-28 18:53:04.468  3431  4544 D ConnectivityService: update offer from providerId 6 new : NetworkOffer [ Provider Id (6) Score(Policies : YIELD_TO_BAD_WIFI&EVER_EVALUATED&IS_UNMETERED&EVER_VALIDATED&IS_VALIDATED ; KeepConnected : 0) Caps [ Transports: CELLULAR|SATELLITE Capabilities: MMS&SUPL&DUN&FOTA&IMS&CBS&IA&RCS&XCAP&EIMS&INTERNET&NOT_RESTRICTED&TRUSTED&NOT_VPN&MCX&NOT_VCN_MANAGED&ENTERPRISE&VSIM&BIP&MMTEL&PRIORITIZE_LATENCY&PRIORITIZE_BANDWIDTH&NOT_BANDWIDTH_CONSTRAINED Specifier: <TelephonyNetworkSpecifier [mSubId = -1]> EnterpriseId: 1&2&3&4&5 UnderlyingNetworks: Null] Needed by [208, 136, 206, 251, 58, 112, 171, 281, 66, 50, 247, 132, 92, 149, 214, 219, 211, 181, 242, 9, 173, 244, 227, 75, 169, 258, 68, 48, 53, 26, 177, 277, 88, 249, 36, 269, 273, 134, 56, 71, 79, 283, 44, 40, 202, 191, 18, 32, 266, 164, 156, 83, 145, 30, 224, 199, 15, 28, 197, 238, 7, 34, 162, 175, 235, 264, 256, 85, 24, 46, 275, 105, 167, 159, 179, 229, 42, 102, 195, 141, 139, 279, 1, 38, 186, 253, 271, 154, 151, 98]]
07-28 18:53:04.468  3431  5376 W BestClock: java.time.DateTimeException: Missing network time fix
07-28 18:53:04.469  3431  5341 W BestClock: java.time.DateTimeException: Missing network time fix
07-28 18:53:04.469  1938  2004 I [UAH_CLIENT]: UahRelease, handle:44
07-28 18:53:04.469  4959  4959 V OplusCustomizeCacheManager: queryCache name: sys.cache.common_customize_cache18016 param: null
07-28 18:53:04.469  4959  4959 V OplusCustomizeCacheManager: queryCache name: sys.cache.common_customize_cache18013 param: null
07-28 18:53:04.469  4959  4959 V OplusCustomizeCacheManager: queryCache name: sys.cache.common_customize_cache18014 param: null
07-28 18:53:04.469  4894  5842 V OplusCustomizeCacheManager: queryCache name: sys.cache.common_customize_cache18014 param: null
07-28 18:53:04.469  4959  4959 V OplusCustomizeCacheManager: queryCache name: sys.cache.common_customize_cache18017 param: Bundle[{SETTING=BLOCK, BUSINESS=NCT-DATA}]
07-28 18:53:04.469  4894  5842 V OplusCustomizeCacheManager: queryCache name: sys.cache.common_customize_cache18017 param: Bundle[{SETTING=BLOCK, BUSINESS=NCT-DATA}]
07-28 18:53:04.469  4894  5842 V OplusCustomizeCacheManager: queryCache name: sys.cache.common_customize_cache18013 param: null
07-28 18:53:04.470  4959  4959 V OplusCustomizeCacheManager: queryCache name: sys.cache.common_customize_cache18016 param: null
07-28 18:53:04.470  4959  4959 V OplusCustomizeCacheManager: queryCache name: sys.cache.common_customize_cache18013 param: null
07-28 18:53:04.470  4959  4959 V OplusCustomizeCacheManager: queryCache name: sys.cache.common_customize_cache18014 param: null
07-28 18:53:04.470  4959  4959 V OplusCustomizeCacheManager: queryCache name: sys.cache.common_customize_cache18017 param: Bundle[{SETTING=BLOCK, BUSINESS=NCT-DATA}]
07-28 18:53:04.475  4894  4894 I SystemUi--QuickSettings: QsLottieUtils-->getLottieAnimFile : qs/qs_airplane_lottie_active_sep_dual_light.json
07-28 18:53:04.476  4894  4894 I SystemUi--QuickSettings: TemporarilyInfoManager-->[trigger] start from show
07-28 18:53:04.477  4894  4894 I SystemUi--QuickSettings: TemporarilyInfoManager-->[getLayoutParams] translationY=102.07849, translationX=0, width=1080, height=228, isLandscape=false, parent=androidx.constraintlayout.widget.ConstraintLayout{bc8b3f3 V.E...... ......ID 0,0-1080,2376 #7f0a09f6 app:id/qs_container_area_layout alpha=1.0 viewInfo = }
07-28 18:53:04.477  4894  4894 I SystemUi--Common: ViewExt-->[startAlongWithPosition] com.oplus.systemui.qs.base.temporarilyinfo.TemporarilyInfoManager$createViewToParent$1{84ce943 V.ED..... ......ID 0,0-0,0 #7f0a0cb6 app:id/temporarily_info_view alpha=0.0 viewInfo = } alongWith android.widget.RelativeLayout{4a3ebc0 V.E...... ........ 0,102-1080,222 #7f0a0a2e app:id/qs_status_bar_container_layout alpha=1.0 viewInfo = }
07-28 18:53:04.477  4894  4894 I SystemUi--QuickSettings: TemporarilyInfoManager-->[showElement] com.oplus.systemui.qs.base.temporarilyinfo.TemporarilyInfoManager$createViewToParent$1{84ce943 V.ED..... ......ID 0,0-0,0 #7f0a0cb6 app:id/temporarily_info_view alpha=0.0 viewInfo = } for Element(text=Airplane mode off, groupId=Airplane mode, style=InfoShowStyle(textSize=16.0, sizeUnit=2, textColor=-1, showDuration=1500, alongWithReplacedView=true))
07-28 18:53:04.477  4894  4894 I SystemUi--QuickSettings: TemporarilyInfoManager-->[animateShow] com.oplus.systemui.qs.base.temporarilyinfo.TemporarilyInfoManager$createViewToParent$1{84ce943 VFED..C.. ......ID 0,0-0,0 #7f0a0cb6 app:id/temporarily_info_view alpha=0.0 viewInfo = } start
07-28 18:53:04.504  4894  4894 I SystemUi--QuickSettings: QsLottieUtils-->getLottieAnimFile : qs/qs_cellular_lottie_active_sep_dual_light.json
07-28 18:53:04.509  1999  1999 D SensorFeature: name=ssc_screenshot_info ,index = 22
07-28 18:53:04.509  1999  1999 D SensorFeature: write 29 bytes:59220119977,59228453310,162,0
07-28 18:53:04.518  3469  3957 D QmiClient: qmiServiceEventCallback recv msg id 1106
07-28 18:53:04.518  3469  3957 D QmiVsClient: enter - onQmiServiceEventCallback msgId 1106
07-28 18:53:04.518  3469  3491 D VsProxy : handleMessage msg is 2425
07-28 18:53:04.518  3469  3491 D VsProxy : handleServingCellInfoChangeInd for instance 0
07-28 18:53:04.518  3469  3469 D RadioServiceIndication: radioServingCellInfoInd
07-28 18:53:04.518  3469  3469 D RadioServiceIndication: radioServingCellInfoInd
07-28 18:53:04.519  5202  5247 D SubsysRadioIndication[0]: radioServingCellInfoInd
07-28 18:53:04.519  5202  5247 D SubsysRadioIndication[0]: radioServingCellInfoInd
07-28 18:53:04.519  5202  5202 D NetworkService[0]: handleMessage what:1003
07-28 18:53:04.519  5202  5202 D NetworkService[0]: handleMessage what:1003
07-28 18:53:04.521  5030  5984 D RadioEvent: onCellInfoChanged slotId=0
07-28 18:53:04.521  5030  5984 D RadioEvent: onCellInfoChanged slotId=0
07-28 18:53:04.522  3469  3951 D QmiClient: qmiServiceEventCallback recv msg id 78
07-28 18:53:04.522  3469  3951 D QmiNasClient: enter : onQmiServiceEventCallback msgId 78
07-28 18:53:04.522  3469  3951 D QmiNasClientEvent: qmiNasClientNotifySysInfoEvent lte_ims_voice_avail_valid 0
07-28 18:53:04.522  3469  3511 D NasProxy: handleMessage msg is 2101
07-28 18:53:04.522  3469  3511 D NasProxy: handleNasSysInfoEvent for instance 0
07-28 18:53:04.523  5202  5247 D SubsysRadioIndication[0]: radioNr5gFreqTypeIndication, nr5gFreqType = 0
07-28 18:53:04.523  5202  5202 D QtiCellularNetwork: handleNr5gFreqTypeChanged 0, nr5gFreqType = 0
07-28 18:53:04.524  5109  6002 I QImsService: ImsRadioIndicationAidl : onServiceDomainChanged()[SUB0]
07-28 18:53:04.525  5109  6002 I QImsService: ImsSenderRxr : [UNSL]< UNSOL_SERVICE_DOMAIN_CHANGED 0[SUB0]
07-28 18:53:04.525  5109  5109 I QImsService: ImsRegistrationController : Message received: what = 5
07-28 18:53:04.526  5109  5109 I QImsService: ImsRegistrationController : handleSrvDomainChanged
07-28 18:53:04.528  5171  6158 D IWlanJni: getDataRegistrationState start
07-28 18:53:04.528  5171  6223 D IWlanJni: new aidl event arrived
07-28 18:53:04.528  5171  6223 D IWlanJni: handleEvent 10
07-28 18:53:04.528  5171  6223 D IWlanJni: isThreadAttached start
07-28 18:53:04.528  5171  6223 D IWlanJni: jni detached
07-28 18:53:04.528  5171  6223 D IWlanJni: jni attached
07-28 18:53:04.528  5171  6223 D IWlanJni: getDataRegistrationStateResponse start
07-28 18:53:04.528  5171  6223 D IWlanJni: getJavaCallbackClass start
