07-28 18:53:03.415  4894  4894 I SystemUi--Keyguard: ScrimControllerExImp-->blur State to UNLOCK, bouncer=false changeFromBouncerScrim= false runnerUnlock= false goingAway=false hasHandle=true isOccludeAnimationPlaying=false
07-28 18:53:03.423  4894  4894 I SystemUi--Keyguard: ScrimControllerExImp-->blur State to UNLOCK, bouncer=false changeFromBouncerScrim= false runnerUnlock= false goingAway=false hasHandle=true isOccludeAnimationPlaying=false
07-28 18:53:03.423  1922  1991 I SnapAlloc: Using graphics libs for alignment calculations
07-28 18:53:03.424  4894  4894 I SystemUi--Keyguard: ScrimControllerExImp-->blur State to UNLOCK, bouncer=false changeFromBouncerScrim= false runnerUnlock= false goingAway=false hasHandle=true isOccludeAnimationPlaying=false
07-28 18:53:03.431  4894  4894 I SystemUi--Keyguard: ScrimControllerExImp-->blur State to UNLOCK, bouncer=false changeFromBouncerScrim= false runnerUnlock= false goingAway=false hasHandle=true isOccludeAnimationPlaying=false
07-28 18:53:03.432  4894  4894 I SystemUi--Keyguard: ScrimControllerExImp-->blur State to UNLOCK, bouncer=false changeFromBouncerScrim= false runnerUnlock= false goingAway=false hasHandle=true isOccludeAnimationPlaying=false
07-28 18:53:03.440  4894  4894 I SystemUi--Keyguard: ScrimControllerExImp-->blur State to UNLOCK, bouncer=false changeFromBouncerScrim= false runnerUnlock= false goingAway=false hasHandle=true isOccludeAnimationPlaying=false
07-28 18:53:03.440  1922  1991 I SnapAlloc: Using graphics libs for alignment calculations
07-28 18:53:03.440  4894  4894 I SystemUi--Keyguard: ScrimControllerExImp-->blur State to UNLOCK, bouncer=false changeFromBouncerScrim= false runnerUnlock= false goingAway=false hasHandle=true isOccludeAnimationPlaying=false
07-28 18:53:03.448  4894  4894 I SystemUi--Keyguard: ScrimControllerExImp-->blur State to UNLOCK, bouncer=false changeFromBouncerScrim= false runnerUnlock= false goingAway=false hasHandle=true isOccludeAnimationPlaying=false
07-28 18:53:03.448  4894  4894 I SystemUi--Keyguard: ScrimControllerExImp-->blur State to UNLOCK, bouncer=false changeFromBouncerScrim= false runnerUnlock= false goingAway=false hasHandle=true isOccludeAnimationPlaying=false
07-28 18:53:03.456  4894  4894 I SystemUi--Keyguard: ScrimControllerExImp-->blur State to UNLOCK, bouncer=false changeFromBouncerScrim= false runnerUnlock= false goingAway=false hasHandle=true isOccludeAnimationPlaying=false
07-28 18:53:03.456  1922  1991 I SnapAlloc: Using graphics libs for alignment calculations
07-28 18:53:03.456  4894  4894 I SystemUi--Keyguard: ScrimControllerExImp-->blur State to UNLOCK, bouncer=false changeFromBouncerScrim= false runnerUnlock= false goingAway=false hasHandle=true isOccludeAnimationPlaying=false
07-28 18:53:03.465  4894  4894 I SystemUi--Keyguard: ScrimControllerExImp-->blur State to UNLOCK, bouncer=false changeFromBouncerScrim= false runnerUnlock= false goingAway=false hasHandle=true isOccludeAnimationPlaying=false
07-28 18:53:03.465  4894  4894 I SystemUi--Keyguard: ScrimControllerExImp-->blur State to UNLOCK, bouncer=false changeFromBouncerScrim= false runnerUnlock= false goingAway=false hasHandle=true isOccludeAnimationPlaying=false
07-28 18:53:03.473  4894  4894 I SystemUi--Keyguard: ScrimControllerExImp-->blur State to UNLOCK, bouncer=false changeFromBouncerScrim= false runnerUnlock= false goingAway=false hasHandle=true isOccludeAnimationPlaying=false
07-28 18:53:03.473  1922  1991 I SnapAlloc: Using graphics libs for alignment calculations
07-28 18:53:03.473  4894  4894 I SystemUi--Keyguard: ScrimControllerExImp-->blur State to UNLOCK, bouncer=false changeFromBouncerScrim= false runnerUnlock= false goingAway=false hasHandle=true isOccludeAnimationPlaying=false
07-28 18:53:03.481  4894  4894 I SystemUi--Keyguard: ScrimControllerExImp-->blur State to UNLOCK, bouncer=false changeFromBouncerScrim= false runnerUnlock= false goingAway=false hasHandle=true isOccludeAnimationPlaying=false
07-28 18:53:03.482  4894  4894 I SystemUi--Keyguard: ScrimControllerExImp-->blur State to UNLOCK, bouncer=false changeFromBouncerScrim= false runnerUnlock= false goingAway=false hasHandle=true isOccludeAnimationPlaying=false
07-28 18:53:03.489  4894  4894 I SystemUi--Keyguard: ScrimControllerExImp-->blur State to UNLOCK, bouncer=false changeFromBouncerScrim= false runnerUnlock= false goingAway=false hasHandle=true isOccludeAnimationPlaying=false
07-28 18:53:03.490  1922  1991 I SnapAlloc: Using graphics libs for alignment calculations
07-28 18:53:03.490  4894  4894 I SystemUi--Keyguard: ScrimControllerExImp-->blur State to UNLOCK, bouncer=false changeFromBouncerScrim= false runnerUnlock= false goingAway=false hasHandle=true isOccludeAnimationPlaying=false
07-28 18:53:03.498  4894  4894 I SystemUi--Keyguard: ScrimControllerExImp-->blur State to UNLOCK, bouncer=false changeFromBouncerScrim= false runnerUnlock= false goingAway=false hasHandle=true isOccludeAnimationPlaying=false
07-28 18:53:03.498  4894  4894 I SystemUi--Keyguard: ScrimControllerExImp-->blur State to UNLOCK, bouncer=false changeFromBouncerScrim= false runnerUnlock= false goingAway=false hasHandle=true isOccludeAnimationPlaying=false
07-28 18:53:03.506  4894  4894 I SystemUi--QuickSettings: TemporarilyInfoManager-->[setStarted] true
07-28 18:53:03.506  4894  4894 I SystemUi--QuickSettings: OplusQSRootViewController-->endClosing()
07-28 18:53:03.506  4894  4894 I SystemUi--Common: OplusShadeExpansionStat-->go state: OPENING -> OPEN
07-28 18:53:03.506  4894  4894 I SystemUi--Common: OplusShadeExpansionStat-->go state: OPENING -> OPEN
07-28 18:53:03.506  1922  1991 I SnapAlloc: Using graphics libs for alignment calculations
07-28 18:53:03.506  4894  4894 I SystemUi--Keyguard: ScrimControllerExImp-->blur State to UNLOCK, bouncer=false changeFromBouncerScrim= false runnerUnlock= false goingAway=false hasHandle=true isOccludeAnimationPlaying=false
07-28 18:53:03.506  4894  4894 I SystemUi--Common: PlatformBlurManagerImpl-->setPlatformBlurMode: blurMode=AUTO(blurFrequency=4)
07-28 18:53:03.506  4894  4894 I SystemUi--Common: PlatformBlurManagerImpl-->updateMotionFrequency: isExpanding=false
07-28 18:53:03.507  4894  4894 I SystemUi--Keyguard: ScrimControllerExImp-->blur State to UNLOCK, bouncer=false changeFromBouncerScrim= false runnerUnlock= false goingAway=false hasHandle=true isOccludeAnimationPlaying=false
07-28 18:53:03.507  4894  4894 I SystemUi--Device_Panel: OplusQSMyDeviceContainerViewController-->setQsDeviceExpansion expansion 1.0
07-28 18:53:03.507  4894  4894 I SystemUi--QuickSettings: QSPanelExpandFraction-->fractionAnimation onAnimationEnd, value=1.0
07-28 18:53:03.540  1922  1991 I SnapAlloc: Using graphics libs for alignment calculations
07-28 18:53:03.607  7227 11184 W AppLinksAsyncVerifierV2: Error performing check:  [CONTEXT service_id=244 ]
07-28 18:53:03.607  7227 10074 W AppLinksAsyncVerifierV2: Error performing check:  [CONTEXT service_id=244 ]
07-28 18:53:03.607  7227  7527 W AppLinksAsyncVerifierV2: Error performing check:  [CONTEXT service_id=244 ]
07-28 18:53:03.607  7227  9639 W AppLinksAsyncVerifierV2: Error performing check:  [CONTEXT service_id=244 ]
07-28 18:53:03.607  7227 11185 W AppLinksAsyncVerifierV2: Error performing check:  [CONTEXT service_id=244 ]
07-28 18:53:03.644  1851  4498 I sensors-hal: handle_oplus_wise_rgb_event:189, high_pwm_light:lux 174.7,cct 3587.9,brl/algo/ir 1330.0/2.0/25.4,pwm/dc 0.0/0.0,rgbc 13728.534180/9303.236328/3967.492676/25757.791016,ts 58108707130,cnt 830,flag 158
07-28 18:53:03.645  1923  4485 I Dpps    : LtmSwState::SetParameter():144 ignore cmd 7 in state LtmOffState
07-28 18:53:03.650  3431  3779 D VRR [OPlusSAManager]: updateAutoMinfps with nits: 98.42821, mHistOK true, mAmbientOK true, mCctOK true, mIrOK true, mBrightnessOK true, isPkgOK true, SA min fps: 119
07-28 18:53:03.650  3431  3779 D VRR [OPlusSurfaceFlingerController]: setAutoMode enable: true fakeFrame: true fps: 119
07-28 18:53:03.650  2181  2373 I VRR-[OPlusAdfrUtil]: ADFR try set Auto mode with mode 1 fakeframe 1 min fps 119
07-28 18:53:03.650  2181  2373 D VRR-[OPlusRefreshRateSelector]: OSyncModes add size is 1.
07-28 18:53:03.650  2181  2373 I VRR-[OPlusRefreshRateSelector]: updateAutoMode success, display 0, mode 0, fakeframe 1, min fps: 1
07-28 18:53:03.650  2181  3186 D VRR-[OPlusRefreshRateSelector]: handleSetHWCOSync
07-28 18:53:03.650  2181  3186 D VRR-[OPlusRefreshRateSelector]: OSyncModes remaining size is 0.
07-28 18:53:03.650  2181  3186 D VRR-[OPlusRefreshRateSelector]: SetHWCOSync with 5CC08181
07-28 18:53:03.651  1923  1923 I SDM     : DisplayBuiltIn::SetQSyncMode: VRR + update qsync mode 0 minfps 00C08181
07-28 18:53:03.654  1923  2165 E SDM     : DRMConnector::Perform: Connector 67: Setting Qsync min fps 12616065
07-28 18:53:03.687  1999  1999 D SensorFeature: name=ssc_screenshot_info ,index = 22
07-28 18:53:03.687  1999  1999 D SensorFeature: write 29 bytes:58398496227,58406829560,159,0
07-28 18:53:03.759 11380 11524 W StatisticsProvider: E_duration error:For input string: ""
07-28 18:53:03.759 11380 11524 D DeviceGuideUtil: isCtaPass:true
07-28 18:53:03.910  1923  4485 I Dpps    : LtmSwState::SetParameter():144 ignore cmd 7 in state LtmOffState
07-28 18:53:03.962  1999  1999 D SensorFeature: name=ssc_screenshot_info ,index = 22
07-28 18:53:03.962  1999  1999 D SensorFeature: write 29 bytes:58672275081,58680608414,160,0
07-28 18:53:04.065  2010  2083 D BatteryChargeControl: bcc get no support from charging protocol
07-28 18:53:04.102  2010  7349 D charge_time: type=sdp,reserve_soc=2,soc=56,ui_soc=59,current=184,avg=183,not_chg_cnt=0,stable_cnt=7,fcc=5724,fcc_ratio=94,delta=43,debug=0,region=15,ttf=22519(06:15:19),ui_ttf=17202(04:46:42)
07-28 18:53:04.146  4894  5100 D OplusScrollToTopManager: NotificationShade,This com.android.systemui.shade.NotificationShadeWindowView{5829de0 V.E...... ........ 0,0-1080,2376 #7f0a06b7 app:id/legacy_window_root alpha=1.0 viewInfo = } change focus to true
07-28 18:53:04.146  5230  5579 D OplusScrollToTopManager: com.android.launcher/com.android.launcher.Launcher,This com.android.internal.policy.DecorView{144b942 V.E...... R....... 0,0-1080,2376 aid=0 alpha=1.0 viewInfo = }[Launcher] change focus to false
07-28 18:53:04.146  4894  5100 D OplusScrollToTopManager: NotificationShade, registerGuidePopupDismissReceiverInSystemUI
07-28 18:53:04.147  4894  5100 D OplusScrollToTopManager: NotificationShade, after registerGuidePopupDismissReceiverInSystemUI
07-28 18:53:04.174  1851  4498 I sensors-hal: handle_oplus_wise_rgb_event:189, high_pwm_light:lux 175.9,cct 3574.1,brl/algo/ir 1330.0/2.0/24.2,pwm/dc 0.0/0.0,rgbc 13769.585938/9331.321289/3987.173096/25924.019531,ts 58656477286,cnt 840,flag 160
07-28 18:53:04.175  1923  4485 I Dpps    : LtmSwState::SetParameter():144 ignore cmd 7 in state LtmOffState
07-28 18:53:04.205  6512  6596 E oiface  : sched_setaffinity failed
07-28 18:53:04.207  2010  2010 D vendor.oplus.hardware.charger-V7-service: getChargerControl:
07-28 18:53:04.222  2003  2003 E PerformanceService: storage_feature: open /sys/devices/platform/soc/112b0000.ufshci//virtualtlcbuff fail
07-28 18:53:04.229  3431  5321 W BestClock: java.time.DateTimeException: Missing network time fix
07-28 18:53:04.229  3431  5321 W BestClock: java.time.DateTimeException: Missing network time fix
07-28 18:53:04.229  3431  5341 W BestClock: java.time.DateTimeException: Missing network time fix
07-28 18:53:04.235  1999  1999 D SensorFeature: name=ssc_screenshot_info ,index = 22
07-28 18:53:04.235  1999  1999 D SensorFeature: write 29 bytes:58946239613,58954572946,161,0
07-28 18:53:04.365  3431  5341 I InputDispatcher: injectInputEvent: targetUid=<not set>, syncMode=WAIT_FOR_FINISHED, timeout=30000ms, policyFlags=0x8000000, event=MotionEvent { action=DOWN, id[0]=0, x[0]=877, y[0]=1330, eventTime=59085000000, downTime=59085000000, deviceId=4, source=TOUCHSCREEN, displayId=0, eventId=0xc75aaf68}
07-28 18:53:04.366  3431  4850 I [UAH_CLIENT]: UahEventAcquire, cmdid:37, pkg:none, identity:OplusUAwareInputHelper
07-28 18:53:04.366  4894  4894 V AutofillManager: requestHideFillUi(null): anchor = null
07-28 18:53:04.366  4894  4894 V Application: getAutofillClient(): null on super, trying to find activity thread
07-28 18:53:04.366  4894  4894 V Application: getAutofillClient(): none of the 0 activities on com.android.systemui.SystemUIApplication@2685519 are top resumed nor have focus
07-28 18:53:04.366  4894  4894 V AutofillManager: No AutofillClient for com.android.systemui on context com.android.systemui.SystemUIApplication@2685519
07-28 18:53:04.366  3431  3738 D PowerManagerService: userActivityNoUpdateLocked: groupId=0, eventTime=59085, event=touch, flags=0x0, uid=1000
07-28 18:53:04.366  3431  4850 D UAH-UahAdaptHelper: adaptSetNotification identity = OplusUAwareInputHelpersrc = 1000 , type 0 ,p1 = -1 ,p2 = -1 ,p3 = -1 ,p4 =
07-28 18:53:04.366  3431  4850 I [UAH_CLIENT]: uahRuleCtl, ruleId:1000, status:0
07-28 18:53:04.367  4894  4894 I SystemUi--Common: ScrollTranslationValue-->resetPanelTranslationY
07-28 18:53:04.368  4894  4894 I SystemUi--QuickSettings: OplusPanelViewPagerController-->initExpanded downExpanded=QS downOnRight=true targetPage=QS downOnYHotArea=false  isKeyguardShowing=false isOnKeyguard=false fractionListeners.size=0 currentQsFraction=1.0 currentNotifyFraction=0.0 hasCalledDownEvent=true getScrollXHotZone=([Rect(0, 0 - 1080, 2376)], [Rect(-1, -1 - -1, -1), Rect(144, 2143 - 270, 2269), Rect(810, 2143 - 936, 2269)]) getScrollYHotZone=Rect(0, 0 - 1080, 222) notifyExpandedFraction=0.0 isLastUpToExpand=true qsPanelView.translationX=0.0
07-28 18:53:04.368  4894  4894 I SystemUi--QuickSettings: OplusQSRootViewController-->startExpandMotion event: 0, startTracking: false isClosing: false panelClosedOnDown: false
07-28 18:53:04.368  4894  4894 I SystemUi--QuickSettings: OplusQSRootViewController-->initialOffsetOnTouch: 2376.0, panelClosedOnDown: false
07-28 18:53:04.368  3431  4671 D OMP_Detector: D:done mCurrStatus: 0
07-28 18:53:04.369  3431  5341 I InputDispatcher: injectInputEvent: targetUid=<not set>, syncMode=WAIT_FOR_FINISHED, timeout=30000ms, policyFlags=0x8000000, event=MotionEvent { action=UP, id[0]=0, x[0]=877, y[0]=1330, eventTime=59085000000, downTime=59085000000, deviceId=4, source=TOUCHSCREEN, displayId=0, eventId=0xcbdc3eaf}
07-28 18:53:04.370  3431  4850 D UAH-UahAdaptHelper: adaptSetNotification identity = OplusUAwareInputHelpersrc = 1000 , type 1 ,p1 = -1 ,p2 = -1 ,p3 = -1 ,p4 =
07-28 18:53:04.370  3431  4850 I [UAH_CLIENT]: uahRuleCtl, ruleId:1000, status:1
07-28 18:53:04.370  4894  4894 I SystemUi--Statusbar: OplusStatusBarWindowViewTouchExImpl-->onTouchEvent handled:false
07-28 18:53:04.371  4894  4894 I SystemUi--QuickSettings: OplusPanelViewPagerController-->reset
07-28 18:53:04.371  4894  4894 I SystemUi--QuickSettings: OplusQSRootViewController-->resetTouch
07-28 18:53:04.371  4894  4894 D OplusViewDragTouchViewHelper: dispatchTouchView action = 1
07-28 18:53:04.371  4894  4894 D ViewRootImplExtImpl: the up motion event handled by client, just return
07-28 18:53:04.372  4894  4894 I SystemUi--QuickSettings: Tile.OplusAirplaneModeTile-->clicked ------ state is :2 canTips :true
07-28 18:53:04.372  4894  5462 V OplusCustomizeCacheManager: queryCache name: sys.cache.common_customize_cache18026 param: null
07-28 18:53:04.372  4894  5462 V OplusCustomizeCacheManager: queryCache name: sys.cache.common_customize_cache18026 param: null
07-28 18:53:04.374  3431  4648 D OplusWifiSwitchStateMonitor: mWifiSettingsValue:0
07-28 18:53:04.374  3431  4648 D OplusWifiSwitchStateMonitor: notify scan state: true
07-28 18:53:04.374  2003  2003 E PerformanceService: [damon_reclaim] Failed to open wmarks_xxx, Linux version 6.6.30
07-28 18:53:04.374  3431  3431 D OplusWifiBroadCastDispatcher: mBroadcastReceiver: onReceiver  action=android.intent.action.AIRPLANE_MODE
07-28 18:53:04.374  3431  4647 D OplusWifiPower_ConnLpmEventObsever: AIRPLANE_MODE_ON:false
07-28 18:53:04.374  3431  4354 E PerformanceManager: setDamonReclaimWmarks succeed.
07-28 18:53:04.374  4894  5842 I SystemUi--QuickSettings: Tile.OplusAirplaneModeTile-->handleUpdateState state.state: 2 value: 0
07-28 18:53:04.374  4894  5842 V OplusCustomizeCacheManager: queryCache name: sys.cache.common_customize_cache18026 param: null
07-28 18:53:04.374  5202  5202 D SubsysBroadcastManager: onReceive action:android.intent.action.AIRPLANE_MODE
07-28 18:53:04.374  4894  5842 V OplusCustomizeCacheManager: queryCache name: sys.cache.common_customize_cache11009 param: null
07-28 18:53:04.375  5202  5202 D NetworkService[0]: onAirPlaneModeChange isAirPlaneModeOn:false
07-28 18:53:04.375  5202  5202 D NetworkService[1]: onAirPlaneModeChange isAirPlaneModeOn:false
07-28 18:53:04.375  5202  5202 D QuickChangeAirplaneModeEvent: airplane mode off
07-28 18:53:04.375  7359 12865 I SettingImpl: isAirplaneModeToggleChecked switchValue: -1, airplane mode isChecked is false
07-28 18:53:04.375  5030  5987 D OplusLinkBoostMeeting: onAirplaneModeChange
07-28 18:53:04.376  5030  5989 D NAS-CallIssueDetector: notifyApmChanged
07-28 18:53:04.376  3431  4531 D WifiController: Airplane mode disabled, determine next state
07-28 18:53:04.376  3431  4531 D WifiActiveModeWarden: Starting primary ClientModeManager in scan only mode
07-28 18:53:04.376  5044  5044 W Settings: Setting airplane_mode_on has moved from android.provider.Settings.System to android.provider.Settings.Global, returning read-only value.
07-28 18:53:04.376  5030  7480 I PCDR-common_no_service[0]: forbidden
07-28 18:53:04.376  5030  7480 I PCDR-common_no_45g[0]: forbidden
07-28 18:53:04.376  5030  7480 I PCDR-common_no_service[1]: forbidden
07-28 18:53:04.376  5030  7480 I PCDR-common_no_45g[1]: forbidden
07-28 18:53:04.377  5093  7967 I txpwradmin:SettingsObserver: onChange for uri = content://settings/global/airplane_mode_on
07-28 18:53:04.377  4894  4894 I SystemUi--Statusbar: OplusStatusBarSignalPolicy-->imsIcon: OplusIMSModel(shouldShowVolte=false, shouldShowVowifi=false, simInserted=true, noSim=false, shouldShowVodata=false, shouldShowVo5G=false, vowifiState=false), OplusIMSModel(shouldShowVolte=false, shouldShowVowifi=false, simInserted=false, noSim=true, shouldShowVodata=false, shouldShowVo5G=false, vowifiState=false), noSubs:false, airplaneMode:falsevisible: false ,wifiConnect:false , vowifiIcon:0 , voDataStatus:false, is5GNewCall:false
07-28 18:53:04.377  5030  5989 D NAS-CallIssueDetector: EVENT_SIM_STATE_CHANGE mSimState[0] LOADED
07-28 18:53:04.377  5030  5989 D SceneEvent: registerSensorMgr start
07-28 18:53:04.377  4894  4894 I SystemUi--Statusbar: OplusStatusBarSignalPolicy-->noSimIcon simState: SimStateModel(simInserted=[true, false], simForbidden=[false, true], simStateIMSI=[true, false], simLoaded=[true, false]), noSubs:false isAirplaneMode:false
07-28 18:53:04.377  4894  4894 I SystemUi--Statusbar: OplusMobileIconViewModel-->isVisible subId:1 isAirplaneMode:false isAllowedDuringAirplaneMode:false isForceHidden:false isSatelliteForbid:false
07-28 18:53:04.377  4894  4894 I SystemUi--Statusbar: OplusStatusBarMobileViewBinder-->isVisible:true
07-28 18:53:04.377  4894  4894 I SystemUi--Statusbar: OplusStatusBarMobileViewBinder-->isVisible:true
07-28 18:53:04.377  4894  4894 I SystemUi--Statusbar: OplusStatusBarMobileViewBinder-->isVisible:true
07-28 18:53:04.377  4894  4894 I SystemUi--Statusbar: OplusStatusBarMobileViewBinder-->isVisible:true
07-28 18:53:04.377  4894  4894 I SystemUi--Statusbar: OplusStatusBarMobileViewBinder-->isVisible:true
07-28 18:53:04.377  3431  4480 D BluetoothSystemServer: BluetoothRadioModeListener: Not sensitive to airplane_mode_radios change. Forced to false
07-28 18:53:04.377  4959  4959 W Settings: Setting airplane_mode_on has moved from android.provider.Settings.System to android.provider.Settings.Global, returning read-only value.
07-28 18:53:04.377  4959  4959 W Settings: Setting airplane_mode_on has moved from android.provider.Settings.System to android.provider.Settings.Global, returning read-only value.
07-28 18:53:04.378  4894  5842 I SystemUi--QuickSettings: Tile.OplusAirplaneModeTile-->handleUpdateState state.state: 1 value: 0
07-28 18:53:04.378  4894  5842 V OplusCustomizeCacheManager: queryCache name: sys.cache.common_customize_cache18026 param: null
07-28 18:53:04.378  4959  4959 W Settings: Setting airplane_mode_on has moved from android.provider.Settings.System to android.provider.Settings.Global, returning read-only value.
07-28 18:53:04.378  4959  4959 W Settings: Setting airplane_mode_on has moved from android.provider.Settings.System to android.provider.Settings.Global, returning read-only value.
07-28 18:53:04.378  4959  4959 W Settings: Setting airplane_mode_on has moved from android.provider.Settings.System to android.provider.Settings.Global, returning read-only value.
07-28 18:53:04.378  5030  6070 D ElevatorEvent: enableElevatorDetect mIsElevSensorReg = false
07-28 18:53:04.378  5030  6070 V SystemSensorManagerExtImpl: RegisterListener elevator_detect  Wakeup type:33171036 delay:200000us by com.oplus.nas.comm.event.ElevatorEvent$a@2b69a66 from com.oplus.nas
07-28 18:53:04.378  5093  7967 D txpwrJni: sendRadioStatus start
07-28 18:53:04.378  3431  4237 D SensorService: createSensorEventConnection packageName = com.oplus.nas.comm.event.ElevatorEvent, opPackageName = com.oplus.nas, mCurrentOperatingMode = 0, requestedMode = 0
07-28 18:53:04.378  4959  4959 D PhoneGlobals: ACTION_AIRPLANE_MODE_CHANGED received
07-28 18:53:04.378  4959  4959 D PhoneGlobals: Receive ACTION_AIRPLANE_MODE_CHANGED, state: false
07-28 18:53:04.378  4959  4959 I PhoneGlobals: handleAirplaneModeChange: isAirplaneNewlyOn=false
07-28 18:53:04.378  4959  4959 D PhoneGlobals: handleAirplaneModeChange: isAirplaneNewlyOn = false, cellState = 2
07-28 18:53:04.378  4959  4959 I PhoneGlobals: Turning radio on - airplane
07-28 18:53:04.379  5202  5202 W Settings: Setting airplane_mode_on has moved from android.provider.Settings.System to android.provider.Settings.Global, returning read-only value.
07-28 18:53:04.379  3431  4531 D WifiController: DisabledState.exit()
07-28 18:53:04.379  3431  4531 D WifiController: EnabledState.enter()
07-28 18:53:04.379  5030  5984 D ResidenceLocSm: onPreHandleMessage 49
07-28 18:53:04.379  5030  5984 D ResidenceLocSm: onPostHandleMessage 49
07-28 18:53:04.379  3431  4237 W SensorService: SensorEventConnection sensor handle=1362, package = com.oplus.nas.comm.event.ElevatorEvent enable
07-28 18:53:04.379  3431  4237 E SensorService: Required app com.oplus.nas.comm.event.ElevatorEvent, uid 1000, pid 5030
07-28 18:53:04.379  3431  4237 D SensorService: Calling batch handle==1362 flags=0rate=200000000 timeout== 0
07-28 18:53:04.380  3431  4237 D SensorService: SensorDevice::batch: ident=0xb40000733c32fd00, handle=0x00000552, flags=0, period_ns=200000000 timeout=0
07-28 18:53:04.380  3431  4237 D SensorService: 	>>> actuating h/w BATCH 0x00000552 200000000 0
07-28 18:53:04.380  3431  4531 D WifiClientModeManager[59096:unknown]: entering IdleState
07-28 18:53:04.380  4894  4894 D RowAnimatorExtImpl: init:tx,view:StatusBarIconView(slot='volume' alpha=1.0 icon=StatusBarIcon(icon=Icon(typ=RESOURCE pkg=com.android.systemui id=0x7f0818f0) visible user=0 ) visibleState=ICON iconColor=#ccffffff staticDrawableColor=#ccffffff decorColor=#ffffffff animationStartColor=#0 currentSetColor=#ccffffff notification=null),translationX:  9.0  0.0  
07-28 18:53:04.380  1851  1851 I sensors-hal: batch:153, qti.sensor.elevator_detect/1362, period=200000000, max_latency=0
07-28 18:53:04.380  4894  4894 D RowAnimatorExtImpl: init:tx,view:StatusBarIconView(slot='zen' alpha=1.0 icon=StatusBarIcon(icon=Icon(typ=RESOURCE pkg=com.android.systemui id=0x7f0818e1) visible user=0 ) visibleState=ICON iconColor=#ccffffff staticDrawableColor=#ccffffff decorColor=#ffffffff animationStartColor=#0 currentSetColor=#ccffffff notification=null),translationX:  57.0  48.0  
07-28 18:53:04.380  1851  1851 I sensors-hal: batch:175, qti.sensor.elevator_detect/1362, period=200000000, max_latency=0 request completed
07-28 18:53:04.380  3431  4237 D SensorService: Calling activate on 1362
07-28 18:53:04.380  3431  4237 D SensorService: SensorDevice::activate: ident=0xb40000733c32fd00, handle=0x00000552, enabled=1, count=1
07-28 18:53:04.380  3431  4237 D SensorService: enable index=0
07-28 18:53:04.380  3431  4237 D SensorService: info.numActiveClients() = 1, info.isActive = 0
07-28 18:53:04.380  3431  4237 D SensorService: activateHardware = 1
07-28 18:53:04.380  5109  5109 I QImsService: OplusWifiApmStateMgr : ACTION_AIRPLANE_MODE_CHANGED,mIsAirplaneModeOn: false
07-28 18:53:04.380  3431  4237 D SensorService: 	>>> actuating h/w activate handle=1362 enabled=1
07-28 18:53:04.380  1851  1851 I sensors-hal: activate:112, qti.sensor.elevator_detect/1362 en=1
07-28 18:53:04.380  5109  5109 I QImsService: OplusImsServiceSubImpl : onTurnOffImsAfterWifiChanged : false
07-28 18:53:04.380  4894  4894 D RowAnimatorExtImpl: init:tx,view:StatusBarIconView(slot='volume' alpha=1.0 icon=StatusBarIcon(icon=Icon(typ=RESOURCE pkg=com.android.systemui id=0x7f0818f0) visible user=0 ) visibleState=ICON iconColor=#ccffffff staticDrawableColor=#ccffffff decorColor=#ffffffff animationStartColor=#0 currentSetColor=#ccffffff notification=null),translationX:  9.0  0.0  
07-28 18:53:04.380  1851  1851 I sensors-hal: acquire_qsh_interface:131, acquire_qsh_interface with sensor_id 28 , conn_type 2 
07-28 18:53:04.380  5109  5109 I QImsService: OplusImsServiceSubImpl : onTurnOffImsAfterWifiChanged : false
07-28 18:53:04.380  4894  4894 D RowAnimatorExtImpl: init:tx,view:StatusBarIconView(slot='zen' alpha=1.0 icon=StatusBarIcon(icon=Icon(typ=RESOURCE pkg=com.android.systemui id=0x7f0818e1) visible user=0 ) visibleState=ICON iconColor=#ccffffff staticDrawableColor=#ccffffff decorColor=#ffffffff animationStartColor=#0 currentSetColor=#ccffffff notification=null),translationX:  57.0  48.0  
07-28 18:53:04.381  4894  4894 D RowAnimatorExtImpl: init:tx,view:StatusBarIconView(slot='volume' alpha=1.0 icon=StatusBarIcon(icon=Icon(typ=RESOURCE pkg=com.android.systemui id=0x7f0818f0) visible user=0 ) visibleState=ICON iconColor=#ccffffff staticDrawableColor=#ccffffff decorColor=#ffffffff animationStartColor=#0 currentSetColor=#ccffffff notification=null),translationX:  9.0  0.0  
07-28 18:53:04.381  4894  4894 D RowAnimatorExtImpl: init:tx,view:StatusBarIconView(slot='zen' alpha=1.0 icon=StatusBarIcon(icon=Icon(typ=RESOURCE pkg=com.android.systemui id=0x7f0818e1) visible user=0 ) visibleState=ICON iconColor=#ccffffff staticDrawableColor=#ccffffff decorColor=#ffffffff animationStartColor=#0 currentSetColor=#ccffffff notification=null),translationX:  57.0  48.0  
07-28 18:53:04.381  3431  4480 D BluetoothSystemServer: AirplaneModeListener: Ignore mode change to same state. previousMode=false, isOn=false, isOnOverrode=false, isMediaConnected=false
07-28 18:53:04.381  1819  1862 E minksocket: MinkIPC ERROR: ( 1819:1862 ) MinkIPC_preProcess:272 Client down, but cannot find corresponding minksession
07-28 18:53:04.381  5044  5044 I HidlServiceManagement: Trying to get transport of vendor.oplus.hardware.appradio@1.0::IOplusAppRadio/oplus_app_slot1 without hwservicemanager
07-28 18:53:04.381  5044  5044 E NhsAppRIL/0: in getOplusRadioProxy getService: Exception: java.util.NoSuchElementException
07-28 18:53:04.381  5202  5202 D RadioMessenger: handleMessage Request msgid 2215
07-28 18:53:04.381  1819  1872 E minksocket: MinkIPC ERROR: ( 1819:1872 ) MinkIPC_preProcess:272 Client down, but cannot find corresponding minksession
07-28 18:53:04.382  1819  1872 E minksocket: MinkIPC ERROR: ( 1819:1872 ) MinkIPC_preProcess:272 Client down, but cannot find corresponding minksession
07-28 18:53:04.382  1819  1862 E minksocket: MinkIPC ERROR: ( 1819:1862 ) MinkIPC_preProcess:272 Client down, but cannot find corresponding minksession
07-28 18:53:04.382  5202  5202 D RadioProxyJ: [PHONE0][92]> getNecData moduleId:1 evtId:[0, 16, 0, 0, 0, 0, 0, 0, 0, 0, 0, 0, 0, 0, 0, 0, 0, 0, 0, 0, 0, 0, 0, 0, 0, 0, 0, 0, 0, 0, 0, 0]
07-28 18:53:04.382  4894  5199 I SystemUi--QuickSettings: Tile.OplusCellularTile-->updateCarrierText: dialog not showing, ignore
07-28 18:53:04.383  1819  1862 E minksocket: MinkIPC ERROR: ( 1819:1862 ) MinkIPC_preProcess:272 Client down, but cannot find corresponding minksession
07-28 18:53:04.383  1819  1872 E minksocket: MinkIPC ERROR: ( 1819:1872 ) MinkIPC_preProcess:272 Client down, but cannot find corresponding minksession
07-28 18:53:04.383  1851  1851 I sensors-hal: qsh_qmi:34, qsh_qmi
07-28 18:53:04.383  1851  1851 I sensors-hal: send_sync_sensor_request:443, send sync request
07-28 18:53:04.383  1851  1851 I sensors-hal: send_sync_sensor_request:472, wait for notification of response
07-28 18:53:04.384  3469  3491 D QmiVsClient: getNecData - enter
07-28 18:53:04.384  1882  4666 W android.hardware.wifi-service: No active wlan interfaces in use! Using default
07-28 18:53:04.384  1819  1872 E minksocket: MinkIPC ERROR: ( 1819:1872 ) MinkIPC_preProcess:272 Client down, but cannot find corresponding minksession
07-28 18:53:04.384  1819  1862 E minksocket: MinkIPC ERROR: ( 1819:1862 ) MinkIPC_preProcess:272 Client down, but cannot find corresponding minksession
07-28 18:53:04.384  3469  3491 E QmiVsClient: sendAsyncRequest QMI_VS_GET_NEC_DATA_REQ_MSG_V01 ret 0
07-28 18:53:04.385  5044  5044 D NhsElevatorReceiver: enableElevatorDetect mIsElevSensorReg = false
07-28 18:53:04.385  5044  5044 V SystemSensorManagerExtImpl: RegisterListener elevator_detect  Wakeup type:33171036 delay:200000us by t0.g$b@b0160db from com.oplus.nhs
07-28 18:53:04.385  3431  5321 D SensorService: createSensorEventConnection packageName = t0.g, opPackageName = com.oplus.nhs, mCurrentOperatingMode = 0, requestedMode = 0
07-28 18:53:04.385  4894  5199 D SimStateHelper: slot:0, lock state:Bundle[mParcelledData.dataSize=56]
07-28 18:53:04.385  4894  5199 D SimStateHelper: slot:1, lock state:Bundle[mParcelledData.dataSize=56]
07-28 18:53:04.385  4894  5199 D SimStateHelper: needDisableMenu: slot1State=-1; slot2State=-1
07-28 18:53:04.385  4894  5199 D SimStateHelper: needDisableMenu:false
07-28 18:53:04.386  3431  4531 D OplusWifiConcurrentManager: isConcurrentCombinationAllowed : createMode= 0, requestType =-1
07-28 18:53:04.387  1851 13119 I sensors-hal: qsh_conn_resp_cb:793, resp_value = 0 for elevator_detect 
07-28 18:53:04.387  1851  1851 I sensors-hal: send_sync_sensor_request:478, takes 4 ms to receive the response with 0
07-28 18:53:04.387  1851  1851 I sensors-hal: activate:131, qti.sensor.elevator_detect/1362 en=1 completed
07-28 18:53:04.388  3431  4237 D SensorService: 0xb40000733c32fd00 addFd fd=840
07-28 18:53:04.388  3431  4531 I HalDevMgr: currentModeId=3, requestModeId=3, currentModeIdValid=true
07-28 18:53:04.388  5030  6070 D ElevatorEvent: elevator:registerForElevatorDetect  , true mIsElevSensorReg = true
07-28 18:53:04.388  5030  6070 D SceneEvent: registerSensorMgr start
07-28 18:53:04.388  5030  6070 D SceneEvent: registerSensorMgr already start,return
07-28 18:53:04.388  1882  4666 D WifiHAL : wifi_set_interface_mode: ifname=wlan0 iface_type=0
07-28 18:53:04.388  1882  4666 I android.hardware.wifi-service: Adding interface handle for p2p0
07-28 18:53:04.388  1882  4666 I android.hardware.wifi-service: Adding interface handle for wifi-aware0
07-28 18:53:04.388  1882  4666 I android.hardware.wifi-service: Adding interface handle for wlan0
07-28 18:53:04.389  3431  5341 W SensorService: SensorEventConnection sensor handle=1362, package = t0.g enable
07-28 18:53:04.389  3431  5341 E SensorService: Required app t0.g, uid 1001, pid 5044
07-28 18:53:04.389  3431  5341 D SensorService: Calling batch handle==1362 flags=0rate=200000000 timeout== 0
07-28 18:53:04.389  3431  5341 D SensorService: SensorDevice::batch: ident=0xb40000732fa157c0, handle=0x00000552, flags=0, period_ns=200000000 timeout=0
07-28 18:53:04.389  3431  5341 D SensorService: Calling activate on 1362
07-28 18:53:04.389  3431  5341 D SensorService: SensorDevice::activate: ident=0xb40000732fa157c0, handle=0x00000552, enabled=1, count=2
07-28 18:53:04.389  3431  5341 D SensorService: enable index=0
07-28 18:53:04.389  3431  5341 D SensorService: info.numActiveClients() = 2, info.isActive = 1
07-28 18:53:04.389  3431  5341 D SensorService: activateHardware = 0
07-28 18:53:04.389  3431  5341 D SensorService: 0xb40000732fa157c0 addFd fd=920
07-28 18:53:04.389  5044  5044 D NhsElevatorReceiver: elevator:registerForElevatorDetect  , true mIsElevSensorReg = true
07-28 18:53:04.389  5044  5044 D NhsSceneReceiver: registerSensorMgr start
07-28 18:53:04.389  3431  4531 D HalDevMgr: updateRttController: no one is interested in RTT controllers
07-28 18:53:04.389  5044  5044 V SystemSensorManagerExtImpl: RegisterListener oplus_activity_recognition  Wakeup type:33171037 delay:200000us by t0.k$a@f7b2778 from com.oplus.nhs
07-28 18:53:04.389  3431  4531 E HalDevMgr: removeP2pAndSapCombination do nothing: mIsAddedP2pAndSapCombination = false
07-28 18:53:04.389  1882  4666 W android.hardware.wifi-service: AIBinder_linkToDeath is being called with a non-null cookie and no onUnlink callback set. This might not be intended. AIBinder_DeathRecipient_setOnUnlinked should be called first.
07-28 18:53:04.389  1882  4666 I android.hardware.wifi-service: twtRegisterEvents is not supported-3
07-28 18:53:04.389  3431  4238 D SensorService: createSensorEventConnection packageName = t0.k, opPackageName = com.oplus.nhs, mCurrentOperatingMode = 0, requestedMode = 0
07-28 18:53:04.389  3431  4238 W SensorService: SensorEventConnection sensor handle=1372, package = t0.k enable
07-28 18:53:04.389  3431  4238 E SensorService: Required app t0.k, uid 1001, pid 5044
07-28 18:53:04.389  3431  4238 D SensorService: enable sensor send lastEvent 1372
07-28 18:53:04.390  3431  4238 D SensorService: Calling batch handle==1372 flags=0rate=200000000 timeout== 0
07-28 18:53:04.390  3431  4238 D SensorService: SensorDevice::batch: ident=0xb4000073166535c0, handle=0x0000055c, flags=0, period_ns=200000000 timeout=0
07-28 18:53:04.390  3431  4238 D SensorService: Calling activate on 1372
07-28 18:53:04.390  3431  4238 D SensorService: SensorDevice::activate: ident=0xb4000073166535c0, handle=0x0000055c, enabled=1, count=4
07-28 18:53:04.390  3431  4238 D SensorService: enable index=0
07-28 18:53:04.390  3431  4238 D SensorService: info.numActiveClients() = 4, info.isActive = 1
07-28 18:53:04.390  3431  4238 D SensorService: activateHardware = 0
07-28 18:53:04.390  3431  4238 D SensorService: 0xb4000073166535c0 addFd fd=924
07-28 18:53:04.390  5044  5044 D NhsSceneReceiver: sensor name is oplus_activity_recognition  Wakeup, registerState:true
07-28 18:53:04.390  5044  5044 D NhsSceneReceiver: onAccuracyChanged
07-28 18:53:04.390  5044  5044 E NhsAppRILMsger: EVENT_REQ_EVENT_DONE Error received :com.android.internal.telephony.CommandException: RADIO_NOT_AVAILABLE
07-28 18:53:04.390  1882  4666 W android.hardware.wifi-service: AIBinder_linkToDeath is being called with a non-null cookie and no onUnlink callback set. This might not be intended. AIBinder_DeathRecipient_setOnUnlinked should be called first.
07-28 18:53:04.390  1882  4666 D WifiHAL : wifi_get_chip_capabilities: max mlo assoc link cnt: 2 str link cnt 2
07-28 18:53:04.390  3469  3957 D QmiVsClient: getNecData callback - enter
07-28 18:53:04.391  3431  4531 D WifiNl80211Manager: Setting up interface for client mode: wlan0
07-28 18:53:04.391  3469  3491 D VsProxy : handleMessage msg is 4001
07-28 18:53:04.391  3469  3491 D RadioProxy: getNecData : response cb for instance 0
07-28 18:53:04.391  2809  2809 I wificond: Current driver country code US
07-28 18:53:04.391  3431  5341 D WifiNl80211Manager: OnRegDomainChanged US
07-28 18:53:04.391  2809  2809 I wificond: createClientInterface: wiphy_index 0 iface_name wlan0
07-28 18:53:04.391  3431  5341 D WifiNative: onCountryCodeChanged: US
07-28 18:53:04.391  3431  5341 I WifiCountryCode: Receive onDriverCountryCodeChanged US
07-28 18:53:04.392  3431  5341 D WifiScanRequestProxy: Sending scan available broadcast: true
07-28 18:53:04.392  2809  2809 I wificond: create scanner for interface with index: 27
07-28 18:53:04.392  2809  2809 I wificond: subscribe scan result for interface with index: 27
07-28 18:53:04.392  3431  4540 I WifiScanningService: Received a request to enable scanning, UID = 1000
07-28 18:53:04.392  5044  5453 D NhsSceneReceiver: onSensorChanged: name = oplus_activity_recognition  Wakeup
07-28 18:53:04.392  5044  5453 D NhsSceneReceiver: enter still_state
07-28 18:53:04.392  2809  2809 I wificond: add channel type 0 support at wiphy index: 0
07-28 18:53:04.392  3431  5341 I WifiScanRequestProxy: Scanning is enabled
07-28 18:53:04.392  3431  5341 I WifiScanRequestProxy: Scanning for hidden networks is disabled
07-28 18:53:04.392  2809  2809 I wificond: add channel type 1 support at wiphy index: 0
07-28 18:53:04.392  3431  3431 D OplusWifiBroadCastDispatcher: mBroadcastReceiver: onReceiver  action=android.net.wifi.action.WIFI_SCAN_AVAILABILITY_CHANGED
07-28 18:53:04.392  3431  5376 W BestClock: java.time.DateTimeException: Missing network time fix
07-28 18:53:04.393  3431  4649 D OplusWifiPower_ConnLpmEventObsever: onReceive EXTRA_SCAN_AVAILABLE availabe = true
07-28 18:53:04.393  3431  4649 D OplusWifiPowerService: onReceive action:android.net.wifi.action.WIFI_SCAN_AVAILABILITY_CHANGED
07-28 18:53:04.393  3431  4649 D OplusWifiSwitchStateMonitor: scan settings change to true
07-28 18:53:04.393  7054  7054 I OsAgent : onReceive: android.net.wifi.action.WIFI_SCAN_AVAILABILITY_CHANGED
07-28 18:53:04.393  7054  7906 I OsAgent : updateWiFiScanAvailState, scanAvailable: true
07-28 18:53:04.393  7054  7906 D OsAgentAidlClient: [bool_dataitem_update][1570] [HC] =>> [HS]
07-28 18:53:04.393  1722  2140 E TetherController: property_get sys.radio.data.modem_share_flag return 0, 1!
07-28 18:53:04.393  1836  1915 I LocSvc_SystemStatusOsObserver: sendCachedDataItems:471] DataItem: IS_WIFI_HARDWARE_ON: true >> Wiper
07-28 18:53:04.394  5202  6374 D RadioProxyJ: [PHONE0][92]< getNecDataResponse ******
07-28 18:53:04.394  3431  4531 I WifiNative: Interface state changed on Iface:{Name=wlan0,Id=1,Type=STA_SCAN}, isUp=true
07-28 18:53:04.394  5202  5202 D MessengerResponseHandler: handleMessage Response msgid 206
07-28 18:53:04.394  1882  4666 I WifiHAL : mpdu_size_threshold : 128, aggressive_statistics_gathering : 0
07-28 18:53:04.394  3431  4531 I WifiNative: Successfully setup Iface:{Name=wlan0,Id=1,Type=STA_SCAN}
07-28 18:53:04.394  3431  4531 E SupplicantStaIfaceHalAidlImpl: Can't call getKeyMgmtCapabilities, ISupplicantStaIface is null for iface=wlan0
07-28 18:53:04.394  1836  1935 I LocSvc_api_v02: ---> locClientSendReq line 2409 QMI_LOC_NOTIFY_WIFI_ENABLED_STATUS_REQ_V02
07-28 18:53:04.394  1836  4022 I LocSvc_ApiV02: <--- globalRespCb line 282 QMI_LOC_NOTIFY_WIFI_ENABLED_STATUS_REQ_V02
07-28 18:53:04.394  3431  5376 W BestClock: java.time.DateTimeException: Missing network time fix
07-28 18:53:04.395  1882  1882 I WifiHAL : wifi_get_supported_radio_combinations_matrix: enter
07-28 18:53:04.396  1882  1882 I WifiHAL : wifi_parse_radio_combinations_matrix: radio_combinations[1]: num_radio_configurations 1
07-28 18:53:04.396  1882  1882 I WifiHAL : wifi_parse_radio_combinations_matrix: radio_combinations[2]: num_radio_configurations 1
07-28 18:53:04.396  1882  1882 I WifiHAL : wifi_parse_radio_combinations_matrix: radio_combinations[3]: num_radio_configurations 1
07-28 18:53:04.396  1882  1882 I WifiHAL : wifi_parse_radio_combinations_matrix: radio_combinations[4]: num_radio_configurations 2
07-28 18:53:04.396  1882  1882 I WifiHAL : wifi_parse_radio_combinations_matrix: radio_combinations[5]: num_radio_configurations 2
07-28 18:53:04.396  1882  1882 I WifiHAL : wifi_parse_radio_combinations_matrix: radio_combinations[6]: num_radio_configurations 2
07-28 18:53:04.396  1882  1882 I WifiHAL : wifi_parse_radio_combinations_matrix: num_radio_combinations 6, radio_matrix_size 100
07-28 18:53:04.396  3431  5341 W BestClock: java.time.DateTimeException: Missing network time fix
07-28 18:53:04.396  3431  4531 E SupplicantStaIfaceHalAidlImpl: Can't call getWpaDriverCapabilities, ISupplicantStaIface is null for iface=wlan0
07-28 18:53:04.396  3431  4531 E WifiStaIfaceAidlImpl: getTwtCapabilities failed with service-specific exception: android.os.ServiceSpecificException:  (code 4)
07-28 18:53:04.397  3431  4531 E WifiChipAidlImpl: enableStaChannelForPeerNetwork failed with service-specific exception: android.os.ServiceSpecificException:  (code 4)
07-28 18:53:04.397  3431  4531 D WifiNative: setWifiNativeInterfaceEventCallback
07-28 18:53:04.397  5030  5987 W BestClock: java.time.DateTimeException: Missing network time fix
07-28 18:53:04.397  3431  4531 D WifiClientModeManager[59096:wlan0]: entering StartedState
07-28 18:53:04.397  5030  5987 V MonthTrafficAlert: getWarningNotification subId:1 numWarningNotificaion:0
07-28 18:53:04.397  3431  4531 D WifiClientModeManager[59096:wlan0]: entering ScanOnlyModeState
07-28 18:53:04.397  3431  4531 D WifiScanRequestProxy: Sending scan available broadcast: true
07-28 18:53:04.397  1882  1882 E WifiHAL : wifi_get_gscan_capabilities: GSCAN is not supported by driver
07-28 18:53:04.397  3431  4540 E WifiStaIfaceAidlImpl: getBackgroundScanCapabilities failed with service-specific exception: android.os.ServiceSpecificException:  (code 4)
07-28 18:53:04.398  3431  4531 I WifiScanRequestProxy: Scanning is enabled
07-28 18:53:04.398  3431  4531 I WifiScanRequestProxy: Scanning for hidden networks is disabled
07-28 18:53:04.398  1882  1882 D WifiHAL : wifi_multi_sta_set_use_case: 0
07-28 18:53:04.398  3431  4531 D WifiCountryCode: evaluateAllCmmStateAndApplyIfAllReady: {ConcreteClientModeManager{id=59096 iface=wlan0 role=ROLE_CLIENT_SCAN_ONLY}=true}
07-28 18:53:04.398  3431  4531 D WifiCountryCode: Reading country code from telephony
07-28 18:53:04.398  3431  3431 D OplusWifiBroadCastDispatcher: mBroadcastReceiver: onReceiver  action=android.net.wifi.action.WIFI_SCAN_AVAILABILITY_CHANGED
07-28 18:53:04.398  3431  4649 D OplusWifiPower_ConnLpmEventObsever: onReceive EXTRA_SCAN_AVAILABLE availabe = true
07-28 18:53:04.398  3431  4649 D OplusWifiPowerService: onReceive action:android.net.wifi.action.WIFI_SCAN_AVAILABILITY_CHANGED
07-28 18:53:04.398  3431  4649 D OplusWifiSwitchStateMonitor: scan settings change to true
07-28 18:53:04.398  3431  4531 D WifiCountryCode: Set telephony country code to: 
07-28 18:53:04.398  3431  4531 D WifiCountryCode: updateCountryCode to US
07-28 18:53:04.398  3431  4531 D WifiCountryCode: setCountryCodeNative: US, isClientModeOnly: true mDriverCountryCode: US
07-28 18:53:04.399  7054  7054 I OsAgent : onReceive: android.net.wifi.action.WIFI_SCAN_AVAILABILITY_CHANGED
07-28 18:53:04.399  7054  7906 I OsAgent : updateWiFiScanAvailState, scanAvailable: true
07-28 18:53:04.399  1851  7205 I sensors-hal: qsh_conn_event_cb:756, event[0] msg_id=1025, ts=1217118499, sensor_type = oplus_activity_recognition  Wakeup
07-28 18:53:04.399  1851  7205 E sensors-hal: handle_sns_std_sensor_event:72, oplus_activity_recognition output: count: 1.000000, index: 1.000000, incar_state: 0.000000, actvity_mode: 3.000000, delta_time: 0.000000 !
07-28 18:53:04.399  3431  4540 I WifiScanningService: Created a new impl for wlan0
07-28 18:53:04.399  3431  4540 I WifiScanningService: Received a request to enable scanning, UID = 1000
07-28 18:53:04.399  3431  4540 I WifiScanningService: scanner impls already exists
07-28 18:53:04.400  3431  4540 I WifiScanningService: wifi driver loaded with scan capabilities: max buckets=16
07-28 18:53:04.400  5044  5453 D NhsSceneReceiver: onSensorChanged: name = oplus_activity_recognition  Wakeup
07-28 18:53:04.400  3431  4540 E WifiScanningService: wifi driver loaded received while already loaded
07-28 18:53:04.400  5030  5761 D SceneEvent: onSensorChanged: name = oplus_activity_recognition  Wakeup
07-28 18:53:04.402  3431  5341 W BestClock: java.time.DateTimeException: Missing network time fix
07-28 18:53:04.403  4894  5842 V OplusCustomizeCacheManager: queryCache name: sys.cache.common_customize_cache18014 param: null
07-28 18:53:04.403  4894  5842 V OplusCustomizeCacheManager: queryCache name: sys.cache.common_customize_cache18017 param: Bundle[{SETTING=BLOCK, BUSINESS=NCT-DATA}]
07-28 18:53:04.403  4894  5842 V OplusCustomizeCacheManager: queryCache name: sys.cache.common_customize_cache18013 param: null
07-28 18:53:04.406  5171  6158 D IWlanJni: getDataRegistrationState start
07-28 18:53:04.406  3431  5376 W BestClock: java.time.DateTimeException: Missing network time fix
07-28 18:53:04.406  5171  6158 D IWlanJni: getDataRegistrationState start
07-28 18:53:04.407  5171  6223 D IWlanJni: new aidl event arrived
07-28 18:53:04.407  5171  6223 D IWlanJni: handleEvent 10
07-28 18:53:04.407  5171  6223 D IWlanJni: isThreadAttached start
07-28 18:53:04.407  5171  6223 D IWlanJni: jni detached
07-28 18:53:04.407  5171  6223 D IWlanJni: jni attached
07-28 18:53:04.407  5171  6223 D IWlanJni: getDataRegistrationStateResponse start
07-28 18:53:04.407  5171  6223 D IWlanJni: getJavaCallbackClass start
07-28 18:53:04.407  5171  6223 D IWlanJni: getJavaCallbackClass End midIs[1]
07-28 18:53:04.407  5171  6227 D IWlanJni: new aidl event arrived
07-28 18:53:04.407  5171  6227 D IWlanJni: handleEvent 10
07-28 18:53:04.407  5171  6227 D IWlanJni: isThreadAttached start
07-28 18:53:04.407  5171  6227 D IWlanJni: jni detached
07-28 18:53:04.407  5171  6227 D IWlanJni: jni attached
07-28 18:53:04.407  5171  6227 D IWlanJni: getDataRegistrationStateResponse start
07-28 18:53:04.407  5171  6227 D IWlanJni: getJavaCallbackClass start
07-28 18:53:04.408  5171  6227 D IWlanJni: getJavaCallbackClass End midIs[1]
07-28 18:53:04.408  5171  6227 I IWlanAidlClient: getDataRegistrationStateResponse called
07-28 18:53:04.408  5171  6223 I IWlanAidlClient: getDataRegistrationStateResponse called
07-28 18:53:04.408  3431  5341 W BestClock: java.time.DateTimeException: Missing network time fix
07-28 18:53:04.408  5171  6226 W IWlanNetworkService: 6 > Response Processed
07-28 18:53:04.408  3431  5376 I OplusBinderProxy: pb uid: 10215 pid: 10712 desc: com.android.internal.telephony.IPhoneStateListener/10
07-28 18:53:04.408  4959  4959 D OplusTelephonyController: onSignalStrengthChanged: SignalStrength=SignalStrength:{mCdma=CellSignalStrengthCdma: cdmaDbm=2147483647 cdmaEcio=2147483647 evdoDbm=2147483647 evdoEcio=2147483647 evdoSnr=2147483647 level=0,mGsm=CellSignalStrengthGsm: rssi=2147483647 ber=2147483647 mTa=2147483647 mLevel=0,mWcdma=CellSignalStrengthWcdma: ss=2147483647 ber=2147483647 rscp=2147483647 ecno=2147483647 level=0,mTdscdma=CellSignalStrengthTdscdma: rssi=2147483647 ber=2147483647 rscp=2147483647 level=0,mLte=CellSignalStrengthLte: rssi=2147483647 rsrp=2147483647 rsrq=2147483647 rssnr=2147483647 cqiTableIndex=2147483647 cqi=2147483647 ta=2147483647 level=0 parametersUseForLevel=0,mNr=CellSignalStrengthNr:{ csiRsrp = 2147483647 csiRsrq = 2147483647 csiCqiTableIndex = 2147483647 csiCqiReport = [] ssRsrp = 2147483647 ssRsrq = 2147483647 ssSinr = 2147483647 level = 0 parametersUseForLevel = 0 timingAdvance = 2147483647 },primary=CellSignalStrengthLte}
07-28 18:53:04.408  4894  5842 V OplusCustomizeCacheManager: queryCache name: sys.cache.common_customize_cache18014 param: null
07-28 18:53:04.408  4894  5842 V OplusCustomizeCacheManager: queryCache name: sys.cache.common_customize_cache18017 param: Bundle[{SETTING=BLOCK, BUSINESS=NCT-DATA}]
07-28 18:53:04.408  4894  5842 V OplusCustomizeCacheManager: queryCache name: sys.cache.common_customize_cache18013 param: null
07-28 18:53:04.408  5202  5202 D SubsysEventListenerManager-SubsysTelephonyCallback[0]: onSignalStrengthsChanged
07-28 18:53:04.409  5004  7974 D QtiOemHookAidl: oemHookRawIndication length=21
07-28 18:53:04.409  5004  5004 D QcrilMsgTunnelIfaceManager: handleMessage what = 0
07-28 18:53:04.410  5202  6374 D VendorTelephonyService: onTelephonyEventReport slotId =0 eventId=6030
07-28 18:53:04.410  5202  6374 D VendorTelephonyService: onTelephonyEventReport slotId =0 eventId=6030
07-28 18:53:04.410  5202  5202 D VendorCallService: notityEventUpdate, eventId:6030, slotId = 0
07-28 18:53:04.410  5171  6222 W IWlanNetworkService: 7 > Response Processed
07-28 18:53:04.410  5030  6388 D SaDataService: onTelephonyEventReport , subId= 0,slotId=-1 eventId=6030
07-28 18:53:04.410  5030  6388 D TelephonyImpl: notify eventId:6030 for list size:2
07-28 18:53:04.411  4959  4959 D QC_RIL_OEM_HOOK: Received Broadcast Intent ACTION_UNSOL_RESPONSE_OEM_HOOK_RAW
07-28 18:53:04.411  4959  4959 D QC_RIL_OEM_HOOK: Received Broadcast Intent ACTION_UNSOL_RESPONSE_OEM_HOOK_RAW
07-28 18:53:04.411  4959  4959 D QC_RIL_OEM_HOOK: Received Broadcast Intent ACTION_UNSOL_RESPONSE_OEM_HOOK_RAW
07-28 18:53:04.411  5004  5004 D QC_RIL_OEM_HOOK: Received Broadcast Intent ACTION_UNSOL_RESPONSE_OEM_HOOK_RAW
07-28 18:53:04.412  1836  4387 E LOCRIL_SESSION: operator():200] SubId: 1 Failed to get sim IO with error: 11
07-28 18:53:04.412  5171  6158 D IWlanJni: getDataRegistrationState start
07-28 18:53:04.412  5171  6227 D IWlanJni: new aidl event arrived
07-28 18:53:04.412  5171  6227 D IWlanJni: handleEvent 10
07-28 18:53:04.412  5171  6227 D IWlanJni: isThreadAttached start
07-28 18:53:04.412  5171  6227 D IWlanJni: jni detached
07-28 18:53:04.412  5171  6227 D IWlanJni: jni attached
07-28 18:53:04.412  5171  6227 D IWlanJni: getDataRegistrationStateResponse start
07-28 18:53:04.412  5171  6227 D IWlanJni: getJavaCallbackClass start
07-28 18:53:04.413  5171  6227 D IWlanJni: getJavaCallbackClass End midIs[1]
07-28 18:53:04.413  5171  6227 I IWlanAidlClient: getDataRegistrationStateResponse called
07-28 18:53:04.413  5171  6226 W IWlanNetworkService: 8 > Response Processed
