07-29 19:18:37.630  4819  4819 I SystemUi--Common: PlatformBlurManagerImpl-->updateMotionFrequency: isExpanding=true
07-29 19:18:37.631  4819  4819 I SystemUi--Notification: OplusNotificationShadeWindowControllerExImpl-->isExpanded: isPowerBlock=false ,isErrorFpTouchWhenScreenOff=false ,qsPanelVisible=false, isAodMaskShow=false
07-29 19:18:37.631  4819  4819 I SystemUi--Notification: OplusNotificationShadeWindowControllerExImpl-->SHADE_FOCUSABLE-->mNotificationShadeFocusable= false, mPanelExpanded= false, mBouncerShowing= false, mKeyguardShowing= false, mKeyguardOccluded= false, mKeyguardNeedsInput= false, ENABLE_REMOTE_INPUT= true, mRemoteInputActive= false, layoutFlags= -2130444216
07-29 19:18:37.631  4819  4819 I SystemUi--Notification: OplusNotificationShadeWindowControllerExImpl-->SHADE_VISIBLE-->mKeyguardShowing= false, mKeyguardOccluded= false, mPanelVisible= false, mKeyguardFadingAway= false, mKeyguardGoingAway= false, mBouncerShowing= false, mScrimsVisibility= 1, mBackgroundBlurRadius= 0, mForcePluginOpen= false, mediaBackdropShowing= false, viewVisibility= true, qsBlurFraction= 0.018580487, panelBlurFraction= 0.0
07-29 19:18:37.631  4676  4676 D CastManagerService: onDisplayChanged.
07-29 19:18:37.631  2178  4729 D DeviceHalAidl: 0xb4000072b187c800 DeviceHalAidl::setParameters
07-29 19:18:37.631  2178  4729 D DeviceHalAidl: setParameters: parameters: "screen_state=on"
07-29 19:18:37.631  1877  4551 D AHAL_Module: updateScreenState: usb: 1
07-29 19:18:37.631  2178  4729 D DeviceHalAidl: 0xb4000072b187ce00 DeviceHalAidl::setParameters
07-29 19:18:37.631  2178  4729 D DeviceHalAidl: setParameters: parameters: "screen_state=on"
07-29 19:18:37.631  1877  4551 D AHAL_Module: updateScreenState: r_submix: 1
07-29 19:18:37.631  2178  4729 D DeviceHalAidl: 0xb4000072b187d400 DeviceHalAidl::setParameters
07-29 19:18:37.631  2178  4729 D DeviceHalAidl: setParameters: parameters: "screen_state=on"
07-29 19:18:37.632  1877  4551 D AHAL_Module: updateScreenState: bluetooth: 1
07-29 19:18:37.632  4819  4819 D UXUtils : notifyUiSwitched: 1
07-29 19:18:37.632  3385  3601 D DisplayManagerService: performTraversalInternal pendingTraversal
07-29 19:18:37.632  3385  3601 D DisplayDevice: setLayerStackLocked id=local:4630946756802996883 token=android.os.BinderProxy@39d9a0f stack=0->0
07-29 19:18:37.632  4819  5985 I SystemUi--Keyguard: OnScreenFingerprintUiMech-->hideFingerprintIconTemporarily for reason: panel expaned ShowForEnroll false mPendingHide false
07-29 19:18:37.632  4819  4819 I SystemUi--Notification: ScrimControllerExImp-->[onQsBottomVisibleChanged] qsBottomVisible=true
07-29 19:18:37.632  4819  4819 I SystemUi--Common: PlatformBlurManagerImpl-->resumeBlur: updatePlatformBlurState(updatePanelBlurState): shouldBlur, isKeyguardVisible=false, isKeyguardFadingAway=false, isPanelVisible=true, isShadeLock=false.
07-29 19:18:37.632  3385  3630 I UserAwareMgr: handleTopAppChanged: com.android.systemui, pid: 4819, uid: 10218
07-29 19:18:37.632  4819  4819 I SystemUi--Common: PlatformBlurManagerImpl-->forceStopMotionBlur: stop=false
07-29 19:18:37.632  4819  4819 I SystemUi--Keyguard: ScrimControllerExImp-->blur State to UNLOCK, bouncer=false changeFromBouncerScrim= false runnerUnlock= false goingAway=false hasHandle=true isOccludeAnimationPlaying=false
07-29 19:18:37.632  2178  4729 D DeviceHalAidl: 0xb4000072b187da00 DeviceHalAidl::setParameters
07-29 19:18:37.632  2178  4729 D DeviceHalAidl: setParameters: parameters: "screen_state=on"
07-29 19:18:37.632  1877  4551 D AHAL_Module: updateScreenState: bluetooth: 1
07-29 19:18:37.632  2178  4729 D DeviceHalAidl: 0xb4000072b187e000 DeviceHalAidl::setParameters
07-29 19:18:37.632  2178  4729 D DeviceHalAidl: setParameters: parameters: "screen_state=on"
07-29 19:18:37.632  4819  4819 I SystemUi--Statusbar: PrivacyDotViewController-->scheduleUpdate: 
07-29 19:18:37.632  1877  4551 D AHAL_Module: updateScreenState: stub: 1
07-29 19:18:37.632  4819  4819 I SystemUi--Statusbar: PrivacyDotViewController-->needShow false
07-29 19:18:37.632  4819  4819 I SystemUi--Statusbar: PrivacyDotViewController-->scheduleUpdate: 
07-29 19:18:37.633  4819  4819 I SystemUi--Notification: OplusNotificationShadeWindowControllerExImpl-->SHADE_FOCUSABLE-->mNotificationShadeFocusable= true, mPanelExpanded= false, mBouncerShowing= false, mKeyguardShowing= false, mKeyguardOccluded= false, mKeyguardNeedsInput= false, ENABLE_REMOTE_INPUT= true, mRemoteInputActive= false, layoutFlags= -2130444216
07-29 19:18:37.633  4819  4819 I SystemUi--Notification: OplusNotificationShadeWindowControllerExImpl-->SHADE_VISIBLE-->mKeyguardShowing= false, mKeyguardOccluded= false, mPanelVisible= false, mKeyguardFadingAway= false, mKeyguardGoingAway= false, mBouncerShowing= false, mScrimsVisibility= 1, mBackgroundBlurRadius= 0, mForcePluginOpen= false, mediaBackdropShowing= false, viewVisibility= true, qsBlurFraction= 0.018580487, panelBlurFraction= 0.0
07-29 19:18:37.633  3385  4235 I VibratorManagerServiceExtImpl: cancelVibrate uid=1000, pid=3385, usageFilter=-15, token=201416208
07-29 19:18:37.633  4819  5690 D Tile.CustomTile.OshareTileService: refreshState: tile not listening, ignore
07-29 19:18:37.633  4819  5690 D TileStateController: bindAppWhenListening: false ComponentInfo{com.coloros.oshare/com.oplus.oshare.OshareTileService}
07-29 19:18:37.633  4819  5690 I SystemUi--QuickSettings: Tile.CustomTile.OshareTileService-->bindServiceWhenListening: false when isOplusQsTile
07-29 19:18:37.633  4819  5690 D Tile.CustomTile.OshareTileService: refreshState: tile not listening, ignore
07-29 19:18:37.633  4819  5180 I [UAH_CLIENT]: UahEventAcquire, cmdid:413, pkg:none, identity:OsenseHelperImpl
07-29 19:18:37.634  4819  5690 D TileStateController: setListening listening: true component: ComponentInfo{com.oplus.eyeprotect/com.oplus.eyeprotect.services.EyeProtectTileService} userContext: com.android.systemui.SystemUIApplication@573b6c8
07-29 19:18:37.634  4819  4819 I SystemUi--QuickSettings: BackActionInteractor-->registerBackCallback true
07-29 19:18:37.635  4819  4819 I SystemUi--QuickSettings: OplusSeparateQSManager-->updateSeparateQSExpandState recomputeDisableFlags
07-29 19:18:37.635  4819  4819 I SystemUi--Statusbar: CollapsedSbFragment-->New visibilities calculated internally. StatusBarVisibilityModel(showClock: false showNotificationIcons:false showOngoingActivityChip:false showSystemInfo:false ) 
07-29 19:18:37.635  4819  4819 I SystemUi--Statusbar: CollapsedStatusBarFragmentExImpl-->animate: true, unlockAnimationRunning: false, fadingAway: false, keyguard: false
07-29 19:18:37.635  3385  5955 D CoreBackPreview: Window{824aeba u0 NotificationShade}: Setting back callback OnBackInvokedCallbackInfo{mCallback=android.window.IOnBackInvokedCallback$Stub$Proxy@9214b0e, mPriority=0, mIsAnimationCallback=false}
07-29 19:18:37.636  4819  4819 I SystemUi--Statusbar: CollapsedStatusBarFragmentExImpl-->StatusBarVisibilityModelEx: StatusBarVisibilityModelEx(showClock: false showPromptView:false showOngoingCallChip:false showNotificationContainer:false showOperatorName:false showSeedlingContainer:false ), animate: true
07-29 19:18:37.636  1719  1768 E TetherController: property_get sys.radio.data.modem_share_flag return 0, 1!
07-29 19:18:37.636  4819  5690 D Tile.CustomTile.EyeProtectTileService: refreshState: tile not listening, ignore
07-29 19:18:37.636  4819  5690 D TileStateController: bindAppWhenListening: false ComponentInfo{com.oplus.eyeprotect/com.oplus.eyeprotect.services.EyeProtectTileService}
07-29 19:18:37.636  4819  5690 I SystemUi--QuickSettings: Tile.CustomTile.EyeProtectTileService-->bindServiceWhenListening: false when isOplusQsTile
07-29 19:18:37.636  4819  5690 D Tile.CustomTile.EyeProtectTileService: refreshState: tile not listening, ignore
07-29 19:18:37.636  4819  5690 D Tile.CustomTile.PowerSaveTileService: refreshState: tile not listening, ignore
07-29 19:18:37.636  4819  5690 I SystemUi--QuickSettings: Tile.CustomTile.PowerSaveTileService-->bindServiceWhenListening: true as default
07-29 19:18:37.637  4819  4819 I SystemUi--Keyguard: KeyguardRapidUnlockUtils-->composeKeyguard show=true, reason=applyVisibility_show
07-29 19:18:37.637  7457  7478 I mydevices[core].ProviderCallProcessor: (binder:7457_1)method: panel_state; arg: panel_resume
07-29 19:18:37.637  7457  7478 I mydevices[core].ControlCenterManager: (binder:7457_1)onPanelShow
07-29 19:18:37.637  4819  5690 D TileStateController: setListening listening: true component: ComponentInfo{com.oplus.linker/com.oplus.linker.synergy.service.TVTileService} userContext: com.android.systemui.SystemUIApplication@573b6c8
07-29 19:18:37.637  4819  6884 D OplusTileControllerPlugin: onSettingsStateChange: 1, componentName: ComponentInfo{com.oplus.eyeprotect/com.oplus.eyeprotect.services.EyeProtectTileService}
07-29 19:18:37.637  4819  5352 D [DevicePlugin].DataInterfaceImp.(DefaultDispatcher-worker-2): safeCall, method:getPanelDeviceList
07-29 19:18:37.638  4819  4819 I SystemUi--Keyguard: KeyguardGlideTipView-->hideTips reason=hideGlideTipImmediateWithQsExpandingOrOplusKeyguardLoadOrGotoNtfCapsule withAnimator=true delayType=2
07-29 19:18:37.638  4819  4819 I SystemUi--Keyguard: KeyguardGlideTipView-->cancelBreathAnimation-isBreathAnimationRunning=false
07-29 19:18:37.638  7457  7478 I mydevices[core].ProviderCallProcessor: (binder:7457_1)method: getPanelDeviceList; arg: 
07-29 19:18:37.638  4819  4819 I SystemUi--Keyguard: KeyguardAffordanceTipsView-->hideTips reason=QsExpandingOrOplusKeyguardLoadOrGotoNtfCapsule withAnimator=true delayType=2
07-29 19:18:37.638  4819  5690 D Tile.CustomTile.TVTileService: refreshState: tile not listening, ignore
07-29 19:18:37.638  4819  5690 D TileStateController: bindAppWhenListening: false ComponentInfo{com.oplus.linker/com.oplus.linker.synergy.service.TVTileService}
07-29 19:18:37.638  4819  6884 D OplusTileControllerPlugin: onSettingsStateChange: 1, componentName: ComponentInfo{com.oplus.linker/com.oplus.linker.synergy.service.TVTileService}
07-29 19:18:37.639  4819  5690 I SystemUi--QuickSettings: Tile.CustomTile.TVTileService-->bindServiceWhenListening: false when isOplusQsTile
07-29 19:18:37.639  4819  5690 D Tile.CustomTile.TVTileService: refreshState: tile not listening, ignore
07-29 19:18:37.639  4819  5690 D Tile.CustomTile.WindowsLinkTileService: refreshState: tile not listening, ignore
07-29 19:18:37.639  4819  5690 D TileStateController: bindAppWhenListening: false ComponentInfo{com.microsoft.appmanager/com.microsoft.appmanager.quicksettings.WindowsLinkTileService}
07-29 19:18:37.639  4819  5690 I SystemUi--QuickSettings: Tile.CustomTile.WindowsLinkTileService-->bindServiceWhenListening: false when isActiveTile && isTileReady
07-29 19:18:37.639  7457  8227 I mydevices[core].CardsProxyManager: (DefaultDispatcher-worker-2)resume cards: [], visibleCount: 0, showPosition: 4
07-29 19:18:37.639  7457  8227 I mydevices[core].CardsProxyManager: (DefaultDispatcher-worker-2)notify cards size : 0, code = 1
07-29 19:18:37.639  7457  8227 I mydevices[core].CardsProxyManager: (DefaultDispatcher-worker-2)current cards is empty, no need to call the event
07-29 19:18:37.639  6565  6600 E oiface  : sched_setaffinity failed
07-29 19:18:37.639  7457  8227 I mydevices[core].OPSynergyScannerImpl: (DefaultDispatcher-worker-2)reScan
07-29 19:18:37.639  7457  8227 D OplusLog_DeviceKit_com.heytap.mydevices: [SynergyDeviceManager-159131524] isServiceBound
07-29 19:18:37.639  7457  8227 D OplusLog_DeviceKit_com.heytap.mydevices: [OpDeviceServiceClient-159131524] isServiceBound: null
07-29 19:18:37.639  7457  8227 I mydevices[core].CoreOpDeviceAction: (DefaultDispatcher-worker-2)isServiceBind: isBind: false
07-29 19:18:37.639  7457  8227 I mydevices[core].OPSynergyScannerImpl: (DefaultDispatcher-worker-2)getOpDeviceList
07-29 19:18:37.639  4819  5690 D Tile.CustomTile.WirelessReverseControService: refreshState: tile not listening, ignore
07-29 19:18:37.639  7457  8227 D OplusLog_DeviceKit_com.heytap.mydevices: [SynergyDeviceManager-159131524] getDeviceList: com.heytap.mydevices.core.action.CoreOpDeviceAction$d@1f7d20
07-29 19:18:37.639  4819  5690 I SystemUi--QuickSettings: Tile.CustomTile.WirelessReverseControService-->bindServiceWhenListening: true as default
07-29 19:18:37.639  7457  7478 I mydevices[core].ControlCenterManager: (binder:7457_1)response data:DeviceSpaceInfo(version=2, panelDevices=[])
07-29 19:18:37.639  4819  5690 D TileStateController: updateCurrentStateIsNotDirty component:ComponentInfo{com.oplus.eyeprotect/com.oplus.eyeprotect.services.EyeProtectTileService}
07-29 19:18:37.639  4819  5690 D TileStateController: updateCurrentStateIsNotDirty component:ComponentInfo{com.oplus.linker/com.oplus.linker.synergy.service.TVTileService}
07-29 19:18:37.639  7457  7478 I mydevices[core].DeviceMainPageEvent: (binder:7457_1)uploadDeviceNumTypeName list empty
07-29 19:18:37.639  7457  8227 D OplusLog_DeviceKit_com.heytap.mydevices: [OpDeviceServiceClient-159131524] settings_opsynergy_has_device: 0
07-29 19:18:37.639  7457  8227 D OplusLog_DeviceKit_com.heytap.mydevices: [SynergyDeviceManager-159131524] getDeviceList result: com.heytap.mydevices.core.action.CoreOpDeviceAction$d@1f7d20, success: true, devices: []
07-29 19:18:37.639  7457  8227 I mydevices[core].CoreOpDeviceAction: (DefaultDispatcher-worker-2)device input: []
07-29 19:18:37.640  7457  8227 I mydevices[core].OPSynergyScannerImpl: (DefaultDispatcher-worker-2)getOpDeviceList, onResult
07-29 19:18:37.640  4819  5023 D RegionSamplingHelper =:    mCompositionSamplingListener.unregister
07-29 19:18:37.640  2194  2480 I BpBinder: onLastStrongRef automatically unlinking death recipients: 
07-29 19:18:37.640  4819  5023 I NotificationShadeWindowController: stop Pending key thread event (apply)
07-29 19:18:37.640  4819  4819 D ViewRootImplExtImpl: wrapConfigInfoIntoFlags rotation=0, smallestScreenWidthDp=0, residentWS=false, scenario=0, bounds=Rect(0, 0 - 1080, 2376), relayoutAsync=false, flags=1, newFlags=1245708289, title=NotificationShade
07-29 19:18:37.641  3385  5436 D WindowManagerServiceExtImpl: extractConfigInfoAndRealFlags rotation=0, screenDp=0, residentWS:0, scenario:0, bounds:2376, serverWinBounds:Rect(0, 0 - 1080, 2376), win=Window{824aeba u0 NotificationShade}
07-29 19:18:37.641  2030  2089 I gameoptHal: targetfps updated 6 -- 120
07-29 19:18:37.641  3385  5436 V WindowManager: Relayout Window{824aeba u0 NotificationShade}: viewVisibility=0, oldvis=4, req=1080x2376, vsysui=, x=0, y=0
07-29 19:18:37.641  3385  5436 I WindowManager: Window{824aeba u0 NotificationShade} state from NO_SURFACE to DRAW_PENDING; reason: resetDrawState
07-29 19:18:37.641  2194  2480 D OplusLayer: setProcInfo (131,NotificationShade#131,com.android.systemui,0x4578D52F)
07-29 19:18:37.642  4819  5941 D UXUtils : setHasTopUi: true; stack: com.oplus.systemui.shade.OplusNotificationShadeWindowControllerExImpl$uxFlagUpdateRunnable$1.run:12
07-29 19:18:37.642  3385  5436 D QuickBackInputPolicy: hasMultiChildrenInTask: false
07-29 19:18:37.642  3385  5436 D WindowManager: NFW_findFocusedWindowIfNeeded:Window{7ae1bdf u0 com.android.launcher/com.android.launcher.Launcher} mCurrentFocus:Window{7ae1bdf u0 com.android.launcher/com.android.launcher.Launcher}
07-29 19:18:37.642  4819  5352 I [DevicePlugin].DevicePanelPresenter.(DefaultDispatcher-worker-2): response code:30001; panelInfo:PanelInfo(panelState=DEVICE_HOME, panelDevices=[]), pluginVersion: 2
07-29 19:18:37.642  4819  5352 I [DevicePlugin].FixedSeparateModelPanel.(DefaultDispatcher-worker-2): onPanelInfoChanged
07-29 19:18:37.642  4819  5352 I [DevicePlugin].FixedSeparateModelPanel.(DefaultDispatcher-worker-2): updateView: panelState=DEVICE_HOME, panelDevices.size=0
07-29 19:18:37.643  4819  4819 W VRI[NotificationShade]: updateBlastSurfaceIfNeeded, surfaceSize:Point(1080, 2376), lastSurfaceSize:Point(1080, 2376), format:-3, blastBufferQueue:null
07-29 19:18:37.643  4819  4819 D BufferQueueConsumer: [](id:12d300000009,api:0,p:-1,c:4819) connect: controlledByApp=false
07-29 19:18:37.643  7371  7371 W Battery : PowerSaveTileService: onCreate
07-29 19:18:37.644  4819  4819 I SystemUi--Keyguard: KeyguardEngineContainer-->onConfigurationChanged, locale = en-US,zh-CN, mLastLocale= en-US,zh-CN
07-29 19:18:37.644  4819  4819 I SystemUi--Keyguard: KeyguardEngineContainer-->onConfigurationChanged. font = 0, mLastFlipFont = 0, density = 480, mDensity = 480
07-29 19:18:37.644  4819  4819 I SystemUi--Keyguard: KeyguardPluginManager-->maybeReloadNormalKeyguard, uses default LockScreen
07-29 19:18:37.645  4819  4819 E ndroid.systemui: No package ID ff found for resource ID 0xffffffff.
07-29 19:18:37.645  4819  4819 E ndroid.systemui: No package ID ff found for resource ID 0xffffffff.
07-29 19:18:37.645  4819  4819 E ndroid.systemui: No package ID ff found for resource ID 0xffffffff.
07-29 19:18:37.645  4819  4863 D Tile.CustomTile.PowerSaveTileService: refreshState: tile not listening, ignore
07-29 19:18:37.645  4819  4863 D Tile.CustomTile.WirelessReverseControService: refreshState: tile not listening, ignore
07-29 19:18:37.645  4819  4819 E ThemeUtils: View class com.oplus.systemui.keyguard.view.GeneralFontVariationTextView is an AppCompat widget that can only be used with a Theme.AppCompat theme (or descendant).
07-29 19:18:37.645  4819  4819 E ThemeUtils: View class com.oplus.systemui.keyguard.view.GeneralFontVariationTextView is an AppCompat widget that can only be used with a Theme.AppCompat theme (or descendant).
07-29 19:18:37.646  4819  4819 I SystemUi--Keyguard: PictorialAppInfo-->isShowPictorialTipDevice true,bottomMargin=611
07-29 19:18:37.646  4819  4819 I SystemUi--Keyguard: PictorialFunctionContainer-->onWallpaperChange info is null or local or engine
07-29 19:18:37.646  4819  4819 I SystemUi--Keyguard: PictorialAppInfo-->isShowPictorialTipDevice true,bottomMargin=611
07-29 19:18:37.646  4819  4819 I SystemUi--Keyguard: PictorialAppInfo-->isShowPictorialTipDevice true,bottomMargin=611
07-29 19:18:37.646  4819  4819 I SystemUi--Notification: NotificationsQSContainerController-->onWindowConfigurationChange: splitShadeEnabled=false
07-29 19:18:37.646  4819  4819 I SystemUi--Notification: NotificationsQSContainerController-->updateResources: splitShadeEnabled=false, newSplitShadeEnabled=false
07-29 19:18:37.646  4819  4819 I SystemUi--Notification: OplusQSSimpleHeader-->shouldClick: true, isInSuperPowerSaveMode: false, isInWellBeingAssistantMode: false
07-29 19:18:37.646  4819  4819 I SystemUi--Notification: OplusQSSimpleHeader-->updateMarginTop, reason: configChange, newMarginTop: 102 currentMarginTop 102
07-29 19:18:37.648  4819  4819 I SystemUi--QuickSettings: OplusQuickStatusBarHeader-->[onConfigurationChanged] updateResources end, start call listener
07-29 19:18:37.649  4819  4819 I SystemUi--QuickSettings: OplusQuickStatusBarHeader-->[onConfigurationChanged] updateResources end, start call listener
07-29 19:18:37.649  4819  4819 I SystemUi--QuickSettings: OplusQSHighlightTileViewImpl-->updateIconViewSize mTileCanTips=true
07-29 19:18:37.650  4819  4819 I SystemUi--QuickSettings: OplusQSHighlightTileViewImpl-->updateIconViewSize mTileCanTips=true
07-29 19:18:37.650  4819  4819 I SystemUi--QuickSettings: OplusQsToggleSliderTouchExt-->getRealSize point: Point(1080, 2376) realScreenWidth: 1080 realScreenHeight: 2376
07-29 19:18:37.650  4819  4819 I SystemUi--QuickSettings: OplusQsToggleSliderLayout-->updateRadius radius= 57.815125, roundParams= OplusRoundParams(radiusDp=15.2, radius=45.6, weight=1.1, isCircle=false), isDefaultVolumeTheme = true
07-29 19:18:37.650  4819  4819 I COUIVerticalSeekBar: COUIVerticalSeekBar ensureSize : mIsProgressFull:true,mBackgroundRadius:45.6,mBackgroundWidth:179.0,mBackgroundEnlargeScale1.0,mProgressRadius:45.6,mProgressWidth:179.0,mProgressEnlargeScale1.0,mPaddingVertical45.6
07-29 19:18:37.650  4819  4819 I COUIVerticalSeekBar: updateBehavior * normalSeekBarHeight = 309,mPaddingVertical = 45.6,mIsPhysicsEnable = true,mPhysicalAnimator = null,mFlingBehavior = null,Thread_name = main,hashCode = 232054360,time = 1753831117650,stackChain = com.coui.appcompat.seekbar.COUIVerticalSeekBar.updateBehavior$1:14 com.coui.appcompat.seekbar.COUIVerticalSeekBar.ensureSize$1:182 com.coui.appcompat.seekbar.COUIVerticalSeekBar.setBackgroundRadius:3 com.oplus.systemui.qs.base.seek.OplusQsBaseToggleSliderLayout.updateRadius:60 
07-29 19:18:37.650  4819  4819 I COUIVerticalSeekBar: setPaddingVertical * paddingVertical = 45.6,hashCode = 232054360,time = 1753831117650
07-29 19:18:37.650  4819  4819 I COUIVerticalSeekBar: COUIVerticalSeekBar ensureSize : mIsProgressFull:true,mBackgroundRadius:45.6,mBackgroundWidth:179.0,mBackgroundEnlargeScale1.0,mProgressRadius:45.6,mProgressWidth:179.0,mProgressEnlargeScale1.0,mPaddingVertical45.6
07-29 19:18:37.650  4819  4819 I COUIVerticalSeekBar: updateBehavior * normalSeekBarHeight = 309,mPaddingVertical = 45.6,mIsPhysicsEnable = true,mPhysicalAnimator = null,mFlingBehavior = null,Thread_name = main,hashCode = 232054360,time = 1753831117650,stackChain = com.coui.appcompat.seekbar.COUIVerticalSeekBar.updateBehavior$1:14 com.coui.appcompat.seekbar.COUIVerticalSeekBar.ensureSize$1:182 com.coui.appcompat.seekbar.COUIVerticalSeekBar.setPaddingVertical:59 com.oplus.systemui.qs.base.seek.OplusQsBaseToggleSliderLayout.updateRadius:74 
07-29 19:18:37.650  4819  4819 I SystemUi--QuickSettings: OplusQsToggleSliderTouchExt-->getRealSize point: Point(1080, 2376) realScreenWidth: 1080 realScreenHeight: 2376
07-29 19:18:37.650  4819  4819 I SystemUi--QuickSettings: OplusQsToggleSliderLayout-->updateRadius radius= 57.815125, roundParams= OplusRoundParams(radiusDp=15.2, radius=45.6, weight=1.1, isCircle=false), isDefaultVolumeTheme = true
07-29 19:18:37.650  4819  4819 I COUIVerticalSeekBar: COUIVerticalSeekBar ensureSize : mIsProgressFull:true,mBackgroundRadius:45.6,mBackgroundWidth:179.0,mBackgroundEnlargeScale1.0,mProgressRadius:45.6,mProgressWidth:179.0,mProgressEnlargeScale1.0,mPaddingVertical45.6
07-29 19:18:37.651  4819  4819 I COUIVerticalSeekBar: updateBehavior * normalSeekBarHeight = 309,mPaddingVertical = 45.6,mIsPhysicsEnable = true,mPhysicalAnimator = null,mFlingBehavior = null,Thread_name = main,hashCode = 221585520,time = 1753831117651,stackChain = com.coui.appcompat.seekbar.COUIVerticalSeekBar.updateBehavior$1:14 com.coui.appcompat.seekbar.COUIVerticalSeekBar.ensureSize$1:182 com.coui.appcompat.seekbar.COUIVerticalSeekBar.setBackgroundRadius:3 com.oplus.systemui.qs.base.seek.OplusQsBaseToggleSliderLayout.updateRadius:60 
07-29 19:18:37.651  4819  4819 I COUIVerticalSeekBar: setPaddingVertical * paddingVertical = 45.6,hashCode = 221585520,time = 1753831117651
07-29 19:18:37.651  4819  4819 I COUIVerticalSeekBar: COUIVerticalSeekBar ensureSize : mIsProgressFull:true,mBackgroundRadius:45.6,mBackgroundWidth:179.0,mBackgroundEnlargeScale1.0,mProgressRadius:45.6,mProgressWidth:179.0,mProgressEnlargeScale1.0,mPaddingVertical45.6
07-29 19:18:37.651  4819  4819 I COUIVerticalSeekBar: updateBehavior * normalSeekBarHeight = 309,mPaddingVertical = 45.6,mIsPhysicsEnable = true,mPhysicalAnimator = null,mFlingBehavior = null,Thread_name = main,hashCode = 221585520,time = 1753831117651,stackChain = com.coui.appcompat.seekbar.COUIVerticalSeekBar.updateBehavior$1:14 com.coui.appcompat.seekbar.COUIVerticalSeekBar.ensureSize$1:182 com.coui.appcompat.seekbar.COUIVerticalSeekBar.setPaddingVertical:59 com.oplus.systemui.qs.base.seek.OplusQsBaseToggleSliderLayout.updateRadius:74 
07-29 19:18:37.651  4819  4819 I [DevicePlugin].NoDeviceEntranceCardView.(main): onConfigurationChanged
07-29 19:18:37.651  4819  4819 I [DevicePlugin].PlatformUtils.(main): isLowGaussianLevel: DEBUG_LEVEL = -1, ANIM_LEVEL = 1
07-29 19:18:37.651  4819  4819 I [DevicePlugin].PlatformUtils.(main): isGlobalThemeApplied: isGlobalTheme=false
07-29 19:18:37.651  4819  4819 I [DevicePlugin].PlatformUtils.(main): isBlurEnable: enable=true
07-29 19:18:37.651  4819  4819 I [DevicePlugin].PlatformUtils.(main): isGlobalThemeApplied: isGlobalTheme=false
07-29 19:18:37.651  4819  4819 I [DevicePlugin].PlatformUtils.(main): isLightOsGaussianLevel: DEBUG_LEVEL = -1, ANIM_LEVEL = 1
07-29 19:18:37.651  4819  4819 I [DevicePlugin].PlatformUtils.(main): isLightBlurEnable: enable=false
07-29 19:18:37.651  4819  4819 I [DevicePlugin].RectangleDeviceCardView.(main): onConfigurationChanged
07-29 19:18:37.651  4819  4819 I [DevicePlugin].PlatformUtils.(main): isLowGaussianLevel: DEBUG_LEVEL = -1, ANIM_LEVEL = 1
07-29 19:18:37.651  4819  4819 I [DevicePlugin].PlatformUtils.(main): isGlobalThemeApplied: isGlobalTheme=false
07-29 19:18:37.651  4819  4819 I [DevicePlugin].PlatformUtils.(main): isBlurEnable: enable=true
07-29 19:18:37.651  4819  4819 I [DevicePlugin].PlatformUtils.(main): isGlobalThemeApplied: isGlobalTheme=false
07-29 19:18:37.651  4819  4819 I [DevicePlugin].PlatformUtils.(main): isLightOsGaussianLevel: DEBUG_LEVEL = -1, ANIM_LEVEL = 1
07-29 19:18:37.651  4819  4819 I [DevicePlugin].PlatformUtils.(main): isLightBlurEnable: enable=false
07-29 19:18:37.651  4819  4819 I [DevicePlugin].RectangleEntranceCardView.(main): onConfigurationChanged
07-29 19:18:37.651  4819  4819 I [DevicePlugin].PlatformUtils.(main): isLowGaussianLevel: DEBUG_LEVEL = -1, ANIM_LEVEL = 1
07-29 19:18:37.651  4819  4819 I [DevicePlugin].PlatformUtils.(main): isGlobalThemeApplied: isGlobalTheme=false
07-29 19:18:37.651  4819  4819 I [DevicePlugin].PlatformUtils.(main): isBlurEnable: enable=true
07-29 19:18:37.651  4819  4819 I [DevicePlugin].PlatformUtils.(main): isGlobalThemeApplied: isGlobalTheme=false
07-29 19:18:37.651  4819  4819 I [DevicePlugin].PlatformUtils.(main): isLightOsGaussianLevel: DEBUG_LEVEL = -1, ANIM_LEVEL = 1
07-29 19:18:37.651  4819  4819 I [DevicePlugin].PlatformUtils.(main): isLightBlurEnable: enable=false
07-29 19:18:37.651  4819  4819 I [DevicePlugin].RectangleDeviceCardView.(main): onConfigurationChanged
07-29 19:18:37.651  4819  4819 I [DevicePlugin].PlatformUtils.(main): isLowGaussianLevel: DEBUG_LEVEL = -1, ANIM_LEVEL = 1
07-29 19:18:37.651  4819  4819 I [DevicePlugin].PlatformUtils.(main): isGlobalThemeApplied: isGlobalTheme=false
07-29 19:18:37.651  4819  4819 I [DevicePlugin].PlatformUtils.(main): isBlurEnable: enable=true
07-29 19:18:37.651  4819  4819 I [DevicePlugin].PlatformUtils.(main): isGlobalThemeApplied: isGlobalTheme=false
07-29 19:18:37.651  4819  4819 I [DevicePlugin].PlatformUtils.(main): isLightOsGaussianLevel: DEBUG_LEVEL = -1, ANIM_LEVEL = 1
07-29 19:18:37.651  4819  4819 I [DevicePlugin].PlatformUtils.(main): isLightBlurEnable: enable=false
07-29 19:18:37.651  4819  4819 I [DevicePlugin].SquareDeviceCardView.(main): onConfigurationChanged
07-29 19:18:37.651  4819  4819 I [DevicePlugin].PlatformUtils.(main): isLowGaussianLevel: DEBUG_LEVEL = -1, ANIM_LEVEL = 1
07-29 19:18:37.651  4819  4819 I [DevicePlugin].PlatformUtils.(main): isGlobalThemeApplied: isGlobalTheme=false
07-29 19:18:37.651  4819  4819 I [DevicePlugin].PlatformUtils.(main): isBlurEnable: enable=true
07-29 19:18:37.651  4819  4819 I [DevicePlugin].PlatformUtils.(main): isGlobalThemeApplied: isGlobalTheme=false
07-29 19:18:37.651  4819  4819 I [DevicePlugin].PlatformUtils.(main): isLightOsGaussianLevel: DEBUG_LEVEL = -1, ANIM_LEVEL = 1
07-29 19:18:37.651  4819  4819 I [DevicePlugin].PlatformUtils.(main): isLightBlurEnable: enable=false
07-29 19:18:37.651  4819  4819 I [DevicePlugin].SquareEntranceCardView.(main): onConfigurationChanged
07-29 19:18:37.651  4819  4819 I [DevicePlugin].PlatformUtils.(main): isLowGaussianLevel: DEBUG_LEVEL = -1, ANIM_LEVEL = 1
07-29 19:18:37.651  4819  4819 I [DevicePlugin].PlatformUtils.(main): isGlobalThemeApplied: isGlobalTheme=false
07-29 19:18:37.651  4819  4819 I [DevicePlugin].PlatformUtils.(main): isBlurEnable: enable=true
07-29 19:18:37.651  4819  4819 I [DevicePlugin].PlatformUtils.(main): isGlobalThemeApplied: isGlobalTheme=false
07-29 19:18:37.651  4819  4819 I [DevicePlugin].PlatformUtils.(main): isLightOsGaussianLevel: DEBUG_LEVEL = -1, ANIM_LEVEL = 1
07-29 19:18:37.651  4819  4819 I [DevicePlugin].PlatformUtils.(main): isLightBlurEnable: enable=false
07-29 19:18:37.651  4819  4819 I [DevicePlugin].SquareDeviceCardView.(main): onConfigurationChanged
07-29 19:18:37.651  4819  4819 I [DevicePlugin].PlatformUtils.(main): isLowGaussianLevel: DEBUG_LEVEL = -1, ANIM_LEVEL = 1
07-29 19:18:37.651  4819  4819 I [DevicePlugin].PlatformUtils.(main): isGlobalThemeApplied: isGlobalTheme=false
07-29 19:18:37.651  4819  4819 I [DevicePlugin].PlatformUtils.(main): isBlurEnable: enable=true
07-29 19:18:37.651  4819  4819 I [DevicePlugin].PlatformUtils.(main): isGlobalThemeApplied: isGlobalTheme=false
07-29 19:18:37.651  4819  4819 I [DevicePlugin].PlatformUtils.(main): isLightOsGaussianLevel: DEBUG_LEVEL = -1, ANIM_LEVEL = 1
07-29 19:18:37.651  4819  4819 I [DevicePlugin].PlatformUtils.(main): isLightBlurEnable: enable=false
07-29 19:18:37.651  4819  4819 I [DevicePlugin].SquareDeviceCardView.(main): onConfigurationChanged
07-29 19:18:37.651  4819  4819 I [DevicePlugin].PlatformUtils.(main): isLowGaussianLevel: DEBUG_LEVEL = -1, ANIM_LEVEL = 1
07-29 19:18:37.651  4819  4819 I [DevicePlugin].PlatformUtils.(main): isGlobalThemeApplied: isGlobalTheme=false
07-29 19:18:37.651  4819  4819 I [DevicePlugin].PlatformUtils.(main): isBlurEnable: enable=true
07-29 19:18:37.651  4819  4819 I [DevicePlugin].PlatformUtils.(main): isGlobalThemeApplied: isGlobalTheme=false
07-29 19:18:37.651  4819  4819 I [DevicePlugin].PlatformUtils.(main): isLightOsGaussianLevel: DEBUG_LEVEL = -1, ANIM_LEVEL = 1
07-29 19:18:37.651  4819  4819 I [DevicePlugin].PlatformUtils.(main): isLightBlurEnable: enable=false
07-29 19:18:37.651  4819  4819 I [DevicePlugin].SquareDeviceCardView.(main): onConfigurationChanged
07-29 19:18:37.651  4819  4819 I [DevicePlugin].PlatformUtils.(main): isLowGaussianLevel: DEBUG_LEVEL = -1, ANIM_LEVEL = 1
07-29 19:18:37.651  4819  4819 I [DevicePlugin].PlatformUtils.(main): isGlobalThemeApplied: isGlobalTheme=false
07-29 19:18:37.651  4819  4819 I [DevicePlugin].PlatformUtils.(main): isBlurEnable: enable=true
07-29 19:18:37.651  4819  4819 I [DevicePlugin].PlatformUtils.(main): isGlobalThemeApplied: isGlobalTheme=false
07-29 19:18:37.651  4819  4819 I [DevicePlugin].PlatformUtils.(main): isLightOsGaussianLevel: DEBUG_LEVEL = -1, ANIM_LEVEL = 1
07-29 19:18:37.651  4819  4819 I [DevicePlugin].PlatformUtils.(main): isLightBlurEnable: enable=false
07-29 19:18:37.651  4819  4819 I [DevicePlugin].SquareEntranceCardView.(main): onConfigurationChanged
07-29 19:18:37.651  4819  4819 I [DevicePlugin].PlatformUtils.(main): isLowGaussianLevel: DEBUG_LEVEL = -1, ANIM_LEVEL = 1
07-29 19:18:37.651  4819  4819 I [DevicePlugin].PlatformUtils.(main): isGlobalThemeApplied: isGlobalTheme=false
07-29 19:18:37.651  4819  4819 I [DevicePlugin].PlatformUtils.(main): isBlurEnable: enable=true
07-29 19:18:37.651  4819  4819 I [DevicePlugin].PlatformUtils.(main): isGlobalThemeApplied: isGlobalTheme=false
07-29 19:18:37.651  4819  4819 I [DevicePlugin].PlatformUtils.(main): isLightOsGaussianLevel: DEBUG_LEVEL = -1, ANIM_LEVEL = 1
07-29 19:18:37.651  4819  4819 I [DevicePlugin].PlatformUtils.(main): isLightBlurEnable: enable=false
07-29 19:18:37.653  4819  4819 I SystemUi--QuickSettings: OplusSeparateQSCustomizer-->updateResources tileRow= 3
07-29 19:18:37.653  4819  4819 I SystemUi--QuickSettings: OplusSeparateQSCustomizer--> mUsableWidth=1080
07-29 19:18:37.653  4819  4819 I SystemUi--QuickSettings: OplusSeparateQSCustomizer--> mEditCellWidth=175 mEditCellMarginHorizontal=66 mItemHeight=271 mHorizontalSidePadding=57
07-29 19:18:37.653  4819  4819 I SystemUi--QuickSettings: OplusQsToggleSliderTouchExt-->getRealSize point: Point(1080, 2376) realScreenWidth: 1080 realScreenHeight: 2376
07-29 19:18:37.653  4819  4819 I SystemUi--QuickSettings: OplusQsToggleSliderLayout-->updateRadius radius= 57.815125, roundParams= OplusRoundParams(radiusDp=15.2, radius=45.6, weight=1.1, isCircle=false), isDefaultVolumeTheme = true
07-29 19:18:37.653  4819  4819 I COUIVerticalSeekBar: COUIVerticalSeekBar ensureSize : mIsProgressFull:true,mBackgroundRadius:45.6,mBackgroundWidth:179.0,mBackgroundEnlargeScale1.0,mProgressRadius:45.6,mProgressWidth:179.0,mProgressEnlargeScale1.0,mPaddingVertical45.6
07-29 19:18:37.653  4819  4819 I COUIVerticalSeekBar: updateBehavior * normalSeekBarHeight = 309,mPaddingVertical = 45.6,mIsPhysicsEnable = true,mPhysicalAnimator = null,mFlingBehavior = null,Thread_name = main,hashCode = 224656370,time = 1753831117653,stackChain = com.coui.appcompat.seekbar.COUIVerticalSeekBar.updateBehavior$1:14 com.coui.appcompat.seekbar.COUIVerticalSeekBar.ensureSize$1:182 com.coui.appcompat.seekbar.COUIVerticalSeekBar.setBackgroundRadius:3 com.oplus.systemui.qs.base.seek.OplusQsBaseToggleSliderLayout.updateRadius:60 
07-29 19:18:37.653  4819  4819 I COUIVerticalSeekBar: setPaddingVertical * paddingVertical = 45.6,hashCode = 224656370,time = 1753831117653
07-29 19:18:37.653  4819  4819 I COUIVerticalSeekBar: COUIVerticalSeekBar ensureSize : mIsProgressFull:true,mBackgroundRadius:45.6,mBackgroundWidth:179.0,mBackgroundEnlargeScale1.0,mProgressRadius:45.6,mProgressWidth:179.0,mProgressEnlargeScale1.0,mPaddingVertical45.6
07-29 19:18:37.653  4819  4819 I COUIVerticalSeekBar: updateBehavior * normalSeekBarHeight = 309,mPaddingVertical = 45.6,mIsPhysicsEnable = true,mPhysicalAnimator = null,mFlingBehavior = null,Thread_name = main,hashCode = 224656370,time = 1753831117653,stackChain = com.coui.appcompat.seekbar.COUIVerticalSeekBar.updateBehavior$1:14 com.coui.appcompat.seekbar.COUIVerticalSeekBar.ensureSize$1:182 com.coui.appcompat.seekbar.COUIVerticalSeekBar.setPaddingVertical:59 com.oplus.systemui.qs.base.seek.OplusQsBaseToggleSliderLayout.updateRadius:74 
07-29 19:18:37.653  4819  4819 I SystemUi--Common: WindowRootView-->leftInset:0 rightInset:0  rootWindowInsets.displayCutout:DisplayCutout{insets=Rect(0, 120 - 0, 0) waterfall=Insets{left=0, top=0, right=0, bottom=0} boundingRect={Bounds=[Rect(0, 0 - 0, 0), Rect(512, 0 - 569, 120), Rect(0, 0 - 0, 0), Rect(0, 0 - 0, 0)]} cutoutPathParserInfo={CutoutPathParserInfo{displayWidth=1080 displayHeight=2376 physicalDisplayWidth=1440 physicalDisplayHeight=3168 density={4.0} cutoutSpec={M -38,0 L -38,160 L 38,160 L 38,0 Z} rotation={0} scale={1.0} physicalPixelDisplaySizeRatio={0.75}}} sideOverrides={}} windowInsets.displayCutout:DisplayCutout{insets=Rect(0, 120 - 0, 0) waterfall=Insets{left=0, top=0, right=0, bottom=0} boundingRect={Bounds=[Rect(0, 0 - 0, 0), Rect(512, 0 - 569, 120), Rect(0, 0 - 0, 0), Rect(0, 0 - 0, 0)]} cutoutPathParserInfo={CutoutPathParserInfo{displayWidth=1080 displayHeight=2376 physicalDisplayWidth=1440 physicalDisplayHeight=3168 density={4.0} cutoutSpec={M -38,0 L -38,160 L 38,160 L 38,0 Z} rotation={0} scale={1.0} physicalPixelDisplaySizeRatio={0.75}}} sideOverrides={}} currentRotation:1
07-29 19:18:37.653  4819  4819 I SystemUi--QuickSettings: OplusQuickStatusBarHeader-->onApplyWindowInsets mIgnoreCenterHole: true mCenterHoleSpaceLp: androidx.constraintlayout.widget.ConstraintLayout$LayoutParams@6e5ea59
07-29 19:18:37.653  4819  4819 I SystemUi--QuickSettings: OplusQuickStatusBarHeader-->updateCenterHoleView visibility: 8 isLpChanged: false
07-29 19:18:37.653  4819  4819 I SystemUi--QuickSettings: OplusQuickStatusBarHeader-->updateCenterHoleView visibility: 8 isLpChanged: false
07-29 19:18:37.654  4819  4819 I PluginSeedling--Base: SeedlingPluginService-->onStateChange: Bundle[{rect=RectF(509.25, 29.25, 570.75, 90.75), state=onHoleRectChanged}]
07-29 19:18:37.654  4819  4819 I SystemUi--Statusbar: StatusBarPaddingProvider-->updateContentsPadding: (51, 14, 60, 15), screenHoleHeight: 61 isLandscape=false, rotation: 0 screenHoleBottom: 90 statusBarHeight: 120 seedlingHeight: 90 switchSupport: true percentScreen:0.75 baseScreenWidth:1080 stableDisplayWidth:1440
07-29 19:18:37.654  4819  4819 I SystemUi--QuickSettings: OplusQuickStatusBarHeader-->onApplyWindowInsets mIgnoreCenterHole: true mCenterHoleSpaceLp: androidx.constraintlayout.widget.ConstraintLayout$LayoutParams@722161e
07-29 19:18:37.654  4819  4819 I SystemUi--QuickSettings: OplusQuickStatusBarHeader-->updateCenterHoleView visibility: 8 isLpChanged: false
07-29 19:18:37.654  4819  4819 I SystemUi--QuickSettings: OplusQuickStatusBarHeader-->updateCenterHoleView visibility: 8 isLpChanged: false
07-29 19:18:37.654  4819  5496 D BufferQueueProducer: [VRI[NotificationShade]#8(BLAST Consumer)8](id:12d300000009,api:1,p:4819,c:4819) connect: api=1 producerControlledByApp=true
07-29 19:18:37.661  4819  4819 I SurfaceControl:  setExtendedRangeBrightness sc=Surface(name=NotificationShade)/@0x70ed47d,currentBufferRatio=1.0,desiredRatio=1.0
07-29 19:18:37.668  2194  2563 D SurfaceFlinger: captureLayers from pid 5399 uid -335
07-29 19:18:37.668  2194  2563 W SurfaceFlinger: Skipping screen capture because of invalid layer.
07-29 19:18:37.668  5399  5612 E ScreenCapture: Failed to generate screen capture. Error code: -12
07-29 19:18:37.668  5399  5612 E Blur_ScreenCapture: [captureScreenInternal] exceeds fail times limit=1
07-29 19:18:37.675  3385  3796 D VRR [OPlusRefreshRateService]: handleConfigIdChange physicalDisplayId: 4630946756802996883 configId: 4 renderPeriod: 8333333
07-29 19:18:37.675  3385  3796 D VRR [OPlusSAManager]: updateModeChange old modeId [ 5 ] -> new modeId [ 4 ] mCurPolicy: 1
07-29 19:18:37.675  3385  3796 D VRR [OPlusSAManager]: updateSAScene active modeId: 4
07-29 19:18:37.675  3385  3796 D VRR [OPlusSAManager]: updateSAScene current policy: 1 active modeId: 4 scene: VRR_90_120
07-29 19:18:37.675  3385  3796 D VRR [OPlusOAManager]: Not OA business! new modeId: [4] active modeId: [5]
07-29 19:18:37.675  3385  3796 D VRR [OPlusGameStatusManager]: updateGameState mOSyncFeatureSwitch: false mIsGamePolicy: false
07-29 19:18:37.675  3385  3796 D VRR [OPlusGameStatusManager]: setLTMStatus false curPkgName: null curr status: false HeartStop: false HeartStopFromTGPA: false ActiveFPS: 120.00001
07-29 19:18:37.675  3385  3796 D VRR [OPlusGameStatusManager]: updateGameAccelerationStatus pkgName: null mOSyncFeatureSwitch: false mIsGamePolicy: false mHeartStop: false mHasFlickerRisk: false mForceAcceleration: false mToastReady: false enable: false
07-29 19:18:37.675  3385  3796 D VRR [OPlusGameStatusManager]: updateToastStatus enableAcceleration: false toastReady: false isGamePolicy: false desiredModeId: 4
07-29 19:18:37.675  3385  3796 D VRR [OPlusGameStatusManager]: updateToastStatus enableAcceleration: false toastReady: false isGamePolicy: false desiredModeId: 4
07-29 19:18:37.675  2194  3202 D VRR [OTI-HW]: isStateReady 0
07-29 19:18:37.675  2194  3202 D VRR [OTI-HW]: keep rate.
07-29 19:18:37.675  3385  3796 D VRR [OPlusSurfaceFlingerController]:  setDirectorOtiHwConfig : true
07-29 19:18:37.677  4819  5496 D BLASTBufferQueue: [VRI[NotificationShade]#8](f:0,a:1) acquireNextBufferLocked size=1080x2376 mFrameNumber=1 applyTransaction=true mTimestamp=57609371643(auto) mPendingTransactions.size=0 graphicBufferId=20697447399474 transform=0
07-29 19:18:37.677  4819  5496 D VRI[NotificationShade]: Received frameCommittedCallback lastAttemptedDrawFrameNum=1 didProduceBuffer=true syncBuffer=false
07-29 19:18:37.677  4819  4819 D VRI[NotificationShade]: draw finished. seqId=0
07-29 19:18:37.677  3385  5955 I WindowManager: Window{824aeba u0 NotificationShade} state from DRAW_PENDING to COMMIT_DRAW_PENDING; reason: finishDrawingLocked
07-29 19:18:37.679  4819  5690 V OplusCustomizeCacheManager: queryCache name: sys.cache.common_customize_cache11011 param: null
07-29 19:18:37.679  3385  3604 I WindowManager: Window{824aeba u0 NotificationShade} state from COMMIT_DRAW_PENDING to READY_TO_SHOW; reason: commitFinishDrawingLocked
07-29 19:18:37.679  3385  3604 I WindowManager: Window{824aeba u0 NotificationShade} state from READY_TO_SHOW to HAS_DRAWN; reason: performShowLocked
07-29 19:18:37.679  4819  5690 V OplusCustomizeCacheManager: queryCache name: sys.cache.common_customize_cache11010 param: null
07-29 19:18:37.679  4819  4819 I SystemUi--Notification: OplusHeadsUpCoreStart-->isVisibility: true
07-29 19:18:37.679  4819  4819 D ZenModeController: Added callback class com.oplus.systemui.qs.tiles.OplusDndTile$1
07-29 19:18:37.679  4819  4819 I SystemUi--Notification: OplusNotificationShadeWindowControllerExImpl-->SHADE_FOCUSABLE-->mNotificationShadeFocusable= true, mPanelExpanded= true, mBouncerShowing= false, mKeyguardShowing= false, mKeyguardOccluded= false, mKeyguardNeedsInput= false, ENABLE_REMOTE_INPUT= true, mRemoteInputActive= false, layoutFlags= -2121924544
07-29 19:18:37.679  4819  4819 I SystemUi--Notification: OplusNotificationShadeWindowControllerExImpl-->SHADE_VISIBLE-->mKeyguardShowing= false, mKeyguardOccluded= false, mPanelVisible= false, mKeyguardFadingAway= false, mKeyguardGoingAway= false, mBouncerShowing= false, mScrimsVisibility= 1, mBackgroundBlurRadius= 0, mForcePluginOpen= false, mediaBackdropShowing= false, viewVisibility= true, qsBlurFraction= 0.018580487, panelBlurFraction= 0.0
07-29 19:18:37.680  4819  4819 I SystemUi--QuickSettings: OplusQsBrightnessSliderController-->setProgressAnimation value: 1745 isListening: true  screenBrightnessDuration: 0.0  startValue: 0 startTime: 0 lastDuration: 545.0 lastStartTime: 46159  max: 4089 sliderProgress: 0 needResetLastAnimation: false
07-29 19:18:37.680  4819  5690 V OplusCustomizeCacheManager: queryCache name: sys.cache.common_customize_cache18014 param: null
07-29 19:18:37.680  4819  5690 D OplusCustomizeCacheManager: add cachename to map: sys.cache.common_customize_cache18014
07-29 19:18:37.680  4819  5690 V OplusCustomizeCacheManager: start recompute
07-29 19:18:37.680  4819  4819 I SystemUi--QuickSettings: OplusQsBrightnessSliderController-->handleNoDuration proportion: 1.0 currentProgress: 1745 duration: 0.0 lastStartValue: 6 sliderProgress: 1745
07-29 19:18:37.680  4819  4819 I PluginSeedling--CapsuleCard: CardRootViewModel-->onExpandedChanged: true
07-29 19:18:37.681  4819  4819 I PluginSeedling--StateMachine: StateEventManager-->stable: true, event: null
07-29 19:18:37.681  4819  5690 V OplusCustomizeCacheManager: queryCache name: sys.cache.common_customize_cache18017 param: Bundle[{SETTING=BLOCK, BUSINESS=NCT-DATA}]
07-29 19:18:37.681  4819  5690 D OplusCustomizeCacheManager: add cachename to map: sys.cache.common_customize_cache18017
07-29 19:18:37.681  4819  5690 V OplusCustomizeCacheManager: start recompute
07-29 19:18:37.681  3385  5955 D OplusCustomizeSecurityManagerService: we can't find the BLOCK
07-29 19:18:37.681  4819  5690 V OplusCustomizeCacheManager: queryCache name: sys.cache.common_customize_cache18013 param: null
07-29 19:18:37.681  4819  5690 V OplusCustomizeCacheManager: queryCache name: sys.cache.common_customize_cache18025 param: null
07-29 19:18:37.681  4819  5690 I SystemUi--QuickSettings: Tile.OplusAirplaneModeTile-->handleUpdateState state.state: 2 value: 1
07-29 19:18:37.681  4819  5690 V OplusCustomizeCacheManager: queryCache name: sys.cache.common_customize_cache18026 param: null
07-29 19:18:37.682  4819  4819 I SystemUi--Statusbar: DisplayRepository-->combining enabled=[0], connectedExternalDisplayIds=[], ignored=[]
07-29 19:18:37.683  4819  4819 I SystemUi--Keyguard: ScrimControllerExImp-->blur State to UNLOCK, bouncer=false changeFromBouncerScrim= false runnerUnlock= false goingAway=false hasHandle=true isOccludeAnimationPlaying=false
07-29 19:18:37.683  3385  5258 I InputDispatcher: injectInputEvent: targetUid=<not set>, syncMode=WAIT_FOR_FINISHED, timeout=30000ms, policyFlags=0x8000000, event=MotionEvent { action=MOVE, id[0]=0, x[0]=900, y[0]=686.667, eventTime=57616000000, downTime=57516000000, deviceId=4, source=TOUCHSCREEN, displayId=0, eventId=0xeb5377a6}
07-29 19:18:37.683  4819  5690 V OplusCustomizeCacheManager: queryCache name: sys.cache.common_customize_cache11009 param: null
07-29 19:18:37.683  3385  3786 D PowerManagerService: userActivityNoUpdateLocked: groupId=0, eventTime=57616, event=touch, flags=0x0, uid=1000
07-29 19:18:37.683  4819  4819 I SystemUi--Keyguard: ScrimControllerExImp-->blur State to UNLOCK, bouncer=false changeFromBouncerScrim= false runnerUnlock= false goingAway=false hasHandle=true isOccludeAnimationPlaying=false
07-29 19:18:37.684  4819  4819 D ViewRootImplExtImpl: wrapConfigInfoIntoFlags rotation=0, smallestScreenWidthDp=360, residentWS=false, scenario=0, bounds=Rect(0, 0 - 1080, 2376), relayoutAsync=true, flags=1, newFlags=1245719809, title=NotificationShade
07-29 19:18:37.684  4819  4819 W VRI[NotificationShade]: updateBlastSurfaceIfNeeded, surfaceSize:Point(1080, 2376), lastSurfaceSize:Point(1080, 2376), format:-3, blastBufferQueue:android.graphics.BLASTBufferQueue@fde1496
07-29 19:18:37.684  3385  5955 D WindowManagerServiceExtImpl: extractConfigInfoAndRealFlags rotation=0, screenDp=360, residentWS:0, scenario:0, bounds:2376, serverWinBounds:Rect(0, 0 - 1080, 2376), win=Window{824aeba u0 NotificationShade}
07-29 19:18:37.684  3385  5955 V WindowManager: Relayout Window{824aeba u0 NotificationShade}: viewVisibility=0, oldvis=0, req=1080x2376, vsysui=, x=0, y=0
07-29 19:18:37.684  4819  4819 I SurfaceControl:  setExtendedRangeBrightness sc=Surface(name=NotificationShade)/@0x70ed47d,currentBufferRatio=1.0,desiredRatio=1.0
07-29 19:18:37.685  3385  5955 D RefreshRate: initControlPanelRefreshRateData PreferredRefreshRateData{mPreferredRefreshRateId=[3, 1, 2, 3],isAnimBoost=true}
07-29 19:18:37.685  3385  5955 D WindowManager: NFW_findFocusedWindowIfNeeded:Window{824aeba u0 NotificationShade} mCurrentFocus:Window{7ae1bdf u0 com.android.launcher/com.android.launcher.Launcher}
07-29 19:18:37.685  3385  5955 V WindowManager: Changing focus from Window{7ae1bdf u0 com.android.launcher/com.android.launcher.Launcher} to Window{824aeba u0 NotificationShade},diplayid=0
07-29 19:18:37.685  4819  5690 V OplusCustomizeCacheManager: queryCache name: sys.cache.common_customize_cache18027 param: null
07-29 19:18:37.685  3385  4604 E OplusUIFirst_WS: unknown window type: -1
07-29 19:18:37.685  3385  4662 E FBProcessManager: unknown window type: -1
07-29 19:18:37.685  3385  4604 E UAH-Framework: invalid window type -1
07-29 19:18:37.687  4819  4819 W SystemUi--Common: SubsetBitmapDrawable-->[isValid] innerBitmap?.isRecycled=null
07-29 19:18:37.687  4819  5690 V OplusCustomizeCacheManager: queryCache name: sys.cache.common_customize_cache11010 param: null
07-29 19:18:37.687  4819  4819 I SystemUi--Statusbar: BatteryViewBinder-->create drawable: com.oplus.systemui.statusbar.pipeline.battery.ui.drawable.HorizontalBatteryContentDrawable@cc61c5d iconStyle:BatteryIconStyle(iconStyle=1, oldStylePercentIn=false, densityDpi=480, scaleFactor=1.0, themeId=0, isThemeModeColor=false, frameColorMode=0, isPercentOutBgMode=false, isPercentOutPbMode=false, batteryOutChargeBgMode=0)
07-29 19:18:37.687  3385  3796 D VRR [OPlusRefreshRateService]: Receive multi scene changed eventId = 5 bundleList.size = 2
07-29 19:18:37.688  3385  5955 D Theia.NoFocusWindow: FocusWindowErrorScene cancelCheckFreezeScreen
07-29 19:18:37.688  3385  5955 W TheiaWindowMonitor: [check] focusedWindow is null or enable is false
07-29 19:18:37.689  3385  3630 I UserAwareMgr: handleFgAppChanged, pkgName: com.android.systemui, pid: 4819, isVisible: true, fgAppType: FG2
07-29 19:18:37.689  3385  3630 I UserAwareMgr: fg app status not changed, beforeVisible: true, currentVisible: true
07-29 19:18:37.689  4819  4819 I SystemUi--Statusbar: BatteryViewBinder-->create drawable: com.oplus.systemui.statusbar.pipeline.battery.ui.drawable.HorizontalBatteryContentDrawable@6e5912a iconStyle:BatteryIconStyle(iconStyle=1, oldStylePercentIn=false, densityDpi=480, scaleFactor=1.0, themeId=0, isThemeModeColor=false, frameColorMode=0, isPercentOutBgMode=false, isPercentOutPbMode=false, batteryOutChargeBgMode=0)
07-29 19:18:37.689  7371  7371 W Battery : PowerSaveTileService: updateTileState false
07-29 19:18:37.690  4819  4819 W SystemUi--Common: SubsetBitmapDrawable-->[isValid] innerBitmap?.isRecycled=null
07-29 19:18:37.691  4819  4819 I SystemUi--Statusbar: BatteryViewBinder-->create drawable: com.oplus.systemui.statusbar.pipeline.battery.ui.drawable.HorizontalBatteryContentDrawable@3854756 iconStyle:BatteryIconStyle(iconStyle=1, oldStylePercentIn=false, densityDpi=480, scaleFactor=1.0, themeId=0, isThemeModeColor=false, frameColorMode=0, isPercentOutBgMode=false, isPercentOutPbMode=false, batteryOutChargeBgMode=0)
07-29 19:18:37.691  4819  4819 I SystemUi--Statusbar: BatteryViewBinder-->create drawable: com.oplus.systemui.statusbar.pipeline.battery.ui.drawable.HorizontalBatteryContentDrawable@dffc3d7 iconStyle:BatteryIconStyle(iconStyle=1, oldStylePercentIn=false, densityDpi=480, scaleFactor=1.0, themeId=0, isThemeModeColor=false, frameColorMode=0, isPercentOutBgMode=false, isPercentOutPbMode=false, batteryOutChargeBgMode=0)
07-29 19:18:37.691  1926  4461 I Dpps    : LtmSwState::SetParameter():144 ignore cmd 7 in state LtmOffState
07-29 19:18:37.692  2194  2194 D OplusInfoMonitor: setListenerReport: reportInfo:
07-29 19:18:37.692  3385  3604 D SurfaceComposerClient: Transaction::apply InputWindowCommands.focusRequests timestamp=57622558778, windowName=824aeba NotificationShade
07-29 19:18:37.693  2194  2480 D SurfaceFlinger: captureLayers from pid 5399 uid -335
07-29 19:18:37.694  4819  4819 I SystemUi--Keyguard: ScrimControllerExImp-->blur State to UNLOCK, bouncer=false changeFromBouncerScrim= false runnerUnlock= false goingAway=false hasHandle=true isOccludeAnimationPlaying=false
07-29 19:18:37.694  4819  4819 I SystemUi--Keyguard: ScrimControllerExImp-->blur State to UNLOCK, bouncer=false changeFromBouncerScrim= false runnerUnlock= false goingAway=false hasHandle=true isOccludeAnimationPlaying=false
07-29 19:18:37.694  4819  4819 I SystemUi--QuickSettings: QSPanelAnimatorManager-->showFirstElement
