07-29 19:18:39.119  3385  3639 I ActivityManager: Start proc 12993:com.oplus.wirelesssettings:tzupdate/1000 for broadcast {com.oplus.wirelesssettings/com.oplus.tzupdate.timezone.MccChangeReceiver}
07-29 19:18:39.119  5036  5036 I QImsService: OplusPhoneStateTracker : onServiceStateChanged
07-29 19:18:39.120  4969  5798 D OplusLinkBoostCommon: dds servicestate change
07-29 19:18:39.120  5036  5036 I QImsService: OplusPhoneStateTracker : onServiceStateChanged
07-29 19:18:39.120  5170  6090 D cellularState[0]: handleMessage: E msg.what=4
07-29 19:18:39.120  4969  5813 D OplusSubWaySlowRecovery: getPreferSubId return 1
07-29 19:18:39.120  4969  5813 D SaDataFailRecovery/0: current is not in service,reset alarm
07-29 19:18:39.120  4969  5813 D OplusScanQrCodeRecoveryImpl: msg.what=3
07-29 19:18:39.120  4969  5767 D T-Recommend: onPreHandleMessage 1000
07-29 19:18:39.120  4969  5767 E CellularEvent: nri null ps
07-29 19:18:39.120  4969  5767 E CellularEvent: invalid nri
07-29 19:18:39.120  4969  5767 D T-Recommend: onPostHandleMessage 1000
07-29 19:18:39.120  4969  5799 D NAS-CallIssueDetector: onServiceStateChanged
07-29 19:18:39.120  4969  5799 D OplusCiwlanController: [vodata] processServiceStateChanged  phoneid = 0, original roaming type = 0,roaming type = 0
07-29 19:18:39.120  4969  5799 D OplusCiwlanController: [vodata] processServiceStateChanged  phoneid = 1, original roaming type = 0,roaming type = 0
07-29 19:18:39.120  5170  6090 D cellularState[0]: processMsg: DataCallingState
07-29 19:18:39.120  5170  6090 D cellularState[0]: processMsg: NetworkAttachedState
07-29 19:18:39.120  5170  6090 D cellularState[0]: processMsg: SimReadyState
07-29 19:18:39.120  5170  6090 D cellularState[0]: processMsg: DefaultState
07-29 19:18:39.120  5170  6090 E cellularState[0]:  - unhandledMessage: msg.what=4
07-29 19:18:39.120  5170  6090 D cellularState[0]: handleMessage: X
07-29 19:18:39.120  3385  5403 W ContextImpl: Calling a method in the system process without a qualified user: android.app.ContextImpl.sendBroadcastMultiplePermissions:1311 android.content.Context.sendBroadcastMultiplePermissions:2524 com.android.server.TelephonyRegistry.broadcastServiceStateChanged:3740 com.android.server.TelephonyRegistry.notifyServiceStateForPhoneId:1787 com.android.internal.telephony.ITelephonyRegistry$Stub.onTransact:546 
07-29 19:18:39.121  3385  4238 I MemoryOperationUtils: add 12993 to inactive
07-29 19:18:39.121  3385  5403 W ContextImpl: Calling a method in the system process without a qualified user: android.app.ContextImpl.sendBroadcastMultiplePermissions:1344 com.android.server.TelephonyRegistry.broadcastServiceStateChanged:3745 com.android.server.TelephonyRegistry.notifyServiceStateForPhoneId:1787 com.android.internal.telephony.ITelephonyRegistry$Stub.onTransact:546 android.os.Binder.execTransactInternal:1523 
07-29 19:18:39.122  6559  6623 I midasd  : OplusObrainService::notifyEventInt eventId:38 iParam:20
07-29 19:18:39.122  3385  5403 W ContextImpl: Calling a method in the system process without a qualified user: android.app.ContextImpl.sendBroadcastMultiplePermissions:1344 com.android.server.TelephonyRegistry.broadcastServiceStateChanged:3754 com.android.server.TelephonyRegistry.notifyServiceStateForPhoneId:1787 com.android.internal.telephony.ITelephonyRegistry$Stub.onTransact:546 android.os.Binder.execTransactInternal:1523 
07-29 19:18:39.122  4902  4902 D MultiSimSettingController: notifySubscriptionInfoChanged
07-29 19:18:39.122  8959 10435 I OplusObrain: OplusObrainClientInvoke.nativeGetTelephonyInfo
07-29 19:18:39.123  3385  5403 W ContextImpl: Calling a method in the system process without a qualified user: android.app.ContextImpl.sendBroadcastMultiplePermissions:1344 com.android.server.TelephonyRegistry.broadcastServiceStateChanged:3760 com.android.server.TelephonyRegistry.notifyServiceStateForPhoneId:1787 com.android.internal.telephony.ITelephonyRegistry$Stub.onTransact:546 android.os.Binder.execTransactInternal:1523 
07-29 19:18:39.123  8959  9023 I OplusObrain: OplusObrainClientInvoke.nativeGetTrafficTypeInfoForNetworkType networkType 0
07-29 19:18:39.123  3385  4504 V NetworkPolicy: onSubscriptionsChanged
07-29 19:18:39.124  5876  5876 D CellBroadcastReceiver: onReceive Intent { act=android.intent.action.SERVICE_STATE flg=0x1000010 cmp=com.android.cellbroadcastreceiver.module/com.android.cellbroadcastreceiver.CellBroadcastReceiver (has extras) }
07-29 19:18:39.124  5876  5876 D CellBroadcastReceiver: onServiceStateChanged, ss: 1
07-29 19:18:39.124  5876  5876 D CellBroadcastReceiver: networkOperator: 
07-29 19:18:39.125  5082  5082 D QCNEJ/DataCallAgent: onSubscriptionsChanged: new DDS 1
07-29 19:18:39.125  5082  5082 D QCNEJ/WwanInfoRelay: onSubscriptionsChanged currDDSId: 1 new DDS 1
07-29 19:18:39.125  5082  8779 D QCNEJ/DataCallAgent: phoneCount: 2
07-29 19:18:39.125  5082  8779 D QCNEJ/DataCallAgent: subs for 0th slot: [1]
07-29 19:18:39.125  5082  8779 D QCNEJ/DataCallAgent: mSubInfoReady[0] is set to true
07-29 19:18:39.125  5082  8779 D QCNEJ/DataCallAgent: subs for 1th slot: [-1]
07-29 19:18:39.125  4902  4902 I Telephony: y0: onServiceStateChanged: newState=1, mServiceState=1
07-29 19:18:39.126  4902  4902 I Telephony: isRttCurrentlySupported -- regular acct, hasVoiceAvailability: false
07-29 19:18:39.126  4902  4902 I Telephony:  isRttSupported: false
07-29 19:18:39.126  4902  4902 I Telephony:  isUserRttSettingOn: false
07-29 19:18:39.126  4902  4902 I Telephony:  alwaysAllowWhileRoaming: false
07-29 19:18:39.126  4902  4902 I Telephony:  isRoaming: false
07-29 19:18:39.126  4902  4902 I Telephony:  isOnWfc: false
07-29 19:18:39.123  3385  5955 D KernelStatsHelper: getKernelStats start!
07-29 19:18:39.127  3385  3385 I AS.AudioService: onSubscriptionsChanged()
07-29 19:18:39.127  4819  5236 I SystemUi--Statusbar: MobileInputLog-->onSubscriptionsChanged
07-29 19:18:39.127  4819  5236 I SystemUi--Statusbar: MobileConnectionRepositoryImpl-->subId:1 isSoftSimCard:false slotId:0
07-29 19:18:39.127  4819  4819 I SystemUi--Statusbar: OplusMobileIconInteractorImpl-->oplusIMSModel slot:0: CapabilityTypeModel(isVolteSwitchOn=true, isWfcEnabledByUser=true, imsRegistered=false, voiceCapable=false, videoCapable=false, registerTech=-1, isCrossSimCallingEnabledByUser=false, hasHideVolteOperator=false), SimStateModel(simInserted=[true, false], simForbidden=[false, true], simStateIMSI=[true, false], simLoaded=[true, false]),oplusNetworkTypeNr:20,isVoNrEnabled:false
07-29 19:18:39.128  5036  5036 E QImsService: ImsConfigImpl : onSubscriptionsChanged unable to process due to SubscriptionInfo is null
07-29 19:18:39.128  5036  5036 I QImsService: OplusPhoneStateTracker : onSubscriptionsChanged Last subId: 1 Current subId 1
07-29 19:18:39.128  4969  5390 D NAS-CellularEvent: handleSubscriptionsChanged: slotId=0
07-29 19:18:39.128  5036  5036 I QImsService: OplusPhoneStateTracker : onSubscriptionsChanged Last subId: -1 Current subId -1
07-29 19:18:39.128  3385  4590 D OplusNetlinkSocket: handleNetlinkRecvKernelMessage:nlmsghdr:StructNlMsgHdr{ nlmsg_len{40}, nlmsg_type{50()}, nlmsg_flags{0()}, nlmsg_seq{0}, nlmsg_pid{221843950} }
07-29 19:18:39.128  3385  4590 D KernelStatsHelper: get magic :[-1, -1, -1, 77, 65, 71, 73, 67]
07-29 19:18:39.128  3385  4590 D KernelStatsHelper: magic matched count:0 data_len:0
07-29 19:18:39.128  3385  4590 D KernelStatsHelper: data over! check: true
07-29 19:18:39.128  3385  4504 D NetworkPolicy: Normalization put networkpolicyNetworkTemplate: matchRule=CARRIER, matchSubscriberIds=[001011...], matchWifiNetworkKeys=[], metered=YES
07-29 19:18:39.128  3385  4504 D NetworkPolicy: Normalization put networkpolicyNetworkTemplate: matchRule=CARRIER, matchSubscriberIds=[310260...], matchWifiNetworkKeys=[], metered=YES
07-29 19:18:39.128  3385  4504 D NetworkPolicy: Normalization put networkpolicyNetworkTemplate: matchRule=CARRIER, matchSubscriberIds=[001010...], matchWifiNetworkKeys=[], metered=YES
07-29 19:18:39.128  3385  4504 D NetworkPolicy: Normalization put networkpolicyNetworkTemplate: matchRule=CARRIER, matchSubscriberIds=[001010...], matchWifiNetworkKeys=[], metered=YES
07-29 19:18:39.128  3385  4504 D NetworkPolicy: Normalization put networkpolicyNetworkTemplate: matchRule=CARRIER, matchSubscriberIds=[001012...], matchWifiNetworkKeys=[], metered=YES
07-29 19:18:39.128  3385  4504 V NetworkPolicy: updateNetworkEnabledNL() return
07-29 19:18:39.128  4902  6215 E PhoneInterfaceManager: getServiceStateForSlot retuning null for invalid slotIndex=-1
07-29 19:18:39.129  4969  5767 D CellularEvent: handleSubscriptionsChanged: slotId=0
07-29 19:18:39.129  4819  5236 I SystemUi--Statusbar: MobileConnectionRepositoryImpl-->subId:1 isSoftSimCard:false slotId:0
07-29 19:18:39.129  4969  5767 D CellularEvent: onImsRegistrationStateChanged, slotId=0state:false
07-29 19:18:39.129  4819  5236 I SystemUi--Statusbar: MobileConnectionRepositoryImpl-->subId:1 isSoftSimCard:false slotId:0
07-29 19:18:39.129  3385  4504 V NetworkPolicy: updateNotificationsNL not process
07-29 19:18:39.129  4819  4819 I SystemUi--Statusbar: OplusMobileIconInteractorImpl-->oplusIMSModel slot:0: CapabilityTypeModel(isVolteSwitchOn=true, isWfcEnabledByUser=true, imsRegistered=false, voiceCapable=false, videoCapable=false, registerTech=-1, isCrossSimCallingEnabledByUser=false, hasHideVolteOperator=false), SimStateModel(simInserted=[true, false], simForbidden=[false, true], simStateIMSI=[true, false], simLoaded=[true, false]),oplusNetworkTypeNr:20,isVoNrEnabled:false
07-29 19:18:39.129  3385  4504 W BestClock: java.time.DateTimeException: Missing network time fix
07-29 19:18:39.129  5170  5170 D SubsysEventListenerManager-SubsysTelephonyCallback[0]: onServiceStateChanged
07-29 19:18:39.129  5170  5170 D ChinaRoamingControl: registTelephonyEvent onServiceStateChanged eventId:5, VoiceRegState:1, DataRegState:1
07-29 19:18:39.129  5170  5170 D QuickChangeAirplaneModeEvent: onServiceStateChanged slotId:0
07-29 19:18:39.129  7371  8800 E Battery : ControllerCenter: onReceiver: mSubscriptionManager is null || mIsNeedRestoreMobile = false
07-29 19:18:39.129  6527  8813 D OplusAtlasAudioDetectionManager: MSG_CALL_STATE_CHANGED
07-29 19:18:39.129  6527  8813 D OplusAtlasAudioDetectionManager: callStateChanged state: 0, len: 0
07-29 19:18:39.129  4969  5390 D NAS-CellularEvent: onImsRegistrationStateChanged, slotId=0state:false
07-29 19:18:39.129  5170  5170 D QuickChangeAirplaneModeEvent: isBothCardInService is false
07-29 19:18:39.129  6796  8263 D OsAgentAidlClient: [string_dataitem_update][1584] [HC] =>> [HS]
07-29 19:18:39.129  5170  5170 D MsimSubModeManager: registTelephonyEvent onServiceStateChanged eventId:3, VoiceRegState:1, DataRegState:1
07-29 19:18:39.129  5170  5170 E ExtremeCommUtils: getSwitchRusSupportMcc invalid index 1
07-29 19:18:39.129  4819  6071 I SystemUi--Statusbar: OplusMobileConnectionRepository1-->stopListenImsStatusChanged
07-29 19:18:39.129  4902  4902 V OplusCustomizeCacheManager: queryCache name: sys.cache.common_customize_cache18016 param: null
07-29 19:18:39.129  4902  4902 V OplusCustomizeCacheManager: queryCache name: sys.cache.common_customize_cache18013 param: null
07-29 19:18:39.129  4902  4902 V OplusCustomizeCacheManager: queryCache name: sys.cache.common_customize_cache18014 param: null
07-29 19:18:39.129  5170  5170 D ExtremeCommUtils: isSupporCheck rusContain:false,propContain(persist.sys.oplus.support_hyper_uplink_mcc):false
07-29 19:18:39.129  4902  4902 V OplusCustomizeCacheManager: queryCache name: sys.cache.common_customize_cache18017 param: Bundle[{SETTING=BLOCK, BUSINESS=NCT-DATA}]
07-29 19:18:39.130  5170  5170 D ExtremeCommService: handleServiceStateChanged mcc is null
07-29 19:18:39.130  5170  5170 D SubsysEventListenerManager-SubsysTelephonyCallback[0]: onCellLocationChanged
07-29 19:18:39.130  5170  5170 D ChinaRoamingControl: handleMessage what:5
07-29 19:18:39.130  5170  5170 D SubsysEventListenerManager-SubsysTelephonyCallback[0]: onDisplayInfoChanged
07-29 19:18:39.130  5170  5170 D SceneService: onDisplayInfoChanged slotId:0,telephonyDisplayInfo:TelephonyDisplayInfo {network=NR, overrideNetwork=NONE, isRoaming=false}
07-29 19:18:39.130  5170  5170 D MsimSubModeManager: handleMessage what:3
07-29 19:18:39.130  5170  5170 D MsimSubModeManager: getMsimSimServiceIn() i:0,mServiceState:1
07-29 19:18:39.130  4902  4902 V OplusCustomizeCacheManager: queryCache name: sys.cache.common_customize_cache18016 param: null
07-29 19:18:39.130  5170  5170 D MsimSubModeManager: getMsimSimServiceIn() i:1,mServiceState:1
07-29 19:18:39.130  4819  6071 I SystemUi--Statusbar: OplusMobileConnectionRepository1-->phoneId: 0, conflatedCallbackFlow init
07-29 19:18:39.130  4819  6071 I SystemUi--Statusbar: OplusMobileConnectionRepository1-->startListenImsStatusChanged
07-29 19:18:39.130  4902  4902 V OplusCustomizeCacheManager: queryCache name: sys.cache.common_customize_cache18013 param: null
07-29 19:18:39.130  4902  4902 V OplusCustomizeCacheManager: queryCache name: sys.cache.common_customize_cache18014 param: null
07-29 19:18:39.130  4902  4902 V OplusCustomizeCacheManager: queryCache name: sys.cache.common_customize_cache18017 param: Bundle[{SETTING=BLOCK, BUSINESS=NCT-DATA}]
07-29 19:18:39.130  4902  4902 D MultiSimSettingController: onSubscriptionsChanged
07-29 19:18:39.130  4902  4902 D MultiSimSettingController: isReadyToReevaluate: subInfoInitialized=true, carrierConfigsLoaded=true, satelliteEnabledOrBeingEnabled=false
07-29 19:18:39.130  4902  4902 D MultiSimSettingController: updateDefaults
07-29 19:18:39.130  4902  4902 D MultiSimSettingController: isReadyToReevaluate: subInfoInitialized=true, carrierConfigsLoaded=true, satelliteEnabledOrBeingEnabled=false
07-29 19:18:39.130  4902  4902 D MultiSimSettingController: updateDefaultValues: change: 0
07-29 19:18:39.130  4902  4902 D MultiSimSettingController: disableDataForNonDefaultNonOpportunisticSubscriptions triggered, return directly
07-29 19:18:39.130  4902  4902 D ImsResolver: oldSubId: 1, newSubId: 1
07-29 19:18:39.130  4902  4902 D ImsResolver: oldSubId: -1, newSubId: -1
07-29 19:18:39.130  4902  4902 I Telephony: TelecomAccountRegistry: onSubscriptionsChanged - reregister accounts
07-29 19:18:39.130  4902  4902 D PhoneUtils: PhoneAccountHandle subId=1, slotId=0
07-29 19:18:39.131  4902  4902 D Telephony: registerPstnPhoneAccount line1Number =  subNumber = 
07-29 19:18:39.131  4902  4902 D Telephony: color is transparent asign default instead -15502541
07-29 19:18:39.131 12993 12993 I ttings:tzupdate: isSwordfishLaunchAppEnabled_ 1 isSwordfishInstallAppEnabled_ 1
07-29 19:18:39.131 12993 12993 E ttings:tzupdate: Unknown bits set in runtime_flags: 0x40000000
07-29 19:18:39.131 12993 12993 I ttings:tzupdate: Using CollectorTypeCMC GC.
07-29 19:18:39.131  4902  4902 D Telephony: isEmergencyPreferredAccount: subId=1, activeData=1
07-29 19:18:39.131  4902  4902 D Telephony: isEmergencyPreferredAccount: Device does not require preference.
07-29 19:18:39.131  4902  4902 I Telephony: isRttCurrentlySupported -- regular acct, hasVoiceAvailability: false
07-29 19:18:39.131  4902  4902 I Telephony:  isRttSupported: false
07-29 19:18:39.131  4902  4902 I Telephony:  isUserRttSettingOn: false
07-29 19:18:39.131  4902  4902 I Telephony:  alwaysAllowWhileRoaming: false
07-29 19:18:39.131  4902  4902 I Telephony:  isRoaming: false
07-29 19:18:39.131  4902  4902 I Telephony:  isOnWfc: false
07-29 19:18:39.131  4902  4902 D Telephony: x0: buildPstnPhoneAccount, phoneId: 0, mIsVideoCapable: false, 
07-29 19:18:39.131  4902  4902 D OplusSesImsManagerExt: feature:0, phoneId:0
07-29 19:18:39.131  4902  4902 D OplusSesImsManagerExt: getSubIdUsingPhoneId:1, phoneId:0
07-29 19:18:39.131  4902  4902 D OplusSesImsManagerExt: isEntitlementEnabled:false
07-29 19:18:39.131  4902  4902 D OplusSesImsManagerExt: isFeatureProvisionedOnDevice not enabled
07-29 19:18:39.131  3385  5955 W BestClock: java.time.DateTimeException: Missing network time fix
07-29 19:18:39.132  4902  4902 D Telephony: registerPstnPhoneAccount mIsVideoCapable = false
07-29 19:18:39.132  4902  4902 W libc    : Access denied finding property "persist.vendor.mtk_uce_support"
07-29 19:18:39.132  4902  4902 I Telephony: isCarrierVideoPresenceSupported, false, false, false, false
07-29 19:18:39.132  4902  4902 I Telephony: reRegisterPstnPhoneAccount: subId: 1 - no change
07-29 19:18:39.132  4902  4902 D CallNotifier: updatePhoneStateListeners: update CF notifications.
07-29 19:18:39.132  4969  5798 W BestClock: java.time.DateTimeException: Missing network time fix
07-29 19:18:39.133  4969  5798 V MonthTrafficAlert: getWarningNotification subId:1 numWarningNotificaion:0
07-29 19:18:39.133  4819  6071 I SystemUi--Statusbar: OplusMobileConnectionRepository1-->onImsStatusChanged model: CapabilityTypeModel(isVolteSwitchOn=true, isWfcEnabledByUser=true, imsRegistered=false, voiceCapable=false, videoCapable=false, registerTech=-1, isCrossSimCallingEnabledByUser=false, hasHideVolteOperator=false)
07-29 19:18:39.133  4819  4819 I KeyguardUpdateMonitor: action=android.intent.action.SERVICE_STATE subId=1 slotId=0
07-29 19:18:39.133  3385  5403 W BestClock: java.time.DateTimeException: Missing network time fix
07-29 19:18:39.133  4902  4902 V SimultaneousCallingTracker: Received EVENT 101
07-29 19:18:39.133  4902  4902 V SimultaneousCallingTracker: generateVoiceCapablePhoneMapBasedOnUserAssociation: adding phoneId = 0
07-29 19:18:39.133  4902  4902 I SimultaneousCallingTracker: updatePhoneMapAndSimultaneousCallSupportMap: mVoiceCapablePhoneMap.size = 1
07-29 19:18:39.133 12993 12993 E ttings:tzupdate: Not starting debugger since process cannot load the jdwp agent.
07-29 19:18:39.133  4902  4902 V SimultaneousCallingTracker: registerForImsRegistrationChanges: registering phoneId = 0
07-29 19:18:39.133  4902  4902 V SimultaneousCallingTracker: generateSimultaneousCallSupportMap: returning simultaneousCallSubSupportMap = Phone ID=0 - Simultaneous calling compatible phone IDs=[]; 
07-29 19:18:39.133  4902  4902 V SimultaneousCallingTracker: handleSimultaneousCallingSupportChanged
07-29 19:18:39.133  4902  4902 D InternationalRoamingNotification: init
07-29 19:18:39.133  5170  6183 D VirtualCommService2: isSupport. true, true
07-29 19:18:39.133  4819  5690 V OplusCustomizeCacheManager: queryCache name: sys.cache.common_customize_cache18014 param: null
07-29 19:18:39.133  4902  4902 D OplusVirtualCommUtils: isVirtualCommSupport, vRet: true
07-29 19:18:39.133  4819  5690 V OplusCustomizeCacheManager: queryCache name: sys.cache.common_customize_cache18017 param: Bundle[{SETTING=BLOCK, BUSINESS=NCT-DATA}]
07-29 19:18:39.133  4819  5690 V OplusCustomizeCacheManager: queryCache name: sys.cache.common_customize_cache18013 param: null
07-29 19:18:39.133  4902  4902 I OplusVirtualCommUtils: getVirtualCommDeviceType, vRet: 1
07-29 19:18:39.133  4902  4902 I OplusVirtualCommUtils: isConsumerDeviceType, deviceType: 1
07-29 19:18:39.134  4902  4902 D InternationalRoamingNotification: do not createRoamingNotification for invalid Network
07-29 19:18:39.134  3385  3537 W ContentService: Observer is already registered. Pid is 4902
07-29 19:18:39.134 12993 12993 D nativeloader: Load libframework-connectivity-tiramisu-jni.so using APEX ns com_android_tethering for caller /apex/com.android.tethering/javalib/framework-connectivity-t.jar: ok
07-29 19:18:39.135  4902  4902 V OplusCustomizeCacheManager: queryCache name: sys.cache.common_customize_cache18016 param: null
07-29 19:18:39.135  4902  4902 V OplusCustomizeCacheManager: queryCache name: sys.cache.common_customize_cache18013 param: null
07-29 19:18:39.135  4902  4902 V OplusCustomizeCacheManager: queryCache name: sys.cache.common_customize_cache18014 param: null
07-29 19:18:39.135  4902  4902 V OplusCustomizeCacheManager: queryCache name: sys.cache.common_customize_cache18017 param: Bundle[{SETTING=BLOCK, BUSINESS=NCT-DATA}]
07-29 19:18:39.135  3385  3537 W BestClock: java.time.DateTimeException: Missing network time fix
07-29 19:18:39.136 12993 12993 W libc    : Access denied finding property "persist.vendor.sys.activitylog"
07-29 19:18:39.136 12993 12993 I OneTrace: Mark active for pid=12993? true
07-29 19:18:39.136 12993 12993 D cutils-dev: otrace_set_tracing_enabled? true tag:0
07-29 19:18:39.136 12993 13005 D cutils-dev: properties changed in otrace_seq_number_changed!
07-29 19:18:39.136  3385  5403 W BestClock: java.time.DateTimeException: Missing network time fix
07-29 19:18:39.136  4819  5690 V OplusCustomizeCacheManager: queryCache name: sys.cache.common_customize_cache18014 param: null
07-29 19:18:39.136  4819  5690 V OplusCustomizeCacheManager: queryCache name: sys.cache.common_customize_cache18017 param: Bundle[{SETTING=BLOCK, BUSINESS=NCT-DATA}]
07-29 19:18:39.136  4819  5690 V OplusCustomizeCacheManager: queryCache name: sys.cache.common_customize_cache18013 param: null
07-29 19:18:39.137  3385  5403 D ActivityTaskManagerServiceExtImpl: preBindApplication record is null
07-29 19:18:39.137  3385  5403 D RGBNormalizeServer: OplusRGBNormalize feature enabled ? true
07-29 19:18:39.137  3385  5403 D ResourcesManagerCache: For package com.oplus.wirelesssettings we got cacheList [null] appInfoExt is null ? false hasFeature ? false
07-29 19:18:39.137  3385  5403 D VRR [OPlusExternalRefreshRateManager]: isPkgTfcEnable: pkgName = com.oplus.wirelesssettings, enable = false
07-29 19:18:39.137  3385  5403 D VRR [OPlusExternalRefreshRateManager]: getTfcMinFramerate: pkgName = com.oplus.wirelesssettings, min framerate = 0
07-29 19:18:39.138 12993 12993 D OplusActivityManager: get AMS extension: android.os.BinderProxy@71a6829
07-29 19:18:39.139 12993 12993 D CompactWindowAppManager: initCompactApplicationInfo CompactMode: , NormalMode: 
07-29 19:18:39.140 12993 12993 D OplusScrollToTopManager: setIsInWhiteList false
07-29 19:18:39.140 12993 12993 D OplusViewDebugManager: OplusViewDebugManager Constructor android.view.debug.OplusViewDebugManager@c4b794f [mHasViewDebugProperty true] [mHasMsgDebugProperty false] [DEBUG false] [EXTRAINFOENABLE false] [LIGHT_OS false]
07-29 19:18:39.141 12993 12993 D CompatChangeReporter: Compat change id reported: 242716250; UID 1000; state: ENABLED
07-29 19:18:39.141  4819  4819 I KeyguardUpdateMonitor: refreshSimState, changed:false,subId:1,slotId:0,state:5
07-29 19:18:39.141  4819  5180 I SystemUi--QuickSettings: Tile.OplusCellularTile-->updateCarrierText: dialog not showing, ignore
07-29 19:18:39.141  4819  5180 D SimStateHelper: slot:0, lock state:Bundle[mParcelledData.dataSize=56]
07-29 19:18:39.141  4819  5180 D SimStateHelper: slot:1, lock state:Bundle[mParcelledData.dataSize=56]
07-29 19:18:39.141  4819  5180 D SimStateHelper: needDisableMenu: slot1State=-1; slot2State=-1
07-29 19:18:39.141  4819  5180 D SimStateHelper: needDisableMenu:false
07-29 19:18:39.141  4819  5180 I SystemUi--QuickSettings: Tile.OplusCellularTile-->updateCarrierText: dialog not showing, ignore
07-29 19:18:39.142  4819  5180 D SimStateHelper: slot:0, lock state:Bundle[mParcelledData.dataSize=56]
07-29 19:18:39.142  4819  5180 D SimStateHelper: slot:1, lock state:Bundle[mParcelledData.dataSize=56]
07-29 19:18:39.142  4819  5180 D SimStateHelper: needDisableMenu: slot1State=-1; slot2State=-1
07-29 19:18:39.142  4819  5180 D SimStateHelper: needDisableMenu:false
07-29 19:18:39.142 12993 12993 W libc    : Access denied finding property "ro.odm.prev.product.name"
07-29 19:18:39.143 12993 12993 W ziparchive: Unable to open '/system_ext/framework/nfcvendorlib.dm': No such file or directory
07-29 19:18:39.143 12993 12993 W ziparchive: Unable to open '/system_ext/framework/nfcvendorlib.dm': No such file or directory
07-29 19:18:39.144 12993 12993 D nativeloader: Configuring clns-shared-7 for other apk /system_ext/framework/nfcvendorlib.jar. target_sdk_version=34, uses_libraries=ALL, library_path=/system_ext/priv-app/WirelessSettings/lib/arm64:/system_ext/priv-app/WirelessSettings/WirelessSettings.apk!/lib/arm64-v8a:/system/lib64:/system_ext/lib64, permitted_path=/data:/mnt/expand:/data/user_de/0/com.oplus.wirelesssettings:/system_ext/priv-app/WirelessSettings:/system/lib64:/system_ext/lib64
07-29 19:18:39.144 12993 12993 D nativeloader: Extending system_exposed_libraries: libbinauralrenderer_wrapper.qti.so:libhoaeffects.qti.so:libSloganJni.oplus.so:libsuperNight.oplus.so:libAPSClient-cmd-jni-extension.oplus.so:libsatellite_audio_jni.oplus.so:libortc_so.oplus.so:libsoundtouch.oplus.so:libsoundtouch_jni.oplus.so:libOplusStringJNI-extension.oplus.so:libsatellite_ostx_jni.oplus.so:libapssuspend-jni.oplus.so:libupdateprof.qti.so:libthermalclient.qti.so:libqape.qti.so:libqesdk_ndk_platform.qti.so:liblistenjni.qti.so
07-29 19:18:39.144 12993 12993 D ApplicationLoaders: Returning zygote-cached class loader: /system_ext/framework/androidx.window.extensions.jar
07-29 19:18:39.144 12993 12993 D ApplicationLoaders: Returning zygote-cached class loader: /system_ext/framework/androidx.window.sidecar.jar
07-29 19:18:39.147 12993 12993 D nativeloader: Configuring clns-shared-8 for other apk /system_ext/priv-app/WirelessSettings/WirelessSettings.apk. target_sdk_version=34, uses_libraries=, library_path=/system_ext/priv-app/WirelessSettings/lib/arm64:/system_ext/priv-app/WirelessSettings/WirelessSettings.apk!/lib/arm64-v8a:/system/lib64:/system_ext/lib64, permitted_path=/data:/mnt/expand:/data/user_de/0/com.oplus.wirelesssettings:/system_ext/priv-app/WirelessSettings:/system/lib64:/system_ext/lib64
07-29 19:18:39.150 12993 12993 V GraphicsEnvironment: Currently set values for:
07-29 19:18:39.150 12993 12993 V GraphicsEnvironment:   angle_gl_driver_selection_pkgs=[]
07-29 19:18:39.150 12993 12993 V GraphicsEnvironment:   angle_gl_driver_selection_values=[]
07-29 19:18:39.150 12993 12993 V GraphicsEnvironment: Global.Settings values are invalid: number of packages: 0, number of values: 0
07-29 19:18:39.152 12993 12993 D WS_OplusWirelessSettingsApp: onCreate, OplusWirelessSettingsApp
07-29 19:18:39.155 12993 12993 D LogUtils: initWirelessLog sIsQeAssert=false,sIsWifiOrBtLog=false
07-29 19:18:39.157  3385  3537 I ActivityManager: Flag disabled. Ignoring finishAttachApplication from uid: 1000. pid: 12993
07-29 19:18:39.157 12993 12993 E ANDR-PERF-CLIENT-SYS: death recipent object is fine
07-29 19:18:39.157 12993 12993 W ttings:tzupdate: AIBinder_linkToDeath is being called with a non-null cookie and no onUnlink callback set. This might not be intended. AIBinder_DeathRecipient_setOnUnlinked should be called first.
07-29 19:18:39.158  3385  3537 W OplusSelfProtectManager: pkg[com.oplus.wirelesssettings] not in policy list
07-29 19:18:39.160  3385  3537 D ActivityManager: Async freezing 12993 com.oplus.wirelesssettings:tzupdate
07-29 19:18:39.162  4707  4721 W SQLiteLog: (28) double-quoted string literal: "timezone_tzdata_v2_files"
07-29 19:18:39.230  2001  2001 D SensorFeature: name=ssc_screenshot_info ,index = 22
07-29 19:18:39.230  2001  2001 D SensorFeature: write 29 bytes:59153718622,59162051955,161,0
07-29 19:18:39.232  4902  4902 V OplusCustomizeCacheManager: queryCache name: sys.cache.common_customize_cache18016 param: null
07-29 19:18:39.232  4902  4902 V OplusCustomizeCacheManager: queryCache name: sys.cache.common_customize_cache18013 param: null
07-29 19:18:39.232  4902  4902 V OplusCustomizeCacheManager: queryCache name: sys.cache.common_customize_cache18014 param: null
07-29 19:18:39.232  4902  4902 V OplusCustomizeCacheManager: queryCache name: sys.cache.common_customize_cache18017 param: Bundle[{SETTING=BLOCK, BUSINESS=NCT-DATA}]
07-29 19:18:39.233  4902  4902 V OplusCustomizeCacheManager: queryCache name: sys.cache.common_customize_cache18016 param: null
07-29 19:18:39.233  4902  4902 V OplusCustomizeCacheManager: queryCache name: sys.cache.common_customize_cache18013 param: null
07-29 19:18:39.233  4902  4902 V OplusCustomizeCacheManager: queryCache name: sys.cache.common_customize_cache18014 param: null
07-29 19:18:39.233  4902  4902 V OplusCustomizeCacheManager: queryCache name: sys.cache.common_customize_cache18017 param: Bundle[{SETTING=BLOCK, BUSINESS=NCT-DATA}]
07-29 19:18:39.264  4819  4819 D RowAnimatorExtImpl: end:view:StatusBarIconView(slot='volume' alpha=1.0 icon=StatusBarIcon(icon=Icon(typ=RESOURCE pkg=com.android.systemui id=0x7f0818f0) visible user=0 ) visibleState=ICON iconColor=#ccffffff staticDrawableColor=#ccffffff decorColor=#ffffffff animationStartColor=#0 currentSetColor=#ccffffff notification=null),tx
07-29 19:18:39.265  4819  4819 D RowAnimatorExtImpl: end:view:StatusBarIconView(slot='zen' alpha=1.0 icon=StatusBarIcon(icon=Icon(typ=RESOURCE pkg=com.android.systemui id=0x7f0818e1) visible user=0 ) visibleState=ICON iconColor=#ccffffff staticDrawableColor=#ccffffff decorColor=#ffffffff animationStartColor=#0 currentSetColor=#ccffffff notification=null),tx
07-29 19:18:39.265  4819  4819 D RowAnimatorExtImpl: end:view:StatusBarIconView(slot='volume' alpha=1.0 icon=StatusBarIcon(icon=Icon(typ=RESOURCE pkg=com.android.systemui id=0x7f0818f0) visible user=0 ) visibleState=ICON iconColor=#ccffffff staticDrawableColor=#ccffffff decorColor=#ffffffff animationStartColor=#0 currentSetColor=#ccffffff notification=null),tx
07-29 19:18:39.265  4819  4819 D RowAnimatorExtImpl: end:view:StatusBarIconView(slot='zen' alpha=1.0 icon=StatusBarIcon(icon=Icon(typ=RESOURCE pkg=com.android.systemui id=0x7f0818e1) visible user=0 ) visibleState=ICON iconColor=#ccffffff staticDrawableColor=#ccffffff decorColor=#ffffffff animationStartColor=#0 currentSetColor=#ccffffff notification=null),tx
07-29 19:18:39.265  4819  4819 D RowAnimatorExtImpl: end:view:StatusBarIconView(slot='volume' alpha=1.0 icon=StatusBarIcon(icon=Icon(typ=RESOURCE pkg=com.android.systemui id=0x7f0818f0) visible user=0 ) visibleState=ICON iconColor=#ccffffff staticDrawableColor=#ccffffff decorColor=#ffffffff animationStartColor=#0 currentSetColor=#ccffffff notification=null),tx
07-29 19:18:39.265  4819  4819 D RowAnimatorExtImpl: end:view:StatusBarIconView(slot='zen' alpha=1.0 icon=StatusBarIcon(icon=Icon(typ=RESOURCE pkg=com.android.systemui id=0x7f0818e1) visible user=0 ) visibleState=ICON iconColor=#ccffffff staticDrawableColor=#ccffffff decorColor=#ffffffff animationStartColor=#0 currentSetColor=#ccffffff notification=null),tx
07-29 19:18:39.285  1844  4468 I sensors-hal: handle_oplus_wise_rgb_event:189, high_pwm_light:lux 281.9,cct 3636.5,brl/algo/ir 1449.0/2.0/16.7,pwm/dc 0.0/0.0,rgbc 21643.066406/13627.445312/6277.632324/40125.527344,ts 59145256556,cnt 840,flag 161
07-29 19:18:39.286  1926  4461 I Dpps    : LtmSwState::SetParameter():144 ignore cmd 7 in state LtmOffState
07-29 19:18:39.456  4819  4819 I SystemUi--QuickSettings: TemporarilyInfoManager-->[animateShow] com.oplus.systemui.qs.base.temporarilyinfo.TemporarilyInfoManager$createViewToParent$1{dd1ac30 VFED..C.. ........ 0,0-1080,228 #7f0a0cb6 app:id/temporarily_info_view alpha=1.0 viewInfo = } end
07-29 19:18:39.456  4819  4819 I SystemUi--QuickSettings: TemporarilyInfoManager-->[trigger] start from showElementAfterShowFully
07-29 19:18:39.504  2001  2001 D SensorFeature: name=ssc_screenshot_info ,index = 22
07-29 19:18:39.504  2001  2001 D SensorFeature: write 29 bytes:59427855497,59436188830,162,0
07-29 19:18:39.553  1926  4461 I Dpps    : LtmSwState::SetParameter():144 ignore cmd 7 in state LtmOffState
07-29 19:18:39.580  4819  4819 D JankUtils: gfxSceneEnd; scene: 7
07-29 19:18:39.580  4819  4819 I SystemUi--Common: NotificationShadeDepthC-->sceneFlag: 0x001, isStart = false, Current sceneFlags: 0x000
07-29 19:18:39.580  4819  4819 D NavigationBar: restrainNavigationBarInvertColor: false
07-29 19:18:39.580  4819  5023 D RegionSamplingHelper =:    mCompositionSamplingListener.register
07-29 19:18:39.580  2194  2480 D SurfaceFlinger: addRegionSamplingListener pid: 4819, Area: [0, 2328, 1080, 2376]
07-29 19:18:39.724  6565  6600 E oiface  : sched_setaffinity failed
07-29 19:18:39.728  2023  2023 D vendor.oplus.hardware.charger-V7-service: getChargerControl:
07-29 19:18:39.738  2014  5133 E PerformanceService: storage_feature: open /sys/devices/platform/soc/112b0000.ufshci//virtualtlcbuff fail
07-29 19:18:39.747  3385  5403 W BestClock: java.time.DateTimeException: Missing network time fix
07-29 19:18:39.747  3385  5403 W BestClock: java.time.DateTimeException: Missing network time fix
07-29 19:18:39.748  3385  5403 W BestClock: java.time.DateTimeException: Missing network time fix
07-29 19:18:39.783  1926  2223 I SDM     : DisplayBase::CommitThread: Received idle timeout, panel: cmd, timeout: 70000 us
07-29 19:18:39.854  2001  2001 D SensorFeature: name=ssc_screenshot_info ,index = 22
07-29 19:18:39.854  2001  2001 D SensorFeature: write 29 bytes:59735581330,59785966955,163,0
07-29 19:18:39.857  1926  4461 I Dpps    : LtmSwState::SetParameter():144 ignore cmd 7 in state LtmOffState
07-29 19:18:39.858  1926  2223 I SDM     : DisplayBase::CommitThread: Received idle timeout, panel: cmd, timeout: 69999 us
07-29 19:18:39.858  2023  2057 D BatteryChargeControl: bcc get no support from charging protocol
07-29 19:18:39.938  2194  3202 D VRR [OTI]: handleIdle from 0 to 1
07-29 19:18:39.938  2194  3202 D VRR [OTI-HW]: isStateReady 1
07-29 19:18:39.938  2194  3202 D VRR [RefreshRateDirector]: requestRefreshRateByOti update [ oti-hw, {fps=60, modePtr={id=5, vsyncRate=60.00 Hz, peakRefreshRate=60.00 Hz}} ]
07-29 19:18:39.938  2194  3202 D VRR [RefreshRateDirector]: selectBestFrameRate DirectorMapOti [oti-hw, {fps=60, modePtr={id=5, vsyncRate=60.00 Hz, peakRefreshRate=60.00 Hz}}]
07-29 19:18:39.938  2194  3202 D VRR [RefreshRateDirector]: updateBestFrameRate [oti-hw, {fps=60, modePtr={id=5, vsyncRate=60.00 Hz, peakRefreshRate=60.00 Hz}}]
07-29 19:18:39.938  2194  3202 D SurfaceFlinger: VRR [SurfaceFlinger] setDesiredActiveMode: displayId: 4630946756802996883, renderRate: 60, vsyncRate: 60, event: 1
07-29 19:18:39.938  2194  3202 D DisplayModeController: setDesiredMode 4630946756802996883 {mode={fps=60.00 Hz, modePtr={id=5, vsyncRate=60.00 Hz, peakRefreshRate=60.00 Hz}}, emitEvent=true, force=false}
07-29 19:18:39.939  2194  2194 I DisplayModeController: hwc begin mode change to 16666666
07-29 19:18:39.939  2194  2194 I HWC2    : [0] setActiveConfigWithConstraints[5]
07-29 19:18:39.940  1926  3170 W SDM     : HWDeviceDRM::GetSupportedBitClkRate: Requested rate not supported: 1363200000
07-29 19:18:39.940  1926  3170 I SDM     : HWDeviceDRM::UpdateMixerAttributes: Mixer WxH 1440x3168-1 for Peripheral
07-29 19:18:39.940  1926  3170 I CwbService: CwbService::notifyConfigChange: display:0, config:5 size:4, sec.size():0
07-29 19:18:39.940  1926  3170 I CwbService: CwbService::notifyConfigChange: display: 0, config = 1
07-29 19:18:39.940  1926  3065 I CasManager: Fps changed from 120 to 60
07-29 19:18:39.940  1926  3065 I CasManager: Fps changed, not change bin, so trigger gain
07-29 19:18:39.940  1926  3065 W SDM     : DemuraIntfImpl::ProcessOemPluginGain: Thermal intf_ is nullptr 0, default to 25 degree
07-29 19:18:39.940  1926  3065 I SDM     : CasQcPlugIn::ProcessPerCompGainOppo: input params, mode:PWM, fps:60, dbv:1449
07-29 19:18:39.940  1926  3065 I SDM     : CasQcPlugIn::ProcessPerCompGainOppo: normalized bright_adj:1024, dbv:1449, bin_dbv:1083, 
07-29 19:18:39.940  1926  3065 I SDM     : CasQcPlugIn::ProcessPerCompGainOppo: gains print start =====================
07-29 19:18:39.940  1926  3065 I SDM     : CasQcPlugIn::ProcessPerCompGainOppo: gain --------------------------------
07-29 19:18:39.940  1926  3065 I SDM     : CasQcPlugIn::ProcessPerCompGainOppo: old: 0 0 0 57 90 322 1201 3072
07-29 19:18:39.940  1926  3065 I SDM     : CasQcPlugIn::ProcessPerCompGainOppo: new: 0 0 0 30 77 279 1040 3072
07-29 19:18:39.940  1926  3065 I SDM     : CasQcPlugIn::ProcessPerCompGainOppo: gain --------------------------------
07-29 19:18:39.940  1926  3065 I SDM     : CasQcPlugIn::ProcessPerCompGainOppo: old: 0 0 0 64 125 373 1336 3072
07-29 19:18:39.940  1926  3065 I SDM     : CasQcPlugIn::ProcessPerCompGainOppo: new: 0 0 0 34 99 373 1336 3072
07-29 19:18:39.940  1926  3065 I SDM     : CasQcPlugIn::ProcessPerCompGainOppo: gain --------------------------------
07-29 19:18:39.940  1926  3065 I SDM     : CasQcPlugIn::ProcessPerCompGainOppo: old: 0 0 0 42 83 323 1222 3072
07-29 19:18:39.940  1926  3065 I SDM     : CasQcPlugIn::ProcessPerCompGainOppo: new: 0 0 0 22 83 323 1222 3072
07-29 19:18:39.940  1926  3065 I SDM     : CasQcPlugIn::ProcessPerCompGainOppo: gains print end =======================
07-29 19:18:39.951  1926  3065 I SDM     : DemuraIntfImpl::StageAllData: Staged all data to Demura Driver!
07-29 19:18:39.951  1926  3065 I SDM     : HWPeripheralDRM::SetPanelFeature: Set Panel feature property 19
07-29 19:18:39.951  1926  3065 I SDM     : HWPeripheralDRM::SetPanelFeature: Set Panel feature property 7
07-29 19:18:39.951  1926  3065 I SDM     : DisplayBuiltIn::TriggerDemuraOemPlugIn: Trigger demura oem plugin success
07-29 19:18:39.952  1926  2223 I SDM     : DRMPanelFeatureMgr::ApplyDirtyFeature: Commited panel feature [enabled]: 20-272
07-29 19:18:39.952  1926  2223 I SDM     : DRMPanelFeatureMgr::ApplyDirtyFeature: Commited panel feature [enabled]: 8-271
07-29 19:18:39.994  5170  6183 D VendorTelephonyService: onTelephonyEventReport slotId =1 eventId=2009
07-29 19:18:39.994  5170  6183 D VendorTelephonyService: onTelephonyEventReport slotId =1 eventId=2009
07-29 19:18:39.994  4969  5026 D SaDataService: onTelephonyEventReport , subId= 1,slotId=0 eventId=2009
07-29 19:18:39.994  4969  5026 D TelephonyImpl: notify eventId:2009 for list size:2
07-29 19:18:39.994  5170  5170 D VendorCallService: notityEventUpdate, eventId:2009, slotId = 1
07-29 19:18:39.994  5170  6183 D VendorTelephonyService: onTelephonyEventReport slotId =0 eventId=2009
07-29 19:18:39.994  5170  6183 D VendorTelephonyService: onTelephonyEventReport slotId =0 eventId=2009
07-29 19:18:39.994  4969  5026 D SaDataService: onTelephonyEventReport , subId= 0,slotId=-1 eventId=2009
07-29 19:18:39.994  4969  5026 D TelephonyImpl: notify eventId:2009 for list size:2
07-29 19:18:39.994  5170  5170 D VendorCallService: notityEventUpdate, eventId:2009, slotId = 0
07-29 19:18:39.995  2194  2194 D VRR-[OPlusRefreshRateSelector]: setCurrentModeId 5 type SM
07-29 19:18:39.995  2194  3202 D VRR [OTI-HW]: isStateReady 1
07-29 19:18:39.995  2194  3202 D VRR [OTI-HW]: keep rate.
07-29 19:18:39.996  3385  3603 I DisplayDeviceRepository: Display device changed render timings: "Built-in Screen", renderFrameRate=60.000004, presentationDeadlineNanos=16666666, appVsyncOffsetNanos=1000000
07-29 19:18:39.996  3385  3603 D LogicalDisplayExt: set displayInfo flag FLAG_ROTATES_WITH_CONTENT
07-29 19:18:39.997  3385  3603 D DisplayManagerServiceExtImpl: scheduleTraversalLocked intraversal=false
07-29 19:18:39.997  3385  3603 I DisplayManagerServiceExtImpl: handle logical display changed logicalDisplay=id=0,stack=0,content=true,displayInfo{stack=0,type=1,id=0,uId=local:4630946756802996883,state=ON,pkg=null}
07-29 19:18:39.997  3385  3603 D DisplayManagerService: Delivering display event: displayId=0, event=CHANGED
07-29 19:18:39.997  3385  3784 D BrightnessThermalClamper: Thermal status observer already started
07-29 19:18:39.997  3385  3784 D BrightnessPowerClamper: Power throttling data is missing for configuration data.
07-29 19:18:39.999  4676  4676 D CastManagerService: onDisplayChanged.
07-29 19:18:40.000  3385  3603 D DisplayManagerService: MSG_REQUEST_TRAVERSAL pendingCompleted=false
07-29 19:18:40.000  3385  3385 E OplusGestureAnimationManagerPolicy: mScreenHeight:2376 mScreenWidth:1080 mRotation:0
07-29 19:18:40.000  3385  3601 D OplusVFXScreenEffectFeature: notifySFCompatWindowStateChange entered false
07-29 19:18:40.000  4819  4819 I SystemUi--Statusbar: DisplayRepository-->combining enabled=[0], connectedExternalDisplayIds=[], ignored=[]
07-29 19:18:40.000  3385  3601 D FSS_FoldScreenBlackCoverController: displayChangeToOn, dc:Display{#0 state=ON size=1080x2376 ROTATION_0}
07-29 19:18:40.000  2194  2563 D [PREVIEW]: SF obtain preview_adapter: 0
07-29 19:18:40.000  2194  2563 D [PREVIEW]: TabletPreviewAdapter::parallel world 0
07-29 19:18:40.001  3385  3601 D DisplayManagerService: performTraversalInternal pendingTraversal
07-29 19:18:40.001  3385  3601 D DisplayDevice: setLayerStackLocked id=local:4630946756802996883 token=android.os.BinderProxy@39d9a0f stack=0->0
07-29 19:18:40.001  6565  6600 E oiface  : sched_setaffinity failed
07-29 19:18:40.001  2030  2089 I gameoptHal: targetfps updated 6 -- 60
07-29 19:18:40.002  2178  4729 D AudioFlingerExtImpl: AudioFlingerExtImpl oplusSetParameters: keyvalue screen_state=on
07-29 19:18:40.002  2178  4729 D DeviceHalAidl: 0xb4000072b187c200 DeviceHalAidl::setParameters
07-29 19:18:40.002  2178  4729 D DeviceHalAidl: setParameters: parameters: "screen_state=on"
07-29 19:18:40.002  1877  4551 I PAL: ResourceManager: setParameter: 11480: Screen State:1
07-29 19:18:40.002  2178  4729 D DeviceHalAidl: 0xb4000072b187c800 DeviceHalAidl::setParameters
07-29 19:18:40.002  2178  4729 D DeviceHalAidl: setParameters: parameters: "screen_state=on"
07-29 19:18:40.002  1877  4551 D AHAL_Module: updateScreenState: usb: 1
07-29 19:18:40.002  2178  4729 D DeviceHalAidl: 0xb4000072b187ce00 DeviceHalAidl::setParameters
07-29 19:18:40.002  2178  4729 D DeviceHalAidl: setParameters: parameters: "screen_state=on"
07-29 19:18:40.002  1877  4551 D AHAL_Module: updateScreenState: r_submix: 1
07-29 19:18:40.002  2178  4729 D DeviceHalAidl: 0xb4000072b187d400 DeviceHalAidl::setParameters
07-29 19:18:40.002  2178  4729 D DeviceHalAidl: setParameters: parameters: "screen_state=on"
07-29 19:18:40.002  1877  4551 D AHAL_Module: updateScreenState: bluetooth: 1
07-29 19:18:40.002  2178  4729 D DeviceHalAidl: 0xb4000072b187da00 DeviceHalAidl::setParameters
07-29 19:18:40.002  2178  4729 D DeviceHalAidl: setParameters: parameters: "screen_state=on"
07-29 19:18:40.002  1877  4551 D AHAL_Module: updateScreenState: bluetooth: 1
07-29 19:18:40.002  2178  4729 D DeviceHalAidl: 0xb4000072b187e000 DeviceHalAidl::setParameters
07-29 19:18:40.002  2178  4729 D DeviceHalAidl: setParameters: parameters: "screen_state=on"
07-29 19:18:40.002  1877  4551 D AHAL_Module: updateScreenState: stub: 1
07-29 19:18:40.046  3385  3796 D VRR [OPlusRefreshRateService]: handleConfigIdChange physicalDisplayId: 4630946756802996883 configId: 5 renderPeriod: 16666666
07-29 19:18:40.046  3385  3796 D VRR [OPlusSAManager]: updateModeChange old modeId [ 4 ] -> new modeId [ 5 ] mCurPolicy: 1
07-29 19:18:40.046  3385  3796 D VRR [OPlusSAManager]: updateSAScene active modeId: 5
07-29 19:18:40.046  3385  3796 D VRR [OPlusSAManager]: updateSAScene current policy: 1 active modeId: 5 scene: VRR_60
07-29 19:18:40.046  3385  3796 D VRR [OPlusOAManager]: Not OA business! new modeId: [5] active modeId: [4]
07-29 19:18:40.046  3385  3796 D VRR [OPlusGameStatusManager]: updateGameState mOSyncFeatureSwitch: false mIsGamePolicy: false
07-29 19:18:40.046  3385  3796 D VRR [OPlusGameStatusManager]: setLTMStatus false curPkgName: null curr status: false HeartStop: false HeartStopFromTGPA: false ActiveFPS: 60.000004
07-29 19:18:40.046  3385  3796 D VRR [OPlusGameStatusManager]: updateGameAccelerationStatus pkgName: null mOSyncFeatureSwitch: false mIsGamePolicy: false mHeartStop: false mHasFlickerRisk: false mForceAcceleration: false mToastReady: false enable: false
07-29 19:18:40.046  3385  3796 D VRR [OPlusGameStatusManager]: updateToastStatus enableAcceleration: false toastReady: false isGamePolicy: false desiredModeId: 5
07-29 19:18:40.046  3385  3796 D VRR [OPlusGameStatusManager]: updateToastStatus enableAcceleration: false toastReady: false isGamePolicy: false desiredModeId: 5
07-29 19:18:40.069  3385  3385 D OplusWifiBroadCastDispatcher: mBroadcastReceiver: onReceiver  action=android.intent.action.BATTERY_LEVEL_CHANGED
07-29 19:18:40.070  3385  4612 D OplusWifiPowerService: onReceive action:android.intent.action.BATTERY_LEVEL_CHANGED
07-29 19:18:40.070  3385  4477 W OplusStorageManagerFeature: mScreenReceiver action:android.intent.action.BATTERY_LEVEL_CHANGED
07-29 19:18:40.070  3385  4477 I OplusStorageManagerFeature: TmemoryBetterySwitch: level=100 state=0
07-29 19:18:40.070  3385  4477 I OplusStorageManagerFeature: TmemoryBetterySwitch: action=0 state=2
07-29 19:18:40.070  3385  4477 W OplusStorageManagerFeature: Ready to deal actionParam:0
07-29 19:18:40.072  6220  6220 D BatteryUsageBroadcastReceiver: onReceive:android.intent.action.BATTERY_LEVEL_CHANGED
07-29 19:18:40.075  6220  6220 D BatteryUsageBroadcastReceiver: fetch data because of event: ACTION_BATTERY_LEVEL_CHANGED
07-29 19:18:40.076  6220  6220 D BatteryUsageBroadcastReceiver: cancel sendBroadcastToFetchUsageData when broadcastDelay is 2339991ms.
07-29 19:18:40.077  3385  3537 D ActivityManager: Async freezing 6220 com.android.settings
07-29 19:18:40.096  3385  3796 D VRR [OPlusSAManager]: setSAConfig scene: VRR_60 modeId: 5 auto: false fakeFrame: false
07-29 19:18:40.097  3385  3796 D VRR [OPlusSAManager]: updateAutoMinfps with nits: 123.14867, mHistOK true, mAmbientOK true, mCctOK true, mIrOK true, mBrightnessOK true, isPkgOK true, SA min fps: 119
07-29 19:18:40.097  3385  3796 D VRR [OPlusSurfaceFlingerController]: setAutoMode enable: false fakeFrame: false fps: 119
07-29 19:18:40.097  2194  2563 I VRR-[OPlusAdfrUtil]: ADFR try set Auto mode with mode 0 fakeframe 0 min fps 119
07-29 19:18:40.097  2194  2563 D VRR-[OPlusRefreshRateSelector]: OSyncModes add size is 1.
07-29 19:18:40.097  2194  2563 I VRR-[OPlusRefreshRateSelector]: updateAutoMode success, display 0, mode 0, fakeframe 0, min fps: 1
07-29 19:18:40.097  2194  3175 D VRR-[OPlusRefreshRateSelector]: handleSetHWCOSync
07-29 19:18:40.097  2194  3175 D VRR-[OPlusRefreshRateSelector]: OSyncModes remaining size is 0.
07-29 19:18:40.097  2194  3175 D VRR-[OPlusRefreshRateSelector]: SetHWCOSync with 5CC08081
07-29 19:18:40.097  1926  3170 I SDM     : DisplayBuiltIn::SetQSyncMode: VRR + update qsync mode 0 minfps 00C08081
07-29 19:18:40.101  1926  2223 I SDM     : DisplayBase::CommitThread: Received idle timeout, panel: cmd, timeout: 70000 us
07-29 19:18:40.108  6529  6580 E horae   : 0: back:32885,back_1:35177,back_2:34723,back_3:33855,frame:35315,frame_1:34283,front:35932,front_1:36298,front_2:34674, -2147483648 5, +(3049), 1 ,42975,33147,38918,43015,41024,42019,33176,38644,42033,40401,41103,33021,38362,41208,39833,40579,33032,38090,40541,39353, target_temp:36298, algo:0
07-29 19:18:40.111  3385  4648 V SettingsProvider: deleteSystemSetting(OPLUS_SLA_LAST_MCC, 0)
07-29 19:18:40.111  3385  4648 D SettingsProvider: delete system settings OPLUS_****_MCC pkg is  android user id is 0
07-29 19:18:40.111  3385  4648 W OplusSlaManager: updateMCC curMCC from macc_change!
07-29 19:18:40.114  1926  2223 E SDM     : DRMConnector::Perform: Connector 67: Setting Qsync min fps 12615809
07-29 19:18:40.114  3385  4648 W OplusSlaApps: sendWhiteListAppUid no enabled app found...
07-29 19:18:40.114  3385  4648 W OplusSlaApps: sendGameAppUid no game app found!!
07-29 19:18:40.119  5257  5841 I MMKV    : <MMKV_IO.cpp:456::writeActualSize> [mmkv.default] increase sequence to 8055, crc 660421503, actualSize 501
07-29 19:18:40.124  4969  5767 E CellularEvent: nri null ps
07-29 19:18:40.124  4969  5767 E CellularEvent: invalid nri
07-29 19:18:40.129  8082  9515 W metis_v2_KnowledgeManager: Fire: isEmergency is true  debugFireMode = false [7f0000011753831078229186407246|p_7246_412cbe7@1|p_8082_2fb2f09@16|com.oplus.metis] [base|com.oplus.metis|1.5.5-f48228a]
07-29 19:18:40.129  4902  5717 D AutoDualCardRoamingDemand: judgeToShowDialog return for sim count != 2
07-29 19:18:40.129  8082  9515 W metis_v2_OifaceBindUtils: bindTask [7f0000011753831078229186407246|p_7246_412cbe7@1|p_8082_2fb2f09@16|com.oplus.metis]
07-29 19:18:40.129  8082  9515 W metis_v2_OifaceBindUtils: call connectOifaceService [7f0000011753831078229186407246|p_7246_412cbe7@1|p_8082_2fb2f09@16|com.oplus.metis]
07-29 19:18:40.130  6565  6600 E oiface  : sched_setaffinity failed
07-29 19:18:40.130  8082  9515 I metis_v2_KnowledgeManager: panta-sugg-Fire: count=1 [7f0000011753831078229186407246|p_7246_412cbe7@1|p_8082_2fb2f09@16|com.oplus.metis]
07-29 19:18:40.130  6565  6592 E oiface  : directSetTask: get cpuset path failed
07-29 19:18:40.131  8082  9515 I System.out: 'park_precondition_home_02' 
07-29 19:18:40.131  8082  9515 I System.out: 'park_precondition_company_02' 
07-29 19:18:40.131  8082  9515 I System.out: 'UBIQUITOUS_SERVICE#assistant_screen#NOT_AT_HOME_301' 
07-29 19:18:40.131  8082  9515 I System.out: 'UBIQUITOUS_SERVICE#assistant_screen#NOT_AT_OFFICE_401' 
07-29 19:18:40.132  8082  9515 I System.out: 'policy:NEAR_SUBWAY_BUS_STATION_2x4' 
07-29 19:18:40.135  8082  9515 W metis_v2_TimeDurationCompare: [com.oplus.metis#UBIQUITOUS_SERVICE#scene#tips#TipScene_EXIT] 'timestamp' is not literal. [7f0000011753831078229186407246|p_7246_412cbe7@1|p_8082_2fb2f09@16|com.oplus.metis]
07-29 19:18:40.135  8082  9515 D SceneIntentPublisher: headAction: pkg is com.oplus.metis and simpleRuleName is UBIQUITOUS_SERVICE#secne#activity_coloros_reminder_tips
07-29 19:18:40.139  8082  9515 D SceneIntentPublisher: headAction: pkg is com.oplus.metis and simpleRuleName is UBIQUITOUS_SERVICE#secne#activity_coloros_reminder_tips
07-29 19:18:40.142  8082  9515 I System.out: 'UBIQUITOUS_SERVICE#assistant_screen#NOT_AT_HOME_301' 
07-29 19:18:40.142  8082  9515 I System.out: 'tempPropertyForGuideStatus' 
07-29 19:18:40.144  8082  9515 D SceneIntentPublisher: headAction: pkg is com.oplus.metis and simpleRuleName is UBIQUITOUS_SERVICE#secne#activity_coloros_reminder_tips
07-29 19:18:40.145  8082  9515 W metis_v2_TimeDurationCompare: [com.oplus.metis#UBIQUITOUS_SERVICE#scene#tips#TipScene_EXIT] 'timestamp' is not literal. [7f0000011753831078229186407246|p_7246_412cbe7@1|p_8082_2fb2f09@16|com.oplus.metis]
