07-28 20:03:18.854  4969  4969 D DeviceInfoAidlClient: mRadioStateHdlr handleMessage()1
07-28 20:03:18.854  2763  2763 I wificond: 6Ghz frequencies:
07-28 20:03:18.854  2763  2763 I wificond: 60Ghz frequencies:
07-28 20:03:18.854  4969  4969 D DeviceInfoAidlClient: isRadioOn()=true
07-28 20:03:18.854  4969  4969 I DeviceInfoAidlClient: sendFeaturesSupported: power info support-true interactive state support-true
07-28 20:03:18.855  3401  5346 D WifiScanRequestProxy: Sending scan available broadcast: true
07-28 20:03:18.855  3401  4489 I WifiScanningService: Received a request to enable scanning, UID = 1000
07-28 20:03:18.855  3401  4489 I WifiScanningService: scanner impls already exists
07-28 20:03:18.855  3401  4489 E WifiScanningService: wifi driver loaded received while already loaded
07-28 20:03:18.857  5158  6199 D VendorTelephonyService: onTelephonyEventReport slotId =0 eventId=6030
07-28 20:03:18.857  4980  8581 D SaDataService: onTelephonyEventReport , subId= 0,slotId=-1 eventId=6030
07-28 20:03:18.857  5158  6199 D VendorTelephonyService: onTelephonyEventReport slotId =0 eventId=6030
07-28 20:03:18.857  5158  5158 D VendorCallService: notityEventUpdate, eventId:6030, slotId = 0
07-28 20:03:18.857  4980  8581 D TelephonyImpl: notify eventId:6030 for list size:2
07-28 20:03:18.857  1799  4363 E LOCRIL_SESSION: operator():200] SubId: 1 Failed to get sim IO with error: 11
07-28 20:03:18.857  4969  4969 D QC_RIL_OEM_HOOK: Received Broadcast Intent ACTION_UNSOL_RESPONSE_OEM_HOOK_RAW
07-28 20:03:18.858  4969  4969 D DeviceStatisticsService: onReceive: action= org.codeaurora.intent.action.RADIO_POWER_STATE
07-28 20:03:18.858  4969  4969 I DeviceStatisticsService: Receiving radio_power_state_changed, mIsDeviceInfoInitialized = true
07-28 20:03:18.858  4969  4969 I DeviceStatisticsService: radio power state changed to 1 for slot: 0
07-28 20:03:18.858  4969  4969 D DeviceInfoAidlClient: isRadioOn()=true
07-28 20:03:18.858  4969  4969 I DeviceInfoAidlClient: sendFeaturesSupported: power info support-true interactive state support-true
07-28 20:03:18.858  1799  4363 E LOCRIL_SESSION: operator():241] SubId: 1 Failed to get sim IMSI with error: 11
07-28 20:03:18.858  3401  5346 I WifiScanRequestProxy: Scanning is enabled
07-28 20:03:18.858  3401  5346 I WifiScanRequestProxy: Scanning for hidden networks is disabled
07-28 20:03:18.858  4969  4969 D DeviceStatisticsService: onReceive: action= org.codeaurora.intent.action.RADIO_POWER_STATE
07-28 20:03:18.858  4969  4969 I DeviceStatisticsService: Receiving radio_power_state_changed, mIsDeviceInfoInitialized = true
07-28 20:03:18.858  4969  4969 I DeviceStatisticsService: radio power state changed to 1 for slot: 1
07-28 20:03:18.859  3401  3401 D OplusWifiBroadCastDispatcher: mBroadcastReceiver: onReceiver  action=android.net.wifi.action.WIFI_SCAN_AVAILABILITY_CHANGED
07-28 20:03:18.859  4969  5008 I DeviceInfoAidlClient: onPowerInfoReportingChanged - reporting enabled true [15, 20, 30, 50, 80]
07-28 20:03:18.859  3401  4600 D OplusWifiPower_ConnLpmEventObsever: onReceive EXTRA_SCAN_AVAILABLE availabe = true
07-28 20:03:18.859  4969  5008 D DeviceInfoAidlClient: isRadioOn()=true
07-28 20:03:18.859  3401  4600 D OplusWifiPowerService: onReceive action:android.net.wifi.action.WIFI_SCAN_AVAILABILITY_CHANGED
07-28 20:03:18.859  3401  4600 D OplusWifiSwitchStateMonitor: scan settings change to true
07-28 20:03:18.859  7034  7034 I OsAgent : onReceive: android.net.wifi.action.WIFI_SCAN_AVAILABILITY_CHANGED
07-28 20:03:18.859  7034  7519 I OsAgent : updateWiFiScanAvailState, scanAvailable: true
07-28 20:03:18.859  1799  4361 W LOCRIL_SESSION: operator():307] cellInfo list size is 0, Voice state: 3, data state: 3
07-28 20:03:18.859  4969  5008 I DeviceInfoAidlClient: isPowerInfoNeverSent=true batteryLevel=54 batteryLevelIndex=4 chargingMode=2 totalCapacity=5011100 powerSaveMode=false
07-28 20:03:18.859  4969  5008 I DeviceInfoAidlClient: onDeviceInfoReportingChanged - reporting enabled true
07-28 20:03:18.860  4969  5008 D DeviceInfoAidlClient: getDeviceInfoSupportStatus()=1
07-28 20:03:18.860  4969  5008 D DeviceInfoAidlClient: isRadioOn()=true
07-28 20:03:18.860  4969  5008 I DeviceInfoAidlClient: deviceState=2
07-28 20:03:18.860  4969  5008 I DeviceInfoAidlClient: onPowerInfoReportingChanged - reporting enabled true [15, 20, 30, 50, 80]
07-28 20:03:18.860  4969  5008 D DeviceInfoAidlClient: isRadioOn()=true
07-28 20:03:18.860  5108  6208 D IWlanJni: getDataRegistrationState start
07-28 20:03:18.860  5108  6213 D IWlanJni: new aidl event arrived
07-28 20:03:18.860  5108  6213 D IWlanJni: handleEvent 10
07-28 20:03:18.860  5108  6213 D IWlanJni: isThreadAttached start
07-28 20:03:18.860  5108  6213 D IWlanJni: jni detached
07-28 20:03:18.860  5108  6213 D IWlanJni: jni attached
07-28 20:03:18.860  5108  6213 D IWlanJni: getDataRegistrationStateResponse start
07-28 20:03:18.860  5108  6213 D IWlanJni: getJavaCallbackClass start
07-28 20:03:18.860  5108  6213 D IWlanJni: getJavaCallbackClass End midIs[1]
07-28 20:03:18.860  5108  6213 I IWlanAidlClient: getDataRegistrationStateResponse called
07-28 20:03:18.860  5108  6212 W IWlanNetworkService: 10 > Response Processed
07-28 20:03:18.861  4969  5008 I DeviceInfoAidlClient: isPowerInfoNeverSent=false batteryLevel=54 batteryLevelIndex=4 chargingMode=2 totalCapacity=5011100 powerSaveMode=false
07-28 20:03:18.861  4969  5008 I DeviceInfoAidlClient: onDeviceInfoReportingChanged - reporting enabled true
07-28 20:03:18.861  4969  5008 D DeviceInfoAidlClient: getDeviceInfoSupportStatus()=1
07-28 20:03:18.861  4969  5008 D DeviceInfoAidlClient: isRadioOn()=true
07-28 20:03:18.861  4969  5008 I DeviceInfoAidlClient: deviceState=2
07-28 20:03:18.861  5108  6208 D IWlanJni: getDataRegistrationState start
07-28 20:03:18.861  5108  6222 D IWlanJni: new aidl event arrived
07-28 20:03:18.861  5108  6222 D IWlanJni: handleEvent 10
07-28 20:03:18.861  5108  6222 D IWlanJni: isThreadAttached start
07-28 20:03:18.861  5108  6222 D IWlanJni: jni detached
07-28 20:03:18.861  5108  6222 D IWlanJni: jni attached
07-28 20:03:18.861  5108  6222 D IWlanJni: getDataRegistrationStateResponse start
07-28 20:03:18.861  5108  6222 D IWlanJni: getJavaCallbackClass start
07-28 20:03:18.861  5108  6222 D IWlanJni: getJavaCallbackClass End midIs[1]
07-28 20:03:18.862  5108  6222 I IWlanAidlClient: getDataRegistrationStateResponse called
07-28 20:03:18.862  5108  6221 W IWlanNetworkService: 11 > Response Processed
07-28 20:03:18.868  4914  4914 V OplusCustomizeCacheManager: queryCache name: sys.cache.common_customize_cache18016 param: null
07-28 20:03:18.868  4914  4914 V OplusCustomizeCacheManager: queryCache name: sys.cache.common_customize_cache18013 param: null
07-28 20:03:18.868  4914  4914 V OplusCustomizeCacheManager: queryCache name: sys.cache.common_customize_cache18014 param: null
07-28 20:03:18.868  4914  4914 V OplusCustomizeCacheManager: queryCache name: sys.cache.common_customize_cache18017 param: Bundle[{SETTING=BLOCK, BUSINESS=NCT-DATA}]
07-28 20:03:18.869  4914  4914 V OplusCustomizeCacheManager: queryCache name: sys.cache.common_customize_cache18016 param: null
07-28 20:03:18.869  4914  4914 V OplusCustomizeCacheManager: queryCache name: sys.cache.common_customize_cache18013 param: null
07-28 20:03:18.869  4914  4914 V OplusCustomizeCacheManager: queryCache name: sys.cache.common_customize_cache18014 param: null
07-28 20:03:18.869  4914  4914 V OplusCustomizeCacheManager: queryCache name: sys.cache.common_customize_cache18017 param: Bundle[{SETTING=BLOCK, BUSINESS=NCT-DATA}]
07-28 20:03:18.870  4969  4969 D QcrilMsgTunnelIfaceManager: handleMessage what = 1
07-28 20:03:18.870  4969  4969 I QcrilOemhookMsgTunnel: [0]invokeOemRilRequestRaw: serial=1007 length=16
07-28 20:03:18.870  4969  7571 I QtiOemHookAidl: oemHookRawResponse: serial no: 1007 error: 0length=1
07-28 20:03:18.870  4969  4969 D QcrilMsgTunnelIfaceManager: handleMessage what = 2
07-28 20:03:18.871  4914  5587 D QC_RIL_OEM_HOOK: sendOemRilRequestRaw returns value = 1
07-28 20:03:18.871  4914  4914 D QC_RIL_OEM_HOOK: Received Broadcast Intent ACTION_UNSOL_RESPONSE_OEM_HOOK_RAW
07-28 20:03:18.871  4914  4914 D QC_RIL_OEM_HOOK: Received Broadcast Intent ACTION_UNSOL_RESPONSE_OEM_HOOK_RAW
07-28 20:03:18.871  4914  4914 D QC_RIL_OEM_HOOK: Received Broadcast Intent ACTION_UNSOL_RESPONSE_OEM_HOOK_RAW
07-28 20:03:18.872  4914  4914 D QC_RIL_OEM_HOOK: Received Broadcast Intent ACTION_UNSOL_RESPONSE_OEM_HOOK_RAW
07-28 20:03:18.872  4914  4914 D QC_RIL_OEM_HOOK: Received Broadcast Intent ACTION_UNSOL_RESPONSE_OEM_HOOK_RAW
07-28 20:03:18.872  4914  4914 D QC_RIL_OEM_HOOK: Received Broadcast Intent ACTION_UNSOL_RESPONSE_OEM_HOOK_RAW
07-28 20:03:18.873  4914  4914 D OplusPowerUpOptimizationImpl: onReceive: org.codeaurora.intent.action.RADIO_POWER_STATE
07-28 20:03:18.873  5108  6208 D IWlanJni: getDataRegistrationState start
07-28 20:03:18.873  5108  6208 D IWlanJni: getDataRegistrationState start
07-28 20:03:18.873  4914  4914 D CiWlanNotificationReceiver: ACTION_RADIO_POWER_STATE_CHANGED
07-28 20:03:18.873  4914  5693 D OplusPowerUpOptimizationImpl: handleMessage what = 6
07-28 20:03:18.874  4914  5693 D OplusPowerUpOptimizationImpl: radio is available for slot: 0
07-28 20:03:18.874  4914  5693 D OplusPowerUpOptimizationImpl: trySendPhoneReady for slot: 0
07-28 20:03:18.874  4914  5693 D OplusPowerUpOptimizationImpl: Not sending ATEL ready: States: [0: {true, true, true, true}]
07-28 20:03:18.874  5108  6222 D IWlanJni: new aidl event arrived
07-28 20:03:18.874  5108  6222 D IWlanJni: handleEvent 10
07-28 20:03:18.874  5108  6222 D IWlanJni: isThreadAttached start
07-28 20:03:18.874  5108  6222 D IWlanJni: jni detached
07-28 20:03:18.874  5108  6222 D IWlanJni: jni attached
07-28 20:03:18.874  5108  6222 D IWlanJni: getDataRegistrationStateResponse start
07-28 20:03:18.874  5108  6222 D IWlanJni: getJavaCallbackClass start
07-28 20:03:18.874  5108  6222 D IWlanJni: getJavaCallbackClass End midIs[1]
07-28 20:03:18.874  5108  6222 I IWlanAidlClient: getDataRegistrationStateResponse called
07-28 20:03:18.874  5108  6221 W IWlanNetworkService: 13 > Response Processed
07-28 20:03:18.875  5108  6213 D IWlanJni: new aidl event arrived
07-28 20:03:18.875  5108  6213 D IWlanJni: handleEvent 10
07-28 20:03:18.875  5108  6213 D IWlanJni: isThreadAttached start
07-28 20:03:18.875  5108  6213 D IWlanJni: jni detached
07-28 20:03:18.875  5108  6213 D IWlanJni: jni attached
07-28 20:03:18.875  5108  6213 D IWlanJni: getDataRegistrationStateResponse start
07-28 20:03:18.875  5108  6213 D IWlanJni: getJavaCallbackClass start
07-28 20:03:18.875  5108  6213 D IWlanJni: getJavaCallbackClass End midIs[1]
07-28 20:03:18.875  5108  6213 I IWlanAidlClient: getDataRegistrationStateResponse called
07-28 20:03:18.875  5108  6212 W IWlanNetworkService: 12 > Response Processed
07-28 20:03:18.876  3401  4574 D CmccSliceManagerService: ACTION_DDS_SWITCH_DONE
07-28 20:03:18.876  3401  4483 V NetworkPolicy: updateNotificationsNL not process
07-28 20:03:18.876  3401  4574 D CmccSliceManagerService: cleanUpAndRestartSlice
07-28 20:03:18.876  3401  4574 D CmccSliceManagerService: cleanUpSlice
07-28 20:03:18.876  3401  4574 D CmccSliceManagerService: cleanUpSlice qcom
07-28 20:03:18.876  3401  4574 D CmccSliceManagerService: getDefaultDataSlotId0, subid: 1
07-28 20:03:18.877  3401  4574 E ActivityThread: Failed to find provider info for com.cmccslice.proxyapp.provider
07-28 20:03:18.877  3401  4574 D CmccSliceManagerService: loadUrsp qcomCursor=null, count=-1, slotId=0
07-28 20:03:18.877  3401  4574 D CmccSliceManagerService: loadUrsp: qcomCursor=[]
07-28 20:03:18.877  3401  4574 D CmccSliceManagerService: isFeatureEnable , rus : false Feature : false
07-28 20:03:18.877  3401  4574 D CmccSliceManagerService: requestSliceNetwork: feature not enabled
07-28 20:03:18.877  3401  4574 D CmccSliceManagerService: cleanUpAndRestartSlice qcom
07-28 20:03:18.877  5108  5108 D QCNEJ/WwanInfoRelay: onActiveSubscriptionsChanged activeCurrDDSId: 1 new DDS 1
07-28 20:03:18.877  5108  5108 D QCNEJ/WwanInfoRelay: onActiveSubscriptionsChanged activeCurrDDSId: 1 new DDS 1
07-28 20:03:18.877  4980  5913 D CellularEvent: onActiveDataSubscriptionIdChanged sub id:1
07-28 20:03:18.877  4838  4838 I KeyguardUpdateMonitor: refreshSimState, changed:false,subId:1,slotId:0,state:5
07-28 20:03:18.878  4838  5155 I SystemUi--QuickSettings: Tile.OplusCellularTile-->updateCarrierText: dialog not showing, ignore
07-28 20:03:18.878  4914  4914 D OplusPowerUpOptimizationImpl: onReceive: org.codeaurora.intent.action.RADIO_POWER_STATE
07-28 20:03:18.878  4838  5155 D SimStateHelper: slot:0, lock state:Bundle[mParcelledData.dataSize=56]
07-28 20:03:18.878  4838  5155 D SimStateHelper: slot:1, lock state:Bundle[mParcelledData.dataSize=56]
07-28 20:03:18.878  4838  5155 D SimStateHelper: needDisableMenu: slot1State=-1; slot2State=-1
07-28 20:03:18.878  4838  5155 D SimStateHelper: needDisableMenu:false
07-28 20:03:18.878  4914  5693 D OplusPowerUpOptimizationImpl: handleMessage what = 6
07-28 20:03:18.878  4914  5693 D OplusPowerUpOptimizationImpl: radio is available for slot: 1
07-28 20:03:18.878  4914  5693 D OplusPowerUpOptimizationImpl: trySendPhoneReady for slot: 1
07-28 20:03:18.878  4914  5693 D OplusPowerUpOptimizationImpl: Not sending ATEL ready: States: [1: {true, true, true, true}]
07-28 20:03:18.879  5027  8496 D txpwrJni: new aidl event arrived
07-28 20:03:18.879  5027  8496 D txpwrJni: handleEvent 1
07-28 20:03:18.879  5027  8496 D txpwrJni: isThreadAttached start
07-28 20:03:18.879  5027  8496 D txpwrJni: jni detached
07-28 20:03:18.879  4914  4914 D CiWlanNotificationReceiver: ACTION_RADIO_POWER_STATE_CHANGED
07-28 20:03:18.879  5027  8496 D txpwrJni: jni attached
07-28 20:03:18.879  5027  8496 D txpwrJni: getRadioStatus start
07-28 20:03:18.879  5027  8496 D txpwrJni: getJavaCallbackClass start
07-28 20:03:18.879  5027  8496 D txpwrJni: getJavaCallbackClass End midIs[1]
07-28 20:03:18.879  5027  8496 D txpwrJni: handleEvent 1
07-28 20:03:18.879  5027  8496 D txpwrJni: isThreadAttached start
07-28 20:03:18.879  5027  8496 D txpwrJni: jni detached
07-28 20:03:18.879  5027  8496 D txpwrJni: jni attached
07-28 20:03:18.879  5027  8496 D txpwrJni: getRadioStatus start
07-28 20:03:18.879  5027  8496 D txpwrJni: getJavaCallbackClass start
07-28 20:03:18.879  5027  8496 D txpwrJni: getJavaCallbackClass End midIs[1]
07-28 20:03:18.880  5027  7617 D txpwrJni: sendRadioStatus start
07-28 20:03:18.880  5027  7617 D txpwrJni: sendRadioStatus start
07-28 20:03:18.881  4838  5074 I SystemUi--Statusbar: NetworkController.WifiSignalController-->wifi Broadcast action = android.telephony.action.SERVICE_PROVIDERS_UPDATED state=1 enabled=false connected=false isDefaultNetwork=false rssi=0 level=0 statusLabel = null isDirty = false
07-28 20:03:18.881  4838  5155 I SystemUi--QuickSettings: Tile.OplusCellularTile-->updateCarrierText: dialog not showing, ignore
07-28 20:03:18.882  4838  5155 D SimStateHelper: slot:0, lock state:Bundle[mParcelledData.dataSize=56]
07-28 20:03:18.882  4838  5155 D SimStateHelper: slot:1, lock state:Bundle[mParcelledData.dataSize=56]
07-28 20:03:18.882  4838  5155 D SimStateHelper: needDisableMenu: slot1State=-1; slot2State=-1
07-28 20:03:18.882  4838  5155 D SimStateHelper: needDisableMenu:false
07-28 20:03:18.882  3401  5258 W BestClock: java.time.DateTimeException: Missing network time fix
07-28 20:03:18.882  3401  5346 W ContextImpl: Calling a method in the system process without a qualified user: android.app.ContextImpl.sendBroadcastMultiplePermissions:1311 android.content.Context.sendBroadcastMultiplePermissions:2524 com.android.server.TelephonyRegistry.broadcastServiceStateChanged:3740 com.android.server.TelephonyRegistry.notifyServiceStateForPhoneId:1787 com.android.internal.telephony.ITelephonyRegistry$Stub.onTransact:546 
07-28 20:03:18.883  3401  4485 D WifiNative: onSetCountryCodeSucceeded: US
07-28 20:03:18.883  3401  4485 I WifiCountryCode: Receive onSetCountryCodeSucceeded US
07-28 20:03:18.883  3401  4485 I WifiNl80211Manager: Receive country code change to US
07-28 20:03:18.883  2763  2763 I wificond: Receive notifyCountryCodeChanged
07-28 20:03:18.883  2763  2763 I wificond: UpdateBandInfo
07-28 20:03:18.883  3401  5346 W ContextImpl: Calling a method in the system process without a qualified user: android.app.ContextImpl.sendBroadcastMultiplePermissions:1344 com.android.server.TelephonyRegistry.broadcastServiceStateChanged:3745 com.android.server.TelephonyRegistry.notifyServiceStateForPhoneId:1787 com.android.internal.telephony.ITelephonyRegistry$Stub.onTransact:546 android.os.Binder.execTransactInternal:1518 
07-28 20:03:18.883  3401  4485 D WifiScanRequestProxy: Sending scan available broadcast: true
07-28 20:03:18.884  4838  4838 I KeyguardUpdateMonitor: action=android.intent.action.SERVICE_STATE subId=-1 slotId=1
07-28 20:03:18.884  2763  2763 I wificond: 2.4Ghz frequencies: 2412 2417 2422 2427 2432 2437 2442 2447 2452 2457 2462
07-28 20:03:18.884  2763  2763 I wificond: 5Ghz non-DFS frequencies: 5180 5200 5220 5240 5745 5765 5785 5805 5825
07-28 20:03:18.884  2763  2763 I wificond: 5Ghz DFS frequencies: 5260 5280 5300 5320 5500 5520 5540 5560 5580 5600 5620 5640 5660 5680 5700
07-28 20:03:18.884  2763  2763 I wificond: 6Ghz frequencies:
07-28 20:03:18.884  2763  2763 I wificond: 60Ghz frequencies:
07-28 20:03:18.884  3401  4489 I WifiScanningService: Received a request to enable scanning, UID = 1000
07-28 20:03:18.884  3401  4489 I WifiScanningService: scanner impls already exists
07-28 20:03:18.884  3401  5241 W BestClock: java.time.DateTimeException: Missing network time fix
07-28 20:03:18.884  4838  4838 W KeyguardUpdateMonitorLog: invalid subId in handleServiceStateChange()
07-28 20:03:18.884  3401  4489 E WifiScanningService: wifi driver loaded received while already loaded
07-28 20:03:18.884  4838  5155 I SystemUi--QuickSettings: Tile.OplusCellularTile-->updateCarrierText: dialog not showing, ignore
07-28 20:03:18.884  3401  4485 I WifiScanRequestProxy: Scanning is enabled
07-28 20:03:18.884  3401  4485 I WifiScanRequestProxy: Scanning for hidden networks is disabled
07-28 20:03:18.884  3401  4485 D WakeupController: start()
07-28 20:03:18.885  4838  5155 D SimStateHelper: slot:0, lock state:Bundle[mParcelledData.dataSize=56]
07-28 20:03:18.885  4838  5155 D SimStateHelper: slot:1, lock state:Bundle[mParcelledData.dataSize=56]
07-28 20:03:18.885  4838  5155 D SimStateHelper: needDisableMenu: slot1State=-1; slot2State=-1
07-28 20:03:18.885  4838  5155 D SimStateHelper: needDisableMenu:false
07-28 20:03:18.885  3401  5346 W ContextImpl: Calling a method in the system process without a qualified user: android.app.ContextImpl.sendBroadcastMultiplePermissions:1344 com.android.server.TelephonyRegistry.broadcastServiceStateChanged:3754 com.android.server.TelephonyRegistry.notifyServiceStateForPhoneId:1787 com.android.internal.telephony.ITelephonyRegistry$Stub.onTransact:546 android.os.Binder.execTransactInternal:1518 
07-28 20:03:18.885  3401  4485 E WifiStaIfaceAidlImpl: setScanMode failed with service-specific exception: android.os.ServiceSpecificException:  (code 4)
07-28 20:03:18.885  4838  5765 V OplusCustomizeCacheManager: queryCache name: sys.cache.common_customize_cache18014 param: null
07-28 20:03:18.885  4838  5765 V OplusCustomizeCacheManager: queryCache name: sys.cache.common_customize_cache18017 param: Bundle[{SETTING=BLOCK, BUSINESS=NCT-DATA}]
07-28 20:03:18.885  4838  5765 V OplusCustomizeCacheManager: queryCache name: sys.cache.common_customize_cache18013 param: null
07-28 20:03:18.885  3401  4485 I WifiService: Receive onDriverCountryCodeChanged to US, update available channel list
07-28 20:03:18.886  3401  5346 W ContextImpl: Calling a method in the system process without a qualified user: android.app.ContextImpl.sendBroadcastMultiplePermissions:1344 com.android.server.TelephonyRegistry.broadcastServiceStateChanged:3760 com.android.server.TelephonyRegistry.notifyServiceStateForPhoneId:1787 com.android.internal.telephony.ITelephonyRegistry$Stub.onTransact:546 android.os.Binder.execTransactInternal:1518 
07-28 20:03:18.886  3401  3401 D OplusWifiBroadCastDispatcher: mBroadcastReceiver: onReceiver  action=android.net.wifi.action.WIFI_SCAN_AVAILABILITY_CHANGED
07-28 20:03:18.886  3401  4600 D OplusWifiPower_ConnLpmEventObsever: onReceive EXTRA_SCAN_AVAILABLE availabe = true
07-28 20:03:18.886  3401  4600 D OplusWifiPowerService: onReceive action:android.net.wifi.action.WIFI_SCAN_AVAILABILITY_CHANGED
07-28 20:03:18.887  3401  4600 D OplusWifiSwitchStateMonitor: scan settings change to true
07-28 20:03:18.887  4914  4914 D ServiceStateProvider: subId=1
07-28 20:03:18.887  7034  7034 I OsAgent : onReceive: android.net.wifi.action.WIFI_SCAN_AVAILABILITY_CHANGED
07-28 20:03:18.887  3401  4485 E ApConfigUtil: Malformed channel value detected: java.lang.NumberFormatException: For input string: ""
07-28 20:03:18.888  5878  5878 D CellBroadcastReceiver: onReceive Intent { act=android.intent.action.SERVICE_STATE flg=0x1000010 cmp=com.android.cellbroadcastreceiver.module/com.android.cellbroadcastreceiver.CellBroadcastReceiver (has extras) }
07-28 20:03:18.888  5878  5878 D CellBroadcastReceiver: onServiceStateChanged, ss: 1
07-28 20:03:18.888  3401  4485 E ApConfigUtil: Malformed channel value detected: java.lang.NumberFormatException: For input string: ""
07-28 20:03:18.889  7034  7519 I OsAgent : updateWiFiScanAvailState, scanAvailable: true
07-28 20:03:18.889  5878  5878 D CellBroadcastReceiver: networkOperator: 
07-28 20:03:18.889  3401  4633 V SettingsProvider: deleteSystemSetting(OPLUS_SLA_LAST_MCC, 0)
07-28 20:03:18.889  3401  4633 D SettingsProvider: delete system settings OPLUS_****_MCC pkg is  android user id is 0
07-28 20:03:18.889  5878  5878 D CellBroadcastReceiver: mockmodem is running? = false
07-28 20:03:18.889  5878  5878 D CellBroadcastReceiver: Start Cell Broadcast configuration for intent=ACTION_ENABLE_CHANNELS
07-28 20:03:18.890  3401  4485 E ApConfigUtil: Malformed channel value detected: java.lang.NumberFormatException: For input string: ""
07-28 20:03:18.890  4980  5913 D T-Recommend: onPreHandleMessage 1000
07-28 20:03:18.890  4838  5155 I SystemUi--QuickSettings: Tile.OplusCellularTile-->updateCarrierText: dialog not showing, ignore
07-28 20:03:18.890  4980  5913 E CellularEvent: nri null ps
07-28 20:03:18.890  4980  5913 E CellularEvent: invalid nri
07-28 20:03:18.890  4980  5913 D T-Recommend: onPostHandleMessage 1000
07-28 20:03:18.890  3401  5346 W ContextImpl: Calling a method in the system process without a qualified user: android.app.ContextImpl.sendBroadcastMultiplePermissions:1311 android.content.Context.sendBroadcastMultiplePermissions:2524 com.android.server.TelephonyRegistry.broadcastServiceStateChanged:3740 com.android.server.TelephonyRegistry.notifyServiceStateForPhoneId:1787 com.android.internal.telephony.ITelephonyRegistry$Stub.onTransact:546 
07-28 20:03:18.890  3401  4633 W OplusSlaManager: updateMCC curMCC empty!
07-28 20:03:18.890  5068  5068 I QImsService: OplusPhoneStateTracker : onServiceStateChanged
07-28 20:03:18.890  4838  5155 D SimStateHelper: slot:0, lock state:Bundle[mParcelledData.dataSize=56]
07-28 20:03:18.891  4838  5155 D SimStateHelper: slot:1, lock state:Bundle[mParcelledData.dataSize=56]
07-28 20:03:18.891  4838  5155 D SimStateHelper: needDisableMenu: slot1State=-1; slot2State=-1
07-28 20:03:18.891  4838  5155 D SimStateHelper: needDisableMenu:false
07-28 20:03:18.891  3401  5346 W ContextImpl: Calling a method in the system process without a qualified user: android.app.ContextImpl.sendBroadcastMultiplePermissions:1344 com.android.server.TelephonyRegistry.broadcastServiceStateChanged:3745 com.android.server.TelephonyRegistry.notifyServiceStateForPhoneId:1787 com.android.internal.telephony.ITelephonyRegistry$Stub.onTransact:546 android.os.Binder.execTransactInternal:1518 
07-28 20:03:18.891  3401  4485 I WifiService: Receive onDriverCountryCodeChanged to US, update available channel list
07-28 20:03:18.891  5158  5158 D SubsysEventListenerManager-SubsysTelephonyCallback[0]: onServiceStateChanged
07-28 20:03:18.891  5158  5158 D ChinaRoamingControl: registTelephonyEvent onServiceStateChanged eventId:5, VoiceRegState:1, DataRegState:1
07-28 20:03:18.891  5158  5158 D QuickChangeAirplaneModeEvent: onServiceStateChanged slotId:0
07-28 20:03:18.891  3401  4599 D OplusSoftApManager: Support Wi-Fi6 SAP
07-28 20:03:18.891  3401  5346 W ContextImpl: Calling a method in the system process without a qualified user: android.app.ContextImpl.sendBroadcastMultiplePermissions:1344 com.android.server.TelephonyRegistry.broadcastServiceStateChanged:3754 com.android.server.TelephonyRegistry.notifyServiceStateForPhoneId:1787 com.android.internal.telephony.ITelephonyRegistry$Stub.onTransact:546 android.os.Binder.execTransactInternal:1518 
07-28 20:03:18.891  5158  5158 D QuickChangeAirplaneModeEvent: isBothCardInService is false
07-28 20:03:18.891  5158  5158 D MsimSubModeManager: registTelephonyEvent onServiceStateChanged eventId:3, VoiceRegState:1, DataRegState:1
07-28 20:03:18.892  5158  5158 E ExtremeCommUtils: getSwitchRusSupportMcc invalid index 1
07-28 20:03:18.892  5158  5158 D ExtremeCommUtils: isSupporCheck rusContain:false,propContain(persist.sys.oplus.support_hyper_uplink_mcc):false
07-28 20:03:18.892  5158  5158 D ExtremeCommService: handleServiceStateChanged mcc is null
07-28 20:03:18.892  5158  5158 D ChinaRoamingControl: handleMessage what:5
07-28 20:03:18.892  5158  5158 D MsimSubModeManager: handleMessage what:3
07-28 20:03:18.892  5158  5158 D MsimSubModeManager: getMsimSimServiceIn() i:0,mServiceState:1
07-28 20:03:18.892  5158  5158 D MsimSubModeManager: getMsimSimServiceIn() i:1,mServiceState:1
07-28 20:03:18.892  3401  4485 E ApConfigUtil: Malformed channel value detected: java.lang.NumberFormatException: For input string: ""
07-28 20:03:18.892  5158  6132 D EfsNvDumpUnit[0]: onServiceStateChanged: voice reg state: OUT_OF_SERVICE data reg state: OUT_OF_SERVICE
07-28 20:03:18.892  5158  6132 D cellularState[0]: handleMessage: E msg.what=4
07-28 20:03:18.892  5158  6132 D cellularState[0]: processMsg: DataCallingState
07-28 20:03:18.892  5158  6132 D cellularState[0]: processMsg: NetworkAttachedState
07-28 20:03:18.892  5158  6132 D cellularState[0]: processMsg: SimReadyState
07-28 20:03:18.892  5158  6132 D cellularState[0]: processMsg: DefaultState
07-28 20:03:18.892  5158  6132 E cellularState[0]:  - unhandledMessage: msg.what=4
07-28 20:03:18.892  5158  6132 D cellularState[0]: handleMessage: X
07-28 20:03:18.892  5068  5068 I QImsService: OplusPhoneStateTracker : onServiceStateChanged
07-28 20:03:18.892  4980  5917 D OplusLinkBoostCommon: dds servicestate change
07-28 20:03:18.892  4980  5950 D OplusSubWaySlowRecovery: getPreferSubId return 1
07-28 20:03:18.892  3401  5346 W ContextImpl: Calling a method in the system process without a qualified user: android.app.ContextImpl.sendBroadcastMultiplePermissions:1344 com.android.server.TelephonyRegistry.broadcastServiceStateChanged:3760 com.android.server.TelephonyRegistry.notifyServiceStateForPhoneId:1787 com.android.internal.telephony.ITelephonyRegistry$Stub.onTransact:546 android.os.Binder.execTransactInternal:1518 
07-28 20:03:18.893  4980  5920 D NAS-CallIssueDetector: onServiceStateChanged
07-28 20:03:18.893  4980  5920 D OplusCiwlanController: [vodata] processServiceStateChanged  phoneid = 0, original roaming type = -1,roaming type = 0
07-28 20:03:18.893  4980  5920 D OplusCiwlanController: [vodata] processServiceStateChanged  phoneid = 1, original roaming type = -1,roaming type = 0
07-28 20:03:18.893  4914  4914 D Telephony: isEmergencyPreferredAccount: subId=1, activeData=1
07-28 20:03:18.893  4980  5950 D SaDataFailRecovery/0: current is not in service,reset alarm
07-28 20:03:18.893  4980  5950 D OplusScanQrCodeRecoveryImpl: msg.what=3
07-28 20:03:18.893  4914  4914 D Telephony: isEmergencyPreferredAccount: Device does not require preference.
07-28 20:03:18.893  4914  4914 D InternationalRoamingNotification: init
07-28 20:03:18.893  3401  4485 E ApConfigUtil: Malformed channel value detected: java.lang.NumberFormatException: For input string: ""
07-28 20:03:18.893  5158  5294 D VirtualCommService2: isSupport. true, true
07-28 20:03:18.893  4914  4914 D OplusVirtualCommUtils: isVirtualCommSupport, vRet: true
07-28 20:03:18.893  5878 13690 D CellBroadcastConfigService: Enable CellBroadcast on sub 1
07-28 20:03:18.894  4914  4914 I OplusVirtualCommUtils: getVirtualCommDeviceType, vRet: 1
07-28 20:03:18.894  4914  4914 I OplusVirtualCommUtils: isConsumerDeviceType, deviceType: 1
07-28 20:03:18.894  3401  4485 E ApConfigUtil: Malformed channel value detected: java.lang.NumberFormatException: For input string: ""
07-28 20:03:18.894  4838  5291 I SystemUi--Statusbar: MobileConnectionRepositoryImpl-->subId:1 isSoftSimCard:false slotId:0
07-28 20:03:18.894  3401  4485 I WifiService: Receive onDriverCountryCodeChanged to US, update available channel list
07-28 20:03:18.895  4914  4914 D InternationalRoamingNotification: do not createRoamingNotification for invalid Network
07-28 20:03:18.895  4838  4838 I KeyguardUpdateMonitor: action=android.intent.action.SERVICE_STATE subId=1 slotId=0
07-28 20:03:18.895  4838  5155 I SystemUi--QuickSettings: Tile.OplusCellularTile-->updateCarrierText: dialog not showing, ignore
07-28 20:03:18.895  3401  4485 E ApConfigUtil: Malformed channel value detected: java.lang.NumberFormatException: For input string: ""
07-28 20:03:18.895  4838  5155 D SimStateHelper: slot:0, lock state:Bundle[mParcelledData.dataSize=56]
07-28 20:03:18.895  4838  5155 D SimStateHelper: slot:1, lock state:Bundle[mParcelledData.dataSize=56]
07-28 20:03:18.895  4838  5155 D SimStateHelper: needDisableMenu: slot1State=-1; slot2State=-1
07-28 20:03:18.895  4838  5155 D SimStateHelper: needDisableMenu:false
07-28 20:03:18.896  3401  4485 E ApConfigUtil: Malformed channel value detected: java.lang.NumberFormatException: For input string: ""
07-28 20:03:18.896  3401  4190 W BestClock: java.time.DateTimeException: Missing network time fix
07-28 20:03:18.896  3401  4485 E ApConfigUtil: Malformed channel value detected: java.lang.NumberFormatException: For input string: ""
07-28 20:03:18.896  3401  3623 D LocationManagerService: passive provider added registration from 1000/android[CountryDetector]/948E5FBD -> Request[PASSIVE, minUpdateInterval=0, WorkSource{1000 android}] permissionLevel: 2 permitted: true
07-28 20:03:18.897  3401  5258 W BestClock: java.time.DateTimeException: Missing network time fix
07-28 20:03:18.898  4838  5765 V OplusCustomizeCacheManager: queryCache name: sys.cache.common_customize_cache18014 param: null
07-28 20:03:18.898  4838  5765 V OplusCustomizeCacheManager: queryCache name: sys.cache.common_customize_cache18017 param: Bundle[{SETTING=BLOCK, BUSINESS=NCT-DATA}]
07-28 20:03:18.898  4838  5765 V OplusCustomizeCacheManager: queryCache name: sys.cache.common_customize_cache18013 param: null
07-28 20:03:18.898  4914  4914 I Telephony: y0: onServiceStateChanged: newState=1, mServiceState=3
07-28 20:03:18.898  4914  4914 I Telephony: isRttCurrentlySupported -- regular acct, hasVoiceAvailability: false
07-28 20:03:18.898  4914  4914 I Telephony:  isRttSupported: false
07-28 20:03:18.898  4914  4914 I Telephony:  isUserRttSettingOn: false
07-28 20:03:18.898  4914  4914 I Telephony:  alwaysAllowWhileRoaming: false
07-28 20:03:18.898  4914  4914 I Telephony:  isRoaming: false
07-28 20:03:18.898  4914  4914 I Telephony:  isOnWfc: false
07-28 20:03:18.899  3401  4493 D ConnectivityService: unregister offer from providerId 5 : NetworkOffer [ Provider Id (5) Score(Policies : YIELD_TO_BAD_WIFI&TRANSPORT_PRIMARY&EVER_EVALUATED&IS_UNMETERED&EVER_VALIDATED&IS_VALIDATED ; KeepConnected : 0) Caps [ Transports: CELLULAR|SATELLITE Capabilities: MMS&SUPL&DUN&FOTA&IMS&CBS&IA&RCS&XCAP&EIMS&INTERNET&NOT_RESTRICTED&TRUSTED&NOT_VPN&MCX&NOT_VCN_MANAGED&ENTERPRISE&VSIM&BIP&MMTEL&PRIORITIZE_LATENCY&PRIORITIZE_BANDWIDTH&NOT_BANDWIDTH_CONSTRAINED Specifier: <TelephonyNetworkSpecifier [mSubId = 1]> EnterpriseId: 1&2&3&4&5 UnderlyingNetworks: Null] Needed by [64, 171, 277, 46, 184, 73, 222, 15, 239, 141, 26, 173, 285, 156, 167, 92, 162, 225, 36, 158, 253, 194, 130, 198, 56, 200, 132, 210, 82, 146, 227, 218, 18, 40, 283, 179, 28, 164, 266, 7, 71, 250, 215, 269, 32, 98, 105, 242, 138, 287, 34, 186, 256, 109, 190, 42, 102, 169, 275, 233, 247, 24, 273, 90, 1, 160, 280, 38, 192, 188, 58, 196, 134, 231, 69, 44, 149, 151, 202, 208, 271, 175, 85, 263, 144, 80, 30, 9, 289, 50, 48, 53]]
07-28 20:03:18.899  3401  4493 D ConnectivityService: update offer from providerId 5 new : NetworkOffer [ Provider Id (5) Score(Policies : YIELD_TO_BAD_WIFI&TRANSPORT_PRIMARY&EVER_EVALUATED&IS_UNMETERED&EVER_VALIDATED&IS_VALIDATED ; KeepConnected : 0) Caps [ Transports: CELLULAR|SATELLITE Capabilities: MMS&SUPL&DUN&FOTA&IMS&CBS&IA&RCS&XCAP&EIMS&INTERNET&NOT_RESTRICTED&TRUSTED&NOT_VPN&MCX&NOT_VCN_MANAGED&ENTERPRISE&VSIM&BIP&MMTEL&PRIORITIZE_LATENCY&PRIORITIZE_BANDWIDTH&NOT_BANDWIDTH_CONSTRAINED Specifier: <TelephonyNetworkSpecifier [mSubId = 1]> EnterpriseId: 1&2&3&4&5 UnderlyingNetworks: Null] Needed by [64, 171, 277, 46, 184, 73, 222, 15, 239, 141, 26, 173, 285, 156, 167, 92, 162, 225, 36, 158, 253, 194, 130, 198, 56, 200, 132, 210, 82, 146, 227, 218, 18, 40, 283, 179, 28, 164, 266, 7, 71, 250, 215, 269, 32, 98, 105, 242, 138, 287, 34, 186, 256, 109, 190, 42, 102, 169, 275, 233, 247, 24, 273, 90, 1, 160, 280, 38, 192, 188, 58, 196, 134, 231, 69, 44, 149, 151, 202, 208, 271, 175, 85, 263, 144, 80, 30, 9, 289, 50, 48, 53]]
07-28 20:03:18.900  3401  4493 D ConnectivityService: unregister offer from providerId 6 : NetworkOffer [ Provider Id (6) Score(Policies : YIELD_TO_BAD_WIFI&EVER_EVALUATED&IS_UNMETERED&EVER_VALIDATED&IS_VALIDATED ; KeepConnected : 0) Caps [ Transports: CELLULAR|SATELLITE Capabilities: MMS&SUPL&DUN&FOTA&IMS&CBS&IA&RCS&XCAP&EIMS&INTERNET&NOT_RESTRICTED&TRUSTED&NOT_VPN&MCX&NOT_VCN_MANAGED&ENTERPRISE&VSIM&BIP&MMTEL&PRIORITIZE_LATENCY&PRIORITIZE_BANDWIDTH&NOT_BANDWIDTH_CONSTRAINED Specifier: <TelephonyNetworkSpecifier [mSubId = -1]> EnterpriseId: 1&2&3&4&5 UnderlyingNetworks: Null] Needed by [64, 171, 277, 46, 184, 73, 222, 15, 239, 141, 26, 173, 285, 156, 167, 92, 162, 225, 36, 158, 253, 194, 130, 198, 56, 200, 132, 210, 82, 146, 227, 218, 18, 40, 283, 179, 28, 164, 266, 7, 71, 250, 215, 269, 32, 98, 105, 242, 138, 287, 34, 186, 256, 109, 190, 42, 102, 169, 275, 233, 247, 24, 273, 90, 1, 160, 280, 38, 192, 188, 58, 196, 134, 231, 69, 44, 149, 151, 202, 208, 271, 175, 85, 263, 144, 80, 30, 9, 289, 50, 48, 53]]
07-28 20:03:18.900  5878  5878 D CellBroadcastReceiver: onReceive Intent { act=android.intent.action.SERVICE_STATE flg=0x1000010 cmp=com.android.cellbroadcastreceiver.module/com.android.cellbroadcastreceiver.CellBroadcastReceiver (has extras) }
07-28 20:03:18.900  3401  4493 D ConnectivityService: update offer from providerId 6 new : NetworkOffer [ Provider Id (6) Score(Policies : YIELD_TO_BAD_WIFI&EVER_EVALUATED&IS_UNMETERED&EVER_VALIDATED&IS_VALIDATED ; KeepConnected : 0) Caps [ Transports: CELLULAR|SATELLITE Capabilities: MMS&SUPL&DUN&FOTA&IMS&CBS&IA&RCS&XCAP&EIMS&INTERNET&NOT_RESTRICTED&TRUSTED&NOT_VPN&MCX&NOT_VCN_MANAGED&ENTERPRISE&VSIM&BIP&MMTEL&PRIORITIZE_LATENCY&PRIORITIZE_BANDWIDTH&NOT_BANDWIDTH_CONSTRAINED Specifier: <TelephonyNetworkSpecifier [mSubId = -1]> EnterpriseId: 1&2&3&4&5 UnderlyingNetworks: Null] Needed by [64, 171, 277, 46, 184, 73, 222, 15, 239, 141, 26, 173, 285, 156, 167, 92, 162, 225, 36, 158, 253, 194, 130, 198, 56, 200, 132, 210, 82, 146, 227, 218, 18, 40, 283, 179, 28, 164, 266, 7, 71, 250, 215, 269, 32, 98, 105, 242, 138, 287, 34, 186, 256, 109, 190, 42, 102, 169, 275, 233, 247, 24, 273, 90, 1, 160, 280, 38, 192, 188, 58, 196, 134, 231, 69, 44, 149, 151, 202, 208, 271, 175, 85, 263, 144, 80, 30, 9, 289, 50, 48, 53]]
07-28 20:03:18.900  5878  5878 D CellBroadcastReceiver: onServiceStateChanged, ss: 1
07-28 20:03:18.900  5878  5878 D CellBroadcastReceiver: networkOperator: 
07-28 20:03:18.900  3401  5258 W BestClock: java.time.DateTimeException: Missing network time fix
07-28 20:03:18.901  3401  5241 W BestClock: java.time.DateTimeException: Missing network time fix
07-28 20:03:18.902  4838  5765 V OplusCustomizeCacheManager: queryCache name: sys.cache.common_customize_cache18014 param: null
07-28 20:03:18.902  4838  5765 V OplusCustomizeCacheManager: queryCache name: sys.cache.common_customize_cache18017 param: Bundle[{SETTING=BLOCK, BUSINESS=NCT-DATA}]
07-28 20:03:18.902  4838  5765 V OplusCustomizeCacheManager: queryCache name: sys.cache.common_customize_cache18013 param: null
07-28 20:03:18.902  4914  4914 V OplusCustomizeCacheManager: queryCache name: sys.cache.common_customize_cache18016 param: null
07-28 20:03:18.902  4914  4914 V OplusCustomizeCacheManager: queryCache name: sys.cache.common_customize_cache18013 param: null
07-28 20:03:18.903  4914  4914 V OplusCustomizeCacheManager: queryCache name: sys.cache.common_customize_cache18014 param: null
07-28 20:03:18.903  4914  4914 V OplusCustomizeCacheManager: queryCache name: sys.cache.common_customize_cache18017 param: Bundle[{SETTING=BLOCK, BUSINESS=NCT-DATA}]
07-28 20:03:18.903  4914  4914 V OplusCustomizeCacheManager: queryCache name: sys.cache.common_customize_cache18016 param: null
07-28 20:03:18.903  4914  4914 V OplusCustomizeCacheManager: queryCache name: sys.cache.common_customize_cache18013 param: null
07-28 20:03:18.903  4914  4914 V OplusCustomizeCacheManager: queryCache name: sys.cache.common_customize_cache18014 param: null
07-28 20:03:18.903  4914  4914 V OplusCustomizeCacheManager: queryCache name: sys.cache.common_customize_cache18017 param: Bundle[{SETTING=BLOCK, BUSINESS=NCT-DATA}]
07-28 20:03:18.904  5158  5158 D SubsysEventListenerManager-SubsysTelephonyCallback[0]: onSignalStrengthsChanged
07-28 20:03:18.904  4914  4914 D InternationalRoamingNotification: init
07-28 20:03:18.904  5158  5294 D VirtualCommService2: isSupport. true, true
07-28 20:03:18.904  4914  4914 D OplusVirtualCommUtils: isVirtualCommSupport, vRet: true
07-28 20:03:18.904  4914  4914 I OplusVirtualCommUtils: getVirtualCommDeviceType, vRet: 1
07-28 20:03:18.904  4914  4914 I OplusVirtualCommUtils: isConsumerDeviceType, deviceType: 1
07-28 20:03:18.905  4914  4914 D InternationalRoamingNotification: do not createRoamingNotification for invalid Network
07-28 20:03:18.905  4914  4914 D OplusTelephonyController: onSignalStrengthChanged: SignalStrength=SignalStrength:{mCdma=CellSignalStrengthCdma: cdmaDbm=2147483647 cdmaEcio=2147483647 evdoDbm=2147483647 evdoEcio=2147483647 evdoSnr=2147483647 level=0,mGsm=CellSignalStrengthGsm: rssi=2147483647 ber=2147483647 mTa=2147483647 mLevel=0,mWcdma=CellSignalStrengthWcdma: ss=2147483647 ber=2147483647 rscp=2147483647 ecno=2147483647 level=0,mTdscdma=CellSignalStrengthTdscdma: rssi=2147483647 ber=2147483647 rscp=2147483647 level=0,mLte=CellSignalStrengthLte: rssi=2147483647 rsrp=2147483647 rsrq=2147483647 rssnr=2147483647 cqiTableIndex=2147483647 cqi=2147483647 ta=2147483647 level=0 parametersUseForLevel=0,mNr=CellSignalStrengthNr:{ csiRsrp = 2147483647 csiRsrq = 2147483647 csiCqiTableIndex = 2147483647 csiCqiReport = [] ssRsrp = 2147483647 ssRsrq = 2147483647 ssSinr = 2147483647 level = 0 parametersUseForLevel = 0 timingAdvance = 2147483647 },primary=CellSignalStrengthLte}
07-28 20:03:18.905  5158  5158 D SubsysEventListenerManager-SubsysTelephonyCallback[0]: onCellInfoChanged
07-28 20:03:18.907  3401  7189 W BestClock: java.time.DateTimeException: Missing network time fix
07-28 20:03:18.908  3401  5258 W BestClock: java.time.DateTimeException: Missing network time fix
07-28 20:03:18.908  4838  5765 V OplusCustomizeCacheManager: queryCache name: sys.cache.common_customize_cache18014 param: null
07-28 20:03:18.908  4838  5765 V OplusCustomizeCacheManager: queryCache name: sys.cache.common_customize_cache18017 param: Bundle[{SETTING=BLOCK, BUSINESS=NCT-DATA}]
07-28 20:03:18.908  4838  5765 V OplusCustomizeCacheManager: queryCache name: sys.cache.common_customize_cache18013 param: null
07-28 20:03:18.910  4838  4838 I SystemUi--QuickSettings: QsLottieUtils-->getLottieAnimFile : qs/qs_airplane_lottie_active_sep_dual_light.json
07-28 20:03:18.911  4838  4838 I SystemUi--QuickSettings: TemporarilyInfoManager-->[trigger] start from show
07-28 20:03:18.911  4838  4838 I SystemUi--QuickSettings: TemporarilyInfoManager-->[getLayoutParams] translationY=102.08371, translationX=0, width=1080, height=228, isLandscape=false, parent=androidx.constraintlayout.widget.ConstraintLayout{9e311e5 V.E...... ......ID 0,0-1080,2376 #7f0a09f6 app:id/qs_container_area_layout alpha=1.0 viewInfo = }
07-28 20:03:18.911  4838  4838 I SystemUi--Common: ViewExt-->[startAlongWithPosition] com.oplus.systemui.qs.base.temporarilyinfo.TemporarilyInfoManager$createViewToParent$1{bd4cfa6 V.ED..... ......ID 0,0-0,0 #7f0a0cb6 app:id/temporarily_info_view alpha=0.0 viewInfo = } alongWith android.widget.RelativeLayout{1452de7 V.E...... ........ 0,102-1080,222 #7f0a0a2e app:id/qs_status_bar_container_layout alpha=1.0 viewInfo = }
07-28 20:03:18.911  4838  4838 I SystemUi--QuickSettings: TemporarilyInfoManager-->[showElement] com.oplus.systemui.qs.base.temporarilyinfo.TemporarilyInfoManager$createViewToParent$1{bd4cfa6 V.ED..... ......ID 0,0-0,0 #7f0a0cb6 app:id/temporarily_info_view alpha=0.0 viewInfo = } for Element(text=Airplane mode off, groupId=Airplane mode, style=InfoShowStyle(textSize=16.0, sizeUnit=2, textColor=-1, showDuration=1500, alongWithReplacedView=true))
07-28 20:03:18.912  4838  4838 I SystemUi--QuickSettings: TemporarilyInfoManager-->[animateShow] com.oplus.systemui.qs.base.temporarilyinfo.TemporarilyInfoManager$createViewToParent$1{bd4cfa6 VFED..C.. ......ID 0,0-0,0 #7f0a0cb6 app:id/temporarily_info_view alpha=0.0 viewInfo = } start
07-28 20:03:18.913  1922  1978 I [UAH_CLIENT]: UahRelease, handle:44
07-28 20:03:18.919  1966  1966 D SensorFeature: name=ssc_screenshot_info ,index = 22
07-28 20:03:18.919  1966  1966 D SensorFeature: write 29 bytes:59605273517,59613606850,163,0
07-28 20:03:18.942  4838  4838 I SystemUi--QuickSettings: QsLottieUtils-->getLottieAnimFile : qs/qs_cellular_lottie_active_sep_dual_light.json
07-28 20:03:18.959  3409  3869 D QmiClient: qmiServiceEventCallback recv msg id 1106
07-28 20:03:18.959  3409  3869 D QmiVsClient: enter - onQmiServiceEventCallback msgId 1106
07-28 20:03:18.960  3409  3462 D VsProxy : handleMessage msg is 2425
07-28 20:03:18.960  3409  3462 D VsProxy : handleServingCellInfoChangeInd for instance 0
07-28 20:03:18.960  3409  3409 D RadioServiceIndication: radioServingCellInfoInd
07-28 20:03:18.960  3409  3409 D RadioServiceIndication: radioServingCellInfoInd
07-28 20:03:18.960  5158  5294 D SubsysRadioIndication[0]: radioServingCellInfoInd
07-28 20:03:18.961  5158  5294 D SubsysRadioIndication[0]: radioServingCellInfoInd
07-28 20:03:18.961  5158  5158 D NetworkService[0]: handleMessage what:1003
07-28 20:03:18.962  5158  5158 D NetworkService[0]: handleMessage what:1003
07-28 20:03:18.963  4980  5913 D RadioEvent: onCellInfoChanged slotId=0
07-28 20:03:18.963  4980  5913 D RadioEvent: onCellInfoChanged slotId=0
07-28 20:03:18.964  3409  3861 D QmiClient: qmiServiceEventCallback recv msg id 78
07-28 20:03:18.964  3409  3861 D QmiNasClient: enter : onQmiServiceEventCallback msgId 78
07-28 20:03:18.964  3409  3861 D QmiNasClientEvent: qmiNasClientNotifySysInfoEvent lte_ims_voice_avail_valid 0
07-28 20:03:18.965  3409  3478 D NasProxy: handleMessage msg is 2101
07-28 20:03:18.965  3409  3478 D NasProxy: handleNasSysInfoEvent for instance 0
07-28 20:03:18.965  5158  5294 D SubsysRadioIndication[0]: radioNr5gFreqTypeIndication, nr5gFreqType = 0
07-28 20:03:18.965  5158  5158 D QtiCellularNetwork: handleNr5gFreqTypeChanged 0, nr5gFreqType = 0
07-28 20:03:18.966  5068  5094 I QImsService: ImsRadioIndicationAidl : onServiceDomainChanged()[SUB0]
07-28 20:03:18.966  5068  5094 I QImsService: ImsSenderRxr : [UNSL]< UNSOL_SERVICE_DOMAIN_CHANGED 0[SUB0]
07-28 20:03:18.967  5068  5068 I QImsService: ImsRegistrationController : Message received: what = 5
07-28 20:03:18.967  5068  5068 I QImsService: ImsRegistrationController : handleSrvDomainChanged
07-28 20:03:18.969  5108  6208 D IWlanJni: getDataRegistrationState start
07-28 20:03:18.969  4969  7571 D QtiOemHookAidl: oemHookRawIndication length=21
07-28 20:03:18.969  4969  4969 D QcrilMsgTunnelIfaceManager: handleMessage what = 0
07-28 20:03:18.970  5108  6213 D IWlanJni: new aidl event arrived
07-28 20:03:18.970  5108  6213 D IWlanJni: handleEvent 10
07-28 20:03:18.970  5108  6213 D IWlanJni: isThreadAttached start
07-28 20:03:18.970  5108  6213 D IWlanJni: jni detached
07-28 20:03:18.970  5108  6213 D IWlanJni: jni attached
07-28 20:03:18.970  5108  6213 D IWlanJni: getDataRegistrationStateResponse start
07-28 20:03:18.970  5108  6213 D IWlanJni: getJavaCallbackClass start
07-28 20:03:18.970  5108  6213 D IWlanJni: getJavaCallbackClass End midIs[1]
07-28 20:03:18.970  5108  6213 I IWlanAidlClient: getDataRegistrationStateResponse called
07-28 20:03:18.970  5108  6212 W IWlanNetworkService: 14 > Response Processed
07-28 20:03:18.970  4914  4914 D QC_RIL_OEM_HOOK: Received Broadcast Intent ACTION_UNSOL_RESPONSE_OEM_HOOK_RAW
07-28 20:03:18.971  4914  4914 D QC_RIL_OEM_HOOK: Received Broadcast Intent ACTION_UNSOL_RESPONSE_OEM_HOOK_RAW
07-28 20:03:18.971  4914  4914 D QC_RIL_OEM_HOOK: Received Broadcast Intent ACTION_UNSOL_RESPONSE_OEM_HOOK_RAW
07-28 20:03:18.971  3414  3860 D QmiClient: qmiServiceEventCallback recv msg id 276
07-28 20:03:18.971  3414  3860 D QmiNasClient: enter : onQmiServiceEventCallback msgId 276
07-28 20:03:18.971  3414  3860 D QmiNasClientEvent: qmiNasClientAccessBarringStatusEvent - RADIO_EVENT_NAS_ACCESS_BARRING_STATUS_IND
07-28 20:03:18.971  3409  3861 D QmiClient: qmiServiceEventCallback recv msg id 276
07-28 20:03:18.971  3409  3861 D QmiNasClient: enter : onQmiServiceEventCallback msgId 276
07-28 20:03:18.971  3409  3861 D QmiNasClientEvent: qmiNasClientAccessBarringStatusEvent - RADIO_EVENT_NAS_ACCESS_BARRING_STATUS_IND
07-28 20:03:18.971  4969  4969 D QC_RIL_OEM_HOOK: Received Broadcast Intent ACTION_UNSOL_RESPONSE_OEM_HOOK_RAW
07-28 20:03:18.971  3414  3476 D NasProxy: handleMessage msg is 2104
07-28 20:03:18.971  3409  3478 D NasProxy: handleMessage msg is 2104
07-28 20:03:18.972  5158  5189 D SubsysRadioIndication[1]: radioNasAccessBarringStatusInd, NasAccessBarringStatusType: radioIf:12, dataBarringStatus:0, dataBarringTime:0, voiceBarringStatus:0, voiceBarringTime:0, videoBarringStatus:0, videoBarringTime:0
07-28 20:03:18.972  5158  5189 D SubsysRadioIndication[1]: notify enter
07-28 20:03:18.972  5158  5294 D SubsysRadioIndication[0]: radioNasAccessBarringStatusInd, NasAccessBarringStatusType: radioIf:12, dataBarringStatus:0, dataBarringTime:0, voiceBarringStatus:0, voiceBarringTime:0, videoBarringStatus:0, videoBarringTime:0
07-28 20:03:18.972  5158  5294 D SubsysRadioIndication[0]: notify enter
07-28 20:03:18.973  4914  4914 D OplusTelephonyController: onSignalStrengthChanged: SignalStrength=SignalStrength:{mCdma=CellSignalStrengthCdma: cdmaDbm=2147483647 cdmaEcio=2147483647 evdoDbm=2147483647 evdoEcio=2147483647 evdoSnr=2147483647 level=0,mGsm=CellSignalStrengthGsm: rssi=2147483647 ber=2147483647 mTa=2147483647 mLevel=0,mWcdma=CellSignalStrengthWcdma: ss=2147483647 ber=2147483647 rscp=2147483647 ecno=2147483647 level=0,mTdscdma=CellSignalStrengthTdscdma: rssi=2147483647 ber=2147483647 rscp=2147483647 level=0,mLte=CellSignalStrengthLte: rssi=2147483647 rsrp=2147483647 rsrq=2147483647 rssnr=2147483647 cqiTableIndex=2147483647 cqi=2147483647 ta=2147483647 level=0 parametersUseForLevel=0,mNr=CellSignalStrengthNr:{ csiRsrp = 2147483647 csiRsrq = 2147483647 csiCqiTableIndex = 2147483647 csiCqiReport = [] ssRsrp = 2147483647 ssRsrq = 2147483647 ssSinr = 2147483647 level = 0 parametersUseForLevel = 0 timingAdvance = 2147483647 },primary=CellSignalStrengthLte}
07-28 20:03:18.974  5158  5158 D SubsysEventListenerManager-SubsysTelephonyCallback[0]: onSignalStrengthsChanged
07-28 20:03:18.975  5108  6208 D IWlanJni: getDataRegistrationState start
07-28 20:03:18.975  5108  6213 D IWlanJni: new aidl event arrived
07-28 20:03:18.975  5108  6213 D IWlanJni: handleEvent 10
07-28 20:03:18.975  5108  6213 D IWlanJni: isThreadAttached start
07-28 20:03:18.975  5108  6213 D IWlanJni: jni detached
07-28 20:03:18.975  5108  6213 D IWlanJni: jni attached
07-28 20:03:18.975  5108  6213 D IWlanJni: getDataRegistrationStateResponse start
07-28 20:03:18.975  5108  6213 D IWlanJni: getJavaCallbackClass start
07-28 20:03:18.975  5108  6213 D IWlanJni: getJavaCallbackClass End midIs[1]
07-28 20:03:18.975  5108  6213 I IWlanAidlClient: getDataRegistrationStateResponse called
07-28 20:03:18.975  5108  6212 W IWlanNetworkService: 15 > Response Processed
07-28 20:03:18.977  3401  7189 W BestClock: java.time.DateTimeException: Missing network time fix
07-28 20:03:18.978  3401  7189 W BestClock: java.time.DateTimeException: Missing network time fix
07-28 20:03:18.979  4914  4914 W Settings: Setting airplane_mode_on has moved from android.provider.Settings.System to android.provider.Settings.Global, returning read-only value.
07-28 20:03:18.980  4838  5765 V OplusCustomizeCacheManager: queryCache name: sys.cache.common_customize_cache18014 param: null
07-28 20:03:18.980  4838  5765 V OplusCustomizeCacheManager: queryCache name: sys.cache.common_customize_cache18017 param: Bundle[{SETTING=BLOCK, BUSINESS=NCT-DATA}]
07-28 20:03:18.980  4838  5765 V OplusCustomizeCacheManager: queryCache name: sys.cache.common_customize_cache18013 param: null
07-28 20:03:18.980  4980  5921 W BluetoothAdapterExtImpl: getBluetoothConnectionCount：mOplusBluetooth null!
