07-29 14:45:58.347  5220  6130 D cellularState[0]: processMsg: DataCallingState
07-29 14:45:58.347  5220  6130 D cellularState[0]: processMsg: NetworkAttachedState
07-29 14:45:58.347  5220  6130 D cellularState[0]: processMsg: SimReadyState
07-29 14:45:58.347  5220  6130 D cellularState[0]: processMsg: DefaultState
07-29 14:45:58.347  5220  6130 E cellularState[0]:  - unhandledMessage: msg.what=4
07-29 14:45:58.347  5220  6130 D cellularState[0]: handleMessage: X
07-29 14:45:58.347  5028  5802 E CellularEvent: nri null ps
07-29 14:45:58.347  5028  5802 E CellularEvent: invalid nri
07-29 14:45:58.347  5028  5802 D T-Recommend: onPostHandleMessage 1000
07-29 14:45:58.347  5220  5220 D SubsysEventListenerManager-SubsysTelephonyCallback[0]: onServiceStateChanged
07-29 14:45:58.348  5220  5220 D ChinaRoamingControl: registTelephonyEvent onServiceStateChanged eventId:5, VoiceRegState:1, DataRegState:1
07-29 14:45:58.348  5220  5220 D QuickChangeAirplaneModeEvent: onServiceStateChanged slotId:0
07-29 14:45:58.348  5220  5220 D QuickChangeAirplaneModeEvent: isBothCardInService is false
07-29 14:45:58.348  5220  5220 D MsimSubModeManager: registTelephonyEvent onServiceStateChanged eventId:3, VoiceRegState:1, DataRegState:1
07-29 14:45:58.348  5220  5220 E ExtremeCommUtils: getSwitchRusSupportMcc invalid index 1
07-29 14:45:58.348  5220  5220 D ExtremeCommUtils: isSupporCheck rusContain:false,propContain(persist.sys.oplus.support_hyper_uplink_mcc):false
07-29 14:45:58.348  5220  5220 D ExtremeCommService: handleServiceStateChanged mcc is null
07-29 14:45:58.348  5220  5220 D ChinaRoamingControl: handleMessage what:5
07-29 14:45:58.348  5220  5220 D MsimSubModeManager: handleMessage what:3
07-29 14:45:58.348  5220  5220 D MsimSubModeManager: getMsimSimServiceIn() i:0,mServiceState:1
07-29 14:45:58.348  3439  5385 W ContextImpl: Calling a method in the system process without a qualified user: android.app.ContextImpl.sendBroadcastMultiplePermissions:1344 com.android.server.TelephonyRegistry.broadcastServiceStateChanged:3745 com.android.server.TelephonyRegistry.notifyServiceStateForPhoneId:1787 com.android.internal.telephony.ITelephonyRegistry$Stub.onTransact:546 android.os.Binder.execTransactInternal:1523 
07-29 14:45:58.348  5220  5220 D MsimSubModeManager: getMsimSimServiceIn() i:1,mServiceState:1
07-29 14:45:58.349  6530  6775 I midasd  : OplusObrainService::notifyEventInt eventId:38 iParam:20
07-29 14:45:58.349  5220  5220 D SubsysEventListenerManager-SubsysTelephonyCallback[0]: onCellLocationChanged
07-29 14:45:58.349  3439  5385 W ContextImpl: Calling a method in the system process without a qualified user: android.app.ContextImpl.sendBroadcastMultiplePermissions:1344 com.android.server.TelephonyRegistry.broadcastServiceStateChanged:3754 com.android.server.TelephonyRegistry.notifyServiceStateForPhoneId:1787 com.android.internal.telephony.ITelephonyRegistry$Stub.onTransact:546 android.os.Binder.execTransactInternal:1523 
07-29 14:45:58.350  3439  5385 W ContextImpl: Calling a method in the system process without a qualified user: android.app.ContextImpl.sendBroadcastMultiplePermissions:1344 com.android.server.TelephonyRegistry.broadcastServiceStateChanged:3760 com.android.server.TelephonyRegistry.notifyServiceStateForPhoneId:1787 com.android.internal.telephony.ITelephonyRegistry$Stub.onTransact:546 android.os.Binder.execTransactInternal:1523 
07-29 14:45:58.351  4957  4957 D MultiSimSettingController: notifySubscriptionInfoChanged
07-29 14:45:58.351  8333  8406 I OplusObrain: OplusObrainClientInvoke.nativeGetTelephonyInfo
07-29 14:45:58.351  4883  5284 I SystemUi--Statusbar: MobileConnectionRepositoryImpl-->subId:1 isSoftSimCard:false slotId:0
07-29 14:45:58.351  3439  4492 V NetworkPolicy: onSubscriptionsChanged
07-29 14:45:58.352  8333  8458 I OplusObrain: OplusObrainClientInvoke.nativeGetTrafficTypeInfoForNetworkType networkType 0
07-29 14:45:58.352  3439  3439 I AS.AudioService: onSubscriptionsChanged()
07-29 14:45:58.352  4883  5284 I SystemUi--Statusbar: MobileInputLog-->onSubscriptionsChanged
07-29 14:45:58.353  4883  4883 I SystemUi--Statusbar: OplusMobileIconInteractorImpl-->oplusIMSModel slot:0: CapabilityTypeModel(isVolteSwitchOn=true, isWfcEnabledByUser=true, imsRegistered=false, voiceCapable=false, videoCapable=false, registerTech=-1, isCrossSimCallingEnabledByUser=false, hasHideVolteOperator=false), SimStateModel(simInserted=[true, false], simForbidden=[false, true], simStateIMSI=[true, false], simLoaded=[true, false]),oplusNetworkTypeNr:20,isVoNrEnabled:false
07-29 14:45:58.353  4883  5284 I SystemUi--Statusbar: MobileConnectionRepositoryImpl-->subId:1 isSoftSimCard:false slotId:0
07-29 14:45:58.353  4883  5284 I SystemUi--Statusbar: MobileConnectionRepositoryImpl-->subId:1 isSoftSimCard:false slotId:0
07-29 14:45:58.354  4883  4883 I SystemUi--Statusbar: OplusMobileIconInteractorImpl-->oplusIMSModel slot:0: CapabilityTypeModel(isVolteSwitchOn=true, isWfcEnabledByUser=true, imsRegistered=false, voiceCapable=false, videoCapable=false, registerTech=-1, isCrossSimCallingEnabledByUser=false, hasHideVolteOperator=false), SimStateModel(simInserted=[true, false], simForbidden=[false, true], simStateIMSI=[true, false], simLoaded=[true, false]),oplusNetworkTypeNr:20,isVoNrEnabled:false
07-29 14:45:58.354  5149  5149 D QCNEJ/DataCallAgent: onSubscriptionsChanged: new DDS 1
07-29 14:45:58.354  4883  5912 I SystemUi--Statusbar: OplusMobileConnectionRepository1-->stopListenImsStatusChanged
07-29 14:45:58.354  5028  5809 D NAS-CallIssueDetector: onServiceStateChanged
07-29 14:45:58.354  5028  5809 D OplusCiwlanController: [vodata] processServiceStateChanged  phoneid = 0, original roaming type = 0,roaming type = 0
07-29 14:45:58.354  5028  5809 D OplusCiwlanController: [vodata] processServiceStateChanged  phoneid = 1, original roaming type = 0,roaming type = 0
07-29 14:45:58.354  4883  5912 I SystemUi--Statusbar: OplusMobileConnectionRepository1-->phoneId: 0, conflatedCallbackFlow init
07-29 14:45:58.354  4883  5912 I SystemUi--Statusbar: OplusMobileConnectionRepository1-->startListenImsStatusChanged
07-29 14:45:58.354  3439  4798 D KernelStatsHelper: getKernelStats start!
07-29 14:45:58.354  5220  5220 D SubsysEventListenerManager-SubsysTelephonyCallback[0]: onDisplayInfoChanged
07-29 14:45:58.354  5220  5220 D SceneService: onDisplayInfoChanged slotId:0,telephonyDisplayInfo:TelephonyDisplayInfo {network=NR, overrideNetwork=NONE, isRoaming=false}
07-29 14:45:58.354  5149  8895 D QCNEJ/DataCallAgent: phoneCount: 2
07-29 14:45:58.354  5149  8895 D QCNEJ/DataCallAgent: subs for 0th slot: [1]
07-29 14:45:58.355  3439  4492 D NetworkPolicy: Normalization put networkpolicyNetworkTemplate: matchRule=CARRIER, matchSubscriberIds=[001011...], matchWifiNetworkKeys=[], metered=YES
07-29 14:45:58.355  3439  4492 D NetworkPolicy: Normalization put networkpolicyNetworkTemplate: matchRule=CARRIER, matchSubscriberIds=[310260...], matchWifiNetworkKeys=[], metered=YES
07-29 14:45:58.355  5120  5120 E QImsService: ImsConfigImpl : onSubscriptionsChanged unable to process due to SubscriptionInfo is null
07-29 14:45:58.355  3439  4492 D NetworkPolicy: Normalization put networkpolicyNetworkTemplate: matchRule=CARRIER, matchSubscriberIds=[001010...], matchWifiNetworkKeys=[], metered=YES
07-29 14:45:58.355  3439  4492 D NetworkPolicy: Normalization put networkpolicyNetworkTemplate: matchRule=CARRIER, matchSubscriberIds=[001010...], matchWifiNetworkKeys=[], metered=YES
07-29 14:45:58.355  3439  4492 D NetworkPolicy: Normalization put networkpolicyNetworkTemplate: matchRule=CARRIER, matchSubscriberIds=[001012...], matchWifiNetworkKeys=[], metered=YES
07-29 14:45:58.355  3439  4492 V NetworkPolicy: updateNetworkEnabledNL() return
07-29 14:45:58.355  5149  5149 D QCNEJ/WwanInfoRelay: onSubscriptionsChanged currDDSId: 1 new DDS 1
07-29 14:45:58.355  4957  4957 I Telephony: y0: onServiceStateChanged: newState=1, mServiceState=1
07-29 14:45:58.355  5028  5807 D OplusLinkBoostCommon: dds servicestate change
07-29 14:45:58.355  3439  4492 V NetworkPolicy: updateNotificationsNL not process
07-29 14:45:58.355  5028  5812 D OplusSubWaySlowRecovery: getPreferSubId return 1
07-29 14:45:58.355  5028  5812 D SaDataFailRecovery/0: current is not in service,reset alarm
07-29 14:45:58.355  5028  5812 D OplusScanQrCodeRecoveryImpl: msg.what=3
07-29 14:45:58.355  3439  4590 D OplusNetlinkSocket: handleNetlinkRecvKernelMessage:nlmsghdr:StructNlMsgHdr{ nlmsg_len{40}, nlmsg_type{55()}, nlmsg_flags{0()}, nlmsg_seq{0}, nlmsg_pid{225382894} }
07-29 14:45:58.355  3439  4492 W BestClock: java.time.DateTimeException: Missing network time fix
07-29 14:45:58.355  3439  4590 D KernelStatsHelper: get magic :[-1, -1, -1, 77, 65, 71, 73, 67]
07-29 14:45:58.355  3439  4590 D KernelStatsHelper: magic matched count:0 data_len:0
07-29 14:45:58.355  3439  4590 D KernelStatsHelper: data over! check: true
07-29 14:45:58.355  4957  4957 I Telephony: isRttCurrentlySupported -- regular acct, hasVoiceAvailability: false
07-29 14:45:58.355  4957  4957 I Telephony:  isRttSupported: false
07-29 14:45:58.355  4957  4957 I Telephony:  isUserRttSettingOn: false
07-29 14:45:58.355  4957  4957 I Telephony:  alwaysAllowWhileRoaming: false
07-29 14:45:58.355  4957  4957 I Telephony:  isRoaming: false
07-29 14:45:58.355  4957  4957 I Telephony:  isOnWfc: false
07-29 14:45:58.356  5120  5120 I QImsService: OplusPhoneStateTracker : onSubscriptionsChanged Last subId: -1 Current subId -1
07-29 14:45:58.356  5120  5120 I QImsService: OplusPhoneStateTracker : onSubscriptionsChanged Last subId: 1 Current subId 1
07-29 14:45:58.357  5149  8895 D QCNEJ/DataCallAgent: mSubInfoReady[0] is set to true
07-29 14:45:58.357  5149  8895 D QCNEJ/DataCallAgent: subs for 1th slot: [-1]
07-29 14:45:58.357  4957  6221 E PhoneInterfaceManager: getServiceStateForSlot retuning null for invalid slotIndex=-1
07-29 14:45:58.357  5028  5802 D CellularEvent: handleSubscriptionsChanged: slotId=0
07-29 14:45:58.357  5028  5802 D CellularEvent: onImsRegistrationStateChanged, slotId=0state:false
07-29 14:45:58.358  7040  8762 D OsAgentAidlClient: [string_dataitem_update][1584] [HC] =>> [HS]
07-29 14:45:58.358  5028  5433 D NAS-CellularEvent: handleSubscriptionsChanged: slotId=0
07-29 14:45:58.358  7380  9719 E Battery : ControllerCenter: onReceiver: mSubscriptionManager is null || mIsNeedRestoreMobile = false
07-29 14:45:58.358  5976  5976 D CellBroadcastReceiver: onReceive Intent { act=android.intent.action.SERVICE_STATE flg=0x1000010 cmp=com.android.cellbroadcastreceiver.module/com.android.cellbroadcastreceiver.CellBroadcastReceiver (has extras) }
07-29 14:45:58.358  5976  5976 D CellBroadcastReceiver: onServiceStateChanged, ss: 1
07-29 14:45:58.358  5976  5976 D CellBroadcastReceiver: networkOperator: 
07-29 14:45:58.358  5028  5433 D NAS-CellularEvent: onImsRegistrationStateChanged, slotId=0state:false
07-29 14:45:58.359  4957  4957 V OplusCustomizeCacheManager: queryCache name: sys.cache.common_customize_cache18016 param: null
07-29 14:45:58.359  4957  4957 V OplusCustomizeCacheManager: queryCache name: sys.cache.common_customize_cache18013 param: null
07-29 14:45:58.359  4957  4957 V OplusCustomizeCacheManager: queryCache name: sys.cache.common_customize_cache18014 param: null
07-29 14:45:58.359  4957  4957 V OplusCustomizeCacheManager: queryCache name: sys.cache.common_customize_cache18017 param: Bundle[{SETTING=BLOCK, BUSINESS=NCT-DATA}]
07-29 14:45:58.359  6467  8222 D OplusAtlasAudioDetectionManager: MSG_CALL_STATE_CHANGED
07-29 14:45:58.359  4957  4957 V OplusCustomizeCacheManager: queryCache name: sys.cache.common_customize_cache18016 param: null
07-29 14:45:58.359  4957  4957 V OplusCustomizeCacheManager: queryCache name: sys.cache.common_customize_cache18013 param: null
07-29 14:45:58.359  4957  4957 V OplusCustomizeCacheManager: queryCache name: sys.cache.common_customize_cache18014 param: null
07-29 14:45:58.359  4957  4957 V OplusCustomizeCacheManager: queryCache name: sys.cache.common_customize_cache18017 param: Bundle[{SETTING=BLOCK, BUSINESS=NCT-DATA}]
07-29 14:45:58.359  4883  5912 I SystemUi--Statusbar: OplusMobileConnectionRepository1-->onImsStatusChanged model: CapabilityTypeModel(isVolteSwitchOn=true, isWfcEnabledByUser=true, imsRegistered=false, voiceCapable=false, videoCapable=false, registerTech=-1, isCrossSimCallingEnabledByUser=false, hasHideVolteOperator=false)
07-29 14:45:58.359  4957  4957 D MultiSimSettingController: onSubscriptionsChanged
07-29 14:45:58.359  4957  4957 D MultiSimSettingController: isReadyToReevaluate: subInfoInitialized=true, carrierConfigsLoaded=true, satelliteEnabledOrBeingEnabled=false
07-29 14:45:58.359  4957  4957 D MultiSimSettingController: updateDefaults
07-29 14:45:58.359  4957  4957 D MultiSimSettingController: isReadyToReevaluate: subInfoInitialized=true, carrierConfigsLoaded=true, satelliteEnabledOrBeingEnabled=false
07-29 14:45:58.359  6467  8222 D OplusAtlasAudioDetectionManager: callStateChanged state: 0, len: 0
07-29 14:45:58.359  4957  4957 D MultiSimSettingController: updateDefaultValues: change: 0
07-29 14:45:58.359  4957  4957 D MultiSimSettingController: disableDataForNonDefaultNonOpportunisticSubscriptions triggered, return directly
07-29 14:45:58.359  4957  4957 D ImsResolver: oldSubId: 1, newSubId: 1
07-29 14:45:58.359  4957  4957 D ImsResolver: oldSubId: -1, newSubId: -1
07-29 14:45:58.360  4957  4957 I Telephony: TelecomAccountRegistry: onSubscriptionsChanged - reregister accounts
07-29 14:45:58.360  4957  4957 D PhoneUtils: PhoneAccountHandle subId=1, slotId=0
07-29 14:45:58.360  3439  5372 W BestClock: java.time.DateTimeException: Missing network time fix
07-29 14:45:58.360  4957  4957 D Telephony: registerPstnPhoneAccount line1Number =  subNumber = 
07-29 14:45:58.360  4957  4957 D Telephony: color is transparent asign default instead -15502541
07-29 14:45:58.360  4957  4957 D Telephony: isEmergencyPreferredAccount: subId=1, activeData=1
07-29 14:45:58.360  4957  4957 D Telephony: isEmergencyPreferredAccount: Device does not require preference.
07-29 14:45:58.361  4883  4883 I KeyguardUpdateMonitor: action=android.intent.action.SERVICE_STATE subId=1 slotId=0
07-29 14:45:58.361  3439  5385 W BestClock: java.time.DateTimeException: Missing network time fix
07-29 14:45:58.361 13219 13219 I ttings:tzupdate: isSwordfishLaunchAppEnabled_ 1 isSwordfishInstallAppEnabled_ 1
07-29 14:45:58.361 13219 13219 E ttings:tzupdate: Unknown bits set in runtime_flags: 0x40000000
07-29 14:45:58.361 13219 13219 I ttings:tzupdate: Using CollectorTypeCMC GC.
07-29 14:45:58.361  5028  5807 W BestClock: java.time.DateTimeException: Missing network time fix
07-29 14:45:58.361  5028  5807 V MonthTrafficAlert: getWarningNotification subId:1 numWarningNotificaion:0
07-29 14:45:58.361  4883  5610 V OplusCustomizeCacheManager: queryCache name: sys.cache.common_customize_cache18014 param: null
07-29 14:45:58.361  4883  5610 V OplusCustomizeCacheManager: queryCache name: sys.cache.common_customize_cache18017 param: Bundle[{SETTING=BLOCK, BUSINESS=NCT-DATA}]
07-29 14:45:58.361  4883  5610 V OplusCustomizeCacheManager: queryCache name: sys.cache.common_customize_cache18013 param: null
07-29 14:45:58.362  4957  4957 I Telephony: isRttCurrentlySupported -- regular acct, hasVoiceAvailability: false
07-29 14:45:58.362  4957  4957 I Telephony:  isRttSupported: false
07-29 14:45:58.362  4957  4957 I Telephony:  isUserRttSettingOn: false
07-29 14:45:58.362  4957  4957 I Telephony:  alwaysAllowWhileRoaming: false
07-29 14:45:58.362  4957  4957 I Telephony:  isRoaming: false
07-29 14:45:58.362  4957  4957 I Telephony:  isOnWfc: false
07-29 14:45:58.362  4957  4957 D Telephony: x0: buildPstnPhoneAccount, phoneId: 0, mIsVideoCapable: false, 
07-29 14:45:58.362  4957  4957 D OplusSesImsManagerExt: feature:0, phoneId:0
07-29 14:45:58.362  4957  4957 D OplusSesImsManagerExt: getSubIdUsingPhoneId:1, phoneId:0
07-29 14:45:58.362  4957  4957 D OplusSesImsManagerExt: isEntitlementEnabled:false
07-29 14:45:58.362  4957  4957 D OplusSesImsManagerExt: isFeatureProvisionedOnDevice not enabled
07-29 14:45:58.362  4957  4957 D Telephony: registerPstnPhoneAccount mIsVideoCapable = false
07-29 14:45:58.362  4957  4957 W libc    : Access denied finding property "persist.vendor.mtk_uce_support"
07-29 14:45:58.362  4957  4957 I Telephony: isCarrierVideoPresenceSupported, false, false, false, false
07-29 14:45:58.362  4957  4957 I Telephony: reRegisterPstnPhoneAccount: subId: 1 - no change
07-29 14:45:58.362  4957  4957 D CallNotifier: updatePhoneStateListeners: update CF notifications.
07-29 14:45:58.363 13219 13219 E ttings:tzupdate: Not starting debugger since process cannot load the jdwp agent.
07-29 14:45:58.363  3439  5386 W BestClock: java.time.DateTimeException: Missing network time fix
07-29 14:45:58.363  4957  4957 V SimultaneousCallingTracker: Received EVENT 101
07-29 14:45:58.364  4957  4957 V SimultaneousCallingTracker: generateVoiceCapablePhoneMapBasedOnUserAssociation: adding phoneId = 0
07-29 14:45:58.364  4957  4957 I SimultaneousCallingTracker: updatePhoneMapAndSimultaneousCallSupportMap: mVoiceCapablePhoneMap.size = 1
07-29 14:45:58.364  4957  4957 V SimultaneousCallingTracker: registerForImsRegistrationChanges: registering phoneId = 0
07-29 14:45:58.364  4957  4957 V SimultaneousCallingTracker: generateSimultaneousCallSupportMap: returning simultaneousCallSubSupportMap = Phone ID=0 - Simultaneous calling compatible phone IDs=[]; 
07-29 14:45:58.364  4957  4957 V SimultaneousCallingTracker: handleSimultaneousCallingSupportChanged
07-29 14:45:58.364  3439  5372 W BestClock: java.time.DateTimeException: Missing network time fix
07-29 14:45:58.364  3439  5386 W ContentService: Observer is already registered. Pid is 4957
07-29 14:45:58.364  4957  4957 D InternationalRoamingNotification: init
07-29 14:45:58.364  5220  6347 D VirtualCommService2: isSupport. true, true
07-29 14:45:58.364  4883  5610 V OplusCustomizeCacheManager: queryCache name: sys.cache.common_customize_cache18014 param: null
07-29 14:45:58.364  4957  4957 D OplusVirtualCommUtils: isVirtualCommSupport, vRet: true
07-29 14:45:58.364  4883  5610 V OplusCustomizeCacheManager: queryCache name: sys.cache.common_customize_cache18017 param: Bundle[{SETTING=BLOCK, BUSINESS=NCT-DATA}]
07-29 14:45:58.364  4883  5610 V OplusCustomizeCacheManager: queryCache name: sys.cache.common_customize_cache18013 param: null
07-29 14:45:58.364  4957  4957 I OplusVirtualCommUtils: getVirtualCommDeviceType, vRet: 1
07-29 14:45:58.364  4957  4957 I OplusVirtualCommUtils: isConsumerDeviceType, deviceType: 1
07-29 14:45:58.364 13219 13219 D nativeloader: Load libframework-connectivity-tiramisu-jni.so using APEX ns com_android_tethering for caller /apex/com.android.tethering/javalib/framework-connectivity-t.jar: ok
07-29 14:45:58.365  4957  4957 D InternationalRoamingNotification: do not createRoamingNotification for invalid Network
07-29 14:45:58.365  4957  4957 V OplusCustomizeCacheManager: queryCache name: sys.cache.common_customize_cache18016 param: null
07-29 14:45:58.365  4957  4957 V OplusCustomizeCacheManager: queryCache name: sys.cache.common_customize_cache18013 param: null
07-29 14:45:58.365  4957  4957 V OplusCustomizeCacheManager: queryCache name: sys.cache.common_customize_cache18014 param: null
07-29 14:45:58.365  4957  4957 V OplusCustomizeCacheManager: queryCache name: sys.cache.common_customize_cache18017 param: Bundle[{SETTING=BLOCK, BUSINESS=NCT-DATA}]
07-29 14:45:58.366 13219 13219 W libc    : Access denied finding property "persist.vendor.sys.activitylog"
07-29 14:45:58.366 13219 13219 I OneTrace: Mark active for pid=13219? true
07-29 14:45:58.366 13219 13219 D cutils-dev: otrace_set_tracing_enabled? true tag:0
07-29 14:45:58.366 13219 13219 D cutils-dev: properties changed in otrace_seq_number_changed!
07-29 14:45:58.367  3439  5386 D ActivityTaskManagerServiceExtImpl: preBindApplication record is null
07-29 14:45:58.367  3439  5386 D RGBNormalizeServer: OplusRGBNormalize feature enabled ? true
07-29 14:45:58.367  3439  5386 D ResourcesManagerCache: For package com.oplus.wirelesssettings we got cacheList [null] appInfoExt is null ? false hasFeature ? false
07-29 14:45:58.367  3439  5386 D VRR [OPlusExternalRefreshRateManager]: isPkgTfcEnable: pkgName = com.oplus.wirelesssettings, enable = false
07-29 14:45:58.367  3439  5386 D VRR [OPlusExternalRefreshRateManager]: getTfcMinFramerate: pkgName = com.oplus.wirelesssettings, min framerate = 0
07-29 14:45:58.368 13219 13219 D OplusActivityManager: get AMS extension: android.os.BinderProxy@cf6784
07-29 14:45:58.368  4883  4883 I KeyguardUpdateMonitor: refreshSimState, changed:false,subId:1,slotId:0,state:5
07-29 14:45:58.368  4883  5110 I SystemUi--QuickSettings: Tile.OplusCellularTile-->updateCarrierText: dialog not showing, ignore
07-29 14:45:58.369  4883  5110 D SimStateHelper: slot:0, lock state:Bundle[mParcelledData.dataSize=56]
07-29 14:45:58.369  4883  5110 D SimStateHelper: slot:1, lock state:Bundle[mParcelledData.dataSize=56]
07-29 14:45:58.369  4883  5110 D SimStateHelper: needDisableMenu: slot1State=-1; slot2State=-1
07-29 14:45:58.369  4883  5110 D SimStateHelper: needDisableMenu:false
07-29 14:45:58.369  4883  5110 I SystemUi--QuickSettings: Tile.OplusCellularTile-->updateCarrierText: dialog not showing, ignore
07-29 14:45:58.369  4883  5110 D SimStateHelper: slot:0, lock state:Bundle[mParcelledData.dataSize=56]
07-29 14:45:58.369  4883  5110 D SimStateHelper: slot:1, lock state:Bundle[mParcelledData.dataSize=56]
07-29 14:45:58.369  4883  5110 D SimStateHelper: needDisableMenu: slot1State=-1; slot2State=-1
07-29 14:45:58.369  4883  5110 D SimStateHelper: needDisableMenu:false
07-29 14:45:58.369 13219 13219 D CompactWindowAppManager: initCompactApplicationInfo CompactMode: , NormalMode: 
07-29 14:45:58.370 13219 13219 D OplusScrollToTopManager: setIsInWhiteList false
07-29 14:45:58.370 13219 13219 D OplusViewDebugManager: OplusViewDebugManager Constructor android.view.debug.OplusViewDebugManager@6baf3a2 [mHasViewDebugProperty true] [mHasMsgDebugProperty false] [DEBUG false] [EXTRAINFOENABLE false] [LIGHT_OS false]
07-29 14:45:58.371 13219 13219 D CompatChangeReporter: Compat change id reported: 242716250; UID 1000; state: ENABLED
07-29 14:45:58.372 13219 13219 W libc    : Access denied finding property "ro.odm.prev.product.name"
07-29 14:45:58.372 13219 13219 W ziparchive: Unable to open '/system_ext/framework/nfcvendorlib.dm': No such file or directory
07-29 14:45:58.372 13219 13219 W ziparchive: Unable to open '/system_ext/framework/nfcvendorlib.dm': No such file or directory
07-29 14:45:58.374 13219 13219 D nativeloader: Configuring clns-shared-7 for other apk /system_ext/framework/nfcvendorlib.jar. target_sdk_version=34, uses_libraries=ALL, library_path=/system_ext/priv-app/WirelessSettings/lib/arm64:/system_ext/priv-app/WirelessSettings/WirelessSettings.apk!/lib/arm64-v8a:/system/lib64:/system_ext/lib64, permitted_path=/data:/mnt/expand:/data/user_de/0/com.oplus.wirelesssettings:/system_ext/priv-app/WirelessSettings:/system/lib64:/system_ext/lib64
07-29 14:45:58.374 13219 13219 D nativeloader: Extending system_exposed_libraries: libbinauralrenderer_wrapper.qti.so:libhoaeffects.qti.so:libSloganJni.oplus.so:libsuperNight.oplus.so:libAPSClient-cmd-jni-extension.oplus.so:libsatellite_audio_jni.oplus.so:libortc_so.oplus.so:libsoundtouch.oplus.so:libsoundtouch_jni.oplus.so:libOplusStringJNI-extension.oplus.so:libsatellite_ostx_jni.oplus.so:libapssuspend-jni.oplus.so:libupdateprof.qti.so:libthermalclient.qti.so:libqape.qti.so:libqesdk_ndk_platform.qti.so:liblistenjni.qti.so
07-29 14:45:58.374 13219 13219 D ApplicationLoaders: Returning zygote-cached class loader: /system_ext/framework/androidx.window.extensions.jar
07-29 14:45:58.374 13219 13219 D ApplicationLoaders: Returning zygote-cached class loader: /system_ext/framework/androidx.window.sidecar.jar
07-29 14:45:58.376 13219 13219 D nativeloader: Configuring clns-shared-8 for other apk /system_ext/priv-app/WirelessSettings/WirelessSettings.apk. target_sdk_version=34, uses_libraries=, library_path=/system_ext/priv-app/WirelessSettings/lib/arm64:/system_ext/priv-app/WirelessSettings/WirelessSettings.apk!/lib/arm64-v8a:/system/lib64:/system_ext/lib64, permitted_path=/data:/mnt/expand:/data/user_de/0/com.oplus.wirelesssettings:/system_ext/priv-app/WirelessSettings:/system/lib64:/system_ext/lib64
07-29 14:45:58.379 13219 13219 V GraphicsEnvironment: Currently set values for:
07-29 14:45:58.379 13219 13219 V GraphicsEnvironment:   angle_gl_driver_selection_pkgs=[]
07-29 14:45:58.379 13219 13219 V GraphicsEnvironment:   angle_gl_driver_selection_values=[]
07-29 14:45:58.379 13219 13219 V GraphicsEnvironment: Global.Settings values are invalid: number of packages: 0, number of values: 0
07-29 14:45:58.382 13219 13219 D WS_OplusWirelessSettingsApp: onCreate, OplusWirelessSettingsApp
07-29 14:45:58.385 13219 13219 D LogUtils: initWirelessLog sIsQeAssert=false,sIsWifiOrBtLog=false
07-29 14:45:58.387  3439  5386 I ActivityManager: Flag disabled. Ignoring finishAttachApplication from uid: 1000. pid: 13219
07-29 14:45:58.388 13219 13219 E ANDR-PERF-CLIENT-SYS: death recipent object is fine
07-29 14:45:58.388 13219 13219 W ttings:tzupdate: AIBinder_linkToDeath is being called with a non-null cookie and no onUnlink callback set. This might not be intended. AIBinder_DeathRecipient_setOnUnlinked should be called first.
07-29 14:45:58.389  3439  5386 W OplusSelfProtectManager: pkg[com.oplus.wirelesssettings] not in policy list
07-29 14:45:58.391  3439  5386 D ActivityManager: Async freezing 13219 com.oplus.wirelesssettings:tzupdate
07-29 14:45:58.393  4711  7379 W SQLiteLog: (28) double-quoted string literal: "timezone_tzdata_v2_files"
07-29 14:45:58.462  4957  4957 V OplusCustomizeCacheManager: queryCache name: sys.cache.common_customize_cache18016 param: null
07-29 14:45:58.462  4957  4957 V OplusCustomizeCacheManager: queryCache name: sys.cache.common_customize_cache18013 param: null
07-29 14:45:58.462  4957  4957 V OplusCustomizeCacheManager: queryCache name: sys.cache.common_customize_cache18014 param: null
07-29 14:45:58.462  4957  4957 V OplusCustomizeCacheManager: queryCache name: sys.cache.common_customize_cache18017 param: Bundle[{SETTING=BLOCK, BUSINESS=NCT-DATA}]
07-29 14:45:58.463  4957  4957 V OplusCustomizeCacheManager: queryCache name: sys.cache.common_customize_cache18016 param: null
07-29 14:45:58.463  4957  4957 V OplusCustomizeCacheManager: queryCache name: sys.cache.common_customize_cache18013 param: null
07-29 14:45:58.463  4957  4957 V OplusCustomizeCacheManager: queryCache name: sys.cache.common_customize_cache18014 param: null
07-29 14:45:58.463  4957  4957 V OplusCustomizeCacheManager: queryCache name: sys.cache.common_customize_cache18017 param: Bundle[{SETTING=BLOCK, BUSINESS=NCT-DATA}]
07-29 14:45:58.484  4883  4883 D RowAnimatorExtImpl: end:view:StatusBarIconView(slot='volume' alpha=1.0 icon=StatusBarIcon(icon=Icon(typ=RESOURCE pkg=com.android.systemui id=0x7f0818f0) visible user=0 ) visibleState=ICON iconColor=#ccffffff staticDrawableColor=#ccffffff decorColor=#ffffffff animationStartColor=#0 currentSetColor=#ccffffff notification=null),tx
07-29 14:45:58.484  4883  4883 D RowAnimatorExtImpl: end:view:StatusBarIconView(slot='zen' alpha=1.0 icon=StatusBarIcon(icon=Icon(typ=RESOURCE pkg=com.android.systemui id=0x7f0818e1) visible user=0 ) visibleState=ICON iconColor=#ccffffff staticDrawableColor=#ccffffff decorColor=#ffffffff animationStartColor=#0 currentSetColor=#ccffffff notification=null),tx
07-29 14:45:58.484  4883  4883 D RowAnimatorExtImpl: end:view:StatusBarIconView(slot='volume' alpha=1.0 icon=StatusBarIcon(icon=Icon(typ=RESOURCE pkg=com.android.systemui id=0x7f0818f0) visible user=0 ) visibleState=ICON iconColor=#ccffffff staticDrawableColor=#ccffffff decorColor=#ffffffff animationStartColor=#0 currentSetColor=#ccffffff notification=null),tx
07-29 14:45:58.484  4883  4883 D RowAnimatorExtImpl: end:view:StatusBarIconView(slot='zen' alpha=1.0 icon=StatusBarIcon(icon=Icon(typ=RESOURCE pkg=com.android.systemui id=0x7f0818e1) visible user=0 ) visibleState=ICON iconColor=#ccffffff staticDrawableColor=#ccffffff decorColor=#ffffffff animationStartColor=#0 currentSetColor=#ccffffff notification=null),tx
07-29 14:45:58.484  4883  4883 D RowAnimatorExtImpl: end:view:StatusBarIconView(slot='volume' alpha=1.0 icon=StatusBarIcon(icon=Icon(typ=RESOURCE pkg=com.android.systemui id=0x7f0818f0) visible user=0 ) visibleState=ICON iconColor=#ccffffff staticDrawableColor=#ccffffff decorColor=#ffffffff animationStartColor=#0 currentSetColor=#ccffffff notification=null),tx
07-29 14:45:58.484  4883  4883 D RowAnimatorExtImpl: end:view:StatusBarIconView(slot='zen' alpha=1.0 icon=StatusBarIcon(icon=Icon(typ=RESOURCE pkg=com.android.systemui id=0x7f0818e1) visible user=0 ) visibleState=ICON iconColor=#ccffffff staticDrawableColor=#ccffffff decorColor=#ffffffff animationStartColor=#0 currentSetColor=#ccffffff notification=null),tx
07-29 14:45:58.491  1977  1977 D SensorFeature: name=ssc_screenshot_info ,index = 22
07-29 14:45:58.491  1977  1977 D SensorFeature: write 29 bytes:59097377529,59105710862,161,0
07-29 14:45:58.493  1837  4448 I sensors-hal: handle_oplus_wise_rgb_event:189, high_pwm_light:lux 281.8,cct 3639.5,brl/algo/ir 1447.0/2.0/16.1,pwm/dc 0.0/0.0,rgbc 21604.539062/13624.146484/6256.872559/40090.738281,ts 59072369787,cnt 830,flag 131072
07-29 14:45:58.494  1895  4440 I Dpps    : LtmSwState::SetParameter():144 ignore cmd 7 in state LtmOffState
07-29 14:45:58.675  4883  4883 I SystemUi--QuickSettings: TemporarilyInfoManager-->[animateShow] com.oplus.systemui.qs.base.temporarilyinfo.TemporarilyInfoManager$createViewToParent$1{95aa3ac VFED..C.. ........ 0,0-1080,228 #7f0a0cb6 app:id/temporarily_info_view alpha=1.0 viewInfo = } end
07-29 14:45:58.675  4883  4883 I SystemUi--QuickSettings: TemporarilyInfoManager-->[trigger] start from showElementAfterShowFully
07-29 14:45:58.765  1977  1977 D SensorFeature: name=ssc_screenshot_info ,index = 22
07-29 14:45:58.765  1977  1977 D SensorFeature: write 29 bytes:59371384716,59379718049,162,0
07-29 14:45:58.767  1895  4440 I Dpps    : LtmSwState::SetParameter():144 ignore cmd 7 in state LtmOffState
07-29 14:45:58.799  4883  4883 D JankUtils: gfxSceneEnd; scene: 7
07-29 14:45:58.799  4883  4883 I SystemUi--Common: NotificationShadeDepthC-->sceneFlag: 0x001, isStart = false, Current sceneFlags: 0x000
07-29 14:45:58.799  4883  4883 D NavigationBar: restrainNavigationBarInvertColor: false
07-29 14:45:58.800  4883  5056 D RegionSamplingHelper =:    mCompositionSamplingListener.register
07-29 14:45:58.800  2171  2405 D SurfaceFlinger: addRegionSamplingListener pid: 4883, Area: [0, 2328, 1080, 2376]
07-29 14:45:58.947  6537  6637 E oiface  : sched_setaffinity failed
07-29 14:45:58.951  1990  1990 D vendor.oplus.hardware.charger-V7-service: getChargerControl:
07-29 14:45:58.966  1978  1978 E PerformanceService: storage_feature: open /sys/devices/platform/soc/112b0000.ufshci//virtualtlcbuff fail
07-29 14:45:58.973  3439  5386 W BestClock: java.time.DateTimeException: Missing network time fix
07-29 14:45:58.973  3439  5386 W BestClock: java.time.DateTimeException: Missing network time fix
07-29 14:45:58.973  3439  5382 W BestClock: java.time.DateTimeException: Missing network time fix
07-29 14:45:58.994  1895  2200 I SDM     : DisplayBase::CommitThread: Received idle timeout, panel: cmd, timeout: 70000 us
07-29 14:45:59.022  1895  4440 I Dpps    : LtmSwState::SetParameter():144 ignore cmd 7 in state LtmOffState
07-29 14:45:59.094  1895  2200 I SDM     : DisplayBase::CommitThread: Received idle timeout, panel: cmd, timeout: 70000 us
07-29 14:45:59.097  1977  1977 D SensorFeature: name=ssc_screenshot_info ,index = 22
07-29 14:45:59.097  1977  1977 D SensorFeature: write 29 bytes:59661803830,59712070236,163,0
07-29 14:45:59.162  2171  3670 D VRR [OTI]: handleIdle from 0 to 1
07-29 14:45:59.162  2171  3670 D VRR [OTI-HW]: isStateReady 1
07-29 14:45:59.162  2171  3670 D VRR [RefreshRateDirector]: requestRefreshRateByOti update [ oti-hw, {fps=60, modePtr={id=5, vsyncRate=60.00 Hz, peakRefreshRate=60.00 Hz}} ]
07-29 14:45:59.162  2171  3670 D VRR [RefreshRateDirector]: selectBestFrameRate DirectorMapOti [oti-hw, {fps=60, modePtr={id=5, vsyncRate=60.00 Hz, peakRefreshRate=60.00 Hz}}]
07-29 14:45:59.162  2171  3670 D VRR [RefreshRateDirector]: updateBestFrameRate [oti-hw, {fps=60, modePtr={id=5, vsyncRate=60.00 Hz, peakRefreshRate=60.00 Hz}}]
07-29 14:45:59.162  2171  3670 D SurfaceFlinger: VRR [SurfaceFlinger] setDesiredActiveMode: displayId: 4630946756802996883, renderRate: 60, vsyncRate: 60, event: 1
07-29 14:45:59.162  2171  3670 D DisplayModeController: setDesiredMode 4630946756802996883 {mode={fps=60.00 Hz, modePtr={id=5, vsyncRate=60.00 Hz, peakRefreshRate=60.00 Hz}}, emitEvent=true, force=false}
07-29 14:45:59.165  2171  2171 I DisplayModeController: hwc begin mode change to 16666666
07-29 14:45:59.165  2171  2171 I HWC2    : [0] setActiveConfigWithConstraints[5]
07-29 14:45:59.166  1895  3639 W SDM     : HWDeviceDRM::GetSupportedBitClkRate: Requested rate not supported: 1363200000
07-29 14:45:59.166  1895  3639 I SDM     : HWDeviceDRM::UpdateMixerAttributes: Mixer WxH 1440x3168-1 for Peripheral
07-29 14:45:59.166  1895  3639 I CwbService: CwbService::notifyConfigChange: display:0, config:5 size:4, sec.size():0
07-29 14:45:59.166  1895  3639 I CwbService: CwbService::notifyConfigChange: display: 0, config = 1
07-29 14:45:59.166  1895  3605 I CasManager: Fps changed from 120 to 60
07-29 14:45:59.166  1895  3605 I CasManager: Fps changed, not change bin, so trigger gain
07-29 14:45:59.167  1895  3605 W SDM     : DemuraIntfImpl::ProcessOemPluginGain: Thermal intf_ is nullptr 0, default to 25 degree
07-29 14:45:59.167  1895  3605 I SDM     : CasQcPlugIn::ProcessPerCompGainOppo: input params, mode:PWM, fps:60, dbv:1447
07-29 14:45:59.167  1895  3605 I SDM     : CasQcPlugIn::ProcessPerCompGainOppo: normalized bright_adj:1024, dbv:1447, bin_dbv:1083, 
07-29 14:45:59.167  1895  3605 I SDM     : CasQcPlugIn::ProcessPerCompGainOppo: gains print start =====================
07-29 14:45:59.167  1895  3605 I SDM     : CasQcPlugIn::ProcessPerCompGainOppo: gain --------------------------------
07-29 14:45:59.167  1895  3605 I SDM     : CasQcPlugIn::ProcessPerCompGainOppo: old: 0 0 0 57 90 322 1201 3072
07-29 14:45:59.167  1895  3605 I SDM     : CasQcPlugIn::ProcessPerCompGainOppo: new: 0 0 0 30 77 278 1039 3072
07-29 14:45:59.167  1895  3605 I SDM     : CasQcPlugIn::ProcessPerCompGainOppo: gain --------------------------------
07-29 14:45:59.167  1895  3605 I SDM     : CasQcPlugIn::ProcessPerCompGainOppo: old: 0 0 0 64 125 373 1336 3072
07-29 14:45:59.167  1895  3605 I SDM     : CasQcPlugIn::ProcessPerCompGainOppo: new: 0 0 0 34 99 373 1336 3072
07-29 14:45:59.167  1895  3605 I SDM     : CasQcPlugIn::ProcessPerCompGainOppo: gain --------------------------------
07-29 14:45:59.167  1895  3605 I SDM     : CasQcPlugIn::ProcessPerCompGainOppo: old: 0 0 0 42 83 323 1222 3072
07-29 14:45:59.167  1895  3605 I SDM     : CasQcPlugIn::ProcessPerCompGainOppo: new: 0 0 0 22 83 323 1222 3072
07-29 14:45:59.167  1895  3605 I SDM     : CasQcPlugIn::ProcessPerCompGainOppo: gains print end =======================
07-29 14:45:59.174  1895  3605 I SDM     : DemuraIntfImpl::StageAllData: Staged all data to Demura Driver!
07-29 14:45:59.174  1895  3605 I SDM     : HWPeripheralDRM::SetPanelFeature: Set Panel feature property 19
07-29 14:45:59.174  1895  3605 I SDM     : HWPeripheralDRM::SetPanelFeature: Set Panel feature property 7
07-29 14:45:59.175  1895  3605 I SDM     : DisplayBuiltIn::TriggerDemuraOemPlugIn: Trigger demura oem plugin success
07-29 14:45:59.179  1895  2200 I SDM     : DRMPanelFeatureMgr::ApplyDirtyFeature: Commited panel feature [enabled]: 20-272
07-29 14:45:59.179  1895  2200 I SDM     : DRMPanelFeatureMgr::ApplyDirtyFeature: Commited panel feature [enabled]: 8-271
07-29 14:45:59.193  1990  2019 D BatteryChargeControl: bcc get no support from charging protocol
07-29 14:45:59.218  5220  6347 D VendorTelephonyService: onTelephonyEventReport slotId =1 eventId=2009
07-29 14:45:59.218  5220  6347 D VendorTelephonyService: onTelephonyEventReport slotId =1 eventId=2009
07-29 14:45:59.218  5028  6348 D SaDataService: onTelephonyEventReport , subId= 1,slotId=0 eventId=2009
07-29 14:45:59.218  5028  6348 D TelephonyImpl: notify eventId:2009 for list size:2
07-29 14:45:59.218  5220  5220 D VendorCallService: notityEventUpdate, eventId:2009, slotId = 1
07-29 14:45:59.218  5028  6348 D SaDataService: onTelephonyEventReport , subId= 0,slotId=-1 eventId=2009
07-29 14:45:59.219  5220  6347 D VendorTelephonyService: onTelephonyEventReport slotId =0 eventId=2009
07-29 14:45:59.219  5028  6348 D TelephonyImpl: notify eventId:2009 for list size:2
07-29 14:45:59.219  5220  6347 D VendorTelephonyService: onTelephonyEventReport slotId =0 eventId=2009
07-29 14:45:59.219  5220  5220 D VendorCallService: notityEventUpdate, eventId:2009, slotId = 0
07-29 14:45:59.223  2171  2171 D VRR-[OPlusRefreshRateSelector]: setCurrentModeId 5 type SM
07-29 14:45:59.223  2171  3670 D VRR [OTI-HW]: isStateReady 1
07-29 14:45:59.223  2171  3670 D VRR [OTI-HW]: keep rate.
07-29 14:45:59.224  3439  3699 I DisplayDeviceRepository: Display device changed render timings: "Built-in Screen", renderFrameRate=60.000004, presentationDeadlineNanos=16666666, appVsyncOffsetNanos=1000000
07-29 14:45:59.224  3439  3699 D LogicalDisplayExt: set displayInfo flag FLAG_ROTATES_WITH_CONTENT
07-29 14:45:59.226  3439  3699 D DisplayManagerServiceExtImpl: scheduleTraversalLocked intraversal=false
07-29 14:45:59.226  3439  3699 I DisplayManagerServiceExtImpl: handle logical display changed logicalDisplay=id=0,stack=0,content=true,displayInfo{stack=0,type=1,id=0,uId=local:4630946756802996883,state=ON,pkg=null}
07-29 14:45:59.226  3439  3699 D DisplayManagerService: Delivering display event: displayId=0, event=CHANGED
07-29 14:45:59.226  3439  3779 D BrightnessThermalClamper: Thermal status observer already started
07-29 14:45:59.226  3439  3779 D BrightnessPowerClamper: Power throttling data is missing for configuration data.
07-29 14:45:59.227  3439  3439 E OplusGestureAnimationManagerPolicy: mScreenHeight:2376 mScreenWidth:1080 mRotation:0
07-29 14:45:59.228  4682  4682 D CastManagerService: onDisplayChanged.
07-29 14:45:59.228  3439  3699 D DisplayManagerService: MSG_REQUEST_TRAVERSAL pendingCompleted=false
07-29 14:45:59.230  2156 10384 D AudioFlingerExtImpl: AudioFlingerExtImpl oplusSetParameters: keyvalue screen_state=on
07-29 14:45:59.230  2156 10384 D DeviceHalAidl: 0xb400007595a7c200 DeviceHalAidl::setParameters
07-29 14:45:59.230  2156 10384 D DeviceHalAidl: setParameters: parameters: "screen_state=on"
07-29 14:45:59.230  1858  3338 I PAL: ResourceManager: setParameter: 11480: Screen State:1
07-29 14:45:59.230  3439  3697 D OplusVFXScreenEffectFeature: notifySFCompatWindowStateChange entered false
07-29 14:45:59.230  3439  3697 D FSS_FoldScreenBlackCoverController: displayChangeToOn, dc:Display{#0 state=ON size=1080x2376 ROTATION_0}
07-29 14:45:59.230  2171  2405 D [PREVIEW]: SF obtain preview_adapter: 0
07-29 14:45:59.230  2171  2405 D [PREVIEW]: TabletPreviewAdapter::parallel world 0
07-29 14:45:59.230  4883  4883 I SystemUi--Statusbar: DisplayRepository-->combining enabled=[0], connectedExternalDisplayIds=[], ignored=[]
07-29 14:45:59.230  2156 10384 D DeviceHalAidl: 0xb400007595a7c800 DeviceHalAidl::setParameters
07-29 14:45:59.230  2156 10384 D DeviceHalAidl: setParameters: parameters: "screen_state=on"
07-29 14:45:59.231  1858  3338 D AHAL_Module: updateScreenState: usb: 1
07-29 14:45:59.231  2156 10384 D DeviceHalAidl: 0xb400007595a7ce00 DeviceHalAidl::setParameters
07-29 14:45:59.231  2156 10384 D DeviceHalAidl: setParameters: parameters: "screen_state=on"
07-29 14:45:59.231  1858  3338 D AHAL_Module: updateScreenState: r_submix: 1
07-29 14:45:59.231  2156 10384 D DeviceHalAidl: 0xb400007595a7d400 DeviceHalAidl::setParameters
07-29 14:45:59.231  2156 10384 D DeviceHalAidl: setParameters: parameters: "screen_state=on"
07-29 14:45:59.231  1858  1879 D AHAL_Module: updateScreenState: bluetooth: 1
07-29 14:45:59.231  2156 10384 D DeviceHalAidl: 0xb400007595a7da00 DeviceHalAidl::setParameters
07-29 14:45:59.231  2156 10384 D DeviceHalAidl: setParameters: parameters: "screen_state=on"
07-29 14:45:59.231  1858  1879 D AHAL_Module: updateScreenState: bluetooth: 1
07-29 14:45:59.231  2156 10384 D DeviceHalAidl: 0xb400007595a7e000 DeviceHalAidl::setParameters
07-29 14:45:59.231  2156 10384 D DeviceHalAidl: setParameters: parameters: "screen_state=on"
07-29 14:45:59.231  1858  1879 D AHAL_Module: updateScreenState: stub: 1
07-29 14:45:59.231  3439  3697 D DisplayManagerService: performTraversalInternal pendingTraversal
07-29 14:45:59.231  3439  3697 D DisplayDevice: setLayerStackLocked id=local:4630946756802996883 token=android.os.BinderProxy@d88dd5f stack=0->0
07-29 14:45:59.231  6537  6637 E oiface  : sched_setaffinity failed
07-29 14:45:59.232  2003  2064 I gameoptHal: targetfps updated 6 -- 60
07-29 14:45:59.274  3439  3794 D VRR [OPlusRefreshRateService]: handleConfigIdChange physicalDisplayId: 4630946756802996883 configId: 5 renderPeriod: 16666666
07-29 14:45:59.274  3439  3794 D VRR [OPlusSAManager]: updateModeChange old modeId [ 4 ] -> new modeId [ 5 ] mCurPolicy: 1
07-29 14:45:59.274  3439  3794 D VRR [OPlusSAManager]: updateSAScene active modeId: 5
07-29 14:45:59.274  3439  3794 D VRR [OPlusSAManager]: updateSAScene current policy: 1 active modeId: 5 scene: VRR_60
07-29 14:45:59.274  3439  3794 D VRR [OPlusOAManager]: Not OA business! new modeId: [5] active modeId: [4]
07-29 14:45:59.274  3439  3794 D VRR [OPlusGameStatusManager]: updateGameState mOSyncFeatureSwitch: false mIsGamePolicy: false
07-29 14:45:59.274  3439  3794 D VRR [OPlusGameStatusManager]: setLTMStatus false curPkgName: null curr status: false HeartStop: false HeartStopFromTGPA: false ActiveFPS: 60.000004
07-29 14:45:59.274  3439  3794 D VRR [OPlusGameStatusManager]: updateGameAccelerationStatus pkgName: null mOSyncFeatureSwitch: false mIsGamePolicy: false mHeartStop: false mHasFlickerRisk: false mForceAcceleration: false mToastReady: false enable: false
07-29 14:45:59.274  3439  3794 D VRR [OPlusGameStatusManager]: updateToastStatus enableAcceleration: false toastReady: false isGamePolicy: false desiredModeId: 5
07-29 14:45:59.274  3439  3794 D VRR [OPlusGameStatusManager]: updateToastStatus enableAcceleration: false toastReady: false isGamePolicy: false desiredModeId: 5
07-29 14:45:59.324  3439  3794 D VRR [OPlusSAManager]: setSAConfig scene: VRR_60 modeId: 5 auto: false fakeFrame: false
07-29 14:45:59.324  3439  3794 D VRR [OPlusSAManager]: updateAutoMinfps with nits: 121.54767, mHistOK true, mAmbientOK true, mCctOK true, mIrOK true, mBrightnessOK true, isPkgOK true, SA min fps: 119
07-29 14:45:59.324  3439  3794 D VRR [OPlusSurfaceFlingerController]: setAutoMode enable: false fakeFrame: false fps: 119
07-29 14:45:59.325  2171  2405 I VRR-[OPlusAdfrUtil]: ADFR try set Auto mode with mode 0 fakeframe 0 min fps 119
07-29 14:45:59.325  2171  2405 D VRR-[OPlusRefreshRateSelector]: OSyncModes add size is 1.
07-29 14:45:59.325  2171  2405 I VRR-[OPlusRefreshRateSelector]: updateAutoMode success, display 0, mode 0, fakeframe 0, min fps: 1
07-29 14:45:59.325  2171  3645 D VRR-[OPlusRefreshRateSelector]: handleSetHWCOSync
07-29 14:45:59.325  2171  3645 D VRR-[OPlusRefreshRateSelector]: OSyncModes remaining size is 0.
07-29 14:45:59.325  2171  3645 D VRR-[OPlusRefreshRateSelector]: SetHWCOSync with 5CC08081
07-29 14:45:59.325  1895  3639 I SDM     : DisplayBuiltIn::SetQSyncMode: VRR + update qsync mode 0 minfps 00C08081
07-29 14:45:59.329  1895  2200 I SDM     : DisplayBase::CommitThread: Received idle timeout, panel: cmd, timeout: 70000 us
07-29 14:45:59.339  3439  4649 V SettingsProvider: deleteSystemSetting(OPLUS_SLA_LAST_MCC, 0)
07-29 14:45:59.339  3439  4649 D SettingsProvider: delete system settings OPLUS_****_MCC pkg is  android user id is 0
07-29 14:45:59.340  3439  4649 W OplusSlaManager: updateMCC curMCC from macc_change!
07-29 14:45:59.342  1895  2200 E SDM     : DRMConnector::Perform: Connector 67: Setting Qsync min fps 12615809
07-29 14:45:59.344  3439  4649 W OplusSlaApps: sendWhiteListAppUid no enabled app found...
07-29 14:45:59.344  3439  4649 W OplusSlaApps: sendGameAppUid no game app found!!
07-29 14:45:59.350  5028  5802 E CellularEvent: nri null ps
07-29 14:45:59.350  5028  5802 E CellularEvent: invalid nri
07-29 14:45:59.350  6510  6629 E horae   : 0: back:33080,back_1:35417,back_2:34936,back_3:34060,frame:35553,frame_1:34449,front:36155,front_1:36531,front_2:34916, -2147483648 5, +(3215), 1 ,43418,33210,39316,43431,41430,42467,33216,39032,42454,40794,41521,33050,38748,41618,40228,40958,33073,38466,40914,39733, target_temp:36531, algo:0
07-29 14:45:59.357  4957  5793 D AutoDualCardRoamingDemand: judgeToShowDialog return for sim count != 2
07-29 14:45:59.386  3439  3439 D OplusWifiBroadCastDispatcher: mBroadcastReceiver: onReceiver  action=android.intent.action.BATTERY_LEVEL_CHANGED
07-29 14:45:59.386  3439  4613 D OplusWifiPowerService: onReceive action:android.intent.action.BATTERY_LEVEL_CHANGED
07-29 14:45:59.386  3439  4455 W OplusStorageManagerFeature: mScreenReceiver action:android.intent.action.BATTERY_LEVEL_CHANGED
07-29 14:45:59.387  3439  4455 I OplusStorageManagerFeature: TmemoryBetterySwitch: level=100 state=0
07-29 14:45:59.387  3439  4455 I OplusStorageManagerFeature: TmemoryBetterySwitch: action=0 state=2
07-29 14:45:59.387  3439  4455 W OplusStorageManagerFeature: Ready to deal actionParam:0
07-29 14:45:59.387  3439  3739 D ActivityManager: sync unfroze 10097 com.android.settings for 3
07-29 14:45:59.387  3439  3739 D ActivityManager: Async freezing 10097 com.android.settings
07-29 14:45:59.387  3439  3739 D ActivityManager: Cancel freezing 10097 com.android.settings
07-29 14:45:59.387  3439  3739 D ActivityManager: Async freezing 10097 com.android.settings
07-29 14:45:59.388  3439  3739 D ActivityManager: Cancel freezing 10097 com.android.settings
07-29 14:45:59.389 10097 10097 D BatteryUsageBroadcastReceiver: onReceive:android.intent.action.BATTERY_LEVEL_CHANGED
07-29 14:45:59.395 10097 10097 D BatteryUsageBroadcastReceiver: fetch data because of event: ACTION_BATTERY_LEVEL_CHANGED
07-29 14:45:59.397 10097 10097 D BatteryUsageBroadcastReceiver: cancel sendBroadcastToFetchUsageData when broadcastDelay is 2339987ms.
07-29 14:45:59.398  1977  1977 D SensorFeature: name=ssc_screenshot_info ,index = 22
07-29 14:45:59.398  1977  1977 D SensorFeature: write 29 bytes:59661803830,60013349090,164,0
07-29 14:45:59.398  3439  5382 D ActivityManager: Async freezing 10097 com.android.settings
07-29 14:45:59.405 10097 10113 W ndroid.settings: Cleared Reference was only reachable from finalizer (only reported once)
07-29 14:45:59.412 10097 10115 W ndroid.settings: ApkAssets: Deleting an ApkAssets object '<empty> and /data/app/~~ALqGkx9_7GHC-QHs99zc0Q==/com.tencent.mm-IpfhmTfq4rI6aiNOrlV51Q==/base.apk' with 1 weak references
07-29 14:45:59.413  1895  2200 I SDM     : DisplayBase::CommitThread: Received idle timeout, panel: cmd, timeout: 70000 us
07-29 14:45:59.413 10097 10115 W System  : A resource failed to call close. 
07-29 14:45:59.413 10097 10115 W System  : A resource failed to call close. 
07-29 14:45:59.413 10097 10115 W ndroid.settings: ApkAssets: Deleting an ApkAssets object '<empty> and /data/app/~~0fUhfIJJ3ko4vu2V91xhkw==/com.heytap.browser-oSlI-qlAlOSHoXTvzdevAg==/base.apk' with 1 weak references
07-29 14:45:59.446  5254  5727 I MMKV    : <MMKV_IO.cpp:456::writeActualSize> [mmkv.default] increase sequence to 8006, crc 563415901, actualSize 439
07-29 14:45:59.464  8135  9525 W metis_v2_KnowledgeManager: Fire: isEmergency is true  debugFireMode = false [7f0000011753814717785393207349|p_7349_4b59e10@1|p_8135_67cf7e4@11|com.oplus.metis] [base|com.oplus.metis|1.5.5-f48228a]
07-29 14:45:59.465  8135  9525 W metis_v2_OifaceBindUtils: bindTask [7f0000011753814717785393207349|p_7349_4b59e10@1|p_8135_67cf7e4@11|com.oplus.metis]
07-29 14:45:59.465  8135  9525 W metis_v2_OifaceBindUtils: call connectOifaceService [7f0000011753814717785393207349|p_7349_4b59e10@1|p_8135_67cf7e4@11|com.oplus.metis]
07-29 14:45:59.465  6537  6637 E oiface  : sched_setaffinity failed
07-29 14:45:59.465  8135  9525 I metis_v2_KnowledgeManager: panta-sugg-Fire: count=1 [7f0000011753814717785393207349|p_7349_4b59e10@1|p_8135_67cf7e4@11|com.oplus.metis]
07-29 14:45:59.466  6537  6604 E oiface  : directSetTask: get cpuset path failed
07-29 14:45:59.468  8135  9525 I System.out: 'park_precondition_home_02' 
07-29 14:45:59.468  8135  9525 I System.out: 'park_precondition_company_02' 
07-29 14:45:59.468  8135  9525 I System.out: 'UBIQUITOUS_SERVICE#assistant_screen#NOT_AT_HOME_301' 
07-29 14:45:59.468  8135  9525 I System.out: 'UBIQUITOUS_SERVICE#assistant_screen#NOT_AT_OFFICE_401' 
07-29 14:45:59.468  8135  9525 I System.out: 'policy:NEAR_SUBWAY_BUS_STATION_2x4' 
07-29 14:45:59.471  8135  9525 W metis_v2_TimeDurationCompare: [com.oplus.metis#UBIQUITOUS_SERVICE#scene#tips#TipScene_EXIT] 'timestamp' is not literal. [7f0000011753814717785393207349|p_7349_4b59e10@1|p_8135_67cf7e4@11|com.oplus.metis]
07-29 14:45:59.471  8135  9525 D SceneIntentPublisher: headAction: pkg is com.oplus.metis and simpleRuleName is UBIQUITOUS_SERVICE#secne#activity_coloros_reminder_tips
07-29 14:45:59.480  8135  9525 D SceneIntentPublisher: headAction: pkg is com.oplus.metis and simpleRuleName is UBIQUITOUS_SERVICE#secne#activity_coloros_reminder_tips
07-29 14:45:59.486  8135  9525 I System.out: 'UBIQUITOUS_SERVICE#assistant_screen#NOT_AT_HOME_301' 
07-29 14:45:59.487  8135  9525 I System.out: 'tempPropertyForGuideStatus' 
