07-28 02:58:10.524  5066  5978 D NAS-CallIssueDetector: onPollCsPsRegStateChanged slotid = 0
07-28 02:58:10.524  5066  5980 W BluetoothAdapterExtImpl: getBluetoothConnectionCount：mOplusBluetooth null!
07-28 02:58:10.524  5066  5978 D NAS-CallIssueDetector: notifyRealOosChanged
07-28 02:58:10.524  5066  5978 D OplusCiwlanController: [vodata] getSubId subid =  1
07-28 02:58:10.525  5066  5980 D TelephonyImpl: isRequestingMms
07-28 02:58:10.525  5066  5980 D TelephonyImpl: getReleaseMmsNetworkTime
07-28 02:58:10.525  3341  3341 D OplusWifiBroadCastDispatcher: mBroadcastReceiver: onReceiver  action=oplus.intent.action.MCC_CHANGE
07-28 02:58:10.525  5066  5978 D OplusCiwlanController: [vodata] processOosChanged  phoneid = 0,cur regstate = 1,old regstate = -1
07-28 02:58:10.525  5066  5978 D OplusCiwlanController: [vodata] getSubId subid =  -1
07-28 02:58:10.525  5066  5978 D OplusCiwlanController: [vodata] processOosChanged  phoneid = 1,cur regstate = 1,old regstate = -1
07-28 02:58:10.525  3341  5855 W BestClock: java.time.DateTimeException: Missing network time fix
07-28 02:58:10.525  5066  5980 D OplusDdsSwitchStrategy: Md,OplusCheckFeature,RETURN_TO_CUR_ACTION_DDS
07-28 02:58:10.526  4699  4760 D CNGmsControlService: receive:oplus.intent.action.MCC_CHANGE
07-28 02:58:10.526  4923  5821 V OplusCustomizeCacheManager: queryCache name: sys.cache.common_customize_cache18014 param: null
07-28 02:58:10.526  4923  5821 V OplusCustomizeCacheManager: queryCache name: sys.cache.common_customize_cache18017 param: Bundle[{SETTING=BLOCK, BUSINESS=NCT-DATA}]
07-28 02:58:10.526  4923  5821 V OplusCustomizeCacheManager: queryCache name: sys.cache.common_customize_cache18013 param: null
07-28 02:58:10.526  7414  7414 I 7414PAS.MccChangeReceiver_Travel: onReceive
07-28 02:58:10.527  4699  4760 D CNGmsControlService: mcc1=001 mcc2=null GmsState=2 TagWhitelistApp=true UserDisableCount=0 SettingsGmsState=1
07-28 02:58:10.530  7414  8624 D NetWorkMonitor: addNetStateListener :true
07-28 02:58:10.530  4923  5156 I SystemUi--QuickSettings: Tile.OplusCellularTile-->updateCarrierText: dialog not showing, ignore
07-28 02:58:10.530  3341  5400 D ConnectivityService: requestNetwork for uid/pid:10137/7414 activeRequest: null callbackRequest: 278 [NetworkRequest [ REQUEST id=279, [ Capabilities: INTERNET&NOT_RESTRICTED&TRUSTED&NOT_VCN_MANAGED&NOT_BANDWIDTH_CONSTRAINED Uid: 10137 RequestorUid: 10137 RequestorPkg: com.coloros.sceneservice UnderlyingNetworks: Null] ]] callback flags: 0 order: 2147483647 isUidTracked: false
07-28 02:58:10.531  4923  5156 D SimStateHelper: slot:0, lock state:Bundle[mParcelledData.dataSize=56]
07-28 02:58:10.531  7414  8624 D NetWorkMonitor: resume registerNetworkCallback
07-28 02:58:10.531  4923  5156 D SimStateHelper: slot:1, lock state:Bundle[mParcelledData.dataSize=56]
07-28 02:58:10.531  4923  5156 D SimStateHelper: needDisableMenu: slot1State=-1; slot2State=-1
07-28 02:58:10.531  4923  5156 D SimStateHelper: needDisableMenu:false
07-28 02:58:10.531  3341  4508 D WifiNetworkFactory: got request NetworkRequest [ REQUEST id=279, [ Capabilities: INTERNET&NOT_RESTRICTED&TRUSTED&NOT_VCN_MANAGED&NOT_BANDWIDTH_CONSTRAINED Uid: 10137 RequestorUid: 10137 RequestorPkg: com.coloros.sceneservice UnderlyingNetworks: Null] ]
07-28 02:58:10.531  3341  4508 D UntrustedWifiNetworkFactory: got request NetworkRequest [ REQUEST id=279, [ Capabilities: INTERNET&NOT_RESTRICTED&TRUSTED&NOT_VCN_MANAGED&NOT_BANDWIDTH_CONSTRAINED Uid: 10137 RequestorUid: 10137 RequestorPkg: com.coloros.sceneservice UnderlyingNetworks: Null] ]
07-28 02:58:10.531  4969  6265 D OplusNetworkFactory: got request NetworkRequest [ REQUEST id=279, [ Capabilities: INTERNET&NOT_RESTRICTED&TRUSTED&NOT_VCN_MANAGED&NOT_BANDWIDTH_CONSTRAINED Uid: 10137 RequestorUid: 10137 RequestorPkg: com.coloros.sceneservice UnderlyingNetworks: Null] ]
07-28 02:58:10.531  3341  4508 D OemPaidWifiNetworkFactory: got request NetworkRequest [ REQUEST id=279, [ Capabilities: INTERNET&NOT_RESTRICTED&TRUSTED&NOT_VCN_MANAGED&NOT_BANDWIDTH_CONSTRAINED Uid: 10137 RequestorUid: 10137 RequestorPkg: com.coloros.sceneservice UnderlyingNetworks: Null] ]
07-28 02:58:10.531  3341  4508 D MultiInternetWifiNetworkFactory: got request NetworkRequest [ REQUEST id=279, [ Capabilities: INTERNET&NOT_RESTRICTED&TRUSTED&NOT_VCN_MANAGED&NOT_BANDWIDTH_CONSTRAINED Uid: 10137 RequestorUid: 10137 RequestorPkg: com.coloros.sceneservice UnderlyingNetworks: Null] ]
07-28 02:58:10.531  3341  4520 D ConnectivityService: NetReassign [no changes] [c 0] [a 0] [i 0]
07-28 02:58:10.532  5066  5128 W Binder  : Caught a RuntimeException from the binder stub implementation.
07-28 02:58:10.532  5066  5128 W Binder  : java.lang.NullPointerException: Attempt to invoke virtual method 'boolean android.net.Uri.equals(java.lang.Object)' on a null object reference
07-28 02:58:10.532  5066  5128 W Binder  : 	at xb.a$b.onChange(Unknown Source:16)
07-28 02:58:10.532  5066  5128 W Binder  : 	at android.database.ContentObserver.onChange(ContentObserver.java:184)
07-28 02:58:10.532  5066  5128 W Binder  : 	at android.database.ContentObserver.onChange(ContentObserver.java:202)
07-28 02:58:10.532  5066  5128 W Binder  : 	at android.database.ContentObserver.onChange(ContentObserver.java:224)
07-28 02:58:10.532  5066  5128 W Binder  : 	at android.database.ContentObserver.onChange(ContentObserver.java:236)
07-28 02:58:10.532  5066  5128 W Binder  : 	at android.database.ContentObserver.dispatchChange(ContentObserver.java:335)
07-28 02:58:10.532  5066  5128 W Binder  : 	at android.database.ContentObserver$Transport.onChangeEtc(ContentObserver.java:357)
07-28 02:58:10.532  5066  5128 W Binder  : 	at android.database.IContentObserver$Stub.onTransact(IContentObserver.java:120)
07-28 02:58:10.532  5066  5128 W Binder  : 	at android.os.Binder.execTransactInternal(Binder.java:1523)
07-28 02:58:10.532  5066  5128 W Binder  : 	at android.os.Binder.execTransact(Binder.java:1457)
07-28 02:58:10.534  3341  5400 W BestClock: java.time.DateTimeException: Missing network time fix
07-28 02:58:10.535  4969  4969 D ServiceStateProvider: subId=1
07-28 02:58:10.535  1738  1738 D Zygote  : Forked child process 13015
07-28 02:58:10.536  3341  3673 I ActivityManager: Start proc 13015:com.oplus.wirelesssettings:tzupdate/1000 for broadcast {com.oplus.wirelesssettings/com.oplus.tzupdate.timezone.MccChangeReceiver}
07-28 02:58:10.536  3341  5405 W BestClock: java.time.DateTimeException: Missing network time fix
07-28 02:58:10.536  4923  5821 V OplusCustomizeCacheManager: queryCache name: sys.cache.common_customize_cache18014 param: null
07-28 02:58:10.536  4923  5821 V OplusCustomizeCacheManager: queryCache name: sys.cache.common_customize_cache18017 param: Bundle[{SETTING=BLOCK, BUSINESS=NCT-DATA}]
07-28 02:58:10.536  4923  5821 V OplusCustomizeCacheManager: queryCache name: sys.cache.common_customize_cache18013 param: null
07-28 02:58:10.537  3341  4220 I MemoryOperationUtils: add 13015 to inactive
07-28 02:58:10.538  5161  5161 I QImsService: OplusPhoneStateTracker : onServiceStateChanged
07-28 02:58:10.538  5161  5161 I QImsService: OplusPhoneStateTracker : onServiceStateChanged
07-28 02:58:10.538  5230  5230 D SubsysEventListenerManager-SubsysTelephonyCallback[0]: onServiceStateChanged
07-28 02:58:10.538  5230  6032 D cellularState[0]: handleMessage: E msg.what=4
07-28 02:58:10.538  5230  6032 D cellularState[0]: processMsg: DataCallingState
07-28 02:58:10.538  5230  6032 D cellularState[0]: processMsg: NetworkAttachedState
07-28 02:58:10.538  5230  6032 D cellularState[0]: processMsg: SimReadyState
07-28 02:58:10.538  5230  6032 D cellularState[0]: processMsg: DefaultState
07-28 02:58:10.538  5230  6032 E cellularState[0]:  - unhandledMessage: msg.what=4
07-28 02:58:10.538  5230  6032 D cellularState[0]: handleMessage: X
07-28 02:58:10.538  5230  5230 D ChinaRoamingControl: registTelephonyEvent onServiceStateChanged eventId:5, VoiceRegState:1, DataRegState:1
07-28 02:58:10.539  5066  5959 D T-Recommend: onPreHandleMessage 1000
07-28 02:58:10.539  5066  5959 E CellularEvent: nri null ps
07-28 02:58:10.539  5066  5959 E CellularEvent: invalid nri
07-28 02:58:10.539  5066  5959 D T-Recommend: onPostHandleMessage 1000
07-28 02:58:10.539  3341  5400 W ContextImpl: Calling a method in the system process without a qualified user: android.app.ContextImpl.sendBroadcastMultiplePermissions:1311 android.content.Context.sendBroadcastMultiplePermissions:2524 com.android.server.TelephonyRegistry.broadcastServiceStateChanged:3740 com.android.server.TelephonyRegistry.notifyServiceStateForPhoneId:1787 com.android.internal.telephony.ITelephonyRegistry$Stub.onTransact:546 
07-28 02:58:10.539  5066  5976 D OplusLinkBoostCommon: dds servicestate change
07-28 02:58:10.539  5230  5230 D QuickChangeAirplaneModeEvent: onServiceStateChanged slotId:0
07-28 02:58:10.540  4923  5345 I SystemUi--Statusbar: MobileConnectionRepositoryImpl-->subId:1 isSoftSimCard:false slotId:0
07-28 02:58:10.540  6528  6705 I midasd  : OplusObrainService::notifyEventInt eventId:38 iParam:20
07-28 02:58:10.540  3341  5400 W ContextImpl: Calling a method in the system process without a qualified user: android.app.ContextImpl.sendBroadcastMultiplePermissions:1344 com.android.server.TelephonyRegistry.broadcastServiceStateChanged:3745 com.android.server.TelephonyRegistry.notifyServiceStateForPhoneId:1787 com.android.internal.telephony.ITelephonyRegistry$Stub.onTransact:546 android.os.Binder.execTransactInternal:1523 
07-28 02:58:10.540  5230  5230 D QuickChangeAirplaneModeEvent: isBothCardInService is false
07-28 02:58:10.540  5230  5230 D MsimSubModeManager: registTelephonyEvent onServiceStateChanged eventId:3, VoiceRegState:1, DataRegState:1
07-28 02:58:10.540  5230  5230 E ExtremeCommUtils: getSwitchRusSupportMcc invalid index 1
07-28 02:58:10.540  5230  5230 D ExtremeCommUtils: isSupporCheck rusContain:false,propContain(persist.sys.oplus.support_hyper_uplink_mcc):false
07-28 02:58:10.540  5230  5230 D ExtremeCommService: handleServiceStateChanged mcc is null
07-28 02:58:10.540  5230  5230 D ChinaRoamingControl: handleMessage what:5
07-28 02:58:10.540  5230  5230 D SubsysEventListenerManager-SubsysTelephonyCallback[0]: onCellLocationChanged
07-28 02:58:10.540  5230  5230 D MsimSubModeManager: handleMessage what:3
07-28 02:58:10.540  5230  5230 D MsimSubModeManager: getMsimSimServiceIn() i:0,mServiceState:1
07-28 02:58:10.540  5230  5230 D MsimSubModeManager: getMsimSimServiceIn() i:1,mServiceState:1
07-28 02:58:10.541  5066  5978 D NAS-CallIssueDetector: onServiceStateChanged
07-28 02:58:10.541  9050  9101 I OplusObrain: OplusObrainClientInvoke.nativeGetTelephonyInfo
07-28 02:58:10.541  5066  5978 D OplusCiwlanController: [vodata] processServiceStateChanged  phoneid = 0, original roaming type = 0,roaming type = 0
07-28 02:58:10.541  5066  5978 D OplusCiwlanController: [vodata] processServiceStateChanged  phoneid = 1, original roaming type = 0,roaming type = 0
07-28 02:58:10.541  3341  5400 W ContextImpl: Calling a method in the system process without a qualified user: android.app.ContextImpl.sendBroadcastMultiplePermissions:1344 com.android.server.TelephonyRegistry.broadcastServiceStateChanged:3754 com.android.server.TelephonyRegistry.notifyServiceStateForPhoneId:1787 com.android.internal.telephony.ITelephonyRegistry$Stub.onTransact:546 android.os.Binder.execTransactInternal:1523 
07-28 02:58:10.541  5230  5230 D SubsysEventListenerManager-SubsysTelephonyCallback[0]: onDisplayInfoChanged
07-28 02:58:10.541  5230  5230 D SceneService: onDisplayInfoChanged slotId:0,telephonyDisplayInfo:TelephonyDisplayInfo {network=NR, overrideNetwork=NONE, isRoaming=false}
07-28 02:58:10.541  3341  5400 W ContextImpl: Calling a method in the system process without a qualified user: android.app.ContextImpl.sendBroadcastMultiplePermissions:1344 com.android.server.TelephonyRegistry.broadcastServiceStateChanged:3760 com.android.server.TelephonyRegistry.notifyServiceStateForPhoneId:1787 com.android.internal.telephony.ITelephonyRegistry$Stub.onTransact:546 android.os.Binder.execTransactInternal:1523 
07-28 02:58:10.542  5066  6028 D OplusSubWaySlowRecovery: getPreferSubId return 1
07-28 02:58:10.543  4923  4923 I SystemUi--Statusbar: OplusMobileIconInteractorImpl-->oplusIMSModel slot:0: CapabilityTypeModel(isVolteSwitchOn=true, isWfcEnabledByUser=true, imsRegistered=false, voiceCapable=false, videoCapable=false, registerTech=-1, isCrossSimCallingEnabledByUser=false, hasHideVolteOperator=false), SimStateModel(simInserted=[true, false], simForbidden=[false, true], simStateIMSI=[true, false], simLoaded=[true, false]),oplusNetworkTypeNr:20,isVoNrEnabled:false
07-28 02:58:10.543  5066  6028 D SaDataFailRecovery/0: current is not in service,reset alarm
07-28 02:58:10.543  5066  6028 D OplusScanQrCodeRecoveryImpl: msg.what=3
07-28 02:58:10.543  4923  5345 I SystemUi--Statusbar: MobileConnectionRepositoryImpl-->subId:1 isSoftSimCard:false slotId:0
07-28 02:58:10.543  5915  5915 D CellBroadcastReceiver: onReceive Intent { act=android.intent.action.SERVICE_STATE flg=0x1000010 cmp=com.android.cellbroadcastreceiver.module/com.android.cellbroadcastreceiver.CellBroadcastReceiver (has extras) }
07-28 02:58:10.543  4969  6226 E PhoneInterfaceManager: getServiceStateForSlot retuning null for invalid slotIndex=-1
07-28 02:58:10.543  5915  5915 D CellBroadcastReceiver: onServiceStateChanged, ss: 1
07-28 02:58:10.543  5915  5915 D CellBroadcastReceiver: networkOperator: 
07-28 02:58:10.544  4969  4969 D MultiSimSettingController: notifySubscriptionInfoChanged
07-28 02:58:10.545  3341  3341 I AS.AudioService: onSubscriptionsChanged()
07-28 02:58:10.545  4923  5345 I SystemUi--Statusbar: MobileInputLog-->onSubscriptionsChanged
07-28 02:58:10.546  5066  5959 D CellularEvent: handleSubscriptionsChanged: slotId=0
07-28 02:58:10.546  5066  5959 D CellularEvent: onImsRegistrationStateChanged, slotId=0state:false
07-28 02:58:10.546  5161  5161 I QImsService: OplusPhoneStateTracker : onSubscriptionsChanged Last subId: 1 Current subId 1
07-28 02:58:10.546  5161  5161 I QImsService: OplusPhoneStateTracker : onSubscriptionsChanged Last subId: -1 Current subId -1
07-28 02:58:10.547  4923  4923 I KeyguardUpdateMonitor: action=android.intent.action.SERVICE_STATE subId=1 slotId=0
07-28 02:58:10.547  3341  4506 V NetworkPolicy: onSubscriptionsChanged
07-28 02:58:10.547  9050  9101 I OplusObrain: OplusObrainClientInvoke.nativeGetTrafficTypeInfoForNetworkType networkType 0
07-28 02:58:10.547  5161  5161 E QImsService: ImsConfigImpl : onSubscriptionsChanged unable to process due to SubscriptionInfo is null
07-28 02:58:10.547  3341  5838 D KernelStatsHelper: getKernelStats start!
07-28 02:58:10.548  3341  4604 D OplusNetlinkSocket: handleNetlinkRecvKernelMessage:nlmsghdr:StructNlMsgHdr{ nlmsg_len{40}, nlmsg_type{59()}, nlmsg_flags{0()}, nlmsg_seq{0}, nlmsg_pid{218960380} }
07-28 02:58:10.548  3341  4604 D KernelStatsHelper: get magic :[-1, -1, -1, 77, 65, 71, 73, 67]
07-28 02:58:10.548  3341  4604 D KernelStatsHelper: magic matched count:0 data_len:0
07-28 02:58:10.548  3341  4604 D KernelStatsHelper: data over! check: true
07-28 02:58:10.548  4923  4923 I SystemUi--Statusbar: OplusMobileIconInteractorImpl-->oplusIMSModel slot:0: CapabilityTypeModel(isVolteSwitchOn=true, isWfcEnabledByUser=true, imsRegistered=false, voiceCapable=false, videoCapable=false, registerTech=-1, isCrossSimCallingEnabledByUser=false, hasHideVolteOperator=false), SimStateModel(simInserted=[true, false], simForbidden=[false, true], simStateIMSI=[true, false], simLoaded=[true, false]),oplusNetworkTypeNr:20,isVoNrEnabled:false
07-28 02:58:10.548  4923  5345 I SystemUi--Statusbar: MobileConnectionRepositoryImpl-->subId:1 isSoftSimCard:false slotId:0
07-28 02:58:10.548  5203  5203 D QCNEJ/WwanInfoRelay: onSubscriptionsChanged currDDSId: 1 new DDS 1
07-28 02:58:10.549  7630  8674 E Battery : ControllerCenter: onReceiver: mSubscriptionManager is null || mIsNeedRestoreMobile = false
07-28 02:58:10.549  5066  5635 D NAS-CellularEvent: handleSubscriptionsChanged: slotId=0
07-28 02:58:10.549  5066  5635 D NAS-CellularEvent: onImsRegistrationStateChanged, slotId=0state:false
07-28 02:58:10.549  3341  5855 W BestClock: java.time.DateTimeException: Missing network time fix
07-28 02:58:10.549  4923  6023 I SystemUi--Statusbar: OplusMobileConnectionRepository1-->stopListenImsStatusChanged
07-28 02:58:10.549  5203  5203 D QCNEJ/DataCallAgent: onSubscriptionsChanged: new DDS 1
07-28 02:58:10.550  4969  4969 I Telephony: y0: onServiceStateChanged: newState=1, mServiceState=1
07-28 02:58:10.550  5203  8044 D QCNEJ/DataCallAgent: phoneCount: 2
07-28 02:58:10.550  5203  8044 D QCNEJ/DataCallAgent: subs for 0th slot: [1]
07-28 02:58:10.550  5203  8044 D QCNEJ/DataCallAgent: mSubInfoReady[0] is set to true
07-28 02:58:10.550  5203  8044 D QCNEJ/DataCallAgent: subs for 1th slot: [-1]
07-28 02:58:10.550  6474  8999 D OplusAtlasAudioDetectionManager: MSG_CALL_STATE_CHANGED
07-28 02:58:10.550  6474  8999 D OplusAtlasAudioDetectionManager: callStateChanged state: 0, len: 0
07-28 02:58:10.550  3341  5855 W BestClock: java.time.DateTimeException: Missing network time fix
07-28 02:58:10.550  4969  4969 I Telephony: isRttCurrentlySupported -- regular acct, hasVoiceAvailability: false
07-28 02:58:10.550  4969  4969 I Telephony:  isRttSupported: false
07-28 02:58:10.550  4969  4969 I Telephony:  isUserRttSettingOn: false
07-28 02:58:10.550  4969  4969 I Telephony:  alwaysAllowWhileRoaming: false
07-28 02:58:10.550  4969  4969 I Telephony:  isRoaming: false
07-28 02:58:10.550  4969  4969 I Telephony:  isOnWfc: false
07-28 02:58:10.550  7075  7651 D OsAgentAidlClient: [string_dataitem_update][1584] [HC] =>> [HS]
07-28 02:58:10.551  4923  5821 V OplusCustomizeCacheManager: queryCache name: sys.cache.common_customize_cache18014 param: null
07-28 02:58:10.551  4923  5821 V OplusCustomizeCacheManager: queryCache name: sys.cache.common_customize_cache18017 param: Bundle[{SETTING=BLOCK, BUSINESS=NCT-DATA}]
07-28 02:58:10.551  4923  5821 V OplusCustomizeCacheManager: queryCache name: sys.cache.common_customize_cache18013 param: null
07-28 02:58:10.551  3341  4506 D NetworkPolicy: Normalization put networkpolicyNetworkTemplate: matchRule=CARRIER, matchSubscriberIds=[001011...], matchWifiNetworkKeys=[], metered=YES
07-28 02:58:10.551  3341  4506 D NetworkPolicy: Normalization put networkpolicyNetworkTemplate: matchRule=CARRIER, matchSubscriberIds=[310260...], matchWifiNetworkKeys=[], metered=YES
07-28 02:58:10.551  3341  4506 D NetworkPolicy: Normalization put networkpolicyNetworkTemplate: matchRule=CARRIER, matchSubscriberIds=[001010...], matchWifiNetworkKeys=[], metered=YES
07-28 02:58:10.551  3341  4506 D NetworkPolicy: Normalization put networkpolicyNetworkTemplate: matchRule=CARRIER, matchSubscriberIds=[001010...], matchWifiNetworkKeys=[], metered=YES
07-28 02:58:10.551  3341  4506 D NetworkPolicy: Normalization put networkpolicyNetworkTemplate: matchRule=CARRIER, matchSubscriberIds=[001012...], matchWifiNetworkKeys=[], metered=YES
07-28 02:58:10.551  3341  4506 V NetworkPolicy: updateNetworkEnabledNL() return
07-28 02:58:10.551  4923  6023 I SystemUi--Statusbar: OplusMobileConnectionRepository1-->phoneId: 0, conflatedCallbackFlow init
07-28 02:58:10.551  4923  6023 I SystemUi--Statusbar: OplusMobileConnectionRepository1-->startListenImsStatusChanged
07-28 02:58:10.551  3341  4506 V NetworkPolicy: updateNotificationsNL not process
07-28 02:58:10.551  3341  4506 W BestClock: java.time.DateTimeException: Missing network time fix
07-28 02:58:10.553 13015 13015 I ttings:tzupdate: isSwordfishLaunchAppEnabled_ 1 isSwordfishInstallAppEnabled_ 1
07-28 02:58:10.553 13015 13015 E ttings:tzupdate: Unknown bits set in runtime_flags: 0x40000000
07-28 02:58:10.553 13015 13015 I ttings:tzupdate: Using CollectorTypeCMC GC.
07-28 02:58:10.554  4923  4923 I KeyguardUpdateMonitor: refreshSimState, changed:false,subId:1,slotId:0,state:5
07-28 02:58:10.554  4923  5156 I SystemUi--QuickSettings: Tile.OplusCellularTile-->updateCarrierText: dialog not showing, ignore
07-28 02:58:10.554  5066  5976 W BestClock: java.time.DateTimeException: Missing network time fix
07-28 02:58:10.554  5066  5976 V MonthTrafficAlert: getWarningNotification subId:1 numWarningNotificaion:0
07-28 02:58:10.555  4969  4969 V OplusCustomizeCacheManager: queryCache name: sys.cache.common_customize_cache18016 param: null
07-28 02:58:10.555  4969  4969 V OplusCustomizeCacheManager: queryCache name: sys.cache.common_customize_cache18013 param: null
07-28 02:58:10.555  4969  4969 V OplusCustomizeCacheManager: queryCache name: sys.cache.common_customize_cache18014 param: null
07-28 02:58:10.555  4923  6023 I SystemUi--Statusbar: OplusMobileConnectionRepository1-->onImsStatusChanged model: CapabilityTypeModel(isVolteSwitchOn=true, isWfcEnabledByUser=true, imsRegistered=false, voiceCapable=false, videoCapable=false, registerTech=-1, isCrossSimCallingEnabledByUser=false, hasHideVolteOperator=false)
07-28 02:58:10.555 13015 13015 E ttings:tzupdate: Not starting debugger since process cannot load the jdwp agent.
07-28 02:58:10.555  4969  4969 V OplusCustomizeCacheManager: queryCache name: sys.cache.common_customize_cache18017 param: Bundle[{SETTING=BLOCK, BUSINESS=NCT-DATA}]
07-28 02:58:10.555  4923  5156 D SimStateHelper: slot:0, lock state:Bundle[mParcelledData.dataSize=56]
07-28 02:58:10.555  3341  5838 W BestClock: java.time.DateTimeException: Missing network time fix
07-28 02:58:10.555  4923  5156 D SimStateHelper: slot:1, lock state:Bundle[mParcelledData.dataSize=56]
07-28 02:58:10.555  4923  5156 D SimStateHelper: needDisableMenu: slot1State=-1; slot2State=-1
07-28 02:58:10.555  4923  5156 D SimStateHelper: needDisableMenu:false
07-28 02:58:10.555  4923  5156 I SystemUi--QuickSettings: Tile.OplusCellularTile-->updateCarrierText: dialog not showing, ignore
07-28 02:58:10.555  4923  5156 D SimStateHelper: slot:0, lock state:Bundle[mParcelledData.dataSize=56]
07-28 02:58:10.555  4923  5156 D SimStateHelper: slot:1, lock state:Bundle[mParcelledData.dataSize=56]
07-28 02:58:10.555  4923  5156 D SimStateHelper: needDisableMenu: slot1State=-1; slot2State=-1
07-28 02:58:10.555  4923  5156 D SimStateHelper: needDisableMenu:false
07-28 02:58:10.556  4969  4969 V OplusCustomizeCacheManager: queryCache name: sys.cache.common_customize_cache18016 param: null
07-28 02:58:10.556  4969  4969 V OplusCustomizeCacheManager: queryCache name: sys.cache.common_customize_cache18013 param: null
07-28 02:58:10.556  4969  4969 V OplusCustomizeCacheManager: queryCache name: sys.cache.common_customize_cache18014 param: null
07-28 02:58:10.556  4969  4969 V OplusCustomizeCacheManager: queryCache name: sys.cache.common_customize_cache18017 param: Bundle[{SETTING=BLOCK, BUSINESS=NCT-DATA}]
07-28 02:58:10.556  3341  5838 W BestClock: java.time.DateTimeException: Missing network time fix
07-28 02:58:10.556  4969  4969 D MultiSimSettingController: onSubscriptionsChanged
07-28 02:58:10.556  4969  4969 D MultiSimSettingController: isReadyToReevaluate: subInfoInitialized=true, carrierConfigsLoaded=true, satelliteEnabledOrBeingEnabled=false
07-28 02:58:10.556  4969  4969 D MultiSimSettingController: updateDefaults
07-28 02:58:10.556  4969  4969 D MultiSimSettingController: isReadyToReevaluate: subInfoInitialized=true, carrierConfigsLoaded=true, satelliteEnabledOrBeingEnabled=false
07-28 02:58:10.556  4969  4969 D MultiSimSettingController: updateDefaultValues: change: 0
07-28 02:58:10.556  4969  4969 D MultiSimSettingController: disableDataForNonDefaultNonOpportunisticSubscriptions triggered, return directly
07-28 02:58:10.557  4969  4969 D CallNotifier: updatePhoneStateListeners: update CF notifications.
07-28 02:58:10.557  4923  5821 V OplusCustomizeCacheManager: queryCache name: sys.cache.common_customize_cache18014 param: null
07-28 02:58:10.557  4969  4969 D ImsResolver: oldSubId: 1, newSubId: 1
07-28 02:58:10.557  4969  4969 D ImsResolver: oldSubId: -1, newSubId: -1
07-28 02:58:10.557  4923  5821 V OplusCustomizeCacheManager: queryCache name: sys.cache.common_customize_cache18017 param: Bundle[{SETTING=BLOCK, BUSINESS=NCT-DATA}]
07-28 02:58:10.557  4923  5821 V OplusCustomizeCacheManager: queryCache name: sys.cache.common_customize_cache18013 param: null
07-28 02:58:10.557 13015 13015 D nativeloader: Load libframework-connectivity-tiramisu-jni.so using APEX ns com_android_tethering for caller /apex/com.android.tethering/javalib/framework-connectivity-t.jar: ok
07-28 02:58:10.557  4969  4969 I Telephony: TelecomAccountRegistry: onSubscriptionsChanged - reregister accounts
07-28 02:58:10.557  4969  4969 D PhoneUtils: PhoneAccountHandle subId=1, slotId=0
07-28 02:58:10.557  4969  4969 D Telephony: registerPstnPhoneAccount line1Number =  subNumber = 
07-28 02:58:10.557  4969  4969 D Telephony: color is transparent asign default instead -15502541
07-28 02:58:10.558  4969  4969 D Telephony: isEmergencyPreferredAccount: subId=1, activeData=1
07-28 02:58:10.558  4969  4969 D Telephony: isEmergencyPreferredAccount: Device does not require preference.
07-28 02:58:10.558  4969  4969 I Telephony: isRttCurrentlySupported -- regular acct, hasVoiceAvailability: false
07-28 02:58:10.558  4969  4969 I Telephony:  isRttSupported: false
07-28 02:58:10.558  4969  4969 I Telephony:  isUserRttSettingOn: false
07-28 02:58:10.558  4969  4969 I Telephony:  alwaysAllowWhileRoaming: false
07-28 02:58:10.558  4969  4969 I Telephony:  isRoaming: false
07-28 02:58:10.558  4969  4969 I Telephony:  isOnWfc: false
07-28 02:58:10.558  4969  4969 D Telephony: x0: buildPstnPhoneAccount, phoneId: 0, mIsVideoCapable: false, 
07-28 02:58:10.558  4969  4969 D OplusSesImsManagerExt: feature:0, phoneId:0
07-28 02:58:10.558  4969  4969 D OplusSesImsManagerExt: getSubIdUsingPhoneId:1, phoneId:0
07-28 02:58:10.558  4969  4969 D OplusSesImsManagerExt: isEntitlementEnabled:false
07-28 02:58:10.558 13015 13015 W libc    : Access denied finding property "persist.vendor.sys.activitylog"
07-28 02:58:10.558 13015 13015 I OneTrace: Mark active for pid=13015? true
07-28 02:58:10.558  4969  4969 D OplusSesImsManagerExt: isFeatureProvisionedOnDevice not enabled
07-28 02:58:10.558 13015 13015 D cutils-dev: otrace_set_tracing_enabled? true tag:0
07-28 02:58:10.558  4969  4969 D Telephony: registerPstnPhoneAccount mIsVideoCapable = false
07-28 02:58:10.558 13015 13015 D cutils-dev: properties changed in otrace_seq_number_changed!
07-28 02:58:10.558  4969  4969 W libc    : Access denied finding property "persist.vendor.mtk_uce_support"
07-28 02:58:10.558  4969  4969 I Telephony: isCarrierVideoPresenceSupported, false, false, false, false
07-28 02:58:10.559  4969  4969 I Telephony: reRegisterPstnPhoneAccount: subId: 1 - no change
07-28 02:58:10.559  4969  4969 D InternationalRoamingNotification: init
07-28 02:58:10.559  3341  5838 D ActivityTaskManagerServiceExtImpl: preBindApplication record is null
07-28 02:58:10.559  3341  5838 D RGBNormalizeServer: OplusRGBNormalize feature enabled ? true
07-28 02:58:10.559  3341  5838 D ResourcesManagerCache: For package com.oplus.wirelesssettings we got cacheList [null] appInfoExt is null ? false hasFeature ? false
07-28 02:58:10.559  3341  5838 D VRR [OPlusExternalRefreshRateManager]: isPkgTfcEnable: pkgName = com.oplus.wirelesssettings, enable = false
07-28 02:58:10.559  3341  5838 D VRR [OPlusExternalRefreshRateManager]: getTfcMinFramerate: pkgName = com.oplus.wirelesssettings, min framerate = 0
07-28 02:58:10.559  5230  6337 D VirtualCommService2: isSupport. true, true
07-28 02:58:10.560  4969  4969 D OplusVirtualCommUtils: isVirtualCommSupport, vRet: true
07-28 02:58:10.560  4969  4969 I OplusVirtualCommUtils: getVirtualCommDeviceType, vRet: 1
07-28 02:58:10.560  4969  4969 I OplusVirtualCommUtils: isConsumerDeviceType, deviceType: 1
07-28 02:58:10.560  4969  4969 D InternationalRoamingNotification: do not createRoamingNotification for invalid Network
07-28 02:58:10.560  4969  4969 V OplusCustomizeCacheManager: queryCache name: sys.cache.common_customize_cache18016 param: null
07-28 02:58:10.560  4969  4969 V OplusCustomizeCacheManager: queryCache name: sys.cache.common_customize_cache18013 param: null
07-28 02:58:10.560  4969  4969 V OplusCustomizeCacheManager: queryCache name: sys.cache.common_customize_cache18014 param: null
07-28 02:58:10.560  4969  4969 V OplusCustomizeCacheManager: queryCache name: sys.cache.common_customize_cache18017 param: Bundle[{SETTING=BLOCK, BUSINESS=NCT-DATA}]
07-28 02:58:10.561 13015 13015 D OplusActivityManager: get AMS extension: android.os.BinderProxy@f89a430
07-28 02:58:10.561  3341  4865 W ContentService: Observer is already registered. Pid is 4969
07-28 02:58:10.561  4969  4969 V SimultaneousCallingTracker: Received EVENT 101
07-28 02:58:10.561  4969  4969 V SimultaneousCallingTracker: generateVoiceCapablePhoneMapBasedOnUserAssociation: adding phoneId = 0
07-28 02:58:10.561  4969  4969 I SimultaneousCallingTracker: updatePhoneMapAndSimultaneousCallSupportMap: mVoiceCapablePhoneMap.size = 1
07-28 02:58:10.561  4969  4969 V SimultaneousCallingTracker: registerForImsRegistrationChanges: registering phoneId = 0
07-28 02:58:10.561  4969  4969 V SimultaneousCallingTracker: generateSimultaneousCallSupportMap: returning simultaneousCallSubSupportMap = Phone ID=0 - Simultaneous calling compatible phone IDs=[]; 
07-28 02:58:10.561  4969  4969 V SimultaneousCallingTracker: handleSimultaneousCallingSupportChanged
07-28 02:58:10.562 13015 13015 D CompactWindowAppManager: initCompactApplicationInfo CompactMode: , NormalMode: 
07-28 02:58:10.563 13015 13015 D OplusScrollToTopManager: setIsInWhiteList false
07-28 02:58:10.563 13015 13015 D OplusViewDebugManager: OplusViewDebugManager Constructor android.view.debug.OplusViewDebugManager@6754e2e [mHasViewDebugProperty true] [mHasMsgDebugProperty false] [DEBUG false] [EXTRAINFOENABLE false] [LIGHT_OS false]
07-28 02:58:10.563  1892  9632 I sensors-hal: handle_sns_client_event:87, step_count_event: ts=59388430619 count 0
07-28 02:58:10.563  3341  4389 D SensorServiceUtils: sensorEventLog step_counter = 0
07-28 02:58:10.563  3341  4389 D SensorServiceUtils: sensorEventLog step_counter = 0
07-28 02:58:10.563  3341  4389 D SensorServiceUtils: sensorEventLog step_counter = 0
07-28 02:58:10.563  3341  4389 D SensorServiceUtils: sensorEventLog step_counter = 0
07-28 02:58:10.563  3341  4389 D SensorServiceUtils: sensorEventLog step_counter = 0
07-28 02:58:10.563  3341  4389 D SensorServiceUtils: sensorEventLog step_counter = 0
07-28 02:58:10.563  3341  4389 D SensorServiceUtils: sensorEventLog step_counter = 0
07-28 02:58:10.563  3341  4389 D SensorServiceUtils: sensorEventLog step_counter = 0
07-28 02:58:10.563  3341  4389 D SensorServiceUtils: sensorEventLog step_counter = 0
07-28 02:58:10.563  3341  4389 D SensorServiceUtils: sensorEventLog step_counter = 0
07-28 02:58:10.563  3341  4389 D SensorServiceUtils: sensorEventLog step_counter = 0
07-28 02:58:10.563  3341  4389 D SensorServiceUtils: sensorEventLog step_counter = 0
07-28 02:58:10.563 13015 13015 D CompatChangeReporter: Compat change id reported: 242716250; UID 1000; state: ENABLED
07-28 02:58:10.563  3341  4389 D SensorServiceUtils: sensorEventLog step_counter = 0
07-28 02:58:10.563  3341  4389 D SensorServiceUtils: sensorEventLog step_counter = 0
07-28 02:58:10.563  3341  4389 D SensorServiceUtils: sensorEventLog step_counter = 0
07-28 02:58:10.563  3341  4389 D SensorServiceUtils: sensorEventLog step_counter = 0
07-28 02:58:10.563  3341  4389 D SensorServiceUtils: sensorEventLog step_counter = 0
07-28 02:58:10.563  3341  4389 D SensorServiceUtils: sensorEventLog step_counter = 0
07-28 02:58:10.563  3341  4389 D SensorServiceUtils: sensorEventLog step_counter = 0
07-28 02:58:10.564  4699  4699 V SystemSensorManagerExtImpl: step counter dispatchSensorEvent step 0.0 to + a.b$c@b14d316
07-28 02:58:10.565 13015 13015 W libc    : Access denied finding property "ro.odm.prev.product.name"
07-28 02:58:10.565 13015 13015 W ziparchive: Unable to open '/system_ext/framework/nfcvendorlib.dm': No such file or directory
07-28 02:58:10.565 13015 13015 W ziparchive: Unable to open '/system_ext/framework/nfcvendorlib.dm': No such file or directory
07-28 02:58:10.566 13015 13015 D nativeloader: Configuring clns-shared-7 for other apk /system_ext/framework/nfcvendorlib.jar. target_sdk_version=34, uses_libraries=ALL, library_path=/system_ext/priv-app/WirelessSettings/lib/arm64:/system_ext/priv-app/WirelessSettings/WirelessSettings.apk!/lib/arm64-v8a:/system/lib64:/system_ext/lib64, permitted_path=/data:/mnt/expand:/data/user_de/0/com.oplus.wirelesssettings:/system_ext/priv-app/WirelessSettings:/system/lib64:/system_ext/lib64
07-28 02:58:10.567 13015 13015 D nativeloader: Extending system_exposed_libraries: libbinauralrenderer_wrapper.qti.so:libhoaeffects.qti.so:libSloganJni.oplus.so:libsuperNight.oplus.so:libAPSClient-cmd-jni-extension.oplus.so:libsatellite_audio_jni.oplus.so:libortc_so.oplus.so:libsoundtouch.oplus.so:libsoundtouch_jni.oplus.so:libOplusStringJNI-extension.oplus.so:libsatellite_ostx_jni.oplus.so:libapssuspend-jni.oplus.so:libupdateprof.qti.so:libthermalclient.qti.so:libqape.qti.so:libqesdk_ndk_platform.qti.so:liblistenjni.qti.so
07-28 02:58:10.567 13015 13015 D ApplicationLoaders: Returning zygote-cached class loader: /system_ext/framework/androidx.window.extensions.jar
07-28 02:58:10.567 13015 13015 D ApplicationLoaders: Returning zygote-cached class loader: /system_ext/framework/androidx.window.sidecar.jar
07-28 02:58:10.569 13015 13015 D nativeloader: Configuring clns-shared-8 for other apk /system_ext/priv-app/WirelessSettings/WirelessSettings.apk. target_sdk_version=34, uses_libraries=, library_path=/system_ext/priv-app/WirelessSettings/lib/arm64:/system_ext/priv-app/WirelessSettings/WirelessSettings.apk!/lib/arm64-v8a:/system/lib64:/system_ext/lib64, permitted_path=/data:/mnt/expand:/data/user_de/0/com.oplus.wirelesssettings:/system_ext/priv-app/WirelessSettings:/system/lib64:/system_ext/lib64
07-28 02:58:10.572 13015 13015 V GraphicsEnvironment: Currently set values for:
07-28 02:58:10.572 13015 13015 V GraphicsEnvironment:   angle_gl_driver_selection_pkgs=[]
07-28 02:58:10.572 13015 13015 V GraphicsEnvironment:   angle_gl_driver_selection_values=[]
07-28 02:58:10.572 13015 13015 V GraphicsEnvironment: Global.Settings values are invalid: number of packages: 0, number of values: 0
07-28 02:58:10.573 13015 13015 D WS_OplusWirelessSettingsApp: onCreate, OplusWirelessSettingsApp
07-28 02:58:10.574 13015 13015 D LogUtils: initWirelessLog sIsQeAssert=false,sIsWifiOrBtLog=false
07-28 02:58:10.575  3341  4865 I ActivityManager: Flag disabled. Ignoring finishAttachApplication from uid: 1000. pid: 13015
07-28 02:58:10.575 13015 13015 E ANDR-PERF-CLIENT-SYS: death recipent object is fine
07-28 02:58:10.575 13015 13015 W ttings:tzupdate: AIBinder_linkToDeath is being called with a non-null cookie and no onUnlink callback set. This might not be intended. AIBinder_DeathRecipient_setOnUnlinked should be called first.
07-28 02:58:10.576  3341  4865 W OplusSelfProtectManager: pkg[com.oplus.wirelesssettings] not in policy list
07-28 02:58:10.578  3341  4865 D ActivityManager: Async freezing 13015 com.oplus.wirelesssettings:tzupdate
07-28 02:58:10.580  4727 10041 W SQLiteLog: (28) double-quoted string literal: "timezone_tzdata_v2_files"
07-28 02:58:10.650  2010  2010 D SensorFeature: name=ssc_screenshot_info ,index = 22
07-28 02:58:10.651  2010  2010 D SensorFeature: write 29 bytes:59466698987,59475032320,163,0
07-28 02:58:10.653  4969  4969 V OplusCustomizeCacheManager: queryCache name: sys.cache.common_customize_cache18016 param: null
07-28 02:58:10.653  4969  4969 V OplusCustomizeCacheManager: queryCache name: sys.cache.common_customize_cache18013 param: null
07-28 02:58:10.654  4969  4969 V OplusCustomizeCacheManager: queryCache name: sys.cache.common_customize_cache18014 param: null
07-28 02:58:10.654  4969  4969 V OplusCustomizeCacheManager: queryCache name: sys.cache.common_customize_cache18017 param: Bundle[{SETTING=BLOCK, BUSINESS=NCT-DATA}]
07-28 02:58:10.655  4969  4969 V OplusCustomizeCacheManager: queryCache name: sys.cache.common_customize_cache18016 param: null
07-28 02:58:10.655  4969  4969 V OplusCustomizeCacheManager: queryCache name: sys.cache.common_customize_cache18013 param: null
07-28 02:58:10.655  4969  4969 V OplusCustomizeCacheManager: queryCache name: sys.cache.common_customize_cache18014 param: null
07-28 02:58:10.655  4969  4969 V OplusCustomizeCacheManager: queryCache name: sys.cache.common_customize_cache18017 param: Bundle[{SETTING=BLOCK, BUSINESS=NCT-DATA}]
07-28 02:58:10.677  4923  4923 D RowAnimatorExtImpl: end:view:StatusBarIconView(slot='volume' alpha=1.0 icon=StatusBarIcon(icon=Icon(typ=RESOURCE pkg=com.android.systemui id=0x7f0818f0) visible user=0 ) visibleState=ICON iconColor=#ccffffff staticDrawableColor=#ccffffff decorColor=#ffffffff animationStartColor=#0 currentSetColor=#ccffffff notification=null),tx
07-28 02:58:10.677  4923  4923 D RowAnimatorExtImpl: end:view:StatusBarIconView(slot='zen' alpha=1.0 icon=StatusBarIcon(icon=Icon(typ=RESOURCE pkg=com.android.systemui id=0x7f0818e1) visible user=0 ) visibleState=ICON iconColor=#ccffffff staticDrawableColor=#ccffffff decorColor=#ffffffff animationStartColor=#0 currentSetColor=#ccffffff notification=null),tx
07-28 02:58:10.677  4923  4923 D RowAnimatorExtImpl: end:view:StatusBarIconView(slot='volume' alpha=1.0 icon=StatusBarIcon(icon=Icon(typ=RESOURCE pkg=com.android.systemui id=0x7f0818f0) visible user=0 ) visibleState=ICON iconColor=#ccffffff staticDrawableColor=#ccffffff decorColor=#ffffffff animationStartColor=#0 currentSetColor=#ccffffff notification=null),tx
07-28 02:58:10.677  4923  4923 D RowAnimatorExtImpl: end:view:StatusBarIconView(slot='zen' alpha=1.0 icon=StatusBarIcon(icon=Icon(typ=RESOURCE pkg=com.android.systemui id=0x7f0818e1) visible user=0 ) visibleState=ICON iconColor=#ccffffff staticDrawableColor=#ccffffff decorColor=#ffffffff animationStartColor=#0 currentSetColor=#ccffffff notification=null),tx
07-28 02:58:10.677  4923  4923 D RowAnimatorExtImpl: end:view:StatusBarIconView(slot='volume' alpha=1.0 icon=StatusBarIcon(icon=Icon(typ=RESOURCE pkg=com.android.systemui id=0x7f0818f0) visible user=0 ) visibleState=ICON iconColor=#ccffffff staticDrawableColor=#ccffffff decorColor=#ffffffff animationStartColor=#0 currentSetColor=#ccffffff notification=null),tx
07-28 02:58:10.677  4923  4923 D RowAnimatorExtImpl: end:view:StatusBarIconView(slot='zen' alpha=1.0 icon=StatusBarIcon(icon=Icon(typ=RESOURCE pkg=com.android.systemui id=0x7f0818e1) visible user=0 ) visibleState=ICON iconColor=#ccffffff staticDrawableColor=#ccffffff decorColor=#ffffffff animationStartColor=#0 currentSetColor=#ccffffff notification=null),tx
07-28 02:58:10.731  1892  4460 I sensors-hal: handle_oplus_wise_rgb_event:189, high_pwm_light:lux 2.9,cct 5300.0,brl/algo/ir 78.0/2.0/0.0,pwm/dc 0.0/0.0,rgbc 154.607803/149.842361/57.092804/368.394470,ts 59475260619,cnt 860,flag 65699
07-28 02:58:10.732  1950  4445 I Dpps    : LtmSwState::SetParameter():144 ignore cmd 7 in state LtmOffState
07-28 02:58:10.877  4923  4923 I SystemUi--QuickSettings: TemporarilyInfoManager-->[animateShow] com.oplus.systemui.qs.base.temporarilyinfo.TemporarilyInfoManager$createViewToParent$1{295f3f2 VFED..C.. ........ 0,0-1080,228 #7f0a0cb6 app:id/temporarily_info_view alpha=1.0 viewInfo = } end
07-28 02:58:10.877  4923  4923 I SystemUi--QuickSettings: TemporarilyInfoManager-->[trigger] start from showElementAfterShowFully
07-28 02:58:10.941  2010  2010 D SensorFeature: name=ssc_screenshot_info ,index = 22
07-28 02:58:10.942  2010  2010 D SensorFeature: write 29 bytes:59757810758,59766144091,164,0
07-28 02:58:10.974  2023  2131 D BatteryChargeControl: bcc get no support from charging protocol
07-28 02:58:10.993  4923  4923 D JankUtils: gfxSceneEnd; scene: 7
07-28 02:58:10.993  4923  4923 I SystemUi--Common: NotificationShadeDepthC-->sceneFlag: 0x001, isStart = false, Current sceneFlags: 0x000
07-28 02:58:10.993  4923  4923 D NavigationBar: restrainNavigationBarInvertColor: false
07-28 02:58:10.993  4923  5091 D RegionSamplingHelper =:    mCompositionSamplingListener.register
07-28 02:58:10.993  2184  2435 D SurfaceFlinger: addRegionSamplingListener pid: 4923, Area: [0, 2328, 1080, 2376]
07-28 02:58:10.997  1950  4445 I Dpps    : LtmSwState::SetParameter():144 ignore cmd 7 in state LtmOffState
07-28 02:58:11.008  6529  6606 E oiface  : sched_setaffinity failed
07-28 02:58:11.011  2023  2023 D vendor.oplus.hardware.charger-V7-service: getChargerControl:
07-28 02:58:11.022  2011  2025 E PerformanceService: storage_feature: open /sys/devices/platform/soc/112b0000.ufshci//virtualtlcbuff fail
07-28 02:58:11.031  3341  5855 W BestClock: java.time.DateTimeException: Missing network time fix
07-28 02:58:11.032  3341  5855 W BestClock: java.time.DateTimeException: Missing network time fix
07-28 02:58:11.032  3341  5855 W BestClock: java.time.DateTimeException: Missing network time fix
07-28 02:58:11.127  2023  7191 D charge_time: type=sdp,reserve_soc=2,soc=43,ui_soc=45,current=149,avg=145,not_chg_cnt=0,stable_cnt=7,fcc=5724,fcc_ratio=94,delta=18,debug=0,region=17,ttf=37245(10:20:45),ui_ttf=22300(06:11:40)
07-28 02:58:11.176  3341  3341 D OplusWifiBroadCastDispatcher: mBroadcastReceiver: onReceiver  action=android.intent.action.BATTERY_LEVEL_CHANGED
07-28 02:58:11.177  3341  4627 D OplusWifiPowerService: onReceive action:android.intent.action.BATTERY_LEVEL_CHANGED
07-28 02:58:11.177  3341  4470 W OplusStorageManagerFeature: mScreenReceiver action:android.intent.action.BATTERY_LEVEL_CHANGED
07-28 02:58:11.177  3341  4470 I OplusStorageManagerFeature: TmemoryBetterySwitch: level=45 state=0
07-28 02:58:11.177  3341  4470 I OplusStorageManagerFeature: TmemoryBetterySwitch: action=0 state=2
07-28 02:58:11.177  3341  4470 W OplusStorageManagerFeature: Ready to deal actionParam:0
07-28 02:58:11.177  3341  3680 D ActivityManager: sync unfroze 10843 com.android.settings for 3
07-28 02:58:11.178  3341  3680 D ActivityManager: Async freezing 10843 com.android.settings
07-28 02:58:11.178  3341  3680 D ActivityManager: Cancel freezing 10843 com.android.settings
07-28 02:58:11.178  3341  3680 D ActivityManager: Async freezing 10843 com.android.settings
07-28 02:58:11.179  3341  3680 D ActivityManager: Cancel freezing 10843 com.android.settings
07-28 02:58:11.180 10843 10843 D BatteryUsageBroadcastReceiver: onReceive:android.intent.action.BATTERY_LEVEL_CHANGED
07-28 02:58:11.180 10843 10843 D BatteryUsageBroadcastReceiver: fetch data because of event: ACTION_BATTERY_LEVEL_CHANGED
07-28 02:58:11.190  3341  4865 D ActivityManager: Async freezing 10843 com.android.settings
07-28 02:58:11.194 10843 10859 W ndroid.settings: Cleared Reference was only reachable from finalizer (only reported once)
07-28 02:58:11.200 10843 10861 W System  : A resource failed to call close. 
07-28 02:58:11.200 10843 10861 W System  : A resource failed to call close. 
07-28 02:58:11.200 10843 10861 W ndroid.settings: ApkAssets: Deleting an ApkAssets object '<empty> and /data/app/~~ALqGkx9_7GHC-QHs99zc0Q==/com.tencent.mm-IpfhmTfq4rI6aiNOrlV51Q==/base.apk' with 1 weak references
07-28 02:58:11.201 10843 10861 W ndroid.settings: ApkAssets: Deleting an ApkAssets object '<empty> and /data/app/~~0fUhfIJJ3ko4vu2V91xhkw==/com.heytap.browser-oSlI-qlAlOSHoXTvzdevAg==/base.apk' with 1 weak references
07-28 02:58:11.203  1950  2240 I SDM     : DisplayBase::CommitThread: Received idle timeout, panel: cmd, timeout: 70000 us
07-28 02:58:11.217  8754  9742 W metis_v2_KnowledgeManager: Fire: isEmergency is true  debugFireMode = false [7f0000011753685850107430607414|p_7414_6b2268b@1|p_8754_9fafa90@6|com.oplus.metis] [base|com.oplus.metis|1.5.5-f48228a]
07-28 02:58:11.218  8754  9742 W metis_v2_OifaceBindUtils: bindTask [7f0000011753685850107430607414|p_7414_6b2268b@1|p_8754_9fafa90@6|com.oplus.metis]
07-28 02:58:11.218  8754  9742 W metis_v2_OifaceBindUtils: call connectOifaceService [7f0000011753685850107430607414|p_7414_6b2268b@1|p_8754_9fafa90@6|com.oplus.metis]
07-28 02:58:11.219  6529  6606 E oiface  : sched_setaffinity failed
07-28 02:58:11.219  8754  9742 I metis_v2_KnowledgeManager: panta-sugg-Fire: count=1 [7f0000011753685850107430607414|p_7414_6b2268b@1|p_8754_9fafa90@6|com.oplus.metis]
07-28 02:58:11.219  6529  6603 E oiface  : directSetTask: get cpuset path failed
07-28 02:58:11.223  8754  9742 I System.out: 'park_precondition_home_02' 
07-28 02:58:11.223  8754  9742 I System.out: 'park_precondition_company_02' 
07-28 02:58:11.224  8754  9742 I System.out: 'UBIQUITOUS_SERVICE#assistant_screen#NOT_AT_HOME_301' 
07-28 02:58:11.224  8754  9742 I System.out: 'UBIQUITOUS_SERVICE#assistant_screen#NOT_AT_OFFICE_401' 
07-28 02:58:11.226  8754  9742 I System.out: 'policy:NEAR_SUBWAY_BUS_STATION_2x4' 
07-28 02:58:11.230  8754  9742 W metis_v2_TimeDurationCompare: [com.oplus.metis#UBIQUITOUS_SERVICE#scene#tips#TipScene_EXIT] 'timestamp' is not literal. [7f0000011753685850107430607414|p_7414_6b2268b@1|p_8754_9fafa90@6|com.oplus.metis]
07-28 02:58:11.232  8754  9742 D SceneIntentPublisher: headAction: pkg is com.oplus.metis and simpleRuleName is UBIQUITOUS_SERVICE#secne#activity_coloros_reminder_tips
07-28 02:58:11.241  8754  9742 D SceneIntentPublisher: headAction: pkg is com.oplus.metis and simpleRuleName is UBIQUITOUS_SERVICE#secne#activity_coloros_reminder_tips
07-28 02:58:11.245  8754  9742 I System.out: 'UBIQUITOUS_SERVICE#assistant_screen#NOT_AT_HOME_301' 
07-28 02:58:11.246  8754  9742 I System.out: 'tempPropertyForGuideStatus' 
07-28 02:58:11.248  8754  9742 D SceneIntentPublisher: headAction: pkg is com.oplus.metis and simpleRuleName is UBIQUITOUS_SERVICE#secne#activity_coloros_reminder_tips
07-28 02:58:11.248  8754  9742 W metis_v2_TimeDurationCompare: [com.oplus.metis#UBIQUITOUS_SERVICE#scene#tips#TipScene_EXIT] 'timestamp' is not literal. [7f0000011753685850107430607414|p_7414_6b2268b@1|p_8754_9fafa90@6|com.oplus.metis]
07-28 02:58:11.254  8754  9520 I ContextAware_GetInstalledAppsInfo: Update cache
07-28 02:58:11.255  5292  5776 I MMKV    : <MMKV_IO.cpp:456::writeActualSize> [mmkv.default] increase sequence to 7288, crc 4171481540, actualSize 493
07-28 02:58:11.258  8754  9742 W metis_v2_AbsTimerTriggered: [com.oplus.metis#UBIQUITOUS_SERVICE#health#LAUNCH-HEALTH-APP]: periodicTriggered's parseArgsToTimer meet exception periodic timer's first execute start time must >= time range start [7f0000011753685850107430607414|p_7414_6b2268b@1|p_8754_9fafa90@6|com.oplus.metis]
07-28 02:58:11.258  8754  9742 W metis_v2_AbsTimerTriggered: [com.oplus.metis#UBIQUITOUS_SERVICE#health#LAUNCH-HEALTH-APP]: please check if builtin periodicTriggered's args is valid [7f0000011753685850107430607414|p_7414_6b2268b@1|p_8754_9fafa90@6|com.oplus.metis]
07-28 02:58:11.261  8754  9742 I System.out: 'UBIQUITOUS_SERVICE#assistant_screen#NOT_AT_OFFICE_401' 
07-28 02:58:11.261  8754  9742 I metis_v2_KnowledgeManager: panta-sugg-Fire takes 43 milliseconds. [7f0000011753685850107430607414|p_7414_6b2268b@1|p_8754_9fafa90@6|com.oplus.metis]
07-28 02:58:11.261  8754  9742 I ContextAware_PantanalIntentManager: intent (id-14111004+policyName-CLEAN_STORAGE) is not found in scene_intent_config [7f0000011753685850107430607414|p_7414_6b2268b@1|p_8754_9fafa90@6|com.oplus.metis]
07-28 02:58:11.262  8754  9742 I metis_v2_SceneTravelingAdapter: recallTravellingIntent: [] [7f0000011753685850107430607414|p_7414_6b2268b@1|p_8754_9fafa90@6|com.oplus.metis]
07-28 02:58:11.262  8754  9742 I ContextAware_ContextAware_SceneIntentManager: mLastIntentDataSet: [] [7f0000011753685850107430607414|p_7414_6b2268b@1|p_8754_9fafa90@6|com.oplus.metis]
07-28 02:58:11.262  8754  9742 I ContextAware_ContextAware_SceneIntentManager: intentList: [IntentDataDTO(intent=IntentDTO=[sceneId=220500200, intentId=14111005, isExited=false, source=0, ownerId=com.oplus.metis, action=14111005, policyName=SUBSTITUTE_SCENE, serviceId=, sendExitedIntent=true, repeatable=false, sceneScore=-1.0, position=right, level=2, type=1, serviceInstanceId=null, isSupportMultiInstance=false, settingsPreference=null], items=[]), IntentDataDTO(intent=IntentDTO=[sceneId=210000000, intentId=12121002, isExited=true, source=0, ownerId=com.oplus.metis, action=12121002, policyName=TAKEOUT_ORDER_STATUS_CHANGE, serviceId=, sendExitedIntent=false, repeatable=false, sceneScore=-1.0, position=left, level=1, type=1, serviceInstanceId=null, isSupportMultiInstance=false, settingsPreference=null], items=[]), IntentDataDTO(intent=IntentDTO=[sceneId=null, intentId=14111004, isExited=true, source=0, ownerId=com.oplus.metis, action=14111004, policyName=CLEAN_STORAGE, serviceId=, sendExitedIntent=false, repeatable=false, sceneScore=-1.0, position=null, level=0, type=1, serviceInstanceId=null, isSupportMultiInstance=false, settingsPreference=null], items=[]), IntentDataDTO(intent=IntentDTO=[sceneId=null, intentId=12121002, isExited=true, source=0, ownerId=com.oplus.metis, action=12121002, policyName=TAKEOUT_ORDER_STATUS_CHANGE, serviceId=, sendExitedIntent=false, repeatable=false, sceneScore=-1.0, position=null, level=0, type=1, serviceInstanceId=null, isSupportMultiInstance=false, settingsPreference=null], items=[])] [7f0000011753685850107430607414|p_7414_6b2268b@1|p_8754_9fafa90@6|com.oplus.metis]
07-28 02:58:11.262  8754  9742 I ContextAware_ContextAware_SceneIntentManager: missedIntent: [] [7f0000011753685850107430607414|p_7414_6b2268b@1|p_8754_9fafa90@6|com.oplus.metis]
07-28 02:58:11.262  8754  9742 I metis_v2_SceneIntentManager: panta-sugg-Published intents: [7f0000011753685850107430607414|p_7414_6b2268b@1|p_8754_9fafa90@6|com.oplus.metis]
