07-29 15:21:18.575  2129  2381 D SurfaceFlinger: captureLayers from pid 5330 uid -335
07-29 15:21:18.575  3484  4192 I InputDispatcher: injectInputEvent: targetUid=<not set>, syncMode=WAIT_FOR_FINISHED, timeout=30000ms, policyFlags=0x8000000, event=MotionEvent { action=MOVE, id[0]=0, x[0]=900, y[0]=745.767, eventTime=58416000000, downTime=58307000000, deviceId=4, source=TOUCHSCREEN, displayId=0, eventId=0xf56495d6}
07-29 15:21:18.575  4826  4826 I SystemUi--Keyguard: ScrimControllerExImp-->blur State to UNLOCK, bouncer=false changeFromBouncerScrim= false runnerUnlock= false goingAway=false hasHandle=true isOccludeAnimationPlaying=false
07-29 15:21:18.575  4826  4826 I SystemUi--QuickSettings: QSPanelAnimatorManager-->showSecondElement
07-29 15:21:18.575  3484  3729 D PowerManagerService: userActivityNoUpdateLocked: groupId=0, eventTime=58416, event=touch, flags=0x0, uid=1000
07-29 15:21:18.577  2129  3407 D SurfaceFlinger: updateWinowInfo=1, setFocusedWindow timestamp=58407798414, windowName=f59a387 NotificationShade
07-29 15:21:18.577  3484  3529 I InputDispatcher: NFW_setFocusedWindow, f59a387 NotificationShade on display 0, same as the previous:0
07-29 15:21:18.577  3484  3529 I InputDispatcher: updateFocusedWindow, f59a387 NotificationShade on display 0, reason: setFocusedWindow, result:   FocusedWindows:
07-29 15:21:18.577  3484  3529 I InputDispatcher:     displayId=0, name='f59a387 NotificationShade'
07-29 15:21:18.577  5181  5181 D VRI[Launcher]: onFocusEvent false
07-29 15:21:18.578  4826  4826 D VRI[NotificationShade]: onFocusEvent true
07-29 15:21:18.578  4826  4826 I SystemUi--Keyguard: ScrimControllerExImp-->blur State to UNLOCK, bouncer=false changeFromBouncerScrim= false runnerUnlock= false goingAway=false hasHandle=true isOccludeAnimationPlaying=false
07-29 15:21:18.579  4826  4826 I SystemUi--Keyguard: ScrimControllerExImp-->blur State to UNLOCK, bouncer=false changeFromBouncerScrim= false runnerUnlock= false goingAway=false hasHandle=true isOccludeAnimationPlaying=false
07-29 15:21:18.579  1886  1954 I SnapAlloc: Using graphics libs for alignment calculations
07-29 15:21:18.580  1886  1954 I SnapAlloc: Using graphics libs for alignment calculations
07-29 15:21:18.581  4826  4826 I SystemUi--Keyguard: OplusRepeatWhenAttachedUnlock-->updateState: view.windowVisibility: 0, keyguardShow: false, isInPreviewMode: false, view.hasWindowFocus(): true
07-29 15:21:18.581  4826  4826 I SystemUi--Keyguard: OplusRepeatWhenAttachedUnlock-->updateState: view.windowVisibility: 0, keyguardShow: false, isInPreviewMode: false, view.hasWindowFocus(): true
07-29 15:21:18.581  1886  1954 I SnapAlloc: Using graphics libs for alignment calculations
07-29 15:21:18.586  4826  4826 I SystemUi--Keyguard: ScrimControllerExImp-->blur State to UNLOCK, bouncer=false changeFromBouncerScrim= false runnerUnlock= false goingAway=false hasHandle=true isOccludeAnimationPlaying=false
07-29 15:21:18.586  3484  4192 I InputDispatcher: injectInputEvent: targetUid=<not set>, syncMode=WAIT_FOR_FINISHED, timeout=30000ms, policyFlags=0x8000000, event=MotionEvent { action=MOVE, id[0]=0, x[0]=900, y[0]=824.566, eventTime=58428000000, downTime=58307000000, deviceId=4, source=TOUCHSCREEN, displayId=0, eventId=0xe60dd596}
07-29 15:21:18.587  4826  4826 I SystemUi--Keyguard: ScrimControllerExImp-->blur State to UNLOCK, bouncer=false changeFromBouncerScrim= false runnerUnlock= false goingAway=false hasHandle=true isOccludeAnimationPlaying=false
07-29 15:21:18.595  1886  1954 I SnapAlloc: Using graphics libs for alignment calculations
07-29 15:21:18.595  4826  4826 I SystemUi--Keyguard: ScrimControllerExImp-->blur State to UNLOCK, bouncer=false changeFromBouncerScrim= false runnerUnlock= false goingAway=false hasHandle=true isOccludeAnimationPlaying=false
07-29 15:21:18.595  3484  4192 I InputDispatcher: injectInputEvent: targetUid=<not set>, syncMode=WAIT_FOR_FINISHED, timeout=30000ms, policyFlags=0x8000000, event=MotionEvent { action=MOVE, id[0]=0, x[0]=900, y[0]=877.1, eventTime=58436000000, downTime=58307000000, deviceId=4, source=TOUCHSCREEN, displayId=0, eventId=0xe86e120a}
07-29 15:21:18.595  4826  4826 I SystemUi--Keyguard: ScrimControllerExImp-->blur State to UNLOCK, bouncer=false changeFromBouncerScrim= false runnerUnlock= false goingAway=false hasHandle=true isOccludeAnimationPlaying=false
07-29 15:21:18.603  4826  4826 I SystemUi--Keyguard: ScrimControllerExImp-->blur State to UNLOCK, bouncer=false changeFromBouncerScrim= false runnerUnlock= false goingAway=false hasHandle=true isOccludeAnimationPlaying=false
07-29 15:21:18.603  3484  4192 I InputDispatcher: injectInputEvent: targetUid=<not set>, syncMode=WAIT_FOR_FINISHED, timeout=30000ms, policyFlags=0x8000000, event=MotionEvent { action=MOVE, id[0]=0, x[0]=900, y[0]=929.634, eventTime=58444000000, downTime=58307000000, deviceId=4, source=TOUCHSCREEN, displayId=0, eventId=0xf021d794}
07-29 15:21:18.603  4826  4826 I SystemUi--Keyguard: ScrimControllerExImp-->blur State to UNLOCK, bouncer=false changeFromBouncerScrim= false runnerUnlock= false goingAway=false hasHandle=true isOccludeAnimationPlaying=false
07-29 15:21:18.606  3484  3744 D VRR [OPlusSAManager]: setSAConfig scene: VRR_90_120 modeId: 4 auto: true fakeFrame: true
07-29 15:21:18.606  3484  3744 D VRR [OPlusSAManager]: updateAutoMinfps with nits: 100.639046, mHistOK true, mAmbientOK true, mCctOK true, mIrOK true, mBrightnessOK true, isPkgOK true, SA min fps: 119
07-29 15:21:18.606  3484  3744 D VRR [OPlusSurfaceFlingerController]: setAutoMode enable: true fakeFrame: true fps: 119
07-29 15:21:18.606  2129  2420 I VRR-[OPlusAdfrUtil]: ADFR try set Auto mode with mode 1 fakeframe 1 min fps 119
07-29 15:21:18.606  2129  2420 D VRR-[OPlusRefreshRateSelector]: OSyncModes add size is 1.
07-29 15:21:18.606  2129  2420 I VRR-[OPlusRefreshRateSelector]: updateAutoMode success, display 0, mode 0, fakeframe 1, min fps: 1
07-29 15:21:18.606  2129  3345 D VRR-[OPlusRefreshRateSelector]: handleSetHWCOSync
07-29 15:21:18.607  2129  3345 D VRR-[OPlusRefreshRateSelector]: OSyncModes remaining size is 0.
07-29 15:21:18.607  2129  3345 D VRR-[OPlusRefreshRateSelector]: SetHWCOSync with 5CC08181
07-29 15:21:18.607  1894  3339 I SDM     : DisplayBuiltIn::SetQSyncMode: VRR + update qsync mode 0 minfps 00C08181
07-29 15:21:18.610  1894  2149 E SDM     : DRMConnector::Perform: Connector 67: Setting Qsync min fps 12616065
07-29 15:21:18.611  4826  4826 I SystemUi--Keyguard: ScrimControllerExImp-->blur State to UNLOCK, bouncer=false changeFromBouncerScrim= false runnerUnlock= false goingAway=false hasHandle=true isOccludeAnimationPlaying=false
07-29 15:21:18.611  1886  1954 I SnapAlloc: Using graphics libs for alignment calculations
07-29 15:21:18.611  3484  4192 I InputDispatcher: injectInputEvent: targetUid=<not set>, syncMode=WAIT_FOR_FINISHED, timeout=30000ms, policyFlags=0x8000000, event=MotionEvent { action=MOVE, id[0]=0, x[0]=900, y[0]=988.733, eventTime=58453000000, downTime=58307000000, deviceId=4, source=TOUCHSCREEN, displayId=0, eventId=0xf763f8a1}
07-29 15:21:18.612  4826  4826 I SystemUi--Keyguard: ScrimControllerExImp-->blur State to UNLOCK, bouncer=false changeFromBouncerScrim= false runnerUnlock= false goingAway=false hasHandle=true isOccludeAnimationPlaying=false
07-29 15:21:18.616  4826  5412 I SystemUi--Statusbar: PrivacyDotViewController-->processNextViewState: 
07-29 15:21:18.617  4826  5412 I SystemUi--Statusbar: PrivacyDotViewController-->resolveState ViewState(viewInitialized=true, systemPrivacyEventIsActive=false, shadeExpanded=true, needShow=false, portraitRect=Rect(0, 0 - 1080, 120), landscapeRect=Rect(120, 0 - 2376, 120), upsideDownRect=Rect(0, 0 - 1080, 120), seascapeRect=Rect(0, 0 - 2244, 120), layoutRtl=false, rotation=0, paddingTop=14, paddingBottom=15, cornerIndex=1, designatedCorner=android.widget.FrameLayout{d768c1c I.E...... ......ID 1032,0-1080,120 #7f0a09cd app:id/privacy_dot_top_right_container alpha=1.0 viewInfo = }, contentDescription=null, dotMargin=48)
07-29 15:21:18.620  4826  4826 I SystemUi--Keyguard: ScrimControllerExImp-->blur State to UNLOCK, bouncer=false changeFromBouncerScrim= false runnerUnlock= false goingAway=false hasHandle=true isOccludeAnimationPlaying=false
07-29 15:21:18.620  3484  4192 I InputDispatcher: injectInputEvent: targetUid=<not set>, syncMode=WAIT_FOR_FINISHED, timeout=30000ms, policyFlags=0x8000000, event=MotionEvent { action=MOVE, id[0]=0, x[0]=900, y[0]=1041.27, eventTime=58461000000, downTime=58307000000, deviceId=4, source=TOUCHSCREEN, displayId=0, eventId=0xe0eb8bca}
07-29 15:21:18.620  4826  4826 I SystemUi--Keyguard: ScrimControllerExImp-->blur State to UNLOCK, bouncer=false changeFromBouncerScrim= false runnerUnlock= false goingAway=false hasHandle=true isOccludeAnimationPlaying=false
07-29 15:21:18.628  1886  1954 I SnapAlloc: Using graphics libs for alignment calculations
07-29 15:21:18.628  4826  4826 I SystemUi--Keyguard: ScrimControllerExImp-->blur State to UNLOCK, bouncer=false changeFromBouncerScrim= false runnerUnlock= false goingAway=false hasHandle=true isOccludeAnimationPlaying=false
07-29 15:21:18.628  3484  4192 I InputDispatcher: injectInputEvent: targetUid=<not set>, syncMode=WAIT_FOR_FINISHED, timeout=30000ms, policyFlags=0x8000000, event=MotionEvent { action=MOVE, id[0]=0, x[0]=900, y[0]=1093.8, eventTime=58469000000, downTime=58307000000, deviceId=4, source=TOUCHSCREEN, displayId=0, eventId=0xed7360fb}
07-29 15:21:18.628  4826  4826 I SystemUi--Keyguard: ScrimControllerExImp-->blur State to UNLOCK, bouncer=false changeFromBouncerScrim= false runnerUnlock= false goingAway=false hasHandle=true isOccludeAnimationPlaying=false
07-29 15:21:18.636  4826  4826 I SystemUi--Keyguard: ScrimControllerExImp-->blur State to UNLOCK, bouncer=false changeFromBouncerScrim= false runnerUnlock= false goingAway=false hasHandle=true isOccludeAnimationPlaying=false
07-29 15:21:18.636  3484  4192 I InputDispatcher: injectInputEvent: targetUid=<not set>, syncMode=WAIT_FOR_FINISHED, timeout=30000ms, policyFlags=0x8000000, event=MotionEvent { action=MOVE, id[0]=0, x[0]=900, y[0]=1146.33, eventTime=58477000000, downTime=58307000000, deviceId=4, source=TOUCHSCREEN, displayId=0, eventId=0xd60d1ef4}
07-29 15:21:18.636  4826  4826 I SystemUi--Keyguard: ScrimControllerExImp-->blur State to UNLOCK, bouncer=false changeFromBouncerScrim= false runnerUnlock= false goingAway=false hasHandle=true isOccludeAnimationPlaying=false
07-29 15:21:18.645  1886  1954 I SnapAlloc: Using graphics libs for alignment calculations
07-29 15:21:18.645  4826  4826 I SystemUi--Keyguard: ScrimControllerExImp-->blur State to UNLOCK, bouncer=false changeFromBouncerScrim= false runnerUnlock= false goingAway=false hasHandle=true isOccludeAnimationPlaying=false
07-29 15:21:18.645  3484  4192 I InputDispatcher: injectInputEvent: targetUid=<not set>, syncMode=WAIT_FOR_FINISHED, timeout=30000ms, policyFlags=0x8000000, event=MotionEvent { action=MOVE, id[0]=0, x[0]=900, y[0]=1205.43, eventTime=58486000000, downTime=58307000000, deviceId=4, source=TOUCHSCREEN, displayId=0, eventId=0xcc516934}
07-29 15:21:18.645  4826  4826 I SystemUi--Keyguard: ScrimControllerExImp-->blur State to UNLOCK, bouncer=false changeFromBouncerScrim= false runnerUnlock= false goingAway=false hasHandle=true isOccludeAnimationPlaying=false
07-29 15:21:18.653  4826  4826 I SystemUi--Keyguard: ScrimControllerExImp-->blur State to UNLOCK, bouncer=false changeFromBouncerScrim= false runnerUnlock= false goingAway=false hasHandle=true isOccludeAnimationPlaying=false
07-29 15:21:18.653  3484  4192 I InputDispatcher: injectInputEvent: targetUid=<not set>, syncMode=WAIT_FOR_FINISHED, timeout=30000ms, policyFlags=0x8000000, event=MotionEvent { action=MOVE, id[0]=0, x[0]=900, y[0]=1257.97, eventTime=58494000000, downTime=58307000000, deviceId=4, source=TOUCHSCREEN, displayId=0, eventId=0xf1e5897a}
07-29 15:21:18.653  4826  4826 I SystemUi--Keyguard: ScrimControllerExImp-->blur State to UNLOCK, bouncer=false changeFromBouncerScrim= false runnerUnlock= false goingAway=false hasHandle=true isOccludeAnimationPlaying=false
07-29 15:21:18.661  1886  1954 I SnapAlloc: Using graphics libs for alignment calculations
07-29 15:21:18.662  4826  4826 I SystemUi--Keyguard: ScrimControllerExImp-->blur State to UNLOCK, bouncer=false changeFromBouncerScrim= false runnerUnlock= false goingAway=false hasHandle=true isOccludeAnimationPlaying=false
07-29 15:21:18.662  3484  4192 I InputDispatcher: injectInputEvent: targetUid=<not set>, syncMode=WAIT_FOR_FINISHED, timeout=30000ms, policyFlags=0x8000000, event=MotionEvent { action=MOVE, id[0]=0, x[0]=900, y[0]=1317.07, eventTime=58503000000, downTime=58307000000, deviceId=4, source=TOUCHSCREEN, displayId=0, eventId=0xeee6a239}
07-29 15:21:18.662  4826  4826 I SystemUi--Keyguard: ScrimControllerExImp-->blur State to UNLOCK, bouncer=false changeFromBouncerScrim= false runnerUnlock= false goingAway=false hasHandle=true isOccludeAnimationPlaying=false
07-29 15:21:18.664  4826  4826 I SystemUi--QuickSettings: QsLottieUtils-->getLottieAnimFile : qs/qs_location_lottie_active_sep_dual_light.json
07-29 15:21:18.668  4826 13064 W LOG_Effective: Effective doesn't support layer effects. If you are using them for  fills, strokes, trim paths etc. then try adding them directly as contents  in your shape. Found: [Slider Control]
07-29 15:21:18.669  4826 13064 W LOG_Effective: Animation contains merge paths. Merge paths are only supported on KitKat+ and must be manually enabled by calling enableMergePathsForKitKatAndAbove().
07-29 15:21:18.670  4826  4826 I SystemUi--Keyguard: ScrimControllerExImp-->blur State to UNLOCK, bouncer=false changeFromBouncerScrim= false runnerUnlock= false goingAway=false hasHandle=true isOccludeAnimationPlaying=false
07-29 15:21:18.670  3484  4192 I InputDispatcher: injectInputEvent: targetUid=<not set>, syncMode=WAIT_FOR_FINISHED, timeout=30000ms, policyFlags=0x8000000, event=MotionEvent { action=MOVE, id[0]=0, x[0]=900, y[0]=1369.6, eventTime=58511000000, downTime=58307000000, deviceId=4, source=TOUCHSCREEN, displayId=0, eventId=0xc9912450}
07-29 15:21:18.670  4826  4826 I SystemUi--Keyguard: ScrimControllerExImp-->blur State to UNLOCK, bouncer=false changeFromBouncerScrim= false runnerUnlock= false goingAway=false hasHandle=true isOccludeAnimationPlaying=false
07-29 15:21:18.673  4826  4826 I SystemUi--QuickSettings: QsLottieUtils-->getLottieAnimFile : qs/qs_nfc_lottie_active_sep_dual_light.json
07-29 15:21:18.674  4826  4826 W LOG_Effective: Animation contains merge paths but they are disabled.
07-29 15:21:18.676  4826  5492 D HWUI    : OplusRenderNodeAnimator end!
07-29 15:21:18.676  4826  5492 D HWUI    : OplusRenderNodeAnimator end!
07-29 15:21:18.676  4826  5492 D HWUI    : OplusRenderNodeAnimator end!
07-29 15:21:18.676  4826  5492 D HWUI    : OplusRenderNodeAnimator end!
07-29 15:21:18.676  4826  4826 I SystemUi--Statusbar: CollapsedStatusBarFragmentExImpl-->animateHiddenState onAnimationEnd v:com.oplus.systemui.statusbar.widget.EndSideContentLayout{d97471a V.E...... ........ 172,0-440,91 #7f0a0c16 app:id/status_bar_end_side_content alpha=1.0 viewInfo = }  v alpha:1.0 v render alpha:0.0 animateAlpha=0.0
07-29 15:21:18.676  4826  4826 I SystemUi--Statusbar: CollapsedStatusBarFragmentExImpl-->animateHiddenState onAnimationEnd v:com.android.keyguard.AlphaOptimizedLinearLayout{737d0db V.E...... ........ 0,0-48,91 alpha=1.0 viewInfo = }  v alpha:1.0 v render alpha:0.0 animateAlpha=0.0
07-29 15:21:18.677  4826  4826 I SystemUi--Statusbar: CollapsedStatusBarFragmentExImpl-->animateHiddenState onAnimationEnd v:com.oplus.systemui.statusbar.seeding.CapsulePluginContainer{f6c9b28 V.E...... ........ 0,0-1080,120 #7f0a0b3b app:id/seeding_card_container alpha=1.0 viewInfo = }  v alpha:1.0 v render alpha:0.0 animateAlpha=0.0
07-29 15:21:18.677  4826  4826 I SystemUi--Statusbar: CollapsedStatusBarFragmentExImpl-->animateHiddenState onAnimationEnd v:com.oplus.systemui.statusbar.widget.StatClock{260ccce V.ED..... ........ 0,0-120,91 #7f0a02b9 app:id/clock alpha=1.0 viewInfo = }  v alpha:1.0 v render alpha:0.0 animateAlpha=0.0
07-29 15:21:18.678  1886  1954 I SnapAlloc: Using graphics libs for alignment calculations
07-29 15:21:18.678  4826  4826 I SystemUi--Keyguard: ScrimControllerExImp-->blur State to UNLOCK, bouncer=false changeFromBouncerScrim= false runnerUnlock= false goingAway=false hasHandle=true isOccludeAnimationPlaying=false
07-29 15:21:18.678  3484  4192 I InputDispatcher: injectInputEvent: targetUid=<not set>, syncMode=WAIT_FOR_FINISHED, timeout=30000ms, policyFlags=0x8000000, event=MotionEvent { action=MOVE, id[0]=0, x[0]=900, y[0]=1422.13, eventTime=58519000000, downTime=58307000000, deviceId=4, source=TOUCHSCREEN, displayId=0, eventId=0xeea191f0}
07-29 15:21:18.678  4826  4826 I SystemUi--Keyguard: ScrimControllerExImp-->blur State to UNLOCK, bouncer=false changeFromBouncerScrim= false runnerUnlock= false goingAway=false hasHandle=true isOccludeAnimationPlaying=false
07-29 15:21:18.679  3484  3729 D PowerManagerService: userActivityNoUpdateLocked: groupId=0, eventTime=58519, event=touch, flags=0x0, uid=1000
07-29 15:21:18.686  4826  4826 I SystemUi--Keyguard: ScrimControllerExImp-->blur State to UNLOCK, bouncer=false changeFromBouncerScrim= false runnerUnlock= false goingAway=false hasHandle=true isOccludeAnimationPlaying=false
07-29 15:21:18.686  3484  4192 I InputDispatcher: injectInputEvent: targetUid=<not set>, syncMode=WAIT_FOR_FINISHED, timeout=30000ms, policyFlags=0x8000000, event=MotionEvent { action=MOVE, id[0]=0, x[0]=900, y[0]=1474.67, eventTime=58527000000, downTime=58307000000, deviceId=4, source=TOUCHSCREEN, displayId=0, eventId=0xcc563756}
07-29 15:21:18.686  4826  4826 I SystemUi--Keyguard: ScrimControllerExImp-->blur State to UNLOCK, bouncer=false changeFromBouncerScrim= false runnerUnlock= false goingAway=false hasHandle=true isOccludeAnimationPlaying=false
07-29 15:21:18.692  1983  1983 D SensorFeature: name=ssc_screenshot_info ,index = 22
07-29 15:21:18.692  1983  1983 D SensorFeature: write 29 bytes:58524982738,58533316071,159,0
07-29 15:21:18.694  4826  4826 I SystemUi--Keyguard: ScrimControllerExImp-->blur State to UNLOCK, bouncer=false changeFromBouncerScrim= false runnerUnlock= false goingAway=false hasHandle=true isOccludeAnimationPlaying=false
07-29 15:21:18.694  1886  1954 I SnapAlloc: Using graphics libs for alignment calculations
07-29 15:21:18.694  3484  4192 I InputDispatcher: injectInputEvent: targetUid=<not set>, syncMode=WAIT_FOR_FINISHED, timeout=30000ms, policyFlags=0x8000000, event=MotionEvent { action=MOVE, id[0]=0, x[0]=900, y[0]=1533.77, eventTime=58536000000, downTime=58307000000, deviceId=4, source=TOUCHSCREEN, displayId=0, eventId=0xcda42a61}
07-29 15:21:18.694  4826  4826 I SystemUi--Keyguard: ScrimControllerExImp-->blur State to UNLOCK, bouncer=false changeFromBouncerScrim= false runnerUnlock= false goingAway=false hasHandle=true isOccludeAnimationPlaying=false
07-29 15:21:18.703  4826  4826 I SystemUi--Keyguard: ScrimControllerExImp-->blur State to UNLOCK, bouncer=false changeFromBouncerScrim= false runnerUnlock= false goingAway=false hasHandle=true isOccludeAnimationPlaying=false
07-29 15:21:18.703  3484  4192 I InputDispatcher: injectInputEvent: targetUid=<not set>, syncMode=WAIT_FOR_FINISHED, timeout=30000ms, policyFlags=0x8000000, event=MotionEvent { action=MOVE, id[0]=0, x[0]=900, y[0]=1586.3, eventTime=58544000000, downTime=58307000000, deviceId=4, source=TOUCHSCREEN, displayId=0, eventId=0xc637c2b1}
07-29 15:21:18.703  4826  4826 I SystemUi--Keyguard: ScrimControllerExImp-->blur State to UNLOCK, bouncer=false changeFromBouncerScrim= false runnerUnlock= false goingAway=false hasHandle=true isOccludeAnimationPlaying=false
07-29 15:21:18.711  4826  4826 I SystemUi--Keyguard: ScrimControllerExImp-->blur State to UNLOCK, bouncer=false changeFromBouncerScrim= false runnerUnlock= false goingAway=false hasHandle=true isOccludeAnimationPlaying=false
07-29 15:21:18.711  1886  1954 I SnapAlloc: Using graphics libs for alignment calculations
07-29 15:21:18.711  3484  4192 I InputDispatcher: injectInputEvent: targetUid=<not set>, syncMode=WAIT_FOR_FINISHED, timeout=30000ms, policyFlags=0x8000000, event=MotionEvent { action=MOVE, id[0]=0, x[0]=900, y[0]=1638.83, eventTime=58552000000, downTime=58307000000, deviceId=4, source=TOUCHSCREEN, displayId=0, eventId=0xfe3e5e87}
07-29 15:21:18.711  4826  4826 I SystemUi--Keyguard: ScrimControllerExImp-->blur State to UNLOCK, bouncer=false changeFromBouncerScrim= false runnerUnlock= false goingAway=false hasHandle=true isOccludeAnimationPlaying=false
07-29 15:21:18.719  4826  4826 I SystemUi--Keyguard: ScrimControllerExImp-->blur State to UNLOCK, bouncer=false changeFromBouncerScrim= false runnerUnlock= false goingAway=false hasHandle=true isOccludeAnimationPlaying=false
07-29 15:21:18.720  3484  4192 I InputDispatcher: injectInputEvent: targetUid=<not set>, syncMode=WAIT_FOR_FINISHED, timeout=30000ms, policyFlags=0x8000000, event=MotionEvent { action=MOVE, id[0]=0, x[0]=900, y[0]=1697.93, eventTime=58561000000, downTime=58307000000, deviceId=4, source=TOUCHSCREEN, displayId=0, eventId=0xcad966ee}
07-29 15:21:18.720  4826  4826 I SystemUi--Keyguard: ScrimControllerExImp-->blur State to UNLOCK, bouncer=false changeFromBouncerScrim= false runnerUnlock= false goingAway=false hasHandle=true isOccludeAnimationPlaying=false
07-29 15:21:18.728  4826  4826 I SystemUi--Keyguard: ScrimControllerExImp-->blur State to UNLOCK, bouncer=false changeFromBouncerScrim= false runnerUnlock= false goingAway=false hasHandle=true isOccludeAnimationPlaying=false
07-29 15:21:18.728  1886  1954 I SnapAlloc: Using graphics libs for alignment calculations
07-29 15:21:18.728  3484  4192 I InputDispatcher: injectInputEvent: targetUid=<not set>, syncMode=WAIT_FOR_FINISHED, timeout=30000ms, policyFlags=0x8000000, event=MotionEvent { action=MOVE, id[0]=0, x[0]=900, y[0]=1750.47, eventTime=58569000000, downTime=58307000000, deviceId=4, source=TOUCHSCREEN, displayId=0, eventId=0xf6628ab7}
07-29 15:21:18.728  4826  4826 I SystemUi--Keyguard: ScrimControllerExImp-->blur State to UNLOCK, bouncer=false changeFromBouncerScrim= false runnerUnlock= false goingAway=false hasHandle=true isOccludeAnimationPlaying=false
07-29 15:21:18.736  4826  4826 I SystemUi--Keyguard: ScrimControllerExImp-->blur State to UNLOCK, bouncer=false changeFromBouncerScrim= false runnerUnlock= false goingAway=false hasHandle=true isOccludeAnimationPlaying=false
07-29 15:21:18.736  3484  4192 I InputDispatcher: injectInputEvent: targetUid=<not set>, syncMode=WAIT_FOR_FINISHED, timeout=30000ms, policyFlags=0x8000000, event=MotionEvent { action=MOVE, id[0]=0, x[0]=900, y[0]=1809.57, eventTime=58578000000, downTime=58307000000, deviceId=4, source=TOUCHSCREEN, displayId=0, eventId=0xd5d47037}
07-29 15:21:18.737  4826  4826 I SystemUi--Keyguard: ScrimControllerExImp-->blur State to UNLOCK, bouncer=false changeFromBouncerScrim= false runnerUnlock= false goingAway=false hasHandle=true isOccludeAnimationPlaying=false
07-29 15:21:18.744  1886  1954 I SnapAlloc: Using graphics libs for alignment calculations
07-29 15:21:18.744  4826  4826 I SystemUi--Keyguard: ScrimControllerExImp-->blur State to UNLOCK, bouncer=false changeFromBouncerScrim= false runnerUnlock= false goingAway=false hasHandle=true isOccludeAnimationPlaying=false
07-29 15:21:18.745  4826  4826 I SystemUi--Keyguard: ScrimControllerExImp-->blur State to UNLOCK, bouncer=false changeFromBouncerScrim= false runnerUnlock= false goingAway=false hasHandle=true isOccludeAnimationPlaying=false
07-29 15:21:18.745  3484  4192 I InputDispatcher: injectInputEvent: targetUid=<not set>, syncMode=WAIT_FOR_FINISHED, timeout=30000ms, policyFlags=0x8000000, event=MotionEvent { action=MOVE, id[0]=0, x[0]=900, y[0]=1862.1, eventTime=58586000000, downTime=58307000000, deviceId=4, source=TOUCHSCREEN, displayId=0, eventId=0xd19d3b5f}
07-29 15:21:18.752  4826  4826 I SystemUi--Keyguard: ScrimControllerExImp-->blur State to UNLOCK, bouncer=false changeFromBouncerScrim= false runnerUnlock= false goingAway=false hasHandle=true isOccludeAnimationPlaying=false
07-29 15:21:18.753  3484  4192 I InputDispatcher: injectInputEvent: targetUid=<not set>, syncMode=WAIT_FOR_FINISHED, timeout=30000ms, policyFlags=0x8000000, event=MotionEvent { action=MOVE, id[0]=0, x[0]=900, y[0]=1914.63, eventTime=58594000000, downTime=58307000000, deviceId=4, source=TOUCHSCREEN, displayId=0, eventId=0xc3d15437}
07-29 15:21:18.753  4826  4826 I SystemUi--Keyguard: ScrimControllerExImp-->blur State to UNLOCK, bouncer=false changeFromBouncerScrim= false runnerUnlock= false goingAway=false hasHandle=true isOccludeAnimationPlaying=false
07-29 15:21:18.761  1886  1954 I SnapAlloc: Using graphics libs for alignment calculations
07-29 15:21:18.761  4826  4826 I SystemUi--Keyguard: ScrimControllerExImp-->blur State to UNLOCK, bouncer=false changeFromBouncerScrim= false runnerUnlock= false goingAway=false hasHandle=true isOccludeAnimationPlaying=false
07-29 15:21:18.761  4826  4826 I SystemUi--Keyguard: ScrimControllerExImp-->blur State to UNLOCK, bouncer=false changeFromBouncerScrim= false runnerUnlock= false goingAway=false hasHandle=true isOccludeAnimationPlaying=false
07-29 15:21:18.761  3484  4192 I InputDispatcher: injectInputEvent: targetUid=<not set>, syncMode=WAIT_FOR_FINISHED, timeout=30000ms, policyFlags=0x8000000, event=MotionEvent { action=MOVE, id[0]=0, x[0]=900, y[0]=1967.17, eventTime=58602000000, downTime=58307000000, deviceId=4, source=TOUCHSCREEN, displayId=0, eventId=0xce81de68}
07-29 15:21:18.769  4826  4826 I SystemUi--Keyguard: ScrimControllerExImp-->blur State to UNLOCK, bouncer=false changeFromBouncerScrim= false runnerUnlock= false goingAway=false hasHandle=true isOccludeAnimationPlaying=false
07-29 15:21:18.769  3484  4192 I InputDispatcher: injectInputEvent: targetUid=<not set>, syncMode=WAIT_FOR_FINISHED, timeout=30000ms, policyFlags=0x8000000, event=MotionEvent { action=UP, id[0]=0, x[0]=900, y[0]=2000, eventTime=58611000000, downTime=58307000000, deviceId=4, source=TOUCHSCREEN, displayId=0, eventId=0xc0eaa946}
07-29 15:21:18.770  4826  4826 I SystemUi--Keyguard: ScrimControllerExImp-->blur State to UNLOCK, bouncer=false changeFromBouncerScrim= false runnerUnlock= false goingAway=false hasHandle=true isOccludeAnimationPlaying=false
07-29 15:21:18.770  3484  4805 D UAH-UahAdaptHelper: adaptSetNotification identity = OplusUAwareInputHelpersrc = 1000 , type 1 ,p1 = -1 ,p2 = -1 ,p3 = -1 ,p4 =
07-29 15:21:18.770  3484  4805 I [UAH_CLIENT]: uahRuleCtl, ruleId:1000, status:1
07-29 15:21:18.770  3484  4805 I [UAH_CLIENT]: UahRelease, handle:40
07-29 15:21:18.770  3484  4415 D OplusViewDebugManager: OplusViewDebugManager Constructor android.view.debug.OplusViewDebugManager@27e0879 [mHasViewDebugProperty true] [mHasMsgDebugProperty false] [DEBUG false] [EXTRAINFOENABLE false] [LIGHT_OS false]
07-29 15:21:18.771  3484  4415 D OplusViewDebugManager: OplusViewDebugManager Constructor android.view.debug.OplusViewDebugManager@cd4a9be [mHasViewDebugProperty true] [mHasMsgDebugProperty false] [DEBUG false] [EXTRAINFOENABLE false] [LIGHT_OS false]
07-29 15:21:18.771  3484  4805 I [UAH_CLIENT]: UahEventAcquire, cmdid:6, pkg:none, identity:OplusUAwareInputHelper
07-29 15:21:18.771  4826  4826 I SystemUi--Statusbar: OplusStatusBarWindowViewTouchExImpl-->onTouchEvent handled:false
07-29 15:21:18.771  4826  4826 I SystemUi--QuickSettings: OplusPanelViewPagerController-->reset
07-29 15:21:18.771  4826  4826 I SystemUi--QuickSettings: OplusPanelViewPagerController-->reset
07-29 15:21:18.772  4826  4826 I SystemUi--QuickSettings: OplusQSRootViewController-->endMotionEvent, expand: true, vel: 6566.6504, vectorVel: 6566.6504  isClosing=false panelClosedOnDown=true canSlideHToQSOnStatusBar=true
07-29 15:21:18.772  4826  4826 I SystemUi--QuickSettings: OplusQSRootViewController-->fling qs, expand: true, vel: 6566.6504
07-29 15:21:18.772  4826  4826 I SystemUi--QuickSettings: QSPanelExpandFraction-->animateExpanded, isExpanded=true, (0.9767178 -> 1.0), lastFinalPosition=1.0
07-29 15:21:18.772  4826  4826 I SystemUi--QuickSettings: QSPanelTranslationY-->animateExpandTranslationY, isExpanded=true, threshold=156.0
07-29 15:21:18.772  4826  6069 I [UAH_CLIENT]: UahRelease, handle:39
07-29 15:21:18.772  4826  4826 I SystemUi--QuickSettings: QSPanelAnimatorManager-->startRebound
07-29 15:21:18.772  4826  6069 I [UAH_CLIENT]: UahEventAcquire, cmdid:97, pkg:none, identity:OsenseHelperImpl
07-29 15:21:18.773  1919  1958 I [UAH_CLIENT]: UahPlatformResAcquire
07-29 15:21:18.773  1919  1958 I [UAH_CLIENT]: UahEventAcquire, cmdid:-3, pkg:1919 6977, identity:qcom-perfd
07-29 15:21:18.774  1919  1958 E PERFHAL-RESOURCEQS: PERFHAL-RESOURCEQS: AddAndApply() 130: Resource with major=18, minor=30 not supported
07-29 15:21:18.774  1919  1958 E PERFHAL-RESOURCEQS: PERFHAL-RESOURCEQS: AddAndApply() 130: Resource with major=18, minor=31 not supported
07-29 15:21:18.775  4826  4826 I SystemUi--QuickSettings: OplusPanelViewPagerController-->notifySeparateQSEndMotionEvent currentNotifyFraction=0.0  fraction=0.9767178 notifyExpandedFraction=0.0 fractionListeners.size=0
07-29 15:21:18.775  4826  4826 I SystemUi--QuickSettings: OplusQSRootViewController-->resetTouch
07-29 15:21:18.775  4826  4826 D OplusViewDragTouchViewHelper: dispatchTouchView action = 1
07-29 15:21:18.775  4826  4826 D OplusViewDragTouchViewHelper: dispatchTouchView action = 1
07-29 15:21:18.775  4826  4826 D OplusViewDragTouchViewHelper: dispatchTouchView action = 1
07-29 15:21:18.777  4826  4826 I SystemUi--Keyguard: ScrimControllerExImp-->blur State to UNLOCK, bouncer=false changeFromBouncerScrim= false runnerUnlock= false goingAway=false hasHandle=true isOccludeAnimationPlaying=false
07-29 15:21:18.777  1886  1954 I SnapAlloc: Using graphics libs for alignment calculations
07-29 15:21:18.778  4826  4826 I SystemUi--Keyguard: ScrimControllerExImp-->blur State to UNLOCK, bouncer=false changeFromBouncerScrim= false runnerUnlock= false goingAway=false hasHandle=true isOccludeAnimationPlaying=false
07-29 15:21:18.785  4826  4826 I SystemUi--Keyguard: ScrimControllerExImp-->blur State to UNLOCK, bouncer=false changeFromBouncerScrim= false runnerUnlock= false goingAway=false hasHandle=true isOccludeAnimationPlaying=false
07-29 15:21:18.785  4826  4826 I SystemUi--Keyguard: ScrimControllerExImp-->blur State to UNLOCK, bouncer=false changeFromBouncerScrim= false runnerUnlock= false goingAway=false hasHandle=true isOccludeAnimationPlaying=false
07-29 15:21:18.794  4826  4826 I SystemUi--Keyguard: ScrimControllerExImp-->blur State to UNLOCK, bouncer=false changeFromBouncerScrim= false runnerUnlock= false goingAway=false hasHandle=true isOccludeAnimationPlaying=false
07-29 15:21:18.794  4826  4826 I SystemUi--Keyguard: ScrimControllerExImp-->blur State to UNLOCK, bouncer=false changeFromBouncerScrim= false runnerUnlock= false goingAway=false hasHandle=true isOccludeAnimationPlaying=false
07-29 15:21:18.794  1886  1954 I SnapAlloc: Using graphics libs for alignment calculations
07-29 15:21:18.802  4826  4826 I SystemUi--Keyguard: ScrimControllerExImp-->blur State to UNLOCK, bouncer=false changeFromBouncerScrim= false runnerUnlock= false goingAway=false hasHandle=true isOccludeAnimationPlaying=false
07-29 15:21:18.802  4826  4826 I SystemUi--Keyguard: ScrimControllerExImp-->blur State to UNLOCK, bouncer=false changeFromBouncerScrim= false runnerUnlock= false goingAway=false hasHandle=true isOccludeAnimationPlaying=false
07-29 15:21:18.810  4826  4826 I SystemUi--Keyguard: ScrimControllerExImp-->blur State to UNLOCK, bouncer=false changeFromBouncerScrim= false runnerUnlock= false goingAway=false hasHandle=true isOccludeAnimationPlaying=false
07-29 15:21:18.811  1886  1954 I SnapAlloc: Using graphics libs for alignment calculations
07-29 15:21:18.811  4826  4826 I SystemUi--Keyguard: ScrimControllerExImp-->blur State to UNLOCK, bouncer=false changeFromBouncerScrim= false runnerUnlock= false goingAway=false hasHandle=true isOccludeAnimationPlaying=false
07-29 15:21:18.819  4826  4826 I SystemUi--Keyguard: ScrimControllerExImp-->blur State to UNLOCK, bouncer=false changeFromBouncerScrim= false runnerUnlock= false goingAway=false hasHandle=true isOccludeAnimationPlaying=false
07-29 15:21:18.819  4826  4826 I SystemUi--Keyguard: ScrimControllerExImp-->blur State to UNLOCK, bouncer=false changeFromBouncerScrim= false runnerUnlock= false goingAway=false hasHandle=true isOccludeAnimationPlaying=false
07-29 15:21:18.827  4826  4826 I SystemUi--Keyguard: ScrimControllerExImp-->blur State to UNLOCK, bouncer=false changeFromBouncerScrim= false runnerUnlock= false goingAway=false hasHandle=true isOccludeAnimationPlaying=false
07-29 15:21:18.827  4826  4826 I SystemUi--Keyguard: ScrimControllerExImp-->blur State to UNLOCK, bouncer=false changeFromBouncerScrim= false runnerUnlock= false goingAway=false hasHandle=true isOccludeAnimationPlaying=false
07-29 15:21:18.827  1886  1954 I SnapAlloc: Using graphics libs for alignment calculations
07-29 15:21:18.835  4826  4826 I SystemUi--Keyguard: ScrimControllerExImp-->blur State to UNLOCK, bouncer=false changeFromBouncerScrim= false runnerUnlock= false goingAway=false hasHandle=true isOccludeAnimationPlaying=false
07-29 15:21:18.836  4826  4826 I SystemUi--Keyguard: ScrimControllerExImp-->blur State to UNLOCK, bouncer=false changeFromBouncerScrim= false runnerUnlock= false goingAway=false hasHandle=true isOccludeAnimationPlaying=false
07-29 15:21:18.843  4826  4826 I SystemUi--Keyguard: ScrimControllerExImp-->blur State to UNLOCK, bouncer=false changeFromBouncerScrim= false runnerUnlock= false goingAway=false hasHandle=true isOccludeAnimationPlaying=false
07-29 15:21:18.844  1886  1954 I SnapAlloc: Using graphics libs for alignment calculations
07-29 15:21:18.844  4826  4826 I SystemUi--Keyguard: ScrimControllerExImp-->blur State to UNLOCK, bouncer=false changeFromBouncerScrim= false runnerUnlock= false goingAway=false hasHandle=true isOccludeAnimationPlaying=false
07-29 15:21:18.852  4826  4826 I SystemUi--Keyguard: ScrimControllerExImp-->blur State to UNLOCK, bouncer=false changeFromBouncerScrim= false runnerUnlock= false goingAway=false hasHandle=true isOccludeAnimationPlaying=false
07-29 15:21:18.852  4826  4826 I SystemUi--Keyguard: ScrimControllerExImp-->blur State to UNLOCK, bouncer=false changeFromBouncerScrim= false runnerUnlock= false goingAway=false hasHandle=true isOccludeAnimationPlaying=false
07-29 15:21:18.860  4826  4826 I SystemUi--Keyguard: ScrimControllerExImp-->blur State to UNLOCK, bouncer=false changeFromBouncerScrim= false runnerUnlock= false goingAway=false hasHandle=true isOccludeAnimationPlaying=false
07-29 15:21:18.860  1886  1954 I SnapAlloc: Using graphics libs for alignment calculations
07-29 15:21:18.861  4826  4826 I SystemUi--Keyguard: ScrimControllerExImp-->blur State to UNLOCK, bouncer=false changeFromBouncerScrim= false runnerUnlock= false goingAway=false hasHandle=true isOccludeAnimationPlaying=false
07-29 15:21:18.868  4826  4826 I SystemUi--Keyguard: ScrimControllerExImp-->blur State to UNLOCK, bouncer=false changeFromBouncerScrim= false runnerUnlock= false goingAway=false hasHandle=true isOccludeAnimationPlaying=false
07-29 15:21:18.869  4826  4826 I SystemUi--Keyguard: ScrimControllerExImp-->blur State to UNLOCK, bouncer=false changeFromBouncerScrim= false runnerUnlock= false goingAway=false hasHandle=true isOccludeAnimationPlaying=false
07-29 15:21:18.877  4826  4826 I SystemUi--Keyguard: ScrimControllerExImp-->blur State to UNLOCK, bouncer=false changeFromBouncerScrim= false runnerUnlock= false goingAway=false hasHandle=true isOccludeAnimationPlaying=false
07-29 15:21:18.877  1886  1954 I SnapAlloc: Using graphics libs for alignment calculations
07-29 15:21:18.877  4826  4826 I SystemUi--Keyguard: ScrimControllerExImp-->blur State to UNLOCK, bouncer=false changeFromBouncerScrim= false runnerUnlock= false goingAway=false hasHandle=true isOccludeAnimationPlaying=false
07-29 15:21:18.885  4826  4826 I SystemUi--Keyguard: ScrimControllerExImp-->blur State to UNLOCK, bouncer=false changeFromBouncerScrim= false runnerUnlock= false goingAway=false hasHandle=true isOccludeAnimationPlaying=false
07-29 15:21:18.885  4826  4826 I SystemUi--Keyguard: ScrimControllerExImp-->blur State to UNLOCK, bouncer=false changeFromBouncerScrim= false runnerUnlock= false goingAway=false hasHandle=true isOccludeAnimationPlaying=false
07-29 15:21:18.893  4826  4826 I SystemUi--Keyguard: ScrimControllerExImp-->blur State to UNLOCK, bouncer=false changeFromBouncerScrim= false runnerUnlock= false goingAway=false hasHandle=true isOccludeAnimationPlaying=false
07-29 15:21:18.894  1886  1954 I SnapAlloc: Using graphics libs for alignment calculations
07-29 15:21:18.894  4826  4826 I SystemUi--Keyguard: ScrimControllerExImp-->blur State to UNLOCK, bouncer=false changeFromBouncerScrim= false runnerUnlock= false goingAway=false hasHandle=true isOccludeAnimationPlaying=false
07-29 15:21:18.902  4826  4826 I SystemUi--Keyguard: ScrimControllerExImp-->blur State to UNLOCK, bouncer=false changeFromBouncerScrim= false runnerUnlock= false goingAway=false hasHandle=true isOccludeAnimationPlaying=false
07-29 15:21:18.902  4826  4826 I SystemUi--Keyguard: ScrimControllerExImp-->blur State to UNLOCK, bouncer=false changeFromBouncerScrim= false runnerUnlock= false goingAway=false hasHandle=true isOccludeAnimationPlaying=false
07-29 15:21:18.910  4826  4826 I SystemUi--Keyguard: ScrimControllerExImp-->blur State to UNLOCK, bouncer=false changeFromBouncerScrim= false runnerUnlock= false goingAway=false hasHandle=true isOccludeAnimationPlaying=false
07-29 15:21:18.910  1886  1954 I SnapAlloc: Using graphics libs for alignment calculations
07-29 15:21:18.910  4826  4826 I SystemUi--Keyguard: ScrimControllerExImp-->blur State to UNLOCK, bouncer=false changeFromBouncerScrim= false runnerUnlock= false goingAway=false hasHandle=true isOccludeAnimationPlaying=false
07-29 15:21:18.918  4826  4826 I SystemUi--Keyguard: ScrimControllerExImp-->blur State to UNLOCK, bouncer=false changeFromBouncerScrim= false runnerUnlock= false goingAway=false hasHandle=true isOccludeAnimationPlaying=false
07-29 15:21:18.919  4826  4826 I SystemUi--Keyguard: ScrimControllerExImp-->blur State to UNLOCK, bouncer=false changeFromBouncerScrim= false runnerUnlock= false goingAway=false hasHandle=true isOccludeAnimationPlaying=false
07-29 15:21:18.927  4826  4826 I SystemUi--Keyguard: ScrimControllerExImp-->blur State to UNLOCK, bouncer=false changeFromBouncerScrim= false runnerUnlock= false goingAway=false hasHandle=true isOccludeAnimationPlaying=false
07-29 15:21:18.927  1886  1954 I SnapAlloc: Using graphics libs for alignment calculations
07-29 15:21:18.927  4826  4826 I SystemUi--Keyguard: ScrimControllerExImp-->blur State to UNLOCK, bouncer=false changeFromBouncerScrim= false runnerUnlock= false goingAway=false hasHandle=true isOccludeAnimationPlaying=false
07-29 15:21:18.935  4826  4826 I SystemUi--Keyguard: ScrimControllerExImp-->blur State to UNLOCK, bouncer=false changeFromBouncerScrim= false runnerUnlock= false goingAway=false hasHandle=true isOccludeAnimationPlaying=false
07-29 15:21:18.935  4826  4826 I SystemUi--Keyguard: ScrimControllerExImp-->blur State to UNLOCK, bouncer=false changeFromBouncerScrim= false runnerUnlock= false goingAway=false hasHandle=true isOccludeAnimationPlaying=false
07-29 15:21:18.936  2001  2063 D BatteryChargeControl: bcc get no support from charging protocol
07-29 15:21:18.943  4826  4826 I SystemUi--Keyguard: ScrimControllerExImp-->blur State to UNLOCK, bouncer=false changeFromBouncerScrim= false runnerUnlock= false goingAway=false hasHandle=true isOccludeAnimationPlaying=false
07-29 15:21:18.944  4826  4826 I SystemUi--Keyguard: ScrimControllerExImp-->blur State to UNLOCK, bouncer=false changeFromBouncerScrim= false runnerUnlock= false goingAway=false hasHandle=true isOccludeAnimationPlaying=false
07-29 15:21:18.944  1886  1954 I SnapAlloc: Using graphics libs for alignment calculations
07-29 15:21:18.952  4826  4826 I SystemUi--QuickSettings: TemporarilyInfoManager-->[setStarted] true
07-29 15:21:18.952  4826  4826 I SystemUi--QuickSettings: OplusQSRootViewController-->endClosing()
07-29 15:21:18.952  4826  4826 I SystemUi--Common: OplusShadeExpansionStat-->go state: OPENING -> OPEN
07-29 15:21:18.952  4826  4826 I SystemUi--Common: OplusShadeExpansionStat-->go state: OPENING -> OPEN
07-29 15:21:18.952  4826  4826 I SystemUi--Keyguard: ScrimControllerExImp-->blur State to UNLOCK, bouncer=false changeFromBouncerScrim= false runnerUnlock= false goingAway=false hasHandle=true isOccludeAnimationPlaying=false
07-29 15:21:18.952  4826  4826 I SystemUi--Common: PlatformBlurManagerImpl-->setPlatformBlurMode: blurMode=AUTO(blurFrequency=4)
07-29 15:21:18.952  4826  4826 I SystemUi--Common: PlatformBlurManagerImpl-->updateMotionFrequency: isExpanding=false
07-29 15:21:18.952  4826  4826 I SystemUi--Keyguard: ScrimControllerExImp-->blur State to UNLOCK, bouncer=false changeFromBouncerScrim= false runnerUnlock= false goingAway=false hasHandle=true isOccludeAnimationPlaying=false
07-29 15:21:18.953  4826  4826 I SystemUi--Device_Panel: OplusQSMyDeviceContainerViewController-->setQsDeviceExpansion expansion 1.0
07-29 15:21:18.953  4826  4826 I SystemUi--QuickSettings: QSPanelExpandFraction-->fractionAnimation onAnimationEnd, value=1.0
07-29 15:21:18.960  1886  1954 I SnapAlloc: Using graphics libs for alignment calculations
07-29 15:21:18.966  1983  1983 D SensorFeature: name=ssc_screenshot_info ,index = 22
07-29 15:21:18.967  1983  1983 D SensorFeature: write 29 bytes:58799347529,58807680862,160,0
07-29 15:21:19.051  1894  4441 I Dpps    : LtmSwState::SetParameter():144 ignore cmd 7 in state LtmOffState
07-29 15:21:19.107  3484  3744 D VRR [OPlusSAManager]: updateAutoMinfps with nits: 100.639046, mHistOK true, mAmbientOK true, mCctOK true, mIrOK true, mBrightnessOK true, isPkgOK true, SA min fps: 119
07-29 15:21:19.107  3484  3744 D VRR [OPlusSurfaceFlingerController]: setAutoMode enable: true fakeFrame: true fps: 119
07-29 15:21:19.107  2129  2381 I VRR-[OPlusAdfrUtil]: ADFR try set Auto mode with mode 1 fakeframe 1 min fps 119
07-29 15:21:19.107  2129  2381 D VRR-[OPlusRefreshRateSelector]: OSyncModes add size is 1.
07-29 15:21:19.107  2129  2381 I VRR-[OPlusRefreshRateSelector]: updateAutoMode success, display 0, mode 0, fakeframe 1, min fps: 1
07-29 15:21:19.108  2129  3345 D VRR-[OPlusRefreshRateSelector]: handleSetHWCOSync
07-29 15:21:19.108  2129  3345 D VRR-[OPlusRefreshRateSelector]: OSyncModes remaining size is 0.
07-29 15:21:19.108  2129  3345 D VRR-[OPlusRefreshRateSelector]: SetHWCOSync with 5CC08181
07-29 15:21:19.109  1894  3339 I SDM     : DisplayBuiltIn::SetQSyncMode: VRR + update qsync mode 0 minfps 00C08181
07-29 15:21:19.116  1894  2149 E SDM     : DRMConnector::Perform: Connector 67: Setting Qsync min fps 12616065
07-29 15:21:19.240  1983  1983 D SensorFeature: name=ssc_screenshot_info ,index = 22
07-29 15:21:19.241  1983  1983 D SensorFeature: write 29 bytes:59073391019,59081724352,161,0
07-29 15:21:19.313  1842  4448 I sensors-hal: handle_oplus_wise_rgb_event:189, high_pwm_light:lux 180.3,cct 3575.1,brl/algo/ir 1339.0/2.0/23.4,pwm/dc 0.0/0.0,rgbc 14126.686523/9618.042969/4084.090088/26546.048828,ts 59081645100,cnt 830,flag 161
07-29 15:21:19.313  1894  4441 I Dpps    : LtmSwState::SetParameter():144 ignore cmd 7 in state LtmOffState
07-29 15:21:19.512  6582  6649 E oiface  : sched_setaffinity failed
07-29 15:21:19.514  1983  1983 D SensorFeature: name=ssc_screenshot_info ,index = 22
07-29 15:21:19.514  1983  1983 D SensorFeature: write 29 bytes:59347323675,59355657008,162,0
07-29 15:21:19.515  2001  2001 D vendor.oplus.hardware.charger-V7-service: getChargerControl:
07-29 15:21:19.528  1984  1991 E PerformanceService: storage_feature: open /sys/devices/platform/soc/112b0000.ufshci//virtualtlcbuff fail
07-29 15:21:19.535  3484  4835 W BestClock: java.time.DateTimeException: Missing network time fix
07-29 15:21:19.536  3484  4835 W BestClock: java.time.DateTimeException: Missing network time fix
07-29 15:21:19.536  3484  3529 W BestClock: java.time.DateTimeException: Missing network time fix
07-29 15:21:19.579  1894  4441 I Dpps    : LtmSwState::SetParameter():144 ignore cmd 7 in state LtmOffState
07-29 15:21:19.581  4826  5072 D OplusScrollToTopManager: NotificationShade,This com.android.systemui.shade.NotificationShadeWindowView{f8bbdc1 V.E...... ........ 0,0-1080,2376 #7f0a06b7 app:id/legacy_window_root alpha=1.0 viewInfo = } change focus to true
07-29 15:21:19.581  4826  5072 D OplusScrollToTopManager: NotificationShade, registerGuidePopupDismissReceiverInSystemUI
07-29 15:21:19.583  5181  5563 D OplusScrollToTopManager: com.android.launcher/com.android.launcher.Launcher,This com.android.internal.policy.DecorView{b118b70 V.E...... R....... 0,0-1080,2376 aid=0 alpha=1.0 viewInfo = }[Launcher] change focus to false
07-29 15:21:19.583  4826  5072 D OplusScrollToTopManager: NotificationShade, after registerGuidePopupDismissReceiverInSystemUI
07-29 15:21:19.788  1983  1983 D SensorFeature: name=ssc_screenshot_info ,index = 22
07-29 15:21:19.789  1983  1983 D SensorFeature: write 29 bytes:59621114248,59629447581,163,0
07-29 15:21:19.812  3484  4835 I InputDispatcher: injectInputEvent: targetUid=<not set>, syncMode=WAIT_FOR_FINISHED, timeout=30000ms, policyFlags=0x8000000, event=MotionEvent { action=DOWN, id[0]=0, x[0]=877, y[0]=1330, eventTime=59653000000, downTime=59653000000, deviceId=4, source=TOUCHSCREEN, displayId=0, eventId=0xcdecf949}
07-29 15:21:19.812  3484  4805 I [UAH_CLIENT]: UahEventAcquire, cmdid:37, pkg:none, identity:OplusUAwareInputHelper
07-29 15:21:19.812  4826  4826 V AutofillManager: requestHideFillUi(null): anchor = null
07-29 15:21:19.812  4826  4826 V Application: getAutofillClient(): null on super, trying to find activity thread
07-29 15:21:19.812  4826  4826 V Application: getAutofillClient(): none of the 0 activities on com.android.systemui.SystemUIApplication@de32d28 are top resumed nor have focus
07-29 15:21:19.812  4826  4826 V AutofillManager: No AutofillClient for com.android.systemui on context com.android.systemui.SystemUIApplication@de32d28
07-29 15:21:19.813  3484  4805 D UAH-UahAdaptHelper: adaptSetNotification identity = OplusUAwareInputHelpersrc = 1000 , type 0 ,p1 = -1 ,p2 = -1 ,p3 = -1 ,p4 =
07-29 15:21:19.813  3484  4805 I [UAH_CLIENT]: uahRuleCtl, ruleId:1000, status:0
07-29 15:21:19.813  3484  4627 D OMP_Detector: D:done mCurrStatus: 0
07-29 15:21:19.813  4826  4826 I SystemUi--Common: ScrollTranslationValue-->resetPanelTranslationY
07-29 15:21:19.814  3484  3729 D PowerManagerService: userActivityNoUpdateLocked: groupId=0, eventTime=59653, event=touch, flags=0x0, uid=1000
07-29 15:21:19.814  4826  4826 I SystemUi--QuickSettings: OplusPanelViewPagerController-->initExpanded downExpanded=QS downOnRight=true targetPage=QS downOnYHotArea=false  isKeyguardShowing=false isOnKeyguard=false fractionListeners.size=0 currentQsFraction=1.0 currentNotifyFraction=0.0 hasCalledDownEvent=true getScrollXHotZone=([Rect(0, 0 - 1080, 2376)], [Rect(-1, -1 - -1, -1), Rect(144, 2143 - 270, 2269), Rect(810, 2143 - 936, 2269)]) getScrollYHotZone=Rect(0, 0 - 1080, 222) notifyExpandedFraction=0.0 isLastUpToExpand=true qsPanelView.translationX=0.0
07-29 15:21:19.814  4826  4826 I SystemUi--QuickSettings: OplusQSRootViewController-->startExpandMotion event: 0, startTracking: false isClosing: false panelClosedOnDown: false
07-29 15:21:19.814  4826  4826 I SystemUi--QuickSettings: OplusQSRootViewController-->initialOffsetOnTouch: 2376.0, panelClosedOnDown: false
07-29 15:21:19.815  3484  4835 I InputDispatcher: injectInputEvent: targetUid=<not set>, syncMode=WAIT_FOR_FINISHED, timeout=30000ms, policyFlags=0x8000000, event=MotionEvent { action=UP, id[0]=0, x[0]=877, y[0]=1330, eventTime=59653000000, downTime=59653000000, deviceId=4, source=TOUCHSCREEN, displayId=0, eventId=0xfc9b8a17}
07-29 15:21:19.815  3484  4805 D UAH-UahAdaptHelper: adaptSetNotification identity = OplusUAwareInputHelpersrc = 1000 , type 1 ,p1 = -1 ,p2 = -1 ,p3 = -1 ,p4 =
07-29 15:21:19.815  3484  4805 I [UAH_CLIENT]: uahRuleCtl, ruleId:1000, status:1
07-29 15:21:19.816  4826  4826 I SystemUi--Statusbar: OplusStatusBarWindowViewTouchExImpl-->onTouchEvent handled:false
07-29 15:21:19.816  4826  4826 I SystemUi--QuickSettings: OplusPanelViewPagerController-->reset
07-29 15:21:19.816  4826  4826 I SystemUi--QuickSettings: OplusQSRootViewController-->resetTouch
07-29 15:21:19.816  4826  4826 D OplusViewDragTouchViewHelper: dispatchTouchView action = 1
07-29 15:21:19.816  4826  4826 D ViewRootImplExtImpl: the up motion event handled by client, just return
07-29 15:21:19.816  4826  4826 I SystemUi--QuickSettings: Tile.OplusAirplaneModeTile-->clicked ------ state is :2 canTips :true
07-29 15:21:19.818  4826  5449 V OplusCustomizeCacheManager: queryCache name: sys.cache.common_customize_cache18026 param: null
07-29 15:21:19.818  4826  5449 V OplusCustomizeCacheManager: queryCache name: sys.cache.common_customize_cache18026 param: null
07-29 15:21:19.820  3484  4605 D OplusWifiPower_ConnLpmEventObsever: AIRPLANE_MODE_ON:false
07-29 15:21:19.820  7459  9058 I SettingImpl: isAirplaneModeToggleChecked switchValue: -1, airplane mode isChecked is false
07-29 15:21:19.820  5168  5168 D SubsysBroadcastManager: onReceive action:android.intent.action.AIRPLANE_MODE
07-29 15:21:19.821  3484  4435 D BluetoothSystemServer: BluetoothRadioModeListener: Not sensitive to airplane_mode_radios change. Forced to false
