07-29 15:21:19.877  3484  5304 W ContextImpl: Calling a method in the system process without a qualified user: android.app.ContextImpl.sendBroadcastMultiplePermissions:1344 com.android.server.TelephonyRegistry.broadcastServiceStateChanged:3754 com.android.server.TelephonyRegistry.notifyServiceStateForPhoneId:1787 com.android.internal.telephony.ITelephonyRegistry$Stub.onTransact:546 android.os.Binder.execTransactInternal:1523 
07-29 15:21:19.877  3484  3667 D LocationManagerService: passive provider added registration from 1000/android[CountryDetector]/DF024CC9 -> Request[PASSIVE, minUpdateInterval=0, WorkSource{1000 android}] permissionLevel: 2 permitted: true
07-29 15:21:19.877  3484  5304 W ContextImpl: Calling a method in the system process without a qualified user: android.app.ContextImpl.sendBroadcastMultiplePermissions:1344 com.android.server.TelephonyRegistry.broadcastServiceStateChanged:3760 com.android.server.TelephonyRegistry.notifyServiceStateForPhoneId:1787 com.android.internal.telephony.ITelephonyRegistry$Stub.onTransact:546 android.os.Binder.execTransactInternal:1523 
07-29 15:21:19.879  4976  5012 I DeviceInfoAidlClient: onPowerInfoReportingChanged - reporting enabled true [15, 20, 30, 50, 80]
07-29 15:21:19.879  4976  5012 D DeviceInfoAidlClient: isRadioOn()=true
07-29 15:21:19.879  4976  5012 I DeviceInfoAidlClient: isPowerInfoNeverSent=true batteryLevel=100 batteryLevelIndex=5 chargingMode=2 totalCapacity=4742000 powerSaveMode=false
07-29 15:21:19.879  4976  5012 I DeviceInfoAidlClient: onDeviceInfoReportingChanged - reporting enabled true
07-29 15:21:19.879  4976  5012 D DeviceInfoAidlClient: getDeviceInfoSupportStatus()=1
07-29 15:21:19.879  4976  5012 D DeviceInfoAidlClient: isRadioOn()=true
07-29 15:21:19.879  4976  5012 I DeviceInfoAidlClient: deviceState=2
07-29 15:21:19.879  3484  3529 W BestClock: java.time.DateTimeException: Missing network time fix
07-29 15:21:19.880  4976  4976 D DeviceStatisticsService: onReceive: action= org.codeaurora.intent.action.RADIO_POWER_STATE
07-29 15:21:19.880  4976  4976 I DeviceStatisticsService: Receiving radio_power_state_changed, mIsDeviceInfoInitialized = true
07-29 15:21:19.880  4976  4976 I DeviceStatisticsService: radio power state changed to 1 for slot: 0
07-29 15:21:19.880  4976  4976 D DeviceInfoAidlClient: isRadioOn()=true
07-29 15:21:19.880  4976  4976 I DeviceInfoAidlClient: sendFeaturesSupported: power info support-true interactive state support-true
07-29 15:21:19.880  4976  5041 I DeviceInfoAidlClient: onPowerInfoReportingChanged - reporting enabled true [15, 20, 30, 50, 80]
07-29 15:21:19.880  4976  5041 D DeviceInfoAidlClient: isRadioOn()=true
07-29 15:21:19.880  4976  5041 I DeviceInfoAidlClient: isPowerInfoNeverSent=false batteryLevel=100 batteryLevelIndex=5 chargingMode=2 totalCapacity=4742000 powerSaveMode=false
07-29 15:21:19.880  4976  5041 I DeviceInfoAidlClient: onDeviceInfoReportingChanged - reporting enabled true
07-29 15:21:19.880  4976  5041 D DeviceInfoAidlClient: getDeviceInfoSupportStatus()=1
07-29 15:21:19.880  4976  5041 D DeviceInfoAidlClient: isRadioOn()=true
07-29 15:21:19.880  4976  5041 I DeviceInfoAidlClient: deviceState=2
07-29 15:21:19.882  5114  6204 D IWlanJni: getDataRegistrationState start
07-29 15:21:19.882  5923  5923 D CellBroadcastReceiver: onReceive Intent { act=android.intent.action.SERVICE_STATE flg=0x1000010 cmp=com.android.cellbroadcastreceiver.module/com.android.cellbroadcastreceiver.CellBroadcastReceiver (has extras) }
07-29 15:21:19.883  3484  5321 W BestClock: java.time.DateTimeException: Missing network time fix
07-29 15:21:19.883  5114  6213 D IWlanJni: new aidl event arrived
07-29 15:21:19.883  5114  6213 D IWlanJni: handleEvent 10
07-29 15:21:19.883  5114  6213 D IWlanJni: isThreadAttached start
07-29 15:21:19.883  5114  6213 D IWlanJni: jni detached
07-29 15:21:19.883  5923  5923 D CellBroadcastReceiver: onServiceStateChanged, ss: 1
07-29 15:21:19.883  5114  6213 D IWlanJni: jni attached
07-29 15:21:19.883  5114  6213 D IWlanJni: getDataRegistrationStateResponse start
07-29 15:21:19.883  5114  6213 D IWlanJni: getJavaCallbackClass start
07-29 15:21:19.883  5114  6213 D IWlanJni: getJavaCallbackClass End midIs[1]
07-29 15:21:19.883  5114  6213 I IWlanAidlClient: getDataRegistrationStateResponse called
07-29 15:21:19.883  5923  5923 D CellBroadcastReceiver: networkOperator: 
07-29 15:21:19.883  5114  6212 W IWlanNetworkService: 13 > Response Processed
07-29 15:21:19.883  4826  5713 V OplusCustomizeCacheManager: queryCache name: sys.cache.common_customize_cache18014 param: null
07-29 15:21:19.883  4826  5713 V OplusCustomizeCacheManager: queryCache name: sys.cache.common_customize_cache18017 param: Bundle[{SETTING=BLOCK, BUSINESS=NCT-DATA}]
07-29 15:21:19.883  4826  5713 V OplusCustomizeCacheManager: queryCache name: sys.cache.common_customize_cache18013 param: null
07-29 15:21:19.884  5923  5923 D CellBroadcastReceiver: mockmodem is running? = false
07-29 15:21:19.884  5923  5923 D CellBroadcastReceiver: Start Cell Broadcast configuration for intent=ACTION_ENABLE_CHANNELS
07-29 15:21:19.886  3484  5321 W BestClock: java.time.DateTimeException: Missing network time fix
07-29 15:21:19.886  5923 13110 D CellBroadcastConfigService: Enable CellBroadcast on sub 1
07-29 15:21:19.887  4921  4921 V OplusCustomizeCacheManager: queryCache name: sys.cache.common_customize_cache18016 param: null
07-29 15:21:19.887  4921  4921 V OplusCustomizeCacheManager: queryCache name: sys.cache.common_customize_cache18013 param: null
07-29 15:21:19.887  4921  4921 V OplusCustomizeCacheManager: queryCache name: sys.cache.common_customize_cache18014 param: null
07-29 15:21:19.887  4921  4921 V OplusCustomizeCacheManager: queryCache name: sys.cache.common_customize_cache18017 param: Bundle[{SETTING=BLOCK, BUSINESS=NCT-DATA}]
07-29 15:21:19.887  5044  9294 D txpwrJni: new aidl event arrived
07-29 15:21:19.887  5044  9294 D txpwrJni: handleEvent 1
07-29 15:21:19.887  5044  9294 D txpwrJni: isThreadAttached start
07-29 15:21:19.887  5044  9294 D txpwrJni: jni detached
07-29 15:21:19.887  5044  9294 D txpwrJni: jni attached
07-29 15:21:19.887  5044  9294 D txpwrJni: getRadioStatus start
07-29 15:21:19.887  5044  9294 D txpwrJni: getJavaCallbackClass start
07-29 15:21:19.887  5044  9294 D txpwrJni: getJavaCallbackClass End midIs[1]
07-29 15:21:19.887  3484  5604 W BestClock: java.time.DateTimeException: Missing network time fix
07-29 15:21:19.887  4921  4921 V OplusCustomizeCacheManager: queryCache name: sys.cache.common_customize_cache18016 param: null
07-29 15:21:19.887  4921  4921 V OplusCustomizeCacheManager: queryCache name: sys.cache.common_customize_cache18013 param: null
07-29 15:21:19.887  4921  4921 V OplusCustomizeCacheManager: queryCache name: sys.cache.common_customize_cache18014 param: null
07-29 15:21:19.887  4921  4921 V OplusCustomizeCacheManager: queryCache name: sys.cache.common_customize_cache18017 param: Bundle[{SETTING=BLOCK, BUSINESS=NCT-DATA}]
07-29 15:21:19.888  5044  8324 D txpwrJni: sendRadioStatus start
07-29 15:21:19.888  4826  5713 V OplusCustomizeCacheManager: queryCache name: sys.cache.common_customize_cache18014 param: null
07-29 15:21:19.888  4826  5713 V OplusCustomizeCacheManager: queryCache name: sys.cache.common_customize_cache18017 param: Bundle[{SETTING=BLOCK, BUSINESS=NCT-DATA}]
07-29 15:21:19.888  4826  5713 V OplusCustomizeCacheManager: queryCache name: sys.cache.common_customize_cache18013 param: null
07-29 15:21:19.888  5044  9294 D txpwrJni: new aidl event arrived
07-29 15:21:19.888  5044  9294 D txpwrJni: handleEvent 1
07-29 15:21:19.888  5044  9294 D txpwrJni: isThreadAttached start
07-29 15:21:19.888  5044  9294 D txpwrJni: jni detached
07-29 15:21:19.888  5044  9294 D txpwrJni: jni attached
07-29 15:21:19.888  5044  9294 D txpwrJni: getRadioStatus start
07-29 15:21:19.888  5044  9294 D txpwrJni: getJavaCallbackClass start
07-29 15:21:19.888  5044  9294 D txpwrJni: getJavaCallbackClass End midIs[1]
07-29 15:21:19.888  4921  5969 D CellBroadcastConfigTracker-0: Failed to set cdma config
07-29 15:21:19.889  4976  4976 D QcrilMsgTunnelIfaceManager: handleMessage what = 1
07-29 15:21:19.889  4976  4976 I QcrilOemhookMsgTunnel: [0]invokeOemRilRequestRaw: serial=1007 length=16
07-29 15:21:19.889  5923  5938 E CellBroadcastConfigService: fails to setCellBroadcastRanges, result = 2
07-29 15:21:19.889  5044  8324 D txpwrJni: sendRadioStatus start
07-29 15:21:19.889  4921  4921 D OplusPowerUpOptimizationImpl: onReceive: org.codeaurora.intent.action.RADIO_POWER_STATE
07-29 15:21:19.890  4921  5756 D OplusPowerUpOptimizationImpl: handleMessage what = 6
07-29 15:21:19.890  4921  5756 D OplusPowerUpOptimizationImpl: radio is available for slot: 1
07-29 15:21:19.890  4921  5756 D OplusPowerUpOptimizationImpl: trySendPhoneReady for slot: 1
07-29 15:21:19.890  4921  5756 D OplusPowerUpOptimizationImpl: Not sending ATEL ready: States: [1: {true, true, true, true}]
07-29 15:21:19.890  4921  4921 D CiWlanNotificationReceiver: ACTION_RADIO_POWER_STATE_CHANGED
07-29 15:21:19.890  4976  5012 I QtiOemHookAidl: oemHookRawResponse: serial no: 1007 error: 0length=1
07-29 15:21:19.891  4976  4976 D QcrilMsgTunnelIfaceManager: handleMessage what = 2
07-29 15:21:19.891  4921  5568 D QC_RIL_OEM_HOOK: sendOemRilRequestRaw returns value = 1
07-29 15:21:19.892  4826  4826 I KeyguardUpdateMonitor: action=android.intent.action.SERVICE_STATE subId=1 slotId=0
07-29 15:21:19.893  4826  5213 I SystemUi--QuickSettings: Tile.OplusCellularTile-->updateCarrierText: dialog not showing, ignore
07-29 15:21:19.893  4826  5213 D SimStateHelper: slot:0, lock state:Bundle[mParcelledData.dataSize=56]
07-29 15:21:19.893  4826  5213 D SimStateHelper: slot:1, lock state:Bundle[mParcelledData.dataSize=56]
07-29 15:21:19.893  4826  5213 D SimStateHelper: needDisableMenu: slot1State=-1; slot2State=-1
07-29 15:21:19.893  4826  5213 D SimStateHelper: needDisableMenu:false
07-29 15:21:19.893  4921  4921 I Telephony: y0: onServiceStateChanged: newState=1, mServiceState=3
07-29 15:21:19.893  4921  4921 I Telephony: isRttCurrentlySupported -- regular acct, hasVoiceAvailability: false
07-29 15:21:19.893  4921  4921 I Telephony:  isRttSupported: false
07-29 15:21:19.893  4921  4921 I Telephony:  isUserRttSettingOn: false
07-29 15:21:19.893  4921  4921 I Telephony:  alwaysAllowWhileRoaming: false
07-29 15:21:19.893  4921  4921 I Telephony:  isRoaming: false
07-29 15:21:19.893  4921  4921 I Telephony:  isOnWfc: false
07-29 15:21:19.894  5168  5168 D SubsysEventListenerManager-SubsysTelephonyCallback[0]: onSignalStrengthsChanged
07-29 15:21:19.894  3484  4486 D WifiNative: onSetCountryCodeSucceeded: US
07-29 15:21:19.894  3484  4486 I WifiCountryCode: Receive onSetCountryCodeSucceeded US
07-29 15:21:19.895  3484  4486 I WifiNl80211Manager: Receive country code change to US
07-29 15:21:19.895  3484  4486 D WifiScanRequestProxy: Sending scan available broadcast: true
07-29 15:21:19.895  3484  4486 I WifiScanRequestProxy: Scanning is enabled
07-29 15:21:19.895  3484  4486 I WifiScanRequestProxy: Scanning for hidden networks is disabled
07-29 15:21:19.895  3484  3484 D OplusWifiBroadCastDispatcher: mBroadcastReceiver: onReceiver  action=android.net.wifi.action.WIFI_SCAN_AVAILABILITY_CHANGED
07-29 15:21:19.895  3484  4486 D WakeupController: start()
07-29 15:21:19.895  3484  4486 E WifiStaIfaceAidlImpl: setScanMode failed with service-specific exception: android.os.ServiceSpecificException:  (code 4)
07-29 15:21:19.895  3484  4607 D OplusWifiPower_ConnLpmEventObsever: onReceive EXTRA_SCAN_AVAILABLE availabe = true
07-29 15:21:19.895  3484  4486 I WifiService: Receive onDriverCountryCodeChanged to US, update available channel list
07-29 15:21:19.895  2749  2749 I wificond: Receive notifyCountryCodeChanged
07-29 15:21:19.895  2749  2749 I wificond: UpdateBandInfo
07-29 15:21:19.896  3484  4607 D OplusWifiPowerService: onReceive action:android.net.wifi.action.WIFI_SCAN_AVAILABILITY_CHANGED
07-29 15:21:19.896  7124  7124 I OsAgent : onReceive: android.net.wifi.action.WIFI_SCAN_AVAILABILITY_CHANGED
07-29 15:21:19.896  3484  4607 D OplusWifiSwitchStateMonitor: scan settings change to true
07-29 15:21:19.896  7124  8281 I OsAgent : updateWiFiScanAvailState, scanAvailable: true
07-29 15:21:19.896  3484  4486 E ApConfigUtil: Malformed channel value detected: java.lang.NumberFormatException: For input string: ""
07-29 15:21:19.896  2749  2749 I wificond: 2.4Ghz frequencies: 2412 2417 2422 2427 2432 2437 2442 2447 2452 2457 2462
07-29 15:21:19.896  2749  2749 I wificond: 5Ghz non-DFS frequencies: 5180 5200 5220 5240 5745 5765 5785 5805 5825
07-29 15:21:19.896  2749  2749 I wificond: 5Ghz DFS frequencies: 5260 5280 5300 5320 5500 5520 5540 5560 5580 5600 5620 5640 5660 5680 5700
07-29 15:21:19.896  2749  2749 I wificond: 6Ghz frequencies:
07-29 15:21:19.896  2749  2749 I wificond: 60Ghz frequencies:
07-29 15:21:19.896  3484  4490 I WifiScanningService: Received a request to enable scanning, UID = 1000
07-29 15:21:19.897  3484  4490 I WifiScanningService: scanner impls already exists
07-29 15:21:19.897  3484  4490 E WifiScanningService: wifi driver loaded received while already loaded
07-29 15:21:19.897  3484  4486 E ApConfigUtil: Malformed channel value detected: java.lang.NumberFormatException: For input string: ""
07-29 15:21:19.897  4826  5071 I SystemUi--Statusbar: NetworkController.WifiSignalController-->wifi Broadcast action = android.telephony.action.SERVICE_PROVIDERS_UPDATED state=1 enabled=false connected=false isDefaultNetwork=false rssi=0 level=0 statusLabel = null isDirty = false
07-29 15:21:19.897  4826  5213 I SystemUi--QuickSettings: Tile.OplusCellularTile-->updateCarrierText: dialog not showing, ignore
07-29 15:21:19.897  4826  5213 D SimStateHelper: slot:0, lock state:Bundle[mParcelledData.dataSize=56]
07-29 15:21:19.898  4826  5213 D SimStateHelper: slot:1, lock state:Bundle[mParcelledData.dataSize=56]
07-29 15:21:19.898  3484  4486 E ApConfigUtil: Malformed channel value detected: java.lang.NumberFormatException: For input string: ""
07-29 15:21:19.898  4826  5213 D SimStateHelper: needDisableMenu: slot1State=-1; slot2State=-1
07-29 15:21:19.898  4826  5213 D SimStateHelper: needDisableMenu:false
07-29 15:21:19.898  3484  4606 D OplusSoftApManager: Support Wi-Fi6 SAP
07-29 15:21:19.898  3484  5326 W ContextImpl: Calling a method in the system process without a qualified user: android.app.ContextImpl.sendBroadcastMultiplePermissions:1311 android.content.Context.sendBroadcastMultiplePermissions:2524 com.android.server.TelephonyRegistry.broadcastServiceStateChanged:3740 com.android.server.TelephonyRegistry.notifyServiceStateForPhoneId:1787 com.android.internal.telephony.ITelephonyRegistry$Stub.onTransact:546 
07-29 15:21:19.899  3484  4486 I WifiService: Receive onDriverCountryCodeChanged to US, update available channel list
07-29 15:21:19.899  3484  5604 W BestClock: java.time.DateTimeException: Missing network time fix
07-29 15:21:19.899  3484  4486 E ApConfigUtil: Malformed channel value detected: java.lang.NumberFormatException: For input string: ""
07-29 15:21:19.900  3484  5326 W ContextImpl: Calling a method in the system process without a qualified user: android.app.ContextImpl.sendBroadcastMultiplePermissions:1344 com.android.server.TelephonyRegistry.broadcastServiceStateChanged:3745 com.android.server.TelephonyRegistry.notifyServiceStateForPhoneId:1787 com.android.internal.telephony.ITelephonyRegistry$Stub.onTransact:546 android.os.Binder.execTransactInternal:1523 
07-29 15:21:19.900  3484  4486 E ApConfigUtil: Malformed channel value detected: java.lang.NumberFormatException: For input string: ""
07-29 15:21:19.900  3484  4486 E ApConfigUtil: Malformed channel value detected: java.lang.NumberFormatException: For input string: ""
07-29 15:21:19.901  3484  4486 I WifiService: Receive onDriverCountryCodeChanged to US, update available channel list
07-29 15:21:19.901  3484  5604 W BestClock: java.time.DateTimeException: Missing network time fix
07-29 15:21:19.901  3484  4486 E ApConfigUtil: Malformed channel value detected: java.lang.NumberFormatException: For input string: ""
07-29 15:21:19.901  3484  5326 W ContextImpl: Calling a method in the system process without a qualified user: android.app.ContextImpl.sendBroadcastMultiplePermissions:1344 com.android.server.TelephonyRegistry.broadcastServiceStateChanged:3754 com.android.server.TelephonyRegistry.notifyServiceStateForPhoneId:1787 com.android.internal.telephony.ITelephonyRegistry$Stub.onTransact:546 android.os.Binder.execTransactInternal:1523 
07-29 15:21:19.902  4826  5713 V OplusCustomizeCacheManager: queryCache name: sys.cache.common_customize_cache18014 param: null
07-29 15:21:19.902  4826  5713 V OplusCustomizeCacheManager: queryCache name: sys.cache.common_customize_cache18017 param: Bundle[{SETTING=BLOCK, BUSINESS=NCT-DATA}]
07-29 15:21:19.902  4826  5713 V OplusCustomizeCacheManager: queryCache name: sys.cache.common_customize_cache18013 param: null
07-29 15:21:19.902  3484  4575 D CmccSliceManagerService: ACTION_DDS_SWITCH_DONE
07-29 15:21:19.902  3484  4483 V NetworkPolicy: updateNotificationsNL not process
07-29 15:21:19.902  3484  4486 E ApConfigUtil: Malformed channel value detected: java.lang.NumberFormatException: For input string: ""
07-29 15:21:19.902  3484  4575 D CmccSliceManagerService: cleanUpAndRestartSlice
07-29 15:21:19.902  3484  4575 D CmccSliceManagerService: cleanUpSlice
07-29 15:21:19.902  3484  4575 D CmccSliceManagerService: cleanUpSlice qcom
07-29 15:21:19.902  3484  4575 D CmccSliceManagerService: getDefaultDataSlotId0, subid: 1
07-29 15:21:19.902  4826  4826 I KeyguardUpdateMonitor: refreshSimState, changed:false,subId:1,slotId:0,state:5
07-29 15:21:19.903  4826  5213 I SystemUi--QuickSettings: Tile.OplusCellularTile-->updateCarrierText: dialog not showing, ignore
07-29 15:21:19.903  3484  4486 E ApConfigUtil: Malformed channel value detected: java.lang.NumberFormatException: For input string: ""
07-29 15:21:19.903  4826  5213 D SimStateHelper: slot:0, lock state:Bundle[mParcelledData.dataSize=56]
07-29 15:21:19.903  3484  5326 W ContextImpl: Calling a method in the system process without a qualified user: android.app.ContextImpl.sendBroadcastMultiplePermissions:1344 com.android.server.TelephonyRegistry.broadcastServiceStateChanged:3760 com.android.server.TelephonyRegistry.notifyServiceStateForPhoneId:1787 com.android.internal.telephony.ITelephonyRegistry$Stub.onTransact:546 android.os.Binder.execTransactInternal:1523 
07-29 15:21:19.903  5114  5114 D QCNEJ/WwanInfoRelay: onActiveSubscriptionsChanged activeCurrDDSId: 1 new DDS 1
07-29 15:21:19.903  5114  5114 D QCNEJ/WwanInfoRelay: onActiveSubscriptionsChanged activeCurrDDSId: 1 new DDS 1
07-29 15:21:19.904  4826  5213 D SimStateHelper: slot:1, lock state:Bundle[mParcelledData.dataSize=56]
07-29 15:21:19.904  4826  5213 D SimStateHelper: needDisableMenu: slot1State=-1; slot2State=-1
07-29 15:21:19.904  4826  5213 D SimStateHelper: needDisableMenu:false
07-29 15:21:19.904  4921  4921 D OplusPowerUpOptimizationImpl: onReceive: org.codeaurora.intent.action.RADIO_POWER_STATE
07-29 15:21:19.904  4921  5756 D OplusPowerUpOptimizationImpl: handleMessage what = 6
07-29 15:21:19.904  4921  5756 D OplusPowerUpOptimizationImpl: radio is available for slot: 0
07-29 15:21:19.904  4921  5756 D OplusPowerUpOptimizationImpl: trySendPhoneReady for slot: 0
07-29 15:21:19.904  4921  5756 D OplusPowerUpOptimizationImpl: Not sending ATEL ready: States: [0: {true, true, true, true}]
07-29 15:21:19.904  3484  4575 E ActivityThread: Failed to find provider info for com.cmccslice.proxyapp.provider
07-29 15:21:19.904  3484  4575 D CmccSliceManagerService: loadUrsp qcomCursor=null, count=-1, slotId=0
07-29 15:21:19.904  3484  4575 D CmccSliceManagerService: loadUrsp: qcomCursor=[]
07-29 15:21:19.904  3484  4575 D CmccSliceManagerService: isFeatureEnable , rus : false Feature : false
07-29 15:21:19.904  3484  4575 D CmccSliceManagerService: requestSliceNetwork: feature not enabled
07-29 15:21:19.904  3484  4575 D CmccSliceManagerService: cleanUpAndRestartSlice qcom
07-29 15:21:19.905  4988  5789 D CellularEvent: onActiveDataSubscriptionIdChanged sub id:1
07-29 15:21:19.905  4921  4921 D CiWlanNotificationReceiver: ACTION_RADIO_POWER_STATE_CHANGED
07-29 15:21:19.905  5923  5923 D CellBroadcastReceiver: onReceive Intent { act=android.intent.action.SERVICE_STATE flg=0x1000010 cmp=com.android.cellbroadcastreceiver.module/com.android.cellbroadcastreceiver.CellBroadcastReceiver (has extras) }
07-29 15:21:19.905  5923  5923 D CellBroadcastReceiver: onServiceStateChanged, ss: 1
07-29 15:21:19.905  5923  5923 D CellBroadcastReceiver: networkOperator: 
07-29 15:21:19.906  3484  5326 W BestClock: java.time.DateTimeException: Missing network time fix
07-29 15:21:19.906  4921  4921 D OplusTelephonyController: onSignalStrengthChanged: SignalStrength=SignalStrength:{mCdma=CellSignalStrengthCdma: cdmaDbm=2147483647 cdmaEcio=2147483647 evdoDbm=2147483647 evdoEcio=2147483647 evdoSnr=2147483647 level=0,mGsm=CellSignalStrengthGsm: rssi=2147483647 ber=2147483647 mTa=2147483647 mLevel=0,mWcdma=CellSignalStrengthWcdma: ss=2147483647 ber=2147483647 rscp=2147483647 ecno=2147483647 level=0,mTdscdma=CellSignalStrengthTdscdma: rssi=2147483647 ber=2147483647 rscp=2147483647 level=0,mLte=CellSignalStrengthLte: rssi=2147483647 rsrp=2147483647 rsrq=2147483647 rssnr=2147483647 cqiTableIndex=2147483647 cqi=2147483647 ta=2147483647 level=0 parametersUseForLevel=0,mNr=CellSignalStrengthNr:{ csiRsrp = 2147483647 csiRsrq = 2147483647 csiCqiTableIndex = 2147483647 csiCqiReport = [] ssRsrp = 2147483647 ssRsrq = 2147483647 ssSinr = 2147483647 level = 0 parametersUseForLevel = 0 timingAdvance = 2147483647 },primary=CellSignalStrengthLte}
07-29 15:21:19.906  3484  3529 W BestClock: java.time.DateTimeException: Missing network time fix
07-29 15:21:19.907  4826  5713 V OplusCustomizeCacheManager: queryCache name: sys.cache.common_customize_cache18014 param: null
07-29 15:21:19.907  4826  5713 V OplusCustomizeCacheManager: queryCache name: sys.cache.common_customize_cache18017 param: Bundle[{SETTING=BLOCK, BUSINESS=NCT-DATA}]
07-29 15:21:19.907  4826  5713 V OplusCustomizeCacheManager: queryCache name: sys.cache.common_customize_cache18013 param: null
07-29 15:21:19.907  4826  4826 I KeyguardUpdateMonitor: action=android.intent.action.SERVICE_STATE subId=-1 slotId=1
07-29 15:21:19.907  4826  4826 W KeyguardUpdateMonitorLog: invalid subId in handleServiceStateChange()
07-29 15:21:19.907  4826  5213 I SystemUi--QuickSettings: Tile.OplusCellularTile-->updateCarrierText: dialog not showing, ignore
07-29 15:21:19.908  4826  5213 D SimStateHelper: slot:0, lock state:Bundle[mParcelledData.dataSize=56]
07-29 15:21:19.908  4826  5213 D SimStateHelper: slot:1, lock state:Bundle[mParcelledData.dataSize=56]
07-29 15:21:19.908  4826  5213 D SimStateHelper: needDisableMenu: slot1State=-1; slot2State=-1
07-29 15:21:19.908  4826  5213 D SimStateHelper: needDisableMenu:false
07-29 15:21:19.908  4921  4921 D Telephony: isEmergencyPreferredAccount: subId=1, activeData=1
07-29 15:21:19.908  4921  4921 D Telephony: isEmergencyPreferredAccount: Device does not require preference.
07-29 15:21:19.908  4921  4921 D InternationalRoamingNotification: init
07-29 15:21:19.909  5168  5193 D VirtualCommService2: isSupport. true, true
07-29 15:21:19.909  4921  4921 D OplusVirtualCommUtils: isVirtualCommSupport, vRet: true
07-29 15:21:19.909  4921  4921 I OplusVirtualCommUtils: getVirtualCommDeviceType, vRet: 1
07-29 15:21:19.909  4921  4921 I OplusVirtualCommUtils: isConsumerDeviceType, deviceType: 1
07-29 15:21:19.910  4921  4921 D InternationalRoamingNotification: do not createRoamingNotification for invalid Network
07-29 15:21:19.911  5168  5168 D SubsysEventListenerManager-SubsysTelephonyCallback[0]: onCellInfoChanged
07-29 15:21:19.911  3484  4494 D ConnectivityService: unregister offer from providerId 5 : NetworkOffer [ Provider Id (5) Score(Policies : YIELD_TO_BAD_WIFI&TRANSPORT_PRIMARY&EVER_EVALUATED&IS_UNMETERED&EVER_VALIDATED&IS_VALIDATED ; KeepConnected : 0) Caps [ Transports: CELLULAR|SATELLITE Capabilities: MMS&SUPL&DUN&FOTA&IMS&CBS&IA&RCS&XCAP&EIMS&INTERNET&NOT_RESTRICTED&TRUSTED&NOT_VPN&MCX&NOT_VCN_MANAGED&ENTERPRISE&VSIM&BIP&MMTEL&PRIORITIZE_LATENCY&PRIORITIZE_BANDWIDTH&NOT_BANDWIDTH_CONSTRAINED Specifier: <TelephonyNetworkSpecifier [mSubId = 1]> EnterpriseId: 1&2&3&4&5 UnderlyingNetworks: Null] Needed by [222, 208, 163, 266, 56, 253, 110, 44, 98, 279, 106, 249, 238, 32, 34, 48, 40, 210, 256, 263, 154, 215, 28, 132, 146, 7, 91, 201, 62, 30, 83, 24, 149, 244, 176, 53, 139, 180, 197, 184, 50, 142, 173, 36, 76, 182, 80, 273, 137, 251, 269, 277, 170, 93, 69, 281, 189, 26, 260, 152, 235, 187, 9, 15, 233, 165, 218, 178, 86, 195, 246, 230, 46, 191, 58, 271, 38, 157, 42, 102, 275, 220, 212, 1, 18, 66, 134, 144, 167]]
07-29 15:21:19.912  3484  4494 D ConnectivityService: update offer from providerId 5 new : NetworkOffer [ Provider Id (5) Score(Policies : YIELD_TO_BAD_WIFI&TRANSPORT_PRIMARY&EVER_EVALUATED&IS_UNMETERED&EVER_VALIDATED&IS_VALIDATED ; KeepConnected : 0) Caps [ Transports: CELLULAR|SATELLITE Capabilities: MMS&SUPL&DUN&FOTA&IMS&CBS&IA&RCS&XCAP&EIMS&INTERNET&NOT_RESTRICTED&TRUSTED&NOT_VPN&MCX&NOT_VCN_MANAGED&ENTERPRISE&VSIM&BIP&MMTEL&PRIORITIZE_LATENCY&PRIORITIZE_BANDWIDTH&NOT_BANDWIDTH_CONSTRAINED Specifier: <TelephonyNetworkSpecifier [mSubId = 1]> EnterpriseId: 1&2&3&4&5 UnderlyingNetworks: Null] Needed by [222, 208, 163, 266, 56, 253, 110, 44, 98, 279, 106, 249, 238, 32, 34, 48, 40, 210, 256, 263, 154, 215, 28, 132, 146, 7, 91, 201, 62, 30, 83, 24, 149, 244, 176, 53, 139, 180, 197, 184, 50, 142, 173, 36, 76, 182, 80, 273, 137, 251, 269, 277, 170, 93, 69, 281, 189, 26, 260, 152, 235, 187, 9, 15, 233, 165, 218, 178, 86, 195, 246, 230, 46, 191, 58, 271, 38, 157, 42, 102, 275, 220, 212, 1, 18, 66, 134, 144, 167]]
07-29 15:21:19.912  3484  4494 D ConnectivityService: unregister offer from providerId 6 : NetworkOffer [ Provider Id (6) Score(Policies : YIELD_TO_BAD_WIFI&EVER_EVALUATED&IS_UNMETERED&EVER_VALIDATED&IS_VALIDATED ; KeepConnected : 0) Caps [ Transports: CELLULAR|SATELLITE Capabilities: MMS&SUPL&DUN&FOTA&IMS&CBS&IA&RCS&XCAP&EIMS&INTERNET&NOT_RESTRICTED&TRUSTED&NOT_VPN&MCX&NOT_VCN_MANAGED&ENTERPRISE&VSIM&BIP&MMTEL&PRIORITIZE_LATENCY&PRIORITIZE_BANDWIDTH&NOT_BANDWIDTH_CONSTRAINED Specifier: <TelephonyNetworkSpecifier [mSubId = -1]> EnterpriseId: 1&2&3&4&5 UnderlyingNetworks: Null] Needed by [222, 208, 163, 266, 56, 253, 110, 44, 98, 279, 106, 249, 238, 32, 34, 48, 40, 210, 256, 263, 154, 215, 28, 132, 146, 7, 91, 201, 62, 30, 83, 24, 149, 244, 176, 53, 139, 180, 197, 184, 50, 142, 173, 36, 76, 182, 80, 273, 137, 251, 269, 277, 170, 93, 69, 281, 189, 26, 260, 152, 235, 187, 9, 15, 233, 165, 218, 178, 86, 195, 246, 230, 46, 191, 58, 271, 38, 157, 42, 102, 275, 220, 212, 1, 18, 66, 134, 144, 167]]
07-29 15:21:19.912  3484  4494 D ConnectivityService: update offer from providerId 6 new : NetworkOffer [ Provider Id (6) Score(Policies : YIELD_TO_BAD_WIFI&EVER_EVALUATED&IS_UNMETERED&EVER_VALIDATED&IS_VALIDATED ; KeepConnected : 0) Caps [ Transports: CELLULAR|SATELLITE Capabilities: MMS&SUPL&DUN&FOTA&IMS&CBS&IA&RCS&XCAP&EIMS&INTERNET&NOT_RESTRICTED&TRUSTED&NOT_VPN&MCX&NOT_VCN_MANAGED&ENTERPRISE&VSIM&BIP&MMTEL&PRIORITIZE_LATENCY&PRIORITIZE_BANDWIDTH&NOT_BANDWIDTH_CONSTRAINED Specifier: <TelephonyNetworkSpecifier [mSubId = -1]> EnterpriseId: 1&2&3&4&5 UnderlyingNetworks: Null] Needed by [222, 208, 163, 266, 56, 253, 110, 44, 98, 279, 106, 249, 238, 32, 34, 48, 40, 210, 256, 263, 154, 215, 28, 132, 146, 7, 91, 201, 62, 30, 83, 24, 149, 244, 176, 53, 139, 180, 197, 184, 50, 142, 173, 36, 76, 182, 80, 273, 137, 251, 269, 277, 170, 93, 69, 281, 189, 26, 260, 152, 235, 187, 9, 15, 233, 165, 218, 178, 86, 195, 246, 230, 46, 191, 58, 271, 38, 157, 42, 102, 275, 220, 212, 1, 18, 66, 134, 144, 167]]
07-29 15:21:19.916  4921  4921 V OplusCustomizeCacheManager: queryCache name: sys.cache.common_customize_cache18016 param: null
07-29 15:21:19.916  4921  4921 V OplusCustomizeCacheManager: queryCache name: sys.cache.common_customize_cache18013 param: null
07-29 15:21:19.916  4921  4921 V OplusCustomizeCacheManager: queryCache name: sys.cache.common_customize_cache18014 param: null
07-29 15:21:19.916  4921  4921 V OplusCustomizeCacheManager: queryCache name: sys.cache.common_customize_cache18017 param: Bundle[{SETTING=BLOCK, BUSINESS=NCT-DATA}]
07-29 15:21:19.917  4921  4921 V OplusCustomizeCacheManager: queryCache name: sys.cache.common_customize_cache18016 param: null
07-29 15:21:19.917  4921  4921 V OplusCustomizeCacheManager: queryCache name: sys.cache.common_customize_cache18013 param: null
07-29 15:21:19.917  4921  4921 V OplusCustomizeCacheManager: queryCache name: sys.cache.common_customize_cache18014 param: null
07-29 15:21:19.917  4921  4921 V OplusCustomizeCacheManager: queryCache name: sys.cache.common_customize_cache18017 param: Bundle[{SETTING=BLOCK, BUSINESS=NCT-DATA}]
07-29 15:21:19.917  4921  4921 D InternationalRoamingNotification: init
07-29 15:21:19.917  5168  6255 D VirtualCommService2: isSupport. true, true
07-29 15:21:19.917  4921  4921 D OplusVirtualCommUtils: isVirtualCommSupport, vRet: true
07-29 15:21:19.917  4921  4921 I OplusVirtualCommUtils: getVirtualCommDeviceType, vRet: 1
07-29 15:21:19.917  4921  4921 I OplusVirtualCommUtils: isConsumerDeviceType, deviceType: 1
07-29 15:21:19.918  4921  4921 D InternationalRoamingNotification: do not createRoamingNotification for invalid Network
07-29 15:21:19.923  4826  4826 I SystemUi--QuickSettings: QsLottieUtils-->getLottieAnimFile : qs/qs_airplane_lottie_active_sep_dual_light.json
07-29 15:21:19.923  1919  1958 I [UAH_CLIENT]: UahRelease, handle:44
07-29 15:21:19.923  4826  4826 I SystemUi--QuickSettings: TemporarilyInfoManager-->[trigger] start from show
07-29 15:21:19.924  4826  4826 I SystemUi--QuickSettings: TemporarilyInfoManager-->[getLayoutParams] translationY=102.08382, translationX=0, width=1080, height=228, isLandscape=false, parent=androidx.constraintlayout.widget.ConstraintLayout{1cdb3de V.E...... ......ID 0,0-1080,2376 #7f0a09f6 app:id/qs_container_area_layout alpha=1.0 viewInfo = }
07-29 15:21:19.924  4826  4826 I SystemUi--Common: ViewExt-->[startAlongWithPosition] com.oplus.systemui.qs.base.temporarilyinfo.TemporarilyInfoManager$createViewToParent$1{f09d4ca V.ED..... ......ID 0,0-0,0 #7f0a0cb6 app:id/temporarily_info_view alpha=0.0 viewInfo = } alongWith android.widget.RelativeLayout{441563b V.E...... ........ 0,102-1080,222 #7f0a0a2e app:id/qs_status_bar_container_layout alpha=1.0 viewInfo = }
07-29 15:21:19.924  4826  4826 I SystemUi--QuickSettings: TemporarilyInfoManager-->[showElement] com.oplus.systemui.qs.base.temporarilyinfo.TemporarilyInfoManager$createViewToParent$1{f09d4ca V.ED..... ......ID 0,0-0,0 #7f0a0cb6 app:id/temporarily_info_view alpha=0.0 viewInfo = } for Element(text=Airplane mode off, groupId=Airplane mode, style=InfoShowStyle(textSize=16.0, sizeUnit=2, textColor=-1, showDuration=1500, alongWithReplacedView=true))
07-29 15:21:19.924  4826  4826 I SystemUi--QuickSettings: TemporarilyInfoManager-->[animateShow] com.oplus.systemui.qs.base.temporarilyinfo.TemporarilyInfoManager$createViewToParent$1{f09d4ca VFED..C.. ......ID 0,0-0,0 #7f0a0cb6 app:id/temporarily_info_view alpha=0.0 viewInfo = } start
07-29 15:21:19.937  2001  2063 D BatteryChargeControl: bcc get no support from charging protocol
07-29 15:21:19.953  4826  4826 I SystemUi--QuickSettings: QsLottieUtils-->getLottieAnimFile : qs/qs_cellular_lottie_active_sep_dual_light.json
07-29 15:21:19.966  3424  3918 D QmiClient: qmiServiceEventCallback recv msg id 1106
07-29 15:21:19.966  3424  3918 D QmiVsClient: enter - onQmiServiceEventCallback msgId 1106
07-29 15:21:19.967  3424  3445 D VsProxy : handleMessage msg is 2425
07-29 15:21:19.967  3424  3445 D VsProxy : handleServingCellInfoChangeInd for instance 0
07-29 15:21:19.967  3424  3424 D RadioServiceIndication: radioServingCellInfoInd
07-29 15:21:19.967  3424  3424 D RadioServiceIndication: radioServingCellInfoInd
07-29 15:21:19.967  5168  6255 D SubsysRadioIndication[0]: radioServingCellInfoInd
07-29 15:21:19.968  5168  5168 D NetworkService[0]: handleMessage what:1003
07-29 15:21:19.968  5168  6255 D SubsysRadioIndication[0]: radioServingCellInfoInd
07-29 15:21:19.969  5168  5168 D NetworkService[0]: handleMessage what:1003
07-29 15:21:19.969  4988  5789 D RadioEvent: onCellInfoChanged slotId=0
07-29 15:21:19.970  4988  5789 D RadioEvent: onCellInfoChanged slotId=0
07-29 15:21:19.971  3425  3909 D QmiClient: qmiServiceEventCallback recv msg id 276
07-29 15:21:19.971  3425  3909 D QmiNasClient: enter : onQmiServiceEventCallback msgId 276
07-29 15:21:19.971  3425  3909 D QmiNasClientEvent: qmiNasClientAccessBarringStatusEvent - RADIO_EVENT_NAS_ACCESS_BARRING_STATUS_IND
07-29 15:21:19.972  3425  3463 D NasProxy: handleMessage msg is 2104
07-29 15:21:19.972  3424  3911 D QmiClient: qmiServiceEventCallback recv msg id 276
07-29 15:21:19.972  3424  3911 D QmiNasClient: enter : onQmiServiceEventCallback msgId 276
07-29 15:21:19.972  3424  3911 D QmiNasClientEvent: qmiNasClientAccessBarringStatusEvent - RADIO_EVENT_NAS_ACCESS_BARRING_STATUS_IND
07-29 15:21:19.972  3424  3911 D QmiClient: qmiServiceEventCallback recv msg id 78
07-29 15:21:19.972  3424  3473 D NasProxy: handleMessage msg is 2104
07-29 15:21:19.972  3424  3911 D QmiNasClient: enter : onQmiServiceEventCallback msgId 78
07-29 15:21:19.972  3424  3911 D QmiNasClientEvent: qmiNasClientNotifySysInfoEvent lte_ims_voice_avail_valid 0
07-29 15:21:19.972  3424  3473 D NasProxy: handleMessage msg is 2101
07-29 15:21:19.972  3424  3473 D NasProxy: handleNasSysInfoEvent for instance 0
07-29 15:21:19.973  5168  6255 D SubsysRadioIndication[1]: radioNasAccessBarringStatusInd, NasAccessBarringStatusType: radioIf:12, dataBarringStatus:0, dataBarringTime:0, voiceBarringStatus:0, voiceBarringTime:0, videoBarringStatus:0, videoBarringTime:0
07-29 15:21:19.973  5168  5193 D SubsysRadioIndication[0]: radioNasAccessBarringStatusInd, NasAccessBarringStatusType: radioIf:12, dataBarringStatus:0, dataBarringTime:0, voiceBarringStatus:0, voiceBarringTime:0, videoBarringStatus:0, videoBarringTime:0
07-29 15:21:19.973  5168  6255 D SubsysRadioIndication[1]: notify enter
07-29 15:21:19.973  5168  5193 D SubsysRadioIndication[0]: notify enter
07-29 15:21:19.973  5168  5193 D SubsysRadioIndication[0]: radioNr5gFreqTypeIndication, nr5gFreqType = 0
07-29 15:21:19.973  5168  5168 D QtiCellularNetwork: handleNr5gFreqTypeChanged 0, nr5gFreqType = 0
07-29 15:21:19.974  5085  7163 I QImsService: ImsRadioIndicationAidl : onServiceDomainChanged()[SUB0]
07-29 15:21:19.974  5085  7163 I QImsService: ImsSenderRxr : [UNSL]< UNSOL_SERVICE_DOMAIN_CHANGED 0[SUB0]
07-29 15:21:19.975  5085  5085 I QImsService: ImsRegistrationController : Message received: what = 5
07-29 15:21:19.975  5085  5085 I QImsService: ImsRegistrationController : handleSrvDomainChanged
07-29 15:21:19.977  4976  5012 D QtiOemHookAidl: oemHookRawIndication length=21
07-29 15:21:19.977  4976  4976 D QcrilMsgTunnelIfaceManager: handleMessage what = 0
07-29 15:21:19.978  5114  6204 D IWlanJni: getDataRegistrationState start
07-29 15:21:19.978  4921  4921 D QC_RIL_OEM_HOOK: Received Broadcast Intent ACTION_UNSOL_RESPONSE_OEM_HOOK_RAW
07-29 15:21:19.978  4921  4921 D QC_RIL_OEM_HOOK: Received Broadcast Intent ACTION_UNSOL_RESPONSE_OEM_HOOK_RAW
07-29 15:21:19.978  4976  4976 D QC_RIL_OEM_HOOK: Received Broadcast Intent ACTION_UNSOL_RESPONSE_OEM_HOOK_RAW
07-29 15:21:19.978  4921  4921 D QC_RIL_OEM_HOOK: Received Broadcast Intent ACTION_UNSOL_RESPONSE_OEM_HOOK_RAW
07-29 15:21:19.979  5114  6213 D IWlanJni: new aidl event arrived
07-29 15:21:19.979  5114  6213 D IWlanJni: handleEvent 10
07-29 15:21:19.979  5114  6213 D IWlanJni: isThreadAttached start
07-29 15:21:19.979  5114  6213 D IWlanJni: jni detached
07-29 15:21:19.979  5114  6213 D IWlanJni: jni attached
07-29 15:21:19.979  5114  6213 D IWlanJni: getDataRegistrationStateResponse start
07-29 15:21:19.979  5114  6213 D IWlanJni: getJavaCallbackClass start
07-29 15:21:19.979  5114  6213 D IWlanJni: getJavaCallbackClass End midIs[1]
07-29 15:21:19.979  5114  6213 I IWlanAidlClient: getDataRegistrationStateResponse called
07-29 15:21:19.979  5114  6212 W IWlanNetworkService: 14 > Response Processed
07-29 15:21:19.981  4921  4921 D OplusTelephonyController: onSignalStrengthChanged: SignalStrength=SignalStrength:{mCdma=CellSignalStrengthCdma: cdmaDbm=2147483647 cdmaEcio=2147483647 evdoDbm=2147483647 evdoEcio=2147483647 evdoSnr=2147483647 level=0,mGsm=CellSignalStrengthGsm: rssi=2147483647 ber=2147483647 mTa=2147483647 mLevel=0,mWcdma=CellSignalStrengthWcdma: ss=2147483647 ber=2147483647 rscp=2147483647 ecno=2147483647 level=0,mTdscdma=CellSignalStrengthTdscdma: rssi=2147483647 ber=2147483647 rscp=2147483647 level=0,mLte=CellSignalStrengthLte: rssi=2147483647 rsrp=2147483647 rsrq=2147483647 rssnr=2147483647 cqiTableIndex=2147483647 cqi=2147483647 ta=2147483647 level=0 parametersUseForLevel=0,mNr=CellSignalStrengthNr:{ csiRsrp = 2147483647 csiRsrq = 2147483647 csiCqiTableIndex = 2147483647 csiCqiReport = [] ssRsrp = 2147483647 ssRsrq = 2147483647 ssSinr = 2147483647 level = 0 parametersUseForLevel = 0 timingAdvance = 2147483647 },primary=CellSignalStrengthLte}
07-29 15:21:19.982  5114  6204 D IWlanJni: getDataRegistrationState start
07-29 15:21:19.982  5114  6213 D IWlanJni: new aidl event arrived
07-29 15:21:19.982  5114  6213 D IWlanJni: handleEvent 10
07-29 15:21:19.982  5114  6213 D IWlanJni: isThreadAttached start
07-29 15:21:19.982  5114  6213 D IWlanJni: jni detached
07-29 15:21:19.982  5114  6213 D IWlanJni: jni attached
07-29 15:21:19.982  5114  6213 D IWlanJni: getDataRegistrationStateResponse start
07-29 15:21:19.982  5114  6213 D IWlanJni: getJavaCallbackClass start
07-29 15:21:19.982  5114  6213 D IWlanJni: getJavaCallbackClass End midIs[1]
07-29 15:21:19.982  5114  6213 I IWlanAidlClient: getDataRegistrationStateResponse called
07-29 15:21:19.982  5114  6212 W IWlanNetworkService: 15 > Response Processed
07-29 15:21:19.983  5168  5168 D SubsysEventListenerManager-SubsysTelephonyCallback[0]: onSignalStrengthsChanged
07-29 15:21:19.987  4921  4921 W Settings: Setting airplane_mode_on has moved from android.provider.Settings.System to android.provider.Settings.Global, returning read-only value.
07-29 15:21:19.987  3484  3529 W BestClock: java.time.DateTimeException: Missing network time fix
07-29 15:21:19.987  4988  5796 W BluetoothAdapterExtImpl: getBluetoothConnectionCount：mOplusBluetooth null!
07-29 15:21:19.988  4988  5795 D NAS-CallIssueDetector: onPollCsPsRegStateChanged slotid = 0
07-29 15:21:19.988  4988  5795 D NAS-CallIssueDetector: notifyRealOosChanged
07-29 15:21:19.988  4988  5795 D OplusCiwlanController: [vodata] getSubId subid =  1
07-29 15:21:19.988  4988  5796 D TelephonyImpl: isRequestingMms
07-29 15:21:19.988  3484  3484 D OplusWifiBroadCastDispatcher: mBroadcastReceiver: onReceiver  action=oplus.intent.action.MCC_CHANGE
07-29 15:21:19.988  4988  5796 D TelephonyImpl: getReleaseMmsNetworkTime
07-29 15:21:19.989  4988  5796 D OplusDdsSwitchStrategy: Md,OplusCheckFeature,RETURN_TO_CUR_ACTION_DDS
07-29 15:21:19.989  4988  5795 D OplusCiwlanController: [vodata] processOosChanged  phoneid = 0,cur regstate = 1,old regstate = -1
07-29 15:21:19.989  4988  5795 D OplusCiwlanController: [vodata] getSubId subid =  -1
07-29 15:21:19.989  4988  5795 D OplusCiwlanController: [vodata] processOosChanged  phoneid = 1,cur regstate = 1,old regstate = -1
07-29 15:21:19.989  4664  4827 D CNGmsControlService: receive:oplus.intent.action.MCC_CHANGE
07-29 15:21:19.989  3484  5604 W BestClock: java.time.DateTimeException: Missing network time fix
07-29 15:21:19.990  7432  7432 I 7432PAS.MccChangeReceiver_Travel: onReceive
07-29 15:21:19.990  4826  5713 V OplusCustomizeCacheManager: queryCache name: sys.cache.common_customize_cache18014 param: null
07-29 15:21:19.990  4826  5713 V OplusCustomizeCacheManager: queryCache name: sys.cache.common_customize_cache18017 param: Bundle[{SETTING=BLOCK, BUSINESS=NCT-DATA}]
07-29 15:21:19.990  4826  5713 V OplusCustomizeCacheManager: queryCache name: sys.cache.common_customize_cache18013 param: null
07-29 15:21:19.991  4664  4827 D CNGmsControlService: mcc1=001 mcc2=null GmsState=2 TagWhitelistApp=true UserDisableCount=0 SettingsGmsState=1
07-29 15:21:19.992  1842  9780 I sensors-hal: handle_sns_client_event:87, step_count_event: ts=59833172808 count 0
07-29 15:21:19.992  3484  4370 D SensorServiceUtils: sensorEventLog step_counter = 0
07-29 15:21:19.992  3484  4370 D SensorServiceUtils: sensorEventLog step_counter = 0
07-29 15:21:19.992  3484  4370 D SensorServiceUtils: sensorEventLog step_counter = 0
07-29 15:21:19.992  3484  4370 D SensorServiceUtils: sensorEventLog step_counter = 0
07-29 15:21:19.992  3484  4370 D SensorServiceUtils: sensorEventLog step_counter = 0
07-29 15:21:19.992  3484  4370 D SensorServiceUtils: sensorEventLog step_counter = 0
07-29 15:21:19.992  3484  4370 D SensorServiceUtils: sensorEventLog step_counter = 0
07-29 15:21:19.992  3484  4370 D SensorServiceUtils: sensorEventLog step_counter = 0
07-29 15:21:19.992  3484  4370 D SensorServiceUtils: sensorEventLog step_counter = 0
07-29 15:21:19.992  3484  4370 D SensorServiceUtils: sensorEventLog step_counter = 0
07-29 15:21:19.992  3484  4370 D SensorServiceUtils: sensorEventLog step_counter = 0
07-29 15:21:19.992  3484  4370 D SensorServiceUtils: sensorEventLog step_counter = 0
07-29 15:21:19.992  3484  4370 D SensorServiceUtils: sensorEventLog step_counter = 0
07-29 15:21:19.992  3484  4370 D SensorServiceUtils: sensorEventLog step_counter = 0
07-29 15:21:19.992  3484  4370 D SensorServiceUtils: sensorEventLog step_counter = 0
07-29 15:21:19.992  3484  4370 D SensorServiceUtils: sensorEventLog step_counter = 0
07-29 15:21:19.992  3484  4370 D SensorServiceUtils: sensorEventLog step_counter = 0
07-29 15:21:19.992  3484  4370 D SensorServiceUtils: sensorEventLog step_counter = 0
07-29 15:21:19.992  3484  4370 D SensorServiceUtils: sensorEventLog step_counter = 0
07-29 15:21:19.992  7432  8086 D NetWorkMonitor: addNetStateListener :true
07-29 15:21:19.992  4664  4664 V SystemSensorManagerExtImpl: step counter dispatchSensorEvent step 0.0 to + a.b$c@42cf9ff
07-29 15:21:19.993  3484  5326 D ConnectivityService: requestNetwork for uid/pid:10137/7432 activeRequest: null callbackRequest: 282 [NetworkRequest [ REQUEST id=283, [ Capabilities: INTERNET&NOT_RESTRICTED&TRUSTED&NOT_VCN_MANAGED&NOT_BANDWIDTH_CONSTRAINED Uid: 10137 RequestorUid: 10137 RequestorPkg: com.coloros.sceneservice UnderlyingNetworks: Null] ]] callback flags: 0 order: 2147483647 isUidTracked: false
07-29 15:21:19.993  7432  8086 D NetWorkMonitor: resume registerNetworkCallback
07-29 15:21:19.993  4921  6279 D OplusNetworkFactory: got request NetworkRequest [ REQUEST id=283, [ Capabilities: INTERNET&NOT_RESTRICTED&TRUSTED&NOT_VCN_MANAGED&NOT_BANDWIDTH_CONSTRAINED Uid: 10137 RequestorUid: 10137 RequestorPkg: com.coloros.sceneservice UnderlyingNetworks: Null] ]
07-29 15:21:19.993  3484  4486 D WifiNetworkFactory: got request NetworkRequest [ REQUEST id=283, [ Capabilities: INTERNET&NOT_RESTRICTED&TRUSTED&NOT_VCN_MANAGED&NOT_BANDWIDTH_CONSTRAINED Uid: 10137 RequestorUid: 10137 RequestorPkg: com.coloros.sceneservice UnderlyingNetworks: Null] ]
07-29 15:21:19.993  3484  4486 D UntrustedWifiNetworkFactory: got request NetworkRequest [ REQUEST id=283, [ Capabilities: INTERNET&NOT_RESTRICTED&TRUSTED&NOT_VCN_MANAGED&NOT_BANDWIDTH_CONSTRAINED Uid: 10137 RequestorUid: 10137 RequestorPkg: com.coloros.sceneservice UnderlyingNetworks: Null] ]
07-29 15:21:19.993  3484  4486 D OemPaidWifiNetworkFactory: got request NetworkRequest [ REQUEST id=283, [ Capabilities: INTERNET&NOT_RESTRICTED&TRUSTED&NOT_VCN_MANAGED&NOT_BANDWIDTH_CONSTRAINED Uid: 10137 RequestorUid: 10137 RequestorPkg: com.coloros.sceneservice UnderlyingNetworks: Null] ]
07-29 15:21:19.993  3484  4486 D MultiInternetWifiNetworkFactory: got request NetworkRequest [ REQUEST id=283, [ Capabilities: INTERNET&NOT_RESTRICTED&TRUSTED&NOT_VCN_MANAGED&NOT_BANDWIDTH_CONSTRAINED Uid: 10137 RequestorUid: 10137 RequestorPkg: com.coloros.sceneservice UnderlyingNetworks: Null] ]
07-29 15:21:19.993  3484  4494 D ConnectivityService: NetReassign [no changes] [c 0] [a 0] [i 1]
07-29 15:21:19.994  4826  5213 I SystemUi--QuickSettings: Tile.OplusCellularTile-->updateCarrierText: dialog not showing, ignore
07-29 15:21:19.994  4826  5213 D SimStateHelper: slot:0, lock state:Bundle[mParcelledData.dataSize=56]
07-29 15:21:19.994  4826  5213 D SimStateHelper: slot:1, lock state:Bundle[mParcelledData.dataSize=56]
07-29 15:21:19.994  4826  5213 D SimStateHelper: needDisableMenu: slot1State=-1; slot2State=-1
07-29 15:21:19.994  4826  5213 D SimStateHelper: needDisableMenu:false
07-29 15:21:19.995  4988  7160 W Binder  : Caught a RuntimeException from the binder stub implementation.
07-29 15:21:19.995  4988  7160 W Binder  : java.lang.NullPointerException: Attempt to invoke virtual method 'boolean android.net.Uri.equals(java.lang.Object)' on a null object reference
07-29 15:21:19.995  4988  7160 W Binder  : 	at xb.a$b.onChange(Unknown Source:16)
07-29 15:21:19.995  4988  7160 W Binder  : 	at android.database.ContentObserver.onChange(ContentObserver.java:184)
07-29 15:21:19.995  4988  7160 W Binder  : 	at android.database.ContentObserver.onChange(ContentObserver.java:202)
07-29 15:21:19.995  4988  7160 W Binder  : 	at android.database.ContentObserver.onChange(ContentObserver.java:224)
07-29 15:21:19.995  4988  7160 W Binder  : 	at android.database.ContentObserver.onChange(ContentObserver.java:236)
07-29 15:21:19.995  4988  7160 W Binder  : 	at android.database.ContentObserver.dispatchChange(ContentObserver.java:335)
07-29 15:21:19.995  4988  7160 W Binder  : 	at android.database.ContentObserver$Transport.onChangeEtc(ContentObserver.java:357)
07-29 15:21:19.995  4988  7160 W Binder  : 	at android.database.IContentObserver$Stub.onTransact(IContentObserver.java:120)
07-29 15:21:19.995  4988  7160 W Binder  : 	at android.os.Binder.execTransactInternal(Binder.java:1523)
07-29 15:21:19.995  4988  7160 W Binder  : 	at android.os.Binder.execTransact(Binder.java:1457)
07-29 15:21:19.997  3484  5304 W BestClock: java.time.DateTimeException: Missing network time fix
07-29 15:21:19.998  4921  4921 D ServiceStateProvider: subId=1
07-29 15:21:19.998  3484  5604 W BestClock: java.time.DateTimeException: Missing network time fix
07-29 15:21:19.999  5085  5085 I QImsService: OplusPhoneStateTracker : onServiceStateChanged
07-29 15:21:19.999  5085  5085 I QImsService: OplusPhoneStateTracker : onServiceStateChanged
07-29 15:21:19.999  1676  1676 D Zygote  : Forked child process 13118
07-29 15:21:19.999  5168  5168 D SubsysEventListenerManager-SubsysTelephonyCallback[0]: onServiceStateChanged
07-29 15:21:19.999  3484  3690 I ActivityManager: Start proc 13118:com.oplus.wirelesssettings:tzupdate/1000 for broadcast {com.oplus.wirelesssettings/com.oplus.tzupdate.timezone.MccChangeReceiver}
07-29 15:21:20.000  4826  5713 V OplusCustomizeCacheManager: queryCache name: sys.cache.common_customize_cache18014 param: null
07-29 15:21:19.999  4988  5793 D OplusLinkBoostCommon: dds servicestate change
07-29 15:21:20.000  5168  5168 D ChinaRoamingControl: registTelephonyEvent onServiceStateChanged eventId:5, VoiceRegState:1, DataRegState:1
07-29 15:21:20.000  5168  5168 D QuickChangeAirplaneModeEvent: onServiceStateChanged slotId:0
07-29 15:21:20.000  4988  5795 D NAS-CallIssueDetector: onServiceStateChanged
07-29 15:21:20.000  3484  4197 I MemoryOperationUtils: add 13118 to inactive
07-29 15:21:20.000  4988  5795 D OplusCiwlanController: [vodata] processServiceStateChanged  phoneid = 0, original roaming type = 0,roaming type = 0
07-29 15:21:20.000  4988  5795 D OplusCiwlanController: [vodata] processServiceStateChanged  phoneid = 1, original roaming type = 0,roaming type = 0
07-29 15:21:20.000  5168  5168 D QuickChangeAirplaneModeEvent: isBothCardInService is false
07-29 15:21:20.000  4988  5812 D OplusSubWaySlowRecovery: getPreferSubId return 1
07-29 15:21:20.000  5168  5168 D MsimSubModeManager: registTelephonyEvent onServiceStateChanged eventId:3, VoiceRegState:1, DataRegState:1
07-29 15:21:20.000  5168  5168 E ExtremeCommUtils: getSwitchRusSupportMcc invalid index 1
07-29 15:21:20.000  5168  5168 D ExtremeCommUtils: isSupporCheck rusContain:false,propContain(persist.sys.oplus.support_hyper_uplink_mcc):false
07-29 15:21:20.000  4988  5812 D SaDataFailRecovery/0: current is not in service,reset alarm
07-29 15:21:20.000  5168  5168 D ExtremeCommService: handleServiceStateChanged mcc is null
07-29 15:21:20.000  4988  5812 D OplusScanQrCodeRecoveryImpl: msg.what=3
07-29 15:21:20.000  5168  5168 D ChinaRoamingControl: handleMessage what:5
07-29 15:21:20.000  5168  5168 D MsimSubModeManager: handleMessage what:3
07-29 15:21:20.000  5168  5168 D MsimSubModeManager: getMsimSimServiceIn() i:0,mServiceState:1
07-29 15:21:20.000  5168  5168 D MsimSubModeManager: getMsimSimServiceIn() i:1,mServiceState:1
07-29 15:21:20.000  4826  5713 V OplusCustomizeCacheManager: queryCache name: sys.cache.common_customize_cache18017 param: Bundle[{SETTING=BLOCK, BUSINESS=NCT-DATA}]
07-29 15:21:20.001  4826  5713 V OplusCustomizeCacheManager: queryCache name: sys.cache.common_customize_cache18013 param: null
07-29 15:21:20.001  4988  5789 D T-Recommend: onPreHandleMessage 1000
07-29 15:21:20.001  4988  5789 E CellularEvent: nri null ps
07-29 15:21:20.001  4988  5789 E CellularEvent: invalid nri
07-29 15:21:20.001  4988  5789 D T-Recommend: onPostHandleMessage 1000
