07-29 15:16:15.717  3442  4491 D WifiClientModeManager[59561:unknown]: entering IdleState
07-29 15:16:15.718  7186  9270 I SettingImpl: isAirplaneModeToggleChecked switchValue: -1, airplane mode isChecked is false
07-29 15:16:15.718  5087  5087 I QImsService: OplusWifiApmStateMgr : ACTION_AIRPLANE_MODE_CHANGED,mIsAirplaneModeOn: false
07-29 15:16:15.718  5087  5087 I QImsService: OplusImsServiceSubImpl : onTurnOffImsAfterWifiChanged : false
07-29 15:16:15.718  5087  5087 I QImsService: OplusImsServiceSubImpl : onTurnOffImsAfterWifiChanged : false
07-29 15:16:15.718  5189  5189 D NetworkService[0]: onAirPlaneModeChange isAirPlaneModeOn:false
07-29 15:16:15.718  5189  5189 D NetworkService[1]: onAirPlaneModeChange isAirPlaneModeOn:false
07-29 15:16:15.718  5189  5189 D QuickChangeAirplaneModeEvent: airplane mode off
07-29 15:16:15.718  5189  5189 W Settings: Setting airplane_mode_on has moved from android.provider.Settings.System to android.provider.Settings.Global, returning read-only value.
07-29 15:16:15.718  5029  5029 I HidlServiceManagement: Trying to get transport of vendor.oplus.hardware.appradio@1.0::IOplusAppRadio/oplus_app_slot1 without hwservicemanager
07-29 15:16:15.718  5029  5029 E NhsAppRIL/0: in getOplusRadioProxy getService: Exception: java.util.NoSuchElementException
07-29 15:16:15.718  3442  3511 W SensorService: SensorEventConnection sensor handle=1362, package = com.oplus.nas.comm.event.ElevatorEvent enable
07-29 15:16:15.719  3442  3511 E SensorService: Required app com.oplus.nas.comm.event.ElevatorEvent, uid 1000, pid 5010
07-29 15:16:15.719  4834  5123 D SimStateHelper: slot:0, lock state:Bundle[mParcelledData.dataSize=56]
07-29 15:16:15.719  3442  3511 D SensorService: Calling batch handle==1362 flags=0rate=200000000 timeout== 0
07-29 15:16:15.720  3442  3511 D SensorService: SensorDevice::batch: ident=0xb400006d362ffbc0, handle=0x00000552, flags=0, period_ns=200000000 timeout=0
07-29 15:16:15.720  3442  4438 D BluetoothSystemServer: AirplaneModeListener: Ignore mode change to same state. previousMode=false, isOn=false, isOnOverrode=false, isMediaConnected=false
07-29 15:16:15.720  5189  5189 D RadioMessenger: handleMessage Request msgid 2215
07-29 15:16:15.720  4834  5123 D SimStateHelper: slot:1, lock state:Bundle[mParcelledData.dataSize=56]
07-29 15:16:15.720  4834  5123 D SimStateHelper: needDisableMenu: slot1State=-1; slot2State=-1
07-29 15:16:15.720  4834  5123 D SimStateHelper: needDisableMenu:false
07-29 15:16:15.720  5189  5189 D RadioProxyJ: [PHONE0][96]> getNecData moduleId:1 evtId:[0, 16, 0, 0, 0, 0, 0, 0, 0, 0, 0, 0, 0, 0, 0, 0, 0, 0, 0, 0, 0, 0, 0, 0, 0, 0, 0, 0, 0, 0, 0, 0]
07-29 15:16:15.720  3442  3511 D SensorService: 	>>> actuating h/w BATCH 0x00000552 200000000 0
07-29 15:16:15.721  1801  1801 I sensors-hal: batch:153, qti.sensor.elevator_detect/1362, period=200000000, max_latency=0
07-29 15:16:15.721  1801  1801 I sensors-hal: batch:175, qti.sensor.elevator_detect/1362, period=200000000, max_latency=0 request completed
07-29 15:16:15.721  3442  3511 D SensorService: Calling activate on 1362
07-29 15:16:15.721  3442  3511 D SensorService: SensorDevice::activate: ident=0xb400006d362ffbc0, handle=0x00000552, enabled=1, count=1
07-29 15:16:15.721  3442  3511 D SensorService: enable index=0
07-29 15:16:15.721  3442  3511 D SensorService: info.numActiveClients() = 1, info.isActive = 0
07-29 15:16:15.721  3442  3511 D SensorService: activateHardware = 1
07-29 15:16:15.721  3371  3426 D QmiVsClient: getNecData - enter
07-29 15:16:15.721  3371  3426 E QmiVsClient: sendAsyncRequest QMI_VS_GET_NEC_DATA_REQ_MSG_V01 ret 0
07-29 15:16:15.721  3442  3511 D SensorService: 	>>> actuating h/w activate handle=1362 enabled=1
07-29 15:16:15.721  1801  1801 I sensors-hal: activate:112, qti.sensor.elevator_detect/1362 en=1
07-29 15:16:15.721  1801  1801 I sensors-hal: acquire_qsh_interface:131, acquire_qsh_interface with sensor_id 28 , conn_type 2 
07-29 15:16:15.721  1815  1815 W android.hardware.wifi-service: No active wlan interfaces in use! Using default
07-29 15:16:15.723  5029  5029 D NhsElevatorReceiver: enableElevatorDetect mIsElevSensorReg = false
07-29 15:16:15.724  4834  4834 D RowAnimatorExtImpl: init:tx,view:StatusBarIconView(slot='volume' alpha=1.0 icon=StatusBarIcon(icon=Icon(typ=RESOURCE pkg=com.android.systemui id=0x7f0818f0) visible user=0 ) visibleState=ICON iconColor=#ccffffff staticDrawableColor=#ccffffff decorColor=#ffffffff animationStartColor=#0 currentSetColor=#ccffffff notification=null),translationX:  9.0  0.0  
07-29 15:16:15.724  4834  4834 D RowAnimatorExtImpl: init:tx,view:StatusBarIconView(slot='zen' alpha=1.0 icon=StatusBarIcon(icon=Icon(typ=RESOURCE pkg=com.android.systemui id=0x7f0818e1) visible user=0 ) visibleState=ICON iconColor=#ccffffff staticDrawableColor=#ccffffff decorColor=#ffffffff animationStartColor=#0 currentSetColor=#ccffffff notification=null),translationX:  57.0  48.0  
07-29 15:16:15.724  4834  4834 D RowAnimatorExtImpl: init:tx,view:StatusBarIconView(slot='volume' alpha=1.0 icon=StatusBarIcon(icon=Icon(typ=RESOURCE pkg=com.android.systemui id=0x7f0818f0) visible user=0 ) visibleState=ICON iconColor=#ccffffff staticDrawableColor=#ccffffff decorColor=#ffffffff animationStartColor=#0 currentSetColor=#ccffffff notification=null),translationX:  9.0  0.0  
07-29 15:16:15.724  4834  4834 D RowAnimatorExtImpl: init:tx,view:StatusBarIconView(slot='zen' alpha=1.0 icon=StatusBarIcon(icon=Icon(typ=RESOURCE pkg=com.android.systemui id=0x7f0818e1) visible user=0 ) visibleState=ICON iconColor=#ccffffff staticDrawableColor=#ccffffff decorColor=#ffffffff animationStartColor=#0 currentSetColor=#ccffffff notification=null),translationX:  57.0  48.0  
07-29 15:16:15.724  5029  5029 V SystemSensorManagerExtImpl: RegisterListener elevator_detect  Wakeup type:33171036 delay:200000us by t0.g$b@9b8f9c2 from com.oplus.nhs
07-29 15:16:15.724  3442  5372 D SensorService: createSensorEventConnection packageName = t0.g, opPackageName = com.oplus.nhs, mCurrentOperatingMode = 0, requestedMode = 0
07-29 15:16:15.724  3442  4491 D OplusWifiConcurrentManager: isConcurrentCombinationAllowed : createMode= 0, requestType =-1
07-29 15:16:15.724  4834  4834 D RowAnimatorExtImpl: init:tx,view:StatusBarIconView(slot='volume' alpha=1.0 icon=StatusBarIcon(icon=Icon(typ=RESOURCE pkg=com.android.systemui id=0x7f0818f0) visible user=0 ) visibleState=ICON iconColor=#ccffffff staticDrawableColor=#ccffffff decorColor=#ffffffff animationStartColor=#0 currentSetColor=#ccffffff notification=null),translationX:  9.0  0.0  
07-29 15:16:15.724  4834  4834 D RowAnimatorExtImpl: init:tx,view:StatusBarIconView(slot='zen' alpha=1.0 icon=StatusBarIcon(icon=Icon(typ=RESOURCE pkg=com.android.systemui id=0x7f0818e1) visible user=0 ) visibleState=ICON iconColor=#ccffffff staticDrawableColor=#ccffffff decorColor=#ffffffff animationStartColor=#0 currentSetColor=#ccffffff notification=null),translationX:  57.0  48.0  
07-29 15:16:15.725  1773  1842 E minksocket: MinkIPC ERROR: ( 1773:1842 ) MinkIPC_preProcess:272 Client down, but cannot find corresponding minksession
07-29 15:16:15.725  1773  1832 E minksocket: MinkIPC ERROR: ( 1773:1832 ) MinkIPC_preProcess:272 Client down, but cannot find corresponding minksession
07-29 15:16:15.725  3442  4491 I HalDevMgr: currentModeId=3, requestModeId=3, currentModeIdValid=true
07-29 15:16:15.725  1773  1832 E minksocket: MinkIPC ERROR: ( 1773:1832 ) MinkIPC_preProcess:272 Client down, but cannot find corresponding minksession
07-29 15:16:15.725  1773  1842 E minksocket: MinkIPC ERROR: ( 1773:1842 ) MinkIPC_preProcess:272 Client down, but cannot find corresponding minksession
07-29 15:16:15.725  1815  1815 D WifiHAL : wifi_set_interface_mode: ifname=wlan0 iface_type=0
07-29 15:16:15.726  1815  1815 I android.hardware.wifi-service: Adding interface handle for wifi-aware0
07-29 15:16:15.726  1815  1815 I android.hardware.wifi-service: Adding interface handle for p2p0
07-29 15:16:15.726  1815  1815 I android.hardware.wifi-service: Adding interface handle for wlan0
07-29 15:16:15.726  1773  1832 E minksocket: MinkIPC ERROR: ( 1773:1832 ) MinkIPC_preProcess:272 Client down, but cannot find corresponding minksession
07-29 15:16:15.726  1773  1842 E minksocket: MinkIPC ERROR: ( 1773:1842 ) MinkIPC_preProcess:272 Client down, but cannot find corresponding minksession
07-29 15:16:15.726  3442  4491 D HalDevMgr: updateRttController: no one is interested in RTT controllers
07-29 15:16:15.726  3442  4491 E HalDevMgr: removeP2pAndSapCombination do nothing: mIsAddedP2pAndSapCombination = false
07-29 15:16:15.727  1815  1815 W android.hardware.wifi-service: AIBinder_linkToDeath is being called with a non-null cookie and no onUnlink callback set. This might not be intended. AIBinder_DeathRecipient_setOnUnlinked should be called first.
07-29 15:16:15.727  1815  1815 I android.hardware.wifi-service: twtRegisterEvents is not supported-3
07-29 15:16:15.728  1801  1801 I sensors-hal: qsh_qmi:34, qsh_qmi
07-29 15:16:15.728  1801  1801 I sensors-hal: send_sync_sensor_request:443, send sync request
07-29 15:16:15.728  1801  1801 I sensors-hal: send_sync_sensor_request:472, wait for notification of response
07-29 15:16:15.729  1773  1832 E minksocket: MinkIPC ERROR: ( 1773:1832 ) MinkIPC_preProcess:272 Client down, but cannot find corresponding minksession
07-29 15:16:15.729  1815  1815 W android.hardware.wifi-service: AIBinder_linkToDeath is being called with a non-null cookie and no onUnlink callback set. This might not be intended. AIBinder_DeathRecipient_setOnUnlinked should be called first.
07-29 15:16:15.729  1773  1842 E minksocket: MinkIPC ERROR: ( 1773:1842 ) MinkIPC_preProcess:272 Client down, but cannot find corresponding minksession
07-29 15:16:15.729  1815  1815 D WifiHAL : wifi_get_chip_capabilities: max mlo assoc link cnt: 2 str link cnt 2
07-29 15:16:15.730  3442  4491 D WifiNl80211Manager: Setting up interface for client mode: wlan0
07-29 15:16:15.730  3371  3937 D QmiVsClient: getNecData callback - enter
07-29 15:16:15.730  1801 13070 I sensors-hal: qsh_conn_resp_cb:793, resp_value = 0 for elevator_detect 
07-29 15:16:15.730  2701  2701 I wificond: Current driver country code US
07-29 15:16:15.730  3442  5319 D WifiNl80211Manager: OnRegDomainChanged US
07-29 15:16:15.730  2701  2701 I wificond: createClientInterface: wiphy_index 0 iface_name wlan0
07-29 15:16:15.730  3442  5319 D WifiNative: onCountryCodeChanged: US
07-29 15:16:15.730  3442  5319 I WifiCountryCode: Receive onDriverCountryCodeChanged US
07-29 15:16:15.730  1801  1801 I sensors-hal: send_sync_sensor_request:478, takes 1 ms to receive the response with 0
07-29 15:16:15.730  1801  1801 I sensors-hal: activate:131, qti.sensor.elevator_detect/1362 en=1 completed
07-29 15:16:15.730  3442  3511 D SensorService: 0xb400006d362ffbc0 addFd fd=853
07-29 15:16:15.730  2701  2701 I wificond: create scanner for interface with index: 27
07-29 15:16:15.730  2701  2701 I wificond: subscribe scan result for interface with index: 27
07-29 15:16:15.731  5010  5939 D ElevatorEvent: elevator:registerForElevatorDetect  , true mIsElevSensorReg = true
07-29 15:16:15.731  3442  5319 D WifiScanRequestProxy: Sending scan available broadcast: true
07-29 15:16:15.731  5010  5939 D SceneEvent: registerSensorMgr start
07-29 15:16:15.731  5010  5939 D SceneEvent: registerSensorMgr already start,return
07-29 15:16:15.731  3442  4496 I WifiScanningService: Received a request to enable scanning, UID = 1000
07-29 15:16:15.731  3442  5319 I WifiScanRequestProxy: Scanning is enabled
07-29 15:16:15.731  3442  5319 I WifiScanRequestProxy: Scanning for hidden networks is disabled
07-29 15:16:15.731  3371  3426 D VsProxy : handleMessage msg is 4001
07-29 15:16:15.731  2701  2701 I wificond: add channel type 0 support at wiphy index: 0
07-29 15:16:15.731  2701  2701 I wificond: add channel type 1 support at wiphy index: 0
07-29 15:16:15.731  3371  3426 D RadioProxy: getNecData : response cb for instance 0
07-29 15:16:15.731  3442  3511 W SensorService: SensorEventConnection sensor handle=1362, package = t0.g enable
07-29 15:16:15.731  3442  3511 E SensorService: Required app t0.g, uid 1001, pid 5029
07-29 15:16:15.731  3442  3511 D SensorService: Calling batch handle==1362 flags=0rate=200000000 timeout== 0
07-29 15:16:15.731  3442  3511 D SensorService: SensorDevice::batch: ident=0xb400006f06633880, handle=0x00000552, flags=0, period_ns=200000000 timeout=0
07-29 15:16:15.731  3442  3511 D SensorService: Calling activate on 1362
07-29 15:16:15.731  3442  3511 D SensorService: SensorDevice::activate: ident=0xb400006f06633880, handle=0x00000552, enabled=1, count=2
07-29 15:16:15.731  3442  3511 D SensorService: enable index=1
07-29 15:16:15.731  3442  3511 D SensorService: info.numActiveClients() = 2, info.isActive = 1
07-29 15:16:15.731  3442  3511 D SensorService: activateHardware = 0
07-29 15:16:15.731  3442  3511 D SensorService: 0xb400006f06633880 addFd fd=901
07-29 15:16:15.731  3442  3442 D OplusWifiBroadCastDispatcher: mBroadcastReceiver: onReceiver  action=android.net.wifi.action.WIFI_SCAN_AVAILABILITY_CHANGED
07-29 15:16:15.731  5029  5029 D NhsElevatorReceiver: elevator:registerForElevatorDetect  , true mIsElevSensorReg = true
07-29 15:16:15.731  5029  5029 D NhsSceneReceiver: registerSensorMgr start
07-29 15:16:15.732  5029  5029 V SystemSensorManagerExtImpl: RegisterListener oplus_activity_recognition  Wakeup type:33171037 delay:200000us by t0.k$a@de7a3d3 from com.oplus.nhs
07-29 15:16:15.732  5189  9079 D RadioProxyJ: [PHONE0][96]< getNecDataResponse ******
07-29 15:16:15.732  3442  3511 D SensorService: createSensorEventConnection packageName = t0.k, opPackageName = com.oplus.nhs, mCurrentOperatingMode = 0, requestedMode = 0
07-29 15:16:15.732  5189  5189 D MessengerResponseHandler: handleMessage Response msgid 206
07-29 15:16:15.732  3442  4491 I WifiNative: Interface state changed on Iface:{Name=wlan0,Id=1,Type=STA_SCAN}, isUp=true
07-29 15:16:15.732  6994  6994 I OsAgent : onReceive: android.net.wifi.action.WIFI_SCAN_AVAILABILITY_CHANGED
07-29 15:16:15.732  3442  4602 D OplusWifiPower_ConnLpmEventObsever: onReceive EXTRA_SCAN_AVAILABLE availabe = true
07-29 15:16:15.732  3442  4602 D OplusWifiPowerService: onReceive action:android.net.wifi.action.WIFI_SCAN_AVAILABILITY_CHANGED
07-29 15:16:15.732  3442  4602 D OplusWifiSwitchStateMonitor: scan settings change to true
07-29 15:16:15.732  3442  3511 W SensorService: SensorEventConnection sensor handle=1372, package = t0.k enable
07-29 15:16:15.732  1815  1815 I WifiHAL : mpdu_size_threshold : 128, aggressive_statistics_gathering : 0
07-29 15:16:15.732  3442  3511 E SensorService: Required app t0.k, uid 1001, pid 5029
07-29 15:16:15.732  3442  3511 D SensorService: enable sensor send lastEvent 1372
07-29 15:16:15.732  3442  4491 I WifiNative: Successfully setup Iface:{Name=wlan0,Id=1,Type=STA_SCAN}
07-29 15:16:15.732  6994  8325 I OsAgent : updateWiFiScanAvailState, scanAvailable: true
07-29 15:16:15.732  3442  4491 E SupplicantStaIfaceHalAidlImpl: Can't call getKeyMgmtCapabilities, ISupplicantStaIface is null for iface=wlan0
07-29 15:16:15.732  6994  8325 D OsAgentAidlClient: [bool_dataitem_update][1570] [HC] =>> [HS]
07-29 15:16:15.733  3442  3511 D SensorService: Calling batch handle==1372 flags=0rate=200000000 timeout== 0
07-29 15:16:15.733  3442  3511 D SensorService: SensorDevice::batch: ident=0xb400006d0a66b980, handle=0x0000055c, flags=0, period_ns=200000000 timeout=0
07-29 15:16:15.733  3442  3511 D SensorService: Calling activate on 1372
07-29 15:16:15.733  3442  3511 D SensorService: SensorDevice::activate: ident=0xb400006d0a66b980, handle=0x0000055c, enabled=1, count=4
07-29 15:16:15.733  3442  3511 D SensorService: enable index=0
07-29 15:16:15.733  3442  3511 D SensorService: info.numActiveClients() = 4, info.isActive = 1
07-29 15:16:15.733  3442  3511 D SensorService: activateHardware = 0
07-29 15:16:15.733  3442  3511 D SensorService: 0xb400006d0a66b980 addFd fd=915
07-29 15:16:15.733  5029  5029 D NhsSceneReceiver: sensor name is oplus_activity_recognition  Wakeup, registerState:true
07-29 15:16:15.733  5029  5029 D NhsSceneReceiver: onAccuracyChanged
07-29 15:16:15.733  1794  1872 I LocSvc_SystemStatusOsObserver: sendCachedDataItems:471] DataItem: IS_WIFI_HARDWARE_ON: true >> Wiper
07-29 15:16:15.733  5029  5337 D NhsSceneReceiver: onSensorChanged: name = oplus_activity_recognition  Wakeup
07-29 15:16:15.733  5029  5337 D NhsSceneReceiver: enter still_state
07-29 15:16:15.734  5029  5029 E NhsAppRILMsger: EVENT_REQ_EVENT_DONE Error received :com.android.internal.telephony.CommandException: RADIO_NOT_AVAILABLE
07-29 15:16:15.734  1815  8580 I WifiHAL : wifi_get_supported_radio_combinations_matrix: enter
07-29 15:16:15.734  1815  8580 I WifiHAL : wifi_parse_radio_combinations_matrix: radio_combinations[1]: num_radio_configurations 1
07-29 15:16:15.734  1815  8580 I WifiHAL : wifi_parse_radio_combinations_matrix: radio_combinations[2]: num_radio_configurations 1
07-29 15:16:15.734  1815  8580 I WifiHAL : wifi_parse_radio_combinations_matrix: radio_combinations[3]: num_radio_configurations 1
07-29 15:16:15.734  1815  8580 I WifiHAL : wifi_parse_radio_combinations_matrix: radio_combinations[4]: num_radio_configurations 2
07-29 15:16:15.734  1815  8580 I WifiHAL : wifi_parse_radio_combinations_matrix: radio_combinations[5]: num_radio_configurations 2
07-29 15:16:15.734  1815  8580 I WifiHAL : wifi_parse_radio_combinations_matrix: radio_combinations[6]: num_radio_configurations 2
07-29 15:16:15.734  1815  8580 I WifiHAL : wifi_parse_radio_combinations_matrix: num_radio_combinations 6, radio_matrix_size 100
07-29 15:16:15.734  3442  3511 W BestClock: java.time.DateTimeException: Missing network time fix
07-29 15:16:15.734  1794  1890 I LocSvc_api_v02: ---> locClientSendReq line 2409 QMI_LOC_NOTIFY_WIFI_ENABLED_STATUS_REQ_V02
07-29 15:16:15.734  3442  4491 E SupplicantStaIfaceHalAidlImpl: Can't call getWpaDriverCapabilities, ISupplicantStaIface is null for iface=wlan0
07-29 15:16:15.734  3442  4491 E WifiStaIfaceAidlImpl: getTwtCapabilities failed with service-specific exception: android.os.ServiceSpecificException:  (code 4)
07-29 15:16:15.735  1794  3996 I LocSvc_ApiV02: <--- globalRespCb line 282 QMI_LOC_NOTIFY_WIFI_ENABLED_STATUS_REQ_V02
07-29 15:16:15.735  3442  4491 E WifiChipAidlImpl: enableStaChannelForPeerNetwork failed with service-specific exception: android.os.ServiceSpecificException:  (code 4)
07-29 15:16:15.735  3442  4491 D WifiNative: setWifiNativeInterfaceEventCallback
07-29 15:16:15.735  3442  4491 D WifiClientModeManager[59561:wlan0]: entering StartedState
07-29 15:16:15.735  1673  1727 E TetherController: property_get sys.radio.data.modem_share_flag return 0, 1!
07-29 15:16:15.735  3442  4491 D WifiClientModeManager[59561:wlan0]: entering ScanOnlyModeState
07-29 15:16:15.735  3442  4491 D WifiScanRequestProxy: Sending scan available broadcast: true
07-29 15:16:15.736  1815  8580 E WifiHAL : wifi_get_gscan_capabilities: GSCAN is not supported by driver
07-29 15:16:15.736  3442  4496 E WifiStaIfaceAidlImpl: getBackgroundScanCapabilities failed with service-specific exception: android.os.ServiceSpecificException:  (code 4)
07-29 15:16:15.736  3442  4491 I WifiScanRequestProxy: Scanning is enabled
07-29 15:16:15.736  3442  4491 I WifiScanRequestProxy: Scanning for hidden networks is disabled
07-29 15:16:15.736  1815  8580 D WifiHAL : wifi_multi_sta_set_use_case: 0
07-29 15:16:15.736  3442  4491 D WifiCountryCode: evaluateAllCmmStateAndApplyIfAllReady: {ConcreteClientModeManager{id=59561 iface=wlan0 role=ROLE_CLIENT_SCAN_ONLY}=true}
07-29 15:16:15.736  3442  4491 D WifiCountryCode: Reading country code from telephony
07-29 15:16:15.737  1801  7419 I sensors-hal: qsh_conn_event_cb:756, event[0] msg_id=1025, ts=1226110797, sensor_type = oplus_activity_recognition  Wakeup
07-29 15:16:15.737  1801  7419 E sensors-hal: handle_sns_std_sensor_event:72, oplus_activity_recognition output: count: 1.000000, index: 1.000000, incar_state: 0.000000, actvity_mode: 3.000000, delta_time: 0.000000 !
07-29 15:16:15.737  3442  3442 D OplusWifiBroadCastDispatcher: mBroadcastReceiver: onReceiver  action=android.net.wifi.action.WIFI_SCAN_AVAILABILITY_CHANGED
07-29 15:16:15.737  3442  3511 W BestClock: java.time.DateTimeException: Missing network time fix
07-29 15:16:15.737  3442  4602 D OplusWifiPower_ConnLpmEventObsever: onReceive EXTRA_SCAN_AVAILABLE availabe = true
07-29 15:16:15.737  3442  4602 D OplusWifiPowerService: onReceive action:android.net.wifi.action.WIFI_SCAN_AVAILABILITY_CHANGED
07-29 15:16:15.737  6994  6994 I OsAgent : onReceive: android.net.wifi.action.WIFI_SCAN_AVAILABILITY_CHANGED
07-29 15:16:15.737  3442  4491 D WifiCountryCode: Set telephony country code to: 
07-29 15:16:15.737  3442  4491 D WifiCountryCode: updateCountryCode to US
07-29 15:16:15.737  5029  5337 D NhsSceneReceiver: onSensorChanged: name = oplus_activity_recognition  Wakeup
07-29 15:16:15.737  3442  4491 D WifiCountryCode: setCountryCodeNative: US, isClientModeOnly: true mDriverCountryCode: US
07-29 15:16:15.737  6994  8325 I OsAgent : updateWiFiScanAvailState, scanAvailable: true
07-29 15:16:15.738  3442  4602 D OplusWifiSwitchStateMonitor: scan settings change to true
07-29 15:16:15.738  5010  5453 D SceneEvent: onSensorChanged: name = oplus_activity_recognition  Wakeup
07-29 15:16:15.738  3442  4496 I WifiScanningService: Created a new impl for wlan0
07-29 15:16:15.738  3442  4496 I WifiScanningService: Received a request to enable scanning, UID = 1000
07-29 15:16:15.738  3442  4496 I WifiScanningService: scanner impls already exists
07-29 15:16:15.739  3442  3511 W BestClock: java.time.DateTimeException: Missing network time fix
07-29 15:16:15.739  3442  4496 I WifiScanningService: wifi driver loaded with scan capabilities: max buckets=16
07-29 15:16:15.739  3442  4496 E WifiScanningService: wifi driver loaded received while already loaded
07-29 15:16:15.740  5010  5891 W BestClock: java.time.DateTimeException: Missing network time fix
07-29 15:16:15.740  5010  5891 V MonthTrafficAlert: getWarningNotification subId:1 numWarningNotificaion:0
07-29 15:16:15.741  3442  5319 W BestClock: java.time.DateTimeException: Missing network time fix
07-29 15:16:15.741  4834  5643 V OplusCustomizeCacheManager: queryCache name: sys.cache.common_customize_cache18014 param: null
07-29 15:16:15.742  4834  5643 V OplusCustomizeCacheManager: queryCache name: sys.cache.common_customize_cache18017 param: Bundle[{SETTING=BLOCK, BUSINESS=NCT-DATA}]
07-29 15:16:15.742  4834  5643 V OplusCustomizeCacheManager: queryCache name: sys.cache.common_customize_cache18013 param: null
07-29 15:16:15.744  4936  4952 W System  : A resource failed to call AbstractCursor.close. 
07-29 15:16:15.744  4936  4952 W System  : A resource failed to call AbstractCursor.close. 
07-29 15:16:15.744  4936  4952 W System  : A resource failed to call AbstractCursor.close. 
07-29 15:16:15.744  4936  4952 W System  : A resource failed to call AbstractCursor.close. 
07-29 15:16:15.744  4936  4952 W System  : A resource failed to call AbstractCursor.close. 
07-29 15:16:15.744  4936  4952 W System  : A resource failed to call AbstractCursor.close. 
07-29 15:16:15.744  5132  6258 D IWlanJni: getDataRegistrationState start
07-29 15:16:15.745  3442  3511 W BestClock: java.time.DateTimeException: Missing network time fix
07-29 15:16:15.745  4936  4936 D OplusTelephonyController: onSignalStrengthChanged: SignalStrength=SignalStrength:{mCdma=CellSignalStrengthCdma: cdmaDbm=2147483647 cdmaEcio=2147483647 evdoDbm=2147483647 evdoEcio=2147483647 evdoSnr=2147483647 level=0,mGsm=CellSignalStrengthGsm: rssi=2147483647 ber=2147483647 mTa=2147483647 mLevel=0,mWcdma=CellSignalStrengthWcdma: ss=2147483647 ber=2147483647 rscp=2147483647 ecno=2147483647 level=0,mTdscdma=CellSignalStrengthTdscdma: rssi=2147483647 ber=2147483647 rscp=2147483647 level=0,mLte=CellSignalStrengthLte: rssi=2147483647 rsrp=2147483647 rsrq=2147483647 rssnr=2147483647 cqiTableIndex=2147483647 cqi=2147483647 ta=2147483647 level=0 parametersUseForLevel=0,mNr=CellSignalStrengthNr:{ csiRsrp = 2147483647 csiRsrq = 2147483647 csiCqiTableIndex = 2147483647 csiCqiReport = [] ssRsrp = 2147483647 ssRsrq = 2147483647 ssSinr = 2147483647 level = 0 parametersUseForLevel = 0 timingAdvance = 2147483647 },primary=CellSignalStrengthLte}
07-29 15:16:15.745  5189  5189 D SubsysEventListenerManager-SubsysTelephonyCallback[0]: onSignalStrengthsChanged
07-29 15:16:15.745  3442  3511 W BestClock: java.time.DateTimeException: Missing network time fix
07-29 15:16:15.745  5132  6272 D IWlanJni: new aidl event arrived
07-29 15:16:15.745  3442  5372 I OplusBinderProxy: pb uid: 10215 pid: 10946 desc: com.android.internal.telephony.IPhoneStateListener/10
07-29 15:16:15.745  5132  6272 D IWlanJni: handleEvent 10
07-29 15:16:15.745  5132  6272 D IWlanJni: isThreadAttached start
07-29 15:16:15.745  5132  6272 D IWlanJni: jni detached
07-29 15:16:15.745  5132  6272 D IWlanJni: jni attached
07-29 15:16:15.745  5132  6272 D IWlanJni: getDataRegistrationStateResponse start
07-29 15:16:15.745  5132  6272 D IWlanJni: getJavaCallbackClass start
07-29 15:16:15.745  5132  6272 D IWlanJni: getJavaCallbackClass End midIs[1]
07-29 15:16:15.746  5132  6272 I IWlanAidlClient: getDataRegistrationStateResponse called
07-29 15:16:15.746  4834  5643 V OplusCustomizeCacheManager: queryCache name: sys.cache.common_customize_cache18014 param: null
07-29 15:16:15.746  4834  5643 V OplusCustomizeCacheManager: queryCache name: sys.cache.common_customize_cache18017 param: Bundle[{SETTING=BLOCK, BUSINESS=NCT-DATA}]
07-29 15:16:15.746  4834  5643 V OplusCustomizeCacheManager: queryCache name: sys.cache.common_customize_cache18013 param: null
07-29 15:16:15.746  5132  6271 W IWlanNetworkService: 6 > Response Processed
07-29 15:16:15.747  1794  3719 E LOCRIL_SESSION: operator():200] SubId: 1 Failed to get sim IO with error: 11
07-29 15:16:15.747  3442  3511 W BestClock: java.time.DateTimeException: Missing network time fix
07-29 15:16:15.748  3442  7139 W BestClock: java.time.DateTimeException: Missing network time fix
07-29 15:16:15.748  4834  5643 V OplusCustomizeCacheManager: queryCache name: sys.cache.common_customize_cache18014 param: null
07-29 15:16:15.748  4834  5643 V OplusCustomizeCacheManager: queryCache name: sys.cache.common_customize_cache18017 param: Bundle[{SETTING=BLOCK, BUSINESS=NCT-DATA}]
07-29 15:16:15.748  1794  3719 E LOCRIL_SESSION: operator():241] SubId: 1 Failed to get sim IMSI with error: 11
07-29 15:16:15.748  4834  5643 V OplusCustomizeCacheManager: queryCache name: sys.cache.common_customize_cache18013 param: null
07-29 15:16:15.748  1794  3719 E LOCRIL_SESSION: operator():200] SubId: 1 Failed to get sim IO with error: 11
07-29 15:16:15.748  5010  5067 D SaDataService: onTelephonyEventReport , subId= 0,slotId=-1 eventId=6030
07-29 15:16:15.748  5010  5067 D TelephonyImpl: notify eventId:6030 for list size:2
07-29 15:16:15.749  5189  6249 D VendorTelephonyService: onTelephonyEventReport slotId =0 eventId=6030
07-29 15:16:15.749  5189  6249 D VendorTelephonyService: onTelephonyEventReport slotId =0 eventId=6030
07-29 15:16:15.749  5189  5189 D VendorCallService: notityEventUpdate, eventId:6030, slotId = 0
07-29 15:16:15.749  1794  3719 E LOCRIL_SESSION: operator():241] SubId: 1 Failed to get sim IMSI with error: 11
07-29 15:16:15.749  5189  6249 D VendorTelephonyService: onTelephonyEventReport slotId =0 eventId=6030
07-29 15:16:15.749  5189  6249 D VendorTelephonyService: onTelephonyEventReport slotId =0 eventId=6030
07-29 15:16:15.749  5132  6258 D IWlanJni: getDataRegistrationState start
07-29 15:16:15.749  5010  5067 D SaDataService: onTelephonyEventReport , subId= 0,slotId=-1 eventId=6030
07-29 15:16:15.749  5010  5067 D TelephonyImpl: notify eventId:6030 for list size:2
07-29 15:16:15.750  5189  5189 D VendorCallService: notityEventUpdate, eventId:6030, slotId = 0
07-29 15:16:15.750  5132  6269 D IWlanJni: new aidl event arrived
07-29 15:16:15.750  5132  6269 D IWlanJni: handleEvent 10
07-29 15:16:15.750  5132  6269 D IWlanJni: isThreadAttached start
07-29 15:16:15.750  5132  6269 D IWlanJni: jni detached
07-29 15:16:15.750  5132  6269 D IWlanJni: jni attached
07-29 15:16:15.750  5132  6269 D IWlanJni: getDataRegistrationStateResponse start
07-29 15:16:15.750  5132  6269 D IWlanJni: getJavaCallbackClass start
07-29 15:16:15.750  5132  6269 D IWlanJni: getJavaCallbackClass End midIs[1]
07-29 15:16:15.750  5132  6269 I IWlanAidlClient: getDataRegistrationStateResponse called
07-29 15:16:15.750  5132  6268 W IWlanNetworkService: 7 > Response Processed
07-29 15:16:15.750  3442  3511 W BestClock: java.time.DateTimeException: Missing network time fix
07-29 15:16:15.751  5132  6258 D IWlanJni: getDataRegistrationState start
07-29 15:16:15.751  5132  6272 D IWlanJni: new aidl event arrived
07-29 15:16:15.751  5132  6272 D IWlanJni: handleEvent 10
07-29 15:16:15.751  3442  4185 W BestClock: java.time.DateTimeException: Missing network time fix
07-29 15:16:15.751  5132  6272 D IWlanJni: isThreadAttached start
07-29 15:16:15.751  5132  6272 D IWlanJni: jni detached
07-29 15:16:15.751  5132  6272 D IWlanJni: jni attached
07-29 15:16:15.751  5132  6272 D IWlanJni: getDataRegistrationStateResponse start
07-29 15:16:15.751  5132  6272 D IWlanJni: getJavaCallbackClass start
07-29 15:16:15.751  5132  6272 D IWlanJni: getJavaCallbackClass End midIs[1]
07-29 15:16:15.751  5132  6272 I IWlanAidlClient: getDataRegistrationStateResponse called
07-29 15:16:15.751  4834  5643 V OplusCustomizeCacheManager: queryCache name: sys.cache.common_customize_cache18014 param: null
07-29 15:16:15.751  4834  5643 V OplusCustomizeCacheManager: queryCache name: sys.cache.common_customize_cache18017 param: Bundle[{SETTING=BLOCK, BUSINESS=NCT-DATA}]
07-29 15:16:15.751  4834  5643 V OplusCustomizeCacheManager: queryCache name: sys.cache.common_customize_cache18013 param: null
07-29 15:16:15.751  5132  6271 W IWlanNetworkService: 8 > Response Processed
07-29 15:16:15.752  5132  6258 D IWlanJni: getDataRegistrationState start
07-29 15:16:15.753  5132  6269 D IWlanJni: new aidl event arrived
07-29 15:16:15.753  5132  6269 D IWlanJni: handleEvent 10
07-29 15:16:15.753  5132  6269 D IWlanJni: isThreadAttached start
07-29 15:16:15.753  5132  6269 D IWlanJni: jni detached
07-29 15:16:15.753  5132  6269 D IWlanJni: jni attached
07-29 15:16:15.753  5132  6269 D IWlanJni: getDataRegistrationStateResponse start
07-29 15:16:15.753  5132  6269 D IWlanJni: getJavaCallbackClass start
07-29 15:16:15.753  5132  6269 D IWlanJni: getJavaCallbackClass End midIs[1]
07-29 15:16:15.753  5132  6269 I IWlanAidlClient: getDataRegistrationStateResponse called
07-29 15:16:15.753  5132  6268 W IWlanNetworkService: 9 > Response Processed
07-29 15:16:15.754  1794  3717 W LOCRIL_SESSION: operator():307] cellInfo list size is 0, Voice state: 3, data state: 3
07-29 15:16:15.755  4993  8522 D QtiOemHookAidl: oemHookRawIndication length=24
07-29 15:16:15.755  4993  5759 D QtiOemHookAidl: oemHookRawIndication length=24
07-29 15:16:15.755  4993  4993 D QcrilMsgTunnelIfaceManager: handleMessage what = 0
07-29 15:16:15.756  4993  4993 D QcrilMsgTunnelIfaceManager: handleMessage what = 0
07-29 15:16:15.756  5189  5189 D SubsysEventListenerManager-SubsysTelephonyCallback[0]: onRadioPowerStateChanged state:1
07-29 15:16:15.756  1971  1971 E PowerMonitorService: Failed to open /proc/horae_qmi (2): No such file or directory
07-29 15:16:15.757  5087  5235 I QImsService: ImsRadioIndicationAidl : onRadioStateChanged()[SUB1]
07-29 15:16:15.757  5087  5235 I QImsService: ImsSenderRxr : [UNSL]< UNSOL_RADIO_STATE_CHANGED RADIO_ON[SUB1]
07-29 15:16:15.757  5087  5163 I QImsService: ImsRadioIndicationAidl : onRadioStateChanged()[SUB0]
07-29 15:16:15.757  5087  5163 I QImsService: ImsSenderRxr : [UNSL]< UNSOL_RADIO_STATE_CHANGED RADIO_ON[SUB0]
07-29 15:16:15.757  4993  4993 D DeviceInfoAidlClient: onRadioPowerStateChanged
07-29 15:16:15.757  4993  4993 D DeviceInfoAidlClient: mRadioStateHdlr handleMessage()1
07-29 15:16:15.757  4993  4993 D DeviceInfoAidlClient: isRadioOn()=true
07-29 15:16:15.757  4993  4993 I DeviceInfoAidlClient: sendFeaturesSupported: power info support-true interactive state support-true
07-29 15:16:15.757  1801  4447 I sensors-hal: handle_oplus_wise_rgb_event:189, high_pwm_light:lux 181.2,cct 3565.5,brl/algo/ir 1328.0/2.0/22.4,pwm/dc 0.0/0.0,rgbc 14143.584961/9601.666016/4091.959229/26602.289062,ts 59371567233,cnt 820,flag 162
07-29 15:16:15.758  1971  1971 E PowerMonitorService: Failed to open /proc/horae_qmi (2): No such file or directory
07-29 15:16:15.758  4993  4993 D QC_RIL_OEM_HOOK: Received Broadcast Intent ACTION_UNSOL_RESPONSE_OEM_HOOK_RAW
07-29 15:16:15.758  4993  4993 D DeviceStatisticsService: onReceive: action= org.codeaurora.intent.action.RADIO_POWER_STATE
07-29 15:16:15.758  4993  4993 I DeviceStatisticsService: Receiving radio_power_state_changed, mIsDeviceInfoInitialized = true
07-29 15:16:15.758  4993  4993 I DeviceStatisticsService: radio power state changed to 1 for slot: 0
07-29 15:16:15.758  4993  4993 D DeviceInfoAidlClient: isRadioOn()=true
07-29 15:16:15.758  4993  4993 I DeviceInfoAidlClient: sendFeaturesSupported: power info support-true interactive state support-true
07-29 15:16:15.758  4993  4993 D QC_RIL_OEM_HOOK: Received Broadcast Intent ACTION_UNSOL_RESPONSE_OEM_HOOK_RAW
07-29 15:16:15.758  1887  4442 I Dpps    : LtmSwState::SetParameter():144 ignore cmd 7 in state LtmOffState
07-29 15:16:15.760  5132  6258 D IWlanJni: getDataRegistrationState start
07-29 15:16:15.760  1794  3719 E LOCRIL_SESSION: operator():200] SubId: 1 Failed to get sim IO with error: 11
07-29 15:16:15.761  2701  2701 I wificond: Regulatory domain changed to country: US on wiphy_index: 0
07-29 15:16:15.761  2701  2701 I wificond: UpdateBandInfo
07-29 15:16:15.761  5189  9079 D VendorTelephonyService: onTelephonyEventReport slotId =0 eventId=6030
07-29 15:16:15.761  5189  9079 D VendorTelephonyService: onTelephonyEventReport slotId =0 eventId=6030
07-29 15:16:15.761  3442  4185 D WifiNl80211Manager: OnRegDomainChanged US
07-29 15:16:15.762  4936  4936 V OplusCustomizeCacheManager: queryCache name: sys.cache.common_customize_cache18016 param: null
07-29 15:16:15.762  4936  4936 V OplusCustomizeCacheManager: queryCache name: sys.cache.common_customize_cache18013 param: null
07-29 15:16:15.762  4936  4936 V OplusCustomizeCacheManager: queryCache name: sys.cache.common_customize_cache18014 param: null
07-29 15:16:15.762  4936  4936 V OplusCustomizeCacheManager: queryCache name: sys.cache.common_customize_cache18017 param: Bundle[{SETTING=BLOCK, BUSINESS=NCT-DATA}]
07-29 15:16:15.762  1794  3719 E LOCRIL_SESSION: operator():241] SubId: 1 Failed to get sim IMSI with error: 11
07-29 15:16:15.762  2701  2701 I wificond: 2.4Ghz frequencies: 2412 2417 2422 2427 2432 2437 2442 2447 2452 2457 2462
07-29 15:16:15.762  2701  2701 I wificond: 5Ghz non-DFS frequencies: 5180 5200 5220 5240 5745 5765 5785 5805 5825
07-29 15:16:15.762  2701  2701 I wificond: 5Ghz DFS frequencies: 5260 5280 5300 5320 5500 5520 5540 5560 5580 5600 5620 5640 5660 5680 5700
07-29 15:16:15.762  2701  2701 I wificond: 6Ghz frequencies:
07-29 15:16:15.762  2701  2701 I wificond: 60Ghz frequencies:
07-29 15:16:15.762  4936  4936 V OplusCustomizeCacheManager: queryCache name: sys.cache.common_customize_cache18016 param: null
07-29 15:16:15.762  4936  4936 V OplusCustomizeCacheManager: queryCache name: sys.cache.common_customize_cache18013 param: null
07-29 15:16:15.762  4936  4936 V OplusCustomizeCacheManager: queryCache name: sys.cache.common_customize_cache18014 param: null
07-29 15:16:15.762  4936  4936 V OplusCustomizeCacheManager: queryCache name: sys.cache.common_customize_cache18017 param: Bundle[{SETTING=BLOCK, BUSINESS=NCT-DATA}]
07-29 15:16:15.762  6382  6382 I wpa_supplicant: p2p0: CTRL-EVENT-REGDOM-CHANGE init=DRIVER type=COUNTRY alpha2=US
07-29 15:16:15.762  5132  6269 D IWlanJni: new aidl event arrived
07-29 15:16:15.762  5132  6269 D IWlanJni: handleEvent 10
07-29 15:16:15.762  5132  6269 D IWlanJni: isThreadAttached start
07-29 15:16:15.762  5132  6269 D IWlanJni: jni detached
07-29 15:16:15.762  5132  6269 D IWlanJni: jni attached
07-29 15:16:15.762  4993  8522 I DeviceInfoAidlClient: onPowerInfoReportingChanged - reporting enabled true [15, 20, 30, 50, 80]
07-29 15:16:15.762  4993  8522 D DeviceInfoAidlClient: isRadioOn()=true
07-29 15:16:15.763  4993  8522 I DeviceInfoAidlClient: isPowerInfoNeverSent=true batteryLevel=100 batteryLevelIndex=5 chargingMode=2 totalCapacity=4760000 powerSaveMode=false
07-29 15:16:15.763  3442  4185 D WifiNative: onCountryCodeChanged: US
07-29 15:16:15.763  4993  8522 I DeviceInfoAidlClient: onDeviceInfoReportingChanged - reporting enabled true
07-29 15:16:15.763  3442  4185 I WifiCountryCode: Receive onDriverCountryCodeChanged US
07-29 15:16:15.763  5189  5189 D VendorCallService: notityEventUpdate, eventId:6030, slotId = 0
07-29 15:16:15.763  1794  3717 W LOCRIL_SESSION: operator():307] cellInfo list size is 0, Voice state: 3, data state: 3
07-29 15:16:15.763  5010  6423 D SaDataService: onTelephonyEventReport , subId= 0,slotId=-1 eventId=6030
07-29 15:16:15.763  4993  4993 D QcrilMsgTunnelIfaceManager: handleMessage what = 1
07-29 15:16:15.763  4993  4993 I QcrilOemhookMsgTunnel: [0]invokeOemRilRequestRaw: serial=1007 length=16
07-29 15:16:15.763  4993  8522 D DeviceInfoAidlClient: getDeviceInfoSupportStatus()=1
07-29 15:16:15.763  4993  8522 D DeviceInfoAidlClient: isRadioOn()=true
07-29 15:16:15.763  4993  8522 I DeviceInfoAidlClient: deviceState=2
07-29 15:16:15.763  4993  8522 I DeviceInfoAidlClient: onPowerInfoReportingChanged - reporting enabled true [15, 20, 30, 50, 80]
07-29 15:16:15.763  4993  8522 D DeviceInfoAidlClient: isRadioOn()=true
07-29 15:16:15.763  4993  8522 I DeviceInfoAidlClient: isPowerInfoNeverSent=false batteryLevel=100 batteryLevelIndex=5 chargingMode=2 totalCapacity=4760000 powerSaveMode=false
07-29 15:16:15.763  4936  4936 D QC_RIL_OEM_HOOK: Received Broadcast Intent ACTION_UNSOL_RESPONSE_OEM_HOOK_RAW
07-29 15:16:15.763  4993  8522 I DeviceInfoAidlClient: onDeviceInfoReportingChanged - reporting enabled true
07-29 15:16:15.763  4993  8522 D DeviceInfoAidlClient: getDeviceInfoSupportStatus()=1
07-29 15:16:15.763  4993  8522 D DeviceInfoAidlClient: isRadioOn()=true
07-29 15:16:15.763  4993  8522 I DeviceInfoAidlClient: deviceState=2
07-29 15:16:15.763  3442  4185 D WifiScanRequestProxy: Sending scan available broadcast: true
07-29 15:16:15.763  5132  6269 D IWlanJni: getDataRegistrationStateResponse start
07-29 15:16:15.763  3442  4185 I WifiScanRequestProxy: Scanning is enabled
07-29 15:16:15.763  5132  6269 D IWlanJni: getJavaCallbackClass start
07-29 15:16:15.763  5132  6269 D IWlanJni: getJavaCallbackClass End midIs[1]
07-29 15:16:15.763  5132  6269 I IWlanAidlClient: getDataRegistrationStateResponse called
07-29 15:16:15.763  3442  4185 I WifiScanRequestProxy: Scanning for hidden networks is disabled
07-29 15:16:15.763  3442  4496 I WifiScanningService: Received a request to enable scanning, UID = 1000
07-29 15:16:15.763  3442  4496 I WifiScanningService: scanner impls already exists
07-29 15:16:15.763  3442  4496 E WifiScanningService: wifi driver loaded received while already loaded
07-29 15:16:15.763  5010  6423 D TelephonyImpl: notify eventId:6030 for list size:2
07-29 15:16:15.764  5132  6268 W IWlanNetworkService: 10 > Response Processed
07-29 15:16:15.764  3442  3442 D OplusWifiBroadCastDispatcher: mBroadcastReceiver: onReceiver  action=android.net.wifi.action.WIFI_SCAN_AVAILABILITY_CHANGED
07-29 15:16:15.764  6994  6994 I OsAgent : onReceive: android.net.wifi.action.WIFI_SCAN_AVAILABILITY_CHANGED
07-29 15:16:15.764  6994  8325 I OsAgent : updateWiFiScanAvailState, scanAvailable: true
07-29 15:16:15.764  4993  5025 I QtiOemHookAidl: oemHookRawResponse: serial no: 1007 error: 0length=1
07-29 15:16:15.764  4993  4993 D QcrilMsgTunnelIfaceManager: handleMessage what = 2
07-29 15:16:15.764  3442  4602 D OplusWifiPower_ConnLpmEventObsever: onReceive EXTRA_SCAN_AVAILABLE availabe = true
07-29 15:16:15.764  4936  5422 D QC_RIL_OEM_HOOK: sendOemRilRequestRaw returns value = 1
07-29 15:16:15.765  3442  4602 D OplusWifiPowerService: onReceive action:android.net.wifi.action.WIFI_SCAN_AVAILABILITY_CHANGED
07-29 15:16:15.765  3442  4602 D OplusWifiSwitchStateMonitor: scan settings change to true
07-29 15:16:15.765  4993  4993 D DeviceStatisticsService: onReceive: action= org.codeaurora.intent.action.RADIO_POWER_STATE
07-29 15:16:15.765  4993  4993 I DeviceStatisticsService: Receiving radio_power_state_changed, mIsDeviceInfoInitialized = true
07-29 15:16:15.765  4993  4993 I DeviceStatisticsService: radio power state changed to 1 for slot: 1
07-29 15:16:15.766  4936  4936 D QC_RIL_OEM_HOOK: Received Broadcast Intent ACTION_UNSOL_RESPONSE_OEM_HOOK_RAW
07-29 15:16:15.766  5132  6258 D IWlanJni: getDataRegistrationState start
07-29 15:16:15.766  4936  4936 D QC_RIL_OEM_HOOK: Received Broadcast Intent ACTION_UNSOL_RESPONSE_OEM_HOOK_RAW
07-29 15:16:15.766  4936  4936 D OplusPowerUpOptimizationImpl: onReceive: org.codeaurora.intent.action.RADIO_POWER_STATE
07-29 15:16:15.766  4936  5565 D OplusPowerUpOptimizationImpl: handleMessage what = 6
07-29 15:16:15.766  4936  5565 D OplusPowerUpOptimizationImpl: radio is available for slot: 0
07-29 15:16:15.766  4936  5565 D OplusPowerUpOptimizationImpl: trySendPhoneReady for slot: 0
07-29 15:16:15.766  4936  5565 D OplusPowerUpOptimizationImpl: Not sending ATEL ready: States: [0: {true, true, true, true}]
07-29 15:16:15.766  5132  6272 D IWlanJni: new aidl event arrived
07-29 15:16:15.766  5132  6272 D IWlanJni: handleEvent 10
07-29 15:16:15.766  5132  6272 D IWlanJni: isThreadAttached start
07-29 15:16:15.766  5132  6272 D IWlanJni: jni detached
07-29 15:16:15.766  5132  6272 D IWlanJni: jni attached
07-29 15:16:15.767  5132  6272 D IWlanJni: getDataRegistrationStateResponse start
07-29 15:16:15.767  5132  6272 D IWlanJni: getJavaCallbackClass start
07-29 15:16:15.767  5132  6272 D IWlanJni: getJavaCallbackClass End midIs[1]
07-29 15:16:15.767  5132  6272 I IWlanAidlClient: getDataRegistrationStateResponse called
07-29 15:16:15.767  5132  6271 W IWlanNetworkService: 11 > Response Processed
07-29 15:16:15.767  4936  4936 D CiWlanNotificationReceiver: ACTION_RADIO_POWER_STATE_CHANGED
07-29 15:16:15.769  5132  6258 D IWlanJni: getDataRegistrationState start
07-29 15:16:15.769  5132  6269 D IWlanJni: new aidl event arrived
07-29 15:16:15.769  5132  6269 D IWlanJni: handleEvent 10
07-29 15:16:15.769  5132  6269 D IWlanJni: isThreadAttached start
07-29 15:16:15.769  5132  6269 D IWlanJni: jni detached
07-29 15:16:15.769  5132  6269 D IWlanJni: jni attached
07-29 15:16:15.769  5132  6269 D IWlanJni: getDataRegistrationStateResponse start
07-29 15:16:15.769  5132  6269 D IWlanJni: getJavaCallbackClass start
07-29 15:16:15.769  5132  6269 D IWlanJni: getJavaCallbackClass End midIs[1]
07-29 15:16:15.769  5132  6269 I IWlanAidlClient: getDataRegistrationStateResponse called
07-29 15:16:15.769  5132  6268 W IWlanNetworkService: 12 > Response Processed
07-29 15:16:15.771  5132  6258 D IWlanJni: getDataRegistrationState start
07-29 15:16:15.771  3442  4576 D CmccSliceManagerService: ACTION_DDS_SWITCH_DONE
07-29 15:16:15.771  3442  4576 D CmccSliceManagerService: cleanUpAndRestartSlice
07-29 15:16:15.771  3442  4576 D CmccSliceManagerService: cleanUpSlice
07-29 15:16:15.771  3442  4576 D CmccSliceManagerService: cleanUpSlice qcom
07-29 15:16:15.771  3442  4576 D CmccSliceManagerService: getDefaultDataSlotId0, subid: 1
07-29 15:16:15.771  5132  6272 D IWlanJni: new aidl event arrived
07-29 15:16:15.771  5132  6272 D IWlanJni: handleEvent 10
07-29 15:16:15.771  5132  6272 D IWlanJni: isThreadAttached start
07-29 15:16:15.771  5132  6272 D IWlanJni: jni detached
07-29 15:16:15.771  5132  6272 D IWlanJni: jni attached
07-29 15:16:15.771  5132  6272 D IWlanJni: getDataRegistrationStateResponse start
07-29 15:16:15.771  5132  6272 D IWlanJni: getJavaCallbackClass start
07-29 15:16:15.771  5132  6272 D IWlanJni: getJavaCallbackClass End midIs[1]
07-29 15:16:15.771  5132  6272 I IWlanAidlClient: getDataRegistrationStateResponse called
07-29 15:16:15.771  3442  4576 E ActivityThread: Failed to find provider info for com.cmccslice.proxyapp.provider
07-29 15:16:15.771  3442  4576 D CmccSliceManagerService: loadUrsp qcomCursor=null, count=-1, slotId=0
07-29 15:16:15.771  3442  4576 D CmccSliceManagerService: loadUrsp: qcomCursor=[]
07-29 15:16:15.771  3442  4576 D CmccSliceManagerService: isFeatureEnable , rus : false Feature : false
07-29 15:16:15.771  3442  4576 D CmccSliceManagerService: requestSliceNetwork: feature not enabled
07-29 15:16:15.771  3442  4576 D CmccSliceManagerService: cleanUpAndRestartSlice qcom
07-29 15:16:15.772  5132  6271 W IWlanNetworkService: 13 > Response Processed
07-29 15:16:15.772  5132  5132 D QCNEJ/WwanInfoRelay: onActiveSubscriptionsChanged activeCurrDDSId: 1 new DDS 1
07-29 15:16:15.772  3442  4489 V NetworkPolicy: updateNotificationsNL not process
07-29 15:16:15.772  4834  4834 I KeyguardUpdateMonitor: refreshSimState, changed:false,subId:1,slotId:0,state:5
07-29 15:16:15.772  4834  5123 I SystemUi--QuickSettings: Tile.OplusCellularTile-->updateCarrierText: dialog not showing, ignore
07-29 15:16:15.772  5132  5132 D QCNEJ/WwanInfoRelay: onActiveSubscriptionsChanged activeCurrDDSId: 1 new DDS 1
07-29 15:16:15.773  5010  5886 D CellularEvent: onActiveDataSubscriptionIdChanged sub id:1
07-29 15:16:15.773  4834  5123 D SimStateHelper: slot:0, lock state:Bundle[mParcelledData.dataSize=56]
07-29 15:16:15.773  4936  4936 D QC_RIL_OEM_HOOK: Received Broadcast Intent ACTION_UNSOL_RESPONSE_OEM_HOOK_RAW
07-29 15:16:15.773  4936  4936 D QC_RIL_OEM_HOOK: Received Broadcast Intent ACTION_UNSOL_RESPONSE_OEM_HOOK_RAW
07-29 15:16:15.773  4834  5123 D SimStateHelper: slot:1, lock state:Bundle[mParcelledData.dataSize=56]
07-29 15:16:15.773  4936  4936 D QC_RIL_OEM_HOOK: Received Broadcast Intent ACTION_UNSOL_RESPONSE_OEM_HOOK_RAW
07-29 15:16:15.773  4834  5123 D SimStateHelper: needDisableMenu: slot1State=-1; slot2State=-1
07-29 15:16:15.773  4834  5123 D SimStateHelper: needDisableMenu:false
07-29 15:16:15.773  4936  4936 D OplusPowerUpOptimizationImpl: onReceive: org.codeaurora.intent.action.RADIO_POWER_STATE
07-29 15:16:15.773  4936  5565 D OplusPowerUpOptimizationImpl: handleMessage what = 6
07-29 15:16:15.773  4936  5565 D OplusPowerUpOptimizationImpl: radio is available for slot: 1
07-29 15:16:15.773  4936  5565 D OplusPowerUpOptimizationImpl: trySendPhoneReady for slot: 1
07-29 15:16:15.773  4936  5565 D OplusPowerUpOptimizationImpl: Not sending ATEL ready: States: [1: {true, true, true, true}]
07-29 15:16:15.773  3442  4187 W BestClock: java.time.DateTimeException: Missing network time fix
07-29 15:16:15.774  4936  4936 D CiWlanNotificationReceiver: ACTION_RADIO_POWER_STATE_CHANGED
07-29 15:16:15.774  3442  7139 W BestClock: java.time.DateTimeException: Missing network time fix
07-29 15:16:15.774  4834  5643 V OplusCustomizeCacheManager: queryCache name: sys.cache.common_customize_cache18014 param: null
07-29 15:16:15.774  4834  5643 V OplusCustomizeCacheManager: queryCache name: sys.cache.common_customize_cache18017 param: Bundle[{SETTING=BLOCK, BUSINESS=NCT-DATA}]
07-29 15:16:15.774  4834  5643 V OplusCustomizeCacheManager: queryCache name: sys.cache.common_customize_cache18013 param: null
07-29 15:16:15.775  4834  5123 I SystemUi--QuickSettings: Tile.OplusCellularTile-->updateCarrierText: dialog not showing, ignore
07-29 15:16:15.775  4834  5123 D SimStateHelper: slot:0, lock state:Bundle[mParcelledData.dataSize=56]
07-29 15:16:15.776  4936  4936 D ServiceStateProvider: subId=1
07-29 15:16:15.776  4834  5123 D SimStateHelper: slot:1, lock state:Bundle[mParcelledData.dataSize=56]
07-29 15:16:15.776  4834  5123 D SimStateHelper: needDisableMenu: slot1State=-1; slot2State=-1
07-29 15:16:15.776  4834  5123 D SimStateHelper: needDisableMenu:false
07-29 15:16:15.776  3442  4640 V SettingsProvider: deleteSystemSetting(OPLUS_SLA_LAST_MCC, 0)
07-29 15:16:15.776  3442  4640 D SettingsProvider: delete system settings OPLUS_****_MCC pkg is  android user id is 0
07-29 15:16:15.776  3442  4187 W BestClock: java.time.DateTimeException: Missing network time fix
07-29 15:16:15.777  3442  4640 W OplusSlaManager: updateMCC curMCC empty!
07-29 15:16:15.777  3442  4185 W BestClock: java.time.DateTimeException: Missing network time fix
07-29 15:16:15.777  4834  5643 V OplusCustomizeCacheManager: queryCache name: sys.cache.common_customize_cache18014 param: null
07-29 15:16:15.777  4834  5643 V OplusCustomizeCacheManager: queryCache name: sys.cache.common_customize_cache18017 param: Bundle[{SETTING=BLOCK, BUSINESS=NCT-DATA}]
07-29 15:16:15.777  4834  5643 V OplusCustomizeCacheManager: queryCache name: sys.cache.common_customize_cache18013 param: null
07-29 15:16:15.778  5087  5087 I QImsService: OplusPhoneStateTracker : onServiceStateChanged
07-29 15:16:15.778  5189  5189 D SubsysEventListenerManager-SubsysTelephonyCallback[0]: onServiceStateChanged
07-29 15:16:15.778  5189  5189 D ChinaRoamingControl: registTelephonyEvent onServiceStateChanged eventId:5, VoiceRegState:1, DataRegState:1
07-29 15:16:15.778  5189  5189 D QuickChangeAirplaneModeEvent: onServiceStateChanged slotId:0
07-29 15:16:15.778  5010  5891 D OplusLinkBoostCommon: dds servicestate change
07-29 15:16:15.778  5189  6148 D EfsNvDumpUnit[0]: onServiceStateChanged: voice reg state: OUT_OF_SERVICE data reg state: OUT_OF_SERVICE
07-29 15:16:15.778  5189  6148 D cellularState[0]: handleMessage: E msg.what=4
07-29 15:16:15.778  5189  6148 D cellularState[0]: processMsg: DataCallingState
07-29 15:16:15.778  5189  6148 D cellularState[0]: processMsg: NetworkAttachedState
