07-29 15:16:14.408  2109  2373 D [PREVIEW]: SF obtain preview_adapter: 0
07-29 15:16:14.408  2109  2373 D [PREVIEW]: TabletPreviewAdapter::parallel world 0
07-29 15:16:14.408  4834  4834 I SystemUi--Statusbar: PrivacyDotViewController-->scheduleUpdate: 
07-29 15:16:14.409  4834  4834 I SystemUi--Statusbar: PrivacyDotViewController-->needShow false
07-29 15:16:14.409  4834  4834 I SystemUi--Statusbar: PrivacyDotViewController-->scheduleUpdate: 
07-29 15:16:14.409  4834  4834 I SystemUi--Notification: OplusNotificationShadeWindowControllerExImpl-->SHADE_FOCUSABLE-->mNotificationShadeFocusable= true, mPanelExpanded= false, mBouncerShowing= false, mKeyguardShowing= false, mKeyguardOccluded= false, mKeyguardNeedsInput= false, ENABLE_REMOTE_INPUT= true, mRemoteInputActive= false, layoutFlags= -2130444216
07-29 15:16:14.409  4834  4834 I SystemUi--Notification: OplusNotificationShadeWindowControllerExImpl-->SHADE_VISIBLE-->mKeyguardShowing= false, mKeyguardOccluded= false, mPanelVisible= false, mKeyguardFadingAway= false, mKeyguardGoingAway= false, mBouncerShowing= false, mScrimsVisibility= 1, mBackgroundBlurRadius= 0, mForcePluginOpen= false, mediaBackdropShowing= false, viewVisibility= true, qsBlurFraction= 0.015568862, panelBlurFraction= 0.0
07-29 15:16:14.409  7438  7464 I mydevices[core].ProviderCallProcessor: (binder:7438_2)method: panel_state; arg: panel_resume
07-29 15:16:14.409  7438  7464 I mydevices[core].ControlCenterManager: (binder:7438_2)onPanelShow
07-29 15:16:14.409  1673  1724 E TetherController: property_get sys.radio.data.modem_share_flag return 0, 1!
07-29 15:16:14.409  3442  3559 D DisplayManagerService: performTraversalInternal pendingTraversal
07-29 15:16:14.409  3442  3559 D DisplayDevice: setLayerStackLocked id=local:4630946756802996883 token=android.os.BinderProxy@b22a52c stack=0->0
07-29 15:16:14.409  4834  5706 D UXUtils : setHasTopUi: true; stack: com.oplus.systemui.shade.OplusNotificationShadeWindowControllerExImpl$uxFlagUpdateRunnable$1.run:12
07-29 15:16:14.409  4834  5123 I [UAH_CLIENT]: UahEventAcquire, cmdid:413, pkg:none, identity:OsenseHelperImpl
07-29 15:16:14.409  4834  6074 D [DevicePlugin].DataInterfaceImp.(DefaultDispatcher-worker-12): safeCall, method:getPanelDeviceList
07-29 15:16:14.409  3442  7139 I VibratorManagerServiceExtImpl: cancelVibrate uid=1000, pid=3442, usageFilter=-15, token=200231881
07-29 15:16:14.409  4834  4834 I SystemUi--QuickSettings: BackActionInteractor-->registerBackCallback true
07-29 15:16:14.410  3442  5319 D CoreBackPreview: Window{d19a35f u0 NotificationShade}: Setting back callback OnBackInvokedCallbackInfo{mCallback=android.window.IOnBackInvokedCallback$Stub$Proxy@470b2ce, mPriority=0, mIsAnimationCallback=false}
07-29 15:16:14.410  4834  4834 I SystemUi--QuickSettings: OplusSeparateQSManager-->updateSeparateQSExpandState recomputeDisableFlags
07-29 15:16:14.410  4834  4834 I SystemUi--Statusbar: CollapsedSbFragment-->New visibilities calculated internally. StatusBarVisibilityModel(showClock: false showNotificationIcons:false showOngoingActivityChip:false showSystemInfo:false ) 
07-29 15:16:14.410  4834  4834 I SystemUi--Statusbar: CollapsedStatusBarFragmentExImpl-->animate: true, unlockAnimationRunning: false, fadingAway: false, keyguard: false
07-29 15:16:14.410  4834  4834 I SystemUi--Statusbar: CollapsedStatusBarFragmentExImpl-->StatusBarVisibilityModelEx: StatusBarVisibilityModelEx(showClock: false showPromptView:false showOngoingCallChip:false showNotificationContainer:false showOperatorName:false showSeedlingContainer:false ), animate: true
07-29 15:16:14.410  7438  8504 I mydevices[core].CardsProxyManager: (DefaultDispatcher-worker-1)resume cards: [], visibleCount: 0, showPosition: 4
07-29 15:16:14.411  7438  8504 I mydevices[core].CardsProxyManager: (DefaultDispatcher-worker-1)notify cards size : 0, code = 1
07-29 15:16:14.411  7438  8504 I mydevices[core].CardsProxyManager: (DefaultDispatcher-worker-1)current cards is empty, no need to call the event
07-29 15:16:14.411  7438  8504 I mydevices[core].OPSynergyScannerImpl: (DefaultDispatcher-worker-1)reScan
07-29 15:16:14.411  7438  8504 D OplusLog_DeviceKit_com.heytap.mydevices: [SynergyDeviceManager-148393140] isServiceBound
07-29 15:16:14.411  7438  8504 D OplusLog_DeviceKit_com.heytap.mydevices: [OpDeviceServiceClient-148393140] isServiceBound: null
07-29 15:16:14.411  7438  8504 I mydevices[core].CoreOpDeviceAction: (DefaultDispatcher-worker-1)isServiceBind: isBind: false
07-29 15:16:14.411  7438  8504 I mydevices[core].OPSynergyScannerImpl: (DefaultDispatcher-worker-1)getOpDeviceList
07-29 15:16:14.411  7438  8504 D OplusLog_DeviceKit_com.heytap.mydevices: [SynergyDeviceManager-148393140] getDeviceList: com.heytap.mydevices.core.action.CoreOpDeviceAction$d@38b3150
07-29 15:16:14.411  4834  4834 I SystemUi--Keyguard: KeyguardRapidUnlockUtils-->composeKeyguard show=true, reason=applyVisibility_show
07-29 15:16:14.411  7438  9383 I mydevices[core].ProviderCallProcessor: (binder:7438_4)method: getPanelDeviceList; arg: 
07-29 15:16:14.411  7438  8504 D OplusLog_DeviceKit_com.heytap.mydevices: [OpDeviceServiceClient-148393140] settings_opsynergy_has_device: 0
07-29 15:16:14.411  7438  8504 D OplusLog_DeviceKit_com.heytap.mydevices: [SynergyDeviceManager-148393140] getDeviceList result: com.heytap.mydevices.core.action.CoreOpDeviceAction$d@38b3150, success: true, devices: []
07-29 15:16:14.411  7438  8504 I mydevices[core].CoreOpDeviceAction: (DefaultDispatcher-worker-1)device input: []
07-29 15:16:14.411  7438  8504 I mydevices[core].OPSynergyScannerImpl: (DefaultDispatcher-worker-1)getOpDeviceList, onResult
07-29 15:16:14.412  4834  5064 D RegionSamplingHelper =:    mCompositionSamplingListener.unregister
07-29 15:16:14.412  2109  2373 I BpBinder: onLastStrongRef automatically unlinking death recipients: 
07-29 15:16:14.412  4834  5064 I NotificationShadeWindowController: stop Pending key thread event (apply)
07-29 15:16:14.412  7438  9383 I mydevices[core].ControlCenterManager: (binder:7438_4)response data:DeviceSpaceInfo(version=2, panelDevices=[])
07-29 15:16:14.412  7438  9383 I mydevices[core].DeviceMainPageEvent: (binder:7438_4)uploadDeviceNumTypeName list empty
07-29 15:16:14.413  4834  4834 I SystemUi--Keyguard: KeyguardGlideTipView-->hideTips reason=hideGlideTipImmediateWithQsExpandingOrOplusKeyguardLoadOrGotoNtfCapsule withAnimator=true delayType=2
07-29 15:16:14.413  4834  4834 I SystemUi--Keyguard: KeyguardGlideTipView-->cancelBreathAnimation-isBreathAnimationRunning=false
07-29 15:16:14.413  4834  4834 I SystemUi--Keyguard: KeyguardAffordanceTipsView-->hideTips reason=QsExpandingOrOplusKeyguardLoadOrGotoNtfCapsule withAnimator=true delayType=2
07-29 15:16:14.414  4834  6074 I [DevicePlugin].DevicePanelPresenter.(DefaultDispatcher-worker-12): response code:30001; panelInfo:PanelInfo(panelState=DEVICE_HOME, panelDevices=[]), pluginVersion: 2
07-29 15:16:14.414  4834  6074 I [DevicePlugin].FixedSeparateModelPanel.(DefaultDispatcher-worker-12): onPanelInfoChanged
07-29 15:16:14.414  4834  6074 I [DevicePlugin].FixedSeparateModelPanel.(DefaultDispatcher-worker-12): updateView: panelState=DEVICE_HOME, panelDevices.size=0
07-29 15:16:14.415  4834  4834 D ViewRootImplExtImpl: wrapConfigInfoIntoFlags rotation=0, smallestScreenWidthDp=0, residentWS=false, scenario=0, bounds=Rect(0, 0 - 1080, 2376), relayoutAsync=false, flags=1, newFlags=1245708289, title=NotificationShade
07-29 15:16:14.416  3442  4187 D WindowManagerServiceExtImpl: extractConfigInfoAndRealFlags rotation=0, screenDp=0, residentWS:0, scenario:0, bounds:2376, serverWinBounds:Rect(0, 0 - 1080, 2376), win=Window{d19a35f u0 NotificationShade}
07-29 15:16:14.416  3442  4187 V WindowManager: Relayout Window{d19a35f u0 NotificationShade}: viewVisibility=0, oldvis=4, req=1080x2376, vsysui=, x=0, y=0
07-29 15:16:14.416  3442  4187 I WindowManager: Window{d19a35f u0 NotificationShade} state from NO_SURFACE to DRAW_PENDING; reason: resetDrawState
07-29 15:16:14.416  2109  2373 D OplusLayer: setProcInfo (132,NotificationShade#132,com.android.systemui,0x4578D52F)
07-29 15:16:14.417  7313  7313 W Battery : PowerSaveTileService: onCreate
07-29 15:16:14.417  3442  4187 D QuickBackInputPolicy: hasMultiChildrenInTask: false
07-29 15:16:14.417  3442  4187 D WindowManager: NFW_findFocusedWindowIfNeeded:Window{49c2edc u0 com.android.launcher/com.android.launcher.Launcher} mCurrentFocus:Window{49c2edc u0 com.android.launcher/com.android.launcher.Launcher}
07-29 15:16:14.417  4834  4834 W VRI[NotificationShade]: updateBlastSurfaceIfNeeded, surfaceSize:Point(1080, 2376), lastSurfaceSize:Point(1080, 2376), format:-3, blastBufferQueue:null
07-29 15:16:14.418  4834  4834 D BufferQueueConsumer: [](id:12e200000009,api:0,p:-1,c:4834) connect: controlledByApp=false
07-29 15:16:14.418  4834  4834 I SystemUi--Keyguard: KeyguardEngineContainer-->onConfigurationChanged, locale = en-US,zh-CN, mLastLocale= en-US,zh-CN
07-29 15:16:14.418  4834  4834 I SystemUi--Keyguard: KeyguardEngineContainer-->onConfigurationChanged. font = 0, mLastFlipFont = 0, density = 480, mDensity = 480
07-29 15:16:14.418  4834  4834 I SystemUi--Keyguard: KeyguardPluginManager-->maybeReloadNormalKeyguard, uses default LockScreen
07-29 15:16:14.419  4834  5400 D Tile.CustomTile.PowerSaveTileService: refreshState: tile not listening, ignore
07-29 15:16:14.419  4834  4834 E ndroid.systemui: No package ID ff found for resource ID 0xffffffff.
07-29 15:16:14.419  4834  5400 D Tile.CustomTile.WirelessReverseControService: refreshState: tile not listening, ignore
07-29 15:16:14.419  4834  4834 E ndroid.systemui: No package ID ff found for resource ID 0xffffffff.
07-29 15:16:14.419  4834  4834 E ndroid.systemui: No package ID ff found for resource ID 0xffffffff.
07-29 15:16:14.419  4834  4834 E ThemeUtils: View class com.oplus.systemui.keyguard.view.GeneralFontVariationTextView is an AppCompat widget that can only be used with a Theme.AppCompat theme (or descendant).
07-29 15:16:14.420  4834  4834 E ThemeUtils: View class com.oplus.systemui.keyguard.view.GeneralFontVariationTextView is an AppCompat widget that can only be used with a Theme.AppCompat theme (or descendant).
07-29 15:16:14.420  4834  4834 I SystemUi--Keyguard: PictorialAppInfo-->isShowPictorialTipDevice true,bottomMargin=611
07-29 15:16:14.420  4834  4834 I SystemUi--Keyguard: PictorialFunctionContainer-->onWallpaperChange info is null or local or engine
07-29 15:16:14.420  4834  4834 I SystemUi--Keyguard: PictorialAppInfo-->isShowPictorialTipDevice true,bottomMargin=611
07-29 15:16:14.420  4834  4834 I SystemUi--Keyguard: PictorialAppInfo-->isShowPictorialTipDevice true,bottomMargin=611
07-29 15:16:14.420  4834  4834 I SystemUi--Notification: NotificationsQSContainerController-->onWindowConfigurationChange: splitShadeEnabled=false
07-29 15:16:14.420  4834  4834 I SystemUi--Notification: NotificationsQSContainerController-->updateResources: splitShadeEnabled=false, newSplitShadeEnabled=false
07-29 15:16:14.420  4834  4834 I SystemUi--Notification: OplusQSSimpleHeader-->shouldClick: true, isInSuperPowerSaveMode: false, isInWellBeingAssistantMode: false
07-29 15:16:14.420  4834  4834 I SystemUi--Notification: OplusQSSimpleHeader-->updateMarginTop, reason: configChange, newMarginTop: 102 currentMarginTop 102
07-29 15:16:14.421  4834  4834 I SystemUi--QuickSettings: OplusQuickStatusBarHeader-->[onConfigurationChanged] updateResources end, start call listener
07-29 15:16:14.423  4834  4834 I SystemUi--QuickSettings: OplusQuickStatusBarHeader-->[onConfigurationChanged] updateResources end, start call listener
07-29 15:16:14.424  4834  4834 I SystemUi--QuickSettings: OplusQSHighlightTileViewImpl-->updateIconViewSize mTileCanTips=true
07-29 15:16:14.424  4834  4834 I SystemUi--QuickSettings: OplusQSHighlightTileViewImpl-->updateIconViewSize mTileCanTips=true
07-29 15:16:14.425  4834  4834 I SystemUi--QuickSettings: OplusQsToggleSliderTouchExt-->getRealSize point: Point(1080, 2376) realScreenWidth: 1080 realScreenHeight: 2376
07-29 15:16:14.425  4834  4834 I SystemUi--QuickSettings: OplusQsToggleSliderLayout-->updateRadius radius= 57.815125, roundParams= OplusRoundParams(radiusDp=15.2, radius=45.6, weight=1.1, isCircle=false), isDefaultVolumeTheme = true
07-29 15:16:14.425  4834  4834 I COUIVerticalSeekBar: COUIVerticalSeekBar ensureSize : mIsProgressFull:true,mBackgroundRadius:45.6,mBackgroundWidth:179.0,mBackgroundEnlargeScale1.0,mProgressRadius:45.6,mProgressWidth:179.0,mProgressEnlargeScale1.0,mPaddingVertical45.6
07-29 15:16:14.425  4834  4834 I COUIVerticalSeekBar: updateBehavior * normalSeekBarHeight = 309,mPaddingVertical = 45.6,mIsPhysicsEnable = true,mPhysicalAnimator = null,mFlingBehavior = null,Thread_name = main,hashCode = 86561021,time = 1753816574425,stackChain = com.coui.appcompat.seekbar.COUIVerticalSeekBar.updateBehavior$1:14 com.coui.appcompat.seekbar.COUIVerticalSeekBar.ensureSize$1:182 com.coui.appcompat.seekbar.COUIVerticalSeekBar.setBackgroundRadius:3 com.oplus.systemui.qs.base.seek.OplusQsBaseToggleSliderLayout.updateRadius:60 
07-29 15:16:14.425  4834  4834 I COUIVerticalSeekBar: setPaddingVertical * paddingVertical = 45.6,hashCode = 86561021,time = 1753816574425
07-29 15:16:14.425  4834  4834 I COUIVerticalSeekBar: COUIVerticalSeekBar ensureSize : mIsProgressFull:true,mBackgroundRadius:45.6,mBackgroundWidth:179.0,mBackgroundEnlargeScale1.0,mProgressRadius:45.6,mProgressWidth:179.0,mProgressEnlargeScale1.0,mPaddingVertical45.6
07-29 15:16:14.425  4834  4834 I COUIVerticalSeekBar: updateBehavior * normalSeekBarHeight = 309,mPaddingVertical = 45.6,mIsPhysicsEnable = true,mPhysicalAnimator = null,mFlingBehavior = null,Thread_name = main,hashCode = 86561021,time = 1753816574425,stackChain = com.coui.appcompat.seekbar.COUIVerticalSeekBar.updateBehavior$1:14 com.coui.appcompat.seekbar.COUIVerticalSeekBar.ensureSize$1:182 com.coui.appcompat.seekbar.COUIVerticalSeekBar.setPaddingVertical:59 com.oplus.systemui.qs.base.seek.OplusQsBaseToggleSliderLayout.updateRadius:74 
07-29 15:16:14.425  4834  4834 I SystemUi--QuickSettings: OplusQsToggleSliderTouchExt-->getRealSize point: Point(1080, 2376) realScreenWidth: 1080 realScreenHeight: 2376
07-29 15:16:14.425  4834  4834 I SystemUi--QuickSettings: OplusQsToggleSliderLayout-->updateRadius radius= 57.815125, roundParams= OplusRoundParams(radiusDp=15.2, radius=45.6, weight=1.1, isCircle=false), isDefaultVolumeTheme = true
07-29 15:16:14.425  4834  4834 I COUIVerticalSeekBar: COUIVerticalSeekBar ensureSize : mIsProgressFull:true,mBackgroundRadius:45.6,mBackgroundWidth:179.0,mBackgroundEnlargeScale1.0,mProgressRadius:45.6,mProgressWidth:179.0,mProgressEnlargeScale1.0,mPaddingVertical45.6
07-29 15:16:14.425  4834  4834 I COUIVerticalSeekBar: updateBehavior * normalSeekBarHeight = 309,mPaddingVertical = 45.6,mIsPhysicsEnable = true,mPhysicalAnimator = null,mFlingBehavior = null,Thread_name = main,hashCode = 47588021,time = 1753816574425,stackChain = com.coui.appcompat.seekbar.COUIVerticalSeekBar.updateBehavior$1:14 com.coui.appcompat.seekbar.COUIVerticalSeekBar.ensureSize$1:182 com.coui.appcompat.seekbar.COUIVerticalSeekBar.setBackgroundRadius:3 com.oplus.systemui.qs.base.seek.OplusQsBaseToggleSliderLayout.updateRadius:60 
07-29 15:16:14.425  4834  4834 I COUIVerticalSeekBar: setPaddingVertical * paddingVertical = 45.6,hashCode = 47588021,time = 1753816574425
07-29 15:16:14.425  4834  4834 I COUIVerticalSeekBar: COUIVerticalSeekBar ensureSize : mIsProgressFull:true,mBackgroundRadius:45.6,mBackgroundWidth:179.0,mBackgroundEnlargeScale1.0,mProgressRadius:45.6,mProgressWidth:179.0,mProgressEnlargeScale1.0,mPaddingVertical45.6
07-29 15:16:14.425  4834  4834 I COUIVerticalSeekBar: updateBehavior * normalSeekBarHeight = 309,mPaddingVertical = 45.6,mIsPhysicsEnable = true,mPhysicalAnimator = null,mFlingBehavior = null,Thread_name = main,hashCode = 47588021,time = 1753816574425,stackChain = com.coui.appcompat.seekbar.COUIVerticalSeekBar.updateBehavior$1:14 com.coui.appcompat.seekbar.COUIVerticalSeekBar.ensureSize$1:182 com.coui.appcompat.seekbar.COUIVerticalSeekBar.setPaddingVertical:59 com.oplus.systemui.qs.base.seek.OplusQsBaseToggleSliderLayout.updateRadius:74 
07-29 15:16:14.425  4834  4834 I [DevicePlugin].NoDeviceEntranceCardView.(main): onConfigurationChanged
07-29 15:16:14.425  4834  4834 I [DevicePlugin].PlatformUtils.(main): isLowGaussianLevel: DEBUG_LEVEL = -1, ANIM_LEVEL = 1
07-29 15:16:14.425  4834  4834 I [DevicePlugin].PlatformUtils.(main): isGlobalThemeApplied: isGlobalTheme=false
07-29 15:16:14.425  4834  4834 I [DevicePlugin].PlatformUtils.(main): isBlurEnable: enable=true
07-29 15:16:14.425  4834  4834 I [DevicePlugin].PlatformUtils.(main): isGlobalThemeApplied: isGlobalTheme=false
07-29 15:16:14.425  4834  4834 I [DevicePlugin].PlatformUtils.(main): isLightOsGaussianLevel: DEBUG_LEVEL = -1, ANIM_LEVEL = 1
07-29 15:16:14.425  4834  4834 I [DevicePlugin].PlatformUtils.(main): isLightBlurEnable: enable=false
07-29 15:16:14.425  4834  4834 I [DevicePlugin].RectangleDeviceCardView.(main): onConfigurationChanged
07-29 15:16:14.425  4834  4834 I [DevicePlugin].PlatformUtils.(main): isLowGaussianLevel: DEBUG_LEVEL = -1, ANIM_LEVEL = 1
07-29 15:16:14.425  4834  4834 I [DevicePlugin].PlatformUtils.(main): isGlobalThemeApplied: isGlobalTheme=false
07-29 15:16:14.425  4834  4834 I [DevicePlugin].PlatformUtils.(main): isBlurEnable: enable=true
07-29 15:16:14.425  4834  4834 I [DevicePlugin].PlatformUtils.(main): isGlobalThemeApplied: isGlobalTheme=false
07-29 15:16:14.425  4834  4834 I [DevicePlugin].PlatformUtils.(main): isLightOsGaussianLevel: DEBUG_LEVEL = -1, ANIM_LEVEL = 1
07-29 15:16:14.425  4834  4834 I [DevicePlugin].PlatformUtils.(main): isLightBlurEnable: enable=false
07-29 15:16:14.425  4834  4834 I [DevicePlugin].RectangleEntranceCardView.(main): onConfigurationChanged
07-29 15:16:14.425  4834  4834 I [DevicePlugin].PlatformUtils.(main): isLowGaussianLevel: DEBUG_LEVEL = -1, ANIM_LEVEL = 1
07-29 15:16:14.425  4834  4834 I [DevicePlugin].PlatformUtils.(main): isGlobalThemeApplied: isGlobalTheme=false
07-29 15:16:14.425  4834  4834 I [DevicePlugin].PlatformUtils.(main): isBlurEnable: enable=true
07-29 15:16:14.425  4834  4834 I [DevicePlugin].PlatformUtils.(main): isGlobalThemeApplied: isGlobalTheme=false
07-29 15:16:14.425  4834  4834 I [DevicePlugin].PlatformUtils.(main): isLightOsGaussianLevel: DEBUG_LEVEL = -1, ANIM_LEVEL = 1
07-29 15:16:14.425  4834  4834 I [DevicePlugin].PlatformUtils.(main): isLightBlurEnable: enable=false
07-29 15:16:14.425  4834  4834 I [DevicePlugin].RectangleDeviceCardView.(main): onConfigurationChanged
07-29 15:16:14.425  4834  4834 I [DevicePlugin].PlatformUtils.(main): isLowGaussianLevel: DEBUG_LEVEL = -1, ANIM_LEVEL = 1
07-29 15:16:14.425  4834  4834 I [DevicePlugin].PlatformUtils.(main): isGlobalThemeApplied: isGlobalTheme=false
07-29 15:16:14.425  4834  4834 I [DevicePlugin].PlatformUtils.(main): isBlurEnable: enable=true
07-29 15:16:14.425  4834  4834 I [DevicePlugin].PlatformUtils.(main): isGlobalThemeApplied: isGlobalTheme=false
07-29 15:16:14.425  4834  4834 I [DevicePlugin].PlatformUtils.(main): isLightOsGaussianLevel: DEBUG_LEVEL = -1, ANIM_LEVEL = 1
07-29 15:16:14.425  4834  4834 I [DevicePlugin].PlatformUtils.(main): isLightBlurEnable: enable=false
07-29 15:16:14.425  4834  4834 I [DevicePlugin].SquareDeviceCardView.(main): onConfigurationChanged
07-29 15:16:14.425  4834  4834 I [DevicePlugin].PlatformUtils.(main): isLowGaussianLevel: DEBUG_LEVEL = -1, ANIM_LEVEL = 1
07-29 15:16:14.425  4834  4834 I [DevicePlugin].PlatformUtils.(main): isGlobalThemeApplied: isGlobalTheme=false
07-29 15:16:14.425  4834  4834 I [DevicePlugin].PlatformUtils.(main): isBlurEnable: enable=true
07-29 15:16:14.425  4834  4834 I [DevicePlugin].PlatformUtils.(main): isGlobalThemeApplied: isGlobalTheme=false
07-29 15:16:14.425  4834  4834 I [DevicePlugin].PlatformUtils.(main): isLightOsGaussianLevel: DEBUG_LEVEL = -1, ANIM_LEVEL = 1
07-29 15:16:14.425  4834  4834 I [DevicePlugin].PlatformUtils.(main): isLightBlurEnable: enable=false
07-29 15:16:14.425  4834  4834 I [DevicePlugin].SquareEntranceCardView.(main): onConfigurationChanged
07-29 15:16:14.425  4834  4834 I [DevicePlugin].PlatformUtils.(main): isLowGaussianLevel: DEBUG_LEVEL = -1, ANIM_LEVEL = 1
07-29 15:16:14.425  4834  4834 I [DevicePlugin].PlatformUtils.(main): isGlobalThemeApplied: isGlobalTheme=false
07-29 15:16:14.425  4834  4834 I [DevicePlugin].PlatformUtils.(main): isBlurEnable: enable=true
07-29 15:16:14.425  4834  4834 I [DevicePlugin].PlatformUtils.(main): isGlobalThemeApplied: isGlobalTheme=false
07-29 15:16:14.425  4834  4834 I [DevicePlugin].PlatformUtils.(main): isLightOsGaussianLevel: DEBUG_LEVEL = -1, ANIM_LEVEL = 1
07-29 15:16:14.425  4834  4834 I [DevicePlugin].PlatformUtils.(main): isLightBlurEnable: enable=false
07-29 15:16:14.425  4834  4834 I [DevicePlugin].SquareDeviceCardView.(main): onConfigurationChanged
07-29 15:16:14.425  4834  4834 I [DevicePlugin].PlatformUtils.(main): isLowGaussianLevel: DEBUG_LEVEL = -1, ANIM_LEVEL = 1
07-29 15:16:14.425  4834  4834 I [DevicePlugin].PlatformUtils.(main): isGlobalThemeApplied: isGlobalTheme=false
07-29 15:16:14.425  4834  4834 I [DevicePlugin].PlatformUtils.(main): isBlurEnable: enable=true
07-29 15:16:14.425  4834  4834 I [DevicePlugin].PlatformUtils.(main): isGlobalThemeApplied: isGlobalTheme=false
07-29 15:16:14.425  4834  4834 I [DevicePlugin].PlatformUtils.(main): isLightOsGaussianLevel: DEBUG_LEVEL = -1, ANIM_LEVEL = 1
07-29 15:16:14.425  4834  4834 I [DevicePlugin].PlatformUtils.(main): isLightBlurEnable: enable=false
07-29 15:16:14.425  4834  4834 I [DevicePlugin].SquareDeviceCardView.(main): onConfigurationChanged
07-29 15:16:14.425  4834  4834 I [DevicePlugin].PlatformUtils.(main): isLowGaussianLevel: DEBUG_LEVEL = -1, ANIM_LEVEL = 1
07-29 15:16:14.425  4834  4834 I [DevicePlugin].PlatformUtils.(main): isGlobalThemeApplied: isGlobalTheme=false
07-29 15:16:14.425  4834  4834 I [DevicePlugin].PlatformUtils.(main): isBlurEnable: enable=true
07-29 15:16:14.425  4834  4834 I [DevicePlugin].PlatformUtils.(main): isGlobalThemeApplied: isGlobalTheme=false
07-29 15:16:14.425  4834  4834 I [DevicePlugin].PlatformUtils.(main): isLightOsGaussianLevel: DEBUG_LEVEL = -1, ANIM_LEVEL = 1
07-29 15:16:14.425  4834  4834 I [DevicePlugin].PlatformUtils.(main): isLightBlurEnable: enable=false
07-29 15:16:14.425  4834  4834 I [DevicePlugin].SquareDeviceCardView.(main): onConfigurationChanged
07-29 15:16:14.425  4834  4834 I [DevicePlugin].PlatformUtils.(main): isLowGaussianLevel: DEBUG_LEVEL = -1, ANIM_LEVEL = 1
07-29 15:16:14.425  4834  4834 I [DevicePlugin].PlatformUtils.(main): isGlobalThemeApplied: isGlobalTheme=false
07-29 15:16:14.425  4834  4834 I [DevicePlugin].PlatformUtils.(main): isBlurEnable: enable=true
07-29 15:16:14.425  4834  4834 I [DevicePlugin].PlatformUtils.(main): isGlobalThemeApplied: isGlobalTheme=false
07-29 15:16:14.425  4834  4834 I [DevicePlugin].PlatformUtils.(main): isLightOsGaussianLevel: DEBUG_LEVEL = -1, ANIM_LEVEL = 1
07-29 15:16:14.425  4834  4834 I [DevicePlugin].PlatformUtils.(main): isLightBlurEnable: enable=false
07-29 15:16:14.425  4834  4834 I [DevicePlugin].SquareEntranceCardView.(main): onConfigurationChanged
07-29 15:16:14.425  4834  4834 I [DevicePlugin].PlatformUtils.(main): isLowGaussianLevel: DEBUG_LEVEL = -1, ANIM_LEVEL = 1
07-29 15:16:14.425  4834  4834 I [DevicePlugin].PlatformUtils.(main): isGlobalThemeApplied: isGlobalTheme=false
07-29 15:16:14.425  4834  4834 I [DevicePlugin].PlatformUtils.(main): isBlurEnable: enable=true
07-29 15:16:14.425  4834  4834 I [DevicePlugin].PlatformUtils.(main): isGlobalThemeApplied: isGlobalTheme=false
07-29 15:16:14.425  4834  4834 I [DevicePlugin].PlatformUtils.(main): isLightOsGaussianLevel: DEBUG_LEVEL = -1, ANIM_LEVEL = 1
07-29 15:16:14.425  4834  4834 I [DevicePlugin].PlatformUtils.(main): isLightBlurEnable: enable=false
07-29 15:16:14.428  4834  4834 I SystemUi--QuickSettings: OplusSeparateQSCustomizer-->updateResources tileRow= 3
07-29 15:16:14.428  4834  4834 I SystemUi--QuickSettings: OplusSeparateQSCustomizer--> mUsableWidth=1080
07-29 15:16:14.428  4834  4834 I SystemUi--QuickSettings: OplusSeparateQSCustomizer--> mEditCellWidth=175 mEditCellMarginHorizontal=66 mItemHeight=271 mHorizontalSidePadding=57
07-29 15:16:14.428  4834  4834 I SystemUi--QuickSettings: OplusQsToggleSliderTouchExt-->getRealSize point: Point(1080, 2376) realScreenWidth: 1080 realScreenHeight: 2376
07-29 15:16:14.428  4834  4834 I SystemUi--QuickSettings: OplusQsToggleSliderLayout-->updateRadius radius= 57.815125, roundParams= OplusRoundParams(radiusDp=15.2, radius=45.6, weight=1.1, isCircle=false), isDefaultVolumeTheme = true
07-29 15:16:14.428  4834  4834 I COUIVerticalSeekBar: COUIVerticalSeekBar ensureSize : mIsProgressFull:true,mBackgroundRadius:45.6,mBackgroundWidth:179.0,mBackgroundEnlargeScale1.0,mProgressRadius:45.6,mProgressWidth:179.0,mProgressEnlargeScale1.0,mPaddingVertical45.6
07-29 15:16:14.429  4834  4834 I COUIVerticalSeekBar: updateBehavior * normalSeekBarHeight = 309,mPaddingVertical = 45.6,mIsPhysicsEnable = true,mPhysicalAnimator = null,mFlingBehavior = null,Thread_name = main,hashCode = 185604135,time = 1753816574429,stackChain = com.coui.appcompat.seekbar.COUIVerticalSeekBar.updateBehavior$1:14 com.coui.appcompat.seekbar.COUIVerticalSeekBar.ensureSize$1:182 com.coui.appcompat.seekbar.COUIVerticalSeekBar.setBackgroundRadius:3 com.oplus.systemui.qs.base.seek.OplusQsBaseToggleSliderLayout.updateRadius:60 
07-29 15:16:14.429  4834  4834 I COUIVerticalSeekBar: setPaddingVertical * paddingVertical = 45.6,hashCode = 185604135,time = 1753816574429
07-29 15:16:14.429  4834  4834 I COUIVerticalSeekBar: COUIVerticalSeekBar ensureSize : mIsProgressFull:true,mBackgroundRadius:45.6,mBackgroundWidth:179.0,mBackgroundEnlargeScale1.0,mProgressRadius:45.6,mProgressWidth:179.0,mProgressEnlargeScale1.0,mPaddingVertical45.6
07-29 15:16:14.429  4834  4834 I COUIVerticalSeekBar: updateBehavior * normalSeekBarHeight = 309,mPaddingVertical = 45.6,mIsPhysicsEnable = true,mPhysicalAnimator = null,mFlingBehavior = null,Thread_name = main,hashCode = 185604135,time = 1753816574429,stackChain = com.coui.appcompat.seekbar.COUIVerticalSeekBar.updateBehavior$1:14 com.coui.appcompat.seekbar.COUIVerticalSeekBar.ensureSize$1:182 com.coui.appcompat.seekbar.COUIVerticalSeekBar.setPaddingVertical:59 com.oplus.systemui.qs.base.seek.OplusQsBaseToggleSliderLayout.updateRadius:74 
07-29 15:16:14.429  4834  4834 I SystemUi--Common: WindowRootView-->leftInset:0 rightInset:0  rootWindowInsets.displayCutout:DisplayCutout{insets=Rect(0, 120 - 0, 0) waterfall=Insets{left=0, top=0, right=0, bottom=0} boundingRect={Bounds=[Rect(0, 0 - 0, 0), Rect(512, 0 - 569, 120), Rect(0, 0 - 0, 0), Rect(0, 0 - 0, 0)]} cutoutPathParserInfo={CutoutPathParserInfo{displayWidth=1080 displayHeight=2376 physicalDisplayWidth=1440 physicalDisplayHeight=3168 density={4.0} cutoutSpec={M -38,0 L -38,160 L 38,160 L 38,0 Z} rotation={0} scale={1.0} physicalPixelDisplaySizeRatio={0.75}}} sideOverrides={}} windowInsets.displayCutout:DisplayCutout{insets=Rect(0, 120 - 0, 0) waterfall=Insets{left=0, top=0, right=0, bottom=0} boundingRect={Bounds=[Rect(0, 0 - 0, 0), Rect(512, 0 - 569, 120), Rect(0, 0 - 0, 0), Rect(0, 0 - 0, 0)]} cutoutPathParserInfo={CutoutPathParserInfo{displayWidth=1080 displayHeight=2376 physicalDisplayWidth=1440 physicalDisplayHeight=3168 density={4.0} cutoutSpec={M -38,0 L -38,160 L 38,160 L 38,0 Z} rotation={0} scale={1.0} physicalPixelDisplaySizeRatio={0.75}}} sideOverrides={}} currentRotation:1
07-29 15:16:14.429  4834  4834 I SystemUi--QuickSettings: OplusQuickStatusBarHeader-->onApplyWindowInsets mIgnoreCenterHole: true mCenterHoleSpaceLp: androidx.constraintlayout.widget.ConstraintLayout$LayoutParams@849d30e
07-29 15:16:14.429  4834  4834 I SystemUi--QuickSettings: OplusQuickStatusBarHeader-->updateCenterHoleView visibility: 8 isLpChanged: false
07-29 15:16:14.429  4834  4834 I SystemUi--QuickSettings: OplusQuickStatusBarHeader-->updateCenterHoleView visibility: 8 isLpChanged: false
07-29 15:16:14.429  4834  4834 I PluginSeedling--Base: SeedlingPluginService-->onStateChange: Bundle[{rect=RectF(509.25, 29.25, 570.75, 90.75), state=onHoleRectChanged}]
07-29 15:16:14.429  4834  4834 I SystemUi--Statusbar: StatusBarPaddingProvider-->updateContentsPadding: (51, 14, 60, 15), screenHoleHeight: 61 isLandscape=false, rotation: 0 screenHoleBottom: 90 statusBarHeight: 120 seedlingHeight: 90 switchSupport: true percentScreen:0.75 baseScreenWidth:1080 stableDisplayWidth:1440
07-29 15:16:14.429  4834  4834 I SystemUi--QuickSettings: OplusQuickStatusBarHeader-->onApplyWindowInsets mIgnoreCenterHole: true mCenterHoleSpaceLp: androidx.constraintlayout.widget.ConstraintLayout$LayoutParams@91512f
07-29 15:16:14.429  4834  4834 I SystemUi--QuickSettings: OplusQuickStatusBarHeader-->updateCenterHoleView visibility: 8 isLpChanged: false
07-29 15:16:14.429  4834  4834 I SystemUi--QuickSettings: OplusQuickStatusBarHeader-->updateCenterHoleView visibility: 8 isLpChanged: false
07-29 15:16:14.430  4834  5438 D BufferQueueProducer: [VRI[NotificationShade]#8(BLAST Consumer)8](id:12e200000009,api:1,p:4834,c:4834) connect: api=1 producerControlledByApp=true
07-29 15:16:14.437  4834  4834 I SurfaceControl:  setExtendedRangeBrightness sc=Surface(name=NotificationShade)/@0x7abd562,currentBufferRatio=1.0,desiredRatio=1.0
07-29 15:16:14.446  2109  2373 D SurfaceFlinger: captureLayers from pid 5394 uid -335
07-29 15:16:14.447  2109  2373 W SurfaceFlinger: Skipping screen capture because of invalid layer.
07-29 15:16:14.447  5394  5773 E ScreenCapture: Failed to generate screen capture. Error code: -12
07-29 15:16:14.447  5394  5773 E Blur_ScreenCapture: [captureScreenInternal] exceeds fail times limit=1
07-29 15:16:14.448  3442  3760 D VRR [OPlusRefreshRateService]: handleConfigIdChange physicalDisplayId: 4630946756802996883 configId: 4 renderPeriod: 8333333
07-29 15:16:14.449  3442  3760 D VRR [OPlusSAManager]: updateModeChange old modeId [ 5 ] -> new modeId [ 4 ] mCurPolicy: 1
07-29 15:16:14.449  3442  3760 D VRR [OPlusSAManager]: updateSAScene active modeId: 4
07-29 15:16:14.449  3442  3760 D VRR [OPlusSAManager]: updateSAScene current policy: 1 active modeId: 4 scene: VRR_90_120
07-29 15:16:14.449  3442  3760 D VRR [OPlusOAManager]: Not OA business! new modeId: [4] active modeId: [5]
07-29 15:16:14.449  3442  3760 D VRR [OPlusGameStatusManager]: updateGameState mOSyncFeatureSwitch: false mIsGamePolicy: false
07-29 15:16:14.449  3442  3760 D VRR [OPlusGameStatusManager]: setLTMStatus false curPkgName: com.android.launcher curr status: false HeartStop: false HeartStopFromTGPA: false ActiveFPS: 120.00001
07-29 15:16:14.449  3442  3760 D VRR [OPlusGameStatusManager]: updateGameAccelerationStatus pkgName: com.android.launcher mOSyncFeatureSwitch: false mIsGamePolicy: false mHeartStop: false mHasFlickerRisk: false mForceAcceleration: false mToastReady: false enable: false
07-29 15:16:14.449  3442  3760 D VRR [OPlusGameStatusManager]: updateToastStatus enableAcceleration: false toastReady: false isGamePolicy: false desiredModeId: 4
07-29 15:16:14.449  3442  3760 D VRR [OPlusGameStatusManager]: updateToastStatus enableAcceleration: false toastReady: false isGamePolicy: false desiredModeId: 4
07-29 15:16:14.449  3442  3760 D VRR [OPlusExternalRefreshRateManager]:  updateRenderPeriodChange configId:4 current refresh rate:120.00001
07-29 15:16:14.449  2109  3177 D VRR [OTI-HW]: isStateReady 0
07-29 15:16:14.449  2109  3177 D VRR [OTI-HW]: keep rate.
07-29 15:16:14.450  3442  3760 D VRR [OPlusSurfaceFlingerController]:  setDirectorOtiHwConfig : true
07-29 15:16:14.457  4834  5438 D BLASTBufferQueue: [VRI[NotificationShade]#8](f:0,a:1) acquireNextBufferLocked size=1080x2376 mFrameNumber=1 applyTransaction=true mTimestamp=58300722528(auto) mPendingTransactions.size=0 graphicBufferId=20761871908914 transform=0
07-29 15:16:14.457  4834  5438 D VRI[NotificationShade]: Received frameCommittedCallback lastAttemptedDrawFrameNum=1 didProduceBuffer=true syncBuffer=false
07-29 15:16:14.457  4834  4834 D VRI[NotificationShade]: draw finished. seqId=0
07-29 15:16:14.458  3442  4185 I WindowManager: Window{d19a35f u0 NotificationShade} state from DRAW_PENDING to COMMIT_DRAW_PENDING; reason: finishDrawingLocked
07-29 15:16:14.458  3442  3562 I WindowManager: Window{d19a35f u0 NotificationShade} state from COMMIT_DRAW_PENDING to READY_TO_SHOW; reason: commitFinishDrawingLocked
07-29 15:16:14.458  3442  3562 I WindowManager: Window{d19a35f u0 NotificationShade} state from READY_TO_SHOW to HAS_DRAWN; reason: performShowLocked
07-29 15:16:14.459  4834  4834 I SystemUi--Statusbar: DisplayRepository-->combining enabled=[0], connectedExternalDisplayIds=[], ignored=[]
07-29 15:16:14.459  4834  4834 D ZenModeController: Added callback class com.oplus.systemui.qs.tiles.OplusDndTile$1
07-29 15:16:14.459  4834  4834 I SystemUi--Notification: OplusHeadsUpCoreStart-->isVisibility: true
07-29 15:16:14.459  4834  4834 I SystemUi--Notification: OplusNotificationShadeWindowControllerExImpl-->SHADE_FOCUSABLE-->mNotificationShadeFocusable= true, mPanelExpanded= true, mBouncerShowing= false, mKeyguardShowing= false, mKeyguardOccluded= false, mKeyguardNeedsInput= false, ENABLE_REMOTE_INPUT= true, mRemoteInputActive= false, layoutFlags= -2121924544
07-29 15:16:14.459  4834  4834 I SystemUi--Notification: OplusNotificationShadeWindowControllerExImpl-->SHADE_VISIBLE-->mKeyguardShowing= false, mKeyguardOccluded= false, mPanelVisible= false, mKeyguardFadingAway= false, mKeyguardGoingAway= false, mBouncerShowing= false, mScrimsVisibility= 1, mBackgroundBlurRadius= 0, mForcePluginOpen= false, mediaBackdropShowing= false, viewVisibility= true, qsBlurFraction= 0.015568862, panelBlurFraction= 0.0
07-29 15:16:14.460  4834  4834 I SystemUi--QuickSettings: OplusQsBrightnessSliderController-->setProgressAnimation value: 1595 isListening: true  screenBrightnessDuration: 0.0  startValue: 0 startTime: 0 lastDuration: 498.0 lastStartTime: 46878  max: 4089 sliderProgress: 0 needResetLastAnimation: false
07-29 15:16:14.460  4834  4834 I SystemUi--QuickSettings: OplusQsBrightnessSliderController-->handleNoDuration proportion: 1.0 currentProgress: 1595 duration: 0.0 lastStartValue: 6 sliderProgress: 1595
07-29 15:16:14.460  4834  5643 V OplusCustomizeCacheManager: queryCache name: sys.cache.common_customize_cache11011 param: null
07-29 15:16:14.460  4834  4834 I SystemUi--Keyguard: ScrimControllerExImp-->blur State to UNLOCK, bouncer=false changeFromBouncerScrim= false runnerUnlock= false goingAway=false hasHandle=true isOccludeAnimationPlaying=false
07-29 15:16:14.460  3442  5372 I InputDispatcher: injectInputEvent: targetUid=<not set>, syncMode=WAIT_FOR_FINISHED, timeout=30000ms, policyFlags=0x8000000, event=MotionEvent { action=MOVE, id[0]=0, x[0]=900, y[0]=699.8, eventTime=58304000000, downTime=58202000000, deviceId=4, source=TOUCHSCREEN, displayId=0, eventId=0xca480200}
07-29 15:16:14.461  4834  5643 V OplusCustomizeCacheManager: queryCache name: sys.cache.common_customize_cache11010 param: null
07-29 15:16:14.461  4834  4834 I SystemUi--Keyguard: ScrimControllerExImp-->blur State to UNLOCK, bouncer=false changeFromBouncerScrim= false runnerUnlock= false goingAway=false hasHandle=true isOccludeAnimationPlaying=false
07-29 15:16:14.461  3442  3726 D PowerManagerService: userActivityNoUpdateLocked: groupId=0, eventTime=58304, event=touch, flags=0x0, uid=1000
07-29 15:16:14.461  4834  4834 D ViewRootImplExtImpl: wrapConfigInfoIntoFlags rotation=0, smallestScreenWidthDp=360, residentWS=false, scenario=0, bounds=Rect(0, 0 - 1080, 2376), relayoutAsync=true, flags=1, newFlags=1245719809, title=NotificationShade
07-29 15:16:14.461  4834  4834 W VRI[NotificationShade]: updateBlastSurfaceIfNeeded, surfaceSize:Point(1080, 2376), lastSurfaceSize:Point(1080, 2376), format:-3, blastBufferQueue:android.graphics.BLASTBufferQueue@7a9c5f3
07-29 15:16:14.461  3442  4187 D WindowManagerServiceExtImpl: extractConfigInfoAndRealFlags rotation=0, screenDp=360, residentWS:0, scenario:0, bounds:2376, serverWinBounds:Rect(0, 0 - 1080, 2376), win=Window{d19a35f u0 NotificationShade}
07-29 15:16:14.461  3442  4187 V WindowManager: Relayout Window{d19a35f u0 NotificationShade}: viewVisibility=0, oldvis=0, req=1080x2376, vsysui=, x=0, y=0
07-29 15:16:14.462  4834  4834 I SurfaceControl:  setExtendedRangeBrightness sc=Surface(name=NotificationShade)/@0x7abd562,currentBufferRatio=1.0,desiredRatio=1.0
07-29 15:16:14.462  4834  5643 V OplusCustomizeCacheManager: queryCache name: sys.cache.common_customize_cache18014 param: null
07-29 15:16:14.462  4834  5643 D OplusCustomizeCacheManager: add cachename to map: sys.cache.common_customize_cache18014
07-29 15:16:14.462  4834  5643 V OplusCustomizeCacheManager: start recompute
07-29 15:16:14.462  4834  5643 V OplusCustomizeCacheManager: queryCache name: sys.cache.common_customize_cache18017 param: Bundle[{SETTING=BLOCK, BUSINESS=NCT-DATA}]
07-29 15:16:14.462  4834  5643 D OplusCustomizeCacheManager: add cachename to map: sys.cache.common_customize_cache18017
07-29 15:16:14.462  4834  5643 V OplusCustomizeCacheManager: start recompute
07-29 15:16:14.462  3442  4185 D OplusCustomizeSecurityManagerService: we can't find the BLOCK
07-29 15:16:14.462  4834  5643 V OplusCustomizeCacheManager: queryCache name: sys.cache.common_customize_cache18013 param: null
07-29 15:16:14.462  4834  5643 V OplusCustomizeCacheManager: queryCache name: sys.cache.common_customize_cache18025 param: null
07-29 15:16:14.462  4834  5643 I SystemUi--QuickSettings: Tile.OplusAirplaneModeTile-->handleUpdateState state.state: 2 value: 1
07-29 15:16:14.462  4834  5643 V OplusCustomizeCacheManager: queryCache name: sys.cache.common_customize_cache18026 param: null
07-29 15:16:14.462  3442  4187 D RefreshRate: initControlPanelRefreshRateData PreferredRefreshRateData{mPreferredRefreshRateId=[3, 1, 2, 3],isAnimBoost=true}
07-29 15:16:14.462  3442  4187 D WindowManager: NFW_findFocusedWindowIfNeeded:Window{d19a35f u0 NotificationShade} mCurrentFocus:Window{49c2edc u0 com.android.launcher/com.android.launcher.Launcher}
07-29 15:16:14.462  4834  4834 I PluginSeedling--CapsuleCard: CardRootViewModel-->onExpandedChanged: true
07-29 15:16:14.463  3442  4187 V WindowManager: Changing focus from Window{49c2edc u0 com.android.launcher/com.android.launcher.Launcher} to Window{d19a35f u0 NotificationShade},diplayid=0
07-29 15:16:14.463  4834  4834 I PluginSeedling--StateMachine: StateEventManager-->stable: true, event: null
07-29 15:16:14.463  3442  4593 E OplusUIFirst_WS: unknown window type: -1
07-29 15:16:14.463  3442  3760 D VRR [OPlusRefreshRateService]: Receive multi scene changed eventId = 5 bundleList.size = 2
07-29 15:16:14.463  3442  4593 E UAH-Framework: invalid window type -1
07-29 15:16:14.463  3442  4652 E FBProcessManager: unknown window type: -1
07-29 15:16:14.463  3442  4187 D Theia.NoFocusWindow: FocusWindowErrorScene cancelCheckFreezeScreen
07-29 15:16:14.463  3442  4187 W TheiaWindowMonitor: [check] focusedWindow is null or enable is false
07-29 15:16:14.463  4834  5643 V OplusCustomizeCacheManager: queryCache name: sys.cache.common_customize_cache11009 param: null
07-29 15:16:14.464  3442  3596 I UserAwareMgr: handleFgAppChanged, pkgName: com.android.systemui, pid: 4834, isVisible: true, fgAppType: FG2
07-29 15:16:14.464  3442  3596 I UserAwareMgr: fg app status not changed, beforeVisible: true, currentVisible: true
07-29 15:16:14.464  3442  3562 D SurfaceComposerClient: Transaction::apply InputWindowCommands.focusRequests timestamp=58307918049, windowName=d19a35f NotificationShade
07-29 15:16:14.465  4834  5643 V OplusCustomizeCacheManager: queryCache name: sys.cache.common_customize_cache18027 param: null
07-29 15:16:14.465  7313  7313 W Battery : PowerSaveTileService: updateTileState false
07-29 15:16:14.465  4834  4834 W SystemUi--Common: SubsetBitmapDrawable-->[isValid] innerBitmap?.isRecycled=null
07-29 15:16:14.465  4834  5643 V OplusCustomizeCacheManager: queryCache name: sys.cache.common_customize_cache11010 param: null
07-29 15:16:14.465  4834  4834 I SystemUi--Statusbar: BatteryViewBinder-->create drawable: com.oplus.systemui.statusbar.pipeline.battery.ui.drawable.HorizontalBatteryContentDrawable@373a02f iconStyle:BatteryIconStyle(iconStyle=1, oldStylePercentIn=false, densityDpi=480, scaleFactor=1.0, themeId=0, isThemeModeColor=false, frameColorMode=0, isPercentOutBgMode=false, isPercentOutPbMode=false, batteryOutChargeBgMode=0)
07-29 15:16:14.465  1969  1969 D SensorFeature: name=ssc_screenshot_info ,index = 22
07-29 15:16:14.465  1969  1969 D SensorFeature: write 29 bytes:58300672476,58309005809,158,0
07-29 15:16:14.467  4834  4834 I SystemUi--Statusbar: BatteryViewBinder-->create drawable: com.oplus.systemui.statusbar.pipeline.battery.ui.drawable.HorizontalBatteryContentDrawable@2343dc3 iconStyle:BatteryIconStyle(iconStyle=1, oldStylePercentIn=false, densityDpi=480, scaleFactor=1.0, themeId=0, isThemeModeColor=false, frameColorMode=0, isPercentOutBgMode=false, isPercentOutPbMode=false, batteryOutChargeBgMode=0)
07-29 15:16:14.468  4834  4834 W SystemUi--Common: SubsetBitmapDrawable-->[isValid] innerBitmap?.isRecycled=null
07-29 15:16:14.469  4834  4834 I SystemUi--Statusbar: BatteryViewBinder-->create drawable: com.oplus.systemui.statusbar.pipeline.battery.ui.drawable.HorizontalBatteryContentDrawable@9fd0407 iconStyle:BatteryIconStyle(iconStyle=1, oldStylePercentIn=false, densityDpi=480, scaleFactor=1.0, themeId=0, isThemeModeColor=false, frameColorMode=0, isPercentOutBgMode=false, isPercentOutPbMode=false, batteryOutChargeBgMode=0)
07-29 15:16:14.469  4834  4834 I SystemUi--Statusbar: BatteryViewBinder-->create drawable: com.oplus.systemui.statusbar.pipeline.battery.ui.drawable.HorizontalBatteryContentDrawable@c5f0934 iconStyle:BatteryIconStyle(iconStyle=1, oldStylePercentIn=false, densityDpi=480, scaleFactor=1.0, themeId=0, isThemeModeColor=false, frameColorMode=0, isPercentOutBgMode=false, isPercentOutPbMode=false, batteryOutChargeBgMode=0)
07-29 15:16:14.471  4834  6074 D Util    : isPkgInstalled_isPkgInstalled = false
07-29 15:16:14.471  4834  6074 D Util    : isPkgInstalled_isPkgInstalled = true
07-29 15:16:14.471  4834  4834 I SystemUi--Keyguard: ScrimControllerExImp-->blur State to UNLOCK, bouncer=false changeFromBouncerScrim= false runnerUnlock= false goingAway=false hasHandle=true isOccludeAnimationPlaying=false
07-29 15:16:14.471  3442  5372 I InputDispatcher: injectInputEvent: targetUid=<not set>, syncMode=WAIT_FOR_FINISHED, timeout=30000ms, policyFlags=0x8000000, event=MotionEvent { action=MOVE, id[0]=0, x[0]=900, y[0]=772.033, eventTime=58315000000, downTime=58202000000, deviceId=4, source=TOUCHSCREEN, displayId=0, eventId=0xe016c2b8}
07-29 15:16:14.471  4834  4834 I SystemUi--Keyguard: ScrimControllerExImp-->blur State to UNLOCK, bouncer=false changeFromBouncerScrim= false runnerUnlock= false goingAway=false hasHandle=true isOccludeAnimationPlaying=false
07-29 15:16:14.472  4834  4834 I SystemUi--QuickSettings: QSPanelAnimatorManager-->showFirstElement
07-29 15:16:14.472  2109  2109 D OplusInfoMonitor: setListenerReport: reportInfo:
07-29 15:16:14.472  2109  2417 D SurfaceFlinger: captureLayers from pid 5394 uid -335
07-29 15:16:14.474  2109  3198 D SurfaceFlinger: updateWinowInfo=1, setFocusedWindow timestamp=58307918049, windowName=d19a35f NotificationShade
07-29 15:16:14.474  4834  4834 D JankUtils: gfxSceneBegin; scene: 7; sceneDes: QS PULL
07-29 15:16:14.474  3442  4187 I InputDispatcher: NFW_setFocusedWindow, d19a35f NotificationShade on display 0, same as the previous:0
07-29 15:16:14.474  3442  4187 I InputDispatcher: updateFocusedWindow, d19a35f NotificationShade on display 0, reason: setFocusedWindow, result:   FocusedWindows:
07-29 15:16:14.474  3442  4187 I InputDispatcher:     displayId=0, name='d19a35f NotificationShade'
07-29 15:16:14.474  4834  4834 D VRI[NotificationShade]: onFocusEvent true
07-29 15:16:14.474  5223  5223 D VRI[Launcher]: onFocusEvent false
07-29 15:16:14.475  4834  4834 I SystemUi--Keyguard: ScrimControllerExImp-->blur State to UNLOCK, bouncer=false changeFromBouncerScrim= false runnerUnlock= false goingAway=false hasHandle=true isOccludeAnimationPlaying=false
07-29 15:16:14.475  4834  4834 I SystemUi--Keyguard: ScrimControllerExImp-->blur State to UNLOCK, bouncer=false changeFromBouncerScrim= false runnerUnlock= false goingAway=false hasHandle=true isOccludeAnimationPlaying=false
07-29 15:16:14.475  4834  4834 I SystemUi--QuickSettings: QSPanelAnimatorManager-->showSecondElement
07-29 15:16:14.476  1883  1943 I SnapAlloc: Using graphics libs for alignment calculations
07-29 15:16:14.476  1883  1943 I SnapAlloc: Using graphics libs for alignment calculations
07-29 15:16:14.477  1883  1943 I SnapAlloc: Using graphics libs for alignment calculations
07-29 15:16:14.477  4834  4834 I SystemUi--Keyguard: OplusRepeatWhenAttachedUnlock-->updateState: view.windowVisibility: 0, keyguardShow: false, isInPreviewMode: false, view.hasWindowFocus(): true
07-29 15:16:14.477  4834  4834 I SystemUi--Keyguard: OplusRepeatWhenAttachedUnlock-->updateState: view.windowVisibility: 0, keyguardShow: false, isInPreviewMode: false, view.hasWindowFocus(): true
07-29 15:16:14.483  4834  4834 I SystemUi--Keyguard: ScrimControllerExImp-->blur State to UNLOCK, bouncer=false changeFromBouncerScrim= false runnerUnlock= false goingAway=false hasHandle=true isOccludeAnimationPlaying=false
07-29 15:16:14.483  3442  5372 I InputDispatcher: injectInputEvent: targetUid=<not set>, syncMode=WAIT_FOR_FINISHED, timeout=30000ms, policyFlags=0x8000000, event=MotionEvent { action=MOVE, id[0]=0, x[0]=900, y[0]=850.833, eventTime=58327000000, downTime=58202000000, deviceId=4, source=TOUCHSCREEN, displayId=0, eventId=0xfa382ad3}
07-29 15:16:14.483  4834  4834 I SystemUi--Keyguard: ScrimControllerExImp-->blur State to UNLOCK, bouncer=false changeFromBouncerScrim= false runnerUnlock= false goingAway=false hasHandle=true isOccludeAnimationPlaying=false
07-29 15:16:14.491  4834  4834 I SystemUi--Keyguard: ScrimControllerExImp-->blur State to UNLOCK, bouncer=false changeFromBouncerScrim= false runnerUnlock= false goingAway=false hasHandle=true isOccludeAnimationPlaying=false
07-29 15:16:14.491  1883  1943 I SnapAlloc: Using graphics libs for alignment calculations
07-29 15:16:14.491  3442  5372 I InputDispatcher: injectInputEvent: targetUid=<not set>, syncMode=WAIT_FOR_FINISHED, timeout=30000ms, policyFlags=0x8000000, event=MotionEvent { action=MOVE, id[0]=0, x[0]=900, y[0]=903.366, eventTime=58335000000, downTime=58202000000, deviceId=4, source=TOUCHSCREEN, displayId=0, eventId=0xd1ada4b5}
07-29 15:16:14.492  4834  4834 I SystemUi--Keyguard: ScrimControllerExImp-->blur State to UNLOCK, bouncer=false changeFromBouncerScrim= false runnerUnlock= false goingAway=false hasHandle=true isOccludeAnimationPlaying=false
07-29 15:16:14.500  4834  4834 I SystemUi--Keyguard: ScrimControllerExImp-->blur State to UNLOCK, bouncer=false changeFromBouncerScrim= false runnerUnlock= false goingAway=false hasHandle=true isOccludeAnimationPlaying=false
07-29 15:16:14.500  3442  3760 D VRR [OPlusSAManager]: setSAConfig scene: VRR_90_120 modeId: 4 auto: true fakeFrame: true
07-29 15:16:14.500  3442  3760 D VRR [OPlusSAManager]: updateAutoMinfps with nits: 91.77517, mHistOK true, mAmbientOK true, mCctOK true, mIrOK true, mBrightnessOK true, isPkgOK true, SA min fps: 119
07-29 15:16:14.500  3442  3760 D VRR [OPlusSurfaceFlingerController]: setAutoMode enable: true fakeFrame: true fps: 119
07-29 15:16:14.500  2109  2373 I VRR-[OPlusAdfrUtil]: ADFR try set Auto mode with mode 1 fakeframe 1 min fps 119
07-29 15:16:14.500  2109  2373 D VRR-[OPlusRefreshRateSelector]: OSyncModes add size is 1.
07-29 15:16:14.500  2109  2373 I VRR-[OPlusRefreshRateSelector]: updateAutoMode success, display 0, mode 0, fakeframe 1, min fps: 1
07-29 15:16:14.500  2109  3137 D VRR-[OPlusRefreshRateSelector]: handleSetHWCOSync
07-29 15:16:14.500  2109  3137 D VRR-[OPlusRefreshRateSelector]: OSyncModes remaining size is 0.
07-29 15:16:14.500  2109  3137 D VRR-[OPlusRefreshRateSelector]: SetHWCOSync with 5CC08181
07-29 15:16:14.500  3442  5372 I InputDispatcher: injectInputEvent: targetUid=<not set>, syncMode=WAIT_FOR_FINISHED, timeout=30000ms, policyFlags=0x8000000, event=MotionEvent { action=MOVE, id[0]=0, x[0]=900, y[0]=955.9, eventTime=58343000000, downTime=58202000000, deviceId=4, source=TOUCHSCREEN, displayId=0, eventId=0xcb424e01}
07-29 15:16:14.500  4834  4834 I SystemUi--Keyguard: ScrimControllerExImp-->blur State to UNLOCK, bouncer=false changeFromBouncerScrim= false runnerUnlock= false goingAway=false hasHandle=true isOccludeAnimationPlaying=false
07-29 15:16:14.500  1887  3133 I SDM     : DisplayBuiltIn::SetQSyncMode: VRR + update qsync mode 0 minfps 00C08181
07-29 15:16:14.507  1887  2154 E SDM     : DRMConnector::Perform: Connector 67: Setting Qsync min fps 12616065
07-29 15:16:14.508  4834  5314 I SystemUi--Statusbar: PrivacyDotViewController-->processNextViewState: 
07-29 15:16:14.508  1883  1943 I SnapAlloc: Using graphics libs for alignment calculations
07-29 15:16:14.508  4834  4834 I SystemUi--Keyguard: ScrimControllerExImp-->blur State to UNLOCK, bouncer=false changeFromBouncerScrim= false runnerUnlock= false goingAway=false hasHandle=true isOccludeAnimationPlaying=false
