07-28 02:55:36.948  1955  1980 I [UAH_CLIENT]: UahEventAcquire, cmdid:-3, pkg:1955 12960, identity:qcom-perfd
07-28 02:55:36.948  1955  1980 E PERFHAL-RESOURCEQS: PERFHAL-RESOURCEQS: AddAndApply() 130: Resource with major=18, minor=41 not supported
07-28 02:55:36.965  1868  4489 I sensors-hal: handle_oplus_wise_rgb_event:189, high_pwm_light:lux 2.1,cct 5300.0,brl/algo/ir 78.0/2.0/0.0,pwm/dc 0.0/0.0,rgbc 118.371597/107.699203/39.374348/273.737579,ts 56549401817,cnt 800,flag 153
07-28 02:55:36.965  3448  4397 D FusionLightNextGen: process end reported = 1, mode: 0, lux 0.0, cct -1.0, r/g/b/c: 120.8/107.7/41.3/276.3, R/G/B: 103.0/96.0/96.0, bri 78.0, match 1.00, ir 0.000000, conf 0.0, ts 56557659838
07-28 02:55:36.966  1939  4473 I Dpps    : LtmSwState::SetParameter():144 ignore cmd 7 in state LtmOffState
07-28 02:55:37.033  2033  2069 D BatteryChargeControl: bcc get no support from charging protocol
07-28 02:55:37.078  1863  1863 D healthd : system healthd: battery l=45 v=3799 t=34.0 h=2 st=2 c=-155 fc=5920000 cc=18 chg=u
07-28 02:55:37.083  3448  4676 V SystemSensorManagerExtImpl: unRegisterListener by com.oplus.location.fused.ActivityRecognitionHandler$1@55be3e0 and its name is oplus_activity_recognition  Wakeup
07-28 02:55:37.083  3448  4676 W SensorService: SensorEventConnection sensor handle=1372, package = com.oplus.location.fused.ActivityRecognitionHandler disable
07-28 02:55:37.083  3448  4676 D SensorService: 0xb400006dd24dfd40 removeFd fd=913
07-28 02:55:37.083  3448  4676 D SensorService: SensorDevice::activate: ident=0xb400006dd24dfd40, handle=0x0000055c, enabled=0, count=4
07-28 02:55:37.083  3448  4676 D SensorService: disable index=1
07-28 02:55:37.083  3448  4676 D SensorService: 	>>> actuating h/w batch 0x0000055c 200000000 0
07-28 02:55:37.084  1868  1868 I sensors-hal: batch:153, qti.sensor.oplus_activity_recognition/1372, period=200000000, max_latency=0
07-28 02:55:37.084  1868  1868 I sensors-hal: batch:175, qti.sensor.oplus_activity_recognition/1372, period=200000000, max_latency=0 request completed
07-28 02:55:37.084  3448  4676 D SensorService: activateHardware = 0
07-28 02:55:37.084  3448  4676 D SensorService: ~SensorEventConnection(0xb400006dd24dfd40)
07-28 02:55:37.084  3448  4676 D SensorService: 11 active sensors
07-28 02:55:37.118  2033  2033 D vendor.oplus.hardware.charger-V7-service: get_ui_charge_icon_type 0 0 0 0 0
07-28 02:55:37.119  2033  2033 D vendor.oplus.hardware.charger-V7-service: oplus_chg_get_cpa_power 2500 charge_online 1 retention_topic 0
07-28 02:55:37.120  2033  2033 D vendor.oplus.hardware.charger-V7-service: oplus_chg_get_cpa_power 2500 charge_online 1 retention_topic 0
07-28 02:55:37.120  2033  2033 D vendor.oplus.hardware.charger-V7-service: getIsSingleHyperSupport=2, cpa_power=2
07-28 02:55:37.120  1986  1986 D SensorFeature: name=ssc_screenshot_info ,index = 22
07-28 02:55:37.120  1986  1986 D SensorFeature: write 29 bytes:46802067585,56877389144,154,0
07-28 02:55:37.124  3448  3448 D OplusWifiBroadCastDispatcher: mBroadcastReceiver: onReceiver  action=android.intent.action.BATTERY_CHANGED
07-28 02:55:37.124  3448  5430 D OplusCustomizeRestrictionManagerService: isSuperPowerSavingModeDisabled Pid: 4919, Uid: 10218
07-28 02:55:37.124  3448  4236 D OplusCustomizeRestrictionManagerService: isSuperPowerSavingModeDisabled Pid: 4919, Uid: 10218
07-28 02:55:37.124  5250  5250 D SubsysBroadcastManager: onReceive action:android.intent.action.BATTERY_CHANGED
07-28 02:55:37.124  5250  5250 D RFPowerBoostManager: current battery level is 45
07-28 02:55:37.125  5023  5023 D DeviceStatisticsService: onReceive: action= android.intent.action.BATTERY_CHANGED
07-28 02:55:37.125  3448  5430 D OplusCustomizeRestrictionManagerService: isSuperPowerSavingModeDisabled Pid: 4919, Uid: 10218
07-28 02:55:37.125  3448  4236 D OplusCustomizeRestrictionManagerService: isSuperPowerSavingModeDisabled Pid: 4919, Uid: 10218
07-28 02:55:37.125  2033  2033 D vendor.oplus.hardware.charger-V7-service: getChargerControl:
07-28 02:55:37.125  4919  4919 I SystemUi--Statusbar: BatteryControllerExt-->updateBatteryChangeIntent():broadcast=android.intent.action.BATTERY_CHANGED,level=45,scale=100
07-28 02:55:37.125  4919  4919 I SystemUi--Statusbar: BatteryRepository-->level: 45 -- isSavingMode: false
07-28 02:55:37.126  4919  5175 I SystemUi--SystemUi--: OtgHelper-->OtgCurrentState = 1, mOtgLastState = 1
07-28 02:55:37.127  7402  9918 E Battery : ChargeProtectionUtils: mCanlendarTmp.isEmpty()!
07-28 02:55:37.127  3448  3448 D EnvelopeDetectorController: isEnvelopeAssistantEnabled isCancelNotification: true currentUserId: 0 userId: 0
07-28 02:55:37.127  3448  3448 D EnvelopeDetectorController: isEnvelopeAssistantEnabled isCancelNotification: true currentUserId: 0 userId: 0
07-28 02:55:37.144  2033  7387 D charge_time: type=sdp,reserve_soc=2,soc=43,ui_soc=45,current=155,avg=129,not_chg_cnt=0,stable_cnt=7,fcc=5724,fcc_ratio=94,delta=41,debug=0,region=17,ttf=41843(11:37:23),ui_ttf=22303(06:11:43)
07-28 02:55:37.230  1939  4473 I Dpps    : LtmSwState::SetParameter():144 ignore cmd 7 in state LtmOffState
07-28 02:55:37.352  1846  1850 E Diag-Router: diag: glinkpkt_open: failed to create control node for slate_apps
07-28 02:55:37.352  1846  1850 E Diag-Router: diag: diag_glinkpkt_open_thread: Glinkpkt_open failed for perif: 12 with err: -1, retry_cnt: 9
07-28 02:55:37.353  1846  1851 E Diag-Router: diag: glinkpkt_open: failed to create control node for slate_adsp
07-28 02:55:37.353  1846  1851 E Diag-Router: diag: diag_glinkpkt_open_thread: Glinkpkt_open failed for perif: 13 with err: -1, retry_cnt: 9
07-28 02:55:37.426  1986  1986 D SensorFeature: name=ssc_screenshot_info ,index = 22
07-28 02:55:37.427  1986  1986 D SensorFeature: write 29 bytes:46802067585,57183235185,155,0
07-28 02:55:37.494  1868  4489 I sensors-hal: handle_oplus_wise_rgb_event:189, high_pwm_light:lux 2.1,cct 5300.0,brl/algo/ir 78.0/2.0/0.0,pwm/dc 0.0/0.0,rgbc 115.955849/107.699203/43.311783/268.620972,ts 57163366401,cnt 810,flag 155
07-28 02:55:37.496  1939  4473 I Dpps    : LtmSwState::SetParameter():144 ignore cmd 7 in state LtmOffState
07-28 02:55:37.522  3448  5430 I InputDispatcher: injectInputEvent: targetUid=<not set>, syncMode=WAIT_FOR_FINISHED, timeout=30000ms, policyFlags=0x8000000, event=MotionEvent { action=DOWN, id[0]=0, x[0]=900, y[0]=30, eventTime=57280000000, downTime=57280000000, deviceId=5, source=TOUCHSCREEN, displayId=0, eventId=0xcf532f49}
07-28 02:55:37.523  3448  4877 I [UAH_CLIENT]: UahEventAcquire, cmdid:37, pkg:none, identity:OplusUAwareInputHelper
07-28 02:55:37.523  2198  3044 D VRR [OTI]: handleIdle from 1 to 0
07-28 02:55:37.523  2198  3044 D VRR [OTI-HW]: isStateReady 0
07-28 02:55:37.523  2198  3044 D VRR [OTI-HW]: keep rate.
07-28 02:55:37.523  3448  4681 D OMP_Detector: D:done mCurrStatus: 0
07-28 02:55:37.523  3448  3755 D PowerManagerService: userActivityNoUpdateLocked: groupId=0, eventTime=57280, event=touch, flags=0x0, uid=1000
07-28 02:55:37.523  3448  4877 D UAH-UahAdaptHelper: adaptSetNotification identity = OplusUAwareInputHelpersrc = 1000 , type 0 ,p1 = -1 ,p2 = -1 ,p3 = -1 ,p4 =
07-28 02:55:37.523  3448  4877 I [UAH_CLIENT]: uahRuleCtl, ruleId:1000, status:0
07-28 02:55:37.524  4919  4919 V AutofillManager: requestHideFillUi(null): anchor = null
07-28 02:55:37.524  4919  4919 V Application: getAutofillClient(): null on super, trying to find activity thread
07-28 02:55:37.524  4919  4919 V Application: getAutofillClient(): none of the 0 activities on com.android.systemui.SystemUIApplication@1a381a4 are top resumed nor have focus
07-28 02:55:37.524  4919  4919 V AutofillManager: No AutofillClient for com.android.systemui on context com.android.systemui.SystemUIApplication@1a381a4
07-28 02:55:37.525  4919  4919 I PluginSeedling--Capsule: CapsuleTouchEventHandler-->onInterceptTouchEvent interceptEvent: false
07-28 02:55:37.525  3448  3667 W UserAwareMgr: can not find match thread: GaussianBlur for process com.android.systemui
07-28 02:55:37.526  4919  6072 I [UAH_CLIENT]: UahEventAcquire, cmdid:97, pkg:none, identity:OsenseHelperImpl
07-28 02:55:37.526  4919  4919 I SystemUi--Common: ScrollTranslationValue-->resetPanelTranslationY
07-28 02:55:37.526  4919  4919 I SystemUi--QuickSettings: OplusPanelViewPagerController-->initExpanded downExpanded=NONE downOnRight=true targetPage=NOTIFICATION downOnYHotArea=true  isKeyguardShowing=false isOnKeyguard=false fractionListeners.size=0 currentQsFraction=0.0 currentNotifyFraction=0.0 hasCalledDownEvent=true getScrollXHotZone=([Rect(0, 0 - 1080, 2376)], [Rect(-1, -1 - -1, -1), Rect(157, 1999 - 283, 2125), Rect(823, 1999 - 949, 2125)]) getScrollYHotZone=Rect(0, 0 - 1080, 66) notifyExpandedFraction=0.0 isLastUpToExpand=false qsPanelView.translationX=0.0
07-28 02:55:37.526  4919  4919 I SystemUi--QuickSettings: OplusPanelViewPagerController-->shouldOpenQS  set targetPage=QS
07-28 02:55:37.526  4919  4919 I SystemUi--Common: ScrollTranslationValue-->resetPanelTranslationY
07-28 02:55:37.526  4919  4919 I SystemUi--QuickSettings: OplusPanelViewPagerController-->initExpanded downExpanded=NONE downOnRight=true targetPage=QS downOnYHotArea=true  isKeyguardShowing=false isOnKeyguard=false fractionListeners.size=0 currentQsFraction=0.0 currentNotifyFraction=0.0 hasCalledDownEvent=true getScrollXHotZone=([Rect(0, 0 - 1080, 2376)], [Rect(-1, -1 - -1, -1), Rect(157, 1999 - 283, 2125), Rect(823, 1999 - 949, 2125)]) getScrollYHotZone=Rect(0, 0 - 1080, 66) notifyExpandedFraction=0.0 isLastUpToExpand=false qsPanelView.translationX=0.0
07-28 02:55:37.526  4919  4919 I SystemUi--QuickSettings: OplusPanelViewPagerController-->shouldOpenQS  set targetPage=QS
07-28 02:55:37.527  4919  4919 I SystemUi--QuickSettings: OplusQSPageViewController-->reset(), pageList size:2 itemCount:2 oldIndex:0 curIndex:0
07-28 02:55:37.527  4919  4919 I SystemUi--QuickSettings: OplusQSRootViewController-->startExpandMotion event: 0, startTracking: false isClosing: false panelClosedOnDown: true
07-28 02:55:37.527  4919  4919 I SystemUi--QuickSettings: OplusQSRootViewController-->initialOffsetOnTouch: 0.0, panelClosedOnDown: true
07-28 02:55:37.527  4919  4919 I SystemUi--QuickSettings: OplusQSRootView-->disallowChildIntercept:false
07-28 02:55:37.527  4919  4919 I SystemUi--QuickSettings: OplusQSRootViewController-->startExpandMotion event: 0, startTracking: false isClosing: false panelClosedOnDown: true
07-28 02:55:37.527  4919  4919 I SystemUi--QuickSettings: OplusQSRootViewController-->initialOffsetOnTouch: 0.0, panelClosedOnDown: true
07-28 02:55:37.527  4919  4919 I SystemUi--QuickSettings: OplusQSRootViewController-->onTouchEvent() ACTION_DOWN, canSlideHToQSOnStatusBar:true, gestureWaitForTouchSlop:true, panelClosedOnDown:true, panelClosingOnDown:false, pointerIndex:0
07-28 02:55:37.527  3448  5430 I InputDispatcher: injectInputEvent: targetUid=<not set>, syncMode=WAIT_FOR_FINISHED, timeout=30000ms, policyFlags=0x8000000, event=MotionEvent { action=MOVE, id[0]=0, x[0]=900, y[0]=62.833, eventTime=57285000000, downTime=57280000000, deviceId=5, source=TOUCHSCREEN, displayId=0, eventId=0xf2ed13cc}
07-28 02:55:37.537  4919  4919 I SystemUi--QuickSettings: OplusQSRootViewController-->startExpandMotion event: 2, startTracking: true isClosing: false panelClosedOnDown: true
07-28 02:55:37.537  4919  4919 I SystemUi--QuickSettings: OplusQSRootViewController-->endClosing()
07-28 02:55:37.537  4919  4919 I SystemUi--QuickSettings: QSPanelExpandFraction-->updateFraction, stiffness=500.0, finalPosition=0.16416667
07-28 02:55:37.538  3448  5430 I InputDispatcher: injectInputEvent: targetUid=<not set>, syncMode=WAIT_FOR_FINISHED, timeout=30000ms, policyFlags=0x8000000, event=MotionEvent { action=MOVE, id[0]=0, x[0]=900, y[0]=135.066, eventTime=57296000000, downTime=57280000000, deviceId=5, source=TOUCHSCREEN, displayId=0, eventId=0xdeab4af0}
07-28 02:55:37.538  3448  4877 I [UAH_CLIENT]: UahEventAcquire, cmdid:68, pkg:none, identity:OplusUAwareInputHelper
07-28 02:55:37.538  3448  4456 D SystemGestures: detectSwipe: 1
07-28 02:55:37.544  1955  1980 I [UAH_CLIENT]: UahRelease, handle:34
07-28 02:55:37.544  1955  1980 I [UAH_CLIENT]: UahPlatformResAcquire
07-28 02:55:37.544  1955  1980 I [UAH_CLIENT]: UahEventAcquire, cmdid:-3, pkg:2198 6700, identity:qcom-perfd
07-28 02:55:37.544  1955  1980 E PERFHAL-RESOURCEQS: PERFHAL-RESOURCEQS: AddAndApply() 130: Resource with major=18, minor=41 not supported
07-28 02:55:37.549  4919  4919 I SystemUi--QuickSettings: OplusQSRootViewController-->setQsVisible: true rawFraction:0.0053190715
07-28 02:55:37.549  3448  5430 I InputDispatcher: injectInputEvent: targetUid=<not set>, syncMode=WAIT_FOR_FINISHED, timeout=30000ms, policyFlags=0x8000000, event=MotionEvent { action=MOVE, id[0]=0, x[0]=900, y[0]=207.3, eventTime=57307000000, downTime=57280000000, deviceId=5, source=TOUCHSCREEN, displayId=0, eventId=0xcf99c0a4}
07-28 02:55:37.549  4919  4919 I SystemUi--QuickSettings: OplusQSRootViewController-->setListening: true
07-28 02:55:37.549  4919  4919 I SystemUi--QuickSettings: OplusLargeTileContainerViewController-->setListening listening=true
07-28 02:55:37.549  4919  4919 I SystemUi--QuickSettings: QSBrightnessFactory-->setListening listening:true
07-28 02:55:37.550  4919  4919 I SystemUi--QuickSettings: OplusQsBrightnessSliderController-->setListening listening:true mView: com.oplus.systemui.plugins.qs.widget.OplusQsToggleSliderLayout{2a9d7df V.E...... ......ID 558,244-737,643 #7f0a09f0 app:id/qs_brightness_slider_layout alpha=0.0 viewInfo = } value:0
07-28 02:55:37.550  4919  4919 I SystemUi--QuickSettings: OplusQsVolumeSliderController-->updateVolumeSeekBarMaxProgress: isNeedUpdate=true, maxVolumeProgress=16000, seekBarMaxProgress=1600, isInit=false
07-28 02:55:37.550  4919  4919 I SystemUi--QuickSettings: OplusQsVolumeSliderController-->updateVolumeSeekBarProgress: isNeedUpdate=true, isAllowUpdate=true, volumeLevel=0, seekBarLevel=0, initialVolumeSliderProgress=0, initialSeekBarVolumeLevel=-1, progressUpdated=false
07-28 02:55:37.550  4919  4919 I SystemUi--QuickSettings: OplusQsVolumeSliderController-->updateDisableShowVolumeDialog: isQsListening=true
07-28 02:55:37.550  4919  4919 I SystemUi--Device_Panel: OplusQSMyDeviceContainerViewController-->setListening listening: true
07-28 02:55:37.550  4919  4919 I [DevicePlugin].SysUiPluginService.(main): setListening: isListening=true, _isSeparateMode=true
07-28 02:55:37.550  4919  4919 I [DevicePlugin].FixedSeparateModelPanel.(main): onCtrCenterShow
07-28 02:55:37.550  4919  4919 I [DevicePlugin].FixedSeparateModelPanel.(main): onResume
07-28 02:55:37.550  4919  6072 D [DevicePlugin].DataInterfaceImp.(DefaultDispatcher-worker-9): safeCall, method:panel_state
07-28 02:55:37.551  4919  4919 I SystemUi--Common: NotificationShadeDepthC-->sceneFlag: 0x001, isStart = true, Current sceneFlags: 0x001
07-28 02:55:37.551  4919  4919 D NavigationBar: restrainNavigationBarInvertColor: true
07-28 02:55:37.551  4919  4919 D RegionSamplingHelper: animation scene, no need register sampling listener
07-28 02:55:37.551  4919  4919 I SystemUi--Common: OplusShadeExpansionStat-->go state: CLOSED -> OPENING
07-28 02:55:37.551  4919  4919 I SystemUi--Common: OplusShadeExpansionStat-->go state: CLOSED -> OPENING
07-28 02:55:37.551  4919  4919 I SystemUi--Notification: OplusHeadsUpNotificationViewBinder-->isVisibility: true
07-28 02:55:37.551  4919  4919 I SystemUi--Keyguard: ScrimControllerExImp-->blur State to UNLOCK, bouncer=false changeFromBouncerScrim= false runnerUnlock= false goingAway=false hasHandle=true isOccludeAnimationPlaying=false
07-28 02:55:37.551  4919  4919 I SystemUi--Common: PlatformBlurManagerImpl-->setPlatformBlurMode: blurMode=AUTO(blurFrequency=2)
07-28 02:55:37.551  4919  4919 I SystemUi--Common: PlatformBlurManagerImpl-->updateMotionFrequency: isExpanding=true
07-28 02:55:37.551  4919  5786 D Tile.CustomTile.OshareTileService: refreshState: tile not listening, ignore
07-28 02:55:37.551  4919  5786 D TileStateController: bindAppWhenListening: false ComponentInfo{com.coloros.oshare/com.oplus.oshare.OshareTileService}
07-28 02:55:37.551  4919  5786 I SystemUi--QuickSettings: Tile.CustomTile.OshareTileService-->bindServiceWhenListening: false when isOplusQsTile
07-28 02:55:37.551  4919  5786 D Tile.CustomTile.OshareTileService: refreshState: tile not listening, ignore
07-28 02:55:37.551  4919  4919 I SystemUi--Notification: OplusNotificationShadeWindowControllerExImpl-->isExpanded: isPowerBlock=false ,isErrorFpTouchWhenScreenOff=false ,qsPanelVisible=false, isAodMaskShow=false
07-28 02:55:37.551  4919  4919 I SystemUi--Notification: OplusNotificationShadeWindowControllerExImpl-->SHADE_FOCUSABLE-->mNotificationShadeFocusable= false, mPanelExpanded= false, mBouncerShowing= false, mKeyguardShowing= false, mKeyguardOccluded= false, mKeyguardNeedsInput= false, ENABLE_REMOTE_INPUT= true, mRemoteInputActive= false, layoutFlags= -2130444216
07-28 02:55:37.552  4919  4919 I SystemUi--Notification: OplusNotificationShadeWindowControllerExImpl-->SHADE_VISIBLE-->mKeyguardShowing= false, mKeyguardOccluded= false, mPanelVisible= false, mKeyguardFadingAway= false, mKeyguardGoingAway= false, mBouncerShowing= false, mScrimsVisibility= 1, mBackgroundBlurRadius= 0, mForcePluginOpen= false, mediaBackdropShowing= false, viewVisibility= true, qsBlurFraction= 0.0053190715, panelBlurFraction= 0.0
07-28 02:55:37.552  4919  5786 D TileStateController: setListening listening: true component: ComponentInfo{com.oplus.eyeprotect/com.oplus.eyeprotect.services.EyeProtectTileService} userContext: com.android.systemui.SystemUIApplication@1a381a4
07-28 02:55:37.552  4919  4919 D UXUtils : notifyUiSwitched: 1
07-28 02:55:37.552  4919  6015 I SystemUi--Keyguard: OnScreenFingerprintUiMech-->hideFingerprintIconTemporarily for reason: panel expaned ShowForEnroll false mPendingHide false
07-28 02:55:37.552  1749  1796 E TetherController: property_get sys.radio.data.modem_share_flag return 0, 1!
07-28 02:55:37.552  4919  4919 I SystemUi--Notification: ScrimControllerExImp-->[onQsBottomVisibleChanged] qsBottomVisible=true
07-28 02:55:37.553  4919  4919 I SystemUi--Common: PlatformBlurManagerImpl-->resumeBlur: updatePlatformBlurState(updatePanelBlurState): shouldBlur, isKeyguardVisible=false, isKeyguardFadingAway=false, isPanelVisible=true, isShadeLock=false.
07-28 02:55:37.553  4919  4919 I SystemUi--Common: PlatformBlurManagerImpl-->forceStopMotionBlur: stop=false
07-28 02:55:37.553  4919  4919 I SystemUi--Keyguard: ScrimControllerExImp-->blur State to UNLOCK, bouncer=false changeFromBouncerScrim= false runnerUnlock= false goingAway=false hasHandle=true isOccludeAnimationPlaying=false
07-28 02:55:37.553  3448  3667 I UserAwareMgr: handleTopAppChanged: com.android.systemui, pid: 4919, uid: 10218
07-28 02:55:37.553  7516  7547 I mydevices[core].ProviderCallProcessor: (binder:7516_1)method: panel_state; arg: panel_resume
07-28 02:55:37.553  7516  7547 I mydevices[core].ControlCenterManager: (binder:7516_1)onPanelShow
07-28 02:55:37.553  4919  5175 D RegionSamplingHelper =:    mCompositionSamplingListener.unregister
07-28 02:55:37.553  4919  4919 I SystemUi--Statusbar: PrivacyDotViewController-->scheduleUpdate: 
07-28 02:55:37.553  2198  2427 I BpBinder: onLastStrongRef automatically unlinking death recipients: 
07-28 02:55:37.553  4919  5786 D Tile.CustomTile.EyeProtectTileService: refreshState: tile not listening, ignore
07-28 02:55:37.553  4919  5786 D TileStateController: bindAppWhenListening: false ComponentInfo{com.oplus.eyeprotect/com.oplus.eyeprotect.services.EyeProtectTileService}
07-28 02:55:37.553  4919  5786 I SystemUi--QuickSettings: Tile.CustomTile.EyeProtectTileService-->bindServiceWhenListening: false when isOplusQsTile
07-28 02:55:37.553  4919  7046 D OplusTileControllerPlugin: onSettingsStateChange: 1, componentName: ComponentInfo{com.oplus.eyeprotect/com.oplus.eyeprotect.services.EyeProtectTileService}
07-28 02:55:37.553  3448  3563 I VibratorManagerServiceExtImpl: cancelVibrate uid=1000, pid=3448, usageFilter=-15, token=126698429
07-28 02:55:37.553  4919  5786 D Tile.CustomTile.EyeProtectTileService: refreshState: tile not listening, ignore
07-28 02:55:37.553  4919  5175 I NotificationShadeWindowController: stop Pending key thread event (apply)
07-28 02:55:37.553  4919  5786 D Tile.CustomTile.PowerSaveTileService: refreshState: tile not listening, ignore
07-28 02:55:37.554  4919  5786 I SystemUi--QuickSettings: Tile.CustomTile.PowerSaveTileService-->bindServiceWhenListening: true as default
07-28 02:55:37.554  4919  4919 I SystemUi--Statusbar: PrivacyDotViewController-->needShow false
07-28 02:55:37.554  4919  4919 I SystemUi--Statusbar: PrivacyDotViewController-->scheduleUpdate: 
07-28 02:55:37.554  4919  4919 I SystemUi--Notification: OplusNotificationShadeWindowControllerExImpl-->SHADE_FOCUSABLE-->mNotificationShadeFocusable= true, mPanelExpanded= false, mBouncerShowing= false, mKeyguardShowing= false, mKeyguardOccluded= false, mKeyguardNeedsInput= false, ENABLE_REMOTE_INPUT= true, mRemoteInputActive= false, layoutFlags= -2130444216
07-28 02:55:37.554  4919  4919 I SystemUi--Notification: OplusNotificationShadeWindowControllerExImpl-->SHADE_VISIBLE-->mKeyguardShowing= false, mKeyguardOccluded= false, mPanelVisible= false, mKeyguardFadingAway= false, mKeyguardGoingAway= false, mBouncerShowing= false, mScrimsVisibility= 1, mBackgroundBlurRadius= 0, mForcePluginOpen= false, mediaBackdropShowing= false, viewVisibility= true, qsBlurFraction= 0.0053190715, panelBlurFraction= 0.0
07-28 02:55:37.554  4919  5786 D TileStateController: setListening listening: true component: ComponentInfo{com.oplus.linker/com.oplus.linker.synergy.service.TVTileService} userContext: com.android.systemui.SystemUIApplication@1a381a4
07-28 02:55:37.555  4919  5981 D UXUtils : setHasTopUi: true; stack: com.oplus.systemui.shade.OplusNotificationShadeWindowControllerExImpl$uxFlagUpdateRunnable$1.run:12
07-28 02:55:37.555  4919  6072 D [DevicePlugin].DataInterfaceImp.(DefaultDispatcher-worker-9): safeCall, method:getPanelDeviceList
07-28 02:55:37.555  7516  8603 I mydevices[core].CardsProxyManager: (DefaultDispatcher-worker-6)resume cards: [], visibleCount: 0, showPosition: 4
07-28 02:55:37.555  7516  8603 I mydevices[core].CardsProxyManager: (DefaultDispatcher-worker-6)notify cards size : 0, code = 1
07-28 02:55:37.555  7516  8603 I mydevices[core].CardsProxyManager: (DefaultDispatcher-worker-6)current cards is empty, no need to call the event
07-28 02:55:37.555  7516  8603 I mydevices[core].OPSynergyScannerImpl: (DefaultDispatcher-worker-6)reScan
07-28 02:55:37.555  7516  8603 D OplusLog_DeviceKit_com.heytap.mydevices: [SynergyDeviceManager-265397406] isServiceBound
07-28 02:55:37.555  7516  8603 D OplusLog_DeviceKit_com.heytap.mydevices: [OpDeviceServiceClient-265397406] isServiceBound: null
07-28 02:55:37.555  7516  8603 I mydevices[core].CoreOpDeviceAction: (DefaultDispatcher-worker-6)isServiceBind: isBind: false
07-28 02:55:37.555  7516  8603 I mydevices[core].OPSynergyScannerImpl: (DefaultDispatcher-worker-6)getOpDeviceList
07-28 02:55:37.555  4919  4919 I SystemUi--QuickSettings: BackActionInteractor-->registerBackCallback true
07-28 02:55:37.555  4919  5786 D Tile.CustomTile.TVTileService: refreshState: tile not listening, ignore
07-28 02:55:37.555  4919  5786 D TileStateController: bindAppWhenListening: false ComponentInfo{com.oplus.linker/com.oplus.linker.synergy.service.TVTileService}
07-28 02:55:37.555  4919  7046 D OplusTileControllerPlugin: onSettingsStateChange: 1, componentName: ComponentInfo{com.oplus.linker/com.oplus.linker.synergy.service.TVTileService}
07-28 02:55:37.555  4919  5786 I SystemUi--QuickSettings: Tile.CustomTile.TVTileService-->bindServiceWhenListening: false when isOplusQsTile
07-28 02:55:37.555  4919  5786 D Tile.CustomTile.TVTileService: refreshState: tile not listening, ignore
07-28 02:55:37.555  7516  8603 D OplusLog_DeviceKit_com.heytap.mydevices: [SynergyDeviceManager-265397406] getDeviceList: com.heytap.mydevices.core.action.CoreOpDeviceAction$d@6b58c05
07-28 02:55:37.555  3448  5289 D CoreBackPreview: Window{7173f1f u0 NotificationShade}: Setting back callback OnBackInvokedCallbackInfo{mCallback=android.window.IOnBackInvokedCallback$Stub$Proxy@7cf5eb9, mPriority=0, mIsAnimationCallback=false}
07-28 02:55:37.555  4919  4919 I SystemUi--QuickSettings: OplusSeparateQSManager-->updateSeparateQSExpandState recomputeDisableFlags
07-28 02:55:37.555  4919  4919 I SystemUi--Statusbar: CollapsedSbFragment-->New visibilities calculated internally. StatusBarVisibilityModel(showClock: false showNotificationIcons:false showOngoingActivityChip:false showSystemInfo:false ) 
07-28 02:55:37.555  4919  4919 I SystemUi--Statusbar: CollapsedStatusBarFragmentExImpl-->animate: true, unlockAnimationRunning: false, fadingAway: false, keyguard: false
07-28 02:55:37.555  4919  5786 D Tile.CustomTile.WindowsLinkTileService: refreshState: tile not listening, ignore
07-28 02:55:37.555  7516  8603 D OplusLog_DeviceKit_com.heytap.mydevices: [OpDeviceServiceClient-265397406] settings_opsynergy_has_device: 0
07-28 02:55:37.555  4919  5786 D TileStateController: bindAppWhenListening: false ComponentInfo{com.microsoft.appmanager/com.microsoft.appmanager.quicksettings.WindowsLinkTileService}
07-28 02:55:37.555  4919  5786 I SystemUi--QuickSettings: Tile.CustomTile.WindowsLinkTileService-->bindServiceWhenListening: false when isActiveTile && isTileReady
07-28 02:55:37.555  7516  8603 D OplusLog_DeviceKit_com.heytap.mydevices: [SynergyDeviceManager-265397406] getDeviceList result: com.heytap.mydevices.core.action.CoreOpDeviceAction$d@6b58c05, success: true, devices: []
07-28 02:55:37.555  7516  8603 I mydevices[core].CoreOpDeviceAction: (DefaultDispatcher-worker-6)device input: []
07-28 02:55:37.555  7516  8603 I mydevices[core].OPSynergyScannerImpl: (DefaultDispatcher-worker-6)getOpDeviceList, onResult
07-28 02:55:37.555  4919  5786 D Tile.CustomTile.WirelessReverseControService: refreshState: tile not listening, ignore
07-28 02:55:37.555  4919  5786 I SystemUi--QuickSettings: Tile.CustomTile.WirelessReverseControService-->bindServiceWhenListening: true as default
07-28 02:55:37.555  4919  5786 D TileStateController: updateCurrentStateIsNotDirty component:ComponentInfo{com.oplus.eyeprotect/com.oplus.eyeprotect.services.EyeProtectTileService}
07-28 02:55:37.555  4919  5786 D TileStateController: updateCurrentStateIsNotDirty component:ComponentInfo{com.oplus.linker/com.oplus.linker.synergy.service.TVTileService}
07-28 02:55:37.556  4919  5338 I [UAH_CLIENT]: UahEventAcquire, cmdid:413, pkg:none, identity:OsenseHelperImpl
07-28 02:55:37.556  4919  4919 I SystemUi--Statusbar: CollapsedStatusBarFragmentExImpl-->StatusBarVisibilityModelEx: StatusBarVisibilityModelEx(showClock: false showPromptView:false showOngoingCallChip:false showNotificationContainer:false showOperatorName:false showSeedlingContainer:false ), animate: true
07-28 02:55:37.556  7516  7547 I mydevices[core].ProviderCallProcessor: (binder:7516_1)method: getPanelDeviceList; arg: 
07-28 02:55:37.556  4919  4919 I SystemUi--Keyguard: KeyguardRapidUnlockUtils-->composeKeyguard show=true, reason=applyVisibility_show
07-28 02:55:37.557  7516  7547 I mydevices[core].ControlCenterManager: (binder:7516_1)response data:DeviceSpaceInfo(version=2, panelDevices=[])
07-28 02:55:37.557  7516  7547 I mydevices[core].DeviceMainPageEvent: (binder:7516_1)uploadDeviceNumTypeName list empty
07-28 02:55:37.558  4919  4919 I SystemUi--Keyguard: KeyguardGlideTipView-->hideTips reason=hideGlideTipImmediateWithQsExpandingOrOplusKeyguardLoadOrGotoNtfCapsule withAnimator=true delayType=2
07-28 02:55:37.558  4919  4919 I SystemUi--Keyguard: KeyguardGlideTipView-->cancelBreathAnimation-isBreathAnimationRunning=false
07-28 02:55:37.558  4919  4919 I SystemUi--Keyguard: KeyguardAffordanceTipsView-->hideTips reason=QsExpandingOrOplusKeyguardLoadOrGotoNtfCapsule withAnimator=true delayType=2
07-28 02:55:37.558  7402  7402 W Battery : PowerSaveTileService: onCreate
07-28 02:55:37.559  4919  4919 D ViewRootImplExtImpl: wrapConfigInfoIntoFlags rotation=0, smallestScreenWidthDp=0, residentWS=false, scenario=0, bounds=Rect(0, 0 - 1080, 2376), relayoutAsync=false, flags=1, newFlags=1245708289, title=NotificationShade
07-28 02:55:37.560  3448  5289 D WindowManagerServiceExtImpl: extractConfigInfoAndRealFlags rotation=0, screenDp=0, residentWS:0, scenario:0, bounds:2376, serverWinBounds:Rect(0, 0 - 1080, 2376), win=Window{7173f1f u0 NotificationShade}
07-28 02:55:37.560  3448  5289 V WindowManager: Relayout Window{7173f1f u0 NotificationShade}: viewVisibility=0, oldvis=4, req=1080x2376, vsysui=, x=0, y=0
07-28 02:55:37.560  4919  6072 I [DevicePlugin].DevicePanelPresenter.(DefaultDispatcher-worker-9): response code:30001; panelInfo:PanelInfo(panelState=DEVICE_HOME, panelDevices=[]), pluginVersion: 2
07-28 02:55:37.560  4919  6072 I [DevicePlugin].FixedSeparateModelPanel.(DefaultDispatcher-worker-9): onPanelInfoChanged
07-28 02:55:37.560  4919  6072 I [DevicePlugin].FixedSeparateModelPanel.(DefaultDispatcher-worker-9): updateView: panelState=DEVICE_HOME, panelDevices.size=0
07-28 02:55:37.560  3448  5289 I WindowManager: Window{7173f1f u0 NotificationShade} state from NO_SURFACE to DRAW_PENDING; reason: resetDrawState
07-28 02:55:37.560  2198  2427 D OplusLayer: setProcInfo (131,NotificationShade#131,com.android.systemui,0x4578D52F)
07-28 02:55:37.560  4919  5932 D Tile.CustomTile.PowerSaveTileService: refreshState: tile not listening, ignore
07-28 02:55:37.560  4919  5932 D Tile.CustomTile.WirelessReverseControService: refreshState: tile not listening, ignore
07-28 02:55:37.561  3448  5289 D QuickBackInputPolicy: hasMultiChildrenInTask: false
07-28 02:55:37.561  3448  5289 D WindowManager: NFW_findFocusedWindowIfNeeded:Window{9019463 u0 com.android.launcher/com.android.launcher.Launcher} mCurrentFocus:Window{9019463 u0 com.android.launcher/com.android.launcher.Launcher}
07-28 02:55:37.562  4919  4919 W VRI[NotificationShade]: updateBlastSurfaceIfNeeded, surfaceSize:Point(1080, 2376), lastSurfaceSize:Point(1080, 2376), format:-3, blastBufferQueue:null
07-28 02:55:37.562  4919  4919 D BufferQueueConsumer: [](id:133700000009,api:0,p:-1,c:4919) connect: controlledByApp=false
07-28 02:55:37.563  4919  4919 I SystemUi--Keyguard: KeyguardEngineContainer-->onConfigurationChanged, locale = en-US,zh-CN, mLastLocale= en-US,zh-CN
07-28 02:55:37.563  4919  4919 I SystemUi--Keyguard: KeyguardEngineContainer-->onConfigurationChanged. font = 0, mLastFlipFont = 0, density = 480, mDensity = 480
07-28 02:55:37.563  4919  4919 I SystemUi--Keyguard: KeyguardPluginManager-->maybeReloadNormalKeyguard, uses default LockScreen
07-28 02:55:37.563  4919  4919 E ndroid.systemui: No package ID ff found for resource ID 0xffffffff.
07-28 02:55:37.563  4919  4919 E ndroid.systemui: No package ID ff found for resource ID 0xffffffff.
07-28 02:55:37.563  4919  4919 E ndroid.systemui: No package ID ff found for resource ID 0xffffffff.
07-28 02:55:37.564  4919  4919 E ThemeUtils: View class com.oplus.systemui.keyguard.view.GeneralFontVariationTextView is an AppCompat widget that can only be used with a Theme.AppCompat theme (or descendant).
07-28 02:55:37.564  4919  4919 E ThemeUtils: View class com.oplus.systemui.keyguard.view.GeneralFontVariationTextView is an AppCompat widget that can only be used with a Theme.AppCompat theme (or descendant).
07-28 02:55:37.564  4919  4919 I SystemUi--Keyguard: PictorialAppInfo-->isShowPictorialTipDevice true,bottomMargin=611
07-28 02:55:37.564  4919  4919 I SystemUi--Keyguard: PictorialFunctionContainer-->onWallpaperChange info is null or local or engine
07-28 02:55:37.564  4919  4919 I SystemUi--Keyguard: PictorialAppInfo-->isShowPictorialTipDevice true,bottomMargin=611
07-28 02:55:37.564  4919  4919 I SystemUi--Keyguard: PictorialAppInfo-->isShowPictorialTipDevice true,bottomMargin=611
07-28 02:55:37.564  4919  4919 I SystemUi--Notification: NotificationsQSContainerController-->onWindowConfigurationChange: splitShadeEnabled=false
07-28 02:55:37.564  4919  4919 I SystemUi--Notification: NotificationsQSContainerController-->updateResources: splitShadeEnabled=false, newSplitShadeEnabled=false
07-28 02:55:37.565  4919  4919 I SystemUi--Notification: OplusQSSimpleHeader-->shouldClick: true, isInSuperPowerSaveMode: false, isInWellBeingAssistantMode: false
07-28 02:55:37.565  4919  4919 I SystemUi--Notification: OplusQSSimpleHeader-->updateMarginTop, reason: configChange, newMarginTop: 102 currentMarginTop 102
07-28 02:55:37.566  4919  4919 I SystemUi--QuickSettings: OplusQuickStatusBarHeader-->[onConfigurationChanged] updateResources end, start call listener
07-28 02:55:37.568  4919  4919 I SystemUi--QuickSettings: OplusQuickStatusBarHeader-->[onConfigurationChanged] updateResources end, start call listener
07-28 02:55:37.568  4919  4919 I SystemUi--QuickSettings: OplusQSHighlightTileViewImpl-->updateIconViewSize mTileCanTips=true
07-28 02:55:37.569  4919  4919 I SystemUi--QuickSettings: OplusQSHighlightTileViewImpl-->updateIconViewSize mTileCanTips=true
07-28 02:55:37.569  4919  4919 I SystemUi--QuickSettings: OplusQsToggleSliderTouchExt-->getRealSize point: Point(1080, 2376) realScreenWidth: 1080 realScreenHeight: 2376
07-28 02:55:37.570  4919  4919 I SystemUi--QuickSettings: OplusQsToggleSliderLayout-->updateRadius radius= 57.815125, roundParams= OplusRoundParams(radiusDp=15.2, radius=45.6, weight=1.1, isCircle=false), isDefaultVolumeTheme = true
07-28 02:55:37.570  4919  4919 I COUIVerticalSeekBar: COUIVerticalSeekBar ensureSize : mIsProgressFull:true,mBackgroundRadius:45.6,mBackgroundWidth:179.0,mBackgroundEnlargeScale1.0,mProgressRadius:45.6,mProgressWidth:179.0,mProgressEnlargeScale1.0,mPaddingVertical45.6
07-28 02:55:37.570  4919  4919 I COUIVerticalSeekBar: updateBehavior * normalSeekBarHeight = 309,mPaddingVertical = 45.6,mIsPhysicsEnable = true,mPhysicalAnimator = null,mFlingBehavior = null,Thread_name = main,hashCode = 132487089,time = 1753685737570,stackChain = com.coui.appcompat.seekbar.COUIVerticalSeekBar.updateBehavior$1:14 com.coui.appcompat.seekbar.COUIVerticalSeekBar.ensureSize$1:182 com.coui.appcompat.seekbar.COUIVerticalSeekBar.setBackgroundRadius:3 com.oplus.systemui.qs.base.seek.OplusQsBaseToggleSliderLayout.updateRadius:60 
07-28 02:55:37.570  4919  4919 I COUIVerticalSeekBar: setPaddingVertical * paddingVertical = 45.6,hashCode = 132487089,time = 1753685737570
07-28 02:55:37.570  4919  4919 I COUIVerticalSeekBar: COUIVerticalSeekBar ensureSize : mIsProgressFull:true,mBackgroundRadius:45.6,mBackgroundWidth:179.0,mBackgroundEnlargeScale1.0,mProgressRadius:45.6,mProgressWidth:179.0,mProgressEnlargeScale1.0,mPaddingVertical45.6
07-28 02:55:37.570  4919  4919 I COUIVerticalSeekBar: updateBehavior * normalSeekBarHeight = 309,mPaddingVertical = 45.6,mIsPhysicsEnable = true,mPhysicalAnimator = null,mFlingBehavior = null,Thread_name = main,hashCode = 132487089,time = 1753685737570,stackChain = com.coui.appcompat.seekbar.COUIVerticalSeekBar.updateBehavior$1:14 com.coui.appcompat.seekbar.COUIVerticalSeekBar.ensureSize$1:182 com.coui.appcompat.seekbar.COUIVerticalSeekBar.setPaddingVertical:59 com.oplus.systemui.qs.base.seek.OplusQsBaseToggleSliderLayout.updateRadius:74 
07-28 02:55:37.570  4919  4919 I SystemUi--QuickSettings: OplusQsToggleSliderTouchExt-->getRealSize point: Point(1080, 2376) realScreenWidth: 1080 realScreenHeight: 2376
07-28 02:55:37.570  4919  4919 I SystemUi--QuickSettings: OplusQsToggleSliderLayout-->updateRadius radius= 57.815125, roundParams= OplusRoundParams(radiusDp=15.2, radius=45.6, weight=1.1, isCircle=false), isDefaultVolumeTheme = true
07-28 02:55:37.570  4919  4919 I COUIVerticalSeekBar: COUIVerticalSeekBar ensureSize : mIsProgressFull:true,mBackgroundRadius:45.6,mBackgroundWidth:179.0,mBackgroundEnlargeScale1.0,mProgressRadius:45.6,mProgressWidth:179.0,mProgressEnlargeScale1.0,mPaddingVertical45.6
07-28 02:55:37.570  4919  4919 I COUIVerticalSeekBar: updateBehavior * normalSeekBarHeight = 309,mPaddingVertical = 45.6,mIsPhysicsEnable = true,mPhysicalAnimator = null,mFlingBehavior = null,Thread_name = main,hashCode = 61246441,time = 1753685737570,stackChain = com.coui.appcompat.seekbar.COUIVerticalSeekBar.updateBehavior$1:14 com.coui.appcompat.seekbar.COUIVerticalSeekBar.ensureSize$1:182 com.coui.appcompat.seekbar.COUIVerticalSeekBar.setBackgroundRadius:3 com.oplus.systemui.qs.base.seek.OplusQsBaseToggleSliderLayout.updateRadius:60 
07-28 02:55:37.570  4919  4919 I COUIVerticalSeekBar: setPaddingVertical * paddingVertical = 45.6,hashCode = 61246441,time = 1753685737570
07-28 02:55:37.570  4919  4919 I COUIVerticalSeekBar: COUIVerticalSeekBar ensureSize : mIsProgressFull:true,mBackgroundRadius:45.6,mBackgroundWidth:179.0,mBackgroundEnlargeScale1.0,mProgressRadius:45.6,mProgressWidth:179.0,mProgressEnlargeScale1.0,mPaddingVertical45.6
07-28 02:55:37.570  4919  4919 I COUIVerticalSeekBar: updateBehavior * normalSeekBarHeight = 309,mPaddingVertical = 45.6,mIsPhysicsEnable = true,mPhysicalAnimator = null,mFlingBehavior = null,Thread_name = main,hashCode = 61246441,time = 1753685737570,stackChain = com.coui.appcompat.seekbar.COUIVerticalSeekBar.updateBehavior$1:14 com.coui.appcompat.seekbar.COUIVerticalSeekBar.ensureSize$1:182 com.coui.appcompat.seekbar.COUIVerticalSeekBar.setPaddingVertical:59 com.oplus.systemui.qs.base.seek.OplusQsBaseToggleSliderLayout.updateRadius:74 
07-28 02:55:37.570  4919  4919 I [DevicePlugin].NoDeviceEntranceCardView.(main): onConfigurationChanged
07-28 02:55:37.570  4919  4919 I [DevicePlugin].PlatformUtils.(main): isLowGaussianLevel: DEBUG_LEVEL = -1, ANIM_LEVEL = 1
07-28 02:55:37.570  4919  4919 I [DevicePlugin].PlatformUtils.(main): isGlobalThemeApplied: isGlobalTheme=false
07-28 02:55:37.570  4919  4919 I [DevicePlugin].PlatformUtils.(main): isBlurEnable: enable=true
07-28 02:55:37.570  4919  4919 I [DevicePlugin].PlatformUtils.(main): isGlobalThemeApplied: isGlobalTheme=false
07-28 02:55:37.570  4919  4919 I [DevicePlugin].PlatformUtils.(main): isLightOsGaussianLevel: DEBUG_LEVEL = -1, ANIM_LEVEL = 1
07-28 02:55:37.570  4919  4919 I [DevicePlugin].PlatformUtils.(main): isLightBlurEnable: enable=false
07-28 02:55:37.570  4919  4919 I [DevicePlugin].RectangleDeviceCardView.(main): onConfigurationChanged
07-28 02:55:37.570  4919  4919 I [DevicePlugin].PlatformUtils.(main): isLowGaussianLevel: DEBUG_LEVEL = -1, ANIM_LEVEL = 1
07-28 02:55:37.570  4919  4919 I [DevicePlugin].PlatformUtils.(main): isGlobalThemeApplied: isGlobalTheme=false
07-28 02:55:37.570  4919  4919 I [DevicePlugin].PlatformUtils.(main): isBlurEnable: enable=true
07-28 02:55:37.570  4919  4919 I [DevicePlugin].PlatformUtils.(main): isGlobalThemeApplied: isGlobalTheme=false
07-28 02:55:37.570  4919  4919 I [DevicePlugin].PlatformUtils.(main): isLightOsGaussianLevel: DEBUG_LEVEL = -1, ANIM_LEVEL = 1
07-28 02:55:37.570  4919  4919 I [DevicePlugin].PlatformUtils.(main): isLightBlurEnable: enable=false
07-28 02:55:37.570  4919  4919 I [DevicePlugin].RectangleEntranceCardView.(main): onConfigurationChanged
07-28 02:55:37.570  4919  4919 I [DevicePlugin].PlatformUtils.(main): isLowGaussianLevel: DEBUG_LEVEL = -1, ANIM_LEVEL = 1
07-28 02:55:37.570  4919  4919 I [DevicePlugin].PlatformUtils.(main): isGlobalThemeApplied: isGlobalTheme=false
07-28 02:55:37.570  4919  4919 I [DevicePlugin].PlatformUtils.(main): isBlurEnable: enable=true
07-28 02:55:37.570  4919  4919 I [DevicePlugin].PlatformUtils.(main): isGlobalThemeApplied: isGlobalTheme=false
07-28 02:55:37.570  4919  4919 I [DevicePlugin].PlatformUtils.(main): isLightOsGaussianLevel: DEBUG_LEVEL = -1, ANIM_LEVEL = 1
07-28 02:55:37.570  4919  4919 I [DevicePlugin].PlatformUtils.(main): isLightBlurEnable: enable=false
07-28 02:55:37.570  4919  4919 I [DevicePlugin].RectangleDeviceCardView.(main): onConfigurationChanged
07-28 02:55:37.570  4919  4919 I [DevicePlugin].PlatformUtils.(main): isLowGaussianLevel: DEBUG_LEVEL = -1, ANIM_LEVEL = 1
07-28 02:55:37.570  4919  4919 I [DevicePlugin].PlatformUtils.(main): isGlobalThemeApplied: isGlobalTheme=false
07-28 02:55:37.570  4919  4919 I [DevicePlugin].PlatformUtils.(main): isBlurEnable: enable=true
07-28 02:55:37.570  4919  4919 I [DevicePlugin].PlatformUtils.(main): isGlobalThemeApplied: isGlobalTheme=false
07-28 02:55:37.570  4919  4919 I [DevicePlugin].PlatformUtils.(main): isLightOsGaussianLevel: DEBUG_LEVEL = -1, ANIM_LEVEL = 1
07-28 02:55:37.570  4919  4919 I [DevicePlugin].PlatformUtils.(main): isLightBlurEnable: enable=false
07-28 02:55:37.570  4919  4919 I [DevicePlugin].SquareDeviceCardView.(main): onConfigurationChanged
07-28 02:55:37.570  4919  4919 I [DevicePlugin].PlatformUtils.(main): isLowGaussianLevel: DEBUG_LEVEL = -1, ANIM_LEVEL = 1
07-28 02:55:37.570  4919  4919 I [DevicePlugin].PlatformUtils.(main): isGlobalThemeApplied: isGlobalTheme=false
07-28 02:55:37.570  4919  4919 I [DevicePlugin].PlatformUtils.(main): isBlurEnable: enable=true
07-28 02:55:37.570  4919  4919 I [DevicePlugin].PlatformUtils.(main): isGlobalThemeApplied: isGlobalTheme=false
07-28 02:55:37.570  4919  4919 I [DevicePlugin].PlatformUtils.(main): isLightOsGaussianLevel: DEBUG_LEVEL = -1, ANIM_LEVEL = 1
07-28 02:55:37.570  4919  4919 I [DevicePlugin].PlatformUtils.(main): isLightBlurEnable: enable=false
07-28 02:55:37.570  4919  4919 I [DevicePlugin].SquareEntranceCardView.(main): onConfigurationChanged
07-28 02:55:37.570  4919  4919 I [DevicePlugin].PlatformUtils.(main): isLowGaussianLevel: DEBUG_LEVEL = -1, ANIM_LEVEL = 1
07-28 02:55:37.570  4919  4919 I [DevicePlugin].PlatformUtils.(main): isGlobalThemeApplied: isGlobalTheme=false
07-28 02:55:37.570  4919  4919 I [DevicePlugin].PlatformUtils.(main): isBlurEnable: enable=true
07-28 02:55:37.570  4919  4919 I [DevicePlugin].PlatformUtils.(main): isGlobalThemeApplied: isGlobalTheme=false
07-28 02:55:37.570  4919  4919 I [DevicePlugin].PlatformUtils.(main): isLightOsGaussianLevel: DEBUG_LEVEL = -1, ANIM_LEVEL = 1
07-28 02:55:37.570  4919  4919 I [DevicePlugin].PlatformUtils.(main): isLightBlurEnable: enable=false
07-28 02:55:37.570  4919  4919 I [DevicePlugin].SquareDeviceCardView.(main): onConfigurationChanged
07-28 02:55:37.570  4919  4919 I [DevicePlugin].PlatformUtils.(main): isLowGaussianLevel: DEBUG_LEVEL = -1, ANIM_LEVEL = 1
07-28 02:55:37.570  4919  4919 I [DevicePlugin].PlatformUtils.(main): isGlobalThemeApplied: isGlobalTheme=false
07-28 02:55:37.570  4919  4919 I [DevicePlugin].PlatformUtils.(main): isBlurEnable: enable=true
07-28 02:55:37.570  4919  4919 I [DevicePlugin].PlatformUtils.(main): isGlobalThemeApplied: isGlobalTheme=false
07-28 02:55:37.570  4919  4919 I [DevicePlugin].PlatformUtils.(main): isLightOsGaussianLevel: DEBUG_LEVEL = -1, ANIM_LEVEL = 1
07-28 02:55:37.570  4919  4919 I [DevicePlugin].PlatformUtils.(main): isLightBlurEnable: enable=false
07-28 02:55:37.570  4919  4919 I [DevicePlugin].SquareDeviceCardView.(main): onConfigurationChanged
07-28 02:55:37.570  4919  4919 I [DevicePlugin].PlatformUtils.(main): isLowGaussianLevel: DEBUG_LEVEL = -1, ANIM_LEVEL = 1
07-28 02:55:37.570  4919  4919 I [DevicePlugin].PlatformUtils.(main): isGlobalThemeApplied: isGlobalTheme=false
07-28 02:55:37.570  4919  4919 I [DevicePlugin].PlatformUtils.(main): isBlurEnable: enable=true
07-28 02:55:37.570  4919  4919 I [DevicePlugin].PlatformUtils.(main): isGlobalThemeApplied: isGlobalTheme=false
07-28 02:55:37.570  4919  4919 I [DevicePlugin].PlatformUtils.(main): isLightOsGaussianLevel: DEBUG_LEVEL = -1, ANIM_LEVEL = 1
07-28 02:55:37.570  4919  4919 I [DevicePlugin].PlatformUtils.(main): isLightBlurEnable: enable=false
07-28 02:55:37.570  4919  4919 I [DevicePlugin].SquareDeviceCardView.(main): onConfigurationChanged
07-28 02:55:37.570  4919  4919 I [DevicePlugin].PlatformUtils.(main): isLowGaussianLevel: DEBUG_LEVEL = -1, ANIM_LEVEL = 1
07-28 02:55:37.570  4919  4919 I [DevicePlugin].PlatformUtils.(main): isGlobalThemeApplied: isGlobalTheme=false
07-28 02:55:37.570  4919  4919 I [DevicePlugin].PlatformUtils.(main): isBlurEnable: enable=true
07-28 02:55:37.570  4919  4919 I [DevicePlugin].PlatformUtils.(main): isGlobalThemeApplied: isGlobalTheme=false
07-28 02:55:37.570  4919  4919 I [DevicePlugin].PlatformUtils.(main): isLightOsGaussianLevel: DEBUG_LEVEL = -1, ANIM_LEVEL = 1
07-28 02:55:37.570  4919  4919 I [DevicePlugin].PlatformUtils.(main): isLightBlurEnable: enable=false
07-28 02:55:37.570  4919  4919 I [DevicePlugin].SquareEntranceCardView.(main): onConfigurationChanged
07-28 02:55:37.570  4919  4919 I [DevicePlugin].PlatformUtils.(main): isLowGaussianLevel: DEBUG_LEVEL = -1, ANIM_LEVEL = 1
07-28 02:55:37.570  4919  4919 I [DevicePlugin].PlatformUtils.(main): isGlobalThemeApplied: isGlobalTheme=false
07-28 02:55:37.570  4919  4919 I [DevicePlugin].PlatformUtils.(main): isBlurEnable: enable=true
07-28 02:55:37.570  4919  4919 I [DevicePlugin].PlatformUtils.(main): isGlobalThemeApplied: isGlobalTheme=false
07-28 02:55:37.570  4919  4919 I [DevicePlugin].PlatformUtils.(main): isLightOsGaussianLevel: DEBUG_LEVEL = -1, ANIM_LEVEL = 1
07-28 02:55:37.570  4919  4919 I [DevicePlugin].PlatformUtils.(main): isLightBlurEnable: enable=false
07-28 02:55:37.573  4919  4919 I SystemUi--QuickSettings: OplusSeparateQSCustomizer-->updateResources tileRow= 3
07-28 02:55:37.573  4919  4919 I SystemUi--QuickSettings: OplusSeparateQSCustomizer--> mUsableWidth=1080
07-28 02:55:37.573  4919  4919 I SystemUi--QuickSettings: OplusSeparateQSCustomizer--> mEditCellWidth=175 mEditCellMarginHorizontal=66 mItemHeight=271 mHorizontalSidePadding=57
07-28 02:55:37.573  4919  4919 I SystemUi--QuickSettings: OplusQsToggleSliderTouchExt-->getRealSize point: Point(1080, 2376) realScreenWidth: 1080 realScreenHeight: 2376
07-28 02:55:37.573  4919  4919 I SystemUi--QuickSettings: OplusQsToggleSliderLayout-->updateRadius radius= 57.815125, roundParams= OplusRoundParams(radiusDp=15.2, radius=45.6, weight=1.1, isCircle=false), isDefaultVolumeTheme = true
07-28 02:55:37.573  4919  4919 I COUIVerticalSeekBar: COUIVerticalSeekBar ensureSize : mIsProgressFull:true,mBackgroundRadius:45.6,mBackgroundWidth:179.0,mBackgroundEnlargeScale1.0,mProgressRadius:45.6,mProgressWidth:179.0,mProgressEnlargeScale1.0,mPaddingVertical45.6
07-28 02:55:37.573  4919  4919 I COUIVerticalSeekBar: updateBehavior * normalSeekBarHeight = 309,mPaddingVertical = 45.6,mIsPhysicsEnable = true,mPhysicalAnimator = null,mFlingBehavior = null,Thread_name = main,hashCode = 216944777,time = 1753685737573,stackChain = com.coui.appcompat.seekbar.COUIVerticalSeekBar.updateBehavior$1:14 com.coui.appcompat.seekbar.COUIVerticalSeekBar.ensureSize$1:182 com.coui.appcompat.seekbar.COUIVerticalSeekBar.setBackgroundRadius:3 com.oplus.systemui.qs.base.seek.OplusQsBaseToggleSliderLayout.updateRadius:60 
07-28 02:55:37.573  4919  4919 I COUIVerticalSeekBar: setPaddingVertical * paddingVertical = 45.6,hashCode = 216944777,time = 1753685737573
07-28 02:55:37.573  4919  4919 I COUIVerticalSeekBar: COUIVerticalSeekBar ensureSize : mIsProgressFull:true,mBackgroundRadius:45.6,mBackgroundWidth:179.0,mBackgroundEnlargeScale1.0,mProgressRadius:45.6,mProgressWidth:179.0,mProgressEnlargeScale1.0,mPaddingVertical45.6
07-28 02:55:37.573  4919  4919 I COUIVerticalSeekBar: updateBehavior * normalSeekBarHeight = 309,mPaddingVertical = 45.6,mIsPhysicsEnable = true,mPhysicalAnimator = null,mFlingBehavior = null,Thread_name = main,hashCode = 216944777,time = 1753685737573,stackChain = com.coui.appcompat.seekbar.COUIVerticalSeekBar.updateBehavior$1:14 com.coui.appcompat.seekbar.COUIVerticalSeekBar.ensureSize$1:182 com.coui.appcompat.seekbar.COUIVerticalSeekBar.setPaddingVertical:59 com.oplus.systemui.qs.base.seek.OplusQsBaseToggleSliderLayout.updateRadius:74 
07-28 02:55:37.573  4919  4919 I SystemUi--Common: WindowRootView-->leftInset:0 rightInset:0  rootWindowInsets.displayCutout:DisplayCutout{insets=Rect(0, 120 - 0, 0) waterfall=Insets{left=0, top=0, right=0, bottom=0} boundingRect={Bounds=[Rect(0, 0 - 0, 0), Rect(512, 0 - 569, 120), Rect(0, 0 - 0, 0), Rect(0, 0 - 0, 0)]} cutoutPathParserInfo={CutoutPathParserInfo{displayWidth=1080 displayHeight=2376 physicalDisplayWidth=1440 physicalDisplayHeight=3168 density={4.0} cutoutSpec={M -38,0 L -38,160 L 38,160 L 38,0 Z} rotation={0} scale={1.0} physicalPixelDisplaySizeRatio={0.75}}} sideOverrides={}} windowInsets.displayCutout:DisplayCutout{insets=Rect(0, 120 - 0, 0) waterfall=Insets{left=0, top=0, right=0, bottom=0} boundingRect={Bounds=[Rect(0, 0 - 0, 0), Rect(512, 0 - 569, 120), Rect(0, 0 - 0, 0), Rect(0, 0 - 0, 0)]} cutoutPathParserInfo={CutoutPathParserInfo{displayWidth=1080 displayHeight=2376 physicalDisplayWidth=1440 physicalDisplayHeight=3168 density={4.0} cutoutSpec={M -38,0 L -38,160 L 38,160 L 38,0 Z} rotation={0} scale={1.0} physicalPixelDisplaySizeRatio={0.75}}} sideOverrides={}} currentRotation:1
07-28 02:55:37.573  4919  4919 I SystemUi--QuickSettings: OplusQuickStatusBarHeader-->onApplyWindowInsets mIgnoreCenterHole: true mCenterHoleSpaceLp: androidx.constraintlayout.widget.ConstraintLayout$LayoutParams@945ccb1
07-28 02:55:37.573  4919  4919 I SystemUi--QuickSettings: OplusQuickStatusBarHeader-->updateCenterHoleView visibility: 8 isLpChanged: false
07-28 02:55:37.573  4919  4919 I SystemUi--QuickSettings: OplusQuickStatusBarHeader-->updateCenterHoleView visibility: 8 isLpChanged: false
07-28 02:55:37.574  4919  4919 I PluginSeedling--Base: SeedlingPluginService-->onStateChange: Bundle[{rect=RectF(509.25, 29.25, 570.75, 90.75), state=onHoleRectChanged}]
07-28 02:55:37.574  4919  4919 I SystemUi--Statusbar: StatusBarPaddingProvider-->updateContentsPadding: (51, 14, 60, 15), screenHoleHeight: 61 isLandscape=false, rotation: 0 screenHoleBottom: 90 statusBarHeight: 120 seedlingHeight: 90 switchSupport: true percentScreen:0.75 baseScreenWidth:1080 stableDisplayWidth:1440
