07-29 14:18:09.109  4846  4846 V AutofillManager: No AutofillClient for com.android.systemui on context com.android.systemui.SystemUIApplication@b8d1329
07-29 14:18:09.110  3452  4624 D OMP_Detector: D:done mCurrStatus: 0
07-29 14:18:09.110  3452  4818 D UAH-UahAdaptHelper: adaptSetNotification identity = OplusUAwareInputHelpersrc = 1000 , type 0 ,p1 = -1 ,p2 = -1 ,p3 = -1 ,p4 =
07-29 14:18:09.110  3452  4818 I [UAH_CLIENT]: uahRuleCtl, ruleId:1000, status:0
07-29 14:18:09.110  3452  3786 D PowerManagerService: userActivityNoUpdateLocked: groupId=0, eventTime=59982, event=touch, flags=0x0, uid=1000
07-29 14:18:09.110  4846  4846 I SystemUi--Common: ScrollTranslationValue-->resetPanelTranslationY
07-29 14:18:09.111  4846  4846 I SystemUi--QuickSettings: OplusPanelViewPagerController-->initExpanded downExpanded=QS downOnRight=true targetPage=QS downOnYHotArea=false  isKeyguardShowing=false isOnKeyguard=false fractionListeners.size=0 currentQsFraction=1.0 currentNotifyFraction=0.0 hasCalledDownEvent=true getScrollXHotZone=([Rect(0, 0 - 1080, 2376)], [Rect(-1, -1 - -1, -1), Rect(144, 2143 - 270, 2269), Rect(810, 2143 - 936, 2269)]) getScrollYHotZone=Rect(0, 0 - 1080, 222) notifyExpandedFraction=0.0 isLastUpToExpand=true qsPanelView.translationX=0.0
07-29 14:18:09.111  4846  4846 I SystemUi--QuickSettings: OplusQSRootViewController-->startExpandMotion event: 0, startTracking: false isClosing: false panelClosedOnDown: false
07-29 14:18:09.111  4846  4846 I SystemUi--QuickSettings: OplusQSRootViewController-->initialOffsetOnTouch: 2376.0, panelClosedOnDown: false
07-29 14:18:09.112  3452  5359 I InputDispatcher: injectInputEvent: targetUid=<not set>, syncMode=WAIT_FOR_FINISHED, timeout=30000ms, policyFlags=0x8000000, event=MotionEvent { action=UP, id[0]=0, x[0]=877, y[0]=1330, eventTime=59982000000, downTime=59982000000, deviceId=4, source=TOUCHSCREEN, displayId=0, eventId=0xfc433faa}
07-29 14:18:09.112  3452  4818 D UAH-UahAdaptHelper: adaptSetNotification identity = OplusUAwareInputHelpersrc = 1000 , type 1 ,p1 = -1 ,p2 = -1 ,p3 = -1 ,p4 =
07-29 14:18:09.112  3452  4818 I [UAH_CLIENT]: uahRuleCtl, ruleId:1000, status:1
07-29 14:18:09.112  4846  4846 I SystemUi--Statusbar: OplusStatusBarWindowViewTouchExImpl-->onTouchEvent handled:false
07-29 14:18:09.112  4846  4846 I SystemUi--QuickSettings: OplusPanelViewPagerController-->reset
07-29 14:18:09.112  4846  4846 I SystemUi--QuickSettings: OplusQSRootViewController-->resetTouch
07-29 14:18:09.113  4846  4846 D OplusViewDragTouchViewHelper: dispatchTouchView action = 1
07-29 14:18:09.113  4846  4846 D ViewRootImplExtImpl: the up motion event handled by client, just return
07-29 14:18:09.116  4846  4846 I SystemUi--QuickSettings: Tile.OplusAirplaneModeTile-->clicked ------ state is :2 canTips :true
07-29 14:18:09.117  4846  5342 V OplusCustomizeCacheManager: queryCache name: sys.cache.common_customize_cache18026 param: null
07-29 14:18:09.117  4846  5342 V OplusCustomizeCacheManager: queryCache name: sys.cache.common_customize_cache18026 param: null
07-29 14:18:09.118  3452  4413 D BluetoothSystemServer: BluetoothRadioModeListener: Not sensitive to airplane_mode_radios change. Forced to false
07-29 14:18:09.118  3452  4593 D OplusWifiPower_ConnLpmEventObsever: AIRPLANE_MODE_ON:false
07-29 14:18:09.118  2014  2034 E PerformanceService: [damon_reclaim] Failed to open wmarks_xxx, Linux version 6.6.30
07-29 14:18:09.119  5073  8004 I txpwradmin:SettingsObserver: onChange for uri = content://settings/global/airplane_mode_on
07-29 14:18:09.119  3452  4594 D OplusWifiSwitchStateMonitor: mWifiSettingsValue:0
07-29 14:18:09.119  3452  4594 D OplusWifiSwitchStateMonitor: notify scan state: true
07-29 14:18:09.119  3452  3452 D OplusWifiBroadCastDispatcher: mBroadcastReceiver: onReceiver  action=android.intent.action.AIRPLANE_MODE
07-29 14:18:09.120  3452  4413 D BluetoothSystemServer: AirplaneModeListener: Ignore mode change to same state. previousMode=false, isOn=false, isOnOverrode=false, isMediaConnected=false
07-29 14:18:09.120  4941  4941 W Settings: Setting airplane_mode_on has moved from android.provider.Settings.System to android.provider.Settings.Global, returning read-only value.
07-29 14:18:09.120  4941  4941 W Settings: Setting airplane_mode_on has moved from android.provider.Settings.System to android.provider.Settings.Global, returning read-only value.
07-29 14:18:09.120  3452  4474 D WifiController: Airplane mode disabled, determine next state
07-29 14:18:09.120  4941  4941 W Settings: Setting airplane_mode_on has moved from android.provider.Settings.System to android.provider.Settings.Global, returning read-only value.
07-29 14:18:09.120  4941  4941 W Settings: Setting airplane_mode_on has moved from android.provider.Settings.System to android.provider.Settings.Global, returning read-only value.
07-29 14:18:09.121  4941  4941 W Settings: Setting airplane_mode_on has moved from android.provider.Settings.System to android.provider.Settings.Global, returning read-only value.
07-29 14:18:09.121  5073  8004 D txpwrJni: sendRadioStatus start
07-29 14:18:09.121  5214  5214 D SubsysBroadcastManager: onReceive action:android.intent.action.AIRPLANE_MODE
07-29 14:18:09.121  5214  5214 D NetworkService[0]: onAirPlaneModeChange isAirPlaneModeOn:false
07-29 14:18:09.121  5214  5214 D NetworkService[1]: onAirPlaneModeChange isAirPlaneModeOn:false
07-29 14:18:09.121  5214  5214 D QuickChangeAirplaneModeEvent: airplane mode off
07-29 14:18:09.121  3452  4474 D WifiActiveModeWarden: Starting primary ClientModeManager in scan only mode
07-29 14:18:09.122  4941  4941 D PhoneGlobals: ACTION_AIRPLANE_MODE_CHANGED received
07-29 14:18:09.122  4941  4941 D PhoneGlobals: Receive ACTION_AIRPLANE_MODE_CHANGED, state: false
07-29 14:18:09.122  3452  4474 D WifiController: DisabledState.exit()
07-29 14:18:09.122  4941  4941 I PhoneGlobals: handleAirplaneModeChange: isAirplaneNewlyOn=false
07-29 14:18:09.122  4941  4941 D PhoneGlobals: handleAirplaneModeChange: isAirplaneNewlyOn = false, cellState = 2
07-29 14:18:09.122  4941  4941 I PhoneGlobals: Turning radio on - airplane
07-29 14:18:09.122  3452  4474 D WifiController: EnabledState.enter()
07-29 14:18:09.122  3452  4474 D WifiClientModeManager[59996:unknown]: entering IdleState
07-29 14:18:09.122  4846  5857 I SystemUi--QuickSettings: Tile.OplusAirplaneModeTile-->handleUpdateState state.state: 2 value: 0
07-29 14:18:09.122  4846  5857 V OplusCustomizeCacheManager: queryCache name: sys.cache.common_customize_cache18026 param: null
07-29 14:18:09.123  3452  4243 E PerformanceManager: setDamonReclaimWmarks succeed.
07-29 14:18:09.123  4846  5857 V OplusCustomizeCacheManager: queryCache name: sys.cache.common_customize_cache11009 param: null
07-29 14:18:09.123  4846  5857 I SystemUi--QuickSettings: Tile.OplusAirplaneModeTile-->handleUpdateState state.state: 1 value: 0
07-29 14:18:09.123  7145  9234 I SettingImpl: isAirplaneModeToggleChecked switchValue: -1, airplane mode isChecked is false
07-29 14:18:09.123  4846  5857 V OplusCustomizeCacheManager: queryCache name: sys.cache.common_customize_cache18026 param: null
07-29 14:18:09.123  5025  5025 W Settings: Setting airplane_mode_on has moved from android.provider.Settings.System to android.provider.Settings.Global, returning read-only value.
07-29 14:18:09.124  5214  5214 W Settings: Setting airplane_mode_on has moved from android.provider.Settings.System to android.provider.Settings.Global, returning read-only value.
07-29 14:18:09.124  5021  6075 D OplusLinkBoostMeeting: onAirplaneModeChange
07-29 14:18:09.124  1870  1915 W android.hardware.wifi-service: No active wlan interfaces in use! Using default
07-29 14:18:09.124  5119  5119 I QImsService: OplusWifiApmStateMgr : ACTION_AIRPLANE_MODE_CHANGED,mIsAirplaneModeOn: false
07-29 14:18:09.124  5119  5119 I QImsService: OplusImsServiceSubImpl : onTurnOffImsAfterWifiChanged : false
07-29 14:18:09.124  5119  5119 I QImsService: OplusImsServiceSubImpl : onTurnOffImsAfterWifiChanged : false
07-29 14:18:09.124  4846  5146 I SystemUi--QuickSettings: Tile.OplusCellularTile-->updateCarrierText: dialog not showing, ignore
07-29 14:18:09.124  5021  6072 D ResidenceLocSm: onPreHandleMessage 49
07-29 14:18:09.124  5021  6072 D ResidenceLocSm: onPostHandleMessage 49
07-29 14:18:09.125  5021  6076 D NAS-CallIssueDetector: notifyApmChanged
07-29 14:18:09.125  4846  5146 D SimStateHelper: slot:0, lock state:Bundle[mParcelledData.dataSize=56]
07-29 14:18:09.125  5021  6551 I PCDR-common_no_service[0]: forbidden
07-29 14:18:09.125  4846  5146 D SimStateHelper: slot:1, lock state:Bundle[mParcelledData.dataSize=56]
07-29 14:18:09.126  4846  5146 D SimStateHelper: needDisableMenu: slot1State=-1; slot2State=-1
07-29 14:18:09.126  4846  5146 D SimStateHelper: needDisableMenu:false
07-29 14:18:09.126  3452  4474 D OplusWifiConcurrentManager: isConcurrentCombinationAllowed : createMode= 0, requestType =-1
07-29 14:18:09.126  5021  6551 I PCDR-common_no_45g[0]: forbidden
07-29 14:18:09.126  5021  6551 I PCDR-common_no_service[1]: forbidden
07-29 14:18:09.126  5021  6551 I PCDR-common_no_45g[1]: forbidden
07-29 14:18:09.126  5025  5025 I HidlServiceManagement: Trying to get transport of vendor.oplus.hardware.appradio@1.0::IOplusAppRadio/oplus_app_slot1 without hwservicemanager
07-29 14:18:09.126  3452  4474 I HalDevMgr: currentModeId=3, requestModeId=3, currentModeIdValid=true
07-29 14:18:09.126  5021  6076 D NAS-CallIssueDetector: EVENT_SIM_STATE_CHANGE mSimState[0] LOADED
07-29 14:18:09.126  5025  5025 E NhsAppRIL/0: in getOplusRadioProxy getService: Exception: java.util.NoSuchElementException
07-29 14:18:09.126  5021  6076 D SceneEvent: registerSensorMgr start
07-29 14:18:09.126  5214  5214 D RadioMessenger: handleMessage Request msgid 2215
07-29 14:18:09.127  4846  4846 I SystemUi--Statusbar: OplusStatusBarSignalPolicy-->imsIcon: OplusIMSModel(shouldShowVolte=false, shouldShowVowifi=false, simInserted=true, noSim=false, shouldShowVodata=false, shouldShowVo5G=false, vowifiState=false), OplusIMSModel(shouldShowVolte=false, shouldShowVowifi=false, simInserted=false, noSim=true, shouldShowVodata=false, shouldShowVo5G=false, vowifiState=false), noSubs:false, airplaneMode:falsevisible: false ,wifiConnect:false , vowifiIcon:0 , voDataStatus:false, is5GNewCall:false
07-29 14:18:09.127  4846  4846 I SystemUi--Statusbar: OplusStatusBarSignalPolicy-->noSimIcon simState: SimStateModel(simInserted=[true, false], simForbidden=[false, true], simStateIMSI=[true, false], simLoaded=[true, false]), noSubs:false isAirplaneMode:false
07-29 14:18:09.127  4846  4846 I SystemUi--Statusbar: OplusMobileIconViewModel-->isVisible subId:1 isAirplaneMode:false isAllowedDuringAirplaneMode:false isForceHidden:false isSatelliteForbid:false
07-29 14:18:09.127  4846  4846 I SystemUi--Statusbar: OplusStatusBarMobileViewBinder-->isVisible:true
07-29 14:18:09.127  4846  4846 I SystemUi--Statusbar: OplusStatusBarMobileViewBinder-->isVisible:true
07-29 14:18:09.127  4846  4846 I SystemUi--Statusbar: OplusStatusBarMobileViewBinder-->isVisible:true
07-29 14:18:09.127  4846  4846 I SystemUi--Statusbar: OplusStatusBarMobileViewBinder-->isVisible:true
07-29 14:18:09.127  4846  4846 I SystemUi--Statusbar: OplusStatusBarMobileViewBinder-->isVisible:true
07-29 14:18:09.127  5214  5214 D RadioProxyJ: [PHONE0][99]> getNecData moduleId:1 evtId:[0, 16, 0, 0, 0, 0, 0, 0, 0, 0, 0, 0, 0, 0, 0, 0, 0, 0, 0, 0, 0, 0, 0, 0, 0, 0, 0, 0, 0, 0, 0, 0]
07-29 14:18:09.127  3452  3452 D OplusWifiBroadCastDispatcher: mBroadcastReceiver: onReceiver  action=android.intent.action.BATTERY_LEVEL_CHANGED
07-29 14:18:09.127  3452  4441 W OplusStorageManagerFeature: mScreenReceiver action:android.intent.action.BATTERY_LEVEL_CHANGED
07-29 14:18:09.127  3452  4441 I OplusStorageManagerFeature: TmemoryBetterySwitch: level=100 state=0
07-29 14:18:09.127  3452  4441 I OplusStorageManagerFeature: TmemoryBetterySwitch: action=0 state=2
07-29 14:18:09.127  3452  4441 W OplusStorageManagerFeature: Ready to deal actionParam:0
07-29 14:18:09.129  1870  1915 D WifiHAL : wifi_set_interface_mode: ifname=wlan0 iface_type=0
07-29 14:18:09.129  1870  1915 I android.hardware.wifi-service: Adding interface handle for p2p0
07-29 14:18:09.129  1870  1915 I android.hardware.wifi-service: Adding interface handle for wlan0
07-29 14:18:09.129  1870  1915 I android.hardware.wifi-service: Adding interface handle for wifi-aware0
07-29 14:18:09.129  5021  6078 D ElevatorEvent: enableElevatorDetect mIsElevSensorReg = false
07-29 14:18:09.129  3395  3431 D QmiVsClient: getNecData - enter
07-29 14:18:09.129  3395  3431 E QmiVsClient: sendAsyncRequest QMI_VS_GET_NEC_DATA_REQ_MSG_V01 ret 0
07-29 14:18:09.129  5021  6078 V SystemSensorManagerExtImpl: RegisterListener elevator_detect  Wakeup type:33171036 delay:200000us by com.oplus.nas.comm.event.ElevatorEvent$a@15a1c37 from com.oplus.nas
07-29 14:18:09.129  3452  5359 D SensorService: createSensorEventConnection packageName = com.oplus.nas.comm.event.ElevatorEvent, opPackageName = com.oplus.nas, mCurrentOperatingMode = 0, requestedMode = 0
07-29 14:18:09.129  6245  6245 D BatteryUsageBroadcastReceiver: onReceive:android.intent.action.BATTERY_LEVEL_CHANGED
07-29 14:18:09.129  3452  4595 D OplusWifiPowerService: onReceive action:android.intent.action.BATTERY_LEVEL_CHANGED
07-29 14:18:09.130  3452  5359 W SensorService: SensorEventConnection sensor handle=1362, package = com.oplus.nas.comm.event.ElevatorEvent enable
07-29 14:18:09.130  3452  5359 E SensorService: Required app com.oplus.nas.comm.event.ElevatorEvent, uid 1000, pid 5021
07-29 14:18:09.130  3452  5359 D SensorService: Calling batch handle==1362 flags=0rate=200000000 timeout== 0
07-29 14:18:09.130  3452  5359 D SensorService: SensorDevice::batch: ident=0xb400006ff6a6d540, handle=0x00000552, flags=0, period_ns=200000000 timeout=0
07-29 14:18:09.130  3452  5359 D SensorService: 	>>> actuating h/w BATCH 0x00000552 200000000 0
07-29 14:18:09.130  1863  1863 I sensors-hal: batch:153, qti.sensor.elevator_detect/1362, period=200000000, max_latency=0
07-29 14:18:09.130  1863  1863 I sensors-hal: batch:175, qti.sensor.elevator_detect/1362, period=200000000, max_latency=0 request completed
07-29 14:18:09.131  5025  5025 D NhsElevatorReceiver: enableElevatorDetect mIsElevSensorReg = false
07-29 14:18:09.131  5025  5025 V SystemSensorManagerExtImpl: RegisterListener elevator_detect  Wakeup type:33171036 delay:200000us by t0.g$b@215ae6b from com.oplus.nhs
07-29 14:18:09.131  3452  5366 D SensorService: createSensorEventConnection packageName = t0.g, opPackageName = com.oplus.nhs, mCurrentOperatingMode = 0, requestedMode = 0
07-29 14:18:09.131  3452  5359 D SensorService: Calling activate on 1362
07-29 14:18:09.131  3452  5359 D SensorService: SensorDevice::activate: ident=0xb400006ff6a6d540, handle=0x00000552, enabled=1, count=1
07-29 14:18:09.131  3452  5359 D SensorService: enable index=0
07-29 14:18:09.131  3452  5359 D SensorService: info.numActiveClients() = 1, info.isActive = 0
07-29 14:18:09.131  3452  5359 D SensorService: activateHardware = 1
07-29 14:18:09.131  3452  5359 D SensorService: 	>>> actuating h/w activate handle=1362 enabled=1
07-29 14:18:09.131  1863  1863 I sensors-hal: activate:112, qti.sensor.elevator_detect/1362 en=1
07-29 14:18:09.131  1863  1863 I sensors-hal: acquire_qsh_interface:131, acquire_qsh_interface with sensor_id 28 , conn_type 2 
07-29 14:18:09.131  6245  6245 D BatteryUsageBroadcastReceiver: fetch data because of event: ACTION_BATTERY_LEVEL_CHANGED
07-29 14:18:09.132  3452  4474 D HalDevMgr: updateRttController: no one is interested in RTT controllers
07-29 14:18:09.132  3452  4474 E HalDevMgr: removeP2pAndSapCombination do nothing: mIsAddedP2pAndSapCombination = false
07-29 14:18:09.132  1870  8372 W android.hardware.wifi-service: AIBinder_linkToDeath is being called with a non-null cookie and no onUnlink callback set. This might not be intended. AIBinder_DeathRecipient_setOnUnlinked should be called first.
07-29 14:18:09.132  1870  8372 I android.hardware.wifi-service: twtRegisterEvents is not supported-3
07-29 14:18:09.132  4846  4846 D RowAnimatorExtImpl: init:tx,view:StatusBarIconView(slot='volume' alpha=1.0 icon=StatusBarIcon(icon=Icon(typ=RESOURCE pkg=com.android.systemui id=0x7f0818f0) visible user=0 ) visibleState=ICON iconColor=#ccffffff staticDrawableColor=#ccffffff decorColor=#ffffffff animationStartColor=#0 currentSetColor=#ccffffff notification=null),translationX:  9.0  0.0  
07-29 14:18:09.132  6245  6245 D BatteryUsageBroadcastReceiver: cancel sendBroadcastToFetchUsageData when broadcastDelay is 2339993ms.
07-29 14:18:09.132  4846  4846 D RowAnimatorExtImpl: init:tx,view:StatusBarIconView(slot='zen' alpha=1.0 icon=StatusBarIcon(icon=Icon(typ=RESOURCE pkg=com.android.systemui id=0x7f0818e1) visible user=0 ) visibleState=ICON iconColor=#ccffffff staticDrawableColor=#ccffffff decorColor=#ffffffff animationStartColor=#0 currentSetColor=#ccffffff notification=null),translationX:  57.0  48.0  
07-29 14:18:09.132  1840  1976 E minksocket: MinkIPC ERROR: ( 1840:1976 ) MinkIPC_preProcess:272 Client down, but cannot find corresponding minksession
07-29 14:18:09.133  4846  4846 D RowAnimatorExtImpl: init:tx,view:StatusBarIconView(slot='volume' alpha=1.0 icon=StatusBarIcon(icon=Icon(typ=RESOURCE pkg=com.android.systemui id=0x7f0818f0) visible user=0 ) visibleState=ICON iconColor=#ccffffff staticDrawableColor=#ccffffff decorColor=#ffffffff animationStartColor=#0 currentSetColor=#ccffffff notification=null),translationX:  9.0  0.0  
07-29 14:18:09.133  4846  4846 D RowAnimatorExtImpl: init:tx,view:StatusBarIconView(slot='zen' alpha=1.0 icon=StatusBarIcon(icon=Icon(typ=RESOURCE pkg=com.android.systemui id=0x7f0818e1) visible user=0 ) visibleState=ICON iconColor=#ccffffff staticDrawableColor=#ccffffff decorColor=#ffffffff animationStartColor=#0 currentSetColor=#ccffffff notification=null),translationX:  57.0  48.0  
07-29 14:18:09.133  1840  1976 E minksocket: MinkIPC ERROR: ( 1840:1976 ) MinkIPC_preProcess:272 Client down, but cannot find corresponding minksession
07-29 14:18:09.133  1840  1964 E minksocket: MinkIPC ERROR: ( 1840:1964 ) MinkIPC_preProcess:272 Client down, but cannot find corresponding minksession
07-29 14:18:09.133  1840  1964 E minksocket: MinkIPC ERROR: ( 1840:1964 ) MinkIPC_preProcess:272 Client down, but cannot find corresponding minksession
07-29 14:18:09.133  1870  8372 W android.hardware.wifi-service: AIBinder_linkToDeath is being called with a non-null cookie and no onUnlink callback set. This might not be intended. AIBinder_DeathRecipient_setOnUnlinked should be called first.
07-29 14:18:09.133  1840  1976 E minksocket: MinkIPC ERROR: ( 1840:1976 ) MinkIPC_preProcess:272 Client down, but cannot find corresponding minksession
07-29 14:18:09.133  4846  4846 D RowAnimatorExtImpl: init:tx,view:StatusBarIconView(slot='volume' alpha=1.0 icon=StatusBarIcon(icon=Icon(typ=RESOURCE pkg=com.android.systemui id=0x7f0818f0) visible user=0 ) visibleState=ICON iconColor=#ccffffff staticDrawableColor=#ccffffff decorColor=#ffffffff animationStartColor=#0 currentSetColor=#ccffffff notification=null),translationX:  9.0  0.0  
07-29 14:18:09.133  4846  4846 D RowAnimatorExtImpl: init:tx,view:StatusBarIconView(slot='zen' alpha=1.0 icon=StatusBarIcon(icon=Icon(typ=RESOURCE pkg=com.android.systemui id=0x7f0818e1) visible user=0 ) visibleState=ICON iconColor=#ccffffff staticDrawableColor=#ccffffff decorColor=#ffffffff animationStartColor=#0 currentSetColor=#ccffffff notification=null),translationX:  57.0  48.0  
07-29 14:18:09.133  1870  8372 D WifiHAL : wifi_get_chip_capabilities: max mlo assoc link cnt: 2 str link cnt 2
07-29 14:18:09.133  1863  1863 I sensors-hal: qsh_qmi:34, qsh_qmi
07-29 14:18:09.133  1863  1863 I sensors-hal: send_sync_sensor_request:443, send sync request
07-29 14:18:09.133  1863  1863 I sensors-hal: send_sync_sensor_request:472, wait for notification of response
07-29 14:18:09.133  1840  1976 E minksocket: MinkIPC ERROR: ( 1840:1976 ) MinkIPC_preProcess:272 Client down, but cannot find corresponding minksession
07-29 14:18:09.133  1840  1964 E minksocket: MinkIPC ERROR: ( 1840:1964 ) MinkIPC_preProcess:272 Client down, but cannot find corresponding minksession
07-29 14:18:09.133  1840  1964 E minksocket: MinkIPC ERROR: ( 1840:1964 ) MinkIPC_preProcess:272 Client down, but cannot find corresponding minksession
07-29 14:18:09.134  3452  4474 D WifiNl80211Manager: Setting up interface for client mode: wlan0
07-29 14:18:09.134  2776  2776 I wificond: Current driver country code US
07-29 14:18:09.134  2776  2776 I wificond: createClientInterface: wiphy_index 0 iface_name wlan0
07-29 14:18:09.134  3452  6054 D WifiNl80211Manager: OnRegDomainChanged US
07-29 14:18:09.134  3452  6054 D WifiNative: onCountryCodeChanged: US
07-29 14:18:09.134  3452  6054 I WifiCountryCode: Receive onDriverCountryCodeChanged US
07-29 14:18:09.134  2776  2776 I wificond: create scanner for interface with index: 27
07-29 14:18:09.134  2776  2776 I wificond: subscribe scan result for interface with index: 27
07-29 14:18:09.134  3452  6054 D WifiScanRequestProxy: Sending scan available broadcast: true
07-29 14:18:09.135  1863 13074 I sensors-hal: qsh_conn_resp_cb:793, resp_value = 0 for elevator_detect 
07-29 14:18:09.135  1863  1863 I sensors-hal: send_sync_sensor_request:478, takes 1 ms to receive the response with 0
07-29 14:18:09.135  1863  1863 I sensors-hal: activate:131, qti.sensor.elevator_detect/1362 en=1 completed
07-29 14:18:09.135  3452  4480 I WifiScanningService: Received a request to enable scanning, UID = 1000
07-29 14:18:09.135  3452  5359 D SensorService: 0xb400006ff6a6d540 addFd fd=979
07-29 14:18:09.135  2776  2776 I wificond: add channel type 0 support at wiphy index: 0
07-29 14:18:09.135  2776  2776 I wificond: add channel type 1 support at wiphy index: 0
07-29 14:18:09.135  5021  6078 D ElevatorEvent: elevator:registerForElevatorDetect  , true mIsElevSensorReg = true
07-29 14:18:09.135  5021  6078 D SceneEvent: registerSensorMgr start
07-29 14:18:09.135  5021  6078 D SceneEvent: registerSensorMgr already start,return
07-29 14:18:09.135  3395  3932 D QmiVsClient: getNecData callback - enter
07-29 14:18:09.135  3452  4729 D ActivityManager: Async freezing 6245 com.android.settings
07-29 14:18:09.136  3452  6054 I WifiScanRequestProxy: Scanning is enabled
07-29 14:18:09.136  3452  6054 I WifiScanRequestProxy: Scanning for hidden networks is disabled
07-29 14:18:09.136  3452  4474 I WifiNative: Interface state changed on Iface:{Name=wlan0,Id=1,Type=STA_SCAN}, isUp=true
07-29 14:18:09.136  3452  5366 W SensorService: SensorEventConnection sensor handle=1362, package = t0.g enable
07-29 14:18:09.136  3452  5366 E SensorService: Required app t0.g, uid 1001, pid 5025
07-29 14:18:09.137  3452  5366 D SensorService: Calling batch handle==1362 flags=0rate=200000000 timeout== 0
07-29 14:18:09.137  3452  5366 D SensorService: SensorDevice::batch: ident=0xb4000070eaa95ec0, handle=0x00000552, flags=0, period_ns=200000000 timeout=0
07-29 14:18:09.137  3452  5366 D SensorService: Calling activate on 1362
07-29 14:18:09.137  3452  5366 D SensorService: SensorDevice::activate: ident=0xb4000070eaa95ec0, handle=0x00000552, enabled=1, count=2
07-29 14:18:09.137  3452  5366 D SensorService: enable index=1
07-29 14:18:09.137  3452  5366 D SensorService: info.numActiveClients() = 2, info.isActive = 1
07-29 14:18:09.137  3452  5366 D SensorService: activateHardware = 0
07-29 14:18:09.137  3452  5366 D SensorService: 0xb4000070eaa95ec0 addFd fd=1011
07-29 14:18:09.137  5025  5025 D NhsElevatorReceiver: elevator:registerForElevatorDetect  , true mIsElevSensorReg = true
07-29 14:18:09.137  5025  5025 D NhsSceneReceiver: registerSensorMgr start
07-29 14:18:09.137  5025  5025 V SystemSensorManagerExtImpl: RegisterListener oplus_activity_recognition  Wakeup type:33171037 delay:200000us by t0.k$a@220dc8 from com.oplus.nhs
07-29 14:18:09.137  3452  5366 D SensorService: createSensorEventConnection packageName = t0.k, opPackageName = com.oplus.nhs, mCurrentOperatingMode = 0, requestedMode = 0
07-29 14:18:09.137  1870  8372 I WifiHAL : mpdu_size_threshold : 128, aggressive_statistics_gathering : 0
07-29 14:18:09.137  3452  4474 I WifiNative: Successfully setup Iface:{Name=wlan0,Id=1,Type=STA_SCAN}
07-29 14:18:09.137  3452  4474 E SupplicantStaIfaceHalAidlImpl: Can't call getKeyMgmtCapabilities, ISupplicantStaIface is null for iface=wlan0
07-29 14:18:09.137  3452  3452 D OplusWifiBroadCastDispatcher: mBroadcastReceiver: onReceiver  action=android.net.wifi.action.WIFI_SCAN_AVAILABILITY_CHANGED
07-29 14:18:09.137  3395  3431 D VsProxy : handleMessage msg is 4001
07-29 14:18:09.137  3395  3431 D RadioProxy: getNecData : response cb for instance 0
07-29 14:18:09.138  3452  4595 D OplusWifiPower_ConnLpmEventObsever: onReceive EXTRA_SCAN_AVAILABLE availabe = true
07-29 14:18:09.138  3452  4595 D OplusWifiPowerService: onReceive action:android.net.wifi.action.WIFI_SCAN_AVAILABILITY_CHANGED
07-29 14:18:09.138  3452  4595 D OplusWifiSwitchStateMonitor: scan settings change to true
07-29 14:18:09.138  7048  7048 I OsAgent : onReceive: android.net.wifi.action.WIFI_SCAN_AVAILABILITY_CHANGED
07-29 14:18:09.138  5214  6359 D RadioProxyJ: [PHONE0][99]< getNecDataResponse ******
07-29 14:18:09.138  5214  5214 D MessengerResponseHandler: handleMessage Response msgid 206
07-29 14:18:09.139  3452  6054 W SensorService: SensorEventConnection sensor handle=1372, package = t0.k enable
07-29 14:18:09.139  3452  6054 E SensorService: Required app t0.k, uid 1001, pid 5025
07-29 14:18:09.139  3452  6054 D SensorService: enable sensor send lastEvent 1372
07-29 14:18:09.139  7048  7996 I OsAgent : updateWiFiScanAvailState, scanAvailable: true
07-29 14:18:09.139  3452  6054 D SensorService: Calling batch handle==1372 flags=0rate=200000000 timeout== 0
07-29 14:18:09.139  3452  6054 D SensorService: SensorDevice::batch: ident=0xb4000070379b4080, handle=0x0000055c, flags=0, period_ns=200000000 timeout=0
07-29 14:18:09.139  3452  6054 D SensorService: Calling activate on 1372
07-29 14:18:09.139  3452  6054 D SensorService: SensorDevice::activate: ident=0xb4000070379b4080, handle=0x0000055c, enabled=1, count=4
07-29 14:18:09.139  3452  6054 D SensorService: enable index=0
07-29 14:18:09.139  3452  6054 D SensorService: info.numActiveClients() = 4, info.isActive = 1
07-29 14:18:09.139  3452  6054 D SensorService: activateHardware = 0
07-29 14:18:09.139  3452  6054 D SensorService: 0xb4000070379b4080 addFd fd=1019
07-29 14:18:09.139  7048  7996 D OsAgentAidlClient: [bool_dataitem_update][1570] [HC] =>> [HS]
07-29 14:18:09.139  5025  5025 D NhsSceneReceiver: sensor name is oplus_activity_recognition  Wakeup, registerState:true
07-29 14:18:09.139  1870  8372 I WifiHAL : wifi_get_supported_radio_combinations_matrix: enter
07-29 14:18:09.139  5025  5025 D NhsSceneReceiver: onAccuracyChanged
07-29 14:18:09.139  1870  8372 I WifiHAL : wifi_parse_radio_combinations_matrix: radio_combinations[1]: num_radio_configurations 1
07-29 14:18:09.139  1870  8372 I WifiHAL : wifi_parse_radio_combinations_matrix: radio_combinations[2]: num_radio_configurations 1
07-29 14:18:09.139  1870  8372 I WifiHAL : wifi_parse_radio_combinations_matrix: radio_combinations[3]: num_radio_configurations 1
07-29 14:18:09.139  1870  8372 I WifiHAL : wifi_parse_radio_combinations_matrix: radio_combinations[4]: num_radio_configurations 2
07-29 14:18:09.139  1870  8372 I WifiHAL : wifi_parse_radio_combinations_matrix: radio_combinations[5]: num_radio_configurations 2
07-29 14:18:09.139  1870  8372 I WifiHAL : wifi_parse_radio_combinations_matrix: radio_combinations[6]: num_radio_configurations 2
07-29 14:18:09.139  1870  8372 I WifiHAL : wifi_parse_radio_combinations_matrix: num_radio_combinations 6, radio_matrix_size 100
07-29 14:18:09.140  3452  4474 E SupplicantStaIfaceHalAidlImpl: Can't call getWpaDriverCapabilities, ISupplicantStaIface is null for iface=wlan0
07-29 14:18:09.140  5025  5523 D NhsSceneReceiver: onSensorChanged: name = oplus_activity_recognition  Wakeup
07-29 14:18:09.140  5025  5523 D NhsSceneReceiver: enter still_state
07-29 14:18:09.140  5025  5025 E NhsAppRILMsger: EVENT_REQ_EVENT_DONE Error received :com.android.internal.telephony.CommandException: RADIO_NOT_AVAILABLE
07-29 14:18:09.140  3452  4474 E WifiStaIfaceAidlImpl: getTwtCapabilities failed with service-specific exception: android.os.ServiceSpecificException:  (code 4)
07-29 14:18:09.140  3452  4474 E WifiChipAidlImpl: enableStaChannelForPeerNetwork failed with service-specific exception: android.os.ServiceSpecificException:  (code 4)
07-29 14:18:09.140  3452  4474 D WifiNative: setWifiNativeInterfaceEventCallback
07-29 14:18:09.140  3452  4474 D WifiClientModeManager[59996:wlan0]: entering StartedState
07-29 14:18:09.140  1870  1870 E WifiHAL : wifi_get_gscan_capabilities: GSCAN is not supported by driver
07-29 14:18:09.140  3452  4480 E WifiStaIfaceAidlImpl: getBackgroundScanCapabilities failed with service-specific exception: android.os.ServiceSpecificException:  (code 4)
07-29 14:18:09.141  3452  4474 D WifiClientModeManager[59996:wlan0]: entering ScanOnlyModeState
07-29 14:18:09.141  3452  4474 D WifiScanRequestProxy: Sending scan available broadcast: true
07-29 14:18:09.141  3452  4474 I WifiScanRequestProxy: Scanning is enabled
07-29 14:18:09.141  3452  4474 I WifiScanRequestProxy: Scanning for hidden networks is disabled
07-29 14:18:09.141  1870  8372 D WifiHAL : wifi_multi_sta_set_use_case: 0
07-29 14:18:09.141  1853  1893 I LocSvc_SystemStatusOsObserver: sendCachedDataItems:471] DataItem: IS_WIFI_HARDWARE_ON: true >> Wiper
07-29 14:18:09.141  3452  4474 D WifiCountryCode: evaluateAllCmmStateAndApplyIfAllReady: {ConcreteClientModeManager{id=59996 iface=wlan0 role=ROLE_CLIENT_SCAN_ONLY}=true}
07-29 14:18:09.141  3452  4474 D WifiCountryCode: Reading country code from telephony
07-29 14:18:09.142  3452  4474 D WifiCountryCode: Set telephony country code to: 
07-29 14:18:09.142  3452  4474 D WifiCountryCode: updateCountryCode to US
07-29 14:18:09.142  3452  4474 D WifiCountryCode: setCountryCodeNative: US, isClientModeOnly: true mDriverCountryCode: US
07-29 14:18:09.142  1853  1909 I LocSvc_api_v02: ---> locClientSendReq line 2409 QMI_LOC_NOTIFY_WIFI_ENABLED_STATUS_REQ_V02
07-29 14:18:09.142  3452  3452 D OplusWifiBroadCastDispatcher: mBroadcastReceiver: onReceiver  action=android.net.wifi.action.WIFI_SCAN_AVAILABILITY_CHANGED
07-29 14:18:09.142  3452  4595 D OplusWifiPower_ConnLpmEventObsever: onReceive EXTRA_SCAN_AVAILABLE availabe = true
07-29 14:18:09.142  3452  4595 D OplusWifiPowerService: onReceive action:android.net.wifi.action.WIFI_SCAN_AVAILABILITY_CHANGED
07-29 14:18:09.142  3452  4595 D OplusWifiSwitchStateMonitor: scan settings change to true
07-29 14:18:09.142  7048  7048 I OsAgent : onReceive: android.net.wifi.action.WIFI_SCAN_AVAILABILITY_CHANGED
07-29 14:18:09.143  7048  7996 I OsAgent : updateWiFiScanAvailState, scanAvailable: true
07-29 14:18:09.143  3452  4480 I WifiScanningService: Created a new impl for wlan0
07-29 14:18:09.143  3452  4480 I WifiScanningService: Received a request to enable scanning, UID = 1000
07-29 14:18:09.143  3452  4480 I WifiScanningService: scanner impls already exists
07-29 14:18:09.143  3452  4480 I WifiScanningService: wifi driver loaded with scan capabilities: max buckets=16
07-29 14:18:09.143  3452  4480 E WifiScanningService: wifi driver loaded received while already loaded
07-29 14:18:09.145  3452  6054 W BestClock: java.time.DateTimeException: Missing network time fix
07-29 14:18:09.146  1737  4858 E TetherController: property_get sys.radio.data.modem_share_flag return 0, 1!
07-29 14:18:09.147  3452  6054 W BestClock: java.time.DateTimeException: Missing network time fix
07-29 14:18:09.147  3452  6054 W BestClock: java.time.DateTimeException: Missing network time fix
07-29 14:18:09.148  5021  6075 W BestClock: java.time.DateTimeException: Missing network time fix
07-29 14:18:09.148  5021  6075 V MonthTrafficAlert: getWarningNotification subId:1 numWarningNotificaion:0
07-29 14:18:09.149  1853  4026 I LocSvc_ApiV02: <--- globalRespCb line 282 QMI_LOC_NOTIFY_WIFI_ENABLED_STATUS_REQ_V02
07-29 14:18:09.150  3452  5366 W BestClock: java.time.DateTimeException: Missing network time fix
07-29 14:18:09.151  4846  5857 V OplusCustomizeCacheManager: queryCache name: sys.cache.common_customize_cache18014 param: null
07-29 14:18:09.151  4846  5857 V OplusCustomizeCacheManager: queryCache name: sys.cache.common_customize_cache18017 param: Bundle[{SETTING=BLOCK, BUSINESS=NCT-DATA}]
07-29 14:18:09.151  4846  5857 V OplusCustomizeCacheManager: queryCache name: sys.cache.common_customize_cache18013 param: null
07-29 14:18:09.153  3452  5366 W BestClock: java.time.DateTimeException: Missing network time fix
07-29 14:18:09.154  3452  6054 W BestClock: java.time.DateTimeException: Missing network time fix
07-29 14:18:09.154  4846  5857 V OplusCustomizeCacheManager: queryCache name: sys.cache.common_customize_cache18014 param: null
07-29 14:18:09.154  4846  5857 V OplusCustomizeCacheManager: queryCache name: sys.cache.common_customize_cache18017 param: Bundle[{SETTING=BLOCK, BUSINESS=NCT-DATA}]
07-29 14:18:09.154  4846  5857 V OplusCustomizeCacheManager: queryCache name: sys.cache.common_customize_cache18013 param: null
07-29 14:18:09.155  1863  6433 I sensors-hal: qsh_conn_event_cb:756, event[0] msg_id=1025, ts=1234604976, sensor_type = oplus_activity_recognition  Wakeup
07-29 14:18:09.155  1863  6433 E sensors-hal: handle_sns_std_sensor_event:72, oplus_activity_recognition output: count: 1.000000, index: 1.000000, incar_state: 0.000000, actvity_mode: 3.000000, delta_time: 0.000000 !
07-29 14:18:09.156  5025  5523 D NhsSceneReceiver: onSensorChanged: name = oplus_activity_recognition  Wakeup
07-29 14:18:09.157  5021  5630 D SceneEvent: onSensorChanged: name = oplus_activity_recognition  Wakeup
07-29 14:18:09.157  3452  5366 W BestClock: java.time.DateTimeException: Missing network time fix
07-29 14:18:09.159  6370  6370 I wpa_supplicant: p2p0: CTRL-EVENT-REGDOM-CHANGE init=DRIVER type=COUNTRY alpha2=US
07-29 14:18:09.159  3452  6054 W BestClock: java.time.DateTimeException: Missing network time fix
07-29 14:18:09.159  2776  2776 I wificond: Regulatory domain changed to country: US on wiphy_index: 0
07-29 14:18:09.159  2776  2776 I wificond: UpdateBandInfo
07-29 14:18:09.159  3452  6054 D WifiNl80211Manager: OnRegDomainChanged US
07-29 14:18:09.159  3452  6054 D WifiNative: onCountryCodeChanged: US
07-29 14:18:09.159  3452  6054 I WifiCountryCode: Receive onDriverCountryCodeChanged US
07-29 14:18:09.159  3452  6054 D WifiScanRequestProxy: Sending scan available broadcast: true
07-29 14:18:09.159  3452  6054 I WifiScanRequestProxy: Scanning is enabled
07-29 14:18:09.159  3452  6054 I WifiScanRequestProxy: Scanning for hidden networks is disabled
07-29 14:18:09.159  3452  4480 I WifiScanningService: Received a request to enable scanning, UID = 1000
07-29 14:18:09.159  3452  4480 I WifiScanningService: scanner impls already exists
07-29 14:18:09.159  3452  4480 E WifiScanningService: wifi driver loaded received while already loaded
07-29 14:18:09.159  3452  3452 D OplusWifiBroadCastDispatcher: mBroadcastReceiver: onReceiver  action=android.net.wifi.action.WIFI_SCAN_AVAILABILITY_CHANGED
07-29 14:18:09.160  7048  7048 I OsAgent : onReceive: android.net.wifi.action.WIFI_SCAN_AVAILABILITY_CHANGED
07-29 14:18:09.160  7048  7996 I OsAgent : updateWiFiScanAvailState, scanAvailable: true
07-29 14:18:09.160  5143  6226 D IWlanJni: getDataRegistrationState start
07-29 14:18:09.160  3452  4595 D OplusWifiPower_ConnLpmEventObsever: onReceive EXTRA_SCAN_AVAILABLE availabe = true
07-29 14:18:09.160  3452  4595 D OplusWifiPowerService: onReceive action:android.net.wifi.action.WIFI_SCAN_AVAILABILITY_CHANGED
07-29 14:18:09.160  3452  4595 D OplusWifiSwitchStateMonitor: scan settings change to true
07-29 14:18:09.160  4846  5857 V OplusCustomizeCacheManager: queryCache name: sys.cache.common_customize_cache18014 param: null
07-29 14:18:09.160  4846  5857 V OplusCustomizeCacheManager: queryCache name: sys.cache.common_customize_cache18017 param: Bundle[{SETTING=BLOCK, BUSINESS=NCT-DATA}]
07-29 14:18:09.160  4846  5857 V OplusCustomizeCacheManager: queryCache name: sys.cache.common_customize_cache18013 param: null
07-29 14:18:09.160  5143  6237 D IWlanJni: new aidl event arrived
07-29 14:18:09.160  5143  6237 D IWlanJni: handleEvent 10
07-29 14:18:09.160  5143  6237 D IWlanJni: isThreadAttached start
07-29 14:18:09.160  5143  6237 D IWlanJni: jni detached
07-29 14:18:09.161  5143  6237 D IWlanJni: jni attached
07-29 14:18:09.161  5143  6237 D IWlanJni: getDataRegistrationStateResponse start
07-29 14:18:09.161  5143  6237 D IWlanJni: getJavaCallbackClass start
07-29 14:18:09.161  5143  6237 D IWlanJni: getJavaCallbackClass End midIs[1]
07-29 14:18:09.161  5143  6237 I IWlanAidlClient: getDataRegistrationStateResponse called
07-29 14:18:09.161  5143  6236 W IWlanNetworkService: 6 > Response Processed
07-29 14:18:09.162  2776  2776 I wificond: 2.4Ghz frequencies: 2412 2417 2422 2427 2432 2437 2442 2447 2452 2457 2462
07-29 14:18:09.162  2776  2776 I wificond: 5Ghz non-DFS frequencies: 5180 5200 5220 5240 5745 5765 5785 5805 5825
07-29 14:18:09.162  2776  2776 I wificond: 5Ghz DFS frequencies: 5260 5280 5300 5320 5500 5520 5540 5560 5580 5600 5620 5640 5660 5680 5700
07-29 14:18:09.162  2776  2776 I wificond: 6Ghz frequencies:
07-29 14:18:09.162  2776  2776 I wificond: 60Ghz frequencies:
07-29 14:18:09.165  5143  6226 D IWlanJni: getDataRegistrationState start
07-29 14:18:09.165  5143  6232 D IWlanJni: new aidl event arrived
07-29 14:18:09.165  5143  6232 D IWlanJni: handleEvent 10
07-29 14:18:09.165  5143  6232 D IWlanJni: isThreadAttached start
07-29 14:18:09.165  5143  6232 D IWlanJni: jni detached
07-29 14:18:09.165  5143  6232 D IWlanJni: jni attached
07-29 14:18:09.165  5143  6232 D IWlanJni: getDataRegistrationStateResponse start
07-29 14:18:09.165  5143  6232 D IWlanJni: getJavaCallbackClass start
07-29 14:18:09.165  5143  6232 D IWlanJni: getJavaCallbackClass End midIs[1]
07-29 14:18:09.165  5143  6232 I IWlanAidlClient: getDataRegistrationStateResponse called
07-29 14:18:09.166  5143  6231 W IWlanNetworkService: 7 > Response Processed
07-29 14:18:09.167  1853  3773 E LOCRIL_SESSION: operator():200] SubId: 1 Failed to get sim IO with error: 11
07-29 14:18:09.167  1924  4418 I Dpps    : LtmSwState::SetParameter():144 ignore cmd 7 in state LtmOffState
07-29 14:18:09.168  4941  4941 D OplusTelephonyController: onSignalStrengthChanged: SignalStrength=SignalStrength:{mCdma=CellSignalStrengthCdma: cdmaDbm=2147483647 cdmaEcio=2147483647 evdoDbm=2147483647 evdoEcio=2147483647 evdoSnr=2147483647 level=0,mGsm=CellSignalStrengthGsm: rssi=2147483647 ber=2147483647 mTa=2147483647 mLevel=0,mWcdma=CellSignalStrengthWcdma: ss=2147483647 ber=2147483647 rscp=2147483647 ecno=2147483647 level=0,mTdscdma=CellSignalStrengthTdscdma: rssi=2147483647 ber=2147483647 rscp=2147483647 level=0,mLte=CellSignalStrengthLte: rssi=2147483647 rsrp=2147483647 rsrq=2147483647 rssnr=2147483647 cqiTableIndex=2147483647 cqi=2147483647 ta=2147483647 level=0 parametersUseForLevel=0,mNr=CellSignalStrengthNr:{ csiRsrp = 2147483647 csiRsrq = 2147483647 csiCqiTableIndex = 2147483647 csiCqiReport = [] ssRsrp = 2147483647 ssRsrq = 2147483647 ssSinr = 2147483647 level = 0 parametersUseForLevel = 0 timingAdvance = 2147483647 },primary=CellSignalStrengthLte}
07-29 14:18:09.168  3452  5366 I OplusBinderProxy: pb uid: 10215 pid: 10731 desc: com.android.internal.telephony.IPhoneStateListener/10
07-29 14:18:09.168  5021  5105 D SaDataService: onTelephonyEventReport , subId= 0,slotId=-1 eventId=6030
07-29 14:18:09.168  5021  5105 D TelephonyImpl: notify eventId:6030 for list size:2
07-29 14:18:09.168  5214  5214 D SubsysEventListenerManager-SubsysTelephonyCallback[0]: onSignalStrengthsChanged
07-29 14:18:09.168  1853  3773 E LOCRIL_SESSION: operator():241] SubId: 1 Failed to get sim IMSI with error: 11
07-29 14:18:09.169  5214  6408 D VendorTelephonyService: onTelephonyEventReport slotId =0 eventId=6030
07-29 14:18:09.169  5214  6408 D VendorTelephonyService: onTelephonyEventReport slotId =0 eventId=6030
07-29 14:18:09.169  5214  5214 D VendorCallService: notityEventUpdate, eventId:6030, slotId = 0
07-29 14:18:09.171  1853  3773 E LOCRIL_SESSION: operator():200] SubId: 1 Failed to get sim IO with error: 11
07-29 14:18:09.171  1853  3773 E LOCRIL_SESSION: operator():241] SubId: 1 Failed to get sim IMSI with error: 11
07-29 14:18:09.172  5143  6226 D IWlanJni: getDataRegistrationState start
07-29 14:18:09.173  5143  6232 D IWlanJni: new aidl event arrived
07-29 14:18:09.173  5143  6232 D IWlanJni: handleEvent 10
07-29 14:18:09.173  5143  6232 D IWlanJni: isThreadAttached start
07-29 14:18:09.173  5143  6232 D IWlanJni: jni detached
07-29 14:18:09.173  5143  6232 D IWlanJni: jni attached
07-29 14:18:09.173  5143  6232 D IWlanJni: getDataRegistrationStateResponse start
07-29 14:18:09.173  5143  6232 D IWlanJni: getJavaCallbackClass start
07-29 14:18:09.173  5143  6232 D IWlanJni: getJavaCallbackClass End midIs[1]
07-29 14:18:09.173  5143  6232 I IWlanAidlClient: getDataRegistrationStateResponse called
07-29 14:18:09.173  5143  6231 W IWlanNetworkService: 8 > Response Processed
07-29 14:18:09.173  5143  6226 D IWlanJni: getDataRegistrationState start
07-29 14:18:09.174  5214  6408 D VendorTelephonyService: onTelephonyEventReport slotId =0 eventId=6030
07-29 14:18:09.174  5021  6369 D SaDataService: onTelephonyEventReport , subId= 0,slotId=-1 eventId=6030
07-29 14:18:09.174  5021  6369 D TelephonyImpl: notify eventId:6030 for list size:2
07-29 14:18:09.174  5214  6408 D VendorTelephonyService: onTelephonyEventReport slotId =0 eventId=6030
07-29 14:18:09.174  5214  5214 D VendorCallService: notityEventUpdate, eventId:6030, slotId = 0
07-29 14:18:09.174  1853  3771 W LOCRIL_SESSION: operator():307] cellInfo list size is 0, Voice state: 3, data state: 3
07-29 14:18:09.175  5013  5714 D QtiOemHookAidl: oemHookRawIndication length=24
07-29 14:18:09.175  5013  5046 D QtiOemHookAidl: oemHookRawIndication length=24
07-29 14:18:09.175  5013  5013 D QcrilMsgTunnelIfaceManager: handleMessage what = 0
07-29 14:18:09.175  3452  6054 W BestClock: java.time.DateTimeException: Missing network time fix
07-29 14:18:09.177  5119  5136 I QImsService: ImsRadioIndicationAidl : onRadioStateChanged()[SUB1]
07-29 14:18:09.177  5119  5136 I QImsService: ImsSenderRxr : [UNSL]< UNSOL_RADIO_STATE_CHANGED RADIO_ON[SUB1]
07-29 14:18:09.177  5013  5013 D QcrilMsgTunnelIfaceManager: handleMessage what = 0
07-29 14:18:09.177  5119  6154 I QImsService: ImsRadioIndicationAidl : onRadioStateChanged()[SUB0]
07-29 14:18:09.178  5119  6154 I QImsService: ImsSenderRxr : [UNSL]< UNSOL_RADIO_STATE_CHANGED RADIO_ON[SUB0]
07-29 14:18:09.178  3452  4196 W BestClock: java.time.DateTimeException: Missing network time fix
07-29 14:18:09.179  5143  6237 D IWlanJni: new aidl event arrived
07-29 14:18:09.179  5143  6237 D IWlanJni: handleEvent 10
07-29 14:18:09.179  5143  6237 D IWlanJni: isThreadAttached start
07-29 14:18:09.179  5143  6237 D IWlanJni: jni detached
07-29 14:18:09.179  5143  6237 D IWlanJni: jni attached
07-29 14:18:09.179  5143  6237 D IWlanJni: getDataRegistrationStateResponse start
07-29 14:18:09.179  5143  6237 D IWlanJni: getJavaCallbackClass start
07-29 14:18:09.179  5143  6237 D IWlanJni: getJavaCallbackClass End midIs[1]
07-29 14:18:09.179  5143  6237 I IWlanAidlClient: getDataRegistrationStateResponse called
07-29 14:18:09.179  4846  5857 V OplusCustomizeCacheManager: queryCache name: sys.cache.common_customize_cache18014 param: null
07-29 14:18:09.179  4846  5857 V OplusCustomizeCacheManager: queryCache name: sys.cache.common_customize_cache18017 param: Bundle[{SETTING=BLOCK, BUSINESS=NCT-DATA}]
07-29 14:18:09.179  4846  5857 V OplusCustomizeCacheManager: queryCache name: sys.cache.common_customize_cache18013 param: null
07-29 14:18:09.179  5143  6236 W IWlanNetworkService: 9 > Response Processed
07-29 14:18:09.181  2017  2017 E PowerMonitorService: Failed to open /proc/horae_qmi (2): No such file or directory
07-29 14:18:09.181  1853  3773 E LOCRIL_SESSION: operator():200] SubId: 1 Failed to get sim IO with error: 11
07-29 14:18:09.181  5013  5013 D QC_RIL_OEM_HOOK: Received Broadcast Intent ACTION_UNSOL_RESPONSE_OEM_HOOK_RAW
07-29 14:18:09.181  1853  3773 E LOCRIL_SESSION: operator():241] SubId: 1 Failed to get sim IMSI with error: 11
07-29 14:18:09.182  5013  5013 D DeviceStatisticsService: onReceive: action= org.codeaurora.intent.action.RADIO_POWER_STATE
07-29 14:18:09.182  5013  5013 I DeviceStatisticsService: Receiving radio_power_state_changed, mIsDeviceInfoInitialized = true
07-29 14:18:09.182  5013  5013 I DeviceStatisticsService: radio power state changed to 1 for slot: 1
07-29 14:18:09.182  5013  5013 D QC_RIL_OEM_HOOK: Received Broadcast Intent ACTION_UNSOL_RESPONSE_OEM_HOOK_RAW
07-29 14:18:09.182  1853  3771 W LOCRIL_SESSION: operator():307] cellInfo list size is 0, Voice state: 3, data state: 3
07-29 14:18:09.183  5214  6408 D VendorTelephonyService: onTelephonyEventReport slotId =0 eventId=6030
07-29 14:18:09.183  5214  6408 D VendorTelephonyService: onTelephonyEventReport slotId =0 eventId=6030
07-29 14:18:09.183  5021  5105 D SaDataService: onTelephonyEventReport , subId= 0,slotId=-1 eventId=6030
07-29 14:18:09.183  5214  5214 D VendorCallService: notityEventUpdate, eventId:6030, slotId = 0
07-29 14:18:09.183  5021  5105 D TelephonyImpl: notify eventId:6030 for list size:2
07-29 14:18:09.183  5143  6226 D IWlanJni: getDataRegistrationState start
07-29 14:18:09.184  5143  6237 D IWlanJni: new aidl event arrived
07-29 14:18:09.184  5143  6237 D IWlanJni: handleEvent 10
07-29 14:18:09.184  5143  6237 D IWlanJni: isThreadAttached start
07-29 14:18:09.184  5143  6237 D IWlanJni: jni detached
07-29 14:18:09.184  5143  6237 D IWlanJni: jni attached
07-29 14:18:09.184  5143  6237 D IWlanJni: getDataRegistrationStateResponse start
07-29 14:18:09.184  5143  6237 D IWlanJni: getJavaCallbackClass start
07-29 14:18:09.184  5143  6237 D IWlanJni: getJavaCallbackClass End midIs[1]
07-29 14:18:09.184  5143  6237 I IWlanAidlClient: getDataRegistrationStateResponse called
07-29 14:18:09.184  5143  6236 W IWlanNetworkService: 10 > Response Processed
07-29 14:18:09.187  4846  5146 I SystemUi--QuickSettings: Tile.OplusCellularTile-->updateCarrierText: dialog not showing, ignore
07-29 14:18:09.187  4846  5146 D SimStateHelper: slot:0, lock state:Bundle[mParcelledData.dataSize=56]
07-29 14:18:09.187  4846  5146 D SimStateHelper: slot:1, lock state:Bundle[mParcelledData.dataSize=56]
07-29 14:18:09.187  4846  5146 D SimStateHelper: needDisableMenu: slot1State=-1; slot2State=-1
07-29 14:18:09.187  4846  5146 D SimStateHelper: needDisableMenu:false
07-29 14:18:09.187  4941  4941 D ServiceStateProvider: subId=1
07-29 14:18:09.188  3452  4639 V SettingsProvider: deleteSystemSetting(OPLUS_SLA_LAST_MCC, 0)
07-29 14:18:09.188  3452  4639 D SettingsProvider: delete system settings OPLUS_****_MCC pkg is  android user id is 0
07-29 14:18:09.189  5119  5119 I QImsService: OplusPhoneStateTracker : onServiceStateChanged
07-29 14:18:09.189  3452  4639 W OplusSlaManager: updateMCC curMCC empty!
07-29 14:18:09.190  3452  5359 W ContextImpl: Calling a method in the system process without a qualified user: android.app.ContextImpl.sendBroadcastMultiplePermissions:1311 android.content.Context.sendBroadcastMultiplePermissions:2524 com.android.server.TelephonyRegistry.broadcastServiceStateChanged:3740 com.android.server.TelephonyRegistry.notifyServiceStateForPhoneId:1787 com.android.internal.telephony.ITelephonyRegistry$Stub.onTransact:546 
07-29 14:18:09.190  5021  6072 D T-Recommend: onPreHandleMessage 1000
07-29 14:18:09.190  5021  6072 E CellularEvent: nri null ps
07-29 14:18:09.190  5021  6072 E CellularEvent: invalid nri
07-29 14:18:09.190  5021  6072 D T-Recommend: onPostHandleMessage 1000
07-29 14:18:09.190  5214  5214 D SubsysEventListenerManager-SubsysTelephonyCallback[0]: onServiceStateChanged
07-29 14:18:09.190  5214  5214 D ChinaRoamingControl: registTelephonyEvent onServiceStateChanged eventId:5, VoiceRegState:1, DataRegState:1
07-29 14:18:09.190  5214  5214 D QuickChangeAirplaneModeEvent: onServiceStateChanged slotId:0
07-29 14:18:09.190  4846  5262 I SystemUi--Statusbar: MobileConnectionRepositoryImpl-->subId:1 isSoftSimCard:false slotId:0
07-29 14:18:09.190  5214  5214 D QuickChangeAirplaneModeEvent: isBothCardInService is false
07-29 14:18:09.190  5214  5214 D MsimSubModeManager: registTelephonyEvent onServiceStateChanged eventId:3, VoiceRegState:1, DataRegState:1
07-29 14:18:09.190  5214  5214 E ExtremeCommUtils: getSwitchRusSupportMcc invalid index 1
07-29 14:18:09.190  5214  5214 D ExtremeCommUtils: isSupporCheck rusContain:false,propContain(persist.sys.oplus.support_hyper_uplink_mcc):false
07-29 14:18:09.190  5214  5214 D ExtremeCommService: handleServiceStateChanged mcc is null
07-29 14:18:09.190  5214  5214 D ChinaRoamingControl: handleMessage what:5
07-29 14:18:09.190  3452  5359 W ContextImpl: Calling a method in the system process without a qualified user: android.app.ContextImpl.sendBroadcastMultiplePermissions:1344 com.android.server.TelephonyRegistry.broadcastServiceStateChanged:3745 com.android.server.TelephonyRegistry.notifyServiceStateForPhoneId:1787 com.android.internal.telephony.ITelephonyRegistry$Stub.onTransact:546 android.os.Binder.execTransactInternal:1523 
07-29 14:18:09.190  5214  5214 D SubsysEventListenerManager-SubsysTelephonyCallback[0]: onRadioPowerStateChanged state:1
07-29 14:18:09.190  5214  5214 D MsimSubModeManager: handleMessage what:3
07-29 14:18:09.190  5214  5214 D MsimSubModeManager: getMsimSimServiceIn() i:0,mServiceState:1
