07-28 20:48:51.132  4838  4838 I SystemUi--QuickSettings: Tile.OplusAirplaneModeTile-->clicked ------ state is :2 canTips :true
07-28 20:48:51.132  4838  5373 V OplusCustomizeCacheManager: queryCache name: sys.cache.common_customize_cache18026 param: null
07-28 20:48:51.132  4838  5373 V OplusCustomizeCacheManager: queryCache name: sys.cache.common_customize_cache18026 param: null
07-28 20:48:51.133  3498  4594 D OplusWifiSwitchStateMonitor: mWifiSettingsValue:0
07-28 20:48:51.133  3498  4594 D OplusWifiSwitchStateMonitor: notify scan state: true
07-28 20:48:51.133  1997  2004 E PerformanceService: [damon_reclaim] Failed to open wmarks_xxx, Linux version 6.6.30
07-28 20:48:51.134  4838  5898 I SystemUi--QuickSettings: Tile.OplusAirplaneModeTile-->handleUpdateState state.state: 2 value: 0
07-28 20:48:51.134  3498  3498 D OplusWifiBroadCastDispatcher: mBroadcastReceiver: onReceiver  action=android.intent.action.AIRPLANE_MODE
07-28 20:48:51.134  4838  5898 V OplusCustomizeCacheManager: queryCache name: sys.cache.common_customize_cache18026 param: null
07-28 20:48:51.134  5039  5039 W Settings: Setting airplane_mode_on has moved from android.provider.Settings.System to android.provider.Settings.Global, returning read-only value.
07-28 20:48:51.135  3498  4298 E PerformanceManager: setDamonReclaimWmarks succeed.
07-28 20:48:51.135  4914  4914 W Settings: Setting airplane_mode_on has moved from android.provider.Settings.System to android.provider.Settings.Global, returning read-only value.
07-28 20:48:51.135  4914  4914 W Settings: Setting airplane_mode_on has moved from android.provider.Settings.System to android.provider.Settings.Global, returning read-only value.
07-28 20:48:51.136  4914  4914 W Settings: Setting airplane_mode_on has moved from android.provider.Settings.System to android.provider.Settings.Global, returning read-only value.
07-28 20:48:51.136  4914  4914 W Settings: Setting airplane_mode_on has moved from android.provider.Settings.System to android.provider.Settings.Global, returning read-only value.
07-28 20:48:51.136  4914  4914 W Settings: Setting airplane_mode_on has moved from android.provider.Settings.System to android.provider.Settings.Global, returning read-only value.
07-28 20:48:51.136  5008  6396 I PCDR-common_no_service[0]: forbidden
07-28 20:48:51.136  5008  6396 I PCDR-common_no_45g[0]: forbidden
07-28 20:48:51.136  5008  6396 I PCDR-common_no_service[1]: forbidden
07-28 20:48:51.136  5008  6396 I PCDR-common_no_45g[1]: forbidden
07-28 20:48:51.136  5008  5815 D OplusLinkBoostMeeting: onAirplaneModeChange
07-28 20:48:51.136  5206  5206 D SubsysBroadcastManager: onReceive action:android.intent.action.AIRPLANE_MODE
07-28 20:48:51.136  4914  4914 D PhoneGlobals: ACTION_AIRPLANE_MODE_CHANGED received
07-28 20:48:51.136  4914  4914 D PhoneGlobals: Receive ACTION_AIRPLANE_MODE_CHANGED, state: false
07-28 20:48:51.136  4914  4914 I PhoneGlobals: handleAirplaneModeChange: isAirplaneNewlyOn=false
07-28 20:48:51.136  4914  4914 D PhoneGlobals: handleAirplaneModeChange: isAirplaneNewlyOn = false, cellState = 2
07-28 20:48:51.136  4914  4914 I PhoneGlobals: Turning radio on - airplane
07-28 20:48:51.137  5008  5826 D ElevatorEvent: enableElevatorDetect mIsElevSensorReg = false
07-28 20:48:51.137  5008  5816 D NAS-CallIssueDetector: notifyApmChanged
07-28 20:48:51.137  5008  5826 V SystemSensorManagerExtImpl: RegisterListener elevator_detect  Wakeup type:33171036 delay:200000us by com.oplus.nas.comm.event.ElevatorEvent$a@bcf5ff2 from com.oplus.nas
07-28 20:48:51.137  5206  5206 D NetworkService[0]: onAirPlaneModeChange isAirPlaneModeOn:false
07-28 20:48:51.137  5206  5206 D NetworkService[1]: onAirPlaneModeChange isAirPlaneModeOn:false
07-28 20:48:51.137  5206  5206 D QuickChangeAirplaneModeEvent: airplane mode off
07-28 20:48:51.137  5206  5206 W Settings: Setting airplane_mode_on has moved from android.provider.Settings.System to android.provider.Settings.Global, returning read-only value.
07-28 20:48:51.137  3498  4471 D WifiController: Airplane mode disabled, determine next state
07-28 20:48:51.137  3498  4471 D WifiActiveModeWarden: Starting primary ClientModeManager in scan only mode
07-28 20:48:51.138  3498  4471 D WifiController: DisabledState.exit()
07-28 20:48:51.138  3498  4471 D WifiController: EnabledState.enter()
07-28 20:48:51.138  3498  4471 D WifiClientModeManager[59926:unknown]: entering IdleState
07-28 20:48:51.138  3498  5271 D SensorService: createSensorEventConnection packageName = com.oplus.nas.comm.event.ElevatorEvent, opPackageName = com.oplus.nas, mCurrentOperatingMode = 0, requestedMode = 0
07-28 20:48:51.138  5047  7884 I txpwradmin:SettingsObserver: onChange for uri = content://settings/global/airplane_mode_on
07-28 20:48:51.138  5008  5805 D ResidenceLocSm: onPreHandleMessage 49
07-28 20:48:51.138  5008  5805 D ResidenceLocSm: onPostHandleMessage 49
07-28 20:48:51.138  3498  4593 D OplusWifiPower_ConnLpmEventObsever: AIRPLANE_MODE_ON:false
07-28 20:48:51.139  5008  5816 D NAS-CallIssueDetector: EVENT_SIM_STATE_CHANGE mSimState[0] LOADED
07-28 20:48:51.139  5008  5816 D SceneEvent: registerSensorMgr start
07-28 20:48:51.139  5047  7884 D txpwrJni: sendRadioStatus start
07-28 20:48:51.139  3498  4414 D BluetoothSystemServer: BluetoothRadioModeListener: Not sensitive to airplane_mode_radios change. Forced to false
07-28 20:48:51.139  4838  5898 V OplusCustomizeCacheManager: queryCache name: sys.cache.common_customize_cache11009 param: null
07-28 20:48:51.140  5086  5086 I QImsService: OplusWifiApmStateMgr : ACTION_AIRPLANE_MODE_CHANGED,mIsAirplaneModeOn: false
07-28 20:48:51.140  4838  4838 I SystemUi--Statusbar: OplusStatusBarSignalPolicy-->imsIcon: OplusIMSModel(shouldShowVolte=false, shouldShowVowifi=false, simInserted=true, noSim=false, shouldShowVodata=false, shouldShowVo5G=false, vowifiState=false), OplusIMSModel(shouldShowVolte=false, shouldShowVowifi=false, simInserted=false, noSim=true, shouldShowVodata=false, shouldShowVo5G=false, vowifiState=false), noSubs:false, airplaneMode:falsevisible: false ,wifiConnect:false , vowifiIcon:0 , voDataStatus:false, is5GNewCall:false
07-28 20:48:51.140  5086  5086 I QImsService: OplusImsServiceSubImpl : onTurnOffImsAfterWifiChanged : false
07-28 20:48:51.140  5086  5086 I QImsService: OplusImsServiceSubImpl : onTurnOffImsAfterWifiChanged : false
07-28 20:48:51.140  4838  4838 I SystemUi--Statusbar: OplusStatusBarSignalPolicy-->noSimIcon simState: SimStateModel(simInserted=[true, false], simForbidden=[false, true], simStateIMSI=[true, false], simLoaded=[true, false]), noSubs:false isAirplaneMode:false
07-28 20:48:51.140  5206  5206 D RadioMessenger: handleMessage Request msgid 2215
07-28 20:48:51.140  5039  5039 I HidlServiceManagement: Trying to get transport of vendor.oplus.hardware.appradio@1.0::IOplusAppRadio/oplus_app_slot1 without hwservicemanager
07-28 20:48:51.140  5039  5039 E NhsAppRIL/0: in getOplusRadioProxy getService: Exception: java.util.NoSuchElementException
07-28 20:48:51.140  3498  4471 I WifiHalAidlImpl: Obtained the IWifi binder. Local Version: 2
07-28 20:48:51.140  4838  4838 I SystemUi--Statusbar: OplusMobileIconViewModel-->isVisible subId:1 isAirplaneMode:false isAllowedDuringAirplaneMode:false isForceHidden:false isSatelliteForbid:false
07-28 20:48:51.140  4838  4838 I SystemUi--Statusbar: OplusStatusBarMobileViewBinder-->isVisible:true
07-28 20:48:51.140  4838  4838 I SystemUi--Statusbar: OplusStatusBarMobileViewBinder-->isVisible:true
07-28 20:48:51.140  4838  4838 I SystemUi--Statusbar: OplusStatusBarMobileViewBinder-->isVisible:true
07-28 20:48:51.140  4838  4838 I SystemUi--Statusbar: OplusStatusBarMobileViewBinder-->isVisible:true
07-28 20:48:51.140  4838  4838 I SystemUi--Statusbar: OplusStatusBarMobileViewBinder-->isVisible:true
07-28 20:48:51.141  3498  4899 W SensorService: SensorEventConnection sensor handle=1362, package = com.oplus.nas.comm.event.ElevatorEvent enable
07-28 20:48:51.141  3498  4899 E SensorService: Required app com.oplus.nas.comm.event.ElevatorEvent, uid 1000, pid 5008
07-28 20:48:51.141  3498  4899 D SensorService: Calling batch handle==1362 flags=0rate=200000000 timeout== 0
07-28 20:48:51.141  3498  4899 D SensorService: SensorDevice::batch: ident=0xb4000077d60c3700, handle=0x00000552, flags=0, period_ns=200000000 timeout=0
07-28 20:48:51.141  3498  4899 D SensorService: 	>>> actuating h/w BATCH 0x00000552 200000000 0
07-28 20:48:51.141  5039  5039 D NhsElevatorReceiver: enableElevatorDetect mIsElevSensorReg = false
07-28 20:48:51.141  1822  1822 I sensors-hal: batch:153, qti.sensor.elevator_detect/1362, period=200000000, max_latency=0
07-28 20:48:51.141  1822  1822 I sensors-hal: batch:175, qti.sensor.elevator_detect/1362, period=200000000, max_latency=0 request completed
07-28 20:48:51.141  5206  5206 D RadioProxyJ: [PHONE0][95]> getNecData moduleId:1 evtId:[0, 16, 0, 0, 0, 0, 0, 0, 0, 0, 0, 0, 0, 0, 0, 0, 0, 0, 0, 0, 0, 0, 0, 0, 0, 0, 0, 0, 0, 0, 0, 0]
07-28 20:48:51.141  5039  5039 V SystemSensorManagerExtImpl: RegisterListener elevator_detect  Wakeup type:33171036 delay:200000us by t0.g$b@c20eb8d from com.oplus.nhs
07-28 20:48:51.141  3498  5270 D SensorService: createSensorEventConnection packageName = t0.g, opPackageName = com.oplus.nhs, mCurrentOperatingMode = 0, requestedMode = 0
07-28 20:48:51.141  3498  4899 D SensorService: Calling activate on 1362
07-28 20:48:51.141  3498  4899 D SensorService: SensorDevice::activate: ident=0xb4000077d60c3700, handle=0x00000552, enabled=1, count=1
07-28 20:48:51.141  3498  4899 D SensorService: enable index=0
07-28 20:48:51.141  3498  4899 D SensorService: info.numActiveClients() = 1, info.isActive = 0
07-28 20:48:51.141  3498  4899 D SensorService: activateHardware = 1
07-28 20:48:51.141  3498  4899 D SensorService: 	>>> actuating h/w activate handle=1362 enabled=1
07-28 20:48:51.141  3428  3457 D QmiVsClient: getNecData - enter
07-28 20:48:51.141  3428  3457 E QmiVsClient: sendAsyncRequest QMI_VS_GET_NEC_DATA_REQ_MSG_V01 ret 0
07-28 20:48:51.142  7247  9189 I SettingImpl: isAirplaneModeToggleChecked switchValue: -1, airplane mode isChecked is false
07-28 20:48:51.143  1822  1822 I sensors-hal: activate:112, qti.sensor.elevator_detect/1362 en=1
07-28 20:48:51.143  1822  1822 I sensors-hal: acquire_qsh_interface:131, acquire_qsh_interface with sensor_id 28 , conn_type 2 
07-28 20:48:51.143  3498  4471 I WifiHalAidlImpl: Remote Version: 2
07-28 20:48:51.145  3498  4414 D BluetoothSystemServer: AirplaneModeListener: Ignore mode change to same state. previousMode=false, isOn=false, isOnOverrode=false, isMediaConnected=false
07-28 20:48:51.145  1799  1914 E minksocket: MinkIPC ERROR: ( 1799:1914 ) MinkIPC_preProcess:272 Client down, but cannot find corresponding minksession
07-28 20:48:51.146  1829  1829 E android.hardware.wifi-service: Failed to open directory: Permission denied
07-28 20:48:51.146  1829  1829 E android.hardware.wifi-service: Error occurred while deleting old tombstone files
07-28 20:48:51.146  1829  1829 E android.hardware.wifi-service: Error writing files to flash
07-28 20:48:51.146  1799  1894 E minksocket: MinkIPC ERROR: ( 1799:1894 ) MinkIPC_preProcess:272 Client down, but cannot find corresponding minksession
07-28 20:48:51.147  1799  1894 E minksocket: MinkIPC ERROR: ( 1799:1894 ) MinkIPC_preProcess:272 Client down, but cannot find corresponding minksession
07-28 20:48:51.147  1799  1914 E minksocket: MinkIPC ERROR: ( 1799:1914 ) MinkIPC_preProcess:272 Client down, but cannot find corresponding minksession
07-28 20:48:51.147  1799  1894 E minksocket: MinkIPC ERROR: ( 1799:1894 ) MinkIPC_preProcess:272 Client down, but cannot find corresponding minksession
07-28 20:48:51.148  3498  4408 D OplusWifiSwitchStatsReport: WiFiSwitch UEVENT: {PCI_SUBSYS_ID=17CB:110E, WLAN_SWITCH_EVENT=driver, WIFI_TURNING=TURN_OFF, INSMODSTATUS=success, DRIVER=cnss_pci, PCI_CLASS=28000, MODALIAS=pci:v000017CBd0000110Esv000017CBsd0000110Ebc02sc80i00, RMMODSTATUS=unknow, OF_NAME=cnss_pci0, SUBSYSTEM=msm_subsys, PCI_ID=17CB:110E, SEQNUM=13972, ACTION=change, INIPRASE=success, OF_FULLNAME=/soc/pcie@1c00000/pcie0_rp/cnss_pci0, PCI_SLOT_NAME=0000:01:00.0, DEVPATH=/devices/platform/soc/1c00000.pcie/pci0000:00/0000:00:00.0/0000:01:00.0, OF_COMPATIBLE_N=0}
07-28 20:48:51.148  1829  1829 I android.hardware.wifi-service: Wifi HAL stopped
07-28 20:48:51.148  1829  8423 W android.hardware.wifi-service: AIBinder_linkToDeath is being called with a non-null cookie and no onUnlink callback set. This might not be intended. AIBinder_DeathRecipient_setOnUnlinked should be called first.
07-28 20:48:51.148  3498  4471 I WifiHalAidlImpl: Initialization is complete
07-28 20:48:51.148  1799  1914 E minksocket: MinkIPC ERROR: ( 1799:1914 ) MinkIPC_preProcess:272 Client down, but cannot find corresponding minksession
07-28 20:48:51.148  4838  4838 D RowAnimatorExtImpl: init:tx,view:StatusBarIconView(slot='volume' alpha=1.0 icon=StatusBarIcon(icon=Icon(typ=RESOURCE pkg=com.android.systemui id=0x7f0818f0) visible user=0 ) visibleState=ICON iconColor=#ccffffff staticDrawableColor=#ccffffff decorColor=#ffffffff animationStartColor=#0 currentSetColor=#ccffffff notification=null),translationX:  9.0  0.0  
07-28 20:48:51.148  4838  4838 D RowAnimatorExtImpl: init:tx,view:StatusBarIconView(slot='zen' alpha=1.0 icon=StatusBarIcon(icon=Icon(typ=RESOURCE pkg=com.android.systemui id=0x7f0818e1) visible user=0 ) visibleState=ICON iconColor=#ccffffff staticDrawableColor=#ccffffff decorColor=#ffffffff animationStartColor=#0 currentSetColor=#ccffffff notification=null),translationX:  57.0  48.0  
07-28 20:48:51.148  1829  1829 W libc    : Access denied finding property "persist.vendor.debug.wifi.hal.preset_interface_combination_idx"
07-28 20:48:51.149  4838  4838 D RowAnimatorExtImpl: init:tx,view:StatusBarIconView(slot='volume' alpha=1.0 icon=StatusBarIcon(icon=Icon(typ=RESOURCE pkg=com.android.systemui id=0x7f0818f0) visible user=0 ) visibleState=ICON iconColor=#ccffffff staticDrawableColor=#ccffffff decorColor=#ffffffff animationStartColor=#0 currentSetColor=#ccffffff notification=null),translationX:  9.0  0.0  
07-28 20:48:51.149  4838  4838 D RowAnimatorExtImpl: init:tx,view:StatusBarIconView(slot='zen' alpha=1.0 icon=StatusBarIcon(icon=Icon(typ=RESOURCE pkg=com.android.systemui id=0x7f0818e1) visible user=0 ) visibleState=ICON iconColor=#ccffffff staticDrawableColor=#ccffffff decorColor=#ffffffff animationStartColor=#0 currentSetColor=#ccffffff notification=null),translationX:  57.0  48.0  
07-28 20:48:51.149  3498  4408 D OplusWifiSwitchStatsReport: WiFiSwitch UEVENT: {PCI_SUBSYS_ID=17CB:110E, WLAN_SWITCH_EVENT=driver, WIFI_TURNING=TURN_ON, INSMODSTATUS=success, DRIVER=cnss_pci, PCI_CLASS=28000, MODALIAS=pci:v000017CBd0000110Esv000017CBsd0000110Ebc02sc80i00, RMMODSTATUS=unknow, OF_NAME=cnss_pci0, SUBSYSTEM=msm_subsys, PCI_ID=17CB:110E, SEQNUM=13973, ACTION=change, INIPRASE=success, OF_FULLNAME=/soc/pcie@1c00000/pcie0_rp/cnss_pci0, PCI_SLOT_NAME=0000:01:00.0, DEVPATH=/devices/platform/soc/1c00000.pcie/pci0000:00/0000:00:00.0/0000:01:00.0, OF_COMPATIBLE_N=0}
07-28 20:48:51.149  1822  1822 I sensors-hal: qsh_qmi:34, qsh_qmi
07-28 20:48:51.149  1822  1822 I sensors-hal: send_sync_sensor_request:443, send sync request
07-28 20:48:51.149  4838  4838 D RowAnimatorExtImpl: init:tx,view:StatusBarIconView(slot='volume' alpha=1.0 icon=StatusBarIcon(icon=Icon(typ=RESOURCE pkg=com.android.systemui id=0x7f0818f0) visible user=0 ) visibleState=ICON iconColor=#ccffffff staticDrawableColor=#ccffffff decorColor=#ffffffff animationStartColor=#0 currentSetColor=#ccffffff notification=null),translationX:  9.0  0.0  
07-28 20:48:51.149  4838  4838 D RowAnimatorExtImpl: init:tx,view:StatusBarIconView(slot='zen' alpha=1.0 icon=StatusBarIcon(icon=Icon(typ=RESOURCE pkg=com.android.systemui id=0x7f0818e1) visible user=0 ) visibleState=ICON iconColor=#ccffffff staticDrawableColor=#ccffffff decorColor=#ffffffff animationStartColor=#0 currentSetColor=#ccffffff notification=null),translationX:  57.0  48.0  
07-28 20:48:51.149  1822  1822 I sensors-hal: send_sync_sensor_request:472, wait for notification of response
07-28 20:48:51.150  3428  3907 D QmiVsClient: getNecData callback - enter
07-28 20:48:51.150  1799  1914 E minksocket: MinkIPC ERROR: ( 1799:1914 ) MinkIPC_preProcess:272 Client down, but cannot find corresponding minksession
07-28 20:48:51.150  1799  1894 E minksocket: MinkIPC ERROR: ( 1799:1894 ) MinkIPC_preProcess:272 Client down, but cannot find corresponding minksession
07-28 20:48:51.150  1829  1829 I android.hardware.wifi-service: Wifi HAL started
07-28 20:48:51.151  3498  4471 E WifiChipAidlImpl: getMode failed with service-specific exception: android.os.ServiceSpecificException:  (code 5)
07-28 20:48:51.151  1829  1829 W android.hardware.wifi-service: No active wlan interfaces in use! Using default
07-28 20:48:51.151  1829  1829 E android.hardware.wifi-service: Unknown iface name: wlan0
07-28 20:48:51.151  1829  1829 E android.hardware.wifi-service: Unknown iface name: wlan0
07-28 20:48:51.151  3498  4471 I WifiVendorHal: Vendor Hal started successfully
07-28 20:48:51.152  3498  4471 E WifiChipAidlImpl: getMode failed with service-specific exception: android.os.ServiceSpecificException:  (code 5)
07-28 20:48:51.152  3428  3457 D VsProxy : handleMessage msg is 4001
07-28 20:48:51.152  3428  3457 D RadioProxy: getNecData : response cb for instance 0
07-28 20:48:51.152  1829  8423 W android.hardware.wifi-service: No active wlan interfaces in use! Using default
07-28 20:48:51.152  1829  8423 E android.hardware.wifi-service: Unknown iface name: wlan0
07-28 20:48:51.152  1829  8423 E android.hardware.wifi-service: Unknown iface name: wlan0
07-28 20:48:51.152  5206  5232 D RadioProxyJ: [PHONE0][95]< getNecDataResponse ******
07-28 20:48:51.152  3498  4471 D OplusWifiConcurrentManager: isConcurrentCombinationAllowed : createMode= 0, requestType =-1
07-28 20:48:51.152  5206  5206 D MessengerResponseHandler: handleMessage Response msgid 206
07-28 20:48:51.152  3498  4471 I HalDevMgr: currentModeId=0, requestModeId=3, currentModeIdValid=false
07-28 20:48:51.153  3498  4408 D OplusWifiSwitchStatsReport: WiFiSwitch UEVENT: {PCI_SUBSYS_ID=17CB:110E, WLAN_SWITCH_EVENT=driver, WIFI_TURNING=TURN_ON, INSMODSTATUS=success, DRIVER=cnss_pci, PCI_CLASS=28000, MODALIAS=pci:v000017CBd0000110Esv000017CBsd0000110Ebc02sc80i00, RMMODSTATUS=unknow, OF_NAME=cnss_pci0, SUBSYSTEM=msm_subsys, PCI_ID=17CB:110E, SEQNUM=13974, ACTION=change, INIPRASE=success, OF_FULLNAME=/soc/pcie@1c00000/pcie0_rp/cnss_pci0, PCI_SLOT_NAME=0000:01:00.0, DEVPATH=/devices/platform/soc/1c00000.pcie/pci0000:00/0000:00:00.0/0000:01:00.0, OF_COMPATIBLE_N=0}
07-28 20:48:51.153  1822 13069 I sensors-hal: qsh_conn_resp_cb:793, resp_value = 0 for elevator_detect 
07-28 20:48:51.154  1822  1822 I sensors-hal: send_sync_sensor_request:478, takes 4 ms to receive the response with 0
07-28 20:48:51.154  1822  1822 I sensors-hal: activate:131, qti.sensor.elevator_detect/1362 en=1 completed
07-28 20:48:51.154  3498  4899 D SensorService: 0xb4000077d60c3700 addFd fd=808
07-28 20:48:51.154  5008  5826 D ElevatorEvent: elevator:registerForElevatorDetect  , true mIsElevSensorReg = true
07-28 20:48:51.154  5008  5826 D SceneEvent: registerSensorMgr start
07-28 20:48:51.154  5008  5826 D SceneEvent: registerSensorMgr already start,return
07-28 20:48:51.154  4838  5898 I SystemUi--QuickSettings: Tile.OplusAirplaneModeTile-->handleUpdateState state.state: 1 value: 0
07-28 20:48:51.154  3498  5270 W SensorService: SensorEventConnection sensor handle=1362, package = t0.g enable
07-28 20:48:51.155  4838  5898 V OplusCustomizeCacheManager: queryCache name: sys.cache.common_customize_cache18026 param: null
07-28 20:48:51.155  3498  5270 E SensorService: Required app t0.g, uid 1001, pid 5039
07-28 20:48:51.155  3498  5270 D SensorService: Calling batch handle==1362 flags=0rate=200000000 timeout== 0
07-28 20:48:51.155  3498  5270 D SensorService: SensorDevice::batch: ident=0xb40000786e33e400, handle=0x00000552, flags=0, period_ns=200000000 timeout=0
07-28 20:48:51.155  3498  5270 D SensorService: Calling activate on 1362
07-28 20:48:51.155  3498  5270 D SensorService: SensorDevice::activate: ident=0xb40000786e33e400, handle=0x00000552, enabled=1, count=2
07-28 20:48:51.155  3498  5270 D SensorService: enable index=1
07-28 20:48:51.155  3498  5270 D SensorService: info.numActiveClients() = 2, info.isActive = 1
07-28 20:48:51.155  3498  5270 D SensorService: activateHardware = 0
07-28 20:48:51.155  3498  5270 D SensorService: 0xb40000786e33e400 addFd fd=756
07-28 20:48:51.155  5039  5039 D NhsElevatorReceiver: elevator:registerForElevatorDetect  , true mIsElevSensorReg = true
07-28 20:48:51.155  5039  5039 D NhsSceneReceiver: registerSensorMgr start
07-28 20:48:51.155  4838  5068 I SystemUi--QuickSettings: Tile.OplusCellularTile-->updateCarrierText: dialog not showing, ignore
07-28 20:48:51.155  5039  5039 V SystemSensorManagerExtImpl: RegisterListener oplus_activity_recognition  Wakeup type:33171037 delay:200000us by t0.k$a@dd77142 from com.oplus.nhs
07-28 20:48:51.155  3498  5270 D SensorService: createSensorEventConnection packageName = t0.k, opPackageName = com.oplus.nhs, mCurrentOperatingMode = 0, requestedMode = 0
07-28 20:48:51.155  3498  5270 W SensorService: SensorEventConnection sensor handle=1372, package = t0.k enable
07-28 20:48:51.155  3498  5270 E SensorService: Required app t0.k, uid 1001, pid 5039
07-28 20:48:51.155  3498  5270 D SensorService: enable sensor send lastEvent 1372
07-28 20:48:51.156  3498  5270 D SensorService: Calling batch handle==1372 flags=0rate=200000000 timeout== 0
07-28 20:48:51.156  3498  5270 D SensorService: SensorDevice::batch: ident=0xb40000786e33fc80, handle=0x0000055c, flags=0, period_ns=200000000 timeout=0
07-28 20:48:51.156  3498  5270 D SensorService: Calling activate on 1372
07-28 20:48:51.156  3498  5270 D SensorService: SensorDevice::activate: ident=0xb40000786e33fc80, handle=0x0000055c, enabled=1, count=4
07-28 20:48:51.156  3498  5270 D SensorService: enable index=1
07-28 20:48:51.156  3498  5270 D SensorService: info.numActiveClients() = 4, info.isActive = 1
07-28 20:48:51.156  3498  5270 D SensorService: activateHardware = 0
07-28 20:48:51.156  3498  5270 D SensorService: 0xb40000786e33fc80 addFd fd=986
07-28 20:48:51.156  5039  5039 D NhsSceneReceiver: sensor name is oplus_activity_recognition  Wakeup, registerState:true
07-28 20:48:51.156  5039  5039 D NhsSceneReceiver: onAccuracyChanged
07-28 20:48:51.156  5039  5039 E NhsAppRILMsger: EVENT_REQ_EVENT_DONE Error received :com.android.internal.telephony.CommandException: RADIO_NOT_AVAILABLE
07-28 20:48:51.157  5039  5367 D NhsSceneReceiver: onSensorChanged: name = oplus_activity_recognition  Wakeup
07-28 20:48:51.157  5039  5367 D NhsSceneReceiver: enter still_state
07-28 20:48:51.157  4838  5068 D SimStateHelper: slot:0, lock state:Bundle[mParcelledData.dataSize=56]
07-28 20:48:51.157  4838  5068 D SimStateHelper: slot:1, lock state:Bundle[mParcelledData.dataSize=56]
07-28 20:48:51.157  4838  5068 D SimStateHelper: needDisableMenu: slot1State=-1; slot2State=-1
07-28 20:48:51.157  4838  5068 D SimStateHelper: needDisableMenu:false
07-28 20:48:51.163  1829  1829 I WifiHAL : Initializing wifi
07-28 20:48:51.163  1702  1740 E TetherController:  addInterface wlan0->27 succ
07-28 20:48:51.164  3498  4899 W BestClock: java.time.DateTimeException: Missing network time fix
07-28 20:48:51.164  4914  4932 W System  : A resource failed to call AbstractCursor.close. 
07-28 20:48:51.164  4914  4932 W System  : A resource failed to call AbstractCursor.close. 
07-28 20:48:51.164  4914  4932 W System  : A resource failed to call AbstractCursor.close. 
07-28 20:48:51.165  1829  1829 I CLD80211: android.hardware.wifi-service: initialized exit socket pair
07-28 20:48:51.165  1829  1829 I CLD80211: android.hardware.wifi-service: nlctrl family id: 16 group: host_logs mcast_id: 27
07-28 20:48:51.165  1829  1829 I CLD80211: android.hardware.wifi-service: nlctrl family id: 16 group: fw_logs mcast_id: 28
07-28 20:48:51.165  1829  1829 I CLD80211: android.hardware.wifi-service: nlctrl family id: 16 group: per_pkt_stats mcast_id: 29
07-28 20:48:51.165  1829  1829 I CLD80211: android.hardware.wifi-service: nlctrl family id: 16 group: diag_events mcast_id: 30
07-28 20:48:51.165  1829  1829 I CLD80211: android.hardware.wifi-service: nlctrl family id: 16 group: fatal_events mcast_id: 31
07-28 20:48:51.165  1829  1829 I CLD80211: android.hardware.wifi-service: nlctrl family id: 16 group: oem_msgs mcast_id: 32
07-28 20:48:51.165  1702  1746 E TetherController: property_get sys.radio.data.modem_share_flag return 0, 1!
07-28 20:48:51.166  1829  1829 E WifiHAL : wifi_get_capabilities: GSCAN is not supported by driver
07-28 20:48:51.166  1829  1829 E WifiHAL : Failed to get wifi Capabilities, error: -3
07-28 20:48:51.166  1829  1829 D WifiHAL : wlan_service_read_sys_param: /proc/sys/net/ipv4/tcp_limit_output_bytes 506072
07-28 20:48:51.166  1829  1829 D WifiHAL : wlan_service_read_sys_param: /proc/sys/net/ipv4/tcp_adv_win_scale 2
07-28 20:48:51.166  3498  4594 D StaIfaceManager:  onInterfaceLinkStateChanged:wlan0, up:true
07-28 20:48:51.166  3498  4594 D StaIfaceManager:  mWlan0State:UP, mWlan1State:REMOVED
07-28 20:48:51.166  3498  4594 D StaIfaceManager: safe time gap think true
07-28 20:48:51.166  3498  4594 D OplusWifiSwitchStateMonitor: mWifiSettingsValue:0
07-28 20:48:51.166  3498  4594 D StaIfaceManager:  mWlan0State:UP, mWlan1State:REMOVED
07-28 20:48:51.166  3498  4594 D StaIfaceManager: safe time gap think true
07-28 20:48:51.166  3498  4594 D OplusWifiSwitchStateMonitor: notify driver ready event: true
07-28 20:48:51.166  3498  4594 D OplusWifiStateTrackMachine: notifyDriverReadyEvent:true
07-28 20:48:51.166  3498  4594 D OplusWifiStateTrackMachine: WifiReadyState: MSG_DRIVER_READY
07-28 20:48:51.166  3498  4899 W BestClock: java.time.DateTimeException: Missing network time fix
07-28 20:48:51.167  1829  1829 D WifiHAL : Ignore unsupported iface type: 6
07-28 20:48:51.167  1829  1829 D WifiHAL : Ignore unsupported iface type: 6
07-28 20:48:51.167  1886  4419 I Dpps    : LtmSwState::SetParameter():144 ignore cmd 7 in state LtmOffState
07-28 20:48:51.167  1829  1829 D WifiHAL : Ignore Zero iface limit combination
07-28 20:48:51.167  1829  1829 I android.hardware.wifi-service: Adding interface handle for wifi-aware0
07-28 20:48:51.167  1829  1829 I android.hardware.wifi-service: Adding interface handle for p2p0
07-28 20:48:51.167  1829  1829 I android.hardware.wifi-service: Adding interface handle for wlan0
07-28 20:48:51.167  1829  1829 W android.hardware.wifi-service: No active wlan interfaces in use! Using default
07-28 20:48:51.167  1829  1829 W android.hardware.wifi-service: No active wlan interfaces in use! Using default
07-28 20:48:51.168  1829  1829 I WifiHAL : Get supported concurrency capabilities
07-28 20:48:51.168  3498  4899 W BestClock: java.time.DateTimeException: Missing network time fix
07-28 20:48:51.168  1829  1829 E android.hardware.wifi-service: Failed to get SupportedIfaceCombinations matrix from legacy HAL: NOT_SUPPORTED
07-28 20:48:51.168  1829  1829 I android.hardware.wifi-service: Configured chip in mode 3
07-28 20:48:51.168  1829  1829 W android.hardware.wifi-service: No active wlan interfaces in use! Using default
07-28 20:48:51.168  1829  1829 W android.hardware.wifi-service: No active wlan interfaces in use! Using default
07-28 20:48:51.169  5008  5815 W BestClock: java.time.DateTimeException: Missing network time fix
07-28 20:48:51.169  3498  4471 I HalDevMgr: Chip info loaded successfully from the HAL
07-28 20:48:51.169  1829  8423 D WifiHAL : wifi_set_interface_mode: ifname=wlan0 iface_type=0
07-28 20:48:51.169  1829  8423 I android.hardware.wifi-service: Adding interface handle for wifi-aware0
07-28 20:48:51.169  1829  8423 I android.hardware.wifi-service: Adding interface handle for p2p0
07-28 20:48:51.169  1829  8423 I android.hardware.wifi-service: Adding interface handle for wlan0
07-28 20:48:51.169  5008  5815 V MonthTrafficAlert: getWarningNotification subId:1 numWarningNotificaion:0
07-28 20:48:51.170  3498  4471 D HalDevMgr: updateRttController: no one is interested in RTT controllers
07-28 20:48:51.170  3498  4471 E HalDevMgr: removeP2pAndSapCombination do nothing: mIsAddedP2pAndSapCombination = false
07-28 20:48:51.170  1829  8423 W android.hardware.wifi-service: AIBinder_linkToDeath is being called with a non-null cookie and no onUnlink callback set. This might not be intended. AIBinder_DeathRecipient_setOnUnlinked should be called first.
07-28 20:48:51.170  1829  8423 I android.hardware.wifi-service: twtRegisterEvents is not supported-3
07-28 20:48:51.170  1829  8423 W android.hardware.wifi-service: AIBinder_linkToDeath is being called with a non-null cookie and no onUnlink callback set. This might not be intended. AIBinder_DeathRecipient_setOnUnlinked should be called first.
07-28 20:48:51.171  1829  8423 D WifiHAL : wifi_get_chip_capabilities: max mlo assoc link cnt: 2 str link cnt 2
07-28 20:48:51.171  3498  5213 W BestClock: java.time.DateTimeException: Missing network time fix
07-28 20:48:51.172  3498  4471 D WifiNl80211Manager: Setting up interface for client mode: wlan0
07-28 20:48:51.172  4838  5898 V OplusCustomizeCacheManager: queryCache name: sys.cache.common_customize_cache18014 param: null
07-28 20:48:51.172  4838  5898 V OplusCustomizeCacheManager: queryCache name: sys.cache.common_customize_cache18017 param: Bundle[{SETTING=BLOCK, BUSINESS=NCT-DATA}]
07-28 20:48:51.172  4838  5898 V OplusCustomizeCacheManager: queryCache name: sys.cache.common_customize_cache18013 param: null
07-28 20:48:51.172  2740  2740 I wificond: Current driver country code US
07-28 20:48:51.172  3498  5270 D WifiNl80211Manager: OnRegDomainChanged US
07-28 20:48:51.172  2740  2740 I wificond: createClientInterface: wiphy_index 0 iface_name wlan0
07-28 20:48:51.172  3498  5270 D WifiNative: onCountryCodeChanged: US
07-28 20:48:51.172  3498  5270 I WifiCountryCode: Receive onDriverCountryCodeChanged US
07-28 20:48:51.173  3498  5270 D WifiScanRequestProxy: Sending scan available broadcast: true
07-28 20:48:51.173  2740  2740 I wificond: create scanner for interface with index: 27
07-28 20:48:51.173  2740  2740 I wificond: subscribe scan result for interface with index: 27
07-28 20:48:51.173  3498  4475 I WifiScanningService: Received a request to enable scanning, UID = 1000
07-28 20:48:51.173  3498  5270 I WifiScanRequestProxy: Scanning is enabled
07-28 20:48:51.173  3498  5270 I WifiScanRequestProxy: Scanning for hidden networks is disabled
07-28 20:48:51.173  3498  3498 D OplusWifiBroadCastDispatcher: mBroadcastReceiver: onReceiver  action=android.net.wifi.action.WIFI_SCAN_AVAILABILITY_CHANGED
07-28 20:48:51.173  2740  2740 I wificond: add channel type 0 support at wiphy index: 0
07-28 20:48:51.173  2740  2740 I wificond: add channel type 1 support at wiphy index: 0
07-28 20:48:51.173  3498  4595 D OplusWifiPower_ConnLpmEventObsever: onReceive EXTRA_SCAN_AVAILABLE availabe = true
07-28 20:48:51.173  6921  6921 I OsAgent : onReceive: android.net.wifi.action.WIFI_SCAN_AVAILABILITY_CHANGED
07-28 20:48:51.173  3498  4595 D OplusWifiPowerService: onReceive action:android.net.wifi.action.WIFI_SCAN_AVAILABILITY_CHANGED
07-28 20:48:51.174  3498  4595 D OplusWifiSwitchStateMonitor: scan settings change to true
07-28 20:48:51.174  6921  7776 I OsAgent : updateWiFiScanAvailState, scanAvailable: true
07-28 20:48:51.174  6921  7776 D OsAgentAidlClient: [bool_dataitem_update][1570] [HC] =>> [HS]
07-28 20:48:51.174  1816  1856 I LocSvc_SystemStatusOsObserver: sendCachedDataItems:471] DataItem: IS_WIFI_HARDWARE_ON: true >> Wiper
07-28 20:48:51.174  1816  1880 I LocSvc_api_v02: ---> locClientSendReq line 2409 QMI_LOC_NOTIFY_WIFI_ENABLED_STATUS_REQ_V02
07-28 20:48:51.174  3498  4471 I WifiNative: Interface state changed on Iface:{Name=wlan0,Id=1,Type=STA_SCAN}, isUp=true
07-28 20:48:51.175  3498  5270 W BestClock: java.time.DateTimeException: Missing network time fix
07-28 20:48:51.175  1829  8423 I WifiHAL : mpdu_size_threshold : 128, aggressive_statistics_gathering : 0
07-28 20:48:51.175  3498  4471 I WifiNative: Successfully setup Iface:{Name=wlan0,Id=1,Type=STA_SCAN}
07-28 20:48:51.175  3498  4471 E SupplicantStaIfaceHalAidlImpl: Can't call getKeyMgmtCapabilities, ISupplicantStaIface is null for iface=wlan0
07-28 20:48:51.176  3498  5270 W BestClock: java.time.DateTimeException: Missing network time fix
07-28 20:48:51.176  4838  5898 V OplusCustomizeCacheManager: queryCache name: sys.cache.common_customize_cache18014 param: null
07-28 20:48:51.176  1829  1865 I WifiHAL : wifi_get_supported_radio_combinations_matrix: enter
07-28 20:48:51.176  4838  5898 V OplusCustomizeCacheManager: queryCache name: sys.cache.common_customize_cache18017 param: Bundle[{SETTING=BLOCK, BUSINESS=NCT-DATA}]
07-28 20:48:51.176  4838  5898 V OplusCustomizeCacheManager: queryCache name: sys.cache.common_customize_cache18013 param: null
07-28 20:48:51.176  1829  1865 I WifiHAL : wifi_parse_radio_combinations_matrix: radio_combinations[1]: num_radio_configurations 1
07-28 20:48:51.176  1829  1865 I WifiHAL : wifi_parse_radio_combinations_matrix: radio_combinations[2]: num_radio_configurations 1
07-28 20:48:51.176  1829  1865 I WifiHAL : wifi_parse_radio_combinations_matrix: radio_combinations[3]: num_radio_configurations 1
07-28 20:48:51.176  1829  1865 I WifiHAL : wifi_parse_radio_combinations_matrix: radio_combinations[4]: num_radio_configurations 2
07-28 20:48:51.176  1829  1865 I WifiHAL : wifi_parse_radio_combinations_matrix: radio_combinations[5]: num_radio_configurations 2
07-28 20:48:51.176  1829  1865 I WifiHAL : wifi_parse_radio_combinations_matrix: radio_combinations[6]: num_radio_configurations 2
07-28 20:48:51.176  1829  1865 I WifiHAL : wifi_parse_radio_combinations_matrix: num_radio_combinations 6, radio_matrix_size 100
07-28 20:48:51.177  1816  3987 I LocSvc_ApiV02: <--- globalRespCb line 282 QMI_LOC_NOTIFY_WIFI_ENABLED_STATUS_REQ_V02
07-28 20:48:51.177  3498  4471 E SupplicantStaIfaceHalAidlImpl: Can't call getWpaDriverCapabilities, ISupplicantStaIface is null for iface=wlan0
07-28 20:48:51.177  3498  4471 E WifiStaIfaceAidlImpl: getTwtCapabilities failed with service-specific exception: android.os.ServiceSpecificException:  (code 4)
07-28 20:48:51.177  3498  4471 E WifiChipAidlImpl: enableStaChannelForPeerNetwork failed with service-specific exception: android.os.ServiceSpecificException:  (code 4)
07-28 20:48:51.177  3498  4471 D WifiNative: setWifiNativeInterfaceEventCallback
07-28 20:48:51.177  3498  4471 D WifiClientModeManager[59926:wlan0]: entering StartedState
07-28 20:48:51.177  1829  1865 E WifiHAL : wifi_get_gscan_capabilities: GSCAN is not supported by driver
07-28 20:48:51.178  3498  4475 E WifiStaIfaceAidlImpl: getBackgroundScanCapabilities failed with service-specific exception: android.os.ServiceSpecificException:  (code 4)
07-28 20:48:51.178  3498  4471 D WifiClientModeManager[59926:wlan0]: entering ScanOnlyModeState
07-28 20:48:51.178  3498  4471 D WifiScanRequestProxy: Sending scan available broadcast: true
07-28 20:48:51.178  3498  4471 I WifiScanRequestProxy: Scanning is enabled
07-28 20:48:51.178  3498  4471 I WifiScanRequestProxy: Scanning for hidden networks is disabled
07-28 20:48:51.178  1829  1865 D WifiHAL : wifi_multi_sta_set_use_case: 0
07-28 20:48:51.178  3498  3498 D OplusWifiBroadCastDispatcher: mBroadcastReceiver: onReceiver  action=android.net.wifi.action.WIFI_SCAN_AVAILABILITY_CHANGED
07-28 20:48:51.179  3498  5213 W BestClock: java.time.DateTimeException: Missing network time fix
07-28 20:48:51.179  3498  4471 D WifiCountryCode: evaluateAllCmmStateAndApplyIfAllReady: {ConcreteClientModeManager{id=59926 iface=wlan0 role=ROLE_CLIENT_SCAN_ONLY}=true}
07-28 20:48:51.179  3498  4471 D WifiCountryCode: Reading country code from telephony
07-28 20:48:51.179  3498  4595 D OplusWifiPower_ConnLpmEventObsever: onReceive EXTRA_SCAN_AVAILABLE availabe = true
07-28 20:48:51.179  3498  4595 D OplusWifiPowerService: onReceive action:android.net.wifi.action.WIFI_SCAN_AVAILABILITY_CHANGED
07-28 20:48:51.179  3498  4595 D OplusWifiSwitchStateMonitor: scan settings change to true
07-28 20:48:51.179  3498  4471 D WifiCountryCode: Set telephony country code to: 
07-28 20:48:51.179  3498  4471 D WifiCountryCode: updateCountryCode to US
07-28 20:48:51.179  3498  4471 D WifiCountryCode: setCountryCodeNative: US, isClientModeOnly: true mDriverCountryCode: US
07-28 20:48:51.179  3498  4475 I WifiScanningService: Created a new impl for wlan0
07-28 20:48:51.179  3498  4475 I WifiScanningService: Received a request to enable scanning, UID = 1000
07-28 20:48:51.179  3498  4475 I WifiScanningService: scanner impls already exists
07-28 20:48:51.179  3498  5270 W BestClock: java.time.DateTimeException: Missing network time fix
07-28 20:48:51.180  3498  4475 I WifiScanningService: wifi driver loaded with scan capabilities: max buckets=16
07-28 20:48:51.180  3498  4475 E WifiScanningService: wifi driver loaded received while already loaded
07-28 20:48:51.180  6921  6921 I OsAgent : onReceive: android.net.wifi.action.WIFI_SCAN_AVAILABILITY_CHANGED
07-28 20:48:51.180  6921  7776 I OsAgent : updateWiFiScanAvailState, scanAvailable: true
07-28 20:48:51.180  4838  5898 V OplusCustomizeCacheManager: queryCache name: sys.cache.common_customize_cache18014 param: null
07-28 20:48:51.180  4838  5898 V OplusCustomizeCacheManager: queryCache name: sys.cache.common_customize_cache18017 param: Bundle[{SETTING=BLOCK, BUSINESS=NCT-DATA}]
07-28 20:48:51.180  4838  5898 V OplusCustomizeCacheManager: queryCache name: sys.cache.common_customize_cache18013 param: null
07-28 20:48:51.182  1822  6356 I sensors-hal: qsh_conn_event_cb:756, event[0] msg_id=1025, ts=1233445325, sensor_type = oplus_activity_recognition  Wakeup
07-28 20:48:51.182  1822  6356 E sensors-hal: handle_sns_std_sensor_event:72, oplus_activity_recognition output: count: 1.000000, index: 1.000000, incar_state: 0.000000, actvity_mode: 3.000000, delta_time: 0.000000 !
07-28 20:48:51.183  5008  5394 D SceneEvent: onSensorChanged: name = oplus_activity_recognition  Wakeup
07-28 20:48:51.183  5039  5367 D NhsSceneReceiver: onSensorChanged: name = oplus_activity_recognition  Wakeup
07-28 20:48:51.187  5152  6212 D IWlanJni: getDataRegistrationState start
07-28 20:48:51.188  5152  6212 D IWlanJni: getDataRegistrationState start
07-28 20:48:51.188  5152  6221 D IWlanJni: new aidl event arrived
07-28 20:48:51.188  5152  6221 D IWlanJni: handleEvent 10
07-28 20:48:51.188  5152  6221 D IWlanJni: isThreadAttached start
07-28 20:48:51.188  5152  6221 D IWlanJni: jni detached
07-28 20:48:51.188  5152  6221 D IWlanJni: jni attached
07-28 20:48:51.188  5152  6221 D IWlanJni: getDataRegistrationStateResponse start
07-28 20:48:51.188  5152  6224 D IWlanJni: new aidl event arrived
07-28 20:48:51.188  5152  6224 D IWlanJni: handleEvent 10
07-28 20:48:51.188  5152  6224 D IWlanJni: isThreadAttached start
07-28 20:48:51.188  5152  6224 D IWlanJni: jni detached
07-28 20:48:51.188  5152  6221 D IWlanJni: getJavaCallbackClass start
07-28 20:48:51.188  5152  6221 D IWlanJni: getJavaCallbackClass End midIs[1]
07-28 20:48:51.188  5152  6221 I IWlanAidlClient: getDataRegistrationStateResponse called
07-28 20:48:51.188  4914  4914 D OplusTelephonyController: onSignalStrengthChanged: SignalStrength=SignalStrength:{mCdma=CellSignalStrengthCdma: cdmaDbm=2147483647 cdmaEcio=2147483647 evdoDbm=2147483647 evdoEcio=2147483647 evdoSnr=2147483647 level=0,mGsm=CellSignalStrengthGsm: rssi=2147483647 ber=2147483647 mTa=2147483647 mLevel=0,mWcdma=CellSignalStrengthWcdma: ss=2147483647 ber=2147483647 rscp=2147483647 ecno=2147483647 level=0,mTdscdma=CellSignalStrengthTdscdma: rssi=2147483647 ber=2147483647 rscp=2147483647 level=0,mLte=CellSignalStrengthLte: rssi=2147483647 rsrp=2147483647 rsrq=2147483647 rssnr=2147483647 cqiTableIndex=2147483647 cqi=2147483647 ta=2147483647 level=0 parametersUseForLevel=0,mNr=CellSignalStrengthNr:{ csiRsrp = 2147483647 csiRsrq = 2147483647 csiCqiTableIndex = 2147483647 csiCqiReport = [] ssRsrp = 2147483647 ssRsrq = 2147483647 ssSinr = 2147483647 level = 0 parametersUseForLevel = 0 timingAdvance = 2147483647 },primary=CellSignalStrengthLte}
07-28 20:48:51.189  1816  3704 E LOCRIL_SESSION: operator():200] SubId: 1 Failed to get sim IO with error: 11
07-28 20:48:51.189  5152  6220 W IWlanNetworkService: 6 > Response Processed
07-28 20:48:51.189  5152  6224 D IWlanJni: jni attached
07-28 20:48:51.189  5152  6224 D IWlanJni: getDataRegistrationStateResponse start
07-28 20:48:51.189  5152  6224 D IWlanJni: getJavaCallbackClass start
07-28 20:48:51.189  5152  6224 D IWlanJni: getJavaCallbackClass End midIs[1]
07-28 20:48:51.189  5152  6224 I IWlanAidlClient: getDataRegistrationStateResponse called
07-28 20:48:51.189  1816  3704 E LOCRIL_SESSION: operator():241] SubId: 1 Failed to get sim IMSI with error: 11
07-28 20:48:51.189  3498  5270 I OplusBinderProxy: pb uid: 10215 pid: 10705 desc: com.android.internal.telephony.IPhoneStateListener/10
07-28 20:48:51.190  5206  5206 D SubsysEventListenerManager-SubsysTelephonyCallback[0]: onSignalStrengthsChanged
07-28 20:48:51.190  5152  6223 W IWlanNetworkService: 7 > Response Processed
07-28 20:48:51.192  5152  6212 D IWlanJni: getDataRegistrationState start
07-28 20:48:51.192  5008  8419 D SaDataService: onTelephonyEventReport , subId= 0,slotId=-1 eventId=6030
07-28 20:48:51.192  5152  6221 D IWlanJni: new aidl event arrived
07-28 20:48:51.192  5206  6348 D VendorTelephonyService: onTelephonyEventReport slotId =0 eventId=6030
07-28 20:48:51.192  5152  6221 D IWlanJni: handleEvent 10
07-28 20:48:51.192  5152  6221 D IWlanJni: isThreadAttached start
07-28 20:48:51.192  5152  6221 D IWlanJni: jni detached
07-28 20:48:51.192  5206  6348 D VendorTelephonyService: onTelephonyEventReport slotId =0 eventId=6030
07-28 20:48:51.192  5152  6221 D IWlanJni: jni attached
07-28 20:48:51.192  5152  6221 D IWlanJni: getDataRegistrationStateResponse start
07-28 20:48:51.192  5152  6221 D IWlanJni: getJavaCallbackClass start
07-28 20:48:51.192  5152  6221 D IWlanJni: getJavaCallbackClass End midIs[1]
07-28 20:48:51.192  5152  6221 I IWlanAidlClient: getDataRegistrationStateResponse called
07-28 20:48:51.192  5152  6220 W IWlanNetworkService: 8 > Response Processed
07-28 20:48:51.193  5206  5206 D VendorCallService: notityEventUpdate, eventId:6030, slotId = 0
07-28 20:48:51.193  5008  8419 D TelephonyImpl: notify eventId:6030 for list size:2
07-28 20:48:51.193  5008  8419 D SaDataService: onTelephonyEventReport , subId= 0,slotId=-1 eventId=6030
07-28 20:48:51.193  5008  8419 D TelephonyImpl: notify eventId:6030 for list size:2
07-28 20:48:51.194  5206  6348 D VendorTelephonyService: onTelephonyEventReport slotId =0 eventId=6030
07-28 20:48:51.194  5206  6348 D VendorTelephonyService: onTelephonyEventReport slotId =0 eventId=6030
07-28 20:48:51.194  5206  5206 D VendorCallService: notityEventUpdate, eventId:6030, slotId = 0
07-28 20:48:51.194  1816  3704 E LOCRIL_SESSION: operator():200] SubId: 1 Failed to get sim IO with error: 11
07-28 20:48:51.195  3498  4197 W BestClock: java.time.DateTimeException: Missing network time fix
07-28 20:48:51.195  1816  3704 E LOCRIL_SESSION: operator():241] SubId: 1 Failed to get sim IMSI with error: 11
07-28 20:48:51.196  5152  6212 D IWlanJni: getDataRegistrationState start
07-28 20:48:51.196  5152  6224 D IWlanJni: new aidl event arrived
07-28 20:48:51.196  5152  6224 D IWlanJni: handleEvent 10
07-28 20:48:51.196  5152  6224 D IWlanJni: isThreadAttached start
07-28 20:48:51.196  5152  6224 D IWlanJni: jni detached
07-28 20:48:51.196  5152  6224 D IWlanJni: jni attached
07-28 20:48:51.196  5152  6224 D IWlanJni: getDataRegistrationStateResponse start
07-28 20:48:51.196  5152  6224 D IWlanJni: getJavaCallbackClass start
07-28 20:48:51.196  5152  6224 D IWlanJni: getJavaCallbackClass End midIs[1]
07-28 20:48:51.196  5152  6224 I IWlanAidlClient: getDataRegistrationStateResponse called
07-28 20:48:51.197  5152  6223 W IWlanNetworkService: 9 > Response Processed
07-28 20:48:51.197  1816  3702 W LOCRIL_SESSION: operator():307] cellInfo list size is 0, Voice state: 3, data state: 3
07-28 20:48:51.197  4980  5023 D QtiOemHookAidl: oemHookRawIndication length=24
07-28 20:48:51.198  4980  4980 D QcrilMsgTunnelIfaceManager: handleMessage what = 0
07-28 20:48:51.198  3498  5270 W BestClock: java.time.DateTimeException: Missing network time fix
07-28 20:48:51.198  4980  5023 D QtiOemHookAidl: oemHookRawIndication length=24
07-28 20:48:51.198  4980  4980 D QcrilMsgTunnelIfaceManager: handleMessage what = 0
07-28 20:48:51.199  1998  1998 E PowerMonitorService: Failed to open /proc/horae_qmi (2): No such file or directory
07-28 20:48:51.199  4838  5898 V OplusCustomizeCacheManager: queryCache name: sys.cache.common_customize_cache18014 param: null
07-28 20:48:51.200  4838  5898 V OplusCustomizeCacheManager: queryCache name: sys.cache.common_customize_cache18017 param: Bundle[{SETTING=BLOCK, BUSINESS=NCT-DATA}]
07-28 20:48:51.200  4838  5898 V OplusCustomizeCacheManager: queryCache name: sys.cache.common_customize_cache18013 param: null
07-28 20:48:51.200  4980  4980 D QC_RIL_OEM_HOOK: Received Broadcast Intent ACTION_UNSOL_RESPONSE_OEM_HOOK_RAW
07-28 20:48:51.200  5086  6000 I QImsService: ImsRadioIndicationAidl : onRadioStateChanged()[SUB0]
07-28 20:48:51.200  5086  5130 I QImsService: ImsRadioIndicationAidl : onRadioStateChanged()[SUB1]
07-28 20:48:51.200  5086  6000 I QImsService: ImsSenderRxr : [UNSL]< UNSOL_RADIO_STATE_CHANGED RADIO_ON[SUB0]
07-28 20:48:51.200  4980  4980 D DeviceInfoAidlClient: onRadioPowerStateChanged
07-28 20:48:51.200  4980  4980 D DeviceInfoAidlClient: mRadioStateHdlr handleMessage()1
07-28 20:48:51.200  5086  5130 I QImsService: ImsSenderRxr : [UNSL]< UNSOL_RADIO_STATE_CHANGED RADIO_ON[SUB1]
07-28 20:48:51.200  4980  4980 D DeviceInfoAidlClient: isRadioOn()=true
07-28 20:48:51.200  4980  4980 I DeviceInfoAidlClient: sendFeaturesSupported: power info support-true interactive state support-true
07-28 20:48:51.201  5206  5206 D SubsysEventListenerManager-SubsysTelephonyCallback[0]: onRadioPowerStateChanged state:1
07-28 20:48:51.201  4980  4980 D QC_RIL_OEM_HOOK: Received Broadcast Intent ACTION_UNSOL_RESPONSE_OEM_HOOK_RAW
07-28 20:48:51.203  1816  3704 E LOCRIL_SESSION: operator():200] SubId: 1 Failed to get sim IO with error: 11
07-28 20:48:51.203  4980  4980 D DeviceStatisticsService: onReceive: action= org.codeaurora.intent.action.RADIO_POWER_STATE
07-28 20:48:51.203  4980  4980 I DeviceStatisticsService: Receiving radio_power_state_changed, mIsDeviceInfoInitialized = true
07-28 20:48:51.203  4980  4980 I DeviceStatisticsService: radio power state changed to 1 for slot: 0
07-28 20:48:51.203  4980  4980 D DeviceInfoAidlClient: isRadioOn()=true
07-28 20:48:51.203  4980  4980 I DeviceInfoAidlClient: sendFeaturesSupported: power info support-true interactive state support-true
07-28 20:48:51.203  1816  3704 E LOCRIL_SESSION: operator():241] SubId: 1 Failed to get sim IMSI with error: 11
07-28 20:48:51.205  5152  6212 D IWlanJni: getDataRegistrationState start
07-28 20:48:51.205  4980  5023 I DeviceInfoAidlClient: onPowerInfoReportingChanged - reporting enabled true [15, 20, 30, 50, 80]
07-28 20:48:51.205  4980  5023 D DeviceInfoAidlClient: isRadioOn()=true
07-28 20:48:51.205  4980  5023 I DeviceInfoAidlClient: isPowerInfoNeverSent=true batteryLevel=50 batteryLevelIndex=3 chargingMode=2 totalCapacity=5024000 powerSaveMode=false
07-28 20:48:51.205  4980  5022 I DeviceInfoAidlClient: onDeviceInfoReportingChanged - reporting enabled true
07-28 20:48:51.205  4980  5022 D DeviceInfoAidlClient: getDeviceInfoSupportStatus()=1
07-28 20:48:51.205  4980  5022 D DeviceInfoAidlClient: isRadioOn()=true
07-28 20:48:51.205  4980  5022 I DeviceInfoAidlClient: deviceState=2
07-28 20:48:51.206  5152  6221 D IWlanJni: new aidl event arrived
07-28 20:48:51.206  5152  6221 D IWlanJni: handleEvent 10
07-28 20:48:51.206  5152  6221 D IWlanJni: isThreadAttached start
07-28 20:48:51.206  5152  6221 D IWlanJni: jni detached
07-28 20:48:51.206  5152  6221 D IWlanJni: jni attached
07-28 20:48:51.206  5152  6221 D IWlanJni: getDataRegistrationStateResponse start
07-28 20:48:51.206  5152  6221 D IWlanJni: getJavaCallbackClass start
07-28 20:48:51.206  5152  6221 D IWlanJni: getJavaCallbackClass End midIs[1]
07-28 20:48:51.206  1816  3702 W LOCRIL_SESSION: operator():307] cellInfo list size is 0, Voice state: 3, data state: 3
07-28 20:48:51.206  5152  6221 I IWlanAidlClient: getDataRegistrationStateResponse called
07-28 20:48:51.207  5152  6220 W IWlanNetworkService: 10 > Response Processed
07-28 20:48:51.207  5206  5232 D VendorTelephonyService: onTelephonyEventReport slotId =0 eventId=6030
07-28 20:48:51.207  5206  5232 D VendorTelephonyService: onTelephonyEventReport slotId =0 eventId=6030
07-28 20:48:51.207  5206  5206 D VendorCallService: notityEventUpdate, eventId:6030, slotId = 0
07-28 20:48:51.207  5008  5167 D SaDataService: onTelephonyEventReport , subId= 0,slotId=-1 eventId=6030
07-28 20:48:51.207  5008  5167 D TelephonyImpl: notify eventId:6030 for list size:2
07-28 20:48:51.207  4980  5023 I DeviceInfoAidlClient: onPowerInfoReportingChanged - reporting enabled true [15, 20, 30, 50, 80]
07-28 20:48:51.207  4980  5023 D DeviceInfoAidlClient: isRadioOn()=true
07-28 20:48:51.207  4980  5023 I DeviceInfoAidlClient: isPowerInfoNeverSent=false batteryLevel=50 batteryLevelIndex=3 chargingMode=2 totalCapacity=5024000 powerSaveMode=false
07-28 20:48:51.208  4980  5023 I DeviceInfoAidlClient: onDeviceInfoReportingChanged - reporting enabled true
07-28 20:48:51.208  4980  5023 D DeviceInfoAidlClient: getDeviceInfoSupportStatus()=1
07-28 20:48:51.208  4980  5023 D DeviceInfoAidlClient: isRadioOn()=true
