07-28 04:01:27.853  4871  4871 I SystemUi--Common: PlatformBlurManagerImpl-->resumeBlur: updatePlatformBlurState(updatePanelBlurState): shouldBlur, isKeyguardVisible=false, isKeyguardFadingAway=false, isPanelVisible=true, isShadeLock=false.
07-28 04:01:27.853  4871  4871 I SystemUi--Common: PlatformBlurManagerImpl-->forceStopMotionBlur: stop=false
07-28 04:01:27.853  7631  8182 I mydevices[core].CoreOpDeviceAction: (DefaultDispatcher-worker-3)isServiceBind: isBind: false
07-28 04:01:27.853  4871  4871 I SystemUi--Keyguard: ScrimControllerExImp-->blur State to UNLOCK, bouncer=false changeFromBouncerScrim= false runnerUnlock= false goingAway=false hasHandle=true isOccludeAnimationPlaying=false
07-28 04:01:27.853  4871  4871 I SystemUi--Statusbar: PrivacyDotViewController-->scheduleUpdate: 
07-28 04:01:27.853  4871  5970 D [DevicePlugin].DataInterfaceImp.(DefaultDispatcher-worker-4): safeCall, method:getPanelDeviceList
07-28 04:01:27.854  4871  5758 D TileStateController: setListening listening: true component: ComponentInfo{com.oplus.linker/com.oplus.linker.synergy.service.TVTileService} userContext: com.android.systemui.SystemUIApplication@ed3b072
07-28 04:01:27.854  3254  4185 I VibratorManagerServiceExtImpl: cancelVibrate uid=1000, pid=3254, usageFilter=-15, token=37990887
07-28 04:01:27.854  7631  8182 I mydevices[core].OPSynergyScannerImpl: (DefaultDispatcher-worker-3)getOpDeviceList
07-28 04:01:27.854  7631  7715 I mydevices[core].ProviderCallProcessor: (binder:7631_3)method: getPanelDeviceList; arg: 
07-28 04:01:27.854  4871  4871 I SystemUi--Statusbar: PrivacyDotViewController-->needShow false
07-28 04:01:27.854  4871  4871 I SystemUi--Statusbar: PrivacyDotViewController-->scheduleUpdate: 
07-28 04:01:27.854  7631  8182 D OplusLog_DeviceKit_com.heytap.mydevices: [SynergyDeviceManager-103618894] getDeviceList: com.heytap.mydevices.core.action.CoreOpDeviceAction$d@925b00a
07-28 04:01:27.854  4871  4871 I SystemUi--Notification: OplusNotificationShadeWindowControllerExImpl-->SHADE_FOCUSABLE-->mNotificationShadeFocusable= true, mPanelExpanded= false, mBouncerShowing= false, mKeyguardShowing= false, mKeyguardOccluded= false, mKeyguardNeedsInput= false, ENABLE_REMOTE_INPUT= true, mRemoteInputActive= false, layoutFlags= -2130444216
07-28 04:01:27.854  4871  4871 I SystemUi--Notification: OplusNotificationShadeWindowControllerExImpl-->SHADE_VISIBLE-->mKeyguardShowing= false, mKeyguardOccluded= false, mPanelVisible= false, mKeyguardFadingAway= false, mKeyguardGoingAway= false, mBouncerShowing= false, mScrimsVisibility= 1, mBackgroundBlurRadius= 0, mForcePluginOpen= false, mediaBackdropShowing= false, viewVisibility= true, qsBlurFraction= 0.005146167, panelBlurFraction= 0.0
07-28 04:01:27.855  7631  8182 D OplusLog_DeviceKit_com.heytap.mydevices: [OpDeviceServiceClient-103618894] settings_opsynergy_has_device: 0
07-28 04:01:27.855  7631  8182 D OplusLog_DeviceKit_com.heytap.mydevices: [SynergyDeviceManager-103618894] getDeviceList result: com.heytap.mydevices.core.action.CoreOpDeviceAction$d@925b00a, success: true, devices: []
07-28 04:01:27.855  7631  8182 I mydevices[core].CoreOpDeviceAction: (DefaultDispatcher-worker-3)device input: []
07-28 04:01:27.855  7631  8182 I mydevices[core].OPSynergyScannerImpl: (DefaultDispatcher-worker-3)getOpDeviceList, onResult
07-28 04:01:27.855  4871  5133 I [UAH_CLIENT]: UahEventAcquire, cmdid:413, pkg:none, identity:OsenseHelperImpl
07-28 04:01:27.855  4871  4871 I SystemUi--QuickSettings: BackActionInteractor-->registerBackCallback true
07-28 04:01:27.855  4871  5929 D UXUtils : setHasTopUi: true; stack: com.oplus.systemui.shade.OplusNotificationShadeWindowControllerExImpl$uxFlagUpdateRunnable$1.run:12
07-28 04:01:27.855  4871  4871 I SystemUi--QuickSettings: OplusSeparateQSManager-->updateSeparateQSExpandState recomputeDisableFlags
07-28 04:01:27.855  3254  4451 D CoreBackPreview: Window{b8e68e6 u0 NotificationShade}: Setting back callback OnBackInvokedCallbackInfo{mCallback=android.window.IOnBackInvokedCallback$Stub$Proxy@6b15194, mPriority=0, mIsAnimationCallback=false}
07-28 04:01:27.855  4871  4871 I SystemUi--Statusbar: CollapsedSbFragment-->New visibilities calculated internally. StatusBarVisibilityModel(showClock: false showNotificationIcons:false showOngoingActivityChip:false showSystemInfo:false ) 
07-28 04:01:27.855  4871  4871 I SystemUi--Statusbar: CollapsedStatusBarFragmentExImpl-->animate: true, unlockAnimationRunning: false, fadingAway: false, keyguard: false
07-28 04:01:27.855  4871  5042 D RegionSamplingHelper =:    mCompositionSamplingListener.unregister
07-28 04:01:27.855  2138  2424 I BpBinder: onLastStrongRef automatically unlinking death recipients: 
07-28 04:01:27.855  4871  5042 I NotificationShadeWindowController: stop Pending key thread event (apply)
07-28 04:01:27.856  7631  7715 I mydevices[core].ControlCenterManager: (binder:7631_3)response data:DeviceSpaceInfo(version=2, panelDevices=[])
07-28 04:01:27.856  4871  4871 I SystemUi--Statusbar: CollapsedStatusBarFragmentExImpl-->StatusBarVisibilityModelEx: StatusBarVisibilityModelEx(showClock: false showPromptView:false showOngoingCallChip:false showNotificationContainer:false showOperatorName:false showSeedlingContainer:false ), animate: true
07-28 04:01:27.856  7631  7715 I mydevices[core].DeviceMainPageEvent: (binder:7631_3)uploadDeviceNumTypeName list empty
07-28 04:01:27.857  4871  4871 I SystemUi--Keyguard: KeyguardRapidUnlockUtils-->composeKeyguard show=true, reason=applyVisibility_show
07-28 04:01:27.857  4871  5758 D Tile.CustomTile.TVTileService: refreshState: tile not listening, ignore
07-28 04:01:27.857  4871  5758 D TileStateController: bindAppWhenListening: false ComponentInfo{com.oplus.linker/com.oplus.linker.synergy.service.TVTileService}
07-28 04:01:27.857  4871  6952 D OplusTileControllerPlugin: onSettingsStateChange: 1, componentName: ComponentInfo{com.oplus.linker/com.oplus.linker.synergy.service.TVTileService}
07-28 04:01:27.857  4871  5758 I SystemUi--QuickSettings: Tile.CustomTile.TVTileService-->bindServiceWhenListening: false when isOplusQsTile
07-28 04:01:27.857  4871  5758 D Tile.CustomTile.TVTileService: refreshState: tile not listening, ignore
07-28 04:01:27.857  1708  4792 E TetherController: property_get sys.radio.data.modem_share_flag return 0, 1!
07-28 04:01:27.857  4871  5758 D Tile.CustomTile.WindowsLinkTileService: refreshState: tile not listening, ignore
07-28 04:01:27.857  4871  5758 D TileStateController: bindAppWhenListening: false ComponentInfo{com.microsoft.appmanager/com.microsoft.appmanager.quicksettings.WindowsLinkTileService}
07-28 04:01:27.857  4871  5758 I SystemUi--QuickSettings: Tile.CustomTile.WindowsLinkTileService-->bindServiceWhenListening: false when isActiveTile && isTileReady
07-28 04:01:27.857  4871  5758 D Tile.CustomTile.WirelessReverseControService: refreshState: tile not listening, ignore
07-28 04:01:27.857  4871  5758 I SystemUi--QuickSettings: Tile.CustomTile.WirelessReverseControService-->bindServiceWhenListening: true as default
07-28 04:01:27.857  4871  5758 D TileStateController: updateCurrentStateIsNotDirty component:ComponentInfo{com.oplus.eyeprotect/com.oplus.eyeprotect.services.EyeProtectTileService}
07-28 04:01:27.857  4871  5758 D TileStateController: updateCurrentStateIsNotDirty component:ComponentInfo{com.oplus.linker/com.oplus.linker.synergy.service.TVTileService}
07-28 04:01:27.858  4871  4871 I SystemUi--Keyguard: KeyguardGlideTipView-->hideTips reason=hideGlideTipImmediateWithQsExpandingOrOplusKeyguardLoadOrGotoNtfCapsule withAnimator=true delayType=2
07-28 04:01:27.858  4871  4871 I SystemUi--Keyguard: KeyguardGlideTipView-->cancelBreathAnimation-isBreathAnimationRunning=false
07-28 04:01:27.858  4871  4871 I SystemUi--Keyguard: KeyguardAffordanceTipsView-->hideTips reason=QsExpandingOrOplusKeyguardLoadOrGotoNtfCapsule withAnimator=true delayType=2
07-28 04:01:27.859  7470  7470 W Battery : PowerSaveTileService: onCreate
07-28 04:01:27.860  4871  4871 D ViewRootImplExtImpl: wrapConfigInfoIntoFlags rotation=0, smallestScreenWidthDp=0, residentWS=false, scenario=0, bounds=Rect(0, 0 - 1080, 2376), relayoutAsync=false, flags=1, newFlags=1245708289, title=NotificationShade
07-28 04:01:27.860  3254  6733 D WindowManagerServiceExtImpl: extractConfigInfoAndRealFlags rotation=0, screenDp=0, residentWS:0, scenario:0, bounds:2376, serverWinBounds:Rect(0, 0 - 1080, 2376), win=Window{b8e68e6 u0 NotificationShade}
07-28 04:01:27.860  3254  6733 V WindowManager: Relayout Window{b8e68e6 u0 NotificationShade}: viewVisibility=0, oldvis=4, req=1080x2376, vsysui=, x=0, y=0
07-28 04:01:27.860  3254  6733 I WindowManager: Window{b8e68e6 u0 NotificationShade} state from NO_SURFACE to DRAW_PENDING; reason: resetDrawState
07-28 04:01:27.860  2138  2424 D OplusLayer: setProcInfo (133,NotificationShade#133,com.android.systemui,0x4578D52F)
07-28 04:01:27.861  4871  5970 I [DevicePlugin].DevicePanelPresenter.(DefaultDispatcher-worker-4): response code:30001; panelInfo:PanelInfo(panelState=DEVICE_HOME, panelDevices=[]), pluginVersion: 2
07-28 04:01:27.861  4871  5970 I [DevicePlugin].FixedSeparateModelPanel.(DefaultDispatcher-worker-4): onPanelInfoChanged
07-28 04:01:27.861  4871  5970 I [DevicePlugin].FixedSeparateModelPanel.(DefaultDispatcher-worker-4): updateView: panelState=DEVICE_HOME, panelDevices.size=0
07-28 04:01:27.861  4871  5086 D Tile.CustomTile.PowerSaveTileService: refreshState: tile not listening, ignore
07-28 04:01:27.861  4871  4892 D Tile.CustomTile.WirelessReverseControService: refreshState: tile not listening, ignore
07-28 04:01:27.861  3254  6733 D QuickBackInputPolicy: hasMultiChildrenInTask: false
07-28 04:01:27.861  3254  6733 D WindowManager: NFW_findFocusedWindowIfNeeded:Window{50edc0f u0 com.android.launcher/com.android.launcher.Launcher} mCurrentFocus:Window{50edc0f u0 com.android.launcher/com.android.launcher.Launcher}
07-28 04:01:27.862  4871  4871 W VRI[NotificationShade]: updateBlastSurfaceIfNeeded, surfaceSize:Point(1080, 2376), lastSurfaceSize:Point(1080, 2376), format:-3, blastBufferQueue:null
07-28 04:01:27.862  4871  4871 D BufferQueueConsumer: [](id:130700000009,api:0,p:-1,c:4871) connect: controlledByApp=false
07-28 04:01:27.862  4871  4871 I SystemUi--Keyguard: KeyguardEngineContainer-->onConfigurationChanged, locale = en-US,zh-CN, mLastLocale= en-US,zh-CN
07-28 04:01:27.863  4871  4871 I SystemUi--Keyguard: KeyguardEngineContainer-->onConfigurationChanged. font = 0, mLastFlipFont = 0, density = 480, mDensity = 480
07-28 04:01:27.863  4871  4871 I SystemUi--Keyguard: KeyguardPluginManager-->maybeReloadNormalKeyguard, uses default LockScreen
07-28 04:01:27.863  4871  4871 E ndroid.systemui: No package ID ff found for resource ID 0xffffffff.
07-28 04:01:27.863  4871  4871 E ndroid.systemui: No package ID ff found for resource ID 0xffffffff.
07-28 04:01:27.863  4871  4871 E ndroid.systemui: No package ID ff found for resource ID 0xffffffff.
07-28 04:01:27.864  4871  4871 E ThemeUtils: View class com.oplus.systemui.keyguard.view.GeneralFontVariationTextView is an AppCompat widget that can only be used with a Theme.AppCompat theme (or descendant).
07-28 04:01:27.864  4871  4871 E ThemeUtils: View class com.oplus.systemui.keyguard.view.GeneralFontVariationTextView is an AppCompat widget that can only be used with a Theme.AppCompat theme (or descendant).
07-28 04:01:27.864  4871  4871 I SystemUi--Keyguard: PictorialAppInfo-->isShowPictorialTipDevice true,bottomMargin=611
07-28 04:01:27.864  4871  4871 I SystemUi--Keyguard: PictorialFunctionContainer-->onWallpaperChange info is null or local or engine
07-28 04:01:27.864  4871  4871 I SystemUi--Keyguard: PictorialAppInfo-->isShowPictorialTipDevice true,bottomMargin=611
07-28 04:01:27.864  4871  4871 I SystemUi--Keyguard: PictorialAppInfo-->isShowPictorialTipDevice true,bottomMargin=611
07-28 04:01:27.864  4871  4871 I SystemUi--Notification: NotificationsQSContainerController-->onWindowConfigurationChange: splitShadeEnabled=false
07-28 04:01:27.864  4871  4871 I SystemUi--Notification: NotificationsQSContainerController-->updateResources: splitShadeEnabled=false, newSplitShadeEnabled=false
07-28 04:01:27.865  4871  4871 I SystemUi--Notification: OplusQSSimpleHeader-->shouldClick: true, isInSuperPowerSaveMode: false, isInWellBeingAssistantMode: false
07-28 04:01:27.865  4871  4871 I SystemUi--Notification: OplusQSSimpleHeader-->updateMarginTop, reason: configChange, newMarginTop: 102 currentMarginTop 102
07-28 04:01:27.866  4871  4871 I SystemUi--QuickSettings: OplusQuickStatusBarHeader-->[onConfigurationChanged] updateResources end, start call listener
07-28 04:01:27.868  4871  4871 I SystemUi--QuickSettings: OplusQuickStatusBarHeader-->[onConfigurationChanged] updateResources end, start call listener
07-28 04:01:27.868  4871  4871 I SystemUi--QuickSettings: OplusQSHighlightTileViewImpl-->updateIconViewSize mTileCanTips=true
07-28 04:01:27.869  4871  4871 I SystemUi--QuickSettings: OplusQSHighlightTileViewImpl-->updateIconViewSize mTileCanTips=true
07-28 04:01:27.870  4871  4871 I SystemUi--QuickSettings: OplusQsToggleSliderTouchExt-->getRealSize point: Point(1080, 2376) realScreenWidth: 1080 realScreenHeight: 2376
07-28 04:01:27.870  4871  4871 I SystemUi--QuickSettings: OplusQsToggleSliderLayout-->updateRadius radius= 57.815125, roundParams= OplusRoundParams(radiusDp=15.2, radius=45.6, weight=1.1, isCircle=false), isDefaultVolumeTheme = true
07-28 04:01:27.870  4871  4871 I COUIVerticalSeekBar: COUIVerticalSeekBar ensureSize : mIsProgressFull:true,mBackgroundRadius:45.6,mBackgroundWidth:179.0,mBackgroundEnlargeScale1.0,mProgressRadius:45.6,mProgressWidth:179.0,mProgressEnlargeScale1.0,mPaddingVertical45.6
07-28 04:01:27.870  4871  4871 I COUIVerticalSeekBar: updateBehavior * normalSeekBarHeight = 309,mPaddingVertical = 45.6,mIsPhysicsEnable = true,mPhysicalAnimator = null,mFlingBehavior = null,Thread_name = main,hashCode = 124980110,time = 1753689687870,stackChain = com.coui.appcompat.seekbar.COUIVerticalSeekBar.updateBehavior$1:14 com.coui.appcompat.seekbar.COUIVerticalSeekBar.ensureSize$1:182 com.coui.appcompat.seekbar.COUIVerticalSeekBar.setBackgroundRadius:3 com.oplus.systemui.qs.base.seek.OplusQsBaseToggleSliderLayout.updateRadius:60 
07-28 04:01:27.870  4871  4871 I COUIVerticalSeekBar: setPaddingVertical * paddingVertical = 45.6,hashCode = 124980110,time = 1753689687870
07-28 04:01:27.870  4871  4871 I COUIVerticalSeekBar: COUIVerticalSeekBar ensureSize : mIsProgressFull:true,mBackgroundRadius:45.6,mBackgroundWidth:179.0,mBackgroundEnlargeScale1.0,mProgressRadius:45.6,mProgressWidth:179.0,mProgressEnlargeScale1.0,mPaddingVertical45.6
07-28 04:01:27.870  4871  4871 I COUIVerticalSeekBar: updateBehavior * normalSeekBarHeight = 309,mPaddingVertical = 45.6,mIsPhysicsEnable = true,mPhysicalAnimator = null,mFlingBehavior = null,Thread_name = main,hashCode = 124980110,time = 1753689687870,stackChain = com.coui.appcompat.seekbar.COUIVerticalSeekBar.updateBehavior$1:14 com.coui.appcompat.seekbar.COUIVerticalSeekBar.ensureSize$1:182 com.coui.appcompat.seekbar.COUIVerticalSeekBar.setPaddingVertical:59 com.oplus.systemui.qs.base.seek.OplusQsBaseToggleSliderLayout.updateRadius:74 
07-28 04:01:27.870  4871  4871 I SystemUi--QuickSettings: OplusQsToggleSliderTouchExt-->getRealSize point: Point(1080, 2376) realScreenWidth: 1080 realScreenHeight: 2376
07-28 04:01:27.870  4871  4871 I SystemUi--QuickSettings: OplusQsToggleSliderLayout-->updateRadius radius= 57.815125, roundParams= OplusRoundParams(radiusDp=15.2, radius=45.6, weight=1.1, isCircle=false), isDefaultVolumeTheme = true
07-28 04:01:27.870  4871  4871 I COUIVerticalSeekBar: COUIVerticalSeekBar ensureSize : mIsProgressFull:true,mBackgroundRadius:45.6,mBackgroundWidth:179.0,mBackgroundEnlargeScale1.0,mProgressRadius:45.6,mProgressWidth:179.0,mProgressEnlargeScale1.0,mPaddingVertical45.6
07-28 04:01:27.870  4871  4871 I COUIVerticalSeekBar: updateBehavior * normalSeekBarHeight = 309,mPaddingVertical = 45.6,mIsPhysicsEnable = true,mPhysicalAnimator = null,mFlingBehavior = null,Thread_name = main,hashCode = 93912678,time = 1753689687870,stackChain = com.coui.appcompat.seekbar.COUIVerticalSeekBar.updateBehavior$1:14 com.coui.appcompat.seekbar.COUIVerticalSeekBar.ensureSize$1:182 com.coui.appcompat.seekbar.COUIVerticalSeekBar.setBackgroundRadius:3 com.oplus.systemui.qs.base.seek.OplusQsBaseToggleSliderLayout.updateRadius:60 
07-28 04:01:27.870  4871  4871 I COUIVerticalSeekBar: setPaddingVertical * paddingVertical = 45.6,hashCode = 93912678,time = 1753689687870
07-28 04:01:27.870  4871  4871 I COUIVerticalSeekBar: COUIVerticalSeekBar ensureSize : mIsProgressFull:true,mBackgroundRadius:45.6,mBackgroundWidth:179.0,mBackgroundEnlargeScale1.0,mProgressRadius:45.6,mProgressWidth:179.0,mProgressEnlargeScale1.0,mPaddingVertical45.6
07-28 04:01:27.870  4871  4871 I COUIVerticalSeekBar: updateBehavior * normalSeekBarHeight = 309,mPaddingVertical = 45.6,mIsPhysicsEnable = true,mPhysicalAnimator = null,mFlingBehavior = null,Thread_name = main,hashCode = 93912678,time = 1753689687870,stackChain = com.coui.appcompat.seekbar.COUIVerticalSeekBar.updateBehavior$1:14 com.coui.appcompat.seekbar.COUIVerticalSeekBar.ensureSize$1:182 com.coui.appcompat.seekbar.COUIVerticalSeekBar.setPaddingVertical:59 com.oplus.systemui.qs.base.seek.OplusQsBaseToggleSliderLayout.updateRadius:74 
07-28 04:01:27.870  4871  4871 I [DevicePlugin].NoDeviceEntranceCardView.(main): onConfigurationChanged
07-28 04:01:27.870  4871  4871 I [DevicePlugin].PlatformUtils.(main): isLowGaussianLevel: DEBUG_LEVEL = -1, ANIM_LEVEL = 1
07-28 04:01:27.870  4871  4871 I [DevicePlugin].PlatformUtils.(main): isGlobalThemeApplied: isGlobalTheme=false
07-28 04:01:27.870  4871  4871 I [DevicePlugin].PlatformUtils.(main): isBlurEnable: enable=true
07-28 04:01:27.870  4871  4871 I [DevicePlugin].PlatformUtils.(main): isGlobalThemeApplied: isGlobalTheme=false
07-28 04:01:27.870  4871  4871 I [DevicePlugin].PlatformUtils.(main): isLightOsGaussianLevel: DEBUG_LEVEL = -1, ANIM_LEVEL = 1
07-28 04:01:27.870  4871  4871 I [DevicePlugin].PlatformUtils.(main): isLightBlurEnable: enable=false
07-28 04:01:27.870  4871  4871 I [DevicePlugin].RectangleDeviceCardView.(main): onConfigurationChanged
07-28 04:01:27.870  4871  4871 I [DevicePlugin].PlatformUtils.(main): isLowGaussianLevel: DEBUG_LEVEL = -1, ANIM_LEVEL = 1
07-28 04:01:27.870  4871  4871 I [DevicePlugin].PlatformUtils.(main): isGlobalThemeApplied: isGlobalTheme=false
07-28 04:01:27.870  4871  4871 I [DevicePlugin].PlatformUtils.(main): isBlurEnable: enable=true
07-28 04:01:27.870  4871  4871 I [DevicePlugin].PlatformUtils.(main): isGlobalThemeApplied: isGlobalTheme=false
07-28 04:01:27.870  4871  4871 I [DevicePlugin].PlatformUtils.(main): isLightOsGaussianLevel: DEBUG_LEVEL = -1, ANIM_LEVEL = 1
07-28 04:01:27.870  4871  4871 I [DevicePlugin].PlatformUtils.(main): isLightBlurEnable: enable=false
07-28 04:01:27.870  4871  4871 I [DevicePlugin].RectangleEntranceCardView.(main): onConfigurationChanged
07-28 04:01:27.870  4871  4871 I [DevicePlugin].PlatformUtils.(main): isLowGaussianLevel: DEBUG_LEVEL = -1, ANIM_LEVEL = 1
07-28 04:01:27.870  4871  4871 I [DevicePlugin].PlatformUtils.(main): isGlobalThemeApplied: isGlobalTheme=false
07-28 04:01:27.871  4871  4871 I [DevicePlugin].PlatformUtils.(main): isBlurEnable: enable=true
07-28 04:01:27.871  4871  4871 I [DevicePlugin].PlatformUtils.(main): isGlobalThemeApplied: isGlobalTheme=false
07-28 04:01:27.871  4871  4871 I [DevicePlugin].PlatformUtils.(main): isLightOsGaussianLevel: DEBUG_LEVEL = -1, ANIM_LEVEL = 1
07-28 04:01:27.871  4871  4871 I [DevicePlugin].PlatformUtils.(main): isLightBlurEnable: enable=false
07-28 04:01:27.871  4871  4871 I [DevicePlugin].RectangleDeviceCardView.(main): onConfigurationChanged
07-28 04:01:27.871  4871  4871 I [DevicePlugin].PlatformUtils.(main): isLowGaussianLevel: DEBUG_LEVEL = -1, ANIM_LEVEL = 1
07-28 04:01:27.871  4871  4871 I [DevicePlugin].PlatformUtils.(main): isGlobalThemeApplied: isGlobalTheme=false
07-28 04:01:27.871  4871  4871 I [DevicePlugin].PlatformUtils.(main): isBlurEnable: enable=true
07-28 04:01:27.871  4871  4871 I [DevicePlugin].PlatformUtils.(main): isGlobalThemeApplied: isGlobalTheme=false
07-28 04:01:27.871  4871  4871 I [DevicePlugin].PlatformUtils.(main): isLightOsGaussianLevel: DEBUG_LEVEL = -1, ANIM_LEVEL = 1
07-28 04:01:27.871  4871  4871 I [DevicePlugin].PlatformUtils.(main): isLightBlurEnable: enable=false
07-28 04:01:27.871  4871  4871 I [DevicePlugin].SquareDeviceCardView.(main): onConfigurationChanged
07-28 04:01:27.871  4871  4871 I [DevicePlugin].PlatformUtils.(main): isLowGaussianLevel: DEBUG_LEVEL = -1, ANIM_LEVEL = 1
07-28 04:01:27.871  4871  4871 I [DevicePlugin].PlatformUtils.(main): isGlobalThemeApplied: isGlobalTheme=false
07-28 04:01:27.871  4871  4871 I [DevicePlugin].PlatformUtils.(main): isBlurEnable: enable=true
07-28 04:01:27.871  4871  4871 I [DevicePlugin].PlatformUtils.(main): isGlobalThemeApplied: isGlobalTheme=false
07-28 04:01:27.871  4871  4871 I [DevicePlugin].PlatformUtils.(main): isLightOsGaussianLevel: DEBUG_LEVEL = -1, ANIM_LEVEL = 1
07-28 04:01:27.871  4871  4871 I [DevicePlugin].PlatformUtils.(main): isLightBlurEnable: enable=false
07-28 04:01:27.871  4871  4871 I [DevicePlugin].SquareEntranceCardView.(main): onConfigurationChanged
07-28 04:01:27.871  4871  4871 I [DevicePlugin].PlatformUtils.(main): isLowGaussianLevel: DEBUG_LEVEL = -1, ANIM_LEVEL = 1
07-28 04:01:27.871  4871  4871 I [DevicePlugin].PlatformUtils.(main): isGlobalThemeApplied: isGlobalTheme=false
07-28 04:01:27.871  4871  4871 I [DevicePlugin].PlatformUtils.(main): isBlurEnable: enable=true
07-28 04:01:27.871  4871  4871 I [DevicePlugin].PlatformUtils.(main): isGlobalThemeApplied: isGlobalTheme=false
07-28 04:01:27.871  4871  4871 I [DevicePlugin].PlatformUtils.(main): isLightOsGaussianLevel: DEBUG_LEVEL = -1, ANIM_LEVEL = 1
07-28 04:01:27.871  4871  4871 I [DevicePlugin].PlatformUtils.(main): isLightBlurEnable: enable=false
07-28 04:01:27.871  4871  4871 I [DevicePlugin].SquareDeviceCardView.(main): onConfigurationChanged
07-28 04:01:27.871  4871  4871 I [DevicePlugin].PlatformUtils.(main): isLowGaussianLevel: DEBUG_LEVEL = -1, ANIM_LEVEL = 1
07-28 04:01:27.871  4871  4871 I [DevicePlugin].PlatformUtils.(main): isGlobalThemeApplied: isGlobalTheme=false
07-28 04:01:27.871  4871  4871 I [DevicePlugin].PlatformUtils.(main): isBlurEnable: enable=true
07-28 04:01:27.871  4871  4871 I [DevicePlugin].PlatformUtils.(main): isGlobalThemeApplied: isGlobalTheme=false
07-28 04:01:27.871  4871  4871 I [DevicePlugin].PlatformUtils.(main): isLightOsGaussianLevel: DEBUG_LEVEL = -1, ANIM_LEVEL = 1
07-28 04:01:27.871  4871  4871 I [DevicePlugin].PlatformUtils.(main): isLightBlurEnable: enable=false
07-28 04:01:27.871  4871  4871 I [DevicePlugin].SquareDeviceCardView.(main): onConfigurationChanged
07-28 04:01:27.871  4871  4871 I [DevicePlugin].PlatformUtils.(main): isLowGaussianLevel: DEBUG_LEVEL = -1, ANIM_LEVEL = 1
07-28 04:01:27.871  4871  4871 I [DevicePlugin].PlatformUtils.(main): isGlobalThemeApplied: isGlobalTheme=false
07-28 04:01:27.871  4871  4871 I [DevicePlugin].PlatformUtils.(main): isBlurEnable: enable=true
07-28 04:01:27.871  4871  4871 I [DevicePlugin].PlatformUtils.(main): isGlobalThemeApplied: isGlobalTheme=false
07-28 04:01:27.871  4871  4871 I [DevicePlugin].PlatformUtils.(main): isLightOsGaussianLevel: DEBUG_LEVEL = -1, ANIM_LEVEL = 1
07-28 04:01:27.871  4871  4871 I [DevicePlugin].PlatformUtils.(main): isLightBlurEnable: enable=false
07-28 04:01:27.871  4871  4871 I [DevicePlugin].SquareDeviceCardView.(main): onConfigurationChanged
07-28 04:01:27.871  4871  4871 I [DevicePlugin].PlatformUtils.(main): isLowGaussianLevel: DEBUG_LEVEL = -1, ANIM_LEVEL = 1
07-28 04:01:27.871  4871  4871 I [DevicePlugin].PlatformUtils.(main): isGlobalThemeApplied: isGlobalTheme=false
07-28 04:01:27.871  4871  4871 I [DevicePlugin].PlatformUtils.(main): isBlurEnable: enable=true
07-28 04:01:27.871  4871  4871 I [DevicePlugin].PlatformUtils.(main): isGlobalThemeApplied: isGlobalTheme=false
07-28 04:01:27.871  4871  4871 I [DevicePlugin].PlatformUtils.(main): isLightOsGaussianLevel: DEBUG_LEVEL = -1, ANIM_LEVEL = 1
07-28 04:01:27.871  4871  4871 I [DevicePlugin].PlatformUtils.(main): isLightBlurEnable: enable=false
07-28 04:01:27.871  4871  4871 I [DevicePlugin].SquareEntranceCardView.(main): onConfigurationChanged
07-28 04:01:27.871  4871  4871 I [DevicePlugin].PlatformUtils.(main): isLowGaussianLevel: DEBUG_LEVEL = -1, ANIM_LEVEL = 1
07-28 04:01:27.871  4871  4871 I [DevicePlugin].PlatformUtils.(main): isGlobalThemeApplied: isGlobalTheme=false
07-28 04:01:27.871  4871  4871 I [DevicePlugin].PlatformUtils.(main): isBlurEnable: enable=true
07-28 04:01:27.871  4871  4871 I [DevicePlugin].PlatformUtils.(main): isGlobalThemeApplied: isGlobalTheme=false
07-28 04:01:27.871  4871  4871 I [DevicePlugin].PlatformUtils.(main): isLightOsGaussianLevel: DEBUG_LEVEL = -1, ANIM_LEVEL = 1
07-28 04:01:27.871  4871  4871 I [DevicePlugin].PlatformUtils.(main): isLightBlurEnable: enable=false
07-28 04:01:27.873  4871  4871 I SystemUi--QuickSettings: OplusSeparateQSCustomizer-->updateResources tileRow= 3
07-28 04:01:27.873  4871  4871 I SystemUi--QuickSettings: OplusSeparateQSCustomizer--> mUsableWidth=1080
07-28 04:01:27.873  4871  4871 I SystemUi--QuickSettings: OplusSeparateQSCustomizer--> mEditCellWidth=175 mEditCellMarginHorizontal=66 mItemHeight=271 mHorizontalSidePadding=57
07-28 04:01:27.873  4871  4871 I SystemUi--QuickSettings: OplusQsToggleSliderTouchExt-->getRealSize point: Point(1080, 2376) realScreenWidth: 1080 realScreenHeight: 2376
07-28 04:01:27.873  4871  4871 I SystemUi--QuickSettings: OplusQsToggleSliderLayout-->updateRadius radius= 57.815125, roundParams= OplusRoundParams(radiusDp=15.2, radius=45.6, weight=1.1, isCircle=false), isDefaultVolumeTheme = true
07-28 04:01:27.874  4871  4871 I COUIVerticalSeekBar: COUIVerticalSeekBar ensureSize : mIsProgressFull:true,mBackgroundRadius:45.6,mBackgroundWidth:179.0,mBackgroundEnlargeScale1.0,mProgressRadius:45.6,mProgressWidth:179.0,mProgressEnlargeScale1.0,mPaddingVertical45.6
07-28 04:01:27.874  4871  4871 I COUIVerticalSeekBar: updateBehavior * normalSeekBarHeight = 309,mPaddingVertical = 45.6,mIsPhysicsEnable = true,mPhysicalAnimator = null,mFlingBehavior = null,Thread_name = main,hashCode = 225331255,time = 1753689687874,stackChain = com.coui.appcompat.seekbar.COUIVerticalSeekBar.updateBehavior$1:14 com.coui.appcompat.seekbar.COUIVerticalSeekBar.ensureSize$1:182 com.coui.appcompat.seekbar.COUIVerticalSeekBar.setBackgroundRadius:3 com.oplus.systemui.qs.base.seek.OplusQsBaseToggleSliderLayout.updateRadius:60 
07-28 04:01:27.874  4871  4871 I COUIVerticalSeekBar: setPaddingVertical * paddingVertical = 45.6,hashCode = 225331255,time = 1753689687874
07-28 04:01:27.874  4871  4871 I COUIVerticalSeekBar: COUIVerticalSeekBar ensureSize : mIsProgressFull:true,mBackgroundRadius:45.6,mBackgroundWidth:179.0,mBackgroundEnlargeScale1.0,mProgressRadius:45.6,mProgressWidth:179.0,mProgressEnlargeScale1.0,mPaddingVertical45.6
07-28 04:01:27.874  4871  4871 I COUIVerticalSeekBar: updateBehavior * normalSeekBarHeight = 309,mPaddingVertical = 45.6,mIsPhysicsEnable = true,mPhysicalAnimator = null,mFlingBehavior = null,Thread_name = main,hashCode = 225331255,time = 1753689687874,stackChain = com.coui.appcompat.seekbar.COUIVerticalSeekBar.updateBehavior$1:14 com.coui.appcompat.seekbar.COUIVerticalSeekBar.ensureSize$1:182 com.coui.appcompat.seekbar.COUIVerticalSeekBar.setPaddingVertical:59 com.oplus.systemui.qs.base.seek.OplusQsBaseToggleSliderLayout.updateRadius:74 
07-28 04:01:27.874  4871  4871 I SystemUi--Common: WindowRootView-->leftInset:0 rightInset:0  rootWindowInsets.displayCutout:DisplayCutout{insets=Rect(0, 120 - 0, 0) waterfall=Insets{left=0, top=0, right=0, bottom=0} boundingRect={Bounds=[Rect(0, 0 - 0, 0), Rect(512, 0 - 569, 120), Rect(0, 0 - 0, 0), Rect(0, 0 - 0, 0)]} cutoutPathParserInfo={CutoutPathParserInfo{displayWidth=1080 displayHeight=2376 physicalDisplayWidth=1440 physicalDisplayHeight=3168 density={4.0} cutoutSpec={M -38,0 L -38,160 L 38,160 L 38,0 Z} rotation={0} scale={1.0} physicalPixelDisplaySizeRatio={0.75}}} sideOverrides={}} windowInsets.displayCutout:DisplayCutout{insets=Rect(0, 120 - 0, 0) waterfall=Insets{left=0, top=0, right=0, bottom=0} boundingRect={Bounds=[Rect(0, 0 - 0, 0), Rect(512, 0 - 569, 120), Rect(0, 0 - 0, 0), Rect(0, 0 - 0, 0)]} cutoutPathParserInfo={CutoutPathParserInfo{displayWidth=1080 displayHeight=2376 physicalDisplayWidth=1440 physicalDisplayHeight=3168 density={4.0} cutoutSpec={M -38,0 L -38,160 L 38,160 L 38,0 Z} rotation={0} scale={1.0} physicalPixelDisplaySizeRatio={0.75}}} sideOverrides={}} currentRotation:1
07-28 04:01:27.874  4871  4871 I SystemUi--QuickSettings: OplusQuickStatusBarHeader-->onApplyWindowInsets mIgnoreCenterHole: true mCenterHoleSpaceLp: androidx.constraintlayout.widget.ConstraintLayout$LayoutParams@9e5a2a
07-28 04:01:27.874  4871  4871 I SystemUi--QuickSettings: OplusQuickStatusBarHeader-->updateCenterHoleView visibility: 8 isLpChanged: false
07-28 04:01:27.874  4871  4871 I SystemUi--QuickSettings: OplusQuickStatusBarHeader-->updateCenterHoleView visibility: 8 isLpChanged: false
07-28 04:01:27.874  4871  4871 I PluginSeedling--Base: SeedlingPluginService-->onStateChange: Bundle[{rect=RectF(509.25, 29.25, 570.75, 90.75), state=onHoleRectChanged}]
07-28 04:01:27.874  4871  4871 I SystemUi--Statusbar: StatusBarPaddingProvider-->updateContentsPadding: (51, 14, 60, 15), screenHoleHeight: 61 isLandscape=false, rotation: 0 screenHoleBottom: 90 statusBarHeight: 120 seedlingHeight: 90 switchSupport: true percentScreen:0.75 baseScreenWidth:1080 stableDisplayWidth:1440
07-28 04:01:27.874  4871  4871 I SystemUi--QuickSettings: OplusQuickStatusBarHeader-->onApplyWindowInsets mIgnoreCenterHole: true mCenterHoleSpaceLp: androidx.constraintlayout.widget.ConstraintLayout$LayoutParams@961601b
07-28 04:01:27.874  4871  4871 I SystemUi--QuickSettings: OplusQuickStatusBarHeader-->updateCenterHoleView visibility: 8 isLpChanged: false
07-28 04:01:27.874  4871  4871 I SystemUi--QuickSettings: OplusQuickStatusBarHeader-->updateCenterHoleView visibility: 8 isLpChanged: false
07-28 04:01:27.875  4871  5532 D BufferQueueProducer: [VRI[NotificationShade]#8(BLAST Consumer)8](id:130700000009,api:1,p:4871,c:4871) connect: api=1 producerControlledByApp=true
07-28 04:01:27.884  4871  4871 I SurfaceControl:  setExtendedRangeBrightness sc=Surface(name=NotificationShade)/@0x3404be,currentBufferRatio=1.0,desiredRatio=1.0
07-28 04:01:27.896  2138  2424 D SurfaceFlinger: captureLayers from pid 5453 uid -335
07-28 04:01:27.897  2138  2424 W SurfaceFlinger: Skipping screen capture because of invalid layer.
07-28 04:01:27.897  5453  5585 E ScreenCapture: Failed to generate screen capture. Error code: -12
07-28 04:01:27.897  5453  5585 E Blur_ScreenCapture: [captureScreenInternal] exceeds fail times limit=1
07-28 04:01:27.904  4871  5532 D BLASTBufferQueue: [VRI[NotificationShade]#8](f:0,a:1) acquireNextBufferLocked size=1080x2376 mFrameNumber=1 applyTransaction=true mTimestamp=57623728727(auto) mPendingTransactions.size=0 graphicBufferId=20920785698866 transform=0
07-28 04:01:27.904  4871  5532 D VRI[NotificationShade]: Received frameCommittedCallback lastAttemptedDrawFrameNum=1 didProduceBuffer=true syncBuffer=false
07-28 04:01:27.904  4871  4871 D VRI[NotificationShade]: draw finished. seqId=0
07-28 04:01:27.904  3254  6733 I WindowManager: Window{b8e68e6 u0 NotificationShade} state from DRAW_PENDING to COMMIT_DRAW_PENDING; reason: finishDrawingLocked
07-28 04:01:27.905  3254  3594 I WindowManager: Window{b8e68e6 u0 NotificationShade} state from COMMIT_DRAW_PENDING to READY_TO_SHOW; reason: commitFinishDrawingLocked
07-28 04:01:27.906  3254  3594 I WindowManager: Window{b8e68e6 u0 NotificationShade} state from READY_TO_SHOW to HAS_DRAWN; reason: performShowLocked
07-28 04:01:27.906  4871  5758 V OplusCustomizeCacheManager: queryCache name: sys.cache.common_customize_cache11011 param: null
07-28 04:01:27.906  4871  5758 V OplusCustomizeCacheManager: queryCache name: sys.cache.common_customize_cache11010 param: null
07-28 04:01:27.907  4871  4871 D ZenModeController: Added callback class com.oplus.systemui.qs.tiles.OplusDndTile$1
07-28 04:01:27.907  4871  4871 I SystemUi--QuickSettings: OplusQsBrightnessSliderController-->setProgressAnimation value: 74 isListening: true  screenBrightnessDuration: 0.0  startValue: 0 startTime: 0 lastDuration: 3691.0 lastStartTime: 51900  max: 4089 sliderProgress: 0 needResetLastAnimation: false
07-28 04:01:27.907  4871  4871 I SystemUi--QuickSettings: OplusQsBrightnessSliderController-->handleNoDuration proportion: 1.0 currentProgress: 74 duration: 0.0 lastStartValue: 280 sliderProgress: 74
07-28 04:01:27.907  4871  4871 I SystemUi--Notification: OplusHeadsUpCoreStart-->isVisibility: true
07-28 04:01:27.908  4871  4871 I SystemUi--Notification: OplusNotificationShadeWindowControllerExImpl-->SHADE_FOCUSABLE-->mNotificationShadeFocusable= true, mPanelExpanded= true, mBouncerShowing= false, mKeyguardShowing= false, mKeyguardOccluded= false, mKeyguardNeedsInput= false, ENABLE_REMOTE_INPUT= true, mRemoteInputActive= false, layoutFlags= -2121924544
07-28 04:01:27.908  4871  4871 I SystemUi--Notification: OplusNotificationShadeWindowControllerExImpl-->SHADE_VISIBLE-->mKeyguardShowing= false, mKeyguardOccluded= false, mPanelVisible= false, mKeyguardFadingAway= false, mKeyguardGoingAway= false, mBouncerShowing= false, mScrimsVisibility= 1, mBackgroundBlurRadius= 0, mForcePluginOpen= false, mediaBackdropShowing= false, viewVisibility= true, qsBlurFraction= 0.005146167, panelBlurFraction= 0.0
07-28 04:01:27.908  4871  5758 V OplusCustomizeCacheManager: queryCache name: sys.cache.common_customize_cache18014 param: null
07-28 04:01:27.908  4871  5758 D OplusCustomizeCacheManager: add cachename to map: sys.cache.common_customize_cache18014
07-28 04:01:27.908  4871  5758 V OplusCustomizeCacheManager: start recompute
07-28 04:01:27.908  4871  4871 I PluginSeedling--CapsuleCard: CardRootViewModel-->onExpandedChanged: true
07-28 04:01:27.908  4871  5758 V OplusCustomizeCacheManager: queryCache name: sys.cache.common_customize_cache18017 param: Bundle[{SETTING=BLOCK, BUSINESS=NCT-DATA}]
07-28 04:01:27.908  4871  5758 D OplusCustomizeCacheManager: add cachename to map: sys.cache.common_customize_cache18017
07-28 04:01:27.908  4871  4871 I PluginSeedling--StateMachine: StateEventManager-->stable: true, event: null
07-28 04:01:27.908  4871  5758 V OplusCustomizeCacheManager: start recompute
07-28 04:01:27.909  3254  6733 D OplusCustomizeSecurityManagerService: we can't find the BLOCK
07-28 04:01:27.909  4871  5758 V OplusCustomizeCacheManager: queryCache name: sys.cache.common_customize_cache18013 param: null
07-28 04:01:27.909  4871  5758 V OplusCustomizeCacheManager: queryCache name: sys.cache.common_customize_cache18025 param: null
07-28 04:01:27.909  4871  5758 I SystemUi--QuickSettings: Tile.OplusAirplaneModeTile-->handleUpdateState state.state: 2 value: 1
07-28 04:01:27.909  4871  5758 V OplusCustomizeCacheManager: queryCache name: sys.cache.common_customize_cache18026 param: null
07-28 04:01:27.910  3254  5211 I InputDispatcher: injectInputEvent: targetUid=<not set>, syncMode=WAIT_FOR_FINISHED, timeout=30000ms, policyFlags=0x8000000, event=MotionEvent { action=MOVE, id[0]=0, x[0]=900, y[0]=634.134, eventTime=57630000000, downTime=57538000000, deviceId=4, source=TOUCHSCREEN, displayId=0, eventId=0xf47fe272}
07-28 04:01:27.910  4871  4871 I SystemUi--Keyguard: ScrimControllerExImp-->blur State to UNLOCK, bouncer=false changeFromBouncerScrim= false runnerUnlock= false goingAway=false hasHandle=true isOccludeAnimationPlaying=false
07-28 04:01:27.911  4871  4871 I SystemUi--Keyguard: ScrimControllerExImp-->blur State to UNLOCK, bouncer=false changeFromBouncerScrim= false runnerUnlock= false goingAway=false hasHandle=true isOccludeAnimationPlaying=false
07-28 04:01:27.911  4871  4871 D ViewRootImplExtImpl: wrapConfigInfoIntoFlags rotation=0, smallestScreenWidthDp=360, residentWS=false, scenario=0, bounds=Rect(0, 0 - 1080, 2376), relayoutAsync=true, flags=1, newFlags=1245719809, title=NotificationShade
07-28 04:01:27.911  4871  4871 W VRI[NotificationShade]: updateBlastSurfaceIfNeeded, surfaceSize:Point(1080, 2376), lastSurfaceSize:Point(1080, 2376), format:-3, blastBufferQueue:android.graphics.BLASTBufferQueue@3b42b3
07-28 04:01:27.911  3254  4185 D WindowManagerServiceExtImpl: extractConfigInfoAndRealFlags rotation=0, screenDp=360, residentWS:0, scenario:0, bounds:2376, serverWinBounds:Rect(0, 0 - 1080, 2376), win=Window{b8e68e6 u0 NotificationShade}
07-28 04:01:27.911  4871  5758 V OplusCustomizeCacheManager: queryCache name: sys.cache.common_customize_cache11009 param: null
07-28 04:01:27.911  3254  4185 V WindowManager: Relayout Window{b8e68e6 u0 NotificationShade}: viewVisibility=0, oldvis=0, req=1080x2376, vsysui=, x=0, y=0
07-28 04:01:27.911  4871  4871 I SurfaceControl:  setExtendedRangeBrightness sc=Surface(name=NotificationShade)/@0x3404be,currentBufferRatio=1.0,desiredRatio=1.0
07-28 04:01:27.912  3254  4185 D RefreshRate: initControlPanelRefreshRateData PreferredRefreshRateData{mPreferredRefreshRateId=[3, 1, 2, 3],isAnimBoost=true}
07-28 04:01:27.912  3254  4185 D WindowManager: NFW_findFocusedWindowIfNeeded:Window{b8e68e6 u0 NotificationShade} mCurrentFocus:Window{50edc0f u0 com.android.launcher/com.android.launcher.Launcher}
07-28 04:01:27.912  3254  4185 V WindowManager: Changing focus from Window{50edc0f u0 com.android.launcher/com.android.launcher.Launcher} to Window{b8e68e6 u0 NotificationShade},diplayid=0
07-28 04:01:27.912  3254  4611 E OplusUIFirst_WS: unknown window type: -1
07-28 04:01:27.912  3254  4611 E UAH-Framework: invalid window type -1
07-28 04:01:27.913  3254  4665 E FBProcessManager: unknown window type: -1
07-28 04:01:27.913  3254  3776 D VRR [OPlusRefreshRateService]: Receive multi scene changed eventId = 5 bundleList.size = 2
07-28 04:01:27.913  4871  5758 V OplusCustomizeCacheManager: queryCache name: sys.cache.common_customize_cache18027 param: null
07-28 04:01:27.913  3254  4185 D Theia.NoFocusWindow: FocusWindowErrorScene cancelCheckFreezeScreen
07-28 04:01:27.913  3254  4185 W TheiaWindowMonitor: [check] focusedWindow is null or enable is false
07-28 04:01:27.914  3254  3677 I UserAwareMgr: handleFgAppChanged, pkgName: com.android.systemui, pid: 4871, isVisible: true, fgAppType: FG2
07-28 04:01:27.914  3254  3677 I UserAwareMgr: fg app status not changed, beforeVisible: true, currentVisible: true
07-28 04:01:27.914  4871  5758 V OplusCustomizeCacheManager: queryCache name: sys.cache.common_customize_cache11010 param: null
07-28 04:01:27.914  3254  3594 D SurfaceComposerClient: Transaction::apply InputWindowCommands.focusRequests timestamp=57633742424, windowName=b8e68e6 NotificationShade
07-28 04:01:27.914  4871  4871 W SystemUi--Common: SubsetBitmapDrawable-->[isValid] innerBitmap?.isRecycled=null
07-28 04:01:27.915  4871  4871 I SystemUi--Statusbar: BatteryViewBinder-->create drawable: com.oplus.systemui.statusbar.pipeline.battery.ui.drawable.HorizontalBatteryContentDrawable@50c5bcc iconStyle:BatteryIconStyle(iconStyle=1, oldStylePercentIn=false, densityDpi=480, scaleFactor=1.0, themeId=0, isThemeModeColor=false, frameColorMode=0, isPercentOutBgMode=false, isPercentOutPbMode=false, batteryOutChargeBgMode=0)
07-28 04:01:27.916  7470  7470 W Battery : PowerSaveTileService: updateTileState false
07-28 04:01:27.916  4871  4871 I SystemUi--Statusbar: BatteryViewBinder-->create drawable: com.oplus.systemui.statusbar.pipeline.battery.ui.drawable.HorizontalBatteryContentDrawable@be496d0 iconStyle:BatteryIconStyle(iconStyle=1, oldStylePercentIn=false, densityDpi=480, scaleFactor=1.0, themeId=0, isThemeModeColor=false, frameColorMode=0, isPercentOutBgMode=false, isPercentOutPbMode=false, batteryOutChargeBgMode=0)
07-28 04:01:27.917  4871  4871 W SystemUi--Common: SubsetBitmapDrawable-->[isValid] innerBitmap?.isRecycled=null
07-28 04:01:27.918  4871  4871 I SystemUi--Statusbar: BatteryViewBinder-->create drawable: com.oplus.systemui.statusbar.pipeline.battery.ui.drawable.HorizontalBatteryContentDrawable@9cc5a73 iconStyle:BatteryIconStyle(iconStyle=1, oldStylePercentIn=false, densityDpi=480, scaleFactor=1.0, themeId=0, isThemeModeColor=false, frameColorMode=0, isPercentOutBgMode=false, isPercentOutPbMode=false, batteryOutChargeBgMode=0)
07-28 04:01:27.918  4871  4871 I SystemUi--Statusbar: BatteryViewBinder-->create drawable: com.oplus.systemui.statusbar.pipeline.battery.ui.drawable.HorizontalBatteryContentDrawable@783bd30 iconStyle:BatteryIconStyle(iconStyle=1, oldStylePercentIn=false, densityDpi=480, scaleFactor=1.0, themeId=0, isThemeModeColor=false, frameColorMode=0, isPercentOutBgMode=false, isPercentOutPbMode=false, batteryOutChargeBgMode=0)
07-28 04:01:27.920  4871  4871 I SystemUi--Keyguard: ScrimControllerExImp-->blur State to UNLOCK, bouncer=false changeFromBouncerScrim= false runnerUnlock= false goingAway=false hasHandle=true isOccludeAnimationPlaying=false
07-28 04:01:27.920  3254  5211 I InputDispatcher: injectInputEvent: targetUid=<not set>, syncMode=WAIT_FOR_FINISHED, timeout=30000ms, policyFlags=0x8000000, event=MotionEvent { action=MOVE, id[0]=0, x[0]=900, y[0]=699.8, eventTime=57640000000, downTime=57538000000, deviceId=4, source=TOUCHSCREEN, displayId=0, eventId=0xe291254e}
07-28 04:01:27.921  4871  5970 D Util    : isPkgInstalled_isPkgInstalled = false
07-28 04:01:27.921  4871  4871 I SystemUi--Keyguard: ScrimControllerExImp-->blur State to UNLOCK, bouncer=false changeFromBouncerScrim= false runnerUnlock= false goingAway=false hasHandle=true isOccludeAnimationPlaying=false
07-28 04:01:27.921  4871  4871 I SystemUi--QuickSettings: QSPanelAnimatorManager-->showFirstElement
07-28 04:01:27.921  3254  3758 D PowerManagerService: userActivityNoUpdateLocked: groupId=0, eventTime=57640, event=touch, flags=0x0, uid=1000
07-28 04:01:27.921  4871  5970 D Util    : isPkgInstalled_isPkgInstalled = true
07-28 04:01:27.922  2138  2138 D OplusInfoMonitor: setListenerReport: reportInfo:
07-28 04:01:27.922  2138  2424 D SurfaceFlinger: captureLayers from pid 5453 uid -335
07-28 04:01:27.923  4871  4871 D JankUtils: gfxSceneBegin; scene: 7; sceneDes: QS PULL
07-28 04:01:27.924  4871  4871 I SystemUi--Keyguard: ScrimControllerExImp-->blur State to UNLOCK, bouncer=false changeFromBouncerScrim= false runnerUnlock= false goingAway=false hasHandle=true isOccludeAnimationPlaying=false
07-28 04:01:27.924  4871  4871 I SystemUi--Keyguard: ScrimControllerExImp-->blur State to UNLOCK, bouncer=false changeFromBouncerScrim= false runnerUnlock= false goingAway=false hasHandle=true isOccludeAnimationPlaying=false
07-28 04:01:27.925  2138  3661 D SurfaceFlinger: updateWinowInfo=1, setFocusedWindow timestamp=57633742424, windowName=b8e68e6 NotificationShade
07-28 04:01:27.925  3254  4185 I InputDispatcher: NFW_setFocusedWindow, b8e68e6 NotificationShade on display 0, same as the previous:0
07-28 04:01:27.925  3254  4185 I InputDispatcher: updateFocusedWindow, b8e68e6 NotificationShade on display 0, reason: setFocusedWindow, result:   FocusedWindows:
07-28 04:01:27.925  3254  4185 I InputDispatcher:     displayId=0, name='b8e68e6 NotificationShade'
07-28 04:01:27.926  4871  4871 D VRI[NotificationShade]: onFocusEvent true
07-28 04:01:27.926  5260  5260 D VRI[Launcher]: onFocusEvent false
07-28 04:01:27.926  4871  4871 I SystemUi--Keyguard: OplusRepeatWhenAttachedUnlock-->updateState: view.windowVisibility: 0, keyguardShow: false, isInPreviewMode: false, view.hasWindowFocus(): true
07-28 04:01:27.926  4871  4871 I SystemUi--Keyguard: OplusRepeatWhenAttachedUnlock-->updateState: view.windowVisibility: 0, keyguardShow: false, isInPreviewMode: false, view.hasWindowFocus(): true
07-28 04:01:27.928  1909  5706 I SnapAlloc: Using graphics libs for alignment calculations
07-28 04:01:27.929  1909  5706 I SnapAlloc: Using graphics libs for alignment calculations
07-28 04:01:27.930  1909  5706 I SnapAlloc: Using graphics libs for alignment calculations
07-28 04:01:27.932  3254  5211 I InputDispatcher: injectInputEvent: targetUid=<not set>, syncMode=WAIT_FOR_FINISHED, timeout=30000ms, policyFlags=0x8000000, event=MotionEvent { action=MOVE, id[0]=0, x[0]=900, y[0]=778.6, eventTime=57652000000, downTime=57538000000, deviceId=4, source=TOUCHSCREEN, displayId=0, eventId=0xcded1f8c}
07-28 04:01:27.933  4871  4871 I SystemUi--Keyguard: ScrimControllerExImp-->blur State to UNLOCK, bouncer=false changeFromBouncerScrim= false runnerUnlock= false goingAway=false hasHandle=true isOccludeAnimationPlaying=false
07-28 04:01:27.933  4871  4871 I SystemUi--Keyguard: ScrimControllerExImp-->blur State to UNLOCK, bouncer=false changeFromBouncerScrim= false runnerUnlock= false goingAway=false hasHandle=true isOccludeAnimationPlaying=false
07-28 04:01:27.940  1909  5706 I SnapAlloc: Using graphics libs for alignment calculations
07-28 04:01:27.941  4871  4871 I SystemUi--Keyguard: ScrimControllerExImp-->blur State to UNLOCK, bouncer=false changeFromBouncerScrim= false runnerUnlock= false goingAway=false hasHandle=true isOccludeAnimationPlaying=false
07-28 04:01:27.941  3254  5211 I InputDispatcher: injectInputEvent: targetUid=<not set>, syncMode=WAIT_FOR_FINISHED, timeout=30000ms, policyFlags=0x8000000, event=MotionEvent { action=MOVE, id[0]=0, x[0]=900, y[0]=831.134, eventTime=57660000000, downTime=57538000000, deviceId=4, source=TOUCHSCREEN, displayId=0, eventId=0xe9269716}
07-28 04:01:27.941  4871  4871 I SystemUi--Keyguard: ScrimControllerExImp-->blur State to UNLOCK, bouncer=false changeFromBouncerScrim= false runnerUnlock= false goingAway=false hasHandle=true isOccludeAnimationPlaying=false
07-28 04:01:27.941  4871  4871 I SystemUi--QuickSettings: QSPanelAnimatorManager-->showSecondElement
07-28 04:01:27.949  4871  4871 I SystemUi--Keyguard: ScrimControllerExImp-->blur State to UNLOCK, bouncer=false changeFromBouncerScrim= false runnerUnlock= false goingAway=false hasHandle=true isOccludeAnimationPlaying=false
07-28 04:01:27.949  3254  5211 I InputDispatcher: injectInputEvent: targetUid=<not set>, syncMode=WAIT_FOR_FINISHED, timeout=30000ms, policyFlags=0x8000000, event=MotionEvent { action=MOVE, id[0]=0, x[0]=900, y[0]=890.233, eventTime=57669000000, downTime=57538000000, deviceId=4, source=TOUCHSCREEN, displayId=0, eventId=0xc3871d87}
07-28 04:01:27.950  4871  4871 I SystemUi--Keyguard: ScrimControllerExImp-->blur State to UNLOCK, bouncer=false changeFromBouncerScrim= false runnerUnlock= false goingAway=false hasHandle=true isOccludeAnimationPlaying=false
07-28 04:01:27.955  4871  5337 I SystemUi--Statusbar: PrivacyDotViewController-->processNextViewState: 
07-28 04:01:27.955  4871  5337 I SystemUi--Statusbar: PrivacyDotViewController-->resolveState ViewState(viewInitialized=true, systemPrivacyEventIsActive=false, shadeExpanded=true, needShow=false, portraitRect=Rect(0, 0 - 1080, 120), landscapeRect=Rect(120, 0 - 2376, 120), upsideDownRect=Rect(0, 0 - 1080, 120), seascapeRect=Rect(0, 0 - 2244, 120), layoutRtl=false, rotation=0, paddingTop=14, paddingBottom=15, cornerIndex=1, designatedCorner=android.widget.FrameLayout{d743ea8 I.E...... ......ID 1032,0-1080,120 #7f0a09cd app:id/privacy_dot_top_right_container alpha=1.0 viewInfo = }, contentDescription=null, dotMargin=48)
07-28 04:01:27.957  1909  5706 I SnapAlloc: Using graphics libs for alignment calculations
07-28 04:01:27.958  3254  5211 I InputDispatcher: injectInputEvent: targetUid=<not set>, syncMode=WAIT_FOR_FINISHED, timeout=30000ms, policyFlags=0x8000000, event=MotionEvent { action=MOVE, id[0]=0, x[0]=900, y[0]=949.333, eventTime=57678000000, downTime=57538000000, deviceId=4, source=TOUCHSCREEN, displayId=0, eventId=0xd0455e2b}
07-28 04:01:27.958  4871  4871 I SystemUi--Keyguard: ScrimControllerExImp-->blur State to UNLOCK, bouncer=false changeFromBouncerScrim= false runnerUnlock= false goingAway=false hasHandle=true isOccludeAnimationPlaying=false
07-28 04:01:27.959  4871  4871 I SystemUi--Keyguard: ScrimControllerExImp-->blur State to UNLOCK, bouncer=false changeFromBouncerScrim= false runnerUnlock= false goingAway=false hasHandle=true isOccludeAnimationPlaying=false
07-28 04:01:27.966  4871  4871 I SystemUi--Keyguard: ScrimControllerExImp-->blur State to UNLOCK, bouncer=false changeFromBouncerScrim= false runnerUnlock= false goingAway=false hasHandle=true isOccludeAnimationPlaying=false
07-28 04:01:27.966  3254  5211 I InputDispatcher: injectInputEvent: targetUid=<not set>, syncMode=WAIT_FOR_FINISHED, timeout=30000ms, policyFlags=0x8000000, event=MotionEvent { action=MOVE, id[0]=0, x[0]=900, y[0]=1001.87, eventTime=57686000000, downTime=57538000000, deviceId=4, source=TOUCHSCREEN, displayId=0, eventId=0xd59908b4}
07-28 04:01:27.967  4871  4871 I SystemUi--Keyguard: ScrimControllerExImp-->blur State to UNLOCK, bouncer=false changeFromBouncerScrim= false runnerUnlock= false goingAway=false hasHandle=true isOccludeAnimationPlaying=false
07-28 04:01:27.974  1909  5706 I SnapAlloc: Using graphics libs for alignment calculations
07-28 04:01:27.974  4871  4871 I SystemUi--Keyguard: ScrimControllerExImp-->blur State to UNLOCK, bouncer=false changeFromBouncerScrim= false runnerUnlock= false goingAway=false hasHandle=true isOccludeAnimationPlaying=false
07-28 04:01:27.974  3254  5211 I InputDispatcher: injectInputEvent: targetUid=<not set>, syncMode=WAIT_FOR_FINISHED, timeout=30000ms, policyFlags=0x8000000, event=MotionEvent { action=MOVE, id[0]=0, x[0]=900, y[0]=1054.4, eventTime=57694000000, downTime=57538000000, deviceId=4, source=TOUCHSCREEN, displayId=0, eventId=0xc7b6d3ce}
