07-29 13:40:14.356  3472  4434 D SystemGestures: detectSwipe: 1
07-29 13:40:14.357  1907  2719 I SDM     : DemuraIntfImpl::StageAllData: Staged all data to Demura Driver!
07-29 13:40:14.357  1907  2719 I SDM     : HWPeripheralDRM::SetPanelFeature: Set Panel feature property 19
07-29 13:40:14.357  1907  2719 I SDM     : HWPeripheralDRM::SetPanelFeature: Set Panel feature property 7
07-29 13:40:14.357  1907  2719 I SDM     : DisplayBuiltIn::TriggerDemuraOemPlugIn: Trigger demura oem plugin success
07-29 13:40:14.358  1907  2220 I SDM     : DRMPanelFeatureMgr::ApplyDirtyFeature: Commited panel feature [enabled]: 20-272
07-29 13:40:14.358  1907  2220 I SDM     : DRMPanelFeatureMgr::ApplyDirtyFeature: Commited panel feature [enabled]: 8-271
07-29 13:40:14.371  4897  4897 I SystemUi--QuickSettings: OplusQSRootViewController-->setQsVisible: true rawFraction:0.012801532
07-29 13:40:14.371  3472  5357 I InputDispatcher: injectInputEvent: targetUid=<not set>, syncMode=WAIT_FOR_FINISHED, timeout=30000ms, policyFlags=0x8000000, event=MotionEvent { action=MOVE, id[0]=0, x[0]=900, y[0]=233.566, eventTime=58179000000, downTime=58148000000, deviceId=4, source=TOUCHSCREEN, displayId=0, eventId=0xc18ac498}
07-29 13:40:14.372  4897  4897 I SystemUi--QuickSettings: OplusQSRootViewController-->setListening: true
07-29 13:40:14.372  4897  4897 I SystemUi--QuickSettings: OplusLargeTileContainerViewController-->setListening listening=true
07-29 13:40:14.372  4897  4897 I SystemUi--QuickSettings: QSBrightnessFactory-->setListening listening:true
07-29 13:40:14.372  4897  4897 I SystemUi--QuickSettings: OplusQsBrightnessSliderController-->setListening listening:true mView: com.oplus.systemui.plugins.qs.widget.OplusQsToggleSliderLayout{40e15f7 V.E...... ......ID 558,244-737,643 #7f0a09f0 app:id/qs_brightness_slider_layout alpha=0.0 viewInfo = } value:0
07-29 13:40:14.372  4897  4897 I SystemUi--QuickSettings: OplusQsVolumeSliderController-->updateVolumeSeekBarMaxProgress: isNeedUpdate=true, maxVolumeProgress=16000, seekBarMaxProgress=1600, isInit=false
07-29 13:40:14.372  4897  4897 I SystemUi--QuickSettings: OplusQsVolumeSliderController-->updateVolumeSeekBarProgress: isNeedUpdate=true, isAllowUpdate=true, volumeLevel=0, seekBarLevel=0, initialVolumeSliderProgress=0, initialSeekBarVolumeLevel=-1, progressUpdated=false
07-29 13:40:14.372  4897  4897 I SystemUi--QuickSettings: OplusQsVolumeSliderController-->updateDisableShowVolumeDialog: isQsListening=true
07-29 13:40:14.372  4897  4897 I SystemUi--Device_Panel: OplusQSMyDeviceContainerViewController-->setListening listening: true
07-29 13:40:14.372  4897  4897 I [DevicePlugin].SysUiPluginService.(main): setListening: isListening=true, _isSeparateMode=true
07-29 13:40:14.372  4897  4897 I [DevicePlugin].FixedSeparateModelPanel.(main): onCtrCenterShow
07-29 13:40:14.372  4897  4897 I [DevicePlugin].FixedSeparateModelPanel.(main): onResume
07-29 13:40:14.372  4897  5418 D [DevicePlugin].DataInterfaceImp.(DefaultDispatcher-worker-2): safeCall, method:panel_state
07-29 13:40:14.373  4897  4897 I SystemUi--Common: NotificationShadeDepthC-->sceneFlag: 0x001, isStart = true, Current sceneFlags: 0x001
07-29 13:40:14.373  4897  4897 D NavigationBar: restrainNavigationBarInvertColor: true
07-29 13:40:14.373  4897  4897 D RegionSamplingHelper: animation scene, no need register sampling listener
07-29 13:40:14.373  4897  4897 I SystemUi--Common: OplusShadeExpansionStat-->go state: CLOSED -> OPENING
07-29 13:40:14.373  4897  4897 I SystemUi--Common: OplusShadeExpansionStat-->go state: CLOSED -> OPENING
07-29 13:40:14.373  4897  4897 I SystemUi--Notification: OplusHeadsUpNotificationViewBinder-->isVisibility: true
07-29 13:40:14.373  4897  4897 I SystemUi--Keyguard: ScrimControllerExImp-->blur State to UNLOCK, bouncer=false changeFromBouncerScrim= false runnerUnlock= false goingAway=false hasHandle=true isOccludeAnimationPlaying=false
07-29 13:40:14.374  4897  4897 I SystemUi--Common: PlatformBlurManagerImpl-->setPlatformBlurMode: blurMode=AUTO(blurFrequency=2)
07-29 13:40:14.374  4897  4897 I SystemUi--Common: PlatformBlurManagerImpl-->updateMotionFrequency: isExpanding=true
07-29 13:40:14.374  4897  5113 D RegionSamplingHelper =:    mCompositionSamplingListener.unregister
07-29 13:40:14.374  2218  2409 I BpBinder: onLastStrongRef automatically unlinking death recipients: 
07-29 13:40:14.374  4897  4897 I SystemUi--Notification: OplusNotificationShadeWindowControllerExImpl-->isExpanded: isPowerBlock=false ,isErrorFpTouchWhenScreenOff=false ,qsPanelVisible=false, isAodMaskShow=false
07-29 13:40:14.374  4897  4897 I SystemUi--Notification: OplusNotificationShadeWindowControllerExImpl-->SHADE_FOCUSABLE-->mNotificationShadeFocusable= false, mPanelExpanded= false, mBouncerShowing= false, mKeyguardShowing= false, mKeyguardOccluded= false, mKeyguardNeedsInput= false, ENABLE_REMOTE_INPUT= true, mRemoteInputActive= false, layoutFlags= -2130444216
07-29 13:40:14.374  4897  4897 I SystemUi--Notification: OplusNotificationShadeWindowControllerExImpl-->SHADE_VISIBLE-->mKeyguardShowing= false, mKeyguardOccluded= false, mPanelVisible= false, mKeyguardFadingAway= false, mKeyguardGoingAway= false, mBouncerShowing= false, mScrimsVisibility= 1, mBackgroundBlurRadius= 0, mForcePluginOpen= false, mediaBackdropShowing= false, viewVisibility= true, qsBlurFraction= 0.012801532, panelBlurFraction= 0.0
07-29 13:40:14.375  1722  2153 E TetherController: property_get sys.radio.data.modem_share_flag return 0, 1!
07-29 13:40:14.375  4897  4897 D UXUtils : notifyUiSwitched: 1
07-29 13:40:14.375  4897  5113 I NotificationShadeWindowController: stop Pending key thread event (apply)
07-29 13:40:14.375  3472  3759 I UserAwareMgr: handleTopAppChanged: com.android.systemui, pid: 4897, uid: 10218
07-29 13:40:14.375  7529  7593 I mydevices[core].ProviderCallProcessor: (binder:7529_2)method: panel_state; arg: panel_resume
07-29 13:40:14.375  7529  7593 I mydevices[core].ControlCenterManager: (binder:7529_2)onPanelShow
07-29 13:40:14.376  4897  6004 I SystemUi--Keyguard: OnScreenFingerprintUiMech-->hideFingerprintIconTemporarily for reason: panel expaned ShowForEnroll false mPendingHide false
07-29 13:40:14.376  4897  4897 I SystemUi--Notification: ScrimControllerExImp-->[onQsBottomVisibleChanged] qsBottomVisible=true
07-29 13:40:14.376  4897  4897 I SystemUi--Common: PlatformBlurManagerImpl-->resumeBlur: updatePlatformBlurState(updatePanelBlurState): shouldBlur, isKeyguardVisible=false, isKeyguardFadingAway=false, isPanelVisible=true, isShadeLock=false.
07-29 13:40:14.376  4897  4897 I SystemUi--Common: PlatformBlurManagerImpl-->forceStopMotionBlur: stop=false
07-29 13:40:14.377  4897  4897 I SystemUi--Keyguard: ScrimControllerExImp-->blur State to UNLOCK, bouncer=false changeFromBouncerScrim= false runnerUnlock= false goingAway=false hasHandle=true isOccludeAnimationPlaying=false
07-29 13:40:14.377  4897  5757 D Tile.CustomTile.OshareTileService: refreshState: tile not listening, ignore
07-29 13:40:14.377  4897  5757 D TileStateController: bindAppWhenListening: false ComponentInfo{com.coloros.oshare/com.oplus.oshare.OshareTileService}
07-29 13:40:14.377  4897  5757 I SystemUi--QuickSettings: Tile.CustomTile.OshareTileService-->bindServiceWhenListening: false when isOplusQsTile
07-29 13:40:14.377  4897  5757 D Tile.CustomTile.OshareTileService: refreshState: tile not listening, ignore
07-29 13:40:14.377  4897  5757 D TileStateController: setListening listening: true component: ComponentInfo{com.oplus.eyeprotect/com.oplus.eyeprotect.services.EyeProtectTileService} userContext: com.android.systemui.SystemUIApplication@423e678
07-29 13:40:14.377  4897  6017 D [DevicePlugin].DataInterfaceImp.(DefaultDispatcher-worker-4): safeCall, method:getPanelDeviceList
07-29 13:40:14.377  4897  4897 I SystemUi--Statusbar: PrivacyDotViewController-->scheduleUpdate: 
07-29 13:40:14.378  7529  7593 I mydevices[core].ProviderCallProcessor: (binder:7529_2)method: getPanelDeviceList; arg: 
07-29 13:40:14.378  4897  5757 D Tile.CustomTile.EyeProtectTileService: refreshState: tile not listening, ignore
07-29 13:40:14.378  4897  5757 D TileStateController: bindAppWhenListening: false ComponentInfo{com.oplus.eyeprotect/com.oplus.eyeprotect.services.EyeProtectTileService}
07-29 13:40:14.378  4897  5757 I SystemUi--QuickSettings: Tile.CustomTile.EyeProtectTileService-->bindServiceWhenListening: false when isOplusQsTile
07-29 13:40:14.378  4897  5757 D Tile.CustomTile.EyeProtectTileService: refreshState: tile not listening, ignore
07-29 13:40:14.378  4897  4897 I SystemUi--Statusbar: PrivacyDotViewController-->needShow false
07-29 13:40:14.378  4897  4897 I SystemUi--Statusbar: PrivacyDotViewController-->scheduleUpdate: 
07-29 13:40:14.378  4897  4897 I SystemUi--Notification: OplusNotificationShadeWindowControllerExImpl-->SHADE_FOCUSABLE-->mNotificationShadeFocusable= true, mPanelExpanded= false, mBouncerShowing= false, mKeyguardShowing= false, mKeyguardOccluded= false, mKeyguardNeedsInput= false, ENABLE_REMOTE_INPUT= true, mRemoteInputActive= false, layoutFlags= -2130444216
07-29 13:40:14.378  4897  7036 D OplusTileControllerPlugin: onSettingsStateChange: 1, componentName: ComponentInfo{com.oplus.eyeprotect/com.oplus.eyeprotect.services.EyeProtectTileService}
07-29 13:40:14.378  4897  4897 I SystemUi--Notification: OplusNotificationShadeWindowControllerExImpl-->SHADE_VISIBLE-->mKeyguardShowing= false, mKeyguardOccluded= false, mPanelVisible= false, mKeyguardFadingAway= false, mKeyguardGoingAway= false, mBouncerShowing= false, mScrimsVisibility= 1, mBackgroundBlurRadius= 0, mForcePluginOpen= false, mediaBackdropShowing= false, viewVisibility= true, qsBlurFraction= 0.012801532, panelBlurFraction= 0.0
07-29 13:40:14.378  4897  5757 D Tile.CustomTile.PowerSaveTileService: refreshState: tile not listening, ignore
07-29 13:40:14.378  4897  5757 I SystemUi--QuickSettings: Tile.CustomTile.PowerSaveTileService-->bindServiceWhenListening: true as default
07-29 13:40:14.378  7529  8192 I mydevices[core].CardsProxyManager: (DefaultDispatcher-worker-2)resume cards: [], visibleCount: 0, showPosition: 4
07-29 13:40:14.378  7529  8192 I mydevices[core].CardsProxyManager: (DefaultDispatcher-worker-2)notify cards size : 0, code = 1
07-29 13:40:14.378  4897  5757 D TileStateController: setListening listening: true component: ComponentInfo{com.oplus.linker/com.oplus.linker.synergy.service.TVTileService} userContext: com.android.systemui.SystemUIApplication@423e678
07-29 13:40:14.378  7529  8192 I mydevices[core].CardsProxyManager: (DefaultDispatcher-worker-2)current cards is empty, no need to call the event
07-29 13:40:14.378  7529  8192 I mydevices[core].OPSynergyScannerImpl: (DefaultDispatcher-worker-2)reScan
07-29 13:40:14.378  7529  8192 D OplusLog_DeviceKit_com.heytap.mydevices: [SynergyDeviceManager-229189172] isServiceBound
07-29 13:40:14.378  7529  8192 D OplusLog_DeviceKit_com.heytap.mydevices: [OpDeviceServiceClient-229189172] isServiceBound: null
07-29 13:40:14.378  7529  8192 I mydevices[core].CoreOpDeviceAction: (DefaultDispatcher-worker-2)isServiceBind: isBind: false
07-29 13:40:14.378  7529  8192 I mydevices[core].OPSynergyScannerImpl: (DefaultDispatcher-worker-2)getOpDeviceList
07-29 13:40:14.378  3472  5294 I VibratorManagerServiceExtImpl: cancelVibrate uid=1000, pid=3472, usageFilter=-15, token=96126038
07-29 13:40:14.379  7529  8192 D OplusLog_DeviceKit_com.heytap.mydevices: [SynergyDeviceManager-229189172] getDeviceList: com.heytap.mydevices.core.action.CoreOpDeviceAction$d@c2f82d0
07-29 13:40:14.379  4897  5181 I [UAH_CLIENT]: UahEventAcquire, cmdid:413, pkg:none, identity:OsenseHelperImpl
07-29 13:40:14.379  4897  5757 D Tile.CustomTile.TVTileService: refreshState: tile not listening, ignore
07-29 13:40:14.379  4897  5757 D TileStateController: bindAppWhenListening: false ComponentInfo{com.oplus.linker/com.oplus.linker.synergy.service.TVTileService}
07-29 13:40:14.379  4897  5757 I SystemUi--QuickSettings: Tile.CustomTile.TVTileService-->bindServiceWhenListening: false when isOplusQsTile
07-29 13:40:14.379  4897  5757 D Tile.CustomTile.TVTileService: refreshState: tile not listening, ignore
07-29 13:40:14.379  4897  5757 D Tile.CustomTile.WindowsLinkTileService: refreshState: tile not listening, ignore
07-29 13:40:14.379  7529  8192 D OplusLog_DeviceKit_com.heytap.mydevices: [OpDeviceServiceClient-229189172] settings_opsynergy_has_device: 0
07-29 13:40:14.379  4897  5757 D TileStateController: bindAppWhenListening: false ComponentInfo{com.microsoft.appmanager/com.microsoft.appmanager.quicksettings.WindowsLinkTileService}
07-29 13:40:14.379  4897  5757 I SystemUi--QuickSettings: Tile.CustomTile.WindowsLinkTileService-->bindServiceWhenListening: false when isActiveTile && isTileReady
07-29 13:40:14.379  7529  8192 D OplusLog_DeviceKit_com.heytap.mydevices: [SynergyDeviceManager-229189172] getDeviceList result: com.heytap.mydevices.core.action.CoreOpDeviceAction$d@c2f82d0, success: true, devices: []
07-29 13:40:14.379  4897  7036 D OplusTileControllerPlugin: onSettingsStateChange: 1, componentName: ComponentInfo{com.oplus.linker/com.oplus.linker.synergy.service.TVTileService}
07-29 13:40:14.379  7529  8192 I mydevices[core].CoreOpDeviceAction: (DefaultDispatcher-worker-2)device input: []
07-29 13:40:14.379  7529  8192 I mydevices[core].OPSynergyScannerImpl: (DefaultDispatcher-worker-2)getOpDeviceList, onResult
07-29 13:40:14.379  4897  4897 I SystemUi--QuickSettings: BackActionInteractor-->registerBackCallback true
07-29 13:40:14.379  4897  5757 D Tile.CustomTile.WirelessReverseControService: refreshState: tile not listening, ignore
07-29 13:40:14.379  4897  5757 I SystemUi--QuickSettings: Tile.CustomTile.WirelessReverseControService-->bindServiceWhenListening: true as default
07-29 13:40:14.379  4897  5757 D TileStateController: updateCurrentStateIsNotDirty component:ComponentInfo{com.oplus.eyeprotect/com.oplus.eyeprotect.services.EyeProtectTileService}
07-29 13:40:14.379  4897  5757 D TileStateController: updateCurrentStateIsNotDirty component:ComponentInfo{com.oplus.linker/com.oplus.linker.synergy.service.TVTileService}
07-29 13:40:14.379  3472  5294 D CoreBackPreview: Window{12ebca u0 NotificationShade}: Setting back callback OnBackInvokedCallbackInfo{mCallback=android.window.IOnBackInvokedCallback$Stub$Proxy@d36cfe2, mPriority=0, mIsAnimationCallback=false}
07-29 13:40:14.379  4897  4897 I SystemUi--QuickSettings: OplusSeparateQSManager-->updateSeparateQSExpandState recomputeDisableFlags
07-29 13:40:14.380  4897  4897 I SystemUi--Statusbar: CollapsedSbFragment-->New visibilities calculated internally. StatusBarVisibilityModel(showClock: false showNotificationIcons:false showOngoingActivityChip:false showSystemInfo:false ) 
07-29 13:40:14.380  4897  4897 I SystemUi--Statusbar: CollapsedStatusBarFragmentExImpl-->animate: true, unlockAnimationRunning: false, fadingAway: false, keyguard: false
07-29 13:40:14.380  7529  7593 I mydevices[core].ControlCenterManager: (binder:7529_2)response data:DeviceSpaceInfo(version=2, panelDevices=[])
07-29 13:40:14.380  7529  7593 I mydevices[core].DeviceMainPageEvent: (binder:7529_2)uploadDeviceNumTypeName list empty
07-29 13:40:14.380  4897  5973 D UXUtils : setHasTopUi: true; stack: com.oplus.systemui.shade.OplusNotificationShadeWindowControllerExImpl$uxFlagUpdateRunnable$1.run:12
07-29 13:40:14.380  4897  4897 I SystemUi--Statusbar: CollapsedStatusBarFragmentExImpl-->StatusBarVisibilityModelEx: StatusBarVisibilityModelEx(showClock: false showPromptView:false showOngoingCallChip:false showNotificationContainer:false showOperatorName:false showSeedlingContainer:false ), animate: true
07-29 13:40:14.380  2720  2720 W IPCThreadState: Sending oneway calls to frozen process.
07-29 13:40:14.381  4897  4897 I SystemUi--Keyguard: KeyguardRapidUnlockUtils-->composeKeyguard show=true, reason=applyVisibility_show
07-29 13:40:14.382  4897  6017 I [DevicePlugin].DevicePanelPresenter.(DefaultDispatcher-worker-4): response code:30001; panelInfo:PanelInfo(panelState=DEVICE_HOME, panelDevices=[]), pluginVersion: 2
07-29 13:40:14.382  4897  6017 I [DevicePlugin].FixedSeparateModelPanel.(DefaultDispatcher-worker-4): onPanelInfoChanged
07-29 13:40:14.382  4897  6017 I [DevicePlugin].FixedSeparateModelPanel.(DefaultDispatcher-worker-4): updateView: panelState=DEVICE_HOME, panelDevices.size=0
07-29 13:40:14.382  7004  7004 W Battery : PowerSaveTileService: onCreate
07-29 13:40:14.383  4897  4897 I SystemUi--Keyguard: KeyguardGlideTipView-->hideTips reason=hideGlideTipImmediateWithQsExpandingOrOplusKeyguardLoadOrGotoNtfCapsule withAnimator=true delayType=2
07-29 13:40:14.383  4897  4897 I SystemUi--Keyguard: KeyguardGlideTipView-->cancelBreathAnimation-isBreathAnimationRunning=false
07-29 13:40:14.383  4897  4897 I SystemUi--Keyguard: KeyguardAffordanceTipsView-->hideTips reason=QsExpandingOrOplusKeyguardLoadOrGotoNtfCapsule withAnimator=true delayType=2
07-29 13:40:14.384  4897  4925 D Tile.CustomTile.PowerSaveTileService: refreshState: tile not listening, ignore
07-29 13:40:14.385  4897  5942 D Tile.CustomTile.WirelessReverseControService: refreshState: tile not listening, ignore
07-29 13:40:14.385  3472  3738 I DisplayDeviceRepository: Display device changed render timings: "Built-in Screen", renderFrameRate=120.00001, presentationDeadlineNanos=11333333, appVsyncOffsetNanos=1000000
07-29 13:40:14.385  3472  3738 D LogicalDisplayExt: set displayInfo flag FLAG_ROTATES_WITH_CONTENT
07-29 13:40:14.385  2218  2218 D VRR-[OPlusRefreshRateSelector]: setCurrentModeId 4 type SA
07-29 13:40:14.385  2218  2919 D VRR [OTI-HW]: isStateReady 0
07-29 13:40:14.385  2218  2919 D VRR [OTI-HW]: keep rate.
07-29 13:40:14.385  4897  4897 D ViewRootImplExtImpl: wrapConfigInfoIntoFlags rotation=0, smallestScreenWidthDp=0, residentWS=false, scenario=0, bounds=Rect(0, 0 - 1080, 2376), relayoutAsync=false, flags=1, newFlags=1245708289, title=NotificationShade
07-29 13:40:14.385  3472  5991 D WindowManagerServiceExtImpl: extractConfigInfoAndRealFlags rotation=0, screenDp=0, residentWS:0, scenario:0, bounds:2376, serverWinBounds:Rect(0, 0 - 1080, 2376), win=Window{12ebca u0 NotificationShade}
07-29 13:40:14.385  3472  5991 V WindowManager: Relayout Window{12ebca u0 NotificationShade}: viewVisibility=0, oldvis=4, req=1080x2376, vsysui=, x=0, y=0
07-29 13:40:14.385  3472  5991 I WindowManager: Window{12ebca u0 NotificationShade} state from NO_SURFACE to DRAW_PENDING; reason: resetDrawState
07-29 13:40:14.385  3472  3738 D DisplayManagerServiceExtImpl: scheduleTraversalLocked intraversal=false
07-29 13:40:14.385  3472  3738 I DisplayManagerServiceExtImpl: handle logical display changed logicalDisplay=id=0,stack=0,content=true,displayInfo{stack=0,type=1,id=0,uId=local:4630946756802996883,state=ON,pkg=null}
07-29 13:40:14.386  3472  3738 D DisplayManagerService: Delivering display event: displayId=0, event=CHANGED
07-29 13:40:14.386  2218  2409 D OplusLayer: setProcInfo (133,NotificationShade#133,com.android.systemui,0x4578D52F)
07-29 13:40:14.386  3472  3799 D BrightnessThermalClamper: Thermal status observer already started
07-29 13:40:14.386  3472  3799 D BrightnessPowerClamper: Power throttling data is missing for configuration data.
07-29 13:40:14.386  4687  4687 D CastManagerService: onDisplayChanged.
07-29 13:40:14.387  3472  5991 D DisplayManagerService: performTraversalInternal pendingTraversal
07-29 13:40:14.387  3472  5991 D DisplayDevice: setLayerStackLocked id=local:4630946756802996883 token=android.os.BinderProxy@e60ea3d stack=0->0
07-29 13:40:14.387  3472  5991 D QuickBackInputPolicy: hasMultiChildrenInTask: false
07-29 13:40:14.387  3472  5991 D WindowManager: NFW_findFocusedWindowIfNeeded:Window{f5c2c9b u0 com.android.launcher/com.android.launcher.Launcher} mCurrentFocus:Window{f5c2c9b u0 com.android.launcher/com.android.launcher.Launcher}
07-29 13:40:14.387  3472  3738 D DisplayManagerService: MSG_REQUEST_TRAVERSAL pendingCompleted=false
07-29 13:40:14.388  1988  1988 D SensorFeature: name=ssc_screenshot_info ,index = 22
07-29 13:40:14.388  1988  1988 D SensorFeature: write 29 bytes:47835312272,58194199612,158,0
07-29 13:40:14.389  3472  3734 D OplusVFXScreenEffectFeature: notifySFCompatWindowStateChange entered false
07-29 13:40:14.389  3472  3734 D FSS_FoldScreenBlackCoverController: displayChangeToOn, dc:Display{#0 state=ON size=1080x2376 ROTATION_0}
07-29 13:40:14.389  2218  2409 D [PREVIEW]: SF obtain preview_adapter: 0
07-29 13:40:14.389  2218  2409 D [PREVIEW]: TabletPreviewAdapter::parallel world 0
07-29 13:40:14.389  4897  4897 W VRI[NotificationShade]: updateBlastSurfaceIfNeeded, surfaceSize:Point(1080, 2376), lastSurfaceSize:Point(1080, 2376), format:-3, blastBufferQueue:null
07-29 13:40:14.389  4897  4897 D BufferQueueConsumer: [](id:132100000009,api:0,p:-1,c:4897) connect: controlledByApp=false
07-29 13:40:14.389  3472  3472 E OplusGestureAnimationManagerPolicy: mScreenHeight:2376 mScreenWidth:1080 mRotation:0
07-29 13:40:14.390  4897  4897 I SystemUi--Keyguard: KeyguardEngineContainer-->onConfigurationChanged, locale = en-US,zh-CN, mLastLocale= en-US,zh-CN
07-29 13:40:14.390  4897  4897 I SystemUi--Keyguard: KeyguardEngineContainer-->onConfigurationChanged. font = 0, mLastFlipFont = 0, density = 480, mDensity = 480
07-29 13:40:14.390  2205  6709 D AudioFlingerExtImpl: AudioFlingerExtImpl oplusSetParameters: keyvalue screen_state=on
07-29 13:40:14.390  2205  6709 D DeviceHalAidl: 0xb400006f5b87c200 DeviceHalAidl::setParameters
07-29 13:40:14.390  2205  6709 D DeviceHalAidl: setParameters: parameters: "screen_state=on"
07-29 13:40:14.390  4897  4897 I SystemUi--Keyguard: KeyguardPluginManager-->maybeReloadNormalKeyguard, uses default LockScreen
07-29 13:40:14.390  1862  3657 I PAL: ResourceManager: setParameter: 11480: Screen State:1
07-29 13:40:14.390  2205  6709 D DeviceHalAidl: 0xb400006f5b87c800 DeviceHalAidl::setParameters
07-29 13:40:14.390  2205  6709 D DeviceHalAidl: setParameters: parameters: "screen_state=on"
07-29 13:40:14.390  1862  3657 D AHAL_Module: updateScreenState: usb: 1
07-29 13:40:14.390  2205  6709 D DeviceHalAidl: 0xb400006f5b87ce00 DeviceHalAidl::setParameters
07-29 13:40:14.390  2205  6709 D DeviceHalAidl: setParameters: parameters: "screen_state=on"
07-29 13:40:14.391  1862  3657 D AHAL_Module: updateScreenState: r_submix: 1
07-29 13:40:14.391  2205  6709 D DeviceHalAidl: 0xb400006f5b87d400 DeviceHalAidl::setParameters
07-29 13:40:14.391  2205  6709 D DeviceHalAidl: setParameters: parameters: "screen_state=on"
07-29 13:40:14.391  1862  3657 D AHAL_Module: updateScreenState: bluetooth: 1
07-29 13:40:14.391  6579  6613 E oiface  : sched_setaffinity failed
07-29 13:40:14.391  2205  6709 D DeviceHalAidl: 0xb400006f5b87da00 DeviceHalAidl::setParameters
07-29 13:40:14.391  2205  6709 D DeviceHalAidl: setParameters: parameters: "screen_state=on"
07-29 13:40:14.391  1862  3657 D AHAL_Module: updateScreenState: bluetooth: 1
07-29 13:40:14.391  4897  4897 E ndroid.systemui: No package ID ff found for resource ID 0xffffffff.
07-29 13:40:14.391  2205  6709 D DeviceHalAidl: 0xb400006f5b87e000 DeviceHalAidl::setParameters
07-29 13:40:14.391  2205  6709 D DeviceHalAidl: setParameters: parameters: "screen_state=on"
07-29 13:40:14.391  1862  4567 D AHAL_Module: updateScreenState: stub: 1
07-29 13:40:14.391  4897  4897 E ndroid.systemui: No package ID ff found for resource ID 0xffffffff.
07-29 13:40:14.391  4897  4897 E ndroid.systemui: No package ID ff found for resource ID 0xffffffff.
07-29 13:40:14.391  2019  2060 I gameoptHal: targetfps updated 6 -- 120
07-29 13:40:14.391  4897  4897 E ThemeUtils: View class com.oplus.systemui.keyguard.view.GeneralFontVariationTextView is an AppCompat widget that can only be used with a Theme.AppCompat theme (or descendant).
07-29 13:40:14.392  4897  4897 E ThemeUtils: View class com.oplus.systemui.keyguard.view.GeneralFontVariationTextView is an AppCompat widget that can only be used with a Theme.AppCompat theme (or descendant).
07-29 13:40:14.392  4897  4897 I SystemUi--Keyguard: PictorialAppInfo-->isShowPictorialTipDevice true,bottomMargin=611
07-29 13:40:14.392  4897  4897 I SystemUi--Keyguard: PictorialFunctionContainer-->onWallpaperChange info is null or local or engine
07-29 13:40:14.392  4897  4897 I SystemUi--Keyguard: PictorialAppInfo-->isShowPictorialTipDevice true,bottomMargin=611
07-29 13:40:14.392  4897  4897 I SystemUi--Keyguard: PictorialAppInfo-->isShowPictorialTipDevice true,bottomMargin=611
07-29 13:40:14.392  4897  4897 I SystemUi--Notification: NotificationsQSContainerController-->onWindowConfigurationChange: splitShadeEnabled=false
07-29 13:40:14.392  4897  4897 I SystemUi--Notification: NotificationsQSContainerController-->updateResources: splitShadeEnabled=false, newSplitShadeEnabled=false
07-29 13:40:14.393  4897  4897 I SystemUi--Notification: OplusQSSimpleHeader-->shouldClick: true, isInSuperPowerSaveMode: false, isInWellBeingAssistantMode: false
07-29 13:40:14.393  4897  4897 I SystemUi--Notification: OplusQSSimpleHeader-->updateMarginTop, reason: configChange, newMarginTop: 102 currentMarginTop 102
07-29 13:40:14.394  4897  4897 I SystemUi--QuickSettings: OplusQuickStatusBarHeader-->[onConfigurationChanged] updateResources end, start call listener
07-29 13:40:14.396  4897  4897 I SystemUi--QuickSettings: OplusQuickStatusBarHeader-->[onConfigurationChanged] updateResources end, start call listener
07-29 13:40:14.397  4897  4897 I SystemUi--QuickSettings: OplusQSHighlightTileViewImpl-->updateIconViewSize mTileCanTips=true
07-29 13:40:14.397  4897  4897 I SystemUi--QuickSettings: OplusQSHighlightTileViewImpl-->updateIconViewSize mTileCanTips=true
07-29 13:40:14.397  4897  4897 I SystemUi--QuickSettings: OplusQsToggleSliderTouchExt-->getRealSize point: Point(1080, 2376) realScreenWidth: 1080 realScreenHeight: 2376
07-29 13:40:14.398  4897  4897 I SystemUi--QuickSettings: OplusQsToggleSliderLayout-->updateRadius radius= 57.815125, roundParams= OplusRoundParams(radiusDp=15.2, radius=45.6, weight=1.1, isCircle=false), isDefaultVolumeTheme = true
07-29 13:40:14.398  4897  4897 I COUIVerticalSeekBar: COUIVerticalSeekBar ensureSize : mIsProgressFull:true,mBackgroundRadius:45.6,mBackgroundWidth:179.0,mBackgroundEnlargeScale1.0,mProgressRadius:45.6,mProgressWidth:179.0,mProgressEnlargeScale1.0,mPaddingVertical45.6
07-29 13:40:14.398  4897  4897 I COUIVerticalSeekBar: updateBehavior * normalSeekBarHeight = 309,mPaddingVertical = 45.6,mIsPhysicsEnable = true,mPhysicalAnimator = null,mFlingBehavior = null,Thread_name = main,hashCode = 33675567,time = 1753810814398,stackChain = com.coui.appcompat.seekbar.COUIVerticalSeekBar.updateBehavior$1:14 com.coui.appcompat.seekbar.COUIVerticalSeekBar.ensureSize$1:182 com.coui.appcompat.seekbar.COUIVerticalSeekBar.setBackgroundRadius:3 com.oplus.systemui.qs.base.seek.OplusQsBaseToggleSliderLayout.updateRadius:60 
07-29 13:40:14.398  4897  4897 I COUIVerticalSeekBar: setPaddingVertical * paddingVertical = 45.6,hashCode = 33675567,time = 1753810814398
07-29 13:40:14.398  4897  4897 I COUIVerticalSeekBar: COUIVerticalSeekBar ensureSize : mIsProgressFull:true,mBackgroundRadius:45.6,mBackgroundWidth:179.0,mBackgroundEnlargeScale1.0,mProgressRadius:45.6,mProgressWidth:179.0,mProgressEnlargeScale1.0,mPaddingVertical45.6
07-29 13:40:14.398  4897  4897 I COUIVerticalSeekBar: updateBehavior * normalSeekBarHeight = 309,mPaddingVertical = 45.6,mIsPhysicsEnable = true,mPhysicalAnimator = null,mFlingBehavior = null,Thread_name = main,hashCode = 33675567,time = 1753810814398,stackChain = com.coui.appcompat.seekbar.COUIVerticalSeekBar.updateBehavior$1:14 com.coui.appcompat.seekbar.COUIVerticalSeekBar.ensureSize$1:182 com.coui.appcompat.seekbar.COUIVerticalSeekBar.setPaddingVertical:59 com.oplus.systemui.qs.base.seek.OplusQsBaseToggleSliderLayout.updateRadius:74 
07-29 13:40:14.398  4897  4897 I SystemUi--QuickSettings: OplusQsToggleSliderTouchExt-->getRealSize point: Point(1080, 2376) realScreenWidth: 1080 realScreenHeight: 2376
07-29 13:40:14.398  4897  4897 I SystemUi--QuickSettings: OplusQsToggleSliderLayout-->updateRadius radius= 57.815125, roundParams= OplusRoundParams(radiusDp=15.2, radius=45.6, weight=1.1, isCircle=false), isDefaultVolumeTheme = true
07-29 13:40:14.398  4897  4897 I COUIVerticalSeekBar: COUIVerticalSeekBar ensureSize : mIsProgressFull:true,mBackgroundRadius:45.6,mBackgroundWidth:179.0,mBackgroundEnlargeScale1.0,mProgressRadius:45.6,mProgressWidth:179.0,mProgressEnlargeScale1.0,mPaddingVertical45.6
07-29 13:40:14.398  4897  4897 I COUIVerticalSeekBar: updateBehavior * normalSeekBarHeight = 309,mPaddingVertical = 45.6,mIsPhysicsEnable = true,mPhysicalAnimator = null,mFlingBehavior = null,Thread_name = main,hashCode = 169721639,time = 1753810814398,stackChain = com.coui.appcompat.seekbar.COUIVerticalSeekBar.updateBehavior$1:14 com.coui.appcompat.seekbar.COUIVerticalSeekBar.ensureSize$1:182 com.coui.appcompat.seekbar.COUIVerticalSeekBar.setBackgroundRadius:3 com.oplus.systemui.qs.base.seek.OplusQsBaseToggleSliderLayout.updateRadius:60 
07-29 13:40:14.398  4897  4897 I COUIVerticalSeekBar: setPaddingVertical * paddingVertical = 45.6,hashCode = 169721639,time = 1753810814398
07-29 13:40:14.398  4897  4897 I COUIVerticalSeekBar: COUIVerticalSeekBar ensureSize : mIsProgressFull:true,mBackgroundRadius:45.6,mBackgroundWidth:179.0,mBackgroundEnlargeScale1.0,mProgressRadius:45.6,mProgressWidth:179.0,mProgressEnlargeScale1.0,mPaddingVertical45.6
07-29 13:40:14.398  4897  4897 I COUIVerticalSeekBar: updateBehavior * normalSeekBarHeight = 309,mPaddingVertical = 45.6,mIsPhysicsEnable = true,mPhysicalAnimator = null,mFlingBehavior = null,Thread_name = main,hashCode = 169721639,time = 1753810814398,stackChain = com.coui.appcompat.seekbar.COUIVerticalSeekBar.updateBehavior$1:14 com.coui.appcompat.seekbar.COUIVerticalSeekBar.ensureSize$1:182 com.coui.appcompat.seekbar.COUIVerticalSeekBar.setPaddingVertical:59 com.oplus.systemui.qs.base.seek.OplusQsBaseToggleSliderLayout.updateRadius:74 
07-29 13:40:14.398  4897  4897 I [DevicePlugin].NoDeviceEntranceCardView.(main): onConfigurationChanged
07-29 13:40:14.398  4897  4897 I [DevicePlugin].PlatformUtils.(main): isLowGaussianLevel: DEBUG_LEVEL = -1, ANIM_LEVEL = 1
07-29 13:40:14.398  4897  4897 I [DevicePlugin].PlatformUtils.(main): isGlobalThemeApplied: isGlobalTheme=false
07-29 13:40:14.398  4897  4897 I [DevicePlugin].PlatformUtils.(main): isBlurEnable: enable=true
07-29 13:40:14.398  4897  4897 I [DevicePlugin].PlatformUtils.(main): isGlobalThemeApplied: isGlobalTheme=false
07-29 13:40:14.398  4897  4897 I [DevicePlugin].PlatformUtils.(main): isLightOsGaussianLevel: DEBUG_LEVEL = -1, ANIM_LEVEL = 1
07-29 13:40:14.398  4897  4897 I [DevicePlugin].PlatformUtils.(main): isLightBlurEnable: enable=false
07-29 13:40:14.398  4897  4897 I [DevicePlugin].RectangleDeviceCardView.(main): onConfigurationChanged
07-29 13:40:14.398  4897  4897 I [DevicePlugin].PlatformUtils.(main): isLowGaussianLevel: DEBUG_LEVEL = -1, ANIM_LEVEL = 1
07-29 13:40:14.398  4897  4897 I [DevicePlugin].PlatformUtils.(main): isGlobalThemeApplied: isGlobalTheme=false
07-29 13:40:14.398  4897  4897 I [DevicePlugin].PlatformUtils.(main): isBlurEnable: enable=true
07-29 13:40:14.398  4897  4897 I [DevicePlugin].PlatformUtils.(main): isGlobalThemeApplied: isGlobalTheme=false
07-29 13:40:14.398  4897  4897 I [DevicePlugin].PlatformUtils.(main): isLightOsGaussianLevel: DEBUG_LEVEL = -1, ANIM_LEVEL = 1
07-29 13:40:14.398  4897  4897 I [DevicePlugin].PlatformUtils.(main): isLightBlurEnable: enable=false
07-29 13:40:14.398  4897  4897 I [DevicePlugin].RectangleEntranceCardView.(main): onConfigurationChanged
07-29 13:40:14.398  4897  4897 I [DevicePlugin].PlatformUtils.(main): isLowGaussianLevel: DEBUG_LEVEL = -1, ANIM_LEVEL = 1
07-29 13:40:14.398  4897  4897 I [DevicePlugin].PlatformUtils.(main): isGlobalThemeApplied: isGlobalTheme=false
07-29 13:40:14.398  4897  4897 I [DevicePlugin].PlatformUtils.(main): isBlurEnable: enable=true
07-29 13:40:14.398  4897  4897 I [DevicePlugin].PlatformUtils.(main): isGlobalThemeApplied: isGlobalTheme=false
07-29 13:40:14.398  4897  4897 I [DevicePlugin].PlatformUtils.(main): isLightOsGaussianLevel: DEBUG_LEVEL = -1, ANIM_LEVEL = 1
07-29 13:40:14.398  4897  4897 I [DevicePlugin].PlatformUtils.(main): isLightBlurEnable: enable=false
07-29 13:40:14.398  4897  4897 I [DevicePlugin].RectangleDeviceCardView.(main): onConfigurationChanged
07-29 13:40:14.398  4897  4897 I [DevicePlugin].PlatformUtils.(main): isLowGaussianLevel: DEBUG_LEVEL = -1, ANIM_LEVEL = 1
07-29 13:40:14.398  4897  4897 I [DevicePlugin].PlatformUtils.(main): isGlobalThemeApplied: isGlobalTheme=false
07-29 13:40:14.398  4897  4897 I [DevicePlugin].PlatformUtils.(main): isBlurEnable: enable=true
07-29 13:40:14.398  4897  4897 I [DevicePlugin].PlatformUtils.(main): isGlobalThemeApplied: isGlobalTheme=false
07-29 13:40:14.398  4897  4897 I [DevicePlugin].PlatformUtils.(main): isLightOsGaussianLevel: DEBUG_LEVEL = -1, ANIM_LEVEL = 1
07-29 13:40:14.398  4897  4897 I [DevicePlugin].PlatformUtils.(main): isLightBlurEnable: enable=false
07-29 13:40:14.398  4897  4897 I [DevicePlugin].SquareDeviceCardView.(main): onConfigurationChanged
07-29 13:40:14.398  4897  4897 I [DevicePlugin].PlatformUtils.(main): isLowGaussianLevel: DEBUG_LEVEL = -1, ANIM_LEVEL = 1
07-29 13:40:14.398  4897  4897 I [DevicePlugin].PlatformUtils.(main): isGlobalThemeApplied: isGlobalTheme=false
07-29 13:40:14.398  4897  4897 I [DevicePlugin].PlatformUtils.(main): isBlurEnable: enable=true
07-29 13:40:14.398  4897  4897 I [DevicePlugin].PlatformUtils.(main): isGlobalThemeApplied: isGlobalTheme=false
07-29 13:40:14.398  4897  4897 I [DevicePlugin].PlatformUtils.(main): isLightOsGaussianLevel: DEBUG_LEVEL = -1, ANIM_LEVEL = 1
07-29 13:40:14.398  4897  4897 I [DevicePlugin].PlatformUtils.(main): isLightBlurEnable: enable=false
07-29 13:40:14.398  4897  4897 I [DevicePlugin].SquareEntranceCardView.(main): onConfigurationChanged
07-29 13:40:14.398  4897  4897 I [DevicePlugin].PlatformUtils.(main): isLowGaussianLevel: DEBUG_LEVEL = -1, ANIM_LEVEL = 1
07-29 13:40:14.398  4897  4897 I [DevicePlugin].PlatformUtils.(main): isGlobalThemeApplied: isGlobalTheme=false
07-29 13:40:14.398  4897  4897 I [DevicePlugin].PlatformUtils.(main): isBlurEnable: enable=true
07-29 13:40:14.398  4897  4897 I [DevicePlugin].PlatformUtils.(main): isGlobalThemeApplied: isGlobalTheme=false
07-29 13:40:14.398  4897  4897 I [DevicePlugin].PlatformUtils.(main): isLightOsGaussianLevel: DEBUG_LEVEL = -1, ANIM_LEVEL = 1
07-29 13:40:14.398  4897  4897 I [DevicePlugin].PlatformUtils.(main): isLightBlurEnable: enable=false
07-29 13:40:14.398  4897  4897 I [DevicePlugin].SquareDeviceCardView.(main): onConfigurationChanged
07-29 13:40:14.398  4897  4897 I [DevicePlugin].PlatformUtils.(main): isLowGaussianLevel: DEBUG_LEVEL = -1, ANIM_LEVEL = 1
07-29 13:40:14.398  4897  4897 I [DevicePlugin].PlatformUtils.(main): isGlobalThemeApplied: isGlobalTheme=false
07-29 13:40:14.398  4897  4897 I [DevicePlugin].PlatformUtils.(main): isBlurEnable: enable=true
07-29 13:40:14.398  4897  4897 I [DevicePlugin].PlatformUtils.(main): isGlobalThemeApplied: isGlobalTheme=false
07-29 13:40:14.398  4897  4897 I [DevicePlugin].PlatformUtils.(main): isLightOsGaussianLevel: DEBUG_LEVEL = -1, ANIM_LEVEL = 1
07-29 13:40:14.398  4897  4897 I [DevicePlugin].PlatformUtils.(main): isLightBlurEnable: enable=false
07-29 13:40:14.398  4897  4897 I [DevicePlugin].SquareDeviceCardView.(main): onConfigurationChanged
07-29 13:40:14.398  4897  4897 I [DevicePlugin].PlatformUtils.(main): isLowGaussianLevel: DEBUG_LEVEL = -1, ANIM_LEVEL = 1
07-29 13:40:14.398  4897  4897 I [DevicePlugin].PlatformUtils.(main): isGlobalThemeApplied: isGlobalTheme=false
07-29 13:40:14.398  4897  4897 I [DevicePlugin].PlatformUtils.(main): isBlurEnable: enable=true
07-29 13:40:14.398  4897  4897 I [DevicePlugin].PlatformUtils.(main): isGlobalThemeApplied: isGlobalTheme=false
07-29 13:40:14.398  4897  4897 I [DevicePlugin].PlatformUtils.(main): isLightOsGaussianLevel: DEBUG_LEVEL = -1, ANIM_LEVEL = 1
07-29 13:40:14.398  4897  4897 I [DevicePlugin].PlatformUtils.(main): isLightBlurEnable: enable=false
07-29 13:40:14.398  4897  4897 I [DevicePlugin].SquareDeviceCardView.(main): onConfigurationChanged
07-29 13:40:14.398  4897  4897 I [DevicePlugin].PlatformUtils.(main): isLowGaussianLevel: DEBUG_LEVEL = -1, ANIM_LEVEL = 1
07-29 13:40:14.398  4897  4897 I [DevicePlugin].PlatformUtils.(main): isGlobalThemeApplied: isGlobalTheme=false
07-29 13:40:14.398  4897  4897 I [DevicePlugin].PlatformUtils.(main): isBlurEnable: enable=true
07-29 13:40:14.398  4897  4897 I [DevicePlugin].PlatformUtils.(main): isGlobalThemeApplied: isGlobalTheme=false
07-29 13:40:14.398  4897  4897 I [DevicePlugin].PlatformUtils.(main): isLightOsGaussianLevel: DEBUG_LEVEL = -1, ANIM_LEVEL = 1
07-29 13:40:14.398  4897  4897 I [DevicePlugin].PlatformUtils.(main): isLightBlurEnable: enable=false
07-29 13:40:14.398  4897  4897 I [DevicePlugin].SquareEntranceCardView.(main): onConfigurationChanged
07-29 13:40:14.398  4897  4897 I [DevicePlugin].PlatformUtils.(main): isLowGaussianLevel: DEBUG_LEVEL = -1, ANIM_LEVEL = 1
07-29 13:40:14.398  4897  4897 I [DevicePlugin].PlatformUtils.(main): isGlobalThemeApplied: isGlobalTheme=false
07-29 13:40:14.398  4897  4897 I [DevicePlugin].PlatformUtils.(main): isBlurEnable: enable=true
07-29 13:40:14.398  4897  4897 I [DevicePlugin].PlatformUtils.(main): isGlobalThemeApplied: isGlobalTheme=false
07-29 13:40:14.398  4897  4897 I [DevicePlugin].PlatformUtils.(main): isLightOsGaussianLevel: DEBUG_LEVEL = -1, ANIM_LEVEL = 1
07-29 13:40:14.398  4897  4897 I [DevicePlugin].PlatformUtils.(main): isLightBlurEnable: enable=false
07-29 13:40:14.400  4897  4897 I SystemUi--QuickSettings: OplusSeparateQSCustomizer-->updateResources tileRow= 3
07-29 13:40:14.400  4897  4897 I SystemUi--QuickSettings: OplusSeparateQSCustomizer--> mUsableWidth=1080
07-29 13:40:14.400  4897  4897 I SystemUi--QuickSettings: OplusSeparateQSCustomizer--> mEditCellWidth=175 mEditCellMarginHorizontal=66 mItemHeight=271 mHorizontalSidePadding=57
07-29 13:40:14.400  4897  4897 I SystemUi--QuickSettings: OplusQsToggleSliderTouchExt-->getRealSize point: Point(1080, 2376) realScreenWidth: 1080 realScreenHeight: 2376
07-29 13:40:14.400  4897  4897 I SystemUi--QuickSettings: OplusQsToggleSliderLayout-->updateRadius radius= 57.815125, roundParams= OplusRoundParams(radiusDp=15.2, radius=45.6, weight=1.1, isCircle=false), isDefaultVolumeTheme = true
07-29 13:40:14.400  4897  4897 I COUIVerticalSeekBar: COUIVerticalSeekBar ensureSize : mIsProgressFull:true,mBackgroundRadius:45.6,mBackgroundWidth:179.0,mBackgroundEnlargeScale1.0,mProgressRadius:45.6,mProgressWidth:179.0,mProgressEnlargeScale1.0,mPaddingVertical45.6
07-29 13:40:14.401  4897  4897 I COUIVerticalSeekBar: updateBehavior * normalSeekBarHeight = 309,mPaddingVertical = 45.6,mIsPhysicsEnable = true,mPhysicalAnimator = null,mFlingBehavior = null,Thread_name = main,hashCode = 107914086,time = 1753810814401,stackChain = com.coui.appcompat.seekbar.COUIVerticalSeekBar.updateBehavior$1:14 com.coui.appcompat.seekbar.COUIVerticalSeekBar.ensureSize$1:182 com.coui.appcompat.seekbar.COUIVerticalSeekBar.setBackgroundRadius:3 com.oplus.systemui.qs.base.seek.OplusQsBaseToggleSliderLayout.updateRadius:60 
07-29 13:40:14.401  4897  4897 I COUIVerticalSeekBar: setPaddingVertical * paddingVertical = 45.6,hashCode = 107914086,time = 1753810814401
07-29 13:40:14.401  4897  4897 I COUIVerticalSeekBar: COUIVerticalSeekBar ensureSize : mIsProgressFull:true,mBackgroundRadius:45.6,mBackgroundWidth:179.0,mBackgroundEnlargeScale1.0,mProgressRadius:45.6,mProgressWidth:179.0,mProgressEnlargeScale1.0,mPaddingVertical45.6
07-29 13:40:14.401  4897  4897 I COUIVerticalSeekBar: updateBehavior * normalSeekBarHeight = 309,mPaddingVertical = 45.6,mIsPhysicsEnable = true,mPhysicalAnimator = null,mFlingBehavior = null,Thread_name = main,hashCode = 107914086,time = 1753810814401,stackChain = com.coui.appcompat.seekbar.COUIVerticalSeekBar.updateBehavior$1:14 com.coui.appcompat.seekbar.COUIVerticalSeekBar.ensureSize$1:182 com.coui.appcompat.seekbar.COUIVerticalSeekBar.setPaddingVertical:59 com.oplus.systemui.qs.base.seek.OplusQsBaseToggleSliderLayout.updateRadius:74 
07-29 13:40:14.401  4897  4897 I SystemUi--Common: WindowRootView-->leftInset:0 rightInset:0  rootWindowInsets.displayCutout:DisplayCutout{insets=Rect(0, 120 - 0, 0) waterfall=Insets{left=0, top=0, right=0, bottom=0} boundingRect={Bounds=[Rect(0, 0 - 0, 0), Rect(512, 0 - 569, 120), Rect(0, 0 - 0, 0), Rect(0, 0 - 0, 0)]} cutoutPathParserInfo={CutoutPathParserInfo{displayWidth=1080 displayHeight=2376 physicalDisplayWidth=1440 physicalDisplayHeight=3168 density={4.0} cutoutSpec={M -38,0 L -38,160 L 38,160 L 38,0 Z} rotation={0} scale={1.0} physicalPixelDisplaySizeRatio={0.75}}} sideOverrides={}} windowInsets.displayCutout:DisplayCutout{insets=Rect(0, 120 - 0, 0) waterfall=Insets{left=0, top=0, right=0, bottom=0} boundingRect={Bounds=[Rect(0, 0 - 0, 0), Rect(512, 0 - 569, 120), Rect(0, 0 - 0, 0), Rect(0, 0 - 0, 0)]} cutoutPathParserInfo={CutoutPathParserInfo{displayWidth=1080 displayHeight=2376 physicalDisplayWidth=1440 physicalDisplayHeight=3168 density={4.0} cutoutSpec={M -38,0 L -38,160 L 38,160 L 38,0 Z} rotation={0} scale={1.0} physicalPixelDisplaySizeRatio={0.75}}} sideOverrides={}} currentRotation:1
07-29 13:40:14.401  4897  4897 I SystemUi--QuickSettings: OplusQuickStatusBarHeader-->onApplyWindowInsets mIgnoreCenterHole: true mCenterHoleSpaceLp: androidx.constraintlayout.widget.ConstraintLayout$LayoutParams@6e2aae9
07-29 13:40:14.401  4897  4897 I SystemUi--QuickSettings: OplusQuickStatusBarHeader-->updateCenterHoleView visibility: 8 isLpChanged: false
07-29 13:40:14.401  4897  4897 I SystemUi--QuickSettings: OplusQuickStatusBarHeader-->updateCenterHoleView visibility: 8 isLpChanged: false
07-29 13:40:14.401  4897  4897 I PluginSeedling--Base: SeedlingPluginService-->onStateChange: Bundle[{rect=RectF(509.25, 29.25, 570.75, 90.75), state=onHoleRectChanged}]
07-29 13:40:14.401  4897  4897 I SystemUi--Statusbar: StatusBarPaddingProvider-->updateContentsPadding: (51, 14, 60, 15), screenHoleHeight: 61 isLandscape=false, rotation: 0 screenHoleBottom: 90 statusBarHeight: 120 seedlingHeight: 90 switchSupport: true percentScreen:0.75 baseScreenWidth:1080 stableDisplayWidth:1440
07-29 13:40:14.401  4897  4897 I SystemUi--QuickSettings: OplusQuickStatusBarHeader-->onApplyWindowInsets mIgnoreCenterHole: true mCenterHoleSpaceLp: androidx.constraintlayout.widget.ConstraintLayout$LayoutParams@7cbf36e
07-29 13:40:14.401  4897  4897 I SystemUi--QuickSettings: OplusQuickStatusBarHeader-->updateCenterHoleView visibility: 8 isLpChanged: false
07-29 13:40:14.401  4897  4897 I SystemUi--QuickSettings: OplusQuickStatusBarHeader-->updateCenterHoleView visibility: 8 isLpChanged: false
07-29 13:40:14.402  4897  5557 D BufferQueueProducer: [VRI[NotificationShade]#8(BLAST Consumer)8](id:132100000009,api:1,p:4897,c:4897) connect: api=1 producerControlledByApp=true
07-29 13:40:14.408  4897  4897 I SurfaceControl:  setExtendedRangeBrightness sc=Surface(name=NotificationShade)/@0x8cea40d,currentBufferRatio=1.0,desiredRatio=1.0
07-29 13:40:14.414  2218  2409 D SurfaceFlinger: captureLayers from pid 5432 uid -335
07-29 13:40:14.414  2218  2409 W SurfaceFlinger: Skipping screen capture because of invalid layer.
07-29 13:40:14.414  5432  5870 E ScreenCapture: Failed to generate screen capture. Error code: -12
07-29 13:40:14.414  5432  5870 E Blur_ScreenCapture: [captureScreenInternal] exceeds fail times limit=1
07-29 13:40:14.425  4897  5557 D BLASTBufferQueue: [VRI[NotificationShade]#8](f:0,a:1) acquireNextBufferLocked size=1080x2376 mFrameNumber=1 applyTransaction=true mTimestamp=58232229247(auto) mPendingTransactions.size=0 graphicBufferId=21032454848566 transform=0
07-29 13:40:14.425  4897  5557 D VRI[NotificationShade]: Received frameCommittedCallback lastAttemptedDrawFrameNum=1 didProduceBuffer=true syncBuffer=false
07-29 13:40:14.425  4897  4897 D VRI[NotificationShade]: draw finished. seqId=0
07-29 13:40:14.426  3472  4984 I WindowManager: Window{12ebca u0 NotificationShade} state from DRAW_PENDING to COMMIT_DRAW_PENDING; reason: finishDrawingLocked
07-29 13:40:14.427  3472  3739 I WindowManager: Window{12ebca u0 NotificationShade} state from COMMIT_DRAW_PENDING to READY_TO_SHOW; reason: commitFinishDrawingLocked
07-29 13:40:14.427  3472  3739 I WindowManager: Window{12ebca u0 NotificationShade} state from READY_TO_SHOW to HAS_DRAWN; reason: performShowLocked
07-29 13:40:14.428  4897  4897 I SystemUi--QuickSettings: OplusQsBrightnessSliderController-->setProgressAnimation value: 1744 isListening: true  screenBrightnessDuration: 0.0  startValue: 0 startTime: 0 lastDuration: 545.0 lastStartTime: 46811  max: 4089 sliderProgress: 0 needResetLastAnimation: false
07-29 13:40:14.428  3472  3759 I UserAwareMgr: handleFgAppChanged, pkgName: com.android.systemui, pid: 4897, isVisible: true, fgAppType: FG2
07-29 13:40:14.428  4897  5757 V OplusCustomizeCacheManager: queryCache name: sys.cache.common_customize_cache11011 param: null
07-29 13:40:14.428  3472  3759 I UserAwareMgr: fg app status not changed, beforeVisible: true, currentVisible: true
07-29 13:40:14.428  4897  4897 I SystemUi--QuickSettings: OplusQsBrightnessSliderController-->handleNoDuration proportion: 1.0 currentProgress: 1744 duration: 0.0 lastStartValue: 6 sliderProgress: 1744
07-29 13:40:14.429  4897  4897 I SystemUi--Notification: OplusHeadsUpCoreStart-->isVisibility: true
07-29 13:40:14.429  4897  5757 V OplusCustomizeCacheManager: queryCache name: sys.cache.common_customize_cache11010 param: null
07-29 13:40:14.429  4897  4897 D ZenModeController: Added callback class com.oplus.systemui.qs.tiles.OplusDndTile$1
07-29 13:40:14.429  4897  4897 I SystemUi--Notification: OplusNotificationShadeWindowControllerExImpl-->SHADE_FOCUSABLE-->mNotificationShadeFocusable= true, mPanelExpanded= true, mBouncerShowing= false, mKeyguardShowing= false, mKeyguardOccluded= false, mKeyguardNeedsInput= false, ENABLE_REMOTE_INPUT= true, mRemoteInputActive= false, layoutFlags= -2121924544
07-29 13:40:14.429  4897  4897 I SystemUi--Notification: OplusNotificationShadeWindowControllerExImpl-->SHADE_VISIBLE-->mKeyguardShowing= false, mKeyguardOccluded= false, mPanelVisible= false, mKeyguardFadingAway= false, mKeyguardGoingAway= false, mBouncerShowing= false, mScrimsVisibility= 1, mBackgroundBlurRadius= 0, mForcePluginOpen= false, mediaBackdropShowing= false, viewVisibility= true, qsBlurFraction= 0.012801532, panelBlurFraction= 0.0
07-29 13:40:14.429  4897  4897 I PluginSeedling--CapsuleCard: CardRootViewModel-->onExpandedChanged: true
07-29 13:40:14.430  4897  4897 I PluginSeedling--StateMachine: StateEventManager-->stable: true, event: null
07-29 13:40:14.431  4897  5757 V OplusCustomizeCacheManager: queryCache name: sys.cache.common_customize_cache18014 param: null
07-29 13:40:14.431  4897  5757 D OplusCustomizeCacheManager: add cachename to map: sys.cache.common_customize_cache18014
07-29 13:40:14.431  4897  5757 V OplusCustomizeCacheManager: start recompute
07-29 13:40:14.431  4897  5757 V OplusCustomizeCacheManager: queryCache name: sys.cache.common_customize_cache18017 param: Bundle[{SETTING=BLOCK, BUSINESS=NCT-DATA}]
07-29 13:40:14.431  4897  5757 D OplusCustomizeCacheManager: add cachename to map: sys.cache.common_customize_cache18017
07-29 13:40:14.431  4897  5757 V OplusCustomizeCacheManager: start recompute
07-29 13:40:14.432  3472  5991 D OplusCustomizeSecurityManagerService: we can't find the BLOCK
07-29 13:40:14.432  4897  5757 V OplusCustomizeCacheManager: queryCache name: sys.cache.common_customize_cache18013 param: null
07-29 13:40:14.432  4897  4897 I SystemUi--Keyguard: ScrimControllerExImp-->blur State to UNLOCK, bouncer=false changeFromBouncerScrim= false runnerUnlock= false goingAway=false hasHandle=true isOccludeAnimationPlaying=false
07-29 13:40:14.432  7004  7004 W Battery : PowerSaveTileService: updateTileState false
07-29 13:40:14.432  3472  5357 I InputDispatcher: injectInputEvent: targetUid=<not set>, syncMode=WAIT_FOR_FINISHED, timeout=30000ms, policyFlags=0x8000000, event=MotionEvent { action=MOVE, id[0]=0, x[0]=900, y[0]=627.566, eventTime=58239000000, downTime=58148000000, deviceId=4, source=TOUCHSCREEN, displayId=0, eventId=0xf22f4edb}
07-29 13:40:14.432  4897  4897 I SystemUi--Keyguard: ScrimControllerExImp-->blur State to UNLOCK, bouncer=false changeFromBouncerScrim= false runnerUnlock= false goingAway=false hasHandle=true isOccludeAnimationPlaying=false
07-29 13:40:14.432  4897  5757 V OplusCustomizeCacheManager: queryCache name: sys.cache.common_customize_cache18025 param: null
07-29 13:40:14.432  4897  4897 D ViewRootImplExtImpl: wrapConfigInfoIntoFlags rotation=0, smallestScreenWidthDp=360, residentWS=false, scenario=0, bounds=Rect(0, 0 - 1080, 2376), relayoutAsync=true, flags=1, newFlags=1245719809, title=NotificationShade
07-29 13:40:14.433  4897  5757 I SystemUi--QuickSettings: Tile.OplusAirplaneModeTile-->handleUpdateState state.state: 2 value: 1
07-29 13:40:14.433  3472  4984 D WindowManagerServiceExtImpl: extractConfigInfoAndRealFlags rotation=0, screenDp=360, residentWS:0, scenario:0, bounds:2376, serverWinBounds:Rect(0, 0 - 1080, 2376), win=Window{12ebca u0 NotificationShade}
07-29 13:40:14.433  4897  4897 W VRI[NotificationShade]: updateBlastSurfaceIfNeeded, surfaceSize:Point(1080, 2376), lastSurfaceSize:Point(1080, 2376), format:-3, blastBufferQueue:android.graphics.BLASTBufferQueue@cba6b09
07-29 13:40:14.433  4897  5757 V OplusCustomizeCacheManager: queryCache name: sys.cache.common_customize_cache18026 param: null
07-29 13:40:14.433  3472  4984 V WindowManager: Relayout Window{12ebca u0 NotificationShade}: viewVisibility=0, oldvis=0, req=1080x2376, vsysui=, x=0, y=0
