07-28 05:17:24.564  1996  1996 D SensorFeature: name=ssc_screenshot_info ,index = 22
07-28 05:17:24.564  1996  1996 D SensorFeature: write 29 bytes:47524265606,57350779821,162,0
07-28 05:17:24.702  1916  4440 I Dpps    : LtmSwState::SetParameter():144 ignore cmd 7 in state LtmOffState
07-28 05:17:24.805  1946  1998 I [UAH_CLIENT]: UahRelease, handle:23
07-28 05:17:24.806  1946  1998 I [UAH_CLIENT]: UahPlatformResAcquire
07-28 05:17:24.806  1946  1998 I [UAH_CLIENT]: UahEventAcquire, cmdid:-3, pkg:1946 12974, identity:qcom-perfd
07-28 05:17:24.806  1946  1998 E PERFHAL-RESOURCEQS: PERFHAL-RESOURCEQS: AddAndApply() 130: Resource with major=18, minor=41 not supported
07-28 05:17:24.815  1996  1996 D SensorFeature: name=ssc_screenshot_info ,index = 22
07-28 05:17:24.815  1996  1996 D SensorFeature: write 29 bytes:47524265606,57601999977,163,0
07-28 05:17:24.966  1846  4430 I sensors-hal: handle_oplus_wise_rgb_event:189, high_pwm_light:lux 2.0,cct 5300.0,brl/algo/ir 78.0/2.0/0.0,pwm/dc 0.0/0.0,rgbc 120.787346/105.357925/39.374348/271.179260,ts 57580890828,cnt 820,flag 163
07-28 05:17:24.968  1916  4440 I Dpps    : LtmSwState::SetParameter():144 ignore cmd 7 in state LtmOffState
07-28 05:17:24.990  2015  2049 D BatteryChargeControl: bcc get no support from charging protocol
07-28 05:17:25.066  1996  1996 D SensorFeature: name=ssc_screenshot_info ,index = 22
07-28 05:17:25.066  1996  1996 D SensorFeature: write 29 bytes:47524265606,57852638102,164,0
07-28 05:17:25.076  2015  7282 D charge_time: type=sdp,reserve_soc=2,soc=25,ui_soc=26,current=158,avg=139,not_chg_cnt=0,stable_cnt=7,fcc=5724,fcc_ratio=94,delta=42,debug=0,region=19,ttf=51527(14:18:47),ui_ttf=29361(08:09:21)
07-28 05:17:25.233  1916  4440 I Dpps    : LtmSwState::SetParameter():144 ignore cmd 7 in state LtmOffState
07-28 05:17:25.318  1996  1996 D SensorFeature: name=ssc_screenshot_info ,index = 22
07-28 05:17:25.318  1996  1996 D SensorFeature: write 29 bytes:47524265606,58104264456,165,0
07-28 05:17:25.393  3401  5356 I InputDispatcher: injectInputEvent: targetUid=<not set>, syncMode=WAIT_FOR_FINISHED, timeout=30000ms, policyFlags=0x8000000, event=MotionEvent { action=DOWN, id[0]=0, x[0]=900, y[0]=30, eventTime=58180000000, downTime=58180000000, deviceId=4, source=TOUCHSCREEN, displayId=0, eventId=0xcb5483bb}
07-28 05:17:25.395  2169  3556 D VRR [OTI]: handleIdle from 1 to 0
07-28 05:17:25.395  2169  3556 D VRR [OTI-HW]: isStateReady 0
07-28 05:17:25.395  2169  3556 D VRR [OTI-HW]: keep rate.
07-28 05:17:25.395  3401  4806 I [UAH_CLIENT]: UahEventAcquire, cmdid:37, pkg:none, identity:OplusUAwareInputHelper
07-28 05:17:25.395  3401  4621 D OMP_Detector: D:done mCurrStatus: 0
07-28 05:17:25.396  3401  3760 D PowerManagerService: userActivityNoUpdateLocked: groupId=0, eventTime=58180, event=touch, flags=0x0, uid=1000
07-28 05:17:25.396  3401  4806 D UAH-UahAdaptHelper: adaptSetNotification identity = OplusUAwareInputHelpersrc = 1000 , type 0 ,p1 = -1 ,p2 = -1 ,p3 = -1 ,p4 =
07-28 05:17:25.396  3401  4806 I [UAH_CLIENT]: uahRuleCtl, ruleId:1000, status:0
07-28 05:17:25.398  4848  4848 V AutofillManager: requestHideFillUi(null): anchor = null
07-28 05:17:25.398  4848  4848 V Application: getAutofillClient(): null on super, trying to find activity thread
07-28 05:17:25.398  4848  4848 V Application: getAutofillClient(): none of the 0 activities on com.android.systemui.SystemUIApplication@45621cf are top resumed nor have focus
07-28 05:17:25.398  4848  4848 V AutofillManager: No AutofillClient for com.android.systemui on context com.android.systemui.SystemUIApplication@45621cf
07-28 05:17:25.401  4848  4848 I PluginSeedling--Capsule: CapsuleTouchEventHandler-->onInterceptTouchEvent interceptEvent: false
07-28 05:17:25.402  3401  3656 W UserAwareMgr: can not find match thread: GaussianBlur for process com.android.systemui
07-28 05:17:25.403  4848  5970 I [UAH_CLIENT]: UahEventAcquire, cmdid:97, pkg:none, identity:OsenseHelperImpl
07-28 05:17:25.403  4848  4848 I SystemUi--Common: ScrollTranslationValue-->resetPanelTranslationY
07-28 05:17:25.403  4848  4848 I SystemUi--QuickSettings: OplusPanelViewPagerController-->initExpanded downExpanded=NONE downOnRight=true targetPage=NOTIFICATION downOnYHotArea=true  isKeyguardShowing=false isOnKeyguard=false fractionListeners.size=0 currentQsFraction=0.0 currentNotifyFraction=0.0 hasCalledDownEvent=true getScrollXHotZone=([Rect(0, 0 - 1080, 2376)], [Rect(-1, -1 - -1, -1), Rect(157, 1999 - 283, 2125), Rect(823, 1999 - 949, 2125)]) getScrollYHotZone=Rect(0, 0 - 1080, 66) notifyExpandedFraction=0.0 isLastUpToExpand=false qsPanelView.translationX=0.0
07-28 05:17:25.403  4848  4848 I SystemUi--QuickSettings: OplusPanelViewPagerController-->shouldOpenQS  set targetPage=QS
07-28 05:17:25.403  4848  4848 I SystemUi--Common: ScrollTranslationValue-->resetPanelTranslationY
07-28 05:17:25.403  4848  4848 I SystemUi--QuickSettings: OplusPanelViewPagerController-->initExpanded downExpanded=NONE downOnRight=true targetPage=QS downOnYHotArea=true  isKeyguardShowing=false isOnKeyguard=false fractionListeners.size=0 currentQsFraction=0.0 currentNotifyFraction=0.0 hasCalledDownEvent=true getScrollXHotZone=([Rect(0, 0 - 1080, 2376)], [Rect(-1, -1 - -1, -1), Rect(157, 1999 - 283, 2125), Rect(823, 1999 - 949, 2125)]) getScrollYHotZone=Rect(0, 0 - 1080, 66) notifyExpandedFraction=0.0 isLastUpToExpand=false qsPanelView.translationX=0.0
07-28 05:17:25.403  4848  4848 I SystemUi--QuickSettings: OplusPanelViewPagerController-->shouldOpenQS  set targetPage=QS
07-28 05:17:25.404  4848  4848 I SystemUi--QuickSettings: OplusQSPageViewController-->reset(), pageList size:2 itemCount:2 oldIndex:0 curIndex:0
07-28 05:17:25.404  4848  4848 I SystemUi--QuickSettings: OplusQSRootViewController-->startExpandMotion event: 0, startTracking: false isClosing: false panelClosedOnDown: true
07-28 05:17:25.404  4848  4848 I SystemUi--QuickSettings: OplusQSRootViewController-->initialOffsetOnTouch: 0.0, panelClosedOnDown: true
07-28 05:17:25.404  4848  4848 I SystemUi--QuickSettings: OplusQSRootView-->disallowChildIntercept:false
07-28 05:17:25.404  4848  4848 I SystemUi--QuickSettings: OplusQSRootViewController-->startExpandMotion event: 0, startTracking: false isClosing: false panelClosedOnDown: true
07-28 05:17:25.404  4848  4848 I SystemUi--QuickSettings: OplusQSRootViewController-->initialOffsetOnTouch: 0.0, panelClosedOnDown: true
07-28 05:17:25.404  4848  4848 I SystemUi--QuickSettings: OplusQSRootViewController-->onTouchEvent() ACTION_DOWN, canSlideHToQSOnStatusBar:true, gestureWaitForTouchSlop:true, panelClosedOnDown:true, panelClosingOnDown:false, pointerIndex:0
07-28 05:17:25.404  3401  5356 I InputDispatcher: injectInputEvent: targetUid=<not set>, syncMode=WAIT_FOR_FINISHED, timeout=30000ms, policyFlags=0x8000000, event=MotionEvent { action=MOVE, id[0]=0, x[0]=900, y[0]=102.233, eventTime=58191000000, downTime=58180000000, deviceId=4, source=TOUCHSCREEN, displayId=0, eventId=0xeb569705}
07-28 05:17:25.404  3401  4806 I [UAH_CLIENT]: UahEventAcquire, cmdid:68, pkg:none, identity:OplusUAwareInputHelper
07-28 05:17:25.405  3401  4410 D SystemGestures: detectSwipe: 1
07-28 05:17:25.416  4848  4848 I SystemUi--QuickSettings: OplusQSRootViewController-->startExpandMotion event: 2, startTracking: true isClosing: false panelClosedOnDown: true
07-28 05:17:25.416  4848  4848 I SystemUi--QuickSettings: OplusQSRootViewController-->endClosing()
07-28 05:17:25.416  4848  4848 I SystemUi--QuickSettings: QSPanelExpandFraction-->updateFraction, stiffness=500.0, finalPosition=0.36116862
07-28 05:17:25.417  3401  5356 I InputDispatcher: injectInputEvent: targetUid=<not set>, syncMode=WAIT_FOR_FINISHED, timeout=30000ms, policyFlags=0x8000000, event=MotionEvent { action=MOVE, id[0]=0, x[0]=900, y[0]=187.6, eventTime=58204000000, downTime=58180000000, deviceId=4, source=TOUCHSCREEN, displayId=0, eventId=0xdf481dc4}
07-28 05:17:25.423  1946  1998 I [UAH_CLIENT]: UahPlatformResAcquire
07-28 05:17:25.423  1946  1998 I [UAH_CLIENT]: UahEventAcquire, cmdid:-3, pkg:2169 7120, identity:qcom-perfd
07-28 05:17:25.423  1946  1998 E PERFHAL-RESOURCEQS: PERFHAL-RESOURCEQS: AddAndApply() 130: Resource with major=18, minor=41 not supported
07-28 05:17:25.423  1946  1998 I [UAH_CLIENT]: UahRelease, handle:34
07-28 05:17:25.425  4848  4848 I SystemUi--QuickSettings: OplusQSRootViewController-->setQsVisible: true rawFraction:0.0059674745
07-28 05:17:25.425  3401  5356 I InputDispatcher: injectInputEvent: targetUid=<not set>, syncMode=WAIT_FOR_FINISHED, timeout=30000ms, policyFlags=0x8000000, event=MotionEvent { action=MOVE, id[0]=0, x[0]=900, y[0]=240.134, eventTime=58212000000, downTime=58180000000, deviceId=4, source=TOUCHSCREEN, displayId=0, eventId=0xfaef4077}
07-28 05:17:25.425  4848  4848 I SystemUi--QuickSettings: OplusQSRootViewController-->setListening: true
07-28 05:17:25.426  4848  4848 I SystemUi--QuickSettings: OplusLargeTileContainerViewController-->setListening listening=true
07-28 05:17:25.426  4848  4848 I SystemUi--QuickSettings: QSBrightnessFactory-->setListening listening:true
07-28 05:17:25.426  4848  4848 I SystemUi--QuickSettings: OplusQsBrightnessSliderController-->setListening listening:true mView: com.oplus.systemui.plugins.qs.widget.OplusQsToggleSliderLayout{354254d V.E...... ......ID 558,244-737,643 #7f0a09f0 app:id/qs_brightness_slider_layout alpha=0.0 viewInfo = } value:0
07-28 05:17:25.426  4848  4848 I SystemUi--QuickSettings: OplusQsVolumeSliderController-->updateVolumeSeekBarMaxProgress: isNeedUpdate=true, maxVolumeProgress=16000, seekBarMaxProgress=1600, isInit=false
07-28 05:17:25.426  4848  4848 I SystemUi--QuickSettings: OplusQsVolumeSliderController-->updateVolumeSeekBarProgress: isNeedUpdate=true, isAllowUpdate=true, volumeLevel=0, seekBarLevel=0, initialVolumeSliderProgress=0, initialSeekBarVolumeLevel=-1, progressUpdated=false
07-28 05:17:25.426  4848  4848 I SystemUi--QuickSettings: OplusQsVolumeSliderController-->updateDisableShowVolumeDialog: isQsListening=true
07-28 05:17:25.426  4848  4848 I SystemUi--Device_Panel: OplusQSMyDeviceContainerViewController-->setListening listening: true
07-28 05:17:25.426  4848  4848 I [DevicePlugin].SysUiPluginService.(main): setListening: isListening=true, _isSeparateMode=true
07-28 05:17:25.426  4848  4848 I [DevicePlugin].FixedSeparateModelPanel.(main): onCtrCenterShow
07-28 05:17:25.426  4848  4848 I [DevicePlugin].FixedSeparateModelPanel.(main): onResume
07-28 05:17:25.427  4848  5970 D [DevicePlugin].DataInterfaceImp.(DefaultDispatcher-worker-6): safeCall, method:panel_state
07-28 05:17:25.427  3401  4379 V AlarmManager: sending alarm Alarm{93bd59a type 3 origWhen 39464 whenElapsed 39464 android} uid 1000 whenElapsed 39464 windowLength 18750 maxWhenElapsed 58214 repeatInterval 0 action null component null tag WifiHealthMonitor Schedule Post-Boot Detection Timer flags 0x8 procName system_server
07-28 05:17:25.427  4848  4848 I SystemUi--Common: NotificationShadeDepthC-->sceneFlag: 0x001, isStart = true, Current sceneFlags: 0x001
07-28 05:17:25.427  4848  4848 D NavigationBar: restrainNavigationBarInvertColor: true
07-28 05:17:25.427  4848  4848 D RegionSamplingHelper: animation scene, no need register sampling listener
07-28 05:17:25.427  4848  4848 I SystemUi--Common: OplusShadeExpansionStat-->go state: CLOSED -> OPENING
07-28 05:17:25.427  4848  4848 I SystemUi--Common: OplusShadeExpansionStat-->go state: CLOSED -> OPENING
07-28 05:17:25.427  4848  4848 I SystemUi--Notification: OplusHeadsUpNotificationViewBinder-->isVisibility: true
07-28 05:17:25.427  3401  5358 D OomAdjuster: Not killing cached processes
07-28 05:17:25.427  4848  4848 I SystemUi--Keyguard: ScrimControllerExImp-->blur State to UNLOCK, bouncer=false changeFromBouncerScrim= false runnerUnlock= false goingAway=false hasHandle=true isOccludeAnimationPlaying=false
07-28 05:17:25.427  4848  5736 D Tile.CustomTile.OshareTileService: refreshState: tile not listening, ignore
07-28 05:17:25.427  4848  5736 D TileStateController: bindAppWhenListening: false ComponentInfo{com.coloros.oshare/com.oplus.oshare.OshareTileService}
07-28 05:17:25.427  4848  4848 I SystemUi--Common: PlatformBlurManagerImpl-->setPlatformBlurMode: blurMode=AUTO(blurFrequency=2)
07-28 05:17:25.427  4848  4848 I SystemUi--Common: PlatformBlurManagerImpl-->updateMotionFrequency: isExpanding=true
07-28 05:17:25.427  4848  5736 I SystemUi--QuickSettings: Tile.CustomTile.OshareTileService-->bindServiceWhenListening: false when isOplusQsTile
07-28 05:17:25.427  4848  5736 D Tile.CustomTile.OshareTileService: refreshState: tile not listening, ignore
07-28 05:17:25.429  4848  4848 I SystemUi--Notification: OplusNotificationShadeWindowControllerExImpl-->isExpanded: isPowerBlock=false ,isErrorFpTouchWhenScreenOff=false ,qsPanelVisible=false, isAodMaskShow=false
07-28 05:17:25.429  4848  5736 D TileStateController: setListening listening: true component: ComponentInfo{com.oplus.eyeprotect/com.oplus.eyeprotect.services.EyeProtectTileService} userContext: com.android.systemui.SystemUIApplication@45621cf
07-28 05:17:25.429  4848  4848 I SystemUi--Notification: OplusNotificationShadeWindowControllerExImpl-->SHADE_FOCUSABLE-->mNotificationShadeFocusable= false, mPanelExpanded= false, mBouncerShowing= false, mKeyguardShowing= false, mKeyguardOccluded= false, mKeyguardNeedsInput= false, ENABLE_REMOTE_INPUT= true, mRemoteInputActive= false, layoutFlags= -2130444216
07-28 05:17:25.429  4848  4848 I SystemUi--Notification: OplusNotificationShadeWindowControllerExImpl-->SHADE_VISIBLE-->mKeyguardShowing= false, mKeyguardOccluded= false, mPanelVisible= false, mKeyguardFadingAway= false, mKeyguardGoingAway= false, mBouncerShowing= false, mScrimsVisibility= 1, mBackgroundBlurRadius= 0, mForcePluginOpen= false, mediaBackdropShowing= false, viewVisibility= true, qsBlurFraction= 0.0059674745, panelBlurFraction= 0.0
07-28 05:17:25.429  4848  4848 D UXUtils : notifyUiSwitched: 1
07-28 05:17:25.430  4848  5922 I SystemUi--Keyguard: OnScreenFingerprintUiMech-->hideFingerprintIconTemporarily for reason: panel expaned ShowForEnroll false mPendingHide false
07-28 05:17:25.430  4848  4848 I SystemUi--Notification: ScrimControllerExImp-->[onQsBottomVisibleChanged] qsBottomVisible=true
07-28 05:17:25.430  4848  4848 I SystemUi--Common: PlatformBlurManagerImpl-->resumeBlur: updatePlatformBlurState(updatePanelBlurState): shouldBlur, isKeyguardVisible=false, isKeyguardFadingAway=false, isPanelVisible=true, isShadeLock=false.
07-28 05:17:25.430  4848  4848 I SystemUi--Common: PlatformBlurManagerImpl-->forceStopMotionBlur: stop=false
07-28 05:17:25.430  4848  4848 I SystemUi--Keyguard: ScrimControllerExImp-->blur State to UNLOCK, bouncer=false changeFromBouncerScrim= false runnerUnlock= false goingAway=false hasHandle=true isOccludeAnimationPlaying=false
07-28 05:17:25.430  4848  5736 D Tile.CustomTile.EyeProtectTileService: refreshState: tile not listening, ignore
07-28 05:17:25.430  4848  5736 D TileStateController: bindAppWhenListening: false ComponentInfo{com.oplus.eyeprotect/com.oplus.eyeprotect.services.EyeProtectTileService}
07-28 05:17:25.430  4848  5736 I SystemUi--QuickSettings: Tile.CustomTile.EyeProtectTileService-->bindServiceWhenListening: false when isOplusQsTile
07-28 05:17:25.430  4848  5736 D Tile.CustomTile.EyeProtectTileService: refreshState: tile not listening, ignore
07-28 05:17:25.430  7425  7457 I mydevices[core].ProviderCallProcessor: (binder:7425_2)method: panel_state; arg: panel_resume
07-28 05:17:25.430  7425  7457 I mydevices[core].ControlCenterManager: (binder:7425_2)onPanelShow
07-28 05:17:25.430  4848  4848 I SystemUi--Statusbar: PrivacyDotViewController-->scheduleUpdate: 
07-28 05:17:25.431  4848  4848 I SystemUi--Statusbar: PrivacyDotViewController-->needShow false
07-28 05:17:25.431  4848  4848 I SystemUi--Statusbar: PrivacyDotViewController-->scheduleUpdate: 
07-28 05:17:25.431  4848  4848 I SystemUi--Notification: OplusNotificationShadeWindowControllerExImpl-->SHADE_FOCUSABLE-->mNotificationShadeFocusable= true, mPanelExpanded= false, mBouncerShowing= false, mKeyguardShowing= false, mKeyguardOccluded= false, mKeyguardNeedsInput= false, ENABLE_REMOTE_INPUT= true, mRemoteInputActive= false, layoutFlags= -2130444216
07-28 05:17:25.431  4848  4848 I SystemUi--Notification: OplusNotificationShadeWindowControllerExImpl-->SHADE_VISIBLE-->mKeyguardShowing= false, mKeyguardOccluded= false, mPanelVisible= false, mKeyguardFadingAway= false, mKeyguardGoingAway= false, mBouncerShowing= false, mScrimsVisibility= 1, mBackgroundBlurRadius= 0, mForcePluginOpen= false, mediaBackdropShowing= false, viewVisibility= true, qsBlurFraction= 0.0059674745, panelBlurFraction= 0.0
07-28 05:17:25.431  4848  5086 I [UAH_CLIENT]: UahEventAcquire, cmdid:413, pkg:none, identity:OsenseHelperImpl
07-28 05:17:25.432  4848  4848 I SystemUi--QuickSettings: BackActionInteractor-->registerBackCallback true
07-28 05:17:25.432  4848  4848 I SystemUi--QuickSettings: OplusSeparateQSManager-->updateSeparateQSExpandState recomputeDisableFlags
07-28 05:17:25.432  4848  4848 I SystemUi--Statusbar: CollapsedSbFragment-->New visibilities calculated internally. StatusBarVisibilityModel(showClock: false showNotificationIcons:false showOngoingActivityChip:false showSystemInfo:false ) 
07-28 05:17:25.432  4848  4848 I SystemUi--Statusbar: CollapsedStatusBarFragmentExImpl-->animate: true, unlockAnimationRunning: false, fadingAway: false, keyguard: false
07-28 05:17:25.433  3401  5352 I VibratorManagerServiceExtImpl: cancelVibrate uid=1000, pid=3401, usageFilter=-15, token=267497830
07-28 05:17:25.433  4848  5970 D [DevicePlugin].DataInterfaceImp.(DefaultDispatcher-worker-6): safeCall, method:getPanelDeviceList
07-28 05:17:25.433  4848  5736 D Tile.CustomTile.PowerSaveTileService: refreshState: tile not listening, ignore
07-28 05:17:25.433  4848  5736 I SystemUi--QuickSettings: Tile.CustomTile.PowerSaveTileService-->bindServiceWhenListening: true as default
07-28 05:17:25.433  3401  3656 I UserAwareMgr: handleTopAppChanged: com.android.systemui, pid: 4848, uid: 10218
07-28 05:17:25.433  4848  4848 I SystemUi--Statusbar: CollapsedStatusBarFragmentExImpl-->StatusBarVisibilityModelEx: StatusBarVisibilityModelEx(showClock: false showPromptView:false showOngoingCallChip:false showNotificationContainer:false showOperatorName:false showSeedlingContainer:false ), animate: true
07-28 05:17:25.433  7425  7457 I mydevices[core].ProviderCallProcessor: (binder:7425_2)method: getPanelDeviceList; arg: 
07-28 05:17:25.433  4848  5736 D TileStateController: setListening listening: true component: ComponentInfo{com.oplus.linker/com.oplus.linker.synergy.service.TVTileService} userContext: com.android.systemui.SystemUIApplication@45621cf
07-28 05:17:25.434  4848  4848 I SystemUi--Keyguard: KeyguardRapidUnlockUtils-->composeKeyguard show=true, reason=applyVisibility_show
07-28 05:17:25.435  4848  5036 D RegionSamplingHelper =:    mCompositionSamplingListener.unregister
07-28 05:17:25.435  2169  2408 I BpBinder: onLastStrongRef automatically unlinking death recipients: 
07-28 05:17:25.435  4848  4848 I SystemUi--Keyguard: KeyguardGlideTipView-->hideTips reason=hideGlideTipImmediateWithQsExpandingOrOplusKeyguardLoadOrGotoNtfCapsule withAnimator=true delayType=2
07-28 05:17:25.435  4848  4848 I SystemUi--Keyguard: KeyguardGlideTipView-->cancelBreathAnimation-isBreathAnimationRunning=false
07-28 05:17:25.435  4848  5036 I NotificationShadeWindowController: stop Pending key thread event (apply)
07-28 05:17:25.435  4848  4848 I SystemUi--Keyguard: KeyguardAffordanceTipsView-->hideTips reason=QsExpandingOrOplusKeyguardLoadOrGotoNtfCapsule withAnimator=true delayType=2
07-28 05:17:25.436  4848  5736 D Tile.CustomTile.TVTileService: refreshState: tile not listening, ignore
07-28 05:17:25.436  4848  5736 D TileStateController: bindAppWhenListening: false ComponentInfo{com.oplus.linker/com.oplus.linker.synergy.service.TVTileService}
07-28 05:17:25.436  4848  5736 I SystemUi--QuickSettings: Tile.CustomTile.TVTileService-->bindServiceWhenListening: false when isOplusQsTile
07-28 05:17:25.436  4848  5736 D Tile.CustomTile.TVTileService: refreshState: tile not listening, ignore
07-28 05:17:25.436  4848  5736 D Tile.CustomTile.WindowsLinkTileService: refreshState: tile not listening, ignore
07-28 05:17:25.436  4848  5736 D TileStateController: bindAppWhenListening: false ComponentInfo{com.microsoft.appmanager/com.microsoft.appmanager.quicksettings.WindowsLinkTileService}
07-28 05:17:25.436  4848  5736 I SystemUi--QuickSettings: Tile.CustomTile.WindowsLinkTileService-->bindServiceWhenListening: false when isActiveTile && isTileReady
07-28 05:17:25.436  4848  5736 D Tile.CustomTile.WirelessReverseControService: refreshState: tile not listening, ignore
07-28 05:17:25.436  4848  5736 I SystemUi--QuickSettings: Tile.CustomTile.WirelessReverseControService-->bindServiceWhenListening: true as default
07-28 05:17:25.436  7425  7457 I mydevices[core].ControlCenterManager: (binder:7425_2)response data:DeviceSpaceInfo(version=2, panelDevices=[])
07-28 05:17:25.436  4848  6905 D OplusTileControllerPlugin: onSettingsStateChange: 1, componentName: ComponentInfo{com.oplus.eyeprotect/com.oplus.eyeprotect.services.EyeProtectTileService}
07-28 05:17:25.436  4848  6905 D OplusTileControllerPlugin: onSettingsStateChange: 1, componentName: ComponentInfo{com.oplus.linker/com.oplus.linker.synergy.service.TVTileService}
07-28 05:17:25.437  4848  5736 D TileStateController: updateCurrentStateIsNotDirty component:ComponentInfo{com.oplus.eyeprotect/com.oplus.eyeprotect.services.EyeProtectTileService}
07-28 05:17:25.437  4848  5736 D TileStateController: updateCurrentStateIsNotDirty component:ComponentInfo{com.oplus.linker/com.oplus.linker.synergy.service.TVTileService}
07-28 05:17:25.437  7425  7457 I mydevices[core].DeviceMainPageEvent: (binder:7425_2)uploadDeviceNumTypeName list empty
07-28 05:17:25.437  1717  4977 E TetherController: property_get sys.radio.data.modem_share_flag return 0, 1!
07-28 05:17:25.437  4848  4848 D ViewRootImplExtImpl: wrapConfigInfoIntoFlags rotation=0, smallestScreenWidthDp=0, residentWS=false, scenario=0, bounds=Rect(0, 0 - 1080, 2376), relayoutAsync=false, flags=1, newFlags=1245708289, title=NotificationShade
07-28 05:17:25.437  3401  5357 D WindowManagerServiceExtImpl: extractConfigInfoAndRealFlags rotation=0, screenDp=0, residentWS:0, scenario:0, bounds:2376, serverWinBounds:Rect(0, 0 - 1080, 2376), win=Window{3715946 u0 NotificationShade}
07-28 05:17:25.438  3401  5357 V WindowManager: Relayout Window{3715946 u0 NotificationShade}: viewVisibility=0, oldvis=4, req=1080x2376, vsysui=, x=0, y=0
07-28 05:17:25.438  3401  5357 I WindowManager: Window{3715946 u0 NotificationShade} state from NO_SURFACE to DRAW_PENDING; reason: resetDrawState
07-28 05:17:25.438  2169  2408 D OplusLayer: setProcInfo (139,NotificationShade#139,com.android.systemui,0x4578D52F)
07-28 05:17:25.438  7425  8573 I mydevices[core].CardsProxyManager: (DefaultDispatcher-worker-8)resume cards: [], visibleCount: 0, showPosition: 4
07-28 05:17:25.438  7425  8573 I mydevices[core].CardsProxyManager: (DefaultDispatcher-worker-8)notify cards size : 0, code = 1
07-28 05:17:25.438  7425  8573 I mydevices[core].CardsProxyManager: (DefaultDispatcher-worker-8)current cards is empty, no need to call the event
07-28 05:17:25.439  7425  8573 I mydevices[core].OPSynergyScannerImpl: (DefaultDispatcher-worker-8)reScan
07-28 05:17:25.439  7425  8573 D OplusLog_DeviceKit_com.heytap.mydevices: [SynergyDeviceManager-7261499] isServiceBound
07-28 05:17:25.439  7425  8573 D OplusLog_DeviceKit_com.heytap.mydevices: [OpDeviceServiceClient-7261499] isServiceBound: null
07-28 05:17:25.439  7425  8573 I mydevices[core].CoreOpDeviceAction: (DefaultDispatcher-worker-8)isServiceBind: isBind: false
07-28 05:17:25.439  7425  8573 I mydevices[core].OPSynergyScannerImpl: (DefaultDispatcher-worker-8)getOpDeviceList
07-28 05:17:25.439  7425  8573 D OplusLog_DeviceKit_com.heytap.mydevices: [SynergyDeviceManager-7261499] getDeviceList: com.heytap.mydevices.core.action.CoreOpDeviceAction$d@6e024a3
07-28 05:17:25.439  3401  5357 D QuickBackInputPolicy: hasMultiChildrenInTask: false
07-28 05:17:25.439  3401  5357 D WindowManager: NFW_findFocusedWindowIfNeeded:Window{199c157 u0 com.android.launcher/com.android.launcher.Launcher} mCurrentFocus:Window{199c157 u0 com.android.launcher/com.android.launcher.Launcher}
07-28 05:17:25.439  7425  8573 D OplusLog_DeviceKit_com.heytap.mydevices: [OpDeviceServiceClient-7261499] settings_opsynergy_has_device: 0
07-28 05:17:25.439  7425  8573 D OplusLog_DeviceKit_com.heytap.mydevices: [SynergyDeviceManager-7261499] getDeviceList result: com.heytap.mydevices.core.action.CoreOpDeviceAction$d@6e024a3, success: true, devices: []
07-28 05:17:25.439  7425  8573 I mydevices[core].CoreOpDeviceAction: (DefaultDispatcher-worker-8)device input: []
07-28 05:17:25.439  7425  8573 I mydevices[core].OPSynergyScannerImpl: (DefaultDispatcher-worker-8)getOpDeviceList, onResult
07-28 05:17:25.440  3401  5345 D CoreBackPreview: Window{3715946 u0 NotificationShade}: Setting back callback OnBackInvokedCallbackInfo{mCallback=android.window.IOnBackInvokedCallback$Stub$Proxy@74c8c43, mPriority=0, mIsAnimationCallback=false}
07-28 05:17:25.440  4848  4848 W VRI[NotificationShade]: updateBlastSurfaceIfNeeded, surfaceSize:Point(1080, 2376), lastSurfaceSize:Point(1080, 2376), format:-3, blastBufferQueue:null
07-28 05:17:25.440  4848  4848 D BufferQueueConsumer: [](id:12f00000000a,api:0,p:-1,c:4848) connect: controlledByApp=false
07-28 05:17:25.440  4848  5844 D UXUtils : setHasTopUi: true; stack: com.oplus.systemui.shade.OplusNotificationShadeWindowControllerExImpl$uxFlagUpdateRunnable$1.run:12
07-28 05:17:25.440  4848  4848 I SystemUi--Keyguard: KeyguardEngineContainer-->onConfigurationChanged, locale = en-US,zh-CN, mLastLocale= en-US,zh-CN
07-28 05:17:25.441  4848  4848 I SystemUi--Keyguard: KeyguardEngineContainer-->onConfigurationChanged. font = 0, mLastFlipFont = 0, density = 480, mDensity = 480
07-28 05:17:25.442  4848  4848 I SystemUi--Keyguard: KeyguardPluginManager-->maybeReloadNormalKeyguard, uses default LockScreen
07-28 05:17:25.442  7188  7188 W Battery : PowerSaveTileService: onCreate
07-28 05:17:25.442  4848  4848 E ndroid.systemui: No package ID ff found for resource ID 0xffffffff.
07-28 05:17:25.442  4848  4848 E ndroid.systemui: No package ID ff found for resource ID 0xffffffff.
07-28 05:17:25.442  4848  4848 E ndroid.systemui: No package ID ff found for resource ID 0xffffffff.
07-28 05:17:25.443  4848  5970 I [DevicePlugin].DevicePanelPresenter.(DefaultDispatcher-worker-6): response code:30001; panelInfo:PanelInfo(panelState=DEVICE_HOME, panelDevices=[]), pluginVersion: 2
07-28 05:17:25.443  4848  5970 I [DevicePlugin].FixedSeparateModelPanel.(DefaultDispatcher-worker-6): onPanelInfoChanged
07-28 05:17:25.443  4848  5970 I [DevicePlugin].FixedSeparateModelPanel.(DefaultDispatcher-worker-6): updateView: panelState=DEVICE_HOME, panelDevices.size=0
07-28 05:17:25.443  4848  4848 E ThemeUtils: View class com.oplus.systemui.keyguard.view.GeneralFontVariationTextView is an AppCompat widget that can only be used with a Theme.AppCompat theme (or descendant).
07-28 05:17:25.443  4848  4848 E ThemeUtils: View class com.oplus.systemui.keyguard.view.GeneralFontVariationTextView is an AppCompat widget that can only be used with a Theme.AppCompat theme (or descendant).
07-28 05:17:25.443  4848  4848 I SystemUi--Keyguard: PictorialAppInfo-->isShowPictorialTipDevice true,bottomMargin=611
07-28 05:17:25.443  4848  4848 I SystemUi--Keyguard: PictorialFunctionContainer-->onWallpaperChange info is null or local or engine
07-28 05:17:25.443  4848  4848 I SystemUi--Keyguard: PictorialAppInfo-->isShowPictorialTipDevice true,bottomMargin=611
07-28 05:17:25.443  4848  4848 I SystemUi--Keyguard: PictorialAppInfo-->isShowPictorialTipDevice true,bottomMargin=611
07-28 05:17:25.443  4848  4848 I SystemUi--Notification: NotificationsQSContainerController-->onWindowConfigurationChange: splitShadeEnabled=false
07-28 05:17:25.443  4848  4848 I SystemUi--Notification: NotificationsQSContainerController-->updateResources: splitShadeEnabled=false, newSplitShadeEnabled=false
07-28 05:17:25.444  4848  4848 I SystemUi--Notification: OplusQSSimpleHeader-->shouldClick: true, isInSuperPowerSaveMode: false, isInWellBeingAssistantMode: false
07-28 05:17:25.444  4848  4848 I SystemUi--Notification: OplusQSSimpleHeader-->updateMarginTop, reason: configChange, newMarginTop: 102 currentMarginTop 102
07-28 05:17:25.444  4848  6034 D Tile.CustomTile.PowerSaveTileService: refreshState: tile not listening, ignore
07-28 05:17:25.445  4848  6034 D Tile.CustomTile.WirelessReverseControService: refreshState: tile not listening, ignore
07-28 05:17:25.445  4848  4848 I SystemUi--QuickSettings: OplusQuickStatusBarHeader-->[onConfigurationChanged] updateResources end, start call listener
07-28 05:17:25.447  4848  4848 I SystemUi--QuickSettings: OplusQuickStatusBarHeader-->[onConfigurationChanged] updateResources end, start call listener
07-28 05:17:25.447  4848  4848 I SystemUi--QuickSettings: OplusQSHighlightTileViewImpl-->updateIconViewSize mTileCanTips=true
07-28 05:17:25.449  4848  4848 I SystemUi--QuickSettings: OplusQSHighlightTileViewImpl-->updateIconViewSize mTileCanTips=true
07-28 05:17:25.449  4848  4848 I SystemUi--QuickSettings: OplusQsToggleSliderTouchExt-->getRealSize point: Point(1080, 2376) realScreenWidth: 1080 realScreenHeight: 2376
07-28 05:17:25.449  4848  4848 I SystemUi--QuickSettings: OplusQsToggleSliderLayout-->updateRadius radius= 57.815125, roundParams= OplusRoundParams(radiusDp=15.2, radius=45.6, weight=1.1, isCircle=false), isDefaultVolumeTheme = true
07-28 05:17:25.449  4848  4848 I COUIVerticalSeekBar: COUIVerticalSeekBar ensureSize : mIsProgressFull:true,mBackgroundRadius:45.6,mBackgroundWidth:179.0,mBackgroundEnlargeScale1.0,mProgressRadius:45.6,mProgressWidth:179.0,mProgressEnlargeScale1.0,mPaddingVertical45.6
07-28 05:17:25.449  4848  4848 I COUIVerticalSeekBar: updateBehavior * normalSeekBarHeight = 309,mPaddingVertical = 45.6,mIsPhysicsEnable = true,mPhysicalAnimator = null,mFlingBehavior = null,Thread_name = main,hashCode = 52379290,time = 1753694245449,stackChain = com.coui.appcompat.seekbar.COUIVerticalSeekBar.updateBehavior$1:14 com.coui.appcompat.seekbar.COUIVerticalSeekBar.ensureSize$1:182 com.coui.appcompat.seekbar.COUIVerticalSeekBar.setBackgroundRadius:3 com.oplus.systemui.qs.base.seek.OplusQsBaseToggleSliderLayout.updateRadius:60 
07-28 05:17:25.449  4848  4848 I COUIVerticalSeekBar: setPaddingVertical * paddingVertical = 45.6,hashCode = 52379290,time = 1753694245449
07-28 05:17:25.449  4848  4848 I COUIVerticalSeekBar: COUIVerticalSeekBar ensureSize : mIsProgressFull:true,mBackgroundRadius:45.6,mBackgroundWidth:179.0,mBackgroundEnlargeScale1.0,mProgressRadius:45.6,mProgressWidth:179.0,mProgressEnlargeScale1.0,mPaddingVertical45.6
07-28 05:17:25.449  4848  4848 I COUIVerticalSeekBar: updateBehavior * normalSeekBarHeight = 309,mPaddingVertical = 45.6,mIsPhysicsEnable = true,mPhysicalAnimator = null,mFlingBehavior = null,Thread_name = main,hashCode = 52379290,time = 1753694245449,stackChain = com.coui.appcompat.seekbar.COUIVerticalSeekBar.updateBehavior$1:14 com.coui.appcompat.seekbar.COUIVerticalSeekBar.ensureSize$1:182 com.coui.appcompat.seekbar.COUIVerticalSeekBar.setPaddingVertical:59 com.oplus.systemui.qs.base.seek.OplusQsBaseToggleSliderLayout.updateRadius:74 
07-28 05:17:25.449  4848  4848 I SystemUi--QuickSettings: OplusQsToggleSliderTouchExt-->getRealSize point: Point(1080, 2376) realScreenWidth: 1080 realScreenHeight: 2376
07-28 05:17:25.449  4848  4848 I SystemUi--QuickSettings: OplusQsToggleSliderLayout-->updateRadius radius= 57.815125, roundParams= OplusRoundParams(radiusDp=15.2, radius=45.6, weight=1.1, isCircle=false), isDefaultVolumeTheme = true
07-28 05:17:25.449  4848  4848 I COUIVerticalSeekBar: COUIVerticalSeekBar ensureSize : mIsProgressFull:true,mBackgroundRadius:45.6,mBackgroundWidth:179.0,mBackgroundEnlargeScale1.0,mProgressRadius:45.6,mProgressWidth:179.0,mProgressEnlargeScale1.0,mPaddingVertical45.6
07-28 05:17:25.450  4848  4848 I COUIVerticalSeekBar: updateBehavior * normalSeekBarHeight = 309,mPaddingVertical = 45.6,mIsPhysicsEnable = true,mPhysicalAnimator = null,mFlingBehavior = null,Thread_name = main,hashCode = 211748594,time = 1753694245450,stackChain = com.coui.appcompat.seekbar.COUIVerticalSeekBar.updateBehavior$1:14 com.coui.appcompat.seekbar.COUIVerticalSeekBar.ensureSize$1:182 com.coui.appcompat.seekbar.COUIVerticalSeekBar.setBackgroundRadius:3 com.oplus.systemui.qs.base.seek.OplusQsBaseToggleSliderLayout.updateRadius:60 
07-28 05:17:25.450  4848  4848 I COUIVerticalSeekBar: setPaddingVertical * paddingVertical = 45.6,hashCode = 211748594,time = 1753694245450
07-28 05:17:25.450  4848  4848 I COUIVerticalSeekBar: COUIVerticalSeekBar ensureSize : mIsProgressFull:true,mBackgroundRadius:45.6,mBackgroundWidth:179.0,mBackgroundEnlargeScale1.0,mProgressRadius:45.6,mProgressWidth:179.0,mProgressEnlargeScale1.0,mPaddingVertical45.6
07-28 05:17:25.450  4848  4848 I COUIVerticalSeekBar: updateBehavior * normalSeekBarHeight = 309,mPaddingVertical = 45.6,mIsPhysicsEnable = true,mPhysicalAnimator = null,mFlingBehavior = null,Thread_name = main,hashCode = 211748594,time = 1753694245450,stackChain = com.coui.appcompat.seekbar.COUIVerticalSeekBar.updateBehavior$1:14 com.coui.appcompat.seekbar.COUIVerticalSeekBar.ensureSize$1:182 com.coui.appcompat.seekbar.COUIVerticalSeekBar.setPaddingVertical:59 com.oplus.systemui.qs.base.seek.OplusQsBaseToggleSliderLayout.updateRadius:74 
07-28 05:17:25.450  4848  4848 I [DevicePlugin].NoDeviceEntranceCardView.(main): onConfigurationChanged
07-28 05:17:25.450  4848  4848 I [DevicePlugin].PlatformUtils.(main): isLowGaussianLevel: DEBUG_LEVEL = -1, ANIM_LEVEL = 1
07-28 05:17:25.450  4848  4848 I [DevicePlugin].PlatformUtils.(main): isGlobalThemeApplied: isGlobalTheme=false
07-28 05:17:25.450  4848  4848 I [DevicePlugin].PlatformUtils.(main): isBlurEnable: enable=true
07-28 05:17:25.450  4848  4848 I [DevicePlugin].PlatformUtils.(main): isGlobalThemeApplied: isGlobalTheme=false
07-28 05:17:25.450  4848  4848 I [DevicePlugin].PlatformUtils.(main): isLightOsGaussianLevel: DEBUG_LEVEL = -1, ANIM_LEVEL = 1
07-28 05:17:25.450  4848  4848 I [DevicePlugin].PlatformUtils.(main): isLightBlurEnable: enable=false
07-28 05:17:25.450  4848  4848 I [DevicePlugin].RectangleDeviceCardView.(main): onConfigurationChanged
07-28 05:17:25.450  4848  4848 I [DevicePlugin].PlatformUtils.(main): isLowGaussianLevel: DEBUG_LEVEL = -1, ANIM_LEVEL = 1
07-28 05:17:25.450  4848  4848 I [DevicePlugin].PlatformUtils.(main): isGlobalThemeApplied: isGlobalTheme=false
07-28 05:17:25.450  4848  4848 I [DevicePlugin].PlatformUtils.(main): isBlurEnable: enable=true
07-28 05:17:25.450  4848  4848 I [DevicePlugin].PlatformUtils.(main): isGlobalThemeApplied: isGlobalTheme=false
07-28 05:17:25.450  4848  4848 I [DevicePlugin].PlatformUtils.(main): isLightOsGaussianLevel: DEBUG_LEVEL = -1, ANIM_LEVEL = 1
07-28 05:17:25.450  4848  4848 I [DevicePlugin].PlatformUtils.(main): isLightBlurEnable: enable=false
07-28 05:17:25.450  4848  4848 I [DevicePlugin].RectangleEntranceCardView.(main): onConfigurationChanged
07-28 05:17:25.450  4848  4848 I [DevicePlugin].PlatformUtils.(main): isLowGaussianLevel: DEBUG_LEVEL = -1, ANIM_LEVEL = 1
07-28 05:17:25.450  4848  4848 I [DevicePlugin].PlatformUtils.(main): isGlobalThemeApplied: isGlobalTheme=false
07-28 05:17:25.450  4848  4848 I [DevicePlugin].PlatformUtils.(main): isBlurEnable: enable=true
07-28 05:17:25.450  4848  4848 I [DevicePlugin].PlatformUtils.(main): isGlobalThemeApplied: isGlobalTheme=false
07-28 05:17:25.450  4848  4848 I [DevicePlugin].PlatformUtils.(main): isLightOsGaussianLevel: DEBUG_LEVEL = -1, ANIM_LEVEL = 1
07-28 05:17:25.450  4848  4848 I [DevicePlugin].PlatformUtils.(main): isLightBlurEnable: enable=false
07-28 05:17:25.450  4848  4848 I [DevicePlugin].RectangleDeviceCardView.(main): onConfigurationChanged
07-28 05:17:25.450  4848  4848 I [DevicePlugin].PlatformUtils.(main): isLowGaussianLevel: DEBUG_LEVEL = -1, ANIM_LEVEL = 1
07-28 05:17:25.450  4848  4848 I [DevicePlugin].PlatformUtils.(main): isGlobalThemeApplied: isGlobalTheme=false
07-28 05:17:25.450  4848  4848 I [DevicePlugin].PlatformUtils.(main): isBlurEnable: enable=true
07-28 05:17:25.450  4848  4848 I [DevicePlugin].PlatformUtils.(main): isGlobalThemeApplied: isGlobalTheme=false
07-28 05:17:25.450  4848  4848 I [DevicePlugin].PlatformUtils.(main): isLightOsGaussianLevel: DEBUG_LEVEL = -1, ANIM_LEVEL = 1
07-28 05:17:25.450  4848  4848 I [DevicePlugin].PlatformUtils.(main): isLightBlurEnable: enable=false
07-28 05:17:25.450  4848  4848 I [DevicePlugin].SquareDeviceCardView.(main): onConfigurationChanged
07-28 05:17:25.450  4848  4848 I [DevicePlugin].PlatformUtils.(main): isLowGaussianLevel: DEBUG_LEVEL = -1, ANIM_LEVEL = 1
07-28 05:17:25.450  4848  4848 I [DevicePlugin].PlatformUtils.(main): isGlobalThemeApplied: isGlobalTheme=false
07-28 05:17:25.450  4848  4848 I [DevicePlugin].PlatformUtils.(main): isBlurEnable: enable=true
07-28 05:17:25.450  4848  4848 I [DevicePlugin].PlatformUtils.(main): isGlobalThemeApplied: isGlobalTheme=false
07-28 05:17:25.450  4848  4848 I [DevicePlugin].PlatformUtils.(main): isLightOsGaussianLevel: DEBUG_LEVEL = -1, ANIM_LEVEL = 1
07-28 05:17:25.450  4848  4848 I [DevicePlugin].PlatformUtils.(main): isLightBlurEnable: enable=false
07-28 05:17:25.450  4848  4848 I [DevicePlugin].SquareEntranceCardView.(main): onConfigurationChanged
07-28 05:17:25.450  4848  4848 I [DevicePlugin].PlatformUtils.(main): isLowGaussianLevel: DEBUG_LEVEL = -1, ANIM_LEVEL = 1
07-28 05:17:25.450  4848  4848 I [DevicePlugin].PlatformUtils.(main): isGlobalThemeApplied: isGlobalTheme=false
07-28 05:17:25.450  4848  4848 I [DevicePlugin].PlatformUtils.(main): isBlurEnable: enable=true
07-28 05:17:25.450  4848  4848 I [DevicePlugin].PlatformUtils.(main): isGlobalThemeApplied: isGlobalTheme=false
07-28 05:17:25.450  4848  4848 I [DevicePlugin].PlatformUtils.(main): isLightOsGaussianLevel: DEBUG_LEVEL = -1, ANIM_LEVEL = 1
07-28 05:17:25.450  4848  4848 I [DevicePlugin].PlatformUtils.(main): isLightBlurEnable: enable=false
07-28 05:17:25.450  4848  4848 I [DevicePlugin].SquareDeviceCardView.(main): onConfigurationChanged
07-28 05:17:25.450  4848  4848 I [DevicePlugin].PlatformUtils.(main): isLowGaussianLevel: DEBUG_LEVEL = -1, ANIM_LEVEL = 1
07-28 05:17:25.450  4848  4848 I [DevicePlugin].PlatformUtils.(main): isGlobalThemeApplied: isGlobalTheme=false
07-28 05:17:25.450  4848  4848 I [DevicePlugin].PlatformUtils.(main): isBlurEnable: enable=true
07-28 05:17:25.450  4848  4848 I [DevicePlugin].PlatformUtils.(main): isGlobalThemeApplied: isGlobalTheme=false
07-28 05:17:25.450  4848  4848 I [DevicePlugin].PlatformUtils.(main): isLightOsGaussianLevel: DEBUG_LEVEL = -1, ANIM_LEVEL = 1
07-28 05:17:25.450  4848  4848 I [DevicePlugin].PlatformUtils.(main): isLightBlurEnable: enable=false
07-28 05:17:25.450  4848  4848 I [DevicePlugin].SquareDeviceCardView.(main): onConfigurationChanged
07-28 05:17:25.450  4848  4848 I [DevicePlugin].PlatformUtils.(main): isLowGaussianLevel: DEBUG_LEVEL = -1, ANIM_LEVEL = 1
07-28 05:17:25.450  4848  4848 I [DevicePlugin].PlatformUtils.(main): isGlobalThemeApplied: isGlobalTheme=false
07-28 05:17:25.450  4848  4848 I [DevicePlugin].PlatformUtils.(main): isBlurEnable: enable=true
07-28 05:17:25.450  4848  4848 I [DevicePlugin].PlatformUtils.(main): isGlobalThemeApplied: isGlobalTheme=false
07-28 05:17:25.450  4848  4848 I [DevicePlugin].PlatformUtils.(main): isLightOsGaussianLevel: DEBUG_LEVEL = -1, ANIM_LEVEL = 1
07-28 05:17:25.450  4848  4848 I [DevicePlugin].PlatformUtils.(main): isLightBlurEnable: enable=false
07-28 05:17:25.450  4848  4848 I [DevicePlugin].SquareDeviceCardView.(main): onConfigurationChanged
07-28 05:17:25.450  4848  4848 I [DevicePlugin].PlatformUtils.(main): isLowGaussianLevel: DEBUG_LEVEL = -1, ANIM_LEVEL = 1
07-28 05:17:25.450  4848  4848 I [DevicePlugin].PlatformUtils.(main): isGlobalThemeApplied: isGlobalTheme=false
07-28 05:17:25.450  4848  4848 I [DevicePlugin].PlatformUtils.(main): isBlurEnable: enable=true
07-28 05:17:25.450  4848  4848 I [DevicePlugin].PlatformUtils.(main): isGlobalThemeApplied: isGlobalTheme=false
07-28 05:17:25.450  4848  4848 I [DevicePlugin].PlatformUtils.(main): isLightOsGaussianLevel: DEBUG_LEVEL = -1, ANIM_LEVEL = 1
07-28 05:17:25.450  4848  4848 I [DevicePlugin].PlatformUtils.(main): isLightBlurEnable: enable=false
07-28 05:17:25.450  4848  4848 I [DevicePlugin].SquareEntranceCardView.(main): onConfigurationChanged
07-28 05:17:25.450  4848  4848 I [DevicePlugin].PlatformUtils.(main): isLowGaussianLevel: DEBUG_LEVEL = -1, ANIM_LEVEL = 1
07-28 05:17:25.450  4848  4848 I [DevicePlugin].PlatformUtils.(main): isGlobalThemeApplied: isGlobalTheme=false
07-28 05:17:25.450  4848  4848 I [DevicePlugin].PlatformUtils.(main): isBlurEnable: enable=true
07-28 05:17:25.450  4848  4848 I [DevicePlugin].PlatformUtils.(main): isGlobalThemeApplied: isGlobalTheme=false
07-28 05:17:25.450  4848  4848 I [DevicePlugin].PlatformUtils.(main): isLightOsGaussianLevel: DEBUG_LEVEL = -1, ANIM_LEVEL = 1
07-28 05:17:25.450  4848  4848 I [DevicePlugin].PlatformUtils.(main): isLightBlurEnable: enable=false
07-28 05:17:25.453  4848  4848 I SystemUi--QuickSettings: OplusSeparateQSCustomizer-->updateResources tileRow= 3
07-28 05:17:25.453  4848  4848 I SystemUi--QuickSettings: OplusSeparateQSCustomizer--> mUsableWidth=1080
07-28 05:17:25.453  4848  4848 I SystemUi--QuickSettings: OplusSeparateQSCustomizer--> mEditCellWidth=175 mEditCellMarginHorizontal=66 mItemHeight=271 mHorizontalSidePadding=57
07-28 05:17:25.453  4848  4848 I SystemUi--QuickSettings: OplusQsToggleSliderTouchExt-->getRealSize point: Point(1080, 2376) realScreenWidth: 1080 realScreenHeight: 2376
07-28 05:17:25.453  4848  4848 I SystemUi--QuickSettings: OplusQsToggleSliderLayout-->updateRadius radius= 57.815125, roundParams= OplusRoundParams(radiusDp=15.2, radius=45.6, weight=1.1, isCircle=false), isDefaultVolumeTheme = true
07-28 05:17:25.453  4848  4848 I COUIVerticalSeekBar: COUIVerticalSeekBar ensureSize : mIsProgressFull:true,mBackgroundRadius:45.6,mBackgroundWidth:179.0,mBackgroundEnlargeScale1.0,mProgressRadius:45.6,mProgressWidth:179.0,mProgressEnlargeScale1.0,mPaddingVertical45.6
07-28 05:17:25.453  4848  4848 I COUIVerticalSeekBar: updateBehavior * normalSeekBarHeight = 309,mPaddingVertical = 45.6,mIsPhysicsEnable = true,mPhysicalAnimator = null,mFlingBehavior = null,Thread_name = main,hashCode = 202682080,time = 1753694245453,stackChain = com.coui.appcompat.seekbar.COUIVerticalSeekBar.updateBehavior$1:14 com.coui.appcompat.seekbar.COUIVerticalSeekBar.ensureSize$1:182 com.coui.appcompat.seekbar.COUIVerticalSeekBar.setBackgroundRadius:3 com.oplus.systemui.qs.base.seek.OplusQsBaseToggleSliderLayout.updateRadius:60 
07-28 05:17:25.453  4848  4848 I COUIVerticalSeekBar: setPaddingVertical * paddingVertical = 45.6,hashCode = 202682080,time = 1753694245453
07-28 05:17:25.453  4848  4848 I COUIVerticalSeekBar: COUIVerticalSeekBar ensureSize : mIsProgressFull:true,mBackgroundRadius:45.6,mBackgroundWidth:179.0,mBackgroundEnlargeScale1.0,mProgressRadius:45.6,mProgressWidth:179.0,mProgressEnlargeScale1.0,mPaddingVertical45.6
07-28 05:17:25.453  4848  4848 I COUIVerticalSeekBar: updateBehavior * normalSeekBarHeight = 309,mPaddingVertical = 45.6,mIsPhysicsEnable = true,mPhysicalAnimator = null,mFlingBehavior = null,Thread_name = main,hashCode = 202682080,time = 1753694245453,stackChain = com.coui.appcompat.seekbar.COUIVerticalSeekBar.updateBehavior$1:14 com.coui.appcompat.seekbar.COUIVerticalSeekBar.ensureSize$1:182 com.coui.appcompat.seekbar.COUIVerticalSeekBar.setPaddingVertical:59 com.oplus.systemui.qs.base.seek.OplusQsBaseToggleSliderLayout.updateRadius:74 
07-28 05:17:25.453  4848  4848 I SystemUi--Common: WindowRootView-->leftInset:0 rightInset:0  rootWindowInsets.displayCutout:DisplayCutout{insets=Rect(0, 120 - 0, 0) waterfall=Insets{left=0, top=0, right=0, bottom=0} boundingRect={Bounds=[Rect(0, 0 - 0, 0), Rect(512, 0 - 569, 120), Rect(0, 0 - 0, 0), Rect(0, 0 - 0, 0)]} cutoutPathParserInfo={CutoutPathParserInfo{displayWidth=1080 displayHeight=2376 physicalDisplayWidth=1440 physicalDisplayHeight=3168 density={4.0} cutoutSpec={M -38,0 L -38,160 L 38,160 L 38,0 Z} rotation={0} scale={1.0} physicalPixelDisplaySizeRatio={0.75}}} sideOverrides={}} windowInsets.displayCutout:DisplayCutout{insets=Rect(0, 120 - 0, 0) waterfall=Insets{left=0, top=0, right=0, bottom=0} boundingRect={Bounds=[Rect(0, 0 - 0, 0), Rect(512, 0 - 569, 120), Rect(0, 0 - 0, 0), Rect(0, 0 - 0, 0)]} cutoutPathParserInfo={CutoutPathParserInfo{displayWidth=1080 displayHeight=2376 physicalDisplayWidth=1440 physicalDisplayHeight=3168 density={4.0} cutoutSpec={M -38,0 L -38,160 L 38,160 L 38,0 Z} rotation={0} scale={1.0} physicalPixelDisplaySizeRatio={0.75}}} sideOverrides={}} currentRotation:1
07-28 05:17:25.453  4848  4848 I SystemUi--QuickSettings: OplusQuickStatusBarHeader-->onApplyWindowInsets mIgnoreCenterHole: true mCenterHoleSpaceLp: androidx.constraintlayout.widget.ConstraintLayout$LayoutParams@12dab8f
07-28 05:17:25.453  4848  4848 I SystemUi--QuickSettings: OplusQuickStatusBarHeader-->updateCenterHoleView visibility: 8 isLpChanged: false
07-28 05:17:25.453  4848  4848 I SystemUi--QuickSettings: OplusQuickStatusBarHeader-->updateCenterHoleView visibility: 8 isLpChanged: false
07-28 05:17:25.453  4848  4848 I PluginSeedling--Base: SeedlingPluginService-->onStateChange: Bundle[{rect=RectF(509.25, 29.25, 570.75, 90.75), state=onHoleRectChanged}]
07-28 05:17:25.454  4848  4848 I SystemUi--Statusbar: StatusBarPaddingProvider-->updateContentsPadding: (51, 14, 60, 15), screenHoleHeight: 61 isLandscape=false, rotation: 0 screenHoleBottom: 90 statusBarHeight: 120 seedlingHeight: 90 switchSupport: true percentScreen:0.75 baseScreenWidth:1080 stableDisplayWidth:1440
07-28 05:17:25.454  4848  4848 I SystemUi--QuickSettings: OplusQuickStatusBarHeader-->onApplyWindowInsets mIgnoreCenterHole: true mCenterHoleSpaceLp: androidx.constraintlayout.widget.ConstraintLayout$LayoutParams@a51ce1c
07-28 05:17:25.454  4848  4848 I SystemUi--QuickSettings: OplusQuickStatusBarHeader-->updateCenterHoleView visibility: 8 isLpChanged: false
07-28 05:17:25.454  4848  4848 I SystemUi--QuickSettings: OplusQuickStatusBarHeader-->updateCenterHoleView visibility: 8 isLpChanged: false
07-28 05:17:25.454  4848  5446 D BufferQueueProducer: [VRI[NotificationShade]#9(BLAST Consumer)9](id:12f00000000a,api:1,p:4848,c:4848) connect: api=1 producerControlledByApp=true
07-28 05:17:25.461  4848  4848 I SurfaceControl:  setExtendedRangeBrightness sc=Surface(name=NotificationShade)/@0x79f218d,currentBufferRatio=1.0,desiredRatio=1.0
07-28 05:17:25.467  2169  2408 D SurfaceFlinger: captureLayers from pid 5418 uid -335
07-28 05:17:25.467  2169  2408 W SurfaceFlinger: Skipping screen capture because of invalid layer.
07-28 05:17:25.467  5418  5782 E ScreenCapture: Failed to generate screen capture. Error code: -12
07-28 05:17:25.468  5418  5782 E Blur_ScreenCapture: [captureScreenInternal] exceeds fail times limit=1
07-28 05:17:25.478  4848  5446 D BLASTBufferQueue: [VRI[NotificationShade]#9](f:0,a:1) acquireNextBufferLocked size=1080x2376 mFrameNumber=1 applyTransaction=true mTimestamp=58264989925(auto) mPendingTransactions.size=0 graphicBufferId=20822001451062 transform=0
07-28 05:17:25.478  4848  5446 D VRI[NotificationShade]: Received frameCommittedCallback lastAttemptedDrawFrameNum=1 didProduceBuffer=true syncBuffer=false
07-28 05:17:25.478  4848  4848 D VRI[NotificationShade]: draw finished. seqId=0
07-28 05:17:25.479  3401  5358 I WindowManager: Window{3715946 u0 NotificationShade} state from DRAW_PENDING to COMMIT_DRAW_PENDING; reason: finishDrawingLocked
07-28 05:17:25.479  4848  5736 V OplusCustomizeCacheManager: queryCache name: sys.cache.common_customize_cache11011 param: null
07-28 05:17:25.480  3401  3634 I WindowManager: Window{3715946 u0 NotificationShade} state from COMMIT_DRAW_PENDING to READY_TO_SHOW; reason: commitFinishDrawingLocked
07-28 05:17:25.480  3401  3634 I WindowManager: Window{3715946 u0 NotificationShade} state from READY_TO_SHOW to HAS_DRAWN; reason: performShowLocked
07-28 05:17:25.481  4848  5736 V OplusCustomizeCacheManager: queryCache name: sys.cache.common_customize_cache11010 param: null
07-28 05:17:25.481  4848  4848 D ZenModeController: Added callback class com.oplus.systemui.qs.tiles.OplusDndTile$1
07-28 05:17:25.481  4848  4848 I SystemUi--Notification: OplusHeadsUpCoreStart-->isVisibility: true
07-28 05:17:25.482  4848  4848 I SystemUi--QuickSettings: OplusQsBrightnessSliderController-->setProgressAnimation value: 74 isListening: true  screenBrightnessDuration: 0.0  startValue: 0 startTime: 0 lastDuration: 23.0 lastStartTime: 46826  max: 4089 sliderProgress: 0 needResetLastAnimation: false
07-28 05:17:25.482  4848  4848 I SystemUi--QuickSettings: OplusQsBrightnessSliderController-->handleNoDuration proportion: 1.0 currentProgress: 74 duration: 0.0 lastStartValue: 6 sliderProgress: 74
07-28 05:17:25.482  3401  3656 I UserAwareMgr: handleFgAppChanged, pkgName: com.android.systemui, pid: 4848, isVisible: true, fgAppType: FG2
07-28 05:17:25.482  3401  3656 I UserAwareMgr: fg app status not changed, beforeVisible: true, currentVisible: true
07-28 05:17:25.482  4848  4848 I SystemUi--Notification: OplusNotificationShadeWindowControllerExImpl-->SHADE_FOCUSABLE-->mNotificationShadeFocusable= true, mPanelExpanded= true, mBouncerShowing= false, mKeyguardShowing= false, mKeyguardOccluded= false, mKeyguardNeedsInput= false, ENABLE_REMOTE_INPUT= true, mRemoteInputActive= false, layoutFlags= -2121924544
