07-28 19:13:24.400  4926  5795 V OplusCustomizeCacheManager: queryCache name: sys.cache.common_customize_cache18013 param: null
07-28 19:13:24.400  5216  5216 D QuickChangeAirplaneModeEvent: isBothCardInService is false
07-28 19:13:24.400  5216  5216 D MsimSubModeManager: registTelephonyEvent onServiceStateChanged eventId:3, VoiceRegState:1, DataRegState:1
07-28 19:13:24.400  5216  5216 E ExtremeCommUtils: getSwitchRusSupportMcc invalid index 1
07-28 19:13:24.400  5216  5216 D ExtremeCommUtils: isSupporCheck rusContain:false,propContain(persist.sys.oplus.support_hyper_uplink_mcc):false
07-28 19:13:24.400  5216  5216 D ExtremeCommService: handleServiceStateChanged mcc is null
07-28 19:13:24.400  5216  5216 D ChinaRoamingControl: handleMessage what:5
07-28 19:13:24.400  5216  5216 D MsimSubModeManager: handleMessage what:3
07-28 19:13:24.400  5216  5216 D MsimSubModeManager: getMsimSimServiceIn() i:0,mServiceState:1
07-28 19:13:24.400  5216  5216 D MsimSubModeManager: getMsimSimServiceIn() i:1,mServiceState:1
07-28 19:13:24.400  5049  6001 D T-Recommend: onPreHandleMessage 1000
07-28 19:13:24.400  5049  6001 E CellularEvent: nri null ps
07-28 19:13:24.400  5049  6001 E CellularEvent: invalid nri
07-28 19:13:24.400  5049  6008 D OplusSubWaySlowRecovery: getPreferSubId return 1
07-28 19:13:24.400  5049  6001 D T-Recommend: onPostHandleMessage 1000
07-28 19:13:24.400  3478  5339 W ContextImpl: Calling a method in the system process without a qualified user: android.app.ContextImpl.sendBroadcastMultiplePermissions:1311 android.content.Context.sendBroadcastMultiplePermissions:2524 com.android.server.TelephonyRegistry.broadcastServiceStateChanged:3740 com.android.server.TelephonyRegistry.notifyServiceStateForPhoneId:1787 com.android.internal.telephony.ITelephonyRegistry$Stub.onTransact:546 
07-28 19:13:24.400  5148  5148 I QImsService: OplusPhoneStateTracker : onServiceStateChanged
07-28 19:13:24.401  5049  6008 D SaDataFailRecovery/0: current is not in service,reset alarm
07-28 19:13:24.401  5049  6008 D OplusScanQrCodeRecoveryImpl: msg.what=3
07-28 19:13:24.401  6705  6842 I midasd  : OplusObrainService::notifyEventInt eventId:38 iParam:20
07-28 19:13:24.401  3478  4254 I MemoryOperationUtils: add 13085 to inactive
07-28 19:13:24.401  4926  5351 I SystemUi--Statusbar: MobileConnectionRepositoryImpl-->subId:1 isSoftSimCard:false slotId:0
07-28 19:13:24.401  3478  5339 W ContextImpl: Calling a method in the system process without a qualified user: android.app.ContextImpl.sendBroadcastMultiplePermissions:1344 com.android.server.TelephonyRegistry.broadcastServiceStateChanged:3745 com.android.server.TelephonyRegistry.notifyServiceStateForPhoneId:1787 com.android.internal.telephony.ITelephonyRegistry$Stub.onTransact:546 android.os.Binder.execTransactInternal:1523 
07-28 19:13:24.401  8011  8369 I OplusObrain: OplusObrainClientInvoke.nativeGetTelephonyInfo
07-28 19:13:24.401  5049  6004 D OplusLinkBoostCommon: dds servicestate change
07-28 19:13:24.402  8011  8369 I OplusObrain: OplusObrainClientInvoke.nativeGetTrafficTypeInfoForNetworkType networkType 0
07-28 19:13:24.402  3478  5370 D KernelStatsHelper: getKernelStats start!
07-28 19:13:24.403  3478  4654 D OplusNetlinkSocket: handleNetlinkRecvKernelMessage:nlmsghdr:StructNlMsgHdr{ nlmsg_len{40}, nlmsg_type{48()}, nlmsg_flags{0()}, nlmsg_seq{0}, nlmsg_pid{227938862} }
07-28 19:13:24.403  3478  4654 D KernelStatsHelper: get magic :[-1, -1, -1, 77, 65, 71, 73, 67]
07-28 19:13:24.403  3478  4654 D KernelStatsHelper: magic matched count:0 data_len:0
07-28 19:13:24.403  3478  4654 D KernelStatsHelper: data over! check: true
07-28 19:13:24.403  3478  5339 W ContextImpl: Calling a method in the system process without a qualified user: android.app.ContextImpl.sendBroadcastMultiplePermissions:1344 com.android.server.TelephonyRegistry.broadcastServiceStateChanged:3754 com.android.server.TelephonyRegistry.notifyServiceStateForPhoneId:1787 com.android.internal.telephony.ITelephonyRegistry$Stub.onTransact:546 android.os.Binder.execTransactInternal:1523 
07-28 19:13:24.404  3478  5339 W ContextImpl: Calling a method in the system process without a qualified user: android.app.ContextImpl.sendBroadcastMultiplePermissions:1344 com.android.server.TelephonyRegistry.broadcastServiceStateChanged:3760 com.android.server.TelephonyRegistry.notifyServiceStateForPhoneId:1787 com.android.internal.telephony.ITelephonyRegistry$Stub.onTransact:546 android.os.Binder.execTransactInternal:1523 
07-28 19:13:24.404  4926  4926 I SystemUi--Statusbar: OplusMobileIconInteractorImpl-->oplusIMSModel slot:0: CapabilityTypeModel(isVolteSwitchOn=true, isWfcEnabledByUser=true, imsRegistered=false, voiceCapable=false, videoCapable=false, registerTech=-1, isCrossSimCallingEnabledByUser=false, hasHideVolteOperator=false), SimStateModel(simInserted=[true, false], simForbidden=[false, true], simStateIMSI=[true, false], simLoaded=[true, false]),oplusNetworkTypeNr:20,isVoNrEnabled:false
07-28 19:13:24.404  4926  5351 I SystemUi--Statusbar: MobileConnectionRepositoryImpl-->subId:1 isSoftSimCard:false slotId:0
07-28 19:13:24.405  5049  6005 D NAS-CallIssueDetector: onServiceStateChanged
07-28 19:13:24.405  5049  6005 D OplusCiwlanController: [vodata] processServiceStateChanged  phoneid = 0, original roaming type = 0,roaming type = 0
07-28 19:13:24.405  5049  6005 D OplusCiwlanController: [vodata] processServiceStateChanged  phoneid = 1, original roaming type = 0,roaming type = 0
07-28 19:13:24.405  5910  5910 D CellBroadcastReceiver: onReceive Intent { act=android.intent.action.SERVICE_STATE flg=0x1000010 cmp=com.android.cellbroadcastreceiver.module/com.android.cellbroadcastreceiver.CellBroadcastReceiver (has extras) }
07-28 19:13:24.405  5216  5216 D SubsysEventListenerManager-SubsysTelephonyCallback[0]: onCellLocationChanged
07-28 19:13:24.405  5910  5910 D CellBroadcastReceiver: onServiceStateChanged, ss: 1
07-28 19:13:24.406  5910  5910 D CellBroadcastReceiver: networkOperator: 
07-28 19:13:24.406  4982  6276 E PhoneInterfaceManager: getServiceStateForSlot retuning null for invalid slotIndex=-1
07-28 19:13:24.406  5216  5216 D SubsysEventListenerManager-SubsysTelephonyCallback[0]: onDisplayInfoChanged
07-28 19:13:24.406  5216  5216 D SceneService: onDisplayInfoChanged slotId:0,telephonyDisplayInfo:TelephonyDisplayInfo {network=NR, overrideNetwork=NONE, isRoaming=false}
07-28 19:13:24.406  3478  4248 W BestClock: java.time.DateTimeException: Missing network time fix
07-28 19:13:24.406  4982  4982 D MultiSimSettingController: notifySubscriptionInfoChanged
07-28 19:13:24.407  3478  3478 I AS.AudioService: onSubscriptionsChanged()
07-28 19:13:24.407  3478  4545 V NetworkPolicy: onSubscriptionsChanged
07-28 19:13:24.408  3478  5861 W BestClock: java.time.DateTimeException: Missing network time fix
07-28 19:13:24.408  4926  5351 I SystemUi--Statusbar: MobileInputLog-->onSubscriptionsChanged
07-28 19:13:24.408  5148  5148 I QImsService: OplusPhoneStateTracker : onSubscriptionsChanged Last subId: 1 Current subId 1
07-28 19:13:24.408  5148  5148 I QImsService: OplusPhoneStateTracker : onSubscriptionsChanged Last subId: -1 Current subId -1
07-28 19:13:24.408  4926  5795 V OplusCustomizeCacheManager: queryCache name: sys.cache.common_customize_cache18014 param: null
07-28 19:13:24.408  4926  5795 V OplusCustomizeCacheManager: queryCache name: sys.cache.common_customize_cache18017 param: Bundle[{SETTING=BLOCK, BUSINESS=NCT-DATA}]
07-28 19:13:24.408  4926  5795 V OplusCustomizeCacheManager: queryCache name: sys.cache.common_customize_cache18013 param: null
07-28 19:13:24.408  5171  5171 D QCNEJ/DataCallAgent: onSubscriptionsChanged: new DDS 1
07-28 19:13:24.409  5171  7818 D QCNEJ/DataCallAgent: phoneCount: 2
07-28 19:13:24.409  5171  7818 D QCNEJ/DataCallAgent: subs for 0th slot: [1]
07-28 19:13:24.409  4982  4982 I Telephony: y0: onServiceStateChanged: newState=1, mServiceState=1
07-28 19:13:24.409  5171  5171 D QCNEJ/WwanInfoRelay: onSubscriptionsChanged currDDSId: 1 new DDS 1
07-28 19:13:24.409  4982  4982 I Telephony: isRttCurrentlySupported -- regular acct, hasVoiceAvailability: false
07-28 19:13:24.409  4982  4982 I Telephony:  isRttSupported: false
07-28 19:13:24.409  4982  4982 I Telephony:  isUserRttSettingOn: false
07-28 19:13:24.409  4982  4982 I Telephony:  alwaysAllowWhileRoaming: false
07-28 19:13:24.409  4982  4982 I Telephony:  isRoaming: false
07-28 19:13:24.409  4982  4982 I Telephony:  isOnWfc: false
07-28 19:13:24.409  5148  5148 E QImsService: ImsConfigImpl : onSubscriptionsChanged unable to process due to SubscriptionInfo is null
07-28 19:13:24.409  5171  7818 D QCNEJ/DataCallAgent: mSubInfoReady[0] is set to true
07-28 19:13:24.409  5171  7818 D QCNEJ/DataCallAgent: subs for 1th slot: [-1]
07-28 19:13:24.409  5049  6001 D CellularEvent: handleSubscriptionsChanged: slotId=0
07-28 19:13:24.409  5049  6001 D CellularEvent: onImsRegistrationStateChanged, slotId=0state:false
07-28 19:13:24.410  4926  4926 I KeyguardUpdateMonitor: action=android.intent.action.SERVICE_STATE subId=1 slotId=0
07-28 19:13:24.410  5049  5602 D NAS-CellularEvent: handleSubscriptionsChanged: slotId=0
07-28 19:13:24.410  4926  5351 I SystemUi--Statusbar: MobileConnectionRepositoryImpl-->subId:1 isSoftSimCard:false slotId:0
07-28 19:13:24.410  4926  4926 I SystemUi--Statusbar: OplusMobileIconInteractorImpl-->oplusIMSModel slot:0: CapabilityTypeModel(isVolteSwitchOn=true, isWfcEnabledByUser=true, imsRegistered=false, voiceCapable=false, videoCapable=false, registerTech=-1, isCrossSimCallingEnabledByUser=false, hasHideVolteOperator=false), SimStateModel(simInserted=[true, false], simForbidden=[false, true], simStateIMSI=[true, false], simLoaded=[true, false]),oplusNetworkTypeNr:20,isVoNrEnabled:false
07-28 19:13:24.411  4926  6154 I SystemUi--Statusbar: OplusMobileConnectionRepository1-->stopListenImsStatusChanged
07-28 19:13:24.411  6598  7687 D OplusAtlasAudioDetectionManager: MSG_CALL_STATE_CHANGED
07-28 19:13:24.411  6598  7687 D OplusAtlasAudioDetectionManager: callStateChanged state: 0, len: 0
07-28 19:13:24.411  4926  6154 I SystemUi--Statusbar: OplusMobileConnectionRepository1-->phoneId: 0, conflatedCallbackFlow init
07-28 19:13:24.411  4926  6154 I SystemUi--Statusbar: OplusMobileConnectionRepository1-->startListenImsStatusChanged
07-28 19:13:24.411  7129  7777 D OsAgentAidlClient: [string_dataitem_update][1584] [HC] =>> [HS]
07-28 19:13:24.411  5049  5602 D NAS-CellularEvent: onImsRegistrationStateChanged, slotId=0state:false
07-28 19:13:24.411  7201  8320 E Battery : ControllerCenter: onReceiver: mSubscriptionManager is null || mIsNeedRestoreMobile = false
07-28 19:13:24.412 13085 13085 I ttings:tzupdate: isSwordfishLaunchAppEnabled_ 1 isSwordfishInstallAppEnabled_ 1
07-28 19:13:24.412 13085 13085 E ttings:tzupdate: Unknown bits set in runtime_flags: 0x40000000
07-28 19:13:24.412 13085 13085 I ttings:tzupdate: Using CollectorTypeCMC GC.
07-28 19:13:24.412  3478  5370 W BestClock: java.time.DateTimeException: Missing network time fix
07-28 19:13:24.413  4926  6154 I SystemUi--Statusbar: OplusMobileConnectionRepository1-->onImsStatusChanged model: CapabilityTypeModel(isVolteSwitchOn=true, isWfcEnabledByUser=true, imsRegistered=false, voiceCapable=false, videoCapable=false, registerTech=-1, isCrossSimCallingEnabledByUser=false, hasHideVolteOperator=false)
07-28 19:13:24.413  4982  4982 V OplusCustomizeCacheManager: queryCache name: sys.cache.common_customize_cache18016 param: null
07-28 19:13:24.413  4982  4982 V OplusCustomizeCacheManager: queryCache name: sys.cache.common_customize_cache18013 param: null
07-28 19:13:24.413  4982  4982 V OplusCustomizeCacheManager: queryCache name: sys.cache.common_customize_cache18014 param: null
07-28 19:13:24.413  4982  4982 V OplusCustomizeCacheManager: queryCache name: sys.cache.common_customize_cache18017 param: Bundle[{SETTING=BLOCK, BUSINESS=NCT-DATA}]
07-28 19:13:24.413  3478  4545 D NetworkPolicy: Normalization put networkpolicyNetworkTemplate: matchRule=CARRIER, matchSubscriberIds=[001011...], matchWifiNetworkKeys=[], metered=YES
07-28 19:13:24.413  3478  4545 D NetworkPolicy: Normalization put networkpolicyNetworkTemplate: matchRule=CARRIER, matchSubscriberIds=[310260...], matchWifiNetworkKeys=[], metered=YES
07-28 19:13:24.413  3478  4545 D NetworkPolicy: Normalization put networkpolicyNetworkTemplate: matchRule=CARRIER, matchSubscriberIds=[001010...], matchWifiNetworkKeys=[], metered=YES
07-28 19:13:24.413  3478  4545 D NetworkPolicy: Normalization put networkpolicyNetworkTemplate: matchRule=CARRIER, matchSubscriberIds=[001010...], matchWifiNetworkKeys=[], metered=YES
07-28 19:13:24.413  3478  4545 D NetworkPolicy: Normalization put networkpolicyNetworkTemplate: matchRule=CARRIER, matchSubscriberIds=[001012...], matchWifiNetworkKeys=[], metered=YES
07-28 19:13:24.413  3478  4545 V NetworkPolicy: updateNetworkEnabledNL() return
07-28 19:13:24.413  4982  4982 V OplusCustomizeCacheManager: queryCache name: sys.cache.common_customize_cache18016 param: null
07-28 19:13:24.414  4982  4982 V OplusCustomizeCacheManager: queryCache name: sys.cache.common_customize_cache18013 param: null
07-28 19:13:24.414  4982  4982 V OplusCustomizeCacheManager: queryCache name: sys.cache.common_customize_cache18014 param: null
07-28 19:13:24.414  4982  4982 V OplusCustomizeCacheManager: queryCache name: sys.cache.common_customize_cache18017 param: Bundle[{SETTING=BLOCK, BUSINESS=NCT-DATA}]
07-28 19:13:24.414  3478  4545 V NetworkPolicy: updateNotificationsNL not process
07-28 19:13:24.414  3478  5370 W BestClock: java.time.DateTimeException: Missing network time fix
07-28 19:13:24.414  3478  4545 W BestClock: java.time.DateTimeException: Missing network time fix
07-28 19:13:24.414  4982  4982 D MultiSimSettingController: onSubscriptionsChanged
07-28 19:13:24.414  4982  4982 D MultiSimSettingController: isReadyToReevaluate: subInfoInitialized=true, carrierConfigsLoaded=true, satelliteEnabledOrBeingEnabled=false
07-28 19:13:24.414  4982  4982 D MultiSimSettingController: updateDefaults
07-28 19:13:24.414  4982  4982 D MultiSimSettingController: isReadyToReevaluate: subInfoInitialized=true, carrierConfigsLoaded=true, satelliteEnabledOrBeingEnabled=false
07-28 19:13:24.414  4982  4982 D MultiSimSettingController: updateDefaultValues: change: 0
07-28 19:13:24.414  4982  4982 D MultiSimSettingController: disableDataForNonDefaultNonOpportunisticSubscriptions triggered, return directly
07-28 19:13:24.414  4926  5795 V OplusCustomizeCacheManager: queryCache name: sys.cache.common_customize_cache18014 param: null
07-28 19:13:24.414  4926  5795 V OplusCustomizeCacheManager: queryCache name: sys.cache.common_customize_cache18017 param: Bundle[{SETTING=BLOCK, BUSINESS=NCT-DATA}]
07-28 19:13:24.414  4926  5795 V OplusCustomizeCacheManager: queryCache name: sys.cache.common_customize_cache18013 param: null
07-28 19:13:24.414 13085 13085 E ttings:tzupdate: Not starting debugger since process cannot load the jdwp agent.
07-28 19:13:24.414  4982  4982 D ImsResolver: oldSubId: 1, newSubId: 1
07-28 19:13:24.414  4982  4982 D ImsResolver: oldSubId: -1, newSubId: -1
07-28 19:13:24.414  5049  6004 W BestClock: java.time.DateTimeException: Missing network time fix
07-28 19:13:24.414  4982  4982 I Telephony: TelecomAccountRegistry: onSubscriptionsChanged - reregister accounts
07-28 19:13:24.415  4982  4982 D PhoneUtils: PhoneAccountHandle subId=1, slotId=0
07-28 19:13:24.415  5049  6004 V MonthTrafficAlert: getWarningNotification subId:1 numWarningNotificaion:0
07-28 19:13:24.415  4982  4982 D Telephony: registerPstnPhoneAccount line1Number =  subNumber = 
07-28 19:13:24.415  4982  4982 D Telephony: color is transparent asign default instead -15502541
07-28 19:13:24.415  4982  4982 D Telephony: isEmergencyPreferredAccount: subId=1, activeData=1
07-28 19:13:24.416  4982  4982 D Telephony: isEmergencyPreferredAccount: Device does not require preference.
07-28 19:13:24.416 13085 13085 D nativeloader: Load libframework-connectivity-tiramisu-jni.so using APEX ns com_android_tethering for caller /apex/com.android.tethering/javalib/framework-connectivity-t.jar: ok
07-28 19:13:24.416  4982  4982 I Telephony: isRttCurrentlySupported -- regular acct, hasVoiceAvailability: false
07-28 19:13:24.416  4982  4982 I Telephony:  isRttSupported: false
07-28 19:13:24.416  4982  4982 I Telephony:  isUserRttSettingOn: false
07-28 19:13:24.416  4982  4982 I Telephony:  alwaysAllowWhileRoaming: false
07-28 19:13:24.416  4982  4982 I Telephony:  isRoaming: false
07-28 19:13:24.416  4982  4982 I Telephony:  isOnWfc: false
07-28 19:13:24.416  4982  4982 D Telephony: x0: buildPstnPhoneAccount, phoneId: 0, mIsVideoCapable: false, 
07-28 19:13:24.416  4982  4982 D OplusSesImsManagerExt: feature:0, phoneId:0
07-28 19:13:24.416  4982  4982 D OplusSesImsManagerExt: getSubIdUsingPhoneId:1, phoneId:0
07-28 19:13:24.416  4982  4982 D OplusSesImsManagerExt: isEntitlementEnabled:false
07-28 19:13:24.416  4982  4982 D OplusSesImsManagerExt: isFeatureProvisionedOnDevice not enabled
07-28 19:13:24.416  4982  4982 D Telephony: registerPstnPhoneAccount mIsVideoCapable = false
07-28 19:13:24.417  4982  4982 W libc    : Access denied finding property "persist.vendor.mtk_uce_support"
07-28 19:13:24.417  4982  4982 I Telephony: isCarrierVideoPresenceSupported, false, false, false, false
07-28 19:13:24.417 13085 13085 W libc    : Access denied finding property "persist.vendor.sys.activitylog"
07-28 19:13:24.417  4982  4982 I Telephony: reRegisterPstnPhoneAccount: subId: 1 - no change
07-28 19:13:24.417 13085 13085 I OneTrace: Mark active for pid=13085? true
07-28 19:13:24.417 13085 13085 D cutils-dev: otrace_set_tracing_enabled? true tag:0
07-28 19:13:24.417  4982  4982 D CallNotifier: updatePhoneStateListeners: update CF notifications.
07-28 19:13:24.417  4926  5186 I SystemUi--QuickSettings: Tile.OplusCellularTile-->updateCarrierText: dialog not showing, ignore
07-28 19:13:24.417 13085 13085 D cutils-dev: properties changed in otrace_seq_number_changed!
07-28 19:13:24.417  4926  4926 I KeyguardUpdateMonitor: refreshSimState, changed:false,subId:1,slotId:0,state:5
07-28 19:13:24.417  4926  5186 D SimStateHelper: slot:0, lock state:Bundle[mParcelledData.dataSize=56]
07-28 19:13:24.417  4926  5186 D SimStateHelper: slot:1, lock state:Bundle[mParcelledData.dataSize=56]
07-28 19:13:24.417  4926  5186 D SimStateHelper: needDisableMenu: slot1State=-1; slot2State=-1
07-28 19:13:24.417  4926  5186 D SimStateHelper: needDisableMenu:false
07-28 19:13:24.417  4926  5186 I SystemUi--QuickSettings: Tile.OplusCellularTile-->updateCarrierText: dialog not showing, ignore
07-28 19:13:24.418  4926  5186 D SimStateHelper: slot:0, lock state:Bundle[mParcelledData.dataSize=56]
07-28 19:13:24.418  4982  4982 D InternationalRoamingNotification: init
07-28 19:13:24.418  4926  5186 D SimStateHelper: slot:1, lock state:Bundle[mParcelledData.dataSize=56]
07-28 19:13:24.418  4926  5186 D SimStateHelper: needDisableMenu: slot1State=-1; slot2State=-1
07-28 19:13:24.418  4926  5186 D SimStateHelper: needDisableMenu:false
07-28 19:13:24.418  5216  6141 D VirtualCommService2: isSupport. true, true
07-28 19:13:24.418  4982  4982 D OplusVirtualCommUtils: isVirtualCommSupport, vRet: true
07-28 19:13:24.418  4982  4982 I OplusVirtualCommUtils: getVirtualCommDeviceType, vRet: 1
07-28 19:13:24.418  4982  4982 I OplusVirtualCommUtils: isConsumerDeviceType, deviceType: 1
07-28 19:13:24.418  3478  5370 D ActivityTaskManagerServiceExtImpl: preBindApplication record is null
07-28 19:13:24.418  3478  5370 D RGBNormalizeServer: OplusRGBNormalize feature enabled ? true
07-28 19:13:24.418  3478  5370 D ResourcesManagerCache: For package com.oplus.wirelesssettings we got cacheList [null] appInfoExt is null ? false hasFeature ? false
07-28 19:13:24.418  3478  5370 D VRR [OPlusExternalRefreshRateManager]: isPkgTfcEnable: pkgName = com.oplus.wirelesssettings, enable = false
07-28 19:13:24.418  3478  5370 D VRR [OPlusExternalRefreshRateManager]: getTfcMinFramerate: pkgName = com.oplus.wirelesssettings, min framerate = 0
07-28 19:13:24.418  4982  4982 D InternationalRoamingNotification: do not createRoamingNotification for invalid Network
07-28 19:13:24.419  4982  4982 V OplusCustomizeCacheManager: queryCache name: sys.cache.common_customize_cache18016 param: null
07-28 19:13:24.419  4982  4982 V OplusCustomizeCacheManager: queryCache name: sys.cache.common_customize_cache18013 param: null
07-28 19:13:24.419  4982  4982 V OplusCustomizeCacheManager: queryCache name: sys.cache.common_customize_cache18014 param: null
07-28 19:13:24.419  4982  4982 V OplusCustomizeCacheManager: queryCache name: sys.cache.common_customize_cache18017 param: Bundle[{SETTING=BLOCK, BUSINESS=NCT-DATA}]
07-28 19:13:24.419  4982  4982 V SimultaneousCallingTracker: Received EVENT 101
07-28 19:13:24.419  4982  4982 V SimultaneousCallingTracker: generateVoiceCapablePhoneMapBasedOnUserAssociation: adding phoneId = 0
07-28 19:13:24.419  4982  4982 I SimultaneousCallingTracker: updatePhoneMapAndSimultaneousCallSupportMap: mVoiceCapablePhoneMap.size = 1
07-28 19:13:24.419  4982  4982 V SimultaneousCallingTracker: registerForImsRegistrationChanges: registering phoneId = 0
07-28 19:13:24.419  4982  4982 V SimultaneousCallingTracker: generateSimultaneousCallSupportMap: returning simultaneousCallSubSupportMap = Phone ID=0 - Simultaneous calling compatible phone IDs=[]; 
07-28 19:13:24.419  4982  4982 V SimultaneousCallingTracker: handleSimultaneousCallingSupportChanged
07-28 19:13:24.419  3478  5339 W ContentService: Observer is already registered. Pid is 4982
07-28 19:13:24.420 13085 13085 D OplusActivityManager: get AMS extension: android.os.BinderProxy@ad0ff3a
07-28 19:13:24.421 13085 13085 D CompactWindowAppManager: initCompactApplicationInfo CompactMode: , NormalMode: 
07-28 19:13:24.421 13085 13085 D OplusScrollToTopManager: setIsInWhiteList false
07-28 19:13:24.421 13085 13085 D OplusViewDebugManager: OplusViewDebugManager Constructor android.view.debug.OplusViewDebugManager@3d1a948 [mHasViewDebugProperty true] [mHasMsgDebugProperty false] [DEBUG false] [EXTRAINFOENABLE false] [LIGHT_OS false]
07-28 19:13:24.422 13085 13085 D CompatChangeReporter: Compat change id reported: 242716250; UID 1000; state: ENABLED
07-28 19:13:24.423 13085 13085 W libc    : Access denied finding property "ro.odm.prev.product.name"
07-28 19:13:24.424 13085 13085 W ziparchive: Unable to open '/system_ext/framework/nfcvendorlib.dm': No such file or directory
07-28 19:13:24.424 13085 13085 W ziparchive: Unable to open '/system_ext/framework/nfcvendorlib.dm': No such file or directory
07-28 19:13:24.425 13085 13085 D nativeloader: Configuring clns-shared-7 for other apk /system_ext/framework/nfcvendorlib.jar. target_sdk_version=34, uses_libraries=ALL, library_path=/system_ext/priv-app/WirelessSettings/lib/arm64:/system_ext/priv-app/WirelessSettings/WirelessSettings.apk!/lib/arm64-v8a:/system/lib64:/system_ext/lib64, permitted_path=/data:/mnt/expand:/data/user_de/0/com.oplus.wirelesssettings:/system_ext/priv-app/WirelessSettings:/system/lib64:/system_ext/lib64
07-28 19:13:24.425 13085 13085 D nativeloader: Extending system_exposed_libraries: libbinauralrenderer_wrapper.qti.so:libhoaeffects.qti.so:libSloganJni.oplus.so:libsuperNight.oplus.so:libAPSClient-cmd-jni-extension.oplus.so:libsatellite_audio_jni.oplus.so:libortc_so.oplus.so:libsoundtouch.oplus.so:libsoundtouch_jni.oplus.so:libOplusStringJNI-extension.oplus.so:libsatellite_ostx_jni.oplus.so:libapssuspend-jni.oplus.so:libupdateprof.qti.so:libthermalclient.qti.so:libqape.qti.so:libqesdk_ndk_platform.qti.so:liblistenjni.qti.so
07-28 19:13:24.426 13085 13085 D ApplicationLoaders: Returning zygote-cached class loader: /system_ext/framework/androidx.window.extensions.jar
07-28 19:13:24.426 13085 13085 D ApplicationLoaders: Returning zygote-cached class loader: /system_ext/framework/androidx.window.sidecar.jar
07-28 19:13:24.427 13085 13085 D nativeloader: Configuring clns-shared-8 for other apk /system_ext/priv-app/WirelessSettings/WirelessSettings.apk. target_sdk_version=34, uses_libraries=, library_path=/system_ext/priv-app/WirelessSettings/lib/arm64:/system_ext/priv-app/WirelessSettings/WirelessSettings.apk!/lib/arm64-v8a:/system/lib64:/system_ext/lib64, permitted_path=/data:/mnt/expand:/data/user_de/0/com.oplus.wirelesssettings:/system_ext/priv-app/WirelessSettings:/system/lib64:/system_ext/lib64
07-28 19:13:24.431 13085 13085 V GraphicsEnvironment: Currently set values for:
07-28 19:13:24.431 13085 13085 V GraphicsEnvironment:   angle_gl_driver_selection_pkgs=[]
07-28 19:13:24.431 13085 13085 V GraphicsEnvironment:   angle_gl_driver_selection_values=[]
07-28 19:13:24.431 13085 13085 V GraphicsEnvironment: Global.Settings values are invalid: number of packages: 0, number of values: 0
07-28 19:13:24.432 13085 13085 D WS_OplusWirelessSettingsApp: onCreate, OplusWirelessSettingsApp
07-28 19:13:24.432 13085 13085 D LogUtils: initWirelessLog sIsQeAssert=false,sIsWifiOrBtLog=false
07-28 19:13:24.434  3478  5339 I ActivityManager: Flag disabled. Ignoring finishAttachApplication from uid: 1000. pid: 13085
07-28 19:13:24.434 13085 13085 E ANDR-PERF-CLIENT-SYS: death recipent object is fine
07-28 19:13:24.434 13085 13085 W ttings:tzupdate: AIBinder_linkToDeath is being called with a non-null cookie and no onUnlink callback set. This might not be intended. AIBinder_DeathRecipient_setOnUnlinked should be called first.
07-28 19:13:24.435  3478  5339 W OplusSelfProtectManager: pkg[com.oplus.wirelesssettings] not in policy list
07-28 19:13:24.437  3478  5339 D ActivityManager: Async freezing 13085 com.oplus.wirelesssettings:tzupdate
07-28 19:13:24.439  4775  6542 W SQLiteLog: (28) double-quoted string literal: "timezone_tzdata_v2_files"
07-28 19:13:24.448  2063  2063 D SensorFeature: name=ssc_screenshot_info ,index = 22
07-28 19:13:24.448  2063  2063 D SensorFeature: write 29 bytes:59118036747,59126370080,163,0
07-28 19:13:24.473  1884  9646 I sensors-hal: handle_sns_client_event:87, step_count_event: ts=59151433014 count 0
07-28 19:13:24.473  3478  4421 D SensorServiceUtils: sensorEventLog step_counter = 0
07-28 19:13:24.473  3478  4421 D SensorServiceUtils: sensorEventLog step_counter = 0
07-28 19:13:24.473  3478  4421 D SensorServiceUtils: sensorEventLog step_counter = 0
07-28 19:13:24.473  3478  4421 D SensorServiceUtils: sensorEventLog step_counter = 0
07-28 19:13:24.473  3478  4421 D SensorServiceUtils: sensorEventLog step_counter = 0
07-28 19:13:24.473  3478  4421 D SensorServiceUtils: sensorEventLog step_counter = 0
07-28 19:13:24.473  3478  4421 D SensorServiceUtils: sensorEventLog step_counter = 0
07-28 19:13:24.473  3478  4421 D SensorServiceUtils: sensorEventLog step_counter = 0
07-28 19:13:24.473  3478  4421 D SensorServiceUtils: sensorEventLog step_counter = 0
07-28 19:13:24.473  3478  4421 D SensorServiceUtils: sensorEventLog step_counter = 0
07-28 19:13:24.473  3478  4421 D SensorServiceUtils: sensorEventLog step_counter = 0
07-28 19:13:24.473  3478  4421 D SensorServiceUtils: sensorEventLog step_counter = 0
07-28 19:13:24.473  3478  4421 D SensorServiceUtils: sensorEventLog step_counter = 0
07-28 19:13:24.473  3478  4421 D SensorServiceUtils: sensorEventLog step_counter = 0
07-28 19:13:24.473  3478  4421 D SensorServiceUtils: sensorEventLog step_counter = 0
07-28 19:13:24.473  3478  4421 D SensorServiceUtils: sensorEventLog step_counter = 0
07-28 19:13:24.473  3478  4421 D SensorServiceUtils: sensorEventLog step_counter = 0
07-28 19:13:24.473  3478  4421 D SensorServiceUtils: sensorEventLog step_counter = 0
07-28 19:13:24.473  3478  4421 D SensorServiceUtils: sensorEventLog step_counter = 0
07-28 19:13:24.473  4746  4746 V SystemSensorManagerExtImpl: step counter dispatchSensorEvent step 0.0 to + a.b$c@7a434d8
07-28 19:13:24.515  4982  4982 V OplusCustomizeCacheManager: queryCache name: sys.cache.common_customize_cache18016 param: null
07-28 19:13:24.516  4982  4982 V OplusCustomizeCacheManager: queryCache name: sys.cache.common_customize_cache18013 param: null
07-28 19:13:24.516  4982  4982 V OplusCustomizeCacheManager: queryCache name: sys.cache.common_customize_cache18014 param: null
07-28 19:13:24.516  4982  4982 V OplusCustomizeCacheManager: queryCache name: sys.cache.common_customize_cache18017 param: Bundle[{SETTING=BLOCK, BUSINESS=NCT-DATA}]
07-28 19:13:24.517  4982  4982 V OplusCustomizeCacheManager: queryCache name: sys.cache.common_customize_cache18016 param: null
07-28 19:13:24.517  4982  4982 V OplusCustomizeCacheManager: queryCache name: sys.cache.common_customize_cache18013 param: null
07-28 19:13:24.517  4982  4982 V OplusCustomizeCacheManager: queryCache name: sys.cache.common_customize_cache18014 param: null
07-28 19:13:24.517  4982  4982 V OplusCustomizeCacheManager: queryCache name: sys.cache.common_customize_cache18017 param: Bundle[{SETTING=BLOCK, BUSINESS=NCT-DATA}]
07-28 19:13:24.519  1884  4508 I sensors-hal: handle_oplus_wise_rgb_event:189, high_pwm_light:lux 177.4,cct 3589.0,brl/algo/ir 1332.0/2.0/23.5,pwm/dc 0.0/0.0,rgbc 13827.543945/9371.109375/4004.885010/25967.494141,ts 59093590566,cnt 840,flag 163
07-28 19:13:24.520  1949  4496 I Dpps    : LtmSwState::SetParameter():144 ignore cmd 7 in state LtmOffState
07-28 19:13:24.541  4926  4926 D RowAnimatorExtImpl: end:view:StatusBarIconView(slot='volume' alpha=1.0 icon=StatusBarIcon(icon=Icon(typ=RESOURCE pkg=com.android.systemui id=0x7f0818f0) visible user=0 ) visibleState=ICON iconColor=#ccffffff staticDrawableColor=#ccffffff decorColor=#ffffffff animationStartColor=#0 currentSetColor=#ccffffff notification=null),tx
07-28 19:13:24.541  4926  4926 D RowAnimatorExtImpl: end:view:StatusBarIconView(slot='zen' alpha=1.0 icon=StatusBarIcon(icon=Icon(typ=RESOURCE pkg=com.android.systemui id=0x7f0818e1) visible user=0 ) visibleState=ICON iconColor=#ccffffff staticDrawableColor=#ccffffff decorColor=#ffffffff animationStartColor=#0 currentSetColor=#ccffffff notification=null),tx
07-28 19:13:24.541  4926  4926 D RowAnimatorExtImpl: end:view:StatusBarIconView(slot='volume' alpha=1.0 icon=StatusBarIcon(icon=Icon(typ=RESOURCE pkg=com.android.systemui id=0x7f0818f0) visible user=0 ) visibleState=ICON iconColor=#ccffffff staticDrawableColor=#ccffffff decorColor=#ffffffff animationStartColor=#0 currentSetColor=#ccffffff notification=null),tx
07-28 19:13:24.541  4926  4926 D RowAnimatorExtImpl: end:view:StatusBarIconView(slot='zen' alpha=1.0 icon=StatusBarIcon(icon=Icon(typ=RESOURCE pkg=com.android.systemui id=0x7f0818e1) visible user=0 ) visibleState=ICON iconColor=#ccffffff staticDrawableColor=#ccffffff decorColor=#ffffffff animationStartColor=#0 currentSetColor=#ccffffff notification=null),tx
07-28 19:13:24.541  4926  4926 D RowAnimatorExtImpl: end:view:StatusBarIconView(slot='volume' alpha=1.0 icon=StatusBarIcon(icon=Icon(typ=RESOURCE pkg=com.android.systemui id=0x7f0818f0) visible user=0 ) visibleState=ICON iconColor=#ccffffff staticDrawableColor=#ccffffff decorColor=#ffffffff animationStartColor=#0 currentSetColor=#ccffffff notification=null),tx
07-28 19:13:24.541  4926  4926 D RowAnimatorExtImpl: end:view:StatusBarIconView(slot='zen' alpha=1.0 icon=StatusBarIcon(icon=Icon(typ=RESOURCE pkg=com.android.systemui id=0x7f0818e1) visible user=0 ) visibleState=ICON iconColor=#ccffffff staticDrawableColor=#ccffffff decorColor=#ffffffff animationStartColor=#0 currentSetColor=#ccffffff notification=null),tx
07-28 19:13:24.722  2063  2063 D SensorFeature: name=ssc_screenshot_info ,index = 22
07-28 19:13:24.723  2063  2063 D SensorFeature: write 29 bytes:59392732893,59401066226,164,0
07-28 19:13:24.740  4926  4926 I SystemUi--QuickSettings: TemporarilyInfoManager-->[animateShow] com.oplus.systemui.qs.base.temporarilyinfo.TemporarilyInfoManager$createViewToParent$1{28ed244 VFED..C.. ........ 0,0-1080,228 #7f0a0cb6 app:id/temporarily_info_view alpha=1.0 viewInfo = } end
07-28 19:13:24.741  4926  4926 I SystemUi--QuickSettings: TemporarilyInfoManager-->[trigger] start from showElementAfterShowFully
07-28 19:13:24.788  1949  4496 I Dpps    : LtmSwState::SetParameter():144 ignore cmd 7 in state LtmOffState
07-28 19:13:24.827  6706  6706 E oiface  : sched_setaffinity failed
07-28 19:13:24.830  2070  2070 D vendor.oplus.hardware.charger-V7-service: getChargerControl:
07-28 19:13:24.849  2064  2064 E PerformanceService: storage_feature: open /sys/devices/platform/soc/112b0000.ufshci//virtualtlcbuff fail
07-28 19:13:24.854  3478  5370 W BestClock: java.time.DateTimeException: Missing network time fix
07-28 19:13:24.854  3478  5370 W BestClock: java.time.DateTimeException: Missing network time fix
07-28 19:13:24.855  3478  5370 W BestClock: java.time.DateTimeException: Missing network time fix
07-28 19:13:24.865  4926  4926 D JankUtils: gfxSceneEnd; scene: 7
07-28 19:13:24.865  4926  4926 I SystemUi--Common: NotificationShadeDepthC-->sceneFlag: 0x001, isStart = false, Current sceneFlags: 0x000
07-28 19:13:24.865  4926  4926 D NavigationBar: restrainNavigationBarInvertColor: false
07-28 19:13:24.865  4926  5120 D RegionSamplingHelper =:    mCompositionSamplingListener.register
07-28 19:13:24.865  2220  2545 D SurfaceFlinger: addRegionSamplingListener pid: 4926, Area: [0, 2328, 1080, 2376]
07-28 19:13:24.997  2063  2063 D SensorFeature: name=ssc_screenshot_info ,index = 22
07-28 19:13:24.997  2063  2063 D SensorFeature: write 29 bytes:59666766174,59675099507,165,0
07-28 19:13:25.052  1884  4508 I sensors-hal: handle_oplus_wise_rgb_event:189, high_pwm_light:lux 176.1,cct 3570.5,brl/algo/ir 1332.0/2.0/23.8,pwm/dc 0.0/0.0,rgbc 13796.150391/9345.363281/3991.109131/25959.822266,ts 59649728587,cnt 850,flag 165
07-28 19:13:25.053  1949  4496 I Dpps    : LtmSwState::SetParameter():144 ignore cmd 7 in state LtmOffState
07-28 19:13:25.058  1949  2286 I SDM     : DisplayBase::CommitThread: Received idle timeout, panel: cmd, timeout: 69999 us
07-28 19:13:25.117  2070  2156 D BatteryChargeControl: bcc get no support from charging protocol
07-28 19:13:25.118  2070  7524 D charge_time: type=sdp,reserve_soc=2,soc=55,ui_soc=57,current=182,avg=180,not_chg_cnt=0,stable_cnt=7,fcc=5724,fcc_ratio=94,delta=44,debug=0,region=15,ttf=23453(06:30:53),ui_ttf=17604(04:53:24)
07-28 19:13:25.219  2220  3699 D VRR [OTI]: handleIdle from 0 to 1
07-28 19:13:25.219  2220  3699 D VRR [OTI-HW]: isStateReady 1
07-28 19:13:25.219  2220  3699 D VRR [RefreshRateDirector]: requestRefreshRateByOti update [ oti-hw, {fps=60, modePtr={id=5, vsyncRate=60.00 Hz, peakRefreshRate=60.00 Hz}} ]
07-28 19:13:25.219  2220  3699 D VRR [RefreshRateDirector]: selectBestFrameRate DirectorMapOti [oti-hw, {fps=60, modePtr={id=5, vsyncRate=60.00 Hz, peakRefreshRate=60.00 Hz}}]
07-28 19:13:25.219  2220  3699 D VRR [RefreshRateDirector]: updateBestFrameRate [oti-hw, {fps=60, modePtr={id=5, vsyncRate=60.00 Hz, peakRefreshRate=60.00 Hz}}]
07-28 19:13:25.219  2220  3699 D SurfaceFlinger: VRR [SurfaceFlinger] setDesiredActiveMode: displayId: 4630946756802996883, renderRate: 60, vsyncRate: 60, event: 1
07-28 19:13:25.219  2220  3699 D DisplayModeController: setDesiredMode 4630946756802996883 {mode={fps=60.00 Hz, modePtr={id=5, vsyncRate=60.00 Hz, peakRefreshRate=60.00 Hz}}, emitEvent=true, force=false}
07-28 19:13:25.222  2220  2220 I DisplayModeController: hwc begin mode change to 16666666
07-28 19:13:25.222  2220  2220 I HWC2    : [0] setActiveConfigWithConstraints[5]
07-28 19:13:25.223  1949  3655 W SDM     : HWDeviceDRM::GetSupportedBitClkRate: Requested rate not supported: 1363200000
07-28 19:13:25.223  1949  3655 I SDM     : HWDeviceDRM::UpdateMixerAttributes: Mixer WxH 1440x3168-1 for Peripheral
07-28 19:13:25.223  1949  3655 I CwbService: CwbService::notifyConfigChange: display:0, config:5 size:4, sec.size():0
07-28 19:13:25.223  1949  3655 I CwbService: CwbService::notifyConfigChange: display: 0, config = 1
07-28 19:13:25.223  1949  3569 I CasManager: Fps changed from 120 to 60
07-28 19:13:25.223  1949  3569 I CasManager: Fps changed, not change bin, so trigger gain
07-28 19:13:25.223  1949  3569 W SDM     : DemuraIntfImpl::ProcessOemPluginGain: Thermal intf_ is nullptr 0, default to 25 degree
07-28 19:13:25.224  1949  3569 I SDM     : CasQcPlugIn::ProcessPerCompGainOppo: input params, mode:PWM, fps:60, dbv:1332
07-28 19:13:25.224  1949  3569 I SDM     : CasQcPlugIn::ProcessPerCompGainOppo: normalized bright_adj:1024, dbv:1332, bin_dbv:1083, 
07-28 19:13:25.224  1949  3569 I SDM     : CasQcPlugIn::ProcessPerCompGainOppo: gains print start =====================
07-28 19:13:25.224  1949  3569 I SDM     : CasQcPlugIn::ProcessPerCompGainOppo: gain --------------------------------
07-28 19:13:25.224  1949  3569 I SDM     : CasQcPlugIn::ProcessPerCompGainOppo: old: 0 0 0 57 90 322 1201 3072
07-28 19:13:25.224  1949  3569 I SDM     : CasQcPlugIn::ProcessPerCompGainOppo: new: 0 0 0 43 72 260 970 3072
07-28 19:13:25.224  1949  3569 I SDM     : CasQcPlugIn::ProcessPerCompGainOppo: gain --------------------------------
07-28 19:13:25.224  1949  3569 I SDM     : CasQcPlugIn::ProcessPerCompGainOppo: old: 0 0 0 64 125 373 1336 3072
07-28 19:13:25.224  1949  3569 I SDM     : CasQcPlugIn::ProcessPerCompGainOppo: new: 0 0 0 49 89 373 1336 3072
07-28 19:13:25.224  1949  3569 I SDM     : CasQcPlugIn::ProcessPerCompGainOppo: gain --------------------------------
07-28 19:13:25.224  1949  3569 I SDM     : CasQcPlugIn::ProcessPerCompGainOppo: old: 0 0 0 42 83 323 1222 3072
07-28 19:13:25.224  1949  3569 I SDM     : CasQcPlugIn::ProcessPerCompGainOppo: new: 0 0 0 32 83 323 1222 3072
07-28 19:13:25.224  1949  3569 I SDM     : CasQcPlugIn::ProcessPerCompGainOppo: gains print end =======================
07-28 19:13:25.231  1949  3569 I SDM     : DemuraIntfImpl::StageAllData: Staged all data to Demura Driver!
07-28 19:13:25.231  1949  3569 I SDM     : HWPeripheralDRM::SetPanelFeature: Set Panel feature property 19
07-28 19:13:25.231  1949  3569 I SDM     : HWPeripheralDRM::SetPanelFeature: Set Panel feature property 7
07-28 19:13:25.231  1949  3569 I SDM     : DisplayBuiltIn::TriggerDemuraOemPlugIn: Trigger demura oem plugin success
07-28 19:13:25.236  1949  2286 I SDM     : DRMPanelFeatureMgr::ApplyDirtyFeature: Commited panel feature [enabled]: 20-272
07-28 19:13:25.236  1949  2286 I SDM     : DRMPanelFeatureMgr::ApplyDirtyFeature: Commited panel feature [enabled]: 8-271
07-28 19:13:25.248  2063  2063 D SensorFeature: name=ssc_screenshot_info ,index = 22
07-28 19:13:25.248  2063  2063 D SensorFeature: write 29 bytes:59674799038,59926880236,166,0
07-28 19:13:25.274  5049  5087 D SaDataService: onTelephonyEventReport , subId= 0,slotId=-1 eventId=2009
07-28 19:13:25.274  5216  6141 D VendorTelephonyService: onTelephonyEventReport slotId =0 eventId=2009
07-28 19:13:25.275  5216  6141 D VendorTelephonyService: onTelephonyEventReport slotId =0 eventId=2009
07-28 19:13:25.275  5216  5216 D VendorCallService: notityEventUpdate, eventId:2009, slotId = 0
07-28 19:13:25.275  5049  5087 D TelephonyImpl: notify eventId:2009 for list size:2
07-28 19:13:25.275  5049  5087 D SaDataService: onTelephonyEventReport , subId= 1,slotId=0 eventId=2009
07-28 19:13:25.275  5216  6141 D VendorTelephonyService: onTelephonyEventReport slotId =1 eventId=2009
07-28 19:13:25.275  5216  6141 D VendorTelephonyService: onTelephonyEventReport slotId =1 eventId=2009
07-28 19:13:25.275  5216  5216 D VendorCallService: notityEventUpdate, eventId:2009, slotId = 1
07-28 19:13:25.275  5049  5087 D TelephonyImpl: notify eventId:2009 for list size:2
07-28 19:13:25.280  2220  2220 D VRR-[OPlusRefreshRateSelector]: setCurrentModeId 5 type SM
07-28 19:13:25.280  2220  3699 D VRR [OTI-HW]: isStateReady 1
07-28 19:13:25.280  2220  3699 D VRR [OTI-HW]: keep rate.
07-28 19:13:25.280  3478  3648 I DisplayDeviceRepository: Display device changed render timings: "Built-in Screen", renderFrameRate=60.000004, presentationDeadlineNanos=16666666, appVsyncOffsetNanos=1000000
07-28 19:13:25.281  3478  3648 D LogicalDisplayExt: set displayInfo flag FLAG_ROTATES_WITH_CONTENT
07-28 19:13:25.282  3478  3648 D DisplayManagerServiceExtImpl: scheduleTraversalLocked intraversal=false
07-28 19:13:25.282  3478  3648 I DisplayManagerServiceExtImpl: handle logical display changed logicalDisplay=id=0,stack=0,content=true,displayInfo{stack=0,type=1,id=0,uId=local:4630946756802996883,state=ON,pkg=null}
07-28 19:13:25.282  3478  3648 D DisplayManagerService: Delivering display event: displayId=0, event=CHANGED
07-28 19:13:25.282  3478  3790 D BrightnessThermalClamper: Thermal status observer already started
07-28 19:13:25.282  3478  3790 D BrightnessPowerClamper: Power throttling data is missing for configuration data.
07-28 19:13:25.282  3478  3478 E OplusGestureAnimationManagerPolicy: mScreenHeight:2376 mScreenWidth:1080 mRotation:0
07-28 19:13:25.283  4746  4746 D CastManagerService: onDisplayChanged.
07-28 19:13:25.285  3478  3641 D OplusVFXScreenEffectFeature: notifySFCompatWindowStateChange entered false
07-28 19:13:25.285  3478  3641 D FSS_FoldScreenBlackCoverController: displayChangeToOn, dc:Display{#0 state=ON size=1080x2376 ROTATION_0}
07-28 19:13:25.285  2220  2546 D [PREVIEW]: SF obtain preview_adapter: 0
07-28 19:13:25.285  3478  3648 D DisplayManagerService: MSG_REQUEST_TRAVERSAL pendingCompleted=false
07-28 19:13:25.285  2220  2546 D [PREVIEW]: TabletPreviewAdapter::parallel world 0
07-28 19:13:25.286  3478  3641 D DisplayManagerService: performTraversalInternal pendingTraversal
07-28 19:13:25.286  3478  3641 D DisplayDevice: setLayerStackLocked id=local:4630946756802996883 token=android.os.BinderProxy@6299aaf stack=0->0
07-28 19:13:25.286  6706  6706 E oiface  : sched_setaffinity failed
07-28 19:13:25.286  4926  4926 I SystemUi--Statusbar: DisplayRepository-->combining enabled=[0], connectedExternalDisplayIds=[], ignored=[]
07-28 19:13:25.287  2204  5606 D AudioFlingerExtImpl: AudioFlingerExtImpl oplusSetParameters: keyvalue screen_state=on
07-28 19:13:25.287  2078  2139 I gameoptHal: targetfps updated 6 -- 60
07-28 19:13:25.287  2204  5606 D DeviceHalAidl: 0xb40000795cc7c200 DeviceHalAidl::setParameters
07-28 19:13:25.287  2204  5606 D DeviceHalAidl: setParameters: parameters: "screen_state=on"
07-28 19:13:25.287  1907  3556 I PAL: ResourceManager: setParameter: 11480: Screen State:1
07-28 19:13:25.287  2204  5606 D DeviceHalAidl: 0xb40000795cc7c800 DeviceHalAidl::setParameters
07-28 19:13:25.287  2204  5606 D DeviceHalAidl: setParameters: parameters: "screen_state=on"
07-28 19:13:25.287  1907  3556 D AHAL_Module: updateScreenState: usb: 1
07-28 19:13:25.287  2204  5606 D DeviceHalAidl: 0xb40000795cc7ce00 DeviceHalAidl::setParameters
07-28 19:13:25.287  2204  5606 D DeviceHalAidl: setParameters: parameters: "screen_state=on"
07-28 19:13:25.287  1907  3556 D AHAL_Module: updateScreenState: r_submix: 1
07-28 19:13:25.287  2204  5606 D DeviceHalAidl: 0xb40000795cc7d400 DeviceHalAidl::setParameters
07-28 19:13:25.287  2204  5606 D DeviceHalAidl: setParameters: parameters: "screen_state=on"
07-28 19:13:25.287  1907  3556 D AHAL_Module: updateScreenState: bluetooth: 1
07-28 19:13:25.287  2204  5606 D DeviceHalAidl: 0xb40000795cc7da00 DeviceHalAidl::setParameters
07-28 19:13:25.287  2204  5606 D DeviceHalAidl: setParameters: parameters: "screen_state=on"
07-28 19:13:25.288  1907  1907 D AHAL_Module: updateScreenState: bluetooth: 1
07-28 19:13:25.288  2204  5606 D DeviceHalAidl: 0xb40000795cc7e000 DeviceHalAidl::setParameters
07-28 19:13:25.288  2204  5606 D DeviceHalAidl: setParameters: parameters: "screen_state=on"
07-28 19:13:25.288  1907  1907 D AHAL_Module: updateScreenState: stub: 1
07-28 19:13:25.322  3478  3478 D OplusWifiBroadCastDispatcher: mBroadcastReceiver: onReceiver  action=android.intent.action.BATTERY_LEVEL_CHANGED
07-28 19:13:25.322  3478  4683 D OplusWifiPowerService: onReceive action:android.intent.action.BATTERY_LEVEL_CHANGED
07-28 19:13:25.322  3478  4512 W OplusStorageManagerFeature: mScreenReceiver action:android.intent.action.BATTERY_LEVEL_CHANGED
07-28 19:13:25.322  3478  3752 D ActivityManager: Async freezing 9997 com.android.settings
07-28 19:13:25.322  3478  4512 I OplusStorageManagerFeature: TmemoryBetterySwitch: level=57 state=0
07-28 19:13:25.322  3478  3752 D ActivityManager: Cancel freezing 9997 com.android.settings
07-28 19:13:25.322  3478  4512 I OplusStorageManagerFeature: TmemoryBetterySwitch: action=0 state=2
07-28 19:13:25.322  3478  3752 D ActivityManager: Async freezing 9997 com.android.settings
07-28 19:13:25.323  3478  4512 W OplusStorageManagerFeature: Ready to deal actionParam:0
07-28 19:13:25.323  3478  3752 D ActivityManager: Cancel freezing 9997 com.android.settings
07-28 19:13:25.324  9997  9997 D BatteryUsageBroadcastReceiver: onReceive:android.intent.action.BATTERY_LEVEL_CHANGED
07-28 19:13:25.325  9997  9997 D BatteryUsageBroadcastReceiver: fetch data because of event: ACTION_BATTERY_LEVEL_CHANGED
07-28 19:13:25.330  3478  4491 D ActivityManager: Async freezing 9997 com.android.settings
07-28 19:13:25.330  3478  3845 D VRR [OPlusRefreshRateService]: handleConfigIdChange physicalDisplayId: 4630946756802996883 configId: 5 renderPeriod: 16666666
07-28 19:13:25.330  3478  3845 D VRR [OPlusSAManager]: updateModeChange old modeId [ 4 ] -> new modeId [ 5 ] mCurPolicy: 1
07-28 19:13:25.330  3478  3845 D VRR [OPlusSAManager]: updateSAScene active modeId: 5
07-28 19:13:25.330  3478  3845 D VRR [OPlusSAManager]: updateSAScene current policy: 1 active modeId: 5 scene: VRR_60
07-28 19:13:25.330  3478  3845 D VRR [OPlusOAManager]: Not OA business! new modeId: [5] active modeId: [4]
07-28 19:13:25.331  3478  3845 D VRR [OPlusGameStatusManager]: updateGameState mOSyncFeatureSwitch: false mIsGamePolicy: false
07-28 19:13:25.331  3478  3845 D VRR [OPlusGameStatusManager]: setLTMStatus false curPkgName: com.android.launcher curr status: false HeartStop: false HeartStopFromTGPA: false ActiveFPS: 60.000004
07-28 19:13:25.331  3478  3845 D VRR [OPlusGameStatusManager]: updateGameAccelerationStatus pkgName: com.android.launcher mOSyncFeatureSwitch: false mIsGamePolicy: false mHeartStop: false mHasFlickerRisk: false mForceAcceleration: false mToastReady: false enable: false
07-28 19:13:25.331  3478  3845 D VRR [OPlusGameStatusManager]: updateToastStatus enableAcceleration: false toastReady: false isGamePolicy: false desiredModeId: 5
07-28 19:13:25.331  3478  3845 D VRR [OPlusGameStatusManager]: updateToastStatus enableAcceleration: false toastReady: false isGamePolicy: false desiredModeId: 5
07-28 19:13:25.331  3478  3845 D VRR [OPlusExternalRefreshRateManager]:  updateRenderPeriodChange configId:5 current refresh rate:60.000004
07-28 19:13:25.354  6675  6729 E horae   : 0: back:33056,back_1:35544,back_2:35108,back_3:34204,frame:35782,frame_1:34662,front:36395,front_1:36794,front_2:35144, -2147483648 5, +(3150), 1 ,43580,33628,39491,43621,41605,42673,33640,39202,42653,40978,41728,33493,38918,41812,40420,41181,33527,38650,41129,39925, target_temp:36794, algo:0
07-28 19:13:25.355  5049  6004 W h       : networkLogger failï¼
07-28 19:13:25.355  5049  6004 D Acc-OplusLinkBoostCommon: notifyThermalBroadCast level = 5 temp = 36,lastTemp: 37 ,th: 44
07-28 19:13:25.356  5216  5216 D RFPowerBoostManager: my thermal listener proxy invoke method:notifyThermalBroadCast args len:2
07-28 19:13:25.356  5216  5216 D RFPowerBoostManager: current temp is 36, mInCalling is false, current threshold is 41
07-28 19:13:25.356  6675  6711 E horae   : Horae service notifyComponentHeat caught exception -2
07-28 19:13:25.357  6675  6711 E horae   : Horae service notifyComponentHeat caught exception -2
07-28 19:13:25.377  5274  5876 I MMKV    : <MMKV_IO.cpp:456::writeActualSize> [mmkv.default] increase sequence to 7677, crc 1336225439, actualSize 494
07-28 19:13:25.381  3478  3845 D VRR [OPlusSAManager]: setSAConfig scene: VRR_60 modeId: 5 auto: false fakeFrame: false
07-28 19:13:25.381  3478  3845 D VRR [OPlusSAManager]: updateAutoMinfps with nits: 101.96124, mHistOK true, mAmbientOK true, mCctOK true, mIrOK true, mBrightnessOK true, isPkgOK true, SA min fps: 119
07-28 19:13:25.381  3478  3845 D VRR [OPlusSurfaceFlingerController]: setAutoMode enable: false fakeFrame: false fps: 119
07-28 19:13:25.381  2220  2546 I VRR-[OPlusAdfrUtil]: ADFR try set Auto mode with mode 0 fakeframe 0 min fps 119
07-28 19:13:25.381  2220  2546 D VRR-[OPlusRefreshRateSelector]: OSyncModes add size is 1.
07-28 19:13:25.381  2220  2546 I VRR-[OPlusRefreshRateSelector]: updateAutoMode success, display 0, mode 0, fakeframe 0, min fps: 1
07-28 19:13:25.381  2220  3658 D VRR-[OPlusRefreshRateSelector]: handleSetHWCOSync
07-28 19:13:25.381  2220  3658 D VRR-[OPlusRefreshRateSelector]: OSyncModes remaining size is 0.
07-28 19:13:25.381  2220  3658 D VRR-[OPlusRefreshRateSelector]: SetHWCOSync with 5CC08081
07-28 19:13:25.381  1949  3655 I SDM     : DisplayBuiltIn::SetQSyncMode: VRR + update qsync mode 0 minfps 00C08081
07-28 19:13:25.386  1949  2286 I SDM     : DisplayBase::CommitThread: Received idle timeout, panel: cmd, timeout: 70000 us
07-28 19:13:25.388  3478  4721 V SettingsProvider: deleteSystemSetting(OPLUS_SLA_LAST_MCC, 0)
07-28 19:13:25.388  3478  4721 D SettingsProvider: delete system settings OPLUS_****_MCC pkg is  android user id is 0
07-28 19:13:25.388  3478  4721 W OplusSlaManager: updateMCC curMCC from macc_change!
07-28 19:13:25.390  3478  4721 W OplusSlaApps: sendWhiteListAppUid no enabled app found...
07-28 19:13:25.390  3478  4721 W OplusSlaApps: sendGameAppUid no game app found!!
07-28 19:13:25.397  1949  2286 E SDM     : DRMConnector::Perform: Connector 67: Setting Qsync min fps 12615809
07-28 19:13:25.405  5049  6001 E CellularEvent: nri null ps
07-28 19:13:25.405  5049  6001 E CellularEvent: invalid nri
07-28 19:13:25.406  4982  5642 D AutoDualCardRoamingDemand: judgeToShowDialog return for sim count != 2
