07-28 19:13:24.277  5216  5263 D VendorTelephonyService: onTelephonyEventReport slotId =0 eventId=6030
07-28 19:13:24.277  5216  5216 D VendorCallService: notityEventUpdate, eventId:6030, slotId = 0
07-28 19:13:24.278  5035  5063 I QtiOemHookAidl: oemHookRawResponse: serial no: 1007 error: 0length=1
07-28 19:13:24.278  5035  5035 D QcrilMsgTunnelIfaceManager: handleMessage what = 2
07-28 19:13:24.279  4982  5496 D QC_RIL_OEM_HOOK: sendOemRilRequestRaw returns value = 1
07-28 19:13:24.280  4926  5120 I SystemUi--Statusbar: NetworkController.WifiSignalController-->wifi Broadcast action = android.telephony.action.SERVICE_PROVIDERS_UPDATED state=1 enabled=false connected=false isDefaultNetwork=false rssi=0 level=0 statusLabel = null isDirty = false
07-28 19:13:24.280  4926  5186 I SystemUi--QuickSettings: Tile.OplusCellularTile-->updateCarrierText: dialog not showing, ignore
07-28 19:13:24.280  4926  5186 D SimStateHelper: slot:0, lock state:Bundle[mParcelledData.dataSize=56]
07-28 19:13:24.280  4926  5186 D SimStateHelper: slot:1, lock state:Bundle[mParcelledData.dataSize=56]
07-28 19:13:24.280  4926  5186 D SimStateHelper: needDisableMenu: slot1State=-1; slot2State=-1
07-28 19:13:24.280  4926  5186 D SimStateHelper: needDisableMenu:false
07-28 19:13:24.281  3478  5369 W ContextImpl: Calling a method in the system process without a qualified user: android.app.ContextImpl.sendBroadcastMultiplePermissions:1311 android.content.Context.sendBroadcastMultiplePermissions:2524 com.android.server.TelephonyRegistry.broadcastServiceStateChanged:3740 com.android.server.TelephonyRegistry.notifyServiceStateForPhoneId:1787 com.android.internal.telephony.ITelephonyRegistry$Stub.onTransact:546 
07-28 19:13:24.281  4982  4982 D CiWlanNotificationReceiver: ACTION_RADIO_POWER_STATE_CHANGED
07-28 19:13:24.282  3478  5369 W ContextImpl: Calling a method in the system process without a qualified user: android.app.ContextImpl.sendBroadcastMultiplePermissions:1344 com.android.server.TelephonyRegistry.broadcastServiceStateChanged:3745 com.android.server.TelephonyRegistry.notifyServiceStateForPhoneId:1787 com.android.internal.telephony.ITelephonyRegistry$Stub.onTransact:546 android.os.Binder.execTransactInternal:1523 
07-28 19:13:24.283  4926  4926 I KeyguardUpdateMonitor: action=android.intent.action.SERVICE_STATE subId=-1 slotId=1
07-28 19:13:24.283  4926  4926 W KeyguardUpdateMonitorLog: invalid subId in handleServiceStateChange()
07-28 19:13:24.283  4926  5186 I SystemUi--QuickSettings: Tile.OplusCellularTile-->updateCarrierText: dialog not showing, ignore
07-28 19:13:24.284  4926  5186 D SimStateHelper: slot:0, lock state:Bundle[mParcelledData.dataSize=56]
07-28 19:13:24.284  5171  6216 D IWlanJni: getDataRegistrationState start
07-28 19:13:24.284  4926  5186 D SimStateHelper: slot:1, lock state:Bundle[mParcelledData.dataSize=56]
07-28 19:13:24.284  4926  5186 D SimStateHelper: needDisableMenu: slot1State=-1; slot2State=-1
07-28 19:13:24.284  4926  5186 D SimStateHelper: needDisableMenu:false
07-28 19:13:24.284  5171  6216 D IWlanJni: getDataRegistrationState start
07-28 19:13:24.285  5171  6240 D IWlanJni: new aidl event arrived
07-28 19:13:24.285  5171  6240 D IWlanJni: handleEvent 10
07-28 19:13:24.285  3478  4650 D CmccSliceManagerService: ACTION_DDS_SWITCH_DONE
07-28 19:13:24.285  5171  6240 D IWlanJni: isThreadAttached start
07-28 19:13:24.285  5171  6240 D IWlanJni: jni detached
07-28 19:13:24.285  3478  4650 D CmccSliceManagerService: cleanUpAndRestartSlice
07-28 19:13:24.285  3478  4650 D CmccSliceManagerService: cleanUpSlice
07-28 19:13:24.285  3478  4650 D CmccSliceManagerService: cleanUpSlice qcom
07-28 19:13:24.285  3478  4650 D CmccSliceManagerService: getDefaultDataSlotId0, subid: 1
07-28 19:13:24.285  3478  4545 V NetworkPolicy: updateNotificationsNL not process
07-28 19:13:24.285  5035  5035 D DeviceStatisticsService: onReceive: action= org.codeaurora.intent.action.RADIO_POWER_STATE
07-28 19:13:24.285  5035  5035 I DeviceStatisticsService: Receiving radio_power_state_changed, mIsDeviceInfoInitialized = true
07-28 19:13:24.285  5035  5035 I DeviceStatisticsService: radio power state changed to 1 for slot: 1
07-28 19:13:24.285  5171  6216 D IWlanJni: getDataRegistrationState start
07-28 19:13:24.286  5171  5171 D QCNEJ/WwanInfoRelay: onActiveSubscriptionsChanged activeCurrDDSId: 1 new DDS 1
07-28 19:13:24.286  3478  4650 E ActivityThread: Failed to find provider info for com.cmccslice.proxyapp.provider
07-28 19:13:24.286  3478  4650 D CmccSliceManagerService: loadUrsp qcomCursor=null, count=-1, slotId=0
07-28 19:13:24.286  3478  4650 D CmccSliceManagerService: loadUrsp: qcomCursor=[]
07-28 19:13:24.286  3478  4650 D CmccSliceManagerService: isFeatureEnable , rus : false Feature : false
07-28 19:13:24.286  3478  5369 W ContextImpl: Calling a method in the system process without a qualified user: android.app.ContextImpl.sendBroadcastMultiplePermissions:1344 com.android.server.TelephonyRegistry.broadcastServiceStateChanged:3754 com.android.server.TelephonyRegistry.notifyServiceStateForPhoneId:1787 com.android.internal.telephony.ITelephonyRegistry$Stub.onTransact:546 android.os.Binder.execTransactInternal:1523 
07-28 19:13:24.286  3478  4650 D CmccSliceManagerService: requestSliceNetwork: feature not enabled
07-28 19:13:24.286  3478  4650 D CmccSliceManagerService: cleanUpAndRestartSlice qcom
07-28 19:13:24.286  5171  6240 D IWlanJni: jni attached
07-28 19:13:24.286  5171  6240 D IWlanJni: getDataRegistrationStateResponse start
07-28 19:13:24.286  5171  6240 D IWlanJni: getJavaCallbackClass start
07-28 19:13:24.286  3478  5369 W ContextImpl: Calling a method in the system process without a qualified user: android.app.ContextImpl.sendBroadcastMultiplePermissions:1344 com.android.server.TelephonyRegistry.broadcastServiceStateChanged:3760 com.android.server.TelephonyRegistry.notifyServiceStateForPhoneId:1787 com.android.internal.telephony.ITelephonyRegistry$Stub.onTransact:546 android.os.Binder.execTransactInternal:1523 
07-28 19:13:24.287  5171  5171 D QCNEJ/WwanInfoRelay: onActiveSubscriptionsChanged activeCurrDDSId: 1 new DDS 1
07-28 19:13:24.287  5171  6240 D IWlanJni: getJavaCallbackClass End midIs[1]
07-28 19:13:24.287  5171  6240 I IWlanAidlClient: getDataRegistrationStateResponse called
07-28 19:13:24.287  5171  6240 D IWlanJni: handleEvent 10
07-28 19:13:24.287  5171  6240 D IWlanJni: isThreadAttached start
07-28 19:13:24.287  5171  6240 D IWlanJni: jni detached
07-28 19:13:24.287  5171  6240 D IWlanJni: jni attached
07-28 19:13:24.287  5171  6240 D IWlanJni: getDataRegistrationStateResponse start
07-28 19:13:24.287  5171  6240 D IWlanJni: getJavaCallbackClass start
07-28 19:13:24.287  5171  6240 D IWlanJni: getJavaCallbackClass End midIs[1]
07-28 19:13:24.287  4926  4926 I KeyguardUpdateMonitor: refreshSimState, changed:false,subId:1,slotId:0,state:5
07-28 19:13:24.287  5171  6240 I IWlanAidlClient: getDataRegistrationStateResponse called
07-28 19:13:24.287  4926  5186 I SystemUi--QuickSettings: Tile.OplusCellularTile-->updateCarrierText: dialog not showing, ignore
07-28 19:13:24.287  4982  4982 D OplusPowerUpOptimizationImpl: onReceive: org.codeaurora.intent.action.RADIO_POWER_STATE
07-28 19:13:24.287  5171  6239 W IWlanNetworkService: 11 > Response Processed
07-28 19:13:24.287  5171  6239 W IWlanNetworkService: 12 > Response Processed
07-28 19:13:24.288  4926  5186 D SimStateHelper: slot:0, lock state:Bundle[mParcelledData.dataSize=56]
07-28 19:13:24.288  4982  5544 D OplusPowerUpOptimizationImpl: handleMessage what = 6
07-28 19:13:24.288  4982  5544 D OplusPowerUpOptimizationImpl: radio is available for slot: 1
07-28 19:13:24.288  4982  5544 D OplusPowerUpOptimizationImpl: trySendPhoneReady for slot: 1
07-28 19:13:24.288  4982  5544 D OplusPowerUpOptimizationImpl: Not sending ATEL ready: States: [1: {true, true, true, true}]
07-28 19:13:24.288  5171  6233 D IWlanJni: new aidl event arrived
07-28 19:13:24.288  5171  6233 D IWlanJni: handleEvent 10
07-28 19:13:24.288  5171  6233 D IWlanJni: isThreadAttached start
07-28 19:13:24.288  5171  6233 D IWlanJni: jni detached
07-28 19:13:24.289  5171  6233 D IWlanJni: jni attached
07-28 19:13:24.289  5171  6233 D IWlanJni: getDataRegistrationStateResponse start
07-28 19:13:24.289  5171  6233 D IWlanJni: getJavaCallbackClass start
07-28 19:13:24.289  5171  6233 D IWlanJni: getJavaCallbackClass End midIs[1]
07-28 19:13:24.289  5171  6233 I IWlanAidlClient: getDataRegistrationStateResponse called
07-28 19:13:24.289  5910  5910 D CellBroadcastReceiver: onReceive Intent { act=android.intent.action.SERVICE_STATE flg=0x1000010 cmp=com.android.cellbroadcastreceiver.module/com.android.cellbroadcastreceiver.CellBroadcastReceiver (has extras) }
07-28 19:13:24.289  5910  5910 D CellBroadcastReceiver: onServiceStateChanged, ss: 1
07-28 19:13:24.289  4982  4982 D CiWlanNotificationReceiver: ACTION_RADIO_POWER_STATE_CHANGED
07-28 19:13:24.289  5171  6232 W IWlanNetworkService: 13 > Response Processed
07-28 19:13:24.289  4982  4982 D Telephony: isEmergencyPreferredAccount: subId=1, activeData=1
07-28 19:13:24.290  4982  4982 D Telephony: isEmergencyPreferredAccount: Device does not require preference.
07-28 19:13:24.290  4982  4982 D InternationalRoamingNotification: init
07-28 19:13:24.290  5216  5263 D VirtualCommService2: isSupport. true, true
07-28 19:13:24.290  4982  4982 D OplusVirtualCommUtils: isVirtualCommSupport, vRet: true
07-28 19:13:24.290  4982  4982 I OplusVirtualCommUtils: getVirtualCommDeviceType, vRet: 1
07-28 19:13:24.290  5049  6001 D CellularEvent: onActiveDataSubscriptionIdChanged sub id:1
07-28 19:13:24.290  4982  4982 I OplusVirtualCommUtils: isConsumerDeviceType, deviceType: 1
07-28 19:13:24.290  5910  5910 D CellBroadcastReceiver: networkOperator: 
07-28 19:13:24.291  5088  9665 D txpwrJni: new aidl event arrived
07-28 19:13:24.291  5088  9665 D txpwrJni: handleEvent 1
07-28 19:13:24.291  5088  9665 D txpwrJni: isThreadAttached start
07-28 19:13:24.291  5088  9665 D txpwrJni: jni detached
07-28 19:13:24.291  4982  4982 D InternationalRoamingNotification: do not createRoamingNotification for invalid Network
07-28 19:13:24.291  5088  9665 D txpwrJni: jni attached
07-28 19:13:24.291  5088  9665 D txpwrJni: getRadioStatus start
07-28 19:13:24.291  5088  9665 D txpwrJni: getJavaCallbackClass start
07-28 19:13:24.291  5088  9665 D txpwrJni: getJavaCallbackClass End midIs[1]
07-28 19:13:24.291  5088  9665 D txpwrJni: handleEvent 1
07-28 19:13:24.291  5088  9665 D txpwrJni: isThreadAttached start
07-28 19:13:24.291  5088  9665 D txpwrJni: jni detached
07-28 19:13:24.291  5088  9665 D txpwrJni: jni attached
07-28 19:13:24.291  5088  9665 D txpwrJni: getRadioStatus start
07-28 19:13:24.291  5088  9665 D txpwrJni: getJavaCallbackClass start
07-28 19:13:24.291  5088  9665 D txpwrJni: getJavaCallbackClass End midIs[1]
07-28 19:13:24.291  5088  7799 D txpwrJni: sendRadioStatus start
07-28 19:13:24.291  5088  7799 D txpwrJni: sendRadioStatus start
07-28 19:13:24.292  4926  5186 D SimStateHelper: slot:1, lock state:Bundle[mParcelledData.dataSize=56]
07-28 19:13:24.292  4926  5186 D SimStateHelper: needDisableMenu: slot1State=-1; slot2State=-1
07-28 19:13:24.292  4926  5186 D SimStateHelper: needDisableMenu:false
07-28 19:13:24.293  3478  4565 D ConnectivityService: unregister offer from providerId 5 : NetworkOffer [ Provider Id (5) Score(Policies : YIELD_TO_BAD_WIFI&TRANSPORT_PRIMARY&EVER_EVALUATED&IS_UNMETERED&EVER_VALIDATED&IS_VALIDATED ; KeepConnected : 0) Caps [ Transports: CELLULAR|SATELLITE Capabilities: MMS&SUPL&DUN&FOTA&IMS&CBS&IA&RCS&XCAP&EIMS&INTERNET&NOT_RESTRICTED&TRUSTED&NOT_VPN&MCX&NOT_VCN_MANAGED&ENTERPRISE&VSIM&BIP&MMTEL&PRIORITIZE_LATENCY&PRIORITIZE_BANDWIDTH&NOT_BANDWIDTH_CONSTRAINED Specifier: <TelephonyNetworkSpecifier [mSubId = 1]> EnterpriseId: 1&2&3&4&5 UnderlyingNetworks: Null] Needed by [145, 76, 153, 160, 143, 202, 48, 56, 279, 44, 136, 113, 34, 91, 172, 174, 97, 7, 87, 155, 166, 197, 254, 266, 28, 24, 40, 30, 83, 151, 140, 178, 263, 32, 181, 214, 42, 46, 58, 224, 102, 271, 38, 18, 211, 275, 1, 206, 222, 138, 70, 147, 230, 85, 36, 251, 281, 133, 81, 26, 240, 249, 15, 149, 72, 208, 277, 9, 190, 176, 193, 238, 50, 118, 162, 244, 53, 228, 235, 188, 185, 261, 157, 68, 168, 273, 226, 269, 259]]
07-28 19:13:24.293  5910  5910 D CellBroadcastReceiver: mockmodem is running? = false
07-28 19:13:24.293  3478  4565 D ConnectivityService: update offer from providerId 5 new : NetworkOffer [ Provider Id (5) Score(Policies : YIELD_TO_BAD_WIFI&TRANSPORT_PRIMARY&EVER_EVALUATED&IS_UNMETERED&EVER_VALIDATED&IS_VALIDATED ; KeepConnected : 0) Caps [ Transports: CELLULAR|SATELLITE Capabilities: MMS&SUPL&DUN&FOTA&IMS&CBS&IA&RCS&XCAP&EIMS&INTERNET&NOT_RESTRICTED&TRUSTED&NOT_VPN&MCX&NOT_VCN_MANAGED&ENTERPRISE&VSIM&BIP&MMTEL&PRIORITIZE_LATENCY&PRIORITIZE_BANDWIDTH&NOT_BANDWIDTH_CONSTRAINED Specifier: <TelephonyNetworkSpecifier [mSubId = 1]> EnterpriseId: 1&2&3&4&5 UnderlyingNetworks: Null] Needed by [145, 76, 153, 160, 143, 202, 48, 56, 279, 44, 136, 113, 34, 91, 172, 174, 97, 7, 87, 155, 166, 197, 254, 266, 28, 24, 40, 30, 83, 151, 140, 178, 263, 32, 181, 214, 42, 46, 58, 224, 102, 271, 38, 18, 211, 275, 1, 206, 222, 138, 70, 147, 230, 85, 36, 251, 281, 133, 81, 26, 240, 249, 15, 149, 72, 208, 277, 9, 190, 176, 193, 238, 50, 118, 162, 244, 53, 228, 235, 188, 185, 261, 157, 68, 168, 273, 226, 269, 259]]
07-28 19:13:24.293  5910  5910 D CellBroadcastReceiver: Start Cell Broadcast configuration for intent=ACTION_ENABLE_CHANNELS
07-28 19:13:24.293  3478  4565 D ConnectivityService: unregister offer from providerId 6 : NetworkOffer [ Provider Id (6) Score(Policies : YIELD_TO_BAD_WIFI&EVER_EVALUATED&IS_UNMETERED&EVER_VALIDATED&IS_VALIDATED ; KeepConnected : 0) Caps [ Transports: CELLULAR|SATELLITE Capabilities: MMS&SUPL&DUN&FOTA&IMS&CBS&IA&RCS&XCAP&EIMS&INTERNET&NOT_RESTRICTED&TRUSTED&NOT_VPN&MCX&NOT_VCN_MANAGED&ENTERPRISE&VSIM&BIP&MMTEL&PRIORITIZE_LATENCY&PRIORITIZE_BANDWIDTH&NOT_BANDWIDTH_CONSTRAINED Specifier: <TelephonyNetworkSpecifier [mSubId = -1]> EnterpriseId: 1&2&3&4&5 UnderlyingNetworks: Null] Needed by [145, 76, 153, 160, 143, 202, 48, 56, 279, 44, 136, 113, 34, 91, 172, 174, 97, 7, 87, 155, 166, 197, 254, 266, 28, 24, 40, 30, 83, 151, 140, 178, 263, 32, 181, 214, 42, 46, 58, 224, 102, 271, 38, 18, 211, 275, 1, 206, 222, 138, 70, 147, 230, 85, 36, 251, 281, 133, 81, 26, 240, 249, 15, 149, 72, 208, 277, 9, 190, 176, 193, 238, 50, 118, 162, 244, 53, 228, 235, 188, 185, 261, 157, 68, 168, 273, 226, 269, 259]]
07-28 19:13:24.293  3478  4565 D ConnectivityService: update offer from providerId 6 new : NetworkOffer [ Provider Id (6) Score(Policies : YIELD_TO_BAD_WIFI&EVER_EVALUATED&IS_UNMETERED&EVER_VALIDATED&IS_VALIDATED ; KeepConnected : 0) Caps [ Transports: CELLULAR|SATELLITE Capabilities: MMS&SUPL&DUN&FOTA&IMS&CBS&IA&RCS&XCAP&EIMS&INTERNET&NOT_RESTRICTED&TRUSTED&NOT_VPN&MCX&NOT_VCN_MANAGED&ENTERPRISE&VSIM&BIP&MMTEL&PRIORITIZE_LATENCY&PRIORITIZE_BANDWIDTH&NOT_BANDWIDTH_CONSTRAINED Specifier: <TelephonyNetworkSpecifier [mSubId = -1]> EnterpriseId: 1&2&3&4&5 UnderlyingNetworks: Null] Needed by [145, 76, 153, 160, 143, 202, 48, 56, 279, 44, 136, 113, 34, 91, 172, 174, 97, 7, 87, 155, 166, 197, 254, 266, 28, 24, 40, 30, 83, 151, 140, 178, 263, 32, 181, 214, 42, 46, 58, 224, 102, 271, 38, 18, 211, 275, 1, 206, 222, 138, 70, 147, 230, 85, 36, 251, 281, 133, 81, 26, 240, 249, 15, 149, 72, 208, 277, 9, 190, 176, 193, 238, 50, 118, 162, 244, 53, 228, 235, 188, 185, 261, 157, 68, 168, 273, 226, 269, 259]]
07-28 19:13:24.294  4982  4982 V OplusCustomizeCacheManager: queryCache name: sys.cache.common_customize_cache18016 param: null
07-28 19:13:24.294  4982  4982 V OplusCustomizeCacheManager: queryCache name: sys.cache.common_customize_cache18013 param: null
07-28 19:13:24.294  4982  4982 V OplusCustomizeCacheManager: queryCache name: sys.cache.common_customize_cache18014 param: null
07-28 19:13:24.294  4982  4982 V OplusCustomizeCacheManager: queryCache name: sys.cache.common_customize_cache18017 param: Bundle[{SETTING=BLOCK, BUSINESS=NCT-DATA}]
07-28 19:13:24.294  3478  5861 W BestClock: java.time.DateTimeException: Missing network time fix
07-28 19:13:24.294  4982  4982 V OplusCustomizeCacheManager: queryCache name: sys.cache.common_customize_cache18016 param: null
07-28 19:13:24.294  4982  4982 V OplusCustomizeCacheManager: queryCache name: sys.cache.common_customize_cache18013 param: null
07-28 19:13:24.294  4982  4982 V OplusCustomizeCacheManager: queryCache name: sys.cache.common_customize_cache18014 param: null
07-28 19:13:24.294  4982  4982 V OplusCustomizeCacheManager: queryCache name: sys.cache.common_customize_cache18017 param: Bundle[{SETTING=BLOCK, BUSINESS=NCT-DATA}]
07-28 19:13:24.294  4982  4982 D InternationalRoamingNotification: init
07-28 19:13:24.294  5216  5263 D VirtualCommService2: isSupport. true, true
07-28 19:13:24.294  4982  4982 D OplusVirtualCommUtils: isVirtualCommSupport, vRet: true
07-28 19:13:24.294  4982  4982 I OplusVirtualCommUtils: getVirtualCommDeviceType, vRet: 1
07-28 19:13:24.294  4982  4982 I OplusVirtualCommUtils: isConsumerDeviceType, deviceType: 1
07-28 19:13:24.295  4982  4982 D InternationalRoamingNotification: do not createRoamingNotification for invalid Network
07-28 19:13:24.295  3478  5861 W BestClock: java.time.DateTimeException: Missing network time fix
07-28 19:13:24.296  4926  5795 V OplusCustomizeCacheManager: queryCache name: sys.cache.common_customize_cache18014 param: null
07-28 19:13:24.296  4926  5795 V OplusCustomizeCacheManager: queryCache name: sys.cache.common_customize_cache18017 param: Bundle[{SETTING=BLOCK, BUSINESS=NCT-DATA}]
07-28 19:13:24.296  4926  5795 V OplusCustomizeCacheManager: queryCache name: sys.cache.common_customize_cache18013 param: null
07-28 19:13:24.296  5910 13079 D CellBroadcastConfigService: Enable CellBroadcast on sub 1
07-28 19:13:24.297  4926  5186 I SystemUi--QuickSettings: Tile.OplusCellularTile-->updateCarrierText: dialog not showing, ignore
07-28 19:13:24.297  4982  4982 D ServiceStateProvider: subId=1
07-28 19:13:24.297  4926  5186 D SimStateHelper: slot:0, lock state:Bundle[mParcelledData.dataSize=56]
07-28 19:13:24.297  4926  5186 D SimStateHelper: slot:1, lock state:Bundle[mParcelledData.dataSize=56]
07-28 19:13:24.297  4926  5186 D SimStateHelper: needDisableMenu: slot1State=-1; slot2State=-1
07-28 19:13:24.297  4926  5186 D SimStateHelper: needDisableMenu:false
07-28 19:13:24.298  3478  4721 V SettingsProvider: deleteSystemSetting(OPLUS_SLA_LAST_MCC, 0)
07-28 19:13:24.298  3478  4721 D SettingsProvider: delete system settings OPLUS_****_MCC pkg is  android user id is 0
07-28 19:13:24.298  3478  4555 D WifiNative: onSetCountryCodeSucceeded: US
07-28 19:13:24.298  3478  4555 I WifiCountryCode: Receive onSetCountryCodeSucceeded US
07-28 19:13:24.298  3478  4555 I WifiNl80211Manager: Receive country code change to US
07-28 19:13:24.298  3478  4555 D WifiScanRequestProxy: Sending scan available broadcast: true
07-28 19:13:24.298  3478  4561 I WifiScanningService: Received a request to enable scanning, UID = 1000
07-28 19:13:24.298  2767  2767 I wificond: Receive notifyCountryCodeChanged
07-28 19:13:24.299  3478  4555 I WifiScanRequestProxy: Scanning is enabled
07-28 19:13:24.299  3478  4561 I WifiScanningService: scanner impls already exists
07-28 19:13:24.299  3478  4561 E WifiScanningService: wifi driver loaded received while already loaded
07-28 19:13:24.299  2767  2767 I wificond: UpdateBandInfo
07-28 19:13:24.300  3478  4721 W OplusSlaManager: updateMCC curMCC empty!
07-28 19:13:24.300  5216  6072 D EfsNvDumpUnit[0]: onServiceStateChanged: voice reg state: OUT_OF_SERVICE data reg state: OUT_OF_SERVICE
07-28 19:13:24.300  5216  6072 D cellularState[0]: handleMessage: E msg.what=4
07-28 19:13:24.300  5216  6072 D cellularState[0]: processMsg: DataCallingState
07-28 19:13:24.300  5216  6072 D cellularState[0]: processMsg: NetworkAttachedState
07-28 19:13:24.300  5216  6072 D cellularState[0]: processMsg: SimReadyState
07-28 19:13:24.300  5216  6072 D cellularState[0]: processMsg: DefaultState
07-28 19:13:24.300  5216  6072 E cellularState[0]:  - unhandledMessage: msg.what=4
07-28 19:13:24.300  5216  6072 D cellularState[0]: handleMessage: X
07-28 19:13:24.300  5216  5216 D SubsysEventListenerManager-SubsysTelephonyCallback[0]: onServiceStateChanged
07-28 19:13:24.300  5216  5216 D ChinaRoamingControl: registTelephonyEvent onServiceStateChanged eventId:5, VoiceRegState:1, DataRegState:1
07-28 19:13:24.300  5216  5216 D QuickChangeAirplaneModeEvent: onServiceStateChanged slotId:0
07-28 19:13:24.300  3478  4555 I WifiScanRequestProxy: Scanning for hidden networks is disabled
07-28 19:13:24.300  2767  2767 I wificond: 2.4Ghz frequencies: 2412 2417 2422 2427 2432 2437 2442 2447 2452 2457 2462
07-28 19:13:24.300  2767  2767 I wificond: 5Ghz non-DFS frequencies: 5180 5200 5220 5240 5745 5765 5785 5805 5825
07-28 19:13:24.300  2767  2767 I wificond: 5Ghz DFS frequencies: 5260 5280 5300 5320 5500 5520 5540 5560 5580 5600 5620 5640 5660 5680 5700
07-28 19:13:24.300  2767  2767 I wificond: 6Ghz frequencies:
07-28 19:13:24.300  2767  2767 I wificond: 60Ghz frequencies:
07-28 19:13:24.300  7129  7129 I OsAgent : onReceive: android.net.wifi.action.WIFI_SCAN_AVAILABILITY_CHANGED
07-28 19:13:24.300  5148  5148 I QImsService: OplusPhoneStateTracker : onServiceStateChanged
07-28 19:13:24.300  5148  5148 I QImsService: OplusPhoneStateTracker : onServiceStateChanged
07-28 19:13:24.301  5049  6001 D T-Recommend: onPreHandleMessage 1000
07-28 19:13:24.301  5049  6001 E CellularEvent: nri null ps
07-28 19:13:24.301  5049  6001 E CellularEvent: invalid nri
07-28 19:13:24.301  5049  6001 D T-Recommend: onPostHandleMessage 1000
07-28 19:13:24.301  4982  5930 D CellBroadcastConfigTracker-0: Failed to set cdma config
07-28 19:13:24.301  3478  5861 W BestClock: java.time.DateTimeException: Missing network time fix
07-28 19:13:24.301  5910  5929 E CellBroadcastConfigService: fails to setCellBroadcastRanges, result = 2
07-28 19:13:24.301  5049  6004 D OplusLinkBoostCommon: dds servicestate change
07-28 19:13:24.301  5049  6008 D OplusSubWaySlowRecovery: getPreferSubId return 1
07-28 19:13:24.301  5049  6005 D NAS-CallIssueDetector: onServiceStateChanged
07-28 19:13:24.301  5049  6008 D SaDataFailRecovery/0: current is not in service,reset alarm
07-28 19:13:24.301  5049  6008 D OplusScanQrCodeRecoveryImpl: msg.what=3
07-28 19:13:24.301  5049  6005 D OplusCiwlanController: [vodata] processServiceStateChanged  phoneid = 0, original roaming type = -1,roaming type = 0
07-28 19:13:24.301  5049  6005 D OplusCiwlanController: [vodata] processServiceStateChanged  phoneid = 1, original roaming type = -1,roaming type = 0
07-28 19:13:24.302  3478  4555 D WakeupController: start()
07-28 19:13:24.302  3478  4555 E WifiStaIfaceAidlImpl: setScanMode failed with service-specific exception: android.os.ServiceSpecificException:  (code 4)
07-28 19:13:24.302  3478  4555 I WifiService: Receive onDriverCountryCodeChanged to US, update available channel list
07-28 19:13:24.302  3478  5370 W ContextImpl: Calling a method in the system process without a qualified user: android.app.ContextImpl.sendBroadcastMultiplePermissions:1311 android.content.Context.sendBroadcastMultiplePermissions:2524 com.android.server.TelephonyRegistry.broadcastServiceStateChanged:3740 com.android.server.TelephonyRegistry.notifyServiceStateForPhoneId:1787 com.android.internal.telephony.ITelephonyRegistry$Stub.onTransact:546 
07-28 19:13:24.302  4982  4982 I Telephony: y0: onServiceStateChanged: newState=1, mServiceState=3
07-28 19:13:24.302  3478  4248 W BestClock: java.time.DateTimeException: Missing network time fix
07-28 19:13:24.303  3478  4555 E ApConfigUtil: Malformed channel value detected: java.lang.NumberFormatException: For input string: ""
07-28 19:13:24.303  4982  4982 I Telephony: isRttCurrentlySupported -- regular acct, hasVoiceAvailability: false
07-28 19:13:24.303  4982  4982 I Telephony:  isRttSupported: false
07-28 19:13:24.303  4982  4982 I Telephony:  isUserRttSettingOn: false
07-28 19:13:24.303  4982  4982 I Telephony:  alwaysAllowWhileRoaming: false
07-28 19:13:24.303  4982  4982 I Telephony:  isRoaming: false
07-28 19:13:24.303  4982  4982 I Telephony:  isOnWfc: false
07-28 19:13:24.303  3478  3730 D LocationManagerService: passive provider added registration from 1000/android[CountryDetector]/3939811F -> Request[PASSIVE, minUpdateInterval=0, WorkSource{1000 android}] permissionLevel: 2 permitted: true
07-28 19:13:24.303  3478  5370 W ContextImpl: Calling a method in the system process without a qualified user: android.app.ContextImpl.sendBroadcastMultiplePermissions:1344 com.android.server.TelephonyRegistry.broadcastServiceStateChanged:3745 com.android.server.TelephonyRegistry.notifyServiceStateForPhoneId:1787 com.android.internal.telephony.ITelephonyRegistry$Stub.onTransact:546 android.os.Binder.execTransactInternal:1523 
07-28 19:13:24.303  3478  3478 D OplusWifiBroadCastDispatcher: mBroadcastReceiver: onReceiver  action=android.net.wifi.action.WIFI_SCAN_AVAILABILITY_CHANGED
07-28 19:13:24.303  3478  4683 D OplusWifiPower_ConnLpmEventObsever: onReceive EXTRA_SCAN_AVAILABLE availabe = true
07-28 19:13:24.303  3478  4683 D OplusWifiPowerService: onReceive action:android.net.wifi.action.WIFI_SCAN_AVAILABILITY_CHANGED
07-28 19:13:24.303  3478  4683 D OplusWifiSwitchStateMonitor: scan settings change to true
07-28 19:13:24.303  4926  5795 V OplusCustomizeCacheManager: queryCache name: sys.cache.common_customize_cache18014 param: null
07-28 19:13:24.303  4926  5795 V OplusCustomizeCacheManager: queryCache name: sys.cache.common_customize_cache18017 param: Bundle[{SETTING=BLOCK, BUSINESS=NCT-DATA}]
07-28 19:13:24.303  4926  5795 V OplusCustomizeCacheManager: queryCache name: sys.cache.common_customize_cache18013 param: null
07-28 19:13:24.303  4926  5351 I SystemUi--Statusbar: MobileConnectionRepositoryImpl-->subId:1 isSoftSimCard:false slotId:0
07-28 19:13:24.304  4926  4926 I KeyguardUpdateMonitor: action=android.intent.action.SERVICE_STATE subId=1 slotId=0
07-28 19:13:24.304  5216  5216 D QuickChangeAirplaneModeEvent: isBothCardInService is false
07-28 19:13:24.304  5216  5216 D MsimSubModeManager: registTelephonyEvent onServiceStateChanged eventId:3, VoiceRegState:1, DataRegState:1
07-28 19:13:24.304  5216  5216 E ExtremeCommUtils: getSwitchRusSupportMcc invalid index 1
07-28 19:13:24.304  4926  5186 I SystemUi--QuickSettings: Tile.OplusCellularTile-->updateCarrierText: dialog not showing, ignore
07-28 19:13:24.304  5216  5216 D ExtremeCommUtils: isSupporCheck rusContain:false,propContain(persist.sys.oplus.support_hyper_uplink_mcc):false
07-28 19:13:24.304  5216  5216 D ExtremeCommService: handleServiceStateChanged mcc is null
07-28 19:13:24.304  5216  5216 D ChinaRoamingControl: handleMessage what:5
07-28 19:13:24.304  5216  5216 D MsimSubModeManager: handleMessage what:3
07-28 19:13:24.304  5216  5216 D MsimSubModeManager: getMsimSimServiceIn() i:0,mServiceState:1
07-28 19:13:24.304  5216  5216 D MsimSubModeManager: getMsimSimServiceIn() i:1,mServiceState:1
07-28 19:13:24.304  7129  7777 I OsAgent : updateWiFiScanAvailState, scanAvailable: true
07-28 19:13:24.304  3478  4555 E ApConfigUtil: Malformed channel value detected: java.lang.NumberFormatException: For input string: ""
07-28 19:13:24.304  3478  5370 W ContextImpl: Calling a method in the system process without a qualified user: android.app.ContextImpl.sendBroadcastMultiplePermissions:1344 com.android.server.TelephonyRegistry.broadcastServiceStateChanged:3754 com.android.server.TelephonyRegistry.notifyServiceStateForPhoneId:1787 com.android.internal.telephony.ITelephonyRegistry$Stub.onTransact:546 android.os.Binder.execTransactInternal:1523 
07-28 19:13:24.304  4982  4982 D InternationalRoamingNotification: init
07-28 19:13:24.304  4926  5186 D SimStateHelper: slot:0, lock state:Bundle[mParcelledData.dataSize=56]
07-28 19:13:24.304  5216  5263 D VirtualCommService2: isSupport. true, true
07-28 19:13:24.304  4982  4982 D OplusVirtualCommUtils: isVirtualCommSupport, vRet: true
07-28 19:13:24.304  4982  4982 I OplusVirtualCommUtils: getVirtualCommDeviceType, vRet: 1
07-28 19:13:24.305  4982  4982 I OplusVirtualCommUtils: isConsumerDeviceType, deviceType: 1
07-28 19:13:24.305  3478  5370 W ContextImpl: Calling a method in the system process without a qualified user: android.app.ContextImpl.sendBroadcastMultiplePermissions:1344 com.android.server.TelephonyRegistry.broadcastServiceStateChanged:3760 com.android.server.TelephonyRegistry.notifyServiceStateForPhoneId:1787 com.android.internal.telephony.ITelephonyRegistry$Stub.onTransact:546 android.os.Binder.execTransactInternal:1523 
07-28 19:13:24.305  3478  4555 E ApConfigUtil: Malformed channel value detected: java.lang.NumberFormatException: For input string: ""
07-28 19:13:24.305  4982  4982 D InternationalRoamingNotification: do not createRoamingNotification for invalid Network
07-28 19:13:24.305  4926  5186 D SimStateHelper: slot:1, lock state:Bundle[mParcelledData.dataSize=56]
07-28 19:13:24.305  4926  5186 D SimStateHelper: needDisableMenu: slot1State=-1; slot2State=-1
07-28 19:13:24.305  4926  5186 D SimStateHelper: needDisableMenu:false
07-28 19:13:24.305  3478  4682 D OplusSoftApManager: Support Wi-Fi6 SAP
07-28 19:13:24.305  3478  4555 I WifiService: Receive onDriverCountryCodeChanged to US, update available channel list
07-28 19:13:24.306  5216  5216 D SubsysEventListenerManager-SubsysTelephonyCallback[0]: onCellInfoChanged
07-28 19:13:24.306  3478  4555 E ApConfigUtil: Malformed channel value detected: java.lang.NumberFormatException: For input string: ""
07-28 19:13:24.306  5910  5910 D CellBroadcastReceiver: onReceive Intent { act=android.intent.action.SERVICE_STATE flg=0x1000010 cmp=com.android.cellbroadcastreceiver.module/com.android.cellbroadcastreceiver.CellBroadcastReceiver (has extras) }
07-28 19:13:24.306  5910  5910 D CellBroadcastReceiver: onServiceStateChanged, ss: 1
07-28 19:13:24.307  5910  5910 D CellBroadcastReceiver: networkOperator: 
07-28 19:13:24.307  3478  4555 E ApConfigUtil: Malformed channel value detected: java.lang.NumberFormatException: For input string: ""
07-28 19:13:24.307  4982  4982 D OplusTelephonyController: onSignalStrengthChanged: SignalStrength=SignalStrength:{mCdma=CellSignalStrengthCdma: cdmaDbm=2147483647 cdmaEcio=2147483647 evdoDbm=2147483647 evdoEcio=2147483647 evdoSnr=2147483647 level=0,mGsm=CellSignalStrengthGsm: rssi=2147483647 ber=2147483647 mTa=2147483647 mLevel=0,mWcdma=CellSignalStrengthWcdma: ss=2147483647 ber=2147483647 rscp=2147483647 ecno=2147483647 level=0,mTdscdma=CellSignalStrengthTdscdma: rssi=2147483647 ber=2147483647 rscp=2147483647 level=0,mLte=CellSignalStrengthLte: rssi=2147483647 rsrp=2147483647 rsrq=2147483647 rssnr=2147483647 cqiTableIndex=2147483647 cqi=2147483647 ta=2147483647 level=0 parametersUseForLevel=0,mNr=CellSignalStrengthNr:{ csiRsrp = 2147483647 csiRsrq = 2147483647 csiCqiTableIndex = 2147483647 csiCqiReport = [] ssRsrp = 2147483647 ssRsrq = 2147483647 ssSinr = 2147483647 level = 0 parametersUseForLevel = 0 timingAdvance = 2147483647 },primary=CellSignalStrengthLte}
07-28 19:13:24.307  5216  5216 D SubsysEventListenerManager-SubsysTelephonyCallback[0]: onSignalStrengthsChanged
07-28 19:13:24.308  3478  4555 E ApConfigUtil: Malformed channel value detected: java.lang.NumberFormatException: For input string: ""
07-28 19:13:24.308  3478  5861 W BestClock: java.time.DateTimeException: Missing network time fix
07-28 19:13:24.308  3478  4555 I WifiService: Receive onDriverCountryCodeChanged to US, update available channel list
07-28 19:13:24.309  3478  4555 E ApConfigUtil: Malformed channel value detected: java.lang.NumberFormatException: For input string: ""
07-28 19:13:24.309  3478  4248 W BestClock: java.time.DateTimeException: Missing network time fix
07-28 19:13:24.309  3478  4555 E ApConfigUtil: Malformed channel value detected: java.lang.NumberFormatException: For input string: ""
07-28 19:13:24.309  4926  5795 V OplusCustomizeCacheManager: queryCache name: sys.cache.common_customize_cache18014 param: null
07-28 19:13:24.310  4926  5795 V OplusCustomizeCacheManager: queryCache name: sys.cache.common_customize_cache18017 param: Bundle[{SETTING=BLOCK, BUSINESS=NCT-DATA}]
07-28 19:13:24.310  4926  5795 V OplusCustomizeCacheManager: queryCache name: sys.cache.common_customize_cache18013 param: null
07-28 19:13:24.310  3478  4555 E ApConfigUtil: Malformed channel value detected: java.lang.NumberFormatException: For input string: ""
07-28 19:13:24.311  3478  5861 W BestClock: java.time.DateTimeException: Missing network time fix
07-28 19:13:24.312  3478  4248 W BestClock: java.time.DateTimeException: Missing network time fix
07-28 19:13:24.312  4926  5795 V OplusCustomizeCacheManager: queryCache name: sys.cache.common_customize_cache18014 param: null
07-28 19:13:24.313  4926  5795 V OplusCustomizeCacheManager: queryCache name: sys.cache.common_customize_cache18017 param: Bundle[{SETTING=BLOCK, BUSINESS=NCT-DATA}]
07-28 19:13:24.313  4926  5795 V OplusCustomizeCacheManager: queryCache name: sys.cache.common_customize_cache18013 param: null
07-28 19:13:24.328  4926  4926 I SystemUi--QuickSettings: QsLottieUtils-->getLottieAnimFile : qs/qs_airplane_lottie_active_sep_dual_light.json
07-28 19:13:24.329  4926  4926 I SystemUi--QuickSettings: TemporarilyInfoManager-->[trigger] start from show
07-28 19:13:24.329  2004  2037 I [UAH_CLIENT]: UahRelease, handle:42
07-28 19:13:24.330  4926  4926 I SystemUi--QuickSettings: TemporarilyInfoManager-->[getLayoutParams] translationY=102.07929, translationX=0, width=1080, height=228, isLandscape=false, parent=androidx.constraintlayout.widget.ConstraintLayout{6020314 V.E...... ......ID 0,0-1080,2376 #7f0a09f6 app:id/qs_container_area_layout alpha=1.0 viewInfo = }
07-28 19:13:24.330  4926  4926 I SystemUi--Common: ViewExt-->[startAlongWithPosition] com.oplus.systemui.qs.base.temporarilyinfo.TemporarilyInfoManager$createViewToParent$1{28ed244 V.ED..... ......ID 0,0-0,0 #7f0a0cb6 app:id/temporarily_info_view alpha=0.0 viewInfo = } alongWith android.widget.RelativeLayout{f786f2d V.E...... ........ 0,102-1080,222 #7f0a0a2e app:id/qs_status_bar_container_layout alpha=1.0 viewInfo = }
07-28 19:13:24.330  4926  4926 I SystemUi--QuickSettings: TemporarilyInfoManager-->[showElement] com.oplus.systemui.qs.base.temporarilyinfo.TemporarilyInfoManager$createViewToParent$1{28ed244 V.ED..... ......ID 0,0-0,0 #7f0a0cb6 app:id/temporarily_info_view alpha=0.0 viewInfo = } for Element(text=Airplane mode off, groupId=Airplane mode, style=InfoShowStyle(textSize=16.0, sizeUnit=2, textColor=-1, showDuration=1500, alongWithReplacedView=true))
07-28 19:13:24.330  4926  4926 I SystemUi--QuickSettings: TemporarilyInfoManager-->[animateShow] com.oplus.systemui.qs.base.temporarilyinfo.TemporarilyInfoManager$createViewToParent$1{28ed244 VFED..C.. ......ID 0,0-0,0 #7f0a0cb6 app:id/temporarily_info_view alpha=0.0 viewInfo = } start
07-28 19:13:24.351  4926  4926 I SystemUi--QuickSettings: QsLottieUtils-->getLottieAnimFile : qs/qs_cellular_lottie_active_sep_dual_light.json
07-28 19:13:24.364  3413  3967 D QmiClient: qmiServiceEventCallback recv msg id 1106
07-28 19:13:24.364  3413  3967 D QmiVsClient: enter - onQmiServiceEventCallback msgId 1106
07-28 19:13:24.364  3413  3449 D VsProxy : handleMessage msg is 2425
07-28 19:13:24.364  3413  3449 D VsProxy : handleServingCellInfoChangeInd for instance 0
07-28 19:13:24.365  3413  3413 D RadioServiceIndication: radioServingCellInfoInd
07-28 19:13:24.365  3413  3413 D RadioServiceIndication: radioServingCellInfoInd
07-28 19:13:24.366  5216  6141 D SubsysRadioIndication[0]: radioServingCellInfoInd
07-28 19:13:24.366  5216  5263 D SubsysRadioIndication[0]: radioServingCellInfoInd
07-28 19:13:24.368  5216  5216 D NetworkService[0]: handleMessage what:1003
07-28 19:13:24.369  3413  3962 D QmiClient: qmiServiceEventCallback recv msg id 276
07-28 19:13:24.369  3413  3962 D QmiNasClient: enter : onQmiServiceEventCallback msgId 276
07-28 19:13:24.369  3413  3962 D QmiNasClientEvent: qmiNasClientAccessBarringStatusEvent - RADIO_EVENT_NAS_ACCESS_BARRING_STATUS_IND
07-28 19:13:24.369  3414  3958 D QmiClient: qmiServiceEventCallback recv msg id 276
07-28 19:13:24.369  5216  5216 D NetworkService[0]: handleMessage what:1003
07-28 19:13:24.369  3414  3958 D QmiNasClient: enter : onQmiServiceEventCallback msgId 276
07-28 19:13:24.369  3414  3958 D QmiNasClientEvent: qmiNasClientAccessBarringStatusEvent - RADIO_EVENT_NAS_ACCESS_BARRING_STATUS_IND
07-28 19:13:24.369  3413  3962 D QmiClient: qmiServiceEventCallback recv msg id 78
07-28 19:13:24.370  3413  3962 D QmiNasClient: enter : onQmiServiceEventCallback msgId 78
07-28 19:13:24.370  5049  6001 D RadioEvent: onCellInfoChanged slotId=0
07-28 19:13:24.370  3413  3962 D QmiNasClientEvent: qmiNasClientNotifySysInfoEvent lte_ims_voice_avail_valid 0
07-28 19:13:24.370  5049  6001 D RadioEvent: onCellInfoChanged slotId=0
07-28 19:13:24.372  3413  3459 D NasProxy: handleMessage msg is 2104
07-28 19:13:24.372  3413  3459 D NasProxy: handleMessage msg is 2101
07-28 19:13:24.372  3413  3459 D NasProxy: handleNasSysInfoEvent for instance 0
07-28 19:13:24.372  3414  3475 D NasProxy: handleMessage msg is 2104
07-28 19:13:24.373  5216  5263 D SubsysRadioIndication[0]: radioNasAccessBarringStatusInd, NasAccessBarringStatusType: radioIf:12, dataBarringStatus:0, dataBarringTime:0, voiceBarringStatus:0, voiceBarringTime:0, videoBarringStatus:0, videoBarringTime:0
07-28 19:13:24.373  5216  5263 D SubsysRadioIndication[0]: notify enter
07-28 19:13:24.373  5216  6141 D SubsysRadioIndication[1]: radioNasAccessBarringStatusInd, NasAccessBarringStatusType: radioIf:12, dataBarringStatus:0, dataBarringTime:0, voiceBarringStatus:0, voiceBarringTime:0, videoBarringStatus:0, videoBarringTime:0
07-28 19:13:24.373  5216  6141 D SubsysRadioIndication[1]: notify enter
07-28 19:13:24.373  5216  5263 D SubsysRadioIndication[0]: radioNr5gFreqTypeIndication, nr5gFreqType = 0
07-28 19:13:24.373  5216  5216 D QtiCellularNetwork: handleNr5gFreqTypeChanged 0, nr5gFreqType = 0
07-28 19:13:24.373  5148  6047 I QImsService: ImsRadioIndicationAidl : onServiceDomainChanged()[SUB0]
07-28 19:13:24.373  5148  6047 I QImsService: ImsSenderRxr : [UNSL]< UNSOL_SERVICE_DOMAIN_CHANGED 0[SUB0]
07-28 19:13:24.375  5148  5148 I QImsService: ImsRegistrationController : Message received: what = 5
07-28 19:13:24.375  5148  5148 I QImsService: ImsRegistrationController : handleSrvDomainChanged
07-28 19:13:24.377  5171  6216 D IWlanJni: getDataRegistrationState start
07-28 19:13:24.377  5171  6233 D IWlanJni: new aidl event arrived
07-28 19:13:24.377  5171  6233 D IWlanJni: handleEvent 10
07-28 19:13:24.377  5171  6233 D IWlanJni: isThreadAttached start
07-28 19:13:24.377  5171  6233 D IWlanJni: jni detached
07-28 19:13:24.377  5171  6233 D IWlanJni: jni attached
07-28 19:13:24.377  5171  6233 D IWlanJni: getDataRegistrationStateResponse start
07-28 19:13:24.377  5171  6233 D IWlanJni: getJavaCallbackClass start
07-28 19:13:24.377  5171  6233 D IWlanJni: getJavaCallbackClass End midIs[1]
07-28 19:13:24.377  5171  6233 I IWlanAidlClient: getDataRegistrationStateResponse called
07-28 19:13:24.377  5171  6232 W IWlanNetworkService: 14 > Response Processed
07-28 19:13:24.378  5035  5063 D QtiOemHookAidl: oemHookRawIndication length=21
07-28 19:13:24.378  5035  5035 D QcrilMsgTunnelIfaceManager: handleMessage what = 0
07-28 19:13:24.379  4982  4982 D QC_RIL_OEM_HOOK: Received Broadcast Intent ACTION_UNSOL_RESPONSE_OEM_HOOK_RAW
07-28 19:13:24.379  4982  4982 D QC_RIL_OEM_HOOK: Received Broadcast Intent ACTION_UNSOL_RESPONSE_OEM_HOOK_RAW
07-28 19:13:24.379  4982  4982 D QC_RIL_OEM_HOOK: Received Broadcast Intent ACTION_UNSOL_RESPONSE_OEM_HOOK_RAW
07-28 19:13:24.380  5035  5035 D QC_RIL_OEM_HOOK: Received Broadcast Intent ACTION_UNSOL_RESPONSE_OEM_HOOK_RAW
07-28 19:13:24.381  4982  4982 D OplusTelephonyController: onSignalStrengthChanged: SignalStrength=SignalStrength:{mCdma=CellSignalStrengthCdma: cdmaDbm=2147483647 cdmaEcio=2147483647 evdoDbm=2147483647 evdoEcio=2147483647 evdoSnr=2147483647 level=0,mGsm=CellSignalStrengthGsm: rssi=2147483647 ber=2147483647 mTa=2147483647 mLevel=0,mWcdma=CellSignalStrengthWcdma: ss=2147483647 ber=2147483647 rscp=2147483647 ecno=2147483647 level=0,mTdscdma=CellSignalStrengthTdscdma: rssi=2147483647 ber=2147483647 rscp=2147483647 level=0,mLte=CellSignalStrengthLte: rssi=2147483647 rsrp=2147483647 rsrq=2147483647 rssnr=2147483647 cqiTableIndex=2147483647 cqi=2147483647 ta=2147483647 level=0 parametersUseForLevel=0,mNr=CellSignalStrengthNr:{ csiRsrp = 2147483647 csiRsrq = 2147483647 csiCqiTableIndex = 2147483647 csiCqiReport = [] ssRsrp = 2147483647 ssRsrq = 2147483647 ssSinr = 2147483647 level = 0 parametersUseForLevel = 0 timingAdvance = 2147483647 },primary=CellSignalStrengthLte}
07-28 19:13:24.382  5216  5216 D SubsysEventListenerManager-SubsysTelephonyCallback[0]: onSignalStrengthsChanged
07-28 19:13:24.382  5171  6216 D IWlanJni: getDataRegistrationState start
07-28 19:13:24.382  5171  6233 D IWlanJni: new aidl event arrived
07-28 19:13:24.382  5171  6233 D IWlanJni: handleEvent 10
07-28 19:13:24.382  5171  6233 D IWlanJni: isThreadAttached start
07-28 19:13:24.382  5171  6233 D IWlanJni: jni detached
07-28 19:13:24.383  5171  6233 D IWlanJni: jni attached
07-28 19:13:24.383  5171  6233 D IWlanJni: getDataRegistrationStateResponse start
07-28 19:13:24.383  5171  6233 D IWlanJni: getJavaCallbackClass start
07-28 19:13:24.383  5171  6233 D IWlanJni: getJavaCallbackClass End midIs[1]
07-28 19:13:24.383  5171  6233 I IWlanAidlClient: getDataRegistrationStateResponse called
07-28 19:13:24.383  5171  6232 W IWlanNetworkService: 15 > Response Processed
07-28 19:13:24.385  3478  5861 W BestClock: java.time.DateTimeException: Missing network time fix
07-28 19:13:24.386  3478  4248 W BestClock: java.time.DateTimeException: Missing network time fix
07-28 19:13:24.386  4926  5795 V OplusCustomizeCacheManager: queryCache name: sys.cache.common_customize_cache18014 param: null
07-28 19:13:24.386  4926  5795 V OplusCustomizeCacheManager: queryCache name: sys.cache.common_customize_cache18017 param: Bundle[{SETTING=BLOCK, BUSINESS=NCT-DATA}]
07-28 19:13:24.386  4926  5795 V OplusCustomizeCacheManager: queryCache name: sys.cache.common_customize_cache18013 param: null
07-28 19:13:24.387  4982  4982 W Settings: Setting airplane_mode_on has moved from android.provider.Settings.System to android.provider.Settings.Global, returning read-only value.
07-28 19:13:24.387  5049  6005 D NAS-CallIssueDetector: onPollCsPsRegStateChanged slotid = 0
07-28 19:13:24.387  5049  6005 D NAS-CallIssueDetector: notifyRealOosChanged
07-28 19:13:24.387  5049  6005 D OplusCiwlanController: [vodata] getSubId subid =  1
07-28 19:13:24.387  5049  6006 W BluetoothAdapterExtImpl: getBluetoothConnectionCountï¼šmOplusBluetooth null!
07-28 19:13:24.388  5049  6005 D OplusCiwlanController: [vodata] processOosChanged  phoneid = 0,cur regstate = 1,old regstate = -1
07-28 19:13:24.388  5049  6005 D OplusCiwlanController: [vodata] getSubId subid =  -1
07-28 19:13:24.388  5049  6005 D OplusCiwlanController: [vodata] processOosChanged  phoneid = 1,cur regstate = 1,old regstate = -1
07-28 19:13:24.388  5049  6006 D TelephonyImpl: isRequestingMms
07-28 19:13:24.388  5049  6006 D TelephonyImpl: getReleaseMmsNetworkTime
07-28 19:13:24.388  3478  3478 D OplusWifiBroadCastDispatcher: mBroadcastReceiver: onReceiver  action=oplus.intent.action.MCC_CHANGE
07-28 19:13:24.388  5049  6006 D OplusDdsSwitchStrategy: Md,OplusCheckFeature,RETURN_TO_CUR_ACTION_DDS
07-28 19:13:24.389  7323  7323 I 7323PAS.MccChangeReceiver_Travel: onReceive
07-28 19:13:24.390  4746  4914 D CNGmsControlService: receive:oplus.intent.action.MCC_CHANGE
07-28 19:13:24.391  4746  4914 D CNGmsControlService: mcc1=001 mcc2=null GmsState=2 TagWhitelistApp=true UserDisableCount=0 SettingsGmsState=1
07-28 19:13:24.392  7323  7784 D NetWorkMonitor: addNetStateListener :true
07-28 19:13:24.392  3478  5339 D ConnectivityService: requestNetwork for uid/pid:10137/7323 activeRequest: null callbackRequest: 282 [NetworkRequest [ REQUEST id=283, [ Capabilities: INTERNET&NOT_RESTRICTED&TRUSTED&NOT_VCN_MANAGED&NOT_BANDWIDTH_CONSTRAINED Uid: 10137 RequestorUid: 10137 RequestorPkg: com.coloros.sceneservice UnderlyingNetworks: Null] ]] callback flags: 0 order: 2147483647 isUidTracked: false
07-28 19:13:24.392  7323  7784 D NetWorkMonitor: resume registerNetworkCallback
07-28 19:13:24.393  4926  5186 I SystemUi--QuickSettings: Tile.OplusCellularTile-->updateCarrierText: dialog not showing, ignore
07-28 19:13:24.393  3478  4565 D ConnectivityService: NetReassign [no changes] [c 0] [a 0] [i 1]
07-28 19:13:24.393  4982  6307 D OplusNetworkFactory: got request NetworkRequest [ REQUEST id=283, [ Capabilities: INTERNET&NOT_RESTRICTED&TRUSTED&NOT_VCN_MANAGED&NOT_BANDWIDTH_CONSTRAINED Uid: 10137 RequestorUid: 10137 RequestorPkg: com.coloros.sceneservice UnderlyingNetworks: Null] ]
07-28 19:13:24.393  3478  4555 D WifiNetworkFactory: got request NetworkRequest [ REQUEST id=283, [ Capabilities: INTERNET&NOT_RESTRICTED&TRUSTED&NOT_VCN_MANAGED&NOT_BANDWIDTH_CONSTRAINED Uid: 10137 RequestorUid: 10137 RequestorPkg: com.coloros.sceneservice UnderlyingNetworks: Null] ]
07-28 19:13:24.393  3478  4555 D UntrustedWifiNetworkFactory: got request NetworkRequest [ REQUEST id=283, [ Capabilities: INTERNET&NOT_RESTRICTED&TRUSTED&NOT_VCN_MANAGED&NOT_BANDWIDTH_CONSTRAINED Uid: 10137 RequestorUid: 10137 RequestorPkg: com.coloros.sceneservice UnderlyingNetworks: Null] ]
07-28 19:13:24.393  3478  4555 D OemPaidWifiNetworkFactory: got request NetworkRequest [ REQUEST id=283, [ Capabilities: INTERNET&NOT_RESTRICTED&TRUSTED&NOT_VCN_MANAGED&NOT_BANDWIDTH_CONSTRAINED Uid: 10137 RequestorUid: 10137 RequestorPkg: com.coloros.sceneservice UnderlyingNetworks: Null] ]
07-28 19:13:24.393  3478  4555 D MultiInternetWifiNetworkFactory: got request NetworkRequest [ REQUEST id=283, [ Capabilities: INTERNET&NOT_RESTRICTED&TRUSTED&NOT_VCN_MANAGED&NOT_BANDWIDTH_CONSTRAINED Uid: 10137 RequestorUid: 10137 RequestorPkg: com.coloros.sceneservice UnderlyingNetworks: Null] ]
07-28 19:13:24.393  4926  5186 D SimStateHelper: slot:0, lock state:Bundle[mParcelledData.dataSize=56]
07-28 19:13:24.394  4926  5186 D SimStateHelper: slot:1, lock state:Bundle[mParcelledData.dataSize=56]
07-28 19:13:24.394  4926  5186 D SimStateHelper: needDisableMenu: slot1State=-1; slot2State=-1
07-28 19:13:24.394  4926  5186 D SimStateHelper: needDisableMenu:false
07-28 19:13:24.395  5049 12829 W Binder  : Caught a RuntimeException from the binder stub implementation.
07-28 19:13:24.395  5049 12829 W Binder  : java.lang.NullPointerException: Attempt to invoke virtual method 'boolean android.net.Uri.equals(java.lang.Object)' on a null object reference
07-28 19:13:24.395  5049 12829 W Binder  : 	at xb.a$b.onChange(Unknown Source:16)
07-28 19:13:24.395  5049 12829 W Binder  : 	at android.database.ContentObserver.onChange(ContentObserver.java:184)
07-28 19:13:24.395  5049 12829 W Binder  : 	at android.database.ContentObserver.onChange(ContentObserver.java:202)
07-28 19:13:24.395  5049 12829 W Binder  : 	at android.database.ContentObserver.onChange(ContentObserver.java:224)
07-28 19:13:24.395  5049 12829 W Binder  : 	at android.database.ContentObserver.onChange(ContentObserver.java:236)
07-28 19:13:24.395  5049 12829 W Binder  : 	at android.database.ContentObserver.dispatchChange(ContentObserver.java:335)
07-28 19:13:24.395  5049 12829 W Binder  : 	at android.database.ContentObserver$Transport.onChangeEtc(ContentObserver.java:357)
07-28 19:13:24.395  5049 12829 W Binder  : 	at android.database.IContentObserver$Stub.onTransact(IContentObserver.java:120)
07-28 19:13:24.395  5049 12829 W Binder  : 	at android.os.Binder.execTransactInternal(Binder.java:1523)
07-28 19:13:24.395  5049 12829 W Binder  : 	at android.os.Binder.execTransact(Binder.java:1457)
07-28 19:13:24.397  3478  5861 W BestClock: java.time.DateTimeException: Missing network time fix
07-28 19:13:24.397  4982  4982 D ServiceStateProvider: subId=1
07-28 19:13:24.398  1761  1761 D Zygote  : Forked child process 13085
07-28 19:13:24.398  3478  3741 I ActivityManager: Start proc 13085:com.oplus.wirelesssettings:tzupdate/1000 for broadcast {com.oplus.wirelesssettings/com.oplus.tzupdate.timezone.MccChangeReceiver}
07-28 19:13:24.398  3478  4248 W BestClock: java.time.DateTimeException: Missing network time fix
07-28 19:13:24.399  5216  5216 D SubsysEventListenerManager-SubsysTelephonyCallback[0]: onServiceStateChanged
07-28 19:13:24.399  5216  5216 D ChinaRoamingControl: registTelephonyEvent onServiceStateChanged eventId:5, VoiceRegState:1, DataRegState:1
07-28 19:13:24.399  5216  5216 D QuickChangeAirplaneModeEvent: onServiceStateChanged slotId:0
07-28 19:13:24.399  4926  5795 V OplusCustomizeCacheManager: queryCache name: sys.cache.common_customize_cache18014 param: null
07-28 19:13:24.399  5148  5148 I QImsService: OplusPhoneStateTracker : onServiceStateChanged
07-28 19:13:24.399  5216  6072 D cellularState[0]: handleMessage: E msg.what=4
07-28 19:13:24.399  5216  6072 D cellularState[0]: processMsg: DataCallingState
07-28 19:13:24.399  5216  6072 D cellularState[0]: processMsg: NetworkAttachedState
07-28 19:13:24.399  5216  6072 D cellularState[0]: processMsg: SimReadyState
07-28 19:13:24.399  5216  6072 D cellularState[0]: processMsg: DefaultState
07-28 19:13:24.399  5216  6072 E cellularState[0]:  - unhandledMessage: msg.what=4
07-28 19:13:24.399  5216  6072 D cellularState[0]: handleMessage: X
07-28 19:13:24.400  4926  5795 V OplusCustomizeCacheManager: queryCache name: sys.cache.common_customize_cache18017 param: Bundle[{SETTING=BLOCK, BUSINESS=NCT-DATA}]
