07-28 04:57:09.134  4886  5724 V OplusCustomizeCacheManager: queryCache name: sys.cache.common_customize_cache18017 param: Bundle[{SETTING=BLOCK, BUSINESS=NCT-DATA}]
07-28 04:57:09.134  3448  5312 I InputDispatcher: injectInputEvent: targetUid=<not set>, syncMode=WAIT_FOR_FINISHED, timeout=30000ms, policyFlags=0x8000000, event=MotionEvent { action=MOVE, id[0]=0, x[0]=900, y[0]=594.733, eventTime=57758000000, downTime=57672000000, deviceId=4, source=TOUCHSCREEN, displayId=0, eventId=0xe4cac92f}
07-28 04:57:09.134  4886  5724 D OplusCustomizeCacheManager: add cachename to map: sys.cache.common_customize_cache18017
07-28 04:57:09.134  4886  5724 V OplusCustomizeCacheManager: start recompute
07-28 04:57:09.134  4886  4886 I SystemUi--Keyguard: ScrimControllerExImp-->blur State to UNLOCK, bouncer=false changeFromBouncerScrim= false runnerUnlock= false goingAway=false hasHandle=true isOccludeAnimationPlaying=false
07-28 04:57:09.134  3448  4736 D OplusCustomizeSecurityManagerService: we can't find the BLOCK
07-28 04:57:09.135  4886  5724 V OplusCustomizeCacheManager: queryCache name: sys.cache.common_customize_cache18013 param: null
07-28 04:57:09.135  4886  4886 I SystemUi--Keyguard: ScrimControllerExImp-->blur State to UNLOCK, bouncer=false changeFromBouncerScrim= false runnerUnlock= false goingAway=false hasHandle=true isOccludeAnimationPlaying=false
07-28 04:57:09.135  4886  5724 V OplusCustomizeCacheManager: queryCache name: sys.cache.common_customize_cache18025 param: null
07-28 04:57:09.135  4886  4886 D ViewRootImplExtImpl: wrapConfigInfoIntoFlags rotation=0, smallestScreenWidthDp=360, residentWS=false, scenario=0, bounds=Rect(0, 0 - 1080, 2376), relayoutAsync=true, flags=1, newFlags=1245719809, title=NotificationShade
07-28 04:57:09.135  4886  5724 I SystemUi--QuickSettings: Tile.OplusAirplaneModeTile-->handleUpdateState state.state: 2 value: 1
07-28 04:57:09.135  4886  5724 V OplusCustomizeCacheManager: queryCache name: sys.cache.common_customize_cache18026 param: null
07-28 04:57:09.135  4886  4886 W VRI[NotificationShade]: updateBlastSurfaceIfNeeded, surfaceSize:Point(1080, 2376), lastSurfaceSize:Point(1080, 2376), format:-3, blastBufferQueue:android.graphics.BLASTBufferQueue@1021f82
07-28 04:57:09.135  3448  4736 D WindowManagerServiceExtImpl: extractConfigInfoAndRealFlags rotation=0, screenDp=360, residentWS:0, scenario:0, bounds:2376, serverWinBounds:Rect(0, 0 - 1080, 2376), win=Window{8b83520 u0 NotificationShade}
07-28 04:57:09.135  3448  4736 V WindowManager: Relayout Window{8b83520 u0 NotificationShade}: viewVisibility=0, oldvis=0, req=1080x2376, vsysui=
07-28 04:57:09.136  4886  4886 I SurfaceControl:  setExtendedRangeBrightness sc=Surface(name=NotificationShade)/@0xbc5b564,currentBufferRatio=1.0,desiredRatio=1.0
07-28 04:57:09.137  4886  4886 I SystemUi--Notification: OplusNotificationShadeWindowControllerExImpl-->SHADE_FOCUSABLE-->mNotificationShadeFocusable= true, mPanelExpanded= true, mBouncerShowing= false, mKeyguardShowing= false, mKeyguardOccluded= false, mKeyguardNeedsInput= false, ENABLE_REMOTE_INPUT= true, mRemoteInputActive= false, layoutFlags= -2121924544
07-28 04:57:09.137  4886  4886 I SystemUi--Notification: OplusNotificationShadeWindowControllerExImpl-->SHADE_VISIBLE-->mKeyguardShowing= false, mKeyguardOccluded= false, mPanelVisible= false, mKeyguardFadingAway= false, mKeyguardGoingAway= false, mBouncerShowing= false, mScrimsVisibility= 1, mBackgroundBlurRadius= 0, mForcePluginOpen= false, mediaBackdropShowing= false, viewVisibility= true, qsBlurFraction= 0.22522329, panelBlurFraction= 0.0
07-28 04:57:09.137  3448  3754 I UserAwareMgr: handleFgAppChanged, pkgName: com.android.systemui, pid: 4886, isVisible: true, fgAppType: FG2
07-28 04:57:09.137  3448  3754 I UserAwareMgr: fg app status not changed, beforeVisible: true, currentVisible: true
07-28 04:57:09.137  4886  4886 I PluginSeedling--CapsuleCard: CardRootViewModel-->onExpandedChanged: true
07-28 04:57:09.137  4886  4886 I PluginSeedling--StateMachine: StateEventManager-->stable: true, event: null
07-28 04:57:09.139  4886  5724 V OplusCustomizeCacheManager: queryCache name: sys.cache.common_customize_cache11009 param: null
07-28 04:57:09.139  7107  7107 W Battery : PowerSaveTileService: updateTileState false
07-28 04:57:09.140  4886  4886 W SystemUi--Common: SubsetBitmapDrawable-->[isValid] innerBitmap?.isRecycled=null
07-28 04:57:09.140  4886  4886 I SystemUi--Statusbar: BatteryViewBinder-->create drawable: com.oplus.systemui.statusbar.pipeline.battery.ui.drawable.HorizontalBatteryContentDrawable@a992a7e iconStyle:BatteryIconStyle(iconStyle=1, oldStylePercentIn=false, densityDpi=480, scaleFactor=1.0, themeId=0, isThemeModeColor=false, frameColorMode=0, isPercentOutBgMode=false, isPercentOutPbMode=false, batteryOutChargeBgMode=0)
07-28 04:57:09.141  4886  5724 V OplusCustomizeCacheManager: queryCache name: sys.cache.common_customize_cache18027 param: null
07-28 04:57:09.142  4886  5724 V OplusCustomizeCacheManager: queryCache name: sys.cache.common_customize_cache11010 param: null
07-28 04:57:09.143  4886  4886 I SystemUi--Statusbar: BatteryViewBinder-->create drawable: com.oplus.systemui.statusbar.pipeline.battery.ui.drawable.HorizontalBatteryContentDrawable@4f5f606 iconStyle:BatteryIconStyle(iconStyle=1, oldStylePercentIn=false, densityDpi=480, scaleFactor=1.0, themeId=0, isThemeModeColor=false, frameColorMode=0, isPercentOutBgMode=false, isPercentOutPbMode=false, batteryOutChargeBgMode=0)
07-28 04:57:09.144  4886  4886 W SystemUi--Common: SubsetBitmapDrawable-->[isValid] innerBitmap?.isRecycled=null
07-28 04:57:09.145  4886  4886 I SystemUi--Statusbar: BatteryViewBinder-->create drawable: com.oplus.systemui.statusbar.pipeline.battery.ui.drawable.HorizontalBatteryContentDrawable@a1b339a iconStyle:BatteryIconStyle(iconStyle=1, oldStylePercentIn=false, densityDpi=480, scaleFactor=1.0, themeId=0, isThemeModeColor=false, frameColorMode=0, isPercentOutBgMode=false, isPercentOutPbMode=false, batteryOutChargeBgMode=0)
07-28 04:57:09.145  4886  4886 I SystemUi--Statusbar: BatteryViewBinder-->create drawable: com.oplus.systemui.statusbar.pipeline.battery.ui.drawable.HorizontalBatteryContentDrawable@a6a14cb iconStyle:BatteryIconStyle(iconStyle=1, oldStylePercentIn=false, densityDpi=480, scaleFactor=1.0, themeId=0, isThemeModeColor=false, frameColorMode=0, isPercentOutBgMode=false, isPercentOutPbMode=false, batteryOutChargeBgMode=0)
07-28 04:57:09.145  2186  2186 D OplusInfoMonitor: setListenerReport: reportInfo:
07-28 04:57:09.146  2186  2440 D SurfaceFlinger: captureLayers from pid 5433 uid -335
07-28 04:57:09.148  4886  4886 I SystemUi--Keyguard: ScrimControllerExImp-->blur State to UNLOCK, bouncer=false changeFromBouncerScrim= false runnerUnlock= false goingAway=false hasHandle=true isOccludeAnimationPlaying=false
07-28 04:57:09.148  3448  5312 I InputDispatcher: injectInputEvent: targetUid=<not set>, syncMode=WAIT_FOR_FINISHED, timeout=30000ms, policyFlags=0x8000000, event=MotionEvent { action=MOVE, id[0]=0, x[0]=900, y[0]=686.667, eventTime=57772000000, downTime=57672000000, deviceId=4, source=TOUCHSCREEN, displayId=0, eventId=0xf9668c9e}
07-28 04:57:09.148  4886  6088 D Util    : isPkgInstalled_isPkgInstalled = false
07-28 04:57:09.149  3448  3801 D PowerManagerService: userActivityNoUpdateLocked: groupId=0, eventTime=57772, event=touch, flags=0x0, uid=1000
07-28 04:57:09.149  4886  6088 D Util    : isPkgInstalled_isPkgInstalled = true
07-28 04:57:09.149  4886  4886 I SystemUi--Keyguard: ScrimControllerExImp-->blur State to UNLOCK, bouncer=false changeFromBouncerScrim= false runnerUnlock= false goingAway=false hasHandle=true isOccludeAnimationPlaying=false
07-28 04:57:09.149  4886  4886 D ViewRootImplExtImpl: wrapConfigInfoIntoFlags rotation=0, smallestScreenWidthDp=360, residentWS=false, scenario=0, bounds=Rect(0, 0 - 1080, 2376), relayoutAsync=true, flags=1, newFlags=1245719809, title=NotificationShade
07-28 04:57:09.149  4886  4886 W VRI[NotificationShade]: updateBlastSurfaceIfNeeded, surfaceSize:Point(1080, 2376), lastSurfaceSize:Point(1080, 2376), format:-3, blastBufferQueue:android.graphics.BLASTBufferQueue@1021f82
07-28 04:57:09.149  3448  4736 D WindowManagerServiceExtImpl: extractConfigInfoAndRealFlags rotation=0, screenDp=360, residentWS:0, scenario:0, bounds:2376, serverWinBounds:Rect(0, 0 - 1080, 2376), win=Window{8b83520 u0 NotificationShade}
07-28 04:57:09.149  3448  4736 V WindowManager: Relayout Window{8b83520 u0 NotificationShade}: viewVisibility=0, oldvis=0, req=1080x2376, vsysui=, x=0, y=0
07-28 04:57:09.150  1932  2005 I SnapAlloc: Using graphics libs for alignment calculations
07-28 04:57:09.150  3448  4736 D RefreshRate: initControlPanelRefreshRateData PreferredRefreshRateData{mPreferredRefreshRateId=[3, 1, 2, 3],isAnimBoost=true}
07-28 04:57:09.151  3448  4736 D WindowManager: NFW_findFocusedWindowIfNeeded:Window{8b83520 u0 NotificationShade} mCurrentFocus:Window{6b5d56f u0 com.android.launcher/com.android.launcher.Launcher}
07-28 04:57:09.151  3448  4736 V WindowManager: Changing focus from Window{6b5d56f u0 com.android.launcher/com.android.launcher.Launcher} to Window{8b83520 u0 NotificationShade},diplayid=0
07-28 04:57:09.151  3448  4631 E OplusUIFirst_WS: unknown window type: -1
07-28 04:57:09.151  1932  2005 I SnapAlloc: Using graphics libs for alignment calculations
07-28 04:57:09.151  3448  4689 E FBProcessManager: unknown window type: -1
07-28 04:57:09.151  3448  4631 E UAH-Framework: invalid window type -1
07-28 04:57:09.151  3448  3817 D VRR [OPlusRefreshRateService]: Receive multi scene changed eventId = 5 bundleList.size = 2
07-28 04:57:09.151  2034  2063 D BatteryChargeControl: bcc get no support from charging protocol
07-28 04:57:09.151  3448  4736 D Theia.NoFocusWindow: FocusWindowErrorScene cancelCheckFreezeScreen
07-28 04:57:09.151  3448  4736 W TheiaWindowMonitor: [check] focusedWindow is null or enable is false
07-28 04:57:09.152  4886  4886 I SurfaceControl:  setExtendedRangeBrightness sc=Surface(name=NotificationShade)/@0xbc5b564,currentBufferRatio=1.0,desiredRatio=1.0
07-28 04:57:09.152  1932  2005 I SnapAlloc: Using graphics libs for alignment calculations
07-28 04:57:09.154  3448  3681 D SurfaceComposerClient: Transaction::apply InputWindowCommands.focusRequests timestamp=57776364977, windowName=8b83520 NotificationShade
07-28 04:57:09.157  3448  5312 I InputDispatcher: injectInputEvent: targetUid=<not set>, syncMode=WAIT_FOR_FINISHED, timeout=30000ms, policyFlags=0x8000000, event=MotionEvent { action=MOVE, id[0]=0, x[0]=900, y[0]=745.767, eventTime=57781000000, downTime=57672000000, deviceId=4, source=TOUCHSCREEN, displayId=0, eventId=0xe05c2f47}
07-28 04:57:09.157  4886  4886 I SystemUi--Keyguard: ScrimControllerExImp-->blur State to UNLOCK, bouncer=false changeFromBouncerScrim= false runnerUnlock= false goingAway=false hasHandle=true isOccludeAnimationPlaying=false
07-28 04:57:09.157  4886  4886 I SystemUi--Keyguard: ScrimControllerExImp-->blur State to UNLOCK, bouncer=false changeFromBouncerScrim= false runnerUnlock= false goingAway=false hasHandle=true isOccludeAnimationPlaying=false
07-28 04:57:09.157  4886  4886 I SystemUi--QuickSettings: QSPanelAnimatorManager-->showFirstElement
07-28 04:57:09.159  4886  4886 D JankUtils: gfxSceneBegin; scene: 7; sceneDes: QS PULL
07-28 04:57:09.163  2186  3510 D SurfaceFlinger: updateWinowInfo=1, setFocusedWindow timestamp=57776364977, windowName=8b83520 NotificationShade
07-28 04:57:09.163  3448  5510 I InputDispatcher: NFW_setFocusedWindow, 8b83520 NotificationShade on display 0, same as the previous:0
07-28 04:57:09.163  3448  5510 I InputDispatcher: updateFocusedWindow,  on display 0, reason: Waiting for window because NOT_FOCUSABLE, result:   FocusedWindows: <none>
07-28 04:57:09.163  3448  4736 I InputDispatcher: updateFocusedWindow, 8b83520 NotificationShade on display 0, reason: Window became focusable. Previous reason: NOT_FOCUSABLE, result:   FocusedWindows:
07-28 04:57:09.163  3448  4736 I InputDispatcher:     displayId=0, name='8b83520 NotificationShade'
07-28 04:57:09.164  5254  5254 D VRI[Launcher]: onFocusEvent false
07-28 04:57:09.164  4886  4886 D VRI[NotificationShade]: onFocusEvent true
07-28 04:57:09.165  1932  2005 I SnapAlloc: Using graphics libs for alignment calculations
07-28 04:57:09.165  4886  4886 I SystemUi--Keyguard: OplusRepeatWhenAttachedUnlock-->updateState: view.windowVisibility: 0, keyguardShow: false, isInPreviewMode: false, view.hasWindowFocus(): true
07-28 04:57:09.165  4886  4886 I SystemUi--Keyguard: OplusRepeatWhenAttachedUnlock-->updateState: view.windowVisibility: 0, keyguardShow: false, isInPreviewMode: false, view.hasWindowFocus(): true
07-28 04:57:09.166  3448  5312 I InputDispatcher: injectInputEvent: targetUid=<not set>, syncMode=WAIT_FOR_FINISHED, timeout=30000ms, policyFlags=0x8000000, event=MotionEvent { action=MOVE, id[0]=0, x[0]=900, y[0]=804.867, eventTime=57790000000, downTime=57672000000, deviceId=4, source=TOUCHSCREEN, displayId=0, eventId=0xdea9908d}
07-28 04:57:09.166  4886  4886 I SystemUi--Keyguard: ScrimControllerExImp-->blur State to UNLOCK, bouncer=false changeFromBouncerScrim= false runnerUnlock= false goingAway=false hasHandle=true isOccludeAnimationPlaying=false
07-28 04:57:09.166  4886  4886 I SystemUi--Keyguard: ScrimControllerExImp-->blur State to UNLOCK, bouncer=false changeFromBouncerScrim= false runnerUnlock= false goingAway=false hasHandle=true isOccludeAnimationPlaying=false
07-28 04:57:09.173  3448  5312 I InputDispatcher: injectInputEvent: targetUid=<not set>, syncMode=WAIT_FOR_FINISHED, timeout=30000ms, policyFlags=0x8000000, event=MotionEvent { action=MOVE, id[0]=0, x[0]=900, y[0]=850.833, eventTime=57797000000, downTime=57672000000, deviceId=4, source=TOUCHSCREEN, displayId=0, eventId=0xd17f49a2}
07-28 04:57:09.173  4886  4886 I SystemUi--Keyguard: ScrimControllerExImp-->blur State to UNLOCK, bouncer=false changeFromBouncerScrim= false runnerUnlock= false goingAway=false hasHandle=true isOccludeAnimationPlaying=false
07-28 04:57:09.173  4886  4886 I SystemUi--Keyguard: ScrimControllerExImp-->blur State to UNLOCK, bouncer=false changeFromBouncerScrim= false runnerUnlock= false goingAway=false hasHandle=true isOccludeAnimationPlaying=false
07-28 04:57:09.173  4886  4886 I SystemUi--QuickSettings: QSPanelAnimatorManager-->showSecondElement
07-28 04:57:09.181  1932  2005 I SnapAlloc: Using graphics libs for alignment calculations
07-28 04:57:09.181  4886  4886 I SystemUi--Keyguard: ScrimControllerExImp-->blur State to UNLOCK, bouncer=false changeFromBouncerScrim= false runnerUnlock= false goingAway=false hasHandle=true isOccludeAnimationPlaying=false
07-28 04:57:09.181  3448  5312 I InputDispatcher: injectInputEvent: targetUid=<not set>, syncMode=WAIT_FOR_FINISHED, timeout=30000ms, policyFlags=0x8000000, event=MotionEvent { action=MOVE, id[0]=0, x[0]=900, y[0]=903.366, eventTime=57805000000, downTime=57672000000, deviceId=4, source=TOUCHSCREEN, displayId=0, eventId=0xefe4ee1b}
07-28 04:57:09.182  4886  5396 I SystemUi--Statusbar: PrivacyDotViewController-->processNextViewState: 
07-28 04:57:09.182  4886  5396 I SystemUi--Statusbar: PrivacyDotViewController-->resolveState ViewState(viewInitialized=true, systemPrivacyEventIsActive=false, shadeExpanded=true, needShow=false, portraitRect=Rect(0, 0 - 1080, 120), landscapeRect=Rect(120, 0 - 2376, 120), upsideDownRect=Rect(0, 0 - 1080, 120), seascapeRect=Rect(0, 0 - 2244, 120), layoutRtl=false, rotation=0, paddingTop=14, paddingBottom=15, cornerIndex=1, designatedCorner=android.widget.FrameLayout{d1c35ab I.E...... ......ID 1032,0-1080,120 #7f0a09cd app:id/privacy_dot_top_right_container alpha=1.0 viewInfo = }, contentDescription=null, dotMargin=48)
07-28 04:57:09.182  4886  4886 I SystemUi--Keyguard: ScrimControllerExImp-->blur State to UNLOCK, bouncer=false changeFromBouncerScrim= false runnerUnlock= false goingAway=false hasHandle=true isOccludeAnimationPlaying=false
07-28 04:57:09.190  4886  4886 I SystemUi--Keyguard: ScrimControllerExImp-->blur State to UNLOCK, bouncer=false changeFromBouncerScrim= false runnerUnlock= false goingAway=false hasHandle=true isOccludeAnimationPlaying=false
07-28 04:57:09.190  3448  5312 I InputDispatcher: injectInputEvent: targetUid=<not set>, syncMode=WAIT_FOR_FINISHED, timeout=30000ms, policyFlags=0x8000000, event=MotionEvent { action=MOVE, id[0]=0, x[0]=900, y[0]=962.467, eventTime=57814000000, downTime=57672000000, deviceId=4, source=TOUCHSCREEN, displayId=0, eventId=0xed735ee7}
07-28 04:57:09.190  4886  4886 I SystemUi--Keyguard: ScrimControllerExImp-->blur State to UNLOCK, bouncer=false changeFromBouncerScrim= false runnerUnlock= false goingAway=false hasHandle=true isOccludeAnimationPlaying=false
07-28 04:57:09.198  1932  2005 I SnapAlloc: Using graphics libs for alignment calculations
07-28 04:57:09.198  4886  4886 I SystemUi--Keyguard: ScrimControllerExImp-->blur State to UNLOCK, bouncer=false changeFromBouncerScrim= false runnerUnlock= false goingAway=false hasHandle=true isOccludeAnimationPlaying=false
07-28 04:57:09.198  3448  5312 I InputDispatcher: injectInputEvent: targetUid=<not set>, syncMode=WAIT_FOR_FINISHED, timeout=30000ms, policyFlags=0x8000000, event=MotionEvent { action=MOVE, id[0]=0, x[0]=900, y[0]=1015, eventTime=57822000000, downTime=57672000000, deviceId=4, source=TOUCHSCREEN, displayId=0, eventId=0xf5d1e7d0}
07-28 04:57:09.199  4886  4886 I SystemUi--Keyguard: ScrimControllerExImp-->blur State to UNLOCK, bouncer=false changeFromBouncerScrim= false runnerUnlock= false goingAway=false hasHandle=true isOccludeAnimationPlaying=false
07-28 04:57:09.207  4886  4886 I SystemUi--Keyguard: ScrimControllerExImp-->blur State to UNLOCK, bouncer=false changeFromBouncerScrim= false runnerUnlock= false goingAway=false hasHandle=true isOccludeAnimationPlaying=false
07-28 04:57:09.207  3448  5312 I InputDispatcher: injectInputEvent: targetUid=<not set>, syncMode=WAIT_FOR_FINISHED, timeout=30000ms, policyFlags=0x8000000, event=MotionEvent { action=MOVE, id[0]=0, x[0]=900, y[0]=1074.1, eventTime=57831000000, downTime=57672000000, deviceId=4, source=TOUCHSCREEN, displayId=0, eventId=0xc30020cd}
07-28 04:57:09.207  4886  4886 I SystemUi--Keyguard: ScrimControllerExImp-->blur State to UNLOCK, bouncer=false changeFromBouncerScrim= false runnerUnlock= false goingAway=false hasHandle=true isOccludeAnimationPlaying=false
07-28 04:57:09.215  1932  2005 I SnapAlloc: Using graphics libs for alignment calculations
07-28 04:57:09.215  4886  4886 I SystemUi--Keyguard: ScrimControllerExImp-->blur State to UNLOCK, bouncer=false changeFromBouncerScrim= false runnerUnlock= false goingAway=false hasHandle=true isOccludeAnimationPlaying=false
07-28 04:57:09.215  3448  5312 I InputDispatcher: injectInputEvent: targetUid=<not set>, syncMode=WAIT_FOR_FINISHED, timeout=30000ms, policyFlags=0x8000000, event=MotionEvent { action=MOVE, id[0]=0, x[0]=900, y[0]=1126.63, eventTime=57839000000, downTime=57672000000, deviceId=4, source=TOUCHSCREEN, displayId=0, eventId=0xdeca212e}
07-28 04:57:09.216  4886  4886 I SystemUi--Keyguard: ScrimControllerExImp-->blur State to UNLOCK, bouncer=false changeFromBouncerScrim= false runnerUnlock= false goingAway=false hasHandle=true isOccludeAnimationPlaying=false
07-28 04:57:09.223  4886  4886 I SystemUi--Keyguard: ScrimControllerExImp-->blur State to UNLOCK, bouncer=false changeFromBouncerScrim= false runnerUnlock= false goingAway=false hasHandle=true isOccludeAnimationPlaying=false
07-28 04:57:09.223  3448  5312 I InputDispatcher: injectInputEvent: targetUid=<not set>, syncMode=WAIT_FOR_FINISHED, timeout=30000ms, policyFlags=0x8000000, event=MotionEvent { action=MOVE, id[0]=0, x[0]=900, y[0]=1179.17, eventTime=57847000000, downTime=57672000000, deviceId=4, source=TOUCHSCREEN, displayId=0, eventId=0xca72c11a}
07-28 04:57:09.223  4886  4886 I SystemUi--Keyguard: ScrimControllerExImp-->blur State to UNLOCK, bouncer=false changeFromBouncerScrim= false runnerUnlock= false goingAway=false hasHandle=true isOccludeAnimationPlaying=false
07-28 04:57:09.231  1932  2005 I SnapAlloc: Using graphics libs for alignment calculations
07-28 04:57:09.231  4886  4886 I SystemUi--Keyguard: ScrimControllerExImp-->blur State to UNLOCK, bouncer=false changeFromBouncerScrim= false runnerUnlock= false goingAway=false hasHandle=true isOccludeAnimationPlaying=false
07-28 04:57:09.231  3448  5312 I InputDispatcher: injectInputEvent: targetUid=<not set>, syncMode=WAIT_FOR_FINISHED, timeout=30000ms, policyFlags=0x8000000, event=MotionEvent { action=MOVE, id[0]=0, x[0]=900, y[0]=1231.7, eventTime=57855000000, downTime=57672000000, deviceId=4, source=TOUCHSCREEN, displayId=0, eventId=0xf00f6ea5}
07-28 04:57:09.232  4886  4886 I SystemUi--Keyguard: ScrimControllerExImp-->blur State to UNLOCK, bouncer=false changeFromBouncerScrim= false runnerUnlock= false goingAway=false hasHandle=true isOccludeAnimationPlaying=false
07-28 04:57:09.239  4886  4886 I SystemUi--Keyguard: ScrimControllerExImp-->blur State to UNLOCK, bouncer=false changeFromBouncerScrim= false runnerUnlock= false goingAway=false hasHandle=true isOccludeAnimationPlaying=false
07-28 04:57:09.239  3448  5312 I InputDispatcher: injectInputEvent: targetUid=<not set>, syncMode=WAIT_FOR_FINISHED, timeout=30000ms, policyFlags=0x8000000, event=MotionEvent { action=MOVE, id[0]=0, x[0]=900, y[0]=1284.23, eventTime=57863000000, downTime=57672000000, deviceId=4, source=TOUCHSCREEN, displayId=0, eventId=0xd8f1a3ce}
07-28 04:57:09.240  4886  4886 I SystemUi--Keyguard: ScrimControllerExImp-->blur State to UNLOCK, bouncer=false changeFromBouncerScrim= false runnerUnlock= false goingAway=false hasHandle=true isOccludeAnimationPlaying=false
07-28 04:57:09.242  4886  4886 I SystemUi--QuickSettings: QsLottieUtils-->getLottieAnimFile : qs/qs_location_lottie_active_sep_dual_light.json
07-28 04:57:09.243  1851  4488 I sensors-hal: handle_oplus_wise_rgb_event:189, high_pwm_light:lux 2.1,cct 5300.0,brl/algo/ir 78.0/2.0/0.0,pwm/dc 0.0/0.0,rgbc 115.955849/103.016632/43.311783/268.620972,ts 57629930932,cnt 820,flag 156
07-28 04:57:09.244  4886  4886 I SystemUi--QuickSettings: QsLottieUtils-->getLottieAnimFile : qs/qs_nfc_lottie_active_sep_dual_light.json
07-28 04:57:09.244  4886 13000 W LOG_Effective: Effective doesn't support layer effects. If you are using them for  fills, strokes, trim paths etc. then try adding them directly as contents  in your shape. Found: [Slider Control]
07-28 04:57:09.244  1937  4481 I Dpps    : LtmSwState::SetParameter():144 ignore cmd 7 in state LtmOffState
07-28 04:57:09.245  4886 13000 W LOG_Effective: Animation contains merge paths. Merge paths are only supported on KitKat+ and must be manually enabled by calling enableMergePathsForKitKatAndAbove().
07-28 04:57:09.246  4886  5576 D HWUI    : OplusRenderNodeAnimator end!
07-28 04:57:09.246  4886  5576 D HWUI    : OplusRenderNodeAnimator end!
07-28 04:57:09.246  4886  5576 D HWUI    : OplusRenderNodeAnimator end!
07-28 04:57:09.246  4886  5576 D HWUI    : OplusRenderNodeAnimator end!
07-28 04:57:09.246  4886  4886 I SystemUi--Statusbar: CollapsedStatusBarFragmentExImpl-->animateHiddenState onAnimationEnd v:com.oplus.systemui.statusbar.widget.EndSideContentLayout{8faf541 V.E...... ........ 172,0-440,91 #7f0a0c16 app:id/status_bar_end_side_content alpha=1.0 viewInfo = }  v alpha:1.0 v render alpha:0.0 animateAlpha=0.0
07-28 04:57:09.246  4886  4886 I SystemUi--Statusbar: CollapsedStatusBarFragmentExImpl-->animateHiddenState onAnimationEnd v:com.android.keyguard.AlphaOptimizedLinearLayout{c44be47 V.E...... ........ 0,0-48,91 alpha=1.0 viewInfo = }  v alpha:1.0 v render alpha:0.0 animateAlpha=0.0
07-28 04:57:09.246  4886  4886 I SystemUi--Statusbar: CollapsedStatusBarFragmentExImpl-->animateHiddenState onAnimationEnd v:com.oplus.systemui.statusbar.seeding.CapsulePluginContainer{c1cbf3d V.E...... ........ 0,0-1080,120 #7f0a0b3b app:id/seeding_card_container alpha=1.0 viewInfo = }  v alpha:1.0 v render alpha:0.0 animateAlpha=0.0
07-28 04:57:09.246  4886  4886 I SystemUi--Statusbar: CollapsedStatusBarFragmentExImpl-->animateHiddenState onAnimationEnd v:com.oplus.systemui.statusbar.widget.StatClock{7b8eb39 V.ED..... ........ 0,0-137,91 #7f0a02b9 app:id/clock alpha=1.0 viewInfo = }  v alpha:1.0 v render alpha:0.0 animateAlpha=0.0
07-28 04:57:09.248  1932  2005 I SnapAlloc: Using graphics libs for alignment calculations
07-28 04:57:09.248  4886  4886 I SystemUi--Keyguard: ScrimControllerExImp-->blur State to UNLOCK, bouncer=false changeFromBouncerScrim= false runnerUnlock= false goingAway=false hasHandle=true isOccludeAnimationPlaying=false
07-28 04:57:09.248  3448  5312 I InputDispatcher: injectInputEvent: targetUid=<not set>, syncMode=WAIT_FOR_FINISHED, timeout=30000ms, policyFlags=0x8000000, event=MotionEvent { action=MOVE, id[0]=0, x[0]=900, y[0]=1343.33, eventTime=57872000000, downTime=57672000000, deviceId=4, source=TOUCHSCREEN, displayId=0, eventId=0xed7665fc}
07-28 04:57:09.249  4886  4886 I SystemUi--Keyguard: ScrimControllerExImp-->blur State to UNLOCK, bouncer=false changeFromBouncerScrim= false runnerUnlock= false goingAway=false hasHandle=true isOccludeAnimationPlaying=false
07-28 04:57:09.249  3448  3801 D PowerManagerService: userActivityNoUpdateLocked: groupId=0, eventTime=57872, event=touch, flags=0x0, uid=1000
07-28 04:57:09.255  4886  4886 W LOG_Effective: Animation contains merge paths but they are disabled.
07-28 04:57:09.256  4886  4886 I SystemUi--Keyguard: ScrimControllerExImp-->blur State to UNLOCK, bouncer=false changeFromBouncerScrim= false runnerUnlock= false goingAway=false hasHandle=true isOccludeAnimationPlaying=false
07-28 04:57:09.256  3448  5312 I InputDispatcher: injectInputEvent: targetUid=<not set>, syncMode=WAIT_FOR_FINISHED, timeout=30000ms, policyFlags=0x8000000, event=MotionEvent { action=MOVE, id[0]=0, x[0]=900, y[0]=1395.87, eventTime=57880000000, downTime=57672000000, deviceId=4, source=TOUCHSCREEN, displayId=0, eventId=0xe954fae7}
07-28 04:57:09.257  4886  4886 I SystemUi--Keyguard: ScrimControllerExImp-->blur State to UNLOCK, bouncer=false changeFromBouncerScrim= false runnerUnlock= false goingAway=false hasHandle=true isOccludeAnimationPlaying=false
07-28 04:57:09.264  1932  2005 I SnapAlloc: Using graphics libs for alignment calculations
07-28 04:57:09.265  3448  5312 I InputDispatcher: injectInputEvent: targetUid=<not set>, syncMode=WAIT_FOR_FINISHED, timeout=30000ms, policyFlags=0x8000000, event=MotionEvent { action=MOVE, id[0]=0, x[0]=900, y[0]=1454.97, eventTime=57889000000, downTime=57672000000, deviceId=4, source=TOUCHSCREEN, displayId=0, eventId=0xdf2fea0f}
07-28 04:57:09.265  4886  4886 I SystemUi--Keyguard: ScrimControllerExImp-->blur State to UNLOCK, bouncer=false changeFromBouncerScrim= false runnerUnlock= false goingAway=false hasHandle=true isOccludeAnimationPlaying=false
07-28 04:57:09.265  4886  4886 I SystemUi--Keyguard: ScrimControllerExImp-->blur State to UNLOCK, bouncer=false changeFromBouncerScrim= false runnerUnlock= false goingAway=false hasHandle=true isOccludeAnimationPlaying=false
07-28 04:57:09.273  3448  5312 I InputDispatcher: injectInputEvent: targetUid=<not set>, syncMode=WAIT_FOR_FINISHED, timeout=30000ms, policyFlags=0x8000000, event=MotionEvent { action=MOVE, id[0]=0, x[0]=900, y[0]=1507.5, eventTime=57897000000, downTime=57672000000, deviceId=4, source=TOUCHSCREEN, displayId=0, eventId=0xfd0e89bc}
07-28 04:57:09.273  4886  4886 I SystemUi--Keyguard: ScrimControllerExImp-->blur State to UNLOCK, bouncer=false changeFromBouncerScrim= false runnerUnlock= false goingAway=false hasHandle=true isOccludeAnimationPlaying=false
07-28 04:57:09.273  4886  4886 I SystemUi--Keyguard: ScrimControllerExImp-->blur State to UNLOCK, bouncer=false changeFromBouncerScrim= false runnerUnlock= false goingAway=false hasHandle=true isOccludeAnimationPlaying=false
07-28 04:57:09.279  2013  2013 D SensorFeature: name=ssc_screenshot_info ,index = 22
07-28 04:57:09.279  2013  2013 D SensorFeature: write 29 bytes:57894376904,57902710237,157,0
07-28 04:57:09.281  1932  2005 I SnapAlloc: Using graphics libs for alignment calculations
07-28 04:57:09.281  4886  4886 I SystemUi--Keyguard: ScrimControllerExImp-->blur State to UNLOCK, bouncer=false changeFromBouncerScrim= false runnerUnlock= false goingAway=false hasHandle=true isOccludeAnimationPlaying=false
07-28 04:57:09.281  3448  5312 I InputDispatcher: injectInputEvent: targetUid=<not set>, syncMode=WAIT_FOR_FINISHED, timeout=30000ms, policyFlags=0x8000000, event=MotionEvent { action=MOVE, id[0]=0, x[0]=900, y[0]=1560.03, eventTime=57905000000, downTime=57672000000, deviceId=4, source=TOUCHSCREEN, displayId=0, eventId=0xca07f6ab}
07-28 04:57:09.281  4886  4886 I SystemUi--Keyguard: ScrimControllerExImp-->blur State to UNLOCK, bouncer=false changeFromBouncerScrim= false runnerUnlock= false goingAway=false hasHandle=true isOccludeAnimationPlaying=false
07-28 04:57:09.289  4886  4886 I SystemUi--Keyguard: ScrimControllerExImp-->blur State to UNLOCK, bouncer=false changeFromBouncerScrim= false runnerUnlock= false goingAway=false hasHandle=true isOccludeAnimationPlaying=false
07-28 04:57:09.289  3448  5312 I InputDispatcher: injectInputEvent: targetUid=<not set>, syncMode=WAIT_FOR_FINISHED, timeout=30000ms, policyFlags=0x8000000, event=MotionEvent { action=MOVE, id[0]=0, x[0]=900, y[0]=1612.57, eventTime=57913000000, downTime=57672000000, deviceId=4, source=TOUCHSCREEN, displayId=0, eventId=0xfc2579c8}
07-28 04:57:09.290  4886  4886 I SystemUi--Keyguard: ScrimControllerExImp-->blur State to UNLOCK, bouncer=false changeFromBouncerScrim= false runnerUnlock= false goingAway=false hasHandle=true isOccludeAnimationPlaying=false
07-28 04:57:09.298  1932  2005 I SnapAlloc: Using graphics libs for alignment calculations
07-28 04:57:09.298  4886  4886 I SystemUi--Keyguard: ScrimControllerExImp-->blur State to UNLOCK, bouncer=false changeFromBouncerScrim= false runnerUnlock= false goingAway=false hasHandle=true isOccludeAnimationPlaying=false
07-28 04:57:09.298  3448  5312 I InputDispatcher: injectInputEvent: targetUid=<not set>, syncMode=WAIT_FOR_FINISHED, timeout=30000ms, policyFlags=0x8000000, event=MotionEvent { action=MOVE, id[0]=0, x[0]=900, y[0]=1671.67, eventTime=57922000000, downTime=57672000000, deviceId=4, source=TOUCHSCREEN, displayId=0, eventId=0xe97cbeac}
07-28 04:57:09.299  4886  4886 I SystemUi--Keyguard: ScrimControllerExImp-->blur State to UNLOCK, bouncer=false changeFromBouncerScrim= false runnerUnlock= false goingAway=false hasHandle=true isOccludeAnimationPlaying=false
07-28 04:57:09.307  3448  5312 I InputDispatcher: injectInputEvent: targetUid=<not set>, syncMode=WAIT_FOR_FINISHED, timeout=30000ms, policyFlags=0x8000000, event=MotionEvent { action=MOVE, id[0]=0, x[0]=900, y[0]=1730.77, eventTime=57931000000, downTime=57672000000, deviceId=4, source=TOUCHSCREEN, displayId=0, eventId=0xcb1f0a27}
07-28 04:57:09.307  4886  4886 I SystemUi--Keyguard: ScrimControllerExImp-->blur State to UNLOCK, bouncer=false changeFromBouncerScrim= false runnerUnlock= false goingAway=false hasHandle=true isOccludeAnimationPlaying=false
07-28 04:57:09.307  4886  4886 I SystemUi--Keyguard: ScrimControllerExImp-->blur State to UNLOCK, bouncer=false changeFromBouncerScrim= false runnerUnlock= false goingAway=false hasHandle=true isOccludeAnimationPlaying=false
07-28 04:57:09.315  1932  2005 I SnapAlloc: Using graphics libs for alignment calculations
07-28 04:57:09.315  4886  4886 I SystemUi--Keyguard: ScrimControllerExImp-->blur State to UNLOCK, bouncer=false changeFromBouncerScrim= false runnerUnlock= false goingAway=false hasHandle=true isOccludeAnimationPlaying=false
07-28 04:57:09.316  4886  4886 I SystemUi--Keyguard: ScrimControllerExImp-->blur State to UNLOCK, bouncer=false changeFromBouncerScrim= false runnerUnlock= false goingAway=false hasHandle=true isOccludeAnimationPlaying=false
07-28 04:57:09.316  3448  5312 I InputDispatcher: injectInputEvent: targetUid=<not set>, syncMode=WAIT_FOR_FINISHED, timeout=30000ms, policyFlags=0x8000000, event=MotionEvent { action=MOVE, id[0]=0, x[0]=900, y[0]=1789.87, eventTime=57940000000, downTime=57672000000, deviceId=4, source=TOUCHSCREEN, displayId=0, eventId=0xf5001963}
07-28 04:57:09.323  3448  5312 I InputDispatcher: injectInputEvent: targetUid=<not set>, syncMode=WAIT_FOR_FINISHED, timeout=30000ms, policyFlags=0x8000000, event=MotionEvent { action=MOVE, id[0]=0, x[0]=900, y[0]=1835.83, eventTime=57947000000, downTime=57672000000, deviceId=4, source=TOUCHSCREEN, displayId=0, eventId=0xed2481fd}
07-28 04:57:09.323  4886  4886 I SystemUi--Keyguard: ScrimControllerExImp-->blur State to UNLOCK, bouncer=false changeFromBouncerScrim= false runnerUnlock= false goingAway=false hasHandle=true isOccludeAnimationPlaying=false
07-28 04:57:09.324  4886  4886 I SystemUi--Keyguard: ScrimControllerExImp-->blur State to UNLOCK, bouncer=false changeFromBouncerScrim= false runnerUnlock= false goingAway=false hasHandle=true isOccludeAnimationPlaying=false
07-28 04:57:09.331  1932  2005 I SnapAlloc: Using graphics libs for alignment calculations
07-28 04:57:09.331  4886  4886 I SystemUi--Keyguard: ScrimControllerExImp-->blur State to UNLOCK, bouncer=false changeFromBouncerScrim= false runnerUnlock= false goingAway=false hasHandle=true isOccludeAnimationPlaying=false
07-28 04:57:09.331  3448  5312 I InputDispatcher: injectInputEvent: targetUid=<not set>, syncMode=WAIT_FOR_FINISHED, timeout=30000ms, policyFlags=0x8000000, event=MotionEvent { action=MOVE, id[0]=0, x[0]=900, y[0]=1888.37, eventTime=57955000000, downTime=57672000000, deviceId=4, source=TOUCHSCREEN, displayId=0, eventId=0xf6662aa7}
07-28 04:57:09.332  4886  4886 I SystemUi--Keyguard: ScrimControllerExImp-->blur State to UNLOCK, bouncer=false changeFromBouncerScrim= false runnerUnlock= false goingAway=false hasHandle=true isOccludeAnimationPlaying=false
07-28 04:57:09.339  3448  5312 I InputDispatcher: injectInputEvent: targetUid=<not set>, syncMode=WAIT_FOR_FINISHED, timeout=30000ms, policyFlags=0x8000000, event=MotionEvent { action=MOVE, id[0]=0, x[0]=900, y[0]=1940.9, eventTime=57963000000, downTime=57672000000, deviceId=4, source=TOUCHSCREEN, displayId=0, eventId=0xebce693d}
07-28 04:57:09.339  4886  4886 I SystemUi--Keyguard: ScrimControllerExImp-->blur State to UNLOCK, bouncer=false changeFromBouncerScrim= false runnerUnlock= false goingAway=false hasHandle=true isOccludeAnimationPlaying=false
07-28 04:57:09.340  4886  4886 I SystemUi--Keyguard: ScrimControllerExImp-->blur State to UNLOCK, bouncer=false changeFromBouncerScrim= false runnerUnlock= false goingAway=false hasHandle=true isOccludeAnimationPlaying=false
07-28 04:57:09.348  1932  2005 I SnapAlloc: Using graphics libs for alignment calculations
07-28 04:57:09.349  4886  4886 I SystemUi--Keyguard: ScrimControllerExImp-->blur State to UNLOCK, bouncer=false changeFromBouncerScrim= false runnerUnlock= false goingAway=false hasHandle=true isOccludeAnimationPlaying=false
07-28 04:57:09.349  3448  5312 I InputDispatcher: injectInputEvent: targetUid=<not set>, syncMode=WAIT_FOR_FINISHED, timeout=30000ms, policyFlags=0x8000000, event=MotionEvent { action=UP, id[0]=0, x[0]=900, y[0]=2000, eventTime=57973000000, downTime=57672000000, deviceId=4, source=TOUCHSCREEN, displayId=0, eventId=0xef50f322}
07-28 04:57:09.350  4886  4886 I SystemUi--Keyguard: ScrimControllerExImp-->blur State to UNLOCK, bouncer=false changeFromBouncerScrim= false runnerUnlock= false goingAway=false hasHandle=true isOccludeAnimationPlaying=false
07-28 04:57:09.350  3448  4842 D UAH-UahAdaptHelper: adaptSetNotification identity = OplusUAwareInputHelpersrc = 1000 , type 1 ,p1 = -1 ,p2 = -1 ,p3 = -1 ,p4 =
07-28 04:57:09.350  3448  4842 I [UAH_CLIENT]: uahRuleCtl, ruleId:1000, status:1
07-28 04:57:09.350  3448  4456 D OplusViewDebugManager: OplusViewDebugManager Constructor android.view.debug.OplusViewDebugManager@8b1380 [mHasViewDebugProperty true] [mHasMsgDebugProperty false] [DEBUG false] [EXTRAINFOENABLE false] [LIGHT_OS false]
07-28 04:57:09.350  3448  4456 D OplusViewDebugManager: OplusViewDebugManager Constructor android.view.debug.OplusViewDebugManager@287db9 [mHasViewDebugProperty true] [mHasMsgDebugProperty false] [DEBUG false] [EXTRAINFOENABLE false] [LIGHT_OS false]
07-28 04:57:09.351  3448  4842 I [UAH_CLIENT]: UahRelease, handle:39
07-28 04:57:09.351  3448  3801 D PowerManagerService: userActivityNoUpdateLocked: groupId=0, eventTime=57973, event=touch, flags=0x0, uid=1000
07-28 04:57:09.351  3448  4842 I [UAH_CLIENT]: UahEventAcquire, cmdid:6, pkg:none, identity:OplusUAwareInputHelper
07-28 04:57:09.353  4886  4886 I SystemUi--Statusbar: OplusStatusBarWindowViewTouchExImpl-->onTouchEvent handled:false
07-28 04:57:09.353  4886  4886 I SystemUi--QuickSettings: OplusPanelViewPagerController-->reset
07-28 04:57:09.353  4886  4886 I SystemUi--QuickSettings: OplusPanelViewPagerController-->reset
07-28 04:57:09.353  4886  4886 I SystemUi--QuickSettings: OplusQSRootViewController-->endMotionEvent, expand: true, vel: 6566.6504, vectorVel: 6566.6504  isClosing=false panelClosedOnDown=true canSlideHToQSOnStatusBar=true
07-28 04:57:09.353  4886  4886 I SystemUi--QuickSettings: OplusQSRootViewController-->fling qs, expand: true, vel: 6566.6504
07-28 04:57:09.353  4886  4886 I SystemUi--QuickSettings: QSPanelExpandFraction-->animateExpanded, isExpanded=true, (0.96446884 -> 1.0), lastFinalPosition=1.0
07-28 04:57:09.353  4886  4886 I SystemUi--QuickSettings: QSPanelTranslationY-->animateExpandTranslationY, isExpanded=true, threshold=156.0
07-28 04:57:09.353  4886  4886 I SystemUi--QuickSettings: QSPanelAnimatorManager-->startRebound
07-28 04:57:09.353  4886  6088 I [UAH_CLIENT]: UahRelease, handle:38
07-28 04:57:09.354  4886  4886 I SystemUi--QuickSettings: OplusPanelViewPagerController-->notifySeparateQSEndMotionEvent currentNotifyFraction=0.0  fraction=0.96446884 notifyExpandedFraction=0.0 fractionListeners.size=0
07-28 04:57:09.354  4886  4886 I SystemUi--QuickSettings: OplusQSRootViewController-->resetTouch
07-28 04:57:09.354  4886  4886 D OplusViewDragTouchViewHelper: dispatchTouchView action = 1
07-28 04:57:09.354  4886  6088 I [UAH_CLIENT]: UahEventAcquire, cmdid:97, pkg:none, identity:OsenseHelperImpl
07-28 04:57:09.354  4886  4886 D OplusViewDragTouchViewHelper: dispatchTouchView action = 1
07-28 04:57:09.354  4886  4886 D OplusViewDragTouchViewHelper: dispatchTouchView action = 1
07-28 04:57:09.356  4886  4886 I SystemUi--Keyguard: ScrimControllerExImp-->blur State to UNLOCK, bouncer=false changeFromBouncerScrim= false runnerUnlock= false goingAway=false hasHandle=true isOccludeAnimationPlaying=false
07-28 04:57:09.357  4886  4886 I SystemUi--Keyguard: ScrimControllerExImp-->blur State to UNLOCK, bouncer=false changeFromBouncerScrim= false runnerUnlock= false goingAway=false hasHandle=true isOccludeAnimationPlaying=false
07-28 04:57:09.358  1948  1998 I [UAH_CLIENT]: UahPlatformResAcquire
07-28 04:57:09.359  1948  1998 I [UAH_CLIENT]: UahEventAcquire, cmdid:-3, pkg:1948 6985, identity:qcom-perfd
07-28 04:57:09.359  1948  1998 E PERFHAL-RESOURCEQS: PERFHAL-RESOURCEQS: AddAndApply() 130: Resource with major=18, minor=30 not supported
07-28 04:57:09.359  1948  1998 E PERFHAL-RESOURCEQS: PERFHAL-RESOURCEQS: AddAndApply() 130: Resource with major=18, minor=31 not supported
07-28 04:57:09.364  4886  4886 I SystemUi--Keyguard: ScrimControllerExImp-->blur State to UNLOCK, bouncer=false changeFromBouncerScrim= false runnerUnlock= false goingAway=false hasHandle=true isOccludeAnimationPlaying=false
07-28 04:57:09.364  1932  2005 I SnapAlloc: Using graphics libs for alignment calculations
07-28 04:57:09.364  4886  4886 I SystemUi--Keyguard: ScrimControllerExImp-->blur State to UNLOCK, bouncer=false changeFromBouncerScrim= false runnerUnlock= false goingAway=false hasHandle=true isOccludeAnimationPlaying=false
07-28 04:57:09.372  4886  4886 I SystemUi--Keyguard: ScrimControllerExImp-->blur State to UNLOCK, bouncer=false changeFromBouncerScrim= false runnerUnlock= false goingAway=false hasHandle=true isOccludeAnimationPlaying=false
07-28 04:57:09.373  4886  4886 I SystemUi--Keyguard: ScrimControllerExImp-->blur State to UNLOCK, bouncer=false changeFromBouncerScrim= false runnerUnlock= false goingAway=false hasHandle=true isOccludeAnimationPlaying=false
07-28 04:57:09.380  4886  4886 I SystemUi--Keyguard: ScrimControllerExImp-->blur State to UNLOCK, bouncer=false changeFromBouncerScrim= false runnerUnlock= false goingAway=false hasHandle=true isOccludeAnimationPlaying=false
07-28 04:57:09.381  1932  2005 I SnapAlloc: Using graphics libs for alignment calculations
07-28 04:57:09.381  4886  4886 I SystemUi--Keyguard: ScrimControllerExImp-->blur State to UNLOCK, bouncer=false changeFromBouncerScrim= false runnerUnlock= false goingAway=false hasHandle=true isOccludeAnimationPlaying=false
07-28 04:57:09.389  4886  4886 I SystemUi--Keyguard: ScrimControllerExImp-->blur State to UNLOCK, bouncer=false changeFromBouncerScrim= false runnerUnlock= false goingAway=false hasHandle=true isOccludeAnimationPlaying=false
07-28 04:57:09.389  4886  4886 I SystemUi--Keyguard: ScrimControllerExImp-->blur State to UNLOCK, bouncer=false changeFromBouncerScrim= false runnerUnlock= false goingAway=false hasHandle=true isOccludeAnimationPlaying=false
07-28 04:57:09.397  4886  4886 I SystemUi--Keyguard: ScrimControllerExImp-->blur State to UNLOCK, bouncer=false changeFromBouncerScrim= false runnerUnlock= false goingAway=false hasHandle=true isOccludeAnimationPlaying=false
07-28 04:57:09.397  1932  2005 I SnapAlloc: Using graphics libs for alignment calculations
07-28 04:57:09.398  4886  4886 I SystemUi--Keyguard: ScrimControllerExImp-->blur State to UNLOCK, bouncer=false changeFromBouncerScrim= false runnerUnlock= false goingAway=false hasHandle=true isOccludeAnimationPlaying=false
07-28 04:57:09.405  4886  4886 I SystemUi--Keyguard: ScrimControllerExImp-->blur State to UNLOCK, bouncer=false changeFromBouncerScrim= false runnerUnlock= false goingAway=false hasHandle=true isOccludeAnimationPlaying=false
07-28 04:57:09.406  4886  4886 I SystemUi--Keyguard: ScrimControllerExImp-->blur State to UNLOCK, bouncer=false changeFromBouncerScrim= false runnerUnlock= false goingAway=false hasHandle=true isOccludeAnimationPlaying=false
07-28 04:57:09.414  4886  4886 I SystemUi--Keyguard: ScrimControllerExImp-->blur State to UNLOCK, bouncer=false changeFromBouncerScrim= false runnerUnlock= false goingAway=false hasHandle=true isOccludeAnimationPlaying=false
07-28 04:57:09.414  1932  2005 I SnapAlloc: Using graphics libs for alignment calculations
07-28 04:57:09.414  4886  4886 I SystemUi--Keyguard: ScrimControllerExImp-->blur State to UNLOCK, bouncer=false changeFromBouncerScrim= false runnerUnlock= false goingAway=false hasHandle=true isOccludeAnimationPlaying=false
07-28 04:57:09.422  4886  4886 I SystemUi--Keyguard: ScrimControllerExImp-->blur State to UNLOCK, bouncer=false changeFromBouncerScrim= false runnerUnlock= false goingAway=false hasHandle=true isOccludeAnimationPlaying=false
07-28 04:57:09.422  4886  4886 I SystemUi--Keyguard: ScrimControllerExImp-->blur State to UNLOCK, bouncer=false changeFromBouncerScrim= false runnerUnlock= false goingAway=false hasHandle=true isOccludeAnimationPlaying=false
07-28 04:57:09.430  4886  4886 I SystemUi--Keyguard: ScrimControllerExImp-->blur State to UNLOCK, bouncer=false changeFromBouncerScrim= false runnerUnlock= false goingAway=false hasHandle=true isOccludeAnimationPlaying=false
07-28 04:57:09.431  1932  2005 I SnapAlloc: Using graphics libs for alignment calculations
07-28 04:57:09.431  4886  4886 I SystemUi--Keyguard: ScrimControllerExImp-->blur State to UNLOCK, bouncer=false changeFromBouncerScrim= false runnerUnlock= false goingAway=false hasHandle=true isOccludeAnimationPlaying=false
07-28 04:57:09.439  4886  4886 I SystemUi--Keyguard: ScrimControllerExImp-->blur State to UNLOCK, bouncer=false changeFromBouncerScrim= false runnerUnlock= false goingAway=false hasHandle=true isOccludeAnimationPlaying=false
07-28 04:57:09.439  4886  4886 I SystemUi--Keyguard: ScrimControllerExImp-->blur State to UNLOCK, bouncer=false changeFromBouncerScrim= false runnerUnlock= false goingAway=false hasHandle=true isOccludeAnimationPlaying=false
07-28 04:57:09.447  4886  4886 I SystemUi--Keyguard: ScrimControllerExImp-->blur State to UNLOCK, bouncer=false changeFromBouncerScrim= false runnerUnlock= false goingAway=false hasHandle=true isOccludeAnimationPlaying=false
07-28 04:57:09.447  1932  2005 I SnapAlloc: Using graphics libs for alignment calculations
07-28 04:57:09.448  4886  4886 I SystemUi--Keyguard: ScrimControllerExImp-->blur State to UNLOCK, bouncer=false changeFromBouncerScrim= false runnerUnlock= false goingAway=false hasHandle=true isOccludeAnimationPlaying=false
07-28 04:57:09.455  4886  4886 I SystemUi--Keyguard: ScrimControllerExImp-->blur State to UNLOCK, bouncer=false changeFromBouncerScrim= false runnerUnlock= false goingAway=false hasHandle=true isOccludeAnimationPlaying=false
07-28 04:57:09.456  4886  4886 I SystemUi--Keyguard: ScrimControllerExImp-->blur State to UNLOCK, bouncer=false changeFromBouncerScrim= false runnerUnlock= false goingAway=false hasHandle=true isOccludeAnimationPlaying=false
07-28 04:57:09.464  4886  4886 I SystemUi--Keyguard: ScrimControllerExImp-->blur State to UNLOCK, bouncer=false changeFromBouncerScrim= false runnerUnlock= false goingAway=false hasHandle=true isOccludeAnimationPlaying=false
07-28 04:57:09.464  1932  2005 I SnapAlloc: Using graphics libs for alignment calculations
07-28 04:57:09.464  4886  4886 I SystemUi--Keyguard: ScrimControllerExImp-->blur State to UNLOCK, bouncer=false changeFromBouncerScrim= false runnerUnlock= false goingAway=false hasHandle=true isOccludeAnimationPlaying=false
07-28 04:57:09.472  4886  4886 I SystemUi--Keyguard: ScrimControllerExImp-->blur State to UNLOCK, bouncer=false changeFromBouncerScrim= false runnerUnlock= false goingAway=false hasHandle=true isOccludeAnimationPlaying=false
07-28 04:57:09.473  4886  4886 I SystemUi--Keyguard: ScrimControllerExImp-->blur State to UNLOCK, bouncer=false changeFromBouncerScrim= false runnerUnlock= false goingAway=false hasHandle=true isOccludeAnimationPlaying=false
07-28 04:57:09.476  3448  4436 V AlarmManager: sending alarm Alarm{da215fe type 3 origWhen 39350 whenElapsed 39350 android} uid 1000 whenElapsed 39350 windowLength 18750 maxWhenElapsed 58100 repeatInterval 0 action null component null tag WifiHealthMonitor Schedule Post-Boot Detection Timer flags 0x8 procName system_server
07-28 04:57:09.480  4886  4886 I SystemUi--Keyguard: ScrimControllerExImp-->blur State to UNLOCK, bouncer=false changeFromBouncerScrim= false runnerUnlock= false goingAway=false hasHandle=true isOccludeAnimationPlaying=false
07-28 04:57:09.480  1932  2005 I SnapAlloc: Using graphics libs for alignment calculations
07-28 04:57:09.481  4886  4886 I SystemUi--Keyguard: ScrimControllerExImp-->blur State to UNLOCK, bouncer=false changeFromBouncerScrim= false runnerUnlock= false goingAway=false hasHandle=true isOccludeAnimationPlaying=false
07-28 04:57:09.489  4886  4886 I SystemUi--Keyguard: ScrimControllerExImp-->blur State to UNLOCK, bouncer=false changeFromBouncerScrim= false runnerUnlock= false goingAway=false hasHandle=true isOccludeAnimationPlaying=false
07-28 04:57:09.489  4886  4886 I SystemUi--Keyguard: ScrimControllerExImp-->blur State to UNLOCK, bouncer=false changeFromBouncerScrim= false runnerUnlock= false goingAway=false hasHandle=true isOccludeAnimationPlaying=false
07-28 04:57:09.496  4886  4886 I SystemUi--Keyguard: ScrimControllerExImp-->blur State to UNLOCK, bouncer=false changeFromBouncerScrim= false runnerUnlock= false goingAway=false hasHandle=true isOccludeAnimationPlaying=false
07-28 04:57:09.497  4886  4886 I SystemUi--Keyguard: ScrimControllerExImp-->blur State to UNLOCK, bouncer=false changeFromBouncerScrim= false runnerUnlock= false goingAway=false hasHandle=true isOccludeAnimationPlaying=false
07-28 04:57:09.497  1932  2005 I SnapAlloc: Using graphics libs for alignment calculations
07-28 04:57:09.505  4886  4886 I SystemUi--Keyguard: ScrimControllerExImp-->blur State to UNLOCK, bouncer=false changeFromBouncerScrim= false runnerUnlock= false goingAway=false hasHandle=true isOccludeAnimationPlaying=false
07-28 04:57:09.506  4886  4886 I SystemUi--Keyguard: ScrimControllerExImp-->blur State to UNLOCK, bouncer=false changeFromBouncerScrim= false runnerUnlock= false goingAway=false hasHandle=true isOccludeAnimationPlaying=false
07-28 04:57:09.510  1937  4481 I Dpps    : LtmSwState::SetParameter():144 ignore cmd 7 in state LtmOffState
07-28 04:57:09.513  4886  4886 I SystemUi--Keyguard: ScrimControllerExImp-->blur State to UNLOCK, bouncer=false changeFromBouncerScrim= false runnerUnlock= false goingAway=false hasHandle=true isOccludeAnimationPlaying=false
07-28 04:57:09.514  1932  2005 I SnapAlloc: Using graphics libs for alignment calculations
07-28 04:57:09.514  4886  4886 I SystemUi--Keyguard: ScrimControllerExImp-->blur State to UNLOCK, bouncer=false changeFromBouncerScrim= false runnerUnlock= false goingAway=false hasHandle=true isOccludeAnimationPlaying=false
07-28 04:57:09.521  4886  4886 I SystemUi--Keyguard: ScrimControllerExImp-->blur State to UNLOCK, bouncer=false changeFromBouncerScrim= false runnerUnlock= false goingAway=false hasHandle=true isOccludeAnimationPlaying=false
07-28 04:57:09.522  4886  4886 I SystemUi--Keyguard: ScrimControllerExImp-->blur State to UNLOCK, bouncer=false changeFromBouncerScrim= false runnerUnlock= false goingAway=false hasHandle=true isOccludeAnimationPlaying=false
07-28 04:57:09.530  4886  4886 I SystemUi--Keyguard: ScrimControllerExImp-->blur State to UNLOCK, bouncer=false changeFromBouncerScrim= false runnerUnlock= false goingAway=false hasHandle=true isOccludeAnimationPlaying=false
