07-29 18:53:24.515  8509  9572 E metis_v2_JenaHandlerManager: local thread match [7f0000011753829562597140007377|p_7377_1fc5927@1|p_8509_cdc8e4d@1|com.oplus.metis]
07-29 18:53:24.515  8509  9572 E metis_v2_JenaHandlerManager: local thread match [7f0000011753829562597140007377|p_7377_1fc5927@1|p_8509_cdc8e4d@1|com.oplus.metis]
07-29 18:53:24.515  8509  9572 E metis_v2_JenaHandlerManager: local thread match [7f0000011753829562597140007377|p_7377_1fc5927@1|p_8509_cdc8e4d@1|com.oplus.metis]
07-29 18:53:24.515  8509  9572 E metis_v2_JenaHandlerManager: local thread match [7f0000011753829562597140007377|p_7377_1fc5927@1|p_8509_cdc8e4d@1|com.oplus.metis]
07-29 18:53:24.515  8509  9572 E metis_v2_JenaHandlerManager: local thread match [7f0000011753829562597140007377|p_7377_1fc5927@1|p_8509_cdc8e4d@1|com.oplus.metis]
07-29 18:53:24.515  8509  9572 E metis_v2_JenaHandlerManager: local thread match [7f0000011753829562597140007377|p_7377_1fc5927@1|p_8509_cdc8e4d@1|com.oplus.metis]
07-29 18:53:24.515  8509  9572 E metis_v2_JenaHandlerManager: local thread match [7f0000011753829562597140007377|p_7377_1fc5927@1|p_8509_cdc8e4d@1|com.oplus.metis]
07-29 18:53:24.515  8509  9572 E metis_v2_JenaHandlerManager: local thread match [7f0000011753829562597140007377|p_7377_1fc5927@1|p_8509_cdc8e4d@1|com.oplus.metis]
07-29 18:53:24.515  8509  9572 E metis_v2_JenaHandlerManager: local thread match [7f0000011753829562597140007377|p_7377_1fc5927@1|p_8509_cdc8e4d@1|com.oplus.metis]
07-29 18:53:24.515  8509  9572 E metis_v2_JenaHandlerManager: local thread match [7f0000011753829562597140007377|p_7377_1fc5927@1|p_8509_cdc8e4d@1|com.oplus.metis]
07-29 18:53:24.515  8509  9572 E metis_v2_JenaHandlerManager: local thread match [7f0000011753829562597140007377|p_7377_1fc5927@1|p_8509_cdc8e4d@1|com.oplus.metis]
07-29 18:53:24.515  8509  9572 E metis_v2_JenaHandlerManager: local thread match [7f0000011753829562597140007377|p_7377_1fc5927@1|p_8509_cdc8e4d@1|com.oplus.metis]
07-29 18:53:24.515  8509  9572 E metis_v2_JenaHandlerManager: local thread match [7f0000011753829562597140007377|p_7377_1fc5927@1|p_8509_cdc8e4d@1|com.oplus.metis]
07-29 18:53:24.515  8509  9572 E metis_v2_JenaHandlerManager: local thread match [7f0000011753829562597140007377|p_7377_1fc5927@1|p_8509_cdc8e4d@1|com.oplus.metis]
07-29 18:53:24.515  8509  9572 E metis_v2_JenaHandlerManager: local thread match [7f0000011753829562597140007377|p_7377_1fc5927@1|p_8509_cdc8e4d@1|com.oplus.metis]
07-29 18:53:24.515  8509  9572 E metis_v2_JenaHandlerManager: local thread match [7f0000011753829562597140007377|p_7377_1fc5927@1|p_8509_cdc8e4d@1|com.oplus.metis]
07-29 18:53:24.515  8509  9572 E metis_v2_JenaHandlerManager: local thread match [7f0000011753829562597140007377|p_7377_1fc5927@1|p_8509_cdc8e4d@1|com.oplus.metis]
07-29 18:53:24.515  8509  9572 E metis_v2_JenaHandlerManager: local thread match [7f0000011753829562597140007377|p_7377_1fc5927@1|p_8509_cdc8e4d@1|com.oplus.metis]
07-29 18:53:24.515  8509  9572 E metis_v2_JenaHandlerManager: local thread match [7f0000011753829562597140007377|p_7377_1fc5927@1|p_8509_cdc8e4d@1|com.oplus.metis]
07-29 18:53:24.515  8509  9572 E metis_v2_JenaHandlerManager: local thread match [7f0000011753829562597140007377|p_7377_1fc5927@1|p_8509_cdc8e4d@1|com.oplus.metis]
07-29 18:53:24.515  8509  9572 E metis_v2_JenaHandlerManager: local thread match [7f0000011753829562597140007377|p_7377_1fc5927@1|p_8509_cdc8e4d@1|com.oplus.metis]
07-29 18:53:24.515  8509  9572 E metis_v2_JenaHandlerManager: local thread match [7f0000011753829562597140007377|p_7377_1fc5927@1|p_8509_cdc8e4d@1|com.oplus.metis]
07-29 18:53:24.515  8509  9572 E metis_v2_JenaHandlerManager: local thread match [7f0000011753829562597140007377|p_7377_1fc5927@1|p_8509_cdc8e4d@1|com.oplus.metis]
07-29 18:53:24.515  8509  9572 E metis_v2_JenaHandlerManager: local thread match [7f0000011753829562597140007377|p_7377_1fc5927@1|p_8509_cdc8e4d@1|com.oplus.metis]
07-29 18:53:24.515  8509  9572 E metis_v2_JenaHandlerManager: local thread match [7f0000011753829562597140007377|p_7377_1fc5927@1|p_8509_cdc8e4d@1|com.oplus.metis]
07-29 18:53:24.515  8509  9572 E metis_v2_JenaHandlerManager: local thread match [7f0000011753829562597140007377|p_7377_1fc5927@1|p_8509_cdc8e4d@1|com.oplus.metis]
07-29 18:53:24.515  8509  9572 E metis_v2_JenaHandlerManager: local thread match [7f0000011753829562597140007377|p_7377_1fc5927@1|p_8509_cdc8e4d@1|com.oplus.metis]
07-29 18:53:24.515  8509  9572 E metis_v2_JenaHandlerManager: local thread match [7f0000011753829562597140007377|p_7377_1fc5927@1|p_8509_cdc8e4d@1|com.oplus.metis]
07-29 18:53:24.515  8509  9572 E metis_v2_JenaHandlerManager: local thread match [7f0000011753829562597140007377|p_7377_1fc5927@1|p_8509_cdc8e4d@1|com.oplus.metis]
07-29 18:53:24.515  8509  9572 E metis_v2_JenaHandlerManager: local thread match [7f0000011753829562597140007377|p_7377_1fc5927@1|p_8509_cdc8e4d@1|com.oplus.metis]
07-29 18:53:24.515  8509  9572 E metis_v2_JenaHandlerManager: local thread match [7f0000011753829562597140007377|p_7377_1fc5927@1|p_8509_cdc8e4d@1|com.oplus.metis]
07-29 18:53:24.515  8509  9572 E metis_v2_JenaHandlerManager: local thread match [7f0000011753829562597140007377|p_7377_1fc5927@1|p_8509_cdc8e4d@1|com.oplus.metis]
07-29 18:53:24.515  8509  9572 E metis_v2_JenaHandlerManager: local thread match [7f0000011753829562597140007377|p_7377_1fc5927@1|p_8509_cdc8e4d@1|com.oplus.metis]
07-29 18:53:24.515  8509  9572 E metis_v2_JenaHandlerManager: local thread match [7f0000011753829562597140007377|p_7377_1fc5927@1|p_8509_cdc8e4d@1|com.oplus.metis]
07-29 18:53:24.515  8509  9572 E metis_v2_JenaHandlerManager: local thread match [7f0000011753829562597140007377|p_7377_1fc5927@1|p_8509_cdc8e4d@1|com.oplus.metis]
07-29 18:53:24.515  8509  9572 E metis_v2_JenaHandlerManager: local thread match [7f0000011753829562597140007377|p_7377_1fc5927@1|p_8509_cdc8e4d@1|com.oplus.metis]
07-29 18:53:24.515  8509  9572 E metis_v2_JenaHandlerManager: local thread match [7f0000011753829562597140007377|p_7377_1fc5927@1|p_8509_cdc8e4d@1|com.oplus.metis]
07-29 18:53:24.515  8509  9572 E metis_v2_JenaHandlerManager: local thread match [7f0000011753829562597140007377|p_7377_1fc5927@1|p_8509_cdc8e4d@1|com.oplus.metis]
07-29 18:53:24.515  8509  9572 E metis_v2_JenaHandlerManager: local thread match [7f0000011753829562597140007377|p_7377_1fc5927@1|p_8509_cdc8e4d@1|com.oplus.metis]
07-29 18:53:24.515  8509  9572 E metis_v2_JenaHandlerManager: local thread match [7f0000011753829562597140007377|p_7377_1fc5927@1|p_8509_cdc8e4d@1|com.oplus.metis]
07-29 18:53:24.515  8509  9572 E metis_v2_JenaHandlerManager: local thread match [7f0000011753829562597140007377|p_7377_1fc5927@1|p_8509_cdc8e4d@1|com.oplus.metis]
07-29 18:53:24.515  8509  9572 E metis_v2_JenaHandlerManager: local thread match [7f0000011753829562597140007377|p_7377_1fc5927@1|p_8509_cdc8e4d@1|com.oplus.metis]
07-29 18:53:24.515  8509  9572 E metis_v2_JenaHandlerManager: local thread match [7f0000011753829562597140007377|p_7377_1fc5927@1|p_8509_cdc8e4d@1|com.oplus.metis]
07-29 18:53:24.515  8509  9572 E metis_v2_JenaHandlerManager: local thread match [7f0000011753829562597140007377|p_7377_1fc5927@1|p_8509_cdc8e4d@1|com.oplus.metis]
07-29 18:53:24.515  8509  9572 E metis_v2_JenaHandlerManager: local thread match [7f0000011753829562597140007377|p_7377_1fc5927@1|p_8509_cdc8e4d@1|com.oplus.metis]
07-29 18:53:24.515  8509  9572 E metis_v2_JenaHandlerManager: local thread match [7f0000011753829562597140007377|p_7377_1fc5927@1|p_8509_cdc8e4d@1|com.oplus.metis]
07-29 18:53:24.515  8509  9572 E metis_v2_JenaHandlerManager: local thread match [7f0000011753829562597140007377|p_7377_1fc5927@1|p_8509_cdc8e4d@1|com.oplus.metis]
07-29 18:53:24.515  8509  9572 E metis_v2_JenaHandlerManager: local thread match [7f0000011753829562597140007377|p_7377_1fc5927@1|p_8509_cdc8e4d@1|com.oplus.metis]
07-29 18:53:24.515  8509  9572 E metis_v2_JenaHandlerManager: local thread match [7f0000011753829562597140007377|p_7377_1fc5927@1|p_8509_cdc8e4d@1|com.oplus.metis]
07-29 18:53:24.515  8509  9572 E metis_v2_JenaHandlerManager: local thread match [7f0000011753829562597140007377|p_7377_1fc5927@1|p_8509_cdc8e4d@1|com.oplus.metis]
07-29 18:53:24.515  8509  9572 E metis_v2_JenaHandlerManager: local thread match [7f0000011753829562597140007377|p_7377_1fc5927@1|p_8509_cdc8e4d@1|com.oplus.metis]
07-29 18:53:24.515  8509  9572 E metis_v2_JenaHandlerManager: local thread match [7f0000011753829562597140007377|p_7377_1fc5927@1|p_8509_cdc8e4d@1|com.oplus.metis]
07-29 18:53:24.515  8509  9572 E metis_v2_JenaHandlerManager: local thread match [7f0000011753829562597140007377|p_7377_1fc5927@1|p_8509_cdc8e4d@1|com.oplus.metis]
07-29 18:53:24.515  8509  9572 E metis_v2_JenaHandlerManager: local thread match [7f0000011753829562597140007377|p_7377_1fc5927@1|p_8509_cdc8e4d@1|com.oplus.metis]
07-29 18:53:24.515  8509  9572 E metis_v2_JenaHandlerManager: local thread match [7f0000011753829562597140007377|p_7377_1fc5927@1|p_8509_cdc8e4d@1|com.oplus.metis]
07-29 18:53:24.515  8509  9572 E metis_v2_JenaHandlerManager: local thread match [7f0000011753829562597140007377|p_7377_1fc5927@1|p_8509_cdc8e4d@1|com.oplus.metis]
07-29 18:53:24.515  8509  9572 E metis_v2_JenaHandlerManager: local thread match [7f0000011753829562597140007377|p_7377_1fc5927@1|p_8509_cdc8e4d@1|com.oplus.metis]
07-29 18:53:24.515  8509  9572 E metis_v2_JenaHandlerManager: local thread match [7f0000011753829562597140007377|p_7377_1fc5927@1|p_8509_cdc8e4d@1|com.oplus.metis]
07-29 18:53:24.515  8509  9572 E metis_v2_JenaHandlerManager: local thread match [7f0000011753829562597140007377|p_7377_1fc5927@1|p_8509_cdc8e4d@1|com.oplus.metis]
07-29 18:53:24.515  8509  9572 E metis_v2_JenaHandlerManager: local thread match [7f0000011753829562597140007377|p_7377_1fc5927@1|p_8509_cdc8e4d@1|com.oplus.metis]
07-29 18:53:24.515  8509  9572 E metis_v2_JenaHandlerManager: local thread match [7f0000011753829562597140007377|p_7377_1fc5927@1|p_8509_cdc8e4d@1|com.oplus.metis]
07-29 18:53:24.515  8509  9572 E metis_v2_JenaHandlerManager: local thread match [7f0000011753829562597140007377|p_7377_1fc5927@1|p_8509_cdc8e4d@1|com.oplus.metis]
07-29 18:53:24.515  8509  9572 E metis_v2_JenaHandlerManager: local thread match [7f0000011753829562597140007377|p_7377_1fc5927@1|p_8509_cdc8e4d@1|com.oplus.metis]
07-29 18:53:24.515  8509  9572 E metis_v2_JenaHandlerManager: local thread match [7f0000011753829562597140007377|p_7377_1fc5927@1|p_8509_cdc8e4d@1|com.oplus.metis]
07-29 18:53:24.515  8509  9572 E metis_v2_JenaHandlerManager: local thread match [7f0000011753829562597140007377|p_7377_1fc5927@1|p_8509_cdc8e4d@1|com.oplus.metis]
07-29 18:53:24.515  8509  9572 E metis_v2_JenaHandlerManager: local thread match [7f0000011753829562597140007377|p_7377_1fc5927@1|p_8509_cdc8e4d@1|com.oplus.metis]
07-29 18:53:24.515  8509  9572 E metis_v2_JenaHandlerManager: local thread match [7f0000011753829562597140007377|p_7377_1fc5927@1|p_8509_cdc8e4d@1|com.oplus.metis]
07-29 18:53:24.515  8509  9572 E metis_v2_JenaHandlerManager: local thread match [7f0000011753829562597140007377|p_7377_1fc5927@1|p_8509_cdc8e4d@1|com.oplus.metis]
07-29 18:53:24.515  8509  9572 E metis_v2_JenaHandlerManager: local thread match [7f0000011753829562597140007377|p_7377_1fc5927@1|p_8509_cdc8e4d@1|com.oplus.metis]
07-29 18:53:24.516  8509  9572 E metis_v2_JenaHandlerManager: local thread match [7f0000011753829562597140007377|p_7377_1fc5927@1|p_8509_cdc8e4d@1|com.oplus.metis]
07-29 18:53:24.516  8509  9572 E metis_v2_JenaHandlerManager: local thread match [7f0000011753829562597140007377|p_7377_1fc5927@1|p_8509_cdc8e4d@1|com.oplus.metis]
07-29 18:53:24.516  8509  9572 E metis_v2_JenaHandlerManager: local thread match [7f0000011753829562597140007377|p_7377_1fc5927@1|p_8509_cdc8e4d@1|com.oplus.metis]
07-29 18:53:24.516  8509  9572 E metis_v2_JenaHandlerManager: local thread match [7f0000011753829562597140007377|p_7377_1fc5927@1|p_8509_cdc8e4d@1|com.oplus.metis]
07-29 18:53:24.516  8509  9572 E metis_v2_JenaHandlerManager: local thread match [7f0000011753829562597140007377|p_7377_1fc5927@1|p_8509_cdc8e4d@1|com.oplus.metis]
07-29 18:53:24.516  8509  9572 E metis_v2_JenaHandlerManager: local thread match [7f0000011753829562597140007377|p_7377_1fc5927@1|p_8509_cdc8e4d@1|com.oplus.metis]
07-29 18:53:24.516  8509  9572 E metis_v2_JenaHandlerManager: local thread match [7f0000011753829562597140007377|p_7377_1fc5927@1|p_8509_cdc8e4d@1|com.oplus.metis]
07-29 18:53:24.516  8509  9572 E metis_v2_JenaHandlerManager: local thread match [7f0000011753829562597140007377|p_7377_1fc5927@1|p_8509_cdc8e4d@1|com.oplus.metis]
07-29 18:53:24.516  8509  9572 E metis_v2_JenaHandlerManager: local thread match [7f0000011753829562597140007377|p_7377_1fc5927@1|p_8509_cdc8e4d@1|com.oplus.metis]
07-29 18:53:24.516  8509  9572 E metis_v2_JenaHandlerManager: local thread match [7f0000011753829562597140007377|p_7377_1fc5927@1|p_8509_cdc8e4d@1|com.oplus.metis]
07-29 18:53:24.516  8509  9572 E metis_v2_JenaHandlerManager: local thread match [7f0000011753829562597140007377|p_7377_1fc5927@1|p_8509_cdc8e4d@1|com.oplus.metis]
07-29 18:53:24.516  8509  9572 E metis_v2_JenaHandlerManager: local thread match [7f0000011753829562597140007377|p_7377_1fc5927@1|p_8509_cdc8e4d@1|com.oplus.metis]
07-29 18:53:24.516  8509  9572 E metis_v2_JenaHandlerManager: local thread match [7f0000011753829562597140007377|p_7377_1fc5927@1|p_8509_cdc8e4d@1|com.oplus.metis]
07-29 18:53:24.516  8509  9572 E metis_v2_JenaHandlerManager: local thread match [7f0000011753829562597140007377|p_7377_1fc5927@1|p_8509_cdc8e4d@1|com.oplus.metis]
07-29 18:53:24.516  8509  9572 E metis_v2_JenaHandlerManager: local thread match [7f0000011753829562597140007377|p_7377_1fc5927@1|p_8509_cdc8e4d@1|com.oplus.metis]
07-29 18:53:24.516  8509  9572 E metis_v2_JenaHandlerManager: local thread match [7f0000011753829562597140007377|p_7377_1fc5927@1|p_8509_cdc8e4d@1|com.oplus.metis]
07-29 18:53:24.516  8509  9572 E metis_v2_JenaHandlerManager: local thread match [7f0000011753829562597140007377|p_7377_1fc5927@1|p_8509_cdc8e4d@1|com.oplus.metis]
07-29 18:53:24.516  8509  9572 E metis_v2_JenaHandlerManager: local thread match [7f0000011753829562597140007377|p_7377_1fc5927@1|p_8509_cdc8e4d@1|com.oplus.metis]
07-29 18:53:24.516  8509  9572 E metis_v2_JenaHandlerManager: local thread match [7f0000011753829562597140007377|p_7377_1fc5927@1|p_8509_cdc8e4d@1|com.oplus.metis]
07-29 18:53:24.516  8509  9572 E metis_v2_JenaHandlerManager: local thread match [7f0000011753829562597140007377|p_7377_1fc5927@1|p_8509_cdc8e4d@1|com.oplus.metis]
07-29 18:53:24.516  8509  9572 E metis_v2_JenaHandlerManager: local thread match [7f0000011753829562597140007377|p_7377_1fc5927@1|p_8509_cdc8e4d@1|com.oplus.metis]
07-29 18:53:24.516  8509  9572 E metis_v2_JenaHandlerManager: local thread match [7f0000011753829562597140007377|p_7377_1fc5927@1|p_8509_cdc8e4d@1|com.oplus.metis]
07-29 18:53:24.516  8509  9572 E metis_v2_JenaHandlerManager: local thread match [7f0000011753829562597140007377|p_7377_1fc5927@1|p_8509_cdc8e4d@1|com.oplus.metis]
07-29 18:53:24.516  8509  9572 E metis_v2_JenaHandlerManager: local thread match [7f0000011753829562597140007377|p_7377_1fc5927@1|p_8509_cdc8e4d@1|com.oplus.metis]
07-29 18:53:24.516  8509  9572 E metis_v2_JenaHandlerManager: local thread match [7f0000011753829562597140007377|p_7377_1fc5927@1|p_8509_cdc8e4d@1|com.oplus.metis]
07-29 18:53:24.516  8509  9572 E metis_v2_JenaHandlerManager: local thread match [7f0000011753829562597140007377|p_7377_1fc5927@1|p_8509_cdc8e4d@1|com.oplus.metis]
07-29 18:53:24.516  8509  9572 E metis_v2_JenaHandlerManager: local thread match [7f0000011753829562597140007377|p_7377_1fc5927@1|p_8509_cdc8e4d@1|com.oplus.metis]
07-29 18:53:24.516  8509  9572 E metis_v2_JenaHandlerManager: local thread match [7f0000011753829562597140007377|p_7377_1fc5927@1|p_8509_cdc8e4d@1|com.oplus.metis]
07-29 18:53:24.516  8509  9572 E metis_v2_JenaHandlerManager: local thread match [7f0000011753829562597140007377|p_7377_1fc5927@1|p_8509_cdc8e4d@1|com.oplus.metis]
07-29 18:53:24.516  8509  9572 E metis_v2_JenaHandlerManager: local thread match [7f0000011753829562597140007377|p_7377_1fc5927@1|p_8509_cdc8e4d@1|com.oplus.metis]
07-29 18:53:24.516  8509  9572 E metis_v2_JenaHandlerManager: local thread match [7f0000011753829562597140007377|p_7377_1fc5927@1|p_8509_cdc8e4d@1|com.oplus.metis]
07-29 18:53:24.516  8509  9572 E metis_v2_JenaHandlerManager: local thread match [7f0000011753829562597140007377|p_7377_1fc5927@1|p_8509_cdc8e4d@1|com.oplus.metis]
07-29 18:53:24.516  8509  9572 E metis_v2_JenaHandlerManager: local thread match [7f0000011753829562597140007377|p_7377_1fc5927@1|p_8509_cdc8e4d@1|com.oplus.metis]
07-29 18:53:24.516  8509  9572 E metis_v2_JenaHandlerManager: local thread match [7f0000011753829562597140007377|p_7377_1fc5927@1|p_8509_cdc8e4d@1|com.oplus.metis]
07-29 18:53:24.516  8509  9572 E metis_v2_JenaHandlerManager: local thread match [7f0000011753829562597140007377|p_7377_1fc5927@1|p_8509_cdc8e4d@1|com.oplus.metis]
07-29 18:53:24.516  8509  9572 E metis_v2_JenaHandlerManager: local thread match [7f0000011753829562597140007377|p_7377_1fc5927@1|p_8509_cdc8e4d@1|com.oplus.metis]
07-29 18:53:24.516  8509  9572 E metis_v2_JenaHandlerManager: local thread match [7f0000011753829562597140007377|p_7377_1fc5927@1|p_8509_cdc8e4d@1|com.oplus.metis]
07-29 18:53:24.516  8509  9572 E metis_v2_JenaHandlerManager: local thread match [7f0000011753829562597140007377|p_7377_1fc5927@1|p_8509_cdc8e4d@1|com.oplus.metis]
07-29 18:53:24.516  8509  9572 E metis_v2_JenaHandlerManager: local thread match [7f0000011753829562597140007377|p_7377_1fc5927@1|p_8509_cdc8e4d@1|com.oplus.metis]
07-29 18:53:24.516  8509  9572 E metis_v2_JenaHandlerManager: local thread match [7f0000011753829562597140007377|p_7377_1fc5927@1|p_8509_cdc8e4d@1|com.oplus.metis]
07-29 18:53:24.516  8509  9572 E metis_v2_JenaHandlerManager: local thread match [7f0000011753829562597140007377|p_7377_1fc5927@1|p_8509_cdc8e4d@1|com.oplus.metis]
07-29 18:53:24.516  8509  9572 E metis_v2_JenaHandlerManager: local thread match [7f0000011753829562597140007377|p_7377_1fc5927@1|p_8509_cdc8e4d@1|com.oplus.metis]
07-29 18:53:24.516  8509  9572 E metis_v2_JenaHandlerManager: local thread match [7f0000011753829562597140007377|p_7377_1fc5927@1|p_8509_cdc8e4d@1|com.oplus.metis]
07-29 18:53:24.516  8509  9572 E metis_v2_JenaHandlerManager: local thread match [7f0000011753829562597140007377|p_7377_1fc5927@1|p_8509_cdc8e4d@1|com.oplus.metis]
07-29 18:53:24.516  8509  9572 E metis_v2_JenaHandlerManager: local thread match [7f0000011753829562597140007377|p_7377_1fc5927@1|p_8509_cdc8e4d@1|com.oplus.metis]
07-29 18:53:24.516  8509  9572 E metis_v2_JenaHandlerManager: local thread match [7f0000011753829562597140007377|p_7377_1fc5927@1|p_8509_cdc8e4d@1|com.oplus.metis]
07-29 18:53:24.516  8509  9572 E metis_v2_JenaHandlerManager: local thread match [7f0000011753829562597140007377|p_7377_1fc5927@1|p_8509_cdc8e4d@1|com.oplus.metis]
07-29 18:53:24.516  8509  9572 E metis_v2_JenaHandlerManager: local thread match [7f0000011753829562597140007377|p_7377_1fc5927@1|p_8509_cdc8e4d@1|com.oplus.metis]
07-29 18:53:24.516  8509  9572 E metis_v2_JenaHandlerManager: local thread match [7f0000011753829562597140007377|p_7377_1fc5927@1|p_8509_cdc8e4d@1|com.oplus.metis]
07-29 18:53:24.516  8509  9572 E metis_v2_JenaHandlerManager: local thread match [7f0000011753829562597140007377|p_7377_1fc5927@1|p_8509_cdc8e4d@1|com.oplus.metis]
07-29 18:53:24.516  8509  9572 E metis_v2_JenaHandlerManager: local thread match [7f0000011753829562597140007377|p_7377_1fc5927@1|p_8509_cdc8e4d@1|com.oplus.metis]
07-29 18:53:24.516  8509  9572 E metis_v2_JenaHandlerManager: local thread match [7f0000011753829562597140007377|p_7377_1fc5927@1|p_8509_cdc8e4d@1|com.oplus.metis]
07-29 18:53:24.516  8509  9572 E metis_v2_JenaHandlerManager: local thread match [7f0000011753829562597140007377|p_7377_1fc5927@1|p_8509_cdc8e4d@1|com.oplus.metis]
07-29 18:53:24.516  8509  9572 E metis_v2_JenaHandlerManager: local thread match [7f0000011753829562597140007377|p_7377_1fc5927@1|p_8509_cdc8e4d@1|com.oplus.metis]
07-29 18:53:24.516  8509  9572 E metis_v2_JenaHandlerManager: local thread match [7f0000011753829562597140007377|p_7377_1fc5927@1|p_8509_cdc8e4d@1|com.oplus.metis]
07-29 18:53:24.516  8509  9572 E metis_v2_JenaHandlerManager: local thread match [7f0000011753829562597140007377|p_7377_1fc5927@1|p_8509_cdc8e4d@1|com.oplus.metis]
07-29 18:53:24.516  8509  9572 E metis_v2_JenaHandlerManager: local thread match [7f0000011753829562597140007377|p_7377_1fc5927@1|p_8509_cdc8e4d@1|com.oplus.metis]
07-29 18:53:24.516  8509  9572 E metis_v2_JenaHandlerManager: local thread match [7f0000011753829562597140007377|p_7377_1fc5927@1|p_8509_cdc8e4d@1|com.oplus.metis]
07-29 18:53:24.516  8509  9572 E metis_v2_JenaHandlerManager: local thread match [7f0000011753829562597140007377|p_7377_1fc5927@1|p_8509_cdc8e4d@1|com.oplus.metis]
07-29 18:53:24.516  8509  9572 E metis_v2_JenaHandlerManager: local thread match [7f0000011753829562597140007377|p_7377_1fc5927@1|p_8509_cdc8e4d@1|com.oplus.metis]
07-29 18:53:24.516  8509  9572 E metis_v2_JenaHandlerManager: local thread match [7f0000011753829562597140007377|p_7377_1fc5927@1|p_8509_cdc8e4d@1|com.oplus.metis]
07-29 18:53:24.516  8509  9572 E metis_v2_JenaHandlerManager: local thread match [7f0000011753829562597140007377|p_7377_1fc5927@1|p_8509_cdc8e4d@1|com.oplus.metis]
07-29 18:53:24.516  8509  9572 E metis_v2_JenaHandlerManager: local thread match [7f0000011753829562597140007377|p_7377_1fc5927@1|p_8509_cdc8e4d@1|com.oplus.metis]
07-29 18:53:24.516  8509  9572 E metis_v2_JenaHandlerManager: local thread match [7f0000011753829562597140007377|p_7377_1fc5927@1|p_8509_cdc8e4d@1|com.oplus.metis]
07-29 18:53:24.516  8509  9572 E metis_v2_JenaHandlerManager: local thread match [7f0000011753829562597140007377|p_7377_1fc5927@1|p_8509_cdc8e4d@1|com.oplus.metis]
07-29 18:53:24.516  8509  9572 E metis_v2_JenaHandlerManager: local thread match [7f0000011753829562597140007377|p_7377_1fc5927@1|p_8509_cdc8e4d@1|com.oplus.metis]
07-29 18:53:24.516  8509  9572 E metis_v2_JenaHandlerManager: local thread match [7f0000011753829562597140007377|p_7377_1fc5927@1|p_8509_cdc8e4d@1|com.oplus.metis]
07-29 18:53:24.516  8509  9572 E metis_v2_JenaHandlerManager: local thread match [7f0000011753829562597140007377|p_7377_1fc5927@1|p_8509_cdc8e4d@1|com.oplus.metis]
07-29 18:53:24.516  8509  9572 E metis_v2_JenaHandlerManager: local thread match [7f0000011753829562597140007377|p_7377_1fc5927@1|p_8509_cdc8e4d@1|com.oplus.metis]
07-29 18:53:24.516  8509  9572 E metis_v2_JenaHandlerManager: local thread match [7f0000011753829562597140007377|p_7377_1fc5927@1|p_8509_cdc8e4d@1|com.oplus.metis]
07-29 18:53:24.516  8509  9572 E metis_v2_JenaHandlerManager: local thread match [7f0000011753829562597140007377|p_7377_1fc5927@1|p_8509_cdc8e4d@1|com.oplus.metis]
07-29 18:53:24.516  8509  9572 E metis_v2_JenaHandlerManager: local thread match [7f0000011753829562597140007377|p_7377_1fc5927@1|p_8509_cdc8e4d@1|com.oplus.metis]
07-29 18:53:24.516  8509  9572 E metis_v2_JenaHandlerManager: local thread match [7f0000011753829562597140007377|p_7377_1fc5927@1|p_8509_cdc8e4d@1|com.oplus.metis]
07-29 18:53:24.516  8509  9572 E metis_v2_JenaHandlerManager: local thread match [7f0000011753829562597140007377|p_7377_1fc5927@1|p_8509_cdc8e4d@1|com.oplus.metis]
07-29 18:53:24.516  8509  9572 E metis_v2_JenaHandlerManager: local thread match [7f0000011753829562597140007377|p_7377_1fc5927@1|p_8509_cdc8e4d@1|com.oplus.metis]
07-29 18:53:24.516  8509  9572 E metis_v2_JenaHandlerManager: local thread match [7f0000011753829562597140007377|p_7377_1fc5927@1|p_8509_cdc8e4d@1|com.oplus.metis]
07-29 18:53:24.516  8509  9572 E metis_v2_JenaHandlerManager: local thread match [7f0000011753829562597140007377|p_7377_1fc5927@1|p_8509_cdc8e4d@1|com.oplus.metis]
07-29 18:53:24.516  8509  9572 E metis_v2_JenaHandlerManager: local thread match [7f0000011753829562597140007377|p_7377_1fc5927@1|p_8509_cdc8e4d@1|com.oplus.metis]
07-29 18:53:24.516  8509  9572 E metis_v2_JenaHandlerManager: local thread match [7f0000011753829562597140007377|p_7377_1fc5927@1|p_8509_cdc8e4d@1|com.oplus.metis]
07-29 18:53:24.516  8509  9572 E metis_v2_JenaHandlerManager: local thread match [7f0000011753829562597140007377|p_7377_1fc5927@1|p_8509_cdc8e4d@1|com.oplus.metis]
07-29 18:53:24.516  8509  9572 E metis_v2_JenaHandlerManager: local thread match [7f0000011753829562597140007377|p_7377_1fc5927@1|p_8509_cdc8e4d@1|com.oplus.metis]
07-29 18:53:24.516  8509  9572 E metis_v2_JenaHandlerManager: local thread match [7f0000011753829562597140007377|p_7377_1fc5927@1|p_8509_cdc8e4d@1|com.oplus.metis]
07-29 18:53:24.516  8509  9572 E metis_v2_JenaHandlerManager: local thread match [7f0000011753829562597140007377|p_7377_1fc5927@1|p_8509_cdc8e4d@1|com.oplus.metis]
07-29 18:53:24.516  8509  9572 E metis_v2_JenaHandlerManager: local thread match [7f0000011753829562597140007377|p_7377_1fc5927@1|p_8509_cdc8e4d@1|com.oplus.metis]
07-29 18:53:24.516  8509  9572 E metis_v2_JenaHandlerManager: local thread match [7f0000011753829562597140007377|p_7377_1fc5927@1|p_8509_cdc8e4d@1|com.oplus.metis]
07-29 18:53:24.516  8509  9572 E metis_v2_JenaHandlerManager: local thread match [7f0000011753829562597140007377|p_7377_1fc5927@1|p_8509_cdc8e4d@1|com.oplus.metis]
07-29 18:53:24.516  8509  9572 E metis_v2_JenaHandlerManager: local thread match [7f0000011753829562597140007377|p_7377_1fc5927@1|p_8509_cdc8e4d@1|com.oplus.metis]
07-29 18:53:24.516  8509  9572 E metis_v2_JenaHandlerManager: local thread match [7f0000011753829562597140007377|p_7377_1fc5927@1|p_8509_cdc8e4d@1|com.oplus.metis]
07-29 18:53:24.516  8509  9572 E metis_v2_JenaHandlerManager: local thread match [7f0000011753829562597140007377|p_7377_1fc5927@1|p_8509_cdc8e4d@1|com.oplus.metis]
07-29 18:53:24.516  8509  9572 E metis_v2_JenaHandlerManager: local thread match [7f0000011753829562597140007377|p_7377_1fc5927@1|p_8509_cdc8e4d@1|com.oplus.metis]
07-29 18:53:24.516  8509  9572 E metis_v2_JenaHandlerManager: local thread match [7f0000011753829562597140007377|p_7377_1fc5927@1|p_8509_cdc8e4d@1|com.oplus.metis]
07-29 18:53:24.516  8509  9572 E metis_v2_JenaHandlerManager: local thread match [7f0000011753829562597140007377|p_7377_1fc5927@1|p_8509_cdc8e4d@1|com.oplus.metis]
07-29 18:53:24.516  8509  9572 E metis_v2_JenaHandlerManager: local thread match [7f0000011753829562597140007377|p_7377_1fc5927@1|p_8509_cdc8e4d@1|com.oplus.metis]
07-29 18:53:24.516  8509  9572 E metis_v2_JenaHandlerManager: local thread match [7f0000011753829562597140007377|p_7377_1fc5927@1|p_8509_cdc8e4d@1|com.oplus.metis]
07-29 18:53:24.516  8509  9572 E metis_v2_JenaHandlerManager: local thread match [7f0000011753829562597140007377|p_7377_1fc5927@1|p_8509_cdc8e4d@1|com.oplus.metis]
07-29 18:53:24.516  8509  9572 E metis_v2_JenaHandlerManager: local thread match [7f0000011753829562597140007377|p_7377_1fc5927@1|p_8509_cdc8e4d@1|com.oplus.metis]
07-29 18:53:24.516  8509  9572 E metis_v2_JenaHandlerManager: local thread match [7f0000011753829562597140007377|p_7377_1fc5927@1|p_8509_cdc8e4d@1|com.oplus.metis]
07-29 18:53:24.516  8509  9572 E metis_v2_JenaHandlerManager: local thread match [7f0000011753829562597140007377|p_7377_1fc5927@1|p_8509_cdc8e4d@1|com.oplus.metis]
07-29 18:53:24.516  8509  9572 E metis_v2_JenaHandlerManager: local thread match [7f0000011753829562597140007377|p_7377_1fc5927@1|p_8509_cdc8e4d@1|com.oplus.metis]
07-29 18:53:24.516  8509  9572 E metis_v2_JenaHandlerManager: local thread match [7f0000011753829562597140007377|p_7377_1fc5927@1|p_8509_cdc8e4d@1|com.oplus.metis]
07-29 18:53:24.516  8509  9572 E metis_v2_JenaHandlerManager: local thread match [7f0000011753829562597140007377|p_7377_1fc5927@1|p_8509_cdc8e4d@1|com.oplus.metis]
07-29 18:53:24.516  8509  9572 E metis_v2_JenaHandlerManager: local thread match [7f0000011753829562597140007377|p_7377_1fc5927@1|p_8509_cdc8e4d@1|com.oplus.metis]
07-29 18:53:24.516  8509  9572 E metis_v2_JenaHandlerManager: local thread match [7f0000011753829562597140007377|p_7377_1fc5927@1|p_8509_cdc8e4d@1|com.oplus.metis]
07-29 18:53:24.516  8509  9572 E metis_v2_JenaHandlerManager: local thread match [7f0000011753829562597140007377|p_7377_1fc5927@1|p_8509_cdc8e4d@1|com.oplus.metis]
07-29 18:53:24.516  8509  9572 E metis_v2_JenaHandlerManager: local thread match [7f0000011753829562597140007377|p_7377_1fc5927@1|p_8509_cdc8e4d@1|com.oplus.metis]
07-29 18:53:24.516  8509  9572 E metis_v2_JenaHandlerManager: local thread match [7f0000011753829562597140007377|p_7377_1fc5927@1|p_8509_cdc8e4d@1|com.oplus.metis]
07-29 18:53:24.516  8509  9572 E metis_v2_JenaHandlerManager: local thread match [7f0000011753829562597140007377|p_7377_1fc5927@1|p_8509_cdc8e4d@1|com.oplus.metis]
07-29 18:53:24.516  8509  9572 E metis_v2_JenaHandlerManager: local thread match [7f0000011753829562597140007377|p_7377_1fc5927@1|p_8509_cdc8e4d@1|com.oplus.metis]
07-29 18:53:24.516  8509  9572 E metis_v2_JenaHandlerManager: local thread match [7f0000011753829562597140007377|p_7377_1fc5927@1|p_8509_cdc8e4d@1|com.oplus.metis]
07-29 18:53:24.516  8509 10439 I DeepThinkerSDK: [APP] UserDomainManager: checkLabelAvailable:{"38":1}
07-29 18:53:24.516  8509  9572 E metis_v2_JenaHandlerManager: local thread match [7f0000011753829562597140007377|p_7377_1fc5927@1|p_8509_cdc8e4d@1|com.oplus.metis]
07-29 18:53:24.516  8509  9572 E metis_v2_JenaHandlerManager: local thread match [7f0000011753829562597140007377|p_7377_1fc5927@1|p_8509_cdc8e4d@1|com.oplus.metis]
07-29 18:53:24.516  8509  9572 E metis_v2_JenaHandlerManager: local thread match [7f0000011753829562597140007377|p_7377_1fc5927@1|p_8509_cdc8e4d@1|com.oplus.metis]
07-29 18:53:24.516  8509  9572 E metis_v2_JenaHandlerManager: local thread match [7f0000011753829562597140007377|p_7377_1fc5927@1|p_8509_cdc8e4d@1|com.oplus.metis]
07-29 18:53:24.516  8509  9572 E metis_v2_JenaHandlerManager: local thread match [7f0000011753829562597140007377|p_7377_1fc5927@1|p_8509_cdc8e4d@1|com.oplus.metis]
07-29 18:53:24.516  8509  9572 E metis_v2_JenaHandlerManager: local thread match [7f0000011753829562597140007377|p_7377_1fc5927@1|p_8509_cdc8e4d@1|com.oplus.metis]
07-29 18:53:24.516  8509  9572 E metis_v2_JenaHandlerManager: local thread match [7f0000011753829562597140007377|p_7377_1fc5927@1|p_8509_cdc8e4d@1|com.oplus.metis]
07-29 18:53:24.516  8509  9572 E metis_v2_JenaHandlerManager: local thread match [7f0000011753829562597140007377|p_7377_1fc5927@1|p_8509_cdc8e4d@1|com.oplus.metis]
07-29 18:53:24.516  8509  9572 E metis_v2_JenaHandlerManager: local thread match [7f0000011753829562597140007377|p_7377_1fc5927@1|p_8509_cdc8e4d@1|com.oplus.metis]
07-29 18:53:24.516  8509  9572 E metis_v2_JenaHandlerManager: local thread match [7f0000011753829562597140007377|p_7377_1fc5927@1|p_8509_cdc8e4d@1|com.oplus.metis]
07-29 18:53:24.516  8509  9572 E metis_v2_JenaHandlerManager: local thread match [7f0000011753829562597140007377|p_7377_1fc5927@1|p_8509_cdc8e4d@1|com.oplus.metis]
07-29 18:53:24.516  8509  9572 E metis_v2_JenaHandlerManager: local thread match [7f0000011753829562597140007377|p_7377_1fc5927@1|p_8509_cdc8e4d@1|com.oplus.metis]
07-29 18:53:24.516  8509  9572 E metis_v2_JenaHandlerManager: local thread match [7f0000011753829562597140007377|p_7377_1fc5927@1|p_8509_cdc8e4d@1|com.oplus.metis]
07-29 18:53:24.516  8509  9572 E metis_v2_JenaHandlerManager: local thread match [7f0000011753829562597140007377|p_7377_1fc5927@1|p_8509_cdc8e4d@1|com.oplus.metis]
07-29 18:53:24.516  8509 10439 I DeepThinkerSDK: [APP] ClientConnection: getDeepThinkerBridge start
07-29 18:53:24.516  8509  9572 E metis_v2_JenaHandlerManager: local thread match [7f0000011753829562597140007377|p_7377_1fc5927@1|p_8509_cdc8e4d@1|com.oplus.metis]
07-29 18:53:24.516  8509 10439 I DeepThinkerSDK: [APP] ClientConnection: getDeepThinkerBridge end
07-29 18:53:24.516  8509  9572 E metis_v2_JenaHandlerManager: local thread match [7f0000011753829562597140007377|p_7377_1fc5927@1|p_8509_cdc8e4d@1|com.oplus.metis]
07-29 18:53:24.516  8509  9572 E metis_v2_JenaHandlerManager: local thread match [7f0000011753829562597140007377|p_7377_1fc5927@1|p_8509_cdc8e4d@1|com.oplus.metis]
07-29 18:53:24.516  8509  9572 E metis_v2_JenaHandlerManager: local thread match [7f0000011753829562597140007377|p_7377_1fc5927@1|p_8509_cdc8e4d@1|com.oplus.metis]
07-29 18:53:24.516  8509 10439 I DeepThinkerSDK: [APP] UserDomainManager: getUserProfileLabel: args:Bundle[{openLabelIdParas=[Bundle[{label_type=1, open_id=38, businessName=metis, targetAppTypeList=[Bundle[{appMinDuration=1800000, id=1, appTypeList=[4], appMinAmount=0}], Bundle[{appMinDuration=1800000, id=2, appTypeList=[5, 9, 16], appMinAmount=0}], Bundle[{appMinDuration=0, id=3, appTypeList=[12], appMinAmount=1}], Bundle[{appMinDuration=0, id=4, appTypeList=[38], appMinAmount=1}], Bundle[{appMinDuration=0, id=5, appTypeList=[35], appMinAmount=1}]]}]]}]
07-29 18:53:24.516  8509  9572 E metis_v2_JenaHandlerManager: local thread match [7f0000011753829562597140007377|p_7377_1fc5927@1|p_8509_cdc8e4d@1|com.oplus.metis]
07-29 18:53:24.516  8509  9572 E metis_v2_JenaHandlerManager: local thread match [7f0000011753829562597140007377|p_7377_1fc5927@1|p_8509_cdc8e4d@1|com.oplus.metis]
07-29 18:53:24.516  8509  9572 E metis_v2_JenaHandlerManager: local thread match [7f0000011753829562597140007377|p_7377_1fc5927@1|p_8509_cdc8e4d@1|com.oplus.metis]
07-29 18:53:24.516  8509  9572 E metis_v2_JenaHandlerManager: local thread match [7f0000011753829562597140007377|p_7377_1fc5927@1|p_8509_cdc8e4d@1|com.oplus.metis]
07-29 18:53:24.516  8509  9572 E metis_v2_JenaHandlerManager: local thread match [7f0000011753829562597140007377|p_7377_1fc5927@1|p_8509_cdc8e4d@1|com.oplus.metis]
07-29 18:53:24.516  8509  9572 E metis_v2_JenaHandlerManager: local thread match [7f0000011753829562597140007377|p_7377_1fc5927@1|p_8509_cdc8e4d@1|com.oplus.metis]
07-29 18:53:24.516  8509  9572 E metis_v2_JenaHandlerManager: local thread match [7f0000011753829562597140007377|p_7377_1fc5927@1|p_8509_cdc8e4d@1|com.oplus.metis]
07-29 18:53:24.525  5286  5647 W [0]DCS  : Common Record event failed. DCS reject event: [appId=107501,logTag=10750101,eventId=metis_scene] . Pls check server config.
07-29 18:53:24.575  2009  2009 D SensorFeature: name=ssc_screenshot_info ,index = 22
07-29 18:53:24.575  2009  2009 D SensorFeature: write 29 bytes:59817177215,60168159871,166,0
07-29 18:53:24.740  3376  3734 W UserAwareMgr: event can not be released, id: 3020, count: 2, releasePid: 4914
07-29 18:53:24.828  1861  4508 I sensors-hal: handle_oplus_wise_rgb_event:189, high_pwm_light:lux 180.4,cct 3570.4,brl/algo/ir 1338.0/2.0/23.2,pwm/dc 0.0/0.0,rgbc 14071.166016/9545.516602/4042.777100/26443.789062,ts 60175153223,cnt 870,flag 166
07-29 18:53:24.828  1945  4490 I Dpps    : LtmSwState::SetParameter():144 ignore cmd 7 in state LtmOffState
07-29 18:53:24.862  3376  3831 D VRR [OPlusSAManager]: updateAutoMinfps with nits: 99.9418, mHistOK true, mAmbientOK true, mCctOK true, mIrOK true, mBrightnessOK true, isPkgOK true, SA min fps: 119
07-29 18:53:24.862  3376  3831 D VRR [OPlusSurfaceFlingerController]: setAutoMode enable: false fakeFrame: false fps: 119
07-29 18:53:24.862  2181  2430 I VRR-[OPlusAdfrUtil]: ADFR try set Auto mode with mode 0 fakeframe 0 min fps 119
07-29 18:53:24.862  2181  2430 D VRR-[OPlusRefreshRateSelector]: OSyncModes add size is 1.
07-29 18:53:24.862  2181  2430 I VRR-[OPlusRefreshRateSelector]: updateAutoMode success, display 0, mode 0, fakeframe 0, min fps: 1
07-29 18:53:24.862  2181  3527 D VRR-[OPlusRefreshRateSelector]: handleSetHWCOSync
07-29 18:53:24.862  2181  3527 D VRR-[OPlusRefreshRateSelector]: OSyncModes remaining size is 0.
07-29 18:53:24.862  2181  3527 D VRR-[OPlusRefreshRateSelector]: SetHWCOSync with 5CC08081
07-29 18:53:24.863  1945  3524 I SDM     : DisplayBuiltIn::SetQSyncMode: VRR + update qsync mode 0 minfps 00C08081
07-29 18:53:24.871  1945  2261 E SDM     : DRMConnector::Perform: Connector 67: Setting Qsync min fps 12615809
07-29 18:53:24.876  2009  2009 D SensorFeature: name=ssc_screenshot_info ,index = 22
07-29 18:53:24.876  2009  2009 D SensorFeature: write 29 bytes:59817177215,60469680496,167,0
07-29 18:53:24.942  1945  2261 I SDM     : DisplayBase::CommitThread: Received idle timeout, panel: cmd, timeout: 70000 us
07-29 18:53:24.945  2032  2053 D BatteryChargeControl: bcc get no support from charging protocol
07-29 18:53:25.074  3244  3244 E OplusTouchDaemon: ts_run_service: shellback temperature updated 35 (35506)
07-29 18:53:25.095  1945  4490 I Dpps    : LtmSwState::SetParameter():144 ignore cmd 7 in state LtmOffState
07-29 18:53:25.178  2009  2009 D SensorFeature: name=ssc_screenshot_info ,index = 22
07-29 18:53:25.178  2009  2009 D SensorFeature: write 29 bytes:59817177215,60770831850,168,0
07-29 18:53:25.247  4914  4914 I SystemUi--QuickSettings: TemporarilyInfoManager-->[animateHide] com.oplus.systemui.qs.base.temporarilyinfo.TemporarilyInfoManager$createViewToParent$1{e861cef VFED..C.. ........ 0,0-1080,228 #7f0a0cb6 app:id/temporarily_info_view alpha=1.0 viewInfo = } start
07-29 18:53:25.359  1861  4508 I sensors-hal: handle_oplus_wise_rgb_event:189, high_pwm_light:lux 180.4,cct 3572.7,brl/algo/ir 1338.0/2.0/23.0,pwm/dc 0.0/0.0,rgbc 14090.477539/9533.818359/4064.417236/26484.693359,ts 60731305515,cnt 880,flag 168
07-29 18:53:25.360  1945  4490 I Dpps    : LtmSwState::SetParameter():144 ignore cmd 7 in state LtmOffState
07-29 18:53:25.364  3376  5106 I OplusHansManager : uid=10157, pkg=com.baidu.input_oppo cannot transition from R to M, importance=input
07-29 18:53:25.443  3376  8205 D CompatChangeReporter: Compat change id reported: 297989574; UID 1000; state: ENABLED
07-29 18:53:25.454  2009  2009 D SensorFeature: name=ssc_screenshot_info ,index = 22
07-29 18:53:25.454  2009  2009 D SensorFeature: write 29 bytes:61030166903,61046833569,169,0
07-29 18:53:25.518  8509 12212 W LOG_FLOWCTRL: ==LOGS OVER PROC QUOTA(300), rows(23) bytes(2557) com.oplus.metis DROPPED==
07-29 18:53:25.518  8509 12212 I LogCacheHelper: cache log scheduled task [base|com.oplus.metis|1.5.5-f48228a]
07-29 18:53:25.518  8509 12212 E metis_v2_JenaHandlerManager_cache: 2025-07-29 18:53:24.516000		9572		local thread match
07-29 18:53:25.518  8509 12212 E metis_v2_JenaHandlerManager_cache: 2025-07-29 18:53:24.516000		9572		local thread match
07-29 18:53:25.518  8509 12212 E metis_v2_JenaHandlerManager_cache: 2025-07-29 18:53:24.516000		9572		local thread match
07-29 18:53:25.518  8509 12212 E metis_v2_JenaHandlerManager_cache: 2025-07-29 18:53:24.516000		9572		local thread match
07-29 18:53:25.518  8509 12212 E metis_v2_JenaHandlerManager_cache: 2025-07-29 18:53:24.516000		9572		local thread match
07-29 18:53:25.518  8509 12212 E metis_v2_JenaHandlerManager_cache: 2025-07-29 18:53:24.516000		9572		local thread match
07-29 18:53:25.518  8509 12212 E metis_v2_JenaHandlerManager_cache: 2025-07-29 18:53:24.516000		9572		local thread match
07-29 18:53:25.518  8509 12212 E metis_v2_JenaHandlerManager_cache: 2025-07-29 18:53:24.516000		9572		local thread match
07-29 18:53:25.518  8509 12212 E metis_v2_JenaHandlerManager_cache: 2025-07-29 18:53:24.516000		9572		local thread match
07-29 18:53:25.518  8509 12212 E metis_v2_JenaHandlerManager_cache: 2025-07-29 18:53:24.516000		9572		local thread match
07-29 18:53:25.518  8509 12212 E metis_v2_JenaHandlerManager_cache: 2025-07-29 18:53:24.516000		9572		local thread match
07-29 18:53:25.518  8509 12212 E metis_v2_JenaHandlerManager_cache: 2025-07-29 18:53:24.516000		9572		local thread match
07-29 18:53:25.518  8509 12212 E metis_v2_JenaHandlerManager_cache: 2025-07-29 18:53:24.516000		9572		local thread match
07-29 18:53:25.518  8509 12212 E metis_v2_JenaHandlerManager_cache: 2025-07-29 18:53:24.516000		9572		local thread match
07-29 18:53:25.518  8509 12212 E metis_v2_JenaHandlerManager_cache: 2025-07-29 18:53:24.516000		9572		local thread match
07-29 18:53:25.518  8509 12212 E metis_v2_JenaHandlerManager_cache: 2025-07-29 18:53:24.516000		9572		local thread match
07-29 18:53:25.518  8509 12212 E metis_v2_JenaHandlerManager_cache: 2025-07-29 18:53:24.516000		9572		local thread match
07-29 18:53:25.519  8509 12212 E metis_v2_JenaHandlerManager_cache: 2025-07-29 18:53:24.516000		9572		local thread match
07-29 18:53:25.519  8509 12212 E metis_v2_JenaHandlerManager_cache: 2025-07-29 18:53:24.516000		9572		local thread match
07-29 18:53:25.519  8509 12212 E metis_v2_JenaHandlerManager_cache: 2025-07-29 18:53:24.516000		9572		local thread match
07-29 18:53:25.519  8509 12212 E metis_v2_JenaHandlerManager_cache: 2025-07-29 18:53:24.517000		9572		local thread match
07-29 18:53:25.519  8509 12212 E metis_v2_JenaHandlerManager_cache: 2025-07-29 18:53:24.517000		9572		local thread match
07-29 18:53:25.519  8509 12212 E metis_v2_JenaHandlerManager_cache: 2025-07-29 18:53:24.517000		9572		local thread match
07-29 18:53:25.519  8509 12212 E metis_v2_JenaHandlerManager_cache: 2025-07-29 18:53:24.517000		9572		local thread match
07-29 18:53:25.519  8509 12212 E metis_v2_JenaHandlerManager_cache: 2025-07-29 18:53:24.517000		9572		local thread match
07-29 18:53:25.519  8509 12212 E metis_v2_JenaHandlerManager_cache: 2025-07-29 18:53:24.517000		9572		local thread match
07-29 18:53:25.519  8509 12212 E metis_v2_JenaHandlerManager_cache: 2025-07-29 18:53:24.517000		9572		local thread match
07-29 18:53:25.519  8509 12212 E metis_v2_JenaHandlerManager_cache: 2025-07-29 18:53:24.517000		9572		local thread match
07-29 18:53:25.519  8509 12212 E metis_v2_JenaHandlerManager_cache: 2025-07-29 18:53:24.517000		9572		local thread match
07-29 18:53:25.519  8509 12212 E metis_v2_JenaHandlerManager_cache: 2025-07-29 18:53:24.517000		9572		local thread match
07-29 18:53:25.519  8509 12212 E metis_v2_JenaHandlerManager_cache: 2025-07-29 18:53:24.517000		9572		local thread match
07-29 18:53:25.519  8509 12212 E metis_v2_JenaHandlerManager_cache: 2025-07-29 18:53:24.517000		9572		local thread match
07-29 18:53:25.519  8509 12212 E metis_v2_JenaHandlerManager_cache: 2025-07-29 18:53:24.517000		9572		local thread match
07-29 18:53:25.519  8509 12212 E metis_v2_JenaHandlerManager_cache: 2025-07-29 18:53:24.517000		9572		local thread match
07-29 18:53:25.519  8509 12212 E metis_v2_JenaHandlerManager_cache: 2025-07-29 18:53:24.517000		9572		local thread match
07-29 18:53:25.519  8509 12212 E metis_v2_JenaHandlerManager_cache: 2025-07-29 18:53:24.517000		9572		local thread match
07-29 18:53:25.519  8509 12212 E metis_v2_JenaHandlerManager_cache: 2025-07-29 18:53:24.517000		9572		local thread match
07-29 18:53:25.519  8509 12212 E metis_v2_JenaHandlerManager_cache: 2025-07-29 18:53:24.517000		9572		local thread match
07-29 18:53:25.519  8509 12212 E metis_v2_JenaHandlerManager_cache: 2025-07-29 18:53:24.517000		9572		local thread match
07-29 18:53:25.520  8509 12212 W metis_v2_DeepThinkerLabelClient_cache: 2025-07-29 18:53:24.517000		10439		getUserProfileLabel null
07-29 18:53:25.520  8509 12212 I ContextAware_DailyStatisticsRecorder_cache: 2025-07-29 18:53:24.517000		10437		Increase context change count: PROCESSOR_SCENE_REORDER_cnt, value: 1
07-29 18:53:25.520  8509 12212 I ContextAware_DailyStatisticsRecorder_cache: 2025-07-29 18:53:24.517000		10437		Increase context change count: PROCESSOR_SCENE_REORDER_ms, value: 3
07-29 18:53:25.520  8509 12212 I ContextAware_SortAlgorithmManager.SceneUtil_cache: 2025-07-29 18:53:24.517000		9556		SortAlgorithmManager.SceneDeduplicationProcessor sceneId 210000000 status 2 intentList size 1 isHome false IntentId: 13151001 policyName DYNAMIC_SUBSTITUTE isFocus false serviceId null type 0 deleteKeynull
07-29 18:53:25.520  8509 12212 I ContextAware_SortAlgorithmManager.SceneUtil_cache:  sceneId 220500200 status 1 intentList size 1 isHome false IntentId: 14111005 policyName SUBSTITUTE_SCENE isFocus false serviceId  type 0 deleteKeynull
07-29 18:53:25.520  8509 12212 I ContextAware_SortAlgorithmManager.SceneUtil_cache:  sceneId 240000000 status 2 intentList size 3 isHome false IntentId: 14111004 policyName CLEAN_UP_STORAGE_SUBSTITUTE isFocus false serviceId null type 0 deleteKeynull IntentId: 18111007 policyName CLEAN_UP_SUBSTITUTE isFocus false serviceId null type 0 deleteKeynull IntentId: 18111008 policyName CLEAN_UP_PLUS_SUBSTITUTE isFocus false serviceId null type 0 deleteKeynull
07-29 18:53:25.520  8509 12212 I ContextAware_DailyStatisticsRecorder_cache: 2025-07-29 18:53:24.517000		10132		Increase context change count: PROCESSOR_SCENE_DEDUPLICATION_cnt, value: 1
07-29 18:53:25.520  8509 12212 I ContextAware_SortAlgorithmManager.DecisionAlgorithmManager_cache: 2025-07-29 18:53:24.517000		9556		getDecisionAlgorithm: dt_sort
07-29 18:53:25.520  8509 12212 I ContextAware_DailyStatisticsRecorder_cache: 2025-07-29 18:53:24.517000		10132		Increase context change count: PROCESSOR_SCENE_DEDUPLICATION_ms, value: 0
07-29 18:53:25.520  8509 12212 I ContextAware_SortAlgorithmManager.DtSort_cache: 2025-07-29 18:53:24.517000		10929		onDecisionAfterRerank, inner algorithm is: internal_dt_sort
07-29 18:53:25.520  8509 12212 I ContextAware_SortAlgorithmManager.DtIntentDataManager_cache: 2025-07-29 18:53:24.517000		10930		getDtIntentList: dtIntents = []
07-29 18:53:25.520  8509 12212 E ContextAware_SortAlgorithmManager.DtInternalSortImpl_cache: 2025-07-29 18:53:24.517000		10930		targetDtList is invalid
07-29 18:53:25.520  8509 12212 I ContextAware_SortAlgorithmManager.SceneIntentReorderProcessor_cache: 2025-07-29 18:53:24.517000		9556		ruleReordering onDecisionAfterRerank, mIntentList:size: 5 13151001 14111005 14111004 18111007 18111008
07-29 18:53:25.520  8509 12212 W ContextAware_IntentSwitchManager_cache: 2025-07-29 18:53:24.518000		9556		subSwitchMap don't contain application_suggestions, set the switch to true as default
07-29 18:53:25.520  8509 12212 I ContextAware_IntentSwitchManager_cache: 2025-07-29 18:53:24.518000		9556		getSubSwitchStatus = {application_suggestions=true}
07-29 18:53:25.520  8509 12212 I ContextAware_SortAlgorithmManager.ReorderProcessor.RuleReRanker_cache: 2025-07-29 18:53:24.518000		9556		sceneIntentRerank sceneFinalScoreMap:{scene rerank, use defaultScore, finalScore:13151001DYNAMIC_SUBSTITUTE=3.12}
07-29 18:53:25.520  8509 12212 I metis_v2_BreenoSwitchSettingObserver_cache: 2025-07-29 18:53:24.518000		9556		panta-sugg-getMasterSwitchStatus from cache:true
07-29 18:53:25.520  8509 12212 I ContextAware_IntentSwitchManager_cache: 2025-07-29 18:53:24.518000		9556		getSubSwitchStatus = {tips=true}
07-29 18:53:25.520  8509 12212 I ContextAware_IntentSwitchManager_cache: 2025-07-29 18:53:24.518000		9556		isExistInSceneInfoActionList pantanalIntentAction = pantanal.intent.system.VIEW_TIPS
07-29 18:53:25.520  8509 12212 I metis_v2_BreenoSwitchSettingObserver_cache: 2025-07-29 18:53:24.518000		9556		panta-sugg-getMasterSwitchStatus from cache:true
07-29 18:53:25.520  8509 12212 I ContextAware_SortAlgorithmManager.ReorderProcessor.RuleReRanker_cache: 2025-07-29 18:53:24.518000		9556		sceneIntentRerank sceneFinalScoreMap:{scene rerank, use defaultScore, finalScore:14111005SUBSTITUTE_SCENE=2.0}
07-29 18:53:25.520  8509 12212 I ContextAware_IntentSwitchManager_cache: 2025-07-29 18:53:24.518000		9556		getSubSwitchStatus = {clear_memory=true}
07-29 18:53:25.520  8509 12212 I ContextAware_IntentSwitchManager_cache: 2025-07-29 18:53:24.518000		9556		isExistInSceneInfoActionList pantanalIntentAction = pantanal.intent.system.CLEAN_UP_STORAGE
07-29 18:53:25.520  8509 12212 I metis_v2_BreenoSwitchSettingObserver_cache: 2025-07-29 18:53:24.518000		9556		panta-sugg-getMasterSwitchStatus from cache:true
07-29 18:53:25.520  8509 12212 I ContextAware_IntentSwitchManager_cache: 2025-07-29 18:53:24.518000		9556		isExistInSceneInfoActionList pantanalIntentAction = pantanal.intent.audio.SUBSTITUTE_RAM_CLEAN_UP
07-29 18:53:25.520  8509 12212 I metis_v2_BreenoSwitchSettingObserver_cache: 2025-07-29 18:53:24.518000		9556		panta-sugg-getMasterSwitchStatus from cache:true
07-29 18:53:25.520  8509 12212 I ContextAware_IntentSwitchManager_cache: 2025-07-29 18:53:24.518000		9556		isExistInSceneInfoActionList pantanalIntentAction = pantanal.intent.audio.SUBSTITUTE_RAM_CLEAN_UP_PLUS
07-29 18:53:25.520  8509 12212 I metis_v2_BreenoSwitchSettingObserver_cache: 2025-07-29 18:53:24.518000		9556		panta-sugg-getMasterSwitchStatus from cache:true
07-29 18:53:25.520  8509 12212 I ContextAware_SortAlgorithmManager.ReorderProcessor.RuleReRanker_cache: 2025-07-29 18:53:24.518000		9556		sceneIntentRerank sceneFinalScoreMap:{scene rerank, use defaultScore, finalScore:14111004CLEAN_UP_STORAGE_SUBSTITUTE=4.06, scene rerank, use defaultScore, finalScore:18111007CLEAN_UP_SUBSTITUTE=4.05, scene rerank, use defaultScore, finalScore:18111008CLEAN_UP_PLUS_SUBSTITUTE=4.02}
07-29 18:53:25.520  8509 12212 I ContextAware_SortAlgorithmManager.SceneIntentReorderProcessor_cache: 2025-07-29 18:53:24.518000		9556		IntentReorder: scene[210000000]rank mIntentList: size: 1 13151001
07-29 18:53:25.520  8509 12212 I ContextAware_SortAlgorithmManager.SceneIntentReorderProcessor_cache: scene[220500200]rank mIntentList: size: 1 14111005
07-29 18:53:25.520  8509 12212 I ContextAware_SortAlgorithmManager.SceneIntentReorderProcessor_cache: scene[240000000]rank mIntentList: size: 3 14111004 18111007 18111008
07-29 18:53:25.520  8509 12212 W ContextAware_SortAlgorithmManager.SceneUtil_cache: 2025-07-29 18:53:24.518000		9556		Drop invalid scene: 220500200
07-29 18:53:25.520  8509 12212 I ContextAware_DailyStatisticsRecorder_cache: 2025-07-29 18:53:24.518000		10231		Increase context change count: PROCESSOR_SCENE_INTENT_REORDER_cnt, value: 1
07-29 18:53:25.520  8509 12212 I ContextAware_DailyStatisticsRecorder_cache: 2025-07-29 18:53:24.518000		10231		Increase context change count: PROCESSOR_SCENE_INTENT_REORDER_ms, value: 1
