07-29 14:13:04.287  1852  4424 W LOCRIL_SESSION: operator():307] cellInfo list size is 0, Voice state: 3, data state: 3
07-29 14:13:04.287  3401  5257 W BestClock: java.time.DateTimeException: Missing network time fix
07-29 14:13:04.287  5200  6289 D IWlanJni: new aidl event arrived
07-29 14:13:04.287  5200  6289 D IWlanJni: handleEvent 10
07-29 14:13:04.288  5200  6289 D IWlanJni: isThreadAttached start
07-29 14:13:04.288  5200  6289 D IWlanJni: jni detached
07-29 14:13:04.288  5200  6289 D IWlanJni: jni attached
07-29 14:13:04.288  5200  6289 D IWlanJni: getDataRegistrationStateResponse start
07-29 14:13:04.288  5200  6289 D IWlanJni: getJavaCallbackClass start
07-29 14:13:04.288  5200  6289 D IWlanJni: getJavaCallbackClass End midIs[1]
07-29 14:13:04.288  5200  6289 I IWlanAidlClient: getDataRegistrationStateResponse called
07-29 14:13:04.288  5200  6288 W IWlanNetworkService: 10 > Response Processed
07-29 14:13:04.288  1852  4426 E LOCRIL_SESSION: operator():241] SubId: 1 Failed to get sim IMSI with error: 11
07-29 14:13:04.288  3401  5875 W BestClock: java.time.DateTimeException: Missing network time fix
07-29 14:13:04.289  4874  5903 V OplusCustomizeCacheManager: queryCache name: sys.cache.common_customize_cache18014 param: null
07-29 14:13:04.289  4874  5903 V OplusCustomizeCacheManager: queryCache name: sys.cache.common_customize_cache18017 param: Bundle[{SETTING=BLOCK, BUSINESS=NCT-DATA}]
07-29 14:13:04.289  4874  5903 V OplusCustomizeCacheManager: queryCache name: sys.cache.common_customize_cache18013 param: null
07-29 14:13:04.289  5047  7805 I DeviceInfoAidlClient: onPowerInfoReportingChanged - reporting enabled true [15, 20, 30, 50, 80]
07-29 14:13:04.289  5047  7805 D DeviceInfoAidlClient: isRadioOn()=true
07-29 14:13:04.289  5047  7805 I DeviceInfoAidlClient: isPowerInfoNeverSent=false batteryLevel=100 batteryLevelIndex=5 chargingMode=2 totalCapacity=5002000 powerSaveMode=false
07-29 14:13:04.289  5047  7805 I DeviceInfoAidlClient: onDeviceInfoReportingChanged - reporting enabled true
07-29 14:13:04.289  5047  7805 D DeviceInfoAidlClient: getDeviceInfoSupportStatus()=1
07-29 14:13:04.289  5047  7805 D DeviceInfoAidlClient: isRadioOn()=true
07-29 14:13:04.289  5047  7805 I DeviceInfoAidlClient: deviceState=2
07-29 14:13:04.290  4963  4963 V OplusCustomizeCacheManager: queryCache name: sys.cache.common_customize_cache18016 param: null
07-29 14:13:04.290  4963  4963 V OplusCustomizeCacheManager: queryCache name: sys.cache.common_customize_cache18013 param: null
07-29 14:13:04.290  4963  4963 V OplusCustomizeCacheManager: queryCache name: sys.cache.common_customize_cache18014 param: null
07-29 14:13:04.290  4963  4963 V OplusCustomizeCacheManager: queryCache name: sys.cache.common_customize_cache18017 param: Bundle[{SETTING=BLOCK, BUSINESS=NCT-DATA}]
07-29 14:13:04.290  4963  4963 V OplusCustomizeCacheManager: queryCache name: sys.cache.common_customize_cache18016 param: null
07-29 14:13:04.290  4963  4963 V OplusCustomizeCacheManager: queryCache name: sys.cache.common_customize_cache18013 param: null
07-29 14:13:04.290  4963  4963 V OplusCustomizeCacheManager: queryCache name: sys.cache.common_customize_cache18014 param: null
07-29 14:13:04.290  4963  4963 V OplusCustomizeCacheManager: queryCache name: sys.cache.common_customize_cache18017 param: Bundle[{SETTING=BLOCK, BUSINESS=NCT-DATA}]
07-29 14:13:04.291  5047  5047 D QcrilMsgTunnelIfaceManager: handleMessage what = 1
07-29 14:13:04.291  5047  5047 I QcrilOemhookMsgTunnel: [0]invokeOemRilRequestRaw: serial=1007 length=16
07-29 14:13:04.291  3401  5875 W BestClock: java.time.DateTimeException: Missing network time fix
07-29 14:13:04.292  5047  7805 I QtiOemHookAidl: oemHookRawResponse: serial no: 1007 error: 0length=1
07-29 14:13:04.292  5047  5047 D QcrilMsgTunnelIfaceManager: handleMessage what = 2
07-29 14:13:04.292  4963  5392 D QC_RIL_OEM_HOOK: sendOemRilRequestRaw returns value = 1
07-29 14:13:04.292  3401  5257 W BestClock: java.time.DateTimeException: Missing network time fix
07-29 14:13:04.292  4874  5903 V OplusCustomizeCacheManager: queryCache name: sys.cache.common_customize_cache18014 param: null
07-29 14:13:04.292  4874  5903 V OplusCustomizeCacheManager: queryCache name: sys.cache.common_customize_cache18017 param: Bundle[{SETTING=BLOCK, BUSINESS=NCT-DATA}]
07-29 14:13:04.292  4874  5903 V OplusCustomizeCacheManager: queryCache name: sys.cache.common_customize_cache18013 param: null
07-29 14:13:04.293  4963  4963 D QC_RIL_OEM_HOOK: Received Broadcast Intent ACTION_UNSOL_RESPONSE_OEM_HOOK_RAW
07-29 14:13:04.293  4963  4963 D QC_RIL_OEM_HOOK: Received Broadcast Intent ACTION_UNSOL_RESPONSE_OEM_HOOK_RAW
07-29 14:13:04.293  4963  4963 D QC_RIL_OEM_HOOK: Received Broadcast Intent ACTION_UNSOL_RESPONSE_OEM_HOOK_RAW
07-29 14:13:04.293  4963  4963 D QC_RIL_OEM_HOOK: Received Broadcast Intent ACTION_UNSOL_RESPONSE_OEM_HOOK_RAW
07-29 14:13:04.293  4963  4963 D QC_RIL_OEM_HOOK: Received Broadcast Intent ACTION_UNSOL_RESPONSE_OEM_HOOK_RAW
07-29 14:13:04.293  4963  4963 D QC_RIL_OEM_HOOK: Received Broadcast Intent ACTION_UNSOL_RESPONSE_OEM_HOOK_RAW
07-29 14:13:04.293  4963  4963 D OplusPowerUpOptimizationImpl: onReceive: org.codeaurora.intent.action.RADIO_POWER_STATE
07-29 14:13:04.293  4963  5561 D OplusPowerUpOptimizationImpl: handleMessage what = 6
07-29 14:13:04.294  4963  5561 D OplusPowerUpOptimizationImpl: radio is available for slot: 1
07-29 14:13:04.294  4963  5561 D OplusPowerUpOptimizationImpl: trySendPhoneReady for slot: 1
07-29 14:13:04.294  4963  5561 D OplusPowerUpOptimizationImpl: Not sending ATEL ready: States: [1: {true, true, true, true}]
07-29 14:13:04.294  5200  6264 D IWlanJni: getDataRegistrationState start
07-29 14:13:04.294  4963  4963 D CiWlanNotificationReceiver: ACTION_RADIO_POWER_STATE_CHANGED
07-29 14:13:04.295  5200  6300 D IWlanJni: new aidl event arrived
07-29 14:13:04.295  5200  6300 D IWlanJni: handleEvent 10
07-29 14:13:04.295  5200  6300 D IWlanJni: isThreadAttached start
07-29 14:13:04.295  5200  6300 D IWlanJni: jni detached
07-29 14:13:04.295  6642  6734 E horae   : tz(cpu-0-4-1) temp changed suddenly, cut temp to:56500
07-29 14:13:04.295  6642  6734 E horae   : Recording abnormal tz:19 state:4.
07-29 14:13:04.295  5200  6300 D IWlanJni: jni attached
07-29 14:13:04.295  5200  6300 D IWlanJni: getDataRegistrationStateResponse start
07-29 14:13:04.295  5200  6300 D IWlanJni: getJavaCallbackClass start
07-29 14:13:04.295  5200  6300 D IWlanJni: getJavaCallbackClass End midIs[1]
07-29 14:13:04.295  5200  6264 D IWlanJni: getDataRegistrationState start
07-29 14:13:04.295  5200  6300 I IWlanAidlClient: getDataRegistrationStateResponse called
07-29 14:13:04.295  5200  6264 D IWlanJni: getDataRegistrationState start
07-29 14:13:04.295  5200  6289 D IWlanJni: new aidl event arrived
07-29 14:13:04.295  5200  6289 D IWlanJni: handleEvent 10
07-29 14:13:04.295  5200  6299 W IWlanNetworkService: 11 > Response Processed
07-29 14:13:04.295  5200  6289 D IWlanJni: isThreadAttached start
07-29 14:13:04.295  5200  6289 D IWlanJni: jni detached
07-29 14:13:04.296  5200  6289 D IWlanJni: jni attached
07-29 14:13:04.296  5200  6289 D IWlanJni: getDataRegistrationStateResponse start
07-29 14:13:04.296  5200  6289 D IWlanJni: getJavaCallbackClass start
07-29 14:13:04.296  5200  6289 D IWlanJni: getJavaCallbackClass End midIs[1]
07-29 14:13:04.296  5200  6289 I IWlanAidlClient: getDataRegistrationStateResponse called
07-29 14:13:04.296  5200  6300 D IWlanJni: new aidl event arrived
07-29 14:13:04.296  5200  6300 D IWlanJni: handleEvent 10
07-29 14:13:04.296  5200  6300 D IWlanJni: isThreadAttached start
07-29 14:13:04.296  5200  6300 D IWlanJni: jni detached
07-29 14:13:04.296  5200  6300 D IWlanJni: jni attached
07-29 14:13:04.296  5200  6300 D IWlanJni: getDataRegistrationStateResponse start
07-29 14:13:04.296  5200  6288 W IWlanNetworkService: 12 > Response Processed
07-29 14:13:04.296  5200  6300 D IWlanJni: getJavaCallbackClass start
07-29 14:13:04.296  5200  6300 D IWlanJni: getJavaCallbackClass End midIs[1]
07-29 14:13:04.296  5200  6300 I IWlanAidlClient: getDataRegistrationStateResponse called
07-29 14:13:04.296  5200  6299 W IWlanNetworkService: 13 > Response Processed
07-29 14:13:04.297  3401  4623 D CmccSliceManagerService: ACTION_DDS_SWITCH_DONE
07-29 14:13:04.297  3401  4623 D CmccSliceManagerService: cleanUpAndRestartSlice
07-29 14:13:04.297  3401  4623 D CmccSliceManagerService: cleanUpSlice
07-29 14:13:04.297  3401  4623 D CmccSliceManagerService: cleanUpSlice qcom
07-29 14:13:04.297  3401  4623 D CmccSliceManagerService: getDefaultDataSlotId0, subid: 1
07-29 14:13:04.297  3401  4523 V NetworkPolicy: updateNotificationsNL not process
07-29 14:13:04.297  3401  4623 E ActivityThread: Failed to find provider info for com.cmccslice.proxyapp.provider
07-29 14:13:04.297  3401  4623 D CmccSliceManagerService: loadUrsp qcomCursor=null, count=-1, slotId=0
07-29 14:13:04.297  3401  4623 D CmccSliceManagerService: loadUrsp: qcomCursor=[]
07-29 14:13:04.297  3401  4623 D CmccSliceManagerService: isFeatureEnable , rus : false Feature : false
07-29 14:13:04.297  3401  4623 D CmccSliceManagerService: requestSliceNetwork: feature not enabled
07-29 14:13:04.297  3401  4623 D CmccSliceManagerService: cleanUpAndRestartSlice qcom
07-29 14:13:04.298  5072  5854 D CellularEvent: onActiveDataSubscriptionIdChanged sub id:1
07-29 14:13:04.298  4874  4874 I KeyguardUpdateMonitor: refreshSimState, changed:false,subId:1,slotId:0,state:5
07-29 14:13:04.298  4874  5133 I SystemUi--QuickSettings: Tile.OplusCellularTile-->updateCarrierText: dialog not showing, ignore
07-29 14:13:04.298  4874  5133 D SimStateHelper: slot:0, lock state:Bundle[mParcelledData.dataSize=56]
07-29 14:13:04.298  4874  5133 D SimStateHelper: slot:1, lock state:Bundle[mParcelledData.dataSize=56]
07-29 14:13:04.298  4874  5133 D SimStateHelper: needDisableMenu: slot1State=-1; slot2State=-1
07-29 14:13:04.298  4874  5133 D SimStateHelper: needDisableMenu:false
07-29 14:13:04.298  5200  5200 D QCNEJ/WwanInfoRelay: onActiveSubscriptionsChanged activeCurrDDSId: 1 new DDS 1
07-29 14:13:04.298  5200  5200 D QCNEJ/WwanInfoRelay: onActiveSubscriptionsChanged activeCurrDDSId: 1 new DDS 1
07-29 14:13:04.299  4963  4963 D OplusPowerUpOptimizationImpl: onReceive: org.codeaurora.intent.action.RADIO_POWER_STATE
07-29 14:13:04.299  4963  5561 D OplusPowerUpOptimizationImpl: handleMessage what = 6
07-29 14:13:04.299  4963  5561 D OplusPowerUpOptimizationImpl: radio is available for slot: 0
07-29 14:13:04.299  4963  5561 D OplusPowerUpOptimizationImpl: trySendPhoneReady for slot: 0
07-29 14:13:04.299  4963  5561 D OplusPowerUpOptimizationImpl: Not sending ATEL ready: States: [0: {true, true, true, true}]
07-29 14:13:04.299  4963  4963 D CiWlanNotificationReceiver: ACTION_RADIO_POWER_STATE_CHANGED
07-29 14:13:04.300  3401  4897 W BestClock: java.time.DateTimeException: Missing network time fix
07-29 14:13:04.301  3401  4897 W BestClock: java.time.DateTimeException: Missing network time fix
07-29 14:13:04.301  4874  5903 V OplusCustomizeCacheManager: queryCache name: sys.cache.common_customize_cache18014 param: null
07-29 14:13:04.301  4874  5903 V OplusCustomizeCacheManager: queryCache name: sys.cache.common_customize_cache18017 param: Bundle[{SETTING=BLOCK, BUSINESS=NCT-DATA}]
07-29 14:13:04.301  4874  5903 V OplusCustomizeCacheManager: queryCache name: sys.cache.common_customize_cache18013 param: null
07-29 14:13:04.302  4874  5133 I SystemUi--QuickSettings: Tile.OplusCellularTile-->updateCarrierText: dialog not showing, ignore
07-29 14:13:04.302  4874  5133 D SimStateHelper: slot:0, lock state:Bundle[mParcelledData.dataSize=56]
07-29 14:13:04.302  4874  5133 D SimStateHelper: slot:1, lock state:Bundle[mParcelledData.dataSize=56]
07-29 14:13:04.302  4874  5133 D SimStateHelper: needDisableMenu: slot1State=-1; slot2State=-1
07-29 14:13:04.302  4874  5133 D SimStateHelper: needDisableMenu:false
07-29 14:13:04.302  4963  4963 D ServiceStateProvider: subId=1
07-29 14:13:04.303  3401  4692 V SettingsProvider: deleteSystemSetting(OPLUS_SLA_LAST_MCC, 0)
07-29 14:13:04.303  3401  4692 D SettingsProvider: delete system settings OPLUS_****_MCC pkg is  android user id is 0
07-29 14:13:04.303  5157  5157 I QImsService: OplusPhoneStateTracker : onServiceStateChanged
07-29 14:13:04.303  3401  4692 W OplusSlaManager: updateMCC curMCC empty!
07-29 14:13:04.303  5157  5157 I QImsService: OplusPhoneStateTracker : onServiceStateChanged
07-29 14:13:04.304  5239  6171 D EfsNvDumpUnit[0]: onServiceStateChanged: voice reg state: OUT_OF_SERVICE data reg state: OUT_OF_SERVICE
07-29 14:13:04.304  5072  5854 D T-Recommend: onPreHandleMessage 1000
07-29 14:13:04.304  5072  5854 E CellularEvent: nri null ps
07-29 14:13:04.304  5072  5854 E CellularEvent: invalid nri
07-29 14:13:04.304  5072  5854 D T-Recommend: onPostHandleMessage 1000
07-29 14:13:04.304  3401  5877 W BestClock: java.time.DateTimeException: Missing network time fix
07-29 14:13:04.304  4874  5309 I SystemUi--Statusbar: MobileConnectionRepositoryImpl-->subId:1 isSoftSimCard:false slotId:0
07-29 14:13:04.304  5239  6171 D cellularState[0]: handleMessage: E msg.what=4
07-29 14:13:04.304  5239  6171 D cellularState[0]: processMsg: DataCallingState
07-29 14:13:04.304  5239  6171 D cellularState[0]: processMsg: NetworkAttachedState
07-29 14:13:04.304  5239  6171 D cellularState[0]: processMsg: SimReadyState
07-29 14:13:04.304  5239  6171 D cellularState[0]: processMsg: DefaultState
07-29 14:13:04.304  5239  6171 E cellularState[0]:  - unhandledMessage: msg.what=4
07-29 14:13:04.304  5239  6171 D cellularState[0]: handleMessage: X
07-29 14:13:04.304  5239  5239 D SubsysEventListenerManager-SubsysTelephonyCallback[0]: onServiceStateChanged
07-29 14:13:04.304  3401  4897 W ContextImpl: Calling a method in the system process without a qualified user: android.app.ContextImpl.sendBroadcastMultiplePermissions:1311 android.content.Context.sendBroadcastMultiplePermissions:2524 com.android.server.TelephonyRegistry.broadcastServiceStateChanged:3740 com.android.server.TelephonyRegistry.notifyServiceStateForPhoneId:1787 com.android.internal.telephony.ITelephonyRegistry$Stub.onTransact:546 
07-29 14:13:04.304  5239  5239 D ChinaRoamingControl: registTelephonyEvent onServiceStateChanged eventId:5, VoiceRegState:1, DataRegState:1
07-29 14:13:04.304  5239  5239 D QuickChangeAirplaneModeEvent: onServiceStateChanged slotId:0
07-29 14:13:04.305  5072  5987 D OplusSubWaySlowRecovery: getPreferSubId return 1
07-29 14:13:04.305  5072  5987 D OplusScanQrCodeRecoveryImpl: msg.what=3
07-29 14:13:04.305  5072  5859 D NAS-CallIssueDetector: onServiceStateChanged
07-29 14:13:04.305  5072  5987 D SaDataFailRecovery/0: current is not in service,reset alarm
07-29 14:13:04.305  5072  5859 D OplusCiwlanController: [vodata] processServiceStateChanged  phoneid = 0, original roaming type = -1,roaming type = 0
07-29 14:13:04.305  5072  5859 D OplusCiwlanController: [vodata] processServiceStateChanged  phoneid = 1, original roaming type = -1,roaming type = 0
07-29 14:13:04.305  5072  5858 D OplusLinkBoostCommon: dds servicestate change
07-29 14:13:04.305  3401  4897 W ContextImpl: Calling a method in the system process without a qualified user: android.app.ContextImpl.sendBroadcastMultiplePermissions:1344 com.android.server.TelephonyRegistry.broadcastServiceStateChanged:3745 com.android.server.TelephonyRegistry.notifyServiceStateForPhoneId:1787 com.android.internal.telephony.ITelephonyRegistry$Stub.onTransact:546 android.os.Binder.execTransactInternal:1523 
07-29 14:13:04.305  3401  5877 W BestClock: java.time.DateTimeException: Missing network time fix
07-29 14:13:04.306  4874  4874 I KeyguardUpdateMonitor: action=android.intent.action.SERVICE_STATE subId=1 slotId=0
07-29 14:13:04.306  4874  5133 I SystemUi--QuickSettings: Tile.OplusCellularTile-->updateCarrierText: dialog not showing, ignore
07-29 14:13:04.306  5239  5239 D QuickChangeAirplaneModeEvent: isBothCardInService is false
07-29 14:13:04.306  4874  5133 D SimStateHelper: slot:0, lock state:Bundle[mParcelledData.dataSize=56]
07-29 14:13:04.306  3401  4897 W ContextImpl: Calling a method in the system process without a qualified user: android.app.ContextImpl.sendBroadcastMultiplePermissions:1344 com.android.server.TelephonyRegistry.broadcastServiceStateChanged:3754 com.android.server.TelephonyRegistry.notifyServiceStateForPhoneId:1787 com.android.internal.telephony.ITelephonyRegistry$Stub.onTransact:546 android.os.Binder.execTransactInternal:1523 
07-29 14:13:04.306  3401  4897 W ContextImpl: Calling a method in the system process without a qualified user: android.app.ContextImpl.sendBroadcastMultiplePermissions:1344 com.android.server.TelephonyRegistry.broadcastServiceStateChanged:3760 com.android.server.TelephonyRegistry.notifyServiceStateForPhoneId:1787 com.android.internal.telephony.ITelephonyRegistry$Stub.onTransact:546 android.os.Binder.execTransactInternal:1523 
07-29 14:13:04.307  5239  5239 D MsimSubModeManager: registTelephonyEvent onServiceStateChanged eventId:3, VoiceRegState:1, DataRegState:1
07-29 14:13:04.307  4874  5903 V OplusCustomizeCacheManager: queryCache name: sys.cache.common_customize_cache18014 param: null
07-29 14:13:04.307  4874  5903 V OplusCustomizeCacheManager: queryCache name: sys.cache.common_customize_cache18017 param: Bundle[{SETTING=BLOCK, BUSINESS=NCT-DATA}]
07-29 14:13:04.307  4874  5903 V OplusCustomizeCacheManager: queryCache name: sys.cache.common_customize_cache18013 param: null
07-29 14:13:04.307  4874  5133 D SimStateHelper: slot:1, lock state:Bundle[mParcelledData.dataSize=56]
07-29 14:13:04.307  4874  5133 D SimStateHelper: needDisableMenu: slot1State=-1; slot2State=-1
07-29 14:13:04.307  4874  5133 D SimStateHelper: needDisableMenu:false
07-29 14:13:04.307  4874  5133 I SystemUi--QuickSettings: Tile.OplusCellularTile-->updateCarrierText: dialog not showing, ignore
07-29 14:13:04.307  4874  5133 D SimStateHelper: slot:0, lock state:Bundle[mParcelledData.dataSize=56]
07-29 14:13:04.307  5239  5239 E ExtremeCommUtils: getSwitchRusSupportMcc invalid index 1
07-29 14:13:04.307  5239  5239 D ExtremeCommUtils: isSupporCheck rusContain:false,propContain(persist.sys.oplus.support_hyper_uplink_mcc):false
07-29 14:13:04.307  5239  5239 D ExtremeCommService: handleServiceStateChanged mcc is null
07-29 14:13:04.307  5239  5239 D ChinaRoamingControl: handleMessage what:5
07-29 14:13:04.307  5239  5239 D MsimSubModeManager: handleMessage what:3
07-29 14:13:04.307  5239  5239 D MsimSubModeManager: getMsimSimServiceIn() i:0,mServiceState:1
07-29 14:13:04.307  5239  5239 D MsimSubModeManager: getMsimSimServiceIn() i:1,mServiceState:1
07-29 14:13:04.307  3401  4897 W ContextImpl: Calling a method in the system process without a qualified user: android.app.ContextImpl.sendBroadcastMultiplePermissions:1311 android.content.Context.sendBroadcastMultiplePermissions:2524 com.android.server.TelephonyRegistry.broadcastServiceStateChanged:3740 com.android.server.TelephonyRegistry.notifyServiceStateForPhoneId:1787 com.android.internal.telephony.ITelephonyRegistry$Stub.onTransact:546 
07-29 14:13:04.308  4874  5074 I SystemUi--Statusbar: NetworkController.WifiSignalController-->wifi Broadcast action = android.telephony.action.SERVICE_PROVIDERS_UPDATED state=1 enabled=false connected=false isDefaultNetwork=false rssi=0 level=0 statusLabel = null isDirty = false
07-29 14:13:04.308  4963  4963 D Telephony: isEmergencyPreferredAccount: subId=1, activeData=1
07-29 14:13:04.308  4963  4963 D Telephony: isEmergencyPreferredAccount: Device does not require preference.
07-29 14:13:04.308  4963  4963 D InternationalRoamingNotification: init
07-29 14:13:04.309  5239  6383 D VirtualCommService2: isSupport. true, true
07-29 14:13:04.309  4963  4963 D OplusVirtualCommUtils: isVirtualCommSupport, vRet: true
07-29 14:13:04.309  4874  5133 D SimStateHelper: slot:1, lock state:Bundle[mParcelledData.dataSize=56]
07-29 14:13:04.309  4874  5133 D SimStateHelper: needDisableMenu: slot1State=-1; slot2State=-1
07-29 14:13:04.309  4874  5133 D SimStateHelper: needDisableMenu:false
07-29 14:13:04.309  5109  8134 D txpwrJni: new aidl event arrived
07-29 14:13:04.309  5109  8134 D txpwrJni: handleEvent 1
07-29 14:13:04.309  5109  8134 D txpwrJni: isThreadAttached start
07-29 14:13:04.309  5109  8134 D txpwrJni: jni detached
07-29 14:13:04.309  5109  8134 D txpwrJni: jni attached
07-29 14:13:04.309  4963  4963 I OplusVirtualCommUtils: getVirtualCommDeviceType, vRet: 1
07-29 14:13:04.309  4963  4963 I OplusVirtualCommUtils: isConsumerDeviceType, deviceType: 1
07-29 14:13:04.309  5109  8134 D txpwrJni: getRadioStatus start
07-29 14:13:04.309  5109  8134 D txpwrJni: getJavaCallbackClass start
07-29 14:13:04.309  5109  8134 D txpwrJni: getJavaCallbackClass End midIs[1]
07-29 14:13:04.309  3401  4897 W ContextImpl: Calling a method in the system process without a qualified user: android.app.ContextImpl.sendBroadcastMultiplePermissions:1344 com.android.server.TelephonyRegistry.broadcastServiceStateChanged:3745 com.android.server.TelephonyRegistry.notifyServiceStateForPhoneId:1787 com.android.internal.telephony.ITelephonyRegistry$Stub.onTransact:546 android.os.Binder.execTransactInternal:1523 
07-29 14:13:04.309  5109  7612 D txpwrJni: sendRadioStatus start
07-29 14:13:04.310  4963  4963 D InternationalRoamingNotification: do not createRoamingNotification for invalid Network
07-29 14:13:04.310  3401  5257 W BestClock: java.time.DateTimeException: Missing network time fix
07-29 14:13:04.310  3401  4897 W ContextImpl: Calling a method in the system process without a qualified user: android.app.ContextImpl.sendBroadcastMultiplePermissions:1344 com.android.server.TelephonyRegistry.broadcastServiceStateChanged:3754 com.android.server.TelephonyRegistry.notifyServiceStateForPhoneId:1787 com.android.internal.telephony.ITelephonyRegistry$Stub.onTransact:546 android.os.Binder.execTransactInternal:1523 
07-29 14:13:04.310  3401  4897 W ContextImpl: Calling a method in the system process without a qualified user: android.app.ContextImpl.sendBroadcastMultiplePermissions:1344 com.android.server.TelephonyRegistry.broadcastServiceStateChanged:3760 com.android.server.TelephonyRegistry.notifyServiceStateForPhoneId:1787 com.android.internal.telephony.ITelephonyRegistry$Stub.onTransact:546 android.os.Binder.execTransactInternal:1523 
07-29 14:13:04.310  4874  4874 I KeyguardUpdateMonitor: action=android.intent.action.SERVICE_STATE subId=-1 slotId=1
07-29 14:13:04.310  4874  4874 W KeyguardUpdateMonitorLog: invalid subId in handleServiceStateChange()
07-29 14:13:04.310  5920  5920 D CellBroadcastReceiver: onReceive Intent { act=android.intent.action.SERVICE_STATE flg=0x1000010 cmp=com.android.cellbroadcastreceiver.module/com.android.cellbroadcastreceiver.CellBroadcastReceiver (has extras) }
07-29 14:13:04.310  5109  8134 D txpwrJni: new aidl event arrived
07-29 14:13:04.310  5109  8134 D txpwrJni: handleEvent 1
07-29 14:13:04.310  5109  8134 D txpwrJni: isThreadAttached start
07-29 14:13:04.310  5109  8134 D txpwrJni: jni detached
07-29 14:13:04.310  4963  4963 I Telephony: y0: onServiceStateChanged: newState=1, mServiceState=3
07-29 14:13:04.310  5109  8134 D txpwrJni: jni attached
07-29 14:13:04.310  5109  8134 D txpwrJni: getRadioStatus start
07-29 14:13:04.310  5109  8134 D txpwrJni: getJavaCallbackClass start
07-29 14:13:04.310  5109  8134 D txpwrJni: getJavaCallbackClass End midIs[1]
07-29 14:13:04.311  5920  5920 D CellBroadcastReceiver: onServiceStateChanged, ss: 1
07-29 14:13:04.311  4874  5133 I SystemUi--QuickSettings: Tile.OplusCellularTile-->updateCarrierText: dialog not showing, ignore
07-29 14:13:04.311  4963  4963 I Telephony: isRttCurrentlySupported -- regular acct, hasVoiceAvailability: false
07-29 14:13:04.311  4963  4963 I Telephony:  isRttSupported: false
07-29 14:13:04.311  4963  4963 I Telephony:  isUserRttSettingOn: false
07-29 14:13:04.311  4963  4963 I Telephony:  alwaysAllowWhileRoaming: false
07-29 14:13:04.311  4963  4963 I Telephony:  isRoaming: false
07-29 14:13:04.311  4963  4963 I Telephony:  isOnWfc: false
07-29 14:13:04.311  3401  5875 W BestClock: java.time.DateTimeException: Missing network time fix
07-29 14:13:04.311  4874  5133 D SimStateHelper: slot:0, lock state:Bundle[mParcelledData.dataSize=56]
07-29 14:13:04.311  4874  5903 V OplusCustomizeCacheManager: queryCache name: sys.cache.common_customize_cache18014 param: null
07-29 14:13:04.311  4874  5903 V OplusCustomizeCacheManager: queryCache name: sys.cache.common_customize_cache18017 param: Bundle[{SETTING=BLOCK, BUSINESS=NCT-DATA}]
07-29 14:13:04.311  4874  5903 V OplusCustomizeCacheManager: queryCache name: sys.cache.common_customize_cache18013 param: null
07-29 14:13:04.311  4874  5133 D SimStateHelper: slot:1, lock state:Bundle[mParcelledData.dataSize=56]
07-29 14:13:04.311  4874  5133 D SimStateHelper: needDisableMenu: slot1State=-1; slot2State=-1
07-29 14:13:04.311  4874  5133 D SimStateHelper: needDisableMenu:false
07-29 14:13:04.311  5109  7612 D txpwrJni: sendRadioStatus start
07-29 14:13:04.311  3401  3623 D LocationManagerService: passive provider added registration from 1000/android[CountryDetector]/82663CBA -> Request[PASSIVE, minUpdateInterval=0, WorkSource{1000 android}] permissionLevel: 2 permitted: true
07-29 14:13:04.311  3401  4533 D ConnectivityService: unregister offer from providerId 5 : NetworkOffer [ Provider Id (5) Score(Policies : YIELD_TO_BAD_WIFI&TRANSPORT_PRIMARY&EVER_EVALUATED&IS_UNMETERED&EVER_VALIDATED&IS_VALIDATED ; KeepConnected : 0) Caps [ Transports: CELLULAR|SATELLITE Capabilities: MMS&SUPL&DUN&FOTA&IMS&CBS&IA&RCS&XCAP&EIMS&INTERNET&NOT_RESTRICTED&TRUSTED&NOT_VPN&MCX&NOT_VCN_MANAGED&ENTERPRISE&VSIM&BIP&MMTEL&PRIORITIZE_LATENCY&PRIORITIZE_BANDWIDTH&NOT_BANDWIDTH_CONSTRAINED Specifier: <TelephonyNetworkSpecifier [mSubId = 1]> EnterpriseId: 1&2&3&4&5 UnderlyingNetworks: Null] Needed by [203, 224, 73, 90, 248, 199, 275, 182, 9, 271, 178, 244, 42, 59, 189, 82, 50, 48, 98, 139, 187, 213, 102, 185, 150, 230, 162, 160, 28, 164, 170, 36, 71, 40, 26, 257, 153, 219, 207, 172, 148, 176, 197, 174, 233, 246, 15, 7, 273, 251, 133, 144, 269, 46, 57, 193, 267, 34, 264, 240, 277, 283, 191, 255, 32, 53, 136, 279, 77, 64, 167, 93, 216, 1, 30, 18, 66, 281, 226, 115, 38, 155, 112, 237, 259, 44, 24, 210, 85, 158]]
07-29 14:13:04.311  5920  5920 D CellBroadcastReceiver: networkOperator: 
07-29 14:13:04.311  3401  4533 D ConnectivityService: update offer from providerId 5 new : NetworkOffer [ Provider Id (5) Score(Policies : YIELD_TO_BAD_WIFI&TRANSPORT_PRIMARY&EVER_EVALUATED&IS_UNMETERED&EVER_VALIDATED&IS_VALIDATED ; KeepConnected : 0) Caps [ Transports: CELLULAR|SATELLITE Capabilities: MMS&SUPL&DUN&FOTA&IMS&CBS&IA&RCS&XCAP&EIMS&INTERNET&NOT_RESTRICTED&TRUSTED&NOT_VPN&MCX&NOT_VCN_MANAGED&ENTERPRISE&VSIM&BIP&MMTEL&PRIORITIZE_LATENCY&PRIORITIZE_BANDWIDTH&NOT_BANDWIDTH_CONSTRAINED Specifier: <TelephonyNetworkSpecifier [mSubId = 1]> EnterpriseId: 1&2&3&4&5 UnderlyingNetworks: Null] Needed by [203, 224, 73, 90, 248, 199, 275, 182, 9, 271, 178, 244, 42, 59, 189, 82, 50, 48, 98, 139, 187, 213, 102, 185, 150, 230, 162, 160, 28, 164, 170, 36, 71, 40, 26, 257, 153, 219, 207, 172, 148, 176, 197, 174, 233, 246, 15, 7, 273, 251, 133, 144, 269, 46, 57, 193, 267, 34, 264, 240, 277, 283, 191, 255, 32, 53, 136, 279, 77, 64, 167, 93, 216, 1, 30, 18, 66, 281, 226, 115, 38, 155, 112, 237, 259, 44, 24, 210, 85, 158]]
07-29 14:13:04.311  3401  4533 D ConnectivityService: unregister offer from providerId 6 : NetworkOffer [ Provider Id (6) Score(Policies : YIELD_TO_BAD_WIFI&EVER_EVALUATED&IS_UNMETERED&EVER_VALIDATED&IS_VALIDATED ; KeepConnected : 0) Caps [ Transports: CELLULAR|SATELLITE Capabilities: MMS&SUPL&DUN&FOTA&IMS&CBS&IA&RCS&XCAP&EIMS&INTERNET&NOT_RESTRICTED&TRUSTED&NOT_VPN&MCX&NOT_VCN_MANAGED&ENTERPRISE&VSIM&BIP&MMTEL&PRIORITIZE_LATENCY&PRIORITIZE_BANDWIDTH&NOT_BANDWIDTH_CONSTRAINED Specifier: <TelephonyNetworkSpecifier [mSubId = -1]> EnterpriseId: 1&2&3&4&5 UnderlyingNetworks: Null] Needed by [203, 224, 73, 90, 248, 199, 275, 182, 9, 271, 178, 244, 42, 59, 189, 82, 50, 48, 98, 139, 187, 213, 102, 185, 150, 230, 162, 160, 28, 164, 170, 36, 71, 40, 26, 257, 153, 219, 207, 172, 148, 176, 197, 174, 233, 246, 15, 7, 273, 251, 133, 144, 269, 46, 57, 193, 267, 34, 264, 240, 277, 283, 191, 255, 32, 53, 136, 279, 77, 64, 167, 93, 216, 1, 30, 18, 66, 281, 226, 115, 38, 155, 112, 237, 259, 44, 24, 210, 85, 158]]
07-29 14:13:04.311  3401  4533 D ConnectivityService: update offer from providerId 6 new : NetworkOffer [ Provider Id (6) Score(Policies : YIELD_TO_BAD_WIFI&EVER_EVALUATED&IS_UNMETERED&EVER_VALIDATED&IS_VALIDATED ; KeepConnected : 0) Caps [ Transports: CELLULAR|SATELLITE Capabilities: MMS&SUPL&DUN&FOTA&IMS&CBS&IA&RCS&XCAP&EIMS&INTERNET&NOT_RESTRICTED&TRUSTED&NOT_VPN&MCX&NOT_VCN_MANAGED&ENTERPRISE&VSIM&BIP&MMTEL&PRIORITIZE_LATENCY&PRIORITIZE_BANDWIDTH&NOT_BANDWIDTH_CONSTRAINED Specifier: <TelephonyNetworkSpecifier [mSubId = -1]> EnterpriseId: 1&2&3&4&5 UnderlyingNetworks: Null] Needed by [203, 224, 73, 90, 248, 199, 275, 182, 9, 271, 178, 244, 42, 59, 189, 82, 50, 48, 98, 139, 187, 213, 102, 185, 150, 230, 162, 160, 28, 164, 170, 36, 71, 40, 26, 257, 153, 219, 207, 172, 148, 176, 197, 174, 233, 246, 15, 7, 273, 251, 133, 144, 269, 46, 57, 193, 267, 34, 264, 240, 277, 283, 191, 255, 32, 53, 136, 279, 77, 64, 167, 93, 216, 1, 30, 18, 66, 281, 226, 115, 38, 155, 112, 237, 259, 44, 24, 210, 85, 158]]
07-29 14:13:04.312  5920  5920 D CellBroadcastReceiver: mockmodem is running? = false
07-29 14:13:04.312  5920  5920 D CellBroadcastReceiver: Start Cell Broadcast configuration for intent=ACTION_ENABLE_CHANNELS
07-29 14:13:04.312  5239  5239 D SubsysEventListenerManager-SubsysTelephonyCallback[0]: onSignalStrengthsChanged
07-29 14:13:04.314  3401  5877 W BestClock: java.time.DateTimeException: Missing network time fix
07-29 14:13:04.314  4963  4963 V OplusCustomizeCacheManager: queryCache name: sys.cache.common_customize_cache18016 param: null
07-29 14:13:04.314  4963  4963 V OplusCustomizeCacheManager: queryCache name: sys.cache.common_customize_cache18013 param: null
07-29 14:13:04.314  4963  4963 V OplusCustomizeCacheManager: queryCache name: sys.cache.common_customize_cache18014 param: null
07-29 14:13:04.314  4963  4963 V OplusCustomizeCacheManager: queryCache name: sys.cache.common_customize_cache18017 param: Bundle[{SETTING=BLOCK, BUSINESS=NCT-DATA}]
07-29 14:13:04.314  4963  4963 V OplusCustomizeCacheManager: queryCache name: sys.cache.common_customize_cache18016 param: null
07-29 14:13:04.314  4963  4963 V OplusCustomizeCacheManager: queryCache name: sys.cache.common_customize_cache18013 param: null
07-29 14:13:04.314  4963  4963 V OplusCustomizeCacheManager: queryCache name: sys.cache.common_customize_cache18014 param: null
07-29 14:13:04.314  4963  4963 V OplusCustomizeCacheManager: queryCache name: sys.cache.common_customize_cache18017 param: Bundle[{SETTING=BLOCK, BUSINESS=NCT-DATA}]
07-29 14:13:04.315  3401  5257 W BestClock: java.time.DateTimeException: Missing network time fix
07-29 14:13:04.315  3401  4525 D WifiNative: onSetCountryCodeSucceeded: US
07-29 14:13:04.315  3401  4525 I WifiCountryCode: Receive onSetCountryCodeSucceeded US
07-29 14:13:04.315  3401  4525 I WifiNl80211Manager: Receive country code change to US
07-29 14:13:04.315  4963  4963 D OplusTelephonyController: onSignalStrengthChanged: SignalStrength=SignalStrength:{mCdma=CellSignalStrengthCdma: cdmaDbm=2147483647 cdmaEcio=2147483647 evdoDbm=2147483647 evdoEcio=2147483647 evdoSnr=2147483647 level=0,mGsm=CellSignalStrengthGsm: rssi=2147483647 ber=2147483647 mTa=2147483647 mLevel=0,mWcdma=CellSignalStrengthWcdma: ss=2147483647 ber=2147483647 rscp=2147483647 ecno=2147483647 level=0,mTdscdma=CellSignalStrengthTdscdma: rssi=2147483647 ber=2147483647 rscp=2147483647 level=0,mLte=CellSignalStrengthLte: rssi=2147483647 rsrp=2147483647 rsrq=2147483647 rssnr=2147483647 cqiTableIndex=2147483647 cqi=2147483647 ta=2147483647 level=0 parametersUseForLevel=0,mNr=CellSignalStrengthNr:{ csiRsrp = 2147483647 csiRsrq = 2147483647 csiCqiTableIndex = 2147483647 csiCqiReport = [] ssRsrp = 2147483647 ssRsrq = 2147483647 ssSinr = 2147483647 level = 0 parametersUseForLevel = 0 timingAdvance = 2147483647 },primary=CellSignalStrengthLte}
07-29 14:13:04.315  3401  4525 D WifiScanRequestProxy: Sending scan available broadcast: true
07-29 14:13:04.315  2753  2753 I wificond: Receive notifyCountryCodeChanged
07-29 14:13:04.315  2753  2753 I wificond: UpdateBandInfo
07-29 14:13:04.315  5920  5920 D CellBroadcastReceiver: onReceive Intent { act=android.intent.action.SERVICE_STATE flg=0x1000010 cmp=com.android.cellbroadcastreceiver.module/com.android.cellbroadcastreceiver.CellBroadcastReceiver (has extras) }
07-29 14:13:04.315  3401  4529 I WifiScanningService: Received a request to enable scanning, UID = 1000
07-29 14:13:04.315  3401  4529 I WifiScanningService: scanner impls already exists
07-29 14:13:04.315  3401  4529 E WifiScanningService: wifi driver loaded received while already loaded
07-29 14:13:04.315  3401  4525 I WifiScanRequestProxy: Scanning is enabled
07-29 14:13:04.315  3401  4525 I WifiScanRequestProxy: Scanning for hidden networks is disabled
07-29 14:13:04.315  4963  4963 D InternationalRoamingNotification: init
07-29 14:13:04.315  5920  5920 D CellBroadcastReceiver: onServiceStateChanged, ss: 1
07-29 14:13:04.315  5920  5920 D CellBroadcastReceiver: networkOperator: 
07-29 14:13:04.316  5239  6383 D VirtualCommService2: isSupport. true, true
07-29 14:13:04.316  4963  4963 D OplusVirtualCommUtils: isVirtualCommSupport, vRet: true
07-29 14:13:04.316  4874  5903 V OplusCustomizeCacheManager: queryCache name: sys.cache.common_customize_cache18014 param: null
07-29 14:13:04.316  4874  5903 V OplusCustomizeCacheManager: queryCache name: sys.cache.common_customize_cache18017 param: Bundle[{SETTING=BLOCK, BUSINESS=NCT-DATA}]
07-29 14:13:04.316  4874  5903 V OplusCustomizeCacheManager: queryCache name: sys.cache.common_customize_cache18013 param: null
07-29 14:13:04.316  4963  4963 I OplusVirtualCommUtils: getVirtualCommDeviceType, vRet: 1
07-29 14:13:04.316  4963  4963 I OplusVirtualCommUtils: isConsumerDeviceType, deviceType: 1
07-29 14:13:04.316  5920 13178 D CellBroadcastConfigService: Enable CellBroadcast on sub 1
07-29 14:13:04.316  3401  4525 D WakeupController: start()
07-29 14:13:04.316  7111  7111 I OsAgent : onReceive: android.net.wifi.action.WIFI_SCAN_AVAILABILITY_CHANGED
07-29 14:13:04.316  7111  7511 I OsAgent : updateWiFiScanAvailState, scanAvailable: true
07-29 14:13:04.316  3401  4525 E WifiStaIfaceAidlImpl: setScanMode failed with service-specific exception: android.os.ServiceSpecificException:  (code 4)
07-29 14:13:04.316  4963  4963 D InternationalRoamingNotification: do not createRoamingNotification for invalid Network
07-29 14:13:04.316  3401  4525 I WifiService: Receive onDriverCountryCodeChanged to US, update available channel list
07-29 14:13:04.317  3401  3401 D OplusWifiBroadCastDispatcher: mBroadcastReceiver: onReceiver  action=android.net.wifi.action.WIFI_SCAN_AVAILABILITY_CHANGED
07-29 14:13:04.317  3401  4652 D OplusWifiPower_ConnLpmEventObsever: onReceive EXTRA_SCAN_AVAILABLE availabe = true
07-29 14:13:04.317  3401  4652 D OplusWifiPowerService: onReceive action:android.net.wifi.action.WIFI_SCAN_AVAILABILITY_CHANGED
07-29 14:13:04.317  3401  4652 D OplusWifiSwitchStateMonitor: scan settings change to true
07-29 14:13:04.317  3401  4525 E ApConfigUtil: Malformed channel value detected: java.lang.NumberFormatException: For input string: ""
07-29 14:13:04.318  2753  2753 I wificond: 2.4Ghz frequencies: 2412 2417 2422 2427 2432 2437 2442 2447 2452 2457 2462
07-29 14:13:04.318  2753  2753 I wificond: 5Ghz non-DFS frequencies: 5180 5200 5220 5240 5745 5765 5785 5805 5825
07-29 14:13:04.318  2753  2753 I wificond: 5Ghz DFS frequencies: 5260 5280 5300 5320 5500 5520 5540 5560 5580 5600 5620 5640 5660 5680 5700
07-29 14:13:04.318  2753  2753 I wificond: 6Ghz frequencies:
07-29 14:13:04.318  2753  2753 I wificond: 60Ghz frequencies:
07-29 14:13:04.318  3401  4525 E ApConfigUtil: Malformed channel value detected: java.lang.NumberFormatException: For input string: ""
07-29 14:13:04.318  5239  5239 D SubsysEventListenerManager-SubsysTelephonyCallback[0]: onCellInfoChanged
07-29 14:13:04.318  3401  4525 E ApConfigUtil: Malformed channel value detected: java.lang.NumberFormatException: For input string: ""
07-29 14:13:04.319  3401  4651 D OplusSoftApManager: Support Wi-Fi6 SAP
07-29 14:13:04.319  3401  4525 I WifiService: Receive onDriverCountryCodeChanged to US, update available channel list
07-29 14:13:04.319  3401  4525 E ApConfigUtil: Malformed channel value detected: java.lang.NumberFormatException: For input string: ""
07-29 14:13:04.320  3401  4525 E ApConfigUtil: Malformed channel value detected: java.lang.NumberFormatException: For input string: ""
07-29 14:13:04.320  3401  4525 E ApConfigUtil: Malformed channel value detected: java.lang.NumberFormatException: For input string: ""
07-29 14:13:04.320  3401  4525 I WifiService: Receive onDriverCountryCodeChanged to US, update available channel list
07-29 14:13:04.320  3401  4525 E ApConfigUtil: Malformed channel value detected: java.lang.NumberFormatException: For input string: ""
07-29 14:13:04.321  3401  4525 E ApConfigUtil: Malformed channel value detected: java.lang.NumberFormatException: For input string: ""
07-29 14:13:04.321  3401  4525 E ApConfigUtil: Malformed channel value detected: java.lang.NumberFormatException: For input string: ""
07-29 14:13:04.344  4874  4874 I SystemUi--QuickSettings: QsLottieUtils-->getLottieAnimFile : qs/qs_airplane_lottie_active_sep_dual_light.json
07-29 14:13:04.345  1963  2014 I [UAH_CLIENT]: UahRelease, handle:44
07-29 14:13:04.345  4874  4874 I SystemUi--QuickSettings: TemporarilyInfoManager-->[trigger] start from show
07-29 14:13:04.346  4874  4874 I SystemUi--QuickSettings: TemporarilyInfoManager-->[getLayoutParams] translationY=102.07916, translationX=0, width=1080, height=228, isLandscape=false, parent=androidx.constraintlayout.widget.ConstraintLayout{2e774a6 V.E...... ......ID 0,0-1080,2376 #7f0a09f6 app:id/qs_container_area_layout alpha=1.0 viewInfo = }
07-29 14:13:04.346  4874  4874 I SystemUi--Common: ViewExt-->[startAlongWithPosition] com.oplus.systemui.qs.base.temporarilyinfo.TemporarilyInfoManager$createViewToParent$1{2522904 V.ED..... ......ID 0,0-0,0 #7f0a0cb6 app:id/temporarily_info_view alpha=0.0 viewInfo = } alongWith android.widget.RelativeLayout{292deed V.E...... ........ 0,102-1080,222 #7f0a0a2e app:id/qs_status_bar_container_layout alpha=1.0 viewInfo = }
07-29 14:13:04.346  4874  4874 I SystemUi--QuickSettings: TemporarilyInfoManager-->[showElement] com.oplus.systemui.qs.base.temporarilyinfo.TemporarilyInfoManager$createViewToParent$1{2522904 V.ED..... ......ID 0,0-0,0 #7f0a0cb6 app:id/temporarily_info_view alpha=0.0 viewInfo = } for Element(text=Airplane mode off, groupId=Airplane mode, style=InfoShowStyle(textSize=16.0, sizeUnit=2, textColor=-1, showDuration=1500, alongWithReplacedView=true))
07-29 14:13:04.347  4874  4874 I SystemUi--QuickSettings: TemporarilyInfoManager-->[animateShow] com.oplus.systemui.qs.base.temporarilyinfo.TemporarilyInfoManager$createViewToParent$1{2522904 VFED..C.. ......ID 0,0-0,0 #7f0a0cb6 app:id/temporarily_info_view alpha=0.0 viewInfo = } start
07-29 14:13:04.376  4874  4874 I SystemUi--QuickSettings: QsLottieUtils-->getLottieAnimFile : qs/qs_cellular_lottie_active_sep_dual_light.json
07-29 14:13:04.392  3455  3949 D QmiClient: qmiServiceEventCallback recv msg id 1106
07-29 14:13:04.392  3455  3949 D QmiVsClient: enter - onQmiServiceEventCallback msgId 1106
07-29 14:13:04.392  3455  3491 D VsProxy : handleMessage msg is 2425
07-29 14:13:04.392  3455  3491 D VsProxy : handleServingCellInfoChangeInd for instance 0
07-29 14:13:04.392  3455  3455 D RadioServiceIndication: radioServingCellInfoInd
07-29 14:13:04.392  3455  3455 D RadioServiceIndication: radioServingCellInfoInd
07-29 14:13:04.393  5239  6383 D SubsysRadioIndication[0]: radioServingCellInfoInd
07-29 14:13:04.393  5239  5239 D NetworkService[0]: handleMessage what:1003
07-29 14:13:04.393  5239  6383 D SubsysRadioIndication[0]: radioServingCellInfoInd
07-29 14:13:04.394  5239  5239 D NetworkService[0]: handleMessage what:1003
07-29 14:13:04.395  5072  5854 D RadioEvent: onCellInfoChanged slotId=0
07-29 14:13:04.395  5072  5854 D RadioEvent: onCellInfoChanged slotId=0
07-29 14:13:04.396  3455  3947 D QmiClient: qmiServiceEventCallback recv msg id 78
07-29 14:13:04.396  3455  3947 D QmiNasClient: enter : onQmiServiceEventCallback msgId 78
07-29 14:13:04.396  3455  3947 D QmiNasClientEvent: qmiNasClientNotifySysInfoEvent lte_ims_voice_avail_valid 0
07-29 14:13:04.397  3455  3515 D NasProxy: handleMessage msg is 2101
07-29 14:13:04.397  3455  3515 D NasProxy: handleNasSysInfoEvent for instance 0
07-29 14:13:04.397  5239  6383 D SubsysRadioIndication[0]: radioNr5gFreqTypeIndication, nr5gFreqType = 0
07-29 14:13:04.397  5239  5239 D QtiCellularNetwork: handleNr5gFreqTypeChanged 0, nr5gFreqType = 0
07-29 14:13:04.399  5157  5178 I QImsService: ImsRadioIndicationAidl : onServiceDomainChanged()[SUB0]
07-29 14:13:04.399  5157  5178 I QImsService: ImsSenderRxr : [UNSL]< UNSOL_SERVICE_DOMAIN_CHANGED 0[SUB0]
07-29 14:13:04.400  5157  5157 I QImsService: ImsRegistrationController : Message received: what = 5
07-29 14:13:04.400  5157  5157 I QImsService: ImsRegistrationController : handleSrvDomainChanged
07-29 14:13:04.402  5200  6264 D IWlanJni: getDataRegistrationState start
07-29 14:13:04.403  5047  7805 D QtiOemHookAidl: oemHookRawIndication length=21
07-29 14:13:04.403  5200  6289 D IWlanJni: new aidl event arrived
07-29 14:13:04.403  5200  6289 D IWlanJni: handleEvent 10
07-29 14:13:04.403  5200  6289 D IWlanJni: isThreadAttached start
07-29 14:13:04.403  5200  6289 D IWlanJni: jni detached
07-29 14:13:04.403  5200  6289 D IWlanJni: jni attached
07-29 14:13:04.403  5200  6289 D IWlanJni: getDataRegistrationStateResponse start
07-29 14:13:04.403  5200  6289 D IWlanJni: getJavaCallbackClass start
07-29 14:13:04.403  5200  6289 D IWlanJni: getJavaCallbackClass End midIs[1]
07-29 14:13:04.403  5200  6289 I IWlanAidlClient: getDataRegistrationStateResponse called
07-29 14:13:04.403  5200  6288 W IWlanNetworkService: 14 > Response Processed
07-29 14:13:04.403  5047  5047 D QcrilMsgTunnelIfaceManager: handleMessage what = 0
07-29 14:13:04.404  4963  4963 D QC_RIL_OEM_HOOK: Received Broadcast Intent ACTION_UNSOL_RESPONSE_OEM_HOOK_RAW
07-29 14:13:04.404  4963  4963 D QC_RIL_OEM_HOOK: Received Broadcast Intent ACTION_UNSOL_RESPONSE_OEM_HOOK_RAW
07-29 14:13:04.404  4963  4963 D QC_RIL_OEM_HOOK: Received Broadcast Intent ACTION_UNSOL_RESPONSE_OEM_HOOK_RAW
07-29 14:13:04.404  5047  5047 D QC_RIL_OEM_HOOK: Received Broadcast Intent ACTION_UNSOL_RESPONSE_OEM_HOOK_RAW
07-29 14:13:04.406  5239  5239 D SubsysEventListenerManager-SubsysTelephonyCallback[0]: onSignalStrengthsChanged
07-29 14:13:04.406  4963  4963 D OplusTelephonyController: onSignalStrengthChanged: SignalStrength=SignalStrength:{mCdma=CellSignalStrengthCdma: cdmaDbm=2147483647 cdmaEcio=2147483647 evdoDbm=2147483647 evdoEcio=2147483647 evdoSnr=2147483647 level=0,mGsm=CellSignalStrengthGsm: rssi=2147483647 ber=2147483647 mTa=2147483647 mLevel=0,mWcdma=CellSignalStrengthWcdma: ss=2147483647 ber=2147483647 rscp=2147483647 ecno=2147483647 level=0,mTdscdma=CellSignalStrengthTdscdma: rssi=2147483647 ber=2147483647 rscp=2147483647 level=0,mLte=CellSignalStrengthLte: rssi=2147483647 rsrp=2147483647 rsrq=2147483647 rssnr=2147483647 cqiTableIndex=2147483647 cqi=2147483647 ta=2147483647 level=0 parametersUseForLevel=0,mNr=CellSignalStrengthNr:{ csiRsrp = 2147483647 csiRsrq = 2147483647 csiCqiTableIndex = 2147483647 csiCqiReport = [] ssRsrp = 2147483647 ssRsrq = 2147483647 ssSinr = 2147483647 level = 0 parametersUseForLevel = 0 timingAdvance = 2147483647 },primary=CellSignalStrengthLte}
07-29 14:13:04.407  5200  6264 D IWlanJni: getDataRegistrationState start
07-29 14:13:04.408  5200  6289 D IWlanJni: new aidl event arrived
07-29 14:13:04.408  5200  6289 D IWlanJni: handleEvent 10
07-29 14:13:04.408  5200  6289 D IWlanJni: isThreadAttached start
07-29 14:13:04.408  5200  6289 D IWlanJni: jni detached
07-29 14:13:04.408  5200  6289 D IWlanJni: jni attached
07-29 14:13:04.408  5200  6289 D IWlanJni: getDataRegistrationStateResponse start
07-29 14:13:04.408  5200  6289 D IWlanJni: getJavaCallbackClass start
07-29 14:13:04.408  5200  6289 D IWlanJni: getJavaCallbackClass End midIs[1]
07-29 14:13:04.408  5200  6289 I IWlanAidlClient: getDataRegistrationStateResponse called
07-29 14:13:04.408  5200  6288 W IWlanNetworkService: 15 > Response Processed
07-29 14:13:04.411  3401  5877 W BestClock: java.time.DateTimeException: Missing network time fix
07-29 14:13:04.412  4963  4963 W Settings: Setting airplane_mode_on has moved from android.provider.Settings.System to android.provider.Settings.Global, returning read-only value.
07-29 14:13:04.412  5072  5859 D NAS-CallIssueDetector: onPollCsPsRegStateChanged slotid = 0
07-29 14:13:04.412  5072  5859 D NAS-CallIssueDetector: notifyRealOosChanged
07-29 14:13:04.412  5072  5859 D OplusCiwlanController: [vodata] getSubId subid =  1
07-29 14:13:04.413  5072  5860 W BluetoothAdapterExtImpl: getBluetoothConnectionCount：mOplusBluetooth null!
07-29 14:13:04.413  3401  5873 W BestClock: java.time.DateTimeException: Missing network time fix
07-29 14:13:04.413  5072  5860 D TelephonyImpl: isRequestingMms
07-29 14:13:04.413  5072  5860 D TelephonyImpl: getReleaseMmsNetworkTime
07-29 14:13:04.414  5072  5860 D OplusDdsSwitchStrategy: Md,OplusCheckFeature,RETURN_TO_CUR_ACTION_DDS
07-29 14:13:04.414  4874  5903 V OplusCustomizeCacheManager: queryCache name: sys.cache.common_customize_cache18014 param: null
07-29 14:13:04.414  4874  5903 V OplusCustomizeCacheManager: queryCache name: sys.cache.common_customize_cache18017 param: Bundle[{SETTING=BLOCK, BUSINESS=NCT-DATA}]
07-29 14:13:04.414  4874  5903 V OplusCustomizeCacheManager: queryCache name: sys.cache.common_customize_cache18013 param: null
07-29 14:13:04.414  5072  5859 D OplusCiwlanController: [vodata] processOosChanged  phoneid = 0,cur regstate = 1,old regstate = -1
07-29 14:13:04.414  5072  5859 D OplusCiwlanController: [vodata] getSubId subid =  -1
07-29 14:13:04.414  5072  5859 D OplusCiwlanController: [vodata] processOosChanged  phoneid = 1,cur regstate = 1,old regstate = -1
07-29 14:13:04.414  4720  4861 D CNGmsControlService: receive:oplus.intent.action.MCC_CHANGE
07-29 14:13:04.415  3401  3401 D OplusWifiBroadCastDispatcher: mBroadcastReceiver: onReceiver  action=oplus.intent.action.MCC_CHANGE
07-29 14:13:04.415  7445  7445 I 7445PAS.MccChangeReceiver_Travel: onReceive
07-29 14:13:04.416  4720  4861 D CNGmsControlService: mcc1=001 mcc2=null GmsState=2 TagWhitelistApp=true UserDisableCount=0 SettingsGmsState=1
07-29 14:13:04.418  4874  5133 I SystemUi--QuickSettings: Tile.OplusCellularTile-->updateCarrierText: dialog not showing, ignore
07-29 14:13:04.418  4874  5133 D SimStateHelper: slot:0, lock state:Bundle[mParcelledData.dataSize=56]
07-29 14:13:04.418  4874  5133 D SimStateHelper: slot:1, lock state:Bundle[mParcelledData.dataSize=56]
07-29 14:13:04.418  4874  5133 D SimStateHelper: needDisableMenu: slot1State=-1; slot2State=-1
07-29 14:13:04.418  4874  5133 D SimStateHelper: needDisableMenu:false
07-29 14:13:04.418  7445  8362 D NetWorkMonitor: addNetStateListener :true
07-29 14:13:04.419  3401  5873 D ConnectivityService: requestNetwork for uid/pid:10137/7445 activeRequest: null callbackRequest: 284 [NetworkRequest [ REQUEST id=285, [ Capabilities: INTERNET&NOT_RESTRICTED&TRUSTED&NOT_VCN_MANAGED&NOT_BANDWIDTH_CONSTRAINED Uid: 10137 RequestorUid: 10137 RequestorPkg: com.coloros.sceneservice UnderlyingNetworks: Null] ]] callback flags: 0 order: 2147483647 isUidTracked: false
07-29 14:13:04.419  7445  8362 D NetWorkMonitor: resume registerNetworkCallback
07-29 14:13:04.419  4963  6363 D OplusNetworkFactory: got request NetworkRequest [ REQUEST id=285, [ Capabilities: INTERNET&NOT_RESTRICTED&TRUSTED&NOT_VCN_MANAGED&NOT_BANDWIDTH_CONSTRAINED Uid: 10137 RequestorUid: 10137 RequestorPkg: com.coloros.sceneservice UnderlyingNetworks: Null] ]
07-29 14:13:04.419  5072  5111 W Binder  : Caught a RuntimeException from the binder stub implementation.
07-29 14:13:04.419  5072  5111 W Binder  : java.lang.NullPointerException: Attempt to invoke virtual method 'boolean android.net.Uri.equals(java.lang.Object)' on a null object reference
07-29 14:13:04.419  5072  5111 W Binder  : 	at xb.a$b.onChange(Unknown Source:16)
07-29 14:13:04.419  5072  5111 W Binder  : 	at android.database.ContentObserver.onChange(ContentObserver.java:184)
07-29 14:13:04.419  5072  5111 W Binder  : 	at android.database.ContentObserver.onChange(ContentObserver.java:202)
07-29 14:13:04.419  5072  5111 W Binder  : 	at android.database.ContentObserver.onChange(ContentObserver.java:224)
07-29 14:13:04.419  5072  5111 W Binder  : 	at android.database.ContentObserver.onChange(ContentObserver.java:236)
07-29 14:13:04.419  5072  5111 W Binder  : 	at android.database.ContentObserver.dispatchChange(ContentObserver.java:335)
07-29 14:13:04.419  5072  5111 W Binder  : 	at android.database.ContentObserver$Transport.onChangeEtc(ContentObserver.java:357)
07-29 14:13:04.419  5072  5111 W Binder  : 	at android.database.IContentObserver$Stub.onTransact(IContentObserver.java:120)
07-29 14:13:04.419  5072  5111 W Binder  : 	at android.os.Binder.execTransactInternal(Binder.java:1523)
07-29 14:13:04.419  5072  5111 W Binder  : 	at android.os.Binder.execTransact(Binder.java:1457)
