07-28 05:07:17.753  4854  5662 V OplusCustomizeCacheManager: queryCache name: sys.cache.common_customize_cache11010 param: null
07-28 05:07:17.753  1828  4443 I sensors-hal: handle_oplus_wise_rgb_event:189, high_pwm_light:lux 2.0,cct 5300.0,brl/algo/ir 78.0/2.0/0.0,pwm/dc 0.0/0.0,rgbc 115.955849/110.040497/37.405632/271.179260,ts 59292393223,cnt 830,flag 160
07-28 05:07:17.753  4854  4854 I SystemUi--Statusbar: BatteryViewBinder-->create drawable: com.oplus.systemui.statusbar.pipeline.battery.ui.drawable.HorizontalBatteryContentDrawable@c60b208 iconStyle:BatteryIconStyle(iconStyle=1, oldStylePercentIn=false, densityDpi=480, scaleFactor=1.0, themeId=0, isThemeModeColor=false, frameColorMode=0, isPercentOutBgMode=false, isPercentOutPbMode=false, batteryOutChargeBgMode=0)
07-28 05:07:17.754  1915  4435 I Dpps    : LtmSwState::SetParameter():144 ignore cmd 7 in state LtmOffState
07-28 05:07:17.755  4854  4854 W SystemUi--Common: SubsetBitmapDrawable-->[isValid] innerBitmap?.isRecycled=null
07-28 05:07:17.755  4854  4854 I SystemUi--Statusbar: BatteryViewBinder-->create drawable: com.oplus.systemui.statusbar.pipeline.battery.ui.drawable.HorizontalBatteryContentDrawable@9ffeb8b iconStyle:BatteryIconStyle(iconStyle=1, oldStylePercentIn=false, densityDpi=480, scaleFactor=1.0, themeId=0, isThemeModeColor=false, frameColorMode=0, isPercentOutBgMode=false, isPercentOutPbMode=false, batteryOutChargeBgMode=0)
07-28 05:07:17.755  2167  2167 D OplusInfoMonitor: setListenerReport: reportInfo:
07-28 05:07:17.756  4854  4854 I SystemUi--Statusbar: BatteryViewBinder-->create drawable: com.oplus.systemui.statusbar.pipeline.battery.ui.drawable.HorizontalBatteryContentDrawable@43dd468 iconStyle:BatteryIconStyle(iconStyle=1, oldStylePercentIn=false, densityDpi=480, scaleFactor=1.0, themeId=0, isThemeModeColor=false, frameColorMode=0, isPercentOutBgMode=false, isPercentOutPbMode=false, batteryOutChargeBgMode=0)
07-28 05:07:17.756  2167  2417 D SurfaceFlinger: captureLayers from pid 5392 uid -335
07-28 05:07:17.757  3396  6691 I InputDispatcher: injectInputEvent: targetUid=<not set>, syncMode=WAIT_FOR_FINISHED, timeout=30000ms, policyFlags=0x8000000, event=MotionEvent { action=MOVE, id[0]=0, x[0]=900, y[0]=739.2, eventTime=59376000000, downTime=59268000000, deviceId=4, source=TOUCHSCREEN, displayId=0, eventId=0xe187c7df}
07-28 05:07:17.757  4854  4854 I SystemUi--Keyguard: ScrimControllerExImp-->blur State to UNLOCK, bouncer=false changeFromBouncerScrim= false runnerUnlock= false goingAway=false hasHandle=true isOccludeAnimationPlaying=false
07-28 05:07:17.757  3396  3757 D PowerManagerService: userActivityNoUpdateLocked: groupId=0, eventTime=59376, event=touch, flags=0x0, uid=1000
07-28 05:07:17.757  4854  4854 I SystemUi--Keyguard: ScrimControllerExImp-->blur State to UNLOCK, bouncer=false changeFromBouncerScrim= false runnerUnlock= false goingAway=false hasHandle=true isOccludeAnimationPlaying=false
07-28 05:07:17.757  4854  4854 I SystemUi--QuickSettings: QSPanelAnimatorManager-->showFirstElement
07-28 05:07:17.758  4854  4854 D ViewRootImplExtImpl: wrapConfigInfoIntoFlags rotation=0, smallestScreenWidthDp=360, residentWS=false, scenario=0, bounds=Rect(0, 0 - 1080, 2376), relayoutAsync=true, flags=1, newFlags=1245719809, title=NotificationShade
07-28 05:07:17.758  4854  4854 W VRI[NotificationShade]: updateBlastSurfaceIfNeeded, surfaceSize:Point(1080, 2376), lastSurfaceSize:Point(1080, 2376), format:-3, blastBufferQueue:android.graphics.BLASTBufferQueue@ba53553
07-28 05:07:17.758  3396  4184 D WindowManagerServiceExtImpl: extractConfigInfoAndRealFlags rotation=0, screenDp=360, residentWS:0, scenario:0, bounds:2376, serverWinBounds:Rect(0, 0 - 1080, 2376), win=Window{c3877cd u0 NotificationShade}
07-28 05:07:17.758  3396  4184 V WindowManager: Relayout Window{c3877cd u0 NotificationShade}: viewVisibility=0, oldvis=0, req=1080x2376, vsysui=, x=0, y=0
07-28 05:07:17.759  3396  4184 D RefreshRate: initControlPanelRefreshRateData PreferredRefreshRateData{mPreferredRefreshRateId=[3, 1, 2, 3],isAnimBoost=true}
07-28 05:07:17.760  3396  4184 D WindowManager: NFW_findFocusedWindowIfNeeded:Window{c3877cd u0 NotificationShade} mCurrentFocus:Window{2ce2be1 u0 com.android.launcher/com.android.launcher.Launcher}
07-28 05:07:17.760  3396  4184 V WindowManager: Changing focus from Window{2ce2be1 u0 com.android.launcher/com.android.launcher.Launcher} to Window{c3877cd u0 NotificationShade},diplayid=0
07-28 05:07:17.760  3396  4604 E OplusUIFirst_WS: unknown window type: -1
07-28 05:07:17.760  3396  3777 D VRR [OPlusRefreshRateService]: Receive multi scene changed eventId = 5 bundleList.size = 2
07-28 05:07:17.760  3396  4604 E UAH-Framework: invalid window type -1
07-28 05:07:17.760  3396  4666 E FBProcessManager: unknown window type: -1
07-28 05:07:17.760  1911  1975 I SnapAlloc: Using graphics libs for alignment calculations
07-28 05:07:17.760  4854  4854 I SurfaceControl:  setExtendedRangeBrightness sc=Surface(name=NotificationShade)/@0xd6c948d,currentBufferRatio=1.0,desiredRatio=1.0
07-28 05:07:17.761  3396  4184 D Theia.NoFocusWindow: FocusWindowErrorScene cancelCheckFreezeScreen
07-28 05:07:17.761  3396  4184 W TheiaWindowMonitor: [check] focusedWindow is null or enable is false
07-28 05:07:17.761  1911  1975 I SnapAlloc: Using graphics libs for alignment calculations
07-28 05:07:17.762  1911  1975 I SnapAlloc: Using graphics libs for alignment calculations
07-28 05:07:17.763  4854  4854 D JankUtils: gfxSceneBegin; scene: 7; sceneDes: QS PULL
07-28 05:07:17.763  4854  4854 I SystemUi--Keyguard: ScrimControllerExImp-->blur State to UNLOCK, bouncer=false changeFromBouncerScrim= false runnerUnlock= false goingAway=false hasHandle=true isOccludeAnimationPlaying=false
07-28 05:07:17.763  4854  4854 I SystemUi--Keyguard: ScrimControllerExImp-->blur State to UNLOCK, bouncer=false changeFromBouncerScrim= false runnerUnlock= false goingAway=false hasHandle=true isOccludeAnimationPlaying=false
07-28 05:07:17.763  4854  5979 D Util    : isPkgInstalled_isPkgInstalled = false
07-28 05:07:17.764  3396  3600 D SurfaceComposerClient: Transaction::apply InputWindowCommands.focusRequests timestamp=59380974663, windowName=c3877cd NotificationShade
07-28 05:07:17.764  4854  5979 D Util    : isPkgInstalled_isPkgInstalled = true
07-28 05:07:17.766  4854  4854 I SystemUi--Keyguard: ScrimControllerExImp-->blur State to UNLOCK, bouncer=false changeFromBouncerScrim= false runnerUnlock= false goingAway=false hasHandle=true isOccludeAnimationPlaying=false
07-28 05:07:17.766  3396  6691 I InputDispatcher: injectInputEvent: targetUid=<not set>, syncMode=WAIT_FOR_FINISHED, timeout=30000ms, policyFlags=0x8000000, event=MotionEvent { action=MOVE, id[0]=0, x[0]=900, y[0]=804.867, eventTime=59386000000, downTime=59268000000, deviceId=4, source=TOUCHSCREEN, displayId=0, eventId=0xc98894c9}
07-28 05:07:17.766  4854  4854 I SystemUi--Keyguard: ScrimControllerExImp-->blur State to UNLOCK, bouncer=false changeFromBouncerScrim= false runnerUnlock= false goingAway=false hasHandle=true isOccludeAnimationPlaying=false
07-28 05:07:17.767  4854  5555 W BlurApp_1.0.7-OPlusBlurDrawable: [updatePosition] multiple changes in frame 4, maybe attached to multiple views!
07-28 05:07:17.767  4854  5555 W BlurApp_1.0.7-OPlusBlurDrawable: [updatePosition] multiple changes in frame 4, maybe attached to multiple views!
07-28 05:07:17.767  4854  5555 W BlurApp_1.0.7-OPlusBlurDrawable: [updatePosition] multiple changes in frame 4, maybe attached to multiple views!
07-28 05:07:17.767  4854  5555 W BlurApp_1.0.7-OPlusBlurDrawable: [updatePosition] multiple changes in frame 4, maybe attached to multiple views!
07-28 05:07:17.767  4854  5555 W BlurApp_1.0.7-OPlusBlurDrawable: [updatePosition] multiple changes in frame 4, maybe attached to multiple views!
07-28 05:07:17.767  4854  5555 W BlurApp_1.0.7-OPlusBlurDrawable: [updatePosition] multiple changes in frame 4, maybe attached to multiple views!
07-28 05:07:17.767  4854  5555 W BlurApp_1.0.7-OPlusBlurDrawable: [updatePosition] multiple changes in frame 4, maybe attached to multiple views!
07-28 05:07:17.767  4854  5555 W BlurApp_1.0.7-OPlusBlurDrawable: [updatePosition] multiple changes in frame 4, maybe attached to multiple views!
07-28 05:07:17.767  4854  5555 W BlurApp_1.0.7-OPlusBlurDrawable: [updatePosition] multiple changes in frame 4, maybe attached to multiple views!
07-28 05:07:17.767  4854  5555 W BlurApp_1.0.7-OPlusBlurDrawable: [updatePosition] multiple changes in frame 4, maybe attached to multiple views!
07-28 05:07:17.767  4854  5555 W BlurApp_1.0.7-OPlusBlurDrawable: [updatePosition] multiple changes in frame 4, maybe attached to multiple views!
07-28 05:07:17.768  4854  5555 W BlurApp_1.0.7-OPlusBlurDrawable: [updatePosition] multiple changes in frame 4, maybe attached to multiple views!
07-28 05:07:17.768  4854  5555 W BlurApp_1.0.7-OPlusBlurDrawable: [updatePosition] multiple changes in frame 4, maybe attached to multiple views!
07-28 05:07:17.768  4854  5555 W BlurApp_1.0.7-OPlusBlurDrawable: [updatePosition] multiple changes in frame 4, maybe attached to multiple views!
07-28 05:07:17.768  4854  5555 W BlurApp_1.0.7-OPlusBlurDrawable: [updatePosition] multiple changes in frame 4, maybe attached to multiple views!
07-28 05:07:17.768  4854  5555 W BlurApp_1.0.7-OPlusBlurDrawable: [updatePosition] multiple changes in frame 4, maybe attached to multiple views!
07-28 05:07:17.773  2167  3534 D SurfaceFlinger: updateWinowInfo=1, setFocusedWindow timestamp=59380974663, windowName=c3877cd NotificationShade
07-28 05:07:17.773  3396  5603 I InputDispatcher: NFW_setFocusedWindow, c3877cd NotificationShade on display 0, same as the previous:0
07-28 05:07:17.773  3396  5603 I InputDispatcher: updateFocusedWindow,  on display 0, reason: Waiting for window because NOT_FOCUSABLE, result:   FocusedWindows: <none>
07-28 05:07:17.773  3396  4184 I InputDispatcher: updateFocusedWindow, c3877cd NotificationShade on display 0, reason: Window became focusable. Previous reason: NOT_FOCUSABLE, result:   FocusedWindows:
07-28 05:07:17.773  3396  4184 I InputDispatcher:     displayId=0, name='c3877cd NotificationShade'
07-28 05:07:17.773  5189  5189 D VRI[Launcher]: onFocusEvent false
07-28 05:07:17.773  4854  4854 D VRI[NotificationShade]: onFocusEvent true
07-28 05:07:17.774  4854  4854 I SystemUi--Keyguard: OplusRepeatWhenAttachedUnlock-->updateState: view.windowVisibility: 0, keyguardShow: false, isInPreviewMode: false, view.hasWindowFocus(): true
07-28 05:07:17.774  4854  4854 I SystemUi--Keyguard: OplusRepeatWhenAttachedUnlock-->updateState: view.windowVisibility: 0, keyguardShow: false, isInPreviewMode: false, view.hasWindowFocus(): true
07-28 05:07:17.775  1911  1975 I SnapAlloc: Using graphics libs for alignment calculations
07-28 05:07:17.775  3396  6691 I InputDispatcher: injectInputEvent: targetUid=<not set>, syncMode=WAIT_FOR_FINISHED, timeout=30000ms, policyFlags=0x8000000, event=MotionEvent { action=MOVE, id[0]=0, x[0]=900, y[0]=857.4, eventTime=59394000000, downTime=59268000000, deviceId=4, source=TOUCHSCREEN, displayId=0, eventId=0xeef81023}
07-28 05:07:17.775  4854  4854 I SystemUi--Keyguard: ScrimControllerExImp-->blur State to UNLOCK, bouncer=false changeFromBouncerScrim= false runnerUnlock= false goingAway=false hasHandle=true isOccludeAnimationPlaying=false
07-28 05:07:17.775  4854  4854 I SystemUi--Keyguard: ScrimControllerExImp-->blur State to UNLOCK, bouncer=false changeFromBouncerScrim= false runnerUnlock= false goingAway=false hasHandle=true isOccludeAnimationPlaying=false
07-28 05:07:17.775  4854  4854 I SystemUi--QuickSettings: QSPanelAnimatorManager-->showSecondElement
07-28 05:07:17.783  3396  6691 I InputDispatcher: injectInputEvent: targetUid=<not set>, syncMode=WAIT_FOR_FINISHED, timeout=30000ms, policyFlags=0x8000000, event=MotionEvent { action=MOVE, id[0]=0, x[0]=900, y[0]=909.934, eventTime=59402000000, downTime=59268000000, deviceId=4, source=TOUCHSCREEN, displayId=0, eventId=0xf07ca11f}
07-28 05:07:17.783  4854  4854 I SystemUi--Keyguard: ScrimControllerExImp-->blur State to UNLOCK, bouncer=false changeFromBouncerScrim= false runnerUnlock= false goingAway=false hasHandle=true isOccludeAnimationPlaying=false
07-28 05:07:17.783  4854  4854 I SystemUi--Keyguard: ScrimControllerExImp-->blur State to UNLOCK, bouncer=false changeFromBouncerScrim= false runnerUnlock= false goingAway=false hasHandle=true isOccludeAnimationPlaying=false
07-28 05:07:17.787  4854  5357 I SystemUi--Statusbar: PrivacyDotViewController-->processNextViewState: 
07-28 05:07:17.787  4854  5357 I SystemUi--Statusbar: PrivacyDotViewController-->resolveState ViewState(viewInitialized=true, systemPrivacyEventIsActive=false, shadeExpanded=true, needShow=false, portraitRect=Rect(0, 0 - 1080, 120), landscapeRect=Rect(120, 0 - 2376, 120), upsideDownRect=Rect(0, 0 - 1080, 120), seascapeRect=Rect(0, 0 - 2244, 120), layoutRtl=false, rotation=0, paddingTop=14, paddingBottom=15, cornerIndex=1, designatedCorner=android.widget.FrameLayout{9c842f5 I.E...... ......ID 1032,0-1080,120 #7f0a09cd app:id/privacy_dot_top_right_container alpha=1.0 viewInfo = }, contentDescription=null, dotMargin=48)
07-28 05:07:17.791  1911  1975 I SnapAlloc: Using graphics libs for alignment calculations
07-28 05:07:17.791  4854  4854 I SystemUi--Keyguard: ScrimControllerExImp-->blur State to UNLOCK, bouncer=false changeFromBouncerScrim= false runnerUnlock= false goingAway=false hasHandle=true isOccludeAnimationPlaying=false
07-28 05:07:17.791  3396  6691 I InputDispatcher: injectInputEvent: targetUid=<not set>, syncMode=WAIT_FOR_FINISHED, timeout=30000ms, policyFlags=0x8000000, event=MotionEvent { action=MOVE, id[0]=0, x[0]=900, y[0]=969.033, eventTime=59411000000, downTime=59268000000, deviceId=4, source=TOUCHSCREEN, displayId=0, eventId=0xd6c51d92}
07-28 05:07:17.792  4854  4854 I SystemUi--Keyguard: ScrimControllerExImp-->blur State to UNLOCK, bouncer=false changeFromBouncerScrim= false runnerUnlock= false goingAway=false hasHandle=true isOccludeAnimationPlaying=false
07-28 05:07:17.800  4854  4854 I SystemUi--Keyguard: ScrimControllerExImp-->blur State to UNLOCK, bouncer=false changeFromBouncerScrim= false runnerUnlock= false goingAway=false hasHandle=true isOccludeAnimationPlaying=false
07-28 05:07:17.800  3396  6691 I InputDispatcher: injectInputEvent: targetUid=<not set>, syncMode=WAIT_FOR_FINISHED, timeout=30000ms, policyFlags=0x8000000, event=MotionEvent { action=MOVE, id[0]=0, x[0]=900, y[0]=1021.57, eventTime=59419000000, downTime=59268000000, deviceId=4, source=TOUCHSCREEN, displayId=0, eventId=0xe665e23a}
07-28 05:07:17.800  4854  4854 I SystemUi--Keyguard: ScrimControllerExImp-->blur State to UNLOCK, bouncer=false changeFromBouncerScrim= false runnerUnlock= false goingAway=false hasHandle=true isOccludeAnimationPlaying=false
07-28 05:07:17.808  1911  1975 I SnapAlloc: Using graphics libs for alignment calculations
07-28 05:07:17.808  4854  4854 I SystemUi--Keyguard: ScrimControllerExImp-->blur State to UNLOCK, bouncer=false changeFromBouncerScrim= false runnerUnlock= false goingAway=false hasHandle=true isOccludeAnimationPlaying=false
07-28 05:07:17.808  3396  6691 I InputDispatcher: injectInputEvent: targetUid=<not set>, syncMode=WAIT_FOR_FINISHED, timeout=30000ms, policyFlags=0x8000000, event=MotionEvent { action=MOVE, id[0]=0, x[0]=900, y[0]=1080.67, eventTime=59428000000, downTime=59268000000, deviceId=4, source=TOUCHSCREEN, displayId=0, eventId=0xd4cb8f80}
07-28 05:07:17.809  4854  4854 I SystemUi--Keyguard: ScrimControllerExImp-->blur State to UNLOCK, bouncer=false changeFromBouncerScrim= false runnerUnlock= false goingAway=false hasHandle=true isOccludeAnimationPlaying=false
07-28 05:07:17.816  3396  6691 I InputDispatcher: injectInputEvent: targetUid=<not set>, syncMode=WAIT_FOR_FINISHED, timeout=30000ms, policyFlags=0x8000000, event=MotionEvent { action=MOVE, id[0]=0, x[0]=900, y[0]=1133.2, eventTime=59436000000, downTime=59268000000, deviceId=4, source=TOUCHSCREEN, displayId=0, eventId=0xcb60eb4d}
07-28 05:07:17.816  4854  4854 I SystemUi--Keyguard: ScrimControllerExImp-->blur State to UNLOCK, bouncer=false changeFromBouncerScrim= false runnerUnlock= false goingAway=false hasHandle=true isOccludeAnimationPlaying=false
07-28 05:07:17.817  4854  4854 I SystemUi--Keyguard: ScrimControllerExImp-->blur State to UNLOCK, bouncer=false changeFromBouncerScrim= false runnerUnlock= false goingAway=false hasHandle=true isOccludeAnimationPlaying=false
07-28 05:07:17.824  1911  1975 I SnapAlloc: Using graphics libs for alignment calculations
07-28 05:07:17.824  4854  4854 I SystemUi--Keyguard: ScrimControllerExImp-->blur State to UNLOCK, bouncer=false changeFromBouncerScrim= false runnerUnlock= false goingAway=false hasHandle=true isOccludeAnimationPlaying=false
07-28 05:07:17.824  3396  6691 I InputDispatcher: injectInputEvent: targetUid=<not set>, syncMode=WAIT_FOR_FINISHED, timeout=30000ms, policyFlags=0x8000000, event=MotionEvent { action=MOVE, id[0]=0, x[0]=900, y[0]=1185.73, eventTime=59444000000, downTime=59268000000, deviceId=4, source=TOUCHSCREEN, displayId=0, eventId=0xf7fce476}
07-28 05:07:17.825  4854  4854 I SystemUi--Keyguard: ScrimControllerExImp-->blur State to UNLOCK, bouncer=false changeFromBouncerScrim= false runnerUnlock= false goingAway=false hasHandle=true isOccludeAnimationPlaying=false
07-28 05:07:17.833  4854  4854 I SystemUi--Keyguard: ScrimControllerExImp-->blur State to UNLOCK, bouncer=false changeFromBouncerScrim= false runnerUnlock= false goingAway=false hasHandle=true isOccludeAnimationPlaying=false
07-28 05:07:17.833  3396  6691 I InputDispatcher: injectInputEvent: targetUid=<not set>, syncMode=WAIT_FOR_FINISHED, timeout=30000ms, policyFlags=0x8000000, event=MotionEvent { action=MOVE, id[0]=0, x[0]=900, y[0]=1238.27, eventTime=59452000000, downTime=59268000000, deviceId=4, source=TOUCHSCREEN, displayId=0, eventId=0xde65d120}
07-28 05:07:17.833  4854  4854 I SystemUi--Keyguard: ScrimControllerExImp-->blur State to UNLOCK, bouncer=false changeFromBouncerScrim= false runnerUnlock= false goingAway=false hasHandle=true isOccludeAnimationPlaying=false
07-28 05:07:17.841  1911  1975 I SnapAlloc: Using graphics libs for alignment calculations
07-28 05:07:17.841  4854  4854 I SystemUi--Keyguard: ScrimControllerExImp-->blur State to UNLOCK, bouncer=false changeFromBouncerScrim= false runnerUnlock= false goingAway=false hasHandle=true isOccludeAnimationPlaying=false
07-28 05:07:17.842  4854  4854 I SystemUi--Keyguard: ScrimControllerExImp-->blur State to UNLOCK, bouncer=false changeFromBouncerScrim= false runnerUnlock= false goingAway=false hasHandle=true isOccludeAnimationPlaying=false
07-28 05:07:17.842  3396  6691 I InputDispatcher: injectInputEvent: targetUid=<not set>, syncMode=WAIT_FOR_FINISHED, timeout=30000ms, policyFlags=0x8000000, event=MotionEvent { action=MOVE, id[0]=0, x[0]=900, y[0]=1297.37, eventTime=59461000000, downTime=59268000000, deviceId=4, source=TOUCHSCREEN, displayId=0, eventId=0xdd97a1e0}
07-28 05:07:17.845  4854  5555 D HWUI    : OplusRenderNodeAnimator end!
07-28 05:07:17.845  4854  5555 D HWUI    : OplusRenderNodeAnimator end!
07-28 05:07:17.845  4854  5555 D HWUI    : OplusRenderNodeAnimator end!
07-28 05:07:17.845  4854  5555 D HWUI    : OplusRenderNodeAnimator end!
07-28 05:07:17.845  4854  4854 I SystemUi--Statusbar: CollapsedStatusBarFragmentExImpl-->animateHiddenState onAnimationEnd v:com.oplus.systemui.statusbar.widget.EndSideContentLayout{6941960 V.E...... ........ 172,0-440,91 #7f0a0c16 app:id/status_bar_end_side_content alpha=1.0 viewInfo = }  v alpha:1.0 v render alpha:0.0 animateAlpha=0.0
07-28 05:07:17.846  4854  4854 I SystemUi--Statusbar: CollapsedStatusBarFragmentExImpl-->animateHiddenState onAnimationEnd v:com.android.keyguard.AlphaOptimizedLinearLayout{24185d V.E...... ........ 0,0-48,91 alpha=1.0 viewInfo = }  v alpha:1.0 v render alpha:0.0 animateAlpha=0.0
07-28 05:07:17.846  4854  4854 I SystemUi--Statusbar: CollapsedStatusBarFragmentExImpl-->animateHiddenState onAnimationEnd v:com.oplus.systemui.statusbar.seeding.CapsulePluginContainer{9f04a68 V.E...... ........ 0,0-1080,120 #7f0a0b3b app:id/seeding_card_container alpha=1.0 viewInfo = }  v alpha:1.0 v render alpha:0.0 animateAlpha=0.0
07-28 05:07:17.846  4854  4854 I SystemUi--Statusbar: CollapsedStatusBarFragmentExImpl-->animateHiddenState onAnimationEnd v:com.oplus.systemui.statusbar.widget.StatClock{b40ac9a V.ED..... ........ 0,0-138,91 #7f0a02b9 app:id/clock alpha=1.0 viewInfo = }  v alpha:1.0 v render alpha:0.0 animateAlpha=0.0
07-28 05:07:17.850  4854  4854 I SystemUi--Keyguard: ScrimControllerExImp-->blur State to UNLOCK, bouncer=false changeFromBouncerScrim= false runnerUnlock= false goingAway=false hasHandle=true isOccludeAnimationPlaying=false
07-28 05:07:17.850  3396  6691 I InputDispatcher: injectInputEvent: targetUid=<not set>, syncMode=WAIT_FOR_FINISHED, timeout=30000ms, policyFlags=0x8000000, event=MotionEvent { action=MOVE, id[0]=0, x[0]=900, y[0]=1349.9, eventTime=59469000000, downTime=59268000000, deviceId=4, source=TOUCHSCREEN, displayId=0, eventId=0xfa8ca82d}
07-28 05:07:17.850  4854  4854 I SystemUi--Keyguard: ScrimControllerExImp-->blur State to UNLOCK, bouncer=false changeFromBouncerScrim= false runnerUnlock= false goingAway=false hasHandle=true isOccludeAnimationPlaying=false
07-28 05:07:17.858  1911  1975 I SnapAlloc: Using graphics libs for alignment calculations
07-28 05:07:17.860  4854  4854 I SystemUi--QuickSettings: QsLottieUtils-->getLottieAnimFile : qs/qs_location_lottie_active_sep_dual_light.json
07-28 05:07:17.863  4854  4854 I SystemUi--QuickSettings: QsLottieUtils-->getLottieAnimFile : qs/qs_nfc_lottie_active_sep_dual_light.json
07-28 05:07:17.864  4854 12908 W LOG_Effective: Effective doesn't support layer effects. If you are using them for  fills, strokes, trim paths etc. then try adding them directly as contents  in your shape. Found: [Slider Control]
07-28 05:07:17.864  4854 12908 W LOG_Effective: Animation contains merge paths. Merge paths are only supported on KitKat+ and must be manually enabled by calling enableMergePathsForKitKatAndAbove().
07-28 05:07:17.865  4854  4854 I SystemUi--Keyguard: ScrimControllerExImp-->blur State to UNLOCK, bouncer=false changeFromBouncerScrim= false runnerUnlock= false goingAway=false hasHandle=true isOccludeAnimationPlaying=false
07-28 05:07:17.865  3396  6691 I InputDispatcher: injectInputEvent: targetUid=<not set>, syncMode=WAIT_FOR_FINISHED, timeout=30000ms, policyFlags=0x8000000, event=MotionEvent { action=MOVE, id[0]=0, x[0]=900, y[0]=1448.4, eventTime=59484000000, downTime=59268000000, deviceId=4, source=TOUCHSCREEN, displayId=0, eventId=0xe189fe0d}
07-28 05:07:17.865  4854  4854 I SystemUi--Keyguard: ScrimControllerExImp-->blur State to UNLOCK, bouncer=false changeFromBouncerScrim= false runnerUnlock= false goingAway=false hasHandle=true isOccludeAnimationPlaying=false
07-28 05:07:17.866  3396  3757 D PowerManagerService: userActivityNoUpdateLocked: groupId=0, eventTime=59484, event=touch, flags=0x0, uid=1000
07-28 05:07:17.870  4854  4854 W LOG_Effective: Animation contains merge paths but they are disabled.
07-28 05:07:17.870  4854  4854 I SystemUi--Keyguard: ScrimControllerExImp-->blur State to UNLOCK, bouncer=false changeFromBouncerScrim= false runnerUnlock= false goingAway=false hasHandle=true isOccludeAnimationPlaying=false
07-28 05:07:17.870  4854  4854 I SystemUi--Keyguard: ScrimControllerExImp-->blur State to UNLOCK, bouncer=false changeFromBouncerScrim= false runnerUnlock= false goingAway=false hasHandle=true isOccludeAnimationPlaying=false
07-28 05:07:17.874  1911  1975 I SnapAlloc: Using graphics libs for alignment calculations
07-28 05:07:17.875  4854  4854 I SystemUi--Keyguard: ScrimControllerExImp-->blur State to UNLOCK, bouncer=false changeFromBouncerScrim= false runnerUnlock= false goingAway=false hasHandle=true isOccludeAnimationPlaying=false
07-28 05:07:17.875  3396  6691 I InputDispatcher: injectInputEvent: targetUid=<not set>, syncMode=WAIT_FOR_FINISHED, timeout=30000ms, policyFlags=0x8000000, event=MotionEvent { action=MOVE, id[0]=0, x[0]=900, y[0]=1514.07, eventTime=59494000000, downTime=59268000000, deviceId=4, source=TOUCHSCREEN, displayId=0, eventId=0xc1b0116f}
07-28 05:07:17.875  4854  4854 I SystemUi--Keyguard: ScrimControllerExImp-->blur State to UNLOCK, bouncer=false changeFromBouncerScrim= false runnerUnlock= false goingAway=false hasHandle=true isOccludeAnimationPlaying=false
07-28 05:07:17.882  3396  6691 I InputDispatcher: injectInputEvent: targetUid=<not set>, syncMode=WAIT_FOR_FINISHED, timeout=30000ms, policyFlags=0x8000000, event=MotionEvent { action=MOVE, id[0]=0, x[0]=900, y[0]=1566.6, eventTime=59502000000, downTime=59268000000, deviceId=4, source=TOUCHSCREEN, displayId=0, eventId=0xf28f7229}
07-28 05:07:17.882  4854  4854 I SystemUi--Keyguard: ScrimControllerExImp-->blur State to UNLOCK, bouncer=false changeFromBouncerScrim= false runnerUnlock= false goingAway=false hasHandle=true isOccludeAnimationPlaying=false
07-28 05:07:17.883  4854  4854 I SystemUi--Keyguard: ScrimControllerExImp-->blur State to UNLOCK, bouncer=false changeFromBouncerScrim= false runnerUnlock= false goingAway=false hasHandle=true isOccludeAnimationPlaying=false
07-28 05:07:17.891  1911  1975 I SnapAlloc: Using graphics libs for alignment calculations
07-28 05:07:17.891  4854  4854 I SystemUi--Keyguard: ScrimControllerExImp-->blur State to UNLOCK, bouncer=false changeFromBouncerScrim= false runnerUnlock= false goingAway=false hasHandle=true isOccludeAnimationPlaying=false
07-28 05:07:17.891  3396  6691 I InputDispatcher: injectInputEvent: targetUid=<not set>, syncMode=WAIT_FOR_FINISHED, timeout=30000ms, policyFlags=0x8000000, event=MotionEvent { action=MOVE, id[0]=0, x[0]=900, y[0]=1619.13, eventTime=59510000000, downTime=59268000000, deviceId=4, source=TOUCHSCREEN, displayId=0, eventId=0xc88499a7}
07-28 05:07:17.891  4854  4854 I SystemUi--Keyguard: ScrimControllerExImp-->blur State to UNLOCK, bouncer=false changeFromBouncerScrim= false runnerUnlock= false goingAway=false hasHandle=true isOccludeAnimationPlaying=false
07-28 05:07:17.899  4854  4854 I SystemUi--Keyguard: ScrimControllerExImp-->blur State to UNLOCK, bouncer=false changeFromBouncerScrim= false runnerUnlock= false goingAway=false hasHandle=true isOccludeAnimationPlaying=false
07-28 05:07:17.899  3396  6691 I InputDispatcher: injectInputEvent: targetUid=<not set>, syncMode=WAIT_FOR_FINISHED, timeout=30000ms, policyFlags=0x8000000, event=MotionEvent { action=MOVE, id[0]=0, x[0]=900, y[0]=1678.23, eventTime=59519000000, downTime=59268000000, deviceId=4, source=TOUCHSCREEN, displayId=0, eventId=0xf56ebe2b}
07-28 05:07:17.900  4854  4854 I SystemUi--Keyguard: ScrimControllerExImp-->blur State to UNLOCK, bouncer=false changeFromBouncerScrim= false runnerUnlock= false goingAway=false hasHandle=true isOccludeAnimationPlaying=false
07-28 05:07:17.907  1911  1975 I SnapAlloc: Using graphics libs for alignment calculations
07-28 05:07:17.908  3396  6691 I InputDispatcher: injectInputEvent: targetUid=<not set>, syncMode=WAIT_FOR_FINISHED, timeout=30000ms, policyFlags=0x8000000, event=MotionEvent { action=MOVE, id[0]=0, x[0]=900, y[0]=1730.77, eventTime=59527000000, downTime=59268000000, deviceId=4, source=TOUCHSCREEN, displayId=0, eventId=0xff840255}
07-28 05:07:17.908  4854  4854 I SystemUi--Keyguard: ScrimControllerExImp-->blur State to UNLOCK, bouncer=false changeFromBouncerScrim= false runnerUnlock= false goingAway=false hasHandle=true isOccludeAnimationPlaying=false
07-28 05:07:17.908  4854  4854 I SystemUi--Keyguard: ScrimControllerExImp-->blur State to UNLOCK, bouncer=false changeFromBouncerScrim= false runnerUnlock= false goingAway=false hasHandle=true isOccludeAnimationPlaying=false
07-28 05:07:17.916  4854  4854 I SystemUi--Keyguard: ScrimControllerExImp-->blur State to UNLOCK, bouncer=false changeFromBouncerScrim= false runnerUnlock= false goingAway=false hasHandle=true isOccludeAnimationPlaying=false
07-28 05:07:17.916  3396  6691 I InputDispatcher: injectInputEvent: targetUid=<not set>, syncMode=WAIT_FOR_FINISHED, timeout=30000ms, policyFlags=0x8000000, event=MotionEvent { action=MOVE, id[0]=0, x[0]=900, y[0]=1789.87, eventTime=59536000000, downTime=59268000000, deviceId=4, source=TOUCHSCREEN, displayId=0, eventId=0xe47e14c5}
07-28 05:07:17.917  4854  4854 I SystemUi--Keyguard: ScrimControllerExImp-->blur State to UNLOCK, bouncer=false changeFromBouncerScrim= false runnerUnlock= false goingAway=false hasHandle=true isOccludeAnimationPlaying=false
07-28 05:07:17.925  1911  1975 I SnapAlloc: Using graphics libs for alignment calculations
07-28 05:07:17.925  4854  4854 I SystemUi--Keyguard: ScrimControllerExImp-->blur State to UNLOCK, bouncer=false changeFromBouncerScrim= false runnerUnlock= false goingAway=false hasHandle=true isOccludeAnimationPlaying=false
07-28 05:07:17.925  3396  6691 I InputDispatcher: injectInputEvent: targetUid=<not set>, syncMode=WAIT_FOR_FINISHED, timeout=30000ms, policyFlags=0x8000000, event=MotionEvent { action=MOVE, id[0]=0, x[0]=900, y[0]=1842.4, eventTime=59544000000, downTime=59268000000, deviceId=4, source=TOUCHSCREEN, displayId=0, eventId=0xef892b1a}
07-28 05:07:17.926  4854  4854 I SystemUi--Keyguard: ScrimControllerExImp-->blur State to UNLOCK, bouncer=false changeFromBouncerScrim= false runnerUnlock= false goingAway=false hasHandle=true isOccludeAnimationPlaying=false
07-28 05:07:17.933  4854  4854 I SystemUi--Keyguard: ScrimControllerExImp-->blur State to UNLOCK, bouncer=false changeFromBouncerScrim= false runnerUnlock= false goingAway=false hasHandle=true isOccludeAnimationPlaying=false
07-28 05:07:17.933  3396  6691 I InputDispatcher: injectInputEvent: targetUid=<not set>, syncMode=WAIT_FOR_FINISHED, timeout=30000ms, policyFlags=0x8000000, event=MotionEvent { action=MOVE, id[0]=0, x[0]=900, y[0]=1894.93, eventTime=59552000000, downTime=59268000000, deviceId=4, source=TOUCHSCREEN, displayId=0, eventId=0xe778c4c5}
07-28 05:07:17.933  4854  4854 I SystemUi--Keyguard: ScrimControllerExImp-->blur State to UNLOCK, bouncer=false changeFromBouncerScrim= false runnerUnlock= false goingAway=false hasHandle=true isOccludeAnimationPlaying=false
07-28 05:07:17.941  1911  1975 I SnapAlloc: Using graphics libs for alignment calculations
07-28 05:07:17.941  4854  4854 I SystemUi--Keyguard: ScrimControllerExImp-->blur State to UNLOCK, bouncer=false changeFromBouncerScrim= false runnerUnlock= false goingAway=false hasHandle=true isOccludeAnimationPlaying=false
07-28 05:07:17.941  3396  6691 I InputDispatcher: injectInputEvent: targetUid=<not set>, syncMode=WAIT_FOR_FINISHED, timeout=30000ms, policyFlags=0x8000000, event=MotionEvent { action=MOVE, id[0]=0, x[0]=900, y[0]=1954.03, eventTime=59561000000, downTime=59268000000, deviceId=4, source=TOUCHSCREEN, displayId=0, eventId=0xd289513c}
07-28 05:07:17.942  4854  4854 I SystemUi--Keyguard: ScrimControllerExImp-->blur State to UNLOCK, bouncer=false changeFromBouncerScrim= false runnerUnlock= false goingAway=false hasHandle=true isOccludeAnimationPlaying=false
07-28 05:07:17.950  4854  4854 I SystemUi--Keyguard: ScrimControllerExImp-->blur State to UNLOCK, bouncer=false changeFromBouncerScrim= false runnerUnlock= false goingAway=false hasHandle=true isOccludeAnimationPlaying=false
07-28 05:07:17.950  3396  6691 I InputDispatcher: injectInputEvent: targetUid=<not set>, syncMode=WAIT_FOR_FINISHED, timeout=30000ms, policyFlags=0x8000000, event=MotionEvent { action=UP, id[0]=0, x[0]=900, y[0]=2000, eventTime=59570000000, downTime=59268000000, deviceId=4, source=TOUCHSCREEN, displayId=0, eventId=0xfa7d7dd0}
07-28 05:07:17.951  3396  4817 D UAH-UahAdaptHelper: adaptSetNotification identity = OplusUAwareInputHelpersrc = 1000 , type 1 ,p1 = -1 ,p2 = -1 ,p3 = -1 ,p4 =
07-28 05:07:17.951  3396  4817 I [UAH_CLIENT]: uahRuleCtl, ruleId:1000, status:1
07-28 05:07:17.951  4854  4854 I SystemUi--Keyguard: ScrimControllerExImp-->blur State to UNLOCK, bouncer=false changeFromBouncerScrim= false runnerUnlock= false goingAway=false hasHandle=true isOccludeAnimationPlaying=false
07-28 05:07:17.951  3396  4413 D OplusViewDebugManager: OplusViewDebugManager Constructor android.view.debug.OplusViewDebugManager@3f06976 [mHasViewDebugProperty true] [mHasMsgDebugProperty false] [DEBUG false] [EXTRAINFOENABLE false] [LIGHT_OS false]
07-28 05:07:17.951  3396  4413 D OplusViewDebugManager: OplusViewDebugManager Constructor android.view.debug.OplusViewDebugManager@4c30b77 [mHasViewDebugProperty true] [mHasMsgDebugProperty false] [DEBUG false] [EXTRAINFOENABLE false] [LIGHT_OS false]
07-28 05:07:17.951  3396  4817 I [UAH_CLIENT]: UahRelease, handle:36
07-28 05:07:17.951  3396  4817 I [UAH_CLIENT]: UahEventAcquire, cmdid:6, pkg:none, identity:OplusUAwareInputHelper
07-28 05:07:17.953  4854  4854 I SystemUi--Statusbar: OplusStatusBarWindowViewTouchExImpl-->onTouchEvent handled:false
07-28 05:07:17.953  4854  4854 I SystemUi--QuickSettings: OplusPanelViewPagerController-->reset
07-28 05:07:17.953  4854  4854 I SystemUi--QuickSettings: OplusPanelViewPagerController-->reset
07-28 05:07:17.953  4854  5979 I [UAH_CLIENT]: UahRelease, handle:35
07-28 05:07:17.953  4854  4854 I SystemUi--QuickSettings: OplusQSRootViewController-->endMotionEvent, expand: true, vel: 6566.6235, vectorVel: 6566.6235  isClosing=false panelClosedOnDown=true canSlideHToQSOnStatusBar=true
07-28 05:07:17.953  4854  4854 I SystemUi--QuickSettings: OplusQSRootViewController-->fling qs, expand: true, vel: 6566.6235
07-28 05:07:17.953  4854  4854 I SystemUi--QuickSettings: QSPanelExpandFraction-->animateExpanded, isExpanded=true, (0.96319014 -> 1.0), lastFinalPosition=1.0
07-28 05:07:17.953  4854  4854 I SystemUi--QuickSettings: QSPanelTranslationY-->animateExpandTranslationY, isExpanded=true, threshold=156.0
07-28 05:07:17.953  4854  4854 I SystemUi--QuickSettings: QSPanelAnimatorManager-->startRebound
07-28 05:07:17.953  4854  5979 I [UAH_CLIENT]: UahEventAcquire, cmdid:97, pkg:none, identity:OsenseHelperImpl
07-28 05:07:17.953  4854  4854 I SystemUi--QuickSettings: OplusPanelViewPagerController-->notifySeparateQSEndMotionEvent currentNotifyFraction=0.0  fraction=0.96319014 notifyExpandedFraction=0.0 fractionListeners.size=0
07-28 05:07:17.953  4854  4854 I SystemUi--QuickSettings: OplusQSRootViewController-->resetTouch
07-28 05:07:17.953  4854  4854 D OplusViewDragTouchViewHelper: dispatchTouchView action = 1
07-28 05:07:17.954  4854  4854 D OplusViewDragTouchViewHelper: dispatchTouchView action = 1
07-28 05:07:17.954  4854  4854 D OplusViewDragTouchViewHelper: dispatchTouchView action = 1
07-28 05:07:17.954  1941  1980 I [UAH_CLIENT]: UahPlatformResAcquire
07-28 05:07:17.954  1941  1980 I [UAH_CLIENT]: UahEventAcquire, cmdid:-3, pkg:1941 7115, identity:qcom-perfd
07-28 05:07:17.954  1941  1980 E PERFHAL-RESOURCEQS: PERFHAL-RESOURCEQS: AddAndApply() 130: Resource with major=18, minor=30 not supported
07-28 05:07:17.954  1941  1980 E PERFHAL-RESOURCEQS: PERFHAL-RESOURCEQS: AddAndApply() 130: Resource with major=18, minor=31 not supported
07-28 05:07:17.957  4854  4854 I SystemUi--Keyguard: ScrimControllerExImp-->blur State to UNLOCK, bouncer=false changeFromBouncerScrim= false runnerUnlock= false goingAway=false hasHandle=true isOccludeAnimationPlaying=false
07-28 05:07:17.958  1911  1975 I SnapAlloc: Using graphics libs for alignment calculations
07-28 05:07:17.958  4854  4854 I SystemUi--Keyguard: ScrimControllerExImp-->blur State to UNLOCK, bouncer=false changeFromBouncerScrim= false runnerUnlock= false goingAway=false hasHandle=true isOccludeAnimationPlaying=false
07-28 05:07:17.965  4854  4854 I SystemUi--Keyguard: ScrimControllerExImp-->blur State to UNLOCK, bouncer=false changeFromBouncerScrim= false runnerUnlock= false goingAway=false hasHandle=true isOccludeAnimationPlaying=false
07-28 05:07:17.965  4854  4854 I SystemUi--Keyguard: ScrimControllerExImp-->blur State to UNLOCK, bouncer=false changeFromBouncerScrim= false runnerUnlock= false goingAway=false hasHandle=true isOccludeAnimationPlaying=false
07-28 05:07:17.972  1998  1998 D SensorFeature: name=ssc_screenshot_info ,index = 22
07-28 05:07:17.972  1998  1998 D SensorFeature: write 29 bytes:59582658205,59590991538,161,0
07-28 05:07:17.974  4854  4854 I SystemUi--Keyguard: ScrimControllerExImp-->blur State to UNLOCK, bouncer=false changeFromBouncerScrim= false runnerUnlock= false goingAway=false hasHandle=true isOccludeAnimationPlaying=false
07-28 05:07:17.974  1911  1975 I SnapAlloc: Using graphics libs for alignment calculations
07-28 05:07:17.974  4854  4854 I SystemUi--Keyguard: ScrimControllerExImp-->blur State to UNLOCK, bouncer=false changeFromBouncerScrim= false runnerUnlock= false goingAway=false hasHandle=true isOccludeAnimationPlaying=false
07-28 05:07:17.982  4854  4854 I SystemUi--Keyguard: ScrimControllerExImp-->blur State to UNLOCK, bouncer=false changeFromBouncerScrim= false runnerUnlock= false goingAway=false hasHandle=true isOccludeAnimationPlaying=false
07-28 05:07:17.982  4854  4854 I SystemUi--Keyguard: ScrimControllerExImp-->blur State to UNLOCK, bouncer=false changeFromBouncerScrim= false runnerUnlock= false goingAway=false hasHandle=true isOccludeAnimationPlaying=false
07-28 05:07:17.990  4854  4854 I SystemUi--Keyguard: ScrimControllerExImp-->blur State to UNLOCK, bouncer=false changeFromBouncerScrim= false runnerUnlock= false goingAway=false hasHandle=true isOccludeAnimationPlaying=false
07-28 05:07:17.990  1911  1975 I SnapAlloc: Using graphics libs for alignment calculations
07-28 05:07:17.991  4854  4854 I SystemUi--Keyguard: ScrimControllerExImp-->blur State to UNLOCK, bouncer=false changeFromBouncerScrim= false runnerUnlock= false goingAway=false hasHandle=true isOccludeAnimationPlaying=false
07-28 05:07:17.998  4854  4854 I SystemUi--Keyguard: ScrimControllerExImp-->blur State to UNLOCK, bouncer=false changeFromBouncerScrim= false runnerUnlock= false goingAway=false hasHandle=true isOccludeAnimationPlaying=false
07-28 05:07:17.999  4854  4854 I SystemUi--Keyguard: ScrimControllerExImp-->blur State to UNLOCK, bouncer=false changeFromBouncerScrim= false runnerUnlock= false goingAway=false hasHandle=true isOccludeAnimationPlaying=false
07-28 05:07:18.007  4854  4854 I SystemUi--Keyguard: ScrimControllerExImp-->blur State to UNLOCK, bouncer=false changeFromBouncerScrim= false runnerUnlock= false goingAway=false hasHandle=true isOccludeAnimationPlaying=false
07-28 05:07:18.007  1911  1975 I SnapAlloc: Using graphics libs for alignment calculations
07-28 05:07:18.007  4854  4854 I SystemUi--Keyguard: ScrimControllerExImp-->blur State to UNLOCK, bouncer=false changeFromBouncerScrim= false runnerUnlock= false goingAway=false hasHandle=true isOccludeAnimationPlaying=false
07-28 05:07:18.015  4854  4854 I SystemUi--Keyguard: ScrimControllerExImp-->blur State to UNLOCK, bouncer=false changeFromBouncerScrim= false runnerUnlock= false goingAway=false hasHandle=true isOccludeAnimationPlaying=false
07-28 05:07:18.016  4854  4854 I SystemUi--Keyguard: ScrimControllerExImp-->blur State to UNLOCK, bouncer=false changeFromBouncerScrim= false runnerUnlock= false goingAway=false hasHandle=true isOccludeAnimationPlaying=false
07-28 05:07:18.020  1915  4435 I Dpps    : LtmSwState::SetParameter():144 ignore cmd 7 in state LtmOffState
07-28 05:07:18.024  4854  4854 I SystemUi--Keyguard: ScrimControllerExImp-->blur State to UNLOCK, bouncer=false changeFromBouncerScrim= false runnerUnlock= false goingAway=false hasHandle=true isOccludeAnimationPlaying=false
07-28 05:07:18.024  1911  1975 I SnapAlloc: Using graphics libs for alignment calculations
07-28 05:07:18.024  4854  4854 I SystemUi--Keyguard: ScrimControllerExImp-->blur State to UNLOCK, bouncer=false changeFromBouncerScrim= false runnerUnlock= false goingAway=false hasHandle=true isOccludeAnimationPlaying=false
07-28 05:07:18.032  4854  4854 I SystemUi--Keyguard: ScrimControllerExImp-->blur State to UNLOCK, bouncer=false changeFromBouncerScrim= false runnerUnlock= false goingAway=false hasHandle=true isOccludeAnimationPlaying=false
07-28 05:07:18.032  4854  4854 I SystemUi--Keyguard: ScrimControllerExImp-->blur State to UNLOCK, bouncer=false changeFromBouncerScrim= false runnerUnlock= false goingAway=false hasHandle=true isOccludeAnimationPlaying=false
07-28 05:07:18.040  4854  4854 I SystemUi--Keyguard: ScrimControllerExImp-->blur State to UNLOCK, bouncer=false changeFromBouncerScrim= false runnerUnlock= false goingAway=false hasHandle=true isOccludeAnimationPlaying=false
07-28 05:07:18.040  1911  1975 I SnapAlloc: Using graphics libs for alignment calculations
07-28 05:07:18.041  4854  4854 I SystemUi--Keyguard: ScrimControllerExImp-->blur State to UNLOCK, bouncer=false changeFromBouncerScrim= false runnerUnlock= false goingAway=false hasHandle=true isOccludeAnimationPlaying=false
07-28 05:07:18.048  4854  4854 I SystemUi--Keyguard: ScrimControllerExImp-->blur State to UNLOCK, bouncer=false changeFromBouncerScrim= false runnerUnlock= false goingAway=false hasHandle=true isOccludeAnimationPlaying=false
07-28 05:07:18.049  4854  4854 I SystemUi--Keyguard: ScrimControllerExImp-->blur State to UNLOCK, bouncer=false changeFromBouncerScrim= false runnerUnlock= false goingAway=false hasHandle=true isOccludeAnimationPlaying=false
07-28 05:07:18.057  4854  4854 I SystemUi--Keyguard: ScrimControllerExImp-->blur State to UNLOCK, bouncer=false changeFromBouncerScrim= false runnerUnlock= false goingAway=false hasHandle=true isOccludeAnimationPlaying=false
07-28 05:07:18.057  1911  1975 I SnapAlloc: Using graphics libs for alignment calculations
07-28 05:07:18.057  4854  4854 I SystemUi--Keyguard: ScrimControllerExImp-->blur State to UNLOCK, bouncer=false changeFromBouncerScrim= false runnerUnlock= false goingAway=false hasHandle=true isOccludeAnimationPlaying=false
07-28 05:07:18.065  4854  4854 I SystemUi--Keyguard: ScrimControllerExImp-->blur State to UNLOCK, bouncer=false changeFromBouncerScrim= false runnerUnlock= false goingAway=false hasHandle=true isOccludeAnimationPlaying=false
07-28 05:07:18.066  4854  4854 I SystemUi--Keyguard: ScrimControllerExImp-->blur State to UNLOCK, bouncer=false changeFromBouncerScrim= false runnerUnlock= false goingAway=false hasHandle=true isOccludeAnimationPlaying=false
07-28 05:07:18.073  4854  4854 I SystemUi--Keyguard: ScrimControllerExImp-->blur State to UNLOCK, bouncer=false changeFromBouncerScrim= false runnerUnlock= false goingAway=false hasHandle=true isOccludeAnimationPlaying=false
07-28 05:07:18.073  1911  1975 I SnapAlloc: Using graphics libs for alignment calculations
07-28 05:07:18.074  4854  4854 I SystemUi--Keyguard: ScrimControllerExImp-->blur State to UNLOCK, bouncer=false changeFromBouncerScrim= false runnerUnlock= false goingAway=false hasHandle=true isOccludeAnimationPlaying=false
07-28 05:07:18.081  4854  4854 I SystemUi--Keyguard: ScrimControllerExImp-->blur State to UNLOCK, bouncer=false changeFromBouncerScrim= false runnerUnlock= false goingAway=false hasHandle=true isOccludeAnimationPlaying=false
07-28 05:07:18.082  4854  4854 I SystemUi--Keyguard: ScrimControllerExImp-->blur State to UNLOCK, bouncer=false changeFromBouncerScrim= false runnerUnlock= false goingAway=false hasHandle=true isOccludeAnimationPlaying=false
07-28 05:07:18.090  4854  4854 I SystemUi--Keyguard: ScrimControllerExImp-->blur State to UNLOCK, bouncer=false changeFromBouncerScrim= false runnerUnlock= false goingAway=false hasHandle=true isOccludeAnimationPlaying=false
07-28 05:07:18.090  1911  1975 I SnapAlloc: Using graphics libs for alignment calculations
07-28 05:07:18.090  4854  4854 I SystemUi--Keyguard: ScrimControllerExImp-->blur State to UNLOCK, bouncer=false changeFromBouncerScrim= false runnerUnlock= false goingAway=false hasHandle=true isOccludeAnimationPlaying=false
07-28 05:07:18.098  4854  4854 I SystemUi--Keyguard: ScrimControllerExImp-->blur State to UNLOCK, bouncer=false changeFromBouncerScrim= false runnerUnlock= false goingAway=false hasHandle=true isOccludeAnimationPlaying=false
07-28 05:07:18.098  4854  4854 I SystemUi--Keyguard: ScrimControllerExImp-->blur State to UNLOCK, bouncer=false changeFromBouncerScrim= false runnerUnlock= false goingAway=false hasHandle=true isOccludeAnimationPlaying=false
07-28 05:07:18.106  4854  4854 I SystemUi--Keyguard: ScrimControllerExImp-->blur State to UNLOCK, bouncer=false changeFromBouncerScrim= false runnerUnlock= false goingAway=false hasHandle=true isOccludeAnimationPlaying=false
07-28 05:07:18.107  4854  4854 I SystemUi--Keyguard: ScrimControllerExImp-->blur State to UNLOCK, bouncer=false changeFromBouncerScrim= false runnerUnlock= false goingAway=false hasHandle=true isOccludeAnimationPlaying=false
07-28 05:07:18.107  1911  1975 I SnapAlloc: Using graphics libs for alignment calculations
07-28 05:07:18.115  4854  4854 I SystemUi--Keyguard: ScrimControllerExImp-->blur State to UNLOCK, bouncer=false changeFromBouncerScrim= false runnerUnlock= false goingAway=false hasHandle=true isOccludeAnimationPlaying=false
07-28 05:07:18.115  4854  4854 I SystemUi--Keyguard: ScrimControllerExImp-->blur State to UNLOCK, bouncer=false changeFromBouncerScrim= false runnerUnlock= false goingAway=false hasHandle=true isOccludeAnimationPlaying=false
07-28 05:07:18.123  4854  4854 I SystemUi--Keyguard: ScrimControllerExImp-->blur State to UNLOCK, bouncer=false changeFromBouncerScrim= false runnerUnlock= false goingAway=false hasHandle=true isOccludeAnimationPlaying=false
07-28 05:07:18.123  1911  1975 I SnapAlloc: Using graphics libs for alignment calculations
07-28 05:07:18.123  4854  4854 I SystemUi--Keyguard: ScrimControllerExImp-->blur State to UNLOCK, bouncer=false changeFromBouncerScrim= false runnerUnlock= false goingAway=false hasHandle=true isOccludeAnimationPlaying=false
07-28 05:07:18.124  2011  7308 D charge_time: type=sdp,reserve_soc=2,soc=26,ui_soc=27,current=158,avg=143,not_chg_cnt=0,stable_cnt=7,fcc=5724,fcc_ratio=94,delta=43,debug=0,region=19,ttf=49378(13:42:58),ui_ttf=28956(08:02:36)
07-28 05:07:18.131  4854  4854 I SystemUi--Keyguard: ScrimControllerExImp-->blur State to UNLOCK, bouncer=false changeFromBouncerScrim= false runnerUnlock= false goingAway=false hasHandle=true isOccludeAnimationPlaying=false
07-28 05:07:18.132  4854  4854 I SystemUi--Keyguard: ScrimControllerExImp-->blur State to UNLOCK, bouncer=false changeFromBouncerScrim= false runnerUnlock= false goingAway=false hasHandle=true isOccludeAnimationPlaying=false
07-28 05:07:18.139  4854  4854 I SystemUi--Keyguard: ScrimControllerExImp-->blur State to UNLOCK, bouncer=false changeFromBouncerScrim= false runnerUnlock= false goingAway=false hasHandle=true isOccludeAnimationPlaying=false
07-28 05:07:18.140  1911  1975 I SnapAlloc: Using graphics libs for alignment calculations
07-28 05:07:18.140  4854  4854 I SystemUi--Keyguard: ScrimControllerExImp-->blur State to UNLOCK, bouncer=false changeFromBouncerScrim= false runnerUnlock= false goingAway=false hasHandle=true isOccludeAnimationPlaying=false
07-28 05:07:18.148  4854  4854 I SystemUi--Keyguard: ScrimControllerExImp-->blur State to UNLOCK, bouncer=false changeFromBouncerScrim= false runnerUnlock= false goingAway=false hasHandle=true isOccludeAnimationPlaying=false
07-28 05:07:18.148  4854  4854 I SystemUi--Keyguard: ScrimControllerExImp-->blur State to UNLOCK, bouncer=false changeFromBouncerScrim= false runnerUnlock= false goingAway=false hasHandle=true isOccludeAnimationPlaying=false
07-28 05:07:18.156  4854  4854 I SystemUi--Keyguard: ScrimControllerExImp-->blur State to UNLOCK, bouncer=false changeFromBouncerScrim= false runnerUnlock= false goingAway=false hasHandle=true isOccludeAnimationPlaying=false
07-28 05:07:18.157  1911  1975 I SnapAlloc: Using graphics libs for alignment calculations
07-28 05:07:18.157  4854  4854 I SystemUi--Keyguard: ScrimControllerExImp-->blur State to UNLOCK, bouncer=false changeFromBouncerScrim= false runnerUnlock= false goingAway=false hasHandle=true isOccludeAnimationPlaying=false
07-28 05:07:18.162  2011  2103 D BatteryChargeControl: bcc get no support from charging protocol
07-28 05:07:18.164  4854  4854 I SystemUi--QuickSettings: TemporarilyInfoManager-->[setStarted] true
07-28 05:07:18.164  4854  4854 I SystemUi--QuickSettings: OplusQSRootViewController-->endClosing()
07-28 05:07:18.165  4854  4854 I SystemUi--Common: OplusShadeExpansionStat-->go state: OPENING -> OPEN
07-28 05:07:18.165  4854  4854 I SystemUi--Common: OplusShadeExpansionStat-->go state: OPENING -> OPEN
07-28 05:07:18.165  4854  4854 I SystemUi--Keyguard: ScrimControllerExImp-->blur State to UNLOCK, bouncer=false changeFromBouncerScrim= false runnerUnlock= false goingAway=false hasHandle=true isOccludeAnimationPlaying=false
07-28 05:07:18.165  4854  4854 I SystemUi--Common: PlatformBlurManagerImpl-->setPlatformBlurMode: blurMode=AUTO(blurFrequency=4)
07-28 05:07:18.165  4854  4854 I SystemUi--Common: PlatformBlurManagerImpl-->updateMotionFrequency: isExpanding=false
07-28 05:07:18.166  4854  4854 I SystemUi--Keyguard: ScrimControllerExImp-->blur State to UNLOCK, bouncer=false changeFromBouncerScrim= false runnerUnlock= false goingAway=false hasHandle=true isOccludeAnimationPlaying=false
07-28 05:07:18.166  4854  4854 I SystemUi--Device_Panel: OplusQSMyDeviceContainerViewController-->setQsDeviceExpansion expansion 1.0
07-28 05:07:18.166  4854  4854 I SystemUi--QuickSettings: QSPanelExpandFraction-->fractionAnimation onAnimationEnd, value=1.0
07-28 05:07:18.173  1911  1975 I SnapAlloc: Using graphics libs for alignment calculations
07-28 05:07:18.246  1998  1998 D SensorFeature: name=ssc_screenshot_info ,index = 22
07-28 05:07:18.247  1998  1998 D SensorFeature: write 29 bytes:59857363777,59865697110,162,0
