device
--------- beginning of system
07-28 18:09:53.959  3408  4404 D ActivityManager: Freezer deadlock watchdog
--------- beginning of main
07-28 18:09:54.030  1991  1991 D SensorFeature: name=ssc_screenshot_info ,index = 22
07-28 18:09:54.030  1991  1991 D SensorFeature: write 29 bytes:47564201751,49729201803,131,0
07-28 18:09:54.062  1872  4461 I sensors-hal: handle_oplus_wise_rgb_event:189, high_pwm_light:lux 167.7,cct 3532.2,brl/algo/ir 1330.0/2.0/25.0,pwm/dc 0.0/0.0,rgbc 13305.126953/8854.944336/3763.276367/24737.839844,ts 49681728328,cnt 650,flag 131
07-28 18:09:54.062  1934  4468 I Dpps    : LtmSwState::SetParameter():144 ignore cmd 7 in state LtmOffState
07-28 18:09:54.091  2011  2042 D BatteryChargeControl: bcc get no support from charging protocol
07-28 18:09:54.115  2011  7376 D charge_time: type=sdp,reserve_soc=2,soc=60,ui_soc=62,current=83,avg=82,not_chg_cnt=0,stable_cnt=7,fcc=5724,fcc_ratio=94,delta=34,debug=0,region=15,ttf=45510(12:38:30),ui_ttf=15638(04:20:38)
07-28 18:09:54.252  7222  7257 I SG::SettingManager: metisDomainObserver: data change. selfChange=false [base|com.oplus.pantanal.ums|1.5.5-f48228a]
07-28 18:09:54.254  8597  8636 I ContextAware_DomainProvider: ums getSubDomainInfo intentMap:{travel_preparation=travel, internal_aod_prompt=app_prompt, file_manager=system_tools, creation_activity=system_tools, internal_xiaobu=system_settings, takeout=life_service, terminals_cloud=system_tools, tips=system_settings, internal_assistant_screen=ASSISTANT_SCREEN, navigation=app_prompt, internal_intent_lib=system_tools, weather=system_tools, payment=financial_planning, internal_address_recognition=system_tools, communication=system_tools, train=travel, ridehailing=travel, repayment=financial_planning, course_reminder=workplace_learning, read=media_service, epidemic=travel, travel_service=life_service, movie_performance=life_service, living_expense_payment_reminder=life_service, application_suggestions=system_tools, open_wlan=system_settings, commute=life_service, clear_memory=system_settings, internal_upgrade=app_upgrade, close_torch=system_settings, flight=travel, movie_notice=life_service, event_services=media_service, game=system_tools, content_consult=media_service, sticky_note=system_tools, appointment_reminder=system_settings, departure_reminder=life_service, recording=system_tools, video=media_service, outdoor_activities=system_settings, festival_reminder=media_service, living_expenses=financial_planning, application_recommendat=system_tools, hotel=travel_epidemic, nearby_power_bank=life_service, audio=media_service, store_service=life_service, publictransit=travel, calendar=system_settings, delivery=life_service, internal_account_bind=account_bind, domestic_travel_service=life_service, xiaobu_assistant=system_tools, health=system_tools, app_usage=system_settings, meal=life_service, text_intent=system_tools, parking_service=travel, internal_demo_mode=sale_mode} [base|com.oplus.metis|1.5.5-f48228a]
07-28 18:09:54.257  8597  8636 I ContextAware_DomainProvider: ums getSubDomainInfo result:travel_preparation: true,internal_aod_prompt: false,file_manager: true,creation_activity: true,internal_xiaobu: false,takeout: true,terminals_cloud: true,tips: true,internal_assistant_screen: false,navigation: true,internal_intent_lib: false,weather: true,payment: true,internal_address_recognition: false,communication: true,train: true,ridehailing: true,repayment: true,course_reminder: true,read: true,epidemic: false,travel_service: true,movie_performance: true,living_expense_payment_reminder: true,application_suggestions: false,open_wlan: true,commute: true,clear_memory: true,internal_upgrade: false,close_torch: true,flight: true,movie_notice: true,event_services: true,game: true,content_consult: true,sticky_note: true,appointment_reminder: true,departure_reminder: true,recording: true,video: true,outdoor_activities: true,festival_reminder: false,living_expenses: false,application_recommendat: false,hotel: true,nearby_power_bank: true,audio: true,store_service: true,publictransit: true,calendar: true,delivery: true,internal_account_bind: false,domestic_travel_service: true,xiaobu_assistant: true,health: true,app_usage: true,meal: true,text_intent: true,parking_service: true,internal_demo_mode: false,
07-28 18:09:54.258  7222  7257 I SG::SettingManager: delete: []
07-28 18:09:54.258  7222  7257 I SG::SettingManager: query from metis: [CloudDataEntity(subDomain='travel_preparation', domain=travel), CloudDataEntity(subDomain='file_manager', domain=system_tools), CloudDataEntity(subDomain='creation_activity', domain=system_tools), CloudDataEntity(subDomain='takeout', domain=life_service), CloudDataEntity(subDomain='terminals_cloud', domain=system_tools), CloudDataEntity(subDomain='tips', domain=system_settings), CloudDataEntity(subDomain='navigation', domain=app_prompt), CloudDataEntity(subDomain='weather', domain=system_tools), CloudDataEntity(subDomain='payment', domain=financial_planning), CloudDataEntity(subDomain='communication', domain=system_tools), CloudDataEntity(subDomain='train', domain=travel), CloudDataEntity(subDomain='ridehailing', domain=travel), CloudDataEntity(subDomain='repayment', domain=financial_planning), CloudDataEntity(subDomain='course_reminder', domain=workplace_learning), CloudDataEntity(subDomain='read', domain=media_service), CloudDataEntity(subDomain='travel_service', domain=life_service), CloudDataEntity(subDomain='movie_performance', domain=life_service), CloudDataEntity(subDomain='living_expense_payment_reminder', domain=life_service), CloudDataEntity(subDomain='open_wlan', domain=system_settings), CloudDataEntity(subDomain='commute', domain=life_service), CloudDataEntity(subDomain='clear_memory', domain=system_settings), CloudDataEntity(subDomain='close_torch', domain=system_settings), CloudDataEntity(subDomain='flight', domain=travel), CloudDataEntity(subDomain='movie_notice', domain=life_service), CloudDataEntity(subDomain='event_services', domain=media_service), CloudDataEntity(subDomain='game', domain=system_tools), CloudDataEntity(subDomain='content_consult', domain=media_service), CloudDataEntity(subDomain='sticky_note', domain=system_tools), CloudDataEntity(subDomain='appointment_reminder', domain=system_settings), CloudDataEntity(subDomain='departure_reminder', domain=life_service), CloudDataEntity(subDomain='recording', domain=system_tools), CloudDataEntity(subDomain='video', domain=media_service), CloudDataEntity(subDomain='outdoor_activities', domain=system_settings), CloudDataEntity(subDomain='hotel', domain=travel_epidemic), CloudDataEntity(subDomain='nearby_power_bank', domain=life_service), CloudDataEntity(subDomain='audio', domain=media_service), CloudDataEntity(subDomain='store_service', domain=life_service), CloudDataEntity(subDomain='publictransit', domain=travel), CloudDataEntity(subDomain='calendar', domain=system_settings), CloudDataEntity(subDomain='delivery', domain=life_service), CloudDataEntity(subDomain='domestic_travel_service', domain=life_service), CloudDataEntity(subDomain='xiaobu_assistant', domain=system_tools), CloudDataEntity(subDomain='health', domain=system_tools), CloudDataEntity(subDomain='app_usage', domain=system_settings), CloudDataEntity(subDomain='meal', domain=life_service), CloudDataEntity(subDomain='text_intent', domain=system_tools), CloudDataEntity(subDomain='parking_service', domain=travel)]
07-28 18:09:54.266  7222  7664 I SG::UpdateSubDomainUtil: updateWhenMetisChange forceUpdate: false
07-28 18:09:54.266  7222  7664 W SG::UpdateSubDomainUtil: allChangeDomains is empty!
07-28 18:09:54.279  3276  3276 E OplusTouchDaemon: ts_run_service: shellback temperature updated 37 (37425)
07-28 18:09:54.319  3408  3795 D VRR [OPlusGameStatusManager]: handleBrightnessDone
07-28 18:09:54.332  1991  1991 D SensorFeature: name=ssc_screenshot_info ,index = 22
07-28 18:09:54.332  1991  1991 D SensorFeature: write 29 bytes:47564201751,50031761907,132,0
07-28 18:09:54.337  1934  4468 I Dpps    : LtmSwState::SetParameter():144 ignore cmd 7 in state LtmOffState
07-28 18:09:54.373 10557 10832 D BootUtil: savedDiffTime: 1753740544299, currentDiffTime: 1753740544299, isReboot: false
07-28 18:09:54.549  7207  9977 W AppLinksAsyncVerifierV2: Error performing check:  [CONTEXT service_id=244 ]
07-28 18:09:54.549  7207 12922 W AppLinksAsyncVerifierV2: Error performing check:  [CONTEXT service_id=244 ]
07-28 18:09:54.549  7207  9568 W AppLinksAsyncVerifierV2: Error performing check:  [CONTEXT service_id=244 ]
07-28 18:09:54.549  7207 11115 W AppLinksAsyncVerifierV2: Error performing check:  [CONTEXT service_id=244 ]
07-28 18:09:54.549  7207 11111 W AppLinksAsyncVerifierV2: Error performing check:  [CONTEXT service_id=244 ]
07-28 18:09:54.593  1872  4461 I sensors-hal: handle_oplus_wise_rgb_event:189, high_pwm_light:lux 168.1,cct 3524.2,brl/algo/ir 1330.0/2.0/24.7,pwm/dc 0.0/0.0,rgbc 13285.805664/8857.285156/3775.085938/24737.839844,ts 50039129057,cnt 660,flag 132
07-28 18:09:54.594  1934  4468 I Dpps    : LtmSwState::SetParameter():144 ignore cmd 7 in state LtmOffState
07-28 18:09:54.634  1991  1991 D SensorFeature: name=ssc_screenshot_info ,index = 22
07-28 18:09:54.634  1991  1991 D SensorFeature: write 29 bytes:47564201751,50334032740,133,0
07-28 18:09:54.688  7432  9059 E DeepThinker: GeneralConfigManager:handelGeneralRequest, fail: , java.net.UnknownHostException: Unable to resolve host "odin-distrib-cn.allawntech.com": No address associated with hostname
07-28 18:09:54.688  7432  9059 E DeepThinker: java.net.Inet6AddressImpl.lookupHostByName(Inet6AddressImpl.java:156)
07-28 18:09:54.688  7432  9059 E DeepThinker: java.net.Inet6AddressImpl.lookupAllHostAddr(Inet6AddressImpl.java:103)
07-28 18:09:54.688  7432  9059 E DeepThinker: java.net.InetAddress.getAllByName(InetAddress.java:1152)
07-28 18:09:54.688  7432  9059 E DeepThinker: okhttp3.p$a$a.a(Dns.kt:6)
07-28 18:09:54.688  7432  9059 E DeepThinker: okhttp3.internal.connection.h.e(RouteSelector.kt:157)
07-28 18:09:54.688  7432  9059 E DeepThinker: okhttp3.internal.connection.h.d(RouteSelector.kt:21)
07-28 18:09:54.688  7432  9059 E DeepThinker: okhttp3.internal.connection.h.c(RouteSelector.kt:18)
07-28 18:09:54.688  7432  9059 E DeepThinker: okhttp3.internal.connection.d.b(ExchangeFinder.kt:197)
07-28 18:09:54.688  7432  9059 E DeepThinker: okhttp3.internal.connection.d.c(ExchangeFinder.kt:1)
07-28 18:09:54.688  7432  9059 E DeepThinker: okhttp3.internal.connection.d.a(ExchangeFinder.kt:52)
07-28 18:09:54.688  7432  9059 E DeepThinker: okhttp3.internal.connection.e.v(RealCall.kt:32)
07-28 18:09:54.688  7432  9059 E DeepThinker: okhttp3.internal.connection.a.a(ConnectInterceptor.kt:12)
07-28 18:09:54.688  7432  9059 E DeepThinker: hh.g.b(RealInterceptorChain.kt:163)
07-28 18:09:54.688  7432  9059 E DeepThinker: fh.a.a(CacheInterceptor.kt:150)
07-28 18:09:54.688  7432  9059 E DeepThinker: hh.g.b(RealInterceptorChain.kt:163)
07-28 18:09:54.688  7432  9059 E DeepThinker: hh.a.a(BridgeInterceptor.kt:168)
07-28 18:09:54.688  7432  9059 E DeepThinker: hh.g.b(RealInterceptorChain.kt:163)
07-28 18:09:54.688  7432  9059 E DeepThinker: hh.j.a(RetryAndFollowUpInterceptor.kt:35)
07-28 18:09:54.688  7432  9059 E DeepThinker: hh.g.b(RealInterceptorChain.kt:163)
07-28 18:09:54.688  7432  9059 E DeepThinker: okhttp3.internal.connection.e.u(RealCall.kt:113)
07-28 18:09:54.688  7432  9059 E DeepThinker: okhttp3.internal.connection.e.execute(RealCall.kt:28)
07-28 18:09:54.688  7432  9059 E DeepThinker: db.a.b(GeneralConfigManager.kt:19)
07-28 18:09:54.688  7432  9059 E DeepThinker: db.a.d(GeneralConfigManager.kt:176)
07-28 18:09:54.688  7432  9059 E DeepThinker: db.a.a(GeneralConfigManager.kt:22)
07-28 18:09:54.688  7432  9059 E DeepThinker: com.oplus.deepthinker.pcshare.core.businesslabel.LabelManager.getTotalGeneralConfig(LabelManager.kt:6)
07-28 18:09:54.688  7432  9059 E DeepThinker: com.oplus.deepthinker.ability.ai.userprofile.deviceinstantlabel.DeviceInstantLabelEntry.d(DeviceInstantLabelEntry.kt:13)
07-28 18:09:54.688  7432  9059 E DeepThinker: com.oplus.deepthinker.ability.ai.userprofile.deviceinstantlabel.DeviceInstantLabelEntry.b(DeviceInstantLabelEntry.kt:1)
07-28 18:09:54.688  7432  9059 E DeepThinker: com.oplus.deepthinker.ability.ai.userprofile.deviceinstantlabel.DeviceInstantLabelEntry$b.b(DeviceInstantLabelEntry.kt:85)
07-28 18:09:54.688  7432  9059 E DeepThinker: com.oplus.deepthinker.ability.ai.userprofile.deviceinstantlabel.DeviceInstantLabelEntry$b.a(DeviceInstantLabelEntry.kt:3)
07-28 18:09:54.688  7432  9059 E DeepThinker: com.oplus.deepthinker.internal.api.utils.StaticHandler.onHandleMessage(StaticHandler.kt:15)
07-28 18:09:54.688  7432  9059 E DeepThinker: com.oplus.deepthinker.internal.api.work.NamedHandler.handleMessage(NamedHandler.kt:8)
07-28 18:09:54.688  7432  9059 E DeepThinker: android.os.Handler.dispatchMessage(Handler.java:112)
07-28 18:09:54.688  7432  9059 E DeepThinker: com.oplus.deepthinker.internal.api.work.NamedHandler.dispatchMessage(NamedHandler.kt:8)
07-28 18:09:54.688  7432  9059 E DeepThinker: android.os.Looper.loopOnce(Looper.java:288)
07-28 18:09:54.688  7432  9059 E DeepThinker: android.os.Looper.loop(Looper.java:393)
07-28 18:09:54.688  7432  9059 E DeepThinker: android.os.HandlerThread.run(HandlerThread.java:85)
07-28 18:09:54.689  7432  9059 E DeepThinker: GeneralConfigManager: updateAttributeGeneratorConfigMap, configFile don't exist
07-28 18:09:54.842  3408  3778 D OplusFeatureHDREnhanceBrightness: notifySfForceUpdate, mFlinger is null 
07-28 18:09:54.844  3408  3778 D OplusFeatureHDREnhanceBrightness: checkIsPlayingHDR isPlayingHDR=0 rotation=0 whiteApp=false battery=62
07-28 18:09:54.861  1934  4468 I Dpps    : LtmSwState::SetParameter():144 ignore cmd 7 in state LtmOffState
07-28 18:09:54.937  1991  1991 D SensorFeature: name=ssc_screenshot_info ,index = 22
07-28 18:09:54.937  1991  1991 D SensorFeature: write 29 bytes:47564201751,50635985604,134,0
07-28 18:09:55.018  5014  6336 I PCDR-common_no_service[0]: lift forbidden
07-28 18:09:55.018  5014  6336 I PCDR-common_no_45g[0]: lift forbidden
07-28 18:09:55.071  3408  5004 W Binder  : Outgoing transactions from this process must be FLAG_ONEWAY
07-28 18:09:55.071  3408  5004 W Binder  : java.lang.Throwable
07-28 18:09:55.071  3408  5004 W Binder  : 	at android.os.BinderProxy.transact(BinderProxy.java:633)
07-28 18:09:55.071  3408  5004 W Binder  : 	at android.content.ContentProviderProxy.insert(ContentProviderNative.java:587)
07-28 18:09:55.071  3408  5004 W Binder  : 	at android.content.ContentProviderClient.insert(ContentProviderClient.java:347)
07-28 18:09:55.071  3408  5004 W Binder  : 	at android.content.ContentProviderClient.insert(ContentProviderClient.java:336)
07-28 18:09:55.071  3408  5004 W Binder  : 	at com.oplus.util.OplusStatisticsImpl.insert(OplusStatisticsImpl.java:307)
07-28 18:09:55.071  3408  5004 W Binder  : 	at com.oplus.util.OplusStatisticsImpl.sendDataToDCS(OplusStatisticsImpl.java:287)
07-28 18:09:55.071  3408  5004 W Binder  : 	at com.oplus.util.OplusStatisticsImpl.flushInternal(OplusStatisticsImpl.java:264)
07-28 18:09:55.071  3408  5004 W Binder  : 	at com.oplus.util.OplusStatisticsImpl.lambda$setDelayFlushJobIfNeed$4(OplusStatisticsImpl.java:211)
07-28 18:09:55.071  3408  5004 W Binder  : 	at com.oplus.util.OplusStatisticsImpl.$r8$lambda$4UYTp2NCu6Rml69JNqEuK7o54SI(Unknown Source:0)
07-28 18:09:55.071  3408  5004 W Binder  : 	at com.oplus.util.OplusStatisticsImpl$$ExternalSyntheticLambda5.run(D8$$SyntheticClass:0)
07-28 18:09:55.071  3408  5004 W Binder  : 	at java.util.concurrent.Executors$RunnableAdapter.call(Executors.java:487)
07-28 18:09:55.071  3408  5004 W Binder  : 	at java.util.concurrent.FutureTask.run(FutureTask.java:290)
07-28 18:09:55.071  3408  5004 W Binder  : 	at java.util.concurrent.ScheduledThreadPoolExecutor$ScheduledFutureTask.run(ScheduledThreadPoolExecutor.java:307)
07-28 18:09:55.071  3408  5004 W Binder  : 	at java.util.concurrent.ThreadPoolExecutor.runWorker(ThreadPoolExecutor.java:1145)
07-28 18:09:55.071  3408  5004 W Binder  : 	at java.util.concurrent.ThreadPoolExecutor$Worker.run(ThreadPoolExecutor.java:644)
07-28 18:09:55.071  3408  5004 W Binder  : 	at java.lang.Thread.run(Thread.java:1012)
07-28 18:09:55.092  2011  2042 D BatteryChargeControl: bcc get no support from charging protocol
07-28 18:09:55.119  2011  7376 D charge_time: write 15637s(04:20:37) to ttf, rc=7
07-28 18:09:55.119  2011  7376 D charge_time: type=sdp,reserve_soc=2,soc=60,ui_soc=62,current=83,avg=83,not_chg_cnt=0,stable_cnt=7,fcc=5724,fcc_ratio=94,delta=35,debug=0,region=15,ttf=44960(12:29:20),ui_ttf=15637(04:20:37)
07-28 18:09:55.124  1872  4461 I sensors-hal: handle_oplus_wise_rgb_event:189, high_pwm_light:lux 166.9,cct 3513.8,brl/algo/ir 1330.0/2.0/25.7,pwm/dc 0.0/0.0,rgbc 13329.280273/8876.011719/3777.053955/24773.644531,ts 50587171557,cnt 670,flag 134
07-28 18:09:55.126  1934  4468 I Dpps    : LtmSwState::SetParameter():144 ignore cmd 7 in state LtmOffState
07-28 18:09:55.241  1991  1991 D SensorFeature: name=ssc_screenshot_info ,index = 22
07-28 18:09:55.241  1991  1991 D SensorFeature: write 29 bytes:47564201751,50939866854,135,0
07-28 18:09:55.391  1934  4468 I Dpps    : LtmSwState::SetParameter():144 ignore cmd 7 in state LtmOffState
07-28 18:09:55.442  5014  5962 W BluetoothAdapterExtImpl: getBluetoothConnectionCount：mOplusBluetooth null!
07-28 18:09:55.446  5014  5962 D TelephonyImpl: isRequestingMms
07-28 18:09:55.446  5014  5962 D TelephonyImpl: getReleaseMmsNetworkTime
07-28 18:09:55.448  5014  5962 D OplusDdsSwitchStrategy: Md,OplusCheckFeature,RETURN_TO_CUR_ACTION_DDS
07-28 18:09:55.544  1991  1991 D SensorFeature: name=ssc_screenshot_info ,index = 22
07-28 18:09:55.545  1991  1991 D SensorFeature: write 29 bytes:47564201751,51243125760,136,0
07-28 18:09:55.658  1872  4461 I sensors-hal: handle_oplus_wise_rgb_event:189, high_pwm_light:lux 167.1,cct 3516.4,brl/algo/ir 1330.0/2.0/25.8,pwm/dc 0.0/0.0,rgbc 13319.619141/8857.285156/3767.212891/24737.839844,ts 51200993536,cnt 680,flag 136
07-28 18:09:55.660  1934  4468 I Dpps    : LtmSwState::SetParameter():144 ignore cmd 7 in state LtmOffState
07-28 18:09:55.722  3408  4413 V AlarmManager: sending alarm Alarm{8db3258 type 2 origWhen 51422 whenElapsed 51422 android} uid 1000 whenElapsed 51422 windowLength 0 maxWhenElapsed 51422 repeatInterval 0 action null component null tag $android.alarm.generated:1000:51422 flags 0x9 procName system_server
07-28 18:09:55.728  3408  3597 D LocationManagerService: network provider removed registration from 10154/com.coloros.assistantscreen/486DF752
07-28 18:09:55.759  3408  4832 D CompatChangeReporter: Compat change id reported: 297989574; UID 1000; state: ENABLED
07-28 18:09:55.761  5221  5221 D SubsysEventListenerManager-SubsysTelephonyCallback[0]: onCellInfoChanged
07-28 18:09:55.783  6656  6687 W System  : A resource failed to call AbstractCursor.close. 
07-28 18:09:55.783  6656  6687 W System  : A resource failed to call AbstractCursor.close. 
07-28 18:09:55.783  6656  6687 W System  : A resource failed to call AbstractCursor.close. 
07-28 18:09:55.783  6656  6687 W System  : A resource failed to call AbstractCursor.close. 
07-28 18:09:55.783  6656  6687 W System  : A resource failed to call AbstractCursor.close. 
07-28 18:09:55.783  6656  6687 W System  : A resource failed to call AbstractCursor.close. 
07-28 18:09:55.783  6656  6687 W System  : A resource failed to call AbstractCursor.close. 
07-28 18:09:55.783  6656  6687 W System  : A resource failed to call AbstractCursor.close. 
07-28 18:09:55.788  3408  5040 I OplusHansManager : uid=10157, pkg=com.baidu.input_oppo cannot transition from R to M, importance=input
07-28 18:09:55.847  1991  1991 D SensorFeature: name=ssc_screenshot_info ,index = 22
07-28 18:09:55.848  1991  1991 D SensorFeature: write 29 bytes:47564201751,51546721906,137,0
07-28 18:09:55.922  1934  4468 I Dpps    : LtmSwState::SetParameter():144 ignore cmd 7 in state LtmOffState
07-28 18:09:56.011  1851  1851 D healthd : system healthd: battery l=62 v=3963 t=33.7 h=2 st=2 c=-182 fc=5920000 cc=18 chg=u
07-28 18:09:56.049  2011  2011 D vendor.oplus.hardware.charger-V7-service: get_ui_charge_icon_type 0 0 0 0 0
07-28 18:09:56.049  2011  2011 D vendor.oplus.hardware.charger-V7-service: oplus_chg_get_cpa_power 2500 charge_online 1 retention_topic 0
07-28 18:09:56.050  2011  2011 D vendor.oplus.hardware.charger-V7-service: oplus_chg_get_cpa_power 2500 charge_online 1 retention_topic 0
07-28 18:09:56.050  2011  2011 D vendor.oplus.hardware.charger-V7-service: getIsSingleHyperSupport=2, cpa_power=2
07-28 18:09:56.093  2011  2042 D BatteryChargeControl: bcc get no support from charging protocol
07-28 18:09:56.120  2011  7376 D charge_time: type=sdp,reserve_soc=2,soc=60,ui_soc=62,current=182,avg=102,not_chg_cnt=0,stable_cnt=7,fcc=5724,fcc_ratio=94,delta=36,debug=0,region=15,ttf=36579(10:09:39),ui_ttf=15636(04:20:36)
07-28 18:09:56.150  3408  4667 E OplusNetworkStackManager: initService mNetworkStackService is null, try again in 10s
07-28 18:09:56.151  1991  1991 D SensorFeature: name=ssc_screenshot_info ,index = 22
07-28 18:09:56.151  1991  1991 D SensorFeature: write 29 bytes:47564201751,51849919458,138,0
07-28 18:09:56.190  1872  4461 I sensors-hal: handle_oplus_wise_rgb_event:189, high_pwm_light:lux 167.9,cct 3521.5,brl/algo/ir 1330.0/2.0/24.5,pwm/dc 0.0/0.0,rgbc 13326.863281/8871.330078/3777.053955/24758.300781,ts 51806740723,cnt 690,flag 138
07-28 18:09:56.192  3408  4369 D FusionLightNextGen: process end reported = 1, mode: 0, lux 309.8, cct -1.0, r/g/b/c: 13314.8/8862.0/3783.0/24745.5, R/G/B: 106.0/100.0/99.0, bri 1330.0, match 1.00, ir 0.026197, conf 0.0, ts 51831520723
07-28 18:09:56.193  1934  4468 I Dpps    : LtmSwState::SetParameter():144 ignore cmd 7 in state LtmOffState
07-28 18:09:56.298  7207 12951 I ChimeraPrvdrProxy: Shutting down chimera ContentProvider com.google.android.gms.reminders.provider.RemindersChimeraProvider
07-28 18:09:56.321  6427 12017 D ContactsProvider: performBackgroundTask: task id: 20
07-28 18:09:56.321  6427 12017 D ContactsProvider: performBackgroundTask: task id: 24
07-28 18:09:56.321  6427 12017 D ContactsProvider: performBackgroundTask: task id: 21
07-28 18:09:56.321  6427 12017 D ContactsProvider: performBackgroundTask GET_QUICKSEARCH_VALUE
07-28 18:09:56.321  6427 12017 D ContactsProvider: performBackgroundTask: task id: 27
07-28 18:09:56.323  6427 12017 I com.customize.statistics.UploadStatisticsJobService: bootPermissionGranted : true
07-28 18:09:56.324  6427 12017 D ContactsProvider: performBackgroundTask: task id: 28
07-28 18:09:56.325  6427 12017 D ContactsProvider: performBackgroundTask: task id: 33
07-28 18:09:56.325  6427 12017 I ContactNumberHashHelper: start updateExistNumberHash
07-28 18:09:56.325  6427 12017 D ContactNumberHashHelper: updateExistNumberHash hasUpdated
07-28 18:09:56.345  1813  1814 E Diag-Router: diag: glinkpkt_open: failed to create control node for slate_apps
07-28 18:09:56.345  1813  1814 E Diag-Router: diag: diag_glinkpkt_open_thread: Glinkpkt_open failed for perif: 12 with err: -1, retry_cnt: 8
07-28 18:09:56.346  1813  1815 E Diag-Router: diag: glinkpkt_open: failed to create control node for slate_adsp
07-28 18:09:56.346  1813  1815 E Diag-Router: diag: diag_glinkpkt_open_thread: Glinkpkt_open failed for perif: 13 with err: -1, retry_cnt: 8
07-28 18:09:56.381 12972 13109 D ProfileInstaller: Installing profile for com.oplus.linker
07-28 18:09:56.453  1991  1991 D SensorFeature: name=ssc_screenshot_info ,index = 22
07-28 18:09:56.453  1991  1991 D SensorFeature: write 29 bytes:47564201751,52152767062,139,0
07-28 18:09:56.456  1934  4468 I Dpps    : LtmSwState::SetParameter():144 ignore cmd 7 in state LtmOffState
07-28 18:09:56.461  3408  4817 I Osense-BaseDecisionMaker: notifySceneToAthenaPolicy: SCENE_IDLE_RECOVER, bundle: Bundle[{scene=SCENE_IDLE_RECOVER}]
07-28 18:09:56.463  3408  4817 I Osense-BaseDecisionMaker: scene: SCENE_IDLE_RECOVER, excutingPolicy: respreload
07-28 18:09:56.463  3408  4817 D Osense-BaseDecisionMaker: invoke process preload policy
07-28 18:09:56.463  3408  4817 I Osense-BaseDecisionMaker: scene: SCENE_IDLE_RECOVER, excutingPolicy: clear
07-28 18:09:56.463  3408  4817 D Osense-BaseDecisionMaker: invoke clear policy,type: unforbid
07-28 18:09:56.463  3408  4817 I OsenseKillAction: KillAction: unhandled request: id=7, enable=true, scene=SCENE_IDLE_RECOVER, type=unforbid, cchOnly=false, appcare=0
07-28 18:09:56.476  3408  4837 D OomAdjuster: Not killing cached processes
07-28 18:09:56.511  3408  5040 I OplusHansManager : pkg: com.google.android.gsf has gms-backup-service
07-28 18:09:56.511  3408  5040 I OplusHansManager : uid=10259, pkg=com.google.android.gsf cannot transition from R to M, importance=gms-backup-service
07-28 18:09:56.511  3408  5040 I OplusHansManager : pkg: com.android.vending has gms-backup-service
07-28 18:09:56.511  3408  5040 I OplusHansManager : uid=10263, pkg=com.android.vending cannot transition from R to M, importance=gms-backup-service
07-28 18:09:56.591  2011  2020 D vendor.oplus.hardware.charger-V7-service: s_chg_user_mode: 3
07-28 18:09:56.592  2011  2020 D vendor.oplus.hardware.charger-V7-service: scale_chg Start!!!
07-28 18:09:56.592  2011  2020 D vendor.oplus.hardware.charger-V7-service: [0, 0, 3]
07-28 18:09:56.592  2011  2020 D vendor.oplus.hardware.charger-V7-service: [0, 2, 9]
07-28 18:09:56.592  2011  2020 D vendor.oplus.hardware.charger-V7-service: [0, 1, 3]
07-28 18:09:56.593  2011  2020 D vendor.oplus.hardware.charger-V7-service: [0, 3, 3]
07-28 18:09:56.593  2011  2020 D vendor.oplus.hardware.charger-V7-service: [0, 4, 3]
07-28 18:09:56.593  2011  2020 D vendor.oplus.hardware.charger-V7-service: [0, 5, 5]
07-28 18:09:56.593  2011  2020 D vendor.oplus.hardware.charger-V7-service: [0, 6, 9]
07-28 18:09:56.593  2011  2020 D vendor.oplus.hardware.charger-V7-service: scale_chg Start!!!
07-28 18:09:56.593  2011  2020 D vendor.oplus.hardware.charger-V7-service: [0, 0, 3]
07-28 18:09:56.593  2011  2020 D vendor.oplus.hardware.charger-V7-service: [0, 2, 10]
07-28 18:09:56.593  2011  2020 D vendor.oplus.hardware.charger-V7-service: [0, 1, 3]
07-28 18:09:56.593  2011  2020 D vendor.oplus.hardware.charger-V7-service: [0, 3, 3]
07-28 18:09:56.594  2011  2020 D vendor.oplus.hardware.charger-V7-service: [0, 4, 3]
07-28 18:09:56.594  2011  2020 D vendor.oplus.hardware.charger-V7-service: [0, 5, 3]
07-28 18:09:56.594  2011  2020 D vendor.oplus.hardware.charger-V7-service: [0, 6, 10]
07-28 18:09:56.601  2011  2035 D vendor.oplus.hardware.charger-V7-service: ret_value:111, read content:,337,365,3963,3962,-182,60,62,1,1,0,491,4628,61,1,4475,300,500,0,7,-22,7,0,1,0,2,0,0,0,1,6098,99,0,0,0,0,0,0,0
07-28 18:09:56.601  2011  2035 D vendor.oplus.hardware.charger-V7-service: gmtime: 2025-07-28-18-09-56
07-28 18:09:56.602  2011  2035 D vendor.oplus.hardware.charger-V7-service: usb_online:1, ac_online:-2147483648, wireless_online:0
07-28 18:09:56.756  1991  1991 D SensorFeature: name=ssc_screenshot_info ,index = 22
07-28 18:09:56.756  1991  1991 D SensorFeature: write 29 bytes:47564201751,52454962583,140,0
07-28 18:09:56.759  1872  4461 I sensors-hal: handle_oplus_wise_rgb_event:189, high_pwm_light:lux 168.2,cct 3523.1,brl/algo/ir 1330.0/2.0/23.8,pwm/dc 0.0/0.0,rgbc 13336.525391/8857.285156/3784.927246/24737.839844,ts 52362867598,cnt 700,flag 140
07-28 18:09:56.761  1934  4468 I Dpps    : LtmSwState::SetParameter():144 ignore cmd 7 in state LtmOffState
07-28 18:09:56.988  1934  4468 I Dpps    : LtmSwState::SetParameter():144 ignore cmd 7 in state LtmOffState
07-28 18:09:57.058  1991  1991 D SensorFeature: name=ssc_screenshot_info ,index = 22
07-28 18:09:57.058  1991  1991 D SensorFeature: write 29 bytes:47564201751,52757880291,141,0
07-28 18:09:57.093  2011  2042 D BatteryChargeControl: bcc get no support from charging protocol
07-28 18:09:57.122  2011  7376 D charge_time: type=sdp,reserve_soc=2,soc=60,ui_soc=62,current=182,avg=122,not_chg_cnt=0,stable_cnt=7,fcc=5724,fcc_ratio=94,delta=37,debug=0,region=15,ttf=30577(08:29:37),ui_ttf=15635(04:20:35)
07-28 18:09:57.188 11129 11140 W id.gms.unstable: ApkAssets: Deleting an ApkAssets object '<empty> and /data/app/~~mvoUGsKgPWPDCkiWlITrFg==/com.google.android.gms-PokRCgJyKbyqqq46gl7pZQ==/split_AdsDynamite_installtime.apk' with 1 weak references
07-28 18:09:57.188 11129 11140 W id.gms.unstable: ApkAssets: Deleting an ApkAssets object '<empty> and /data/app/~~mvoUGsKgPWPDCkiWlITrFg==/com.google.android.gms-PokRCgJyKbyqqq46gl7pZQ==/split_CronetDynamite_installtime.apk' with 1 weak references
07-28 18:09:57.188 11129 11140 W id.gms.unstable: ApkAssets: Deleting an ApkAssets object '<empty> and /data/app/~~mvoUGsKgPWPDCkiWlITrFg==/com.google.android.gms-PokRCgJyKbyqqq46gl7pZQ==/split_DynamiteLoader_installtime.apk' with 1 weak references
07-28 18:09:57.188 11129 11140 W id.gms.unstable: ApkAssets: Deleting an ApkAssets object '<empty> and /data/app/~~mvoUGsKgPWPDCkiWlITrFg==/com.google.android.gms-PokRCgJyKbyqqq46gl7pZQ==/split_DynamiteModulesA_installtime.apk' with 1 weak references
07-28 18:09:57.188 11129 11140 W id.gms.unstable: ApkAssets: Deleting an ApkAssets object '<empty> and /data/app/~~mvoUGsKgPWPDCkiWlITrFg==/com.google.android.gms-PokRCgJyKbyqqq46gl7pZQ==/split_DynamiteModulesC_installtime.apk' with 1 weak references
07-28 18:09:57.188 11129 11140 W id.gms.unstable: ApkAssets: Deleting an ApkAssets object '<empty> and /data/app/~~mvoUGsKgPWPDCkiWlITrFg==/com.google.android.gms-PokRCgJyKbyqqq46gl7pZQ==/split_GoogleCertificates_installtime.apk' with 1 weak references
07-28 18:09:57.188 11129 11140 W id.gms.unstable: ApkAssets: Deleting an ApkAssets object '<empty> and /data/app/~~mvoUGsKgPWPDCkiWlITrFg==/com.google.android.gms-PokRCgJyKbyqqq46gl7pZQ==/split_MapsDynamite_installtime.apk' with 1 weak references
07-28 18:09:57.188 11129 11140 W id.gms.unstable: ApkAssets: Deleting an ApkAssets object '<empty> and /data/app/~~mvoUGsKgPWPDCkiWlITrFg==/com.google.android.gms-PokRCgJyKbyqqq46gl7pZQ==/split_MeasurementDynamite_installtime.apk' with 1 weak references
07-28 18:09:57.249  1872  4461 I sensors-hal: handle_oplus_wise_rgb_event:189, high_pwm_light:lux 167.5,cct 3528.2,brl/algo/ir 1330.0/2.0/25.2,pwm/dc 0.0/0.0,rgbc 13329.280273/8878.351562/3775.085938/24709.705078,ts 52712449994,cnt 710,flag 141
07-28 18:09:57.250  1934  4468 I Dpps    : LtmSwState::SetParameter():144 ignore cmd 7 in state LtmOffState
07-28 18:09:57.358  3408  3614 D Theia.TransparentWindow: handleMessage CHECK_TRANS_WINDOW_ERROR_MSG
07-28 18:09:57.361  1991  1991 D SensorFeature: name=ssc_screenshot_info ,index = 22
07-28 18:09:57.361  1991  1991 D SensorFeature: write 29 bytes:47564201751,53060363780,142,0
07-28 18:09:57.519  1934  4468 I Dpps    : LtmSwState::SetParameter():144 ignore cmd 7 in state LtmOffState
07-28 18:09:57.666  1991  1991 D SensorFeature: name=ssc_screenshot_info ,index = 22
07-28 18:09:57.666  1991  1991 D SensorFeature: write 29 bytes:47564201751,53365231124,143,0
07-28 18:09:57.776  5221  5970 E OplusNetworkStackManager: initService mNetworkStackService is null, try again in 10s
07-28 18:09:57.780  1872  4461 I sensors-hal: handle_oplus_wise_rgb_event:189, high_pwm_light:lux 167.3,cct 3516.6,brl/algo/ir 1330.0/2.0/25.1,pwm/dc 0.0/0.0,rgbc 13331.694336/8864.307617/3780.990479/24763.416016,ts 53317999994,cnt 720,flag 143
07-28 18:09:57.782  1934  4468 I Dpps    : LtmSwState::SetParameter():144 ignore cmd 7 in state LtmOffState
07-28 18:09:57.970  1991  1991 D SensorFeature: name=ssc_screenshot_info ,index = 22
07-28 18:09:57.970  1991  1991 D SensorFeature: write 29 bytes:47564201751,53669030968,144,0
07-28 18:09:58.046  1934  4468 I Dpps    : LtmSwState::SetParameter():144 ignore cmd 7 in state LtmOffState
07-28 18:09:58.094  2011  2042 D BatteryChargeControl: bcc get no support from charging protocol
07-28 18:09:58.126  2011  7376 D charge_time: type=sdp,reserve_soc=2,soc=60,ui_soc=62,current=182,avg=142,not_chg_cnt=0,stable_cnt=7,fcc=5724,fcc_ratio=94,delta=38,debug=0,region=15,ttf=26266(07:17:46),ui_ttf=15634(04:20:34)
07-28 18:09:58.259  4940  6201 E OplusNetworkStackManager: initService mNetworkStackService is null, try again in 10s
07-28 18:09:58.273  1991  1991 D SensorFeature: name=ssc_screenshot_info ,index = 22
07-28 18:09:58.273  1991  1991 D SensorFeature: write 29 bytes:47564201751,53972447530,145,0
07-28 18:09:58.311  1872  4461 I sensors-hal: handle_oplus_wise_rgb_event:189, high_pwm_light:lux 167.3,cct 3524.2,brl/algo/ir 1330.0/2.0/25.3,pwm/dc 0.0/0.0,rgbc 13293.051758/8840.901367/3777.053955/24758.300781,ts 53923789630,cnt 730,flag 145
07-28 18:09:58.314  1934  4468 I Dpps    : LtmSwState::SetParameter():144 ignore cmd 7 in state LtmOffState
07-28 18:09:58.361  8179  8590 D ads_apk : [FetchAdStrategyEngine][2025-07-28 18:09:58.360][8179][GlobalWorkThread:71]:request from net but network disable
07-28 18:09:58.361  8179  8590 D ads_apk : [FetchAdStrategyEngine][2025-07-28 18:09:58.360][8179][GlobalWorkThread:71]:decay for refresh internalTime:24000,randomTime:540
07-28 18:09:58.361  8179  8590 D ads_apk : [FetchAdStrategyEngine][2025-07-28 18:09:58.360][8179][GlobalWorkThread:71]:decay for refresh after:24540
07-28 18:09:58.362  8179  8590 D ads_apk : [FetchAdStrategyEngine][2025-07-28 18:09:58.360][8179][GlobalWorkThread:71]:looper to handler
07-28 18:09:58.416  6601  6663 E oiface  : sched_setaffinity failed
07-28 18:09:58.417  2011  2011 D vendor.oplus.hardware.charger-V7-service: getChargerControl:
07-28 18:09:58.432  1993  9762 E PerformanceService: storage_feature: open /sys/devices/platform/soc/112b0000.ufshci//virtualtlcbuff fail
07-28 18:09:58.436  3408  4837 W BestClock: java.time.DateTimeException: Missing network time fix
07-28 18:09:58.436  3408  4837 W BestClock: java.time.DateTimeException: Missing network time fix
07-28 18:09:58.437  3408  4837 W BestClock: java.time.DateTimeException: Missing network time fix
07-28 18:09:58.553  7207  9977 W AppLinksAsyncVerifierV2: Error performing check:  [CONTEXT service_id=244 ]
07-28 18:09:58.553  7207 11111 W AppLinksAsyncVerifierV2: Error performing check:  [CONTEXT service_id=244 ]
07-28 18:09:58.553  7207  9977 W AppLinksAsyncVerifierV2: Check request failed: null [CONTEXT service_id=244 ]
07-28 18:09:58.553  7207 12922 W AppLinksAsyncVerifierV2: Error performing check:  [CONTEXT service_id=244 ]
07-28 18:09:58.553  7207 11111 W AppLinksAsyncVerifierV2: Check request failed: null [CONTEXT service_id=244 ]
07-28 18:09:58.553  7207  9568 W AppLinksAsyncVerifierV2: Error performing check:  [CONTEXT service_id=244 ]
07-28 18:09:58.553  7207  9568 W AppLinksAsyncVerifierV2: Check request failed: null [CONTEXT service_id=244 ]
07-28 18:09:58.553  7207 12922 W AppLinksAsyncVerifierV2: Check request failed: null [CONTEXT service_id=244 ]
07-28 18:09:58.553  7207 11115 W AppLinksAsyncVerifierV2: Error performing check:  [CONTEXT service_id=244 ]
07-28 18:09:58.553  7207 11115 W AppLinksAsyncVerifierV2: Check request failed: null [CONTEXT service_id=244 ]
07-28 18:09:58.553  7207  8305 I AppLinksHostsVerifierV2: (REDACTED) Verification %s complete. Successful hosts: %s. Failed hosts: %s. Error hosts: %s.
07-28 18:09:58.557  7207  8305 I AppLinksRequestHandler: (REDACTED) Added erroneous request into database for package %s
07-28 18:09:58.560  7207  8305 I AppLinksUtilsV1: Legacy cross-profile verification enabled [CONTEXT service_id=244 ]
07-28 18:09:58.561  7207 11115 W AppLinksAsyncVerifierV2: Error performing check:  [CONTEXT service_id=244 ]
07-28 18:09:58.562  7207 13112 W AppLinksAsyncVerifierV2: Error performing check:  [CONTEXT service_id=244 ]
07-28 18:09:58.562  7207 12922 W AppLinksAsyncVerifierV2: Error performing check:  [CONTEXT service_id=244 ]
07-28 18:09:58.562  7207 10688 W AppLinksAsyncVerifierV2: Error performing check:  [CONTEXT service_id=244 ]
07-28 18:09:58.563  7207  9568 W AppLinksAsyncVerifierV2: Error performing check:  [CONTEXT service_id=244 ]
07-28 18:09:58.575  1991  1991 D SensorFeature: name=ssc_screenshot_info ,index = 22
07-28 18:09:58.576  1991  1991 D SensorFeature: write 29 bytes:47564201751,54275610759,146,0
07-28 18:09:58.579  1934  4468 I Dpps    : LtmSwState::SetParameter():144 ignore cmd 7 in state LtmOffState
07-28 18:09:58.882  1991  1991 D SensorFeature: name=ssc_screenshot_info ,index = 22
07-28 18:09:58.882  1991  1991 D SensorFeature: write 29 bytes:47564201751,54580991853,147,0
07-28 18:09:58.885  1872  4461 I sensors-hal: handle_oplus_wise_rgb_event:189, high_pwm_light:lux 167.7,cct 3519.5,brl/algo/ir 1330.0/2.0/24.7,pwm/dc 0.0/0.0,rgbc 13338.939453/8857.285156/3771.149414/24781.318359,ts 54488111973,cnt 740,flag 147
07-28 18:09:58.886  3408  4369 D FusionLightNextGen: process end reported = 1, mode: 0, lux 308.7, cct -1.0, r/g/b/c: 13310.0/8859.6/3781.0/24714.8, R/G/B: 106.0/100.0/99.0, bri 1330.0, match 1.00, ir 0.026725, conf 0.0, ts 54512891973
07-28 18:09:58.887  1934  4468 I Dpps    : LtmSwState::SetParameter():144 ignore cmd 7 in state LtmOffState
07-28 18:09:59.095  2011  2042 D BatteryChargeControl: bcc get no support from charging protocol
07-28 18:09:59.110  1934  4468 I Dpps    : LtmSwState::SetParameter():144 ignore cmd 7 in state LtmOffState
07-28 18:09:59.128  2011  7376 D charge_time: type=sdp,reserve_soc=2,soc=60,ui_soc=62,current=182,avg=162,not_chg_cnt=0,stable_cnt=7,fcc=5724,fcc_ratio=94,delta=39,debug=0,region=15,ttf=23018(06:23:38),ui_ttf=15633(04:20:33)
07-28 18:09:59.188  1991  1991 D SensorFeature: name=ssc_screenshot_info ,index = 22
07-28 18:09:59.188  1991  1991 D SensorFeature: write 29 bytes:47564201751,54886622165,148,0
07-28 18:09:59.375  1872  4461 I sensors-hal: handle_oplus_wise_rgb_event:189, high_pwm_light:lux 167.4,cct 3538.1,brl/algo/ir 1330.0/2.0/25.7,pwm/dc 0.0/0.0,rgbc 13334.109375/8868.989258/3779.022461/24737.839844,ts 54837707598,cnt 750,flag 148
07-28 18:09:59.377  1934  4468 I Dpps    : LtmSwState::SetParameter():144 ignore cmd 7 in state LtmOffState
07-28 18:09:59.396  5014  5953 W h       : networkLogger fail！
07-28 18:09:59.397  5014  5953 D Acc-OplusLinkBoostCommon: notifyThermalBroadCast level = 5 temp = 36,lastTemp: 37 ,th: 44
07-28 18:09:59.397  5221  5221 D RFPowerBoostManager: my thermal listener proxy invoke method:notifyThermalBroadCast args len:2
07-28 18:09:59.397  5221  5221 D RFPowerBoostManager: current temp is 36, mInCalling is false, current threshold is 41
07-28 18:09:59.398  6541  6595 E horae   : Horae service notifyComponentHeat caught exception -2
07-28 18:09:59.398  6541  6595 E horae   : Horae service notifyComponentHeat caught exception -2
07-28 18:09:59.495  1991  1991 D SensorFeature: name=ssc_screenshot_info ,index = 22
07-28 18:09:59.495  1991  1991 D SensorFeature: write 29 bytes:47564201751,55193491123,149,0
07-28 18:09:59.645  1934  4468 I Dpps    : LtmSwState::SetParameter():144 ignore cmd 7 in state LtmOffState
07-28 18:09:59.798  1991  1991 D SensorFeature: name=ssc_screenshot_info ,index = 22
07-28 18:09:59.798  1991  1991 D SensorFeature: write 29 bytes:47564201751,55497166905,150,0
07-28 18:09:59.798  1872  1921 I sensors-hal: get_display_brightness:818, light_iface: set screenshot_info [47564201751,55497166905,150,0]
07-28 18:09:59.905  1872  4461 I sensors-hal: handle_oplus_wise_rgb_event:189, high_pwm_light:lux 167.6,cct 3528.9,brl/algo/ir 1330.0/2.0/25.3,pwm/dc 0.0/0.0,rgbc 13288.221680/8873.670898/3775.085938/24773.644531,ts 55451592546,cnt 760,flag 150
07-28 18:09:59.908  1934  4468 I Dpps    : LtmSwState::SetParameter():144 ignore cmd 7 in state LtmOffState
07-28 18:10:00.000  3408  4413 V AlarmManager: sending alarm Alarm{4883b0f type 3 origWhen 55700 whenElapsed 55700 android} uid 1000 whenElapsed 55700 windowLength 0 maxWhenElapsed 55700 repeatInterval 0 action null component null tag TIME_TICK flags 0x9 procName system_server
07-28 18:10:00.007  4858  4858 I SystemUi--SystemUi--: Clock-->smallTime: 18:10
07-28 18:10:00.008  5221  5221 D SubsysBroadcastManager: onReceive action:android.intent.action.TIME_TICK
07-28 18:10:00.008  4858  4858 I SystemUi--SystemUi--: Clock-->smallTime: 18:10
07-28 18:10:00.008  4858  4858 I SystemUi--SystemUi--: Clock-->smallTime: 18:10
07-28 18:10:00.010  3408  3778 D OplusDisplayBrightnessBroadcastReceiver: onReceive action = android.intent.action.TIME_TICK , listeners = [com.android.server.display.ambience.events.event.TimeEvent$TimeChangeReceiver@d17792b, com.android.server.display.marvels.module.ORBrightnessMarvelsDataCollector$ScreenStateReceiver@b8d2415, com.android.server.display.oplus.eyeprotect.manager.AiCurveManager$RhythmBroadcastReceiverWithUpgradeUI@c2be188]
07-28 18:10:00.010  5231  5231 W RenderManager[u0]: coverDrawable = null
07-28 18:10:00.010  5231  5231 W RenderManager[u0]: coverDrawable = null
07-28 18:10:00.011  5231  5231 W RenderManager[u0]: coverDrawable = null
07-28 18:10:00.011  5231  5231 W RenderManager[u0]: coverDrawable = null
07-28 18:10:00.011  7261  9955 D PhoneScreenOnTime: lastScrOnTime=1753740562595, ScrOnDurationTime=7136277, StatsScrOnSeconds=0, newDuration=37414
07-28 18:10:00.015  4858  4858 I SystemUi--SystemUi--: Clock-->smallTime: 18:10
07-28 18:10:00.016  7261  9955 D PhoneUsageTime: lastChargeTime=1753740562593 LastChargeDurationTime=7181999
07-28 18:10:00.025  5231  5231 W RenderManager[u0]: coverDrawable = null
07-28 18:10:00.025  5231  5231 W RenderManager[u0]: coverDrawable = null
07-28 18:10:00.025  5231  5231 W RenderManager[u0]: coverDrawable = null
07-28 18:10:00.025  5231  5231 W RenderManager[u0]: coverDrawable = null
07-28 18:10:00.096  2011  2042 D BatteryChargeControl: bcc get no support from charging protocol
07-28 18:10:00.098  7130  7130 D BoundBrokerSvc: onUnbind: Intent { act=com.google.android.gms.auth.aang.events.services.START dat=chimera-action:/... cmp=com.google.android.gms/.chimera.PersistentApiService mCallingUid=10259 }
07-28 18:10:00.115  1934  2228 I SDM     : DisplayBase::CommitThread: Received idle timeout, panel: cmd, timeout: 69999 us
07-28 18:10:00.129  2011  7376 D charge_time: write 15632s(04:20:32) to ttf, rc=7
07-28 18:10:00.129  2011  7376 D charge_time: type=sdp,reserve_soc=2,soc=60,ui_soc=62,current=182,avg=182,not_chg_cnt=0,stable_cnt=7,fcc=5724,fcc_ratio=94,delta=40,debug=0,region=15,ttf=20484(05:41:24),ui_ttf=15632(04:20:32)
07-28 18:10:00.161  7130  7130 D BoundBrokerSvc: onUnbind: Intent { act=com.google.android.gms.scheduler.ACTION_PROXY_SCHEDULE dat=chimera-action:/... cmp=com.google.android.gms/.chimera.PersistentDirectBootAwareApiService mCallingUid=10259 }
07-28 18:10:00.201  1991  1991 D SensorFeature: name=ssc_screenshot_info ,index = 22
07-28 18:10:00.201  1991  1991 D SensorFeature: write 29 bytes:55850187686,55900419665,151,0
07-28 18:10:00.201  1934  2228 I SDM     : DisplayBase::CommitThread: Received idle timeout, panel: cmd, timeout: 69999 us
07-28 18:10:00.205  1934  4468 I Dpps    : LtmSwState::SetParameter():144 ignore cmd 7 in state LtmOffState
07-28 18:10:00.384  6517  7620 E OplusNetworkStackManager: initService mNetworkStackService is null, try again in 10s
07-28 18:10:00.436  1872  4461 I sensors-hal: handle_oplus_wise_rgb_event:189, high_pwm_light:lux 167.5,cct 3528.3,brl/algo/ir 1330.0/2.0/25.1,pwm/dc 0.0/0.0,rgbc 13367.922852/8883.034180/3775.085938/24794.109375,ts 55883766296,cnt 770,flag 151
07-28 18:10:00.437  1934  4468 I Dpps    : LtmSwState::SetParameter():144 ignore cmd 7 in state LtmOffState
07-28 18:10:00.503  1991  1991 D SensorFeature: name=ssc_screenshot_info ,index = 22
07-28 18:10:00.504  1991  1991 D SensorFeature: write 29 bytes:55850187686,56202431331,152,0
07-28 18:10:00.705  1934  4468 I Dpps    : LtmSwState::SetParameter():144 ignore cmd 7 in state LtmOffState
07-28 18:10:00.705  3408  3778 D Arc[OplusBrightnessSceneAdapter]: Arc scene change!!! NormalScene -> StableScene [erraticScore:-1, stableScore:5467] isLuxRefresh:false
07-28 18:10:00.705  3408  3778 D Arc[OplusBrightnessAmbientAdapter[StabilityProcess]]: updateRangeStrategy: reason[SceneChange ] baseLux:318.90598, scene:StableScene large{102.50469, 700.4761} largeForAux{102.50469, 700.4761} small{244.15955, 393.6524} null
07-28 18:10:00.794  3408  5040 I OplusHansManager : uid=10157, pkg=com.baidu.input_oppo cannot transition from R to M, importance=input
07-28 18:10:00.809  1991  1991 D SensorFeature: name=ssc_screenshot_info ,index = 22
07-28 18:10:00.809  1991  1991 D SensorFeature: write 29 bytes:55850187686,56508138154,153,0
07-28 18:10:00.971  1872  4461 I sensors-hal: handle_oplus_wise_rgb_event:189, high_pwm_light:lux 167.6,cct 3512.9,brl/algo/ir 1330.0/2.0/24.8,pwm/dc 0.0/0.0,rgbc 13331.694336/8845.581055/3773.117432/24778.761719,ts 56464502598,cnt 780,flag 153
07-28 18:10:00.974  1934  4468 I Dpps    : LtmSwState::SetParameter():144 ignore cmd 7 in state LtmOffState
07-28 18:10:01.097  2011  2042 D BatteryChargeControl: bcc get no support from charging protocol
07-28 18:10:01.113  1991  1991 D SensorFeature: name=ssc_screenshot_info ,index = 22
07-28 18:10:01.113  1991  1991 D SensorFeature: write 29 bytes:55850187686,56813722008,154,0
07-28 18:10:01.120 12458 12467 W System  : A resource failed to call close. 
07-28 18:10:01.120 12458 12467 W System  : A resource failed to call close. 
07-28 18:10:01.129  2011  7376 D charge_time: type=sdp,reserve_soc=2,soc=60,ui_soc=62,current=163,avg=178,not_chg_cnt=0,stable_cnt=7,fcc=5724,fcc_ratio=94,delta=41,debug=0,region=15,ttf=20944(05:49:04),ui_ttf=15631(04:20:31)
07-28 18:10:01.129  1851  1851 D healthd : system healthd: battery l=62 v=3965 t=33.7 h=2 st=2 c=-163 fc=5920000 cc=18 chg=u
07-28 18:10:01.170  2011  2011 D vendor.oplus.hardware.charger-V7-service: get_ui_charge_icon_type 0 0 0 0 0
07-28 18:10:01.171  2011  2011 D vendor.oplus.hardware.charger-V7-service: oplus_chg_get_cpa_power 2500 charge_online 1 retention_topic 0
07-28 18:10:01.171  2011  2011 D vendor.oplus.hardware.charger-V7-service: oplus_chg_get_cpa_power 2500 charge_online 1 retention_topic 0
07-28 18:10:01.171  2011  2011 D vendor.oplus.hardware.charger-V7-service: getIsSingleHyperSupport=2, cpa_power=2
07-28 18:10:01.238  1934  4468 I Dpps    : LtmSwState::SetParameter():144 ignore cmd 7 in state LtmOffState
07-28 18:10:01.346  1813  1815 E Diag-Router: diag: glinkpkt_open: failed to create control node for slate_adsp
07-28 18:10:01.346  1813  1815 E Diag-Router: diag: diag_glinkpkt_open_thread: Glinkpkt_open failed for perif: 13 with err: -1, retry_cnt: 9
07-28 18:10:01.346  1813  1814 E Diag-Router: diag: glinkpkt_open: failed to create control node for slate_apps
07-28 18:10:01.346  1813  1814 E Diag-Router: diag: diag_glinkpkt_open_thread: Glinkpkt_open failed for perif: 12 with err: -1, retry_cnt: 9
07-28 18:10:01.415  1991  1991 D SensorFeature: name=ssc_screenshot_info ,index = 22
07-28 18:10:01.415  1991  1991 D SensorFeature: write 29 bytes:55850187686,57114932373,155,0
07-28 18:10:01.501  1872  4461 I sensors-hal: handle_oplus_wise_rgb_event:189, high_pwm_light:lux 168.4,cct 3537.1,brl/algo/ir 1330.0/2.0/23.8,pwm/dc 0.0/0.0,rgbc 13363.091797/8894.737305/3786.895020/24742.953125,ts 57070297182,cnt 790,flag 155
07-28 18:10:01.502  3408  4369 D FusionLightNextGen: process end reported = 1, mode: 0, lux 310.5, cct -1.0, r/g/b/c: 13326.9/8857.3/3767.2/24750.6, R/G/B: 106.0/100.0/99.0, bri 1330.0, match 1.00, ir 0.025884, conf 0.0, ts 57095077182
07-28 18:10:01.503  1934  4468 I Dpps    : LtmSwState::SetParameter():144 ignore cmd 7 in state LtmOffState
07-28 18:10:01.512  3408  5040 I OplusHansManager : pkg: com.google.android.gsf has gms-backup-service
07-28 18:10:01.512  3408  5040 I OplusHansManager : uid=10259, pkg=com.google.android.gsf cannot transition from R to M, importance=gms-backup-service
07-28 18:10:01.513  3408  5040 I OplusHansManager : pkg: com.android.vending has gms-backup-service
07-28 18:10:01.513  3408  5040 I OplusHansManager : uid=10263, pkg=com.android.vending cannot transition from R to M, importance=gms-backup-service
07-28 18:10:01.594  2011  2020 D vendor.oplus.hardware.charger-V7-service: s_chg_user_mode: 3
07-28 18:10:01.594  2011  2020 D vendor.oplus.hardware.charger-V7-service: scale_chg Start!!!
07-28 18:10:01.594  2011  2020 D vendor.oplus.hardware.charger-V7-service: [0, 0, 3]
07-28 18:10:01.594  2011  2020 D vendor.oplus.hardware.charger-V7-service: [0, 2, 9]
07-28 18:10:01.594  2011  2020 D vendor.oplus.hardware.charger-V7-service: [0, 1, 3]
07-28 18:10:01.594  2011  2020 D vendor.oplus.hardware.charger-V7-service: [0, 3, 3]
07-28 18:10:01.594  2011  2020 D vendor.oplus.hardware.charger-V7-service: [0, 4, 3]
07-28 18:10:01.595  2011  2020 D vendor.oplus.hardware.charger-V7-service: [0, 5, 5]
07-28 18:10:01.595  2011  2020 D vendor.oplus.hardware.charger-V7-service: [0, 6, 9]
07-28 18:10:01.595  2011  2020 D vendor.oplus.hardware.charger-V7-service: scale_chg Start!!!
07-28 18:10:01.595  2011  2020 D vendor.oplus.hardware.charger-V7-service: [0, 0, 3]
07-28 18:10:01.595  2011  2020 D vendor.oplus.hardware.charger-V7-service: [0, 2, 10]
07-28 18:10:01.595  2011  2020 D vendor.oplus.hardware.charger-V7-service: [0, 1, 3]
07-28 18:10:01.595  2011  2020 D vendor.oplus.hardware.charger-V7-service: [0, 3, 3]
07-28 18:10:01.595  2011  2020 D vendor.oplus.hardware.charger-V7-service: [0, 4, 3]
07-28 18:10:01.595  2011  2020 D vendor.oplus.hardware.charger-V7-service: [0, 5, 3]
07-28 18:10:01.595  2011  2020 D vendor.oplus.hardware.charger-V7-service: [0, 6, 10]
07-28 18:10:01.602  2011  2035 D vendor.oplus.hardware.charger-V7-service: ret_value:111, read content:,337,360,3965,3963,-163,60,62,1,1,0,491,4626,61,1,4475,300,500,0,7,-22,7,0,1,0,2,0,0,0,1,6098,99,0,0,0,0,0,0,0
07-28 18:10:01.602  2011  2035 D vendor.oplus.hardware.charger-V7-service: gmtime: 2025-07-28-18-10-01
07-28 18:10:01.602  2011  2035 D vendor.oplus.hardware.charger-V7-service: usb_online:1, ac_online:-2147483648, wireless_online:0
