07-29 18:40:45.895  5196  5196 D MsimSubModeManager: registTelephonyEvent onServiceStateChanged eventId:3, VoiceRegState:1, DataRegState:1
07-29 18:40:45.895  5023  6115 D OplusLinkBoostCommon: dds servicestate change
07-29 18:40:45.895  5196  5196 E ExtremeCommUtils: getSwitchRusSupportMcc invalid index 1
07-29 18:40:45.895  5196  5196 D ExtremeCommUtils: isSupporCheck rusContain:false,propContain(persist.sys.oplus.support_hyper_uplink_mcc):false
07-29 18:40:45.895  5196  5196 D ExtremeCommService: handleServiceStateChanged mcc is null
07-29 18:40:45.895  5196  5196 D ChinaRoamingControl: handleMessage what:5
07-29 18:40:45.895  5023  6125 D OplusSubWaySlowRecovery: getPreferSubId return 1
07-29 18:40:45.895  5023  6119 D NAS-CallIssueDetector: onServiceStateChanged
07-29 18:40:45.895  5196  5196 D MsimSubModeManager: handleMessage what:3
07-29 18:40:45.895  5196  5196 D MsimSubModeManager: getMsimSimServiceIn() i:0,mServiceState:1
07-29 18:40:45.895  5196  5196 D MsimSubModeManager: getMsimSimServiceIn() i:1,mServiceState:1
07-29 18:40:45.896  3522  5413 W ContextImpl: Calling a method in the system process without a qualified user: android.app.ContextImpl.sendBroadcastMultiplePermissions:1311 android.content.Context.sendBroadcastMultiplePermissions:2524 com.android.server.TelephonyRegistry.broadcastServiceStateChanged:3740 com.android.server.TelephonyRegistry.notifyServiceStateForPhoneId:1787 com.android.internal.telephony.ITelephonyRegistry$Stub.onTransact:546 
07-29 18:40:45.895  5023  6119 D OplusCiwlanController: [vodata] processServiceStateChanged  phoneid = 0, original roaming type = 0,roaming type = 0
07-29 18:40:45.896  5023  6119 D OplusCiwlanController: [vodata] processServiceStateChanged  phoneid = 1, original roaming type = 0,roaming type = 0
07-29 18:40:45.897  5196  5196 D SubsysEventListenerManager-SubsysTelephonyCallback[0]: onCellLocationChanged
07-29 18:40:45.897  1712  1712 D Zygote  : Forked child process 13115
07-29 18:40:45.898  6478  6546 I midasd  : OplusObrainService::notifyEventInt eventId:38 iParam:20
07-29 18:40:45.898  5196  5196 D SubsysEventListenerManager-SubsysTelephonyCallback[0]: onDisplayInfoChanged
07-29 18:40:45.898  5196  5196 D SceneService: onDisplayInfoChanged slotId:0,telephonyDisplayInfo:TelephonyDisplayInfo {network=NR, overrideNetwork=NONE, isRoaming=false}
07-29 18:40:45.898  4957  4957 D MultiSimSettingController: notifySubscriptionInfoChanged
07-29 18:40:45.899  7956  7985 I OplusObrain: OplusObrainClientInvoke.nativeGetTelephonyInfo
07-29 18:40:45.899  7956  7985 I OplusObrain: OplusObrainClientInvoke.nativeGetTrafficTypeInfoForNetworkType networkType 0
07-29 18:40:45.899  4957  6238 E PhoneInterfaceManager: getServiceStateForSlot retuning null for invalid slotIndex=-1
07-29 18:40:45.900  5023  6125 D SaDataFailRecovery/0: current is not in service,reset alarm
07-29 18:40:45.900  5023  6125 D OplusScanQrCodeRecoveryImpl: msg.what=3
07-29 18:40:45.900  5088  5088 E QImsService: ImsConfigImpl : onSubscriptionsChanged unable to process due to SubscriptionInfo is null
07-29 18:40:45.900  5088  5088 I QImsService: OplusPhoneStateTracker : onSubscriptionsChanged Last subId: -1 Current subId -1
07-29 18:40:45.900  5088  5088 I QImsService: OplusPhoneStateTracker : onSubscriptionsChanged Last subId: 1 Current subId 1
07-29 18:40:45.900  4900  5303 I SystemUi--Statusbar: MobileInputLog-->onSubscriptionsChanged
07-29 18:40:45.901  3522  3783 I ActivityManager: Start proc 13115:com.oplus.wirelesssettings:tzupdate/1000 for broadcast {com.oplus.wirelesssettings/com.oplus.tzupdate.timezone.MccChangeReceiver}
07-29 18:40:45.901  3522  6857 W BestClock: java.time.DateTimeException: Missing network time fix
07-29 18:40:45.901  3522  3522 I AS.AudioService: onSubscriptionsChanged()
07-29 18:40:45.901  4900  5303 I SystemUi--Statusbar: MobileConnectionRepositoryImpl-->subId:1 isSoftSimCard:false slotId:0
07-29 18:40:45.901  3522  5291 D KernelStatsHelper: getKernelStats start!
07-29 18:40:45.901  4900  4900 I SystemUi--Statusbar: OplusMobileIconInteractorImpl-->oplusIMSModel slot:0: CapabilityTypeModel(isVolteSwitchOn=true, isWfcEnabledByUser=true, imsRegistered=false, voiceCapable=false, videoCapable=false, registerTech=-1, isCrossSimCallingEnabledByUser=false, hasHideVolteOperator=false), SimStateModel(simInserted=[true, false], simForbidden=[false, true], simStateIMSI=[true, false], simLoaded=[true, false]),oplusNetworkTypeNr:20,isVoNrEnabled:false
07-29 18:40:45.902  3522  4241 I MemoryOperationUtils: add 13115 to inactive
07-29 18:40:45.902  3522  5413 W ContextImpl: Calling a method in the system process without a qualified user: android.app.ContextImpl.sendBroadcastMultiplePermissions:1344 com.android.server.TelephonyRegistry.broadcastServiceStateChanged:3745 com.android.server.TelephonyRegistry.notifyServiceStateForPhoneId:1787 com.android.internal.telephony.ITelephonyRegistry$Stub.onTransact:546 android.os.Binder.execTransactInternal:1523 
07-29 18:40:45.903  4900  5303 I SystemUi--Statusbar: MobileConnectionRepositoryImpl-->subId:1 isSoftSimCard:false slotId:0
07-29 18:40:45.903  3522  5413 W ContextImpl: Calling a method in the system process without a qualified user: android.app.ContextImpl.sendBroadcastMultiplePermissions:1344 com.android.server.TelephonyRegistry.broadcastServiceStateChanged:3754 com.android.server.TelephonyRegistry.notifyServiceStateForPhoneId:1787 com.android.internal.telephony.ITelephonyRegistry$Stub.onTransact:546 android.os.Binder.execTransactInternal:1523 
07-29 18:40:45.903  4900  5303 I SystemUi--Statusbar: MobileConnectionRepositoryImpl-->subId:1 isSoftSimCard:false slotId:0
07-29 18:40:45.903  3522  4610 D OplusNetlinkSocket: handleNetlinkRecvKernelMessage:nlmsghdr:StructNlMsgHdr{ nlmsg_len{40}, nlmsg_type{57()}, nlmsg_flags{0()}, nlmsg_seq{0}, nlmsg_pid{230822402} }
07-29 18:40:45.903  3522  4610 D KernelStatsHelper: get magic :[-1, -1, -1, 77, 65, 71, 73, 67]
07-29 18:40:45.903  3522  4610 D KernelStatsHelper: magic matched count:0 data_len:0
07-29 18:40:45.903  3522  4610 D KernelStatsHelper: data over! check: true
07-29 18:40:45.903  3522  5286 W BestClock: java.time.DateTimeException: Missing network time fix
07-29 18:40:45.903  4957  4957 I Telephony: y0: onServiceStateChanged: newState=1, mServiceState=1
07-29 18:40:45.903  4900  4900 I SystemUi--Statusbar: OplusMobileIconInteractorImpl-->oplusIMSModel slot:0: CapabilityTypeModel(isVolteSwitchOn=true, isWfcEnabledByUser=true, imsRegistered=false, voiceCapable=false, videoCapable=false, registerTech=-1, isCrossSimCallingEnabledByUser=false, hasHideVolteOperator=false), SimStateModel(simInserted=[true, false], simForbidden=[false, true], simStateIMSI=[true, false], simLoaded=[true, false]),oplusNetworkTypeNr:20,isVoNrEnabled:false
07-29 18:40:45.903  3522  5413 W ContextImpl: Calling a method in the system process without a qualified user: android.app.ContextImpl.sendBroadcastMultiplePermissions:1344 com.android.server.TelephonyRegistry.broadcastServiceStateChanged:3760 com.android.server.TelephonyRegistry.notifyServiceStateForPhoneId:1787 com.android.internal.telephony.ITelephonyRegistry$Stub.onTransact:546 android.os.Binder.execTransactInternal:1523 
07-29 18:40:45.903  7001  9431 E Battery : ControllerCenter: onReceiver: mSubscriptionManager is null || mIsNeedRestoreMobile = false
07-29 18:40:45.903  5128  5128 D QCNEJ/WwanInfoRelay: onSubscriptionsChanged currDDSId: 1 new DDS 1
07-29 18:40:45.903  4900  5983 I SystemUi--Statusbar: OplusMobileConnectionRepository1-->stopListenImsStatusChanged
07-29 18:40:45.903  3522  4510 V NetworkPolicy: onSubscriptionsChanged
07-29 18:40:45.903  4957  4957 I Telephony: isRttCurrentlySupported -- regular acct, hasVoiceAvailability: false
07-29 18:40:45.903  4957  4957 I Telephony:  isRttSupported: false
07-29 18:40:45.903  4957  4957 I Telephony:  isUserRttSettingOn: false
07-29 18:40:45.903  4957  4957 I Telephony:  alwaysAllowWhileRoaming: false
07-29 18:40:45.903  4957  4957 I Telephony:  isRoaming: false
07-29 18:40:45.903  4957  4957 I Telephony:  isOnWfc: false
07-29 18:40:45.903  4900  5831 V OplusCustomizeCacheManager: queryCache name: sys.cache.common_customize_cache18014 param: null
07-29 18:40:45.903  4900  5831 V OplusCustomizeCacheManager: queryCache name: sys.cache.common_customize_cache18017 param: Bundle[{SETTING=BLOCK, BUSINESS=NCT-DATA}]
07-29 18:40:45.903  4900  5831 V OplusCustomizeCacheManager: queryCache name: sys.cache.common_customize_cache18013 param: null
07-29 18:40:45.904  4900  5983 I SystemUi--Statusbar: OplusMobileConnectionRepository1-->phoneId: 0, conflatedCallbackFlow init
07-29 18:40:45.904  4900  5983 I SystemUi--Statusbar: OplusMobileConnectionRepository1-->startListenImsStatusChanged
07-29 18:40:45.904  5023  5749 D NAS-CellularEvent: handleSubscriptionsChanged: slotId=0
07-29 18:40:45.904  5023  5749 D NAS-CellularEvent: onImsRegistrationStateChanged, slotId=0state:false
07-29 18:40:45.906  5128  5128 D QCNEJ/DataCallAgent: onSubscriptionsChanged: new DDS 1
07-29 18:40:45.906  5128  7950 D QCNEJ/DataCallAgent: phoneCount: 2
07-29 18:40:45.906  5128  7950 D QCNEJ/DataCallAgent: subs for 0th slot: [1]
07-29 18:40:45.906  5128  7950 D QCNEJ/DataCallAgent: mSubInfoReady[0] is set to true
07-29 18:40:45.906  5128  7950 D QCNEJ/DataCallAgent: subs for 1th slot: [-1]
07-29 18:40:45.907  4900  5983 I SystemUi--Statusbar: OplusMobileConnectionRepository1-->onImsStatusChanged model: CapabilityTypeModel(isVolteSwitchOn=true, isWfcEnabledByUser=true, imsRegistered=false, voiceCapable=false, videoCapable=false, registerTech=-1, isCrossSimCallingEnabledByUser=false, hasHideVolteOperator=false)
07-29 18:40:45.907  3522  4510 D NetworkPolicy: Normalization put networkpolicyNetworkTemplate: matchRule=CARRIER, matchSubscriberIds=[001011...], matchWifiNetworkKeys=[], metered=YES
07-29 18:40:45.907  3522  4510 D NetworkPolicy: Normalization put networkpolicyNetworkTemplate: matchRule=CARRIER, matchSubscriberIds=[310260...], matchWifiNetworkKeys=[], metered=YES
07-29 18:40:45.907  3522  4510 D NetworkPolicy: Normalization put networkpolicyNetworkTemplate: matchRule=CARRIER, matchSubscriberIds=[001010...], matchWifiNetworkKeys=[], metered=YES
07-29 18:40:45.907  3522  4510 D NetworkPolicy: Normalization put networkpolicyNetworkTemplate: matchRule=CARRIER, matchSubscriberIds=[001010...], matchWifiNetworkKeys=[], metered=YES
07-29 18:40:45.907  3522  4510 D NetworkPolicy: Normalization put networkpolicyNetworkTemplate: matchRule=CARRIER, matchSubscriberIds=[001012...], matchWifiNetworkKeys=[], metered=YES
07-29 18:40:45.907  3522  4510 V NetworkPolicy: updateNetworkEnabledNL() return
07-29 18:40:45.907  5977  5977 D CellBroadcastReceiver: onReceive Intent { act=android.intent.action.SERVICE_STATE flg=0x1000010 cmp=com.android.cellbroadcastreceiver.module/com.android.cellbroadcastreceiver.CellBroadcastReceiver (has extras) }
07-29 18:40:45.907  5977  5977 D CellBroadcastReceiver: onServiceStateChanged, ss: 1
07-29 18:40:45.907  5977  5977 D CellBroadcastReceiver: networkOperator: 
07-29 18:40:45.908  7104  7857 D OsAgentAidlClient: [string_dataitem_update][1584] [HC] =>> [HS]
07-29 18:40:45.908  3522  4510 V NetworkPolicy: updateNotificationsNL not process
07-29 18:40:45.908  3522  4510 W BestClock: java.time.DateTimeException: Missing network time fix
07-29 18:40:45.908 13115 13115 I ttings:tzupdate: isSwordfishLaunchAppEnabled_ 1 isSwordfishInstallAppEnabled_ 1
07-29 18:40:45.909 13115 13115 E ttings:tzupdate: Unknown bits set in runtime_flags: 0x40000000
07-29 18:40:45.909 13115 13115 I ttings:tzupdate: Using CollectorTypeCMC GC.
07-29 18:40:45.908  5023  6089 D CellularEvent: handleSubscriptionsChanged: slotId=0
07-29 18:40:45.909  5023  6089 D CellularEvent: onImsRegistrationStateChanged, slotId=0state:false
07-29 18:40:45.909  4900  4900 I KeyguardUpdateMonitor: refreshSimState, changed:false,subId:1,slotId:0,state:5
07-29 18:40:45.909  4900  5199 I SystemUi--QuickSettings: Tile.OplusCellularTile-->updateCarrierText: dialog not showing, ignore
07-29 18:40:45.909  5023  6115 W BestClock: java.time.DateTimeException: Missing network time fix
07-29 18:40:45.909  4900  4900 I KeyguardUpdateMonitor: action=android.intent.action.SERVICE_STATE subId=1 slotId=0
07-29 18:40:45.909  5023  6115 V MonthTrafficAlert: getWarningNotification subId:1 numWarningNotificaion:0
07-29 18:40:45.910  4900  5199 D SimStateHelper: slot:0, lock state:Bundle[mParcelledData.dataSize=56]
07-29 18:40:45.910  4900  5199 D SimStateHelper: slot:1, lock state:Bundle[mParcelledData.dataSize=56]
07-29 18:40:45.910  4900  5199 D SimStateHelper: needDisableMenu: slot1State=-1; slot2State=-1
07-29 18:40:45.910  4900  5199 D SimStateHelper: needDisableMenu:false
07-29 18:40:45.910  6443  7878 D OplusAtlasAudioDetectionManager: MSG_CALL_STATE_CHANGED
07-29 18:40:45.910  6443  7878 D OplusAtlasAudioDetectionManager: callStateChanged state: 0, len: 0
07-29 18:40:45.910  3522  5421 W BestClock: java.time.DateTimeException: Missing network time fix
07-29 18:40:45.910  4957  4957 V OplusCustomizeCacheManager: queryCache name: sys.cache.common_customize_cache18016 param: null
07-29 18:40:45.910  4957  4957 V OplusCustomizeCacheManager: queryCache name: sys.cache.common_customize_cache18013 param: null
07-29 18:40:45.911  4957  4957 V OplusCustomizeCacheManager: queryCache name: sys.cache.common_customize_cache18014 param: null
07-29 18:40:45.911 13115 13115 E ttings:tzupdate: Not starting debugger since process cannot load the jdwp agent.
07-29 18:40:45.911  4957  4957 V OplusCustomizeCacheManager: queryCache name: sys.cache.common_customize_cache18017 param: Bundle[{SETTING=BLOCK, BUSINESS=NCT-DATA}]
07-29 18:40:45.911  3522  5421 W BestClock: java.time.DateTimeException: Missing network time fix
07-29 18:40:45.912  4957  4957 V OplusCustomizeCacheManager: queryCache name: sys.cache.common_customize_cache18016 param: null
07-29 18:40:45.912  4957  4957 V OplusCustomizeCacheManager: queryCache name: sys.cache.common_customize_cache18013 param: null
07-29 18:40:45.912  4957  4957 V OplusCustomizeCacheManager: queryCache name: sys.cache.common_customize_cache18014 param: null
07-29 18:40:45.912  4957  4957 V OplusCustomizeCacheManager: queryCache name: sys.cache.common_customize_cache18017 param: Bundle[{SETTING=BLOCK, BUSINESS=NCT-DATA}]
07-29 18:40:45.912 13115 13115 D nativeloader: Load libframework-connectivity-tiramisu-jni.so using APEX ns com_android_tethering for caller /apex/com.android.tethering/javalib/framework-connectivity-t.jar: ok
07-29 18:40:45.912  4900  5831 V OplusCustomizeCacheManager: queryCache name: sys.cache.common_customize_cache18014 param: null
07-29 18:40:45.912  4900  5831 V OplusCustomizeCacheManager: queryCache name: sys.cache.common_customize_cache18017 param: Bundle[{SETTING=BLOCK, BUSINESS=NCT-DATA}]
07-29 18:40:45.912  4900  5831 V OplusCustomizeCacheManager: queryCache name: sys.cache.common_customize_cache18013 param: null
07-29 18:40:45.912  4957  4957 D MultiSimSettingController: onSubscriptionsChanged
07-29 18:40:45.912  4957  4957 D MultiSimSettingController: isReadyToReevaluate: subInfoInitialized=true, carrierConfigsLoaded=true, satelliteEnabledOrBeingEnabled=false
07-29 18:40:45.912  4957  4957 D MultiSimSettingController: updateDefaults
07-29 18:40:45.912  4957  4957 D MultiSimSettingController: isReadyToReevaluate: subInfoInitialized=true, carrierConfigsLoaded=true, satelliteEnabledOrBeingEnabled=false
07-29 18:40:45.912  4957  4957 D MultiSimSettingController: updateDefaultValues: change: 0
07-29 18:40:45.912  4957  4957 D MultiSimSettingController: disableDataForNonDefaultNonOpportunisticSubscriptions triggered, return directly
07-29 18:40:45.913  4957  4957 D ImsResolver: oldSubId: 1, newSubId: 1
07-29 18:40:45.913  4957  4957 D ImsResolver: oldSubId: -1, newSubId: -1
07-29 18:40:45.913  4957  4957 D CallNotifier: updatePhoneStateListeners: update CF notifications.
07-29 18:40:45.913  4957  4957 I Telephony: TelecomAccountRegistry: onSubscriptionsChanged - reregister accounts
07-29 18:40:45.913  4957  4957 D PhoneUtils: PhoneAccountHandle subId=1, slotId=0
07-29 18:40:45.913 13115 13115 W libc    : Access denied finding property "persist.vendor.sys.activitylog"
07-29 18:40:45.913 13115 13115 I OneTrace: Mark active for pid=13115? true
07-29 18:40:45.913 13115 13115 D cutils-dev: otrace_set_tracing_enabled? true tag:0
07-29 18:40:45.914  4957  4957 D Telephony: registerPstnPhoneAccount line1Number =  subNumber = 
07-29 18:40:45.914  4957  4957 D Telephony: color is transparent asign default instead -15502541
07-29 18:40:45.914 13115 13115 D cutils-dev: properties changed in otrace_seq_number_changed!
07-29 18:40:45.914  4957  4957 D Telephony: isEmergencyPreferredAccount: subId=1, activeData=1
07-29 18:40:45.914  4957  4957 D Telephony: isEmergencyPreferredAccount: Device does not require preference.
07-29 18:40:45.915  3522  5286 D ActivityTaskManagerServiceExtImpl: preBindApplication record is null
07-29 18:40:45.915  3522  5286 D RGBNormalizeServer: OplusRGBNormalize feature enabled ? true
07-29 18:40:45.915  3522  5286 D ResourcesManagerCache: For package com.oplus.wirelesssettings we got cacheList [null] appInfoExt is null ? false hasFeature ? false
07-29 18:40:45.915  4957  4957 I Telephony: isRttCurrentlySupported -- regular acct, hasVoiceAvailability: false
07-29 18:40:45.915  4957  4957 I Telephony:  isRttSupported: false
07-29 18:40:45.915  4957  4957 I Telephony:  isUserRttSettingOn: false
07-29 18:40:45.915  4957  4957 I Telephony:  alwaysAllowWhileRoaming: false
07-29 18:40:45.915  4957  4957 I Telephony:  isRoaming: false
07-29 18:40:45.915  4957  4957 I Telephony:  isOnWfc: false
07-29 18:40:45.915  3522  5286 D VRR [OPlusExternalRefreshRateManager]: isPkgTfcEnable: pkgName = com.oplus.wirelesssettings, enable = false
07-29 18:40:45.915  3522  5286 D VRR [OPlusExternalRefreshRateManager]: getTfcMinFramerate: pkgName = com.oplus.wirelesssettings, min framerate = 0
07-29 18:40:45.915  4957  4957 D Telephony: x0: buildPstnPhoneAccount, phoneId: 0, mIsVideoCapable: false, 
07-29 18:40:45.915  4957  4957 D OplusSesImsManagerExt: feature:0, phoneId:0
07-29 18:40:45.915  4957  4957 D OplusSesImsManagerExt: getSubIdUsingPhoneId:1, phoneId:0
07-29 18:40:45.915  4957  4957 D OplusSesImsManagerExt: isEntitlementEnabled:false
07-29 18:40:45.915  4957  4957 D OplusSesImsManagerExt: isFeatureProvisionedOnDevice not enabled
07-29 18:40:45.915  4957  4957 D Telephony: registerPstnPhoneAccount mIsVideoCapable = false
07-29 18:40:45.915  4957  4957 W libc    : Access denied finding property "persist.vendor.mtk_uce_support"
07-29 18:40:45.916  4957  4957 I Telephony: isCarrierVideoPresenceSupported, false, false, false, false
07-29 18:40:45.916 13115 13115 D OplusActivityManager: get AMS extension: android.os.BinderProxy@eb88c0f
07-29 18:40:45.916  4957  4957 I Telephony: reRegisterPstnPhoneAccount: subId: 1 - no change
07-29 18:40:45.917  4900  5199 I SystemUi--QuickSettings: Tile.OplusCellularTile-->updateCarrierText: dialog not showing, ignore
07-29 18:40:45.917  4900  5199 D SimStateHelper: slot:0, lock state:Bundle[mParcelledData.dataSize=56]
07-29 18:40:45.917  4900  5199 D SimStateHelper: slot:1, lock state:Bundle[mParcelledData.dataSize=56]
07-29 18:40:45.917  4900  5199 D SimStateHelper: needDisableMenu: slot1State=-1; slot2State=-1
07-29 18:40:45.917  4900  5199 D SimStateHelper: needDisableMenu:false
07-29 18:40:45.918  4957  4957 V OplusCustomizeCacheManager: queryCache name: sys.cache.common_customize_cache18016 param: null
07-29 18:40:45.918  4957  4957 V OplusCustomizeCacheManager: queryCache name: sys.cache.common_customize_cache18013 param: null
07-29 18:40:45.918  4957  4957 V OplusCustomizeCacheManager: queryCache name: sys.cache.common_customize_cache18014 param: null
07-29 18:40:45.918  4957  4957 V OplusCustomizeCacheManager: queryCache name: sys.cache.common_customize_cache18017 param: Bundle[{SETTING=BLOCK, BUSINESS=NCT-DATA}]
07-29 18:40:45.918 13115 13115 D CompactWindowAppManager: initCompactApplicationInfo CompactMode: , NormalMode: 
07-29 18:40:45.918  4957  4957 V SimultaneousCallingTracker: Received EVENT 101
07-29 18:40:45.918  4957  4957 V SimultaneousCallingTracker: generateVoiceCapablePhoneMapBasedOnUserAssociation: adding phoneId = 0
07-29 18:40:45.918  4957  4957 I SimultaneousCallingTracker: updatePhoneMapAndSimultaneousCallSupportMap: mVoiceCapablePhoneMap.size = 1
07-29 18:40:45.918  4957  4957 V SimultaneousCallingTracker: registerForImsRegistrationChanges: registering phoneId = 0
07-29 18:40:45.918  4957  4957 V SimultaneousCallingTracker: generateSimultaneousCallSupportMap: returning simultaneousCallSubSupportMap = Phone ID=0 - Simultaneous calling compatible phone IDs=[]; 
07-29 18:40:45.918  4957  4957 V SimultaneousCallingTracker: handleSimultaneousCallingSupportChanged
07-29 18:40:45.919  3522  5413 W ContentService: Observer is already registered. Pid is 4957
07-29 18:40:45.919  4957  4957 D InternationalRoamingNotification: init
07-29 18:40:45.919 13115 13115 D OplusScrollToTopManager: setIsInWhiteList false
07-29 18:40:45.919  5196  6349 D VirtualCommService2: isSupport. true, true
07-29 18:40:45.919 13115 13115 D OplusViewDebugManager: OplusViewDebugManager Constructor android.view.debug.OplusViewDebugManager@14c8ea5 [mHasViewDebugProperty true] [mHasMsgDebugProperty false] [DEBUG false] [EXTRAINFOENABLE false] [LIGHT_OS false]
07-29 18:40:45.919  4957  4957 D OplusVirtualCommUtils: isVirtualCommSupport, vRet: true
07-29 18:40:45.919  4957  4957 I OplusVirtualCommUtils: getVirtualCommDeviceType, vRet: 1
07-29 18:40:45.919  4957  4957 I OplusVirtualCommUtils: isConsumerDeviceType, deviceType: 1
07-29 18:40:45.920 13115 13115 D CompatChangeReporter: Compat change id reported: 242716250; UID 1000; state: ENABLED
07-29 18:40:45.920  4957  4957 D InternationalRoamingNotification: do not createRoamingNotification for invalid Network
07-29 18:40:45.921 13115 13115 W libc    : Access denied finding property "ro.odm.prev.product.name"
07-29 18:40:45.922 13115 13115 W ziparchive: Unable to open '/system_ext/framework/nfcvendorlib.dm': No such file or directory
07-29 18:40:45.922 13115 13115 W ziparchive: Unable to open '/system_ext/framework/nfcvendorlib.dm': No such file or directory
07-29 18:40:45.923 13115 13115 D nativeloader: Configuring clns-shared-7 for other apk /system_ext/framework/nfcvendorlib.jar. target_sdk_version=34, uses_libraries=ALL, library_path=/system_ext/priv-app/WirelessSettings/lib/arm64:/system_ext/priv-app/WirelessSettings/WirelessSettings.apk!/lib/arm64-v8a:/system/lib64:/system_ext/lib64, permitted_path=/data:/mnt/expand:/data/user_de/0/com.oplus.wirelesssettings:/system_ext/priv-app/WirelessSettings:/system/lib64:/system_ext/lib64
07-29 18:40:45.923 13115 13115 D nativeloader: Extending system_exposed_libraries: libbinauralrenderer_wrapper.qti.so:libhoaeffects.qti.so:libSloganJni.oplus.so:libsuperNight.oplus.so:libAPSClient-cmd-jni-extension.oplus.so:libsatellite_audio_jni.oplus.so:libortc_so.oplus.so:libsoundtouch.oplus.so:libsoundtouch_jni.oplus.so:libOplusStringJNI-extension.oplus.so:libsatellite_ostx_jni.oplus.so:libapssuspend-jni.oplus.so:libupdateprof.qti.so:libthermalclient.qti.so:libqape.qti.so:libqesdk_ndk_platform.qti.so:liblistenjni.qti.so
07-29 18:40:45.924 13115 13115 D ApplicationLoaders: Returning zygote-cached class loader: /system_ext/framework/androidx.window.extensions.jar
07-29 18:40:45.924 13115 13115 D ApplicationLoaders: Returning zygote-cached class loader: /system_ext/framework/androidx.window.sidecar.jar
07-29 18:40:45.925 13115 13115 D nativeloader: Configuring clns-shared-8 for other apk /system_ext/priv-app/WirelessSettings/WirelessSettings.apk. target_sdk_version=34, uses_libraries=, library_path=/system_ext/priv-app/WirelessSettings/lib/arm64:/system_ext/priv-app/WirelessSettings/WirelessSettings.apk!/lib/arm64-v8a:/system/lib64:/system_ext/lib64, permitted_path=/data:/mnt/expand:/data/user_de/0/com.oplus.wirelesssettings:/system_ext/priv-app/WirelessSettings:/system/lib64:/system_ext/lib64
07-29 18:40:45.928 13115 13115 V GraphicsEnvironment: Currently set values for:
07-29 18:40:45.928 13115 13115 V GraphicsEnvironment:   angle_gl_driver_selection_pkgs=[]
07-29 18:40:45.928 13115 13115 V GraphicsEnvironment:   angle_gl_driver_selection_values=[]
07-29 18:40:45.928 13115 13115 V GraphicsEnvironment: Global.Settings values are invalid: number of packages: 0, number of values: 0
07-29 18:40:45.929 13115 13115 D WS_OplusWirelessSettingsApp: onCreate, OplusWirelessSettingsApp
07-29 18:40:45.930 13115 13115 D LogUtils: initWirelessLog sIsQeAssert=false,sIsWifiOrBtLog=false
07-29 18:40:45.932  3522  5286 I ActivityManager: Flag disabled. Ignoring finishAttachApplication from uid: 1000. pid: 13115
07-29 18:40:45.932 13115 13115 E ANDR-PERF-CLIENT-SYS: death recipent object is fine
07-29 18:40:45.932 13115 13115 W ttings:tzupdate: AIBinder_linkToDeath is being called with a non-null cookie and no onUnlink callback set. This might not be intended. AIBinder_DeathRecipient_setOnUnlinked should be called first.
07-29 18:40:45.933  3522  5286 W OplusSelfProtectManager: pkg[com.oplus.wirelesssettings] not in policy list
07-29 18:40:45.935  3522  5286 D ActivityManager: Async freezing 13115 com.oplus.wirelesssettings:tzupdate
07-29 18:40:45.937  4731  6017 W SQLiteLog: (28) double-quoted string literal: "timezone_tzdata_v2_files"
07-29 18:40:46.007  4957  4957 V OplusCustomizeCacheManager: queryCache name: sys.cache.common_customize_cache18016 param: null
07-29 18:40:46.008  4957  4957 V OplusCustomizeCacheManager: queryCache name: sys.cache.common_customize_cache18013 param: null
07-29 18:40:46.008  4957  4957 V OplusCustomizeCacheManager: queryCache name: sys.cache.common_customize_cache18014 param: null
07-29 18:40:46.008  4957  4957 V OplusCustomizeCacheManager: queryCache name: sys.cache.common_customize_cache18017 param: Bundle[{SETTING=BLOCK, BUSINESS=NCT-DATA}]
07-29 18:40:46.009  4957  4957 V OplusCustomizeCacheManager: queryCache name: sys.cache.common_customize_cache18016 param: null
07-29 18:40:46.009  4957  4957 V OplusCustomizeCacheManager: queryCache name: sys.cache.common_customize_cache18013 param: null
07-29 18:40:46.009  4957  4957 V OplusCustomizeCacheManager: queryCache name: sys.cache.common_customize_cache18014 param: null
07-29 18:40:46.009  4957  4957 V OplusCustomizeCacheManager: queryCache name: sys.cache.common_customize_cache18017 param: Bundle[{SETTING=BLOCK, BUSINESS=NCT-DATA}]
07-29 18:40:46.011  1832  4467 I sensors-hal: handle_oplus_wise_rgb_event:189, high_pwm_light:lux 181.2,cct 3564.0,brl/algo/ir 1331.0/2.0/23.2,pwm/dc 0.0/0.0,rgbc 14150.826172/9559.552734/4052.613525/26517.927734,ts 59455740775,cnt 870,flag 65700
07-29 18:40:46.012  1891  4461 I Dpps    : LtmSwState::SetParameter():144 ignore cmd 7 in state LtmOffState
07-29 18:40:46.032  4900  4900 D RowAnimatorExtImpl: end:view:StatusBarIconView(slot='volume' alpha=1.0 icon=StatusBarIcon(icon=Icon(typ=RESOURCE pkg=com.android.systemui id=0x7f0818f0) visible user=0 ) visibleState=ICON iconColor=#ccffffff staticDrawableColor=#ccffffff decorColor=#ffffffff animationStartColor=#0 currentSetColor=#ccffffff notification=null),tx
07-29 18:40:46.032  4900  4900 D RowAnimatorExtImpl: end:view:StatusBarIconView(slot='zen' alpha=1.0 icon=StatusBarIcon(icon=Icon(typ=RESOURCE pkg=com.android.systemui id=0x7f0818e1) visible user=0 ) visibleState=ICON iconColor=#ccffffff staticDrawableColor=#ccffffff decorColor=#ffffffff animationStartColor=#0 currentSetColor=#ccffffff notification=null),tx
07-29 18:40:46.032  4900  4900 D RowAnimatorExtImpl: end:view:StatusBarIconView(slot='volume' alpha=1.0 icon=StatusBarIcon(icon=Icon(typ=RESOURCE pkg=com.android.systemui id=0x7f0818f0) visible user=0 ) visibleState=ICON iconColor=#ccffffff staticDrawableColor=#ccffffff decorColor=#ffffffff animationStartColor=#0 currentSetColor=#ccffffff notification=null),tx
07-29 18:40:46.032  4900  4900 D RowAnimatorExtImpl: end:view:StatusBarIconView(slot='zen' alpha=1.0 icon=StatusBarIcon(icon=Icon(typ=RESOURCE pkg=com.android.systemui id=0x7f0818e1) visible user=0 ) visibleState=ICON iconColor=#ccffffff staticDrawableColor=#ccffffff decorColor=#ffffffff animationStartColor=#0 currentSetColor=#ccffffff notification=null),tx
07-29 18:40:46.032  4900  4900 D RowAnimatorExtImpl: end:view:StatusBarIconView(slot='volume' alpha=1.0 icon=StatusBarIcon(icon=Icon(typ=RESOURCE pkg=com.android.systemui id=0x7f0818f0) visible user=0 ) visibleState=ICON iconColor=#ccffffff staticDrawableColor=#ccffffff decorColor=#ffffffff animationStartColor=#0 currentSetColor=#ccffffff notification=null),tx
07-29 18:40:46.032  4900  4900 D RowAnimatorExtImpl: end:view:StatusBarIconView(slot='zen' alpha=1.0 icon=StatusBarIcon(icon=Icon(typ=RESOURCE pkg=com.android.systemui id=0x7f0818e1) visible user=0 ) visibleState=ICON iconColor=#ccffffff staticDrawableColor=#ccffffff decorColor=#ffffffff animationStartColor=#0 currentSetColor=#ccffffff notification=null),tx
07-29 18:40:46.163  1975  1975 D SensorFeature: name=ssc_screenshot_info ,index = 22
07-29 18:40:46.164  1975  1975 D SensorFeature: write 29 bytes:59712729663,59721062996,165,0
07-29 18:40:46.223  4900  4900 I SystemUi--QuickSettings: TemporarilyInfoManager-->[animateShow] com.oplus.systemui.qs.base.temporarilyinfo.TemporarilyInfoManager$createViewToParent$1{ea60176 VFED..C.. ........ 0,0-1080,228 #7f0a0cb6 app:id/temporarily_info_view alpha=1.0 viewInfo = } end
07-29 18:40:46.223  4900  4900 I SystemUi--QuickSettings: TemporarilyInfoManager-->[trigger] start from showElementAfterShowFully
07-29 18:40:46.231  1995  2025 D BatteryChargeControl: bcc get no support from charging protocol
07-29 18:40:46.278  3522  4407 D FusionLightNextGen: process end reported = 1, mode: 0, lux 320.4, cct -1.0, r/g/b/c: 14124.3/9552.5/4044.7/26443.8, R/G/B: 132.0/125.0/124.0, bri 1331.0, match 0.69, ir 0.026234, conf 0.0, ts 59721520255
07-29 18:40:46.279  1891  4461 I Dpps    : LtmSwState::SetParameter():144 ignore cmd 7 in state LtmOffState
07-29 18:40:46.348  4900  4900 D JankUtils: gfxSceneEnd; scene: 7
07-29 18:40:46.348  4900  4900 I SystemUi--Common: NotificationShadeDepthC-->sceneFlag: 0x001, isStart = false, Current sceneFlags: 0x000
07-29 18:40:46.348  4900  4900 D NavigationBar: restrainNavigationBarInvertColor: false
07-29 18:40:46.348  4900  5051 D RegionSamplingHelper =:    mCompositionSamplingListener.register
07-29 18:40:46.348  2163  2437 D SurfaceFlinger: addRegionSamplingListener pid: 4900, Area: [0, 2328, 1080, 2376]
07-29 18:40:46.438  1975  1975 D SensorFeature: name=ssc_screenshot_info ,index = 22
07-29 18:40:46.438  1975  1975 D SensorFeature: write 29 bytes:59986952684,59995286017,166,0
07-29 18:40:46.443  3522  3522 D OplusWifiBroadCastDispatcher: mBroadcastReceiver: onReceiver  action=android.intent.action.BATTERY_LEVEL_CHANGED
07-29 18:40:46.444  3522  4634 D OplusWifiPowerService: onReceive action:android.intent.action.BATTERY_LEVEL_CHANGED
07-29 18:40:46.444  3522  4476 W OplusStorageManagerFeature: mScreenReceiver action:android.intent.action.BATTERY_LEVEL_CHANGED
07-29 18:40:46.444  3522  4476 I OplusStorageManagerFeature: TmemoryBetterySwitch: level=100 state=0
07-29 18:40:46.444  3522  4476 I OplusStorageManagerFeature: TmemoryBetterySwitch: action=0 state=2
07-29 18:40:46.444  3522  4476 W OplusStorageManagerFeature: Ready to deal actionParam:0
07-29 18:40:46.449  6236  6236 D BatteryUsageBroadcastReceiver: onReceive:android.intent.action.BATTERY_LEVEL_CHANGED
07-29 18:40:46.449  6236  6236 D BatteryUsageBroadcastReceiver: fetch data because of event: ACTION_BATTERY_LEVEL_CHANGED
07-29 18:40:46.450  6236  6236 D BatteryUsageBroadcastReceiver: cancel sendBroadcastToFetchUsageData when broadcastDelay is 2339992ms.
07-29 18:40:46.452  3522  5286 D ActivityManager: Async freezing 6236 com.android.settings
07-29 18:40:46.493  9201 10197 W metis_v2_KnowledgeManager: Fire: isEmergency is true  debugFireMode = false [7f0000011753828804005469807442|p_7442_9710cbc@1|p_9201_9cd3def@0|com.oplus.metis] [base|com.oplus.metis|1.5.5-f48228a]
07-29 18:40:46.493  9201 10197 W metis_v2_OifaceBindUtils: bindTask [7f0000011753828804005469807442|p_7442_9710cbc@1|p_9201_9cd3def@0|com.oplus.metis]
07-29 18:40:46.493  9201 10197 W metis_v2_OifaceBindUtils: call connectOifaceService [7f0000011753828804005469807442|p_7442_9710cbc@1|p_9201_9cd3def@0|com.oplus.metis]
07-29 18:40:46.494  9201 10197 I metis_v2_KnowledgeManager: panta-sugg-Fire: count=1 [7f0000011753828804005469807442|p_7442_9710cbc@1|p_9201_9cd3def@0|com.oplus.metis]
07-29 18:40:46.494  6487  6540 E oiface  : sched_setaffinity failed
07-29 18:40:46.494  6487  6527 E oiface  : directSetTask: get cpuset path failed
07-29 18:40:46.495  9201 10197 I System.out: 'park_precondition_home_02' 
07-29 18:40:46.495  9201 10197 I System.out: 'park_precondition_company_02' 
07-29 18:40:46.495  9201 10197 I System.out: 'UBIQUITOUS_SERVICE#assistant_screen#NOT_AT_HOME_301' 
07-29 18:40:46.495  9201 10197 I System.out: 'UBIQUITOUS_SERVICE#assistant_screen#NOT_AT_OFFICE_401' 
07-29 18:40:46.496  9201 10197 I System.out: 'policy:NEAR_SUBWAY_BUS_STATION_2x4' 
07-29 18:40:46.497  9201 10197 W metis_v2_TimeDurationCompare: [com.oplus.metis#UBIQUITOUS_SERVICE#scene#tips#TipScene_EXIT] 'timestamp' is not literal. [7f0000011753828804005469807442|p_7442_9710cbc@1|p_9201_9cd3def@0|com.oplus.metis]
07-29 18:40:46.497  9201 10197 D SceneIntentPublisher: headAction: pkg is com.oplus.metis and simpleRuleName is UBIQUITOUS_SERVICE#secne#activity_coloros_reminder_tips
07-29 18:40:46.502  9201 10197 D SceneIntentPublisher: headAction: pkg is com.oplus.metis and simpleRuleName is UBIQUITOUS_SERVICE#secne#activity_coloros_reminder_tips
07-29 18:40:46.505  9201 10197 I System.out: 'UBIQUITOUS_SERVICE#assistant_screen#NOT_AT_HOME_301' 
07-29 18:40:46.506  9201 10197 I System.out: 'tempPropertyForGuideStatus' 
07-29 18:40:46.508  9201 10197 D SceneIntentPublisher: headAction: pkg is com.oplus.metis and simpleRuleName is UBIQUITOUS_SERVICE#secne#activity_coloros_reminder_tips
07-29 18:40:46.508  9201 10197 W metis_v2_TimeDurationCompare: [com.oplus.metis#UBIQUITOUS_SERVICE#scene#tips#TipScene_EXIT] 'timestamp' is not literal. [7f0000011753828804005469807442|p_7442_9710cbc@1|p_9201_9cd3def@0|com.oplus.metis] [base|com.oplus.metis|1.5.5-f48228a]
07-29 18:40:46.513  9201  9912 I ContextAware_GetInstalledAppsInfo: Update cache
07-29 18:40:46.518  9201 10197 W metis_v2_AbsTimerTriggered: [com.oplus.metis#UBIQUITOUS_SERVICE#health#LAUNCH-HEALTH-APP]: periodicTriggered's parseArgsToTimer meet exception periodic timer's first execute start time must >= time range start [7f0000011753828804005469807442|p_7442_9710cbc@1|p_9201_9cd3def@0|com.oplus.metis]
07-29 18:40:46.518  9201 10197 W metis_v2_AbsTimerTriggered: [com.oplus.metis#UBIQUITOUS_SERVICE#health#LAUNCH-HEALTH-APP]: please check if builtin periodicTriggered's args is valid [7f0000011753828804005469807442|p_7442_9710cbc@1|p_9201_9cd3def@0|com.oplus.metis]
07-29 18:40:46.521  9201 10197 I System.out: 'UBIQUITOUS_SERVICE#assistant_screen#NOT_AT_OFFICE_401' 
07-29 18:40:46.521  9201 10197 I metis_v2_KnowledgeManager: panta-sugg-Fire takes 27 milliseconds. [7f0000011753828804005469807442|p_7442_9710cbc@1|p_9201_9cd3def@0|com.oplus.metis]
07-29 18:40:46.521  9201 10197 I ContextAware_PantanalIntentManager: intent (id-14111004+policyName-CLEAN_STORAGE) is not found in scene_intent_config [7f0000011753828804005469807442|p_7442_9710cbc@1|p_9201_9cd3def@0|com.oplus.metis]
07-29 18:40:46.521  9201 10197 I metis_v2_SceneTravelingAdapter: recallTravellingIntent: [] [7f0000011753828804005469807442|p_7442_9710cbc@1|p_9201_9cd3def@0|com.oplus.metis]
07-29 18:40:46.521  9201 10197 I ContextAware_ContextAware_SceneIntentManager: mLastIntentDataSet: [] [7f0000011753828804005469807442|p_7442_9710cbc@1|p_9201_9cd3def@0|com.oplus.metis]
07-29 18:40:46.521  9201 10197 I ContextAware_ContextAware_SceneIntentManager: intentList: [IntentDataDTO(intent=IntentDTO=[sceneId=220500200, intentId=14111005, isExited=false, source=0, ownerId=com.oplus.metis, action=14111005, policyName=SUBSTITUTE_SCENE, serviceId=, sendExitedIntent=true, repeatable=false, sceneScore=-1.0, position=right, level=2, type=1, serviceInstanceId=null, isSupportMultiInstance=false, settingsPreference=null], items=[]), IntentDataDTO(intent=IntentDTO=[sceneId=210000000, intentId=12121002, isExited=true, source=0, ownerId=com.oplus.metis, action=12121002, policyName=TAKEOUT_ORDER_STATUS_CHANGE, serviceId=, sendExitedIntent=false, repeatable=false, sceneScore=-1.0, position=left, level=1, type=1, serviceInstanceId=null, isSupportMultiInstance=false, settingsPreference=null], items=[]), IntentDataDTO(intent=IntentDTO=[sceneId=null, intentId=14111004, isExited=true, source=0, ownerId=com.oplus.metis, action=14111004, policyName=CLEAN_STORAGE, serviceId=, sendExitedIntent=false, repeatable=false, sceneScore=-1.0, position=null, level=0, type=1, serviceInstanceId=null, isSupportMultiInstance=false, settingsPreference=null], items=[]), IntentDataDTO(intent=IntentDTO=[sceneId=null, intentId=12121002, isExited=true, source=0, ownerId=com.oplus.metis, action=12121002, policyName=TAKEOUT_ORDER_STATUS_CHANGE, serviceId=, sendExitedIntent=false, repeatable=false, sceneScore=-1.0, position=null, level=0, type=1, serviceInstanceId=null, isSupportMultiInstance=false, settingsPreference=null], items=[])] [7f0000011753828804005469807442|p_7442_9710cbc@1|p_9201_9cd3def@0|com.oplus.metis]
07-29 18:40:46.521  9201 10197 I ContextAware_ContextAware_SceneIntentManager: missedIntent: [] [7f0000011753828804005469807442|p_7442_9710cbc@1|p_9201_9cd3def@0|com.oplus.metis]
07-29 18:40:46.521  9201 10197 I metis_v2_SceneIntentManager: panta-sugg-Published intents: [7f0000011753828804005469807442|p_7442_9710cbc@1|p_9201_9cd3def@0|com.oplus.metis]
07-29 18:40:46.521  9201 10197 I metis_v2_SceneIntentManager: panta-sugg-IntentDataDTO(intent=IntentDTO=[sceneId=220500200, intentId=14111005, isExited=false, source=0, ownerId=com.oplus.metis, action=14111005, policyName=SUBSTITUTE_SCENE, serviceId=, sendExitedIntent=true, repeatable=false, sceneScore=-1.0, position=right, level=2, type=1, serviceInstanceId=null, isSupportMultiInstance=false, settingsPreference=null], items=[]) [7f0000011753828804005469807442|p_7442_9710cbc@1|p_9201_9cd3def@0|com.oplus.metis]
07-29 18:40:46.521  9201 10197 I metis_v2_SceneIntentManager: panta-sugg-IntentDataDTO(intent=IntentDTO=[sceneId=210000000, intentId=12121002, isExited=true, source=0, ownerId=com.oplus.metis, action=12121002, policyName=TAKEOUT_ORDER_STATUS_CHANGE, serviceId=, sendExitedIntent=false, repeatable=false, sceneScore=-1.0, position=left, level=1, type=1, serviceInstanceId=null, isSupportMultiInstance=false, settingsPreference=null], items=[]) [7f0000011753828804005469807442|p_7442_9710cbc@1|p_9201_9cd3def@0|com.oplus.metis]
07-29 18:40:46.521  9201 10197 I metis_v2_SceneIntentManager: panta-sugg-IntentDataDTO(intent=IntentDTO=[sceneId=null, intentId=14111004, isExited=true, source=0, ownerId=com.oplus.metis, action=14111004, policyName=CLEAN_STORAGE, serviceId=, sendExitedIntent=false, repeatable=false, sceneScore=-1.0, position=null, level=0, type=1, serviceInstanceId=null, isSupportMultiInstance=false, settingsPreference=null], items=[]) [7f0000011753828804005469807442|p_7442_9710cbc@1|p_9201_9cd3def@0|com.oplus.metis]
07-29 18:40:46.521  9201 10197 I metis_v2_SceneIntentManager: panta-sugg-IntentDataDTO(intent=IntentDTO=[sceneId=null, intentId=12121002, isExited=true, source=0, ownerId=com.oplus.metis, action=12121002, policyName=TAKEOUT_ORDER_STATUS_CHANGE, serviceId=, sendExitedIntent=false, repeatable=false, sceneScore=-1.0, position=null, level=0, type=1, serviceInstanceId=null, isSupportMultiInstance=false, settingsPreference=null], items=[]) [7f0000011753828804005469807442|p_7442_9710cbc@1|p_9201_9cd3def@0|com.oplus.metis]
07-29 18:40:46.522  9201 10817 I DeepThinkerSDK: [APP] ClientConnection: getDeepThinkerBridge start
07-29 18:40:46.522  9201 10817 I DeepThinkerSDK: [APP] ClientConnection: getDeepThinkerBridge end
07-29 18:40:46.525  9201 10197 I ContextAware_MetisStatistics: uploadMetisIntentData enter {intent_source=0, intent_action=14111005, exit_type=, rule_name=UBIQUITOUS_SERVICE#secne#activity_coloros_reminder_tips, service_id=, scene_id=220500200, policy_name=SUBSTITUTE_SCENE, is_exited=false, intent_id=14111005, timestamp=1753828846525} [7f0000011753828804005469807442|p_7442_9710cbc@1|p_9201_9cd3def@0|com.oplus.metis]
07-29 18:40:46.525  9201 10197 I ContextAware_PantanalIntentManager: getCloudIntentConfig [7f0000011753828804005469807442|p_7442_9710cbc@1|p_9201_9cd3def@0|com.oplus.metis]
07-29 18:40:46.530  9201 10197 I ContextAware_PantanalIntentManager: getDownLoadConfig [7f0000011753828804005469807442|p_7442_9710cbc@1|p_9201_9cd3def@0|com.oplus.metis]
07-29 18:40:46.542  1832  4467 I sensors-hal: handle_oplus_wise_rgb_event:189, high_pwm_light:lux 180.4,cct 3563.4,brl/algo/ir 1331.0/2.0/22.5,pwm/dc 0.0/0.0,rgbc 14114.617188/9564.232422/4066.384277/26479.582031,ts 59995438067,cnt 880,flag 65702
07-29 18:40:46.542  1891  4461 I Dpps    : LtmSwState::SetParameter():144 ignore cmd 7 in state LtmOffState
07-29 18:40:46.543  9201 10197 I ContextAware_PantanalIntentManager: selectNewestConfig, assetVersion 202505301103, downloadVersion 202507161101 [7f0000011753828804005469807442|p_7442_9710cbc@1|p_9201_9cd3def@0|com.oplus.metis]
07-29 18:40:46.549  1891  2229 I SDM     : DisplayBase::CommitThread: Received idle timeout, panel: cmd, timeout: 70000 us
07-29 18:40:46.550  9201 10197 I ContextAware_PantanalIntentManager: getCloudIntentConfig, cache cloud intent config [7f0000011753828804005469807442|p_7442_9710cbc@1|p_9201_9cd3def@0|com.oplus.metis]
07-29 18:40:46.550  9201 10197 I ContextAware_PantanalIntentLruCache: create, key=14111004-CLEAN_STORAGE, create time=25 LruCache[maxSize=120,hits=118,misses=6,hitRate=95%] cacheSize=16 [7f0000011753828804005469807442|p_7442_9710cbc@1|p_9201_9cd3def@0|com.oplus.metis]
07-29 18:40:46.550  9201 10197 I ContextAware_DecisionIntentProvider: uriPath:/negative_screen [7f0000011753828804005469807442|p_7442_9710cbc@1|p_9201_9cd3def@0|com.oplus.metis]
07-29 18:40:46.550  9201 10197 I ContextAware_DecisionIntentProvider: mAssistantScreenList:[] [7f0000011753828804005469807442|p_7442_9710cbc@1|p_9201_9cd3def@0|com.oplus.metis]
07-29 18:40:46.550  9201 10197 I DataCollector_SortAlgorithmManager.SortCommonUtil: mIntentList is empty. [7f0000011753828804005469807442|p_7442_9710cbc@1|p_9201_9cd3def@0|com.oplus.metis]
07-29 18:40:46.550  9201 10673 E ContextAware_SortAlgorithmManager.ReorderProcessor.GuaranteedIntentManager: removeExternalIntent mExternalGuaranteedList invalid
07-29 18:40:46.550  9201 10673 E ContextAware_SortAlgorithmManager.ReorderProcessor.GuaranteedIntentManager: removeExternalIntent mExternalGuaranteedList invalid
07-29 18:40:46.550  9201 10630 E ContextAware_SortAlgorithmManager.ReorderProcessor.GuaranteedIntentManager: removeExternalIntent mExternalGuaranteedList invalid
07-29 18:40:46.550  9201 10197 I metis_v2_KnowledgeManager: DUMP FACTS IN TREE: [7f0000011753828804005469807442|p_7442_9710cbc@1|p_9201_9cd3def@0|com.oplus.metis]
07-29 18:40:46.551  9201 10673 I ContextAware_ContextAware_SortAlgorithmManager.SendMsg: Log Segmented Print(1):sortForBatchRemoveIntentChange pantanalIntentList = [PantanalIntent(sceneId=210000000, intentId=12121002, policyName='TAKEOUT_ORDER_STATUS_CHANGE', sceneInstanceId=null, intentSrc=0, finalScore=-1.0, subDomain='takeout', action='pantanal.intent.takeout.VIEW_ORDER_PROGRESS', defaultScore=11.0, sortable=false, paramsFromUserPolicy=ParamsFromUserPolicy(exposureArgs=[], exposureFunc=-1, clickArgs=[], clickFunc=-1, timeArgs=[], timeFunc=-1, delayExposureArgs=null, delayClickArgs=null), cannotReduceRecommend=false, reduceReplaceKey=, isUnrecoverable=false, dropRepeatKey=, dropRepeatMode=-1, paramsFromService=content-length:2, isParamsSendToSeedling=false, forceRebuildSeedling=false, seedlingUiPolicy=0, paramsFromHabit=null, serviceList=null, serviceSelectPolicy=0, serviceSelectWeight=null, serviceId=, serviceIdFrom=null, recallScore=null, rankScore=-1.0, rerankScore=-1.0, requestId=null, userPolicyScore=-1.0, domain='life_service', cloudExtInfo=null, operation=1, showCount=0, clickCount=0, exposureTime=0, dtExperimentParams=null, createTime=1753828846550, lastUpdateTime=1753828846550, expireTime=240, , originalUpdateTime=1753828846550, sortRelatedId=0, addRelatedId=0, decisionHistoryList=null, businessData=null, cardOptions=null, instanceId=null, protectEnable=true, protectPolicy=ProtectPolicy(event=0, initialDuration=7, deltaDuration=3, startRatio=70, endRatio=10, stepRatio=20), addMinProb=0.4, probAdj=1.0, lastSortType=0, configVersion=202507161101, algorithmVersion=, recommendServiceList=null, removeTriggerValue=0.2, algorithmTimeRule=[], ruleRemoveByAlgorithm=false, containServiceId=false, dropRepeatType=0, dropRepeatScore=0, delayDismiss=0, attenuationType=-1, attenuationFunc=-1, shouldFocus=false, focusTimestamp=null, orderID=null, serviceTimeStamp=0, serviceInstanceId=null, showType=0,delayExposureTimestamp=0, delayClickTimestamp=0, isSupportMultiInstance=false, , PantanalIntent(sceneId=null, intentId=14111004, policyName='CLEAN_STORAGE', sceneInstanceId=null, intentSrc=0, finalScore=-1.0, subDomain='clear_memory', action='pantanal.intent.system.CLEAN_UP_STORAGE', defaultScore=0.8, sortable=true, paramsFromUserPolicy=ParamsFromUserPolicy(exposureArgs=[20.0, 5.0], exposureFunc=2, clickArgs=[2.0], clickFunc=1, timeArgs=[], timeFunc=-1, delayExposureArgs=null, delayClickArgs=null), cannotReduceRecommend=false, reduceReplaceKey=, isUnrecoverable=false, dropRepeatKey=, dropRepeatMode=-1, paramsFromService=content-length:2, isParamsSendToSeedling=false, forceRebuildSeedling=false, seedlingUiPolicy=0, paramsFromHabit=null, serviceList=null, serviceSelectPolicy=0, serviceSelectWeight=null, serviceId=, serviceIdFrom=null, recallScore=null, rankScore=-1.0, rerankScore=-1.0, requestId=null, userPolicyScore=-1.0, domain='system_settings', cloudExtInfo=null, operation=1, showCount=0, clickCount=0, exposureTime=0, dtExperimentParams=null, createTime=1753828846550, lastUpdateTime=1753828846550, expireTime=240, , originalUpdateTime=1753828846550, sortRelatedId=100710040000, addRelatedId=0, decisionHistoryList=null, businessData=null, cardOptions=null, instanceId=null, protectEnable=true, protectPolicy=ProtectPolicy(event=0, initialDuration=0, deltaDuration=1, startRatio=20, endRatio=5, stepRatio=5), addMinProb=0.4, probAdj=1.0, lastSortType=0, configVersion=202507161101, algorithmVersion=, recommendServiceList=null, removeTriggerValue=0.2, algorithmTimeRule=[], ruleRemoveByAlgorithm=false, containServiceId=false, dropRepeatType=0, dropRepeatScore=0, delayDismiss=0, attenuationType=-1, attenuationFunc=-1, shouldFocus=false, focusTimestamp=null, orderID=null, serviceTimeStamp=0, serviceInstanceId=null, showType=0,delayExposureTimestamp=0, delayClickTimestamp=0, isSupportMultiInstance=false, , PantanalIntent(sceneId=null, intentId=12121002, policyName='TAKEOUT_ORDER_STATUS_CHANGE', sceneInstanceId=null, intentSrc=0, finalScore=-1.0, subDomain='takeout', action='pantanal.intent.takeout.VIEW_ORDER_PROGRESS', defaultScore=11.0,
07-29 18:40:46.551  9201 10673 I ContextAware_ContextAware_SortAlgorithmManager.SendMsg: Log Segmented Print(2): sortable=false, paramsFromUserPolicy=ParamsFromUserPolicy(exposureArgs=[], exposureFunc=-1, clickArgs=[], clickFunc=-1, timeArgs=[], timeFunc=-1, delayExposureArgs=null, delayClickArgs=null), cannotReduceRecommend=false, reduceReplaceKey=, isUnrecoverable=false, dropRepeatKey=, dropRepeatMode=-1, paramsFromService=content-length:2, isParamsSendToSeedling=false, forceRebuildSeedling=false, seedlingUiPolicy=0, paramsFromHabit=null, serviceList=null, serviceSelectPolicy=0, serviceSelectWeight=null, serviceId=, serviceIdFrom=null, recallScore=null, rankScore=-1.0, rerankScore=-1.0, requestId=null, userPolicyScore=-1.0, domain='life_service', cloudExtInfo=null, operation=1, showCount=0, clickCount=0, exposureTime=0, dtExperimentParams=null, createTime=1753828846550, lastUpdateTime=1753828846550, expireTime=240, , originalUpdateTime=1753828846550, sortRelatedId=0, addRelatedId=0, decisionHistoryList=null, businessData=null, cardOptions=null, instanceId=null, protectEnable=true, protectPolicy=ProtectPolicy(event=0, initialDuration=7, deltaDuration=3, startRatio=70, endRatio=10, stepRatio=20), addMinProb=0.4, probAdj=1.0, lastSortType=0, configVersion=202507161101, algorithmVersion=, recommendServiceList=null, removeTriggerValue=0.2, algorithmTimeRule=[], ruleRemoveByAlgorithm=false, containServiceId=false, dropRepeatType=0, dropRepeatScore=0, delayDismiss=0, attenuationType=-1, attenuationFunc=-1, shouldFocus=false, focusTimestamp=null, orderID=null, serviceTimeStamp=0, serviceInstanceId=null, showType=0,delayExposureTimestamp=0, delayClickTimestamp=0, isSupportMultiInstance=false, ]
07-29 18:40:46.551  9201 10673 I ContextAware_SortAlgorithmManager.SendMsg: sortForBatchRemoveIntentChange : batchIntentList is empty Just return
