07-29 15:54:16.119  8171  9866 E metis_v2_JenaHandlerManager: local thread match [7f0000011753818815943339007714|p_7714_87a2d3f@1|p_8171_8f5da7f@1|com.oplus.metis]
07-29 15:54:16.119  8171  9866 E metis_v2_JenaHandlerManager: local thread match [7f0000011753818815943339007714|p_7714_87a2d3f@1|p_8171_8f5da7f@1|com.oplus.metis]
07-29 15:54:16.119  8171  9866 E metis_v2_JenaHandlerManager: local thread match [7f0000011753818815943339007714|p_7714_87a2d3f@1|p_8171_8f5da7f@1|com.oplus.metis]
07-29 15:54:16.119  8171  9866 E metis_v2_JenaHandlerManager: local thread match [7f0000011753818815943339007714|p_7714_87a2d3f@1|p_8171_8f5da7f@1|com.oplus.metis]
07-29 15:54:16.119  8171  9866 E metis_v2_JenaHandlerManager: local thread match [7f0000011753818815943339007714|p_7714_87a2d3f@1|p_8171_8f5da7f@1|com.oplus.metis]
07-29 15:54:16.119  8171  9866 E metis_v2_JenaHandlerManager: local thread match [7f0000011753818815943339007714|p_7714_87a2d3f@1|p_8171_8f5da7f@1|com.oplus.metis]
07-29 15:54:16.119  8171  9866 E metis_v2_JenaHandlerManager: local thread match [7f0000011753818815943339007714|p_7714_87a2d3f@1|p_8171_8f5da7f@1|com.oplus.metis]
07-29 15:54:16.119  8171  9866 E metis_v2_JenaHandlerManager: local thread match [7f0000011753818815943339007714|p_7714_87a2d3f@1|p_8171_8f5da7f@1|com.oplus.metis]
07-29 15:54:16.119  8171  9866 E metis_v2_JenaHandlerManager: local thread match [7f0000011753818815943339007714|p_7714_87a2d3f@1|p_8171_8f5da7f@1|com.oplus.metis]
07-29 15:54:16.119  8171  9866 E metis_v2_JenaHandlerManager: local thread match [7f0000011753818815943339007714|p_7714_87a2d3f@1|p_8171_8f5da7f@1|com.oplus.metis]
07-29 15:54:16.119  8171  9866 E metis_v2_JenaHandlerManager: local thread match [7f0000011753818815943339007714|p_7714_87a2d3f@1|p_8171_8f5da7f@1|com.oplus.metis]
07-29 15:54:16.119  8171  9866 E metis_v2_JenaHandlerManager: local thread match [7f0000011753818815943339007714|p_7714_87a2d3f@1|p_8171_8f5da7f@1|com.oplus.metis]
07-29 15:54:16.119  8171  9866 E metis_v2_JenaHandlerManager: local thread match [7f0000011753818815943339007714|p_7714_87a2d3f@1|p_8171_8f5da7f@1|com.oplus.metis]
07-29 15:54:16.119  8171  9866 E metis_v2_JenaHandlerManager: local thread match [7f0000011753818815943339007714|p_7714_87a2d3f@1|p_8171_8f5da7f@1|com.oplus.metis]
07-29 15:54:16.119  8171  9866 E metis_v2_JenaHandlerManager: local thread match [7f0000011753818815943339007714|p_7714_87a2d3f@1|p_8171_8f5da7f@1|com.oplus.metis]
07-29 15:54:16.119  8171  9866 E metis_v2_JenaHandlerManager: local thread match [7f0000011753818815943339007714|p_7714_87a2d3f@1|p_8171_8f5da7f@1|com.oplus.metis]
07-29 15:54:16.119  8171  9866 E metis_v2_JenaHandlerManager: local thread match [7f0000011753818815943339007714|p_7714_87a2d3f@1|p_8171_8f5da7f@1|com.oplus.metis]
07-29 15:54:16.119  8171  9866 E metis_v2_JenaHandlerManager: local thread match [7f0000011753818815943339007714|p_7714_87a2d3f@1|p_8171_8f5da7f@1|com.oplus.metis]
07-29 15:54:16.119  8171  9866 E metis_v2_JenaHandlerManager: local thread match [7f0000011753818815943339007714|p_7714_87a2d3f@1|p_8171_8f5da7f@1|com.oplus.metis]
07-29 15:54:16.119  8171  9866 E metis_v2_JenaHandlerManager: local thread match [7f0000011753818815943339007714|p_7714_87a2d3f@1|p_8171_8f5da7f@1|com.oplus.metis]
07-29 15:54:16.119  8171  9866 E metis_v2_JenaHandlerManager: local thread match [7f0000011753818815943339007714|p_7714_87a2d3f@1|p_8171_8f5da7f@1|com.oplus.metis]
07-29 15:54:16.119  8171  9866 E metis_v2_JenaHandlerManager: local thread match [7f0000011753818815943339007714|p_7714_87a2d3f@1|p_8171_8f5da7f@1|com.oplus.metis]
07-29 15:54:16.119  8171  9866 E metis_v2_JenaHandlerManager: local thread match [7f0000011753818815943339007714|p_7714_87a2d3f@1|p_8171_8f5da7f@1|com.oplus.metis]
07-29 15:54:16.119  8171  9866 E metis_v2_JenaHandlerManager: local thread match [7f0000011753818815943339007714|p_7714_87a2d3f@1|p_8171_8f5da7f@1|com.oplus.metis]
07-29 15:54:16.119  8171  9866 E metis_v2_JenaHandlerManager: local thread match [7f0000011753818815943339007714|p_7714_87a2d3f@1|p_8171_8f5da7f@1|com.oplus.metis]
07-29 15:54:16.119  8171  9866 E metis_v2_JenaHandlerManager: local thread match [7f0000011753818815943339007714|p_7714_87a2d3f@1|p_8171_8f5da7f@1|com.oplus.metis]
07-29 15:54:16.119  8171  9866 E metis_v2_JenaHandlerManager: local thread match [7f0000011753818815943339007714|p_7714_87a2d3f@1|p_8171_8f5da7f@1|com.oplus.metis]
07-29 15:54:16.119  8171  9866 E metis_v2_JenaHandlerManager: local thread match [7f0000011753818815943339007714|p_7714_87a2d3f@1|p_8171_8f5da7f@1|com.oplus.metis]
07-29 15:54:16.119  8171  9866 E metis_v2_JenaHandlerManager: local thread match [7f0000011753818815943339007714|p_7714_87a2d3f@1|p_8171_8f5da7f@1|com.oplus.metis]
07-29 15:54:16.119  8171  9866 E metis_v2_JenaHandlerManager: local thread match [7f0000011753818815943339007714|p_7714_87a2d3f@1|p_8171_8f5da7f@1|com.oplus.metis]
07-29 15:54:16.119  8171  9866 E metis_v2_JenaHandlerManager: local thread match [7f0000011753818815943339007714|p_7714_87a2d3f@1|p_8171_8f5da7f@1|com.oplus.metis]
07-29 15:54:16.119  8171  9866 E metis_v2_JenaHandlerManager: local thread match [7f0000011753818815943339007714|p_7714_87a2d3f@1|p_8171_8f5da7f@1|com.oplus.metis]
07-29 15:54:16.119  8171  9866 E metis_v2_JenaHandlerManager: local thread match [7f0000011753818815943339007714|p_7714_87a2d3f@1|p_8171_8f5da7f@1|com.oplus.metis]
07-29 15:54:16.119  8171  9866 E metis_v2_JenaHandlerManager: local thread match [7f0000011753818815943339007714|p_7714_87a2d3f@1|p_8171_8f5da7f@1|com.oplus.metis]
07-29 15:54:16.119  8171  9866 E metis_v2_JenaHandlerManager: local thread match [7f0000011753818815943339007714|p_7714_87a2d3f@1|p_8171_8f5da7f@1|com.oplus.metis]
07-29 15:54:16.119  8171  9866 E metis_v2_JenaHandlerManager: local thread match [7f0000011753818815943339007714|p_7714_87a2d3f@1|p_8171_8f5da7f@1|com.oplus.metis]
07-29 15:54:16.119  8171  9866 E metis_v2_JenaHandlerManager: local thread match [7f0000011753818815943339007714|p_7714_87a2d3f@1|p_8171_8f5da7f@1|com.oplus.metis]
07-29 15:54:16.119  8171  9866 E metis_v2_JenaHandlerManager: local thread match [7f0000011753818815943339007714|p_7714_87a2d3f@1|p_8171_8f5da7f@1|com.oplus.metis]
07-29 15:54:16.119  8171  9866 E metis_v2_JenaHandlerManager: local thread match [7f0000011753818815943339007714|p_7714_87a2d3f@1|p_8171_8f5da7f@1|com.oplus.metis]
07-29 15:54:16.119  8171  9866 E metis_v2_JenaHandlerManager: local thread match [7f0000011753818815943339007714|p_7714_87a2d3f@1|p_8171_8f5da7f@1|com.oplus.metis]
07-29 15:54:16.119  8171  9866 E metis_v2_JenaHandlerManager: local thread match [7f0000011753818815943339007714|p_7714_87a2d3f@1|p_8171_8f5da7f@1|com.oplus.metis]
07-29 15:54:16.119  8171  9866 E metis_v2_JenaHandlerManager: local thread match [7f0000011753818815943339007714|p_7714_87a2d3f@1|p_8171_8f5da7f@1|com.oplus.metis]
07-29 15:54:16.119  8171  9866 E metis_v2_JenaHandlerManager: local thread match [7f0000011753818815943339007714|p_7714_87a2d3f@1|p_8171_8f5da7f@1|com.oplus.metis]
07-29 15:54:16.119  8171  9866 E metis_v2_JenaHandlerManager: local thread match [7f0000011753818815943339007714|p_7714_87a2d3f@1|p_8171_8f5da7f@1|com.oplus.metis]
07-29 15:54:16.119  8171  9866 E metis_v2_JenaHandlerManager: local thread match [7f0000011753818815943339007714|p_7714_87a2d3f@1|p_8171_8f5da7f@1|com.oplus.metis]
07-29 15:54:16.119  8171  9866 E metis_v2_JenaHandlerManager: local thread match [7f0000011753818815943339007714|p_7714_87a2d3f@1|p_8171_8f5da7f@1|com.oplus.metis]
07-29 15:54:16.119  8171  9866 E metis_v2_JenaHandlerManager: local thread match [7f0000011753818815943339007714|p_7714_87a2d3f@1|p_8171_8f5da7f@1|com.oplus.metis]
07-29 15:54:16.119  8171  9866 E metis_v2_JenaHandlerManager: local thread match [7f0000011753818815943339007714|p_7714_87a2d3f@1|p_8171_8f5da7f@1|com.oplus.metis]
07-29 15:54:16.119  8171  9866 E metis_v2_JenaHandlerManager: local thread match [7f0000011753818815943339007714|p_7714_87a2d3f@1|p_8171_8f5da7f@1|com.oplus.metis]
07-29 15:54:16.119  8171 10645 I DeepThinkerSDK: [APP] ClientConnection: getDeepThinkerBridge start
07-29 15:54:16.119  8171  9866 E metis_v2_JenaHandlerManager: local thread match [7f0000011753818815943339007714|p_7714_87a2d3f@1|p_8171_8f5da7f@1|com.oplus.metis]
07-29 15:54:16.119  8171  9866 E metis_v2_JenaHandlerManager: local thread match [7f0000011753818815943339007714|p_7714_87a2d3f@1|p_8171_8f5da7f@1|com.oplus.metis]
07-29 15:54:16.119  8171  9866 E metis_v2_JenaHandlerManager: local thread match [7f0000011753818815943339007714|p_7714_87a2d3f@1|p_8171_8f5da7f@1|com.oplus.metis]
07-29 15:54:16.119  8171  9866 E metis_v2_JenaHandlerManager: local thread match [7f0000011753818815943339007714|p_7714_87a2d3f@1|p_8171_8f5da7f@1|com.oplus.metis]
07-29 15:54:16.119  8171  9866 E metis_v2_JenaHandlerManager: local thread match [7f0000011753818815943339007714|p_7714_87a2d3f@1|p_8171_8f5da7f@1|com.oplus.metis]
07-29 15:54:16.119  8171  9866 E metis_v2_JenaHandlerManager: local thread match [7f0000011753818815943339007714|p_7714_87a2d3f@1|p_8171_8f5da7f@1|com.oplus.metis]
07-29 15:54:16.119  8171 10645 I DeepThinkerSDK: [APP] ClientConnection: getDeepThinkerBridge end
07-29 15:54:16.119  8171  9866 E metis_v2_JenaHandlerManager: local thread match [7f0000011753818815943339007714|p_7714_87a2d3f@1|p_8171_8f5da7f@1|com.oplus.metis]
07-29 15:54:16.119  8171  9866 E metis_v2_JenaHandlerManager: local thread match [7f0000011753818815943339007714|p_7714_87a2d3f@1|p_8171_8f5da7f@1|com.oplus.metis]
07-29 15:54:16.119  8171  9866 E metis_v2_JenaHandlerManager: local thread match [7f0000011753818815943339007714|p_7714_87a2d3f@1|p_8171_8f5da7f@1|com.oplus.metis]
07-29 15:54:16.119  8171  9866 E metis_v2_JenaHandlerManager: local thread match [7f0000011753818815943339007714|p_7714_87a2d3f@1|p_8171_8f5da7f@1|com.oplus.metis]
07-29 15:54:16.119  8171  9866 E metis_v2_JenaHandlerManager: local thread match [7f0000011753818815943339007714|p_7714_87a2d3f@1|p_8171_8f5da7f@1|com.oplus.metis]
07-29 15:54:16.119  8171  9866 E metis_v2_JenaHandlerManager: local thread match [7f0000011753818815943339007714|p_7714_87a2d3f@1|p_8171_8f5da7f@1|com.oplus.metis]
07-29 15:54:16.119  8171  9866 E metis_v2_JenaHandlerManager: local thread match [7f0000011753818815943339007714|p_7714_87a2d3f@1|p_8171_8f5da7f@1|com.oplus.metis]
07-29 15:54:16.119  8171  9866 E metis_v2_JenaHandlerManager: local thread match [7f0000011753818815943339007714|p_7714_87a2d3f@1|p_8171_8f5da7f@1|com.oplus.metis]
07-29 15:54:16.119  8171  9866 E metis_v2_JenaHandlerManager: local thread match [7f0000011753818815943339007714|p_7714_87a2d3f@1|p_8171_8f5da7f@1|com.oplus.metis]
07-29 15:54:16.119  8171  9866 E metis_v2_JenaHandlerManager: local thread match [7f0000011753818815943339007714|p_7714_87a2d3f@1|p_8171_8f5da7f@1|com.oplus.metis]
07-29 15:54:16.119  8171  9866 E metis_v2_JenaHandlerManager: local thread match [7f0000011753818815943339007714|p_7714_87a2d3f@1|p_8171_8f5da7f@1|com.oplus.metis]
07-29 15:54:16.119  8171  9866 E metis_v2_JenaHandlerManager: local thread match [7f0000011753818815943339007714|p_7714_87a2d3f@1|p_8171_8f5da7f@1|com.oplus.metis]
07-29 15:54:16.119  8171  9866 E metis_v2_JenaHandlerManager: local thread match [7f0000011753818815943339007714|p_7714_87a2d3f@1|p_8171_8f5da7f@1|com.oplus.metis]
07-29 15:54:16.119  8171  9866 E metis_v2_JenaHandlerManager: local thread match [7f0000011753818815943339007714|p_7714_87a2d3f@1|p_8171_8f5da7f@1|com.oplus.metis]
07-29 15:54:16.119  8171  9866 E metis_v2_JenaHandlerManager: local thread match [7f0000011753818815943339007714|p_7714_87a2d3f@1|p_8171_8f5da7f@1|com.oplus.metis]
07-29 15:54:16.119  8171  9866 E metis_v2_JenaHandlerManager: local thread match [7f0000011753818815943339007714|p_7714_87a2d3f@1|p_8171_8f5da7f@1|com.oplus.metis]
07-29 15:54:16.119  8171  9866 E metis_v2_JenaHandlerManager: local thread match [7f0000011753818815943339007714|p_7714_87a2d3f@1|p_8171_8f5da7f@1|com.oplus.metis]
07-29 15:54:16.119  8171  9866 E metis_v2_JenaHandlerManager: local thread match [7f0000011753818815943339007714|p_7714_87a2d3f@1|p_8171_8f5da7f@1|com.oplus.metis]
07-29 15:54:16.119  8171  9866 E metis_v2_JenaHandlerManager: local thread match [7f0000011753818815943339007714|p_7714_87a2d3f@1|p_8171_8f5da7f@1|com.oplus.metis]
07-29 15:54:16.119  8171  9866 E metis_v2_JenaHandlerManager: local thread match [7f0000011753818815943339007714|p_7714_87a2d3f@1|p_8171_8f5da7f@1|com.oplus.metis]
07-29 15:54:16.119  8171  9866 E metis_v2_JenaHandlerManager: local thread match [7f0000011753818815943339007714|p_7714_87a2d3f@1|p_8171_8f5da7f@1|com.oplus.metis]
07-29 15:54:16.119  8171  9866 E metis_v2_JenaHandlerManager: local thread match [7f0000011753818815943339007714|p_7714_87a2d3f@1|p_8171_8f5da7f@1|com.oplus.metis]
07-29 15:54:16.119  8171  9866 E metis_v2_JenaHandlerManager: local thread match [7f0000011753818815943339007714|p_7714_87a2d3f@1|p_8171_8f5da7f@1|com.oplus.metis]
07-29 15:54:16.119  8171  9866 E metis_v2_JenaHandlerManager: local thread match [7f0000011753818815943339007714|p_7714_87a2d3f@1|p_8171_8f5da7f@1|com.oplus.metis]
07-29 15:54:16.119  8171  9866 E metis_v2_JenaHandlerManager: local thread match [7f0000011753818815943339007714|p_7714_87a2d3f@1|p_8171_8f5da7f@1|com.oplus.metis]
07-29 15:54:16.119  8171  9866 E metis_v2_JenaHandlerManager: local thread match [7f0000011753818815943339007714|p_7714_87a2d3f@1|p_8171_8f5da7f@1|com.oplus.metis]
07-29 15:54:16.119  8171  9866 E metis_v2_JenaHandlerManager: local thread match [7f0000011753818815943339007714|p_7714_87a2d3f@1|p_8171_8f5da7f@1|com.oplus.metis]
07-29 15:54:16.119  8171  9866 E metis_v2_JenaHandlerManager: local thread match [7f0000011753818815943339007714|p_7714_87a2d3f@1|p_8171_8f5da7f@1|com.oplus.metis]
07-29 15:54:16.119  8171  9866 E metis_v2_JenaHandlerManager: local thread match [7f0000011753818815943339007714|p_7714_87a2d3f@1|p_8171_8f5da7f@1|com.oplus.metis]
07-29 15:54:16.119  8171  9866 E metis_v2_JenaHandlerManager: local thread match [7f0000011753818815943339007714|p_7714_87a2d3f@1|p_8171_8f5da7f@1|com.oplus.metis]
07-29 15:54:16.119  8171  9866 E metis_v2_JenaHandlerManager: local thread match [7f0000011753818815943339007714|p_7714_87a2d3f@1|p_8171_8f5da7f@1|com.oplus.metis]
07-29 15:54:16.119  8171  9866 E metis_v2_JenaHandlerManager: local thread match [7f0000011753818815943339007714|p_7714_87a2d3f@1|p_8171_8f5da7f@1|com.oplus.metis]
07-29 15:54:16.119  8171  9866 E metis_v2_JenaHandlerManager: local thread match [7f0000011753818815943339007714|p_7714_87a2d3f@1|p_8171_8f5da7f@1|com.oplus.metis]
07-29 15:54:16.119  8171  9866 E metis_v2_JenaHandlerManager: local thread match [7f0000011753818815943339007714|p_7714_87a2d3f@1|p_8171_8f5da7f@1|com.oplus.metis]
07-29 15:54:16.119  8171  9866 E metis_v2_JenaHandlerManager: local thread match [7f0000011753818815943339007714|p_7714_87a2d3f@1|p_8171_8f5da7f@1|com.oplus.metis]
07-29 15:54:16.119  8171  9866 E metis_v2_JenaHandlerManager: local thread match [7f0000011753818815943339007714|p_7714_87a2d3f@1|p_8171_8f5da7f@1|com.oplus.metis]
07-29 15:54:16.119  8171  9866 E metis_v2_JenaHandlerManager: local thread match [7f0000011753818815943339007714|p_7714_87a2d3f@1|p_8171_8f5da7f@1|com.oplus.metis]
07-29 15:54:16.119  8171  9866 E metis_v2_JenaHandlerManager: local thread match [7f0000011753818815943339007714|p_7714_87a2d3f@1|p_8171_8f5da7f@1|com.oplus.metis]
07-29 15:54:16.119  8171  9866 E metis_v2_JenaHandlerManager: local thread match [7f0000011753818815943339007714|p_7714_87a2d3f@1|p_8171_8f5da7f@1|com.oplus.metis]
07-29 15:54:16.119  8171  9866 E metis_v2_JenaHandlerManager: local thread match [7f0000011753818815943339007714|p_7714_87a2d3f@1|p_8171_8f5da7f@1|com.oplus.metis]
07-29 15:54:16.119  8171  9866 E metis_v2_JenaHandlerManager: local thread match [7f0000011753818815943339007714|p_7714_87a2d3f@1|p_8171_8f5da7f@1|com.oplus.metis]
07-29 15:54:16.119  8171  9866 E metis_v2_JenaHandlerManager: local thread match [7f0000011753818815943339007714|p_7714_87a2d3f@1|p_8171_8f5da7f@1|com.oplus.metis]
07-29 15:54:16.119  8171  9866 E metis_v2_JenaHandlerManager: local thread match [7f0000011753818815943339007714|p_7714_87a2d3f@1|p_8171_8f5da7f@1|com.oplus.metis]
07-29 15:54:16.119  8171  9866 E metis_v2_JenaHandlerManager: local thread match [7f0000011753818815943339007714|p_7714_87a2d3f@1|p_8171_8f5da7f@1|com.oplus.metis]
07-29 15:54:16.119  8171  9866 E metis_v2_JenaHandlerManager: local thread match [7f0000011753818815943339007714|p_7714_87a2d3f@1|p_8171_8f5da7f@1|com.oplus.metis]
07-29 15:54:16.119  8171  9866 E metis_v2_JenaHandlerManager: local thread match [7f0000011753818815943339007714|p_7714_87a2d3f@1|p_8171_8f5da7f@1|com.oplus.metis]
07-29 15:54:16.119  8171  9866 E metis_v2_JenaHandlerManager: local thread match [7f0000011753818815943339007714|p_7714_87a2d3f@1|p_8171_8f5da7f@1|com.oplus.metis]
07-29 15:54:16.119  8171  9866 E metis_v2_JenaHandlerManager: local thread match [7f0000011753818815943339007714|p_7714_87a2d3f@1|p_8171_8f5da7f@1|com.oplus.metis]
07-29 15:54:16.119  8171  9866 E metis_v2_JenaHandlerManager: local thread match [7f0000011753818815943339007714|p_7714_87a2d3f@1|p_8171_8f5da7f@1|com.oplus.metis]
07-29 15:54:16.119  8171  9866 E metis_v2_JenaHandlerManager: local thread match [7f0000011753818815943339007714|p_7714_87a2d3f@1|p_8171_8f5da7f@1|com.oplus.metis]
07-29 15:54:16.119  8171  9866 E metis_v2_JenaHandlerManager: local thread match [7f0000011753818815943339007714|p_7714_87a2d3f@1|p_8171_8f5da7f@1|com.oplus.metis]
07-29 15:54:16.119  8171  9866 E metis_v2_JenaHandlerManager: local thread match [7f0000011753818815943339007714|p_7714_87a2d3f@1|p_8171_8f5da7f@1|com.oplus.metis]
07-29 15:54:16.119  8171  9866 E metis_v2_JenaHandlerManager: local thread match [7f0000011753818815943339007714|p_7714_87a2d3f@1|p_8171_8f5da7f@1|com.oplus.metis]
07-29 15:54:16.119  8171  9866 E metis_v2_JenaHandlerManager: local thread match [7f0000011753818815943339007714|p_7714_87a2d3f@1|p_8171_8f5da7f@1|com.oplus.metis]
07-29 15:54:16.119  8171  9866 E metis_v2_JenaHandlerManager: local thread match [7f0000011753818815943339007714|p_7714_87a2d3f@1|p_8171_8f5da7f@1|com.oplus.metis]
07-29 15:54:16.119  8171  9866 E metis_v2_JenaHandlerManager: local thread match [7f0000011753818815943339007714|p_7714_87a2d3f@1|p_8171_8f5da7f@1|com.oplus.metis]
07-29 15:54:16.119  8171  9866 E metis_v2_JenaHandlerManager: local thread match [7f0000011753818815943339007714|p_7714_87a2d3f@1|p_8171_8f5da7f@1|com.oplus.metis]
07-29 15:54:16.119  8171  9866 E metis_v2_JenaHandlerManager: local thread match [7f0000011753818815943339007714|p_7714_87a2d3f@1|p_8171_8f5da7f@1|com.oplus.metis]
07-29 15:54:16.119  8171  9866 E metis_v2_JenaHandlerManager: local thread match [7f0000011753818815943339007714|p_7714_87a2d3f@1|p_8171_8f5da7f@1|com.oplus.metis]
07-29 15:54:16.119  8171  9866 E metis_v2_JenaHandlerManager: local thread match [7f0000011753818815943339007714|p_7714_87a2d3f@1|p_8171_8f5da7f@1|com.oplus.metis]
07-29 15:54:16.119  8171  9866 E metis_v2_JenaHandlerManager: local thread match [7f0000011753818815943339007714|p_7714_87a2d3f@1|p_8171_8f5da7f@1|com.oplus.metis]
07-29 15:54:16.119  8171  9866 E metis_v2_JenaHandlerManager: local thread match [7f0000011753818815943339007714|p_7714_87a2d3f@1|p_8171_8f5da7f@1|com.oplus.metis]
07-29 15:54:16.119  8171  9866 E metis_v2_JenaHandlerManager: local thread match [7f0000011753818815943339007714|p_7714_87a2d3f@1|p_8171_8f5da7f@1|com.oplus.metis]
07-29 15:54:16.119  8171  9866 E metis_v2_JenaHandlerManager: local thread match [7f0000011753818815943339007714|p_7714_87a2d3f@1|p_8171_8f5da7f@1|com.oplus.metis]
07-29 15:54:16.119  8171  9866 E metis_v2_JenaHandlerManager: local thread match [7f0000011753818815943339007714|p_7714_87a2d3f@1|p_8171_8f5da7f@1|com.oplus.metis]
07-29 15:54:16.119  8171  9866 E metis_v2_JenaHandlerManager: local thread match [7f0000011753818815943339007714|p_7714_87a2d3f@1|p_8171_8f5da7f@1|com.oplus.metis]
07-29 15:54:16.120  8171  9866 E metis_v2_JenaHandlerManager: local thread match [7f0000011753818815943339007714|p_7714_87a2d3f@1|p_8171_8f5da7f@1|com.oplus.metis]
07-29 15:54:16.120  8171  9866 E metis_v2_JenaHandlerManager: local thread match [7f0000011753818815943339007714|p_7714_87a2d3f@1|p_8171_8f5da7f@1|com.oplus.metis]
07-29 15:54:16.120  8171  9866 E metis_v2_JenaHandlerManager: local thread match [7f0000011753818815943339007714|p_7714_87a2d3f@1|p_8171_8f5da7f@1|com.oplus.metis]
07-29 15:54:16.120  8171  9866 E metis_v2_JenaHandlerManager: local thread match [7f0000011753818815943339007714|p_7714_87a2d3f@1|p_8171_8f5da7f@1|com.oplus.metis]
07-29 15:54:16.120  8171  9866 E metis_v2_JenaHandlerManager: local thread match [7f0000011753818815943339007714|p_7714_87a2d3f@1|p_8171_8f5da7f@1|com.oplus.metis]
07-29 15:54:16.120  8171  9866 E metis_v2_JenaHandlerManager: local thread match [7f0000011753818815943339007714|p_7714_87a2d3f@1|p_8171_8f5da7f@1|com.oplus.metis]
07-29 15:54:16.120  8171  9866 E metis_v2_JenaHandlerManager: local thread match [7f0000011753818815943339007714|p_7714_87a2d3f@1|p_8171_8f5da7f@1|com.oplus.metis]
07-29 15:54:16.120  8171  9866 E metis_v2_JenaHandlerManager: local thread match [7f0000011753818815943339007714|p_7714_87a2d3f@1|p_8171_8f5da7f@1|com.oplus.metis]
07-29 15:54:16.120  8171  9866 E metis_v2_JenaHandlerManager: local thread match [7f0000011753818815943339007714|p_7714_87a2d3f@1|p_8171_8f5da7f@1|com.oplus.metis]
07-29 15:54:16.120  8171  9866 E metis_v2_JenaHandlerManager: local thread match [7f0000011753818815943339007714|p_7714_87a2d3f@1|p_8171_8f5da7f@1|com.oplus.metis]
07-29 15:54:16.120  8171  9866 E metis_v2_JenaHandlerManager: local thread match [7f0000011753818815943339007714|p_7714_87a2d3f@1|p_8171_8f5da7f@1|com.oplus.metis]
07-29 15:54:16.120  8171  9866 E metis_v2_JenaHandlerManager: local thread match [7f0000011753818815943339007714|p_7714_87a2d3f@1|p_8171_8f5da7f@1|com.oplus.metis]
07-29 15:54:16.120  8171  9866 E metis_v2_JenaHandlerManager: local thread match [7f0000011753818815943339007714|p_7714_87a2d3f@1|p_8171_8f5da7f@1|com.oplus.metis]
07-29 15:54:16.120  8171  9866 E metis_v2_JenaHandlerManager: local thread match [7f0000011753818815943339007714|p_7714_87a2d3f@1|p_8171_8f5da7f@1|com.oplus.metis]
07-29 15:54:16.120  8171  9866 E metis_v2_JenaHandlerManager: local thread match [7f0000011753818815943339007714|p_7714_87a2d3f@1|p_8171_8f5da7f@1|com.oplus.metis]
07-29 15:54:16.120  8171  9866 E metis_v2_JenaHandlerManager: local thread match [7f0000011753818815943339007714|p_7714_87a2d3f@1|p_8171_8f5da7f@1|com.oplus.metis]
07-29 15:54:16.120  8171  9866 E metis_v2_JenaHandlerManager: local thread match [7f0000011753818815943339007714|p_7714_87a2d3f@1|p_8171_8f5da7f@1|com.oplus.metis]
07-29 15:54:16.120  8171  9866 E metis_v2_JenaHandlerManager: local thread match [7f0000011753818815943339007714|p_7714_87a2d3f@1|p_8171_8f5da7f@1|com.oplus.metis]
07-29 15:54:16.120  8171  9866 E metis_v2_JenaHandlerManager: local thread match [7f0000011753818815943339007714|p_7714_87a2d3f@1|p_8171_8f5da7f@1|com.oplus.metis]
07-29 15:54:16.120  8171  9866 E metis_v2_JenaHandlerManager: local thread match [7f0000011753818815943339007714|p_7714_87a2d3f@1|p_8171_8f5da7f@1|com.oplus.metis]
07-29 15:54:16.120  8171  9866 E metis_v2_JenaHandlerManager: local thread match [7f0000011753818815943339007714|p_7714_87a2d3f@1|p_8171_8f5da7f@1|com.oplus.metis]
07-29 15:54:16.120  8171  9866 E metis_v2_JenaHandlerManager: local thread match [7f0000011753818815943339007714|p_7714_87a2d3f@1|p_8171_8f5da7f@1|com.oplus.metis]
07-29 15:54:16.120  8171  9866 E metis_v2_JenaHandlerManager: local thread match [7f0000011753818815943339007714|p_7714_87a2d3f@1|p_8171_8f5da7f@1|com.oplus.metis]
07-29 15:54:16.120  8171  9866 E metis_v2_JenaHandlerManager: local thread match [7f0000011753818815943339007714|p_7714_87a2d3f@1|p_8171_8f5da7f@1|com.oplus.metis]
07-29 15:54:16.120  8171  9866 E metis_v2_JenaHandlerManager: local thread match [7f0000011753818815943339007714|p_7714_87a2d3f@1|p_8171_8f5da7f@1|com.oplus.metis]
07-29 15:54:16.120  8171  9866 E metis_v2_JenaHandlerManager: local thread match [7f0000011753818815943339007714|p_7714_87a2d3f@1|p_8171_8f5da7f@1|com.oplus.metis]
07-29 15:54:16.120  8171  9866 E metis_v2_JenaHandlerManager: local thread match [7f0000011753818815943339007714|p_7714_87a2d3f@1|p_8171_8f5da7f@1|com.oplus.metis]
07-29 15:54:16.120  8171  9866 E metis_v2_JenaHandlerManager: local thread match [7f0000011753818815943339007714|p_7714_87a2d3f@1|p_8171_8f5da7f@1|com.oplus.metis]
07-29 15:54:16.120  8171  9866 E metis_v2_JenaHandlerManager: local thread match [7f0000011753818815943339007714|p_7714_87a2d3f@1|p_8171_8f5da7f@1|com.oplus.metis]
07-29 15:54:16.120  8171  9866 E metis_v2_JenaHandlerManager: local thread match [7f0000011753818815943339007714|p_7714_87a2d3f@1|p_8171_8f5da7f@1|com.oplus.metis]
07-29 15:54:16.120  8171  9866 E metis_v2_JenaHandlerManager: local thread match [7f0000011753818815943339007714|p_7714_87a2d3f@1|p_8171_8f5da7f@1|com.oplus.metis]
07-29 15:54:16.120  8171  9866 E metis_v2_JenaHandlerManager: local thread match [7f0000011753818815943339007714|p_7714_87a2d3f@1|p_8171_8f5da7f@1|com.oplus.metis]
07-29 15:54:16.120  8171  9866 E metis_v2_JenaHandlerManager: local thread match [7f0000011753818815943339007714|p_7714_87a2d3f@1|p_8171_8f5da7f@1|com.oplus.metis]
07-29 15:54:16.120  8171  9866 E metis_v2_JenaHandlerManager: local thread match [7f0000011753818815943339007714|p_7714_87a2d3f@1|p_8171_8f5da7f@1|com.oplus.metis]
07-29 15:54:16.120  8171  9866 E metis_v2_JenaHandlerManager: local thread match [7f0000011753818815943339007714|p_7714_87a2d3f@1|p_8171_8f5da7f@1|com.oplus.metis]
07-29 15:54:16.120  8171  9866 E metis_v2_JenaHandlerManager: local thread match [7f0000011753818815943339007714|p_7714_87a2d3f@1|p_8171_8f5da7f@1|com.oplus.metis]
07-29 15:54:16.120  8171  9866 E metis_v2_JenaHandlerManager: local thread match [7f0000011753818815943339007714|p_7714_87a2d3f@1|p_8171_8f5da7f@1|com.oplus.metis]
07-29 15:54:16.120  8171  9866 E metis_v2_JenaHandlerManager: local thread match [7f0000011753818815943339007714|p_7714_87a2d3f@1|p_8171_8f5da7f@1|com.oplus.metis]
07-29 15:54:16.120  8171  9866 E metis_v2_JenaHandlerManager: local thread match [7f0000011753818815943339007714|p_7714_87a2d3f@1|p_8171_8f5da7f@1|com.oplus.metis]
07-29 15:54:16.120  8171  9866 E metis_v2_JenaHandlerManager: local thread match [7f0000011753818815943339007714|p_7714_87a2d3f@1|p_8171_8f5da7f@1|com.oplus.metis]
07-29 15:54:16.120  8171  9866 E metis_v2_JenaHandlerManager: local thread match [7f0000011753818815943339007714|p_7714_87a2d3f@1|p_8171_8f5da7f@1|com.oplus.metis]
07-29 15:54:16.120  8171  9866 E metis_v2_JenaHandlerManager: local thread match [7f0000011753818815943339007714|p_7714_87a2d3f@1|p_8171_8f5da7f@1|com.oplus.metis]
07-29 15:54:16.120  8171  9866 E metis_v2_JenaHandlerManager: local thread match [7f0000011753818815943339007714|p_7714_87a2d3f@1|p_8171_8f5da7f@1|com.oplus.metis]
07-29 15:54:16.120  8171  9866 E metis_v2_JenaHandlerManager: local thread match [7f0000011753818815943339007714|p_7714_87a2d3f@1|p_8171_8f5da7f@1|com.oplus.metis]
07-29 15:54:16.120  8171  9866 E metis_v2_JenaHandlerManager: local thread match [7f0000011753818815943339007714|p_7714_87a2d3f@1|p_8171_8f5da7f@1|com.oplus.metis]
07-29 15:54:16.120  8171  9866 E metis_v2_JenaHandlerManager: local thread match [7f0000011753818815943339007714|p_7714_87a2d3f@1|p_8171_8f5da7f@1|com.oplus.metis]
07-29 15:54:16.120  8171  9866 E metis_v2_JenaHandlerManager: local thread match [7f0000011753818815943339007714|p_7714_87a2d3f@1|p_8171_8f5da7f@1|com.oplus.metis]
07-29 15:54:16.120  8171  9866 E metis_v2_JenaHandlerManager: local thread match [7f0000011753818815943339007714|p_7714_87a2d3f@1|p_8171_8f5da7f@1|com.oplus.metis]
07-29 15:54:16.120  8171  9866 E metis_v2_JenaHandlerManager: local thread match [7f0000011753818815943339007714|p_7714_87a2d3f@1|p_8171_8f5da7f@1|com.oplus.metis]
07-29 15:54:16.120  8171  9866 E metis_v2_JenaHandlerManager: local thread match [7f0000011753818815943339007714|p_7714_87a2d3f@1|p_8171_8f5da7f@1|com.oplus.metis]
07-29 15:54:16.120  8171  9866 E metis_v2_JenaHandlerManager: local thread match [7f0000011753818815943339007714|p_7714_87a2d3f@1|p_8171_8f5da7f@1|com.oplus.metis]
07-29 15:54:16.120  8171  9866 E metis_v2_JenaHandlerManager: local thread match [7f0000011753818815943339007714|p_7714_87a2d3f@1|p_8171_8f5da7f@1|com.oplus.metis]
07-29 15:54:16.120  8171  9866 E metis_v2_JenaHandlerManager: local thread match [7f0000011753818815943339007714|p_7714_87a2d3f@1|p_8171_8f5da7f@1|com.oplus.metis]
07-29 15:54:16.120  8171  9866 E metis_v2_JenaHandlerManager: local thread match [7f0000011753818815943339007714|p_7714_87a2d3f@1|p_8171_8f5da7f@1|com.oplus.metis]
07-29 15:54:16.120  8171  9866 E metis_v2_JenaHandlerManager: local thread match [7f0000011753818815943339007714|p_7714_87a2d3f@1|p_8171_8f5da7f@1|com.oplus.metis]
07-29 15:54:16.120  8171  9866 E metis_v2_JenaHandlerManager: local thread match [7f0000011753818815943339007714|p_7714_87a2d3f@1|p_8171_8f5da7f@1|com.oplus.metis]
07-29 15:54:16.120  8171  9866 E metis_v2_JenaHandlerManager: local thread match [7f0000011753818815943339007714|p_7714_87a2d3f@1|p_8171_8f5da7f@1|com.oplus.metis]
07-29 15:54:16.120  8171  9866 E metis_v2_JenaHandlerManager: local thread match [7f0000011753818815943339007714|p_7714_87a2d3f@1|p_8171_8f5da7f@1|com.oplus.metis]
07-29 15:54:16.120  8171  9866 E metis_v2_JenaHandlerManager: local thread match [7f0000011753818815943339007714|p_7714_87a2d3f@1|p_8171_8f5da7f@1|com.oplus.metis]
07-29 15:54:16.120  8171  9866 E metis_v2_JenaHandlerManager: local thread match [7f0000011753818815943339007714|p_7714_87a2d3f@1|p_8171_8f5da7f@1|com.oplus.metis]
07-29 15:54:16.120  8171  9866 E metis_v2_JenaHandlerManager: local thread match [7f0000011753818815943339007714|p_7714_87a2d3f@1|p_8171_8f5da7f@1|com.oplus.metis]
07-29 15:54:16.120  8171  9866 E metis_v2_JenaHandlerManager: local thread match [7f0000011753818815943339007714|p_7714_87a2d3f@1|p_8171_8f5da7f@1|com.oplus.metis]
07-29 15:54:16.120  8171  9866 E metis_v2_JenaHandlerManager: local thread match [7f0000011753818815943339007714|p_7714_87a2d3f@1|p_8171_8f5da7f@1|com.oplus.metis]
07-29 15:54:16.120  8171  9866 E metis_v2_JenaHandlerManager: local thread match [7f0000011753818815943339007714|p_7714_87a2d3f@1|p_8171_8f5da7f@1|com.oplus.metis]
07-29 15:54:16.120  8171  9866 E metis_v2_JenaHandlerManager: local thread match [7f0000011753818815943339007714|p_7714_87a2d3f@1|p_8171_8f5da7f@1|com.oplus.metis]
07-29 15:54:16.120  8171  9866 E metis_v2_JenaHandlerManager: local thread match [7f0000011753818815943339007714|p_7714_87a2d3f@1|p_8171_8f5da7f@1|com.oplus.metis]
07-29 15:54:16.120  8171  9866 E metis_v2_JenaHandlerManager: local thread match [7f0000011753818815943339007714|p_7714_87a2d3f@1|p_8171_8f5da7f@1|com.oplus.metis]
07-29 15:54:16.120  8171  9866 E metis_v2_JenaHandlerManager: local thread match [7f0000011753818815943339007714|p_7714_87a2d3f@1|p_8171_8f5da7f@1|com.oplus.metis]
07-29 15:54:16.120  8171  9866 E metis_v2_JenaHandlerManager: local thread match [7f0000011753818815943339007714|p_7714_87a2d3f@1|p_8171_8f5da7f@1|com.oplus.metis]
07-29 15:54:16.120  8171  9866 E metis_v2_JenaHandlerManager: local thread match [7f0000011753818815943339007714|p_7714_87a2d3f@1|p_8171_8f5da7f@1|com.oplus.metis]
07-29 15:54:16.120  8171  9866 E metis_v2_JenaHandlerManager: local thread match [7f0000011753818815943339007714|p_7714_87a2d3f@1|p_8171_8f5da7f@1|com.oplus.metis]
07-29 15:54:16.125  5300  5559 W [0]DCS  : Common Record event failed. DCS reject event: [appId=107501,logTag=10750101,eventId=metis_scene] . Pls check server config.
07-29 15:54:16.217  2015  2015 D SensorFeature: name=ssc_screenshot_info ,index = 22
07-29 15:54:16.217  2015  2015 D SensorFeature: write 29 bytes:60194169143,60202502476,160,0
07-29 15:54:16.257  1947  4526 I Dpps    : LtmSwState::SetParameter():144 ignore cmd 7 in state LtmOffState
07-29 15:54:16.491  2015  2015 D SensorFeature: name=ssc_screenshot_info ,index = 22
07-29 15:54:16.491  2015  2015 D SensorFeature: write 29 bytes:60468067111,60476400444,161,0
07-29 15:54:16.498  5277  5714 D OplusScrollToTopManager: com.android.launcher/com.android.launcher.Launcher,This com.android.internal.policy.DecorView{a0b5ed9 V.E...... R....... 0,0-1080,2376 aid=0 alpha=1.0 viewInfo = }[Launcher] change focus to false
07-29 15:54:16.501  4933  5113 D OplusScrollToTopManager: NotificationShade,This com.android.systemui.shade.NotificationShadeWindowView{62a5e79 V.E...... ........ 0,0-1080,2376 #7f0a06b7 app:id/legacy_window_root alpha=1.0 viewInfo = } change focus to true
07-29 15:54:16.501  4933  5113 D OplusScrollToTopManager: NotificationShade, registerGuidePopupDismissReceiverInSystemUI
07-29 15:54:16.502  4933  5113 D OplusScrollToTopManager: NotificationShade, after registerGuidePopupDismissReceiverInSystemUI
07-29 15:54:16.522  1862  4537 I sensors-hal: handle_oplus_wise_rgb_event:189, high_pwm_light:lux 182.3,cct 3570.1,brl/algo/ir 1338.0/2.0/22.1,pwm/dc 0.0/0.0,rgbc 14236.008789/9630.915039/4107.200684/26770.332031,ts 60459546140,cnt 840,flag 161
07-29 15:54:16.522  1947  4526 I Dpps    : LtmSwState::SetParameter():144 ignore cmd 7 in state LtmOffState
07-29 15:54:16.731  3491  5365 I InputDispatcher: injectInputEvent: targetUid=<not set>, syncMode=WAIT_FOR_FINISHED, timeout=30000ms, policyFlags=0x8000000, event=MotionEvent { action=DOWN, id[0]=0, x[0]=877, y[0]=1330, eventTime=60716000000, downTime=60716000000, deviceId=4, source=TOUCHSCREEN, displayId=0, eventId=0xc24da5d6}
07-29 15:54:16.731  3491  4898 I [UAH_CLIENT]: UahEventAcquire, cmdid:37, pkg:none, identity:OplusUAwareInputHelper
07-29 15:54:16.731  4933  4933 V AutofillManager: requestHideFillUi(null): anchor = null
07-29 15:54:16.731  4933  4933 V Application: getAutofillClient(): null on super, trying to find activity thread
07-29 15:54:16.731  4933  4933 V Application: getAutofillClient(): none of the 0 activities on com.android.systemui.SystemUIApplication@cf86031 are top resumed nor have focus
07-29 15:54:16.731  4933  4933 V AutofillManager: No AutofillClient for com.android.systemui on context com.android.systemui.SystemUIApplication@cf86031
07-29 15:54:16.732  3491  4898 D UAH-UahAdaptHelper: adaptSetNotification identity = OplusUAwareInputHelpersrc = 1000 , type 0 ,p1 = -1 ,p2 = -1 ,p3 = -1 ,p4 =
07-29 15:54:16.732  3491  4898 I [UAH_CLIENT]: uahRuleCtl, ruleId:1000, status:0
07-29 15:54:16.732  3491  4713 D OMP_Detector: D:done mCurrStatus: 0
07-29 15:54:16.733  3491  3854 D PowerManagerService: userActivityNoUpdateLocked: groupId=0, eventTime=60716, event=touch, flags=0x0, uid=1000
07-29 15:54:16.734  4933  4933 I SystemUi--Common: ScrollTranslationValue-->resetPanelTranslationY
07-29 15:54:16.734  4933  4933 I SystemUi--QuickSettings: OplusPanelViewPagerController-->initExpanded downExpanded=QS downOnRight=true targetPage=QS downOnYHotArea=false  isKeyguardShowing=false isOnKeyguard=false fractionListeners.size=0 currentQsFraction=1.0 currentNotifyFraction=0.0 hasCalledDownEvent=true getScrollXHotZone=([Rect(0, 0 - 1080, 2376)], [Rect(-1, -1 - -1, -1), Rect(144, 2143 - 270, 2269), Rect(810, 2143 - 936, 2269)]) getScrollYHotZone=Rect(0, 0 - 1080, 222) notifyExpandedFraction=0.0 isLastUpToExpand=true qsPanelView.translationX=0.0
07-29 15:54:16.734  4933  4933 I SystemUi--QuickSettings: OplusQSRootViewController-->startExpandMotion event: 0, startTracking: false isClosing: false panelClosedOnDown: false
07-29 15:54:16.734  4933  4933 I SystemUi--QuickSettings: OplusQSRootViewController-->initialOffsetOnTouch: 2376.0, panelClosedOnDown: false
07-29 15:54:16.735  3491  5365 I InputDispatcher: injectInputEvent: targetUid=<not set>, syncMode=WAIT_FOR_FINISHED, timeout=30000ms, policyFlags=0x8000000, event=MotionEvent { action=UP, id[0]=0, x[0]=877, y[0]=1330, eventTime=60716000000, downTime=60716000000, deviceId=4, source=TOUCHSCREEN, displayId=0, eventId=0xf9cdcc81}
07-29 15:54:16.735  3491  4898 D UAH-UahAdaptHelper: adaptSetNotification identity = OplusUAwareInputHelpersrc = 1000 , type 1 ,p1 = -1 ,p2 = -1 ,p3 = -1 ,p4 =
07-29 15:54:16.735  3491  4898 I [UAH_CLIENT]: uahRuleCtl, ruleId:1000, status:1
07-29 15:54:16.736  4933  4933 I SystemUi--Statusbar: OplusStatusBarWindowViewTouchExImpl-->onTouchEvent handled:false
07-29 15:54:16.736  4933  4933 I SystemUi--QuickSettings: OplusPanelViewPagerController-->reset
07-29 15:54:16.736  4933  4933 I SystemUi--QuickSettings: OplusQSRootViewController-->resetTouch
07-29 15:54:16.736  4933  4933 D OplusViewDragTouchViewHelper: dispatchTouchView action = 1
07-29 15:54:16.737  4933  4933 D ViewRootImplExtImpl: the up motion event handled by client, just return
07-29 15:54:16.737  4933  4933 I SystemUi--QuickSettings: Tile.OplusAirplaneModeTile-->clicked ------ state is :2 canTips :true
07-29 15:54:16.737  4933  5585 V OplusCustomizeCacheManager: queryCache name: sys.cache.common_customize_cache18026 param: null
07-29 15:54:16.737  4933  5585 V OplusCustomizeCacheManager: queryCache name: sys.cache.common_customize_cache18026 param: null
07-29 15:54:16.739  2016  2992 E PerformanceService: [damon_reclaim] Failed to open wmarks_xxx, Linux version 6.6.30
07-29 15:54:16.739  3491  3491 D OplusWifiBroadCastDispatcher: mBroadcastReceiver: onReceiver  action=android.intent.action.AIRPLANE_MODE
07-29 15:54:16.739  3491  4384 E PerformanceManager: setDamonReclaimWmarks succeed.
07-29 15:54:16.740  5101  5101 W Settings: Setting airplane_mode_on has moved from android.provider.Settings.System to android.provider.Settings.Global, returning read-only value.
07-29 15:54:16.740  3491  4572 D WifiController: Airplane mode disabled, determine next state
07-29 15:54:16.740  3491  4572 D WifiActiveModeWarden: Starting primary ClientModeManager in scan only mode
07-29 15:54:16.740  3491  4693 D OplusWifiPower_ConnLpmEventObsever: AIRPLANE_MODE_ON:false
07-29 15:54:16.740  4933  5832 V OplusCustomizeCacheManager: queryCache name: sys.cache.common_customize_cache11009 param: null
07-29 15:54:16.740  4933  5832 I SystemUi--QuickSettings: Tile.OplusAirplaneModeTile-->handleUpdateState state.state: 2 value: 0
07-29 15:54:16.740  4933  5832 V OplusCustomizeCacheManager: queryCache name: sys.cache.common_customize_cache18026 param: null
07-29 15:54:16.741  3491  4522 D BluetoothSystemServer: BluetoothRadioModeListener: Not sensitive to airplane_mode_radios change. Forced to false
07-29 15:54:16.741  5264  5264 D SubsysBroadcastManager: onReceive action:android.intent.action.AIRPLANE_MODE
07-29 15:54:16.742  5061  6139 D NAS-CallIssueDetector: notifyApmChanged
07-29 15:54:16.743  7645  9472 I SettingImpl: isAirplaneModeToggleChecked switchValue: -1, airplane mode isChecked is false
07-29 15:54:16.743  4933  4933 I SystemUi--Statusbar: OplusStatusBarSignalPolicy-->imsIcon: OplusIMSModel(shouldShowVolte=false, shouldShowVowifi=false, simInserted=true, noSim=false, shouldShowVodata=false, shouldShowVo5G=false, vowifiState=false), OplusIMSModel(shouldShowVolte=false, shouldShowVowifi=false, simInserted=false, noSim=true, shouldShowVodata=false, shouldShowVo5G=false, vowifiState=false), noSubs:false, airplaneMode:falsevisible: false ,wifiConnect:false , vowifiIcon:0 , voDataStatus:false, is5GNewCall:false
07-29 15:54:16.743  4933  4933 I SystemUi--Statusbar: OplusStatusBarSignalPolicy-->noSimIcon simState: SimStateModel(simInserted=[true, false], simForbidden=[false, true], simStateIMSI=[true, false], simLoaded=[true, false]), noSubs:false isAirplaneMode:false
07-29 15:54:16.743  5061  6137 D OplusLinkBoostMeeting: onAirplaneModeChange
07-29 15:54:16.743  4933  4933 I SystemUi--Statusbar: OplusMobileIconViewModel-->isVisible subId:1 isAirplaneMode:false isAllowedDuringAirplaneMode:false isForceHidden:false isSatelliteForbid:false
07-29 15:54:16.743  4933  4933 I SystemUi--Statusbar: OplusStatusBarMobileViewBinder-->isVisible:true
07-29 15:54:16.743  4933  4933 I SystemUi--Statusbar: OplusStatusBarMobileViewBinder-->isVisible:true
07-29 15:54:16.743  4933  4933 I SystemUi--Statusbar: OplusStatusBarMobileViewBinder-->isVisible:true
07-29 15:54:16.743  4933  4933 I SystemUi--Statusbar: OplusStatusBarMobileViewBinder-->isVisible:true
07-29 15:54:16.743  4933  4933 I SystemUi--Statusbar: OplusStatusBarMobileViewBinder-->isVisible:true
07-29 15:54:16.743  5061  7204 I PCDR-common_no_service[0]: forbidden
07-29 15:54:16.743  5167  5167 I QImsService: OplusWifiApmStateMgr : ACTION_AIRPLANE_MODE_CHANGED,mIsAirplaneModeOn: false
07-29 15:54:16.743  5061  7204 I PCDR-common_no_45g[0]: forbidden
07-29 15:54:16.743  5061  7204 I PCDR-common_no_service[1]: forbidden
07-29 15:54:16.743  5101  5101 I HidlServiceManagement: Trying to get transport of vendor.oplus.hardware.appradio@1.0::IOplusAppRadio/oplus_app_slot1 without hwservicemanager
07-29 15:54:16.743  5061  7204 I PCDR-common_no_45g[1]: forbidden
07-29 15:54:16.743  5101  5101 E NhsAppRIL/0: in getOplusRadioProxy getService: Exception: java.util.NoSuchElementException
07-29 15:54:16.744  5061  6145 D ElevatorEvent: enableElevatorDetect mIsElevSensorReg = false
07-29 15:54:16.744  5061  6145 V SystemSensorManagerExtImpl: RegisterListener elevator_detect  Wakeup type:33171036 delay:200000us by com.oplus.nas.comm.event.ElevatorEvent$a@988bca1 from com.oplus.nas
07-29 15:54:16.744  5167  5167 I QImsService: OplusImsServiceSubImpl : onTurnOffImsAfterWifiChanged : false
07-29 15:54:16.744  5167  5167 I QImsService: OplusImsServiceSubImpl : onTurnOffImsAfterWifiChanged : false
07-29 15:54:16.744  3491  4288 D SensorService: createSensorEventConnection packageName = com.oplus.nas.comm.event.ElevatorEvent, opPackageName = com.oplus.nas, mCurrentOperatingMode = 0, requestedMode = 0
07-29 15:54:16.744  5264  5264 D NetworkService[0]: onAirPlaneModeChange isAirPlaneModeOn:false
07-29 15:54:16.744  5264  5264 D NetworkService[1]: onAirPlaneModeChange isAirPlaneModeOn:false
07-29 15:54:16.744  5264  5264 D QuickChangeAirplaneModeEvent: airplane mode off
07-29 15:54:16.744  5264  5264 W Settings: Setting airplane_mode_on has moved from android.provider.Settings.System to android.provider.Settings.Global, returning read-only value.
07-29 15:54:16.744  5264  5264 D RadioMessenger: handleMessage Request msgid 2215
07-29 15:54:16.744  5061  6139 D NAS-CallIssueDetector: EVENT_SIM_STATE_CHANGE mSimState[0] LOADED
07-29 15:54:16.744  5061  6139 D SceneEvent: registerSensorMgr start
07-29 15:54:16.744  5001  5001 W Settings: Setting airplane_mode_on has moved from android.provider.Settings.System to android.provider.Settings.Global, returning read-only value.
07-29 15:54:16.744  5001  5001 W Settings: Setting airplane_mode_on has moved from android.provider.Settings.System to android.provider.Settings.Global, returning read-only value.
07-29 15:54:16.745  5001  5001 W Settings: Setting airplane_mode_on has moved from android.provider.Settings.System to android.provider.Settings.Global, returning read-only value.
07-29 15:54:16.745  5001  5001 W Settings: Setting airplane_mode_on has moved from android.provider.Settings.System to android.provider.Settings.Global, returning read-only value.
07-29 15:54:16.745  5001  5001 W Settings: Setting airplane_mode_on has moved from android.provider.Settings.System to android.provider.Settings.Global, returning read-only value.
07-29 15:54:16.745  3491  4694 D OplusWifiSwitchStateMonitor: mWifiSettingsValue:0
07-29 15:54:16.745  5101  5101 D NhsElevatorReceiver: enableElevatorDetect mIsElevSensorReg = false
07-29 15:54:16.745  5101  5101 V SystemSensorManagerExtImpl: RegisterListener elevator_detect  Wakeup type:33171036 delay:200000us by t0.g$b@5815333 from com.oplus.nhs
07-29 15:54:16.745  3491  4846 D SensorService: createSensorEventConnection packageName = t0.g, opPackageName = com.oplus.nhs, mCurrentOperatingMode = 0, requestedMode = 0
07-29 15:54:16.745  3491  4522 D BluetoothSystemServer: AirplaneModeListener: Ignore mode change to same state. previousMode=false, isOn=false, isOnOverrode=false, isMediaConnected=false
07-29 15:54:16.745  5001  5001 D PhoneGlobals: ACTION_AIRPLANE_MODE_CHANGED received
07-29 15:54:16.745  5001  5001 D PhoneGlobals: Receive ACTION_AIRPLANE_MODE_CHANGED, state: false
07-29 15:54:16.745  5001  5001 I PhoneGlobals: handleAirplaneModeChange: isAirplaneNewlyOn=false
07-29 15:54:16.745  3491  5365 W SensorService: SensorEventConnection sensor handle=1362, package = com.oplus.nas.comm.event.ElevatorEvent enable
07-29 15:54:16.745  3491  5365 E SensorService: Required app com.oplus.nas.comm.event.ElevatorEvent, uid 1000, pid 5061
07-29 15:54:16.745  5001  5001 D PhoneGlobals: handleAirplaneModeChange: isAirplaneNewlyOn = false, cellState = 2
07-29 15:54:16.745  5001  5001 I PhoneGlobals: Turning radio on - airplane
07-29 15:54:16.745  5264  5264 D RadioProxyJ: [PHONE0][92]> getNecData moduleId:1 evtId:[0, 16, 0, 0, 0, 0, 0, 0, 0, 0, 0, 0, 0, 0, 0, 0, 0, 0, 0, 0, 0, 0, 0, 0, 0, 0, 0, 0, 0, 0, 0, 0]
07-29 15:54:16.745  3491  5365 D SensorService: Calling batch handle==1362 flags=0rate=200000000 timeout== 0
07-29 15:54:16.745  3491  5365 D SensorService: SensorDevice::batch: ident=0xb400007bc4d24040, handle=0x00000552, flags=0, period_ns=200000000 timeout=0
07-29 15:54:16.745  3491  5365 D SensorService: 	>>> actuating h/w BATCH 0x00000552 200000000 0
07-29 15:54:16.745  3491  4572 D WifiController: DisabledState.exit()
07-29 15:54:16.745  3491  4572 D WifiController: EnabledState.enter()
07-29 15:54:16.745  3491  4694 D OplusWifiSwitchStateMonitor: notify scan state: true
07-29 15:54:16.745  3491  4572 D WifiClientModeManager[60725:unknown]: entering IdleState
07-29 15:54:16.745  1862  1862 I sensors-hal: batch:153, qti.sensor.elevator_detect/1362, period=200000000, max_latency=0
07-29 15:54:16.745  1862  1862 I sensors-hal: batch:175, qti.sensor.elevator_detect/1362, period=200000000, max_latency=0 request completed
07-29 15:54:16.746  3491  5365 D SensorService: Calling activate on 1362
07-29 15:54:16.746  3491  5365 D SensorService: SensorDevice::activate: ident=0xb400007bc4d24040, handle=0x00000552, enabled=1, count=1
07-29 15:54:16.746  5116  9105 I txpwradmin:SettingsObserver: onChange for uri = content://settings/global/airplane_mode_on
07-29 15:54:16.746  3491  5365 D SensorService: enable index=0
07-29 15:54:16.746  3491  4846 W SensorService: SensorEventConnection sensor handle=1362, package = t0.g enable
07-29 15:54:16.746  3491  5365 D SensorService: info.numActiveClients() = 1, info.isActive = 0
07-29 15:54:16.746  3491  5365 D SensorService: activateHardware = 1
07-29 15:54:16.746  3491  5365 D SensorService: 	>>> actuating h/w activate handle=1362 enabled=1
07-29 15:54:16.746  3491  4846 E SensorService: Required app t0.g, uid 1001, pid 5101
07-29 15:54:16.746  1862  1862 I sensors-hal: activate:112, qti.sensor.elevator_detect/1362 en=1
07-29 15:54:16.746  1862  1862 I sensors-hal: acquire_qsh_interface:131, acquire_qsh_interface with sensor_id 28 , conn_type 2 
07-29 15:54:16.746  5061  6134 D ResidenceLocSm: onPreHandleMessage 49
07-29 15:54:16.746  3472  3536 D QmiVsClient: getNecData - enter
07-29 15:54:16.746  5061  6134 D ResidenceLocSm: onPostHandleMessage 49
07-29 15:54:16.746  3472  3536 E QmiVsClient: sendAsyncRequest QMI_VS_GET_NEC_DATA_REQ_MSG_V01 ret 0
07-29 15:54:16.747  1839  1888 E minksocket: MinkIPC ERROR: ( 1839:1888 ) MinkIPC_preProcess:272 Client down, but cannot find corresponding minksession
07-29 15:54:16.747  5116  9105 D txpwrJni: sendRadioStatus start
07-29 15:54:16.748  3491  4572 I WifiHalAidlImpl: Obtained the IWifi binder. Local Version: 2
07-29 15:54:16.748  3491  4572 I WifiHalAidlImpl: Remote Version: 2
07-29 15:54:16.748  1839  1904 E minksocket: MinkIPC ERROR: ( 1839:1904 ) MinkIPC_preProcess:272 Client down, but cannot find corresponding minksession
07-29 15:54:16.748  1839  1904 E minksocket: MinkIPC ERROR: ( 1839:1904 ) MinkIPC_preProcess:272 Client down, but cannot find corresponding minksession
07-29 15:54:16.748  1839  1888 E minksocket: MinkIPC ERROR: ( 1839:1888 ) MinkIPC_preProcess:272 Client down, but cannot find corresponding minksession
07-29 15:54:16.749  1839  1888 E minksocket: MinkIPC ERROR: ( 1839:1888 ) MinkIPC_preProcess:272 Client down, but cannot find corresponding minksession
07-29 15:54:16.749  1839  1904 E minksocket: MinkIPC ERROR: ( 1839:1904 ) MinkIPC_preProcess:272 Client down, but cannot find corresponding minksession
07-29 15:54:16.749  1877  1941 E android.hardware.wifi-service: Failed to open directory: Permission denied
07-29 15:54:16.749  1877  1941 E android.hardware.wifi-service: Error occurred while deleting old tombstone files
07-29 15:54:16.749  1877  1941 E android.hardware.wifi-service: Error writing files to flash
07-29 15:54:16.749  1862  1862 I sensors-hal: qsh_qmi:34, qsh_qmi
07-29 15:54:16.749  1862  1862 I sensors-hal: send_sync_sensor_request:443, send sync request
07-29 15:54:16.749  1862  1862 I sensors-hal: send_sync_sensor_request:472, wait for notification of response
07-29 15:54:16.750  1877  1941 I android.hardware.wifi-service: Wifi HAL stopped
07-29 15:54:16.751  1862 13222 I sensors-hal: qsh_conn_resp_cb:793, resp_value = 0 for elevator_detect 
07-29 15:54:16.751  1877  1941 W android.hardware.wifi-service: AIBinder_linkToDeath is being called with a non-null cookie and no onUnlink callback set. This might not be intended. AIBinder_DeathRecipient_setOnUnlinked should be called first.
07-29 15:54:16.752  1862  1862 I sensors-hal: send_sync_sensor_request:478, takes 2 ms to receive the response with 0
07-29 15:54:16.752  1862  1862 I sensors-hal: activate:131, qti.sensor.elevator_detect/1362 en=1 completed
