07-29 15:54:16.752  1839  1888 E minksocket: MinkIPC ERROR: ( 1839:1888 ) MinkIPC_preProcess:272 Client down, but cannot find corresponding minksession
07-29 15:54:16.752  1839  1904 E minksocket: MinkIPC ERROR: ( 1839:1904 ) MinkIPC_preProcess:272 Client down, but cannot find corresponding minksession
07-29 15:54:16.752  3491  4572 I WifiHalAidlImpl: Initialization is complete
07-29 15:54:16.752  1877  1941 W libc    : Access denied finding property "persist.vendor.debug.wifi.hal.preset_interface_combination_idx"
07-29 15:54:16.752  1877  1941 I android.hardware.wifi-service: Wifi HAL started
07-29 15:54:16.752  3491  5365 D SensorService: 0xb400007bc4d24040 addFd fd=941
07-29 15:54:16.752  3491  4515 D OplusWifiSwitchStatsReport: WiFiSwitch UEVENT: {PCI_SUBSYS_ID=17CB:110E, WLAN_SWITCH_EVENT=driver, WIFI_TURNING=TURN_OFF, INSMODSTATUS=success, DRIVER=cnss_pci, PCI_CLASS=28000, MODALIAS=pci:v000017CBd0000110Esv000017CBsd0000110Ebc02sc80i00, RMMODSTATUS=unknow, OF_NAME=cnss_pci0, SUBSYSTEM=msm_subsys, PCI_ID=17CB:110E, SEQNUM=13923, ACTION=change, INIPRASE=success, OF_FULLNAME=/soc/pcie@1c00000/pcie0_rp/cnss_pci0, PCI_SLOT_NAME=0000:01:00.0, DEVPATH=/devices/platform/soc/1c00000.pcie/pci0000:00/0000:00:00.0/0000:01:00.0, OF_COMPATIBLE_N=0}
07-29 15:54:16.752  5061  6145 D ElevatorEvent: elevator:registerForElevatorDetect  , true mIsElevSensorReg = true
07-29 15:54:16.752  5061  6145 D SceneEvent: registerSensorMgr start
07-29 15:54:16.752  3491  4846 D SensorService: Calling batch handle==1362 flags=0rate=200000000 timeout== 0
07-29 15:54:16.752  5061  6145 D SceneEvent: registerSensorMgr already start,return
07-29 15:54:16.752  3491  4846 D SensorService: SensorDevice::batch: ident=0xb40000797adb6f00, handle=0x00000552, flags=0, period_ns=200000000 timeout=0
07-29 15:54:16.752  3491  4846 D SensorService: Calling activate on 1362
07-29 15:54:16.752  3491  4846 D SensorService: SensorDevice::activate: ident=0xb40000797adb6f00, handle=0x00000552, enabled=1, count=2
07-29 15:54:16.752  3491  4846 D SensorService: enable index=0
07-29 15:54:16.752  3491  4846 D SensorService: info.numActiveClients() = 2, info.isActive = 1
07-29 15:54:16.752  3491  4846 D SensorService: activateHardware = 0
07-29 15:54:16.752  3491  4846 D SensorService: 0xb40000797adb6f00 addFd fd=913
07-29 15:54:16.752  3491  4515 D OplusWifiSwitchStatsReport: WiFiSwitch UEVENT: {PCI_SUBSYS_ID=17CB:110E, WLAN_SWITCH_EVENT=driver, WIFI_TURNING=TURN_ON, INSMODSTATUS=success, DRIVER=cnss_pci, PCI_CLASS=28000, MODALIAS=pci:v000017CBd0000110Esv000017CBsd0000110Ebc02sc80i00, RMMODSTATUS=unknow, OF_NAME=cnss_pci0, SUBSYSTEM=msm_subsys, PCI_ID=17CB:110E, SEQNUM=13924, ACTION=change, INIPRASE=success, OF_FULLNAME=/soc/pcie@1c00000/pcie0_rp/cnss_pci0, PCI_SLOT_NAME=0000:01:00.0, DEVPATH=/devices/platform/soc/1c00000.pcie/pci0000:00/0000:00:00.0/0000:01:00.0, OF_COMPATIBLE_N=0}
07-29 15:54:16.752  4933  4933 D RowAnimatorExtImpl: init:tx,view:StatusBarIconView(slot='volume' alpha=1.0 icon=StatusBarIcon(icon=Icon(typ=RESOURCE pkg=com.android.systemui id=0x7f0818f0) visible user=0 ) visibleState=ICON iconColor=#ccffffff staticDrawableColor=#ccffffff decorColor=#ffffffff animationStartColor=#0 currentSetColor=#ccffffff notification=null),translationX:  9.0  0.0  
07-29 15:54:16.752  5101  5101 D NhsElevatorReceiver: elevator:registerForElevatorDetect  , true mIsElevSensorReg = true
07-29 15:54:16.752  4933  4933 D RowAnimatorExtImpl: init:tx,view:StatusBarIconView(slot='zen' alpha=1.0 icon=StatusBarIcon(icon=Icon(typ=RESOURCE pkg=com.android.systemui id=0x7f0818e1) visible user=0 ) visibleState=ICON iconColor=#ccffffff staticDrawableColor=#ccffffff decorColor=#ffffffff animationStartColor=#0 currentSetColor=#ccffffff notification=null),translationX:  57.0  48.0  
07-29 15:54:16.752  5101  5101 D NhsSceneReceiver: registerSensorMgr start
07-29 15:54:16.753  5101  5101 V SystemSensorManagerExtImpl: RegisterListener oplus_activity_recognition  Wakeup type:33171037 delay:200000us by t0.k$a@bdc26f0 from com.oplus.nhs
07-29 15:54:16.753  3491  4572 E WifiChipAidlImpl: getMode failed with service-specific exception: android.os.ServiceSpecificException:  (code 5)
07-29 15:54:16.753  1877  1941 W android.hardware.wifi-service: No active wlan interfaces in use! Using default
07-29 15:54:16.753  1877  1941 E android.hardware.wifi-service: Unknown iface name: wlan0
07-29 15:54:16.753  1877  1941 E android.hardware.wifi-service: Unknown iface name: wlan0
07-29 15:54:16.753  3491  5368 D SensorService: createSensorEventConnection packageName = t0.k, opPackageName = com.oplus.nhs, mCurrentOperatingMode = 0, requestedMode = 0
07-29 15:54:16.753  4933  4933 D RowAnimatorExtImpl: init:tx,view:StatusBarIconView(slot='volume' alpha=1.0 icon=StatusBarIcon(icon=Icon(typ=RESOURCE pkg=com.android.systemui id=0x7f0818f0) visible user=0 ) visibleState=ICON iconColor=#ccffffff staticDrawableColor=#ccffffff decorColor=#ffffffff animationStartColor=#0 currentSetColor=#ccffffff notification=null),translationX:  9.0  0.0  
07-29 15:54:16.753  4933  4933 D RowAnimatorExtImpl: init:tx,view:StatusBarIconView(slot='zen' alpha=1.0 icon=StatusBarIcon(icon=Icon(typ=RESOURCE pkg=com.android.systemui id=0x7f0818e1) visible user=0 ) visibleState=ICON iconColor=#ccffffff staticDrawableColor=#ccffffff decorColor=#ffffffff animationStartColor=#0 currentSetColor=#ccffffff notification=null),translationX:  57.0  48.0  
07-29 15:54:16.753  3491  4572 I WifiVendorHal: Vendor Hal started successfully
07-29 15:54:16.753  3491  4846 W SensorService: SensorEventConnection sensor handle=1372, package = t0.k enable
07-29 15:54:16.753  3491  4846 E SensorService: Required app t0.k, uid 1001, pid 5101
07-29 15:54:16.753  3491  4846 D SensorService: enable sensor send lastEvent 1372
07-29 15:54:16.753  4933  4933 D RowAnimatorExtImpl: init:tx,view:StatusBarIconView(slot='volume' alpha=1.0 icon=StatusBarIcon(icon=Icon(typ=RESOURCE pkg=com.android.systemui id=0x7f0818f0) visible user=0 ) visibleState=ICON iconColor=#ccffffff staticDrawableColor=#ccffffff decorColor=#ffffffff animationStartColor=#0 currentSetColor=#ccffffff notification=null),translationX:  9.0  0.0  
07-29 15:54:16.753  4933  4933 D RowAnimatorExtImpl: init:tx,view:StatusBarIconView(slot='zen' alpha=1.0 icon=StatusBarIcon(icon=Icon(typ=RESOURCE pkg=com.android.systemui id=0x7f0818e1) visible user=0 ) visibleState=ICON iconColor=#ccffffff staticDrawableColor=#ccffffff decorColor=#ffffffff animationStartColor=#0 currentSetColor=#ccffffff notification=null),translationX:  57.0  48.0  
07-29 15:54:16.753  3491  4846 D SensorService: Calling batch handle==1372 flags=0rate=200000000 timeout== 0
07-29 15:54:16.753  3491  4846 D SensorService: SensorDevice::batch: ident=0xb40000797ac5fc00, handle=0x0000055c, flags=0, period_ns=200000000 timeout=0
07-29 15:54:16.753  3491  4846 D SensorService: Calling activate on 1372
07-29 15:54:16.753  3491  4846 D SensorService: SensorDevice::activate: ident=0xb40000797ac5fc00, handle=0x0000055c, enabled=1, count=4
07-29 15:54:16.753  3491  4846 D SensorService: enable index=1
07-29 15:54:16.753  3491  4846 D SensorService: info.numActiveClients() = 4, info.isActive = 1
07-29 15:54:16.753  3491  4846 D SensorService: activateHardware = 0
07-29 15:54:16.753  3491  4846 D SensorService: 0xb40000797ac5fc00 addFd fd=948
07-29 15:54:16.753  5101  5101 D NhsSceneReceiver: sensor name is oplus_activity_recognition  Wakeup, registerState:true
07-29 15:54:16.753  5101  5101 D NhsSceneReceiver: onAccuracyChanged
07-29 15:54:16.754  5101  5598 D NhsSceneReceiver: onSensorChanged: name = oplus_activity_recognition  Wakeup
07-29 15:54:16.754  5101  5101 E NhsAppRILMsger: EVENT_REQ_EVENT_DONE Error received :com.android.internal.telephony.CommandException: RADIO_NOT_AVAILABLE
07-29 15:54:16.754  3491  4572 E WifiChipAidlImpl: getMode failed with service-specific exception: android.os.ServiceSpecificException:  (code 5)
07-29 15:54:16.754  5101  5598 D NhsSceneReceiver: enter still_state
07-29 15:54:16.754  1877  1941 W android.hardware.wifi-service: No active wlan interfaces in use! Using default
07-29 15:54:16.754  1877  1941 E android.hardware.wifi-service: Unknown iface name: wlan0
07-29 15:54:16.754  1877  1941 E android.hardware.wifi-service: Unknown iface name: wlan0
07-29 15:54:16.754  3491  4572 D OplusWifiConcurrentManager: isConcurrentCombinationAllowed : createMode= 0, requestType =-1
07-29 15:54:16.754  3491  4572 I HalDevMgr: currentModeId=0, requestModeId=3, currentModeIdValid=false
07-29 15:54:16.754  4933  5832 I SystemUi--QuickSettings: Tile.OplusAirplaneModeTile-->handleUpdateState state.state: 1 value: 0
07-29 15:54:16.754  4933  5832 V OplusCustomizeCacheManager: queryCache name: sys.cache.common_customize_cache18026 param: null
07-29 15:54:16.755  3491  4515 D OplusWifiSwitchStatsReport: WiFiSwitch UEVENT: {PCI_SUBSYS_ID=17CB:110E, WLAN_SWITCH_EVENT=driver, WIFI_TURNING=TURN_ON, INSMODSTATUS=success, DRIVER=cnss_pci, PCI_CLASS=28000, MODALIAS=pci:v000017CBd0000110Esv000017CBsd0000110Ebc02sc80i00, RMMODSTATUS=unknow, OF_NAME=cnss_pci0, SUBSYSTEM=msm_subsys, PCI_ID=17CB:110E, SEQNUM=13925, ACTION=change, INIPRASE=success, OF_FULLNAME=/soc/pcie@1c00000/pcie0_rp/cnss_pci0, PCI_SLOT_NAME=0000:01:00.0, DEVPATH=/devices/platform/soc/1c00000.pcie/pci0000:00/0000:00:00.0/0000:01:00.0, OF_COMPATIBLE_N=0}
07-29 15:54:16.755  3472  3965 D QmiVsClient: getNecData callback - enter
07-29 15:54:16.756  3472  3536 D VsProxy : handleMessage msg is 4001
07-29 15:54:16.756  3472  3536 D RadioProxy: getNecData : response cb for instance 0
07-29 15:54:16.756  5264  6516 D RadioProxyJ: [PHONE0][92]< getNecDataResponse ******
07-29 15:54:16.756  5264  5264 D MessengerResponseHandler: handleMessage Response msgid 206
07-29 15:54:16.759  4933  5191 I SystemUi--QuickSettings: Tile.OplusCellularTile-->updateCarrierText: dialog not showing, ignore
07-29 15:54:16.759  4933  5191 D SimStateHelper: slot:0, lock state:Bundle[mParcelledData.dataSize=56]
07-29 15:54:16.759  4933  5191 D SimStateHelper: slot:1, lock state:Bundle[mParcelledData.dataSize=56]
07-29 15:54:16.759  4933  5191 D SimStateHelper: needDisableMenu: slot1State=-1; slot2State=-1
07-29 15:54:16.759  4933  5191 D SimStateHelper: needDisableMenu:false
07-29 15:54:16.761  3491  4846 W BestClock: java.time.DateTimeException: Missing network time fix
07-29 15:54:16.762  1746  1792 E TetherController: property_get sys.radio.data.modem_share_flag return 0, 1!
07-29 15:54:16.763  1862  6860 I sensors-hal: qsh_conn_event_cb:756, event[0] msg_id=1025, ts=1248451535, sensor_type = oplus_activity_recognition  Wakeup
07-29 15:54:16.763  1862  6860 E sensors-hal: handle_sns_std_sensor_event:72, oplus_activity_recognition output: count: 1.000000, index: 1.000000, incar_state: 0.000000, actvity_mode: 3.000000, delta_time: 0.000000 !
07-29 15:54:16.763  5061  5653 D SceneEvent: onSensorChanged: name = oplus_activity_recognition  Wakeup
07-29 15:54:16.763  5101  5598 D NhsSceneReceiver: onSensorChanged: name = oplus_activity_recognition  Wakeup
07-29 15:54:16.764  3491  4846 W BestClock: java.time.DateTimeException: Missing network time fix
07-29 15:54:16.765  2015  2015 D SensorFeature: name=ssc_screenshot_info ,index = 22
07-29 15:54:16.765  2015  2015 D SensorFeature: write 29 bytes:60741795080,60750128413,162,0
07-29 15:54:16.765  3491  4846 W BestClock: java.time.DateTimeException: Missing network time fix
07-29 15:54:16.766  1877  1941 I WifiHAL : Initializing wifi
07-29 15:54:16.767  1877  1941 I CLD80211: android.hardware.wifi-service: initialized exit socket pair
07-29 15:54:16.767  1877  1941 I CLD80211: android.hardware.wifi-service: nlctrl family id: 16 group: host_logs mcast_id: 27
07-29 15:54:16.767  1877  1941 I CLD80211: android.hardware.wifi-service: nlctrl family id: 16 group: fw_logs mcast_id: 28
07-29 15:54:16.767  1877  1941 I CLD80211: android.hardware.wifi-service: nlctrl family id: 16 group: per_pkt_stats mcast_id: 29
07-29 15:54:16.767  1877  1941 I CLD80211: android.hardware.wifi-service: nlctrl family id: 16 group: diag_events mcast_id: 30
07-29 15:54:16.767  1877  1941 I CLD80211: android.hardware.wifi-service: nlctrl family id: 16 group: fatal_events mcast_id: 31
07-29 15:54:16.767  1877  1941 I CLD80211: android.hardware.wifi-service: nlctrl family id: 16 group: oem_msgs mcast_id: 32
07-29 15:54:16.767  1877  1941 E WifiHAL : wifi_get_capabilities: GSCAN is not supported by driver
07-29 15:54:16.767  1877  1941 E WifiHAL : Failed to get wifi Capabilities, error: -3
07-29 15:54:16.767  1877  1941 D WifiHAL : wlan_service_read_sys_param: /proc/sys/net/ipv4/tcp_limit_output_bytes 506072
07-29 15:54:16.767  1877  1941 D WifiHAL : wlan_service_read_sys_param: /proc/sys/net/ipv4/tcp_adv_win_scale 2
07-29 15:54:16.768  1746  1784 E TetherController:  addInterface wlan0->27 succ
07-29 15:54:16.768  5061  6137 W BestClock: java.time.DateTimeException: Missing network time fix
07-29 15:54:16.769  5061  6137 V MonthTrafficAlert: getWarningNotification subId:1 numWarningNotificaion:0
07-29 15:54:16.769  3491  4694 D StaIfaceManager:  onInterfaceLinkStateChanged:wlan0, up:true
07-29 15:54:16.769  3491  4694 D StaIfaceManager:  mWlan0State:UP, mWlan1State:REMOVED
07-29 15:54:16.769  3491  4694 D StaIfaceManager: safe time gap think true
07-29 15:54:16.769  3491  4694 D OplusWifiSwitchStateMonitor: mWifiSettingsValue:0
07-29 15:54:16.769  3491  4694 D StaIfaceManager:  mWlan0State:UP, mWlan1State:REMOVED
07-29 15:54:16.769  3491  4694 D StaIfaceManager: safe time gap think true
07-29 15:54:16.769  3491  4694 D OplusWifiSwitchStateMonitor: notify driver ready event: true
07-29 15:54:16.769  3491  4694 D OplusWifiStateTrackMachine: notifyDriverReadyEvent:true
07-29 15:54:16.769  3491  4694 D OplusWifiStateTrackMachine: WifiReadyState: MSG_DRIVER_READY
07-29 15:54:16.770  1877  1941 D WifiHAL : Ignore unsupported iface type: 6
07-29 15:54:16.770  1877  1941 D WifiHAL : Ignore unsupported iface type: 6
07-29 15:54:16.770  1877  1941 D WifiHAL : Ignore Zero iface limit combination
07-29 15:54:16.770  1877  1941 I android.hardware.wifi-service: Adding interface handle for p2p0
07-29 15:54:16.770  1877  1941 I android.hardware.wifi-service: Adding interface handle for wifi-aware0
07-29 15:54:16.770  1877  1941 I android.hardware.wifi-service: Adding interface handle for wlan0
07-29 15:54:16.770  1877  1941 W android.hardware.wifi-service: No active wlan interfaces in use! Using default
07-29 15:54:16.770  1877  1941 W android.hardware.wifi-service: No active wlan interfaces in use! Using default
07-29 15:54:16.770  1877  1941 I WifiHAL : Get supported concurrency capabilities
07-29 15:54:16.770  1877  1941 E android.hardware.wifi-service: Failed to get SupportedIfaceCombinations matrix from legacy HAL: NOT_SUPPORTED
07-29 15:54:16.770  1877  1941 I android.hardware.wifi-service: Configured chip in mode 3
07-29 15:54:16.770  1877  1941 W android.hardware.wifi-service: No active wlan interfaces in use! Using default
07-29 15:54:16.771  1856  3759 E LOCRIL_SESSION: operator():200] SubId: 1 Failed to get sim IO with error: 11
07-29 15:54:16.771  5201  6379 D IWlanJni: getDataRegistrationState start
07-29 15:54:16.771  1877  1941 W android.hardware.wifi-service: No active wlan interfaces in use! Using default
07-29 15:54:16.771  1856  3759 E LOCRIL_SESSION: operator():241] SubId: 1 Failed to get sim IMSI with error: 11
07-29 15:54:16.772  5201  6379 D IWlanJni: getDataRegistrationState start
07-29 15:54:16.772  5061  6372 D SaDataService: onTelephonyEventReport , subId= 0,slotId=-1 eventId=6030
07-29 15:54:16.772  5061  6372 D TelephonyImpl: notify eventId:6030 for list size:2
07-29 15:54:16.772  5264  6516 D VendorTelephonyService: onTelephonyEventReport slotId =0 eventId=6030
07-29 15:54:16.772  5264  6516 D VendorTelephonyService: onTelephonyEventReport slotId =0 eventId=6030
07-29 15:54:16.772  5264  5264 D VendorCallService: notityEventUpdate, eventId:6030, slotId = 0
07-29 15:54:16.772  5201  6379 D IWlanJni: getDataRegistrationState start
07-29 15:54:16.772  5201  6386 D IWlanJni: new aidl event arrived
07-29 15:54:16.772  5201  6386 D IWlanJni: handleEvent 10
07-29 15:54:16.772  5201  6386 D IWlanJni: isThreadAttached start
07-29 15:54:16.772  5201  6386 D IWlanJni: jni detached
07-29 15:54:16.773  5201  6386 D IWlanJni: jni attached
07-29 15:54:16.773  5201  6386 D IWlanJni: getDataRegistrationStateResponse start
07-29 15:54:16.773  5201  6386 D IWlanJni: getJavaCallbackClass start
07-29 15:54:16.773  5201  6386 D IWlanJni: getJavaCallbackClass End midIs[1]
07-29 15:54:16.773  5201  6386 I IWlanAidlClient: getDataRegistrationStateResponse called
07-29 15:54:16.773  5201  6386 D IWlanJni: new aidl event arrived
07-29 15:54:16.773  5201  6386 D IWlanJni: handleEvent 10
07-29 15:54:16.773  5201  6386 D IWlanJni: isThreadAttached start
07-29 15:54:16.773  5201  6386 D IWlanJni: jni detached
07-29 15:54:16.773  5201  6386 D IWlanJni: jni attached
07-29 15:54:16.773  5201  6386 D IWlanJni: getDataRegistrationStateResponse start
07-29 15:54:16.773  5201  6386 D IWlanJni: getJavaCallbackClass start
07-29 15:54:16.773  5201  6386 D IWlanJni: getJavaCallbackClass End midIs[1]
07-29 15:54:16.773  5201  6386 I IWlanAidlClient: getDataRegistrationStateResponse called
07-29 15:54:16.773  5201  6392 D IWlanJni: new aidl event arrived
07-29 15:54:16.773  5201  6392 D IWlanJni: handleEvent 10
07-29 15:54:16.773  5201  6392 D IWlanJni: isThreadAttached start
07-29 15:54:16.773  5201  6392 D IWlanJni: jni detached
07-29 15:54:16.773  5201  6392 D IWlanJni: jni attached
07-29 15:54:16.773  5201  6392 D IWlanJni: getDataRegistrationStateResponse start
07-29 15:54:16.773  5201  6392 D IWlanJni: getJavaCallbackClass start
07-29 15:54:16.773  5201  6392 D IWlanJni: getJavaCallbackClass End midIs[1]
07-29 15:54:16.773  5201  6392 I IWlanAidlClient: getDataRegistrationStateResponse called
07-29 15:54:16.773  5201  6391 W IWlanNetworkService: 6 > Response Processed
07-29 15:54:16.773  5201  6385 W IWlanNetworkService: 7 > Response Processed
07-29 15:54:16.773  5201  6385 W IWlanNetworkService: 8 > Response Processed
07-29 15:54:16.774  3491  4572 I HalDevMgr: Chip info loaded successfully from the HAL
07-29 15:54:16.774  1877  1941 D WifiHAL : wifi_set_interface_mode: ifname=wlan0 iface_type=0
07-29 15:54:16.774  1877  1941 I android.hardware.wifi-service: Adding interface handle for p2p0
07-29 15:54:16.774  1877  1941 I android.hardware.wifi-service: Adding interface handle for wifi-aware0
07-29 15:54:16.774  1877  1941 I android.hardware.wifi-service: Adding interface handle for wlan0
07-29 15:54:16.776  3491  4572 D HalDevMgr: updateRttController: no one is interested in RTT controllers
07-29 15:54:16.776  3491  5362 W BestClock: java.time.DateTimeException: Missing network time fix
07-29 15:54:16.776  3491  4572 E HalDevMgr: removeP2pAndSapCombination do nothing: mIsAddedP2pAndSapCombination = false
07-29 15:54:16.776  5001  5001 D OplusTelephonyController: onSignalStrengthChanged: SignalStrength=SignalStrength:{mCdma=CellSignalStrengthCdma: cdmaDbm=2147483647 cdmaEcio=2147483647 evdoDbm=2147483647 evdoEcio=2147483647 evdoSnr=2147483647 level=0,mGsm=CellSignalStrengthGsm: rssi=2147483647 ber=2147483647 mTa=2147483647 mLevel=0,mWcdma=CellSignalStrengthWcdma: ss=2147483647 ber=2147483647 rscp=2147483647 ecno=2147483647 level=0,mTdscdma=CellSignalStrengthTdscdma: rssi=2147483647 ber=2147483647 rscp=2147483647 level=0,mLte=CellSignalStrengthLte: rssi=2147483647 rsrp=2147483647 rsrq=2147483647 rssnr=2147483647 cqiTableIndex=2147483647 cqi=2147483647 ta=2147483647 level=0 parametersUseForLevel=0,mNr=CellSignalStrengthNr:{ csiRsrp = 2147483647 csiRsrq = 2147483647 csiCqiTableIndex = 2147483647 csiCqiReport = [] ssRsrp = 2147483647 ssRsrq = 2147483647 ssSinr = 2147483647 level = 0 parametersUseForLevel = 0 timingAdvance = 2147483647 },primary=CellSignalStrengthLte}
07-29 15:54:16.776  1877  1941 W android.hardware.wifi-service: AIBinder_linkToDeath is being called with a non-null cookie and no onUnlink callback set. This might not be intended. AIBinder_DeathRecipient_setOnUnlinked should be called first.
07-29 15:54:16.776  1877  1941 I android.hardware.wifi-service: twtRegisterEvents is not supported-3
07-29 15:54:16.776  3491  5368 I OplusBinderProxy: pb uid: 10215 pid: 11013 desc: com.android.internal.telephony.IPhoneStateListener/10
07-29 15:54:16.777  1877  1941 W android.hardware.wifi-service: AIBinder_linkToDeath is being called with a non-null cookie and no onUnlink callback set. This might not be intended. AIBinder_DeathRecipient_setOnUnlinked should be called first.
07-29 15:54:16.777  1877 13223 D WifiHAL : wifi_get_chip_capabilities: max mlo assoc link cnt: 2 str link cnt 2
07-29 15:54:16.777  6674  6775 E oiface  : sched_setaffinity failed
07-29 15:54:16.778  5201  6379 D IWlanJni: getDataRegistrationState start
07-29 15:54:16.779  1856  3756 W LOCRIL_SESSION: operator():307] cellInfo list size is 0, Voice state: 3, data state: 3
07-29 15:54:16.779  3491  4572 D WifiNl80211Manager: Setting up interface for client mode: wlan0
07-29 15:54:16.779  5201  6392 D IWlanJni: new aidl event arrived
07-29 15:54:16.779  5201  6392 D IWlanJni: handleEvent 10
07-29 15:54:16.779  5201  6392 D IWlanJni: isThreadAttached start
07-29 15:54:16.779  5201  6392 D IWlanJni: jni detached
07-29 15:54:16.779  5041  5169 D QtiOemHookAidl: oemHookRawIndication length=24
07-29 15:54:16.779  5201  6392 D IWlanJni: jni attached
07-29 15:54:16.779  5201  6392 D IWlanJni: getDataRegistrationStateResponse start
07-29 15:54:16.779  5201  6392 D IWlanJni: getJavaCallbackClass start
07-29 15:54:16.779  5201  6392 D IWlanJni: getJavaCallbackClass End midIs[1]
07-29 15:54:16.779  2787  2787 I wificond: Current driver country code US
07-29 15:54:16.779  5201  6392 I IWlanAidlClient: getDataRegistrationStateResponse called
07-29 15:54:16.779  5041  5041 D QcrilMsgTunnelIfaceManager: handleMessage what = 0
07-29 15:54:16.779  2787  2787 I wificond: createClientInterface: wiphy_index 0 iface_name wlan0
07-29 15:54:16.780  3491  4846 D WifiNl80211Manager: OnRegDomainChanged US
07-29 15:54:16.780  3491  4846 D WifiNative: onCountryCodeChanged: US
07-29 15:54:16.780  3491  4846 I WifiCountryCode: Receive onDriverCountryCodeChanged US
07-29 15:54:16.780  2787  2787 I wificond: create scanner for interface with index: 27
07-29 15:54:16.780  2787  2787 I wificond: subscribe scan result for interface with index: 27
07-29 15:54:16.780  3491  4846 D WifiScanRequestProxy: Sending scan available broadcast: true
07-29 15:54:16.780  3491  4576 I WifiScanningService: Received a request to enable scanning, UID = 1000
07-29 15:54:16.780  3491  4846 I WifiScanRequestProxy: Scanning is enabled
07-29 15:54:16.780  3491  4846 I WifiScanRequestProxy: Scanning for hidden networks is disabled
07-29 15:54:16.780  2787  2787 I wificond: add channel type 0 support at wiphy index: 0
07-29 15:54:16.780  2787  2787 I wificond: add channel type 1 support at wiphy index: 0
07-29 15:54:16.780  5201  6391 W IWlanNetworkService: 9 > Response Processed
07-29 15:54:16.780  1856  3759 E LOCRIL_SESSION: operator():200] SubId: 1 Failed to get sim IO with error: 11
07-29 15:54:16.781  1856  3759 E LOCRIL_SESSION: operator():241] SubId: 1 Failed to get sim IMSI with error: 11
07-29 15:54:16.781  5167  5327 I QImsService: ImsRadioIndicationAidl : onRadioStateChanged()[SUB0]
07-29 15:54:16.781  5167  5327 I QImsService: ImsSenderRxr : [UNSL]< UNSOL_RADIO_STATE_CHANGED RADIO_ON[SUB0]
07-29 15:54:16.781  5264  5264 D SubsysEventListenerManager-SubsysTelephonyCallback[0]: onSignalStrengthsChanged
07-29 15:54:16.781  7252  7252 I OsAgent : onReceive: android.net.wifi.action.WIFI_SCAN_AVAILABILITY_CHANGED
07-29 15:54:16.781  4933  5832 V OplusCustomizeCacheManager: queryCache name: sys.cache.common_customize_cache18014 param: null
07-29 15:54:16.781  3491  3491 D OplusWifiBroadCastDispatcher: mBroadcastReceiver: onReceiver  action=android.net.wifi.action.WIFI_SCAN_AVAILABILITY_CHANGED
07-29 15:54:16.781  4933  5832 V OplusCustomizeCacheManager: queryCache name: sys.cache.common_customize_cache18017 param: Bundle[{SETTING=BLOCK, BUSINESS=NCT-DATA}]
07-29 15:54:16.781  4933  5832 V OplusCustomizeCacheManager: queryCache name: sys.cache.common_customize_cache18013 param: null
07-29 15:54:16.781  5041  5082 D QtiOemHookAidl: oemHookRawIndication length=24
07-29 15:54:16.782  5041  5041 D QcrilMsgTunnelIfaceManager: handleMessage what = 0
07-29 15:54:16.782  3491  4695 D OplusWifiPower_ConnLpmEventObsever: onReceive EXTRA_SCAN_AVAILABLE availabe = true
07-29 15:54:16.782  3491  4695 D OplusWifiPowerService: onReceive action:android.net.wifi.action.WIFI_SCAN_AVAILABILITY_CHANGED
07-29 15:54:16.782  3491  4695 D OplusWifiSwitchStateMonitor: scan settings change to true
07-29 15:54:16.782  7252  8017 I OsAgent : updateWiFiScanAvailState, scanAvailable: true
07-29 15:54:16.783  7252  8017 D OsAgentAidlClient: [bool_dataitem_update][1570] [HC] =>> [HS]
07-29 15:54:16.783  3491  4572 I WifiNative: Interface state changed on Iface:{Name=wlan0,Id=1,Type=STA_SCAN}, isUp=true
07-29 15:54:16.783  1877 13223 I WifiHAL : mpdu_size_threshold : 128, aggressive_statistics_gathering : 0
07-29 15:54:16.783  3491  4572 I WifiNative: Successfully setup Iface:{Name=wlan0,Id=1,Type=STA_SCAN}
07-29 15:54:16.783  3491  4572 E SupplicantStaIfaceHalAidlImpl: Can't call getKeyMgmtCapabilities, ISupplicantStaIface is null for iface=wlan0
07-29 15:54:16.783  1856  1919 I LocSvc_SystemStatusOsObserver: sendCachedDataItems:471] DataItem: IS_WIFI_HARDWARE_ON: true >> Wiper
07-29 15:54:16.784  2031  2031 D vendor.oplus.hardware.charger-V7-service: getChargerControl:
07-29 15:54:16.784  5041  5041 D QC_RIL_OEM_HOOK: Received Broadcast Intent ACTION_UNSOL_RESPONSE_OEM_HOOK_RAW
07-29 15:54:16.784  5041  5041 D QC_RIL_OEM_HOOK: Received Broadcast Intent ACTION_UNSOL_RESPONSE_OEM_HOOK_RAW
07-29 15:54:16.784  1856  1936 I LocSvc_api_v02: ---> locClientSendReq line 2409 QMI_LOC_NOTIFY_WIFI_ENABLED_STATUS_REQ_V02
07-29 15:54:16.784  2017  2017 E PowerMonitorService: Failed to open /proc/horae_qmi (2): No such file or directory
07-29 15:54:16.784  5264  6516 D VendorTelephonyService: onTelephonyEventReport slotId =0 eventId=6030
07-29 15:54:16.784  5061  6372 D SaDataService: onTelephonyEventReport , subId= 0,slotId=-1 eventId=6030
07-29 15:54:16.784  5264  6516 D VendorTelephonyService: onTelephonyEventReport slotId =0 eventId=6030
07-29 15:54:16.784  5001  5001 D QC_RIL_OEM_HOOK: Received Broadcast Intent ACTION_UNSOL_RESPONSE_OEM_HOOK_RAW
07-29 15:54:16.784  5001  5001 D QC_RIL_OEM_HOOK: Received Broadcast Intent ACTION_UNSOL_RESPONSE_OEM_HOOK_RAW
07-29 15:54:16.784  5001  5001 D QC_RIL_OEM_HOOK: Received Broadcast Intent ACTION_UNSOL_RESPONSE_OEM_HOOK_RAW
07-29 15:54:16.785  1856  4068 I LocSvc_ApiV02: <--- globalRespCb line 282 QMI_LOC_NOTIFY_WIFI_ENABLED_STATUS_REQ_V02
07-29 15:54:16.785  5061  6372 D TelephonyImpl: notify eventId:6030 for list size:2
07-29 15:54:16.785  5264  5264 D VendorCallService: notityEventUpdate, eventId:6030, slotId = 0
07-29 15:54:16.786  1877  1877 I WifiHAL : wifi_get_supported_radio_combinations_matrix: enter
07-29 15:54:16.786  1877  1877 I WifiHAL : wifi_parse_radio_combinations_matrix: radio_combinations[1]: num_radio_configurations 1
07-29 15:54:16.786  1877  1877 I WifiHAL : wifi_parse_radio_combinations_matrix: radio_combinations[2]: num_radio_configurations 1
07-29 15:54:16.786  1877  1877 I WifiHAL : wifi_parse_radio_combinations_matrix: radio_combinations[3]: num_radio_configurations 1
07-29 15:54:16.786  1877  1877 I WifiHAL : wifi_parse_radio_combinations_matrix: radio_combinations[4]: num_radio_configurations 2
07-29 15:54:16.786  1877  1877 I WifiHAL : wifi_parse_radio_combinations_matrix: radio_combinations[5]: num_radio_configurations 2
07-29 15:54:16.786  1877  1877 I WifiHAL : wifi_parse_radio_combinations_matrix: radio_combinations[6]: num_radio_configurations 2
07-29 15:54:16.786  1877  1877 I WifiHAL : wifi_parse_radio_combinations_matrix: num_radio_combinations 6, radio_matrix_size 100
07-29 15:54:16.786  5167  6404 I QImsService: ImsRadioIndicationAidl : onRadioStateChanged()[SUB1]
07-29 15:54:16.786  5167  6404 I QImsService: ImsSenderRxr : [UNSL]< UNSOL_RADIO_STATE_CHANGED RADIO_ON[SUB1]
07-29 15:54:16.786  3491  4572 E SupplicantStaIfaceHalAidlImpl: Can't call getWpaDriverCapabilities, ISupplicantStaIface is null for iface=wlan0
07-29 15:54:16.786  3491  4572 E WifiStaIfaceAidlImpl: getTwtCapabilities failed with service-specific exception: android.os.ServiceSpecificException:  (code 4)
07-29 15:54:16.786  1856  3756 W LOCRIL_SESSION: operator():307] cellInfo list size is 0, Voice state: 3, data state: 3
07-29 15:54:16.786  3491  4572 E WifiChipAidlImpl: enableStaChannelForPeerNetwork failed with service-specific exception: android.os.ServiceSpecificException:  (code 4)
07-29 15:54:16.786  3491  4572 D WifiNative: setWifiNativeInterfaceEventCallback
07-29 15:54:16.786  3491  4572 D WifiClientModeManager[60725:wlan0]: entering StartedState
07-29 15:54:16.787  1877  1941 E WifiHAL : wifi_get_gscan_capabilities: GSCAN is not supported by driver
07-29 15:54:16.787  3491  4572 D WifiClientModeManager[60725:wlan0]: entering ScanOnlyModeState
07-29 15:54:16.787  3491  4572 D WifiScanRequestProxy: Sending scan available broadcast: true
07-29 15:54:16.787  3491  4576 E WifiStaIfaceAidlImpl: getBackgroundScanCapabilities failed with service-specific exception: android.os.ServiceSpecificException:  (code 4)
07-29 15:54:16.787  1947  4526 I Dpps    : LtmSwState::SetParameter():144 ignore cmd 7 in state LtmOffState
07-29 15:54:16.787  3491  4572 I WifiScanRequestProxy: Scanning is enabled
07-29 15:54:16.787  3491  4572 I WifiScanRequestProxy: Scanning for hidden networks is disabled
07-29 15:54:16.787  1877  1941 D WifiHAL : wifi_multi_sta_set_use_case: 0
07-29 15:54:16.787  1856  3759 E LOCRIL_SESSION: operator():200] SubId: 1 Failed to get sim IO with error: 11
07-29 15:54:16.787  3491  4572 D WifiCountryCode: evaluateAllCmmStateAndApplyIfAllReady: {ConcreteClientModeManager{id=60725 iface=wlan0 role=ROLE_CLIENT_SCAN_ONLY}=true}
07-29 15:54:16.788  3491  4572 D WifiCountryCode: Reading country code from telephony
07-29 15:54:16.788  5061  6372 D SaDataService: onTelephonyEventReport , subId= 0,slotId=-1 eventId=6030
07-29 15:54:16.788  3491  4572 D WifiCountryCode: Set telephony country code to: 
07-29 15:54:16.788  3491  4572 D WifiCountryCode: updateCountryCode to US
07-29 15:54:16.788  3491  4572 D WifiCountryCode: setCountryCodeNative: US, isClientModeOnly: true mDriverCountryCode: US
07-29 15:54:16.788  1856  3759 E LOCRIL_SESSION: operator():241] SubId: 1 Failed to get sim IMSI with error: 11
07-29 15:54:16.788  5061  6372 D TelephonyImpl: notify eventId:6030 for list size:2
07-29 15:54:16.788  3491  3491 D OplusWifiBroadCastDispatcher: mBroadcastReceiver: onReceiver  action=android.net.wifi.action.WIFI_SCAN_AVAILABILITY_CHANGED
07-29 15:54:16.788  3491  4695 D OplusWifiPower_ConnLpmEventObsever: onReceive EXTRA_SCAN_AVAILABLE availabe = true
07-29 15:54:16.788  3491  4695 D OplusWifiPowerService: onReceive action:android.net.wifi.action.WIFI_SCAN_AVAILABILITY_CHANGED
07-29 15:54:16.789  3491  4695 D OplusWifiSwitchStateMonitor: scan settings change to true
07-29 15:54:16.789  5264  6516 D VendorTelephonyService: onTelephonyEventReport slotId =0 eventId=6030
07-29 15:54:16.789  5264  6516 D VendorTelephonyService: onTelephonyEventReport slotId =0 eventId=6030
07-29 15:54:16.789  5264  5264 D VendorCallService: notityEventUpdate, eventId:6030, slotId = 0
07-29 15:54:16.789  3491  4576 I WifiScanningService: Created a new impl for wlan0
07-29 15:54:16.789  3491  4576 I WifiScanningService: Received a request to enable scanning, UID = 1000
07-29 15:54:16.789  3491  4576 I WifiScanningService: scanner impls already exists
07-29 15:54:16.789  3491  5368 W BestClock: java.time.DateTimeException: Missing network time fix
07-29 15:54:16.789  5201  6379 D IWlanJni: getDataRegistrationState start
07-29 15:54:16.790  2017  2017 E PowerMonitorService: Failed to open /proc/horae_qmi (2): No such file or directory
07-29 15:54:16.790  3491  4576 I WifiScanningService: wifi driver loaded with scan capabilities: max buckets=16
07-29 15:54:16.790  3491  4576 E WifiScanningService: wifi driver loaded received while already loaded
07-29 15:54:16.790  5201  6386 D IWlanJni: new aidl event arrived
07-29 15:54:16.790  5201  6386 D IWlanJni: handleEvent 10
07-29 15:54:16.790  5201  6386 D IWlanJni: isThreadAttached start
07-29 15:54:16.790  5201  6386 D IWlanJni: jni detached
07-29 15:54:16.790  5201  6386 D IWlanJni: jni attached
07-29 15:54:16.790  5201  6386 D IWlanJni: getDataRegistrationStateResponse start
07-29 15:54:16.790  5201  6386 D IWlanJni: getJavaCallbackClass start
07-29 15:54:16.790  5201  6386 D IWlanJni: getJavaCallbackClass End midIs[1]
07-29 15:54:16.790  5201  6386 I IWlanAidlClient: getDataRegistrationStateResponse called
07-29 15:54:16.790  5201  6385 W IWlanNetworkService: 10 > Response Processed
07-29 15:54:16.791  3491  5368 W BestClock: java.time.DateTimeException: Missing network time fix
07-29 15:54:16.791  1856  3756 W LOCRIL_SESSION: operator():307] cellInfo list size is 0, Voice state: 3, data state: 3
07-29 15:54:16.792  4933  5832 V OplusCustomizeCacheManager: queryCache name: sys.cache.common_customize_cache18014 param: null
07-29 15:54:16.792  4933  5832 V OplusCustomizeCacheManager: queryCache name: sys.cache.common_customize_cache18017 param: Bundle[{SETTING=BLOCK, BUSINESS=NCT-DATA}]
07-29 15:54:16.792  4933  5832 V OplusCustomizeCacheManager: queryCache name: sys.cache.common_customize_cache18013 param: null
07-29 15:54:16.792  7252  7252 I OsAgent : onReceive: android.net.wifi.action.WIFI_SCAN_AVAILABILITY_CHANGED
07-29 15:54:16.792  7252  8017 I OsAgent : updateWiFiScanAvailState, scanAvailable: true
07-29 15:54:16.792  5041  5041 D DeviceStatisticsService: onReceive: action= org.codeaurora.intent.action.RADIO_POWER_STATE
07-29 15:54:16.792  5041  5041 I DeviceStatisticsService: Receiving radio_power_state_changed, mIsDeviceInfoInitialized = true
07-29 15:54:16.792  5041  5041 I DeviceStatisticsService: radio power state changed to 1 for slot: 1
07-29 15:54:16.792  5001  5001 D QC_RIL_OEM_HOOK: Received Broadcast Intent ACTION_UNSOL_RESPONSE_OEM_HOOK_RAW
07-29 15:54:16.792  5001  5001 D QC_RIL_OEM_HOOK: Received Broadcast Intent ACTION_UNSOL_RESPONSE_OEM_HOOK_RAW
07-29 15:54:16.792  5001  5001 D QC_RIL_OEM_HOOK: Received Broadcast Intent ACTION_UNSOL_RESPONSE_OEM_HOOK_RAW
07-29 15:54:16.793  2016  2992 E PerformanceService: storage_feature: open /sys/devices/platform/soc/112b0000.ufshci//virtualtlcbuff fail
07-29 15:54:16.793  5001  5001 D OplusPowerUpOptimizationImpl: onReceive: org.codeaurora.intent.action.RADIO_POWER_STATE
07-29 15:54:16.793  5001  5840 D OplusPowerUpOptimizationImpl: handleMessage what = 6
07-29 15:54:16.793  5001  5840 D OplusPowerUpOptimizationImpl: radio is available for slot: 1
07-29 15:54:16.793  5001  5840 D OplusPowerUpOptimizationImpl: trySendPhoneReady for slot: 1
07-29 15:54:16.793  5001  5840 D OplusPowerUpOptimizationImpl: Not sending ATEL ready: States: [1: {true, true, true, true}]
07-29 15:54:16.793  5201  6379 D IWlanJni: getDataRegistrationState start
07-29 15:54:16.794  5201  6392 D IWlanJni: new aidl event arrived
07-29 15:54:16.794  3491  4846 W BestClock: java.time.DateTimeException: Missing network time fix
07-29 15:54:16.794  5264  5264 D SubsysEventListenerManager-SubsysTelephonyCallback[0]: onRadioPowerStateChanged state:1
07-29 15:54:16.794  5201  6392 D IWlanJni: handleEvent 10
07-29 15:54:16.794  5201  6392 D IWlanJni: isThreadAttached start
07-29 15:54:16.794  5201  6392 D IWlanJni: jni detached
07-29 15:54:16.795  5201  6379 D IWlanJni: getDataRegistrationState start
07-29 15:54:16.795  5201  6392 D IWlanJni: jni attached
07-29 15:54:16.795  5201  6392 D IWlanJni: getDataRegistrationStateResponse start
07-29 15:54:16.795  5201  6392 D IWlanJni: getJavaCallbackClass start
07-29 15:54:16.795  5201  6392 D IWlanJni: getJavaCallbackClass End midIs[1]
07-29 15:54:16.795  5201  6392 I IWlanAidlClient: getDataRegistrationStateResponse called
07-29 15:54:16.795  5201  6392 D IWlanJni: handleEvent 10
07-29 15:54:16.795  5201  6392 D IWlanJni: isThreadAttached start
07-29 15:54:16.795  5201  6392 D IWlanJni: jni detached
07-29 15:54:16.795  5201  6392 D IWlanJni: jni attached
07-29 15:54:16.795  5201  6392 D IWlanJni: getDataRegistrationStateResponse start
07-29 15:54:16.795  5201  6392 D IWlanJni: getJavaCallbackClass start
07-29 15:54:16.795  5201  6392 D IWlanJni: getJavaCallbackClass End midIs[1]
07-29 15:54:16.795  3491  6090 W BestClock: java.time.DateTimeException: Missing network time fix
07-29 15:54:16.795  5201  6392 I IWlanAidlClient: getDataRegistrationStateResponse called
07-29 15:54:16.795  1856  3756 W LOCRIL_SESSION: operator():307] cellInfo list size is 0, Voice state: 3, data state: 3
07-29 15:54:16.796  5201  6391 W IWlanNetworkService: 11 > Response Processed
07-29 15:54:16.796  5041  5041 D DeviceStatisticsService: onReceive: action= org.codeaurora.intent.action.RADIO_POWER_STATE
07-29 15:54:16.796  5041  5041 I DeviceStatisticsService: Receiving radio_power_state_changed, mIsDeviceInfoInitialized = true
07-29 15:54:16.796  5041  5041 I DeviceStatisticsService: radio power state changed to 1 for slot: 0
07-29 15:54:16.796  5041  5041 D DeviceInfoAidlClient: isRadioOn()=false
07-29 15:54:16.796  5201  6391 W IWlanNetworkService: 12 > Response Processed
07-29 15:54:16.796  5041  5041 D DeviceInfoAidlClient: onRadioPowerStateChanged
07-29 15:54:16.796  5041  5041 D DeviceInfoAidlClient: mRadioStateHdlr handleMessage()1
07-29 15:54:16.796  5041  5041 D DeviceInfoAidlClient: isRadioOn()=true
07-29 15:54:16.796  5041  5041 I DeviceInfoAidlClient: sendFeaturesSupported: power info support-true interactive state support-true
07-29 15:54:16.796  4933  5832 V OplusCustomizeCacheManager: queryCache name: sys.cache.common_customize_cache18014 param: null
07-29 15:54:16.796  4933  5832 V OplusCustomizeCacheManager: queryCache name: sys.cache.common_customize_cache18017 param: Bundle[{SETTING=BLOCK, BUSINESS=NCT-DATA}]
07-29 15:54:16.796  4933  5832 V OplusCustomizeCacheManager: queryCache name: sys.cache.common_customize_cache18013 param: null
07-29 15:54:16.798  5201  6379 D IWlanJni: getDataRegistrationState start
07-29 15:54:16.799  1856  3756 W LOCRIL_SESSION: operator():307] cellInfo list size is 0, Voice state: 3, data state: 3
07-29 15:54:16.800  5201  6386 D IWlanJni: new aidl event arrived
07-29 15:54:16.800  5201  6386 D IWlanJni: handleEvent 10
07-29 15:54:16.800  5201  6386 D IWlanJni: isThreadAttached start
07-29 15:54:16.800  5201  6386 D IWlanJni: jni detached
07-29 15:54:16.800  5201  6386 D IWlanJni: jni attached
07-29 15:54:16.800  5201  6386 D IWlanJni: getDataRegistrationStateResponse start
07-29 15:54:16.800  5201  6386 D IWlanJni: getJavaCallbackClass start
07-29 15:54:16.800  5201  6386 D IWlanJni: getJavaCallbackClass End midIs[1]
07-29 15:54:16.800  5201  6386 I IWlanAidlClient: getDataRegistrationStateResponse called
07-29 15:54:16.800  5201  6385 W IWlanNetworkService: 13 > Response Processed
07-29 15:54:16.800  5041  5169 I DeviceInfoAidlClient: onPowerInfoReportingChanged - reporting enabled true [15, 20, 30, 50, 80]
07-29 15:54:16.800  5041  5169 D DeviceInfoAidlClient: isRadioOn()=true
07-29 15:54:16.800  5041  5169 I DeviceInfoAidlClient: isPowerInfoNeverSent=true batteryLevel=100 batteryLevelIndex=5 chargingMode=2 totalCapacity=4618000 powerSaveMode=false
07-29 15:54:16.800  3491  5368 W BestClock: java.time.DateTimeException: Missing network time fix
07-29 15:54:16.800  5041  5169 I DeviceInfoAidlClient: onDeviceInfoReportingChanged - reporting enabled true
07-29 15:54:16.801  5041  5169 D DeviceInfoAidlClient: getDeviceInfoSupportStatus()=1
07-29 15:54:16.801  5041  5169 D DeviceInfoAidlClient: isRadioOn()=true
07-29 15:54:16.801  5041  5169 I DeviceInfoAidlClient: deviceState=2
07-29 15:54:16.801  3491  4846 W BestClock: java.time.DateTimeException: Missing network time fix
07-29 15:54:16.801  3491  4846 W BestClock: java.time.DateTimeException: Missing network time fix
07-29 15:54:16.801  3491  5368 W BestClock: java.time.DateTimeException: Missing network time fix
07-29 15:54:16.802  3491  6090 W BestClock: java.time.DateTimeException: Missing network time fix
07-29 15:54:16.802  4933  5832 V OplusCustomizeCacheManager: queryCache name: sys.cache.common_customize_cache18014 param: null
07-29 15:54:16.802  4933  5832 V OplusCustomizeCacheManager: queryCache name: sys.cache.common_customize_cache18017 param: Bundle[{SETTING=BLOCK, BUSINESS=NCT-DATA}]
07-29 15:54:16.802  4933  5832 V OplusCustomizeCacheManager: queryCache name: sys.cache.common_customize_cache18013 param: null
07-29 15:54:16.802  5001  5001 V OplusCustomizeCacheManager: queryCache name: sys.cache.common_customize_cache18016 param: null
07-29 15:54:16.802  5001  5001 V OplusCustomizeCacheManager: queryCache name: sys.cache.common_customize_cache18013 param: null
07-29 15:54:16.802  5001  5001 V OplusCustomizeCacheManager: queryCache name: sys.cache.common_customize_cache18014 param: null
07-29 15:54:16.802  5001  5001 V OplusCustomizeCacheManager: queryCache name: sys.cache.common_customize_cache18017 param: Bundle[{SETTING=BLOCK, BUSINESS=NCT-DATA}]
07-29 15:54:16.803  5001  5001 V OplusCustomizeCacheManager: queryCache name: sys.cache.common_customize_cache18016 param: null
07-29 15:54:16.803  5001  5001 V OplusCustomizeCacheManager: queryCache name: sys.cache.common_customize_cache18013 param: null
07-29 15:54:16.803  5001  5001 V OplusCustomizeCacheManager: queryCache name: sys.cache.common_customize_cache18014 param: null
07-29 15:54:16.803  5001  5001 V OplusCustomizeCacheManager: queryCache name: sys.cache.common_customize_cache18017 param: Bundle[{SETTING=BLOCK, BUSINESS=NCT-DATA}]
07-29 15:54:16.804  5041  5041 D QcrilMsgTunnelIfaceManager: handleMessage what = 1
07-29 15:54:16.804  5041  5041 I QcrilOemhookMsgTunnel: [0]invokeOemRilRequestRaw: serial=1007 length=16
07-29 15:54:16.804  5041  5082 I QtiOemHookAidl: oemHookRawResponse: serial no: 1007 error: 0length=1
07-29 15:54:16.804  5041  5041 D QcrilMsgTunnelIfaceManager: handleMessage what = 2
07-29 15:54:16.804  5001  5648 D QC_RIL_OEM_HOOK: sendOemRilRequestRaw returns value = 1
07-29 15:54:16.805  5001  5001 D CiWlanNotificationReceiver: ACTION_RADIO_POWER_STATE_CHANGED
07-29 15:54:16.806  5116 10084 D txpwrJni: new aidl event arrived
07-29 15:54:16.806  5116 10084 D txpwrJni: handleEvent 1
07-29 15:54:16.806  5116 10084 D txpwrJni: isThreadAttached start
07-29 15:54:16.806  5116 10084 D txpwrJni: jni detached
07-29 15:54:16.806  5116 10084 D txpwrJni: jni attached
07-29 15:54:16.806  5116 10084 D txpwrJni: getRadioStatus start
07-29 15:54:16.806  5116 10084 D txpwrJni: getJavaCallbackClass start
07-29 15:54:16.806  5116 10084 D txpwrJni: getJavaCallbackClass End midIs[1]
07-29 15:54:16.806  5116  9105 D txpwrJni: sendRadioStatus start
07-29 15:54:16.807  5116 10084 D txpwrJni: new aidl event arrived
07-29 15:54:16.807  5116 10084 D txpwrJni: handleEvent 1
07-29 15:54:16.807  5116 10084 D txpwrJni: isThreadAttached start
07-29 15:54:16.807  5116 10084 D txpwrJni: jni detached
07-29 15:54:16.807  5116 10084 D txpwrJni: jni attached
07-29 15:54:16.807  5116 10084 D txpwrJni: getRadioStatus start
07-29 15:54:16.807  5116 10084 D txpwrJni: getJavaCallbackClass start
07-29 15:54:16.807  5116 10084 D txpwrJni: getJavaCallbackClass End midIs[1]
07-29 15:54:16.807  5116  9105 D txpwrJni: sendRadioStatus start
07-29 15:54:16.810  4933  5110 I SystemUi--Statusbar: NetworkController.WifiSignalController-->wifi Broadcast action = android.telephony.action.SERVICE_PROVIDERS_UPDATED state=1 enabled=false connected=false isDefaultNetwork=false rssi=0 level=0 statusLabel = null isDirty = false
07-29 15:54:16.810  4933  5191 I SystemUi--QuickSettings: Tile.OplusCellularTile-->updateCarrierText: dialog not showing, ignore
07-29 15:54:16.810  4933  5191 D SimStateHelper: slot:0, lock state:Bundle[mParcelledData.dataSize=56]
07-29 15:54:16.810  4933  5191 D SimStateHelper: slot:1, lock state:Bundle[mParcelledData.dataSize=56]
07-29 15:54:16.810  4933  5191 D SimStateHelper: needDisableMenu: slot1State=-1; slot2State=-1
07-29 15:54:16.810  4933  5191 D SimStateHelper: needDisableMenu:false
07-29 15:54:16.811  3491  4288 W ContextImpl: Calling a method in the system process without a qualified user: android.app.ContextImpl.sendBroadcastMultiplePermissions:1311 android.content.Context.sendBroadcastMultiplePermissions:2524 com.android.server.TelephonyRegistry.broadcastServiceStateChanged:3740 com.android.server.TelephonyRegistry.notifyServiceStateForPhoneId:1787 com.android.internal.telephony.ITelephonyRegistry$Stub.onTransact:546 
07-29 15:54:16.812  3491  4288 W ContextImpl: Calling a method in the system process without a qualified user: android.app.ContextImpl.sendBroadcastMultiplePermissions:1344 com.android.server.TelephonyRegistry.broadcastServiceStateChanged:3745 com.android.server.TelephonyRegistry.notifyServiceStateForPhoneId:1787 com.android.internal.telephony.ITelephonyRegistry$Stub.onTransact:546 android.os.Binder.execTransactInternal:1523 
07-29 15:54:16.812  3491  4288 W ContextImpl: Calling a method in the system process without a qualified user: android.app.ContextImpl.sendBroadcastMultiplePermissions:1344 com.android.server.TelephonyRegistry.broadcastServiceStateChanged:3754 com.android.server.TelephonyRegistry.notifyServiceStateForPhoneId:1787 com.android.internal.telephony.ITelephonyRegistry$Stub.onTransact:546 android.os.Binder.execTransactInternal:1523 
07-29 15:54:16.813  3491  4288 W ContextImpl: Calling a method in the system process without a qualified user: android.app.ContextImpl.sendBroadcastMultiplePermissions:1344 com.android.server.TelephonyRegistry.broadcastServiceStateChanged:3760 com.android.server.TelephonyRegistry.notifyServiceStateForPhoneId:1787 com.android.internal.telephony.ITelephonyRegistry$Stub.onTransact:546 android.os.Binder.execTransactInternal:1523 
07-29 15:54:16.815  2031  2111 D BatteryChargeControl: bcc get no support from charging protocol
07-29 15:54:16.815  6039  6039 D CellBroadcastReceiver: onReceive Intent { act=android.intent.action.SERVICE_STATE flg=0x1000010 cmp=com.android.cellbroadcastreceiver.module/com.android.cellbroadcastreceiver.CellBroadcastReceiver (has extras) }
07-29 15:54:16.816  6039  6039 D CellBroadcastReceiver: onServiceStateChanged, ss: 1
07-29 15:54:16.816  6039  6039 D CellBroadcastReceiver: networkOperator: 
07-29 15:54:16.816  6039  6039 D CellBroadcastReceiver: mockmodem is running? = false
07-29 15:54:16.816  6039  6039 D CellBroadcastReceiver: Start Cell Broadcast configuration for intent=ACTION_ENABLE_CHANNELS
07-29 15:54:16.817  5001  5001 D ServiceStateProvider: subId=1
07-29 15:54:16.817  3491  4727 V SettingsProvider: deleteSystemSetting(OPLUS_SLA_LAST_MCC, 0)
07-29 15:54:16.818  3491  4727 D SettingsProvider: delete system settings OPLUS_****_MCC pkg is  android user id is 0
07-29 15:54:16.818  5167  5167 I QImsService: OplusPhoneStateTracker : onServiceStateChanged
07-29 15:54:16.818  3491  4727 W OplusSlaManager: updateMCC curMCC empty!
07-29 15:54:16.819  5061  6134 D T-Recommend: onPreHandleMessage 1000
07-29 15:54:16.819  5001  5001 D OplusPowerUpOptimizationImpl: onReceive: org.codeaurora.intent.action.RADIO_POWER_STATE
07-29 15:54:16.819  5001  5840 D OplusPowerUpOptimizationImpl: handleMessage what = 6
07-29 15:54:16.819  5001  5840 D OplusPowerUpOptimizationImpl: radio is available for slot: 0
07-29 15:54:16.819  5001  5840 D OplusPowerUpOptimizationImpl: trySendPhoneReady for slot: 0
07-29 15:54:16.819  5001  5840 D OplusPowerUpOptimizationImpl: Not sending ATEL ready: States: [0: {true, true, true, true}]
07-29 15:54:16.820  5061  6134 E CellularEvent: nri null ps
07-29 15:54:16.820  5061  6134 E CellularEvent: invalid nri
07-29 15:54:16.820  5061  6134 D T-Recommend: onPostHandleMessage 1000
07-29 15:54:16.820  5167  5167 I QImsService: OplusPhoneStateTracker : onServiceStateChanged
07-29 15:54:16.820  5264  5264 D SubsysEventListenerManager-SubsysTelephonyCallback[0]: onServiceStateChanged
07-29 15:54:16.820  5264  5264 D ChinaRoamingControl: registTelephonyEvent onServiceStateChanged eventId:5, VoiceRegState:1, DataRegState:1
07-29 15:54:16.820  5264  5264 D QuickChangeAirplaneModeEvent: onServiceStateChanged slotId:0
07-29 15:54:16.820  4933  5322 I SystemUi--Statusbar: MobileConnectionRepositoryImpl-->subId:1 isSoftSimCard:false slotId:0
07-29 15:54:16.821  5264  6156 D EfsNvDumpUnit[0]: onServiceStateChanged: voice reg state: OUT_OF_SERVICE data reg state: OUT_OF_SERVICE
07-29 15:54:16.821  5264  6156 D cellularState[0]: handleMessage: E msg.what=4
07-29 15:54:16.821  5264  6156 D cellularState[0]: processMsg: DataCallingState
07-29 15:54:16.821  5264  6156 D cellularState[0]: processMsg: NetworkAttachedState
07-29 15:54:16.821  5264  6156 D cellularState[0]: processMsg: SimReadyState
07-29 15:54:16.821  5264  6156 D cellularState[0]: processMsg: DefaultState
07-29 15:54:16.821  5264  6156 E cellularState[0]:  - unhandledMessage: msg.what=4
07-29 15:54:16.821  5264  6156 D cellularState[0]: handleMessage: X
07-29 15:54:16.821  3491  6090 W ContextImpl: Calling a method in the system process without a qualified user: android.app.ContextImpl.sendBroadcastMultiplePermissions:1311 android.content.Context.sendBroadcastMultiplePermissions:2524 com.android.server.TelephonyRegistry.broadcastServiceStateChanged:3740 com.android.server.TelephonyRegistry.notifyServiceStateForPhoneId:1787 com.android.internal.telephony.ITelephonyRegistry$Stub.onTransact:546 
