07-29 06:50:04.091  5044  5556 I PluginManager: onNetworkAvailable mAlreadyInitNetworkAvailable=false
07-29 06:50:04.091  3509  4647 D OplusNetCommonUtils: set CellularIfname is rmnet_data1
07-29 06:50:04.091  5044  5556 I PluginManager: initNetworkAvailable
07-29 06:50:04.091  5044  5556 D AppFactory: initNetworkAvailable: 
07-29 06:50:04.091  5044  5556 D SmartCommuFactory: initNetworkAvailable 
07-29 06:50:04.091  5044  5556 D NetworkFactory: initNetworkAvailable 
07-29 06:50:04.091  3509  3742 I ActivityManager: Start proc 13104:com.android.providers.calendar/u0a205 for content provider {com.android.providers.calendar/com.android.providers.calendar.CalendarProvider2}
07-29 06:50:04.091  5044  5556 D VoiceFactory: initNetworkAvailable 
07-29 06:50:04.091  5044  5556 D DataFactory: initNetworkAvailable 
07-29 06:50:04.091  5044  5556 D RecoveryFactory: RecoveryFactory initNetworkAvailable
07-29 06:50:04.091  3509  3560 D NotificationService--NotificationRecord: isSupportRearLight , isRearLight = false mLedRM = false isMultilLed = false
07-29 06:50:04.091  7431  8741 E SmartSidebar.DataFusionManager: HLogæœªåˆå§‹åŒ–-->(Sidebar_HandlerThread)startPollOnlineInfo
07-29 06:50:04.092  3509  3560 D EnvelopeDetectorController: isEnvelopeAssistantEnabled isCancelNotification: false currentUserId: 0 userId: 0
07-29 06:50:04.092  3509  4231 W BestClock: java.time.DateTimeException: Missing network time fix
07-29 06:50:04.092  7464  8054 W AdviceSDK.SeedlingSettingsProvider_Travel: checkProviderAvailable, statement is false
07-29 06:50:04.092  3509  4238 I MemoryOperationUtils: add 13104 to inactive
07-29 06:50:04.092  7464  8054 I AdviceSDK.SeedlingSettingsProvider: query, uri:content://com.oplus.advice.settings/migration_sub_domain_and_entrance matchCode = 7
07-29 06:50:04.092  7464  8054 D AdviceSDK.SeedlingSettingsProvider: queryOnProviderUnavailable
07-29 06:50:04.092  3509  4542 D ConnectivityService: NetReassign [46 : null â†’ 100, 38 : null â†’ 100, 163 : null â†’ 100, 36 : null â†’ 100, 161 : null â†’ 100, 191 : null â†’ 100, 73 : null â†’ 100, 71 : null â†’ 100, 159 : null â†’ 100, 50 : null â†’ 100, 114 : null â†’ 100, 147 : null â†’ 100, 134 : null â†’ 100, 206 : null â†’ 100, 143 : null â†’ 100, 226 : null â†’ 100, 279 : null â†’ 100, 130 : null â†’ 100, 15 : null â†’ 100, 75 : null â†’ 100, 167 : null â†’ 100, 118 : null â†’ 100, 257 : null â†’ 100, 228 : null â†’ 100, 24 : null â†’ 100, 255 : null â†’ 100, 201 : null â†’ 100, 65 : null â†’ 100, 234 : null â†’ 100, 61 : null â†’ 100, 79 : null â†’ 100, 250 : null â†’ 100, 281 : null â†’ 100, 264 : null â†’ 100, 253 : null â†’ 100, 26 : null â†’ 100, 197 : null â†’ 100, 239 : null â†’ 100, 231 : null â†’ 100, 102 : null â†’ 100, 182 : null â†’ 100, 42 : null â†’ 100, 203 : null â†’ 100, 141 : null â†’ 100, 259 : null â†’ 100, 275 : null â†’ 100, 82 : null â†’ 100, 40 : null â†’ 100, 269 : null â†’ 100, 34 : null â†’ 100, 48 : null â†’ 100, 53 : null â†’ 100, 210 : null â†’ 100, 169 : null â†’ 100, 62 : null â†’ 100, 56 : null â†’ 100, 208 : null â†’ 100, 18 : null â†’ 100, 165 : null â†’ 100, 112 : null â†’ 100, 178 : null â†’ 100, 98 : null â†’ 100, 277 : null â†’ 100, 224 : null â†’ 100, 105 : null â†’ 100, 174 : null â†’ 100, 89 : null â†’ 100, 44 : null â†’ 100, 1 : null â†’ 100, 221 : null â†’ 100, 273 : null â†’ 100, 9 : null â†’ 100, 30 : null â†’ 100, 150 : null â†’ 100, 184 : null â†’ 100, 244 : null â†’ 100, 152 : null â†’ 100, 189 : null â†’ 100, 176 : null â†’ 100, 91 : null â†’ 100, 32 : null â†’ 100, 136 : null â†’ 100, 187 : null â†’ 100, 128 : null â†’ 100, 60 : null â†’ 100, 172 : null â†’ 100, 180 : null â†’ 100, 123 : null â†’ 100, 155 : null â†’ 100, 28 : null â†’ 100, 193 : null â†’ 100, 85 : null â†’ 100, 267 : null â†’ 100, 145 : null â†’ 100, 271 : null â†’ 100, 58 : null â†’ 100, 7 : null â†’ 100, 247 : null â†’ 100] [c 0] [a 13] [i 0]
07-29 06:50:04.092  7183  8835 I SG::SubdomainMoveUtil: startMoveSubdomain results:[]
07-29 06:50:04.092  7183  8835 I SG::ObtainDomainSetting: no need update
07-29 06:50:04.092  7183  8835 I SG::ObtainDomainSetting: checkSwitchStatus
07-29 06:50:04.093  4965  5851 W ConnectivityManager.CallbackHandler: callback not found for CALLBACK_PRECHECK message
07-29 06:50:04.093  5178  8007 D cneJni  : sendWwanStatus start
07-29 06:50:04.093  5178  8007 D QCNEJ/WwanInfoRelay: onCapabilitiesChanged: 100 [ Transports: CELLULAR Capabilities: INTERNET&NOT_RESTRICTED&TRUSTED&NOT_VPN&NOT_ROAMING&FOREGROUND&NOT_CONGESTED&NOT_SUSPENDED&NOT_VCN_MANAGED&NOT_BANDWIDTH_CONSTRAINED LinkUpBandwidth>=60000Kbps LinkDnBandwidth>=145000Kbps Specifier: <TelephonyNetworkSpecifier [mSubId = 1]> SubscriptionIds: {1} UnderlyingNetworks: Null]
07-29 06:50:04.093  4965  4965 D OplusLowLatencyService: onReceive action: android.net.conn.CONNECTIVITY_CHANGE
07-29 06:50:04.093  4965  4965 D OplusLowLatencyService: Receive CONNECTIVITY_ACTION.
07-29 06:50:04.093  3509  3755 D RateLimit: decrementToken , current = 2, offset = 1
07-29 06:50:04.093  3509  3755 D CompatChangeReporter: Compat change id reported: 151861875; UID 10133; state: ENABLED
07-29 06:50:04.093  3509  3755 V GrammaticalInflectionUtils: AttributionSource: android.content.AttributionSource@a9ce4abe does not have READ_SYSTEM_GRAMMATICAL_GENDER permission.
07-29 06:50:04.093  7212  7628 I PTC.APPCORE.CellularNetworkReceiver: onNetworkUpdate, state changed delay(3000), Unknown -> Cellular
07-29 06:50:04.094  4965  4965 D OplusLowLatencyService: mCurDefaultNetworkType = CELLULAR
07-29 06:50:04.094  4965  5396 D OplusLowLatencyService: MSG_CONNECTIVITY_CHANGE enter. mLastPackageName =  mCurDefaultNetworkType = CELLULAR
07-29 06:50:04.094  3509  4532 W BestClock: java.time.DateTimeException: Missing network time fix
07-29 06:50:04.094  3509  4532 W BestClock: java.time.DateTimeException: Missing network time fix
07-29 06:50:04.094  3509  4532 W BestClock: java.time.DateTimeException: Missing network time fix
07-29 06:50:04.094  5044  5556 D d       : IPowerPlugIn Default Method
07-29 06:50:04.094  5044  5819 I SmartCommuService: initNetworkAvailable
07-29 06:50:04.094  5178  7988 D QCNEJ/NativeAidlConnector: -> SND notifyDefaultNetworkChanged(0)
07-29 06:50:04.094  5178  7988 D cneJni  : sendDefaultNwMsg start
07-29 06:50:04.094  5044  5819 D EventManager: registerCellularCb start 2
07-29 06:50:04.094  5044  5819 D RusServer: AppSceneConfig register.
07-29 06:50:04.094  5044  5819 D NasRomUpdateHelper: /data/user_de/0/com.oplus.nas/files/network_smartcommu_appscene_config.xml not exist!
07-29 06:50:04.094  5178  8007 I QCNEJ/WwanInfoRelay: cacheWwanInfo subId = 1 phoneId = 0 slotId = 0
07-29 06:50:04.094  4965  5757 D PhoneInterfaceManager: QueryTelephonyChecker-getDataNetworkTypeForSubscriber: packageName = com.oplus.statistics.rom, isGrant = true
07-29 06:50:04.095  3509  4532 W BestClock: java.time.DateTimeException: Missing network time fix
07-29 06:50:04.095  6563  6613 I midasd  : OplusObrainService::notifyEventInt eventId:34 iParam:0
07-29 06:50:04.095  6563 10232 I midasd  : Time changed
07-29 06:50:04.095  6563 10071 I midasd  : CellularAgent reset time 1753786204095, handleMessage
07-29 06:50:04.095  5235  5235 D SubsysBroadcastManager: onReceive action:android.net.conn.CONNECTIVITY_CHANGE
07-29 06:50:04.095  6563 10070 I midasd  : WifiAgent reset time 1753786204095, handleMessage
07-29 06:50:04.095 12443 12521 E IDHelper: 1078:com.oplus.stdid
07-29 06:50:04.096  5044  6343 D OplusDdsSwitchStrategy: DualPsCallback onAvailable, 100
07-29 06:50:04.096  5044  6343 D OplusDualPsManager: isPrimaryCellularNetwork, NasNetWrapper.getInstance().getNetId(network) 100
07-29 06:50:04.096  4965  5757 D PhoneInterfaceManager: QueryTelephonyChecker-getDataNetworkTypeForSubscriber: packageName = com.qualcomm.qti.cne, isGrant = true
07-29 06:50:04.097  5178  8007 D cneJni  : sendWwanStatus start
07-29 06:50:04.097  5044  5818 D SIG-RCMD: NetPrediction update net from -1 to 0
07-29 06:50:04.098  5178  8007 D QCNEJ/WwanInfoRelay: onLinkPropertiesChanged: 100{InterfaceName: rmnet_data1 LinkAddresses: [ 45.45.0.2/30 ] DnsAddresses: [ /8.8.8.8,/8.8.4.4 ] Domains: null MTU: 1400 TcpBufferSizes: 2097152,6291456,16777216,512000,2097152,8388608 Routes: [ 0.0.0.0/0 -> 45.45.0.1 rmnet_data1 mtu 1400,45.45.0.0/30 -> 0.0.0.0 rmnet_data1 mtu 0 ]}
07-29 06:50:04.098  5044  5816 D RunningProcessManager: RunningProcessManager current userid : 0
07-29 06:50:04.098  5044  5816 I ProcessManager: AMSProxy : com.oplus.wrapper.app.IActivityManager$Stub$Proxy@fbf77aa
07-29 06:50:04.098  3509  6575 I OplusTrafficStats: network changed! new state:true old state:false
07-29 06:50:04.098  3509  3509 D NotificationService--OplusBreathLights:  updateLightsStateLocked 
07-29 06:50:04.098  3509  3509 D NotificationService--OplusBreathLights:  scheduleLightsOffTimeoutLocked 
07-29 06:50:04.099  5178  7988 D QCNEJ/NativeAidlConnector: -> SND notifyDefaultNetworkChanged(0)
07-29 06:50:04.099  5178  7988 D cneJni  : sendDefaultNwMsg start
07-29 06:50:04.099  5178  8007 D cneJni  : sendWwanStatus start
07-29 06:50:04.099  3509  6575 I OplusTrafficStats: start traffic monitor, time: 59974 mIsNetworkEnable:true
07-29 06:50:04.099  3509  4532 D NetworkStatsObservers: Registering observer for RequestInfo from pid/uid:3509/1000(android) for DataUsageRequest [ requestId=3, networkTemplate=NetworkTemplate: matchRule=MOBILE, matchSubscriberIds=[001010...], matchWifiNetworkKeys=[], metered=YES, defaultNetwork=NO, thresholdInBytes=35791394 ] accessLevel:3
07-29 06:50:04.099  5044  6343 D OplusDualPsManager: isPrimaryCellularNetwork, NasNetWrapper.getInstance().getNetId(network) 100
07-29 06:50:04.099  3509  3509 D NotificationService--OplusNotificationManagerServiceExtImpl: isForwardToAssistants: false, case : Is in mMcsNotInterceptPkgList or is isSystemApp
07-29 06:50:04.099  3509  3509 D NotificationService: This application enqueue notifications is not need postDelayed
07-29 06:50:04.099  6563  6613 I midasd  : OplusObrainService::notifyEventInt eventId:21 iParam:0
07-29 06:50:04.099  7464  9350 E IDHelper: 1078:com.oplus.stdid
07-29 06:50:04.099  1722  1722 D Zygote  : Forked child process 13125
07-29 06:50:04.099  7431  8741 E SmartSidebar.EncryptUtil: HLogæœªåˆå§‹åŒ–-->(Sidebar_HandlerThread)isNetworkConnected, network is available
07-29 06:50:04.099  7431  8741 E SmartSidebar.DataFusionManager: HLogæœªåˆå§‹åŒ–-->(Sidebar_HandlerThread)hasAgreedUserKnown:false  isNetworkConnected:true  sIsSceneSwitchSupport:true
07-29 06:50:04.099  5044  5821 D LinkboostNetworkScore: onNetworkAvailable: cellular on
07-29 06:50:04.099  7996  8205 I OplusObrain: OplusObrainClientInvoke.nativeGetTelephonyInfo
07-29 06:50:04.100  6563 10067 E midasd  : Gpu the power model error, power model freq size 11, opp_logs freq size 14
07-29 06:50:04.100  1985  1985 E android.hardware.power.stats-impl.oplus: HandleFactory::read open charger_input_current_now(/proc/charger/input_current_now) failed! fd: -1 errno: 2
07-29 06:50:04.100  1985  1985 W android.hardware.power.stats-impl.oplus: PruneException: Unknown binder exception (2) pruned into EX_TRANSACTION_FAILED
07-29 06:50:04.100  6563 10069 W midasd  : handleFactory read failed.
07-29 06:50:04.101  5044  5819 D AppSceneConfig: parseContentFromXML:<AppSceneConfig>    <version>20240920</version>    <app name="com.tencent.mm">        <scene category="VIDEO_CALL">            <node>                <activity>com.tencent.mm.plugin.multitalk.ui.MultiTalkMainUI</activity>            </node>            <node>                <winmode>2</winmode>            </node>            <node>                <activity>com.tencent.mm.plugin.voip.ui.VideoActivity</activity>            </node>        </scene>        <scene category="SHORT_VIDEO">            <node>                <activity>com.tencent.mm.plugin.finder.ui.FinderHomeAffinityUI</activity>            </node>            <node>                <activity>com.tencent.mm.plugin.sns.ui.SnsOnlineVideoActivity</activity>            </node>            <node>                <activity>com.tencent.mm.plugin.sns.ui.flexible.SnsFlexibleVideoActivity</activity>            </node>            <node>                <activity>com.tencent.mm.plugin.finder.ui.FinderShareFeedRelUI</activity>            </node>        </scene>        <scene category="LIVE_STREAM">            <node>                <activity>com.tencent.mm.plugin.finder.feed.ui.FinderLiveVisitorAffinityUI</activity>            </node>            <node>                <activity>com.tencent.mm.plugin.finder.feed.ui.FinderLiveVisitorWithoutAffinityUI</activity>            </node>            <node>                <activity>com.tencent.mm.plugin.finder.nearby.newlivesquare.FinderLiveSquareNewEntranceUI</activity>            </node>        </scene>        <scene category="LIVE_BROADCAST_STREAM">            <node>                <activity>com.tencent.mm.plugin.finder.feed.ui.FinderLiveAnchorWithoutAffinityUI</activity>            </node>            <node>                <activity>com.tencent.mm.plugin.finder.feed.ui.FinderLiveAnchorAffinityUI</activity>            </node>        </scene>    </app>    <!--    å¤´æ¡-->    <app name="com.ss.android.article.news">        <scene category="NEWS">            <node>                <activity>                    com.bytedance.ugc.UgcDetailInfoActivity                </activity>            </node>            <node>                <activity>                    com.bytedance.novel.view.NovelReaderActivity                </activity>            </node>            <node>                <activity>                    com.bytedance.ugc.innerfeed.impl.PostInnerFeedActivity                </activity>            </node>            <node>                <activity>                    com.ss.android.detail.feature.detail2.view.NewDetailActivity                </activity>            </node>            <node>                <activity>                    com.bytedance.ugc.innerfeed.impl.PostInnerFeedActivity                </activity>            </node>        </scene>        <scene category="SHORT_VIDEO">            <node>                <activity>                    com.ss.android.ugc.detail.activity.TikTokActivity                </activity>            </node>            <node>                <activity>com.ss.android.detail.feature.detail2.view.NewVideoDetailActivity</activity>            </node>        </scene>    </app>    <!--    è¥¿ç“œ-->    <app name="com.ss.android.article.video">        <scene category="SHORT_VIDEO">            <node>                <activity>                    com.ss.android.article.video.activity.SplashActivity                </activity>            </node>        </scene>    </app>    <app name="com.sina.weibo">        <scene category="SHORT_VIDEO">            <node>                <activity>com.sina.weibo.video.tabcontainer.VideoTabContainerActivity</activity>            </node>            <node>                <activity>com.sina.weibo.MediaCoreActivity</activity>            </node>            <node>                <activity>com.sina.weibo.story.multiv2.core.MediaCoreV2Activity</activity>            </node>        </scene>        <scene category="NEWS">            <node>                <activity>com.sina.weibo.feed.DetailWeiboActivity</activity>            </node>            
07-29 06:50:04.101  5044  5819 D ActivityAdapter: init
07-29 06:50:04.101  3509  3509 D OplusWifiBroadCastDispatcher: mBroadcastReceiver: onReceiver  action=android.net.conn.CONNECTIVITY_CHANGE
07-29 06:50:04.101  3509  3509 D AcmeAlarmPolicy: updateConnectivityState: not working.
07-29 06:50:04.102 12480 12547 I System.out:  -------global shouldSampleBySpanName : network.change globalRatio : 1.0
07-29 06:50:04.102 12480 12547 I System.out: SessionIdRatioBasedSampler filter result : ImmutableSamplingResult{decision=RECORD_AND_SAMPLE, attributes={}}
07-29 06:50:04.102  3509  3560 I OplusStatusBarManagerServiceEnhance:  getTopIsFullscreen mTopIsFullscreen: false
07-29 06:50:04.102  3509  4232 I OplusPackageManagerNativeEx: invoke sendArrayCommonDcsUpload appId=20276, logTag =2027605, eventId=cpu_idletime
07-29 06:50:04.102  3509  4232 D PackageManager: OplusBasePackageManagerNative Transact success, code:10003
07-29 06:50:04.102  3509  5148 I OplusAthenaTrafficMonitor: Is the current network connected? true
07-29 06:50:04.102  3509  5148 D OplusAthenaTrafficMonitor: start traffic monitor.
07-29 06:50:04.103  7996  8205 I OplusObrain: OplusObrainClientInvoke.nativeGetTrafficTypeInfoForNetworkType networkType 0
07-29 06:50:04.103 13104 13104 I viders.calendar: isSwordfishLaunchAppEnabled_ 1 isSwordfishInstallAppEnabled_ 1
07-29 06:50:04.103  7183  7696 I SG::NetWorkMonitor: storeSystemResult:  sysExpiredList is null or empty [base|com.oplus.pantanal.ums|1.5.5-f48228a]
07-29 06:50:04.103 13104 13104 E viders.calendar: Unknown bits set in runtime_flags: 0x40000000
07-29 06:50:04.103 13104 13104 I viders.calendar: Using CollectorTypeCMC GC.
07-29 06:50:04.103  6227 13073 D PeriodicJobManager: schedule next alarm job at Jul 29, 2025, 07:00:00
07-29 06:50:04.104  3509  3509 W NotificationHistory: Attempted to add notif for locked/gone/disabled user 0
07-29 06:50:04.104 12443 12521 I MSP-LOG-APP-AppUtils: ouid status true
07-29 06:50:04.104 12443 12521 I MSP-LOG-APP-AppUtils: ouid status true
07-29 06:50:04.104  3509  3509 D NotificationService--OplusNotificationManagerServiceExtImpl: isForwardToAssistants: false, case : Is in mMcsNotInterceptPkgList or is isSystemApp
07-29 06:50:04.104  3509  3509 D NotificationService: This application enqueue notifications is not need postDelayed
07-29 06:50:04.104  3509  3509 D NotificationService--OplusNotificationManagerServiceExtImpl: isForwardToAssistants: false, case : Is in mMcsNotInterceptPkgList or is isSystemApp
07-29 06:50:04.104  3509  3509 D NotificationService: This application enqueue notifications is not need postDelayed
07-29 06:50:04.104  7996  8205 E MIDASApplication: PackageManagerUtil: getAudioPackageList err android.content.pm.PackageManager$NameNotFoundException: com.obrain.unknown
07-29 06:50:04.105  4882  5122 I SystemUi--Common: UsbService-->USB notification is posted!
07-29 06:50:04.105  3509  4279 I UsageStatsService: User[0] Time changed in by -2 seconds
07-29 06:50:04.105  4882  5122 I SystemUi--Statusbar: NetworkController.WifiSignalController-->handleStatusUpdated state=1 enabled=false connected=false isDefaultNetwork=false rssi=0 level=0 statusLabel=null isDirty=false
07-29 06:50:04.105  3509  4279 I UsageStatsService: User[0] Flushing usage stats to disk
07-29 06:50:04.105  3509  4531 W BestClock: java.time.DateTimeException: Missing network time fix
07-29 06:50:04.105  5044  5819 D NAS-DataSceneEvent: registerChangeInner:com.oplus.nas.smartcommu.core.app.comm.g@7dbea77
07-29 06:50:04.105  5044  5819 D OPlusFrontAppManager: OPlusFrontAppManager init
07-29 06:50:04.105  5044  5819 D OPlusFrontAppManager: register show toast
07-29 06:50:04.106  5044  5819 D GeneralScene: GeneralScene start
07-29 06:50:04.106  5044  5819 D SubwayScene: registerSignalMapEvent
07-29 06:50:04.106  5044  5819 D SubwayScene: SubwayScene start
07-29 06:50:04.106  5044  5819 D HomeScene: registerSignalMapEventCallback
07-29 06:50:04.106  5044  5819 D HomeScene: homeScene start
07-29 06:50:04.106  3473  3922 D QmiClient: qmiServiceEventCallback recv msg id 1110
07-29 06:50:04.106  3473  3922 D QmiVsClient: enter - onQmiServiceEventCallback msgId 1110
07-29 06:50:04.106  3473  3922 D QmiVsClientEvent: qmiVsClientNotifyNrcaInfoChangeEvent - RADIO_EVENT_NRCA_INFO_IND
07-29 06:50:04.106  5044  5818 D TravelLocServiceMachine: onPreHandleMessage 3
07-29 06:50:04.106  5044  5818 D TravelLocServiceMachine: onPostHandleMessage 3
07-29 06:50:04.106  5044  5818 D TravelLocServiceMachine: onPreHandleMessage 3
07-29 06:50:04.106  5044  5818 D TravelLocServiceMachine: onPostHandleMessage 3
07-29 06:50:04.106  4882  4882 I SystemUi--Statusbar: WifiViewModel-->wifiIcon isEnabled:false isForceHidden:false wifiNetwork:WifiNetwork.Inactive
07-29 06:50:04.107  7957  8090 I OpenID  : com.coloros.assistantscreen:3142:ret:T
07-29 06:50:04.107  3509  3742 I ActivityManager: Start proc 13125:com.coloros.phonemanager:idleoptimize/u0a133 for broadcast {com.coloros.phonemanager/com.oplus.phonemanager.idleoptimize.IdleTimeChangeReceiver}
07-29 06:50:04.107  5281 13121 I MMKV    : <MemoryFile.cpp:97::open> open fd[0xd3], /data/user_de/0/com.oplus.statistics.rom/files/mmkv/AppIdDictionary
07-29 06:50:04.107  3473  3488 D VsProxy : handleMessage msg is 2429
07-29 06:50:04.107  3473  3488 D VsProxy : handleNrcaInfoChangeInd for instance 0
07-29 06:50:04.107  3473  3473 D VendorService: NrcaInfoChangeInd numCarriers 1
07-29 06:50:04.107  5281 13121 I MMKV    : <MemoryFile.cpp:97::open> open fd[0xd4], /data/user_de/0/com.oplus.statistics.rom/files/mmkv/AppIdDictionary.crc
07-29 06:50:04.107  4882  5122 D WifiStatusTracker: mNetworkCallback onCapabilitiesChanged return networkId:100
07-29 06:50:04.107  4882  5122 I SystemUi--Statusbar: OplusNetworkSpeedControllExImpl-->onAvailable: isConnected:false,isSwitchOn:false
07-29 06:50:04.107  5281 13121 I MMKV    : <MMKV_IO.cpp:86::loadFromFile> loading [AppIdDictionary] with 11925 actual size, file size 16384, InterProcess 1, meta info version:3
07-29 06:50:04.107  5281 13121 I MMKV    : <MMKV_IO.cpp:91::loadFromFile> loading [AppIdDictionary] with crc 4190192088 sequence 314 version 3
07-29 06:50:04.107  4882  5122 I SystemUi--Statusbar: OplusNetworkSpeedControllExImpl-->updateNetworkSpeed: isConnected:true,isSwitchOn:false,isSuspend:false
07-29 06:50:04.108  3509  4808 I OplusPackageManagerNativeEx: invoke sendArrayCommonDcsUpload appId=20276, logTag =2027605, eventId=ufs_time
07-29 06:50:04.108  3509  4808 D PackageManager: OplusBasePackageManagerNative Transact success, code:10003
07-29 06:50:04.108 12480 12593 E IDHelper: 1078:com.oplus.stdid
07-29 06:50:04.108  3509  4238 I MemoryOperationUtils: add 13125 to com.coloros.phonemanager
07-29 06:50:04.107  5044  5819 D RailStationScene: registerHstModeChanged for slot 0
07-29 06:50:04.109  5044  5819 D RailStationScene: registerHstModeChanged for slot 1
07-29 06:50:04.109  3509  3509 W NotificationHistory: Attempted to add notif for locked/gone/disabled user 0
07-29 06:50:04.109  5235  5344 D SubsysRadioIndication: radioNrcaInfoChangeInd nrcaInfo.numCarriers: 1
07-29 06:50:04.109  5044  5819 D RailStationScene: RailStationScene start
07-29 06:50:04.109  5044  5819 D NetworkFactory: getNetworkManager
07-29 06:50:04.109  5044  5819 D NetworkManager: registerLinkboostManagerCallback
07-29 06:50:04.109  5044  5819 D OplusLinkBoostCommon: registerLinkboostManagerCallback
07-29 06:50:04.109  5044  5819 D ConcertScene: ConcertScene start
07-29 06:50:04.109  3509  5385 I OplusPackageManagerNativeEx: invoke sendArrayCommonDcsUpload appId=20276, logTag =2027605, eventId=gpu_time
07-29 06:50:04.109  3509  5385 D PackageManager: OplusBasePackageManagerNative Transact success, code:10003
07-29 06:50:04.109  3509  4530 D CompatChangeReporter: Compat change id reported: 271850009; UID 1000; state: ENABLED
07-29 06:50:04.110  3509  4530 D CompatChangeReporter: Compat change id reported: 253665015; UID 1000; state: ENABLED
07-29 06:50:04.110 13125 13125 I er:idleoptimize: isSwordfishLaunchAppEnabled_ 1 isSwordfishInstallAppEnabled_ 1
07-29 06:50:04.110 13125 13125 E er:idleoptimize: Unknown bits set in runtime_flags: 0x40000000
07-29 06:50:04.110 13125 13125 I er:idleoptimize: Using CollectorTypeCMC GC.
07-29 06:50:04.110  3509  3509 D NotificationService--OplusNotificationManagerServiceExtImpl: isForwardToAssistants: false, case : Is in mMcsNotInterceptPkgList or is isSystemApp
07-29 06:50:04.110  3509  3509 D NotificationService: This application enqueue notifications is not need postDelayed
07-29 06:50:04.110  4965  4965 W Settings: Setting airplane_mode_on has moved from android.provider.Settings.System to android.provider.Settings.Global, returning read-only value.
07-29 06:50:04.111  5281 13121 I MMKV    : <MMKV_IO.cpp:135::loadFromFile> loaded [AppIdDictionary] with 1261 key-values
07-29 06:50:04.111  3509  4530 D CompatChangeReporter: Compat change id reported: 311402873; UID 1000; state: ENABLED
07-29 06:50:04.111  3509  4530 D CompatChangeReporter: Compat change id reported: 323349338; UID 1000; state: ENABLED
07-29 06:50:04.111  7452  8726 D NetWorkMonitor: postOnNetStateChange : old state =0,new state =0
07-29 06:50:04.111 13104 13104 E viders.calendar: Not starting debugger since process cannot load the jdwp agent.
07-29 06:50:04.112  5235  5235 D RadioMessenger: handleMessage Request msgid 2001
07-29 06:50:04.112  5281 13121 I MMKV    : <MemoryFile.cpp:97::open> open fd[0xd5], /data/user_de/0/com.oplus.statistics.rom/files/mmkv/AppPackageAndAppVersion
07-29 06:50:04.112  6623  6623 I HidlServiceManagement: Trying to get transport of android.frameworks.sensorservice@1.0::ISensorManager/default without hwservicemanager
07-29 06:50:04.112  6623  6623 E ostatsd : getSensorListInfo: Cannot get ISensorManager
07-29 06:50:04.112  5281 13121 I MMKV    : <MemoryFile.cpp:97::open> open fd[0xd6], /data/user_de/0/com.oplus.statistics.rom/files/mmkv/AppPackageAndAppVersion.crc
07-29 06:50:04.113 13104 13104 D nativeloader: Load libframework-connectivity-tiramisu-jni.so using APEX ns com_android_tethering for caller /apex/com.android.tethering/javalib/framework-connectivity-t.jar: ok
07-29 06:50:04.113  3509  4530 D JobScheduler: systemJobSameId: jobId = 1, compNameOld=android/com.android.server.companion.association.InactiveAssociationsRemovalService, compNameNew=android/com.android.server.content.SyncJobService
07-29 06:50:04.113  5044  5819 D ElevatorScene: startElevEventListener
07-29 06:50:04.113  5044  5819 V SystemSensorManagerExtImpl: RegisterListener elevator_detect  Wakeup type:33171036 delay:200000us by com.oplus.nas.smartcommu.core.scene.entity.ElevatorScene$b@9788e7c from com.oplus.nas
07-29 06:50:04.113  3509  5385 D SensorService: createSensorEventConnection packageName = com.oplus.nas.smartcommu.core.scene.entity.ElevatorScene, opPackageName = com.oplus.nas, mCurrentOperatingMode = 0, requestedMode = 0
07-29 06:50:04.114 13104 13104 W libc    : Access denied finding property "persist.vendor.sys.activitylog"
07-29 06:50:04.114 13104 13104 I OneTrace: Mark active for pid=13104? true
07-29 06:50:04.114 13104 13104 D cutils-dev: otrace_set_tracing_enabled? true tag:0
07-29 06:50:04.114 13104 13133 D cutils-dev: properties changed in otrace_seq_number_changed!
07-29 06:50:04.114  3509  4476 W SensorService: SensorEventConnection sensor handle=1362, package = com.oplus.nas.smartcommu.core.scene.entity.ElevatorScene enable
07-29 06:50:04.114  3509  4476 E SensorService: Required app com.oplus.nas.smartcommu.core.scene.entity.ElevatorScene, uid 1000, pid 5044
07-29 06:50:04.114  3509  4476 D SensorService: Calling batch handle==1362 flags=0rate=200000000 timeout== 0
07-29 06:50:04.114  3509  4476 D SensorService: SensorDevice::batch: ident=0xb400006d69713180, handle=0x00000552, flags=0, period_ns=200000000 timeout=0
07-29 06:50:04.114  3509  4476 D SensorService: Calling activate on 1362
07-29 06:50:04.114  3509  4476 D SensorService: SensorDevice::activate: ident=0xb400006d69713180, handle=0x00000552, enabled=1, count=3
07-29 06:50:04.114  3509  4476 D SensorService: enable index=0
07-29 06:50:04.114  3509  4476 D SensorService: info.numActiveClients() = 3, info.isActive = 1
07-29 06:50:04.114  3509  4476 D SensorService: activateHardware = 0
07-29 06:50:04.114  3509  4476 D SensorService: 0xb400006d69713180 addFd fd=956
07-29 06:50:04.115 13125 13125 E er:idleoptimize: Not starting debugger since process cannot load the jdwp agent.
07-29 06:50:04.115  5044  5819 D ElevatorScene: startElevEventListener: true
07-29 06:50:04.115 12821 12887 E IDHelper: 1078:com.oplus.stdid
07-29 06:50:04.115  5281 13121 I MMKV    : <MMKV_IO.cpp:86::loadFromFile> loading [AppPackageAndAppVersion] with 0 actual size, file size 4096, InterProcess 1, meta info version:1
07-29 06:50:04.115  5281 13121 I MMKV    : <MMKV_IO.cpp:135::loadFromFile> loaded [AppPackageAndAppVersion] with 0 key-values
07-29 06:50:04.115  3509  4530 D JobScheduler: systemJobSameId: jobId = 0, compNameOld=android/com.android.server.usage.UsageStatsIdleService, compNameNew=android/com.android.server.content.SyncJobService
07-29 06:50:04.116 10270 10588 E IDHelper: 1078:com.oplus.stdid
07-29 06:50:04.116 13125 13125 D nativeloader: Load libframework-connectivity-tiramisu-jni.so using APEX ns com_android_tethering for caller /apex/com.android.tethering/javalib/framework-connectivity-t.jar: ok
07-29 06:50:04.117 13125 13125 W libc    : Access denied finding property "persist.vendor.sys.activitylog"
07-29 06:50:04.117 13125 13125 I OneTrace: Mark active for pid=13125? true
07-29 06:50:04.117 13125 13125 D cutils-dev: otrace_set_tracing_enabled? true tag:0
07-29 06:50:04.117 13125 13146 D cutils-dev: properties changed in otrace_seq_number_changed!
07-29 06:50:04.117  4882  4882 E LockScreenNotificationDispatcherImp: updateNotificationListOnKg size:0
07-29 06:50:04.117  9118 10058 W mydevices:cards: Accessing hidden method Landroid/net/SSLSessionCache;->install(Landroid/net/SSLSessionCache;Ljavax/net/ssl/SSLContext;)V (max-target-o, reflection, denied)
07-29 06:50:04.118  4882  4882 D OplusNotificationDateTimeView: setTime mSettingTimeMillis 1753786159585, mSettingLocalDateTime 2025-07-29T06:49:00.585
07-29 06:50:04.118  5044  5821 D OplusLinkBoostConcert: initStrategyCooperateRegister: success
07-29 06:50:04.118  5044  5821 D OplusLinkBoostConcert: default network update 100,vendor:2
07-29 06:50:04.119  4882  4882 I SystemUi--Notification: NotificationStackScrollLayoutExtImpl-->bind scrollGridCount 3 o.visibleChildrenCount 2 o.childCount 5
07-29 06:50:04.119  4882  4882 I SystemUi--Notification: SeparatePanelAnimation-->updateVisibleChildCount change, currentChildCount: 4 totalCount 3
07-29 06:50:04.119 13070 13070 D OplusActivityManager: get AMS extension: android.os.BinderProxy@b9779bf
07-29 06:50:04.119  4965  5757 D PhoneInterfaceManager: QueryTelephonyChecker-getDataNetworkTypeForSubscriber: packageName = com.qti.dpmserviceapp, isGrant = true
07-29 06:50:04.120  4882  4882 I SystemUi--Notification: LockScreenNotificationDispatcherImp-->updateNotificationListOnKg resultCode: 0
07-29 06:50:04.120  5090  8118 I txpwradmin:WwanStaInfo: cacheWwanInfo subId = 1 slotId = 0
07-29 06:50:04.120  5281 13121 I MMKV    : <MMKV_IO.cpp:86::loadFromFile> loading [appsCloudConfigKvStore] with 65 actual size, file size 4096, InterProcess 1, meta info version:3
07-29 06:50:04.120  5281 13121 I MMKV    : <MMKV_IO.cpp:91::loadFromFile> loading [appsCloudConfigKvStore] with crc 4251889175 sequence 1 version 3
07-29 06:50:04.120  3509  5305 D StdIDManager: stdid call:com.coloros.assistantscreen,10154,OUID,10121
07-29 06:50:04.120  7957  8090 I OpenID  : com.heytap.pictorial:3142:ret:T
07-29 06:50:04.120  7957  8409 I OpenID  : com.coloros.assistantscreen:3141:ret:T
07-29 06:50:04.121  5090  8118 D txpwrJni: sendNetworkInfo start
07-29 06:50:04.121  5090  8118 D txpwrJni: sendNetworkInfo RatType 0
07-29 06:50:04.121  5090  8118 D txpwrJni: sendNetworkInfo start
07-29 06:50:04.121  5090  8118 D txpwrJni: sendNetworkInfo RatType 0
07-29 06:50:04.121  5090  8118 D txpwrJni: sendNetworkInfo start
07-29 06:50:04.121  5090  8118 D txpwrJni: sendNetworkInfo RatType 0
07-29 06:50:04.121  5090  8118 D txpwrJni: sendNetworkInfo start
07-29 06:50:04.121  5090  8118 D txpwrJni: sendNetworkInfo RatType 0
07-29 06:50:04.121  5090  8118 D txpwrJni: sendNetworkInfo start
07-29 06:50:04.121  5090  8118 D txpwrJni: sendNetworkInfo RatType 0
07-29 06:50:04.121  4965  6191 D PhoneInterfaceManager: QueryTelephonyChecker-getDataNetworkTypeForSubscriber: packageName = com.qti.dpmserviceapp, isGrant = true
07-29 06:50:04.121  5629  5629 D ClockTag_DigitalWidgetProvider: onReceive[action]: android.intent.action.TIME_SET
07-29 06:50:04.122  5044  5821 I OplusNetworkModule: initNetworkOrWifiConnect
07-29 06:50:04.122  5044  5821 I OplusNetworkModule: init OplusNetworkEventCb and OplusNetlinkManager
07-29 06:50:04.122  5044  5819 D ElevatorScene: ElevatorScene start
07-29 06:50:04.123  5044  5819 D AirportScene: AirportScene start
07-29 06:50:04.123  7957  8408 I OpenID  : com.heytap.market:3142:ret:T
07-29 06:50:04.123  5235  5235 D RadioMessenger: handleMessage Request msgid 2001
07-29 06:50:04.123  7420 10348 E IDHelper: 1078:com.oplus.stdid
07-29 06:50:04.124  5629  5629 D ClockTag_DeviceUtils: device_provisioned: true
07-29 06:50:04.124  3509  4476 D OplusNetworkCmdService: registerOplusNetdEvent com.oplus.network.IOplusNetdEventCb$Stub$Proxy@35b1d71
07-29 06:50:04.124  5244  5270 I ndroid.launcher: gc_priority_optimize ctrlAppThreadUx sharedAppUxFd=567pid=5244tid=5270value=130 ret=2
07-29 06:50:04.124  5244  5270 I ndroid.launcher: gc_priority_optimize set UX success2
07-29 06:50:04.124  5044  5821 D OplusNetworkSysManager: registerOplusNetdEvent succ
07-29 06:50:04.124  5044  5821 I OplusNetworkModule: Oplus NetworkStack Service in NAS apk
07-29 06:50:04.124  5044  5821 D OplusNetworkStackService: init OplusNetworkStackService
07-29 06:50:04.124  5044  5819 D ExhibitionScene: init sts scene success
07-29 06:50:04.124  5044  5819 D ExhibitionScene: exhibition start
07-29 06:50:04.124  5629  5629 D ClockTag_Utils: isKeyguardLock: false
07-29 06:50:04.124  5044  5819 D RusServer: ActionParamConfig register.
07-29 06:50:04.124  5044  5819 D ActionParamConfig: create rus obj
07-29 06:50:04.124  5044  5819 D NasRomUpdateHelper: /data/user_de/0/com.oplus.nas/files/network_smartcommu_action_param_config.xml not exist!
07-29 06:50:04.124  5629  5629 D ClockTag_WidgetUtils: hasAlreadyAddedWorldClockWidget false
07-29 06:50:04.124  5629  5629 D ClockTag_DigitalWidgetProvider: No need to update widget.
07-29 06:50:04.124  7957  8409 I OpenID  : com.heytap.pictorial:3142:ret:T
07-29 06:50:04.125  5281 13121 I MMKV    : <MMKV_IO.cpp:135::loadFromFile> loaded [appsCloudConfigKvStore] with 2 key-values
07-29 06:50:04.125  5044  5819 D ActionParamConfig: parseConfigFile start
07-29 06:50:04.125  3509  4232 D ActivityTaskManagerServiceExtImpl: preBindApplication record is null
07-29 06:50:04.125  5044  5819 E ActionParamConfig: unknown tag:version
07-29 06:50:04.125  5044  5819 E ActionParamConfig: unknown tag:versionCode
07-29 06:50:04.125  3509  4232 D RGBNormalizeServer: OplusRGBNormalize feature enabled ? true
07-29 06:50:04.125  3509  4232 D ResourcesManagerCache: For package com.coloros.phonemanager we got cacheList [null] appInfoExt is null ? false hasFeature ? false
07-29 06:50:04.125  3509  4232 D VRR [OPlusExternalRefreshRateManager]: isPkgTfcEnable: pkgName = com.coloros.phonemanager, enable = true
07-29 06:50:04.125  3509  4232 D VRR [OPlusExternalRefreshRateManager]: getTfcMinFramerate: pkgName = com.coloros.phonemanager, min framerate = 0
07-29 06:50:04.125  5044  5819 D ActionParamConfig: ActionParamConfig:mtk size:28,Qti size:16
07-29 06:50:04.125  5044  5819 W com.oplus.nas: Opening an oat file without a class loader. Are you using the deprecated DexFile APIs?
07-29 06:50:04.125  5235  5235 D RadioMessenger: handleMessage Request msgid 2301
07-29 06:50:04.126  7957  8408 I OpenID  : com.heytap.htms:3142:ret:T
07-29 06:50:04.127  7957  8409 I OpenID  : com.coloros.assistantscreen:3142:ret:T
07-29 06:50:04.128  3509  5165 D OplusNetworkStatsNative: setBpfSocketSpeedsConfig 1500
07-29 06:50:04.128  5235  5235 D SceneService: handleRegisterForSceneChanged sceneId: 2
07-29 06:50:04.128  3509  4922 D ActivityTaskManagerServiceExtImpl: preBindApplication record is null
07-29 06:50:04.128  3509  4922 D RGBNormalizeServer: OplusRGBNormalize feature enabled ? true
07-29 06:50:04.128  3509  4922 D ResourcesManagerCache: For package com.android.providers.calendar we got cacheList [null] appInfoExt is null ? false hasFeature ? false
07-29 06:50:04.128  3509  4922 D VRR [OPlusExternalRefreshRateManager]: isPkgTfcEnable: pkgName = com.android.providers.calendar, enable = false
07-29 06:50:04.128  3509  4922 D VRR [OPlusExternalRefreshRateManager]: getTfcMinFramerate: pkgName = com.android.providers.calendar, min framerate = 0
07-29 06:50:04.129  5044  5821 D BwEnableCtrl: setBpfSocketSpeedsConfig success, speedsCalcInv: 1500
07-29 06:50:04.129  5044  5821 D RusServer: datascoreromupdate register.
07-29 06:50:04.129  5044  5821 D NasRomUpdateHelper: /data/user_de/0/com.oplus.nas/files/network_data_dataevalconfig.xml not exist!
07-29 06:50:04.133 13125 13125 D OplusActivityManager: get AMS extension: android.os.BinderProxy@b9779bf
07-29 06:50:04.133  3509  4922 D CompatChangeReporter: Compat change id reported: 311208629; UID 1000; state: ENABLED
07-29 06:50:04.133 13104 13104 D OplusActivityManager: get AMS extension: android.os.BinderProxy@b9779bf
07-29 06:50:04.135  6533  9574 D OplusAtlasService: checkIsInDaemonlistByName module:media-control-playinfo-blacklist packageName:com.android.systemui
07-29 06:50:04.135  6533  6564 D OplusAtlasService: checkIsInDaemonlistByName module:media-control-playinfo-blacklist packageName:com.android.systemui
07-29 06:50:04.136  5044  5821 W com.oplus.nas: Opening an oat file without a class loader. Are you using the deprecated DexFile APIs?
07-29 06:50:04.138  3509  5383 V GrammaticalInflectionUtils: AttributionSource: android.content.AttributionSource@7a06995a does not have READ_SYSTEM_GRAMMATICAL_GENDER permission.
07-29 06:50:04.139  9595 10522 E IDHelper: 1078:com.oplus.stdid
07-29 06:50:04.140  3509  3755 D RateLimit: decrementToken , current = 1, offset = 1
07-29 06:50:04.141  3509  3755 D CompatChangeReporter: Compat change id reported: 151861875; UID 10115; state: ENABLED
07-29 06:50:04.141  3509  3755 V GrammaticalInflectionUtils: AttributionSource: android.content.AttributionSource@8b170f90 does not have READ_SYSTEM_GRAMMATICAL_GENDER permission.
07-29 06:50:04.141  3509  3509 D OplusWifiBroadCastDispatcher: mBroadcastReceiver: onReceiver  action=android.intent.action.BATTERY_LEVEL_CHANGED
07-29 06:50:04.141  3509  4648 D OplusWifiPowerService: onReceive action:android.intent.action.BATTERY_LEVEL_CHANGED
07-29 06:50:04.141  3509  4497 W OplusStorageManagerFeature: mScreenReceiver action:android.intent.action.BATTERY_LEVEL_CHANGED
07-29 06:50:04.142  3509  4497 I OplusStorageManagerFeature: TmemoryBetterySwitch: level=90 state=0
07-29 06:50:04.142  3509  4497 I OplusStorageManagerFeature: TmemoryBetterySwitch: action=0 state=2
07-29 06:50:04.142  3509  4497 W OplusStorageManagerFeature: Ready to deal actionParam:0
07-29 06:50:04.142  3509  5305 D StdIDManager: stdid call:com.heytap.pictorial,10191,OUID,10121
07-29 06:50:04.142  7957  8408 I OpenID  : com.heytap.pictorial:3141:ret:T
07-29 06:50:04.144 12580 12683 E IDHelper: 1078:com.oplus.stdid
07-29 06:50:04.145 12580 12683 I MSP-LOG-APP-AppUtils: ouid status true
07-29 06:50:04.146  5244  5270 I ndroid.launcher: gc_priority_optimize ctrlAppThreadUx sharedAppUxFd=567pid=5244tid=5270value=768 ret=0
07-29 06:50:04.146 12580 12683 I MSP-LOG-APP-AppUtils: ouid status true
07-29 06:50:04.146  6227 13073 D BatteryUsageContentProvider: getLastFullChargeTimestamp() in 42/ms
07-29 06:50:04.147  6227 13073 D DatabaseUtils: getLastFullChargeTime() lastFullChargeTime=Jul 27, 2025, 07:48:07 in 44/ms
07-29 06:50:04.147  6227 13073 D DatabaseUtils: getBatteryEvents for timestamp: 1753616887334
07-29 06:50:04.147  6227 13073 D BatteryUsageContentProvider: getQueryBatteryEventTypes from uri: content://com.android.settings.battery.usage.provider/BatteryEvent?timestamp=1753616887334&batteryEventType=3%2C4
07-29 06:50:04.147  6227 13073 D BatteryUsageContentProvider: getQueryTimestamp from uri: content://com.android.settings.battery.usage.provider/BatteryEvent?timestamp=1753616887334&batteryEventType=3%2C4
07-29 06:50:04.147  6227 13073 W BatteryUsageContentProvider: getBatteryEvents() in 0/ms
07-29 06:50:04.147  6227 13073 D DatabaseUtils: getBatteryEvents size=52 in 0/ms
07-29 06:50:04.150  4882  4882 D RowAnimatorExtImpl: end:view:StatusBarIconView(slot='volume' alpha=1.0 icon=StatusBarIcon(icon=Icon(typ=RESOURCE pkg=com.android.systemui id=0x7f0818f0) visible user=0 ) visibleState=ICON iconColor=#ccffffff staticDrawableColor=#ccffffff decorColor=#ffffffff animationStartColor=#0 currentSetColor=#ccffffff notification=null),tx
07-29 06:50:04.150  4882  4882 D RowAnimatorExtImpl: end:view:StatusBarIconView(slot='zen' alpha=1.0 icon=StatusBarIcon(icon=Icon(typ=RESOURCE pkg=com.android.systemui id=0x7f0818e1) visible user=0 ) visibleState=ICON iconColor=#ccffffff staticDrawableColor=#ccffffff decorColor=#ffffffff animationStartColor=#0 currentSetColor=#ccffffff notification=null),tx
07-29 06:50:04.150  4882  4882 D RowAnimatorExtImpl: end:view:StatusBarIconView(slot='volume' alpha=1.0 icon=StatusBarIcon(icon=Icon(typ=RESOURCE pkg=com.android.systemui id=0x7f0818f0) visible user=0 ) visibleState=ICON iconColor=#ccffffff staticDrawableColor=#ccffffff decorColor=#ffffffff animationStartColor=#0 currentSetColor=#ccffffff notification=null),tx
07-29 06:50:04.150  4882  4882 D RowAnimatorExtImpl: end:view:StatusBarIconView(slot='zen' alpha=1.0 icon=StatusBarIcon(icon=Icon(typ=RESOURCE pkg=com.android.systemui id=0x7f0818e1) visible user=0 ) visibleState=ICON iconColor=#ccffffff staticDrawableColor=#ccffffff decorColor=#ffffffff animationStartColor=#0 currentSetColor=#ccffffff notification=null),tx
07-29 06:50:04.150  4882  4882 D RowAnimatorExtImpl: end:view:StatusBarIconView(slot='volume' alpha=1.0 icon=StatusBarIcon(icon=Icon(typ=RESOURCE pkg=com.android.systemui id=0x7f0818f0) visible user=0 ) visibleState=ICON iconColor=#ccffffff staticDrawableColor=#ccffffff decorColor=#ffffffff animationStartColor=#0 currentSetColor=#ccffffff notification=null),tx
07-29 06:50:04.150  4882  4882 D RowAnimatorExtImpl: end:view:StatusBarIconView(slot='zen' alpha=1.0 icon=StatusBarIcon(icon=Icon(typ=RESOURCE pkg=com.android.systemui id=0x7f0818e1) visible user=0 ) visibleState=ICON iconColor=#ccffffff staticDrawableColor=#ccffffff decorColor=#ffffffff animationStartColor=#0 currentSetColor=#ccffffff notification=null),tx
07-29 06:50:04.150  6623  6623 E ostatsd : getOffsetBetweenCurReportAndSnapshot: reportStartWallTimeNs: 1753782916075131788, reportStartBootTimeNs: 25220910906367, offsetCurReport: 1753757695164225421 ===snapshots.wallTimeNs: 1753778165867596152, snapshot.bootTimeNs: 20470703370679, snapshots.offsetNs: 1753757695164225473 ===offsetNs: -52
07-29 06:50:04.151  6623  6623 I ostatsd : handleCachedReport: dispatchEvent with configFile: /data/misc/ostats/database/cache_report/OStatsConfig_report_20250729_06_20_56.pb
07-29 06:50:04.151  3509  5383 D StdIDManager: stdid call:com.android.phone,1001,OUID,10121
07-29 06:50:04.153  3509  4231 D CompatChangeReporter: Compat change id reported: 261072174; UID 10114; state: ENABLED
07-29 06:50:04.153  4882  4882 E LockScreenNotificationDispatcherImp: updateNotificationListOnKg size:0
07-29 06:50:04.153  4882  4882 D OplusNotificationDateTimeView: setTime mSettingTimeMillis 1753786204030, mSettingLocalDateTime 2025-07-29T06:50:00.030
07-29 06:50:04.153  5044  5816 D DetectorsManager: startPerceive
07-29 06:50:04.153  7464 13180 I assistantscreen: ThrowNoClassDefFoundError when open swordfish
07-29 06:50:04.154  3509  5383 D CompatChangeReporter: Compat change id reported: 161145287; UID 1000; state: ENABLED
07-29 06:50:04.154  4882  4882 I SystemUi--Notification: LockScreenNotificationDispatcherImp-->updateNotificationListOnKg resultCode: 0
07-29 06:50:04.154  4882  4882 W SystemUi--Common: SubsetBitmapDrawable-->[isValid] innerBitmap?.isRecycled=null
07-29 06:50:04.155  3509  5305 W BestClock: java.time.DateTimeException: Missing network time fix
07-29 06:50:04.155  3509  5305 W BestClock: java.time.DateTimeException: Missing network time fix
07-29 06:50:04.155  5044  5816 I AppSwitchObserver: register.
07-29 06:50:04.155  5044  5816 D SceneManager: init
07-29 06:50:04.156 13125 13125 D CompactWindowAppManager: initCompactApplicationInfo CompactMode: , NormalMode: 
07-29 06:50:04.156  7914  9452 I os.phonemanager: ThrowNoClassDefFoundError when open swordfish
07-29 06:50:04.156  7914  9452 I os.phonemanager: ThrowNoClassDefFoundError when open swordfish
07-29 06:50:04.158 13125 13125 D OplusScrollToTopManager: setIsInWhiteList false
07-29 06:50:04.158 13125 13125 D OplusViewDebugManager: OplusViewDebugManager Constructor android.view.debug.OplusViewDebugManager@d17ebd5 [mHasViewDebugProperty true] [mHasMsgDebugProperty false] [DEBUG false] [EXTRAINFOENABLE false] [LIGHT_OS false]
07-29 06:50:04.158  4748  4767 W SQLiteLog: (28) double-quoted string literal: "sys_deepthinker_config_conference"
07-29 06:50:04.159  1722  1722 D Zygote  : Forked child process 13186
07-29 06:50:04.159  3509  3742 I ActivityManager: Start proc 13186:com.oplus.statistics.rom:cc/u0a105 for content provider {com.oplus.statistics.rom/com.oplus.dcc.cloudctl.CloudCtlContentProvider}
07-29 06:50:04.159  3509  4238 I MemoryOperationUtils: add 13186 to inactive
07-29 06:50:04.159  5044  5816 W ConferenceScene: page config is null
07-29 06:50:04.159  5044  5816 I SceneManager: init scene list: [GamingScene, VideoScene, LiveScene, VoiceCallScene, VideoCallScene, FileDownloadScene, FileUploadScene, ConferenceScene]
07-29 06:50:04.159  5044  5816 V SceneManager: firstGetAppType
07-29 06:50:04.160  7957  8090 I OpenID  : com.oplus.account:3142:ret:T
07-29 06:50:04.161  5044  5816 D SceneManager: updateAppTypeInfo
07-29 06:50:04.161  5044  5816 I GamingScene: loadAppType : GamingPkgs = {}
07-29 06:50:04.161  5044  5816 I VideoScene: loadAppType : videoPkgs = {}, shortVideoPkgs = {}
07-29 06:50:04.161  5044  5816 I VoiceCallScene: loadAppType : NaviPkgs = {}  CallCabPkgs = {}
07-29 06:50:04.163 10472 10472 D EventsNumService â€” TodayAppWidget: onReceive: action= android.intent.action.TIME_SET  widgetIds= []
07-29 06:50:04.163  3509  5385 D StdIDManager: stdid call:com.oplus.account,10114,OUID,10121
07-29 06:50:04.164  7957  8090 I OpenID  : com.oplus.account:3141:ret:T
07-29 06:50:04.164 13104 13104 D CompactWindowAppManager: initCompactApplicationInfo CompactMode: , NormalMode: 
07-29 06:50:04.164 10270 10616 W ONET_NetMonitor: CallStart seq: 18465 retry: 0 method: POST url: https://gslb-cn.cdo.heytapmobi.com/gslb/d/v2 port: 443 originDn: gslb-cn.cdo.heytapmobi.com clientIp:  httpDnsIp: null
07-29 06:50:04.165 13070 13070 D CompactWindowAppManager: initCompactApplicationInfo CompactMode: , NormalMode: 
07-29 06:50:04.165  1722  1722 D Zygote  : Forked child process 13193
07-29 06:50:04.165  7957  8408 I OpenID  : com.heytap.pictorial:3142:ret:T
07-29 06:50:04.167 11396 11689 W LOG_FLOWCTRL: ==LOGS OVER PROC QUOTA(300), rows(649) bytes(50000) com.nearme.gamecenter DROPPED==
07-29 06:50:04.167 11396 11689 E IDHelper: 1078:com.oplus.stdid
07-29 06:50:04.167  3509  3742 I ActivityManager: Start proc 13193:com.microsoft.appmanager/u0a115 for broadcast {com.microsoft.appmanager/androidx.work.impl.background.systemalarm.RescheduleReceiver}
07-29 06:50:04.168  3509  3560 D StdIDManager: stdid call:com.heytap.htms,10178,OUID,10121
07-29 06:50:04.168  3509  4238 I MemoryOperationUtils: add 13193 to com.microsoft.appmanager
07-29 06:50:04.169  7452 12194 I os.sceneservice: ThrowNoClassDefFoundError when open swordfish
07-29 06:50:04.170  3509  4279 I UsageStatsDatabase: Time changed by -2s121ms. files deleted: 0 files moved: 14
07-29 06:50:04.174  3509  8364 D ActivityManager: Async freezing 6227 com.android.settings
07-29 06:50:04.174 13193 13193 I soft.appmanager: isSwordfishLaunchAppEnabled_ 1 isSwordfishInstallAppEnabled_ 1
07-29 06:50:04.174 13193 13193 E soft.appmanager: Unknown bits set in runtime_flags: 0x40000000
07-29 06:50:04.174 13193 13193 I soft.appmanager: Using CollectorTypeCMC GC.
07-29 06:50:04.174  3509  5305 D StdIDManager: stdid call:com.heytap.pictorial,10191,OUID,10121
07-29 06:50:04.174 13070 13070 D OplusScrollToTopManager: setIsInWhiteList false
07-29 06:50:04.175 13070 13070 D OplusViewDebugManager: OplusViewDebugManager Constructor android.view.debug.OplusViewDebugManager@d17ebd5 [mHasViewDebugProperty true] [mHasMsgDebugProperty false] [DEBUG false] [EXTRAINFOENABLE false] [LIGHT_OS false]
07-29 06:50:04.175  7957  8286 I OpenID  : com.heytap.pictorial:3141:ret:T
07-29 06:50:04.175 13193 13193 E soft.appmanager: Not starting debugger since process cannot load the jdwp agent.
07-29 06:50:04.176 13193 13193 D nativeloader: Load libframework-connectivity-tiramisu-jni.so using APEX ns com_android_tethering for caller /apex/com.android.tethering/javalib/framework-connectivity-t.jar: ok
07-29 06:50:04.177 13193 13193 W libc    : Access denied finding property "persist.vendor.sys.activitylog"
07-29 06:50:04.177 13193 13193 I OneTrace: Mark active for pid=13193? true
07-29 06:50:04.177 13193 13193 D cutils-dev: otrace_set_tracing_enabled? true tag:0
07-29 06:50:04.177 13193 13217 D cutils-dev: properties changed in otrace_seq_number_changed!
07-29 06:50:04.179 13186 13186 I atistics.rom:cc: isSwordfishLaunchAppEnabled_ 1 isSwordfishInstallAppEnabled_ 1
07-29 06:50:04.179 13186 13186 E atistics.rom:cc: Unknown bits set in runtime_flags: 0x40000000
07-29 06:50:04.179 13186 13186 I atistics.rom:cc: Using CollectorTypeCMC GC.
07-29 06:50:04.179  3509  5305 D ActivityTaskManagerServiceExtImpl: preBindApplication record is null
07-29 06:50:04.179  3509  5305 D RGBNormalizeServer: OplusRGBNormalize feature enabled ? true
07-29 06:50:04.179  3509  5305 D ResourcesManagerCache: For package com.microsoft.appmanager we got cacheList [null] appInfoExt is null ? false hasFeature ? false
07-29 06:50:04.179  3509  5305 D VRR [OPlusExternalRefreshRateManager]: isPkgTfcEnable: pkgName = com.microsoft.appmanager, enable = false
