07-28 22:09:50.380  1804  9759 I sensors-hal: handle_sns_client_event:87, step_count_event: ts=59230665724 count 0
07-28 22:09:50.380  3468  4326 D SensorServiceUtils: sensorEventLog step_counter = 0
07-28 22:09:50.380  3468  4326 D SensorServiceUtils: sensorEventLog step_counter = 0
07-28 22:09:50.380  3468  4326 D SensorServiceUtils: sensorEventLog step_counter = 0
07-28 22:09:50.380  3468  4326 D SensorServiceUtils: sensorEventLog step_counter = 0
07-28 22:09:50.380  3468  4326 D SensorServiceUtils: sensorEventLog step_counter = 0
07-28 22:09:50.380  3468  4326 D SensorServiceUtils: sensorEventLog step_counter = 0
07-28 22:09:50.380  3468  4326 D SensorServiceUtils: sensorEventLog step_counter = 0
07-28 22:09:50.380  3468  4326 D SensorServiceUtils: sensorEventLog step_counter = 0
07-28 22:09:50.380  3468  4326 D SensorServiceUtils: sensorEventLog step_counter = 0
07-28 22:09:50.380  3468  4326 D SensorServiceUtils: sensorEventLog step_counter = 0
07-28 22:09:50.380  3468  4326 D SensorServiceUtils: sensorEventLog step_counter = 0
07-28 22:09:50.380  3468  4326 D SensorServiceUtils: sensorEventLog step_counter = 0
07-28 22:09:50.380  3468  4326 D SensorServiceUtils: sensorEventLog step_counter = 0
07-28 22:09:50.380  3468  4326 D SensorServiceUtils: sensorEventLog step_counter = 0
07-28 22:09:50.380  3468  4326 D SensorServiceUtils: sensorEventLog step_counter = 0
07-28 22:09:50.380  3468  4326 D SensorServiceUtils: sensorEventLog step_counter = 0
07-28 22:09:50.380  3468  4326 D SensorServiceUtils: sensorEventLog step_counter = 0
07-28 22:09:50.380  3468  4326 D SensorServiceUtils: sensorEventLog step_counter = 0
07-28 22:09:50.380  3468  4326 D SensorServiceUtils: sensorEventLog step_counter = 0
07-28 22:09:50.380  3468  4150 W BestClock: java.time.DateTimeException: Missing network time fix
07-28 22:09:50.381  4626  4626 V SystemSensorManagerExtImpl: step counter dispatchSensorEvent step 0.0 to + a.b$c@599e199
07-28 22:09:50.381  5088  5088 I QImsService: OplusPhoneStateTracker : onServiceStateChanged
07-28 22:09:50.381  5088  5088 I QImsService: OplusPhoneStateTracker : onServiceStateChanged
07-28 22:09:50.381  4827  5633 V OplusCustomizeCacheManager: queryCache name: sys.cache.common_customize_cache18014 param: null
07-28 22:09:50.381  4827  5633 V OplusCustomizeCacheManager: queryCache name: sys.cache.common_customize_cache18017 param: Bundle[{SETTING=BLOCK, BUSINESS=NCT-DATA}]
07-28 22:09:50.381  4827  5633 V OplusCustomizeCacheManager: queryCache name: sys.cache.common_customize_cache18013 param: null
07-28 22:09:50.382  5180  6017 D cellularState[0]: handleMessage: E msg.what=4
07-28 22:09:50.382  5180  6017 D cellularState[0]: processMsg: DataCallingState
07-28 22:09:50.382  5180  6017 D cellularState[0]: processMsg: NetworkAttachedState
07-28 22:09:50.382  5003  5956 D NAS-CallIssueDetector: onServiceStateChanged
07-28 22:09:50.382  5180  6017 D cellularState[0]: processMsg: SimReadyState
07-28 22:09:50.382  5003  5956 D OplusCiwlanController: [vodata] processServiceStateChanged  phoneid = 0, original roaming type = 0,roaming type = 0
07-28 22:09:50.382  5180  6017 D cellularState[0]: processMsg: DefaultState
07-28 22:09:50.382  5003  5956 D OplusCiwlanController: [vodata] processServiceStateChanged  phoneid = 1, original roaming type = 0,roaming type = 0
07-28 22:09:50.382  5180  6017 E cellularState[0]:  - unhandledMessage: msg.what=4
07-28 22:09:50.382  5180  6017 D cellularState[0]: handleMessage: X
07-28 22:09:50.382  5003  5953 D OplusLinkBoostCommon: dds servicestate change
07-28 22:09:50.382  4827  5147 I SystemUi--Statusbar: MobileConnectionRepositoryImpl-->subId:1 isSoftSimCard:false slotId:0
07-28 22:09:50.382  5180  5180 D SubsysEventListenerManager-SubsysTelephonyCallback[0]: onServiceStateChanged
07-28 22:09:50.382  5003  5949 D T-Recommend: onPreHandleMessage 1000
07-28 22:09:50.382  3468  4705 W ContextImpl: Calling a method in the system process without a qualified user: android.app.ContextImpl.sendBroadcastMultiplePermissions:1311 android.content.Context.sendBroadcastMultiplePermissions:2524 com.android.server.TelephonyRegistry.broadcastServiceStateChanged:3740 com.android.server.TelephonyRegistry.notifyServiceStateForPhoneId:1787 com.android.internal.telephony.ITelephonyRegistry$Stub.onTransact:546 
07-28 22:09:50.383  5180  5180 D ChinaRoamingControl: registTelephonyEvent onServiceStateChanged eventId:5, VoiceRegState:1, DataRegState:1
07-28 22:09:50.383  5180  5180 D QuickChangeAirplaneModeEvent: onServiceStateChanged slotId:0
07-28 22:09:50.383  5003  5949 E CellularEvent: nri null ps
07-28 22:09:50.383  5003  5949 E CellularEvent: invalid nri
07-28 22:09:50.383  5003  5949 D T-Recommend: onPostHandleMessage 1000
07-28 22:09:50.383  5180  5180 D QuickChangeAirplaneModeEvent: isBothCardInService is false
07-28 22:09:50.383  5180  5180 D MsimSubModeManager: registTelephonyEvent onServiceStateChanged eventId:3, VoiceRegState:1, DataRegState:1
07-28 22:09:50.383  5180  5180 E ExtremeCommUtils: getSwitchRusSupportMcc invalid index 1
07-28 22:09:50.383  5180  5180 D ExtremeCommUtils: isSupporCheck rusContain:false,propContain(persist.sys.oplus.support_hyper_uplink_mcc):false
07-28 22:09:50.383  5180  5180 D ExtremeCommService: handleServiceStateChanged mcc is null
07-28 22:09:50.383  5003  5965 D OplusSubWaySlowRecovery: getPreferSubId return 1
07-28 22:09:50.383  5180  5180 D ChinaRoamingControl: handleMessage what:5
07-28 22:09:50.383  5180  5180 D MsimSubModeManager: handleMessage what:3
07-28 22:09:50.383  5180  5180 D MsimSubModeManager: getMsimSimServiceIn() i:0,mServiceState:1
07-28 22:09:50.383  5180  5180 D MsimSubModeManager: getMsimSimServiceIn() i:1,mServiceState:1
07-28 22:09:50.383  3468  4705 W ContextImpl: Calling a method in the system process without a qualified user: android.app.ContextImpl.sendBroadcastMultiplePermissions:1344 com.android.server.TelephonyRegistry.broadcastServiceStateChanged:3745 com.android.server.TelephonyRegistry.notifyServiceStateForPhoneId:1787 com.android.internal.telephony.ITelephonyRegistry$Stub.onTransact:546 android.os.Binder.execTransactInternal:1523 
07-28 22:09:50.383  5003  5965 D SaDataFailRecovery/0: current is not in service,reset alarm
07-28 22:09:50.383  5003  5965 D OplusScanQrCodeRecoveryImpl: msg.what=3
07-28 22:09:50.383  1686  1686 D Zygote  : Forked child process 13135
07-28 22:09:50.384  5180  5180 D SubsysEventListenerManager-SubsysTelephonyCallback[0]: onCellLocationChanged
07-28 22:09:50.384  6519  6584 I midasd  : OplusObrainService::notifyEventInt eventId:38 iParam:20
07-28 22:09:50.384  8080  8158 I OplusObrain: OplusObrainClientInvoke.nativeGetTelephonyInfo
07-28 22:09:50.384  3468  4705 W ContextImpl: Calling a method in the system process without a qualified user: android.app.ContextImpl.sendBroadcastMultiplePermissions:1344 com.android.server.TelephonyRegistry.broadcastServiceStateChanged:3754 com.android.server.TelephonyRegistry.notifyServiceStateForPhoneId:1787 com.android.internal.telephony.ITelephonyRegistry$Stub.onTransact:546 android.os.Binder.execTransactInternal:1523 
07-28 22:09:50.385  5180  5180 D SubsysEventListenerManager-SubsysTelephonyCallback[0]: onDisplayInfoChanged
07-28 22:09:50.385  5180  5180 D SceneService: onDisplayInfoChanged slotId:0,telephonyDisplayInfo:TelephonyDisplayInfo {network=NR, overrideNetwork=NONE, isRoaming=false}
07-28 22:09:50.385  8080 10029 I OplusObrain: OplusObrainClientInvoke.nativeGetTrafficTypeInfoForNetworkType networkType 0
07-28 22:09:50.385  4827  4827 I SystemUi--Statusbar: OplusMobileIconInteractorImpl-->oplusIMSModel slot:0: CapabilityTypeModel(isVolteSwitchOn=true, isWfcEnabledByUser=true, imsRegistered=false, voiceCapable=false, videoCapable=false, registerTech=-1, isCrossSimCallingEnabledByUser=false, hasHideVolteOperator=false), SimStateModel(simInserted=[true, false], simForbidden=[false, true], simStateIMSI=[true, false], simLoaded=[true, false]),oplusNetworkTypeNr:20,isVoNrEnabled:false
07-28 22:09:50.386  4897  4897 D MultiSimSettingController: notifySubscriptionInfoChanged
07-28 22:09:50.386  3468  5860 D KernelStatsHelper: getKernelStats start!
07-28 22:09:50.386  3468  4705 W ContextImpl: Calling a method in the system process without a qualified user: android.app.ContextImpl.sendBroadcastMultiplePermissions:1344 com.android.server.TelephonyRegistry.broadcastServiceStateChanged:3760 com.android.server.TelephonyRegistry.notifyServiceStateForPhoneId:1787 com.android.internal.telephony.ITelephonyRegistry$Stub.onTransact:546 android.os.Binder.execTransactInternal:1523 
07-28 22:09:50.386  3468  3731 I ActivityManager: Start proc 13135:com.oplus.wirelesssettings:tzupdate/1000 for broadcast {com.oplus.wirelesssettings/com.oplus.tzupdate.timezone.MccChangeReceiver}
07-28 22:09:50.386  3468  3468 I AS.AudioService: onSubscriptionsChanged()
07-28 22:09:50.386  5088  5088 I QImsService: OplusPhoneStateTracker : onSubscriptionsChanged Last subId: 1 Current subId 1
07-28 22:09:50.387  5088  5088 I QImsService: OplusPhoneStateTracker : onSubscriptionsChanged Last subId: -1 Current subId -1
07-28 22:09:50.387  3468  4425 V NetworkPolicy: onSubscriptionsChanged
07-28 22:09:50.387  3468  4522 D OplusNetlinkSocket: handleNetlinkRecvKernelMessage:nlmsghdr:StructNlMsgHdr{ nlmsg_len{40}, nlmsg_type{52()}, nlmsg_flags{0()}, nlmsg_seq{0}, nlmsg_pid{227283370} }
07-28 22:09:50.387  3468  4522 D KernelStatsHelper: get magic :[-1, -1, -1, 77, 65, 71, 73, 67]
07-28 22:09:50.387  3468  4522 D KernelStatsHelper: magic matched count:0 data_len:0
07-28 22:09:50.387  3468  4522 D KernelStatsHelper: data over! check: true
07-28 22:09:50.387  5892  5892 D CellBroadcastReceiver: onReceive Intent { act=android.intent.action.SERVICE_STATE flg=0x1000010 cmp=com.android.cellbroadcastreceiver.module/com.android.cellbroadcastreceiver.CellBroadcastReceiver (has extras) }
07-28 22:09:50.387  5892  5892 D CellBroadcastReceiver: onServiceStateChanged, ss: 1
07-28 22:09:50.387  5892  5892 D CellBroadcastReceiver: networkOperator: 
07-28 22:09:50.387  3468  4154 I MemoryOperationUtils: add 13135 to inactive
07-28 22:09:50.388  5141  5141 D QCNEJ/DataCallAgent: onSubscriptionsChanged: new DDS 1
07-28 22:09:50.388  4897  4897 I Telephony: y0: onServiceStateChanged: newState=1, mServiceState=1
07-28 22:09:50.388  7309  8662 E Battery : ControllerCenter: onReceiver: mSubscriptionManager is null || mIsNeedRestoreMobile = false
07-28 22:09:50.388  4897  4897 I Telephony: isRttCurrentlySupported -- regular acct, hasVoiceAvailability: false
07-28 22:09:50.388  4897  4897 I Telephony:  isRttSupported: false
07-28 22:09:50.388  4897  4897 I Telephony:  isUserRttSettingOn: false
07-28 22:09:50.388  4897  4897 I Telephony:  alwaysAllowWhileRoaming: false
07-28 22:09:50.388  4897  4897 I Telephony:  isRoaming: false
07-28 22:09:50.388  4897  4897 I Telephony:  isOnWfc: false
07-28 22:09:50.389  5003  5949 D CellularEvent: handleSubscriptionsChanged: slotId=0
07-28 22:09:50.389  5003  5949 D CellularEvent: onImsRegistrationStateChanged, slotId=0state:false
07-28 22:09:50.389  4897  6176 E PhoneInterfaceManager: getServiceStateForSlot retuning null for invalid slotIndex=-1
07-28 22:09:50.390  5088  5088 E QImsService: ImsConfigImpl : onSubscriptionsChanged unable to process due to SubscriptionInfo is null
07-28 22:09:50.390  5141  8069 D QCNEJ/DataCallAgent: phoneCount: 2
07-28 22:09:50.390  5141  8069 D QCNEJ/DataCallAgent: subs for 0th slot: [1]
07-28 22:09:50.390  7027  7932 D OsAgentAidlClient: [string_dataitem_update][1584] [HC] =>> [HS]
07-28 22:09:50.390  5141  8069 D QCNEJ/DataCallAgent: mSubInfoReady[0] is set to true
07-28 22:09:50.390  5141  8069 D QCNEJ/DataCallAgent: subs for 1th slot: [-1]
07-28 22:09:50.390  5003  5736 D NAS-CellularEvent: handleSubscriptionsChanged: slotId=0
07-28 22:09:50.391  4827  5147 I SystemUi--Statusbar: MobileInputLog-->onSubscriptionsChanged
07-28 22:09:50.391  4827  5147 I SystemUi--Statusbar: MobileConnectionRepositoryImpl-->subId:1 isSoftSimCard:false slotId:0
07-28 22:09:50.392  5141  5141 D QCNEJ/WwanInfoRelay: onSubscriptionsChanged currDDSId: 1 new DDS 1
07-28 22:09:50.392  4827  5147 I SystemUi--Statusbar: MobileConnectionRepositoryImpl-->subId:1 isSoftSimCard:false slotId:0
07-28 22:09:50.392  3468  4150 W BestClock: java.time.DateTimeException: Missing network time fix
07-28 22:09:50.392  4827  4827 I SystemUi--Statusbar: OplusMobileIconInteractorImpl-->oplusIMSModel slot:0: CapabilityTypeModel(isVolteSwitchOn=true, isWfcEnabledByUser=true, imsRegistered=false, voiceCapable=false, videoCapable=false, registerTech=-1, isCrossSimCallingEnabledByUser=false, hasHideVolteOperator=false), SimStateModel(simInserted=[true, false], simForbidden=[false, true], simStateIMSI=[true, false], simLoaded=[true, false]),oplusNetworkTypeNr:20,isVoNrEnabled:false
07-28 22:09:50.392  6525  6570 E oiface  : sched_setaffinity failed
07-28 22:09:50.392  4897  4897 V OplusCustomizeCacheManager: queryCache name: sys.cache.common_customize_cache18016 param: null
07-28 22:09:50.392  4897  4897 V OplusCustomizeCacheManager: queryCache name: sys.cache.common_customize_cache18013 param: null
07-28 22:09:50.392  4897  4897 V OplusCustomizeCacheManager: queryCache name: sys.cache.common_customize_cache18014 param: null
07-28 22:09:50.392  4827  6003 I SystemUi--Statusbar: OplusMobileConnectionRepository1-->stopListenImsStatusChanged
07-28 22:09:50.392  4897  4897 V OplusCustomizeCacheManager: queryCache name: sys.cache.common_customize_cache18017 param: Bundle[{SETTING=BLOCK, BUSINESS=NCT-DATA}]
07-28 22:09:50.392 13135 13135 I ttings:tzupdate: isSwordfishLaunchAppEnabled_ 1 isSwordfishInstallAppEnabled_ 1
07-28 22:09:50.392 13135 13135 E ttings:tzupdate: Unknown bits set in runtime_flags: 0x40000000
07-28 22:09:50.392 13135 13135 I ttings:tzupdate: Using CollectorTypeCMC GC.
07-28 22:09:50.392  3468  4425 D NetworkPolicy: Normalization put networkpolicyNetworkTemplate: matchRule=CARRIER, matchSubscriberIds=[001011...], matchWifiNetworkKeys=[], metered=YES
07-28 22:09:50.392  3468  4425 D NetworkPolicy: Normalization put networkpolicyNetworkTemplate: matchRule=CARRIER, matchSubscriberIds=[310260...], matchWifiNetworkKeys=[], metered=YES
07-28 22:09:50.393  3468  4425 D NetworkPolicy: Normalization put networkpolicyNetworkTemplate: matchRule=CARRIER, matchSubscriberIds=[001010...], matchWifiNetworkKeys=[], metered=YES
07-28 22:09:50.393  5003  5736 D NAS-CellularEvent: onImsRegistrationStateChanged, slotId=0state:false
07-28 22:09:50.393  3468  4425 D NetworkPolicy: Normalization put networkpolicyNetworkTemplate: matchRule=CARRIER, matchSubscriberIds=[001010...], matchWifiNetworkKeys=[], metered=YES
07-28 22:09:50.393  3468  4425 D NetworkPolicy: Normalization put networkpolicyNetworkTemplate: matchRule=CARRIER, matchSubscriberIds=[001012...], matchWifiNetworkKeys=[], metered=YES
07-28 22:09:50.393  3468  4425 V NetworkPolicy: updateNetworkEnabledNL() return
07-28 22:09:50.393  4897  4897 V OplusCustomizeCacheManager: queryCache name: sys.cache.common_customize_cache18016 param: null
07-28 22:09:50.393  4897  4897 V OplusCustomizeCacheManager: queryCache name: sys.cache.common_customize_cache18013 param: null
07-28 22:09:50.393  4897  4897 V OplusCustomizeCacheManager: queryCache name: sys.cache.common_customize_cache18014 param: null
07-28 22:09:50.393  4897  4897 V OplusCustomizeCacheManager: queryCache name: sys.cache.common_customize_cache18017 param: Bundle[{SETTING=BLOCK, BUSINESS=NCT-DATA}]
07-28 22:09:50.393  3468  4425 V NetworkPolicy: updateNotificationsNL not process
07-28 22:09:50.393  3468  4425 W BestClock: java.time.DateTimeException: Missing network time fix
07-28 22:09:50.394 13135 13135 E ttings:tzupdate: Not starting debugger since process cannot load the jdwp agent.
07-28 22:09:50.394  4897  4897 D MultiSimSettingController: onSubscriptionsChanged
07-28 22:09:50.394  4897  4897 D MultiSimSettingController: isReadyToReevaluate: subInfoInitialized=true, carrierConfigsLoaded=true, satelliteEnabledOrBeingEnabled=false
07-28 22:09:50.394  4897  4897 D MultiSimSettingController: updateDefaults
07-28 22:09:50.394  4897  4897 D MultiSimSettingController: isReadyToReevaluate: subInfoInitialized=true, carrierConfigsLoaded=true, satelliteEnabledOrBeingEnabled=false
07-28 22:09:50.394  3468  4372 W BestClock: java.time.DateTimeException: Missing network time fix
07-28 22:09:50.394  4827  6003 I SystemUi--Statusbar: OplusMobileConnectionRepository1-->phoneId: 0, conflatedCallbackFlow init
07-28 22:09:50.394  4827  6003 I SystemUi--Statusbar: OplusMobileConnectionRepository1-->startListenImsStatusChanged
07-28 22:09:50.394  4897  4897 D MultiSimSettingController: updateDefaultValues: change: 0
07-28 22:09:50.394  4897  4897 D MultiSimSettingController: disableDataForNonDefaultNonOpportunisticSubscriptions triggered, return directly
07-28 22:09:50.394  4897  4897 D CallNotifier: updatePhoneStateListeners: update CF notifications.
07-28 22:09:50.394  5003  5953 W BestClock: java.time.DateTimeException: Missing network time fix
07-28 22:09:50.394  4897  4897 I Telephony: TelecomAccountRegistry: onSubscriptionsChanged - reregister accounts
07-28 22:09:50.394  5003  5953 V MonthTrafficAlert: getWarningNotification subId:1 numWarningNotificaion:0
07-28 22:09:50.394  4897  4897 D PhoneUtils: PhoneAccountHandle subId=1, slotId=0
07-28 22:09:50.394  4827  5633 V OplusCustomizeCacheManager: queryCache name: sys.cache.common_customize_cache18014 param: null
07-28 22:09:50.394  4827  5633 V OplusCustomizeCacheManager: queryCache name: sys.cache.common_customize_cache18017 param: Bundle[{SETTING=BLOCK, BUSINESS=NCT-DATA}]
07-28 22:09:50.394  4827  5633 V OplusCustomizeCacheManager: queryCache name: sys.cache.common_customize_cache18013 param: null
07-28 22:09:50.394  4827  4827 I KeyguardUpdateMonitor: action=android.intent.action.SERVICE_STATE subId=1 slotId=0
07-28 22:09:50.395  1950  1950 D vendor.oplus.hardware.charger-V7-service: getChargerControl:
07-28 22:09:50.395  4897  4897 D Telephony: registerPstnPhoneAccount line1Number =  subNumber = 
07-28 22:09:50.395  4897  4897 D Telephony: color is transparent asign default instead -15502541
07-28 22:09:50.395 13135 13135 D nativeloader: Load libframework-connectivity-tiramisu-jni.so using APEX ns com_android_tethering for caller /apex/com.android.tethering/javalib/framework-connectivity-t.jar: ok
07-28 22:09:50.395  4897  4897 D Telephony: isEmergencyPreferredAccount: subId=1, activeData=1
07-28 22:09:50.395  6476  8063 D OplusAtlasAudioDetectionManager: MSG_CALL_STATE_CHANGED
07-28 22:09:50.395  4897  4897 D Telephony: isEmergencyPreferredAccount: Device does not require preference.
07-28 22:09:50.395  6476  8063 D OplusAtlasAudioDetectionManager: callStateChanged state: 0, len: 0
07-28 22:09:50.396  4897  4897 I Telephony: isRttCurrentlySupported -- regular acct, hasVoiceAvailability: false
07-28 22:09:50.396  4897  4897 I Telephony:  isRttSupported: false
07-28 22:09:50.396  4897  4897 I Telephony:  isUserRttSettingOn: false
07-28 22:09:50.396  4897  4897 I Telephony:  alwaysAllowWhileRoaming: false
07-28 22:09:50.396  4897  4897 I Telephony:  isRoaming: false
07-28 22:09:50.396  4897  4897 I Telephony:  isOnWfc: false
07-28 22:09:50.396  4897  4897 D Telephony: x0: buildPstnPhoneAccount, phoneId: 0, mIsVideoCapable: false, 
07-28 22:09:50.396  4897  4897 D OplusSesImsManagerExt: feature:0, phoneId:0
07-28 22:09:50.396  4897  4897 D OplusSesImsManagerExt: getSubIdUsingPhoneId:1, phoneId:0
07-28 22:09:50.396  4897  4897 D OplusSesImsManagerExt: isEntitlementEnabled:false
07-28 22:09:50.396  4897  4897 D OplusSesImsManagerExt: isFeatureProvisionedOnDevice not enabled
07-28 22:09:50.396  4897  4897 D Telephony: registerPstnPhoneAccount mIsVideoCapable = false
07-28 22:09:50.396  4897  4897 W libc    : Access denied finding property "persist.vendor.mtk_uce_support"
07-28 22:09:50.396  4897  4897 I Telephony: isCarrierVideoPresenceSupported, false, false, false, false
07-28 22:09:50.396 13135 13135 W libc    : Access denied finding property "persist.vendor.sys.activitylog"
07-28 22:09:50.396  3468  4150 W BestClock: java.time.DateTimeException: Missing network time fix
07-28 22:09:50.396 13135 13135 I OneTrace: Mark active for pid=13135? true
07-28 22:09:50.396 13135 13135 D cutils-dev: otrace_set_tracing_enabled? true tag:0
07-28 22:09:50.397 13135 13135 D cutils-dev: properties changed in otrace_seq_number_changed!
07-28 22:09:50.397  4897  4897 I Telephony: reRegisterPstnPhoneAccount: subId: 1 - no change
07-28 22:09:50.397  4827  6003 I SystemUi--Statusbar: OplusMobileConnectionRepository1-->onImsStatusChanged model: CapabilityTypeModel(isVolteSwitchOn=true, isWfcEnabledByUser=true, imsRegistered=false, voiceCapable=false, videoCapable=false, registerTech=-1, isCrossSimCallingEnabledByUser=false, hasHideVolteOperator=false)
07-28 22:09:50.397  4897  4897 D ImsResolver: oldSubId: 1, newSubId: 1
07-28 22:09:50.397  4897  4897 D ImsResolver: oldSubId: -1, newSubId: -1
07-28 22:09:50.397  3468  4372 W BestClock: java.time.DateTimeException: Missing network time fix
07-28 22:09:50.397  4897  4897 D InternationalRoamingNotification: init
07-28 22:09:50.397  5180  5332 D VirtualCommService2: isSupport. true, true
07-28 22:09:50.398  4897  4897 D OplusVirtualCommUtils: isVirtualCommSupport, vRet: true
07-28 22:09:50.398  3468  5873 D ActivityTaskManagerServiceExtImpl: preBindApplication record is null
07-28 22:09:50.398  3468  5873 D RGBNormalizeServer: OplusRGBNormalize feature enabled ? true
07-28 22:09:50.398  4827  5633 V OplusCustomizeCacheManager: queryCache name: sys.cache.common_customize_cache18014 param: null
07-28 22:09:50.398  3468  5873 D ResourcesManagerCache: For package com.oplus.wirelesssettings we got cacheList [null] appInfoExt is null ? false hasFeature ? false
07-28 22:09:50.398  3468  5873 D VRR [OPlusExternalRefreshRateManager]: isPkgTfcEnable: pkgName = com.oplus.wirelesssettings, enable = false
07-28 22:09:50.398  4897  4897 I OplusVirtualCommUtils: getVirtualCommDeviceType, vRet: 1
07-28 22:09:50.398  4897  4897 I OplusVirtualCommUtils: isConsumerDeviceType, deviceType: 1
07-28 22:09:50.398  4827  5633 V OplusCustomizeCacheManager: queryCache name: sys.cache.common_customize_cache18017 param: Bundle[{SETTING=BLOCK, BUSINESS=NCT-DATA}]
07-28 22:09:50.398  3468  5873 D VRR [OPlusExternalRefreshRateManager]: getTfcMinFramerate: pkgName = com.oplus.wirelesssettings, min framerate = 0
07-28 22:09:50.398  4827  5633 V OplusCustomizeCacheManager: queryCache name: sys.cache.common_customize_cache18013 param: null
07-28 22:09:50.398  4897  4897 D InternationalRoamingNotification: do not createRoamingNotification for invalid Network
07-28 22:09:50.398  4897  4897 V OplusCustomizeCacheManager: queryCache name: sys.cache.common_customize_cache18016 param: null
07-28 22:09:50.398  4897  4897 V OplusCustomizeCacheManager: queryCache name: sys.cache.common_customize_cache18013 param: null
07-28 22:09:50.398  4897  4897 V OplusCustomizeCacheManager: queryCache name: sys.cache.common_customize_cache18014 param: null
07-28 22:09:50.399  4897  4897 V OplusCustomizeCacheManager: queryCache name: sys.cache.common_customize_cache18017 param: Bundle[{SETTING=BLOCK, BUSINESS=NCT-DATA}]
07-28 22:09:50.399  4897  4897 V SimultaneousCallingTracker: Received EVENT 101
07-28 22:09:50.399  4897  4897 V SimultaneousCallingTracker: generateVoiceCapablePhoneMapBasedOnUserAssociation: adding phoneId = 0
07-28 22:09:50.399  4897  4897 I SimultaneousCallingTracker: updatePhoneMapAndSimultaneousCallSupportMap: mVoiceCapablePhoneMap.size = 1
07-28 22:09:50.399  4897  4897 V SimultaneousCallingTracker: registerForImsRegistrationChanges: registering phoneId = 0
07-28 22:09:50.399  4897  4897 V SimultaneousCallingTracker: generateSimultaneousCallSupportMap: returning simultaneousCallSubSupportMap = Phone ID=0 - Simultaneous calling compatible phone IDs=[]; 
07-28 22:09:50.399  4897  4897 V SimultaneousCallingTracker: handleSimultaneousCallingSupportChanged
07-28 22:09:50.399 13135 13135 D OplusActivityManager: get AMS extension: android.os.BinderProxy@d881eec
07-28 22:09:50.399  3468  5873 W ContentService: Observer is already registered. Pid is 4897
07-28 22:09:50.400 13135 13135 D CompactWindowAppManager: initCompactApplicationInfo CompactMode: , NormalMode: 
07-28 22:09:50.401 13135 13135 D OplusScrollToTopManager: setIsInWhiteList false
07-28 22:09:50.401 13135 13135 D OplusViewDebugManager: OplusViewDebugManager Constructor android.view.debug.OplusViewDebugManager@ca2bd4a [mHasViewDebugProperty true] [mHasMsgDebugProperty false] [DEBUG false] [EXTRAINFOENABLE false] [LIGHT_OS false]
07-28 22:09:50.402  4827  5032 I SystemUi--QuickSettings: Tile.OplusCellularTile-->updateCarrierText: dialog not showing, ignore
07-28 22:09:50.402 13135 13135 D CompatChangeReporter: Compat change id reported: 242716250; UID 1000; state: ENABLED
07-28 22:09:50.402  4827  5032 D SimStateHelper: slot:0, lock state:Bundle[mParcelledData.dataSize=56]
07-28 22:09:50.402  4827  5032 D SimStateHelper: slot:1, lock state:Bundle[mParcelledData.dataSize=56]
07-28 22:09:50.402  4827  5032 D SimStateHelper: needDisableMenu: slot1State=-1; slot2State=-1
07-28 22:09:50.402  4827  5032 D SimStateHelper: needDisableMenu:false
07-28 22:09:50.402  4827  4827 I KeyguardUpdateMonitor: refreshSimState, changed:false,subId:1,slotId:0,state:5
07-28 22:09:50.402  4827  5032 I SystemUi--QuickSettings: Tile.OplusCellularTile-->updateCarrierText: dialog not showing, ignore
07-28 22:09:50.402  4827  5032 D SimStateHelper: slot:0, lock state:Bundle[mParcelledData.dataSize=56]
07-28 22:09:50.402  4827  5032 D SimStateHelper: slot:1, lock state:Bundle[mParcelledData.dataSize=56]
07-28 22:09:50.402  4827  5032 D SimStateHelper: needDisableMenu: slot1State=-1; slot2State=-1
07-28 22:09:50.402  4827  5032 D SimStateHelper: needDisableMenu:false
07-28 22:09:50.403 13135 13135 W libc    : Access denied finding property "ro.odm.prev.product.name"
07-28 22:09:50.404 13135 13135 W ziparchive: Unable to open '/system_ext/framework/nfcvendorlib.dm': No such file or directory
07-28 22:09:50.404 13135 13135 W ziparchive: Unable to open '/system_ext/framework/nfcvendorlib.dm': No such file or directory
07-28 22:09:50.405 13135 13135 D nativeloader: Configuring clns-shared-7 for other apk /system_ext/framework/nfcvendorlib.jar. target_sdk_version=34, uses_libraries=ALL, library_path=/system_ext/priv-app/WirelessSettings/lib/arm64:/system_ext/priv-app/WirelessSettings/WirelessSettings.apk!/lib/arm64-v8a:/system/lib64:/system_ext/lib64, permitted_path=/data:/mnt/expand:/data/user_de/0/com.oplus.wirelesssettings:/system_ext/priv-app/WirelessSettings:/system/lib64:/system_ext/lib64
07-28 22:09:50.405 13135 13135 D nativeloader: Extending system_exposed_libraries: libbinauralrenderer_wrapper.qti.so:libhoaeffects.qti.so:libSloganJni.oplus.so:libsuperNight.oplus.so:libAPSClient-cmd-jni-extension.oplus.so:libsatellite_audio_jni.oplus.so:libortc_so.oplus.so:libsoundtouch.oplus.so:libsoundtouch_jni.oplus.so:libOplusStringJNI-extension.oplus.so:libsatellite_ostx_jni.oplus.so:libapssuspend-jni.oplus.so:libupdateprof.qti.so:libthermalclient.qti.so:libqape.qti.so:libqesdk_ndk_platform.qti.so:liblistenjni.qti.so
07-28 22:09:50.406 13135 13135 D ApplicationLoaders: Returning zygote-cached class loader: /system_ext/framework/androidx.window.extensions.jar
07-28 22:09:50.406 13135 13135 D ApplicationLoaders: Returning zygote-cached class loader: /system_ext/framework/androidx.window.sidecar.jar
07-28 22:09:50.408 13135 13135 D nativeloader: Configuring clns-shared-8 for other apk /system_ext/priv-app/WirelessSettings/WirelessSettings.apk. target_sdk_version=34, uses_libraries=, library_path=/system_ext/priv-app/WirelessSettings/lib/arm64:/system_ext/priv-app/WirelessSettings/WirelessSettings.apk!/lib/arm64-v8a:/system/lib64:/system_ext/lib64, permitted_path=/data:/mnt/expand:/data/user_de/0/com.oplus.wirelesssettings:/system_ext/priv-app/WirelessSettings:/system/lib64:/system_ext/lib64
07-28 22:09:50.410 13135 13135 V GraphicsEnvironment: Currently set values for:
07-28 22:09:50.410 13135 13135 V GraphicsEnvironment:   angle_gl_driver_selection_pkgs=[]
07-28 22:09:50.411 13135 13135 V GraphicsEnvironment:   angle_gl_driver_selection_values=[]
07-28 22:09:50.411 13135 13135 V GraphicsEnvironment: Global.Settings values are invalid: number of packages: 0, number of values: 0
07-28 22:09:50.412 13135 13135 D WS_OplusWirelessSettingsApp: onCreate, OplusWirelessSettingsApp
07-28 22:09:50.412 13135 13135 D LogUtils: initWirelessLog sIsQeAssert=false,sIsWifiOrBtLog=false
07-28 22:09:50.414  3468  5873 I ActivityManager: Flag disabled. Ignoring finishAttachApplication from uid: 1000. pid: 13135
07-28 22:09:50.414 13135 13135 E ANDR-PERF-CLIENT-SYS: death recipent object is fine
07-28 22:09:50.414 13135 13135 W ttings:tzupdate: AIBinder_linkToDeath is being called with a non-null cookie and no onUnlink callback set. This might not be intended. AIBinder_DeathRecipient_setOnUnlinked should be called first.
07-28 22:09:50.415  3468  4150 W OplusSelfProtectManager: pkg[com.oplus.wirelesssettings] not in policy list
07-28 22:09:50.417  3468  4150 D ActivityManager: Async freezing 13135 com.oplus.wirelesssettings:tzupdate
07-28 22:09:50.419  4662  7168 W SQLiteLog: (28) double-quoted string literal: "timezone_tzdata_v2_files"
07-28 22:09:50.421  3468  4150 W BestClock: java.time.DateTimeException: Missing network time fix
07-28 22:09:50.421  3468  4150 W BestClock: java.time.DateTimeException: Missing network time fix
07-28 22:09:50.421  3468  4150 W BestClock: java.time.DateTimeException: Missing network time fix
07-28 22:09:50.429  1938  1946 E PerformanceService: storage_feature: open /sys/devices/platform/soc/112b0000.ufshci//virtualtlcbuff fail
07-28 22:09:50.496  4897  4897 V OplusCustomizeCacheManager: queryCache name: sys.cache.common_customize_cache18016 param: null
07-28 22:09:50.496  4897  4897 V OplusCustomizeCacheManager: queryCache name: sys.cache.common_customize_cache18013 param: null
07-28 22:09:50.496  4897  4897 V OplusCustomizeCacheManager: queryCache name: sys.cache.common_customize_cache18014 param: null
07-28 22:09:50.496  4897  4897 V OplusCustomizeCacheManager: queryCache name: sys.cache.common_customize_cache18017 param: Bundle[{SETTING=BLOCK, BUSINESS=NCT-DATA}]
07-28 22:09:50.498  4897  4897 V OplusCustomizeCacheManager: queryCache name: sys.cache.common_customize_cache18016 param: null
07-28 22:09:50.498  4897  4897 V OplusCustomizeCacheManager: queryCache name: sys.cache.common_customize_cache18013 param: null
07-28 22:09:50.498  4897  4897 V OplusCustomizeCacheManager: queryCache name: sys.cache.common_customize_cache18014 param: null
07-28 22:09:50.498  4897  4897 V OplusCustomizeCacheManager: queryCache name: sys.cache.common_customize_cache18017 param: Bundle[{SETTING=BLOCK, BUSINESS=NCT-DATA}]
07-28 22:09:50.499  1934  1934 D SensorFeature: name=ssc_screenshot_info ,index = 22
07-28 22:09:50.499  1934  1934 D SensorFeature: write 29 bytes:59340809091,59349142424,163,0
07-28 22:09:50.526  4827  4827 D RowAnimatorExtImpl: end:view:StatusBarIconView(slot='volume' alpha=1.0 icon=StatusBarIcon(icon=Icon(typ=RESOURCE pkg=com.android.systemui id=0x7f0818f0) visible user=0 ) visibleState=ICON iconColor=#ccffffff staticDrawableColor=#ccffffff decorColor=#ffffffff animationStartColor=#0 currentSetColor=#ccffffff notification=null),tx
07-28 22:09:50.526  4827  4827 D RowAnimatorExtImpl: end:view:StatusBarIconView(slot='zen' alpha=1.0 icon=StatusBarIcon(icon=Icon(typ=RESOURCE pkg=com.android.systemui id=0x7f0818e1) visible user=0 ) visibleState=ICON iconColor=#ccffffff staticDrawableColor=#ccffffff decorColor=#ffffffff animationStartColor=#0 currentSetColor=#ccffffff notification=null),tx
07-28 22:09:50.526  4827  4827 D RowAnimatorExtImpl: end:view:StatusBarIconView(slot='volume' alpha=1.0 icon=StatusBarIcon(icon=Icon(typ=RESOURCE pkg=com.android.systemui id=0x7f0818f0) visible user=0 ) visibleState=ICON iconColor=#ccffffff staticDrawableColor=#ccffffff decorColor=#ffffffff animationStartColor=#0 currentSetColor=#ccffffff notification=null),tx
07-28 22:09:50.526  4827  4827 D RowAnimatorExtImpl: end:view:StatusBarIconView(slot='zen' alpha=1.0 icon=StatusBarIcon(icon=Icon(typ=RESOURCE pkg=com.android.systemui id=0x7f0818e1) visible user=0 ) visibleState=ICON iconColor=#ccffffff staticDrawableColor=#ccffffff decorColor=#ffffffff animationStartColor=#0 currentSetColor=#ccffffff notification=null),tx
07-28 22:09:50.526  4827  4827 D RowAnimatorExtImpl: end:view:StatusBarIconView(slot='volume' alpha=1.0 icon=StatusBarIcon(icon=Icon(typ=RESOURCE pkg=com.android.systemui id=0x7f0818f0) visible user=0 ) visibleState=ICON iconColor=#ccffffff staticDrawableColor=#ccffffff decorColor=#ffffffff animationStartColor=#0 currentSetColor=#ccffffff notification=null),tx
07-28 22:09:50.526  4827  4827 D RowAnimatorExtImpl: end:view:StatusBarIconView(slot='zen' alpha=1.0 icon=StatusBarIcon(icon=Icon(typ=RESOURCE pkg=com.android.systemui id=0x7f0818e1) visible user=0 ) visibleState=ICON iconColor=#ccffffff staticDrawableColor=#ccffffff decorColor=#ffffffff animationStartColor=#0 currentSetColor=#ccffffff notification=null),tx
07-28 22:09:50.538  1804  4383 I sensors-hal: handle_oplus_wise_rgb_event:189, high_pwm_light:lux 276.6,cct 3631.9,brl/algo/ir 1444.0/2.0/16.4,pwm/dc 0.0/0.0,rgbc 21227.042969/13408.006836/6159.060547/39458.031250,ts 59324324474,cnt 830,flag 163
07-28 22:09:50.540  1856  4374 I Dpps    : LtmSwState::SetParameter():144 ignore cmd 7 in state LtmOffState
07-28 22:09:50.725  4827  4827 I SystemUi--QuickSettings: TemporarilyInfoManager-->[animateShow] com.oplus.systemui.qs.base.temporarilyinfo.TemporarilyInfoManager$createViewToParent$1{356c87d VFED..C.. ........ 0,0-1080,228 #7f0a0cb6 app:id/temporarily_info_view alpha=1.0 viewInfo = } end
07-28 22:09:50.725  4827  4827 I SystemUi--QuickSettings: TemporarilyInfoManager-->[trigger] start from showElementAfterShowFully
07-28 22:09:50.773  1934  1934 D SensorFeature: name=ssc_screenshot_info ,index = 22
07-28 22:09:50.773  1934  1934 D SensorFeature: write 29 bytes:59614983987,59623317320,164,0
07-28 22:09:50.804  1856  4374 I Dpps    : LtmSwState::SetParameter():144 ignore cmd 7 in state LtmOffState
07-28 22:09:50.841  4827  4827 D JankUtils: gfxSceneEnd; scene: 7
07-28 22:09:50.841  4827  4827 I SystemUi--Common: NotificationShadeDepthC-->sceneFlag: 0x001, isStart = false, Current sceneFlags: 0x000
07-28 22:09:50.841  4827  4827 D NavigationBar: restrainNavigationBarInvertColor: false
07-28 22:09:50.841  4827  5008 D RegionSamplingHelper =:    mCompositionSamplingListener.register
07-28 22:09:50.841  2126  2405 D SurfaceFlinger: addRegionSamplingListener pid: 4827, Area: [0, 2328, 1080, 2376]
07-28 22:09:50.941  1950  2009 D BatteryChargeControl: bcc get no support from charging protocol
07-28 22:09:51.044  1856  2137 I SDM     : DisplayBase::CommitThread: Received idle timeout, panel: cmd, timeout: 69999 us
07-28 22:09:51.087  1950  7178 D charge_time: type=sdp,reserve_soc=2,soc=41,ui_soc=44,current=197,avg=195,not_chg_cnt=0,stable_cnt=7,fcc=5724,fcc_ratio=94,delta=44,debug=0,region=17,ttf=28681(07:58:01),ui_ttf=23091(06:24:51)
07-28 22:09:51.119  1856  2137 I SDM     : DisplayBase::CommitThread: Received idle timeout, panel: cmd, timeout: 69999 us
07-28 22:09:51.123  1934  1934 D SensorFeature: name=ssc_screenshot_info ,index = 22
07-28 22:09:51.123  1934  1934 D SensorFeature: write 29 bytes:59922876851,59973068257,165,0
07-28 22:09:51.124  1804  4383 I sensors-hal: handle_oplus_wise_rgb_event:189, high_pwm_light:lux 275.1,cct 3638.4,brl/algo/ir 1444.0/2.0/17.3,pwm/dc 0.0/0.0,rgbc 21217.529297/13403.400391/6151.361328/39447.996094,ts 59888306193,cnt 840,flag 131072
07-28 22:09:51.126  1856  4374 I Dpps    : LtmSwState::SetParameter():144 ignore cmd 7 in state LtmOffState
07-28 22:09:51.152  3468  3468 D OplusWifiBroadCastDispatcher: mBroadcastReceiver: onReceiver  action=android.intent.action.BATTERY_LEVEL_CHANGED
07-28 22:09:51.152  3468  4545 D OplusWifiPowerService: onReceive action:android.intent.action.BATTERY_LEVEL_CHANGED
07-28 22:09:51.152  3468  4398 W OplusStorageManagerFeature: mScreenReceiver action:android.intent.action.BATTERY_LEVEL_CHANGED
07-28 22:09:51.152  3468  4398 I OplusStorageManagerFeature: TmemoryBetterySwitch: level=44 state=0
07-28 22:09:51.152  3468  4398 I OplusStorageManagerFeature: TmemoryBetterySwitch: action=0 state=2
07-28 22:09:51.152  3468  4398 W OplusStorageManagerFeature: Ready to deal actionParam:0
07-28 22:09:51.153  3468  3740 D ActivityManager: sync unfroze 9879 com.android.settings for 3
07-28 22:09:51.153  3468  3740 D ActivityManager: Async freezing 9879 com.android.settings
07-28 22:09:51.153  3468  3740 D ActivityManager: Cancel freezing 9879 com.android.settings
07-28 22:09:51.153  3468  3740 D ActivityManager: Async freezing 9879 com.android.settings
07-28 22:09:51.154  3468  3740 D ActivityManager: Cancel freezing 9879 com.android.settings
07-28 22:09:51.154  9879  9879 D BatteryUsageBroadcastReceiver: onReceive:android.intent.action.BATTERY_LEVEL_CHANGED
07-28 22:09:51.155  9879  9879 D BatteryUsageBroadcastReceiver: fetch data because of event: ACTION_BATTERY_LEVEL_CHANGED
07-28 22:09:51.158  3468  4150 D ActivityManager: Async freezing 9879 com.android.settings
07-28 22:09:51.165  8940  9851 W metis_v2_KnowledgeManager: Fire: isEmergency is true  debugFireMode = false [7f0000011753754950128223607401|p_7401_c418336@1|p_8940_a95834c@0|com.oplus.metis] [base|com.oplus.metis|1.5.5-f48228a]
07-28 22:09:51.166  8940  9851 W metis_v2_OifaceBindUtils: bindTask [7f0000011753754950128223607401|p_7401_c418336@1|p_8940_a95834c@0|com.oplus.metis]
07-28 22:09:51.166  8940  9851 W metis_v2_OifaceBindUtils: call connectOifaceService [7f0000011753754950128223607401|p_7401_c418336@1|p_8940_a95834c@0|com.oplus.metis]
07-28 22:09:51.167  8940  9851 I metis_v2_KnowledgeManager: panta-sugg-Fire: count=1 [7f0000011753754950128223607401|p_7401_c418336@1|p_8940_a95834c@0|com.oplus.metis]
07-28 22:09:51.167  6525  6570 E oiface  : sched_setaffinity failed
07-28 22:09:51.167  6525  6561 E oiface  : directSetTask: get cpuset path failed
07-28 22:09:51.171  8940  9851 I System.out: 'park_precondition_home_02' 
07-28 22:09:51.172  8940  9851 I System.out: 'park_precondition_company_02' 
07-28 22:09:51.172  8940  9851 I System.out: 'UBIQUITOUS_SERVICE#assistant_screen#NOT_AT_HOME_301' 
07-28 22:09:51.172  8940  9851 I System.out: 'UBIQUITOUS_SERVICE#assistant_screen#NOT_AT_OFFICE_401' 
07-28 22:09:51.174  8940  9851 I System.out: 'policy:NEAR_SUBWAY_BUS_STATION_2x4' 
07-28 22:09:51.180  8940  9851 W metis_v2_TimeDurationCompare: [com.oplus.metis#UBIQUITOUS_SERVICE#scene#tips#TipScene_EXIT] 'timestamp' is not literal. [7f0000011753754950128223607401|p_7401_c418336@1|p_8940_a95834c@0|com.oplus.metis]
07-28 22:09:51.181  8940  9851 D SceneIntentPublisher: headAction: pkg is com.oplus.metis and simpleRuleName is UBIQUITOUS_SERVICE#secne#activity_coloros_reminder_tips
07-28 22:09:51.189  8940  9851 D SceneIntentPublisher: headAction: pkg is com.oplus.metis and simpleRuleName is UBIQUITOUS_SERVICE#secne#activity_coloros_reminder_tips
07-28 22:09:51.192  8940  9851 I System.out: 'UBIQUITOUS_SERVICE#assistant_screen#NOT_AT_HOME_301' 
07-28 22:09:51.193  8940  9851 I System.out: 'tempPropertyForGuideStatus' 
07-28 22:09:51.195  8940  9851 D SceneIntentPublisher: headAction: pkg is com.oplus.metis and simpleRuleName is UBIQUITOUS_SERVICE#secne#activity_coloros_reminder_tips
07-28 22:09:51.195  8940  9851 W metis_v2_TimeDurationCompare: [com.oplus.metis#UBIQUITOUS_SERVICE#scene#tips#TipScene_EXIT] 'timestamp' is not literal. [7f0000011753754950128223607401|p_7401_c418336@1|p_8940_a95834c@0|com.oplus.metis]
07-28 22:09:51.203  2126  3444 D VRR [OTI]: handleIdle from 0 to 1
07-28 22:09:51.203  2126  3444 D VRR [OTI-HW]: isStateReady 1
07-28 22:09:51.203  2126  3444 D VRR [RefreshRateDirector]: requestRefreshRateByOti update [ oti-hw, {fps=60, modePtr={id=5, vsyncRate=60.00 Hz, peakRefreshRate=60.00 Hz}} ]
07-28 22:09:51.203  2126  3444 D VRR [RefreshRateDirector]: selectBestFrameRate DirectorMapOti [oti-hw, {fps=60, modePtr={id=5, vsyncRate=60.00 Hz, peakRefreshRate=60.00 Hz}}]
07-28 22:09:51.203  2126  3444 D VRR [RefreshRateDirector]: updateBestFrameRate [oti-hw, {fps=60, modePtr={id=5, vsyncRate=60.00 Hz, peakRefreshRate=60.00 Hz}}]
07-28 22:09:51.203  2126  3444 D SurfaceFlinger: VRR [SurfaceFlinger] setDesiredActiveMode: displayId: 4630946756802996883, renderRate: 60, vsyncRate: 60, event: 1
07-28 22:09:51.203  2126  3444 D DisplayModeController: setDesiredMode 4630946756802996883 {mode={fps=60.00 Hz, modePtr={id=5, vsyncRate=60.00 Hz, peakRefreshRate=60.00 Hz}}, emitEvent=true, force=false}
07-28 22:09:51.204  2126  2126 I DisplayModeController: hwc begin mode change to 16666666
07-28 22:09:51.204  2126  2126 I HWC2    : [0] setActiveConfigWithConstraints[5]
07-28 22:09:51.204  1856  3389 W SDM     : HWDeviceDRM::GetSupportedBitClkRate: Requested rate not supported: 1363200000
07-28 22:09:51.204  1856  3389 I SDM     : HWDeviceDRM::UpdateMixerAttributes: Mixer WxH 1440x3168-1 for Peripheral
07-28 22:09:51.204  1856  3389 I CwbService: CwbService::notifyConfigChange: display:0, config:5 size:4, sec.size():0
07-28 22:09:51.204  1856  3389 I CwbService: CwbService::notifyConfigChange: display: 0, config = 1
07-28 22:09:51.204  1856  3350 I CasManager: Fps changed from 120 to 60
07-28 22:09:51.204  1856  3350 I CasManager: Fps changed, not change bin, so trigger gain
07-28 22:09:51.204  1856  3350 W SDM     : DemuraIntfImpl::ProcessOemPluginGain: Thermal intf_ is nullptr 0, default to 25 degree
07-28 22:09:51.204  1856  3350 I SDM     : CasQcPlugIn::ProcessPerCompGainOppo: input params, mode:PWM, fps:60, dbv:1444
07-28 22:09:51.204  1856  3350 I SDM     : CasQcPlugIn::ProcessPerCompGainOppo: normalized bright_adj:1024, dbv:1444, bin_dbv:1083, 
07-28 22:09:51.204  1856  3350 I SDM     : CasQcPlugIn::ProcessPerCompGainOppo: gains print start =====================
07-28 22:09:51.204  1856  3350 I SDM     : CasQcPlugIn::ProcessPerCompGainOppo: gain --------------------------------
07-28 22:09:51.204  1856  3350 I SDM     : CasQcPlugIn::ProcessPerCompGainOppo: old: 0 0 0 57 90 322 1201 3072
07-28 22:09:51.204  1856  3350 I SDM     : CasQcPlugIn::ProcessPerCompGainOppo: new: 0 0 0 31 77 278 1037 3072
07-28 22:09:51.204  1856  3350 I SDM     : CasQcPlugIn::ProcessPerCompGainOppo: gain --------------------------------
07-28 22:09:51.204  1856  3350 I SDM     : CasQcPlugIn::ProcessPerCompGainOppo: old: 0 0 0 64 125 373 1336 3072
07-28 22:09:51.204  1856  3350 I SDM     : CasQcPlugIn::ProcessPerCompGainOppo: new: 0 0 0 34 99 373 1336 3072
07-28 22:09:51.204  1856  3350 I SDM     : CasQcPlugIn::ProcessPerCompGainOppo: gain --------------------------------
07-28 22:09:51.204  1856  3350 I SDM     : CasQcPlugIn::ProcessPerCompGainOppo: old: 0 0 0 42 83 323 1222 3072
07-28 22:09:51.204  1856  3350 I SDM     : CasQcPlugIn::ProcessPerCompGainOppo: new: 0 0 0 22 83 323 1222 3072
07-28 22:09:51.204  1856  3350 I SDM     : CasQcPlugIn::ProcessPerCompGainOppo: gains print end =======================
07-28 22:09:51.205  8940  9665 I ContextAware_GetInstalledAppsInfo: Update cache [base|com.oplus.metis|1.5.5-f48228a]
07-28 22:09:51.207  1856  3350 I SDM     : DemuraIntfImpl::StageAllData: Staged all data to Demura Driver!
07-28 22:09:51.207  1856  3350 I SDM     : HWPeripheralDRM::SetPanelFeature: Set Panel feature property 19
07-28 22:09:51.207  1856  3350 I SDM     : HWPeripheralDRM::SetPanelFeature: Set Panel feature property 7
07-28 22:09:51.207  1856  3350 I SDM     : DisplayBuiltIn::TriggerDemuraOemPlugIn: Trigger demura oem plugin success
07-28 22:09:51.208  1856  2137 I SDM     : DRMPanelFeatureMgr::ApplyDirtyFeature: Commited panel feature [enabled]: 20-272
07-28 22:09:51.208  1856  2137 I SDM     : DRMPanelFeatureMgr::ApplyDirtyFeature: Commited panel feature [enabled]: 8-271
07-28 22:09:51.209  8940  9851 I System.out: 'UBIQUITOUS_SERVICE#assistant_screen#NOT_AT_OFFICE_401' 
07-28 22:09:51.210  8940  9851 I metis_v2_KnowledgeManager: panta-sugg-Fire takes 42 milliseconds. [7f0000011753754950128223607401|p_7401_c418336@1|p_8940_a95834c@0|com.oplus.metis]
07-28 22:09:51.210  8940  9851 I ContextAware_PantanalIntentManager: intent (id-14111004+policyName-CLEAN_STORAGE) is not found in scene_intent_config [7f0000011753754950128223607401|p_7401_c418336@1|p_8940_a95834c@0|com.oplus.metis]
07-28 22:09:51.210  8940  9851 I metis_v2_SceneTravelingAdapter: recallTravellingIntent: [] [7f0000011753754950128223607401|p_7401_c418336@1|p_8940_a95834c@0|com.oplus.metis]
07-28 22:09:51.210  8940  9851 I ContextAware_ContextAware_SceneIntentManager: mLastIntentDataSet: [] [7f0000011753754950128223607401|p_7401_c418336@1|p_8940_a95834c@0|com.oplus.metis]
07-28 22:09:51.210  8940  9851 I ContextAware_ContextAware_SceneIntentManager: intentList: [IntentDataDTO(intent=IntentDTO=[sceneId=220500200, intentId=14111005, isExited=false, source=0, ownerId=com.oplus.metis, action=14111005, policyName=SUBSTITUTE_SCENE, serviceId=, sendExitedIntent=true, repeatable=false, sceneScore=-1.0, position=right, level=2, type=1, serviceInstanceId=null, isSupportMultiInstance=false, settingsPreference=null], items=[]), IntentDataDTO(intent=IntentDTO=[sceneId=210000000, intentId=12121002, isExited=true, source=0, ownerId=com.oplus.metis, action=12121002, policyName=TAKEOUT_ORDER_STATUS_CHANGE, serviceId=, sendExitedIntent=false, repeatable=false, sceneScore=-1.0, position=left, level=1, type=1, serviceInstanceId=null, isSupportMultiInstance=false, settingsPreference=null], items=[]), IntentDataDTO(intent=IntentDTO=[sceneId=null, intentId=14111004, isExited=true, source=0, ownerId=com.oplus.metis, action=14111004, policyName=CLEAN_STORAGE, serviceId=, sendExitedIntent=false, repeatable=false, sceneScore=-1.0, position=null, level=0, type=1, serviceInstanceId=null, isSupportMultiInstance=false, settingsPreference=null], items=[]), IntentDataDTO(intent=IntentDTO=[sceneId=null, intentId=12121002, isExited=true, source=0, ownerId=com.oplus.metis, action=12121002, policyName=TAKEOUT_ORDER_STATUS_CHANGE, serviceId=, sendExitedIntent=false, repeatable=false, sceneScore=-1.0, position=null, level=0, type=1, serviceInstanceId=null, isSupportMultiInstance=false, settingsPreference=null], items=[])] [7f0000011753754950128223607401|p_7401_c418336@1|p_8940_a95834c@0|com.oplus.metis]
07-28 22:09:51.210  8940  9851 I ContextAware_ContextAware_SceneIntentManager: missedIntent: [] [7f0000011753754950128223607401|p_7401_c418336@1|p_8940_a95834c@0|com.oplus.metis]
07-28 22:09:51.210  8940  9851 I metis_v2_SceneIntentManager: panta-sugg-Published intents: [7f0000011753754950128223607401|p_7401_c418336@1|p_8940_a95834c@0|com.oplus.metis]
07-28 22:09:51.210  8940  9851 I metis_v2_SceneIntentManager: panta-sugg-IntentDataDTO(intent=IntentDTO=[sceneId=220500200, intentId=14111005, isExited=false, source=0, ownerId=com.oplus.metis, action=14111005, policyName=SUBSTITUTE_SCENE, serviceId=, sendExitedIntent=true, repeatable=false, sceneScore=-1.0, position=right, level=2, type=1, serviceInstanceId=null, isSupportMultiInstance=false, settingsPreference=null], items=[]) [7f0000011753754950128223607401|p_7401_c418336@1|p_8940_a95834c@0|com.oplus.metis]
07-28 22:09:51.210  8940  9851 I metis_v2_SceneIntentManager: panta-sugg-IntentDataDTO(intent=IntentDTO=[sceneId=210000000, intentId=12121002, isExited=true, source=0, ownerId=com.oplus.metis, action=12121002, policyName=TAKEOUT_ORDER_STATUS_CHANGE, serviceId=, sendExitedIntent=false, repeatable=false, sceneScore=-1.0, position=left, level=1, type=1, serviceInstanceId=null, isSupportMultiInstance=false, settingsPreference=null], items=[]) [7f0000011753754950128223607401|p_7401_c418336@1|p_8940_a95834c@0|com.oplus.metis]
07-28 22:09:51.210  8940  9851 I metis_v2_SceneIntentManager: panta-sugg-IntentDataDTO(intent=IntentDTO=[sceneId=null, intentId=14111004, isExited=true, source=0, ownerId=com.oplus.metis, action=14111004, policyName=CLEAN_STORAGE, serviceId=, sendExitedIntent=false, repeatable=false, sceneScore=-1.0, position=null, level=0, type=1, serviceInstanceId=null, isSupportMultiInstance=false, settingsPreference=null], items=[]) [7f0000011753754950128223607401|p_7401_c418336@1|p_8940_a95834c@0|com.oplus.metis]
07-28 22:09:51.210  8940  9851 I metis_v2_SceneIntentManager: panta-sugg-IntentDataDTO(intent=IntentDTO=[sceneId=null, intentId=12121002, isExited=true, source=0, ownerId=com.oplus.metis, action=12121002, policyName=TAKEOUT_ORDER_STATUS_CHANGE, serviceId=, sendExitedIntent=false, repeatable=false, sceneScore=-1.0, position=null, level=0, type=1, serviceInstanceId=null, isSupportMultiInstance=false, settingsPreference=null], items=[]) [7f0000011753754950128223607401|p_7401_c418336@1|p_8940_a95834c@0|com.oplus.metis]
07-28 22:09:51.211  8940  9851 I ContextAware_MetisStatistics: uploadMetisIntentData enter {intent_source=0, intent_action=14111005, exit_type=, rule_name=UBIQUITOUS_SERVICE#secne#activity_coloros_reminder_tips, service_id=, scene_id=220500200, policy_name=SUBSTITUTE_SCENE, is_exited=false, intent_id=14111005, timestamp=1753754991211} [7f0000011753754950128223607401|p_7401_c418336@1|p_8940_a95834c@0|com.oplus.metis]
07-28 22:09:51.211  8940  9851 I ContextAware_PantanalIntentManager: getCloudIntentConfig [7f0000011753754950128223607401|p_7401_c418336@1|p_8940_a95834c@0|com.oplus.metis]
07-28 22:09:51.215  2126  2126 D VRR-[OPlusRefreshRateSelector]: setCurrentModeId 5 type SM
07-28 22:09:51.215  2126  3444 D VRR [OTI-HW]: isStateReady 1
07-28 22:09:51.215  2126  3444 D VRR [OTI-HW]: keep rate.
