07-30 01:17:24.264  4959  4959 I PhoneGlobals: handleAirplaneModeChange: isAirplaneNewlyOn=false
07-30 01:17:24.264  4959  4959 D PhoneGlobals: handleAirplaneModeChange: isAirplaneNewlyOn = false, cellState = 2
07-30 01:17:24.264  5032  5629 D NAS-CallIssueDetector: EVENT_SIM_STATE_CHANGE mSimState[0] LOADED
07-30 01:17:24.264  4959  4959 I PhoneGlobals: Turning radio on - airplane
07-30 01:17:24.264  5032  5629 D SceneEvent: registerSensorMgr start
07-30 01:17:24.265  5032  6345 I PCDR-common_no_service[0]: forbidden
07-30 01:17:24.265  5032  6345 I PCDR-common_no_45g[0]: forbidden
07-30 01:17:24.265  5032  6345 I PCDR-common_no_service[1]: forbidden
07-30 01:17:24.265  5032  6345 I PCDR-common_no_45g[1]: forbidden
07-30 01:17:24.265  3498  4629 D OplusWifiSwitchStateMonitor: mWifiSettingsValue:0
07-30 01:17:24.265  3498  4629 D OplusWifiSwitchStateMonitor: notify scan state: true
07-30 01:17:24.265  4875  5762 I SystemUi--QuickSettings: Tile.OplusAirplaneModeTile-->handleUpdateState state.state: 2 value: 0
07-30 01:17:24.265  4875  5762 V OplusCustomizeCacheManager: queryCache name: sys.cache.common_customize_cache18026 param: null
07-30 01:17:24.266  4875  5762 V OplusCustomizeCacheManager: queryCache name: sys.cache.common_customize_cache11009 param: null
07-30 01:17:24.266  5032  5625 D ResidenceLocSm: onPreHandleMessage 49
07-30 01:17:24.266  5032  5625 D ResidenceLocSm: onPostHandleMessage 49
07-30 01:17:24.266  5076  8794 D txpwrJni: sendRadioStatus start
07-30 01:17:24.266  3498  4628 D OplusWifiPower_ConnLpmEventObsever: AIRPLANE_MODE_ON:false
07-30 01:17:24.267  5250  5250 D SubsysBroadcastManager: onReceive action:android.intent.action.AIRPLANE_MODE
07-30 01:17:24.267  5057  5057 I HidlServiceManagement: Trying to get transport of vendor.oplus.hardware.appradio@1.0::IOplusAppRadio/oplus_app_slot1 without hwservicemanager
07-30 01:17:24.267  5032  5716 D ElevatorEvent: enableElevatorDetect mIsElevSensorReg = false
07-30 01:17:24.267  5032  5716 V SystemSensorManagerExtImpl: RegisterListener elevator_detect  Wakeup type:33171036 delay:200000us by com.oplus.nas.comm.event.ElevatorEvent$a@3121e15 from com.oplus.nas
07-30 01:17:24.267  5250  5250 D NetworkService[0]: onAirPlaneModeChange isAirPlaneModeOn:false
07-30 01:17:24.267  5250  5250 D NetworkService[1]: onAirPlaneModeChange isAirPlaneModeOn:false
07-30 01:17:24.267  5057  5057 E NhsAppRIL/0: in getOplusRadioProxy getService: Exception: java.util.NoSuchElementException
07-30 01:17:24.267  5250  5250 D QuickChangeAirplaneModeEvent: airplane mode off
07-30 01:17:24.267  5250  5250 W Settings: Setting airplane_mode_on has moved from android.provider.Settings.System to android.provider.Settings.Global, returning read-only value.
07-30 01:17:24.267  5250  5250 D RadioMessenger: handleMessage Request msgid 2215
07-30 01:17:24.267  3498  4511 D WifiController: Airplane mode disabled, determine next state
07-30 01:17:24.267  3498  4511 D WifiActiveModeWarden: Starting primary ClientModeManager in scan only mode
07-30 01:17:24.267  3498  4461 D BluetoothSystemServer: AirplaneModeListener: Ignore mode change to same state. previousMode=false, isOn=false, isOnOverrode=false, isMediaConnected=false
07-30 01:17:24.267  3498  4175 D SensorService: createSensorEventConnection packageName = com.oplus.nas.comm.event.ElevatorEvent, opPackageName = com.oplus.nas, mCurrentOperatingMode = 0, requestedMode = 0
07-30 01:17:24.268  5115  5115 I QImsService: OplusWifiApmStateMgr : ACTION_AIRPLANE_MODE_CHANGED,mIsAirplaneModeOn: false
07-30 01:17:24.268  5115  5115 I QImsService: OplusImsServiceSubImpl : onTurnOffImsAfterWifiChanged : false
07-30 01:17:24.268  5115  5115 I QImsService: OplusImsServiceSubImpl : onTurnOffImsAfterWifiChanged : false
07-30 01:17:24.268  5250  5250 D RadioProxyJ: [PHONE0][95]> getNecData moduleId:1 evtId:[0, 16, 0, 0, 0, 0, 0, 0, 0, 0, 0, 0, 0, 0, 0, 0, 0, 0, 0, 0, 0, 0, 0, 0, 0, 0, 0, 0, 0, 0, 0, 0]
07-30 01:17:24.268  3498  4511 D WifiController: DisabledState.exit()
07-30 01:17:24.268  4875  4875 D RowAnimatorExtImpl: init:tx,view:StatusBarIconView(slot='volume' alpha=1.0 icon=StatusBarIcon(icon=Icon(typ=RESOURCE pkg=com.android.systemui id=0x7f0818f0) visible user=0 ) visibleState=ICON iconColor=#ccffffff staticDrawableColor=#ccffffff decorColor=#ffffffff animationStartColor=#0 currentSetColor=#ccffffff notification=null),translationX:  9.0  0.0  
07-30 01:17:24.268  4875  4875 D RowAnimatorExtImpl: init:tx,view:StatusBarIconView(slot='zen' alpha=1.0 icon=StatusBarIcon(icon=Icon(typ=RESOURCE pkg=com.android.systemui id=0x7f0818e1) visible user=0 ) visibleState=ICON iconColor=#ccffffff staticDrawableColor=#ccffffff decorColor=#ffffffff animationStartColor=#0 currentSetColor=#ccffffff notification=null),translationX:  57.0  48.0  
07-30 01:17:24.268  3498  4511 D WifiController: EnabledState.enter()
07-30 01:17:24.269  5057  5057 D NhsElevatorReceiver: enableElevatorDetect mIsElevSensorReg = false
07-30 01:17:24.269  5057  5057 V SystemSensorManagerExtImpl: RegisterListener elevator_detect  Wakeup type:33171036 delay:200000us by t0.g$b@26b1a0f from com.oplus.nhs
07-30 01:17:24.269  4875  4875 D RowAnimatorExtImpl: init:tx,view:StatusBarIconView(slot='volume' alpha=1.0 icon=StatusBarIcon(icon=Icon(typ=RESOURCE pkg=com.android.systemui id=0x7f0818f0) visible user=0 ) visibleState=ICON iconColor=#ccffffff staticDrawableColor=#ccffffff decorColor=#ffffffff animationStartColor=#0 currentSetColor=#ccffffff notification=null),translationX:  9.0  0.0  
07-30 01:17:24.269  3498  4511 D WifiClientModeManager[59082:unknown]: entering IdleState
07-30 01:17:24.269  4875  4875 D RowAnimatorExtImpl: init:tx,view:StatusBarIconView(slot='zen' alpha=1.0 icon=StatusBarIcon(icon=Icon(typ=RESOURCE pkg=com.android.systemui id=0x7f0818e1) visible user=0 ) visibleState=ICON iconColor=#ccffffff staticDrawableColor=#ccffffff decorColor=#ffffffff animationStartColor=#0 currentSetColor=#ccffffff notification=null),translationX:  57.0  48.0  
07-30 01:17:24.269  3498  3542 D SensorService: createSensorEventConnection packageName = t0.g, opPackageName = com.oplus.nhs, mCurrentOperatingMode = 0, requestedMode = 0
07-30 01:17:24.269  3498  4175 W SensorService: SensorEventConnection sensor handle=1362, package = com.oplus.nas.comm.event.ElevatorEvent enable
07-30 01:17:24.269  3498  4175 E SensorService: Required app com.oplus.nas.comm.event.ElevatorEvent, uid 1000, pid 5032
07-30 01:17:24.269  3498  4175 D SensorService: Calling batch handle==1362 flags=0rate=200000000 timeout== 0
07-30 01:17:24.269  4875  4875 D RowAnimatorExtImpl: init:tx,view:StatusBarIconView(slot='volume' alpha=1.0 icon=StatusBarIcon(icon=Icon(typ=RESOURCE pkg=com.android.systemui id=0x7f0818f0) visible user=0 ) visibleState=ICON iconColor=#ccffffff staticDrawableColor=#ccffffff decorColor=#ffffffff animationStartColor=#0 currentSetColor=#ccffffff notification=null),translationX:  9.0  0.0  
07-30 01:17:24.269  4875  4875 D RowAnimatorExtImpl: init:tx,view:StatusBarIconView(slot='zen' alpha=1.0 icon=StatusBarIcon(icon=Icon(typ=RESOURCE pkg=com.android.systemui id=0x7f0818e1) visible user=0 ) visibleState=ICON iconColor=#ccffffff staticDrawableColor=#ccffffff decorColor=#ffffffff animationStartColor=#0 currentSetColor=#ccffffff notification=null),translationX:  57.0  48.0  
07-30 01:17:24.269  3498  4175 D SensorService: SensorDevice::batch: ident=0xb40000792e7e6680, handle=0x00000552, flags=0, period_ns=200000000 timeout=0
07-30 01:17:24.269  3498  4175 D SensorService: 	>>> actuating h/w BATCH 0x00000552 200000000 0
07-30 01:17:24.269  1818  1818 I sensors-hal: batch:153, qti.sensor.elevator_detect/1362, period=200000000, max_latency=0
07-30 01:17:24.269  1818  1818 I sensors-hal: batch:175, qti.sensor.elevator_detect/1362, period=200000000, max_latency=0 request completed
07-30 01:17:24.269  3498  4175 D SensorService: Calling activate on 1362
07-30 01:17:24.269  3498  4175 D SensorService: SensorDevice::activate: ident=0xb40000792e7e6680, handle=0x00000552, enabled=1, count=1
07-30 01:17:24.269  3498  4175 D SensorService: enable index=0
07-30 01:17:24.269  3498  4175 D SensorService: info.numActiveClients() = 1, info.isActive = 0
07-30 01:17:24.269  3498  4175 D SensorService: activateHardware = 1
07-30 01:17:24.269  3498  4175 D SensorService: 	>>> actuating h/w activate handle=1362 enabled=1
07-30 01:17:24.269  1818  1818 I sensors-hal: activate:112, qti.sensor.elevator_detect/1362 en=1
07-30 01:17:24.269  1818  1818 I sensors-hal: acquire_qsh_interface:131, acquire_qsh_interface with sensor_id 28 , conn_type 2 
07-30 01:17:24.269  3498  3542 W SensorService: SensorEventConnection sensor handle=1362, package = t0.g enable
07-30 01:17:24.269  3498  3542 E SensorService: Required app t0.g, uid 1001, pid 5057
07-30 01:17:24.270  4875  5192 I SystemUi--QuickSettings: Tile.OplusCellularTile-->updateCarrierText: dialog not showing, ignore
07-30 01:17:24.270  1791  1882 E minksocket: MinkIPC ERROR: ( 1791:1882 ) MinkIPC_preProcess:272 Client down, but cannot find corresponding minksession
07-30 01:17:24.270  4875  5192 D SimStateHelper: slot:0, lock state:Bundle[mParcelledData.dataSize=56]
07-30 01:17:24.270  4875  5192 D SimStateHelper: slot:1, lock state:Bundle[mParcelledData.dataSize=56]
07-30 01:17:24.270  4875  5192 D SimStateHelper: needDisableMenu: slot1State=-1; slot2State=-1
07-30 01:17:24.270  4875  5192 D SimStateHelper: needDisableMenu:false
07-30 01:17:24.271  1791  1882 E minksocket: MinkIPC ERROR: ( 1791:1882 ) MinkIPC_preProcess:272 Client down, but cannot find corresponding minksession
07-30 01:17:24.271  1791  1899 E minksocket: MinkIPC ERROR: ( 1791:1899 ) MinkIPC_preProcess:272 Client down, but cannot find corresponding minksession
07-30 01:17:24.271  1791  1899 E minksocket: MinkIPC ERROR: ( 1791:1899 ) MinkIPC_preProcess:272 Client down, but cannot find corresponding minksession
07-30 01:17:24.271  1791  1899 E minksocket: MinkIPC ERROR: ( 1791:1899 ) MinkIPC_preProcess:272 Client down, but cannot find corresponding minksession
07-30 01:17:24.271  1791  1882 E minksocket: MinkIPC ERROR: ( 1791:1882 ) MinkIPC_preProcess:272 Client down, but cannot find corresponding minksession
07-30 01:17:24.271  1818  1818 I sensors-hal: qsh_qmi:34, qsh_qmi
07-30 01:17:24.271  1818  1818 I sensors-hal: send_sync_sensor_request:443, send sync request
07-30 01:17:24.271  1818  1818 I sensors-hal: send_sync_sensor_request:472, wait for notification of response
07-30 01:17:24.271  1791  1882 E minksocket: MinkIPC ERROR: ( 1791:1882 ) MinkIPC_preProcess:272 Client down, but cannot find corresponding minksession
07-30 01:17:24.271  1791  1899 E minksocket: MinkIPC ERROR: ( 1791:1899 ) MinkIPC_preProcess:272 Client down, but cannot find corresponding minksession
07-30 01:17:24.272  1818 13189 I sensors-hal: qsh_conn_resp_cb:793, resp_value = 0 for elevator_detect 
07-30 01:17:24.273  1834  8663 W android.hardware.wifi-service: No active wlan interfaces in use! Using default
07-30 01:17:24.272  3426  3480 D QmiVsClient: getNecData - enter
07-30 01:17:24.273  1818  1818 I sensors-hal: send_sync_sensor_request:478, takes 1 ms to receive the response with 0
07-30 01:17:24.273  1818  1818 I sensors-hal: activate:131, qti.sensor.elevator_detect/1362 en=1 completed
07-30 01:17:24.273  3498  4175 D SensorService: 0xb40000792e7e6680 addFd fd=894
07-30 01:17:24.273  3426  3480 E QmiVsClient: sendAsyncRequest QMI_VS_GET_NEC_DATA_REQ_MSG_V01 ret 0
07-30 01:17:24.273  5032  5716 D ElevatorEvent: elevator:registerForElevatorDetect  , true mIsElevSensorReg = true
07-30 01:17:24.273  5032  5716 D SceneEvent: registerSensorMgr start
07-30 01:17:24.273  5032  5716 D SceneEvent: registerSensorMgr already start,return
07-30 01:17:24.273  3498  3542 D SensorService: Calling batch handle==1362 flags=0rate=200000000 timeout== 0
07-30 01:17:24.273  3498  3542 D SensorService: SensorDevice::batch: ident=0xb40000790c69a5c0, handle=0x00000552, flags=0, period_ns=200000000 timeout=0
07-30 01:17:24.273  3498  3542 D SensorService: Calling activate on 1362
07-30 01:17:24.273  3498  3542 D SensorService: SensorDevice::activate: ident=0xb40000790c69a5c0, handle=0x00000552, enabled=1, count=2
07-30 01:17:24.273  3498  3542 D SensorService: enable index=0
07-30 01:17:24.273  3498  3542 D SensorService: info.numActiveClients() = 2, info.isActive = 1
07-30 01:17:24.273  3498  3542 D SensorService: activateHardware = 0
07-30 01:17:24.273  3498  3542 D SensorService: 0xb40000790c69a5c0 addFd fd=902
07-30 01:17:24.273  5057  5057 D NhsElevatorReceiver: elevator:registerForElevatorDetect  , true mIsElevSensorReg = true
07-30 01:17:24.273  5057  5057 D NhsSceneReceiver: registerSensorMgr start
07-30 01:17:24.273  5057  5057 V SystemSensorManagerExtImpl: RegisterListener oplus_activity_recognition  Wakeup type:33171037 delay:200000us by t0.k$a@24da9c from com.oplus.nhs
07-30 01:17:24.274  3498  5208 D SensorService: createSensorEventConnection packageName = t0.k, opPackageName = com.oplus.nhs, mCurrentOperatingMode = 0, requestedMode = 0
07-30 01:17:24.274  3498  3542 W SensorService: SensorEventConnection sensor handle=1372, package = t0.k enable
07-30 01:17:24.274  3498  3542 E SensorService: Required app t0.k, uid 1001, pid 5057
07-30 01:17:24.274  3498  3542 D SensorService: enable sensor send lastEvent 1372
07-30 01:17:24.274  3498  3542 D SensorService: Calling batch handle==1372 flags=0rate=200000000 timeout== 0
07-30 01:17:24.274  3498  3542 D SensorService: SensorDevice::batch: ident=0xb40000790c696500, handle=0x0000055c, flags=0, period_ns=200000000 timeout=0
07-30 01:17:24.274  3498  3542 D SensorService: Calling activate on 1372
07-30 01:17:24.274  3498  3542 D SensorService: SensorDevice::activate: ident=0xb40000790c696500, handle=0x0000055c, enabled=1, count=4
07-30 01:17:24.274  3498  3542 D SensorService: enable index=1
07-30 01:17:24.274  3498  3542 D SensorService: info.numActiveClients() = 4, info.isActive = 1
07-30 01:17:24.274  3498  3542 D SensorService: activateHardware = 0
07-30 01:17:24.274  3498  3542 D SensorService: 0xb40000790c696500 addFd fd=907
07-30 01:17:24.274  5057  5057 D NhsSceneReceiver: sensor name is oplus_activity_recognition  Wakeup, registerState:true
07-30 01:17:24.275  5057  5057 D NhsSceneReceiver: onAccuracyChanged
07-30 01:17:24.275  3498  4511 D OplusWifiConcurrentManager: isConcurrentCombinationAllowed : createMode= 0, requestType =-1
07-30 01:17:24.275  5057  5057 E NhsAppRILMsger: EVENT_REQ_EVENT_DONE Error received :com.android.internal.telephony.CommandException: RADIO_NOT_AVAILABLE
07-30 01:17:24.275  5057  5425 D NhsSceneReceiver: onSensorChanged: name = oplus_activity_recognition  Wakeup
07-30 01:17:24.275  3498  4511 I HalDevMgr: currentModeId=3, requestModeId=3, currentModeIdValid=true
07-30 01:17:24.275  5057  5425 D NhsSceneReceiver: enter still_state
07-30 01:17:24.276  1834  1834 D WifiHAL : wifi_set_interface_mode: ifname=wlan0 iface_type=0
07-30 01:17:24.276  1834  1834 I android.hardware.wifi-service: Adding interface handle for wlan0
07-30 01:17:24.276  1834  1834 I android.hardware.wifi-service: Adding interface handle for wifi-aware0
07-30 01:17:24.276  1834  1834 I android.hardware.wifi-service: Adding interface handle for p2p0
07-30 01:17:24.276  3498  4511 D HalDevMgr: updateRttController: no one is interested in RTT controllers
07-30 01:17:24.276  3498  4511 E HalDevMgr: removeP2pAndSapCombination do nothing: mIsAddedP2pAndSapCombination = false
07-30 01:17:24.277  1834  1834 W android.hardware.wifi-service: AIBinder_linkToDeath is being called with a non-null cookie and no onUnlink callback set. This might not be intended. AIBinder_DeathRecipient_setOnUnlinked should be called first.
07-30 01:17:24.277  1834  1834 I android.hardware.wifi-service: twtRegisterEvents is not supported-3
07-30 01:17:24.277  1834  1834 W android.hardware.wifi-service: AIBinder_linkToDeath is being called with a non-null cookie and no onUnlink callback set. This might not be intended. AIBinder_DeathRecipient_setOnUnlinked should be called first.
07-30 01:17:24.277  1834  1834 D WifiHAL : wifi_get_chip_capabilities: max mlo assoc link cnt: 2 str link cnt 2
07-30 01:17:24.278  3426  3917 D QmiVsClient: getNecData callback - enter
07-30 01:17:24.278  3426  3480 D VsProxy : handleMessage msg is 4001
07-30 01:17:24.278  3426  3480 D RadioProxy: getNecData : response cb for instance 0
07-30 01:17:24.278  3498  4511 D WifiNl80211Manager: Setting up interface for client mode: wlan0
07-30 01:17:24.278  5250  5330 D RadioProxyJ: [PHONE0][95]< getNecDataResponse ******
07-30 01:17:24.278  5250  5250 D MessengerResponseHandler: handleMessage Response msgid 206
07-30 01:17:24.278  2711  2711 I wificond: Current driver country code US
07-30 01:17:24.278  1818  4474 I sensors-hal: handle_oplus_wise_rgb_event:189, high_pwm_light:lux 282.1,cct 3636.5,brl/algo/ir 1438.0/2.0/18.1,pwm/dc 0.0/0.0,rgbc 21867.203125/13659.604492/6326.904785/40469.488281,ts 58839509318,cnt 830,flag 160
07-30 01:17:24.278  3498  5326 D WifiNl80211Manager: OnRegDomainChanged US
07-30 01:17:24.278  2711  2711 I wificond: createClientInterface: wiphy_index 0 iface_name wlan0
07-30 01:17:24.279  3498  5326 D WifiNative: onCountryCodeChanged: US
07-30 01:17:24.279  3498  5326 I WifiCountryCode: Receive onDriverCountryCodeChanged US
07-30 01:17:24.279  2711  2711 I wificond: create scanner for interface with index: 27
07-30 01:17:24.279  2711  2711 I wificond: subscribe scan result for interface with index: 27
07-30 01:17:24.279  1878  4464 I Dpps    : LtmSwState::SetParameter():144 ignore cmd 7 in state LtmOffState
07-30 01:17:24.279  3498  5326 D WifiScanRequestProxy: Sending scan available broadcast: true
07-30 01:17:24.279  3498  4519 I WifiScanningService: Received a request to enable scanning, UID = 1000
07-30 01:17:24.279  3498  5326 I WifiScanRequestProxy: Scanning is enabled
07-30 01:17:24.279  3498  5326 I WifiScanRequestProxy: Scanning for hidden networks is disabled
07-30 01:17:24.279  3498  3498 D OplusWifiBroadCastDispatcher: mBroadcastReceiver: onReceiver  action=android.net.wifi.action.WIFI_SCAN_AVAILABILITY_CHANGED
07-30 01:17:24.279  2711  2711 I wificond: add channel type 0 support at wiphy index: 0
07-30 01:17:24.279  2711  2711 I wificond: add channel type 1 support at wiphy index: 0
07-30 01:17:24.279  3498  4630 D OplusWifiPower_ConnLpmEventObsever: onReceive EXTRA_SCAN_AVAILABLE availabe = true
07-30 01:17:24.280  3498  4630 D OplusWifiPowerService: onReceive action:android.net.wifi.action.WIFI_SCAN_AVAILABILITY_CHANGED
07-30 01:17:24.280  7102  7102 I OsAgent : onReceive: android.net.wifi.action.WIFI_SCAN_AVAILABILITY_CHANGED
07-30 01:17:24.280  3498  4630 D OplusWifiSwitchStateMonitor: scan settings change to true
07-30 01:17:24.280  7102  8276 I OsAgent : updateWiFiScanAvailState, scanAvailable: true
07-30 01:17:24.280  7102  8276 D OsAgentAidlClient: [bool_dataitem_update][1570] [HC] =>> [HS]
07-30 01:17:24.280  3498  4511 I WifiNative: Interface state changed on Iface:{Name=wlan0,Id=1,Type=STA_SCAN}, isUp=true
07-30 01:17:24.280  1834  1834 I WifiHAL : mpdu_size_threshold : 128, aggressive_statistics_gathering : 0
07-30 01:17:24.281  3498  4511 I WifiNative: Successfully setup Iface:{Name=wlan0,Id=1,Type=STA_SCAN}
07-30 01:17:24.281  1812  1849 I LocSvc_SystemStatusOsObserver: sendCachedDataItems:471] DataItem: IS_WIFI_HARDWARE_ON: true >> Wiper
07-30 01:17:24.281  3498  4511 E SupplicantStaIfaceHalAidlImpl: Can't call getKeyMgmtCapabilities, ISupplicantStaIface is null for iface=wlan0
07-30 01:17:24.281  3498  5326 W BestClock: java.time.DateTimeException: Missing network time fix
07-30 01:17:24.281  1691  1746 E TetherController: property_get sys.radio.data.modem_share_flag return 0, 1!
07-30 01:17:24.281  1812  1888 I LocSvc_api_v02: ---> locClientSendReq line 2409 QMI_LOC_NOTIFY_WIFI_ENABLED_STATUS_REQ_V02
07-30 01:17:24.282  1834  8663 I WifiHAL : wifi_get_supported_radio_combinations_matrix: enter
07-30 01:17:24.283  1834  8663 I WifiHAL : wifi_parse_radio_combinations_matrix: radio_combinations[1]: num_radio_configurations 1
07-30 01:17:24.283  1834  8663 I WifiHAL : wifi_parse_radio_combinations_matrix: radio_combinations[2]: num_radio_configurations 1
07-30 01:17:24.283  1834  8663 I WifiHAL : wifi_parse_radio_combinations_matrix: radio_combinations[3]: num_radio_configurations 1
07-30 01:17:24.283  1834  8663 I WifiHAL : wifi_parse_radio_combinations_matrix: radio_combinations[4]: num_radio_configurations 2
07-30 01:17:24.283  1834  8663 I WifiHAL : wifi_parse_radio_combinations_matrix: radio_combinations[5]: num_radio_configurations 2
07-30 01:17:24.283  1834  8663 I WifiHAL : wifi_parse_radio_combinations_matrix: radio_combinations[6]: num_radio_configurations 2
07-30 01:17:24.283  1834  8663 I WifiHAL : wifi_parse_radio_combinations_matrix: num_radio_combinations 6, radio_matrix_size 100
07-30 01:17:24.283  1812  3982 I LocSvc_ApiV02: <--- globalRespCb line 282 QMI_LOC_NOTIFY_WIFI_ENABLED_STATUS_REQ_V02
07-30 01:17:24.283  3498  4511 E SupplicantStaIfaceHalAidlImpl: Can't call getWpaDriverCapabilities, ISupplicantStaIface is null for iface=wlan0
07-30 01:17:24.283  3498  4511 E WifiStaIfaceAidlImpl: getTwtCapabilities failed with service-specific exception: android.os.ServiceSpecificException:  (code 4)
07-30 01:17:24.283  5025  6799 D QtiOemHookAidl: oemHookRawIndication length=21
07-30 01:17:24.284  3498  4511 E WifiChipAidlImpl: enableStaChannelForPeerNetwork failed with service-specific exception: android.os.ServiceSpecificException:  (code 4)
07-30 01:17:24.284  3498  4511 D WifiNative: setWifiNativeInterfaceEventCallback
07-30 01:17:24.284  5025  5025 D QcrilMsgTunnelIfaceManager: handleMessage what = 0
07-30 01:17:24.284  3498  4511 D WifiClientModeManager[59082:wlan0]: entering StartedState
07-30 01:17:24.284  3498  4511 D WifiClientModeManager[59082:wlan0]: entering ScanOnlyModeState
07-30 01:17:24.284  3498  5326 W BestClock: java.time.DateTimeException: Missing network time fix
07-30 01:17:24.284  1834  8663 E WifiHAL : wifi_get_gscan_capabilities: GSCAN is not supported by driver
07-30 01:17:24.284  3498  4511 D WifiScanRequestProxy: Sending scan available broadcast: true
07-30 01:17:24.284  3498  4519 E WifiStaIfaceAidlImpl: getBackgroundScanCapabilities failed with service-specific exception: android.os.ServiceSpecificException:  (code 4)
07-30 01:17:24.285  4959  4959 D QC_RIL_OEM_HOOK: Received Broadcast Intent ACTION_UNSOL_RESPONSE_OEM_HOOK_RAW
07-30 01:17:24.285  5025  5025 D QC_RIL_OEM_HOOK: Received Broadcast Intent ACTION_UNSOL_RESPONSE_OEM_HOOK_RAW
07-30 01:17:24.285  4959  4959 D QC_RIL_OEM_HOOK: Received Broadcast Intent ACTION_UNSOL_RESPONSE_OEM_HOOK_RAW
07-30 01:17:24.285  4959  4959 D QC_RIL_OEM_HOOK: Received Broadcast Intent ACTION_UNSOL_RESPONSE_OEM_HOOK_RAW
07-30 01:17:24.285  3498  5326 W BestClock: java.time.DateTimeException: Missing network time fix
07-30 01:17:24.285  1818  6339 I sensors-hal: qsh_conn_event_cb:756, event[0] msg_id=1025, ts=1216621801, sensor_type = oplus_activity_recognition  Wakeup
07-30 01:17:24.285  1818  6339 E sensors-hal: handle_sns_std_sensor_event:72, oplus_activity_recognition output: count: 1.000000, index: 1.000000, incar_state: 0.000000, actvity_mode: 3.000000, delta_time: 0.000000 !
07-30 01:17:24.286  3498  4511 I WifiScanRequestProxy: Scanning is enabled
07-30 01:17:24.286  3498  4511 I WifiScanRequestProxy: Scanning for hidden networks is disabled
07-30 01:17:24.286  1834  8663 D WifiHAL : wifi_multi_sta_set_use_case: 0
07-30 01:17:24.286  3498  4519 I WifiScanningService: Created a new impl for wlan0
07-30 01:17:24.286  3498  4519 I WifiScanningService: Received a request to enable scanning, UID = 1000
07-30 01:17:24.286  5057  5425 D NhsSceneReceiver: onSensorChanged: name = oplus_activity_recognition  Wakeup
07-30 01:17:24.286  3498  3498 D OplusWifiBroadCastDispatcher: mBroadcastReceiver: onReceiver  action=android.net.wifi.action.WIFI_SCAN_AVAILABILITY_CHANGED
07-30 01:17:24.286  3498  4630 D OplusWifiPower_ConnLpmEventObsever: onReceive EXTRA_SCAN_AVAILABLE availabe = true
07-30 01:17:24.286  3498  4630 D OplusWifiPowerService: onReceive action:android.net.wifi.action.WIFI_SCAN_AVAILABILITY_CHANGED
07-30 01:17:24.286  3498  4630 D OplusWifiSwitchStateMonitor: scan settings change to true
07-30 01:17:24.286  3498  4519 I WifiScanningService: scanner impls already exists
07-30 01:17:24.286  3498  4519 I WifiScanningService: wifi driver loaded with scan capabilities: max buckets=16
07-30 01:17:24.287  3498  4511 D WifiCountryCode: evaluateAllCmmStateAndApplyIfAllReady: {ConcreteClientModeManager{id=59082 iface=wlan0 role=ROLE_CLIENT_SCAN_ONLY}=true}
07-30 01:17:24.287  3498  4519 E WifiScanningService: wifi driver loaded received while already loaded
07-30 01:17:24.287  5032  5491 D SceneEvent: onSensorChanged: name = oplus_activity_recognition  Wakeup
07-30 01:17:24.287  3498  4511 D WifiCountryCode: Reading country code from telephony
07-30 01:17:24.287  7102  7102 I OsAgent : onReceive: android.net.wifi.action.WIFI_SCAN_AVAILABILITY_CHANGED
07-30 01:17:24.287  3498  4511 D WifiCountryCode: Set telephony country code to: 
07-30 01:17:24.287  3498  4511 D WifiCountryCode: updateCountryCode to US
07-30 01:17:24.287  3498  4511 D WifiCountryCode: setCountryCodeNative: US, isClientModeOnly: true mDriverCountryCode: US
07-30 01:17:24.287  7102  8276 I OsAgent : updateWiFiScanAvailState, scanAvailable: true
07-30 01:17:24.288  5032  5628 W BestClock: java.time.DateTimeException: Missing network time fix
07-30 01:17:24.288  5032  5628 V MonthTrafficAlert: getWarningNotification subId:1 numWarningNotificaion:0
07-30 01:17:24.290  3498  5326 W BestClock: java.time.DateTimeException: Missing network time fix
07-30 01:17:24.293  5168  6209 D IWlanJni: getDataRegistrationState start
07-30 01:17:24.294  4875  5762 V OplusCustomizeCacheManager: queryCache name: sys.cache.common_customize_cache18014 param: null
07-30 01:17:24.294  5168  6215 D IWlanJni: new aidl event arrived
07-30 01:17:24.294  4875  5762 V OplusCustomizeCacheManager: queryCache name: sys.cache.common_customize_cache18017 param: Bundle[{SETTING=BLOCK, BUSINESS=NCT-DATA}]
07-30 01:17:24.294  4875  5762 V OplusCustomizeCacheManager: queryCache name: sys.cache.common_customize_cache18013 param: null
07-30 01:17:24.294  5168  6215 D IWlanJni: handleEvent 10
07-30 01:17:24.294  5168  6215 D IWlanJni: isThreadAttached start
07-30 01:17:24.294  5168  6215 D IWlanJni: jni detached
07-30 01:17:24.294  5168  6215 D IWlanJni: jni attached
07-30 01:17:24.295  5168  6215 D IWlanJni: getDataRegistrationStateResponse start
07-30 01:17:24.295  5168  6215 D IWlanJni: getJavaCallbackClass start
07-30 01:17:24.295  5168  6215 D IWlanJni: getJavaCallbackClass End midIs[1]
07-30 01:17:24.295  5168  6215 I IWlanAidlClient: getDataRegistrationStateResponse called
07-30 01:17:24.295  1812  3770 E LOCRIL_SESSION: operator():200] SubId: 1 Failed to get sim IO with error: 11
07-30 01:17:24.295  5168  6209 D IWlanJni: getDataRegistrationState start
07-30 01:17:24.295  1812  3770 E LOCRIL_SESSION: operator():241] SubId: 1 Failed to get sim IMSI with error: 11
07-30 01:17:24.295  5168  6218 D IWlanJni: new aidl event arrived
07-30 01:17:24.295  5168  6218 D IWlanJni: handleEvent 10
07-30 01:17:24.295  5168  6218 D IWlanJni: isThreadAttached start
07-30 01:17:24.295  5168  6218 D IWlanJni: jni detached
07-30 01:17:24.295  5168  6218 D IWlanJni: jni attached
07-30 01:17:24.295  5168  6218 D IWlanJni: getDataRegistrationStateResponse start
07-30 01:17:24.295  5168  6218 D IWlanJni: getJavaCallbackClass start
07-30 01:17:24.295  5168  6218 D IWlanJni: getJavaCallbackClass End midIs[1]
07-30 01:17:24.295  5168  6218 I IWlanAidlClient: getDataRegistrationStateResponse called
07-30 01:17:24.295  5168  6217 W IWlanNetworkService: 7 > Response Processed
07-30 01:17:24.296  5168  6214 W IWlanNetworkService: 6 > Response Processed
07-30 01:17:24.297  5250  5250 D SubsysEventListenerManager-SubsysTelephonyCallback[0]: onSignalStrengthsChanged
07-30 01:17:24.297  4959  4959 D OplusTelephonyController: onSignalStrengthChanged: SignalStrength=SignalStrength:{mCdma=CellSignalStrengthCdma: cdmaDbm=2147483647 cdmaEcio=2147483647 evdoDbm=2147483647 evdoEcio=2147483647 evdoSnr=2147483647 level=0,mGsm=CellSignalStrengthGsm: rssi=2147483647 ber=2147483647 mTa=2147483647 mLevel=0,mWcdma=CellSignalStrengthWcdma: ss=2147483647 ber=2147483647 rscp=2147483647 ecno=2147483647 level=0,mTdscdma=CellSignalStrengthTdscdma: rssi=2147483647 ber=2147483647 rscp=2147483647 level=0,mLte=CellSignalStrengthLte: rssi=2147483647 rsrp=2147483647 rsrq=2147483647 rssnr=2147483647 cqiTableIndex=2147483647 cqi=2147483647 ta=2147483647 level=0 parametersUseForLevel=0,mNr=CellSignalStrengthNr:{ csiRsrp = 2147483647 csiRsrq = 2147483647 csiCqiTableIndex = 2147483647 csiCqiReport = [] ssRsrp = 2147483647 ssRsrq = 2147483647 ssSinr = 2147483647 level = 0 parametersUseForLevel = 0 timingAdvance = 2147483647 },primary=CellSignalStrengthLte}
07-30 01:17:24.297  3498  5208 I OplusBinderProxy: pb uid: 10215 pid: 11252 desc: com.android.internal.telephony.IPhoneStateListener/10
07-30 01:17:24.298  1812  3770 E LOCRIL_SESSION: operator():200] SubId: 1 Failed to get sim IO with error: 11
07-30 01:17:24.299  1812  3764 W LOCRIL_SESSION: operator():307] cellInfo list size is 0, Voice state: 3, data state: 3
07-30 01:17:24.299  1812  3770 E LOCRIL_SESSION: operator():241] SubId: 1 Failed to get sim IMSI with error: 11
07-30 01:17:24.299  5168  6209 D IWlanJni: getDataRegistrationState start
07-30 01:17:24.300  5168  6209 D IWlanJni: getDataRegistrationState start
07-30 01:17:24.300  5168  6215 D IWlanJni: new aidl event arrived
07-30 01:17:24.300  5168  6215 D IWlanJni: handleEvent 10
07-30 01:17:24.300  5168  6215 D IWlanJni: isThreadAttached start
07-30 01:17:24.300  5168  6215 D IWlanJni: jni detached
07-30 01:17:24.300  5168  6215 D IWlanJni: jni attached
07-30 01:17:24.300  5168  6215 D IWlanJni: getDataRegistrationStateResponse start
07-30 01:17:24.300  5168  6215 D IWlanJni: getJavaCallbackClass start
07-30 01:17:24.300  5168  6215 D IWlanJni: getJavaCallbackClass End midIs[1]
07-30 01:17:24.300  5168  6215 I IWlanAidlClient: getDataRegistrationStateResponse called
07-30 01:17:24.300  5250  5330 D VendorTelephonyService: onTelephonyEventReport slotId =0 eventId=6030
07-30 01:17:24.300  5250  5330 D VendorTelephonyService: onTelephonyEventReport slotId =0 eventId=6030
07-30 01:17:24.300  5168  6214 W IWlanNetworkService: 8 > Response Processed
07-30 01:17:24.301  5168  6218 D IWlanJni: new aidl event arrived
07-30 01:17:24.301  5168  6218 D IWlanJni: handleEvent 10
07-30 01:17:24.301  5168  6218 D IWlanJni: isThreadAttached start
07-30 01:17:24.301  5168  6218 D IWlanJni: jni detached
07-30 01:17:24.301  5168  6218 D IWlanJni: jni attached
07-30 01:17:24.301  5168  6218 D IWlanJni: getDataRegistrationStateResponse start
07-30 01:17:24.301  5168  6218 D IWlanJni: getJavaCallbackClass start
07-30 01:17:24.301  5168  6218 D IWlanJni: getJavaCallbackClass End midIs[1]
07-30 01:17:24.301  5168  6218 I IWlanAidlClient: getDataRegistrationStateResponse called
07-30 01:17:24.301  5168  6217 W IWlanNetworkService: 9 > Response Processed
07-30 01:17:24.301  5250  5250 D VendorCallService: notityEventUpdate, eventId:6030, slotId = 0
07-30 01:17:24.301  5025  6799 D QtiOemHookAidl: oemHookRawIndication length=24
07-30 01:17:24.301  5025  5025 D QcrilMsgTunnelIfaceManager: handleMessage what = 0
07-30 01:17:24.301  5025  8725 D QtiOemHookAidl: oemHookRawIndication length=24
07-30 01:17:24.302  5032  5070 D SaDataService: onTelephonyEventReport , subId= 0,slotId=-1 eventId=6030
07-30 01:17:24.302  5032  5070 D TelephonyImpl: notify eventId:6030 for list size:2
07-30 01:17:24.302  5250  5330 D VendorTelephonyService: onTelephonyEventReport slotId =0 eventId=6030
07-30 01:17:24.302  5250  5330 D VendorTelephonyService: onTelephonyEventReport slotId =0 eventId=6030
07-30 01:17:24.302  5032  5070 D SaDataService: onTelephonyEventReport , subId= 0,slotId=-1 eventId=6030
07-30 01:17:24.302  5032  5070 D TelephonyImpl: notify eventId:6030 for list size:2
07-30 01:17:24.302  5025  5025 D QcrilMsgTunnelIfaceManager: handleMessage what = 0
07-30 01:17:24.302  5250  5250 D VendorCallService: notityEventUpdate, eventId:6030, slotId = 0
07-30 01:17:24.303  5025  5025 D QC_RIL_OEM_HOOK: Received Broadcast Intent ACTION_UNSOL_RESPONSE_OEM_HOOK_RAW
07-30 01:17:24.303  5025  5025 D QC_RIL_OEM_HOOK: Received Broadcast Intent ACTION_UNSOL_RESPONSE_OEM_HOOK_RAW
07-30 01:17:24.303  5115  5148 I QImsService: ImsRadioIndicationAidl : onRadioStateChanged()[SUB1]
07-30 01:17:24.303  5115  5148 I QImsService: ImsSenderRxr : [UNSL]< UNSOL_RADIO_STATE_CHANGED RADIO_ON[SUB1]
07-30 01:17:24.304  5115  5149 I QImsService: ImsRadioIndicationAidl : onRadioStateChanged()[SUB0]
07-30 01:17:24.304  5115  5149 I QImsService: ImsSenderRxr : [UNSL]< UNSOL_RADIO_STATE_CHANGED RADIO_ON[SUB0]
07-30 01:17:24.305  4959  4959 D QC_RIL_OEM_HOOK: Received Broadcast Intent ACTION_UNSOL_RESPONSE_OEM_HOOK_RAW
07-30 01:17:24.306  1812  3770 E LOCRIL_SESSION: operator():200] SubId: 1 Failed to get sim IO with error: 11
07-30 01:17:24.306  1981  1981 D SensorFeature: name=ssc_screenshot_info ,index = 22
07-30 01:17:24.306  1981  1981 D SensorFeature: write 29 bytes:59112644456,59120977789,161,0
07-30 01:17:24.306  3498  3542 W BestClock: java.time.DateTimeException: Missing network time fix
07-30 01:17:24.307  1812  3770 E LOCRIL_SESSION: operator():241] SubId: 1 Failed to get sim IMSI with error: 11
07-30 01:17:24.308  1812  3764 W LOCRIL_SESSION: operator():307] cellInfo list size is 0, Voice state: 3, data state: 3
07-30 01:17:24.308  3498  3542 W BestClock: java.time.DateTimeException: Missing network time fix
07-30 01:17:24.308  4959  4959 D QC_RIL_OEM_HOOK: Received Broadcast Intent ACTION_UNSOL_RESPONSE_OEM_HOOK_RAW
07-30 01:17:24.308  4959  4959 D QC_RIL_OEM_HOOK: Received Broadcast Intent ACTION_UNSOL_RESPONSE_OEM_HOOK_RAW
07-30 01:17:24.308  4959  4959 D QC_RIL_OEM_HOOK: Received Broadcast Intent ACTION_UNSOL_RESPONSE_OEM_HOOK_RAW
07-30 01:17:24.308  4959  4959 D QC_RIL_OEM_HOOK: Received Broadcast Intent ACTION_UNSOL_RESPONSE_OEM_HOOK_RAW
07-30 01:17:24.308  4959  4959 D QC_RIL_OEM_HOOK: Received Broadcast Intent ACTION_UNSOL_RESPONSE_OEM_HOOK_RAW
07-30 01:17:24.309  2711  2711 I wificond: Regulatory domain changed to country: US on wiphy_index: 0
07-30 01:17:24.309  2711  2711 I wificond: UpdateBandInfo
07-30 01:17:24.309  3498  4779 D WifiNl80211Manager: OnRegDomainChanged US
07-30 01:17:24.309  3498  4779 D WifiNative: onCountryCodeChanged: US
07-30 01:17:24.309  3498  4779 I WifiCountryCode: Receive onDriverCountryCodeChanged US
07-30 01:17:24.309  3498  4779 D WifiScanRequestProxy: Sending scan available broadcast: true
07-30 01:17:24.309  3498  4519 I WifiScanningService: Received a request to enable scanning, UID = 1000
07-30 01:17:24.309  3498  4519 I WifiScanningService: scanner impls already exists
07-30 01:17:24.309  3498  4519 E WifiScanningService: wifi driver loaded received while already loaded
07-30 01:17:24.309  4875  5762 V OplusCustomizeCacheManager: queryCache name: sys.cache.common_customize_cache18014 param: null
07-30 01:17:24.309  4875  5762 V OplusCustomizeCacheManager: queryCache name: sys.cache.common_customize_cache18017 param: Bundle[{SETTING=BLOCK, BUSINESS=NCT-DATA}]
07-30 01:17:24.309  4875  5762 V OplusCustomizeCacheManager: queryCache name: sys.cache.common_customize_cache18013 param: null
07-30 01:17:24.309  2711  2711 I wificond: 2.4Ghz frequencies: 2412 2417 2422 2427 2432 2437 2442 2447 2452 2457 2462
07-30 01:17:24.309  2711  2711 I wificond: 5Ghz non-DFS frequencies: 5180 5200 5220 5240 5745 5765 5785 5805 5825
07-30 01:17:24.309  2711  2711 I wificond: 5Ghz DFS frequencies: 5260 5280 5300 5320 5500 5520 5540 5560 5580 5600 5620 5640 5660 5680 5700
07-30 01:17:24.309  2711  2711 I wificond: 6Ghz frequencies:
07-30 01:17:24.309  2711  2711 I wificond: 60Ghz frequencies:
07-30 01:17:24.309  6412  6412 I wpa_supplicant: p2p0: CTRL-EVENT-REGDOM-CHANGE init=DRIVER type=COUNTRY alpha2=US
07-30 01:17:24.309  1987  1987 E PowerMonitorService: Failed to open /proc/horae_qmi (2): No such file or directory
07-30 01:17:24.309  3498  4779 I WifiScanRequestProxy: Scanning is enabled
07-30 01:17:24.309  3498  4779 I WifiScanRequestProxy: Scanning for hidden networks is disabled
07-30 01:17:24.311  3498  3498 D OplusWifiBroadCastDispatcher: mBroadcastReceiver: onReceiver  action=android.net.wifi.action.WIFI_SCAN_AVAILABILITY_CHANGED
07-30 01:17:24.311  4959  4976 W System  : A resource failed to call AbstractCursor.close. 
07-30 01:17:24.311  4959  4976 W System  : A resource failed to call AbstractCursor.close. 
07-30 01:17:24.311  4959  4976 W System  : A resource failed to call AbstractCursor.close. 
07-30 01:17:24.311  3498  4630 D OplusWifiPower_ConnLpmEventObsever: onReceive EXTRA_SCAN_AVAILABLE availabe = true
07-30 01:17:24.311  3498  4630 D OplusWifiPowerService: onReceive action:android.net.wifi.action.WIFI_SCAN_AVAILABILITY_CHANGED
07-30 01:17:24.311  5025  5025 D DeviceStatisticsService: onReceive: action= org.codeaurora.intent.action.RADIO_POWER_STATE
07-30 01:17:24.311  5025  5025 I DeviceStatisticsService: Receiving radio_power_state_changed, mIsDeviceInfoInitialized = true
07-30 01:17:24.311  5025  5025 I DeviceStatisticsService: radio power state changed to 1 for slot: 1
07-30 01:17:24.311  3498  4630 D OplusWifiSwitchStateMonitor: scan settings change to true
07-30 01:17:24.312  5168  6209 D IWlanJni: getDataRegistrationState start
07-30 01:17:24.312  7102  7102 I OsAgent : onReceive: android.net.wifi.action.WIFI_SCAN_AVAILABILITY_CHANGED
07-30 01:17:24.312  5032  5070 D SaDataService: onTelephonyEventReport , subId= 0,slotId=-1 eventId=6030
07-30 01:17:24.312  5032  5070 D TelephonyImpl: notify eventId:6030 for list size:2
07-30 01:17:24.312  5250  5330 D VendorTelephonyService: onTelephonyEventReport slotId =0 eventId=6030
07-30 01:17:24.312  5250  5330 D VendorTelephonyService: onTelephonyEventReport slotId =0 eventId=6030
07-30 01:17:24.312  5250  5250 D VendorCallService: notityEventUpdate, eventId:6030, slotId = 0
07-30 01:17:24.312  7102  8276 I OsAgent : updateWiFiScanAvailState, scanAvailable: true
07-30 01:17:24.313  5025  5025 D DeviceInfoAidlClient: onRadioPowerStateChanged
07-30 01:17:24.313  5025  5025 D DeviceInfoAidlClient: mRadioStateHdlr handleMessage()1
07-30 01:17:24.313  5025  5025 D DeviceInfoAidlClient: isRadioOn()=true
07-30 01:17:24.313  5168  6218 D IWlanJni: new aidl event arrived
07-30 01:17:24.313  5168  6218 D IWlanJni: handleEvent 10
07-30 01:17:24.313  5025  5025 I DeviceInfoAidlClient: sendFeaturesSupported: power info support-true interactive state support-true
07-30 01:17:24.313  5168  6218 D IWlanJni: isThreadAttached start
07-30 01:17:24.313  5168  6218 D IWlanJni: jni detached
07-30 01:17:24.313  5168  6218 D IWlanJni: jni attached
07-30 01:17:24.313  5168  6218 D IWlanJni: getDataRegistrationStateResponse start
07-30 01:17:24.313  5168  6218 D IWlanJni: getJavaCallbackClass start
07-30 01:17:24.313  5168  6218 D IWlanJni: getJavaCallbackClass End midIs[1]
07-30 01:17:24.313  5168  6218 I IWlanAidlClient: getDataRegistrationStateResponse called
07-30 01:17:24.313  5168  6217 W IWlanNetworkService: 10 > Response Processed
07-30 01:17:24.313  5250  5250 D SubsysEventListenerManager-SubsysTelephonyCallback[0]: onRadioPowerStateChanged state:1
07-30 01:17:24.313  5168  6209 D IWlanJni: getDataRegistrationState start
07-30 01:17:24.314  5168  6209 D IWlanJni: getDataRegistrationState start
07-30 01:17:24.315  5025  5025 D DeviceStatisticsService: onReceive: action= org.codeaurora.intent.action.RADIO_POWER_STATE
07-30 01:17:24.315  5025  5025 I DeviceStatisticsService: Receiving radio_power_state_changed, mIsDeviceInfoInitialized = true
07-30 01:17:24.315  5025  5025 I DeviceStatisticsService: radio power state changed to 1 for slot: 0
07-30 01:17:24.315  5025  5025 D DeviceInfoAidlClient: isRadioOn()=true
07-30 01:17:24.315  5025  5025 I DeviceInfoAidlClient: sendFeaturesSupported: power info support-true interactive state support-true
07-30 01:17:24.315  5168  6215 D IWlanJni: new aidl event arrived
07-30 01:17:24.315  5168  6215 D IWlanJni: handleEvent 10
07-30 01:17:24.315  3498  5252 W BestClock: java.time.DateTimeException: Missing network time fix
07-30 01:17:24.315  5168  6215 D IWlanJni: isThreadAttached start
07-30 01:17:24.315  5168  6215 D IWlanJni: jni detached
07-30 01:17:24.315  5168  6215 D IWlanJni: jni attached
07-30 01:17:24.315  5168  6215 D IWlanJni: getDataRegistrationStateResponse start
07-30 01:17:24.315  5168  6215 D IWlanJni: getJavaCallbackClass start
07-30 01:17:24.315  5168  6215 D IWlanJni: getJavaCallbackClass End midIs[1]
07-30 01:17:24.315  5168  6218 D IWlanJni: new aidl event arrived
07-30 01:17:24.315  5168  6218 D IWlanJni: handleEvent 10
07-30 01:17:24.315  5168  6218 D IWlanJni: isThreadAttached start
07-30 01:17:24.315  5168  6215 I IWlanAidlClient: getDataRegistrationStateResponse called
07-30 01:17:24.315  5168  6218 D IWlanJni: jni detached
07-30 01:17:24.315  5168  6218 D IWlanJni: jni attached
07-30 01:17:24.315  5168  6218 D IWlanJni: getDataRegistrationStateResponse start
07-30 01:17:24.315  5168  6218 D IWlanJni: getJavaCallbackClass start
07-30 01:17:24.315  5168  6218 D IWlanJni: getJavaCallbackClass End midIs[1]
07-30 01:17:24.315  5168  6218 I IWlanAidlClient: getDataRegistrationStateResponse called
07-30 01:17:24.316  5168  6217 W IWlanNetworkService: 11 > Response Processed
07-30 01:17:24.316  5168  6214 W IWlanNetworkService: 12 > Response Processed
07-30 01:17:24.316  3498  4176 W BestClock: java.time.DateTimeException: Missing network time fix
07-30 01:17:24.317  4875  5762 V OplusCustomizeCacheManager: queryCache name: sys.cache.common_customize_cache18014 param: null
07-30 01:17:24.317  4875  5762 V OplusCustomizeCacheManager: queryCache name: sys.cache.common_customize_cache18017 param: Bundle[{SETTING=BLOCK, BUSINESS=NCT-DATA}]
07-30 01:17:24.317  4875  5762 V OplusCustomizeCacheManager: queryCache name: sys.cache.common_customize_cache18013 param: null
07-30 01:17:24.317  5025  6799 I DeviceInfoAidlClient: onPowerInfoReportingChanged - reporting enabled true [15, 20, 30, 50, 80]
07-30 01:17:24.317  5025  6799 D DeviceInfoAidlClient: isRadioOn()=true
07-30 01:17:24.317  5025  6799 I DeviceInfoAidlClient: isPowerInfoNeverSent=true batteryLevel=100 batteryLevelIndex=5 chargingMode=2 totalCapacity=5256000 powerSaveMode=false
07-30 01:17:24.317  5025  6799 I DeviceInfoAidlClient: onDeviceInfoReportingChanged - reporting enabled true
07-30 01:17:24.318  5025  6799 D DeviceInfoAidlClient: getDeviceInfoSupportStatus()=1
07-30 01:17:24.318  5025  6799 D DeviceInfoAidlClient: isRadioOn()=true
07-30 01:17:24.318  5025  6799 I DeviceInfoAidlClient: deviceState=2
07-30 01:17:24.318  5025  6799 I DeviceInfoAidlClient: onPowerInfoReportingChanged - reporting enabled true [15, 20, 30, 50, 80]
07-30 01:17:24.318  5025  6799 D DeviceInfoAidlClient: isRadioOn()=true
07-30 01:17:24.318  5025  6799 I DeviceInfoAidlClient: isPowerInfoNeverSent=false batteryLevel=100 batteryLevelIndex=5 chargingMode=2 totalCapacity=5256000 powerSaveMode=false
07-30 01:17:24.318  5025  6799 I DeviceInfoAidlClient: onDeviceInfoReportingChanged - reporting enabled true
07-30 01:17:24.318  5025  6799 D DeviceInfoAidlClient: getDeviceInfoSupportStatus()=1
07-30 01:17:24.318  5025  6799 D DeviceInfoAidlClient: isRadioOn()=true
07-30 01:17:24.318  5025  6799 I DeviceInfoAidlClient: deviceState=2
07-30 01:17:24.318  4959  4959 V OplusCustomizeCacheManager: queryCache name: sys.cache.common_customize_cache18016 param: null
07-30 01:17:24.318  4959  4959 V OplusCustomizeCacheManager: queryCache name: sys.cache.common_customize_cache18013 param: null
07-30 01:17:24.318  4959  4959 V OplusCustomizeCacheManager: queryCache name: sys.cache.common_customize_cache18014 param: null
07-30 01:17:24.318  4959  4959 V OplusCustomizeCacheManager: queryCache name: sys.cache.common_customize_cache18017 param: Bundle[{SETTING=BLOCK, BUSINESS=NCT-DATA}]
07-30 01:17:24.318  3498  5251 W BestClock: java.time.DateTimeException: Missing network time fix
07-30 01:17:24.319  4959  4959 V OplusCustomizeCacheManager: queryCache name: sys.cache.common_customize_cache18016 param: null
07-30 01:17:24.319  4959  4959 V OplusCustomizeCacheManager: queryCache name: sys.cache.common_customize_cache18013 param: null
07-30 01:17:24.319  4959  4959 V OplusCustomizeCacheManager: queryCache name: sys.cache.common_customize_cache18014 param: null
07-30 01:17:24.319  4959  4959 V OplusCustomizeCacheManager: queryCache name: sys.cache.common_customize_cache18017 param: Bundle[{SETTING=BLOCK, BUSINESS=NCT-DATA}]
07-30 01:17:24.319  3498  5251 W BestClock: java.time.DateTimeException: Missing network time fix
07-30 01:17:24.319  5025  5025 D QcrilMsgTunnelIfaceManager: handleMessage what = 1
07-30 01:17:24.319  5025  5025 I QcrilOemhookMsgTunnel: [0]invokeOemRilRequestRaw: serial=1007 length=16
07-30 01:17:24.319  4875  5762 V OplusCustomizeCacheManager: queryCache name: sys.cache.common_customize_cache18014 param: null
07-30 01:17:24.319  4875  5762 V OplusCustomizeCacheManager: queryCache name: sys.cache.common_customize_cache18017 param: Bundle[{SETTING=BLOCK, BUSINESS=NCT-DATA}]
07-30 01:17:24.319  4875  5762 V OplusCustomizeCacheManager: queryCache name: sys.cache.common_customize_cache18013 param: null
07-30 01:17:24.320  5025  6799 I QtiOemHookAidl: oemHookRawResponse: serial no: 1007 error: 0length=1
07-30 01:17:24.320  5025  5025 D QcrilMsgTunnelIfaceManager: handleMessage what = 2
07-30 01:17:24.320  4959  5522 D QC_RIL_OEM_HOOK: sendOemRilRequestRaw returns value = 1
07-30 01:17:24.320  4959  4959 D OplusPowerUpOptimizationImpl: onReceive: org.codeaurora.intent.action.RADIO_POWER_STATE
07-30 01:17:24.320  4959  5597 D OplusPowerUpOptimizationImpl: handleMessage what = 6
07-30 01:17:24.320  4959  5597 D OplusPowerUpOptimizationImpl: radio is available for slot: 1
07-30 01:17:24.320  4959  5597 D OplusPowerUpOptimizationImpl: trySendPhoneReady for slot: 1
07-30 01:17:24.320  4959  5597 D OplusPowerUpOptimizationImpl: Not sending ATEL ready: States: [1: {true, true, true, true}]
07-30 01:17:24.322  4959  4959 D CiWlanNotificationReceiver: ACTION_RADIO_POWER_STATE_CHANGED
07-30 01:17:24.324  5168  6209 D IWlanJni: getDataRegistrationState start
07-30 01:17:24.325  5168  6215 D IWlanJni: new aidl event arrived
07-30 01:17:24.325  5168  6215 D IWlanJni: handleEvent 10
07-30 01:17:24.325  5168  6215 D IWlanJni: isThreadAttached start
07-30 01:17:24.325  5168  6215 D IWlanJni: jni detached
07-30 01:17:24.325  5168  6215 D IWlanJni: jni attached
07-30 01:17:24.325  5168  6215 D IWlanJni: getDataRegistrationStateResponse start
07-30 01:17:24.325  5168  6215 D IWlanJni: getJavaCallbackClass start
07-30 01:17:24.325  5168  6215 D IWlanJni: getJavaCallbackClass End midIs[1]
07-30 01:17:24.325  5168  6215 I IWlanAidlClient: getDataRegistrationStateResponse called
07-30 01:17:24.325  5168  6214 W IWlanNetworkService: 13 > Response Processed
07-30 01:17:24.326  4875  5073 I SystemUi--Statusbar: NetworkController.WifiSignalController-->wifi Broadcast action = android.telephony.action.SERVICE_PROVIDERS_UPDATED state=1 enabled=false connected=false isDefaultNetwork=false rssi=0 level=0 statusLabel = null isDirty = false
07-30 01:17:24.326  4875  5192 I SystemUi--QuickSettings: Tile.OplusCellularTile-->updateCarrierText: dialog not showing, ignore
07-30 01:17:24.327  4875  5192 D SimStateHelper: slot:0, lock state:Bundle[mParcelledData.dataSize=56]
07-30 01:17:24.327  4875  5192 D SimStateHelper: slot:1, lock state:Bundle[mParcelledData.dataSize=56]
07-30 01:17:24.327  4875  5192 D SimStateHelper: needDisableMenu: slot1State=-1; slot2State=-1
07-30 01:17:24.327  4875  5192 D SimStateHelper: needDisableMenu:false
07-30 01:17:24.327  3498  5251 W ContextImpl: Calling a method in the system process without a qualified user: android.app.ContextImpl.sendBroadcastMultiplePermissions:1311 android.content.Context.sendBroadcastMultiplePermissions:2524 com.android.server.TelephonyRegistry.broadcastServiceStateChanged:3740 com.android.server.TelephonyRegistry.notifyServiceStateForPhoneId:1787 com.android.internal.telephony.ITelephonyRegistry$Stub.onTransact:546 
07-30 01:17:24.328  3498  5251 W ContextImpl: Calling a method in the system process without a qualified user: android.app.ContextImpl.sendBroadcastMultiplePermissions:1344 com.android.server.TelephonyRegistry.broadcastServiceStateChanged:3745 com.android.server.TelephonyRegistry.notifyServiceStateForPhoneId:1787 com.android.internal.telephony.ITelephonyRegistry$Stub.onTransact:546 android.os.Binder.execTransactInternal:1523 
07-30 01:17:24.328  3498  5251 W ContextImpl: Calling a method in the system process without a qualified user: android.app.ContextImpl.sendBroadcastMultiplePermissions:1344 com.android.server.TelephonyRegistry.broadcastServiceStateChanged:3754 com.android.server.TelephonyRegistry.notifyServiceStateForPhoneId:1787 com.android.internal.telephony.ITelephonyRegistry$Stub.onTransact:546 android.os.Binder.execTransactInternal:1523 
07-30 01:17:24.329  5076  9008 D txpwrJni: new aidl event arrived
07-30 01:17:24.329  5076  9008 D txpwrJni: handleEvent 1
07-30 01:17:24.329  5076  9008 D txpwrJni: isThreadAttached start
07-30 01:17:24.329  5076  9008 D txpwrJni: jni detached
07-30 01:17:24.329  5076  9008 D txpwrJni: jni attached
07-30 01:17:24.329  5076  9008 D txpwrJni: getRadioStatus start
07-30 01:17:24.329  5076  9008 D txpwrJni: getJavaCallbackClass start
07-30 01:17:24.329  5076  9008 D txpwrJni: getJavaCallbackClass End midIs[1]
