07-29 18:30:40.194  4833  4833 I SystemUi--QuickSettings: OplusQSRootViewController-->startExpandMotion event: 0, startTracking: false isClosing: false panelClosedOnDown: false
07-29 18:30:40.194  4833  4833 I SystemUi--QuickSettings: OplusQSRootViewController-->initialOffsetOnTouch: 2376.0, panelClosedOnDown: false
07-29 18:30:40.195  3514  5484 I InputDispatcher: injectInputEvent: targetUid=<not set>, syncMode=WAIT_FOR_FINISHED, timeout=30000ms, policyFlags=0x8000000, event=MotionEvent { action=UP, id[0]=0, x[0]=877, y[0]=1330, eventTime=58846000000, downTime=58846000000, deviceId=4, source=TOUCHSCREEN, displayId=0, eventId=0xe1f78ca9}
07-29 18:30:40.195  3514  4804 D UAH-UahAdaptHelper: adaptSetNotification identity = OplusUAwareInputHelpersrc = 1000 , type 1 ,p1 = -1 ,p2 = -1 ,p3 = -1 ,p4 =
07-29 18:30:40.195  3514  4804 I [UAH_CLIENT]: uahRuleCtl, ruleId:1000, status:1
07-29 18:30:40.195  4833  4833 I SystemUi--Statusbar: OplusStatusBarWindowViewTouchExImpl-->onTouchEvent handled:false
07-29 18:30:40.196  4833  4833 I SystemUi--QuickSettings: OplusPanelViewPagerController-->reset
07-29 18:30:40.196  4833  4833 I SystemUi--QuickSettings: OplusQSRootViewController-->resetTouch
07-29 18:30:40.196  4833  4833 D OplusViewDragTouchViewHelper: dispatchTouchView action = 1
07-29 18:30:40.196  4833  4833 D ViewRootImplExtImpl: the up motion event handled by client, just return
07-29 18:30:40.199  4833  4833 I SystemUi--QuickSettings: Tile.OplusAirplaneModeTile-->clicked ------ state is :2 canTips :true
07-29 18:30:40.199  4833  5376 V OplusCustomizeCacheManager: queryCache name: sys.cache.common_customize_cache18026 param: null
07-29 18:30:40.199  4833  5376 V OplusCustomizeCacheManager: queryCache name: sys.cache.common_customize_cache18026 param: null
07-29 18:30:40.201  4833  4833 I SystemUi--Statusbar: OplusStatusBarSignalPolicy-->imsIcon: OplusIMSModel(shouldShowVolte=false, shouldShowVowifi=false, simInserted=true, noSim=false, shouldShowVodata=false, shouldShowVo5G=false, vowifiState=false), OplusIMSModel(shouldShowVolte=false, shouldShowVowifi=false, simInserted=false, noSim=true, shouldShowVodata=false, shouldShowVo5G=false, vowifiState=false), noSubs:false, airplaneMode:falsevisible: false ,wifiConnect:false , vowifiIcon:0 , voDataStatus:false, is5GNewCall:false
07-29 18:30:40.201  4833  4833 I SystemUi--Statusbar: OplusStatusBarSignalPolicy-->noSimIcon simState: SimStateModel(simInserted=[true, false], simForbidden=[false, true], simStateIMSI=[true, false], simLoaded=[true, false]), noSubs:false isAirplaneMode:false
07-29 18:30:40.201  4833  4833 I SystemUi--Statusbar: OplusMobileIconViewModel-->isVisible subId:1 isAirplaneMode:false isAllowedDuringAirplaneMode:false isForceHidden:false isSatelliteForbid:false
07-29 18:30:40.201  4833  4833 I SystemUi--Statusbar: OplusStatusBarMobileViewBinder-->isVisible:true
07-29 18:30:40.201  4833  4833 I SystemUi--Statusbar: OplusStatusBarMobileViewBinder-->isVisible:true
07-29 18:30:40.202  4833  4833 I SystemUi--Statusbar: OplusStatusBarMobileViewBinder-->isVisible:true
07-29 18:30:40.202  4833  4833 I SystemUi--Statusbar: OplusStatusBarMobileViewBinder-->isVisible:true
07-29 18:30:40.202  4833  4833 I SystemUi--Statusbar: OplusStatusBarMobileViewBinder-->isVisible:true
07-29 18:30:40.202  3514  4613 D OplusWifiSwitchStateMonitor: mWifiSettingsValue:0
07-29 18:30:40.202  3514  4613 D OplusWifiSwitchStateMonitor: notify scan state: true
07-29 18:30:40.202  3514  4446 D BluetoothSystemServer: BluetoothRadioModeListener: Not sensitive to airplane_mode_radios change. Forced to false
07-29 18:30:40.202  3514  3514 D OplusWifiBroadCastDispatcher: mBroadcastReceiver: onReceiver  action=android.intent.action.AIRPLANE_MODE
07-29 18:30:40.203  3514  4612 D OplusWifiPower_ConnLpmEventObsever: AIRPLANE_MODE_ON:false
07-29 18:30:40.203  4833  4833 D RowAnimatorExtImpl: init:tx,view:StatusBarIconView(slot='volume' alpha=1.0 icon=StatusBarIcon(icon=Icon(typ=RESOURCE pkg=com.android.systemui id=0x7f0818f0) visible user=0 ) visibleState=ICON iconColor=#ccffffff staticDrawableColor=#ccffffff decorColor=#ffffffff animationStartColor=#0 currentSetColor=#ccffffff notification=null),translationX:  9.0  0.0  
07-29 18:30:40.203  4833  4833 D RowAnimatorExtImpl: init:tx,view:StatusBarIconView(slot='zen' alpha=1.0 icon=StatusBarIcon(icon=Icon(typ=RESOURCE pkg=com.android.systemui id=0x7f0818e1) visible user=0 ) visibleState=ICON iconColor=#ccffffff staticDrawableColor=#ccffffff decorColor=#ffffffff animationStartColor=#0 currentSetColor=#ccffffff notification=null),translationX:  57.0  48.0  
07-29 18:30:40.203  3514  4446 D BluetoothSystemServer: AirplaneModeListener: Ignore mode change to same state. previousMode=false, isOn=false, isOnOverrode=false, isMediaConnected=false
07-29 18:30:40.204  5063  8664 I txpwradmin:SettingsObserver: onChange for uri = content://settings/global/airplane_mode_on
07-29 18:30:40.204  4833  4833 D RowAnimatorExtImpl: init:tx,view:StatusBarIconView(slot='volume' alpha=1.0 icon=StatusBarIcon(icon=Icon(typ=RESOURCE pkg=com.android.systemui id=0x7f0818f0) visible user=0 ) visibleState=ICON iconColor=#ccffffff staticDrawableColor=#ccffffff decorColor=#ffffffff animationStartColor=#0 currentSetColor=#ccffffff notification=null),translationX:  9.0  0.0  
07-29 18:30:40.204  4833  4833 D RowAnimatorExtImpl: init:tx,view:StatusBarIconView(slot='zen' alpha=1.0 icon=StatusBarIcon(icon=Icon(typ=RESOURCE pkg=com.android.systemui id=0x7f0818e1) visible user=0 ) visibleState=ICON iconColor=#ccffffff staticDrawableColor=#ccffffff decorColor=#ffffffff animationStartColor=#0 currentSetColor=#ccffffff notification=null),translationX:  57.0  48.0  
07-29 18:30:40.204  4833  5700 V OplusCustomizeCacheManager: queryCache name: sys.cache.common_customize_cache11009 param: null
07-29 18:30:40.204  4833  5700 I SystemUi--QuickSettings: Tile.OplusAirplaneModeTile-->handleUpdateState state.state: 2 value: 0
07-29 18:30:40.204  4833  5700 V OplusCustomizeCacheManager: queryCache name: sys.cache.common_customize_cache18026 param: null
07-29 18:30:40.204  1983 10107 E PerformanceService: [damon_reclaim] Failed to open wmarks_xxx, Linux version 6.6.30
07-29 18:30:40.204  4833  4833 D RowAnimatorExtImpl: init:tx,view:StatusBarIconView(slot='volume' alpha=1.0 icon=StatusBarIcon(icon=Icon(typ=RESOURCE pkg=com.android.systemui id=0x7f0818f0) visible user=0 ) visibleState=ICON iconColor=#ccffffff staticDrawableColor=#ccffffff decorColor=#ffffffff animationStartColor=#0 currentSetColor=#ccffffff notification=null),translationX:  9.0  0.0  
07-29 18:30:40.204  4833  4833 D RowAnimatorExtImpl: init:tx,view:StatusBarIconView(slot='zen' alpha=1.0 icon=StatusBarIcon(icon=Icon(typ=RESOURCE pkg=com.android.systemui id=0x7f0818e1) visible user=0 ) visibleState=ICON iconColor=#ccffffff staticDrawableColor=#ccffffff decorColor=#ffffffff animationStartColor=#0 currentSetColor=#ccffffff notification=null),translationX:  57.0  48.0  
07-29 18:30:40.204  5023  5884 D NAS-CallIssueDetector: notifyApmChanged
07-29 18:30:40.204  5029  5029 W Settings: Setting airplane_mode_on has moved from android.provider.Settings.System to android.provider.Settings.Global, returning read-only value.
07-29 18:30:40.204  5063  8664 D txpwrJni: sendRadioStatus start
07-29 18:30:40.204  3514  4315 E PerformanceManager: setDamonReclaimWmarks succeed.
07-29 18:30:40.204  7400 12792 I SettingImpl: isAirplaneModeToggleChecked switchValue: -1, airplane mode isChecked is false
07-29 18:30:40.204  5023  5884 D NAS-CallIssueDetector: EVENT_SIM_STATE_CHANGE mSimState[0] LOADED
07-29 18:30:40.204  5023  5884 D SceneEvent: registerSensorMgr start
07-29 18:30:40.204  5183  5183 D SubsysBroadcastManager: onReceive action:android.intent.action.AIRPLANE_MODE
07-29 18:30:40.205  5023  5882 D OplusLinkBoostMeeting: onAirplaneModeChange
07-29 18:30:40.205  4909  4909 W Settings: Setting airplane_mode_on has moved from android.provider.Settings.System to android.provider.Settings.Global, returning read-only value.
07-29 18:30:40.205  4909  4909 W Settings: Setting airplane_mode_on has moved from android.provider.Settings.System to android.provider.Settings.Global, returning read-only value.
07-29 18:30:40.205  4909  4909 W Settings: Setting airplane_mode_on has moved from android.provider.Settings.System to android.provider.Settings.Global, returning read-only value.
07-29 18:30:40.205  4909  4909 W Settings: Setting airplane_mode_on has moved from android.provider.Settings.System to android.provider.Settings.Global, returning read-only value.
07-29 18:30:40.205  4909  4909 W Settings: Setting airplane_mode_on has moved from android.provider.Settings.System to android.provider.Settings.Global, returning read-only value.
07-29 18:30:40.205  5023  6396 I PCDR-common_no_service[0]: forbidden
07-29 18:30:40.205  5023  6396 I PCDR-common_no_45g[0]: forbidden
07-29 18:30:40.205  5023  6396 I PCDR-common_no_service[1]: forbidden
07-29 18:30:40.205  5023  6396 I PCDR-common_no_45g[1]: forbidden
07-29 18:30:40.205  5023  5982 D ElevatorEvent: enableElevatorDetect mIsElevSensorReg = false
07-29 18:30:40.205  5023  5982 V SystemSensorManagerExtImpl: RegisterListener elevator_detect  Wakeup type:33171036 delay:200000us by com.oplus.nas.comm.event.ElevatorEvent$a@d56e8e8 from com.oplus.nas
07-29 18:30:40.206  3514  4497 D WifiController: Airplane mode disabled, determine next state
07-29 18:30:40.206  3514  4497 D WifiActiveModeWarden: Starting primary ClientModeManager in scan only mode
07-29 18:30:40.206  3514  5652 D SensorService: createSensorEventConnection packageName = com.oplus.nas.comm.event.ElevatorEvent, opPackageName = com.oplus.nas, mCurrentOperatingMode = 0, requestedMode = 0
07-29 18:30:40.207  3514  5300 W SensorService: SensorEventConnection sensor handle=1362, package = com.oplus.nas.comm.event.ElevatorEvent enable
07-29 18:30:40.207  3514  5300 E SensorService: Required app com.oplus.nas.comm.event.ElevatorEvent, uid 1000, pid 5023
07-29 18:30:40.207  3514  5300 D SensorService: Calling batch handle==1362 flags=0rate=200000000 timeout== 0
07-29 18:30:40.207  5183  5183 D NetworkService[0]: onAirPlaneModeChange isAirPlaneModeOn:false
07-29 18:30:40.207  5183  5183 D NetworkService[1]: onAirPlaneModeChange isAirPlaneModeOn:false
07-29 18:30:40.207  5183  5183 D QuickChangeAirplaneModeEvent: airplane mode off
07-29 18:30:40.207  3514  5300 D SensorService: SensorDevice::batch: ident=0xb40000724daf1d40, handle=0x00000552, flags=0, period_ns=200000000 timeout=0
07-29 18:30:40.207  3514  5300 D SensorService: 	>>> actuating h/w BATCH 0x00000552 200000000 0
07-29 18:30:40.207  1814  1814 I sensors-hal: batch:153, qti.sensor.elevator_detect/1362, period=200000000, max_latency=0
07-29 18:30:40.207  1814  1814 I sensors-hal: batch:175, qti.sensor.elevator_detect/1362, period=200000000, max_latency=0 request completed
07-29 18:30:40.208  3514  5300 D SensorService: Calling activate on 1362
07-29 18:30:40.208  3514  5300 D SensorService: SensorDevice::activate: ident=0xb40000724daf1d40, handle=0x00000552, enabled=1, count=1
07-29 18:30:40.208  3514  5300 D SensorService: enable index=0
07-29 18:30:40.208  3514  5300 D SensorService: info.numActiveClients() = 1, info.isActive = 0
07-29 18:30:40.208  3514  5300 D SensorService: activateHardware = 1
07-29 18:30:40.208  3514  5300 D SensorService: 	>>> actuating h/w activate handle=1362 enabled=1
07-29 18:30:40.208  1814  1814 I sensors-hal: activate:112, qti.sensor.elevator_detect/1362 en=1
07-29 18:30:40.208  1814  1814 I sensors-hal: acquire_qsh_interface:131, acquire_qsh_interface with sensor_id 28 , conn_type 2 
07-29 18:30:40.208  4909  4909 D PhoneGlobals: ACTION_AIRPLANE_MODE_CHANGED received
07-29 18:30:40.208  4909  4909 D PhoneGlobals: Receive ACTION_AIRPLANE_MODE_CHANGED, state: false
07-29 18:30:40.209  4909  4909 I PhoneGlobals: handleAirplaneModeChange: isAirplaneNewlyOn=false
07-29 18:30:40.209  3514  4497 D WifiController: DisabledState.exit()
07-29 18:30:40.209  4909  4909 D PhoneGlobals: handleAirplaneModeChange: isAirplaneNewlyOn = false, cellState = 2
07-29 18:30:40.209  3514  4497 D WifiController: EnabledState.enter()
07-29 18:30:40.209  4909  4909 I PhoneGlobals: Turning radio on - airplane
07-29 18:30:40.209  3514  4497 D WifiClientModeManager[58859:unknown]: entering IdleState
07-29 18:30:40.209  5029  5029 I HidlServiceManagement: Trying to get transport of vendor.oplus.hardware.appradio@1.0::IOplusAppRadio/oplus_app_slot1 without hwservicemanager
07-29 18:30:40.209  1791  1842 E minksocket: MinkIPC ERROR: ( 1791:1842 ) MinkIPC_preProcess:272 Client down, but cannot find corresponding minksession
07-29 18:30:40.209  5029  5029 E NhsAppRIL/0: in getOplusRadioProxy getService: Exception: java.util.NoSuchElementException
07-29 18:30:40.210  1791  1858 E minksocket: MinkIPC ERROR: ( 1791:1858 ) MinkIPC_preProcess:272 Client down, but cannot find corresponding minksession
07-29 18:30:40.210  1791  1858 E minksocket: MinkIPC ERROR: ( 1791:1858 ) MinkIPC_preProcess:272 Client down, but cannot find corresponding minksession
07-29 18:30:40.210  1791  1842 E minksocket: MinkIPC ERROR: ( 1791:1842 ) MinkIPC_preProcess:272 Client down, but cannot find corresponding minksession
07-29 18:30:40.211  1791  1858 E minksocket: MinkIPC ERROR: ( 1791:1858 ) MinkIPC_preProcess:272 Client down, but cannot find corresponding minksession
07-29 18:30:40.211  1791  1842 E minksocket: MinkIPC ERROR: ( 1791:1842 ) MinkIPC_preProcess:272 Client down, but cannot find corresponding minksession
07-29 18:30:40.211  5023  5878 D ResidenceLocSm: onPreHandleMessage 49
07-29 18:30:40.211  5023  5878 D ResidenceLocSm: onPostHandleMessage 49
07-29 18:30:40.211  1827  8733 W android.hardware.wifi-service: No active wlan interfaces in use! Using default
07-29 18:30:40.211  5117  5117 I QImsService: OplusWifiApmStateMgr : ACTION_AIRPLANE_MODE_CHANGED,mIsAirplaneModeOn: false
07-29 18:30:40.211  5117  5117 I QImsService: OplusImsServiceSubImpl : onTurnOffImsAfterWifiChanged : false
07-29 18:30:40.211  5117  5117 I QImsService: OplusImsServiceSubImpl : onTurnOffImsAfterWifiChanged : false
07-29 18:30:40.211  1814  1814 I sensors-hal: qsh_qmi:34, qsh_qmi
07-29 18:30:40.211  5183  5183 W Settings: Setting airplane_mode_on has moved from android.provider.Settings.System to android.provider.Settings.Global, returning read-only value.
07-29 18:30:40.211  1814  1814 I sensors-hal: send_sync_sensor_request:443, send sync request
07-29 18:30:40.211  1791  1858 E minksocket: MinkIPC ERROR: ( 1791:1858 ) MinkIPC_preProcess:272 Client down, but cannot find corresponding minksession
07-29 18:30:40.211  1814  1814 I sensors-hal: send_sync_sensor_request:472, wait for notification of response
07-29 18:30:40.212  5029  5029 D NhsElevatorReceiver: enableElevatorDetect mIsElevSensorReg = false
07-29 18:30:40.212  5029  5029 V SystemSensorManagerExtImpl: RegisterListener elevator_detect  Wakeup type:33171036 delay:200000us by t0.g$b@131df1b from com.oplus.nhs
07-29 18:30:40.212  5183  5183 D RadioMessenger: handleMessage Request msgid 2215
07-29 18:30:40.212  1791  1842 E minksocket: MinkIPC ERROR: ( 1791:1842 ) MinkIPC_preProcess:272 Client down, but cannot find corresponding minksession
07-29 18:30:40.212  4833  5114 I SystemUi--QuickSettings: Tile.OplusCellularTile-->updateCarrierText: dialog not showing, ignore
07-29 18:30:40.212  4833  5700 I SystemUi--QuickSettings: Tile.OplusAirplaneModeTile-->handleUpdateState state.state: 1 value: 0
07-29 18:30:40.212  4833  5700 V OplusCustomizeCacheManager: queryCache name: sys.cache.common_customize_cache18026 param: null
07-29 18:30:40.213  1814 13005 I sensors-hal: qsh_conn_resp_cb:793, resp_value = 0 for elevator_detect 
07-29 18:30:40.213  3514  5286 D SensorService: createSensorEventConnection packageName = t0.g, opPackageName = com.oplus.nhs, mCurrentOperatingMode = 0, requestedMode = 0
07-29 18:30:40.213  1814  1814 I sensors-hal: send_sync_sensor_request:478, takes 1 ms to receive the response with 0
07-29 18:30:40.213  1814  1814 I sensors-hal: activate:131, qti.sensor.elevator_detect/1362 en=1 completed
07-29 18:30:40.213  3514  4497 D OplusWifiConcurrentManager: isConcurrentCombinationAllowed : createMode= 0, requestType =-1
07-29 18:30:40.213  3514  5300 D SensorService: 0xb40000724daf1d40 addFd fd=921
07-29 18:30:40.213  5183  5183 D RadioProxyJ: [PHONE0][92]> getNecData moduleId:1 evtId:[0, 16, 0, 0, 0, 0, 0, 0, 0, 0, 0, 0, 0, 0, 0, 0, 0, 0, 0, 0, 0, 0, 0, 0, 0, 0, 0, 0, 0, 0, 0, 0]
07-29 18:30:40.213  5023  5982 D ElevatorEvent: elevator:registerForElevatorDetect  , true mIsElevSensorReg = true
07-29 18:30:40.213  5023  5982 D SceneEvent: registerSensorMgr start
07-29 18:30:40.213  5023  5982 D SceneEvent: registerSensorMgr already start,return
07-29 18:30:40.213  4833  5114 D SimStateHelper: slot:0, lock state:Bundle[mParcelledData.dataSize=56]
07-29 18:30:40.213  4833  5114 D SimStateHelper: slot:1, lock state:Bundle[mParcelledData.dataSize=56]
07-29 18:30:40.213  4833  5114 D SimStateHelper: needDisableMenu: slot1State=-1; slot2State=-1
07-29 18:30:40.213  4833  5114 D SimStateHelper: needDisableMenu:false
07-29 18:30:40.214  3514  4497 I HalDevMgr: currentModeId=3, requestModeId=3, currentModeIdValid=true
07-29 18:30:40.214  1827  8733 D WifiHAL : wifi_set_interface_mode: ifname=wlan0 iface_type=0
07-29 18:30:40.214  3514  5563 W SensorService: SensorEventConnection sensor handle=1362, package = t0.g enable
07-29 18:30:40.214  3514  5563 E SensorService: Required app t0.g, uid 1001, pid 5029
07-29 18:30:40.214  1827  8733 I android.hardware.wifi-service: Adding interface handle for wifi-aware0
07-29 18:30:40.214  1827  8733 I android.hardware.wifi-service: Adding interface handle for p2p0
07-29 18:30:40.214  1827  8733 I android.hardware.wifi-service: Adding interface handle for wlan0
07-29 18:30:40.214  3419  3473 D QmiVsClient: getNecData - enter
07-29 18:30:40.215  3514  5563 D SensorService: Calling batch handle==1362 flags=0rate=200000000 timeout== 0
07-29 18:30:40.215  3514  5563 D SensorService: SensorDevice::batch: ident=0xb400007160ae6ec0, handle=0x00000552, flags=0, period_ns=200000000 timeout=0
07-29 18:30:40.215  3514  5563 D SensorService: Calling activate on 1362
07-29 18:30:40.215  3514  5563 D SensorService: SensorDevice::activate: ident=0xb400007160ae6ec0, handle=0x00000552, enabled=1, count=2
07-29 18:30:40.215  3514  5563 D SensorService: enable index=0
07-29 18:30:40.215  3514  5563 D SensorService: info.numActiveClients() = 2, info.isActive = 1
07-29 18:30:40.215  3514  5563 D SensorService: activateHardware = 0
07-29 18:30:40.215  3514  5563 D SensorService: 0xb400007160ae6ec0 addFd fd=935
07-29 18:30:40.215  3419  3473 E QmiVsClient: sendAsyncRequest QMI_VS_GET_NEC_DATA_REQ_MSG_V01 ret 0
07-29 18:30:40.215  5029  5029 D NhsElevatorReceiver: elevator:registerForElevatorDetect  , true mIsElevSensorReg = true
07-29 18:30:40.215  5029  5029 D NhsSceneReceiver: registerSensorMgr start
07-29 18:30:40.215  5029  5029 V SystemSensorManagerExtImpl: RegisterListener oplus_activity_recognition  Wakeup type:33171037 delay:200000us by t0.k$a@e1868b8 from com.oplus.nhs
07-29 18:30:40.215  3514  5286 D SensorService: createSensorEventConnection packageName = t0.k, opPackageName = com.oplus.nhs, mCurrentOperatingMode = 0, requestedMode = 0
07-29 18:30:40.215  3514  4497 D HalDevMgr: updateRttController: no one is interested in RTT controllers
07-29 18:30:40.215  3514  4497 E HalDevMgr: removeP2pAndSapCombination do nothing: mIsAddedP2pAndSapCombination = false
07-29 18:30:40.215  3514  5300 W SensorService: SensorEventConnection sensor handle=1372, package = t0.k enable
07-29 18:30:40.215  3514  5300 E SensorService: Required app t0.k, uid 1001, pid 5029
07-29 18:30:40.215  1827  8733 W android.hardware.wifi-service: AIBinder_linkToDeath is being called with a non-null cookie and no onUnlink callback set. This might not be intended. AIBinder_DeathRecipient_setOnUnlinked should be called first.
07-29 18:30:40.216  1827  8733 I android.hardware.wifi-service: twtRegisterEvents is not supported-3
07-29 18:30:40.216  3514  5300 D SensorService: enable sensor send lastEvent 1372
07-29 18:30:40.216  1827  8733 W android.hardware.wifi-service: AIBinder_linkToDeath is being called with a non-null cookie and no onUnlink callback set. This might not be intended. AIBinder_DeathRecipient_setOnUnlinked should be called first.
07-29 18:30:40.217  1827  8733 D WifiHAL : wifi_get_chip_capabilities: max mlo assoc link cnt: 2 str link cnt 2
07-29 18:30:40.217  3514  4497 D WifiNl80211Manager: Setting up interface for client mode: wlan0
07-29 18:30:40.217  3514  5300 D SensorService: Calling batch handle==1372 flags=0rate=200000000 timeout== 0
07-29 18:30:40.217  3514  5300 D SensorService: SensorDevice::batch: ident=0xb400007204e96800, handle=0x0000055c, flags=0, period_ns=200000000 timeout=0
07-29 18:30:40.217  3514  5300 D SensorService: Calling activate on 1372
07-29 18:30:40.217  2729  2729 I wificond: Current driver country code US
07-29 18:30:40.217  3514  5300 D SensorService: SensorDevice::activate: ident=0xb400007204e96800, handle=0x0000055c, enabled=1, count=4
07-29 18:30:40.217  3514  5300 D SensorService: enable index=1
07-29 18:30:40.217  3514  5300 D SensorService: info.numActiveClients() = 4, info.isActive = 1
07-29 18:30:40.217  3514  5300 D SensorService: activateHardware = 0
07-29 18:30:40.217  3514  5300 D SensorService: 0xb400007204e96800 addFd fd=948
07-29 18:30:40.218  3514  5570 D WifiNl80211Manager: OnRegDomainChanged US
07-29 18:30:40.218  2729  2729 I wificond: createClientInterface: wiphy_index 0 iface_name wlan0
07-29 18:30:40.218  5029  5029 D NhsSceneReceiver: sensor name is oplus_activity_recognition  Wakeup, registerState:true
07-29 18:30:40.218  3514  5570 D WifiNative: onCountryCodeChanged: US
07-29 18:30:40.218  3514  5570 I WifiCountryCode: Receive onDriverCountryCodeChanged US
07-29 18:30:40.218  5029  5029 D NhsSceneReceiver: onAccuracyChanged
07-29 18:30:40.218  5029  5029 E NhsAppRILMsger: EVENT_REQ_EVENT_DONE Error received :com.android.internal.telephony.CommandException: RADIO_NOT_AVAILABLE
07-29 18:30:40.218  2729  2729 I wificond: create scanner for interface with index: 27
07-29 18:30:40.218  2729  2729 I wificond: subscribe scan result for interface with index: 27
07-29 18:30:40.218  3514  5570 D WifiScanRequestProxy: Sending scan available broadcast: true
07-29 18:30:40.218  3419  3884 D QmiVsClient: getNecData callback - enter
07-29 18:30:40.219  3419  3473 D VsProxy : handleMessage msg is 4001
07-29 18:30:40.219  3419  3473 D RadioProxy: getNecData : response cb for instance 0
07-29 18:30:40.219  3514  4502 I WifiScanningService: Received a request to enable scanning, UID = 1000
07-29 18:30:40.219  3514  5570 I WifiScanRequestProxy: Scanning is enabled
07-29 18:30:40.219  3514  5570 I WifiScanRequestProxy: Scanning for hidden networks is disabled
07-29 18:30:40.219  2729  2729 I wificond: add channel type 0 support at wiphy index: 0
07-29 18:30:40.219  2729  2729 I wificond: add channel type 1 support at wiphy index: 0
07-29 18:30:40.219  5183  5183 D MessengerResponseHandler: handleMessage Response msgid 206
07-29 18:30:40.219  3514  3514 D OplusWifiBroadCastDispatcher: mBroadcastReceiver: onReceiver  action=android.net.wifi.action.WIFI_SCAN_AVAILABILITY_CHANGED
07-29 18:30:40.219  5183  6114 D RadioProxyJ: [PHONE0][92]< getNecDataResponse ******
07-29 18:30:40.219  3514  4614 D OplusWifiPower_ConnLpmEventObsever: onReceive EXTRA_SCAN_AVAILABLE availabe = true
07-29 18:30:40.219  3514  4614 D OplusWifiPowerService: onReceive action:android.net.wifi.action.WIFI_SCAN_AVAILABILITY_CHANGED
07-29 18:30:40.219  3514  4614 D OplusWifiSwitchStateMonitor: scan settings change to true
07-29 18:30:40.220  3514  5300 W BestClock: java.time.DateTimeException: Missing network time fix
07-29 18:30:40.220  1686  1735 E TetherController: property_get sys.radio.data.modem_share_flag return 0, 1!
07-29 18:30:40.220  5029  5405 D NhsSceneReceiver: onSensorChanged: name = oplus_activity_recognition  Wakeup
07-29 18:30:40.220  5029  5405 D NhsSceneReceiver: enter still_state
07-29 18:30:40.220  7095  7095 I OsAgent : onReceive: android.net.wifi.action.WIFI_SCAN_AVAILABILITY_CHANGED
07-29 18:30:40.220  7095  8254 I OsAgent : updateWiFiScanAvailState, scanAvailable: true
07-29 18:30:40.220  7095  8254 D OsAgentAidlClient: [bool_dataitem_update][1570] [HC] =>> [HS]
07-29 18:30:40.220  3514  4497 I WifiNative: Interface state changed on Iface:{Name=wlan0,Id=1,Type=STA_SCAN}, isUp=true
07-29 18:30:40.220  1827  8733 I WifiHAL : mpdu_size_threshold : 128, aggressive_statistics_gathering : 0
07-29 18:30:40.221  3514  4497 I WifiNative: Successfully setup Iface:{Name=wlan0,Id=1,Type=STA_SCAN}
07-29 18:30:40.221  3514  4497 E SupplicantStaIfaceHalAidlImpl: Can't call getKeyMgmtCapabilities, ISupplicantStaIface is null for iface=wlan0
07-29 18:30:40.221  3514  5300 W BestClock: java.time.DateTimeException: Missing network time fix
07-29 18:30:40.221  1808  1880 I LocSvc_SystemStatusOsObserver: sendCachedDataItems:471] DataItem: IS_WIFI_HARDWARE_ON: true >> Wiper
07-29 18:30:40.221  3514  5300 W BestClock: java.time.DateTimeException: Missing network time fix
07-29 18:30:40.222  1808  1920 I LocSvc_api_v02: ---> locClientSendReq line 2409 QMI_LOC_NOTIFY_WIFI_ENABLED_STATUS_REQ_V02
07-29 18:30:40.222  1808  3954 I LocSvc_ApiV02: <--- globalRespCb line 282 QMI_LOC_NOTIFY_WIFI_ENABLED_STATUS_REQ_V02
07-29 18:30:40.222  1827  1878 I WifiHAL : wifi_get_supported_radio_combinations_matrix: enter
07-29 18:30:40.222  1827  1878 I WifiHAL : wifi_parse_radio_combinations_matrix: radio_combinations[1]: num_radio_configurations 1
07-29 18:30:40.222  1827  1878 I WifiHAL : wifi_parse_radio_combinations_matrix: radio_combinations[2]: num_radio_configurations 1
07-29 18:30:40.222  1827  1878 I WifiHAL : wifi_parse_radio_combinations_matrix: radio_combinations[3]: num_radio_configurations 1
07-29 18:30:40.222  1827  1878 I WifiHAL : wifi_parse_radio_combinations_matrix: radio_combinations[4]: num_radio_configurations 2
07-29 18:30:40.222  1827  1878 I WifiHAL : wifi_parse_radio_combinations_matrix: radio_combinations[5]: num_radio_configurations 2
07-29 18:30:40.222  1827  1878 I WifiHAL : wifi_parse_radio_combinations_matrix: radio_combinations[6]: num_radio_configurations 2
07-29 18:30:40.222  1827  1878 I WifiHAL : wifi_parse_radio_combinations_matrix: num_radio_combinations 6, radio_matrix_size 100
07-29 18:30:40.223  3514  4497 E SupplicantStaIfaceHalAidlImpl: Can't call getWpaDriverCapabilities, ISupplicantStaIface is null for iface=wlan0
07-29 18:30:40.223  3514  4497 E WifiStaIfaceAidlImpl: getTwtCapabilities failed with service-specific exception: android.os.ServiceSpecificException:  (code 4)
07-29 18:30:40.223  5023  5882 W BestClock: java.time.DateTimeException: Missing network time fix
07-29 18:30:40.224  3514  5577 W BestClock: java.time.DateTimeException: Missing network time fix
07-29 18:30:40.224  5023  5882 V MonthTrafficAlert: getWarningNotification subId:1 numWarningNotificaion:0
07-29 18:30:40.224  3514  4497 E WifiChipAidlImpl: enableStaChannelForPeerNetwork failed with service-specific exception: android.os.ServiceSpecificException:  (code 4)
07-29 18:30:40.224  3514  4497 D WifiNative: setWifiNativeInterfaceEventCallback
07-29 18:30:40.224  3514  4497 D WifiClientModeManager[58859:wlan0]: entering StartedState
07-29 18:30:40.224  1827  8733 E WifiHAL : wifi_get_gscan_capabilities: GSCAN is not supported by driver
07-29 18:30:40.224  3514  4502 E WifiStaIfaceAidlImpl: getBackgroundScanCapabilities failed with service-specific exception: android.os.ServiceSpecificException:  (code 4)
07-29 18:30:40.224  3514  4497 D WifiClientModeManager[58859:wlan0]: entering ScanOnlyModeState
07-29 18:30:40.224  3514  4497 D WifiScanRequestProxy: Sending scan available broadcast: true
07-29 18:30:40.224  4833  5700 V OplusCustomizeCacheManager: queryCache name: sys.cache.common_customize_cache18014 param: null
07-29 18:30:40.224  3514  4497 I WifiScanRequestProxy: Scanning is enabled
07-29 18:30:40.224  3514  4497 I WifiScanRequestProxy: Scanning for hidden networks is disabled
07-29 18:30:40.224  4833  5700 V OplusCustomizeCacheManager: queryCache name: sys.cache.common_customize_cache18017 param: Bundle[{SETTING=BLOCK, BUSINESS=NCT-DATA}]
07-29 18:30:40.224  4833  5700 V OplusCustomizeCacheManager: queryCache name: sys.cache.common_customize_cache18013 param: null
07-29 18:30:40.225  1827  1878 D WifiHAL : wifi_multi_sta_set_use_case: 0
07-29 18:30:40.225  3514  3514 D OplusWifiBroadCastDispatcher: mBroadcastReceiver: onReceiver  action=android.net.wifi.action.WIFI_SCAN_AVAILABILITY_CHANGED
07-29 18:30:40.225  7095  7095 I OsAgent : onReceive: android.net.wifi.action.WIFI_SCAN_AVAILABILITY_CHANGED
07-29 18:30:40.225  3514  4497 D WifiCountryCode: evaluateAllCmmStateAndApplyIfAllReady: {ConcreteClientModeManager{id=58859 iface=wlan0 role=ROLE_CLIENT_SCAN_ONLY}=true}
07-29 18:30:40.225  3514  4497 D WifiCountryCode: Reading country code from telephony
07-29 18:30:40.225  7095  8254 I OsAgent : updateWiFiScanAvailState, scanAvailable: true
07-29 18:30:40.225  1814  6379 I sensors-hal: qsh_conn_event_cb:756, event[0] msg_id=1025, ts=1212711077, sensor_type = oplus_activity_recognition  Wakeup
07-29 18:30:40.225  3514  4497 D WifiCountryCode: Set telephony country code to: 
07-29 18:30:40.225  1814  6379 E sensors-hal: handle_sns_std_sensor_event:72, oplus_activity_recognition output: count: 1.000000, index: 1.000000, incar_state: 0.000000, actvity_mode: 3.000000, delta_time: 0.000000 !
07-29 18:30:40.225  3514  4614 D OplusWifiPower_ConnLpmEventObsever: onReceive EXTRA_SCAN_AVAILABLE availabe = true
07-29 18:30:40.225  3514  4614 D OplusWifiPowerService: onReceive action:android.net.wifi.action.WIFI_SCAN_AVAILABILITY_CHANGED
07-29 18:30:40.225  3514  4497 D WifiCountryCode: updateCountryCode to US
07-29 18:30:40.225  3514  4497 D WifiCountryCode: setCountryCodeNative: US, isClientModeOnly: true mDriverCountryCode: US
07-29 18:30:40.226  3514  4614 D OplusWifiSwitchStateMonitor: scan settings change to true
07-29 18:30:40.226  3514  5300 W BestClock: java.time.DateTimeException: Missing network time fix
07-29 18:30:40.226  3514  5577 W BestClock: java.time.DateTimeException: Missing network time fix
07-29 18:30:40.226  4833  5700 V OplusCustomizeCacheManager: queryCache name: sys.cache.common_customize_cache18014 param: null
07-29 18:30:40.226  5029  5405 D NhsSceneReceiver: onSensorChanged: name = oplus_activity_recognition  Wakeup
07-29 18:30:40.226  4833  5700 V OplusCustomizeCacheManager: queryCache name: sys.cache.common_customize_cache18017 param: Bundle[{SETTING=BLOCK, BUSINESS=NCT-DATA}]
07-29 18:30:40.226  4833  5700 V OplusCustomizeCacheManager: queryCache name: sys.cache.common_customize_cache18013 param: null
07-29 18:30:40.227  3514  4502 I WifiScanningService: Created a new impl for wlan0
07-29 18:30:40.227  3514  4502 I WifiScanningService: Received a request to enable scanning, UID = 1000
07-29 18:30:40.227  3514  4502 I WifiScanningService: scanner impls already exists
07-29 18:30:40.227  3514  4502 I WifiScanningService: wifi driver loaded with scan capabilities: max buckets=16
07-29 18:30:40.227  3514  4502 E WifiScanningService: wifi driver loaded received while already loaded
07-29 18:30:40.227  5023  5367 D SceneEvent: onSensorChanged: name = oplus_activity_recognition  Wakeup
07-29 18:30:40.227  3514  5300 W BestClock: java.time.DateTimeException: Missing network time fix
07-29 18:30:40.228  3514  5300 W BestClock: java.time.DateTimeException: Missing network time fix
07-29 18:30:40.228  4833  5700 V OplusCustomizeCacheManager: queryCache name: sys.cache.common_customize_cache18014 param: null
07-29 18:30:40.228  4833  5700 V OplusCustomizeCacheManager: queryCache name: sys.cache.common_customize_cache18017 param: Bundle[{SETTING=BLOCK, BUSINESS=NCT-DATA}]
07-29 18:30:40.228  4833  5700 V OplusCustomizeCacheManager: queryCache name: sys.cache.common_customize_cache18013 param: null
07-29 18:30:40.230  1814  4455 I sensors-hal: handle_oplus_wise_rgb_event:189, high_pwm_light:lux 180.9,cct 3568.7,brl/algo/ir 1337.0/2.0/23.3,pwm/dc 0.0/0.0,rgbc 14175.348633/9561.944336/4076.215576/26574.087891,ts 58728527338,cnt 840,flag 160
07-29 18:30:40.231  1897  4450 I Dpps    : LtmSwState::SetParameter():144 ignore cmd 7 in state LtmOffState
07-29 18:30:40.231  5155  6192 D IWlanJni: getDataRegistrationState start
07-29 18:30:40.232  5155  6192 D IWlanJni: getDataRegistrationState start
07-29 18:30:40.232  5155  6210 D IWlanJni: new aidl event arrived
07-29 18:30:40.232  5183  5183 D SubsysEventListenerManager-SubsysTelephonyCallback[0]: onSignalStrengthsChanged
07-29 18:30:40.232  3514  5300 I OplusBinderProxy: pb uid: 10215 pid: 10865 desc: com.android.internal.telephony.IPhoneStateListener/10
07-29 18:30:40.232  5155  6210 D IWlanJni: handleEvent 10
07-29 18:30:40.232  5155  6210 D IWlanJni: isThreadAttached start
07-29 18:30:40.232  5155  6210 D IWlanJni: jni detached
07-29 18:30:40.232  5155  6210 D IWlanJni: jni attached
07-29 18:30:40.232  5155  6210 D IWlanJni: getDataRegistrationStateResponse start
07-29 18:30:40.232  5155  6210 D IWlanJni: getJavaCallbackClass start
07-29 18:30:40.232  5155  6210 D IWlanJni: getJavaCallbackClass End midIs[1]
07-29 18:30:40.232  5155  6210 I IWlanAidlClient: getDataRegistrationStateResponse called
07-29 18:30:40.232  4909  4909 D OplusTelephonyController: onSignalStrengthChanged: SignalStrength=SignalStrength:{mCdma=CellSignalStrengthCdma: cdmaDbm=2147483647 cdmaEcio=2147483647 evdoDbm=2147483647 evdoEcio=2147483647 evdoSnr=2147483647 level=0,mGsm=CellSignalStrengthGsm: rssi=2147483647 ber=2147483647 mTa=2147483647 mLevel=0,mWcdma=CellSignalStrengthWcdma: ss=2147483647 ber=2147483647 rscp=2147483647 ecno=2147483647 level=0,mTdscdma=CellSignalStrengthTdscdma: rssi=2147483647 ber=2147483647 rscp=2147483647 level=0,mLte=CellSignalStrengthLte: rssi=2147483647 rsrp=2147483647 rsrq=2147483647 rssnr=2147483647 cqiTableIndex=2147483647 cqi=2147483647 ta=2147483647 level=0 parametersUseForLevel=0,mNr=CellSignalStrengthNr:{ csiRsrp = 2147483647 csiRsrq = 2147483647 csiCqiTableIndex = 2147483647 csiCqiReport = [] ssRsrp = 2147483647 ssRsrq = 2147483647 ssSinr = 2147483647 level = 0 parametersUseForLevel = 0 timingAdvance = 2147483647 },primary=CellSignalStrengthLte}
07-29 18:30:40.233  5155  6209 W IWlanNetworkService: 6 > Response Processed
07-29 18:30:40.233  5155  6204 D IWlanJni: new aidl event arrived
07-29 18:30:40.233  5155  6204 D IWlanJni: handleEvent 10
07-29 18:30:40.233  5155  6204 D IWlanJni: isThreadAttached start
07-29 18:30:40.233  5155  6204 D IWlanJni: jni detached
07-29 18:30:40.233  5155  6204 D IWlanJni: jni attached
07-29 18:30:40.233  5155  6204 D IWlanJni: getDataRegistrationStateResponse start
07-29 18:30:40.233  5155  6204 D IWlanJni: getJavaCallbackClass start
07-29 18:30:40.233  5155  6204 D IWlanJni: getJavaCallbackClass End midIs[1]
07-29 18:30:40.233  5155  6204 I IWlanAidlClient: getDataRegistrationStateResponse called
07-29 18:30:40.233  1808  3699 E LOCRIL_SESSION: operator():200] SubId: 1 Failed to get sim IO with error: 11
07-29 18:30:40.233  5155  6203 W IWlanNetworkService: 7 > Response Processed
07-29 18:30:40.234  1808  3699 E LOCRIL_SESSION: operator():241] SubId: 1 Failed to get sim IMSI with error: 11
07-29 18:30:40.235  3514  5563 W BestClock: java.time.DateTimeException: Missing network time fix
07-29 18:30:40.236  5155  6192 D IWlanJni: getDataRegistrationState start
07-29 18:30:40.236  3514  5563 W BestClock: java.time.DateTimeException: Missing network time fix
07-29 18:30:40.236  5155  6204 D IWlanJni: new aidl event arrived
07-29 18:30:40.236  5155  6204 D IWlanJni: handleEvent 10
07-29 18:30:40.236  5155  6204 D IWlanJni: isThreadAttached start
07-29 18:30:40.236  5155  6204 D IWlanJni: jni detached
07-29 18:30:40.236  5155  6204 D IWlanJni: jni attached
07-29 18:30:40.236  5155  6204 D IWlanJni: getDataRegistrationStateResponse start
07-29 18:30:40.236  5155  6204 D IWlanJni: getJavaCallbackClass start
07-29 18:30:40.236  5155  6204 D IWlanJni: getJavaCallbackClass End midIs[1]
07-29 18:30:40.236  5023  5098 D SaDataService: onTelephonyEventReport , subId= 0,slotId=-1 eventId=6030
07-29 18:30:40.236  5155  6204 I IWlanAidlClient: getDataRegistrationStateResponse called
07-29 18:30:40.236  5023  5098 D TelephonyImpl: notify eventId:6030 for list size:2
07-29 18:30:40.236  4833  5700 V OplusCustomizeCacheManager: queryCache name: sys.cache.common_customize_cache18014 param: null
07-29 18:30:40.236  4833  5700 V OplusCustomizeCacheManager: queryCache name: sys.cache.common_customize_cache18017 param: Bundle[{SETTING=BLOCK, BUSINESS=NCT-DATA}]
07-29 18:30:40.236  4833  5700 V OplusCustomizeCacheManager: queryCache name: sys.cache.common_customize_cache18013 param: null
07-29 18:30:40.237  5183  8590 D VendorTelephonyService: onTelephonyEventReport slotId =0 eventId=6030
07-29 18:30:40.237  5183  8590 D VendorTelephonyService: onTelephonyEventReport slotId =0 eventId=6030
07-29 18:30:40.237  5183  5183 D VendorCallService: notityEventUpdate, eventId:6030, slotId = 0
07-29 18:30:40.237  5155  6192 D IWlanJni: getDataRegistrationState start
07-29 18:30:40.237  5155  6203 W IWlanNetworkService: 8 > Response Processed
07-29 18:30:40.237  5155  6210 D IWlanJni: new aidl event arrived
07-29 18:30:40.237  5155  6210 D IWlanJni: handleEvent 10
07-29 18:30:40.237  5155  6210 D IWlanJni: isThreadAttached start
07-29 18:30:40.237  5155  6210 D IWlanJni: jni detached
07-29 18:30:40.237  5155  6210 D IWlanJni: jni attached
07-29 18:30:40.238  1808  3697 W LOCRIL_SESSION: operator():307] cellInfo list size is 0, Voice state: 3, data state: 3
07-29 18:30:40.238  5183  8590 D VendorTelephonyService: onTelephonyEventReport slotId =0 eventId=6030
07-29 18:30:40.238  5183  8590 D VendorTelephonyService: onTelephonyEventReport slotId =0 eventId=6030
07-29 18:30:40.238  5023  5098 D SaDataService: onTelephonyEventReport , subId= 0,slotId=-1 eventId=6030
07-29 18:30:40.238  5023  5098 D TelephonyImpl: notify eventId:6030 for list size:2
07-29 18:30:40.238  5183  5183 D VendorCallService: notityEventUpdate, eventId:6030, slotId = 0
07-29 18:30:40.238  1808  3699 E LOCRIL_SESSION: operator():200] SubId: 1 Failed to get sim IO with error: 11
07-29 18:30:40.239  5155  6210 D IWlanJni: getDataRegistrationStateResponse start
07-29 18:30:40.239  5155  6210 D IWlanJni: getJavaCallbackClass start
07-29 18:30:40.239  5155  6210 D IWlanJni: getJavaCallbackClass End midIs[1]
07-29 18:30:40.239  5155  6210 I IWlanAidlClient: getDataRegistrationStateResponse called
07-29 18:30:40.239  5155  6209 W IWlanNetworkService: 9 > Response Processed
07-29 18:30:40.239  1808  3699 E LOCRIL_SESSION: operator():241] SubId: 1 Failed to get sim IMSI with error: 11
07-29 18:30:40.241  4992  5018 D QtiOemHookAidl: oemHookRawIndication length=24
07-29 18:30:40.241  4992  5630 D QtiOemHookAidl: oemHookRawIndication length=24
07-29 18:30:40.242  4992  4992 D QcrilMsgTunnelIfaceManager: handleMessage what = 0
07-29 18:30:40.243  6387  6387 I wpa_supplicant: p2p0: CTRL-EVENT-REGDOM-CHANGE init=DRIVER type=COUNTRY alpha2=US
07-29 18:30:40.243  5117  6014 I QImsService: ImsRadioIndicationAidl : onRadioStateChanged()[SUB0]
07-29 18:30:40.243  5117  6014 I QImsService: ImsSenderRxr : [UNSL]< UNSOL_RADIO_STATE_CHANGED RADIO_ON[SUB0]
07-29 18:30:40.243  2729  2729 I wificond: Regulatory domain changed to country: US on wiphy_index: 0
07-29 18:30:40.243  2729  2729 I wificond: UpdateBandInfo
07-29 18:30:40.243  3514  5484 D WifiNl80211Manager: OnRegDomainChanged US
07-29 18:30:40.243  3514  5484 D WifiNative: onCountryCodeChanged: US
07-29 18:30:40.243  3514  5484 I WifiCountryCode: Receive onDriverCountryCodeChanged US
07-29 18:30:40.243  3514  5484 D WifiScanRequestProxy: Sending scan available broadcast: true
07-29 18:30:40.244  3514  4502 I WifiScanningService: Received a request to enable scanning, UID = 1000
07-29 18:30:40.244  3514  5484 I WifiScanRequestProxy: Scanning is enabled
07-29 18:30:40.244  3514  5484 I WifiScanRequestProxy: Scanning for hidden networks is disabled
07-29 18:30:40.244  5117  6016 I QImsService: ImsRadioIndicationAidl : onRadioStateChanged()[SUB1]
07-29 18:30:40.244  5117  6016 I QImsService: ImsSenderRxr : [UNSL]< UNSOL_RADIO_STATE_CHANGED RADIO_ON[SUB1]
07-29 18:30:40.244  2729  2729 I wificond: 2.4Ghz frequencies: 2412 2417 2422 2427 2432 2437 2442 2447 2452 2457 2462
07-29 18:30:40.244  2729  2729 I wificond: 5Ghz non-DFS frequencies: 5180 5200 5220 5240 5745 5765 5785 5805 5825
07-29 18:30:40.244  2729  2729 I wificond: 5Ghz DFS frequencies: 5260 5280 5300 5320 5500 5520 5540 5560 5580 5600 5620 5640 5660 5680 5700
07-29 18:30:40.244  2729  2729 I wificond: 6Ghz frequencies:
07-29 18:30:40.244  2729  2729 I wificond: 60Ghz frequencies:
07-29 18:30:40.244  1985  1985 E PowerMonitorService: Failed to open /proc/horae_qmi (2): No such file or directory
07-29 18:30:40.244  3514  4502 I WifiScanningService: scanner impls already exists
07-29 18:30:40.244  3514  4502 E WifiScanningService: wifi driver loaded received while already loaded
07-29 18:30:40.245  5183  5183 D SubsysEventListenerManager-SubsysTelephonyCallback[0]: onRadioPowerStateChanged state:1
07-29 18:30:40.245  1985  2004 E PowerMonitorService: Failed to open /proc/horae_qmi (2): No such file or directory
07-29 18:30:40.245  3514  3514 D OplusWifiBroadCastDispatcher: mBroadcastReceiver: onReceiver  action=android.net.wifi.action.WIFI_SCAN_AVAILABILITY_CHANGED
07-29 18:30:40.245  3514  4614 D OplusWifiPower_ConnLpmEventObsever: onReceive EXTRA_SCAN_AVAILABLE availabe = true
07-29 18:30:40.245  3514  4614 D OplusWifiPowerService: onReceive action:android.net.wifi.action.WIFI_SCAN_AVAILABILITY_CHANGED
07-29 18:30:40.245  3514  4614 D OplusWifiSwitchStateMonitor: scan settings change to true
07-29 18:30:40.245  4992  4992 D QcrilMsgTunnelIfaceManager: handleMessage what = 0
07-29 18:30:40.245  7095  7095 I OsAgent : onReceive: android.net.wifi.action.WIFI_SCAN_AVAILABILITY_CHANGED
07-29 18:30:40.246  7095  8254 I OsAgent : updateWiFiScanAvailState, scanAvailable: true
07-29 18:30:40.246  4992  4992 D DeviceInfoAidlClient: onRadioPowerStateChanged
07-29 18:30:40.246  4992  4992 D DeviceStatisticsService: onReceive: action= org.codeaurora.intent.action.RADIO_POWER_STATE
07-29 18:30:40.246  4992  4992 I DeviceStatisticsService: Receiving radio_power_state_changed, mIsDeviceInfoInitialized = true
07-29 18:30:40.246  4992  4992 I DeviceStatisticsService: radio power state changed to 1 for slot: 0
07-29 18:30:40.246  4992  4992 D DeviceInfoAidlClient: isRadioOn()=false
07-29 18:30:40.246  4992  4992 D DeviceInfoAidlClient: mRadioStateHdlr handleMessage()1
07-29 18:30:40.246  4992  4992 D DeviceInfoAidlClient: isRadioOn()=true
07-29 18:30:40.246  4992  4992 I DeviceInfoAidlClient: sendFeaturesSupported: power info support-true interactive state support-true
07-29 18:30:40.246  5155  6192 D IWlanJni: getDataRegistrationState start
07-29 18:30:40.247  4992  4992 D QC_RIL_OEM_HOOK: Received Broadcast Intent ACTION_UNSOL_RESPONSE_OEM_HOOK_RAW
07-29 18:30:40.247  4992  4992 D QC_RIL_OEM_HOOK: Received Broadcast Intent ACTION_UNSOL_RESPONSE_OEM_HOOK_RAW
07-29 18:30:40.247  1808  3699 E LOCRIL_SESSION: operator():200] SubId: 1 Failed to get sim IO with error: 11
07-29 18:30:40.247  5155  6204 D IWlanJni: new aidl event arrived
07-29 18:30:40.247  5155  6204 D IWlanJni: handleEvent 10
07-29 18:30:40.247  5155  6204 D IWlanJni: isThreadAttached start
07-29 18:30:40.247  5155  6204 D IWlanJni: jni detached
07-29 18:30:40.247  5155  6204 D IWlanJni: jni attached
07-29 18:30:40.247  5155  6204 D IWlanJni: getDataRegistrationStateResponse start
07-29 18:30:40.247  5155  6204 D IWlanJni: getJavaCallbackClass start
07-29 18:30:40.247  5155  6204 D IWlanJni: getJavaCallbackClass End midIs[1]
07-29 18:30:40.247  5155  6204 I IWlanAidlClient: getDataRegistrationStateResponse called
07-29 18:30:40.247  5155  6203 W IWlanNetworkService: 10 > Response Processed
07-29 18:30:40.248  1808  3697 W LOCRIL_SESSION: operator():307] cellInfo list size is 0, Voice state: 3, data state: 3
07-29 18:30:40.248  1808  3699 E LOCRIL_SESSION: operator():241] SubId: 1 Failed to get sim IMSI with error: 11
07-29 18:30:40.249  5023  5057 D SaDataService: onTelephonyEventReport , subId= 0,slotId=-1 eventId=6030
07-29 18:30:40.249  5023  5057 D TelephonyImpl: notify eventId:6030 for list size:2
07-29 18:30:40.249  5183  8590 D VendorTelephonyService: onTelephonyEventReport slotId =0 eventId=6030
07-29 18:30:40.249  5183  8590 D VendorTelephonyService: onTelephonyEventReport slotId =0 eventId=6030
07-29 18:30:40.250  5183  5183 D VendorCallService: notityEventUpdate, eventId:6030, slotId = 0
07-29 18:30:40.251  4992  5018 I DeviceInfoAidlClient: onPowerInfoReportingChanged - reporting enabled true [15, 20, 30, 50, 80]
07-29 18:30:40.251  4992  5018 D DeviceInfoAidlClient: isRadioOn()=true
07-29 18:30:40.251  4992  5018 I DeviceInfoAidlClient: isPowerInfoNeverSent=true batteryLevel=100 batteryLevelIndex=5 chargingMode=2 totalCapacity=5186000 powerSaveMode=false
07-29 18:30:40.251  4992  5018 I DeviceInfoAidlClient: onDeviceInfoReportingChanged - reporting enabled true
07-29 18:30:40.251  4992  5018 D DeviceInfoAidlClient: getDeviceInfoSupportStatus()=1
07-29 18:30:40.251  4992  5018 D DeviceInfoAidlClient: isRadioOn()=true
07-29 18:30:40.251  4992  5018 I DeviceInfoAidlClient: deviceState=2
07-29 18:30:40.254  4909  4909 V OplusCustomizeCacheManager: queryCache name: sys.cache.common_customize_cache18016 param: null
07-29 18:30:40.254  4909  4909 V OplusCustomizeCacheManager: queryCache name: sys.cache.common_customize_cache18013 param: null
07-29 18:30:40.254  4909  4909 V OplusCustomizeCacheManager: queryCache name: sys.cache.common_customize_cache18014 param: null
07-29 18:30:40.254  4909  4909 V OplusCustomizeCacheManager: queryCache name: sys.cache.common_customize_cache18017 param: Bundle[{SETTING=BLOCK, BUSINESS=NCT-DATA}]
07-29 18:30:40.254  4909  4909 V OplusCustomizeCacheManager: queryCache name: sys.cache.common_customize_cache18016 param: null
07-29 18:30:40.254  4909  4909 V OplusCustomizeCacheManager: queryCache name: sys.cache.common_customize_cache18013 param: null
07-29 18:30:40.254  4909  4909 V OplusCustomizeCacheManager: queryCache name: sys.cache.common_customize_cache18014 param: null
07-29 18:30:40.254  4909  4909 V OplusCustomizeCacheManager: queryCache name: sys.cache.common_customize_cache18017 param: Bundle[{SETTING=BLOCK, BUSINESS=NCT-DATA}]
07-29 18:30:40.255  4992  4992 D QcrilMsgTunnelIfaceManager: handleMessage what = 1
07-29 18:30:40.255  4992  4992 I QcrilOemhookMsgTunnel: [0]invokeOemRilRequestRaw: serial=1007 length=16
07-29 18:30:40.256  4992  5630 I QtiOemHookAidl: oemHookRawResponse: serial no: 1007 error: 0length=1
07-29 18:30:40.256  4992  4992 D QcrilMsgTunnelIfaceManager: handleMessage what = 2
07-29 18:30:40.256  4909  5415 D QC_RIL_OEM_HOOK: sendOemRilRequestRaw returns value = 1
07-29 18:30:40.258  5155  6192 D IWlanJni: getDataRegistrationState start
07-29 18:30:40.258  4992  4992 D DeviceStatisticsService: onReceive: action= org.codeaurora.intent.action.RADIO_POWER_STATE
07-29 18:30:40.258  4992  4992 I DeviceStatisticsService: Receiving radio_power_state_changed, mIsDeviceInfoInitialized = true
07-29 18:30:40.258  5155  6210 D IWlanJni: new aidl event arrived
07-29 18:30:40.258  5155  6210 D IWlanJni: handleEvent 10
07-29 18:30:40.258  4992  4992 I DeviceStatisticsService: radio power state changed to 1 for slot: 1
07-29 18:30:40.258  5155  6210 D IWlanJni: isThreadAttached start
07-29 18:30:40.258  5155  6210 D IWlanJni: jni detached
07-29 18:30:40.258  5155  6210 D IWlanJni: jni attached
07-29 18:30:40.258  5155  6210 D IWlanJni: getDataRegistrationStateResponse start
07-29 18:30:40.258  5155  6210 D IWlanJni: getJavaCallbackClass start
07-29 18:30:40.258  5155  6210 D IWlanJni: getJavaCallbackClass End midIs[1]
07-29 18:30:40.258  5155  6210 I IWlanAidlClient: getDataRegistrationStateResponse called
07-29 18:30:40.259  4909  4909 D OplusPowerUpOptimizationImpl: onReceive: org.codeaurora.intent.action.RADIO_POWER_STATE
07-29 18:30:40.259  5155  6209 W IWlanNetworkService: 11 > Response Processed
07-29 18:30:40.259  4909  5504 D OplusPowerUpOptimizationImpl: handleMessage what = 6
07-29 18:30:40.259  4909  5504 D OplusPowerUpOptimizationImpl: radio is available for slot: 0
07-29 18:30:40.259  4909  5504 D OplusPowerUpOptimizationImpl: trySendPhoneReady for slot: 0
07-29 18:30:40.259  4909  5504 D OplusPowerUpOptimizationImpl: Not sending ATEL ready: States: [0: {true, true, true, true}]
07-29 18:30:40.260  5155  6192 D IWlanJni: getDataRegistrationState start
07-29 18:30:40.260  5155  6210 D IWlanJni: new aidl event arrived
07-29 18:30:40.260  5155  6210 D IWlanJni: handleEvent 10
07-29 18:30:40.260  5155  6210 D IWlanJni: isThreadAttached start
07-29 18:30:40.260  5155  6210 D IWlanJni: jni detached
07-29 18:30:40.260  5155  6210 D IWlanJni: jni attached
07-29 18:30:40.261  5155  6210 D IWlanJni: getDataRegistrationStateResponse start
07-29 18:30:40.261  5155  6210 D IWlanJni: getJavaCallbackClass start
07-29 18:30:40.261  5155  6210 D IWlanJni: getJavaCallbackClass End midIs[1]
07-29 18:30:40.261  5155  6210 I IWlanAidlClient: getDataRegistrationStateResponse called
07-29 18:30:40.261  5155  6209 W IWlanNetworkService: 12 > Response Processed
07-29 18:30:40.262  4909  4909 D CiWlanNotificationReceiver: ACTION_RADIO_POWER_STATE_CHANGED
07-29 18:30:40.263  5155  6192 D IWlanJni: getDataRegistrationState start
07-29 18:30:40.264  5155  6204 D IWlanJni: new aidl event arrived
07-29 18:30:40.264  5155  6204 D IWlanJni: handleEvent 10
