07-28 17:39:43.771  6528  6577 I midasd  : OplusObrainService::notifyEventInt eventId:38 iParam:20
07-28 17:39:43.771  5250  5250 D QuickChangeAirplaneModeEvent: isBothCardInService is false
07-28 17:39:43.771  5250  5250 D MsimSubModeManager: registTelephonyEvent onServiceStateChanged eventId:3, VoiceRegState:1, DataRegState:1
07-28 17:39:43.771  5250  5250 E ExtremeCommUtils: getSwitchRusSupportMcc invalid index 1
07-28 17:39:43.771  5250  5250 D ExtremeCommUtils: isSupporCheck rusContain:false,propContain(persist.sys.oplus.support_hyper_uplink_mcc):false
07-28 17:39:43.771  5250  5250 D ExtremeCommService: handleServiceStateChanged mcc is null
07-28 17:39:43.771  5250  5250 D ChinaRoamingControl: handleMessage what:5
07-28 17:39:43.771  5250  5250 D SubsysEventListenerManager-SubsysTelephonyCallback[0]: onCellLocationChanged
07-28 17:39:43.772  5250  5250 D SubsysEventListenerManager-SubsysTelephonyCallback[0]: onDisplayInfoChanged
07-28 17:39:43.772  5250  5250 D SceneService: onDisplayInfoChanged slotId:0,telephonyDisplayInfo:TelephonyDisplayInfo {network=NR, overrideNetwork=NONE, isRoaming=false}
07-28 17:39:43.772  5250  5250 D MsimSubModeManager: handleMessage what:3
07-28 17:39:43.772  5250  5250 D MsimSubModeManager: getMsimSimServiceIn() i:0,mServiceState:1
07-28 17:39:43.772  5250  5250 D MsimSubModeManager: getMsimSimServiceIn() i:1,mServiceState:1
07-28 17:39:43.772  4953  4953 D MultiSimSettingController: notifySubscriptionInfoChanged
07-28 17:39:43.773  3518  3518 I AS.AudioService: onSubscriptionsChanged()
07-28 17:39:43.773  3518  4505 V NetworkPolicy: onSubscriptionsChanged
07-28 17:39:43.773  8845  9098 I OplusObrain: OplusObrainClientInvoke.nativeGetTelephonyInfo
07-28 17:39:43.773  5126  5126 I QImsService: OplusPhoneStateTracker : onSubscriptionsChanged Last subId: 1 Current subId 1
07-28 17:39:43.774  5126  5126 E QImsService: ImsConfigImpl : onSubscriptionsChanged unable to process due to SubscriptionInfo is null
07-28 17:39:43.774  3518  5667 W ContextImpl: Calling a method in the system process without a qualified user: android.app.ContextImpl.sendBroadcastMultiplePermissions:1344 com.android.server.TelephonyRegistry.broadcastServiceStateChanged:3754 com.android.server.TelephonyRegistry.notifyServiceStateForPhoneId:1787 com.android.internal.telephony.ITelephonyRegistry$Stub.onTransact:546 android.os.Binder.execTransactInternal:1523 
07-28 17:39:43.774  5031  5397 D NAS-CellularEvent: handleSubscriptionsChanged: slotId=0
07-28 17:39:43.774  5031  5397 D NAS-CellularEvent: onImsRegistrationStateChanged, slotId=0state:false
07-28 17:39:43.774  4895  5278 I SystemUi--Statusbar: MobileInputLog-->onSubscriptionsChanged
07-28 17:39:43.775  4953  6186 E PhoneInterfaceManager: getServiceStateForSlot retuning null for invalid slotIndex=-1
07-28 17:39:43.775  5126  5126 I QImsService: OplusPhoneStateTracker : onSubscriptionsChanged Last subId: -1 Current subId -1
07-28 17:39:43.775  3518  5667 W ContextImpl: Calling a method in the system process without a qualified user: android.app.ContextImpl.sendBroadcastMultiplePermissions:1344 com.android.server.TelephonyRegistry.broadcastServiceStateChanged:3760 com.android.server.TelephonyRegistry.notifyServiceStateForPhoneId:1787 com.android.internal.telephony.ITelephonyRegistry$Stub.onTransact:546 android.os.Binder.execTransactInternal:1523 
07-28 17:39:43.775  5157  5157 D QCNEJ/DataCallAgent: onSubscriptionsChanged: new DDS 1
07-28 17:39:43.775  5157  7895 D QCNEJ/DataCallAgent: phoneCount: 2
07-28 17:39:43.775  5157  7895 D QCNEJ/DataCallAgent: subs for 0th slot: [1]
07-28 17:39:43.776  4953  4953 I Telephony: y0: onServiceStateChanged: newState=1, mServiceState=1
07-28 17:39:43.777  4953  4953 I Telephony: isRttCurrentlySupported -- regular acct, hasVoiceAvailability: false
07-28 17:39:43.777  4953  4953 I Telephony:  isRttSupported: false
07-28 17:39:43.777  4953  4953 I Telephony:  isUserRttSettingOn: false
07-28 17:39:43.777  4953  4953 I Telephony:  alwaysAllowWhileRoaming: false
07-28 17:39:43.777  4953  4953 I Telephony:  isRoaming: false
07-28 17:39:43.777  4953  4953 I Telephony:  isOnWfc: false
07-28 17:39:43.777  4895  4895 I SystemUi--Statusbar: OplusMobileIconInteractorImpl-->oplusIMSModel slot:0: CapabilityTypeModel(isVolteSwitchOn=true, isWfcEnabledByUser=true, imsRegistered=false, voiceCapable=false, videoCapable=false, registerTech=-1, isCrossSimCallingEnabledByUser=false, hasHideVolteOperator=false), SimStateModel(simInserted=[true, false], simForbidden=[false, true], simStateIMSI=[true, false], simLoaded=[true, false]),oplusNetworkTypeNr:20,isVoNrEnabled:false
07-28 17:39:43.777  4895  5278 I SystemUi--Statusbar: MobileConnectionRepositoryImpl-->subId:1 isSoftSimCard:false slotId:0
07-28 17:39:43.777  5157  7895 D QCNEJ/DataCallAgent: mSubInfoReady[0] is set to true
07-28 17:39:43.777  5157  7895 D QCNEJ/DataCallAgent: subs for 1th slot: [-1]
07-28 17:39:43.777  8845  9098 I OplusObrain: OplusObrainClientInvoke.nativeGetTrafficTypeInfoForNetworkType networkType 0
07-28 17:39:43.777  3518  5497 D KernelStatsHelper: getKernelStats start!
07-28 17:39:43.777  5031  5655 D CellularEvent: handleSubscriptionsChanged: slotId=0
07-28 17:39:43.777  5031  5655 D CellularEvent: onImsRegistrationStateChanged, slotId=0state:false
07-28 17:39:43.778  5922  5922 D CellBroadcastReceiver: onReceive Intent { act=android.intent.action.SERVICE_STATE flg=0x1000010 cmp=com.android.cellbroadcastreceiver.module/com.android.cellbroadcastreceiver.CellBroadcastReceiver (has extras) }
07-28 17:39:43.778  3518  4606 D OplusNetlinkSocket: handleNetlinkRecvKernelMessage:nlmsghdr:StructNlMsgHdr{ nlmsg_len{40}, nlmsg_type{58()}, nlmsg_flags{0()}, nlmsg_seq{0}, nlmsg_pid{230560254} }
07-28 17:39:43.778  3518  4606 D KernelStatsHelper: get magic :[-1, -1, -1, 77, 65, 71, 73, 67]
07-28 17:39:43.778  3518  4606 D KernelStatsHelper: magic matched count:0 data_len:0
07-28 17:39:43.778  3518  4606 D KernelStatsHelper: data over! check: true
07-28 17:39:43.778  5922  5922 D CellBroadcastReceiver: onServiceStateChanged, ss: 1
07-28 17:39:43.778  5922  5922 D CellBroadcastReceiver: networkOperator: 
07-28 17:39:43.778  3518  4505 D NetworkPolicy: Normalization put networkpolicyNetworkTemplate: matchRule=CARRIER, matchSubscriberIds=[001011...], matchWifiNetworkKeys=[], metered=YES
07-28 17:39:43.778  3518  4505 D NetworkPolicy: Normalization put networkpolicyNetworkTemplate: matchRule=CARRIER, matchSubscriberIds=[310260...], matchWifiNetworkKeys=[], metered=YES
07-28 17:39:43.778  3518  4505 D NetworkPolicy: Normalization put networkpolicyNetworkTemplate: matchRule=CARRIER, matchSubscriberIds=[001010...], matchWifiNetworkKeys=[], metered=YES
07-28 17:39:43.778  3518  4505 D NetworkPolicy: Normalization put networkpolicyNetworkTemplate: matchRule=CARRIER, matchSubscriberIds=[001010...], matchWifiNetworkKeys=[], metered=YES
07-28 17:39:43.778  3518  4505 D NetworkPolicy: Normalization put networkpolicyNetworkTemplate: matchRule=CARRIER, matchSubscriberIds=[001012...], matchWifiNetworkKeys=[], metered=YES
07-28 17:39:43.778  3518  4505 V NetworkPolicy: updateNetworkEnabledNL() return
07-28 17:39:43.778  6880  8756 D OplusAtlasAudioDetectionManager: MSG_CALL_STATE_CHANGED
07-28 17:39:43.778  6880  8756 D OplusAtlasAudioDetectionManager: callStateChanged state: 0, len: 0
07-28 17:39:43.778  7053  8925 E Battery : ControllerCenter: onReceiver: mSubscriptionManager is null || mIsNeedRestoreMobile = false
07-28 17:39:43.778  4895  4895 I KeyguardUpdateMonitor: action=android.intent.action.SERVICE_STATE subId=1 slotId=0
07-28 17:39:43.778  3518  4505 V NetworkPolicy: updateNotificationsNL not process
07-28 17:39:43.778  4895  4895 I KeyguardUpdateMonitor: refreshSimState, changed:false,subId:1,slotId:0,state:5
07-28 17:39:43.778  4895  5167 I SystemUi--QuickSettings: Tile.OplusCellularTile-->updateCarrierText: dialog not showing, ignore
07-28 17:39:43.779  3518  4505 W BestClock: java.time.DateTimeException: Missing network time fix
07-28 17:39:43.779  4895  5167 D SimStateHelper: slot:0, lock state:Bundle[mParcelledData.dataSize=56]
07-28 17:39:43.779  4895  5167 D SimStateHelper: slot:1, lock state:Bundle[mParcelledData.dataSize=56]
07-28 17:39:43.779  4895  5167 D SimStateHelper: needDisableMenu: slot1State=-1; slot2State=-1
07-28 17:39:43.779  4895  5167 D SimStateHelper: needDisableMenu:false
07-28 17:39:43.779  4895  5167 I SystemUi--QuickSettings: Tile.OplusCellularTile-->updateCarrierText: dialog not showing, ignore
07-28 17:39:43.779  4895  5167 D SimStateHelper: slot:0, lock state:Bundle[mParcelledData.dataSize=56]
07-28 17:39:43.779  4895  5167 D SimStateHelper: slot:1, lock state:Bundle[mParcelledData.dataSize=56]
07-28 17:39:43.779  4895  5167 D SimStateHelper: needDisableMenu: slot1State=-1; slot2State=-1
07-28 17:39:43.779  4895  5167 D SimStateHelper: needDisableMenu:false
07-28 17:39:43.779  4895  5278 I SystemUi--Statusbar: MobileConnectionRepositoryImpl-->subId:1 isSoftSimCard:false slotId:0
07-28 17:39:43.779  3518  4230 W BestClock: java.time.DateTimeException: Missing network time fix
07-28 17:39:43.779  4895  4895 I SystemUi--Statusbar: OplusMobileIconInteractorImpl-->oplusIMSModel slot:0: CapabilityTypeModel(isVolteSwitchOn=true, isWfcEnabledByUser=true, imsRegistered=false, voiceCapable=false, videoCapable=false, registerTech=-1, isCrossSimCallingEnabledByUser=false, hasHideVolteOperator=false), SimStateModel(simInserted=[true, false], simForbidden=[false, true], simStateIMSI=[true, false], simLoaded=[true, false]),oplusNetworkTypeNr:20,isVoNrEnabled:false
07-28 17:39:43.779  4895  5981 I SystemUi--Statusbar: OplusMobileConnectionRepository1-->stopListenImsStatusChanged
07-28 17:39:43.780  4895  5981 I SystemUi--Statusbar: OplusMobileConnectionRepository1-->phoneId: 0, conflatedCallbackFlow init
07-28 17:39:43.780  4895  5981 I SystemUi--Statusbar: OplusMobileConnectionRepository1-->startListenImsStatusChanged
07-28 17:39:43.780  5157  5157 D QCNEJ/WwanInfoRelay: onSubscriptionsChanged currDDSId: 1 new DDS 1
07-28 17:39:43.780  6914  7854 D OsAgentAidlClient: [string_dataitem_update][1584] [HC] =>> [HS]
07-28 17:39:43.781  3518  5497 W BestClock: java.time.DateTimeException: Missing network time fix
07-28 17:39:43.781  4953  4953 V OplusCustomizeCacheManager: queryCache name: sys.cache.common_customize_cache18016 param: null
07-28 17:39:43.781  4953  4953 V OplusCustomizeCacheManager: queryCache name: sys.cache.common_customize_cache18013 param: null
07-28 17:39:43.781  4953  4953 V OplusCustomizeCacheManager: queryCache name: sys.cache.common_customize_cache18014 param: null
07-28 17:39:43.781  4953  4953 V OplusCustomizeCacheManager: queryCache name: sys.cache.common_customize_cache18017 param: Bundle[{SETTING=BLOCK, BUSINESS=NCT-DATA}]
07-28 17:39:43.781  4895  5827 V OplusCustomizeCacheManager: queryCache name: sys.cache.common_customize_cache18014 param: null
07-28 17:39:43.781  4895  5827 V OplusCustomizeCacheManager: queryCache name: sys.cache.common_customize_cache18017 param: Bundle[{SETTING=BLOCK, BUSINESS=NCT-DATA}]
07-28 17:39:43.781  4895  5827 V OplusCustomizeCacheManager: queryCache name: sys.cache.common_customize_cache18013 param: null
07-28 17:39:43.781  4895  5981 I SystemUi--Statusbar: OplusMobileConnectionRepository1-->onImsStatusChanged model: CapabilityTypeModel(isVolteSwitchOn=true, isWfcEnabledByUser=true, imsRegistered=false, voiceCapable=false, videoCapable=false, registerTech=-1, isCrossSimCallingEnabledByUser=false, hasHideVolteOperator=false)
07-28 17:39:43.782 12809 12809 I ttings:tzupdate: isSwordfishLaunchAppEnabled_ 1 isSwordfishInstallAppEnabled_ 1
07-28 17:39:43.782 12809 12809 E ttings:tzupdate: Unknown bits set in runtime_flags: 0x40000000
07-28 17:39:43.782 12809 12809 I ttings:tzupdate: Using CollectorTypeCMC GC.
07-28 17:39:43.782  4953  4953 V OplusCustomizeCacheManager: queryCache name: sys.cache.common_customize_cache18016 param: null
07-28 17:39:43.782  4953  4953 V OplusCustomizeCacheManager: queryCache name: sys.cache.common_customize_cache18013 param: null
07-28 17:39:43.782  4953  4953 V OplusCustomizeCacheManager: queryCache name: sys.cache.common_customize_cache18014 param: null
07-28 17:39:43.782  4953  4953 V OplusCustomizeCacheManager: queryCache name: sys.cache.common_customize_cache18017 param: Bundle[{SETTING=BLOCK, BUSINESS=NCT-DATA}]
07-28 17:39:43.783  4953  4953 D MultiSimSettingController: onSubscriptionsChanged
07-28 17:39:43.783  4953  4953 D MultiSimSettingController: isReadyToReevaluate: subInfoInitialized=true, carrierConfigsLoaded=true, satelliteEnabledOrBeingEnabled=false
07-28 17:39:43.783  4953  4953 D MultiSimSettingController: updateDefaults
07-28 17:39:43.783  4953  4953 D MultiSimSettingController: isReadyToReevaluate: subInfoInitialized=true, carrierConfigsLoaded=true, satelliteEnabledOrBeingEnabled=false
07-28 17:39:43.783  4953  4953 D MultiSimSettingController: updateDefaultValues: change: 0
07-28 17:39:43.783  4953  4953 D MultiSimSettingController: disableDataForNonDefaultNonOpportunisticSubscriptions triggered, return directly
07-28 17:39:43.783  4953  4953 D CallNotifier: updatePhoneStateListeners: update CF notifications.
07-28 17:39:43.783  4953  4953 I Telephony: TelecomAccountRegistry: onSubscriptionsChanged - reregister accounts
07-28 17:39:43.783  4953  4953 D PhoneUtils: PhoneAccountHandle subId=1, slotId=0
07-28 17:39:43.784 12809 12809 E ttings:tzupdate: Not starting debugger since process cannot load the jdwp agent.
07-28 17:39:43.784  3518  5497 W BestClock: java.time.DateTimeException: Missing network time fix
07-28 17:39:43.784  5031  5658 W BestClock: java.time.DateTimeException: Missing network time fix
07-28 17:39:43.784  4953  4953 D Telephony: registerPstnPhoneAccount line1Number =  subNumber = 
07-28 17:39:43.784  4953  4953 D Telephony: color is transparent asign default instead -15502541
07-28 17:39:43.784  5031  5658 V MonthTrafficAlert: getWarningNotification subId:1 numWarningNotificaion:0
07-28 17:39:43.784  4953  4953 D Telephony: isEmergencyPreferredAccount: subId=1, activeData=1
07-28 17:39:43.784  4953  4953 D Telephony: isEmergencyPreferredAccount: Device does not require preference.
07-28 17:39:43.785  4953  4953 I Telephony: isRttCurrentlySupported -- regular acct, hasVoiceAvailability: false
07-28 17:39:43.785  4953  4953 I Telephony:  isRttSupported: false
07-28 17:39:43.785  4953  4953 I Telephony:  isUserRttSettingOn: false
07-28 17:39:43.785  4953  4953 I Telephony:  alwaysAllowWhileRoaming: false
07-28 17:39:43.785  4953  4953 I Telephony:  isRoaming: false
07-28 17:39:43.785  4953  4953 I Telephony:  isOnWfc: false
07-28 17:39:43.785  3518  5497 W BestClock: java.time.DateTimeException: Missing network time fix
07-28 17:39:43.785  4953  4953 D Telephony: x0: buildPstnPhoneAccount, phoneId: 0, mIsVideoCapable: false, 
07-28 17:39:43.785  4953  4953 D OplusSesImsManagerExt: feature:0, phoneId:0
07-28 17:39:43.785  4953  4953 D OplusSesImsManagerExt: getSubIdUsingPhoneId:1, phoneId:0
07-28 17:39:43.785  4953  4953 D OplusSesImsManagerExt: isEntitlementEnabled:false
07-28 17:39:43.785 12809 12809 D nativeloader: Load libframework-connectivity-tiramisu-jni.so using APEX ns com_android_tethering for caller /apex/com.android.tethering/javalib/framework-connectivity-t.jar: ok
07-28 17:39:43.785  4953  4953 D OplusSesImsManagerExt: isFeatureProvisionedOnDevice not enabled
07-28 17:39:43.785  4953  4953 D Telephony: registerPstnPhoneAccount mIsVideoCapable = false
07-28 17:39:43.785  4895  5827 V OplusCustomizeCacheManager: queryCache name: sys.cache.common_customize_cache18014 param: null
07-28 17:39:43.785  4895  5827 V OplusCustomizeCacheManager: queryCache name: sys.cache.common_customize_cache18017 param: Bundle[{SETTING=BLOCK, BUSINESS=NCT-DATA}]
07-28 17:39:43.785  4895  5827 V OplusCustomizeCacheManager: queryCache name: sys.cache.common_customize_cache18013 param: null
07-28 17:39:43.785  4953  4953 W libc    : Access denied finding property "persist.vendor.mtk_uce_support"
07-28 17:39:43.785  4953  4953 I Telephony: isCarrierVideoPresenceSupported, false, false, false, false
07-28 17:39:43.786  4953  4953 I Telephony: reRegisterPstnPhoneAccount: subId: 1 - no change
07-28 17:39:43.786  4953  4953 D ImsResolver: oldSubId: 1, newSubId: 1
07-28 17:39:43.786  4953  4953 D ImsResolver: oldSubId: -1, newSubId: -1
07-28 17:39:43.786 12809 12809 W libc    : Access denied finding property "persist.vendor.sys.activitylog"
07-28 17:39:43.786 12809 12809 I OneTrace: Mark active for pid=12809? true
07-28 17:39:43.786 12809 12809 D cutils-dev: otrace_set_tracing_enabled? true tag:0
07-28 17:39:43.786 12809 12820 D cutils-dev: properties changed in otrace_seq_number_changed!
07-28 17:39:43.787  4953  4953 D InternationalRoamingNotification: init
07-28 17:39:43.787  5250  6338 D VirtualCommService2: isSupport. true, true
07-28 17:39:43.787  4953  4953 D OplusVirtualCommUtils: isVirtualCommSupport, vRet: true
07-28 17:39:43.787  4953  4953 I OplusVirtualCommUtils: getVirtualCommDeviceType, vRet: 1
07-28 17:39:43.787  4953  4953 I OplusVirtualCommUtils: isConsumerDeviceType, deviceType: 1
07-28 17:39:43.787  4953  4953 D InternationalRoamingNotification: do not createRoamingNotification for invalid Network
07-28 17:39:43.787  3518  5497 D ActivityTaskManagerServiceExtImpl: preBindApplication record is null
07-28 17:39:43.787  3518  5667 W ContentService: Observer is already registered. Pid is 4953
07-28 17:39:43.787  3518  5497 D RGBNormalizeServer: OplusRGBNormalize feature enabled ? true
07-28 17:39:43.788  3518  5497 D ResourcesManagerCache: For package com.oplus.wirelesssettings we got cacheList [null] appInfoExt is null ? false hasFeature ? false
07-28 17:39:43.788  4953  4953 V SimultaneousCallingTracker: Received EVENT 101
07-28 17:39:43.788  4953  4953 V SimultaneousCallingTracker: generateVoiceCapablePhoneMapBasedOnUserAssociation: adding phoneId = 0
07-28 17:39:43.788  3518  5497 D VRR [OPlusExternalRefreshRateManager]: isPkgTfcEnable: pkgName = com.oplus.wirelesssettings, enable = false
07-28 17:39:43.788  3518  5497 D VRR [OPlusExternalRefreshRateManager]: getTfcMinFramerate: pkgName = com.oplus.wirelesssettings, min framerate = 0
07-28 17:39:43.788  4953  4953 I SimultaneousCallingTracker: updatePhoneMapAndSimultaneousCallSupportMap: mVoiceCapablePhoneMap.size = 1
07-28 17:39:43.788  4953  4953 V SimultaneousCallingTracker: registerForImsRegistrationChanges: registering phoneId = 0
07-28 17:39:43.788  4953  4953 V SimultaneousCallingTracker: generateSimultaneousCallSupportMap: returning simultaneousCallSubSupportMap = Phone ID=0 - Simultaneous calling compatible phone IDs=[]; 
07-28 17:39:43.788  4953  4953 V SimultaneousCallingTracker: handleSimultaneousCallingSupportChanged
07-28 17:39:43.788  4953  4953 V OplusCustomizeCacheManager: queryCache name: sys.cache.common_customize_cache18016 param: null
07-28 17:39:43.788  4953  4953 V OplusCustomizeCacheManager: queryCache name: sys.cache.common_customize_cache18013 param: null
07-28 17:39:43.788  4953  4953 V OplusCustomizeCacheManager: queryCache name: sys.cache.common_customize_cache18014 param: null
07-28 17:39:43.788  4953  4953 V OplusCustomizeCacheManager: queryCache name: sys.cache.common_customize_cache18017 param: Bundle[{SETTING=BLOCK, BUSINESS=NCT-DATA}]
07-28 17:39:43.790 12809 12809 D OplusActivityManager: get AMS extension: android.os.BinderProxy@e82ed7f
07-28 17:39:43.790 12809 12809 D CompactWindowAppManager: initCompactApplicationInfo CompactMode: , NormalMode: 
07-28 17:39:43.791 12809 12809 D OplusScrollToTopManager: setIsInWhiteList false
07-28 17:39:43.791 12809 12809 D OplusViewDebugManager: OplusViewDebugManager Constructor android.view.debug.OplusViewDebugManager@2cbe595 [mHasViewDebugProperty true] [mHasMsgDebugProperty false] [DEBUG false] [EXTRAINFOENABLE false] [LIGHT_OS false]
07-28 17:39:43.792 12809 12809 D CompatChangeReporter: Compat change id reported: 242716250; UID 1000; state: ENABLED
07-28 17:39:43.793 12809 12809 W libc    : Access denied finding property "ro.odm.prev.product.name"
07-28 17:39:43.793  4953  5990 D CellBroadcastConfigTracker-0: Failed to set cdma config
07-28 17:39:43.794  5922  7467 E CellBroadcastConfigService: fails to setCellBroadcastRanges, result = 2
07-28 17:39:43.794 12809 12809 W ziparchive: Unable to open '/system_ext/framework/nfcvendorlib.dm': No such file or directory
07-28 17:39:43.794 12809 12809 W ziparchive: Unable to open '/system_ext/framework/nfcvendorlib.dm': No such file or directory
07-28 17:39:43.795 12809 12809 D nativeloader: Configuring clns-shared-7 for other apk /system_ext/framework/nfcvendorlib.jar. target_sdk_version=34, uses_libraries=ALL, library_path=/system_ext/priv-app/WirelessSettings/lib/arm64:/system_ext/priv-app/WirelessSettings/WirelessSettings.apk!/lib/arm64-v8a:/system/lib64:/system_ext/lib64, permitted_path=/data:/mnt/expand:/data/user_de/0/com.oplus.wirelesssettings:/system_ext/priv-app/WirelessSettings:/system/lib64:/system_ext/lib64
07-28 17:39:43.795 12809 12809 D nativeloader: Extending system_exposed_libraries: libbinauralrenderer_wrapper.qti.so:libhoaeffects.qti.so:libSloganJni.oplus.so:libsuperNight.oplus.so:libAPSClient-cmd-jni-extension.oplus.so:libsatellite_audio_jni.oplus.so:libortc_so.oplus.so:libsoundtouch.oplus.so:libsoundtouch_jni.oplus.so:libOplusStringJNI-extension.oplus.so:libsatellite_ostx_jni.oplus.so:libapssuspend-jni.oplus.so:libupdateprof.qti.so:libthermalclient.qti.so:libqape.qti.so:libqesdk_ndk_platform.qti.so:liblistenjni.qti.so
07-28 17:39:43.795 12809 12809 D ApplicationLoaders: Returning zygote-cached class loader: /system_ext/framework/androidx.window.extensions.jar
07-28 17:39:43.795 12809 12809 D ApplicationLoaders: Returning zygote-cached class loader: /system_ext/framework/androidx.window.sidecar.jar
07-28 17:39:43.799 12809 12809 D nativeloader: Configuring clns-shared-8 for other apk /system_ext/priv-app/WirelessSettings/WirelessSettings.apk. target_sdk_version=34, uses_libraries=, library_path=/system_ext/priv-app/WirelessSettings/lib/arm64:/system_ext/priv-app/WirelessSettings/WirelessSettings.apk!/lib/arm64-v8a:/system/lib64:/system_ext/lib64, permitted_path=/data:/mnt/expand:/data/user_de/0/com.oplus.wirelesssettings:/system_ext/priv-app/WirelessSettings:/system/lib64:/system_ext/lib64
07-28 17:39:43.802 12809 12809 V GraphicsEnvironment: Currently set values for:
07-28 17:39:43.802 12809 12809 V GraphicsEnvironment:   angle_gl_driver_selection_pkgs=[]
07-28 17:39:43.802 12809 12809 V GraphicsEnvironment:   angle_gl_driver_selection_values=[]
07-28 17:39:43.802 12809 12809 V GraphicsEnvironment: Global.Settings values are invalid: number of packages: 0, number of values: 0
07-28 17:39:43.803 12809 12809 D WS_OplusWirelessSettingsApp: onCreate, OplusWirelessSettingsApp
07-28 17:39:43.804 12809 12809 D LogUtils: initWirelessLog sIsQeAssert=false,sIsWifiOrBtLog=false
07-28 17:39:43.805  3518  5667 I ActivityManager: Flag disabled. Ignoring finishAttachApplication from uid: 1000. pid: 12809
07-28 17:39:43.806 12809 12809 E ANDR-PERF-CLIENT-SYS: death recipent object is fine
07-28 17:39:43.806 12809 12809 W ttings:tzupdate: AIBinder_linkToDeath is being called with a non-null cookie and no onUnlink callback set. This might not be intended. AIBinder_DeathRecipient_setOnUnlinked should be called first.
07-28 17:39:43.807  3518  5667 W OplusSelfProtectManager: pkg[com.oplus.wirelesssettings] not in policy list
07-28 17:39:43.811  3518  5667 D ActivityManager: Async freezing 12809 com.oplus.wirelesssettings:tzupdate
07-28 17:39:43.814  4736  4747 W SQLiteLog: (28) double-quoted string literal: "timezone_tzdata_v2_files"
07-28 17:39:43.878  1901  4455 I Dpps    : LtmSwState::SetParameter():144 ignore cmd 7 in state LtmOffState
07-28 17:39:43.882  4953  4953 V OplusCustomizeCacheManager: queryCache name: sys.cache.common_customize_cache18016 param: null
07-28 17:39:43.882  4953  4953 V OplusCustomizeCacheManager: queryCache name: sys.cache.common_customize_cache18013 param: null
07-28 17:39:43.882  4953  4953 V OplusCustomizeCacheManager: queryCache name: sys.cache.common_customize_cache18014 param: null
07-28 17:39:43.882  4953  4953 V OplusCustomizeCacheManager: queryCache name: sys.cache.common_customize_cache18017 param: Bundle[{SETTING=BLOCK, BUSINESS=NCT-DATA}]
07-28 17:39:43.882  4895  4895 D RowAnimatorExtImpl: end:view:StatusBarIconView(slot='volume' alpha=1.0 icon=StatusBarIcon(icon=Icon(typ=RESOURCE pkg=com.android.systemui id=0x7f0818f0) visible user=0 ) visibleState=ICON iconColor=#ccffffff staticDrawableColor=#ccffffff decorColor=#ffffffff animationStartColor=#0 currentSetColor=#ccffffff notification=null),tx
07-28 17:39:43.882  4895  4895 D RowAnimatorExtImpl: end:view:StatusBarIconView(slot='zen' alpha=1.0 icon=StatusBarIcon(icon=Icon(typ=RESOURCE pkg=com.android.systemui id=0x7f0818e1) visible user=0 ) visibleState=ICON iconColor=#ccffffff staticDrawableColor=#ccffffff decorColor=#ffffffff animationStartColor=#0 currentSetColor=#ccffffff notification=null),tx
07-28 17:39:43.882  4895  4895 D RowAnimatorExtImpl: end:view:StatusBarIconView(slot='volume' alpha=1.0 icon=StatusBarIcon(icon=Icon(typ=RESOURCE pkg=com.android.systemui id=0x7f0818f0) visible user=0 ) visibleState=ICON iconColor=#ccffffff staticDrawableColor=#ccffffff decorColor=#ffffffff animationStartColor=#0 currentSetColor=#ccffffff notification=null),tx
07-28 17:39:43.882  4895  4895 D RowAnimatorExtImpl: end:view:StatusBarIconView(slot='zen' alpha=1.0 icon=StatusBarIcon(icon=Icon(typ=RESOURCE pkg=com.android.systemui id=0x7f0818e1) visible user=0 ) visibleState=ICON iconColor=#ccffffff staticDrawableColor=#ccffffff decorColor=#ffffffff animationStartColor=#0 currentSetColor=#ccffffff notification=null),tx
07-28 17:39:43.882  4895  4895 D RowAnimatorExtImpl: end:view:StatusBarIconView(slot='volume' alpha=1.0 icon=StatusBarIcon(icon=Icon(typ=RESOURCE pkg=com.android.systemui id=0x7f0818f0) visible user=0 ) visibleState=ICON iconColor=#ccffffff staticDrawableColor=#ccffffff decorColor=#ffffffff animationStartColor=#0 currentSetColor=#ccffffff notification=null),tx
07-28 17:39:43.882  4895  4895 D RowAnimatorExtImpl: end:view:StatusBarIconView(slot='zen' alpha=1.0 icon=StatusBarIcon(icon=Icon(typ=RESOURCE pkg=com.android.systemui id=0x7f0818e1) visible user=0 ) visibleState=ICON iconColor=#ccffffff staticDrawableColor=#ccffffff decorColor=#ffffffff animationStartColor=#0 currentSetColor=#ccffffff notification=null),tx
07-28 17:39:43.883  4953  4953 V OplusCustomizeCacheManager: queryCache name: sys.cache.common_customize_cache18016 param: null
07-28 17:39:43.883  4953  4953 V OplusCustomizeCacheManager: queryCache name: sys.cache.common_customize_cache18013 param: null
07-28 17:39:43.884  4953  4953 V OplusCustomizeCacheManager: queryCache name: sys.cache.common_customize_cache18014 param: null
07-28 17:39:43.884  4953  4953 V OplusCustomizeCacheManager: queryCache name: sys.cache.common_customize_cache18017 param: Bundle[{SETTING=BLOCK, BUSINESS=NCT-DATA}]
07-28 17:39:43.897  2007  2032 D BatteryChargeControl: bcc get no support from charging protocol
07-28 17:39:43.897  1988  1988 D SensorFeature: name=ssc_screenshot_info ,index = 22
07-28 17:39:43.897  1988  1988 D SensorFeature: write 29 bytes:61532209819,61540543152,169,0
07-28 17:39:44.049  1820  1820 D healthd : system healthd: battery l=64 v=3974 t=33.5 h=2 st=2 c=154 fc=5920000 cc=18 chg=u
07-28 17:39:44.058  2007  2007 D vendor.oplus.hardware.charger-V7-service: get_ui_charge_icon_type 0 0 0 0 0
07-28 17:39:44.058  2007  2007 D vendor.oplus.hardware.charger-V7-service: oplus_chg_get_cpa_power 2500 charge_online 1 retention_topic 0
07-28 17:39:44.058  2007  2007 D vendor.oplus.hardware.charger-V7-service: oplus_chg_get_cpa_power 2500 charge_online 1 retention_topic 0
07-28 17:39:44.058  2007  2007 D vendor.oplus.hardware.charger-V7-service: getIsSingleHyperSupport=2, cpa_power=2
07-28 17:39:44.060  3518  3518 D OplusWifiBroadCastDispatcher: mBroadcastReceiver: onReceiver  action=android.intent.action.BATTERY_CHANGED
07-28 17:39:44.060  4895  4895 I SystemUi--Statusbar: BatteryControllerExt-->updateBatteryChangeIntent():broadcast=android.intent.action.BATTERY_CHANGED,level=64,scale=100
07-28 17:39:44.060  4895  4895 I SystemUi--Statusbar: BatteryRepository-->level: 64 -- isSavingMode: false
07-28 17:39:44.060  3518  5667 D OplusCustomizeRestrictionManagerService: isSuperPowerSavingModeDisabled Pid: 4895, Uid: 10218
07-28 17:39:44.061  5250  5250 D SubsysBroadcastManager: onReceive action:android.intent.action.BATTERY_CHANGED
07-28 17:39:44.061  3518  5667 D OplusCustomizeRestrictionManagerService: isSuperPowerSavingModeDisabled Pid: 4895, Uid: 10218
07-28 17:39:44.061  5250  5250 D RFPowerBoostManager: current battery level is 64
07-28 17:39:44.061  3518  5667 D OplusCustomizeRestrictionManagerService: isSuperPowerSavingModeDisabled Pid: 4895, Uid: 10218
07-28 17:39:44.061  3518  5667 D OplusCustomizeRestrictionManagerService: isSuperPowerSavingModeDisabled Pid: 4895, Uid: 10218
07-28 17:39:44.062  5028  5028 D DeviceStatisticsService: onReceive: action= android.intent.action.BATTERY_CHANGED
07-28 17:39:44.062  7053  9026 E Battery : ChargeProtectionUtils: mCanlendarTmp.isEmpty()!
07-28 17:39:44.063  5028  5028 D DeviceInfoAidlClient: isRadioOn()=true
07-28 17:39:44.063  5028  5028 I DeviceInfoAidlClient: isPowerInfoNeverSent=false batteryLevel=64 batteryLevelIndex=4 chargingMode=2 totalCapacity=5115600 powerSaveMode=false
07-28 17:39:44.081  4895  4895 I SystemUi--QuickSettings: TemporarilyInfoManager-->[animateShow] com.oplus.systemui.qs.base.temporarilyinfo.TemporarilyInfoManager$createViewToParent$1{2daae7d VFED..C.. ........ 0,0-1080,228 #7f0a0cb6 app:id/temporarily_info_view alpha=1.0 viewInfo = } end
07-28 17:39:44.082  4895  4895 I SystemUi--QuickSettings: TemporarilyInfoManager-->[trigger] start from showElementAfterShowFully
07-28 17:39:44.083  2007  2007 D vendor.oplus.hardware.charger-V7-service: getChargerControl:
07-28 17:39:44.084  4895  5092 I SystemUi--SystemUi--: OtgHelper-->OtgCurrentState = 1, mOtgLastState = 1
07-28 17:39:44.084  3518  3518 D EnvelopeDetectorController: isEnvelopeAssistantEnabled isCancelNotification: true currentUserId: 0 userId: 0
07-28 17:39:44.085  3518  3518 D EnvelopeDetectorController: isEnvelopeAssistantEnabled isCancelNotification: true currentUserId: 0 userId: 0
07-28 17:39:44.125  2007  7421 D charge_time: type=sdp,reserve_soc=2,soc=62,ui_soc=64,current=-221,avg=187,not_chg_cnt=1,stable_cnt=7,fcc=5724,fcc_ratio=94,delta=0,debug=0,region=15,ttf=18888(05:14:48),ui_ttf=14843(04:07:23)
07-28 17:39:44.144  1851  4466 I sensors-hal: handle_oplus_wise_rgb_event:189, high_pwm_light:lux 280.0,cct 3641.8,brl/algo/ir 1447.0/2.0/16.8,pwm/dc 0.0/0.0,rgbc 21562.201172/13535.335938/6266.085449/40025.187500,ts 61549480411,cnt 880,flag 169
07-28 17:39:44.145  1901  4455 I Dpps    : LtmSwState::SetParameter():144 ignore cmd 7 in state LtmOffState
07-28 17:39:44.169  3518  4668 E OplusNetworkStackManager: initService mNetworkStackService is null, try again in 10s
07-28 17:39:44.171  1988  1988 D SensorFeature: name=ssc_screenshot_info ,index = 22
07-28 17:39:44.171  1988  1988 D SensorFeature: write 29 bytes:61806057476,61814390809,170,0
07-28 17:39:44.206  4895  4895 D JankUtils: gfxSceneEnd; scene: 7
07-28 17:39:44.206  4895  4895 I SystemUi--Common: NotificationShadeDepthC-->sceneFlag: 0x001, isStart = false, Current sceneFlags: 0x000
07-28 17:39:44.206  4895  4895 D NavigationBar: restrainNavigationBarInvertColor: false
07-28 17:39:44.207  4895  5092 D RegionSamplingHelper =:    mCompositionSamplingListener.register
07-28 17:39:44.207  2166  2496 D SurfaceFlinger: addRegionSamplingListener pid: 4895, Area: [0, 2328, 1080, 2376]
07-28 17:39:44.352  1803  1809 E Diag-Router: diag: glinkpkt_open: failed to create control node for slate_apps
07-28 17:39:44.352  1803  1809 E Diag-Router: diag: diag_glinkpkt_open_thread: Glinkpkt_open failed for perif: 12 with err: -1, retry_cnt: 10
07-28 17:39:44.354  1803  1810 E Diag-Router: diag: glinkpkt_open: failed to create control node for slate_adsp
07-28 17:39:44.354  1803  1810 E Diag-Router: diag: diag_glinkpkt_open_thread: Glinkpkt_open failed for perif: 13 with err: -1, retry_cnt: 10
07-28 17:39:44.400  1901  2218 I SDM     : DisplayBase::CommitThread: Received idle timeout, panel: cmd, timeout: 70000 us
07-28 17:39:44.412  1901  4455 I Dpps    : LtmSwState::SetParameter():144 ignore cmd 7 in state LtmOffState
07-28 17:39:44.500  1901  2218 I SDM     : DisplayBase::CommitThread: Received idle timeout, panel: cmd, timeout: 69999 us
07-28 17:39:44.503  1988  1988 D SensorFeature: name=ssc_screenshot_info ,index = 22
07-28 17:39:44.503  1988  1988 D SensorFeature: write 29 bytes:62096521746,62146717840,171,0
07-28 17:39:44.561  2166  3398 D VRR [OTI]: handleIdle from 0 to 1
07-28 17:39:44.561  2166  3398 D VRR [OTI-HW]: isStateReady 1
07-28 17:39:44.561  2166  3398 D VRR [RefreshRateDirector]: requestRefreshRateByOti update [ oti-hw, {fps=60, modePtr={id=5, vsyncRate=60.00 Hz, peakRefreshRate=60.00 Hz}} ]
07-28 17:39:44.561  2166  3398 D VRR [RefreshRateDirector]: selectBestFrameRate DirectorMapOti [oti-hw, {fps=60, modePtr={id=5, vsyncRate=60.00 Hz, peakRefreshRate=60.00 Hz}}]
07-28 17:39:44.561  2166  3398 D VRR [RefreshRateDirector]: updateBestFrameRate [oti-hw, {fps=60, modePtr={id=5, vsyncRate=60.00 Hz, peakRefreshRate=60.00 Hz}}]
07-28 17:39:44.561  2166  3398 D SurfaceFlinger: VRR [SurfaceFlinger] setDesiredActiveMode: displayId: 4630946756802996883, renderRate: 60, vsyncRate: 60, event: 1
07-28 17:39:44.561  2166  3398 D DisplayModeController: setDesiredMode 4630946756802996883 {mode={fps=60.00 Hz, modePtr={id=5, vsyncRate=60.00 Hz, peakRefreshRate=60.00 Hz}}, emitEvent=true, force=false}
07-28 17:39:44.564  2166  2166 I DisplayModeController: hwc begin mode change to 16666666
07-28 17:39:44.564  2166  2166 I HWC2    : [0] setActiveConfigWithConstraints[5]
07-28 17:39:44.564  1901  3365 W SDM     : HWDeviceDRM::GetSupportedBitClkRate: Requested rate not supported: 1363200000
07-28 17:39:44.564  1901  3365 I SDM     : HWDeviceDRM::UpdateMixerAttributes: Mixer WxH 1440x3168-1 for Peripheral
07-28 17:39:44.564  1901  3365 I CwbService: CwbService::notifyConfigChange: display:0, config:5 size:4, sec.size():0
07-28 17:39:44.564  1901  3365 I CwbService: CwbService::notifyConfigChange: display: 0, config = 1
07-28 17:39:44.564  1901  3339 I CasManager: Fps changed from 120 to 60
07-28 17:39:44.564  1901  3339 I CasManager: Fps changed, not change bin, so trigger gain
07-28 17:39:44.564  1901  3339 W SDM     : DemuraIntfImpl::ProcessOemPluginGain: Thermal intf_ is nullptr 0, default to 25 degree
07-28 17:39:44.564  1901  3339 I SDM     : CasQcPlugIn::ProcessPerCompGainOppo: input params, mode:PWM, fps:60, dbv:1447
07-28 17:39:44.564  1901  3339 I SDM     : CasQcPlugIn::ProcessPerCompGainOppo: normalized bright_adj:1024, dbv:1447, bin_dbv:1083, 
07-28 17:39:44.564  1901  3339 I SDM     : CasQcPlugIn::ProcessPerCompGainOppo: gains print start =====================
07-28 17:39:44.564  1901  3339 I SDM     : CasQcPlugIn::ProcessPerCompGainOppo: gain --------------------------------
07-28 17:39:44.564  1901  3339 I SDM     : CasQcPlugIn::ProcessPerCompGainOppo: old: 0 0 0 57 90 322 1201 3072
07-28 17:39:44.564  1901  3339 I SDM     : CasQcPlugIn::ProcessPerCompGainOppo: new: 0 0 0 30 77 278 1039 3072
07-28 17:39:44.564  1901  3339 I SDM     : CasQcPlugIn::ProcessPerCompGainOppo: gain --------------------------------
07-28 17:39:44.564  1901  3339 I SDM     : CasQcPlugIn::ProcessPerCompGainOppo: old: 0 0 0 64 125 373 1336 3072
07-28 17:39:44.564  1901  3339 I SDM     : CasQcPlugIn::ProcessPerCompGainOppo: new: 0 0 0 34 99 373 1336 3072
07-28 17:39:44.564  1901  3339 I SDM     : CasQcPlugIn::ProcessPerCompGainOppo: gain --------------------------------
07-28 17:39:44.564  1901  3339 I SDM     : CasQcPlugIn::ProcessPerCompGainOppo: old: 0 0 0 42 83 323 1222 3072
07-28 17:39:44.564  1901  3339 I SDM     : CasQcPlugIn::ProcessPerCompGainOppo: new: 0 0 0 22 83 323 1222 3072
07-28 17:39:44.564  1901  3339 I SDM     : CasQcPlugIn::ProcessPerCompGainOppo: gains print end =======================
07-28 17:39:44.569  2007  2030 D vendor.oplus.hardware.charger-V7-service: ret_value:110, read content:,335,352,3974,3962,154,62,64,1,1,0,494,4621,63,1,4475,300,500,0,7,-22,7,0,1,0,2,0,0,0,1,6098,99,0,0,0,0,0,0,0
07-28 17:39:44.569  1901  3339 I SDM     : DemuraIntfImpl::StageAllData: Staged all data to Demura Driver!
07-28 17:39:44.569  2007  2030 D vendor.oplus.hardware.charger-V7-service: gmtime: 2025-07-28-17-39-44
07-28 17:39:44.569  1901  3339 I SDM     : HWPeripheralDRM::SetPanelFeature: Set Panel feature property 19
07-28 17:39:44.569  1901  3339 I SDM     : HWPeripheralDRM::SetPanelFeature: Set Panel feature property 7
07-28 17:39:44.569  1901  3339 I SDM     : DisplayBuiltIn::TriggerDemuraOemPlugIn: Trigger demura oem plugin success
07-28 17:39:44.569  2007  2030 D vendor.oplus.hardware.charger-V7-service: usb_online:1, ac_online:-2147483648, wireless_online:0
07-28 17:39:44.570  1901  2218 I SDM     : DRMPanelFeatureMgr::ApplyDirtyFeature: Commited panel feature [enabled]: 20-272
07-28 17:39:44.570  1901  2218 I SDM     : DRMPanelFeatureMgr::ApplyDirtyFeature: Commited panel feature [enabled]: 8-271
07-28 17:39:44.572  2007  2018 D vendor.oplus.hardware.charger-V7-service: s_chg_user_mode: 3
07-28 17:39:44.572  2007  2018 D vendor.oplus.hardware.charger-V7-service: scale_chg Start!!!
07-28 17:39:44.572  2007  2018 D vendor.oplus.hardware.charger-V7-service: [0, 0, 3]
07-28 17:39:44.572  2007  2018 D vendor.oplus.hardware.charger-V7-service: [0, 2, 9]
07-28 17:39:44.572  2007  2018 D vendor.oplus.hardware.charger-V7-service: [0, 1, 3]
07-28 17:39:44.572  2007  2018 D vendor.oplus.hardware.charger-V7-service: [0, 3, 3]
07-28 17:39:44.572  2007  2018 D vendor.oplus.hardware.charger-V7-service: [0, 4, 3]
07-28 17:39:44.572  2007  2018 D vendor.oplus.hardware.charger-V7-service: [0, 5, 5]
07-28 17:39:44.572  2007  2018 D vendor.oplus.hardware.charger-V7-service: [0, 6, 9]
07-28 17:39:44.572  2007  2018 D vendor.oplus.hardware.charger-V7-service: scale_chg Start!!!
07-28 17:39:44.572  2007  2018 D vendor.oplus.hardware.charger-V7-service: [0, 0, 3]
07-28 17:39:44.572  2007  2018 D vendor.oplus.hardware.charger-V7-service: [0, 2, 10]
07-28 17:39:44.572  2166  3398 D VRR [OTI-HW]: isStateReady 1
07-28 17:39:44.572  2166  2166 D VRR-[OPlusRefreshRateSelector]: setCurrentModeId 5 type SM
07-28 17:39:44.572  2166  3398 D VRR [OTI-HW]: keep rate.
07-28 17:39:44.572  2007  2018 D vendor.oplus.hardware.charger-V7-service: [0, 1, 3]
07-28 17:39:44.572  2007  2018 D vendor.oplus.hardware.charger-V7-service: [0, 3, 3]
07-28 17:39:44.572  2007  2018 D vendor.oplus.hardware.charger-V7-service: [0, 4, 3]
07-28 17:39:44.572  2007  2018 D vendor.oplus.hardware.charger-V7-service: [0, 5, 3]
07-28 17:39:44.572  2007  2018 D vendor.oplus.hardware.charger-V7-service: [0, 6, 10]
07-28 17:39:44.572  3518  3722 I DisplayDeviceRepository: Display device changed render timings: "Built-in Screen", renderFrameRate=60.000004, presentationDeadlineNanos=16666666, appVsyncOffsetNanos=1000000
07-28 17:39:44.572  3518  3722 D LogicalDisplayExt: set displayInfo flag FLAG_ROTATES_WITH_CONTENT
07-28 17:39:44.573  3518  3722 D DisplayManagerServiceExtImpl: scheduleTraversalLocked intraversal=false
07-28 17:39:44.573  3518  3722 I DisplayManagerServiceExtImpl: handle logical display changed logicalDisplay=id=0,stack=0,content=true,displayInfo{stack=0,type=1,id=0,uId=local:4630946756802996883,state=ON,pkg=null}
07-28 17:39:44.573  3518  3722 D DisplayManagerService: Delivering display event: displayId=0, event=CHANGED
07-28 17:39:44.573  3518  3794 D BrightnessThermalClamper: Thermal status observer already started
07-28 17:39:44.573  3518  3794 D BrightnessPowerClamper: Power throttling data is missing for configuration data.
07-28 17:39:44.574  3518  3518 E OplusGestureAnimationManagerPolicy: mScreenHeight:2376 mScreenWidth:1080 mRotation:0
07-28 17:39:44.575  2144  2326 D AudioFlingerExtImpl: AudioFlingerExtImpl oplusSetParameters: keyvalue screen_state=on
07-28 17:39:44.575  3518  3718 D OplusVFXScreenEffectFeature: notifySFCompatWindowStateChange entered false
07-28 17:39:44.575  2144  2326 D DeviceHalAidl: 0xb400006f7027c200 DeviceHalAidl::setParameters
07-28 17:39:44.575  2144  2326 D DeviceHalAidl: setParameters: parameters: "screen_state=on"
07-28 17:39:44.575  2166  2496 D [PREVIEW]: SF obtain preview_adapter: 0
07-28 17:39:44.575  3518  3718 D FSS_FoldScreenBlackCoverController: displayChangeToOn, dc:Display{#0 state=ON size=1080x2376 ROTATION_0}
07-28 17:39:44.575  2166  2496 D [PREVIEW]: TabletPreviewAdapter::parallel world 0
07-28 17:39:44.575  1869  4597 I PAL: ResourceManager: setParameter: 11480: Screen State:1
07-28 17:39:44.575  4699  4699 D CastManagerService: onDisplayChanged.
07-28 17:39:44.575  2144  2326 D DeviceHalAidl: 0xb400006f7027c800 DeviceHalAidl::setParameters
07-28 17:39:44.575  2144  2326 D DeviceHalAidl: setParameters: parameters: "screen_state=on"
07-28 17:39:44.575  1869  4570 D AHAL_Module: updateScreenState: usb: 1
07-28 17:39:44.575  2144  2326 D DeviceHalAidl: 0xb400006f7027ce00 DeviceHalAidl::setParameters
07-28 17:39:44.575  2144  2326 D DeviceHalAidl: setParameters: parameters: "screen_state=on"
07-28 17:39:44.575  1869  4597 D AHAL_Module: updateScreenState: r_submix: 1
07-28 17:39:44.575  2144  2326 D DeviceHalAidl: 0xb400006f7027d400 DeviceHalAidl::setParameters
07-28 17:39:44.575  2144  2326 D DeviceHalAidl: setParameters: parameters: "screen_state=on"
07-28 17:39:44.576  1869  4597 D AHAL_Module: updateScreenState: bluetooth: 1
07-28 17:39:44.576  2144  2326 D DeviceHalAidl: 0xb400006f7027da00 DeviceHalAidl::setParameters
07-28 17:39:44.576  2144  2326 D DeviceHalAidl: setParameters: parameters: "screen_state=on"
07-28 17:39:44.576  1869  4570 D AHAL_Module: updateScreenState: bluetooth: 1
07-28 17:39:44.576  2144  2326 D DeviceHalAidl: 0xb400006f7027e000 DeviceHalAidl::setParameters
07-28 17:39:44.576  2144  2326 D DeviceHalAidl: setParameters: parameters: "screen_state=on"
07-28 17:39:44.576  1869  4570 D AHAL_Module: updateScreenState: stub: 1
07-28 17:39:44.576  3518  3722 D DisplayManagerService: MSG_REQUEST_TRAVERSAL pendingCompleted=false
07-28 17:39:44.577  3518  3718 D DisplayManagerService: performTraversalInternal pendingTraversal
07-28 17:39:44.577  3518  3718 D DisplayDevice: setLayerStackLocked id=local:4630946756802996883 token=android.os.BinderProxy@c0ad2d2 stack=0->0
07-28 17:39:44.577  4895  4895 I SystemUi--Statusbar: DisplayRepository-->combining enabled=[0], connectedExternalDisplayIds=[], ignored=[]
07-28 17:39:44.577  6529  6581 E oiface  : sched_setaffinity failed
07-28 17:39:44.578  2013  2052 I gameoptHal: targetfps updated 6 -- 60
07-28 17:39:44.578  3518  5497 I WifiService: startScan uid=10244
07-28 17:39:44.579  3518  4508 D OplusScanPolicyMananager: enable to scan, is cast false, is location true
07-28 17:39:44.580  5250  5250 D VendorWifiService: onEvent event:0,action:1
07-28 17:39:44.580  5031  5031 D CSM-manager: wifi event:0
07-28 17:39:44.585  1696  1771 I statsd  : An anomaly (103940000001) (39)0x2018001->10244[I] (39)0x20000->1[I]  has occurred! Informing subscribers.
07-28 17:39:44.622  3518  3809 D VRR [OPlusRefreshRateService]: handleConfigIdChange physicalDisplayId: 4630946756802996883 configId: 5 renderPeriod: 16666666
07-28 17:39:44.623  3518  3809 D VRR [OPlusSAManager]: updateModeChange old modeId [ 4 ] -> new modeId [ 5 ] mCurPolicy: 1
07-28 17:39:44.623  3518  3809 D VRR [OPlusSAManager]: updateSAScene active modeId: 5
07-28 17:39:44.623  3518  3809 D VRR [OPlusSAManager]: updateSAScene current policy: 1 active modeId: 5 scene: VRR_60
07-28 17:39:44.623  3518  3809 D VRR [OPlusOAManager]: Not OA business! new modeId: [5] active modeId: [4]
07-28 17:39:44.623  3518  3809 D VRR [OPlusGameStatusManager]: updateGameState mOSyncFeatureSwitch: false mIsGamePolicy: false
07-28 17:39:44.623  3518  3809 D VRR [OPlusGameStatusManager]: setLTMStatus false curPkgName: com.android.launcher curr status: false HeartStop: false HeartStopFromTGPA: false ActiveFPS: 60.000004
07-28 17:39:44.623  3518  3809 D VRR [OPlusGameStatusManager]: updateGameAccelerationStatus pkgName: com.android.launcher mOSyncFeatureSwitch: false mIsGamePolicy: false mHeartStop: false mHasFlickerRisk: false mForceAcceleration: false mToastReady: false enable: false
07-28 17:39:44.623  3518  3809 D VRR [OPlusGameStatusManager]: updateToastStatus enableAcceleration: false toastReady: false isGamePolicy: false desiredModeId: 5
07-28 17:39:44.623  3518  3809 D VRR [OPlusGameStatusManager]: updateToastStatus enableAcceleration: false toastReady: false isGamePolicy: false desiredModeId: 5
07-28 17:39:44.623  3518  3809 D VRR [OPlusExternalRefreshRateManager]:  updateRenderPeriodChange configId:5 current refresh rate:60.000004
07-28 17:39:44.631  5250  6338 D VendorTelephonyService: onTelephonyEventReport slotId =0 eventId=2009
07-28 17:39:44.631  5031  5076 D SaDataService: onTelephonyEventReport , subId= 0,slotId=-1 eventId=2009
07-28 17:39:44.631  5250  6338 D VendorTelephonyService: onTelephonyEventReport slotId =0 eventId=2009
07-28 17:39:44.631  5250  5250 D VendorCallService: notityEventUpdate, eventId:2009, slotId = 0
07-28 17:39:44.631  5031  5076 D TelephonyImpl: notify eventId:2009 for list size:2
07-28 17:39:44.631  5031  5076 D SaDataService: onTelephonyEventReport , subId= 1,slotId=0 eventId=2009
07-28 17:39:44.631  5250  6338 D VendorTelephonyService: onTelephonyEventReport slotId =1 eventId=2009
07-28 17:39:44.631  5250  6338 D VendorTelephonyService: onTelephonyEventReport slotId =1 eventId=2009
07-28 17:39:44.631  5031  5076 D TelephonyImpl: notify eventId:2009 for list size:2
07-28 17:39:44.631  5250  5250 D VendorCallService: notityEventUpdate, eventId:2009, slotId = 1
07-28 17:39:44.668  1901  2218 I SDM     : DisplayBase::CommitThread: Received idle timeout, panel: cmd, timeout: 70000 us
07-28 17:39:44.673  3518  3809 D VRR [OPlusSAManager]: setSAConfig scene: VRR_60 modeId: 5 auto: false fakeFrame: false
07-28 17:39:44.673  3518  3809 D VRR [OPlusSAManager]: updateAutoMinfps with nits: 122.03519, mHistOK true, mAmbientOK true, mCctOK true, mIrOK true, mBrightnessOK true, isPkgOK true, SA min fps: 119
07-28 17:39:44.673  3518  3809 D VRR [OPlusSurfaceFlingerController]: setAutoMode enable: false fakeFrame: false fps: 119
07-28 17:39:44.673  2166  2471 I VRR-[OPlusAdfrUtil]: ADFR try set Auto mode with mode 0 fakeframe 0 min fps 119
07-28 17:39:44.673  2166  2471 D VRR-[OPlusRefreshRateSelector]: OSyncModes add size is 1.
07-28 17:39:44.673  2166  2471 I VRR-[OPlusRefreshRateSelector]: updateAutoMode success, display 0, mode 0, fakeframe 0, min fps: 1
07-28 17:39:44.673  2166  3369 D VRR-[OPlusRefreshRateSelector]: handleSetHWCOSync
07-28 17:39:44.674  2166  3369 D VRR-[OPlusRefreshRateSelector]: OSyncModes remaining size is 0.
07-28 17:39:44.674  2166  3369 D VRR-[OPlusRefreshRateSelector]: SetHWCOSync with 5CC08081
07-28 17:39:44.674  1901  3365 I SDM     : DisplayBuiltIn::SetQSyncMode: VRR + update qsync mode 0 minfps 00C08081
07-28 17:39:44.685  1901  2218 E SDM     : DRMConnector::Perform: Connector 67: Setting Qsync min fps 12615809
07-28 17:39:44.755  1901  2218 I SDM     : DisplayBase::CommitThread: Received idle timeout, panel: cmd, timeout: 70000 us
07-28 17:39:44.761  3518  4674 V SettingsProvider: deleteSystemSetting(OPLUS_SLA_LAST_MCC, 0)
07-28 17:39:44.762  3518  4674 D SettingsProvider: delete system settings OPLUS_****_MCC pkg is  android user id is 0
07-28 17:39:44.763  3518  4674 W OplusSlaManager: updateMCC curMCC from macc_change!
07-28 17:39:44.766  3518  4674 W OplusSlaApps: sendWhiteListAppUid no enabled app found...
07-28 17:39:44.766  3518  4674 W OplusSlaApps: sendGameAppUid no game app found!!
07-28 17:39:44.772  5031  5655 E CellularEvent: nri null ps
07-28 17:39:44.772  5031  5655 E CellularEvent: invalid nri
07-28 17:39:44.775  4953  5802 D AutoDualCardRoamingDemand: judgeToShowDialog return for sim count != 2
07-28 17:39:44.783  3518  5046 I OplusHansManager : uid=10157, pkg=com.baidu.input_oppo cannot transition from R to M, importance=input
07-28 17:39:44.804  1988  1988 D SensorFeature: name=ssc_screenshot_info ,index = 22
07-28 17:39:44.804  1988  1988 D SensorFeature: write 29 bytes:62096521746,62447832423,172,0
07-28 17:39:44.897  2007  2032 D BatteryChargeControl: bcc get no support from charging protocol
07-28 17:39:45.070  3518  3739 W UserAwareMgr: event can not be released, id: 3020, count: 2, releasePid: 4895
07-28 17:39:45.106  1988  1988 D SensorFeature: name=ssc_screenshot_info ,index = 22
07-28 17:39:45.106  1988  1988 D SensorFeature: write 29 bytes:62096521746,62749588048,173,0
07-28 17:39:45.126  2007  7421 D charge_time: type=sdp,reserve_soc=2,soc=62,ui_soc=64,current=-221,avg=187,not_chg_cnt=2,stable_cnt=7,fcc=5724,fcc_ratio=94,delta=0,debug=0,region=15,ttf=18888(05:14:48),ui_ttf=14842(04:07:22)
07-28 17:39:45.169  3518  5497 D WifiNl80211Manager: Scan result ready event
07-28 17:39:45.170  3518  5497 D WifiNative: Scan result ready event
07-28 17:39:45.172  3518  4513 W IE_Capabilities: Unknown RSN cipher suite: 6ac0f00
07-28 17:39:45.174  3518  4513 W IE_Capabilities: Unknown RSN cipher suite: 6ac0f00
07-28 17:39:45.174  3518  4513 W IE_Capabilities: Unknown RSN cipher suite: 6ac0f00
07-28 17:39:45.174  3518  3809 D VRR [OPlusSAManager]: updateAutoMinfps with nits: 122.03519, mHistOK true, mAmbientOK true, mCctOK true, mIrOK true, mBrightnessOK true, isPkgOK true, SA min fps: 119
07-28 17:39:45.174  3518  3809 D VRR [OPlusSurfaceFlingerController]: setAutoMode enable: false fakeFrame: false fps: 119
