07-29 08:38:45.321  7754  9142 E metis_v2_JenaHandlerManager: local thread match [7f0000011753792682883291207397|p_7397_c12a9e6@1|p_7754_18dd45a@16|com.oplus.metis]
07-29 08:38:45.321  7754  9142 E metis_v2_JenaHandlerManager: local thread match [7f0000011753792682883291207397|p_7397_c12a9e6@1|p_7754_18dd45a@16|com.oplus.metis]
07-29 08:38:45.321  7754  9142 E metis_v2_JenaHandlerManager: local thread match [7f0000011753792682883291207397|p_7397_c12a9e6@1|p_7754_18dd45a@16|com.oplus.metis]
07-29 08:38:45.321  7754  9142 E metis_v2_JenaHandlerManager: local thread match [7f0000011753792682883291207397|p_7397_c12a9e6@1|p_7754_18dd45a@16|com.oplus.metis]
07-29 08:38:45.321  7754  9142 E metis_v2_JenaHandlerManager: local thread match [7f0000011753792682883291207397|p_7397_c12a9e6@1|p_7754_18dd45a@16|com.oplus.metis]
07-29 08:38:45.321  7754  9142 E metis_v2_JenaHandlerManager: local thread match [7f0000011753792682883291207397|p_7397_c12a9e6@1|p_7754_18dd45a@16|com.oplus.metis]
07-29 08:38:45.321  7754  9142 E metis_v2_JenaHandlerManager: local thread match [7f0000011753792682883291207397|p_7397_c12a9e6@1|p_7754_18dd45a@16|com.oplus.metis]
07-29 08:38:45.321  7754  9142 E metis_v2_JenaHandlerManager: local thread match [7f0000011753792682883291207397|p_7397_c12a9e6@1|p_7754_18dd45a@16|com.oplus.metis]
07-29 08:38:45.321  7754  9142 E metis_v2_JenaHandlerManager: local thread match [7f0000011753792682883291207397|p_7397_c12a9e6@1|p_7754_18dd45a@16|com.oplus.metis]
07-29 08:38:45.321  7754  9142 E metis_v2_JenaHandlerManager: local thread match [7f0000011753792682883291207397|p_7397_c12a9e6@1|p_7754_18dd45a@16|com.oplus.metis]
07-29 08:38:45.321  7754  9142 E metis_v2_JenaHandlerManager: local thread match [7f0000011753792682883291207397|p_7397_c12a9e6@1|p_7754_18dd45a@16|com.oplus.metis]
07-29 08:38:45.321  7754  9142 E metis_v2_JenaHandlerManager: local thread match [7f0000011753792682883291207397|p_7397_c12a9e6@1|p_7754_18dd45a@16|com.oplus.metis]
07-29 08:38:45.321  7754  9142 E metis_v2_JenaHandlerManager: local thread match [7f0000011753792682883291207397|p_7397_c12a9e6@1|p_7754_18dd45a@16|com.oplus.metis]
07-29 08:38:45.321  7754  9142 E metis_v2_JenaHandlerManager: local thread match [7f0000011753792682883291207397|p_7397_c12a9e6@1|p_7754_18dd45a@16|com.oplus.metis]
07-29 08:38:45.321  7754  9142 E metis_v2_JenaHandlerManager: local thread match [7f0000011753792682883291207397|p_7397_c12a9e6@1|p_7754_18dd45a@16|com.oplus.metis]
07-29 08:38:45.321  7754  9142 E metis_v2_JenaHandlerManager: local thread match [7f0000011753792682883291207397|p_7397_c12a9e6@1|p_7754_18dd45a@16|com.oplus.metis]
07-29 08:38:45.321  7754  9142 E metis_v2_JenaHandlerManager: local thread match [7f0000011753792682883291207397|p_7397_c12a9e6@1|p_7754_18dd45a@16|com.oplus.metis]
07-29 08:38:45.321  7754  9142 E metis_v2_JenaHandlerManager: local thread match [7f0000011753792682883291207397|p_7397_c12a9e6@1|p_7754_18dd45a@16|com.oplus.metis]
07-29 08:38:45.321  7754  9142 E metis_v2_JenaHandlerManager: local thread match [7f0000011753792682883291207397|p_7397_c12a9e6@1|p_7754_18dd45a@16|com.oplus.metis]
07-29 08:38:45.321  7754  9142 E metis_v2_JenaHandlerManager: local thread match [7f0000011753792682883291207397|p_7397_c12a9e6@1|p_7754_18dd45a@16|com.oplus.metis]
07-29 08:38:45.321  7754  9142 E metis_v2_JenaHandlerManager: local thread match [7f0000011753792682883291207397|p_7397_c12a9e6@1|p_7754_18dd45a@16|com.oplus.metis]
07-29 08:38:45.321  7754  9142 E metis_v2_JenaHandlerManager: local thread match [7f0000011753792682883291207397|p_7397_c12a9e6@1|p_7754_18dd45a@16|com.oplus.metis]
07-29 08:38:45.321  7754  9142 E metis_v2_JenaHandlerManager: local thread match [7f0000011753792682883291207397|p_7397_c12a9e6@1|p_7754_18dd45a@16|com.oplus.metis]
07-29 08:38:45.321  7754  9142 E metis_v2_JenaHandlerManager: local thread match [7f0000011753792682883291207397|p_7397_c12a9e6@1|p_7754_18dd45a@16|com.oplus.metis]
07-29 08:38:45.321  7754  9142 E metis_v2_JenaHandlerManager: local thread match [7f0000011753792682883291207397|p_7397_c12a9e6@1|p_7754_18dd45a@16|com.oplus.metis]
07-29 08:38:45.321  7754  9142 E metis_v2_JenaHandlerManager: local thread match [7f0000011753792682883291207397|p_7397_c12a9e6@1|p_7754_18dd45a@16|com.oplus.metis]
07-29 08:38:45.322  7754  9142 E metis_v2_JenaHandlerManager: local thread match [7f0000011753792682883291207397|p_7397_c12a9e6@1|p_7754_18dd45a@16|com.oplus.metis]
07-29 08:38:45.322  7754  9142 E metis_v2_JenaHandlerManager: local thread match [7f0000011753792682883291207397|p_7397_c12a9e6@1|p_7754_18dd45a@16|com.oplus.metis]
07-29 08:38:45.322  7754  9142 E metis_v2_JenaHandlerManager: local thread match [7f0000011753792682883291207397|p_7397_c12a9e6@1|p_7754_18dd45a@16|com.oplus.metis]
07-29 08:38:45.322  7754  9142 E metis_v2_JenaHandlerManager: local thread match [7f0000011753792682883291207397|p_7397_c12a9e6@1|p_7754_18dd45a@16|com.oplus.metis]
07-29 08:38:45.322  7754  9142 E metis_v2_JenaHandlerManager: local thread match [7f0000011753792682883291207397|p_7397_c12a9e6@1|p_7754_18dd45a@16|com.oplus.metis]
07-29 08:38:45.322  7754  9142 E metis_v2_JenaHandlerManager: local thread match [7f0000011753792682883291207397|p_7397_c12a9e6@1|p_7754_18dd45a@16|com.oplus.metis]
07-29 08:38:45.322  7754  9142 E metis_v2_JenaHandlerManager: local thread match [7f0000011753792682883291207397|p_7397_c12a9e6@1|p_7754_18dd45a@16|com.oplus.metis]
07-29 08:38:45.322  7754  9142 E metis_v2_JenaHandlerManager: local thread match [7f0000011753792682883291207397|p_7397_c12a9e6@1|p_7754_18dd45a@16|com.oplus.metis]
07-29 08:38:45.322  7754  9142 E metis_v2_JenaHandlerManager: local thread match [7f0000011753792682883291207397|p_7397_c12a9e6@1|p_7754_18dd45a@16|com.oplus.metis]
07-29 08:38:45.322  7754  9142 E metis_v2_JenaHandlerManager: local thread match [7f0000011753792682883291207397|p_7397_c12a9e6@1|p_7754_18dd45a@16|com.oplus.metis]
07-29 08:38:45.322  7754  9142 E metis_v2_JenaHandlerManager: local thread match [7f0000011753792682883291207397|p_7397_c12a9e6@1|p_7754_18dd45a@16|com.oplus.metis]
07-29 08:38:45.322  7754  9142 E metis_v2_JenaHandlerManager: local thread match [7f0000011753792682883291207397|p_7397_c12a9e6@1|p_7754_18dd45a@16|com.oplus.metis]
07-29 08:38:45.322  7754  9142 E metis_v2_JenaHandlerManager: local thread match [7f0000011753792682883291207397|p_7397_c12a9e6@1|p_7754_18dd45a@16|com.oplus.metis]
07-29 08:38:45.322  7754  9142 E metis_v2_JenaHandlerManager: local thread match [7f0000011753792682883291207397|p_7397_c12a9e6@1|p_7754_18dd45a@16|com.oplus.metis]
07-29 08:38:45.322  7754  9142 E metis_v2_JenaHandlerManager: local thread match [7f0000011753792682883291207397|p_7397_c12a9e6@1|p_7754_18dd45a@16|com.oplus.metis]
07-29 08:38:45.322  7754  9142 E metis_v2_JenaHandlerManager: local thread match [7f0000011753792682883291207397|p_7397_c12a9e6@1|p_7754_18dd45a@16|com.oplus.metis]
07-29 08:38:45.322  7754  9142 E metis_v2_JenaHandlerManager: local thread match [7f0000011753792682883291207397|p_7397_c12a9e6@1|p_7754_18dd45a@16|com.oplus.metis]
07-29 08:38:45.322  7754  9142 E metis_v2_JenaHandlerManager: local thread match [7f0000011753792682883291207397|p_7397_c12a9e6@1|p_7754_18dd45a@16|com.oplus.metis]
07-29 08:38:45.322  7754  9142 E metis_v2_JenaHandlerManager: local thread match [7f0000011753792682883291207397|p_7397_c12a9e6@1|p_7754_18dd45a@16|com.oplus.metis]
07-29 08:38:45.322  7754  9142 E metis_v2_JenaHandlerManager: local thread match [7f0000011753792682883291207397|p_7397_c12a9e6@1|p_7754_18dd45a@16|com.oplus.metis]
07-29 08:38:45.322  7754  9142 E metis_v2_JenaHandlerManager: local thread match [7f0000011753792682883291207397|p_7397_c12a9e6@1|p_7754_18dd45a@16|com.oplus.metis]
07-29 08:38:45.322  7754  9142 E metis_v2_JenaHandlerManager: local thread match [7f0000011753792682883291207397|p_7397_c12a9e6@1|p_7754_18dd45a@16|com.oplus.metis]
07-29 08:38:45.322  7754  9142 E metis_v2_JenaHandlerManager: local thread match [7f0000011753792682883291207397|p_7397_c12a9e6@1|p_7754_18dd45a@16|com.oplus.metis]
07-29 08:38:45.322  7754  9142 E metis_v2_JenaHandlerManager: local thread match [7f0000011753792682883291207397|p_7397_c12a9e6@1|p_7754_18dd45a@16|com.oplus.metis]
07-29 08:38:45.322  7754  9142 E metis_v2_JenaHandlerManager: local thread match [7f0000011753792682883291207397|p_7397_c12a9e6@1|p_7754_18dd45a@16|com.oplus.metis]
07-29 08:38:45.322  7754  9142 E metis_v2_JenaHandlerManager: local thread match [7f0000011753792682883291207397|p_7397_c12a9e6@1|p_7754_18dd45a@16|com.oplus.metis]
07-29 08:38:45.322  7754  9142 E metis_v2_JenaHandlerManager: local thread match [7f0000011753792682883291207397|p_7397_c12a9e6@1|p_7754_18dd45a@16|com.oplus.metis]
07-29 08:38:45.322  7754  9142 E metis_v2_JenaHandlerManager: local thread match [7f0000011753792682883291207397|p_7397_c12a9e6@1|p_7754_18dd45a@16|com.oplus.metis]
07-29 08:38:45.322  7754  9142 E metis_v2_JenaHandlerManager: local thread match [7f0000011753792682883291207397|p_7397_c12a9e6@1|p_7754_18dd45a@16|com.oplus.metis]
07-29 08:38:45.322  7754  9142 E metis_v2_JenaHandlerManager: local thread match [7f0000011753792682883291207397|p_7397_c12a9e6@1|p_7754_18dd45a@16|com.oplus.metis]
07-29 08:38:45.322  7754  9142 E metis_v2_JenaHandlerManager: local thread match [7f0000011753792682883291207397|p_7397_c12a9e6@1|p_7754_18dd45a@16|com.oplus.metis]
07-29 08:38:45.322  7754  9142 E metis_v2_JenaHandlerManager: local thread match [7f0000011753792682883291207397|p_7397_c12a9e6@1|p_7754_18dd45a@16|com.oplus.metis]
07-29 08:38:45.322  7754  9142 E metis_v2_JenaHandlerManager: local thread match [7f0000011753792682883291207397|p_7397_c12a9e6@1|p_7754_18dd45a@16|com.oplus.metis]
07-29 08:38:45.322  7754  9142 E metis_v2_JenaHandlerManager: local thread match [7f0000011753792682883291207397|p_7397_c12a9e6@1|p_7754_18dd45a@16|com.oplus.metis]
07-29 08:38:45.322  7754  9142 E metis_v2_JenaHandlerManager: local thread match [7f0000011753792682883291207397|p_7397_c12a9e6@1|p_7754_18dd45a@16|com.oplus.metis]
07-29 08:38:45.322  7754  9142 E metis_v2_JenaHandlerManager: local thread match [7f0000011753792682883291207397|p_7397_c12a9e6@1|p_7754_18dd45a@16|com.oplus.metis]
07-29 08:38:45.322  7754  9142 E metis_v2_JenaHandlerManager: local thread match [7f0000011753792682883291207397|p_7397_c12a9e6@1|p_7754_18dd45a@16|com.oplus.metis]
07-29 08:38:45.322  7754  9142 E metis_v2_JenaHandlerManager: local thread match [7f0000011753792682883291207397|p_7397_c12a9e6@1|p_7754_18dd45a@16|com.oplus.metis]
07-29 08:38:45.322  7754  9142 E metis_v2_JenaHandlerManager: local thread match [7f0000011753792682883291207397|p_7397_c12a9e6@1|p_7754_18dd45a@16|com.oplus.metis]
07-29 08:38:45.322  7754  9136 I ContextAware_SortAlgorithmManager.SceneCombinationProcessor: firstLaunch = false , app Feature = indexOS15
07-29 08:38:45.322  7754  9142 E metis_v2_JenaHandlerManager: local thread match [7f0000011753792682883291207397|p_7397_c12a9e6@1|p_7754_18dd45a@16|com.oplus.metis]
07-29 08:38:45.322  7754  9142 E metis_v2_JenaHandlerManager: local thread match [7f0000011753792682883291207397|p_7397_c12a9e6@1|p_7754_18dd45a@16|com.oplus.metis]
07-29 08:38:45.322  7754  9136 W ContextAware_SortAlgorithmManager.SceneCombinationProcessor: permanentScene size Less than 2
07-29 08:38:45.322  7754  9142 E metis_v2_JenaHandlerManager: local thread match [7f0000011753792682883291207397|p_7397_c12a9e6@1|p_7754_18dd45a@16|com.oplus.metis]
07-29 08:38:45.322  7754  9142 E metis_v2_JenaHandlerManager: local thread match [7f0000011753792682883291207397|p_7397_c12a9e6@1|p_7754_18dd45a@16|com.oplus.metis]
07-29 08:38:45.322  7754  9142 E metis_v2_JenaHandlerManager: local thread match [7f0000011753792682883291207397|p_7397_c12a9e6@1|p_7754_18dd45a@16|com.oplus.metis]
07-29 08:38:45.322  7754  9142 E metis_v2_JenaHandlerManager: local thread match [7f0000011753792682883291207397|p_7397_c12a9e6@1|p_7754_18dd45a@16|com.oplus.metis]
07-29 08:38:45.322  7754  9142 E metis_v2_JenaHandlerManager: local thread match [7f0000011753792682883291207397|p_7397_c12a9e6@1|p_7754_18dd45a@16|com.oplus.metis]
07-29 08:38:45.322  7754  9142 E metis_v2_JenaHandlerManager: local thread match [7f0000011753792682883291207397|p_7397_c12a9e6@1|p_7754_18dd45a@16|com.oplus.metis]
07-29 08:38:45.322  7754  9142 E metis_v2_JenaHandlerManager: local thread match [7f0000011753792682883291207397|p_7397_c12a9e6@1|p_7754_18dd45a@16|com.oplus.metis]
07-29 08:38:45.322  7754  9142 E metis_v2_JenaHandlerManager: local thread match [7f0000011753792682883291207397|p_7397_c12a9e6@1|p_7754_18dd45a@16|com.oplus.metis]
07-29 08:38:45.331  5237  5525 W [0]DCS  : Common Record event failed. DCS reject event: [appId=107501,logTag=10750101,eventId=metis_scene] . Pls check server config.
07-29 08:38:45.479  1876  4426 I Dpps    : LtmSwState::SetParameter():144 ignore cmd 7 in state LtmOffState
07-29 08:38:45.511  1876  2256 I SDM     : DisplayBase::CommitThread: Received idle timeout, panel: cmd, timeout: 70000 us
07-29 08:38:45.586  1876  2256 I SDM     : DisplayBase::CommitThread: Received idle timeout, panel: cmd, timeout: 70000 us
07-29 08:38:45.590  1991  1991 D SensorFeature: name=ssc_screenshot_info ,index = 22
07-29 08:38:45.590  1991  1991 D SensorFeature: write 29 bytes:60387309611,60437520549,167,0
07-29 08:38:45.662  2156  3512 D VRR [OTI]: handleIdle from 0 to 1
07-29 08:38:45.662  2156  3512 D VRR [OTI-HW]: isStateReady 1
07-29 08:38:45.662  2156  3512 D VRR [RefreshRateDirector]: requestRefreshRateByOti update [ oti-hw, {fps=60, modePtr={id=5, vsyncRate=60.00 Hz, peakRefreshRate=60.00 Hz}} ]
07-29 08:38:45.662  2156  3512 D VRR [RefreshRateDirector]: selectBestFrameRate DirectorMapOti [oti-hw, {fps=60, modePtr={id=5, vsyncRate=60.00 Hz, peakRefreshRate=60.00 Hz}}]
07-29 08:38:45.662  2156  3512 D VRR [RefreshRateDirector]: updateBestFrameRate [oti-hw, {fps=60, modePtr={id=5, vsyncRate=60.00 Hz, peakRefreshRate=60.00 Hz}}]
07-29 08:38:45.662  2156  3512 D SurfaceFlinger: VRR [SurfaceFlinger] setDesiredActiveMode: displayId: 4630946756802996883, renderRate: 60, vsyncRate: 60, event: 1
07-29 08:38:45.662  2156  3512 D DisplayModeController: setDesiredMode 4630946756802996883 {mode={fps=60.00 Hz, modePtr={id=5, vsyncRate=60.00 Hz, peakRefreshRate=60.00 Hz}}, emitEvent=true, force=false}
07-29 08:38:45.663  2156  2156 I DisplayModeController: hwc begin mode change to 16666666
07-29 08:38:45.663  2156  2156 I HWC2    : [0] setActiveConfigWithConstraints[5]
07-29 08:38:45.664  1876  1876 W SDM     : HWDeviceDRM::GetSupportedBitClkRate: Requested rate not supported: 1363200000
07-29 08:38:45.664  1876  1876 I SDM     : HWDeviceDRM::UpdateMixerAttributes: Mixer WxH 1440x3168-1 for Peripheral
07-29 08:38:45.664  1876  1876 I CwbService: CwbService::notifyConfigChange: display:0, config:5 size:4, sec.size():0
07-29 08:38:45.664  1876  1876 I CwbService: CwbService::notifyConfigChange: display: 0, config = 1
07-29 08:38:45.664  1876  3456 I CasManager: Fps changed from 120 to 60
07-29 08:38:45.664  1876  3456 I CasManager: Fps changed, not change bin, so trigger gain
07-29 08:38:45.665  1876  3456 W SDM     : DemuraIntfImpl::ProcessOemPluginGain: Thermal intf_ is nullptr 0, default to 25 degree
07-29 08:38:45.665  1876  3456 I SDM     : CasQcPlugIn::ProcessPerCompGainOppo: input params, mode:PWM, fps:60, dbv:1438
07-29 08:38:45.665  1876  3456 I SDM     : CasQcPlugIn::ProcessPerCompGainOppo: normalized bright_adj:1024, dbv:1438, bin_dbv:1083, 
07-29 08:38:45.665  1876  3456 I SDM     : CasQcPlugIn::ProcessPerCompGainOppo: gains print start =====================
07-29 08:38:45.665  1876  3456 I SDM     : CasQcPlugIn::ProcessPerCompGainOppo: gain --------------------------------
07-29 08:38:45.665  1876  3456 I SDM     : CasQcPlugIn::ProcessPerCompGainOppo: old: 0 0 0 57 90 322 1201 3072
07-29 08:38:45.665  1876  3456 I SDM     : CasQcPlugIn::ProcessPerCompGainOppo: new: 0 0 0 31 77 277 1034 3072
07-29 08:38:45.665  1876  3456 I SDM     : CasQcPlugIn::ProcessPerCompGainOppo: gain --------------------------------
07-29 08:38:45.665  1876  3456 I SDM     : CasQcPlugIn::ProcessPerCompGainOppo: old: 0 0 0 64 125 373 1336 3072
07-29 08:38:45.665  1876  3456 I SDM     : CasQcPlugIn::ProcessPerCompGainOppo: new: 0 0 0 35 98 373 1336 3072
07-29 08:38:45.665  1876  3456 I SDM     : CasQcPlugIn::ProcessPerCompGainOppo: gain --------------------------------
07-29 08:38:45.665  1876  3456 I SDM     : CasQcPlugIn::ProcessPerCompGainOppo: old: 0 0 0 42 83 323 1222 3072
07-29 08:38:45.665  1876  3456 I SDM     : CasQcPlugIn::ProcessPerCompGainOppo: new: 0 0 0 23 83 323 1222 3072
07-29 08:38:45.665  1876  3456 I SDM     : CasQcPlugIn::ProcessPerCompGainOppo: gains print end =======================
07-29 08:38:45.672  1876  3456 I SDM     : DemuraIntfImpl::StageAllData: Staged all data to Demura Driver!
07-29 08:38:45.672  1876  3456 I SDM     : HWPeripheralDRM::SetPanelFeature: Set Panel feature property 19
07-29 08:38:45.672  1876  3456 I SDM     : HWPeripheralDRM::SetPanelFeature: Set Panel feature property 7
07-29 08:38:45.672  1876  3456 I SDM     : DisplayBuiltIn::TriggerDemuraOemPlugIn: Trigger demura oem plugin success
07-29 08:38:45.674  1876  2256 I SDM     : DRMPanelFeatureMgr::ApplyDirtyFeature: Commited panel feature [enabled]: 20-272
07-29 08:38:45.674  1876  2256 I SDM     : DRMPanelFeatureMgr::ApplyDirtyFeature: Commited panel feature [enabled]: 8-271
07-29 08:38:45.691  2156  2156 D VRR-[OPlusRefreshRateSelector]: setCurrentModeId 5 type SM
07-29 08:38:45.691  2156  3512 D VRR [OTI-HW]: isStateReady 1
07-29 08:38:45.691  2156  3512 D VRR [OTI-HW]: keep rate.
07-29 08:38:45.692  3463  3705 I DisplayDeviceRepository: Display device changed render timings: "Built-in Screen", renderFrameRate=60.000004, presentationDeadlineNanos=16666666, appVsyncOffsetNanos=1000000
07-29 08:38:45.692  3463  3705 D LogicalDisplayExt: set displayInfo flag FLAG_ROTATES_WITH_CONTENT
07-29 08:38:45.693  3463  3705 D DisplayManagerServiceExtImpl: scheduleTraversalLocked intraversal=false
07-29 08:38:45.693  3463  3705 I DisplayManagerServiceExtImpl: handle logical display changed logicalDisplay=id=0,stack=0,content=true,displayInfo{stack=0,type=1,id=0,uId=local:4630946756802996883,state=ON,pkg=null}
07-29 08:38:45.693  3463  3705 D DisplayManagerService: Delivering display event: displayId=0, event=CHANGED
07-29 08:38:45.693  3463  3780 D BrightnessThermalClamper: Thermal status observer already started
07-29 08:38:45.693  3463  3780 D BrightnessPowerClamper: Power throttling data is missing for configuration data.
07-29 08:38:45.694  3463  3463 E OplusGestureAnimationManagerPolicy: mScreenHeight:2376 mScreenWidth:1080 mRotation:0
07-29 08:38:45.694  3463  3692 D OplusVFXScreenEffectFeature: notifySFCompatWindowStateChange entered false
07-29 08:38:45.695  4684  4684 D CastManagerService: onDisplayChanged.
07-29 08:38:45.695  2156  2530 D [PREVIEW]: SF obtain preview_adapter: 0
07-29 08:38:45.695  2156  2530 D [PREVIEW]: TabletPreviewAdapter::parallel world 0
07-29 08:38:45.695  3463  3692 D FSS_FoldScreenBlackCoverController: displayChangeToOn, dc:Display{#0 state=ON size=1080x2376 ROTATION_0}
07-29 08:38:45.695  2124  4739 D AudioFlingerExtImpl: AudioFlingerExtImpl oplusSetParameters: keyvalue screen_state=on
07-29 08:38:45.695  2124  4739 D DeviceHalAidl: 0xb400007cd5a7c200 DeviceHalAidl::setParameters
07-29 08:38:45.695  2124  4739 D DeviceHalAidl: setParameters: parameters: "screen_state=on"
07-29 08:38:45.695  1856  3557 I PAL: ResourceManager: setParameter: 11480: Screen State:1
07-29 08:38:45.696  3463  3705 D DisplayManagerService: MSG_REQUEST_TRAVERSAL pendingCompleted=false
07-29 08:38:45.697  2124  4739 D DeviceHalAidl: 0xb400007cd5a7c800 DeviceHalAidl::setParameters
07-29 08:38:45.697  2124  4739 D DeviceHalAidl: setParameters: parameters: "screen_state=on"
07-29 08:38:45.697  1856  3557 D AHAL_Module: updateScreenState: usb: 1
07-29 08:38:45.697  2124  4739 D DeviceHalAidl: 0xb400007cd5a7ce00 DeviceHalAidl::setParameters
07-29 08:38:45.697  2124  4739 D DeviceHalAidl: setParameters: parameters: "screen_state=on"
07-29 08:38:45.697  1856  3557 D AHAL_Module: updateScreenState: r_submix: 1
07-29 08:38:45.697  4863  4863 I SystemUi--Statusbar: DisplayRepository-->combining enabled=[0], connectedExternalDisplayIds=[], ignored=[]
07-29 08:38:45.698  2124  4739 D DeviceHalAidl: 0xb400007cd5a7d400 DeviceHalAidl::setParameters
07-29 08:38:45.698  2124  4739 D DeviceHalAidl: setParameters: parameters: "screen_state=on"
07-29 08:38:45.698  1856  3557 D AHAL_Module: updateScreenState: bluetooth: 1
07-29 08:38:45.698  2124  4739 D DeviceHalAidl: 0xb400007cd5a7da00 DeviceHalAidl::setParameters
07-29 08:38:45.698  2124  4739 D DeviceHalAidl: setParameters: parameters: "screen_state=on"
07-29 08:38:45.698  1856  1870 D AHAL_Module: updateScreenState: bluetooth: 1
07-29 08:38:45.698  2124  4739 D DeviceHalAidl: 0xb400007cd5a7e000 DeviceHalAidl::setParameters
07-29 08:38:45.698  2124  4739 D DeviceHalAidl: setParameters: parameters: "screen_state=on"
07-29 08:38:45.698  1856  1870 D AHAL_Module: updateScreenState: stub: 1
07-29 08:38:45.698  2012  2038 D BatteryChargeControl: bcc get no support from charging protocol
07-29 08:38:45.698  6513  6513 E oiface  : sched_setaffinity failed
07-29 08:38:45.699  2016  2055 I gameoptHal: targetfps updated 6 -- 60
07-29 08:38:45.699  3463  3692 D DisplayManagerService: performTraversalInternal pendingTraversal
07-29 08:38:45.699  3463  3692 D DisplayDevice: setLayerStackLocked id=local:4630946756802996883 token=android.os.BinderProxy@b50d0cd stack=0->0
07-29 08:38:45.721  5010  5229 D SaDataService: onTelephonyEventReport , subId= 1,slotId=0 eventId=2009
07-29 08:38:45.721  5177  6183 D VendorTelephonyService: onTelephonyEventReport slotId =1 eventId=2009
07-29 08:38:45.721  5177  6183 D VendorTelephonyService: onTelephonyEventReport slotId =1 eventId=2009
07-29 08:38:45.721  5010  5229 D TelephonyImpl: notify eventId:2009 for list size:2
07-29 08:38:45.721  5177  6183 D VendorTelephonyService: onTelephonyEventReport slotId =0 eventId=2009
07-29 08:38:45.721  5010  5229 D SaDataService: onTelephonyEventReport , subId= 0,slotId=-1 eventId=2009
07-29 08:38:45.721  5177  6183 D VendorTelephonyService: onTelephonyEventReport slotId =0 eventId=2009
07-29 08:38:45.721  5010  5229 D TelephonyImpl: notify eventId:2009 for list size:2
07-29 08:38:45.721  5177  5177 D VendorCallService: notityEventUpdate, eventId:2009, slotId = 1
07-29 08:38:45.721  5177  5177 D VendorCallService: notityEventUpdate, eventId:2009, slotId = 0
07-29 08:38:45.741  3463  3795 D VRR [OPlusRefreshRateService]: handleConfigIdChange physicalDisplayId: 4630946756802996883 configId: 5 renderPeriod: 16666666
07-29 08:38:45.742  3463  3795 D VRR [OPlusSAManager]: updateModeChange old modeId [ 4 ] -> new modeId [ 5 ] mCurPolicy: 1
07-29 08:38:45.742  3463  3795 D VRR [OPlusSAManager]: updateSAScene active modeId: 5
07-29 08:38:45.742  3463  3795 D VRR [OPlusSAManager]: updateSAScene current policy: 1 active modeId: 5 scene: VRR_60
07-29 08:38:45.742  3463  3795 D VRR [OPlusOAManager]: Not OA business! new modeId: [5] active modeId: [4]
07-29 08:38:45.742  3463  3795 D VRR [OPlusGameStatusManager]: updateGameState mOSyncFeatureSwitch: false mIsGamePolicy: false
07-29 08:38:45.742  3463  3795 D VRR [OPlusGameStatusManager]: setLTMStatus false curPkgName: com.android.launcher curr status: false HeartStop: false HeartStopFromTGPA: false ActiveFPS: 60.000004
07-29 08:38:45.742  3463  3795 D VRR [OPlusGameStatusManager]: updateGameAccelerationStatus pkgName: com.android.launcher mOSyncFeatureSwitch: false mIsGamePolicy: false mHeartStop: false mHasFlickerRisk: false mForceAcceleration: false mToastReady: false enable: false
07-29 08:38:45.742  3463  3795 D VRR [OPlusGameStatusManager]: updateToastStatus enableAcceleration: false toastReady: false isGamePolicy: false desiredModeId: 5
07-29 08:38:45.742  3463  3795 D VRR [OPlusGameStatusManager]: updateToastStatus enableAcceleration: false toastReady: false isGamePolicy: false desiredModeId: 5
07-29 08:38:45.742  3463  3795 D VRR [OPlusExternalRefreshRateManager]:  updateRenderPeriodChange configId:5 current refresh rate:60.000004
07-29 08:38:45.792  3463  3795 D VRR [OPlusSAManager]: setSAConfig scene: VRR_60 modeId: 5 auto: false fakeFrame: false
07-29 08:38:45.792  3463  3795 D VRR [OPlusSAManager]: updateAutoMinfps with nits: 113.4838, mHistOK true, mAmbientOK true, mCctOK true, mIrOK true, mBrightnessOK true, isPkgOK true, SA min fps: 119
07-29 08:38:45.792  3463  3795 D VRR [OPlusSurfaceFlingerController]: setAutoMode enable: false fakeFrame: false fps: 119
07-29 08:38:45.792  2156  2530 I VRR-[OPlusAdfrUtil]: ADFR try set Auto mode with mode 0 fakeframe 0 min fps 119
07-29 08:38:45.792  2156  2530 D VRR-[OPlusRefreshRateSelector]: OSyncModes add size is 1.
07-29 08:38:45.792  2156  2530 I VRR-[OPlusRefreshRateSelector]: updateAutoMode success, display 0, mode 0, fakeframe 0, min fps: 1
07-29 08:38:45.792  2156  3485 D VRR-[OPlusRefreshRateSelector]: handleSetHWCOSync
07-29 08:38:45.792  2156  3485 D VRR-[OPlusRefreshRateSelector]: OSyncModes remaining size is 0.
07-29 08:38:45.792  2156  3485 D VRR-[OPlusRefreshRateSelector]: SetHWCOSync with 5CC08081
07-29 08:38:45.792  1876  1876 I SDM     : DisplayBuiltIn::SetQSyncMode: VRR + update qsync mode 0 minfps 00C08081
07-29 08:38:45.796  1876  2256 I SDM     : DisplayBase::CommitThread: Received idle timeout, panel: cmd, timeout: 69999 us
07-29 08:38:45.809  1876  2256 E SDM     : DRMConnector::Perform: Connector 67: Setting Qsync min fps 12615809
07-29 08:38:45.834  3463  4657 V SettingsProvider: deleteSystemSetting(OPLUS_SLA_LAST_MCC, 0)
07-29 08:38:45.834  3463  4657 D SettingsProvider: delete system settings OPLUS_****_MCC pkg is  android user id is 0
07-29 08:38:45.835  3463  4657 W OplusSlaManager: updateMCC curMCC from macc_change!
07-29 08:38:45.838  3463  4657 W OplusSlaApps: sendWhiteListAppUid no enabled app found...
07-29 08:38:45.838  3463  4657 W OplusSlaApps: sendGameAppUid no game app found!!
07-29 08:38:45.846  5010  5924 E CellularEvent: nri null ps
07-29 08:38:45.846  5010  5924 E CellularEvent: invalid nri
07-29 08:38:45.850  4930  5752 D AutoDualCardRoamingDemand: judgeToShowDialog return for sim count != 2
07-29 08:38:45.880  1876  2256 I SDM     : DisplayBase::CommitThread: Received idle timeout, panel: cmd, timeout: 70000 us
07-29 08:38:45.892  1991  1991 D SensorFeature: name=ssc_screenshot_info ,index = 22
07-29 08:38:45.892  1991  1991 D SensorFeature: write 29 bytes:60387309611,60738995080,168,0
07-29 08:38:45.993  2012  7274 D charge_time: write 10025s(02:47:05) to ttf, rc=7
07-29 08:38:45.993  2012  7274 D charge_time: type=sdp,reserve_soc=2,soc=74,ui_soc=78,current=180,avg=180,not_chg_cnt=0,stable_cnt=7,fcc=5724,fcc_ratio=94,delta=45,debug=0,region=13,ttf=13076(03:37:56),ui_ttf=10025(02:47:05)
07-29 08:38:46.173  3195  3195 E OplusTouchDaemon: ts_run_service: shellback temperature updated 36 (36647)
07-29 08:38:46.181  3463  3731 W UserAwareMgr: event can not be released, id: 3020, count: 2, releasePid: 4863
07-29 08:38:46.193  1991  1991 D SensorFeature: name=ssc_screenshot_info ,index = 22
07-29 08:38:46.193  1991  1991 D SensorFeature: write 29 bytes:60387309611,61040283778,169,0
07-29 08:38:46.267  1828  4434 I sensors-hal: handle_oplus_wise_rgb_event:189, high_pwm_light:lux 271.8,cct 3648.2,brl/algo/ir 1438.0/2.0/16.7,pwm/dc 0.0/0.0,rgbc 20886.447266/13218.967773/6056.776367/38821.753906,ts 60992639787,cnt 850,flag 169
07-29 08:38:46.268  1876  4426 I Dpps    : LtmSwState::SetParameter():144 ignore cmd 7 in state LtmOffState
07-29 08:38:46.293  3463  3795 D VRR [OPlusSAManager]: updateAutoMinfps with nits: 113.4838, mHistOK true, mAmbientOK true, mCctOK true, mIrOK true, mBrightnessOK true, isPkgOK true, SA min fps: 119
07-29 08:38:46.293  3463  3795 D VRR [OPlusSurfaceFlingerController]: setAutoMode enable: false fakeFrame: false fps: 119
07-29 08:38:46.293  2156  2530 I VRR-[OPlusAdfrUtil]: ADFR try set Auto mode with mode 0 fakeframe 0 min fps 119
07-29 08:38:46.294  2156  2530 D VRR-[OPlusRefreshRateSelector]: OSyncModes add size is 1.
07-29 08:38:46.294  2156  2530 I VRR-[OPlusRefreshRateSelector]: updateAutoMode success, display 0, mode 0, fakeframe 0, min fps: 1
07-29 08:38:46.294  2156  3485 D VRR-[OPlusRefreshRateSelector]: handleSetHWCOSync
07-29 08:38:46.294  2156  3485 D VRR-[OPlusRefreshRateSelector]: OSyncModes remaining size is 0.
07-29 08:38:46.294  2156  3485 D VRR-[OPlusRefreshRateSelector]: SetHWCOSync with 5CC08081
07-29 08:38:46.294  1876  3484 I SDM     : DisplayBuiltIn::SetQSyncMode: VRR + update qsync mode 0 minfps 00C08081
07-29 08:38:46.310  1876  2256 E SDM     : DRMConnector::Perform: Connector 67: Setting Qsync min fps 12615809
07-29 08:38:46.321  7754 11903 W LOG_FLOWCTRL: ==LOGS OVER PROC QUOTA(300), rows(22) bytes(3278) com.oplus.metis DROPPED==
07-29 08:38:46.321  7754 11903 I LogCacheHelper: cache log scheduled task [base|com.oplus.metis|1.5.5-f48228a]
07-29 08:38:46.322  7754 11903 E metis_v2_JenaHandlerManager_cache: 2025-07-29 08:38:45.322000		9142		local thread match
07-29 08:38:46.322  7754 11903 E metis_v2_JenaHandlerManager_cache: 2025-07-29 08:38:45.322000		9142		local thread match
07-29 08:38:46.322  7754 11903 E metis_v2_JenaHandlerManager_cache: 2025-07-29 08:38:45.322000		9142		local thread match
07-29 08:38:46.322  7754 11903 E metis_v2_JenaHandlerManager_cache: 2025-07-29 08:38:45.322000		9142		local thread match
07-29 08:38:46.322  7754 11903 E metis_v2_JenaHandlerManager_cache: 2025-07-29 08:38:45.322000		9142		local thread match
07-29 08:38:46.322  7754 11903 E metis_v2_JenaHandlerManager_cache: 2025-07-29 08:38:45.322000		9142		local thread match
07-29 08:38:46.322  7754 11903 E metis_v2_JenaHandlerManager_cache: 2025-07-29 08:38:45.322000		9142		local thread match
07-29 08:38:46.322  7754 11903 E metis_v2_JenaHandlerManager_cache: 2025-07-29 08:38:45.322000		9142		local thread match
07-29 08:38:46.322  7754 11903 E metis_v2_JenaHandlerManager_cache: 2025-07-29 08:38:45.322000		9142		local thread match
07-29 08:38:46.322  7754 11903 E metis_v2_JenaHandlerManager_cache: 2025-07-29 08:38:45.322000		9142		local thread match
07-29 08:38:46.322  7754 11903 E metis_v2_JenaHandlerManager_cache: 2025-07-29 08:38:45.322000		9142		local thread match
07-29 08:38:46.322  7754 11903 E metis_v2_JenaHandlerManager_cache: 2025-07-29 08:38:45.322000		9142		local thread match
07-29 08:38:46.322  7754 11903 E metis_v2_JenaHandlerManager_cache: 2025-07-29 08:38:45.322000		9142		local thread match
07-29 08:38:46.322  7754 11903 E metis_v2_JenaHandlerManager_cache: 2025-07-29 08:38:45.322000		9142		local thread match
07-29 08:38:46.322  7754 11903 E metis_v2_JenaHandlerManager_cache: 2025-07-29 08:38:45.322000		9142		local thread match
07-29 08:38:46.322  7754 11903 E metis_v2_JenaHandlerManager_cache: 2025-07-29 08:38:45.322000		9142		local thread match
07-29 08:38:46.322  7754 11903 W ContextAware_SortAlgorithmManager.SortCommonUtil_cache: 2025-07-29 08:38:45.322000		9136		panta-sugg-checkIfDropBySameIDPolicy, has repeat intent, save last intent:PantanalIntent(sceneId=220500200, intentId=14111005, policyName='SUBSTITUTE_SCENE', sceneInstanceId=null, intentSrc=0, finalScore=-1.0, subDomain='tips', action='pantanal.intent.system.VIEW_TIPS', defaultScore=2.0, sortable=true, paramsFromUserPolicy=ParamsFromUserPolicy(exposureArgs=[], exposureFunc=-1, clickArgs=[], clickFunc=-1, timeArgs=[], timeFunc=-1, delayExposureArgs=[], delayClickArgs=[]), cannotReduceRecommend=false, reduceReplaceKey=, isUnrecoverable=false, dropRepeatKey=, dropRepeatMode=-1, paramsFromService=content-length:2, isParamsSendToSeedling=false, forceRebuildSeedling=false, seedlingUiPolicy=0, paramsFromHabit=null, serviceList=[], serviceSelectPolicy=0, serviceSelectWeight={}, serviceId=, serviceIdFrom=null, recallScore=null, rankScore=-1.0, rerankScore=-1.0, requestId=null, userPolicyScore=-1.0, domain='system_settings', cloudExtInfo=null, operation=0, showCount=0, clickCount=0, exposureTime=0, dtExperimentParams=null, createTime=1753785600390, lastUpdateTime=1753792725318, expireTime=240, , originalUpdateTime=1753792725318, sortRelatedId=0, addRelatedId=0, decisionHistoryList=empty, businessData=null, cardOptions=null, instanceId=null, protectEnable=true, protectPolicy=ProtectPolicy(event=0, initialDuration=7, deltaDuration=3, startRatio=70, endRatio=10, stepRatio=20), addMinProb=0.4, probAdj=1.0, lastSortType=0, configVersion=202507161101, algorithmVersion=, recommendServiceList=[], removeTriggerValue=0.2, algorithmTimeRule=[], ruleRemoveByAlgorithm=false, containServiceId=false, dropRepeatType=0, dropRepeatScore=0, delayDismiss=0, attenuationType=-1, attenuationFunc=-1, shouldFocus=false, focusTimestamp=null, orderID=null, serviceTimeStamp=0, serviceInstanceId=null, showType=0,delayExposureTimestamp=0, delayClickTimestamp=0, isSupportMultiInstance=false, 
07-29 08:38:46.322  7754 11903 E metis_v2_JenaHandlerManager_cache: 2025-07-29 08:38:45.322000		9142		local thread match
07-29 08:38:46.322  7754 11903 E metis_v2_JenaHandlerManager_cache: 2025-07-29 08:38:45.322000		9142		local thread match
07-29 08:38:46.322  7754 11903 E metis_v2_JenaHandlerManager_cache: 2025-07-29 08:38:45.322000		9142		local thread match
07-29 08:38:46.322  7754 11903 E metis_v2_JenaHandlerManager_cache: 2025-07-29 08:38:45.322000		9142		local thread match
07-29 08:38:46.322  7754 11903 E metis_v2_JenaHandlerManager_cache: 2025-07-29 08:38:45.322000		9142		local thread match
07-29 08:38:46.322  7754 11903 E metis_v2_JenaHandlerManager_cache: 2025-07-29 08:38:45.322000		9142		local thread match
07-29 08:38:46.322  7754 11903 E metis_v2_JenaHandlerManager_cache: 2025-07-29 08:38:45.322000		9142		local thread match
07-29 08:38:46.322  7754 11903 E metis_v2_JenaHandlerManager_cache: 2025-07-29 08:38:45.322000		9142		local thread match
07-29 08:38:46.322  7754 11903 E metis_v2_JenaHandlerManager_cache: 2025-07-29 08:38:45.322000		9142		local thread match
07-29 08:38:46.322  7754 11903 E metis_v2_JenaHandlerManager_cache: 2025-07-29 08:38:45.322000		9142		local thread match
07-29 08:38:46.322  7754 11903 E metis_v2_JenaHandlerManager_cache: 2025-07-29 08:38:45.322000		9142		local thread match
07-29 08:38:46.322  7754 11903 E metis_v2_JenaHandlerManager_cache: 2025-07-29 08:38:45.322000		9142		local thread match
07-29 08:38:46.322  7754 11903 E metis_v2_JenaHandlerManager_cache: 2025-07-29 08:38:45.322000		9142		local thread match
07-29 08:38:46.322  7754 11903 I ContextAware_SortAlgorithmManager.SceneUtil_cache: 2025-07-29 08:38:45.322000		9136		SortAlgorithmManager.SceneCombinationProcessor current map is  sceneId 210000000 status 2 intentList size 1 isHome false IntentId: 13151001 policyName DYNAMIC_SUBSTITUTE isFocus false serviceId null type 0 deleteKeynull
07-29 08:38:46.322  7754 11903 I ContextAware_SortAlgorithmManager.SceneUtil_cache:  sceneId 220500200 status 1 intentList size 1 isHome false IntentId: 14111005 policyName SUBSTITUTE_SCENE isFocus false serviceId  type 0 deleteKeynull
07-29 08:38:46.322  7754 11903 I ContextAware_SortAlgorithmManager.SceneUtil_cache:  sceneId 240000000 status 2 intentList size 3 isHome false IntentId: 14111004 policyName CLEAN_UP_STORAGE_SUBSTITUTE isFocus false serviceId null type 0 deleteKeynull IntentId: 18111007 policyName CLEAN_UP_SUBSTITUTE isFocus false serviceId null type 0 deleteKeynull IntentId: 18111008 policyName CLEAN_UP_PLUS_SUBSTITUTE isFocus false serviceId null type 0 deleteKeynull
07-29 08:38:46.322  7754 11903 E metis_v2_JenaHandlerManager_cache: 2025-07-29 08:38:45.322000		9142		local thread match
07-29 08:38:46.322  7754 11903 E metis_v2_JenaHandlerManager_cache: 2025-07-29 08:38:45.322000		9142		local thread match
07-29 08:38:46.322  7754 11903 E metis_v2_JenaHandlerManager_cache: 2025-07-29 08:38:45.322000		9142		local thread match
07-29 08:38:46.322  7754 11903 E metis_v2_JenaHandlerManager_cache: 2025-07-29 08:38:45.322000		9142		local thread match
07-29 08:38:46.322  7754 11903 E metis_v2_JenaHandlerManager_cache: 2025-07-29 08:38:45.322000		9142		local thread match
07-29 08:38:46.322  7754 11903 I ContextAware_SortAlgorithmManager.SceneCombinationProcessor_cache: 2025-07-29 08:38:45.322000		9136		Scene intent has changed
07-29 08:38:46.322  7754 11903 E metis_v2_JenaHandlerManager_cache: 2025-07-29 08:38:45.322000		9142		local thread match
07-29 08:38:46.322  7754 11903 E metis_v2_JenaHandlerManager_cache: 2025-07-29 08:38:45.322000		9142		local thread match
07-29 08:38:46.322  7754 11903 I ContextAware_SortAlgorithmManager.SceneUtil_cache: 2025-07-29 08:38:45.322000		9136		SortAlgorithmManager.SceneReorderProcessor sceneId 210000000 status 2 intentList size 1 isHome false IntentId: 13151001 policyName DYNAMIC_SUBSTITUTE isFocus false serviceId null type 0 deleteKeynull
07-29 08:38:46.322  7754 11903 I ContextAware_SortAlgorithmManager.SceneUtil_cache:  sceneId 220500200 status 1 intentList size 1 isHome false IntentId: 14111005 policyName SUBSTITUTE_SCENE isFocus false serviceId  type 0 deleteKeynull
07-29 08:38:46.322  7754 11903 I ContextAware_SortAlgorithmManager.SceneUtil_cache:  sceneId 240000000 status 2 intentList size 3 isHome false IntentId: 14111004 policyName CLEAN_UP_STORAGE_SUBSTITUTE isFocus false serviceId null type 0 deleteKeynull IntentId: 18111007 policyName CLEAN_UP_SUBSTITUTE isFocus false serviceId null type 0 deleteKeynull IntentId: 18111008 policyName CLEAN_UP_PLUS_SUBSTITUTE isFocus false serviceId null type 0 deleteKeynull
07-29 08:38:46.322  7754 11903 I ContextAware_DailyStatisticsRecorder_cache: 2025-07-29 08:38:45.322000		9156		Increase context change count: PROCESSOR_SCENE_COMBINATION_cnt, value: 1
07-29 08:38:46.322  7754 11903 I ContextAware_DailyStatisticsRecorder_cache: 2025-07-29 08:38:45.323000		9156		Increase context change count: PROCESSOR_SCENE_COMBINATION_ms, value: 2
07-29 08:38:46.322  7754 11903 W metis_v2_DeepThinkerLabelClient_cache: 2025-07-29 08:38:45.326000		10067		getUserProfileLabel null
07-29 08:38:46.322  7754 11903 I ContextAware_DailyStatisticsRecorder_cache: 2025-07-29 08:38:45.326000		9326		Increase context change count: PROCESSOR_SCENE_REORDER_cnt, value: 1
07-29 08:38:46.322  7754 11903 I ContextAware_SortAlgorithmManager.SceneUtil_cache: 2025-07-29 08:38:45.326000		9136		SortAlgorithmManager.SceneDeduplicationProcessor sceneId 210000000 status 2 intentList size 1 isHome false IntentId: 13151001 policyName DYNAMIC_SUBSTITUTE isFocus false serviceId null type 0 deleteKeynull
07-29 08:38:46.322  7754 11903 I ContextAware_SortAlgorithmManager.SceneUtil_cache:  sceneId 220500200 status 1 intentList size 1 isHome false IntentId: 14111005 policyName SUBSTITUTE_SCENE isFocus false serviceId  type 0 deleteKeynull
07-29 08:38:46.322  7754 11903 I ContextAware_SortAlgorithmManager.SceneUtil_cache:  sceneId 240000000 status 2 intentList size 3 isHome false IntentId: 14111004 policyName CLEAN_UP_STORAGE_SUBSTITUTE isFocus false serviceId null type 0 deleteKeynull IntentId: 18111007 policyName CLEAN_UP_SUBSTITUTE isFocus false serviceId null type 0 deleteKeynull IntentId: 18111008 policyName CLEAN_UP_PLUS_SUBSTITUTE isFocus false serviceId null type 0 deleteKeynull
07-29 08:38:46.322  7754 11903 I ContextAware_DailyStatisticsRecorder_cache: 2025-07-29 08:38:45.327000		9326		Increase context change count: PROCESSOR_SCENE_REORDER_ms, value: 4
07-29 08:38:46.322  7754 11903 I ContextAware_SortAlgorithmManager.DecisionAlgorithmManager_cache: 2025-07-29 08:38:45.327000		9136		getDecisionAlgorithm: dt_sort
07-29 08:38:46.323  7754 11903 I ContextAware_SortAlgorithmManager.DtSort_cache: 2025-07-29 08:38:45.327000		9730		onDecisionAfterRerank, inner algorithm is: internal_dt_sort
07-29 08:38:46.323  7754 11903 I ContextAware_DailyStatisticsRecorder_cache: 2025-07-29 08:38:45.327000		9326		Increase context change count: PROCESSOR_SCENE_DEDUPLICATION_cnt, value: 1
07-29 08:38:46.323  7754 11903 I ContextAware_DailyStatisticsRecorder_cache: 2025-07-29 08:38:45.327000		9326		Increase context change count: PROCESSOR_SCENE_DEDUPLICATION_ms, value: 1
07-29 08:38:46.323  7754 11903 I ContextAware_SortAlgorithmManager.DtIntentDataManager_cache: 2025-07-29 08:38:45.327000		9731		getDtIntentList: dtIntents = []
07-29 08:38:46.323  7754 11903 E ContextAware_SortAlgorithmManager.DtInternalSortImpl_cache: 2025-07-29 08:38:45.327000		9731		targetDtList is invalid
07-29 08:38:46.323  7754 11903 I ContextAware_SortAlgorithmManager.SceneIntentReorderProcessor_cache: 2025-07-29 08:38:45.327000		9136		ruleReordering onDecisionAfterRerank, mIntentList:size: 5 13151001 14111005 14111004 18111007 18111008
07-29 08:38:46.323  7754 11903 W ContextAware_IntentSwitchManager_cache: 2025-07-29 08:38:45.327000		9136		subSwitchMap don't contain application_suggestions, set the switch to true as default
07-29 08:38:46.323  7754 11903 I ContextAware_IntentSwitchManager_cache: 2025-07-29 08:38:45.327000		9136		getSubSwitchStatus = {application_suggestions=true}
07-29 08:38:46.323  7754 11903 I ContextAware_SortAlgorithmManager.ReorderProcessor.RuleReRanker_cache: 2025-07-29 08:38:45.327000		9136		sceneIntentRerank sceneFinalScoreMap:{scene rerank, use defaultScore, finalScore:13151001DYNAMIC_SUBSTITUTE=3.12}
07-29 08:38:46.323  7754 11903 I metis_v2_BreenoSwitchSettingObserver_cache: 2025-07-29 08:38:45.327000		9136		panta-sugg-getMasterSwitchStatus from cache:true
07-29 08:38:46.323  7754 11903 I ContextAware_IntentSwitchManager_cache: 2025-07-29 08:38:45.327000		9136		getSubSwitchStatus = {tips=true}
07-29 08:38:46.323  7754 11903 I ContextAware_IntentSwitchManager_cache: 2025-07-29 08:38:45.328000		9136		isExistInSceneInfoActionList pantanalIntentAction = pantanal.intent.system.VIEW_TIPS
07-29 08:38:46.323  7754 11903 I metis_v2_BreenoSwitchSettingObserver_cache: 2025-07-29 08:38:45.328000		9136		panta-sugg-getMasterSwitchStatus from cache:true
07-29 08:38:46.323  7754 11903 I ContextAware_SortAlgorithmManager.ReorderProcessor.RuleReRanker_cache: 2025-07-29 08:38:45.328000		9136		sceneIntentRerank sceneFinalScoreMap:{scene rerank, use defaultScore, finalScore:14111005SUBSTITUTE_SCENE=2.0}
07-29 08:38:46.323  7754 11903 I ContextAware_IntentSwitchManager_cache: 2025-07-29 08:38:45.328000		9136		getSubSwitchStatus = {clear_memory=true}
07-29 08:38:46.323  7754 11903 I ContextAware_IntentSwitchManager_cache: 2025-07-29 08:38:45.328000		9136		isExistInSceneInfoActionList pantanalIntentAction = pantanal.intent.system.CLEAN_UP_STORAGE
07-29 08:38:46.323  7754 11903 I metis_v2_BreenoSwitchSettingObserver_cache: 2025-07-29 08:38:45.328000		9136		panta-sugg-getMasterSwitchStatus from cache:true
07-29 08:38:46.323  7754 11903 I ContextAware_IntentSwitchManager_cache: 2025-07-29 08:38:45.328000		9136		isExistInSceneInfoActionList pantanalIntentAction = pantanal.intent.audio.SUBSTITUTE_RAM_CLEAN_UP
07-29 08:38:46.323  7754 11903 I metis_v2_BreenoSwitchSettingObserver_cache: 2025-07-29 08:38:45.328000		9136		panta-sugg-getMasterSwitchStatus from cache:true
07-29 08:38:46.323  7754 11903 I ContextAware_IntentSwitchManager_cache: 2025-07-29 08:38:45.328000		9136		isExistInSceneInfoActionList pantanalIntentAction = pantanal.intent.audio.SUBSTITUTE_RAM_CLEAN_UP_PLUS
07-29 08:38:46.323  7754 11903 I metis_v2_BreenoSwitchSettingObserver_cache: 2025-07-29 08:38:45.328000		9136		panta-sugg-getMasterSwitchStatus from cache:true
07-29 08:38:46.323  7754 11903 I ContextAware_SortAlgorithmManager.ReorderProcessor.RuleReRanker_cache: 2025-07-29 08:38:45.328000		9136		sceneIntentRerank sceneFinalScoreMap:{scene rerank, use defaultScore, finalScore:14111004CLEAN_UP_STORAGE_SUBSTITUTE=4.06, scene rerank, use defaultScore, finalScore:18111007CLEAN_UP_SUBSTITUTE=4.05, scene rerank, use defaultScore, finalScore:18111008CLEAN_UP_PLUS_SUBSTITUTE=4.02}
07-29 08:38:46.323  7754 11903 I ContextAware_SortAlgorithmManager.SceneIntentReorderProcessor_cache: 2025-07-29 08:38:45.328000		9136		IntentReorder: scene[210000000]rank mIntentList: size: 1 13151001
07-29 08:38:46.323  7754 11903 I ContextAware_SortAlgorithmManager.SceneIntentReorderProcessor_cache: scene[220500200]rank mIntentList: size: 1 14111005
07-29 08:38:46.323  7754 11903 I ContextAware_SortAlgorithmManager.SceneIntentReorderProcessor_cache: scene[240000000]rank mIntentList: size: 3 14111004 18111007 18111008
07-29 08:38:46.323  7754 11903 W ContextAware_SortAlgorithmManager.SceneUtil_cache: 2025-07-29 08:38:45.328000		9136		Drop invalid scene: 220500200
07-29 08:38:46.323  7754 11903 I ContextAware_DailyStatisticsRecorder_cache: 2025-07-29 08:38:45.328000		9570		Increase context change count: PROCESSOR_SCENE_INTENT_REORDER_cnt, value: 1
07-29 08:38:46.323  7754 11903 I ContextAware_SortAlgorithmManager.SceneFocusProcessor_cache: 2025-07-29 08:38:45.328000		9136		scene 210000000 not change or has focus scene or current scene is L3
07-29 08:38:46.323  7754 11903 I ContextAware_SortAlgorithmManager.SceneFocusProcessor_cache: 2025-07-29 08:38:45.328000		9136		scene 240000000 not change or has focus scene or current scene is L3
07-29 08:38:46.323  7754 11903 I ContextAware_DailyStatisticsRecorder_cache: 2025-07-29 08:38:45.328000		9570		Increase context change count: PROCESSOR_SCENE_INTENT_REORDER_ms, value: 1
07-29 08:38:46.323  7754 11903 I ContextAware_DailyStatisticsRecorder_cache: 2025-07-29 08:38:45.328000		9156		Increase context change count: PROCESSOR_SCENE_FOCUS_cnt, value: 1
07-29 08:38:46.323  7754 11903 I ContextAware_DailyStatisticsRecorder_cache: 2025-07-29 08:38:45.328000		9156		Increase context change count: PROCESSOR_SCENE_FOCUS_ms, value: 0
07-29 08:38:46.323  7754 11903 I ContextAware_SortAlgorithmManager.BatchIntentProcessor_cache: 2025-07-29 08:38:45.329000		9136		onProcess decisionUTraceContext = UTraceContext(traceID=7f0000011753792725328343007754, current=p_7754_18dd45a@42, parent=null, spanType=1, valid=1, tag=null)
07-29 08:38:46.323  7754 11903 E ContextAware_SortAlgorithmManager.BatchIntentProcessor_cache: 2025-07-29 08:38:45.329000		9136		onProcess intentStringList is invalid
07-29 08:38:46.323  7754 11903 E ContextAware_SortAlgorithmManager.IntentSendProcessor_cache: 2025-07-29 08:38:45.329000		9136		disable direct send intent mode, clear
07-29 08:38:46.323  7754 11903 I ContextAware_DailyStatisticsRecorder_cache: 2025-07-29 08:38:45.329000		9441		Increase context change count: PROCESSOR_BATCH_INTENT_cnt, value: 1
07-29 08:38:46.323  7754 11903 I ContextAware_DailyStatisticsRecorder_cache: 2025-07-29 08:38:45.329000		9441		Increase context change count: PROCESSOR_BATCH_INTENT_ms, value: 1
07-29 08:38:46.323  7754 11903 I metis_v2_BreenoSwitchSettingObserver_cache: 2025-07-29 08:38:45.329000		9136		panta-sugg-getMasterSwitchStatus from cache:true
07-29 08:38:46.323  7754 11903 I ContextAware_IntentSwitchManager_cache: 2025-07-29 08:38:45.329000		9136		filterList, not filter, breeno switch on
