07-28 20:41:14.028  4909  4909 I SystemUi--QuickSettings: OplusQSRootViewController-->startExpandMotion event: 0, startTracking: false isClosing: false panelClosedOnDown: false
07-28 20:41:14.028  4909  4909 I SystemUi--QuickSettings: OplusQSRootViewController-->initialOffsetOnTouch: 2376.0, panelClosedOnDown: false
07-28 20:41:14.029  3563  6009 I InputDispatcher: injectInputEvent: targetUid=<not set>, syncMode=WAIT_FOR_FINISHED, timeout=30000ms, policyFlags=0x8000000, event=MotionEvent { action=UP, id[0]=0, x[0]=877, y[0]=1330, eventTime=59774000000, downTime=59774000000, deviceId=4, source=TOUCHSCREEN, displayId=0, eventId=0xd693528d}
07-28 20:41:14.029  3563  4870 D UAH-UahAdaptHelper: adaptSetNotification identity = OplusUAwareInputHelpersrc = 1000 , type 1 ,p1 = -1 ,p2 = -1 ,p3 = -1 ,p4 =
07-28 20:41:14.029  3563  4870 I [UAH_CLIENT]: uahRuleCtl, ruleId:1000, status:1
07-28 20:41:14.029  4909  4909 I SystemUi--Statusbar: OplusStatusBarWindowViewTouchExImpl-->onTouchEvent handled:false
07-28 20:41:14.029  4909  4909 I SystemUi--QuickSettings: OplusPanelViewPagerController-->reset
07-28 20:41:14.029  4909  4909 I SystemUi--QuickSettings: OplusQSRootViewController-->resetTouch
07-28 20:41:14.029  4909  4909 D OplusViewDragTouchViewHelper: dispatchTouchView action = 1
07-28 20:41:14.029  4909  4909 D ViewRootImplExtImpl: the up motion event handled by client, just return
07-28 20:41:14.030  4909  4909 I SystemUi--QuickSettings: Tile.OplusAirplaneModeTile-->clicked ------ state is :2 canTips :true
07-28 20:41:14.030  4909  5436 V OplusCustomizeCacheManager: queryCache name: sys.cache.common_customize_cache18026 param: null
07-28 20:41:14.030  4909  5436 V OplusCustomizeCacheManager: queryCache name: sys.cache.common_customize_cache18026 param: null
07-28 20:41:14.033  5089  8460 I txpwradmin:SettingsObserver: onChange for uri = content://settings/global/airplane_mode_on
07-28 20:41:14.033  4909  5904 I SystemUi--QuickSettings: Tile.OplusAirplaneModeTile-->handleUpdateState state.state: 2 value: 0
07-28 20:41:14.033  4909  5904 V OplusCustomizeCacheManager: queryCache name: sys.cache.common_customize_cache18026 param: null
07-28 20:41:14.034  4909  4909 I SystemUi--Statusbar: OplusStatusBarSignalPolicy-->imsIcon: OplusIMSModel(shouldShowVolte=false, shouldShowVowifi=false, simInserted=true, noSim=false, shouldShowVodata=false, shouldShowVo5G=false, vowifiState=false), OplusIMSModel(shouldShowVolte=false, shouldShowVowifi=false, simInserted=false, noSim=true, shouldShowVodata=false, shouldShowVo5G=false, vowifiState=false), noSubs:false, airplaneMode:falsevisible: false ,wifiConnect:false , vowifiIcon:0 , voDataStatus:false, is5GNewCall:false
07-28 20:41:14.034  7333  9503 I SettingImpl: isAirplaneModeToggleChecked switchValue: -1, airplane mode isChecked is false
07-28 20:41:14.034  4909  4909 I SystemUi--Statusbar: OplusStatusBarSignalPolicy-->noSimIcon simState: SimStateModel(simInserted=[true, false], simForbidden=[false, true], simStateIMSI=[true, false], simLoaded=[true, false]), noSubs:false isAirplaneMode:false
07-28 20:41:14.034  3563  4672 D OplusWifiSwitchStateMonitor: mWifiSettingsValue:0
07-28 20:41:14.034  3563  4672 D OplusWifiSwitchStateMonitor: notify scan state: true
07-28 20:41:14.034  3563  4671 D OplusWifiPower_ConnLpmEventObsever: AIRPLANE_MODE_ON:false
07-28 20:41:14.034  4909  4909 I SystemUi--Statusbar: OplusMobileIconViewModel-->isVisible subId:1 isAirplaneMode:false isAllowedDuringAirplaneMode:false isForceHidden:false isSatelliteForbid:false
07-28 20:41:14.034  4909  4909 I SystemUi--Statusbar: OplusStatusBarMobileViewBinder-->isVisible:true
07-28 20:41:14.034  4909  4909 I SystemUi--Statusbar: OplusStatusBarMobileViewBinder-->isVisible:true
07-28 20:41:14.034  4909  4909 I SystemUi--Statusbar: OplusStatusBarMobileViewBinder-->isVisible:true
07-28 20:41:14.034  4909  4909 I SystemUi--Statusbar: OplusStatusBarMobileViewBinder-->isVisible:true
07-28 20:41:14.034  4909  4909 I SystemUi--Statusbar: OplusStatusBarMobileViewBinder-->isVisible:true
07-28 20:41:14.034  4909  5904 V OplusCustomizeCacheManager: queryCache name: sys.cache.common_customize_cache11009 param: null
07-28 20:41:14.034  5089  8460 D txpwrJni: sendRadioStatus start
07-28 20:41:14.035  2057  2063 E PerformanceService: [damon_reclaim] Failed to open wmarks_xxx, Linux version 6.6.30
07-28 20:41:14.035  3563  4383 E PerformanceManager: setDamonReclaimWmarks succeed.
07-28 20:41:14.035  3563  4514 D BluetoothSystemServer: BluetoothRadioModeListener: Not sensitive to airplane_mode_radios change. Forced to false
07-28 20:41:14.035  3563  3563 D OplusWifiBroadCastDispatcher: mBroadcastReceiver: onReceiver  action=android.intent.action.AIRPLANE_MODE
07-28 20:41:14.036  5072  5072 W Settings: Setting airplane_mode_on has moved from android.provider.Settings.System to android.provider.Settings.Global, returning read-only value.
07-28 20:41:14.036  3563  4564 D WifiController: Airplane mode disabled, determine next state
07-28 20:41:14.036  3563  4564 D WifiActiveModeWarden: Starting primary ClientModeManager in scan only mode
07-28 20:41:14.036  5055  5702 D ResidenceLocSm: onPreHandleMessage 49
07-28 20:41:14.037  5055  5702 D ResidenceLocSm: onPostHandleMessage 49
07-28 20:41:14.037  4975  4975 W Settings: Setting airplane_mode_on has moved from android.provider.Settings.System to android.provider.Settings.Global, returning read-only value.
07-28 20:41:14.037  4975  4975 W Settings: Setting airplane_mode_on has moved from android.provider.Settings.System to android.provider.Settings.Global, returning read-only value.
07-28 20:41:14.037  4975  4975 W Settings: Setting airplane_mode_on has moved from android.provider.Settings.System to android.provider.Settings.Global, returning read-only value.
07-28 20:41:14.037  4975  4975 W Settings: Setting airplane_mode_on has moved from android.provider.Settings.System to android.provider.Settings.Global, returning read-only value.
07-28 20:41:14.037  4975  4975 W Settings: Setting airplane_mode_on has moved from android.provider.Settings.System to android.provider.Settings.Global, returning read-only value.
07-28 20:41:14.037  3563  4564 D WifiController: DisabledState.exit()
07-28 20:41:14.038  3563  4564 D WifiController: EnabledState.enter()
07-28 20:41:14.038  3563  4564 D WifiClientModeManager[59786:unknown]: entering IdleState
07-28 20:41:14.039  5231  5231 D SubsysBroadcastManager: onReceive action:android.intent.action.AIRPLANE_MODE
07-28 20:41:14.039  5231  5231 D NetworkService[0]: onAirPlaneModeChange isAirPlaneModeOn:false
07-28 20:41:14.039  5231  5231 D NetworkService[1]: onAirPlaneModeChange isAirPlaneModeOn:false
07-28 20:41:14.039  5231  5231 D QuickChangeAirplaneModeEvent: airplane mode off
07-28 20:41:14.039  5231  5231 W Settings: Setting airplane_mode_on has moved from android.provider.Settings.System to android.provider.Settings.Global, returning read-only value.
07-28 20:41:14.040  5055  5712 D OplusLinkBoostMeeting: onAirplaneModeChange
07-28 20:41:14.040  5055  5716 D ElevatorEvent: enableElevatorDetect mIsElevSensorReg = false
07-28 20:41:14.040  3563  4514 D BluetoothSystemServer: AirplaneModeListener: Ignore mode change to same state. previousMode=false, isOn=false, isOnOverrode=false, isMediaConnected=false
07-28 20:41:14.040  5055  5716 V SystemSensorManagerExtImpl: RegisterListener elevator_detect  Wakeup type:33171036 delay:200000us by com.oplus.nas.comm.event.ElevatorEvent$a@1275d35 from com.oplus.nas
07-28 20:41:14.041  3563  4792 D SensorService: createSensorEventConnection packageName = com.oplus.nas.comm.event.ElevatorEvent, opPackageName = com.oplus.nas, mCurrentOperatingMode = 0, requestedMode = 0
07-28 20:41:14.041  5055  6404 I PCDR-common_no_service[0]: forbidden
07-28 20:41:14.041  5055  6404 I PCDR-common_no_45g[0]: forbidden
07-28 20:41:14.041  5055  6404 I PCDR-common_no_service[1]: forbidden
07-28 20:41:14.041  5055  6404 I PCDR-common_no_45g[1]: forbidden
07-28 20:41:14.041  4975  4975 D PhoneGlobals: ACTION_AIRPLANE_MODE_CHANGED received
07-28 20:41:14.041  4975  4975 D PhoneGlobals: Receive ACTION_AIRPLANE_MODE_CHANGED, state: false
07-28 20:41:14.041  4975  4975 I PhoneGlobals: handleAirplaneModeChange: isAirplaneNewlyOn=false
07-28 20:41:14.041  4975  4975 D PhoneGlobals: handleAirplaneModeChange: isAirplaneNewlyOn = false, cellState = 2
07-28 20:41:14.041  4975  4975 I PhoneGlobals: Turning radio on - airplane
07-28 20:41:14.041  5072  5072 I HidlServiceManagement: Trying to get transport of vendor.oplus.hardware.appradio@1.0::IOplusAppRadio/oplus_app_slot1 without hwservicemanager
07-28 20:41:14.042  5072  5072 E NhsAppRIL/0: in getOplusRadioProxy getService: Exception: java.util.NoSuchElementException
07-28 20:41:14.042  5231  5231 D RadioMessenger: handleMessage Request msgid 2215
07-28 20:41:14.042  5231  5231 D RadioProxyJ: [PHONE0][95]> getNecData moduleId:1 evtId:[0, 16, 0, 0, 0, 0, 0, 0, 0, 0, 0, 0, 0, 0, 0, 0, 0, 0, 0, 0, 0, 0, 0, 0, 0, 0, 0, 0, 0, 0, 0, 0]
07-28 20:41:14.042  5151  5151 I QImsService: OplusWifiApmStateMgr : ACTION_AIRPLANE_MODE_CHANGED,mIsAirplaneModeOn: false
07-28 20:41:14.043  5151  5151 I QImsService: OplusImsServiceSubImpl : onTurnOffImsAfterWifiChanged : false
07-28 20:41:14.043  5151  5151 I QImsService: OplusImsServiceSubImpl : onTurnOffImsAfterWifiChanged : false
07-28 20:41:14.043  5055  5713 D NAS-CallIssueDetector: notifyApmChanged
07-28 20:41:14.043  3563  4792 W SensorService: SensorEventConnection sensor handle=1362, package = com.oplus.nas.comm.event.ElevatorEvent enable
07-28 20:41:14.043  3563  4792 E SensorService: Required app com.oplus.nas.comm.event.ElevatorEvent, uid 1000, pid 5055
07-28 20:41:14.043  4909  4909 D RowAnimatorExtImpl: init:tx,view:StatusBarIconView(slot='volume' alpha=1.0 icon=StatusBarIcon(icon=Icon(typ=RESOURCE pkg=com.android.systemui id=0x7f0818f0) visible user=0 ) visibleState=ICON iconColor=#ccffffff staticDrawableColor=#ccffffff decorColor=#ffffffff animationStartColor=#0 currentSetColor=#ccffffff notification=null),translationX:  9.0  0.0  
07-28 20:41:14.043  4909  4909 D RowAnimatorExtImpl: init:tx,view:StatusBarIconView(slot='zen' alpha=1.0 icon=StatusBarIcon(icon=Icon(typ=RESOURCE pkg=com.android.systemui id=0x7f0818e1) visible user=0 ) visibleState=ICON iconColor=#ccffffff staticDrawableColor=#ccffffff decorColor=#ffffffff animationStartColor=#0 currentSetColor=#ccffffff notification=null),translationX:  57.0  48.0  
07-28 20:41:14.043  3563  4792 D SensorService: Calling batch handle==1362 flags=0rate=200000000 timeout== 0
07-28 20:41:14.043  3563  4792 D SensorService: SensorDevice::batch: ident=0xb400007af86a87c0, handle=0x00000552, flags=0, period_ns=200000000 timeout=0
07-28 20:41:14.043  3563  4792 D SensorService: 	>>> actuating h/w BATCH 0x00000552 200000000 0
07-28 20:41:14.043  3468  3525 D QmiVsClient: getNecData - enter
07-28 20:41:14.043  3468  3525 E QmiVsClient: sendAsyncRequest QMI_VS_GET_NEC_DATA_REQ_MSG_V01 ret 0
07-28 20:41:14.043  1884  1884 I sensors-hal: batch:153, qti.sensor.elevator_detect/1362, period=200000000, max_latency=0
07-28 20:41:14.043  1884  1884 I sensors-hal: batch:175, qti.sensor.elevator_detect/1362, period=200000000, max_latency=0 request completed
07-28 20:41:14.043  3563  4792 D SensorService: Calling activate on 1362
07-28 20:41:14.043  3563  4792 D SensorService: SensorDevice::activate: ident=0xb400007af86a87c0, handle=0x00000552, enabled=1, count=1
07-28 20:41:14.043  3563  4792 D SensorService: enable index=0
07-28 20:41:14.043  3563  4792 D SensorService: info.numActiveClients() = 1, info.isActive = 0
07-28 20:41:14.043  3563  4792 D SensorService: activateHardware = 1
07-28 20:41:14.043  3563  4792 D SensorService: 	>>> actuating h/w activate handle=1362 enabled=1
07-28 20:41:14.044  1884  1884 I sensors-hal: activate:112, qti.sensor.elevator_detect/1362 en=1
07-28 20:41:14.044  1884  1884 I sensors-hal: acquire_qsh_interface:131, acquire_qsh_interface with sensor_id 28 , conn_type 2 
07-28 20:41:14.044  1906  1906 W android.hardware.wifi-service: No active wlan interfaces in use! Using default
07-28 20:41:14.044  5072  5072 D NhsElevatorReceiver: enableElevatorDetect mIsElevSensorReg = false
07-28 20:41:14.044  5072  5072 V SystemSensorManagerExtImpl: RegisterListener elevator_detect  Wakeup type:33171036 delay:200000us by t0.g$b@eda7a3c from com.oplus.nhs
07-28 20:41:14.044  4909  4909 D RowAnimatorExtImpl: init:tx,view:StatusBarIconView(slot='volume' alpha=1.0 icon=StatusBarIcon(icon=Icon(typ=RESOURCE pkg=com.android.systemui id=0x7f0818f0) visible user=0 ) visibleState=ICON iconColor=#ccffffff staticDrawableColor=#ccffffff decorColor=#ffffffff animationStartColor=#0 currentSetColor=#ccffffff notification=null),translationX:  9.0  0.0  
07-28 20:41:14.044  4909  4909 D RowAnimatorExtImpl: init:tx,view:StatusBarIconView(slot='zen' alpha=1.0 icon=StatusBarIcon(icon=Icon(typ=RESOURCE pkg=com.android.systemui id=0x7f0818e1) visible user=0 ) visibleState=ICON iconColor=#ccffffff staticDrawableColor=#ccffffff decorColor=#ffffffff animationStartColor=#0 currentSetColor=#ccffffff notification=null),translationX:  57.0  48.0  
07-28 20:41:14.044  3563  5313 D SensorService: createSensorEventConnection packageName = t0.g, opPackageName = com.oplus.nhs, mCurrentOperatingMode = 0, requestedMode = 0
07-28 20:41:14.044  3563  5838 D CompatChangeReporter: Compat change id reported: 297989574; UID 1000; state: ENABLED
07-28 20:41:14.044  5055  5713 D NAS-CallIssueDetector: EVENT_SIM_STATE_CHANGE mSimState[0] LOADED
07-28 20:41:14.044  5055  5713 D SceneEvent: registerSensorMgr start
07-28 20:41:14.044  4909  4909 D RowAnimatorExtImpl: init:tx,view:StatusBarIconView(slot='volume' alpha=1.0 icon=StatusBarIcon(icon=Icon(typ=RESOURCE pkg=com.android.systemui id=0x7f0818f0) visible user=0 ) visibleState=ICON iconColor=#ccffffff staticDrawableColor=#ccffffff decorColor=#ffffffff animationStartColor=#0 currentSetColor=#ccffffff notification=null),translationX:  9.0  0.0  
07-28 20:41:14.044  4909  4909 D RowAnimatorExtImpl: init:tx,view:StatusBarIconView(slot='zen' alpha=1.0 icon=StatusBarIcon(icon=Icon(typ=RESOURCE pkg=com.android.systemui id=0x7f0818e1) visible user=0 ) visibleState=ICON iconColor=#ccffffff staticDrawableColor=#ccffffff decorColor=#ffffffff animationStartColor=#0 currentSetColor=#ccffffff notification=null),translationX:  57.0  48.0  
07-28 20:41:14.044  1861  1918 E minksocket: MinkIPC ERROR: ( 1861:1918 ) MinkIPC_preProcess:272 Client down, but cannot find corresponding minksession
07-28 20:41:14.045  1861  1927 E minksocket: MinkIPC ERROR: ( 1861:1927 ) MinkIPC_preProcess:272 Client down, but cannot find corresponding minksession
07-28 20:41:14.045  1861  1927 E minksocket: MinkIPC ERROR: ( 1861:1927 ) MinkIPC_preProcess:272 Client down, but cannot find corresponding minksession
07-28 20:41:14.046  1884  1884 I sensors-hal: qsh_qmi:34, qsh_qmi
07-28 20:41:14.046  1884  1884 I sensors-hal: send_sync_sensor_request:443, send sync request
07-28 20:41:14.046  1884  1884 I sensors-hal: send_sync_sensor_request:472, wait for notification of response
07-28 20:41:14.046  4909  5904 I SystemUi--QuickSettings: Tile.OplusAirplaneModeTile-->handleUpdateState state.state: 1 value: 0
07-28 20:41:14.046  3563  4564 D OplusWifiConcurrentManager: isConcurrentCombinationAllowed : createMode= 0, requestType =-1
07-28 20:41:14.046  4909  5904 V OplusCustomizeCacheManager: queryCache name: sys.cache.common_customize_cache18026 param: null
07-28 20:41:14.046  3468  3947 D QmiVsClient: getNecData callback - enter
07-28 20:41:14.046  3563  4564 I HalDevMgr: currentModeId=3, requestModeId=3, currentModeIdValid=true
07-28 20:41:14.047  1906  1906 D WifiHAL : wifi_set_interface_mode: ifname=wlan0 iface_type=0
07-28 20:41:14.047  1906  1906 I android.hardware.wifi-service: Adding interface handle for wifi-aware0
07-28 20:41:14.047  1906  1906 I android.hardware.wifi-service: Adding interface handle for wlan0
07-28 20:41:14.047  1906  1906 I android.hardware.wifi-service: Adding interface handle for p2p0
07-28 20:41:14.047  1884 12752 I sensors-hal: qsh_conn_resp_cb:793, resp_value = 0 for elevator_detect 
07-28 20:41:14.047  1884  1884 I sensors-hal: send_sync_sensor_request:478, takes 1 ms to receive the response with 0
07-28 20:41:14.047  1884  1884 I sensors-hal: activate:131, qti.sensor.elevator_detect/1362 en=1 completed
07-28 20:41:14.048  1861  1927 E minksocket: MinkIPC ERROR: ( 1861:1927 ) MinkIPC_preProcess:272 Client down, but cannot find corresponding minksession
07-28 20:41:14.048  1861  1927 E minksocket: MinkIPC ERROR: ( 1861:1927 ) MinkIPC_preProcess:272 Client down, but cannot find corresponding minksession
07-28 20:41:14.048  1861  1918 E minksocket: MinkIPC ERROR: ( 1861:1918 ) MinkIPC_preProcess:272 Client down, but cannot find corresponding minksession
07-28 20:41:14.048  1861  1918 E minksocket: MinkIPC ERROR: ( 1861:1918 ) MinkIPC_preProcess:272 Client down, but cannot find corresponding minksession
07-28 20:41:14.048  1861  1918 E minksocket: MinkIPC ERROR: ( 1861:1918 ) MinkIPC_preProcess:272 Client down, but cannot find corresponding minksession
07-28 20:41:14.048  3468  3525 D VsProxy : handleMessage msg is 4001
07-28 20:41:14.048  3468  3525 D RadioProxy: getNecData : response cb for instance 0
07-28 20:41:14.048  3563  4792 D SensorService: 0xb400007af86a87c0 addFd fd=995
07-28 20:41:14.049  5055  5716 D ElevatorEvent: elevator:registerForElevatorDetect  , true mIsElevSensorReg = true
07-28 20:41:14.049  5055  5716 D SceneEvent: registerSensorMgr start
07-28 20:41:14.049  5055  5716 D SceneEvent: registerSensorMgr already start,return
07-28 20:41:14.049  3563  4564 D HalDevMgr: updateRttController: no one is interested in RTT controllers
07-28 20:41:14.050  5231  5272 D RadioProxyJ: [PHONE0][95]< getNecDataResponse ******
07-28 20:41:14.050  5231  5231 D MessengerResponseHandler: handleMessage Response msgid 206
07-28 20:41:14.050  3563  5838 W SensorService: SensorEventConnection sensor handle=1362, package = t0.g enable
07-28 20:41:14.050  3563  5838 E SensorService: Required app t0.g, uid 1001, pid 5072
07-28 20:41:14.050  3563  5838 D SensorService: Calling batch handle==1362 flags=0rate=200000000 timeout== 0
07-28 20:41:14.050  3563  5838 D SensorService: SensorDevice::batch: ident=0xb400007a40653500, handle=0x00000552, flags=0, period_ns=200000000 timeout=0
07-28 20:41:14.050  3563  5838 D SensorService: Calling activate on 1362
07-28 20:41:14.050  3563  5838 D SensorService: SensorDevice::activate: ident=0xb400007a40653500, handle=0x00000552, enabled=1, count=2
07-28 20:41:14.050  3563  5838 D SensorService: enable index=0
07-28 20:41:14.050  3563  5838 D SensorService: info.numActiveClients() = 2, info.isActive = 1
07-28 20:41:14.050  3563  5838 D SensorService: activateHardware = 0
07-28 20:41:14.050  3563  5838 D SensorService: 0xb400007a40653500 addFd fd=997
07-28 20:41:14.050  5072  5072 D NhsElevatorReceiver: elevator:registerForElevatorDetect  , true mIsElevSensorReg = true
07-28 20:41:14.050  4909  5182 I SystemUi--QuickSettings: Tile.OplusCellularTile-->updateCarrierText: dialog not showing, ignore
07-28 20:41:14.050  5072  5072 D NhsSceneReceiver: registerSensorMgr start
07-28 20:41:14.051  5072  5072 V SystemSensorManagerExtImpl: RegisterListener oplus_activity_recognition  Wakeup type:33171037 delay:200000us by t0.k$a@aac83c5 from com.oplus.nhs
07-28 20:41:14.051  3563  4792 D SensorService: createSensorEventConnection packageName = t0.k, opPackageName = com.oplus.nhs, mCurrentOperatingMode = 0, requestedMode = 0
07-28 20:41:14.051  4909  5182 D SimStateHelper: slot:0, lock state:Bundle[mParcelledData.dataSize=56]
07-28 20:41:14.051  3563  4564 E HalDevMgr: removeP2pAndSapCombination do nothing: mIsAddedP2pAndSapCombination = false
07-28 20:41:14.051  3563  5313 W SensorService: SensorEventConnection sensor handle=1372, package = t0.k enable
07-28 20:41:14.051  3563  5313 E SensorService: Required app t0.k, uid 1001, pid 5072
07-28 20:41:14.051  3563  5313 D SensorService: enable sensor send lastEvent 1372
07-28 20:41:14.051  4909  5182 D SimStateHelper: slot:1, lock state:Bundle[mParcelledData.dataSize=56]
07-28 20:41:14.051  4909  5182 D SimStateHelper: needDisableMenu: slot1State=-1; slot2State=-1
07-28 20:41:14.051  4909  5182 D SimStateHelper: needDisableMenu:false
07-28 20:41:14.051  1906  1956 W android.hardware.wifi-service: AIBinder_linkToDeath is being called with a non-null cookie and no onUnlink callback set. This might not be intended. AIBinder_DeathRecipient_setOnUnlinked should be called first.
07-28 20:41:14.051  3563  5313 D SensorService: Calling batch handle==1372 flags=0rate=200000000 timeout== 0
07-28 20:41:14.051  3563  5313 D SensorService: SensorDevice::batch: ident=0xb400007af86a9cc0, handle=0x0000055c, flags=0, period_ns=200000000 timeout=0
07-28 20:41:14.051  3563  5313 D SensorService: Calling activate on 1372
07-28 20:41:14.051  3563  5313 D SensorService: SensorDevice::activate: ident=0xb400007af86a9cc0, handle=0x0000055c, enabled=1, count=4
07-28 20:41:14.051  3563  5313 D SensorService: enable index=1
07-28 20:41:14.051  3563  5313 D SensorService: info.numActiveClients() = 4, info.isActive = 1
07-28 20:41:14.051  3563  5313 D SensorService: activateHardware = 0
07-28 20:41:14.051  3563  5313 D SensorService: 0xb400007af86a9cc0 addFd fd=1011
07-28 20:41:14.051  1906  1956 I android.hardware.wifi-service: twtRegisterEvents is not supported-3
07-28 20:41:14.051  5072  5072 D NhsSceneReceiver: sensor name is oplus_activity_recognition  Wakeup, registerState:true
07-28 20:41:14.051  5072  5072 D NhsSceneReceiver: onAccuracyChanged
07-28 20:41:14.052  5072  5072 E NhsAppRILMsger: EVENT_REQ_EVENT_DONE Error received :com.android.internal.telephony.CommandException: RADIO_NOT_AVAILABLE
07-28 20:41:14.052  1906  1956 W android.hardware.wifi-service: AIBinder_linkToDeath is being called with a non-null cookie and no onUnlink callback set. This might not be intended. AIBinder_DeathRecipient_setOnUnlinked should be called first.
07-28 20:41:14.052  5072  5421 D NhsSceneReceiver: onSensorChanged: name = oplus_activity_recognition  Wakeup
07-28 20:41:14.052  5072  5421 D NhsSceneReceiver: enter still_state
07-28 20:41:14.052  1906  1956 D WifiHAL : wifi_get_chip_capabilities: max mlo assoc link cnt: 2 str link cnt 2
07-28 20:41:14.053  3563  4564 D WifiNl80211Manager: Setting up interface for client mode: wlan0
07-28 20:41:14.053  2810  2810 I wificond: Current driver country code US
07-28 20:41:14.053  3563  5838 D WifiNl80211Manager: OnRegDomainChanged US
07-28 20:41:14.053  2810  2810 I wificond: createClientInterface: wiphy_index 0 iface_name wlan0
07-28 20:41:14.053  3563  5838 D WifiNative: onCountryCodeChanged: US
07-28 20:41:14.053  3563  5838 I WifiCountryCode: Receive onDriverCountryCodeChanged US
07-28 20:41:14.053  3563  5838 D WifiScanRequestProxy: Sending scan available broadcast: true
07-28 20:41:14.053  2810  2810 I wificond: create scanner for interface with index: 27
07-28 20:41:14.053  2810  2810 I wificond: subscribe scan result for interface with index: 27
07-28 20:41:14.053  3563  4568 I WifiScanningService: Received a request to enable scanning, UID = 1000
07-28 20:41:14.054  3563  5838 I WifiScanRequestProxy: Scanning is enabled
07-28 20:41:14.054  3563  5838 I WifiScanRequestProxy: Scanning for hidden networks is disabled
07-28 20:41:14.054  3563  3563 D OplusWifiBroadCastDispatcher: mBroadcastReceiver: onReceiver  action=android.net.wifi.action.WIFI_SCAN_AVAILABILITY_CHANGED
07-28 20:41:14.054  3563  4673 D OplusWifiPower_ConnLpmEventObsever: onReceive EXTRA_SCAN_AVAILABLE availabe = true
07-28 20:41:14.054  3563  4673 D OplusWifiPowerService: onReceive action:android.net.wifi.action.WIFI_SCAN_AVAILABILITY_CHANGED
07-28 20:41:14.054  3563  4673 D OplusWifiSwitchStateMonitor: scan settings change to true
07-28 20:41:14.054  7005  7005 I OsAgent : onReceive: android.net.wifi.action.WIFI_SCAN_AVAILABILITY_CHANGED
07-28 20:41:14.054  7005  8362 I OsAgent : updateWiFiScanAvailState, scanAvailable: true
07-28 20:41:14.054  7005  8362 D OsAgentAidlClient: [bool_dataitem_update][1570] [HC] =>> [HS]
07-28 20:41:14.055  1878  1939 I LocSvc_SystemStatusOsObserver: sendCachedDataItems:471] DataItem: IS_WIFI_HARDWARE_ON: true >> Wiper
07-28 20:41:14.055  2810  2810 I wificond: add channel type 0 support at wiphy index: 0
07-28 20:41:14.056  2810  2810 I wificond: add channel type 1 support at wiphy index: 0
07-28 20:41:14.056  1878  1954 I LocSvc_api_v02: ---> locClientSendReq line 2409 QMI_LOC_NOTIFY_WIFI_ENABLED_STATUS_REQ_V02
07-28 20:41:14.057  3563  5838 W BestClock: java.time.DateTimeException: Missing network time fix
07-28 20:41:14.057  1755  1851 E TetherController: property_get sys.radio.data.modem_share_flag return 0, 1!
07-28 20:41:14.057  3563  4564 I WifiNative: Interface state changed on Iface:{Name=wlan0,Id=1,Type=STA_SCAN}, isUp=true
07-28 20:41:14.058  1906  1956 I WifiHAL : mpdu_size_threshold : 128, aggressive_statistics_gathering : 0
07-28 20:41:14.058  3563  4564 I WifiNative: Successfully setup Iface:{Name=wlan0,Id=1,Type=STA_SCAN}
07-28 20:41:14.058  3563  4564 E SupplicantStaIfaceHalAidlImpl: Can't call getKeyMgmtCapabilities, ISupplicantStaIface is null for iface=wlan0
07-28 20:41:14.058  3563  5838 W BestClock: java.time.DateTimeException: Missing network time fix
07-28 20:41:14.059  1906  1956 I WifiHAL : wifi_get_supported_radio_combinations_matrix: enter
07-28 20:41:14.060  1906  1956 I WifiHAL : wifi_parse_radio_combinations_matrix: radio_combinations[1]: num_radio_configurations 1
07-28 20:41:14.060  1906  1956 I WifiHAL : wifi_parse_radio_combinations_matrix: radio_combinations[2]: num_radio_configurations 1
07-28 20:41:14.060  1906  1956 I WifiHAL : wifi_parse_radio_combinations_matrix: radio_combinations[3]: num_radio_configurations 1
07-28 20:41:14.060  1906  1956 I WifiHAL : wifi_parse_radio_combinations_matrix: radio_combinations[4]: num_radio_configurations 2
07-28 20:41:14.060  1906  1956 I WifiHAL : wifi_parse_radio_combinations_matrix: radio_combinations[5]: num_radio_configurations 2
07-28 20:41:14.060  1906  1956 I WifiHAL : wifi_parse_radio_combinations_matrix: radio_combinations[6]: num_radio_configurations 2
07-28 20:41:14.060  1906  1956 I WifiHAL : wifi_parse_radio_combinations_matrix: num_radio_combinations 6, radio_matrix_size 100
07-28 20:41:14.060  3563  4564 E SupplicantStaIfaceHalAidlImpl: Can't call getWpaDriverCapabilities, ISupplicantStaIface is null for iface=wlan0
07-28 20:41:14.060  5055  5712 W BestClock: java.time.DateTimeException: Missing network time fix
07-28 20:41:14.060  3563  4564 E WifiStaIfaceAidlImpl: getTwtCapabilities failed with service-specific exception: android.os.ServiceSpecificException:  (code 4)
07-28 20:41:14.060  3563  5838 W BestClock: java.time.DateTimeException: Missing network time fix
07-28 20:41:14.060  5055  5712 V MonthTrafficAlert: getWarningNotification subId:1 numWarningNotificaion:0
07-28 20:41:14.061  3563  4564 E WifiChipAidlImpl: enableStaChannelForPeerNetwork failed with service-specific exception: android.os.ServiceSpecificException:  (code 4)
07-28 20:41:14.061  3563  4564 D WifiNative: setWifiNativeInterfaceEventCallback
07-28 20:41:14.061  3563  4564 D WifiClientModeManager[59786:wlan0]: entering StartedState
07-28 20:41:14.061  1906  1906 E WifiHAL : wifi_get_gscan_capabilities: GSCAN is not supported by driver
07-28 20:41:14.061  3563  4568 E WifiStaIfaceAidlImpl: getBackgroundScanCapabilities failed with service-specific exception: android.os.ServiceSpecificException:  (code 4)
07-28 20:41:14.061  3563  4564 D WifiClientModeManager[59786:wlan0]: entering ScanOnlyModeState
07-28 20:41:14.061  3563  4564 D WifiScanRequestProxy: Sending scan available broadcast: true
07-28 20:41:14.061  3563  4564 I WifiScanRequestProxy: Scanning is enabled
07-28 20:41:14.061  3563  4564 I WifiScanRequestProxy: Scanning for hidden networks is disabled
07-28 20:41:14.061  1878  4018 I LocSvc_ApiV02: <--- globalRespCb line 282 QMI_LOC_NOTIFY_WIFI_ENABLED_STATUS_REQ_V02
07-28 20:41:14.062  1906  1956 D WifiHAL : wifi_multi_sta_set_use_case: 0
07-28 20:41:14.062  7005  7005 I OsAgent : onReceive: android.net.wifi.action.WIFI_SCAN_AVAILABILITY_CHANGED
07-28 20:41:14.062  3563  3563 D OplusWifiBroadCastDispatcher: mBroadcastReceiver: onReceiver  action=android.net.wifi.action.WIFI_SCAN_AVAILABILITY_CHANGED
07-28 20:41:14.062  7005  8362 I OsAgent : updateWiFiScanAvailState, scanAvailable: true
07-28 20:41:14.062  3563  4564 D WifiCountryCode: evaluateAllCmmStateAndApplyIfAllReady: {ConcreteClientModeManager{id=59786 iface=wlan0 role=ROLE_CLIENT_SCAN_ONLY}=true}
07-28 20:41:14.062  3563  4673 D OplusWifiPower_ConnLpmEventObsever: onReceive EXTRA_SCAN_AVAILABLE availabe = true
07-28 20:41:14.062  3563  4673 D OplusWifiPowerService: onReceive action:android.net.wifi.action.WIFI_SCAN_AVAILABILITY_CHANGED
07-28 20:41:14.062  3563  4673 D OplusWifiSwitchStateMonitor: scan settings change to true
07-28 20:41:14.062  3563  4564 D WifiCountryCode: Reading country code from telephony
07-28 20:41:14.062  3563  4564 D WifiCountryCode: Set telephony country code to: 
07-28 20:41:14.062  3563  4568 I WifiScanningService: Created a new impl for wlan0
07-28 20:41:14.063  3563  4564 D WifiCountryCode: updateCountryCode to US
07-28 20:41:14.063  3563  4568 I WifiScanningService: Received a request to enable scanning, UID = 1000
07-28 20:41:14.063  3563  4564 D WifiCountryCode: setCountryCodeNative: US, isClientModeOnly: true mDriverCountryCode: US
07-28 20:41:14.063  3563  4568 I WifiScanningService: scanner impls already exists
07-28 20:41:14.063  3563  4568 I WifiScanningService: wifi driver loaded with scan capabilities: max buckets=16
07-28 20:41:14.063  3563  4568 E WifiScanningService: wifi driver loaded received while already loaded
07-28 20:41:14.064  3563  5313 W BestClock: java.time.DateTimeException: Missing network time fix
07-28 20:41:14.065  4909  5904 V OplusCustomizeCacheManager: queryCache name: sys.cache.common_customize_cache18014 param: null
07-28 20:41:14.065  4909  5904 V OplusCustomizeCacheManager: queryCache name: sys.cache.common_customize_cache18017 param: Bundle[{SETTING=BLOCK, BUSINESS=NCT-DATA}]
07-28 20:41:14.065  4909  5904 V OplusCustomizeCacheManager: queryCache name: sys.cache.common_customize_cache18013 param: null
07-28 20:41:14.065  2064  2121 D BatteryChargeControl: bcc get no support from charging protocol
07-28 20:41:14.067  1884  6377 I sensors-hal: qsh_conn_event_cb:756, event[0] msg_id=1025, ts=1230513237, sensor_type = oplus_activity_recognition  Wakeup
07-28 20:41:14.067  1884  6377 E sensors-hal: handle_sns_std_sensor_event:72, oplus_activity_recognition output: count: 1.000000, index: 1.000000, incar_state: 0.000000, actvity_mode: 3.000000, delta_time: 0.000000 !
07-28 20:41:14.068  3563  5838 W BestClock: java.time.DateTimeException: Missing network time fix
07-28 20:41:14.068  5072  5421 D NhsSceneReceiver: onSensorChanged: name = oplus_activity_recognition  Wakeup
07-28 20:41:14.068  5055  5464 D SceneEvent: onSensorChanged: name = oplus_activity_recognition  Wakeup
07-28 20:41:14.069  3563  5313 W BestClock: java.time.DateTimeException: Missing network time fix
07-28 20:41:14.069  4909  5904 V OplusCustomizeCacheManager: queryCache name: sys.cache.common_customize_cache18014 param: null
07-28 20:41:14.069  4909  5904 V OplusCustomizeCacheManager: queryCache name: sys.cache.common_customize_cache18017 param: Bundle[{SETTING=BLOCK, BUSINESS=NCT-DATA}]
07-28 20:41:14.069  4909  5904 V OplusCustomizeCacheManager: queryCache name: sys.cache.common_customize_cache18013 param: null
07-28 20:41:14.073  5197  6242 D IWlanJni: getDataRegistrationState start
07-28 20:41:14.073  3563  5313 W BestClock: java.time.DateTimeException: Missing network time fix
07-28 20:41:14.073  5197  6242 D IWlanJni: getDataRegistrationState start
07-28 20:41:14.074  5197  6255 D IWlanJni: new aidl event arrived
07-28 20:41:14.074  5197  6255 D IWlanJni: handleEvent 10
07-28 20:41:14.074  5197  6255 D IWlanJni: isThreadAttached start
07-28 20:41:14.074  5197  6255 D IWlanJni: jni detached
07-28 20:41:14.074  5197  6255 D IWlanJni: jni attached
07-28 20:41:14.074  5197  6255 D IWlanJni: getDataRegistrationStateResponse start
07-28 20:41:14.074  5197  6255 D IWlanJni: getJavaCallbackClass start
07-28 20:41:14.074  5197  6255 D IWlanJni: getJavaCallbackClass End midIs[1]
07-28 20:41:14.074  5197  6255 I IWlanAidlClient: getDataRegistrationStateResponse called
07-28 20:41:14.074  1878  4445 E LOCRIL_SESSION: operator():200] SubId: 1 Failed to get sim IO with error: 11
07-28 20:41:14.074  5197  6254 W IWlanNetworkService: 7 > Response Processed
07-28 20:41:14.075  1878  4445 E LOCRIL_SESSION: operator():241] SubId: 1 Failed to get sim IMSI with error: 11
07-28 20:41:14.075  3563  5313 W BestClock: java.time.DateTimeException: Missing network time fix
07-28 20:41:14.076  4909  5904 V OplusCustomizeCacheManager: queryCache name: sys.cache.common_customize_cache18014 param: null
07-28 20:41:14.076  4909  5904 V OplusCustomizeCacheManager: queryCache name: sys.cache.common_customize_cache18017 param: Bundle[{SETTING=BLOCK, BUSINESS=NCT-DATA}]
07-28 20:41:14.076  4909  5904 V OplusCustomizeCacheManager: queryCache name: sys.cache.common_customize_cache18013 param: null
07-28 20:41:14.076  5197  6251 D IWlanJni: new aidl event arrived
07-28 20:41:14.076  5197  6251 D IWlanJni: handleEvent 10
07-28 20:41:14.076  5197  6251 D IWlanJni: isThreadAttached start
07-28 20:41:14.076  5197  6251 D IWlanJni: jni detached
07-28 20:41:14.076  5197  6251 D IWlanJni: jni attached
07-28 20:41:14.076  5197  6251 D IWlanJni: getDataRegistrationStateResponse start
07-28 20:41:14.076  5197  6251 D IWlanJni: getJavaCallbackClass start
07-28 20:41:14.076  5197  6251 D IWlanJni: getJavaCallbackClass End midIs[1]
07-28 20:41:14.076  5197  6251 I IWlanAidlClient: getDataRegistrationStateResponse called
07-28 20:41:14.077  5197  6250 W IWlanNetworkService: 6 > Response Processed
07-28 20:41:14.077  5231  5272 D VendorTelephonyService: onTelephonyEventReport slotId =0 eventId=6030
07-28 20:41:14.077  5231  5272 D VendorTelephonyService: onTelephonyEventReport slotId =0 eventId=6030
07-28 20:41:14.077  5055  6374 D SaDataService: onTelephonyEventReport , subId= 0,slotId=-1 eventId=6030
07-28 20:41:14.077  5231  5231 D VendorCallService: notityEventUpdate, eventId:6030, slotId = 0
07-28 20:41:14.077  4975  4975 D OplusTelephonyController: onSignalStrengthChanged: SignalStrength=SignalStrength:{mCdma=CellSignalStrengthCdma: cdmaDbm=2147483647 cdmaEcio=2147483647 evdoDbm=2147483647 evdoEcio=2147483647 evdoSnr=2147483647 level=0,mGsm=CellSignalStrengthGsm: rssi=2147483647 ber=2147483647 mTa=2147483647 mLevel=0,mWcdma=CellSignalStrengthWcdma: ss=2147483647 ber=2147483647 rscp=2147483647 ecno=2147483647 level=0,mTdscdma=CellSignalStrengthTdscdma: rssi=2147483647 ber=2147483647 rscp=2147483647 level=0,mLte=CellSignalStrengthLte: rssi=2147483647 rsrp=2147483647 rsrq=2147483647 rssnr=2147483647 cqiTableIndex=2147483647 cqi=2147483647 ta=2147483647 level=0 parametersUseForLevel=0,mNr=CellSignalStrengthNr:{ csiRsrp = 2147483647 csiRsrq = 2147483647 csiCqiTableIndex = 2147483647 csiCqiReport = [] ssRsrp = 2147483647 ssRsrq = 2147483647 ssSinr = 2147483647 level = 0 parametersUseForLevel = 0 timingAdvance = 2147483647 },primary=CellSignalStrengthLte}
07-28 20:41:14.078  5055  6374 D TelephonyImpl: notify eventId:6030 for list size:2
07-28 20:41:14.078  5231  5231 D SubsysEventListenerManager-SubsysTelephonyCallback[0]: onSignalStrengthsChanged
07-28 20:41:14.079  1878  4445 E LOCRIL_SESSION: operator():200] SubId: 1 Failed to get sim IO with error: 11
07-28 20:41:14.079  2810  2810 I wificond: Regulatory domain changed to country: US on wiphy_index: 0
07-28 20:41:14.079  5231  5272 D VendorTelephonyService: onTelephonyEventReport slotId =0 eventId=6030
07-28 20:41:14.079  2810  2810 I wificond: UpdateBandInfo
07-28 20:41:14.079  3563  5313 D WifiNl80211Manager: OnRegDomainChanged US
07-28 20:41:14.079  3563  5313 D WifiNative: onCountryCodeChanged: US
07-28 20:41:14.079  3563  5313 I WifiCountryCode: Receive onDriverCountryCodeChanged US
07-28 20:41:14.079  3563  5313 D WifiScanRequestProxy: Sending scan available broadcast: true
07-28 20:41:14.079  3563  6009 I OplusBinderProxy: pb uid: 10215 pid: 10722 desc: com.android.internal.telephony.IPhoneStateListener/10
07-28 20:41:14.079  3563  4568 I WifiScanningService: Received a request to enable scanning, UID = 1000
07-28 20:41:14.079  3563  4568 I WifiScanningService: scanner impls already exists
07-28 20:41:14.079  3563  4568 E WifiScanningService: wifi driver loaded received while already loaded
07-28 20:41:14.080  2810  2810 I wificond: 2.4Ghz frequencies: 2412 2417 2422 2427 2432 2437 2442 2447 2452 2457 2462
07-28 20:41:14.080  2810  2810 I wificond: 5Ghz non-DFS frequencies: 5180 5200 5220 5240 5745 5765 5785 5805 5825
07-28 20:41:14.080  2810  2810 I wificond: 5Ghz DFS frequencies: 5260 5280 5300 5320 5500 5520 5540 5560 5580 5600 5620 5640 5660 5680 5700
07-28 20:41:14.080  2810  2810 I wificond: 6Ghz frequencies:
07-28 20:41:14.080  2810  2810 I wificond: 60Ghz frequencies:
07-28 20:41:14.080  6452  6452 I wpa_supplicant: p2p0: CTRL-EVENT-REGDOM-CHANGE init=DRIVER type=COUNTRY alpha2=US
07-28 20:41:14.080  5055  6374 D SaDataService: onTelephonyEventReport , subId= 0,slotId=-1 eventId=6030
07-28 20:41:14.081  5055  6374 D TelephonyImpl: notify eventId:6030 for list size:2
07-28 20:41:14.081  5197  6242 D IWlanJni: getDataRegistrationState start
07-28 20:41:14.081  1878  4445 E LOCRIL_SESSION: operator():241] SubId: 1 Failed to get sim IMSI with error: 11
07-28 20:41:14.081  3563  5313 I WifiScanRequestProxy: Scanning is enabled
07-28 20:41:14.081  3563  5313 I WifiScanRequestProxy: Scanning for hidden networks is disabled
07-28 20:41:14.081  5231  5272 D VendorTelephonyService: onTelephonyEventReport slotId =0 eventId=6030
07-28 20:41:14.082  5231  5231 D VendorCallService: notityEventUpdate, eventId:6030, slotId = 0
07-28 20:41:14.082  5197  6251 D IWlanJni: new aidl event arrived
07-28 20:41:14.082  5197  6251 D IWlanJni: handleEvent 10
07-28 20:41:14.082  5197  6251 D IWlanJni: isThreadAttached start
07-28 20:41:14.082  5197  6251 D IWlanJni: jni detached
07-28 20:41:14.082  5197  6251 D IWlanJni: jni attached
07-28 20:41:14.082  5197  6251 D IWlanJni: getDataRegistrationStateResponse start
07-28 20:41:14.082  5197  6251 D IWlanJni: getJavaCallbackClass start
07-28 20:41:14.082  5197  6251 D IWlanJni: getJavaCallbackClass End midIs[1]
07-28 20:41:14.082  5197  6251 I IWlanAidlClient: getDataRegistrationStateResponse called
07-28 20:41:14.082  5197  6250 W IWlanNetworkService: 8 > Response Processed
07-28 20:41:14.082  1878  3751 W LOCRIL_SESSION: operator():307] cellInfo list size is 0, Voice state: 3, data state: 3
07-28 20:41:14.082  3563  3563 D OplusWifiBroadCastDispatcher: mBroadcastReceiver: onReceiver  action=android.net.wifi.action.WIFI_SCAN_AVAILABILITY_CHANGED
07-28 20:41:14.083  5197  6242 D IWlanJni: getDataRegistrationState start
07-28 20:41:14.083  7005  7005 I OsAgent : onReceive: android.net.wifi.action.WIFI_SCAN_AVAILABILITY_CHANGED
07-28 20:41:14.083  2053  2053 D SensorFeature: name=ssc_screenshot_info ,index = 22
07-28 20:41:14.083  2053  2053 D SensorFeature: write 29 bytes:59822836017,59831169350,164,0
07-28 20:41:14.083  2064  7299 D charge_time: type=sdp,reserve_soc=2,soc=48,ui_soc=51,current=193,avg=190,not_chg_cnt=0,stable_cnt=7,fcc=5724,fcc_ratio=94,delta=44,debug=0,region=16,ttf=25816(07:10:16),ui_ttf=20339(05:38:59)
07-28 20:41:14.083  7005  8362 I OsAgent : updateWiFiScanAvailState, scanAvailable: true
07-28 20:41:14.084  3563  4673 D OplusWifiPower_ConnLpmEventObsever: onReceive EXTRA_SCAN_AVAILABLE availabe = true
07-28 20:41:14.084  3563  4673 D OplusWifiPowerService: onReceive action:android.net.wifi.action.WIFI_SCAN_AVAILABILITY_CHANGED
07-28 20:41:14.084  3563  4673 D OplusWifiSwitchStateMonitor: scan settings change to true
07-28 20:41:14.084  5197  6255 D IWlanJni: new aidl event arrived
07-28 20:41:14.084  5197  6255 D IWlanJni: handleEvent 10
07-28 20:41:14.084  5197  6255 D IWlanJni: isThreadAttached start
07-28 20:41:14.084  5197  6255 D IWlanJni: jni detached
07-28 20:41:14.084  5197  6255 D IWlanJni: jni attached
07-28 20:41:14.084  5197  6255 D IWlanJni: getDataRegistrationStateResponse start
07-28 20:41:14.084  5197  6255 D IWlanJni: getJavaCallbackClass start
07-28 20:41:14.084  5197  6255 D IWlanJni: getJavaCallbackClass End midIs[1]
07-28 20:41:14.084  5197  6255 I IWlanAidlClient: getDataRegistrationStateResponse called
07-28 20:41:14.085  5197  6254 W IWlanNetworkService: 9 > Response Processed
07-28 20:41:14.085  5043  8369 D QtiOemHookAidl: oemHookRawIndication length=24
07-28 20:41:14.085  5151  6266 I QImsService: ImsRadioIndicationAidl : onRadioStateChanged()[SUB1]
07-28 20:41:14.086  5151  6266 I QImsService: ImsSenderRxr : [UNSL]< UNSOL_RADIO_STATE_CHANGED RADIO_ON[SUB1]
07-28 20:41:14.086  5043  8369 D QtiOemHookAidl: oemHookRawIndication length=24
07-28 20:41:14.086  5043  5043 D QcrilMsgTunnelIfaceManager: handleMessage what = 0
07-28 20:41:14.086  5151  5858 I QImsService: ImsRadioIndicationAidl : onRadioStateChanged()[SUB0]
07-28 20:41:14.086  5151  5858 I QImsService: ImsSenderRxr : [UNSL]< UNSOL_RADIO_STATE_CHANGED RADIO_ON[SUB0]
07-28 20:41:14.087  3563  5402 W BestClock: java.time.DateTimeException: Missing network time fix
07-28 20:41:14.087  5043  5043 D QcrilMsgTunnelIfaceManager: handleMessage what = 0
07-28 20:41:14.088  1878  4445 E LOCRIL_SESSION: operator():200] SubId: 1 Failed to get sim IO with error: 11
07-28 20:41:14.088  4975  4975 D QC_RIL_OEM_HOOK: Received Broadcast Intent ACTION_UNSOL_RESPONSE_OEM_HOOK_RAW
07-28 20:41:14.088  4975  4975 D QC_RIL_OEM_HOOK: Received Broadcast Intent ACTION_UNSOL_RESPONSE_OEM_HOOK_RAW
07-28 20:41:14.088  4975  4975 D QC_RIL_OEM_HOOK: Received Broadcast Intent ACTION_UNSOL_RESPONSE_OEM_HOOK_RAW
07-28 20:41:14.089  5055  6374 D SaDataService: onTelephonyEventReport , subId= 0,slotId=-1 eventId=6030
07-28 20:41:14.089  5055  6374 D TelephonyImpl: notify eventId:6030 for list size:2
07-28 20:41:14.089  5231  5272 D VendorTelephonyService: onTelephonyEventReport slotId =0 eventId=6030
07-28 20:41:14.089  5231  5272 D VendorTelephonyService: onTelephonyEventReport slotId =0 eventId=6030
07-28 20:41:14.089  5231  5231 D VendorCallService: notityEventUpdate, eventId:6030, slotId = 0
07-28 20:41:14.089  5043  5043 D QC_RIL_OEM_HOOK: Received Broadcast Intent ACTION_UNSOL_RESPONSE_OEM_HOOK_RAW
07-28 20:41:14.089  2058  2058 E PowerMonitorService: Failed to open /proc/horae_qmi (2): No such file or directory
07-28 20:41:14.089  5043  5043 D QC_RIL_OEM_HOOK: Received Broadcast Intent ACTION_UNSOL_RESPONSE_OEM_HOOK_RAW
07-28 20:41:14.090  1878  4445 E LOCRIL_SESSION: operator():241] SubId: 1 Failed to get sim IMSI with error: 11
07-28 20:41:14.090  1878  3751 W LOCRIL_SESSION: operator():307] cellInfo list size is 0, Voice state: 3, data state: 3
07-28 20:41:14.090  5043  5043 D DeviceInfoAidlClient: onRadioPowerStateChanged
07-28 20:41:14.090  5043  5043 D DeviceInfoAidlClient: mRadioStateHdlr handleMessage()1
07-28 20:41:14.090  5043  5043 D DeviceInfoAidlClient: isRadioOn()=true
07-28 20:41:14.090  5043  5043 I DeviceInfoAidlClient: sendFeaturesSupported: power info support-true interactive state support-true
07-28 20:41:14.088  1961  4532 I Dpps    : LtmSwState::SetParameter():144 ignore cmd 7 in state LtmOffState
07-28 20:41:14.091  5231  5231 D SubsysEventListenerManager-SubsysTelephonyCallback[0]: onRadioPowerStateChanged state:1
07-28 20:41:14.092  5043  5043 D DeviceStatisticsService: onReceive: action= org.codeaurora.intent.action.RADIO_POWER_STATE
07-28 20:41:14.092  5043  5043 I DeviceStatisticsService: Receiving radio_power_state_changed, mIsDeviceInfoInitialized = true
07-28 20:41:14.092  5043  5043 I DeviceStatisticsService: radio power state changed to 1 for slot: 0
07-28 20:41:14.092  5043  5043 D DeviceInfoAidlClient: isRadioOn()=true
07-28 20:41:14.092  5043  5043 I DeviceInfoAidlClient: sendFeaturesSupported: power info support-true interactive state support-true
07-28 20:41:14.092  5197  6242 D IWlanJni: getDataRegistrationState start
07-28 20:41:14.093  3563  5402 W BestClock: java.time.DateTimeException: Missing network time fix
07-28 20:41:14.093  5197  6251 D IWlanJni: new aidl event arrived
07-28 20:41:14.093  5197  6251 D IWlanJni: handleEvent 10
07-28 20:41:14.093  5197  6251 D IWlanJni: isThreadAttached start
07-28 20:41:14.093  5197  6251 D IWlanJni: jni detached
07-28 20:41:14.094  5197  6251 D IWlanJni: jni attached
07-28 20:41:14.094  5197  6251 D IWlanJni: getDataRegistrationStateResponse start
07-28 20:41:14.094  5197  6251 D IWlanJni: getJavaCallbackClass start
07-28 20:41:14.094  5197  6251 D IWlanJni: getJavaCallbackClass End midIs[1]
07-28 20:41:14.094  5197  6251 I IWlanAidlClient: getDataRegistrationStateResponse called
07-28 20:41:14.094  5197  6250 W IWlanNetworkService: 10 > Response Processed
07-28 20:41:14.094  4909  5904 V OplusCustomizeCacheManager: queryCache name: sys.cache.common_customize_cache18014 param: null
07-28 20:41:14.094  4909  5904 V OplusCustomizeCacheManager: queryCache name: sys.cache.common_customize_cache18017 param: Bundle[{SETTING=BLOCK, BUSINESS=NCT-DATA}]
07-28 20:41:14.094  4909  5904 V OplusCustomizeCacheManager: queryCache name: sys.cache.common_customize_cache18013 param: null
07-28 20:41:14.094  5043  8369 I DeviceInfoAidlClient: onPowerInfoReportingChanged - reporting enabled true [15, 20, 30, 50, 80]
07-28 20:41:14.094  5043  8369 D DeviceInfoAidlClient: isRadioOn()=true
07-28 20:41:14.095  5197  6242 D IWlanJni: getDataRegistrationState start
07-28 20:41:14.095  5043  8369 I DeviceInfoAidlClient: isPowerInfoNeverSent=true batteryLevel=51 batteryLevelIndex=4 chargingMode=2 totalCapacity=4992100 powerSaveMode=false
07-28 20:41:14.095  5043  8369 I DeviceInfoAidlClient: onDeviceInfoReportingChanged - reporting enabled true
07-28 20:41:14.095  5043  8369 D DeviceInfoAidlClient: getDeviceInfoSupportStatus()=1
07-28 20:41:14.095  5043  8369 D DeviceInfoAidlClient: isRadioOn()=true
07-28 20:41:14.095  5043  8369 I DeviceInfoAidlClient: deviceState=2
07-28 20:41:14.095  5197  6251 D IWlanJni: new aidl event arrived
07-28 20:41:14.095  5197  6251 D IWlanJni: handleEvent 10
07-28 20:41:14.095  5197  6251 D IWlanJni: isThreadAttached start
07-28 20:41:14.095  5197  6251 D IWlanJni: jni detached
07-28 20:41:14.095  5043  8369 I DeviceInfoAidlClient: onPowerInfoReportingChanged - reporting enabled true [15, 20, 30, 50, 80]
07-28 20:41:14.095  5043  8369 D DeviceInfoAidlClient: isRadioOn()=true
07-28 20:41:14.095  5043  8369 I DeviceInfoAidlClient: isPowerInfoNeverSent=false batteryLevel=51 batteryLevelIndex=4 chargingMode=2 totalCapacity=4992100 powerSaveMode=false
07-28 20:41:14.095  5197  6251 D IWlanJni: jni attached
07-28 20:41:14.095  5197  6251 D IWlanJni: getDataRegistrationStateResponse start
07-28 20:41:14.095  5197  6251 D IWlanJni: getJavaCallbackClass start
07-28 20:41:14.095  5197  6251 D IWlanJni: getJavaCallbackClass End midIs[1]
07-28 20:41:14.096  5197  6251 I IWlanAidlClient: getDataRegistrationStateResponse called
07-28 20:41:14.096  5043  5498 I DeviceInfoAidlClient: onDeviceInfoReportingChanged - reporting enabled true
07-28 20:41:14.096  5043  5498 D DeviceInfoAidlClient: getDeviceInfoSupportStatus()=1
07-28 20:41:14.096  5043  5498 D DeviceInfoAidlClient: isRadioOn()=true
07-28 20:41:14.096  5043  5498 I DeviceInfoAidlClient: deviceState=2
07-28 20:41:14.096  5197  6250 W IWlanNetworkService: 11 > Response Processed
07-28 20:41:14.101  4975  4975 V OplusCustomizeCacheManager: queryCache name: sys.cache.common_customize_cache18016 param: null
07-28 20:41:14.101  4975  4975 V OplusCustomizeCacheManager: queryCache name: sys.cache.common_customize_cache18013 param: null
07-28 20:41:14.101  4975  4975 V OplusCustomizeCacheManager: queryCache name: sys.cache.common_customize_cache18014 param: null
07-28 20:41:14.101  4975  4975 V OplusCustomizeCacheManager: queryCache name: sys.cache.common_customize_cache18017 param: Bundle[{SETTING=BLOCK, BUSINESS=NCT-DATA}]
07-28 20:41:14.101  4975  4975 V OplusCustomizeCacheManager: queryCache name: sys.cache.common_customize_cache18016 param: null
07-28 20:41:14.101  4975  4975 V OplusCustomizeCacheManager: queryCache name: sys.cache.common_customize_cache18013 param: null
07-28 20:41:14.101  4975  4975 V OplusCustomizeCacheManager: queryCache name: sys.cache.common_customize_cache18014 param: null
07-28 20:41:14.101  4975  4975 V OplusCustomizeCacheManager: queryCache name: sys.cache.common_customize_cache18017 param: Bundle[{SETTING=BLOCK, BUSINESS=NCT-DATA}]
07-28 20:41:14.102  5043  5043 D QcrilMsgTunnelIfaceManager: handleMessage what = 1
07-28 20:41:14.102  5043  5043 I QcrilOemhookMsgTunnel: [0]invokeOemRilRequestRaw: serial=1007 length=16
07-28 20:41:14.103  5043  8374 I QtiOemHookAidl: oemHookRawResponse: serial no: 1007 error: 0length=1
07-28 20:41:14.103  5043  5043 D QcrilMsgTunnelIfaceManager: handleMessage what = 2
07-28 20:41:14.103  4975  4975 D QC_RIL_OEM_HOOK: Received Broadcast Intent ACTION_UNSOL_RESPONSE_OEM_HOOK_RAW
07-28 20:41:14.103  4975  4975 D QC_RIL_OEM_HOOK: Received Broadcast Intent ACTION_UNSOL_RESPONSE_OEM_HOOK_RAW
07-28 20:41:14.103  4975  4975 D QC_RIL_OEM_HOOK: Received Broadcast Intent ACTION_UNSOL_RESPONSE_OEM_HOOK_RAW
07-28 20:41:14.103  4975  4975 D OplusPowerUpOptimizationImpl: onReceive: org.codeaurora.intent.action.RADIO_POWER_STATE
07-28 20:41:14.103  4975  5534 D OplusPowerUpOptimizationImpl: handleMessage what = 6
07-28 20:41:14.103  4975  5534 D OplusPowerUpOptimizationImpl: radio is available for slot: 0
