07-28 20:41:14.103  4975  5534 D OplusPowerUpOptimizationImpl: trySendPhoneReady for slot: 0
07-28 20:41:14.103  4975  5534 D OplusPowerUpOptimizationImpl: Not sending ATEL ready: States: [0: {true, true, true, true}]
07-28 20:41:14.103  4975  5453 D QC_RIL_OEM_HOOK: sendOemRilRequestRaw returns value = 1
07-28 20:41:14.105  4975  4975 D CiWlanNotificationReceiver: ACTION_RADIO_POWER_STATE_CHANGED
07-28 20:41:14.106  5197  6242 D IWlanJni: getDataRegistrationState start
07-28 20:41:14.106  5197  6255 D IWlanJni: new aidl event arrived
07-28 20:41:14.106  5197  6255 D IWlanJni: handleEvent 10
07-28 20:41:14.106  5197  6255 D IWlanJni: isThreadAttached start
07-28 20:41:14.106  5197  6255 D IWlanJni: jni detached
07-28 20:41:14.106  5197  6255 D IWlanJni: jni attached
07-28 20:41:14.106  5197  6255 D IWlanJni: getDataRegistrationStateResponse start
07-28 20:41:14.106  5197  6255 D IWlanJni: getJavaCallbackClass start
07-28 20:41:14.107  5197  6255 D IWlanJni: getJavaCallbackClass End midIs[1]
07-28 20:41:14.107  5197  6255 I IWlanAidlClient: getDataRegistrationStateResponse called
07-28 20:41:14.107  5043  5043 D DeviceStatisticsService: onReceive: action= org.codeaurora.intent.action.RADIO_POWER_STATE
07-28 20:41:14.107  5043  5043 I DeviceStatisticsService: Receiving radio_power_state_changed, mIsDeviceInfoInitialized = true
07-28 20:41:14.107  5043  5043 I DeviceStatisticsService: radio power state changed to 1 for slot: 1
07-28 20:41:14.107  5197  6242 D IWlanJni: getDataRegistrationState start
07-28 20:41:14.107  5197  6255 D IWlanJni: new aidl event arrived
07-28 20:41:14.107  5197  6255 D IWlanJni: handleEvent 10
07-28 20:41:14.107  5197  6255 D IWlanJni: isThreadAttached start
07-28 20:41:14.107  5197  6255 D IWlanJni: jni detached
07-28 20:41:14.108  5197  6255 D IWlanJni: jni attached
07-28 20:41:14.108  5197  6255 D IWlanJni: getDataRegistrationStateResponse start
07-28 20:41:14.108  5197  6255 D IWlanJni: getJavaCallbackClass start
07-28 20:41:14.108  5197  6255 D IWlanJni: getJavaCallbackClass End midIs[1]
07-28 20:41:14.108  5197  6255 I IWlanAidlClient: getDataRegistrationStateResponse called
07-28 20:41:14.108  5197  6254 W IWlanNetworkService: 12 > Response Processed
07-28 20:41:14.108  5197  6254 W IWlanNetworkService: 13 > Response Processed
07-28 20:41:14.112  4909  5182 I SystemUi--QuickSettings: Tile.OplusCellularTile-->updateCarrierText: dialog not showing, ignore
07-28 20:41:14.112  4909  5182 D SimStateHelper: slot:0, lock state:Bundle[mParcelledData.dataSize=56]
07-28 20:41:14.113  4909  5182 D SimStateHelper: slot:1, lock state:Bundle[mParcelledData.dataSize=56]
07-28 20:41:14.113  4909  5182 D SimStateHelper: needDisableMenu: slot1State=-1; slot2State=-1
07-28 20:41:14.113  4909  5182 D SimStateHelper: needDisableMenu:false
07-28 20:41:14.113  3563  4564 D WifiNative: onSetCountryCodeSucceeded: US
07-28 20:41:14.113  3563  4564 I WifiCountryCode: Receive onSetCountryCodeSucceeded US
07-28 20:41:14.113  3563  4564 I WifiNl80211Manager: Receive country code change to US
07-28 20:41:14.113  2810  2810 I wificond: Receive notifyCountryCodeChanged
07-28 20:41:14.113  2810  2810 I wificond: UpdateBandInfo
07-28 20:41:14.113  3563  4564 D WifiScanRequestProxy: Sending scan available broadcast: true
07-28 20:41:14.113  3563  4568 I WifiScanningService: Received a request to enable scanning, UID = 1000
07-28 20:41:14.113  3563  4568 I WifiScanningService: scanner impls already exists
07-28 20:41:14.113  3563  4568 E WifiScanningService: wifi driver loaded received while already loaded
07-28 20:41:14.113  4975  4975 D ServiceStateProvider: subId=1
07-28 20:41:14.113  3563  4564 I WifiScanRequestProxy: Scanning is enabled
07-28 20:41:14.113  3563  4564 I WifiScanRequestProxy: Scanning for hidden networks is disabled
07-28 20:41:14.114  3563  4564 D WakeupController: start()
07-28 20:41:14.114  2810  2810 I wificond: 2.4Ghz frequencies: 2412 2417 2422 2427 2432 2437 2442 2447 2452 2457 2462
07-28 20:41:14.114  2810  2810 I wificond: 5Ghz non-DFS frequencies: 5180 5200 5220 5240 5745 5765 5785 5805 5825
07-28 20:41:14.114  2810  2810 I wificond: 5Ghz DFS frequencies: 5260 5280 5300 5320 5500 5520 5540 5560 5580 5600 5620 5640 5660 5680 5700
07-28 20:41:14.114  2810  2810 I wificond: 6Ghz frequencies:
07-28 20:41:14.114  2810  2810 I wificond: 60Ghz frequencies:
07-28 20:41:14.114  5089  9394 D txpwrJni: new aidl event arrived
07-28 20:41:14.114  5089  9394 D txpwrJni: handleEvent 1
07-28 20:41:14.114  5089  9394 D txpwrJni: isThreadAttached start
07-28 20:41:14.114  5089  9394 D txpwrJni: jni detached
07-28 20:41:14.114  5089  9394 D txpwrJni: jni attached
07-28 20:41:14.114  5089  9394 D txpwrJni: getRadioStatus start
07-28 20:41:14.114  7005  7005 I OsAgent : onReceive: android.net.wifi.action.WIFI_SCAN_AVAILABILITY_CHANGED
07-28 20:41:14.114  5089  9394 D txpwrJni: getJavaCallbackClass start
07-28 20:41:14.114  5089  9394 D txpwrJni: getJavaCallbackClass End midIs[1]
07-28 20:41:14.114  3563  3563 D OplusWifiBroadCastDispatcher: mBroadcastReceiver: onReceiver  action=android.net.wifi.action.WIFI_SCAN_AVAILABILITY_CHANGED
07-28 20:41:14.115  3563  4673 D OplusWifiPower_ConnLpmEventObsever: onReceive EXTRA_SCAN_AVAILABLE availabe = true
07-28 20:41:14.115  3563  4673 D OplusWifiPowerService: onReceive action:android.net.wifi.action.WIFI_SCAN_AVAILABILITY_CHANGED
07-28 20:41:14.115  7005  8362 I OsAgent : updateWiFiScanAvailState, scanAvailable: true
07-28 20:41:14.115  3563  4673 D OplusWifiSwitchStateMonitor: scan settings change to true
07-28 20:41:14.115  3563  4564 E WifiStaIfaceAidlImpl: setScanMode failed with service-specific exception: android.os.ServiceSpecificException:  (code 4)
07-28 20:41:14.115  3563  4564 I WifiService: Receive onDriverCountryCodeChanged to US, update available channel list
07-28 20:41:14.115  5089  8460 D txpwrJni: sendRadioStatus start
07-28 20:41:14.115  5089  9394 D txpwrJni: new aidl event arrived
07-28 20:41:14.115  3563  4708 V SettingsProvider: deleteSystemSetting(OPLUS_SLA_LAST_MCC, 0)
07-28 20:41:14.116  5089  9394 D txpwrJni: handleEvent 1
07-28 20:41:14.116  5089  9394 D txpwrJni: isThreadAttached start
07-28 20:41:14.116  5089  9394 D txpwrJni: jni detached
07-28 20:41:14.116  5089  9394 D txpwrJni: jni attached
07-28 20:41:14.116  5089  9394 D txpwrJni: getRadioStatus start
07-28 20:41:14.116  5089  9394 D txpwrJni: getJavaCallbackClass start
07-28 20:41:14.116  5089  9394 D txpwrJni: getJavaCallbackClass End midIs[1]
07-28 20:41:14.116  5089  8460 D txpwrJni: sendRadioStatus start
07-28 20:41:14.116  3563  4708 D SettingsProvider: delete system settings OPLUS_****_MCC pkg is  android user id is 0
07-28 20:41:14.116  3563  4564 E ApConfigUtil: Malformed channel value detected: java.lang.NumberFormatException: For input string: ""
07-28 20:41:14.117  5151  5151 I QImsService: OplusPhoneStateTracker : onServiceStateChanged
07-28 20:41:14.117  5151  5151 I QImsService: OplusPhoneStateTracker : onServiceStateChanged
07-28 20:41:14.117  4909  5316 I SystemUi--Statusbar: MobileConnectionRepositoryImpl-->subId:1 isSoftSimCard:false slotId:0
07-28 20:41:14.118  5231  5231 D SubsysEventListenerManager-SubsysTelephonyCallback[0]: onServiceStateChanged
07-28 20:41:14.118  5231  5231 D ChinaRoamingControl: registTelephonyEvent onServiceStateChanged eventId:5, VoiceRegState:1, DataRegState:1
07-28 20:41:14.118  5231  5231 D QuickChangeAirplaneModeEvent: onServiceStateChanged slotId:0
07-28 20:41:14.118  5231  6167 D EfsNvDumpUnit[0]: onServiceStateChanged: voice reg state: OUT_OF_SERVICE data reg state: OUT_OF_SERVICE
07-28 20:41:14.118  5231  6167 D cellularState[0]: handleMessage: E msg.what=4
07-28 20:41:14.118  5231  6167 D cellularState[0]: processMsg: DataCallingState
07-28 20:41:14.118  5231  6167 D cellularState[0]: processMsg: NetworkAttachedState
07-28 20:41:14.118  5231  6167 D cellularState[0]: processMsg: SimReadyState
07-28 20:41:14.118  5231  6167 D cellularState[0]: processMsg: DefaultState
07-28 20:41:14.118  5231  6167 E cellularState[0]:  - unhandledMessage: msg.what=4
07-28 20:41:14.118  5231  6167 D cellularState[0]: handleMessage: X
07-28 20:41:14.118  5231  5231 D QuickChangeAirplaneModeEvent: isBothCardInService is false
07-28 20:41:14.118  5231  5231 D MsimSubModeManager: registTelephonyEvent onServiceStateChanged eventId:3, VoiceRegState:1, DataRegState:1
07-28 20:41:14.118  5231  5231 E ExtremeCommUtils: getSwitchRusSupportMcc invalid index 1
07-28 20:41:14.118  5231  5231 D ExtremeCommUtils: isSupporCheck rusContain:false,propContain(persist.sys.oplus.support_hyper_uplink_mcc):false
07-28 20:41:14.118  5231  5231 D ExtremeCommService: handleServiceStateChanged mcc is null
07-28 20:41:14.118  5231  5231 D ChinaRoamingControl: handleMessage what:5
07-28 20:41:14.118  5231  5231 D MsimSubModeManager: handleMessage what:3
07-28 20:41:14.118  5231  5231 D MsimSubModeManager: getMsimSimServiceIn() i:0,mServiceState:1
07-28 20:41:14.118  5231  5231 D MsimSubModeManager: getMsimSimServiceIn() i:1,mServiceState:1
07-28 20:41:14.118  5055  5702 D T-Recommend: onPreHandleMessage 1000
07-28 20:41:14.118  5055  5702 E CellularEvent: nri null ps
07-28 20:41:14.118  5055  5702 E CellularEvent: invalid nri
07-28 20:41:14.118  5055  5702 D T-Recommend: onPostHandleMessage 1000
07-28 20:41:14.118  3563  4564 E ApConfigUtil: Malformed channel value detected: java.lang.NumberFormatException: For input string: ""
07-28 20:41:14.119  3563  5947 W ContextImpl: Calling a method in the system process without a qualified user: android.app.ContextImpl.sendBroadcastMultiplePermissions:1311 android.content.Context.sendBroadcastMultiplePermissions:2524 com.android.server.TelephonyRegistry.broadcastServiceStateChanged:3740 com.android.server.TelephonyRegistry.notifyServiceStateForPhoneId:1787 com.android.internal.telephony.ITelephonyRegistry$Stub.onTransact:546 
07-28 20:41:14.119  3563  4708 W OplusSlaManager: updateMCC curMCC empty!
07-28 20:41:14.119  3563  5402 W BestClock: java.time.DateTimeException: Missing network time fix
07-28 20:41:14.119  3563  5947 W ContextImpl: Calling a method in the system process without a qualified user: android.app.ContextImpl.sendBroadcastMultiplePermissions:1344 com.android.server.TelephonyRegistry.broadcastServiceStateChanged:3745 com.android.server.TelephonyRegistry.notifyServiceStateForPhoneId:1787 com.android.internal.telephony.ITelephonyRegistry$Stub.onTransact:546 android.os.Binder.execTransactInternal:1523 
07-28 20:41:14.120  5055  5712 D OplusLinkBoostCommon: dds servicestate change
07-28 20:41:14.120  3563  4564 E ApConfigUtil: Malformed channel value detected: java.lang.NumberFormatException: For input string: ""
07-28 20:41:14.120  5055  5716 D OplusSubWaySlowRecovery: getPreferSubId return 1
07-28 20:41:14.120  3563  5947 W ContextImpl: Calling a method in the system process without a qualified user: android.app.ContextImpl.sendBroadcastMultiplePermissions:1344 com.android.server.TelephonyRegistry.broadcastServiceStateChanged:3754 com.android.server.TelephonyRegistry.notifyServiceStateForPhoneId:1787 com.android.internal.telephony.ITelephonyRegistry$Stub.onTransact:546 android.os.Binder.execTransactInternal:1523 
07-28 20:41:14.120  3563  4672 D OplusSoftApManager: Support Wi-Fi6 SAP
07-28 20:41:14.120  3563  4564 I WifiService: Receive onDriverCountryCodeChanged to US, update available channel list
07-28 20:41:14.120  3563  5947 W ContextImpl: Calling a method in the system process without a qualified user: android.app.ContextImpl.sendBroadcastMultiplePermissions:1344 com.android.server.TelephonyRegistry.broadcastServiceStateChanged:3760 com.android.server.TelephonyRegistry.notifyServiceStateForPhoneId:1787 com.android.internal.telephony.ITelephonyRegistry$Stub.onTransact:546 android.os.Binder.execTransactInternal:1523 
07-28 20:41:14.121  5055  5713 D NAS-CallIssueDetector: onServiceStateChanged
07-28 20:41:14.121  5055  5713 D OplusCiwlanController: [vodata] processServiceStateChanged  phoneid = 0, original roaming type = -1,roaming type = 0
07-28 20:41:14.121  5055  5713 D OplusCiwlanController: [vodata] processServiceStateChanged  phoneid = 1, original roaming type = -1,roaming type = 0
07-28 20:41:14.121  3563  4564 E ApConfigUtil: Malformed channel value detected: java.lang.NumberFormatException: For input string: ""
07-28 20:41:14.121  3563  4645 D CmccSliceManagerService: ACTION_DDS_SWITCH_DONE
07-28 20:41:14.121  3563  4645 D CmccSliceManagerService: cleanUpAndRestartSlice
07-28 20:41:14.121  3563  4645 D CmccSliceManagerService: cleanUpSlice
07-28 20:41:14.121  3563  4645 D CmccSliceManagerService: cleanUpSlice qcom
07-28 20:41:14.121  3563  4645 D CmccSliceManagerService: getDefaultDataSlotId0, subid: 1
07-28 20:41:14.122  4909  4909 I KeyguardUpdateMonitor: refreshSimState, changed:false,subId:1,slotId:0,state:5
07-28 20:41:14.122  4909  5182 I SystemUi--QuickSettings: Tile.OplusCellularTile-->updateCarrierText: dialog not showing, ignore
07-28 20:41:14.122  3563  3811 D LocationManagerService: passive provider added registration from 1000/android[CountryDetector]/5300F731 -> Request[PASSIVE, minUpdateInterval=0, WorkSource{1000 android}] permissionLevel: 2 permitted: true
07-28 20:41:14.122  5197  5197 D QCNEJ/WwanInfoRelay: onActiveSubscriptionsChanged activeCurrDDSId: 1 new DDS 1
07-28 20:41:14.122  4975  4975 D OplusPowerUpOptimizationImpl: onReceive: org.codeaurora.intent.action.RADIO_POWER_STATE
07-28 20:41:14.122  3563  4645 E ActivityThread: Failed to find provider info for com.cmccslice.proxyapp.provider
07-28 20:41:14.122  3563  4645 D CmccSliceManagerService: loadUrsp qcomCursor=null, count=-1, slotId=0
07-28 20:41:14.122  3563  4645 D CmccSliceManagerService: loadUrsp: qcomCursor=[]
07-28 20:41:14.122  3563  4645 D CmccSliceManagerService: isFeatureEnable , rus : false Feature : false
07-28 20:41:14.122  3563  4645 D CmccSliceManagerService: requestSliceNetwork: feature not enabled
07-28 20:41:14.122  3563  4645 D CmccSliceManagerService: cleanUpAndRestartSlice qcom
07-28 20:41:14.123  4975  5534 D OplusPowerUpOptimizationImpl: handleMessage what = 6
07-28 20:41:14.123  4975  5534 D OplusPowerUpOptimizationImpl: radio is available for slot: 1
07-28 20:41:14.123  4975  5534 D OplusPowerUpOptimizationImpl: trySendPhoneReady for slot: 1
07-28 20:41:14.123  4975  5534 D OplusPowerUpOptimizationImpl: Not sending ATEL ready: States: [1: {true, true, true, true}]
07-28 20:41:14.123  4975  4975 D CiWlanNotificationReceiver: ACTION_RADIO_POWER_STATE_CHANGED
07-28 20:41:14.123  5197  5197 D QCNEJ/WwanInfoRelay: onActiveSubscriptionsChanged activeCurrDDSId: 1 new DDS 1
07-28 20:41:14.123  4909  5182 D SimStateHelper: slot:0, lock state:Bundle[mParcelledData.dataSize=56]
07-28 20:41:14.124  3563  4562 V NetworkPolicy: updateNotificationsNL not process
07-28 20:41:14.124  4909  5182 D SimStateHelper: slot:1, lock state:Bundle[mParcelledData.dataSize=56]
07-28 20:41:14.124  4909  5182 D SimStateHelper: needDisableMenu: slot1State=-1; slot2State=-1
07-28 20:41:14.124  4909  5182 D SimStateHelper: needDisableMenu:false
07-28 20:41:14.124  5055  5702 D CellularEvent: onActiveDataSubscriptionIdChanged sub id:1
07-28 20:41:14.124  3563  4564 E ApConfigUtil: Malformed channel value detected: java.lang.NumberFormatException: For input string: ""
07-28 20:41:14.124  5795  5795 D CellBroadcastReceiver: onReceive Intent { act=android.intent.action.SERVICE_STATE flg=0x1000010 cmp=com.android.cellbroadcastreceiver.module/com.android.cellbroadcastreceiver.CellBroadcastReceiver (has extras) }
07-28 20:41:14.125  5795  5795 D CellBroadcastReceiver: onServiceStateChanged, ss: 1
07-28 20:41:14.125  3563  4516 W BestClock: java.time.DateTimeException: Missing network time fix
07-28 20:41:14.125  5055  5716 D SaDataFailRecovery/0: current is not in service,reset alarm
07-28 20:41:14.125  5055  5716 D OplusScanQrCodeRecoveryImpl: msg.what=3
07-28 20:41:14.126  4909  4909 I KeyguardUpdateMonitor: action=android.intent.action.SERVICE_STATE subId=1 slotId=0
07-28 20:41:14.126  4909  5118 I SystemUi--Statusbar: NetworkController.WifiSignalController-->wifi Broadcast action = android.telephony.action.SERVICE_PROVIDERS_UPDATED state=1 enabled=false connected=false isDefaultNetwork=false rssi=0 level=0 statusLabel = null isDirty = false
07-28 20:41:14.126  4909  5904 V OplusCustomizeCacheManager: queryCache name: sys.cache.common_customize_cache18014 param: null
07-28 20:41:14.126  4909  5904 V OplusCustomizeCacheManager: queryCache name: sys.cache.common_customize_cache18017 param: Bundle[{SETTING=BLOCK, BUSINESS=NCT-DATA}]
07-28 20:41:14.126  4909  5904 V OplusCustomizeCacheManager: queryCache name: sys.cache.common_customize_cache18013 param: null
07-28 20:41:14.126  3563  4564 E ApConfigUtil: Malformed channel value detected: java.lang.NumberFormatException: For input string: ""
07-28 20:41:14.126  4909  5182 I SystemUi--QuickSettings: Tile.OplusCellularTile-->updateCarrierText: dialog not showing, ignore
07-28 20:41:14.126  3563  4564 I WifiService: Receive onDriverCountryCodeChanged to US, update available channel list
07-28 20:41:14.126  4909  5182 D SimStateHelper: slot:0, lock state:Bundle[mParcelledData.dataSize=56]
07-28 20:41:14.126  3563  4564 E ApConfigUtil: Malformed channel value detected: java.lang.NumberFormatException: For input string: ""
07-28 20:41:14.126  4909  5182 D SimStateHelper: slot:1, lock state:Bundle[mParcelledData.dataSize=56]
07-28 20:41:14.126  4909  5182 D SimStateHelper: needDisableMenu: slot1State=-1; slot2State=-1
07-28 20:41:14.126  4909  5182 D SimStateHelper: needDisableMenu:false
07-28 20:41:14.126  4909  5182 I SystemUi--QuickSettings: Tile.OplusCellularTile-->updateCarrierText: dialog not showing, ignore
07-28 20:41:14.127  4909  5182 D SimStateHelper: slot:0, lock state:Bundle[mParcelledData.dataSize=56]
07-28 20:41:14.127  5795  5795 D CellBroadcastReceiver: networkOperator: 
07-28 20:41:14.127  4909  5182 D SimStateHelper: slot:1, lock state:Bundle[mParcelledData.dataSize=56]
07-28 20:41:14.127  4909  5182 D SimStateHelper: needDisableMenu: slot1State=-1; slot2State=-1
07-28 20:41:14.127  4909  5182 D SimStateHelper: needDisableMenu:false
07-28 20:41:14.127  3563  4564 E ApConfigUtil: Malformed channel value detected: java.lang.NumberFormatException: For input string: ""
07-28 20:41:14.127  3563  4564 E ApConfigUtil: Malformed channel value detected: java.lang.NumberFormatException: For input string: ""
07-28 20:41:14.128  3563  5949 W ContextImpl: Calling a method in the system process without a qualified user: android.app.ContextImpl.sendBroadcastMultiplePermissions:1311 android.content.Context.sendBroadcastMultiplePermissions:2524 com.android.server.TelephonyRegistry.broadcastServiceStateChanged:3740 com.android.server.TelephonyRegistry.notifyServiceStateForPhoneId:1787 com.android.internal.telephony.ITelephonyRegistry$Stub.onTransact:546 
07-28 20:41:14.128  5795  5795 D CellBroadcastReceiver: mockmodem is running? = false
07-28 20:41:14.128  5795  5795 D CellBroadcastReceiver: Start Cell Broadcast configuration for intent=ACTION_ENABLE_CHANNELS
07-28 20:41:14.128  3563  5947 W BestClock: java.time.DateTimeException: Missing network time fix
07-28 20:41:14.128  3563  5949 W ContextImpl: Calling a method in the system process without a qualified user: android.app.ContextImpl.sendBroadcastMultiplePermissions:1344 com.android.server.TelephonyRegistry.broadcastServiceStateChanged:3745 com.android.server.TelephonyRegistry.notifyServiceStateForPhoneId:1787 com.android.internal.telephony.ITelephonyRegistry$Stub.onTransact:546 android.os.Binder.execTransactInternal:1523 
07-28 20:41:14.129  3563  4792 W BestClock: java.time.DateTimeException: Missing network time fix
07-28 20:41:14.129  4909  5904 V OplusCustomizeCacheManager: queryCache name: sys.cache.common_customize_cache18014 param: null
07-28 20:41:14.129  4909  5904 V OplusCustomizeCacheManager: queryCache name: sys.cache.common_customize_cache18017 param: Bundle[{SETTING=BLOCK, BUSINESS=NCT-DATA}]
07-28 20:41:14.129  4909  5904 V OplusCustomizeCacheManager: queryCache name: sys.cache.common_customize_cache18013 param: null
07-28 20:41:14.130  4909  4909 I KeyguardUpdateMonitor: action=android.intent.action.SERVICE_STATE subId=-1 slotId=1
07-28 20:41:14.130  4909  4909 W KeyguardUpdateMonitorLog: invalid subId in handleServiceStateChange()
07-28 20:41:14.130  4975  4975 I Telephony: y0: onServiceStateChanged: newState=1, mServiceState=3
07-28 20:41:14.130  4909  5182 I SystemUi--QuickSettings: Tile.OplusCellularTile-->updateCarrierText: dialog not showing, ignore
07-28 20:41:14.130  4909  5182 D SimStateHelper: slot:0, lock state:Bundle[mParcelledData.dataSize=56]
07-28 20:41:14.130  4909  5182 D SimStateHelper: slot:1, lock state:Bundle[mParcelledData.dataSize=56]
07-28 20:41:14.130  4909  5182 D SimStateHelper: needDisableMenu: slot1State=-1; slot2State=-1
07-28 20:41:14.131  4909  5182 D SimStateHelper: needDisableMenu:false
07-28 20:41:14.131  3563  5947 W BestClock: java.time.DateTimeException: Missing network time fix
07-28 20:41:14.131  5795 12776 D CellBroadcastConfigService: Enable CellBroadcast on sub 1
07-28 20:41:14.131  4975  4975 I Telephony: isRttCurrentlySupported -- regular acct, hasVoiceAvailability: false
07-28 20:41:14.131  4975  4975 I Telephony:  isRttSupported: false
07-28 20:41:14.131  4975  4975 I Telephony:  isUserRttSettingOn: false
07-28 20:41:14.131  4975  4975 I Telephony:  alwaysAllowWhileRoaming: false
07-28 20:41:14.131  4975  4975 I Telephony:  isRoaming: false
07-28 20:41:14.131  4975  4975 I Telephony:  isOnWfc: false
07-28 20:41:14.131  3563  5402 W BestClock: java.time.DateTimeException: Missing network time fix
07-28 20:41:14.131  3563  5949 W ContextImpl: Calling a method in the system process without a qualified user: android.app.ContextImpl.sendBroadcastMultiplePermissions:1344 com.android.server.TelephonyRegistry.broadcastServiceStateChanged:3754 com.android.server.TelephonyRegistry.notifyServiceStateForPhoneId:1787 com.android.internal.telephony.ITelephonyRegistry$Stub.onTransact:546 android.os.Binder.execTransactInternal:1523 
07-28 20:41:14.131  4909  5904 V OplusCustomizeCacheManager: queryCache name: sys.cache.common_customize_cache18014 param: null
07-28 20:41:14.131  4909  5904 V OplusCustomizeCacheManager: queryCache name: sys.cache.common_customize_cache18017 param: Bundle[{SETTING=BLOCK, BUSINESS=NCT-DATA}]
07-28 20:41:14.131  4909  5904 V OplusCustomizeCacheManager: queryCache name: sys.cache.common_customize_cache18013 param: null
07-28 20:41:14.132  4975  4975 D Telephony: isEmergencyPreferredAccount: subId=1, activeData=1
07-28 20:41:14.132  4975  4975 D Telephony: isEmergencyPreferredAccount: Device does not require preference.
07-28 20:41:14.132  3563  5949 W ContextImpl: Calling a method in the system process without a qualified user: android.app.ContextImpl.sendBroadcastMultiplePermissions:1344 com.android.server.TelephonyRegistry.broadcastServiceStateChanged:3760 com.android.server.TelephonyRegistry.notifyServiceStateForPhoneId:1787 com.android.internal.telephony.ITelephonyRegistry$Stub.onTransact:546 android.os.Binder.execTransactInternal:1523 
07-28 20:41:14.133  4975  5952 D CellBroadcastConfigTracker-0: Failed to set cdma config
07-28 20:41:14.133  1989  2038 I [UAH_CLIENT]: UahRelease, handle:42
07-28 20:41:14.133  5795  5822 E CellBroadcastConfigService: fails to setCellBroadcastRanges, result = 2
07-28 20:41:14.134  3563  4572 D ConnectivityService: unregister offer from providerId 5 : NetworkOffer [ Provider Id (5) Score(Policies : YIELD_TO_BAD_WIFI&TRANSPORT_PRIMARY&EVER_EVALUATED&IS_UNMETERED&EVER_VALIDATED&IS_VALIDATED ; KeepConnected : 0) Caps [ Transports: CELLULAR|SATELLITE Capabilities: MMS&SUPL&DUN&FOTA&IMS&CBS&IA&RCS&XCAP&EIMS&INTERNET&NOT_RESTRICTED&TRUSTED&NOT_VPN&MCX&NOT_VCN_MANAGED&ENTERPRISE&VSIM&BIP&MMTEL&PRIORITIZE_LATENCY&PRIORITIZE_BANDWIDTH&NOT_BANDWIDTH_CONSTRAINED Specifier: <TelephonyNetworkSpecifier [mSubId = 1]> EnterpriseId: 1&2&3&4&5 UnderlyingNetworks: Null] Needed by [182, 218, 15, 228, 7, 53, 114, 34, 143, 46, 57, 216, 269, 32, 18, 165, 136, 138, 256, 177, 30, 1, 222, 273, 213, 263, 38, 251, 169, 44, 112, 134, 156, 190, 24, 152, 186, 65, 231, 89, 258, 167, 93, 146, 78, 132, 203, 161, 171, 220, 9, 180, 184, 74, 241, 97, 261, 149, 42, 238, 267, 48, 158, 86, 163, 196, 50, 173, 82, 200, 102, 209, 154, 249, 28, 271, 265, 36, 59, 235, 247, 192, 40, 76, 63, 26]]
07-28 20:41:14.134  3563  4572 D ConnectivityService: update offer from providerId 5 new : NetworkOffer [ Provider Id (5) Score(Policies : YIELD_TO_BAD_WIFI&TRANSPORT_PRIMARY&EVER_EVALUATED&IS_UNMETERED&EVER_VALIDATED&IS_VALIDATED ; KeepConnected : 0) Caps [ Transports: CELLULAR|SATELLITE Capabilities: MMS&SUPL&DUN&FOTA&IMS&CBS&IA&RCS&XCAP&EIMS&INTERNET&NOT_RESTRICTED&TRUSTED&NOT_VPN&MCX&NOT_VCN_MANAGED&ENTERPRISE&VSIM&BIP&MMTEL&PRIORITIZE_LATENCY&PRIORITIZE_BANDWIDTH&NOT_BANDWIDTH_CONSTRAINED Specifier: <TelephonyNetworkSpecifier [mSubId = 1]> EnterpriseId: 1&2&3&4&5 UnderlyingNetworks: Null] Needed by [182, 218, 15, 228, 7, 53, 114, 34, 143, 46, 57, 216, 269, 32, 18, 165, 136, 138, 256, 177, 30, 1, 222, 273, 213, 263, 38, 251, 169, 44, 112, 134, 156, 190, 24, 152, 186, 65, 231, 89, 258, 167, 93, 146, 78, 132, 203, 161, 171, 220, 9, 180, 184, 74, 241, 97, 261, 149, 42, 238, 267, 48, 158, 86, 163, 196, 50, 173, 82, 200, 102, 209, 154, 249, 28, 271, 265, 36, 59, 235, 247, 192, 40, 76, 63, 26]]
07-28 20:41:14.134  5795  5795 D CellBroadcastReceiver: onReceive Intent { act=android.intent.action.SERVICE_STATE flg=0x1000010 cmp=com.android.cellbroadcastreceiver.module/com.android.cellbroadcastreceiver.CellBroadcastReceiver (has extras) }
07-28 20:41:14.134  3563  4572 D ConnectivityService: unregister offer from providerId 6 : NetworkOffer [ Provider Id (6) Score(Policies : YIELD_TO_BAD_WIFI&EVER_EVALUATED&IS_UNMETERED&EVER_VALIDATED&IS_VALIDATED ; KeepConnected : 0) Caps [ Transports: CELLULAR|SATELLITE Capabilities: MMS&SUPL&DUN&FOTA&IMS&CBS&IA&RCS&XCAP&EIMS&INTERNET&NOT_RESTRICTED&TRUSTED&NOT_VPN&MCX&NOT_VCN_MANAGED&ENTERPRISE&VSIM&BIP&MMTEL&PRIORITIZE_LATENCY&PRIORITIZE_BANDWIDTH&NOT_BANDWIDTH_CONSTRAINED Specifier: <TelephonyNetworkSpecifier [mSubId = -1]> EnterpriseId: 1&2&3&4&5 UnderlyingNetworks: Null] Needed by [182, 218, 15, 228, 7, 53, 114, 34, 143, 46, 57, 216, 269, 32, 18, 165, 136, 138, 256, 177, 30, 1, 222, 273, 213, 263, 38, 251, 169, 44, 112, 134, 156, 190, 24, 152, 186, 65, 231, 89, 258, 167, 93, 146, 78, 132, 203, 161, 171, 220, 9, 180, 184, 74, 241, 97, 261, 149, 42, 238, 267, 48, 158, 86, 163, 196, 50, 173, 82, 200, 102, 209, 154, 249, 28, 271, 265, 36, 59, 235, 247, 192, 40, 76, 63, 26]]
07-28 20:41:14.134  3563  4572 D ConnectivityService: update offer from providerId 6 new : NetworkOffer [ Provider Id (6) Score(Policies : YIELD_TO_BAD_WIFI&EVER_EVALUATED&IS_UNMETERED&EVER_VALIDATED&IS_VALIDATED ; KeepConnected : 0) Caps [ Transports: CELLULAR|SATELLITE Capabilities: MMS&SUPL&DUN&FOTA&IMS&CBS&IA&RCS&XCAP&EIMS&INTERNET&NOT_RESTRICTED&TRUSTED&NOT_VPN&MCX&NOT_VCN_MANAGED&ENTERPRISE&VSIM&BIP&MMTEL&PRIORITIZE_LATENCY&PRIORITIZE_BANDWIDTH&NOT_BANDWIDTH_CONSTRAINED Specifier: <TelephonyNetworkSpecifier [mSubId = -1]> EnterpriseId: 1&2&3&4&5 UnderlyingNetworks: Null] Needed by [182, 218, 15, 228, 7, 53, 114, 34, 143, 46, 57, 216, 269, 32, 18, 165, 136, 138, 256, 177, 30, 1, 222, 273, 213, 263, 38, 251, 169, 44, 112, 134, 156, 190, 24, 152, 186, 65, 231, 89, 258, 167, 93, 146, 78, 132, 203, 161, 171, 220, 9, 180, 184, 74, 241, 97, 261, 149, 42, 238, 267, 48, 158, 86, 163, 196, 50, 173, 82, 200, 102, 209, 154, 249, 28, 271, 265, 36, 59, 235, 247, 192, 40, 76, 63, 26]]
07-28 20:41:14.134  5795  5795 D CellBroadcastReceiver: onServiceStateChanged, ss: 1
07-28 20:41:14.134  5795  5795 D CellBroadcastReceiver: networkOperator: 
07-28 20:41:14.135  4909  4909 I SystemUi--QuickSettings: QsLottieUtils-->getLottieAnimFile : qs/qs_airplane_lottie_active_sep_dual_light.json
07-28 20:41:14.135  5231  5231 D SubsysEventListenerManager-SubsysTelephonyCallback[0]: onSignalStrengthsChanged
07-28 20:41:14.136  4909  4909 I SystemUi--QuickSettings: TemporarilyInfoManager-->[trigger] start from show
07-28 20:41:14.136  4909  4909 I SystemUi--QuickSettings: TemporarilyInfoManager-->[getLayoutParams] translationY=102.079124, translationX=0, width=1080, height=228, isLandscape=false, parent=androidx.constraintlayout.widget.ConstraintLayout{c59ea9 V.E...... ......ID 0,0-1080,2376 #7f0a09f6 app:id/qs_container_area_layout alpha=1.0 viewInfo = }
07-28 20:41:14.136  4909  4909 I SystemUi--Common: ViewExt-->[startAlongWithPosition] com.oplus.systemui.qs.base.temporarilyinfo.TemporarilyInfoManager$createViewToParent$1{a31bde6 V.ED..... ......ID 0,0-0,0 #7f0a0cb6 app:id/temporarily_info_view alpha=0.0 viewInfo = } alongWith android.widget.RelativeLayout{4ee1f27 V.E...... ........ 0,102-1080,222 #7f0a0a2e app:id/qs_status_bar_container_layout alpha=1.0 viewInfo = }
07-28 20:41:14.136  4909  4909 I SystemUi--QuickSettings: TemporarilyInfoManager-->[showElement] com.oplus.systemui.qs.base.temporarilyinfo.TemporarilyInfoManager$createViewToParent$1{a31bde6 V.ED..... ......ID 0,0-0,0 #7f0a0cb6 app:id/temporarily_info_view alpha=0.0 viewInfo = } for Element(text=Airplane mode off, groupId=Airplane mode, style=InfoShowStyle(textSize=16.0, sizeUnit=2, textColor=-1, showDuration=1500, alongWithReplacedView=true))
07-28 20:41:14.136  4975  4975 V OplusCustomizeCacheManager: queryCache name: sys.cache.common_customize_cache18016 param: null
07-28 20:41:14.136  4975  4975 V OplusCustomizeCacheManager: queryCache name: sys.cache.common_customize_cache18013 param: null
07-28 20:41:14.136  4909  4909 I SystemUi--QuickSettings: TemporarilyInfoManager-->[animateShow] com.oplus.systemui.qs.base.temporarilyinfo.TemporarilyInfoManager$createViewToParent$1{a31bde6 VFED..C.. ......ID 0,0-0,0 #7f0a0cb6 app:id/temporarily_info_view alpha=0.0 viewInfo = } start
07-28 20:41:14.136  4975  4975 V OplusCustomizeCacheManager: queryCache name: sys.cache.common_customize_cache18014 param: null
07-28 20:41:14.136  4975  4975 V OplusCustomizeCacheManager: queryCache name: sys.cache.common_customize_cache18017 param: Bundle[{SETTING=BLOCK, BUSINESS=NCT-DATA}]
07-28 20:41:14.137  4975  4975 V OplusCustomizeCacheManager: queryCache name: sys.cache.common_customize_cache18016 param: null
07-28 20:41:14.137  4975  4975 V OplusCustomizeCacheManager: queryCache name: sys.cache.common_customize_cache18013 param: null
07-28 20:41:14.137  4975  4975 V OplusCustomizeCacheManager: queryCache name: sys.cache.common_customize_cache18014 param: null
07-28 20:41:14.137  4975  4975 V OplusCustomizeCacheManager: queryCache name: sys.cache.common_customize_cache18017 param: Bundle[{SETTING=BLOCK, BUSINESS=NCT-DATA}]
07-28 20:41:14.137  4975  4975 D InternationalRoamingNotification: init
07-28 20:41:14.137  5231 11536 D VirtualCommService2: isSupport. true, true
07-28 20:41:14.137  4975  4975 D OplusVirtualCommUtils: isVirtualCommSupport, vRet: true
07-28 20:41:14.138  4975  4975 I OplusVirtualCommUtils: getVirtualCommDeviceType, vRet: 1
07-28 20:41:14.138  4975  4975 I OplusVirtualCommUtils: isConsumerDeviceType, deviceType: 1
07-28 20:41:14.138  4975  4975 D InternationalRoamingNotification: do not createRoamingNotification for invalid Network
07-28 20:41:14.138  4975  4975 D OplusTelephonyController: onSignalStrengthChanged: SignalStrength=SignalStrength:{mCdma=CellSignalStrengthCdma: cdmaDbm=2147483647 cdmaEcio=2147483647 evdoDbm=2147483647 evdoEcio=2147483647 evdoSnr=2147483647 level=0,mGsm=CellSignalStrengthGsm: rssi=2147483647 ber=2147483647 mTa=2147483647 mLevel=0,mWcdma=CellSignalStrengthWcdma: ss=2147483647 ber=2147483647 rscp=2147483647 ecno=2147483647 level=0,mTdscdma=CellSignalStrengthTdscdma: rssi=2147483647 ber=2147483647 rscp=2147483647 level=0,mLte=CellSignalStrengthLte: rssi=2147483647 rsrp=2147483647 rsrq=2147483647 rssnr=2147483647 cqiTableIndex=2147483647 cqi=2147483647 ta=2147483647 level=0 parametersUseForLevel=0,mNr=CellSignalStrengthNr:{ csiRsrp = 2147483647 csiRsrq = 2147483647 csiCqiTableIndex = 2147483647 csiCqiReport = [] ssRsrp = 2147483647 ssRsrq = 2147483647 ssSinr = 2147483647 level = 0 parametersUseForLevel = 0 timingAdvance = 2147483647 },primary=CellSignalStrengthLte}
07-28 20:41:14.139  5231  5231 D SubsysEventListenerManager-SubsysTelephonyCallback[0]: onCellInfoChanged
07-28 20:41:14.145  3563  5947 W BestClock: java.time.DateTimeException: Missing network time fix
07-28 20:41:14.146  3563  5947 W BestClock: java.time.DateTimeException: Missing network time fix
07-28 20:41:14.147  4909  5904 V OplusCustomizeCacheManager: queryCache name: sys.cache.common_customize_cache18014 param: null
07-28 20:41:14.147  4909  5904 V OplusCustomizeCacheManager: queryCache name: sys.cache.common_customize_cache18017 param: Bundle[{SETTING=BLOCK, BUSINESS=NCT-DATA}]
07-28 20:41:14.147  4909  5904 V OplusCustomizeCacheManager: queryCache name: sys.cache.common_customize_cache18013 param: null
07-28 20:41:14.165  4909  4909 I SystemUi--QuickSettings: QsLottieUtils-->getLottieAnimFile : qs/qs_cellular_lottie_active_sep_dual_light.json
07-28 20:41:14.195  3468  3947 D QmiClient: qmiServiceEventCallback recv msg id 1106
07-28 20:41:14.195  3468  3947 D QmiVsClient: enter - onQmiServiceEventCallback msgId 1106
07-28 20:41:14.195  3468  3525 D VsProxy : handleMessage msg is 2425
07-28 20:41:14.195  3468  3525 D VsProxy : handleServingCellInfoChangeInd for instance 0
07-28 20:41:14.195  3468  3468 D RadioServiceIndication: radioServingCellInfoInd
07-28 20:41:14.195  3468  3468 D RadioServiceIndication: radioServingCellInfoInd
07-28 20:41:14.196  5231  5272 D SubsysRadioIndication[0]: radioServingCellInfoInd
07-28 20:41:14.196  5231  5231 D NetworkService[0]: handleMessage what:1003
07-28 20:41:14.196  5231  5272 D SubsysRadioIndication[0]: radioServingCellInfoInd
07-28 20:41:14.197  5231  5231 D NetworkService[0]: handleMessage what:1003
07-28 20:41:14.197  5055  5702 D RadioEvent: onCellInfoChanged slotId=0
07-28 20:41:14.198  5055  5702 D RadioEvent: onCellInfoChanged slotId=0
07-28 20:41:14.199  3480  3945 D QmiClient: qmiServiceEventCallback recv msg id 276
07-28 20:41:14.199  3480  3945 D QmiNasClient: enter : onQmiServiceEventCallback msgId 276
07-28 20:41:14.199  3480  3945 D QmiNasClientEvent: qmiNasClientAccessBarringStatusEvent - RADIO_EVENT_NAS_ACCESS_BARRING_STATUS_IND
07-28 20:41:14.199  3468  3943 D QmiClient: qmiServiceEventCallback recv msg id 276
07-28 20:41:14.199  3468  3943 D QmiNasClient: enter : onQmiServiceEventCallback msgId 276
07-28 20:41:14.199  3480  3514 D NasProxy: handleMessage msg is 2104
07-28 20:41:14.199  3468  3943 D QmiNasClientEvent: qmiNasClientAccessBarringStatusEvent - RADIO_EVENT_NAS_ACCESS_BARRING_STATUS_IND
07-28 20:41:14.199  3468  3535 D NasProxy: handleMessage msg is 2104
07-28 20:41:14.200  5231  5272 D SubsysRadioIndication[1]: radioNasAccessBarringStatusInd, NasAccessBarringStatusType: radioIf:12, dataBarringStatus:0, dataBarringTime:0, voiceBarringStatus:0, voiceBarringTime:0, videoBarringStatus:0, videoBarringTime:0
07-28 20:41:14.200  5231 11536 D SubsysRadioIndication[0]: radioNasAccessBarringStatusInd, NasAccessBarringStatusType: radioIf:12, dataBarringStatus:0, dataBarringTime:0, voiceBarringStatus:0, voiceBarringTime:0, videoBarringStatus:0, videoBarringTime:0
07-28 20:41:14.200  5231  5272 D SubsysRadioIndication[1]: notify enter
07-28 20:41:14.200  3468  3943 D QmiClient: qmiServiceEventCallback recv msg id 78
07-28 20:41:14.200  3468  3943 D QmiNasClient: enter : onQmiServiceEventCallback msgId 78
07-28 20:41:14.200  5231 11536 D SubsysRadioIndication[0]: notify enter
07-28 20:41:14.200  3468  3943 D QmiNasClientEvent: qmiNasClientNotifySysInfoEvent lte_ims_voice_avail_valid 0
07-28 20:41:14.200  3468  3535 D NasProxy: handleMessage msg is 2101
07-28 20:41:14.200  3468  3535 D NasProxy: handleNasSysInfoEvent for instance 0
07-28 20:41:14.201  5231 11536 D SubsysRadioIndication[0]: radioNr5gFreqTypeIndication, nr5gFreqType = 0
07-28 20:41:14.201  5231  5231 D QtiCellularNetwork: handleNr5gFreqTypeChanged 0, nr5gFreqType = 0
07-28 20:41:14.203  5197  6251 D IWlanJni: new aidl event arrived
07-28 20:41:14.203  5197  6251 D IWlanJni: handleEvent 3
07-28 20:41:14.203  5197  6251 D IWlanJni: isThreadAttached start
07-28 20:41:14.203  5197  6251 D IWlanJni: jni detached
07-28 20:41:14.203  5197  6251 D IWlanJni: jni attached
07-28 20:41:14.203  5197  6251 D IWlanJni: dataRegistrationStateChangeIndication start
07-28 20:41:14.203  5197  6251 D IWlanJni: getJavaCallbackClass start
07-28 20:41:14.203  5197  6251 D IWlanJni: getJavaCallbackClass End midIs[1]
07-28 20:41:14.203  5197  6251 I IWlanAidlClient: dataRegistrationStateChangeIndication called
07-28 20:41:14.204  5197  6250 D IWlanJni: responseAcknowledgement start
07-28 20:41:14.207  5197  6242 D IWlanJni: getDataRegistrationState start
07-28 20:41:14.208  5197  6251 D IWlanJni: new aidl event arrived
07-28 20:41:14.208  5197  6251 D IWlanJni: handleEvent 10
07-28 20:41:14.208  5197  6251 D IWlanJni: isThreadAttached start
07-28 20:41:14.208  5197  6251 D IWlanJni: jni detached
07-28 20:41:14.208  5197  6251 D IWlanJni: jni attached
07-28 20:41:14.208  5197  6251 D IWlanJni: getDataRegistrationStateResponse start
07-28 20:41:14.208  5197  6251 D IWlanJni: getJavaCallbackClass start
07-28 20:41:14.208  5197  6251 D IWlanJni: getJavaCallbackClass End midIs[1]
07-28 20:41:14.208  5197  6251 I IWlanAidlClient: getDataRegistrationStateResponse called
07-28 20:41:14.208  5197  6250 W IWlanNetworkService: 15 > Response Processed
07-28 20:41:14.209  5151  6266 I QImsService: ImsRadioIndicationAidl : onServiceDomainChanged()[SUB0]
07-28 20:41:14.209  5151  6266 I QImsService: ImsSenderRxr : [UNSL]< UNSOL_SERVICE_DOMAIN_CHANGED 0[SUB0]
07-28 20:41:14.210  5151  5151 I QImsService: ImsRegistrationController : Message received: what = 5
07-28 20:41:14.210  5151  5151 I QImsService: ImsRegistrationController : handleSrvDomainChanged
07-28 20:41:14.211  5197  6242 D IWlanJni: getDataRegistrationState start
07-28 20:41:14.211  5197  6251 D IWlanJni: new aidl event arrived
07-28 20:41:14.211  5197  6251 D IWlanJni: handleEvent 10
07-28 20:41:14.211  5197  6251 D IWlanJni: isThreadAttached start
07-28 20:41:14.211  5197  6251 D IWlanJni: jni detached
07-28 20:41:14.211  5197  6251 D IWlanJni: jni attached
07-28 20:41:14.211  5197  6251 D IWlanJni: getDataRegistrationStateResponse start
07-28 20:41:14.211  5197  6251 D IWlanJni: getJavaCallbackClass start
07-28 20:41:14.212  5197  6251 D IWlanJni: getJavaCallbackClass End midIs[1]
07-28 20:41:14.212  5197  6251 I IWlanAidlClient: getDataRegistrationStateResponse called
07-28 20:41:14.212  5197  6250 W IWlanNetworkService: 16 > Response Processed
07-28 20:41:14.212  5043  8374 D QtiOemHookAidl: oemHookRawIndication length=21
07-28 20:41:14.212  5043  5043 D QcrilMsgTunnelIfaceManager: handleMessage what = 0
07-28 20:41:14.213  4975  4975 D QC_RIL_OEM_HOOK: Received Broadcast Intent ACTION_UNSOL_RESPONSE_OEM_HOOK_RAW
07-28 20:41:14.214  4975  4975 D QC_RIL_OEM_HOOK: Received Broadcast Intent ACTION_UNSOL_RESPONSE_OEM_HOOK_RAW
07-28 20:41:14.214  4975  4975 D QC_RIL_OEM_HOOK: Received Broadcast Intent ACTION_UNSOL_RESPONSE_OEM_HOOK_RAW
07-28 20:41:14.214  5043  5043 D QC_RIL_OEM_HOOK: Received Broadcast Intent ACTION_UNSOL_RESPONSE_OEM_HOOK_RAW
07-28 20:41:14.215  5043  8374 D QtiOemHookAidl: oemHookRawIndication length=21
07-28 20:41:14.216  4975  4975 D OplusTelephonyController: onSignalStrengthChanged: SignalStrength=SignalStrength:{mCdma=CellSignalStrengthCdma: cdmaDbm=2147483647 cdmaEcio=2147483647 evdoDbm=2147483647 evdoEcio=2147483647 evdoSnr=2147483647 level=0,mGsm=CellSignalStrengthGsm: rssi=2147483647 ber=2147483647 mTa=2147483647 mLevel=0,mWcdma=CellSignalStrengthWcdma: ss=2147483647 ber=2147483647 rscp=2147483647 ecno=2147483647 level=0,mTdscdma=CellSignalStrengthTdscdma: rssi=2147483647 ber=2147483647 rscp=2147483647 level=0,mLte=CellSignalStrengthLte: rssi=2147483647 rsrp=2147483647 rsrq=2147483647 rssnr=2147483647 cqiTableIndex=2147483647 cqi=2147483647 ta=2147483647 level=0 parametersUseForLevel=0,mNr=CellSignalStrengthNr:{ csiRsrp = 2147483647 csiRsrq = 2147483647 csiCqiTableIndex = 2147483647 csiCqiReport = [] ssRsrp = 2147483647 ssRsrq = 2147483647 ssSinr = 2147483647 level = 0 parametersUseForLevel = 0 timingAdvance = 2147483647 },primary=CellSignalStrengthLte}
07-28 20:41:14.216  5231  5231 D SubsysEventListenerManager-SubsysTelephonyCallback[0]: onSignalStrengthsChanged
07-28 20:41:14.216  5043  5043 D QcrilMsgTunnelIfaceManager: handleMessage what = 0
07-28 20:41:14.217  5197  6242 D IWlanJni: getDataRegistrationState start
07-28 20:41:14.217  4975  4975 D QC_RIL_OEM_HOOK: Received Broadcast Intent ACTION_UNSOL_RESPONSE_OEM_HOOK_RAW
07-28 20:41:14.217  5043  5043 D QC_RIL_OEM_HOOK: Received Broadcast Intent ACTION_UNSOL_RESPONSE_OEM_HOOK_RAW
07-28 20:41:14.217  5197  6251 D IWlanJni: new aidl event arrived
07-28 20:41:14.217  5197  6251 D IWlanJni: handleEvent 10
07-28 20:41:14.217  5197  6251 D IWlanJni: isThreadAttached start
07-28 20:41:14.217  5197  6251 D IWlanJni: jni detached
07-28 20:41:14.217  5197  6251 D IWlanJni: jni attached
07-28 20:41:14.218  5197  6251 D IWlanJni: getDataRegistrationStateResponse start
07-28 20:41:14.218  4975  4975 D QC_RIL_OEM_HOOK: Received Broadcast Intent ACTION_UNSOL_RESPONSE_OEM_HOOK_RAW
07-28 20:41:14.218  5197  6251 D IWlanJni: getJavaCallbackClass start
07-28 20:41:14.218  5197  6251 D IWlanJni: getJavaCallbackClass End midIs[1]
07-28 20:41:14.218  4975  4975 D QC_RIL_OEM_HOOK: Received Broadcast Intent ACTION_UNSOL_RESPONSE_OEM_HOOK_RAW
07-28 20:41:14.218  5197  6251 I IWlanAidlClient: getDataRegistrationStateResponse called
07-28 20:41:14.218  5197  6250 W IWlanNetworkService: 17 > Response Processed
07-28 20:41:14.220  4975  4975 D OplusTelephonyController: onSignalStrengthChanged: SignalStrength=SignalStrength:{mCdma=CellSignalStrengthCdma: cdmaDbm=2147483647 cdmaEcio=2147483647 evdoDbm=2147483647 evdoEcio=2147483647 evdoSnr=2147483647 level=0,mGsm=CellSignalStrengthGsm: rssi=2147483647 ber=2147483647 mTa=2147483647 mLevel=0,mWcdma=CellSignalStrengthWcdma: ss=2147483647 ber=2147483647 rscp=2147483647 ecno=2147483647 level=0,mTdscdma=CellSignalStrengthTdscdma: rssi=2147483647 ber=2147483647 rscp=2147483647 level=0,mLte=CellSignalStrengthLte: rssi=2147483647 rsrp=2147483647 rsrq=2147483647 rssnr=2147483647 cqiTableIndex=2147483647 cqi=2147483647 ta=2147483647 level=0 parametersUseForLevel=0,mNr=CellSignalStrengthNr:{ csiRsrp = 2147483647 csiRsrq = 2147483647 csiCqiTableIndex = 2147483647 csiCqiReport = [] ssRsrp = 2147483647 ssRsrq = 2147483647 ssSinr = 2147483647 level = 0 parametersUseForLevel = 0 timingAdvance = 2147483647 },primary=CellSignalStrengthLte}
07-28 20:41:14.221  5197  6242 D IWlanJni: getDataRegistrationState start
07-28 20:41:14.221  5231  5231 D SubsysEventListenerManager-SubsysTelephonyCallback[0]: onSignalStrengthsChanged
07-28 20:41:14.221  5197  6251 D IWlanJni: new aidl event arrived
07-28 20:41:14.221  5197  6251 D IWlanJni: handleEvent 10
07-28 20:41:14.221  5197  6251 D IWlanJni: isThreadAttached start
07-28 20:41:14.221  5197  6251 D IWlanJni: jni detached
07-28 20:41:14.221  5197  6251 D IWlanJni: jni attached
07-28 20:41:14.221  5197  6251 D IWlanJni: getDataRegistrationStateResponse start
07-28 20:41:14.221  5197  6251 D IWlanJni: getJavaCallbackClass start
07-28 20:41:14.221  5197  6251 D IWlanJni: getJavaCallbackClass End midIs[1]
07-28 20:41:14.221  5197  6251 I IWlanAidlClient: getDataRegistrationStateResponse called
07-28 20:41:14.222  3563  5402 W BestClock: java.time.DateTimeException: Missing network time fix
07-28 20:41:14.222  5197  6250 W IWlanNetworkService: 18 > Response Processed
07-28 20:41:14.223  1884  9780 I sensors-hal: handle_sns_client_event:87, step_count_event: ts=59971304369 count 0
07-28 20:41:14.223  3563  4443 D SensorServiceUtils: sensorEventLog step_counter = 0
07-28 20:41:14.223  3563  4443 D SensorServiceUtils: sensorEventLog step_counter = 0
07-28 20:41:14.223  3563  4443 D SensorServiceUtils: sensorEventLog step_counter = 0
07-28 20:41:14.223  3563  4443 D SensorServiceUtils: sensorEventLog step_counter = 0
07-28 20:41:14.223  3563  4443 D SensorServiceUtils: sensorEventLog step_counter = 0
07-28 20:41:14.223  3563  4443 D SensorServiceUtils: sensorEventLog step_counter = 0
07-28 20:41:14.223  3563  4443 D SensorServiceUtils: sensorEventLog step_counter = 0
07-28 20:41:14.223  3563  4443 D SensorServiceUtils: sensorEventLog step_counter = 0
07-28 20:41:14.223  3563  4443 D SensorServiceUtils: sensorEventLog step_counter = 0
07-28 20:41:14.223  3563  4443 D SensorServiceUtils: sensorEventLog step_counter = 0
07-28 20:41:14.223  3563  4443 D SensorServiceUtils: sensorEventLog step_counter = 0
07-28 20:41:14.223  3563  4443 D SensorServiceUtils: sensorEventLog step_counter = 0
07-28 20:41:14.223  3563  4443 D SensorServiceUtils: sensorEventLog step_counter = 0
07-28 20:41:14.223  3563  4443 D SensorServiceUtils: sensorEventLog step_counter = 0
07-28 20:41:14.223  3563  4443 D SensorServiceUtils: sensorEventLog step_counter = 0
07-28 20:41:14.223  3563  4443 D SensorServiceUtils: sensorEventLog step_counter = 0
07-28 20:41:14.223  3563  4443 D SensorServiceUtils: sensorEventLog step_counter = 0
07-28 20:41:14.223  3563  4443 D SensorServiceUtils: sensorEventLog step_counter = 0
07-28 20:41:14.223  3563  4443 D SensorServiceUtils: sensorEventLog step_counter = 0
07-28 20:41:14.223  4732  4732 V SystemSensorManagerExtImpl: step counter dispatchSensorEvent step 0.0 to + a.b$c@6711a7a
07-28 20:41:14.224  3563  5402 W BestClock: java.time.DateTimeException: Missing network time fix
07-28 20:41:14.224  4909  5904 V OplusCustomizeCacheManager: queryCache name: sys.cache.common_customize_cache18014 param: null
07-28 20:41:14.225  4909  5904 V OplusCustomizeCacheManager: queryCache name: sys.cache.common_customize_cache18017 param: Bundle[{SETTING=BLOCK, BUSINESS=NCT-DATA}]
07-28 20:41:14.225  4909  5904 V OplusCustomizeCacheManager: queryCache name: sys.cache.common_customize_cache18013 param: null
07-28 20:41:14.225  4975  4975 W Settings: Setting airplane_mode_on has moved from android.provider.Settings.System to android.provider.Settings.Global, returning read-only value.
07-28 20:41:14.225  5055  5713 D NAS-CallIssueDetector: onPollCsPsRegStateChanged slotid = 0
07-28 20:41:14.225  5055  5713 D NAS-CallIssueDetector: notifyRealOosChanged
07-28 20:41:14.225  5055  5713 D OplusCiwlanController: [vodata] getSubId subid =  1
07-28 20:41:14.226  3563  3563 D OplusWifiBroadCastDispatcher: mBroadcastReceiver: onReceiver  action=oplus.intent.action.MCC_CHANGE
07-28 20:41:14.226  5055  5715 W BluetoothAdapterExtImpl: getBluetoothConnectionCountï¼šmOplusBluetooth null!
07-28 20:41:14.227  5055  5715 D TelephonyImpl: isRequestingMms
07-28 20:41:14.227  5055  5715 D TelephonyImpl: getReleaseMmsNetworkTime
07-28 20:41:14.227  5055  5713 D OplusCiwlanController: [vodata] processOosChanged  phoneid = 0,cur regstate = 1,old regstate = -1
07-28 20:41:14.227  5055  5713 D OplusCiwlanController: [vodata] getSubId subid =  -1
07-28 20:41:14.227  5055  5713 D OplusCiwlanController: [vodata] processOosChanged  phoneid = 1,cur regstate = 1,old regstate = -1
07-28 20:41:14.227  3563  5947 W BestClock: java.time.DateTimeException: Missing network time fix
07-28 20:41:14.227  4732  4875 D CNGmsControlService: receive:oplus.intent.action.MCC_CHANGE
07-28 20:41:14.227  7358  7358 I 7358PAS.MccChangeReceiver_Travel: onReceive
07-28 20:41:14.227  5055  5715 D OplusDdsSwitchStrategy: Md,OplusCheckFeature,RETURN_TO_CUR_ACTION_DDS
07-28 20:41:14.228  3563  4792 W BestClock: java.time.DateTimeException: Missing network time fix
07-28 20:41:14.229  4732  4875 D CNGmsControlService: mcc1=001 mcc2=null GmsState=2 TagWhitelistApp=true UserDisableCount=0 SettingsGmsState=1
07-28 20:41:14.229  4909  5904 V OplusCustomizeCacheManager: queryCache name: sys.cache.common_customize_cache18014 param: null
07-28 20:41:14.229  4909  5904 V OplusCustomizeCacheManager: queryCache name: sys.cache.common_customize_cache18017 param: Bundle[{SETTING=BLOCK, BUSINESS=NCT-DATA}]
07-28 20:41:14.229  4909  5904 V OplusCustomizeCacheManager: queryCache name: sys.cache.common_customize_cache18013 param: null
07-28 20:41:14.229  7358  7992 D NetWorkMonitor: addNetStateListener :true
07-28 20:41:14.230  3563  5402 D ConnectivityService: requestNetwork for uid/pid:10137/7358 activeRequest: null callbackRequest: 274 [NetworkRequest [ REQUEST id=275, [ Capabilities: INTERNET&NOT_RESTRICTED&TRUSTED&NOT_VCN_MANAGED&NOT_BANDWIDTH_CONSTRAINED Uid: 10137 RequestorUid: 10137 RequestorPkg: com.coloros.sceneservice UnderlyingNetworks: Null] ]] callback flags: 0 order: 2147483647 isUidTracked: false
07-28 20:41:14.230  7358  7992 D NetWorkMonitor: resume registerNetworkCallback
07-28 20:41:14.231  4909  5182 I SystemUi--QuickSettings: Tile.OplusCellularTile-->updateCarrierText: dialog not showing, ignore
07-28 20:41:14.231  4909  5182 D SimStateHelper: slot:0, lock state:Bundle[mParcelledData.dataSize=56]
07-28 20:41:14.231  3563  4564 D WifiNetworkFactory: got request NetworkRequest [ REQUEST id=275, [ Capabilities: INTERNET&NOT_RESTRICTED&TRUSTED&NOT_VCN_MANAGED&NOT_BANDWIDTH_CONSTRAINED Uid: 10137 RequestorUid: 10137 RequestorPkg: com.coloros.sceneservice UnderlyingNetworks: Null] ]
07-28 20:41:14.231  4909  5182 D SimStateHelper: slot:1, lock state:Bundle[mParcelledData.dataSize=56]
07-28 20:41:14.231  4909  5182 D SimStateHelper: needDisableMenu: slot1State=-1; slot2State=-1
07-28 20:41:14.231  4909  5182 D SimStateHelper: needDisableMenu:false
