07-29 06:47:32.241  1884  1948 I SnapAlloc: Using graphics libs for alignment calculations
07-29 06:47:32.242  1884  1948 I SnapAlloc: Using graphics libs for alignment calculations
07-29 06:47:32.242  1884  1948 I SnapAlloc: Using graphics libs for alignment calculations
07-29 06:47:32.243  4846  6042 D Util    : isPkgInstalled_isPkgInstalled = false
07-29 06:47:32.243  4846  6042 D Util    : isPkgInstalled_isPkgInstalled = true
07-29 06:47:32.243  4846  4846 I SystemUi--Statusbar: BatteryViewBinder-->create drawable: com.oplus.systemui.statusbar.pipeline.battery.ui.drawable.HorizontalBatteryContentDrawable@995eecc iconStyle:BatteryIconStyle(iconStyle=1, oldStylePercentIn=false, densityDpi=480, scaleFactor=1.0, themeId=0, isThemeModeColor=false, frameColorMode=0, isPercentOutBgMode=false, isPercentOutPbMode=false, batteryOutChargeBgMode=0)
07-29 06:47:32.243  4846  4846 I SystemUi--Keyguard: ScrimControllerExImp-->blur State to UNLOCK, bouncer=false changeFromBouncerScrim= false runnerUnlock= false goingAway=false hasHandle=true isOccludeAnimationPlaying=false
07-29 06:47:32.243  3348  5269 I InputDispatcher: injectInputEvent: targetUid=<not set>, syncMode=WAIT_FOR_FINISHED, timeout=30000ms, policyFlags=0x8000000, event=MotionEvent { action=MOVE, id[0]=0, x[0]=900, y[0]=732.634, eventTime=57923000000, downTime=57816000000, deviceId=4, source=TOUCHSCREEN, displayId=0, eventId=0xe0ce66eb}
07-29 06:47:32.244  4846  4846 I SystemUi--Keyguard: ScrimControllerExImp-->blur State to UNLOCK, bouncer=false changeFromBouncerScrim= false runnerUnlock= false goingAway=false hasHandle=true isOccludeAnimationPlaying=false
07-29 06:47:32.244  4846  4846 I SystemUi--QuickSettings: QSPanelAnimatorManager-->showFirstElement
07-29 06:47:32.244  3348  3741 D PowerManagerService: userActivityNoUpdateLocked: groupId=0, eventTime=57923, event=touch, flags=0x0, uid=1000
07-29 06:47:32.246  2138  3513 D SurfaceFlinger: updateWinowInfo=1, setFocusedWindow timestamp=57913892112, windowName=d7e667c NotificationShade
07-29 06:47:32.246  3348  3474 I InputDispatcher: NFW_setFocusedWindow, d7e667c NotificationShade on display 0, same as the previous:0
07-29 06:47:32.246  3348  3474 I InputDispatcher: updateFocusedWindow, d7e667c NotificationShade on display 0, reason: setFocusedWindow, result:   FocusedWindows:
07-29 06:47:32.246  3348  3474 I InputDispatcher:     displayId=0, name='d7e667c NotificationShade'
07-29 06:47:32.246  5189  5189 D VRI[Launcher]: onFocusEvent false
07-29 06:47:32.248  4846  4846 D VRI[NotificationShade]: onFocusEvent true
07-29 06:47:32.249  4846  4846 D JankUtils: gfxSceneBegin; scene: 7; sceneDes: QS PULL
07-29 06:47:32.250  4846  4846 I SystemUi--Keyguard: ScrimControllerExImp-->blur State to UNLOCK, bouncer=false changeFromBouncerScrim= false runnerUnlock= false goingAway=false hasHandle=true isOccludeAnimationPlaying=false
07-29 06:47:32.250  4846  4846 I SystemUi--Keyguard: ScrimControllerExImp-->blur State to UNLOCK, bouncer=false changeFromBouncerScrim= false runnerUnlock= false goingAway=false hasHandle=true isOccludeAnimationPlaying=false
07-29 06:47:32.250  4846  4846 I SystemUi--QuickSettings: QSPanelAnimatorManager-->showSecondElement
07-29 06:47:32.251  4846  4846 I SystemUi--Keyguard: OplusRepeatWhenAttachedUnlock-->updateState: view.windowVisibility: 0, keyguardShow: false, isInPreviewMode: false, view.hasWindowFocus(): true
07-29 06:47:32.251  4846  4846 I SystemUi--Keyguard: OplusRepeatWhenAttachedUnlock-->updateState: view.windowVisibility: 0, keyguardShow: false, isInPreviewMode: false, view.hasWindowFocus(): true
07-29 06:47:32.256  1884  1948 I SnapAlloc: Using graphics libs for alignment calculations
07-29 06:47:32.256  4846  4846 I SystemUi--Keyguard: ScrimControllerExImp-->blur State to UNLOCK, bouncer=false changeFromBouncerScrim= false runnerUnlock= false goingAway=false hasHandle=true isOccludeAnimationPlaying=false
07-29 06:47:32.256  3348  5269 I InputDispatcher: injectInputEvent: targetUid=<not set>, syncMode=WAIT_FOR_FINISHED, timeout=30000ms, policyFlags=0x8000000, event=MotionEvent { action=MOVE, id[0]=0, x[0]=900, y[0]=811.434, eventTime=57935000000, downTime=57816000000, deviceId=4, source=TOUCHSCREEN, displayId=0, eventId=0xdfc90915}
07-29 06:47:32.256  4846  4846 I SystemUi--Keyguard: ScrimControllerExImp-->blur State to UNLOCK, bouncer=false changeFromBouncerScrim= false runnerUnlock= false goingAway=false hasHandle=true isOccludeAnimationPlaying=false
07-29 06:47:32.256  4846  5406 W BlurApp_1.0.7-OPlusBlurDrawable: [updatePosition] multiple changes in frame 4, maybe attached to multiple views!
07-29 06:47:32.256  4846  5406 W BlurApp_1.0.7-OPlusBlurDrawable: [updatePosition] multiple changes in frame 4, maybe attached to multiple views!
07-29 06:47:32.256  4846  5406 W BlurApp_1.0.7-OPlusBlurDrawable: [updatePosition] multiple changes in frame 4, maybe attached to multiple views!
07-29 06:47:32.256  4846  5406 W BlurApp_1.0.7-OPlusBlurDrawable: [updatePosition] multiple changes in frame 4, maybe attached to multiple views!
07-29 06:47:32.256  4846  5406 W BlurApp_1.0.7-OPlusBlurDrawable: [updatePosition] multiple changes in frame 4, maybe attached to multiple views!
07-29 06:47:32.256  4846  5406 W BlurApp_1.0.7-OPlusBlurDrawable: [updatePosition] multiple changes in frame 4, maybe attached to multiple views!
07-29 06:47:32.256  4846  5406 W BlurApp_1.0.7-OPlusBlurDrawable: [updatePosition] multiple changes in frame 4, maybe attached to multiple views!
07-29 06:47:32.256  4846  5406 W BlurApp_1.0.7-OPlusBlurDrawable: [updatePosition] multiple changes in frame 4, maybe attached to multiple views!
07-29 06:47:32.257  4846  5406 W BlurApp_1.0.7-OPlusBlurDrawable: [updatePosition] multiple changes in frame 4, maybe attached to multiple views!
07-29 06:47:32.257  4846  5406 W BlurApp_1.0.7-OPlusBlurDrawable: [updatePosition] multiple changes in frame 4, maybe attached to multiple views!
07-29 06:47:32.257  4846  5406 W BlurApp_1.0.7-OPlusBlurDrawable: [updatePosition] multiple changes in frame 4, maybe attached to multiple views!
07-29 06:47:32.257  4846  5406 W BlurApp_1.0.7-OPlusBlurDrawable: [updatePosition] multiple changes in frame 4, maybe attached to multiple views!
07-29 06:47:32.257  4846  5406 W BlurApp_1.0.7-OPlusBlurDrawable: [updatePosition] multiple changes in frame 4, maybe attached to multiple views!
07-29 06:47:32.257  4846  5406 W BlurApp_1.0.7-OPlusBlurDrawable: [updatePosition] multiple changes in frame 4, maybe attached to multiple views!
07-29 06:47:32.257  4846  5406 W BlurApp_1.0.7-OPlusBlurDrawable: [updatePosition] multiple changes in frame 4, maybe attached to multiple views!
07-29 06:47:32.257  4846  5406 W BlurApp_1.0.7-OPlusBlurDrawable: [updatePosition] multiple changes in frame 4, maybe attached to multiple views!
07-29 06:47:32.264  4846  4846 I SystemUi--Keyguard: ScrimControllerExImp-->blur State to UNLOCK, bouncer=false changeFromBouncerScrim= false runnerUnlock= false goingAway=false hasHandle=true isOccludeAnimationPlaying=false
07-29 06:47:32.264  3348  5269 I InputDispatcher: injectInputEvent: targetUid=<not set>, syncMode=WAIT_FOR_FINISHED, timeout=30000ms, policyFlags=0x8000000, event=MotionEvent { action=MOVE, id[0]=0, x[0]=900, y[0]=863.967, eventTime=57943000000, downTime=57816000000, deviceId=4, source=TOUCHSCREEN, displayId=0, eventId=0xf4078692}
07-29 06:47:32.264  4846  4846 I SystemUi--Keyguard: ScrimControllerExImp-->blur State to UNLOCK, bouncer=false changeFromBouncerScrim= false runnerUnlock= false goingAway=false hasHandle=true isOccludeAnimationPlaying=false
07-29 06:47:32.272  1884  1948 I SnapAlloc: Using graphics libs for alignment calculations
07-29 06:47:32.272  4846  4846 I SystemUi--Keyguard: ScrimControllerExImp-->blur State to UNLOCK, bouncer=false changeFromBouncerScrim= false runnerUnlock= false goingAway=false hasHandle=true isOccludeAnimationPlaying=false
07-29 06:47:32.272  3348  5269 I InputDispatcher: injectInputEvent: targetUid=<not set>, syncMode=WAIT_FOR_FINISHED, timeout=30000ms, policyFlags=0x8000000, event=MotionEvent { action=MOVE, id[0]=0, x[0]=900, y[0]=916.5, eventTime=57951000000, downTime=57816000000, deviceId=4, source=TOUCHSCREEN, displayId=0, eventId=0xec82f15d}
07-29 06:47:32.273  4846  4846 I SystemUi--Keyguard: ScrimControllerExImp-->blur State to UNLOCK, bouncer=false changeFromBouncerScrim= false runnerUnlock= false goingAway=false hasHandle=true isOccludeAnimationPlaying=false
07-29 06:47:32.279  3348  3762 D VRR [OPlusSAManager]: setSAConfig scene: VRR_90_120 modeId: 4 auto: true fakeFrame: true
07-29 06:47:32.279  3348  3762 D VRR [OPlusSAManager]: updateAutoMinfps with nits: 110.43645, mHistOK true, mAmbientOK true, mCctOK true, mIrOK true, mBrightnessOK true, isPkgOK true, SA min fps: 119
07-29 06:47:32.279  3348  3762 D VRR [OPlusSurfaceFlingerController]: setAutoMode enable: true fakeFrame: true fps: 119
07-29 06:47:32.280  2138  2373 I VRR-[OPlusAdfrUtil]: ADFR try set Auto mode with mode 1 fakeframe 1 min fps 119
07-29 06:47:32.280  2138  2373 D VRR-[OPlusRefreshRateSelector]: OSyncModes add size is 1.
07-29 06:47:32.280  2138  2373 I VRR-[OPlusRefreshRateSelector]: updateAutoMode success, display 0, mode 0, fakeframe 1, min fps: 1
07-29 06:47:32.280  2138  3471 D VRR-[OPlusRefreshRateSelector]: handleSetHWCOSync
07-29 06:47:32.280  2138  3471 D VRR-[OPlusRefreshRateSelector]: OSyncModes remaining size is 0.
07-29 06:47:32.280  2138  3471 D VRR-[OPlusRefreshRateSelector]: SetHWCOSync with 5CC08181
07-29 06:47:32.281  1885  3458 I SDM     : DisplayBuiltIn::SetQSyncMode: VRR + update qsync mode 0 minfps 00C08181
07-29 06:47:32.281  4846  4846 I SystemUi--Keyguard: ScrimControllerExImp-->blur State to UNLOCK, bouncer=false changeFromBouncerScrim= false runnerUnlock= false goingAway=false hasHandle=true isOccludeAnimationPlaying=false
07-29 06:47:32.281  3348  5269 I InputDispatcher: injectInputEvent: targetUid=<not set>, syncMode=WAIT_FOR_FINISHED, timeout=30000ms, policyFlags=0x8000000, event=MotionEvent { action=MOVE, id[0]=0, x[0]=900, y[0]=975.6, eventTime=57960000000, downTime=57816000000, deviceId=4, source=TOUCHSCREEN, displayId=0, eventId=0xd4c8e767}
07-29 06:47:32.282  4846  4846 I SystemUi--Keyguard: ScrimControllerExImp-->blur State to UNLOCK, bouncer=false changeFromBouncerScrim= false runnerUnlock= false goingAway=false hasHandle=true isOccludeAnimationPlaying=false
07-29 06:47:32.286  4846  5336 I SystemUi--Statusbar: PrivacyDotViewController-->processNextViewState: 
07-29 06:47:32.287  4846  5336 I SystemUi--Statusbar: PrivacyDotViewController-->resolveState ViewState(viewInitialized=true, systemPrivacyEventIsActive=false, shadeExpanded=true, needShow=false, portraitRect=Rect(0, 0 - 1080, 120), landscapeRect=Rect(120, 0 - 2376, 120), upsideDownRect=Rect(0, 0 - 1080, 120), seascapeRect=Rect(0, 0 - 2244, 120), layoutRtl=false, rotation=0, paddingTop=14, paddingBottom=15, cornerIndex=1, designatedCorner=android.widget.FrameLayout{85c897a I.E...... ......ID 1032,0-1080,120 #7f0a09cd app:id/privacy_dot_top_right_container alpha=1.0 viewInfo = }, contentDescription=null, dotMargin=48)
07-29 06:47:32.288  1885  2145 E SDM     : DRMConnector::Perform: Connector 67: Setting Qsync min fps 12616065
07-29 06:47:32.289  4846  4846 I SystemUi--Keyguard: ScrimControllerExImp-->blur State to UNLOCK, bouncer=false changeFromBouncerScrim= false runnerUnlock= false goingAway=false hasHandle=true isOccludeAnimationPlaying=false
07-29 06:47:32.289  3348  5269 I InputDispatcher: injectInputEvent: targetUid=<not set>, syncMode=WAIT_FOR_FINISHED, timeout=30000ms, policyFlags=0x8000000, event=MotionEvent { action=MOVE, id[0]=0, x[0]=900, y[0]=1028.13, eventTime=57968000000, downTime=57816000000, deviceId=4, source=TOUCHSCREEN, displayId=0, eventId=0xef70b9a9}
07-29 06:47:32.290  4846  4846 I SystemUi--Keyguard: ScrimControllerExImp-->blur State to UNLOCK, bouncer=false changeFromBouncerScrim= false runnerUnlock= false goingAway=false hasHandle=true isOccludeAnimationPlaying=false
07-29 06:47:32.291  1884  1948 I SnapAlloc: Using graphics libs for alignment calculations
07-29 06:47:32.295  1977  1977 D SensorFeature: name=ssc_screenshot_info ,index = 22
07-29 06:47:32.295  1977  1977 D SensorFeature: write 29 bytes:57965772269,57974105602,158,0
07-29 06:47:32.297  4846  4846 I SystemUi--Keyguard: ScrimControllerExImp-->blur State to UNLOCK, bouncer=false changeFromBouncerScrim= false runnerUnlock= false goingAway=false hasHandle=true isOccludeAnimationPlaying=false
07-29 06:47:32.297  3348  5269 I InputDispatcher: injectInputEvent: targetUid=<not set>, syncMode=WAIT_FOR_FINISHED, timeout=30000ms, policyFlags=0x8000000, event=MotionEvent { action=MOVE, id[0]=0, x[0]=900, y[0]=1080.67, eventTime=57976000000, downTime=57816000000, deviceId=4, source=TOUCHSCREEN, displayId=0, eventId=0xe2256c8c}
07-29 06:47:32.298  4846  4846 I SystemUi--Keyguard: ScrimControllerExImp-->blur State to UNLOCK, bouncer=false changeFromBouncerScrim= false runnerUnlock= false goingAway=false hasHandle=true isOccludeAnimationPlaying=false
07-29 06:47:32.306  1884  1948 I SnapAlloc: Using graphics libs for alignment calculations
07-29 06:47:32.306  4846  4846 I SystemUi--Keyguard: ScrimControllerExImp-->blur State to UNLOCK, bouncer=false changeFromBouncerScrim= false runnerUnlock= false goingAway=false hasHandle=true isOccludeAnimationPlaying=false
07-29 06:47:32.306  3348  5269 I InputDispatcher: injectInputEvent: targetUid=<not set>, syncMode=WAIT_FOR_FINISHED, timeout=30000ms, policyFlags=0x8000000, event=MotionEvent { action=MOVE, id[0]=0, x[0]=900, y[0]=1139.77, eventTime=57985000000, downTime=57816000000, deviceId=4, source=TOUCHSCREEN, displayId=0, eventId=0xff58b5fe}
07-29 06:47:32.306  4846  4846 I SystemUi--Keyguard: ScrimControllerExImp-->blur State to UNLOCK, bouncer=false changeFromBouncerScrim= false runnerUnlock= false goingAway=false hasHandle=true isOccludeAnimationPlaying=false
07-29 06:47:32.314  4846  4846 I SystemUi--Keyguard: ScrimControllerExImp-->blur State to UNLOCK, bouncer=false changeFromBouncerScrim= false runnerUnlock= false goingAway=false hasHandle=true isOccludeAnimationPlaying=false
07-29 06:47:32.314  3348  5269 I InputDispatcher: injectInputEvent: targetUid=<not set>, syncMode=WAIT_FOR_FINISHED, timeout=30000ms, policyFlags=0x8000000, event=MotionEvent { action=MOVE, id[0]=0, x[0]=900, y[0]=1192.3, eventTime=57993000000, downTime=57816000000, deviceId=4, source=TOUCHSCREEN, displayId=0, eventId=0xd99c4eb7}
07-29 06:47:32.314  4846  4846 I SystemUi--Keyguard: ScrimControllerExImp-->blur State to UNLOCK, bouncer=false changeFromBouncerScrim= false runnerUnlock= false goingAway=false hasHandle=true isOccludeAnimationPlaying=false
07-29 06:47:32.322  1884  1948 I SnapAlloc: Using graphics libs for alignment calculations
07-29 06:47:32.322  4846  4846 I SystemUi--Keyguard: ScrimControllerExImp-->blur State to UNLOCK, bouncer=false changeFromBouncerScrim= false runnerUnlock= false goingAway=false hasHandle=true isOccludeAnimationPlaying=false
07-29 06:47:32.322  3348  5269 I InputDispatcher: injectInputEvent: targetUid=<not set>, syncMode=WAIT_FOR_FINISHED, timeout=30000ms, policyFlags=0x8000000, event=MotionEvent { action=MOVE, id[0]=0, x[0]=900, y[0]=1251.4, eventTime=58002000000, downTime=57816000000, deviceId=4, source=TOUCHSCREEN, displayId=0, eventId=0xfe10cc8c}
07-29 06:47:32.323  4846  4846 I SystemUi--Keyguard: ScrimControllerExImp-->blur State to UNLOCK, bouncer=false changeFromBouncerScrim= false runnerUnlock= false goingAway=false hasHandle=true isOccludeAnimationPlaying=false
07-29 06:47:32.330  4846  4846 I SystemUi--Keyguard: ScrimControllerExImp-->blur State to UNLOCK, bouncer=false changeFromBouncerScrim= false runnerUnlock= false goingAway=false hasHandle=true isOccludeAnimationPlaying=false
07-29 06:47:32.331  3348  5269 I InputDispatcher: injectInputEvent: targetUid=<not set>, syncMode=WAIT_FOR_FINISHED, timeout=30000ms, policyFlags=0x8000000, event=MotionEvent { action=MOVE, id[0]=0, x[0]=900, y[0]=1303.93, eventTime=58010000000, downTime=57816000000, deviceId=4, source=TOUCHSCREEN, displayId=0, eventId=0xfe82a7dd}
07-29 06:47:32.331  4846  4846 I SystemUi--Keyguard: ScrimControllerExImp-->blur State to UNLOCK, bouncer=false changeFromBouncerScrim= false runnerUnlock= false goingAway=false hasHandle=true isOccludeAnimationPlaying=false
07-29 06:47:32.333  4846  4846 I SystemUi--QuickSettings: QsLottieUtils-->getLottieAnimFile : qs/qs_location_lottie_active_sep_dual_light.json
07-29 06:47:32.338  4846 12971 W LOG_Effective: Effective doesn't support layer effects. If you are using them for  fills, strokes, trim paths etc. then try adding them directly as contents  in your shape. Found: [Slider Control]
07-29 06:47:32.338  4846 12971 W LOG_Effective: Animation contains merge paths. Merge paths are only supported on KitKat+ and must be manually enabled by calling enableMergePathsForKitKatAndAbove().
07-29 06:47:32.339  1884  1948 I SnapAlloc: Using graphics libs for alignment calculations
07-29 06:47:32.339  4846  4846 I SystemUi--Keyguard: ScrimControllerExImp-->blur State to UNLOCK, bouncer=false changeFromBouncerScrim= false runnerUnlock= false goingAway=false hasHandle=true isOccludeAnimationPlaying=false
07-29 06:47:32.339  3348  5269 I InputDispatcher: injectInputEvent: targetUid=<not set>, syncMode=WAIT_FOR_FINISHED, timeout=30000ms, policyFlags=0x8000000, event=MotionEvent { action=MOVE, id[0]=0, x[0]=900, y[0]=1356.47, eventTime=58018000000, downTime=57816000000, deviceId=4, source=TOUCHSCREEN, displayId=0, eventId=0xfce7aa64}
07-29 06:47:32.339  4846  4846 I SystemUi--Keyguard: ScrimControllerExImp-->blur State to UNLOCK, bouncer=false changeFromBouncerScrim= false runnerUnlock= false goingAway=false hasHandle=true isOccludeAnimationPlaying=false
07-29 06:47:32.342  4846  4846 I SystemUi--QuickSettings: QsLottieUtils-->getLottieAnimFile : qs/qs_nfc_lottie_active_sep_dual_light.json
07-29 06:47:32.342  4846  4846 W LOG_Effective: Animation contains merge paths but they are disabled.
07-29 06:47:32.347  4846  4846 I SystemUi--Keyguard: ScrimControllerExImp-->blur State to UNLOCK, bouncer=false changeFromBouncerScrim= false runnerUnlock= false goingAway=false hasHandle=true isOccludeAnimationPlaying=false
07-29 06:47:32.347  3348  5269 I InputDispatcher: injectInputEvent: targetUid=<not set>, syncMode=WAIT_FOR_FINISHED, timeout=30000ms, policyFlags=0x8000000, event=MotionEvent { action=MOVE, id[0]=0, x[0]=900, y[0]=1409, eventTime=58026000000, downTime=57816000000, deviceId=4, source=TOUCHSCREEN, displayId=0, eventId=0xe0eb9754}
07-29 06:47:32.347  4846  4846 I SystemUi--Keyguard: ScrimControllerExImp-->blur State to UNLOCK, bouncer=false changeFromBouncerScrim= false runnerUnlock= false goingAway=false hasHandle=true isOccludeAnimationPlaying=false
07-29 06:47:32.348  3348  3741 D PowerManagerService: userActivityNoUpdateLocked: groupId=0, eventTime=58026, event=touch, flags=0x0, uid=1000
07-29 06:47:32.355  4846  4846 I SystemUi--Keyguard: ScrimControllerExImp-->blur State to UNLOCK, bouncer=false changeFromBouncerScrim= false runnerUnlock= false goingAway=false hasHandle=true isOccludeAnimationPlaying=false
07-29 06:47:32.355  4846  5406 D HWUI    : OplusRenderNodeAnimator end!
07-29 06:47:32.355  1884  1948 I SnapAlloc: Using graphics libs for alignment calculations
07-29 06:47:32.355  4846  5406 D HWUI    : OplusRenderNodeAnimator end!
07-29 06:47:32.355  4846  5406 D HWUI    : OplusRenderNodeAnimator end!
07-29 06:47:32.355  4846  5406 D HWUI    : OplusRenderNodeAnimator end!
07-29 06:47:32.356  4846  4846 I SystemUi--Keyguard: ScrimControllerExImp-->blur State to UNLOCK, bouncer=false changeFromBouncerScrim= false runnerUnlock= false goingAway=false hasHandle=true isOccludeAnimationPlaying=false
07-29 06:47:32.356  3348  5269 I InputDispatcher: injectInputEvent: targetUid=<not set>, syncMode=WAIT_FOR_FINISHED, timeout=30000ms, policyFlags=0x8000000, event=MotionEvent { action=MOVE, id[0]=0, x[0]=900, y[0]=1468.1, eventTime=58035000000, downTime=57816000000, deviceId=4, source=TOUCHSCREEN, displayId=0, eventId=0xeccb37ea}
07-29 06:47:32.357  4846  4846 I SystemUi--Statusbar: CollapsedStatusBarFragmentExImpl-->animateHiddenState onAnimationEnd v:com.oplus.systemui.statusbar.widget.EndSideContentLayout{d65df72 V.E...... ........ 172,0-440,91 #7f0a0c16 app:id/status_bar_end_side_content alpha=1.0 viewInfo = }  v alpha:1.0 v render alpha:0.0 animateAlpha=0.0
07-29 06:47:32.358  4846  4846 I SystemUi--Statusbar: CollapsedStatusBarFragmentExImpl-->animateHiddenState onAnimationEnd v:com.android.keyguard.AlphaOptimizedLinearLayout{8378343 V.E...... ........ 0,0-48,91 alpha=1.0 viewInfo = }  v alpha:1.0 v render alpha:0.0 animateAlpha=0.0
07-29 06:47:32.358  4846  4846 I SystemUi--Statusbar: CollapsedStatusBarFragmentExImpl-->animateHiddenState onAnimationEnd v:com.oplus.systemui.statusbar.seeding.CapsulePluginContainer{88b41c5 V.E...... ........ 0,0-1080,120 #7f0a0b3b app:id/seeding_card_container alpha=1.0 viewInfo = }  v alpha:1.0 v render alpha:0.0 animateAlpha=0.0
07-29 06:47:32.358  4846  4846 I SystemUi--Statusbar: CollapsedStatusBarFragmentExImpl-->animateHiddenState onAnimationEnd v:com.oplus.systemui.statusbar.widget.StatClock{865ebc4 V.ED..... ........ 0,0-137,91 #7f0a02b9 app:id/clock alpha=1.0 viewInfo = }  v alpha:1.0 v render alpha:0.0 animateAlpha=0.0
07-29 06:47:32.364  4846  4846 I SystemUi--Keyguard: ScrimControllerExImp-->blur State to UNLOCK, bouncer=false changeFromBouncerScrim= false runnerUnlock= false goingAway=false hasHandle=true isOccludeAnimationPlaying=false
07-29 06:47:32.364  3348  5269 I InputDispatcher: injectInputEvent: targetUid=<not set>, syncMode=WAIT_FOR_FINISHED, timeout=30000ms, policyFlags=0x8000000, event=MotionEvent { action=MOVE, id[0]=0, x[0]=900, y[0]=1520.63, eventTime=58043000000, downTime=57816000000, deviceId=4, source=TOUCHSCREEN, displayId=0, eventId=0xfc339d40}
07-29 06:47:32.364  4846  4846 I SystemUi--Keyguard: ScrimControllerExImp-->blur State to UNLOCK, bouncer=false changeFromBouncerScrim= false runnerUnlock= false goingAway=false hasHandle=true isOccludeAnimationPlaying=false
07-29 06:47:32.372  4846  4846 I SystemUi--Keyguard: ScrimControllerExImp-->blur State to UNLOCK, bouncer=false changeFromBouncerScrim= false runnerUnlock= false goingAway=false hasHandle=true isOccludeAnimationPlaying=false
07-29 06:47:32.372  1884  1948 I SnapAlloc: Using graphics libs for alignment calculations
07-29 06:47:32.372  3348  5269 I InputDispatcher: injectInputEvent: targetUid=<not set>, syncMode=WAIT_FOR_FINISHED, timeout=30000ms, policyFlags=0x8000000, event=MotionEvent { action=MOVE, id[0]=0, x[0]=900, y[0]=1573.17, eventTime=58051000000, downTime=57816000000, deviceId=4, source=TOUCHSCREEN, displayId=0, eventId=0xdfb027f5}
07-29 06:47:32.372  4846  4846 I SystemUi--Keyguard: ScrimControllerExImp-->blur State to UNLOCK, bouncer=false changeFromBouncerScrim= false runnerUnlock= false goingAway=false hasHandle=true isOccludeAnimationPlaying=false
07-29 06:47:32.380  4846  4846 I SystemUi--Keyguard: ScrimControllerExImp-->blur State to UNLOCK, bouncer=false changeFromBouncerScrim= false runnerUnlock= false goingAway=false hasHandle=true isOccludeAnimationPlaying=false
07-29 06:47:32.380  3348  5269 I InputDispatcher: injectInputEvent: targetUid=<not set>, syncMode=WAIT_FOR_FINISHED, timeout=30000ms, policyFlags=0x8000000, event=MotionEvent { action=MOVE, id[0]=0, x[0]=900, y[0]=1625.7, eventTime=58059000000, downTime=57816000000, deviceId=4, source=TOUCHSCREEN, displayId=0, eventId=0xce6221bd}
07-29 06:47:32.381  4846  4846 I SystemUi--Keyguard: ScrimControllerExImp-->blur State to UNLOCK, bouncer=false changeFromBouncerScrim= false runnerUnlock= false goingAway=false hasHandle=true isOccludeAnimationPlaying=false
07-29 06:47:32.389  1884  1948 I SnapAlloc: Using graphics libs for alignment calculations
07-29 06:47:32.389  4846  4846 I SystemUi--Keyguard: ScrimControllerExImp-->blur State to UNLOCK, bouncer=false changeFromBouncerScrim= false runnerUnlock= false goingAway=false hasHandle=true isOccludeAnimationPlaying=false
07-29 06:47:32.389  4846  4846 I SystemUi--Keyguard: ScrimControllerExImp-->blur State to UNLOCK, bouncer=false changeFromBouncerScrim= false runnerUnlock= false goingAway=false hasHandle=true isOccludeAnimationPlaying=false
07-29 06:47:32.389  3348  5269 I InputDispatcher: injectInputEvent: targetUid=<not set>, syncMode=WAIT_FOR_FINISHED, timeout=30000ms, policyFlags=0x8000000, event=MotionEvent { action=MOVE, id[0]=0, x[0]=900, y[0]=1684.8, eventTime=58068000000, downTime=57816000000, deviceId=4, source=TOUCHSCREEN, displayId=0, eventId=0xd0ed89f9}
07-29 06:47:32.398  3348  5269 I InputDispatcher: injectInputEvent: targetUid=<not set>, syncMode=WAIT_FOR_FINISHED, timeout=30000ms, policyFlags=0x8000000, event=MotionEvent { action=MOVE, id[0]=0, x[0]=900, y[0]=1743.9, eventTime=58077000000, downTime=57816000000, deviceId=4, source=TOUCHSCREEN, displayId=0, eventId=0xfe275efc}
07-29 06:47:32.398  4846  4846 I SystemUi--Keyguard: ScrimControllerExImp-->blur State to UNLOCK, bouncer=false changeFromBouncerScrim= false runnerUnlock= false goingAway=false hasHandle=true isOccludeAnimationPlaying=false
07-29 06:47:32.398  4846  4846 I SystemUi--Keyguard: ScrimControllerExImp-->blur State to UNLOCK, bouncer=false changeFromBouncerScrim= false runnerUnlock= false goingAway=false hasHandle=true isOccludeAnimationPlaying=false
07-29 06:47:32.406  1884  1948 I SnapAlloc: Using graphics libs for alignment calculations
07-29 06:47:32.406  4846  4846 I SystemUi--Keyguard: ScrimControllerExImp-->blur State to UNLOCK, bouncer=false changeFromBouncerScrim= false runnerUnlock= false goingAway=false hasHandle=true isOccludeAnimationPlaying=false
07-29 06:47:32.406  4846  4846 I SystemUi--Keyguard: ScrimControllerExImp-->blur State to UNLOCK, bouncer=false changeFromBouncerScrim= false runnerUnlock= false goingAway=false hasHandle=true isOccludeAnimationPlaying=false
07-29 06:47:32.406  3348  5269 I InputDispatcher: injectInputEvent: targetUid=<not set>, syncMode=WAIT_FOR_FINISHED, timeout=30000ms, policyFlags=0x8000000, event=MotionEvent { action=MOVE, id[0]=0, x[0]=900, y[0]=1796.43, eventTime=58085000000, downTime=57816000000, deviceId=4, source=TOUCHSCREEN, displayId=0, eventId=0xc45adb56}
07-29 06:47:32.414  4846  4846 I SystemUi--Keyguard: ScrimControllerExImp-->blur State to UNLOCK, bouncer=false changeFromBouncerScrim= false runnerUnlock= false goingAway=false hasHandle=true isOccludeAnimationPlaying=false
07-29 06:47:32.414  3348  5269 I InputDispatcher: injectInputEvent: targetUid=<not set>, syncMode=WAIT_FOR_FINISHED, timeout=30000ms, policyFlags=0x8000000, event=MotionEvent { action=MOVE, id[0]=0, x[0]=900, y[0]=1848.97, eventTime=58093000000, downTime=57816000000, deviceId=4, source=TOUCHSCREEN, displayId=0, eventId=0xd6f10028}
07-29 06:47:32.414  4846  4846 I SystemUi--Keyguard: ScrimControllerExImp-->blur State to UNLOCK, bouncer=false changeFromBouncerScrim= false runnerUnlock= false goingAway=false hasHandle=true isOccludeAnimationPlaying=false
07-29 06:47:32.422  1884  1948 I SnapAlloc: Using graphics libs for alignment calculations
07-29 06:47:32.422  4846  4846 I SystemUi--Keyguard: ScrimControllerExImp-->blur State to UNLOCK, bouncer=false changeFromBouncerScrim= false runnerUnlock= false goingAway=false hasHandle=true isOccludeAnimationPlaying=false
07-29 06:47:32.422  4846  4846 I SystemUi--Keyguard: ScrimControllerExImp-->blur State to UNLOCK, bouncer=false changeFromBouncerScrim= false runnerUnlock= false goingAway=false hasHandle=true isOccludeAnimationPlaying=false
07-29 06:47:32.422  3348  5269 I InputDispatcher: injectInputEvent: targetUid=<not set>, syncMode=WAIT_FOR_FINISHED, timeout=30000ms, policyFlags=0x8000000, event=MotionEvent { action=MOVE, id[0]=0, x[0]=900, y[0]=1908.07, eventTime=58102000000, downTime=57816000000, deviceId=4, source=TOUCHSCREEN, displayId=0, eventId=0xdc31852f}
07-29 06:47:32.430  4846  4846 I SystemUi--Keyguard: ScrimControllerExImp-->blur State to UNLOCK, bouncer=false changeFromBouncerScrim= false runnerUnlock= false goingAway=false hasHandle=true isOccludeAnimationPlaying=false
07-29 06:47:32.431  3348  5269 I InputDispatcher: injectInputEvent: targetUid=<not set>, syncMode=WAIT_FOR_FINISHED, timeout=30000ms, policyFlags=0x8000000, event=MotionEvent { action=MOVE, id[0]=0, x[0]=900, y[0]=1960.6, eventTime=58110000000, downTime=57816000000, deviceId=4, source=TOUCHSCREEN, displayId=0, eventId=0xc80d0f5f}
07-29 06:47:32.431  4846  4846 I SystemUi--Keyguard: ScrimControllerExImp-->blur State to UNLOCK, bouncer=false changeFromBouncerScrim= false runnerUnlock= false goingAway=false hasHandle=true isOccludeAnimationPlaying=false
07-29 06:47:32.439  1884  1948 I SnapAlloc: Using graphics libs for alignment calculations
07-29 06:47:32.439  4846  4846 I SystemUi--Keyguard: ScrimControllerExImp-->blur State to UNLOCK, bouncer=false changeFromBouncerScrim= false runnerUnlock= false goingAway=false hasHandle=true isOccludeAnimationPlaying=false
07-29 06:47:32.440  3348  5269 I InputDispatcher: injectInputEvent: targetUid=<not set>, syncMode=WAIT_FOR_FINISHED, timeout=30000ms, policyFlags=0x8000000, event=MotionEvent { action=UP, id[0]=0, x[0]=900, y[0]=2000, eventTime=58119000000, downTime=57816000000, deviceId=4, source=TOUCHSCREEN, displayId=0, eventId=0xe458b595}
07-29 06:47:32.440  4846  4846 I SystemUi--Keyguard: ScrimControllerExImp-->blur State to UNLOCK, bouncer=false changeFromBouncerScrim= false runnerUnlock= false goingAway=false hasHandle=true isOccludeAnimationPlaying=false
07-29 06:47:32.440  3348  4844 D UAH-UahAdaptHelper: adaptSetNotification identity = OplusUAwareInputHelpersrc = 1000 , type 1 ,p1 = -1 ,p2 = -1 ,p3 = -1 ,p4 =
07-29 06:47:32.440  3348  4844 I [UAH_CLIENT]: uahRuleCtl, ruleId:1000, status:1
07-29 06:47:32.441  3348  4844 I [UAH_CLIENT]: UahRelease, handle:37
07-29 06:47:32.441  3348  4844 I [UAH_CLIENT]: UahEventAcquire, cmdid:6, pkg:none, identity:OplusUAwareInputHelper
07-29 06:47:32.442  3348  4404 D OplusViewDebugManager: OplusViewDebugManager Constructor android.view.debug.OplusViewDebugManager@806a597 [mHasViewDebugProperty true] [mHasMsgDebugProperty false] [DEBUG false] [EXTRAINFOENABLE false] [LIGHT_OS false]
07-29 06:47:32.442  4846  4846 I SystemUi--Statusbar: OplusStatusBarWindowViewTouchExImpl-->onTouchEvent handled:false
07-29 06:47:32.442  3348  4404 D OplusViewDebugManager: OplusViewDebugManager Constructor android.view.debug.OplusViewDebugManager@b12b384 [mHasViewDebugProperty true] [mHasMsgDebugProperty false] [DEBUG false] [EXTRAINFOENABLE false] [LIGHT_OS false]
07-29 06:47:32.443  4846  4846 I SystemUi--QuickSettings: OplusPanelViewPagerController-->reset
07-29 06:47:32.443  4846  4846 I SystemUi--QuickSettings: OplusPanelViewPagerController-->reset
07-29 06:47:32.443  4846  4846 I SystemUi--QuickSettings: OplusQSRootViewController-->endMotionEvent, expand: true, vel: 6566.7734, vectorVel: 6566.7734  isClosing=false panelClosedOnDown=true canSlideHToQSOnStatusBar=true
07-29 06:47:32.443  4846  6042 I [UAH_CLIENT]: UahRelease, handle:36
07-29 06:47:32.443  4846  4846 I SystemUi--QuickSettings: OplusQSRootViewController-->fling qs, expand: true, vel: 6566.7734
07-29 06:47:32.443  4846  4846 I SystemUi--QuickSettings: QSPanelExpandFraction-->animateExpanded, isExpanded=true, (0.97550493 -> 1.0), lastFinalPosition=1.0
07-29 06:47:32.443  4846  4846 I SystemUi--QuickSettings: QSPanelTranslationY-->animateExpandTranslationY, isExpanded=true, threshold=156.0
07-29 06:47:32.443  4846  4846 I SystemUi--QuickSettings: QSPanelAnimatorManager-->startRebound
07-29 06:47:32.443  4846  6042 I [UAH_CLIENT]: UahEventAcquire, cmdid:97, pkg:none, identity:OsenseHelperImpl
07-29 06:47:32.443  4846  4846 I SystemUi--QuickSettings: OplusPanelViewPagerController-->notifySeparateQSEndMotionEvent currentNotifyFraction=0.0  fraction=0.97550493 notifyExpandedFraction=0.0 fractionListeners.size=0
07-29 06:47:32.443  4846  4846 I SystemUi--QuickSettings: OplusQSRootViewController-->resetTouch
07-29 06:47:32.443  4846  4846 D OplusViewDragTouchViewHelper: dispatchTouchView action = 1
07-29 06:47:32.443  4846  4846 D OplusViewDragTouchViewHelper: dispatchTouchView action = 1
07-29 06:47:32.443  4846  4846 D OplusViewDragTouchViewHelper: dispatchTouchView action = 1
07-29 06:47:32.447  4846  4846 I SystemUi--Keyguard: ScrimControllerExImp-->blur State to UNLOCK, bouncer=false changeFromBouncerScrim= false runnerUnlock= false goingAway=false hasHandle=true isOccludeAnimationPlaying=false
07-29 06:47:32.447  4846  4846 I SystemUi--Keyguard: ScrimControllerExImp-->blur State to UNLOCK, bouncer=false changeFromBouncerScrim= false runnerUnlock= false goingAway=false hasHandle=true isOccludeAnimationPlaying=false
07-29 06:47:32.447  1904  1956 I [UAH_CLIENT]: UahPlatformResAcquire
07-29 06:47:32.447  1904  1956 I [UAH_CLIENT]: UahEventAcquire, cmdid:-3, pkg:1904 6948, identity:qcom-perfd
07-29 06:47:32.448  1904  1956 E PERFHAL-RESOURCEQS: PERFHAL-RESOURCEQS: AddAndApply() 130: Resource with major=18, minor=30 not supported
07-29 06:47:32.448  1904  1956 E PERFHAL-RESOURCEQS: PERFHAL-RESOURCEQS: AddAndApply() 130: Resource with major=18, minor=31 not supported
07-29 06:47:32.455  4846  4846 I SystemUi--Keyguard: ScrimControllerExImp-->blur State to UNLOCK, bouncer=false changeFromBouncerScrim= false runnerUnlock= false goingAway=false hasHandle=true isOccludeAnimationPlaying=false
07-29 06:47:32.455  1884  1948 I SnapAlloc: Using graphics libs for alignment calculations
07-29 06:47:32.455  4846  4846 I SystemUi--Keyguard: ScrimControllerExImp-->blur State to UNLOCK, bouncer=false changeFromBouncerScrim= false runnerUnlock= false goingAway=false hasHandle=true isOccludeAnimationPlaying=false
07-29 06:47:32.463  4846  4846 I SystemUi--Keyguard: ScrimControllerExImp-->blur State to UNLOCK, bouncer=false changeFromBouncerScrim= false runnerUnlock= false goingAway=false hasHandle=true isOccludeAnimationPlaying=false
07-29 06:47:32.464  4846  4846 I SystemUi--Keyguard: ScrimControllerExImp-->blur State to UNLOCK, bouncer=false changeFromBouncerScrim= false runnerUnlock= false goingAway=false hasHandle=true isOccludeAnimationPlaying=false
07-29 06:47:32.471  4846  4846 I SystemUi--Keyguard: ScrimControllerExImp-->blur State to UNLOCK, bouncer=false changeFromBouncerScrim= false runnerUnlock= false goingAway=false hasHandle=true isOccludeAnimationPlaying=false
07-29 06:47:32.471  1884  1948 I SnapAlloc: Using graphics libs for alignment calculations
07-29 06:47:32.472  4846  4846 I SystemUi--Keyguard: ScrimControllerExImp-->blur State to UNLOCK, bouncer=false changeFromBouncerScrim= false runnerUnlock= false goingAway=false hasHandle=true isOccludeAnimationPlaying=false
07-29 06:47:32.480  4846  4846 I SystemUi--Keyguard: ScrimControllerExImp-->blur State to UNLOCK, bouncer=false changeFromBouncerScrim= false runnerUnlock= false goingAway=false hasHandle=true isOccludeAnimationPlaying=false
07-29 06:47:32.480  4846  4846 I SystemUi--Keyguard: ScrimControllerExImp-->blur State to UNLOCK, bouncer=false changeFromBouncerScrim= false runnerUnlock= false goingAway=false hasHandle=true isOccludeAnimationPlaying=false
07-29 06:47:32.488  4846  4846 I SystemUi--Keyguard: ScrimControllerExImp-->blur State to UNLOCK, bouncer=false changeFromBouncerScrim= false runnerUnlock= false goingAway=false hasHandle=true isOccludeAnimationPlaying=false
07-29 06:47:32.488  4846  4846 I SystemUi--Keyguard: ScrimControllerExImp-->blur State to UNLOCK, bouncer=false changeFromBouncerScrim= false runnerUnlock= false goingAway=false hasHandle=true isOccludeAnimationPlaying=false
07-29 06:47:32.488  1884  1948 I SnapAlloc: Using graphics libs for alignment calculations
07-29 06:47:32.497  4846  4846 I SystemUi--Keyguard: ScrimControllerExImp-->blur State to UNLOCK, bouncer=false changeFromBouncerScrim= false runnerUnlock= false goingAway=false hasHandle=true isOccludeAnimationPlaying=false
07-29 06:47:32.497  4846  4846 I SystemUi--Keyguard: ScrimControllerExImp-->blur State to UNLOCK, bouncer=false changeFromBouncerScrim= false runnerUnlock= false goingAway=false hasHandle=true isOccludeAnimationPlaying=false
07-29 06:47:32.505  4846  4846 I SystemUi--Keyguard: ScrimControllerExImp-->blur State to UNLOCK, bouncer=false changeFromBouncerScrim= false runnerUnlock= false goingAway=false hasHandle=true isOccludeAnimationPlaying=false
07-29 06:47:32.505  1884  1948 I SnapAlloc: Using graphics libs for alignment calculations
07-29 06:47:32.505  4846  4846 I SystemUi--Keyguard: ScrimControllerExImp-->blur State to UNLOCK, bouncer=false changeFromBouncerScrim= false runnerUnlock= false goingAway=false hasHandle=true isOccludeAnimationPlaying=false
07-29 06:47:32.513  4846  4846 I SystemUi--Keyguard: ScrimControllerExImp-->blur State to UNLOCK, bouncer=false changeFromBouncerScrim= false runnerUnlock= false goingAway=false hasHandle=true isOccludeAnimationPlaying=false
07-29 06:47:32.513  4846  4846 I SystemUi--Keyguard: ScrimControllerExImp-->blur State to UNLOCK, bouncer=false changeFromBouncerScrim= false runnerUnlock= false goingAway=false hasHandle=true isOccludeAnimationPlaying=false
07-29 06:47:32.521  4846  4846 I SystemUi--Keyguard: ScrimControllerExImp-->blur State to UNLOCK, bouncer=false changeFromBouncerScrim= false runnerUnlock= false goingAway=false hasHandle=true isOccludeAnimationPlaying=false
07-29 06:47:32.522  1884  1948 I SnapAlloc: Using graphics libs for alignment calculations
07-29 06:47:32.522  4846  4846 I SystemUi--Keyguard: ScrimControllerExImp-->blur State to UNLOCK, bouncer=false changeFromBouncerScrim= false runnerUnlock= false goingAway=false hasHandle=true isOccludeAnimationPlaying=false
07-29 06:47:32.529  4846  4846 I SystemUi--Keyguard: ScrimControllerExImp-->blur State to UNLOCK, bouncer=false changeFromBouncerScrim= false runnerUnlock= false goingAway=false hasHandle=true isOccludeAnimationPlaying=false
07-29 06:47:32.530  4846  4846 I SystemUi--Keyguard: ScrimControllerExImp-->blur State to UNLOCK, bouncer=false changeFromBouncerScrim= false runnerUnlock= false goingAway=false hasHandle=true isOccludeAnimationPlaying=false
07-29 06:47:32.538  4846  4846 I SystemUi--Keyguard: ScrimControllerExImp-->blur State to UNLOCK, bouncer=false changeFromBouncerScrim= false runnerUnlock= false goingAway=false hasHandle=true isOccludeAnimationPlaying=false
07-29 06:47:32.538  1884  1948 I SnapAlloc: Using graphics libs for alignment calculations
07-29 06:47:32.538  4846  4846 I SystemUi--Keyguard: ScrimControllerExImp-->blur State to UNLOCK, bouncer=false changeFromBouncerScrim= false runnerUnlock= false goingAway=false hasHandle=true isOccludeAnimationPlaying=false
07-29 06:47:32.547  4846  4846 I SystemUi--Keyguard: ScrimControllerExImp-->blur State to UNLOCK, bouncer=false changeFromBouncerScrim= false runnerUnlock= false goingAway=false hasHandle=true isOccludeAnimationPlaying=false
07-29 06:47:32.547  4846  4846 I SystemUi--Keyguard: ScrimControllerExImp-->blur State to UNLOCK, bouncer=false changeFromBouncerScrim= false runnerUnlock= false goingAway=false hasHandle=true isOccludeAnimationPlaying=false
07-29 06:47:32.554  4846  4846 I SystemUi--Keyguard: ScrimControllerExImp-->blur State to UNLOCK, bouncer=false changeFromBouncerScrim= false runnerUnlock= false goingAway=false hasHandle=true isOccludeAnimationPlaying=false
07-29 06:47:32.555  1884  1948 I SnapAlloc: Using graphics libs for alignment calculations
07-29 06:47:32.555  4846  4846 I SystemUi--Keyguard: ScrimControllerExImp-->blur State to UNLOCK, bouncer=false changeFromBouncerScrim= false runnerUnlock= false goingAway=false hasHandle=true isOccludeAnimationPlaying=false
07-29 06:47:32.563  4846  4846 I SystemUi--Keyguard: ScrimControllerExImp-->blur State to UNLOCK, bouncer=false changeFromBouncerScrim= false runnerUnlock= false goingAway=false hasHandle=true isOccludeAnimationPlaying=false
07-29 06:47:32.563  4846  4846 I SystemUi--Keyguard: ScrimControllerExImp-->blur State to UNLOCK, bouncer=false changeFromBouncerScrim= false runnerUnlock= false goingAway=false hasHandle=true isOccludeAnimationPlaying=false
07-29 06:47:32.569  1977  1977 D SensorFeature: name=ssc_screenshot_info ,index = 22
07-29 06:47:32.569  1977  1977 D SensorFeature: write 29 bytes:58239905706,58248239039,159,0
07-29 06:47:32.571  4846  4846 I SystemUi--Keyguard: ScrimControllerExImp-->blur State to UNLOCK, bouncer=false changeFromBouncerScrim= false runnerUnlock= false goingAway=false hasHandle=true isOccludeAnimationPlaying=false
07-29 06:47:32.571  1884  1948 I SnapAlloc: Using graphics libs for alignment calculations
07-29 06:47:32.571  4846  4846 I SystemUi--Keyguard: ScrimControllerExImp-->blur State to UNLOCK, bouncer=false changeFromBouncerScrim= false runnerUnlock= false goingAway=false hasHandle=true isOccludeAnimationPlaying=false
07-29 06:47:32.579  4846  4846 I SystemUi--Keyguard: ScrimControllerExImp-->blur State to UNLOCK, bouncer=false changeFromBouncerScrim= false runnerUnlock= false goingAway=false hasHandle=true isOccludeAnimationPlaying=false
07-29 06:47:32.580  4846  4846 I SystemUi--Keyguard: ScrimControllerExImp-->blur State to UNLOCK, bouncer=false changeFromBouncerScrim= false runnerUnlock= false goingAway=false hasHandle=true isOccludeAnimationPlaying=false
07-29 06:47:32.587  4846  4846 I SystemUi--Keyguard: ScrimControllerExImp-->blur State to UNLOCK, bouncer=false changeFromBouncerScrim= false runnerUnlock= false goingAway=false hasHandle=true isOccludeAnimationPlaying=false
07-29 06:47:32.588  4846  4846 I SystemUi--Keyguard: ScrimControllerExImp-->blur State to UNLOCK, bouncer=false changeFromBouncerScrim= false runnerUnlock= false goingAway=false hasHandle=true isOccludeAnimationPlaying=false
07-29 06:47:32.588  1884  1948 I SnapAlloc: Using graphics libs for alignment calculations
07-29 06:47:32.596  4846  4846 I SystemUi--Keyguard: ScrimControllerExImp-->blur State to UNLOCK, bouncer=false changeFromBouncerScrim= false runnerUnlock= false goingAway=false hasHandle=true isOccludeAnimationPlaying=false
07-29 06:47:32.596  4846  4846 I SystemUi--Keyguard: ScrimControllerExImp-->blur State to UNLOCK, bouncer=false changeFromBouncerScrim= false runnerUnlock= false goingAway=false hasHandle=true isOccludeAnimationPlaying=false
07-29 06:47:32.604  4846  4846 I SystemUi--Keyguard: ScrimControllerExImp-->blur State to UNLOCK, bouncer=false changeFromBouncerScrim= false runnerUnlock= false goingAway=false hasHandle=true isOccludeAnimationPlaying=false
07-29 06:47:32.605  1884  1948 I SnapAlloc: Using graphics libs for alignment calculations
07-29 06:47:32.605  4846  4846 I SystemUi--Keyguard: ScrimControllerExImp-->blur State to UNLOCK, bouncer=false changeFromBouncerScrim= false runnerUnlock= false goingAway=false hasHandle=true isOccludeAnimationPlaying=false
07-29 06:47:32.613  4846  4846 I SystemUi--Keyguard: ScrimControllerExImp-->blur State to UNLOCK, bouncer=false changeFromBouncerScrim= false runnerUnlock= false goingAway=false hasHandle=true isOccludeAnimationPlaying=false
07-29 06:47:32.613  4846  4846 I SystemUi--Keyguard: ScrimControllerExImp-->blur State to UNLOCK, bouncer=false changeFromBouncerScrim= false runnerUnlock= false goingAway=false hasHandle=true isOccludeAnimationPlaying=false
07-29 06:47:32.621  4846  4846 I SystemUi--Keyguard: ScrimControllerExImp-->blur State to UNLOCK, bouncer=false changeFromBouncerScrim= false runnerUnlock= false goingAway=false hasHandle=true isOccludeAnimationPlaying=false
07-29 06:47:32.621  1884  1948 I SnapAlloc: Using graphics libs for alignment calculations
07-29 06:47:32.621  4846  4846 I SystemUi--Keyguard: ScrimControllerExImp-->blur State to UNLOCK, bouncer=false changeFromBouncerScrim= false runnerUnlock= false goingAway=false hasHandle=true isOccludeAnimationPlaying=false
07-29 06:47:32.629  4846  4846 I SystemUi--QuickSettings: TemporarilyInfoManager-->[setStarted] true
07-29 06:47:32.629  4846  4846 I SystemUi--QuickSettings: OplusQSRootViewController-->endClosing()
07-29 06:47:32.629  4846  4846 I SystemUi--Common: OplusShadeExpansionStat-->go state: OPENING -> OPEN
07-29 06:47:32.629  4846  4846 I SystemUi--Common: OplusShadeExpansionStat-->go state: OPENING -> OPEN
07-29 06:47:32.629  4846  4846 I SystemUi--Keyguard: ScrimControllerExImp-->blur State to UNLOCK, bouncer=false changeFromBouncerScrim= false runnerUnlock= false goingAway=false hasHandle=true isOccludeAnimationPlaying=false
07-29 06:47:32.630  4846  4846 I SystemUi--Common: PlatformBlurManagerImpl-->setPlatformBlurMode: blurMode=AUTO(blurFrequency=4)
07-29 06:47:32.630  4846  4846 I SystemUi--Common: PlatformBlurManagerImpl-->updateMotionFrequency: isExpanding=false
07-29 06:47:32.630  4846  4846 I SystemUi--Keyguard: ScrimControllerExImp-->blur State to UNLOCK, bouncer=false changeFromBouncerScrim= false runnerUnlock= false goingAway=false hasHandle=true isOccludeAnimationPlaying=false
07-29 06:47:32.630  4846  4846 I SystemUi--Device_Panel: OplusQSMyDeviceContainerViewController-->setQsDeviceExpansion expansion 1.0
07-29 06:47:32.630  4846  4846 I SystemUi--QuickSettings: QSPanelExpandFraction-->fractionAnimation onAnimationEnd, value=1.0
07-29 06:47:32.638  1884  1948 I SnapAlloc: Using graphics libs for alignment calculations
07-29 06:47:32.733  1814  4438 I sensors-hal: handle_oplus_wise_rgb_event:189, high_pwm_light:lux 264.9,cct 3626.2,brl/algo/ir 1420.0/2.0/17.3,pwm/dc 0.0/0.0,rgbc 20510.548828/12921.164062/5947.592285/38090.273438,ts 58240490671,cnt 840,flag 159
07-29 06:47:32.734  1885  4428 I Dpps    : LtmSwState::SetParameter():144 ignore cmd 7 in state LtmOffState
07-29 06:47:32.781  3348  3762 D VRR [OPlusSAManager]: updateAutoMinfps with nits: 110.43645, mHistOK true, mAmbientOK true, mCctOK true, mIrOK true, mBrightnessOK true, isPkgOK true, SA min fps: 119
07-29 06:47:32.781  3348  3762 D VRR [OPlusSurfaceFlingerController]: setAutoMode enable: true fakeFrame: true fps: 119
07-29 06:47:32.781  2138  2359 I VRR-[OPlusAdfrUtil]: ADFR try set Auto mode with mode 1 fakeframe 1 min fps 119
07-29 06:47:32.781  2138  2359 D VRR-[OPlusRefreshRateSelector]: OSyncModes add size is 1.
07-29 06:47:32.782  2138  2359 I VRR-[OPlusRefreshRateSelector]: updateAutoMode success, display 0, mode 0, fakeframe 1, min fps: 1
07-29 06:47:32.782  2138  3471 D VRR-[OPlusRefreshRateSelector]: handleSetHWCOSync
07-29 06:47:32.782  2138  3471 D VRR-[OPlusRefreshRateSelector]: OSyncModes remaining size is 0.
07-29 06:47:32.782  2138  3471 D VRR-[OPlusRefreshRateSelector]: SetHWCOSync with 5CC08181
07-29 06:47:32.782  1885  1885 I SDM     : DisplayBuiltIn::SetQSyncMode: VRR + update qsync mode 0 minfps 00C08181
07-29 06:47:32.786  1885  2145 E SDM     : DRMConnector::Perform: Connector 67: Setting Qsync min fps 12616065
07-29 06:47:32.843  1977  1977 D SensorFeature: name=ssc_screenshot_info ,index = 22
07-29 06:47:32.844  1977  1977 D SensorFeature: write 29 bytes:58514225810,58522559143,160,0
07-29 06:47:32.864  1998  2049 D BatteryChargeControl: bcc get no support from charging protocol
07-29 06:47:32.999  1885  4428 I Dpps    : LtmSwState::SetParameter():144 ignore cmd 7 in state LtmOffState
07-29 06:47:33.117  1977  1977 D SensorFeature: name=ssc_screenshot_info ,index = 22
07-29 06:47:33.118  1977  1977 D SensorFeature: write 29 bytes:58788194300,58796527633,161,0
07-29 06:47:33.130  1998  6595 D charge_time: type=sdp,reserve_soc=2,soc=87,ui_soc=90,current=171,avg=167,not_chg_cnt=0,stable_cnt=7,fcc=5724,fcc_ratio=94,delta=44,debug=0,region=12,ttf=6444(01:47:24),ui_ttf=4643(01:17:23)
07-29 06:47:33.252  5189  5577 D OplusScrollToTopManager: com.android.launcher/com.android.launcher.Launcher,This com.android.internal.policy.DecorView{cfc176f V.E...... R....... 0,0-1080,2376 aid=0 alpha=1.0 viewInfo = }[Launcher] change focus to false
07-29 06:47:33.256  4846  4999 D OplusScrollToTopManager: NotificationShade,This com.android.systemui.shade.NotificationShadeWindowView{b35c5 V.E...... ........ 0,0-1080,2376 #7f0a06b7 app:id/legacy_window_root alpha=1.0 viewInfo = } change focus to true
07-29 06:47:33.256  4846  4999 D OplusScrollToTopManager: NotificationShade, registerGuidePopupDismissReceiverInSystemUI
07-29 06:47:33.257  4846  4999 D OplusScrollToTopManager: NotificationShade, after registerGuidePopupDismissReceiverInSystemUI
07-29 06:47:33.266  1814  4438 I sensors-hal: handle_oplus_wise_rgb_event:189, high_pwm_light:lux 266.2,cct 3632.7,brl/algo/ir 1420.0/2.0/17.1,pwm/dc 0.0/0.0,rgbc 20553.337891/12953.386719/5966.827637/38170.503906,ts 58796328432,cnt 850,flag 161
07-29 06:47:33.267  1885  4428 I Dpps    : LtmSwState::SetParameter():144 ignore cmd 7 in state LtmOffState
07-29 06:47:33.391  1977  1977 D SensorFeature: name=ssc_screenshot_info ,index = 22
07-29 06:47:33.391  1977  1977 D SensorFeature: write 29 bytes:59061650393,59069983726,162,0
07-29 06:47:33.481  3348  5269 I InputDispatcher: injectInputEvent: targetUid=<not set>, syncMode=WAIT_FOR_FINISHED, timeout=30000ms, policyFlags=0x8000000, event=MotionEvent { action=DOWN, id[0]=0, x[0]=877, y[0]=1330, eventTime=59160000000, downTime=59160000000, deviceId=4, source=TOUCHSCREEN, displayId=0, eventId=0xcc3896f7}
07-29 06:47:33.481  3348  4844 I [UAH_CLIENT]: UahEventAcquire, cmdid:37, pkg:none, identity:OplusUAwareInputHelper
07-29 06:47:33.482  3348  3741 D PowerManagerService: userActivityNoUpdateLocked: groupId=0, eventTime=59160, event=touch, flags=0x0, uid=1000
07-29 06:47:33.482  4846  4846 V AutofillManager: requestHideFillUi(null): anchor = null
07-29 06:47:33.482  4846  4846 V Application: getAutofillClient(): null on super, trying to find activity thread
07-29 06:47:33.482  4846  4846 V Application: getAutofillClient(): none of the 0 activities on com.android.systemui.SystemUIApplication@9827c9e are top resumed nor have focus
