07-28 20:33:37.866  3453  4625 D OplusWifiPowerService: onReceive action:android.net.wifi.action.WIFI_SCAN_AVAILABILITY_CHANGED
07-28 20:33:37.866  3453  4625 D OplusWifiSwitchStateMonitor: scan settings change to true
07-28 20:33:37.866  6650  6650 I OsAgent : onReceive: android.net.wifi.action.WIFI_SCAN_AVAILABILITY_CHANGED
07-28 20:33:37.866  6650  8098 I OsAgent : updateWiFiScanAvailState, scanAvailable: true
07-28 20:33:37.866  4990  5015 I DeviceInfoAidlClient: isPowerInfoNeverSent=true batteryLevel=51 batteryLevelIndex=4 chargingMode=2 totalCapacity=5050900 powerSaveMode=false
07-28 20:33:37.866  4990  5015 I DeviceInfoAidlClient: onDeviceInfoReportingChanged - reporting enabled true
07-28 20:33:37.867  4990  5015 D DeviceInfoAidlClient: getDeviceInfoSupportStatus()=1
07-28 20:33:37.867  4990  5015 D DeviceInfoAidlClient: isRadioOn()=true
07-28 20:33:37.867  4990  5015 I DeviceInfoAidlClient: deviceState=2
07-28 20:33:37.867  4990  5015 I DeviceInfoAidlClient: onPowerInfoReportingChanged - reporting enabled true [15, 20, 30, 50, 80]
07-28 20:33:37.867  4990  5015 D DeviceInfoAidlClient: isRadioOn()=true
07-28 20:33:37.867  4990  5015 I DeviceInfoAidlClient: isPowerInfoNeverSent=false batteryLevel=51 batteryLevelIndex=4 chargingMode=2 totalCapacity=5050900 powerSaveMode=false
07-28 20:33:37.867  4990  5015 I DeviceInfoAidlClient: onDeviceInfoReportingChanged - reporting enabled true
07-28 20:33:37.867  4990  5015 D DeviceInfoAidlClient: getDeviceInfoSupportStatus()=1
07-28 20:33:37.867  4990  5015 D DeviceInfoAidlClient: isRadioOn()=true
07-28 20:33:37.867  4990  5015 I DeviceInfoAidlClient: deviceState=2
07-28 20:33:37.869  4931  4931 V OplusCustomizeCacheManager: queryCache name: sys.cache.common_customize_cache18016 param: null
07-28 20:33:37.869  4931  4931 V OplusCustomizeCacheManager: queryCache name: sys.cache.common_customize_cache18013 param: null
07-28 20:33:37.869  4931  4931 V OplusCustomizeCacheManager: queryCache name: sys.cache.common_customize_cache18014 param: null
07-28 20:33:37.869  4931  4931 V OplusCustomizeCacheManager: queryCache name: sys.cache.common_customize_cache18017 param: Bundle[{SETTING=BLOCK, BUSINESS=NCT-DATA}]
07-28 20:33:37.870  4931  4931 V OplusCustomizeCacheManager: queryCache name: sys.cache.common_customize_cache18016 param: null
07-28 20:33:37.870  4931  4931 V OplusCustomizeCacheManager: queryCache name: sys.cache.common_customize_cache18013 param: null
07-28 20:33:37.870  4931  4931 V OplusCustomizeCacheManager: queryCache name: sys.cache.common_customize_cache18014 param: null
07-28 20:33:37.870  4931  4931 V OplusCustomizeCacheManager: queryCache name: sys.cache.common_customize_cache18017 param: Bundle[{SETTING=BLOCK, BUSINESS=NCT-DATA}]
07-28 20:33:37.870  4990  4990 D QcrilMsgTunnelIfaceManager: handleMessage what = 1
07-28 20:33:37.870  4990  4990 I QcrilOemhookMsgTunnel: [0]invokeOemRilRequestRaw: serial=1007 length=16
07-28 20:33:37.871  4990  5014 I QtiOemHookAidl: oemHookRawResponse: serial no: 1007 error: 0length=1
07-28 20:33:37.871  4990  4990 D QcrilMsgTunnelIfaceManager: handleMessage what = 2
07-28 20:33:37.871  4931  5538 D QC_RIL_OEM_HOOK: sendOemRilRequestRaw returns value = 1
07-28 20:33:37.872  5124  6152 D IWlanJni: getDataRegistrationState start
07-28 20:33:37.872  5124  6178 D IWlanJni: new aidl event arrived
07-28 20:33:37.872  5124  6178 D IWlanJni: handleEvent 10
07-28 20:33:37.872  5124  6178 D IWlanJni: isThreadAttached start
07-28 20:33:37.872  5124  6178 D IWlanJni: jni detached
07-28 20:33:37.872  5124  6178 D IWlanJni: jni attached
07-28 20:33:37.872  5124  6178 D IWlanJni: getDataRegistrationStateResponse start
07-28 20:33:37.872  5124  6178 D IWlanJni: getJavaCallbackClass start
07-28 20:33:37.872  5124  6178 D IWlanJni: getJavaCallbackClass End midIs[1]
07-28 20:33:37.872  5124  6178 I IWlanAidlClient: getDataRegistrationStateResponse called
07-28 20:33:37.873  5124  6177 W IWlanNetworkService: 11 > Response Processed
07-28 20:33:37.876  5124  6152 D IWlanJni: getDataRegistrationState start
07-28 20:33:37.876  5124  6170 D IWlanJni: new aidl event arrived
07-28 20:33:37.876  5124  6170 D IWlanJni: handleEvent 10
07-28 20:33:37.876  5124  6170 D IWlanJni: isThreadAttached start
07-28 20:33:37.876  5124  6170 D IWlanJni: jni detached
07-28 20:33:37.876  5124  6170 D IWlanJni: jni attached
07-28 20:33:37.876  5124  6170 D IWlanJni: getDataRegistrationStateResponse start
07-28 20:33:37.876  5124  6170 D IWlanJni: getJavaCallbackClass start
07-28 20:33:37.876  5124  6170 D IWlanJni: getJavaCallbackClass End midIs[1]
07-28 20:33:37.876  5124  6170 I IWlanAidlClient: getDataRegistrationStateResponse called
07-28 20:33:37.876  5124  6169 W IWlanNetworkService: 12 > Response Processed
07-28 20:33:37.877  4990  4990 D DeviceStatisticsService: onReceive: action= org.codeaurora.intent.action.RADIO_POWER_STATE
07-28 20:33:37.877  4990  4990 I DeviceStatisticsService: Receiving radio_power_state_changed, mIsDeviceInfoInitialized = true
07-28 20:33:37.877  4990  4990 I DeviceStatisticsService: radio power state changed to 1 for slot: 1
07-28 20:33:37.878  5124  6152 D IWlanJni: getDataRegistrationState start
07-28 20:33:37.878  4931  4931 D QC_RIL_OEM_HOOK: Received Broadcast Intent ACTION_UNSOL_RESPONSE_OEM_HOOK_RAW
07-28 20:33:37.878  4931  4931 D QC_RIL_OEM_HOOK: Received Broadcast Intent ACTION_UNSOL_RESPONSE_OEM_HOOK_RAW
07-28 20:33:37.878  4931  4931 D QC_RIL_OEM_HOOK: Received Broadcast Intent ACTION_UNSOL_RESPONSE_OEM_HOOK_RAW
07-28 20:33:37.878  4931  4931 D OplusPowerUpOptimizationImpl: onReceive: org.codeaurora.intent.action.RADIO_POWER_STATE
07-28 20:33:37.878  5124  6178 D IWlanJni: new aidl event arrived
07-28 20:33:37.878  4931  5641 D OplusPowerUpOptimizationImpl: handleMessage what = 6
07-28 20:33:37.878  5124  6178 D IWlanJni: handleEvent 10
07-28 20:33:37.878  4931  5641 D OplusPowerUpOptimizationImpl: radio is available for slot: 0
07-28 20:33:37.878  5124  6178 D IWlanJni: isThreadAttached start
07-28 20:33:37.878  4931  5641 D OplusPowerUpOptimizationImpl: trySendPhoneReady for slot: 0
07-28 20:33:37.878  5124  6178 D IWlanJni: jni detached
07-28 20:33:37.878  4931  5641 D OplusPowerUpOptimizationImpl: Not sending ATEL ready: States: [0: {true, true, true, true}]
07-28 20:33:37.878  5124  6178 D IWlanJni: jni attached
07-28 20:33:37.878  5124  6178 D IWlanJni: getDataRegistrationStateResponse start
07-28 20:33:37.878  5124  6178 D IWlanJni: getJavaCallbackClass start
07-28 20:33:37.878  5124  6178 D IWlanJni: getJavaCallbackClass End midIs[1]
07-28 20:33:37.878  5124  6178 I IWlanAidlClient: getDataRegistrationStateResponse called
07-28 20:33:37.879  5124  6177 W IWlanNetworkService: 13 > Response Processed
07-28 20:33:37.879  4931  4931 D CiWlanNotificationReceiver: ACTION_RADIO_POWER_STATE_CHANGED
07-28 20:33:37.881  4931  4946 W System  : A resource failed to call AbstractCursor.close. 
07-28 20:33:37.881  4931  4946 W System  : A resource failed to call AbstractCursor.close. 
07-28 20:33:37.881  4931  4946 W System  : A resource failed to call AbstractCursor.close. 
07-28 20:33:37.881  3453  4598 D CmccSliceManagerService: ACTION_DDS_SWITCH_DONE
07-28 20:33:37.882  3453  4503 V NetworkPolicy: updateNotificationsNL not process
07-28 20:33:37.882  5001  5772 D CellularEvent: onActiveDataSubscriptionIdChanged sub id:1
07-28 20:33:37.882  4840  4840 I KeyguardUpdateMonitor: refreshSimState, changed:false,subId:1,slotId:0,state:5
07-28 20:33:37.882  5124  5124 D QCNEJ/WwanInfoRelay: onActiveSubscriptionsChanged activeCurrDDSId: 1 new DDS 1
07-28 20:33:37.882  4840  5215 I SystemUi--QuickSettings: Tile.OplusCellularTile-->updateCarrierText: dialog not showing, ignore
07-28 20:33:37.882  5124  5124 D QCNEJ/WwanInfoRelay: onActiveSubscriptionsChanged activeCurrDDSId: 1 new DDS 1
07-28 20:33:37.882  4840  5215 D SimStateHelper: slot:0, lock state:Bundle[mParcelledData.dataSize=56]
07-28 20:33:37.882  4840  5215 D SimStateHelper: slot:1, lock state:Bundle[mParcelledData.dataSize=56]
07-28 20:33:37.882  3453  4598 D CmccSliceManagerService: cleanUpAndRestartSlice
07-28 20:33:37.882  3453  4598 D CmccSliceManagerService: cleanUpSlice
07-28 20:33:37.882  3453  4598 D CmccSliceManagerService: cleanUpSlice qcom
07-28 20:33:37.882  4840  5215 D SimStateHelper: needDisableMenu: slot1State=-1; slot2State=-1
07-28 20:33:37.882  4840  5215 D SimStateHelper: needDisableMenu:false
07-28 20:33:37.882  3453  4598 D CmccSliceManagerService: getDefaultDataSlotId0, subid: 1
07-28 20:33:37.883  3453  4598 E ActivityThread: Failed to find provider info for com.cmccslice.proxyapp.provider
07-28 20:33:37.883  3453  4598 D CmccSliceManagerService: loadUrsp qcomCursor=null, count=-1, slotId=0
07-28 20:33:37.883  3453  4598 D CmccSliceManagerService: loadUrsp: qcomCursor=[]
07-28 20:33:37.883  3453  4598 D CmccSliceManagerService: isFeatureEnable , rus : false Feature : false
07-28 20:33:37.883  3453  4598 D CmccSliceManagerService: requestSliceNetwork: feature not enabled
07-28 20:33:37.883  3453  4598 D CmccSliceManagerService: cleanUpAndRestartSlice qcom
07-28 20:33:37.884  1832  4468 I sensors-hal: handle_oplus_wise_rgb_event:189, high_pwm_light:lux 275.2,cct 3629.3,brl/algo/ir 1443.0/2.0/17.3,pwm/dc 0.0/0.0,rgbc 21229.230469/13369.541992/6150.617188/39448.238281,ts 59603827806,cnt 830,flag 163
07-28 20:33:37.885  4840  5215 I SystemUi--QuickSettings: Tile.OplusCellularTile-->updateCarrierText: dialog not showing, ignore
07-28 20:33:37.885  4840  5215 D SimStateHelper: slot:0, lock state:Bundle[mParcelledData.dataSize=56]
07-28 20:33:37.885  4840  5215 D SimStateHelper: slot:1, lock state:Bundle[mParcelledData.dataSize=56]
07-28 20:33:37.885  4840  5215 D SimStateHelper: needDisableMenu: slot1State=-1; slot2State=-1
07-28 20:33:37.885  4840  5215 D SimStateHelper: needDisableMenu:false
07-28 20:33:37.885  4931  4931 D ServiceStateProvider: subId=1
07-28 20:33:37.885  1917  4461 I Dpps    : LtmSwState::SetParameter():144 ignore cmd 7 in state LtmOffState
07-28 20:33:37.886  3453  4657 V SettingsProvider: deleteSystemSetting(OPLUS_SLA_LAST_MCC, 0)
07-28 20:33:37.886  5045  9697 D txpwrJni: new aidl event arrived
07-28 20:33:37.886  3453  4225 W BestClock: java.time.DateTimeException: Missing network time fix
07-28 20:33:37.886  5098  5098 I QImsService: OplusPhoneStateTracker : onServiceStateChanged
07-28 20:33:37.886  3453  4657 D SettingsProvider: delete system settings OPLUS_****_MCC pkg is  android user id is 0
07-28 20:33:37.887  5098  5098 I QImsService: OplusPhoneStateTracker : onServiceStateChanged
07-28 20:33:37.887  3453  5250 W ContextImpl: Calling a method in the system process without a qualified user: android.app.ContextImpl.sendBroadcastMultiplePermissions:1311 android.content.Context.sendBroadcastMultiplePermissions:2524 com.android.server.TelephonyRegistry.broadcastServiceStateChanged:3740 com.android.server.TelephonyRegistry.notifyServiceStateForPhoneId:1787 com.android.internal.telephony.ITelephonyRegistry$Stub.onTransact:546 
07-28 20:33:37.887  5045  9697 D txpwrJni: handleEvent 1
07-28 20:33:37.887  5045  9697 D txpwrJni: isThreadAttached start
07-28 20:33:37.887  5045  9697 D txpwrJni: jni detached
07-28 20:33:37.887  5001  5772 D T-Recommend: onPreHandleMessage 1000
07-28 20:33:37.887  5001  5772 E CellularEvent: nri null ps
07-28 20:33:37.888  5001  5772 E CellularEvent: invalid nri
07-28 20:33:37.888  5001  5772 D T-Recommend: onPostHandleMessage 1000
07-28 20:33:37.888  3453  5250 W ContextImpl: Calling a method in the system process without a qualified user: android.app.ContextImpl.sendBroadcastMultiplePermissions:1344 com.android.server.TelephonyRegistry.broadcastServiceStateChanged:3745 com.android.server.TelephonyRegistry.notifyServiceStateForPhoneId:1787 com.android.internal.telephony.ITelephonyRegistry$Stub.onTransact:546 android.os.Binder.execTransactInternal:1523 
07-28 20:33:37.888  5045  9697 D txpwrJni: jni attached
07-28 20:33:37.888  5045  9697 D txpwrJni: getRadioStatus start
07-28 20:33:37.888  5045  9697 D txpwrJni: getJavaCallbackClass start
07-28 20:33:37.888  5045  9697 D txpwrJni: getJavaCallbackClass End midIs[1]
07-28 20:33:37.888  5045  9697 D txpwrJni: handleEvent 1
07-28 20:33:37.888  5045  9697 D txpwrJni: isThreadAttached start
07-28 20:33:37.888  5045  9697 D txpwrJni: jni detached
07-28 20:33:37.888  5045  9697 D txpwrJni: jni attached
07-28 20:33:37.888  5045  9697 D txpwrJni: getRadioStatus start
07-28 20:33:37.888  5045  9697 D txpwrJni: getJavaCallbackClass start
07-28 20:33:37.888  5045  9697 D txpwrJni: getJavaCallbackClass End midIs[1]
07-28 20:33:37.888  5045  9697 D txpwrJni: new aidl event arrived
07-28 20:33:37.888  5163  6064 D EfsNvDumpUnit[0]: onServiceStateChanged: voice reg state: OUT_OF_SERVICE data reg state: OUT_OF_SERVICE
07-28 20:33:37.888  5163  6064 D cellularState[0]: handleMessage: E msg.what=4
07-28 20:33:37.888  5163  6064 D cellularState[0]: processMsg: DataCallingState
07-28 20:33:37.888  5163  6064 D cellularState[0]: processMsg: NetworkAttachedState
07-28 20:33:37.889  5163  6064 D cellularState[0]: processMsg: SimReadyState
07-28 20:33:37.889  5163  6064 D cellularState[0]: processMsg: DefaultState
07-28 20:33:37.889  5163  6064 E cellularState[0]:  - unhandledMessage: msg.what=4
07-28 20:33:37.889  5163  6064 D cellularState[0]: handleMessage: X
07-28 20:33:37.889  5001  5787 D OplusSubWaySlowRecovery: getPreferSubId return 1
07-28 20:33:37.889  5001  5779 D NAS-CallIssueDetector: onServiceStateChanged
07-28 20:33:37.889  5001  5779 D OplusCiwlanController: [vodata] processServiceStateChanged  phoneid = 0, original roaming type = -1,roaming type = 0
07-28 20:33:37.889  4840  5265 I SystemUi--Statusbar: MobileConnectionRepositoryImpl-->subId:1 isSoftSimCard:false slotId:0
07-28 20:33:37.889  5045  8908 D txpwrJni: sendRadioStatus start
07-28 20:33:37.889  5001  5779 D OplusCiwlanController: [vodata] processServiceStateChanged  phoneid = 1, original roaming type = -1,roaming type = 0
07-28 20:33:37.889  3453  5250 W ContextImpl: Calling a method in the system process without a qualified user: android.app.ContextImpl.sendBroadcastMultiplePermissions:1344 com.android.server.TelephonyRegistry.broadcastServiceStateChanged:3754 com.android.server.TelephonyRegistry.notifyServiceStateForPhoneId:1787 com.android.internal.telephony.ITelephonyRegistry$Stub.onTransact:546 android.os.Binder.execTransactInternal:1523 
07-28 20:33:37.889  5045  8908 D txpwrJni: sendRadioStatus start
07-28 20:33:37.889  3453  4225 W BestClock: java.time.DateTimeException: Missing network time fix
07-28 20:33:37.889  5001  5776 D OplusLinkBoostCommon: dds servicestate change
07-28 20:33:37.890  3453  5250 W ContextImpl: Calling a method in the system process without a qualified user: android.app.ContextImpl.sendBroadcastMultiplePermissions:1344 com.android.server.TelephonyRegistry.broadcastServiceStateChanged:3760 com.android.server.TelephonyRegistry.notifyServiceStateForPhoneId:1787 com.android.internal.telephony.ITelephonyRegistry$Stub.onTransact:546 android.os.Binder.execTransactInternal:1523 
07-28 20:33:37.890  5001  5787 D SaDataFailRecovery/0: current is not in service,reset alarm
07-28 20:33:37.890  3453  4657 W OplusSlaManager: updateMCC curMCC empty!
07-28 20:33:37.890  5001  5787 D OplusScanQrCodeRecoveryImpl: msg.what=3
07-28 20:33:37.890  5163  5163 D SubsysEventListenerManager-SubsysTelephonyCallback[0]: onServiceStateChanged
07-28 20:33:37.890  5163  5163 D ChinaRoamingControl: registTelephonyEvent onServiceStateChanged eventId:5, VoiceRegState:1, DataRegState:1
07-28 20:33:37.890  5163  5163 D QuickChangeAirplaneModeEvent: onServiceStateChanged slotId:0
07-28 20:33:37.891  5163  5163 D QuickChangeAirplaneModeEvent: isBothCardInService is false
07-28 20:33:37.891  5163  5163 D MsimSubModeManager: registTelephonyEvent onServiceStateChanged eventId:3, VoiceRegState:1, DataRegState:1
07-28 20:33:37.891  5163  5163 E ExtremeCommUtils: getSwitchRusSupportMcc invalid index 1
07-28 20:33:37.891  5163  5163 D ExtremeCommUtils: isSupporCheck rusContain:false,propContain(persist.sys.oplus.support_hyper_uplink_mcc):false
07-28 20:33:37.891  5163  5163 D ExtremeCommService: handleServiceStateChanged mcc is null
07-28 20:33:37.891  5163  5163 D ChinaRoamingControl: handleMessage what:5
07-28 20:33:37.891  5163  5163 D MsimSubModeManager: handleMessage what:3
07-28 20:33:37.891  5163  5163 D MsimSubModeManager: getMsimSimServiceIn() i:0,mServiceState:1
07-28 20:33:37.891  5163  5163 D MsimSubModeManager: getMsimSimServiceIn() i:1,mServiceState:1
07-28 20:33:37.891  4840  5666 V OplusCustomizeCacheManager: queryCache name: sys.cache.common_customize_cache18014 param: null
07-28 20:33:37.891  4840  5666 V OplusCustomizeCacheManager: queryCache name: sys.cache.common_customize_cache18017 param: Bundle[{SETTING=BLOCK, BUSINESS=NCT-DATA}]
07-28 20:33:37.891  4840  5666 V OplusCustomizeCacheManager: queryCache name: sys.cache.common_customize_cache18013 param: null
07-28 20:33:37.892  3453  3679 D LocationManagerService: passive provider added registration from 1000/android[CountryDetector]/1CE2E1A6 -> Request[PASSIVE, minUpdateInterval=0, WorkSource{1000 android}] permissionLevel: 2 permitted: true
07-28 20:33:37.892  5909  5909 D CellBroadcastReceiver: onReceive Intent { act=android.intent.action.SERVICE_STATE flg=0x1000010 cmp=com.android.cellbroadcastreceiver.module/com.android.cellbroadcastreceiver.CellBroadcastReceiver (has extras) }
07-28 20:33:37.892  5909  5909 D CellBroadcastReceiver: onServiceStateChanged, ss: 1
07-28 20:33:37.892  5909  5909 D CellBroadcastReceiver: networkOperator: 
07-28 20:33:37.893  3453  5223 W ContextImpl: Calling a method in the system process without a qualified user: android.app.ContextImpl.sendBroadcastMultiplePermissions:1311 android.content.Context.sendBroadcastMultiplePermissions:2524 com.android.server.TelephonyRegistry.broadcastServiceStateChanged:3740 com.android.server.TelephonyRegistry.notifyServiceStateForPhoneId:1787 com.android.internal.telephony.ITelephonyRegistry$Stub.onTransact:546 
07-28 20:33:37.893  5909  5909 D CellBroadcastReceiver: mockmodem is running? = false
07-28 20:33:37.893  5909  5909 D CellBroadcastReceiver: Start Cell Broadcast configuration for intent=ACTION_ENABLE_CHANNELS
07-28 20:33:37.893  4931  4931 D OplusPowerUpOptimizationImpl: onReceive: org.codeaurora.intent.action.RADIO_POWER_STATE
07-28 20:33:37.893  4931  5641 D OplusPowerUpOptimizationImpl: handleMessage what = 6
07-28 20:33:37.893  4931  5641 D OplusPowerUpOptimizationImpl: radio is available for slot: 1
07-28 20:33:37.893  3453  5223 W ContextImpl: Calling a method in the system process without a qualified user: android.app.ContextImpl.sendBroadcastMultiplePermissions:1344 com.android.server.TelephonyRegistry.broadcastServiceStateChanged:3745 com.android.server.TelephonyRegistry.notifyServiceStateForPhoneId:1787 com.android.internal.telephony.ITelephonyRegistry$Stub.onTransact:546 android.os.Binder.execTransactInternal:1523 
07-28 20:33:37.893  4931  5641 D OplusPowerUpOptimizationImpl: trySendPhoneReady for slot: 1
07-28 20:33:37.893  4931  5641 D OplusPowerUpOptimizationImpl: Not sending ATEL ready: States: [1: {true, true, true, true}]
07-28 20:33:37.894  3453  5223 W ContextImpl: Calling a method in the system process without a qualified user: android.app.ContextImpl.sendBroadcastMultiplePermissions:1344 com.android.server.TelephonyRegistry.broadcastServiceStateChanged:3754 com.android.server.TelephonyRegistry.notifyServiceStateForPhoneId:1787 com.android.internal.telephony.ITelephonyRegistry$Stub.onTransact:546 android.os.Binder.execTransactInternal:1523 
07-28 20:33:37.894  4931  4931 D CiWlanNotificationReceiver: ACTION_RADIO_POWER_STATE_CHANGED
07-28 20:33:37.894  3453  4505 D WifiNative: onSetCountryCodeSucceeded: US
07-28 20:33:37.894  3453  4505 I WifiCountryCode: Receive onSetCountryCodeSucceeded US
07-28 20:33:37.894  3453  5223 W ContextImpl: Calling a method in the system process without a qualified user: android.app.ContextImpl.sendBroadcastMultiplePermissions:1344 com.android.server.TelephonyRegistry.broadcastServiceStateChanged:3760 com.android.server.TelephonyRegistry.notifyServiceStateForPhoneId:1787 com.android.internal.telephony.ITelephonyRegistry$Stub.onTransact:546 android.os.Binder.execTransactInternal:1523 
07-28 20:33:37.894  3453  4505 I WifiNl80211Manager: Receive country code change to US
07-28 20:33:37.894  3453  4505 D WifiScanRequestProxy: Sending scan available broadcast: true
07-28 20:33:37.894  3453  5230 W BestClock: java.time.DateTimeException: Missing network time fix
07-28 20:33:37.895  4931  4931 D Telephony: isEmergencyPreferredAccount: subId=1, activeData=1
07-28 20:33:37.895  4931  4931 D Telephony: isEmergencyPreferredAccount: Device does not require preference.
07-28 20:33:37.895  4931  4931 D InternationalRoamingNotification: init
07-28 20:33:37.895  2762  2762 I wificond: Receive notifyCountryCodeChanged
07-28 20:33:37.895  2762  2762 I wificond: UpdateBandInfo
07-28 20:33:37.895  5163  5199 D VirtualCommService2: isSupport. true, true
07-28 20:33:37.895  4931  4931 D OplusVirtualCommUtils: isVirtualCommSupport, vRet: true
07-28 20:33:37.895  4931  4931 I OplusVirtualCommUtils: getVirtualCommDeviceType, vRet: 1
07-28 20:33:37.895  4931  4931 I OplusVirtualCommUtils: isConsumerDeviceType, deviceType: 1
07-28 20:33:37.895  3453  3539 W BestClock: java.time.DateTimeException: Missing network time fix
07-28 20:33:37.895  3453  4510 I WifiScanningService: Received a request to enable scanning, UID = 1000
07-28 20:33:37.895  3453  4510 I WifiScanningService: scanner impls already exists
07-28 20:33:37.895  3453  4510 E WifiScanningService: wifi driver loaded received while already loaded
07-28 20:33:37.895  4840  5666 V OplusCustomizeCacheManager: queryCache name: sys.cache.common_customize_cache18014 param: null
07-28 20:33:37.895  4931  4931 D InternationalRoamingNotification: do not createRoamingNotification for invalid Network
07-28 20:33:37.895  4840  5666 V OplusCustomizeCacheManager: queryCache name: sys.cache.common_customize_cache18017 param: Bundle[{SETTING=BLOCK, BUSINESS=NCT-DATA}]
07-28 20:33:37.895  4840  5666 V OplusCustomizeCacheManager: queryCache name: sys.cache.common_customize_cache18013 param: null
07-28 20:33:37.896  4931  4931 I Telephony: y0: onServiceStateChanged: newState=1, mServiceState=3
07-28 20:33:37.897  4931  4931 I Telephony: isRttCurrentlySupported -- regular acct, hasVoiceAvailability: false
07-28 20:33:37.897  4931  4931 I Telephony:  isRttSupported: false
07-28 20:33:37.897  4931  4931 I Telephony:  isUserRttSettingOn: false
07-28 20:33:37.897  4931  4931 I Telephony:  alwaysAllowWhileRoaming: false
07-28 20:33:37.897  4931  4931 I Telephony:  isRoaming: false
07-28 20:33:37.897  4931  4931 I Telephony:  isOnWfc: false
07-28 20:33:37.897  3453  4505 I WifiScanRequestProxy: Scanning is enabled
07-28 20:33:37.897  3453  4505 I WifiScanRequestProxy: Scanning for hidden networks is disabled
07-28 20:33:37.897  2762  2762 I wificond: 2.4Ghz frequencies: 2412 2417 2422 2427 2432 2437 2442 2447 2452 2457 2462
07-28 20:33:37.897  2762  2762 I wificond: 5Ghz non-DFS frequencies: 5180 5200 5220 5240 5745 5765 5785 5805 5825
07-28 20:33:37.897  2762  2762 I wificond: 5Ghz DFS frequencies: 5260 5280 5300 5320 5500 5520 5540 5560 5580 5600 5620 5640 5660 5680 5700
07-28 20:33:37.897  2762  2762 I wificond: 6Ghz frequencies:
07-28 20:33:37.897  2762  2762 I wificond: 60Ghz frequencies:
07-28 20:33:37.897  3453  5250 W BestClock: java.time.DateTimeException: Missing network time fix
07-28 20:33:37.897  3453  4505 D WakeupController: start()
07-28 20:33:37.897  3453  4514 D ConnectivityService: unregister offer from providerId 5 : NetworkOffer [ Provider Id (5) Score(Policies : YIELD_TO_BAD_WIFI&TRANSPORT_PRIMARY&EVER_EVALUATED&IS_UNMETERED&EVER_VALIDATED&IS_VALIDATED ; KeepConnected : 0) Caps [ Transports: CELLULAR|SATELLITE Capabilities: MMS&SUPL&DUN&FOTA&IMS&CBS&IA&RCS&XCAP&EIMS&INTERNET&NOT_RESTRICTED&TRUSTED&NOT_VPN&MCX&NOT_VCN_MANAGED&ENTERPRISE&VSIM&BIP&MMTEL&PRIORITIZE_LATENCY&PRIORITIZE_BANDWIDTH&NOT_BANDWIDTH_CONSTRAINED Specifier: <TelephonyNetworkSpecifier [mSubId = 1]> EnterpriseId: 1&2&3&4&5 UnderlyingNetworks: Null] Needed by [138, 157, 9, 161, 159, 275, 186, 193, 86, 142, 42, 174, 48, 177, 271, 269, 165, 90, 237, 183, 102, 30, 228, 1, 198, 50, 221, 62, 243, 73, 262, 281, 38, 108, 224, 44, 58, 180, 190, 24, 66, 144, 163, 210, 266, 92, 201, 15, 277, 170, 7, 273, 52, 136, 151, 239, 34, 208, 46, 147, 32, 134, 84, 18, 64, 196, 226, 167, 253, 28, 250, 98, 106, 279, 260, 235, 36, 247, 79, 258, 40, 56, 231, 153, 132, 188, 219, 172, 26]]
07-28 20:33:37.898  3453  5230 W BestClock: java.time.DateTimeException: Missing network time fix
07-28 20:33:37.898  4840  4840 I KeyguardUpdateMonitor: action=android.intent.action.SERVICE_STATE subId=1 slotId=0
07-28 20:33:37.898  4840  5666 V OplusCustomizeCacheManager: queryCache name: sys.cache.common_customize_cache18014 param: null
07-28 20:33:37.898  4840  5666 V OplusCustomizeCacheManager: queryCache name: sys.cache.common_customize_cache18017 param: Bundle[{SETTING=BLOCK, BUSINESS=NCT-DATA}]
07-28 20:33:37.898  4840  5666 V OplusCustomizeCacheManager: queryCache name: sys.cache.common_customize_cache18013 param: null
07-28 20:33:37.898  4840  5215 I SystemUi--QuickSettings: Tile.OplusCellularTile-->updateCarrierText: dialog not showing, ignore
07-28 20:33:37.898  4840  4840 I KeyguardUpdateMonitor: action=android.intent.action.SERVICE_STATE subId=-1 slotId=1
07-28 20:33:37.898  6650  6650 I OsAgent : onReceive: android.net.wifi.action.WIFI_SCAN_AVAILABILITY_CHANGED
07-28 20:33:37.899  4840  4840 W KeyguardUpdateMonitorLog: invalid subId in handleServiceStateChange()
07-28 20:33:37.899  3453  4514 D ConnectivityService: update offer from providerId 5 new : NetworkOffer [ Provider Id (5) Score(Policies : YIELD_TO_BAD_WIFI&TRANSPORT_PRIMARY&EVER_EVALUATED&IS_UNMETERED&EVER_VALIDATED&IS_VALIDATED ; KeepConnected : 0) Caps [ Transports: CELLULAR|SATELLITE Capabilities: MMS&SUPL&DUN&FOTA&IMS&CBS&IA&RCS&XCAP&EIMS&INTERNET&NOT_RESTRICTED&TRUSTED&NOT_VPN&MCX&NOT_VCN_MANAGED&ENTERPRISE&VSIM&BIP&MMTEL&PRIORITIZE_LATENCY&PRIORITIZE_BANDWIDTH&NOT_BANDWIDTH_CONSTRAINED Specifier: <TelephonyNetworkSpecifier [mSubId = 1]> EnterpriseId: 1&2&3&4&5 UnderlyingNetworks: Null] Needed by [138, 157, 9, 161, 159, 275, 186, 193, 86, 142, 42, 174, 48, 177, 271, 269, 165, 90, 237, 183, 102, 30, 228, 1, 198, 50, 221, 62, 243, 73, 262, 281, 38, 108, 224, 44, 58, 180, 190, 24, 66, 144, 163, 210, 266, 92, 201, 15, 277, 170, 7, 273, 52, 136, 151, 239, 34, 208, 46, 147, 32, 134, 84, 18, 64, 196, 226, 167, 253, 28, 250, 98, 106, 279, 260, 235, 36, 247, 79, 258, 40, 56, 231, 153, 132, 188, 219, 172, 26]]
07-28 20:33:37.899  4840  5215 D SimStateHelper: slot:0, lock state:Bundle[mParcelledData.dataSize=56]
07-28 20:33:37.899  4840  5215 D SimStateHelper: slot:1, lock state:Bundle[mParcelledData.dataSize=56]
07-28 20:33:37.899  4840  5215 D SimStateHelper: needDisableMenu: slot1State=-1; slot2State=-1
07-28 20:33:37.899  4840  5215 D SimStateHelper: needDisableMenu:false
07-28 20:33:37.899  4840  5215 I SystemUi--QuickSettings: Tile.OplusCellularTile-->updateCarrierText: dialog not showing, ignore
07-28 20:33:37.899  5163  5163 D SubsysEventListenerManager-SubsysTelephonyCallback[0]: onSignalStrengthsChanged
07-28 20:33:37.899  3453  4514 D ConnectivityService: unregister offer from providerId 6 : NetworkOffer [ Provider Id (6) Score(Policies : YIELD_TO_BAD_WIFI&EVER_EVALUATED&IS_UNMETERED&EVER_VALIDATED&IS_VALIDATED ; KeepConnected : 0) Caps [ Transports: CELLULAR|SATELLITE Capabilities: MMS&SUPL&DUN&FOTA&IMS&CBS&IA&RCS&XCAP&EIMS&INTERNET&NOT_RESTRICTED&TRUSTED&NOT_VPN&MCX&NOT_VCN_MANAGED&ENTERPRISE&VSIM&BIP&MMTEL&PRIORITIZE_LATENCY&PRIORITIZE_BANDWIDTH&NOT_BANDWIDTH_CONSTRAINED Specifier: <TelephonyNetworkSpecifier [mSubId = -1]> EnterpriseId: 1&2&3&4&5 UnderlyingNetworks: Null] Needed by [138, 157, 9, 161, 159, 275, 186, 193, 86, 142, 42, 174, 48, 177, 271, 269, 165, 90, 237, 183, 102, 30, 228, 1, 198, 50, 221, 62, 243, 73, 262, 281, 38, 108, 224, 44, 58, 180, 190, 24, 66, 144, 163, 210, 266, 92, 201, 15, 277, 170, 7, 273, 52, 136, 151, 239, 34, 208, 46, 147, 32, 134, 84, 18, 64, 196, 226, 167, 253, 28, 250, 98, 106, 279, 260, 235, 36, 247, 79, 258, 40, 56, 231, 153, 132, 188, 219, 172, 26]]
07-28 20:33:37.899  4840  5215 D SimStateHelper: slot:0, lock state:Bundle[mParcelledData.dataSize=56]
07-28 20:33:37.899  3453  4514 D ConnectivityService: update offer from providerId 6 new : NetworkOffer [ Provider Id (6) Score(Policies : YIELD_TO_BAD_WIFI&EVER_EVALUATED&IS_UNMETERED&EVER_VALIDATED&IS_VALIDATED ; KeepConnected : 0) Caps [ Transports: CELLULAR|SATELLITE Capabilities: MMS&SUPL&DUN&FOTA&IMS&CBS&IA&RCS&XCAP&EIMS&INTERNET&NOT_RESTRICTED&TRUSTED&NOT_VPN&MCX&NOT_VCN_MANAGED&ENTERPRISE&VSIM&BIP&MMTEL&PRIORITIZE_LATENCY&PRIORITIZE_BANDWIDTH&NOT_BANDWIDTH_CONSTRAINED Specifier: <TelephonyNetworkSpecifier [mSubId = -1]> EnterpriseId: 1&2&3&4&5 UnderlyingNetworks: Null] Needed by [138, 157, 9, 161, 159, 275, 186, 193, 86, 142, 42, 174, 48, 177, 271, 269, 165, 90, 237, 183, 102, 30, 228, 1, 198, 50, 221, 62, 243, 73, 262, 281, 38, 108, 224, 44, 58, 180, 190, 24, 66, 144, 163, 210, 266, 92, 201, 15, 277, 170, 7, 273, 52, 136, 151, 239, 34, 208, 46, 147, 32, 134, 84, 18, 64, 196, 226, 167, 253, 28, 250, 98, 106, 279, 260, 235, 36, 247, 79, 258, 40, 56, 231, 153, 132, 188, 219, 172, 26]]
07-28 20:33:37.899  3453  3453 D OplusWifiBroadCastDispatcher: mBroadcastReceiver: onReceiver  action=android.net.wifi.action.WIFI_SCAN_AVAILABILITY_CHANGED
07-28 20:33:37.899  4840  5215 D SimStateHelper: slot:1, lock state:Bundle[mParcelledData.dataSize=56]
07-28 20:33:37.899  4840  5215 D SimStateHelper: needDisableMenu: slot1State=-1; slot2State=-1
07-28 20:33:37.899  4840  5215 D SimStateHelper: needDisableMenu:false
07-28 20:33:37.899  4840  5215 I SystemUi--QuickSettings: Tile.OplusCellularTile-->updateCarrierText: dialog not showing, ignore
07-28 20:33:37.899  3453  4505 E WifiStaIfaceAidlImpl: setScanMode failed with service-specific exception: android.os.ServiceSpecificException:  (code 4)
07-28 20:33:37.899  3453  4625 D OplusWifiPower_ConnLpmEventObsever: onReceive EXTRA_SCAN_AVAILABLE availabe = true
07-28 20:33:37.899  4840  5215 D SimStateHelper: slot:0, lock state:Bundle[mParcelledData.dataSize=56]
07-28 20:33:37.899  3453  4625 D OplusWifiPowerService: onReceive action:android.net.wifi.action.WIFI_SCAN_AVAILABILITY_CHANGED
07-28 20:33:37.899  3453  4625 D OplusWifiSwitchStateMonitor: scan settings change to true
07-28 20:33:37.899  4840  5063 I SystemUi--Statusbar: NetworkController.WifiSignalController-->wifi Broadcast action = android.telephony.action.SERVICE_PROVIDERS_UPDATED state=1 enabled=false connected=false isDefaultNetwork=false rssi=0 level=0 statusLabel = null isDirty = false
07-28 20:33:37.899  3453  4505 I WifiService: Receive onDriverCountryCodeChanged to US, update available channel list
07-28 20:33:37.899  4840  5215 D SimStateHelper: slot:1, lock state:Bundle[mParcelledData.dataSize=56]
07-28 20:33:37.899  4840  5215 D SimStateHelper: needDisableMenu: slot1State=-1; slot2State=-1
07-28 20:33:37.899  4840  5215 D SimStateHelper: needDisableMenu:false
07-28 20:33:37.899  6650  8098 I OsAgent : updateWiFiScanAvailState, scanAvailable: true
07-28 20:33:37.899  5909  5909 D CellBroadcastReceiver: onReceive Intent { act=android.intent.action.SERVICE_STATE flg=0x1000010 cmp=com.android.cellbroadcastreceiver.module/com.android.cellbroadcastreceiver.CellBroadcastReceiver (has extras) }
07-28 20:33:37.900  5909  5909 D CellBroadcastReceiver: onServiceStateChanged, ss: 1
07-28 20:33:37.900  5909  5909 D CellBroadcastReceiver: networkOperator: 
07-28 20:33:37.900  5909 13001 D CellBroadcastConfigService: Enable CellBroadcast on sub 1
07-28 20:33:37.900  3453  4505 E ApConfigUtil: Malformed channel value detected: java.lang.NumberFormatException: For input string: ""
07-28 20:33:37.900  4931  4931 V OplusCustomizeCacheManager: queryCache name: sys.cache.common_customize_cache18016 param: null
07-28 20:33:37.900  4931  4931 V OplusCustomizeCacheManager: queryCache name: sys.cache.common_customize_cache18013 param: null
07-28 20:33:37.900  4931  4931 V OplusCustomizeCacheManager: queryCache name: sys.cache.common_customize_cache18014 param: null
07-28 20:33:37.900  4931  4931 V OplusCustomizeCacheManager: queryCache name: sys.cache.common_customize_cache18017 param: Bundle[{SETTING=BLOCK, BUSINESS=NCT-DATA}]
07-28 20:33:37.900  4931  4931 V OplusCustomizeCacheManager: queryCache name: sys.cache.common_customize_cache18016 param: null
07-28 20:33:37.900  4931  4931 V OplusCustomizeCacheManager: queryCache name: sys.cache.common_customize_cache18013 param: null
07-28 20:33:37.900  4931  4931 V OplusCustomizeCacheManager: queryCache name: sys.cache.common_customize_cache18014 param: null
07-28 20:33:37.900  4931  4931 V OplusCustomizeCacheManager: queryCache name: sys.cache.common_customize_cache18017 param: Bundle[{SETTING=BLOCK, BUSINESS=NCT-DATA}]
07-28 20:33:37.901  3453  4505 E ApConfigUtil: Malformed channel value detected: java.lang.NumberFormatException: For input string: ""
07-28 20:33:37.901  3453  4225 W BestClock: java.time.DateTimeException: Missing network time fix
07-28 20:33:37.902  4931  4931 D OplusTelephonyController: onSignalStrengthChanged: SignalStrength=SignalStrength:{mCdma=CellSignalStrengthCdma: cdmaDbm=2147483647 cdmaEcio=2147483647 evdoDbm=2147483647 evdoEcio=2147483647 evdoSnr=2147483647 level=0,mGsm=CellSignalStrengthGsm: rssi=2147483647 ber=2147483647 mTa=2147483647 mLevel=0,mWcdma=CellSignalStrengthWcdma: ss=2147483647 ber=2147483647 rscp=2147483647 ecno=2147483647 level=0,mTdscdma=CellSignalStrengthTdscdma: rssi=2147483647 ber=2147483647 rscp=2147483647 level=0,mLte=CellSignalStrengthLte: rssi=2147483647 rsrp=2147483647 rsrq=2147483647 rssnr=2147483647 cqiTableIndex=2147483647 cqi=2147483647 ta=2147483647 level=0 parametersUseForLevel=0,mNr=CellSignalStrengthNr:{ csiRsrp = 2147483647 csiRsrq = 2147483647 csiCqiTableIndex = 2147483647 csiCqiReport = [] ssRsrp = 2147483647 ssRsrq = 2147483647 ssSinr = 2147483647 level = 0 parametersUseForLevel = 0 timingAdvance = 2147483647 },primary=CellSignalStrengthLte}
07-28 20:33:37.902  4931  4931 D InternationalRoamingNotification: init
07-28 20:33:37.902  3453  4225 W BestClock: java.time.DateTimeException: Missing network time fix
07-28 20:33:37.902  5163  5296 D VirtualCommService2: isSupport. true, true
07-28 20:33:37.902  4931  4931 D OplusVirtualCommUtils: isVirtualCommSupport, vRet: true
07-28 20:33:37.902  4931  4931 I OplusVirtualCommUtils: getVirtualCommDeviceType, vRet: 1
07-28 20:33:37.902  4931  4931 I OplusVirtualCommUtils: isConsumerDeviceType, deviceType: 1
07-28 20:33:37.902  4840  5666 V OplusCustomizeCacheManager: queryCache name: sys.cache.common_customize_cache18014 param: null
07-28 20:33:37.902  4840  5666 V OplusCustomizeCacheManager: queryCache name: sys.cache.common_customize_cache18017 param: Bundle[{SETTING=BLOCK, BUSINESS=NCT-DATA}]
07-28 20:33:37.902  4840  5666 V OplusCustomizeCacheManager: queryCache name: sys.cache.common_customize_cache18013 param: null
07-28 20:33:37.902  3453  4505 E ApConfigUtil: Malformed channel value detected: java.lang.NumberFormatException: For input string: ""
07-28 20:33:37.903  4931  4931 D InternationalRoamingNotification: do not createRoamingNotification for invalid Network
07-28 20:33:37.903  3453  4505 I WifiService: Receive onDriverCountryCodeChanged to US, update available channel list
07-28 20:33:37.903  3453  4624 D OplusSoftApManager: Support Wi-Fi6 SAP
07-28 20:33:37.903  3453  4505 E ApConfigUtil: Malformed channel value detected: java.lang.NumberFormatException: For input string: ""
07-28 20:33:37.903  5163  5163 D SubsysEventListenerManager-SubsysTelephonyCallback[0]: onCellInfoChanged
07-28 20:33:37.904  3453  4505 E ApConfigUtil: Malformed channel value detected: java.lang.NumberFormatException: For input string: ""
07-28 20:33:37.905  3453  4505 E ApConfigUtil: Malformed channel value detected: java.lang.NumberFormatException: For input string: ""
07-28 20:33:37.905  3453  4505 I WifiService: Receive onDriverCountryCodeChanged to US, update available channel list
07-28 20:33:37.905  3453  4505 E ApConfigUtil: Malformed channel value detected: java.lang.NumberFormatException: For input string: ""
07-28 20:33:37.906  3453  4505 E ApConfigUtil: Malformed channel value detected: java.lang.NumberFormatException: For input string: ""
07-28 20:33:37.906  3453  4505 E ApConfigUtil: Malformed channel value detected: java.lang.NumberFormatException: For input string: ""
07-28 20:33:37.922  1937  1982 I [UAH_CLIENT]: UahRelease, handle:43
07-28 20:33:37.927  4840  4840 I SystemUi--QuickSettings: QsLottieUtils-->getLottieAnimFile : qs/qs_airplane_lottie_active_sep_dual_light.json
07-28 20:33:37.928  4840  4840 I SystemUi--QuickSettings: TemporarilyInfoManager-->[trigger] start from show
07-28 20:33:37.929  4840  4840 I SystemUi--QuickSettings: TemporarilyInfoManager-->[getLayoutParams] translationY=102.08013, translationX=0, width=1080, height=228, isLandscape=false, parent=androidx.constraintlayout.widget.ConstraintLayout{186feb0 V.E...... ......ID 0,0-1080,2376 #7f0a09f6 app:id/qs_container_area_layout alpha=1.0 viewInfo = }
07-28 20:33:37.929  4840  4840 I SystemUi--Common: ViewExt-->[startAlongWithPosition] com.oplus.systemui.qs.base.temporarilyinfo.TemporarilyInfoManager$createViewToParent$1{1a5fca0 V.ED..... ......ID 0,0-0,0 #7f0a0cb6 app:id/temporarily_info_view alpha=0.0 viewInfo = } alongWith android.widget.RelativeLayout{a658059 V.E...... ........ 0,102-1080,222 #7f0a0a2e app:id/qs_status_bar_container_layout alpha=1.0 viewInfo = }
07-28 20:33:37.929  4840  4840 I SystemUi--QuickSettings: TemporarilyInfoManager-->[showElement] com.oplus.systemui.qs.base.temporarilyinfo.TemporarilyInfoManager$createViewToParent$1{1a5fca0 V.ED..... ......ID 0,0-0,0 #7f0a0cb6 app:id/temporarily_info_view alpha=0.0 viewInfo = } for Element(text=Airplane mode off, groupId=Airplane mode, style=InfoShowStyle(textSize=16.0, sizeUnit=2, textColor=-1, showDuration=1500, alongWithReplacedView=true))
07-28 20:33:37.930  4840  4840 I SystemUi--QuickSettings: TemporarilyInfoManager-->[animateShow] com.oplus.systemui.qs.base.temporarilyinfo.TemporarilyInfoManager$createViewToParent$1{1a5fca0 VFED..C.. ......ID 0,0-0,0 #7f0a0cb6 app:id/temporarily_info_view alpha=0.0 viewInfo = } start
07-28 20:33:37.953  4840  4840 I SystemUi--QuickSettings: QsLottieUtils-->getLottieAnimFile : qs/qs_cellular_lottie_active_sep_dual_light.json
07-28 20:33:37.967  3460  3890 D QmiClient: qmiServiceEventCallback recv msg id 1106
07-28 20:33:37.967  3460  3890 D QmiVsClient: enter - onQmiServiceEventCallback msgId 1106
07-28 20:33:37.967  3460  3494 D VsProxy : handleMessage msg is 2425
07-28 20:33:37.967  3460  3494 D VsProxy : handleServingCellInfoChangeInd for instance 0
07-28 20:33:37.967  3460  3460 D RadioServiceIndication: radioServingCellInfoInd
07-28 20:33:37.967  3460  3460 D RadioServiceIndication: radioServingCellInfoInd
07-28 20:33:37.968  5163  5296 D SubsysRadioIndication[0]: radioServingCellInfoInd
07-28 20:33:37.968  5163  5296 D SubsysRadioIndication[0]: radioServingCellInfoInd
07-28 20:33:37.968  5163  5163 D NetworkService[0]: handleMessage what:1003
07-28 20:33:37.969  5163  5163 D NetworkService[0]: handleMessage what:1003
07-28 20:33:37.970  5001  5772 D RadioEvent: onCellInfoChanged slotId=0
07-28 20:33:37.971  5001  5772 D RadioEvent: onCellInfoChanged slotId=0
07-28 20:33:37.972  3460  3894 D QmiClient: qmiServiceEventCallback recv msg id 78
07-28 20:33:37.972  3460  3894 D QmiNasClient: enter : onQmiServiceEventCallback msgId 78
07-28 20:33:37.972  3460  3894 D QmiNasClientEvent: qmiNasClientNotifySysInfoEvent lte_ims_voice_avail_valid 0
07-28 20:33:37.972  3460  3504 D NasProxy: handleMessage msg is 2101
07-28 20:33:37.972  3460  3504 D NasProxy: handleNasSysInfoEvent for instance 0
07-28 20:33:37.972  5163  5296 D SubsysRadioIndication[0]: radioNr5gFreqTypeIndication, nr5gFreqType = 0
07-28 20:33:37.972  5163  5163 D QtiCellularNetwork: handleNr5gFreqTypeChanged 0, nr5gFreqType = 0
07-28 20:33:37.974  5098  6019 I QImsService: ImsRadioIndicationAidl : onServiceDomainChanged()[SUB0]
07-28 20:33:37.974  5098  6019 I QImsService: ImsSenderRxr : [UNSL]< UNSOL_SERVICE_DOMAIN_CHANGED 0[SUB0]
07-28 20:33:37.975  5098  5098 I QImsService: ImsRegistrationController : Message received: what = 5
07-28 20:33:37.975  5098  5098 I QImsService: ImsRegistrationController : handleSrvDomainChanged
07-28 20:33:37.975  3461  3893 D QmiClient: qmiServiceEventCallback recv msg id 276
07-28 20:33:37.975  3461  3893 D QmiNasClient: enter : onQmiServiceEventCallback msgId 276
07-28 20:33:37.975  3461  3893 D QmiNasClientEvent: qmiNasClientAccessBarringStatusEvent - RADIO_EVENT_NAS_ACCESS_BARRING_STATUS_IND
07-28 20:33:37.975  3460  3894 D QmiClient: qmiServiceEventCallback recv msg id 276
07-28 20:33:37.975  3460  3894 D QmiNasClient: enter : onQmiServiceEventCallback msgId 276
07-28 20:33:37.975  3461  3490 D NasProxy: handleMessage msg is 2104
07-28 20:33:37.975  3460  3894 D QmiNasClientEvent: qmiNasClientAccessBarringStatusEvent - RADIO_EVENT_NAS_ACCESS_BARRING_STATUS_IND
07-28 20:33:37.976  3460  3504 D NasProxy: handleMessage msg is 2104
07-28 20:33:37.976  5163  5199 D SubsysRadioIndication[0]: radioNasAccessBarringStatusInd, NasAccessBarringStatusType: radioIf:12, dataBarringStatus:0, dataBarringTime:0, voiceBarringStatus:0, voiceBarringTime:0, videoBarringStatus:0, videoBarringTime:0
07-28 20:33:37.976  5163  5296 D SubsysRadioIndication[1]: radioNasAccessBarringStatusInd, NasAccessBarringStatusType: radioIf:12, dataBarringStatus:0, dataBarringTime:0, voiceBarringStatus:0, voiceBarringTime:0, videoBarringStatus:0, videoBarringTime:0
07-28 20:33:37.976  5163  5199 D SubsysRadioIndication[0]: notify enter
07-28 20:33:37.976  5163  5296 D SubsysRadioIndication[1]: notify enter
07-28 20:33:37.977  4990  5014 D QtiOemHookAidl: oemHookRawIndication length=21
07-28 20:33:37.977  4990  4990 D QcrilMsgTunnelIfaceManager: handleMessage what = 0
07-28 20:33:37.977  5124  6152 D IWlanJni: getDataRegistrationState start
07-28 20:33:37.978  4990  4990 D QC_RIL_OEM_HOOK: Received Broadcast Intent ACTION_UNSOL_RESPONSE_OEM_HOOK_RAW
07-28 20:33:37.978  5124  6170 D IWlanJni: new aidl event arrived
07-28 20:33:37.978  4931  4931 D QC_RIL_OEM_HOOK: Received Broadcast Intent ACTION_UNSOL_RESPONSE_OEM_HOOK_RAW
07-28 20:33:37.978  5124  6170 D IWlanJni: handleEvent 10
07-28 20:33:37.978  5124  6170 D IWlanJni: isThreadAttached start
07-28 20:33:37.978  5124  6170 D IWlanJni: jni detached
07-28 20:33:37.978  5124  6170 D IWlanJni: jni attached
07-28 20:33:37.978  4931  4931 D QC_RIL_OEM_HOOK: Received Broadcast Intent ACTION_UNSOL_RESPONSE_OEM_HOOK_RAW
07-28 20:33:37.978  5124  6170 D IWlanJni: getDataRegistrationStateResponse start
07-28 20:33:37.978  5124  6170 D IWlanJni: getJavaCallbackClass start
07-28 20:33:37.978  5124  6170 D IWlanJni: getJavaCallbackClass End midIs[1]
07-28 20:33:37.978  5124  6170 I IWlanAidlClient: getDataRegistrationStateResponse called
07-28 20:33:37.978  5124  6169 W IWlanNetworkService: 14 > Response Processed
07-28 20:33:37.978  4931  4931 D QC_RIL_OEM_HOOK: Received Broadcast Intent ACTION_UNSOL_RESPONSE_OEM_HOOK_RAW
07-28 20:33:37.981  5163  5163 D SubsysEventListenerManager-SubsysTelephonyCallback[0]: onSignalStrengthsChanged
07-28 20:33:37.981  4931  4931 D OplusTelephonyController: onSignalStrengthChanged: SignalStrength=SignalStrength:{mCdma=CellSignalStrengthCdma: cdmaDbm=2147483647 cdmaEcio=2147483647 evdoDbm=2147483647 evdoEcio=2147483647 evdoSnr=2147483647 level=0,mGsm=CellSignalStrengthGsm: rssi=2147483647 ber=2147483647 mTa=2147483647 mLevel=0,mWcdma=CellSignalStrengthWcdma: ss=2147483647 ber=2147483647 rscp=2147483647 ecno=2147483647 level=0,mTdscdma=CellSignalStrengthTdscdma: rssi=2147483647 ber=2147483647 rscp=2147483647 level=0,mLte=CellSignalStrengthLte: rssi=2147483647 rsrp=2147483647 rsrq=2147483647 rssnr=2147483647 cqiTableIndex=2147483647 cqi=2147483647 ta=2147483647 level=0 parametersUseForLevel=0,mNr=CellSignalStrengthNr:{ csiRsrp = 2147483647 csiRsrq = 2147483647 csiCqiTableIndex = 2147483647 csiCqiReport = [] ssRsrp = 2147483647 ssRsrq = 2147483647 ssSinr = 2147483647 level = 0 parametersUseForLevel = 0 timingAdvance = 2147483647 },primary=CellSignalStrengthLte}
07-28 20:33:37.981  5124  6152 D IWlanJni: getDataRegistrationState start
07-28 20:33:37.982  5124  6170 D IWlanJni: new aidl event arrived
07-28 20:33:37.982  5124  6170 D IWlanJni: handleEvent 10
07-28 20:33:37.982  5124  6170 D IWlanJni: isThreadAttached start
07-28 20:33:37.982  5124  6170 D IWlanJni: jni detached
07-28 20:33:37.982  5124  6170 D IWlanJni: jni attached
07-28 20:33:37.982  5124  6170 D IWlanJni: getDataRegistrationStateResponse start
07-28 20:33:37.982  5124  6170 D IWlanJni: getJavaCallbackClass start
07-28 20:33:37.982  5124  6170 D IWlanJni: getJavaCallbackClass End midIs[1]
07-28 20:33:37.982  5124  6170 I IWlanAidlClient: getDataRegistrationStateResponse called
07-28 20:33:37.982  5124  6169 W IWlanNetworkService: 15 > Response Processed
07-28 20:33:37.984  3453  3539 W BestClock: java.time.DateTimeException: Missing network time fix
07-28 20:33:37.984  3453  4225 W BestClock: java.time.DateTimeException: Missing network time fix
07-28 20:33:37.985  4840  5666 V OplusCustomizeCacheManager: queryCache name: sys.cache.common_customize_cache18014 param: null
07-28 20:33:37.985  4840  5666 V OplusCustomizeCacheManager: queryCache name: sys.cache.common_customize_cache18017 param: Bundle[{SETTING=BLOCK, BUSINESS=NCT-DATA}]
07-28 20:33:37.985  4840  5666 V OplusCustomizeCacheManager: queryCache name: sys.cache.common_customize_cache18013 param: null
07-28 20:33:37.988  4931  4931 W Settings: Setting airplane_mode_on has moved from android.provider.Settings.System to android.provider.Settings.Global, returning read-only value.
07-28 20:33:37.988  5001  5779 D NAS-CallIssueDetector: onPollCsPsRegStateChanged slotid = 0
07-28 20:33:37.988  5001  5779 D NAS-CallIssueDetector: notifyRealOosChanged
07-28 20:33:37.988  5001  5779 D OplusCiwlanController: [vodata] getSubId subid =  1
07-28 20:33:37.988  5001  5780 W BluetoothAdapterExtImpl: getBluetoothConnectionCountï¼šmOplusBluetooth null!
07-28 20:33:37.989  5001  5780 D TelephonyImpl: isRequestingMms
07-28 20:33:37.989  3453  3453 D OplusWifiBroadCastDispatcher: mBroadcastReceiver: onReceiver  action=oplus.intent.action.MCC_CHANGE
07-28 20:33:37.989  5001  5780 D TelephonyImpl: getReleaseMmsNetworkTime
07-28 20:33:37.989  5001  5779 D OplusCiwlanController: [vodata] processOosChanged  phoneid = 0,cur regstate = 1,old regstate = -1
07-28 20:33:37.989  5001  5779 D OplusCiwlanController: [vodata] getSubId subid =  -1
07-28 20:33:37.989  5001  5779 D OplusCiwlanController: [vodata] processOosChanged  phoneid = 1,cur regstate = 1,old regstate = -1
07-28 20:33:37.989  4681  4809 D CNGmsControlService: receive:oplus.intent.action.MCC_CHANGE
07-28 20:33:37.989  5001  5780 D OplusDdsSwitchStrategy: Md,OplusCheckFeature,RETURN_TO_CUR_ACTION_DDS
07-28 20:33:37.990  7166  7166 I 7166PAS.MccChangeReceiver_Travel: onReceive
07-28 20:33:37.991  4681  4809 D CNGmsControlService: mcc1=001 mcc2=null GmsState=2 TagWhitelistApp=true UserDisableCount=0 SettingsGmsState=1
07-28 20:33:37.992  7166  8570 D NetWorkMonitor: addNetStateListener :true
07-28 20:33:37.992  3453  3539 D ConnectivityService: requestNetwork for uid/pid:10137/7166 activeRequest: null callbackRequest: 282 [NetworkRequest [ REQUEST id=283, [ Capabilities: INTERNET&NOT_RESTRICTED&TRUSTED&NOT_VCN_MANAGED&NOT_BANDWIDTH_CONSTRAINED Uid: 10137 RequestorUid: 10137 RequestorPkg: com.coloros.sceneservice UnderlyingNetworks: Null] ]] callback flags: 0 order: 2147483647 isUidTracked: false
07-28 20:33:37.992  7166  8570 D NetWorkMonitor: resume registerNetworkCallback
07-28 20:33:37.993  3453  4505 D WifiNetworkFactory: got request NetworkRequest [ REQUEST id=283, [ Capabilities: INTERNET&NOT_RESTRICTED&TRUSTED&NOT_VCN_MANAGED&NOT_BANDWIDTH_CONSTRAINED Uid: 10137 RequestorUid: 10137 RequestorPkg: com.coloros.sceneservice UnderlyingNetworks: Null] ]
07-28 20:33:37.993  3453  4505 D UntrustedWifiNetworkFactory: got request NetworkRequest [ REQUEST id=283, [ Capabilities: INTERNET&NOT_RESTRICTED&TRUSTED&NOT_VCN_MANAGED&NOT_BANDWIDTH_CONSTRAINED Uid: 10137 RequestorUid: 10137 RequestorPkg: com.coloros.sceneservice UnderlyingNetworks: Null] ]
07-28 20:33:37.993  3453  4505 D OemPaidWifiNetworkFactory: got request NetworkRequest [ REQUEST id=283, [ Capabilities: INTERNET&NOT_RESTRICTED&TRUSTED&NOT_VCN_MANAGED&NOT_BANDWIDTH_CONSTRAINED Uid: 10137 RequestorUid: 10137 RequestorPkg: com.coloros.sceneservice UnderlyingNetworks: Null] ]
07-28 20:33:37.993  3453  4505 D MultiInternetWifiNetworkFactory: got request NetworkRequest [ REQUEST id=283, [ Capabilities: INTERNET&NOT_RESTRICTED&TRUSTED&NOT_VCN_MANAGED&NOT_BANDWIDTH_CONSTRAINED Uid: 10137 RequestorUid: 10137 RequestorPkg: com.coloros.sceneservice UnderlyingNetworks: Null] ]
07-28 20:33:37.993  4840  5215 I SystemUi--QuickSettings: Tile.OplusCellularTile-->updateCarrierText: dialog not showing, ignore
07-28 20:33:37.993  4931  6254 D OplusNetworkFactory: got request NetworkRequest [ REQUEST id=283, [ Capabilities: INTERNET&NOT_RESTRICTED&TRUSTED&NOT_VCN_MANAGED&NOT_BANDWIDTH_CONSTRAINED Uid: 10137 RequestorUid: 10137 RequestorPkg: com.coloros.sceneservice UnderlyingNetworks: Null] ]
07-28 20:33:37.993  1832  9792 I sensors-hal: handle_sns_client_event:87, step_count_event: ts=59752312129 count 0
