07-29 15:23:50.303  4875  4875 D UXUtils : notifyUiSwitched: 1
07-29 15:23:50.304  4875  5980 I SystemUi--Keyguard: OnScreenFingerprintUiMech-->hideFingerprintIconTemporarily for reason: panel expaned ShowForEnroll false mPendingHide false
07-29 15:23:50.303  2148  7194 D DeviceHalAidl: 0xb4000079afa7e000 DeviceHalAidl::setParameters
07-29 15:23:50.304  2148  7194 D DeviceHalAidl: setParameters: parameters: "screen_state=on"
07-29 15:23:50.304  4875  4875 I SystemUi--Notification: ScrimControllerExImp-->[onQsBottomVisibleChanged] qsBottomVisible=true
07-29 15:23:50.304  4875  4875 I SystemUi--Common: PlatformBlurManagerImpl-->resumeBlur: updatePlatformBlurState(updatePanelBlurState): shouldBlur, isKeyguardVisible=false, isKeyguardFadingAway=false, isPanelVisible=true, isShadeLock=false.
07-29 15:23:50.304  4875  4875 I SystemUi--Common: PlatformBlurManagerImpl-->forceStopMotionBlur: stop=false
07-29 15:23:50.304  1896  4552 D AHAL_Module: updateScreenState: stub: 1
07-29 15:23:50.304  3312  3693 I UserAwareMgr: handleTopAppChanged: com.android.systemui, pid: 4875, uid: 10218
07-29 15:23:50.304  4875  4875 I SystemUi--Keyguard: ScrimControllerExImp-->blur State to UNLOCK, bouncer=false changeFromBouncerScrim= false runnerUnlock= false goingAway=false hasHandle=true isOccludeAnimationPlaying=false
07-29 15:23:50.304  6558  6609 E oiface  : sched_setaffinity failed
07-29 15:23:50.304  4875  4875 I SystemUi--Statusbar: PrivacyDotViewController-->scheduleUpdate: 
07-29 15:23:50.304  3312  5330 I VibratorManagerServiceExtImpl: cancelVibrate uid=1000, pid=3312, usageFilter=-15, token=86435023
07-29 15:23:50.305  4875  4875 I SystemUi--Statusbar: PrivacyDotViewController-->needShow false
07-29 15:23:50.305  4875  4875 I SystemUi--Statusbar: PrivacyDotViewController-->scheduleUpdate: 
07-29 15:23:50.305  4875  4875 I SystemUi--Notification: OplusNotificationShadeWindowControllerExImpl-->SHADE_FOCUSABLE-->mNotificationShadeFocusable= true, mPanelExpanded= false, mBouncerShowing= false, mKeyguardShowing= false, mKeyguardOccluded= false, mKeyguardNeedsInput= false, ENABLE_REMOTE_INPUT= true, mRemoteInputActive= false, layoutFlags= -2130444216
07-29 15:23:50.305  4875  4875 I SystemUi--Notification: OplusNotificationShadeWindowControllerExImpl-->SHADE_VISIBLE-->mKeyguardShowing= false, mKeyguardOccluded= false, mPanelVisible= false, mKeyguardFadingAway= false, mKeyguardGoingAway= false, mBouncerShowing= false, mScrimsVisibility= 1, mBackgroundBlurRadius= 0, mForcePluginOpen= false, mediaBackdropShowing= false, viewVisibility= true, qsBlurFraction= 0.026050793, panelBlurFraction= 0.0
07-29 15:23:50.306  2032  2091 I gameoptHal: targetfps updated 6 -- 120
07-29 15:23:50.306  4875  5177 I [UAH_CLIENT]: UahEventAcquire, cmdid:413, pkg:none, identity:OsenseHelperImpl
07-29 15:23:50.307  4875  4875 I SystemUi--QuickSettings: BackActionInteractor-->registerBackCallback true
07-29 15:23:50.307  4875  4875 I SystemUi--QuickSettings: OplusSeparateQSManager-->updateSeparateQSExpandState recomputeDisableFlags
07-29 15:23:50.307  3312  5330 D CoreBackPreview: Window{71f35ab u0 NotificationShade}: Setting back callback OnBackInvokedCallbackInfo{mCallback=android.window.IOnBackInvokedCallback$Stub$Proxy@260ae5c, mPriority=0, mIsAnimationCallback=false}
07-29 15:23:50.308  4875  4875 I SystemUi--Statusbar: CollapsedSbFragment-->New visibilities calculated internally. StatusBarVisibilityModel(showClock: false showNotificationIcons:false showOngoingActivityChip:false showSystemInfo:false ) 
07-29 15:23:50.308  4875  4875 I SystemUi--Statusbar: CollapsedStatusBarFragmentExImpl-->animate: true, unlockAnimationRunning: false, fadingAway: false, keyguard: false
07-29 15:23:50.309  4875  5794 D Tile.CustomTile.OshareTileService: refreshState: tile not listening, ignore
07-29 15:23:50.309  4875  5794 D TileStateController: bindAppWhenListening: false ComponentInfo{com.coloros.oshare/com.oplus.oshare.OshareTileService}
07-29 15:23:50.309  4875  5794 I SystemUi--QuickSettings: Tile.CustomTile.OshareTileService-->bindServiceWhenListening: false when isOplusQsTile
07-29 15:23:50.309  4875  5794 D Tile.CustomTile.OshareTileService: refreshState: tile not listening, ignore
07-29 15:23:50.309  7319  7438 I mydevices[core].ProviderCallProcessor: (binder:7319_3)method: panel_state; arg: panel_resume
07-29 15:23:50.309  4875  4875 I SystemUi--Statusbar: CollapsedStatusBarFragmentExImpl-->StatusBarVisibilityModelEx: StatusBarVisibilityModelEx(showClock: false showPromptView:false showOngoingCallChip:false showNotificationContainer:false showOperatorName:false showSeedlingContainer:false ), animate: true
07-29 15:23:50.309  7319  7438 I mydevices[core].ControlCenterManager: (binder:7319_3)onPanelShow
07-29 15:23:50.309  4875  5794 D TileStateController: setListening listening: true component: ComponentInfo{com.oplus.eyeprotect/com.oplus.eyeprotect.services.EyeProtectTileService} userContext: com.android.systemui.SystemUIApplication@3076140
07-29 15:23:50.309  4875  4875 I SystemUi--Keyguard: KeyguardRapidUnlockUtils-->composeKeyguard show=true, reason=applyVisibility_show
07-29 15:23:50.309  4875  6270 D [DevicePlugin].DataInterfaceImp.(DefaultDispatcher-worker-10): safeCall, method:getPanelDeviceList
07-29 15:23:50.309  7319  7438 I mydevices[core].ProviderCallProcessor: (binder:7319_3)method: getPanelDeviceList; arg: 
07-29 15:23:50.309  4875  5057 D RegionSamplingHelper =:    mCompositionSamplingListener.unregister
07-29 15:23:50.310  2166  2426 I BpBinder: onLastStrongRef automatically unlinking death recipients: 
07-29 15:23:50.310  4875  5057 I NotificationShadeWindowController: stop Pending key thread event (apply)
07-29 15:23:50.310  7319  7438 I mydevices[core].ControlCenterManager: (binder:7319_3)response data:DeviceSpaceInfo(version=2, panelDevices=[])
07-29 15:23:50.310  7319  7438 I mydevices[core].DeviceMainPageEvent: (binder:7319_3)uploadDeviceNumTypeName list empty
07-29 15:23:50.311  4875  5957 D UXUtils : setHasTopUi: true; stack: com.oplus.systemui.shade.OplusNotificationShadeWindowControllerExImpl$uxFlagUpdateRunnable$1.run:12
07-29 15:23:50.311  4875  5794 D Tile.CustomTile.EyeProtectTileService: refreshState: tile not listening, ignore
07-29 15:23:50.311  7319  8469 I mydevices[core].CardsProxyManager: (DefaultDispatcher-worker-9)resume cards: [], visibleCount: 0, showPosition: 4
07-29 15:23:50.311  4875  4875 I SystemUi--Keyguard: KeyguardGlideTipView-->hideTips reason=hideGlideTipImmediateWithQsExpandingOrOplusKeyguardLoadOrGotoNtfCapsule withAnimator=true delayType=2
07-29 15:23:50.311  7319  8469 I mydevices[core].CardsProxyManager: (DefaultDispatcher-worker-9)notify cards size : 0, code = 1
07-29 15:23:50.311  4875  5794 D TileStateController: bindAppWhenListening: false ComponentInfo{com.oplus.eyeprotect/com.oplus.eyeprotect.services.EyeProtectTileService}
07-29 15:23:50.311  7319  8469 I mydevices[core].CardsProxyManager: (DefaultDispatcher-worker-9)current cards is empty, no need to call the event
07-29 15:23:50.311  4875  4875 I SystemUi--Keyguard: KeyguardGlideTipView-->cancelBreathAnimation-isBreathAnimationRunning=false
07-29 15:23:50.311  7319  8469 I mydevices[core].OPSynergyScannerImpl: (DefaultDispatcher-worker-9)reScan
07-29 15:23:50.311  4875  5794 I SystemUi--QuickSettings: Tile.CustomTile.EyeProtectTileService-->bindServiceWhenListening: false when isOplusQsTile
07-29 15:23:50.311  4875  4875 I SystemUi--Keyguard: KeyguardAffordanceTipsView-->hideTips reason=QsExpandingOrOplusKeyguardLoadOrGotoNtfCapsule withAnimator=true delayType=2
07-29 15:23:50.311  7319  8469 D OplusLog_DeviceKit_com.heytap.mydevices: [SynergyDeviceManager-150944636] isServiceBound
07-29 15:23:50.311  7319  8469 D OplusLog_DeviceKit_com.heytap.mydevices: [OpDeviceServiceClient-150944636] isServiceBound: null
07-29 15:23:50.311  7319  8469 I mydevices[core].CoreOpDeviceAction: (DefaultDispatcher-worker-9)isServiceBind: isBind: false
07-29 15:23:50.311  7319  8469 I mydevices[core].OPSynergyScannerImpl: (DefaultDispatcher-worker-9)getOpDeviceList
07-29 15:23:50.311  4875  5794 D Tile.CustomTile.EyeProtectTileService: refreshState: tile not listening, ignore
07-29 15:23:50.311  7319  8469 D OplusLog_DeviceKit_com.heytap.mydevices: [SynergyDeviceManager-150944636] getDeviceList: com.heytap.mydevices.core.action.CoreOpDeviceAction$d@d0b9440
07-29 15:23:50.311  4875  5794 D Tile.CustomTile.PowerSaveTileService: refreshState: tile not listening, ignore
07-29 15:23:50.311  4875  5794 I SystemUi--QuickSettings: Tile.CustomTile.PowerSaveTileService-->bindServiceWhenListening: true as default
07-29 15:23:50.311  4875  7254 D OplusTileControllerPlugin: onSettingsStateChange: 1, componentName: ComponentInfo{com.oplus.eyeprotect/com.oplus.eyeprotect.services.EyeProtectTileService}
07-29 15:23:50.312  7319  8469 D OplusLog_DeviceKit_com.heytap.mydevices: [OpDeviceServiceClient-150944636] settings_opsynergy_has_device: 0
07-29 15:23:50.312  7319  8469 D OplusLog_DeviceKit_com.heytap.mydevices: [SynergyDeviceManager-150944636] getDeviceList result: com.heytap.mydevices.core.action.CoreOpDeviceAction$d@d0b9440, success: true, devices: []
07-29 15:23:50.312  7319  8469 I mydevices[core].CoreOpDeviceAction: (DefaultDispatcher-worker-9)device input: []
07-29 15:23:50.312  7319  8469 I mydevices[core].OPSynergyScannerImpl: (DefaultDispatcher-worker-9)getOpDeviceList, onResult
07-29 15:23:50.312  4875  6270 I [DevicePlugin].DevicePanelPresenter.(DefaultDispatcher-worker-10): response code:30001; panelInfo:PanelInfo(panelState=DEVICE_HOME, panelDevices=[]), pluginVersion: 2
07-29 15:23:50.312  4875  5794 D TileStateController: setListening listening: true component: ComponentInfo{com.oplus.linker/com.oplus.linker.synergy.service.TVTileService} userContext: com.android.systemui.SystemUIApplication@3076140
07-29 15:23:50.313  4875  4875 D ViewRootImplExtImpl: wrapConfigInfoIntoFlags rotation=0, smallestScreenWidthDp=0, residentWS=false, scenario=0, bounds=Rect(0, 0 - 1080, 2376), relayoutAsync=false, flags=1, newFlags=1245708289, title=NotificationShade
07-29 15:23:50.313  3312  5330 D WindowManagerServiceExtImpl: extractConfigInfoAndRealFlags rotation=0, screenDp=0, residentWS:0, scenario:0, bounds:2376, serverWinBounds:Rect(0, 0 - 1080, 2376), win=Window{71f35ab u0 NotificationShade}
07-29 15:23:50.313  4875  6270 I [DevicePlugin].FixedSeparateModelPanel.(DefaultDispatcher-worker-10): onPanelInfoChanged
07-29 15:23:50.313  3312  5330 V WindowManager: Relayout Window{71f35ab u0 NotificationShade}: viewVisibility=0, oldvis=4, req=1080x2376, vsysui=, x=0, y=0
07-29 15:23:50.313  4875  6270 I [DevicePlugin].FixedSeparateModelPanel.(DefaultDispatcher-worker-10): updateView: panelState=DEVICE_HOME, panelDevices.size=0
07-29 15:23:50.313  3312  5330 I WindowManager: Window{71f35ab u0 NotificationShade} state from NO_SURFACE to DRAW_PENDING; reason: resetDrawState
07-29 15:23:50.314  2166  2392 D OplusLayer: setProcInfo (134,NotificationShade#134,com.android.systemui,0x4578D52F)
07-29 15:23:50.314  4875  5794 D Tile.CustomTile.TVTileService: refreshState: tile not listening, ignore
07-29 15:23:50.314  4875  5794 D TileStateController: bindAppWhenListening: false ComponentInfo{com.oplus.linker/com.oplus.linker.synergy.service.TVTileService}
07-29 15:23:50.314  4875  5794 I SystemUi--QuickSettings: Tile.CustomTile.TVTileService-->bindServiceWhenListening: false when isOplusQsTile
07-29 15:23:50.314  4875  5794 D Tile.CustomTile.TVTileService: refreshState: tile not listening, ignore
07-29 15:23:50.314  4875  5794 D Tile.CustomTile.WindowsLinkTileService: refreshState: tile not listening, ignore
07-29 15:23:50.314  4875  5794 D TileStateController: bindAppWhenListening: false ComponentInfo{com.microsoft.appmanager/com.microsoft.appmanager.quicksettings.WindowsLinkTileService}
07-29 15:23:50.314  4875  5794 I SystemUi--QuickSettings: Tile.CustomTile.WindowsLinkTileService-->bindServiceWhenListening: false when isActiveTile && isTileReady
07-29 15:23:50.314  4875  5794 D Tile.CustomTile.WirelessReverseControService: refreshState: tile not listening, ignore
07-29 15:23:50.314  4875  5794 I SystemUi--QuickSettings: Tile.CustomTile.WirelessReverseControService-->bindServiceWhenListening: true as default
07-29 15:23:50.315  4875  5794 D TileStateController: updateCurrentStateIsNotDirty component:ComponentInfo{com.oplus.eyeprotect/com.oplus.eyeprotect.services.EyeProtectTileService}
07-29 15:23:50.315  3312  5330 D QuickBackInputPolicy: hasMultiChildrenInTask: false
07-29 15:23:50.315  3312  5330 D WindowManager: NFW_findFocusedWindowIfNeeded:Window{a090d73 u0 com.android.launcher/com.android.launcher.Launcher} mCurrentFocus:Window{a090d73 u0 com.android.launcher/com.android.launcher.Launcher}
07-29 15:23:50.315  4875  7254 D OplusTileControllerPlugin: onSettingsStateChange: 1, componentName: ComponentInfo{com.oplus.linker/com.oplus.linker.synergy.service.TVTileService}
07-29 15:23:50.315  4875  5794 D TileStateController: updateCurrentStateIsNotDirty component:ComponentInfo{com.oplus.linker/com.oplus.linker.synergy.service.TVTileService}
07-29 15:23:50.315  4875  4875 W VRI[NotificationShade]: updateBlastSurfaceIfNeeded, surfaceSize:Point(1080, 2376), lastSurfaceSize:Point(1080, 2376), format:-3, blastBufferQueue:null
07-29 15:23:50.315  4875  4875 D BufferQueueConsumer: [](id:130b00000009,api:0,p:-1,c:4875) connect: controlledByApp=false
07-29 15:23:50.316  1717  4904 E TetherController: property_get sys.radio.data.modem_share_flag return 0, 1!
07-29 15:23:50.316  4875  4875 I SystemUi--Keyguard: KeyguardEngineContainer-->onConfigurationChanged, locale = en-US,zh-CN, mLastLocale= en-US,zh-CN
07-29 15:23:50.316  4875  4875 I SystemUi--Keyguard: KeyguardEngineContainer-->onConfigurationChanged. font = 0, mLastFlipFont = 0, density = 480, mDensity = 480
07-29 15:23:50.316  4875  4875 I SystemUi--Keyguard: KeyguardPluginManager-->maybeReloadNormalKeyguard, uses default LockScreen
07-29 15:23:50.316  7114  7114 W Battery : PowerSaveTileService: onCreate
07-29 15:23:50.317  4875  4875 E ndroid.systemui: No package ID ff found for resource ID 0xffffffff.
07-29 15:23:50.317  4875  4875 E ndroid.systemui: No package ID ff found for resource ID 0xffffffff.
07-29 15:23:50.317  4875  4875 E ndroid.systemui: No package ID ff found for resource ID 0xffffffff.
07-29 15:23:50.318  4875  4875 E ThemeUtils: View class com.oplus.systemui.keyguard.view.GeneralFontVariationTextView is an AppCompat widget that can only be used with a Theme.AppCompat theme (or descendant).
07-29 15:23:50.318  4875  4875 E ThemeUtils: View class com.oplus.systemui.keyguard.view.GeneralFontVariationTextView is an AppCompat widget that can only be used with a Theme.AppCompat theme (or descendant).
07-29 15:23:50.318  4875  4875 I SystemUi--Keyguard: PictorialAppInfo-->isShowPictorialTipDevice true,bottomMargin=611
07-29 15:23:50.318  4875  4875 I SystemUi--Keyguard: PictorialFunctionContainer-->onWallpaperChange info is null or local or engine
07-29 15:23:50.318  4875  4875 I SystemUi--Keyguard: PictorialAppInfo-->isShowPictorialTipDevice true,bottomMargin=611
07-29 15:23:50.318  4875  4875 I SystemUi--Keyguard: PictorialAppInfo-->isShowPictorialTipDevice true,bottomMargin=611
07-29 15:23:50.318  4875  5829 D Tile.CustomTile.PowerSaveTileService: refreshState: tile not listening, ignore
07-29 15:23:50.318  4875  5829 D Tile.CustomTile.WirelessReverseControService: refreshState: tile not listening, ignore
07-29 15:23:50.318  4875  4875 I SystemUi--Notification: NotificationsQSContainerController-->onWindowConfigurationChange: splitShadeEnabled=false
07-29 15:23:50.318  4875  4875 I SystemUi--Notification: NotificationsQSContainerController-->updateResources: splitShadeEnabled=false, newSplitShadeEnabled=false
07-29 15:23:50.319  4875  4875 I SystemUi--Notification: OplusQSSimpleHeader-->shouldClick: true, isInSuperPowerSaveMode: false, isInWellBeingAssistantMode: false
07-29 15:23:50.319  4875  4875 I SystemUi--Notification: OplusQSSimpleHeader-->updateMarginTop, reason: configChange, newMarginTop: 102 currentMarginTop 102
07-29 15:23:50.319  4875  4875 I SystemUi--QuickSettings: OplusQuickStatusBarHeader-->[onConfigurationChanged] updateResources end, start call listener
07-29 15:23:50.322  4875  4875 I SystemUi--QuickSettings: OplusQuickStatusBarHeader-->[onConfigurationChanged] updateResources end, start call listener
07-29 15:23:50.322  4875  4875 I SystemUi--QuickSettings: OplusQSHighlightTileViewImpl-->updateIconViewSize mTileCanTips=true
07-29 15:23:50.323  4875  4875 I SystemUi--QuickSettings: OplusQSHighlightTileViewImpl-->updateIconViewSize mTileCanTips=true
07-29 15:23:50.323  4875  4875 I SystemUi--QuickSettings: OplusQsToggleSliderTouchExt-->getRealSize point: Point(1080, 2376) realScreenWidth: 1080 realScreenHeight: 2376
07-29 15:23:50.323  4875  4875 I SystemUi--QuickSettings: OplusQsToggleSliderLayout-->updateRadius radius= 57.815125, roundParams= OplusRoundParams(radiusDp=15.2, radius=45.6, weight=1.1, isCircle=false), isDefaultVolumeTheme = true
07-29 15:23:50.323  4875  4875 I COUIVerticalSeekBar: COUIVerticalSeekBar ensureSize : mIsProgressFull:true,mBackgroundRadius:45.6,mBackgroundWidth:179.0,mBackgroundEnlargeScale1.0,mProgressRadius:45.6,mProgressWidth:179.0,mProgressEnlargeScale1.0,mPaddingVertical45.6
07-29 15:23:50.323  4875  4875 I COUIVerticalSeekBar: updateBehavior * normalSeekBarHeight = 309,mPaddingVertical = 45.6,mIsPhysicsEnable = true,mPhysicalAnimator = null,mFlingBehavior = null,Thread_name = main,hashCode = 41420280,time = 1753817030323,stackChain = com.coui.appcompat.seekbar.COUIVerticalSeekBar.updateBehavior$1:14 com.coui.appcompat.seekbar.COUIVerticalSeekBar.ensureSize$1:182 com.coui.appcompat.seekbar.COUIVerticalSeekBar.setBackgroundRadius:3 com.oplus.systemui.qs.base.seek.OplusQsBaseToggleSliderLayout.updateRadius:60 
07-29 15:23:50.323  4875  4875 I COUIVerticalSeekBar: setPaddingVertical * paddingVertical = 45.6,hashCode = 41420280,time = 1753817030323
07-29 15:23:50.323  4875  4875 I COUIVerticalSeekBar: COUIVerticalSeekBar ensureSize : mIsProgressFull:true,mBackgroundRadius:45.6,mBackgroundWidth:179.0,mBackgroundEnlargeScale1.0,mProgressRadius:45.6,mProgressWidth:179.0,mProgressEnlargeScale1.0,mPaddingVertical45.6
07-29 15:23:50.323  4875  4875 I COUIVerticalSeekBar: updateBehavior * normalSeekBarHeight = 309,mPaddingVertical = 45.6,mIsPhysicsEnable = true,mPhysicalAnimator = null,mFlingBehavior = null,Thread_name = main,hashCode = 41420280,time = 1753817030323,stackChain = com.coui.appcompat.seekbar.COUIVerticalSeekBar.updateBehavior$1:14 com.coui.appcompat.seekbar.COUIVerticalSeekBar.ensureSize$1:182 com.coui.appcompat.seekbar.COUIVerticalSeekBar.setPaddingVertical:59 com.oplus.systemui.qs.base.seek.OplusQsBaseToggleSliderLayout.updateRadius:74 
07-29 15:23:50.323  4875  4875 I SystemUi--QuickSettings: OplusQsToggleSliderTouchExt-->getRealSize point: Point(1080, 2376) realScreenWidth: 1080 realScreenHeight: 2376
07-29 15:23:50.323  4875  4875 I SystemUi--QuickSettings: OplusQsToggleSliderLayout-->updateRadius radius= 57.815125, roundParams= OplusRoundParams(radiusDp=15.2, radius=45.6, weight=1.1, isCircle=false), isDefaultVolumeTheme = true
07-29 15:23:50.323  4875  4875 I COUIVerticalSeekBar: COUIVerticalSeekBar ensureSize : mIsProgressFull:true,mBackgroundRadius:45.6,mBackgroundWidth:179.0,mBackgroundEnlargeScale1.0,mProgressRadius:45.6,mProgressWidth:179.0,mProgressEnlargeScale1.0,mPaddingVertical45.6
07-29 15:23:50.324  4875  4875 I COUIVerticalSeekBar: updateBehavior * normalSeekBarHeight = 309,mPaddingVertical = 45.6,mIsPhysicsEnable = true,mPhysicalAnimator = null,mFlingBehavior = null,Thread_name = main,hashCode = 182557712,time = 1753817030324,stackChain = com.coui.appcompat.seekbar.COUIVerticalSeekBar.updateBehavior$1:14 com.coui.appcompat.seekbar.COUIVerticalSeekBar.ensureSize$1:182 com.coui.appcompat.seekbar.COUIVerticalSeekBar.setBackgroundRadius:3 com.oplus.systemui.qs.base.seek.OplusQsBaseToggleSliderLayout.updateRadius:60 
07-29 15:23:50.324  4875  4875 I COUIVerticalSeekBar: setPaddingVertical * paddingVertical = 45.6,hashCode = 182557712,time = 1753817030324
07-29 15:23:50.324  4875  4875 I COUIVerticalSeekBar: COUIVerticalSeekBar ensureSize : mIsProgressFull:true,mBackgroundRadius:45.6,mBackgroundWidth:179.0,mBackgroundEnlargeScale1.0,mProgressRadius:45.6,mProgressWidth:179.0,mProgressEnlargeScale1.0,mPaddingVertical45.6
07-29 15:23:50.324  4875  4875 I COUIVerticalSeekBar: updateBehavior * normalSeekBarHeight = 309,mPaddingVertical = 45.6,mIsPhysicsEnable = true,mPhysicalAnimator = null,mFlingBehavior = null,Thread_name = main,hashCode = 182557712,time = 1753817030324,stackChain = com.coui.appcompat.seekbar.COUIVerticalSeekBar.updateBehavior$1:14 com.coui.appcompat.seekbar.COUIVerticalSeekBar.ensureSize$1:182 com.coui.appcompat.seekbar.COUIVerticalSeekBar.setPaddingVertical:59 com.oplus.systemui.qs.base.seek.OplusQsBaseToggleSliderLayout.updateRadius:74 
07-29 15:23:50.324  4875  4875 I [DevicePlugin].NoDeviceEntranceCardView.(main): onConfigurationChanged
07-29 15:23:50.324  4875  4875 I [DevicePlugin].PlatformUtils.(main): isLowGaussianLevel: DEBUG_LEVEL = -1, ANIM_LEVEL = 1
07-29 15:23:50.324  4875  4875 I [DevicePlugin].PlatformUtils.(main): isGlobalThemeApplied: isGlobalTheme=false
07-29 15:23:50.324  4875  4875 I [DevicePlugin].PlatformUtils.(main): isBlurEnable: enable=true
07-29 15:23:50.324  4875  4875 I [DevicePlugin].PlatformUtils.(main): isGlobalThemeApplied: isGlobalTheme=false
07-29 15:23:50.324  4875  4875 I [DevicePlugin].PlatformUtils.(main): isLightOsGaussianLevel: DEBUG_LEVEL = -1, ANIM_LEVEL = 1
07-29 15:23:50.324  4875  4875 I [DevicePlugin].PlatformUtils.(main): isLightBlurEnable: enable=false
07-29 15:23:50.324  4875  4875 I [DevicePlugin].RectangleDeviceCardView.(main): onConfigurationChanged
07-29 15:23:50.324  4875  4875 I [DevicePlugin].PlatformUtils.(main): isLowGaussianLevel: DEBUG_LEVEL = -1, ANIM_LEVEL = 1
07-29 15:23:50.324  4875  4875 I [DevicePlugin].PlatformUtils.(main): isGlobalThemeApplied: isGlobalTheme=false
07-29 15:23:50.324  4875  4875 I [DevicePlugin].PlatformUtils.(main): isBlurEnable: enable=true
07-29 15:23:50.324  4875  4875 I [DevicePlugin].PlatformUtils.(main): isGlobalThemeApplied: isGlobalTheme=false
07-29 15:23:50.324  4875  4875 I [DevicePlugin].PlatformUtils.(main): isLightOsGaussianLevel: DEBUG_LEVEL = -1, ANIM_LEVEL = 1
07-29 15:23:50.324  4875  4875 I [DevicePlugin].PlatformUtils.(main): isLightBlurEnable: enable=false
07-29 15:23:50.324  4875  4875 I [DevicePlugin].RectangleEntranceCardView.(main): onConfigurationChanged
07-29 15:23:50.324  4875  4875 I [DevicePlugin].PlatformUtils.(main): isLowGaussianLevel: DEBUG_LEVEL = -1, ANIM_LEVEL = 1
07-29 15:23:50.324  4875  4875 I [DevicePlugin].PlatformUtils.(main): isGlobalThemeApplied: isGlobalTheme=false
07-29 15:23:50.324  4875  4875 I [DevicePlugin].PlatformUtils.(main): isBlurEnable: enable=true
07-29 15:23:50.324  4875  4875 I [DevicePlugin].PlatformUtils.(main): isGlobalThemeApplied: isGlobalTheme=false
07-29 15:23:50.324  4875  4875 I [DevicePlugin].PlatformUtils.(main): isLightOsGaussianLevel: DEBUG_LEVEL = -1, ANIM_LEVEL = 1
07-29 15:23:50.324  4875  4875 I [DevicePlugin].PlatformUtils.(main): isLightBlurEnable: enable=false
07-29 15:23:50.324  4875  4875 I [DevicePlugin].RectangleDeviceCardView.(main): onConfigurationChanged
07-29 15:23:50.324  4875  4875 I [DevicePlugin].PlatformUtils.(main): isLowGaussianLevel: DEBUG_LEVEL = -1, ANIM_LEVEL = 1
07-29 15:23:50.324  4875  4875 I [DevicePlugin].PlatformUtils.(main): isGlobalThemeApplied: isGlobalTheme=false
07-29 15:23:50.324  4875  4875 I [DevicePlugin].PlatformUtils.(main): isBlurEnable: enable=true
07-29 15:23:50.324  4875  4875 I [DevicePlugin].PlatformUtils.(main): isGlobalThemeApplied: isGlobalTheme=false
07-29 15:23:50.324  4875  4875 I [DevicePlugin].PlatformUtils.(main): isLightOsGaussianLevel: DEBUG_LEVEL = -1, ANIM_LEVEL = 1
07-29 15:23:50.324  4875  4875 I [DevicePlugin].PlatformUtils.(main): isLightBlurEnable: enable=false
07-29 15:23:50.324  4875  4875 I [DevicePlugin].SquareDeviceCardView.(main): onConfigurationChanged
07-29 15:23:50.324  4875  4875 I [DevicePlugin].PlatformUtils.(main): isLowGaussianLevel: DEBUG_LEVEL = -1, ANIM_LEVEL = 1
07-29 15:23:50.324  4875  4875 I [DevicePlugin].PlatformUtils.(main): isGlobalThemeApplied: isGlobalTheme=false
07-29 15:23:50.324  4875  4875 I [DevicePlugin].PlatformUtils.(main): isBlurEnable: enable=true
07-29 15:23:50.324  4875  4875 I [DevicePlugin].PlatformUtils.(main): isGlobalThemeApplied: isGlobalTheme=false
07-29 15:23:50.324  4875  4875 I [DevicePlugin].PlatformUtils.(main): isLightOsGaussianLevel: DEBUG_LEVEL = -1, ANIM_LEVEL = 1
07-29 15:23:50.324  4875  4875 I [DevicePlugin].PlatformUtils.(main): isLightBlurEnable: enable=false
07-29 15:23:50.324  4875  4875 I [DevicePlugin].SquareEntranceCardView.(main): onConfigurationChanged
07-29 15:23:50.324  4875  4875 I [DevicePlugin].PlatformUtils.(main): isLowGaussianLevel: DEBUG_LEVEL = -1, ANIM_LEVEL = 1
07-29 15:23:50.324  4875  4875 I [DevicePlugin].PlatformUtils.(main): isGlobalThemeApplied: isGlobalTheme=false
07-29 15:23:50.324  4875  4875 I [DevicePlugin].PlatformUtils.(main): isBlurEnable: enable=true
07-29 15:23:50.324  4875  4875 I [DevicePlugin].PlatformUtils.(main): isGlobalThemeApplied: isGlobalTheme=false
07-29 15:23:50.324  4875  4875 I [DevicePlugin].PlatformUtils.(main): isLightOsGaussianLevel: DEBUG_LEVEL = -1, ANIM_LEVEL = 1
07-29 15:23:50.324  4875  4875 I [DevicePlugin].PlatformUtils.(main): isLightBlurEnable: enable=false
07-29 15:23:50.324  4875  4875 I [DevicePlugin].SquareDeviceCardView.(main): onConfigurationChanged
07-29 15:23:50.324  4875  4875 I [DevicePlugin].PlatformUtils.(main): isLowGaussianLevel: DEBUG_LEVEL = -1, ANIM_LEVEL = 1
07-29 15:23:50.324  4875  4875 I [DevicePlugin].PlatformUtils.(main): isGlobalThemeApplied: isGlobalTheme=false
07-29 15:23:50.324  4875  4875 I [DevicePlugin].PlatformUtils.(main): isBlurEnable: enable=true
07-29 15:23:50.324  4875  4875 I [DevicePlugin].PlatformUtils.(main): isGlobalThemeApplied: isGlobalTheme=false
07-29 15:23:50.324  4875  4875 I [DevicePlugin].PlatformUtils.(main): isLightOsGaussianLevel: DEBUG_LEVEL = -1, ANIM_LEVEL = 1
07-29 15:23:50.324  4875  4875 I [DevicePlugin].PlatformUtils.(main): isLightBlurEnable: enable=false
07-29 15:23:50.324  4875  4875 I [DevicePlugin].SquareDeviceCardView.(main): onConfigurationChanged
07-29 15:23:50.324  4875  4875 I [DevicePlugin].PlatformUtils.(main): isLowGaussianLevel: DEBUG_LEVEL = -1, ANIM_LEVEL = 1
07-29 15:23:50.324  4875  4875 I [DevicePlugin].PlatformUtils.(main): isGlobalThemeApplied: isGlobalTheme=false
07-29 15:23:50.324  4875  4875 I [DevicePlugin].PlatformUtils.(main): isBlurEnable: enable=true
07-29 15:23:50.324  4875  4875 I [DevicePlugin].PlatformUtils.(main): isGlobalThemeApplied: isGlobalTheme=false
07-29 15:23:50.324  4875  4875 I [DevicePlugin].PlatformUtils.(main): isLightOsGaussianLevel: DEBUG_LEVEL = -1, ANIM_LEVEL = 1
07-29 15:23:50.324  4875  4875 I [DevicePlugin].PlatformUtils.(main): isLightBlurEnable: enable=false
07-29 15:23:50.324  4875  4875 I [DevicePlugin].SquareDeviceCardView.(main): onConfigurationChanged
07-29 15:23:50.324  4875  4875 I [DevicePlugin].PlatformUtils.(main): isLowGaussianLevel: DEBUG_LEVEL = -1, ANIM_LEVEL = 1
07-29 15:23:50.324  4875  4875 I [DevicePlugin].PlatformUtils.(main): isGlobalThemeApplied: isGlobalTheme=false
07-29 15:23:50.324  4875  4875 I [DevicePlugin].PlatformUtils.(main): isBlurEnable: enable=true
07-29 15:23:50.324  4875  4875 I [DevicePlugin].PlatformUtils.(main): isGlobalThemeApplied: isGlobalTheme=false
07-29 15:23:50.324  4875  4875 I [DevicePlugin].PlatformUtils.(main): isLightOsGaussianLevel: DEBUG_LEVEL = -1, ANIM_LEVEL = 1
07-29 15:23:50.324  4875  4875 I [DevicePlugin].PlatformUtils.(main): isLightBlurEnable: enable=false
07-29 15:23:50.324  4875  4875 I [DevicePlugin].SquareEntranceCardView.(main): onConfigurationChanged
07-29 15:23:50.324  4875  4875 I [DevicePlugin].PlatformUtils.(main): isLowGaussianLevel: DEBUG_LEVEL = -1, ANIM_LEVEL = 1
07-29 15:23:50.324  4875  4875 I [DevicePlugin].PlatformUtils.(main): isGlobalThemeApplied: isGlobalTheme=false
07-29 15:23:50.324  4875  4875 I [DevicePlugin].PlatformUtils.(main): isBlurEnable: enable=true
07-29 15:23:50.324  4875  4875 I [DevicePlugin].PlatformUtils.(main): isGlobalThemeApplied: isGlobalTheme=false
07-29 15:23:50.324  4875  4875 I [DevicePlugin].PlatformUtils.(main): isLightOsGaussianLevel: DEBUG_LEVEL = -1, ANIM_LEVEL = 1
07-29 15:23:50.324  4875  4875 I [DevicePlugin].PlatformUtils.(main): isLightBlurEnable: enable=false
07-29 15:23:50.326  4875  4875 I SystemUi--QuickSettings: OplusSeparateQSCustomizer-->updateResources tileRow= 3
07-29 15:23:50.326  4875  4875 I SystemUi--QuickSettings: OplusSeparateQSCustomizer--> mUsableWidth=1080
07-29 15:23:50.326  4875  4875 I SystemUi--QuickSettings: OplusSeparateQSCustomizer--> mEditCellWidth=175 mEditCellMarginHorizontal=66 mItemHeight=271 mHorizontalSidePadding=57
07-29 15:23:50.326  4875  4875 I SystemUi--QuickSettings: OplusQsToggleSliderTouchExt-->getRealSize point: Point(1080, 2376) realScreenWidth: 1080 realScreenHeight: 2376
07-29 15:23:50.326  4875  4875 I SystemUi--QuickSettings: OplusQsToggleSliderLayout-->updateRadius radius= 57.815125, roundParams= OplusRoundParams(radiusDp=15.2, radius=45.6, weight=1.1, isCircle=false), isDefaultVolumeTheme = true
07-29 15:23:50.326  4875  4875 I COUIVerticalSeekBar: COUIVerticalSeekBar ensureSize : mIsProgressFull:true,mBackgroundRadius:45.6,mBackgroundWidth:179.0,mBackgroundEnlargeScale1.0,mProgressRadius:45.6,mProgressWidth:179.0,mProgressEnlargeScale1.0,mPaddingVertical45.6
07-29 15:23:50.326  4875  4875 I COUIVerticalSeekBar: updateBehavior * normalSeekBarHeight = 309,mPaddingVertical = 45.6,mIsPhysicsEnable = true,mPhysicalAnimator = null,mFlingBehavior = null,Thread_name = main,hashCode = 3986832,time = 1753817030326,stackChain = com.coui.appcompat.seekbar.COUIVerticalSeekBar.updateBehavior$1:14 com.coui.appcompat.seekbar.COUIVerticalSeekBar.ensureSize$1:182 com.coui.appcompat.seekbar.COUIVerticalSeekBar.setBackgroundRadius:3 com.oplus.systemui.qs.base.seek.OplusQsBaseToggleSliderLayout.updateRadius:60 
07-29 15:23:50.326  4875  4875 I COUIVerticalSeekBar: setPaddingVertical * paddingVertical = 45.6,hashCode = 3986832,time = 1753817030326
07-29 15:23:50.326  4875  4875 I COUIVerticalSeekBar: COUIVerticalSeekBar ensureSize : mIsProgressFull:true,mBackgroundRadius:45.6,mBackgroundWidth:179.0,mBackgroundEnlargeScale1.0,mProgressRadius:45.6,mProgressWidth:179.0,mProgressEnlargeScale1.0,mPaddingVertical45.6
07-29 15:23:50.326  4875  4875 I COUIVerticalSeekBar: updateBehavior * normalSeekBarHeight = 309,mPaddingVertical = 45.6,mIsPhysicsEnable = true,mPhysicalAnimator = null,mFlingBehavior = null,Thread_name = main,hashCode = 3986832,time = 1753817030326,stackChain = com.coui.appcompat.seekbar.COUIVerticalSeekBar.updateBehavior$1:14 com.coui.appcompat.seekbar.COUIVerticalSeekBar.ensureSize$1:182 com.coui.appcompat.seekbar.COUIVerticalSeekBar.setPaddingVertical:59 com.oplus.systemui.qs.base.seek.OplusQsBaseToggleSliderLayout.updateRadius:74 
07-29 15:23:50.327  4875  4875 I SystemUi--Common: WindowRootView-->leftInset:0 rightInset:0  rootWindowInsets.displayCutout:DisplayCutout{insets=Rect(0, 120 - 0, 0) waterfall=Insets{left=0, top=0, right=0, bottom=0} boundingRect={Bounds=[Rect(0, 0 - 0, 0), Rect(512, 0 - 569, 120), Rect(0, 0 - 0, 0), Rect(0, 0 - 0, 0)]} cutoutPathParserInfo={CutoutPathParserInfo{displayWidth=1080 displayHeight=2376 physicalDisplayWidth=1440 physicalDisplayHeight=3168 density={4.0} cutoutSpec={M -38,0 L -38,160 L 38,160 L 38,0 Z} rotation={0} scale={1.0} physicalPixelDisplaySizeRatio={0.75}}} sideOverrides={}} windowInsets.displayCutout:DisplayCutout{insets=Rect(0, 120 - 0, 0) waterfall=Insets{left=0, top=0, right=0, bottom=0} boundingRect={Bounds=[Rect(0, 0 - 0, 0), Rect(512, 0 - 569, 120), Rect(0, 0 - 0, 0), Rect(0, 0 - 0, 0)]} cutoutPathParserInfo={CutoutPathParserInfo{displayWidth=1080 displayHeight=2376 physicalDisplayWidth=1440 physicalDisplayHeight=3168 density={4.0} cutoutSpec={M -38,0 L -38,160 L 38,160 L 38,0 Z} rotation={0} scale={1.0} physicalPixelDisplaySizeRatio={0.75}}} sideOverrides={}} currentRotation:1
07-29 15:23:50.327  4875  4875 I SystemUi--QuickSettings: OplusQuickStatusBarHeader-->onApplyWindowInsets mIgnoreCenterHole: true mCenterHoleSpaceLp: androidx.constraintlayout.widget.ConstraintLayout$LayoutParams@ad5fc2e
07-29 15:23:50.328  4875  4875 I SystemUi--QuickSettings: OplusQuickStatusBarHeader-->updateCenterHoleView visibility: 8 isLpChanged: false
07-29 15:23:50.328  4875  4875 I SystemUi--QuickSettings: OplusQuickStatusBarHeader-->updateCenterHoleView visibility: 8 isLpChanged: false
07-29 15:23:50.328  4875  4875 I PluginSeedling--Base: SeedlingPluginService-->onStateChange: Bundle[{rect=RectF(509.25, 29.25, 570.75, 90.75), state=onHoleRectChanged}]
07-29 15:23:50.328  4875  4875 I SystemUi--Statusbar: StatusBarPaddingProvider-->updateContentsPadding: (51, 14, 60, 15), screenHoleHeight: 61 isLandscape=false, rotation: 0 screenHoleBottom: 90 statusBarHeight: 120 seedlingHeight: 90 switchSupport: true percentScreen:0.75 baseScreenWidth:1080 stableDisplayWidth:1440
07-29 15:23:50.328  4875  4875 I SystemUi--QuickSettings: OplusQuickStatusBarHeader-->onApplyWindowInsets mIgnoreCenterHole: true mCenterHoleSpaceLp: androidx.constraintlayout.widget.ConstraintLayout$LayoutParams@98693cf
07-29 15:23:50.328  4875  4875 I SystemUi--QuickSettings: OplusQuickStatusBarHeader-->updateCenterHoleView visibility: 8 isLpChanged: false
07-29 15:23:50.328  4875  4875 I SystemUi--QuickSettings: OplusQuickStatusBarHeader-->updateCenterHoleView visibility: 8 isLpChanged: false
07-29 15:23:50.329  4875  5525 D BufferQueueProducer: [VRI[NotificationShade]#8(BLAST Consumer)8](id:130b00000009,api:1,p:4875,c:4875) connect: api=1 producerControlledByApp=true
07-29 15:23:50.329  1920  4458 I Dpps    : LtmSwState::SetParameter():144 ignore cmd 7 in state LtmOffState
07-29 15:23:50.336  4875  4875 I SurfaceControl:  setExtendedRangeBrightness sc=Surface(name=NotificationShade)/@0x92f9c82,currentBufferRatio=1.0,desiredRatio=1.0
07-29 15:23:50.343  3312  3788 D VRR [OPlusRefreshRateService]: handleConfigIdChange physicalDisplayId: 4630946756802996883 configId: 4 renderPeriod: 8333333
07-29 15:23:50.343  3312  3788 D VRR [OPlusSAManager]: updateModeChange old modeId [ 5 ] -> new modeId [ 4 ] mCurPolicy: 1
07-29 15:23:50.343  3312  3788 D VRR [OPlusSAManager]: updateSAScene active modeId: 4
07-29 15:23:50.343  3312  3788 D VRR [OPlusSAManager]: updateSAScene current policy: 1 active modeId: 4 scene: VRR_90_120
07-29 15:23:50.343  3312  3788 D VRR [OPlusOAManager]: Not OA business! new modeId: [4] active modeId: [5]
07-29 15:23:50.343  3312  3788 D VRR [OPlusGameStatusManager]: updateGameState mOSyncFeatureSwitch: false mIsGamePolicy: false
07-29 15:23:50.343  3312  3788 D VRR [OPlusGameStatusManager]: setLTMStatus false curPkgName: null curr status: false HeartStop: false HeartStopFromTGPA: false ActiveFPS: 120.00001
07-29 15:23:50.343  3312  3788 D VRR [OPlusGameStatusManager]: updateGameAccelerationStatus pkgName: null mOSyncFeatureSwitch: false mIsGamePolicy: false mHeartStop: false mHasFlickerRisk: false mForceAcceleration: false mToastReady: false enable: false
07-29 15:23:50.343  3312  3788 D VRR [OPlusGameStatusManager]: updateToastStatus enableAcceleration: false toastReady: false isGamePolicy: false desiredModeId: 4
07-29 15:23:50.343  3312  3788 D VRR [OPlusGameStatusManager]: updateToastStatus enableAcceleration: false toastReady: false isGamePolicy: false desiredModeId: 4
07-29 15:23:50.344  2166  3525 D VRR [OTI-HW]: isStateReady 0
07-29 15:23:50.344  2166  3525 D VRR [OTI-HW]: keep rate.
07-29 15:23:50.344  3312  3788 D VRR [OPlusSurfaceFlingerController]:  setDirectorOtiHwConfig : true
07-29 15:23:50.344  2166  2426 D SurfaceFlinger: captureLayers from pid 5392 uid -335
07-29 15:23:50.344  2166  2426 W SurfaceFlinger: Skipping screen capture because of invalid layer.
07-29 15:23:50.344  5392  5578 E ScreenCapture: Failed to generate screen capture. Error code: -12
07-29 15:23:50.344  5392  5578 E Blur_ScreenCapture: [captureScreenInternal] exceeds fail times limit=1
07-29 15:23:50.350  4875  5525 D BLASTBufferQueue: [VRI[NotificationShade]#8](f:0,a:1) acquireNextBufferLocked size=1080x2376 mFrameNumber=1 applyTransaction=true mTimestamp=58166200601(auto) mPendingTransactions.size=0 graphicBufferId=20937965568047 transform=0
07-29 15:23:50.350  4875  5525 D VRI[NotificationShade]: Received frameCommittedCallback lastAttemptedDrawFrameNum=1 didProduceBuffer=true syncBuffer=false
07-29 15:23:50.350  4875  4875 D VRI[NotificationShade]: draw finished. seqId=0
07-29 15:23:50.350  3312  5330 I WindowManager: Window{71f35ab u0 NotificationShade} state from DRAW_PENDING to COMMIT_DRAW_PENDING; reason: finishDrawingLocked
07-29 15:23:50.351  4875  5794 V OplusCustomizeCacheManager: queryCache name: sys.cache.common_customize_cache11011 param: null
07-29 15:23:50.351  3312  3659 I WindowManager: Window{71f35ab u0 NotificationShade} state from COMMIT_DRAW_PENDING to READY_TO_SHOW; reason: commitFinishDrawingLocked
07-29 15:23:50.351  3312  3659 I WindowManager: Window{71f35ab u0 NotificationShade} state from READY_TO_SHOW to HAS_DRAWN; reason: performShowLocked
07-29 15:23:50.352  4875  5794 V OplusCustomizeCacheManager: queryCache name: sys.cache.common_customize_cache11010 param: null
07-29 15:23:50.352  4875  4875 I SystemUi--QuickSettings: OplusQsBrightnessSliderController-->setProgressAnimation value: 1606 isListening: true  screenBrightnessDuration: 0.0  startValue: 0 startTime: 0 lastDuration: 502.0 lastStartTime: 46704  max: 4089 sliderProgress: 0 needResetLastAnimation: false
07-29 15:23:50.352  4875  4875 I SystemUi--QuickSettings: OplusQsBrightnessSliderController-->handleNoDuration proportion: 1.0 currentProgress: 1606 duration: 0.0 lastStartValue: 6 sliderProgress: 1606
07-29 15:23:50.353  4875  4875 D ZenModeController: Added callback class com.oplus.systemui.qs.tiles.OplusDndTile$1
07-29 15:23:50.353  4875  4875 I SystemUi--Notification: OplusHeadsUpCoreStart-->isVisibility: true
07-29 15:23:50.353  4875  4875 I SystemUi--Notification: OplusNotificationShadeWindowControllerExImpl-->SHADE_FOCUSABLE-->mNotificationShadeFocusable= true, mPanelExpanded= true, mBouncerShowing= false, mKeyguardShowing= false, mKeyguardOccluded= false, mKeyguardNeedsInput= false, ENABLE_REMOTE_INPUT= true, mRemoteInputActive= false, layoutFlags= -2121924544
07-29 15:23:50.353  4875  4875 I SystemUi--Notification: OplusNotificationShadeWindowControllerExImpl-->SHADE_VISIBLE-->mKeyguardShowing= false, mKeyguardOccluded= false, mPanelVisible= false, mKeyguardFadingAway= false, mKeyguardGoingAway= false, mBouncerShowing= false, mScrimsVisibility= 1, mBackgroundBlurRadius= 0, mForcePluginOpen= false, mediaBackdropShowing= false, viewVisibility= true, qsBlurFraction= 0.026050793, panelBlurFraction= 0.0
07-29 15:23:50.353  3312  3693 I UserAwareMgr: handleFgAppChanged, pkgName: com.android.systemui, pid: 4875, isVisible: true, fgAppType: FG2
07-29 15:23:50.353  3312  3693 I UserAwareMgr: fg app status not changed, beforeVisible: true, currentVisible: true
07-29 15:23:50.354  4875  5794 V OplusCustomizeCacheManager: queryCache name: sys.cache.common_customize_cache18014 param: null
07-29 15:23:50.354  4875  5794 D OplusCustomizeCacheManager: add cachename to map: sys.cache.common_customize_cache18014
07-29 15:23:50.354  4875  5794 V OplusCustomizeCacheManager: start recompute
07-29 15:23:50.354  4875  4875 I SystemUi--Keyguard: ScrimControllerExImp-->blur State to UNLOCK, bouncer=false changeFromBouncerScrim= false runnerUnlock= false goingAway=false hasHandle=true isOccludeAnimationPlaying=false
07-29 15:23:50.354  3312  5293 I InputDispatcher: injectInputEvent: targetUid=<not set>, syncMode=WAIT_FOR_FINISHED, timeout=30000ms, policyFlags=0x8000000, event=MotionEvent { action=MOVE, id[0]=0, x[0]=900, y[0]=686.667, eventTime=58170000000, downTime=58070000000, deviceId=4, source=TOUCHSCREEN, displayId=0, eventId=0xf36eeee1}
07-29 15:23:50.354  4875  5794 V OplusCustomizeCacheManager: queryCache name: sys.cache.common_customize_cache18017 param: Bundle[{SETTING=BLOCK, BUSINESS=NCT-DATA}]
07-29 15:23:50.354  4875  5794 D OplusCustomizeCacheManager: add cachename to map: sys.cache.common_customize_cache18017
07-29 15:23:50.354  4875  5794 V OplusCustomizeCacheManager: start recompute
07-29 15:23:50.354  4875  4875 I SystemUi--Keyguard: ScrimControllerExImp-->blur State to UNLOCK, bouncer=false changeFromBouncerScrim= false runnerUnlock= false goingAway=false hasHandle=true isOccludeAnimationPlaying=false
07-29 15:23:50.354  4875  4875 I SystemUi--QuickSettings: QSPanelAnimatorManager-->showFirstElement
07-29 15:23:50.354  3312  5330 D OplusCustomizeSecurityManagerService: we can't find the BLOCK
07-29 15:23:50.354  4875  5794 V OplusCustomizeCacheManager: queryCache name: sys.cache.common_customize_cache18013 param: null
07-29 15:23:50.355  4875  4875 D ViewRootImplExtImpl: wrapConfigInfoIntoFlags rotation=0, smallestScreenWidthDp=360, residentWS=false, scenario=0, bounds=Rect(0, 0 - 1080, 2376), relayoutAsync=true, flags=1, newFlags=1245719809, title=NotificationShade
07-29 15:23:50.355  3312  3758 D PowerManagerService: userActivityNoUpdateLocked: groupId=0, eventTime=58170, event=touch, flags=0x0, uid=1000
07-29 15:23:50.355  4875  4875 W VRI[NotificationShade]: updateBlastSurfaceIfNeeded, surfaceSize:Point(1080, 2376), lastSurfaceSize:Point(1080, 2376), format:-3, blastBufferQueue:android.graphics.BLASTBufferQueue@ae6c0ef
07-29 15:23:50.355  3312  4989 D WindowManagerServiceExtImpl: extractConfigInfoAndRealFlags rotation=0, screenDp=360, residentWS:0, scenario:0, bounds:2376, serverWinBounds:Rect(0, 0 - 1080, 2376), win=Window{71f35ab u0 NotificationShade}
07-29 15:23:50.355  3312  4989 V WindowManager: Relayout Window{71f35ab u0 NotificationShade}: viewVisibility=0, oldvis=0, req=1080x2376, vsysui=, x=0, y=0
07-29 15:23:50.355  4875  4875 I SurfaceControl:  setExtendedRangeBrightness sc=Surface(name=NotificationShade)/@0x92f9c82,currentBufferRatio=1.0,desiredRatio=1.0
07-29 15:23:50.356  4875  5794 V OplusCustomizeCacheManager: queryCache name: sys.cache.common_customize_cache18025 param: null
07-29 15:23:50.356  4875  5794 I SystemUi--QuickSettings: Tile.OplusAirplaneModeTile-->handleUpdateState state.state: 2 value: 1
07-29 15:23:50.356  4875  5794 V OplusCustomizeCacheManager: queryCache name: sys.cache.common_customize_cache18026 param: null
07-29 15:23:50.356  4875  4875 I PluginSeedling--CapsuleCard: CardRootViewModel-->onExpandedChanged: true
07-29 15:23:50.357  3312  4989 D RefreshRate: initControlPanelRefreshRateData PreferredRefreshRateData{mPreferredRefreshRateId=[3, 1, 2, 3],isAnimBoost=true}
07-29 15:23:50.357  4875  4875 I PluginSeedling--StateMachine: StateEventManager-->stable: true, event: null
07-29 15:23:50.357  3312  4989 D WindowManager: NFW_findFocusedWindowIfNeeded:Window{71f35ab u0 NotificationShade} mCurrentFocus:Window{a090d73 u0 com.android.launcher/com.android.launcher.Launcher}
07-29 15:23:50.357  3312  4989 V WindowManager: Changing focus from Window{a090d73 u0 com.android.launcher/com.android.launcher.Launcher} to Window{71f35ab u0 NotificationShade},diplayid=0
07-29 15:23:50.357  3312  3788 D VRR [OPlusRefreshRateService]: Receive multi scene changed eventId = 5 bundleList.size = 2
07-29 15:23:50.357  3312  4606 E OplusUIFirst_WS: unknown window type: -1
07-29 15:23:50.357  3312  4606 E UAH-Framework: invalid window type -1
07-29 15:23:50.357  3312  4665 E FBProcessManager: unknown window type: -1
07-29 15:23:50.358  3312  4989 D Theia.NoFocusWindow: FocusWindowErrorScene cancelCheckFreezeScreen
07-29 15:23:50.358  3312  4989 W TheiaWindowMonitor: [check] focusedWindow is null or enable is false
07-29 15:23:50.358  4875  4875 I SystemUi--Statusbar: DisplayRepository-->combining enabled=[0], connectedExternalDisplayIds=[], ignored=[]
07-29 15:23:50.359  4875  4875 D JankUtils: gfxSceneBegin; scene: 7; sceneDes: QS PULL
07-29 15:23:50.359  7114  7114 W Battery : PowerSaveTileService: updateTileState false
07-29 15:23:50.359  4875  5794 V OplusCustomizeCacheManager: queryCache name: sys.cache.common_customize_cache11009 param: null
07-29 15:23:50.359  4875  4875 I SystemUi--Keyguard: ScrimControllerExImp-->blur State to UNLOCK, bouncer=false changeFromBouncerScrim= false runnerUnlock= false goingAway=false hasHandle=true isOccludeAnimationPlaying=false
07-29 15:23:50.359  4875  4875 I SystemUi--Keyguard: ScrimControllerExImp-->blur State to UNLOCK, bouncer=false changeFromBouncerScrim= false runnerUnlock= false goingAway=false hasHandle=true isOccludeAnimationPlaying=false
07-29 15:23:50.361  4875  5794 V OplusCustomizeCacheManager: queryCache name: sys.cache.common_customize_cache18027 param: null
07-29 15:23:50.361  2166  2166 D OplusInfoMonitor: setListenerReport: reportInfo:
07-29 15:23:50.361  3312  3659 D SurfaceComposerClient: Transaction::apply InputWindowCommands.focusRequests timestamp=58174573882, windowName=71f35ab NotificationShade
07-29 15:23:50.361  2166  2392 D SurfaceFlinger: captureLayers from pid 5392 uid -335
07-29 15:23:50.361  4875  4875 W SystemUi--Common: SubsetBitmapDrawable-->[isValid] innerBitmap?.isRecycled=null
07-29 15:23:50.362  4875  5794 V OplusCustomizeCacheManager: queryCache name: sys.cache.common_customize_cache11010 param: null
07-29 15:23:50.362  4875  4875 I SystemUi--Statusbar: BatteryViewBinder-->create drawable: com.oplus.systemui.statusbar.pipeline.battery.ui.drawable.HorizontalBatteryContentDrawable@c422365 iconStyle:BatteryIconStyle(iconStyle=1, oldStylePercentIn=false, densityDpi=480, scaleFactor=1.0, themeId=0, isThemeModeColor=false, frameColorMode=0, isPercentOutBgMode=false, isPercentOutPbMode=false, batteryOutChargeBgMode=0)
07-29 15:23:50.363  4875  4875 I SystemUi--Statusbar: BatteryViewBinder-->create drawable: com.oplus.systemui.statusbar.pipeline.battery.ui.drawable.HorizontalBatteryContentDrawable@5d737de iconStyle:BatteryIconStyle(iconStyle=1, oldStylePercentIn=false, densityDpi=480, scaleFactor=1.0, themeId=0, isThemeModeColor=false, frameColorMode=0, isPercentOutBgMode=false, isPercentOutPbMode=false, batteryOutChargeBgMode=0)
07-29 15:23:50.365  4875  4875 W SystemUi--Common: SubsetBitmapDrawable-->[isValid] innerBitmap?.isRecycled=null
07-29 15:23:50.365  4875  4875 I SystemUi--Statusbar: BatteryViewBinder-->create drawable: com.oplus.systemui.statusbar.pipeline.battery.ui.drawable.HorizontalBatteryContentDrawable@6093f2 iconStyle:BatteryIconStyle(iconStyle=1, oldStylePercentIn=false, densityDpi=480, scaleFactor=1.0, themeId=0, isThemeModeColor=false, frameColorMode=0, isPercentOutBgMode=false, isPercentOutPbMode=false, batteryOutChargeBgMode=0)
07-29 15:23:50.365  4875  4875 I SystemUi--Statusbar: BatteryViewBinder-->create drawable: com.oplus.systemui.statusbar.pipeline.battery.ui.drawable.HorizontalBatteryContentDrawable@55eea43 iconStyle:BatteryIconStyle(iconStyle=1, oldStylePercentIn=false, densityDpi=480, scaleFactor=1.0, themeId=0, isThemeModeColor=false, frameColorMode=0, isPercentOutBgMode=false, isPercentOutPbMode=false, batteryOutChargeBgMode=0)
07-29 15:23:50.365  1917  4938 I SnapAlloc: Using graphics libs for alignment calculations
07-29 15:23:50.366  1917  4938 I SnapAlloc: Using graphics libs for alignment calculations
07-29 15:23:50.367  1917  4938 I SnapAlloc: Using graphics libs for alignment calculations
07-29 15:23:50.368  4875  4875 I SystemUi--Keyguard: ScrimControllerExImp-->blur State to UNLOCK, bouncer=false changeFromBouncerScrim= false runnerUnlock= false goingAway=false hasHandle=true isOccludeAnimationPlaying=false
07-29 15:23:50.368  4875  6270 D Util    : isPkgInstalled_isPkgInstalled = false
07-29 15:23:50.368  3312  5293 I InputDispatcher: injectInputEvent: targetUid=<not set>, syncMode=WAIT_FOR_FINISHED, timeout=30000ms, policyFlags=0x8000000, event=MotionEvent { action=MOVE, id[0]=0, x[0]=900, y[0]=778.6, eventTime=58184000000, downTime=58070000000, deviceId=4, source=TOUCHSCREEN, displayId=0, eventId=0xd0ffaa96}
07-29 15:23:50.368  4875  4875 I SystemUi--Keyguard: ScrimControllerExImp-->blur State to UNLOCK, bouncer=false changeFromBouncerScrim= false runnerUnlock= false goingAway=false hasHandle=true isOccludeAnimationPlaying=false
07-29 15:23:50.368  4875  4875 I SystemUi--QuickSettings: QSPanelAnimatorManager-->showSecondElement
07-29 15:23:50.369  4875  6270 D Util    : isPkgInstalled_isPkgInstalled = true
07-29 15:23:50.371  2166  3539 D SurfaceFlinger: updateWinowInfo=1, setFocusedWindow timestamp=58174573882, windowName=71f35ab NotificationShade
07-29 15:23:50.372  3312  3428 I InputDispatcher: NFW_setFocusedWindow, 71f35ab NotificationShade on display 0, same as the previous:0
07-29 15:23:50.372  3312  3428 I InputDispatcher: updateFocusedWindow, 71f35ab NotificationShade on display 0, reason: setFocusedWindow, result:   FocusedWindows:
07-29 15:23:50.372  3312  3428 I InputDispatcher:     displayId=0, name='71f35ab NotificationShade'
07-29 15:23:50.372  5223  5223 D VRI[Launcher]: onFocusEvent false
07-29 15:23:50.372  4875  4875 D VRI[NotificationShade]: onFocusEvent true
07-29 15:23:50.372  4875  4875 I SystemUi--Keyguard: ScrimControllerExImp-->blur State to UNLOCK, bouncer=false changeFromBouncerScrim= false runnerUnlock= false goingAway=false hasHandle=true isOccludeAnimationPlaying=false
07-29 15:23:50.372  4875  4875 I SystemUi--Keyguard: ScrimControllerExImp-->blur State to UNLOCK, bouncer=false changeFromBouncerScrim= false runnerUnlock= false goingAway=false hasHandle=true isOccludeAnimationPlaying=false
