07-29 15:23:52.358  8202  9605 E metis_v2_JenaHandlerManager: local thread match [7f0000011753816990271109706989|p_6989_1da7b1d@1|p_8202_b201521@6|com.oplus.metis]
07-29 15:23:52.358  8202  9605 E metis_v2_JenaHandlerManager: local thread match [7f0000011753816990271109706989|p_6989_1da7b1d@1|p_8202_b201521@6|com.oplus.metis]
07-29 15:23:52.358  8202  9605 E metis_v2_JenaHandlerManager: local thread match [7f0000011753816990271109706989|p_6989_1da7b1d@1|p_8202_b201521@6|com.oplus.metis]
07-29 15:23:52.358  8202  9605 E metis_v2_JenaHandlerManager: local thread match [7f0000011753816990271109706989|p_6989_1da7b1d@1|p_8202_b201521@6|com.oplus.metis]
07-29 15:23:52.358  8202  9605 E metis_v2_JenaHandlerManager: local thread match [7f0000011753816990271109706989|p_6989_1da7b1d@1|p_8202_b201521@6|com.oplus.metis]
07-29 15:23:52.358  8202  9605 E metis_v2_JenaHandlerManager: local thread match [7f0000011753816990271109706989|p_6989_1da7b1d@1|p_8202_b201521@6|com.oplus.metis]
07-29 15:23:52.358  8202  9605 E metis_v2_JenaHandlerManager: local thread match [7f0000011753816990271109706989|p_6989_1da7b1d@1|p_8202_b201521@6|com.oplus.metis]
07-29 15:23:52.358  8202  9605 E metis_v2_JenaHandlerManager: local thread match [7f0000011753816990271109706989|p_6989_1da7b1d@1|p_8202_b201521@6|com.oplus.metis]
07-29 15:23:52.358  8202  9605 E metis_v2_JenaHandlerManager: local thread match [7f0000011753816990271109706989|p_6989_1da7b1d@1|p_8202_b201521@6|com.oplus.metis]
07-29 15:23:52.358  8202  9605 E metis_v2_JenaHandlerManager: local thread match [7f0000011753816990271109706989|p_6989_1da7b1d@1|p_8202_b201521@6|com.oplus.metis]
07-29 15:23:52.358  8202  9605 E metis_v2_JenaHandlerManager: local thread match [7f0000011753816990271109706989|p_6989_1da7b1d@1|p_8202_b201521@6|com.oplus.metis]
07-29 15:23:52.358  8202  9605 E metis_v2_JenaHandlerManager: local thread match [7f0000011753816990271109706989|p_6989_1da7b1d@1|p_8202_b201521@6|com.oplus.metis]
07-29 15:23:52.358  8202  9605 E metis_v2_JenaHandlerManager: local thread match [7f0000011753816990271109706989|p_6989_1da7b1d@1|p_8202_b201521@6|com.oplus.metis]
07-29 15:23:52.358  8202  9605 E metis_v2_JenaHandlerManager: local thread match [7f0000011753816990271109706989|p_6989_1da7b1d@1|p_8202_b201521@6|com.oplus.metis]
07-29 15:23:52.358  8202  9605 E metis_v2_JenaHandlerManager: local thread match [7f0000011753816990271109706989|p_6989_1da7b1d@1|p_8202_b201521@6|com.oplus.metis]
07-29 15:23:52.358  8202  9605 E metis_v2_JenaHandlerManager: local thread match [7f0000011753816990271109706989|p_6989_1da7b1d@1|p_8202_b201521@6|com.oplus.metis]
07-29 15:23:52.358  8202  9605 E metis_v2_JenaHandlerManager: local thread match [7f0000011753816990271109706989|p_6989_1da7b1d@1|p_8202_b201521@6|com.oplus.metis]
07-29 15:23:52.358  8202  9605 E metis_v2_JenaHandlerManager: local thread match [7f0000011753816990271109706989|p_6989_1da7b1d@1|p_8202_b201521@6|com.oplus.metis]
07-29 15:23:52.358  8202  9605 E metis_v2_JenaHandlerManager: local thread match [7f0000011753816990271109706989|p_6989_1da7b1d@1|p_8202_b201521@6|com.oplus.metis]
07-29 15:23:52.358  8202  9605 E metis_v2_JenaHandlerManager: local thread match [7f0000011753816990271109706989|p_6989_1da7b1d@1|p_8202_b201521@6|com.oplus.metis]
07-29 15:23:52.358  8202  9605 E metis_v2_JenaHandlerManager: local thread match [7f0000011753816990271109706989|p_6989_1da7b1d@1|p_8202_b201521@6|com.oplus.metis]
07-29 15:23:52.358  8202  9605 E metis_v2_JenaHandlerManager: local thread match [7f0000011753816990271109706989|p_6989_1da7b1d@1|p_8202_b201521@6|com.oplus.metis]
07-29 15:23:52.358  8202  9605 E metis_v2_JenaHandlerManager: local thread match [7f0000011753816990271109706989|p_6989_1da7b1d@1|p_8202_b201521@6|com.oplus.metis]
07-29 15:23:52.358  8202  9605 E metis_v2_JenaHandlerManager: local thread match [7f0000011753816990271109706989|p_6989_1da7b1d@1|p_8202_b201521@6|com.oplus.metis]
07-29 15:23:52.358  8202  9605 E metis_v2_JenaHandlerManager: local thread match [7f0000011753816990271109706989|p_6989_1da7b1d@1|p_8202_b201521@6|com.oplus.metis]
07-29 15:23:52.358  8202  9605 E metis_v2_JenaHandlerManager: local thread match [7f0000011753816990271109706989|p_6989_1da7b1d@1|p_8202_b201521@6|com.oplus.metis]
07-29 15:23:52.358  8202  9605 E metis_v2_JenaHandlerManager: local thread match [7f0000011753816990271109706989|p_6989_1da7b1d@1|p_8202_b201521@6|com.oplus.metis]
07-29 15:23:52.358  8202  9605 E metis_v2_JenaHandlerManager: local thread match [7f0000011753816990271109706989|p_6989_1da7b1d@1|p_8202_b201521@6|com.oplus.metis]
07-29 15:23:52.358  8202  9605 E metis_v2_JenaHandlerManager: local thread match [7f0000011753816990271109706989|p_6989_1da7b1d@1|p_8202_b201521@6|com.oplus.metis]
07-29 15:23:52.358  8202  9605 E metis_v2_JenaHandlerManager: local thread match [7f0000011753816990271109706989|p_6989_1da7b1d@1|p_8202_b201521@6|com.oplus.metis]
07-29 15:23:52.358  8202  9605 E metis_v2_JenaHandlerManager: local thread match [7f0000011753816990271109706989|p_6989_1da7b1d@1|p_8202_b201521@6|com.oplus.metis]
07-29 15:23:52.358  8202  9605 E metis_v2_JenaHandlerManager: local thread match [7f0000011753816990271109706989|p_6989_1da7b1d@1|p_8202_b201521@6|com.oplus.metis]
07-29 15:23:52.358  8202  9605 E metis_v2_JenaHandlerManager: local thread match [7f0000011753816990271109706989|p_6989_1da7b1d@1|p_8202_b201521@6|com.oplus.metis]
07-29 15:23:52.358  8202  9605 E metis_v2_JenaHandlerManager: local thread match [7f0000011753816990271109706989|p_6989_1da7b1d@1|p_8202_b201521@6|com.oplus.metis]
07-29 15:23:52.358  8202  9605 E metis_v2_JenaHandlerManager: local thread match [7f0000011753816990271109706989|p_6989_1da7b1d@1|p_8202_b201521@6|com.oplus.metis]
07-29 15:23:52.358  8202  9605 E metis_v2_JenaHandlerManager: local thread match [7f0000011753816990271109706989|p_6989_1da7b1d@1|p_8202_b201521@6|com.oplus.metis]
07-29 15:23:52.358  8202  9605 E metis_v2_JenaHandlerManager: local thread match [7f0000011753816990271109706989|p_6989_1da7b1d@1|p_8202_b201521@6|com.oplus.metis]
07-29 15:23:52.358  8202  9605 E metis_v2_JenaHandlerManager: local thread match [7f0000011753816990271109706989|p_6989_1da7b1d@1|p_8202_b201521@6|com.oplus.metis]
07-29 15:23:52.358  8202  9605 E metis_v2_JenaHandlerManager: local thread match [7f0000011753816990271109706989|p_6989_1da7b1d@1|p_8202_b201521@6|com.oplus.metis]
07-29 15:23:52.358  8202  9605 E metis_v2_JenaHandlerManager: local thread match [7f0000011753816990271109706989|p_6989_1da7b1d@1|p_8202_b201521@6|com.oplus.metis]
07-29 15:23:52.358  8202  9605 E metis_v2_JenaHandlerManager: local thread match [7f0000011753816990271109706989|p_6989_1da7b1d@1|p_8202_b201521@6|com.oplus.metis]
07-29 15:23:52.358  8202  9605 E metis_v2_JenaHandlerManager: local thread match [7f0000011753816990271109706989|p_6989_1da7b1d@1|p_8202_b201521@6|com.oplus.metis]
07-29 15:23:52.358  8202  9605 E metis_v2_JenaHandlerManager: local thread match [7f0000011753816990271109706989|p_6989_1da7b1d@1|p_8202_b201521@6|com.oplus.metis]
07-29 15:23:52.358  8202  9605 E metis_v2_JenaHandlerManager: local thread match [7f0000011753816990271109706989|p_6989_1da7b1d@1|p_8202_b201521@6|com.oplus.metis]
07-29 15:23:52.358  8202  9605 E metis_v2_JenaHandlerManager: local thread match [7f0000011753816990271109706989|p_6989_1da7b1d@1|p_8202_b201521@6|com.oplus.metis]
07-29 15:23:52.358  8202  9605 E metis_v2_JenaHandlerManager: local thread match [7f0000011753816990271109706989|p_6989_1da7b1d@1|p_8202_b201521@6|com.oplus.metis]
07-29 15:23:52.358  8202  9605 E metis_v2_JenaHandlerManager: local thread match [7f0000011753816990271109706989|p_6989_1da7b1d@1|p_8202_b201521@6|com.oplus.metis]
07-29 15:23:52.358  8202  9605 E metis_v2_JenaHandlerManager: local thread match [7f0000011753816990271109706989|p_6989_1da7b1d@1|p_8202_b201521@6|com.oplus.metis]
07-29 15:23:52.358  8202  9605 E metis_v2_JenaHandlerManager: local thread match [7f0000011753816990271109706989|p_6989_1da7b1d@1|p_8202_b201521@6|com.oplus.metis]
07-29 15:23:52.358  8202  9605 E metis_v2_JenaHandlerManager: local thread match [7f0000011753816990271109706989|p_6989_1da7b1d@1|p_8202_b201521@6|com.oplus.metis]
07-29 15:23:52.358  8202  9605 E metis_v2_JenaHandlerManager: local thread match [7f0000011753816990271109706989|p_6989_1da7b1d@1|p_8202_b201521@6|com.oplus.metis]
07-29 15:23:52.358  8202  9605 E metis_v2_JenaHandlerManager: local thread match [7f0000011753816990271109706989|p_6989_1da7b1d@1|p_8202_b201521@6|com.oplus.metis]
07-29 15:23:52.358  8202  9605 E metis_v2_JenaHandlerManager: local thread match [7f0000011753816990271109706989|p_6989_1da7b1d@1|p_8202_b201521@6|com.oplus.metis]
07-29 15:23:52.358  8202  9605 E metis_v2_JenaHandlerManager: local thread match [7f0000011753816990271109706989|p_6989_1da7b1d@1|p_8202_b201521@6|com.oplus.metis]
07-29 15:23:52.358  8202  9605 E metis_v2_JenaHandlerManager: local thread match [7f0000011753816990271109706989|p_6989_1da7b1d@1|p_8202_b201521@6|com.oplus.metis]
07-29 15:23:52.358  8202  9605 E metis_v2_JenaHandlerManager: local thread match [7f0000011753816990271109706989|p_6989_1da7b1d@1|p_8202_b201521@6|com.oplus.metis]
07-29 15:23:52.358  8202  9605 E metis_v2_JenaHandlerManager: local thread match [7f0000011753816990271109706989|p_6989_1da7b1d@1|p_8202_b201521@6|com.oplus.metis]
07-29 15:23:52.358  8202  9605 E metis_v2_JenaHandlerManager: local thread match [7f0000011753816990271109706989|p_6989_1da7b1d@1|p_8202_b201521@6|com.oplus.metis]
07-29 15:23:52.358  8202  9605 E metis_v2_JenaHandlerManager: local thread match [7f0000011753816990271109706989|p_6989_1da7b1d@1|p_8202_b201521@6|com.oplus.metis]
07-29 15:23:52.358  8202  9605 E metis_v2_JenaHandlerManager: local thread match [7f0000011753816990271109706989|p_6989_1da7b1d@1|p_8202_b201521@6|com.oplus.metis]
07-29 15:23:52.358  8202  9605 E metis_v2_JenaHandlerManager: local thread match [7f0000011753816990271109706989|p_6989_1da7b1d@1|p_8202_b201521@6|com.oplus.metis]
07-29 15:23:52.358  8202  9605 E metis_v2_JenaHandlerManager: local thread match [7f0000011753816990271109706989|p_6989_1da7b1d@1|p_8202_b201521@6|com.oplus.metis]
07-29 15:23:52.358  8202  9605 E metis_v2_JenaHandlerManager: local thread match [7f0000011753816990271109706989|p_6989_1da7b1d@1|p_8202_b201521@6|com.oplus.metis]
07-29 15:23:52.358  8202  9605 E metis_v2_JenaHandlerManager: local thread match [7f0000011753816990271109706989|p_6989_1da7b1d@1|p_8202_b201521@6|com.oplus.metis]
07-29 15:23:52.358  8202  9605 E metis_v2_JenaHandlerManager: local thread match [7f0000011753816990271109706989|p_6989_1da7b1d@1|p_8202_b201521@6|com.oplus.metis]
07-29 15:23:52.358  8202  9605 E metis_v2_JenaHandlerManager: local thread match [7f0000011753816990271109706989|p_6989_1da7b1d@1|p_8202_b201521@6|com.oplus.metis]
07-29 15:23:52.358  8202  9605 E metis_v2_JenaHandlerManager: local thread match [7f0000011753816990271109706989|p_6989_1da7b1d@1|p_8202_b201521@6|com.oplus.metis]
07-29 15:23:52.358  8202  9605 E metis_v2_JenaHandlerManager: local thread match [7f0000011753816990271109706989|p_6989_1da7b1d@1|p_8202_b201521@6|com.oplus.metis]
07-29 15:23:52.358  8202  9605 E metis_v2_JenaHandlerManager: local thread match [7f0000011753816990271109706989|p_6989_1da7b1d@1|p_8202_b201521@6|com.oplus.metis]
07-29 15:23:52.358  8202  9605 E metis_v2_JenaHandlerManager: local thread match [7f0000011753816990271109706989|p_6989_1da7b1d@1|p_8202_b201521@6|com.oplus.metis]
07-29 15:23:52.358  8202  9605 E metis_v2_JenaHandlerManager: local thread match [7f0000011753816990271109706989|p_6989_1da7b1d@1|p_8202_b201521@6|com.oplus.metis]
07-29 15:23:52.358  8202  9605 E metis_v2_JenaHandlerManager: local thread match [7f0000011753816990271109706989|p_6989_1da7b1d@1|p_8202_b201521@6|com.oplus.metis]
07-29 15:23:52.358  8202  9605 E metis_v2_JenaHandlerManager: local thread match [7f0000011753816990271109706989|p_6989_1da7b1d@1|p_8202_b201521@6|com.oplus.metis]
07-29 15:23:52.358  8202  9605 E metis_v2_JenaHandlerManager: local thread match [7f0000011753816990271109706989|p_6989_1da7b1d@1|p_8202_b201521@6|com.oplus.metis]
07-29 15:23:52.358  8202  9605 E metis_v2_JenaHandlerManager: local thread match [7f0000011753816990271109706989|p_6989_1da7b1d@1|p_8202_b201521@6|com.oplus.metis]
07-29 15:23:52.358  8202  9605 E metis_v2_JenaHandlerManager: local thread match [7f0000011753816990271109706989|p_6989_1da7b1d@1|p_8202_b201521@6|com.oplus.metis]
07-29 15:23:52.358  8202  9605 E metis_v2_JenaHandlerManager: local thread match [7f0000011753816990271109706989|p_6989_1da7b1d@1|p_8202_b201521@6|com.oplus.metis]
07-29 15:23:52.358  8202  9605 E metis_v2_JenaHandlerManager: local thread match [7f0000011753816990271109706989|p_6989_1da7b1d@1|p_8202_b201521@6|com.oplus.metis]
07-29 15:23:52.358  8202  9605 E metis_v2_JenaHandlerManager: local thread match [7f0000011753816990271109706989|p_6989_1da7b1d@1|p_8202_b201521@6|com.oplus.metis]
07-29 15:23:52.358  8202  9605 E metis_v2_JenaHandlerManager: local thread match [7f0000011753816990271109706989|p_6989_1da7b1d@1|p_8202_b201521@6|com.oplus.metis]
07-29 15:23:52.358  8202  9605 E metis_v2_JenaHandlerManager: local thread match [7f0000011753816990271109706989|p_6989_1da7b1d@1|p_8202_b201521@6|com.oplus.metis]
07-29 15:23:52.358  8202  9605 E metis_v2_JenaHandlerManager: local thread match [7f0000011753816990271109706989|p_6989_1da7b1d@1|p_8202_b201521@6|com.oplus.metis]
07-29 15:23:52.358  8202  9605 E metis_v2_JenaHandlerManager: local thread match [7f0000011753816990271109706989|p_6989_1da7b1d@1|p_8202_b201521@6|com.oplus.metis]
07-29 15:23:52.358  8202  9605 E metis_v2_JenaHandlerManager: local thread match [7f0000011753816990271109706989|p_6989_1da7b1d@1|p_8202_b201521@6|com.oplus.metis]
07-29 15:23:52.358  8202  9605 E metis_v2_JenaHandlerManager: local thread match [7f0000011753816990271109706989|p_6989_1da7b1d@1|p_8202_b201521@6|com.oplus.metis]
07-29 15:23:52.358  8202  9605 E metis_v2_JenaHandlerManager: local thread match [7f0000011753816990271109706989|p_6989_1da7b1d@1|p_8202_b201521@6|com.oplus.metis]
07-29 15:23:52.358  8202  9605 E metis_v2_JenaHandlerManager: local thread match [7f0000011753816990271109706989|p_6989_1da7b1d@1|p_8202_b201521@6|com.oplus.metis]
07-29 15:23:52.358  8202  9605 E metis_v2_JenaHandlerManager: local thread match [7f0000011753816990271109706989|p_6989_1da7b1d@1|p_8202_b201521@6|com.oplus.metis]
07-29 15:23:52.358  8202  9605 E metis_v2_JenaHandlerManager: local thread match [7f0000011753816990271109706989|p_6989_1da7b1d@1|p_8202_b201521@6|com.oplus.metis]
07-29 15:23:52.358  8202  9605 E metis_v2_JenaHandlerManager: local thread match [7f0000011753816990271109706989|p_6989_1da7b1d@1|p_8202_b201521@6|com.oplus.metis]
07-29 15:23:52.358  8202  9605 E metis_v2_JenaHandlerManager: local thread match [7f0000011753816990271109706989|p_6989_1da7b1d@1|p_8202_b201521@6|com.oplus.metis]
07-29 15:23:52.358  8202  9605 E metis_v2_JenaHandlerManager: local thread match [7f0000011753816990271109706989|p_6989_1da7b1d@1|p_8202_b201521@6|com.oplus.metis]
07-29 15:23:52.358  8202  9605 E metis_v2_JenaHandlerManager: local thread match [7f0000011753816990271109706989|p_6989_1da7b1d@1|p_8202_b201521@6|com.oplus.metis]
07-29 15:23:52.358  8202  9605 E metis_v2_JenaHandlerManager: local thread match [7f0000011753816990271109706989|p_6989_1da7b1d@1|p_8202_b201521@6|com.oplus.metis]
07-29 15:23:52.358  8202  9605 E metis_v2_JenaHandlerManager: local thread match [7f0000011753816990271109706989|p_6989_1da7b1d@1|p_8202_b201521@6|com.oplus.metis]
07-29 15:23:52.358  8202  9605 E metis_v2_JenaHandlerManager: local thread match [7f0000011753816990271109706989|p_6989_1da7b1d@1|p_8202_b201521@6|com.oplus.metis]
07-29 15:23:52.358  8202  9605 E metis_v2_JenaHandlerManager: local thread match [7f0000011753816990271109706989|p_6989_1da7b1d@1|p_8202_b201521@6|com.oplus.metis]
07-29 15:23:52.358  8202  9605 E metis_v2_JenaHandlerManager: local thread match [7f0000011753816990271109706989|p_6989_1da7b1d@1|p_8202_b201521@6|com.oplus.metis]
07-29 15:23:52.358  8202  9605 E metis_v2_JenaHandlerManager: local thread match [7f0000011753816990271109706989|p_6989_1da7b1d@1|p_8202_b201521@6|com.oplus.metis]
07-29 15:23:52.358  8202  9605 E metis_v2_JenaHandlerManager: local thread match [7f0000011753816990271109706989|p_6989_1da7b1d@1|p_8202_b201521@6|com.oplus.metis]
07-29 15:23:52.358  8202  9605 E metis_v2_JenaHandlerManager: local thread match [7f0000011753816990271109706989|p_6989_1da7b1d@1|p_8202_b201521@6|com.oplus.metis]
07-29 15:23:52.358  8202  9605 E metis_v2_JenaHandlerManager: local thread match [7f0000011753816990271109706989|p_6989_1da7b1d@1|p_8202_b201521@6|com.oplus.metis]
07-29 15:23:52.358  8202  9605 E metis_v2_JenaHandlerManager: local thread match [7f0000011753816990271109706989|p_6989_1da7b1d@1|p_8202_b201521@6|com.oplus.metis]
07-29 15:23:52.358  8202  9605 E metis_v2_JenaHandlerManager: local thread match [7f0000011753816990271109706989|p_6989_1da7b1d@1|p_8202_b201521@6|com.oplus.metis]
07-29 15:23:52.358  8202  9605 E metis_v2_JenaHandlerManager: local thread match [7f0000011753816990271109706989|p_6989_1da7b1d@1|p_8202_b201521@6|com.oplus.metis]
07-29 15:23:52.358  8202  9605 E metis_v2_JenaHandlerManager: local thread match [7f0000011753816990271109706989|p_6989_1da7b1d@1|p_8202_b201521@6|com.oplus.metis]
07-29 15:23:52.358  8202  9605 E metis_v2_JenaHandlerManager: local thread match [7f0000011753816990271109706989|p_6989_1da7b1d@1|p_8202_b201521@6|com.oplus.metis]
07-29 15:23:52.358  8202  9605 E metis_v2_JenaHandlerManager: local thread match [7f0000011753816990271109706989|p_6989_1da7b1d@1|p_8202_b201521@6|com.oplus.metis]
07-29 15:23:52.358  8202  9605 E metis_v2_JenaHandlerManager: local thread match [7f0000011753816990271109706989|p_6989_1da7b1d@1|p_8202_b201521@6|com.oplus.metis]
07-29 15:23:52.358  8202  9605 E metis_v2_JenaHandlerManager: local thread match [7f0000011753816990271109706989|p_6989_1da7b1d@1|p_8202_b201521@6|com.oplus.metis]
07-29 15:23:52.358  8202  9605 E metis_v2_JenaHandlerManager: local thread match [7f0000011753816990271109706989|p_6989_1da7b1d@1|p_8202_b201521@6|com.oplus.metis]
07-29 15:23:52.358  8202  9605 E metis_v2_JenaHandlerManager: local thread match [7f0000011753816990271109706989|p_6989_1da7b1d@1|p_8202_b201521@6|com.oplus.metis]
07-29 15:23:52.358  8202  9605 E metis_v2_JenaHandlerManager: local thread match [7f0000011753816990271109706989|p_6989_1da7b1d@1|p_8202_b201521@6|com.oplus.metis]
07-29 15:23:52.358  8202  9605 E metis_v2_JenaHandlerManager: local thread match [7f0000011753816990271109706989|p_6989_1da7b1d@1|p_8202_b201521@6|com.oplus.metis]
07-29 15:23:52.358  8202  9605 E metis_v2_JenaHandlerManager: local thread match [7f0000011753816990271109706989|p_6989_1da7b1d@1|p_8202_b201521@6|com.oplus.metis]
07-29 15:23:52.358  8202  9605 E metis_v2_JenaHandlerManager: local thread match [7f0000011753816990271109706989|p_6989_1da7b1d@1|p_8202_b201521@6|com.oplus.metis]
07-29 15:23:52.358  8202  9605 E metis_v2_JenaHandlerManager: local thread match [7f0000011753816990271109706989|p_6989_1da7b1d@1|p_8202_b201521@6|com.oplus.metis]
07-29 15:23:52.358  8202  9605 E metis_v2_JenaHandlerManager: local thread match [7f0000011753816990271109706989|p_6989_1da7b1d@1|p_8202_b201521@6|com.oplus.metis]
07-29 15:23:52.358  8202  9605 E metis_v2_JenaHandlerManager: local thread match [7f0000011753816990271109706989|p_6989_1da7b1d@1|p_8202_b201521@6|com.oplus.metis]
07-29 15:23:52.358  8202  9605 E metis_v2_JenaHandlerManager: local thread match [7f0000011753816990271109706989|p_6989_1da7b1d@1|p_8202_b201521@6|com.oplus.metis]
07-29 15:23:52.358  8202  9605 E metis_v2_JenaHandlerManager: local thread match [7f0000011753816990271109706989|p_6989_1da7b1d@1|p_8202_b201521@6|com.oplus.metis]
07-29 15:23:52.358  8202  9605 E metis_v2_JenaHandlerManager: local thread match [7f0000011753816990271109706989|p_6989_1da7b1d@1|p_8202_b201521@6|com.oplus.metis]
07-29 15:23:52.358  8202  9605 E metis_v2_JenaHandlerManager: local thread match [7f0000011753816990271109706989|p_6989_1da7b1d@1|p_8202_b201521@6|com.oplus.metis]
07-29 15:23:52.358  8202  9605 E metis_v2_JenaHandlerManager: local thread match [7f0000011753816990271109706989|p_6989_1da7b1d@1|p_8202_b201521@6|com.oplus.metis]
07-29 15:23:52.358  8202  9605 E metis_v2_JenaHandlerManager: local thread match [7f0000011753816990271109706989|p_6989_1da7b1d@1|p_8202_b201521@6|com.oplus.metis]
07-29 15:23:52.358  8202  9605 E metis_v2_JenaHandlerManager: local thread match [7f0000011753816990271109706989|p_6989_1da7b1d@1|p_8202_b201521@6|com.oplus.metis]
07-29 15:23:52.358  8202  9605 E metis_v2_JenaHandlerManager: local thread match [7f0000011753816990271109706989|p_6989_1da7b1d@1|p_8202_b201521@6|com.oplus.metis]
07-29 15:23:52.358  8202  9605 E metis_v2_JenaHandlerManager: local thread match [7f0000011753816990271109706989|p_6989_1da7b1d@1|p_8202_b201521@6|com.oplus.metis]
07-29 15:23:52.360  7036 10001 I AstScreen.NetDataRepository: jsonIntent:[]
07-29 15:23:52.365  5249  5590 W [0]DCS  : Common Record event failed. DCS reject event: [appId=107501,logTag=10750101,eventId=metis_scene] . Pls check server config.
07-29 15:23:52.442  1920  2196 I SDM     : DisplayBase::CommitThread: Received idle timeout, panel: cmd, timeout: 70000 us
07-29 15:23:52.513  2007  2007 D SensorFeature: name=ssc_screenshot_info ,index = 22
07-29 15:23:52.513  2007  2007 D SensorFeature: write 29 bytes:60278471954,60328712944,166,0
07-29 15:23:52.515  3312  4397 D FusionLightNextGen: process end reported = 1, mode: 0, lux 319.8, cct -1.0, r/g/b/c: 14136.3/9554.9/4060.5/26464.2, R/G/B: 132.0/125.0/124.0, bri 1337.0, match 0.60, ir 0.026425, conf 0.0, ts 60245022546
07-29 15:23:52.515  1920  4458 I Dpps    : LtmSwState::SetParameter():144 ignore cmd 7 in state LtmOffState
07-29 15:23:52.518  1920  2196 I SDM     : DisplayBase::CommitThread: Received idle timeout, panel: cmd, timeout: 70000 us
07-29 15:23:52.603  2166  3525 D VRR [OTI]: handleIdle from 0 to 1
07-29 15:23:52.603  2166  3525 D VRR [OTI-HW]: isStateReady 1
07-29 15:23:52.603  2166  3525 D VRR [RefreshRateDirector]: requestRefreshRateByOti update [ oti-hw, {fps=60, modePtr={id=5, vsyncRate=60.00 Hz, peakRefreshRate=60.00 Hz}} ]
07-29 15:23:52.603  2166  3525 D VRR [RefreshRateDirector]: selectBestFrameRate DirectorMapOti [oti-hw, {fps=60, modePtr={id=5, vsyncRate=60.00 Hz, peakRefreshRate=60.00 Hz}}]
07-29 15:23:52.603  2166  3525 D VRR [RefreshRateDirector]: updateBestFrameRate [oti-hw, {fps=60, modePtr={id=5, vsyncRate=60.00 Hz, peakRefreshRate=60.00 Hz}}]
07-29 15:23:52.603  2166  3525 D SurfaceFlinger: VRR [SurfaceFlinger] setDesiredActiveMode: displayId: 4630946756802996883, renderRate: 60, vsyncRate: 60, event: 1
07-29 15:23:52.603  2166  3525 D DisplayModeController: setDesiredMode 4630946756802996883 {mode={fps=60.00 Hz, modePtr={id=5, vsyncRate=60.00 Hz, peakRefreshRate=60.00 Hz}}, emitEvent=true, force=false}
07-29 15:23:52.606  2166  2166 I DisplayModeController: hwc begin mode change to 16666666
07-29 15:23:52.606  2166  2166 I HWC2    : [0] setActiveConfigWithConstraints[5]
07-29 15:23:52.607  1920  3496 W SDM     : HWDeviceDRM::GetSupportedBitClkRate: Requested rate not supported: 1363200000
07-29 15:23:52.607  1920  3496 I SDM     : HWDeviceDRM::UpdateMixerAttributes: Mixer WxH 1440x3168-1 for Peripheral
07-29 15:23:52.607  1920  3496 I CwbService: CwbService::notifyConfigChange: display:0, config:5 size:4, sec.size():0
07-29 15:23:52.608  1920  3496 I CwbService: CwbService::notifyConfigChange: display: 0, config = 1
07-29 15:23:52.608  1920  3485 I CasManager: Fps changed from 120 to 60
07-29 15:23:52.608  1920  3485 I CasManager: Fps changed, not change bin, so trigger gain
07-29 15:23:52.608  1920  3485 W SDM     : DemuraIntfImpl::ProcessOemPluginGain: Thermal intf_ is nullptr 0, default to 25 degree
07-29 15:23:52.608  1920  3485 I SDM     : CasQcPlugIn::ProcessPerCompGainOppo: input params, mode:PWM, fps:60, dbv:1337
07-29 15:23:52.608  1920  3485 I SDM     : CasQcPlugIn::ProcessPerCompGainOppo: normalized bright_adj:1024, dbv:1337, bin_dbv:1083, 
07-29 15:23:52.608  1920  3485 I SDM     : CasQcPlugIn::ProcessPerCompGainOppo: gains print start =====================
07-29 15:23:52.608  1920  3485 I SDM     : CasQcPlugIn::ProcessPerCompGainOppo: gain --------------------------------
07-29 15:23:52.608  1920  3485 I SDM     : CasQcPlugIn::ProcessPerCompGainOppo: old: 0 0 0 57 90 322 1201 3072
07-29 15:23:52.608  1920  3485 I SDM     : CasQcPlugIn::ProcessPerCompGainOppo: new: 0 0 0 43 72 261 973 3072
07-29 15:23:52.608  1920  3485 I SDM     : CasQcPlugIn::ProcessPerCompGainOppo: gain --------------------------------
07-29 15:23:52.608  1920  3485 I SDM     : CasQcPlugIn::ProcessPerCompGainOppo: old: 0 0 0 64 125 373 1336 3072
07-29 15:23:52.608  1920  3485 I SDM     : CasQcPlugIn::ProcessPerCompGainOppo: new: 0 0 0 48 89 373 1336 3072
07-29 15:23:52.608  1920  3485 I SDM     : CasQcPlugIn::ProcessPerCompGainOppo: gain --------------------------------
07-29 15:23:52.608  1920  3485 I SDM     : CasQcPlugIn::ProcessPerCompGainOppo: old: 0 0 0 42 83 323 1222 3072
07-29 15:23:52.608  1920  3485 I SDM     : CasQcPlugIn::ProcessPerCompGainOppo: new: 0 0 0 31 83 323 1222 3072
07-29 15:23:52.608  1920  3485 I SDM     : CasQcPlugIn::ProcessPerCompGainOppo: gains print end =======================
07-29 15:23:52.615  1920  3485 I SDM     : DemuraIntfImpl::StageAllData: Staged all data to Demura Driver!
07-29 15:23:52.615  1920  3485 I SDM     : HWPeripheralDRM::SetPanelFeature: Set Panel feature property 19
07-29 15:23:52.615  1920  3485 I SDM     : HWPeripheralDRM::SetPanelFeature: Set Panel feature property 7
07-29 15:23:52.615  1920  3485 I SDM     : DisplayBuiltIn::TriggerDemuraOemPlugIn: Trigger demura oem plugin success
07-29 15:23:52.617  1920  2196 I SDM     : DRMPanelFeatureMgr::ApplyDirtyFeature: Commited panel feature [enabled]: 20-272
07-29 15:23:52.617  1920  2196 I SDM     : DRMPanelFeatureMgr::ApplyDirtyFeature: Commited panel feature [enabled]: 8-271
07-29 15:23:52.639  2166  2166 D VRR-[OPlusRefreshRateSelector]: setCurrentModeId 5 type SM
07-29 15:23:52.639  2166  3525 D VRR [OTI-HW]: isStateReady 1
07-29 15:23:52.639  2166  3525 D VRR [OTI-HW]: keep rate.
07-29 15:23:52.640  3312  3658 I DisplayDeviceRepository: Display device changed render timings: "Built-in Screen", renderFrameRate=60.000004, presentationDeadlineNanos=16666666, appVsyncOffsetNanos=1000000
07-29 15:23:52.641  3312  3658 D LogicalDisplayExt: set displayInfo flag FLAG_ROTATES_WITH_CONTENT
07-29 15:23:52.642  3312  3658 D DisplayManagerServiceExtImpl: scheduleTraversalLocked intraversal=false
07-29 15:23:52.642  3312  3658 I DisplayManagerServiceExtImpl: handle logical display changed logicalDisplay=id=0,stack=0,content=true,displayInfo{stack=0,type=1,id=0,uId=local:4630946756802996883,state=ON,pkg=null}
07-29 15:23:52.642  3312  3658 D DisplayManagerService: Delivering display event: displayId=0, event=CHANGED
07-29 15:23:52.642  3312  3757 D BrightnessThermalClamper: Thermal status observer already started
07-29 15:23:52.643  3312  3757 D BrightnessPowerClamper: Power throttling data is missing for configuration data.
07-29 15:23:52.643  3312  3312 E OplusGestureAnimationManagerPolicy: mScreenHeight:2376 mScreenWidth:1080 mRotation:0
07-29 15:23:52.644  3312  3656 D OplusVFXScreenEffectFeature: notifySFCompatWindowStateChange entered false
07-29 15:23:52.644  4677  4677 D CastManagerService: onDisplayChanged.
07-29 15:23:52.644  3312  3656 D FSS_FoldScreenBlackCoverController: displayChangeToOn, dc:Display{#0 state=ON size=1080x2376 ROTATION_0}
07-29 15:23:52.644  2166  2393 D [PREVIEW]: SF obtain preview_adapter: 0
07-29 15:23:52.644  2166  2393 D [PREVIEW]: TabletPreviewAdapter::parallel world 0
07-29 15:23:52.645  3312  3658 D DisplayManagerService: MSG_REQUEST_TRAVERSAL pendingCompleted=false
07-29 15:23:52.646  3312  3656 D DisplayManagerService: performTraversalInternal pendingTraversal
07-29 15:23:52.646  2148  7194 D AudioFlingerExtImpl: AudioFlingerExtImpl oplusSetParameters: keyvalue screen_state=on
07-29 15:23:52.646  3312  3656 D DisplayDevice: setLayerStackLocked id=local:4630946756802996883 token=android.os.BinderProxy@e978fd stack=0->0
07-29 15:23:52.646  2148  7194 D DeviceHalAidl: 0xb4000079afa7c200 DeviceHalAidl::setParameters
07-29 15:23:52.646  2148  7194 D DeviceHalAidl: setParameters: parameters: "screen_state=on"
07-29 15:23:52.647  1896  1911 I PAL: ResourceManager: setParameter: 11480: Screen State:1
07-29 15:23:52.647  2148  7194 D DeviceHalAidl: 0xb4000079afa7c800 DeviceHalAidl::setParameters
07-29 15:23:52.647  2148  7194 D DeviceHalAidl: setParameters: parameters: "screen_state=on"
07-29 15:23:52.647  1896  1911 D AHAL_Module: updateScreenState: usb: 1
07-29 15:23:52.647  2148  7194 D DeviceHalAidl: 0xb4000079afa7ce00 DeviceHalAidl::setParameters
07-29 15:23:52.647  2148  7194 D DeviceHalAidl: setParameters: parameters: "screen_state=on"
07-29 15:23:52.647  1896  1911 D AHAL_Module: updateScreenState: r_submix: 1
07-29 15:23:52.648  2148  7194 D DeviceHalAidl: 0xb4000079afa7d400 DeviceHalAidl::setParameters
07-29 15:23:52.648  2148  7194 D DeviceHalAidl: setParameters: parameters: "screen_state=on"
07-29 15:23:52.648  1896  1911 D AHAL_Module: updateScreenState: bluetooth: 1
07-29 15:23:52.648  4875  4875 I SystemUi--Statusbar: DisplayRepository-->combining enabled=[0], connectedExternalDisplayIds=[], ignored=[]
07-29 15:23:52.648  2148  7194 D DeviceHalAidl: 0xb4000079afa7da00 DeviceHalAidl::setParameters
07-29 15:23:52.648  2148  7194 D DeviceHalAidl: setParameters: parameters: "screen_state=on"
07-29 15:23:52.648  1896  1911 D AHAL_Module: updateScreenState: bluetooth: 1
07-29 15:23:52.648  2148  7194 D DeviceHalAidl: 0xb4000079afa7e000 DeviceHalAidl::setParameters
07-29 15:23:52.648  2148  7194 D DeviceHalAidl: setParameters: parameters: "screen_state=on"
07-29 15:23:52.648  1896  1911 D AHAL_Module: updateScreenState: stub: 1
07-29 15:23:52.648  6558  6609 E oiface  : sched_setaffinity failed
07-29 15:23:52.649  2032  2091 I gameoptHal: targetfps updated 6 -- 60
07-29 15:23:52.657  5014  8378 D SaDataService: onTelephonyEventReport , subId= 0,slotId=-1 eventId=2009
07-29 15:23:52.657  5219  6292 D VendorTelephonyService: onTelephonyEventReport slotId =0 eventId=2009
07-29 15:23:52.657  5219  6292 D VendorTelephonyService: onTelephonyEventReport slotId =0 eventId=2009
07-29 15:23:52.657  5014  8378 D TelephonyImpl: notify eventId:2009 for list size:2
07-29 15:23:52.657  5219  5219 D VendorCallService: notityEventUpdate, eventId:2009, slotId = 0
07-29 15:23:52.657  5014  6305 D SaDataService: onTelephonyEventReport , subId= 1,slotId=0 eventId=2009
07-29 15:23:52.657  5219  6292 D VendorTelephonyService: onTelephonyEventReport slotId =1 eventId=2009
07-29 15:23:52.657  5219  6292 D VendorTelephonyService: onTelephonyEventReport slotId =1 eventId=2009
07-29 15:23:52.657  5014  6305 D TelephonyImpl: notify eventId:2009 for list size:2
07-29 15:23:52.657  5219  5219 D VendorCallService: notityEventUpdate, eventId:2009, slotId = 1
07-29 15:23:52.690  3312  3788 D VRR [OPlusRefreshRateService]: handleConfigIdChange physicalDisplayId: 4630946756802996883 configId: 5 renderPeriod: 16666666
07-29 15:23:52.691  3312  3788 D VRR [OPlusSAManager]: updateModeChange old modeId [ 4 ] -> new modeId [ 5 ] mCurPolicy: 1
07-29 15:23:52.691  3312  3788 D VRR [OPlusSAManager]: updateSAScene active modeId: 5
07-29 15:23:52.691  3312  3788 D VRR [OPlusSAManager]: updateSAScene current policy: 1 active modeId: 5 scene: VRR_60
07-29 15:23:52.691  3312  3788 D VRR [OPlusOAManager]: Not OA business! new modeId: [5] active modeId: [4]
07-29 15:23:52.691  3312  3788 D VRR [OPlusGameStatusManager]: updateGameState mOSyncFeatureSwitch: false mIsGamePolicy: false
07-29 15:23:52.691  3312  3788 D VRR [OPlusGameStatusManager]: setLTMStatus false curPkgName: null curr status: false HeartStop: false HeartStopFromTGPA: false ActiveFPS: 60.000004
07-29 15:23:52.691  3312  3788 D VRR [OPlusGameStatusManager]: updateGameAccelerationStatus pkgName: null mOSyncFeatureSwitch: false mIsGamePolicy: false mHeartStop: false mHasFlickerRisk: false mForceAcceleration: false mToastReady: false enable: false
07-29 15:23:52.691  3312  3788 D VRR [OPlusGameStatusManager]: updateToastStatus enableAcceleration: false toastReady: false isGamePolicy: false desiredModeId: 5
07-29 15:23:52.691  3312  3788 D VRR [OPlusGameStatusManager]: updateToastStatus enableAcceleration: false toastReady: false isGamePolicy: false desiredModeId: 5
07-29 15:23:52.741  3312  3788 D VRR [OPlusSAManager]: setSAConfig scene: VRR_60 modeId: 5 auto: false fakeFrame: false
07-29 15:23:52.741  3312  3788 D VRR [OPlusSAManager]: updateAutoMinfps with nits: 98.35863, mHistOK true, mAmbientOK true, mCctOK true, mIrOK true, mBrightnessOK true, isPkgOK true, SA min fps: 119
07-29 15:23:52.741  3312  3788 D VRR [OPlusSurfaceFlingerController]: setAutoMode enable: false fakeFrame: false fps: 119
07-29 15:23:52.741  2166  2393 I VRR-[OPlusAdfrUtil]: ADFR try set Auto mode with mode 0 fakeframe 0 min fps 119
07-29 15:23:52.741  2166  2393 D VRR-[OPlusRefreshRateSelector]: OSyncModes add size is 1.
07-29 15:23:52.741  2166  2393 I VRR-[OPlusRefreshRateSelector]: updateAutoMode success, display 0, mode 0, fakeframe 0, min fps: 1
07-29 15:23:52.742  2166  3500 D VRR-[OPlusRefreshRateSelector]: handleSetHWCOSync
07-29 15:23:52.742  2166  3500 D VRR-[OPlusRefreshRateSelector]: OSyncModes remaining size is 0.
07-29 15:23:52.742  2166  3500 D VRR-[OPlusRefreshRateSelector]: SetHWCOSync with 5CC08081
07-29 15:23:52.742  1920  3496 I SDM     : DisplayBuiltIn::SetQSyncMode: VRR + update qsync mode 0 minfps 00C08081
07-29 15:23:52.749  1920  2196 E SDM     : DRMConnector::Perform: Connector 67: Setting Qsync min fps 12615809
07-29 15:23:52.775  3312  4653 V SettingsProvider: deleteSystemSetting(OPLUS_SLA_LAST_MCC, 0)
07-29 15:23:52.775  3312  4653 D SettingsProvider: delete system settings OPLUS_****_MCC pkg is  android user id is 0
07-29 15:23:52.776  3312  4653 W OplusSlaManager: updateMCC curMCC from macc_change!
07-29 15:23:52.780  3312  4653 W OplusSlaApps: sendWhiteListAppUid no enabled app found...
07-29 15:23:52.780  3312  4653 W OplusSlaApps: sendGameAppUid no game app found!!
07-29 15:23:52.788  5014  5837 E CellularEvent: nri null ps
07-29 15:23:52.788  5014  5837 E CellularEvent: invalid nri
07-29 15:23:52.791  4935  5688 D AutoDualCardRoamingDemand: judgeToShowDialog return for sim count != 2
07-29 15:23:52.815  2007  2007 D SensorFeature: name=ssc_screenshot_info ,index = 22
07-29 15:23:52.815  2007  2007 D SensorFeature: write 29 bytes:60278471954,60630638204,167,0
07-29 15:23:52.820  1920  2196 I SDM     : DisplayBase::CommitThread: Received idle timeout, panel: cmd, timeout: 70000 us
07-29 15:23:52.963  2017  2050 D BatteryChargeControl: bcc get no support from charging protocol
07-29 15:23:53.112  3312  3693 W UserAwareMgr: event can not be released, id: 3020, count: 2, releasePid: 4875
07-29 15:23:53.116  2007  2007 D SensorFeature: name=ssc_screenshot_info ,index = 22
07-29 15:23:53.116  2007  2007 D SensorFeature: write 29 bytes:60278471954,60932091954,168,0
07-29 15:23:53.140  3219  3219 E OplusTouchDaemon: ts_run_service: shellback temperature updated 36 (36548)
07-29 15:23:53.240  1870  4463 I sensors-hal: handle_oplus_wise_rgb_event:189, high_pwm_light:lux 179.7,cct 3550.3,brl/algo/ir 1337.0/2.0/23.9,pwm/dc 0.0/0.0,rgbc 14095.305664/9550.194336/4060.482422/26443.789062,ts 60893214265,cnt 870,flag 168
07-29 15:23:53.241  1920  4458 I Dpps    : LtmSwState::SetParameter():144 ignore cmd 7 in state LtmOffState
07-29 15:23:53.242  3312  3788 D VRR [OPlusSAManager]: updateAutoMinfps with nits: 98.35863, mHistOK true, mAmbientOK true, mCctOK true, mIrOK true, mBrightnessOK true, isPkgOK true, SA min fps: 119
07-29 15:23:53.242  3312  3788 D VRR [OPlusSurfaceFlingerController]: setAutoMode enable: false fakeFrame: false fps: 119
07-29 15:23:53.242  2166  2426 I VRR-[OPlusAdfrUtil]: ADFR try set Auto mode with mode 0 fakeframe 0 min fps 119
07-29 15:23:53.242  2166  2426 D VRR-[OPlusRefreshRateSelector]: OSyncModes add size is 1.
07-29 15:23:53.242  2166  2426 I VRR-[OPlusRefreshRateSelector]: updateAutoMode success, display 0, mode 0, fakeframe 0, min fps: 1
07-29 15:23:53.242  2166  3500 D VRR-[OPlusRefreshRateSelector]: handleSetHWCOSync
07-29 15:23:53.242  2166  3500 D VRR-[OPlusRefreshRateSelector]: OSyncModes remaining size is 0.
07-29 15:23:53.242  2166  3500 D VRR-[OPlusRefreshRateSelector]: SetHWCOSync with 5CC08081
07-29 15:23:53.243  1920  3499 I SDM     : DisplayBuiltIn::SetQSyncMode: VRR + update qsync mode 0 minfps 00C08081
07-29 15:23:53.250  1920  2196 E SDM     : DRMConnector::Perform: Connector 67: Setting Qsync min fps 12615809
07-29 15:23:53.320  1920  2196 I SDM     : DisplayBase::CommitThread: Received idle timeout, panel: cmd, timeout: 70000 us
07-29 15:23:53.360  8202 12044 W LOG_FLOWCTRL: ==LOGS OVER PROC QUOTA(300), rows(25) bytes(2831) com.oplus.metis DROPPED==
07-29 15:23:53.360  8202 12044 I LogCacheHelper: cache log scheduled task [base|com.oplus.metis|1.5.5-f48228a]
07-29 15:23:53.360  8202 12044 E metis_v2_JenaHandlerManager_cache: 2025-07-29 15:23:52.358000		9605		local thread match
07-29 15:23:53.360  8202 12044 E metis_v2_JenaHandlerManager_cache: 2025-07-29 15:23:52.358000		9605		local thread match
07-29 15:23:53.360  8202 12044 E metis_v2_JenaHandlerManager_cache: 2025-07-29 15:23:52.358000		9605		local thread match
07-29 15:23:53.360  8202 12044 E metis_v2_JenaHandlerManager_cache: 2025-07-29 15:23:52.358000		9605		local thread match
07-29 15:23:53.360  8202 12044 E metis_v2_JenaHandlerManager_cache: 2025-07-29 15:23:52.358000		9605		local thread match
07-29 15:23:53.360  8202 12044 E metis_v2_JenaHandlerManager_cache: 2025-07-29 15:23:52.358000		9605		local thread match
07-29 15:23:53.360  8202 12044 E metis_v2_JenaHandlerManager_cache: 2025-07-29 15:23:52.358000		9605		local thread match
07-29 15:23:53.360  8202 12044 E metis_v2_JenaHandlerManager_cache: 2025-07-29 15:23:52.358000		9605		local thread match
07-29 15:23:53.360  8202 12044 E metis_v2_JenaHandlerManager_cache: 2025-07-29 15:23:52.358000		9605		local thread match
07-29 15:23:53.360  8202 12044 E metis_v2_JenaHandlerManager_cache: 2025-07-29 15:23:52.358000		9605		local thread match
07-29 15:23:53.360  8202 12044 I ContextAware_SortAlgorithmManager.SceneUtil_cache: 2025-07-29 15:23:52.358000		9589		SortAlgorithmManager.SceneDeduplicationProcessor sceneId 210000000 status 2 intentList size 1 isHome false IntentId: 13151001 policyName DYNAMIC_SUBSTITUTE isFocus false serviceId null type 0 deleteKeynull
07-29 15:23:53.360  8202 12044 I ContextAware_SortAlgorithmManager.SceneUtil_cache:  sceneId 220500200 status 1 intentList size 1 isHome false IntentId: 14111005 policyName SUBSTITUTE_SCENE isFocus false serviceId  type 0 deleteKeynull
07-29 15:23:53.360  8202 12044 I ContextAware_SortAlgorithmManager.SceneUtil_cache:  sceneId 240000000 status 2 intentList size 3 isHome false IntentId: 14111004 policyName CLEAN_UP_STORAGE_SUBSTITUTE isFocus false serviceId null type 0 deleteKeynull IntentId: 18111007 policyName CLEAN_UP_SUBSTITUTE isFocus false serviceId null type 0 deleteKeynull IntentId: 18111008 policyName CLEAN_UP_PLUS_SUBSTITUTE isFocus false serviceId null type 0 deleteKeynull
07-29 15:23:53.360  8202 12044 E metis_v2_JenaHandlerManager_cache: 2025-07-29 15:23:52.358000		9605		local thread match
07-29 15:23:53.360  8202 12044 E metis_v2_JenaHandlerManager_cache: 2025-07-29 15:23:52.358000		9605		local thread match
07-29 15:23:53.360  8202 12044 I ContextAware_SortAlgorithmManager.DecisionAlgorithmManager_cache: 2025-07-29 15:23:52.358000		9589		getDecisionAlgorithm: dt_sort
07-29 15:23:53.360  8202 12044 E metis_v2_JenaHandlerManager_cache: 2025-07-29 15:23:52.359000		9605		local thread match
07-29 15:23:53.360  8202 12044 E metis_v2_JenaHandlerManager_cache: 2025-07-29 15:23:52.359000		9605		local thread match
07-29 15:23:53.360  8202 12044 E metis_v2_JenaHandlerManager_cache: 2025-07-29 15:23:52.359000		9605		local thread match
07-29 15:23:53.360  8202 12044 E metis_v2_JenaHandlerManager_cache: 2025-07-29 15:23:52.359000		9605		local thread match
07-29 15:23:53.360  8202 12044 E metis_v2_JenaHandlerManager_cache: 2025-07-29 15:23:52.359000		9605		local thread match
07-29 15:23:53.360  8202 12044 E metis_v2_JenaHandlerManager_cache: 2025-07-29 15:23:52.359000		9605		local thread match
07-29 15:23:53.360  8202 12044 E metis_v2_JenaHandlerManager_cache: 2025-07-29 15:23:52.359000		9605		local thread match
07-29 15:23:53.361  8202 12044 E metis_v2_JenaHandlerManager_cache: 2025-07-29 15:23:52.359000		9605		local thread match
07-29 15:23:53.361  8202 12044 E metis_v2_JenaHandlerManager_cache: 2025-07-29 15:23:52.359000		9605		local thread match
07-29 15:23:53.361  8202 12044 E metis_v2_JenaHandlerManager_cache: 2025-07-29 15:23:52.359000		9605		local thread match
07-29 15:23:53.361  8202 12044 E metis_v2_JenaHandlerManager_cache: 2025-07-29 15:23:52.359000		9605		local thread match
07-29 15:23:53.361  8202 12044 E metis_v2_JenaHandlerManager_cache: 2025-07-29 15:23:52.359000		9605		local thread match
07-29 15:23:53.361  8202 12044 E metis_v2_JenaHandlerManager_cache: 2025-07-29 15:23:52.359000		9605		local thread match
07-29 15:23:53.361  8202 12044 E metis_v2_JenaHandlerManager_cache: 2025-07-29 15:23:52.359000		9605		local thread match
07-29 15:23:53.361  8202 12044 E metis_v2_JenaHandlerManager_cache: 2025-07-29 15:23:52.359000		9605		local thread match
07-29 15:23:53.361  8202 12044 E metis_v2_JenaHandlerManager_cache: 2025-07-29 15:23:52.359000		9605		local thread match
07-29 15:23:53.361  8202 12044 E metis_v2_JenaHandlerManager_cache: 2025-07-29 15:23:52.359000		9605		local thread match
07-29 15:23:53.361  8202 12044 E metis_v2_JenaHandlerManager_cache: 2025-07-29 15:23:52.359000		9605		local thread match
07-29 15:23:53.361  8202 12044 E metis_v2_JenaHandlerManager_cache: 2025-07-29 15:23:52.359000		9605		local thread match
07-29 15:23:53.361  8202 12044 E metis_v2_JenaHandlerManager_cache: 2025-07-29 15:23:52.359000		9605		local thread match
07-29 15:23:53.361  8202 12044 E metis_v2_JenaHandlerManager_cache: 2025-07-29 15:23:52.359000		9605		local thread match
07-29 15:23:53.361  8202 12044 E metis_v2_JenaHandlerManager_cache: 2025-07-29 15:23:52.359000		9605		local thread match
07-29 15:23:53.361  8202 12044 E metis_v2_JenaHandlerManager_cache: 2025-07-29 15:23:52.359000		9605		local thread match
07-29 15:23:53.361  8202 12044 E metis_v2_JenaHandlerManager_cache: 2025-07-29 15:23:52.359000		9605		local thread match
07-29 15:23:53.361  8202 12044 E metis_v2_JenaHandlerManager_cache: 2025-07-29 15:23:52.359000		9605		local thread match
07-29 15:23:53.361  8202 12044 I ContextAware_DecisionIntentProvider_cache: 2025-07-29 15:23:52.359000		10068		processBundle = Bundle[{assistant_data=[]}]
07-29 15:23:53.361  8202 12044 E metis_v2_JenaHandlerManager_cache: 2025-07-29 15:23:52.359000		9605		local thread match
07-29 15:23:53.361  8202 12044 E metis_v2_JenaHandlerManager_cache: 2025-07-29 15:23:52.359000		9605		local thread match
07-29 15:23:53.361  8202 12044 E metis_v2_JenaHandlerManager_cache: 2025-07-29 15:23:52.359000		9605		local thread match
07-29 15:23:53.361  8202 12044 E metis_v2_JenaHandlerManager_cache: 2025-07-29 15:23:52.359000		9605		local thread match
07-29 15:23:53.361  8202 12044 I ContextAware_DailyStatisticsRecorder_cache: 2025-07-29 15:23:52.359000		10064		Increase context change count: PROCESSOR_SCENE_REORDER_cnt, value: 1
07-29 15:23:53.361  8202 12044 I ContextAware_DailyStatisticsRecorder_cache: 2025-07-29 15:23:52.359000		9342		Increase context change count: PROCESSOR_SCENE_DEDUPLICATION_cnt, value: 1
07-29 15:23:53.361  8202 12044 I ContextAware_SortAlgorithmManager.DtSort_cache: 2025-07-29 15:23:52.359000		10587		onDecisionAfterRerank, inner algorithm is: internal_dt_sort
07-29 15:23:53.361  8202 12044 I ContextAware_DailyStatisticsRecorder_cache: 2025-07-29 15:23:52.359000		10064		Increase context change count: PROCESSOR_SCENE_REORDER_ms, value: 1
07-29 15:23:53.361  8202 12044 I ContextAware_DailyStatisticsRecorder_cache: 2025-07-29 15:23:52.359000		9342		Increase context change count: PROCESSOR_SCENE_DEDUPLICATION_ms, value: 0
07-29 15:23:53.361  8202 12044 I ContextAware_SortAlgorithmManager.DtIntentDataManager_cache: 2025-07-29 15:23:52.359000		10590		getDtIntentList: dtIntents = []
07-29 15:23:53.361  8202 12044 E ContextAware_SortAlgorithmManager.DtInternalSortImpl_cache: 2025-07-29 15:23:52.360000		10590		targetDtList is invalid
07-29 15:23:53.361  8202 12044 I ContextAware_SortAlgorithmManager.SceneIntentReorderProcessor_cache: 2025-07-29 15:23:52.360000		9589		ruleReordering onDecisionAfterRerank, mIntentList:size: 5 13151001 14111005 14111004 18111007 18111008
07-29 15:23:53.361  8202 12044 W ContextAware_IntentSwitchManager_cache: 2025-07-29 15:23:52.360000		9589		subSwitchMap don't contain application_suggestions, set the switch to true as default
07-29 15:23:53.361  8202 12044 I ContextAware_IntentSwitchManager_cache: 2025-07-29 15:23:52.360000		9589		getSubSwitchStatus = {application_suggestions=true}
07-29 15:23:53.361  8202 12044 I ContextAware_SortAlgorithmManager.ReorderProcessor.RuleReRanker_cache: 2025-07-29 15:23:52.360000		9589		sceneIntentRerank sceneFinalScoreMap:{scene rerank, use defaultScore, finalScore:13151001DYNAMIC_SUBSTITUTE=3.12}
07-29 15:23:53.361  8202 12044 I metis_v2_BreenoSwitchSettingObserver_cache: 2025-07-29 15:23:52.360000		9589		panta-sugg-getMasterSwitchStatus from cache:true
07-29 15:23:53.361  8202 12044 I ContextAware_IntentSwitchManager_cache: 2025-07-29 15:23:52.360000		9589		getSubSwitchStatus = {tips=true}
07-29 15:23:53.361  8202 12044 I ContextAware_IntentSwitchManager_cache: 2025-07-29 15:23:52.360000		9589		isExistInSceneInfoActionList pantanalIntentAction = pantanal.intent.system.VIEW_TIPS
07-29 15:23:53.361  8202 12044 I metis_v2_BreenoSwitchSettingObserver_cache: 2025-07-29 15:23:52.360000		9589		panta-sugg-getMasterSwitchStatus from cache:true
07-29 15:23:53.361  8202 12044 I ContextAware_SortAlgorithmManager.ReorderProcessor.RuleReRanker_cache: 2025-07-29 15:23:52.360000		9589		sceneIntentRerank sceneFinalScoreMap:{scene rerank, use defaultScore, finalScore:14111005SUBSTITUTE_SCENE=2.0}
07-29 15:23:53.361  8202 12044 I ContextAware_IntentSwitchManager_cache: 2025-07-29 15:23:52.360000		9589		getSubSwitchStatus = {clear_memory=true}
07-29 15:23:53.361  8202 12044 I ContextAware_IntentSwitchManager_cache: 2025-07-29 15:23:52.360000		9589		isExistInSceneInfoActionList pantanalIntentAction = pantanal.intent.system.CLEAN_UP_STORAGE
07-29 15:23:53.361  8202 12044 I metis_v2_BreenoSwitchSettingObserver_cache: 2025-07-29 15:23:52.360000		9589		panta-sugg-getMasterSwitchStatus from cache:true
07-29 15:23:53.361  8202 12044 I ContextAware_IntentSwitchManager_cache: 2025-07-29 15:23:52.360000		9589		isExistInSceneInfoActionList pantanalIntentAction = pantanal.intent.audio.SUBSTITUTE_RAM_CLEAN_UP
07-29 15:23:53.361  8202 12044 I metis_v2_BreenoSwitchSettingObserver_cache: 2025-07-29 15:23:52.360000		9589		panta-sugg-getMasterSwitchStatus from cache:true
07-29 15:23:53.361  8202 12044 I ContextAware_IntentSwitchManager_cache: 2025-07-29 15:23:52.360000		9589		isExistInSceneInfoActionList pantanalIntentAction = pantanal.intent.audio.SUBSTITUTE_RAM_CLEAN_UP_PLUS
07-29 15:23:53.361  8202 12044 I metis_v2_BreenoSwitchSettingObserver_cache: 2025-07-29 15:23:52.360000		9589		panta-sugg-getMasterSwitchStatus from cache:true
07-29 15:23:53.361  8202 12044 I ContextAware_SortAlgorithmManager.ReorderProcessor.RuleReRanker_cache: 2025-07-29 15:23:52.360000		9589		sceneIntentRerank sceneFinalScoreMap:{scene rerank, use defaultScore, finalScore:14111004CLEAN_UP_STORAGE_SUBSTITUTE=4.06, scene rerank, use defaultScore, finalScore:18111007CLEAN_UP_SUBSTITUTE=4.05, scene rerank, use defaultScore, finalScore:18111008CLEAN_UP_PLUS_SUBSTITUTE=4.02}
07-29 15:23:53.362  8202 12044 I ContextAware_SortAlgorithmManager.SceneIntentReorderProcessor_cache: 2025-07-29 15:23:52.360000		9589		IntentReorder: scene[210000000]rank mIntentList: size: 1 13151001
07-29 15:23:53.362  8202 12044 I ContextAware_SortAlgorithmManager.SceneIntentReorderProcessor_cache: scene[220500200]rank mIntentList: size: 1 14111005
07-29 15:23:53.362  8202 12044 I ContextAware_SortAlgorithmManager.SceneIntentReorderProcessor_cache: scene[240000000]rank mIntentList: size: 3 14111004 18111007 18111008
07-29 15:23:53.362  8202 12044 W ContextAware_SortAlgorithmManager.SceneUtil_cache: 2025-07-29 15:23:52.360000		9589		Drop invalid scene: 220500200
07-29 15:23:53.362  8202 12044 I ContextAware_SortAlgorithmManager.SceneFocusProcessor_cache: 2025-07-29 15:23:52.360000		9589		scene 210000000 not change or has focus scene or current scene is L3
07-29 15:23:53.362  8202 12044 I ContextAware_SortAlgorithmManager.SceneFocusProcessor_cache: 2025-07-29 15:23:52.360000		9589		scene 240000000 not change or has focus scene or current scene is L3
07-29 15:23:53.362  8202 12044 I ContextAware_SortAlgorithmManager.BatchIntentProcessor_cache: 2025-07-29 15:23:52.361000		9589		onProcess decisionUTraceContext = UTraceContext(traceID=7f0000011753817032360281308202, current=p_8202_b201521@43, parent=null, spanType=1, valid=1, tag=null)
07-29 15:23:53.362  8202 12044 E ContextAware_SortAlgorithmManager.BatchIntentProcessor_cache: 2025-07-29 15:23:52.361000		9589		onProcess intentStringList is invalid
07-29 15:23:53.362  8202 12044 E ContextAware_SortAlgorithmManager.IntentSendProcessor_cache: 2025-07-29 15:23:52.361000		9589		disable direct send intent mode, clear
