07-28 17:44:47.456  3494  4512 E WifiScanningService: wifi driver loaded received while already loaded
07-28 17:44:47.456  3494  4507 I WifiScanRequestProxy: Scanning is enabled
07-28 17:44:47.456  3494  4507 I WifiScanRequestProxy: Scanning for hidden networks is disabled
07-28 17:44:47.456  4914  4914 V OplusCustomizeCacheManager: queryCache name: sys.cache.common_customize_cache18016 param: null
07-28 17:44:47.456  4914  4914 V OplusCustomizeCacheManager: queryCache name: sys.cache.common_customize_cache18013 param: null
07-28 17:44:47.456  4914  4914 V OplusCustomizeCacheManager: queryCache name: sys.cache.common_customize_cache18014 param: null
07-28 17:44:47.456  4914  4914 V OplusCustomizeCacheManager: queryCache name: sys.cache.common_customize_cache18017 param: Bundle[{SETTING=BLOCK, BUSINESS=NCT-DATA}]
07-28 17:44:47.456  2708  2708 I wificond: Receive notifyCountryCodeChanged
07-28 17:44:47.456  2708  2708 I wificond: UpdateBandInfo
07-28 17:44:47.456  3494  4507 D WakeupController: start()
07-28 17:44:47.457  3494  4507 E WifiStaIfaceAidlImpl: setScanMode failed with service-specific exception: android.os.ServiceSpecificException:  (code 4)
07-28 17:44:47.457  3494  4507 I WifiService: Receive onDriverCountryCodeChanged to US, update available channel list
07-28 17:44:47.457  3494  3494 D OplusWifiBroadCastDispatcher: mBroadcastReceiver: onReceiver  action=android.net.wifi.action.WIFI_SCAN_AVAILABILITY_CHANGED
07-28 17:44:47.457  2708  2708 I wificond: 2.4Ghz frequencies: 2412 2417 2422 2427 2432 2437 2442 2447 2452 2457 2462
07-28 17:44:47.457  2708  2708 I wificond: 5Ghz non-DFS frequencies: 5180 5200 5220 5240 5745 5765 5785 5805 5825
07-28 17:44:47.457  2708  2708 I wificond: 5Ghz DFS frequencies: 5260 5280 5300 5320 5500 5520 5540 5560 5580 5600 5620 5640 5660 5680 5700
07-28 17:44:47.457  2708  2708 I wificond: 6Ghz frequencies:
07-28 17:44:47.457  2708  2708 I wificond: 60Ghz frequencies:
07-28 17:44:47.458  4972  5049 I DeviceInfoAidlClient: onPowerInfoReportingChanged - reporting enabled true [15, 20, 30, 50, 80]
07-28 17:44:47.458  4972  5049 D DeviceInfoAidlClient: isRadioOn()=true
07-28 17:44:47.458  4972  5049 I DeviceInfoAidlClient: isPowerInfoNeverSent=false batteryLevel=64 batteryLevelIndex=4 chargingMode=2 totalCapacity=5081200 powerSaveMode=false
07-28 17:44:47.458  4972  5049 I DeviceInfoAidlClient: onDeviceInfoReportingChanged - reporting enabled true
07-28 17:44:47.458  4972  5049 D DeviceInfoAidlClient: getDeviceInfoSupportStatus()=1
07-28 17:44:47.458  4972  5049 D DeviceInfoAidlClient: isRadioOn()=true
07-28 17:44:47.458  4972  5049 I DeviceInfoAidlClient: deviceState=2
07-28 17:44:47.458  4972  4972 D DeviceStatisticsService: onReceive: action= org.codeaurora.intent.action.RADIO_POWER_STATE
07-28 17:44:47.458  4972  4972 I DeviceStatisticsService: Receiving radio_power_state_changed, mIsDeviceInfoInitialized = true
07-28 17:44:47.458  4972  4972 I DeviceStatisticsService: radio power state changed to 1 for slot: 1
07-28 17:44:47.458  3494  4618 D OplusWifiPower_ConnLpmEventObsever: onReceive EXTRA_SCAN_AVAILABLE availabe = true
07-28 17:44:47.458  3494  4618 D OplusWifiPowerService: onReceive action:android.net.wifi.action.WIFI_SCAN_AVAILABILITY_CHANGED
07-28 17:44:47.458  3494  4618 D OplusWifiSwitchStateMonitor: scan settings change to true
07-28 17:44:47.458  3494  4507 E ApConfigUtil: Malformed channel value detected: java.lang.NumberFormatException: For input string: ""
07-28 17:44:47.459  4914  4914 D QC_RIL_OEM_HOOK: Received Broadcast Intent ACTION_UNSOL_RESPONSE_OEM_HOOK_RAW
07-28 17:44:47.459  4914  4914 D QC_RIL_OEM_HOOK: Received Broadcast Intent ACTION_UNSOL_RESPONSE_OEM_HOOK_RAW
07-28 17:44:47.459  4914  4914 D QC_RIL_OEM_HOOK: Received Broadcast Intent ACTION_UNSOL_RESPONSE_OEM_HOOK_RAW
07-28 17:44:47.459  4914  4914 D QC_RIL_OEM_HOOK: Received Broadcast Intent ACTION_UNSOL_RESPONSE_OEM_HOOK_RAW
07-28 17:44:47.459  4914  4914 D QC_RIL_OEM_HOOK: Received Broadcast Intent ACTION_UNSOL_RESPONSE_OEM_HOOK_RAW
07-28 17:44:47.459  4914  4914 D QC_RIL_OEM_HOOK: Received Broadcast Intent ACTION_UNSOL_RESPONSE_OEM_HOOK_RAW
07-28 17:44:47.460  4914  4914 I Telephony: y0: onServiceStateChanged: newState=1, mServiceState=3
07-28 17:44:47.460  7003  7003 I OsAgent : onReceive: android.net.wifi.action.WIFI_SCAN_AVAILABILITY_CHANGED
07-28 17:44:47.460  3494  4507 E ApConfigUtil: Malformed channel value detected: java.lang.NumberFormatException: For input string: ""
07-28 17:44:47.460  4914  4914 I Telephony: isRttCurrentlySupported -- regular acct, hasVoiceAvailability: false
07-28 17:44:47.460  4914  4914 I Telephony:  isRttSupported: false
07-28 17:44:47.460  4914  4914 I Telephony:  isUserRttSettingOn: false
07-28 17:44:47.460  4914  4914 I Telephony:  alwaysAllowWhileRoaming: false
07-28 17:44:47.460  4914  4914 I Telephony:  isRoaming: false
07-28 17:44:47.460  4914  4914 I Telephony:  isOnWfc: false
07-28 17:44:47.460  4972  4972 D QcrilMsgTunnelIfaceManager: handleMessage what = 1
07-28 17:44:47.460  3494  5307 W BestClock: java.time.DateTimeException: Missing network time fix
07-28 17:44:47.460  7003  8342 I OsAgent : updateWiFiScanAvailState, scanAvailable: true
07-28 17:44:47.460  4972  4972 I QcrilOemhookMsgTunnel: [0]invokeOemRilRequestRaw: serial=1007 length=16
07-28 17:44:47.461  3494  4507 E ApConfigUtil: Malformed channel value detected: java.lang.NumberFormatException: For input string: ""
07-28 17:44:47.461  4914  4914 D OplusPowerUpOptimizationImpl: onReceive: org.codeaurora.intent.action.RADIO_POWER_STATE
07-28 17:44:47.461  4914  5785 D OplusPowerUpOptimizationImpl: handleMessage what = 6
07-28 17:44:47.461  4914  5785 D OplusPowerUpOptimizationImpl: radio is available for slot: 0
07-28 17:44:47.461  4914  5785 D OplusPowerUpOptimizationImpl: trySendPhoneReady for slot: 0
07-28 17:44:47.461  3494  4617 D OplusSoftApManager: Support Wi-Fi6 SAP
07-28 17:44:47.462  3494  4507 I WifiService: Receive onDriverCountryCodeChanged to US, update available channel list
07-28 17:44:47.462  4972  8440 I QtiOemHookAidl: oemHookRawResponse: serial no: 1007 error: 0length=1
07-28 17:44:47.462  5026  8525 D txpwrJni: new aidl event arrived
07-28 17:44:47.462  5026  8525 D txpwrJni: handleEvent 1
07-28 17:44:47.462  5026  8525 D txpwrJni: isThreadAttached start
07-28 17:44:47.462  5026  8525 D txpwrJni: jni detached
07-28 17:44:47.462  5026  8525 D txpwrJni: jni attached
07-28 17:44:47.462  5026  8525 D txpwrJni: getRadioStatus start
07-28 17:44:47.462  5026  8525 D txpwrJni: getJavaCallbackClass start
07-28 17:44:47.462  5026  8525 D txpwrJni: getJavaCallbackClass End midIs[1]
07-28 17:44:47.462  5026  8525 D txpwrJni: handleEvent 1
07-28 17:44:47.462  5026  8525 D txpwrJni: isThreadAttached start
07-28 17:44:47.462  5026  8525 D txpwrJni: jni detached
07-28 17:44:47.462  5026  8525 D txpwrJni: jni attached
07-28 17:44:47.462  5026  8525 D txpwrJni: getRadioStatus start
07-28 17:44:47.462  5026  8525 D txpwrJni: getJavaCallbackClass start
07-28 17:44:47.462  5026  8525 D txpwrJni: getJavaCallbackClass End midIs[1]
07-28 17:44:47.462  5026  8525 D txpwrJni: new aidl event arrived
07-28 17:44:47.462  3494  4507 E ApConfigUtil: Malformed channel value detected: java.lang.NumberFormatException: For input string: ""
07-28 17:44:47.462  5026  8426 D txpwrJni: sendRadioStatus start
07-28 17:44:47.462  5107  6222 D IWlanJni: getDataRegistrationState start
07-28 17:44:47.462  5026  8426 D txpwrJni: sendRadioStatus start
07-28 17:44:47.462  5107  6222 D IWlanJni: getDataRegistrationState start
07-28 17:44:47.463  5107  6222 D IWlanJni: getDataRegistrationState start
07-28 17:44:47.463  3494  4507 E ApConfigUtil: Malformed channel value detected: java.lang.NumberFormatException: For input string: ""
07-28 17:44:47.463  5107  6232 D IWlanJni: new aidl event arrived
07-28 17:44:47.463  5107  6232 D IWlanJni: handleEvent 10
07-28 17:44:47.463  5107  6232 D IWlanJni: isThreadAttached start
07-28 17:44:47.463  5107  6232 D IWlanJni: jni detached
07-28 17:44:47.463  5107  6232 D IWlanJni: jni attached
07-28 17:44:47.463  5107  6232 D IWlanJni: getDataRegistrationStateResponse start
07-28 17:44:47.463  5107  6232 D IWlanJni: getJavaCallbackClass start
07-28 17:44:47.463  5107  6232 D IWlanJni: getJavaCallbackClass End midIs[1]
07-28 17:44:47.463  5107  6232 I IWlanAidlClient: getDataRegistrationStateResponse called
07-28 17:44:47.463  5107  6232 D IWlanJni: handleEvent 10
07-28 17:44:47.463  5107  6232 D IWlanJni: isThreadAttached start
07-28 17:44:47.463  5107  6232 D IWlanJni: jni detached
07-28 17:44:47.463  5107  6232 D IWlanJni: jni attached
07-28 17:44:47.463  5107  6232 D IWlanJni: getDataRegistrationStateResponse start
07-28 17:44:47.463  5107  6232 D IWlanJni: getJavaCallbackClass start
07-28 17:44:47.463  5107  6232 D IWlanJni: getJavaCallbackClass End midIs[1]
07-28 17:44:47.463  5107  6232 I IWlanAidlClient: getDataRegistrationStateResponse called
07-28 17:44:47.463  5107  6231 W IWlanNetworkService: 11 > Response Processed
07-28 17:44:47.463  4972  4972 D QcrilMsgTunnelIfaceManager: handleMessage what = 2
07-28 17:44:47.463  3494  4507 E ApConfigUtil: Malformed channel value detected: java.lang.NumberFormatException: For input string: ""
07-28 17:44:47.463  3494  4507 I WifiService: Receive onDriverCountryCodeChanged to US, update available channel list
07-28 17:44:47.463  4914  5592 D QC_RIL_OEM_HOOK: sendOemRilRequestRaw returns value = 1
07-28 17:44:47.464  5107  6229 D IWlanJni: new aidl event arrived
07-28 17:44:47.464  5107  6229 D IWlanJni: handleEvent 10
07-28 17:44:47.464  5107  6229 D IWlanJni: isThreadAttached start
07-28 17:44:47.464  5107  6229 D IWlanJni: jni detached
07-28 17:44:47.464  4914  5785 D OplusPowerUpOptimizationImpl: Not sending ATEL ready: States: [0: {true, true, true, true}]
07-28 17:44:47.464  5107  6231 W IWlanNetworkService: 12 > Response Processed
07-28 17:44:47.464  3494  4507 E ApConfigUtil: Malformed channel value detected: java.lang.NumberFormatException: For input string: ""
07-28 17:44:47.464  4914  4914 D CiWlanNotificationReceiver: ACTION_RADIO_POWER_STATE_CHANGED
07-28 17:44:47.464  3494  5314 W BestClock: java.time.DateTimeException: Missing network time fix
07-28 17:44:47.464  5107  6229 D IWlanJni: jni attached
07-28 17:44:47.464  5107  6229 D IWlanJni: getDataRegistrationStateResponse start
07-28 17:44:47.464  5107  6229 D IWlanJni: getJavaCallbackClass start
07-28 17:44:47.464  5107  6229 D IWlanJni: getJavaCallbackClass End midIs[1]
07-28 17:44:47.465  5107  6229 I IWlanAidlClient: getDataRegistrationStateResponse called
07-28 17:44:47.465  3494  4507 E ApConfigUtil: Malformed channel value detected: java.lang.NumberFormatException: For input string: ""
07-28 17:44:47.465  5107  6228 W IWlanNetworkService: 13 > Response Processed
07-28 17:44:47.465  3494  4507 E ApConfigUtil: Malformed channel value detected: java.lang.NumberFormatException: For input string: ""
07-28 17:44:47.466  4839  5775 V OplusCustomizeCacheManager: queryCache name: sys.cache.common_customize_cache18014 param: null
07-28 17:44:47.466  4839  5775 V OplusCustomizeCacheManager: queryCache name: sys.cache.common_customize_cache18017 param: Bundle[{SETTING=BLOCK, BUSINESS=NCT-DATA}]
07-28 17:44:47.466  4839  5775 V OplusCustomizeCacheManager: queryCache name: sys.cache.common_customize_cache18013 param: null
07-28 17:44:47.467  4839  4839 I KeyguardUpdateMonitor: action=android.intent.action.SERVICE_STATE subId=-1 slotId=1
07-28 17:44:47.467  5155  5155 D SubsysEventListenerManager-SubsysTelephonyCallback[0]: onSignalStrengthsChanged
07-28 17:44:47.467  4839  4839 W KeyguardUpdateMonitorLog: invalid subId in handleServiceStateChange()
07-28 17:44:47.467  4839  5212 I SystemUi--QuickSettings: Tile.OplusCellularTile-->updateCarrierText: dialog not showing, ignore
07-28 17:44:47.467  4839  5212 D SimStateHelper: slot:0, lock state:Bundle[mParcelledData.dataSize=56]
07-28 17:44:47.468  4839  5212 D SimStateHelper: slot:1, lock state:Bundle[mParcelledData.dataSize=56]
07-28 17:44:47.468  4839  5212 D SimStateHelper: needDisableMenu: slot1State=-1; slot2State=-1
07-28 17:44:47.468  4839  5212 D SimStateHelper: needDisableMenu:false
07-28 17:44:47.472  3494  5312 W BestClock: java.time.DateTimeException: Missing network time fix
07-28 17:44:47.472  3494  5307 W BestClock: java.time.DateTimeException: Missing network time fix
07-28 17:44:47.473  4914  4914 D InternationalRoamingNotification: init
07-28 17:44:47.473  4839  5775 V OplusCustomizeCacheManager: queryCache name: sys.cache.common_customize_cache18014 param: null
07-28 17:44:47.473  4839  5775 V OplusCustomizeCacheManager: queryCache name: sys.cache.common_customize_cache18017 param: Bundle[{SETTING=BLOCK, BUSINESS=NCT-DATA}]
07-28 17:44:47.473  5155  6387 D VirtualCommService2: isSupport. true, true
07-28 17:44:47.473  4839  5775 V OplusCustomizeCacheManager: queryCache name: sys.cache.common_customize_cache18013 param: null
07-28 17:44:47.473  4914  4914 D OplusVirtualCommUtils: isVirtualCommSupport, vRet: true
07-28 17:44:47.473  4914  4914 I OplusVirtualCommUtils: getVirtualCommDeviceType, vRet: 1
07-28 17:44:47.473  4914  4914 I OplusVirtualCommUtils: isConsumerDeviceType, deviceType: 1
07-28 17:44:47.474  4914  4914 D InternationalRoamingNotification: do not createRoamingNotification for invalid Network
07-28 17:44:47.474  3494  4594 D CmccSliceManagerService: ACTION_DDS_SWITCH_DONE
07-28 17:44:47.474  3494  4594 D CmccSliceManagerService: cleanUpAndRestartSlice
07-28 17:44:47.474  3494  4594 D CmccSliceManagerService: cleanUpSlice
07-28 17:44:47.474  3494  4594 D CmccSliceManagerService: cleanUpSlice qcom
07-28 17:44:47.474  3494  4594 D CmccSliceManagerService: getDefaultDataSlotId0, subid: 1
07-28 17:44:47.475  3494  4594 E ActivityThread: Failed to find provider info for com.cmccslice.proxyapp.provider
07-28 17:44:47.475  4839  4839 I KeyguardUpdateMonitor: refreshSimState, changed:false,subId:1,slotId:0,state:5
07-28 17:44:47.475  4839  5212 I SystemUi--QuickSettings: Tile.OplusCellularTile-->updateCarrierText: dialog not showing, ignore
07-28 17:44:47.475  3494  4594 D CmccSliceManagerService: loadUrsp qcomCursor=null, count=-1, slotId=0
07-28 17:44:47.475  3494  4594 D CmccSliceManagerService: loadUrsp: qcomCursor=[]
07-28 17:44:47.475  3494  4594 D CmccSliceManagerService: isFeatureEnable , rus : false Feature : false
07-28 17:44:47.475  3494  4594 D CmccSliceManagerService: requestSliceNetwork: feature not enabled
07-28 17:44:47.475  3494  4594 D CmccSliceManagerService: cleanUpAndRestartSlice qcom
07-28 17:44:47.475  4991  5806 D CellularEvent: onActiveDataSubscriptionIdChanged sub id:1
07-28 17:44:47.475  4839  5212 D SimStateHelper: slot:0, lock state:Bundle[mParcelledData.dataSize=56]
07-28 17:44:47.475  4914  4914 D OplusPowerUpOptimizationImpl: onReceive: org.codeaurora.intent.action.RADIO_POWER_STATE
07-28 17:44:47.475  4839  5212 D SimStateHelper: slot:1, lock state:Bundle[mParcelledData.dataSize=56]
07-28 17:44:47.475  4839  5212 D SimStateHelper: needDisableMenu: slot1State=-1; slot2State=-1
07-28 17:44:47.475  4839  5212 D SimStateHelper: needDisableMenu:false
07-28 17:44:47.476  5107  5107 D QCNEJ/WwanInfoRelay: onActiveSubscriptionsChanged activeCurrDDSId: 1 new DDS 1
07-28 17:44:47.476  5107  5107 D QCNEJ/WwanInfoRelay: onActiveSubscriptionsChanged activeCurrDDSId: 1 new DDS 1
07-28 17:44:47.476  4914  4914 D CiWlanNotificationReceiver: ACTION_RADIO_POWER_STATE_CHANGED
07-28 17:44:47.476  3494  4505 V NetworkPolicy: updateNotificationsNL not process
07-28 17:44:47.476  4914  5785 D OplusPowerUpOptimizationImpl: handleMessage what = 6
07-28 17:44:47.476  4914  5785 D OplusPowerUpOptimizationImpl: radio is available for slot: 1
07-28 17:44:47.476  4914  5785 D OplusPowerUpOptimizationImpl: trySendPhoneReady for slot: 1
07-28 17:44:47.476  4914  5785 D OplusPowerUpOptimizationImpl: Not sending ATEL ready: States: [1: {true, true, true, true}]
07-28 17:44:47.476  4914  4926 W System  : A resource failed to call AbstractCursor.close. 
07-28 17:44:47.476  4914  4926 W System  : A resource failed to call AbstractCursor.close. 
07-28 17:44:47.476  4914  4926 W System  : A resource failed to call AbstractCursor.close. 
07-28 17:44:47.477  4914  4914 D OplusTelephonyController: onSignalStrengthChanged: SignalStrength=SignalStrength:{mCdma=CellSignalStrengthCdma: cdmaDbm=2147483647 cdmaEcio=2147483647 evdoDbm=2147483647 evdoEcio=2147483647 evdoSnr=2147483647 level=0,mGsm=CellSignalStrengthGsm: rssi=2147483647 ber=2147483647 mTa=2147483647 mLevel=0,mWcdma=CellSignalStrengthWcdma: ss=2147483647 ber=2147483647 rscp=2147483647 ecno=2147483647 level=0,mTdscdma=CellSignalStrengthTdscdma: rssi=2147483647 ber=2147483647 rscp=2147483647 level=0,mLte=CellSignalStrengthLte: rssi=2147483647 rsrp=2147483647 rsrq=2147483647 rssnr=2147483647 cqiTableIndex=2147483647 cqi=2147483647 ta=2147483647 level=0 parametersUseForLevel=0,mNr=CellSignalStrengthNr:{ csiRsrp = 2147483647 csiRsrq = 2147483647 csiCqiTableIndex = 2147483647 csiCqiReport = [] ssRsrp = 2147483647 ssRsrq = 2147483647 ssSinr = 2147483647 level = 0 parametersUseForLevel = 0 timingAdvance = 2147483647 },primary=CellSignalStrengthLte}
07-28 17:44:47.478  5155  5155 D SubsysEventListenerManager-SubsysTelephonyCallback[0]: onCellInfoChanged
07-28 17:44:47.478  3494  5307 W BestClock: java.time.DateTimeException: Missing network time fix
07-28 17:44:47.479  3494  5314 W BestClock: java.time.DateTimeException: Missing network time fix
07-28 17:44:47.479  4914  4914 D Telephony: isEmergencyPreferredAccount: subId=1, activeData=1
07-28 17:44:47.479  4914  4914 D Telephony: isEmergencyPreferredAccount: Device does not require preference.
07-28 17:44:47.479  4914  4914 D InternationalRoamingNotification: init
07-28 17:44:47.479  4839  5775 V OplusCustomizeCacheManager: queryCache name: sys.cache.common_customize_cache18014 param: null
07-28 17:44:47.479  4839  5775 V OplusCustomizeCacheManager: queryCache name: sys.cache.common_customize_cache18017 param: Bundle[{SETTING=BLOCK, BUSINESS=NCT-DATA}]
07-28 17:44:47.479  4839  5775 V OplusCustomizeCacheManager: queryCache name: sys.cache.common_customize_cache18013 param: null
07-28 17:44:47.479  5155  6255 D VirtualCommService2: isSupport. true, true
07-28 17:44:47.479  4914  4914 D OplusVirtualCommUtils: isVirtualCommSupport, vRet: true
07-28 17:44:47.479  4914  4914 I OplusVirtualCommUtils: getVirtualCommDeviceType, vRet: 1
07-28 17:44:47.479  4914  4914 I OplusVirtualCommUtils: isConsumerDeviceType, deviceType: 1
07-28 17:44:47.480  4914  4914 D InternationalRoamingNotification: do not createRoamingNotification for invalid Network
07-28 17:44:47.481  3494  4516 D ConnectivityService: unregister offer from providerId 5 : NetworkOffer [ Provider Id (5) Score(Policies : YIELD_TO_BAD_WIFI&TRANSPORT_PRIMARY&EVER_EVALUATED&IS_UNMETERED&EVER_VALIDATED&IS_VALIDATED ; KeepConnected : 0) Caps [ Transports: CELLULAR|SATELLITE Capabilities: MMS&SUPL&DUN&FOTA&IMS&CBS&IA&RCS&XCAP&EIMS&INTERNET&NOT_RESTRICTED&TRUSTED&NOT_VPN&MCX&NOT_VCN_MANAGED&ENTERPRISE&VSIM&BIP&MMTEL&PRIORITIZE_LATENCY&PRIORITIZE_BANDWIDTH&NOT_BANDWIDTH_CONSTRAINED Specifier: <TelephonyNetworkSpecifier [mSubId = 1]> EnterpriseId: 1&2&3&4&5 UnderlyingNetworks: Null] Needed by [74, 131, 102, 261, 24, 90, 150, 275, 175, 9, 42, 59, 48, 50, 105, 18, 166, 281, 179, 255, 185, 266, 65, 172, 210, 30, 93, 248, 1, 62, 183, 207, 86, 202, 38, 181, 271, 159, 241, 170, 44, 154, 82, 143, 190, 243, 163, 53, 223, 232, 252, 264, 15, 157, 145, 199, 277, 68, 7, 34, 197, 57, 96, 32, 228, 46, 187, 279, 212, 177, 133, 40, 230, 268, 28, 161, 221, 168, 79, 135, 273, 139, 26, 36, 257, 110, 192, 235, 246]]
07-28 17:44:47.481  3494  4516 D ConnectivityService: update offer from providerId 5 new : NetworkOffer [ Provider Id (5) Score(Policies : YIELD_TO_BAD_WIFI&TRANSPORT_PRIMARY&EVER_EVALUATED&IS_UNMETERED&EVER_VALIDATED&IS_VALIDATED ; KeepConnected : 0) Caps [ Transports: CELLULAR|SATELLITE Capabilities: MMS&SUPL&DUN&FOTA&IMS&CBS&IA&RCS&XCAP&EIMS&INTERNET&NOT_RESTRICTED&TRUSTED&NOT_VPN&MCX&NOT_VCN_MANAGED&ENTERPRISE&VSIM&BIP&MMTEL&PRIORITIZE_LATENCY&PRIORITIZE_BANDWIDTH&NOT_BANDWIDTH_CONSTRAINED Specifier: <TelephonyNetworkSpecifier [mSubId = 1]> EnterpriseId: 1&2&3&4&5 UnderlyingNetworks: Null] Needed by [74, 131, 102, 261, 24, 90, 150, 275, 175, 9, 42, 59, 48, 50, 105, 18, 166, 281, 179, 255, 185, 266, 65, 172, 210, 30, 93, 248, 1, 62, 183, 207, 86, 202, 38, 181, 271, 159, 241, 170, 44, 154, 82, 143, 190, 243, 163, 53, 223, 232, 252, 264, 15, 157, 145, 199, 277, 68, 7, 34, 197, 57, 96, 32, 228, 46, 187, 279, 212, 177, 133, 40, 230, 268, 28, 161, 221, 168, 79, 135, 273, 139, 26, 36, 257, 110, 192, 235, 246]]
07-28 17:44:47.481  3494  4516 D ConnectivityService: unregister offer from providerId 6 : NetworkOffer [ Provider Id (6) Score(Policies : YIELD_TO_BAD_WIFI&EVER_EVALUATED&IS_UNMETERED&EVER_VALIDATED&IS_VALIDATED ; KeepConnected : 0) Caps [ Transports: CELLULAR|SATELLITE Capabilities: MMS&SUPL&DUN&FOTA&IMS&CBS&IA&RCS&XCAP&EIMS&INTERNET&NOT_RESTRICTED&TRUSTED&NOT_VPN&MCX&NOT_VCN_MANAGED&ENTERPRISE&VSIM&BIP&MMTEL&PRIORITIZE_LATENCY&PRIORITIZE_BANDWIDTH&NOT_BANDWIDTH_CONSTRAINED Specifier: <TelephonyNetworkSpecifier [mSubId = -1]> EnterpriseId: 1&2&3&4&5 UnderlyingNetworks: Null] Needed by [74, 131, 102, 261, 24, 90, 150, 275, 175, 9, 42, 59, 48, 50, 105, 18, 166, 281, 179, 255, 185, 266, 65, 172, 210, 30, 93, 248, 1, 62, 183, 207, 86, 202, 38, 181, 271, 159, 241, 170, 44, 154, 82, 143, 190, 243, 163, 53, 223, 232, 252, 264, 15, 157, 145, 199, 277, 68, 7, 34, 197, 57, 96, 32, 228, 46, 187, 279, 212, 177, 133, 40, 230, 268, 28, 161, 221, 168, 79, 135, 273, 139, 26, 36, 257, 110, 192, 235, 246]]
07-28 17:44:47.481  3494  4516 D ConnectivityService: update offer from providerId 6 new : NetworkOffer [ Provider Id (6) Score(Policies : YIELD_TO_BAD_WIFI&EVER_EVALUATED&IS_UNMETERED&EVER_VALIDATED&IS_VALIDATED ; KeepConnected : 0) Caps [ Transports: CELLULAR|SATELLITE Capabilities: MMS&SUPL&DUN&FOTA&IMS&CBS&IA&RCS&XCAP&EIMS&INTERNET&NOT_RESTRICTED&TRUSTED&NOT_VPN&MCX&NOT_VCN_MANAGED&ENTERPRISE&VSIM&BIP&MMTEL&PRIORITIZE_LATENCY&PRIORITIZE_BANDWIDTH&NOT_BANDWIDTH_CONSTRAINED Specifier: <TelephonyNetworkSpecifier [mSubId = -1]> EnterpriseId: 1&2&3&4&5 UnderlyingNetworks: Null] Needed by [74, 131, 102, 261, 24, 90, 150, 275, 175, 9, 42, 59, 48, 50, 105, 18, 166, 281, 179, 255, 185, 266, 65, 172, 210, 30, 93, 248, 1, 62, 183, 207, 86, 202, 38, 181, 271, 159, 241, 170, 44, 154, 82, 143, 190, 243, 163, 53, 223, 232, 252, 264, 15, 157, 145, 199, 277, 68, 7, 34, 197, 57, 96, 32, 228, 46, 187, 279, 212, 177, 133, 40, 230, 268, 28, 161, 221, 168, 79, 135, 273, 139, 26, 36, 257, 110, 192, 235, 246]]
07-28 17:44:47.484  4914  4914 V OplusCustomizeCacheManager: queryCache name: sys.cache.common_customize_cache18016 param: null
07-28 17:44:47.484  4914  4914 V OplusCustomizeCacheManager: queryCache name: sys.cache.common_customize_cache18013 param: null
07-28 17:44:47.484  4914  4914 V OplusCustomizeCacheManager: queryCache name: sys.cache.common_customize_cache18014 param: null
07-28 17:44:47.484  4914  4914 V OplusCustomizeCacheManager: queryCache name: sys.cache.common_customize_cache18017 param: Bundle[{SETTING=BLOCK, BUSINESS=NCT-DATA}]
07-28 17:44:47.484  4914  4914 V OplusCustomizeCacheManager: queryCache name: sys.cache.common_customize_cache18016 param: null
07-28 17:44:47.484  4914  4914 V OplusCustomizeCacheManager: queryCache name: sys.cache.common_customize_cache18013 param: null
07-28 17:44:47.484  4914  4914 V OplusCustomizeCacheManager: queryCache name: sys.cache.common_customize_cache18014 param: null
07-28 17:44:47.485  4914  4914 V OplusCustomizeCacheManager: queryCache name: sys.cache.common_customize_cache18017 param: Bundle[{SETTING=BLOCK, BUSINESS=NCT-DATA}]
07-28 17:44:47.486  4839  4839 I SystemUi--QuickSettings: QsLottieUtils-->getLottieAnimFile : qs/qs_airplane_lottie_active_sep_dual_light.json
07-28 17:44:47.486  4839  4839 I SystemUi--QuickSettings: TemporarilyInfoManager-->[trigger] start from show
07-28 17:44:47.487  4839  4839 I SystemUi--QuickSettings: TemporarilyInfoManager-->[getLayoutParams] translationY=102.08931, translationX=0, width=1080, height=228, isLandscape=false, parent=androidx.constraintlayout.widget.ConstraintLayout{394661b V.E...... ......ID 0,0-1080,2376 #7f0a09f6 app:id/qs_container_area_layout alpha=1.0 viewInfo = }
07-28 17:44:47.487  4839  4839 I SystemUi--Common: ViewExt-->[startAlongWithPosition] com.oplus.systemui.qs.base.temporarilyinfo.TemporarilyInfoManager$createViewToParent$1{9e2d5ff V.ED..... ......ID 0,0-0,0 #7f0a0cb6 app:id/temporarily_info_view alpha=0.0 viewInfo = } alongWith android.widget.RelativeLayout{502ffcc V.E...... ........ 0,102-1080,222 #7f0a0a2e app:id/qs_status_bar_container_layout alpha=1.0 viewInfo = }
07-28 17:44:47.487  4839  4839 I SystemUi--QuickSettings: TemporarilyInfoManager-->[showElement] com.oplus.systemui.qs.base.temporarilyinfo.TemporarilyInfoManager$createViewToParent$1{9e2d5ff V.ED..... ......ID 0,0-0,0 #7f0a0cb6 app:id/temporarily_info_view alpha=0.0 viewInfo = } for Element(text=Airplane mode off, groupId=Airplane mode, style=InfoShowStyle(textSize=16.0, sizeUnit=2, textColor=-1, showDuration=1500, alongWithReplacedView=true))
07-28 17:44:47.487  4839  4839 I SystemUi--QuickSettings: TemporarilyInfoManager-->[animateShow] com.oplus.systemui.qs.base.temporarilyinfo.TemporarilyInfoManager$createViewToParent$1{9e2d5ff VFED..C.. ......ID 0,0-0,0 #7f0a0cb6 app:id/temporarily_info_view alpha=0.0 viewInfo = } start
07-28 17:44:47.490  1967  1967 D SensorFeature: name=ssc_screenshot_info ,index = 22
07-28 17:44:47.490  1967  1967 D SensorFeature: write 29 bytes:60238634819,60246968152,165,0
07-28 17:44:47.501  1906  1957 I [UAH_CLIENT]: UahRelease, handle:43
07-28 17:44:47.510  4839  4839 I SystemUi--QuickSettings: QsLottieUtils-->getLottieAnimFile : qs/qs_cellular_lottie_active_sep_dual_light.json
07-28 17:44:47.531  3402  3881 D QmiClient: qmiServiceEventCallback recv msg id 1106
07-28 17:44:47.531  3402  3881 D QmiVsClient: enter - onQmiServiceEventCallback msgId 1106
07-28 17:44:47.531  3402  3434 D VsProxy : handleMessage msg is 2425
07-28 17:44:47.531  3402  3434 D VsProxy : handleServingCellInfoChangeInd for instance 0
07-28 17:44:47.532  3402  3402 D RadioServiceIndication: radioServingCellInfoInd
07-28 17:44:47.532  3402  3402 D RadioServiceIndication: radioServingCellInfoInd
07-28 17:44:47.532  5155  6255 D SubsysRadioIndication[0]: radioServingCellInfoInd
07-28 17:44:47.533  5155  6255 D SubsysRadioIndication[0]: radioServingCellInfoInd
07-28 17:44:47.533  5155  5155 D NetworkService[0]: handleMessage what:1003
07-28 17:44:47.534  5155  5155 D NetworkService[0]: handleMessage what:1003
07-28 17:44:47.535  4991  5806 D RadioEvent: onCellInfoChanged slotId=0
07-28 17:44:47.535  4991  5806 D RadioEvent: onCellInfoChanged slotId=0
07-28 17:44:47.536  3402  3876 D QmiClient: qmiServiceEventCallback recv msg id 78
07-28 17:44:47.536  3402  3876 D QmiNasClient: enter : onQmiServiceEventCallback msgId 78
07-28 17:44:47.536  3402  3876 D QmiNasClientEvent: qmiNasClientNotifySysInfoEvent lte_ims_voice_avail_valid 0
07-28 17:44:47.537  3402  3450 D NasProxy: handleMessage msg is 2101
07-28 17:44:47.537  3402  3450 D NasProxy: handleNasSysInfoEvent for instance 0
07-28 17:44:47.537  5155  6255 D SubsysRadioIndication[0]: radioNr5gFreqTypeIndication, nr5gFreqType = 0
07-28 17:44:47.537  5155  5155 D QtiCellularNetwork: handleNr5gFreqTypeChanged 0, nr5gFreqType = 0
07-28 17:44:47.538  5064  7806 I QImsService: ImsRadioIndicationAidl : onServiceDomainChanged()[SUB0]
07-28 17:44:47.538  5064  7806 I QImsService: ImsSenderRxr : [UNSL]< UNSOL_SERVICE_DOMAIN_CHANGED 0[SUB0]
07-28 17:44:47.538  5064  5064 I QImsService: ImsRegistrationController : Message received: what = 5
07-28 17:44:47.538  5064  5064 I QImsService: ImsRegistrationController : handleSrvDomainChanged
07-28 17:44:47.540  5107  6222 D IWlanJni: getDataRegistrationState start
07-28 17:44:47.541  5107  6229 D IWlanJni: new aidl event arrived
07-28 17:44:47.541  5107  6229 D IWlanJni: handleEvent 10
07-28 17:44:47.541  5107  6229 D IWlanJni: isThreadAttached start
07-28 17:44:47.541  5107  6229 D IWlanJni: jni detached
07-28 17:44:47.541  5107  6229 D IWlanJni: jni attached
07-28 17:44:47.541  5107  6229 D IWlanJni: getDataRegistrationStateResponse start
07-28 17:44:47.541  5107  6229 D IWlanJni: getJavaCallbackClass start
07-28 17:44:47.541  5107  6229 D IWlanJni: getJavaCallbackClass End midIs[1]
07-28 17:44:47.541  5107  6229 I IWlanAidlClient: getDataRegistrationStateResponse called
07-28 17:44:47.541  5107  6228 W IWlanNetworkService: 14 > Response Processed
07-28 17:44:47.541  4972  8446 D QtiOemHookAidl: oemHookRawIndication length=21
07-28 17:44:47.541  4972  4972 D QcrilMsgTunnelIfaceManager: handleMessage what = 0
07-28 17:44:47.542  4914  4914 D QC_RIL_OEM_HOOK: Received Broadcast Intent ACTION_UNSOL_RESPONSE_OEM_HOOK_RAW
07-28 17:44:47.542  4914  4914 D QC_RIL_OEM_HOOK: Received Broadcast Intent ACTION_UNSOL_RESPONSE_OEM_HOOK_RAW
07-28 17:44:47.542  4914  4914 D QC_RIL_OEM_HOOK: Received Broadcast Intent ACTION_UNSOL_RESPONSE_OEM_HOOK_RAW
07-28 17:44:47.543  4972  4972 D QC_RIL_OEM_HOOK: Received Broadcast Intent ACTION_UNSOL_RESPONSE_OEM_HOOK_RAW
07-28 17:44:47.544  4914  4914 D OplusTelephonyController: onSignalStrengthChanged: SignalStrength=SignalStrength:{mCdma=CellSignalStrengthCdma: cdmaDbm=2147483647 cdmaEcio=2147483647 evdoDbm=2147483647 evdoEcio=2147483647 evdoSnr=2147483647 level=0,mGsm=CellSignalStrengthGsm: rssi=2147483647 ber=2147483647 mTa=2147483647 mLevel=0,mWcdma=CellSignalStrengthWcdma: ss=2147483647 ber=2147483647 rscp=2147483647 ecno=2147483647 level=0,mTdscdma=CellSignalStrengthTdscdma: rssi=2147483647 ber=2147483647 rscp=2147483647 level=0,mLte=CellSignalStrengthLte: rssi=2147483647 rsrp=2147483647 rsrq=2147483647 rssnr=2147483647 cqiTableIndex=2147483647 cqi=2147483647 ta=2147483647 level=0 parametersUseForLevel=0,mNr=CellSignalStrengthNr:{ csiRsrp = 2147483647 csiRsrq = 2147483647 csiCqiTableIndex = 2147483647 csiCqiReport = [] ssRsrp = 2147483647 ssRsrq = 2147483647 ssSinr = 2147483647 level = 0 parametersUseForLevel = 0 timingAdvance = 2147483647 },primary=CellSignalStrengthLte}
07-28 17:44:47.544  5155  5155 D SubsysEventListenerManager-SubsysTelephonyCallback[0]: onSignalStrengthsChanged
07-28 17:44:47.548  3494  5306 W BestClock: java.time.DateTimeException: Missing network time fix
07-28 17:44:47.548  4914  4914 W Settings: Setting airplane_mode_on has moved from android.provider.Settings.System to android.provider.Settings.Global, returning read-only value.
07-28 17:44:47.549  3494  3494 D OplusWifiBroadCastDispatcher: mBroadcastReceiver: onReceiver  action=oplus.intent.action.MCC_CHANGE
07-28 17:44:47.549  3494  5306 W BestClock: java.time.DateTimeException: Missing network time fix
07-28 17:44:47.549  4674  4830 D CNGmsControlService: receive:oplus.intent.action.MCC_CHANGE
07-28 17:44:47.550  4839  5775 V OplusCustomizeCacheManager: queryCache name: sys.cache.common_customize_cache18014 param: null
07-28 17:44:47.550  4991  5810 D NAS-CallIssueDetector: onPollCsPsRegStateChanged slotid = 0
07-28 17:44:47.550  4991  5810 D NAS-CallIssueDetector: notifyRealOosChanged
07-28 17:44:47.550  4839  5775 V OplusCustomizeCacheManager: queryCache name: sys.cache.common_customize_cache18017 param: Bundle[{SETTING=BLOCK, BUSINESS=NCT-DATA}]
07-28 17:44:47.550  4839  5775 V OplusCustomizeCacheManager: queryCache name: sys.cache.common_customize_cache18013 param: null
07-28 17:44:47.550  4991  5810 D OplusCiwlanController: [vodata] getSubId subid =  1
07-28 17:44:47.550  7174  7174 I 7174PAS.MccChangeReceiver_Travel: onReceive
07-28 17:44:47.551  4991  5812 W BluetoothAdapterExtImpl: getBluetoothConnectionCount：mOplusBluetooth null!
07-28 17:44:47.551  4991  5812 D TelephonyImpl: isRequestingMms
07-28 17:44:47.551  4991  5812 D TelephonyImpl: getReleaseMmsNetworkTime
07-28 17:44:47.552  4991  5812 D OplusDdsSwitchStrategy: Md,OplusCheckFeature,RETURN_TO_CUR_ACTION_DDS
07-28 17:44:47.553  4839  5212 I SystemUi--QuickSettings: Tile.OplusCellularTile-->updateCarrierText: dialog not showing, ignore
07-28 17:44:47.553  7174  8022 D NetWorkMonitor: addNetStateListener :true
07-28 17:44:47.553  4991  5810 D OplusCiwlanController: [vodata] processOosChanged  phoneid = 0,cur regstate = 1,old regstate = -1
07-28 17:44:47.553  4991  5810 D OplusCiwlanController: [vodata] getSubId subid =  -1
07-28 17:44:47.553  4991  5810 D OplusCiwlanController: [vodata] processOosChanged  phoneid = 1,cur regstate = 1,old regstate = -1
07-28 17:44:47.553  4839  5212 D SimStateHelper: slot:0, lock state:Bundle[mParcelledData.dataSize=56]
07-28 17:44:47.554  4839  5212 D SimStateHelper: slot:1, lock state:Bundle[mParcelledData.dataSize=56]
07-28 17:44:47.554  4839  5212 D SimStateHelper: needDisableMenu: slot1State=-1; slot2State=-1
07-28 17:44:47.554  4839  5212 D SimStateHelper: needDisableMenu:false
07-28 17:44:47.554  4674  4830 D CNGmsControlService: mcc1=001 mcc2=null GmsState=2 TagWhitelistApp=true UserDisableCount=0 SettingsGmsState=1
07-28 17:44:47.554  3494  5312 D ConnectivityService: requestNetwork for uid/pid:10137/7174 activeRequest: null callbackRequest: 282 [NetworkRequest [ REQUEST id=283, [ Capabilities: INTERNET&NOT_RESTRICTED&TRUSTED&NOT_VCN_MANAGED&NOT_BANDWIDTH_CONSTRAINED Uid: 10137 RequestorUid: 10137 RequestorPkg: com.coloros.sceneservice UnderlyingNetworks: Null] ]] callback flags: 0 order: 2147483647 isUidTracked: false
07-28 17:44:47.554  7174  8022 D NetWorkMonitor: resume registerNetworkCallback
07-28 17:44:47.554  4914  6304 D OplusNetworkFactory: got request NetworkRequest [ REQUEST id=283, [ Capabilities: INTERNET&NOT_RESTRICTED&TRUSTED&NOT_VCN_MANAGED&NOT_BANDWIDTH_CONSTRAINED Uid: 10137 RequestorUid: 10137 RequestorPkg: com.coloros.sceneservice UnderlyingNetworks: Null] ]
07-28 17:44:47.554  3494  4507 D WifiNetworkFactory: got request NetworkRequest [ REQUEST id=283, [ Capabilities: INTERNET&NOT_RESTRICTED&TRUSTED&NOT_VCN_MANAGED&NOT_BANDWIDTH_CONSTRAINED Uid: 10137 RequestorUid: 10137 RequestorPkg: com.coloros.sceneservice UnderlyingNetworks: Null] ]
07-28 17:44:47.554  3494  4507 D UntrustedWifiNetworkFactory: got request NetworkRequest [ REQUEST id=283, [ Capabilities: INTERNET&NOT_RESTRICTED&TRUSTED&NOT_VCN_MANAGED&NOT_BANDWIDTH_CONSTRAINED Uid: 10137 RequestorUid: 10137 RequestorPkg: com.coloros.sceneservice UnderlyingNetworks: Null] ]
07-28 17:44:47.554  3494  4507 D OemPaidWifiNetworkFactory: got request NetworkRequest [ REQUEST id=283, [ Capabilities: INTERNET&NOT_RESTRICTED&TRUSTED&NOT_VCN_MANAGED&NOT_BANDWIDTH_CONSTRAINED Uid: 10137 RequestorUid: 10137 RequestorPkg: com.coloros.sceneservice UnderlyingNetworks: Null] ]
07-28 17:44:47.554  3494  4507 D MultiInternetWifiNetworkFactory: got request NetworkRequest [ REQUEST id=283, [ Capabilities: INTERNET&NOT_RESTRICTED&TRUSTED&NOT_VCN_MANAGED&NOT_BANDWIDTH_CONSTRAINED Uid: 10137 RequestorUid: 10137 RequestorPkg: com.coloros.sceneservice UnderlyingNetworks: Null] ]
07-28 17:44:47.554  3494  4516 D ConnectivityService: NetReassign [no changes] [c 0] [a 0] [i 0]
07-28 17:44:47.555  4991  6368 W Binder  : Caught a RuntimeException from the binder stub implementation.
07-28 17:44:47.555  4991  6368 W Binder  : java.lang.NullPointerException: Attempt to invoke virtual method 'boolean android.net.Uri.equals(java.lang.Object)' on a null object reference
07-28 17:44:47.555  4991  6368 W Binder  : 	at xb.a$b.onChange(Unknown Source:16)
07-28 17:44:47.555  4991  6368 W Binder  : 	at android.database.ContentObserver.onChange(ContentObserver.java:184)
07-28 17:44:47.555  4991  6368 W Binder  : 	at android.database.ContentObserver.onChange(ContentObserver.java:202)
07-28 17:44:47.555  4991  6368 W Binder  : 	at android.database.ContentObserver.onChange(ContentObserver.java:224)
07-28 17:44:47.555  4991  6368 W Binder  : 	at android.database.ContentObserver.onChange(ContentObserver.java:236)
07-28 17:44:47.555  4991  6368 W Binder  : 	at android.database.ContentObserver.dispatchChange(ContentObserver.java:335)
07-28 17:44:47.555  4991  6368 W Binder  : 	at android.database.ContentObserver$Transport.onChangeEtc(ContentObserver.java:357)
07-28 17:44:47.555  4991  6368 W Binder  : 	at android.database.IContentObserver$Stub.onTransact(IContentObserver.java:120)
07-28 17:44:47.555  4991  6368 W Binder  : 	at android.os.Binder.execTransactInternal(Binder.java:1523)
07-28 17:44:47.555  4991  6368 W Binder  : 	at android.os.Binder.execTransact(Binder.java:1457)
07-28 17:44:47.557  3494  5307 W BestClock: java.time.DateTimeException: Missing network time fix
07-28 17:44:47.557  1701  1701 D Zygote  : Forked child process 13134
07-28 17:44:47.558  3494  3746 I ActivityManager: Start proc 13134:com.oplus.wirelesssettings:tzupdate/1000 for broadcast {com.oplus.wirelesssettings/com.oplus.tzupdate.timezone.MccChangeReceiver}
07-28 17:44:47.558  4914  4914 D ServiceStateProvider: subId=1
07-28 17:44:47.559  3494  5312 W BestClock: java.time.DateTimeException: Missing network time fix
07-28 17:44:47.559  3494  4230 I MemoryOperationUtils: add 13134 to inactive
07-28 17:44:47.559  4839  5775 V OplusCustomizeCacheManager: queryCache name: sys.cache.common_customize_cache18014 param: null
07-28 17:44:47.559  4839  5775 V OplusCustomizeCacheManager: queryCache name: sys.cache.common_customize_cache18017 param: Bundle[{SETTING=BLOCK, BUSINESS=NCT-DATA}]
07-28 17:44:47.560  4839  5775 V OplusCustomizeCacheManager: queryCache name: sys.cache.common_customize_cache18013 param: null
07-28 17:44:47.560  4991  5806 D T-Recommend: onPreHandleMessage 1000
07-28 17:44:47.560  4991  5806 E CellularEvent: nri null ps
07-28 17:44:47.560  4991  5806 E CellularEvent: invalid nri
07-28 17:44:47.560  4991  5806 D T-Recommend: onPostHandleMessage 1000
07-28 17:44:47.560  5155  5155 D SubsysEventListenerManager-SubsysTelephonyCallback[0]: onServiceStateChanged
07-28 17:44:47.560  5155  5155 D ChinaRoamingControl: registTelephonyEvent onServiceStateChanged eventId:5, VoiceRegState:1, DataRegState:1
07-28 17:44:47.560  5064  5064 I QImsService: OplusPhoneStateTracker : onServiceStateChanged
07-28 17:44:47.560  5064  5064 I QImsService: OplusPhoneStateTracker : onServiceStateChanged
07-28 17:44:47.561  5155  5155 D QuickChangeAirplaneModeEvent: onServiceStateChanged slotId:0
07-28 17:44:47.561  5155  6119 D cellularState[0]: handleMessage: E msg.what=4
07-28 17:44:47.561  5155  6119 D cellularState[0]: processMsg: DataCallingState
07-28 17:44:47.561  5155  6119 D cellularState[0]: processMsg: NetworkAttachedState
07-28 17:44:47.561  5155  6119 D cellularState[0]: processMsg: SimReadyState
07-28 17:44:47.561  5155  6119 D cellularState[0]: processMsg: DefaultState
07-28 17:44:47.561  5155  6119 E cellularState[0]:  - unhandledMessage: msg.what=4
07-28 17:44:47.561  5155  6119 D cellularState[0]: handleMessage: X
07-28 17:44:47.561  3494  5307 W ContextImpl: Calling a method in the system process without a qualified user: android.app.ContextImpl.sendBroadcastMultiplePermissions:1311 android.content.Context.sendBroadcastMultiplePermissions:2524 com.android.server.TelephonyRegistry.broadcastServiceStateChanged:3740 com.android.server.TelephonyRegistry.notifyServiceStateForPhoneId:1787 com.android.internal.telephony.ITelephonyRegistry$Stub.onTransact:546 
07-28 17:44:47.561  5155  5155 D QuickChangeAirplaneModeEvent: isBothCardInService is false
07-28 17:44:47.561  5155  5155 D MsimSubModeManager: registTelephonyEvent onServiceStateChanged eventId:3, VoiceRegState:1, DataRegState:1
07-28 17:44:47.561  5155  5155 E ExtremeCommUtils: getSwitchRusSupportMcc invalid index 1
07-28 17:44:47.561  5155  5155 D ExtremeCommUtils: isSupporCheck rusContain:false,propContain(persist.sys.oplus.support_hyper_uplink_mcc):false
07-28 17:44:47.561  5155  5155 D ExtremeCommService: handleServiceStateChanged mcc is null
07-28 17:44:47.561  5155  5155 D ChinaRoamingControl: handleMessage what:5
07-28 17:44:47.561  5155  5155 D MsimSubModeManager: handleMessage what:3
07-28 17:44:47.561  5155  5155 D MsimSubModeManager: getMsimSimServiceIn() i:0,mServiceState:1
07-28 17:44:47.561  5155  5155 D MsimSubModeManager: getMsimSimServiceIn() i:1,mServiceState:1
07-28 17:44:47.562  3494  5307 W ContextImpl: Calling a method in the system process without a qualified user: android.app.ContextImpl.sendBroadcastMultiplePermissions:1344 com.android.server.TelephonyRegistry.broadcastServiceStateChanged:3745 com.android.server.TelephonyRegistry.notifyServiceStateForPhoneId:1787 com.android.internal.telephony.ITelephonyRegistry$Stub.onTransact:546 android.os.Binder.execTransactInternal:1523 
07-28 17:44:47.562  4991  5810 D NAS-CallIssueDetector: onServiceStateChanged
07-28 17:44:47.562  4991  5810 D OplusCiwlanController: [vodata] processServiceStateChanged  phoneid = 0, original roaming type = 0,roaming type = 0
07-28 17:44:47.562  4991  5810 D OplusCiwlanController: [vodata] processServiceStateChanged  phoneid = 1, original roaming type = 0,roaming type = 0
07-28 17:44:47.562  4991  5821 D OplusSubWaySlowRecovery: getPreferSubId return 1
07-28 17:44:47.562  4991  5821 D SaDataFailRecovery/0: current is not in service,reset alarm
07-28 17:44:47.562  4991  5821 D OplusScanQrCodeRecoveryImpl: msg.what=3
07-28 17:44:47.562  3494  5307 W ContextImpl: Calling a method in the system process without a qualified user: android.app.ContextImpl.sendBroadcastMultiplePermissions:1344 com.android.server.TelephonyRegistry.broadcastServiceStateChanged:3754 com.android.server.TelephonyRegistry.notifyServiceStateForPhoneId:1787 com.android.internal.telephony.ITelephonyRegistry$Stub.onTransact:546 android.os.Binder.execTransactInternal:1523 
07-28 17:44:47.562  4839  5322 I SystemUi--Statusbar: MobileConnectionRepositoryImpl-->subId:1 isSoftSimCard:false slotId:0
07-28 17:44:47.562  3494  5307 W ContextImpl: Calling a method in the system process without a qualified user: android.app.ContextImpl.sendBroadcastMultiplePermissions:1344 com.android.server.TelephonyRegistry.broadcastServiceStateChanged:3760 com.android.server.TelephonyRegistry.notifyServiceStateForPhoneId:1787 com.android.internal.telephony.ITelephonyRegistry$Stub.onTransact:546 android.os.Binder.execTransactInternal:1523 
07-28 17:44:47.562  5155  5155 D SubsysEventListenerManager-SubsysTelephonyCallback[0]: onCellLocationChanged
07-28 17:44:47.563  5932  5932 D CellBroadcastReceiver: onReceive Intent { act=android.intent.action.SERVICE_STATE flg=0x1000010 cmp=com.android.cellbroadcastreceiver.module/com.android.cellbroadcastreceiver.CellBroadcastReceiver (has extras) }
07-28 17:44:47.564  5932  5932 D CellBroadcastReceiver: onServiceStateChanged, ss: 1
07-28 17:44:47.564  5932  5932 D CellBroadcastReceiver: networkOperator: 
07-28 17:44:47.564  4839  4839 I SystemUi--Statusbar: OplusMobileIconInteractorImpl-->oplusIMSModel slot:0: CapabilityTypeModel(isVolteSwitchOn=true, isWfcEnabledByUser=true, imsRegistered=false, voiceCapable=false, videoCapable=false, registerTech=-1, isCrossSimCallingEnabledByUser=false, hasHideVolteOperator=false), SimStateModel(simInserted=[true, false], simForbidden=[false, true], simStateIMSI=[true, false], simLoaded=[true, false]),oplusNetworkTypeNr:20,isVoNrEnabled:false
07-28 17:44:47.564  5155  5155 D SubsysEventListenerManager-SubsysTelephonyCallback[0]: onDisplayInfoChanged
07-28 17:44:47.564  6522  6617 I midasd  : OplusObrainService::notifyEventInt eventId:38 iParam:20
07-28 17:44:47.564  5155  5155 D SceneService: onDisplayInfoChanged slotId:0,telephonyDisplayInfo:TelephonyDisplayInfo {network=NR, overrideNetwork=NONE, isRoaming=false}
07-28 17:44:47.565  4839  5322 I SystemUi--Statusbar: MobileConnectionRepositoryImpl-->subId:1 isSoftSimCard:false slotId:0
07-28 17:44:47.565  8761 10243 I OplusObrain: OplusObrainClientInvoke.nativeGetTelephonyInfo
07-28 17:44:47.566  4914  4914 D MultiSimSettingController: notifySubscriptionInfoChanged
07-28 17:44:47.566  5107  6222 D IWlanJni: getDataRegistrationState start
07-28 17:44:47.567  8761  8799 I OplusObrain: OplusObrainClientInvoke.nativeGetTrafficTypeInfoForNetworkType networkType 0
07-28 17:44:47.567  3494  3494 I AS.AudioService: onSubscriptionsChanged()
07-28 17:44:47.567  3494  4505 V NetworkPolicy: onSubscriptionsChanged
07-28 17:44:47.567  4991  5809 D OplusLinkBoostCommon: dds servicestate change
07-28 17:44:47.567  5064  5064 I QImsService: OplusPhoneStateTracker : onSubscriptionsChanged Last subId: 1 Current subId 1
07-28 17:44:47.568  4839  5322 I SystemUi--Statusbar: MobileInputLog-->onSubscriptionsChanged
07-28 17:44:47.568  4914  6225 E PhoneInterfaceManager: getServiceStateForSlot retuning null for invalid slotIndex=-1
07-28 17:44:47.569  3494  5307 D KernelStatsHelper: getKernelStats start!
07-28 17:44:47.569  5064  5064 I QImsService: OplusPhoneStateTracker : onSubscriptionsChanged Last subId: -1 Current subId -1
07-28 17:44:47.569  4839  4839 I KeyguardUpdateMonitor: action=android.intent.action.SERVICE_STATE subId=1 slotId=0
07-28 17:44:47.569  5107  5107 D QCNEJ/DataCallAgent: onSubscriptionsChanged: new DDS 1
07-28 17:44:47.569  5107  5107 D QCNEJ/WwanInfoRelay: onSubscriptionsChanged currDDSId: 1 new DDS 1
07-28 17:44:47.570  4991  5806 D CellularEvent: handleSubscriptionsChanged: slotId=0
07-28 17:44:47.570  3494  4596 D OplusNetlinkSocket: handleNetlinkRecvKernelMessage:nlmsghdr:StructNlMsgHdr{ nlmsg_len{40}, nlmsg_type{54()}, nlmsg_flags{0()}, nlmsg_seq{0}, nlmsg_pid{228987380} }
07-28 17:44:47.570  3494  4596 D KernelStatsHelper: get magic :[-1, -1, -1, 77, 65, 71, 73, 67]
07-28 17:44:47.570  3494  4596 D KernelStatsHelper: magic matched count:0 data_len:0
07-28 17:44:47.570  3494  4596 D KernelStatsHelper: data over! check: true
07-28 17:44:47.570  5107  8354 D QCNEJ/DataCallAgent: phoneCount: 2
07-28 17:44:47.570 13134 13134 I ttings:tzupdate: isSwordfishLaunchAppEnabled_ 1 isSwordfishInstallAppEnabled_ 1
07-28 17:44:47.570  5107  8354 D QCNEJ/DataCallAgent: subs for 0th slot: [1]
07-28 17:44:47.570 13134 13134 E ttings:tzupdate: Unknown bits set in runtime_flags: 0x40000000
07-28 17:44:47.570 13134 13134 I ttings:tzupdate: Using CollectorTypeCMC GC.
07-28 17:44:47.571  4914  4914 I Telephony: y0: onServiceStateChanged: newState=1, mServiceState=1
07-28 17:44:47.571  5064  5064 E QImsService: ImsConfigImpl : onSubscriptionsChanged unable to process due to SubscriptionInfo is null
07-28 17:44:47.571  3494  4505 D NetworkPolicy: Normalization put networkpolicyNetworkTemplate: matchRule=CARRIER, matchSubscriberIds=[001011...], matchWifiNetworkKeys=[], metered=YES
07-28 17:44:47.571  3494  4505 D NetworkPolicy: Normalization put networkpolicyNetworkTemplate: matchRule=CARRIER, matchSubscriberIds=[310260...], matchWifiNetworkKeys=[], metered=YES
07-28 17:44:47.571  3494  4505 D NetworkPolicy: Normalization put networkpolicyNetworkTemplate: matchRule=CARRIER, matchSubscriberIds=[001010...], matchWifiNetworkKeys=[], metered=YES
07-28 17:44:47.571  3494  4505 D NetworkPolicy: Normalization put networkpolicyNetworkTemplate: matchRule=CARRIER, matchSubscriberIds=[001010...], matchWifiNetworkKeys=[], metered=YES
07-28 17:44:47.571  3494  4505 D NetworkPolicy: Normalization put networkpolicyNetworkTemplate: matchRule=CARRIER, matchSubscriberIds=[001012...], matchWifiNetworkKeys=[], metered=YES
07-28 17:44:47.571  3494  4505 V NetworkPolicy: updateNetworkEnabledNL() return
07-28 17:44:47.571  5107  8354 D QCNEJ/DataCallAgent: mSubInfoReady[0] is set to true
07-28 17:44:47.571  5107  8354 D QCNEJ/DataCallAgent: subs for 1th slot: [-1]
07-28 17:44:47.571  4914  4914 I Telephony: isRttCurrentlySupported -- regular acct, hasVoiceAvailability: false
07-28 17:44:47.571  4914  4914 I Telephony:  isRttSupported: false
07-28 17:44:47.571  4914  4914 I Telephony:  isUserRttSettingOn: false
07-28 17:44:47.571  4914  4914 I Telephony:  alwaysAllowWhileRoaming: false
07-28 17:44:47.571  4914  4914 I Telephony:  isRoaming: false
07-28 17:44:47.571  4914  4914 I Telephony:  isOnWfc: false
07-28 17:44:47.571  5107  6229 D IWlanJni: new aidl event arrived
07-28 17:44:47.571  5107  6229 D IWlanJni: handleEvent 10
07-28 17:44:47.571  5107  6229 D IWlanJni: isThreadAttached start
07-28 17:44:47.571  5107  6229 D IWlanJni: jni detached
07-28 17:44:47.571  5107  6229 D IWlanJni: jni attached
07-28 17:44:47.571  5107  6229 D IWlanJni: getDataRegistrationStateResponse start
07-28 17:44:47.571  5107  6229 D IWlanJni: getJavaCallbackClass start
07-28 17:44:47.571  5107  6229 D IWlanJni: getJavaCallbackClass End midIs[1]
07-28 17:44:47.571  5107  6229 I IWlanAidlClient: getDataRegistrationStateResponse called
07-28 17:44:47.571  4991  5806 D CellularEvent: onImsRegistrationStateChanged, slotId=0state:false
07-28 17:44:47.571  5107  6228 W IWlanNetworkService: 15 > Response Processed
07-28 17:44:47.572  6460  8704 D OplusAtlasAudioDetectionManager: MSG_CALL_STATE_CHANGED
07-28 17:44:47.572  6460  8704 D OplusAtlasAudioDetectionManager: callStateChanged state: 0, len: 0
07-28 17:44:47.572  4839  5322 I SystemUi--Statusbar: MobileConnectionRepositoryImpl-->subId:1 isSoftSimCard:false slotId:0
07-28 17:44:47.572  4839  4839 I SystemUi--Statusbar: OplusMobileIconInteractorImpl-->oplusIMSModel slot:0: CapabilityTypeModel(isVolteSwitchOn=true, isWfcEnabledByUser=true, imsRegistered=false, voiceCapable=false, videoCapable=false, registerTech=-1, isCrossSimCallingEnabledByUser=false, hasHideVolteOperator=false), SimStateModel(simInserted=[true, false], simForbidden=[false, true], simStateIMSI=[true, false], simLoaded=[true, false]),oplusNetworkTypeNr:20,isVoNrEnabled:false
07-28 17:44:47.572  3494  4505 V NetworkPolicy: updateNotificationsNL not process
07-28 17:44:47.572  3494  4505 W BestClock: java.time.DateTimeException: Missing network time fix
