07-28 17:44:47.246  3494  4618 D OplusWifiPowerService: onReceive action:android.intent.action.BATTERY_LEVEL_CHANGED
07-28 17:44:47.246  3494  4471 W OplusStorageManagerFeature: mScreenReceiver action:android.intent.action.BATTERY_LEVEL_CHANGED
07-28 17:44:47.246  3494  4471 I OplusStorageManagerFeature: TmemoryBetterySwitch: level=64 state=0
07-28 17:44:47.246  3494  4471 I OplusStorageManagerFeature: TmemoryBetterySwitch: action=0 state=2
07-28 17:44:47.246  3494  4471 W OplusStorageManagerFeature: Ready to deal actionParam:0
07-28 17:44:47.248  3494  3753 D OomAdjuster: Not killing cached processes
07-28 17:44:47.249  6242  6242 D BatteryUsageBroadcastReceiver: onReceive:android.intent.action.BATTERY_LEVEL_CHANGED
07-28 17:44:47.250  6242  6242 D BatteryUsageBroadcastReceiver: fetch data because of event: ACTION_BATTERY_LEVEL_CHANGED
07-28 17:44:47.253  3494  5312 D ActivityManager: Async freezing 6242 com.android.settings
07-28 17:44:47.257  5231  5719 I MMKV    : <MMKV_IO.cpp:456::writeActualSize> [mmkv.default] increase sequence to 7629, crc 2082758423, actualSize 413
07-28 17:44:47.319  6508  6553 E horae   : 0: back:32942,back_1:35339,back_2:34796,back_3:33999,frame:35521,frame_1:34403,front:36102,front_1:36479,front_2:34815, -2147483648 5, +(3180), 1 ,43316,33261,39209,43336,41345,42381,33346,38924,42334,40680,41456,33170,38656,41534,40157,40731,33061,38368,40794,39628, target_temp:36479, algo:0
07-28 17:44:47.346  7996  8958 W metis_v2_KnowledgeManager: Fire: isEmergency is true  debugFireMode = false [7f0000011753739047023176607174|p_7174_693a670@1|p_7996_ebd267b@11|com.oplus.metis] [base|com.oplus.metis|1.5.5-f48228a]
07-28 17:44:47.346  7996  8958 W metis_v2_OifaceBindUtils: bindTask [7f0000011753739047023176607174|p_7174_693a670@1|p_7996_ebd267b@11|com.oplus.metis]
07-28 17:44:47.346  7996  8958 W metis_v2_OifaceBindUtils: call connectOifaceService [7f0000011753739047023176607174|p_7174_693a670@1|p_7996_ebd267b@11|com.oplus.metis]
07-28 17:44:47.347  6526  6582 E oiface  : sched_setaffinity failed
07-28 17:44:47.347  7996  8958 I metis_v2_KnowledgeManager: panta-sugg-Fire: count=1 [7f0000011753739047023176607174|p_7174_693a670@1|p_7996_ebd267b@11|com.oplus.metis]
07-28 17:44:47.348  6526  6576 E oiface  : directSetTask: get cpuset path failed
07-28 17:44:47.350  7996  8958 I System.out: 'park_precondition_home_02' 
07-28 17:44:47.350  7996  8958 I System.out: 'park_precondition_company_02' 
07-28 17:44:47.350  7996  8958 I System.out: 'UBIQUITOUS_SERVICE#assistant_screen#NOT_AT_HOME_301' 
07-28 17:44:47.350  7996  8958 I System.out: 'UBIQUITOUS_SERVICE#assistant_screen#NOT_AT_OFFICE_401' 
07-28 17:44:47.352  7996  8958 I System.out: 'policy:NEAR_SUBWAY_BUS_STATION_2x4' 
07-28 17:44:47.355  7996  8958 W metis_v2_TimeDurationCompare: [com.oplus.metis#UBIQUITOUS_SERVICE#scene#tips#TipScene_EXIT] 'timestamp' is not literal. [7f0000011753739047023176607174|p_7174_693a670@1|p_7996_ebd267b@11|com.oplus.metis]
07-28 17:44:47.357  7996  8958 D SceneIntentPublisher: headAction: pkg is com.oplus.metis and simpleRuleName is UBIQUITOUS_SERVICE#secne#activity_coloros_reminder_tips
07-28 17:44:47.365  7996  8958 D SceneIntentPublisher: headAction: pkg is com.oplus.metis and simpleRuleName is UBIQUITOUS_SERVICE#secne#activity_coloros_reminder_tips
07-28 17:44:47.368  7996  8958 I System.out: 'UBIQUITOUS_SERVICE#assistant_screen#NOT_AT_HOME_301' 
07-28 17:44:47.369  7996  8958 I System.out: 'tempPropertyForGuideStatus' 
07-28 17:44:47.371  7996  8958 D SceneIntentPublisher: headAction: pkg is com.oplus.metis and simpleRuleName is UBIQUITOUS_SERVICE#secne#activity_coloros_reminder_tips
07-28 17:44:47.371  7996  8958 W metis_v2_TimeDurationCompare: [com.oplus.metis#UBIQUITOUS_SERVICE#scene#tips#TipScene_EXIT] 'timestamp' is not literal. [7f0000011753739047023176607174|p_7174_693a670@1|p_7996_ebd267b@11|com.oplus.metis]
07-28 17:44:47.378  7996  8753 I ContextAware_GetInstalledAppsInfo: Update cache
07-28 17:44:47.379  3494  5306 I InputDispatcher: injectInputEvent: targetUid=<not set>, syncMode=WAIT_FOR_FINISHED, timeout=30000ms, policyFlags=0x8000000, event=MotionEvent { action=DOWN, id[0]=0, x[0]=877, y[0]=1330, eventTime=60136000000, downTime=60136000000, deviceId=4, source=TOUCHSCREEN, displayId=0, eventId=0xc06d7e32}
07-28 17:44:47.379  3494  4636 D OMP_Detector: D:done mCurrStatus: 0
07-28 17:44:47.379  3494  4847 I [UAH_CLIENT]: UahEventAcquire, cmdid:37, pkg:none, identity:OplusUAwareInputHelper
07-28 17:44:47.379  3494  3770 D PowerManagerService: userActivityNoUpdateLocked: groupId=0, eventTime=60136, event=touch, flags=0x0, uid=1000
07-28 17:44:47.379  3494  4847 D UAH-UahAdaptHelper: adaptSetNotification identity = OplusUAwareInputHelpersrc = 1000 , type 0 ,p1 = -1 ,p2 = -1 ,p3 = -1 ,p4 =
07-28 17:44:47.379  3494  4847 I [UAH_CLIENT]: uahRuleCtl, ruleId:1000, status:0
07-28 17:44:47.380  4839  4839 V AutofillManager: requestHideFillUi(null): anchor = null
07-28 17:44:47.380  4839  4839 V Application: getAutofillClient(): null on super, trying to find activity thread
07-28 17:44:47.380  4839  4839 V Application: getAutofillClient(): none of the 0 activities on com.android.systemui.SystemUIApplication@10e2977 are top resumed nor have focus
07-28 17:44:47.380  4839  4839 V AutofillManager: No AutofillClient for com.android.systemui on context com.android.systemui.SystemUIApplication@10e2977
07-28 17:44:47.380  4839  4839 I SystemUi--Common: ScrollTranslationValue-->resetPanelTranslationY
07-28 17:44:47.380  4839  4839 I SystemUi--QuickSettings: OplusPanelViewPagerController-->initExpanded downExpanded=QS downOnRight=true targetPage=QS downOnYHotArea=false  isKeyguardShowing=false isOnKeyguard=false fractionListeners.size=0 currentQsFraction=1.0 currentNotifyFraction=0.0 hasCalledDownEvent=true getScrollXHotZone=([Rect(0, 0 - 1080, 2376)], [Rect(-1, -1 - -1, -1), Rect(144, 2143 - 270, 2269), Rect(810, 2143 - 936, 2269)]) getScrollYHotZone=Rect(0, 0 - 1080, 222) notifyExpandedFraction=0.0 isLastUpToExpand=true qsPanelView.translationX=0.0
07-28 17:44:47.380  4839  4839 I SystemUi--QuickSettings: OplusQSRootViewController-->startExpandMotion event: 0, startTracking: false isClosing: false panelClosedOnDown: false
07-28 17:44:47.380  4839  4839 I SystemUi--QuickSettings: OplusQSRootViewController-->initialOffsetOnTouch: 2376.0, panelClosedOnDown: false
07-28 17:44:47.381  3494  5306 I InputDispatcher: injectInputEvent: targetUid=<not set>, syncMode=WAIT_FOR_FINISHED, timeout=30000ms, policyFlags=0x8000000, event=MotionEvent { action=UP, id[0]=0, x[0]=877, y[0]=1330, eventTime=60136000000, downTime=60136000000, deviceId=4, source=TOUCHSCREEN, displayId=0, eventId=0xe0e4b338}
07-28 17:44:47.381  3494  4847 D UAH-UahAdaptHelper: adaptSetNotification identity = OplusUAwareInputHelpersrc = 1000 , type 1 ,p1 = -1 ,p2 = -1 ,p3 = -1 ,p4 =
07-28 17:44:47.381  4839  4839 I SystemUi--Statusbar: OplusStatusBarWindowViewTouchExImpl-->onTouchEvent handled:false
07-28 17:44:47.381  3494  4847 I [UAH_CLIENT]: uahRuleCtl, ruleId:1000, status:1
07-28 17:44:47.381  4839  4839 I SystemUi--QuickSettings: OplusPanelViewPagerController-->reset
07-28 17:44:47.381  4839  4839 I SystemUi--QuickSettings: OplusQSRootViewController-->resetTouch
07-28 17:44:47.381  4839  4839 D OplusViewDragTouchViewHelper: dispatchTouchView action = 1
07-28 17:44:47.381  4839  4839 D ViewRootImplExtImpl: the up motion event handled by client, just return
07-28 17:44:47.382  4839  4839 I SystemUi--QuickSettings: Tile.OplusAirplaneModeTile-->clicked ------ state is :2 canTips :true
07-28 17:44:47.382  4839  5485 V OplusCustomizeCacheManager: queryCache name: sys.cache.common_customize_cache18026 param: null
07-28 17:44:47.382  4839  5485 V OplusCustomizeCacheManager: queryCache name: sys.cache.common_customize_cache18026 param: null
07-28 17:44:47.383  7996  8958 W metis_v2_AbsTimerTriggered: [com.oplus.metis#UBIQUITOUS_SERVICE#health#LAUNCH-HEALTH-APP]: periodicTriggered's parseArgsToTimer meet exception periodic timer's first execute start time must >= time range start [7f0000011753739047023176607174|p_7174_693a670@1|p_7996_ebd267b@11|com.oplus.metis]
07-28 17:44:47.383  7996  8958 W metis_v2_AbsTimerTriggered: [com.oplus.metis#UBIQUITOUS_SERVICE#health#LAUNCH-HEALTH-APP]: please check if builtin periodicTriggered's args is valid [7f0000011753739047023176607174|p_7174_693a670@1|p_7996_ebd267b@11|com.oplus.metis]
07-28 17:44:47.383  3494  4451 D BluetoothSystemServer: BluetoothRadioModeListener: Not sensitive to airplane_mode_radios change. Forced to false
07-28 17:44:47.384  1974  2026 E PerformanceService: [damon_reclaim] Failed to open wmarks_xxx, Linux version 6.6.30
07-28 17:44:47.384  5026  8426 I txpwradmin:SettingsObserver: onChange for uri = content://settings/global/airplane_mode_on
07-28 17:44:47.385  7335  8947 I SettingImpl: isAirplaneModeToggleChecked switchValue: -1, airplane mode isChecked is false
07-28 17:44:47.385  5026  8426 D txpwrJni: sendRadioStatus start
07-28 17:44:47.385  3494  4287 E PerformanceManager: setDamonReclaimWmarks succeed.
07-28 17:44:47.385  3494  4451 D BluetoothSystemServer: AirplaneModeListener: Ignore mode change to same state. previousMode=false, isOn=false, isOnOverrode=false, isMediaConnected=false
07-28 17:44:47.385  4839  5775 V OplusCustomizeCacheManager: queryCache name: sys.cache.common_customize_cache11009 param: null
07-28 17:44:47.385  4839  5775 I SystemUi--QuickSettings: Tile.OplusAirplaneModeTile-->handleUpdateState state.state: 2 value: 0
07-28 17:44:47.385  4839  5775 V OplusCustomizeCacheManager: queryCache name: sys.cache.common_customize_cache18026 param: null
07-28 17:44:47.386  3494  4616 D OplusWifiPower_ConnLpmEventObsever: AIRPLANE_MODE_ON:false
07-28 17:44:47.386  5155  5155 D SubsysBroadcastManager: onReceive action:android.intent.action.AIRPLANE_MODE
07-28 17:44:47.386  5155  5155 D NetworkService[0]: onAirPlaneModeChange isAirPlaneModeOn:false
07-28 17:44:47.386  5155  5155 D NetworkService[1]: onAirPlaneModeChange isAirPlaneModeOn:false
07-28 17:44:47.386  5155  5155 D QuickChangeAirplaneModeEvent: airplane mode off
07-28 17:44:47.386  4914  4914 W Settings: Setting airplane_mode_on has moved from android.provider.Settings.System to android.provider.Settings.Global, returning read-only value.
07-28 17:44:47.386  4914  4914 W Settings: Setting airplane_mode_on has moved from android.provider.Settings.System to android.provider.Settings.Global, returning read-only value.
07-28 17:44:47.386  4914  4914 W Settings: Setting airplane_mode_on has moved from android.provider.Settings.System to android.provider.Settings.Global, returning read-only value.
07-28 17:44:47.386  4914  4914 W Settings: Setting airplane_mode_on has moved from android.provider.Settings.System to android.provider.Settings.Global, returning read-only value.
07-28 17:44:47.386  4914  4914 W Settings: Setting airplane_mode_on has moved from android.provider.Settings.System to android.provider.Settings.Global, returning read-only value.
07-28 17:44:47.387  3494  3494 D OplusWifiBroadCastDispatcher: mBroadcastReceiver: onReceiver  action=android.intent.action.AIRPLANE_MODE
07-28 17:44:47.387  5020  5020 W Settings: Setting airplane_mode_on has moved from android.provider.Settings.System to android.provider.Settings.Global, returning read-only value.
07-28 17:44:47.387  4914  4914 D PhoneGlobals: ACTION_AIRPLANE_MODE_CHANGED received
07-28 17:44:47.387  4914  4914 D PhoneGlobals: Receive ACTION_AIRPLANE_MODE_CHANGED, state: false
07-28 17:44:47.387  4914  4914 I PhoneGlobals: handleAirplaneModeChange: isAirplaneNewlyOn=false
07-28 17:44:47.387  4914  4914 D PhoneGlobals: handleAirplaneModeChange: isAirplaneNewlyOn = false, cellState = 2
07-28 17:44:47.387  4914  4914 I PhoneGlobals: Turning radio on - airplane
07-28 17:44:47.387  4991  5810 D NAS-CallIssueDetector: notifyApmChanged
07-28 17:44:47.387  4991  5809 D OplusLinkBoostMeeting: onAirplaneModeChange
07-28 17:44:47.387  5155  5155 W Settings: Setting airplane_mode_on has moved from android.provider.Settings.System to android.provider.Settings.Global, returning read-only value.
07-28 17:44:47.388  3494  4507 D WifiController: Airplane mode disabled, determine next state
07-28 17:44:47.388  4991  5821 D ElevatorEvent: enableElevatorDetect mIsElevSensorReg = false
07-28 17:44:47.388  4991  5821 V SystemSensorManagerExtImpl: RegisterListener elevator_detect  Wakeup type:33171036 delay:200000us by com.oplus.nas.comm.event.ElevatorEvent$a@47b1326 from com.oplus.nas
07-28 17:44:47.388  4991  7406 I PCDR-common_no_service[0]: forbidden
07-28 17:44:47.388  4991  7406 I PCDR-common_no_45g[0]: forbidden
07-28 17:44:47.388  4991  7406 I PCDR-common_no_service[1]: forbidden
07-28 17:44:47.388  4991  7406 I PCDR-common_no_45g[1]: forbidden
07-28 17:44:47.388  3494  5306 D SensorService: createSensorEventConnection packageName = com.oplus.nas.comm.event.ElevatorEvent, opPackageName = com.oplus.nas, mCurrentOperatingMode = 0, requestedMode = 0
07-28 17:44:47.388  3494  4507 D WifiActiveModeWarden: Starting primary ClientModeManager in scan only mode
07-28 17:44:47.388  3494  4507 D WifiController: DisabledState.exit()
07-28 17:44:47.388  3494  4507 D WifiController: EnabledState.enter()
07-28 17:44:47.388  3494  4507 D WifiClientModeManager[60145:unknown]: entering IdleState
07-28 17:44:47.388  3494  4810 W SensorService: SensorEventConnection sensor handle=1362, package = com.oplus.nas.comm.event.ElevatorEvent enable
07-28 17:44:47.388  3494  4810 E SensorService: Required app com.oplus.nas.comm.event.ElevatorEvent, uid 1000, pid 4991
07-28 17:44:47.388  3494  4810 D SensorService: Calling batch handle==1362 flags=0rate=200000000 timeout== 0
07-28 17:44:47.388  3494  4810 D SensorService: SensorDevice::batch: ident=0xb400007a816bb4c0, handle=0x00000552, flags=0, period_ns=200000000 timeout=0
07-28 17:44:47.388  3494  4810 D SensorService: 	>>> actuating h/w BATCH 0x00000552 200000000 0
07-28 17:44:47.389  4839  5212 I SystemUi--QuickSettings: Tile.OplusCellularTile-->updateCarrierText: dialog not showing, ignore
07-28 17:44:47.391  4839  4839 I SystemUi--Statusbar: OplusStatusBarSignalPolicy-->imsIcon: OplusIMSModel(shouldShowVolte=false, shouldShowVowifi=false, simInserted=true, noSim=false, shouldShowVodata=false, shouldShowVo5G=false, vowifiState=false), OplusIMSModel(shouldShowVolte=false, shouldShowVowifi=false, simInserted=false, noSim=true, shouldShowVodata=false, shouldShowVo5G=false, vowifiState=false), noSubs:false, airplaneMode:falsevisible: false ,wifiConnect:false , vowifiIcon:0 , voDataStatus:false, is5GNewCall:false
07-28 17:44:47.391  4839  4839 I SystemUi--Statusbar: OplusStatusBarSignalPolicy-->noSimIcon simState: SimStateModel(simInserted=[true, false], simForbidden=[false, true], simStateIMSI=[true, false], simLoaded=[true, false]), noSubs:false isAirplaneMode:false
07-28 17:44:47.391  4839  4839 I SystemUi--Statusbar: OplusMobileIconViewModel-->isVisible subId:1 isAirplaneMode:false isAllowedDuringAirplaneMode:false isForceHidden:false isSatelliteForbid:false
07-28 17:44:47.391  4839  4839 I SystemUi--Statusbar: OplusStatusBarMobileViewBinder-->isVisible:true
07-28 17:44:47.391  4839  4839 I SystemUi--Statusbar: OplusStatusBarMobileViewBinder-->isVisible:true
07-28 17:44:47.391  4839  4839 I SystemUi--Statusbar: OplusStatusBarMobileViewBinder-->isVisible:true
07-28 17:44:47.391  4839  4839 I SystemUi--Statusbar: OplusStatusBarMobileViewBinder-->isVisible:true
07-28 17:44:47.391  4839  4839 I SystemUi--Statusbar: OplusStatusBarMobileViewBinder-->isVisible:true
07-28 17:44:47.391  5155  5155 D RadioMessenger: handleMessage Request msgid 2215
07-28 17:44:47.391  4991  5810 D NAS-CallIssueDetector: EVENT_SIM_STATE_CHANGE mSimState[0] LOADED
07-28 17:44:47.391  4991  5810 D SceneEvent: registerSensorMgr start
07-28 17:44:47.391  4839  5212 D SimStateHelper: slot:0, lock state:Bundle[mParcelledData.dataSize=56]
07-28 17:44:47.392  1818  1818 I sensors-hal: batch:153, qti.sensor.elevator_detect/1362, period=200000000, max_latency=0
07-28 17:44:47.392  1818  1818 I sensors-hal: batch:175, qti.sensor.elevator_detect/1362, period=200000000, max_latency=0 request completed
07-28 17:44:47.392  3494  4617 D OplusWifiSwitchStateMonitor: mWifiSettingsValue:0
07-28 17:44:47.392  3494  4617 D OplusWifiSwitchStateMonitor: notify scan state: true
07-28 17:44:47.392  5155  5155 D RadioProxyJ: [PHONE0][93]> getNecData moduleId:1 evtId:[0, 16, 0, 0, 0, 0, 0, 0, 0, 0, 0, 0, 0, 0, 0, 0, 0, 0, 0, 0, 0, 0, 0, 0, 0, 0, 0, 0, 0, 0, 0, 0]
07-28 17:44:47.392  4839  5212 D SimStateHelper: slot:1, lock state:Bundle[mParcelledData.dataSize=56]
07-28 17:44:47.392  4839  5212 D SimStateHelper: needDisableMenu: slot1State=-1; slot2State=-1
07-28 17:44:47.392  4839  5212 D SimStateHelper: needDisableMenu:false
07-28 17:44:47.392  5020  5020 I HidlServiceManagement: Trying to get transport of vendor.oplus.hardware.appradio@1.0::IOplusAppRadio/oplus_app_slot1 without hwservicemanager
07-28 17:44:47.392  5020  5020 E NhsAppRIL/0: in getOplusRadioProxy getService: Exception: java.util.NoSuchElementException
07-28 17:44:47.392  4839  5775 I SystemUi--QuickSettings: Tile.OplusAirplaneModeTile-->handleUpdateState state.state: 1 value: 0
07-28 17:44:47.392  4839  5775 V OplusCustomizeCacheManager: queryCache name: sys.cache.common_customize_cache18026 param: null
07-28 17:44:47.392  3494  4810 D SensorService: Calling activate on 1362
07-28 17:44:47.392  3494  4810 D SensorService: SensorDevice::activate: ident=0xb400007a816bb4c0, handle=0x00000552, enabled=1, count=1
07-28 17:44:47.392  3494  4810 D SensorService: enable index=0
07-28 17:44:47.392  3494  4810 D SensorService: info.numActiveClients() = 1, info.isActive = 0
07-28 17:44:47.392  3494  4810 D SensorService: activateHardware = 1
07-28 17:44:47.392  3494  4810 D SensorService: 	>>> actuating h/w activate handle=1362 enabled=1
07-28 17:44:47.392  1818  1818 I sensors-hal: activate:112, qti.sensor.elevator_detect/1362 en=1
07-28 17:44:47.392  1818  1818 I sensors-hal: acquire_qsh_interface:131, acquire_qsh_interface with sensor_id 28 , conn_type 2 
07-28 17:44:47.392  4991  5806 D ResidenceLocSm: onPreHandleMessage 49
07-28 17:44:47.392  4991  5806 D ResidenceLocSm: onPostHandleMessage 49
07-28 17:44:47.393  5020  5020 D NhsElevatorReceiver: enableElevatorDetect mIsElevSensorReg = false
07-28 17:44:47.393  5020  5020 V SystemSensorManagerExtImpl: RegisterListener elevator_detect  Wakeup type:33171036 delay:200000us by t0.g$b@40e249 from com.oplus.nhs
07-28 17:44:47.393  3494  5312 D SensorService: createSensorEventConnection packageName = t0.g, opPackageName = com.oplus.nhs, mCurrentOperatingMode = 0, requestedMode = 0
07-28 17:44:47.393  1796  1924 E minksocket: MinkIPC ERROR: ( 1796:1924 ) MinkIPC_preProcess:272 Client down, but cannot find corresponding minksession
07-28 17:44:47.393  1796  1928 E minksocket: MinkIPC ERROR: ( 1796:1928 ) MinkIPC_preProcess:272 Client down, but cannot find corresponding minksession
07-28 17:44:47.394  5064  5064 I QImsService: OplusWifiApmStateMgr : ACTION_AIRPLANE_MODE_CHANGED,mIsAirplaneModeOn: false
07-28 17:44:47.394  5064  5064 I QImsService: OplusImsServiceSubImpl : onTurnOffImsAfterWifiChanged : false
07-28 17:44:47.394  5064  5064 I QImsService: OplusImsServiceSubImpl : onTurnOffImsAfterWifiChanged : false
07-28 17:44:47.394  4839  4839 D RowAnimatorExtImpl: init:tx,view:StatusBarIconView(slot='volume' alpha=1.0 icon=StatusBarIcon(icon=Icon(typ=RESOURCE pkg=com.android.systemui id=0x7f0818f0) visible user=0 ) visibleState=ICON iconColor=#ccffffff staticDrawableColor=#ccffffff decorColor=#ffffffff animationStartColor=#0 currentSetColor=#ccffffff notification=null),translationX:  9.0  0.0  
07-28 17:44:47.394  1796  1924 E minksocket: MinkIPC ERROR: ( 1796:1924 ) MinkIPC_preProcess:272 Client down, but cannot find corresponding minksession
07-28 17:44:47.394  4839  4839 D RowAnimatorExtImpl: init:tx,view:StatusBarIconView(slot='zen' alpha=1.0 icon=StatusBarIcon(icon=Icon(typ=RESOURCE pkg=com.android.systemui id=0x7f0818e1) visible user=0 ) visibleState=ICON iconColor=#ccffffff staticDrawableColor=#ccffffff decorColor=#ffffffff animationStartColor=#0 currentSetColor=#ccffffff notification=null),translationX:  57.0  48.0  
07-28 17:44:47.394  1796  1924 E minksocket: MinkIPC ERROR: ( 1796:1924 ) MinkIPC_preProcess:272 Client down, but cannot find corresponding minksession
07-28 17:44:47.394  1818  1818 I sensors-hal: qsh_qmi:34, qsh_qmi
07-28 17:44:47.394  1818  1818 I sensors-hal: send_sync_sensor_request:443, send sync request
07-28 17:44:47.394  4839  4839 D RowAnimatorExtImpl: init:tx,view:StatusBarIconView(slot='volume' alpha=1.0 icon=StatusBarIcon(icon=Icon(typ=RESOURCE pkg=com.android.systemui id=0x7f0818f0) visible user=0 ) visibleState=ICON iconColor=#ccffffff staticDrawableColor=#ccffffff decorColor=#ffffffff animationStartColor=#0 currentSetColor=#ccffffff notification=null),translationX:  9.0  0.0  
07-28 17:44:47.394  1818  1818 I sensors-hal: send_sync_sensor_request:472, wait for notification of response
07-28 17:44:47.394  4839  4839 D RowAnimatorExtImpl: init:tx,view:StatusBarIconView(slot='zen' alpha=1.0 icon=StatusBarIcon(icon=Icon(typ=RESOURCE pkg=com.android.systemui id=0x7f0818e1) visible user=0 ) visibleState=ICON iconColor=#ccffffff staticDrawableColor=#ccffffff decorColor=#ffffffff animationStartColor=#0 currentSetColor=#ccffffff notification=null),translationX:  57.0  48.0  
07-28 17:44:47.394  1796  1928 E minksocket: MinkIPC ERROR: ( 1796:1928 ) MinkIPC_preProcess:272 Client down, but cannot find corresponding minksession
07-28 17:44:47.394  1796  1924 E minksocket: MinkIPC ERROR: ( 1796:1924 ) MinkIPC_preProcess:272 Client down, but cannot find corresponding minksession
07-28 17:44:47.394  1796  1928 E minksocket: MinkIPC ERROR: ( 1796:1928 ) MinkIPC_preProcess:272 Client down, but cannot find corresponding minksession
07-28 17:44:47.394  1796  1928 E minksocket: MinkIPC ERROR: ( 1796:1928 ) MinkIPC_preProcess:272 Client down, but cannot find corresponding minksession
07-28 17:44:47.394  3402  3434 D QmiVsClient: getNecData - enter
07-28 17:44:47.394  3402  3434 E QmiVsClient: sendAsyncRequest QMI_VS_GET_NEC_DATA_REQ_MSG_V01 ret 0
07-28 17:44:47.394  4839  4839 D RowAnimatorExtImpl: init:tx,view:StatusBarIconView(slot='volume' alpha=1.0 icon=StatusBarIcon(icon=Icon(typ=RESOURCE pkg=com.android.systemui id=0x7f0818f0) visible user=0 ) visibleState=ICON iconColor=#ccffffff staticDrawableColor=#ccffffff decorColor=#ffffffff animationStartColor=#0 currentSetColor=#ccffffff notification=null),translationX:  9.0  0.0  
07-28 17:44:47.394  4839  4839 D RowAnimatorExtImpl: init:tx,view:StatusBarIconView(slot='zen' alpha=1.0 icon=StatusBarIcon(icon=Icon(typ=RESOURCE pkg=com.android.systemui id=0x7f0818e1) visible user=0 ) visibleState=ICON iconColor=#ccffffff staticDrawableColor=#ccffffff decorColor=#ffffffff animationStartColor=#0 currentSetColor=#ccffffff notification=null),translationX:  57.0  48.0  
07-28 17:44:47.394  1822  8375 W android.hardware.wifi-service: No active wlan interfaces in use! Using default
07-28 17:44:47.395  3402  3881 D QmiVsClient: getNecData callback - enter
07-28 17:44:47.395  1818 13091 I sensors-hal: qsh_conn_resp_cb:793, resp_value = 0 for elevator_detect 
07-28 17:44:47.395  1818  1818 I sensors-hal: send_sync_sensor_request:478, takes 1 ms to receive the response with 0
07-28 17:44:47.395  3402  3434 D VsProxy : handleMessage msg is 4001
07-28 17:44:47.395  1818  1818 I sensors-hal: activate:131, qti.sensor.elevator_detect/1362 en=1 completed
07-28 17:44:47.395  3402  3434 D RadioProxy: getNecData : response cb for instance 0
07-28 17:44:47.396  3494  4810 D SensorService: 0xb400007a816bb4c0 addFd fd=777
07-28 17:44:47.396  7996  8966 I DeepThinkerSDK: [APP] ClientConnection: getDeepThinkerBridge start
07-28 17:44:47.396  7996  8966 I DeepThinkerSDK: [APP] ClientConnection: getDeepThinkerBridge end
07-28 17:44:47.396  5155  5191 D RadioProxyJ: [PHONE0][93]< getNecDataResponse ******
07-28 17:44:47.396  4991  5821 D ElevatorEvent: elevator:registerForElevatorDetect  , true mIsElevSensorReg = true
07-28 17:44:47.396  4991  5821 D SceneEvent: registerSensorMgr start
07-28 17:44:47.396  4991  5821 D SceneEvent: registerSensorMgr already start,return
07-28 17:44:47.396  5155  5155 D MessengerResponseHandler: handleMessage Response msgid 206
07-28 17:44:47.396  3494  4810 W SensorService: SensorEventConnection sensor handle=1362, package = t0.g enable
07-28 17:44:47.396  3494  4810 E SensorService: Required app t0.g, uid 1001, pid 5020
07-28 17:44:47.396  3494  4507 D OplusWifiConcurrentManager: isConcurrentCombinationAllowed : createMode= 0, requestType =-1
07-28 17:44:47.396  3494  4810 D SensorService: Calling batch handle==1362 flags=0rate=200000000 timeout== 0
07-28 17:44:47.396  3494  4810 D SensorService: SensorDevice::batch: ident=0xb400007a816530c0, handle=0x00000552, flags=0, period_ns=200000000 timeout=0
07-28 17:44:47.396  3494  4810 D SensorService: Calling activate on 1362
07-28 17:44:47.396  3494  4810 D SensorService: SensorDevice::activate: ident=0xb400007a816530c0, handle=0x00000552, enabled=1, count=2
07-28 17:44:47.396  3494  4810 D SensorService: enable index=0
07-28 17:44:47.396  3494  4810 D SensorService: info.numActiveClients() = 2, info.isActive = 1
07-28 17:44:47.396  3494  4810 D SensorService: activateHardware = 0
07-28 17:44:47.396  3494  4810 D SensorService: 0xb400007a816530c0 addFd fd=873
07-28 17:44:47.397  5020  5020 D NhsElevatorReceiver: elevator:registerForElevatorDetect  , true mIsElevSensorReg = true
07-28 17:44:47.397  5020  5020 D NhsSceneReceiver: registerSensorMgr start
07-28 17:44:47.397  3494  4507 I HalDevMgr: currentModeId=3, requestModeId=3, currentModeIdValid=true
07-28 17:44:47.397  5020  5020 V SystemSensorManagerExtImpl: RegisterListener oplus_activity_recognition  Wakeup type:33171037 delay:200000us by t0.k$a@e08c74e from com.oplus.nhs
07-28 17:44:47.397  3494  5312 D SensorService: createSensorEventConnection packageName = t0.k, opPackageName = com.oplus.nhs, mCurrentOperatingMode = 0, requestedMode = 0
07-28 17:44:47.397  1822  8375 D WifiHAL : wifi_set_interface_mode: ifname=wlan0 iface_type=0
07-28 17:44:47.397  1822  8375 I android.hardware.wifi-service: Adding interface handle for wlan0
07-28 17:44:47.397  3494  5310 W SensorService: SensorEventConnection sensor handle=1372, package = t0.k enable
07-28 17:44:47.397  3494  5310 E SensorService: Required app t0.k, uid 1001, pid 5020
07-28 17:44:47.397  3494  5310 D SensorService: enable sensor send lastEvent 1372
07-28 17:44:47.397  1822  8375 I android.hardware.wifi-service: Adding interface handle for p2p0
07-28 17:44:47.397  1822  8375 I android.hardware.wifi-service: Adding interface handle for wifi-aware0
07-28 17:44:47.397  3494  5310 D SensorService: Calling batch handle==1372 flags=0rate=200000000 timeout== 0
07-28 17:44:47.397  3494  5310 D SensorService: SensorDevice::batch: ident=0xb400007a816bbf40, handle=0x0000055c, flags=0, period_ns=200000000 timeout=0
07-28 17:44:47.397  3494  5310 D SensorService: Calling activate on 1372
07-28 17:44:47.397  3494  5310 D SensorService: SensorDevice::activate: ident=0xb400007a816bbf40, handle=0x0000055c, enabled=1, count=4
07-28 17:44:47.397  3494  5310 D SensorService: enable index=3
07-28 17:44:47.397  3494  5310 D SensorService: info.numActiveClients() = 4, info.isActive = 1
07-28 17:44:47.397  3494  5310 D SensorService: activateHardware = 0
07-28 17:44:47.397  3494  5310 D SensorService: 0xb400007a816bbf40 addFd fd=899
07-28 17:44:47.397  5020  5020 D NhsSceneReceiver: sensor name is oplus_activity_recognition  Wakeup, registerState:true
07-28 17:44:47.397  5020  5020 D NhsSceneReceiver: onAccuracyChanged
07-28 17:44:47.397  5020  5020 E NhsAppRILMsger: EVENT_REQ_EVENT_DONE Error received :com.android.internal.telephony.CommandException: RADIO_NOT_AVAILABLE
07-28 17:44:47.398  3494  4507 D HalDevMgr: updateRttController: no one is interested in RTT controllers
07-28 17:44:47.398  3494  4507 E HalDevMgr: removeP2pAndSapCombination do nothing: mIsAddedP2pAndSapCombination = false
07-28 17:44:47.398  1822  8375 W android.hardware.wifi-service: AIBinder_linkToDeath is being called with a non-null cookie and no onUnlink callback set. This might not be intended. AIBinder_DeathRecipient_setOnUnlinked should be called first.
07-28 17:44:47.398  1822  8375 I android.hardware.wifi-service: twtRegisterEvents is not supported-3
07-28 17:44:47.398  5020  5531 D NhsSceneReceiver: onSensorChanged: name = oplus_activity_recognition  Wakeup
07-28 17:44:47.398  5020  5531 D NhsSceneReceiver: enter still_state
07-28 17:44:47.399  1822  8375 W android.hardware.wifi-service: AIBinder_linkToDeath is being called with a non-null cookie and no onUnlink callback set. This might not be intended. AIBinder_DeathRecipient_setOnUnlinked should be called first.
07-28 17:44:47.399  1822  8375 D WifiHAL : wifi_get_chip_capabilities: max mlo assoc link cnt: 2 str link cnt 2
07-28 17:44:47.399  3494  4507 D WifiNl80211Manager: Setting up interface for client mode: wlan0
07-28 17:44:47.400  7996  8958 I System.out: 'UBIQUITOUS_SERVICE#assistant_screen#NOT_AT_OFFICE_401' 
07-28 17:44:47.400  2708  2708 I wificond: Current driver country code US
07-28 17:44:47.400  3494  5310 D WifiNl80211Manager: OnRegDomainChanged US
07-28 17:44:47.400  2708  2708 I wificond: createClientInterface: wiphy_index 0 iface_name wlan0
07-28 17:44:47.400  3494  5310 D WifiNative: onCountryCodeChanged: US
07-28 17:44:47.400  7996  8958 I metis_v2_KnowledgeManager: panta-sugg-Fire takes 53 milliseconds. [7f0000011753739047023176607174|p_7174_693a670@1|p_7996_ebd267b@11|com.oplus.metis] [base|com.oplus.metis|1.5.5-f48228a]
07-28 17:44:47.400  3494  5310 I WifiCountryCode: Receive onDriverCountryCodeChanged US
07-28 17:44:47.400  7996  8958 I ContextAware_PantanalIntentManager: intent (id-14111004+policyName-CLEAN_STORAGE) is not found in scene_intent_config [7f0000011753739047023176607174|p_7174_693a670@1|p_7996_ebd267b@11|com.oplus.metis]
07-28 17:44:47.400  2708  2708 I wificond: create scanner for interface with index: 27
07-28 17:44:47.400  2708  2708 I wificond: subscribe scan result for interface with index: 27
07-28 17:44:47.400  3494  5310 D WifiScanRequestProxy: Sending scan available broadcast: true
07-28 17:44:47.401  7996  8958 I metis_v2_SceneTravelingAdapter: recallTravellingIntent: [] [7f0000011753739047023176607174|p_7174_693a670@1|p_7996_ebd267b@11|com.oplus.metis]
07-28 17:44:47.401  7996  8958 I ContextAware_ContextAware_SceneIntentManager: mLastIntentDataSet: [] [7f0000011753739047023176607174|p_7174_693a670@1|p_7996_ebd267b@11|com.oplus.metis]
07-28 17:44:47.401  3494  4512 I WifiScanningService: Received a request to enable scanning, UID = 1000
07-28 17:44:47.401  7996  8958 I ContextAware_ContextAware_SceneIntentManager: intentList: [IntentDataDTO(intent=IntentDTO=[sceneId=220500200, intentId=14111005, isExited=false, source=0, ownerId=com.oplus.metis, action=14111005, policyName=SUBSTITUTE_SCENE, serviceId=, sendExitedIntent=true, repeatable=false, sceneScore=-1.0, position=right, level=2, type=1, serviceInstanceId=null, isSupportMultiInstance=false, settingsPreference=null], items=[]), IntentDataDTO(intent=IntentDTO=[sceneId=210000000, intentId=12121002, isExited=true, source=0, ownerId=com.oplus.metis, action=12121002, policyName=TAKEOUT_ORDER_STATUS_CHANGE, serviceId=, sendExitedIntent=false, repeatable=false, sceneScore=-1.0, position=left, level=1, type=1, serviceInstanceId=null, isSupportMultiInstance=false, settingsPreference=null], items=[]), IntentDataDTO(intent=IntentDTO=[sceneId=null, intentId=14111004, isExited=true, source=0, ownerId=com.oplus.metis, action=14111004, policyName=CLEAN_STORAGE, serviceId=, sendExitedIntent=false, repeatable=false, sceneScore=-1.0, position=null, level=0, type=1, serviceInstanceId=null, isSupportMultiInstance=false, settingsPreference=null], items=[]), IntentDataDTO(intent=IntentDTO=[sceneId=null, intentId=12121002, isExited=true, source=0, ownerId=com.oplus.metis, action=12121002, policyName=TAKEOUT_ORDER_STATUS_CHANGE, serviceId=, sendExitedIntent=false, repeatable=false, sceneScore=-1.0, position=null, level=0, type=1, serviceInstanceId=null, isSupportMultiInstance=false, settingsPreference=null], items=[])] [7f0000011753739047023176607174|p_7174_693a670@1|p_7996_ebd267b@11|com.oplus.metis]
07-28 17:44:47.401  7996  8958 I ContextAware_ContextAware_SceneIntentManager: missedIntent: [] [7f0000011753739047023176607174|p_7174_693a670@1|p_7996_ebd267b@11|com.oplus.metis]
07-28 17:44:47.401  7996  8958 I metis_v2_SceneIntentManager: panta-sugg-Published intents: [7f0000011753739047023176607174|p_7174_693a670@1|p_7996_ebd267b@11|com.oplus.metis]
07-28 17:44:47.401  3494  5310 I WifiScanRequestProxy: Scanning is enabled
07-28 17:44:47.401  3494  5310 I WifiScanRequestProxy: Scanning for hidden networks is disabled
07-28 17:44:47.401  7996  8958 I metis_v2_SceneIntentManager: panta-sugg-IntentDataDTO(intent=IntentDTO=[sceneId=220500200, intentId=14111005, isExited=false, source=0, ownerId=com.oplus.metis, action=14111005, policyName=SUBSTITUTE_SCENE, serviceId=, sendExitedIntent=true, repeatable=false, sceneScore=-1.0, position=right, level=2, type=1, serviceInstanceId=null, isSupportMultiInstance=false, settingsPreference=null], items=[]) [7f0000011753739047023176607174|p_7174_693a670@1|p_7996_ebd267b@11|com.oplus.metis]
07-28 17:44:47.401  7996  8958 I metis_v2_SceneIntentManager: panta-sugg-IntentDataDTO(intent=IntentDTO=[sceneId=210000000, intentId=12121002, isExited=true, source=0, ownerId=com.oplus.metis, action=12121002, policyName=TAKEOUT_ORDER_STATUS_CHANGE, serviceId=, sendExitedIntent=false, repeatable=false, sceneScore=-1.0, position=left, level=1, type=1, serviceInstanceId=null, isSupportMultiInstance=false, settingsPreference=null], items=[]) [7f0000011753739047023176607174|p_7174_693a670@1|p_7996_ebd267b@11|com.oplus.metis]
07-28 17:44:47.401  7996  8958 I metis_v2_SceneIntentManager: panta-sugg-IntentDataDTO(intent=IntentDTO=[sceneId=null, intentId=14111004, isExited=true, source=0, ownerId=com.oplus.metis, action=14111004, policyName=CLEAN_STORAGE, serviceId=, sendExitedIntent=false, repeatable=false, sceneScore=-1.0, position=null, level=0, type=1, serviceInstanceId=null, isSupportMultiInstance=false, settingsPreference=null], items=[]) [7f0000011753739047023176607174|p_7174_693a670@1|p_7996_ebd267b@11|com.oplus.metis]
07-28 17:44:47.401  7996  8958 I metis_v2_SceneIntentManager: panta-sugg-IntentDataDTO(intent=IntentDTO=[sceneId=null, intentId=12121002, isExited=true, source=0, ownerId=com.oplus.metis, action=12121002, policyName=TAKEOUT_ORDER_STATUS_CHANGE, serviceId=, sendExitedIntent=false, repeatable=false, sceneScore=-1.0, position=null, level=0, type=1, serviceInstanceId=null, isSupportMultiInstance=false, settingsPreference=null], items=[]) [7f0000011753739047023176607174|p_7174_693a670@1|p_7996_ebd267b@11|com.oplus.metis]
07-28 17:44:47.401  3494  3494 D OplusWifiBroadCastDispatcher: mBroadcastReceiver: onReceiver  action=android.net.wifi.action.WIFI_SCAN_AVAILABILITY_CHANGED
07-28 17:44:47.401  3494  5312 W BestClock: java.time.DateTimeException: Missing network time fix
07-28 17:44:47.401  3494  4618 D OplusWifiPower_ConnLpmEventObsever: onReceive EXTRA_SCAN_AVAILABLE availabe = true
07-28 17:44:47.401  3494  4618 D OplusWifiPowerService: onReceive action:android.net.wifi.action.WIFI_SCAN_AVAILABILITY_CHANGED
07-28 17:44:47.401  3494  4618 D OplusWifiSwitchStateMonitor: scan settings change to true
07-28 17:44:47.401  7003  7003 I OsAgent : onReceive: android.net.wifi.action.WIFI_SCAN_AVAILABILITY_CHANGED
07-28 17:44:47.401  2708  2708 I wificond: add channel type 0 support at wiphy index: 0
07-28 17:44:47.401  2708  2708 I wificond: add channel type 1 support at wiphy index: 0
07-28 17:44:47.401  7003  8342 I OsAgent : updateWiFiScanAvailState, scanAvailable: true
07-28 17:44:47.401  7003  8342 D OsAgentAidlClient: [bool_dataitem_update][1570] [HC] =>> [HS]
07-28 17:44:47.402  7996  8958 I ContextAware_MetisStatistics: uploadMetisIntentData enter {intent_source=0, intent_action=14111005, exit_type=, rule_name=UBIQUITOUS_SERVICE#secne#activity_coloros_reminder_tips, service_id=, scene_id=220500200, policy_name=SUBSTITUTE_SCENE, is_exited=false, intent_id=14111005, timestamp=1753739087402} [7f0000011753739047023176607174|p_7174_693a670@1|p_7996_ebd267b@11|com.oplus.metis]
07-28 17:44:47.402  7996  8958 I ContextAware_PantanalIntentManager: getCloudIntentConfig [7f0000011753739047023176607174|p_7174_693a670@1|p_7996_ebd267b@11|com.oplus.metis]
07-28 17:44:47.402  3494  4507 I WifiNative: Interface state changed on Iface:{Name=wlan0,Id=1,Type=STA_SCAN}, isUp=true
07-28 17:44:47.402  1809  1853 I LocSvc_SystemStatusOsObserver: sendCachedDataItems:471] DataItem: IS_WIFI_HARDWARE_ON: true >> Wiper
07-28 17:44:47.402  1822  8375 I WifiHAL : mpdu_size_threshold : 128, aggressive_statistics_gathering : 0
07-28 17:44:47.402  3494  4507 I WifiNative: Successfully setup Iface:{Name=wlan0,Id=1,Type=STA_SCAN}
07-28 17:44:47.402  1809  1877 I LocSvc_api_v02: ---> locClientSendReq line 2409 QMI_LOC_NOTIFY_WIFI_ENABLED_STATUS_REQ_V02
07-28 17:44:47.402  3494  4507 E SupplicantStaIfaceHalAidlImpl: Can't call getKeyMgmtCapabilities, ISupplicantStaIface is null for iface=wlan0
07-28 17:44:47.403  1700  1747 E TetherController: property_get sys.radio.data.modem_share_flag return 0, 1!
07-28 17:44:47.404  3494  5312 W BestClock: java.time.DateTimeException: Missing network time fix
07-28 17:44:47.404  1822  1855 I WifiHAL : wifi_get_supported_radio_combinations_matrix: enter
07-28 17:44:47.404  1822  1855 I WifiHAL : wifi_parse_radio_combinations_matrix: radio_combinations[1]: num_radio_configurations 1
07-28 17:44:47.404  1822  1855 I WifiHAL : wifi_parse_radio_combinations_matrix: radio_combinations[2]: num_radio_configurations 1
07-28 17:44:47.404  1822  1855 I WifiHAL : wifi_parse_radio_combinations_matrix: radio_combinations[3]: num_radio_configurations 1
07-28 17:44:47.404  1822  1855 I WifiHAL : wifi_parse_radio_combinations_matrix: radio_combinations[4]: num_radio_configurations 2
07-28 17:44:47.404  1822  1855 I WifiHAL : wifi_parse_radio_combinations_matrix: radio_combinations[5]: num_radio_configurations 2
07-28 17:44:47.404  1822  1855 I WifiHAL : wifi_parse_radio_combinations_matrix: radio_combinations[6]: num_radio_configurations 2
07-28 17:44:47.404  1822  1855 I WifiHAL : wifi_parse_radio_combinations_matrix: num_radio_combinations 6, radio_matrix_size 100
07-28 17:44:47.404  3494  4507 E SupplicantStaIfaceHalAidlImpl: Can't call getWpaDriverCapabilities, ISupplicantStaIface is null for iface=wlan0
07-28 17:44:47.404  3494  4507 E WifiStaIfaceAidlImpl: getTwtCapabilities failed with service-specific exception: android.os.ServiceSpecificException:  (code 4)
07-28 17:44:47.404  3494  4507 E WifiChipAidlImpl: enableStaChannelForPeerNetwork failed with service-specific exception: android.os.ServiceSpecificException:  (code 4)
07-28 17:44:47.404  3494  4507 D WifiNative: setWifiNativeInterfaceEventCallback
07-28 17:44:47.404  3494  4507 D WifiClientModeManager[60145:wlan0]: entering StartedState
07-28 17:44:47.404  4991  5809 W BestClock: java.time.DateTimeException: Missing network time fix
07-28 17:44:47.405  3494  4810 W BestClock: java.time.DateTimeException: Missing network time fix
07-28 17:44:47.405  1822  1855 E WifiHAL : wifi_get_gscan_capabilities: GSCAN is not supported by driver
07-28 17:44:47.405  3494  4512 E WifiStaIfaceAidlImpl: getBackgroundScanCapabilities failed with service-specific exception: android.os.ServiceSpecificException:  (code 4)
07-28 17:44:47.405  4991  5809 V MonthTrafficAlert: getWarningNotification subId:1 numWarningNotificaion:0
07-28 17:44:47.405  3494  4507 D WifiClientModeManager[60145:wlan0]: entering ScanOnlyModeState
07-28 17:44:47.405  3494  4507 D WifiScanRequestProxy: Sending scan available broadcast: true
07-28 17:44:47.405  3494  4507 I WifiScanRequestProxy: Scanning is enabled
07-28 17:44:47.405  3494  4507 I WifiScanRequestProxy: Scanning for hidden networks is disabled
07-28 17:44:47.405  1822  1855 D WifiHAL : wifi_multi_sta_set_use_case: 0
07-28 17:44:47.405  7003  7003 I OsAgent : onReceive: android.net.wifi.action.WIFI_SCAN_AVAILABILITY_CHANGED
07-28 17:44:47.405  3494  4507 D WifiCountryCode: evaluateAllCmmStateAndApplyIfAllReady: {ConcreteClientModeManager{id=60145 iface=wlan0 role=ROLE_CLIENT_SCAN_ONLY}=true}
07-28 17:44:47.405  3494  4507 D WifiCountryCode: Reading country code from telephony
07-28 17:44:47.405  3494  3494 D OplusWifiBroadCastDispatcher: mBroadcastReceiver: onReceiver  action=android.net.wifi.action.WIFI_SCAN_AVAILABILITY_CHANGED
07-28 17:44:47.405  7003  8342 I OsAgent : updateWiFiScanAvailState, scanAvailable: true
07-28 17:44:47.405  3494  4507 D WifiCountryCode: Set telephony country code to: 
07-28 17:44:47.405  3494  4618 D OplusWifiPower_ConnLpmEventObsever: onReceive EXTRA_SCAN_AVAILABLE availabe = true
07-28 17:44:47.405  3494  4618 D OplusWifiPowerService: onReceive action:android.net.wifi.action.WIFI_SCAN_AVAILABILITY_CHANGED
07-28 17:44:47.405  3494  4618 D OplusWifiSwitchStateMonitor: scan settings change to true
07-28 17:44:47.405  3494  4507 D WifiCountryCode: updateCountryCode to US
07-28 17:44:47.405  3494  4507 D WifiCountryCode: setCountryCodeNative: US, isClientModeOnly: true mDriverCountryCode: US
07-28 17:44:47.406  3494  4512 I WifiScanningService: Created a new impl for wlan0
07-28 17:44:47.406  3494  4512 I WifiScanningService: Received a request to enable scanning, UID = 1000
07-28 17:44:47.406  3494  4512 I WifiScanningService: scanner impls already exists
07-28 17:44:47.406  7996  8958 I ContextAware_PantanalIntentManager: getDownLoadConfig [7f0000011753739047023176607174|p_7174_693a670@1|p_7996_ebd267b@11|com.oplus.metis]
07-28 17:44:47.406  3494  4512 I WifiScanningService: wifi driver loaded with scan capabilities: max buckets=16
07-28 17:44:47.406  3494  4512 E WifiScanningService: wifi driver loaded received while already loaded
07-28 17:44:47.407  3494  5312 W BestClock: java.time.DateTimeException: Missing network time fix
07-28 17:44:47.408  4839  5775 V OplusCustomizeCacheManager: queryCache name: sys.cache.common_customize_cache18014 param: null
07-28 17:44:47.408  4839  5775 V OplusCustomizeCacheManager: queryCache name: sys.cache.common_customize_cache18017 param: Bundle[{SETTING=BLOCK, BUSINESS=NCT-DATA}]
07-28 17:44:47.408  4839  5775 V OplusCustomizeCacheManager: queryCache name: sys.cache.common_customize_cache18013 param: null
07-28 17:44:47.409  3494  4810 W BestClock: java.time.DateTimeException: Missing network time fix
07-28 17:44:47.409  1809  3955 I LocSvc_ApiV02: <--- globalRespCb line 282 QMI_LOC_NOTIFY_WIFI_ENABLED_STATUS_REQ_V02
07-28 17:44:47.410  3494  5312 W BestClock: java.time.DateTimeException: Missing network time fix
07-28 17:44:47.410  4839  5775 V OplusCustomizeCacheManager: queryCache name: sys.cache.common_customize_cache18014 param: null
07-28 17:44:47.410  4839  5775 V OplusCustomizeCacheManager: queryCache name: sys.cache.common_customize_cache18017 param: Bundle[{SETTING=BLOCK, BUSINESS=NCT-DATA}]
07-28 17:44:47.410  4839  5775 V OplusCustomizeCacheManager: queryCache name: sys.cache.common_customize_cache18013 param: null
07-28 17:44:47.411  3494  4810 W BestClock: java.time.DateTimeException: Missing network time fix
07-28 17:44:47.412  3494  5312 W BestClock: java.time.DateTimeException: Missing network time fix
07-28 17:44:47.412  1818  4462 I sensors-hal: handle_oplus_wise_rgb_event:189, high_pwm_light:lux 280.3,cct 3644.0,brl/algo/ir 1433.0/2.0/17.4,pwm/dc 0.0/0.0,rgbc 21638.308594/13567.574219/6254.538574/40125.527344,ts 59940456036,cnt 850,flag 164
07-28 17:44:47.412  4839  5775 V OplusCustomizeCacheManager: queryCache name: sys.cache.common_customize_cache18014 param: null
07-28 17:44:47.412  4839  5775 V OplusCustomizeCacheManager: queryCache name: sys.cache.common_customize_cache18017 param: Bundle[{SETTING=BLOCK, BUSINESS=NCT-DATA}]
07-28 17:44:47.412  4839  5775 V OplusCustomizeCacheManager: queryCache name: sys.cache.common_customize_cache18013 param: null
07-28 17:44:47.413  1875  4455 I Dpps    : LtmSwState::SetParameter():144 ignore cmd 7 in state LtmOffState
07-28 17:44:47.415  4972  8446 D QtiOemHookAidl: oemHookRawIndication length=21
07-28 17:44:47.415  1818  6770 I sensors-hal: qsh_conn_event_cb:756, event[0] msg_id=1025, ts=1237445817, sensor_type = oplus_activity_recognition  Wakeup
07-28 17:44:47.415  4972  4972 D QcrilMsgTunnelIfaceManager: handleMessage what = 0
07-28 17:44:47.415  1818  6770 E sensors-hal: handle_sns_std_sensor_event:72, oplus_activity_recognition output: count: 1.000000, index: 1.000000, incar_state: 0.000000, actvity_mode: 3.000000, delta_time: 0.000000 !
07-28 17:44:47.416  5020  5531 D NhsSceneReceiver: onSensorChanged: name = oplus_activity_recognition  Wakeup
07-28 17:44:47.416  4991  5538 D SceneEvent: onSensorChanged: name = oplus_activity_recognition  Wakeup
07-28 17:44:47.416  4914  4914 D QC_RIL_OEM_HOOK: Received Broadcast Intent ACTION_UNSOL_RESPONSE_OEM_HOOK_RAW
07-28 17:44:47.416  4914  4914 D QC_RIL_OEM_HOOK: Received Broadcast Intent ACTION_UNSOL_RESPONSE_OEM_HOOK_RAW
07-28 17:44:47.416  4914  4914 D QC_RIL_OEM_HOOK: Received Broadcast Intent ACTION_UNSOL_RESPONSE_OEM_HOOK_RAW
07-28 17:44:47.416  4972  4972 D QC_RIL_OEM_HOOK: Received Broadcast Intent ACTION_UNSOL_RESPONSE_OEM_HOOK_RAW
07-28 17:44:47.420  7996  8958 I ContextAware_PantanalIntentManager: selectNewestConfig, assetVersion 202505301103, downloadVersion 202507161101 [7f0000011753739047023176607174|p_7174_693a670@1|p_7996_ebd267b@11|com.oplus.metis]
07-28 17:44:47.420  5107  6222 D IWlanJni: getDataRegistrationState start
07-28 17:44:47.420  5107  6222 D IWlanJni: getDataRegistrationState start
07-28 17:44:47.420  5107  6229 D IWlanJni: new aidl event arrived
07-28 17:44:47.421  5107  6229 D IWlanJni: handleEvent 10
07-28 17:44:47.421  5107  6229 D IWlanJni: isThreadAttached start
07-28 17:44:47.421  5107  6229 D IWlanJni: jni detached
07-28 17:44:47.421  5107  6232 D IWlanJni: new aidl event arrived
07-28 17:44:47.421  5107  6232 D IWlanJni: handleEvent 10
07-28 17:44:47.421  5107  6232 D IWlanJni: isThreadAttached start
07-28 17:44:47.421  5107  6232 D IWlanJni: jni detached
07-28 17:44:47.421  5107  6229 D IWlanJni: jni attached
07-28 17:44:47.421  5107  6229 D IWlanJni: getDataRegistrationStateResponse start
07-28 17:44:47.421  5107  6229 D IWlanJni: getJavaCallbackClass start
07-28 17:44:47.421  5107  6232 D IWlanJni: jni attached
07-28 17:44:47.421  5107  6229 D IWlanJni: getJavaCallbackClass End midIs[1]
07-28 17:44:47.421  5155  5191 D VendorTelephonyService: onTelephonyEventReport slotId =0 eventId=6030
07-28 17:44:47.421  5107  6232 D IWlanJni: getDataRegistrationStateResponse start
07-28 17:44:47.421  5107  6232 D IWlanJni: getJavaCallbackClass start
07-28 17:44:47.421  5107  6232 D IWlanJni: getJavaCallbackClass End midIs[1]
07-28 17:44:47.421  5107  6229 I IWlanAidlClient: getDataRegistrationStateResponse called
07-28 17:44:47.421  5107  6232 I IWlanAidlClient: getDataRegistrationStateResponse called
07-28 17:44:47.421  5155  5191 D VendorTelephonyService: onTelephonyEventReport slotId =0 eventId=6030
07-28 17:44:47.421  5155  5155 D VendorCallService: notityEventUpdate, eventId:6030, slotId = 0
07-28 17:44:47.421  5107  6228 W IWlanNetworkService: 7 > Response Processed
07-28 17:44:47.421  4914  4914 D OplusTelephonyController: onSignalStrengthChanged: SignalStrength=SignalStrength:{mCdma=CellSignalStrengthCdma: cdmaDbm=2147483647 cdmaEcio=2147483647 evdoDbm=2147483647 evdoEcio=2147483647 evdoSnr=2147483647 level=0,mGsm=CellSignalStrengthGsm: rssi=2147483647 ber=2147483647 mTa=2147483647 mLevel=0,mWcdma=CellSignalStrengthWcdma: ss=2147483647 ber=2147483647 rscp=2147483647 ecno=2147483647 level=0,mTdscdma=CellSignalStrengthTdscdma: rssi=2147483647 ber=2147483647 rscp=2147483647 level=0,mLte=CellSignalStrengthLte: rssi=2147483647 rsrp=2147483647 rsrq=2147483647 rssnr=2147483647 cqiTableIndex=2147483647 cqi=2147483647 ta=2147483647 level=0 parametersUseForLevel=0,mNr=CellSignalStrengthNr:{ csiRsrp = 2147483647 csiRsrq = 2147483647 csiCqiTableIndex = 2147483647 csiCqiReport = [] ssRsrp = 2147483647 ssRsrq = 2147483647 ssSinr = 2147483647 level = 0 parametersUseForLevel = 0 timingAdvance = 2147483647 },primary=CellSignalStrengthLte}
07-28 17:44:47.421  4991  5069 D SaDataService: onTelephonyEventReport , subId= 0,slotId=-1 eventId=6030
07-28 17:44:47.421  4991  5069 D TelephonyImpl: notify eventId:6030 for list size:2
07-28 17:44:47.421  5155  5155 D SubsysEventListenerManager-SubsysTelephonyCallback[0]: onSignalStrengthsChanged
07-28 17:44:47.421  1809  3682 E LOCRIL_SESSION: operator():200] SubId: 1 Failed to get sim IO with error: 11
07-28 17:44:47.421  5107  6231 W IWlanNetworkService: 6 > Response Processed
07-28 17:44:47.422  1809  3682 E LOCRIL_SESSION: operator():241] SubId: 1 Failed to get sim IMSI with error: 11
07-28 17:44:47.422  3494  4810 I OplusBinderProxy: pb uid: 10215 pid: 10448 desc: com.android.internal.telephony.IPhoneStateListener/10
07-28 17:44:47.422  2708  2708 I wificond: Regulatory domain changed to country: US on wiphy_index: 0
07-28 17:44:47.422  2708  2708 I wificond: UpdateBandInfo
07-28 17:44:47.422  3494  5312 D WifiNl80211Manager: OnRegDomainChanged US
07-28 17:44:47.422  3494  5312 D WifiNative: onCountryCodeChanged: US
07-28 17:44:47.422  3494  5312 I WifiCountryCode: Receive onDriverCountryCodeChanged US
07-28 17:44:47.422  6363  6363 I wpa_supplicant: p2p0: CTRL-EVENT-REGDOM-CHANGE init=DRIVER type=COUNTRY alpha2=US
