07-28 04:52:04.106  3318  4554 D SensorService: ~SensorEventConnection(0xb4000075fbe6a600)
07-28 04:52:04.106  1834  4242 I sensors-hal: send_sync_sensor_request:443, send sync request
07-28 04:52:04.106  3318  4306 D SensorService: ~SensorEventConnection(0xb4000076088dc880)
07-28 04:52:04.107  3318  4306 D SensorService: 11 active sensors
07-28 04:52:04.107  1834  4242 I sensors-hal: send_sync_sensor_request:472, wait for notification of response
07-28 04:52:04.107  3318  4554 D SensorService: 11 active sensors
07-28 04:52:04.107  3318  3572 D SensorService: createSensorEventConnection packageName = com.android.server.location.power.saver.NavigationStatusLightMonitor, opPackageName = android, mCurrentOperatingMode = 0, requestedMode = 0
07-28 04:52:04.107  3318  3572 W SensorService: SensorEventConnection sensor handle=291, package = com.android.server.location.power.saver.NavigationStatusLightMonitor enable
07-28 04:52:04.107  3318  3572 E SensorService: Required app com.android.server.location.power.saver.NavigationStatusLightMonitor, uid 1000, pid 3318
07-28 04:52:04.107  3318  3572 D SensorService: Calling batch handle==291 flags=0rate=0 timeout== 0
07-28 04:52:04.107  3318  3572 D SensorService: SensorDevice::batch: ident=0xb4000076088dca40, handle=0x00000123, flags=0, period_ns=1000000 timeout=0
07-28 04:52:04.107  3318  3572 D SensorService: 	>>> actuating h/w BATCH 0x00000123 1000000 0
07-28 04:52:04.108  1834  1834 I sensors-hal: batch:153, android.sensor.stationary_detect/291, period=1000000, max_latency=0
07-28 04:52:04.108  1834  1834 I sensors-hal: batch:175, android.sensor.stationary_detect/291, period=1000000, max_latency=0 request completed
07-28 04:52:04.108  3318  3572 D SensorService: Calling activate on 291
07-28 04:52:04.108  3318  3572 D SensorService: SensorDevice::activate: ident=0xb4000076088dca40, handle=0x00000123, enabled=1, count=1
07-28 04:52:04.108  1834 12818 I sensors-hal: qsh_conn_resp_cb:793, resp_value = 0 for persist_stationary_detect 
07-28 04:52:04.108  3318  3572 D SensorService: enable index=0
07-28 04:52:04.108  3318  3572 D SensorService: info.numActiveClients() = 1, info.isActive = 0
07-28 04:52:04.108  3318  3572 D SensorService: activateHardware = 1
07-28 04:52:04.108  3318  3572 D SensorService: 	>>> actuating h/w activate handle=291 enabled=1
07-28 04:52:04.108  1834  4242 I sensors-hal: send_sync_sensor_request:478, takes 1 ms to receive the response with 0
07-28 04:52:04.108  1834  1834 I sensors-hal: activate:112, android.sensor.stationary_detect/291 en=1
07-28 04:52:04.109  1834  4242 I sensors-hal: ~qsh_qmi:61, ~qsh_qmi
07-28 04:52:04.109  1834  1834 I sensors-hal: acquire_qsh_interface:131, acquire_qsh_interface with sensor_id 23 , conn_type 2 
07-28 04:52:04.109  1771  1814 E minksocket: MinkIPC ERROR: ( 1771:1814 ) MinkIPC_preProcess:272 Client down, but cannot find corresponding minksession
07-28 04:52:04.109  1771  1824 E minksocket: MinkIPC ERROR: ( 1771:1824 ) MinkIPC_preProcess:272 Client down, but cannot find corresponding minksession
07-28 04:52:04.111  1771  1814 E minksocket: MinkIPC ERROR: ( 1771:1814 ) MinkIPC_preProcess:272 Client down, but cannot find corresponding minksession
07-28 04:52:04.111  1771  1824 E minksocket: MinkIPC ERROR: ( 1771:1824 ) MinkIPC_preProcess:272 Client down, but cannot find corresponding minksession
07-28 04:52:04.112  1771  1814 E minksocket: MinkIPC ERROR: ( 1771:1814 ) MinkIPC_preProcess:272 Client down, but cannot find corresponding minksession
07-28 04:52:04.112  1771  1824 E minksocket: MinkIPC ERROR: ( 1771:1824 ) MinkIPC_preProcess:272 Client down, but cannot find corresponding minksession
07-28 04:52:04.113  1771  1814 E minksocket: MinkIPC ERROR: ( 1771:1814 ) MinkIPC_preProcess:272 Client down, but cannot find corresponding minksession
07-28 04:52:04.113  1771  1824 E minksocket: MinkIPC ERROR: ( 1771:1824 ) MinkIPC_preProcess:272 Client down, but cannot find corresponding minksession
07-28 04:52:04.113  1834  1834 I sensors-hal: qsh_qmi:34, qsh_qmi
07-28 04:52:04.113  1834  1834 I sensors-hal: send_sync_sensor_request:443, send sync request
07-28 04:52:04.113  1834  1834 I sensors-hal: send_sync_sensor_request:472, wait for notification of response
07-28 04:52:04.114  1771  1824 E minksocket: MinkIPC ERROR: ( 1771:1824 ) MinkIPC_preProcess:272 Client down, but cannot find corresponding minksession
07-28 04:52:04.114  1771  1814 E minksocket: MinkIPC ERROR: ( 1771:1814 ) MinkIPC_preProcess:272 Client down, but cannot find corresponding minksession
07-28 04:52:04.114  1834 12825 I sensors-hal: qsh_conn_resp_cb:793, resp_value = 0 for persist_stationary_detect 
07-28 04:52:04.114  1834  1834 I sensors-hal: send_sync_sensor_request:478, takes 0 ms to receive the response with 0
07-28 04:52:04.114  1834  1834 I sensors-hal: activate:131, android.sensor.stationary_detect/291 en=1 completed
07-28 04:52:04.119  1957  1957 D SensorFeature: name=ssc_screenshot_info ,index = 22
07-28 04:52:04.119  1957  1957 D SensorFeature: write 29 bytes:52996298989,56977190915,154,0
07-28 04:52:04.162  1834  4364 I sensors-hal: handle_oplus_wise_rgb_event:189, high_pwm_light:lux 2.1,cct 5300.0,brl/algo/ir 78.0/2.0/0.0,pwm/dc 0.0/0.0,rgbc 118.371597/100.675354/43.311783/271.179260,ts 56931555672,cnt 810,flag 154
07-28 04:52:04.163  1876  4354 I Dpps    : LtmSwState::SetParameter():144 ignore cmd 7 in state LtmOffState
07-28 04:52:04.335  1772  1775 E Diag-Router: diag: glinkpkt_open: failed to create control node for slate_adsp
07-28 04:52:04.335  1772  1775 E Diag-Router: diag: diag_glinkpkt_open_thread: Glinkpkt_open failed for perif: 13 with err: -1, retry_cnt: 9
07-28 04:52:04.335  1772  1774 E Diag-Router: diag: glinkpkt_open: failed to create control node for slate_apps
07-28 04:52:04.335  1772  1774 E Diag-Router: diag: diag_glinkpkt_open_thread: Glinkpkt_open failed for perif: 12 with err: -1, retry_cnt: 9
07-28 04:52:04.421  1957  1957 D SensorFeature: name=ssc_screenshot_info ,index = 22
07-28 04:52:04.422  1957  1957 D SensorFeature: write 29 bytes:52996298989,57278696071,155,0
07-28 04:52:04.430  1876  4354 I Dpps    : LtmSwState::SetParameter():144 ignore cmd 7 in state LtmOffState
07-28 04:52:04.530  1976  2003 D vendor.oplus.hardware.charger-V7-service: s_chg_user_mode: 3
07-28 04:52:04.530  1976  2003 D vendor.oplus.hardware.charger-V7-service: scale_chg Start!!!
07-28 04:52:04.530  1976  2003 D vendor.oplus.hardware.charger-V7-service: [0, 0, 3]
07-28 04:52:04.530  1976  2003 D vendor.oplus.hardware.charger-V7-service: [0, 2, 9]
07-28 04:52:04.530  1976  2003 D vendor.oplus.hardware.charger-V7-service: [0, 1, 3]
07-28 04:52:04.530  1976  2003 D vendor.oplus.hardware.charger-V7-service: [0, 3, 3]
07-28 04:52:04.530  1976  2003 D vendor.oplus.hardware.charger-V7-service: [0, 4, 3]
07-28 04:52:04.531  1976  2003 D vendor.oplus.hardware.charger-V7-service: [0, 5, 5]
07-28 04:52:04.531  1976  2018 D vendor.oplus.hardware.charger-V7-service: ret_value:111, read content:,348,365,3625,3623,-158,27,29,1,1,0,487,4643,27,1,4475,300,500,0,7,-22,7,0,1,0,2,0,0,0,1,6098,99,0,0,0,0,0,0,0
07-28 04:52:04.531  1976  2003 D vendor.oplus.hardware.charger-V7-service: [0, 6, 9]
07-28 04:52:04.531  1976  2018 D vendor.oplus.hardware.charger-V7-service: gmtime: 2025-07-28-04-52-04
07-28 04:52:04.531  1976  2003 D vendor.oplus.hardware.charger-V7-service: scale_chg Start!!!
07-28 04:52:04.531  1976  2018 D vendor.oplus.hardware.charger-V7-service: usb_online:1, ac_online:-2147483648, wireless_online:0
07-28 04:52:04.531  1976  2003 D vendor.oplus.hardware.charger-V7-service: [0, 0, 3]
07-28 04:52:04.531  1976  2003 D vendor.oplus.hardware.charger-V7-service: [0, 2, 10]
07-28 04:52:04.531  1976  2003 D vendor.oplus.hardware.charger-V7-service: [0, 1, 3]
07-28 04:52:04.532  1976  2003 D vendor.oplus.hardware.charger-V7-service: [0, 3, 3]
07-28 04:52:04.532  1976  2003 D vendor.oplus.hardware.charger-V7-service: [0, 4, 3]
07-28 04:52:04.532  1976  2003 D vendor.oplus.hardware.charger-V7-service: [0, 5, 3]
07-28 04:52:04.532  1976  2003 D vendor.oplus.hardware.charger-V7-service: [0, 6, 10]
07-28 04:52:04.724  1957  1957 D SensorFeature: name=ssc_screenshot_info ,index = 22
07-28 04:52:04.724  1957  1957 D SensorFeature: write 29 bytes:52996298989,57581425134,156,0
07-28 04:52:04.726  1834  4364 I sensors-hal: handle_oplus_wise_rgb_event:189, high_pwm_light:lux 2.0,cct 5300.0,brl/algo/ir 78.0/2.0/0.0,pwm/dc 0.0/0.0,rgbc 118.371597/107.699203/37.405632/273.737579,ts 57487722130,cnt 820,flag 156
07-28 04:52:04.728  1876  4354 I Dpps    : LtmSwState::SetParameter():144 ignore cmd 7 in state LtmOffState
07-28 04:52:04.915  1976  2019 D BatteryChargeControl: bcc get no support from charging protocol
07-28 04:52:04.960  1876  4354 I Dpps    : LtmSwState::SetParameter():144 ignore cmd 7 in state LtmOffState
07-28 04:52:05.026  1957  1957 D SensorFeature: name=ssc_screenshot_info ,index = 22
07-28 04:52:05.026  1957  1957 D SensorFeature: write 29 bytes:52996298989,57883322269,157,0
07-28 04:52:05.059  1976  7105 D charge_time: type=sdp,reserve_soc=2,soc=27,ui_soc=29,current=158,avg=144,not_chg_cnt=0,stable_cnt=7,fcc=5724,fcc_ratio=94,delta=42,debug=0,region=18,ttf=48361(13:26:01),ui_ttf=28569(07:56:09)
07-28 04:52:05.225  1834  4364 I sensors-hal: handle_oplus_wise_rgb_event:189, high_pwm_light:lux 2.0,cct 5300.0,brl/algo/ir 78.0/2.0/0.0,pwm/dc 0.0/0.0,rgbc 118.371597/103.016632/37.405632/273.737579,ts 57837147911,cnt 830,flag 157
07-28 04:52:05.227  1876  4354 I Dpps    : LtmSwState::SetParameter():144 ignore cmd 7 in state LtmOffState
07-28 04:52:05.311  3318  6254 I InputDispatcher: injectInputEvent: targetUid=<not set>, syncMode=WAIT_FOR_FINISHED, timeout=30000ms, policyFlags=0x8000000, event=MotionEvent { action=DOWN, id[0]=0, x[0]=900, y[0]=30, eventTime=58169000000, downTime=58169000000, deviceId=4, source=TOUCHSCREEN, displayId=0, eventId=0xc457ba82}
07-28 04:52:05.312  2163  3378 D VRR [OTI]: handleIdle from 1 to 0
07-28 04:52:05.312  2163  3378 D VRR [OTI-HW]: isStateReady 0
07-28 04:52:05.312  2163  3378 D VRR [OTI-HW]: keep rate.
07-28 04:52:05.312  3318  4761 I [UAH_CLIENT]: UahEventAcquire, cmdid:37, pkg:none, identity:OplusUAwareInputHelper
07-28 04:52:05.312  3318  4559 D OMP_Detector: D:done mCurrStatus: 0
07-28 04:52:05.312  3318  3718 D PowerManagerService: userActivityNoUpdateLocked: groupId=0, eventTime=58169, event=touch, flags=0x0, uid=1000
07-28 04:52:05.312  3318  4761 D UAH-UahAdaptHelper: adaptSetNotification identity = OplusUAwareInputHelpersrc = 1000 , type 0 ,p1 = -1 ,p2 = -1 ,p3 = -1 ,p4 =
07-28 04:52:05.312  3318  4761 I [UAH_CLIENT]: uahRuleCtl, ruleId:1000, status:0
07-28 04:52:05.314  4807  4807 V AutofillManager: requestHideFillUi(null): anchor = null
07-28 04:52:05.314  4807  4807 V Application: getAutofillClient(): null on super, trying to find activity thread
07-28 04:52:05.314  4807  4807 V Application: getAutofillClient(): none of the 0 activities on com.android.systemui.SystemUIApplication@ec18df are top resumed nor have focus
07-28 04:52:05.314  4807  4807 V AutofillManager: No AutofillClient for com.android.systemui on context com.android.systemui.SystemUIApplication@ec18df
07-28 04:52:05.314  4807  4807 I PluginSeedling--Capsule: CapsuleTouchEventHandler-->onInterceptTouchEvent interceptEvent: false
07-28 04:52:05.317  3318  3599 W UserAwareMgr: can not find match thread: GaussianBlur for process com.android.systemui
07-28 04:52:05.318  4807  6403 I [UAH_CLIENT]: UahEventAcquire, cmdid:97, pkg:none, identity:OsenseHelperImpl
07-28 04:52:05.318  4807  4807 I SystemUi--Common: ScrollTranslationValue-->resetPanelTranslationY
07-28 04:52:05.318  4807  4807 I SystemUi--QuickSettings: OplusPanelViewPagerController-->initExpanded downExpanded=NONE downOnRight=true targetPage=NOTIFICATION downOnYHotArea=true  isKeyguardShowing=false isOnKeyguard=false fractionListeners.size=0 currentQsFraction=0.0 currentNotifyFraction=0.0 hasCalledDownEvent=true getScrollXHotZone=([Rect(0, 0 - 1080, 2376)], [Rect(-1, -1 - -1, -1), Rect(157, 1999 - 283, 2125), Rect(823, 1999 - 949, 2125)]) getScrollYHotZone=Rect(0, 0 - 1080, 66) notifyExpandedFraction=0.0 isLastUpToExpand=false qsPanelView.translationX=0.0
07-28 04:52:05.318  4807  4807 I SystemUi--QuickSettings: OplusPanelViewPagerController-->shouldOpenQS  set targetPage=QS
07-28 04:52:05.318  4807  4807 I SystemUi--Common: ScrollTranslationValue-->resetPanelTranslationY
07-28 04:52:05.318  4807  4807 I SystemUi--QuickSettings: OplusPanelViewPagerController-->initExpanded downExpanded=NONE downOnRight=true targetPage=QS downOnYHotArea=true  isKeyguardShowing=false isOnKeyguard=false fractionListeners.size=0 currentQsFraction=0.0 currentNotifyFraction=0.0 hasCalledDownEvent=true getScrollXHotZone=([Rect(0, 0 - 1080, 2376)], [Rect(-1, -1 - -1, -1), Rect(157, 1999 - 283, 2125), Rect(823, 1999 - 949, 2125)]) getScrollYHotZone=Rect(0, 0 - 1080, 66) notifyExpandedFraction=0.0 isLastUpToExpand=false qsPanelView.translationX=0.0
07-28 04:52:05.318  4807  4807 I SystemUi--QuickSettings: OplusPanelViewPagerController-->shouldOpenQS  set targetPage=QS
07-28 04:52:05.318  4807  4807 I SystemUi--QuickSettings: OplusQSPageViewController-->reset(), pageList size:2 itemCount:2 oldIndex:0 curIndex:0
07-28 04:52:05.318  4807  4807 I SystemUi--QuickSettings: OplusQSRootViewController-->startExpandMotion event: 0, startTracking: false isClosing: false panelClosedOnDown: true
07-28 04:52:05.318  4807  4807 I SystemUi--QuickSettings: OplusQSRootViewController-->initialOffsetOnTouch: 0.0, panelClosedOnDown: true
07-28 04:52:05.318  4807  4807 I SystemUi--QuickSettings: OplusQSRootView-->disallowChildIntercept:false
07-28 04:52:05.319  4807  4807 I SystemUi--QuickSettings: OplusQSRootViewController-->startExpandMotion event: 0, startTracking: false isClosing: false panelClosedOnDown: true
07-28 04:52:05.319  4807  4807 I SystemUi--QuickSettings: OplusQSRootViewController-->initialOffsetOnTouch: 0.0, panelClosedOnDown: true
07-28 04:52:05.319  4807  4807 I SystemUi--QuickSettings: OplusQSRootViewController-->onTouchEvent() ACTION_DOWN, canSlideHToQSOnStatusBar:true, gestureWaitForTouchSlop:true, panelClosedOnDown:true, panelClosingOnDown:false, pointerIndex:0
07-28 04:52:05.319  3318  6254 I InputDispatcher: injectInputEvent: targetUid=<not set>, syncMode=WAIT_FOR_FINISHED, timeout=30000ms, policyFlags=0x8000000, event=MotionEvent { action=MOVE, id[0]=0, x[0]=900, y[0]=82.5332, eventTime=58177000000, downTime=58169000000, deviceId=4, source=TOUCHSCREEN, displayId=0, eventId=0xc52a32b7}
07-28 04:52:05.319  3318  4761 I [UAH_CLIENT]: UahEventAcquire, cmdid:68, pkg:none, identity:OplusUAwareInputHelper
07-28 04:52:05.327  1957  1957 D SensorFeature: name=ssc_screenshot_info ,index = 22
07-28 04:52:05.327  1957  1957 D SensorFeature: write 29 bytes:52996298989,58185772946,158,0
07-28 04:52:05.328  4807  4807 I SystemUi--QuickSettings: OplusQSRootViewController-->startExpandMotion event: 2, startTracking: true isClosing: false panelClosedOnDown: true
07-28 04:52:05.329  4807  4807 I SystemUi--QuickSettings: OplusQSRootViewController-->endClosing()
07-28 04:52:05.329  4807  4807 I SystemUi--QuickSettings: QSPanelExpandFraction-->updateFraction, stiffness=500.0, finalPosition=0.26266602
07-28 04:52:05.329  3318  6254 I InputDispatcher: injectInputEvent: targetUid=<not set>, syncMode=WAIT_FOR_FINISHED, timeout=30000ms, policyFlags=0x8000000, event=MotionEvent { action=MOVE, id[0]=0, x[0]=900, y[0]=154.767, eventTime=58188000000, downTime=58169000000, deviceId=4, source=TOUCHSCREEN, displayId=0, eventId=0xcfbe2543}
07-28 04:52:05.330  3318  4335 D SystemGestures: detectSwipe: 1
07-28 04:52:05.337  4807  4807 I SystemUi--QuickSettings: OplusQSRootViewController-->setQsVisible: true rawFraction:0.0044609047
07-28 04:52:05.337  3318  6254 I InputDispatcher: injectInputEvent: targetUid=<not set>, syncMode=WAIT_FOR_FINISHED, timeout=30000ms, policyFlags=0x8000000, event=MotionEvent { action=MOVE, id[0]=0, x[0]=900, y[0]=200.733, eventTime=58195000000, downTime=58169000000, deviceId=4, source=TOUCHSCREEN, displayId=0, eventId=0xf4526e60}
07-28 04:52:05.337  4807  4807 I SystemUi--QuickSettings: OplusQSRootViewController-->setListening: true
07-28 04:52:05.338  4807  4807 I SystemUi--QuickSettings: OplusLargeTileContainerViewController-->setListening listening=true
07-28 04:52:05.338  4807  4807 I SystemUi--QuickSettings: QSBrightnessFactory-->setListening listening:true
07-28 04:52:05.338  4807  4807 I SystemUi--QuickSettings: OplusQsBrightnessSliderController-->setListening listening:true mView: com.oplus.systemui.plugins.qs.widget.OplusQsToggleSliderLayout{c4338a7 V.E...... ......ID 558,244-737,643 #7f0a09f0 app:id/qs_brightness_slider_layout alpha=0.0 viewInfo = } value:0
07-28 04:52:05.338  4807  4807 I SystemUi--QuickSettings: OplusQsVolumeSliderController-->updateVolumeSeekBarMaxProgress: isNeedUpdate=true, maxVolumeProgress=16000, seekBarMaxProgress=1600, isInit=false
07-28 04:52:05.338  4807  4807 I SystemUi--QuickSettings: OplusQsVolumeSliderController-->updateVolumeSeekBarProgress: isNeedUpdate=true, isAllowUpdate=true, volumeLevel=0, seekBarLevel=0, initialVolumeSliderProgress=0, initialSeekBarVolumeLevel=-1, progressUpdated=false
07-28 04:52:05.338  4807  4807 I SystemUi--QuickSettings: OplusQsVolumeSliderController-->updateDisableShowVolumeDialog: isQsListening=true
07-28 04:52:05.338  4807  4807 I SystemUi--Device_Panel: OplusQSMyDeviceContainerViewController-->setListening listening: true
07-28 04:52:05.338  4807  4807 I [DevicePlugin].SysUiPluginService.(main): setListening: isListening=true, _isSeparateMode=true
07-28 04:52:05.338  4807  4807 I [DevicePlugin].FixedSeparateModelPanel.(main): onCtrCenterShow
07-28 04:52:05.338  4807  4807 I [DevicePlugin].FixedSeparateModelPanel.(main): onResume
07-28 04:52:05.338  4807  6403 D [DevicePlugin].DataInterfaceImp.(DefaultDispatcher-worker-9): safeCall, method:panel_state
07-28 04:52:05.339  4807  4807 I SystemUi--Common: NotificationShadeDepthC-->sceneFlag: 0x001, isStart = true, Current sceneFlags: 0x001
07-28 04:52:05.339  4807  4807 D NavigationBar: restrainNavigationBarInvertColor: true
07-28 04:52:05.339  4807  4807 D RegionSamplingHelper: animation scene, no need register sampling listener
07-28 04:52:05.339  3318  4138 D OomAdjuster: Not killing cached processes
07-28 04:52:05.339  4807  5869 D Tile.CustomTile.OshareTileService: refreshState: tile not listening, ignore
07-28 04:52:05.339  4807  5869 D TileStateController: bindAppWhenListening: false ComponentInfo{com.coloros.oshare/com.oplus.oshare.OshareTileService}
07-28 04:52:05.339  4807  5869 I SystemUi--QuickSettings: Tile.CustomTile.OshareTileService-->bindServiceWhenListening: false when isOplusQsTile
07-28 04:52:05.339  4807  5869 D Tile.CustomTile.OshareTileService: refreshState: tile not listening, ignore
07-28 04:52:05.340  4807  4807 I SystemUi--Common: OplusShadeExpansionStat-->go state: CLOSED -> OPENING
07-28 04:52:05.340  4807  4807 I SystemUi--Common: OplusShadeExpansionStat-->go state: CLOSED -> OPENING
07-28 04:52:05.340  4807  4807 I SystemUi--Notification: OplusHeadsUpNotificationViewBinder-->isVisibility: true
07-28 04:52:05.340  4807  5869 D TileStateController: setListening listening: true component: ComponentInfo{com.oplus.eyeprotect/com.oplus.eyeprotect.services.EyeProtectTileService} userContext: com.android.systemui.SystemUIApplication@ec18df
07-28 04:52:05.341  4807  4807 I SystemUi--Keyguard: ScrimControllerExImp-->blur State to UNLOCK, bouncer=false changeFromBouncerScrim= false runnerUnlock= false goingAway=false hasHandle=true isOccludeAnimationPlaying=false
07-28 04:52:05.341  4807  4807 I SystemUi--Common: PlatformBlurManagerImpl-->setPlatformBlurMode: blurMode=AUTO(blurFrequency=2)
07-28 04:52:05.341  7485  7521 I mydevices[core].ProviderCallProcessor: (binder:7485_2)method: panel_state; arg: panel_resume
07-28 04:52:05.341  4807  4807 I SystemUi--Common: PlatformBlurManagerImpl-->updateMotionFrequency: isExpanding=true
07-28 04:52:05.341  7485  7521 I mydevices[core].ControlCenterManager: (binder:7485_2)onPanelShow
07-28 04:52:05.342  4807  5869 D Tile.CustomTile.EyeProtectTileService: refreshState: tile not listening, ignore
07-28 04:52:05.342  4807  5869 D TileStateController: bindAppWhenListening: false ComponentInfo{com.oplus.eyeprotect/com.oplus.eyeprotect.services.EyeProtectTileService}
07-28 04:52:05.342  4807  5869 I SystemUi--QuickSettings: Tile.CustomTile.EyeProtectTileService-->bindServiceWhenListening: false when isOplusQsTile
07-28 04:52:05.342  4807  5869 D Tile.CustomTile.EyeProtectTileService: refreshState: tile not listening, ignore
07-28 04:52:05.342  1678  1727 E TetherController: property_get sys.radio.data.modem_share_flag return 0, 1!
07-28 04:52:05.342  4807  4807 I SystemUi--Notification: OplusNotificationShadeWindowControllerExImpl-->isExpanded: isPowerBlock=false ,isErrorFpTouchWhenScreenOff=false ,qsPanelVisible=false, isAodMaskShow=false
07-28 04:52:05.343  4807  6945 D OplusTileControllerPlugin: onSettingsStateChange: 1, componentName: ComponentInfo{com.oplus.eyeprotect/com.oplus.eyeprotect.services.EyeProtectTileService}
07-28 04:52:05.343  4807  4807 I SystemUi--Notification: OplusNotificationShadeWindowControllerExImpl-->SHADE_FOCUSABLE-->mNotificationShadeFocusable= false, mPanelExpanded= false, mBouncerShowing= false, mKeyguardShowing= false, mKeyguardOccluded= false, mKeyguardNeedsInput= false, ENABLE_REMOTE_INPUT= true, mRemoteInputActive= false, layoutFlags= -2130444216
07-28 04:52:05.343  4807  4807 I SystemUi--Notification: OplusNotificationShadeWindowControllerExImpl-->SHADE_VISIBLE-->mKeyguardShowing= false, mKeyguardOccluded= false, mPanelVisible= false, mKeyguardFadingAway= false, mKeyguardGoingAway= false, mBouncerShowing= false, mScrimsVisibility= 1, mBackgroundBlurRadius= 0, mForcePluginOpen= false, mediaBackdropShowing= false, viewVisibility= true, qsBlurFraction= 0.0044609047, panelBlurFraction= 0.0
07-28 04:52:05.343  4807  4998 D RegionSamplingHelper =:    mCompositionSamplingListener.unregister
07-28 04:52:05.343  4807  5869 D Tile.CustomTile.PowerSaveTileService: refreshState: tile not listening, ignore
07-28 04:52:05.343  4807  5869 I SystemUi--QuickSettings: Tile.CustomTile.PowerSaveTileService-->bindServiceWhenListening: true as default
07-28 04:52:05.343  2163  2399 I BpBinder: onLastStrongRef automatically unlinking death recipients: 
07-28 04:52:05.343  4807  6403 D [DevicePlugin].DataInterfaceImp.(DefaultDispatcher-worker-9): safeCall, method:getPanelDeviceList
07-28 04:52:05.343  7485  7521 I mydevices[core].ProviderCallProcessor: (binder:7485_2)method: getPanelDeviceList; arg: 
07-28 04:52:05.343  4807  4807 D UXUtils : notifyUiSwitched: 1
07-28 04:52:05.343  7485  8172 I mydevices[core].CardsProxyManager: (DefaultDispatcher-worker-5)resume cards: [], visibleCount: 0, showPosition: 4
07-28 04:52:05.343  7485  8172 I mydevices[core].CardsProxyManager: (DefaultDispatcher-worker-5)notify cards size : 0, code = 1
07-28 04:52:05.343  7485  8172 I mydevices[core].CardsProxyManager: (DefaultDispatcher-worker-5)current cards is empty, no need to call the event
07-28 04:52:05.343  7485  8172 I mydevices[core].OPSynergyScannerImpl: (DefaultDispatcher-worker-5)reScan
07-28 04:52:05.343  7485  8172 D OplusLog_DeviceKit_com.heytap.mydevices: [SynergyDeviceManager-94209832] isServiceBound
07-28 04:52:05.343  7485  8172 D OplusLog_DeviceKit_com.heytap.mydevices: [OpDeviceServiceClient-94209832] isServiceBound: null
07-28 04:52:05.343  3318  3599 I UserAwareMgr: handleTopAppChanged: com.android.systemui, pid: 4807, uid: 10218
07-28 04:52:05.343  7485  8172 I mydevices[core].CoreOpDeviceAction: (DefaultDispatcher-worker-5)isServiceBind: isBind: false
07-28 04:52:05.344  7485  8172 I mydevices[core].OPSynergyScannerImpl: (DefaultDispatcher-worker-5)getOpDeviceList
07-28 04:52:05.344  4807  5869 D TileStateController: setListening listening: true component: ComponentInfo{com.oplus.linker/com.oplus.linker.synergy.service.TVTileService} userContext: com.android.systemui.SystemUIApplication@ec18df
07-28 04:52:05.344  4807  6042 I SystemUi--Keyguard: OnScreenFingerprintUiMech-->hideFingerprintIconTemporarily for reason: panel expaned ShowForEnroll false mPendingHide false
07-28 04:52:05.344  7485  8172 D OplusLog_DeviceKit_com.heytap.mydevices: [SynergyDeviceManager-94209832] getDeviceList: com.heytap.mydevices.core.action.CoreOpDeviceAction$d@c351817
07-28 04:52:05.344  4807  4807 I SystemUi--Notification: ScrimControllerExImp-->[onQsBottomVisibleChanged] qsBottomVisible=true
07-28 04:52:05.344  4807  4807 I SystemUi--Common: PlatformBlurManagerImpl-->resumeBlur: updatePlatformBlurState(updatePanelBlurState): shouldBlur, isKeyguardVisible=false, isKeyguardFadingAway=false, isPanelVisible=true, isShadeLock=false.
07-28 04:52:05.344  4807  4807 I SystemUi--Common: PlatformBlurManagerImpl-->forceStopMotionBlur: stop=false
07-28 04:52:05.344  4807  4807 I SystemUi--Keyguard: ScrimControllerExImp-->blur State to UNLOCK, bouncer=false changeFromBouncerScrim= false runnerUnlock= false goingAway=false hasHandle=true isOccludeAnimationPlaying=false
07-28 04:52:05.344  7485  7521 I mydevices[core].ControlCenterManager: (binder:7485_2)response data:DeviceSpaceInfo(version=2, panelDevices=[])
07-28 04:52:05.345  7485  7521 I mydevices[core].DeviceMainPageEvent: (binder:7485_2)uploadDeviceNumTypeName list empty
07-28 04:52:05.345  4807  5869 D Tile.CustomTile.TVTileService: refreshState: tile not listening, ignore
07-28 04:52:05.345  4807  5869 D TileStateController: bindAppWhenListening: false ComponentInfo{com.oplus.linker/com.oplus.linker.synergy.service.TVTileService}
07-28 04:52:05.345  4807  5869 I SystemUi--QuickSettings: Tile.CustomTile.TVTileService-->bindServiceWhenListening: false when isOplusQsTile
07-28 04:52:05.345  4807  5869 D Tile.CustomTile.TVTileService: refreshState: tile not listening, ignore
07-28 04:52:05.345  4807  4807 I SystemUi--Statusbar: PrivacyDotViewController-->scheduleUpdate: 
07-28 04:52:05.345  3318  4719 I VibratorManagerServiceExtImpl: cancelVibrate uid=1000, pid=3318, usageFilter=-15, token=157799548
07-28 04:52:05.345  7485  8172 D OplusLog_DeviceKit_com.heytap.mydevices: [OpDeviceServiceClient-94209832] settings_opsynergy_has_device: 0
07-28 04:52:05.346  7485  8172 D OplusLog_DeviceKit_com.heytap.mydevices: [SynergyDeviceManager-94209832] getDeviceList result: com.heytap.mydevices.core.action.CoreOpDeviceAction$d@c351817, success: true, devices: []
07-28 04:52:05.346  7485  8172 I mydevices[core].CoreOpDeviceAction: (DefaultDispatcher-worker-5)device input: []
07-28 04:52:05.346  4807  4807 I SystemUi--Statusbar: PrivacyDotViewController-->needShow false
07-28 04:52:05.346  4807  4807 I SystemUi--Statusbar: PrivacyDotViewController-->scheduleUpdate: 
07-28 04:52:05.346  7485  8172 I mydevices[core].OPSynergyScannerImpl: (DefaultDispatcher-worker-5)getOpDeviceList, onResult
07-28 04:52:05.346  4807  6945 D OplusTileControllerPlugin: onSettingsStateChange: 1, componentName: ComponentInfo{com.oplus.linker/com.oplus.linker.synergy.service.TVTileService}
07-28 04:52:05.346  4807  4807 I SystemUi--Notification: OplusNotificationShadeWindowControllerExImpl-->SHADE_FOCUSABLE-->mNotificationShadeFocusable= true, mPanelExpanded= false, mBouncerShowing= false, mKeyguardShowing= false, mKeyguardOccluded= false, mKeyguardNeedsInput= false, ENABLE_REMOTE_INPUT= true, mRemoteInputActive= false, layoutFlags= -2130444216
07-28 04:52:05.346  4807  4807 I SystemUi--Notification: OplusNotificationShadeWindowControllerExImpl-->SHADE_VISIBLE-->mKeyguardShowing= false, mKeyguardOccluded= false, mPanelVisible= false, mKeyguardFadingAway= false, mKeyguardGoingAway= false, mBouncerShowing= false, mScrimsVisibility= 1, mBackgroundBlurRadius= 0, mForcePluginOpen= false, mediaBackdropShowing= false, viewVisibility= true, qsBlurFraction= 0.0044609047, panelBlurFraction= 0.0
07-28 04:52:05.346  4807  5937 D UXUtils : setHasTopUi: true; stack: com.oplus.systemui.shade.OplusNotificationShadeWindowControllerExImpl$uxFlagUpdateRunnable$1.run:12
07-28 04:52:05.346  4807  5084 I [UAH_CLIENT]: UahEventAcquire, cmdid:413, pkg:none, identity:OsenseHelperImpl
07-28 04:52:05.346  4807  4807 I SystemUi--QuickSettings: BackActionInteractor-->registerBackCallback true
07-28 04:52:05.346  3318  4136 D CoreBackPreview: Window{56f047 u0 NotificationShade}: Setting back callback OnBackInvokedCallbackInfo{mCallback=android.window.IOnBackInvokedCallback$Stub$Proxy@e04738b, mPriority=0, mIsAnimationCallback=false}
07-28 04:52:05.346  4807  4807 I SystemUi--QuickSettings: OplusSeparateQSManager-->updateSeparateQSExpandState recomputeDisableFlags
07-28 04:52:05.347  4807  4807 I SystemUi--Statusbar: CollapsedSbFragment-->New visibilities calculated internally. StatusBarVisibilityModel(showClock: false showNotificationIcons:false showOngoingActivityChip:false showSystemInfo:false ) 
07-28 04:52:05.347  4807  4807 I SystemUi--Statusbar: CollapsedStatusBarFragmentExImpl-->animate: true, unlockAnimationRunning: false, fadingAway: false, keyguard: false
07-28 04:52:05.347  4807  5869 D Tile.CustomTile.WindowsLinkTileService: refreshState: tile not listening, ignore
07-28 04:52:05.347  4807  5869 D TileStateController: bindAppWhenListening: false ComponentInfo{com.microsoft.appmanager/com.microsoft.appmanager.quicksettings.WindowsLinkTileService}
07-28 04:52:05.347  4807  5869 I SystemUi--QuickSettings: Tile.CustomTile.WindowsLinkTileService-->bindServiceWhenListening: false when isActiveTile && isTileReady
07-28 04:52:05.347  4807  4807 I SystemUi--Statusbar: CollapsedStatusBarFragmentExImpl-->StatusBarVisibilityModelEx: StatusBarVisibilityModelEx(showClock: false showPromptView:false showOngoingCallChip:false showNotificationContainer:false showOperatorName:false showSeedlingContainer:false ), animate: true
07-28 04:52:05.347  4807  5869 D Tile.CustomTile.WirelessReverseControService: refreshState: tile not listening, ignore
07-28 04:52:05.347  4807  5869 I SystemUi--QuickSettings: Tile.CustomTile.WirelessReverseControService-->bindServiceWhenListening: true as default
07-28 04:52:05.347  4807  5869 D TileStateController: updateCurrentStateIsNotDirty component:ComponentInfo{com.oplus.eyeprotect/com.oplus.eyeprotect.services.EyeProtectTileService}
07-28 04:52:05.347  4807  5869 D TileStateController: updateCurrentStateIsNotDirty component:ComponentInfo{com.oplus.linker/com.oplus.linker.synergy.service.TVTileService}
07-28 04:52:05.348  4807  4807 I SystemUi--Keyguard: KeyguardRapidUnlockUtils-->composeKeyguard show=true, reason=applyVisibility_show
07-28 04:52:05.348  4807  4998 I NotificationShadeWindowController: stop Pending key thread event (apply)
07-28 04:52:05.348  7627  7627 W Battery : PowerSaveTileService: onCreate
07-28 04:52:05.349  4807  4807 I SystemUi--Keyguard: KeyguardGlideTipView-->hideTips reason=hideGlideTipImmediateWithQsExpandingOrOplusKeyguardLoadOrGotoNtfCapsule withAnimator=true delayType=2
07-28 04:52:05.349  4807  4807 I SystemUi--Keyguard: KeyguardGlideTipView-->cancelBreathAnimation-isBreathAnimationRunning=false
07-28 04:52:05.349  4807  4807 I SystemUi--Keyguard: KeyguardAffordanceTipsView-->hideTips reason=QsExpandingOrOplusKeyguardLoadOrGotoNtfCapsule withAnimator=true delayType=2
07-28 04:52:05.350  4807  6403 I [DevicePlugin].DevicePanelPresenter.(DefaultDispatcher-worker-9): response code:30001; panelInfo:PanelInfo(panelState=DEVICE_HOME, panelDevices=[]), pluginVersion: 2
07-28 04:52:05.350  4807  6403 I [DevicePlugin].FixedSeparateModelPanel.(DefaultDispatcher-worker-9): onPanelInfoChanged
07-28 04:52:05.350  4807  6403 I [DevicePlugin].FixedSeparateModelPanel.(DefaultDispatcher-worker-9): updateView: panelState=DEVICE_HOME, panelDevices.size=0
07-28 04:52:05.351  4807  7164 D Tile.CustomTile.PowerSaveTileService: refreshState: tile not listening, ignore
07-28 04:52:05.351  4807  7164 D Tile.CustomTile.WirelessReverseControService: refreshState: tile not listening, ignore
07-28 04:52:05.351  4807  4807 D ViewRootImplExtImpl: wrapConfigInfoIntoFlags rotation=0, smallestScreenWidthDp=0, residentWS=false, scenario=0, bounds=Rect(0, 0 - 1080, 2376), relayoutAsync=false, flags=1, newFlags=1245708289, title=NotificationShade
07-28 04:52:05.351  3318  4719 D WindowManagerServiceExtImpl: extractConfigInfoAndRealFlags rotation=0, screenDp=0, residentWS:0, scenario:0, bounds:2376, serverWinBounds:Rect(0, 0 - 1080, 2376), win=Window{56f047 u0 NotificationShade}
07-28 04:52:05.351  3318  4719 V WindowManager: Relayout Window{56f047 u0 NotificationShade}: viewVisibility=0, oldvis=4, req=1080x2376, vsysui=, x=0, y=0
07-28 04:52:05.351  3318  4719 I WindowManager: Window{56f047 u0 NotificationShade} state from NO_SURFACE to DRAW_PENDING; reason: resetDrawState
07-28 04:52:05.352  2163  2399 D OplusLayer: setProcInfo (131,NotificationShade#131,com.android.systemui,0x4578D52F)
07-28 04:52:05.353  3318  4719 D QuickBackInputPolicy: hasMultiChildrenInTask: false
07-28 04:52:05.353  3318  4719 D WindowManager: NFW_findFocusedWindowIfNeeded:Window{866babc u0 com.android.launcher/com.android.launcher.Launcher} mCurrentFocus:Window{866babc u0 com.android.launcher/com.android.launcher.Launcher}
07-28 04:52:05.353  4807  4807 W VRI[NotificationShade]: updateBlastSurfaceIfNeeded, surfaceSize:Point(1080, 2376), lastSurfaceSize:Point(1080, 2376), format:-3, blastBufferQueue:null
07-28 04:52:05.353  4807  4807 D BufferQueueConsumer: [](id:12c700000009,api:0,p:-1,c:4807) connect: controlledByApp=false
07-28 04:52:05.354  4807  4807 I SystemUi--Keyguard: KeyguardEngineContainer-->onConfigurationChanged, locale = en-US,zh-CN, mLastLocale= en-US,zh-CN
07-28 04:52:05.354  4807  4807 I SystemUi--Keyguard: KeyguardEngineContainer-->onConfigurationChanged. font = 0, mLastFlipFont = 0, density = 480, mDensity = 480
07-28 04:52:05.354  4807  4807 I SystemUi--Keyguard: KeyguardPluginManager-->maybeReloadNormalKeyguard, uses default LockScreen
07-28 04:52:05.355  4807  4807 E ndroid.systemui: No package ID ff found for resource ID 0xffffffff.
07-28 04:52:05.355  4807  4807 E ndroid.systemui: No package ID ff found for resource ID 0xffffffff.
07-28 04:52:05.355  4807  4807 E ndroid.systemui: No package ID ff found for resource ID 0xffffffff.
07-28 04:52:05.355  4807  4807 E ThemeUtils: View class com.oplus.systemui.keyguard.view.GeneralFontVariationTextView is an AppCompat widget that can only be used with a Theme.AppCompat theme (or descendant).
07-28 04:52:05.355  4807  4807 E ThemeUtils: View class com.oplus.systemui.keyguard.view.GeneralFontVariationTextView is an AppCompat widget that can only be used with a Theme.AppCompat theme (or descendant).
07-28 04:52:05.356  4807  4807 I SystemUi--Keyguard: PictorialAppInfo-->isShowPictorialTipDevice true,bottomMargin=611
07-28 04:52:05.356  4807  4807 I SystemUi--Keyguard: PictorialFunctionContainer-->onWallpaperChange info is null or local or engine
07-28 04:52:05.356  4807  4807 I SystemUi--Keyguard: PictorialAppInfo-->isShowPictorialTipDevice true,bottomMargin=611
07-28 04:52:05.356  4807  4807 I SystemUi--Keyguard: PictorialAppInfo-->isShowPictorialTipDevice true,bottomMargin=611
07-28 04:52:05.356  4807  4807 I SystemUi--Notification: NotificationsQSContainerController-->onWindowConfigurationChange: splitShadeEnabled=false
07-28 04:52:05.356  4807  4807 I SystemUi--Notification: NotificationsQSContainerController-->updateResources: splitShadeEnabled=false, newSplitShadeEnabled=false
07-28 04:52:05.356  4807  4807 I SystemUi--Notification: OplusQSSimpleHeader-->shouldClick: true, isInSuperPowerSaveMode: false, isInWellBeingAssistantMode: false
07-28 04:52:05.356  4807  4807 I SystemUi--Notification: OplusQSSimpleHeader-->updateMarginTop, reason: configChange, newMarginTop: 102 currentMarginTop 102
07-28 04:52:05.357  4807  4807 I SystemUi--QuickSettings: OplusQuickStatusBarHeader-->[onConfigurationChanged] updateResources end, start call listener
07-28 04:52:05.360  4807  4807 I SystemUi--QuickSettings: OplusQuickStatusBarHeader-->[onConfigurationChanged] updateResources end, start call listener
07-28 04:52:05.360  4807  4807 I SystemUi--QuickSettings: OplusQSHighlightTileViewImpl-->updateIconViewSize mTileCanTips=true
07-28 04:52:05.361  4807  4807 I SystemUi--QuickSettings: OplusQSHighlightTileViewImpl-->updateIconViewSize mTileCanTips=true
07-28 04:52:05.361  4807  4807 I SystemUi--QuickSettings: OplusQsToggleSliderTouchExt-->getRealSize point: Point(1080, 2376) realScreenWidth: 1080 realScreenHeight: 2376
07-28 04:52:05.362  4807  4807 I SystemUi--QuickSettings: OplusQsToggleSliderLayout-->updateRadius radius= 57.815125, roundParams= OplusRoundParams(radiusDp=15.2, radius=45.6, weight=1.1, isCircle=false), isDefaultVolumeTheme = true
07-28 04:52:05.362  4807  4807 I COUIVerticalSeekBar: COUIVerticalSeekBar ensureSize : mIsProgressFull:true,mBackgroundRadius:45.6,mBackgroundWidth:179.0,mBackgroundEnlargeScale1.0,mProgressRadius:45.6,mProgressWidth:179.0,mProgressEnlargeScale1.0,mPaddingVertical45.6
07-28 04:52:05.362  4807  4807 I COUIVerticalSeekBar: updateBehavior * normalSeekBarHeight = 309,mPaddingVertical = 45.6,mIsPhysicsEnable = true,mPhysicalAnimator = null,mFlingBehavior = null,Thread_name = main,hashCode = 251480190,time = 1753692725362,stackChain = com.coui.appcompat.seekbar.COUIVerticalSeekBar.updateBehavior$1:14 com.coui.appcompat.seekbar.COUIVerticalSeekBar.ensureSize$1:182 com.coui.appcompat.seekbar.COUIVerticalSeekBar.setBackgroundRadius:3 com.oplus.systemui.qs.base.seek.OplusQsBaseToggleSliderLayout.updateRadius:60 
07-28 04:52:05.362  4807  4807 I COUIVerticalSeekBar: setPaddingVertical * paddingVertical = 45.6,hashCode = 251480190,time = 1753692725362
07-28 04:52:05.362  4807  4807 I COUIVerticalSeekBar: COUIVerticalSeekBar ensureSize : mIsProgressFull:true,mBackgroundRadius:45.6,mBackgroundWidth:179.0,mBackgroundEnlargeScale1.0,mProgressRadius:45.6,mProgressWidth:179.0,mProgressEnlargeScale1.0,mPaddingVertical45.6
07-28 04:52:05.362  4807  4807 I COUIVerticalSeekBar: updateBehavior * normalSeekBarHeight = 309,mPaddingVertical = 45.6,mIsPhysicsEnable = true,mPhysicalAnimator = null,mFlingBehavior = null,Thread_name = main,hashCode = 251480190,time = 1753692725362,stackChain = com.coui.appcompat.seekbar.COUIVerticalSeekBar.updateBehavior$1:14 com.coui.appcompat.seekbar.COUIVerticalSeekBar.ensureSize$1:182 com.coui.appcompat.seekbar.COUIVerticalSeekBar.setPaddingVertical:59 com.oplus.systemui.qs.base.seek.OplusQsBaseToggleSliderLayout.updateRadius:74 
07-28 04:52:05.362  4807  4807 I SystemUi--QuickSettings: OplusQsToggleSliderTouchExt-->getRealSize point: Point(1080, 2376) realScreenWidth: 1080 realScreenHeight: 2376
07-28 04:52:05.362  4807  4807 I SystemUi--QuickSettings: OplusQsToggleSliderLayout-->updateRadius radius= 57.815125, roundParams= OplusRoundParams(radiusDp=15.2, radius=45.6, weight=1.1, isCircle=false), isDefaultVolumeTheme = true
07-28 04:52:05.362  4807  4807 I COUIVerticalSeekBar: COUIVerticalSeekBar ensureSize : mIsProgressFull:true,mBackgroundRadius:45.6,mBackgroundWidth:179.0,mBackgroundEnlargeScale1.0,mProgressRadius:45.6,mProgressWidth:179.0,mProgressEnlargeScale1.0,mPaddingVertical45.6
07-28 04:52:05.362  4807  4807 I COUIVerticalSeekBar: updateBehavior * normalSeekBarHeight = 309,mPaddingVertical = 45.6,mIsPhysicsEnable = true,mPhysicalAnimator = null,mFlingBehavior = null,Thread_name = main,hashCode = 78637398,time = 1753692725362,stackChain = com.coui.appcompat.seekbar.COUIVerticalSeekBar.updateBehavior$1:14 com.coui.appcompat.seekbar.COUIVerticalSeekBar.ensureSize$1:182 com.coui.appcompat.seekbar.COUIVerticalSeekBar.setBackgroundRadius:3 com.oplus.systemui.qs.base.seek.OplusQsBaseToggleSliderLayout.updateRadius:60 
07-28 04:52:05.362  4807  4807 I COUIVerticalSeekBar: setPaddingVertical * paddingVertical = 45.6,hashCode = 78637398,time = 1753692725362
07-28 04:52:05.362  4807  4807 I COUIVerticalSeekBar: COUIVerticalSeekBar ensureSize : mIsProgressFull:true,mBackgroundRadius:45.6,mBackgroundWidth:179.0,mBackgroundEnlargeScale1.0,mProgressRadius:45.6,mProgressWidth:179.0,mProgressEnlargeScale1.0,mPaddingVertical45.6
07-28 04:52:05.362  4807  4807 I COUIVerticalSeekBar: updateBehavior * normalSeekBarHeight = 309,mPaddingVertical = 45.6,mIsPhysicsEnable = true,mPhysicalAnimator = null,mFlingBehavior = null,Thread_name = main,hashCode = 78637398,time = 1753692725362,stackChain = com.coui.appcompat.seekbar.COUIVerticalSeekBar.updateBehavior$1:14 com.coui.appcompat.seekbar.COUIVerticalSeekBar.ensureSize$1:182 com.coui.appcompat.seekbar.COUIVerticalSeekBar.setPaddingVertical:59 com.oplus.systemui.qs.base.seek.OplusQsBaseToggleSliderLayout.updateRadius:74 
07-28 04:52:05.362  4807  4807 I [DevicePlugin].NoDeviceEntranceCardView.(main): onConfigurationChanged
07-28 04:52:05.362  4807  4807 I [DevicePlugin].PlatformUtils.(main): isLowGaussianLevel: DEBUG_LEVEL = -1, ANIM_LEVEL = 1
07-28 04:52:05.362  4807  4807 I [DevicePlugin].PlatformUtils.(main): isGlobalThemeApplied: isGlobalTheme=false
07-28 04:52:05.362  4807  4807 I [DevicePlugin].PlatformUtils.(main): isBlurEnable: enable=true
07-28 04:52:05.362  4807  4807 I [DevicePlugin].PlatformUtils.(main): isGlobalThemeApplied: isGlobalTheme=false
07-28 04:52:05.362  4807  4807 I [DevicePlugin].PlatformUtils.(main): isLightOsGaussianLevel: DEBUG_LEVEL = -1, ANIM_LEVEL = 1
07-28 04:52:05.362  4807  4807 I [DevicePlugin].PlatformUtils.(main): isLightBlurEnable: enable=false
07-28 04:52:05.362  4807  4807 I [DevicePlugin].RectangleDeviceCardView.(main): onConfigurationChanged
07-28 04:52:05.362  4807  4807 I [DevicePlugin].PlatformUtils.(main): isLowGaussianLevel: DEBUG_LEVEL = -1, ANIM_LEVEL = 1
07-28 04:52:05.362  4807  4807 I [DevicePlugin].PlatformUtils.(main): isGlobalThemeApplied: isGlobalTheme=false
07-28 04:52:05.362  4807  4807 I [DevicePlugin].PlatformUtils.(main): isBlurEnable: enable=true
07-28 04:52:05.362  4807  4807 I [DevicePlugin].PlatformUtils.(main): isGlobalThemeApplied: isGlobalTheme=false
07-28 04:52:05.362  4807  4807 I [DevicePlugin].PlatformUtils.(main): isLightOsGaussianLevel: DEBUG_LEVEL = -1, ANIM_LEVEL = 1
07-28 04:52:05.362  4807  4807 I [DevicePlugin].PlatformUtils.(main): isLightBlurEnable: enable=false
07-28 04:52:05.362  4807  4807 I [DevicePlugin].RectangleEntranceCardView.(main): onConfigurationChanged
07-28 04:52:05.362  4807  4807 I [DevicePlugin].PlatformUtils.(main): isLowGaussianLevel: DEBUG_LEVEL = -1, ANIM_LEVEL = 1
07-28 04:52:05.362  4807  4807 I [DevicePlugin].PlatformUtils.(main): isGlobalThemeApplied: isGlobalTheme=false
07-28 04:52:05.362  4807  4807 I [DevicePlugin].PlatformUtils.(main): isBlurEnable: enable=true
07-28 04:52:05.362  4807  4807 I [DevicePlugin].PlatformUtils.(main): isGlobalThemeApplied: isGlobalTheme=false
07-28 04:52:05.362  4807  4807 I [DevicePlugin].PlatformUtils.(main): isLightOsGaussianLevel: DEBUG_LEVEL = -1, ANIM_LEVEL = 1
07-28 04:52:05.362  4807  4807 I [DevicePlugin].PlatformUtils.(main): isLightBlurEnable: enable=false
07-28 04:52:05.362  4807  4807 I [DevicePlugin].RectangleDeviceCardView.(main): onConfigurationChanged
07-28 04:52:05.362  4807  4807 I [DevicePlugin].PlatformUtils.(main): isLowGaussianLevel: DEBUG_LEVEL = -1, ANIM_LEVEL = 1
07-28 04:52:05.362  4807  4807 I [DevicePlugin].PlatformUtils.(main): isGlobalThemeApplied: isGlobalTheme=false
07-28 04:52:05.362  4807  4807 I [DevicePlugin].PlatformUtils.(main): isBlurEnable: enable=true
07-28 04:52:05.362  4807  4807 I [DevicePlugin].PlatformUtils.(main): isGlobalThemeApplied: isGlobalTheme=false
07-28 04:52:05.362  4807  4807 I [DevicePlugin].PlatformUtils.(main): isLightOsGaussianLevel: DEBUG_LEVEL = -1, ANIM_LEVEL = 1
07-28 04:52:05.362  4807  4807 I [DevicePlugin].PlatformUtils.(main): isLightBlurEnable: enable=false
07-28 04:52:05.362  4807  4807 I [DevicePlugin].SquareDeviceCardView.(main): onConfigurationChanged
07-28 04:52:05.362  4807  4807 I [DevicePlugin].PlatformUtils.(main): isLowGaussianLevel: DEBUG_LEVEL = -1, ANIM_LEVEL = 1
07-28 04:52:05.362  4807  4807 I [DevicePlugin].PlatformUtils.(main): isGlobalThemeApplied: isGlobalTheme=false
07-28 04:52:05.362  4807  4807 I [DevicePlugin].PlatformUtils.(main): isBlurEnable: enable=true
07-28 04:52:05.362  4807  4807 I [DevicePlugin].PlatformUtils.(main): isGlobalThemeApplied: isGlobalTheme=false
07-28 04:52:05.362  4807  4807 I [DevicePlugin].PlatformUtils.(main): isLightOsGaussianLevel: DEBUG_LEVEL = -1, ANIM_LEVEL = 1
07-28 04:52:05.362  4807  4807 I [DevicePlugin].PlatformUtils.(main): isLightBlurEnable: enable=false
07-28 04:52:05.362  4807  4807 I [DevicePlugin].SquareEntranceCardView.(main): onConfigurationChanged
07-28 04:52:05.362  4807  4807 I [DevicePlugin].PlatformUtils.(main): isLowGaussianLevel: DEBUG_LEVEL = -1, ANIM_LEVEL = 1
07-28 04:52:05.362  4807  4807 I [DevicePlugin].PlatformUtils.(main): isGlobalThemeApplied: isGlobalTheme=false
07-28 04:52:05.362  4807  4807 I [DevicePlugin].PlatformUtils.(main): isBlurEnable: enable=true
07-28 04:52:05.362  4807  4807 I [DevicePlugin].PlatformUtils.(main): isGlobalThemeApplied: isGlobalTheme=false
07-28 04:52:05.362  4807  4807 I [DevicePlugin].PlatformUtils.(main): isLightOsGaussianLevel: DEBUG_LEVEL = -1, ANIM_LEVEL = 1
07-28 04:52:05.362  4807  4807 I [DevicePlugin].PlatformUtils.(main): isLightBlurEnable: enable=false
07-28 04:52:05.362  4807  4807 I [DevicePlugin].SquareDeviceCardView.(main): onConfigurationChanged
07-28 04:52:05.362  4807  4807 I [DevicePlugin].PlatformUtils.(main): isLowGaussianLevel: DEBUG_LEVEL = -1, ANIM_LEVEL = 1
07-28 04:52:05.362  4807  4807 I [DevicePlugin].PlatformUtils.(main): isGlobalThemeApplied: isGlobalTheme=false
07-28 04:52:05.362  4807  4807 I [DevicePlugin].PlatformUtils.(main): isBlurEnable: enable=true
07-28 04:52:05.362  4807  4807 I [DevicePlugin].PlatformUtils.(main): isGlobalThemeApplied: isGlobalTheme=false
07-28 04:52:05.362  4807  4807 I [DevicePlugin].PlatformUtils.(main): isLightOsGaussianLevel: DEBUG_LEVEL = -1, ANIM_LEVEL = 1
07-28 04:52:05.362  4807  4807 I [DevicePlugin].PlatformUtils.(main): isLightBlurEnable: enable=false
07-28 04:52:05.362  4807  4807 I [DevicePlugin].SquareDeviceCardView.(main): onConfigurationChanged
07-28 04:52:05.362  4807  4807 I [DevicePlugin].PlatformUtils.(main): isLowGaussianLevel: DEBUG_LEVEL = -1, ANIM_LEVEL = 1
07-28 04:52:05.362  4807  4807 I [DevicePlugin].PlatformUtils.(main): isGlobalThemeApplied: isGlobalTheme=false
07-28 04:52:05.362  4807  4807 I [DevicePlugin].PlatformUtils.(main): isBlurEnable: enable=true
07-28 04:52:05.362  4807  4807 I [DevicePlugin].PlatformUtils.(main): isGlobalThemeApplied: isGlobalTheme=false
07-28 04:52:05.362  4807  4807 I [DevicePlugin].PlatformUtils.(main): isLightOsGaussianLevel: DEBUG_LEVEL = -1, ANIM_LEVEL = 1
07-28 04:52:05.362  4807  4807 I [DevicePlugin].PlatformUtils.(main): isLightBlurEnable: enable=false
07-28 04:52:05.362  4807  4807 I [DevicePlugin].SquareDeviceCardView.(main): onConfigurationChanged
07-28 04:52:05.362  4807  4807 I [DevicePlugin].PlatformUtils.(main): isLowGaussianLevel: DEBUG_LEVEL = -1, ANIM_LEVEL = 1
07-28 04:52:05.362  4807  4807 I [DevicePlugin].PlatformUtils.(main): isGlobalThemeApplied: isGlobalTheme=false
07-28 04:52:05.362  4807  4807 I [DevicePlugin].PlatformUtils.(main): isBlurEnable: enable=true
07-28 04:52:05.362  4807  4807 I [DevicePlugin].PlatformUtils.(main): isGlobalThemeApplied: isGlobalTheme=false
07-28 04:52:05.362  4807  4807 I [DevicePlugin].PlatformUtils.(main): isLightOsGaussianLevel: DEBUG_LEVEL = -1, ANIM_LEVEL = 1
07-28 04:52:05.362  4807  4807 I [DevicePlugin].PlatformUtils.(main): isLightBlurEnable: enable=false
07-28 04:52:05.362  4807  4807 I [DevicePlugin].SquareEntranceCardView.(main): onConfigurationChanged
07-28 04:52:05.362  4807  4807 I [DevicePlugin].PlatformUtils.(main): isLowGaussianLevel: DEBUG_LEVEL = -1, ANIM_LEVEL = 1
07-28 04:52:05.362  4807  4807 I [DevicePlugin].PlatformUtils.(main): isGlobalThemeApplied: isGlobalTheme=false
07-28 04:52:05.362  4807  4807 I [DevicePlugin].PlatformUtils.(main): isBlurEnable: enable=true
07-28 04:52:05.362  4807  4807 I [DevicePlugin].PlatformUtils.(main): isGlobalThemeApplied: isGlobalTheme=false
07-28 04:52:05.362  4807  4807 I [DevicePlugin].PlatformUtils.(main): isLightOsGaussianLevel: DEBUG_LEVEL = -1, ANIM_LEVEL = 1
07-28 04:52:05.362  4807  4807 I [DevicePlugin].PlatformUtils.(main): isLightBlurEnable: enable=false
07-28 04:52:05.365  4807  4807 I SystemUi--QuickSettings: OplusSeparateQSCustomizer-->updateResources tileRow= 3
07-28 04:52:05.365  4807  4807 I SystemUi--QuickSettings: OplusSeparateQSCustomizer--> mUsableWidth=1080
07-28 04:52:05.365  4807  4807 I SystemUi--QuickSettings: OplusSeparateQSCustomizer--> mEditCellWidth=175 mEditCellMarginHorizontal=66 mItemHeight=271 mHorizontalSidePadding=57
07-28 04:52:05.365  4807  4807 I SystemUi--QuickSettings: OplusQsToggleSliderTouchExt-->getRealSize point: Point(1080, 2376) realScreenWidth: 1080 realScreenHeight: 2376
07-28 04:52:05.365  4807  4807 I SystemUi--QuickSettings: OplusQsToggleSliderLayout-->updateRadius radius= 57.815125, roundParams= OplusRoundParams(radiusDp=15.2, radius=45.6, weight=1.1, isCircle=false), isDefaultVolumeTheme = true
07-28 04:52:05.365  4807  4807 I COUIVerticalSeekBar: COUIVerticalSeekBar ensureSize : mIsProgressFull:true,mBackgroundRadius:45.6,mBackgroundWidth:179.0,mBackgroundEnlargeScale1.0,mProgressRadius:45.6,mProgressWidth:179.0,mProgressEnlargeScale1.0,mPaddingVertical45.6
