07-28 02:48:04.081  4902  4902 I SystemUi--QuickSettings: Tile.OplusAirplaneModeTile-->clicked ------ state is :2 canTips :true
07-28 02:48:04.081  4902  5398 V OplusCustomizeCacheManager: queryCache name: sys.cache.common_customize_cache18026 param: null
07-28 02:48:04.081  4902  5398 V OplusCustomizeCacheManager: queryCache name: sys.cache.common_customize_cache18026 param: null
07-28 02:48:04.083  3419  4482 D BluetoothSystemServer: BluetoothRadioModeListener: Not sensitive to airplane_mode_radios change. Forced to false
07-28 02:48:04.084  3419  3419 D OplusWifiBroadCastDispatcher: mBroadcastReceiver: onReceiver  action=android.intent.action.AIRPLANE_MODE
07-28 02:48:04.084  5273  5273 D SubsysBroadcastManager: onReceive action:android.intent.action.AIRPLANE_MODE
07-28 02:48:04.084  3419  4654 D OplusWifiSwitchStateMonitor: mWifiSettingsValue:0
07-28 02:48:04.084  3419  4654 D OplusWifiSwitchStateMonitor: notify scan state: true
07-28 02:48:04.085  3419  4653 D OplusWifiPower_ConnLpmEventObsever: AIRPLANE_MODE_ON:false
07-28 02:48:04.086  5273  5273 D NetworkService[0]: onAirPlaneModeChange isAirPlaneModeOn:false
07-28 02:48:04.086  5089  8346 I txpwradmin:SettingsObserver: onChange for uri = content://settings/global/airplane_mode_on
07-28 02:48:04.086  5273  5273 D NetworkService[1]: onAirPlaneModeChange isAirPlaneModeOn:false
07-28 02:48:04.086  5273  5273 D QuickChangeAirplaneModeEvent: airplane mode off
07-28 02:48:04.086  4902  5193 I SystemUi--QuickSettings: Tile.OplusCellularTile-->updateCarrierText: dialog not showing, ignore
07-28 02:48:04.086  5273  5273 W Settings: Setting airplane_mode_on has moved from android.provider.Settings.System to android.provider.Settings.Global, returning read-only value.
07-28 02:48:04.087  1991  4510 E PerformanceService: [damon_reclaim] Failed to open wmarks_xxx, Linux version 6.6.30
07-28 02:48:04.087  5074  5074 W Settings: Setting airplane_mode_on has moved from android.provider.Settings.System to android.provider.Settings.Global, returning read-only value.
07-28 02:48:04.087  7508  7572 I SettingImpl: isAirplaneModeToggleChecked switchValue: -1, airplane mode isChecked is false
07-28 02:48:04.087  5089  8346 D txpwrJni: sendRadioStatus start
07-28 02:48:04.087  4974  4974 W Settings: Setting airplane_mode_on has moved from android.provider.Settings.System to android.provider.Settings.Global, returning read-only value.
07-28 02:48:04.087  4974  4974 W Settings: Setting airplane_mode_on has moved from android.provider.Settings.System to android.provider.Settings.Global, returning read-only value.
07-28 02:48:04.087  4974  4974 W Settings: Setting airplane_mode_on has moved from android.provider.Settings.System to android.provider.Settings.Global, returning read-only value.
07-28 02:48:04.087  4974  4974 W Settings: Setting airplane_mode_on has moved from android.provider.Settings.System to android.provider.Settings.Global, returning read-only value.
07-28 02:48:04.087  4974  4974 W Settings: Setting airplane_mode_on has moved from android.provider.Settings.System to android.provider.Settings.Global, returning read-only value.
07-28 02:48:04.087  4902  4902 I SystemUi--Statusbar: OplusStatusBarSignalPolicy-->imsIcon: OplusIMSModel(shouldShowVolte=false, shouldShowVowifi=false, simInserted=true, noSim=false, shouldShowVodata=false, shouldShowVo5G=false, vowifiState=false), OplusIMSModel(shouldShowVolte=false, shouldShowVowifi=false, simInserted=false, noSim=true, shouldShowVodata=false, shouldShowVo5G=false, vowifiState=false), noSubs:false, airplaneMode:falsevisible: false ,wifiConnect:false , vowifiIcon:0 , voDataStatus:false, is5GNewCall:false
07-28 02:48:04.088  4902  4902 I SystemUi--Statusbar: OplusStatusBarSignalPolicy-->noSimIcon simState: SimStateModel(simInserted=[true, false], simForbidden=[false, true], simStateIMSI=[true, false], simLoaded=[true, false]), noSubs:false isAirplaneMode:false
07-28 02:48:04.088  3419  4482 D BluetoothSystemServer: AirplaneModeListener: Ignore mode change to same state. previousMode=false, isOn=false, isOnOverrode=false, isMediaConnected=false
07-28 02:48:04.088  3419  4537 D WifiController: Airplane mode disabled, determine next state
07-28 02:48:04.088  4902  4902 I SystemUi--Statusbar: OplusMobileIconViewModel-->isVisible subId:1 isAirplaneMode:false isAllowedDuringAirplaneMode:false isForceHidden:false isSatelliteForbid:false
07-28 02:48:04.088  4902  4902 I SystemUi--Statusbar: OplusStatusBarMobileViewBinder-->isVisible:true
07-28 02:48:04.088  4902  4902 I SystemUi--Statusbar: OplusStatusBarMobileViewBinder-->isVisible:true
07-28 02:48:04.088  4902  4902 I SystemUi--Statusbar: OplusStatusBarMobileViewBinder-->isVisible:true
07-28 02:48:04.088  4902  4902 I SystemUi--Statusbar: OplusStatusBarMobileViewBinder-->isVisible:true
07-28 02:48:04.088  4902  4902 I SystemUi--Statusbar: OplusStatusBarMobileViewBinder-->isVisible:true
07-28 02:48:04.088  3419  4537 D WifiActiveModeWarden: Starting primary ClientModeManager in scan only mode
07-28 02:48:04.089  3419  4296 E PerformanceManager: setDamonReclaimWmarks succeed.
07-28 02:48:04.089  4902  5665 I SystemUi--QuickSettings: Tile.OplusAirplaneModeTile-->handleUpdateState state.state: 2 value: 0
07-28 02:48:04.089  4902  5665 V OplusCustomizeCacheManager: queryCache name: sys.cache.common_customize_cache18026 param: null
07-28 02:48:04.089  3419  4537 D WifiController: DisabledState.exit()
07-28 02:48:04.089  3419  4537 D WifiController: EnabledState.enter()
07-28 02:48:04.089  4902  5665 I SystemUi--QuickSettings: Tile.OplusAirplaneModeTile-->handleUpdateState state.state: 1 value: 0
07-28 02:48:04.089  4902  5665 V OplusCustomizeCacheManager: queryCache name: sys.cache.common_customize_cache18026 param: null
07-28 02:48:04.089  4974  4974 D PhoneGlobals: ACTION_AIRPLANE_MODE_CHANGED received
07-28 02:48:04.089  4974  4974 D PhoneGlobals: Receive ACTION_AIRPLANE_MODE_CHANGED, state: false
07-28 02:48:04.089  4974  4974 I PhoneGlobals: handleAirplaneModeChange: isAirplaneNewlyOn=false
07-28 02:48:04.089  4974  4974 D PhoneGlobals: handleAirplaneModeChange: isAirplaneNewlyOn = false, cellState = 2
07-28 02:48:04.089  4974  4974 I PhoneGlobals: Turning radio on - airplane
07-28 02:48:04.089  4902  5665 V OplusCustomizeCacheManager: queryCache name: sys.cache.common_customize_cache11009 param: null
07-28 02:48:04.090  4902  4902 D RowAnimatorExtImpl: init:tx,view:StatusBarIconView(slot='volume' alpha=1.0 icon=StatusBarIcon(icon=Icon(typ=RESOURCE pkg=com.android.systemui id=0x7f0818f0) visible user=0 ) visibleState=ICON iconColor=#ccffffff staticDrawableColor=#ccffffff decorColor=#ffffffff animationStartColor=#0 currentSetColor=#ccffffff notification=null),translationX:  9.0  0.0  
07-28 02:48:04.086  5060  7779 I PCDR-common_no_service[0]: forbidden
07-28 02:48:04.091  4902  4902 D RowAnimatorExtImpl: init:tx,view:StatusBarIconView(slot='zen' alpha=1.0 icon=StatusBarIcon(icon=Icon(typ=RESOURCE pkg=com.android.systemui id=0x7f0818e1) visible user=0 ) visibleState=ICON iconColor=#ccffffff staticDrawableColor=#ccffffff decorColor=#ffffffff animationStartColor=#0 currentSetColor=#ccffffff notification=null),translationX:  57.0  48.0  
07-28 02:48:04.091  5060  5961 D NAS-CallIssueDetector: notifyApmChanged
07-28 02:48:04.091  5060  7779 I PCDR-common_no_45g[0]: forbidden
07-28 02:48:04.091  5060  7779 I PCDR-common_no_service[1]: forbidden
07-28 02:48:04.091  5060  7779 I PCDR-common_no_45g[1]: forbidden
07-28 02:48:04.091  4902  4902 D RowAnimatorExtImpl: init:tx,view:StatusBarIconView(slot='volume' alpha=1.0 icon=StatusBarIcon(icon=Icon(typ=RESOURCE pkg=com.android.systemui id=0x7f0818f0) visible user=0 ) visibleState=ICON iconColor=#ccffffff staticDrawableColor=#ccffffff decorColor=#ffffffff animationStartColor=#0 currentSetColor=#ccffffff notification=null),translationX:  9.0  0.0  
07-28 02:48:04.091  4902  4902 D RowAnimatorExtImpl: init:tx,view:StatusBarIconView(slot='zen' alpha=1.0 icon=StatusBarIcon(icon=Icon(typ=RESOURCE pkg=com.android.systemui id=0x7f0818e1) visible user=0 ) visibleState=ICON iconColor=#ccffffff staticDrawableColor=#ccffffff decorColor=#ffffffff animationStartColor=#0 currentSetColor=#ccffffff notification=null),translationX:  57.0  48.0  
07-28 02:48:04.091  5060  5961 D NAS-CallIssueDetector: EVENT_SIM_STATE_CHANGE mSimState[0] LOADED
07-28 02:48:04.091  5060  5961 D SceneEvent: registerSensorMgr start
07-28 02:48:04.091  4902  4902 D RowAnimatorExtImpl: init:tx,view:StatusBarIconView(slot='volume' alpha=1.0 icon=StatusBarIcon(icon=Icon(typ=RESOURCE pkg=com.android.systemui id=0x7f0818f0) visible user=0 ) visibleState=ICON iconColor=#ccffffff staticDrawableColor=#ccffffff decorColor=#ffffffff animationStartColor=#0 currentSetColor=#ccffffff notification=null),translationX:  9.0  0.0  
07-28 02:48:04.091  4902  4902 D RowAnimatorExtImpl: init:tx,view:StatusBarIconView(slot='zen' alpha=1.0 icon=StatusBarIcon(icon=Icon(typ=RESOURCE pkg=com.android.systemui id=0x7f0818e1) visible user=0 ) visibleState=ICON iconColor=#ccffffff staticDrawableColor=#ccffffff decorColor=#ffffffff animationStartColor=#0 currentSetColor=#ccffffff notification=null),translationX:  57.0  48.0  
07-28 02:48:04.092  3419  4537 D WifiClientModeManager[59778:unknown]: entering IdleState
07-28 02:48:04.093  5060  5965 D ElevatorEvent: enableElevatorDetect mIsElevSensorReg = false
07-28 02:48:04.093  5060  5965 V SystemSensorManagerExtImpl: RegisterListener elevator_detect  Wakeup type:33171036 delay:200000us by com.oplus.nas.comm.event.ElevatorEvent$a@24fe7b7 from com.oplus.nas
07-28 02:48:04.094  3419  5456 D SensorService: createSensorEventConnection packageName = com.oplus.nas.comm.event.ElevatorEvent, opPackageName = com.oplus.nas, mCurrentOperatingMode = 0, requestedMode = 0
07-28 02:48:04.094  5074  5074 I HidlServiceManagement: Trying to get transport of vendor.oplus.hardware.appradio@1.0::IOplusAppRadio/oplus_app_slot1 without hwservicemanager
07-28 02:48:04.094  5074  5074 E NhsAppRIL/0: in getOplusRadioProxy getService: Exception: java.util.NoSuchElementException
07-28 02:48:04.096  5273  5273 D RadioMessenger: handleMessage Request msgid 2215
07-28 02:48:04.096  5060  5958 D OplusLinkBoostMeeting: onAirplaneModeChange
07-28 02:48:04.096  5060  5955 D ResidenceLocSm: onPreHandleMessage 49
07-28 02:48:04.096  5060  5955 D ResidenceLocSm: onPostHandleMessage 49
07-28 02:48:04.096  4902  5193 D SimStateHelper: slot:0, lock state:Bundle[mParcelledData.dataSize=56]
07-28 02:48:04.096  4902  5193 D SimStateHelper: slot:1, lock state:Bundle[mParcelledData.dataSize=56]
07-28 02:48:04.096  4902  5193 D SimStateHelper: needDisableMenu: slot1State=-1; slot2State=-1
07-28 02:48:04.096  4902  5193 D SimStateHelper: needDisableMenu:false
07-28 02:48:04.098  1866  1908 W android.hardware.wifi-service: No active wlan interfaces in use! Using default
07-28 02:48:04.098  3419  5044 W SensorService: SensorEventConnection sensor handle=1362, package = com.oplus.nas.comm.event.ElevatorEvent enable
07-28 02:48:04.098  5160  5160 I QImsService: OplusWifiApmStateMgr : ACTION_AIRPLANE_MODE_CHANGED,mIsAirplaneModeOn: false
07-28 02:48:04.098  3419  5044 E SensorService: Required app com.oplus.nas.comm.event.ElevatorEvent, uid 1000, pid 5060
07-28 02:48:04.098  5160  5160 I QImsService: OplusImsServiceSubImpl : onTurnOffImsAfterWifiChanged : false
07-28 02:48:04.098  5160  5160 I QImsService: OplusImsServiceSubImpl : onTurnOffImsAfterWifiChanged : false
07-28 02:48:04.098  5074  5074 D NhsElevatorReceiver: enableElevatorDetect mIsElevSensorReg = false
07-28 02:48:04.098  5074  5074 V SystemSensorManagerExtImpl: RegisterListener elevator_detect  Wakeup type:33171036 delay:200000us by t0.g$b@867706 from com.oplus.nhs
07-28 02:48:04.098  3419  5044 D SensorService: Calling batch handle==1362 flags=0rate=200000000 timeout== 0
07-28 02:48:04.098  3419  5044 D SensorService: SensorDevice::batch: ident=0xb40000715204c100, handle=0x00000552, flags=0, period_ns=200000000 timeout=0
07-28 02:48:04.098  3419  5044 D SensorService: 	>>> actuating h/w BATCH 0x00000552 200000000 0
07-28 02:48:04.098  3419  4851 D SensorService: createSensorEventConnection packageName = t0.g, opPackageName = com.oplus.nhs, mCurrentOperatingMode = 0, requestedMode = 0
07-28 02:48:04.098  1862  1862 I sensors-hal: batch:153, qti.sensor.elevator_detect/1362, period=200000000, max_latency=0
07-28 02:48:04.098  1862  1862 I sensors-hal: batch:175, qti.sensor.elevator_detect/1362, period=200000000, max_latency=0 request completed
07-28 02:48:04.098  3419  5044 D SensorService: Calling activate on 1362
07-28 02:48:04.098  3419  5044 D SensorService: SensorDevice::activate: ident=0xb40000715204c100, handle=0x00000552, enabled=1, count=1
07-28 02:48:04.098  3419  5044 D SensorService: enable index=0
07-28 02:48:04.099  3419  5044 D SensorService: info.numActiveClients() = 1, info.isActive = 0
07-28 02:48:04.099  3419  5044 D SensorService: activateHardware = 1
07-28 02:48:04.099  3419  5044 D SensorService: 	>>> actuating h/w activate handle=1362 enabled=1
07-28 02:48:04.099  1862  1862 I sensors-hal: activate:112, qti.sensor.elevator_detect/1362 en=1
07-28 02:48:04.099  1862  1862 I sensors-hal: acquire_qsh_interface:131, acquire_qsh_interface with sensor_id 28 , conn_type 2 
07-28 02:48:04.099  3419  4537 D OplusWifiConcurrentManager: isConcurrentCombinationAllowed : createMode= 0, requestType =-1
07-28 02:48:04.099  3419  4537 I HalDevMgr: currentModeId=3, requestModeId=3, currentModeIdValid=true
07-28 02:48:04.099  1866  1908 D WifiHAL : wifi_set_interface_mode: ifname=wlan0 iface_type=0
07-28 02:48:04.100  1866  1908 I android.hardware.wifi-service: Adding interface handle for wlan0
07-28 02:48:04.100  1866  1908 I android.hardware.wifi-service: Adding interface handle for wifi-aware0
07-28 02:48:04.100  1866  1908 I android.hardware.wifi-service: Adding interface handle for p2p0
07-28 02:48:04.100  1838  2073 E minksocket: MinkIPC ERROR: ( 1838:2073 ) MinkIPC_preProcess:272 Client down, but cannot find corresponding minksession
07-28 02:48:04.100  1838  2059 E minksocket: MinkIPC ERROR: ( 1838:2059 ) MinkIPC_preProcess:272 Client down, but cannot find corresponding minksession
07-28 02:48:04.101  3419  4537 D HalDevMgr: updateRttController: no one is interested in RTT controllers
07-28 02:48:04.101  3419  4537 E HalDevMgr: removeP2pAndSapCombination do nothing: mIsAddedP2pAndSapCombination = false
07-28 02:48:04.101  1866  1866 W android.hardware.wifi-service: AIBinder_linkToDeath is being called with a non-null cookie and no onUnlink callback set. This might not be intended. AIBinder_DeathRecipient_setOnUnlinked should be called first.
07-28 02:48:04.101  1866  1866 I android.hardware.wifi-service: twtRegisterEvents is not supported-3
07-28 02:48:04.102  1838  2059 E minksocket: MinkIPC ERROR: ( 1838:2059 ) MinkIPC_preProcess:272 Client down, but cannot find corresponding minksession
07-28 02:48:04.102  1866  1866 W android.hardware.wifi-service: AIBinder_linkToDeath is being called with a non-null cookie and no onUnlink callback set. This might not be intended. AIBinder_DeathRecipient_setOnUnlinked should be called first.
07-28 02:48:04.102  1838  2073 E minksocket: MinkIPC ERROR: ( 1838:2073 ) MinkIPC_preProcess:272 Client down, but cannot find corresponding minksession
07-28 02:48:04.102  1866  1866 D WifiHAL : wifi_get_chip_capabilities: max mlo assoc link cnt: 2 str link cnt 2
07-28 02:48:04.103  3419  4537 D WifiNl80211Manager: Setting up interface for client mode: wlan0
07-28 02:48:04.103  2779  2779 I wificond: Current driver country code US
07-28 02:48:04.103  3419  5478 D WifiNl80211Manager: OnRegDomainChanged US
07-28 02:48:04.103  2779  2779 I wificond: createClientInterface: wiphy_index 0 iface_name wlan0
07-28 02:48:04.103  3419  5478 D WifiNative: onCountryCodeChanged: US
07-28 02:48:04.103  3419  5478 I WifiCountryCode: Receive onDriverCountryCodeChanged US
07-28 02:48:04.103  1838  2073 E minksocket: MinkIPC ERROR: ( 1838:2073 ) MinkIPC_preProcess:272 Client down, but cannot find corresponding minksession
07-28 02:48:04.103  1862  1862 I sensors-hal: qsh_qmi:34, qsh_qmi
07-28 02:48:04.103  1838  2059 E minksocket: MinkIPC ERROR: ( 1838:2059 ) MinkIPC_preProcess:272 Client down, but cannot find corresponding minksession
07-28 02:48:04.103  2779  2779 I wificond: create scanner for interface with index: 27
07-28 02:48:04.103  2779  2779 I wificond: subscribe scan result for interface with index: 27
07-28 02:48:04.104  3419  5478 D WifiScanRequestProxy: Sending scan available broadcast: true
07-28 02:48:04.104  1862  1862 I sensors-hal: send_sync_sensor_request:443, send sync request
07-28 02:48:04.104  1862  1862 I sensors-hal: send_sync_sensor_request:472, wait for notification of response
07-28 02:48:04.104  2779  2779 I wificond: add channel type 0 support at wiphy index: 0
07-28 02:48:04.104  2779  2779 I wificond: add channel type 1 support at wiphy index: 0
07-28 02:48:04.104  3419  5478 I WifiScanRequestProxy: Scanning is enabled
07-28 02:48:04.104  3419  5478 I WifiScanRequestProxy: Scanning for hidden networks is disabled
07-28 02:48:04.104  1838  2073 E minksocket: MinkIPC ERROR: ( 1838:2073 ) MinkIPC_preProcess:272 Client down, but cannot find corresponding minksession
07-28 02:48:04.104  1838  2059 E minksocket: MinkIPC ERROR: ( 1838:2059 ) MinkIPC_preProcess:272 Client down, but cannot find corresponding minksession
07-28 02:48:04.105  3419  4541 I WifiScanningService: Received a request to enable scanning, UID = 1000
07-28 02:48:04.105  3419  3419 D OplusWifiBroadCastDispatcher: mBroadcastReceiver: onReceiver  action=android.net.wifi.action.WIFI_SCAN_AVAILABILITY_CHANGED
07-28 02:48:04.105  3419  4655 D OplusWifiPower_ConnLpmEventObsever: onReceive EXTRA_SCAN_AVAILABLE availabe = true
07-28 02:48:04.105  3419  4655 D OplusWifiPowerService: onReceive action:android.net.wifi.action.WIFI_SCAN_AVAILABILITY_CHANGED
07-28 02:48:04.105  3419  4655 D OplusWifiSwitchStateMonitor: scan settings change to true
07-28 02:48:04.105  5273  5273 D RadioProxyJ: [PHONE0][90]> getNecData moduleId:1 evtId:[0, 16, 0, 0, 0, 0, 0, 0, 0, 0, 0, 0, 0, 0, 0, 0, 0, 0, 0, 0, 0, 0, 0, 0, 0, 0, 0, 0, 0, 0, 0, 0]
07-28 02:48:04.106  7093  7093 I OsAgent : onReceive: android.net.wifi.action.WIFI_SCAN_AVAILABILITY_CHANGED
07-28 02:48:04.106  1862 13047 I sensors-hal: qsh_conn_resp_cb:793, resp_value = 0 for elevator_detect 
07-28 02:48:04.106  3486  3499 D QmiVsClient: getNecData - enter
07-28 02:48:04.106  3486  3499 E QmiVsClient: sendAsyncRequest QMI_VS_GET_NEC_DATA_REQ_MSG_V01 ret 0
07-28 02:48:04.106  1862  1862 I sensors-hal: send_sync_sensor_request:478, takes 1 ms to receive the response with 0
07-28 02:48:04.106  1862  1862 I sensors-hal: activate:131, qti.sensor.elevator_detect/1362 en=1 completed
07-28 02:48:04.106  3419  4537 I WifiNative: Interface state changed on Iface:{Name=wlan0,Id=1,Type=STA_SCAN}, isUp=true
07-28 02:48:04.106  7093  7916 I OsAgent : updateWiFiScanAvailState, scanAvailable: true
07-28 02:48:04.106  3419  5044 D SensorService: 0xb40000715204c100 addFd fd=917
07-28 02:48:04.106  1866  1866 I WifiHAL : mpdu_size_threshold : 128, aggressive_statistics_gathering : 0
07-28 02:48:04.106  7093  7916 D OsAgentAidlClient: [bool_dataitem_update][1570] [HC] =>> [HS]
07-28 02:48:04.106  3419  4537 I WifiNative: Successfully setup Iface:{Name=wlan0,Id=1,Type=STA_SCAN}
07-28 02:48:04.106  5060  5965 D ElevatorEvent: elevator:registerForElevatorDetect  , true mIsElevSensorReg = true
07-28 02:48:04.106  5060  5965 D SceneEvent: registerSensorMgr start
07-28 02:48:04.106  3419  4537 E SupplicantStaIfaceHalAidlImpl: Can't call getKeyMgmtCapabilities, ISupplicantStaIface is null for iface=wlan0
07-28 02:48:04.106  5060  5965 D SceneEvent: registerSensorMgr already start,return
07-28 02:48:04.106  1856  1907 I LocSvc_SystemStatusOsObserver: sendCachedDataItems:471] DataItem: IS_WIFI_HARDWARE_ON: true >> Wiper
07-28 02:48:04.107  1856  1930 I LocSvc_api_v02: ---> locClientSendReq line 2409 QMI_LOC_NOTIFY_WIFI_ENABLED_STATUS_REQ_V02
07-28 02:48:04.107  3419  4851 W SensorService: SensorEventConnection sensor handle=1362, package = t0.g enable
07-28 02:48:04.107  3419  4851 E SensorService: Required app t0.g, uid 1001, pid 5074
07-28 02:48:04.107  3419  4851 D SensorService: Calling batch handle==1362 flags=0rate=200000000 timeout== 0
07-28 02:48:04.107  3419  4851 D SensorService: SensorDevice::batch: ident=0xb4000072748f2140, handle=0x00000552, flags=0, period_ns=200000000 timeout=0
07-28 02:48:04.107  3419  4851 D SensorService: Calling activate on 1362
07-28 02:48:04.107  3419  4851 D SensorService: SensorDevice::activate: ident=0xb4000072748f2140, handle=0x00000552, enabled=1, count=2
07-28 02:48:04.107  3419  4851 D SensorService: enable index=1
07-28 02:48:04.107  3419  4851 D SensorService: info.numActiveClients() = 2, info.isActive = 1
07-28 02:48:04.107  3419  4851 D SensorService: activateHardware = 0
07-28 02:48:04.107  3419  4851 D SensorService: 0xb4000072748f2140 addFd fd=931
07-28 02:48:04.107  5074  5074 D NhsElevatorReceiver: elevator:registerForElevatorDetect  , true mIsElevSensorReg = true
07-28 02:48:04.107  5074  5074 D NhsSceneReceiver: registerSensorMgr start
07-28 02:48:04.107  5074  5074 V SystemSensorManagerExtImpl: RegisterListener oplus_activity_recognition  Wakeup type:33171037 delay:200000us by t0.k$a@628b1c7 from com.oplus.nhs
07-28 02:48:04.107  3419  5617 D SensorService: createSensorEventConnection packageName = t0.k, opPackageName = com.oplus.nhs, mCurrentOperatingMode = 0, requestedMode = 0
07-28 02:48:04.108  3419  5617 W SensorService: SensorEventConnection sensor handle=1372, package = t0.k enable
07-28 02:48:04.108  3419  5617 E SensorService: Required app t0.k, uid 1001, pid 5074
07-28 02:48:04.108  3419  5617 D SensorService: enable sensor send lastEvent 1372
07-28 02:48:04.108  1866  1908 I WifiHAL : wifi_get_supported_radio_combinations_matrix: enter
07-28 02:48:04.108  3419  5044 W BestClock: java.time.DateTimeException: Missing network time fix
07-28 02:48:04.108  1866  1908 I WifiHAL : wifi_parse_radio_combinations_matrix: radio_combinations[1]: num_radio_configurations 1
07-28 02:48:04.108  1866  1908 I WifiHAL : wifi_parse_radio_combinations_matrix: radio_combinations[2]: num_radio_configurations 1
07-28 02:48:04.108  1866  1908 I WifiHAL : wifi_parse_radio_combinations_matrix: radio_combinations[3]: num_radio_configurations 1
07-28 02:48:04.108  1866  1908 I WifiHAL : wifi_parse_radio_combinations_matrix: radio_combinations[4]: num_radio_configurations 2
07-28 02:48:04.108  1866  1908 I WifiHAL : wifi_parse_radio_combinations_matrix: radio_combinations[5]: num_radio_configurations 2
07-28 02:48:04.108  1866  1908 I WifiHAL : wifi_parse_radio_combinations_matrix: radio_combinations[6]: num_radio_configurations 2
07-28 02:48:04.108  1866  1908 I WifiHAL : wifi_parse_radio_combinations_matrix: num_radio_combinations 6, radio_matrix_size 100
07-28 02:48:04.108  3419  4537 E SupplicantStaIfaceHalAidlImpl: Can't call getWpaDriverCapabilities, ISupplicantStaIface is null for iface=wlan0
07-28 02:48:04.108  1736  1790 E TetherController: property_get sys.radio.data.modem_share_flag return 0, 1!
07-28 02:48:04.108  3419  5617 D SensorService: Calling batch handle==1372 flags=0rate=200000000 timeout== 0
07-28 02:48:04.108  3419  5617 D SensorService: SensorDevice::batch: ident=0xb40000715204af80, handle=0x0000055c, flags=0, period_ns=200000000 timeout=0
07-28 02:48:04.108  3419  5617 D SensorService: Calling activate on 1372
07-28 02:48:04.108  3419  5617 D SensorService: SensorDevice::activate: ident=0xb40000715204af80, handle=0x0000055c, enabled=1, count=4
07-28 02:48:04.108  3419  5617 D SensorService: enable index=0
07-28 02:48:04.108  3419  5617 D SensorService: info.numActiveClients() = 4, info.isActive = 1
07-28 02:48:04.108  3419  5617 D SensorService: activateHardware = 0
07-28 02:48:04.108  3419  5617 D SensorService: 0xb40000715204af80 addFd fd=932
07-28 02:48:04.108  3419  4537 E WifiStaIfaceAidlImpl: getTwtCapabilities failed with service-specific exception: android.os.ServiceSpecificException:  (code 4)
07-28 02:48:04.108  5074  5074 D NhsSceneReceiver: sensor name is oplus_activity_recognition  Wakeup, registerState:true
07-28 02:48:04.108  5074  5074 D NhsSceneReceiver: onAccuracyChanged
07-28 02:48:04.109  5074  5074 E NhsAppRILMsger: EVENT_REQ_EVENT_DONE Error received :com.android.internal.telephony.CommandException: RADIO_NOT_AVAILABLE
07-28 02:48:04.109  5074  5604 D NhsSceneReceiver: onSensorChanged: name = oplus_activity_recognition  Wakeup
07-28 02:48:04.109  5074  5604 D NhsSceneReceiver: enter still_state
07-28 02:48:04.109  3419  4537 E WifiChipAidlImpl: enableStaChannelForPeerNetwork failed with service-specific exception: android.os.ServiceSpecificException:  (code 4)
07-28 02:48:04.109  3419  4537 D WifiNative: setWifiNativeInterfaceEventCallback
07-28 02:48:04.109  3419  4537 D WifiClientModeManager[59778:wlan0]: entering StartedState
07-28 02:48:04.109  1866  1908 E WifiHAL : wifi_get_gscan_capabilities: GSCAN is not supported by driver
07-28 02:48:04.109  3419  4541 E WifiStaIfaceAidlImpl: getBackgroundScanCapabilities failed with service-specific exception: android.os.ServiceSpecificException:  (code 4)
07-28 02:48:04.109  3419  5044 W BestClock: java.time.DateTimeException: Missing network time fix
07-28 02:48:04.109  3419  4537 D WifiClientModeManager[59778:wlan0]: entering ScanOnlyModeState
07-28 02:48:04.109  3419  4537 D WifiScanRequestProxy: Sending scan available broadcast: true
07-28 02:48:04.109  3419  4537 I WifiScanRequestProxy: Scanning is enabled
07-28 02:48:04.109  3419  4537 I WifiScanRequestProxy: Scanning for hidden networks is disabled
07-28 02:48:04.110  1866  1908 D WifiHAL : wifi_multi_sta_set_use_case: 0
07-28 02:48:04.110  3419  4537 D WifiCountryCode: evaluateAllCmmStateAndApplyIfAllReady: {ConcreteClientModeManager{id=59778 iface=wlan0 role=ROLE_CLIENT_SCAN_ONLY}=true}
07-28 02:48:04.110  3419  4537 D WifiCountryCode: Reading country code from telephony
07-28 02:48:04.110  3419  4537 D WifiCountryCode: Set telephony country code to: 
07-28 02:48:04.110  3419  4537 D WifiCountryCode: updateCountryCode to US
07-28 02:48:04.110  3419  4537 D WifiCountryCode: setCountryCodeNative: US, isClientModeOnly: true mDriverCountryCode: US
07-28 02:48:04.110  3419  5044 W BestClock: java.time.DateTimeException: Missing network time fix
07-28 02:48:04.111  3419  4541 I WifiScanningService: Created a new impl for wlan0
07-28 02:48:04.111  3419  3419 D OplusWifiBroadCastDispatcher: mBroadcastReceiver: onReceiver  action=android.net.wifi.action.WIFI_SCAN_AVAILABILITY_CHANGED
07-28 02:48:04.111  3419  4541 I WifiScanningService: Received a request to enable scanning, UID = 1000
07-28 02:48:04.111  3419  4541 I WifiScanningService: scanner impls already exists
07-28 02:48:04.111  3419  4655 D OplusWifiPower_ConnLpmEventObsever: onReceive EXTRA_SCAN_AVAILABLE availabe = true
07-28 02:48:04.111  3419  4655 D OplusWifiPowerService: onReceive action:android.net.wifi.action.WIFI_SCAN_AVAILABILITY_CHANGED
07-28 02:48:04.111  3419  4655 D OplusWifiSwitchStateMonitor: scan settings change to true
07-28 02:48:04.111  3419  4541 I WifiScanningService: wifi driver loaded with scan capabilities: max buckets=16
07-28 02:48:04.111  3419  4541 E WifiScanningService: wifi driver loaded received while already loaded
07-28 02:48:04.111  7093  7093 I OsAgent : onReceive: android.net.wifi.action.WIFI_SCAN_AVAILABILITY_CHANGED
07-28 02:48:04.111  7093  7916 I OsAgent : updateWiFiScanAvailState, scanAvailable: true
07-28 02:48:04.112  5060  5958 W BestClock: java.time.DateTimeException: Missing network time fix
07-28 02:48:04.112  5060  5958 V MonthTrafficAlert: getWarningNotification subId:1 numWarningNotificaion:0
07-28 02:48:04.114  3419  5617 W BestClock: java.time.DateTimeException: Missing network time fix
07-28 02:48:04.114  3486  3968 D QmiVsClient: getNecData callback - enter
07-28 02:48:04.114  1856  4033 I LocSvc_ApiV02: <--- globalRespCb line 282 QMI_LOC_NOTIFY_WIFI_ENABLED_STATUS_REQ_V02
07-28 02:48:04.114  3486  3499 D VsProxy : handleMessage msg is 4001
07-28 02:48:04.114  3486  3499 D RadioProxy: getNecData : response cb for instance 0
07-28 02:48:04.115  5273  6469 D RadioProxyJ: [PHONE0][90]< getNecDataResponse ******
07-28 02:48:04.115  5273  5273 D MessengerResponseHandler: handleMessage Response msgid 206
07-28 02:48:04.115  4902  5665 V OplusCustomizeCacheManager: queryCache name: sys.cache.common_customize_cache18014 param: null
07-28 02:48:04.115  4902  5665 V OplusCustomizeCacheManager: queryCache name: sys.cache.common_customize_cache18017 param: Bundle[{SETTING=BLOCK, BUSINESS=NCT-DATA}]
07-28 02:48:04.115  4902  5665 V OplusCustomizeCacheManager: queryCache name: sys.cache.common_customize_cache18013 param: null
07-28 02:48:04.117  3419  5617 W BestClock: java.time.DateTimeException: Missing network time fix
07-28 02:48:04.118  3419  5617 W BestClock: java.time.DateTimeException: Missing network time fix
07-28 02:48:04.119  4902  5665 V OplusCustomizeCacheManager: queryCache name: sys.cache.common_customize_cache18014 param: null
07-28 02:48:04.119  4902  5665 V OplusCustomizeCacheManager: queryCache name: sys.cache.common_customize_cache18017 param: Bundle[{SETTING=BLOCK, BUSINESS=NCT-DATA}]
07-28 02:48:04.119  4902  5665 V OplusCustomizeCacheManager: queryCache name: sys.cache.common_customize_cache18013 param: null
07-28 02:48:04.119  2007  2092 D BatteryChargeControl: bcc get no support from charging protocol
07-28 02:48:04.121  1862  7555 I sensors-hal: qsh_conn_event_cb:756, event[0] msg_id=1025, ts=1230492825, sensor_type = oplus_activity_recognition  Wakeup
07-28 02:48:04.121  1862  7555 E sensors-hal: handle_sns_std_sensor_event:72, oplus_activity_recognition output: count: 1.000000, index: 1.000000, incar_state: 0.000000, actvity_mode: 3.000000, delta_time: 0.000000 !
07-28 02:48:04.121  3419  5617 W BestClock: java.time.DateTimeException: Missing network time fix
07-28 02:48:04.121  5074  5604 D NhsSceneReceiver: onSensorChanged: name = oplus_activity_recognition  Wakeup
07-28 02:48:04.121  5060  5480 D SceneEvent: onSensorChanged: name = oplus_activity_recognition  Wakeup
07-28 02:48:04.122  2007  7357 D charge_time: type=sdp,reserve_soc=2,soc=44,ui_soc=46,current=146,avg=138,not_chg_cnt=0,stable_cnt=7,fcc=5724,fcc_ratio=94,delta=44,debug=0,region=17,ttf=38406(10:40:06),ui_ttf=21911(06:05:11)
07-28 02:48:04.122  3419  5617 W BestClock: java.time.DateTimeException: Missing network time fix
07-28 02:48:04.123  4902  5665 V OplusCustomizeCacheManager: queryCache name: sys.cache.common_customize_cache18014 param: null
07-28 02:48:04.123  4902  5665 V OplusCustomizeCacheManager: queryCache name: sys.cache.common_customize_cache18017 param: Bundle[{SETTING=BLOCK, BUSINESS=NCT-DATA}]
07-28 02:48:04.123  4902  5665 V OplusCustomizeCacheManager: queryCache name: sys.cache.common_customize_cache18013 param: null
07-28 02:48:04.127  6412  6412 I wpa_supplicant: p2p0: CTRL-EVENT-REGDOM-CHANGE init=DRIVER type=COUNTRY alpha2=US
07-28 02:48:04.128  2779  2779 I wificond: Regulatory domain changed to country: US on wiphy_index: 0
07-28 02:48:04.128  2779  2779 I wificond: UpdateBandInfo
07-28 02:48:04.128  3419  5044 D WifiNl80211Manager: OnRegDomainChanged US
07-28 02:48:04.128  5223  6293 D IWlanJni: getDataRegistrationState start
07-28 02:48:04.128  3419  5044 D WifiNative: onCountryCodeChanged: US
07-28 02:48:04.128  3419  5044 I WifiCountryCode: Receive onDriverCountryCodeChanged US
07-28 02:48:04.128  3419  5044 D WifiScanRequestProxy: Sending scan available broadcast: true
07-28 02:48:04.128  3419  5044 I WifiScanRequestProxy: Scanning is enabled
07-28 02:48:04.128  3419  5044 I WifiScanRequestProxy: Scanning for hidden networks is disabled
07-28 02:48:04.128  3419  4541 I WifiScanningService: Received a request to enable scanning, UID = 1000
07-28 02:48:04.128  3419  4541 I WifiScanningService: scanner impls already exists
07-28 02:48:04.128  3419  4541 E WifiScanningService: wifi driver loaded received while already loaded
07-28 02:48:04.128  2779  2779 I wificond: 2.4Ghz frequencies: 2412 2417 2422 2427 2432 2437 2442 2447 2452 2457 2462
07-28 02:48:04.128  2779  2779 I wificond: 5Ghz non-DFS frequencies: 5180 5200 5220 5240 5745 5765 5785 5805 5825
07-28 02:48:04.128  2779  2779 I wificond: 5Ghz DFS frequencies: 5260 5280 5300 5320 5500 5520 5540 5560 5580 5600 5620 5640 5660 5680 5700
07-28 02:48:04.128  2779  2779 I wificond: 6Ghz frequencies:
07-28 02:48:04.128  2779  2779 I wificond: 60Ghz frequencies:
07-28 02:48:04.129  5223  6293 D IWlanJni: getDataRegistrationState start
07-28 02:48:04.129  1856  3717 E LOCRIL_SESSION: operator():200] SubId: 1 Failed to get sim IO with error: 11
07-28 02:48:04.129  5223  6302 D IWlanJni: new aidl event arrived
07-28 02:48:04.129  5223  6302 D IWlanJni: handleEvent 10
07-28 02:48:04.129  5223  6302 D IWlanJni: isThreadAttached start
07-28 02:48:04.129  5223  6302 D IWlanJni: jni detached
07-28 02:48:04.129  5223  6302 D IWlanJni: jni attached
07-28 02:48:04.129  5223  6302 D IWlanJni: getDataRegistrationStateResponse start
07-28 02:48:04.129  5223  6302 D IWlanJni: getJavaCallbackClass start
07-28 02:48:04.129  5223  6302 D IWlanJni: getJavaCallbackClass End midIs[1]
07-28 02:48:04.129  5223  6302 I IWlanAidlClient: getDataRegistrationStateResponse called
07-28 02:48:04.130  5223  6301 W IWlanNetworkService: 6 > Response Processed
07-28 02:48:04.130  5223  6305 D IWlanJni: new aidl event arrived
07-28 02:48:04.130  5223  6305 D IWlanJni: handleEvent 10
07-28 02:48:04.130  5223  6305 D IWlanJni: isThreadAttached start
07-28 02:48:04.130  5223  6305 D IWlanJni: jni detached
07-28 02:48:04.130  5223  6305 D IWlanJni: jni attached
07-28 02:48:04.130  5223  6305 D IWlanJni: getDataRegistrationStateResponse start
07-28 02:48:04.130  5223  6305 D IWlanJni: getJavaCallbackClass start
07-28 02:48:04.130  5223  6305 D IWlanJni: getJavaCallbackClass End midIs[1]
07-28 02:48:04.130  5223  6305 I IWlanAidlClient: getDataRegistrationStateResponse called
07-28 02:48:04.130  7093  7093 I OsAgent : onReceive: android.net.wifi.action.WIFI_SCAN_AVAILABILITY_CHANGED
07-28 02:48:04.130  5223  6304 W IWlanNetworkService: 7 > Response Processed
07-28 02:48:04.130  3419  3419 D OplusWifiBroadCastDispatcher: mBroadcastReceiver: onReceiver  action=android.net.wifi.action.WIFI_SCAN_AVAILABILITY_CHANGED
07-28 02:48:04.130  3419  4655 D OplusWifiPower_ConnLpmEventObsever: onReceive EXTRA_SCAN_AVAILABLE availabe = true
07-28 02:48:04.131  7093  7916 I OsAgent : updateWiFiScanAvailState, scanAvailable: true
07-28 02:48:04.131  3419  4655 D OplusWifiPowerService: onReceive action:android.net.wifi.action.WIFI_SCAN_AVAILABILITY_CHANGED
07-28 02:48:04.131  3419  4655 D OplusWifiSwitchStateMonitor: scan settings change to true
07-28 02:48:04.131  5273  6469 D VendorTelephonyService: onTelephonyEventReport slotId =0 eventId=6030
07-28 02:48:04.131  1856  3717 E LOCRIL_SESSION: operator():241] SubId: 1 Failed to get sim IMSI with error: 11
07-28 02:48:04.131  5273  6469 D VendorTelephonyService: onTelephonyEventReport slotId =0 eventId=6030
07-28 02:48:04.132  1856  3717 E LOCRIL_SESSION: operator():200] SubId: 1 Failed to get sim IO with error: 11
07-28 02:48:04.132  5223  6293 D IWlanJni: getDataRegistrationState start
07-28 02:48:04.132  5060  5103 D SaDataService: onTelephonyEventReport , subId= 0,slotId=-1 eventId=6030
07-28 02:48:04.132  5060  5103 D TelephonyImpl: notify eventId:6030 for list size:2
07-28 02:48:04.133  3419  4851 I OplusBinderProxy: pb uid: 10215 pid: 10960 desc: com.android.internal.telephony.IPhoneStateListener/10
07-28 02:48:04.133  5273  5273 D VendorCallService: notityEventUpdate, eventId:6030, slotId = 0
07-28 02:48:04.133  1856  3715 W LOCRIL_SESSION: operator():307] cellInfo list size is 0, Voice state: 3, data state: 3
07-28 02:48:04.133  5273  5273 D SubsysEventListenerManager-SubsysTelephonyCallback[0]: onSignalStrengthsChanged
07-28 02:48:04.134  5223  6305 D IWlanJni: new aidl event arrived
07-28 02:48:04.134  5223  6305 D IWlanJni: handleEvent 10
07-28 02:48:04.134  5223  6305 D IWlanJni: isThreadAttached start
07-28 02:48:04.134  5223  6305 D IWlanJni: jni detached
07-28 02:48:04.134  5223  6305 D IWlanJni: jni attached
07-28 02:48:04.134  5223  6305 D IWlanJni: getDataRegistrationStateResponse start
07-28 02:48:04.134  5223  6305 D IWlanJni: getJavaCallbackClass start
07-28 02:48:04.134  5223  6305 D IWlanJni: getJavaCallbackClass End midIs[1]
07-28 02:48:04.134  5223  6305 I IWlanAidlClient: getDataRegistrationStateResponse called
07-28 02:48:04.135  5223  6304 W IWlanNetworkService: 8 > Response Processed
07-28 02:48:04.135  1856  3717 E LOCRIL_SESSION: operator():241] SubId: 1 Failed to get sim IMSI with error: 11
07-28 02:48:04.136  4974  4974 D OplusTelephonyController: onSignalStrengthChanged: SignalStrength=SignalStrength:{mCdma=CellSignalStrengthCdma: cdmaDbm=2147483647 cdmaEcio=2147483647 evdoDbm=2147483647 evdoEcio=2147483647 evdoSnr=2147483647 level=0,mGsm=CellSignalStrengthGsm: rssi=2147483647 ber=2147483647 mTa=2147483647 mLevel=0,mWcdma=CellSignalStrengthWcdma: ss=2147483647 ber=2147483647 rscp=2147483647 ecno=2147483647 level=0,mTdscdma=CellSignalStrengthTdscdma: rssi=2147483647 ber=2147483647 rscp=2147483647 level=0,mLte=CellSignalStrengthLte: rssi=2147483647 rsrp=2147483647 rsrq=2147483647 rssnr=2147483647 cqiTableIndex=2147483647 cqi=2147483647 ta=2147483647 level=0 parametersUseForLevel=0,mNr=CellSignalStrengthNr:{ csiRsrp = 2147483647 csiRsrq = 2147483647 csiCqiTableIndex = 2147483647 csiCqiReport = [] ssRsrp = 2147483647 ssRsrq = 2147483647 ssSinr = 2147483647 level = 0 parametersUseForLevel = 0 timingAdvance = 2147483647 },primary=CellSignalStrengthLte}
07-28 02:48:04.137  5060  6477 D SaDataService: onTelephonyEventReport , subId= 0,slotId=-1 eventId=6030
07-28 02:48:04.137  5060  6477 D TelephonyImpl: notify eventId:6030 for list size:2
07-28 02:48:04.137  5273  6468 D VendorTelephonyService: onTelephonyEventReport slotId =0 eventId=6030
07-28 02:48:04.137  5273  6468 D VendorTelephonyService: onTelephonyEventReport slotId =0 eventId=6030
07-28 02:48:04.137  5045  8155 D QtiOemHookAidl: oemHookRawIndication length=24
07-28 02:48:04.138  5045  5045 D QcrilMsgTunnelIfaceManager: handleMessage what = 0
07-28 02:48:04.138  5045  8155 D QtiOemHookAidl: oemHookRawIndication length=24
07-28 02:48:04.139  5160  5192 I QImsService: ImsRadioIndicationAidl : onRadioStateChanged()[SUB0]
07-28 02:48:04.139  5160  5192 I QImsService: ImsSenderRxr : [UNSL]< UNSOL_RADIO_STATE_CHANGED RADIO_ON[SUB0]
07-28 02:48:04.140  5045  5045 D QcrilMsgTunnelIfaceManager: handleMessage what = 0
07-28 02:48:04.140  5273  5273 D VendorCallService: notityEventUpdate, eventId:6030, slotId = 0
07-28 02:48:04.140  5160  6078 I QImsService: ImsRadioIndicationAidl : onRadioStateChanged()[SUB1]
07-28 02:48:04.140  5160  6078 I QImsService: ImsSenderRxr : [UNSL]< UNSOL_RADIO_STATE_CHANGED RADIO_ON[SUB1]
07-28 02:48:04.141  5045  5045 D QC_RIL_OEM_HOOK: Received Broadcast Intent ACTION_UNSOL_RESPONSE_OEM_HOOK_RAW
07-28 02:48:04.141  4902  5080 I SystemUi--Statusbar: NetworkController.WifiSignalController-->wifi Broadcast action = android.telephony.action.SERVICE_PROVIDERS_UPDATED state=1 enabled=false connected=false isDefaultNetwork=false rssi=0 level=0 statusLabel = null isDirty = false
07-28 02:48:04.141  4902  5193 I SystemUi--QuickSettings: Tile.OplusCellularTile-->updateCarrierText: dialog not showing, ignore
07-28 02:48:04.141  4902  5193 D SimStateHelper: slot:0, lock state:Bundle[mParcelledData.dataSize=56]
07-28 02:48:04.141  4902  5193 D SimStateHelper: slot:1, lock state:Bundle[mParcelledData.dataSize=56]
07-28 02:48:04.141  4902  5193 D SimStateHelper: needDisableMenu: slot1State=-1; slot2State=-1
07-28 02:48:04.141  4902  5193 D SimStateHelper: needDisableMenu:false
07-28 02:48:04.141  5045  5045 D QC_RIL_OEM_HOOK: Received Broadcast Intent ACTION_UNSOL_RESPONSE_OEM_HOOK_RAW
07-28 02:48:04.142  1992  1992 E PowerMonitorService: Failed to open /proc/horae_qmi (2): No such file or directory
07-28 02:48:04.144  1856  3715 W LOCRIL_SESSION: operator():307] cellInfo list size is 0, Voice state: 3, data state: 3
07-28 02:48:04.144  1856  3717 E LOCRIL_SESSION: operator():200] SubId: 1 Failed to get sim IO with error: 11
07-28 02:48:04.144  1856  3717 E LOCRIL_SESSION: operator():241] SubId: 1 Failed to get sim IMSI with error: 11
07-28 02:48:04.145  5273  6468 D VendorTelephonyService: onTelephonyEventReport slotId =0 eventId=6030
07-28 02:48:04.145  5273  6468 D VendorTelephonyService: onTelephonyEventReport slotId =0 eventId=6030
07-28 02:48:04.145  5060  6477 D SaDataService: onTelephonyEventReport , subId= 0,slotId=-1 eventId=6030
07-28 02:48:04.145  5060  6477 D TelephonyImpl: notify eventId:6030 for list size:2
07-28 02:48:04.145  5273  5273 D VendorCallService: notityEventUpdate, eventId:6030, slotId = 0
07-28 02:48:04.147  3419  5617 W ContextImpl: Calling a method in the system process without a qualified user: android.app.ContextImpl.sendBroadcastMultiplePermissions:1311 android.content.Context.sendBroadcastMultiplePermissions:2524 com.android.server.TelephonyRegistry.broadcastServiceStateChanged:3740 com.android.server.TelephonyRegistry.notifyServiceStateForPhoneId:1787 com.android.internal.telephony.ITelephonyRegistry$Stub.onTransact:546 
07-28 02:48:04.148  3419  5478 W BestClock: java.time.DateTimeException: Missing network time fix
07-28 02:48:04.149  3419  5617 W ContextImpl: Calling a method in the system process without a qualified user: android.app.ContextImpl.sendBroadcastMultiplePermissions:1344 com.android.server.TelephonyRegistry.broadcastServiceStateChanged:3745 com.android.server.TelephonyRegistry.notifyServiceStateForPhoneId:1787 com.android.internal.telephony.ITelephonyRegistry$Stub.onTransact:546 android.os.Binder.execTransactInternal:1523 
07-28 02:48:04.149  4902  4902 I KeyguardUpdateMonitor: action=android.intent.action.SERVICE_STATE subId=-1 slotId=1
07-28 02:48:04.150  4902  4902 W KeyguardUpdateMonitorLog: invalid subId in handleServiceStateChange()
07-28 02:48:04.150  4902  5193 I SystemUi--QuickSettings: Tile.OplusCellularTile-->updateCarrierText: dialog not showing, ignore
07-28 02:48:04.150  4902  5193 D SimStateHelper: slot:0, lock state:Bundle[mParcelledData.dataSize=56]
07-28 02:48:04.150  4902  5193 D SimStateHelper: slot:1, lock state:Bundle[mParcelledData.dataSize=56]
07-28 02:48:04.150  4902  5193 D SimStateHelper: needDisableMenu: slot1State=-1; slot2State=-1
07-28 02:48:04.150  4902  5193 D SimStateHelper: needDisableMenu:false
07-28 02:48:04.150  3419  5617 W ContextImpl: Calling a method in the system process without a qualified user: android.app.ContextImpl.sendBroadcastMultiplePermissions:1344 com.android.server.TelephonyRegistry.broadcastServiceStateChanged:3754 com.android.server.TelephonyRegistry.notifyServiceStateForPhoneId:1787 com.android.internal.telephony.ITelephonyRegistry$Stub.onTransact:546 android.os.Binder.execTransactInternal:1523 
07-28 02:48:04.151  3419  5617 W ContextImpl: Calling a method in the system process without a qualified user: android.app.ContextImpl.sendBroadcastMultiplePermissions:1344 com.android.server.TelephonyRegistry.broadcastServiceStateChanged:3760 com.android.server.TelephonyRegistry.notifyServiceStateForPhoneId:1787 com.android.internal.telephony.ITelephonyRegistry$Stub.onTransact:546 android.os.Binder.execTransactInternal:1523 
07-28 02:48:04.151  3419  5617 W BestClock: java.time.DateTimeException: Missing network time fix
07-28 02:48:04.152  5223  6293 D IWlanJni: getDataRegistrationState start
07-28 02:48:04.152  4902  5665 V OplusCustomizeCacheManager: queryCache name: sys.cache.common_customize_cache18014 param: null
07-28 02:48:04.152  4902  5665 V OplusCustomizeCacheManager: queryCache name: sys.cache.common_customize_cache18017 param: Bundle[{SETTING=BLOCK, BUSINESS=NCT-DATA}]
07-28 02:48:04.152  4902  5665 V OplusCustomizeCacheManager: queryCache name: sys.cache.common_customize_cache18013 param: null
07-28 02:48:04.152  5223  6302 D IWlanJni: new aidl event arrived
07-28 02:48:04.152  5223  6302 D IWlanJni: handleEvent 10
07-28 02:48:04.152  5223  6302 D IWlanJni: isThreadAttached start
07-28 02:48:04.152  5223  6302 D IWlanJni: jni detached
07-28 02:48:04.153  5223  6302 D IWlanJni: jni attached
07-28 02:48:04.153  5223  6302 D IWlanJni: getDataRegistrationStateResponse start
07-28 02:48:04.153  5223  6302 D IWlanJni: getJavaCallbackClass start
07-28 02:48:04.153  5223  6302 D IWlanJni: getJavaCallbackClass End midIs[1]
07-28 02:48:04.153  5223  6302 I IWlanAidlClient: getDataRegistrationStateResponse called
07-28 02:48:04.153  5223  6301 W IWlanNetworkService: 9 > Response Processed
07-28 02:48:04.153  5045  5045 D DeviceStatisticsService: onReceive: action= org.codeaurora.intent.action.RADIO_POWER_STATE
07-28 02:48:04.153  5045  5045 I DeviceStatisticsService: Receiving radio_power_state_changed, mIsDeviceInfoInitialized = true
07-28 02:48:04.154  5045  5045 I DeviceStatisticsService: radio power state changed to 1 for slot: 1
07-28 02:48:04.155  6037  6037 D CellBroadcastReceiver: onReceive Intent { act=android.intent.action.SERVICE_STATE flg=0x1000010 cmp=com.android.cellbroadcastreceiver.module/com.android.cellbroadcastreceiver.CellBroadcastReceiver (has extras) }
07-28 02:48:04.155  6037  6037 D CellBroadcastReceiver: onServiceStateChanged, ss: 1
07-28 02:48:04.156  6037  6037 D CellBroadcastReceiver: networkOperator: 
07-28 02:48:04.157  6037  6037 D CellBroadcastReceiver: mockmodem is running? = false
07-28 02:48:04.157  6037  6037 D CellBroadcastReceiver: Start Cell Broadcast configuration for intent=ACTION_ENABLE_CHANNELS
07-28 02:48:04.157  5223  6293 D IWlanJni: getDataRegistrationState start
07-28 02:48:04.158  5223  6305 D IWlanJni: new aidl event arrived
07-28 02:48:04.158  5223  6305 D IWlanJni: handleEvent 10
07-28 02:48:04.158  5223  6305 D IWlanJni: isThreadAttached start
07-28 02:48:04.158  5223  6305 D IWlanJni: jni detached
07-28 02:48:04.158  5223  6305 D IWlanJni: jni attached
07-28 02:48:04.158  5223  6305 D IWlanJni: getDataRegistrationStateResponse start
07-28 02:48:04.158  5223  6305 D IWlanJni: getJavaCallbackClass start
07-28 02:48:04.158  5223  6305 D IWlanJni: getJavaCallbackClass End midIs[1]
07-28 02:48:04.158  5223  6305 I IWlanAidlClient: getDataRegistrationStateResponse called
07-28 02:48:04.158  5223  6304 W IWlanNetworkService: 10 > Response Processed
07-28 02:48:04.160  5273  5273 D SubsysEventListenerManager-SubsysTelephonyCallback[0]: onRadioPowerStateChanged state:1
07-28 02:48:04.160  5045  5045 D DeviceInfoAidlClient: onRadioPowerStateChanged
07-28 02:48:04.160  5045  5045 D DeviceInfoAidlClient: mRadioStateHdlr handleMessage()1
07-28 02:48:04.160  5045  5045 D DeviceInfoAidlClient: isRadioOn()=true
07-28 02:48:04.160  5045  5045 I DeviceInfoAidlClient: sendFeaturesSupported: power info support-true interactive state support-true
07-28 02:48:04.160  6037 13063 D CellBroadcastConfigService: Enable CellBroadcast on sub 1
07-28 02:48:04.161  3419  4537 D WifiNative: onSetCountryCodeSucceeded: US
07-28 02:48:04.161  3419  4537 I WifiCountryCode: Receive onSetCountryCodeSucceeded US
07-28 02:48:04.161  3419  4537 I WifiNl80211Manager: Receive country code change to US
07-28 02:48:04.161  3419  4537 D WifiScanRequestProxy: Sending scan available broadcast: true
07-28 02:48:04.161  3419  4537 I WifiScanRequestProxy: Scanning is enabled
07-28 02:48:04.161  3419  4537 I WifiScanRequestProxy: Scanning for hidden networks is disabled
07-28 02:48:04.161  3419  4541 I WifiScanningService: Received a request to enable scanning, UID = 1000
07-28 02:48:04.161  3419  4541 I WifiScanningService: scanner impls already exists
07-28 02:48:04.161  3419  4541 E WifiScanningService: wifi driver loaded received while already loaded
07-28 02:48:04.161  3419  4537 D WakeupController: start()
07-28 02:48:04.161  5045  5045 D DeviceStatisticsService: onReceive: action= org.codeaurora.intent.action.RADIO_POWER_STATE
07-28 02:48:04.162  5045  5045 I DeviceStatisticsService: Receiving radio_power_state_changed, mIsDeviceInfoInitialized = true
07-28 02:48:04.162  5045  5045 I DeviceStatisticsService: radio power state changed to 1 for slot: 0
07-28 02:48:04.162  5045  5045 D DeviceInfoAidlClient: isRadioOn()=true
07-28 02:48:04.162  5045  5045 I DeviceInfoAidlClient: sendFeaturesSupported: power info support-true interactive state support-true
07-28 02:48:04.162  3419  4537 E WifiStaIfaceAidlImpl: setScanMode failed with service-specific exception: android.os.ServiceSpecificException:  (code 4)
07-28 02:48:04.162  3419  4537 I WifiService: Receive onDriverCountryCodeChanged to US, update available channel list
07-28 02:48:04.162  3419  4537 E ApConfigUtil: Malformed channel value detected: java.lang.NumberFormatException: For input string: ""
07-28 02:48:04.163  3419  3419 D OplusWifiBroadCastDispatcher: mBroadcastReceiver: onReceiver  action=android.net.wifi.action.WIFI_SCAN_AVAILABILITY_CHANGED
07-28 02:48:04.163  3419  4655 D OplusWifiPower_ConnLpmEventObsever: onReceive EXTRA_SCAN_AVAILABLE availabe = true
07-28 02:48:04.163  3419  4655 D OplusWifiPowerService: onReceive action:android.net.wifi.action.WIFI_SCAN_AVAILABILITY_CHANGED
07-28 02:48:04.163  3419  4655 D OplusWifiSwitchStateMonitor: scan settings change to true
07-28 02:48:04.163  4974  4989 W System  : A resource failed to call AbstractCursor.close. 
07-28 02:48:04.163  4974  4989 W System  : A resource failed to call AbstractCursor.close. 
07-28 02:48:04.163  4974  4989 W System  : A resource failed to call AbstractCursor.close. 
07-28 02:48:04.163  4974  4989 W System  : A resource failed to call AbstractCursor.close. 
