07-28 04:03:59.190  4913  5101 D Tile.CustomTile.WirelessReverseControService: refreshState: tile not listening, ignore
07-28 04:03:59.191  4913  6252 I [DevicePlugin].DevicePanelPresenter.(DefaultDispatcher-worker-9): response code:30001; panelInfo:PanelInfo(panelState=DEVICE_HOME, panelDevices=[]), pluginVersion: 2
07-28 04:03:59.191  4913  6252 I [DevicePlugin].FixedSeparateModelPanel.(DefaultDispatcher-worker-9): onPanelInfoChanged
07-28 04:03:59.191  4913  6252 I [DevicePlugin].FixedSeparateModelPanel.(DefaultDispatcher-worker-9): updateView: panelState=DEVICE_HOME, panelDevices.size=0
07-28 04:03:59.192  4913  4913 D ViewRootImplExtImpl: wrapConfigInfoIntoFlags rotation=0, smallestScreenWidthDp=0, residentWS=false, scenario=0, bounds=Rect(0, 0 - 1080, 2376), relayoutAsync=false, flags=1, newFlags=1245708289, title=NotificationShade
07-28 04:03:59.192  3405  5175 D WindowManagerServiceExtImpl: extractConfigInfoAndRealFlags rotation=0, screenDp=0, residentWS:0, scenario:0, bounds:2376, serverWinBounds:Rect(0, 0 - 1080, 2376), win=Window{851ce0 u0 NotificationShade}
07-28 04:03:59.192  3405  5175 V WindowManager: Relayout Window{851ce0 u0 NotificationShade}: viewVisibility=0, oldvis=4, req=1080x2376, vsysui=, x=0, y=0
07-28 04:03:59.192  3405  5175 I WindowManager: Window{851ce0 u0 NotificationShade} state from NO_SURFACE to DRAW_PENDING; reason: resetDrawState
07-28 04:03:59.192  2240  2414 D OplusLayer: setProcInfo (133,NotificationShade#133,com.android.systemui,0x4578D52F)
07-28 04:03:59.194  3405  5175 D QuickBackInputPolicy: hasMultiChildrenInTask: false
07-28 04:03:59.194  3405  5175 D WindowManager: NFW_findFocusedWindowIfNeeded:Window{7b5c666 u0 com.android.launcher/com.android.launcher.Launcher} mCurrentFocus:Window{7b5c666 u0 com.android.launcher/com.android.launcher.Launcher}
07-28 04:03:59.194  4913  4913 W VRI[NotificationShade]: updateBlastSurfaceIfNeeded, surfaceSize:Point(1080, 2376), lastSurfaceSize:Point(1080, 2376), format:-3, blastBufferQueue:null
07-28 04:03:59.194  4913  4913 D BufferQueueConsumer: [](id:133100000009,api:0,p:-1,c:4913) connect: controlledByApp=false
07-28 04:03:59.195  4913  4913 I SystemUi--Keyguard: KeyguardEngineContainer-->onConfigurationChanged, locale = en-US,zh-CN, mLastLocale= en-US,zh-CN
07-28 04:03:59.195  4913  4913 I SystemUi--Keyguard: KeyguardEngineContainer-->onConfigurationChanged. font = 0, mLastFlipFont = 0, density = 480, mDensity = 480
07-28 04:03:59.195  4913  4913 I SystemUi--Keyguard: KeyguardPluginManager-->maybeReloadNormalKeyguard, uses default LockScreen
07-28 04:03:59.196  4913  4913 E ndroid.systemui: No package ID ff found for resource ID 0xffffffff.
07-28 04:03:59.196  4913  4913 E ndroid.systemui: No package ID ff found for resource ID 0xffffffff.
07-28 04:03:59.196  4913  4913 E ndroid.systemui: No package ID ff found for resource ID 0xffffffff.
07-28 04:03:59.196  4913  4913 E ThemeUtils: View class com.oplus.systemui.keyguard.view.GeneralFontVariationTextView is an AppCompat widget that can only be used with a Theme.AppCompat theme (or descendant).
07-28 04:03:59.196  4913  4913 E ThemeUtils: View class com.oplus.systemui.keyguard.view.GeneralFontVariationTextView is an AppCompat widget that can only be used with a Theme.AppCompat theme (or descendant).
07-28 04:03:59.196  4913  4913 I SystemUi--Keyguard: PictorialAppInfo-->isShowPictorialTipDevice true,bottomMargin=611
07-28 04:03:59.197  4913  4913 I SystemUi--Keyguard: PictorialFunctionContainer-->onWallpaperChange info is null or local or engine
07-28 04:03:59.197  4913  4913 I SystemUi--Keyguard: PictorialAppInfo-->isShowPictorialTipDevice true,bottomMargin=611
07-28 04:03:59.197  4913  4913 I SystemUi--Keyguard: PictorialAppInfo-->isShowPictorialTipDevice true,bottomMargin=611
07-28 04:03:59.197  4913  4913 I SystemUi--Notification: NotificationsQSContainerController-->onWindowConfigurationChange: splitShadeEnabled=false
07-28 04:03:59.197  4913  4913 I SystemUi--Notification: NotificationsQSContainerController-->updateResources: splitShadeEnabled=false, newSplitShadeEnabled=false
07-28 04:03:59.197  4913  4913 I SystemUi--Notification: OplusQSSimpleHeader-->shouldClick: true, isInSuperPowerSaveMode: false, isInWellBeingAssistantMode: false
07-28 04:03:59.197  4913  4913 I SystemUi--Notification: OplusQSSimpleHeader-->updateMarginTop, reason: configChange, newMarginTop: 102 currentMarginTop 102
07-28 04:03:59.199  4913  4913 I SystemUi--QuickSettings: OplusQuickStatusBarHeader-->[onConfigurationChanged] updateResources end, start call listener
07-28 04:03:59.200  4913  4913 I SystemUi--QuickSettings: OplusQuickStatusBarHeader-->[onConfigurationChanged] updateResources end, start call listener
07-28 04:03:59.201  4913  4913 I SystemUi--QuickSettings: OplusQSHighlightTileViewImpl-->updateIconViewSize mTileCanTips=true
07-28 04:03:59.202  4913  4913 I SystemUi--QuickSettings: OplusQSHighlightTileViewImpl-->updateIconViewSize mTileCanTips=true
07-28 04:03:59.202  4913  4913 I SystemUi--QuickSettings: OplusQsToggleSliderTouchExt-->getRealSize point: Point(1080, 2376) realScreenWidth: 1080 realScreenHeight: 2376
07-28 04:03:59.202  4913  4913 I SystemUi--QuickSettings: OplusQsToggleSliderLayout-->updateRadius radius= 57.815125, roundParams= OplusRoundParams(radiusDp=15.2, radius=45.6, weight=1.1, isCircle=false), isDefaultVolumeTheme = true
07-28 04:03:59.202  4913  4913 I COUIVerticalSeekBar: COUIVerticalSeekBar ensureSize : mIsProgressFull:true,mBackgroundRadius:45.6,mBackgroundWidth:179.0,mBackgroundEnlargeScale1.0,mProgressRadius:45.6,mProgressWidth:179.0,mProgressEnlargeScale1.0,mPaddingVertical45.6
07-28 04:03:59.203  4913  4913 I COUIVerticalSeekBar: updateBehavior * normalSeekBarHeight = 309,mPaddingVertical = 45.6,mIsPhysicsEnable = true,mPhysicalAnimator = null,mFlingBehavior = null,Thread_name = main,hashCode = 198933989,time = 1753689839203,stackChain = com.coui.appcompat.seekbar.COUIVerticalSeekBar.updateBehavior$1:14 com.coui.appcompat.seekbar.COUIVerticalSeekBar.ensureSize$1:182 com.coui.appcompat.seekbar.COUIVerticalSeekBar.setBackgroundRadius:3 com.oplus.systemui.qs.base.seek.OplusQsBaseToggleSliderLayout.updateRadius:60 
07-28 04:03:59.203  4913  4913 I COUIVerticalSeekBar: setPaddingVertical * paddingVertical = 45.6,hashCode = 198933989,time = 1753689839203
07-28 04:03:59.203  4913  4913 I COUIVerticalSeekBar: COUIVerticalSeekBar ensureSize : mIsProgressFull:true,mBackgroundRadius:45.6,mBackgroundWidth:179.0,mBackgroundEnlargeScale1.0,mProgressRadius:45.6,mProgressWidth:179.0,mProgressEnlargeScale1.0,mPaddingVertical45.6
07-28 04:03:59.203  4913  4913 I COUIVerticalSeekBar: updateBehavior * normalSeekBarHeight = 309,mPaddingVertical = 45.6,mIsPhysicsEnable = true,mPhysicalAnimator = null,mFlingBehavior = null,Thread_name = main,hashCode = 198933989,time = 1753689839203,stackChain = com.coui.appcompat.seekbar.COUIVerticalSeekBar.updateBehavior$1:14 com.coui.appcompat.seekbar.COUIVerticalSeekBar.ensureSize$1:182 com.coui.appcompat.seekbar.COUIVerticalSeekBar.setPaddingVertical:59 com.oplus.systemui.qs.base.seek.OplusQsBaseToggleSliderLayout.updateRadius:74 
07-28 04:03:59.203  4913  4913 I SystemUi--QuickSettings: OplusQsToggleSliderTouchExt-->getRealSize point: Point(1080, 2376) realScreenWidth: 1080 realScreenHeight: 2376
07-28 04:03:59.203  4913  4913 I SystemUi--QuickSettings: OplusQsToggleSliderLayout-->updateRadius radius= 57.815125, roundParams= OplusRoundParams(radiusDp=15.2, radius=45.6, weight=1.1, isCircle=false), isDefaultVolumeTheme = true
07-28 04:03:59.203  4913  4913 I COUIVerticalSeekBar: COUIVerticalSeekBar ensureSize : mIsProgressFull:true,mBackgroundRadius:45.6,mBackgroundWidth:179.0,mBackgroundEnlargeScale1.0,mProgressRadius:45.6,mProgressWidth:179.0,mProgressEnlargeScale1.0,mPaddingVertical45.6
07-28 04:03:59.203  4913  4913 I COUIVerticalSeekBar: updateBehavior * normalSeekBarHeight = 309,mPaddingVertical = 45.6,mIsPhysicsEnable = true,mPhysicalAnimator = null,mFlingBehavior = null,Thread_name = main,hashCode = 42106130,time = 1753689839203,stackChain = com.coui.appcompat.seekbar.COUIVerticalSeekBar.updateBehavior$1:14 com.coui.appcompat.seekbar.COUIVerticalSeekBar.ensureSize$1:182 com.coui.appcompat.seekbar.COUIVerticalSeekBar.setBackgroundRadius:3 com.oplus.systemui.qs.base.seek.OplusQsBaseToggleSliderLayout.updateRadius:60 
07-28 04:03:59.203  4913  4913 I COUIVerticalSeekBar: setPaddingVertical * paddingVertical = 45.6,hashCode = 42106130,time = 1753689839203
07-28 04:03:59.203  4913  4913 I COUIVerticalSeekBar: COUIVerticalSeekBar ensureSize : mIsProgressFull:true,mBackgroundRadius:45.6,mBackgroundWidth:179.0,mBackgroundEnlargeScale1.0,mProgressRadius:45.6,mProgressWidth:179.0,mProgressEnlargeScale1.0,mPaddingVertical45.6
07-28 04:03:59.203  4913  4913 I COUIVerticalSeekBar: updateBehavior * normalSeekBarHeight = 309,mPaddingVertical = 45.6,mIsPhysicsEnable = true,mPhysicalAnimator = null,mFlingBehavior = null,Thread_name = main,hashCode = 42106130,time = 1753689839203,stackChain = com.coui.appcompat.seekbar.COUIVerticalSeekBar.updateBehavior$1:14 com.coui.appcompat.seekbar.COUIVerticalSeekBar.ensureSize$1:182 com.coui.appcompat.seekbar.COUIVerticalSeekBar.setPaddingVertical:59 com.oplus.systemui.qs.base.seek.OplusQsBaseToggleSliderLayout.updateRadius:74 
07-28 04:03:59.203  4913  4913 I [DevicePlugin].NoDeviceEntranceCardView.(main): onConfigurationChanged
07-28 04:03:59.203  4913  4913 I [DevicePlugin].PlatformUtils.(main): isLowGaussianLevel: DEBUG_LEVEL = -1, ANIM_LEVEL = 1
07-28 04:03:59.203  4913  4913 I [DevicePlugin].PlatformUtils.(main): isGlobalThemeApplied: isGlobalTheme=false
07-28 04:03:59.203  4913  4913 I [DevicePlugin].PlatformUtils.(main): isBlurEnable: enable=true
07-28 04:03:59.203  4913  4913 I [DevicePlugin].PlatformUtils.(main): isGlobalThemeApplied: isGlobalTheme=false
07-28 04:03:59.203  4913  4913 I [DevicePlugin].PlatformUtils.(main): isLightOsGaussianLevel: DEBUG_LEVEL = -1, ANIM_LEVEL = 1
07-28 04:03:59.203  4913  4913 I [DevicePlugin].PlatformUtils.(main): isLightBlurEnable: enable=false
07-28 04:03:59.203  4913  4913 I [DevicePlugin].RectangleDeviceCardView.(main): onConfigurationChanged
07-28 04:03:59.203  4913  4913 I [DevicePlugin].PlatformUtils.(main): isLowGaussianLevel: DEBUG_LEVEL = -1, ANIM_LEVEL = 1
07-28 04:03:59.203  4913  4913 I [DevicePlugin].PlatformUtils.(main): isGlobalThemeApplied: isGlobalTheme=false
07-28 04:03:59.203  4913  4913 I [DevicePlugin].PlatformUtils.(main): isBlurEnable: enable=true
07-28 04:03:59.203  4913  4913 I [DevicePlugin].PlatformUtils.(main): isGlobalThemeApplied: isGlobalTheme=false
07-28 04:03:59.203  4913  4913 I [DevicePlugin].PlatformUtils.(main): isLightOsGaussianLevel: DEBUG_LEVEL = -1, ANIM_LEVEL = 1
07-28 04:03:59.203  4913  4913 I [DevicePlugin].PlatformUtils.(main): isLightBlurEnable: enable=false
07-28 04:03:59.203  4913  4913 I [DevicePlugin].RectangleEntranceCardView.(main): onConfigurationChanged
07-28 04:03:59.203  4913  4913 I [DevicePlugin].PlatformUtils.(main): isLowGaussianLevel: DEBUG_LEVEL = -1, ANIM_LEVEL = 1
07-28 04:03:59.203  4913  4913 I [DevicePlugin].PlatformUtils.(main): isGlobalThemeApplied: isGlobalTheme=false
07-28 04:03:59.203  4913  4913 I [DevicePlugin].PlatformUtils.(main): isBlurEnable: enable=true
07-28 04:03:59.203  4913  4913 I [DevicePlugin].PlatformUtils.(main): isGlobalThemeApplied: isGlobalTheme=false
07-28 04:03:59.203  4913  4913 I [DevicePlugin].PlatformUtils.(main): isLightOsGaussianLevel: DEBUG_LEVEL = -1, ANIM_LEVEL = 1
07-28 04:03:59.203  4913  4913 I [DevicePlugin].PlatformUtils.(main): isLightBlurEnable: enable=false
07-28 04:03:59.203  4913  4913 I [DevicePlugin].RectangleDeviceCardView.(main): onConfigurationChanged
07-28 04:03:59.203  4913  4913 I [DevicePlugin].PlatformUtils.(main): isLowGaussianLevel: DEBUG_LEVEL = -1, ANIM_LEVEL = 1
07-28 04:03:59.203  4913  4913 I [DevicePlugin].PlatformUtils.(main): isGlobalThemeApplied: isGlobalTheme=false
07-28 04:03:59.203  4913  4913 I [DevicePlugin].PlatformUtils.(main): isBlurEnable: enable=true
07-28 04:03:59.203  4913  4913 I [DevicePlugin].PlatformUtils.(main): isGlobalThemeApplied: isGlobalTheme=false
07-28 04:03:59.203  4913  4913 I [DevicePlugin].PlatformUtils.(main): isLightOsGaussianLevel: DEBUG_LEVEL = -1, ANIM_LEVEL = 1
07-28 04:03:59.203  4913  4913 I [DevicePlugin].PlatformUtils.(main): isLightBlurEnable: enable=false
07-28 04:03:59.203  4913  4913 I [DevicePlugin].SquareDeviceCardView.(main): onConfigurationChanged
07-28 04:03:59.203  4913  4913 I [DevicePlugin].PlatformUtils.(main): isLowGaussianLevel: DEBUG_LEVEL = -1, ANIM_LEVEL = 1
07-28 04:03:59.203  4913  4913 I [DevicePlugin].PlatformUtils.(main): isGlobalThemeApplied: isGlobalTheme=false
07-28 04:03:59.203  4913  4913 I [DevicePlugin].PlatformUtils.(main): isBlurEnable: enable=true
07-28 04:03:59.203  4913  4913 I [DevicePlugin].PlatformUtils.(main): isGlobalThemeApplied: isGlobalTheme=false
07-28 04:03:59.203  4913  4913 I [DevicePlugin].PlatformUtils.(main): isLightOsGaussianLevel: DEBUG_LEVEL = -1, ANIM_LEVEL = 1
07-28 04:03:59.203  4913  4913 I [DevicePlugin].PlatformUtils.(main): isLightBlurEnable: enable=false
07-28 04:03:59.203  4913  4913 I [DevicePlugin].SquareEntranceCardView.(main): onConfigurationChanged
07-28 04:03:59.203  4913  4913 I [DevicePlugin].PlatformUtils.(main): isLowGaussianLevel: DEBUG_LEVEL = -1, ANIM_LEVEL = 1
07-28 04:03:59.203  4913  4913 I [DevicePlugin].PlatformUtils.(main): isGlobalThemeApplied: isGlobalTheme=false
07-28 04:03:59.203  4913  4913 I [DevicePlugin].PlatformUtils.(main): isBlurEnable: enable=true
07-28 04:03:59.203  4913  4913 I [DevicePlugin].PlatformUtils.(main): isGlobalThemeApplied: isGlobalTheme=false
07-28 04:03:59.203  4913  4913 I [DevicePlugin].PlatformUtils.(main): isLightOsGaussianLevel: DEBUG_LEVEL = -1, ANIM_LEVEL = 1
07-28 04:03:59.203  4913  4913 I [DevicePlugin].PlatformUtils.(main): isLightBlurEnable: enable=false
07-28 04:03:59.203  4913  4913 I [DevicePlugin].SquareDeviceCardView.(main): onConfigurationChanged
07-28 04:03:59.203  4913  4913 I [DevicePlugin].PlatformUtils.(main): isLowGaussianLevel: DEBUG_LEVEL = -1, ANIM_LEVEL = 1
07-28 04:03:59.203  4913  4913 I [DevicePlugin].PlatformUtils.(main): isGlobalThemeApplied: isGlobalTheme=false
07-28 04:03:59.203  4913  4913 I [DevicePlugin].PlatformUtils.(main): isBlurEnable: enable=true
07-28 04:03:59.203  4913  4913 I [DevicePlugin].PlatformUtils.(main): isGlobalThemeApplied: isGlobalTheme=false
07-28 04:03:59.203  4913  4913 I [DevicePlugin].PlatformUtils.(main): isLightOsGaussianLevel: DEBUG_LEVEL = -1, ANIM_LEVEL = 1
07-28 04:03:59.203  4913  4913 I [DevicePlugin].PlatformUtils.(main): isLightBlurEnable: enable=false
07-28 04:03:59.203  4913  4913 I [DevicePlugin].SquareDeviceCardView.(main): onConfigurationChanged
07-28 04:03:59.203  4913  4913 I [DevicePlugin].PlatformUtils.(main): isLowGaussianLevel: DEBUG_LEVEL = -1, ANIM_LEVEL = 1
07-28 04:03:59.203  4913  4913 I [DevicePlugin].PlatformUtils.(main): isGlobalThemeApplied: isGlobalTheme=false
07-28 04:03:59.203  4913  4913 I [DevicePlugin].PlatformUtils.(main): isBlurEnable: enable=true
07-28 04:03:59.203  4913  4913 I [DevicePlugin].PlatformUtils.(main): isGlobalThemeApplied: isGlobalTheme=false
07-28 04:03:59.203  4913  4913 I [DevicePlugin].PlatformUtils.(main): isLightOsGaussianLevel: DEBUG_LEVEL = -1, ANIM_LEVEL = 1
07-28 04:03:59.203  4913  4913 I [DevicePlugin].PlatformUtils.(main): isLightBlurEnable: enable=false
07-28 04:03:59.203  4913  4913 I [DevicePlugin].SquareDeviceCardView.(main): onConfigurationChanged
07-28 04:03:59.203  4913  4913 I [DevicePlugin].PlatformUtils.(main): isLowGaussianLevel: DEBUG_LEVEL = -1, ANIM_LEVEL = 1
07-28 04:03:59.203  4913  4913 I [DevicePlugin].PlatformUtils.(main): isGlobalThemeApplied: isGlobalTheme=false
07-28 04:03:59.203  4913  4913 I [DevicePlugin].PlatformUtils.(main): isBlurEnable: enable=true
07-28 04:03:59.203  4913  4913 I [DevicePlugin].PlatformUtils.(main): isGlobalThemeApplied: isGlobalTheme=false
07-28 04:03:59.203  4913  4913 I [DevicePlugin].PlatformUtils.(main): isLightOsGaussianLevel: DEBUG_LEVEL = -1, ANIM_LEVEL = 1
07-28 04:03:59.203  4913  4913 I [DevicePlugin].PlatformUtils.(main): isLightBlurEnable: enable=false
07-28 04:03:59.203  4913  4913 I [DevicePlugin].SquareEntranceCardView.(main): onConfigurationChanged
07-28 04:03:59.203  4913  4913 I [DevicePlugin].PlatformUtils.(main): isLowGaussianLevel: DEBUG_LEVEL = -1, ANIM_LEVEL = 1
07-28 04:03:59.203  4913  4913 I [DevicePlugin].PlatformUtils.(main): isGlobalThemeApplied: isGlobalTheme=false
07-28 04:03:59.203  4913  4913 I [DevicePlugin].PlatformUtils.(main): isBlurEnable: enable=true
07-28 04:03:59.203  4913  4913 I [DevicePlugin].PlatformUtils.(main): isGlobalThemeApplied: isGlobalTheme=false
07-28 04:03:59.203  4913  4913 I [DevicePlugin].PlatformUtils.(main): isLightOsGaussianLevel: DEBUG_LEVEL = -1, ANIM_LEVEL = 1
07-28 04:03:59.203  4913  4913 I [DevicePlugin].PlatformUtils.(main): isLightBlurEnable: enable=false
07-28 04:03:59.206  4913  4913 I SystemUi--QuickSettings: OplusSeparateQSCustomizer-->updateResources tileRow= 3
07-28 04:03:59.206  4913  4913 I SystemUi--QuickSettings: OplusSeparateQSCustomizer--> mUsableWidth=1080
07-28 04:03:59.206  4913  4913 I SystemUi--QuickSettings: OplusSeparateQSCustomizer--> mEditCellWidth=175 mEditCellMarginHorizontal=66 mItemHeight=271 mHorizontalSidePadding=57
07-28 04:03:59.206  4913  4913 I SystemUi--QuickSettings: OplusQsToggleSliderTouchExt-->getRealSize point: Point(1080, 2376) realScreenWidth: 1080 realScreenHeight: 2376
07-28 04:03:59.206  4913  4913 I SystemUi--QuickSettings: OplusQsToggleSliderLayout-->updateRadius radius= 57.815125, roundParams= OplusRoundParams(radiusDp=15.2, radius=45.6, weight=1.1, isCircle=false), isDefaultVolumeTheme = true
07-28 04:03:59.206  4913  4913 I COUIVerticalSeekBar: COUIVerticalSeekBar ensureSize : mIsProgressFull:true,mBackgroundRadius:45.6,mBackgroundWidth:179.0,mBackgroundEnlargeScale1.0,mProgressRadius:45.6,mProgressWidth:179.0,mProgressEnlargeScale1.0,mPaddingVertical45.6
07-28 04:03:59.206  4913  4913 I COUIVerticalSeekBar: updateBehavior * normalSeekBarHeight = 309,mPaddingVertical = 45.6,mIsPhysicsEnable = true,mPhysicalAnimator = null,mFlingBehavior = null,Thread_name = main,hashCode = 124983153,time = 1753689839206,stackChain = com.coui.appcompat.seekbar.COUIVerticalSeekBar.updateBehavior$1:14 com.coui.appcompat.seekbar.COUIVerticalSeekBar.ensureSize$1:182 com.coui.appcompat.seekbar.COUIVerticalSeekBar.setBackgroundRadius:3 com.oplus.systemui.qs.base.seek.OplusQsBaseToggleSliderLayout.updateRadius:60 
07-28 04:03:59.206  4913  4913 I COUIVerticalSeekBar: setPaddingVertical * paddingVertical = 45.6,hashCode = 124983153,time = 1753689839206
07-28 04:03:59.206  4913  4913 I COUIVerticalSeekBar: COUIVerticalSeekBar ensureSize : mIsProgressFull:true,mBackgroundRadius:45.6,mBackgroundWidth:179.0,mBackgroundEnlargeScale1.0,mProgressRadius:45.6,mProgressWidth:179.0,mProgressEnlargeScale1.0,mPaddingVertical45.6
07-28 04:03:59.206  4913  4913 I COUIVerticalSeekBar: updateBehavior * normalSeekBarHeight = 309,mPaddingVertical = 45.6,mIsPhysicsEnable = true,mPhysicalAnimator = null,mFlingBehavior = null,Thread_name = main,hashCode = 124983153,time = 1753689839206,stackChain = com.coui.appcompat.seekbar.COUIVerticalSeekBar.updateBehavior$1:14 com.coui.appcompat.seekbar.COUIVerticalSeekBar.ensureSize$1:182 com.coui.appcompat.seekbar.COUIVerticalSeekBar.setPaddingVertical:59 com.oplus.systemui.qs.base.seek.OplusQsBaseToggleSliderLayout.updateRadius:74 
07-28 04:03:59.206  4913  4913 I SystemUi--Common: WindowRootView-->leftInset:0 rightInset:0  rootWindowInsets.displayCutout:DisplayCutout{insets=Rect(0, 120 - 0, 0) waterfall=Insets{left=0, top=0, right=0, bottom=0} boundingRect={Bounds=[Rect(0, 0 - 0, 0), Rect(512, 0 - 569, 120), Rect(0, 0 - 0, 0), Rect(0, 0 - 0, 0)]} cutoutPathParserInfo={CutoutPathParserInfo{displayWidth=1080 displayHeight=2376 physicalDisplayWidth=1440 physicalDisplayHeight=3168 density={4.0} cutoutSpec={M -38,0 L -38,160 L 38,160 L 38,0 Z} rotation={0} scale={1.0} physicalPixelDisplaySizeRatio={0.75}}} sideOverrides={}} windowInsets.displayCutout:DisplayCutout{insets=Rect(0, 120 - 0, 0) waterfall=Insets{left=0, top=0, right=0, bottom=0} boundingRect={Bounds=[Rect(0, 0 - 0, 0), Rect(512, 0 - 569, 120), Rect(0, 0 - 0, 0), Rect(0, 0 - 0, 0)]} cutoutPathParserInfo={CutoutPathParserInfo{displayWidth=1080 displayHeight=2376 physicalDisplayWidth=1440 physicalDisplayHeight=3168 density={4.0} cutoutSpec={M -38,0 L -38,160 L 38,160 L 38,0 Z} rotation={0} scale={1.0} physicalPixelDisplaySizeRatio={0.75}}} sideOverrides={}} currentRotation:1
07-28 04:03:59.207  4913  4913 I SystemUi--QuickSettings: OplusQuickStatusBarHeader-->onApplyWindowInsets mIgnoreCenterHole: true mCenterHoleSpaceLp: androidx.constraintlayout.widget.ConstraintLayout$LayoutParams@f0c92d4
07-28 04:03:59.207  4913  4913 I SystemUi--QuickSettings: OplusQuickStatusBarHeader-->updateCenterHoleView visibility: 8 isLpChanged: false
07-28 04:03:59.207  4913  4913 I SystemUi--QuickSettings: OplusQuickStatusBarHeader-->updateCenterHoleView visibility: 8 isLpChanged: false
07-28 04:03:59.207  2081  2081 D SensorFeature: name=ssc_screenshot_info ,index = 22
07-28 04:03:59.207  4913  4913 I PluginSeedling--Base: SeedlingPluginService-->onStateChange: Bundle[{rect=RectF(509.25, 29.25, 570.75, 90.75), state=onHoleRectChanged}]
07-28 04:03:59.207  2081  2081 D SensorFeature: write 29 bytes:57982151279,57990484612,158,0
07-28 04:03:59.207  4913  4913 I SystemUi--Statusbar: StatusBarPaddingProvider-->updateContentsPadding: (51, 14, 60, 15), screenHoleHeight: 61 isLandscape=false, rotation: 0 screenHoleBottom: 90 statusBarHeight: 120 seedlingHeight: 90 switchSupport: true percentScreen:0.75 baseScreenWidth:1080 stableDisplayWidth:1440
07-28 04:03:59.207  4913  4913 I SystemUi--QuickSettings: OplusQuickStatusBarHeader-->onApplyWindowInsets mIgnoreCenterHole: true mCenterHoleSpaceLp: androidx.constraintlayout.widget.ConstraintLayout$LayoutParams@10f4c7d
07-28 04:03:59.207  4913  4913 I SystemUi--QuickSettings: OplusQuickStatusBarHeader-->updateCenterHoleView visibility: 8 isLpChanged: false
07-28 04:03:59.207  4913  4913 I SystemUi--QuickSettings: OplusQuickStatusBarHeader-->updateCenterHoleView visibility: 8 isLpChanged: false
07-28 04:03:59.208  4913  5627 D BufferQueueProducer: [VRI[NotificationShade]#8(BLAST Consumer)8](id:133100000009,api:1,p:4913,c:4913) connect: api=1 producerControlledByApp=true
07-28 04:03:59.215  4913  4913 I SurfaceControl:  setExtendedRangeBrightness sc=Surface(name=NotificationShade)/@0x898da61,currentBufferRatio=1.0,desiredRatio=1.0
07-28 04:03:59.227  2240  2414 D SurfaceFlinger: captureLayers from pid 5415 uid -335
07-28 04:03:59.229  2240  2414 W SurfaceFlinger: Skipping screen capture because of invalid layer.
07-28 04:03:59.229  5415  5791 E ScreenCapture: Failed to generate screen capture. Error code: -12
07-28 04:03:59.229  5415  5791 E Blur_ScreenCapture: [captureScreenInternal] exceeds fail times limit=1
07-28 04:03:59.229  1902  4482 I sensors-hal: handle_oplus_wise_rgb_event:189, high_pwm_light:lux 2.0,cct 5300.0,brl/algo/ir 78.0/2.0/0.0,pwm/dc 0.0/0.0,rgbc 140.113327/124.088211/53.155369/296.762207,ts 57949201765,cnt 830,flag 158
07-28 04:03:59.230  1978  4472 I Dpps    : LtmSwState::SetParameter():144 ignore cmd 7 in state LtmOffState
07-28 04:03:59.234  4913  5627 D BLASTBufferQueue: [VRI[NotificationShade]#8](f:0,a:1) acquireNextBufferLocked size=1080x2376 mFrameNumber=1 applyTransaction=true mTimestamp=58017783830(auto) mPendingTransactions.size=0 graphicBufferId=21101174325298 transform=0
07-28 04:03:59.234  4913  5627 D VRI[NotificationShade]: Received frameCommittedCallback lastAttemptedDrawFrameNum=1 didProduceBuffer=true syncBuffer=false
07-28 04:03:59.234  4913  4913 D VRI[NotificationShade]: draw finished. seqId=0
07-28 04:03:59.234  3405  5175 I WindowManager: Window{851ce0 u0 NotificationShade} state from DRAW_PENDING to COMMIT_DRAW_PENDING; reason: finishDrawingLocked
07-28 04:03:59.235  4913  5765 V OplusCustomizeCacheManager: queryCache name: sys.cache.common_customize_cache11011 param: null
07-28 04:03:59.235  3405  3745 I WindowManager: Window{851ce0 u0 NotificationShade} state from COMMIT_DRAW_PENDING to READY_TO_SHOW; reason: commitFinishDrawingLocked
07-28 04:03:59.235  3405  3745 I WindowManager: Window{851ce0 u0 NotificationShade} state from READY_TO_SHOW to HAS_DRAWN; reason: performShowLocked
07-28 04:03:59.236  4913  5765 V OplusCustomizeCacheManager: queryCache name: sys.cache.common_customize_cache11010 param: null
07-28 04:03:59.237  4913  4913 D ZenModeController: Added callback class com.oplus.systemui.qs.tiles.OplusDndTile$1
07-28 04:03:59.237  4913  4913 I SystemUi--QuickSettings: OplusQsBrightnessSliderController-->setProgressAnimation value: 74 isListening: true  screenBrightnessDuration: 0.0  startValue: 0 startTime: 0 lastDuration: 3892.0 lastStartTime: 52180  max: 4089 sliderProgress: 0 needResetLastAnimation: false
07-28 04:03:59.237  4913  4913 I SystemUi--QuickSettings: OplusQsBrightnessSliderController-->handleNoDuration proportion: 1.0 currentProgress: 74 duration: 0.0 lastStartValue: 291 sliderProgress: 74
07-28 04:03:59.237  4913  4913 I SystemUi--Notification: OplusHeadsUpCoreStart-->isVisibility: true
07-28 04:03:59.237  4913  4913 I SystemUi--Notification: OplusNotificationShadeWindowControllerExImpl-->SHADE_FOCUSABLE-->mNotificationShadeFocusable= true, mPanelExpanded= true, mBouncerShowing= false, mKeyguardShowing= false, mKeyguardOccluded= false, mKeyguardNeedsInput= false, ENABLE_REMOTE_INPUT= true, mRemoteInputActive= false, layoutFlags= -2121924544
07-28 04:03:59.237  4913  4913 I SystemUi--Notification: OplusNotificationShadeWindowControllerExImpl-->SHADE_VISIBLE-->mKeyguardShowing= false, mKeyguardOccluded= false, mPanelVisible= false, mKeyguardFadingAway= false, mKeyguardGoingAway= false, mBouncerShowing= false, mScrimsVisibility= 1, mBackgroundBlurRadius= 0, mForcePluginOpen= false, mediaBackdropShowing= false, viewVisibility= true, qsBlurFraction= 0.0037206302, panelBlurFraction= 0.0
07-28 04:03:59.238  4913  5765 V OplusCustomizeCacheManager: queryCache name: sys.cache.common_customize_cache18014 param: null
07-28 04:03:59.238  4913  5765 D OplusCustomizeCacheManager: add cachename to map: sys.cache.common_customize_cache18014
07-28 04:03:59.238  4913  5765 V OplusCustomizeCacheManager: start recompute
07-28 04:03:59.238  4913  5765 V OplusCustomizeCacheManager: queryCache name: sys.cache.common_customize_cache18017 param: Bundle[{SETTING=BLOCK, BUSINESS=NCT-DATA}]
07-28 04:03:59.238  4913  5765 D OplusCustomizeCacheManager: add cachename to map: sys.cache.common_customize_cache18017
07-28 04:03:59.238  4913  5765 V OplusCustomizeCacheManager: start recompute
07-28 04:03:59.238  3405  5175 D OplusCustomizeSecurityManagerService: we can't find the BLOCK
07-28 04:03:59.238  4913  5765 V OplusCustomizeCacheManager: queryCache name: sys.cache.common_customize_cache18013 param: null
07-28 04:03:59.238  3405  4863 I InputDispatcher: injectInputEvent: targetUid=<not set>, syncMode=WAIT_FOR_FINISHED, timeout=30000ms, policyFlags=0x8000000, event=MotionEvent { action=MOVE, id[0]=0, x[0]=900, y[0]=660.4, eventTime=58022000000, downTime=57926000000, deviceId=4, source=TOUCHSCREEN, displayId=0, eventId=0xcdcb83a4}
07-28 04:03:59.238  4913  4913 I SystemUi--Keyguard: ScrimControllerExImp-->blur State to UNLOCK, bouncer=false changeFromBouncerScrim= false runnerUnlock= false goingAway=false hasHandle=true isOccludeAnimationPlaying=false
07-28 04:03:59.239  4913  5765 V OplusCustomizeCacheManager: queryCache name: sys.cache.common_customize_cache18025 param: null
07-28 04:03:59.239  4913  5765 I SystemUi--QuickSettings: Tile.OplusAirplaneModeTile-->handleUpdateState state.state: 2 value: 1
07-28 04:03:59.239  4913  5765 V OplusCustomizeCacheManager: queryCache name: sys.cache.common_customize_cache18026 param: null
07-28 04:03:59.239  4913  4913 I SystemUi--Keyguard: ScrimControllerExImp-->blur State to UNLOCK, bouncer=false changeFromBouncerScrim= false runnerUnlock= false goingAway=false hasHandle=true isOccludeAnimationPlaying=false
07-28 04:03:59.239  4913  4913 D ViewRootImplExtImpl: wrapConfigInfoIntoFlags rotation=0, smallestScreenWidthDp=360, residentWS=false, scenario=0, bounds=Rect(0, 0 - 1080, 2376), relayoutAsync=true, flags=1, newFlags=1245719809, title=NotificationShade
07-28 04:03:59.239  4913  4913 W VRI[NotificationShade]: updateBlastSurfaceIfNeeded, surfaceSize:Point(1080, 2376), lastSurfaceSize:Point(1080, 2376), format:-3, blastBufferQueue:android.graphics.BLASTBufferQueue@63a312
07-28 04:03:59.239  3405  3769 I UserAwareMgr: handleFgAppChanged, pkgName: com.android.systemui, pid: 4913, isVisible: true, fgAppType: FG2
07-28 04:03:59.239  3405  3769 I UserAwareMgr: fg app status not changed, beforeVisible: true, currentVisible: true
07-28 04:03:59.240  3405  5175 D WindowManagerServiceExtImpl: extractConfigInfoAndRealFlags rotation=0, screenDp=360, residentWS:0, scenario:0, bounds:2376, serverWinBounds:Rect(0, 0 - 1080, 2376), win=Window{851ce0 u0 NotificationShade}
07-28 04:03:59.240  4913  4913 I SurfaceControl:  setExtendedRangeBrightness sc=Surface(name=NotificationShade)/@0x898da61,currentBufferRatio=1.0,desiredRatio=1.0
07-28 04:03:59.240  3405  5175 V WindowManager: Relayout Window{851ce0 u0 NotificationShade}: viewVisibility=0, oldvis=0, req=1080x2376, vsysui=, x=0, y=0
07-28 04:03:59.241  4913  5765 V OplusCustomizeCacheManager: queryCache name: sys.cache.common_customize_cache11009 param: null
07-28 04:03:59.241  3405  5175 D RefreshRate: initControlPanelRefreshRateData PreferredRefreshRateData{mPreferredRefreshRateId=[3, 1, 2, 3],isAnimBoost=true}
07-28 04:03:59.241  3405  5175 D WindowManager: NFW_findFocusedWindowIfNeeded:Window{851ce0 u0 NotificationShade} mCurrentFocus:Window{7b5c666 u0 com.android.launcher/com.android.launcher.Launcher}
07-28 04:03:59.241  4913  4913 I PluginSeedling--CapsuleCard: CardRootViewModel-->onExpandedChanged: true
07-28 04:03:59.241  3405  5175 V WindowManager: Changing focus from Window{7b5c666 u0 com.android.launcher/com.android.launcher.Launcher} to Window{851ce0 u0 NotificationShade},diplayid=0
07-28 04:03:59.241  4913  4913 I PluginSeedling--StateMachine: StateEventManager-->stable: true, event: null
07-28 04:03:59.241  3405  4631 E OplusUIFirst_WS: unknown window type: -1
07-28 04:03:59.241  3405  4631 E UAH-Framework: invalid window type -1
07-28 04:03:59.241  3405  4710 E FBProcessManager: unknown window type: -1
07-28 04:03:59.241  3405  3862 D VRR [OPlusRefreshRateService]: Receive multi scene changed eventId = 5 bundleList.size = 2
07-28 04:03:59.242  3405  5175 D Theia.NoFocusWindow: FocusWindowErrorScene cancelCheckFreezeScreen
07-28 04:03:59.242  3405  5175 W TheiaWindowMonitor: [check] focusedWindow is null or enable is false
07-28 04:03:59.243  7499  7499 W Battery : PowerSaveTileService: updateTileState false
07-28 04:03:59.243  4913  5765 V OplusCustomizeCacheManager: queryCache name: sys.cache.common_customize_cache18027 param: null
07-28 04:03:59.244  4913  4913 W SystemUi--Common: SubsetBitmapDrawable-->[isValid] innerBitmap?.isRecycled=null
07-28 04:03:59.244  4913  4913 I SystemUi--Keyguard: ScrimControllerExImp-->blur State to UNLOCK, bouncer=false changeFromBouncerScrim= false runnerUnlock= false goingAway=false hasHandle=true isOccludeAnimationPlaying=false
07-28 04:03:59.245  4913  4913 I SystemUi--Keyguard: ScrimControllerExImp-->blur State to UNLOCK, bouncer=false changeFromBouncerScrim= false runnerUnlock= false goingAway=false hasHandle=true isOccludeAnimationPlaying=false
07-28 04:03:59.245  4913  5765 V OplusCustomizeCacheManager: queryCache name: sys.cache.common_customize_cache11010 param: null
07-28 04:03:59.245  4913  4913 I SystemUi--QuickSettings: QSPanelAnimatorManager-->showFirstElement
07-28 04:03:59.247  4913  4913 I SystemUi--Statusbar: BatteryViewBinder-->create drawable: com.oplus.systemui.statusbar.pipeline.battery.ui.drawable.HorizontalBatteryContentDrawable@25a1272 iconStyle:BatteryIconStyle(iconStyle=1, oldStylePercentIn=false, densityDpi=480, scaleFactor=1.0, themeId=0, isThemeModeColor=false, frameColorMode=0, isPercentOutBgMode=false, isPercentOutPbMode=false, batteryOutChargeBgMode=0)
07-28 04:03:59.248  3405  3745 D SurfaceComposerClient: Transaction::apply InputWindowCommands.focusRequests timestamp=58026329507, windowName=851ce0 NotificationShade
07-28 04:03:59.248  2240  2240 D OplusInfoMonitor: setListenerReport: reportInfo:
07-28 04:03:59.248  2240  2397 D SurfaceFlinger: captureLayers from pid 5415 uid -335
07-28 04:03:59.250  4913  4913 I SystemUi--Statusbar: BatteryViewBinder-->create drawable: com.oplus.systemui.statusbar.pipeline.battery.ui.drawable.HorizontalBatteryContentDrawable@7d86fb1 iconStyle:BatteryIconStyle(iconStyle=1, oldStylePercentIn=false, densityDpi=480, scaleFactor=1.0, themeId=0, isThemeModeColor=false, frameColorMode=0, isPercentOutBgMode=false, isPercentOutPbMode=false, batteryOutChargeBgMode=0)
07-28 04:03:59.251  4913  4913 W SystemUi--Common: SubsetBitmapDrawable-->[isValid] innerBitmap?.isRecycled=null
07-28 04:03:59.252  4913  4913 I SystemUi--Statusbar: BatteryViewBinder-->create drawable: com.oplus.systemui.statusbar.pipeline.battery.ui.drawable.HorizontalBatteryContentDrawable@138f215 iconStyle:BatteryIconStyle(iconStyle=1, oldStylePercentIn=false, densityDpi=480, scaleFactor=1.0, themeId=0, isThemeModeColor=false, frameColorMode=0, isPercentOutBgMode=false, isPercentOutPbMode=false, batteryOutChargeBgMode=0)
07-28 04:03:59.252  4913  4913 I SystemUi--Statusbar: BatteryViewBinder-->create drawable: com.oplus.systemui.statusbar.pipeline.battery.ui.drawable.HorizontalBatteryContentDrawable@3fa92a iconStyle:BatteryIconStyle(iconStyle=1, oldStylePercentIn=false, densityDpi=480, scaleFactor=1.0, themeId=0, isThemeModeColor=false, frameColorMode=0, isPercentOutBgMode=false, isPercentOutPbMode=false, batteryOutChargeBgMode=0)
07-28 04:03:59.253  1976  6146 I SnapAlloc: Using graphics libs for alignment calculations
07-28 04:03:59.254  1976  6146 I SnapAlloc: Using graphics libs for alignment calculations
07-28 04:03:59.254  4913  4913 D JankUtils: gfxSceneBegin; scene: 7; sceneDes: QS PULL
07-28 04:03:59.255  1976  6146 I SnapAlloc: Using graphics libs for alignment calculations
07-28 04:03:59.255  4913  6252 D Util    : isPkgInstalled_isPkgInstalled = false
07-28 04:03:59.255  3405  4863 I InputDispatcher: injectInputEvent: targetUid=<not set>, syncMode=WAIT_FOR_FINISHED, timeout=30000ms, policyFlags=0x8000000, event=MotionEvent { action=MOVE, id[0]=0, x[0]=900, y[0]=772.033, eventTime=58039000000, downTime=57926000000, deviceId=4, source=TOUCHSCREEN, displayId=0, eventId=0xee1134c1}
07-28 04:03:59.255  4913  4913 I SystemUi--Keyguard: ScrimControllerExImp-->blur State to UNLOCK, bouncer=false changeFromBouncerScrim= false runnerUnlock= false goingAway=false hasHandle=true isOccludeAnimationPlaying=false
07-28 04:03:59.255  4913  6252 D Util    : isPkgInstalled_isPkgInstalled = true
07-28 04:03:59.255  3405  3845 D PowerManagerService: userActivityNoUpdateLocked: groupId=0, eventTime=58039, event=touch, flags=0x0, uid=1000
07-28 04:03:59.256  4913  4913 I SystemUi--Keyguard: ScrimControllerExImp-->blur State to UNLOCK, bouncer=false changeFromBouncerScrim= false runnerUnlock= false goingAway=false hasHandle=true isOccludeAnimationPlaying=false
07-28 04:03:59.258  2240  3601 D SurfaceFlinger: updateWinowInfo=1, setFocusedWindow timestamp=58026329507, windowName=851ce0 NotificationShade
07-28 04:03:59.258  3405  5175 I InputDispatcher: NFW_setFocusedWindow, 851ce0 NotificationShade on display 0, same as the previous:0
07-28 04:03:59.258  3405  5175 I InputDispatcher: updateFocusedWindow, 851ce0 NotificationShade on display 0, reason: setFocusedWindow, result:   FocusedWindows:
07-28 04:03:59.258  3405  5175 I InputDispatcher:     displayId=0, name='851ce0 NotificationShade'
07-28 04:03:59.258  5274  5274 D VRI[Launcher]: onFocusEvent false
07-28 04:03:59.259  4913  4913 D VRI[NotificationShade]: onFocusEvent true
07-28 04:03:59.260  4913  4913 I SystemUi--Keyguard: ScrimControllerExImp-->blur State to UNLOCK, bouncer=false changeFromBouncerScrim= false runnerUnlock= false goingAway=false hasHandle=true isOccludeAnimationPlaying=false
07-28 04:03:59.261  4913  4913 I SystemUi--Keyguard: ScrimControllerExImp-->blur State to UNLOCK, bouncer=false changeFromBouncerScrim= false runnerUnlock= false goingAway=false hasHandle=true isOccludeAnimationPlaying=false
07-28 04:03:59.261  4913  4913 I SystemUi--QuickSettings: QSPanelAnimatorManager-->showSecondElement
07-28 04:03:59.264  4913  4913 I SystemUi--Keyguard: OplusRepeatWhenAttachedUnlock-->updateState: view.windowVisibility: 0, keyguardShow: false, isInPreviewMode: false, view.hasWindowFocus(): true
07-28 04:03:59.264  4913  4913 I SystemUi--Keyguard: OplusRepeatWhenAttachedUnlock-->updateState: view.windowVisibility: 0, keyguardShow: false, isInPreviewMode: false, view.hasWindowFocus(): true
07-28 04:03:59.267  1976  6146 I SnapAlloc: Using graphics libs for alignment calculations
07-28 04:03:59.267  4913  4913 I SystemUi--Keyguard: ScrimControllerExImp-->blur State to UNLOCK, bouncer=false changeFromBouncerScrim= false runnerUnlock= false goingAway=false hasHandle=true isOccludeAnimationPlaying=false
07-28 04:03:59.267  3405  4863 I InputDispatcher: injectInputEvent: targetUid=<not set>, syncMode=WAIT_FOR_FINISHED, timeout=30000ms, policyFlags=0x8000000, event=MotionEvent { action=MOVE, id[0]=0, x[0]=900, y[0]=850.833, eventTime=58051000000, downTime=57926000000, deviceId=4, source=TOUCHSCREEN, displayId=0, eventId=0xe0976bf6}
07-28 04:03:59.268  4913  4913 I SystemUi--Keyguard: ScrimControllerExImp-->blur State to UNLOCK, bouncer=false changeFromBouncerScrim= false runnerUnlock= false goingAway=false hasHandle=true isOccludeAnimationPlaying=false
07-28 04:03:59.275  4913  4913 I SystemUi--Keyguard: ScrimControllerExImp-->blur State to UNLOCK, bouncer=false changeFromBouncerScrim= false runnerUnlock= false goingAway=false hasHandle=true isOccludeAnimationPlaying=false
07-28 04:03:59.275  3405  4863 I InputDispatcher: injectInputEvent: targetUid=<not set>, syncMode=WAIT_FOR_FINISHED, timeout=30000ms, policyFlags=0x8000000, event=MotionEvent { action=MOVE, id[0]=0, x[0]=900, y[0]=903.366, eventTime=58059000000, downTime=57926000000, deviceId=4, source=TOUCHSCREEN, displayId=0, eventId=0xf9ece942}
07-28 04:03:59.276  4913  4913 I SystemUi--Keyguard: ScrimControllerExImp-->blur State to UNLOCK, bouncer=false changeFromBouncerScrim= false runnerUnlock= false goingAway=false hasHandle=true isOccludeAnimationPlaying=false
07-28 04:03:59.284  1976  6146 I SnapAlloc: Using graphics libs for alignment calculations
07-28 04:03:59.284  4913  4913 I SystemUi--Keyguard: ScrimControllerExImp-->blur State to UNLOCK, bouncer=false changeFromBouncerScrim= false runnerUnlock= false goingAway=false hasHandle=true isOccludeAnimationPlaying=false
07-28 04:03:59.284  3405  4863 I InputDispatcher: injectInputEvent: targetUid=<not set>, syncMode=WAIT_FOR_FINISHED, timeout=30000ms, policyFlags=0x8000000, event=MotionEvent { action=MOVE, id[0]=0, x[0]=900, y[0]=955.9, eventTime=58067000000, downTime=57926000000, deviceId=4, source=TOUCHSCREEN, displayId=0, eventId=0xf018d3db}
07-28 04:03:59.284  4913  4913 I SystemUi--Keyguard: ScrimControllerExImp-->blur State to UNLOCK, bouncer=false changeFromBouncerScrim= false runnerUnlock= false goingAway=false hasHandle=true isOccludeAnimationPlaying=false
07-28 04:03:59.284  4913  5406 I SystemUi--Statusbar: PrivacyDotViewController-->processNextViewState: 
07-28 04:03:59.284  4913  5406 I SystemUi--Statusbar: PrivacyDotViewController-->resolveState ViewState(viewInitialized=true, systemPrivacyEventIsActive=false, shadeExpanded=true, needShow=false, portraitRect=Rect(0, 0 - 1080, 120), landscapeRect=Rect(120, 0 - 2376, 120), upsideDownRect=Rect(0, 0 - 1080, 120), seascapeRect=Rect(0, 0 - 2244, 120), layoutRtl=false, rotation=0, paddingTop=14, paddingBottom=15, cornerIndex=1, designatedCorner=android.widget.FrameLayout{34b72f1 I.E...... ......ID 1032,0-1080,120 #7f0a09cd app:id/privacy_dot_top_right_container alpha=1.0 viewInfo = }, contentDescription=null, dotMargin=48)
07-28 04:03:59.292  4913  4913 I SystemUi--Keyguard: ScrimControllerExImp-->blur State to UNLOCK, bouncer=false changeFromBouncerScrim= false runnerUnlock= false goingAway=false hasHandle=true isOccludeAnimationPlaying=false
07-28 04:03:59.292  3405  4863 I InputDispatcher: injectInputEvent: targetUid=<not set>, syncMode=WAIT_FOR_FINISHED, timeout=30000ms, policyFlags=0x8000000, event=MotionEvent { action=MOVE, id[0]=0, x[0]=900, y[0]=1015, eventTime=58076000000, downTime=57926000000, deviceId=4, source=TOUCHSCREEN, displayId=0, eventId=0xc1e15875}
07-28 04:03:59.293  4913  4913 I SystemUi--Keyguard: ScrimControllerExImp-->blur State to UNLOCK, bouncer=false changeFromBouncerScrim= false runnerUnlock= false goingAway=false hasHandle=true isOccludeAnimationPlaying=false
07-28 04:03:59.300  1976  6146 I SnapAlloc: Using graphics libs for alignment calculations
07-28 04:03:59.301  4913  4913 I SystemUi--Keyguard: ScrimControllerExImp-->blur State to UNLOCK, bouncer=false changeFromBouncerScrim= false runnerUnlock= false goingAway=false hasHandle=true isOccludeAnimationPlaying=false
07-28 04:03:59.301  3405  4863 I InputDispatcher: injectInputEvent: targetUid=<not set>, syncMode=WAIT_FOR_FINISHED, timeout=30000ms, policyFlags=0x8000000, event=MotionEvent { action=MOVE, id[0]=0, x[0]=900, y[0]=1067.53, eventTime=58084000000, downTime=57926000000, deviceId=4, source=TOUCHSCREEN, displayId=0, eventId=0xcacfc6e7}
07-28 04:03:59.301  4913  4913 I SystemUi--Keyguard: ScrimControllerExImp-->blur State to UNLOCK, bouncer=false changeFromBouncerScrim= false runnerUnlock= false goingAway=false hasHandle=true isOccludeAnimationPlaying=false
07-28 04:03:59.309  4913  4913 I SystemUi--Keyguard: ScrimControllerExImp-->blur State to UNLOCK, bouncer=false changeFromBouncerScrim= false runnerUnlock= false goingAway=false hasHandle=true isOccludeAnimationPlaying=false
07-28 04:03:59.309  3405  4863 I InputDispatcher: injectInputEvent: targetUid=<not set>, syncMode=WAIT_FOR_FINISHED, timeout=30000ms, policyFlags=0x8000000, event=MotionEvent { action=MOVE, id[0]=0, x[0]=900, y[0]=1126.63, eventTime=58093000000, downTime=57926000000, deviceId=4, source=TOUCHSCREEN, displayId=0, eventId=0xe28ae657}
07-28 04:03:59.309  4913  4913 I SystemUi--Keyguard: ScrimControllerExImp-->blur State to UNLOCK, bouncer=false changeFromBouncerScrim= false runnerUnlock= false goingAway=false hasHandle=true isOccludeAnimationPlaying=false
07-28 04:03:59.317  1976  6146 I SnapAlloc: Using graphics libs for alignment calculations
07-28 04:03:59.317  4913  4913 I SystemUi--Keyguard: ScrimControllerExImp-->blur State to UNLOCK, bouncer=false changeFromBouncerScrim= false runnerUnlock= false goingAway=false hasHandle=true isOccludeAnimationPlaying=false
07-28 04:03:59.317  3405  4863 I InputDispatcher: injectInputEvent: targetUid=<not set>, syncMode=WAIT_FOR_FINISHED, timeout=30000ms, policyFlags=0x8000000, event=MotionEvent { action=MOVE, id[0]=0, x[0]=900, y[0]=1179.17, eventTime=58101000000, downTime=57926000000, deviceId=4, source=TOUCHSCREEN, displayId=0, eventId=0xfd264693}
07-28 04:03:59.318  4913  4913 I SystemUi--Keyguard: ScrimControllerExImp-->blur State to UNLOCK, bouncer=false changeFromBouncerScrim= false runnerUnlock= false goingAway=false hasHandle=true isOccludeAnimationPlaying=false
07-28 04:03:59.325  4913  4913 I SystemUi--Keyguard: ScrimControllerExImp-->blur State to UNLOCK, bouncer=false changeFromBouncerScrim= false runnerUnlock= false goingAway=false hasHandle=true isOccludeAnimationPlaying=false
07-28 04:03:59.325  3405  4863 I InputDispatcher: injectInputEvent: targetUid=<not set>, syncMode=WAIT_FOR_FINISHED, timeout=30000ms, policyFlags=0x8000000, event=MotionEvent { action=MOVE, id[0]=0, x[0]=900, y[0]=1231.7, eventTime=58109000000, downTime=57926000000, deviceId=4, source=TOUCHSCREEN, displayId=0, eventId=0xf421a5f4}
07-28 04:03:59.326  4913  4913 I SystemUi--Keyguard: ScrimControllerExImp-->blur State to UNLOCK, bouncer=false changeFromBouncerScrim= false runnerUnlock= false goingAway=false hasHandle=true isOccludeAnimationPlaying=false
07-28 04:03:59.334  1976  6146 I SnapAlloc: Using graphics libs for alignment calculations
07-28 04:03:59.334  4913  4913 I SystemUi--Keyguard: ScrimControllerExImp-->blur State to UNLOCK, bouncer=false changeFromBouncerScrim= false runnerUnlock= false goingAway=false hasHandle=true isOccludeAnimationPlaying=false
07-28 04:03:59.334  3405  4863 I InputDispatcher: injectInputEvent: targetUid=<not set>, syncMode=WAIT_FOR_FINISHED, timeout=30000ms, policyFlags=0x8000000, event=MotionEvent { action=MOVE, id[0]=0, x[0]=900, y[0]=1290.8, eventTime=58118000000, downTime=57926000000, deviceId=4, source=TOUCHSCREEN, displayId=0, eventId=0xc2af2212}
07-28 04:03:59.334  4913  4913 I SystemUi--Keyguard: ScrimControllerExImp-->blur State to UNLOCK, bouncer=false changeFromBouncerScrim= false runnerUnlock= false goingAway=false hasHandle=true isOccludeAnimationPlaying=false
07-28 04:03:59.342  3405  4863 I InputDispatcher: injectInputEvent: targetUid=<not set>, syncMode=WAIT_FOR_FINISHED, timeout=30000ms, policyFlags=0x8000000, event=MotionEvent { action=MOVE, id[0]=0, x[0]=900, y[0]=1343.33, eventTime=58126000000, downTime=57926000000, deviceId=4, source=TOUCHSCREEN, displayId=0, eventId=0xd39f9e2b}
07-28 04:03:59.342  4913  4913 I SystemUi--Keyguard: ScrimControllerExImp-->blur State to UNLOCK, bouncer=false changeFromBouncerScrim= false runnerUnlock= false goingAway=false hasHandle=true isOccludeAnimationPlaying=false
07-28 04:03:59.343  4913  4913 I SystemUi--Keyguard: ScrimControllerExImp-->blur State to UNLOCK, bouncer=false changeFromBouncerScrim= false runnerUnlock= false goingAway=false hasHandle=true isOccludeAnimationPlaying=false
07-28 04:03:59.345  4913  4913 I SystemUi--QuickSettings: QsLottieUtils-->getLottieAnimFile : qs/qs_location_lottie_active_sep_dual_light.json
07-28 04:03:59.347  4913  5627 D HWUI    : OplusRenderNodeAnimator end!
07-28 04:03:59.347  4913  5627 D HWUI    : OplusRenderNodeAnimator end!
07-28 04:03:59.347  4913  5627 D HWUI    : OplusRenderNodeAnimator end!
07-28 04:03:59.347  4913  5627 D HWUI    : OplusRenderNodeAnimator end!
07-28 04:03:59.349  4913  4913 I SystemUi--QuickSettings: QsLottieUtils-->getLottieAnimFile : qs/qs_nfc_lottie_active_sep_dual_light.json
07-28 04:03:59.350  4913  4913 I SystemUi--Statusbar: CollapsedStatusBarFragmentExImpl-->animateHiddenState onAnimationEnd v:com.oplus.systemui.statusbar.widget.EndSideContentLayout{2260381 V.E...... ........ 172,0-440,91 #7f0a0c16 app:id/status_bar_end_side_content alpha=1.0 viewInfo = }  v alpha:1.0 v render alpha:0.0 animateAlpha=0.0
07-28 04:03:59.350  4913  4913 I SystemUi--Statusbar: CollapsedStatusBarFragmentExImpl-->animateHiddenState onAnimationEnd v:com.android.keyguard.AlphaOptimizedLinearLayout{71e7997 V.E...... ........ 0,0-48,91 alpha=1.0 viewInfo = }  v alpha:1.0 v render alpha:0.0 animateAlpha=0.0
07-28 04:03:59.350  4913  4913 I SystemUi--Statusbar: CollapsedStatusBarFragmentExImpl-->animateHiddenState onAnimationEnd v:com.oplus.systemui.statusbar.seeding.CapsulePluginContainer{886f2d1 V.E...... ........ 0,0-1080,120 #7f0a0b3b app:id/seeding_card_container alpha=1.0 viewInfo = }  v alpha:1.0 v render alpha:0.0 animateAlpha=0.0
07-28 04:03:59.350  4913  4913 I SystemUi--Statusbar: CollapsedStatusBarFragmentExImpl-->animateHiddenState onAnimationEnd v:com.oplus.systemui.statusbar.widget.StatClock{ff4b8ca V.ED..... ........ 0,0-139,91 #7f0a02b9 app:id/clock alpha=1.0 viewInfo = }  v alpha:1.0 v render alpha:0.0 animateAlpha=0.0
07-28 04:03:59.350  4913 13117 W LOG_Effective: Effective doesn't support layer effects. If you are using them for  fills, strokes, trim paths etc. then try adding them directly as contents  in your shape. Found: [Slider Control]
07-28 04:03:59.350  1976  6146 I SnapAlloc: Using graphics libs for alignment calculations
07-28 04:03:59.350  4913 13117 W LOG_Effective: Animation contains merge paths. Merge paths are only supported on KitKat+ and must be manually enabled by calling enableMergePathsForKitKatAndAbove().
07-28 04:03:59.351  4913  4913 I SystemUi--Keyguard: ScrimControllerExImp-->blur State to UNLOCK, bouncer=false changeFromBouncerScrim= false runnerUnlock= false goingAway=false hasHandle=true isOccludeAnimationPlaying=false
07-28 04:03:59.351  4913  4913 I SystemUi--Keyguard: ScrimControllerExImp-->blur State to UNLOCK, bouncer=false changeFromBouncerScrim= false runnerUnlock= false goingAway=false hasHandle=true isOccludeAnimationPlaying=false
07-28 04:03:59.351  3405  4863 I InputDispatcher: injectInputEvent: targetUid=<not set>, syncMode=WAIT_FOR_FINISHED, timeout=30000ms, policyFlags=0x8000000, event=MotionEvent { action=MOVE, id[0]=0, x[0]=900, y[0]=1402.43, eventTime=58135000000, downTime=57926000000, deviceId=4, source=TOUCHSCREEN, displayId=0, eventId=0xf0cd1293}
07-28 04:03:59.358  4913  4913 W LOG_Effective: Animation contains merge paths but they are disabled.
07-28 04:03:59.359  3405  4863 I InputDispatcher: injectInputEvent: targetUid=<not set>, syncMode=WAIT_FOR_FINISHED, timeout=30000ms, policyFlags=0x8000000, event=MotionEvent { action=MOVE, id[0]=0, x[0]=900, y[0]=1454.97, eventTime=58143000000, downTime=57926000000, deviceId=4, source=TOUCHSCREEN, displayId=0, eventId=0xfd1d5200}
