07-29 14:00:27.824  4863  5428 V OplusCustomizeCacheManager: queryCache name: sys.cache.common_customize_cache18026 param: null
07-29 14:00:27.824  4863  5428 V OplusCustomizeCacheManager: queryCache name: sys.cache.common_customize_cache18026 param: null
07-29 14:00:27.828  3322  3322 D OplusWifiBroadCastDispatcher: mBroadcastReceiver: onReceiver  action=android.intent.action.AIRPLANE_MODE
07-29 14:00:27.828  4863  5725 I SystemUi--QuickSettings: Tile.OplusAirplaneModeTile-->handleUpdateState state.state: 2 value: 0
07-29 14:00:27.828  4863  5725 V OplusCustomizeCacheManager: queryCache name: sys.cache.common_customize_cache18026 param: null
07-29 14:00:27.829  3322  4464 D BluetoothSystemServer: BluetoothRadioModeListener: Not sensitive to airplane_mode_radios change. Forced to false
07-29 14:00:27.829  4863  5725 V OplusCustomizeCacheManager: queryCache name: sys.cache.common_customize_cache11009 param: null
07-29 14:00:27.829  3322  4644 D OplusWifiSwitchStateMonitor: mWifiSettingsValue:0
07-29 14:00:27.829  4863  4863 I SystemUi--Statusbar: OplusStatusBarSignalPolicy-->imsIcon: OplusIMSModel(shouldShowVolte=false, shouldShowVowifi=false, simInserted=true, noSim=false, shouldShowVodata=false, shouldShowVo5G=false, vowifiState=false), OplusIMSModel(shouldShowVolte=false, shouldShowVowifi=false, simInserted=false, noSim=true, shouldShowVodata=false, shouldShowVo5G=false, vowifiState=false), noSubs:false, airplaneMode:falsevisible: false ,wifiConnect:false , vowifiIcon:0 , voDataStatus:false, is5GNewCall:false
07-29 14:00:27.829  3322  4644 D OplusWifiSwitchStateMonitor: notify scan state: true
07-29 14:00:27.829  4863  4863 I SystemUi--Statusbar: OplusStatusBarSignalPolicy-->noSimIcon simState: SimStateModel(simInserted=[true, false], simForbidden=[false, true], simStateIMSI=[true, false], simLoaded=[true, false]), noSubs:false isAirplaneMode:false
07-29 14:00:27.829  4863  4863 I SystemUi--Statusbar: OplusMobileIconViewModel-->isVisible subId:1 isAirplaneMode:false isAllowedDuringAirplaneMode:false isForceHidden:false isSatelliteForbid:false
07-29 14:00:27.829  4863  4863 I SystemUi--Statusbar: OplusStatusBarMobileViewBinder-->isVisible:true
07-29 14:00:27.829  4863  4863 I SystemUi--Statusbar: OplusStatusBarMobileViewBinder-->isVisible:true
07-29 14:00:27.829  4863  4863 I SystemUi--Statusbar: OplusStatusBarMobileViewBinder-->isVisible:true
07-29 14:00:27.829  4863  4863 I SystemUi--Statusbar: OplusStatusBarMobileViewBinder-->isVisible:true
07-29 14:00:27.829  4863  4863 I SystemUi--Statusbar: OplusStatusBarMobileViewBinder-->isVisible:true
07-29 14:00:27.829  5217  5217 D SubsysBroadcastManager: onReceive action:android.intent.action.AIRPLANE_MODE
07-29 14:00:27.829  3322  4524 D WifiController: Airplane mode disabled, determine next state
07-29 14:00:27.829  5024  5024 W Settings: Setting airplane_mode_on has moved from android.provider.Settings.System to android.provider.Settings.Global, returning read-only value.
07-29 14:00:27.829  5042  8284 I txpwradmin:SettingsObserver: onChange for uri = content://settings/global/airplane_mode_on
07-29 14:00:27.830  7280  8265 I SettingImpl: isAirplaneModeToggleChecked switchValue: -1, airplane mode isChecked is false
07-29 14:00:27.830  2009  2024 E PerformanceService: [damon_reclaim] Failed to open wmarks_xxx, Linux version 6.6.30
07-29 14:00:27.830  3322  4285 E PerformanceManager: setDamonReclaimWmarks succeed.
07-29 14:00:27.830  5042  8284 D txpwrJni: sendRadioStatus start
07-29 14:00:27.830  5217  5217 D NetworkService[0]: onAirPlaneModeChange isAirPlaneModeOn:false
07-29 14:00:27.830  5217  5217 D NetworkService[1]: onAirPlaneModeChange isAirPlaneModeOn:false
07-29 14:00:27.830  4944  4944 W Settings: Setting airplane_mode_on has moved from android.provider.Settings.System to android.provider.Settings.Global, returning read-only value.
07-29 14:00:27.830  4944  4944 W Settings: Setting airplane_mode_on has moved from android.provider.Settings.System to android.provider.Settings.Global, returning read-only value.
07-29 14:00:27.830  4944  4944 W Settings: Setting airplane_mode_on has moved from android.provider.Settings.System to android.provider.Settings.Global, returning read-only value.
07-29 14:00:27.830  4944  4944 W Settings: Setting airplane_mode_on has moved from android.provider.Settings.System to android.provider.Settings.Global, returning read-only value.
07-29 14:00:27.830  3322  4643 D OplusWifiPower_ConnLpmEventObsever: AIRPLANE_MODE_ON:false
07-29 14:00:27.830  4944  4944 W Settings: Setting airplane_mode_on has moved from android.provider.Settings.System to android.provider.Settings.Global, returning read-only value.
07-29 14:00:27.830  5217  5217 D QuickChangeAirplaneModeEvent: airplane mode off
07-29 14:00:27.830  5217  5217 W Settings: Setting airplane_mode_on has moved from android.provider.Settings.System to android.provider.Settings.Global, returning read-only value.
07-29 14:00:27.830  5012  5848 D ResidenceLocSm: onPreHandleMessage 49
07-29 14:00:27.830  5012  5848 D ResidenceLocSm: onPostHandleMessage 49
07-29 14:00:27.831  5121  5121 I QImsService: OplusWifiApmStateMgr : ACTION_AIRPLANE_MODE_CHANGED,mIsAirplaneModeOn: false
07-29 14:00:27.831  5121  5121 I QImsService: OplusImsServiceSubImpl : onTurnOffImsAfterWifiChanged : false
07-29 14:00:27.831  5121  5121 I QImsService: OplusImsServiceSubImpl : onTurnOffImsAfterWifiChanged : false
07-29 14:00:27.831  4944  4944 D PhoneGlobals: ACTION_AIRPLANE_MODE_CHANGED received
07-29 14:00:27.831  4944  4944 D PhoneGlobals: Receive ACTION_AIRPLANE_MODE_CHANGED, state: false
07-29 14:00:27.831  4944  4944 I PhoneGlobals: handleAirplaneModeChange: isAirplaneNewlyOn=false
07-29 14:00:27.831  4944  4944 D PhoneGlobals: handleAirplaneModeChange: isAirplaneNewlyOn = false, cellState = 2
07-29 14:00:27.831  4944  4944 I PhoneGlobals: Turning radio on - airplane
07-29 14:00:27.831  5012  7496 I PCDR-common_no_service[0]: forbidden
07-29 14:00:27.831  5012  5858 D OplusLinkBoostMeeting: onAirplaneModeChange
07-29 14:00:27.831  5012  7496 I PCDR-common_no_45g[0]: forbidden
07-29 14:00:27.831  5012  7496 I PCDR-common_no_service[1]: forbidden
07-29 14:00:27.831  5012  7496 I PCDR-common_no_45g[1]: forbidden
07-29 14:00:27.831  3322  4524 D WifiActiveModeWarden: Starting primary ClientModeManager in scan only mode
07-29 14:00:27.831  5012  5920 D ElevatorEvent: enableElevatorDetect mIsElevSensorReg = false
07-29 14:00:27.832  5024  5024 I HidlServiceManagement: Trying to get transport of vendor.oplus.hardware.appradio@1.0::IOplusAppRadio/oplus_app_slot1 without hwservicemanager
07-29 14:00:27.832  5217  5217 D RadioMessenger: handleMessage Request msgid 2215
07-29 14:00:27.832  5012  5863 D NAS-CallIssueDetector: notifyApmChanged
07-29 14:00:27.832  5024  5024 E NhsAppRIL/0: in getOplusRadioProxy getService: Exception: java.util.NoSuchElementException
07-29 14:00:27.832  5012  5920 V SystemSensorManagerExtImpl: RegisterListener elevator_detect  Wakeup type:33171036 delay:200000us by com.oplus.nas.comm.event.ElevatorEvent$a@2ffe19a from com.oplus.nas
07-29 14:00:27.833  5024  5024 D NhsElevatorReceiver: enableElevatorDetect mIsElevSensorReg = false
07-29 14:00:27.833  5024  5024 V SystemSensorManagerExtImpl: RegisterListener elevator_detect  Wakeup type:33171036 delay:200000us by t0.g$b@13bccde from com.oplus.nhs
07-29 14:00:27.834  5012  5863 D NAS-CallIssueDetector: EVENT_SIM_STATE_CHANGE mSimState[0] LOADED
07-29 14:00:27.834  5012  5863 D SceneEvent: registerSensorMgr start
07-29 14:00:27.833  3322  4524 D WifiController: DisabledState.exit()
07-29 14:00:27.834  3322  4524 D WifiController: EnabledState.enter()
07-29 14:00:27.834  3322  4524 D WifiClientModeManager[59703:unknown]: entering IdleState
07-29 14:00:27.834  3322  4893 D SensorService: createSensorEventConnection packageName = com.oplus.nas.comm.event.ElevatorEvent, opPackageName = com.oplus.nas, mCurrentOperatingMode = 0, requestedMode = 0
07-29 14:00:27.834  3322  4464 D BluetoothSystemServer: AirplaneModeListener: Ignore mode change to same state. previousMode=false, isOn=false, isOnOverrode=false, isMediaConnected=false
07-29 14:00:27.835  3322  5365 D SensorService: createSensorEventConnection packageName = t0.g, opPackageName = com.oplus.nhs, mCurrentOperatingMode = 0, requestedMode = 0
07-29 14:00:27.835  4863  4863 D RowAnimatorExtImpl: init:tx,view:StatusBarIconView(slot='volume' alpha=1.0 icon=StatusBarIcon(icon=Icon(typ=RESOURCE pkg=com.android.systemui id=0x7f0818f0) visible user=0 ) visibleState=ICON iconColor=#ccffffff staticDrawableColor=#ccffffff decorColor=#ffffffff animationStartColor=#0 currentSetColor=#ccffffff notification=null),translationX:  9.0  0.0  
07-29 14:00:27.835  4863  4863 D RowAnimatorExtImpl: init:tx,view:StatusBarIconView(slot='zen' alpha=1.0 icon=StatusBarIcon(icon=Icon(typ=RESOURCE pkg=com.android.systemui id=0x7f0818e1) visible user=0 ) visibleState=ICON iconColor=#ccffffff staticDrawableColor=#ccffffff decorColor=#ffffffff animationStartColor=#0 currentSetColor=#ccffffff notification=null),translationX:  57.0  48.0  
07-29 14:00:27.836  4863  4863 D RowAnimatorExtImpl: init:tx,view:StatusBarIconView(slot='volume' alpha=1.0 icon=StatusBarIcon(icon=Icon(typ=RESOURCE pkg=com.android.systemui id=0x7f0818f0) visible user=0 ) visibleState=ICON iconColor=#ccffffff staticDrawableColor=#ccffffff decorColor=#ffffffff animationStartColor=#0 currentSetColor=#ccffffff notification=null),translationX:  9.0  0.0  
07-29 14:00:27.836  4863  4863 D RowAnimatorExtImpl: init:tx,view:StatusBarIconView(slot='zen' alpha=1.0 icon=StatusBarIcon(icon=Icon(typ=RESOURCE pkg=com.android.systemui id=0x7f0818e1) visible user=0 ) visibleState=ICON iconColor=#ccffffff staticDrawableColor=#ccffffff decorColor=#ffffffff animationStartColor=#0 currentSetColor=#ccffffff notification=null),translationX:  57.0  48.0  
07-29 14:00:27.836  5217  5217 D RadioProxyJ: [PHONE0][92]> getNecData moduleId:1 evtId:[0, 16, 0, 0, 0, 0, 0, 0, 0, 0, 0, 0, 0, 0, 0, 0, 0, 0, 0, 0, 0, 0, 0, 0, 0, 0, 0, 0, 0, 0, 0, 0]
07-29 14:00:27.836  4863  4863 D RowAnimatorExtImpl: init:tx,view:StatusBarIconView(slot='volume' alpha=1.0 icon=StatusBarIcon(icon=Icon(typ=RESOURCE pkg=com.android.systemui id=0x7f0818f0) visible user=0 ) visibleState=ICON iconColor=#ccffffff staticDrawableColor=#ccffffff decorColor=#ffffffff animationStartColor=#0 currentSetColor=#ccffffff notification=null),translationX:  9.0  0.0  
07-29 14:00:27.836  4863  4863 D RowAnimatorExtImpl: init:tx,view:StatusBarIconView(slot='zen' alpha=1.0 icon=StatusBarIcon(icon=Icon(typ=RESOURCE pkg=com.android.systemui id=0x7f0818e1) visible user=0 ) visibleState=ICON iconColor=#ccffffff staticDrawableColor=#ccffffff decorColor=#ffffffff animationStartColor=#0 currentSetColor=#ccffffff notification=null),translationX:  57.0  48.0  
07-29 14:00:27.837  4863  5725 I SystemUi--QuickSettings: Tile.OplusAirplaneModeTile-->handleUpdateState state.state: 1 value: 0
07-29 14:00:27.837  4863  5725 V OplusCustomizeCacheManager: queryCache name: sys.cache.common_customize_cache18026 param: null
07-29 14:00:27.838  3396  3427 D QmiVsClient: getNecData - enter
07-29 14:00:27.839  3396  3427 E QmiVsClient: sendAsyncRequest QMI_VS_GET_NEC_DATA_REQ_MSG_V01 ret 0
07-29 14:00:27.839  3322  5390 W SensorService: SensorEventConnection sensor handle=1362, package = t0.g enable
07-29 14:00:27.839  3322  5390 E SensorService: Required app t0.g, uid 1001, pid 5024
07-29 14:00:27.839  3322  5390 D SensorService: Calling batch handle==1362 flags=0rate=200000000 timeout== 0
07-29 14:00:27.839  3322  5390 D SensorService: SensorDevice::batch: ident=0xb400007b66342a80, handle=0x00000552, flags=0, period_ns=200000000 timeout=0
07-29 14:00:27.839  3322  5390 D SensorService: 	>>> actuating h/w BATCH 0x00000552 200000000 0
07-29 14:00:27.839  1855  1855 I sensors-hal: batch:153, qti.sensor.elevator_detect/1362, period=200000000, max_latency=0
07-29 14:00:27.839  1855  1855 I sensors-hal: batch:175, qti.sensor.elevator_detect/1362, period=200000000, max_latency=0 request completed
07-29 14:00:27.839  3322  5390 D SensorService: Calling activate on 1362
07-29 14:00:27.839  3322  5390 D SensorService: SensorDevice::activate: ident=0xb400007b66342a80, handle=0x00000552, enabled=1, count=1
07-29 14:00:27.840  3322  5390 D SensorService: enable index=0
07-29 14:00:27.840  3322  5390 D SensorService: info.numActiveClients() = 1, info.isActive = 0
07-29 14:00:27.839  1882  1914 W android.hardware.wifi-service: No active wlan interfaces in use! Using default
07-29 14:00:27.840  3322  5390 D SensorService: activateHardware = 1
07-29 14:00:27.840  3322  5390 D SensorService: 	>>> actuating h/w activate handle=1362 enabled=1
07-29 14:00:27.840  1855  1855 I sensors-hal: activate:112, qti.sensor.elevator_detect/1362 en=1
07-29 14:00:27.840  1855  1855 I sensors-hal: acquire_qsh_interface:131, acquire_qsh_interface with sensor_id 28 , conn_type 2 
07-29 14:00:27.840  3322  5381 W SensorService: SensorEventConnection sensor handle=1362, package = com.oplus.nas.comm.event.ElevatorEvent enable
07-29 14:00:27.840  3322  5381 E SensorService: Required app com.oplus.nas.comm.event.ElevatorEvent, uid 1000, pid 5012
07-29 14:00:27.841  1822  1876 E minksocket: MinkIPC ERROR: ( 1822:1876 ) MinkIPC_preProcess:272 Client down, but cannot find corresponding minksession
07-29 14:00:27.841  1822  1865 E minksocket: MinkIPC ERROR: ( 1822:1865 ) MinkIPC_preProcess:272 Client down, but cannot find corresponding minksession
07-29 14:00:27.841  1822  1865 E minksocket: MinkIPC ERROR: ( 1822:1865 ) MinkIPC_preProcess:272 Client down, but cannot find corresponding minksession
07-29 14:00:27.841  3322  4524 D OplusWifiConcurrentManager: isConcurrentCombinationAllowed : createMode= 0, requestType =-1
07-29 14:00:27.841  1822  1876 E minksocket: MinkIPC ERROR: ( 1822:1876 ) MinkIPC_preProcess:272 Client down, but cannot find corresponding minksession
07-29 14:00:27.842  3322  4524 I HalDevMgr: currentModeId=3, requestModeId=3, currentModeIdValid=true
07-29 14:00:27.842  1882  1882 D WifiHAL : wifi_set_interface_mode: ifname=wlan0 iface_type=0
07-29 14:00:27.842  1882  1882 I android.hardware.wifi-service: Adding interface handle for wlan0
07-29 14:00:27.842  1882  1882 I android.hardware.wifi-service: Adding interface handle for wifi-aware0
07-29 14:00:27.842  1882  1882 I android.hardware.wifi-service: Adding interface handle for p2p0
07-29 14:00:27.842  3322  5385 W BestClock: java.time.DateTimeException: Missing network time fix
07-29 14:00:27.842  1822  1865 E minksocket: MinkIPC ERROR: ( 1822:1865 ) MinkIPC_preProcess:272 Client down, but cannot find corresponding minksession
07-29 14:00:27.843  1722  1766 E TetherController: property_get sys.radio.data.modem_share_flag return 0, 1!
07-29 14:00:27.843  1822  1876 E minksocket: MinkIPC ERROR: ( 1822:1876 ) MinkIPC_preProcess:272 Client down, but cannot find corresponding minksession
07-29 14:00:27.843  3322  4524 D HalDevMgr: updateRttController: no one is interested in RTT controllers
07-29 14:00:27.843  1855  1855 I sensors-hal: qsh_qmi:34, qsh_qmi
07-29 14:00:27.843  4863  5167 I SystemUi--QuickSettings: Tile.OplusCellularTile-->updateCarrierText: dialog not showing, ignore
07-29 14:00:27.843  1855  1855 I sensors-hal: send_sync_sensor_request:443, send sync request
07-29 14:00:27.843  3322  4524 E HalDevMgr: removeP2pAndSapCombination do nothing: mIsAddedP2pAndSapCombination = false
07-29 14:00:27.843  1855  1855 I sensors-hal: send_sync_sensor_request:472, wait for notification of response
07-29 14:00:27.843  1882  1882 W android.hardware.wifi-service: AIBinder_linkToDeath is being called with a non-null cookie and no onUnlink callback set. This might not be intended. AIBinder_DeathRecipient_setOnUnlinked should be called first.
07-29 14:00:27.843  1882  1882 I android.hardware.wifi-service: twtRegisterEvents is not supported-3
07-29 14:00:27.843  3396  3942 D QmiVsClient: getNecData callback - enter
07-29 14:00:27.843  1822  1865 E minksocket: MinkIPC ERROR: ( 1822:1865 ) MinkIPC_preProcess:272 Client down, but cannot find corresponding minksession
07-29 14:00:27.843  1822  1876 E minksocket: MinkIPC ERROR: ( 1822:1876 ) MinkIPC_preProcess:272 Client down, but cannot find corresponding minksession
07-29 14:00:27.843  3396  3427 D VsProxy : handleMessage msg is 4001
07-29 14:00:27.843  4863  5167 D SimStateHelper: slot:0, lock state:Bundle[mParcelledData.dataSize=56]
07-29 14:00:27.843  3396  3427 D RadioProxy: getNecData : response cb for instance 0
07-29 14:00:27.843  1882  1882 W android.hardware.wifi-service: AIBinder_linkToDeath is being called with a non-null cookie and no onUnlink callback set. This might not be intended. AIBinder_DeathRecipient_setOnUnlinked should be called first.
07-29 14:00:27.843  4863  5167 D SimStateHelper: slot:1, lock state:Bundle[mParcelledData.dataSize=56]
07-29 14:00:27.843  4863  5167 D SimStateHelper: needDisableMenu: slot1State=-1; slot2State=-1
07-29 14:00:27.843  4863  5167 D SimStateHelper: needDisableMenu:false
07-29 14:00:27.844  1882  1882 D WifiHAL : wifi_get_chip_capabilities: max mlo assoc link cnt: 2 str link cnt 2
07-29 14:00:27.844  1855 13165 I sensors-hal: qsh_conn_resp_cb:793, resp_value = 0 for elevator_detect 
07-29 14:00:27.844  3322  5385 W BestClock: java.time.DateTimeException: Missing network time fix
07-29 14:00:27.844  3322  4524 D WifiNl80211Manager: Setting up interface for client mode: wlan0
07-29 14:00:27.844  5217  7164 D RadioProxyJ: [PHONE0][92]< getNecDataResponse ******
07-29 14:00:27.844  5217  5217 D MessengerResponseHandler: handleMessage Response msgid 206
07-29 14:00:27.844  1855  1855 I sensors-hal: send_sync_sensor_request:478, takes 1 ms to receive the response with 0
07-29 14:00:27.844  1855  1855 I sensors-hal: activate:131, qti.sensor.elevator_detect/1362 en=1 completed
07-29 14:00:27.844  3322  5390 D SensorService: 0xb400007b66342a80 addFd fd=932
07-29 14:00:27.844  2740  2740 I wificond: Current driver country code US
07-29 14:00:27.844  3322  5369 D WifiNl80211Manager: OnRegDomainChanged US
07-29 14:00:27.844  2740  2740 I wificond: createClientInterface: wiphy_index 0 iface_name wlan0
07-29 14:00:27.844  3322  5381 D SensorService: Calling batch handle==1362 flags=0rate=200000000 timeout== 0
07-29 14:00:27.844  3322  5381 D SensorService: SensorDevice::batch: ident=0xb400007bb86bc600, handle=0x00000552, flags=0, period_ns=200000000 timeout=0
07-29 14:00:27.844  5024  5024 D NhsElevatorReceiver: elevator:registerForElevatorDetect  , true mIsElevSensorReg = true
07-29 14:00:27.844  3322  5381 D SensorService: Calling activate on 1362
07-29 14:00:27.844  5024  5024 D NhsSceneReceiver: registerSensorMgr start
07-29 14:00:27.844  3322  5381 D SensorService: SensorDevice::activate: ident=0xb400007bb86bc600, handle=0x00000552, enabled=1, count=2
07-29 14:00:27.844  3322  5381 D SensorService: enable index=1
07-29 14:00:27.844  3322  5381 D SensorService: info.numActiveClients() = 2, info.isActive = 1
07-29 14:00:27.844  3322  5381 D SensorService: activateHardware = 0
07-29 14:00:27.844  3322  5381 D SensorService: 0xb400007bb86bc600 addFd fd=914
07-29 14:00:27.844  5024  5024 V SystemSensorManagerExtImpl: RegisterListener oplus_activity_recognition  Wakeup type:33171037 delay:200000us by t0.k$a@960ebf from com.oplus.nhs
07-29 14:00:27.844  2740  2740 I wificond: create scanner for interface with index: 27
07-29 14:00:27.844  2740  2740 I wificond: subscribe scan result for interface with index: 27
07-29 14:00:27.844  3322  5369 D WifiNative: onCountryCodeChanged: US
07-29 14:00:27.844  5012  5920 D ElevatorEvent: elevator:registerForElevatorDetect  , true mIsElevSensorReg = true
07-29 14:00:27.844  3322  5369 I WifiCountryCode: Receive onDriverCountryCodeChanged US
07-29 14:00:27.844  5012  5920 D SceneEvent: registerSensorMgr start
07-29 14:00:27.844  5012  5920 D SceneEvent: registerSensorMgr already start,return
07-29 14:00:27.845  3322  5381 D SensorService: createSensorEventConnection packageName = t0.k, opPackageName = com.oplus.nhs, mCurrentOperatingMode = 0, requestedMode = 0
07-29 14:00:27.845  3322  5385 W BestClock: java.time.DateTimeException: Missing network time fix
07-29 14:00:27.845  3322  5369 D WifiScanRequestProxy: Sending scan available broadcast: true
07-29 14:00:27.845  2740  2740 I wificond: add channel type 0 support at wiphy index: 0
07-29 14:00:27.845  2740  2740 I wificond: add channel type 1 support at wiphy index: 0
07-29 14:00:27.845  3322  4528 I WifiScanningService: Received a request to enable scanning, UID = 1000
07-29 14:00:27.845  3322  5385 W SensorService: SensorEventConnection sensor handle=1372, package = t0.k enable
07-29 14:00:27.845  3322  5385 E SensorService: Required app t0.k, uid 1001, pid 5024
07-29 14:00:27.845  3322  5385 D SensorService: enable sensor send lastEvent 1372
07-29 14:00:27.845  3322  5369 I WifiScanRequestProxy: Scanning is enabled
07-29 14:00:27.845  3322  5369 I WifiScanRequestProxy: Scanning for hidden networks is disabled
07-29 14:00:27.845  3322  4524 I WifiNative: Interface state changed on Iface:{Name=wlan0,Id=1,Type=STA_SCAN}, isUp=true
07-29 14:00:27.845  1882  1882 I WifiHAL : mpdu_size_threshold : 128, aggressive_statistics_gathering : 0
07-29 14:00:27.846  3322  4524 I WifiNative: Successfully setup Iface:{Name=wlan0,Id=1,Type=STA_SCAN}
07-29 14:00:27.846  3322  3322 D OplusWifiBroadCastDispatcher: mBroadcastReceiver: onReceiver  action=android.net.wifi.action.WIFI_SCAN_AVAILABILITY_CHANGED
07-29 14:00:27.846  3322  4524 E SupplicantStaIfaceHalAidlImpl: Can't call getKeyMgmtCapabilities, ISupplicantStaIface is null for iface=wlan0
07-29 14:00:27.846  3322  5385 D SensorService: Calling batch handle==1372 flags=0rate=200000000 timeout== 0
07-29 14:00:27.846  3322  5385 D SensorService: SensorDevice::batch: ident=0xb400007afdc77e80, handle=0x0000055c, flags=0, period_ns=200000000 timeout=0
07-29 14:00:27.846  3322  5385 D SensorService: Calling activate on 1372
07-29 14:00:27.846  3322  5385 D SensorService: SensorDevice::activate: ident=0xb400007afdc77e80, handle=0x0000055c, enabled=1, count=4
07-29 14:00:27.846  3322  5385 D SensorService: enable index=0
07-29 14:00:27.846  3322  5385 D SensorService: info.numActiveClients() = 4, info.isActive = 1
07-29 14:00:27.846  3322  5385 D SensorService: activateHardware = 0
07-29 14:00:27.846  3322  5385 D SensorService: 0xb400007afdc77e80 addFd fd=925
07-29 14:00:27.846  5024  5024 D NhsSceneReceiver: sensor name is oplus_activity_recognition  Wakeup, registerState:true
07-29 14:00:27.846  5024  5024 D NhsSceneReceiver: onAccuracyChanged
07-29 14:00:27.846  3322  4646 D OplusWifiPower_ConnLpmEventObsever: onReceive EXTRA_SCAN_AVAILABLE availabe = true
07-29 14:00:27.846  1855  4480 I sensors-hal: handle_oplus_wise_rgb_event:189, high_pwm_light:lux 281.7,cct 3634.0,brl/algo/ir 1448.0/2.0/16.1,pwm/dc 0.0/0.0,rgbc 21700.146484/13659.683594/6285.330566/40260.984375,ts 59521142755,cnt 870,flag 65699
07-29 14:00:27.846  3322  4646 D OplusWifiPowerService: onReceive action:android.net.wifi.action.WIFI_SCAN_AVAILABILITY_CHANGED
07-29 14:00:27.846  3322  4646 D OplusWifiSwitchStateMonitor: scan settings change to true
07-29 14:00:27.846  5024  5024 E NhsAppRILMsger: EVENT_REQ_EVENT_DONE Error received :com.android.internal.telephony.CommandException: RADIO_NOT_AVAILABLE
07-29 14:00:27.846  5012  5858 W BestClock: java.time.DateTimeException: Missing network time fix
07-29 14:00:27.846  1928  4468 I Dpps    : LtmSwState::SetParameter():144 ignore cmd 7 in state LtmOffState
07-29 14:00:27.847  5012  5858 V MonthTrafficAlert: getWarningNotification subId:1 numWarningNotificaion:0
07-29 14:00:27.847  6834  6834 I OsAgent : onReceive: android.net.wifi.action.WIFI_SCAN_AVAILABILITY_CHANGED
07-29 14:00:27.847  5024  5404 D NhsSceneReceiver: onSensorChanged: name = oplus_activity_recognition  Wakeup
07-29 14:00:27.847  5024  5404 D NhsSceneReceiver: enter still_state
07-29 14:00:27.847  3322  5381 W BestClock: java.time.DateTimeException: Missing network time fix
07-29 14:00:27.847  6834  8209 I OsAgent : updateWiFiScanAvailState, scanAvailable: true
07-29 14:00:27.847  6834  8209 D OsAgentAidlClient: [bool_dataitem_update][1570] [HC] =>> [HS]
07-29 14:00:27.847  1882  1882 I WifiHAL : wifi_get_supported_radio_combinations_matrix: enter
07-29 14:00:27.847  1882  1882 I WifiHAL : wifi_parse_radio_combinations_matrix: radio_combinations[1]: num_radio_configurations 1
07-29 14:00:27.847  1882  1882 I WifiHAL : wifi_parse_radio_combinations_matrix: radio_combinations[2]: num_radio_configurations 1
07-29 14:00:27.847  1882  1882 I WifiHAL : wifi_parse_radio_combinations_matrix: radio_combinations[3]: num_radio_configurations 1
07-29 14:00:27.847  1882  1882 I WifiHAL : wifi_parse_radio_combinations_matrix: radio_combinations[4]: num_radio_configurations 2
07-29 14:00:27.847  1882  1882 I WifiHAL : wifi_parse_radio_combinations_matrix: radio_combinations[5]: num_radio_configurations 2
07-29 14:00:27.847  1882  1882 I WifiHAL : wifi_parse_radio_combinations_matrix: radio_combinations[6]: num_radio_configurations 2
07-29 14:00:27.847  1882  1882 I WifiHAL : wifi_parse_radio_combinations_matrix: num_radio_combinations 6, radio_matrix_size 100
07-29 14:00:27.848  4863  5725 V OplusCustomizeCacheManager: queryCache name: sys.cache.common_customize_cache18014 param: null
07-29 14:00:27.848  4863  5725 V OplusCustomizeCacheManager: queryCache name: sys.cache.common_customize_cache18017 param: Bundle[{SETTING=BLOCK, BUSINESS=NCT-DATA}]
07-29 14:00:27.848  4863  5725 V OplusCustomizeCacheManager: queryCache name: sys.cache.common_customize_cache18013 param: null
07-29 14:00:27.848  3322  4524 E SupplicantStaIfaceHalAidlImpl: Can't call getWpaDriverCapabilities, ISupplicantStaIface is null for iface=wlan0
07-29 14:00:27.848  3322  4524 E WifiStaIfaceAidlImpl: getTwtCapabilities failed with service-specific exception: android.os.ServiceSpecificException:  (code 4)
07-29 14:00:27.848  1839  1903 I LocSvc_SystemStatusOsObserver: sendCachedDataItems:471] DataItem: IS_WIFI_HARDWARE_ON: true >> Wiper
07-29 14:00:27.848  3322  4524 E WifiChipAidlImpl: enableStaChannelForPeerNetwork failed with service-specific exception: android.os.ServiceSpecificException:  (code 4)
07-29 14:00:27.848  3322  4524 D WifiNative: setWifiNativeInterfaceEventCallback
07-29 14:00:27.848  3322  4524 D WifiClientModeManager[59703:wlan0]: entering StartedState
07-29 14:00:27.848  3322  4524 D WifiClientModeManager[59703:wlan0]: entering ScanOnlyModeState
07-29 14:00:27.848  3322  4524 D WifiScanRequestProxy: Sending scan available broadcast: true
07-29 14:00:27.848  1839  1929 I LocSvc_api_v02: ---> locClientSendReq line 2409 QMI_LOC_NOTIFY_WIFI_ENABLED_STATUS_REQ_V02
07-29 14:00:27.848  3322  4524 I WifiScanRequestProxy: Scanning is enabled
07-29 14:00:27.848  3322  4524 I WifiScanRequestProxy: Scanning for hidden networks is disabled
07-29 14:00:27.848  1882 13164 E WifiHAL : wifi_get_gscan_capabilities: GSCAN is not supported by driver
07-29 14:00:27.848  3322  4528 E WifiStaIfaceAidlImpl: getBackgroundScanCapabilities failed with service-specific exception: android.os.ServiceSpecificException:  (code 4)
07-29 14:00:27.848  1882 13164 D WifiHAL : wifi_multi_sta_set_use_case: 0
07-29 14:00:27.849  3322  4524 D WifiCountryCode: evaluateAllCmmStateAndApplyIfAllReady: {ConcreteClientModeManager{id=59703 iface=wlan0 role=ROLE_CLIENT_SCAN_ONLY}=true}
07-29 14:00:27.849  1839  4012 I LocSvc_ApiV02: <--- globalRespCb line 282 QMI_LOC_NOTIFY_WIFI_ENABLED_STATUS_REQ_V02
07-29 14:00:27.849  3322  4524 D WifiCountryCode: Reading country code from telephony
07-29 14:00:27.849  3322  4524 D WifiCountryCode: Set telephony country code to: 
07-29 14:00:27.849  3322  4524 D WifiCountryCode: updateCountryCode to US
07-29 14:00:27.849  3322  4524 D WifiCountryCode: setCountryCodeNative: US, isClientModeOnly: true mDriverCountryCode: US
07-29 14:00:27.849  3322  3322 D OplusWifiBroadCastDispatcher: mBroadcastReceiver: onReceiver  action=android.net.wifi.action.WIFI_SCAN_AVAILABILITY_CHANGED
07-29 14:00:27.850  1855  7173 I sensors-hal: qsh_conn_event_cb:756, event[0] msg_id=1025, ts=1228658152, sensor_type = oplus_activity_recognition  Wakeup
07-29 14:00:27.850  1855  7173 E sensors-hal: handle_sns_std_sensor_event:72, oplus_activity_recognition output: count: 1.000000, index: 1.000000, incar_state: 0.000000, actvity_mode: 3.000000, delta_time: 0.000000 !
07-29 14:00:27.850  3322  5381 W BestClock: java.time.DateTimeException: Missing network time fix
07-29 14:00:27.850  3322  4528 I WifiScanningService: Created a new impl for wlan0
07-29 14:00:27.850  3322  4528 I WifiScanningService: Received a request to enable scanning, UID = 1000
07-29 14:00:27.850  3322  4528 I WifiScanningService: scanner impls already exists
07-29 14:00:27.850  3322  4646 D OplusWifiPower_ConnLpmEventObsever: onReceive EXTRA_SCAN_AVAILABLE availabe = true
07-29 14:00:27.850  3322  4528 I WifiScanningService: wifi driver loaded with scan capabilities: max buckets=16
07-29 14:00:27.850  3322  4646 D OplusWifiPowerService: onReceive action:android.net.wifi.action.WIFI_SCAN_AVAILABILITY_CHANGED
07-29 14:00:27.850  3322  4646 D OplusWifiSwitchStateMonitor: scan settings change to true
07-29 14:00:27.850  3322  5381 W BestClock: java.time.DateTimeException: Missing network time fix
07-29 14:00:27.850  3322  4528 E WifiScanningService: wifi driver loaded received while already loaded
07-29 14:00:27.850  4863  5725 V OplusCustomizeCacheManager: queryCache name: sys.cache.common_customize_cache18014 param: null
07-29 14:00:27.850  4863  5725 V OplusCustomizeCacheManager: queryCache name: sys.cache.common_customize_cache18017 param: Bundle[{SETTING=BLOCK, BUSINESS=NCT-DATA}]
07-29 14:00:27.850  4863  5725 V OplusCustomizeCacheManager: queryCache name: sys.cache.common_customize_cache18013 param: null
07-29 14:00:27.851  6834  6834 I OsAgent : onReceive: android.net.wifi.action.WIFI_SCAN_AVAILABILITY_CHANGED
07-29 14:00:27.851  5024  5404 D NhsSceneReceiver: onSensorChanged: name = oplus_activity_recognition  Wakeup
07-29 14:00:27.851  6834  8209 I OsAgent : updateWiFiScanAvailState, scanAvailable: true
07-29 14:00:27.851  5012  5406 D SceneEvent: onSensorChanged: name = oplus_activity_recognition  Wakeup
07-29 14:00:27.851  3322  5381 W BestClock: java.time.DateTimeException: Missing network time fix
07-29 14:00:27.852  3322  5381 W BestClock: java.time.DateTimeException: Missing network time fix
07-29 14:00:27.852  4863  5725 V OplusCustomizeCacheManager: queryCache name: sys.cache.common_customize_cache18014 param: null
07-29 14:00:27.852  4863  5725 V OplusCustomizeCacheManager: queryCache name: sys.cache.common_customize_cache18017 param: Bundle[{SETTING=BLOCK, BUSINESS=NCT-DATA}]
07-29 14:00:27.852  4863  5725 V OplusCustomizeCacheManager: queryCache name: sys.cache.common_customize_cache18013 param: null
07-29 14:00:27.855  5151  6231 D IWlanJni: getDataRegistrationState start
07-29 14:00:27.855  5151  6246 D IWlanJni: new aidl event arrived
07-29 14:00:27.855  5151  6246 D IWlanJni: handleEvent 10
07-29 14:00:27.855  5151  6246 D IWlanJni: isThreadAttached start
07-29 14:00:27.855  5151  6246 D IWlanJni: jni detached
07-29 14:00:27.855  5151  6246 D IWlanJni: jni attached
07-29 14:00:27.856  5151  6246 D IWlanJni: getDataRegistrationStateResponse start
07-29 14:00:27.856  5151  6246 D IWlanJni: getJavaCallbackClass start
07-29 14:00:27.856  5151  6246 D IWlanJni: getJavaCallbackClass End midIs[1]
07-29 14:00:27.856  5151  6246 I IWlanAidlClient: getDataRegistrationStateResponse called
07-29 14:00:27.856  5151  6245 W IWlanNetworkService: 6 > Response Processed
07-29 14:00:27.856  5151  6231 D IWlanJni: getDataRegistrationState start
07-29 14:00:27.856  1839  3783 E LOCRIL_SESSION: operator():200] SubId: 1 Failed to get sim IO with error: 11
07-29 14:00:27.856  4944  4944 D OplusTelephonyController: onSignalStrengthChanged: SignalStrength=SignalStrength:{mCdma=CellSignalStrengthCdma: cdmaDbm=2147483647 cdmaEcio=2147483647 evdoDbm=2147483647 evdoEcio=2147483647 evdoSnr=2147483647 level=0,mGsm=CellSignalStrengthGsm: rssi=2147483647 ber=2147483647 mTa=2147483647 mLevel=0,mWcdma=CellSignalStrengthWcdma: ss=2147483647 ber=2147483647 rscp=2147483647 ecno=2147483647 level=0,mTdscdma=CellSignalStrengthTdscdma: rssi=2147483647 ber=2147483647 rscp=2147483647 level=0,mLte=CellSignalStrengthLte: rssi=2147483647 rsrp=2147483647 rsrq=2147483647 rssnr=2147483647 cqiTableIndex=2147483647 cqi=2147483647 ta=2147483647 level=0 parametersUseForLevel=0,mNr=CellSignalStrengthNr:{ csiRsrp = 2147483647 csiRsrq = 2147483647 csiCqiTableIndex = 2147483647 csiCqiReport = [] ssRsrp = 2147483647 ssRsrq = 2147483647 ssSinr = 2147483647 level = 0 parametersUseForLevel = 0 timingAdvance = 2147483647 },primary=CellSignalStrengthLte}
07-29 14:00:27.856  5151  6243 D IWlanJni: new aidl event arrived
07-29 14:00:27.856  5217  5217 D SubsysEventListenerManager-SubsysTelephonyCallback[0]: onSignalStrengthsChanged
07-29 14:00:27.856  5151  6243 D IWlanJni: handleEvent 10
07-29 14:00:27.856  5151  6243 D IWlanJni: isThreadAttached start
07-29 14:00:27.856  5151  6243 D IWlanJni: jni detached
07-29 14:00:27.857  5151  6243 D IWlanJni: jni attached
07-29 14:00:27.857  5151  6243 D IWlanJni: getDataRegistrationStateResponse start
07-29 14:00:27.857  5151  6243 D IWlanJni: getJavaCallbackClass start
07-29 14:00:27.857  5151  6243 D IWlanJni: getJavaCallbackClass End midIs[1]
07-29 14:00:27.857  5151  6243 I IWlanAidlClient: getDataRegistrationStateResponse called
07-29 14:00:27.857  1839  3783 E LOCRIL_SESSION: operator():241] SubId: 1 Failed to get sim IMSI with error: 11
07-29 14:00:27.857  5151  6242 W IWlanNetworkService: 7 > Response Processed
07-29 14:00:27.858  3322  4893 I OplusBinderProxy: pb uid: 10215 pid: 10787 desc: com.android.internal.telephony.IPhoneStateListener/10
07-29 14:00:27.858  5151  6231 D IWlanJni: getDataRegistrationState start
07-29 14:00:27.858  5151  6246 D IWlanJni: new aidl event arrived
07-29 14:00:27.858  5151  6246 D IWlanJni: handleEvent 10
07-29 14:00:27.858  5151  6246 D IWlanJni: isThreadAttached start
07-29 14:00:27.858  5151  6246 D IWlanJni: jni detached
07-29 14:00:27.859  5151  6246 D IWlanJni: jni attached
07-29 14:00:27.859  5151  6246 D IWlanJni: getDataRegistrationStateResponse start
07-29 14:00:27.859  5151  6246 D IWlanJni: getJavaCallbackClass start
07-29 14:00:27.859  5151  6246 D IWlanJni: getJavaCallbackClass End midIs[1]
07-29 14:00:27.859  5151  6246 I IWlanAidlClient: getDataRegistrationStateResponse called
07-29 14:00:27.859  5151  6231 D IWlanJni: getDataRegistrationState start
07-29 14:00:27.859  5151  6245 W IWlanNetworkService: 8 > Response Processed
07-29 14:00:27.860  5012  6436 D SaDataService: onTelephonyEventReport , subId= 0,slotId=-1 eventId=6030
07-29 14:00:27.860  5217  7164 D VendorTelephonyService: onTelephonyEventReport slotId =0 eventId=6030
07-29 14:00:27.860  5012  6436 D TelephonyImpl: notify eventId:6030 for list size:2
07-29 14:00:27.860  5217  7164 D VendorTelephonyService: onTelephonyEventReport slotId =0 eventId=6030
07-29 14:00:27.860  5217  5217 D VendorCallService: notityEventUpdate, eventId:6030, slotId = 0
07-29 14:00:27.861  5151  6243 D IWlanJni: new aidl event arrived
07-29 14:00:27.861  5151  6243 D IWlanJni: handleEvent 10
07-29 14:00:27.861  5151  6243 D IWlanJni: isThreadAttached start
07-29 14:00:27.861  5151  6243 D IWlanJni: jni detached
07-29 14:00:27.861  5217  7164 D VendorTelephonyService: onTelephonyEventReport slotId =0 eventId=6030
07-29 14:00:27.861  3322  5385 W BestClock: java.time.DateTimeException: Missing network time fix
07-29 14:00:27.861  5151  6243 D IWlanJni: jni attached
07-29 14:00:27.861  5012  6436 D SaDataService: onTelephonyEventReport , subId= 0,slotId=-1 eventId=6030
07-29 14:00:27.861  5151  6243 D IWlanJni: getDataRegistrationStateResponse start
07-29 14:00:27.861  5151  6243 D IWlanJni: getJavaCallbackClass start
07-29 14:00:27.861  5151  6243 D IWlanJni: getJavaCallbackClass End midIs[1]
07-29 14:00:27.861  5151  6243 I IWlanAidlClient: getDataRegistrationStateResponse called
07-29 14:00:27.861  5012  6436 D TelephonyImpl: notify eventId:6030 for list size:2
07-29 14:00:27.861  5217  7164 D VendorTelephonyService: onTelephonyEventReport slotId =0 eventId=6030
07-29 14:00:27.861  1839  3783 E LOCRIL_SESSION: operator():200] SubId: 1 Failed to get sim IO with error: 11
07-29 14:00:27.861  5217  5217 D VendorCallService: notityEventUpdate, eventId:6030, slotId = 0
07-29 14:00:27.861  5151  6242 W IWlanNetworkService: 9 > Response Processed
07-29 14:00:27.862  3322  5385 W BestClock: java.time.DateTimeException: Missing network time fix
07-29 14:00:27.862  1839  3781 W LOCRIL_SESSION: operator():307] cellInfo list size is 0, Voice state: 3, data state: 3
07-29 14:00:27.862  4863  5725 V OplusCustomizeCacheManager: queryCache name: sys.cache.common_customize_cache18014 param: null
07-29 14:00:27.862  4863  5725 V OplusCustomizeCacheManager: queryCache name: sys.cache.common_customize_cache18017 param: Bundle[{SETTING=BLOCK, BUSINESS=NCT-DATA}]
07-29 14:00:27.862  4863  5725 V OplusCustomizeCacheManager: queryCache name: sys.cache.common_customize_cache18013 param: null
07-29 14:00:27.862  1839  3783 E LOCRIL_SESSION: operator():241] SubId: 1 Failed to get sim IMSI with error: 11
07-29 14:00:27.864  4994  5092 D QtiOemHookAidl: oemHookRawIndication length=24
07-29 14:00:27.864  4994  8229 D QtiOemHookAidl: oemHookRawIndication length=24
07-29 14:00:27.864  4994  4994 D QcrilMsgTunnelIfaceManager: handleMessage what = 0
07-29 14:00:27.864  4994  4994 D QcrilMsgTunnelIfaceManager: handleMessage what = 0
07-29 14:00:27.865  4994  4994 D DeviceInfoAidlClient: onRadioPowerStateChanged
07-29 14:00:27.865  4994  4994 D DeviceInfoAidlClient: mRadioStateHdlr handleMessage()1
07-29 14:00:27.865  4994  4994 D DeviceInfoAidlClient: isRadioOn()=true
07-29 14:00:27.865  4994  4994 I DeviceInfoAidlClient: sendFeaturesSupported: power info support-true interactive state support-true
07-29 14:00:27.865  5121  5869 I QImsService: ImsRadioIndicationAidl : onRadioStateChanged()[SUB1]
07-29 14:00:27.865  5121  5869 I QImsService: ImsSenderRxr : [UNSL]< UNSOL_RADIO_STATE_CHANGED RADIO_ON[SUB1]
07-29 14:00:27.866  2010  2010 E PowerMonitorService: Failed to open /proc/horae_qmi (2): No such file or directory
07-29 14:00:27.866  5121  5142 I QImsService: ImsRadioIndicationAidl : onRadioStateChanged()[SUB0]
07-29 14:00:27.866  5121  5142 I QImsService: ImsSenderRxr : [UNSL]< UNSOL_RADIO_STATE_CHANGED RADIO_ON[SUB0]
07-29 14:00:27.866  4994  4994 D QC_RIL_OEM_HOOK: Received Broadcast Intent ACTION_UNSOL_RESPONSE_OEM_HOOK_RAW
07-29 14:00:27.866  4994  4994 D QC_RIL_OEM_HOOK: Received Broadcast Intent ACTION_UNSOL_RESPONSE_OEM_HOOK_RAW
07-29 14:00:27.867  5217  5217 D SubsysEventListenerManager-SubsysTelephonyCallback[0]: onRadioPowerStateChanged state:1
07-29 14:00:27.867  4994  5092 I DeviceInfoAidlClient: onPowerInfoReportingChanged - reporting enabled true [15, 20, 30, 50, 80]
07-29 14:00:27.867  4994  5092 D DeviceInfoAidlClient: isRadioOn()=true
07-29 14:00:27.867  4994  5092 I DeviceInfoAidlClient: isPowerInfoNeverSent=true batteryLevel=100 batteryLevelIndex=5 chargingMode=2 totalCapacity=5050000 powerSaveMode=false
07-29 14:00:27.867  4994  5092 I DeviceInfoAidlClient: onDeviceInfoReportingChanged - reporting enabled true
07-29 14:00:27.868  4994  5092 D DeviceInfoAidlClient: getDeviceInfoSupportStatus()=1
07-29 14:00:27.868  4994  5092 D DeviceInfoAidlClient: isRadioOn()=true
07-29 14:00:27.868  4994  5092 I DeviceInfoAidlClient: deviceState=2
07-29 14:00:27.868  4994  4994 D DeviceStatisticsService: onReceive: action= org.codeaurora.intent.action.RADIO_POWER_STATE
07-29 14:00:27.868  4994  4994 I DeviceStatisticsService: Receiving radio_power_state_changed, mIsDeviceInfoInitialized = true
07-29 14:00:27.868  4994  4994 I DeviceStatisticsService: radio power state changed to 1 for slot: 0
07-29 14:00:27.868  4994  4994 D DeviceInfoAidlClient: isRadioOn()=true
07-29 14:00:27.868  4994  4994 I DeviceInfoAidlClient: sendFeaturesSupported: power info support-true interactive state support-true
07-29 14:00:27.868  5151  6231 D IWlanJni: getDataRegistrationState start
07-29 14:00:27.869  4994  4994 D DeviceStatisticsService: onReceive: action= org.codeaurora.intent.action.RADIO_POWER_STATE
07-29 14:00:27.869  4994  4994 I DeviceStatisticsService: Receiving radio_power_state_changed, mIsDeviceInfoInitialized = true
07-29 14:00:27.869  4994  4994 I DeviceStatisticsService: radio power state changed to 1 for slot: 1
07-29 14:00:27.869  5151  6243 D IWlanJni: new aidl event arrived
07-29 14:00:27.869  5151  6243 D IWlanJni: handleEvent 10
07-29 14:00:27.869  5151  6243 D IWlanJni: isThreadAttached start
07-29 14:00:27.869  5151  6243 D IWlanJni: jni detached
07-29 14:00:27.869  5151  6243 D IWlanJni: jni attached
07-29 14:00:27.869  5151  6243 D IWlanJni: getDataRegistrationStateResponse start
07-29 14:00:27.869  5151  6243 D IWlanJni: getJavaCallbackClass start
07-29 14:00:27.869  5151  6243 D IWlanJni: getJavaCallbackClass End midIs[1]
07-29 14:00:27.869  5151  6243 I IWlanAidlClient: getDataRegistrationStateResponse called
07-29 14:00:27.869  5151  6242 W IWlanNetworkService: 10 > Response Processed
07-29 14:00:27.870  6346  6346 I wpa_supplicant: p2p0: CTRL-EVENT-REGDOM-CHANGE init=DRIVER type=COUNTRY alpha2=US
07-29 14:00:27.870  2740  2740 I wificond: Regulatory domain changed to country: US on wiphy_index: 0
07-29 14:00:27.870  1839  3781 W LOCRIL_SESSION: operator():307] cellInfo list size is 0, Voice state: 3, data state: 3
07-29 14:00:27.870  2740  2740 I wificond: UpdateBandInfo
07-29 14:00:27.871  3322  5365 D WifiNl80211Manager: OnRegDomainChanged US
07-29 14:00:27.871  3322  5365 D WifiNative: onCountryCodeChanged: US
07-29 14:00:27.871  3322  5365 I WifiCountryCode: Receive onDriverCountryCodeChanged US
07-29 14:00:27.871  3322  5365 D WifiScanRequestProxy: Sending scan available broadcast: true
07-29 14:00:27.871  3322  4528 I WifiScanningService: Received a request to enable scanning, UID = 1000
07-29 14:00:27.871  3322  4528 I WifiScanningService: scanner impls already exists
07-29 14:00:27.871  3322  4528 E WifiScanningService: wifi driver loaded received while already loaded
07-29 14:00:27.871  3322  5365 I WifiScanRequestProxy: Scanning is enabled
07-29 14:00:27.871  3322  5365 I WifiScanRequestProxy: Scanning for hidden networks is disabled
07-29 14:00:27.871  2740  2740 I wificond: 2.4Ghz frequencies: 2412 2417 2422 2427 2432 2437 2442 2447 2452 2457 2462
07-29 14:00:27.871  2740  2740 I wificond: 5Ghz non-DFS frequencies: 5180 5200 5220 5240 5745 5765 5785 5805 5825
07-29 14:00:27.871  2740  2740 I wificond: 5Ghz DFS frequencies: 5260 5280 5300 5320 5500 5520 5540 5560 5580 5600 5620 5640 5660 5680 5700
07-29 14:00:27.871  2740  2740 I wificond: 6Ghz frequencies:
07-29 14:00:27.871  2740  2740 I wificond: 60Ghz frequencies:
07-29 14:00:27.871  1839  3783 E LOCRIL_SESSION: operator():200] SubId: 1 Failed to get sim IO with error: 11
07-29 14:00:27.872  6834  6834 I OsAgent : onReceive: android.net.wifi.action.WIFI_SCAN_AVAILABILITY_CHANGED
07-29 14:00:27.872  5012  6436 D SaDataService: onTelephonyEventReport , subId= 0,slotId=-1 eventId=6030
07-29 14:00:27.872  5012  6436 D TelephonyImpl: notify eventId:6030 for list size:2
07-29 14:00:27.872  5217  7164 D VendorTelephonyService: onTelephonyEventReport slotId =0 eventId=6030
07-29 14:00:27.872  5217  7164 D VendorTelephonyService: onTelephonyEventReport slotId =0 eventId=6030
07-29 14:00:27.872  1839  3783 E LOCRIL_SESSION: operator():241] SubId: 1 Failed to get sim IMSI with error: 11
07-29 14:00:27.872  3322  3322 D OplusWifiBroadCastDispatcher: mBroadcastReceiver: onReceiver  action=android.net.wifi.action.WIFI_SCAN_AVAILABILITY_CHANGED
07-29 14:00:27.872  5217  5217 D VendorCallService: notityEventUpdate, eventId:6030, slotId = 0
07-29 14:00:27.872  3322  4646 D OplusWifiPower_ConnLpmEventObsever: onReceive EXTRA_SCAN_AVAILABLE availabe = true
07-29 14:00:27.873  3322  4646 D OplusWifiPowerService: onReceive action:android.net.wifi.action.WIFI_SCAN_AVAILABILITY_CHANGED
07-29 14:00:27.873  5151  6231 D IWlanJni: getDataRegistrationState start
07-29 14:00:27.873  3322  4646 D OplusWifiSwitchStateMonitor: scan settings change to true
07-29 14:00:27.873  4994  5092 I DeviceInfoAidlClient: onPowerInfoReportingChanged - reporting enabled true [15, 20, 30, 50, 80]
07-29 14:00:27.873  6834  8209 I OsAgent : updateWiFiScanAvailState, scanAvailable: true
07-29 14:00:27.873  4994  5092 D DeviceInfoAidlClient: isRadioOn()=true
07-29 14:00:27.873  4994  5092 I DeviceInfoAidlClient: isPowerInfoNeverSent=false batteryLevel=100 batteryLevelIndex=5 chargingMode=2 totalCapacity=5050000 powerSaveMode=false
07-29 14:00:27.873  5151  6246 D IWlanJni: new aidl event arrived
07-29 14:00:27.873  5151  6246 D IWlanJni: handleEvent 10
07-29 14:00:27.873  4994  5092 I DeviceInfoAidlClient: onDeviceInfoReportingChanged - reporting enabled true
07-29 14:00:27.873  4994  5092 D DeviceInfoAidlClient: getDeviceInfoSupportStatus()=1
07-29 14:00:27.873  4994  5092 D DeviceInfoAidlClient: isRadioOn()=true
07-29 14:00:27.873  4994  5092 I DeviceInfoAidlClient: deviceState=2
07-29 14:00:27.873  5151  6246 D IWlanJni: isThreadAttached start
07-29 14:00:27.873  5151  6246 D IWlanJni: jni detached
07-29 14:00:27.873  5151  6246 D IWlanJni: jni attached
07-29 14:00:27.873  5151  6246 D IWlanJni: getDataRegistrationStateResponse start
07-29 14:00:27.873  5151  6246 D IWlanJni: getJavaCallbackClass start
07-29 14:00:27.873  5151  6246 D IWlanJni: getJavaCallbackClass End midIs[1]
07-29 14:00:27.873  5151  6246 I IWlanAidlClient: getDataRegistrationStateResponse called
07-29 14:00:27.873  5151  6245 W IWlanNetworkService: 11 > Response Processed
07-29 14:00:27.876  4944  4944 V OplusCustomizeCacheManager: queryCache name: sys.cache.common_customize_cache18016 param: null
07-29 14:00:27.876  4944  4944 V OplusCustomizeCacheManager: queryCache name: sys.cache.common_customize_cache18013 param: null
07-29 14:00:27.876  4944  4944 V OplusCustomizeCacheManager: queryCache name: sys.cache.common_customize_cache18014 param: null
07-29 14:00:27.876  4944  4944 V OplusCustomizeCacheManager: queryCache name: sys.cache.common_customize_cache18017 param: Bundle[{SETTING=BLOCK, BUSINESS=NCT-DATA}]
07-29 14:00:27.877  4944  4944 V OplusCustomizeCacheManager: queryCache name: sys.cache.common_customize_cache18016 param: null
07-29 14:00:27.877  4944  4944 V OplusCustomizeCacheManager: queryCache name: sys.cache.common_customize_cache18013 param: null
07-29 14:00:27.877  4944  4944 V OplusCustomizeCacheManager: queryCache name: sys.cache.common_customize_cache18014 param: null
07-29 14:00:27.877  4944  4944 V OplusCustomizeCacheManager: queryCache name: sys.cache.common_customize_cache18017 param: Bundle[{SETTING=BLOCK, BUSINESS=NCT-DATA}]
07-29 14:00:27.878  4994  4994 D QcrilMsgTunnelIfaceManager: handleMessage what = 1
07-29 14:00:27.878  4994  4994 I QcrilOemhookMsgTunnel: [0]invokeOemRilRequestRaw: serial=1007 length=16
07-29 14:00:27.878  4994  8227 I QtiOemHookAidl: oemHookRawResponse: serial no: 1007 error: 0length=1
07-29 14:00:27.879  4994  4994 D QcrilMsgTunnelIfaceManager: handleMessage what = 2
07-29 14:00:27.879  4944  5324 D QC_RIL_OEM_HOOK: sendOemRilRequestRaw returns value = 1
07-29 14:00:27.879  4944  4944 D QC_RIL_OEM_HOOK: Received Broadcast Intent ACTION_UNSOL_RESPONSE_OEM_HOOK_RAW
07-29 14:00:27.879  4944  4944 D QC_RIL_OEM_HOOK: Received Broadcast Intent ACTION_UNSOL_RESPONSE_OEM_HOOK_RAW
07-29 14:00:27.879  4944  4944 D QC_RIL_OEM_HOOK: Received Broadcast Intent ACTION_UNSOL_RESPONSE_OEM_HOOK_RAW
07-29 14:00:27.879  4944  4944 D QC_RIL_OEM_HOOK: Received Broadcast Intent ACTION_UNSOL_RESPONSE_OEM_HOOK_RAW
07-29 14:00:27.880  4944  4944 D QC_RIL_OEM_HOOK: Received Broadcast Intent ACTION_UNSOL_RESPONSE_OEM_HOOK_RAW
07-29 14:00:27.880  4944  4944 D QC_RIL_OEM_HOOK: Received Broadcast Intent ACTION_UNSOL_RESPONSE_OEM_HOOK_RAW
07-29 14:00:27.880  4944  4944 D OplusPowerUpOptimizationImpl: onReceive: org.codeaurora.intent.action.RADIO_POWER_STATE
07-29 14:00:27.880  4944  5458 D OplusPowerUpOptimizationImpl: handleMessage what = 6
07-29 14:00:27.880  4944  5458 D OplusPowerUpOptimizationImpl: radio is available for slot: 0
07-29 14:00:27.880  4944  5458 D OplusPowerUpOptimizationImpl: trySendPhoneReady for slot: 0
07-29 14:00:27.880  4944  5458 D OplusPowerUpOptimizationImpl: Not sending ATEL ready: States: [0: {true, true, true, true}]
07-29 14:00:27.881  4944  4944 D CiWlanNotificationReceiver: ACTION_RADIO_POWER_STATE_CHANGED
07-29 14:00:27.881  5151  6231 D IWlanJni: getDataRegistrationState start
07-29 14:00:27.882  5151  6246 D IWlanJni: new aidl event arrived
07-29 14:00:27.882  5151  6246 D IWlanJni: handleEvent 10
07-29 14:00:27.882  5151  6246 D IWlanJni: isThreadAttached start
07-29 14:00:27.882  5151  6246 D IWlanJni: jni detached
07-29 14:00:27.882  5151  6246 D IWlanJni: jni attached
07-29 14:00:27.882  5151  6246 D IWlanJni: getDataRegistrationStateResponse start
07-29 14:00:27.882  5151  6246 D IWlanJni: getJavaCallbackClass start
07-29 14:00:27.882  5151  6246 D IWlanJni: getJavaCallbackClass End midIs[1]
07-29 14:00:27.882  5151  6246 I IWlanAidlClient: getDataRegistrationStateResponse called
07-29 14:00:27.882  5151  6245 W IWlanNetworkService: 12 > Response Processed
07-29 14:00:27.882  5151  6231 D IWlanJni: getDataRegistrationState start
07-29 14:00:27.883  5151  6243 D IWlanJni: new aidl event arrived
07-29 14:00:27.883  5151  6243 D IWlanJni: handleEvent 10
07-29 14:00:27.883  5151  6243 D IWlanJni: isThreadAttached start
07-29 14:00:27.883  5151  6243 D IWlanJni: jni detached
07-29 14:00:27.883  5151  6243 D IWlanJni: jni attached
