07-29 19:28:47.400  8163  9571 E metis_v2_JenaHandlerManager: local thread match [7f0000011753831685739456507312|p_7312_160de91@1|p_8163_990c555@7|com.oplus.metis]
07-29 19:28:47.400  8163  9571 E metis_v2_JenaHandlerManager: local thread match [7f0000011753831685739456507312|p_7312_160de91@1|p_8163_990c555@7|com.oplus.metis]
07-29 19:28:47.400  8163  9571 E metis_v2_JenaHandlerManager: local thread match [7f0000011753831685739456507312|p_7312_160de91@1|p_8163_990c555@7|com.oplus.metis]
07-29 19:28:47.400  8163  9571 E metis_v2_JenaHandlerManager: local thread match [7f0000011753831685739456507312|p_7312_160de91@1|p_8163_990c555@7|com.oplus.metis]
07-29 19:28:47.400  8163  9571 E metis_v2_JenaHandlerManager: local thread match [7f0000011753831685739456507312|p_7312_160de91@1|p_8163_990c555@7|com.oplus.metis]
07-29 19:28:47.400  8163  9571 E metis_v2_JenaHandlerManager: local thread match [7f0000011753831685739456507312|p_7312_160de91@1|p_8163_990c555@7|com.oplus.metis]
07-29 19:28:47.400  8163  9571 E metis_v2_JenaHandlerManager: local thread match [7f0000011753831685739456507312|p_7312_160de91@1|p_8163_990c555@7|com.oplus.metis]
07-29 19:28:47.400  8163  9571 E metis_v2_JenaHandlerManager: local thread match [7f0000011753831685739456507312|p_7312_160de91@1|p_8163_990c555@7|com.oplus.metis]
07-29 19:28:47.400  8163  9571 E metis_v2_JenaHandlerManager: local thread match [7f0000011753831685739456507312|p_7312_160de91@1|p_8163_990c555@7|com.oplus.metis]
07-29 19:28:47.400  8163  9571 E metis_v2_JenaHandlerManager: local thread match [7f0000011753831685739456507312|p_7312_160de91@1|p_8163_990c555@7|com.oplus.metis]
07-29 19:28:47.400  8163  9571 E metis_v2_JenaHandlerManager: local thread match [7f0000011753831685739456507312|p_7312_160de91@1|p_8163_990c555@7|com.oplus.metis]
07-29 19:28:47.400  8163  9571 E metis_v2_JenaHandlerManager: local thread match [7f0000011753831685739456507312|p_7312_160de91@1|p_8163_990c555@7|com.oplus.metis]
07-29 19:28:47.400  8163  9571 E metis_v2_JenaHandlerManager: local thread match [7f0000011753831685739456507312|p_7312_160de91@1|p_8163_990c555@7|com.oplus.metis]
07-29 19:28:47.400  8163  9571 E metis_v2_JenaHandlerManager: local thread match [7f0000011753831685739456507312|p_7312_160de91@1|p_8163_990c555@7|com.oplus.metis]
07-29 19:28:47.400  8163  9571 E metis_v2_JenaHandlerManager: local thread match [7f0000011753831685739456507312|p_7312_160de91@1|p_8163_990c555@7|com.oplus.metis]
07-29 19:28:47.400  8163  9571 E metis_v2_JenaHandlerManager: local thread match [7f0000011753831685739456507312|p_7312_160de91@1|p_8163_990c555@7|com.oplus.metis]
07-29 19:28:47.400  8163  9571 E metis_v2_JenaHandlerManager: local thread match [7f0000011753831685739456507312|p_7312_160de91@1|p_8163_990c555@7|com.oplus.metis]
07-29 19:28:47.400  8163  9571 E metis_v2_JenaHandlerManager: local thread match [7f0000011753831685739456507312|p_7312_160de91@1|p_8163_990c555@7|com.oplus.metis]
07-29 19:28:47.400  8163  9571 E metis_v2_JenaHandlerManager: local thread match [7f0000011753831685739456507312|p_7312_160de91@1|p_8163_990c555@7|com.oplus.metis]
07-29 19:28:47.400  8163  9571 E metis_v2_JenaHandlerManager: local thread match [7f0000011753831685739456507312|p_7312_160de91@1|p_8163_990c555@7|com.oplus.metis]
07-29 19:28:47.400  8163  9571 E metis_v2_JenaHandlerManager: local thread match [7f0000011753831685739456507312|p_7312_160de91@1|p_8163_990c555@7|com.oplus.metis]
07-29 19:28:47.400  8163  9571 E metis_v2_JenaHandlerManager: local thread match [7f0000011753831685739456507312|p_7312_160de91@1|p_8163_990c555@7|com.oplus.metis]
07-29 19:28:47.400  8163  9571 E metis_v2_JenaHandlerManager: local thread match [7f0000011753831685739456507312|p_7312_160de91@1|p_8163_990c555@7|com.oplus.metis]
07-29 19:28:47.400  8163  9571 E metis_v2_JenaHandlerManager: local thread match [7f0000011753831685739456507312|p_7312_160de91@1|p_8163_990c555@7|com.oplus.metis]
07-29 19:28:47.400  8163  9571 E metis_v2_JenaHandlerManager: local thread match [7f0000011753831685739456507312|p_7312_160de91@1|p_8163_990c555@7|com.oplus.metis]
07-29 19:28:47.400  8163  9571 E metis_v2_JenaHandlerManager: local thread match [7f0000011753831685739456507312|p_7312_160de91@1|p_8163_990c555@7|com.oplus.metis]
07-29 19:28:47.400  8163  9571 E metis_v2_JenaHandlerManager: local thread match [7f0000011753831685739456507312|p_7312_160de91@1|p_8163_990c555@7|com.oplus.metis]
07-29 19:28:47.400  8163  9571 E metis_v2_JenaHandlerManager: local thread match [7f0000011753831685739456507312|p_7312_160de91@1|p_8163_990c555@7|com.oplus.metis]
07-29 19:28:47.400  8163  9571 E metis_v2_JenaHandlerManager: local thread match [7f0000011753831685739456507312|p_7312_160de91@1|p_8163_990c555@7|com.oplus.metis]
07-29 19:28:47.400  8163  9571 E metis_v2_JenaHandlerManager: local thread match [7f0000011753831685739456507312|p_7312_160de91@1|p_8163_990c555@7|com.oplus.metis]
07-29 19:28:47.400  8163  9571 E metis_v2_JenaHandlerManager: local thread match [7f0000011753831685739456507312|p_7312_160de91@1|p_8163_990c555@7|com.oplus.metis]
07-29 19:28:47.400  8163  9571 E metis_v2_JenaHandlerManager: local thread match [7f0000011753831685739456507312|p_7312_160de91@1|p_8163_990c555@7|com.oplus.metis]
07-29 19:28:47.400  8163  9571 E metis_v2_JenaHandlerManager: local thread match [7f0000011753831685739456507312|p_7312_160de91@1|p_8163_990c555@7|com.oplus.metis]
07-29 19:28:47.400  8163  9571 E metis_v2_JenaHandlerManager: local thread match [7f0000011753831685739456507312|p_7312_160de91@1|p_8163_990c555@7|com.oplus.metis]
07-29 19:28:47.400  8163  9571 E metis_v2_JenaHandlerManager: local thread match [7f0000011753831685739456507312|p_7312_160de91@1|p_8163_990c555@7|com.oplus.metis]
07-29 19:28:47.400  8163  9571 E metis_v2_JenaHandlerManager: local thread match [7f0000011753831685739456507312|p_7312_160de91@1|p_8163_990c555@7|com.oplus.metis]
07-29 19:28:47.400  8163  9571 E metis_v2_JenaHandlerManager: local thread match [7f0000011753831685739456507312|p_7312_160de91@1|p_8163_990c555@7|com.oplus.metis]
07-29 19:28:47.400  8163  9571 E metis_v2_JenaHandlerManager: local thread match [7f0000011753831685739456507312|p_7312_160de91@1|p_8163_990c555@7|com.oplus.metis]
07-29 19:28:47.400  8163 12572 I ContextAware_DecisionIntentProvider: process method = assistant_method, extra = Bundle[EMPTY_PARCEL]
07-29 19:28:47.400  8163  9571 E metis_v2_JenaHandlerManager: local thread match [7f0000011753831685739456507312|p_7312_160de91@1|p_8163_990c555@7|com.oplus.metis]
07-29 19:28:47.400  8163  9571 E metis_v2_JenaHandlerManager: local thread match [7f0000011753831685739456507312|p_7312_160de91@1|p_8163_990c555@7|com.oplus.metis]
07-29 19:28:47.400  8163  9571 E metis_v2_JenaHandlerManager: local thread match [7f0000011753831685739456507312|p_7312_160de91@1|p_8163_990c555@7|com.oplus.metis]
07-29 19:28:47.400  8163  9571 E metis_v2_JenaHandlerManager: local thread match [7f0000011753831685739456507312|p_7312_160de91@1|p_8163_990c555@7|com.oplus.metis]
07-29 19:28:47.400  8163  9571 E metis_v2_JenaHandlerManager: local thread match [7f0000011753831685739456507312|p_7312_160de91@1|p_8163_990c555@7|com.oplus.metis]
07-29 19:28:47.400  8163  9571 E metis_v2_JenaHandlerManager: local thread match [7f0000011753831685739456507312|p_7312_160de91@1|p_8163_990c555@7|com.oplus.metis]
07-29 19:28:47.400  8163  9571 E metis_v2_JenaHandlerManager: local thread match [7f0000011753831685739456507312|p_7312_160de91@1|p_8163_990c555@7|com.oplus.metis]
07-29 19:28:47.400  8163  9571 E metis_v2_JenaHandlerManager: local thread match [7f0000011753831685739456507312|p_7312_160de91@1|p_8163_990c555@7|com.oplus.metis]
07-29 19:28:47.400  8163  9571 E metis_v2_JenaHandlerManager: local thread match [7f0000011753831685739456507312|p_7312_160de91@1|p_8163_990c555@7|com.oplus.metis]
07-29 19:28:47.400  8163  9571 E metis_v2_JenaHandlerManager: local thread match [7f0000011753831685739456507312|p_7312_160de91@1|p_8163_990c555@7|com.oplus.metis]
07-29 19:28:47.400  8163  9571 E metis_v2_JenaHandlerManager: local thread match [7f0000011753831685739456507312|p_7312_160de91@1|p_8163_990c555@7|com.oplus.metis]
07-29 19:28:47.400  8163  9571 E metis_v2_JenaHandlerManager: local thread match [7f0000011753831685739456507312|p_7312_160de91@1|p_8163_990c555@7|com.oplus.metis]
07-29 19:28:47.400  8163  9571 E metis_v2_JenaHandlerManager: local thread match [7f0000011753831685739456507312|p_7312_160de91@1|p_8163_990c555@7|com.oplus.metis]
07-29 19:28:47.400  8163  9571 E metis_v2_JenaHandlerManager: local thread match [7f0000011753831685739456507312|p_7312_160de91@1|p_8163_990c555@7|com.oplus.metis]
07-29 19:28:47.400  8163  9571 E metis_v2_JenaHandlerManager: local thread match [7f0000011753831685739456507312|p_7312_160de91@1|p_8163_990c555@7|com.oplus.metis]
07-29 19:28:47.400  8163  9571 E metis_v2_JenaHandlerManager: local thread match [7f0000011753831685739456507312|p_7312_160de91@1|p_8163_990c555@7|com.oplus.metis]
07-29 19:28:47.400  8163  9571 E metis_v2_JenaHandlerManager: local thread match [7f0000011753831685739456507312|p_7312_160de91@1|p_8163_990c555@7|com.oplus.metis]
07-29 19:28:47.400  8163  9571 E metis_v2_JenaHandlerManager: local thread match [7f0000011753831685739456507312|p_7312_160de91@1|p_8163_990c555@7|com.oplus.metis]
07-29 19:28:47.400  8163  9571 E metis_v2_JenaHandlerManager: local thread match [7f0000011753831685739456507312|p_7312_160de91@1|p_8163_990c555@7|com.oplus.metis]
07-29 19:28:47.400  8163  9571 E metis_v2_JenaHandlerManager: local thread match [7f0000011753831685739456507312|p_7312_160de91@1|p_8163_990c555@7|com.oplus.metis]
07-29 19:28:47.400  8163  9571 E metis_v2_JenaHandlerManager: local thread match [7f0000011753831685739456507312|p_7312_160de91@1|p_8163_990c555@7|com.oplus.metis]
07-29 19:28:47.400  8163  9571 E metis_v2_JenaHandlerManager: local thread match [7f0000011753831685739456507312|p_7312_160de91@1|p_8163_990c555@7|com.oplus.metis]
07-29 19:28:47.400  8163  9571 E metis_v2_JenaHandlerManager: local thread match [7f0000011753831685739456507312|p_7312_160de91@1|p_8163_990c555@7|com.oplus.metis]
07-29 19:28:47.400  8163  9571 E metis_v2_JenaHandlerManager: local thread match [7f0000011753831685739456507312|p_7312_160de91@1|p_8163_990c555@7|com.oplus.metis]
07-29 19:28:47.400  8163  9571 E metis_v2_JenaHandlerManager: local thread match [7f0000011753831685739456507312|p_7312_160de91@1|p_8163_990c555@7|com.oplus.metis]
07-29 19:28:47.400  8163  9571 E metis_v2_JenaHandlerManager: local thread match [7f0000011753831685739456507312|p_7312_160de91@1|p_8163_990c555@7|com.oplus.metis]
07-29 19:28:47.400  8163  9571 E metis_v2_JenaHandlerManager: local thread match [7f0000011753831685739456507312|p_7312_160de91@1|p_8163_990c555@7|com.oplus.metis]
07-29 19:28:47.400  8163  9571 E metis_v2_JenaHandlerManager: local thread match [7f0000011753831685739456507312|p_7312_160de91@1|p_8163_990c555@7|com.oplus.metis]
07-29 19:28:47.400  8163  9571 E metis_v2_JenaHandlerManager: local thread match [7f0000011753831685739456507312|p_7312_160de91@1|p_8163_990c555@7|com.oplus.metis]
07-29 19:28:47.400  8163  9571 E metis_v2_JenaHandlerManager: local thread match [7f0000011753831685739456507312|p_7312_160de91@1|p_8163_990c555@7|com.oplus.metis]
07-29 19:28:47.400  8163  9571 E metis_v2_JenaHandlerManager: local thread match [7f0000011753831685739456507312|p_7312_160de91@1|p_8163_990c555@7|com.oplus.metis]
07-29 19:28:47.400  8163  9571 E metis_v2_JenaHandlerManager: local thread match [7f0000011753831685739456507312|p_7312_160de91@1|p_8163_990c555@7|com.oplus.metis]
07-29 19:28:47.400  8163  9571 E metis_v2_JenaHandlerManager: local thread match [7f0000011753831685739456507312|p_7312_160de91@1|p_8163_990c555@7|com.oplus.metis]
07-29 19:28:47.400  8163  9571 E metis_v2_JenaHandlerManager: local thread match [7f0000011753831685739456507312|p_7312_160de91@1|p_8163_990c555@7|com.oplus.metis]
07-29 19:28:47.400  8163  9571 E metis_v2_JenaHandlerManager: local thread match [7f0000011753831685739456507312|p_7312_160de91@1|p_8163_990c555@7|com.oplus.metis]
07-29 19:28:47.400  8163  9571 E metis_v2_JenaHandlerManager: local thread match [7f0000011753831685739456507312|p_7312_160de91@1|p_8163_990c555@7|com.oplus.metis]
07-29 19:28:47.400  8163  9571 E metis_v2_JenaHandlerManager: local thread match [7f0000011753831685739456507312|p_7312_160de91@1|p_8163_990c555@7|com.oplus.metis]
07-29 19:28:47.400  8163  9571 E metis_v2_JenaHandlerManager: local thread match [7f0000011753831685739456507312|p_7312_160de91@1|p_8163_990c555@7|com.oplus.metis]
07-29 19:28:47.400  8163  9571 E metis_v2_JenaHandlerManager: local thread match [7f0000011753831685739456507312|p_7312_160de91@1|p_8163_990c555@7|com.oplus.metis]
07-29 19:28:47.400  8163  9571 E metis_v2_JenaHandlerManager: local thread match [7f0000011753831685739456507312|p_7312_160de91@1|p_8163_990c555@7|com.oplus.metis]
07-29 19:28:47.400  8163  9571 E metis_v2_JenaHandlerManager: local thread match [7f0000011753831685739456507312|p_7312_160de91@1|p_8163_990c555@7|com.oplus.metis]
07-29 19:28:47.400  8163  9571 E metis_v2_JenaHandlerManager: local thread match [7f0000011753831685739456507312|p_7312_160de91@1|p_8163_990c555@7|com.oplus.metis]
07-29 19:28:47.401  8163 12572 I ContextAware_DecisionIntentProvider: processBundle = Bundle[{assistant_data=[]}]
07-29 19:28:47.401  8163  9571 E metis_v2_JenaHandlerManager: local thread match [7f0000011753831685739456507312|p_7312_160de91@1|p_8163_990c555@7|com.oplus.metis]
07-29 19:28:47.401  8163  9571 E metis_v2_JenaHandlerManager: local thread match [7f0000011753831685739456507312|p_7312_160de91@1|p_8163_990c555@7|com.oplus.metis]
07-29 19:28:47.401  8163  9571 E metis_v2_JenaHandlerManager: local thread match [7f0000011753831685739456507312|p_7312_160de91@1|p_8163_990c555@7|com.oplus.metis]
07-29 19:28:47.401  8163  9571 E metis_v2_JenaHandlerManager: local thread match [7f0000011753831685739456507312|p_7312_160de91@1|p_8163_990c555@7|com.oplus.metis]
07-29 19:28:47.401  8163  9571 E metis_v2_JenaHandlerManager: local thread match [7f0000011753831685739456507312|p_7312_160de91@1|p_8163_990c555@7|com.oplus.metis]
07-29 19:28:47.401  8163  9571 E metis_v2_JenaHandlerManager: local thread match [7f0000011753831685739456507312|p_7312_160de91@1|p_8163_990c555@7|com.oplus.metis]
07-29 19:28:47.401  8163  9571 E metis_v2_JenaHandlerManager: local thread match [7f0000011753831685739456507312|p_7312_160de91@1|p_8163_990c555@7|com.oplus.metis]
07-29 19:28:47.401  8163  9571 E metis_v2_JenaHandlerManager: local thread match [7f0000011753831685739456507312|p_7312_160de91@1|p_8163_990c555@7|com.oplus.metis]
07-29 19:28:47.401  8163  9571 E metis_v2_JenaHandlerManager: local thread match [7f0000011753831685739456507312|p_7312_160de91@1|p_8163_990c555@7|com.oplus.metis]
07-29 19:28:47.401  8163  9571 E metis_v2_JenaHandlerManager: local thread match [7f0000011753831685739456507312|p_7312_160de91@1|p_8163_990c555@7|com.oplus.metis]
07-29 19:28:47.401  8163  9571 E metis_v2_JenaHandlerManager: local thread match [7f0000011753831685739456507312|p_7312_160de91@1|p_8163_990c555@7|com.oplus.metis]
07-29 19:28:47.401  8163  9571 E metis_v2_JenaHandlerManager: local thread match [7f0000011753831685739456507312|p_7312_160de91@1|p_8163_990c555@7|com.oplus.metis]
07-29 19:28:47.401  8163  9571 E metis_v2_JenaHandlerManager: local thread match [7f0000011753831685739456507312|p_7312_160de91@1|p_8163_990c555@7|com.oplus.metis]
07-29 19:28:47.401  8163  9571 E metis_v2_JenaHandlerManager: local thread match [7f0000011753831685739456507312|p_7312_160de91@1|p_8163_990c555@7|com.oplus.metis]
07-29 19:28:47.401  8163  9571 E metis_v2_JenaHandlerManager: local thread match [7f0000011753831685739456507312|p_7312_160de91@1|p_8163_990c555@7|com.oplus.metis]
07-29 19:28:47.401  8163  9571 E metis_v2_JenaHandlerManager: local thread match [7f0000011753831685739456507312|p_7312_160de91@1|p_8163_990c555@7|com.oplus.metis]
07-29 19:28:47.401  8163  9571 E metis_v2_JenaHandlerManager: local thread match [7f0000011753831685739456507312|p_7312_160de91@1|p_8163_990c555@7|com.oplus.metis]
07-29 19:28:47.401  8163  9571 E metis_v2_JenaHandlerManager: local thread match [7f0000011753831685739456507312|p_7312_160de91@1|p_8163_990c555@7|com.oplus.metis]
07-29 19:28:47.401  8163  9532 I ContextAware_SortAlgorithmManager.SceneUtil: SortAlgorithmManager.SceneDeduplicationProcessor sceneId 210000000 status 2 intentList size 1 isHome false IntentId: 13151001 policyName DYNAMIC_SUBSTITUTE isFocus false serviceId null type 0 deleteKeynull
07-29 19:28:47.401  8163  9532 I ContextAware_SortAlgorithmManager.SceneUtil:  sceneId 220500200 status 1 intentList size 1 isHome false IntentId: 14111005 policyName SUBSTITUTE_SCENE isFocus false serviceId  type 0 deleteKeynull
07-29 19:28:47.401  8163  9532 I ContextAware_SortAlgorithmManager.SceneUtil:  sceneId 240000000 status 2 intentList size 3 isHome false IntentId: 14111004 policyName CLEAN_UP_STORAGE_SUBSTITUTE isFocus false serviceId null type 0 deleteKeynull IntentId: 18111007 policyName CLEAN_UP_SUBSTITUTE isFocus false serviceId null type 0 deleteKeynull IntentId: 18111008 policyName CLEAN_UP_PLUS_SUBSTITUTE isFocus false serviceId null type 0 deleteKeynull
07-29 19:28:47.401  8163  9532 I ContextAware_SortAlgorithmManager.DecisionAlgorithmManager: getDecisionAlgorithm: dt_sort
07-29 19:28:47.401  8163  9571 E metis_v2_JenaHandlerManager: local thread match [7f0000011753831685739456507312|p_7312_160de91@1|p_8163_990c555@7|com.oplus.metis]
07-29 19:28:47.401  8163  9571 E metis_v2_JenaHandlerManager: local thread match [7f0000011753831685739456507312|p_7312_160de91@1|p_8163_990c555@7|com.oplus.metis]
07-29 19:28:47.401  8163  9571 E metis_v2_JenaHandlerManager: local thread match [7f0000011753831685739456507312|p_7312_160de91@1|p_8163_990c555@7|com.oplus.metis]
07-29 19:28:47.401  8163  9571 E metis_v2_JenaHandlerManager: local thread match [7f0000011753831685739456507312|p_7312_160de91@1|p_8163_990c555@7|com.oplus.metis]
07-29 19:28:47.401  8163  9571 E metis_v2_JenaHandlerManager: local thread match [7f0000011753831685739456507312|p_7312_160de91@1|p_8163_990c555@7|com.oplus.metis]
07-29 19:28:47.401  8163  9571 E metis_v2_JenaHandlerManager: local thread match [7f0000011753831685739456507312|p_7312_160de91@1|p_8163_990c555@7|com.oplus.metis]
07-29 19:28:47.401  8163  9571 E metis_v2_JenaHandlerManager: local thread match [7f0000011753831685739456507312|p_7312_160de91@1|p_8163_990c555@7|com.oplus.metis]
07-29 19:28:47.401  8163  9571 E metis_v2_JenaHandlerManager: local thread match [7f0000011753831685739456507312|p_7312_160de91@1|p_8163_990c555@7|com.oplus.metis]
07-29 19:28:47.401  8163  9571 E metis_v2_JenaHandlerManager: local thread match [7f0000011753831685739456507312|p_7312_160de91@1|p_8163_990c555@7|com.oplus.metis]
07-29 19:28:47.401  8163  9571 E metis_v2_JenaHandlerManager: local thread match [7f0000011753831685739456507312|p_7312_160de91@1|p_8163_990c555@7|com.oplus.metis]
07-29 19:28:47.401  8163  9571 E metis_v2_JenaHandlerManager: local thread match [7f0000011753831685739456507312|p_7312_160de91@1|p_8163_990c555@7|com.oplus.metis]
07-29 19:28:47.401  8163  9571 E metis_v2_JenaHandlerManager: local thread match [7f0000011753831685739456507312|p_7312_160de91@1|p_8163_990c555@7|com.oplus.metis]
07-29 19:28:47.401  8163  9571 E metis_v2_JenaHandlerManager: local thread match [7f0000011753831685739456507312|p_7312_160de91@1|p_8163_990c555@7|com.oplus.metis]
07-29 19:28:47.401  8163  9571 E metis_v2_JenaHandlerManager: local thread match [7f0000011753831685739456507312|p_7312_160de91@1|p_8163_990c555@7|com.oplus.metis]
07-29 19:28:47.401  8163  9571 E metis_v2_JenaHandlerManager: local thread match [7f0000011753831685739456507312|p_7312_160de91@1|p_8163_990c555@7|com.oplus.metis]
07-29 19:28:47.401  8163  9571 E metis_v2_JenaHandlerManager: local thread match [7f0000011753831685739456507312|p_7312_160de91@1|p_8163_990c555@7|com.oplus.metis]
07-29 19:28:47.401  8163  9571 E metis_v2_JenaHandlerManager: local thread match [7f0000011753831685739456507312|p_7312_160de91@1|p_8163_990c555@7|com.oplus.metis]
07-29 19:28:47.401  7204 10635 I AstScreen.NetDataRepository: jsonIntent:[]
07-29 19:28:47.406  5229  5587 W [0]DCS  : Common Record event failed. DCS reject event: [appId=107501,logTag=10750101,eventId=metis_scene] . Pls check server config.
07-29 19:28:47.411  1988  1988 D SensorFeature: name=ssc_screenshot_info ,index = 22
07-29 19:28:47.411  1988  1988 D SensorFeature: write 29 bytes:60184492424,60192825757,165,0
07-29 19:28:47.515  1920  2215 I SDM     : DisplayBase::CommitThread: Received idle timeout, panel: cmd, timeout: 70000 us
07-29 19:28:47.517  3395  4377 D FusionLightNextGen: process end reported = 1, mode: 0, lux 506.5, cct -1.0, r/g/b/c: 21504.7/13532.1/6222.2/39865.0, R/G/B: 132.0/125.0/124.0, bri 1450.0, match 0.69, ir 0.017958, conf 0.0, ts 60193308119
07-29 19:28:47.517  1920  4447 I Dpps    : LtmSwState::SetParameter():144 ignore cmd 7 in state LtmOffState
07-29 19:28:47.664  2173  3674 D VRR [OTI]: handleIdle from 0 to 1
07-29 19:28:47.664  2173  3674 D VRR [OTI-HW]: isStateReady 1
07-29 19:28:47.664  2173  3674 D VRR [RefreshRateDirector]: requestRefreshRateByOti update [ oti-hw, {fps=60, modePtr={id=5, vsyncRate=60.00 Hz, peakRefreshRate=60.00 Hz}} ]
07-29 19:28:47.664  2173  3674 D VRR [RefreshRateDirector]: selectBestFrameRate DirectorMapOti [oti-hw, {fps=60, modePtr={id=5, vsyncRate=60.00 Hz, peakRefreshRate=60.00 Hz}}]
07-29 19:28:47.664  2173  3674 D VRR [RefreshRateDirector]: updateBestFrameRate [oti-hw, {fps=60, modePtr={id=5, vsyncRate=60.00 Hz, peakRefreshRate=60.00 Hz}}]
07-29 19:28:47.664  2173  3674 D SurfaceFlinger: VRR [SurfaceFlinger] setDesiredActiveMode: displayId: 4630946756802996883, renderRate: 60, vsyncRate: 60, event: 1
07-29 19:28:47.664  2173  3674 D DisplayModeController: setDesiredMode 4630946756802996883 {mode={fps=60.00 Hz, modePtr={id=5, vsyncRate=60.00 Hz, peakRefreshRate=60.00 Hz}}, emitEvent=true, force=false}
07-29 19:28:47.664  2173  2173 I DisplayModeController: hwc begin mode change to 16666666
07-29 19:28:47.664  2173  2173 I HWC2    : [0] setActiveConfigWithConstraints[5]
07-29 19:28:47.665  1920  3642 W SDM     : HWDeviceDRM::GetSupportedBitClkRate: Requested rate not supported: 1363200000
07-29 19:28:47.665  1920  3642 I SDM     : HWDeviceDRM::UpdateMixerAttributes: Mixer WxH 1440x3168-1 for Peripheral
07-29 19:28:47.665  1920  3642 I CwbService: CwbService::notifyConfigChange: display:0, config:5 size:4, sec.size():0
07-29 19:28:47.665  1920  3642 I CwbService: CwbService::notifyConfigChange: display: 0, config = 1
07-29 19:28:47.665  1920  3593 I CasManager: Fps changed from 120 to 60
07-29 19:28:47.665  1920  3593 I CasManager: Fps changed, not change bin, so trigger gain
07-29 19:28:47.666  1920  3593 W SDM     : DemuraIntfImpl::ProcessOemPluginGain: Thermal intf_ is nullptr 0, default to 25 degree
07-29 19:28:47.666  1920  3593 I SDM     : CasQcPlugIn::ProcessPerCompGainOppo: input params, mode:PWM, fps:60, dbv:1450
07-29 19:28:47.666  1920  3593 I SDM     : CasQcPlugIn::ProcessPerCompGainOppo: normalized bright_adj:1024, dbv:1450, bin_dbv:1083, 
07-29 19:28:47.666  1920  3593 I SDM     : CasQcPlugIn::ProcessPerCompGainOppo: gains print start =====================
07-29 19:28:47.666  1920  3593 I SDM     : CasQcPlugIn::ProcessPerCompGainOppo: gain --------------------------------
07-29 19:28:47.666  1920  3593 I SDM     : CasQcPlugIn::ProcessPerCompGainOppo: old: 0 0 0 57 90 322 1201 3072
07-29 19:28:47.666  1920  3593 I SDM     : CasQcPlugIn::ProcessPerCompGainOppo: new: 0 0 0 30 78 279 1041 3072
07-29 19:28:47.666  1920  3593 I SDM     : CasQcPlugIn::ProcessPerCompGainOppo: gain --------------------------------
07-29 19:28:47.666  1920  3593 I SDM     : CasQcPlugIn::ProcessPerCompGainOppo: old: 0 0 0 64 125 373 1336 3072
07-29 19:28:47.666  1920  3593 I SDM     : CasQcPlugIn::ProcessPerCompGainOppo: new: 0 0 0 34 100 373 1336 3072
07-29 19:28:47.666  1920  3593 I SDM     : CasQcPlugIn::ProcessPerCompGainOppo: gain --------------------------------
07-29 19:28:47.666  1920  3593 I SDM     : CasQcPlugIn::ProcessPerCompGainOppo: old: 0 0 0 42 83 323 1222 3072
07-29 19:28:47.666  1920  3593 I SDM     : CasQcPlugIn::ProcessPerCompGainOppo: new: 0 0 0 22 83 323 1222 3072
07-29 19:28:47.666  1920  3593 I SDM     : CasQcPlugIn::ProcessPerCompGainOppo: gains print end =======================
07-29 19:28:47.672  1920  3593 I SDM     : DemuraIntfImpl::StageAllData: Staged all data to Demura Driver!
07-29 19:28:47.673  1920  3593 I SDM     : HWPeripheralDRM::SetPanelFeature: Set Panel feature property 19
07-29 19:28:47.673  1920  3593 I SDM     : HWPeripheralDRM::SetPanelFeature: Set Panel feature property 7
07-29 19:28:47.673  1920  3593 I SDM     : DisplayBuiltIn::TriggerDemuraOemPlugIn: Trigger demura oem plugin success
07-29 19:28:47.673  1920  3642 I SDM     : PartialUpdateSrcSplit::SetCwbRoiForNonPU: CWB ROI Rect(1009.000000 147.000000 1047.000000 189.000000)
07-29 19:28:47.675  1920  2215 I SDM     : DRMPanelFeatureMgr::ApplyDirtyFeature: Commited panel feature [enabled]: 20-272
07-29 19:28:47.675  1920  2215 I SDM     : DRMPanelFeatureMgr::ApplyDirtyFeature: Commited panel feature [enabled]: 8-271
07-29 19:28:47.695  2173  2173 D VRR-[OPlusRefreshRateSelector]: setCurrentModeId 5 type SM
07-29 19:28:47.695  2173  3674 D VRR [OTI-HW]: isStateReady 1
07-29 19:28:47.695  2173  3674 D VRR [OTI-HW]: keep rate.
07-29 19:28:47.696  3395  3504 I DisplayDeviceRepository: Display device changed render timings: "Built-in Screen", renderFrameRate=60.000004, presentationDeadlineNanos=16666666, appVsyncOffsetNanos=1000000
07-29 19:28:47.696  3395  3504 D LogicalDisplayExt: set displayInfo flag FLAG_ROTATES_WITH_CONTENT
07-29 19:28:47.698  3395  3504 D DisplayManagerServiceExtImpl: scheduleTraversalLocked intraversal=false
07-29 19:28:47.698  3395  3504 I DisplayManagerServiceExtImpl: handle logical display changed logicalDisplay=id=0,stack=0,content=true,displayInfo{stack=0,type=1,id=0,uId=local:4630946756802996883,state=ON,pkg=null}
07-29 19:28:47.698  3395  3504 D DisplayManagerService: Delivering display event: displayId=0, event=CHANGED
07-29 19:28:47.698  3395  3759 D BrightnessThermalClamper: Thermal status observer already started
07-29 19:28:47.698  3395  3759 D BrightnessPowerClamper: Power throttling data is missing for configuration data.
07-29 19:28:47.699  3395  3395 E OplusGestureAnimationManagerPolicy: mScreenHeight:2376 mScreenWidth:1080 mRotation:0
07-29 19:28:47.699  3395  3502 D OplusVFXScreenEffectFeature: notifySFCompatWindowStateChange entered false
07-29 19:28:47.699  4679  4679 D CastManagerService: onDisplayChanged.
07-29 19:28:47.700  3395  3502 D FSS_FoldScreenBlackCoverController: displayChangeToOn, dc:Display{#0 state=ON size=1080x2376 ROTATION_0}
07-29 19:28:47.700  2173  2399 D [PREVIEW]: SF obtain preview_adapter: 0
07-29 19:28:47.700  2173  2399 D [PREVIEW]: TabletPreviewAdapter::parallel world 0
07-29 19:28:47.701  2151  4739 D AudioFlingerExtImpl: AudioFlingerExtImpl oplusSetParameters: keyvalue screen_state=on
07-29 19:28:47.701  2151  4739 D DeviceHalAidl: 0xb400007a8607c200 DeviceHalAidl::setParameters
07-29 19:28:47.701  2151  4739 D DeviceHalAidl: setParameters: parameters: "screen_state=on"
07-29 19:28:47.702  1833  4549 I PAL: ResourceManager: setParameter: 11480: Screen State:1
07-29 19:28:47.702  2151  4739 D DeviceHalAidl: 0xb400007a8607c800 DeviceHalAidl::setParameters
07-29 19:28:47.702  2151  4739 D DeviceHalAidl: setParameters: parameters: "screen_state=on"
07-29 19:28:47.702  4862  4862 I SystemUi--Statusbar: DisplayRepository-->combining enabled=[0], connectedExternalDisplayIds=[], ignored=[]
07-29 19:28:47.702  1833  4549 D AHAL_Module: updateScreenState: usb: 1
07-29 19:28:47.702  2151  4739 D DeviceHalAidl: 0xb400007a8607ce00 DeviceHalAidl::setParameters
07-29 19:28:47.702  2151  4739 D DeviceHalAidl: setParameters: parameters: "screen_state=on"
07-29 19:28:47.703  3395  3504 D DisplayManagerService: MSG_REQUEST_TRAVERSAL pendingCompleted=false
07-29 19:28:47.703  1833  4549 D AHAL_Module: updateScreenState: r_submix: 1
07-29 19:28:47.703  2151  4739 D DeviceHalAidl: 0xb400007a8607d400 DeviceHalAidl::setParameters
07-29 19:28:47.703  2151  4739 D DeviceHalAidl: setParameters: parameters: "screen_state=on"
07-29 19:28:47.703  1833  4549 D AHAL_Module: updateScreenState: bluetooth: 1
07-29 19:28:47.703  3395  3502 D DisplayManagerService: performTraversalInternal pendingTraversal
07-29 19:28:47.703  3395  3502 D DisplayDevice: setLayerStackLocked id=local:4630946756802996883 token=android.os.BinderProxy@85e8d3b stack=0->0
07-29 19:28:47.703  2151  4739 D DeviceHalAidl: 0xb400007a8607da00 DeviceHalAidl::setParameters
07-29 19:28:47.703  2151  4739 D DeviceHalAidl: setParameters: parameters: "screen_state=on"
07-29 19:28:47.703  1833  4549 D AHAL_Module: updateScreenState: bluetooth: 1
07-29 19:28:47.703  2151  4739 D DeviceHalAidl: 0xb400007a8607e000 DeviceHalAidl::setParameters
07-29 19:28:47.703  2151  4739 D DeviceHalAidl: setParameters: parameters: "screen_state=on"
07-29 19:28:47.703  1833  3465 D AHAL_Module: updateScreenState: stub: 1
07-29 19:28:47.704  6517  6553 E oiface  : sched_setaffinity failed
07-29 19:28:47.704  2013  2080 I gameoptHal: targetfps updated 6 -- 60
07-29 19:28:47.719  4996  5046 D SaDataService: onTelephonyEventReport , subId= 0,slotId=-1 eventId=2009
07-29 19:28:47.719  5197  6290 D VendorTelephonyService: onTelephonyEventReport slotId =0 eventId=2009
07-29 19:28:47.719  4996  5046 D TelephonyImpl: notify eventId:2009 for list size:2
07-29 19:28:47.719  5197  6290 D VendorTelephonyService: onTelephonyEventReport slotId =0 eventId=2009
07-29 19:28:47.720  5197  5197 D VendorCallService: notityEventUpdate, eventId:2009, slotId = 0
07-29 19:28:47.720  5197  6290 D VendorTelephonyService: onTelephonyEventReport slotId =1 eventId=2009
07-29 19:28:47.720  4996  5046 D SaDataService: onTelephonyEventReport , subId= 1,slotId=0 eventId=2009
07-29 19:28:47.720  5197  6290 D VendorTelephonyService: onTelephonyEventReport slotId =1 eventId=2009
07-29 19:28:47.720  4996  5046 D TelephonyImpl: notify eventId:2009 for list size:2
07-29 19:28:47.720  5197  5197 D VendorCallService: notityEventUpdate, eventId:2009, slotId = 1
07-29 19:28:47.743  1988  1988 D SensorFeature: name=ssc_screenshot_info ,index = 22
07-29 19:28:47.744  1988  1988 D SensorFeature: write 29 bytes:60475254402,60525515340,166,0
07-29 19:28:47.746  3395  3776 D VRR [OPlusRefreshRateService]: handleConfigIdChange physicalDisplayId: 4630946756802996883 configId: 5 renderPeriod: 16666666
07-29 19:28:47.746  3395  3776 D VRR [OPlusSAManager]: updateModeChange old modeId [ 4 ] -> new modeId [ 5 ] mCurPolicy: 1
07-29 19:28:47.746  3395  3776 D VRR [OPlusSAManager]: updateSAScene active modeId: 5
07-29 19:28:47.746  3395  3776 D VRR [OPlusSAManager]: updateSAScene current policy: 1 active modeId: 5 scene: VRR_60
07-29 19:28:47.746  3395  3776 D VRR [OPlusOAManager]: Not OA business! new modeId: [5] active modeId: [4]
07-29 19:28:47.746  3395  3776 D VRR [OPlusGameStatusManager]: updateGameState mOSyncFeatureSwitch: false mIsGamePolicy: false
07-29 19:28:47.746  3395  3776 D VRR [OPlusGameStatusManager]: setLTMStatus false curPkgName: null curr status: false HeartStop: false HeartStopFromTGPA: false ActiveFPS: 60.000004
07-29 19:28:47.746  3395  3776 D VRR [OPlusGameStatusManager]: updateGameAccelerationStatus pkgName: null mOSyncFeatureSwitch: false mIsGamePolicy: false mHeartStop: false mHasFlickerRisk: false mForceAcceleration: false mToastReady: false enable: false
07-29 19:28:47.746  3395  3776 D VRR [OPlusGameStatusManager]: updateToastStatus enableAcceleration: false toastReady: false isGamePolicy: false desiredModeId: 5
07-29 19:28:47.746  3395  3776 D VRR [OPlusGameStatusManager]: updateToastStatus enableAcceleration: false toastReady: false isGamePolicy: false desiredModeId: 5
07-29 19:28:47.797  3395  3776 D VRR [OPlusSAManager]: setSAConfig scene: VRR_60 modeId: 5 auto: false fakeFrame: false
07-29 19:28:47.797  3395  3776 D VRR [OPlusSAManager]: updateAutoMinfps with nits: 114.74964, mHistOK true, mAmbientOK true, mCctOK true, mIrOK true, mBrightnessOK true, isPkgOK true, SA min fps: 119
07-29 19:28:47.797  3395  3776 D VRR [OPlusSurfaceFlingerController]: setAutoMode enable: false fakeFrame: false fps: 119
07-29 19:28:47.797  2173  2399 I VRR-[OPlusAdfrUtil]: ADFR try set Auto mode with mode 0 fakeframe 0 min fps 119
07-29 19:28:47.797  2173  2399 D VRR-[OPlusRefreshRateSelector]: OSyncModes add size is 1.
07-29 19:28:47.797  2173  2399 I VRR-[OPlusRefreshRateSelector]: updateAutoMode success, display 0, mode 0, fakeframe 0, min fps: 1
07-29 19:28:47.797  2173  3648 D VRR-[OPlusRefreshRateSelector]: handleSetHWCOSync
07-29 19:28:47.797  2173  3648 D VRR-[OPlusRefreshRateSelector]: OSyncModes remaining size is 0.
07-29 19:28:47.797  2173  3648 D VRR-[OPlusRefreshRateSelector]: SetHWCOSync with 5CC08081
07-29 19:28:47.797  1920  4677 I SDM     : DisplayBuiltIn::SetQSyncMode: VRR + update qsync mode 0 minfps 00C08081
07-29 19:28:47.806  1920  2215 E SDM     : DRMConnector::Perform: Connector 67: Setting Qsync min fps 12615809
07-29 19:28:47.834  3395  4654 V SettingsProvider: deleteSystemSetting(OPLUS_SLA_LAST_MCC, 0)
07-29 19:28:47.834  3395  4654 D SettingsProvider: delete system settings OPLUS_****_MCC pkg is  android user id is 0
07-29 19:28:47.835  3395  4654 W OplusSlaManager: updateMCC curMCC from macc_change!
07-29 19:28:47.839  3395  4654 W OplusSlaApps: sendWhiteListAppUid no enabled app found...
07-29 19:28:47.839  3395  4654 W OplusSlaApps: sendGameAppUid no game app found!!
07-29 19:28:47.847  4996  5905 E CellularEvent: nri null ps
07-29 19:28:47.847  4996  5905 E CellularEvent: invalid nri
07-29 19:28:47.848  4916  5529 D AutoDualCardRoamingDemand: judgeToShowDialog return for sim count != 2
07-29 19:28:47.876  1920  2215 I SDM     : DisplayBase::CommitThread: Received idle timeout, panel: cmd, timeout: 70000 us
07-29 19:28:47.992  1994  2044 D BatteryChargeControl: bcc get no support from charging protocol
07-29 19:28:48.045  1988  1988 D SensorFeature: name=ssc_screenshot_info ,index = 22
07-29 19:28:48.045  1988  1988 D SensorFeature: write 29 bytes:60475254402,60826782840,167,0
07-29 19:28:48.177  3395  3521 W UserAwareMgr: event can not be released, id: 3020, count: 2, releasePid: 4862
07-29 19:28:48.206  3200  3200 E OplusTouchDaemon: ts_run_service: shellback temperature updated 36 (36439)
07-29 19:28:48.298  3395  3776 D VRR [OPlusSAManager]: updateAutoMinfps with nits: 114.74964, mHistOK true, mAmbientOK true, mCctOK true, mIrOK true, mBrightnessOK true, isPkgOK true, SA min fps: 119
07-29 19:28:48.298  3395  3776 D VRR [OPlusSurfaceFlingerController]: setAutoMode enable: false fakeFrame: false fps: 119
07-29 19:28:48.298  2173  2361 I VRR-[OPlusAdfrUtil]: ADFR try set Auto mode with mode 0 fakeframe 0 min fps 119
07-29 19:28:48.298  2173  2361 D VRR-[OPlusRefreshRateSelector]: OSyncModes add size is 1.
07-29 19:28:48.298  2173  2361 I VRR-[OPlusRefreshRateSelector]: updateAutoMode success, display 0, mode 0, fakeframe 0, min fps: 1
07-29 19:28:48.298  2173  3648 D VRR-[OPlusRefreshRateSelector]: handleSetHWCOSync
07-29 19:28:48.298  2173  3648 D VRR-[OPlusRefreshRateSelector]: OSyncModes remaining size is 0.
07-29 19:28:48.298  2173  3648 D VRR-[OPlusRefreshRateSelector]: SetHWCOSync with 5CC08081
07-29 19:28:48.298  1920  3642 I SDM     : DisplayBuiltIn::SetQSyncMode: VRR + update qsync mode 0 minfps 00C08081
07-29 19:28:48.306  1920  2215 E SDM     : DRMConnector::Perform: Connector 67: Setting Qsync min fps 12615809
07-29 19:28:48.347  1988  1988 D SensorFeature: name=ssc_screenshot_info ,index = 22
07-29 19:28:48.347  1988  1988 D SensorFeature: write 29 bytes:60475254402,61129113100,168,0
07-29 19:28:48.349  1822  4454 I sensors-hal: handle_oplus_wise_rgb_event:189, high_pwm_light:lux 278.0,cct 3628.2,brl/algo/ir 1450.0/2.0/17.8,pwm/dc 0.0/0.0,rgbc 21509.425781/13536.665039/6241.480957/39920.199219,ts 61046215255,cnt 870,flag 168
07-29 19:28:48.350  1920  4447 I Dpps    : LtmSwState::SetParameter():144 ignore cmd 7 in state LtmOffState
07-29 19:28:48.378  1920  2215 I SDM     : DisplayBase::CommitThread: Received idle timeout, panel: cmd, timeout: 70000 us
07-29 19:28:48.402  8163 12014 W LOG_FLOWCTRL: ==LOGS OVER PROC QUOTA(300), rows(22) bytes(2515) com.oplus.metis DROPPED==
07-29 19:28:48.402  8163 12014 I LogCacheHelper: cache log scheduled task [base|com.oplus.metis|1.5.5-f48228a]
07-29 19:28:48.402  8163 12014 E metis_v2_JenaHandlerManager_cache: 2025-07-29 19:28:47.401000		9571		local thread match
07-29 19:28:48.402  8163 12014 E metis_v2_JenaHandlerManager_cache: 2025-07-29 19:28:47.401000		9571		local thread match
07-29 19:28:48.402  8163 12014 E metis_v2_JenaHandlerManager_cache: 2025-07-29 19:28:47.401000		9571		local thread match
07-29 19:28:48.402  8163 12014 E metis_v2_JenaHandlerManager_cache: 2025-07-29 19:28:47.401000		9571		local thread match
07-29 19:28:48.403  8163 12014 E metis_v2_JenaHandlerManager_cache: 2025-07-29 19:28:47.401000		9571		local thread match
07-29 19:28:48.403  8163 12014 E metis_v2_JenaHandlerManager_cache: 2025-07-29 19:28:47.401000		9571		local thread match
07-29 19:28:48.403  8163 12014 E metis_v2_JenaHandlerManager_cache: 2025-07-29 19:28:47.401000		9571		local thread match
07-29 19:28:48.403  8163 12014 E metis_v2_JenaHandlerManager_cache: 2025-07-29 19:28:47.401000		9571		local thread match
07-29 19:28:48.403  8163 12014 E metis_v2_JenaHandlerManager_cache: 2025-07-29 19:28:47.401000		9571		local thread match
07-29 19:28:48.403  8163 12014 E metis_v2_JenaHandlerManager_cache: 2025-07-29 19:28:47.401000		9571		local thread match
07-29 19:28:48.403  8163 12014 E metis_v2_JenaHandlerManager_cache: 2025-07-29 19:28:47.401000		9571		local thread match
07-29 19:28:48.403  8163 12014 E metis_v2_JenaHandlerManager_cache: 2025-07-29 19:28:47.401000		9571		local thread match
07-29 19:28:48.403  8163 12014 E metis_v2_JenaHandlerManager_cache: 2025-07-29 19:28:47.401000		9571		local thread match
07-29 19:28:48.403  8163 12014 E metis_v2_JenaHandlerManager_cache: 2025-07-29 19:28:47.401000		9571		local thread match
07-29 19:28:48.403  8163 12014 E metis_v2_JenaHandlerManager_cache: 2025-07-29 19:28:47.401000		9571		local thread match
07-29 19:28:48.403  8163 12014 E metis_v2_JenaHandlerManager_cache: 2025-07-29 19:28:47.401000		9571		local thread match
07-29 19:28:48.403  8163 12014 E metis_v2_JenaHandlerManager_cache: 2025-07-29 19:28:47.401000		9571		local thread match
07-29 19:28:48.403  8163 12014 E metis_v2_JenaHandlerManager_cache: 2025-07-29 19:28:47.401000		9571		local thread match
07-29 19:28:48.403  8163 12014 E metis_v2_JenaHandlerManager_cache: 2025-07-29 19:28:47.401000		9571		local thread match
07-29 19:28:48.403  8163 12014 E metis_v2_JenaHandlerManager_cache: 2025-07-29 19:28:47.401000		9571		local thread match
07-29 19:28:48.403  8163 12014 E metis_v2_JenaHandlerManager_cache: 2025-07-29 19:28:47.401000		9571		local thread match
07-29 19:28:48.403  8163 12014 E metis_v2_JenaHandlerManager_cache: 2025-07-29 19:28:47.401000		9571		local thread match
07-29 19:28:48.403  8163 12014 E metis_v2_JenaHandlerManager_cache: 2025-07-29 19:28:47.401000		9571		local thread match
07-29 19:28:48.403  8163 12014 E metis_v2_JenaHandlerManager_cache: 2025-07-29 19:28:47.401000		9571		local thread match
07-29 19:28:48.403  8163 12014 E metis_v2_JenaHandlerManager_cache: 2025-07-29 19:28:47.401000		9571		local thread match
07-29 19:28:48.403  8163 12014 E metis_v2_JenaHandlerManager_cache: 2025-07-29 19:28:47.401000		9571		local thread match
07-29 19:28:48.403  8163 12014 E metis_v2_JenaHandlerManager_cache: 2025-07-29 19:28:47.401000		9571		local thread match
07-29 19:28:48.403  8163 12014 E metis_v2_JenaHandlerManager_cache: 2025-07-29 19:28:47.401000		9571		local thread match
07-29 19:28:48.403  8163 12014 E metis_v2_JenaHandlerManager_cache: 2025-07-29 19:28:47.401000		9571		local thread match
07-29 19:28:48.403  8163 12014 E metis_v2_JenaHandlerManager_cache: 2025-07-29 19:28:47.401000		9571		local thread match
07-29 19:28:48.403  8163 12014 I ContextAware_SortAlgorithmManager.DtSort_cache: 2025-07-29 19:28:47.401000		10720		onDecisionAfterRerank, inner algorithm is: internal_dt_sort
07-29 19:28:48.403  8163 12014 E metis_v2_JenaHandlerManager_cache: 2025-07-29 19:28:47.401000		9571		local thread match
07-29 19:28:48.403  8163 12014 E metis_v2_JenaHandlerManager_cache: 2025-07-29 19:28:47.401000		9571		local thread match
07-29 19:28:48.403  8163 12014 E metis_v2_JenaHandlerManager_cache: 2025-07-29 19:28:47.401000		9571		local thread match
07-29 19:28:48.403  8163 12014 E metis_v2_JenaHandlerManager_cache: 2025-07-29 19:28:47.401000		9571		local thread match
07-29 19:28:48.403  8163 12014 E metis_v2_JenaHandlerManager_cache: 2025-07-29 19:28:47.401000		9571		local thread match
07-29 19:28:48.403  8163 12014 E metis_v2_JenaHandlerManager_cache: 2025-07-29 19:28:47.401000		9571		local thread match
07-29 19:28:48.403  8163 12014 E metis_v2_JenaHandlerManager_cache: 2025-07-29 19:28:47.401000		9571		local thread match
07-29 19:28:48.403  8163 12014 E metis_v2_JenaHandlerManager_cache: 2025-07-29 19:28:47.401000		9571		local thread match
07-29 19:28:48.403  8163 12014 E metis_v2_JenaHandlerManager_cache: 2025-07-29 19:28:47.401000		9571		local thread match
07-29 19:28:48.403  8163 12014 E metis_v2_JenaHandlerManager_cache: 2025-07-29 19:28:47.401000		9571		local thread match
07-29 19:28:48.403  8163 12014 E metis_v2_JenaHandlerManager_cache: 2025-07-29 19:28:47.401000		9571		local thread match
07-29 19:28:48.403  8163 12014 E metis_v2_JenaHandlerManager_cache: 2025-07-29 19:28:47.401000		9571		local thread match
07-29 19:28:48.403  8163 12014 I ContextAware_SortAlgorithmManager.DtIntentDataManager_cache: 2025-07-29 19:28:47.402000		10729		getDtIntentList: dtIntents = []
07-29 19:28:48.403  8163 12014 I ContextAware_DailyStatisticsRecorder_cache: 2025-07-29 19:28:47.402000		9301		Increase context change count: PROCESSOR_SCENE_REORDER_cnt, value: 1
07-29 19:28:48.403  8163 12014 E ContextAware_SortAlgorithmManager.DtInternalSortImpl_cache: 2025-07-29 19:28:47.402000		10729		targetDtList is invalid
07-29 19:28:48.403  8163 12014 I ContextAware_DailyStatisticsRecorder_cache: 2025-07-29 19:28:47.402000		10173		Increase context change count: PROCESSOR_SCENE_DEDUPLICATION_cnt, value: 1
07-29 19:28:48.403  8163 12014 I ContextAware_SortAlgorithmManager.SceneIntentReorderProcessor_cache: 2025-07-29 19:28:47.402000		9532		ruleReordering onDecisionAfterRerank, mIntentList:size: 5 13151001 14111005 14111004 18111007 18111008
07-29 19:28:48.403  8163 12014 I ContextAware_DailyStatisticsRecorder_cache: 2025-07-29 19:28:47.402000		10173		Increase context change count: PROCESSOR_SCENE_DEDUPLICATION_ms, value: 0
07-29 19:28:48.403  8163 12014 W ContextAware_IntentSwitchManager_cache: 2025-07-29 19:28:47.402000		9532		subSwitchMap don't contain application_suggestions, set the switch to true as default
07-29 19:28:48.403  8163 12014 I ContextAware_IntentSwitchManager_cache: 2025-07-29 19:28:47.402000		9532		getSubSwitchStatus = {application_suggestions=true}
07-29 19:28:48.403  8163 12014 I ContextAware_SortAlgorithmManager.ReorderProcessor.RuleReRanker_cache: 2025-07-29 19:28:47.402000		9532		sceneIntentRerank sceneFinalScoreMap:{scene rerank, use defaultScore, finalScore:13151001DYNAMIC_SUBSTITUTE=3.12}
07-29 19:28:48.403  8163 12014 I ContextAware_DailyStatisticsRecorder_cache: 2025-07-29 19:28:47.402000		9301		Increase context change count: PROCESSOR_SCENE_REORDER_ms, value: 2
07-29 19:28:48.403  8163 12014 I metis_v2_BreenoSwitchSettingObserver_cache: 2025-07-29 19:28:47.402000		9532		panta-sugg-getMasterSwitchStatus from cache:true
07-29 19:28:48.403  8163 12014 I ContextAware_IntentSwitchManager_cache: 2025-07-29 19:28:47.402000		9532		getSubSwitchStatus = {tips=true}
07-29 19:28:48.403  8163 12014 I ContextAware_IntentSwitchManager_cache: 2025-07-29 19:28:47.402000		9532		isExistInSceneInfoActionList pantanalIntentAction = pantanal.intent.system.VIEW_TIPS
07-29 19:28:48.403  8163 12014 I metis_v2_BreenoSwitchSettingObserver_cache: 2025-07-29 19:28:47.402000		9532		panta-sugg-getMasterSwitchStatus from cache:true
07-29 19:28:48.403  8163 12014 I ContextAware_SortAlgorithmManager.ReorderProcessor.RuleReRanker_cache: 2025-07-29 19:28:47.402000		9532		sceneIntentRerank sceneFinalScoreMap:{scene rerank, use defaultScore, finalScore:14111005SUBSTITUTE_SCENE=2.0}
07-29 19:28:48.403  8163 12014 I ContextAware_IntentSwitchManager_cache: 2025-07-29 19:28:47.402000		9532		getSubSwitchStatus = {clear_memory=true}
07-29 19:28:48.403  8163 12014 I ContextAware_IntentSwitchManager_cache: 2025-07-29 19:28:47.402000		9532		isExistInSceneInfoActionList pantanalIntentAction = pantanal.intent.system.CLEAN_UP_STORAGE
07-29 19:28:48.403  8163 12014 I metis_v2_BreenoSwitchSettingObserver_cache: 2025-07-29 19:28:47.402000		9532		panta-sugg-getMasterSwitchStatus from cache:true
07-29 19:28:48.404  8163 12014 I ContextAware_IntentSwitchManager_cache: 2025-07-29 19:28:47.402000		9532		isExistInSceneInfoActionList pantanalIntentAction = pantanal.intent.audio.SUBSTITUTE_RAM_CLEAN_UP
07-29 19:28:48.404  8163 12014 I metis_v2_BreenoSwitchSettingObserver_cache: 2025-07-29 19:28:47.402000		9532		panta-sugg-getMasterSwitchStatus from cache:true
07-29 19:28:48.404  8163 12014 I ContextAware_IntentSwitchManager_cache: 2025-07-29 19:28:47.402000		9532		isExistInSceneInfoActionList pantanalIntentAction = pantanal.intent.audio.SUBSTITUTE_RAM_CLEAN_UP_PLUS
07-29 19:28:48.404  8163 12014 I metis_v2_BreenoSwitchSettingObserver_cache: 2025-07-29 19:28:47.402000		9532		panta-sugg-getMasterSwitchStatus from cache:true
07-29 19:28:48.404  8163 12014 I ContextAware_SortAlgorithmManager.ReorderProcessor.RuleReRanker_cache: 2025-07-29 19:28:47.402000		9532		sceneIntentRerank sceneFinalScoreMap:{scene rerank, use defaultScore, finalScore:14111004CLEAN_UP_STORAGE_SUBSTITUTE=4.06, scene rerank, use defaultScore, finalScore:18111007CLEAN_UP_SUBSTITUTE=4.05, scene rerank, use defaultScore, finalScore:18111008CLEAN_UP_PLUS_SUBSTITUTE=4.02}
07-29 19:28:48.404  8163 12014 I ContextAware_SortAlgorithmManager.SceneIntentReorderProcessor_cache: 2025-07-29 19:28:47.402000		9532		IntentReorder: scene[210000000]rank mIntentList: size: 1 13151001
07-29 19:28:48.404  8163 12014 I ContextAware_SortAlgorithmManager.SceneIntentReorderProcessor_cache: scene[220500200]rank mIntentList: size: 1 14111005
07-29 19:28:48.404  8163 12014 I ContextAware_SortAlgorithmManager.SceneIntentReorderProcessor_cache: scene[240000000]rank mIntentList: size: 3 14111004 18111007 18111008
07-29 19:28:48.404  8163 12014 W ContextAware_SortAlgorithmManager.SceneUtil_cache: 2025-07-29 19:28:47.402000		9532		Drop invalid scene: 220500200
07-29 19:28:48.404  8163 12014 I ContextAware_SortAlgorithmManager.SceneFocusProcessor_cache: 2025-07-29 19:28:47.403000		9532		scene 210000000 not change or has focus scene or current scene is L3
07-29 19:28:48.404  8163 12014 I ContextAware_SortAlgorithmManager.SceneFocusProcessor_cache: 2025-07-29 19:28:47.403000		9532		scene 240000000 not change or has focus scene or current scene is L3
07-29 19:28:48.404  8163 12014 I ContextAware_DailyStatisticsRecorder_cache: 2025-07-29 19:28:47.403000		9905		Increase context change count: PROCESSOR_SCENE_INTENT_REORDER_cnt, value: 1
07-29 19:28:48.404  8163 12014 I ContextAware_DailyStatisticsRecorder_cache: 2025-07-29 19:28:47.403000		9905		Increase context change count: PROCESSOR_SCENE_INTENT_REORDER_ms, value: 1
07-29 19:28:48.404  8163 12014 I ContextAware_DailyStatisticsRecorder_cache: 2025-07-29 19:28:47.403000		10001		Increase context change count: PROCESSOR_SCENE_FOCUS_cnt, value: 1
07-29 19:28:48.404  8163 12014 I ContextAware_SortAlgorithmManager.BatchIntentProcessor_cache: 2025-07-29 19:28:47.403000		9532		onProcess decisionUTraceContext = UTraceContext(traceID=7f0000011753831727403337708163, current=p_8163_990c555@42, parent=null, spanType=1, valid=1, tag=null)
07-29 19:28:48.404  8163 12014 E ContextAware_SortAlgorithmManager.BatchIntentProcessor_cache: 2025-07-29 19:28:47.403000		9532		onProcess intentStringList is invalid
07-29 19:28:48.404  8163 12014 I ContextAware_DailyStatisticsRecorder_cache: 2025-07-29 19:28:47.403000		10001		Increase context change count: PROCESSOR_SCENE_FOCUS_ms, value: 1
07-29 19:28:48.404  8163 12014 E ContextAware_SortAlgorithmManager.IntentSendProcessor_cache: 2025-07-29 19:28:47.403000		9532		disable direct send intent mode, clear
07-29 19:28:48.404  8163 12014 I ContextAware_DailyStatisticsRecorder_cache: 2025-07-29 19:28:47.403000		10173		Increase context change count: PROCESSOR_BATCH_INTENT_cnt, value: 1
07-29 19:28:48.404  8163 12014 I metis_v2_BreenoSwitchSettingObserver_cache: 2025-07-29 19:28:47.403000		9532		panta-sugg-getMasterSwitchStatus from cache:true
07-29 19:28:48.405  8163 12014 I ContextAware_IntentSwitchManager_cache: 2025-07-29 19:28:47.403000		9532		filterList, not filter, breeno switch on
07-29 19:28:48.405  8163 12014 I ContextAware_DailyStatisticsRecorder_cache: 2025-07-29 19:28:47.403000		10173		Increase context change count: PROCESSOR_BATCH_INTENT_ms, value: 0
