07-28 19:26:05.760  3424  4496 D UntrustedWifiNetworkFactory: got request NetworkRequest [ REQUEST id=283, [ Capabilities: INTERNET&NOT_RESTRICTED&TRUSTED&NOT_VCN_MANAGED&NOT_BANDWIDTH_CONSTRAINED Uid: 10137 RequestorUid: 10137 RequestorPkg: com.coloros.sceneservice UnderlyingNetworks: Null] ]
07-28 19:26:05.760  4906  5158 D SimStateHelper: needDisableMenu: slot1State=-1; slot2State=-1
07-28 19:26:05.760  4906  5158 D SimStateHelper: needDisableMenu:false
07-28 19:26:05.760  3424  4496 D OemPaidWifiNetworkFactory: got request NetworkRequest [ REQUEST id=283, [ Capabilities: INTERNET&NOT_RESTRICTED&TRUSTED&NOT_VCN_MANAGED&NOT_BANDWIDTH_CONSTRAINED Uid: 10137 RequestorUid: 10137 RequestorPkg: com.coloros.sceneservice UnderlyingNetworks: Null] ]
07-28 19:26:05.760  3424  4496 D MultiInternetWifiNetworkFactory: got request NetworkRequest [ REQUEST id=283, [ Capabilities: INTERNET&NOT_RESTRICTED&TRUSTED&NOT_VCN_MANAGED&NOT_BANDWIDTH_CONSTRAINED Uid: 10137 RequestorUid: 10137 RequestorPkg: com.coloros.sceneservice UnderlyingNetworks: Null] ]
07-28 19:26:05.760  3424  4506 D ConnectivityService: NetReassign [no changes] [c 0] [a 0] [i 1]
07-28 19:26:05.760  4961  6339 D OplusNetworkFactory: got request NetworkRequest [ REQUEST id=283, [ Capabilities: INTERNET&NOT_RESTRICTED&TRUSTED&NOT_VCN_MANAGED&NOT_BANDWIDTH_CONSTRAINED Uid: 10137 RequestorUid: 10137 RequestorPkg: com.coloros.sceneservice UnderlyingNetworks: Null] ]
07-28 19:26:05.762  5034  6291 W Binder  : Caught a RuntimeException from the binder stub implementation.
07-28 19:26:05.762  5034  6291 W Binder  : java.lang.NullPointerException: Attempt to invoke virtual method 'boolean android.net.Uri.equals(java.lang.Object)' on a null object reference
07-28 19:26:05.762  5034  6291 W Binder  : 	at xb.a$b.onChange(Unknown Source:16)
07-28 19:26:05.762  5034  6291 W Binder  : 	at android.database.ContentObserver.onChange(ContentObserver.java:184)
07-28 19:26:05.762  5034  6291 W Binder  : 	at android.database.ContentObserver.onChange(ContentObserver.java:202)
07-28 19:26:05.762  5034  6291 W Binder  : 	at android.database.ContentObserver.onChange(ContentObserver.java:224)
07-28 19:26:05.762  5034  6291 W Binder  : 	at android.database.ContentObserver.onChange(ContentObserver.java:236)
07-28 19:26:05.762  5034  6291 W Binder  : 	at android.database.ContentObserver.dispatchChange(ContentObserver.java:335)
07-28 19:26:05.762  5034  6291 W Binder  : 	at android.database.ContentObserver$Transport.onChangeEtc(ContentObserver.java:357)
07-28 19:26:05.762  5034  6291 W Binder  : 	at android.database.IContentObserver$Stub.onTransact(IContentObserver.java:120)
07-28 19:26:05.762  5034  6291 W Binder  : 	at android.os.Binder.execTransactInternal(Binder.java:1523)
07-28 19:26:05.762  5034  6291 W Binder  : 	at android.os.Binder.execTransact(Binder.java:1457)
07-28 19:26:05.764  4961  4961 D ServiceStateProvider: subId=1
07-28 19:26:05.764  3424  3552 W BestClock: java.time.DateTimeException: Missing network time fix
07-28 19:26:05.766  5141  5141 I QImsService: OplusPhoneStateTracker : onServiceStateChanged
07-28 19:26:05.766  3424  3553 W BestClock: java.time.DateTimeException: Missing network time fix
07-28 19:26:05.766  5141  5141 I QImsService: OplusPhoneStateTracker : onServiceStateChanged
07-28 19:26:05.766  5255  5255 D SubsysEventListenerManager-SubsysTelephonyCallback[0]: onServiceStateChanged
07-28 19:26:05.766  5255  5255 D ChinaRoamingControl: registTelephonyEvent onServiceStateChanged eventId:5, VoiceRegState:1, DataRegState:1
07-28 19:26:05.766  5255  5255 D QuickChangeAirplaneModeEvent: onServiceStateChanged slotId:0
07-28 19:26:05.766  5255  6071 D cellularState[0]: handleMessage: E msg.what=4
07-28 19:26:05.766  5255  6071 D cellularState[0]: processMsg: DataCallingState
07-28 19:26:05.766  5255  6071 D cellularState[0]: processMsg: NetworkAttachedState
07-28 19:26:05.766  5255  6071 D cellularState[0]: processMsg: SimReadyState
07-28 19:26:05.766  5255  6071 D cellularState[0]: processMsg: DefaultState
07-28 19:26:05.766  5255  6071 E cellularState[0]:  - unhandledMessage: msg.what=4
07-28 19:26:05.766  5255  6071 D cellularState[0]: handleMessage: X
07-28 19:26:05.767  5034  5861 D OplusSubWaySlowRecovery: getPreferSubId return 1
07-28 19:26:05.767  5034  5861 D SaDataFailRecovery/0: current is not in service,reset alarm
07-28 19:26:05.767  5034  5861 D OplusScanQrCodeRecoveryImpl: msg.what=3
07-28 19:26:05.767  1730  1730 D Zygote  : Forked child process 13124
07-28 19:26:05.767  5034  5837 D OplusLinkBoostCommon: dds servicestate change
07-28 19:26:05.767  5034  5838 D NAS-CallIssueDetector: onServiceStateChanged
07-28 19:26:05.767  5034  5838 D OplusCiwlanController: [vodata] processServiceStateChanged  phoneid = 0, original roaming type = 0,roaming type = 0
07-28 19:26:05.767  5034  5838 D OplusCiwlanController: [vodata] processServiceStateChanged  phoneid = 1, original roaming type = 0,roaming type = 0
07-28 19:26:05.767  5255  5255 D QuickChangeAirplaneModeEvent: isBothCardInService is false
07-28 19:26:05.767  5034  5833 D T-Recommend: onPreHandleMessage 1000
07-28 19:26:05.767  5255  5255 D MsimSubModeManager: registTelephonyEvent onServiceStateChanged eventId:3, VoiceRegState:1, DataRegState:1
07-28 19:26:05.767  5034  5833 E CellularEvent: nri null ps
07-28 19:26:05.767  5255  5255 E ExtremeCommUtils: getSwitchRusSupportMcc invalid index 1
07-28 19:26:05.767  5034  5833 E CellularEvent: invalid nri
07-28 19:26:05.767  5255  5255 D ExtremeCommUtils: isSupporCheck rusContain:false,propContain(persist.sys.oplus.support_hyper_uplink_mcc):false
07-28 19:26:05.767  5034  5833 D T-Recommend: onPostHandleMessage 1000
07-28 19:26:05.767  5255  5255 D ExtremeCommService: handleServiceStateChanged mcc is null
07-28 19:26:05.767  5255  5255 D ChinaRoamingControl: handleMessage what:5
07-28 19:26:05.767  5255  5255 D MsimSubModeManager: handleMessage what:3
07-28 19:26:05.767  5255  5255 D MsimSubModeManager: getMsimSimServiceIn() i:0,mServiceState:1
07-28 19:26:05.767  5255  5255 D MsimSubModeManager: getMsimSimServiceIn() i:1,mServiceState:1
07-28 19:26:05.767  3424  3737 I ActivityManager: Start proc 13124:com.oplus.wirelesssettings:tzupdate/1000 for broadcast {com.oplus.wirelesssettings/com.oplus.tzupdate.timezone.MccChangeReceiver}
07-28 19:26:05.768  4906  5733 V OplusCustomizeCacheManager: queryCache name: sys.cache.common_customize_cache18014 param: null
07-28 19:26:05.768  4906  5733 V OplusCustomizeCacheManager: queryCache name: sys.cache.common_customize_cache18017 param: Bundle[{SETTING=BLOCK, BUSINESS=NCT-DATA}]
07-28 19:26:05.768  4906  5733 V OplusCustomizeCacheManager: queryCache name: sys.cache.common_customize_cache18013 param: null
07-28 19:26:05.768  4906  5340 I SystemUi--Statusbar: MobileConnectionRepositoryImpl-->subId:1 isSoftSimCard:false slotId:0
07-28 19:26:05.768  3424  4821 W ContextImpl: Calling a method in the system process without a qualified user: android.app.ContextImpl.sendBroadcastMultiplePermissions:1311 android.content.Context.sendBroadcastMultiplePermissions:2524 com.android.server.TelephonyRegistry.broadcastServiceStateChanged:3740 com.android.server.TelephonyRegistry.notifyServiceStateForPhoneId:1787 com.android.internal.telephony.ITelephonyRegistry$Stub.onTransact:546 
07-28 19:26:05.768  5255  5255 D SubsysEventListenerManager-SubsysTelephonyCallback[0]: onCellLocationChanged
07-28 19:26:05.770  3424  4821 W ContextImpl: Calling a method in the system process without a qualified user: android.app.ContextImpl.sendBroadcastMultiplePermissions:1344 com.android.server.TelephonyRegistry.broadcastServiceStateChanged:3745 com.android.server.TelephonyRegistry.notifyServiceStateForPhoneId:1787 com.android.internal.telephony.ITelephonyRegistry$Stub.onTransact:546 android.os.Binder.execTransactInternal:1523 
07-28 19:26:05.770  3424  4211 I MemoryOperationUtils: add 13124 to inactive
07-28 19:26:05.771  6563  6585 I midasd  : OplusObrainService::notifyEventInt eventId:38 iParam:20
07-28 19:26:05.771  3424  4821 W ContextImpl: Calling a method in the system process without a qualified user: android.app.ContextImpl.sendBroadcastMultiplePermissions:1344 com.android.server.TelephonyRegistry.broadcastServiceStateChanged:3754 com.android.server.TelephonyRegistry.notifyServiceStateForPhoneId:1787 com.android.internal.telephony.ITelephonyRegistry$Stub.onTransact:546 android.os.Binder.execTransactInternal:1523 
07-28 19:26:05.771  9581  9637 I OplusObrain: OplusObrainClientInvoke.nativeGetTelephonyInfo
07-28 19:26:05.771  3424  4821 W ContextImpl: Calling a method in the system process without a qualified user: android.app.ContextImpl.sendBroadcastMultiplePermissions:1344 com.android.server.TelephonyRegistry.broadcastServiceStateChanged:3760 com.android.server.TelephonyRegistry.notifyServiceStateForPhoneId:1787 com.android.internal.telephony.ITelephonyRegistry$Stub.onTransact:546 android.os.Binder.execTransactInternal:1523 
07-28 19:26:05.772  9581  9613 I OplusObrain: OplusObrainClientInvoke.nativeGetTrafficTypeInfoForNetworkType networkType 0
07-28 19:26:05.772  3424  4821 D KernelStatsHelper: getKernelStats start!
07-28 19:26:05.772  4961  4961 D MultiSimSettingController: notifySubscriptionInfoChanged
07-28 19:26:05.772  3424  4494 V NetworkPolicy: onSubscriptionsChanged
07-28 19:26:05.773  4961  6130 E PhoneInterfaceManager: getServiceStateForSlot retuning null for invalid slotIndex=-1
07-28 19:26:05.773  3424  4596 D OplusNetlinkSocket: handleNetlinkRecvKernelMessage:nlmsghdr:StructNlMsgHdr{ nlmsg_len{40}, nlmsg_type{45()}, nlmsg_flags{0()}, nlmsg_seq{0}, nlmsg_pid{224399860} }
07-28 19:26:05.773  3424  4596 D KernelStatsHelper: get magic :[-1, -1, -1, 77, 65, 71, 73, 67]
07-28 19:26:05.773  3424  4596 D KernelStatsHelper: magic matched count:0 data_len:0
07-28 19:26:05.773  3424  4596 D KernelStatsHelper: data over! check: true
07-28 19:26:05.773  3424  3424 I AS.AudioService: onSubscriptionsChanged()
07-28 19:26:05.773  5141  5141 I QImsService: OplusPhoneStateTracker : onSubscriptionsChanged Last subId: 1 Current subId 1
07-28 19:26:05.774  5900  5900 D CellBroadcastReceiver: onReceive Intent { act=android.intent.action.SERVICE_STATE flg=0x1000010 cmp=com.android.cellbroadcastreceiver.module/com.android.cellbroadcastreceiver.CellBroadcastReceiver (has extras) }
07-28 19:26:05.774  5900  5900 D CellBroadcastReceiver: onServiceStateChanged, ss: 1
07-28 19:26:05.774  5900  5900 D CellBroadcastReceiver: networkOperator: 
07-28 19:26:05.774  4906  5340 I SystemUi--Statusbar: MobileInputLog-->onSubscriptionsChanged
07-28 19:26:05.775  4906  4906 I SystemUi--Statusbar: OplusMobileIconInteractorImpl-->oplusIMSModel slot:0: CapabilityTypeModel(isVolteSwitchOn=true, isWfcEnabledByUser=true, imsRegistered=false, voiceCapable=false, videoCapable=false, registerTech=-1, isCrossSimCallingEnabledByUser=false, hasHideVolteOperator=false), SimStateModel(simInserted=[true, false], simForbidden=[false, true], simStateIMSI=[true, false], simLoaded=[true, false]),oplusNetworkTypeNr:20,isVoNrEnabled:false
07-28 19:26:05.775  4961  4961 I Telephony: y0: onServiceStateChanged: newState=1, mServiceState=1
07-28 19:26:05.775  5187  5187 D QCNEJ/DataCallAgent: onSubscriptionsChanged: new DDS 1
07-28 19:26:05.775  5187  5187 D QCNEJ/WwanInfoRelay: onSubscriptionsChanged currDDSId: 1 new DDS 1
07-28 19:26:05.775  5187  8861 D QCNEJ/DataCallAgent: phoneCount: 2
07-28 19:26:05.775  4961  4961 I Telephony: isRttCurrentlySupported -- regular acct, hasVoiceAvailability: false
07-28 19:26:05.775  4961  4961 I Telephony:  isRttSupported: false
07-28 19:26:05.775  4961  4961 I Telephony:  isUserRttSettingOn: false
07-28 19:26:05.775  4961  4961 I Telephony:  alwaysAllowWhileRoaming: false
07-28 19:26:05.775  4961  4961 I Telephony:  isRoaming: false
07-28 19:26:05.775  4961  4961 I Telephony:  isOnWfc: false
07-28 19:26:05.775  5187  8861 D QCNEJ/DataCallAgent: subs for 0th slot: [1]
07-28 19:26:05.775  5255  5255 D SubsysEventListenerManager-SubsysTelephonyCallback[0]: onDisplayInfoChanged
07-28 19:26:05.775  5255  5255 D SceneService: onDisplayInfoChanged slotId:0,telephonyDisplayInfo:TelephonyDisplayInfo {network=NR, overrideNetwork=NONE, isRoaming=false}
07-28 19:26:05.776  5187  8861 D QCNEJ/DataCallAgent: mSubInfoReady[0] is set to true
07-28 19:26:05.776  5187  8861 D QCNEJ/DataCallAgent: subs for 1th slot: [-1]
07-28 19:26:05.776  5034  5493 D NAS-CellularEvent: handleSubscriptionsChanged: slotId=0
07-28 19:26:05.776  5141  5141 E QImsService: ImsConfigImpl : onSubscriptionsChanged unable to process due to SubscriptionInfo is null
07-28 19:26:05.776  5141  5141 I QImsService: OplusPhoneStateTracker : onSubscriptionsChanged Last subId: -1 Current subId -1
07-28 19:26:05.778  6830  8470 D OsAgentAidlClient: [string_dataitem_update][1584] [HC] =>> [HS]
07-28 19:26:05.778  5034  5493 D NAS-CellularEvent: onImsRegistrationStateChanged, slotId=0state:false
07-28 19:26:05.779  4906  5340 I SystemUi--Statusbar: MobileConnectionRepositoryImpl-->subId:1 isSoftSimCard:false slotId:0
07-28 19:26:05.779  3424  4206 W BestClock: java.time.DateTimeException: Missing network time fix
07-28 19:26:05.779  3424  4494 D NetworkPolicy: Normalization put networkpolicyNetworkTemplate: matchRule=CARRIER, matchSubscriberIds=[001011...], matchWifiNetworkKeys=[], metered=YES
07-28 19:26:05.779  3424  4494 D NetworkPolicy: Normalization put networkpolicyNetworkTemplate: matchRule=CARRIER, matchSubscriberIds=[310260...], matchWifiNetworkKeys=[], metered=YES
07-28 19:26:05.779  3424  4494 D NetworkPolicy: Normalization put networkpolicyNetworkTemplate: matchRule=CARRIER, matchSubscriberIds=[001010...], matchWifiNetworkKeys=[], metered=YES
07-28 19:26:05.779  3424  4494 D NetworkPolicy: Normalization put networkpolicyNetworkTemplate: matchRule=CARRIER, matchSubscriberIds=[001010...], matchWifiNetworkKeys=[], metered=YES
07-28 19:26:05.779  5034  5833 D CellularEvent: handleSubscriptionsChanged: slotId=0
07-28 19:26:05.779  3424  4494 D NetworkPolicy: Normalization put networkpolicyNetworkTemplate: matchRule=CARRIER, matchSubscriberIds=[001012...], matchWifiNetworkKeys=[], metered=YES
07-28 19:26:05.779  3424  4494 V NetworkPolicy: updateNetworkEnabledNL() return
07-28 19:26:05.779  5034  5833 D CellularEvent: onImsRegistrationStateChanged, slotId=0state:false
07-28 19:26:05.780  4906  4906 I KeyguardUpdateMonitor: refreshSimState, changed:false,subId:1,slotId:0,state:5
07-28 19:26:05.780  4906  4906 I KeyguardUpdateMonitor: action=android.intent.action.SERVICE_STATE subId=1 slotId=0
07-28 19:26:05.780  4906  5158 I SystemUi--QuickSettings: Tile.OplusCellularTile-->updateCarrierText: dialog not showing, ignore
07-28 19:26:05.780  4906  5158 D SimStateHelper: slot:0, lock state:Bundle[mParcelledData.dataSize=56]
07-28 19:26:05.780  4906  5158 D SimStateHelper: slot:1, lock state:Bundle[mParcelledData.dataSize=56]
07-28 19:26:05.780  3424  4494 V NetworkPolicy: updateNotificationsNL not process
07-28 19:26:05.780  4906  5158 D SimStateHelper: needDisableMenu: slot1State=-1; slot2State=-1
07-28 19:26:05.780  4906  5158 D SimStateHelper: needDisableMenu:false
07-28 19:26:05.780  3424  4821 W BestClock: java.time.DateTimeException: Missing network time fix
07-28 19:26:05.780  3424  4494 W BestClock: java.time.DateTimeException: Missing network time fix
07-28 19:26:05.781  4906  5733 V OplusCustomizeCacheManager: queryCache name: sys.cache.common_customize_cache18014 param: null
07-28 19:26:05.781  4906  5733 V OplusCustomizeCacheManager: queryCache name: sys.cache.common_customize_cache18017 param: Bundle[{SETTING=BLOCK, BUSINESS=NCT-DATA}]
07-28 19:26:05.781  4906  5733 V OplusCustomizeCacheManager: queryCache name: sys.cache.common_customize_cache18013 param: null
07-28 19:26:05.781  4906  5340 I SystemUi--Statusbar: MobileConnectionRepositoryImpl-->subId:1 isSoftSimCard:false slotId:0
07-28 19:26:05.781  4906  4906 I SystemUi--Statusbar: OplusMobileIconInteractorImpl-->oplusIMSModel slot:0: CapabilityTypeModel(isVolteSwitchOn=true, isWfcEnabledByUser=true, imsRegistered=false, voiceCapable=false, videoCapable=false, registerTech=-1, isCrossSimCallingEnabledByUser=false, hasHideVolteOperator=false), SimStateModel(simInserted=[true, false], simForbidden=[false, true], simStateIMSI=[true, false], simLoaded=[true, false]),oplusNetworkTypeNr:20,isVoNrEnabled:false
07-28 19:26:05.780  7290  9704 E Battery : ControllerCenter: onReceiver: mSubscriptionManager is null || mIsNeedRestoreMobile = false
07-28 19:26:05.781  4906  6031 I SystemUi--Statusbar: OplusMobileConnectionRepository1-->stopListenImsStatusChanged
07-28 19:26:05.782  4906  5158 I SystemUi--QuickSettings: Tile.OplusCellularTile-->updateCarrierText: dialog not showing, ignore
07-28 19:26:05.782  6477  9541 D OplusAtlasAudioDetectionManager: MSG_CALL_STATE_CHANGED
07-28 19:26:05.782  6477  9541 D OplusAtlasAudioDetectionManager: callStateChanged state: 0, len: 0
07-28 19:26:05.782  4961  4961 V OplusCustomizeCacheManager: queryCache name: sys.cache.common_customize_cache18016 param: null
07-28 19:26:05.782  4961  4961 V OplusCustomizeCacheManager: queryCache name: sys.cache.common_customize_cache18013 param: null
07-28 19:26:05.782  4961  4961 V OplusCustomizeCacheManager: queryCache name: sys.cache.common_customize_cache18014 param: null
07-28 19:26:05.782  5034  5837 W BestClock: java.time.DateTimeException: Missing network time fix
07-28 19:26:05.782  4961  4961 V OplusCustomizeCacheManager: queryCache name: sys.cache.common_customize_cache18017 param: Bundle[{SETTING=BLOCK, BUSINESS=NCT-DATA}]
07-28 19:26:05.782  4906  5158 D SimStateHelper: slot:0, lock state:Bundle[mParcelledData.dataSize=56]
07-28 19:26:05.782  5034  5837 V MonthTrafficAlert: getWarningNotification subId:1 numWarningNotificaion:0
07-28 19:26:05.782  4906  6031 I SystemUi--Statusbar: OplusMobileConnectionRepository1-->phoneId: 0, conflatedCallbackFlow init
07-28 19:26:05.782  4906  6031 I SystemUi--Statusbar: OplusMobileConnectionRepository1-->startListenImsStatusChanged
07-28 19:26:05.782  4906  5158 D SimStateHelper: slot:1, lock state:Bundle[mParcelledData.dataSize=56]
07-28 19:26:05.782  4906  5158 D SimStateHelper: needDisableMenu: slot1State=-1; slot2State=-1
07-28 19:26:05.782  4906  5158 D SimStateHelper: needDisableMenu:false
07-28 19:26:05.782  3424  3552 W BestClock: java.time.DateTimeException: Missing network time fix
07-28 19:26:05.783  4961  4961 V OplusCustomizeCacheManager: queryCache name: sys.cache.common_customize_cache18016 param: null
07-28 19:26:05.783  4961  4961 V OplusCustomizeCacheManager: queryCache name: sys.cache.common_customize_cache18013 param: null
07-28 19:26:05.783  4961  4961 V OplusCustomizeCacheManager: queryCache name: sys.cache.common_customize_cache18014 param: null
07-28 19:26:05.783  4961  4961 V OplusCustomizeCacheManager: queryCache name: sys.cache.common_customize_cache18017 param: Bundle[{SETTING=BLOCK, BUSINESS=NCT-DATA}]
07-28 19:26:05.783  4961  4961 D MultiSimSettingController: onSubscriptionsChanged
07-28 19:26:05.783 13124 13124 I ttings:tzupdate: isSwordfishLaunchAppEnabled_ 1 isSwordfishInstallAppEnabled_ 1
07-28 19:26:05.783  4961  4961 D MultiSimSettingController: isReadyToReevaluate: subInfoInitialized=true, carrierConfigsLoaded=true, satelliteEnabledOrBeingEnabled=false
07-28 19:26:05.783  4961  4961 D MultiSimSettingController: updateDefaults
07-28 19:26:05.783 13124 13124 E ttings:tzupdate: Unknown bits set in runtime_flags: 0x40000000
07-28 19:26:05.783 13124 13124 I ttings:tzupdate: Using CollectorTypeCMC GC.
07-28 19:26:05.783  4961  4961 D MultiSimSettingController: isReadyToReevaluate: subInfoInitialized=true, carrierConfigsLoaded=true, satelliteEnabledOrBeingEnabled=false
07-28 19:26:05.783  4961  4961 D MultiSimSettingController: updateDefaultValues: change: 0
07-28 19:26:05.783  4961  4961 D MultiSimSettingController: disableDataForNonDefaultNonOpportunisticSubscriptions triggered, return directly
07-28 19:26:05.784  3424  3552 W BestClock: java.time.DateTimeException: Missing network time fix
07-28 19:26:05.784  4961  4961 I Telephony: TelecomAccountRegistry: onSubscriptionsChanged - reregister accounts
07-28 19:26:05.784  4961  4961 D PhoneUtils: PhoneAccountHandle subId=1, slotId=0
07-28 19:26:05.784  4906  5733 V OplusCustomizeCacheManager: queryCache name: sys.cache.common_customize_cache18014 param: null
07-28 19:26:05.784  4906  5733 V OplusCustomizeCacheManager: queryCache name: sys.cache.common_customize_cache18017 param: Bundle[{SETTING=BLOCK, BUSINESS=NCT-DATA}]
07-28 19:26:05.784  4906  5733 V OplusCustomizeCacheManager: queryCache name: sys.cache.common_customize_cache18013 param: null
07-28 19:26:05.784  4961  4961 D Telephony: registerPstnPhoneAccount line1Number =  subNumber = 
07-28 19:26:05.784  4961  4961 D Telephony: color is transparent asign default instead -15502541
07-28 19:26:05.784  4906  6031 I SystemUi--Statusbar: OplusMobileConnectionRepository1-->onImsStatusChanged model: CapabilityTypeModel(isVolteSwitchOn=true, isWfcEnabledByUser=true, imsRegistered=false, voiceCapable=false, videoCapable=false, registerTech=-1, isCrossSimCallingEnabledByUser=false, hasHideVolteOperator=false)
07-28 19:26:05.785  4961  4961 D Telephony: isEmergencyPreferredAccount: subId=1, activeData=1
07-28 19:26:05.785  4961  4961 D Telephony: isEmergencyPreferredAccount: Device does not require preference.
07-28 19:26:05.785 13124 13124 E ttings:tzupdate: Not starting debugger since process cannot load the jdwp agent.
07-28 19:26:05.785  4961  4961 I Telephony: isRttCurrentlySupported -- regular acct, hasVoiceAvailability: false
07-28 19:26:05.785  4961  4961 I Telephony:  isRttSupported: false
07-28 19:26:05.785  4961  4961 I Telephony:  isUserRttSettingOn: false
07-28 19:26:05.785  4961  4961 I Telephony:  alwaysAllowWhileRoaming: false
07-28 19:26:05.785  4961  4961 I Telephony:  isRoaming: false
07-28 19:26:05.785  4961  4961 I Telephony:  isOnWfc: false
07-28 19:26:05.785  4961  4961 D Telephony: x0: buildPstnPhoneAccount, phoneId: 0, mIsVideoCapable: false, 
07-28 19:26:05.785  4961  4961 D OplusSesImsManagerExt: feature:0, phoneId:0
07-28 19:26:05.786  4961  4961 D OplusSesImsManagerExt: getSubIdUsingPhoneId:1, phoneId:0
07-28 19:26:05.786  4961  4961 D OplusSesImsManagerExt: isEntitlementEnabled:false
07-28 19:26:05.786  4961  4961 D OplusSesImsManagerExt: isFeatureProvisionedOnDevice not enabled
07-28 19:26:05.786  4961  4961 D Telephony: registerPstnPhoneAccount mIsVideoCapable = false
07-28 19:26:05.786  4961  4961 W libc    : Access denied finding property "persist.vendor.mtk_uce_support"
07-28 19:26:05.786  4961  4961 I Telephony: isCarrierVideoPresenceSupported, false, false, false, false
07-28 19:26:05.786  4961  4961 I Telephony: reRegisterPstnPhoneAccount: subId: 1 - no change
07-28 19:26:05.786  4961  4961 D CallNotifier: updatePhoneStateListeners: update CF notifications.
07-28 19:26:05.786  4961  4961 D ImsResolver: oldSubId: 1, newSubId: 1
07-28 19:26:05.786  4961  4961 D ImsResolver: oldSubId: -1, newSubId: -1
07-28 19:26:05.787 13124 13124 D nativeloader: Load libframework-connectivity-tiramisu-jni.so using APEX ns com_android_tethering for caller /apex/com.android.tethering/javalib/framework-connectivity-t.jar: ok
07-28 19:26:05.787  4961  4961 V OplusCustomizeCacheManager: queryCache name: sys.cache.common_customize_cache18016 param: null
07-28 19:26:05.787  4961  4961 V OplusCustomizeCacheManager: queryCache name: sys.cache.common_customize_cache18013 param: null
07-28 19:26:05.787  4961  4961 V OplusCustomizeCacheManager: queryCache name: sys.cache.common_customize_cache18014 param: null
07-28 19:26:05.787  4961  4961 V OplusCustomizeCacheManager: queryCache name: sys.cache.common_customize_cache18017 param: Bundle[{SETTING=BLOCK, BUSINESS=NCT-DATA}]
07-28 19:26:05.787  4961  4961 V SimultaneousCallingTracker: Received EVENT 101
07-28 19:26:05.788  4961  4961 V SimultaneousCallingTracker: generateVoiceCapablePhoneMapBasedOnUserAssociation: adding phoneId = 0
07-28 19:26:05.788  4961  4961 I SimultaneousCallingTracker: updatePhoneMapAndSimultaneousCallSupportMap: mVoiceCapablePhoneMap.size = 1
07-28 19:26:05.788  4961  4961 V SimultaneousCallingTracker: registerForImsRegistrationChanges: registering phoneId = 0
07-28 19:26:05.788  4961  4961 V SimultaneousCallingTracker: generateSimultaneousCallSupportMap: returning simultaneousCallSubSupportMap = Phone ID=0 - Simultaneous calling compatible phone IDs=[]; 
07-28 19:26:05.788  4961  4961 V SimultaneousCallingTracker: handleSimultaneousCallingSupportChanged
07-28 19:26:05.788  4961  4961 D InternationalRoamingNotification: init
07-28 19:26:05.788  5255  6102 D VirtualCommService2: isSupport. true, true
07-28 19:26:05.788  4961  4961 D OplusVirtualCommUtils: isVirtualCommSupport, vRet: true
07-28 19:26:05.788  4961  4961 I OplusVirtualCommUtils: getVirtualCommDeviceType, vRet: 1
07-28 19:26:05.788  4961  4961 I OplusVirtualCommUtils: isConsumerDeviceType, deviceType: 1
07-28 19:26:05.788 13124 13124 W libc    : Access denied finding property "persist.vendor.sys.activitylog"
07-28 19:26:05.788 13124 13124 I OneTrace: Mark active for pid=13124? true
07-28 19:26:05.788 13124 13124 D cutils-dev: otrace_set_tracing_enabled? true tag:0
07-28 19:26:05.788  4961  4961 D InternationalRoamingNotification: do not createRoamingNotification for invalid Network
07-28 19:26:05.788 13124 13124 D cutils-dev: properties changed in otrace_seq_number_changed!
07-28 19:26:05.788  3424  4821 W ContentService: Observer is already registered. Pid is 4961
07-28 19:26:05.789  3424  3552 D ActivityTaskManagerServiceExtImpl: preBindApplication record is null
07-28 19:26:05.789  3424  3552 D RGBNormalizeServer: OplusRGBNormalize feature enabled ? true
07-28 19:26:05.789  3424  3552 D ResourcesManagerCache: For package com.oplus.wirelesssettings we got cacheList [null] appInfoExt is null ? false hasFeature ? false
07-28 19:26:05.789  3424  3552 D VRR [OPlusExternalRefreshRateManager]: isPkgTfcEnable: pkgName = com.oplus.wirelesssettings, enable = false
07-28 19:26:05.789  3424  3552 D VRR [OPlusExternalRefreshRateManager]: getTfcMinFramerate: pkgName = com.oplus.wirelesssettings, min framerate = 0
07-28 19:26:05.790 13124 13124 D OplusActivityManager: get AMS extension: android.os.BinderProxy@ff6ecaf
07-28 19:26:05.792 13124 13124 D CompactWindowAppManager: initCompactApplicationInfo CompactMode: , NormalMode: 
07-28 19:26:05.793 13124 13124 D OplusScrollToTopManager: setIsInWhiteList false
07-28 19:26:05.793 13124 13124 D OplusViewDebugManager: OplusViewDebugManager Constructor android.view.debug.OplusViewDebugManager@f427045 [mHasViewDebugProperty true] [mHasMsgDebugProperty false] [DEBUG false] [EXTRAINFOENABLE false] [LIGHT_OS false]
07-28 19:26:05.794 13124 13124 D CompatChangeReporter: Compat change id reported: 242716250; UID 1000; state: ENABLED
07-28 19:26:05.795 13124 13124 W libc    : Access denied finding property "ro.odm.prev.product.name"
07-28 19:26:05.796 13124 13124 W ziparchive: Unable to open '/system_ext/framework/nfcvendorlib.dm': No such file or directory
07-28 19:26:05.796 13124 13124 W ziparchive: Unable to open '/system_ext/framework/nfcvendorlib.dm': No such file or directory
07-28 19:26:05.798 13124 13124 D nativeloader: Configuring clns-shared-7 for other apk /system_ext/framework/nfcvendorlib.jar. target_sdk_version=34, uses_libraries=ALL, library_path=/system_ext/priv-app/WirelessSettings/lib/arm64:/system_ext/priv-app/WirelessSettings/WirelessSettings.apk!/lib/arm64-v8a:/system/lib64:/system_ext/lib64, permitted_path=/data:/mnt/expand:/data/user_de/0/com.oplus.wirelesssettings:/system_ext/priv-app/WirelessSettings:/system/lib64:/system_ext/lib64
07-28 19:26:05.798 13124 13124 D nativeloader: Extending system_exposed_libraries: libbinauralrenderer_wrapper.qti.so:libhoaeffects.qti.so:libSloganJni.oplus.so:libsuperNight.oplus.so:libAPSClient-cmd-jni-extension.oplus.so:libsatellite_audio_jni.oplus.so:libortc_so.oplus.so:libsoundtouch.oplus.so:libsoundtouch_jni.oplus.so:libOplusStringJNI-extension.oplus.so:libsatellite_ostx_jni.oplus.so:libapssuspend-jni.oplus.so:libupdateprof.qti.so:libthermalclient.qti.so:libqape.qti.so:libqesdk_ndk_platform.qti.so:liblistenjni.qti.so
07-28 19:26:05.799 13124 13124 D ApplicationLoaders: Returning zygote-cached class loader: /system_ext/framework/androidx.window.extensions.jar
07-28 19:26:05.799 13124 13124 D ApplicationLoaders: Returning zygote-cached class loader: /system_ext/framework/androidx.window.sidecar.jar
07-28 19:26:05.802 13124 13124 D nativeloader: Configuring clns-shared-8 for other apk /system_ext/priv-app/WirelessSettings/WirelessSettings.apk. target_sdk_version=34, uses_libraries=, library_path=/system_ext/priv-app/WirelessSettings/lib/arm64:/system_ext/priv-app/WirelessSettings/WirelessSettings.apk!/lib/arm64-v8a:/system/lib64:/system_ext/lib64, permitted_path=/data:/mnt/expand:/data/user_de/0/com.oplus.wirelesssettings:/system_ext/priv-app/WirelessSettings:/system/lib64:/system_ext/lib64
07-28 19:26:05.806 13124 13124 V GraphicsEnvironment: Currently set values for:
07-28 19:26:05.806 13124 13124 V GraphicsEnvironment:   angle_gl_driver_selection_pkgs=[]
07-28 19:26:05.806 13124 13124 V GraphicsEnvironment:   angle_gl_driver_selection_values=[]
07-28 19:26:05.806 13124 13124 V GraphicsEnvironment: Global.Settings values are invalid: number of packages: 0, number of values: 0
07-28 19:26:05.807 13124 13124 D WS_OplusWirelessSettingsApp: onCreate, OplusWirelessSettingsApp
07-28 19:26:05.810 13124 13124 D LogUtils: initWirelessLog sIsQeAssert=false,sIsWifiOrBtLog=false
07-28 19:26:05.813  3424  4821 I ActivityManager: Flag disabled. Ignoring finishAttachApplication from uid: 1000. pid: 13124
07-28 19:26:05.813 13124 13124 E ANDR-PERF-CLIENT-SYS: death recipent object is fine
07-28 19:26:05.813 13124 13124 W ttings:tzupdate: AIBinder_linkToDeath is being called with a non-null cookie and no onUnlink callback set. This might not be intended. AIBinder_DeathRecipient_setOnUnlinked should be called first.
07-28 19:26:05.814  3424  4821 W OplusSelfProtectManager: pkg[com.oplus.wirelesssettings] not in policy list
07-28 19:26:05.817  3424  4821 D ActivityManager: Async freezing 13124 com.oplus.wirelesssettings:tzupdate
07-28 19:26:05.820  4732  4752 W SQLiteLog: (28) double-quoted string literal: "timezone_tzdata_v2_files"
07-28 19:26:05.860  2010  2010 D SensorFeature: name=ssc_screenshot_info ,index = 22
07-28 19:26:05.860  2010  2010 D SensorFeature: write 29 bytes:59669867007,59678200340,162,0
07-28 19:26:05.882  4961  4961 V OplusCustomizeCacheManager: queryCache name: sys.cache.common_customize_cache18016 param: null
07-28 19:26:05.882  4961  4961 V OplusCustomizeCacheManager: queryCache name: sys.cache.common_customize_cache18013 param: null
07-28 19:26:05.882  4961  4961 V OplusCustomizeCacheManager: queryCache name: sys.cache.common_customize_cache18014 param: null
07-28 19:26:05.882  4961  4961 V OplusCustomizeCacheManager: queryCache name: sys.cache.common_customize_cache18017 param: Bundle[{SETTING=BLOCK, BUSINESS=NCT-DATA}]
07-28 19:26:05.883  4961  4961 V OplusCustomizeCacheManager: queryCache name: sys.cache.common_customize_cache18016 param: null
07-28 19:26:05.883  4961  4961 V OplusCustomizeCacheManager: queryCache name: sys.cache.common_customize_cache18013 param: null
07-28 19:26:05.883  4961  4961 V OplusCustomizeCacheManager: queryCache name: sys.cache.common_customize_cache18014 param: null
07-28 19:26:05.883  4961  4961 V OplusCustomizeCacheManager: queryCache name: sys.cache.common_customize_cache18017 param: Bundle[{SETTING=BLOCK, BUSINESS=NCT-DATA}]
07-28 19:26:05.912  4906  4906 D RowAnimatorExtImpl: end:view:StatusBarIconView(slot='volume' alpha=1.0 icon=StatusBarIcon(icon=Icon(typ=RESOURCE pkg=com.android.systemui id=0x7f0818f0) visible user=0 ) visibleState=ICON iconColor=#ccffffff staticDrawableColor=#ccffffff decorColor=#ffffffff animationStartColor=#0 currentSetColor=#ccffffff notification=null),tx
07-28 19:26:05.912  4906  4906 D RowAnimatorExtImpl: end:view:StatusBarIconView(slot='zen' alpha=1.0 icon=StatusBarIcon(icon=Icon(typ=RESOURCE pkg=com.android.systemui id=0x7f0818e1) visible user=0 ) visibleState=ICON iconColor=#ccffffff staticDrawableColor=#ccffffff decorColor=#ffffffff animationStartColor=#0 currentSetColor=#ccffffff notification=null),tx
07-28 19:26:05.912  4906  4906 D RowAnimatorExtImpl: end:view:StatusBarIconView(slot='volume' alpha=1.0 icon=StatusBarIcon(icon=Icon(typ=RESOURCE pkg=com.android.systemui id=0x7f0818f0) visible user=0 ) visibleState=ICON iconColor=#ccffffff staticDrawableColor=#ccffffff decorColor=#ffffffff animationStartColor=#0 currentSetColor=#ccffffff notification=null),tx
07-28 19:26:05.912  4906  4906 D RowAnimatorExtImpl: end:view:StatusBarIconView(slot='zen' alpha=1.0 icon=StatusBarIcon(icon=Icon(typ=RESOURCE pkg=com.android.systemui id=0x7f0818e1) visible user=0 ) visibleState=ICON iconColor=#ccffffff staticDrawableColor=#ccffffff decorColor=#ffffffff animationStartColor=#0 currentSetColor=#ccffffff notification=null),tx
07-28 19:26:05.912  4906  4906 D RowAnimatorExtImpl: end:view:StatusBarIconView(slot='volume' alpha=1.0 icon=StatusBarIcon(icon=Icon(typ=RESOURCE pkg=com.android.systemui id=0x7f0818f0) visible user=0 ) visibleState=ICON iconColor=#ccffffff staticDrawableColor=#ccffffff decorColor=#ffffffff animationStartColor=#0 currentSetColor=#ccffffff notification=null),tx
07-28 19:26:05.912  4906  4906 D RowAnimatorExtImpl: end:view:StatusBarIconView(slot='zen' alpha=1.0 icon=StatusBarIcon(icon=Icon(typ=RESOURCE pkg=com.android.systemui id=0x7f0818e1) visible user=0 ) visibleState=ICON iconColor=#ccffffff staticDrawableColor=#ccffffff decorColor=#ffffffff animationStartColor=#0 currentSetColor=#ccffffff notification=null),tx
07-28 19:26:05.916  1934  4440 I Dpps    : LtmSwState::SetParameter():144 ignore cmd 7 in state LtmOffState
07-28 19:26:05.971  2020  2126 D BatteryChargeControl: bcc get no support from charging protocol
07-28 19:26:06.095  4906  4906 I SystemUi--QuickSettings: TemporarilyInfoManager-->[animateShow] com.oplus.systemui.qs.base.temporarilyinfo.TemporarilyInfoManager$createViewToParent$1{38fff1d VFED..C.. ........ 0,0-1080,228 #7f0a0cb6 app:id/temporarily_info_view alpha=1.0 viewInfo = } end
07-28 19:26:06.095  4906  4906 I SystemUi--QuickSettings: TemporarilyInfoManager-->[trigger] start from showElementAfterShowFully
07-28 19:26:06.134  2010  2010 D SensorFeature: name=ssc_screenshot_info ,index = 22
07-28 19:26:06.135  2010  2010 D SensorFeature: write 29 bytes:59944185757,59952519090,163,0
07-28 19:26:06.137  2020  7264 D charge_time: type=sdp,reserve_soc=2,soc=54,ui_soc=57,current=194,avg=192,not_chg_cnt=0,stable_cnt=7,fcc=5724,fcc_ratio=94,delta=44,debug=0,region=16,ttf=22492(06:14:52),ui_ttf=17994(04:59:54)
07-28 19:26:06.179  1867  9985 I sensors-hal: handle_sns_client_event:87, step_count_event: ts=59997881088 count 0
07-28 19:26:06.180  3424  4396 D SensorServiceUtils: sensorEventLog step_counter = 0
07-28 19:26:06.180  3424  4396 D SensorServiceUtils: sensorEventLog step_counter = 0
07-28 19:26:06.180  3424  4396 D SensorServiceUtils: sensorEventLog step_counter = 0
07-28 19:26:06.180  3424  4396 D SensorServiceUtils: sensorEventLog step_counter = 0
07-28 19:26:06.180  3424  4396 D SensorServiceUtils: sensorEventLog step_counter = 0
07-28 19:26:06.180  3424  4396 D SensorServiceUtils: sensorEventLog step_counter = 0
07-28 19:26:06.180  3424  4396 D SensorServiceUtils: sensorEventLog step_counter = 0
07-28 19:26:06.180  3424  4396 D SensorServiceUtils: sensorEventLog step_counter = 0
07-28 19:26:06.180  3424  4396 D SensorServiceUtils: sensorEventLog step_counter = 0
07-28 19:26:06.180  3424  4396 D SensorServiceUtils: sensorEventLog step_counter = 0
07-28 19:26:06.180  3424  4396 D SensorServiceUtils: sensorEventLog step_counter = 0
07-28 19:26:06.180  3424  4396 D SensorServiceUtils: sensorEventLog step_counter = 0
07-28 19:26:06.180  3424  4396 D SensorServiceUtils: sensorEventLog step_counter = 0
07-28 19:26:06.180  3424  4396 D SensorServiceUtils: sensorEventLog step_counter = 0
07-28 19:26:06.180  3424  4396 D SensorServiceUtils: sensorEventLog step_counter = 0
07-28 19:26:06.180  3424  4396 D SensorServiceUtils: sensorEventLog step_counter = 0
07-28 19:26:06.180  3424  4396 D SensorServiceUtils: sensorEventLog step_counter = 0
07-28 19:26:06.180  3424  4396 D SensorServiceUtils: sensorEventLog step_counter = 0
07-28 19:26:06.180  3424  4396 D SensorServiceUtils: sensorEventLog step_counter = 0
07-28 19:26:06.181  4688  4688 V SystemSensorManagerExtImpl: step counter dispatchSensorEvent step 0.0 to + a.b$c@7c58838
07-28 19:26:06.181  1867  4453 I sensors-hal: handle_oplus_wise_rgb_event:189, high_pwm_light:lux 174.9,cct 3574.7,brl/algo/ir 1330.0/2.0/25.4,pwm/dc 0.0/0.0,rgbc 13766.422852/9360.540039/3985.687256/25883.677734,ts 59952171556,cnt 860,flag 163
07-28 19:26:06.182  1934  4440 I Dpps    : LtmSwState::SetParameter():144 ignore cmd 7 in state LtmOffState
07-28 19:26:06.183  3424  3424 D OplusWifiBroadCastDispatcher: mBroadcastReceiver: onReceiver  action=android.intent.action.BATTERY_LEVEL_CHANGED
07-28 19:26:06.183  3424  4619 D OplusWifiPowerService: onReceive action:android.intent.action.BATTERY_LEVEL_CHANGED
07-28 19:26:06.184  3424  4458 W OplusStorageManagerFeature: mScreenReceiver action:android.intent.action.BATTERY_LEVEL_CHANGED
07-28 19:26:06.184  3424  4458 I OplusStorageManagerFeature: TmemoryBetterySwitch: level=57 state=0
07-28 19:26:06.184  3424  4458 I OplusStorageManagerFeature: TmemoryBetterySwitch: action=0 state=2
07-28 19:26:06.184  3424  4458 W OplusStorageManagerFeature: Ready to deal actionParam:0
07-28 19:26:06.184  3424  3760 D ActivityManager: sync unfroze 10174 com.android.settings for 3
07-28 19:26:06.184  3424  3760 D ActivityManager: Async freezing 10174 com.android.settings
07-28 19:26:06.184  3424  3760 D ActivityManager: Cancel freezing 10174 com.android.settings
07-28 19:26:06.184  3424  3760 D ActivityManager: Async freezing 10174 com.android.settings
07-28 19:26:06.187  3424  3760 D ActivityManager: Cancel freezing 10174 com.android.settings
07-28 19:26:06.188 10174 10174 D BatteryUsageBroadcastReceiver: onReceive:android.intent.action.BATTERY_LEVEL_CHANGED
07-28 19:26:06.188 10174 10174 D BatteryUsageBroadcastReceiver: fetch data because of event: ACTION_BATTERY_LEVEL_CHANGED
07-28 19:26:06.191  3424  3552 D ActivityManager: Async freezing 10174 com.android.settings
07-28 19:26:06.227  4906  4906 D JankUtils: gfxSceneEnd; scene: 7
07-28 19:26:06.227  4906  4906 I SystemUi--Common: NotificationShadeDepthC-->sceneFlag: 0x001, isStart = false, Current sceneFlags: 0x000
07-28 19:26:06.227  4906  4906 D NavigationBar: restrainNavigationBarInvertColor: false
07-28 19:26:06.227  4906  5107 D RegionSamplingHelper =:    mCompositionSamplingListener.register
07-28 19:26:06.228  2167  2415 D SurfaceFlinger: addRegionSamplingListener pid: 4906, Area: [0, 2328, 1080, 2376]
07-28 19:26:06.231  8546  9424 W metis_v2_KnowledgeManager: Fire: isEmergency is true  debugFireMode = false [7f0000011753745124312317907193|p_7193_4f8e8ba@1|p_8546_da764ab@11|com.oplus.metis] [base|com.oplus.metis|1.5.5-f48228a]
07-28 19:26:06.231  8546  9424 W metis_v2_OifaceBindUtils: bindTask [7f0000011753745124312317907193|p_7193_4f8e8ba@1|p_8546_da764ab@11|com.oplus.metis]
07-28 19:26:06.231  8546  9424 W metis_v2_OifaceBindUtils: call connectOifaceService [7f0000011753745124312317907193|p_7193_4f8e8ba@1|p_8546_da764ab@11|com.oplus.metis]
07-28 19:26:06.232  8546  9424 I metis_v2_KnowledgeManager: panta-sugg-Fire: count=1 [7f0000011753745124312317907193|p_7193_4f8e8ba@1|p_8546_da764ab@11|com.oplus.metis]
07-28 19:26:06.232  6564  6641 E oiface  : sched_setaffinity failed
07-28 19:26:06.232  6564  6617 E oiface  : directSetTask: get cpuset path failed
07-28 19:26:06.238  8546  9424 I System.out: 'park_precondition_home_02' 
07-28 19:26:06.238  8546  9424 I System.out: 'park_precondition_company_02' 
07-28 19:26:06.238  8546  9424 I System.out: 'UBIQUITOUS_SERVICE#assistant_screen#NOT_AT_HOME_301' 
07-28 19:26:06.239  8546  9424 I System.out: 'UBIQUITOUS_SERVICE#assistant_screen#NOT_AT_OFFICE_401' 
07-28 19:26:06.240  8546  9424 I System.out: 'policy:NEAR_SUBWAY_BUS_STATION_2x4' 
07-28 19:26:06.249  8546  9424 W metis_v2_TimeDurationCompare: [com.oplus.metis#UBIQUITOUS_SERVICE#scene#tips#TipScene_EXIT] 'timestamp' is not literal. [7f0000011753745124312317907193|p_7193_4f8e8ba@1|p_8546_da764ab@11|com.oplus.metis]
07-28 19:26:06.250  8546  9424 D SceneIntentPublisher: headAction: pkg is com.oplus.metis and simpleRuleName is UBIQUITOUS_SERVICE#secne#activity_coloros_reminder_tips
07-28 19:26:06.256  8546  9424 D SceneIntentPublisher: headAction: pkg is com.oplus.metis and simpleRuleName is UBIQUITOUS_SERVICE#secne#activity_coloros_reminder_tips
07-28 19:26:06.260  8546  9424 I System.out: 'UBIQUITOUS_SERVICE#assistant_screen#NOT_AT_HOME_301' 
07-28 19:26:06.260  8546  9424 I System.out: 'tempPropertyForGuideStatus' 
07-28 19:26:06.263  8546  9424 D SceneIntentPublisher: headAction: pkg is com.oplus.metis and simpleRuleName is UBIQUITOUS_SERVICE#secne#activity_coloros_reminder_tips
07-28 19:26:06.263  8546  9424 W metis_v2_TimeDurationCompare: [com.oplus.metis#UBIQUITOUS_SERVICE#scene#tips#TipScene_EXIT] 'timestamp' is not literal. [7f0000011753745124312317907193|p_7193_4f8e8ba@1|p_8546_da764ab@11|com.oplus.metis]
07-28 19:26:06.267  8546  9172 I ContextAware_GetInstalledAppsInfo: Update cache
07-28 19:26:06.273  8546  9425 I DeepThinkerSDK: [APP] ClientConnection: getDeepThinkerBridge start
07-28 19:26:06.273  8546  9425 I DeepThinkerSDK: [APP] ClientConnection: getDeepThinkerBridge end
07-28 19:26:06.274  8546  9424 W metis_v2_AbsTimerTriggered: [com.oplus.metis#UBIQUITOUS_SERVICE#health#LAUNCH-HEALTH-APP]: periodicTriggered's parseArgsToTimer meet exception periodic timer's first execute start time must >= time range start [7f0000011753745124312317907193|p_7193_4f8e8ba@1|p_8546_da764ab@11|com.oplus.metis]
07-28 19:26:06.274  8546  9424 W metis_v2_AbsTimerTriggered: [com.oplus.metis#UBIQUITOUS_SERVICE#health#LAUNCH-HEALTH-APP]: please check if builtin periodicTriggered's args is valid [7f0000011753745124312317907193|p_7193_4f8e8ba@1|p_8546_da764ab@11|com.oplus.metis]
07-28 19:26:06.276  8546  9424 I System.out: 'UBIQUITOUS_SERVICE#assistant_screen#NOT_AT_OFFICE_401' 
07-28 19:26:06.277  8546  9424 I metis_v2_KnowledgeManager: panta-sugg-Fire takes 45 milliseconds. [7f0000011753745124312317907193|p_7193_4f8e8ba@1|p_8546_da764ab@11|com.oplus.metis]
07-28 19:26:06.277  8546  9424 I ContextAware_PantanalIntentManager: intent (id-14111004+policyName-CLEAN_STORAGE) is not found in scene_intent_config [7f0000011753745124312317907193|p_7193_4f8e8ba@1|p_8546_da764ab@11|com.oplus.metis]
07-28 19:26:06.277  8546  9424 I metis_v2_SceneTravelingAdapter: recallTravellingIntent: [] [7f0000011753745124312317907193|p_7193_4f8e8ba@1|p_8546_da764ab@11|com.oplus.metis]
07-28 19:26:06.277  8546  9424 I ContextAware_ContextAware_SceneIntentManager: mLastIntentDataSet: [] [7f0000011753745124312317907193|p_7193_4f8e8ba@1|p_8546_da764ab@11|com.oplus.metis]
07-28 19:26:06.277  8546  9424 I ContextAware_ContextAware_SceneIntentManager: intentList: [IntentDataDTO(intent=IntentDTO=[sceneId=220500200, intentId=14111005, isExited=false, source=0, ownerId=com.oplus.metis, action=14111005, policyName=SUBSTITUTE_SCENE, serviceId=, sendExitedIntent=true, repeatable=false, sceneScore=-1.0, position=right, level=2, type=1, serviceInstanceId=null, isSupportMultiInstance=false, settingsPreference=null], items=[]), IntentDataDTO(intent=IntentDTO=[sceneId=210000000, intentId=12121002, isExited=true, source=0, ownerId=com.oplus.metis, action=12121002, policyName=TAKEOUT_ORDER_STATUS_CHANGE, serviceId=, sendExitedIntent=false, repeatable=false, sceneScore=-1.0, position=left, level=1, type=1, serviceInstanceId=null, isSupportMultiInstance=false, settingsPreference=null], items=[]), IntentDataDTO(intent=IntentDTO=[sceneId=null, intentId=14111004, isExited=true, source=0, ownerId=com.oplus.metis, action=14111004, policyName=CLEAN_STORAGE, serviceId=, sendExitedIntent=false, repeatable=false, sceneScore=-1.0, position=null, level=0, type=1, serviceInstanceId=null, isSupportMultiInstance=false, settingsPreference=null], items=[]), IntentDataDTO(intent=IntentDTO=[sceneId=null, intentId=12121002, isExited=true, source=0, ownerId=com.oplus.metis, action=12121002, policyName=TAKEOUT_ORDER_STATUS_CHANGE, serviceId=, sendExitedIntent=false, repeatable=false, sceneScore=-1.0, position=null, level=0, type=1, serviceInstanceId=null, isSupportMultiInstance=false, settingsPreference=null], items=[])] [7f0000011753745124312317907193|p_7193_4f8e8ba@1|p_8546_da764ab@11|com.oplus.metis]
07-28 19:26:06.277  8546  9424 I ContextAware_ContextAware_SceneIntentManager: missedIntent: [] [7f0000011753745124312317907193|p_7193_4f8e8ba@1|p_8546_da764ab@11|com.oplus.metis]
07-28 19:26:06.277  8546  9424 I metis_v2_SceneIntentManager: panta-sugg-Published intents: [7f0000011753745124312317907193|p_7193_4f8e8ba@1|p_8546_da764ab@11|com.oplus.metis]
07-28 19:26:06.277  8546  9424 I metis_v2_SceneIntentManager: panta-sugg-IntentDataDTO(intent=IntentDTO=[sceneId=220500200, intentId=14111005, isExited=false, source=0, ownerId=com.oplus.metis, action=14111005, policyName=SUBSTITUTE_SCENE, serviceId=, sendExitedIntent=true, repeatable=false, sceneScore=-1.0, position=right, level=2, type=1, serviceInstanceId=null, isSupportMultiInstance=false, settingsPreference=null], items=[]) [7f0000011753745124312317907193|p_7193_4f8e8ba@1|p_8546_da764ab@11|com.oplus.metis]
07-28 19:26:06.277  8546  9424 I metis_v2_SceneIntentManager: panta-sugg-IntentDataDTO(intent=IntentDTO=[sceneId=210000000, intentId=12121002, isExited=true, source=0, ownerId=com.oplus.metis, action=12121002, policyName=TAKEOUT_ORDER_STATUS_CHANGE, serviceId=, sendExitedIntent=false, repeatable=false, sceneScore=-1.0, position=left, level=1, type=1, serviceInstanceId=null, isSupportMultiInstance=false, settingsPreference=null], items=[]) [7f0000011753745124312317907193|p_7193_4f8e8ba@1|p_8546_da764ab@11|com.oplus.metis]
07-28 19:26:06.277  8546  9424 I metis_v2_SceneIntentManager: panta-sugg-IntentDataDTO(intent=IntentDTO=[sceneId=null, intentId=14111004, isExited=true, source=0, ownerId=com.oplus.metis, action=14111004, policyName=CLEAN_STORAGE, serviceId=, sendExitedIntent=false, repeatable=false, sceneScore=-1.0, position=null, level=0, type=1, serviceInstanceId=null, isSupportMultiInstance=false, settingsPreference=null], items=[]) [7f0000011753745124312317907193|p_7193_4f8e8ba@1|p_8546_da764ab@11|com.oplus.metis]
07-28 19:26:06.277  8546  9424 I metis_v2_SceneIntentManager: panta-sugg-IntentDataDTO(intent=IntentDTO=[sceneId=null, intentId=12121002, isExited=true, source=0, ownerId=com.oplus.metis, action=12121002, policyName=TAKEOUT_ORDER_STATUS_CHANGE, serviceId=, sendExitedIntent=false, repeatable=false, sceneScore=-1.0, position=null, level=0, type=1, serviceInstanceId=null, isSupportMultiInstance=false, settingsPreference=null], items=[]) [7f0000011753745124312317907193|p_7193_4f8e8ba@1|p_8546_da764ab@11|com.oplus.metis]
07-28 19:26:06.279  8546  9424 I ContextAware_MetisStatistics: uploadMetisIntentData enter {intent_source=0, intent_action=14111005, exit_type=, rule_name=UBIQUITOUS_SERVICE#secne#activity_coloros_reminder_tips, service_id=, scene_id=220500200, policy_name=SUBSTITUTE_SCENE, is_exited=false, intent_id=14111005, timestamp=1753745166279} [7f0000011753745124312317907193|p_7193_4f8e8ba@1|p_8546_da764ab@11|com.oplus.metis]
07-28 19:26:06.279  8546  9424 I ContextAware_PantanalIntentManager: getCloudIntentConfig [7f0000011753745124312317907193|p_7193_4f8e8ba@1|p_8546_da764ab@11|com.oplus.metis]
07-28 19:26:06.284  8546  9424 I ContextAware_PantanalIntentManager: getDownLoadConfig [7f0000011753745124312317907193|p_7193_4f8e8ba@1|p_8546_da764ab@11|com.oplus.metis]
07-28 19:26:06.300  8546  9424 I ContextAware_PantanalIntentManager: selectNewestConfig, assetVersion 202505301103, downloadVersion 202507161101 [7f0000011753745124312317907193|p_7193_4f8e8ba@1|p_8546_da764ab@11|com.oplus.metis] [base|com.oplus.metis|1.5.5-f48228a]
07-28 19:26:06.306  8546  9424 I ContextAware_PantanalIntentManager: getCloudIntentConfig, cache cloud intent config [7f0000011753745124312317907193|p_7193_4f8e8ba@1|p_8546_da764ab@11|com.oplus.metis]
07-28 19:26:06.306  8546  9424 I ContextAware_PantanalIntentLruCache: create, key=14111004-CLEAN_STORAGE, create time=27 LruCache[maxSize=120,hits=118,misses=6,hitRate=95%] cacheSize=16 [7f0000011753745124312317907193|p_7193_4f8e8ba@1|p_8546_da764ab@11|com.oplus.metis]
07-28 19:26:06.307  8546  9424 I ContextAware_DecisionIntentProvider: uriPath:/negative_screen [7f0000011753745124312317907193|p_7193_4f8e8ba@1|p_8546_da764ab@11|com.oplus.metis]
07-28 19:26:06.307  8546  9890 E ContextAware_SortAlgorithmManager.ReorderProcessor.GuaranteedIntentManager: removeExternalIntent mExternalGuaranteedList invalid
07-28 19:26:06.307  8546  9424 I ContextAware_DecisionIntentProvider: mAssistantScreenList:[] [7f0000011753745124312317907193|p_7193_4f8e8ba@1|p_8546_da764ab@11|com.oplus.metis]
07-28 19:26:06.307  8546  9424 I DataCollector_SortAlgorithmManager.SortCommonUtil: mIntentList is empty. [7f0000011753745124312317907193|p_7193_4f8e8ba@1|p_8546_da764ab@11|com.oplus.metis]
07-28 19:26:06.307  8546 10257 E ContextAware_SortAlgorithmManager.ReorderProcessor.GuaranteedIntentManager: removeExternalIntent mExternalGuaranteedList invalid
07-28 19:26:06.307  8546 10067 E ContextAware_SortAlgorithmManager.ReorderProcessor.GuaranteedIntentManager: removeExternalIntent mExternalGuaranteedList invalid
