07-28 22:07:18.453  4928  4928 D QC_RIL_OEM_HOOK: Received Broadcast Intent ACTION_UNSOL_RESPONSE_OEM_HOOK_RAW
07-28 22:07:18.453  4975  4975 D QC_RIL_OEM_HOOK: Received Broadcast Intent ACTION_UNSOL_RESPONSE_OEM_HOOK_RAW
07-28 22:07:18.456  4928  4928 D OplusTelephonyController: onSignalStrengthChanged: SignalStrength=SignalStrength:{mCdma=CellSignalStrengthCdma: cdmaDbm=2147483647 cdmaEcio=2147483647 evdoDbm=2147483647 evdoEcio=2147483647 evdoSnr=2147483647 level=0,mGsm=CellSignalStrengthGsm: rssi=2147483647 ber=2147483647 mTa=2147483647 mLevel=0,mWcdma=CellSignalStrengthWcdma: ss=2147483647 ber=2147483647 rscp=2147483647 ecno=2147483647 level=0,mTdscdma=CellSignalStrengthTdscdma: rssi=2147483647 ber=2147483647 rscp=2147483647 level=0,mLte=CellSignalStrengthLte: rssi=2147483647 rsrp=2147483647 rsrq=2147483647 rssnr=2147483647 cqiTableIndex=2147483647 cqi=2147483647 ta=2147483647 level=0 parametersUseForLevel=0,mNr=CellSignalStrengthNr:{ csiRsrp = 2147483647 csiRsrq = 2147483647 csiCqiTableIndex = 2147483647 csiCqiReport = [] ssRsrp = 2147483647 ssRsrq = 2147483647 ssSinr = 2147483647 level = 0 parametersUseForLevel = 0 timingAdvance = 2147483647 },primary=CellSignalStrengthLte}
07-28 22:07:18.457  5135  6176 D IWlanJni: getDataRegistrationState start
07-28 22:07:18.457  5189  5189 D SubsysEventListenerManager-SubsysTelephonyCallback[0]: onSignalStrengthsChanged
07-28 22:07:18.458  5135  6193 D IWlanJni: new aidl event arrived
07-28 22:07:18.458  5135  6193 D IWlanJni: handleEvent 10
07-28 22:07:18.458  5135  6193 D IWlanJni: isThreadAttached start
07-28 22:07:18.458  5135  6193 D IWlanJni: jni detached
07-28 22:07:18.458  5135  6193 D IWlanJni: jni attached
07-28 22:07:18.458  5135  6193 D IWlanJni: getDataRegistrationStateResponse start
07-28 22:07:18.458  5135  6193 D IWlanJni: getJavaCallbackClass start
07-28 22:07:18.458  5135  6193 D IWlanJni: getJavaCallbackClass End midIs[1]
07-28 22:07:18.458  5135  6193 I IWlanAidlClient: getDataRegistrationStateResponse called
07-28 22:07:18.458  5135  6192 W IWlanNetworkService: 15 > Response Processed
07-28 22:07:18.460  3282  4216 W BestClock: java.time.DateTimeException: Missing network time fix
07-28 22:07:18.461  3282  4851 W BestClock: java.time.DateTimeException: Missing network time fix
07-28 22:07:18.461  4867  5958 V OplusCustomizeCacheManager: queryCache name: sys.cache.common_customize_cache18014 param: null
07-28 22:07:18.461  4867  5958 V OplusCustomizeCacheManager: queryCache name: sys.cache.common_customize_cache18017 param: Bundle[{SETTING=BLOCK, BUSINESS=NCT-DATA}]
07-28 22:07:18.461  4867  5958 V OplusCustomizeCacheManager: queryCache name: sys.cache.common_customize_cache18013 param: null
07-28 22:07:18.466  4928  4928 W Settings: Setting airplane_mode_on has moved from android.provider.Settings.System to android.provider.Settings.Global, returning read-only value.
07-28 22:07:18.466  4995  5767 D NAS-CallIssueDetector: onPollCsPsRegStateChanged slotid = 0
07-28 22:07:18.466  4995  5767 D NAS-CallIssueDetector: notifyRealOosChanged
07-28 22:07:18.466  4995  5767 D OplusCiwlanController: [vodata] getSubId subid =  1
07-28 22:07:18.467  4995  5769 W BluetoothAdapterExtImpl: getBluetoothConnectionCountï¼šmOplusBluetooth null!
07-28 22:07:18.467  4995  5769 D TelephonyImpl: isRequestingMms
07-28 22:07:18.467  4995  5769 D TelephonyImpl: getReleaseMmsNetworkTime
07-28 22:07:18.467  3282  3282 D OplusWifiBroadCastDispatcher: mBroadcastReceiver: onReceiver  action=oplus.intent.action.MCC_CHANGE
07-28 22:07:18.467  4995  5767 D OplusCiwlanController: [vodata] processOosChanged  phoneid = 0,cur regstate = 1,old regstate = -1
07-28 22:07:18.467  4995  5767 D OplusCiwlanController: [vodata] getSubId subid =  -1
07-28 22:07:18.467  4995  5767 D OplusCiwlanController: [vodata] processOosChanged  phoneid = 1,cur regstate = 1,old regstate = -1
07-28 22:07:18.468  4684  4920 D CNGmsControlService: receive:oplus.intent.action.MCC_CHANGE
07-28 22:07:18.468  4995  5769 D OplusDdsSwitchStrategy: Md,OplusCheckFeature,RETURN_TO_CUR_ACTION_DDS
07-28 22:07:18.468  7393  7393 I 7393PAS.MccChangeReceiver_Travel: onReceive
07-28 22:07:18.469  4684  4920 D CNGmsControlService: mcc1=001 mcc2=null GmsState=2 TagWhitelistApp=true UserDisableCount=0 SettingsGmsState=1
07-28 22:07:18.470  7393  9498 D NetWorkMonitor: addNetStateListener :true
07-28 22:07:18.471  3282  4216 D ConnectivityService: requestNetwork for uid/pid:10137/7393 activeRequest: null callbackRequest: 286 [NetworkRequest [ REQUEST id=287, [ Capabilities: INTERNET&NOT_RESTRICTED&TRUSTED&NOT_VCN_MANAGED&NOT_BANDWIDTH_CONSTRAINED Uid: 10137 RequestorUid: 10137 RequestorPkg: com.coloros.sceneservice UnderlyingNetworks: Null] ]] callback flags: 0 order: 2147483647 isUidTracked: false
07-28 22:07:18.471  7393  9498 D NetWorkMonitor: resume registerNetworkCallback
07-28 22:07:18.472  4867  5170 I SystemUi--QuickSettings: Tile.OplusCellularTile-->updateCarrierText: dialog not showing, ignore
07-28 22:07:18.472  3282  4486 D WifiNetworkFactory: got request NetworkRequest [ REQUEST id=287, [ Capabilities: INTERNET&NOT_RESTRICTED&TRUSTED&NOT_VCN_MANAGED&NOT_BANDWIDTH_CONSTRAINED Uid: 10137 RequestorUid: 10137 RequestorPkg: com.coloros.sceneservice UnderlyingNetworks: Null] ]
07-28 22:07:18.472  4867  5170 D SimStateHelper: slot:0, lock state:Bundle[mParcelledData.dataSize=56]
07-28 22:07:18.472  3282  4486 D UntrustedWifiNetworkFactory: got request NetworkRequest [ REQUEST id=287, [ Capabilities: INTERNET&NOT_RESTRICTED&TRUSTED&NOT_VCN_MANAGED&NOT_BANDWIDTH_CONSTRAINED Uid: 10137 RequestorUid: 10137 RequestorPkg: com.coloros.sceneservice UnderlyingNetworks: Null] ]
07-28 22:07:18.472  4928  6277 D OplusNetworkFactory: got request NetworkRequest [ REQUEST id=287, [ Capabilities: INTERNET&NOT_RESTRICTED&TRUSTED&NOT_VCN_MANAGED&NOT_BANDWIDTH_CONSTRAINED Uid: 10137 RequestorUid: 10137 RequestorPkg: com.coloros.sceneservice UnderlyingNetworks: Null] ]
07-28 22:07:18.473  3282  4486 D OemPaidWifiNetworkFactory: got request NetworkRequest [ REQUEST id=287, [ Capabilities: INTERNET&NOT_RESTRICTED&TRUSTED&NOT_VCN_MANAGED&NOT_BANDWIDTH_CONSTRAINED Uid: 10137 RequestorUid: 10137 RequestorPkg: com.coloros.sceneservice UnderlyingNetworks: Null] ]
07-28 22:07:18.473  3282  4486 D MultiInternetWifiNetworkFactory: got request NetworkRequest [ REQUEST id=287, [ Capabilities: INTERNET&NOT_RESTRICTED&TRUSTED&NOT_VCN_MANAGED&NOT_BANDWIDTH_CONSTRAINED Uid: 10137 RequestorUid: 10137 RequestorPkg: com.coloros.sceneservice UnderlyingNetworks: Null] ]
07-28 22:07:18.473  4867  5170 D SimStateHelper: slot:1, lock state:Bundle[mParcelledData.dataSize=56]
07-28 22:07:18.473  4867  5170 D SimStateHelper: needDisableMenu: slot1State=-1; slot2State=-1
07-28 22:07:18.473  4867  5170 D SimStateHelper: needDisableMenu:false
07-28 22:07:18.473  3282  4494 D ConnectivityService: NetReassign [no changes] [c 0] [a 0] [i 2]
07-28 22:07:18.474  4995  6362 W Binder  : Caught a RuntimeException from the binder stub implementation.
07-28 22:07:18.474  4995  6362 W Binder  : java.lang.NullPointerException: Attempt to invoke virtual method 'boolean android.net.Uri.equals(java.lang.Object)' on a null object reference
07-28 22:07:18.474  4995  6362 W Binder  : 	at xb.a$b.onChange(Unknown Source:16)
07-28 22:07:18.474  4995  6362 W Binder  : 	at android.database.ContentObserver.onChange(ContentObserver.java:184)
07-28 22:07:18.474  4995  6362 W Binder  : 	at android.database.ContentObserver.onChange(ContentObserver.java:202)
07-28 22:07:18.474  4995  6362 W Binder  : 	at android.database.ContentObserver.onChange(ContentObserver.java:224)
07-28 22:07:18.474  4995  6362 W Binder  : 	at android.database.ContentObserver.onChange(ContentObserver.java:236)
07-28 22:07:18.474  4995  6362 W Binder  : 	at android.database.ContentObserver.dispatchChange(ContentObserver.java:335)
07-28 22:07:18.474  4995  6362 W Binder  : 	at android.database.ContentObserver$Transport.onChangeEtc(ContentObserver.java:357)
07-28 22:07:18.474  4995  6362 W Binder  : 	at android.database.IContentObserver$Stub.onTransact(IContentObserver.java:120)
07-28 22:07:18.474  4995  6362 W Binder  : 	at android.os.Binder.execTransactInternal(Binder.java:1523)
07-28 22:07:18.474  4995  6362 W Binder  : 	at android.os.Binder.execTransact(Binder.java:1457)
07-28 22:07:18.477  3282  5311 W BestClock: java.time.DateTimeException: Missing network time fix
07-28 22:07:18.477  4928  4928 D ServiceStateProvider: subId=1
07-28 22:07:18.477  3282  4851 W BestClock: java.time.DateTimeException: Missing network time fix
07-28 22:07:18.478  4867  5958 V OplusCustomizeCacheManager: queryCache name: sys.cache.common_customize_cache18014 param: null
07-28 22:07:18.478  4867  5958 V OplusCustomizeCacheManager: queryCache name: sys.cache.common_customize_cache18017 param: Bundle[{SETTING=BLOCK, BUSINESS=NCT-DATA}]
07-28 22:07:18.478  4867  5958 V OplusCustomizeCacheManager: queryCache name: sys.cache.common_customize_cache18013 param: null
07-28 22:07:18.479  5090  5090 I QImsService: OplusPhoneStateTracker : onServiceStateChanged
07-28 22:07:18.479  5090  5090 I QImsService: OplusPhoneStateTracker : onServiceStateChanged
07-28 22:07:18.479  1748  1748 D Zygote  : Forked child process 13219
07-28 22:07:18.480  3282  3747 I ActivityManager: Start proc 13219:com.oplus.wirelesssettings:tzupdate/1000 for broadcast {com.oplus.wirelesssettings/com.oplus.tzupdate.timezone.MccChangeReceiver}
07-28 22:07:18.480  5189  5189 D SubsysEventListenerManager-SubsysTelephonyCallback[0]: onServiceStateChanged
07-28 22:07:18.480  5189  5189 D ChinaRoamingControl: registTelephonyEvent onServiceStateChanged eventId:5, VoiceRegState:1, DataRegState:1
07-28 22:07:18.480  5189  5189 D QuickChangeAirplaneModeEvent: onServiceStateChanged slotId:0
07-28 22:07:18.480  3282  3394 W ContextImpl: Calling a method in the system process without a qualified user: android.app.ContextImpl.sendBroadcastMultiplePermissions:1311 android.content.Context.sendBroadcastMultiplePermissions:2524 com.android.server.TelephonyRegistry.broadcastServiceStateChanged:3740 com.android.server.TelephonyRegistry.notifyServiceStateForPhoneId:1787 com.android.internal.telephony.ITelephonyRegistry$Stub.onTransact:546 
07-28 22:07:18.480  5189  6029 D cellularState[0]: handleMessage: E msg.what=4
07-28 22:07:18.480  5189  6029 D cellularState[0]: processMsg: DataCallingState
07-28 22:07:18.480  5189  6029 D cellularState[0]: processMsg: NetworkAttachedState
07-28 22:07:18.480  5189  6029 D cellularState[0]: processMsg: SimReadyState
07-28 22:07:18.480  5189  6029 D cellularState[0]: processMsg: DefaultState
07-28 22:07:18.480  5189  6029 E cellularState[0]:  - unhandledMessage: msg.what=4
07-28 22:07:18.480  5189  6029 D cellularState[0]: handleMessage: X
07-28 22:07:18.481  4995  5759 D T-Recommend: onPreHandleMessage 1000
07-28 22:07:18.481  3282  3394 W ContextImpl: Calling a method in the system process without a qualified user: android.app.ContextImpl.sendBroadcastMultiplePermissions:1344 com.android.server.TelephonyRegistry.broadcastServiceStateChanged:3745 com.android.server.TelephonyRegistry.notifyServiceStateForPhoneId:1787 com.android.internal.telephony.ITelephonyRegistry$Stub.onTransact:546 android.os.Binder.execTransactInternal:1523 
07-28 22:07:18.482  3282  4221 I MemoryOperationUtils: add 13219 to inactive
07-28 22:07:18.482  4995  5759 E CellularEvent: nri null ps
07-28 22:07:18.482  4995  5759 E CellularEvent: invalid nri
07-28 22:07:18.482  4995  5759 D T-Recommend: onPostHandleMessage 1000
07-28 22:07:18.482  5189  5189 D QuickChangeAirplaneModeEvent: isBothCardInService is false
07-28 22:07:18.482  5189  5189 D MsimSubModeManager: registTelephonyEvent onServiceStateChanged eventId:3, VoiceRegState:1, DataRegState:1
07-28 22:07:18.482  3282  3394 W ContextImpl: Calling a method in the system process without a qualified user: android.app.ContextImpl.sendBroadcastMultiplePermissions:1344 com.android.server.TelephonyRegistry.broadcastServiceStateChanged:3754 com.android.server.TelephonyRegistry.notifyServiceStateForPhoneId:1787 com.android.internal.telephony.ITelephonyRegistry$Stub.onTransact:546 android.os.Binder.execTransactInternal:1523 
07-28 22:07:18.483  5189  5189 E ExtremeCommUtils: getSwitchRusSupportMcc invalid index 1
07-28 22:07:18.483  5189  5189 D ExtremeCommUtils: isSupporCheck rusContain:false,propContain(persist.sys.oplus.support_hyper_uplink_mcc):false
07-28 22:07:18.483  5189  5189 D ExtremeCommService: handleServiceStateChanged mcc is null
07-28 22:07:18.483  5189  5189 D ChinaRoamingControl: handleMessage what:5
07-28 22:07:18.483  5189  5189 D SubsysEventListenerManager-SubsysTelephonyCallback[0]: onCellLocationChanged
07-28 22:07:18.483  5189  5189 D MsimSubModeManager: handleMessage what:3
07-28 22:07:18.483  5189  5189 D MsimSubModeManager: getMsimSimServiceIn() i:0,mServiceState:1
07-28 22:07:18.483  5189  5189 D MsimSubModeManager: getMsimSimServiceIn() i:1,mServiceState:1
07-28 22:07:18.483  3282  3394 W ContextImpl: Calling a method in the system process without a qualified user: android.app.ContextImpl.sendBroadcastMultiplePermissions:1344 com.android.server.TelephonyRegistry.broadcastServiceStateChanged:3760 com.android.server.TelephonyRegistry.notifyServiceStateForPhoneId:1787 com.android.internal.telephony.ITelephonyRegistry$Stub.onTransact:546 android.os.Binder.execTransactInternal:1523 
07-28 22:07:18.483  4995  5765 D OplusLinkBoostCommon: dds servicestate change
07-28 22:07:18.484  4867  4867 I KeyguardUpdateMonitor: action=android.intent.action.SERVICE_STATE subId=1 slotId=0
07-28 22:07:18.484  4995  5767 D NAS-CallIssueDetector: onServiceStateChanged
07-28 22:07:18.485  4995  5767 D OplusCiwlanController: [vodata] processServiceStateChanged  phoneid = 0, original roaming type = 0,roaming type = 0
07-28 22:07:18.485  4995  5767 D OplusCiwlanController: [vodata] processServiceStateChanged  phoneid = 1, original roaming type = 0,roaming type = 0
07-28 22:07:18.485  5189  5189 D SubsysEventListenerManager-SubsysTelephonyCallback[0]: onDisplayInfoChanged
07-28 22:07:18.485  5189  5189 D SceneService: onDisplayInfoChanged slotId:0,telephonyDisplayInfo:TelephonyDisplayInfo {network=NR, overrideNetwork=NONE, isRoaming=false}
07-28 22:07:18.485  5723  5723 D CellBroadcastReceiver: onReceive Intent { act=android.intent.action.SERVICE_STATE flg=0x1000010 cmp=com.android.cellbroadcastreceiver.module/com.android.cellbroadcastreceiver.CellBroadcastReceiver (has extras) }
07-28 22:07:18.485  5723  5723 D CellBroadcastReceiver: onServiceStateChanged, ss: 1
07-28 22:07:18.485  5723  5723 D CellBroadcastReceiver: networkOperator: 
07-28 22:07:18.485  4995  5770 D OplusSubWaySlowRecovery: getPreferSubId return 1
07-28 22:07:18.485  4995  5770 D SaDataFailRecovery/0: current is not in service,reset alarm
07-28 22:07:18.485  4928  6231 E PhoneInterfaceManager: getServiceStateForSlot retuning null for invalid slotIndex=-1
07-28 22:07:18.485  4928  4928 D MultiSimSettingController: notifySubscriptionInfoChanged
07-28 22:07:18.486  4995  5770 D OplusScanQrCodeRecoveryImpl: msg.what=3
07-28 22:07:18.486  4867  5170 I SystemUi--QuickSettings: Tile.OplusCellularTile-->updateCarrierText: dialog not showing, ignore
07-28 22:07:18.487  4867  4867 I SystemUi--Statusbar: OplusMobileIconInteractorImpl-->oplusIMSModel slot:0: CapabilityTypeModel(isVolteSwitchOn=true, isWfcEnabledByUser=true, imsRegistered=false, voiceCapable=false, videoCapable=false, registerTech=-1, isCrossSimCallingEnabledByUser=false, hasHideVolteOperator=false), SimStateModel(simInserted=[true, false], simForbidden=[false, true], simStateIMSI=[true, false], simLoaded=[true, false]),oplusNetworkTypeNr:20,isVoNrEnabled:false
07-28 22:07:18.487  4867  5170 D SimStateHelper: slot:0, lock state:Bundle[mParcelledData.dataSize=56]
07-28 22:07:18.487  3282  4484 V NetworkPolicy: onSubscriptionsChanged
07-28 22:07:18.487  4867  5292 I SystemUi--Statusbar: MobileInputLog-->onSubscriptionsChanged
07-28 22:07:18.487  4867  5292 I SystemUi--Statusbar: MobileConnectionRepositoryImpl-->subId:1 isSoftSimCard:false slotId:0
07-28 22:07:18.487  4867  5170 D SimStateHelper: slot:1, lock state:Bundle[mParcelledData.dataSize=56]
07-28 22:07:18.487  4867  5170 D SimStateHelper: needDisableMenu: slot1State=-1; slot2State=-1
07-28 22:07:18.487  4867  5170 D SimStateHelper: needDisableMenu:false
07-28 22:07:18.487  4867  5292 I SystemUi--Statusbar: MobileConnectionRepositoryImpl-->subId:1 isSoftSimCard:false slotId:0
07-28 22:07:18.488  6553  6584 I midasd  : OplusObrainService::notifyEventInt eventId:38 iParam:20
07-28 22:07:18.488  4867  6072 I SystemUi--Statusbar: OplusMobileConnectionRepository1-->stopListenImsStatusChanged
07-28 22:07:18.488  4867  4867 I SystemUi--Statusbar: OplusMobileIconInteractorImpl-->oplusIMSModel slot:0: CapabilityTypeModel(isVolteSwitchOn=true, isWfcEnabledByUser=true, imsRegistered=false, voiceCapable=false, videoCapable=false, registerTech=-1, isCrossSimCallingEnabledByUser=false, hasHideVolteOperator=false), SimStateModel(simInserted=[true, false], simForbidden=[false, true], simStateIMSI=[true, false], simLoaded=[true, false]),oplusNetworkTypeNr:20,isVoNrEnabled:false
07-28 22:07:18.488  4995  5520 D NAS-CellularEvent: handleSubscriptionsChanged: slotId=0
07-28 22:07:18.488  5090  5090 E QImsService: ImsConfigImpl : onSubscriptionsChanged unable to process due to SubscriptionInfo is null
07-28 22:07:18.488  5090  5090 I QImsService: OplusPhoneStateTracker : onSubscriptionsChanged Last subId: -1 Current subId -1
07-28 22:07:18.488  5090  5090 I QImsService: OplusPhoneStateTracker : onSubscriptionsChanged Last subId: 1 Current subId 1
07-28 22:07:18.488  4867  6072 I SystemUi--Statusbar: OplusMobileConnectionRepository1-->phoneId: 0, conflatedCallbackFlow init
07-28 22:07:18.488  4867  6072 I SystemUi--Statusbar: OplusMobileConnectionRepository1-->startListenImsStatusChanged
07-28 22:07:18.488  4995  5520 D NAS-CellularEvent: onImsRegistrationStateChanged, slotId=0state:false
07-28 22:07:18.489  8459 10053 I OplusObrain: OplusObrainClientInvoke.nativeGetTelephonyInfo
07-28 22:07:18.489  3282  3282 I AS.AudioService: onSubscriptionsChanged()
07-28 22:07:18.489  4995  5759 D CellularEvent: handleSubscriptionsChanged: slotId=0
07-28 22:07:18.489  4995  5759 D CellularEvent: onImsRegistrationStateChanged, slotId=0state:false
07-28 22:07:18.489  8459  8486 I OplusObrain: OplusObrainClientInvoke.nativeGetTrafficTypeInfoForNetworkType networkType 0
07-28 22:07:18.490  3282  4851 W BestClock: java.time.DateTimeException: Missing network time fix
07-28 22:07:18.490  3282  3394 D KernelStatsHelper: getKernelStats start!
07-28 22:07:18.491  3282  4584 D OplusNetlinkSocket: handleNetlinkRecvKernelMessage:nlmsghdr:StructNlMsgHdr{ nlmsg_len{40}, nlmsg_type{49()}, nlmsg_flags{0()}, nlmsg_seq{0}, nlmsg_pid{215093736} }
07-28 22:07:18.491  3282  4584 D KernelStatsHelper: get magic :[-1, -1, -1, 77, 65, 71, 73, 67]
07-28 22:07:18.491  3282  4584 D KernelStatsHelper: magic matched count:0 data_len:0
07-28 22:07:18.491  3282  4584 D KernelStatsHelper: data over! check: true
07-28 22:07:18.491  3282  4484 D NetworkPolicy: Normalization put networkpolicyNetworkTemplate: matchRule=CARRIER, matchSubscriberIds=[001011...], matchWifiNetworkKeys=[], metered=YES
07-28 22:07:18.491  5135  5135 D QCNEJ/WwanInfoRelay: onSubscriptionsChanged currDDSId: 1 new DDS 1
07-28 22:07:18.491  3282  4484 D NetworkPolicy: Normalization put networkpolicyNetworkTemplate: matchRule=CARRIER, matchSubscriberIds=[310260...], matchWifiNetworkKeys=[], metered=YES
07-28 22:07:18.491  4995  5765 W BestClock: java.time.DateTimeException: Missing network time fix
07-28 22:07:18.491  6606  8999 E Battery : ControllerCenter: onReceiver: mSubscriptionManager is null || mIsNeedRestoreMobile = false
07-28 22:07:18.491  3282  4484 D NetworkPolicy: Normalization put networkpolicyNetworkTemplate: matchRule=CARRIER, matchSubscriberIds=[001010...], matchWifiNetworkKeys=[], metered=YES
07-28 22:07:18.491  4995  5765 V MonthTrafficAlert: getWarningNotification subId:1 numWarningNotificaion:0
07-28 22:07:18.491  3282  4484 D NetworkPolicy: Normalization put networkpolicyNetworkTemplate: matchRule=CARRIER, matchSubscriberIds=[001010...], matchWifiNetworkKeys=[], metered=YES
07-28 22:07:18.491  3282  4484 D NetworkPolicy: Normalization put networkpolicyNetworkTemplate: matchRule=CARRIER, matchSubscriberIds=[001012...], matchWifiNetworkKeys=[], metered=YES
07-28 22:07:18.491  3282  4484 V NetworkPolicy: updateNetworkEnabledNL() return
07-28 22:07:18.491  5135  5135 D QCNEJ/DataCallAgent: onSubscriptionsChanged: new DDS 1
07-28 22:07:18.491  5135  8624 D QCNEJ/DataCallAgent: phoneCount: 2
07-28 22:07:18.492  5135  8624 D QCNEJ/DataCallAgent: subs for 0th slot: [1]
07-28 22:07:18.492  5135  8624 D QCNEJ/DataCallAgent: mSubInfoReady[0] is set to true
07-28 22:07:18.492  5135  8624 D QCNEJ/DataCallAgent: subs for 1th slot: [-1]
07-28 22:07:18.492  4928  4928 I Telephony: y0: onServiceStateChanged: newState=1, mServiceState=1
07-28 22:07:18.492  3282  4484 V NetworkPolicy: updateNotificationsNL not process
07-28 22:07:18.492  3282  4484 W BestClock: java.time.DateTimeException: Missing network time fix
07-28 22:07:18.492  4928  4928 I Telephony: isRttCurrentlySupported -- regular acct, hasVoiceAvailability: false
07-28 22:07:18.492  4928  4928 I Telephony:  isRttSupported: false
07-28 22:07:18.492  4928  4928 I Telephony:  isUserRttSettingOn: false
07-28 22:07:18.492  4928  4928 I Telephony:  alwaysAllowWhileRoaming: false
07-28 22:07:18.492  4928  4928 I Telephony:  isRoaming: false
07-28 22:07:18.492  4928  4928 I Telephony:  isOnWfc: false
07-28 22:07:18.492  3282  3394 W BestClock: java.time.DateTimeException: Missing network time fix
07-28 22:07:18.493  4867  5958 V OplusCustomizeCacheManager: queryCache name: sys.cache.common_customize_cache18014 param: null
07-28 22:07:18.493  4867  5958 V OplusCustomizeCacheManager: queryCache name: sys.cache.common_customize_cache18017 param: Bundle[{SETTING=BLOCK, BUSINESS=NCT-DATA}]
07-28 22:07:18.493  4867  5958 V OplusCustomizeCacheManager: queryCache name: sys.cache.common_customize_cache18013 param: null
07-28 22:07:18.493  4867  6072 I SystemUi--Statusbar: OplusMobileConnectionRepository1-->onImsStatusChanged model: CapabilityTypeModel(isVolteSwitchOn=true, isWfcEnabledByUser=true, imsRegistered=false, voiceCapable=false, videoCapable=false, registerTech=-1, isCrossSimCallingEnabledByUser=false, hasHideVolteOperator=false)
07-28 22:07:18.494  7106  8130 D OsAgentAidlClient: [string_dataitem_update][1584] [HC] =>> [HS]
07-28 22:07:18.495  6717  8371 D OplusAtlasAudioDetectionManager: MSG_CALL_STATE_CHANGED
07-28 22:07:18.495  6717  8371 D OplusAtlasAudioDetectionManager: callStateChanged state: 0, len: 0
07-28 22:07:18.495  3282  3393 W BestClock: java.time.DateTimeException: Missing network time fix
07-28 22:07:18.495 13219 13219 I ttings:tzupdate: isSwordfishLaunchAppEnabled_ 1 isSwordfishInstallAppEnabled_ 1
07-28 22:07:18.496 13219 13219 E ttings:tzupdate: Unknown bits set in runtime_flags: 0x40000000
07-28 22:07:18.496 13219 13219 I ttings:tzupdate: Using CollectorTypeCMC GC.
07-28 22:07:18.496  3282  3394 W BestClock: java.time.DateTimeException: Missing network time fix
07-28 22:07:18.496  4867  5958 V OplusCustomizeCacheManager: queryCache name: sys.cache.common_customize_cache18014 param: null
07-28 22:07:18.496  4867  5958 V OplusCustomizeCacheManager: queryCache name: sys.cache.common_customize_cache18017 param: Bundle[{SETTING=BLOCK, BUSINESS=NCT-DATA}]
07-28 22:07:18.496  4867  5958 V OplusCustomizeCacheManager: queryCache name: sys.cache.common_customize_cache18013 param: null
07-28 22:07:18.497  4928  4928 V OplusCustomizeCacheManager: queryCache name: sys.cache.common_customize_cache18016 param: null
07-28 22:07:18.497  4928  4928 V OplusCustomizeCacheManager: queryCache name: sys.cache.common_customize_cache18013 param: null
07-28 22:07:18.497  4928  4928 V OplusCustomizeCacheManager: queryCache name: sys.cache.common_customize_cache18014 param: null
07-28 22:07:18.497 13219 13219 E ttings:tzupdate: Not starting debugger since process cannot load the jdwp agent.
07-28 22:07:18.497  4928  4928 V OplusCustomizeCacheManager: queryCache name: sys.cache.common_customize_cache18017 param: Bundle[{SETTING=BLOCK, BUSINESS=NCT-DATA}]
07-28 22:07:18.498  4928  4928 V OplusCustomizeCacheManager: queryCache name: sys.cache.common_customize_cache18016 param: null
07-28 22:07:18.498  4928  4928 V OplusCustomizeCacheManager: queryCache name: sys.cache.common_customize_cache18013 param: null
07-28 22:07:18.498  4928  4928 V OplusCustomizeCacheManager: queryCache name: sys.cache.common_customize_cache18014 param: null
07-28 22:07:18.498  4928  4928 V OplusCustomizeCacheManager: queryCache name: sys.cache.common_customize_cache18017 param: Bundle[{SETTING=BLOCK, BUSINESS=NCT-DATA}]
07-28 22:07:18.499 13219 13219 D nativeloader: Load libframework-connectivity-tiramisu-jni.so using APEX ns com_android_tethering for caller /apex/com.android.tethering/javalib/framework-connectivity-t.jar: ok
07-28 22:07:18.499  4928  4928 D MultiSimSettingController: onSubscriptionsChanged
07-28 22:07:18.499  4928  4928 D MultiSimSettingController: isReadyToReevaluate: subInfoInitialized=true, carrierConfigsLoaded=true, satelliteEnabledOrBeingEnabled=false
07-28 22:07:18.499  4928  4928 D MultiSimSettingController: updateDefaults
07-28 22:07:18.499  4928  4928 D MultiSimSettingController: isReadyToReevaluate: subInfoInitialized=true, carrierConfigsLoaded=true, satelliteEnabledOrBeingEnabled=false
07-28 22:07:18.499  4928  4928 D MultiSimSettingController: updateDefaultValues: change: 0
07-28 22:07:18.499  4928  4928 D MultiSimSettingController: disableDataForNonDefaultNonOpportunisticSubscriptions triggered, return directly
07-28 22:07:18.500  4928  4928 D CallNotifier: updatePhoneStateListeners: update CF notifications.
07-28 22:07:18.500  4867  4867 I KeyguardUpdateMonitor: refreshSimState, changed:false,subId:1,slotId:0,state:5
07-28 22:07:18.500  4928  4928 I Telephony: TelecomAccountRegistry: onSubscriptionsChanged - reregister accounts
07-28 22:07:18.500  4867  5170 I SystemUi--QuickSettings: Tile.OplusCellularTile-->updateCarrierText: dialog not showing, ignore
07-28 22:07:18.500  4928  4928 D PhoneUtils: PhoneAccountHandle subId=1, slotId=0
07-28 22:07:18.500  4867  5170 D SimStateHelper: slot:0, lock state:Bundle[mParcelledData.dataSize=56]
07-28 22:07:18.500  4867  5170 D SimStateHelper: slot:1, lock state:Bundle[mParcelledData.dataSize=56]
07-28 22:07:18.500  4867  5170 D SimStateHelper: needDisableMenu: slot1State=-1; slot2State=-1
07-28 22:07:18.500  4867  5170 D SimStateHelper: needDisableMenu:false
07-28 22:07:18.500 13219 13219 W libc    : Access denied finding property "persist.vendor.sys.activitylog"
07-28 22:07:18.500 13219 13219 I OneTrace: Mark active for pid=13219? true
07-28 22:07:18.500  4928  4928 D Telephony: registerPstnPhoneAccount line1Number =  subNumber = 
07-28 22:07:18.500 13219 13219 D cutils-dev: otrace_set_tracing_enabled? true tag:0
07-28 22:07:18.500  4928  4928 D Telephony: color is transparent asign default instead -15502541
07-28 22:07:18.501 13219 13219 D cutils-dev: properties changed in otrace_seq_number_changed!
07-28 22:07:18.501  4928  4928 D Telephony: isEmergencyPreferredAccount: subId=1, activeData=1
07-28 22:07:18.501  4928  4928 D Telephony: isEmergencyPreferredAccount: Device does not require preference.
07-28 22:07:18.502  4928  4928 I Telephony: isRttCurrentlySupported -- regular acct, hasVoiceAvailability: false
07-28 22:07:18.502  4928  4928 I Telephony:  isRttSupported: false
07-28 22:07:18.502  4928  4928 I Telephony:  isUserRttSettingOn: false
07-28 22:07:18.502  4928  4928 I Telephony:  alwaysAllowWhileRoaming: false
07-28 22:07:18.502  4928  4928 I Telephony:  isRoaming: false
07-28 22:07:18.502  4928  4928 I Telephony:  isOnWfc: false
07-28 22:07:18.502  4928  4928 D Telephony: x0: buildPstnPhoneAccount, phoneId: 0, mIsVideoCapable: false, 
07-28 22:07:18.502  4928  4928 D OplusSesImsManagerExt: feature:0, phoneId:0
07-28 22:07:18.502  4928  4928 D OplusSesImsManagerExt: getSubIdUsingPhoneId:1, phoneId:0
07-28 22:07:18.502  4928  4928 D OplusSesImsManagerExt: isEntitlementEnabled:false
07-28 22:07:18.502  4928  4928 D OplusSesImsManagerExt: isFeatureProvisionedOnDevice not enabled
07-28 22:07:18.502  4928  4928 D Telephony: registerPstnPhoneAccount mIsVideoCapable = false
07-28 22:07:18.502  3282  3394 D ActivityTaskManagerServiceExtImpl: preBindApplication record is null
07-28 22:07:18.502  3282  3394 D RGBNormalizeServer: OplusRGBNormalize feature enabled ? true
07-28 22:07:18.502  3282  3394 D ResourcesManagerCache: For package com.oplus.wirelesssettings we got cacheList [null] appInfoExt is null ? false hasFeature ? false
07-28 22:07:18.502  4928  4928 W libc    : Access denied finding property "persist.vendor.mtk_uce_support"
07-28 22:07:18.502  3282  3394 D VRR [OPlusExternalRefreshRateManager]: isPkgTfcEnable: pkgName = com.oplus.wirelesssettings, enable = false
07-28 22:07:18.502  3282  3394 D VRR [OPlusExternalRefreshRateManager]: getTfcMinFramerate: pkgName = com.oplus.wirelesssettings, min framerate = 0
07-28 22:07:18.502  4928  4928 I Telephony: isCarrierVideoPresenceSupported, false, false, false, false
07-28 22:07:18.503  4928  4928 I Telephony: reRegisterPstnPhoneAccount: subId: 1 - no change
07-28 22:07:18.503  4928  4928 D ImsResolver: oldSubId: 1, newSubId: 1
07-28 22:07:18.503  4928  4928 D ImsResolver: oldSubId: -1, newSubId: -1
07-28 22:07:18.503  4928  4928 V OplusCustomizeCacheManager: queryCache name: sys.cache.common_customize_cache18016 param: null
07-28 22:07:18.503  4928  4928 V OplusCustomizeCacheManager: queryCache name: sys.cache.common_customize_cache18013 param: null
07-28 22:07:18.503  4928  4928 V OplusCustomizeCacheManager: queryCache name: sys.cache.common_customize_cache18014 param: null
07-28 22:07:18.503  4928  4928 V OplusCustomizeCacheManager: queryCache name: sys.cache.common_customize_cache18017 param: Bundle[{SETTING=BLOCK, BUSINESS=NCT-DATA}]
07-28 22:07:18.503 13219 13219 D OplusActivityManager: get AMS extension: android.os.BinderProxy@6424fb4
07-28 22:07:18.504  4928  4928 D InternationalRoamingNotification: init
07-28 22:07:18.504  5189  5223 D VirtualCommService2: isSupport. true, true
07-28 22:07:18.504  4928  4928 D OplusVirtualCommUtils: isVirtualCommSupport, vRet: true
07-28 22:07:18.504  4928  4928 I OplusVirtualCommUtils: getVirtualCommDeviceType, vRet: 1
07-28 22:07:18.504  4928  4928 I OplusVirtualCommUtils: isConsumerDeviceType, deviceType: 1
07-28 22:07:18.504  4928  4928 D InternationalRoamingNotification: do not createRoamingNotification for invalid Network
07-28 22:07:18.504  4928  4928 V SimultaneousCallingTracker: Received EVENT 101
07-28 22:07:18.504  4928  4928 V SimultaneousCallingTracker: generateVoiceCapablePhoneMapBasedOnUserAssociation: adding phoneId = 0
07-28 22:07:18.504  4928  4928 I SimultaneousCallingTracker: updatePhoneMapAndSimultaneousCallSupportMap: mVoiceCapablePhoneMap.size = 1
07-28 22:07:18.504  4928  4928 V SimultaneousCallingTracker: registerForImsRegistrationChanges: registering phoneId = 0
07-28 22:07:18.504  4928  4928 V SimultaneousCallingTracker: generateSimultaneousCallSupportMap: returning simultaneousCallSubSupportMap = Phone ID=0 - Simultaneous calling compatible phone IDs=[]; 
07-28 22:07:18.504  4928  4928 V SimultaneousCallingTracker: handleSimultaneousCallingSupportChanged
07-28 22:07:18.505  3282  3394 W ContentService: Observer is already registered. Pid is 4928
07-28 22:07:18.505 13219 13219 D CompactWindowAppManager: initCompactApplicationInfo CompactMode: , NormalMode: 
07-28 22:07:18.506 13219 13219 D OplusScrollToTopManager: setIsInWhiteList false
07-28 22:07:18.506 13219 13219 D OplusViewDebugManager: OplusViewDebugManager Constructor android.view.debug.OplusViewDebugManager@e90f52 [mHasViewDebugProperty true] [mHasMsgDebugProperty false] [DEBUG false] [EXTRAINFOENABLE false] [LIGHT_OS false]
07-28 22:07:18.507 13219 13219 D CompatChangeReporter: Compat change id reported: 242716250; UID 1000; state: ENABLED
07-28 22:07:18.508 13219 13219 W libc    : Access denied finding property "ro.odm.prev.product.name"
07-28 22:07:18.509 13219 13219 W ziparchive: Unable to open '/system_ext/framework/nfcvendorlib.dm': No such file or directory
07-28 22:07:18.509 13219 13219 W ziparchive: Unable to open '/system_ext/framework/nfcvendorlib.dm': No such file or directory
07-28 22:07:18.511 13219 13219 D nativeloader: Configuring clns-shared-7 for other apk /system_ext/framework/nfcvendorlib.jar. target_sdk_version=34, uses_libraries=ALL, library_path=/system_ext/priv-app/WirelessSettings/lib/arm64:/system_ext/priv-app/WirelessSettings/WirelessSettings.apk!/lib/arm64-v8a:/system/lib64:/system_ext/lib64, permitted_path=/data:/mnt/expand:/data/user_de/0/com.oplus.wirelesssettings:/system_ext/priv-app/WirelessSettings:/system/lib64:/system_ext/lib64
07-28 22:07:18.511 13219 13219 D nativeloader: Extending system_exposed_libraries: libbinauralrenderer_wrapper.qti.so:libhoaeffects.qti.so:libSloganJni.oplus.so:libsuperNight.oplus.so:libAPSClient-cmd-jni-extension.oplus.so:libsatellite_audio_jni.oplus.so:libortc_so.oplus.so:libsoundtouch.oplus.so:libsoundtouch_jni.oplus.so:libOplusStringJNI-extension.oplus.so:libsatellite_ostx_jni.oplus.so:libapssuspend-jni.oplus.so:libupdateprof.qti.so:libthermalclient.qti.so:libqape.qti.so:libqesdk_ndk_platform.qti.so:liblistenjni.qti.so
07-28 22:07:18.512 13219 13219 D ApplicationLoaders: Returning zygote-cached class loader: /system_ext/framework/androidx.window.extensions.jar
07-28 22:07:18.512 13219 13219 D ApplicationLoaders: Returning zygote-cached class loader: /system_ext/framework/androidx.window.sidecar.jar
07-28 22:07:18.515 13219 13219 D nativeloader: Configuring clns-shared-8 for other apk /system_ext/priv-app/WirelessSettings/WirelessSettings.apk. target_sdk_version=34, uses_libraries=, library_path=/system_ext/priv-app/WirelessSettings/lib/arm64:/system_ext/priv-app/WirelessSettings/WirelessSettings.apk!/lib/arm64-v8a:/system/lib64:/system_ext/lib64, permitted_path=/data:/mnt/expand:/data/user_de/0/com.oplus.wirelesssettings:/system_ext/priv-app/WirelessSettings:/system/lib64:/system_ext/lib64
07-28 22:07:18.519 13219 13219 V GraphicsEnvironment: Currently set values for:
07-28 22:07:18.519 13219 13219 V GraphicsEnvironment:   angle_gl_driver_selection_pkgs=[]
07-28 22:07:18.519 13219 13219 V GraphicsEnvironment:   angle_gl_driver_selection_values=[]
07-28 22:07:18.519 13219 13219 V GraphicsEnvironment: Global.Settings values are invalid: number of packages: 0, number of values: 0
07-28 22:07:18.521 13219 13219 D WS_OplusWirelessSettingsApp: onCreate, OplusWirelessSettingsApp
07-28 22:07:18.525 13219 13219 D LogUtils: initWirelessLog sIsQeAssert=false,sIsWifiOrBtLog=false
07-28 22:07:18.528  3282  3394 I ActivityManager: Flag disabled. Ignoring finishAttachApplication from uid: 1000. pid: 13219
07-28 22:07:18.529 13219 13219 E ANDR-PERF-CLIENT-SYS: death recipent object is fine
07-28 22:07:18.529 13219 13219 W ttings:tzupdate: AIBinder_linkToDeath is being called with a non-null cookie and no onUnlink callback set. This might not be intended. AIBinder_DeathRecipient_setOnUnlinked should be called first.
07-28 22:07:18.530  3282  3394 W OplusSelfProtectManager: pkg[com.oplus.wirelesssettings] not in policy list
07-28 22:07:18.530  2031  2031 D SensorFeature: name=ssc_screenshot_info ,index = 22
07-28 22:07:18.530  2031  2031 D SensorFeature: write 29 bytes:59318823570,59327156903,161,0
07-28 22:07:18.534  3282  3394 D ActivityManager: Async freezing 13219 com.oplus.wirelesssettings:tzupdate
07-28 22:07:18.536  4727  4763 W SQLiteLog: (28) double-quoted string literal: "timezone_tzdata_v2_files"
07-28 22:07:18.592  4928  4928 V OplusCustomizeCacheManager: queryCache name: sys.cache.common_customize_cache18016 param: null
07-28 22:07:18.592  4928  4928 V OplusCustomizeCacheManager: queryCache name: sys.cache.common_customize_cache18013 param: null
07-28 22:07:18.592  4928  4928 V OplusCustomizeCacheManager: queryCache name: sys.cache.common_customize_cache18014 param: null
07-28 22:07:18.592  4928  4928 V OplusCustomizeCacheManager: queryCache name: sys.cache.common_customize_cache18017 param: Bundle[{SETTING=BLOCK, BUSINESS=NCT-DATA}]
07-28 22:07:18.593  4928  4928 V OplusCustomizeCacheManager: queryCache name: sys.cache.common_customize_cache18016 param: null
07-28 22:07:18.593  4928  4928 V OplusCustomizeCacheManager: queryCache name: sys.cache.common_customize_cache18013 param: null
07-28 22:07:18.593  4928  4928 V OplusCustomizeCacheManager: queryCache name: sys.cache.common_customize_cache18014 param: null
07-28 22:07:18.593  4928  4928 V OplusCustomizeCacheManager: queryCache name: sys.cache.common_customize_cache18017 param: Bundle[{SETTING=BLOCK, BUSINESS=NCT-DATA}]
07-28 22:07:18.615  4867  4867 D RowAnimatorExtImpl: end:view:StatusBarIconView(slot='volume' alpha=1.0 icon=StatusBarIcon(icon=Icon(typ=RESOURCE pkg=com.android.systemui id=0x7f0818f0) visible user=0 ) visibleState=ICON iconColor=#ccffffff staticDrawableColor=#ccffffff decorColor=#ffffffff animationStartColor=#0 currentSetColor=#ccffffff notification=null),tx
07-28 22:07:18.615  4867  4867 D RowAnimatorExtImpl: end:view:StatusBarIconView(slot='zen' alpha=1.0 icon=StatusBarIcon(icon=Icon(typ=RESOURCE pkg=com.android.systemui id=0x7f0818e1) visible user=0 ) visibleState=ICON iconColor=#ccffffff staticDrawableColor=#ccffffff decorColor=#ffffffff animationStartColor=#0 currentSetColor=#ccffffff notification=null),tx
07-28 22:07:18.615  4867  4867 D RowAnimatorExtImpl: end:view:StatusBarIconView(slot='volume' alpha=1.0 icon=StatusBarIcon(icon=Icon(typ=RESOURCE pkg=com.android.systemui id=0x7f0818f0) visible user=0 ) visibleState=ICON iconColor=#ccffffff staticDrawableColor=#ccffffff decorColor=#ffffffff animationStartColor=#0 currentSetColor=#ccffffff notification=null),tx
07-28 22:07:18.615  4867  4867 D RowAnimatorExtImpl: end:view:StatusBarIconView(slot='zen' alpha=1.0 icon=StatusBarIcon(icon=Icon(typ=RESOURCE pkg=com.android.systemui id=0x7f0818e1) visible user=0 ) visibleState=ICON iconColor=#ccffffff staticDrawableColor=#ccffffff decorColor=#ffffffff animationStartColor=#0 currentSetColor=#ccffffff notification=null),tx
07-28 22:07:18.615  4867  4867 D RowAnimatorExtImpl: end:view:StatusBarIconView(slot='volume' alpha=1.0 icon=StatusBarIcon(icon=Icon(typ=RESOURCE pkg=com.android.systemui id=0x7f0818f0) visible user=0 ) visibleState=ICON iconColor=#ccffffff staticDrawableColor=#ccffffff decorColor=#ffffffff animationStartColor=#0 currentSetColor=#ccffffff notification=null),tx
07-28 22:07:18.615  4867  4867 D RowAnimatorExtImpl: end:view:StatusBarIconView(slot='zen' alpha=1.0 icon=StatusBarIcon(icon=Icon(typ=RESOURCE pkg=com.android.systemui id=0x7f0818e1) visible user=0 ) visibleState=ICON iconColor=#ccffffff staticDrawableColor=#ccffffff decorColor=#ffffffff animationStartColor=#0 currentSetColor=#ccffffff notification=null),tx
07-28 22:07:18.637  1958  4435 I Dpps    : LtmSwState::SetParameter():144 ignore cmd 7 in state LtmOffState
07-28 22:07:18.804  2031  2031 D SensorFeature: name=ssc_screenshot_info ,index = 22
07-28 22:07:18.804  2031  2031 D SensorFeature: write 29 bytes:59593014507,59601347840,162,0
07-28 22:07:18.806  4867  4867 I SystemUi--QuickSettings: TemporarilyInfoManager-->[animateShow] com.oplus.systemui.qs.base.temporarilyinfo.TemporarilyInfoManager$createViewToParent$1{f719b21 VFED..C.. ........ 0,0-1080,228 #7f0a0cb6 app:id/temporarily_info_view alpha=1.0 viewInfo = } end
07-28 22:07:18.806  4867  4867 I SystemUi--QuickSettings: TemporarilyInfoManager-->[trigger] start from showElementAfterShowFully
07-28 22:07:18.870  1866  9361 I sensors-hal: handle_sns_client_event:87, step_count_event: ts=59667348224 count 0
07-28 22:07:18.870  3282  4389 D SensorServiceUtils: sensorEventLog step_counter = 0
07-28 22:07:18.870  3282  4389 D SensorServiceUtils: sensorEventLog step_counter = 0
07-28 22:07:18.870  3282  4389 D SensorServiceUtils: sensorEventLog step_counter = 0
07-28 22:07:18.870  3282  4389 D SensorServiceUtils: sensorEventLog step_counter = 0
07-28 22:07:18.870  3282  4389 D SensorServiceUtils: sensorEventLog step_counter = 0
07-28 22:07:18.870  3282  4389 D SensorServiceUtils: sensorEventLog step_counter = 0
07-28 22:07:18.870  3282  4389 D SensorServiceUtils: sensorEventLog step_counter = 0
07-28 22:07:18.870  3282  4389 D SensorServiceUtils: sensorEventLog step_counter = 0
07-28 22:07:18.870  3282  4389 D SensorServiceUtils: sensorEventLog step_counter = 0
07-28 22:07:18.870  3282  4389 D SensorServiceUtils: sensorEventLog step_counter = 0
07-28 22:07:18.870  3282  4389 D SensorServiceUtils: sensorEventLog step_counter = 0
07-28 22:07:18.870  3282  4389 D SensorServiceUtils: sensorEventLog step_counter = 0
07-28 22:07:18.870  3282  4389 D SensorServiceUtils: sensorEventLog step_counter = 0
07-28 22:07:18.870  3282  4389 D SensorServiceUtils: sensorEventLog step_counter = 0
07-28 22:07:18.870  3282  4389 D SensorServiceUtils: sensorEventLog step_counter = 0
07-28 22:07:18.870  3282  4389 D SensorServiceUtils: sensorEventLog step_counter = 0
07-28 22:07:18.870  3282  4389 D SensorServiceUtils: sensorEventLog step_counter = 0
07-28 22:07:18.870  3282  4389 D SensorServiceUtils: sensorEventLog step_counter = 0
07-28 22:07:18.870  3282  4389 D SensorServiceUtils: sensorEventLog step_counter = 0
07-28 22:07:18.870  4684  4684 V SystemSensorManagerExtImpl: step counter dispatchSensorEvent step 0.0 to + a.b$c@dcd1ad6
07-28 22:07:18.901  1866  4442 I sensors-hal: handle_oplus_wise_rgb_event:189, high_pwm_light:lux 274.6,cct 3637.7,brl/algo/ir 1443.0/2.0/17.1,pwm/dc 0.0/0.0,rgbc 21200.691406/13351.119141/6150.617188/39297.730469,ts 59568598640,cnt 840,flag 162
07-28 22:07:18.902  1958  4435 I Dpps    : LtmSwState::SetParameter():144 ignore cmd 7 in state LtmOffState
07-28 22:07:18.930  4867  4867 D JankUtils: gfxSceneEnd; scene: 7
07-28 22:07:18.930  4867  4867 I SystemUi--Common: NotificationShadeDepthC-->sceneFlag: 0x001, isStart = false, Current sceneFlags: 0x000
07-28 22:07:18.931  4867  4867 D NavigationBar: restrainNavigationBarInvertColor: false
07-28 22:07:18.931  4867  5117 D RegionSamplingHelper =:    mCompositionSamplingListener.register
07-28 22:07:18.931  2188  2399 D SurfaceFlinger: addRegionSamplingListener pid: 4867, Area: [0, 2328, 1080, 2376]
07-28 22:07:18.997  2046  2070 D BatteryChargeControl: bcc get no support from charging protocol
07-28 22:07:19.067  2046  7248 D charge_time: type=sdp,reserve_soc=2,soc=41,ui_soc=44,current=197,avg=196,not_chg_cnt=0,stable_cnt=7,fcc=5724,fcc_ratio=94,delta=38,debug=0,region=17,ttf=28540(07:55:40),ui_ttf=22702(06:18:22)
07-28 22:07:19.128  2031  2031 D SensorFeature: name=ssc_screenshot_info ,index = 22
07-28 22:07:19.128  2031  2031 D SensorFeature: write 29 bytes:59875124924,59925460549,163,0
07-28 22:07:19.134  1958  2239 I SDM     : DisplayBase::CommitThread: Received idle timeout, panel: cmd, timeout: 70000 us
07-28 22:07:19.168  1958  4435 I Dpps    : LtmSwState::SetParameter():144 ignore cmd 7 in state LtmOffState
07-28 22:07:19.204  3282  3282 D OplusWifiBroadCastDispatcher: mBroadcastReceiver: onReceiver  action=android.intent.action.BATTERY_LEVEL_CHANGED
07-28 22:07:19.205  3282  4612 D OplusWifiPowerService: onReceive action:android.intent.action.BATTERY_LEVEL_CHANGED
07-28 22:07:19.205  3282  4451 W OplusStorageManagerFeature: mScreenReceiver action:android.intent.action.BATTERY_LEVEL_CHANGED
07-28 22:07:19.205  3282  4451 I OplusStorageManagerFeature: TmemoryBetterySwitch: level=44 state=0
07-28 22:07:19.205  3282  4451 I OplusStorageManagerFeature: TmemoryBetterySwitch: action=0 state=2
07-28 22:07:19.205  3282  4451 W OplusStorageManagerFeature: Ready to deal actionParam:0
07-28 22:07:19.207  6236  6236 D BatteryUsageBroadcastReceiver: onReceive:android.intent.action.BATTERY_LEVEL_CHANGED
07-28 22:07:19.207  6236  6236 D BatteryUsageBroadcastReceiver: fetch data because of event: ACTION_BATTERY_LEVEL_CHANGED
07-28 22:07:19.212  3282  3394 D ActivityManager: Async freezing 6236 com.android.settings
07-28 22:07:19.287  6530  6564 E horae   : 0: back:33564,back_1:35887,back_2:35434,back_3:34635,frame:36040,frame_1:34965,front:36667,front_1:37016,front_2:35390, -2147483648 5, +(3186), 1 ,43864,33826,39702,43891,41870,42903,33879,39441,42910,41227,41973,33724,39133,42060,40668,41417,33746,38863,41378,40170, target_temp:37016, algo:0
07-28 22:07:19.287  2188  3548 D VRR [OTI]: handleIdle from 0 to 1
07-28 22:07:19.287  2188  3548 D VRR [OTI-HW]: isStateReady 1
07-28 22:07:19.287  2188  3548 D VRR [RefreshRateDirector]: requestRefreshRateByOti update [ oti-hw, {fps=60, modePtr={id=5, vsyncRate=60.00 Hz, peakRefreshRate=60.00 Hz}} ]
07-28 22:07:19.287  2188  3548 D VRR [RefreshRateDirector]: selectBestFrameRate DirectorMapOti [oti-hw, {fps=60, modePtr={id=5, vsyncRate=60.00 Hz, peakRefreshRate=60.00 Hz}}]
07-28 22:07:19.287  2188  3548 D VRR [RefreshRateDirector]: updateBestFrameRate [oti-hw, {fps=60, modePtr={id=5, vsyncRate=60.00 Hz, peakRefreshRate=60.00 Hz}}]
07-28 22:07:19.287  2188  3548 D SurfaceFlinger: VRR [SurfaceFlinger] setDesiredActiveMode: displayId: 4630946756802996883, renderRate: 60, vsyncRate: 60, event: 1
07-28 22:07:19.287  2188  3548 D DisplayModeController: setDesiredMode 4630946756802996883 {mode={fps=60.00 Hz, modePtr={id=5, vsyncRate=60.00 Hz, peakRefreshRate=60.00 Hz}}, emitEvent=true, force=false}
07-28 22:07:19.288  2188  2188 I DisplayModeController: hwc begin mode change to 16666666
07-28 22:07:19.288  2188  2188 I HWC2    : [0] setActiveConfigWithConstraints[5]
07-28 22:07:19.289  1958  1958 W SDM     : HWDeviceDRM::GetSupportedBitClkRate: Requested rate not supported: 1363200000
07-28 22:07:19.289  1958  1958 I SDM     : HWDeviceDRM::UpdateMixerAttributes: Mixer WxH 1440x3168-1 for Peripheral
07-28 22:07:19.289  1958  1958 I CwbService: CwbService::notifyConfigChange: display:0, config:5 size:4, sec.size():0
07-28 22:07:19.289  1958  1958 I CwbService: CwbService::notifyConfigChange: display: 0, config = 1
07-28 22:07:19.289  1958  3463 I CasManager: Fps changed from 120 to 60
07-28 22:07:19.289  1958  3463 I CasManager: Fps changed, not change bin, so trigger gain
07-28 22:07:19.289  1958  3463 W SDM     : DemuraIntfImpl::ProcessOemPluginGain: Thermal intf_ is nullptr 0, default to 25 degree
07-28 22:07:19.289  1958  3463 I SDM     : CasQcPlugIn::ProcessPerCompGainOppo: input params, mode:PWM, fps:60, dbv:1443
07-28 22:07:19.289  1958  3463 I SDM     : CasQcPlugIn::ProcessPerCompGainOppo: normalized bright_adj:1024, dbv:1443, bin_dbv:1083, 
07-28 22:07:19.289  1958  3463 I SDM     : CasQcPlugIn::ProcessPerCompGainOppo: gains print start =====================
07-28 22:07:19.289  1958  3463 I SDM     : CasQcPlugIn::ProcessPerCompGainOppo: gain --------------------------------
07-28 22:07:19.289  1958  3463 I SDM     : CasQcPlugIn::ProcessPerCompGainOppo: old: 0 0 0 57 90 322 1201 3072
07-28 22:07:19.289  1958  3463 I SDM     : CasQcPlugIn::ProcessPerCompGainOppo: new: 0 0 0 31 77 278 1037 3072
07-28 22:07:19.289  1958  3463 I SDM     : CasQcPlugIn::ProcessPerCompGainOppo: gain --------------------------------
07-28 22:07:19.289  1958  3463 I SDM     : CasQcPlugIn::ProcessPerCompGainOppo: old: 0 0 0 64 125 373 1336 3072
07-28 22:07:19.289  1958  3463 I SDM     : CasQcPlugIn::ProcessPerCompGainOppo: new: 0 0 0 34 99 373 1336 3072
07-28 22:07:19.289  1958  3463 I SDM     : CasQcPlugIn::ProcessPerCompGainOppo: gain --------------------------------
07-28 22:07:19.289  1958  3463 I SDM     : CasQcPlugIn::ProcessPerCompGainOppo: old: 0 0 0 42 83 323 1222 3072
07-28 22:07:19.289  1958  3463 I SDM     : CasQcPlugIn::ProcessPerCompGainOppo: new: 0 0 0 22 83 323 1222 3072
07-28 22:07:19.289  1958  3463 I SDM     : CasQcPlugIn::ProcessPerCompGainOppo: gains print end =======================
07-28 22:07:19.296  1958  3463 I SDM     : DemuraIntfImpl::StageAllData: Staged all data to Demura Driver!
07-28 22:07:19.296  1958  3463 I SDM     : HWPeripheralDRM::SetPanelFeature: Set Panel feature property 19
07-28 22:07:19.296  1958  3463 I SDM     : HWPeripheralDRM::SetPanelFeature: Set Panel feature property 7
07-28 22:07:19.296  1958  3463 I SDM     : DisplayBuiltIn::TriggerDemuraOemPlugIn: Trigger demura oem plugin success
07-28 22:07:19.298  1958  2239 I SDM     : DRMPanelFeatureMgr::ApplyDirtyFeature: Commited panel feature [enabled]: 20-272
07-28 22:07:19.298  1958  2239 I SDM     : DRMPanelFeatureMgr::ApplyDirtyFeature: Commited panel feature [enabled]: 8-271
07-28 22:07:19.303  8066  9718 W metis_v2_KnowledgeManager: Fire: isEmergency is true  debugFireMode = false [7f0000011753754798609155207393|p_7393_3ddb3ca@1|p_8066_827b814@7|com.oplus.metis] [base|com.oplus.metis|1.5.5-f48228a]
07-28 22:07:19.304  8066  9718 W metis_v2_OifaceBindUtils: bindTask [7f0000011753754798609155207393|p_7393_3ddb3ca@1|p_8066_827b814@7|com.oplus.metis]
07-28 22:07:19.304  8066  9718 W metis_v2_OifaceBindUtils: call connectOifaceService [7f0000011753754798609155207393|p_7393_3ddb3ca@1|p_8066_827b814@7|com.oplus.metis]
07-28 22:07:19.305  8066  9718 I metis_v2_KnowledgeManager: panta-sugg-Fire: count=1 [7f0000011753754798609155207393|p_7393_3ddb3ca@1|p_8066_827b814@7|com.oplus.metis]
07-28 22:07:19.305  6555  6607 E oiface  : sched_setaffinity failed
07-28 22:07:19.305  6555  6599 E oiface  : directSetTask: get cpuset path failed
07-28 22:07:19.312  8066  9718 I System.out: 'park_precondition_home_02' 
07-28 22:07:19.312  8066  9718 I System.out: 'park_precondition_company_02' 
07-28 22:07:19.313  8066  9718 I System.out: 'UBIQUITOUS_SERVICE#assistant_screen#NOT_AT_HOME_301' 
