07-29 19:31:17.196  4902  4902 I SystemUi--Keyguard: ScrimControllerExImp-->blur State to UNLOCK, bouncer=false changeFromBouncerScrim= false runnerUnlock= false goingAway=false hasHandle=true isOccludeAnimationPlaying=false
07-29 19:31:17.196  3398  5391 I InputDispatcher: injectInputEvent: targetUid=<not set>, syncMode=WAIT_FOR_FINISHED, timeout=30000ms, policyFlags=0x8000000, event=MotionEvent { action=MOVE, id[0]=0, x[0]=900, y[0]=719.5, eventTime=58043000000, downTime=57938000000, deviceId=4, source=TOUCHSCREEN, displayId=0, eventId=0xcea02b46}
07-29 19:31:17.196  4902  4902 I SystemUi--Keyguard: ScrimControllerExImp-->blur State to UNLOCK, bouncer=false changeFromBouncerScrim= false runnerUnlock= false goingAway=false hasHandle=true isOccludeAnimationPlaying=false
07-29 19:31:17.196  3398  3824 D PowerManagerService: userActivityNoUpdateLocked: groupId=0, eventTime=58043, event=touch, flags=0x0, uid=1000
07-29 19:31:17.197  1946  2017 I SnapAlloc: Using graphics libs for alignment calculations
07-29 19:31:17.198  1946  2017 I SnapAlloc: Using graphics libs for alignment calculations
07-29 19:31:17.199  1946  2017 I SnapAlloc: Using graphics libs for alignment calculations
07-29 19:31:17.203  2203  3504 D SurfaceFlinger: updateWinowInfo=1, setFocusedWindow timestamp=58034881903, windowName=e6f1f17 NotificationShade
07-29 19:31:17.203  3398  5465 I InputDispatcher: NFW_setFocusedWindow, e6f1f17 NotificationShade on display 0, same as the previous:0
07-29 19:31:17.203  3398  5465 I InputDispatcher: updateFocusedWindow, e6f1f17 NotificationShade on display 0, reason: setFocusedWindow, result:   FocusedWindows:
07-29 19:31:17.203  3398  5465 I InputDispatcher:     displayId=0, name='e6f1f17 NotificationShade'
07-29 19:31:17.204  4902  4902 D VRI[NotificationShade]: onFocusEvent true
07-29 19:31:17.204  5286  5286 D VRI[Launcher]: onFocusEvent false
07-29 19:31:17.204  3398  5391 I InputDispatcher: injectInputEvent: targetUid=<not set>, syncMode=WAIT_FOR_FINISHED, timeout=30000ms, policyFlags=0x8000000, event=MotionEvent { action=MOVE, id[0]=0, x[0]=900, y[0]=772.033, eventTime=58051000000, downTime=57938000000, deviceId=4, source=TOUCHSCREEN, displayId=0, eventId=0xea76948e}
07-29 19:31:17.204  4902  4902 I SystemUi--Keyguard: ScrimControllerExImp-->blur State to UNLOCK, bouncer=false changeFromBouncerScrim= false runnerUnlock= false goingAway=false hasHandle=true isOccludeAnimationPlaying=false
07-29 19:31:17.205  4902  4902 I SystemUi--Keyguard: ScrimControllerExImp-->blur State to UNLOCK, bouncer=false changeFromBouncerScrim= false runnerUnlock= false goingAway=false hasHandle=true isOccludeAnimationPlaying=false
07-29 19:31:17.205  4902  4902 I SystemUi--QuickSettings: QSPanelAnimatorManager-->showSecondElement
07-29 19:31:17.208  1953  4510 I Dpps    : LtmSwState::SetParameter():144 ignore cmd 7 in state LtmOffState
07-29 19:31:17.208  4902  4902 I SystemUi--Keyguard: OplusRepeatWhenAttachedUnlock-->updateState: view.windowVisibility: 0, keyguardShow: false, isInPreviewMode: false, view.hasWindowFocus(): true
07-29 19:31:17.208  4902  4902 I SystemUi--Keyguard: OplusRepeatWhenAttachedUnlock-->updateState: view.windowVisibility: 0, keyguardShow: false, isInPreviewMode: false, view.hasWindowFocus(): true
07-29 19:31:17.212  1946  2017 I SnapAlloc: Using graphics libs for alignment calculations
07-29 19:31:17.213  4902  4902 I SystemUi--Keyguard: ScrimControllerExImp-->blur State to UNLOCK, bouncer=false changeFromBouncerScrim= false runnerUnlock= false goingAway=false hasHandle=true isOccludeAnimationPlaying=false
07-29 19:31:17.213  3398  5391 I InputDispatcher: injectInputEvent: targetUid=<not set>, syncMode=WAIT_FOR_FINISHED, timeout=30000ms, policyFlags=0x8000000, event=MotionEvent { action=MOVE, id[0]=0, x[0]=900, y[0]=824.566, eventTime=58059000000, downTime=57938000000, deviceId=4, source=TOUCHSCREEN, displayId=0, eventId=0xd1d623e8}
07-29 19:31:17.213  4902  4902 I SystemUi--Keyguard: ScrimControllerExImp-->blur State to UNLOCK, bouncer=false changeFromBouncerScrim= false runnerUnlock= false goingAway=false hasHandle=true isOccludeAnimationPlaying=false
07-29 19:31:17.221  4902  4902 I SystemUi--Keyguard: ScrimControllerExImp-->blur State to UNLOCK, bouncer=false changeFromBouncerScrim= false runnerUnlock= false goingAway=false hasHandle=true isOccludeAnimationPlaying=false
07-29 19:31:17.221  3398  5391 I InputDispatcher: injectInputEvent: targetUid=<not set>, syncMode=WAIT_FOR_FINISHED, timeout=30000ms, policyFlags=0x8000000, event=MotionEvent { action=MOVE, id[0]=0, x[0]=900, y[0]=883.667, eventTime=58068000000, downTime=57938000000, deviceId=4, source=TOUCHSCREEN, displayId=0, eventId=0xc9d69b92}
07-29 19:31:17.221  4902  4902 I SystemUi--Keyguard: ScrimControllerExImp-->blur State to UNLOCK, bouncer=false changeFromBouncerScrim= false runnerUnlock= false goingAway=false hasHandle=true isOccludeAnimationPlaying=false
07-29 19:31:17.229  1946  2017 I SnapAlloc: Using graphics libs for alignment calculations
07-29 19:31:17.229  4902  4902 I SystemUi--Keyguard: ScrimControllerExImp-->blur State to UNLOCK, bouncer=false changeFromBouncerScrim= false runnerUnlock= false goingAway=false hasHandle=true isOccludeAnimationPlaying=false
07-29 19:31:17.230  3398  5391 I InputDispatcher: injectInputEvent: targetUid=<not set>, syncMode=WAIT_FOR_FINISHED, timeout=30000ms, policyFlags=0x8000000, event=MotionEvent { action=MOVE, id[0]=0, x[0]=900, y[0]=936.2, eventTime=58076000000, downTime=57938000000, deviceId=4, source=TOUCHSCREEN, displayId=0, eventId=0xc4050467}
07-29 19:31:17.230  4902  4902 I SystemUi--Keyguard: ScrimControllerExImp-->blur State to UNLOCK, bouncer=false changeFromBouncerScrim= false runnerUnlock= false goingAway=false hasHandle=true isOccludeAnimationPlaying=false
07-29 19:31:17.234  4902  5390 I SystemUi--Statusbar: PrivacyDotViewController-->processNextViewState: 
07-29 19:31:17.235  4902  5390 I SystemUi--Statusbar: PrivacyDotViewController-->resolveState ViewState(viewInitialized=true, systemPrivacyEventIsActive=false, shadeExpanded=true, needShow=false, portraitRect=Rect(0, 0 - 1080, 120), landscapeRect=Rect(120, 0 - 2376, 120), upsideDownRect=Rect(0, 0 - 1080, 120), seascapeRect=Rect(0, 0 - 2244, 120), layoutRtl=false, rotation=0, paddingTop=14, paddingBottom=15, cornerIndex=1, designatedCorner=android.widget.FrameLayout{5834cc4 I.E...... ......ID 1032,0-1080,120 #7f0a09cd app:id/privacy_dot_top_right_container alpha=1.0 viewInfo = }, contentDescription=null, dotMargin=48)
07-29 19:31:17.238  4902  4902 I SystemUi--Keyguard: ScrimControllerExImp-->blur State to UNLOCK, bouncer=false changeFromBouncerScrim= false runnerUnlock= false goingAway=false hasHandle=true isOccludeAnimationPlaying=false
07-29 19:31:17.238  3398  5391 I InputDispatcher: injectInputEvent: targetUid=<not set>, syncMode=WAIT_FOR_FINISHED, timeout=30000ms, policyFlags=0x8000000, event=MotionEvent { action=MOVE, id[0]=0, x[0]=900, y[0]=995.3, eventTime=58085000000, downTime=57938000000, deviceId=4, source=TOUCHSCREEN, displayId=0, eventId=0xe77cdc3b}
07-29 19:31:17.238  4902  4902 I SystemUi--Keyguard: ScrimControllerExImp-->blur State to UNLOCK, bouncer=false changeFromBouncerScrim= false runnerUnlock= false goingAway=false hasHandle=true isOccludeAnimationPlaying=false
07-29 19:31:17.241  3398  3835 D VRR [OPlusSAManager]: setSAConfig scene: VRR_90_120 modeId: 4 auto: true fakeFrame: true
07-29 19:31:17.241  3398  3835 D VRR [OPlusSAManager]: updateAutoMinfps with nits: 122.02749, mHistOK true, mAmbientOK true, mCctOK true, mIrOK true, mBrightnessOK true, isPkgOK true, SA min fps: 119
07-29 19:31:17.241  3398  3835 D VRR [OPlusSurfaceFlingerController]: setAutoMode enable: true fakeFrame: true fps: 119
07-29 19:31:17.241  2203  4725 I VRR-[OPlusAdfrUtil]: ADFR try set Auto mode with mode 1 fakeframe 1 min fps 119
07-29 19:31:17.241  2203  4725 D VRR-[OPlusRefreshRateSelector]: OSyncModes add size is 1.
07-29 19:31:17.241  2203  4725 I VRR-[OPlusRefreshRateSelector]: updateAutoMode success, display 0, mode 0, fakeframe 1, min fps: 1
07-29 19:31:17.241  2203  3439 D VRR-[OPlusRefreshRateSelector]: handleSetHWCOSync
07-29 19:31:17.241  2203  3439 D VRR-[OPlusRefreshRateSelector]: OSyncModes remaining size is 0.
07-29 19:31:17.241  2203  3439 D VRR-[OPlusRefreshRateSelector]: SetHWCOSync with 5CC08181
07-29 19:31:17.242  1953  3437 I SDM     : DisplayBuiltIn::SetQSyncMode: VRR + update qsync mode 0 minfps 00C08181
07-29 19:31:17.245  1953  2240 E SDM     : DRMConnector::Perform: Connector 67: Setting Qsync min fps 12616065
07-29 19:31:17.246  4902  4902 I SystemUi--Keyguard: ScrimControllerExImp-->blur State to UNLOCK, bouncer=false changeFromBouncerScrim= false runnerUnlock= false goingAway=false hasHandle=true isOccludeAnimationPlaying=false
07-29 19:31:17.246  1946  2017 I SnapAlloc: Using graphics libs for alignment calculations
07-29 19:31:17.246  3398  5391 I InputDispatcher: injectInputEvent: targetUid=<not set>, syncMode=WAIT_FOR_FINISHED, timeout=30000ms, policyFlags=0x8000000, event=MotionEvent { action=MOVE, id[0]=0, x[0]=900, y[0]=1047.83, eventTime=58093000000, downTime=57938000000, deviceId=4, source=TOUCHSCREEN, displayId=0, eventId=0xd62f93cc}
07-29 19:31:17.246  4902  4902 I SystemUi--Keyguard: ScrimControllerExImp-->blur State to UNLOCK, bouncer=false changeFromBouncerScrim= false runnerUnlock= false goingAway=false hasHandle=true isOccludeAnimationPlaying=false
07-29 19:31:17.254  4902  4902 I SystemUi--Keyguard: ScrimControllerExImp-->blur State to UNLOCK, bouncer=false changeFromBouncerScrim= false runnerUnlock= false goingAway=false hasHandle=true isOccludeAnimationPlaying=false
07-29 19:31:17.254  3398  5391 I InputDispatcher: injectInputEvent: targetUid=<not set>, syncMode=WAIT_FOR_FINISHED, timeout=30000ms, policyFlags=0x8000000, event=MotionEvent { action=MOVE, id[0]=0, x[0]=900, y[0]=1100.37, eventTime=58101000000, downTime=57938000000, deviceId=4, source=TOUCHSCREEN, displayId=0, eventId=0xd84ebff3}
07-29 19:31:17.255  4902  4902 I SystemUi--Keyguard: ScrimControllerExImp-->blur State to UNLOCK, bouncer=false changeFromBouncerScrim= false runnerUnlock= false goingAway=false hasHandle=true isOccludeAnimationPlaying=false
07-29 19:31:17.263  1946  2017 I SnapAlloc: Using graphics libs for alignment calculations
07-29 19:31:17.263  4902  4902 I SystemUi--Keyguard: ScrimControllerExImp-->blur State to UNLOCK, bouncer=false changeFromBouncerScrim= false runnerUnlock= false goingAway=false hasHandle=true isOccludeAnimationPlaying=false
07-29 19:31:17.263  3398  5391 I InputDispatcher: injectInputEvent: targetUid=<not set>, syncMode=WAIT_FOR_FINISHED, timeout=30000ms, policyFlags=0x8000000, event=MotionEvent { action=MOVE, id[0]=0, x[0]=900, y[0]=1159.47, eventTime=58110000000, downTime=57938000000, deviceId=4, source=TOUCHSCREEN, displayId=0, eventId=0xec267731}
07-29 19:31:17.263  4902  4902 I SystemUi--Keyguard: ScrimControllerExImp-->blur State to UNLOCK, bouncer=false changeFromBouncerScrim= false runnerUnlock= false goingAway=false hasHandle=true isOccludeAnimationPlaying=false
07-29 19:31:17.271  4902  4902 I SystemUi--Keyguard: ScrimControllerExImp-->blur State to UNLOCK, bouncer=false changeFromBouncerScrim= false runnerUnlock= false goingAway=false hasHandle=true isOccludeAnimationPlaying=false
07-29 19:31:17.271  3398  5391 I InputDispatcher: injectInputEvent: targetUid=<not set>, syncMode=WAIT_FOR_FINISHED, timeout=30000ms, policyFlags=0x8000000, event=MotionEvent { action=MOVE, id[0]=0, x[0]=900, y[0]=1212, eventTime=58118000000, downTime=57938000000, deviceId=4, source=TOUCHSCREEN, displayId=0, eventId=0xcea7b5c3}
07-29 19:31:17.271  4902  4902 I SystemUi--Keyguard: ScrimControllerExImp-->blur State to UNLOCK, bouncer=false changeFromBouncerScrim= false runnerUnlock= false goingAway=false hasHandle=true isOccludeAnimationPlaying=false
07-29 19:31:17.279  4902  4902 I SystemUi--Keyguard: ScrimControllerExImp-->blur State to UNLOCK, bouncer=false changeFromBouncerScrim= false runnerUnlock= false goingAway=false hasHandle=true isOccludeAnimationPlaying=false
07-29 19:31:17.279  1946  2017 I SnapAlloc: Using graphics libs for alignment calculations
07-29 19:31:17.279  4902  4902 I SystemUi--Keyguard: ScrimControllerExImp-->blur State to UNLOCK, bouncer=false changeFromBouncerScrim= false runnerUnlock= false goingAway=false hasHandle=true isOccludeAnimationPlaying=false
07-29 19:31:17.280  3398  5391 I InputDispatcher: injectInputEvent: targetUid=<not set>, syncMode=WAIT_FOR_FINISHED, timeout=30000ms, policyFlags=0x8000000, event=MotionEvent { action=MOVE, id[0]=0, x[0]=900, y[0]=1264.53, eventTime=58126000000, downTime=57938000000, deviceId=4, source=TOUCHSCREEN, displayId=0, eventId=0xe4124a00}
07-29 19:31:17.285  2028  2028 D SensorFeature: name=ssc_screenshot_info ,index = 22
07-29 19:31:17.285  2028  2028 D SensorFeature: write 29 bytes:58123705497,58132038830,157,0
07-29 19:31:17.287  4902  4902 I SystemUi--Keyguard: ScrimControllerExImp-->blur State to UNLOCK, bouncer=false changeFromBouncerScrim= false runnerUnlock= false goingAway=false hasHandle=true isOccludeAnimationPlaying=false
07-29 19:31:17.287  3398  5391 I InputDispatcher: injectInputEvent: targetUid=<not set>, syncMode=WAIT_FOR_FINISHED, timeout=30000ms, policyFlags=0x8000000, event=MotionEvent { action=MOVE, id[0]=0, x[0]=900, y[0]=1317.07, eventTime=58134000000, downTime=57938000000, deviceId=4, source=TOUCHSCREEN, displayId=0, eventId=0xd448ec2e}
07-29 19:31:17.288  4902  4902 I SystemUi--Keyguard: ScrimControllerExImp-->blur State to UNLOCK, bouncer=false changeFromBouncerScrim= false runnerUnlock= false goingAway=false hasHandle=true isOccludeAnimationPlaying=false
07-29 19:31:17.289  4902  4902 I SystemUi--QuickSettings: QsLottieUtils-->getLottieAnimFile : qs/qs_location_lottie_active_sep_dual_light.json
07-29 19:31:17.291  4902  4902 I SystemUi--QuickSettings: QsLottieUtils-->getLottieAnimFile : qs/qs_nfc_lottie_active_sep_dual_light.json
07-29 19:31:17.292  4902 13143 W LOG_Effective: Effective doesn't support layer effects. If you are using them for  fills, strokes, trim paths etc. then try adding them directly as contents  in your shape. Found: [Slider Control]
07-29 19:31:17.292  4902 13143 W LOG_Effective: Animation contains merge paths. Merge paths are only supported on KitKat+ and must be manually enabled by calling enableMergePathsForKitKatAndAbove().
07-29 19:31:17.292  4902  5556 D HWUI    : OplusRenderNodeAnimator end!
07-29 19:31:17.292  4902  5556 D HWUI    : OplusRenderNodeAnimator end!
07-29 19:31:17.292  4902  5556 D HWUI    : OplusRenderNodeAnimator end!
07-29 19:31:17.292  4902  5556 D HWUI    : OplusRenderNodeAnimator end!
07-29 19:31:17.292  4902  4902 I SystemUi--Statusbar: CollapsedStatusBarFragmentExImpl-->animateHiddenState onAnimationEnd v:com.oplus.systemui.statusbar.widget.EndSideContentLayout{6af653e V.E...... ........ 172,0-440,91 #7f0a0c16 app:id/status_bar_end_side_content alpha=1.0 viewInfo = }  v alpha:1.0 v render alpha:0.0 animateAlpha=0.0
07-29 19:31:17.292  4902  4902 I SystemUi--Statusbar: CollapsedStatusBarFragmentExImpl-->animateHiddenState onAnimationEnd v:com.android.keyguard.AlphaOptimizedLinearLayout{25ebbd7 V.E...... ........ 0,0-48,91 alpha=1.0 viewInfo = }  v alpha:1.0 v render alpha:0.0 animateAlpha=0.0
07-29 19:31:17.292  4902  4902 I SystemUi--Statusbar: CollapsedStatusBarFragmentExImpl-->animateHiddenState onAnimationEnd v:com.oplus.systemui.statusbar.seeding.CapsulePluginContainer{d538086 V.E...... ........ 0,0-1080,120 #7f0a0b3b app:id/seeding_card_container alpha=1.0 viewInfo = }  v alpha:1.0 v render alpha:0.0 animateAlpha=0.0
07-29 19:31:17.292  4902  4902 I SystemUi--Statusbar: CollapsedStatusBarFragmentExImpl-->animateHiddenState onAnimationEnd v:com.oplus.systemui.statusbar.widget.StatClock{cb49c03 V.ED..... ........ 0,0-121,91 #7f0a02b9 app:id/clock alpha=1.0 viewInfo = }  v alpha:1.0 v render alpha:0.0 animateAlpha=0.0
07-29 19:31:17.296  1946  2017 I SnapAlloc: Using graphics libs for alignment calculations
07-29 19:31:17.296  4902  4902 I SystemUi--Keyguard: ScrimControllerExImp-->blur State to UNLOCK, bouncer=false changeFromBouncerScrim= false runnerUnlock= false goingAway=false hasHandle=true isOccludeAnimationPlaying=false
07-29 19:31:17.296  3398  5391 I InputDispatcher: injectInputEvent: targetUid=<not set>, syncMode=WAIT_FOR_FINISHED, timeout=30000ms, policyFlags=0x8000000, event=MotionEvent { action=MOVE, id[0]=0, x[0]=900, y[0]=1369.6, eventTime=58142000000, downTime=57938000000, deviceId=4, source=TOUCHSCREEN, displayId=0, eventId=0xd3b545e7}
07-29 19:31:17.296  4902  4902 I SystemUi--Keyguard: ScrimControllerExImp-->blur State to UNLOCK, bouncer=false changeFromBouncerScrim= false runnerUnlock= false goingAway=false hasHandle=true isOccludeAnimationPlaying=false
07-29 19:31:17.301  4902  4902 W LOG_Effective: Animation contains merge paths but they are disabled.
07-29 19:31:17.304  4902  4902 I SystemUi--Keyguard: ScrimControllerExImp-->blur State to UNLOCK, bouncer=false changeFromBouncerScrim= false runnerUnlock= false goingAway=false hasHandle=true isOccludeAnimationPlaying=false
07-29 19:31:17.304  3398  5391 I InputDispatcher: injectInputEvent: targetUid=<not set>, syncMode=WAIT_FOR_FINISHED, timeout=30000ms, policyFlags=0x8000000, event=MotionEvent { action=MOVE, id[0]=0, x[0]=900, y[0]=1428.7, eventTime=58151000000, downTime=57938000000, deviceId=4, source=TOUCHSCREEN, displayId=0, eventId=0xc2383574}
07-29 19:31:17.304  4902  4902 I SystemUi--Keyguard: ScrimControllerExImp-->blur State to UNLOCK, bouncer=false changeFromBouncerScrim= false runnerUnlock= false goingAway=false hasHandle=true isOccludeAnimationPlaying=false
07-29 19:31:17.304  3398  3824 D PowerManagerService: userActivityNoUpdateLocked: groupId=0, eventTime=58151, event=touch, flags=0x0, uid=1000
07-29 19:31:17.312  1946  2017 I SnapAlloc: Using graphics libs for alignment calculations
07-29 19:31:17.312  4902  4902 I SystemUi--Keyguard: ScrimControllerExImp-->blur State to UNLOCK, bouncer=false changeFromBouncerScrim= false runnerUnlock= false goingAway=false hasHandle=true isOccludeAnimationPlaying=false
07-29 19:31:17.312  3398  5391 I InputDispatcher: injectInputEvent: targetUid=<not set>, syncMode=WAIT_FOR_FINISHED, timeout=30000ms, policyFlags=0x8000000, event=MotionEvent { action=MOVE, id[0]=0, x[0]=900, y[0]=1481.23, eventTime=58159000000, downTime=57938000000, deviceId=4, source=TOUCHSCREEN, displayId=0, eventId=0xd31acbb6}
07-29 19:31:17.313  4902  4902 I SystemUi--Keyguard: ScrimControllerExImp-->blur State to UNLOCK, bouncer=false changeFromBouncerScrim= false runnerUnlock= false goingAway=false hasHandle=true isOccludeAnimationPlaying=false
07-29 19:31:17.320  4902  4902 I SystemUi--Keyguard: ScrimControllerExImp-->blur State to UNLOCK, bouncer=false changeFromBouncerScrim= false runnerUnlock= false goingAway=false hasHandle=true isOccludeAnimationPlaying=false
07-29 19:31:17.320  3398  5391 I InputDispatcher: injectInputEvent: targetUid=<not set>, syncMode=WAIT_FOR_FINISHED, timeout=30000ms, policyFlags=0x8000000, event=MotionEvent { action=MOVE, id[0]=0, x[0]=900, y[0]=1533.77, eventTime=58167000000, downTime=57938000000, deviceId=4, source=TOUCHSCREEN, displayId=0, eventId=0xd7c202f6}
07-29 19:31:17.321  4902  4902 I SystemUi--Keyguard: ScrimControllerExImp-->blur State to UNLOCK, bouncer=false changeFromBouncerScrim= false runnerUnlock= false goingAway=false hasHandle=true isOccludeAnimationPlaying=false
07-29 19:31:17.329  1946  2017 I SnapAlloc: Using graphics libs for alignment calculations
07-29 19:31:17.329  4902  4902 I SystemUi--Keyguard: ScrimControllerExImp-->blur State to UNLOCK, bouncer=false changeFromBouncerScrim= false runnerUnlock= false goingAway=false hasHandle=true isOccludeAnimationPlaying=false
07-29 19:31:17.329  3398  5391 I InputDispatcher: injectInputEvent: targetUid=<not set>, syncMode=WAIT_FOR_FINISHED, timeout=30000ms, policyFlags=0x8000000, event=MotionEvent { action=MOVE, id[0]=0, x[0]=900, y[0]=1592.87, eventTime=58176000000, downTime=57938000000, deviceId=4, source=TOUCHSCREEN, displayId=0, eventId=0xc4e9f2af}
07-29 19:31:17.329  4902  4902 I SystemUi--Keyguard: ScrimControllerExImp-->blur State to UNLOCK, bouncer=false changeFromBouncerScrim= false runnerUnlock= false goingAway=false hasHandle=true isOccludeAnimationPlaying=false
07-29 19:31:17.337  4902  4902 I SystemUi--Keyguard: ScrimControllerExImp-->blur State to UNLOCK, bouncer=false changeFromBouncerScrim= false runnerUnlock= false goingAway=false hasHandle=true isOccludeAnimationPlaying=false
07-29 19:31:17.337  3398  5391 I InputDispatcher: injectInputEvent: targetUid=<not set>, syncMode=WAIT_FOR_FINISHED, timeout=30000ms, policyFlags=0x8000000, event=MotionEvent { action=MOVE, id[0]=0, x[0]=900, y[0]=1645.4, eventTime=58184000000, downTime=57938000000, deviceId=4, source=TOUCHSCREEN, displayId=0, eventId=0xe663c77a}
07-29 19:31:17.338  4902  4902 I SystemUi--Keyguard: ScrimControllerExImp-->blur State to UNLOCK, bouncer=false changeFromBouncerScrim= false runnerUnlock= false goingAway=false hasHandle=true isOccludeAnimationPlaying=false
07-29 19:31:17.346  1946  2017 I SnapAlloc: Using graphics libs for alignment calculations
07-29 19:31:17.346  4902  4902 I SystemUi--Keyguard: ScrimControllerExImp-->blur State to UNLOCK, bouncer=false changeFromBouncerScrim= false runnerUnlock= false goingAway=false hasHandle=true isOccludeAnimationPlaying=false
07-29 19:31:17.346  3398  5391 I InputDispatcher: injectInputEvent: targetUid=<not set>, syncMode=WAIT_FOR_FINISHED, timeout=30000ms, policyFlags=0x8000000, event=MotionEvent { action=MOVE, id[0]=0, x[0]=900, y[0]=1704.5, eventTime=58193000000, downTime=57938000000, deviceId=4, source=TOUCHSCREEN, displayId=0, eventId=0xe76f7fa0}
07-29 19:31:17.347  4902  4902 I SystemUi--Keyguard: ScrimControllerExImp-->blur State to UNLOCK, bouncer=false changeFromBouncerScrim= false runnerUnlock= false goingAway=false hasHandle=true isOccludeAnimationPlaying=false
07-29 19:31:17.354  4902  4902 I SystemUi--Keyguard: ScrimControllerExImp-->blur State to UNLOCK, bouncer=false changeFromBouncerScrim= false runnerUnlock= false goingAway=false hasHandle=true isOccludeAnimationPlaying=false
07-29 19:31:17.354  3398  5391 I InputDispatcher: injectInputEvent: targetUid=<not set>, syncMode=WAIT_FOR_FINISHED, timeout=30000ms, policyFlags=0x8000000, event=MotionEvent { action=MOVE, id[0]=0, x[0]=900, y[0]=1757.03, eventTime=58201000000, downTime=57938000000, deviceId=4, source=TOUCHSCREEN, displayId=0, eventId=0xd209a9db}
07-29 19:31:17.354  4902  4902 I SystemUi--Keyguard: ScrimControllerExImp-->blur State to UNLOCK, bouncer=false changeFromBouncerScrim= false runnerUnlock= false goingAway=false hasHandle=true isOccludeAnimationPlaying=false
07-29 19:31:17.362  1946  2017 I SnapAlloc: Using graphics libs for alignment calculations
07-29 19:31:17.362  4902  4902 I SystemUi--Keyguard: ScrimControllerExImp-->blur State to UNLOCK, bouncer=false changeFromBouncerScrim= false runnerUnlock= false goingAway=false hasHandle=true isOccludeAnimationPlaying=false
07-29 19:31:17.363  4902  4902 I SystemUi--Keyguard: ScrimControllerExImp-->blur State to UNLOCK, bouncer=false changeFromBouncerScrim= false runnerUnlock= false goingAway=false hasHandle=true isOccludeAnimationPlaying=false
07-29 19:31:17.363  3398  5391 I InputDispatcher: injectInputEvent: targetUid=<not set>, syncMode=WAIT_FOR_FINISHED, timeout=30000ms, policyFlags=0x8000000, event=MotionEvent { action=MOVE, id[0]=0, x[0]=900, y[0]=1809.57, eventTime=58209000000, downTime=57938000000, deviceId=4, source=TOUCHSCREEN, displayId=0, eventId=0xd3be32af}
07-29 19:31:17.371  4902  4902 I SystemUi--Keyguard: ScrimControllerExImp-->blur State to UNLOCK, bouncer=false changeFromBouncerScrim= false runnerUnlock= false goingAway=false hasHandle=true isOccludeAnimationPlaying=false
07-29 19:31:17.371  3398  5391 I InputDispatcher: injectInputEvent: targetUid=<not set>, syncMode=WAIT_FOR_FINISHED, timeout=30000ms, policyFlags=0x8000000, event=MotionEvent { action=MOVE, id[0]=0, x[0]=900, y[0]=1862.1, eventTime=58217000000, downTime=57938000000, deviceId=4, source=TOUCHSCREEN, displayId=0, eventId=0xd7f53c96}
07-29 19:31:17.371  4902  4902 I SystemUi--Keyguard: ScrimControllerExImp-->blur State to UNLOCK, bouncer=false changeFromBouncerScrim= false runnerUnlock= false goingAway=false hasHandle=true isOccludeAnimationPlaying=false
07-29 19:31:17.379  4902  4902 I SystemUi--Keyguard: ScrimControllerExImp-->blur State to UNLOCK, bouncer=false changeFromBouncerScrim= false runnerUnlock= false goingAway=false hasHandle=true isOccludeAnimationPlaying=false
07-29 19:31:17.379  1946  2017 I SnapAlloc: Using graphics libs for alignment calculations
07-29 19:31:17.380  3398  5391 I InputDispatcher: injectInputEvent: targetUid=<not set>, syncMode=WAIT_FOR_FINISHED, timeout=30000ms, policyFlags=0x8000000, event=MotionEvent { action=MOVE, id[0]=0, x[0]=900, y[0]=1921.2, eventTime=58226000000, downTime=57938000000, deviceId=4, source=TOUCHSCREEN, displayId=0, eventId=0xef200286}
07-29 19:31:17.380  4902  4902 I SystemUi--Keyguard: ScrimControllerExImp-->blur State to UNLOCK, bouncer=false changeFromBouncerScrim= false runnerUnlock= false goingAway=false hasHandle=true isOccludeAnimationPlaying=false
07-29 19:31:17.388  4902  4902 I SystemUi--Keyguard: ScrimControllerExImp-->blur State to UNLOCK, bouncer=false changeFromBouncerScrim= false runnerUnlock= false goingAway=false hasHandle=true isOccludeAnimationPlaying=false
07-29 19:31:17.388  3398  5391 I InputDispatcher: injectInputEvent: targetUid=<not set>, syncMode=WAIT_FOR_FINISHED, timeout=30000ms, policyFlags=0x8000000, event=MotionEvent { action=MOVE, id[0]=0, x[0]=900, y[0]=1980.3, eventTime=58235000000, downTime=57938000000, deviceId=4, source=TOUCHSCREEN, displayId=0, eventId=0xd74fb876}
07-29 19:31:17.388  4902  4902 I SystemUi--Keyguard: ScrimControllerExImp-->blur State to UNLOCK, bouncer=false changeFromBouncerScrim= false runnerUnlock= false goingAway=false hasHandle=true isOccludeAnimationPlaying=false
07-29 19:31:17.397  1946  2017 I SnapAlloc: Using graphics libs for alignment calculations
07-29 19:31:17.397  4902  4902 I SystemUi--Keyguard: ScrimControllerExImp-->blur State to UNLOCK, bouncer=false changeFromBouncerScrim= false runnerUnlock= false goingAway=false hasHandle=true isOccludeAnimationPlaying=false
07-29 19:31:17.397  3398  5391 I InputDispatcher: injectInputEvent: targetUid=<not set>, syncMode=WAIT_FOR_FINISHED, timeout=30000ms, policyFlags=0x8000000, event=MotionEvent { action=UP, id[0]=0, x[0]=900, y[0]=2000, eventTime=58244000000, downTime=57938000000, deviceId=4, source=TOUCHSCREEN, displayId=0, eventId=0xe8a826ed}
07-29 19:31:17.397  4902  4902 I SystemUi--Keyguard: ScrimControllerExImp-->blur State to UNLOCK, bouncer=false changeFromBouncerScrim= false runnerUnlock= false goingAway=false hasHandle=true isOccludeAnimationPlaying=false
07-29 19:31:17.398  3398  4862 D UAH-UahAdaptHelper: adaptSetNotification identity = OplusUAwareInputHelpersrc = 1000 , type 1 ,p1 = -1 ,p2 = -1 ,p3 = -1 ,p4 =
07-29 19:31:17.398  3398  4862 I [UAH_CLIENT]: uahRuleCtl, ruleId:1000, status:1
07-29 19:31:17.398  3398  4489 D OplusViewDebugManager: OplusViewDebugManager Constructor android.view.debug.OplusViewDebugManager@ce6075c [mHasViewDebugProperty true] [mHasMsgDebugProperty false] [DEBUG false] [EXTRAINFOENABLE false] [LIGHT_OS false]
07-29 19:31:17.398  3398  4489 D OplusViewDebugManager: OplusViewDebugManager Constructor android.view.debug.OplusViewDebugManager@1575a65 [mHasViewDebugProperty true] [mHasMsgDebugProperty false] [DEBUG false] [EXTRAINFOENABLE false] [LIGHT_OS false]
07-29 19:31:17.399  3398  4862 I [UAH_CLIENT]: UahRelease, handle:37
07-29 19:31:17.399  3398  4862 I [UAH_CLIENT]: UahEventAcquire, cmdid:6, pkg:none, identity:OplusUAwareInputHelper
07-29 19:31:17.400  4902  4902 I SystemUi--Statusbar: OplusStatusBarWindowViewTouchExImpl-->onTouchEvent handled:false
07-29 19:31:17.400  4902  4902 I SystemUi--QuickSettings: OplusPanelViewPagerController-->reset
07-29 19:31:17.400  4902  4902 I SystemUi--QuickSettings: OplusPanelViewPagerController-->reset
07-29 19:31:17.401  4902  4902 I SystemUi--QuickSettings: OplusQSRootViewController-->endMotionEvent, expand: true, vel: 6566.6235, vectorVel: 6566.6235  isClosing=false panelClosedOnDown=true canSlideHToQSOnStatusBar=true
07-29 19:31:17.401  4902  4902 I SystemUi--QuickSettings: OplusQSRootViewController-->fling qs, expand: true, vel: 6566.6235
07-29 19:31:17.401  4902  4902 I SystemUi--QuickSettings: QSPanelExpandFraction-->animateExpanded, isExpanded=true, (0.9743319 -> 1.0), lastFinalPosition=1.0
07-29 19:31:17.401  4902  4902 I SystemUi--QuickSettings: QSPanelTranslationY-->animateExpandTranslationY, isExpanded=true, threshold=156.0
07-29 19:31:17.401  4902  4902 I SystemUi--QuickSettings: QSPanelAnimatorManager-->startRebound
07-29 19:31:17.401  4902  5413 I [UAH_CLIENT]: UahRelease, handle:36
07-29 19:31:17.402  4902  5413 I [UAH_CLIENT]: UahEventAcquire, cmdid:97, pkg:none, identity:OsenseHelperImpl
07-29 19:31:17.403  1974  2029 I [UAH_CLIENT]: UahPlatformResAcquire
07-29 19:31:17.403  1974  2029 I [UAH_CLIENT]: UahEventAcquire, cmdid:-3, pkg:1974 7136, identity:qcom-perfd
07-29 19:31:17.404  1974  2029 E PERFHAL-RESOURCEQS: PERFHAL-RESOURCEQS: AddAndApply() 130: Resource with major=18, minor=30 not supported
07-29 19:31:17.404  1974  2029 E PERFHAL-RESOURCEQS: PERFHAL-RESOURCEQS: AddAndApply() 130: Resource with major=18, minor=31 not supported
07-29 19:31:17.406  4902  4902 I SystemUi--QuickSettings: OplusPanelViewPagerController-->notifySeparateQSEndMotionEvent currentNotifyFraction=0.0  fraction=0.9743319 notifyExpandedFraction=0.0 fractionListeners.size=0
07-29 19:31:17.406  4902  4902 I SystemUi--QuickSettings: OplusQSRootViewController-->resetTouch
07-29 19:31:17.406  4902  4902 D OplusViewDragTouchViewHelper: dispatchTouchView action = 1
07-29 19:31:17.406  4902  4902 D OplusViewDragTouchViewHelper: dispatchTouchView action = 1
07-29 19:31:17.406  4902  4902 D OplusViewDragTouchViewHelper: dispatchTouchView action = 1
07-29 19:31:17.406  4902  4902 I SystemUi--Keyguard: ScrimControllerExImp-->blur State to UNLOCK, bouncer=false changeFromBouncerScrim= false runnerUnlock= false goingAway=false hasHandle=true isOccludeAnimationPlaying=false
07-29 19:31:17.407  4902  4902 I SystemUi--Keyguard: ScrimControllerExImp-->blur State to UNLOCK, bouncer=false changeFromBouncerScrim= false runnerUnlock= false goingAway=false hasHandle=true isOccludeAnimationPlaying=false
07-29 19:31:17.409  7326 11187 W AppLinksAsyncVerifierV2: Error performing check:  [CONTEXT service_id=244 ]
07-29 19:31:17.410  7326  9993 W AppLinksAsyncVerifierV2: Error performing check:  [CONTEXT service_id=244 ]
07-29 19:31:17.410  7326 12846 W AppLinksAsyncVerifierV2: Error performing check:  [CONTEXT service_id=244 ]
07-29 19:31:17.410  7326  9117 W AppLinksAsyncVerifierV2: Error performing check:  [CONTEXT service_id=244 ]
07-29 19:31:17.411  7326 10764 W AppLinksAsyncVerifierV2: Error performing check:  [CONTEXT service_id=244 ]
07-29 19:31:17.412  4902  4902 I SystemUi--Keyguard: ScrimControllerExImp-->blur State to UNLOCK, bouncer=false changeFromBouncerScrim= false runnerUnlock= false goingAway=false hasHandle=true isOccludeAnimationPlaying=false
07-29 19:31:17.412  1946  2017 I SnapAlloc: Using graphics libs for alignment calculations
07-29 19:31:17.412  4902  4902 I SystemUi--Keyguard: ScrimControllerExImp-->blur State to UNLOCK, bouncer=false changeFromBouncerScrim= false runnerUnlock= false goingAway=false hasHandle=true isOccludeAnimationPlaying=false
07-29 19:31:17.420  4902  4902 I SystemUi--Keyguard: ScrimControllerExImp-->blur State to UNLOCK, bouncer=false changeFromBouncerScrim= false runnerUnlock= false goingAway=false hasHandle=true isOccludeAnimationPlaying=false
07-29 19:31:17.420  4902  4902 I SystemUi--Keyguard: ScrimControllerExImp-->blur State to UNLOCK, bouncer=false changeFromBouncerScrim= false runnerUnlock= false goingAway=false hasHandle=true isOccludeAnimationPlaying=false
07-29 19:31:17.428  4902  4902 I SystemUi--Keyguard: ScrimControllerExImp-->blur State to UNLOCK, bouncer=false changeFromBouncerScrim= false runnerUnlock= false goingAway=false hasHandle=true isOccludeAnimationPlaying=false
07-29 19:31:17.428  1946  2017 I SnapAlloc: Using graphics libs for alignment calculations
07-29 19:31:17.429  4902  4902 I SystemUi--Keyguard: ScrimControllerExImp-->blur State to UNLOCK, bouncer=false changeFromBouncerScrim= false runnerUnlock= false goingAway=false hasHandle=true isOccludeAnimationPlaying=false
07-29 19:31:17.437  4902  4902 I SystemUi--Keyguard: ScrimControllerExImp-->blur State to UNLOCK, bouncer=false changeFromBouncerScrim= false runnerUnlock= false goingAway=false hasHandle=true isOccludeAnimationPlaying=false
07-29 19:31:17.437  4902  4902 I SystemUi--Keyguard: ScrimControllerExImp-->blur State to UNLOCK, bouncer=false changeFromBouncerScrim= false runnerUnlock= false goingAway=false hasHandle=true isOccludeAnimationPlaying=false
07-29 19:31:17.445  4902  4902 I SystemUi--Keyguard: ScrimControllerExImp-->blur State to UNLOCK, bouncer=false changeFromBouncerScrim= false runnerUnlock= false goingAway=false hasHandle=true isOccludeAnimationPlaying=false
07-29 19:31:17.445  4902  4902 I SystemUi--Keyguard: ScrimControllerExImp-->blur State to UNLOCK, bouncer=false changeFromBouncerScrim= false runnerUnlock= false goingAway=false hasHandle=true isOccludeAnimationPlaying=false
07-29 19:31:17.445  1946  2017 I SnapAlloc: Using graphics libs for alignment calculations
07-29 19:31:17.453  4902  4902 I SystemUi--Keyguard: ScrimControllerExImp-->blur State to UNLOCK, bouncer=false changeFromBouncerScrim= false runnerUnlock= false goingAway=false hasHandle=true isOccludeAnimationPlaying=false
07-29 19:31:17.453  4902  4902 I SystemUi--Keyguard: ScrimControllerExImp-->blur State to UNLOCK, bouncer=false changeFromBouncerScrim= false runnerUnlock= false goingAway=false hasHandle=true isOccludeAnimationPlaying=false
07-29 19:31:17.461  4902  4902 I SystemUi--Keyguard: ScrimControllerExImp-->blur State to UNLOCK, bouncer=false changeFromBouncerScrim= false runnerUnlock= false goingAway=false hasHandle=true isOccludeAnimationPlaying=false
07-29 19:31:17.462  1946  2017 I SnapAlloc: Using graphics libs for alignment calculations
07-29 19:31:17.462  4902  4902 I SystemUi--Keyguard: ScrimControllerExImp-->blur State to UNLOCK, bouncer=false changeFromBouncerScrim= false runnerUnlock= false goingAway=false hasHandle=true isOccludeAnimationPlaying=false
07-29 19:31:17.470  4902  4902 I SystemUi--Keyguard: ScrimControllerExImp-->blur State to UNLOCK, bouncer=false changeFromBouncerScrim= false runnerUnlock= false goingAway=false hasHandle=true isOccludeAnimationPlaying=false
07-29 19:31:17.470  4902  4902 I SystemUi--Keyguard: ScrimControllerExImp-->blur State to UNLOCK, bouncer=false changeFromBouncerScrim= false runnerUnlock= false goingAway=false hasHandle=true isOccludeAnimationPlaying=false
07-29 19:31:17.478  4902  4902 I SystemUi--Keyguard: ScrimControllerExImp-->blur State to UNLOCK, bouncer=false changeFromBouncerScrim= false runnerUnlock= false goingAway=false hasHandle=true isOccludeAnimationPlaying=false
07-29 19:31:17.478  1946  2017 I SnapAlloc: Using graphics libs for alignment calculations
07-29 19:31:17.479  4902  4902 I SystemUi--Keyguard: ScrimControllerExImp-->blur State to UNLOCK, bouncer=false changeFromBouncerScrim= false runnerUnlock= false goingAway=false hasHandle=true isOccludeAnimationPlaying=false
07-29 19:31:17.487  4902  4902 I SystemUi--Keyguard: ScrimControllerExImp-->blur State to UNLOCK, bouncer=false changeFromBouncerScrim= false runnerUnlock= false goingAway=false hasHandle=true isOccludeAnimationPlaying=false
07-29 19:31:17.487  4902  4902 I SystemUi--Keyguard: ScrimControllerExImp-->blur State to UNLOCK, bouncer=false changeFromBouncerScrim= false runnerUnlock= false goingAway=false hasHandle=true isOccludeAnimationPlaying=false
07-29 19:31:17.495  4902  4902 I SystemUi--Keyguard: ScrimControllerExImp-->blur State to UNLOCK, bouncer=false changeFromBouncerScrim= false runnerUnlock= false goingAway=false hasHandle=true isOccludeAnimationPlaying=false
07-29 19:31:17.495  1946  2017 I SnapAlloc: Using graphics libs for alignment calculations
07-29 19:31:17.495  4902  4902 I SystemUi--Keyguard: ScrimControllerExImp-->blur State to UNLOCK, bouncer=false changeFromBouncerScrim= false runnerUnlock= false goingAway=false hasHandle=true isOccludeAnimationPlaying=false
07-29 19:31:17.503  4902  4902 I SystemUi--Keyguard: ScrimControllerExImp-->blur State to UNLOCK, bouncer=false changeFromBouncerScrim= false runnerUnlock= false goingAway=false hasHandle=true isOccludeAnimationPlaying=false
07-29 19:31:17.503  4902  4902 I SystemUi--Keyguard: ScrimControllerExImp-->blur State to UNLOCK, bouncer=false changeFromBouncerScrim= false runnerUnlock= false goingAway=false hasHandle=true isOccludeAnimationPlaying=false
07-29 19:31:17.511  4902  4902 I SystemUi--Keyguard: ScrimControllerExImp-->blur State to UNLOCK, bouncer=false changeFromBouncerScrim= false runnerUnlock= false goingAway=false hasHandle=true isOccludeAnimationPlaying=false
07-29 19:31:17.512  1946  2017 I SnapAlloc: Using graphics libs for alignment calculations
07-29 19:31:17.512  4902  4902 I SystemUi--Keyguard: ScrimControllerExImp-->blur State to UNLOCK, bouncer=false changeFromBouncerScrim= false runnerUnlock= false goingAway=false hasHandle=true isOccludeAnimationPlaying=false
07-29 19:31:17.520  4902  4902 I SystemUi--Keyguard: ScrimControllerExImp-->blur State to UNLOCK, bouncer=false changeFromBouncerScrim= false runnerUnlock= false goingAway=false hasHandle=true isOccludeAnimationPlaying=false
07-29 19:31:17.520  4902  4902 I SystemUi--Keyguard: ScrimControllerExImp-->blur State to UNLOCK, bouncer=false changeFromBouncerScrim= false runnerUnlock= false goingAway=false hasHandle=true isOccludeAnimationPlaying=false
07-29 19:31:17.528  4902  4902 I SystemUi--Keyguard: ScrimControllerExImp-->blur State to UNLOCK, bouncer=false changeFromBouncerScrim= false runnerUnlock= false goingAway=false hasHandle=true isOccludeAnimationPlaying=false
07-29 19:31:17.528  4902  4902 I SystemUi--Keyguard: ScrimControllerExImp-->blur State to UNLOCK, bouncer=false changeFromBouncerScrim= false runnerUnlock= false goingAway=false hasHandle=true isOccludeAnimationPlaying=false
07-29 19:31:17.529  1946  2017 I SnapAlloc: Using graphics libs for alignment calculations
07-29 19:31:17.537  4902  4902 I SystemUi--Keyguard: ScrimControllerExImp-->blur State to UNLOCK, bouncer=false changeFromBouncerScrim= false runnerUnlock= false goingAway=false hasHandle=true isOccludeAnimationPlaying=false
07-29 19:31:17.537  4902  4902 I SystemUi--Keyguard: ScrimControllerExImp-->blur State to UNLOCK, bouncer=false changeFromBouncerScrim= false runnerUnlock= false goingAway=false hasHandle=true isOccludeAnimationPlaying=false
07-29 19:31:17.544  4902  4902 I SystemUi--Keyguard: ScrimControllerExImp-->blur State to UNLOCK, bouncer=false changeFromBouncerScrim= false runnerUnlock= false goingAway=false hasHandle=true isOccludeAnimationPlaying=false
07-29 19:31:17.545  1946  2017 I SnapAlloc: Using graphics libs for alignment calculations
07-29 19:31:17.545  4902  4902 I SystemUi--Keyguard: ScrimControllerExImp-->blur State to UNLOCK, bouncer=false changeFromBouncerScrim= false runnerUnlock= false goingAway=false hasHandle=true isOccludeAnimationPlaying=false
07-29 19:31:17.553  4902  4902 I SystemUi--Keyguard: ScrimControllerExImp-->blur State to UNLOCK, bouncer=false changeFromBouncerScrim= false runnerUnlock= false goingAway=false hasHandle=true isOccludeAnimationPlaying=false
07-29 19:31:17.553  4902  4902 I SystemUi--Keyguard: ScrimControllerExImp-->blur State to UNLOCK, bouncer=false changeFromBouncerScrim= false runnerUnlock= false goingAway=false hasHandle=true isOccludeAnimationPlaying=false
07-29 19:31:17.559  2028  2028 D SensorFeature: name=ssc_screenshot_info ,index = 22
07-29 19:31:17.559  2028  2028 D SensorFeature: write 29 bytes:58397694663,58406027996,158,0
07-29 19:31:17.561  4902  4902 I SystemUi--Keyguard: ScrimControllerExImp-->blur State to UNLOCK, bouncer=false changeFromBouncerScrim= false runnerUnlock= false goingAway=false hasHandle=true isOccludeAnimationPlaying=false
07-29 19:31:17.561  1946  2017 I SnapAlloc: Using graphics libs for alignment calculations
07-29 19:31:17.562  4902  4902 I SystemUi--Keyguard: ScrimControllerExImp-->blur State to UNLOCK, bouncer=false changeFromBouncerScrim= false runnerUnlock= false goingAway=false hasHandle=true isOccludeAnimationPlaying=false
07-29 19:31:17.569  4902  4902 I SystemUi--Keyguard: ScrimControllerExImp-->blur State to UNLOCK, bouncer=false changeFromBouncerScrim= false runnerUnlock= false goingAway=false hasHandle=true isOccludeAnimationPlaying=false
07-29 19:31:17.570  4902  4902 I SystemUi--Keyguard: ScrimControllerExImp-->blur State to UNLOCK, bouncer=false changeFromBouncerScrim= false runnerUnlock= false goingAway=false hasHandle=true isOccludeAnimationPlaying=false
07-29 19:31:17.578  4902  4902 I SystemUi--Keyguard: ScrimControllerExImp-->blur State to UNLOCK, bouncer=false changeFromBouncerScrim= false runnerUnlock= false goingAway=false hasHandle=true isOccludeAnimationPlaying=false
07-29 19:31:17.578  1946  2017 I SnapAlloc: Using graphics libs for alignment calculations
07-29 19:31:17.578  4902  4902 I SystemUi--Keyguard: ScrimControllerExImp-->blur State to UNLOCK, bouncer=false changeFromBouncerScrim= false runnerUnlock= false goingAway=false hasHandle=true isOccludeAnimationPlaying=false
07-29 19:31:17.586  4902  4902 I SystemUi--QuickSettings: TemporarilyInfoManager-->[setStarted] true
07-29 19:31:17.586  4902  4902 I SystemUi--QuickSettings: OplusQSRootViewController-->endClosing()
07-29 19:31:17.586  4902  4902 I SystemUi--Common: OplusShadeExpansionStat-->go state: OPENING -> OPEN
07-29 19:31:17.586  4902  4902 I SystemUi--Common: OplusShadeExpansionStat-->go state: OPENING -> OPEN
07-29 19:31:17.586  4902  4902 I SystemUi--Keyguard: ScrimControllerExImp-->blur State to UNLOCK, bouncer=false changeFromBouncerScrim= false runnerUnlock= false goingAway=false hasHandle=true isOccludeAnimationPlaying=false
07-29 19:31:17.586  4902  4902 I SystemUi--Common: PlatformBlurManagerImpl-->setPlatformBlurMode: blurMode=AUTO(blurFrequency=4)
07-29 19:31:17.586  4902  4902 I SystemUi--Common: PlatformBlurManagerImpl-->updateMotionFrequency: isExpanding=false
07-29 19:31:17.587  4902  4902 I SystemUi--Keyguard: ScrimControllerExImp-->blur State to UNLOCK, bouncer=false changeFromBouncerScrim= false runnerUnlock= false goingAway=false hasHandle=true isOccludeAnimationPlaying=false
07-29 19:31:17.587  4902  4902 I SystemUi--Device_Panel: OplusQSMyDeviceContainerViewController-->setQsDeviceExpansion expansion 1.0
07-29 19:31:17.587  4902  4902 I SystemUi--QuickSettings: QSPanelExpandFraction-->fractionAnimation onAnimationEnd, value=1.0
07-29 19:31:17.595  1946  2017 I SnapAlloc: Using graphics libs for alignment calculations
07-29 19:31:17.742  3398  3835 D VRR [OPlusSAManager]: updateAutoMinfps with nits: 122.02749, mHistOK true, mAmbientOK true, mCctOK true, mIrOK true, mBrightnessOK true, isPkgOK true, SA min fps: 119
07-29 19:31:17.743  3398  3835 D VRR [OPlusSurfaceFlingerController]: setAutoMode enable: true fakeFrame: true fps: 119
07-29 19:31:17.743  2203  4725 I VRR-[OPlusAdfrUtil]: ADFR try set Auto mode with mode 1 fakeframe 1 min fps 119
07-29 19:31:17.743  2203  4725 D VRR-[OPlusRefreshRateSelector]: OSyncModes add size is 1.
07-29 19:31:17.743  2203  4725 I VRR-[OPlusRefreshRateSelector]: updateAutoMode success, display 0, mode 0, fakeframe 1, min fps: 1
07-29 19:31:17.743  2203  3439 D VRR-[OPlusRefreshRateSelector]: handleSetHWCOSync
07-29 19:31:17.743  2203  3439 D VRR-[OPlusRefreshRateSelector]: OSyncModes remaining size is 0.
07-29 19:31:17.743  2203  3439 D VRR-[OPlusRefreshRateSelector]: SetHWCOSync with 5CC08181
07-29 19:31:17.744  1953  3437 I SDM     : DisplayBuiltIn::SetQSyncMode: VRR + update qsync mode 0 minfps 00C08181
07-29 19:31:17.748  1886  4518 I sensors-hal: handle_oplus_wise_rgb_event:189, high_pwm_light:lux 277.7,cct 3629.2,brl/algo/ir 1449.0/2.0/17.7,pwm/dc 0.0/0.0,rgbc 21485.648438/13541.269531/6237.632324/39900.140625,ts 58381937649,cnt 830,flag 158
07-29 19:31:17.749  1953  4510 I Dpps    : LtmSwState::SetParameter():144 ignore cmd 7 in state LtmOffState
07-29 19:31:17.751  1953  2240 E SDM     : DRMConnector::Perform: Connector 67: Setting Qsync min fps 12616065
07-29 19:31:17.834  2028  2028 D SensorFeature: name=ssc_screenshot_info ,index = 22
07-29 19:31:17.834  2028  2028 D SensorFeature: write 29 bytes:58672011278,58680344611,159,0
07-29 19:31:17.909  3398  5057 I OplusHansManager : pkg: com.google.android.gsf has gms-backup-service
07-29 19:31:17.909  3398  5057 I OplusHansManager : uid=10259, pkg=com.google.android.gsf cannot transition from R to M, importance=gms-backup-service
07-29 19:31:17.910  3398  5057 I OplusHansManager : pkg: com.android.vending has gms-backup-service
07-29 19:31:17.910  3398  5057 I OplusHansManager : uid=10263, pkg=com.android.vending cannot transition from R to M, importance=gms-backup-service
07-29 19:31:17.948  2053  2092 D BatteryChargeControl: bcc get no support from charging protocol
07-29 19:31:18.014  1953  4510 I Dpps    : LtmSwState::SetParameter():144 ignore cmd 7 in state LtmOffState
07-29 19:31:18.108  2028  2028 D SensorFeature: name=ssc_screenshot_info ,index = 22
07-29 19:31:18.108  2028  2028 D SensorFeature: write 29 bytes:58945764403,58954097736,160,0
07-29 19:31:18.209  5286  5695 D OplusScrollToTopManager: com.android.launcher/com.android.launcher.Launcher,This com.android.internal.policy.DecorView{6f24ad9 V.E...... R....... 0,0-1080,2376 aid=0 alpha=1.0 viewInfo = }[Launcher] change focus to false
07-29 19:31:18.209  4902  5044 D OplusScrollToTopManager: NotificationShade,This com.android.systemui.shade.NotificationShadeWindowView{129fa91 V.E...... ........ 0,0-1080,2376 #7f0a06b7 app:id/legacy_window_root alpha=1.0 viewInfo = } change focus to true
07-29 19:31:18.209  4902  5044 D OplusScrollToTopManager: NotificationShade, registerGuidePopupDismissReceiverInSystemUI
07-29 19:31:18.211  4902  5044 D OplusScrollToTopManager: NotificationShade, after registerGuidePopupDismissReceiverInSystemUI
07-29 19:31:18.279  1886  4518 I sensors-hal: handle_oplus_wise_rgb_event:189, high_pwm_light:lux 280.0,cct 3628.2,brl/algo/ir 1449.0/2.0/16.8,pwm/dc 0.0/0.0,rgbc 21618.804688/13605.729492/6256.872559/40090.738281,ts 58929389681,cnt 840,flag 160
07-29 19:31:18.280  1953  4510 I Dpps    : LtmSwState::SetParameter():144 ignore cmd 7 in state LtmOffState
07-29 19:31:18.311  6569  6653 E oiface  : sched_setaffinity failed
07-29 19:31:18.314  2053  2053 D vendor.oplus.hardware.charger-V7-service: getChargerControl:
07-29 19:31:18.335  2035  2040 E PerformanceService: storage_feature: open /sys/devices/platform/soc/112b0000.ufshci//virtualtlcbuff fail
07-29 19:31:18.337  3398  5391 W BestClock: java.time.DateTimeException: Missing network time fix
07-29 19:31:18.337  3398  5391 W BestClock: java.time.DateTimeException: Missing network time fix
07-29 19:31:18.338  3398  5465 W BestClock: java.time.DateTimeException: Missing network time fix
07-29 19:31:18.382  2028  2028 D SensorFeature: name=ssc_screenshot_info ,index = 22
07-29 19:31:18.382  2028  2028 D SensorFeature: write 29 bytes:59219740809,59228074142,161,0
07-29 19:31:18.443  3398  5465 I InputDispatcher: injectInputEvent: targetUid=<not set>, syncMode=WAIT_FOR_FINISHED, timeout=30000ms, policyFlags=0x8000000, event=MotionEvent { action=DOWN, id[0]=0, x[0]=877, y[0]=1330, eventTime=59289000000, downTime=59289000000, deviceId=4, source=TOUCHSCREEN, displayId=0, eventId=0xe6fc641b}
07-29 19:31:18.443  3398  4862 I [UAH_CLIENT]: UahEventAcquire, cmdid:37, pkg:none, identity:OplusUAwareInputHelper
07-29 19:31:18.443  3398  4688 D OMP_Detector: D:done mCurrStatus: 0
07-29 19:31:18.443  3398  3824 D PowerManagerService: userActivityNoUpdateLocked: groupId=0, eventTime=59289, event=touch, flags=0x0, uid=1000
07-29 19:31:18.443  4902  4902 V AutofillManager: requestHideFillUi(null): anchor = null
07-29 19:31:18.443  4902  4902 V Application: getAutofillClient(): null on super, trying to find activity thread
07-29 19:31:18.443  4902  4902 V Application: getAutofillClient(): none of the 0 activities on com.android.systemui.SystemUIApplication@2ea2d6f are top resumed nor have focus
07-29 19:31:18.443  4902  4902 V AutofillManager: No AutofillClient for com.android.systemui on context com.android.systemui.SystemUIApplication@2ea2d6f
07-29 19:31:18.443  3398  4862 D UAH-UahAdaptHelper: adaptSetNotification identity = OplusUAwareInputHelpersrc = 1000 , type 0 ,p1 = -1 ,p2 = -1 ,p3 = -1 ,p4 =
07-29 19:31:18.443  3398  4862 I [UAH_CLIENT]: uahRuleCtl, ruleId:1000, status:0
07-29 19:31:18.446  4902  4902 I SystemUi--Common: ScrollTranslationValue-->resetPanelTranslationY
07-29 19:31:18.446  4902  4902 I SystemUi--QuickSettings: OplusPanelViewPagerController-->initExpanded downExpanded=QS downOnRight=true targetPage=QS downOnYHotArea=false  isKeyguardShowing=false isOnKeyguard=false fractionListeners.size=0 currentQsFraction=1.0 currentNotifyFraction=0.0 hasCalledDownEvent=true getScrollXHotZone=([Rect(0, 0 - 1080, 2376)], [Rect(-1, -1 - -1, -1), Rect(144, 2143 - 270, 2269), Rect(810, 2143 - 936, 2269)]) getScrollYHotZone=Rect(0, 0 - 1080, 222) notifyExpandedFraction=0.0 isLastUpToExpand=true qsPanelView.translationX=0.0
