07-29 19:31:18.644  5279  5279 D ExtremeCommUtils: isSupporCheck rusContain:false,propContain(persist.sys.oplus.support_hyper_uplink_mcc):false
07-29 19:31:18.644  5279  5279 D ExtremeCommService: handleServiceStateChanged mcc is null
07-29 19:31:18.644  5279  5279 D SubsysEventListenerManager-SubsysTelephonyCallback[0]: onCellLocationChanged
07-29 19:31:18.645  5279  5279 D ChinaRoamingControl: handleMessage what:5
07-29 19:31:18.645  5279  5279 D SubsysEventListenerManager-SubsysTelephonyCallback[0]: onDisplayInfoChanged
07-29 19:31:18.645  5279  5279 D SceneService: onDisplayInfoChanged slotId:0,telephonyDisplayInfo:TelephonyDisplayInfo {network=NR, overrideNetwork=NONE, isRoaming=false}
07-29 19:31:18.645  5279  5279 D MsimSubModeManager: handleMessage what:3
07-29 19:31:18.645  5279  5279 D MsimSubModeManager: getMsimSimServiceIn() i:0,mServiceState:1
07-29 19:31:18.645  5279  5279 D MsimSubModeManager: getMsimSimServiceIn() i:1,mServiceState:1
07-29 19:31:18.645  4969  4969 D MultiSimSettingController: notifySubscriptionInfoChanged
07-29 19:31:18.646  4969  6261 E PhoneInterfaceManager: getServiceStateForSlot retuning null for invalid slotIndex=-1
07-29 19:31:18.646  5174  5174 I QImsService: OplusPhoneStateTracker : onSubscriptionsChanged Last subId: -1 Current subId -1
07-29 19:31:18.646  5174  5174 E QImsService: ImsConfigImpl : onSubscriptionsChanged unable to process due to SubscriptionInfo is null
07-29 19:31:18.646  5221  5221 D QCNEJ/DataCallAgent: onSubscriptionsChanged: new DDS 1
07-29 19:31:18.647  7319  9427 E Battery : ControllerCenter: onReceiver: mSubscriptionManager is null || mIsNeedRestoreMobile = false
07-29 19:31:18.647  5221  8246 D QCNEJ/DataCallAgent: phoneCount: 2
07-29 19:31:18.647  4902  4902 I KeyguardUpdateMonitor: refreshSimState, changed:false,subId:1,slotId:0,state:5
07-29 19:31:18.647  5174  5174 I QImsService: OplusPhoneStateTracker : onSubscriptionsChanged Last subId: 1 Current subId 1
07-29 19:31:18.647 11666 11666 I Finsky:background: [2] pzg.onSubscriptionsChanged(6): onSubscriptionsChanged
07-29 19:31:18.647  4969  4969 I Telephony: y0: onServiceStateChanged: newState=1, mServiceState=1
07-29 19:31:18.647  4902  4902 I SystemUi--Statusbar: OplusMobileIconInteractorImpl-->oplusIMSModel slot:0: CapabilityTypeModel(isVolteSwitchOn=true, isWfcEnabledByUser=true, imsRegistered=false, voiceCapable=false, videoCapable=false, registerTech=-1, isCrossSimCallingEnabledByUser=false, hasHideVolteOperator=false), SimStateModel(simInserted=[true, false], simForbidden=[false, true], simStateIMSI=[true, false], simLoaded=[true, false]),oplusNetworkTypeNr:20,isVoNrEnabled:false
07-29 19:31:18.647  4902  5225 I SystemUi--Statusbar: MobileConnectionRepositoryImpl-->subId:1 isSoftSimCard:false slotId:0
07-29 19:31:18.647  5221  8246 D QCNEJ/DataCallAgent: subs for 0th slot: [1]
07-29 19:31:18.647  4969  4969 I Telephony: isRttCurrentlySupported -- regular acct, hasVoiceAvailability: false
07-29 19:31:18.647  4969  4969 I Telephony:  isRttSupported: false
07-29 19:31:18.647  4969  4969 I Telephony:  isUserRttSettingOn: false
07-29 19:31:18.647  4969  4969 I Telephony:  alwaysAllowWhileRoaming: false
07-29 19:31:18.647  4969  4969 I Telephony:  isRoaming: false
07-29 19:31:18.647  4969  4969 I Telephony:  isOnWfc: false
07-29 19:31:18.647  5221  8246 D QCNEJ/DataCallAgent: mSubInfoReady[0] is set to true
07-29 19:31:18.647  5221  8246 D QCNEJ/DataCallAgent: subs for 1th slot: [-1]
07-29 19:31:18.647  8259  8655 I OplusObrain: OplusObrainClientInvoke.nativeGetTrafficTypeInfoForNetworkType networkType 0
07-29 19:31:18.648  3443  3928 D QmiClient: qmiServiceEventCallback recv msg id 276
07-29 19:31:18.648  3443  3928 D QmiNasClient: enter : onQmiServiceEventCallback msgId 276
07-29 19:31:18.648  3443  3928 D QmiNasClientEvent: qmiNasClientAccessBarringStatusEvent - RADIO_EVENT_NAS_ACCESS_BARRING_STATUS_IND
07-29 19:31:18.648  3443  3526 D NasProxy: handleMessage msg is 2104
07-29 19:31:18.648  3398  5391 D KernelStatsHelper: getKernelStats start!
07-29 19:31:18.648 12311 12311 I Finsky:quick_launch: [2] pzg.onSubscriptionsChanged(6): onSubscriptionsChanged
07-29 19:31:18.648  5078  5970 D CellularEvent: handleSubscriptionsChanged: slotId=0
07-29 19:31:18.648  5078  5970 D CellularEvent: onImsRegistrationStateChanged, slotId=0state:false
07-29 19:31:18.648  3398  4553 V NetworkPolicy: onSubscriptionsChanged
07-29 19:31:18.648  3398  3398 I AS.AudioService: onSubscriptionsChanged()
07-29 19:31:18.648  5925  5925 D CellBroadcastReceiver: onReceive Intent { act=android.intent.action.SERVICE_STATE flg=0x1000010 cmp=com.android.cellbroadcastreceiver.module/com.android.cellbroadcastreceiver.CellBroadcastReceiver (has extras) }
07-29 19:31:18.649  5925  5925 D CellBroadcastReceiver: onServiceStateChanged, ss: 1
07-29 19:31:18.649  5925  5925 D CellBroadcastReceiver: networkOperator: 
07-29 19:31:18.649  3441  3929 D QmiClient: qmiServiceEventCallback recv msg id 276
07-29 19:31:18.649  3441  3929 D QmiNasClient: enter : onQmiServiceEventCallback msgId 276
07-29 19:31:18.649  3441  3929 D QmiNasClientEvent: qmiNasClientAccessBarringStatusEvent - RADIO_EVENT_NAS_ACCESS_BARRING_STATUS_IND
07-29 19:31:18.649  3398  4641 D OplusNetlinkSocket: handleNetlinkRecvKernelMessage:nlmsghdr:StructNlMsgHdr{ nlmsg_len{40}, nlmsg_type{47()}, nlmsg_flags{0()}, nlmsg_seq{0}, nlmsg_pid{222695969} }
07-29 19:31:18.649  3398  4641 D KernelStatsHelper: get magic :[-1, -1, -1, 77, 65, 71, 73, 67]
07-29 19:31:18.649  3398  4641 D KernelStatsHelper: magic matched count:0 data_len:0
07-29 19:31:18.649  3398  4641 D KernelStatsHelper: data over! check: true
07-29 19:31:18.649 11145 11145 I Finsky  : [2] pzg.onSubscriptionsChanged(6): onSubscriptionsChanged
07-29 19:31:18.650  5279  6407 D SubsysRadioIndication[1]: radioNasAccessBarringStatusInd, NasAccessBarringStatusType: radioIf:12, dataBarringStatus:0, dataBarringTime:0, voiceBarringStatus:0, voiceBarringTime:0, videoBarringStatus:0, videoBarringTime:0
07-29 19:31:18.650  5279  6407 D SubsysRadioIndication[1]: notify enter
07-29 19:31:18.650  4902  5082 I SystemUi--QuickSettings: Tile.OplusCellularTile-->updateCarrierText: dialog not showing, ignore
07-29 19:31:18.651  4902  5225 I SystemUi--Statusbar: MobileInputLog-->onSubscriptionsChanged
07-29 19:31:18.651  4902  5225 I SystemUi--Statusbar: MobileConnectionRepositoryImpl-->subId:1 isSoftSimCard:false slotId:0
07-29 19:31:18.651  3398  4553 D NetworkPolicy: Normalization put networkpolicyNetworkTemplate: matchRule=CARRIER, matchSubscriberIds=[001011...], matchWifiNetworkKeys=[], metered=YES
07-29 19:31:18.651  3398  4553 D NetworkPolicy: Normalization put networkpolicyNetworkTemplate: matchRule=CARRIER, matchSubscriberIds=[310260...], matchWifiNetworkKeys=[], metered=YES
07-29 19:31:18.651  3398  4553 D NetworkPolicy: Normalization put networkpolicyNetworkTemplate: matchRule=CARRIER, matchSubscriberIds=[001010...], matchWifiNetworkKeys=[], metered=YES
07-29 19:31:18.651  3398  4553 D NetworkPolicy: Normalization put networkpolicyNetworkTemplate: matchRule=CARRIER, matchSubscriberIds=[001010...], matchWifiNetworkKeys=[], metered=YES
07-29 19:31:18.651  3398  4553 D NetworkPolicy: Normalization put networkpolicyNetworkTemplate: matchRule=CARRIER, matchSubscriberIds=[001012...], matchWifiNetworkKeys=[], metered=YES
07-29 19:31:18.651  3398  4553 V NetworkPolicy: updateNetworkEnabledNL() return
07-29 19:31:18.651  4902  4902 I SystemUi--Statusbar: OplusMobileIconInteractorImpl-->oplusIMSModel slot:0: CapabilityTypeModel(isVolteSwitchOn=true, isWfcEnabledByUser=true, imsRegistered=false, voiceCapable=false, videoCapable=false, registerTech=-1, isCrossSimCallingEnabledByUser=false, hasHideVolteOperator=false), SimStateModel(simInserted=[true, false], simForbidden=[false, true], simStateIMSI=[true, false], simLoaded=[true, false]),oplusNetworkTypeNr:20,isVoNrEnabled:false
07-29 19:31:18.651  4902  6031 I SystemUi--Statusbar: OplusMobileConnectionRepository1-->stopListenImsStatusChanged
07-29 19:31:18.651  4902  6031 I SystemUi--Statusbar: OplusMobileConnectionRepository1-->phoneId: 0, conflatedCallbackFlow init
07-29 19:31:18.651  4902  6031 I SystemUi--Statusbar: OplusMobileConnectionRepository1-->startListenImsStatusChanged
07-29 19:31:18.652  3398  4553 V NetworkPolicy: updateNotificationsNL not process
07-29 19:31:18.652  4902  5082 D SimStateHelper: slot:0, lock state:Bundle[mParcelledData.dataSize=56]
07-29 19:31:18.652  4969  4969 V OplusCustomizeCacheManager: queryCache name: sys.cache.common_customize_cache18016 param: null
07-29 19:31:18.652  4969  4969 V OplusCustomizeCacheManager: queryCache name: sys.cache.common_customize_cache18013 param: null
07-29 19:31:18.652  4969  4969 V OplusCustomizeCacheManager: queryCache name: sys.cache.common_customize_cache18014 param: null
07-29 19:31:18.652  4969  4969 V OplusCustomizeCacheManager: queryCache name: sys.cache.common_customize_cache18017 param: Bundle[{SETTING=BLOCK, BUSINESS=NCT-DATA}]
07-29 19:31:18.652  4902  5082 D SimStateHelper: slot:1, lock state:Bundle[mParcelledData.dataSize=56]
07-29 19:31:18.652  4902  5082 D SimStateHelper: needDisableMenu: slot1State=-1; slot2State=-1
07-29 19:31:18.652  4902  5082 D SimStateHelper: needDisableMenu:false
07-29 19:31:18.653  3441  3530 D NasProxy: handleMessage msg is 2104
07-29 19:31:18.653  5279  5351 D SubsysRadioIndication[0]: radioNasAccessBarringStatusInd, NasAccessBarringStatusType: radioIf:12, dataBarringStatus:0, dataBarringTime:0, voiceBarringStatus:0, voiceBarringTime:0, videoBarringStatus:0, videoBarringTime:0
07-29 19:31:18.653  5279  5351 D SubsysRadioIndication[0]: notify enter
07-29 19:31:18.653  5221  5221 D QCNEJ/WwanInfoRelay: onSubscriptionsChanged currDDSId: 1 new DDS 1
07-29 19:31:18.654  4969  4969 V OplusCustomizeCacheManager: queryCache name: sys.cache.common_customize_cache18016 param: null
07-29 19:31:18.654  4969  4969 V OplusCustomizeCacheManager: queryCache name: sys.cache.common_customize_cache18013 param: null
07-29 19:31:18.654  4969  4969 V OplusCustomizeCacheManager: queryCache name: sys.cache.common_customize_cache18014 param: null
07-29 19:31:18.654  4969  4969 V OplusCustomizeCacheManager: queryCache name: sys.cache.common_customize_cache18017 param: Bundle[{SETTING=BLOCK, BUSINESS=NCT-DATA}]
07-29 19:31:18.654  5078  5597 D NAS-CellularEvent: handleSubscriptionsChanged: slotId=0
07-29 19:31:18.654  5078  5597 D NAS-CellularEvent: onImsRegistrationStateChanged, slotId=0state:false
07-29 19:31:18.654  4969  4969 D MultiSimSettingController: onSubscriptionsChanged
07-29 19:31:18.654  4969  4969 D MultiSimSettingController: isReadyToReevaluate: subInfoInitialized=true, carrierConfigsLoaded=true, satelliteEnabledOrBeingEnabled=false
07-29 19:31:18.654  4969  4969 D MultiSimSettingController: updateDefaults
07-29 19:31:18.654  4969  4969 D MultiSimSettingController: isReadyToReevaluate: subInfoInitialized=true, carrierConfigsLoaded=true, satelliteEnabledOrBeingEnabled=false
07-29 19:31:18.654  3398  4553 W BestClock: java.time.DateTimeException: Missing network time fix
07-29 19:31:18.654  4969  4969 D MultiSimSettingController: updateDefaultValues: change: 0
07-29 19:31:18.654  4969  4969 D MultiSimSettingController: disableDataForNonDefaultNonOpportunisticSubscriptions triggered, return directly
07-29 19:31:18.654  4969  4969 D ImsResolver: oldSubId: 1, newSubId: 1
07-29 19:31:18.654  4969  4969 D ImsResolver: oldSubId: -1, newSubId: -1
07-29 19:31:18.655  4969  4969 D CallNotifier: updatePhoneStateListeners: update CF notifications.
07-29 19:31:18.655  4969  4969 I Telephony: TelecomAccountRegistry: onSubscriptionsChanged - reregister accounts
07-29 19:31:18.655  4969  4969 D PhoneUtils: PhoneAccountHandle subId=1, slotId=0
07-29 19:31:18.655  4969  4969 D Telephony: registerPstnPhoneAccount line1Number =  subNumber = 
07-29 19:31:18.655  4969  4969 D Telephony: color is transparent asign default instead -15502541
07-29 19:31:18.656  7214  8218 D OsAgentAidlClient: [string_dataitem_update][1584] [HC] =>> [HS]
07-29 19:31:18.656 13198 13198 I ttings:tzupdate: isSwordfishLaunchAppEnabled_ 1 isSwordfishInstallAppEnabled_ 1
07-29 19:31:18.656 13198 13198 E ttings:tzupdate: Unknown bits set in runtime_flags: 0x40000000
07-29 19:31:18.656 13198 13198 I ttings:tzupdate: Using CollectorTypeCMC GC.
07-29 19:31:18.656  4969  4969 D Telephony: isEmergencyPreferredAccount: subId=1, activeData=1
07-29 19:31:18.656  4969  4969 D Telephony: isEmergencyPreferredAccount: Device does not require preference.
07-29 19:31:18.656  4902  6031 I SystemUi--Statusbar: OplusMobileConnectionRepository1-->onImsStatusChanged model: CapabilityTypeModel(isVolteSwitchOn=true, isWfcEnabledByUser=true, imsRegistered=false, voiceCapable=false, videoCapable=false, registerTech=-1, isCrossSimCallingEnabledByUser=false, hasHideVolteOperator=false)
07-29 19:31:18.657  2028  2028 D SensorFeature: name=ssc_screenshot_info ,index = 22
07-29 19:31:18.657  2028  2028 D SensorFeature: write 29 bytes:59494942059,59503275392,162,0
07-29 19:31:18.657  4969  4969 I Telephony: isRttCurrentlySupported -- regular acct, hasVoiceAvailability: false
07-29 19:31:18.657  4969  4969 I Telephony:  isRttSupported: false
07-29 19:31:18.657  4969  4969 I Telephony:  isUserRttSettingOn: false
07-29 19:31:18.657  4969  4969 I Telephony:  alwaysAllowWhileRoaming: false
07-29 19:31:18.657  4969  4969 I Telephony:  isRoaming: false
07-29 19:31:18.657  4969  4969 I Telephony:  isOnWfc: false
07-29 19:31:18.657  4969  4969 D Telephony: x0: buildPstnPhoneAccount, phoneId: 0, mIsVideoCapable: false, 
07-29 19:31:18.657  4969  4969 D OplusSesImsManagerExt: feature:0, phoneId:0
07-29 19:31:18.657  4969  4969 D OplusSesImsManagerExt: getSubIdUsingPhoneId:1, phoneId:0
07-29 19:31:18.657  4969  4969 D OplusSesImsManagerExt: isEntitlementEnabled:false
07-29 19:31:18.657  4969  4969 D OplusSesImsManagerExt: isFeatureProvisionedOnDevice not enabled
07-29 19:31:18.657  5078  5974 W BestClock: java.time.DateTimeException: Missing network time fix
07-29 19:31:18.657  4969  4969 D Telephony: registerPstnPhoneAccount mIsVideoCapable = false
07-29 19:31:18.657  4969  4969 W libc    : Access denied finding property "persist.vendor.mtk_uce_support"
07-29 19:31:18.657  4969  4969 I Telephony: isCarrierVideoPresenceSupported, false, false, false, false
07-29 19:31:18.657  5078  5974 V MonthTrafficAlert: getWarningNotification subId:1 numWarningNotificaion:0
07-29 19:31:18.657 13198 13198 E ttings:tzupdate: Not starting debugger since process cannot load the jdwp agent.
07-29 19:31:18.658  6516  7954 D OplusAtlasAudioDetectionManager: MSG_CALL_STATE_CHANGED
07-29 19:31:18.658  4969  4969 I Telephony: reRegisterPstnPhoneAccount: subId: 1 - no change
07-29 19:31:18.658  4969  5958 D CellBroadcastConfigTracker-0: Failed to set cdma config
07-29 19:31:18.658  6516  7954 D OplusAtlasAudioDetectionManager: callStateChanged state: 0, len: 0
07-29 19:31:18.658  5925  5944 E CellBroadcastConfigService: fails to setCellBroadcastRanges, result = 2
07-29 19:31:18.658  4902  4902 I KeyguardUpdateMonitor: action=android.intent.action.SERVICE_STATE subId=1 slotId=0
07-29 19:31:18.659  4902  5082 I SystemUi--QuickSettings: Tile.OplusCellularTile-->updateCarrierText: dialog not showing, ignore
07-29 19:31:18.659  4902  5082 D SimStateHelper: slot:0, lock state:Bundle[mParcelledData.dataSize=56]
07-29 19:31:18.659  4902  5082 D SimStateHelper: slot:1, lock state:Bundle[mParcelledData.dataSize=56]
07-29 19:31:18.659  4902  5082 D SimStateHelper: needDisableMenu: slot1State=-1; slot2State=-1
07-29 19:31:18.659  4902  5082 D SimStateHelper: needDisableMenu:false
07-29 19:31:18.659 13198 13198 D nativeloader: Load libframework-connectivity-tiramisu-jni.so using APEX ns com_android_tethering for caller /apex/com.android.tethering/javalib/framework-connectivity-t.jar: ok
07-29 19:31:18.659  4969  4969 D InternationalRoamingNotification: init
07-29 19:31:18.659  5279  5351 D VirtualCommService2: isSupport. true, true
07-29 19:31:18.659  4969  4969 D OplusVirtualCommUtils: isVirtualCommSupport, vRet: true
07-29 19:31:18.659  4969  4969 I OplusVirtualCommUtils: getVirtualCommDeviceType, vRet: 1
07-29 19:31:18.659  4969  4969 I OplusVirtualCommUtils: isConsumerDeviceType, deviceType: 1
07-29 19:31:18.660  4969  4969 D InternationalRoamingNotification: do not createRoamingNotification for invalid Network
07-29 19:31:18.660 13198 13198 W libc    : Access denied finding property "persist.vendor.sys.activitylog"
07-29 19:31:18.660 13198 13198 I OneTrace: Mark active for pid=13198? true
07-29 19:31:18.660 13198 13198 D cutils-dev: otrace_set_tracing_enabled? true tag:0
07-29 19:31:18.661 13198 13198 D cutils-dev: properties changed in otrace_seq_number_changed!
07-29 19:31:18.661  4969  4969 V OplusCustomizeCacheManager: queryCache name: sys.cache.common_customize_cache18016 param: null
07-29 19:31:18.661  4969  4969 V OplusCustomizeCacheManager: queryCache name: sys.cache.common_customize_cache18013 param: null
07-29 19:31:18.661  4969  4969 V OplusCustomizeCacheManager: queryCache name: sys.cache.common_customize_cache18014 param: null
07-29 19:31:18.661  4969  4969 V OplusCustomizeCacheManager: queryCache name: sys.cache.common_customize_cache18017 param: Bundle[{SETTING=BLOCK, BUSINESS=NCT-DATA}]
07-29 19:31:18.661  3398  6977 W BestClock: java.time.DateTimeException: Missing network time fix
07-29 19:31:18.661  4969  4969 V SimultaneousCallingTracker: Received EVENT 101
07-29 19:31:18.661  4969  4969 V SimultaneousCallingTracker: generateVoiceCapablePhoneMapBasedOnUserAssociation: adding phoneId = 0
07-29 19:31:18.661  4969  4969 I SimultaneousCallingTracker: updatePhoneMapAndSimultaneousCallSupportMap: mVoiceCapablePhoneMap.size = 1
07-29 19:31:18.661  4969  4969 V SimultaneousCallingTracker: registerForImsRegistrationChanges: registering phoneId = 0
07-29 19:31:18.661  4969  4969 V SimultaneousCallingTracker: generateSimultaneousCallSupportMap: returning simultaneousCallSubSupportMap = Phone ID=0 - Simultaneous calling compatible phone IDs=[]; 
07-29 19:31:18.661  4969  4969 V SimultaneousCallingTracker: handleSimultaneousCallingSupportChanged
07-29 19:31:18.662  3398  5465 D ActivityTaskManagerServiceExtImpl: preBindApplication record is null
07-29 19:31:18.662  3398  6977 W ContentService: Observer is already registered. Pid is 4969
07-29 19:31:18.662  3398  5465 D RGBNormalizeServer: OplusRGBNormalize feature enabled ? true
07-29 19:31:18.662  3398  5465 D ResourcesManagerCache: For package com.oplus.wirelesssettings we got cacheList [null] appInfoExt is null ? false hasFeature ? false
07-29 19:31:18.662  3398  5465 D VRR [OPlusExternalRefreshRateManager]: isPkgTfcEnable: pkgName = com.oplus.wirelesssettings, enable = false
07-29 19:31:18.662  3398  5465 D VRR [OPlusExternalRefreshRateManager]: getTfcMinFramerate: pkgName = com.oplus.wirelesssettings, min framerate = 0
07-29 19:31:18.662  3398  6977 W BestClock: java.time.DateTimeException: Missing network time fix
07-29 19:31:18.663  4902  5798 V OplusCustomizeCacheManager: queryCache name: sys.cache.common_customize_cache18014 param: null
07-29 19:31:18.663  4902  5798 V OplusCustomizeCacheManager: queryCache name: sys.cache.common_customize_cache18017 param: Bundle[{SETTING=BLOCK, BUSINESS=NCT-DATA}]
07-29 19:31:18.663  4902  5798 V OplusCustomizeCacheManager: queryCache name: sys.cache.common_customize_cache18013 param: null
07-29 19:31:18.663 13198 13198 D OplusActivityManager: get AMS extension: android.os.BinderProxy@aae92e4
07-29 19:31:18.665  3398  5465 W BestClock: java.time.DateTimeException: Missing network time fix
07-29 19:31:18.665 13198 13198 D CompactWindowAppManager: initCompactApplicationInfo CompactMode: , NormalMode: 
07-29 19:31:18.665  3398  3564 W BestClock: java.time.DateTimeException: Missing network time fix
07-29 19:31:18.666 13198 13198 D OplusScrollToTopManager: setIsInWhiteList false
07-29 19:31:18.666 13198 13198 D OplusViewDebugManager: OplusViewDebugManager Constructor android.view.debug.OplusViewDebugManager@61b7e02 [mHasViewDebugProperty true] [mHasMsgDebugProperty false] [DEBUG false] [EXTRAINFOENABLE false] [LIGHT_OS false]
07-29 19:31:18.666  4902  5798 V OplusCustomizeCacheManager: queryCache name: sys.cache.common_customize_cache18014 param: null
07-29 19:31:18.666  4902  5798 V OplusCustomizeCacheManager: queryCache name: sys.cache.common_customize_cache18017 param: Bundle[{SETTING=BLOCK, BUSINESS=NCT-DATA}]
07-29 19:31:18.666  4902  5798 V OplusCustomizeCacheManager: queryCache name: sys.cache.common_customize_cache18013 param: null
07-29 19:31:18.666 13198 13198 D CompatChangeReporter: Compat change id reported: 242716250; UID 1000; state: ENABLED
07-29 19:31:18.668 13198 13198 W libc    : Access denied finding property "ro.odm.prev.product.name"
07-29 19:31:18.669 13198 13198 W ziparchive: Unable to open '/system_ext/framework/nfcvendorlib.dm': No such file or directory
07-29 19:31:18.669 13198 13198 W ziparchive: Unable to open '/system_ext/framework/nfcvendorlib.dm': No such file or directory
07-29 19:31:18.670 13198 13198 D nativeloader: Configuring clns-shared-7 for other apk /system_ext/framework/nfcvendorlib.jar. target_sdk_version=34, uses_libraries=ALL, library_path=/system_ext/priv-app/WirelessSettings/lib/arm64:/system_ext/priv-app/WirelessSettings/WirelessSettings.apk!/lib/arm64-v8a:/system/lib64:/system_ext/lib64, permitted_path=/data:/mnt/expand:/data/user_de/0/com.oplus.wirelesssettings:/system_ext/priv-app/WirelessSettings:/system/lib64:/system_ext/lib64
07-29 19:31:18.670 13198 13198 D nativeloader: Extending system_exposed_libraries: libbinauralrenderer_wrapper.qti.so:libhoaeffects.qti.so:libSloganJni.oplus.so:libsuperNight.oplus.so:libAPSClient-cmd-jni-extension.oplus.so:libsatellite_audio_jni.oplus.so:libortc_so.oplus.so:libsoundtouch.oplus.so:libsoundtouch_jni.oplus.so:libOplusStringJNI-extension.oplus.so:libsatellite_ostx_jni.oplus.so:libapssuspend-jni.oplus.so:libupdateprof.qti.so:libthermalclient.qti.so:libqape.qti.so:libqesdk_ndk_platform.qti.so:liblistenjni.qti.so
07-29 19:31:18.671 13198 13198 D ApplicationLoaders: Returning zygote-cached class loader: /system_ext/framework/androidx.window.extensions.jar
07-29 19:31:18.671 13198 13198 D ApplicationLoaders: Returning zygote-cached class loader: /system_ext/framework/androidx.window.sidecar.jar
07-29 19:31:18.674 13198 13198 D nativeloader: Configuring clns-shared-8 for other apk /system_ext/priv-app/WirelessSettings/WirelessSettings.apk. target_sdk_version=34, uses_libraries=, library_path=/system_ext/priv-app/WirelessSettings/lib/arm64:/system_ext/priv-app/WirelessSettings/WirelessSettings.apk!/lib/arm64-v8a:/system/lib64:/system_ext/lib64, permitted_path=/data:/mnt/expand:/data/user_de/0/com.oplus.wirelesssettings:/system_ext/priv-app/WirelessSettings:/system/lib64:/system_ext/lib64
07-29 19:31:18.678 13198 13198 V GraphicsEnvironment: Currently set values for:
07-29 19:31:18.678 13198 13198 V GraphicsEnvironment:   angle_gl_driver_selection_pkgs=[]
07-29 19:31:18.678 13198 13198 V GraphicsEnvironment:   angle_gl_driver_selection_values=[]
07-29 19:31:18.678 13198 13198 V GraphicsEnvironment: Global.Settings values are invalid: number of packages: 0, number of values: 0
07-29 19:31:18.679 13198 13198 D WS_OplusWirelessSettingsApp: onCreate, OplusWirelessSettingsApp
07-29 19:31:18.680 13198 13198 D LogUtils: initWirelessLog sIsQeAssert=false,sIsWifiOrBtLog=false
07-29 19:31:18.682  3398  3564 I ActivityManager: Flag disabled. Ignoring finishAttachApplication from uid: 1000. pid: 13198
07-29 19:31:18.683 13198 13198 E ANDR-PERF-CLIENT-SYS: death recipent object is fine
07-29 19:31:18.683 13198 13198 W ttings:tzupdate: AIBinder_linkToDeath is being called with a non-null cookie and no onUnlink callback set. This might not be intended. AIBinder_DeathRecipient_setOnUnlinked should be called first.
07-29 19:31:18.684  3398  3564 W OplusSelfProtectManager: pkg[com.oplus.wirelesssettings] not in policy list
07-29 19:31:18.686  3398  3564 D ActivityManager: Async freezing 13198 com.oplus.wirelesssettings:tzupdate
07-29 19:31:18.689  4758  6469 W SQLiteLog: (28) double-quoted string literal: "timezone_tzdata_v2_files"
07-29 19:31:18.755  4969  4969 V OplusCustomizeCacheManager: queryCache name: sys.cache.common_customize_cache18016 param: null
07-29 19:31:18.755  4969  4969 V OplusCustomizeCacheManager: queryCache name: sys.cache.common_customize_cache18013 param: null
07-29 19:31:18.755  4969  4969 V OplusCustomizeCacheManager: queryCache name: sys.cache.common_customize_cache18014 param: null
07-29 19:31:18.755  4969  4969 V OplusCustomizeCacheManager: queryCache name: sys.cache.common_customize_cache18017 param: Bundle[{SETTING=BLOCK, BUSINESS=NCT-DATA}]
07-29 19:31:18.757  4969  4969 V OplusCustomizeCacheManager: queryCache name: sys.cache.common_customize_cache18016 param: null
07-29 19:31:18.757  4969  4969 V OplusCustomizeCacheManager: queryCache name: sys.cache.common_customize_cache18013 param: null
07-29 19:31:18.757  4969  4969 V OplusCustomizeCacheManager: queryCache name: sys.cache.common_customize_cache18014 param: null
07-29 19:31:18.757  4969  4969 V OplusCustomizeCacheManager: queryCache name: sys.cache.common_customize_cache18017 param: Bundle[{SETTING=BLOCK, BUSINESS=NCT-DATA}]
07-29 19:31:18.773  4902  4902 D RowAnimatorExtImpl: end:view:StatusBarIconView(slot='volume' alpha=1.0 icon=StatusBarIcon(icon=Icon(typ=RESOURCE pkg=com.android.systemui id=0x7f0818f0) visible user=0 ) visibleState=ICON iconColor=#ccffffff staticDrawableColor=#ccffffff decorColor=#ffffffff animationStartColor=#0 currentSetColor=#ccffffff notification=null),tx
07-29 19:31:18.773  4902  4902 D RowAnimatorExtImpl: end:view:StatusBarIconView(slot='zen' alpha=1.0 icon=StatusBarIcon(icon=Icon(typ=RESOURCE pkg=com.android.systemui id=0x7f0818e1) visible user=0 ) visibleState=ICON iconColor=#ccffffff staticDrawableColor=#ccffffff decorColor=#ffffffff animationStartColor=#0 currentSetColor=#ccffffff notification=null),tx
07-29 19:31:18.773  4902  4902 D RowAnimatorExtImpl: end:view:StatusBarIconView(slot='volume' alpha=1.0 icon=StatusBarIcon(icon=Icon(typ=RESOURCE pkg=com.android.systemui id=0x7f0818f0) visible user=0 ) visibleState=ICON iconColor=#ccffffff staticDrawableColor=#ccffffff decorColor=#ffffffff animationStartColor=#0 currentSetColor=#ccffffff notification=null),tx
07-29 19:31:18.773  4902  4902 D RowAnimatorExtImpl: end:view:StatusBarIconView(slot='zen' alpha=1.0 icon=StatusBarIcon(icon=Icon(typ=RESOURCE pkg=com.android.systemui id=0x7f0818e1) visible user=0 ) visibleState=ICON iconColor=#ccffffff staticDrawableColor=#ccffffff decorColor=#ffffffff animationStartColor=#0 currentSetColor=#ccffffff notification=null),tx
07-29 19:31:18.773  4902  4902 D RowAnimatorExtImpl: end:view:StatusBarIconView(slot='volume' alpha=1.0 icon=StatusBarIcon(icon=Icon(typ=RESOURCE pkg=com.android.systemui id=0x7f0818f0) visible user=0 ) visibleState=ICON iconColor=#ccffffff staticDrawableColor=#ccffffff decorColor=#ffffffff animationStartColor=#0 currentSetColor=#ccffffff notification=null),tx
07-29 19:31:18.773  4902  4902 D RowAnimatorExtImpl: end:view:StatusBarIconView(slot='zen' alpha=1.0 icon=StatusBarIcon(icon=Icon(typ=RESOURCE pkg=com.android.systemui id=0x7f0818e1) visible user=0 ) visibleState=ICON iconColor=#ccffffff staticDrawableColor=#ccffffff decorColor=#ffffffff animationStartColor=#0 currentSetColor=#ccffffff notification=null),tx
07-29 19:31:18.810  1886  4518 I sensors-hal: handle_oplus_wise_rgb_event:189, high_pwm_light:lux 280.4,cct 3638.4,brl/algo/ir 1449.0/2.0/17.1,pwm/dc 0.0/0.0,rgbc 21571.248047/13591.916016/6256.872559/40035.562500,ts 59485942962,cnt 850,flag 162
07-29 19:31:18.811  1953  4510 I Dpps    : LtmSwState::SetParameter():144 ignore cmd 7 in state LtmOffState
07-29 19:31:18.929  2028  2028 D SensorFeature: name=ssc_screenshot_info ,index = 22
07-29 19:31:18.929  2028  2028 D SensorFeature: write 29 bytes:59767462840,59775796173,163,0
07-29 19:31:18.948  2053  2092 D BatteryChargeControl: bcc get no support from charging protocol
07-29 19:31:18.952  3398  5465 D OplusProxyWakeLock: prevent gms/gsf hold partial wakelock
07-29 19:31:18.952  7343  7837 W Settings: Setting airplane_mode_on has moved from android.provider.Settings.System to android.provider.Settings.Global, returning read-only value.
07-29 19:31:18.952  7343  7343 I PersonalSafety: Settings changed. [CONTEXT service_id=310 ]
07-29 19:31:18.952  7343  7343 W Settings: Setting airplane_mode_on has moved from android.provider.Settings.System to android.provider.Settings.Global, returning read-only value.
07-29 19:31:18.954  3398  5465 D OplusProxyWakeLock: prevent gms/gsf hold partial wakelock
07-29 19:31:18.960  3398  5465 D OplusProxyWakeLock: prevent gms/gsf hold partial wakelock
07-29 19:31:18.963  3398  5465 D OplusProxyWakeLock: prevent gms/gsf hold partial wakelock
07-29 19:31:18.964  4902  4902 I SystemUi--QuickSettings: TemporarilyInfoManager-->[animateShow] com.oplus.systemui.qs.base.temporarilyinfo.TemporarilyInfoManager$createViewToParent$1{8bb04a4 VFED..C.. ........ 0,0-1080,228 #7f0a0cb6 app:id/temporarily_info_view alpha=1.0 viewInfo = } end
07-29 19:31:18.965  4902  4902 I SystemUi--QuickSettings: TemporarilyInfoManager-->[trigger] start from showElementAfterShowFully
07-29 19:31:19.078  1953  4510 I Dpps    : LtmSwState::SetParameter():144 ignore cmd 7 in state LtmOffState
07-29 19:31:19.089  4902  4902 D JankUtils: gfxSceneEnd; scene: 7
07-29 19:31:19.089  4902  4902 I SystemUi--Common: NotificationShadeDepthC-->sceneFlag: 0x001, isStart = false, Current sceneFlags: 0x000
07-29 19:31:19.089  4902  4902 D NavigationBar: restrainNavigationBarInvertColor: false
07-29 19:31:19.089  4902  5042 D RegionSamplingHelper =:    mCompositionSamplingListener.register
07-29 19:31:19.089  2203  4725 D SurfaceFlinger: addRegionSamplingListener pid: 4902, Area: [0, 2328, 1080, 2376]
07-29 19:31:19.156  3398  3398 D OplusWifiBroadCastDispatcher: mBroadcastReceiver: onReceiver  action=android.intent.action.BATTERY_LEVEL_CHANGED
07-29 19:31:19.156  3398  4667 D OplusWifiPowerService: onReceive action:android.intent.action.BATTERY_LEVEL_CHANGED
07-29 19:31:19.156  3398  4526 W OplusStorageManagerFeature: mScreenReceiver action:android.intent.action.BATTERY_LEVEL_CHANGED
07-29 19:31:19.156  3398  4526 I OplusStorageManagerFeature: TmemoryBetterySwitch: level=100 state=0
07-29 19:31:19.156  3398  4526 I OplusStorageManagerFeature: TmemoryBetterySwitch: action=0 state=2
07-29 19:31:19.156  3398  4526 W OplusStorageManagerFeature: Ready to deal actionParam:0
07-29 19:31:19.157  3398  3762 D ActivityManager: sync unfroze 10189 com.android.settings for 3
07-29 19:31:19.157  3398  3762 D ActivityManager: Async freezing 10189 com.android.settings
07-29 19:31:19.157  3398  3762 D ActivityManager: Cancel freezing 10189 com.android.settings
07-29 19:31:19.157  3398  3762 D ActivityManager: Async freezing 10189 com.android.settings
07-29 19:31:19.159  3398  3762 D ActivityManager: Cancel freezing 10189 com.android.settings
07-29 19:31:19.159 10189 10189 D BatteryUsageBroadcastReceiver: onReceive:android.intent.action.BATTERY_LEVEL_CHANGED
07-29 19:31:19.160 10189 10189 D BatteryUsageBroadcastReceiver: fetch data because of event: ACTION_BATTERY_LEVEL_CHANGED
07-29 19:31:19.160 10189 10189 D BatteryUsageBroadcastReceiver: cancel sendBroadcastToFetchUsageData when broadcastDelay is 2339993ms.
07-29 19:31:19.164  3398  3564 D ActivityManager: Async freezing 10189 com.android.settings
07-29 19:31:19.174 10189 10203 W ndroid.settings: Cleared Reference was only reachable from finalizer (only reported once)
07-29 19:31:19.181 10189 10205 W ndroid.settings: ApkAssets: Deleting an ApkAssets object '<empty> and /data/app/~~ALqGkx9_7GHC-QHs99zc0Q==/com.tencent.mm-IpfhmTfq4rI6aiNOrlV51Q==/base.apk' with 1 weak references
07-29 19:31:19.182 10189 10205 W System  : A resource failed to call close. 
07-29 19:31:19.182 10189 10205 W System  : A resource failed to call close. 
07-29 19:31:19.182 10189 10205 W ndroid.settings: ApkAssets: Deleting an ApkAssets object '<empty> and /data/app/~~0fUhfIJJ3ko4vu2V91xhkw==/com.heytap.browser-oSlI-qlAlOSHoXTvzdevAg==/base.apk' with 1 weak references
07-29 19:31:19.198  8111  9752 W metis_v2_KnowledgeManager: Fire: isEmergency is true  debugFireMode = false [7f0000011753831837802321607407|p_7407_ec6507a@1|p_8111_b8b5c2d@0|com.oplus.metis] [base|com.oplus.metis|1.5.5-f48228a]
07-29 19:31:19.199  8111  9752 W metis_v2_OifaceBindUtils: bindTask [7f0000011753831837802321607407|p_7407_ec6507a@1|p_8111_b8b5c2d@0|com.oplus.metis]
07-29 19:31:19.199  8111  9752 W metis_v2_OifaceBindUtils: call connectOifaceService [7f0000011753831837802321607407|p_7407_ec6507a@1|p_8111_b8b5c2d@0|com.oplus.metis]
07-29 19:31:19.200  8111  9752 I metis_v2_KnowledgeManager: panta-sugg-Fire: count=1 [7f0000011753831837802321607407|p_7407_ec6507a@1|p_8111_b8b5c2d@0|com.oplus.metis] [base|com.oplus.metis|1.5.5-f48228a]
07-29 19:31:19.200  6569  6653 E oiface  : sched_setaffinity failed
07-29 19:31:19.200  6569  6642 E oiface  : directSetTask: get cpuset path failed
07-29 19:31:19.203  2028  2028 D SensorFeature: name=ssc_screenshot_info ,index = 22
07-29 19:31:19.203  2028  2028 D SensorFeature: write 29 bytes:60041667059,60050000392,164,0
07-29 19:31:19.204  8111  9752 I System.out: 'park_precondition_home_02' 
07-29 19:31:19.204  8111  9752 I System.out: 'park_precondition_company_02' 
07-29 19:31:19.204  8111  9752 I System.out: 'UBIQUITOUS_SERVICE#assistant_screen#NOT_AT_HOME_301' 
07-29 19:31:19.204  8111  9752 I System.out: 'UBIQUITOUS_SERVICE#assistant_screen#NOT_AT_OFFICE_401' 
07-29 19:31:19.205  8111  9752 I System.out: 'policy:NEAR_SUBWAY_BUS_STATION_2x4' 
07-29 19:31:19.209  8111  9752 W metis_v2_TimeDurationCompare: [com.oplus.metis#UBIQUITOUS_SERVICE#scene#tips#TipScene_EXIT] 'timestamp' is not literal. [7f0000011753831837802321607407|p_7407_ec6507a@1|p_8111_b8b5c2d@0|com.oplus.metis]
07-29 19:31:19.210  8111  9752 D SceneIntentPublisher: headAction: pkg is com.oplus.metis and simpleRuleName is UBIQUITOUS_SERVICE#secne#activity_coloros_reminder_tips
07-29 19:31:19.215  8111  9752 D SceneIntentPublisher: headAction: pkg is com.oplus.metis and simpleRuleName is UBIQUITOUS_SERVICE#secne#activity_coloros_reminder_tips
07-29 19:31:19.219  8111  9752 I System.out: 'UBIQUITOUS_SERVICE#assistant_screen#NOT_AT_HOME_301' 
07-29 19:31:19.220  8111  9752 I System.out: 'tempPropertyForGuideStatus' 
07-29 19:31:19.223  8111  9752 D SceneIntentPublisher: headAction: pkg is com.oplus.metis and simpleRuleName is UBIQUITOUS_SERVICE#secne#activity_coloros_reminder_tips
07-29 19:31:19.224  8111  9752 W metis_v2_TimeDurationCompare: [com.oplus.metis#UBIQUITOUS_SERVICE#scene#tips#TipScene_EXIT] 'timestamp' is not literal. [7f0000011753831837802321607407|p_7407_ec6507a@1|p_8111_b8b5c2d@0|com.oplus.metis]
07-29 19:31:19.228  8111  9644 I ContextAware_GetInstalledAppsInfo: Update cache
07-29 19:31:19.234  8111  9752 W metis_v2_AbsTimerTriggered: [com.oplus.metis#UBIQUITOUS_SERVICE#health#LAUNCH-HEALTH-APP]: periodicTriggered's parseArgsToTimer meet exception periodic timer's first execute start time must >= time range start [7f0000011753831837802321607407|p_7407_ec6507a@1|p_8111_b8b5c2d@0|com.oplus.metis]
07-29 19:31:19.234  8111  9752 W metis_v2_AbsTimerTriggered: [com.oplus.metis#UBIQUITOUS_SERVICE#health#LAUNCH-HEALTH-APP]: please check if builtin periodicTriggered's args is valid [7f0000011753831837802321607407|p_7407_ec6507a@1|p_8111_b8b5c2d@0|com.oplus.metis]
07-29 19:31:19.237  8111  9752 I System.out: 'UBIQUITOUS_SERVICE#assistant_screen#NOT_AT_OFFICE_401' 
07-29 19:31:19.237  8111  9752 I metis_v2_KnowledgeManager: panta-sugg-Fire takes 37 milliseconds. [7f0000011753831837802321607407|p_7407_ec6507a@1|p_8111_b8b5c2d@0|com.oplus.metis]
07-29 19:31:19.237  8111  9752 I ContextAware_PantanalIntentManager: intent (id-14111004+policyName-CLEAN_STORAGE) is not found in scene_intent_config [7f0000011753831837802321607407|p_7407_ec6507a@1|p_8111_b8b5c2d@0|com.oplus.metis]
07-29 19:31:19.237  8111  9752 I metis_v2_SceneTravelingAdapter: recallTravellingIntent: [] [7f0000011753831837802321607407|p_7407_ec6507a@1|p_8111_b8b5c2d@0|com.oplus.metis]
07-29 19:31:19.237  8111  9752 I ContextAware_ContextAware_SceneIntentManager: mLastIntentDataSet: [] [7f0000011753831837802321607407|p_7407_ec6507a@1|p_8111_b8b5c2d@0|com.oplus.metis]
07-29 19:31:19.237  8111  9752 I ContextAware_ContextAware_SceneIntentManager: intentList: [IntentDataDTO(intent=IntentDTO=[sceneId=220500200, intentId=14111005, isExited=false, source=0, ownerId=com.oplus.metis, action=14111005, policyName=SUBSTITUTE_SCENE, serviceId=, sendExitedIntent=true, repeatable=false, sceneScore=-1.0, position=right, level=2, type=1, serviceInstanceId=null, isSupportMultiInstance=false, settingsPreference=null], items=[]), IntentDataDTO(intent=IntentDTO=[sceneId=210000000, intentId=12121002, isExited=true, source=0, ownerId=com.oplus.metis, action=12121002, policyName=TAKEOUT_ORDER_STATUS_CHANGE, serviceId=, sendExitedIntent=false, repeatable=false, sceneScore=-1.0, position=left, level=1, type=1, serviceInstanceId=null, isSupportMultiInstance=false, settingsPreference=null], items=[]), IntentDataDTO(intent=IntentDTO=[sceneId=null, intentId=14111004, isExited=true, source=0, ownerId=com.oplus.metis, action=14111004, policyName=CLEAN_STORAGE, serviceId=, sendExitedIntent=false, repeatable=false, sceneScore=-1.0, position=null, level=0, type=1, serviceInstanceId=null, isSupportMultiInstance=false, settingsPreference=null], items=[]), IntentDataDTO(intent=IntentDTO=[sceneId=null, intentId=12121002, isExited=true, source=0, ownerId=com.oplus.metis, action=12121002, policyName=TAKEOUT_ORDER_STATUS_CHANGE, serviceId=, sendExitedIntent=false, repeatable=false, sceneScore=-1.0, position=null, level=0, type=1, serviceInstanceId=null, isSupportMultiInstance=false, settingsPreference=null], items=[])] [7f0000011753831837802321607407|p_7407_ec6507a@1|p_8111_b8b5c2d@0|com.oplus.metis]
07-29 19:31:19.237  8111  9752 I ContextAware_ContextAware_SceneIntentManager: missedIntent: [] [7f0000011753831837802321607407|p_7407_ec6507a@1|p_8111_b8b5c2d@0|com.oplus.metis]
07-29 19:31:19.237  8111  9752 I metis_v2_SceneIntentManager: panta-sugg-Published intents: [7f0000011753831837802321607407|p_7407_ec6507a@1|p_8111_b8b5c2d@0|com.oplus.metis]
07-29 19:31:19.237  8111  9752 I metis_v2_SceneIntentManager: panta-sugg-IntentDataDTO(intent=IntentDTO=[sceneId=220500200, intentId=14111005, isExited=false, source=0, ownerId=com.oplus.metis, action=14111005, policyName=SUBSTITUTE_SCENE, serviceId=, sendExitedIntent=true, repeatable=false, sceneScore=-1.0, position=right, level=2, type=1, serviceInstanceId=null, isSupportMultiInstance=false, settingsPreference=null], items=[]) [7f0000011753831837802321607407|p_7407_ec6507a@1|p_8111_b8b5c2d@0|com.oplus.metis]
07-29 19:31:19.237  8111  9752 I metis_v2_SceneIntentManager: panta-sugg-IntentDataDTO(intent=IntentDTO=[sceneId=210000000, intentId=12121002, isExited=true, source=0, ownerId=com.oplus.metis, action=12121002, policyName=TAKEOUT_ORDER_STATUS_CHANGE, serviceId=, sendExitedIntent=false, repeatable=false, sceneScore=-1.0, position=left, level=1, type=1, serviceInstanceId=null, isSupportMultiInstance=false, settingsPreference=null], items=[]) [7f0000011753831837802321607407|p_7407_ec6507a@1|p_8111_b8b5c2d@0|com.oplus.metis]
07-29 19:31:19.237  8111  9752 I metis_v2_SceneIntentManager: panta-sugg-IntentDataDTO(intent=IntentDTO=[sceneId=null, intentId=14111004, isExited=true, source=0, ownerId=com.oplus.metis, action=14111004, policyName=CLEAN_STORAGE, serviceId=, sendExitedIntent=false, repeatable=false, sceneScore=-1.0, position=null, level=0, type=1, serviceInstanceId=null, isSupportMultiInstance=false, settingsPreference=null], items=[]) [7f0000011753831837802321607407|p_7407_ec6507a@1|p_8111_b8b5c2d@0|com.oplus.metis]
07-29 19:31:19.237  8111  9752 I metis_v2_SceneIntentManager: panta-sugg-IntentDataDTO(intent=IntentDTO=[sceneId=null, intentId=12121002, isExited=true, source=0, ownerId=com.oplus.metis, action=12121002, policyName=TAKEOUT_ORDER_STATUS_CHANGE, serviceId=, sendExitedIntent=false, repeatable=false, sceneScore=-1.0, position=null, level=0, type=1, serviceInstanceId=null, isSupportMultiInstance=false, settingsPreference=null], items=[]) [7f0000011753831837802321607407|p_7407_ec6507a@1|p_8111_b8b5c2d@0|com.oplus.metis]
07-29 19:31:19.238  8111  9752 I ContextAware_MetisStatistics: uploadMetisIntentData enter {intent_source=0, intent_action=14111005, exit_type=, rule_name=UBIQUITOUS_SERVICE#secne#activity_coloros_reminder_tips, service_id=, scene_id=220500200, policy_name=SUBSTITUTE_SCENE, is_exited=false, intent_id=14111005, timestamp=1753831879238} [7f0000011753831837802321607407|p_7407_ec6507a@1|p_8111_b8b5c2d@0|com.oplus.metis]
07-29 19:31:19.238  8111  9752 I ContextAware_PantanalIntentManager: getCloudIntentConfig [7f0000011753831837802321607407|p_7407_ec6507a@1|p_8111_b8b5c2d@0|com.oplus.metis]
07-29 19:31:19.243  8111  9752 I ContextAware_PantanalIntentManager: getDownLoadConfig [7f0000011753831837802321607407|p_7407_ec6507a@1|p_8111_b8b5c2d@0|com.oplus.metis]
07-29 19:31:19.244  8111  9756 I DeepThinkerSDK: [APP] ClientConnection: getDeepThinkerBridge start
07-29 19:31:19.244  8111  9756 I DeepThinkerSDK: [APP] ClientConnection: getDeepThinkerBridge end
07-29 19:31:19.258  8111  9752 I ContextAware_PantanalIntentManager: selectNewestConfig, assetVersion 202505301103, downloadVersion 202507161101 [7f0000011753831837802321607407|p_7407_ec6507a@1|p_8111_b8b5c2d@0|com.oplus.metis]
07-29 19:31:19.264  8111  9752 I ContextAware_PantanalIntentManager: getCloudIntentConfig, cache cloud intent config [7f0000011753831837802321607407|p_7407_ec6507a@1|p_8111_b8b5c2d@0|com.oplus.metis]
07-29 19:31:19.264  8111  9752 I ContextAware_PantanalIntentLruCache: create, key=14111004-CLEAN_STORAGE, create time=26 LruCache[maxSize=120,hits=167,misses=6,hitRate=96%] cacheSize=16 [7f0000011753831837802321607407|p_7407_ec6507a@1|p_8111_b8b5c2d@0|com.oplus.metis]
07-29 19:31:19.264  8111 10489 E ContextAware_SortAlgorithmManager.ReorderProcessor.GuaranteedIntentManager: removeExternalIntent mExternalGuaranteedList invalid
07-29 19:31:19.264  8111 10211 E ContextAware_SortAlgorithmManager.ReorderProcessor.GuaranteedIntentManager: removeExternalIntent mExternalGuaranteedList invalid
07-29 19:31:19.264  8111  9752 I ContextAware_DecisionIntentProvider: uriPath:/negative_screen [7f0000011753831837802321607407|p_7407_ec6507a@1|p_8111_b8b5c2d@0|com.oplus.metis]
07-29 19:31:19.264  8111  9752 I ContextAware_DecisionIntentProvider: mAssistantScreenList:[] [7f0000011753831837802321607407|p_7407_ec6507a@1|p_8111_b8b5c2d@0|com.oplus.metis]
07-29 19:31:19.264  8111 10343 E ContextAware_SortAlgorithmManager.ReorderProcessor.GuaranteedIntentManager: removeExternalIntent mExternalGuaranteedList invalid
07-29 19:31:19.264  8111  9752 I DataCollector_SortAlgorithmManager.SortCommonUtil: mIntentList is empty. [7f0000011753831837802321607407|p_7407_ec6507a@1|p_8111_b8b5c2d@0|com.oplus.metis]
07-29 19:31:19.264  8111 10554 I ContextAware_ContextAware_SortAlgorithmManager.SendMsg: Log Segmented Print(1):sortForBatchRemoveIntentChange pantanalIntentList = [PantanalIntent(sceneId=210000000, intentId=12121002, policyName='TAKEOUT_ORDER_STATUS_CHANGE', sceneInstanceId=null, intentSrc=0, finalScore=-1.0, subDomain='takeout', action='pantanal.intent.takeout.VIEW_ORDER_PROGRESS', defaultScore=11.0, sortable=false, paramsFromUserPolicy=ParamsFromUserPolicy(exposureArgs=[], exposureFunc=-1, clickArgs=[], clickFunc=-1, timeArgs=[], timeFunc=-1, delayExposureArgs=null, delayClickArgs=null), cannotReduceRecommend=false, reduceReplaceKey=, isUnrecoverable=false, dropRepeatKey=, dropRepeatMode=-1, paramsFromService=content-length:2, isParamsSendToSeedling=false, forceRebuildSeedling=false, seedlingUiPolicy=0, paramsFromHabit=null, serviceList=null, serviceSelectPolicy=0, serviceSelectWeight=null, serviceId=, serviceIdFrom=null, recallScore=null, rankScore=-1.0, rerankScore=-1.0, requestId=null, userPolicyScore=-1.0, domain='life_service', cloudExtInfo=null, operation=1, showCount=0, clickCount=0, exposureTime=0, dtExperimentParams=null, createTime=1753831879264, lastUpdateTime=1753831879264, expireTime=240, , originalUpdateTime=1753831879264, sortRelatedId=0, addRelatedId=0, decisionHistoryList=null, businessData=null, cardOptions=null, instanceId=null, protectEnable=true, protectPolicy=ProtectPolicy(event=0, initialDuration=7, deltaDuration=3, startRatio=70, endRatio=10, stepRatio=20), addMinProb=0.4, probAdj=1.0, lastSortType=0, configVersion=202507161101, algorithmVersion=, recommendServiceList=null, removeTriggerValue=0.2, algorithmTimeRule=[], ruleRemoveByAlgorithm=false, containServiceId=false, dropRepeatType=0, dropRepeatScore=0, delayDismiss=0, attenuationType=-1, attenuationFunc=-1, shouldFocus=false, focusTimestamp=null, orderID=null, serviceTimeStamp=0, serviceInstanceId=null, showType=0,delayExposureTimestamp=0, delayClickTimestamp=0, isSupportMultiInstance=false, , PantanalIntent(sceneId=null, intentId=14111004, policyName='CLEAN_STORAGE', sceneInstanceId=null, intentSrc=0, finalScore=-1.0, subDomain='clear_memory', action='pantanal.intent.system.CLEAN_UP_STORAGE', defaultScore=0.8, sortable=true, paramsFromUserPolicy=ParamsFromUserPolicy(exposureArgs=[20.0, 5.0], exposureFunc=2, clickArgs=[2.0], clickFunc=1, timeArgs=[], timeFunc=-1, delayExposureArgs=null, delayClickArgs=null), cannotReduceRecommend=false, reduceReplaceKey=, isUnrecoverable=false, dropRepeatKey=, dropRepeatMode=-1, paramsFromService=content-length:2, isParamsSendToSeedling=false, forceRebuildSeedling=false, seedlingUiPolicy=0, paramsFromHabit=null, serviceList=null, serviceSelectPolicy=0, serviceSelectWeight=null, serviceId=, serviceIdFrom=null, recallScore=null, rankScore=-1.0, rerankScore=-1.0, requestId=null, userPolicyScore=-1.0, domain='system_settings', cloudExtInfo=null, operation=1, showCount=0, clickCount=0, exposureTime=0, dtExperimentParams=null, createTime=1753831879264, lastUpdateTime=1753831879264, expireTime=240, , originalUpdateTime=1753831879264, sortRelatedId=100710040000, addRelatedId=0, decisionHistoryList=null, businessData=null, cardOptions=null, instanceId=null, protectEnable=true, protectPolicy=ProtectPolicy(event=0, initialDuration=0, deltaDuration=1, startRatio=20, endRatio=5, stepRatio=5), addMinProb=0.4, probAdj=1.0, lastSortType=0, configVersion=202507161101, algorithmVersion=, recommendServiceList=null, removeTriggerValue=0.2, algorithmTimeRule=[], ruleRemoveByAlgorithm=false, containServiceId=false, dropRepeatType=0, dropRepeatScore=0, delayDismiss=0, attenuationType=-1, attenuationFunc=-1, shouldFocus=false, focusTimestamp=null, orderID=null, serviceTimeStamp=0, serviceInstanceId=null, showType=0,delayExposureTimestamp=0, delayClickTimestamp=0, isSupportMultiInstance=false, , PantanalIntent(sceneId=null, intentId=12121002, policyName='TAKEOUT_ORDER_STATUS_CHANGE', sceneInstanceId=null, intentSrc=0, finalScore=-1.0, subDomain='takeout', action='pantanal.intent.takeout.VIEW_ORDER_PROGRESS', defaultScore=11.0,
07-29 19:31:19.265  8111 10554 I ContextAware_ContextAware_SortAlgorithmManager.SendMsg: Log Segmented Print(2): sortable=false, paramsFromUserPolicy=ParamsFromUserPolicy(exposureArgs=[], exposureFunc=-1, clickArgs=[], clickFunc=-1, timeArgs=[], timeFunc=-1, delayExposureArgs=null, delayClickArgs=null), cannotReduceRecommend=false, reduceReplaceKey=, isUnrecoverable=false, dropRepeatKey=, dropRepeatMode=-1, paramsFromService=content-length:2, isParamsSendToSeedling=false, forceRebuildSeedling=false, seedlingUiPolicy=0, paramsFromHabit=null, serviceList=null, serviceSelectPolicy=0, serviceSelectWeight=null, serviceId=, serviceIdFrom=null, recallScore=null, rankScore=-1.0, rerankScore=-1.0, requestId=null, userPolicyScore=-1.0, domain='life_service', cloudExtInfo=null, operation=1, showCount=0, clickCount=0, exposureTime=0, dtExperimentParams=null, createTime=1753831879264, lastUpdateTime=1753831879264, expireTime=240, , originalUpdateTime=1753831879264, sortRelatedId=0, addRelatedId=0, decisionHistoryList=null, businessData=null, cardOptions=null, instanceId=null, protectEnable=true, protectPolicy=ProtectPolicy(event=0, initialDuration=7, deltaDuration=3, startRatio=70, endRatio=10, stepRatio=20), addMinProb=0.4, probAdj=1.0, lastSortType=0, configVersion=202507161101, algorithmVersion=, recommendServiceList=null, removeTriggerValue=0.2, algorithmTimeRule=[], ruleRemoveByAlgorithm=false, containServiceId=false, dropRepeatType=0, dropRepeatScore=0, delayDismiss=0, attenuationType=-1, attenuationFunc=-1, shouldFocus=false, focusTimestamp=null, orderID=null, serviceTimeStamp=0, serviceInstanceId=null, showType=0,delayExposureTimestamp=0, delayClickTimestamp=0, isSupportMultiInstance=false, ]
07-29 19:31:19.265  8111 10554 I ContextAware_SortAlgorithmManager.SendMsg: sortForBatchRemoveIntentChange : batchIntentList is empty Just return
