07-28 02:50:35.250  1944  2020 I SnapAlloc: Using graphics libs for alignment calculations
07-28 02:50:35.250  4913  4913 I SystemUi--Keyguard: ScrimControllerExImp-->blur State to UNLOCK, bouncer=false changeFromBouncerScrim= false runnerUnlock= false goingAway=false hasHandle=true isOccludeAnimationPlaying=false
07-28 02:50:35.251  3456  5384 I InputDispatcher: injectInputEvent: targetUid=<not set>, syncMode=WAIT_FOR_FINISHED, timeout=30000ms, policyFlags=0x8000000, event=MotionEvent { action=MOVE, id[0]=0, x[0]=900, y[0]=863.967, eventTime=58968000000, downTime=58841000000, deviceId=4, source=TOUCHSCREEN, displayId=0, eventId=0xfaf71a23}
07-28 02:50:35.251  4913  4913 I SystemUi--Keyguard: ScrimControllerExImp-->blur State to UNLOCK, bouncer=false changeFromBouncerScrim= false runnerUnlock= false goingAway=false hasHandle=true isOccludeAnimationPlaying=false
07-28 02:50:35.259  4913  5414 I SystemUi--Statusbar: PrivacyDotViewController-->processNextViewState: 
07-28 02:50:35.259  4913  4913 I SystemUi--Keyguard: ScrimControllerExImp-->blur State to UNLOCK, bouncer=false changeFromBouncerScrim= false runnerUnlock= false goingAway=false hasHandle=true isOccludeAnimationPlaying=false
07-28 02:50:35.259  4913  5414 I SystemUi--Statusbar: PrivacyDotViewController-->resolveState ViewState(viewInitialized=true, systemPrivacyEventIsActive=false, shadeExpanded=true, needShow=false, portraitRect=Rect(0, 0 - 1080, 120), landscapeRect=Rect(120, 0 - 2376, 120), upsideDownRect=Rect(0, 0 - 1080, 120), seascapeRect=Rect(0, 0 - 2244, 120), layoutRtl=false, rotation=0, paddingTop=14, paddingBottom=15, cornerIndex=1, designatedCorner=android.widget.FrameLayout{58dca60 I.E...... ......ID 1032,0-1080,120 #7f0a09cd app:id/privacy_dot_top_right_container alpha=1.0 viewInfo = }, contentDescription=null, dotMargin=48)
07-28 02:50:35.259  3456  5384 I InputDispatcher: injectInputEvent: targetUid=<not set>, syncMode=WAIT_FOR_FINISHED, timeout=30000ms, policyFlags=0x8000000, event=MotionEvent { action=MOVE, id[0]=0, x[0]=900, y[0]=916.5, eventTime=58976000000, downTime=58841000000, deviceId=4, source=TOUCHSCREEN, displayId=0, eventId=0xdf04371c}
07-28 02:50:35.259  4913  4913 I SystemUi--Keyguard: ScrimControllerExImp-->blur State to UNLOCK, bouncer=false changeFromBouncerScrim= false runnerUnlock= false goingAway=false hasHandle=true isOccludeAnimationPlaying=false
07-28 02:50:35.266  1944  2020 I SnapAlloc: Using graphics libs for alignment calculations
07-28 02:50:35.267  4913  4913 I SystemUi--Keyguard: ScrimControllerExImp-->blur State to UNLOCK, bouncer=false changeFromBouncerScrim= false runnerUnlock= false goingAway=false hasHandle=true isOccludeAnimationPlaying=false
07-28 02:50:35.267  3456  5384 I InputDispatcher: injectInputEvent: targetUid=<not set>, syncMode=WAIT_FOR_FINISHED, timeout=30000ms, policyFlags=0x8000000, event=MotionEvent { action=MOVE, id[0]=0, x[0]=900, y[0]=969.033, eventTime=58984000000, downTime=58841000000, deviceId=4, source=TOUCHSCREEN, displayId=0, eventId=0xc360963d}
07-28 02:50:35.267  4913  4913 I SystemUi--Keyguard: ScrimControllerExImp-->blur State to UNLOCK, bouncer=false changeFromBouncerScrim= false runnerUnlock= false goingAway=false hasHandle=true isOccludeAnimationPlaying=false
07-28 02:50:35.275  3456  5384 I InputDispatcher: injectInputEvent: targetUid=<not set>, syncMode=WAIT_FOR_FINISHED, timeout=30000ms, policyFlags=0x8000000, event=MotionEvent { action=MOVE, id[0]=0, x[0]=900, y[0]=1028.13, eventTime=58993000000, downTime=58841000000, deviceId=4, source=TOUCHSCREEN, displayId=0, eventId=0xdbfbcb02}
07-28 02:50:35.275  4913  4913 I SystemUi--Keyguard: ScrimControllerExImp-->blur State to UNLOCK, bouncer=false changeFromBouncerScrim= false runnerUnlock= false goingAway=false hasHandle=true isOccludeAnimationPlaying=false
07-28 02:50:35.276  4913  4913 I SystemUi--Keyguard: ScrimControllerExImp-->blur State to UNLOCK, bouncer=false changeFromBouncerScrim= false runnerUnlock= false goingAway=false hasHandle=true isOccludeAnimationPlaying=false
07-28 02:50:35.284  1944  2020 I SnapAlloc: Using graphics libs for alignment calculations
07-28 02:50:35.284  3456  5384 I InputDispatcher: injectInputEvent: targetUid=<not set>, syncMode=WAIT_FOR_FINISHED, timeout=30000ms, policyFlags=0x8000000, event=MotionEvent { action=MOVE, id[0]=0, x[0]=900, y[0]=1087.23, eventTime=59002000000, downTime=58841000000, deviceId=4, source=TOUCHSCREEN, displayId=0, eventId=0xc16d1be2}
07-28 02:50:35.284  4913  4913 I SystemUi--Keyguard: ScrimControllerExImp-->blur State to UNLOCK, bouncer=false changeFromBouncerScrim= false runnerUnlock= false goingAway=false hasHandle=true isOccludeAnimationPlaying=false
07-28 02:50:35.285  4913  4913 I SystemUi--Keyguard: ScrimControllerExImp-->blur State to UNLOCK, bouncer=false changeFromBouncerScrim= false runnerUnlock= false goingAway=false hasHandle=true isOccludeAnimationPlaying=false
07-28 02:50:35.288  1949  4528 I Dpps    : LtmSwState::SetParameter():144 ignore cmd 7 in state LtmOffState
07-28 02:50:35.292  3456  5384 I InputDispatcher: injectInputEvent: targetUid=<not set>, syncMode=WAIT_FOR_FINISHED, timeout=30000ms, policyFlags=0x8000000, event=MotionEvent { action=MOVE, id[0]=0, x[0]=900, y[0]=1133.2, eventTime=59009000000, downTime=58841000000, deviceId=4, source=TOUCHSCREEN, displayId=0, eventId=0xd4cedd86}
07-28 02:50:35.292  4913  4913 I SystemUi--Keyguard: ScrimControllerExImp-->blur State to UNLOCK, bouncer=false changeFromBouncerScrim= false runnerUnlock= false goingAway=false hasHandle=true isOccludeAnimationPlaying=false
07-28 02:50:35.292  4913  4913 I SystemUi--Keyguard: ScrimControllerExImp-->blur State to UNLOCK, bouncer=false changeFromBouncerScrim= false runnerUnlock= false goingAway=false hasHandle=true isOccludeAnimationPlaying=false
07-28 02:50:35.300  1944  2020 I SnapAlloc: Using graphics libs for alignment calculations
07-28 02:50:35.300  4913  4913 I SystemUi--Keyguard: ScrimControllerExImp-->blur State to UNLOCK, bouncer=false changeFromBouncerScrim= false runnerUnlock= false goingAway=false hasHandle=true isOccludeAnimationPlaying=false
07-28 02:50:35.300  3456  5384 I InputDispatcher: injectInputEvent: targetUid=<not set>, syncMode=WAIT_FOR_FINISHED, timeout=30000ms, policyFlags=0x8000000, event=MotionEvent { action=MOVE, id[0]=0, x[0]=900, y[0]=1192.3, eventTime=59018000000, downTime=58841000000, deviceId=4, source=TOUCHSCREEN, displayId=0, eventId=0xd405659b}
07-28 02:50:35.301  4913  4913 I SystemUi--Keyguard: ScrimControllerExImp-->blur State to UNLOCK, bouncer=false changeFromBouncerScrim= false runnerUnlock= false goingAway=false hasHandle=true isOccludeAnimationPlaying=false
07-28 02:50:35.308  4913  4913 I SystemUi--Keyguard: ScrimControllerExImp-->blur State to UNLOCK, bouncer=false changeFromBouncerScrim= false runnerUnlock= false goingAway=false hasHandle=true isOccludeAnimationPlaying=false
07-28 02:50:35.308  3456  5384 I InputDispatcher: injectInputEvent: targetUid=<not set>, syncMode=WAIT_FOR_FINISHED, timeout=30000ms, policyFlags=0x8000000, event=MotionEvent { action=MOVE, id[0]=0, x[0]=900, y[0]=1244.83, eventTime=59026000000, downTime=58841000000, deviceId=4, source=TOUCHSCREEN, displayId=0, eventId=0xd0beb4ac}
07-28 02:50:35.308  4913  4913 I SystemUi--Keyguard: ScrimControllerExImp-->blur State to UNLOCK, bouncer=false changeFromBouncerScrim= false runnerUnlock= false goingAway=false hasHandle=true isOccludeAnimationPlaying=false
07-28 02:50:35.311  4913  4913 I SystemUi--QuickSettings: QsLottieUtils-->getLottieAnimFile : qs/qs_location_lottie_active_sep_dual_light.json
07-28 02:50:35.316  4913 13012 W LOG_Effective: Effective doesn't support layer effects. If you are using them for  fills, strokes, trim paths etc. then try adding them directly as contents  in your shape. Found: [Slider Control]
07-28 02:50:35.316  4913 13012 W LOG_Effective: Animation contains merge paths. Merge paths are only supported on KitKat+ and must be manually enabled by calling enableMergePathsForKitKatAndAbove().
07-28 02:50:35.316  4913  5557 D HWUI    : OplusRenderNodeAnimator end!
07-28 02:50:35.316  4913  5557 D HWUI    : OplusRenderNodeAnimator end!
07-28 02:50:35.316  4913  5557 D HWUI    : OplusRenderNodeAnimator end!
07-28 02:50:35.316  4913  5557 D HWUI    : OplusRenderNodeAnimator end!
07-28 02:50:35.316  4913  4913 I SystemUi--Statusbar: CollapsedStatusBarFragmentExImpl-->animateHiddenState onAnimationEnd v:com.oplus.systemui.statusbar.widget.EndSideContentLayout{170684b V.E...... ........ 172,0-440,91 #7f0a0c16 app:id/status_bar_end_side_content alpha=1.0 viewInfo = }  v alpha:1.0 v render alpha:0.0 animateAlpha=0.0
07-28 02:50:35.317  1944  2020 I SnapAlloc: Using graphics libs for alignment calculations
07-28 02:50:35.317  4913  4913 I SystemUi--Keyguard: ScrimControllerExImp-->blur State to UNLOCK, bouncer=false changeFromBouncerScrim= false runnerUnlock= false goingAway=false hasHandle=true isOccludeAnimationPlaying=false
07-28 02:50:35.317  3456  5384 I InputDispatcher: injectInputEvent: targetUid=<not set>, syncMode=WAIT_FOR_FINISHED, timeout=30000ms, policyFlags=0x8000000, event=MotionEvent { action=MOVE, id[0]=0, x[0]=900, y[0]=1303.93, eventTime=59035000000, downTime=58841000000, deviceId=4, source=TOUCHSCREEN, displayId=0, eventId=0xd3891a20}
07-28 02:50:35.318  4913  4913 I SystemUi--Keyguard: ScrimControllerExImp-->blur State to UNLOCK, bouncer=false changeFromBouncerScrim= false runnerUnlock= false goingAway=false hasHandle=true isOccludeAnimationPlaying=false
07-28 02:50:35.324  4913  4913 I SystemUi--QuickSettings: QsLottieUtils-->getLottieAnimFile : qs/qs_nfc_lottie_active_sep_dual_light.json
07-28 02:50:35.324  4913  4913 I SystemUi--Statusbar: CollapsedStatusBarFragmentExImpl-->animateHiddenState onAnimationEnd v:com.android.keyguard.AlphaOptimizedLinearLayout{b343d25 V.E...... ........ 0,0-48,91 alpha=1.0 viewInfo = }  v alpha:1.0 v render alpha:0.0 animateAlpha=0.0
07-28 02:50:35.324  4913  4913 I SystemUi--Statusbar: CollapsedStatusBarFragmentExImpl-->animateHiddenState onAnimationEnd v:com.oplus.systemui.statusbar.seeding.CapsulePluginContainer{4df9b4b V.E...... ........ 0,0-1080,120 #7f0a0b3b app:id/seeding_card_container alpha=1.0 viewInfo = }  v alpha:1.0 v render alpha:0.0 animateAlpha=0.0
07-28 02:50:35.325  4913  4913 I SystemUi--Statusbar: CollapsedStatusBarFragmentExImpl-->animateHiddenState onAnimationEnd v:com.oplus.systemui.statusbar.widget.StatClock{61ba301 V.ED..... ........ 0,0-138,91 #7f0a02b9 app:id/clock alpha=1.0 viewInfo = }  v alpha:1.0 v render alpha:0.0 animateAlpha=0.0
07-28 02:50:35.325  4913  4913 W LOG_Effective: Animation contains merge paths but they are disabled.
07-28 02:50:35.326  4913  4913 I SystemUi--Keyguard: ScrimControllerExImp-->blur State to UNLOCK, bouncer=false changeFromBouncerScrim= false runnerUnlock= false goingAway=false hasHandle=true isOccludeAnimationPlaying=false
07-28 02:50:35.326  3456  5384 I InputDispatcher: injectInputEvent: targetUid=<not set>, syncMode=WAIT_FOR_FINISHED, timeout=30000ms, policyFlags=0x8000000, event=MotionEvent { action=MOVE, id[0]=0, x[0]=900, y[0]=1363.03, eventTime=59044000000, downTime=58841000000, deviceId=4, source=TOUCHSCREEN, displayId=0, eventId=0xf4ea6c37}
07-28 02:50:35.327  4913  4913 I SystemUi--Keyguard: ScrimControllerExImp-->blur State to UNLOCK, bouncer=false changeFromBouncerScrim= false runnerUnlock= false goingAway=false hasHandle=true isOccludeAnimationPlaying=false
07-28 02:50:35.333  1944  2020 I SnapAlloc: Using graphics libs for alignment calculations
07-28 02:50:35.336  3456  5384 I InputDispatcher: injectInputEvent: targetUid=<not set>, syncMode=WAIT_FOR_FINISHED, timeout=30000ms, policyFlags=0x8000000, event=MotionEvent { action=MOVE, id[0]=0, x[0]=900, y[0]=1428.7, eventTime=59054000000, downTime=58841000000, deviceId=4, source=TOUCHSCREEN, displayId=0, eventId=0xc781fd3f}
07-28 02:50:35.336  4913  4913 I SystemUi--Keyguard: ScrimControllerExImp-->blur State to UNLOCK, bouncer=false changeFromBouncerScrim= false runnerUnlock= false goingAway=false hasHandle=true isOccludeAnimationPlaying=false
07-28 02:50:35.336  3456  3794 D PowerManagerService: userActivityNoUpdateLocked: groupId=0, eventTime=59054, event=touch, flags=0x0, uid=1000
07-28 02:50:35.336  4913  4913 I SystemUi--Keyguard: ScrimControllerExImp-->blur State to UNLOCK, bouncer=false changeFromBouncerScrim= false runnerUnlock= false goingAway=false hasHandle=true isOccludeAnimationPlaying=false
07-28 02:50:35.341  4913  4913 I SystemUi--Keyguard: ScrimControllerExImp-->blur State to UNLOCK, bouncer=false changeFromBouncerScrim= false runnerUnlock= false goingAway=false hasHandle=true isOccludeAnimationPlaying=false
07-28 02:50:35.341  3456  5384 I InputDispatcher: injectInputEvent: targetUid=<not set>, syncMode=WAIT_FOR_FINISHED, timeout=30000ms, policyFlags=0x8000000, event=MotionEvent { action=MOVE, id[0]=0, x[0]=900, y[0]=1461.53, eventTime=59059000000, downTime=58841000000, deviceId=4, source=TOUCHSCREEN, displayId=0, eventId=0xc2345138}
07-28 02:50:35.342  4913  4913 I SystemUi--Keyguard: ScrimControllerExImp-->blur State to UNLOCK, bouncer=false changeFromBouncerScrim= false runnerUnlock= false goingAway=false hasHandle=true isOccludeAnimationPlaying=false
07-28 02:50:35.347  2042  2042 D SensorFeature: name=ssc_screenshot_info ,index = 22
07-28 02:50:35.347  2042  2042 D SensorFeature: write 29 bytes:59056774351,59065107684,162,0
07-28 02:50:35.350  1944  2020 I SnapAlloc: Using graphics libs for alignment calculations
07-28 02:50:35.350  3456  5384 I InputDispatcher: injectInputEvent: targetUid=<not set>, syncMode=WAIT_FOR_FINISHED, timeout=30000ms, policyFlags=0x8000000, event=MotionEvent { action=MOVE, id[0]=0, x[0]=900, y[0]=1514.07, eventTime=59067000000, downTime=58841000000, deviceId=4, source=TOUCHSCREEN, displayId=0, eventId=0xf55ef25e}
07-28 02:50:35.350  4913  4913 I SystemUi--Keyguard: ScrimControllerExImp-->blur State to UNLOCK, bouncer=false changeFromBouncerScrim= false runnerUnlock= false goingAway=false hasHandle=true isOccludeAnimationPlaying=false
07-28 02:50:35.350  4913  4913 I SystemUi--Keyguard: ScrimControllerExImp-->blur State to UNLOCK, bouncer=false changeFromBouncerScrim= false runnerUnlock= false goingAway=false hasHandle=true isOccludeAnimationPlaying=false
07-28 02:50:35.358  3456  5384 I InputDispatcher: injectInputEvent: targetUid=<not set>, syncMode=WAIT_FOR_FINISHED, timeout=30000ms, policyFlags=0x8000000, event=MotionEvent { action=MOVE, id[0]=0, x[0]=900, y[0]=1573.17, eventTime=59076000000, downTime=58841000000, deviceId=4, source=TOUCHSCREEN, displayId=0, eventId=0xcfd5be9e}
07-28 02:50:35.358  4913  4913 I SystemUi--Keyguard: ScrimControllerExImp-->blur State to UNLOCK, bouncer=false changeFromBouncerScrim= false runnerUnlock= false goingAway=false hasHandle=true isOccludeAnimationPlaying=false
07-28 02:50:35.359  4913  4913 I SystemUi--Keyguard: ScrimControllerExImp-->blur State to UNLOCK, bouncer=false changeFromBouncerScrim= false runnerUnlock= false goingAway=false hasHandle=true isOccludeAnimationPlaying=false
07-28 02:50:35.367  1944  2020 I SnapAlloc: Using graphics libs for alignment calculations
07-28 02:50:35.367  4913  4913 I SystemUi--Keyguard: ScrimControllerExImp-->blur State to UNLOCK, bouncer=false changeFromBouncerScrim= false runnerUnlock= false goingAway=false hasHandle=true isOccludeAnimationPlaying=false
07-28 02:50:35.367  3456  5384 I InputDispatcher: injectInputEvent: targetUid=<not set>, syncMode=WAIT_FOR_FINISHED, timeout=30000ms, policyFlags=0x8000000, event=MotionEvent { action=MOVE, id[0]=0, x[0]=900, y[0]=1632.27, eventTime=59085000000, downTime=58841000000, deviceId=4, source=TOUCHSCREEN, displayId=0, eventId=0xefc309e0}
07-28 02:50:35.368  4913  4913 I SystemUi--Keyguard: ScrimControllerExImp-->blur State to UNLOCK, bouncer=false changeFromBouncerScrim= false runnerUnlock= false goingAway=false hasHandle=true isOccludeAnimationPlaying=false
07-28 02:50:35.375  4913  4913 I SystemUi--Keyguard: ScrimControllerExImp-->blur State to UNLOCK, bouncer=false changeFromBouncerScrim= false runnerUnlock= false goingAway=false hasHandle=true isOccludeAnimationPlaying=false
07-28 02:50:35.375  3456  5384 I InputDispatcher: injectInputEvent: targetUid=<not set>, syncMode=WAIT_FOR_FINISHED, timeout=30000ms, policyFlags=0x8000000, event=MotionEvent { action=MOVE, id[0]=0, x[0]=900, y[0]=1684.8, eventTime=59093000000, downTime=58841000000, deviceId=4, source=TOUCHSCREEN, displayId=0, eventId=0xcd721930}
07-28 02:50:35.376  4913  4913 I SystemUi--Keyguard: ScrimControllerExImp-->blur State to UNLOCK, bouncer=false changeFromBouncerScrim= false runnerUnlock= false goingAway=false hasHandle=true isOccludeAnimationPlaying=false
07-28 02:50:35.383  1944  2020 I SnapAlloc: Using graphics libs for alignment calculations
07-28 02:50:35.383  4913  4913 I SystemUi--Keyguard: ScrimControllerExImp-->blur State to UNLOCK, bouncer=false changeFromBouncerScrim= false runnerUnlock= false goingAway=false hasHandle=true isOccludeAnimationPlaying=false
07-28 02:50:35.383  3456  5384 I InputDispatcher: injectInputEvent: targetUid=<not set>, syncMode=WAIT_FOR_FINISHED, timeout=30000ms, policyFlags=0x8000000, event=MotionEvent { action=MOVE, id[0]=0, x[0]=900, y[0]=1737.33, eventTime=59101000000, downTime=58841000000, deviceId=4, source=TOUCHSCREEN, displayId=0, eventId=0xe7ae37f8}
07-28 02:50:35.383  4913  4913 I SystemUi--Keyguard: ScrimControllerExImp-->blur State to UNLOCK, bouncer=false changeFromBouncerScrim= false runnerUnlock= false goingAway=false hasHandle=true isOccludeAnimationPlaying=false
07-28 02:50:35.391  3456  5384 I InputDispatcher: injectInputEvent: targetUid=<not set>, syncMode=WAIT_FOR_FINISHED, timeout=30000ms, policyFlags=0x8000000, event=MotionEvent { action=MOVE, id[0]=0, x[0]=900, y[0]=1789.87, eventTime=59109000000, downTime=58841000000, deviceId=4, source=TOUCHSCREEN, displayId=0, eventId=0xcb8372f7}
07-28 02:50:35.391  4913  4913 I SystemUi--Keyguard: ScrimControllerExImp-->blur State to UNLOCK, bouncer=false changeFromBouncerScrim= false runnerUnlock= false goingAway=false hasHandle=true isOccludeAnimationPlaying=false
07-28 02:50:35.392  4913  4913 I SystemUi--Keyguard: ScrimControllerExImp-->blur State to UNLOCK, bouncer=false changeFromBouncerScrim= false runnerUnlock= false goingAway=false hasHandle=true isOccludeAnimationPlaying=false
07-28 02:50:35.400  1944  2020 I SnapAlloc: Using graphics libs for alignment calculations
07-28 02:50:35.400  4913  4913 I SystemUi--Keyguard: ScrimControllerExImp-->blur State to UNLOCK, bouncer=false changeFromBouncerScrim= false runnerUnlock= false goingAway=false hasHandle=true isOccludeAnimationPlaying=false
07-28 02:50:35.400  3456  5384 I InputDispatcher: injectInputEvent: targetUid=<not set>, syncMode=WAIT_FOR_FINISHED, timeout=30000ms, policyFlags=0x8000000, event=MotionEvent { action=MOVE, id[0]=0, x[0]=900, y[0]=1842.4, eventTime=59117000000, downTime=58841000000, deviceId=4, source=TOUCHSCREEN, displayId=0, eventId=0xe9862eda}
07-28 02:50:35.400  4913  4913 I SystemUi--Keyguard: ScrimControllerExImp-->blur State to UNLOCK, bouncer=false changeFromBouncerScrim= false runnerUnlock= false goingAway=false hasHandle=true isOccludeAnimationPlaying=false
07-28 02:50:35.408  3456  5384 I InputDispatcher: injectInputEvent: targetUid=<not set>, syncMode=WAIT_FOR_FINISHED, timeout=30000ms, policyFlags=0x8000000, event=MotionEvent { action=MOVE, id[0]=0, x[0]=900, y[0]=1901.5, eventTime=59126000000, downTime=58841000000, deviceId=4, source=TOUCHSCREEN, displayId=0, eventId=0xe15561aa}
07-28 02:50:35.408  4913  4913 I SystemUi--Keyguard: ScrimControllerExImp-->blur State to UNLOCK, bouncer=false changeFromBouncerScrim= false runnerUnlock= false goingAway=false hasHandle=true isOccludeAnimationPlaying=false
07-28 02:50:35.409  4913  4913 I SystemUi--Keyguard: ScrimControllerExImp-->blur State to UNLOCK, bouncer=false changeFromBouncerScrim= false runnerUnlock= false goingAway=false hasHandle=true isOccludeAnimationPlaying=false
07-28 02:50:35.416  1944  2020 I SnapAlloc: Using graphics libs for alignment calculations
07-28 02:50:35.417  4913  4913 I SystemUi--Keyguard: ScrimControllerExImp-->blur State to UNLOCK, bouncer=false changeFromBouncerScrim= false runnerUnlock= false goingAway=false hasHandle=true isOccludeAnimationPlaying=false
07-28 02:50:35.417  3456  5384 I InputDispatcher: injectInputEvent: targetUid=<not set>, syncMode=WAIT_FOR_FINISHED, timeout=30000ms, policyFlags=0x8000000, event=MotionEvent { action=MOVE, id[0]=0, x[0]=900, y[0]=1954.03, eventTime=59134000000, downTime=58841000000, deviceId=4, source=TOUCHSCREEN, displayId=0, eventId=0xf7a07696}
07-28 02:50:35.417  4913  4913 I SystemUi--Keyguard: ScrimControllerExImp-->blur State to UNLOCK, bouncer=false changeFromBouncerScrim= false runnerUnlock= false goingAway=false hasHandle=true isOccludeAnimationPlaying=false
07-28 02:50:35.425  3456  5384 I InputDispatcher: injectInputEvent: targetUid=<not set>, syncMode=WAIT_FOR_FINISHED, timeout=30000ms, policyFlags=0x8000000, event=MotionEvent { action=UP, id[0]=0, x[0]=900, y[0]=2000, eventTime=59142000000, downTime=58841000000, deviceId=4, source=TOUCHSCREEN, displayId=0, eventId=0xd0747b86}
07-28 02:50:35.425  4913  4913 I SystemUi--Keyguard: ScrimControllerExImp-->blur State to UNLOCK, bouncer=false changeFromBouncerScrim= false runnerUnlock= false goingAway=false hasHandle=true isOccludeAnimationPlaying=false
07-28 02:50:35.425  3456  4879 D UAH-UahAdaptHelper: adaptSetNotification identity = OplusUAwareInputHelpersrc = 1000 , type 1 ,p1 = -1 ,p2 = -1 ,p3 = -1 ,p4 =
07-28 02:50:35.425  3456  4879 I [UAH_CLIENT]: uahRuleCtl, ruleId:1000, status:1
07-28 02:50:35.425  4913  4913 I SystemUi--Keyguard: ScrimControllerExImp-->blur State to UNLOCK, bouncer=false changeFromBouncerScrim= false runnerUnlock= false goingAway=false hasHandle=true isOccludeAnimationPlaying=false
07-28 02:50:35.425  3456  4487 D OplusViewDebugManager: OplusViewDebugManager Constructor android.view.debug.OplusViewDebugManager@750e519 [mHasViewDebugProperty true] [mHasMsgDebugProperty false] [DEBUG false] [EXTRAINFOENABLE false] [LIGHT_OS false]
07-28 02:50:35.425  3456  4487 D OplusViewDebugManager: OplusViewDebugManager Constructor android.view.debug.OplusViewDebugManager@d9559de [mHasViewDebugProperty true] [mHasMsgDebugProperty false] [DEBUG false] [EXTRAINFOENABLE false] [LIGHT_OS false]
07-28 02:50:35.426  3456  4879 I [UAH_CLIENT]: UahRelease, handle:35
07-28 02:50:35.426  3456  4879 I [UAH_CLIENT]: UahEventAcquire, cmdid:6, pkg:none, identity:OplusUAwareInputHelper
07-28 02:50:35.428  4913  4913 I SystemUi--Statusbar: OplusStatusBarWindowViewTouchExImpl-->onTouchEvent handled:false
07-28 02:50:35.428  4913  4913 I SystemUi--QuickSettings: OplusPanelViewPagerController-->reset
07-28 02:50:35.428  4913  4913 I SystemUi--QuickSettings: OplusPanelViewPagerController-->reset
07-28 02:50:35.428  4913  5445 I [UAH_CLIENT]: UahRelease, handle:34
07-28 02:50:35.428  4913  4913 I SystemUi--QuickSettings: OplusQSRootViewController-->endMotionEvent, expand: true, vel: 6566.6504, vectorVel: 6566.6504  isClosing=false panelClosedOnDown=true canSlideHToQSOnStatusBar=true
07-28 02:50:35.428  4913  4913 I SystemUi--QuickSettings: OplusQSRootViewController-->fling qs, expand: true, vel: 6566.6504
07-28 02:50:35.428  4913  4913 I SystemUi--QuickSettings: QSPanelExpandFraction-->animateExpanded, isExpanded=true, (0.9655525 -> 1.0), lastFinalPosition=1.0
07-28 02:50:35.428  4913  4913 I SystemUi--QuickSettings: QSPanelTranslationY-->animateExpandTranslationY, isExpanded=true, threshold=156.0
07-28 02:50:35.428  4913  4913 I SystemUi--QuickSettings: QSPanelAnimatorManager-->startRebound
07-28 02:50:35.428  4913  5445 I [UAH_CLIENT]: UahEventAcquire, cmdid:97, pkg:none, identity:OsenseHelperImpl
07-28 02:50:35.428  1965  2015 I [UAH_CLIENT]: UahPlatformResAcquire
07-28 02:50:35.428  1965  2015 I [UAH_CLIENT]: UahEventAcquire, cmdid:-3, pkg:1965 7137, identity:qcom-perfd
07-28 02:50:35.428  4913  4913 I SystemUi--QuickSettings: OplusPanelViewPagerController-->notifySeparateQSEndMotionEvent currentNotifyFraction=0.0  fraction=0.9655525 notifyExpandedFraction=0.0 fractionListeners.size=0
07-28 02:50:35.428  4913  4913 I SystemUi--QuickSettings: OplusQSRootViewController-->resetTouch
07-28 02:50:35.428  4913  4913 D OplusViewDragTouchViewHelper: dispatchTouchView action = 1
07-28 02:50:35.428  4913  4913 D OplusViewDragTouchViewHelper: dispatchTouchView action = 1
07-28 02:50:35.428  4913  4913 D OplusViewDragTouchViewHelper: dispatchTouchView action = 1
07-28 02:50:35.429  1965  2015 E PERFHAL-RESOURCEQS: PERFHAL-RESOURCEQS: AddAndApply() 130: Resource with major=18, minor=30 not supported
07-28 02:50:35.429  1965  2015 E PERFHAL-RESOURCEQS: PERFHAL-RESOURCEQS: AddAndApply() 130: Resource with major=18, minor=31 not supported
07-28 02:50:35.433  4913  4913 I SystemUi--Keyguard: ScrimControllerExImp-->blur State to UNLOCK, bouncer=false changeFromBouncerScrim= false runnerUnlock= false goingAway=false hasHandle=true isOccludeAnimationPlaying=false
07-28 02:50:35.433  1944  2020 I SnapAlloc: Using graphics libs for alignment calculations
07-28 02:50:35.433  4913  4913 I SystemUi--Keyguard: ScrimControllerExImp-->blur State to UNLOCK, bouncer=false changeFromBouncerScrim= false runnerUnlock= false goingAway=false hasHandle=true isOccludeAnimationPlaying=false
07-28 02:50:35.441  4913  4913 I SystemUi--Keyguard: ScrimControllerExImp-->blur State to UNLOCK, bouncer=false changeFromBouncerScrim= false runnerUnlock= false goingAway=false hasHandle=true isOccludeAnimationPlaying=false
07-28 02:50:35.441  4913  4913 I SystemUi--Keyguard: ScrimControllerExImp-->blur State to UNLOCK, bouncer=false changeFromBouncerScrim= false runnerUnlock= false goingAway=false hasHandle=true isOccludeAnimationPlaying=false
07-28 02:50:35.449  4913  4913 I SystemUi--Keyguard: ScrimControllerExImp-->blur State to UNLOCK, bouncer=false changeFromBouncerScrim= false runnerUnlock= false goingAway=false hasHandle=true isOccludeAnimationPlaying=false
07-28 02:50:35.449  1944  2020 I SnapAlloc: Using graphics libs for alignment calculations
07-28 02:50:35.450  4913  4913 I SystemUi--Keyguard: ScrimControllerExImp-->blur State to UNLOCK, bouncer=false changeFromBouncerScrim= false runnerUnlock= false goingAway=false hasHandle=true isOccludeAnimationPlaying=false
07-28 02:50:35.457  4913  4913 I SystemUi--Keyguard: ScrimControllerExImp-->blur State to UNLOCK, bouncer=false changeFromBouncerScrim= false runnerUnlock= false goingAway=false hasHandle=true isOccludeAnimationPlaying=false
07-28 02:50:35.458  4913  4913 I SystemUi--Keyguard: ScrimControllerExImp-->blur State to UNLOCK, bouncer=false changeFromBouncerScrim= false runnerUnlock= false goingAway=false hasHandle=true isOccludeAnimationPlaying=false
07-28 02:50:35.466  4913  4913 I SystemUi--Keyguard: ScrimControllerExImp-->blur State to UNLOCK, bouncer=false changeFromBouncerScrim= false runnerUnlock= false goingAway=false hasHandle=true isOccludeAnimationPlaying=false
07-28 02:50:35.466  1944  2020 I SnapAlloc: Using graphics libs for alignment calculations
07-28 02:50:35.466  4913  4913 I SystemUi--Keyguard: ScrimControllerExImp-->blur State to UNLOCK, bouncer=false changeFromBouncerScrim= false runnerUnlock= false goingAway=false hasHandle=true isOccludeAnimationPlaying=false
07-28 02:50:35.474  4913  4913 I SystemUi--Keyguard: ScrimControllerExImp-->blur State to UNLOCK, bouncer=false changeFromBouncerScrim= false runnerUnlock= false goingAway=false hasHandle=true isOccludeAnimationPlaying=false
07-28 02:50:35.475  4913  4913 I SystemUi--Keyguard: ScrimControllerExImp-->blur State to UNLOCK, bouncer=false changeFromBouncerScrim= false runnerUnlock= false goingAway=false hasHandle=true isOccludeAnimationPlaying=false
07-28 02:50:35.482  4913  4913 I SystemUi--Keyguard: ScrimControllerExImp-->blur State to UNLOCK, bouncer=false changeFromBouncerScrim= false runnerUnlock= false goingAway=false hasHandle=true isOccludeAnimationPlaying=false
07-28 02:50:35.483  1944  2020 I SnapAlloc: Using graphics libs for alignment calculations
07-28 02:50:35.483  4913  4913 I SystemUi--Keyguard: ScrimControllerExImp-->blur State to UNLOCK, bouncer=false changeFromBouncerScrim= false runnerUnlock= false goingAway=false hasHandle=true isOccludeAnimationPlaying=false
07-28 02:50:35.491  4913  4913 I SystemUi--Keyguard: ScrimControllerExImp-->blur State to UNLOCK, bouncer=false changeFromBouncerScrim= false runnerUnlock= false goingAway=false hasHandle=true isOccludeAnimationPlaying=false
07-28 02:50:35.491  4913  4913 I SystemUi--Keyguard: ScrimControllerExImp-->blur State to UNLOCK, bouncer=false changeFromBouncerScrim= false runnerUnlock= false goingAway=false hasHandle=true isOccludeAnimationPlaying=false
07-28 02:50:35.499  4913  4913 I SystemUi--Keyguard: ScrimControllerExImp-->blur State to UNLOCK, bouncer=false changeFromBouncerScrim= false runnerUnlock= false goingAway=false hasHandle=true isOccludeAnimationPlaying=false
07-28 02:50:35.499  1944  2020 I SnapAlloc: Using graphics libs for alignment calculations
07-28 02:50:35.500  4913  4913 I SystemUi--Keyguard: ScrimControllerExImp-->blur State to UNLOCK, bouncer=false changeFromBouncerScrim= false runnerUnlock= false goingAway=false hasHandle=true isOccludeAnimationPlaying=false
07-28 02:50:35.507  4913  4913 I SystemUi--Keyguard: ScrimControllerExImp-->blur State to UNLOCK, bouncer=false changeFromBouncerScrim= false runnerUnlock= false goingAway=false hasHandle=true isOccludeAnimationPlaying=false
07-28 02:50:35.508  4913  4913 I SystemUi--Keyguard: ScrimControllerExImp-->blur State to UNLOCK, bouncer=false changeFromBouncerScrim= false runnerUnlock= false goingAway=false hasHandle=true isOccludeAnimationPlaying=false
07-28 02:50:35.516  4913  4913 I SystemUi--Keyguard: ScrimControllerExImp-->blur State to UNLOCK, bouncer=false changeFromBouncerScrim= false runnerUnlock= false goingAway=false hasHandle=true isOccludeAnimationPlaying=false
07-28 02:50:35.516  1944  2020 I SnapAlloc: Using graphics libs for alignment calculations
07-28 02:50:35.516  4913  4913 I SystemUi--Keyguard: ScrimControllerExImp-->blur State to UNLOCK, bouncer=false changeFromBouncerScrim= false runnerUnlock= false goingAway=false hasHandle=true isOccludeAnimationPlaying=false
07-28 02:50:35.524  4913  4913 I SystemUi--Keyguard: ScrimControllerExImp-->blur State to UNLOCK, bouncer=false changeFromBouncerScrim= false runnerUnlock= false goingAway=false hasHandle=true isOccludeAnimationPlaying=false
07-28 02:50:35.525  4913  4913 I SystemUi--Keyguard: ScrimControllerExImp-->blur State to UNLOCK, bouncer=false changeFromBouncerScrim= false runnerUnlock= false goingAway=false hasHandle=true isOccludeAnimationPlaying=false
07-28 02:50:35.532  4913  4913 I SystemUi--Keyguard: ScrimControllerExImp-->blur State to UNLOCK, bouncer=false changeFromBouncerScrim= false runnerUnlock= false goingAway=false hasHandle=true isOccludeAnimationPlaying=false
07-28 02:50:35.532  1944  2020 I SnapAlloc: Using graphics libs for alignment calculations
07-28 02:50:35.533  4913  4913 I SystemUi--Keyguard: ScrimControllerExImp-->blur State to UNLOCK, bouncer=false changeFromBouncerScrim= false runnerUnlock= false goingAway=false hasHandle=true isOccludeAnimationPlaying=false
07-28 02:50:35.540  4913  4913 I SystemUi--Keyguard: ScrimControllerExImp-->blur State to UNLOCK, bouncer=false changeFromBouncerScrim= false runnerUnlock= false goingAway=false hasHandle=true isOccludeAnimationPlaying=false
07-28 02:50:35.541  4913  4913 I SystemUi--Keyguard: ScrimControllerExImp-->blur State to UNLOCK, bouncer=false changeFromBouncerScrim= false runnerUnlock= false goingAway=false hasHandle=true isOccludeAnimationPlaying=false
07-28 02:50:35.549  4913  4913 I SystemUi--Keyguard: ScrimControllerExImp-->blur State to UNLOCK, bouncer=false changeFromBouncerScrim= false runnerUnlock= false goingAway=false hasHandle=true isOccludeAnimationPlaying=false
07-28 02:50:35.549  4913  4913 I SystemUi--Keyguard: ScrimControllerExImp-->blur State to UNLOCK, bouncer=false changeFromBouncerScrim= false runnerUnlock= false goingAway=false hasHandle=true isOccludeAnimationPlaying=false
07-28 02:50:35.550  1944  2020 I SnapAlloc: Using graphics libs for alignment calculations
07-28 02:50:35.552  1873  4508 I sensors-hal: handle_oplus_wise_rgb_event:189, high_pwm_light:lux 1.8,cct 5300.0,brl/algo/ir 78.0/2.0/0.0,pwm/dc 0.0/0.0,rgbc 111.124352/79.603760/37.405632/245.596313,ts 59057691505,cnt 850,flag 162
07-28 02:50:35.553  3456  4427 D FusionLightNextGen: process end reported = 1, mode: 0, lux 0.0, cct -1.0, r/g/b/c: 103.9/79.6/35.4/248.2, R/G/B: 143.0/88.0/84.0, bri 78.0, match 0.74, ir 0.000000, conf 0.0, ts 59065949525
07-28 02:50:35.553  1949  4528 I Dpps    : LtmSwState::SetParameter():144 ignore cmd 7 in state LtmOffState
07-28 02:50:35.557  4913  4913 I SystemUi--Keyguard: ScrimControllerExImp-->blur State to UNLOCK, bouncer=false changeFromBouncerScrim= false runnerUnlock= false goingAway=false hasHandle=true isOccludeAnimationPlaying=false
07-28 02:50:35.557  4913  4913 I SystemUi--Keyguard: ScrimControllerExImp-->blur State to UNLOCK, bouncer=false changeFromBouncerScrim= false runnerUnlock= false goingAway=false hasHandle=true isOccludeAnimationPlaying=false
07-28 02:50:35.565  4913  4913 I SystemUi--Keyguard: ScrimControllerExImp-->blur State to UNLOCK, bouncer=false changeFromBouncerScrim= false runnerUnlock= false goingAway=false hasHandle=true isOccludeAnimationPlaying=false
07-28 02:50:35.565  1944  2020 I SnapAlloc: Using graphics libs for alignment calculations
07-28 02:50:35.566  4913  4913 I SystemUi--Keyguard: ScrimControllerExImp-->blur State to UNLOCK, bouncer=false changeFromBouncerScrim= false runnerUnlock= false goingAway=false hasHandle=true isOccludeAnimationPlaying=false
07-28 02:50:35.574  4913  4913 I SystemUi--Keyguard: ScrimControllerExImp-->blur State to UNLOCK, bouncer=false changeFromBouncerScrim= false runnerUnlock= false goingAway=false hasHandle=true isOccludeAnimationPlaying=false
07-28 02:50:35.574  4913  4913 I SystemUi--Keyguard: ScrimControllerExImp-->blur State to UNLOCK, bouncer=false changeFromBouncerScrim= false runnerUnlock= false goingAway=false hasHandle=true isOccludeAnimationPlaying=false
07-28 02:50:35.582  4913  4913 I SystemUi--Keyguard: ScrimControllerExImp-->blur State to UNLOCK, bouncer=false changeFromBouncerScrim= false runnerUnlock= false goingAway=false hasHandle=true isOccludeAnimationPlaying=false
07-28 02:50:35.582  1944  2020 I SnapAlloc: Using graphics libs for alignment calculations
07-28 02:50:35.583  4913  4913 I SystemUi--Keyguard: ScrimControllerExImp-->blur State to UNLOCK, bouncer=false changeFromBouncerScrim= false runnerUnlock= false goingAway=false hasHandle=true isOccludeAnimationPlaying=false
07-28 02:50:35.590  4913  4913 I SystemUi--Keyguard: ScrimControllerExImp-->blur State to UNLOCK, bouncer=false changeFromBouncerScrim= false runnerUnlock= false goingAway=false hasHandle=true isOccludeAnimationPlaying=false
07-28 02:50:35.591  4913  4913 I SystemUi--Keyguard: ScrimControllerExImp-->blur State to UNLOCK, bouncer=false changeFromBouncerScrim= false runnerUnlock= false goingAway=false hasHandle=true isOccludeAnimationPlaying=false
07-28 02:50:35.599  4913  4913 I SystemUi--Keyguard: ScrimControllerExImp-->blur State to UNLOCK, bouncer=false changeFromBouncerScrim= false runnerUnlock= false goingAway=false hasHandle=true isOccludeAnimationPlaying=false
07-28 02:50:35.600  1944  2020 I SnapAlloc: Using graphics libs for alignment calculations
07-28 02:50:35.600  4913  4913 I SystemUi--Keyguard: ScrimControllerExImp-->blur State to UNLOCK, bouncer=false changeFromBouncerScrim= false runnerUnlock= false goingAway=false hasHandle=true isOccludeAnimationPlaying=false
07-28 02:50:35.607  4913  4913 I SystemUi--Keyguard: ScrimControllerExImp-->blur State to UNLOCK, bouncer=false changeFromBouncerScrim= false runnerUnlock= false goingAway=false hasHandle=true isOccludeAnimationPlaying=false
07-28 02:50:35.607  4913  4913 I SystemUi--Keyguard: ScrimControllerExImp-->blur State to UNLOCK, bouncer=false changeFromBouncerScrim= false runnerUnlock= false goingAway=false hasHandle=true isOccludeAnimationPlaying=false
07-28 02:50:35.615  4913  4913 I SystemUi--Keyguard: ScrimControllerExImp-->blur State to UNLOCK, bouncer=false changeFromBouncerScrim= false runnerUnlock= false goingAway=false hasHandle=true isOccludeAnimationPlaying=false
07-28 02:50:35.615  4913  4913 I SystemUi--Keyguard: ScrimControllerExImp-->blur State to UNLOCK, bouncer=false changeFromBouncerScrim= false runnerUnlock= false goingAway=false hasHandle=true isOccludeAnimationPlaying=false
07-28 02:50:35.615  1944  2020 I SnapAlloc: Using graphics libs for alignment calculations
07-28 02:50:35.622  2042  2042 D SensorFeature: name=ssc_screenshot_info ,index = 22
07-28 02:50:35.622  2042  2042 D SensorFeature: write 29 bytes:59331377788,59339711121,163,0
07-28 02:50:35.625  4913  4913 I SystemUi--Keyguard: ScrimControllerExImp-->blur State to UNLOCK, bouncer=false changeFromBouncerScrim= false runnerUnlock= false goingAway=false hasHandle=true isOccludeAnimationPlaying=false
07-28 02:50:35.625  4913  4913 I SystemUi--Keyguard: ScrimControllerExImp-->blur State to UNLOCK, bouncer=false changeFromBouncerScrim= false runnerUnlock= false goingAway=false hasHandle=true isOccludeAnimationPlaying=false
07-28 02:50:35.632  4913  4913 I SystemUi--QuickSettings: TemporarilyInfoManager-->[setStarted] true
07-28 02:50:35.632  4913  4913 I SystemUi--QuickSettings: OplusQSRootViewController-->endClosing()
07-28 02:50:35.632  4913  4913 I SystemUi--Common: OplusShadeExpansionStat-->go state: OPENING -> OPEN
07-28 02:50:35.632  4913  4913 I SystemUi--Common: OplusShadeExpansionStat-->go state: OPENING -> OPEN
07-28 02:50:35.632  4913  4913 I SystemUi--Keyguard: ScrimControllerExImp-->blur State to UNLOCK, bouncer=false changeFromBouncerScrim= false runnerUnlock= false goingAway=false hasHandle=true isOccludeAnimationPlaying=false
07-28 02:50:35.632  1944  2020 I SnapAlloc: Using graphics libs for alignment calculations
07-28 02:50:35.632  4913  4913 I SystemUi--Common: PlatformBlurManagerImpl-->setPlatformBlurMode: blurMode=AUTO(blurFrequency=4)
07-28 02:50:35.632  4913  4913 I SystemUi--Common: PlatformBlurManagerImpl-->updateMotionFrequency: isExpanding=false
07-28 02:50:35.633  4913  4913 I SystemUi--Keyguard: ScrimControllerExImp-->blur State to UNLOCK, bouncer=false changeFromBouncerScrim= false runnerUnlock= false goingAway=false hasHandle=true isOccludeAnimationPlaying=false
07-28 02:50:35.633  4913  4913 I SystemUi--Device_Panel: OplusQSMyDeviceContainerViewController-->setQsDeviceExpansion expansion 1.0
07-28 02:50:35.633  4913  4913 I SystemUi--QuickSettings: QSPanelExpandFraction-->fractionAnimation onAnimationEnd, value=1.0
07-28 02:50:35.665  1944  2020 I SnapAlloc: Using graphics libs for alignment calculations
07-28 02:50:35.820  1949  4528 I Dpps    : LtmSwState::SetParameter():144 ignore cmd 7 in state LtmOffState
07-28 02:50:35.896  2042  2042 D SensorFeature: name=ssc_screenshot_info ,index = 22
07-28 02:50:35.896  2042  2042 D SensorFeature: write 29 bytes:59604863101,59613196434,164,0
07-28 02:50:36.075  2049  2112 D BatteryChargeControl: bcc get no support from charging protocol
07-28 02:50:36.084  1873  4508 I sensors-hal: handle_oplus_wise_rgb_event:189, high_pwm_light:lux 2.8,cct 5300.0,brl/algo/ir 78.0/2.0/0.0,pwm/dc 0.0/0.0,rgbc 173.933777/166.231384/70.873825/388.860870,ts 59605547807,cnt 860,flag 164
07-28 02:50:36.085  1949  4528 I Dpps    : LtmSwState::SetParameter():144 ignore cmd 7 in state LtmOffState
07-28 02:50:36.170  2042  2042 D SensorFeature: name=ssc_screenshot_info ,index = 22
07-28 02:50:36.170  2042  2042 D SensorFeature: write 29 bytes:59878883257,59887216590,165,0
07-28 02:50:36.195  2049  7452 D charge_time: type=sdp,reserve_soc=2,soc=43,ui_soc=45,current=152,avg=146,not_chg_cnt=0,stable_cnt=7,fcc=5724,fcc_ratio=94,delta=38,debug=0,region=17,ttf=36970(10:16:10),ui_ttf=21911(06:05:11)
07-28 02:50:36.224  5201  5637 D OplusScrollToTopManager: com.android.launcher/com.android.launcher.Launcher,This com.android.internal.policy.DecorView{d252e09 V.E...... R....... 0,0-1080,2376 aid=0 alpha=1.0 viewInfo = }[Launcher] change focus to false
07-28 02:50:36.232  4913  5093 D OplusScrollToTopManager: NotificationShade,This com.android.systemui.shade.NotificationShadeWindowView{ad14bad V.E...... ........ 0,0-1080,2376 #7f0a06b7 app:id/legacy_window_root alpha=1.0 viewInfo = } change focus to true
07-28 02:50:36.232  4913  5093 D OplusScrollToTopManager: NotificationShade, registerGuidePopupDismissReceiverInSystemUI
07-28 02:50:36.234  4913  5093 D OplusScrollToTopManager: NotificationShade, after registerGuidePopupDismissReceiverInSystemUI
07-28 02:50:36.285  3456  3456 D OplusWifiBroadCastDispatcher: mBroadcastReceiver: onReceiver  action=android.intent.action.BATTERY_LEVEL_CHANGED
07-28 02:50:36.285  3456  4529 W OplusStorageManagerFeature: mScreenReceiver action:android.intent.action.BATTERY_LEVEL_CHANGED
07-28 02:50:36.286  3456  4529 I OplusStorageManagerFeature: TmemoryBetterySwitch: level=45 state=0
07-28 02:50:36.286  3456  4529 I OplusStorageManagerFeature: TmemoryBetterySwitch: action=0 state=2
07-28 02:50:36.286  3456  4529 W OplusStorageManagerFeature: Ready to deal actionParam:0
07-28 02:50:36.286  3456  3767 D ActivityManager: sync unfroze 9839 com.android.settings for 3
07-28 02:50:36.287  3456  4671 D OplusWifiPowerService: onReceive action:android.intent.action.BATTERY_LEVEL_CHANGED
07-28 02:50:36.290  3456  3767 D ActivityManager: Async freezing 9839 com.android.settings
07-28 02:50:36.290  3456  3767 D ActivityManager: Cancel freezing 9839 com.android.settings
07-28 02:50:36.290  3456  3767 D ActivityManager: Async freezing 9839 com.android.settings
07-28 02:50:36.295  3456  3767 D ActivityManager: Cancel freezing 9839 com.android.settings
07-28 02:50:36.295  9839  9839 D BatteryUsageBroadcastReceiver: onReceive:android.intent.action.BATTERY_LEVEL_CHANGED
07-28 02:50:36.296  9839  9839 D BatteryUsageBroadcastReceiver: fetch data because of event: ACTION_BATTERY_LEVEL_CHANGED
07-28 02:50:36.298  3456  5353 D ActivityManager: Async freezing 9839 com.android.settings
07-28 02:50:36.300  9839  9862 W ndroid.settings: Cleared Reference was only reachable from finalizer (only reported once)
07-28 02:50:36.305  9839  9865 W System  : A resource failed to call close. 
07-28 02:50:36.305  9839  9865 W ndroid.settings: ApkAssets: Deleting an ApkAssets object '<empty> and /data/app/~~ALqGkx9_7GHC-QHs99zc0Q==/com.tencent.mm-IpfhmTfq4rI6aiNOrlV51Q==/base.apk' with 1 weak references
07-28 02:50:36.305  9839  9865 W System  : A resource failed to call close. 
07-28 02:50:36.305  9839  9865 W ndroid.settings: ApkAssets: Deleting an ApkAssets object '<empty> and /data/app/~~0fUhfIJJ3ko4vu2V91xhkw==/com.heytap.browser-oSlI-qlAlOSHoXTvzdevAg==/base.apk' with 1 weak references
07-28 02:50:36.349  1949  4528 I Dpps    : LtmSwState::SetParameter():144 ignore cmd 7 in state LtmOffState
07-28 02:50:36.355  5233  5785 I MMKV    : <MMKV_IO.cpp:456::writeActualSize> [mmkv.default] increase sequence to 7284, crc 1815491721, actualSize 558
07-28 02:50:36.374  8441  9890 W metis_v2_KnowledgeManager: Fire: isEmergency is true  debugFireMode = false [7f0000011753685395143431507395|p_7395_8933d01@1|p_8441_73c6cc5@0|com.oplus.metis] [base|com.oplus.metis|1.5.5-f48228a]
07-28 02:50:36.374  8441  9890 W metis_v2_OifaceBindUtils: bindTask [7f0000011753685395143431507395|p_7395_8933d01@1|p_8441_73c6cc5@0|com.oplus.metis]
07-28 02:50:36.374  8441  9890 W metis_v2_OifaceBindUtils: call connectOifaceService [7f0000011753685395143431507395|p_7395_8933d01@1|p_8441_73c6cc5@0|com.oplus.metis]
07-28 02:50:36.375  6603  6670 E oiface  : sched_setaffinity failed
07-28 02:50:36.375  8441  9890 I metis_v2_KnowledgeManager: panta-sugg-Fire: count=1 [7f0000011753685395143431507395|p_7395_8933d01@1|p_8441_73c6cc5@0|com.oplus.metis]
07-28 02:50:36.375  6603  6665 E oiface  : directSetTask: get cpuset path failed
07-28 02:50:36.380  8441  9890 I System.out: 'park_precondition_home_02' 
07-28 02:50:36.380  8441  9890 I System.out: 'park_precondition_company_02' 
07-28 02:50:36.380  8441  9890 I System.out: 'UBIQUITOUS_SERVICE#assistant_screen#NOT_AT_HOME_301' 
07-28 02:50:36.380  8441  9890 I System.out: 'UBIQUITOUS_SERVICE#assistant_screen#NOT_AT_OFFICE_401' 
07-28 02:50:36.382  8441  9890 I System.out: 'policy:NEAR_SUBWAY_BUS_STATION_2x4' 
07-28 02:50:36.386  8441  9890 W metis_v2_TimeDurationCompare: [com.oplus.metis#UBIQUITOUS_SERVICE#scene#tips#TipScene_EXIT] 'timestamp' is not literal. [7f0000011753685395143431507395|p_7395_8933d01@1|p_8441_73c6cc5@0|com.oplus.metis]
07-28 02:50:36.387  8441  9890 D SceneIntentPublisher: headAction: pkg is com.oplus.metis and simpleRuleName is UBIQUITOUS_SERVICE#secne#activity_coloros_reminder_tips
07-28 02:50:36.390  6557  6666 E horae   : 0: back:32125,back_1:34753,back_2:34551,back_3:33429,frame:35096,frame_1:34040,front:35765,front_1:36176,front_2:34645, -2147483648 4, +(2900), 1 ,42673,33476,38522,42666,40636,41761,33522,38270,41728,40015,40857,33550,38015,40920,39503,40150,33578,37736,40183,39000, target_temp:36176, algo:0
07-28 02:50:36.390  6557  6666 E horae   : tz(cpu-1-0-1) temp changed suddenly, cut temp to:54500
07-28 02:50:36.390  6557  6666 E horae   : Recording abnormal tz:26 state:4.
07-28 02:50:36.399  8441  9890 D SceneIntentPublisher: headAction: pkg is com.oplus.metis and simpleRuleName is UBIQUITOUS_SERVICE#secne#activity_coloros_reminder_tips
07-28 02:50:36.402  8441  9890 I System.out: 'UBIQUITOUS_SERVICE#assistant_screen#NOT_AT_HOME_301' 
07-28 02:50:36.403  8441  9890 I System.out: 'tempPropertyForGuideStatus' 
07-28 02:50:36.405  8441  9890 D SceneIntentPublisher: headAction: pkg is com.oplus.metis and simpleRuleName is UBIQUITOUS_SERVICE#secne#activity_coloros_reminder_tips
07-28 02:50:36.405  8441  9890 W metis_v2_TimeDurationCompare: [com.oplus.metis#UBIQUITOUS_SERVICE#scene#tips#TipScene_EXIT] 'timestamp' is not literal. [7f0000011753685395143431507395|p_7395_8933d01@1|p_8441_73c6cc5@0|com.oplus.metis] [base|com.oplus.metis|1.5.5-f48228a]
07-28 02:50:36.412  8441  9345 I ContextAware_GetInstalledAppsInfo: Update cache
07-28 02:50:36.415  8441  9890 W metis_v2_AbsTimerTriggered: [com.oplus.metis#UBIQUITOUS_SERVICE#health#LAUNCH-HEALTH-APP]: periodicTriggered's parseArgsToTimer meet exception periodic timer's first execute start time must >= time range start [7f0000011753685395143431507395|p_7395_8933d01@1|p_8441_73c6cc5@0|com.oplus.metis]
07-28 02:50:36.415  8441  9890 W metis_v2_AbsTimerTriggered: [com.oplus.metis#UBIQUITOUS_SERVICE#health#LAUNCH-HEALTH-APP]: please check if builtin periodicTriggered's args is valid [7f0000011753685395143431507395|p_7395_8933d01@1|p_8441_73c6cc5@0|com.oplus.metis]
07-28 02:50:36.418  8441  9890 I System.out: 'UBIQUITOUS_SERVICE#assistant_screen#NOT_AT_OFFICE_401' 
07-28 02:50:36.418  8441  9890 I metis_v2_KnowledgeManager: panta-sugg-Fire takes 43 milliseconds. [7f0000011753685395143431507395|p_7395_8933d01@1|p_8441_73c6cc5@0|com.oplus.metis]
07-28 02:50:36.418  8441  9890 I ContextAware_PantanalIntentManager: intent (id-14111004+policyName-CLEAN_STORAGE) is not found in scene_intent_config [7f0000011753685395143431507395|p_7395_8933d01@1|p_8441_73c6cc5@0|com.oplus.metis]
07-28 02:50:36.418  8441  9890 I metis_v2_SceneTravelingAdapter: recallTravellingIntent: [] [7f0000011753685395143431507395|p_7395_8933d01@1|p_8441_73c6cc5@0|com.oplus.metis]
07-28 02:50:36.418  8441  9890 I ContextAware_ContextAware_SceneIntentManager: mLastIntentDataSet: [] [7f0000011753685395143431507395|p_7395_8933d01@1|p_8441_73c6cc5@0|com.oplus.metis]
07-28 02:50:36.418  8441  9890 I ContextAware_ContextAware_SceneIntentManager: intentList: [IntentDataDTO(intent=IntentDTO=[sceneId=220500200, intentId=14111005, isExited=false, source=0, ownerId=com.oplus.metis, action=14111005, policyName=SUBSTITUTE_SCENE, serviceId=, sendExitedIntent=true, repeatable=false, sceneScore=-1.0, position=right, level=2, type=1, serviceInstanceId=null, isSupportMultiInstance=false, settingsPreference=null], items=[]), IntentDataDTO(intent=IntentDTO=[sceneId=210000000, intentId=12121002, isExited=true, source=0, ownerId=com.oplus.metis, action=12121002, policyName=TAKEOUT_ORDER_STATUS_CHANGE, serviceId=, sendExitedIntent=false, repeatable=false, sceneScore=-1.0, position=left, level=1, type=1, serviceInstanceId=null, isSupportMultiInstance=false, settingsPreference=null], items=[]), IntentDataDTO(intent=IntentDTO=[sceneId=null, intentId=14111004, isExited=true, source=0, ownerId=com.oplus.metis, action=14111004, policyName=CLEAN_STORAGE, serviceId=, sendExitedIntent=false, repeatable=false, sceneScore=-1.0, position=null, level=0, type=1, serviceInstanceId=null, isSupportMultiInstance=false, settingsPreference=null], items=[]), IntentDataDTO(intent=IntentDTO=[sceneId=null, intentId=12121002, isExited=true, source=0, ownerId=com.oplus.metis, action=12121002, policyName=TAKEOUT_ORDER_STATUS_CHANGE, serviceId=, sendExitedIntent=false, repeatable=false, sceneScore=-1.0, position=null, level=0, type=1, serviceInstanceId=null, isSupportMultiInstance=false, settingsPreference=null], items=[])] [7f0000011753685395143431507395|p_7395_8933d01@1|p_8441_73c6cc5@0|com.oplus.metis]
07-28 02:50:36.418  8441  9890 I ContextAware_ContextAware_SceneIntentManager: missedIntent: [] [7f0000011753685395143431507395|p_7395_8933d01@1|p_8441_73c6cc5@0|com.oplus.metis]
07-28 02:50:36.419  8441  9890 I metis_v2_SceneIntentManager: panta-sugg-Published intents: [7f0000011753685395143431507395|p_7395_8933d01@1|p_8441_73c6cc5@0|com.oplus.metis]
