07-28 17:49:50.346  5255  5255 D QuickChangeAirplaneModeEvent: isBothCardInService is false
07-28 17:49:50.346  3570  5364 W ContextImpl: Calling a method in the system process without a qualified user: android.app.ContextImpl.sendBroadcastMultiplePermissions:1344 com.android.server.TelephonyRegistry.broadcastServiceStateChanged:3754 com.android.server.TelephonyRegistry.notifyServiceStateForPhoneId:1787 com.android.internal.telephony.ITelephonyRegistry$Stub.onTransact:546 android.os.Binder.execTransactInternal:1523 
07-28 17:49:50.346  3570  5238 D KernelStatsHelper: getKernelStats start!
07-28 17:49:50.346  3570  5364 W ContextImpl: Calling a method in the system process without a qualified user: android.app.ContextImpl.sendBroadcastMultiplePermissions:1344 com.android.server.TelephonyRegistry.broadcastServiceStateChanged:3760 com.android.server.TelephonyRegistry.notifyServiceStateForPhoneId:1787 com.android.internal.telephony.ITelephonyRegistry$Stub.onTransact:546 android.os.Binder.execTransactInternal:1523 
07-28 17:49:50.347  3570  4255 I MemoryOperationUtils: add 13176 to inactive
07-28 17:49:50.347  4921  4921 I KeyguardUpdateMonitor: action=android.intent.action.SERVICE_STATE subId=1 slotId=0
07-28 17:49:50.347  3570  4632 D OplusNetlinkSocket: handleNetlinkRecvKernelMessage:nlmsghdr:StructNlMsgHdr{ nlmsg_len{40}, nlmsg_type{47()}, nlmsg_flags{0()}, nlmsg_seq{0}, nlmsg_pid{233968152} }
07-28 17:49:50.347  3570  4632 D KernelStatsHelper: get magic :[-1, -1, -1, 77, 65, 71, 73, 67]
07-28 17:49:50.347  3570  4632 D KernelStatsHelper: magic matched count:0 data_len:0
07-28 17:49:50.347  3570  4632 D KernelStatsHelper: data over! check: true
07-28 17:49:50.348  5836  5836 D CellBroadcastReceiver: onReceive Intent { act=android.intent.action.SERVICE_STATE flg=0x1000010 cmp=com.android.cellbroadcastreceiver.module/com.android.cellbroadcastreceiver.CellBroadcastReceiver (has extras) }
07-28 17:49:50.348  4921  5218 I SystemUi--QuickSettings: Tile.OplusCellularTile-->updateCarrierText: dialog not showing, ignore
07-28 17:49:50.347  5255  5255 D MsimSubModeManager: registTelephonyEvent onServiceStateChanged eventId:3, VoiceRegState:1, DataRegState:1
07-28 17:49:50.348  5836  5836 D CellBroadcastReceiver: onServiceStateChanged, ss: 1
07-28 17:49:50.348  5255  5255 E ExtremeCommUtils: getSwitchRusSupportMcc invalid index 1
07-28 17:49:50.348  5836  5836 D CellBroadcastReceiver: networkOperator: 
07-28 17:49:50.348  5255  5255 D ExtremeCommUtils: isSupporCheck rusContain:false,propContain(persist.sys.oplus.support_hyper_uplink_mcc):false
07-28 17:49:50.348  5255  5255 D ExtremeCommService: handleServiceStateChanged mcc is null
07-28 17:49:50.348  5255  5255 D SubsysEventListenerManager-SubsysTelephonyCallback[0]: onCellLocationChanged
07-28 17:49:50.348  4921  5218 D SimStateHelper: slot:0, lock state:Bundle[mParcelledData.dataSize=56]
07-28 17:49:50.348  5255  5255 D SubsysEventListenerManager-SubsysTelephonyCallback[0]: onDisplayInfoChanged
07-28 17:49:50.348  5255  5255 D SceneService: onDisplayInfoChanged slotId:0,telephonyDisplayInfo:TelephonyDisplayInfo {network=NR, overrideNetwork=NONE, isRoaming=false}
07-28 17:49:50.348  5255  5255 D ChinaRoamingControl: handleMessage what:5
07-28 17:49:50.348  4921  5218 D SimStateHelper: slot:1, lock state:Bundle[mParcelledData.dataSize=56]
07-28 17:49:50.348  4921  5218 D SimStateHelper: needDisableMenu: slot1State=-1; slot2State=-1
07-28 17:49:50.348  5255  5255 D MsimSubModeManager: handleMessage what:3
07-28 17:49:50.348  4921  5218 D SimStateHelper: needDisableMenu:false
07-28 17:49:50.348  5255  5255 D MsimSubModeManager: getMsimSimServiceIn() i:0,mServiceState:1
07-28 17:49:50.348  5255  5255 D MsimSubModeManager: getMsimSimServiceIn() i:1,mServiceState:1
07-28 17:49:50.349  4982  4982 D MultiSimSettingController: notifySubscriptionInfoChanged
07-28 17:49:50.349  4982  6173 E PhoneInterfaceManager: getServiceStateForSlot retuning null for invalid slotIndex=-1
07-28 17:49:50.349  3570  3570 I AS.AudioService: onSubscriptionsChanged()
07-28 17:49:50.350  4921  4921 I SystemUi--Statusbar: OplusMobileIconInteractorImpl-->oplusIMSModel slot:0: CapabilityTypeModel(isVolteSwitchOn=true, isWfcEnabledByUser=true, imsRegistered=false, voiceCapable=false, videoCapable=false, registerTech=-1, isCrossSimCallingEnabledByUser=false, hasHideVolteOperator=false), SimStateModel(simInserted=[true, false], simForbidden=[false, true], simStateIMSI=[true, false], simLoaded=[true, false]),oplusNetworkTypeNr:20,isVoNrEnabled:false
07-28 17:49:50.350  4921  5341 I SystemUi--Statusbar: MobileConnectionRepositoryImpl-->subId:1 isSoftSimCard:false slotId:0
07-28 17:49:50.351  3570  4538 V NetworkPolicy: onSubscriptionsChanged
07-28 17:49:50.351  4982  4982 I Telephony: y0: onServiceStateChanged: newState=1, mServiceState=1
07-28 17:49:50.351  5050  5786 D CellularEvent: handleSubscriptionsChanged: slotId=0
07-28 17:49:50.351  5191  5191 D QCNEJ/WwanInfoRelay: onSubscriptionsChanged currDDSId: 1 new DDS 1
07-28 17:49:50.351  5050  5786 D CellularEvent: onImsRegistrationStateChanged, slotId=0state:false
07-28 17:49:50.352  4921  5341 I SystemUi--Statusbar: MobileInputLog-->onSubscriptionsChanged
07-28 17:49:50.352  5191  5191 D QCNEJ/DataCallAgent: onSubscriptionsChanged: new DDS 1
07-28 17:49:50.352  5191  8525 D QCNEJ/DataCallAgent: phoneCount: 2
07-28 17:49:50.352  5191  8525 D QCNEJ/DataCallAgent: subs for 0th slot: [1]
07-28 17:49:50.352  4921  5341 I SystemUi--Statusbar: MobileConnectionRepositoryImpl-->subId:1 isSoftSimCard:false slotId:0
07-28 17:49:50.352  5191  8525 D QCNEJ/DataCallAgent: mSubInfoReady[0] is set to true
07-28 17:49:50.352  5191  8525 D QCNEJ/DataCallAgent: subs for 1th slot: [-1]
07-28 17:49:50.352  6785  8482 D OsAgentAidlClient: [string_dataitem_update][1584] [HC] =>> [HS]
07-28 17:49:50.352  4921  4921 I SystemUi--Statusbar: OplusMobileIconInteractorImpl-->oplusIMSModel slot:0: CapabilityTypeModel(isVolteSwitchOn=true, isWfcEnabledByUser=true, imsRegistered=false, voiceCapable=false, videoCapable=false, registerTech=-1, isCrossSimCallingEnabledByUser=false, hasHideVolteOperator=false), SimStateModel(simInserted=[true, false], simForbidden=[false, true], simStateIMSI=[true, false], simLoaded=[true, false]),oplusNetworkTypeNr:20,isVoNrEnabled:false
07-28 17:49:50.352  4921  6153 I SystemUi--Statusbar: OplusMobileConnectionRepository1-->stopListenImsStatusChanged
07-28 17:49:50.353  4982  4982 I Telephony: isRttCurrentlySupported -- regular acct, hasVoiceAvailability: false
07-28 17:49:50.353  4982  4982 I Telephony:  isRttSupported: false
07-28 17:49:50.353  4982  4982 I Telephony:  isUserRttSettingOn: false
07-28 17:49:50.353  4982  4982 I Telephony:  alwaysAllowWhileRoaming: false
07-28 17:49:50.353  4982  4982 I Telephony:  isRoaming: false
07-28 17:49:50.353  4982  4982 I Telephony:  isOnWfc: false
07-28 17:49:50.353  6974  9244 E Battery : ControllerCenter: onReceiver: mSubscriptionManager is null || mIsNeedRestoreMobile = false
07-28 17:49:50.353  3570  4250 W BestClock: java.time.DateTimeException: Missing network time fix
07-28 17:49:50.353  4921  6153 I SystemUi--Statusbar: OplusMobileConnectionRepository1-->phoneId: 0, conflatedCallbackFlow init
07-28 17:49:50.353  4921  6153 I SystemUi--Statusbar: OplusMobileConnectionRepository1-->startListenImsStatusChanged
07-28 17:49:50.353  5050  5508 D NAS-CellularEvent: handleSubscriptionsChanged: slotId=0
07-28 17:49:50.354  5050  5508 D NAS-CellularEvent: onImsRegistrationStateChanged, slotId=0state:false
07-28 17:49:50.354  6561  8396 D OplusAtlasAudioDetectionManager: MSG_CALL_STATE_CHANGED
07-28 17:49:50.354  6561  8396 D OplusAtlasAudioDetectionManager: callStateChanged state: 0, len: 0
07-28 17:49:50.355  3570  4250 W BestClock: java.time.DateTimeException: Missing network time fix
07-28 17:49:50.356  4921  6153 I SystemUi--Statusbar: OplusMobileConnectionRepository1-->onImsStatusChanged model: CapabilityTypeModel(isVolteSwitchOn=true, isWfcEnabledByUser=true, imsRegistered=false, voiceCapable=false, videoCapable=false, registerTech=-1, isCrossSimCallingEnabledByUser=false, hasHideVolteOperator=false)
07-28 17:49:50.356  3570  4538 D NetworkPolicy: Normalization put networkpolicyNetworkTemplate: matchRule=CARRIER, matchSubscriberIds=[001011...], matchWifiNetworkKeys=[], metered=YES
07-28 17:49:50.356  3570  4538 D NetworkPolicy: Normalization put networkpolicyNetworkTemplate: matchRule=CARRIER, matchSubscriberIds=[310260...], matchWifiNetworkKeys=[], metered=YES
07-28 17:49:50.356  3570  4538 D NetworkPolicy: Normalization put networkpolicyNetworkTemplate: matchRule=CARRIER, matchSubscriberIds=[001010...], matchWifiNetworkKeys=[], metered=YES
07-28 17:49:50.356  3570  4538 D NetworkPolicy: Normalization put networkpolicyNetworkTemplate: matchRule=CARRIER, matchSubscriberIds=[001010...], matchWifiNetworkKeys=[], metered=YES
07-28 17:49:50.356  3570  4538 D NetworkPolicy: Normalization put networkpolicyNetworkTemplate: matchRule=CARRIER, matchSubscriberIds=[001012...], matchWifiNetworkKeys=[], metered=YES
07-28 17:49:50.356  3570  4538 V NetworkPolicy: updateNetworkEnabledNL() return
07-28 17:49:50.356  4921  5925 V OplusCustomizeCacheManager: queryCache name: sys.cache.common_customize_cache18014 param: null
07-28 17:49:50.356  4921  5925 V OplusCustomizeCacheManager: queryCache name: sys.cache.common_customize_cache18017 param: Bundle[{SETTING=BLOCK, BUSINESS=NCT-DATA}]
07-28 17:49:50.356  4921  5925 V OplusCustomizeCacheManager: queryCache name: sys.cache.common_customize_cache18013 param: null
07-28 17:49:50.356  4982  4982 V OplusCustomizeCacheManager: queryCache name: sys.cache.common_customize_cache18016 param: null
07-28 17:49:50.356  5148  5148 I QImsService: OplusPhoneStateTracker : onSubscriptionsChanged Last subId: 1 Current subId 1
07-28 17:49:50.356  4982  4982 V OplusCustomizeCacheManager: queryCache name: sys.cache.common_customize_cache18013 param: null
07-28 17:49:50.356  4982  4982 V OplusCustomizeCacheManager: queryCache name: sys.cache.common_customize_cache18014 param: null
07-28 17:49:50.356  4982  4982 V OplusCustomizeCacheManager: queryCache name: sys.cache.common_customize_cache18017 param: Bundle[{SETTING=BLOCK, BUSINESS=NCT-DATA}]
07-28 17:49:50.356  5148  5148 E QImsService: ImsConfigImpl : onSubscriptionsChanged unable to process due to SubscriptionInfo is null
07-28 17:49:50.356  5148  5148 I QImsService: OplusPhoneStateTracker : onSubscriptionsChanged Last subId: -1 Current subId -1
07-28 17:49:50.357  3570  4538 V NetworkPolicy: updateNotificationsNL not process
07-28 17:49:50.357  4982  4982 V OplusCustomizeCacheManager: queryCache name: sys.cache.common_customize_cache18016 param: null
07-28 17:49:50.357  4982  4982 V OplusCustomizeCacheManager: queryCache name: sys.cache.common_customize_cache18013 param: null
07-28 17:49:50.357  4982  4982 V OplusCustomizeCacheManager: queryCache name: sys.cache.common_customize_cache18014 param: null
07-28 17:49:50.357  4982  4982 V OplusCustomizeCacheManager: queryCache name: sys.cache.common_customize_cache18017 param: Bundle[{SETTING=BLOCK, BUSINESS=NCT-DATA}]
07-28 17:49:50.357  3570  4538 W BestClock: java.time.DateTimeException: Missing network time fix
07-28 17:49:50.357  4982  4982 D MultiSimSettingController: onSubscriptionsChanged
07-28 17:49:50.357  4982  4982 D MultiSimSettingController: isReadyToReevaluate: subInfoInitialized=true, carrierConfigsLoaded=true, satelliteEnabledOrBeingEnabled=false
07-28 17:49:50.357  4982  4982 D MultiSimSettingController: updateDefaults
07-28 17:49:50.357  4982  4982 D MultiSimSettingController: isReadyToReevaluate: subInfoInitialized=true, carrierConfigsLoaded=true, satelliteEnabledOrBeingEnabled=false
07-28 17:49:50.357  4982  4982 D MultiSimSettingController: updateDefaultValues: change: 0
07-28 17:49:50.357  4982  4982 D MultiSimSettingController: disableDataForNonDefaultNonOpportunisticSubscriptions triggered, return directly
07-28 17:49:50.357  4921  4921 I KeyguardUpdateMonitor: refreshSimState, changed:false,subId:1,slotId:0,state:5
07-28 17:49:50.357  4982  4982 D ImsResolver: oldSubId: 1, newSubId: 1
07-28 17:49:50.357  4982  4982 D ImsResolver: oldSubId: -1, newSubId: -1
07-28 17:49:50.357  4982  4982 D CallNotifier: updatePhoneStateListeners: update CF notifications.
07-28 17:49:50.357  4982  4982 I Telephony: TelecomAccountRegistry: onSubscriptionsChanged - reregister accounts
07-28 17:49:50.357  4921  5218 I SystemUi--QuickSettings: Tile.OplusCellularTile-->updateCarrierText: dialog not showing, ignore
07-28 17:49:50.357  4982  4982 D PhoneUtils: PhoneAccountHandle subId=1, slotId=0
07-28 17:49:50.357  4921  5218 D SimStateHelper: slot:0, lock state:Bundle[mParcelledData.dataSize=56]
07-28 17:49:50.358  4921  5218 D SimStateHelper: slot:1, lock state:Bundle[mParcelledData.dataSize=56]
07-28 17:49:50.358  4921  5218 D SimStateHelper: needDisableMenu: slot1State=-1; slot2State=-1
07-28 17:49:50.358  4921  5218 D SimStateHelper: needDisableMenu:false
07-28 17:49:50.358  4982  4982 D Telephony: registerPstnPhoneAccount line1Number =  subNumber = 
07-28 17:49:50.358  4982  4982 D Telephony: color is transparent asign default instead -15502541
07-28 17:49:50.358  4982  4982 D Telephony: isEmergencyPreferredAccount: subId=1, activeData=1
07-28 17:49:50.358  4982  4982 D Telephony: isEmergencyPreferredAccount: Device does not require preference.
07-28 17:49:50.358  5050  5792 W BestClock: java.time.DateTimeException: Missing network time fix
07-28 17:49:50.358  4982  4982 I Telephony: isRttCurrentlySupported -- regular acct, hasVoiceAvailability: false
07-28 17:49:50.358  4982  4982 I Telephony:  isRttSupported: false
07-28 17:49:50.358  4982  4982 I Telephony:  isUserRttSettingOn: false
07-28 17:49:50.358  4982  4982 I Telephony:  alwaysAllowWhileRoaming: false
07-28 17:49:50.358  4982  4982 I Telephony:  isRoaming: false
07-28 17:49:50.358  4982  4982 I Telephony:  isOnWfc: false
07-28 17:49:50.358  4982  4982 D Telephony: x0: buildPstnPhoneAccount, phoneId: 0, mIsVideoCapable: false, 
07-28 17:49:50.359  4982  4982 D OplusSesImsManagerExt: feature:0, phoneId:0
07-28 17:49:50.359  4982  4982 D OplusSesImsManagerExt: getSubIdUsingPhoneId:1, phoneId:0
07-28 17:49:50.359  4982  4982 D OplusSesImsManagerExt: isEntitlementEnabled:false
07-28 17:49:50.359  4982  4982 D OplusSesImsManagerExt: isFeatureProvisionedOnDevice not enabled
07-28 17:49:50.359  3570  4250 W BestClock: java.time.DateTimeException: Missing network time fix
07-28 17:49:50.359  4982  4982 D Telephony: registerPstnPhoneAccount mIsVideoCapable = false
07-28 17:49:50.359  4982  4982 W libc    : Access denied finding property "persist.vendor.mtk_uce_support"
07-28 17:49:50.359  5050  5792 V MonthTrafficAlert: getWarningNotification subId:1 numWarningNotificaion:0
07-28 17:49:50.359  4982  4982 I Telephony: isCarrierVideoPresenceSupported, false, false, false, false
07-28 17:49:50.359  4982  4982 I Telephony: reRegisterPstnPhoneAccount: subId: 1 - no change
07-28 17:49:50.360 13176 13176 I ttings:tzupdate: isSwordfishLaunchAppEnabled_ 1 isSwordfishInstallAppEnabled_ 1
07-28 17:49:50.360 13176 13176 E ttings:tzupdate: Unknown bits set in runtime_flags: 0x40000000
07-28 17:49:50.360 13176 13176 I ttings:tzupdate: Using CollectorTypeCMC GC.
07-28 17:49:50.360  3570  4250 W BestClock: java.time.DateTimeException: Missing network time fix
07-28 17:49:50.360  4982  4982 D InternationalRoamingNotification: init
07-28 17:49:50.360  5255  6339 D VirtualCommService2: isSupport. true, true
07-28 17:49:50.360  4982  4982 D OplusVirtualCommUtils: isVirtualCommSupport, vRet: true
07-28 17:49:50.360  4982  4982 I OplusVirtualCommUtils: getVirtualCommDeviceType, vRet: 1
07-28 17:49:50.360  4982  4982 I OplusVirtualCommUtils: isConsumerDeviceType, deviceType: 1
07-28 17:49:50.360  4921  5925 V OplusCustomizeCacheManager: queryCache name: sys.cache.common_customize_cache18014 param: null
07-28 17:49:50.360  4921  5925 V OplusCustomizeCacheManager: queryCache name: sys.cache.common_customize_cache18017 param: Bundle[{SETTING=BLOCK, BUSINESS=NCT-DATA}]
07-28 17:49:50.360  4921  5925 V OplusCustomizeCacheManager: queryCache name: sys.cache.common_customize_cache18013 param: null
07-28 17:49:50.361  4982  4982 D InternationalRoamingNotification: do not createRoamingNotification for invalid Network
07-28 17:49:50.361  3570  5238 W ContentService: Observer is already registered. Pid is 4982
07-28 17:49:50.361  4982  4982 V SimultaneousCallingTracker: Received EVENT 101
07-28 17:49:50.361  4982  4982 V SimultaneousCallingTracker: generateVoiceCapablePhoneMapBasedOnUserAssociation: adding phoneId = 0
07-28 17:49:50.361  4982  4982 I SimultaneousCallingTracker: updatePhoneMapAndSimultaneousCallSupportMap: mVoiceCapablePhoneMap.size = 1
07-28 17:49:50.361  4982  4982 V SimultaneousCallingTracker: registerForImsRegistrationChanges: registering phoneId = 0
07-28 17:49:50.361  4982  4982 V SimultaneousCallingTracker: generateSimultaneousCallSupportMap: returning simultaneousCallSubSupportMap = Phone ID=0 - Simultaneous calling compatible phone IDs=[]; 
07-28 17:49:50.361  4982  4982 V SimultaneousCallingTracker: handleSimultaneousCallingSupportChanged
07-28 17:49:50.361 13176 13176 E ttings:tzupdate: Not starting debugger since process cannot load the jdwp agent.
07-28 17:49:50.361  4982  4982 V OplusCustomizeCacheManager: queryCache name: sys.cache.common_customize_cache18016 param: null
07-28 17:49:50.361  4982  4982 V OplusCustomizeCacheManager: queryCache name: sys.cache.common_customize_cache18013 param: null
07-28 17:49:50.361  4982  4982 V OplusCustomizeCacheManager: queryCache name: sys.cache.common_customize_cache18014 param: null
07-28 17:49:50.361  4982  4982 V OplusCustomizeCacheManager: queryCache name: sys.cache.common_customize_cache18017 param: Bundle[{SETTING=BLOCK, BUSINESS=NCT-DATA}]
07-28 17:49:50.363 13176 13176 D nativeloader: Load libframework-connectivity-tiramisu-jni.so using APEX ns com_android_tethering for caller /apex/com.android.tethering/javalib/framework-connectivity-t.jar: ok
07-28 17:49:50.364 13176 13176 W libc    : Access denied finding property "persist.vendor.sys.activitylog"
07-28 17:49:50.364 13176 13176 I OneTrace: Mark active for pid=13176? true
07-28 17:49:50.364 13176 13176 D cutils-dev: otrace_set_tracing_enabled? true tag:0
07-28 17:49:50.365 13176 13176 D cutils-dev: properties changed in otrace_seq_number_changed!
07-28 17:49:50.365  3570  5238 D ActivityTaskManagerServiceExtImpl: preBindApplication record is null
07-28 17:49:50.366  3570  5238 D RGBNormalizeServer: OplusRGBNormalize feature enabled ? true
07-28 17:49:50.366  3570  5238 D ResourcesManagerCache: For package com.oplus.wirelesssettings we got cacheList [null] appInfoExt is null ? false hasFeature ? false
07-28 17:49:50.366  3570  5238 D VRR [OPlusExternalRefreshRateManager]: isPkgTfcEnable: pkgName = com.oplus.wirelesssettings, enable = false
07-28 17:49:50.366  3570  5238 D VRR [OPlusExternalRefreshRateManager]: getTfcMinFramerate: pkgName = com.oplus.wirelesssettings, min framerate = 0
07-28 17:49:50.367 13176 13176 D OplusActivityManager: get AMS extension: android.os.BinderProxy@b9a2a5f
07-28 17:49:50.368 13176 13176 D CompactWindowAppManager: initCompactApplicationInfo CompactMode: , NormalMode: 
07-28 17:49:50.369 13176 13176 D OplusScrollToTopManager: setIsInWhiteList false
07-28 17:49:50.369 13176 13176 D OplusViewDebugManager: OplusViewDebugManager Constructor android.view.debug.OplusViewDebugManager@1b29d75 [mHasViewDebugProperty true] [mHasMsgDebugProperty false] [DEBUG false] [EXTRAINFOENABLE false] [LIGHT_OS false]
07-28 17:49:50.370 13176 13176 D CompatChangeReporter: Compat change id reported: 242716250; UID 1000; state: ENABLED
07-28 17:49:50.372 13176 13176 W libc    : Access denied finding property "ro.odm.prev.product.name"
07-28 17:49:50.373 13176 13176 W ziparchive: Unable to open '/system_ext/framework/nfcvendorlib.dm': No such file or directory
07-28 17:49:50.373 13176 13176 W ziparchive: Unable to open '/system_ext/framework/nfcvendorlib.dm': No such file or directory
07-28 17:49:50.375 13176 13176 D nativeloader: Configuring clns-shared-7 for other apk /system_ext/framework/nfcvendorlib.jar. target_sdk_version=34, uses_libraries=ALL, library_path=/system_ext/priv-app/WirelessSettings/lib/arm64:/system_ext/priv-app/WirelessSettings/WirelessSettings.apk!/lib/arm64-v8a:/system/lib64:/system_ext/lib64, permitted_path=/data:/mnt/expand:/data/user_de/0/com.oplus.wirelesssettings:/system_ext/priv-app/WirelessSettings:/system/lib64:/system_ext/lib64
07-28 17:49:50.375 13176 13176 D nativeloader: Extending system_exposed_libraries: libbinauralrenderer_wrapper.qti.so:libhoaeffects.qti.so:libSloganJni.oplus.so:libsuperNight.oplus.so:libAPSClient-cmd-jni-extension.oplus.so:libsatellite_audio_jni.oplus.so:libortc_so.oplus.so:libsoundtouch.oplus.so:libsoundtouch_jni.oplus.so:libOplusStringJNI-extension.oplus.so:libsatellite_ostx_jni.oplus.so:libapssuspend-jni.oplus.so:libupdateprof.qti.so:libthermalclient.qti.so:libqape.qti.so:libqesdk_ndk_platform.qti.so:liblistenjni.qti.so
07-28 17:49:50.375 13176 13176 D ApplicationLoaders: Returning zygote-cached class loader: /system_ext/framework/androidx.window.extensions.jar
07-28 17:49:50.375 13176 13176 D ApplicationLoaders: Returning zygote-cached class loader: /system_ext/framework/androidx.window.sidecar.jar
07-28 17:49:50.377  4982  5942 D CellBroadcastConfigTracker-0: Failed to set cdma config
07-28 17:49:50.377  5836  6451 E CellBroadcastConfigService: fails to setCellBroadcastRanges, result = 2
07-28 17:49:50.377 13176 13176 D nativeloader: Configuring clns-shared-8 for other apk /system_ext/priv-app/WirelessSettings/WirelessSettings.apk. target_sdk_version=34, uses_libraries=, library_path=/system_ext/priv-app/WirelessSettings/lib/arm64:/system_ext/priv-app/WirelessSettings/WirelessSettings.apk!/lib/arm64-v8a:/system/lib64:/system_ext/lib64, permitted_path=/data:/mnt/expand:/data/user_de/0/com.oplus.wirelesssettings:/system_ext/priv-app/WirelessSettings:/system/lib64:/system_ext/lib64
07-28 17:49:50.382 13176 13176 V GraphicsEnvironment: Currently set values for:
07-28 17:49:50.382 13176 13176 V GraphicsEnvironment:   angle_gl_driver_selection_pkgs=[]
07-28 17:49:50.382 13176 13176 V GraphicsEnvironment:   angle_gl_driver_selection_values=[]
07-28 17:49:50.382 13176 13176 V GraphicsEnvironment: Global.Settings values are invalid: number of packages: 0, number of values: 0
07-28 17:49:50.383 13176 13176 D WS_OplusWirelessSettingsApp: onCreate, OplusWirelessSettingsApp
07-28 17:49:50.384 13176 13176 D LogUtils: initWirelessLog sIsQeAssert=false,sIsWifiOrBtLog=false
07-28 17:49:50.386  3570  5238 I ActivityManager: Flag disabled. Ignoring finishAttachApplication from uid: 1000. pid: 13176
07-28 17:49:50.387 13176 13176 E ANDR-PERF-CLIENT-SYS: death recipent object is fine
07-28 17:49:50.387 13176 13176 W ttings:tzupdate: AIBinder_linkToDeath is being called with a non-null cookie and no onUnlink callback set. This might not be intended. AIBinder_DeathRecipient_setOnUnlinked should be called first.
07-28 17:49:50.387  3570  5238 W OplusSelfProtectManager: pkg[com.oplus.wirelesssettings] not in policy list
07-28 17:49:50.390  3570  5238 D ActivityManager: Async freezing 13176 com.oplus.wirelesssettings:tzupdate
07-28 17:49:50.393  4757  7270 W SQLiteLog: (28) double-quoted string literal: "timezone_tzdata_v2_files"
07-28 17:49:50.404  3570  3570 D OplusWifiBroadCastDispatcher: mBroadcastReceiver: onReceiver  action=android.intent.action.BATTERY_LEVEL_CHANGED
07-28 17:49:50.405  3570  4656 D OplusWifiPowerService: onReceive action:android.intent.action.BATTERY_LEVEL_CHANGED
07-28 17:49:50.405  3570  4511 W OplusStorageManagerFeature: mScreenReceiver action:android.intent.action.BATTERY_LEVEL_CHANGED
07-28 17:49:50.405  3570  4511 I OplusStorageManagerFeature: TmemoryBetterySwitch: level=63 state=0
07-28 17:49:50.405  3570  4511 I OplusStorageManagerFeature: TmemoryBetterySwitch: action=0 state=2
07-28 17:49:50.406  3570  4511 W OplusStorageManagerFeature: Ready to deal actionParam:0
07-28 17:49:50.406  6246  6246 D BatteryUsageBroadcastReceiver: onReceive:android.intent.action.BATTERY_LEVEL_CHANGED
07-28 17:49:50.406  6246  6246 D BatteryUsageBroadcastReceiver: fetch data because of event: ACTION_BATTERY_LEVEL_CHANGED
07-28 17:49:50.409  3570  5238 D ActivityManager: Async freezing 6246 com.android.settings
07-28 17:49:50.454  4982  4982 V OplusCustomizeCacheManager: queryCache name: sys.cache.common_customize_cache18016 param: null
07-28 17:49:50.454  4982  4982 V OplusCustomizeCacheManager: queryCache name: sys.cache.common_customize_cache18013 param: null
07-28 17:49:50.454  4982  4982 V OplusCustomizeCacheManager: queryCache name: sys.cache.common_customize_cache18014 param: null
07-28 17:49:50.454  4982  4982 V OplusCustomizeCacheManager: queryCache name: sys.cache.common_customize_cache18017 param: Bundle[{SETTING=BLOCK, BUSINESS=NCT-DATA}]
07-28 17:49:50.456  4982  4982 V OplusCustomizeCacheManager: queryCache name: sys.cache.common_customize_cache18016 param: null
07-28 17:49:50.456  4982  4982 V OplusCustomizeCacheManager: queryCache name: sys.cache.common_customize_cache18013 param: null
07-28 17:49:50.456  4982  4982 V OplusCustomizeCacheManager: queryCache name: sys.cache.common_customize_cache18014 param: null
07-28 17:49:50.456  4982  4982 V OplusCustomizeCacheManager: queryCache name: sys.cache.common_customize_cache18017 param: Bundle[{SETTING=BLOCK, BUSINESS=NCT-DATA}]
07-28 17:49:50.464  5281  5970 I MMKV    : <MMKV_IO.cpp:456::writeActualSize> [mmkv.default] increase sequence to 7632, crc 3191491338, actualSize 462
07-28 17:49:50.484  7918  8538 W metis_v2_KnowledgeManager: Fire: isEmergency is true  debugFireMode = false [7f0000011753739349432107407393|p_7393_6a2b15@1|p_7918_881ac6a@11|com.oplus.metis] [base|com.oplus.metis|1.5.5-f48228a]
07-28 17:49:50.484  7918  8538 W metis_v2_OifaceBindUtils: bindTask [7f0000011753739349432107407393|p_7393_6a2b15@1|p_7918_881ac6a@11|com.oplus.metis]
07-28 17:49:50.484  7918  8538 W metis_v2_OifaceBindUtils: call connectOifaceService [7f0000011753739349432107407393|p_7393_6a2b15@1|p_7918_881ac6a@11|com.oplus.metis]
07-28 17:49:50.485  1864  4506 I sensors-hal: handle_oplus_wise_rgb_event:189, high_pwm_light:lux 281.5,cct 3644.8,brl/algo/ir 1447.0/2.0/16.6,pwm/dc 0.0/0.0,rgbc 21657.335938/13604.416992/6300.726074/40195.765625,ts 59852170463,cnt 850,flag 65699
07-28 17:49:50.485  7918  8538 I metis_v2_KnowledgeManager: panta-sugg-Fire: count=1 [7f0000011753739349432107407393|p_7393_6a2b15@1|p_7918_881ac6a@11|com.oplus.metis]
07-28 17:49:50.485  6669  6806 E oiface  : sched_setaffinity failed
07-28 17:49:50.485  1943  4488 I Dpps    : LtmSwState::SetParameter():144 ignore cmd 7 in state LtmOffState
07-28 17:49:50.485  6669  6799 E oiface  : directSetTask: get cpuset path failed
07-28 17:49:50.488  7918  8538 I System.out: 'park_precondition_home_02' 
07-28 17:49:50.488  7918  8538 I System.out: 'park_precondition_company_02' 
07-28 17:49:50.488  7918  8538 I System.out: 'UBIQUITOUS_SERVICE#assistant_screen#NOT_AT_HOME_301' 
07-28 17:49:50.488  7918  8538 I System.out: 'UBIQUITOUS_SERVICE#assistant_screen#NOT_AT_OFFICE_401' 
07-28 17:49:50.489  4921  4921 D RowAnimatorExtImpl: end:view:StatusBarIconView(slot='volume' alpha=1.0 icon=StatusBarIcon(icon=Icon(typ=RESOURCE pkg=com.android.systemui id=0x7f0818f0) visible user=0 ) visibleState=ICON iconColor=#ccffffff staticDrawableColor=#ccffffff decorColor=#ffffffff animationStartColor=#0 currentSetColor=#ccffffff notification=null),tx
07-28 17:49:50.489  4921  4921 D RowAnimatorExtImpl: end:view:StatusBarIconView(slot='zen' alpha=1.0 icon=StatusBarIcon(icon=Icon(typ=RESOURCE pkg=com.android.systemui id=0x7f0818e1) visible user=0 ) visibleState=ICON iconColor=#ccffffff staticDrawableColor=#ccffffff decorColor=#ffffffff animationStartColor=#0 currentSetColor=#ccffffff notification=null),tx
07-28 17:49:50.489  4921  4921 D RowAnimatorExtImpl: end:view:StatusBarIconView(slot='volume' alpha=1.0 icon=StatusBarIcon(icon=Icon(typ=RESOURCE pkg=com.android.systemui id=0x7f0818f0) visible user=0 ) visibleState=ICON iconColor=#ccffffff staticDrawableColor=#ccffffff decorColor=#ffffffff animationStartColor=#0 currentSetColor=#ccffffff notification=null),tx
07-28 17:49:50.489  4921  4921 D RowAnimatorExtImpl: end:view:StatusBarIconView(slot='zen' alpha=1.0 icon=StatusBarIcon(icon=Icon(typ=RESOURCE pkg=com.android.systemui id=0x7f0818e1) visible user=0 ) visibleState=ICON iconColor=#ccffffff staticDrawableColor=#ccffffff decorColor=#ffffffff animationStartColor=#0 currentSetColor=#ccffffff notification=null),tx
07-28 17:49:50.489  4921  4921 D RowAnimatorExtImpl: end:view:StatusBarIconView(slot='volume' alpha=1.0 icon=StatusBarIcon(icon=Icon(typ=RESOURCE pkg=com.android.systemui id=0x7f0818f0) visible user=0 ) visibleState=ICON iconColor=#ccffffff staticDrawableColor=#ccffffff decorColor=#ffffffff animationStartColor=#0 currentSetColor=#ccffffff notification=null),tx
07-28 17:49:50.489  4921  4921 D RowAnimatorExtImpl: end:view:StatusBarIconView(slot='zen' alpha=1.0 icon=StatusBarIcon(icon=Icon(typ=RESOURCE pkg=com.android.systemui id=0x7f0818e1) visible user=0 ) visibleState=ICON iconColor=#ccffffff staticDrawableColor=#ccffffff decorColor=#ffffffff animationStartColor=#0 currentSetColor=#ccffffff notification=null),tx
07-28 17:49:50.489  7918  8538 I System.out: 'policy:NEAR_SUBWAY_BUS_STATION_2x4' 
07-28 17:49:50.492  7918  8538 W metis_v2_TimeDurationCompare: [com.oplus.metis#UBIQUITOUS_SERVICE#scene#tips#TipScene_EXIT] 'timestamp' is not literal. [7f0000011753739349432107407393|p_7393_6a2b15@1|p_7918_881ac6a@11|com.oplus.metis]
07-28 17:49:50.494  7918  8538 D SceneIntentPublisher: headAction: pkg is com.oplus.metis and simpleRuleName is UBIQUITOUS_SERVICE#secne#activity_coloros_reminder_tips
07-28 17:49:50.500  7918  8538 D SceneIntentPublisher: headAction: pkg is com.oplus.metis and simpleRuleName is UBIQUITOUS_SERVICE#secne#activity_coloros_reminder_tips
07-28 17:49:50.503  2007  2007 D SensorFeature: name=ssc_screenshot_info ,index = 22
07-28 17:49:50.503  2007  2007 D SensorFeature: write 29 bytes:60091970288,60100303621,164,0
07-28 17:49:50.504  7918  8538 I System.out: 'UBIQUITOUS_SERVICE#assistant_screen#NOT_AT_HOME_301' 
07-28 17:49:50.504  7918  8538 I System.out: 'tempPropertyForGuideStatus' 
07-28 17:49:50.507  7918  8538 D SceneIntentPublisher: headAction: pkg is com.oplus.metis and simpleRuleName is UBIQUITOUS_SERVICE#secne#activity_coloros_reminder_tips
07-28 17:49:50.507  7918  8538 W metis_v2_TimeDurationCompare: [com.oplus.metis#UBIQUITOUS_SERVICE#scene#tips#TipScene_EXIT] 'timestamp' is not literal. [7f0000011753739349432107407393|p_7393_6a2b15@1|p_7918_881ac6a@11|com.oplus.metis] [base|com.oplus.metis|1.5.5-f48228a]
07-28 17:49:50.515  7918  8423 I ContextAware_GetInstalledAppsInfo: Update cache
07-28 17:49:50.518  7918  8538 W metis_v2_AbsTimerTriggered: [com.oplus.metis#UBIQUITOUS_SERVICE#health#LAUNCH-HEALTH-APP]: periodicTriggered's parseArgsToTimer meet exception periodic timer's first execute start time must >= time range start [7f0000011753739349432107407393|p_7393_6a2b15@1|p_7918_881ac6a@11|com.oplus.metis]
07-28 17:49:50.518  7918  8538 W metis_v2_AbsTimerTriggered: [com.oplus.metis#UBIQUITOUS_SERVICE#health#LAUNCH-HEALTH-APP]: please check if builtin periodicTriggered's args is valid [7f0000011753739349432107407393|p_7393_6a2b15@1|p_7918_881ac6a@11|com.oplus.metis]
07-28 17:49:50.521  7918  8538 I System.out: 'UBIQUITOUS_SERVICE#assistant_screen#NOT_AT_OFFICE_401' 
07-28 17:49:50.521  7918  8538 I metis_v2_KnowledgeManager: panta-sugg-Fire takes 36 milliseconds. [7f0000011753739349432107407393|p_7393_6a2b15@1|p_7918_881ac6a@11|com.oplus.metis]
07-28 17:49:50.521  7918  8538 I ContextAware_PantanalIntentManager: intent (id-14111004+policyName-CLEAN_STORAGE) is not found in scene_intent_config [7f0000011753739349432107407393|p_7393_6a2b15@1|p_7918_881ac6a@11|com.oplus.metis]
07-28 17:49:50.521  7918  8538 I metis_v2_SceneTravelingAdapter: recallTravellingIntent: [] [7f0000011753739349432107407393|p_7393_6a2b15@1|p_7918_881ac6a@11|com.oplus.metis]
07-28 17:49:50.522  7918  8538 I ContextAware_ContextAware_SceneIntentManager: mLastIntentDataSet: [] [7f0000011753739349432107407393|p_7393_6a2b15@1|p_7918_881ac6a@11|com.oplus.metis]
07-28 17:49:50.522  7918  8538 I ContextAware_ContextAware_SceneIntentManager: intentList: [IntentDataDTO(intent=IntentDTO=[sceneId=220500200, intentId=14111005, isExited=false, source=0, ownerId=com.oplus.metis, action=14111005, policyName=SUBSTITUTE_SCENE, serviceId=, sendExitedIntent=true, repeatable=false, sceneScore=-1.0, position=right, level=2, type=1, serviceInstanceId=null, isSupportMultiInstance=false, settingsPreference=null], items=[]), IntentDataDTO(intent=IntentDTO=[sceneId=210000000, intentId=12121002, isExited=true, source=0, ownerId=com.oplus.metis, action=12121002, policyName=TAKEOUT_ORDER_STATUS_CHANGE, serviceId=, sendExitedIntent=false, repeatable=false, sceneScore=-1.0, position=left, level=1, type=1, serviceInstanceId=null, isSupportMultiInstance=false, settingsPreference=null], items=[]), IntentDataDTO(intent=IntentDTO=[sceneId=null, intentId=14111004, isExited=true, source=0, ownerId=com.oplus.metis, action=14111004, policyName=CLEAN_STORAGE, serviceId=, sendExitedIntent=false, repeatable=false, sceneScore=-1.0, position=null, level=0, type=1, serviceInstanceId=null, isSupportMultiInstance=false, settingsPreference=null], items=[]), IntentDataDTO(intent=IntentDTO=[sceneId=null, intentId=12121002, isExited=true, source=0, ownerId=com.oplus.metis, action=12121002, policyName=TAKEOUT_ORDER_STATUS_CHANGE, serviceId=, sendExitedIntent=false, repeatable=false, sceneScore=-1.0, position=null, level=0, type=1, serviceInstanceId=null, isSupportMultiInstance=false, settingsPreference=null], items=[])] [7f0000011753739349432107407393|p_7393_6a2b15@1|p_7918_881ac6a@11|com.oplus.metis]
07-28 17:49:50.522  7918  8538 I ContextAware_ContextAware_SceneIntentManager: missedIntent: [] [7f0000011753739349432107407393|p_7393_6a2b15@1|p_7918_881ac6a@11|com.oplus.metis]
07-28 17:49:50.522  7918  8538 I metis_v2_SceneIntentManager: panta-sugg-Published intents: [7f0000011753739349432107407393|p_7393_6a2b15@1|p_7918_881ac6a@11|com.oplus.metis]
07-28 17:49:50.522  7918  8538 I metis_v2_SceneIntentManager: panta-sugg-IntentDataDTO(intent=IntentDTO=[sceneId=220500200, intentId=14111005, isExited=false, source=0, ownerId=com.oplus.metis, action=14111005, policyName=SUBSTITUTE_SCENE, serviceId=, sendExitedIntent=true, repeatable=false, sceneScore=-1.0, position=right, level=2, type=1, serviceInstanceId=null, isSupportMultiInstance=false, settingsPreference=null], items=[]) [7f0000011753739349432107407393|p_7393_6a2b15@1|p_7918_881ac6a@11|com.oplus.metis]
07-28 17:49:50.522  7918  8538 I metis_v2_SceneIntentManager: panta-sugg-IntentDataDTO(intent=IntentDTO=[sceneId=210000000, intentId=12121002, isExited=true, source=0, ownerId=com.oplus.metis, action=12121002, policyName=TAKEOUT_ORDER_STATUS_CHANGE, serviceId=, sendExitedIntent=false, repeatable=false, sceneScore=-1.0, position=left, level=1, type=1, serviceInstanceId=null, isSupportMultiInstance=false, settingsPreference=null], items=[]) [7f0000011753739349432107407393|p_7393_6a2b15@1|p_7918_881ac6a@11|com.oplus.metis]
07-28 17:49:50.522  7918  8538 I metis_v2_SceneIntentManager: panta-sugg-IntentDataDTO(intent=IntentDTO=[sceneId=null, intentId=14111004, isExited=true, source=0, ownerId=com.oplus.metis, action=14111004, policyName=CLEAN_STORAGE, serviceId=, sendExitedIntent=false, repeatable=false, sceneScore=-1.0, position=null, level=0, type=1, serviceInstanceId=null, isSupportMultiInstance=false, settingsPreference=null], items=[]) [7f0000011753739349432107407393|p_7393_6a2b15@1|p_7918_881ac6a@11|com.oplus.metis]
07-28 17:49:50.522  7918  8538 I metis_v2_SceneIntentManager: panta-sugg-IntentDataDTO(intent=IntentDTO=[sceneId=null, intentId=12121002, isExited=true, source=0, ownerId=com.oplus.metis, action=12121002, policyName=TAKEOUT_ORDER_STATUS_CHANGE, serviceId=, sendExitedIntent=false, repeatable=false, sceneScore=-1.0, position=null, level=0, type=1, serviceInstanceId=null, isSupportMultiInstance=false, settingsPreference=null], items=[]) [7f0000011753739349432107407393|p_7393_6a2b15@1|p_7918_881ac6a@11|com.oplus.metis]
07-28 17:49:50.523  7918  8538 I ContextAware_MetisStatistics: uploadMetisIntentData enter {intent_source=0, intent_action=14111005, exit_type=, rule_name=UBIQUITOUS_SERVICE#secne#activity_coloros_reminder_tips, service_id=, scene_id=220500200, policy_name=SUBSTITUTE_SCENE, is_exited=false, intent_id=14111005, timestamp=1753739390523} [7f0000011753739349432107407393|p_7393_6a2b15@1|p_7918_881ac6a@11|com.oplus.metis]
07-28 17:49:50.523  7918  8538 I ContextAware_PantanalIntentManager: getCloudIntentConfig [7f0000011753739349432107407393|p_7393_6a2b15@1|p_7918_881ac6a@11|com.oplus.metis]
07-28 17:49:50.526  7918  8543 I DeepThinkerSDK: [APP] ClientConnection: getDeepThinkerBridge start
07-28 17:49:50.526  7918  8543 I DeepThinkerSDK: [APP] ClientConnection: getDeepThinkerBridge end
07-28 17:49:50.527  7918  8538 I ContextAware_PantanalIntentManager: getDownLoadConfig [7f0000011753739349432107407393|p_7393_6a2b15@1|p_7918_881ac6a@11|com.oplus.metis]
07-28 17:49:50.541  7918  8538 I ContextAware_PantanalIntentManager: selectNewestConfig, assetVersion 202505301103, downloadVersion 202507161101 [7f0000011753739349432107407393|p_7393_6a2b15@1|p_7918_881ac6a@11|com.oplus.metis]
07-28 17:49:50.548  7918  8538 I ContextAware_PantanalIntentManager: getCloudIntentConfig, cache cloud intent config [7f0000011753739349432107407393|p_7393_6a2b15@1|p_7918_881ac6a@11|com.oplus.metis]
07-28 17:49:50.548  7918  8538 I ContextAware_PantanalIntentLruCache: create, key=14111004-CLEAN_STORAGE, create time=25 LruCache[maxSize=120,hits=118,misses=6,hitRate=95%] cacheSize=16 [7f0000011753739349432107407393|p_7393_6a2b15@1|p_7918_881ac6a@11|com.oplus.metis]
07-28 17:49:50.548  7918  8538 I ContextAware_DecisionIntentProvider: uriPath:/negative_screen [7f0000011753739349432107407393|p_7393_6a2b15@1|p_7918_881ac6a@11|com.oplus.metis]
07-28 17:49:50.548  7918  8538 I ContextAware_DecisionIntentProvider: mAssistantScreenList:[] [7f0000011753739349432107407393|p_7393_6a2b15@1|p_7918_881ac6a@11|com.oplus.metis]
07-28 17:49:50.548  7918  8845 E ContextAware_SortAlgorithmManager.ReorderProcessor.GuaranteedIntentManager: removeExternalIntent mExternalGuaranteedList invalid
07-28 17:49:50.548  7918  8538 I DataCollector_SortAlgorithmManager.SortCommonUtil: mIntentList is empty. [7f0000011753739349432107407393|p_7393_6a2b15@1|p_7918_881ac6a@11|com.oplus.metis]
07-28 17:49:50.548  7918  8895 E ContextAware_SortAlgorithmManager.ReorderProcessor.GuaranteedIntentManager: removeExternalIntent mExternalGuaranteedList invalid
07-28 17:49:50.548  7918  9382 E ContextAware_SortAlgorithmManager.ReorderProcessor.GuaranteedIntentManager: removeExternalIntent mExternalGuaranteedList invalid
07-28 17:49:50.548  7918  8845 I ContextAware_ContextAware_SortAlgorithmManager.SendMsg: Log Segmented Print(1):sortForBatchRemoveIntentChange pantanalIntentList = [PantanalIntent(sceneId=210000000, intentId=12121002, policyName='TAKEOUT_ORDER_STATUS_CHANGE', sceneInstanceId=null, intentSrc=0, finalScore=-1.0, subDomain='takeout', action='pantanal.intent.takeout.VIEW_ORDER_PROGRESS', defaultScore=11.0, sortable=false, paramsFromUserPolicy=ParamsFromUserPolicy(exposureArgs=[], exposureFunc=-1, clickArgs=[], clickFunc=-1, timeArgs=[], timeFunc=-1, delayExposureArgs=null, delayClickArgs=null), cannotReduceRecommend=false, reduceReplaceKey=, isUnrecoverable=false, dropRepeatKey=, dropRepeatMode=-1, paramsFromService=content-length:2, isParamsSendToSeedling=false, forceRebuildSeedling=false, seedlingUiPolicy=0, paramsFromHabit=null, serviceList=null, serviceSelectPolicy=0, serviceSelectWeight=null, serviceId=, serviceIdFrom=null, recallScore=null, rankScore=-1.0, rerankScore=-1.0, requestId=null, userPolicyScore=-1.0, domain='life_service', cloudExtInfo=null, operation=1, showCount=0, clickCount=0, exposureTime=0, dtExperimentParams=null, createTime=1753739390548, lastUpdateTime=1753739390548, expireTime=240, , originalUpdateTime=1753739390548, sortRelatedId=0, addRelatedId=0, decisionHistoryList=null, businessData=null, cardOptions=null, instanceId=null, protectEnable=true, protectPolicy=ProtectPolicy(event=0, initialDuration=7, deltaDuration=3, startRatio=70, endRatio=10, stepRatio=20), addMinProb=0.4, probAdj=1.0, lastSortType=0, configVersion=202507161101, algorithmVersion=, recommendServiceList=null, removeTriggerValue=0.2, algorithmTimeRule=[], ruleRemoveByAlgorithm=false, containServiceId=false, dropRepeatType=0, dropRepeatScore=0, delayDismiss=0, attenuationType=-1, attenuationFunc=-1, shouldFocus=false, focusTimestamp=null, orderID=null, serviceTimeStamp=0, serviceInstanceId=null, showType=0,delayExposureTimestamp=0, delayClickTimestamp=0, isSupportMultiInstance=false, , PantanalIntent(sceneId=null, intentId=14111004, policyName='CLEAN_STORAGE', sceneInstanceId=null, intentSrc=0, finalScore=-1.0, subDomain='clear_memory', action='pantanal.intent.system.CLEAN_UP_STORAGE', defaultScore=0.8, sortable=true, paramsFromUserPolicy=ParamsFromUserPolicy(exposureArgs=[20.0, 5.0], exposureFunc=2, clickArgs=[2.0], clickFunc=1, timeArgs=[], timeFunc=-1, delayExposureArgs=null, delayClickArgs=null), cannotReduceRecommend=false, reduceReplaceKey=, isUnrecoverable=false, dropRepeatKey=, dropRepeatMode=-1, paramsFromService=content-length:2, isParamsSendToSeedling=false, forceRebuildSeedling=false, seedlingUiPolicy=0, paramsFromHabit=null, serviceList=null, serviceSelectPolicy=0, serviceSelectWeight=null, serviceId=, serviceIdFrom=null, recallScore=null, rankScore=-1.0, rerankScore=-1.0, requestId=null, userPolicyScore=-1.0, domain='system_settings', cloudExtInfo=null, operation=1, showCount=0, clickCount=0, exposureTime=0, dtExperimentParams=null, createTime=1753739390548, lastUpdateTime=1753739390548, expireTime=240, , originalUpdateTime=1753739390548, sortRelatedId=100710040000, addRelatedId=0, decisionHistoryList=null, businessData=null, cardOptions=null, instanceId=null, protectEnable=true, protectPolicy=ProtectPolicy(event=0, initialDuration=0, deltaDuration=1, startRatio=20, endRatio=5, stepRatio=5), addMinProb=0.4, probAdj=1.0, lastSortType=0, configVersion=202507161101, algorithmVersion=, recommendServiceList=null, removeTriggerValue=0.2, algorithmTimeRule=[], ruleRemoveByAlgorithm=false, containServiceId=false, dropRepeatType=0, dropRepeatScore=0, delayDismiss=0, attenuationType=-1, attenuationFunc=-1, shouldFocus=false, focusTimestamp=null, orderID=null, serviceTimeStamp=0, serviceInstanceId=null, showType=0,delayExposureTimestamp=0, delayClickTimestamp=0, isSupportMultiInstance=false, , PantanalIntent(sceneId=null, intentId=12121002, policyName='TAKEOUT_ORDER_STATUS_CHANGE', sceneInstanceId=null, intentSrc=0, finalScore=-1.0, subDomain='takeout', action='pantanal.intent.takeout.VIEW_ORDER_PROGRESS', defaultScore=11.0,
07-28 17:49:50.549  7918  8538 I metis_v2_KnowledgeManager: DUMP FACTS IN TREE: [7f0000011753739349432107407393|p_7393_6a2b15@1|p_7918_881ac6a@11|com.oplus.metis]
07-28 17:49:50.549  7918  8845 I ContextAware_ContextAware_SortAlgorithmManager.SendMsg: Log Segmented Print(2): sortable=false, paramsFromUserPolicy=ParamsFromUserPolicy(exposureArgs=[], exposureFunc=-1, clickArgs=[], clickFunc=-1, timeArgs=[], timeFunc=-1, delayExposureArgs=null, delayClickArgs=null), cannotReduceRecommend=false, reduceReplaceKey=, isUnrecoverable=false, dropRepeatKey=, dropRepeatMode=-1, paramsFromService=content-length:2, isParamsSendToSeedling=false, forceRebuildSeedling=false, seedlingUiPolicy=0, paramsFromHabit=null, serviceList=null, serviceSelectPolicy=0, serviceSelectWeight=null, serviceId=, serviceIdFrom=null, recallScore=null, rankScore=-1.0, rerankScore=-1.0, requestId=null, userPolicyScore=-1.0, domain='life_service', cloudExtInfo=null, operation=1, showCount=0, clickCount=0, exposureTime=0, dtExperimentParams=null, createTime=1753739390548, lastUpdateTime=1753739390548, expireTime=240, , originalUpdateTime=1753739390548, sortRelatedId=0, addRelatedId=0, decisionHistoryList=null, businessData=null, cardOptions=null, instanceId=null, protectEnable=true, protectPolicy=ProtectPolicy(event=0, initialDuration=7, deltaDuration=3, startRatio=70, endRatio=10, stepRatio=20), addMinProb=0.4, probAdj=1.0, lastSortType=0, configVersion=202507161101, algorithmVersion=, recommendServiceList=null, removeTriggerValue=0.2, algorithmTimeRule=[], ruleRemoveByAlgorithm=false, containServiceId=false, dropRepeatType=0, dropRepeatScore=0, delayDismiss=0, attenuationType=-1, attenuationFunc=-1, shouldFocus=false, focusTimestamp=null, orderID=null, serviceTimeStamp=0, serviceInstanceId=null, showType=0,delayExposureTimestamp=0, delayClickTimestamp=0, isSupportMultiInstance=false, ]
07-28 17:49:50.549  7918  8845 I ContextAware_SortAlgorithmManager.SendMsg: sortForBatchRemoveIntentChange : batchIntentList is empty Just return
07-28 17:49:50.549  7918  8845 I ContextAware_SortAlgorithmManager.SendMsg: sortForBatchIntentChange batchIntent = PantanalIntent(sceneId=220500200, intentId=14111005, policyName='SUBSTITUTE_SCENE', sceneInstanceId=null, intentSrc=0, finalScore=-1.0, subDomain='tips', action='pantanal.intent.system.VIEW_TIPS', defaultScore=2.0, sortable=true, paramsFromUserPolicy=ParamsFromUserPolicy(exposureArgs=[], exposureFunc=-1, clickArgs=[], clickFunc=-1, timeArgs=[], timeFunc=-1, delayExposureArgs=null, delayClickArgs=null), cannotReduceRecommend=false, reduceReplaceKey=, isUnrecoverable=false, dropRepeatKey=, dropRepeatMode=-1, paramsFromService=content-length:2, isParamsSendToSeedling=false, forceRebuildSeedling=false, seedlingUiPolicy=0, paramsFromHabit=null, serviceList=null, serviceSelectPolicy=0, serviceSelectWeight=null, serviceId=, serviceIdFrom=null, recallScore=null, rankScore=-1.0, rerankScore=-1.0, requestId=null, userPolicyScore=-1.0, domain='system_settings', cloudExtInfo=null, operation=0, showCount=0, clickCount=0, exposureTime=0, dtExperimentParams=null, createTime=1753739390548, lastUpdateTime=1753739390548, expireTime=240, , originalUpdateTime=1753739390548, sortRelatedId=0, addRelatedId=0, decisionHistoryList=null, businessData=null, cardOptions=null, instanceId=null, protectEnable=true, protectPolicy=ProtectPolicy(event=0, initialDuration=7, deltaDuration=3, startRatio=70, endRatio=10, stepRatio=20), addMinProb=0.4, probAdj=1.0, lastSortType=0, configVersion=202507161101, algorithmVersion=, recommendServiceList=null, removeTriggerValue=0.2, algorithmTimeRule=[], ruleRemoveByAlgorithm=false, containServiceId=false, dropRepeatType=0, dropRepeatScore=0, delayDismiss=0, attenuationType=-1, attenuationFunc=-1, shouldFocus=false, focusTimestamp=null, orderID=null, serviceTimeStamp=0, serviceInstanceId=null, showType=0,delayExposureTimestamp=0, delayClickTimestamp=0, isSupportMultiInstance=false, 
07-28 17:49:50.549  7918  8845 I ContextAware_SortAlgorithmManager.SendMsg: sendMessage msgWhat = 10
07-28 17:49:50.549  7918  8895 I ContextAware_DailyStatisticsRecorder: Increase context change count: MESSAGE_10_cnt, value: 1
07-28 17:49:50.549  7918  8536 I ContextAware_SortAlgorithmManager: message:10
07-28 17:49:50.550  7918  8536 I ContextAware_IntentSwitchManager: getSubSwitchStatus = {tips=true}
07-28 17:49:50.550  7918  8536 I ContextAware_IntentSwitchManager: isExistInSceneInfoActionList pantanalIntentAction = pantanal.intent.system.VIEW_TIPS
07-28 17:49:50.550  7918  8536 I metis_v2_BreenoSwitchSettingObserver: panta-sugg-getMasterSwitchStatus from cache:true
07-28 17:49:50.550  7918  8536 I ContextAware_SortAlgorithmManager.SceneUtil: SortAlgorithmManager.SceneCombinationProcessor Last map is  sceneId 210000000 status 2 intentList size 1 isHome false IntentId: 13151001 policyName DYNAMIC_SUBSTITUTE isFocus false serviceId null type 0 deleteKeynull
07-28 17:49:50.550  7918  8536 I ContextAware_SortAlgorithmManager.SceneUtil:  sceneId 220500200 status 2 intentList size 1 isHome false IntentId: 14111005 policyName SUBSTITUTE_SCENE isFocus false serviceId  type 0 deleteKeynull
07-28 17:49:50.550  7918  8536 I ContextAware_SortAlgorithmManager.SceneUtil:  sceneId 240100400 status 2 intentList size 0 isHome false
07-28 17:49:50.550  7918  8536 I ContextAware_SortAlgorithmManager.SceneUtil:  sceneId 240000000 status 2 intentList size 3 isHome false IntentId: 14111004 policyName CLEAN_UP_STORAGE_SUBSTITUTE isFocus false serviceId null type 0 deleteKeynull IntentId: 18111007 policyName CLEAN_UP_SUBSTITUTE isFocus false serviceId null type 0 deleteKeynull IntentId: 18111008 policyName CLEAN_UP_PLUS_SUBSTITUTE isFocus false serviceId null type 0 deleteKeynull
07-28 17:49:50.550  7918  9279 I ContextAware_DailyStatisticsRecorder: Increase context change count: PROCESSOR_SCENE_FILTER_cnt, value: 1
07-28 17:49:50.550  7918  9279 I ContextAware_DailyStatisticsRecorder: Increase context change count: PROCESSOR_SCENE_FILTER_ms, value: 1
