07-29 20:24:29.226  2123  2442 I VRR-[OPlusRefreshRateSelector]: updateAutoMode success, display 0, mode 0, fakeframe 1, min fps: 1
07-29 20:24:29.226  2123  3472 D VRR-[OPlusRefreshRateSelector]: handleSetHWCOSync
07-29 20:24:29.226  2123  3472 D VRR-[OPlusRefreshRateSelector]: OSyncModes remaining size is 0.
07-29 20:24:29.226  2123  3472 D VRR-[OPlusRefreshRateSelector]: SetHWCOSync with 5CC08181
07-29 20:24:29.226  1882  1882 I SDM     : DisplayBuiltIn::SetQSyncMode: VRR + update qsync mode 0 minfps 00C08181
07-29 20:24:29.229  1882  2176 E SDM     : DRMConnector::Perform: Connector 67: Setting Qsync min fps 12616065
07-29 20:24:29.231  1879  1879 I SnapAlloc: Using graphics libs for alignment calculations
07-29 20:24:29.231  4875  4875 I SystemUi--Keyguard: ScrimControllerExImp-->blur State to UNLOCK, bouncer=false changeFromBouncerScrim= false runnerUnlock= false goingAway=false hasHandle=true isOccludeAnimationPlaying=false
07-29 20:24:29.231  3321  4209 I InputDispatcher: injectInputEvent: targetUid=<not set>, syncMode=WAIT_FOR_FINISHED, timeout=30000ms, policyFlags=0x8000000, event=MotionEvent { action=MOVE, id[0]=0, x[0]=900, y[0]=988.733, eventTime=59068000000, downTime=58922000000, deviceId=4, source=TOUCHSCREEN, displayId=0, eventId=0xd9e920c7}
07-29 20:24:29.231  4875  4875 I SystemUi--Keyguard: ScrimControllerExImp-->blur State to UNLOCK, bouncer=false changeFromBouncerScrim= false runnerUnlock= false goingAway=false hasHandle=true isOccludeAnimationPlaying=false
07-29 20:24:29.239  4875  5346 I SystemUi--Statusbar: PrivacyDotViewController-->processNextViewState: 
07-29 20:24:29.239  4875  5346 I SystemUi--Statusbar: PrivacyDotViewController-->resolveState ViewState(viewInitialized=true, systemPrivacyEventIsActive=false, shadeExpanded=true, needShow=false, portraitRect=Rect(0, 0 - 1080, 120), landscapeRect=Rect(120, 0 - 2376, 120), upsideDownRect=Rect(0, 0 - 1080, 120), seascapeRect=Rect(0, 0 - 2244, 120), layoutRtl=false, rotation=0, paddingTop=14, paddingBottom=15, cornerIndex=1, designatedCorner=android.widget.FrameLayout{4477dff I.E...... ......ID 1032,0-1080,120 #7f0a09cd app:id/privacy_dot_top_right_container alpha=1.0 viewInfo = }, contentDescription=null, dotMargin=48)
07-29 20:24:29.239  4875  4875 I SystemUi--Keyguard: ScrimControllerExImp-->blur State to UNLOCK, bouncer=false changeFromBouncerScrim= false runnerUnlock= false goingAway=false hasHandle=true isOccludeAnimationPlaying=false
07-29 20:24:29.239  3321  4209 I InputDispatcher: injectInputEvent: targetUid=<not set>, syncMode=WAIT_FOR_FINISHED, timeout=30000ms, policyFlags=0x8000000, event=MotionEvent { action=MOVE, id[0]=0, x[0]=900, y[0]=1047.83, eventTime=59077000000, downTime=58922000000, deviceId=4, source=TOUCHSCREEN, displayId=0, eventId=0xc0f6fe59}
07-29 20:24:29.239  4875  4875 I SystemUi--Keyguard: ScrimControllerExImp-->blur State to UNLOCK, bouncer=false changeFromBouncerScrim= false runnerUnlock= false goingAway=false hasHandle=true isOccludeAnimationPlaying=false
07-29 20:24:29.247  1879  1879 I SnapAlloc: Using graphics libs for alignment calculations
07-29 20:24:29.247  4875  4875 I SystemUi--Keyguard: ScrimControllerExImp-->blur State to UNLOCK, bouncer=false changeFromBouncerScrim= false runnerUnlock= false goingAway=false hasHandle=true isOccludeAnimationPlaying=false
07-29 20:24:29.247  4875  4875 I SystemUi--Keyguard: ScrimControllerExImp-->blur State to UNLOCK, bouncer=false changeFromBouncerScrim= false runnerUnlock= false goingAway=false hasHandle=true isOccludeAnimationPlaying=false
07-29 20:24:29.247  3321  4209 I InputDispatcher: injectInputEvent: targetUid=<not set>, syncMode=WAIT_FOR_FINISHED, timeout=30000ms, policyFlags=0x8000000, event=MotionEvent { action=MOVE, id[0]=0, x[0]=900, y[0]=1100.37, eventTime=59085000000, downTime=58922000000, deviceId=4, source=TOUCHSCREEN, displayId=0, eventId=0xc3acc708}
07-29 20:24:29.255  4875  4875 I SystemUi--Keyguard: ScrimControllerExImp-->blur State to UNLOCK, bouncer=false changeFromBouncerScrim= false runnerUnlock= false goingAway=false hasHandle=true isOccludeAnimationPlaying=false
07-29 20:24:29.255  3321  4209 I InputDispatcher: injectInputEvent: targetUid=<not set>, syncMode=WAIT_FOR_FINISHED, timeout=30000ms, policyFlags=0x8000000, event=MotionEvent { action=MOVE, id[0]=0, x[0]=900, y[0]=1152.9, eventTime=59093000000, downTime=58922000000, deviceId=4, source=TOUCHSCREEN, displayId=0, eventId=0xf671965e}
07-29 20:24:29.256  4875  4875 I SystemUi--Keyguard: ScrimControllerExImp-->blur State to UNLOCK, bouncer=false changeFromBouncerScrim= false runnerUnlock= false goingAway=false hasHandle=true isOccludeAnimationPlaying=false
07-29 20:24:29.264  1879  1879 I SnapAlloc: Using graphics libs for alignment calculations
07-29 20:24:29.264  4875  4875 I SystemUi--Keyguard: ScrimControllerExImp-->blur State to UNLOCK, bouncer=false changeFromBouncerScrim= false runnerUnlock= false goingAway=false hasHandle=true isOccludeAnimationPlaying=false
07-29 20:24:29.264  3321  4209 I InputDispatcher: injectInputEvent: targetUid=<not set>, syncMode=WAIT_FOR_FINISHED, timeout=30000ms, policyFlags=0x8000000, event=MotionEvent { action=MOVE, id[0]=0, x[0]=900, y[0]=1205.43, eventTime=59101000000, downTime=58922000000, deviceId=4, source=TOUCHSCREEN, displayId=0, eventId=0xcfd39e26}
07-29 20:24:29.264  4875  4875 I SystemUi--Keyguard: ScrimControllerExImp-->blur State to UNLOCK, bouncer=false changeFromBouncerScrim= false runnerUnlock= false goingAway=false hasHandle=true isOccludeAnimationPlaying=false
07-29 20:24:29.272  4875  4875 I SystemUi--Keyguard: ScrimControllerExImp-->blur State to UNLOCK, bouncer=false changeFromBouncerScrim= false runnerUnlock= false goingAway=false hasHandle=true isOccludeAnimationPlaying=false
07-29 20:24:29.272  3321  4209 I InputDispatcher: injectInputEvent: targetUid=<not set>, syncMode=WAIT_FOR_FINISHED, timeout=30000ms, policyFlags=0x8000000, event=MotionEvent { action=MOVE, id[0]=0, x[0]=900, y[0]=1257.97, eventTime=59109000000, downTime=58922000000, deviceId=4, source=TOUCHSCREEN, displayId=0, eventId=0xc6d3f70a}
07-29 20:24:29.272  4875  4875 I SystemUi--Keyguard: ScrimControllerExImp-->blur State to UNLOCK, bouncer=false changeFromBouncerScrim= false runnerUnlock= false goingAway=false hasHandle=true isOccludeAnimationPlaying=false
07-29 20:24:29.280  1879  1879 I SnapAlloc: Using graphics libs for alignment calculations
07-29 20:24:29.280  4875  4875 I SystemUi--Keyguard: ScrimControllerExImp-->blur State to UNLOCK, bouncer=false changeFromBouncerScrim= false runnerUnlock= false goingAway=false hasHandle=true isOccludeAnimationPlaying=false
07-29 20:24:29.280  3321  4209 I InputDispatcher: injectInputEvent: targetUid=<not set>, syncMode=WAIT_FOR_FINISHED, timeout=30000ms, policyFlags=0x8000000, event=MotionEvent { action=MOVE, id[0]=0, x[0]=900, y[0]=1317.07, eventTime=59118000000, downTime=58922000000, deviceId=4, source=TOUCHSCREEN, displayId=0, eventId=0xd86d9b4e}
07-29 20:24:29.280  4875  4875 I SystemUi--Keyguard: ScrimControllerExImp-->blur State to UNLOCK, bouncer=false changeFromBouncerScrim= false runnerUnlock= false goingAway=false hasHandle=true isOccludeAnimationPlaying=false
07-29 20:24:29.288  4875  4875 I SystemUi--Keyguard: ScrimControllerExImp-->blur State to UNLOCK, bouncer=false changeFromBouncerScrim= false runnerUnlock= false goingAway=false hasHandle=true isOccludeAnimationPlaying=false
07-29 20:24:29.288  3321  4209 I InputDispatcher: injectInputEvent: targetUid=<not set>, syncMode=WAIT_FOR_FINISHED, timeout=30000ms, policyFlags=0x8000000, event=MotionEvent { action=MOVE, id[0]=0, x[0]=900, y[0]=1369.6, eventTime=59126000000, downTime=58922000000, deviceId=4, source=TOUCHSCREEN, displayId=0, eventId=0xd8910a5d}
07-29 20:24:29.289  4875  4875 I SystemUi--Keyguard: ScrimControllerExImp-->blur State to UNLOCK, bouncer=false changeFromBouncerScrim= false runnerUnlock= false goingAway=false hasHandle=true isOccludeAnimationPlaying=false
07-29 20:24:29.293  4875  4875 I SystemUi--QuickSettings: QsLottieUtils-->getLottieAnimFile : qs/qs_location_lottie_active_sep_dual_light.json
07-29 20:24:29.293  4875  5443 D HWUI    : OplusRenderNodeAnimator end!
07-29 20:24:29.293  4875  5443 D HWUI    : OplusRenderNodeAnimator end!
07-29 20:24:29.293  4875  5443 D HWUI    : OplusRenderNodeAnimator end!
07-29 20:24:29.293  4875  5443 D HWUI    : OplusRenderNodeAnimator end!
07-29 20:24:29.295  4875  4875 I SystemUi--QuickSettings: QsLottieUtils-->getLottieAnimFile : qs/qs_nfc_lottie_active_sep_dual_light.json
07-29 20:24:29.295  4875  4875 I SystemUi--Statusbar: CollapsedStatusBarFragmentExImpl-->animateHiddenState onAnimationEnd v:com.oplus.systemui.statusbar.widget.EndSideContentLayout{92ab234 V.E...... ........ 172,0-440,91 #7f0a0c16 app:id/status_bar_end_side_content alpha=1.0 viewInfo = }  v alpha:1.0 v render alpha:0.0 animateAlpha=0.0
07-29 20:24:29.295  4875  4875 I SystemUi--Statusbar: CollapsedStatusBarFragmentExImpl-->animateHiddenState onAnimationEnd v:com.android.keyguard.AlphaOptimizedLinearLayout{5eaf7c1 V.E...... ........ 0,0-48,91 alpha=1.0 viewInfo = }  v alpha:1.0 v render alpha:0.0 animateAlpha=0.0
07-29 20:24:29.295  4875  4875 I SystemUi--Statusbar: CollapsedStatusBarFragmentExImpl-->animateHiddenState onAnimationEnd v:com.oplus.systemui.statusbar.seeding.CapsulePluginContainer{a978870 V.E...... ........ 0,0-1080,120 #7f0a0b3b app:id/seeding_card_container alpha=1.0 viewInfo = }  v alpha:1.0 v render alpha:0.0 animateAlpha=0.0
07-29 20:24:29.295  4875 12956 W LOG_Effective: Effective doesn't support layer effects. If you are using them for  fills, strokes, trim paths etc. then try adding them directly as contents  in your shape. Found: [Slider Control]
07-29 20:24:29.295  4875  4875 I SystemUi--Statusbar: CollapsedStatusBarFragmentExImpl-->animateHiddenState onAnimationEnd v:com.oplus.systemui.statusbar.widget.StatClock{161a460 V.ED..... ........ 0,0-136,91 #7f0a02b9 app:id/clock alpha=1.0 viewInfo = }  v alpha:1.0 v render alpha:0.0 animateAlpha=0.0
07-29 20:24:29.296  4875 12956 W LOG_Effective: Animation contains merge paths. Merge paths are only supported on KitKat+ and must be manually enabled by calling enableMergePathsForKitKatAndAbove().
07-29 20:24:29.297  4875  4875 I SystemUi--Keyguard: ScrimControllerExImp-->blur State to UNLOCK, bouncer=false changeFromBouncerScrim= false runnerUnlock= false goingAway=false hasHandle=true isOccludeAnimationPlaying=false
07-29 20:24:29.297  1879  1879 I SnapAlloc: Using graphics libs for alignment calculations
07-29 20:24:29.297  3321  4209 I InputDispatcher: injectInputEvent: targetUid=<not set>, syncMode=WAIT_FOR_FINISHED, timeout=30000ms, policyFlags=0x8000000, event=MotionEvent { action=MOVE, id[0]=0, x[0]=900, y[0]=1422.13, eventTime=59134000000, downTime=58922000000, deviceId=4, source=TOUCHSCREEN, displayId=0, eventId=0xcee9ef15}
07-29 20:24:29.297  4875  4875 I SystemUi--Keyguard: ScrimControllerExImp-->blur State to UNLOCK, bouncer=false changeFromBouncerScrim= false runnerUnlock= false goingAway=false hasHandle=true isOccludeAnimationPlaying=false
07-29 20:24:29.297  3321  3774 D PowerManagerService: userActivityNoUpdateLocked: groupId=0, eventTime=59134, event=touch, flags=0x0, uid=1000
07-29 20:24:29.303  4875  4875 W LOG_Effective: Animation contains merge paths but they are disabled.
07-29 20:24:29.305  4875  4875 I SystemUi--Keyguard: ScrimControllerExImp-->blur State to UNLOCK, bouncer=false changeFromBouncerScrim= false runnerUnlock= false goingAway=false hasHandle=true isOccludeAnimationPlaying=false
07-29 20:24:29.305  3321  4209 I InputDispatcher: injectInputEvent: targetUid=<not set>, syncMode=WAIT_FOR_FINISHED, timeout=30000ms, policyFlags=0x8000000, event=MotionEvent { action=MOVE, id[0]=0, x[0]=900, y[0]=1481.23, eventTime=59143000000, downTime=58922000000, deviceId=4, source=TOUCHSCREEN, displayId=0, eventId=0xe0b7d255}
07-29 20:24:29.305  4875  4875 I SystemUi--Keyguard: ScrimControllerExImp-->blur State to UNLOCK, bouncer=false changeFromBouncerScrim= false runnerUnlock= false goingAway=false hasHandle=true isOccludeAnimationPlaying=false
07-29 20:24:29.313  4875  4875 I SystemUi--Keyguard: ScrimControllerExImp-->blur State to UNLOCK, bouncer=false changeFromBouncerScrim= false runnerUnlock= false goingAway=false hasHandle=true isOccludeAnimationPlaying=false
07-29 20:24:29.314  1879  1879 I SnapAlloc: Using graphics libs for alignment calculations
07-29 20:24:29.314  3321  4209 I InputDispatcher: injectInputEvent: targetUid=<not set>, syncMode=WAIT_FOR_FINISHED, timeout=30000ms, policyFlags=0x8000000, event=MotionEvent { action=MOVE, id[0]=0, x[0]=900, y[0]=1533.77, eventTime=59151000000, downTime=58922000000, deviceId=4, source=TOUCHSCREEN, displayId=0, eventId=0xc42bd2dd}
07-29 20:24:29.314  4875  4875 I SystemUi--Keyguard: ScrimControllerExImp-->blur State to UNLOCK, bouncer=false changeFromBouncerScrim= false runnerUnlock= false goingAway=false hasHandle=true isOccludeAnimationPlaying=false
07-29 20:24:29.322  4875  4875 I SystemUi--Keyguard: ScrimControllerExImp-->blur State to UNLOCK, bouncer=false changeFromBouncerScrim= false runnerUnlock= false goingAway=false hasHandle=true isOccludeAnimationPlaying=false
07-29 20:24:29.322  3321  4209 I InputDispatcher: injectInputEvent: targetUid=<not set>, syncMode=WAIT_FOR_FINISHED, timeout=30000ms, policyFlags=0x8000000, event=MotionEvent { action=MOVE, id[0]=0, x[0]=900, y[0]=1586.3, eventTime=59159000000, downTime=58922000000, deviceId=4, source=TOUCHSCREEN, displayId=0, eventId=0xd1f48cbb}
07-29 20:24:29.322  4875  4875 I SystemUi--Keyguard: ScrimControllerExImp-->blur State to UNLOCK, bouncer=false changeFromBouncerScrim= false runnerUnlock= false goingAway=false hasHandle=true isOccludeAnimationPlaying=false
07-29 20:24:29.326  3321  4396 V AlarmManager: sending alarm Alarm{16ab564 type 3 origWhen 40414 whenElapsed 40414 android} uid 1000 whenElapsed 40414 windowLength 18750 maxWhenElapsed 59164 repeatInterval 0 action null component null tag WifiHealthMonitor Schedule Post-Boot Detection Timer flags 0x8 procName system_server
07-29 20:24:29.328  1965  1965 D SensorFeature: name=ssc_screenshot_info ,index = 22
07-29 20:24:29.328  1965  1965 D SensorFeature: write 29 bytes:59157119977,59165453310,157,0
07-29 20:24:29.330  1879  1879 I SnapAlloc: Using graphics libs for alignment calculations
07-29 20:24:29.330  4875  4875 I SystemUi--Keyguard: ScrimControllerExImp-->blur State to UNLOCK, bouncer=false changeFromBouncerScrim= false runnerUnlock= false goingAway=false hasHandle=true isOccludeAnimationPlaying=false
07-29 20:24:29.330  3321  4209 I InputDispatcher: injectInputEvent: targetUid=<not set>, syncMode=WAIT_FOR_FINISHED, timeout=30000ms, policyFlags=0x8000000, event=MotionEvent { action=MOVE, id[0]=0, x[0]=900, y[0]=1645.4, eventTime=59168000000, downTime=58922000000, deviceId=4, source=TOUCHSCREEN, displayId=0, eventId=0xf6b3b1a5}
07-29 20:24:29.331  4875  4875 I SystemUi--Keyguard: ScrimControllerExImp-->blur State to UNLOCK, bouncer=false changeFromBouncerScrim= false runnerUnlock= false goingAway=false hasHandle=true isOccludeAnimationPlaying=false
07-29 20:24:29.338  4875  4875 I SystemUi--Keyguard: ScrimControllerExImp-->blur State to UNLOCK, bouncer=false changeFromBouncerScrim= false runnerUnlock= false goingAway=false hasHandle=true isOccludeAnimationPlaying=false
07-29 20:24:29.339  3321  4209 I InputDispatcher: injectInputEvent: targetUid=<not set>, syncMode=WAIT_FOR_FINISHED, timeout=30000ms, policyFlags=0x8000000, event=MotionEvent { action=MOVE, id[0]=0, x[0]=900, y[0]=1697.93, eventTime=59176000000, downTime=58922000000, deviceId=4, source=TOUCHSCREEN, displayId=0, eventId=0xcf05e6ee}
07-29 20:24:29.339  4875  4875 I SystemUi--Keyguard: ScrimControllerExImp-->blur State to UNLOCK, bouncer=false changeFromBouncerScrim= false runnerUnlock= false goingAway=false hasHandle=true isOccludeAnimationPlaying=false
07-29 20:24:29.347  1879  1879 I SnapAlloc: Using graphics libs for alignment calculations
07-29 20:24:29.347  4875  4875 I SystemUi--Keyguard: ScrimControllerExImp-->blur State to UNLOCK, bouncer=false changeFromBouncerScrim= false runnerUnlock= false goingAway=false hasHandle=true isOccludeAnimationPlaying=false
07-29 20:24:29.348  3321  4209 I InputDispatcher: injectInputEvent: targetUid=<not set>, syncMode=WAIT_FOR_FINISHED, timeout=30000ms, policyFlags=0x8000000, event=MotionEvent { action=MOVE, id[0]=0, x[0]=900, y[0]=1757.03, eventTime=59185000000, downTime=58922000000, deviceId=4, source=TOUCHSCREEN, displayId=0, eventId=0xf3ce5259}
07-29 20:24:29.348  4875  4875 I SystemUi--Keyguard: ScrimControllerExImp-->blur State to UNLOCK, bouncer=false changeFromBouncerScrim= false runnerUnlock= false goingAway=false hasHandle=true isOccludeAnimationPlaying=false
07-29 20:24:29.355  4875  4875 I SystemUi--Keyguard: ScrimControllerExImp-->blur State to UNLOCK, bouncer=false changeFromBouncerScrim= false runnerUnlock= false goingAway=false hasHandle=true isOccludeAnimationPlaying=false
07-29 20:24:29.356  3321  4209 I InputDispatcher: injectInputEvent: targetUid=<not set>, syncMode=WAIT_FOR_FINISHED, timeout=30000ms, policyFlags=0x8000000, event=MotionEvent { action=MOVE, id[0]=0, x[0]=900, y[0]=1809.57, eventTime=59193000000, downTime=58922000000, deviceId=4, source=TOUCHSCREEN, displayId=0, eventId=0xe599af08}
07-29 20:24:29.356  4875  4875 I SystemUi--Keyguard: ScrimControllerExImp-->blur State to UNLOCK, bouncer=false changeFromBouncerScrim= false runnerUnlock= false goingAway=false hasHandle=true isOccludeAnimationPlaying=false
07-29 20:24:29.364  1879  1879 I SnapAlloc: Using graphics libs for alignment calculations
07-29 20:24:29.364  4875  4875 I SystemUi--Keyguard: ScrimControllerExImp-->blur State to UNLOCK, bouncer=false changeFromBouncerScrim= false runnerUnlock= false goingAway=false hasHandle=true isOccludeAnimationPlaying=false
07-29 20:24:29.364  3321  4209 I InputDispatcher: injectInputEvent: targetUid=<not set>, syncMode=WAIT_FOR_FINISHED, timeout=30000ms, policyFlags=0x8000000, event=MotionEvent { action=MOVE, id[0]=0, x[0]=900, y[0]=1862.1, eventTime=59201000000, downTime=58922000000, deviceId=4, source=TOUCHSCREEN, displayId=0, eventId=0xcb8254a1}
07-29 20:24:29.364  4875  4875 I SystemUi--Keyguard: ScrimControllerExImp-->blur State to UNLOCK, bouncer=false changeFromBouncerScrim= false runnerUnlock= false goingAway=false hasHandle=true isOccludeAnimationPlaying=false
07-29 20:24:29.372  4875  4875 I SystemUi--Keyguard: ScrimControllerExImp-->blur State to UNLOCK, bouncer=false changeFromBouncerScrim= false runnerUnlock= false goingAway=false hasHandle=true isOccludeAnimationPlaying=false
07-29 20:24:29.372  3321  4209 I InputDispatcher: injectInputEvent: targetUid=<not set>, syncMode=WAIT_FOR_FINISHED, timeout=30000ms, policyFlags=0x8000000, event=MotionEvent { action=MOVE, id[0]=0, x[0]=900, y[0]=1914.63, eventTime=59209000000, downTime=58922000000, deviceId=4, source=TOUCHSCREEN, displayId=0, eventId=0xeecd7c7b}
07-29 20:24:29.372  4875  4875 I SystemUi--Keyguard: ScrimControllerExImp-->blur State to UNLOCK, bouncer=false changeFromBouncerScrim= false runnerUnlock= false goingAway=false hasHandle=true isOccludeAnimationPlaying=false
07-29 20:24:29.380  1879  1879 I SnapAlloc: Using graphics libs for alignment calculations
07-29 20:24:29.380  4875  4875 I SystemUi--Keyguard: ScrimControllerExImp-->blur State to UNLOCK, bouncer=false changeFromBouncerScrim= false runnerUnlock= false goingAway=false hasHandle=true isOccludeAnimationPlaying=false
07-29 20:24:29.380  3321  4209 I InputDispatcher: injectInputEvent: targetUid=<not set>, syncMode=WAIT_FOR_FINISHED, timeout=30000ms, policyFlags=0x8000000, event=MotionEvent { action=MOVE, id[0]=0, x[0]=900, y[0]=1967.17, eventTime=59217000000, downTime=58922000000, deviceId=4, source=TOUCHSCREEN, displayId=0, eventId=0xf15277ba}
07-29 20:24:29.380  4875  4875 I SystemUi--Keyguard: ScrimControllerExImp-->blur State to UNLOCK, bouncer=false changeFromBouncerScrim= false runnerUnlock= false goingAway=false hasHandle=true isOccludeAnimationPlaying=false
07-29 20:24:29.388  4875  4875 I SystemUi--Keyguard: ScrimControllerExImp-->blur State to UNLOCK, bouncer=false changeFromBouncerScrim= false runnerUnlock= false goingAway=false hasHandle=true isOccludeAnimationPlaying=false
07-29 20:24:29.388  3321  4209 I InputDispatcher: injectInputEvent: targetUid=<not set>, syncMode=WAIT_FOR_FINISHED, timeout=30000ms, policyFlags=0x8000000, event=MotionEvent { action=UP, id[0]=0, x[0]=900, y[0]=2000, eventTime=59226000000, downTime=58922000000, deviceId=4, source=TOUCHSCREEN, displayId=0, eventId=0xc5fc8655}
07-29 20:24:29.388  4875  4875 I SystemUi--Keyguard: ScrimControllerExImp-->blur State to UNLOCK, bouncer=false changeFromBouncerScrim= false runnerUnlock= false goingAway=false hasHandle=true isOccludeAnimationPlaying=false
07-29 20:24:29.388  3321  4825 D UAH-UahAdaptHelper: adaptSetNotification identity = OplusUAwareInputHelpersrc = 1000 , type 1 ,p1 = -1 ,p2 = -1 ,p3 = -1 ,p4 =
07-29 20:24:29.388  3321  4825 I [UAH_CLIENT]: uahRuleCtl, ruleId:1000, status:1
07-29 20:24:29.389  3321  4434 D OplusViewDebugManager: OplusViewDebugManager Constructor android.view.debug.OplusViewDebugManager@d0be3cd [mHasViewDebugProperty true] [mHasMsgDebugProperty false] [DEBUG false] [EXTRAINFOENABLE false] [LIGHT_OS false]
07-29 20:24:29.389  3321  4434 D OplusViewDebugManager: OplusViewDebugManager Constructor android.view.debug.OplusViewDebugManager@b06a482 [mHasViewDebugProperty true] [mHasMsgDebugProperty false] [DEBUG false] [EXTRAINFOENABLE false] [LIGHT_OS false]
07-29 20:24:29.389  3321  4825 I [UAH_CLIENT]: UahRelease, handle:37
07-29 20:24:29.389  3321  4825 I [UAH_CLIENT]: UahEventAcquire, cmdid:6, pkg:none, identity:OplusUAwareInputHelper
07-29 20:24:29.389  4875  4875 I SystemUi--Statusbar: OplusStatusBarWindowViewTouchExImpl-->onTouchEvent handled:false
07-29 20:24:29.389  4875  4875 I SystemUi--QuickSettings: OplusPanelViewPagerController-->reset
07-29 20:24:29.389  4875  4875 I SystemUi--QuickSettings: OplusPanelViewPagerController-->reset
07-29 20:24:29.389  4875  6086 I [UAH_CLIENT]: UahRelease, handle:36
07-29 20:24:29.389  4875  4875 I SystemUi--QuickSettings: OplusQSRootViewController-->endMotionEvent, expand: true, vel: 6566.6504, vectorVel: 6566.6504  isClosing=false panelClosedOnDown=true canSlideHToQSOnStatusBar=true
07-29 20:24:29.389  4875  4875 I SystemUi--QuickSettings: OplusQSRootViewController-->fling qs, expand: true, vel: 6566.6504
07-29 20:24:29.389  4875  4875 I SystemUi--QuickSettings: QSPanelExpandFraction-->animateExpanded, isExpanded=true, (0.9755571 -> 1.0), lastFinalPosition=1.0
07-29 20:24:29.390  4875  4875 I SystemUi--QuickSettings: QSPanelTranslationY-->animateExpandTranslationY, isExpanded=true, threshold=156.0
07-29 20:24:29.390  4875  4875 I SystemUi--QuickSettings: QSPanelAnimatorManager-->startRebound
07-29 20:24:29.390  4875  6086 I [UAH_CLIENT]: UahEventAcquire, cmdid:97, pkg:none, identity:OsenseHelperImpl
07-29 20:24:29.390  4875  4875 I SystemUi--QuickSettings: OplusPanelViewPagerController-->notifySeparateQSEndMotionEvent currentNotifyFraction=0.0  fraction=0.9755571 notifyExpandedFraction=0.0 fractionListeners.size=0
07-29 20:24:29.390  4875  4875 I SystemUi--QuickSettings: OplusQSRootViewController-->resetTouch
07-29 20:24:29.390  4875  4875 D OplusViewDragTouchViewHelper: dispatchTouchView action = 1
07-29 20:24:29.390  4875  4875 D OplusViewDragTouchViewHelper: dispatchTouchView action = 1
07-29 20:24:29.390  4875  4875 D OplusViewDragTouchViewHelper: dispatchTouchView action = 1
07-29 20:24:29.390  1908  1952 I [UAH_CLIENT]: UahPlatformResAcquire
07-29 20:24:29.391  1908  1952 I [UAH_CLIENT]: UahEventAcquire, cmdid:-3, pkg:1908 7549, identity:qcom-perfd
07-29 20:24:29.392  1908  1952 E PERFHAL-RESOURCEQS: PERFHAL-RESOURCEQS: AddAndApply() 130: Resource with major=18, minor=30 not supported
07-29 20:24:29.392  1908  1952 E PERFHAL-RESOURCEQS: PERFHAL-RESOURCEQS: AddAndApply() 130: Resource with major=18, minor=31 not supported
07-29 20:24:29.396  4875  4875 I SystemUi--Keyguard: ScrimControllerExImp-->blur State to UNLOCK, bouncer=false changeFromBouncerScrim= false runnerUnlock= false goingAway=false hasHandle=true isOccludeAnimationPlaying=false
07-29 20:24:29.397  1879  1879 I SnapAlloc: Using graphics libs for alignment calculations
07-29 20:24:29.397  4875  4875 I SystemUi--Keyguard: ScrimControllerExImp-->blur State to UNLOCK, bouncer=false changeFromBouncerScrim= false runnerUnlock= false goingAway=false hasHandle=true isOccludeAnimationPlaying=false
07-29 20:24:29.404  4875  4875 I SystemUi--Keyguard: ScrimControllerExImp-->blur State to UNLOCK, bouncer=false changeFromBouncerScrim= false runnerUnlock= false goingAway=false hasHandle=true isOccludeAnimationPlaying=false
07-29 20:24:29.405  4875  4875 I SystemUi--Keyguard: ScrimControllerExImp-->blur State to UNLOCK, bouncer=false changeFromBouncerScrim= false runnerUnlock= false goingAway=false hasHandle=true isOccludeAnimationPlaying=false
07-29 20:24:29.413  4875  4875 I SystemUi--Keyguard: ScrimControllerExImp-->blur State to UNLOCK, bouncer=false changeFromBouncerScrim= false runnerUnlock= false goingAway=false hasHandle=true isOccludeAnimationPlaying=false
07-29 20:24:29.413  1879  1879 I SnapAlloc: Using graphics libs for alignment calculations
07-29 20:24:29.413  4875  4875 I SystemUi--Keyguard: ScrimControllerExImp-->blur State to UNLOCK, bouncer=false changeFromBouncerScrim= false runnerUnlock= false goingAway=false hasHandle=true isOccludeAnimationPlaying=false
07-29 20:24:29.421  4875  4875 I SystemUi--Keyguard: ScrimControllerExImp-->blur State to UNLOCK, bouncer=false changeFromBouncerScrim= false runnerUnlock= false goingAway=false hasHandle=true isOccludeAnimationPlaying=false
07-29 20:24:29.421  4875  4875 I SystemUi--Keyguard: ScrimControllerExImp-->blur State to UNLOCK, bouncer=false changeFromBouncerScrim= false runnerUnlock= false goingAway=false hasHandle=true isOccludeAnimationPlaying=false
07-29 20:24:29.429  4875  4875 I SystemUi--Keyguard: ScrimControllerExImp-->blur State to UNLOCK, bouncer=false changeFromBouncerScrim= false runnerUnlock= false goingAway=false hasHandle=true isOccludeAnimationPlaying=false
07-29 20:24:29.430  1879  1879 I SnapAlloc: Using graphics libs for alignment calculations
07-29 20:24:29.430  4875  4875 I SystemUi--Keyguard: ScrimControllerExImp-->blur State to UNLOCK, bouncer=false changeFromBouncerScrim= false runnerUnlock= false goingAway=false hasHandle=true isOccludeAnimationPlaying=false
07-29 20:24:29.438  4875  4875 I SystemUi--Keyguard: ScrimControllerExImp-->blur State to UNLOCK, bouncer=false changeFromBouncerScrim= false runnerUnlock= false goingAway=false hasHandle=true isOccludeAnimationPlaying=false
07-29 20:24:29.438  4875  4875 I SystemUi--Keyguard: ScrimControllerExImp-->blur State to UNLOCK, bouncer=false changeFromBouncerScrim= false runnerUnlock= false goingAway=false hasHandle=true isOccludeAnimationPlaying=false
07-29 20:24:29.446  4875  4875 I SystemUi--Keyguard: ScrimControllerExImp-->blur State to UNLOCK, bouncer=false changeFromBouncerScrim= false runnerUnlock= false goingAway=false hasHandle=true isOccludeAnimationPlaying=false
07-29 20:24:29.446  1879  1879 I SnapAlloc: Using graphics libs for alignment calculations
07-29 20:24:29.447  4875  4875 I SystemUi--Keyguard: ScrimControllerExImp-->blur State to UNLOCK, bouncer=false changeFromBouncerScrim= false runnerUnlock= false goingAway=false hasHandle=true isOccludeAnimationPlaying=false
07-29 20:24:29.455  4875  4875 I SystemUi--Keyguard: ScrimControllerExImp-->blur State to UNLOCK, bouncer=false changeFromBouncerScrim= false runnerUnlock= false goingAway=false hasHandle=true isOccludeAnimationPlaying=false
07-29 20:24:29.455  4875  4875 I SystemUi--Keyguard: ScrimControllerExImp-->blur State to UNLOCK, bouncer=false changeFromBouncerScrim= false runnerUnlock= false goingAway=false hasHandle=true isOccludeAnimationPlaying=false
07-29 20:24:29.463  4875  4875 I SystemUi--Keyguard: ScrimControllerExImp-->blur State to UNLOCK, bouncer=false changeFromBouncerScrim= false runnerUnlock= false goingAway=false hasHandle=true isOccludeAnimationPlaying=false
07-29 20:24:29.463  1879  1879 I SnapAlloc: Using graphics libs for alignment calculations
07-29 20:24:29.463  4875  4875 I SystemUi--Keyguard: ScrimControllerExImp-->blur State to UNLOCK, bouncer=false changeFromBouncerScrim= false runnerUnlock= false goingAway=false hasHandle=true isOccludeAnimationPlaying=false
07-29 20:24:29.471  4875  4875 I SystemUi--Keyguard: ScrimControllerExImp-->blur State to UNLOCK, bouncer=false changeFromBouncerScrim= false runnerUnlock= false goingAway=false hasHandle=true isOccludeAnimationPlaying=false
07-29 20:24:29.471  4875  4875 I SystemUi--Keyguard: ScrimControllerExImp-->blur State to UNLOCK, bouncer=false changeFromBouncerScrim= false runnerUnlock= false goingAway=false hasHandle=true isOccludeAnimationPlaying=false
07-29 20:24:29.479  4875  4875 I SystemUi--Keyguard: ScrimControllerExImp-->blur State to UNLOCK, bouncer=false changeFromBouncerScrim= false runnerUnlock= false goingAway=false hasHandle=true isOccludeAnimationPlaying=false
07-29 20:24:29.480  1879  1879 I SnapAlloc: Using graphics libs for alignment calculations
07-29 20:24:29.480  4875  4875 I SystemUi--Keyguard: ScrimControllerExImp-->blur State to UNLOCK, bouncer=false changeFromBouncerScrim= false runnerUnlock= false goingAway=false hasHandle=true isOccludeAnimationPlaying=false
07-29 20:24:29.488  4875  4875 I SystemUi--Keyguard: ScrimControllerExImp-->blur State to UNLOCK, bouncer=false changeFromBouncerScrim= false runnerUnlock= false goingAway=false hasHandle=true isOccludeAnimationPlaying=false
07-29 20:24:29.488  4875  4875 I SystemUi--Keyguard: ScrimControllerExImp-->blur State to UNLOCK, bouncer=false changeFromBouncerScrim= false runnerUnlock= false goingAway=false hasHandle=true isOccludeAnimationPlaying=false
07-29 20:24:29.496  4875  4875 I SystemUi--Keyguard: ScrimControllerExImp-->blur State to UNLOCK, bouncer=false changeFromBouncerScrim= false runnerUnlock= false goingAway=false hasHandle=true isOccludeAnimationPlaying=false
07-29 20:24:29.496  1879  1879 I SnapAlloc: Using graphics libs for alignment calculations
07-29 20:24:29.496  4875  4875 I SystemUi--Keyguard: ScrimControllerExImp-->blur State to UNLOCK, bouncer=false changeFromBouncerScrim= false runnerUnlock= false goingAway=false hasHandle=true isOccludeAnimationPlaying=false
07-29 20:24:29.504  4875  4875 I SystemUi--Keyguard: ScrimControllerExImp-->blur State to UNLOCK, bouncer=false changeFromBouncerScrim= false runnerUnlock= false goingAway=false hasHandle=true isOccludeAnimationPlaying=false
07-29 20:24:29.505  4875  4875 I SystemUi--Keyguard: ScrimControllerExImp-->blur State to UNLOCK, bouncer=false changeFromBouncerScrim= false runnerUnlock= false goingAway=false hasHandle=true isOccludeAnimationPlaying=false
07-29 20:24:29.513  4875  4875 I SystemUi--Keyguard: ScrimControllerExImp-->blur State to UNLOCK, bouncer=false changeFromBouncerScrim= false runnerUnlock= false goingAway=false hasHandle=true isOccludeAnimationPlaying=false
07-29 20:24:29.513  1879  1879 I SnapAlloc: Using graphics libs for alignment calculations
07-29 20:24:29.513  4875  4875 I SystemUi--Keyguard: ScrimControllerExImp-->blur State to UNLOCK, bouncer=false changeFromBouncerScrim= false runnerUnlock= false goingAway=false hasHandle=true isOccludeAnimationPlaying=false
07-29 20:24:29.521  4875  4875 I SystemUi--Keyguard: ScrimControllerExImp-->blur State to UNLOCK, bouncer=false changeFromBouncerScrim= false runnerUnlock= false goingAway=false hasHandle=true isOccludeAnimationPlaying=false
07-29 20:24:29.521  4875  4875 I SystemUi--Keyguard: ScrimControllerExImp-->blur State to UNLOCK, bouncer=false changeFromBouncerScrim= false runnerUnlock= false goingAway=false hasHandle=true isOccludeAnimationPlaying=false
07-29 20:24:29.529  4875  4875 I SystemUi--Keyguard: ScrimControllerExImp-->blur State to UNLOCK, bouncer=false changeFromBouncerScrim= false runnerUnlock= false goingAway=false hasHandle=true isOccludeAnimationPlaying=false
07-29 20:24:29.529  1879  1879 I SnapAlloc: Using graphics libs for alignment calculations
07-29 20:24:29.530  4875  4875 I SystemUi--Keyguard: ScrimControllerExImp-->blur State to UNLOCK, bouncer=false changeFromBouncerScrim= false runnerUnlock= false goingAway=false hasHandle=true isOccludeAnimationPlaying=false
07-29 20:24:29.537  4875  4875 I SystemUi--Keyguard: ScrimControllerExImp-->blur State to UNLOCK, bouncer=false changeFromBouncerScrim= false runnerUnlock= false goingAway=false hasHandle=true isOccludeAnimationPlaying=false
07-29 20:24:29.538  4875  4875 I SystemUi--Keyguard: ScrimControllerExImp-->blur State to UNLOCK, bouncer=false changeFromBouncerScrim= false runnerUnlock= false goingAway=false hasHandle=true isOccludeAnimationPlaying=false
07-29 20:24:29.546  4875  4875 I SystemUi--Keyguard: ScrimControllerExImp-->blur State to UNLOCK, bouncer=false changeFromBouncerScrim= false runnerUnlock= false goingAway=false hasHandle=true isOccludeAnimationPlaying=false
07-29 20:24:29.546  1879  1879 I SnapAlloc: Using graphics libs for alignment calculations
07-29 20:24:29.546  4875  4875 I SystemUi--Keyguard: ScrimControllerExImp-->blur State to UNLOCK, bouncer=false changeFromBouncerScrim= false runnerUnlock= false goingAway=false hasHandle=true isOccludeAnimationPlaying=false
07-29 20:24:29.554  4875  4875 I SystemUi--Keyguard: ScrimControllerExImp-->blur State to UNLOCK, bouncer=false changeFromBouncerScrim= false runnerUnlock= false goingAway=false hasHandle=true isOccludeAnimationPlaying=false
07-29 20:24:29.554  4875  4875 I SystemUi--Keyguard: ScrimControllerExImp-->blur State to UNLOCK, bouncer=false changeFromBouncerScrim= false runnerUnlock= false goingAway=false hasHandle=true isOccludeAnimationPlaying=false
07-29 20:24:29.563  4875  4875 I SystemUi--Keyguard: ScrimControllerExImp-->blur State to UNLOCK, bouncer=false changeFromBouncerScrim= false runnerUnlock= false goingAway=false hasHandle=true isOccludeAnimationPlaying=false
07-29 20:24:29.563  4875  4875 I SystemUi--Keyguard: ScrimControllerExImp-->blur State to UNLOCK, bouncer=false changeFromBouncerScrim= false runnerUnlock= false goingAway=false hasHandle=true isOccludeAnimationPlaying=false
07-29 20:24:29.563  1879  1879 I SnapAlloc: Using graphics libs for alignment calculations
07-29 20:24:29.571  4875  4875 I SystemUi--QuickSettings: TemporarilyInfoManager-->[setStarted] true
07-29 20:24:29.571  4875  4875 I SystemUi--QuickSettings: OplusQSRootViewController-->endClosing()
07-29 20:24:29.571  4875  4875 I SystemUi--Common: OplusShadeExpansionStat-->go state: OPENING -> OPEN
07-29 20:24:29.571  4875  4875 I SystemUi--Common: OplusShadeExpansionStat-->go state: OPENING -> OPEN
07-29 20:24:29.571  4875  4875 I SystemUi--Keyguard: ScrimControllerExImp-->blur State to UNLOCK, bouncer=false changeFromBouncerScrim= false runnerUnlock= false goingAway=false hasHandle=true isOccludeAnimationPlaying=false
07-29 20:24:29.571  4875  4875 I SystemUi--Common: PlatformBlurManagerImpl-->setPlatformBlurMode: blurMode=AUTO(blurFrequency=4)
07-29 20:24:29.571  4875  4875 I SystemUi--Common: PlatformBlurManagerImpl-->updateMotionFrequency: isExpanding=false
07-29 20:24:29.572  4875  4875 I SystemUi--Keyguard: ScrimControllerExImp-->blur State to UNLOCK, bouncer=false changeFromBouncerScrim= false runnerUnlock= false goingAway=false hasHandle=true isOccludeAnimationPlaying=false
07-29 20:24:29.572  4875  4875 I SystemUi--Device_Panel: OplusQSMyDeviceContainerViewController-->setQsDeviceExpansion expansion 1.0
07-29 20:24:29.572  4875  4875 I SystemUi--QuickSettings: QSPanelExpandFraction-->fractionAnimation onAnimationEnd, value=1.0
07-29 20:24:29.580  1879  1879 I SnapAlloc: Using graphics libs for alignment calculations
07-29 20:24:29.602  1965  1965 D SensorFeature: name=ssc_screenshot_info ,index = 22
07-29 20:24:29.603  1965  1965 D SensorFeature: write 29 bytes:59431277477,59439610810,158,0
07-29 20:24:29.701  1980  2008 D BatteryChargeControl: bcc get no support from charging protocol
07-29 20:24:29.727  3321  3787 D VRR [OPlusSAManager]: updateAutoMinfps with nits: 123.30345, mHistOK true, mAmbientOK true, mCctOK true, mIrOK true, mBrightnessOK true, isPkgOK true, SA min fps: 119
07-29 20:24:29.727  3321  3787 D VRR [OPlusSurfaceFlingerController]: setAutoMode enable: true fakeFrame: true fps: 119
07-29 20:24:29.727  2123  2442 I VRR-[OPlusAdfrUtil]: ADFR try set Auto mode with mode 1 fakeframe 1 min fps 119
07-29 20:24:29.727  2123  2442 D VRR-[OPlusRefreshRateSelector]: OSyncModes add size is 1.
07-29 20:24:29.727  2123  2442 I VRR-[OPlusRefreshRateSelector]: updateAutoMode success, display 0, mode 0, fakeframe 1, min fps: 1
07-29 20:24:29.727  2123  3472 D VRR-[OPlusRefreshRateSelector]: handleSetHWCOSync
07-29 20:24:29.727  2123  3472 D VRR-[OPlusRefreshRateSelector]: OSyncModes remaining size is 0.
07-29 20:24:29.727  2123  3472 D VRR-[OPlusRefreshRateSelector]: SetHWCOSync with 5CC08181
07-29 20:24:29.728  1882  3467 I SDM     : DisplayBuiltIn::SetQSyncMode: VRR + update qsync mode 0 minfps 00C08181
07-29 20:24:29.732  1805  4458 I sensors-hal: handle_oplus_wise_rgb_event:189, high_pwm_light:lux 282.0,cct 3633.7,brl/algo/ir 1450.0/2.0/16.8,pwm/dc 0.0/0.0,rgbc 21728.183594/13693.210938/6295.353027/40286.347656,ts 59406779370,cnt 820,flag 158
07-29 20:24:29.734  1882  4452 I Dpps    : LtmSwState::SetParameter():144 ignore cmd 7 in state LtmOffState
07-29 20:24:29.735  1882  2176 E SDM     : DRMConnector::Perform: Connector 67: Setting Qsync min fps 12616065
07-29 20:24:29.876  1965  1965 D SensorFeature: name=ssc_screenshot_info ,index = 22
07-29 20:24:29.876  1965  1965 D SensorFeature: write 29 bytes:59705234039,59713567372,159,0
07-29 20:24:30.000  1882  4452 I Dpps    : LtmSwState::SetParameter():144 ignore cmd 7 in state LtmOffState
07-29 20:24:30.151  1965  1965 D SensorFeature: name=ssc_screenshot_info ,index = 22
07-29 20:24:30.151  1965  1965 D SensorFeature: write 29 bytes:59979316487,59987649820,160,0
07-29 20:24:30.164  3321  3321 D OplusWifiBroadCastDispatcher: mBroadcastReceiver: onReceiver  action=android.intent.action.BATTERY_LEVEL_CHANGED
07-29 20:24:30.165  3321  4612 D OplusWifiPowerService: onReceive action:android.intent.action.BATTERY_LEVEL_CHANGED
07-29 20:24:30.165  3321  4467 W OplusStorageManagerFeature: mScreenReceiver action:android.intent.action.BATTERY_LEVEL_CHANGED
07-29 20:24:30.165  3321  4467 I OplusStorageManagerFeature: TmemoryBetterySwitch: level=100 state=0
07-29 20:24:30.165  3321  4467 I OplusStorageManagerFeature: TmemoryBetterySwitch: action=0 state=2
07-29 20:24:30.165  3321  4467 W OplusStorageManagerFeature: Ready to deal actionParam:0
07-29 20:24:30.168  6223  6223 D BatteryUsageBroadcastReceiver: onReceive:android.intent.action.BATTERY_LEVEL_CHANGED
07-29 20:24:30.171  6223  6223 D BatteryUsageBroadcastReceiver: fetch data because of event: ACTION_BATTERY_LEVEL_CHANGED
07-29 20:24:30.172  6223  6223 D BatteryUsageBroadcastReceiver: cancel sendBroadcastToFetchUsageData when broadcastDelay is 2339991ms.
07-29 20:24:30.174  3321  5311 D ActivityManager: Async freezing 6223 com.android.settings
07-29 20:24:30.179  8683  9587 W metis_v2_KnowledgeManager: Fire: isEmergency is true  debugFireMode = false [7f0000011753835029408310307186|p_7186_225c558@1|p_8683_519bbe5@16|com.oplus.metis] [base|com.oplus.metis|1.5.5-f48228a]
07-29 20:24:30.179  8683  9587 W metis_v2_OifaceBindUtils: bindTask [7f0000011753835029408310307186|p_7186_225c558@1|p_8683_519bbe5@16|com.oplus.metis]
07-29 20:24:30.179  8683  9587 W metis_v2_OifaceBindUtils: call connectOifaceService [7f0000011753835029408310307186|p_7186_225c558@1|p_8683_519bbe5@16|com.oplus.metis]
07-29 20:24:30.180  8683  9587 I metis_v2_KnowledgeManager: panta-sugg-Fire: count=1 [7f0000011753835029408310307186|p_7186_225c558@1|p_8683_519bbe5@16|com.oplus.metis]
07-29 20:24:30.180  6477  6522 E oiface  : sched_setaffinity failed
07-29 20:24:30.180  6477  6507 E oiface  : directSetTask: get cpuset path failed
07-29 20:24:30.183  8683  9587 I System.out: 'park_precondition_home_02' 
07-29 20:24:30.183  8683  9587 I System.out: 'park_precondition_company_02' 
07-29 20:24:30.183  8683  9587 I System.out: 'UBIQUITOUS_SERVICE#assistant_screen#NOT_AT_HOME_301' 
07-29 20:24:30.183  8683  9587 I System.out: 'UBIQUITOUS_SERVICE#assistant_screen#NOT_AT_OFFICE_401' 
07-29 20:24:30.184  8683  9587 I System.out: 'policy:NEAR_SUBWAY_BUS_STATION_2x4' 
07-29 20:24:30.189  8683  9587 W metis_v2_TimeDurationCompare: [com.oplus.metis#UBIQUITOUS_SERVICE#scene#tips#TipScene_EXIT] 'timestamp' is not literal. [7f0000011753835029408310307186|p_7186_225c558@1|p_8683_519bbe5@16|com.oplus.metis]
07-29 20:24:30.189  8683  9587 D SceneIntentPublisher: headAction: pkg is com.oplus.metis and simpleRuleName is UBIQUITOUS_SERVICE#secne#activity_coloros_reminder_tips
07-29 20:24:30.194  8683  9587 D SceneIntentPublisher: headAction: pkg is com.oplus.metis and simpleRuleName is UBIQUITOUS_SERVICE#secne#activity_coloros_reminder_tips
07-29 20:24:30.198  5205  5705 D OplusScrollToTopManager: com.android.launcher/com.android.launcher.Launcher,This com.android.internal.policy.DecorView{30ad674 V.E...... R....... 0,0-1080,2376 aid=0 alpha=1.0 viewInfo = }[Launcher] change focus to false
07-29 20:24:30.198  8683  9587 I System.out: 'UBIQUITOUS_SERVICE#assistant_screen#NOT_AT_HOME_301' 
07-29 20:24:30.199  8683  9587 I System.out: 'tempPropertyForGuideStatus' 
07-29 20:24:30.202  8683  9587 D SceneIntentPublisher: headAction: pkg is com.oplus.metis and simpleRuleName is UBIQUITOUS_SERVICE#secne#activity_coloros_reminder_tips
07-29 20:24:30.202  8683  9587 W metis_v2_TimeDurationCompare: [com.oplus.metis#UBIQUITOUS_SERVICE#scene#tips#TipScene_EXIT] 'timestamp' is not literal. [7f0000011753835029408310307186|p_7186_225c558@1|p_8683_519bbe5@16|com.oplus.metis] [base|com.oplus.metis|1.5.5-f48228a]
07-29 20:24:30.202  4875  5047 D OplusScrollToTopManager: NotificationShade,This com.android.systemui.shade.NotificationShadeWindowView{ed1bd3d V.E...... ........ 0,0-1080,2376 #7f0a06b7 app:id/legacy_window_root alpha=1.0 viewInfo = } change focus to true
07-29 20:24:30.202  4875  5047 D OplusScrollToTopManager: NotificationShade, registerGuidePopupDismissReceiverInSystemUI
07-29 20:24:30.203  4875  5047 D OplusScrollToTopManager: NotificationShade, after registerGuidePopupDismissReceiverInSystemUI
07-29 20:24:30.209  8683  9361 I ContextAware_GetInstalledAppsInfo: Update cache
07-29 20:24:30.213  8683  9587 W metis_v2_AbsTimerTriggered: [com.oplus.metis#UBIQUITOUS_SERVICE#health#LAUNCH-HEALTH-APP]: periodicTriggered's parseArgsToTimer meet exception periodic timer's first execute start time must >= time range start [7f0000011753835029408310307186|p_7186_225c558@1|p_8683_519bbe5@16|com.oplus.metis]
07-29 20:24:30.213  8683  9587 W metis_v2_AbsTimerTriggered: [com.oplus.metis#UBIQUITOUS_SERVICE#health#LAUNCH-HEALTH-APP]: please check if builtin periodicTriggered's args is valid [7f0000011753835029408310307186|p_7186_225c558@1|p_8683_519bbe5@16|com.oplus.metis]
07-29 20:24:30.219  8683  9587 I System.out: 'UBIQUITOUS_SERVICE#assistant_screen#NOT_AT_OFFICE_401' 
07-29 20:24:30.219  8683  9587 I metis_v2_KnowledgeManager: panta-sugg-Fire takes 39 milliseconds. [7f0000011753835029408310307186|p_7186_225c558@1|p_8683_519bbe5@16|com.oplus.metis]
07-29 20:24:30.219  8683  9587 I ContextAware_PantanalIntentManager: intent (id-14111004+policyName-CLEAN_STORAGE) is not found in scene_intent_config [7f0000011753835029408310307186|p_7186_225c558@1|p_8683_519bbe5@16|com.oplus.metis]
07-29 20:24:30.219  8683  9587 I metis_v2_SceneTravelingAdapter: recallTravellingIntent: [] [7f0000011753835029408310307186|p_7186_225c558@1|p_8683_519bbe5@16|com.oplus.metis]
07-29 20:24:30.219  8683  9587 I ContextAware_ContextAware_SceneIntentManager: mLastIntentDataSet: [] [7f0000011753835029408310307186|p_7186_225c558@1|p_8683_519bbe5@16|com.oplus.metis]
07-29 20:24:30.219  8683  9587 I ContextAware_ContextAware_SceneIntentManager: intentList: [IntentDataDTO(intent=IntentDTO=[sceneId=220500200, intentId=14111005, isExited=false, source=0, ownerId=com.oplus.metis, action=14111005, policyName=SUBSTITUTE_SCENE, serviceId=, sendExitedIntent=true, repeatable=false, sceneScore=-1.0, position=right, level=2, type=1, serviceInstanceId=null, isSupportMultiInstance=false, settingsPreference=null], items=[]), IntentDataDTO(intent=IntentDTO=[sceneId=210000000, intentId=12121002, isExited=true, source=0, ownerId=com.oplus.metis, action=12121002, policyName=TAKEOUT_ORDER_STATUS_CHANGE, serviceId=, sendExitedIntent=false, repeatable=false, sceneScore=-1.0, position=left, level=1, type=1, serviceInstanceId=null, isSupportMultiInstance=false, settingsPreference=null], items=[]), IntentDataDTO(intent=IntentDTO=[sceneId=null, intentId=14111004, isExited=true, source=0, ownerId=com.oplus.metis, action=14111004, policyName=CLEAN_STORAGE, serviceId=, sendExitedIntent=false, repeatable=false, sceneScore=-1.0, position=null, level=0, type=1, serviceInstanceId=null, isSupportMultiInstance=false, settingsPreference=null], items=[]), IntentDataDTO(intent=IntentDTO=[sceneId=null, intentId=12121002, isExited=true, source=0, ownerId=com.oplus.metis, action=12121002, policyName=TAKEOUT_ORDER_STATUS_CHANGE, serviceId=, sendExitedIntent=false, repeatable=false, sceneScore=-1.0, position=null, level=0, type=1, serviceInstanceId=null, isSupportMultiInstance=false, settingsPreference=null], items=[])] [7f0000011753835029408310307186|p_7186_225c558@1|p_8683_519bbe5@16|com.oplus.metis]
07-29 20:24:30.219  8683  9587 I ContextAware_ContextAware_SceneIntentManager: missedIntent: [] [7f0000011753835029408310307186|p_7186_225c558@1|p_8683_519bbe5@16|com.oplus.metis]
07-29 20:24:30.219  8683  9587 I metis_v2_SceneIntentManager: panta-sugg-Published intents: [7f0000011753835029408310307186|p_7186_225c558@1|p_8683_519bbe5@16|com.oplus.metis]
07-29 20:24:30.219  8683  9587 I metis_v2_SceneIntentManager: panta-sugg-IntentDataDTO(intent=IntentDTO=[sceneId=220500200, intentId=14111005, isExited=false, source=0, ownerId=com.oplus.metis, action=14111005, policyName=SUBSTITUTE_SCENE, serviceId=, sendExitedIntent=true, repeatable=false, sceneScore=-1.0, position=right, level=2, type=1, serviceInstanceId=null, isSupportMultiInstance=false, settingsPreference=null], items=[]) [7f0000011753835029408310307186|p_7186_225c558@1|p_8683_519bbe5@16|com.oplus.metis]
07-29 20:24:30.219  8683  9587 I metis_v2_SceneIntentManager: panta-sugg-IntentDataDTO(intent=IntentDTO=[sceneId=210000000, intentId=12121002, isExited=true, source=0, ownerId=com.oplus.metis, action=12121002, policyName=TAKEOUT_ORDER_STATUS_CHANGE, serviceId=, sendExitedIntent=false, repeatable=false, sceneScore=-1.0, position=left, level=1, type=1, serviceInstanceId=null, isSupportMultiInstance=false, settingsPreference=null], items=[]) [7f0000011753835029408310307186|p_7186_225c558@1|p_8683_519bbe5@16|com.oplus.metis]
07-29 20:24:30.219  8683  9587 I metis_v2_SceneIntentManager: panta-sugg-IntentDataDTO(intent=IntentDTO=[sceneId=null, intentId=14111004, isExited=true, source=0, ownerId=com.oplus.metis, action=14111004, policyName=CLEAN_STORAGE, serviceId=, sendExitedIntent=false, repeatable=false, sceneScore=-1.0, position=null, level=0, type=1, serviceInstanceId=null, isSupportMultiInstance=false, settingsPreference=null], items=[]) [7f0000011753835029408310307186|p_7186_225c558@1|p_8683_519bbe5@16|com.oplus.metis]
07-29 20:24:30.219  8683  9587 I metis_v2_SceneIntentManager: panta-sugg-IntentDataDTO(intent=IntentDTO=[sceneId=null, intentId=12121002, isExited=true, source=0, ownerId=com.oplus.metis, action=12121002, policyName=TAKEOUT_ORDER_STATUS_CHANGE, serviceId=, sendExitedIntent=false, repeatable=false, sceneScore=-1.0, position=null, level=0, type=1, serviceInstanceId=null, isSupportMultiInstance=false, settingsPreference=null], items=[]) [7f0000011753835029408310307186|p_7186_225c558@1|p_8683_519bbe5@16|com.oplus.metis]
07-29 20:24:30.221  8683  9587 I ContextAware_MetisStatistics: uploadMetisIntentData enter {intent_source=0, intent_action=14111005, exit_type=, rule_name=UBIQUITOUS_SERVICE#secne#activity_coloros_reminder_tips, service_id=, scene_id=220500200, policy_name=SUBSTITUTE_SCENE, is_exited=false, intent_id=14111005, timestamp=1753835070221} [7f0000011753835029408310307186|p_7186_225c558@1|p_8683_519bbe5@16|com.oplus.metis]
07-29 20:24:30.221  8683  9587 I ContextAware_PantanalIntentManager: getCloudIntentConfig [7f0000011753835029408310307186|p_7186_225c558@1|p_8683_519bbe5@16|com.oplus.metis]
07-29 20:24:30.223  8683 10320 I DeepThinkerSDK: [APP] ClientConnection: getDeepThinkerBridge start
07-29 20:24:30.223  8683 10320 I DeepThinkerSDK: [APP] ClientConnection: getDeepThinkerBridge end
07-29 20:24:30.225  5241  5654 I MMKV    : <MMKV_IO.cpp:456::writeActualSize> [mmkv.default] increase sequence to 8077, crc 326828254, actualSize 483
07-29 20:24:30.226  8683  9587 I ContextAware_PantanalIntentManager: getDownLoadConfig [7f0000011753835029408310307186|p_7186_225c558@1|p_8683_519bbe5@16|com.oplus.metis]
07-29 20:24:30.241  8683  9587 I ContextAware_PantanalIntentManager: selectNewestConfig, assetVersion 202505301103, downloadVersion 202507161101 [7f0000011753835029408310307186|p_7186_225c558@1|p_8683_519bbe5@16|com.oplus.metis]
07-29 20:24:30.247  8683  9587 I ContextAware_PantanalIntentManager: getCloudIntentConfig, cache cloud intent config [7f0000011753835029408310307186|p_7186_225c558@1|p_8683_519bbe5@16|com.oplus.metis]
