07-29 13:57:55.285  4896  4896 I Telephony:  alwaysAllowWhileRoaming: false
07-29 13:57:55.285  4896  4896 I Telephony:  isRoaming: false
07-29 13:57:55.285  4896  4896 I Telephony:  isOnWfc: false
07-29 13:57:55.285  4987  6011 D OplusScanQrCodeRecoveryImpl: msg.what=3
07-29 13:57:55.285  4987  6011 D SaDataFailRecovery/0: current is not in service,reset alarm
07-29 13:57:55.286  3471  5440 W ContextImpl: Calling a method in the system process without a qualified user: android.app.ContextImpl.sendBroadcastMultiplePermissions:1344 com.android.server.TelephonyRegistry.broadcastServiceStateChanged:3745 com.android.server.TelephonyRegistry.notifyServiceStateForPhoneId:1787 com.android.internal.telephony.ITelephonyRegistry$Stub.onTransact:546 android.os.Binder.execTransactInternal:1523 
07-29 13:57:55.286  4987  5935 D NAS-CallIssueDetector: onServiceStateChanged
07-29 13:57:55.286  3471  3692 D LocationManagerService: passive provider added registration from 1000/android[CountryDetector]/17AD4DCF -> Request[PASSIVE, minUpdateInterval=0, WorkSource{1000 android}] permissionLevel: 2 permitted: true
07-29 13:57:55.286  4987  5935 D OplusCiwlanController: [vodata] processServiceStateChanged  phoneid = 0, original roaming type = -1,roaming type = 0
07-29 13:57:55.286  4987  5935 D OplusCiwlanController: [vodata] processServiceStateChanged  phoneid = 1, original roaming type = -1,roaming type = 0
07-29 13:57:55.286  3471  4494 D ConnectivityService: unregister offer from providerId 5 : NetworkOffer [ Provider Id (5) Score(Policies : YIELD_TO_BAD_WIFI&TRANSPORT_PRIMARY&EVER_EVALUATED&IS_UNMETERED&EVER_VALIDATED&IS_VALIDATED ; KeepConnected : 0) Caps [ Transports: CELLULAR|SATELLITE Capabilities: MMS&SUPL&DUN&FOTA&IMS&CBS&IA&RCS&XCAP&EIMS&INTERNET&NOT_RESTRICTED&TRUSTED&NOT_VPN&MCX&NOT_VCN_MANAGED&ENTERPRISE&VSIM&BIP&MMTEL&PRIORITIZE_LATENCY&PRIORITIZE_BANDWIDTH&NOT_BANDWIDTH_CONSTRAINED Specifier: <TelephonyNetworkSpecifier [mSubId = 1]> EnterpriseId: 1&2&3&4&5 UnderlyingNetworks: Null] Needed by [281, 173, 199, 189, 271, 206, 202, 275, 164, 212, 36, 160, 46, 58, 141, 158, 98, 167, 179, 42, 102, 26, 15, 191, 267, 264, 223, 132, 237, 181, 215, 7, 175, 242, 34, 187, 257, 105, 279, 138, 252, 94, 109, 171, 226, 32, 183, 208, 143, 40, 269, 250, 30, 148, 221, 1, 18, 28, 152, 135, 74, 91, 273, 38, 56, 194, 239, 254, 169, 68, 231, 85, 72, 248, 260, 65, 156, 24, 80, 89, 9, 217, 177, 150, 277, 44, 50, 53, 48]]
07-29 13:57:55.286  3471  5440 W ContextImpl: Calling a method in the system process without a qualified user: android.app.ContextImpl.sendBroadcastMultiplePermissions:1344 com.android.server.TelephonyRegistry.broadcastServiceStateChanged:3754 com.android.server.TelephonyRegistry.notifyServiceStateForPhoneId:1787 com.android.internal.telephony.ITelephonyRegistry$Stub.onTransact:546 android.os.Binder.execTransactInternal:1523 
07-29 13:57:55.286  3471  4494 D ConnectivityService: update offer from providerId 5 new : NetworkOffer [ Provider Id (5) Score(Policies : YIELD_TO_BAD_WIFI&TRANSPORT_PRIMARY&EVER_EVALUATED&IS_UNMETERED&EVER_VALIDATED&IS_VALIDATED ; KeepConnected : 0) Caps [ Transports: CELLULAR|SATELLITE Capabilities: MMS&SUPL&DUN&FOTA&IMS&CBS&IA&RCS&XCAP&EIMS&INTERNET&NOT_RESTRICTED&TRUSTED&NOT_VPN&MCX&NOT_VCN_MANAGED&ENTERPRISE&VSIM&BIP&MMTEL&PRIORITIZE_LATENCY&PRIORITIZE_BANDWIDTH&NOT_BANDWIDTH_CONSTRAINED Specifier: <TelephonyNetworkSpecifier [mSubId = 1]> EnterpriseId: 1&2&3&4&5 UnderlyingNetworks: Null] Needed by [281, 173, 199, 189, 271, 206, 202, 275, 164, 212, 36, 160, 46, 58, 141, 158, 98, 167, 179, 42, 102, 26, 15, 191, 267, 264, 223, 132, 237, 181, 215, 7, 175, 242, 34, 187, 257, 105, 279, 138, 252, 94, 109, 171, 226, 32, 183, 208, 143, 40, 269, 250, 30, 148, 221, 1, 18, 28, 152, 135, 74, 91, 273, 38, 56, 194, 239, 254, 169, 68, 231, 85, 72, 248, 260, 65, 156, 24, 80, 89, 9, 217, 177, 150, 277, 44, 50, 53, 48]]
07-29 13:57:55.286  3471  4494 D ConnectivityService: unregister offer from providerId 6 : NetworkOffer [ Provider Id (6) Score(Policies : YIELD_TO_BAD_WIFI&EVER_EVALUATED&IS_UNMETERED&EVER_VALIDATED&IS_VALIDATED ; KeepConnected : 0) Caps [ Transports: CELLULAR|SATELLITE Capabilities: MMS&SUPL&DUN&FOTA&IMS&CBS&IA&RCS&XCAP&EIMS&INTERNET&NOT_RESTRICTED&TRUSTED&NOT_VPN&MCX&NOT_VCN_MANAGED&ENTERPRISE&VSIM&BIP&MMTEL&PRIORITIZE_LATENCY&PRIORITIZE_BANDWIDTH&NOT_BANDWIDTH_CONSTRAINED Specifier: <TelephonyNetworkSpecifier [mSubId = -1]> EnterpriseId: 1&2&3&4&5 UnderlyingNetworks: Null] Needed by [281, 173, 199, 189, 271, 206, 202, 275, 164, 212, 36, 160, 46, 58, 141, 158, 98, 167, 179, 42, 102, 26, 15, 191, 267, 264, 223, 132, 237, 181, 215, 7, 175, 242, 34, 187, 257, 105, 279, 138, 252, 94, 109, 171, 226, 32, 183, 208, 143, 40, 269, 250, 30, 148, 221, 1, 18, 28, 152, 135, 74, 91, 273, 38, 56, 194, 239, 254, 169, 68, 231, 85, 72, 248, 260, 65, 156, 24, 80, 89, 9, 217, 177, 150, 277, 44, 50, 53, 48]]
07-29 13:57:55.287  3471  4494 D ConnectivityService: update offer from providerId 6 new : NetworkOffer [ Provider Id (6) Score(Policies : YIELD_TO_BAD_WIFI&EVER_EVALUATED&IS_UNMETERED&EVER_VALIDATED&IS_VALIDATED ; KeepConnected : 0) Caps [ Transports: CELLULAR|SATELLITE Capabilities: MMS&SUPL&DUN&FOTA&IMS&CBS&IA&RCS&XCAP&EIMS&INTERNET&NOT_RESTRICTED&TRUSTED&NOT_VPN&MCX&NOT_VCN_MANAGED&ENTERPRISE&VSIM&BIP&MMTEL&PRIORITIZE_LATENCY&PRIORITIZE_BANDWIDTH&NOT_BANDWIDTH_CONSTRAINED Specifier: <TelephonyNetworkSpecifier [mSubId = -1]> EnterpriseId: 1&2&3&4&5 UnderlyingNetworks: Null] Needed by [281, 173, 199, 189, 271, 206, 202, 275, 164, 212, 36, 160, 46, 58, 141, 158, 98, 167, 179, 42, 102, 26, 15, 191, 267, 264, 223, 132, 237, 181, 215, 7, 175, 242, 34, 187, 257, 105, 279, 138, 252, 94, 109, 171, 226, 32, 183, 208, 143, 40, 269, 250, 30, 148, 221, 1, 18, 28, 152, 135, 74, 91, 273, 38, 56, 194, 239, 254, 169, 68, 231, 85, 72, 248, 260, 65, 156, 24, 80, 89, 9, 217, 177, 150, 277, 44, 50, 53, 48]]
07-29 13:57:55.287  3471  5440 W ContextImpl: Calling a method in the system process without a qualified user: android.app.ContextImpl.sendBroadcastMultiplePermissions:1344 com.android.server.TelephonyRegistry.broadcastServiceStateChanged:3760 com.android.server.TelephonyRegistry.notifyServiceStateForPhoneId:1787 com.android.internal.telephony.ITelephonyRegistry$Stub.onTransact:546 android.os.Binder.execTransactInternal:1523 
07-29 13:57:55.287  3471  5440 W ContextImpl: Calling a method in the system process without a qualified user: android.app.ContextImpl.sendBroadcastMultiplePermissions:1311 android.content.Context.sendBroadcastMultiplePermissions:2524 com.android.server.TelephonyRegistry.broadcastServiceStateChanged:3740 com.android.server.TelephonyRegistry.notifyServiceStateForPhoneId:1787 com.android.internal.telephony.ITelephonyRegistry$Stub.onTransact:546 
07-29 13:57:55.287  4845  4845 I KeyguardUpdateMonitor: action=android.intent.action.SERVICE_STATE subId=1 slotId=0
07-29 13:57:55.287  4845  5177 I SystemUi--QuickSettings: Tile.OplusCellularTile-->updateCarrierText: dialog not showing, ignore
07-29 13:57:55.287  4845  5177 D SimStateHelper: slot:0, lock state:Bundle[mParcelledData.dataSize=56]
07-29 13:57:55.287  4845  5177 D SimStateHelper: slot:1, lock state:Bundle[mParcelledData.dataSize=56]
07-29 13:57:55.287  4845  5177 D SimStateHelper: needDisableMenu: slot1State=-1; slot2State=-1
07-29 13:57:55.287  4845  5177 D SimStateHelper: needDisableMenu:false
07-29 13:57:55.288  3471  5440 W ContextImpl: Calling a method in the system process without a qualified user: android.app.ContextImpl.sendBroadcastMultiplePermissions:1344 com.android.server.TelephonyRegistry.broadcastServiceStateChanged:3745 com.android.server.TelephonyRegistry.notifyServiceStateForPhoneId:1787 com.android.internal.telephony.ITelephonyRegistry$Stub.onTransact:546 android.os.Binder.execTransactInternal:1523 
07-29 13:57:55.288  5750  5750 D CellBroadcastReceiver: onReceive Intent { act=android.intent.action.SERVICE_STATE flg=0x1000010 cmp=com.android.cellbroadcastreceiver.module/com.android.cellbroadcastreceiver.CellBroadcastReceiver (has extras) }
07-29 13:57:55.288  3471  5440 W ContextImpl: Calling a method in the system process without a qualified user: android.app.ContextImpl.sendBroadcastMultiplePermissions:1344 com.android.server.TelephonyRegistry.broadcastServiceStateChanged:3754 com.android.server.TelephonyRegistry.notifyServiceStateForPhoneId:1787 com.android.internal.telephony.ITelephonyRegistry$Stub.onTransact:546 android.os.Binder.execTransactInternal:1523 
07-29 13:57:55.288  3471  5445 W BestClock: java.time.DateTimeException: Missing network time fix
07-29 13:57:55.289  4896  4896 V OplusCustomizeCacheManager: queryCache name: sys.cache.common_customize_cache18016 param: null
07-29 13:57:55.289  4896  4896 V OplusCustomizeCacheManager: queryCache name: sys.cache.common_customize_cache18013 param: null
07-29 13:57:55.289  4896  4896 V OplusCustomizeCacheManager: queryCache name: sys.cache.common_customize_cache18014 param: null
07-29 13:57:55.289  5750  5750 D CellBroadcastReceiver: onServiceStateChanged, ss: 1
07-29 13:57:55.289  4896  4896 V OplusCustomizeCacheManager: queryCache name: sys.cache.common_customize_cache18017 param: Bundle[{SETTING=BLOCK, BUSINESS=NCT-DATA}]
07-29 13:57:55.289  4896  4896 V OplusCustomizeCacheManager: queryCache name: sys.cache.common_customize_cache18016 param: null
07-29 13:57:55.289  4896  4896 V OplusCustomizeCacheManager: queryCache name: sys.cache.common_customize_cache18013 param: null
07-29 13:57:55.289  4896  4896 V OplusCustomizeCacheManager: queryCache name: sys.cache.common_customize_cache18014 param: null
07-29 13:57:55.289  4896  4896 V OplusCustomizeCacheManager: queryCache name: sys.cache.common_customize_cache18017 param: Bundle[{SETTING=BLOCK, BUSINESS=NCT-DATA}]
07-29 13:57:55.289  3471  5451 W BestClock: java.time.DateTimeException: Missing network time fix
07-29 13:57:55.289  3471  5440 W ContextImpl: Calling a method in the system process without a qualified user: android.app.ContextImpl.sendBroadcastMultiplePermissions:1344 com.android.server.TelephonyRegistry.broadcastServiceStateChanged:3760 com.android.server.TelephonyRegistry.notifyServiceStateForPhoneId:1787 com.android.internal.telephony.ITelephonyRegistry$Stub.onTransact:546 android.os.Binder.execTransactInternal:1523 
07-29 13:57:55.290  4845  5810 V OplusCustomizeCacheManager: queryCache name: sys.cache.common_customize_cache18014 param: null
07-29 13:57:55.290  4845  5810 V OplusCustomizeCacheManager: queryCache name: sys.cache.common_customize_cache18017 param: Bundle[{SETTING=BLOCK, BUSINESS=NCT-DATA}]
07-29 13:57:55.290  4845  5810 V OplusCustomizeCacheManager: queryCache name: sys.cache.common_customize_cache18013 param: null
07-29 13:57:55.290  4896  4896 D OplusTelephonyController: onSignalStrengthChanged: SignalStrength=SignalStrength:{mCdma=CellSignalStrengthCdma: cdmaDbm=2147483647 cdmaEcio=2147483647 evdoDbm=2147483647 evdoEcio=2147483647 evdoSnr=2147483647 level=0,mGsm=CellSignalStrengthGsm: rssi=2147483647 ber=2147483647 mTa=2147483647 mLevel=0,mWcdma=CellSignalStrengthWcdma: ss=2147483647 ber=2147483647 rscp=2147483647 ecno=2147483647 level=0,mTdscdma=CellSignalStrengthTdscdma: rssi=2147483647 ber=2147483647 rscp=2147483647 level=0,mLte=CellSignalStrengthLte: rssi=2147483647 rsrp=2147483647 rsrq=2147483647 rssnr=2147483647 cqiTableIndex=2147483647 cqi=2147483647 ta=2147483647 level=0 parametersUseForLevel=0,mNr=CellSignalStrengthNr:{ csiRsrp = 2147483647 csiRsrq = 2147483647 csiCqiTableIndex = 2147483647 csiCqiReport = [] ssRsrp = 2147483647 ssRsrq = 2147483647 ssSinr = 2147483647 level = 0 parametersUseForLevel = 0 timingAdvance = 2147483647 },primary=CellSignalStrengthLte}
07-29 13:57:55.290  4845  4845 I KeyguardUpdateMonitor: action=android.intent.action.SERVICE_STATE subId=-1 slotId=1
07-29 13:57:55.290  5189  5189 D SubsysEventListenerManager-SubsysTelephonyCallback[0]: onSignalStrengthsChanged
07-29 13:57:55.290  4845  4845 W KeyguardUpdateMonitorLog: invalid subId in handleServiceStateChange()
07-29 13:57:55.290  4845  5177 I SystemUi--QuickSettings: Tile.OplusCellularTile-->updateCarrierText: dialog not showing, ignore
07-29 13:57:55.290  5750  5750 D CellBroadcastReceiver: networkOperator: 
07-29 13:57:55.291  4845  5177 D SimStateHelper: slot:0, lock state:Bundle[mParcelledData.dataSize=56]
07-29 13:57:55.291  4896  4896 D InternationalRoamingNotification: init
07-29 13:57:55.291  4845  5177 D SimStateHelper: slot:1, lock state:Bundle[mParcelledData.dataSize=56]
07-29 13:57:55.291  4845  5177 D SimStateHelper: needDisableMenu: slot1State=-1; slot2State=-1
07-29 13:57:55.291  4845  5177 D SimStateHelper: needDisableMenu:false
07-29 13:57:55.291  5189  5219 D VirtualCommService2: isSupport. true, true
07-29 13:57:55.291  4896  4896 D OplusVirtualCommUtils: isVirtualCommSupport, vRet: true
07-29 13:57:55.291  4896  4896 I OplusVirtualCommUtils: getVirtualCommDeviceType, vRet: 1
07-29 13:57:55.291  4896  4896 I OplusVirtualCommUtils: isConsumerDeviceType, deviceType: 1
07-29 13:57:55.291  5750  5750 D CellBroadcastReceiver: mockmodem is running? = false
07-29 13:57:55.291  5750  5750 D CellBroadcastReceiver: Start Cell Broadcast configuration for intent=ACTION_ENABLE_CHANNELS
07-29 13:57:55.291  4896  4896 D InternationalRoamingNotification: do not createRoamingNotification for invalid Network
07-29 13:57:55.292  4896  4896 D InternationalRoamingNotification: init
07-29 13:57:55.292  5189  5219 D VirtualCommService2: isSupport. true, true
07-29 13:57:55.292  4896  4896 D OplusVirtualCommUtils: isVirtualCommSupport, vRet: true
07-29 13:57:55.292  4896  4896 I OplusVirtualCommUtils: getVirtualCommDeviceType, vRet: 1
07-29 13:57:55.292  4896  4896 I OplusVirtualCommUtils: isConsumerDeviceType, deviceType: 1
07-29 13:57:55.292  3471  5440 W BestClock: java.time.DateTimeException: Missing network time fix
07-29 13:57:55.292  4896  4896 D InternationalRoamingNotification: do not createRoamingNotification for invalid Network
07-29 13:57:55.293  5189  5189 D SubsysEventListenerManager-SubsysTelephonyCallback[0]: onCellInfoChanged
07-29 13:57:55.293  3471  5445 W BestClock: java.time.DateTimeException: Missing network time fix
07-29 13:57:55.294  4845  5810 V OplusCustomizeCacheManager: queryCache name: sys.cache.common_customize_cache18014 param: null
07-29 13:57:55.294  4845  5810 V OplusCustomizeCacheManager: queryCache name: sys.cache.common_customize_cache18017 param: Bundle[{SETTING=BLOCK, BUSINESS=NCT-DATA}]
07-29 13:57:55.294  4845  5810 V OplusCustomizeCacheManager: queryCache name: sys.cache.common_customize_cache18013 param: null
07-29 13:57:55.294  5750  5750 D CellBroadcastReceiver: onReceive Intent { act=android.intent.action.SERVICE_STATE flg=0x1000010 cmp=com.android.cellbroadcastreceiver.module/com.android.cellbroadcastreceiver.CellBroadcastReceiver (has extras) }
07-29 13:57:55.294  5750 13068 D CellBroadcastConfigService: Enable CellBroadcast on sub 1
07-29 13:57:55.294  5750  5750 D CellBroadcastReceiver: onServiceStateChanged, ss: 1
07-29 13:57:55.294  5750  5750 D CellBroadcastReceiver: networkOperator: 
07-29 13:57:55.295  4896  5907 D CellBroadcastConfigTracker-0: Failed to set cdma config
07-29 13:57:55.295  3471  4187 W BestClock: java.time.DateTimeException: Missing network time fix
07-29 13:57:55.295  5750  5808 E CellBroadcastConfigService: fails to setCellBroadcastRanges, result = 2
07-29 13:57:55.296  3471  5445 W BestClock: java.time.DateTimeException: Missing network time fix
07-29 13:57:55.296  4845  5810 V OplusCustomizeCacheManager: queryCache name: sys.cache.common_customize_cache18014 param: null
07-29 13:57:55.296  4845  5810 V OplusCustomizeCacheManager: queryCache name: sys.cache.common_customize_cache18017 param: Bundle[{SETTING=BLOCK, BUSINESS=NCT-DATA}]
07-29 13:57:55.296  4845  5810 V OplusCustomizeCacheManager: queryCache name: sys.cache.common_customize_cache18013 param: null
07-29 13:57:55.307  1915  1960 I [UAH_CLIENT]: UahRelease, handle:39
07-29 13:57:55.308  4845  4845 I SystemUi--QuickSettings: QsLottieUtils-->getLottieAnimFile : qs/qs_airplane_lottie_active_sep_dual_light.json
07-29 13:57:55.308  4845  4845 I SystemUi--QuickSettings: TemporarilyInfoManager-->[trigger] start from show
07-29 13:57:55.309  4845  4845 I SystemUi--QuickSettings: TemporarilyInfoManager-->[getLayoutParams] translationY=102.07843, translationX=0, width=1080, height=228, isLandscape=false, parent=androidx.constraintlayout.widget.ConstraintLayout{b164388 V.E...... ......ID 0,0-1080,2376 #7f0a09f6 app:id/qs_container_area_layout alpha=1.0 viewInfo = }
07-29 13:57:55.309  4845  4845 I SystemUi--Common: ViewExt-->[startAlongWithPosition] com.oplus.systemui.qs.base.temporarilyinfo.TemporarilyInfoManager$createViewToParent$1{87407b V.ED..... ......ID 0,0-0,0 #7f0a0cb6 app:id/temporarily_info_view alpha=0.0 viewInfo = } alongWith android.widget.RelativeLayout{95e1e98 V.E...... ........ 0,102-1080,222 #7f0a0a2e app:id/qs_status_bar_container_layout alpha=1.0 viewInfo = }
07-29 13:57:55.309  4845  4845 I SystemUi--QuickSettings: TemporarilyInfoManager-->[showElement] com.oplus.systemui.qs.base.temporarilyinfo.TemporarilyInfoManager$createViewToParent$1{87407b V.ED..... ......ID 0,0-0,0 #7f0a0cb6 app:id/temporarily_info_view alpha=0.0 viewInfo = } for Element(text=Airplane mode off, groupId=Airplane mode, style=InfoShowStyle(textSize=16.0, sizeUnit=2, textColor=-1, showDuration=1500, alongWithReplacedView=true))
07-29 13:57:55.309  4845  4845 I SystemUi--QuickSettings: TemporarilyInfoManager-->[animateShow] com.oplus.systemui.qs.base.temporarilyinfo.TemporarilyInfoManager$createViewToParent$1{87407b VFED..C.. ......ID 0,0-0,0 #7f0a0cb6 app:id/temporarily_info_view alpha=0.0 viewInfo = } start
07-29 13:57:55.334  4845  4845 I SystemUi--QuickSettings: QsLottieUtils-->getLottieAnimFile : qs/qs_cellular_lottie_active_sep_dual_light.json
07-29 13:57:55.355  3329  3929 D QmiClient: qmiServiceEventCallback recv msg id 1106
07-29 13:57:55.355  3329  3929 D QmiVsClient: enter - onQmiServiceEventCallback msgId 1106
07-29 13:57:55.355  3329  3363 D VsProxy : handleMessage msg is 2425
07-29 13:57:55.355  3329  3363 D VsProxy : handleServingCellInfoChangeInd for instance 0
07-29 13:57:55.355  3329  3329 D RadioServiceIndication: radioServingCellInfoInd
07-29 13:57:55.355  3329  3329 D RadioServiceIndication: radioServingCellInfoInd
07-29 13:57:55.356  5189  6316 D SubsysRadioIndication[0]: radioServingCellInfoInd
07-29 13:57:55.356  5189  5189 D NetworkService[0]: handleMessage what:1003
07-29 13:57:55.356  5189  6316 D SubsysRadioIndication[0]: radioServingCellInfoInd
07-29 13:57:55.357  5189  5189 D NetworkService[0]: handleMessage what:1003
07-29 13:57:55.358  4987  5930 D RadioEvent: onCellInfoChanged slotId=0
07-29 13:57:55.358  4987  5930 D RadioEvent: onCellInfoChanged slotId=0
07-29 13:57:55.359  3329  3931 D QmiClient: qmiServiceEventCallback recv msg id 276
07-29 13:57:55.359  3329  3931 D QmiNasClient: enter : onQmiServiceEventCallback msgId 276
07-29 13:57:55.359  3329  3931 D QmiNasClientEvent: qmiNasClientAccessBarringStatusEvent - RADIO_EVENT_NAS_ACCESS_BARRING_STATUS_IND
07-29 13:57:55.359  3342  3926 D QmiClient: qmiServiceEventCallback recv msg id 276
07-29 13:57:55.359  3342  3926 D QmiNasClient: enter : onQmiServiceEventCallback msgId 276
07-29 13:57:55.359  3342  3926 D QmiNasClientEvent: qmiNasClientAccessBarringStatusEvent - RADIO_EVENT_NAS_ACCESS_BARRING_STATUS_IND
07-29 13:57:55.359  3329  3373 D NasProxy: handleMessage msg is 2104
07-29 13:57:55.359  3329  3931 D QmiClient: qmiServiceEventCallback recv msg id 78
07-29 13:57:55.359  3329  3931 D QmiNasClient: enter : onQmiServiceEventCallback msgId 78
07-29 13:57:55.359  3342  3396 D NasProxy: handleMessage msg is 2104
07-29 13:57:55.359  3329  3931 D QmiNasClientEvent: qmiNasClientNotifySysInfoEvent lte_ims_voice_avail_valid 0
07-29 13:57:55.359  3329  3373 D NasProxy: handleMessage msg is 2101
07-29 13:57:55.359  3329  3373 D NasProxy: handleNasSysInfoEvent for instance 0
07-29 13:57:55.360  5189  6316 D SubsysRadioIndication[0]: radioNasAccessBarringStatusInd, NasAccessBarringStatusType: radioIf:12, dataBarringStatus:0, dataBarringTime:0, voiceBarringStatus:0, voiceBarringTime:0, videoBarringStatus:0, videoBarringTime:0
07-29 13:57:55.360  5189  6316 D SubsysRadioIndication[0]: notify enter
07-29 13:57:55.360  5189  5219 D SubsysRadioIndication[1]: radioNasAccessBarringStatusInd, NasAccessBarringStatusType: radioIf:12, dataBarringStatus:0, dataBarringTime:0, voiceBarringStatus:0, voiceBarringTime:0, videoBarringStatus:0, videoBarringTime:0
07-29 13:57:55.360  5189  5219 D SubsysRadioIndication[1]: notify enter
07-29 13:57:55.360  5189  6316 D SubsysRadioIndication[0]: radioNr5gFreqTypeIndication, nr5gFreqType = 0
07-29 13:57:55.360  5189  5189 D QtiCellularNetwork: handleNr5gFreqTypeChanged 0, nr5gFreqType = 0
07-29 13:57:55.362  5115  6164 D IWlanJni: new aidl event arrived
07-29 13:57:55.362  5115  6164 D IWlanJni: handleEvent 3
07-29 13:57:55.362  5115  6164 D IWlanJni: isThreadAttached start
07-29 13:57:55.362  5115  6164 D IWlanJni: jni detached
07-29 13:57:55.362  5115  6164 D IWlanJni: jni attached
07-29 13:57:55.362  5115  6164 D IWlanJni: dataRegistrationStateChangeIndication start
07-29 13:57:55.362  5115  6164 D IWlanJni: getJavaCallbackClass start
07-29 13:57:55.362  5115  6164 D IWlanJni: getJavaCallbackClass End midIs[1]
07-29 13:57:55.362  5115  6164 I IWlanAidlClient: dataRegistrationStateChangeIndication called
07-29 13:57:55.363  5115  6163 D IWlanJni: responseAcknowledgement start
07-29 13:57:55.365  5115  6155 D IWlanJni: getDataRegistrationState start
07-29 13:57:55.365  5115  6164 D IWlanJni: new aidl event arrived
07-29 13:57:55.365  5115  6164 D IWlanJni: handleEvent 10
07-29 13:57:55.365  5115  6164 D IWlanJni: isThreadAttached start
07-29 13:57:55.365  5115  6164 D IWlanJni: jni detached
07-29 13:57:55.366  5115  6164 D IWlanJni: jni attached
07-29 13:57:55.366  5115  6164 D IWlanJni: getDataRegistrationStateResponse start
07-29 13:57:55.366  5115  6164 D IWlanJni: getJavaCallbackClass start
07-29 13:57:55.366  5115  6164 D IWlanJni: getJavaCallbackClass End midIs[1]
07-29 13:57:55.366  5115  6164 I IWlanAidlClient: getDataRegistrationStateResponse called
07-29 13:57:55.366  5115  6163 W IWlanNetworkService: 15 > Response Processed
07-29 13:57:55.367  5077  5184 I QImsService: ImsRadioIndicationAidl : onServiceDomainChanged()[SUB0]
07-29 13:57:55.367  5077  5184 I QImsService: ImsSenderRxr : [UNSL]< UNSOL_SERVICE_DOMAIN_CHANGED 0[SUB0]
07-29 13:57:55.367  5077  5077 I QImsService: ImsRegistrationController : Message received: what = 5
07-29 13:57:55.367  5077  5077 I QImsService: ImsRegistrationController : handleSrvDomainChanged
07-29 13:57:55.368  5115  6155 D IWlanJni: getDataRegistrationState start
07-29 13:57:55.368  5115  6164 D IWlanJni: new aidl event arrived
07-29 13:57:55.368  5115  6164 D IWlanJni: handleEvent 10
07-29 13:57:55.368  5115  6164 D IWlanJni: isThreadAttached start
07-29 13:57:55.368  5115  6164 D IWlanJni: jni detached
07-29 13:57:55.368  5115  6164 D IWlanJni: jni attached
07-29 13:57:55.368  5115  6164 D IWlanJni: getDataRegistrationStateResponse start
07-29 13:57:55.368  5115  6164 D IWlanJni: getJavaCallbackClass start
07-29 13:57:55.368  5115  6164 D IWlanJni: getJavaCallbackClass End midIs[1]
07-29 13:57:55.368  5115  6164 I IWlanAidlClient: getDataRegistrationStateResponse called
07-29 13:57:55.369  5115  6163 W IWlanNetworkService: 16 > Response Processed
07-29 13:57:55.369  4980  5122 D QtiOemHookAidl: oemHookRawIndication length=21
07-29 13:57:55.371  4980  4980 D QcrilMsgTunnelIfaceManager: handleMessage what = 0
07-29 13:57:55.372  4980  5122 D QtiOemHookAidl: oemHookRawIndication length=21
07-29 13:57:55.372  4980  4980 D QcrilMsgTunnelIfaceManager: handleMessage what = 0
07-29 13:57:55.372  4896  4896 D QC_RIL_OEM_HOOK: Received Broadcast Intent ACTION_UNSOL_RESPONSE_OEM_HOOK_RAW
07-29 13:57:55.372  4896  4896 D QC_RIL_OEM_HOOK: Received Broadcast Intent ACTION_UNSOL_RESPONSE_OEM_HOOK_RAW
07-29 13:57:55.372  4980  4980 D QC_RIL_OEM_HOOK: Received Broadcast Intent ACTION_UNSOL_RESPONSE_OEM_HOOK_RAW
07-29 13:57:55.372  4896  4896 D OplusTelephonyController: onSignalStrengthChanged: SignalStrength=SignalStrength:{mCdma=CellSignalStrengthCdma: cdmaDbm=2147483647 cdmaEcio=2147483647 evdoDbm=2147483647 evdoEcio=2147483647 evdoSnr=2147483647 level=0,mGsm=CellSignalStrengthGsm: rssi=2147483647 ber=2147483647 mTa=2147483647 mLevel=0,mWcdma=CellSignalStrengthWcdma: ss=2147483647 ber=2147483647 rscp=2147483647 ecno=2147483647 level=0,mTdscdma=CellSignalStrengthTdscdma: rssi=2147483647 ber=2147483647 rscp=2147483647 level=0,mLte=CellSignalStrengthLte: rssi=2147483647 rsrp=2147483647 rsrq=2147483647 rssnr=2147483647 cqiTableIndex=2147483647 cqi=2147483647 ta=2147483647 level=0 parametersUseForLevel=0,mNr=CellSignalStrengthNr:{ csiRsrp = 2147483647 csiRsrq = 2147483647 csiCqiTableIndex = 2147483647 csiCqiReport = [] ssRsrp = 2147483647 ssRsrq = 2147483647 ssSinr = 2147483647 level = 0 parametersUseForLevel = 0 timingAdvance = 2147483647 },primary=CellSignalStrengthLte}
07-29 13:57:55.372  4896  4896 D QC_RIL_OEM_HOOK: Received Broadcast Intent ACTION_UNSOL_RESPONSE_OEM_HOOK_RAW
07-29 13:57:55.373  5115  6155 D IWlanJni: getDataRegistrationState start
07-29 13:57:55.373  5189  5189 D SubsysEventListenerManager-SubsysTelephonyCallback[0]: onSignalStrengthsChanged
07-29 13:57:55.373  4896  4896 D QC_RIL_OEM_HOOK: Received Broadcast Intent ACTION_UNSOL_RESPONSE_OEM_HOOK_RAW
07-29 13:57:55.373  4896  4896 D QC_RIL_OEM_HOOK: Received Broadcast Intent ACTION_UNSOL_RESPONSE_OEM_HOOK_RAW
07-29 13:57:55.373  4896  4896 D QC_RIL_OEM_HOOK: Received Broadcast Intent ACTION_UNSOL_RESPONSE_OEM_HOOK_RAW
07-29 13:57:55.374  5115  6164 D IWlanJni: new aidl event arrived
07-29 13:57:55.374  5115  6164 D IWlanJni: handleEvent 10
07-29 13:57:55.374  5115  6164 D IWlanJni: isThreadAttached start
07-29 13:57:55.374  5115  6164 D IWlanJni: jni detached
07-29 13:57:55.374  5115  6164 D IWlanJni: jni attached
07-29 13:57:55.374  5115  6164 D IWlanJni: getDataRegistrationStateResponse start
07-29 13:57:55.374  5115  6164 D IWlanJni: getJavaCallbackClass start
07-29 13:57:55.374  5115  6164 D IWlanJni: getJavaCallbackClass End midIs[1]
07-29 13:57:55.374  5115  6164 I IWlanAidlClient: getDataRegistrationStateResponse called
07-29 13:57:55.374  4980  4980 D QC_RIL_OEM_HOOK: Received Broadcast Intent ACTION_UNSOL_RESPONSE_OEM_HOOK_RAW
07-29 13:57:55.374  5115  6163 W IWlanNetworkService: 17 > Response Processed
07-29 13:57:55.375  4896  4896 D OplusTelephonyController: onSignalStrengthChanged: SignalStrength=SignalStrength:{mCdma=CellSignalStrengthCdma: cdmaDbm=2147483647 cdmaEcio=2147483647 evdoDbm=2147483647 evdoEcio=2147483647 evdoSnr=2147483647 level=0,mGsm=CellSignalStrengthGsm: rssi=2147483647 ber=2147483647 mTa=2147483647 mLevel=0,mWcdma=CellSignalStrengthWcdma: ss=2147483647 ber=2147483647 rscp=2147483647 ecno=2147483647 level=0,mTdscdma=CellSignalStrengthTdscdma: rssi=2147483647 ber=2147483647 rscp=2147483647 level=0,mLte=CellSignalStrengthLte: rssi=2147483647 rsrp=2147483647 rsrq=2147483647 rssnr=2147483647 cqiTableIndex=2147483647 cqi=2147483647 ta=2147483647 level=0 parametersUseForLevel=0,mNr=CellSignalStrengthNr:{ csiRsrp = 2147483647 csiRsrq = 2147483647 csiCqiTableIndex = 2147483647 csiCqiReport = [] ssRsrp = 2147483647 ssRsrq = 2147483647 ssSinr = 2147483647 level = 0 parametersUseForLevel = 0 timingAdvance = 2147483647 },primary=CellSignalStrengthLte}
07-29 13:57:55.375  5115  6155 D IWlanJni: getDataRegistrationState start
07-29 13:57:55.375  5189  5189 D SubsysEventListenerManager-SubsysTelephonyCallback[0]: onSignalStrengthsChanged
07-29 13:57:55.376  5115  6164 D IWlanJni: new aidl event arrived
07-29 13:57:55.376  5115  6164 D IWlanJni: handleEvent 10
07-29 13:57:55.376  5115  6164 D IWlanJni: isThreadAttached start
07-29 13:57:55.376  5115  6164 D IWlanJni: jni detached
07-29 13:57:55.376  5115  6164 D IWlanJni: jni attached
07-29 13:57:55.376  5115  6164 D IWlanJni: getDataRegistrationStateResponse start
07-29 13:57:55.376  5115  6164 D IWlanJni: getJavaCallbackClass start
07-29 13:57:55.376  5115  6164 D IWlanJni: getJavaCallbackClass End midIs[1]
07-29 13:57:55.376  5115  6164 I IWlanAidlClient: getDataRegistrationStateResponse called
07-29 13:57:55.376  5115  6163 W IWlanNetworkService: 18 > Response Processed
07-29 13:57:55.378  4896  4896 W Settings: Setting airplane_mode_on has moved from android.provider.Settings.System to android.provider.Settings.Global, returning read-only value.
07-29 13:57:55.378  3471  4187 W BestClock: java.time.DateTimeException: Missing network time fix
07-29 13:57:55.379  4662  4808 D CNGmsControlService: receive:oplus.intent.action.MCC_CHANGE
07-29 13:57:55.379  3471  3471 D OplusWifiBroadCastDispatcher: mBroadcastReceiver: onReceiver  action=oplus.intent.action.MCC_CHANGE
07-29 13:57:55.379  4987  5937 W BluetoothAdapterExtImpl: getBluetoothConnectionCount：mOplusBluetooth null!
07-29 13:57:55.380  3471  5440 W BestClock: java.time.DateTimeException: Missing network time fix
07-29 13:57:55.380  7502  7502 I 7502PAS.MccChangeReceiver_Travel: onReceive
07-29 13:57:55.380  4987  5935 D NAS-CallIssueDetector: onPollCsPsRegStateChanged slotid = 0
07-29 13:57:55.380  4987  5935 D NAS-CallIssueDetector: notifyRealOosChanged
07-29 13:57:55.380  4987  5935 D OplusCiwlanController: [vodata] getSubId subid =  1
07-29 13:57:55.380  4987  5937 D TelephonyImpl: isRequestingMms
07-29 13:57:55.381  4987  5937 D TelephonyImpl: getReleaseMmsNetworkTime
07-29 13:57:55.381  4987  5937 D OplusDdsSwitchStrategy: Md,OplusCheckFeature,RETURN_TO_CUR_ACTION_DDS
07-29 13:57:55.382  4845  5810 V OplusCustomizeCacheManager: queryCache name: sys.cache.common_customize_cache18014 param: null
07-29 13:57:55.382  4845  5810 V OplusCustomizeCacheManager: queryCache name: sys.cache.common_customize_cache18017 param: Bundle[{SETTING=BLOCK, BUSINESS=NCT-DATA}]
07-29 13:57:55.382  4845  5810 V OplusCustomizeCacheManager: queryCache name: sys.cache.common_customize_cache18013 param: null
07-29 13:57:55.382  7502  8719 D NetWorkMonitor: addNetStateListener :true
07-29 13:57:55.382  1803  9609 I sensors-hal: handle_sns_client_event:87, step_count_event: ts=59196683328 count 0
07-29 13:57:55.382  3471  4360 D SensorServiceUtils: sensorEventLog step_counter = 0
07-29 13:57:55.382  3471  4360 D SensorServiceUtils: sensorEventLog step_counter = 0
07-29 13:57:55.382  3471  4360 D SensorServiceUtils: sensorEventLog step_counter = 0
07-29 13:57:55.382  3471  4360 D SensorServiceUtils: sensorEventLog step_counter = 0
07-29 13:57:55.382  3471  4360 D SensorServiceUtils: sensorEventLog step_counter = 0
07-29 13:57:55.382  3471  4360 D SensorServiceUtils: sensorEventLog step_counter = 0
07-29 13:57:55.382  3471  4360 D SensorServiceUtils: sensorEventLog step_counter = 0
07-29 13:57:55.382  3471  4360 D SensorServiceUtils: sensorEventLog step_counter = 0
07-29 13:57:55.382  3471  4360 D SensorServiceUtils: sensorEventLog step_counter = 0
07-29 13:57:55.382  3471  4360 D SensorServiceUtils: sensorEventLog step_counter = 0
07-29 13:57:55.382  3471  4360 D SensorServiceUtils: sensorEventLog step_counter = 0
07-29 13:57:55.382  3471  4360 D SensorServiceUtils: sensorEventLog step_counter = 0
07-29 13:57:55.382  3471  4360 D SensorServiceUtils: sensorEventLog step_counter = 0
07-29 13:57:55.382  3471  4360 D SensorServiceUtils: sensorEventLog step_counter = 0
07-29 13:57:55.382  3471  4360 D SensorServiceUtils: sensorEventLog step_counter = 0
07-29 13:57:55.382  3471  4360 D SensorServiceUtils: sensorEventLog step_counter = 0
07-29 13:57:55.382  3471  4360 D SensorServiceUtils: sensorEventLog step_counter = 0
07-29 13:57:55.382  3471  4360 D SensorServiceUtils: sensorEventLog step_counter = 0
07-29 13:57:55.382  3471  4360 D SensorServiceUtils: sensorEventLog step_counter = 0
07-29 13:57:55.383  3471  5451 D ConnectivityService: requestNetwork for uid/pid:10137/7502 activeRequest: null callbackRequest: 282 [NetworkRequest [ REQUEST id=283, [ Capabilities: INTERNET&NOT_RESTRICTED&TRUSTED&NOT_VCN_MANAGED&NOT_BANDWIDTH_CONSTRAINED Uid: 10137 RequestorUid: 10137 RequestorPkg: com.coloros.sceneservice UnderlyingNetworks: Null] ]] callback flags: 0 order: 2147483647 isUidTracked: false
07-29 13:57:55.383  4662  4808 D CNGmsControlService: mcc1=001 mcc2=null GmsState=2 TagWhitelistApp=true UserDisableCount=0 SettingsGmsState=1
07-29 13:57:55.383  4662  4662 V SystemSensorManagerExtImpl: step counter dispatchSensorEvent step 0.0 to + a.b$c@57125c3
07-29 13:57:55.383  7502  8719 D NetWorkMonitor: resume registerNetworkCallback
07-29 13:57:55.383  3471  4494 D ConnectivityService: NetReassign [no changes] [c 0] [a 0] [i 1]
07-29 13:57:55.383  4987  5935 D OplusCiwlanController: [vodata] processOosChanged  phoneid = 0,cur regstate = 1,old regstate = -1
07-29 13:57:55.383  4896  6127 E PhoneInterfaceManager: getServiceStateForSlot retuning null for invalid slotIndex=-1
07-29 13:57:55.383  4987  5935 D OplusCiwlanController: [vodata] getSubId subid =  -1
07-29 13:57:55.383  4987  5935 D OplusCiwlanController: [vodata] processOosChanged  phoneid = 1,cur regstate = 1,old regstate = -1
07-29 13:57:55.383  3471  4486 D WifiNetworkFactory: got request NetworkRequest [ REQUEST id=283, [ Capabilities: INTERNET&NOT_RESTRICTED&TRUSTED&NOT_VCN_MANAGED&NOT_BANDWIDTH_CONSTRAINED Uid: 10137 RequestorUid: 10137 RequestorPkg: com.coloros.sceneservice UnderlyingNetworks: Null] ]
07-29 13:57:55.383  3471  4486 D UntrustedWifiNetworkFactory: got request NetworkRequest [ REQUEST id=283, [ Capabilities: INTERNET&NOT_RESTRICTED&TRUSTED&NOT_VCN_MANAGED&NOT_BANDWIDTH_CONSTRAINED Uid: 10137 RequestorUid: 10137 RequestorPkg: com.coloros.sceneservice UnderlyingNetworks: Null] ]
07-29 13:57:55.383  3471  4486 D OemPaidWifiNetworkFactory: got request NetworkRequest [ REQUEST id=283, [ Capabilities: INTERNET&NOT_RESTRICTED&TRUSTED&NOT_VCN_MANAGED&NOT_BANDWIDTH_CONSTRAINED Uid: 10137 RequestorUid: 10137 RequestorPkg: com.coloros.sceneservice UnderlyingNetworks: Null] ]
07-29 13:57:55.383  4896  6264 D OplusNetworkFactory: got request NetworkRequest [ REQUEST id=283, [ Capabilities: INTERNET&NOT_RESTRICTED&TRUSTED&NOT_VCN_MANAGED&NOT_BANDWIDTH_CONSTRAINED Uid: 10137 RequestorUid: 10137 RequestorPkg: com.coloros.sceneservice UnderlyingNetworks: Null] ]
07-29 13:57:55.383  3471  4486 D MultiInternetWifiNetworkFactory: got request NetworkRequest [ REQUEST id=283, [ Capabilities: INTERNET&NOT_RESTRICTED&TRUSTED&NOT_VCN_MANAGED&NOT_BANDWIDTH_CONSTRAINED Uid: 10137 RequestorUid: 10137 RequestorPkg: com.coloros.sceneservice UnderlyingNetworks: Null] ]
07-29 13:57:55.384  4845  5177 I SystemUi--QuickSettings: Tile.OplusCellularTile-->updateCarrierText: dialog not showing, ignore
07-29 13:57:55.384  4845  5177 D SimStateHelper: slot:0, lock state:Bundle[mParcelledData.dataSize=56]
07-29 13:57:55.384  4845  5177 D SimStateHelper: slot:1, lock state:Bundle[mParcelledData.dataSize=56]
07-29 13:57:55.384  4845  5177 D SimStateHelper: needDisableMenu: slot1State=-1; slot2State=-1
07-29 13:57:55.384  4845  5177 D SimStateHelper: needDisableMenu:false
07-29 13:57:55.385  4987  5163 W Binder  : Caught a RuntimeException from the binder stub implementation.
07-29 13:57:55.385  4987  5163 W Binder  : java.lang.NullPointerException: Attempt to invoke virtual method 'boolean android.net.Uri.equals(java.lang.Object)' on a null object reference
07-29 13:57:55.385  4987  5163 W Binder  : 	at xb.a$b.onChange(Unknown Source:16)
07-29 13:57:55.385  4987  5163 W Binder  : 	at android.database.ContentObserver.onChange(ContentObserver.java:184)
07-29 13:57:55.385  4987  5163 W Binder  : 	at android.database.ContentObserver.onChange(ContentObserver.java:202)
07-29 13:57:55.385  4987  5163 W Binder  : 	at android.database.ContentObserver.onChange(ContentObserver.java:224)
07-29 13:57:55.385  4987  5163 W Binder  : 	at android.database.ContentObserver.onChange(ContentObserver.java:236)
07-29 13:57:55.385  4987  5163 W Binder  : 	at android.database.ContentObserver.dispatchChange(ContentObserver.java:335)
07-29 13:57:55.385  4987  5163 W Binder  : 	at android.database.ContentObserver$Transport.onChangeEtc(ContentObserver.java:357)
07-29 13:57:55.385  4987  5163 W Binder  : 	at android.database.IContentObserver$Stub.onTransact(IContentObserver.java:120)
07-29 13:57:55.385  4987  5163 W Binder  : 	at android.os.Binder.execTransactInternal(Binder.java:1523)
07-29 13:57:55.385  4987  5163 W Binder  : 	at android.os.Binder.execTransact(Binder.java:1457)
07-29 13:57:55.386  3471  5445 W BestClock: java.time.DateTimeException: Missing network time fix
07-29 13:57:55.387  4896  4896 D ServiceStateProvider: subId=1
07-29 13:57:55.387  3471  5451 W BestClock: java.time.DateTimeException: Missing network time fix
07-29 13:57:55.388  4845  5810 V OplusCustomizeCacheManager: queryCache name: sys.cache.common_customize_cache18014 param: null
07-29 13:57:55.388  4845  5810 V OplusCustomizeCacheManager: queryCache name: sys.cache.common_customize_cache18017 param: Bundle[{SETTING=BLOCK, BUSINESS=NCT-DATA}]
07-29 13:57:55.388  4845  5810 V OplusCustomizeCacheManager: queryCache name: sys.cache.common_customize_cache18013 param: null
07-29 13:57:55.388  5077  5077 I QImsService: OplusPhoneStateTracker : onServiceStateChanged
07-29 13:57:55.388  5077  5077 I QImsService: OplusPhoneStateTracker : onServiceStateChanged
07-29 13:57:55.388  5189  5189 D SubsysEventListenerManager-SubsysTelephonyCallback[0]: onServiceStateChanged
07-29 13:57:55.388  5189  5189 D ChinaRoamingControl: registTelephonyEvent onServiceStateChanged eventId:5, VoiceRegState:1, DataRegState:1
07-29 13:57:55.388  5189  5189 D QuickChangeAirplaneModeEvent: onServiceStateChanged slotId:0
07-29 13:57:55.389  4987  5934 D OplusLinkBoostCommon: dds servicestate change
07-29 13:57:55.389  4987  6011 D OplusSubWaySlowRecovery: getPreferSubId return 1
07-29 13:57:55.389  5189  5970 D cellularState[0]: handleMessage: E msg.what=4
07-29 13:57:55.389  5189  5970 D cellularState[0]: processMsg: DataCallingState
07-29 13:57:55.389  5189  5970 D cellularState[0]: processMsg: NetworkAttachedState
07-29 13:57:55.389  5189  5970 D cellularState[0]: processMsg: SimReadyState
07-29 13:57:55.389  5189  5970 D cellularState[0]: processMsg: DefaultState
07-29 13:57:55.389  5189  5970 E cellularState[0]:  - unhandledMessage: msg.what=4
07-29 13:57:55.389  5189  5970 D cellularState[0]: handleMessage: X
07-29 13:57:55.389  4987  6011 D SaDataFailRecovery/0: current is not in service,reset alarm
07-29 13:57:55.389  4987  6011 D OplusScanQrCodeRecoveryImpl: msg.what=3
07-29 13:57:55.389  5189  5189 D QuickChangeAirplaneModeEvent: isBothCardInService is false
07-29 13:57:55.389  4987  5930 D T-Recommend: onPreHandleMessage 1000
07-29 13:57:55.389  5189  5189 D MsimSubModeManager: registTelephonyEvent onServiceStateChanged eventId:3, VoiceRegState:1, DataRegState:1
07-29 13:57:55.389  5189  5189 E ExtremeCommUtils: getSwitchRusSupportMcc invalid index 1
07-29 13:57:55.389  5189  5189 D ExtremeCommUtils: isSupporCheck rusContain:false,propContain(persist.sys.oplus.support_hyper_uplink_mcc):false
07-29 13:57:55.389  5189  5189 D ExtremeCommService: handleServiceStateChanged mcc is null
07-29 13:57:55.389  5189  5189 D ChinaRoamingControl: handleMessage what:5
07-29 13:57:55.389  5189  5189 D MsimSubModeManager: handleMessage what:3
07-29 13:57:55.389  5189  5189 D MsimSubModeManager: getMsimSimServiceIn() i:0,mServiceState:1
07-29 13:57:55.389  5189  5189 D MsimSubModeManager: getMsimSimServiceIn() i:1,mServiceState:1
07-29 13:57:55.389  4987  5930 E CellularEvent: nri null ps
07-29 13:57:55.389  4987  5930 E CellularEvent: invalid nri
07-29 13:57:55.389  4987  5930 D T-Recommend: onPostHandleMessage 1000
07-29 13:57:55.389  3471  5445 W ContextImpl: Calling a method in the system process without a qualified user: android.app.ContextImpl.sendBroadcastMultiplePermissions:1311 android.content.Context.sendBroadcastMultiplePermissions:2524 com.android.server.TelephonyRegistry.broadcastServiceStateChanged:3740 com.android.server.TelephonyRegistry.notifyServiceStateForPhoneId:1787 com.android.internal.telephony.ITelephonyRegistry$Stub.onTransact:546 
07-29 13:57:55.389  4845  5221 I SystemUi--Statusbar: MobileConnectionRepositoryImpl-->subId:1 isSoftSimCard:false slotId:0
07-29 13:57:55.390  3471  5445 W ContextImpl: Calling a method in the system process without a qualified user: android.app.ContextImpl.sendBroadcastMultiplePermissions:1344 com.android.server.TelephonyRegistry.broadcastServiceStateChanged:3745 com.android.server.TelephonyRegistry.notifyServiceStateForPhoneId:1787 com.android.internal.telephony.ITelephonyRegistry$Stub.onTransact:546 android.os.Binder.execTransactInternal:1523 
07-29 13:57:55.390  1680  1680 D Zygote  : Forked child process 13074
07-29 13:57:55.390  4987  5935 D NAS-CallIssueDetector: onServiceStateChanged
07-29 13:57:55.390  4987  5935 D OplusCiwlanController: [vodata] processServiceStateChanged  phoneid = 0, original roaming type = 0,roaming type = 0
07-29 13:57:55.390  4987  5935 D OplusCiwlanController: [vodata] processServiceStateChanged  phoneid = 1, original roaming type = 0,roaming type = 0
07-29 13:57:55.390  3471  3723 I ActivityManager: Start proc 13074:com.oplus.wirelesssettings:tzupdate/1000 for broadcast {com.oplus.wirelesssettings/com.oplus.tzupdate.timezone.MccChangeReceiver}
07-29 13:57:55.390  3471  5445 W ContextImpl: Calling a method in the system process without a qualified user: android.app.ContextImpl.sendBroadcastMultiplePermissions:1344 com.android.server.TelephonyRegistry.broadcastServiceStateChanged:3754 com.android.server.TelephonyRegistry.notifyServiceStateForPhoneId:1787 com.android.internal.telephony.ITelephonyRegistry$Stub.onTransact:546 android.os.Binder.execTransactInternal:1523 
07-29 13:57:55.391  6527  6638 I midasd  : OplusObrainService::notifyEventInt eventId:38 iParam:20
07-29 13:57:55.391  3471  4193 I MemoryOperationUtils: add 13074 to inactive
07-29 13:57:55.391  3471  5445 W ContextImpl: Calling a method in the system process without a qualified user: android.app.ContextImpl.sendBroadcastMultiplePermissions:1344 com.android.server.TelephonyRegistry.broadcastServiceStateChanged:3760 com.android.server.TelephonyRegistry.notifyServiceStateForPhoneId:1787 com.android.internal.telephony.ITelephonyRegistry$Stub.onTransact:546 android.os.Binder.execTransactInternal:1523 
07-29 13:57:55.391  8374  8481 I OplusObrain: OplusObrainClientInvoke.nativeGetTelephonyInfo
07-29 13:57:55.391  5189  5189 D SubsysEventListenerManager-SubsysTelephonyCallback[0]: onCellLocationChanged
07-29 13:57:55.391  5189  5189 D SubsysEventListenerManager-SubsysTelephonyCallback[0]: onDisplayInfoChanged
07-29 13:57:55.392  4896  4896 D MultiSimSettingController: notifySubscriptionInfoChanged
07-29 13:57:55.392  8374  8481 I OplusObrain: OplusObrainClientInvoke.nativeGetTrafficTypeInfoForNetworkType networkType 0
07-29 13:57:55.392  3471  4709 D KernelStatsHelper: getKernelStats start!
07-29 13:57:55.392  3471  3471 I AS.AudioService: onSubscriptionsChanged()
07-29 13:57:55.392  5750  5750 D CellBroadcastReceiver: onReceive Intent { act=android.intent.action.SERVICE_STATE flg=0x1000010 cmp=com.android.cellbroadcastreceiver.module/com.android.cellbroadcastreceiver.CellBroadcastReceiver (has extras) }
07-29 13:57:55.392  5750  5750 D CellBroadcastReceiver: onServiceStateChanged, ss: 1
07-29 13:57:55.392  5750  5750 D CellBroadcastReceiver: networkOperator: 
07-29 13:57:55.392  3471  4484 V NetworkPolicy: onSubscriptionsChanged
07-29 13:57:55.393  5189  5189 D SceneService: onDisplayInfoChanged slotId:0,telephonyDisplayInfo:TelephonyDisplayInfo {network=NR, overrideNetwork=NONE, isRoaming=false}
07-29 13:57:55.394  5115  5115 D QCNEJ/DataCallAgent: onSubscriptionsChanged: new DDS 1
07-29 13:57:55.394  5115  5115 D QCNEJ/WwanInfoRelay: onSubscriptionsChanged currDDSId: 1 new DDS 1
07-29 13:57:55.394  4987  5930 D CellularEvent: handleSubscriptionsChanged: slotId=0
07-29 13:57:55.394  4987  5930 D CellularEvent: onImsRegistrationStateChanged, slotId=0state:false
07-29 13:57:55.394  4896  4896 I Telephony: y0: onServiceStateChanged: newState=1, mServiceState=1
07-29 13:57:55.394  4896  4896 I Telephony: isRttCurrentlySupported -- regular acct, hasVoiceAvailability: false
07-29 13:57:55.394  4896  4896 I Telephony:  isRttSupported: false
07-29 13:57:55.394  4896  4896 I Telephony:  isUserRttSettingOn: false
07-29 13:57:55.394  4896  4896 I Telephony:  alwaysAllowWhileRoaming: false
07-29 13:57:55.394  4896  4896 I Telephony:  isRoaming: false
07-29 13:57:55.394  4896  4896 I Telephony:  isOnWfc: false
07-29 13:57:55.394  3471  4577 D OplusNetlinkSocket: handleNetlinkRecvKernelMessage:nlmsghdr:StructNlMsgHdr{ nlmsg_len{40}, nlmsg_type{53()}, nlmsg_flags{0()}, nlmsg_seq{0}, nlmsg_pid{227480033} }
07-29 13:57:55.394  3471  4577 D KernelStatsHelper: get magic :[-1, -1, -1, 77, 65, 71, 73, 67]
07-29 13:57:55.394  3471  4577 D KernelStatsHelper: magic matched count:0 data_len:0
07-29 13:57:55.394  3471  4577 D KernelStatsHelper: data over! check: true
07-29 13:57:55.395  5115  8547 D QCNEJ/DataCallAgent: phoneCount: 2
07-29 13:57:55.395  5115  8547 D QCNEJ/DataCallAgent: subs for 0th slot: [1]
07-29 13:57:55.395  7282  9534 E Battery : ControllerCenter: onReceiver: mSubscriptionManager is null || mIsNeedRestoreMobile = false
07-29 13:57:55.395  4845  5221 I SystemUi--Statusbar: MobileInputLog-->onSubscriptionsChanged
07-29 13:57:55.395  3471  5437 W BestClock: java.time.DateTimeException: Missing network time fix
07-29 13:57:55.395  4845  4845 I SystemUi--Statusbar: OplusMobileIconInteractorImpl-->oplusIMSModel slot:0: CapabilityTypeModel(isVolteSwitchOn=true, isWfcEnabledByUser=true, imsRegistered=false, voiceCapable=false, videoCapable=false, registerTech=-1, isCrossSimCallingEnabledByUser=false, hasHideVolteOperator=false), SimStateModel(simInserted=[true, false], simForbidden=[false, true], simStateIMSI=[true, false], simLoaded=[true, false]),oplusNetworkTypeNr:20,isVoNrEnabled:false
07-29 13:57:55.395  5077  5077 E QImsService: ImsConfigImpl : onSubscriptionsChanged unable to process due to SubscriptionInfo is null
07-29 13:57:55.395  4987  5449 D NAS-CellularEvent: handleSubscriptionsChanged: slotId=0
07-29 13:57:55.396  5115  8547 D QCNEJ/DataCallAgent: mSubInfoReady[0] is set to true
07-29 13:57:55.396  5115  8547 D QCNEJ/DataCallAgent: subs for 1th slot: [-1]
07-29 13:57:55.396  4987  5449 D NAS-CellularEvent: onImsRegistrationStateChanged, slotId=0state:false
07-29 13:57:55.396  4845  5221 I SystemUi--Statusbar: MobileConnectionRepositoryImpl-->subId:1 isSoftSimCard:false slotId:0
07-29 13:57:55.396  7111  8493 D OsAgentAidlClient: [string_dataitem_update][1584] [HC] =>> [HS]
07-29 13:57:55.396  4845  4845 I SystemUi--Statusbar: OplusMobileIconInteractorImpl-->oplusIMSModel slot:0: CapabilityTypeModel(isVolteSwitchOn=true, isWfcEnabledByUser=true, imsRegistered=false, voiceCapable=false, videoCapable=false, registerTech=-1, isCrossSimCallingEnabledByUser=false, hasHideVolteOperator=false), SimStateModel(simInserted=[true, false], simForbidden=[false, true], simStateIMSI=[true, false], simLoaded=[true, false]),oplusNetworkTypeNr:20,isVoNrEnabled:false
07-29 13:57:55.396  4845  5221 I SystemUi--Statusbar: MobileConnectionRepositoryImpl-->subId:1 isSoftSimCard:false slotId:0
07-29 13:57:55.397  3471  5437 W BestClock: java.time.DateTimeException: Missing network time fix
07-29 13:57:55.397  4845  5944 I SystemUi--Statusbar: OplusMobileConnectionRepository1-->stopListenImsStatusChanged
07-29 13:57:55.397  4845  5944 I SystemUi--Statusbar: OplusMobileConnectionRepository1-->phoneId: 0, conflatedCallbackFlow init
07-29 13:57:55.397  4845  5944 I SystemUi--Statusbar: OplusMobileConnectionRepository1-->startListenImsStatusChanged
07-29 13:57:55.397  4845  5810 V OplusCustomizeCacheManager: queryCache name: sys.cache.common_customize_cache18014 param: null
07-29 13:57:55.397  4845  5810 V OplusCustomizeCacheManager: queryCache name: sys.cache.common_customize_cache18017 param: Bundle[{SETTING=BLOCK, BUSINESS=NCT-DATA}]
07-29 13:57:55.397  4845  5810 V OplusCustomizeCacheManager: queryCache name: sys.cache.common_customize_cache18013 param: null
07-29 13:57:55.398  5077  5077 I QImsService: OplusPhoneStateTracker : onSubscriptionsChanged Last subId: 1 Current subId 1
07-29 13:57:55.398  3471  4484 D NetworkPolicy: Normalization put networkpolicyNetworkTemplate: matchRule=CARRIER, matchSubscriberIds=[001011...], matchWifiNetworkKeys=[], metered=YES
07-29 13:57:55.398  5077  5077 I QImsService: OplusPhoneStateTracker : onSubscriptionsChanged Last subId: -1 Current subId -1
07-29 13:57:55.398  3471  4484 D NetworkPolicy: Normalization put networkpolicyNetworkTemplate: matchRule=CARRIER, matchSubscriberIds=[310260...], matchWifiNetworkKeys=[], metered=YES
07-29 13:57:55.398  3471  4484 D NetworkPolicy: Normalization put networkpolicyNetworkTemplate: matchRule=CARRIER, matchSubscriberIds=[001010...], matchWifiNetworkKeys=[], metered=YES
07-29 13:57:55.398  3471  4484 D NetworkPolicy: Normalization put networkpolicyNetworkTemplate: matchRule=CARRIER, matchSubscriberIds=[001010...], matchWifiNetworkKeys=[], metered=YES
07-29 13:57:55.398  3471  4484 D NetworkPolicy: Normalization put networkpolicyNetworkTemplate: matchRule=CARRIER, matchSubscriberIds=[001012...], matchWifiNetworkKeys=[], metered=YES
07-29 13:57:55.398  3471  4484 V NetworkPolicy: updateNetworkEnabledNL() return
07-29 13:57:55.398 13074 13074 I ttings:tzupdate: isSwordfishLaunchAppEnabled_ 1 isSwordfishInstallAppEnabled_ 1
07-29 13:57:55.398 13074 13074 E ttings:tzupdate: Unknown bits set in runtime_flags: 0x40000000
