07-28 21:42:00.005  5214  5214 W RenderManager[u0]: coverDrawable = null
07-28 21:42:00.005  5214  5214 W RenderManager[u0]: coverDrawable = null
07-28 21:42:00.005  5214  5214 W RenderManager[u0]: coverDrawable = null
07-28 21:42:00.005  5214  5214 W RenderManager[u0]: coverDrawable = null
07-28 21:42:00.007  5190  5190 D SubsysBroadcastManager: onReceive action:android.intent.action.TIME_TICK
07-28 21:42:00.007  4857  4857 I SystemUi--SystemUi--: Clock-->smallTime: 21:42
07-28 21:42:00.009  3389  3755 D OplusDisplayBrightnessBroadcastReceiver: onReceive action = android.intent.action.TIME_TICK , listeners = [com.android.server.display.ambience.events.event.TimeEvent$TimeChangeReceiver@fa14d71, com.android.server.display.marvels.module.ORBrightnessMarvelsDataCollector$ScreenStateReceiver@6606471, com.android.server.display.oplus.eyeprotect.manager.AiCurveManager$RhythmBroadcastReceiverWithUpgradeUI@3ac9756]
07-28 21:42:00.010  6517  9354 D PhoneUsageTime: lastChargeTime=1753753277705 LastChargeDurationTime=14993046
07-28 21:42:00.012  6517  9354 D PhoneScreenOnTime: lastScrOnTime=1753753277705, ScrOnDurationTime=14946889, StatsScrOnSeconds=0, newDuration=42305
07-28 21:42:00.012  5214  5214 W RenderManager[u0]: coverDrawable = null
07-28 21:42:00.013  5214  5214 W RenderManager[u0]: coverDrawable = null
07-28 21:42:00.013  5214  5214 W RenderManager[u0]: coverDrawable = null
07-28 21:42:00.013  5214  5214 W RenderManager[u0]: coverDrawable = null
07-28 21:42:00.014  4857  4857 I SystemUi--SystemUi--: Clock-->smallTime: 21:42
07-28 21:42:00.016  2211  2211 D OplusInfoMonitor: setListenerReport: reportInfo:
07-28 21:42:00.017  2211  2490 D SurfaceFlinger: captureLayers from pid 5400 uid -333
07-28 21:42:00.025  2211  2211 D OplusInfoMonitor: setListenerReport: reportInfo:
07-28 21:42:00.049  2211  2490 D SurfaceFlinger: captureLayers from pid 5400 uid -333
07-28 21:42:00.051  1933  1933 D SensorFeature: name=ssc_screenshot_info ,index = 22
07-28 21:42:00.052  1933  1933 D SensorFeature: write 29 bytes:58899607425,58907940758,159,0
07-28 21:42:00.089  1950  7270 D charge_time: type=sdp,reserve_soc=2,soc=43,ui_soc=46,current=194,avg=193,not_chg_cnt=0,stable_cnt=7,fcc=5724,fcc_ratio=94,delta=37,debug=0,region=17,ttf=27961(07:46:01),ui_ttf=21912(06:05:12)
07-28 21:42:00.103  5214  5603 D OplusScrollToTopManager: com.android.launcher/com.android.launcher.Launcher,This com.android.internal.policy.DecorView{8814520 V.E...... R....... 0,0-1080,2376 aid=0 alpha=1.0 viewInfo = }[Launcher] change focus to false
07-28 21:42:00.103  4857  5079 D OplusScrollToTopManager: NotificationShade,This com.android.systemui.shade.NotificationShadeWindowView{1bff0e V.E...... ........ 0,0-1080,2376 #7f0a06b7 app:id/legacy_window_root alpha=1.0 viewInfo = } change focus to true
07-28 21:42:00.103  4857  5079 D OplusScrollToTopManager: NotificationShade, registerGuidePopupDismissReceiverInSystemUI
07-28 21:42:00.104  4857  5079 D OplusScrollToTopManager: NotificationShade, after registerGuidePopupDismissReceiverInSystemUI
07-28 21:42:00.116  1813  4440 I sensors-hal: handle_oplus_wise_rgb_event:189, high_pwm_light:lux 275.0,cct 3634.0,brl/algo/ir 1443.0/2.0/17.2,pwm/dc 0.0/0.0,rgbc 21229.613281/13395.811523/6148.256348/39492.917969,ts 58883345255,cnt 830,flag 159
07-28 21:42:00.116  1869  4434 I Dpps    : LtmSwState::SetParameter():144 ignore cmd 7 in state LtmOffState
07-28 21:42:00.223  6495  6554 E oiface  : sched_setaffinity failed
07-28 21:42:00.225  1950  1950 D vendor.oplus.hardware.charger-V7-service: getChargerControl:
07-28 21:42:00.248  1934  1961 E PerformanceService: storage_feature: open /sys/devices/platform/soc/112b0000.ufshci//virtualtlcbuff fail
07-28 21:42:00.252  3389  3511 W BestClock: java.time.DateTimeException: Missing network time fix
07-28 21:42:00.252  3389  3511 W BestClock: java.time.DateTimeException: Missing network time fix
07-28 21:42:00.252  3389  5395 W BestClock: java.time.DateTimeException: Missing network time fix
07-28 21:42:00.325  1933  1933 D SensorFeature: name=ssc_screenshot_info ,index = 22
07-28 21:42:00.325  1933  1933 D SensorFeature: write 29 bytes:59173945550,59182278883,160,0
07-28 21:42:00.335  3389  5395 I InputDispatcher: injectInputEvent: targetUid=<not set>, syncMode=WAIT_FOR_FINISHED, timeout=30000ms, policyFlags=0x8000000, event=MotionEvent { action=DOWN, id[0]=0, x[0]=877, y[0]=1330, eventTime=59192000000, downTime=59192000000, deviceId=4, source=TOUCHSCREEN, displayId=0, eventId=0xe3b31140}
07-28 21:42:00.335  3389  4833 I [UAH_CLIENT]: UahEventAcquire, cmdid:37, pkg:none, identity:OplusUAwareInputHelper
07-28 21:42:00.335  3389  3748 D PowerManagerService: userActivityNoUpdateLocked: groupId=0, eventTime=59192, event=touch, flags=0x0, uid=1000
07-28 21:42:00.336  3389  4833 D UAH-UahAdaptHelper: adaptSetNotification identity = OplusUAwareInputHelpersrc = 1000 , type 0 ,p1 = -1 ,p2 = -1 ,p3 = -1 ,p4 =
07-28 21:42:00.336  3389  4833 I [UAH_CLIENT]: uahRuleCtl, ruleId:1000, status:0
07-28 21:42:00.336  3389  4620 D OMP_Detector: D:done mCurrStatus: 0
07-28 21:42:00.337  4857  4857 V AutofillManager: requestHideFillUi(null): anchor = null
07-28 21:42:00.337  4857  4857 V Application: getAutofillClient(): null on super, trying to find activity thread
07-28 21:42:00.337  4857  4857 V Application: getAutofillClient(): none of the 0 activities on com.android.systemui.SystemUIApplication@f276031 are top resumed nor have focus
07-28 21:42:00.337  4857  4857 V AutofillManager: No AutofillClient for com.android.systemui on context com.android.systemui.SystemUIApplication@f276031
07-28 21:42:00.337  4857  4857 I SystemUi--Common: ScrollTranslationValue-->resetPanelTranslationY
07-28 21:42:00.338  4857  4857 I SystemUi--QuickSettings: OplusPanelViewPagerController-->initExpanded downExpanded=QS downOnRight=true targetPage=QS downOnYHotArea=false  isKeyguardShowing=false isOnKeyguard=false fractionListeners.size=0 currentQsFraction=1.0 currentNotifyFraction=0.0 hasCalledDownEvent=true getScrollXHotZone=([Rect(0, 0 - 1080, 2376)], [Rect(-1, -1 - -1, -1), Rect(144, 2143 - 270, 2269), Rect(810, 2143 - 936, 2269)]) getScrollYHotZone=Rect(0, 0 - 1080, 222) notifyExpandedFraction=0.0 isLastUpToExpand=true qsPanelView.translationX=0.0
07-28 21:42:00.338  4857  4857 I SystemUi--QuickSettings: OplusQSRootViewController-->startExpandMotion event: 0, startTracking: false isClosing: false panelClosedOnDown: false
07-28 21:42:00.338  4857  4857 I SystemUi--QuickSettings: OplusQSRootViewController-->initialOffsetOnTouch: 2376.0, panelClosedOnDown: false
07-28 21:42:00.339  3389  5395 I InputDispatcher: injectInputEvent: targetUid=<not set>, syncMode=WAIT_FOR_FINISHED, timeout=30000ms, policyFlags=0x8000000, event=MotionEvent { action=UP, id[0]=0, x[0]=877, y[0]=1330, eventTime=59192000000, downTime=59192000000, deviceId=4, source=TOUCHSCREEN, displayId=0, eventId=0xed82a030}
07-28 21:42:00.339  3389  4833 D UAH-UahAdaptHelper: adaptSetNotification identity = OplusUAwareInputHelpersrc = 1000 , type 1 ,p1 = -1 ,p2 = -1 ,p3 = -1 ,p4 =
07-28 21:42:00.339  4857  4857 I SystemUi--Statusbar: OplusStatusBarWindowViewTouchExImpl-->onTouchEvent handled:false
07-28 21:42:00.339  3389  4833 I [UAH_CLIENT]: uahRuleCtl, ruleId:1000, status:1
07-28 21:42:00.339  4857  4857 I SystemUi--QuickSettings: OplusPanelViewPagerController-->reset
07-28 21:42:00.339  4857  4857 I SystemUi--QuickSettings: OplusQSRootViewController-->resetTouch
07-28 21:42:00.340  4857  4857 D OplusViewDragTouchViewHelper: dispatchTouchView action = 1
07-28 21:42:00.340  4857  4857 D ViewRootImplExtImpl: the up motion event handled by client, just return
07-28 21:42:00.340  4857  4857 I SystemUi--QuickSettings: Tile.OplusAirplaneModeTile-->clicked ------ state is :2 canTips :true
07-28 21:42:00.340  4857  5369 V OplusCustomizeCacheManager: queryCache name: sys.cache.common_customize_cache18026 param: null
07-28 21:42:00.340  4857  5369 V OplusCustomizeCacheManager: queryCache name: sys.cache.common_customize_cache18026 param: null
07-28 21:42:00.342  3389  4602 D OplusWifiSwitchStateMonitor: mWifiSettingsValue:0
07-28 21:42:00.342  3389  4602 D OplusWifiSwitchStateMonitor: notify scan state: true
07-28 21:42:00.342  3389  4601 D OplusWifiPower_ConnLpmEventObsever: AIRPLANE_MODE_ON:false
07-28 21:42:00.343  3389  4431 D BluetoothSystemServer: BluetoothRadioModeListener: Not sensitive to airplane_mode_radios change. Forced to false
07-28 21:42:00.343  1934  1961 E PerformanceService: [damon_reclaim] Failed to open wmarks_xxx, Linux version 6.6.30
07-28 21:42:00.343  3389  4253 E PerformanceManager: setDamonReclaimWmarks succeed.
07-28 21:42:00.346  5037  7394 I txpwradmin:SettingsObserver: onChange for uri = content://settings/global/airplane_mode_on
07-28 21:42:00.346  4857  4857 I SystemUi--Statusbar: OplusStatusBarSignalPolicy-->imsIcon: OplusIMSModel(shouldShowVolte=false, shouldShowVowifi=false, simInserted=true, noSim=false, shouldShowVodata=false, shouldShowVo5G=false, vowifiState=false), OplusIMSModel(shouldShowVolte=false, shouldShowVowifi=false, simInserted=false, noSim=true, shouldShowVodata=false, shouldShowVo5G=false, vowifiState=false), noSubs:false, airplaneMode:falsevisible: false ,wifiConnect:false , vowifiIcon:0 , voDataStatus:false, is5GNewCall:false
07-28 21:42:00.346  4857  4857 I SystemUi--Statusbar: OplusStatusBarSignalPolicy-->noSimIcon simState: SimStateModel(simInserted=[true, false], simForbidden=[false, true], simStateIMSI=[true, false], simLoaded=[true, false]), noSubs:false isAirplaneMode:false
07-28 21:42:00.346  7266  7289 I SettingImpl: isAirplaneModeToggleChecked switchValue: -1, airplane mode isChecked is false
07-28 21:42:00.346  4857  4857 I SystemUi--Statusbar: OplusMobileIconViewModel-->isVisible subId:1 isAirplaneMode:false isAllowedDuringAirplaneMode:false isForceHidden:false isSatelliteForbid:false
07-28 21:42:00.346  4857  4857 I SystemUi--Statusbar: OplusStatusBarMobileViewBinder-->isVisible:true
07-28 21:42:00.346  4857  4857 I SystemUi--Statusbar: OplusStatusBarMobileViewBinder-->isVisible:true
07-28 21:42:00.346  4857  4857 I SystemUi--Statusbar: OplusStatusBarMobileViewBinder-->isVisible:true
07-28 21:42:00.346  4857  4857 I SystemUi--Statusbar: OplusStatusBarMobileViewBinder-->isVisible:true
07-28 21:42:00.346  4857  4857 I SystemUi--Statusbar: OplusStatusBarMobileViewBinder-->isVisible:true
07-28 21:42:00.346  3389  4431 D BluetoothSystemServer: AirplaneModeListener: Ignore mode change to same state. previousMode=false, isOn=false, isOnOverrode=false, isMediaConnected=false
07-28 21:42:00.347  4857  5765 I SystemUi--QuickSettings: Tile.OplusAirplaneModeTile-->handleUpdateState state.state: 2 value: 0
07-28 21:42:00.347  4857  5765 V OplusCustomizeCacheManager: queryCache name: sys.cache.common_customize_cache18026 param: null
07-28 21:42:00.347  5037  7394 D txpwrJni: sendRadioStatus start
07-28 21:42:00.347  5190  5190 D SubsysBroadcastManager: onReceive action:android.intent.action.AIRPLANE_MODE
07-28 21:42:00.347  4857  5765 V OplusCustomizeCacheManager: queryCache name: sys.cache.common_customize_cache11009 param: null
07-28 21:42:00.347  5190  5190 D NetworkService[0]: onAirPlaneModeChange isAirPlaneModeOn:false
07-28 21:42:00.347  5190  5190 D NetworkService[1]: onAirPlaneModeChange isAirPlaneModeOn:false
07-28 21:42:00.347  5190  5190 D QuickChangeAirplaneModeEvent: airplane mode off
07-28 21:42:00.347  3389  3389 D OplusWifiBroadCastDispatcher: mBroadcastReceiver: onReceiver  action=android.intent.action.AIRPLANE_MODE
07-28 21:42:00.348  5005  6472 I PCDR-common_no_service[0]: forbidden
07-28 21:42:00.348  5005  6472 I PCDR-common_no_45g[0]: forbidden
07-28 21:42:00.348  5005  6472 I PCDR-common_no_service[1]: forbidden
07-28 21:42:00.348  5005  6472 I PCDR-common_no_45g[1]: forbidden
07-28 21:42:00.348  5005  5933 D NAS-CallIssueDetector: notifyApmChanged
07-28 21:42:00.348  4933  4933 W Settings: Setting airplane_mode_on has moved from android.provider.Settings.System to android.provider.Settings.Global, returning read-only value.
07-28 21:42:00.348  4933  4933 W Settings: Setting airplane_mode_on has moved from android.provider.Settings.System to android.provider.Settings.Global, returning read-only value.
07-28 21:42:00.348  4933  4933 W Settings: Setting airplane_mode_on has moved from android.provider.Settings.System to android.provider.Settings.Global, returning read-only value.
07-28 21:42:00.348  4933  4933 W Settings: Setting airplane_mode_on has moved from android.provider.Settings.System to android.provider.Settings.Global, returning read-only value.
07-28 21:42:00.348  4933  4933 W Settings: Setting airplane_mode_on has moved from android.provider.Settings.System to android.provider.Settings.Global, returning read-only value.
07-28 21:42:00.348  5005  5931 D OplusLinkBoostMeeting: onAirplaneModeChange
07-28 21:42:00.349  5190  5190 W Settings: Setting airplane_mode_on has moved from android.provider.Settings.System to android.provider.Settings.Global, returning read-only value.
07-28 21:42:00.349  5114  5114 I QImsService: OplusWifiApmStateMgr : ACTION_AIRPLANE_MODE_CHANGED,mIsAirplaneModeOn: false
07-28 21:42:00.349  5114  5114 I QImsService: OplusImsServiceSubImpl : onTurnOffImsAfterWifiChanged : false
07-28 21:42:00.349  5114  5114 I QImsService: OplusImsServiceSubImpl : onTurnOffImsAfterWifiChanged : false
07-28 21:42:00.349  4933  4933 D PhoneGlobals: ACTION_AIRPLANE_MODE_CHANGED received
07-28 21:42:00.349  4933  4933 D PhoneGlobals: Receive ACTION_AIRPLANE_MODE_CHANGED, state: false
07-28 21:42:00.349  4933  4933 I PhoneGlobals: handleAirplaneModeChange: isAirplaneNewlyOn=false
07-28 21:42:00.349  4933  4933 D PhoneGlobals: handleAirplaneModeChange: isAirplaneNewlyOn = false, cellState = 2
07-28 21:42:00.349  4933  4933 I PhoneGlobals: Turning radio on - airplane
07-28 21:42:00.349  5005  5945 D ElevatorEvent: enableElevatorDetect mIsElevSensorReg = false
07-28 21:42:00.349  5005  5945 V SystemSensorManagerExtImpl: RegisterListener elevator_detect  Wakeup type:33171036 delay:200000us by com.oplus.nas.comm.event.ElevatorEvent$a@135dd08 from com.oplus.nas
07-28 21:42:00.349  3389  5372 D SensorService: createSensorEventConnection packageName = com.oplus.nas.comm.event.ElevatorEvent, opPackageName = com.oplus.nas, mCurrentOperatingMode = 0, requestedMode = 0
07-28 21:42:00.350  5005  5926 D ResidenceLocSm: onPreHandleMessage 49
07-28 21:42:00.350  5005  5926 D ResidenceLocSm: onPostHandleMessage 49
07-28 21:42:00.350  3389  4186 W SensorService: SensorEventConnection sensor handle=1362, package = com.oplus.nas.comm.event.ElevatorEvent enable
07-28 21:42:00.351  3389  4186 E SensorService: Required app com.oplus.nas.comm.event.ElevatorEvent, uid 1000, pid 5005
07-28 21:42:00.351  5005  5933 D NAS-CallIssueDetector: EVENT_SIM_STATE_CHANGE mSimState[0] LOADED
07-28 21:42:00.351  5005  5933 D SceneEvent: registerSensorMgr start
07-28 21:42:00.351  3389  4484 D WifiController: Airplane mode disabled, determine next state
07-28 21:42:00.351  3389  4186 D SensorService: Calling batch handle==1362 flags=0rate=200000000 timeout== 0
07-28 21:42:00.351  3389  4186 D SensorService: SensorDevice::batch: ident=0xb400006ca36d3880, handle=0x00000552, flags=0, period_ns=200000000 timeout=0
07-28 21:42:00.351  3389  4186 D SensorService: 	>>> actuating h/w BATCH 0x00000552 200000000 0
07-28 21:42:00.351  3389  4484 D WifiActiveModeWarden: Starting primary ClientModeManager in scan only mode
07-28 21:42:00.351  1813  1813 I sensors-hal: batch:153, qti.sensor.elevator_detect/1362, period=200000000, max_latency=0
07-28 21:42:00.351  1813  1813 I sensors-hal: batch:175, qti.sensor.elevator_detect/1362, period=200000000, max_latency=0 request completed
07-28 21:42:00.351  3389  4186 D SensorService: Calling activate on 1362
07-28 21:42:00.351  3389  4186 D SensorService: SensorDevice::activate: ident=0xb400006ca36d3880, handle=0x00000552, enabled=1, count=1
07-28 21:42:00.351  3389  4186 D SensorService: enable index=0
07-28 21:42:00.351  3389  4186 D SensorService: info.numActiveClients() = 1, info.isActive = 0
07-28 21:42:00.351  3389  4186 D SensorService: activateHardware = 1
07-28 21:42:00.351  3389  4186 D SensorService: 	>>> actuating h/w activate handle=1362 enabled=1
07-28 21:42:00.351  1813  1813 I sensors-hal: activate:112, qti.sensor.elevator_detect/1362 en=1
07-28 21:42:00.351  1813  1813 I sensors-hal: acquire_qsh_interface:131, acquire_qsh_interface with sensor_id 28 , conn_type 2 
07-28 21:42:00.351  3389  4484 D WifiController: DisabledState.exit()
07-28 21:42:00.351  3389  4484 D WifiController: EnabledState.enter()
07-28 21:42:00.351  3389  4484 D WifiClientModeManager[59208:unknown]: entering IdleState
07-28 21:42:00.352  1788  2072 E minksocket: MinkIPC ERROR: ( 1788:2072 ) MinkIPC_preProcess:272 Client down, but cannot find corresponding minksession
07-28 21:42:00.352  1788  2081 E minksocket: MinkIPC ERROR: ( 1788:2081 ) MinkIPC_preProcess:272 Client down, but cannot find corresponding minksession
07-28 21:42:00.352  5025  5025 W Settings: Setting airplane_mode_on has moved from android.provider.Settings.System to android.provider.Settings.Global, returning read-only value.
07-28 21:42:00.353  1788  2072 E minksocket: MinkIPC ERROR: ( 1788:2072 ) MinkIPC_preProcess:272 Client down, but cannot find corresponding minksession
07-28 21:42:00.353  1788  2081 E minksocket: MinkIPC ERROR: ( 1788:2081 ) MinkIPC_preProcess:272 Client down, but cannot find corresponding minksession
07-28 21:42:00.354  1788  2072 E minksocket: MinkIPC ERROR: ( 1788:2072 ) MinkIPC_preProcess:272 Client down, but cannot find corresponding minksession
07-28 21:42:00.354  1813  1813 I sensors-hal: qsh_qmi:34, qsh_qmi
07-28 21:42:00.354  1813  1813 I sensors-hal: send_sync_sensor_request:443, send sync request
07-28 21:42:00.354  1813  1813 I sensors-hal: send_sync_sensor_request:472, wait for notification of response
07-28 21:42:00.354  4857  4857 D RowAnimatorExtImpl: init:tx,view:StatusBarIconView(slot='volume' alpha=1.0 icon=StatusBarIcon(icon=Icon(typ=RESOURCE pkg=com.android.systemui id=0x7f0818f0) visible user=0 ) visibleState=ICON iconColor=#ccffffff staticDrawableColor=#ccffffff decorColor=#ffffffff animationStartColor=#0 currentSetColor=#ccffffff notification=null),translationX:  9.0  0.0  
07-28 21:42:00.354  1788  2081 E minksocket: MinkIPC ERROR: ( 1788:2081 ) MinkIPC_preProcess:272 Client down, but cannot find corresponding minksession
07-28 21:42:00.354  4857  4857 D RowAnimatorExtImpl: init:tx,view:StatusBarIconView(slot='zen' alpha=1.0 icon=StatusBarIcon(icon=Icon(typ=RESOURCE pkg=com.android.systemui id=0x7f0818e1) visible user=0 ) visibleState=ICON iconColor=#ccffffff staticDrawableColor=#ccffffff decorColor=#ffffffff animationStartColor=#0 currentSetColor=#ccffffff notification=null),translationX:  57.0  48.0  
07-28 21:42:00.354  1788  2081 E minksocket: MinkIPC ERROR: ( 1788:2081 ) MinkIPC_preProcess:272 Client down, but cannot find corresponding minksession
07-28 21:42:00.355  1788  2072 E minksocket: MinkIPC ERROR: ( 1788:2072 ) MinkIPC_preProcess:272 Client down, but cannot find corresponding minksession
07-28 21:42:00.355  4857  4857 D RowAnimatorExtImpl: init:tx,view:StatusBarIconView(slot='volume' alpha=1.0 icon=StatusBarIcon(icon=Icon(typ=RESOURCE pkg=com.android.systemui id=0x7f0818f0) visible user=0 ) visibleState=ICON iconColor=#ccffffff staticDrawableColor=#ccffffff decorColor=#ffffffff animationStartColor=#0 currentSetColor=#ccffffff notification=null),translationX:  9.0  0.0  
07-28 21:42:00.355  4857  4857 D RowAnimatorExtImpl: init:tx,view:StatusBarIconView(slot='zen' alpha=1.0 icon=StatusBarIcon(icon=Icon(typ=RESOURCE pkg=com.android.systemui id=0x7f0818e1) visible user=0 ) visibleState=ICON iconColor=#ccffffff staticDrawableColor=#ccffffff decorColor=#ffffffff animationStartColor=#0 currentSetColor=#ccffffff notification=null),translationX:  57.0  48.0  
07-28 21:42:00.355  1816  8590 W android.hardware.wifi-service: No active wlan interfaces in use! Using default
07-28 21:42:00.355  4857  4857 D RowAnimatorExtImpl: init:tx,view:StatusBarIconView(slot='volume' alpha=1.0 icon=StatusBarIcon(icon=Icon(typ=RESOURCE pkg=com.android.systemui id=0x7f0818f0) visible user=0 ) visibleState=ICON iconColor=#ccffffff staticDrawableColor=#ccffffff decorColor=#ffffffff animationStartColor=#0 currentSetColor=#ccffffff notification=null),translationX:  9.0  0.0  
07-28 21:42:00.355  4857  4857 D RowAnimatorExtImpl: init:tx,view:StatusBarIconView(slot='zen' alpha=1.0 icon=StatusBarIcon(icon=Icon(typ=RESOURCE pkg=com.android.systemui id=0x7f0818e1) visible user=0 ) visibleState=ICON iconColor=#ccffffff staticDrawableColor=#ccffffff decorColor=#ffffffff animationStartColor=#0 currentSetColor=#ccffffff notification=null),translationX:  57.0  48.0  
07-28 21:42:00.356  1813 12976 I sensors-hal: qsh_conn_resp_cb:793, resp_value = 0 for elevator_detect 
07-28 21:42:00.356  5025  5025 I HidlServiceManagement: Trying to get transport of vendor.oplus.hardware.appradio@1.0::IOplusAppRadio/oplus_app_slot1 without hwservicemanager
07-28 21:42:00.356  1813  1813 I sensors-hal: send_sync_sensor_request:478, takes 1 ms to receive the response with 0
07-28 21:42:00.356  1813  1813 I sensors-hal: activate:131, qti.sensor.elevator_detect/1362 en=1 completed
07-28 21:42:00.356  5025  5025 E NhsAppRIL/0: in getOplusRadioProxy getService: Exception: java.util.NoSuchElementException
07-28 21:42:00.356  3389  4186 D SensorService: 0xb400006ca36d3880 addFd fd=908
07-28 21:42:00.356  5190  5190 D RadioMessenger: handleMessage Request msgid 2215
07-28 21:42:00.356  5005  5945 D ElevatorEvent: elevator:registerForElevatorDetect  , true mIsElevSensorReg = true
07-28 21:42:00.356  5005  5945 D SceneEvent: registerSensorMgr start
07-28 21:42:00.356  5005  5945 D SceneEvent: registerSensorMgr already start,return
07-28 21:42:00.356  3389  4484 D OplusWifiConcurrentManager: isConcurrentCombinationAllowed : createMode= 0, requestType =-1
07-28 21:42:00.356  5025  5025 D NhsElevatorReceiver: enableElevatorDetect mIsElevSensorReg = false
07-28 21:42:00.357  5025  5025 V SystemSensorManagerExtImpl: RegisterListener elevator_detect  Wakeup type:33171036 delay:200000us by t0.g$b@e385333 from com.oplus.nhs
07-28 21:42:00.357  5190  5190 D RadioProxyJ: [PHONE0][94]> getNecData moduleId:1 evtId:[0, 16, 0, 0, 0, 0, 0, 0, 0, 0, 0, 0, 0, 0, 0, 0, 0, 0, 0, 0, 0, 0, 0, 0, 0, 0, 0, 0, 0, 0, 0, 0]
07-28 21:42:00.357  3389  5372 D SensorService: createSensorEventConnection packageName = t0.g, opPackageName = com.oplus.nhs, mCurrentOperatingMode = 0, requestedMode = 0
07-28 21:42:00.357  4857  5765 I SystemUi--QuickSettings: Tile.OplusAirplaneModeTile-->handleUpdateState state.state: 1 value: 0
07-28 21:42:00.357  4857  5765 V OplusCustomizeCacheManager: queryCache name: sys.cache.common_customize_cache18026 param: null
07-28 21:42:00.357  3389  5255 W SensorService: SensorEventConnection sensor handle=1362, package = t0.g enable
07-28 21:42:00.357  3389  5255 E SensorService: Required app t0.g, uid 1001, pid 5025
07-28 21:42:00.358  3389  5255 D SensorService: Calling batch handle==1362 flags=0rate=200000000 timeout== 0
07-28 21:42:00.358  3389  5255 D SensorService: SensorDevice::batch: ident=0xb400006dad13e200, handle=0x00000552, flags=0, period_ns=200000000 timeout=0
07-28 21:42:00.358  3389  5255 D SensorService: Calling activate on 1362
07-28 21:42:00.358  3389  5255 D SensorService: SensorDevice::activate: ident=0xb400006dad13e200, handle=0x00000552, enabled=1, count=2
07-28 21:42:00.358  3389  5255 D SensorService: enable index=1
07-28 21:42:00.358  3389  5255 D SensorService: info.numActiveClients() = 2, info.isActive = 1
07-28 21:42:00.358  3389  5255 D SensorService: activateHardware = 0
07-28 21:42:00.358  3389  5255 D SensorService: 0xb400006dad13e200 addFd fd=918
07-28 21:42:00.358  5025  5025 D NhsElevatorReceiver: elevator:registerForElevatorDetect  , true mIsElevSensorReg = true
07-28 21:42:00.358  3389  4484 I HalDevMgr: currentModeId=3, requestModeId=3, currentModeIdValid=true
07-28 21:42:00.358  5025  5025 D NhsSceneReceiver: registerSensorMgr start
07-28 21:42:00.358  1816  1816 D WifiHAL : wifi_set_interface_mode: ifname=wlan0 iface_type=0
07-28 21:42:00.358  5025  5025 V SystemSensorManagerExtImpl: RegisterListener oplus_activity_recognition  Wakeup type:33171037 delay:200000us by t0.k$a@3c726f0 from com.oplus.nhs
07-28 21:42:00.358  3389  4186 D SensorService: createSensorEventConnection packageName = t0.k, opPackageName = com.oplus.nhs, mCurrentOperatingMode = 0, requestedMode = 0
07-28 21:42:00.358  1816  1816 I android.hardware.wifi-service: Adding interface handle for wifi-aware0
07-28 21:42:00.358  1816  1816 I android.hardware.wifi-service: Adding interface handle for wlan0
07-28 21:42:00.358  1816  1816 I android.hardware.wifi-service: Adding interface handle for p2p0
07-28 21:42:00.358  3389  5372 W SensorService: SensorEventConnection sensor handle=1372, package = t0.k enable
07-28 21:42:00.358  3389  5372 E SensorService: Required app t0.k, uid 1001, pid 5025
07-28 21:42:00.358  3389  5372 D SensorService: enable sensor send lastEvent 1372
07-28 21:42:00.359  3389  5372 D SensorService: Calling batch handle==1372 flags=0rate=200000000 timeout== 0
07-28 21:42:00.359  3389  5372 D SensorService: SensorDevice::batch: ident=0xb400006ca36d5100, handle=0x0000055c, flags=0, period_ns=200000000 timeout=0
07-28 21:42:00.359  3389  5372 D SensorService: Calling activate on 1372
07-28 21:42:00.359  3438  3465 D QmiVsClient: getNecData - enter
07-28 21:42:00.359  3389  5372 D SensorService: SensorDevice::activate: ident=0xb400006ca36d5100, handle=0x0000055c, enabled=1, count=4
07-28 21:42:00.359  3389  5372 D SensorService: enable index=0
07-28 21:42:00.359  3389  5372 D SensorService: info.numActiveClients() = 4, info.isActive = 1
07-28 21:42:00.359  3389  5372 D SensorService: activateHardware = 0
07-28 21:42:00.359  3438  3465 E QmiVsClient: sendAsyncRequest QMI_VS_GET_NEC_DATA_REQ_MSG_V01 ret 0
07-28 21:42:00.359  3389  5372 D SensorService: 0xb400006ca36d5100 addFd fd=921
07-28 21:42:00.360  5025  5025 D NhsSceneReceiver: sensor name is oplus_activity_recognition  Wakeup, registerState:true
07-28 21:42:00.360  5025  5025 D NhsSceneReceiver: onAccuracyChanged
07-28 21:42:00.360  3438  3876 D QmiVsClient: getNecData callback - enter
07-28 21:42:00.360  5025  5025 E NhsAppRILMsger: EVENT_REQ_EVENT_DONE Error received :com.android.internal.telephony.CommandException: RADIO_NOT_AVAILABLE
07-28 21:42:00.360  3438  3465 D VsProxy : handleMessage msg is 4001
07-28 21:42:00.360  3438  3465 D RadioProxy: getNecData : response cb for instance 0
07-28 21:42:00.360  3389  4484 D HalDevMgr: updateRttController: no one is interested in RTT controllers
07-28 21:42:00.361  3389  4484 E HalDevMgr: removeP2pAndSapCombination do nothing: mIsAddedP2pAndSapCombination = false
07-28 21:42:00.361  5190  5238 D RadioProxyJ: [PHONE0][94]< getNecDataResponse ******
07-28 21:42:00.361  5190  5190 D MessengerResponseHandler: handleMessage Response msgid 206
07-28 21:42:00.361  1816  1816 W android.hardware.wifi-service: AIBinder_linkToDeath is being called with a non-null cookie and no onUnlink callback set. This might not be intended. AIBinder_DeathRecipient_setOnUnlinked should be called first.
07-28 21:42:00.361  1816  1816 I android.hardware.wifi-service: twtRegisterEvents is not supported-3
07-28 21:42:00.361  1816  1816 W android.hardware.wifi-service: AIBinder_linkToDeath is being called with a non-null cookie and no onUnlink callback set. This might not be intended. AIBinder_DeathRecipient_setOnUnlinked should be called first.
07-28 21:42:00.361  4857  5173 I SystemUi--QuickSettings: Tile.OplusCellularTile-->updateCarrierText: dialog not showing, ignore
07-28 21:42:00.361  1816  8590 D WifiHAL : wifi_get_chip_capabilities: max mlo assoc link cnt: 2 str link cnt 2
07-28 21:42:00.362  3389  4484 D WifiNl80211Manager: Setting up interface for client mode: wlan0
07-28 21:42:00.362  4857  5173 D SimStateHelper: slot:0, lock state:Bundle[mParcelledData.dataSize=56]
07-28 21:42:00.362  2710  2710 I wificond: Current driver country code US
07-28 21:42:00.362  4857  5173 D SimStateHelper: slot:1, lock state:Bundle[mParcelledData.dataSize=56]
07-28 21:42:00.362  2710  2710 I wificond: createClientInterface: wiphy_index 0 iface_name wlan0
07-28 21:42:00.362  4857  5173 D SimStateHelper: needDisableMenu: slot1State=-1; slot2State=-1
07-28 21:42:00.362  3389  3511 D WifiNl80211Manager: OnRegDomainChanged US
07-28 21:42:00.362  4857  5173 D SimStateHelper: needDisableMenu:false
07-28 21:42:00.362  3389  3511 D WifiNative: onCountryCodeChanged: US
07-28 21:42:00.362  3389  3511 I WifiCountryCode: Receive onDriverCountryCodeChanged US
07-28 21:42:00.362  3389  3511 D WifiScanRequestProxy: Sending scan available broadcast: true
07-28 21:42:00.362  2710  2710 I wificond: create scanner for interface with index: 27
07-28 21:42:00.362  2710  2710 I wificond: subscribe scan result for interface with index: 27
07-28 21:42:00.362  3389  3511 I WifiScanRequestProxy: Scanning is enabled
07-28 21:42:00.362  3389  3511 I WifiScanRequestProxy: Scanning for hidden networks is disabled
07-28 21:42:00.363  3389  4489 I WifiScanningService: Received a request to enable scanning, UID = 1000
07-28 21:42:00.363  3389  3389 D OplusWifiBroadCastDispatcher: mBroadcastReceiver: onReceiver  action=android.net.wifi.action.WIFI_SCAN_AVAILABILITY_CHANGED
07-28 21:42:00.363  3389  4603 D OplusWifiPower_ConnLpmEventObsever: onReceive EXTRA_SCAN_AVAILABLE availabe = true
07-28 21:42:00.363  3389  4603 D OplusWifiPowerService: onReceive action:android.net.wifi.action.WIFI_SCAN_AVAILABILITY_CHANGED
07-28 21:42:00.363  2710  2710 I wificond: add channel type 0 support at wiphy index: 0
07-28 21:42:00.363  2710  2710 I wificond: add channel type 1 support at wiphy index: 0
07-28 21:42:00.363  3389  4603 D OplusWifiSwitchStateMonitor: scan settings change to true
07-28 21:42:00.363  7113  7113 I OsAgent : onReceive: android.net.wifi.action.WIFI_SCAN_AVAILABILITY_CHANGED
07-28 21:42:00.363  7113  7455 I OsAgent : updateWiFiScanAvailState, scanAvailable: true
07-28 21:42:00.364  7113  7455 D OsAgentAidlClient: [bool_dataitem_update][1570] [HC] =>> [HS]
07-28 21:42:00.364  5025  5432 D NhsSceneReceiver: onSensorChanged: name = oplus_activity_recognition  Wakeup
07-28 21:42:00.364  5025  5432 D NhsSceneReceiver: enter still_state
07-28 21:42:00.364  1801  1839 I LocSvc_SystemStatusOsObserver: sendCachedDataItems:471] DataItem: IS_WIFI_HARDWARE_ON: true >> Wiper
07-28 21:42:00.364  3389  4484 I WifiNative: Interface state changed on Iface:{Name=wlan0,Id=1,Type=STA_SCAN}, isUp=true
07-28 21:42:00.365  1816  8590 I WifiHAL : mpdu_size_threshold : 128, aggressive_statistics_gathering : 0
07-28 21:42:00.365  3389  4484 I WifiNative: Successfully setup Iface:{Name=wlan0,Id=1,Type=STA_SCAN}
07-28 21:42:00.365  3389  4484 E SupplicantStaIfaceHalAidlImpl: Can't call getKeyMgmtCapabilities, ISupplicantStaIface is null for iface=wlan0
07-28 21:42:00.365  1801  1866 I LocSvc_api_v02: ---> locClientSendReq line 2409 QMI_LOC_NOTIFY_WIFI_ENABLED_STATUS_REQ_V02
07-28 21:42:00.366  3389  3511 W BestClock: java.time.DateTimeException: Missing network time fix
07-28 21:42:00.366  1816  1816 I WifiHAL : wifi_get_supported_radio_combinations_matrix: enter
07-28 21:42:00.366  1691  1741 E TetherController: property_get sys.radio.data.modem_share_flag return 0, 1!
07-28 21:42:00.366  1816  1816 I WifiHAL : wifi_parse_radio_combinations_matrix: radio_combinations[1]: num_radio_configurations 1
07-28 21:42:00.366  1816  1816 I WifiHAL : wifi_parse_radio_combinations_matrix: radio_combinations[2]: num_radio_configurations 1
07-28 21:42:00.366  1816  1816 I WifiHAL : wifi_parse_radio_combinations_matrix: radio_combinations[3]: num_radio_configurations 1
07-28 21:42:00.366  1816  1816 I WifiHAL : wifi_parse_radio_combinations_matrix: radio_combinations[4]: num_radio_configurations 2
07-28 21:42:00.366  1816  1816 I WifiHAL : wifi_parse_radio_combinations_matrix: radio_combinations[5]: num_radio_configurations 2
07-28 21:42:00.366  1816  1816 I WifiHAL : wifi_parse_radio_combinations_matrix: radio_combinations[6]: num_radio_configurations 2
07-28 21:42:00.366  1816  1816 I WifiHAL : wifi_parse_radio_combinations_matrix: num_radio_combinations 6, radio_matrix_size 100
07-28 21:42:00.366  3389  4484 E SupplicantStaIfaceHalAidlImpl: Can't call getWpaDriverCapabilities, ISupplicantStaIface is null for iface=wlan0
07-28 21:42:00.366  3389  4484 E WifiStaIfaceAidlImpl: getTwtCapabilities failed with service-specific exception: android.os.ServiceSpecificException:  (code 4)
07-28 21:42:00.367  3389  4484 E WifiChipAidlImpl: enableStaChannelForPeerNetwork failed with service-specific exception: android.os.ServiceSpecificException:  (code 4)
07-28 21:42:00.367  3389  4484 D WifiNative: setWifiNativeInterfaceEventCallback
07-28 21:42:00.367  3389  4484 D WifiClientModeManager[59208:wlan0]: entering StartedState
07-28 21:42:00.367  3389  4484 D WifiClientModeManager[59208:wlan0]: entering ScanOnlyModeState
07-28 21:42:00.367  3389  4484 D WifiScanRequestProxy: Sending scan available broadcast: true
07-28 21:42:00.367  3389  4484 I WifiScanRequestProxy: Scanning is enabled
07-28 21:42:00.367  3389  4484 I WifiScanRequestProxy: Scanning for hidden networks is disabled
07-28 21:42:00.367  1816  8590 D WifiHAL : wifi_multi_sta_set_use_case: 0
07-28 21:42:00.367  3389  3389 D OplusWifiBroadCastDispatcher: mBroadcastReceiver: onReceiver  action=android.net.wifi.action.WIFI_SCAN_AVAILABILITY_CHANGED
07-28 21:42:00.367  3389  3511 W BestClock: java.time.DateTimeException: Missing network time fix
07-28 21:42:00.367  3389  4603 D OplusWifiPower_ConnLpmEventObsever: onReceive EXTRA_SCAN_AVAILABLE availabe = true
07-28 21:42:00.368  3389  4484 D WifiCountryCode: evaluateAllCmmStateAndApplyIfAllReady: {ConcreteClientModeManager{id=59208 iface=wlan0 role=ROLE_CLIENT_SCAN_ONLY}=true}
07-28 21:42:00.368  3389  4603 D OplusWifiPowerService: onReceive action:android.net.wifi.action.WIFI_SCAN_AVAILABILITY_CHANGED
07-28 21:42:00.368  3389  4603 D OplusWifiSwitchStateMonitor: scan settings change to true
07-28 21:42:00.368  3389  4484 D WifiCountryCode: Reading country code from telephony
07-28 21:42:00.368  7113  7113 I OsAgent : onReceive: android.net.wifi.action.WIFI_SCAN_AVAILABILITY_CHANGED
07-28 21:42:00.368  3389  4484 D WifiCountryCode: Set telephony country code to: 
07-28 21:42:00.368  3389  4484 D WifiCountryCode: updateCountryCode to US
07-28 21:42:00.368  3389  4484 D WifiCountryCode: setCountryCodeNative: US, isClientModeOnly: true mDriverCountryCode: US
07-28 21:42:00.368  7113  7455 I OsAgent : updateWiFiScanAvailState, scanAvailable: true
07-28 21:42:00.368  1816  8590 E WifiHAL : wifi_get_gscan_capabilities: GSCAN is not supported by driver
07-28 21:42:00.368  3389  4489 E WifiStaIfaceAidlImpl: getBackgroundScanCapabilities failed with service-specific exception: android.os.ServiceSpecificException:  (code 4)
07-28 21:42:00.369  3389  5255 W BestClock: java.time.DateTimeException: Missing network time fix
07-28 21:42:00.369  5005  5931 W BestClock: java.time.DateTimeException: Missing network time fix
07-28 21:42:00.370  3389  4489 I WifiScanningService: Created a new impl for wlan0
07-28 21:42:00.370  3389  4489 I WifiScanningService: Received a request to enable scanning, UID = 1000
07-28 21:42:00.370  3389  4489 I WifiScanningService: scanner impls already exists
07-28 21:42:00.370  3389  4489 I WifiScanningService: wifi driver loaded with scan capabilities: max buckets=16
07-28 21:42:00.370  3389  4489 E WifiScanningService: wifi driver loaded received while already loaded
07-28 21:42:00.370  5005  5931 V MonthTrafficAlert: getWarningNotification subId:1 numWarningNotificaion:0
07-28 21:42:00.370  3389  5255 W BestClock: java.time.DateTimeException: Missing network time fix
07-28 21:42:00.371  4857  5765 V OplusCustomizeCacheManager: queryCache name: sys.cache.common_customize_cache18014 param: null
07-28 21:42:00.371  4857  5765 V OplusCustomizeCacheManager: queryCache name: sys.cache.common_customize_cache18017 param: Bundle[{SETTING=BLOCK, BUSINESS=NCT-DATA}]
07-28 21:42:00.371  4857  5765 V OplusCustomizeCacheManager: queryCache name: sys.cache.common_customize_cache18013 param: null
07-28 21:42:00.372  1801  3943 I LocSvc_ApiV02: <--- globalRespCb line 282 QMI_LOC_NOTIFY_WIFI_ENABLED_STATUS_REQ_V02
07-28 21:42:00.372  3389  3511 W BestClock: java.time.DateTimeException: Missing network time fix
07-28 21:42:00.373  3389  3511 W BestClock: java.time.DateTimeException: Missing network time fix
07-28 21:42:00.373  4857  5765 V OplusCustomizeCacheManager: queryCache name: sys.cache.common_customize_cache18014 param: null
07-28 21:42:00.373  4857  5765 V OplusCustomizeCacheManager: queryCache name: sys.cache.common_customize_cache18017 param: Bundle[{SETTING=BLOCK, BUSINESS=NCT-DATA}]
07-28 21:42:00.373  4857  5765 V OplusCustomizeCacheManager: queryCache name: sys.cache.common_customize_cache18013 param: null
07-28 21:42:00.374  3389  3511 W BestClock: java.time.DateTimeException: Missing network time fix
07-28 21:42:00.374  3389  3511 W BestClock: java.time.DateTimeException: Missing network time fix
07-28 21:42:00.374  4857  5765 V OplusCustomizeCacheManager: queryCache name: sys.cache.common_customize_cache18014 param: null
07-28 21:42:00.374  4857  5765 V OplusCustomizeCacheManager: queryCache name: sys.cache.common_customize_cache18017 param: Bundle[{SETTING=BLOCK, BUSINESS=NCT-DATA}]
07-28 21:42:00.374  4857  5765 V OplusCustomizeCacheManager: queryCache name: sys.cache.common_customize_cache18013 param: null
07-28 21:42:00.378  4994  7415 D QtiOemHookAidl: oemHookRawIndication length=21
07-28 21:42:00.378  1813  6381 I sensors-hal: qsh_conn_event_cb:756, event[0] msg_id=1025, ts=1219319693, sensor_type = oplus_activity_recognition  Wakeup
07-28 21:42:00.378  1813  6381 E sensors-hal: handle_sns_std_sensor_event:72, oplus_activity_recognition output: count: 1.000000, index: 1.000000, incar_state: 0.000000, actvity_mode: 3.000000, delta_time: 0.000000 !
07-28 21:42:00.378  4994  4994 D QcrilMsgTunnelIfaceManager: handleMessage what = 0
07-28 21:42:00.379  5025  5432 D NhsSceneReceiver: onSensorChanged: name = oplus_activity_recognition  Wakeup
07-28 21:42:00.379  5005  5553 D SceneEvent: onSensorChanged: name = oplus_activity_recognition  Wakeup
07-28 21:42:00.379  4933  4933 D QC_RIL_OEM_HOOK: Received Broadcast Intent ACTION_UNSOL_RESPONSE_OEM_HOOK_RAW
07-28 21:42:00.379  4933  4933 D QC_RIL_OEM_HOOK: Received Broadcast Intent ACTION_UNSOL_RESPONSE_OEM_HOOK_RAW
07-28 21:42:00.380  4933  4933 D QC_RIL_OEM_HOOK: Received Broadcast Intent ACTION_UNSOL_RESPONSE_OEM_HOOK_RAW
07-28 21:42:00.380  4994  4994 D QC_RIL_OEM_HOOK: Received Broadcast Intent ACTION_UNSOL_RESPONSE_OEM_HOOK_RAW
07-28 21:42:00.381  1869  4434 I Dpps    : LtmSwState::SetParameter():144 ignore cmd 7 in state LtmOffState
07-28 21:42:00.383  2710  2710 I wificond: Regulatory domain changed to country: US on wiphy_index: 0
07-28 21:42:00.383  2710  2710 I wificond: UpdateBandInfo
07-28 21:42:00.383  6326  6326 I wpa_supplicant: p2p0: CTRL-EVENT-REGDOM-CHANGE init=DRIVER type=COUNTRY alpha2=US
07-28 21:42:00.384  3389  5255 D WifiNl80211Manager: OnRegDomainChanged US
07-28 21:42:00.384  3389  5255 D WifiNative: onCountryCodeChanged: US
07-28 21:42:00.384  3389  5255 I WifiCountryCode: Receive onDriverCountryCodeChanged US
07-28 21:42:00.384  3389  5255 D WifiScanRequestProxy: Sending scan available broadcast: true
07-28 21:42:00.384  3389  5255 I WifiScanRequestProxy: Scanning is enabled
07-28 21:42:00.384  3389  5255 I WifiScanRequestProxy: Scanning for hidden networks is disabled
07-28 21:42:00.385  3389  4489 I WifiScanningService: Received a request to enable scanning, UID = 1000
07-28 21:42:00.385  5154  6183 D IWlanJni: getDataRegistrationState start
07-28 21:42:00.386  3389  4489 I WifiScanningService: scanner impls already exists
07-28 21:42:00.386  3389  4489 E WifiScanningService: wifi driver loaded received while already loaded
07-28 21:42:00.387  3389  3389 D OplusWifiBroadCastDispatcher: mBroadcastReceiver: onReceiver  action=android.net.wifi.action.WIFI_SCAN_AVAILABILITY_CHANGED
07-28 21:42:00.387  3389  4603 D OplusWifiPower_ConnLpmEventObsever: onReceive EXTRA_SCAN_AVAILABLE availabe = true
07-28 21:42:00.387  3389  4603 D OplusWifiPowerService: onReceive action:android.net.wifi.action.WIFI_SCAN_AVAILABILITY_CHANGED
07-28 21:42:00.387  3389  4603 D OplusWifiSwitchStateMonitor: scan settings change to true
07-28 21:42:00.387  7113  7113 I OsAgent : onReceive: android.net.wifi.action.WIFI_SCAN_AVAILABILITY_CHANGED
07-28 21:42:00.387  7113  7455 I OsAgent : updateWiFiScanAvailState, scanAvailable: true
07-28 21:42:00.387  5154  6183 D IWlanJni: getDataRegistrationState start
07-28 21:42:00.387  2710  2710 I wificond: 2.4Ghz frequencies: 2412 2417 2422 2427 2432 2437 2442 2447 2452 2457 2462
07-28 21:42:00.387  2710  2710 I wificond: 5Ghz non-DFS frequencies: 5180 5200 5220 5240 5745 5765 5785 5805 5825
07-28 21:42:00.387  2710  2710 I wificond: 5Ghz DFS frequencies: 5260 5280 5300 5320 5500 5520 5540 5560 5580 5600 5620 5640 5660 5680 5700
07-28 21:42:00.387  2710  2710 I wificond: 6Ghz frequencies:
07-28 21:42:00.387  2710  2710 I wificond: 60Ghz frequencies:
07-28 21:42:00.387  5154  6198 D IWlanJni: new aidl event arrived
07-28 21:42:00.387  5154  6198 D IWlanJni: handleEvent 10
07-28 21:42:00.387  5154  6198 D IWlanJni: isThreadAttached start
07-28 21:42:00.387  5154  6198 D IWlanJni: jni detached
07-28 21:42:00.387  5154  6198 D IWlanJni: jni attached
07-28 21:42:00.387  5154  6198 D IWlanJni: getDataRegistrationStateResponse start
07-28 21:42:00.387  5154  6198 D IWlanJni: getJavaCallbackClass start
07-28 21:42:00.387  5154  6198 D IWlanJni: getJavaCallbackClass End midIs[1]
07-28 21:42:00.387  5154  6198 I IWlanAidlClient: getDataRegistrationStateResponse called
07-28 21:42:00.388  5154  6197 W IWlanNetworkService: 7 > Response Processed
07-28 21:42:00.388  4933  4933 D OplusTelephonyController: onSignalStrengthChanged: SignalStrength=SignalStrength:{mCdma=CellSignalStrengthCdma: cdmaDbm=2147483647 cdmaEcio=2147483647 evdoDbm=2147483647 evdoEcio=2147483647 evdoSnr=2147483647 level=0,mGsm=CellSignalStrengthGsm: rssi=2147483647 ber=2147483647 mTa=2147483647 mLevel=0,mWcdma=CellSignalStrengthWcdma: ss=2147483647 ber=2147483647 rscp=2147483647 ecno=2147483647 level=0,mTdscdma=CellSignalStrengthTdscdma: rssi=2147483647 ber=2147483647 rscp=2147483647 level=0,mLte=CellSignalStrengthLte: rssi=2147483647 rsrp=2147483647 rsrq=2147483647 rssnr=2147483647 cqiTableIndex=2147483647 cqi=2147483647 ta=2147483647 level=0 parametersUseForLevel=0,mNr=CellSignalStrengthNr:{ csiRsrp = 2147483647 csiRsrq = 2147483647 csiCqiTableIndex = 2147483647 csiCqiReport = [] ssRsrp = 2147483647 ssRsrq = 2147483647 ssSinr = 2147483647 level = 0 parametersUseForLevel = 0 timingAdvance = 2147483647 },primary=CellSignalStrengthLte}
07-28 21:42:00.388  5154  6201 D IWlanJni: new aidl event arrived
07-28 21:42:00.388  5154  6201 D IWlanJni: handleEvent 10
07-28 21:42:00.388  5154  6201 D IWlanJni: isThreadAttached start
07-28 21:42:00.388  5154  6201 D IWlanJni: jni detached
07-28 21:42:00.388  5190  5190 D SubsysEventListenerManager-SubsysTelephonyCallback[0]: onSignalStrengthsChanged
07-28 21:42:00.389  1801  3675 E LOCRIL_SESSION: operator():200] SubId: 1 Failed to get sim IO with error: 11
07-28 21:42:00.389  5154  6201 D IWlanJni: jni attached
07-28 21:42:00.389  5154  6201 D IWlanJni: getDataRegistrationStateResponse start
07-28 21:42:00.389  5154  6201 D IWlanJni: getJavaCallbackClass start
07-28 21:42:00.389  5154  6201 D IWlanJni: getJavaCallbackClass End midIs[1]
07-28 21:42:00.389  5154  6201 I IWlanAidlClient: getDataRegistrationStateResponse called
07-28 21:42:00.389  5154  6200 W IWlanNetworkService: 6 > Response Processed
07-28 21:42:00.389  3389  3511 I OplusBinderProxy: pb uid: 10215 pid: 10534 desc: com.android.internal.telephony.IPhoneStateListener/10
07-28 21:42:00.390  1801  3675 E LOCRIL_SESSION: operator():241] SubId: 1 Failed to get sim IMSI with error: 11
07-28 21:42:00.390  5190  6446 D VendorTelephonyService: onTelephonyEventReport slotId =0 eventId=6030
07-28 21:42:00.390  5190  6446 D VendorTelephonyService: onTelephonyEventReport slotId =0 eventId=6030
07-28 21:42:00.390  5005  5066 D SaDataService: onTelephonyEventReport , subId= 0,slotId=-1 eventId=6030
07-28 21:42:00.390  5190  5190 D VendorCallService: notityEventUpdate, eventId:6030, slotId = 0
07-28 21:42:00.391  5154  6183 D IWlanJni: getDataRegistrationState start
07-28 21:42:00.392  1801  3675 E LOCRIL_SESSION: operator():200] SubId: 1 Failed to get sim IO with error: 11
07-28 21:42:00.392  5154  6183 D IWlanJni: getDataRegistrationState start
07-28 21:42:00.392  5154  6201 D IWlanJni: new aidl event arrived
07-28 21:42:00.392  5154  6201 D IWlanJni: handleEvent 10
07-28 21:42:00.392  5154  6201 D IWlanJni: isThreadAttached start
07-28 21:42:00.392  5154  6201 D IWlanJni: jni detached
07-28 21:42:00.392  5154  6201 D IWlanJni: jni attached
07-28 21:42:00.392  5154  6201 D IWlanJni: getDataRegistrationStateResponse start
07-28 21:42:00.392  5154  6201 D IWlanJni: getJavaCallbackClass start
07-28 21:42:00.392  5154  6201 D IWlanJni: getJavaCallbackClass End midIs[1]
07-28 21:42:00.392  5154  6201 I IWlanAidlClient: getDataRegistrationStateResponse called
07-28 21:42:00.392  5154  6198 D IWlanJni: new aidl event arrived
07-28 21:42:00.392  5154  6198 D IWlanJni: handleEvent 10
07-28 21:42:00.392  5154  6198 D IWlanJni: isThreadAttached start
07-28 21:42:00.392  5154  6198 D IWlanJni: jni detached
07-28 21:42:00.392  5154  6198 D IWlanJni: jni attached
07-28 21:42:00.392  5154  6198 D IWlanJni: getDataRegistrationStateResponse start
07-28 21:42:00.392  5154  6198 D IWlanJni: getJavaCallbackClass start
07-28 21:42:00.392  5154  6198 D IWlanJni: getJavaCallbackClass End midIs[1]
07-28 21:42:00.392  5154  6198 I IWlanAidlClient: getDataRegistrationStateResponse called
07-28 21:42:00.392  5154  6197 W IWlanNetworkService: 9 > Response Processed
07-28 21:42:00.393  5154  6200 W IWlanNetworkService: 8 > Response Processed
07-28 21:42:00.393  5005  5066 D TelephonyImpl: notify eventId:6030 for list size:2
07-28 21:42:00.394  1801  3675 E LOCRIL_SESSION: operator():241] SubId: 1 Failed to get sim IMSI with error: 11
07-28 21:42:00.394  1801  3673 W LOCRIL_SESSION: operator():307] cellInfo list size is 0, Voice state: 3, data state: 3
07-28 21:42:00.396  5005  5066 D SaDataService: onTelephonyEventReport , subId= 0,slotId=-1 eventId=6030
07-28 21:42:00.396  3389  3511 W BestClock: java.time.DateTimeException: Missing network time fix
07-28 21:42:00.396  5005  5066 D TelephonyImpl: notify eventId:6030 for list size:2
07-28 21:42:00.396  5190  6446 D VendorTelephonyService: onTelephonyEventReport slotId =0 eventId=6030
07-28 21:42:00.396  5190  6446 D VendorTelephonyService: onTelephonyEventReport slotId =0 eventId=6030
07-28 21:42:00.396  5190  5190 D VendorCallService: notityEventUpdate, eventId:6030, slotId = 0
07-28 21:42:00.396  4994  7415 D QtiOemHookAidl: oemHookRawIndication length=24
07-28 21:42:00.396  4994  7460 D QtiOemHookAidl: oemHookRawIndication length=24
07-28 21:42:00.396  4994  4994 D QcrilMsgTunnelIfaceManager: handleMessage what = 0
07-28 21:42:00.397  3389  5395 W BestClock: java.time.DateTimeException: Missing network time fix
07-28 21:42:00.397  4994  4994 D QcrilMsgTunnelIfaceManager: handleMessage what = 0
07-28 21:42:00.398  4857  5765 V OplusCustomizeCacheManager: queryCache name: sys.cache.common_customize_cache18014 param: null
07-28 21:42:00.398  4857  5765 V OplusCustomizeCacheManager: queryCache name: sys.cache.common_customize_cache18017 param: Bundle[{SETTING=BLOCK, BUSINESS=NCT-DATA}]
07-28 21:42:00.398  4857  5765 V OplusCustomizeCacheManager: queryCache name: sys.cache.common_customize_cache18013 param: null
07-28 21:42:00.399  5114  5862 I QImsService: ImsRadioIndicationAidl : onRadioStateChanged()[SUB0]
07-28 21:42:00.399  5114  5862 I QImsService: ImsSenderRxr : [UNSL]< UNSOL_RADIO_STATE_CHANGED RADIO_ON[SUB0]
07-28 21:42:00.399  5114  5273 I QImsService: ImsRadioIndicationAidl : onRadioStateChanged()[SUB1]
07-28 21:42:00.399  5114  5273 I QImsService: ImsSenderRxr : [UNSL]< UNSOL_RADIO_STATE_CHANGED RADIO_ON[SUB1]
07-28 21:42:00.400  1801  3675 E LOCRIL_SESSION: operator():200] SubId: 1 Failed to get sim IO with error: 11
07-28 21:42:00.401  1936  1936 E PowerMonitorService: Failed to open /proc/horae_qmi (2): No such file or directory
07-28 21:42:00.401  1801  3675 E LOCRIL_SESSION: operator():241] SubId: 1 Failed to get sim IMSI with error: 11
07-28 21:42:00.401  5005  5066 D SaDataService: onTelephonyEventReport , subId= 0,slotId=-1 eventId=6030
07-28 21:42:00.401  5005  5066 D TelephonyImpl: notify eventId:6030 for list size:2
07-28 21:42:00.402  4994  4994 D QC_RIL_OEM_HOOK: Received Broadcast Intent ACTION_UNSOL_RESPONSE_OEM_HOOK_RAW
07-28 21:42:00.402  4994  4994 D QC_RIL_OEM_HOOK: Received Broadcast Intent ACTION_UNSOL_RESPONSE_OEM_HOOK_RAW
07-28 21:42:00.402  5190  6446 D VendorTelephonyService: onTelephonyEventReport slotId =0 eventId=6030
07-28 21:42:00.402  5190  6446 D VendorTelephonyService: onTelephonyEventReport slotId =0 eventId=6030
07-28 21:42:00.402  5190  5190 D VendorCallService: notityEventUpdate, eventId:6030, slotId = 0
