07-29 15:46:40.705  5041  6192 D IWlanJni: isThreadAttached start
07-29 15:46:40.705  5041  6192 D IWlanJni: jni detached
07-29 15:46:40.705  5041  6192 D IWlanJni: jni attached
07-29 15:46:40.705  5041  6192 D IWlanJni: getDataRegistrationStateResponse start
07-29 15:46:40.705  5041  6192 D IWlanJni: getJavaCallbackClass start
07-29 15:46:40.705  5041  6192 D IWlanJni: getJavaCallbackClass End midIs[1]
07-29 15:46:40.705  5041  6192 I IWlanAidlClient: getDataRegistrationStateResponse called
07-29 15:46:40.706  5041  6191 W IWlanNetworkService: 12 > Response Processed
07-29 15:46:40.706  3356  4469 D CmccSliceManagerService: ACTION_DDS_SWITCH_DONE
07-29 15:46:40.706  3356  4469 D CmccSliceManagerService: cleanUpAndRestartSlice
07-29 15:46:40.707  3356  4469 D CmccSliceManagerService: cleanUpSlice
07-29 15:46:40.707  3356  4469 D CmccSliceManagerService: cleanUpSlice qcom
07-29 15:46:40.707  3356  4469 D CmccSliceManagerService: getDefaultDataSlotId0, subid: 1
07-29 15:46:40.707  5041  6184 D IWlanJni: getDataRegistrationState start
07-29 15:46:40.707  3356  4469 E ActivityThread: Failed to find provider info for com.cmccslice.proxyapp.provider
07-29 15:46:40.707  3356  4469 D CmccSliceManagerService: loadUrsp qcomCursor=null, count=-1, slotId=0
07-29 15:46:40.707  3356  4469 D CmccSliceManagerService: loadUrsp: qcomCursor=[]
07-29 15:46:40.707  3356  4469 D CmccSliceManagerService: isFeatureEnable , rus : false Feature : false
07-29 15:46:40.707  3356  4469 D CmccSliceManagerService: requestSliceNetwork: feature not enabled
07-29 15:46:40.707  3356  4469 D CmccSliceManagerService: cleanUpAndRestartSlice qcom
07-29 15:46:40.707  5041  5041 D QCNEJ/WwanInfoRelay: onActiveSubscriptionsChanged activeCurrDDSId: 1 new DDS 1
07-29 15:46:40.707  4906  5479 D CellularEvent: onActiveDataSubscriptionIdChanged sub id:1
07-29 15:46:40.707  4732  4732 I KeyguardUpdateMonitor: refreshSimState, changed:false,subId:1,slotId:0,state:5
07-29 15:46:40.707  4732  4976 I SystemUi--QuickSettings: Tile.OplusCellularTile-->updateCarrierText: dialog not showing, ignore
07-29 15:46:40.708  5041  5041 D QCNEJ/WwanInfoRelay: onActiveSubscriptionsChanged activeCurrDDSId: 1 new DDS 1
07-29 15:46:40.708  3356  4381 V NetworkPolicy: updateNotificationsNL not process
07-29 15:46:40.708  4791  4791 D QC_RIL_OEM_HOOK: Received Broadcast Intent ACTION_UNSOL_RESPONSE_OEM_HOOK_RAW
07-29 15:46:40.708  4791  4791 D QC_RIL_OEM_HOOK: Received Broadcast Intent ACTION_UNSOL_RESPONSE_OEM_HOOK_RAW
07-29 15:46:40.708  4791  4791 D QC_RIL_OEM_HOOK: Received Broadcast Intent ACTION_UNSOL_RESPONSE_OEM_HOOK_RAW
07-29 15:46:40.708  4791  4791 D OplusPowerUpOptimizationImpl: onReceive: org.codeaurora.intent.action.RADIO_POWER_STATE
07-29 15:46:40.708  4732  4976 D SimStateHelper: slot:0, lock state:Bundle[mParcelledData.dataSize=56]
07-29 15:46:40.708  5041  6196 D IWlanJni: new aidl event arrived
07-29 15:46:40.709  5041  6196 D IWlanJni: handleEvent 10
07-29 15:46:40.709  4791  5363 D OplusPowerUpOptimizationImpl: handleMessage what = 6
07-29 15:46:40.709  4791  5363 D OplusPowerUpOptimizationImpl: radio is available for slot: 1
07-29 15:46:40.709  4791  5363 D OplusPowerUpOptimizationImpl: trySendPhoneReady for slot: 1
07-29 15:46:40.709  5041  6196 D IWlanJni: isThreadAttached start
07-29 15:46:40.709  5041  6196 D IWlanJni: jni detached
07-29 15:46:40.709  4791  5363 D OplusPowerUpOptimizationImpl: Not sending ATEL ready: States: [1: {true, true, true, true}]
07-29 15:46:40.709  5041  6196 D IWlanJni: jni attached
07-29 15:46:40.709  5041  6196 D IWlanJni: getDataRegistrationStateResponse start
07-29 15:46:40.709  5041  6196 D IWlanJni: getJavaCallbackClass start
07-29 15:46:40.709  5041  6196 D IWlanJni: getJavaCallbackClass End midIs[1]
07-29 15:46:40.709  5041  6196 I IWlanAidlClient: getDataRegistrationStateResponse called
07-29 15:46:40.709  5041  6194 W IWlanNetworkService: 13 > Response Processed
07-29 15:46:40.709  4732  4976 D SimStateHelper: slot:1, lock state:Bundle[mParcelledData.dataSize=56]
07-29 15:46:40.709  4732  4976 D SimStateHelper: needDisableMenu: slot1State=-1; slot2State=-1
07-29 15:46:40.709  4732  4976 D SimStateHelper: needDisableMenu:false
07-29 15:46:40.709  4791  4791 D CiWlanNotificationReceiver: ACTION_RADIO_POWER_STATE_CHANGED
07-29 15:46:40.710  4791  4791 D Telephony: isEmergencyPreferredAccount: subId=1, activeData=1
07-29 15:46:40.710  4791  4791 D Telephony: isEmergencyPreferredAccount: Device does not require preference.
07-29 15:46:40.711  3356  6895 W BestClock: java.time.DateTimeException: Missing network time fix
07-29 15:46:40.712  3356  6895 W BestClock: java.time.DateTimeException: Missing network time fix
07-29 15:46:40.712  4732  5718 V OplusCustomizeCacheManager: queryCache name: sys.cache.common_customize_cache18014 param: null
07-29 15:46:40.712  4732  5718 V OplusCustomizeCacheManager: queryCache name: sys.cache.common_customize_cache18017 param: Bundle[{SETTING=BLOCK, BUSINESS=NCT-DATA}]
07-29 15:46:40.712  4732  5718 V OplusCustomizeCacheManager: queryCache name: sys.cache.common_customize_cache18013 param: null
07-29 15:46:40.713  4732  4976 I SystemUi--QuickSettings: Tile.OplusCellularTile-->updateCarrierText: dialog not showing, ignore
07-29 15:46:40.713  4732  4976 D SimStateHelper: slot:0, lock state:Bundle[mParcelledData.dataSize=56]
07-29 15:46:40.713  4732  4976 D SimStateHelper: slot:1, lock state:Bundle[mParcelledData.dataSize=56]
07-29 15:46:40.713  4732  4976 D SimStateHelper: needDisableMenu: slot1State=-1; slot2State=-1
07-29 15:46:40.713  4732  4976 D SimStateHelper: needDisableMenu:false
07-29 15:46:40.713  4791  4791 D ServiceStateProvider: subId=1
07-29 15:46:40.714  4931  8853 D txpwrJni: new aidl event arrived
07-29 15:46:40.714  4931  8853 D txpwrJni: handleEvent 1
07-29 15:46:40.714  4931  8853 D txpwrJni: isThreadAttached start
07-29 15:46:40.714  4931  8853 D txpwrJni: jni detached
07-29 15:46:40.714  4931  8853 D txpwrJni: jni attached
07-29 15:46:40.714  4931  8853 D txpwrJni: getRadioStatus start
07-29 15:46:40.714  4931  8853 D txpwrJni: getJavaCallbackClass start
07-29 15:46:40.714  4931  8853 D txpwrJni: getJavaCallbackClass End midIs[1]
07-29 15:46:40.714  4931  8136 D txpwrJni: sendRadioStatus start
07-29 15:46:40.714  3356  4538 V SettingsProvider: deleteSystemSetting(OPLUS_SLA_LAST_MCC, 0)
07-29 15:46:40.714  4791  4791 D InternationalRoamingNotification: init
07-29 15:46:40.715  4992  4992 I QImsService: OplusPhoneStateTracker : onServiceStateChanged
07-29 15:46:40.715  5077  5233 D VirtualCommService2: isSupport. true, true
07-29 15:46:40.715  4791  4791 D OplusVirtualCommUtils: isVirtualCommSupport, vRet: true
07-29 15:46:40.715  4791  4791 I OplusVirtualCommUtils: getVirtualCommDeviceType, vRet: 1
07-29 15:46:40.715  4791  4791 I OplusVirtualCommUtils: isConsumerDeviceType, deviceType: 1
07-29 15:46:40.716  4791  4791 D InternationalRoamingNotification: do not createRoamingNotification for invalid Network
07-29 15:46:40.716  4992  4992 I QImsService: OplusPhoneStateTracker : onServiceStateChanged
07-29 15:46:40.716  5077  5077 D SubsysEventListenerManager-SubsysTelephonyCallback[0]: onServiceStateChanged
07-29 15:46:40.716  5077  5077 D ChinaRoamingControl: registTelephonyEvent onServiceStateChanged eventId:5, VoiceRegState:1, DataRegState:1
07-29 15:46:40.716  5077  5077 D QuickChangeAirplaneModeEvent: onServiceStateChanged slotId:0
07-29 15:46:40.716  5077  6041 D EfsNvDumpUnit[0]: onServiceStateChanged: voice reg state: OUT_OF_SERVICE data reg state: OUT_OF_SERVICE
07-29 15:46:40.716  5077  6041 D cellularState[0]: handleMessage: E msg.what=4
07-29 15:46:40.716  5077  6041 D cellularState[0]: processMsg: DataCallingState
07-29 15:46:40.716  5077  6041 D cellularState[0]: processMsg: NetworkAttachedState
07-29 15:46:40.716  5077  6041 D cellularState[0]: processMsg: SimReadyState
07-29 15:46:40.716  5077  6041 D cellularState[0]: processMsg: DefaultState
07-29 15:46:40.716  5077  6041 E cellularState[0]:  - unhandledMessage: msg.what=4
07-29 15:46:40.716  5077  6041 D cellularState[0]: handleMessage: X
07-29 15:46:40.714  3356  4538 D SettingsProvider: delete system settings OPLUS_****_MCC pkg is  android user id is 0
07-29 15:46:40.716  3356  4327 W BestClock: java.time.DateTimeException: Missing network time fix
07-29 15:46:40.716  4732  5100 I SystemUi--Statusbar: MobileConnectionRepositoryImpl-->subId:1 isSoftSimCard:false slotId:0
07-29 15:46:40.717  3356  6895 W ContextImpl: Calling a method in the system process without a qualified user: android.app.ContextImpl.sendBroadcastMultiplePermissions:1311 android.content.Context.sendBroadcastMultiplePermissions:2524 com.android.server.TelephonyRegistry.broadcastServiceStateChanged:3740 com.android.server.TelephonyRegistry.notifyServiceStateForPhoneId:1787 com.android.internal.telephony.ITelephonyRegistry$Stub.onTransact:546 
07-29 15:46:40.717  3356  4538 W OplusSlaManager: updateMCC curMCC empty!
07-29 15:46:40.717  4931  8853 D txpwrJni: new aidl event arrived
07-29 15:46:40.717  4931  8853 D txpwrJni: handleEvent 1
07-29 15:46:40.717  4931  8853 D txpwrJni: isThreadAttached start
07-29 15:46:40.717  4931  8853 D txpwrJni: jni detached
07-29 15:46:40.717  4931  8853 D txpwrJni: jni attached
07-29 15:46:40.717  4931  8853 D txpwrJni: getRadioStatus start
07-29 15:46:40.717  4931  8853 D txpwrJni: getJavaCallbackClass start
07-29 15:46:40.717  4931  8853 D txpwrJni: getJavaCallbackClass End midIs[1]
07-29 15:46:40.716  4906  5489 D OplusSubWaySlowRecovery: getPreferSubId return 1
07-29 15:46:40.717  4931  8136 D txpwrJni: sendRadioStatus start
07-29 15:46:40.717  4906  5482 D OplusLinkBoostCommon: dds servicestate change
07-29 15:46:40.717  4906  5483 D NAS-CallIssueDetector: onServiceStateChanged
07-29 15:46:40.717  3356  6895 W ContextImpl: Calling a method in the system process without a qualified user: android.app.ContextImpl.sendBroadcastMultiplePermissions:1344 com.android.server.TelephonyRegistry.broadcastServiceStateChanged:3745 com.android.server.TelephonyRegistry.notifyServiceStateForPhoneId:1787 com.android.internal.telephony.ITelephonyRegistry$Stub.onTransact:546 android.os.Binder.execTransactInternal:1523 
07-29 15:46:40.717  4906  5483 D OplusCiwlanController: [vodata] processServiceStateChanged  phoneid = 0, original roaming type = -1,roaming type = 0
07-29 15:46:40.717  4906  5483 D OplusCiwlanController: [vodata] processServiceStateChanged  phoneid = 1, original roaming type = -1,roaming type = 0
07-29 15:46:40.717  4906  5479 D T-Recommend: onPreHandleMessage 1000
07-29 15:46:40.717  4906  5479 E CellularEvent: nri null ps
07-29 15:46:40.717  4906  5479 E CellularEvent: invalid nri
07-29 15:46:40.717  4906  5479 D T-Recommend: onPostHandleMessage 1000
07-29 15:46:40.717  5077  5077 D QuickChangeAirplaneModeEvent: isBothCardInService is false
07-29 15:46:40.717  5077  5077 D MsimSubModeManager: registTelephonyEvent onServiceStateChanged eventId:3, VoiceRegState:1, DataRegState:1
07-29 15:46:40.717  4906  5489 D SaDataFailRecovery/0: current is not in service,reset alarm
07-29 15:46:40.717  4906  5489 D OplusScanQrCodeRecoveryImpl: msg.what=3
07-29 15:46:40.717  5077  5077 E ExtremeCommUtils: getSwitchRusSupportMcc invalid index 1
07-29 15:46:40.717  5077  5077 D ExtremeCommUtils: isSupporCheck rusContain:false,propContain(persist.sys.oplus.support_hyper_uplink_mcc):false
07-29 15:46:40.717  5077  5077 D ExtremeCommService: handleServiceStateChanged mcc is null
07-29 15:46:40.717  5077  5077 D ChinaRoamingControl: handleMessage what:5
07-29 15:46:40.717  5077  5077 D MsimSubModeManager: handleMessage what:3
07-29 15:46:40.718  5077  5077 D MsimSubModeManager: getMsimSimServiceIn() i:0,mServiceState:1
07-29 15:46:40.718  5077  5077 D MsimSubModeManager: getMsimSimServiceIn() i:1,mServiceState:1
07-29 15:46:40.719  4732  4732 I KeyguardUpdateMonitor: action=android.intent.action.SERVICE_STATE subId=1 slotId=0
07-29 15:46:40.719  4732  4865 I SystemUi--Statusbar: NetworkController.WifiSignalController-->wifi Broadcast action = android.telephony.action.SERVICE_PROVIDERS_UPDATED state=1 enabled=false connected=false isDefaultNetwork=false rssi=0 level=0 statusLabel = null isDirty = false
07-29 15:46:40.719  3356  4648 W BestClock: java.time.DateTimeException: Missing network time fix
07-29 15:46:40.719  4732  4976 I SystemUi--QuickSettings: Tile.OplusCellularTile-->updateCarrierText: dialog not showing, ignore
07-29 15:46:40.719  4732  4976 D SimStateHelper: slot:0, lock state:Bundle[mParcelledData.dataSize=56]
07-29 15:46:40.719  3356  6895 W ContextImpl: Calling a method in the system process without a qualified user: android.app.ContextImpl.sendBroadcastMultiplePermissions:1344 com.android.server.TelephonyRegistry.broadcastServiceStateChanged:3754 com.android.server.TelephonyRegistry.notifyServiceStateForPhoneId:1787 com.android.internal.telephony.ITelephonyRegistry$Stub.onTransact:546 android.os.Binder.execTransactInternal:1523 
07-29 15:46:40.719  3356  4392 D ConnectivityService: unregister offer from providerId 5 : NetworkOffer [ Provider Id (5) Score(Policies : YIELD_TO_BAD_WIFI&TRANSPORT_PRIMARY&EVER_EVALUATED&IS_UNMETERED&EVER_VALIDATED&IS_VALIDATED ; KeepConnected : 0) Caps [ Transports: CELLULAR|SATELLITE Capabilities: MMS&SUPL&DUN&FOTA&IMS&CBS&IA&RCS&XCAP&EIMS&INTERNET&NOT_RESTRICTED&TRUSTED&NOT_VPN&MCX&NOT_VCN_MANAGED&ENTERPRISE&VSIM&BIP&MMTEL&PRIORITIZE_LATENCY&PRIORITIZE_BANDWIDTH&NOT_BANDWIDTH_CONSTRAINED Specifier: <TelephonyNetworkSpecifier [mSubId = 1]> EnterpriseId: 1&2&3&4&5 UnderlyingNetworks: Null] Needed by [279, 18, 249, 266, 30, 217, 1, 28, 40, 24, 7, 246, 207, 134, 186, 238, 32, 34, 48, 167, 105, 230, 171, 200, 102, 222, 235, 42, 264, 78, 194, 90, 75, 138, 132, 190, 275, 271, 38, 178, 44, 58, 182, 145, 259, 108, 147, 255, 198, 73, 65, 251, 154, 257, 70, 242, 85, 50, 141, 213, 268, 9, 152, 136, 46, 53, 281, 15, 165, 184, 209, 203, 83, 161, 233, 277, 26, 143, 92, 219, 158, 273, 36, 180, 174, 188, 95, 176, 56]]
07-29 15:46:40.720  3356  3611 D LocationManagerService: passive provider added registration from 1000/android[CountryDetector]/39E0CC72 -> Request[PASSIVE, minUpdateInterval=0, WorkSource{1000 android}] permissionLevel: 2 permitted: true
07-29 15:46:40.720  3356  6895 W ContextImpl: Calling a method in the system process without a qualified user: android.app.ContextImpl.sendBroadcastMultiplePermissions:1344 com.android.server.TelephonyRegistry.broadcastServiceStateChanged:3760 com.android.server.TelephonyRegistry.notifyServiceStateForPhoneId:1787 com.android.internal.telephony.ITelephonyRegistry$Stub.onTransact:546 android.os.Binder.execTransactInternal:1523 
07-29 15:46:40.720  3356  4392 D ConnectivityService: update offer from providerId 5 new : NetworkOffer [ Provider Id (5) Score(Policies : YIELD_TO_BAD_WIFI&TRANSPORT_PRIMARY&EVER_EVALUATED&IS_UNMETERED&EVER_VALIDATED&IS_VALIDATED ; KeepConnected : 0) Caps [ Transports: CELLULAR|SATELLITE Capabilities: MMS&SUPL&DUN&FOTA&IMS&CBS&IA&RCS&XCAP&EIMS&INTERNET&NOT_RESTRICTED&TRUSTED&NOT_VPN&MCX&NOT_VCN_MANAGED&ENTERPRISE&VSIM&BIP&MMTEL&PRIORITIZE_LATENCY&PRIORITIZE_BANDWIDTH&NOT_BANDWIDTH_CONSTRAINED Specifier: <TelephonyNetworkSpecifier [mSubId = 1]> EnterpriseId: 1&2&3&4&5 UnderlyingNetworks: Null] Needed by [279, 18, 249, 266, 30, 217, 1, 28, 40, 24, 7, 246, 207, 134, 186, 238, 32, 34, 48, 167, 105, 230, 171, 200, 102, 222, 235, 42, 264, 78, 194, 90, 75, 138, 132, 190, 275, 271, 38, 178, 44, 58, 182, 145, 259, 108, 147, 255, 198, 73, 65, 251, 154, 257, 70, 242, 85, 50, 141, 213, 268, 9, 152, 136, 46, 53, 281, 15, 165, 184, 209, 203, 83, 161, 233, 277, 26, 143, 92, 219, 158, 273, 36, 180, 174, 188, 95, 176, 56]]
07-29 15:46:40.720  3356  4392 D ConnectivityService: unregister offer from providerId 6 : NetworkOffer [ Provider Id (6) Score(Policies : YIELD_TO_BAD_WIFI&EVER_EVALUATED&IS_UNMETERED&EVER_VALIDATED&IS_VALIDATED ; KeepConnected : 0) Caps [ Transports: CELLULAR|SATELLITE Capabilities: MMS&SUPL&DUN&FOTA&IMS&CBS&IA&RCS&XCAP&EIMS&INTERNET&NOT_RESTRICTED&TRUSTED&NOT_VPN&MCX&NOT_VCN_MANAGED&ENTERPRISE&VSIM&BIP&MMTEL&PRIORITIZE_LATENCY&PRIORITIZE_BANDWIDTH&NOT_BANDWIDTH_CONSTRAINED Specifier: <TelephonyNetworkSpecifier [mSubId = -1]> EnterpriseId: 1&2&3&4&5 UnderlyingNetworks: Null] Needed by [279, 18, 249, 266, 30, 217, 1, 28, 40, 24, 7, 246, 207, 134, 186, 238, 32, 34, 48, 167, 105, 230, 171, 200, 102, 222, 235, 42, 264, 78, 194, 90, 75, 138, 132, 190, 275, 271, 38, 178, 44, 58, 182, 145, 259, 108, 147, 255, 198, 73, 65, 251, 154, 257, 70, 242, 85, 50, 141, 213, 268, 9, 152, 136, 46, 53, 281, 15, 165, 184, 209, 203, 83, 161, 233, 277, 26, 143, 92, 219, 158, 273, 36, 180, 174, 188, 95, 176, 56]]
07-29 15:46:40.720  3356  4392 D ConnectivityService: update offer from providerId 6 new : NetworkOffer [ Provider Id (6) Score(Policies : YIELD_TO_BAD_WIFI&EVER_EVALUATED&IS_UNMETERED&EVER_VALIDATED&IS_VALIDATED ; KeepConnected : 0) Caps [ Transports: CELLULAR|SATELLITE Capabilities: MMS&SUPL&DUN&FOTA&IMS&CBS&IA&RCS&XCAP&EIMS&INTERNET&NOT_RESTRICTED&TRUSTED&NOT_VPN&MCX&NOT_VCN_MANAGED&ENTERPRISE&VSIM&BIP&MMTEL&PRIORITIZE_LATENCY&PRIORITIZE_BANDWIDTH&NOT_BANDWIDTH_CONSTRAINED Specifier: <TelephonyNetworkSpecifier [mSubId = -1]> EnterpriseId: 1&2&3&4&5 UnderlyingNetworks: Null] Needed by [279, 18, 249, 266, 30, 217, 1, 28, 40, 24, 7, 246, 207, 134, 186, 238, 32, 34, 48, 167, 105, 230, 171, 200, 102, 222, 235, 42, 264, 78, 194, 90, 75, 138, 132, 190, 275, 271, 38, 178, 44, 58, 182, 145, 259, 108, 147, 255, 198, 73, 65, 251, 154, 257, 70, 242, 85, 50, 141, 213, 268, 9, 152, 136, 46, 53, 281, 15, 165, 184, 209, 203, 83, 161, 233, 277, 26, 143, 92, 219, 158, 273, 36, 180, 174, 188, 95, 176, 56]]
07-29 15:46:40.720  4732  5718 V OplusCustomizeCacheManager: queryCache name: sys.cache.common_customize_cache18014 param: null
07-29 15:46:40.720  4732  5718 V OplusCustomizeCacheManager: queryCache name: sys.cache.common_customize_cache18017 param: Bundle[{SETTING=BLOCK, BUSINESS=NCT-DATA}]
07-29 15:46:40.720  4732  5718 V OplusCustomizeCacheManager: queryCache name: sys.cache.common_customize_cache18013 param: null
07-29 15:46:40.720  4732  4976 D SimStateHelper: slot:1, lock state:Bundle[mParcelledData.dataSize=56]
07-29 15:46:40.720  4732  4976 D SimStateHelper: needDisableMenu: slot1State=-1; slot2State=-1
07-29 15:46:40.720  4732  4976 D SimStateHelper: needDisableMenu:false
07-29 15:46:40.720  4732  4976 I SystemUi--QuickSettings: Tile.OplusCellularTile-->updateCarrierText: dialog not showing, ignore
07-29 15:46:40.720  4732  4976 D SimStateHelper: slot:0, lock state:Bundle[mParcelledData.dataSize=56]
07-29 15:46:40.720  4732  4976 D SimStateHelper: slot:1, lock state:Bundle[mParcelledData.dataSize=56]
07-29 15:46:40.720  4732  4976 D SimStateHelper: needDisableMenu: slot1State=-1; slot2State=-1
07-29 15:46:40.720  4732  4976 D SimStateHelper: needDisableMenu:false
07-29 15:46:40.721  3356  4327 W ContextImpl: Calling a method in the system process without a qualified user: android.app.ContextImpl.sendBroadcastMultiplePermissions:1311 android.content.Context.sendBroadcastMultiplePermissions:2524 com.android.server.TelephonyRegistry.broadcastServiceStateChanged:3740 com.android.server.TelephonyRegistry.notifyServiceStateForPhoneId:1787 com.android.internal.telephony.ITelephonyRegistry$Stub.onTransact:546 
07-29 15:46:40.721  5855  5855 D CellBroadcastReceiver: onReceive Intent { act=android.intent.action.SERVICE_STATE flg=0x1000010 cmp=com.android.cellbroadcastreceiver.module/com.android.cellbroadcastreceiver.CellBroadcastReceiver (has extras) }
07-29 15:46:40.722  4791  4791 V OplusCustomizeCacheManager: queryCache name: sys.cache.common_customize_cache18016 param: null
07-29 15:46:40.722  4791  4791 V OplusCustomizeCacheManager: queryCache name: sys.cache.common_customize_cache18013 param: null
07-29 15:46:40.722  4791  4791 V OplusCustomizeCacheManager: queryCache name: sys.cache.common_customize_cache18014 param: null
07-29 15:46:40.722  5855  5855 D CellBroadcastReceiver: onServiceStateChanged, ss: 1
07-29 15:46:40.722  4791  4791 V OplusCustomizeCacheManager: queryCache name: sys.cache.common_customize_cache18017 param: Bundle[{SETTING=BLOCK, BUSINESS=NCT-DATA}]
07-29 15:46:40.722  4791  4791 V OplusCustomizeCacheManager: queryCache name: sys.cache.common_customize_cache18016 param: null
07-29 15:46:40.722  4791  4791 V OplusCustomizeCacheManager: queryCache name: sys.cache.common_customize_cache18013 param: null
07-29 15:46:40.722  4791  4791 V OplusCustomizeCacheManager: queryCache name: sys.cache.common_customize_cache18014 param: null
07-29 15:46:40.722  4791  4791 V OplusCustomizeCacheManager: queryCache name: sys.cache.common_customize_cache18017 param: Bundle[{SETTING=BLOCK, BUSINESS=NCT-DATA}]
07-29 15:46:40.722  5855  5855 D CellBroadcastReceiver: networkOperator: 
07-29 15:46:40.723  4791  4791 I Telephony: y0: onServiceStateChanged: newState=1, mServiceState=3
07-29 15:46:40.723  5855  5855 D CellBroadcastReceiver: mockmodem is running? = false
07-29 15:46:40.723  5855  5855 D CellBroadcastReceiver: Start Cell Broadcast configuration for intent=ACTION_ENABLE_CHANNELS
07-29 15:46:40.723  3356  4327 W ContextImpl: Calling a method in the system process without a qualified user: android.app.ContextImpl.sendBroadcastMultiplePermissions:1344 com.android.server.TelephonyRegistry.broadcastServiceStateChanged:3745 com.android.server.TelephonyRegistry.notifyServiceStateForPhoneId:1787 com.android.internal.telephony.ITelephonyRegistry$Stub.onTransact:546 android.os.Binder.execTransactInternal:1523 
07-29 15:46:40.723  4791  4791 I Telephony: isRttCurrentlySupported -- regular acct, hasVoiceAvailability: false
07-29 15:46:40.723  4791  4791 I Telephony:  isRttSupported: false
07-29 15:46:40.723  4791  4791 I Telephony:  isUserRttSettingOn: false
07-29 15:46:40.723  4791  4791 I Telephony:  alwaysAllowWhileRoaming: false
07-29 15:46:40.723  4791  4791 I Telephony:  isRoaming: false
07-29 15:46:40.723  4791  4791 I Telephony:  isOnWfc: false
07-29 15:46:40.724  3356  4327 W ContextImpl: Calling a method in the system process without a qualified user: android.app.ContextImpl.sendBroadcastMultiplePermissions:1344 com.android.server.TelephonyRegistry.broadcastServiceStateChanged:3754 com.android.server.TelephonyRegistry.notifyServiceStateForPhoneId:1787 com.android.internal.telephony.ITelephonyRegistry$Stub.onTransact:546 android.os.Binder.execTransactInternal:1523 
07-29 15:46:40.725  4791  4791 D InternationalRoamingNotification: init
07-29 15:46:40.725  5077  6446 D VirtualCommService2: isSupport. true, true
07-29 15:46:40.725  4791  4791 D OplusVirtualCommUtils: isVirtualCommSupport, vRet: true
07-29 15:46:40.725  4791  4791 I OplusVirtualCommUtils: getVirtualCommDeviceType, vRet: 1
07-29 15:46:40.725  4791  4791 I OplusVirtualCommUtils: isConsumerDeviceType, deviceType: 1
07-29 15:46:40.725  4791  4791 D InternationalRoamingNotification: do not createRoamingNotification for invalid Network
07-29 15:46:40.726  5077  5077 D SubsysEventListenerManager-SubsysTelephonyCallback[0]: onCellInfoChanged
07-29 15:46:40.726  3356  6895 W BestClock: java.time.DateTimeException: Missing network time fix
07-29 15:46:40.726  4791  4791 D InternationalRoamingNotification: init
07-29 15:46:40.726  5077  5115 D VirtualCommService2: isSupport. true, true
07-29 15:46:40.726  4791  4791 D OplusVirtualCommUtils: isVirtualCommSupport, vRet: true
07-29 15:46:40.727  4791  4791 I OplusVirtualCommUtils: getVirtualCommDeviceType, vRet: 1
07-29 15:46:40.727  4791  4791 I OplusVirtualCommUtils: isConsumerDeviceType, deviceType: 1
07-29 15:46:40.727  3356  4327 W ContextImpl: Calling a method in the system process without a qualified user: android.app.ContextImpl.sendBroadcastMultiplePermissions:1344 com.android.server.TelephonyRegistry.broadcastServiceStateChanged:3760 com.android.server.TelephonyRegistry.notifyServiceStateForPhoneId:1787 com.android.internal.telephony.ITelephonyRegistry$Stub.onTransact:546 android.os.Binder.execTransactInternal:1523 
07-29 15:46:40.727  4732  4732 I KeyguardUpdateMonitor: action=android.intent.action.SERVICE_STATE subId=-1 slotId=1
07-29 15:46:40.727  4791  4791 D InternationalRoamingNotification: do not createRoamingNotification for invalid Network
07-29 15:46:40.727  4732  4732 W KeyguardUpdateMonitorLog: invalid subId in handleServiceStateChange()
07-29 15:46:40.727  3356  6895 W BestClock: java.time.DateTimeException: Missing network time fix
07-29 15:46:40.727  4732  4976 I SystemUi--QuickSettings: Tile.OplusCellularTile-->updateCarrierText: dialog not showing, ignore
07-29 15:46:40.727  4791  4791 D OplusTelephonyController: onSignalStrengthChanged: SignalStrength=SignalStrength:{mCdma=CellSignalStrengthCdma: cdmaDbm=2147483647 cdmaEcio=2147483647 evdoDbm=2147483647 evdoEcio=2147483647 evdoSnr=2147483647 level=0,mGsm=CellSignalStrengthGsm: rssi=2147483647 ber=2147483647 mTa=2147483647 mLevel=0,mWcdma=CellSignalStrengthWcdma: ss=2147483647 ber=2147483647 rscp=2147483647 ecno=2147483647 level=0,mTdscdma=CellSignalStrengthTdscdma: rssi=2147483647 ber=2147483647 rscp=2147483647 level=0,mLte=CellSignalStrengthLte: rssi=2147483647 rsrp=2147483647 rsrq=2147483647 rssnr=2147483647 cqiTableIndex=2147483647 cqi=2147483647 ta=2147483647 level=0 parametersUseForLevel=0,mNr=CellSignalStrengthNr:{ csiRsrp = 2147483647 csiRsrq = 2147483647 csiCqiTableIndex = 2147483647 csiCqiReport = [] ssRsrp = 2147483647 ssRsrq = 2147483647 ssSinr = 2147483647 level = 0 parametersUseForLevel = 0 timingAdvance = 2147483647 },primary=CellSignalStrengthLte}
07-29 15:46:40.728  4732  4976 D SimStateHelper: slot:0, lock state:Bundle[mParcelledData.dataSize=56]
07-29 15:46:40.728  4732  4976 D SimStateHelper: slot:1, lock state:Bundle[mParcelledData.dataSize=56]
07-29 15:46:40.728  5077  5077 D SubsysEventListenerManager-SubsysTelephonyCallback[0]: onSignalStrengthsChanged
07-29 15:46:40.728  4732  4976 D SimStateHelper: needDisableMenu: slot1State=-1; slot2State=-1
07-29 15:46:40.728  4732  4976 D SimStateHelper: needDisableMenu:false
07-29 15:46:40.728  4732  5718 V OplusCustomizeCacheManager: queryCache name: sys.cache.common_customize_cache18014 param: null
07-29 15:46:40.728  4732  5718 V OplusCustomizeCacheManager: queryCache name: sys.cache.common_customize_cache18017 param: Bundle[{SETTING=BLOCK, BUSINESS=NCT-DATA}]
07-29 15:46:40.728  4732  5718 V OplusCustomizeCacheManager: queryCache name: sys.cache.common_customize_cache18013 param: null
07-29 15:46:40.729  5855  5855 D CellBroadcastReceiver: onReceive Intent { act=android.intent.action.SERVICE_STATE flg=0x1000010 cmp=com.android.cellbroadcastreceiver.module/com.android.cellbroadcastreceiver.CellBroadcastReceiver (has extras) }
07-29 15:46:40.729  5855  5855 D CellBroadcastReceiver: onServiceStateChanged, ss: 1
07-29 15:46:40.729  5855  5855 D CellBroadcastReceiver: networkOperator: 
07-29 15:46:40.729  5855 13063 D CellBroadcastConfigService: Enable CellBroadcast on sub 1
07-29 15:46:40.731  3356  4086 W BestClock: java.time.DateTimeException: Missing network time fix
07-29 15:46:40.731  4791  5941 D CellBroadcastConfigTracker-0: Failed to set cdma config
07-29 15:46:40.731  5855  5874 E CellBroadcastConfigService: fails to setCellBroadcastRanges, result = 2
07-29 15:46:40.732  3356  6895 W BestClock: java.time.DateTimeException: Missing network time fix
07-29 15:46:40.733  4732  5718 V OplusCustomizeCacheManager: queryCache name: sys.cache.common_customize_cache18014 param: null
07-29 15:46:40.733  4732  5718 V OplusCustomizeCacheManager: queryCache name: sys.cache.common_customize_cache18017 param: Bundle[{SETTING=BLOCK, BUSINESS=NCT-DATA}]
07-29 15:46:40.733  4732  5718 V OplusCustomizeCacheManager: queryCache name: sys.cache.common_customize_cache18013 param: null
07-29 15:46:40.746  4732  4732 I SystemUi--QuickSettings: QsLottieUtils-->getLottieAnimFile : qs/qs_airplane_lottie_active_sep_dual_light.json
07-29 15:46:40.747  4732  4732 I SystemUi--QuickSettings: TemporarilyInfoManager-->[trigger] start from show
07-29 15:46:40.747  4732  4732 I SystemUi--QuickSettings: TemporarilyInfoManager-->[getLayoutParams] translationY=102.085815, translationX=0, width=1080, height=228, isLandscape=false, parent=androidx.constraintlayout.widget.ConstraintLayout{de92416 V.E...... ......ID 0,0-1080,2376 #7f0a09f6 app:id/qs_container_area_layout alpha=1.0 viewInfo = }
07-29 15:46:40.748  4732  4732 I SystemUi--Common: ViewExt-->[startAlongWithPosition] com.oplus.systemui.qs.base.temporarilyinfo.TemporarilyInfoManager$createViewToParent$1{e0b4f9d V.ED..... ......ID 0,0-0,0 #7f0a0cb6 app:id/temporarily_info_view alpha=0.0 viewInfo = } alongWith android.widget.RelativeLayout{d80ec12 V.E...... ........ 0,102-1080,222 #7f0a0a2e app:id/qs_status_bar_container_layout alpha=1.0 viewInfo = }
07-29 15:46:40.748  4732  4732 I SystemUi--QuickSettings: TemporarilyInfoManager-->[showElement] com.oplus.systemui.qs.base.temporarilyinfo.TemporarilyInfoManager$createViewToParent$1{e0b4f9d V.ED..... ......ID 0,0-0,0 #7f0a0cb6 app:id/temporarily_info_view alpha=0.0 viewInfo = } for Element(text=Airplane mode off, groupId=Airplane mode, style=InfoShowStyle(textSize=16.0, sizeUnit=2, textColor=-1, showDuration=1500, alongWithReplacedView=true))
07-29 15:46:40.748  4732  4732 I SystemUi--QuickSettings: TemporarilyInfoManager-->[animateShow] com.oplus.systemui.qs.base.temporarilyinfo.TemporarilyInfoManager$createViewToParent$1{e0b4f9d VFED..C.. ......ID 0,0-0,0 #7f0a0cb6 app:id/temporarily_info_view alpha=0.0 viewInfo = } start
07-29 15:46:40.749  1920  1951 I [UAH_CLIENT]: UahRelease, handle:44
07-29 15:46:40.750  3356  4383 D WifiNative: onSetCountryCodeSucceeded: US
07-29 15:46:40.750  3356  4383 I WifiCountryCode: Receive onSetCountryCodeSucceeded US
07-29 15:46:40.750  3356  4383 I WifiNl80211Manager: Receive country code change to US
07-29 15:46:40.750  2738  2738 I wificond: Receive notifyCountryCodeChanged
07-29 15:46:40.750  2738  2738 I wificond: UpdateBandInfo
07-29 15:46:40.751  3356  4383 D WifiScanRequestProxy: Sending scan available broadcast: true
07-29 15:46:40.751  3356  4388 I WifiScanningService: Received a request to enable scanning, UID = 1000
07-29 15:46:40.751  3356  4388 I WifiScanningService: scanner impls already exists
07-29 15:46:40.751  3356  4388 E WifiScanningService: wifi driver loaded received while already loaded
07-29 15:46:40.751  3356  4383 I WifiScanRequestProxy: Scanning is enabled
07-29 15:46:40.751  3356  4383 I WifiScanRequestProxy: Scanning for hidden networks is disabled
07-29 15:46:40.751  3356  3356 D OplusWifiBroadCastDispatcher: mBroadcastReceiver: onReceiver  action=android.net.wifi.action.WIFI_SCAN_AVAILABILITY_CHANGED
07-29 15:46:40.751  3356  4383 D WakeupController: start()
07-29 15:46:40.752  3356  4497 D OplusWifiPower_ConnLpmEventObsever: onReceive EXTRA_SCAN_AVAILABLE availabe = true
07-29 15:46:40.752  3356  4497 D OplusWifiPowerService: onReceive action:android.net.wifi.action.WIFI_SCAN_AVAILABILITY_CHANGED
07-29 15:46:40.752  6990  6990 I OsAgent : onReceive: android.net.wifi.action.WIFI_SCAN_AVAILABILITY_CHANGED
07-29 15:46:40.752  3356  4383 E WifiStaIfaceAidlImpl: setScanMode failed with service-specific exception: android.os.ServiceSpecificException:  (code 4)
07-29 15:46:40.752  3356  4497 D OplusWifiSwitchStateMonitor: scan settings change to true
07-29 15:46:40.752  6990  8045 I OsAgent : updateWiFiScanAvailState, scanAvailable: true
07-29 15:46:40.752  2738  2738 I wificond: 2.4Ghz frequencies: 2412 2417 2422 2427 2432 2437 2442 2447 2452 2457 2462
07-29 15:46:40.752  2738  2738 I wificond: 5Ghz non-DFS frequencies: 5180 5200 5220 5240 5745 5765 5785 5805 5825
07-29 15:46:40.752  2738  2738 I wificond: 5Ghz DFS frequencies: 5260 5280 5300 5320 5500 5520 5540 5560 5580 5600 5620 5640 5660 5680 5700
07-29 15:46:40.752  2738  2738 I wificond: 6Ghz frequencies:
07-29 15:46:40.752  2738  2738 I wificond: 60Ghz frequencies:
07-29 15:46:40.756  3356  4383 I WifiService: Receive onDriverCountryCodeChanged to US, update available channel list
07-29 15:46:40.757  3356  4383 E ApConfigUtil: Malformed channel value detected: java.lang.NumberFormatException: For input string: ""
07-29 15:46:40.758  3356  4383 E ApConfigUtil: Malformed channel value detected: java.lang.NumberFormatException: For input string: ""
07-29 15:46:40.758  1831  4516 E WifiHAL : wifi_get_usable_channels: Error -5 waiting for response.
07-29 15:46:40.758  3356  4383 E WifiChipAidlImpl: getUsableChannels failed with service-specific exception: android.os.ServiceSpecificException:  (code 7)
07-29 15:46:40.759  3356  4383 E ApConfigUtil: Malformed channel value detected: java.lang.NumberFormatException: For input string: ""
07-29 15:46:40.759  3356  4496 D OplusSoftApManager: Support Wi-Fi6 SAP
07-29 15:46:40.759  3356  4383 I WifiService: Receive onDriverCountryCodeChanged to US, update available channel list
07-29 15:46:40.760  3356  4383 E ApConfigUtil: Malformed channel value detected: java.lang.NumberFormatException: For input string: ""
07-29 15:46:40.761  3356  4383 E ApConfigUtil: Malformed channel value detected: java.lang.NumberFormatException: For input string: ""
07-29 15:46:40.761  1831  4516 E WifiHAL : wifi_get_usable_channels: Error -5 waiting for response.
07-29 15:46:40.762  3356  4383 E WifiChipAidlImpl: getUsableChannels failed with service-specific exception: android.os.ServiceSpecificException:  (code 7)
07-29 15:46:40.762  3356  4383 E ApConfigUtil: Malformed channel value detected: java.lang.NumberFormatException: For input string: ""
07-29 15:46:40.762  3356  4383 I WifiApConfigStore: Chip capability is updated, check config
07-29 15:46:40.776  4732  4732 I SystemUi--QuickSettings: QsLottieUtils-->getLottieAnimFile : qs/qs_cellular_lottie_active_sep_dual_light.json
07-29 15:46:40.789  3428  3861 D QmiClient: qmiServiceEventCallback recv msg id 1106
07-29 15:46:40.789  3428  3861 D QmiVsClient: enter - onQmiServiceEventCallback msgId 1106
07-29 15:46:40.789  3428  3446 D VsProxy : handleMessage msg is 2425
07-29 15:46:40.789  3428  3446 D VsProxy : handleServingCellInfoChangeInd for instance 0
07-29 15:46:40.789  3428  3428 D RadioServiceIndication: radioServingCellInfoInd
07-29 15:46:40.789  3428  3428 D RadioServiceIndication: radioServingCellInfoInd
07-29 15:46:40.790  5077  5115 D SubsysRadioIndication[0]: radioServingCellInfoInd
07-29 15:46:40.790  5077  5115 D SubsysRadioIndication[0]: radioServingCellInfoInd
07-29 15:46:40.790  5077  5077 D NetworkService[0]: handleMessage what:1003
07-29 15:46:40.791  5077  5077 D NetworkService[0]: handleMessage what:1003
07-29 15:46:40.793  3428  3858 D QmiClient: qmiServiceEventCallback recv msg id 276
07-29 15:46:40.793  3428  3858 D QmiNasClient: enter : onQmiServiceEventCallback msgId 276
07-29 15:46:40.793  3428  3858 D QmiNasClientEvent: qmiNasClientAccessBarringStatusEvent - RADIO_EVENT_NAS_ACCESS_BARRING_STATUS_IND
07-29 15:46:40.793  3428  3474 D NasProxy: handleMessage msg is 2104
07-29 15:46:40.794  3433  3854 D QmiClient: qmiServiceEventCallback recv msg id 276
07-29 15:46:40.794  3433  3854 D QmiNasClient: enter : onQmiServiceEventCallback msgId 276
07-29 15:46:40.794  3433  3854 D QmiNasClientEvent: qmiNasClientAccessBarringStatusEvent - RADIO_EVENT_NAS_ACCESS_BARRING_STATUS_IND
07-29 15:46:40.794  3433  3468 D NasProxy: handleMessage msg is 2104
07-29 15:46:40.794  3428  3858 D QmiClient: qmiServiceEventCallback recv msg id 78
07-29 15:46:40.794  3428  3858 D QmiNasClient: enter : onQmiServiceEventCallback msgId 78
07-29 15:46:40.794  3428  3858 D QmiNasClientEvent: qmiNasClientNotifySysInfoEvent lte_ims_voice_avail_valid 0
07-29 15:46:40.794  3428  3474 D NasProxy: handleMessage msg is 2101
07-29 15:46:40.794  3428  3474 D NasProxy: handleNasSysInfoEvent for instance 0
07-29 15:46:40.794  5077  5115 D SubsysRadioIndication[0]: radioNasAccessBarringStatusInd, NasAccessBarringStatusType: radioIf:12, dataBarringStatus:0, dataBarringTime:0, voiceBarringStatus:0, voiceBarringTime:0, videoBarringStatus:0, videoBarringTime:0
07-29 15:46:40.794  5077  5115 D SubsysRadioIndication[0]: notify enter
07-29 15:46:40.794  4906  5479 D RadioEvent: onCellInfoChanged slotId=0
07-29 15:46:40.794  5077  6446 D SubsysRadioIndication[1]: radioNasAccessBarringStatusInd, NasAccessBarringStatusType: radioIf:12, dataBarringStatus:0, dataBarringTime:0, voiceBarringStatus:0, voiceBarringTime:0, videoBarringStatus:0, videoBarringTime:0
07-29 15:46:40.794  5077  6446 D SubsysRadioIndication[1]: notify enter
07-29 15:46:40.795  5077  5115 D SubsysRadioIndication[0]: radioNr5gFreqTypeIndication, nr5gFreqType = 0
07-29 15:46:40.795  5077  5077 D QtiCellularNetwork: handleNr5gFreqTypeChanged 0, nr5gFreqType = 0
07-29 15:46:40.795  4906  5479 D RadioEvent: onCellInfoChanged slotId=0
07-29 15:46:40.796  4992  5024 I QImsService: ImsRadioIndicationAidl : onServiceDomainChanged()[SUB0]
07-29 15:46:40.796  4992  5024 I QImsService: ImsSenderRxr : [UNSL]< UNSOL_SERVICE_DOMAIN_CHANGED 0[SUB0]
07-29 15:46:40.797  4992  4992 I QImsService: ImsRegistrationController : Message received: what = 5
07-29 15:46:40.797  4992  4992 I QImsService: ImsRegistrationController : handleSrvDomainChanged
07-29 15:46:40.799  4861  4892 D QtiOemHookAidl: oemHookRawIndication length=21
07-29 15:46:40.799  4861  4861 D QcrilMsgTunnelIfaceManager: handleMessage what = 0
07-29 15:46:40.799  5041  6184 D IWlanJni: getDataRegistrationState start
07-29 15:46:40.800  5041  6192 D IWlanJni: new aidl event arrived
07-29 15:46:40.800  5041  6192 D IWlanJni: handleEvent 10
07-29 15:46:40.800  5041  6192 D IWlanJni: isThreadAttached start
07-29 15:46:40.800  5041  6192 D IWlanJni: jni detached
07-29 15:46:40.800  5041  6192 D IWlanJni: jni attached
07-29 15:46:40.800  5041  6192 D IWlanJni: getDataRegistrationStateResponse start
07-29 15:46:40.800  5041  6192 D IWlanJni: getJavaCallbackClass start
07-29 15:46:40.800  5041  6192 D IWlanJni: getJavaCallbackClass End midIs[1]
07-29 15:46:40.800  5041  6192 I IWlanAidlClient: getDataRegistrationStateResponse called
07-29 15:46:40.800  5041  6191 W IWlanNetworkService: 14 > Response Processed
07-29 15:46:40.800  4791  4791 D QC_RIL_OEM_HOOK: Received Broadcast Intent ACTION_UNSOL_RESPONSE_OEM_HOOK_RAW
07-29 15:46:40.801  4791  4791 D QC_RIL_OEM_HOOK: Received Broadcast Intent ACTION_UNSOL_RESPONSE_OEM_HOOK_RAW
07-29 15:46:40.801  4791  4791 D QC_RIL_OEM_HOOK: Received Broadcast Intent ACTION_UNSOL_RESPONSE_OEM_HOOK_RAW
07-29 15:46:40.801  4861  4861 D QC_RIL_OEM_HOOK: Received Broadcast Intent ACTION_UNSOL_RESPONSE_OEM_HOOK_RAW
07-29 15:46:40.802  4791  4791 D OplusTelephonyController: onSignalStrengthChanged: SignalStrength=SignalStrength:{mCdma=CellSignalStrengthCdma: cdmaDbm=2147483647 cdmaEcio=2147483647 evdoDbm=2147483647 evdoEcio=2147483647 evdoSnr=2147483647 level=0,mGsm=CellSignalStrengthGsm: rssi=2147483647 ber=2147483647 mTa=2147483647 mLevel=0,mWcdma=CellSignalStrengthWcdma: ss=2147483647 ber=2147483647 rscp=2147483647 ecno=2147483647 level=0,mTdscdma=CellSignalStrengthTdscdma: rssi=2147483647 ber=2147483647 rscp=2147483647 level=0,mLte=CellSignalStrengthLte: rssi=2147483647 rsrp=2147483647 rsrq=2147483647 rssnr=2147483647 cqiTableIndex=2147483647 cqi=2147483647 ta=2147483647 level=0 parametersUseForLevel=0,mNr=CellSignalStrengthNr:{ csiRsrp = 2147483647 csiRsrq = 2147483647 csiCqiTableIndex = 2147483647 csiCqiReport = [] ssRsrp = 2147483647 ssRsrq = 2147483647 ssSinr = 2147483647 level = 0 parametersUseForLevel = 0 timingAdvance = 2147483647 },primary=CellSignalStrengthLte}
07-29 15:46:40.802  5041  6184 D IWlanJni: getDataRegistrationState start
07-29 15:46:40.802  5077  5077 D SubsysEventListenerManager-SubsysTelephonyCallback[0]: onSignalStrengthsChanged
07-29 15:46:40.803  5041  6192 D IWlanJni: new aidl event arrived
07-29 15:46:40.803  5041  6192 D IWlanJni: handleEvent 10
07-29 15:46:40.803  5041  6192 D IWlanJni: isThreadAttached start
07-29 15:46:40.803  5041  6192 D IWlanJni: jni detached
07-29 15:46:40.803  5041  6192 D IWlanJni: jni attached
07-29 15:46:40.803  5041  6192 D IWlanJni: getDataRegistrationStateResponse start
07-29 15:46:40.803  5041  6192 D IWlanJni: getJavaCallbackClass start
07-29 15:46:40.803  5041  6192 D IWlanJni: getJavaCallbackClass End midIs[1]
07-29 15:46:40.803  5041  6192 I IWlanAidlClient: getDataRegistrationStateResponse called
07-29 15:46:40.803  5041  6191 W IWlanNetworkService: 15 > Response Processed
07-29 15:46:40.806  3356  4086 W BestClock: java.time.DateTimeException: Missing network time fix
07-29 15:46:40.807  3356  4086 W BestClock: java.time.DateTimeException: Missing network time fix
07-29 15:46:40.807  4791  4791 W Settings: Setting airplane_mode_on has moved from android.provider.Settings.System to android.provider.Settings.Global, returning read-only value.
07-29 15:46:40.807  4906  5483 D NAS-CallIssueDetector: onPollCsPsRegStateChanged slotid = 0
07-29 15:46:40.807  4906  5483 D NAS-CallIssueDetector: notifyRealOosChanged
07-29 15:46:40.807  4906  5483 D OplusCiwlanController: [vodata] getSubId subid =  1
07-29 15:46:40.807  4906  5484 W BluetoothAdapterExtImpl: getBluetoothConnectionCount：mOplusBluetooth null!
07-29 15:46:40.807  4732  5718 V OplusCustomizeCacheManager: queryCache name: sys.cache.common_customize_cache18014 param: null
07-29 15:46:40.807  4732  5718 V OplusCustomizeCacheManager: queryCache name: sys.cache.common_customize_cache18017 param: Bundle[{SETTING=BLOCK, BUSINESS=NCT-DATA}]
07-29 15:46:40.807  4732  5718 V OplusCustomizeCacheManager: queryCache name: sys.cache.common_customize_cache18013 param: null
07-29 15:46:40.808  4906  5484 D TelephonyImpl: isRequestingMms
07-29 15:46:40.808  3356  3356 D OplusWifiBroadCastDispatcher: mBroadcastReceiver: onReceiver  action=oplus.intent.action.MCC_CHANGE
07-29 15:46:40.808  4906  5484 D TelephonyImpl: getReleaseMmsNetworkTime
07-29 15:46:40.808  4906  5483 D OplusCiwlanController: [vodata] processOosChanged  phoneid = 0,cur regstate = 1,old regstate = -1
07-29 15:46:40.808  4906  5483 D OplusCiwlanController: [vodata] getSubId subid =  -1
07-29 15:46:40.808  4906  5483 D OplusCiwlanController: [vodata] processOosChanged  phoneid = 1,cur regstate = 1,old regstate = -1
07-29 15:46:40.808  4563  4765 D CNGmsControlService: receive:oplus.intent.action.MCC_CHANGE
07-29 15:46:40.808  4906  5484 D OplusDdsSwitchStrategy: Md,OplusCheckFeature,RETURN_TO_CUR_ACTION_DDS
07-29 15:46:40.809  7386  7386 I 7386PAS.MccChangeReceiver_Travel: onReceive
07-29 15:46:40.810  4563  4765 D CNGmsControlService: mcc1=001 mcc2=null GmsState=2 TagWhitelistApp=true UserDisableCount=0 SettingsGmsState=1
07-29 15:46:40.812  4732  4976 I SystemUi--QuickSettings: Tile.OplusCellularTile-->updateCarrierText: dialog not showing, ignore
07-29 15:46:40.812  4732  4976 D SimStateHelper: slot:0, lock state:Bundle[mParcelledData.dataSize=56]
07-29 15:46:40.812  4732  4976 D SimStateHelper: slot:1, lock state:Bundle[mParcelledData.dataSize=56]
07-29 15:46:40.812  4732  4976 D SimStateHelper: needDisableMenu: slot1State=-1; slot2State=-1
07-29 15:46:40.812  4732  4976 D SimStateHelper: needDisableMenu:false
07-29 15:46:40.812  7386  8443 D NetWorkMonitor: addNetStateListener :true
07-29 15:46:40.813  3356  4088 D ConnectivityService: requestNetwork for uid/pid:10137/7386 activeRequest: null callbackRequest: 282 [NetworkRequest [ REQUEST id=283, [ Capabilities: INTERNET&NOT_RESTRICTED&TRUSTED&NOT_VCN_MANAGED&NOT_BANDWIDTH_CONSTRAINED Uid: 10137 RequestorUid: 10137 RequestorPkg: com.coloros.sceneservice UnderlyingNetworks: Null] ]] callback flags: 0 order: 2147483647 isUidTracked: false
07-29 15:46:40.813  7386  8443 D NetWorkMonitor: resume registerNetworkCallback
07-29 15:46:40.815  3356  4383 D WifiNetworkFactory: got request NetworkRequest [ REQUEST id=283, [ Capabilities: INTERNET&NOT_RESTRICTED&TRUSTED&NOT_VCN_MANAGED&NOT_BANDWIDTH_CONSTRAINED Uid: 10137 RequestorUid: 10137 RequestorPkg: com.coloros.sceneservice UnderlyingNetworks: Null] ]
07-29 15:46:40.815  4791  6251 D OplusNetworkFactory: got request NetworkRequest [ REQUEST id=283, [ Capabilities: INTERNET&NOT_RESTRICTED&TRUSTED&NOT_VCN_MANAGED&NOT_BANDWIDTH_CONSTRAINED Uid: 10137 RequestorUid: 10137 RequestorPkg: com.coloros.sceneservice UnderlyingNetworks: Null] ]
07-29 15:46:40.815  3356  4383 D UntrustedWifiNetworkFactory: got request NetworkRequest [ REQUEST id=283, [ Capabilities: INTERNET&NOT_RESTRICTED&TRUSTED&NOT_VCN_MANAGED&NOT_BANDWIDTH_CONSTRAINED Uid: 10137 RequestorUid: 10137 RequestorPkg: com.coloros.sceneservice UnderlyingNetworks: Null] ]
07-29 15:46:40.815  3356  4383 D OemPaidWifiNetworkFactory: got request NetworkRequest [ REQUEST id=283, [ Capabilities: INTERNET&NOT_RESTRICTED&TRUSTED&NOT_VCN_MANAGED&NOT_BANDWIDTH_CONSTRAINED Uid: 10137 RequestorUid: 10137 RequestorPkg: com.coloros.sceneservice UnderlyingNetworks: Null] ]
07-29 15:46:40.815  3356  4383 D MultiInternetWifiNetworkFactory: got request NetworkRequest [ REQUEST id=283, [ Capabilities: INTERNET&NOT_RESTRICTED&TRUSTED&NOT_VCN_MANAGED&NOT_BANDWIDTH_CONSTRAINED Uid: 10137 RequestorUid: 10137 RequestorPkg: com.coloros.sceneservice UnderlyingNetworks: Null] ]
07-29 15:46:40.815  3356  4392 D ConnectivityService: NetReassign [no changes] [c 0] [a 0] [i 1]
07-29 15:46:40.815  4906  6328 W Binder  : Caught a RuntimeException from the binder stub implementation.
07-29 15:46:40.815  4906  6328 W Binder  : java.lang.NullPointerException: Attempt to invoke virtual method 'boolean android.net.Uri.equals(java.lang.Object)' on a null object reference
07-29 15:46:40.815  4906  6328 W Binder  : 	at xb.a$b.onChange(Unknown Source:16)
07-29 15:46:40.815  4906  6328 W Binder  : 	at android.database.ContentObserver.onChange(ContentObserver.java:184)
07-29 15:46:40.815  4906  6328 W Binder  : 	at android.database.ContentObserver.onChange(ContentObserver.java:202)
07-29 15:46:40.815  4906  6328 W Binder  : 	at android.database.ContentObserver.onChange(ContentObserver.java:224)
07-29 15:46:40.815  4906  6328 W Binder  : 	at android.database.ContentObserver.onChange(ContentObserver.java:236)
07-29 15:46:40.815  4906  6328 W Binder  : 	at android.database.ContentObserver.dispatchChange(ContentObserver.java:335)
07-29 15:46:40.815  4906  6328 W Binder  : 	at android.database.ContentObserver$Transport.onChangeEtc(ContentObserver.java:357)
07-29 15:46:40.815  4906  6328 W Binder  : 	at android.database.IContentObserver$Stub.onTransact(IContentObserver.java:120)
07-29 15:46:40.815  4906  6328 W Binder  : 	at android.os.Binder.execTransactInternal(Binder.java:1523)
07-29 15:46:40.815  4906  6328 W Binder  : 	at android.os.Binder.execTransact(Binder.java:1457)
07-29 15:46:40.817  4791  4791 D ServiceStateProvider: subId=1
07-29 15:46:40.817  3356  4086 W BestClock: java.time.DateTimeException: Missing network time fix
07-29 15:46:40.817  4992  4992 I QImsService: OplusPhoneStateTracker : onServiceStateChanged
07-29 15:46:40.818  4992  4992 I QImsService: OplusPhoneStateTracker : onServiceStateChanged
07-29 15:46:40.818  5077  5077 D SubsysEventListenerManager-SubsysTelephonyCallback[0]: onServiceStateChanged
07-29 15:46:40.818  5077  5077 D ChinaRoamingControl: registTelephonyEvent onServiceStateChanged eventId:5, VoiceRegState:1, DataRegState:1
07-29 15:46:40.818  5077  5077 D QuickChangeAirplaneModeEvent: onServiceStateChanged slotId:0
07-29 15:46:40.818  3356  4088 W BestClock: java.time.DateTimeException: Missing network time fix
07-29 15:46:40.818  5077  6041 D cellularState[0]: handleMessage: E msg.what=4
07-29 15:46:40.818  5077  6041 D cellularState[0]: processMsg: DataCallingState
07-29 15:46:40.818  5077  6041 D cellularState[0]: processMsg: NetworkAttachedState
07-29 15:46:40.818  5077  6041 D cellularState[0]: processMsg: SimReadyState
07-29 15:46:40.818  5077  6041 D cellularState[0]: processMsg: DefaultState
07-29 15:46:40.819  5077  6041 E cellularState[0]:  - unhandledMessage: msg.what=4
07-29 15:46:40.819  5077  6041 D cellularState[0]: handleMessage: X
07-29 15:46:40.819  3356  6895 W ContextImpl: Calling a method in the system process without a qualified user: android.app.ContextImpl.sendBroadcastMultiplePermissions:1311 android.content.Context.sendBroadcastMultiplePermissions:2524 com.android.server.TelephonyRegistry.broadcastServiceStateChanged:3740 com.android.server.TelephonyRegistry.notifyServiceStateForPhoneId:1787 com.android.internal.telephony.ITelephonyRegistry$Stub.onTransact:546 
07-29 15:46:40.819  1682  1682 D Zygote  : Forked child process 13069
07-29 15:46:40.819  4906  5479 D T-Recommend: onPreHandleMessage 1000
07-29 15:46:40.819  4906  5479 E CellularEvent: nri null ps
07-29 15:46:40.819  4906  5479 E CellularEvent: invalid nri
07-29 15:46:40.819  4906  5479 D T-Recommend: onPostHandleMessage 1000
07-29 15:46:40.820  4906  5482 D OplusLinkBoostCommon: dds servicestate change
07-29 15:46:40.820  5077  5077 D QuickChangeAirplaneModeEvent: isBothCardInService is false
07-29 15:46:40.820  5077  5077 D MsimSubModeManager: registTelephonyEvent onServiceStateChanged eventId:3, VoiceRegState:1, DataRegState:1
07-29 15:46:40.820  5077  5077 E ExtremeCommUtils: getSwitchRusSupportMcc invalid index 1
07-29 15:46:40.820  5077  5077 D ExtremeCommUtils: isSupporCheck rusContain:false,propContain(persist.sys.oplus.support_hyper_uplink_mcc):false
07-29 15:46:40.820  5077  5077 D ExtremeCommService: handleServiceStateChanged mcc is null
07-29 15:46:40.820  5077  5077 D ChinaRoamingControl: handleMessage what:5
07-29 15:46:40.820  5077  5077 D MsimSubModeManager: handleMessage what:3
07-29 15:46:40.820  5077  5077 D MsimSubModeManager: getMsimSimServiceIn() i:0,mServiceState:1
07-29 15:46:40.820  5077  5077 D MsimSubModeManager: getMsimSimServiceIn() i:1,mServiceState:1
07-29 15:46:40.821  4906  5483 D NAS-CallIssueDetector: onServiceStateChanged
