device
--------- beginning of main
07-29 18:45:40.340 11630 11646 W System  : A resource failed to call AbstractCursor.close. 
07-29 18:45:40.422  1829  4507 I sensors-hal: handle_oplus_wise_rgb_event:189, high_pwm_light:lux 171.8,cct 3516.2,brl/algo/ir 1329.0/2.0/23.2,pwm/dc 0.0/0.0,rgbc 13608.558594/9011.931641/3839.107910/25230.476562,ts 49033019525,cnt 670,flag 65664
07-29 18:45:40.424  1915  4495 I Dpps    : LtmSwState::SetParameter():144 ignore cmd 7 in state LtmOffState
07-29 18:45:40.438 10749 10945 D BootUtil: savedDiffTime: 1753829091163, currentDiffTime: 1753829091164, isReboot: false
07-29 18:45:40.522  1992  1992 D SensorFeature: name=ssc_screenshot_info ,index = 22
07-29 18:45:40.523  1992  1992 D SensorFeature: write 29 bytes:46890551335,49357098678,129,0
07-29 18:45:40.679  2013  2041 D BatteryChargeControl: bcc get no support from charging protocol
07-29 18:45:40.682  3362  4443 D FusionLightNextGen: process end reported = 1, mode: 0, lux 320.0, cct -1.0, r/g/b/c: 13596.5/9011.9/3833.2/25281.6, R/G/B: 106.0/100.0/99.0, bri 1329.0, match 1.00, ir 0.024368, conf 0.0, ts 49339699629
07-29 18:45:40.683  1915  4495 I Dpps    : LtmSwState::SetParameter():144 ignore cmd 7 in state LtmOffState
--------- beginning of system
07-29 18:45:40.710  3362  3823 D VRR [OPlusGameStatusManager]: handleMessage: 7004
07-29 18:45:40.710  3362  3823 D VRR [OPlusGameStatusManager]: handleBrightnessDone
07-29 18:45:40.825  1992  1992 D SensorFeature: name=ssc_screenshot_info ,index = 22
07-29 18:45:40.826  1992  1992 D SensorFeature: write 29 bytes:46890551335,49660896698,130,0
07-29 18:45:40.950  1829  4507 I sensors-hal: handle_oplus_wise_rgb_event:189, high_pwm_light:lux 171.1,cct 3522.2,brl/algo/ir 1329.0/2.0/24.3,pwm/dc 0.0/0.0,rgbc 13584.412109/9021.291992/3831.237061/25263.718750,ts 49638448640,cnt 680,flag 65666
07-29 18:45:40.951  1915  4495 I Dpps    : LtmSwState::SetParameter():144 ignore cmd 7 in state LtmOffState
07-29 18:45:40.983  3240  3240 E OplusTouchDaemon: ts_run_service: shellback temperature updated 35 (35696)
07-29 18:45:40.986  7380  8299 I SG::SettingManager: metisDomainObserver: data change. selfChange=false [base|com.oplus.pantanal.ums|1.5.5-f48228a]
07-29 18:45:40.990  8617  8652 I ContextAware_DomainProvider: ums getSubDomainInfo intentMap:{travel_preparation=travel, internal_aod_prompt=app_prompt, file_manager=system_tools, creation_activity=system_tools, internal_xiaobu=system_settings, takeout=life_service, terminals_cloud=system_tools, tips=system_settings, internal_assistant_screen=ASSISTANT_SCREEN, navigation=app_prompt, internal_intent_lib=system_tools, weather=system_tools, payment=financial_planning, internal_address_recognition=system_tools, communication=system_tools, train=travel, ridehailing=travel, repayment=financial_planning, course_reminder=workplace_learning, read=media_service, epidemic=travel, travel_service=life_service, movie_performance=life_service, living_expense_payment_reminder=life_service, application_suggestions=system_tools, open_wlan=system_settings, commute=life_service, clear_memory=system_settings, internal_upgrade=app_upgrade, close_torch=system_settings, flight=travel, movie_notice=life_service, event_services=media_service, game=system_tools, content_consult=media_service, sticky_note=system_tools, appointment_reminder=system_settings, departure_reminder=life_service, recording=system_tools, video=media_service, outdoor_activities=system_settings, festival_reminder=media_service, living_expenses=financial_planning, application_recommendat=system_tools, hotel=travel_epidemic, nearby_power_bank=life_service, audio=media_service, store_service=life_service, publictransit=travel, calendar=system_settings, delivery=life_service, internal_account_bind=account_bind, domestic_travel_service=life_service, xiaobu_assistant=system_tools, health=system_tools, app_usage=system_settings, meal=life_service, text_intent=system_tools, parking_service=travel, internal_demo_mode=sale_mode} [base|com.oplus.metis|1.5.5-f48228a]
07-29 18:45:40.993  8617  8652 I ContextAware_DomainProvider: ums getSubDomainInfo result:travel_preparation: true,internal_aod_prompt: false,file_manager: true,creation_activity: true,internal_xiaobu: false,takeout: true,terminals_cloud: true,tips: true,internal_assistant_screen: false,navigation: true,internal_intent_lib: false,weather: true,payment: true,internal_address_recognition: false,communication: true,train: true,ridehailing: true,repayment: true,course_reminder: true,read: true,epidemic: false,travel_service: true,movie_performance: true,living_expense_payment_reminder: true,application_suggestions: false,open_wlan: true,commute: true,clear_memory: true,internal_upgrade: false,close_torch: true,flight: true,movie_notice: true,event_services: true,game: true,content_consult: true,sticky_note: true,appointment_reminder: true,departure_reminder: true,recording: true,video: true,outdoor_activities: true,festival_reminder: false,living_expenses: false,application_recommendat: false,hotel: true,nearby_power_bank: true,audio: true,store_service: true,publictransit: true,calendar: true,delivery: true,internal_account_bind: false,domestic_travel_service: true,xiaobu_assistant: true,health: true,app_usage: true,meal: true,text_intent: true,parking_service: true,internal_demo_mode: false,
07-29 18:45:40.995  7380  8299 I SG::SettingManager: delete: []
07-29 18:45:40.996  7380  8299 I SG::SettingManager: query from metis: [CloudDataEntity(subDomain='travel_preparation', domain=travel), CloudDataEntity(subDomain='file_manager', domain=system_tools), CloudDataEntity(subDomain='creation_activity', domain=system_tools), CloudDataEntity(subDomain='takeout', domain=life_service), CloudDataEntity(subDomain='terminals_cloud', domain=system_tools), CloudDataEntity(subDomain='tips', domain=system_settings), CloudDataEntity(subDomain='navigation', domain=app_prompt), CloudDataEntity(subDomain='weather', domain=system_tools), CloudDataEntity(subDomain='payment', domain=financial_planning), CloudDataEntity(subDomain='communication', domain=system_tools), CloudDataEntity(subDomain='train', domain=travel), CloudDataEntity(subDomain='ridehailing', domain=travel), CloudDataEntity(subDomain='repayment', domain=financial_planning), CloudDataEntity(subDomain='course_reminder', domain=workplace_learning), CloudDataEntity(subDomain='read', domain=media_service), CloudDataEntity(subDomain='travel_service', domain=life_service), CloudDataEntity(subDomain='movie_performance', domain=life_service), CloudDataEntity(subDomain='living_expense_payment_reminder', domain=life_service), CloudDataEntity(subDomain='open_wlan', domain=system_settings), CloudDataEntity(subDomain='commute', domain=life_service), CloudDataEntity(subDomain='clear_memory', domain=system_settings), CloudDataEntity(subDomain='close_torch', domain=system_settings), CloudDataEntity(subDomain='flight', domain=travel), CloudDataEntity(subDomain='movie_notice', domain=life_service), CloudDataEntity(subDomain='event_services', domain=media_service), CloudDataEntity(subDomain='game', domain=system_tools), CloudDataEntity(subDomain='content_consult', domain=media_service), CloudDataEntity(subDomain='sticky_note', domain=system_tools), CloudDataEntity(subDomain='appointment_reminder', domain=system_settings), CloudDataEntity(subDomain='departure_reminder', domain=life_service), CloudDataEntity(subDomain='recording', domain=system_tools), CloudDataEntity(subDomain='video', domain=media_service), CloudDataEntity(subDomain='outdoor_activities', domain=system_settings), CloudDataEntity(subDomain='hotel', domain=travel_epidemic), CloudDataEntity(subDomain='nearby_power_bank', domain=life_service), CloudDataEntity(subDomain='audio', domain=media_service), CloudDataEntity(subDomain='store_service', domain=life_service), CloudDataEntity(subDomain='publictransit', domain=travel), CloudDataEntity(subDomain='calendar', domain=system_settings), CloudDataEntity(subDomain='delivery', domain=life_service), CloudDataEntity(subDomain='domestic_travel_service', domain=life_service), CloudDataEntity(subDomain='xiaobu_assistant', domain=system_tools), CloudDataEntity(subDomain='health', domain=system_tools), CloudDataEntity(subDomain='app_usage', domain=system_settings), CloudDataEntity(subDomain='meal', domain=life_service), CloudDataEntity(subDomain='text_intent', domain=system_tools), CloudDataEntity(subDomain='parking_service', domain=travel)]
07-29 18:45:41.003  7380  8636 I SG::UpdateSubDomainUtil: updateWhenMetisChange forceUpdate: false [base|com.oplus.pantanal.ums|1.5.5-f48228a]
07-29 18:45:41.003  7380  8636 W SG::UpdateSubDomainUtil: allChangeDomains is empty!
07-29 18:45:41.128  1992  1992 D SensorFeature: name=ssc_screenshot_info ,index = 22
07-29 18:45:41.128  1992  1992 D SensorFeature: write 29 bytes:46890551335,49963760865,131,0
07-29 18:45:41.137  3362  4455 D ActivityManager: Freezer deadlock watchdog
07-29 18:45:41.214  1915  4495 I Dpps    : LtmSwState::SetParameter():144 ignore cmd 7 in state LtmOffState
07-29 18:45:41.431  1992  1992 D SensorFeature: name=ssc_screenshot_info ,index = 22
07-29 18:45:41.431  1992  1992 D SensorFeature: write 29 bytes:46890551335,50266616854,132,0
07-29 18:45:41.444 10749 10945 D BootUtil: savedDiffTime: 1753829091164, currentDiffTime: 1753829091164, isReboot: false
07-29 18:45:41.480  1829  4507 I sensors-hal: handle_oplus_wise_rgb_event:189, high_pwm_light:lux 170.6,cct 3506.2,brl/algo/ir 1329.0/2.0/25.0,pwm/dc 0.0/0.0,rgbc 13572.339844/9014.271484/3829.269287/25245.818359,ts 50244082598,cnt 690,flag 65668
07-29 18:45:41.480  1915  4495 I Dpps    : LtmSwState::SetParameter():144 ignore cmd 7 in state LtmOffState
07-29 18:45:41.680  2013  2041 D BatteryChargeControl: bcc get no support from charging protocol
07-29 18:45:41.733  1992  1992 D SensorFeature: name=ssc_screenshot_info ,index = 22
07-29 18:45:41.733  1992  1992 D SensorFeature: write 29 bytes:46890551335,50568410135,133,0
07-29 18:45:41.750  1915  4495 I Dpps    : LtmSwState::SetParameter():144 ignore cmd 7 in state LtmOffState
07-29 18:45:41.781  3362  4923 W Binder  : Outgoing transactions from this process must be FLAG_ONEWAY
07-29 18:45:41.781  3362  4923 W Binder  : java.lang.Throwable
07-29 18:45:41.781  3362  4923 W Binder  : 	at android.os.BinderProxy.transact(BinderProxy.java:633)
07-29 18:45:41.781  3362  4923 W Binder  : 	at android.content.ContentProviderProxy.insert(ContentProviderNative.java:587)
07-29 18:45:41.781  3362  4923 W Binder  : 	at android.content.ContentProviderClient.insert(ContentProviderClient.java:347)
07-29 18:45:41.781  3362  4923 W Binder  : 	at android.content.ContentProviderClient.insert(ContentProviderClient.java:336)
07-29 18:45:41.781  3362  4923 W Binder  : 	at com.oplus.util.OplusStatisticsImpl.insert(OplusStatisticsImpl.java:307)
07-29 18:45:41.781  3362  4923 W Binder  : 	at com.oplus.util.OplusStatisticsImpl.sendDataToDCS(OplusStatisticsImpl.java:287)
07-29 18:45:41.781  3362  4923 W Binder  : 	at com.oplus.util.OplusStatisticsImpl.flushInternal(OplusStatisticsImpl.java:264)
07-29 18:45:41.781  3362  4923 W Binder  : 	at com.oplus.util.OplusStatisticsImpl.lambda$setDelayFlushJobIfNeed$4(OplusStatisticsImpl.java:211)
07-29 18:45:41.781  3362  4923 W Binder  : 	at com.oplus.util.OplusStatisticsImpl.$r8$lambda$4UYTp2NCu6Rml69JNqEuK7o54SI(Unknown Source:0)
07-29 18:45:41.781  3362  4923 W Binder  : 	at com.oplus.util.OplusStatisticsImpl$$ExternalSyntheticLambda5.run(D8$$SyntheticClass:0)
07-29 18:45:41.781  3362  4923 W Binder  : 	at java.util.concurrent.Executors$RunnableAdapter.call(Executors.java:487)
07-29 18:45:41.781  3362  4923 W Binder  : 	at java.util.concurrent.FutureTask.run(FutureTask.java:290)
07-29 18:45:41.781  3362  4923 W Binder  : 	at java.util.concurrent.ScheduledThreadPoolExecutor$ScheduledFutureTask.run(ScheduledThreadPoolExecutor.java:307)
07-29 18:45:41.781  3362  4923 W Binder  : 	at java.util.concurrent.ThreadPoolExecutor.runWorker(ThreadPoolExecutor.java:1145)
07-29 18:45:41.781  3362  4923 W Binder  : 	at java.util.concurrent.ThreadPoolExecutor$Worker.run(ThreadPoolExecutor.java:644)
07-29 18:45:41.781  3362  4923 W Binder  : 	at java.lang.Thread.run(Thread.java:1012)
07-29 18:45:42.036  1992  1992 D SensorFeature: name=ssc_screenshot_info ,index = 22
07-29 18:45:42.036  1992  1992 D SensorFeature: write 29 bytes:46890551335,50871460292,134,0
07-29 18:45:42.039  1829  4507 I sensors-hal: handle_oplus_wise_rgb_event:189, high_pwm_light:lux 171.3,cct 3511.1,brl/algo/ir 1329.0/2.0/23.9,pwm/dc 0.0/0.0,rgbc 13630.289062/9040.012695/3831.237061/25294.402344,ts 50816684265,cnt 700,flag 65670
07-29 18:45:42.040  1915  4495 I Dpps    : LtmSwState::SetParameter():144 ignore cmd 7 in state LtmOffState
07-29 18:45:42.053  3362  3814 D OplusFeatureHDREnhanceBrightness: checkIsPlayingHDR isPlayingHDR=0 rotation=0 whiteApp=false battery=100
07-29 18:45:42.132  3362  5092 I OplusHansManager : uid=10157, pkg=com.baidu.input_oppo cannot transition from R to M, importance=input
07-29 18:45:42.252  3362  4467 V AlarmManager: sending alarm Alarm{3f151a6 type 2 origWhen 51088 whenElapsed 51088 android} uid 1000 whenElapsed 51088 windowLength 0 maxWhenElapsed 51088 repeatInterval 0 action null component null tag $android.alarm.generated:1000:51088 flags 0x9 procName system_server
07-29 18:45:42.258  3362  3621 D LocationManagerService: network provider removed registration from 10154/com.coloros.assistantscreen/D777B32E
07-29 18:45:42.278  1915  4495 I Dpps    : LtmSwState::SetParameter():144 ignore cmd 7 in state LtmOffState
07-29 18:45:42.293  5249  5249 D SubsysEventListenerManager-SubsysTelephonyCallback[0]: onCellInfoChanged
07-29 18:45:42.340  1992  1992 D SensorFeature: name=ssc_screenshot_info ,index = 22
07-29 18:45:42.340  1992  1992 D SensorFeature: write 29 bytes:46890551335,51174033417,135,0
07-29 18:45:42.419 12921 13056 D ProfileInstaller: Installing profile for com.oplus.linker
07-29 18:45:42.490  5046  5943 W BluetoothAdapterExtImpl: getBluetoothConnectionCountï¼šmOplusBluetooth null!
07-29 18:45:42.492  5046  5943 D TelephonyImpl: isRequestingMms
07-29 18:45:42.492  5046  5943 D TelephonyImpl: getReleaseMmsNetworkTime
07-29 18:45:42.494  5046  5943 D OplusDdsSwitchStrategy: Md,OplusCheckFeature,RETURN_TO_CUR_ACTION_DDS
07-29 18:45:42.542  1829  4507 I sensors-hal: handle_oplus_wise_rgb_event:189, high_pwm_light:lux 171.8,cct 3520.3,brl/algo/ir 1329.0/2.0/23.7,pwm/dc 0.0/0.0,rgbc 13581.997070/9028.311523/3833.204834/25268.832031,ts 51149684473,cnt 710,flag 65671
07-29 18:45:42.544  1915  4495 I Dpps    : LtmSwState::SetParameter():144 ignore cmd 7 in state LtmOffState
07-29 18:45:42.624  1824  1824 D healthd : system healthd: battery l=100 v=4402 t=31.7 h=2 st=2 c=-168 fc=5920000 cc=19 chg=u
07-29 18:45:42.641  1992  1992 D SensorFeature: name=ssc_screenshot_info ,index = 22
07-29 18:45:42.641  1992  1992 D SensorFeature: write 29 bytes:46890551335,51477484510,136,0
07-29 18:45:42.646  5046  7355 I PCDR-common_no_service[0]: lift forbidden
07-29 18:45:42.646  5046  7355 I PCDR-common_no_45g[0]: lift forbidden
07-29 18:45:42.662  2013  2013 D vendor.oplus.hardware.charger-V7-service: get_ui_charge_icon_type 0 0 0 0 0
07-29 18:45:42.662  2013  2013 D vendor.oplus.hardware.charger-V7-service: oplus_chg_get_cpa_power 2500 charge_online 1 retention_topic 0
07-29 18:45:42.662  2013  2013 D vendor.oplus.hardware.charger-V7-service: oplus_chg_get_cpa_power 2500 charge_online 1 retention_topic 0
07-29 18:45:42.663  2013  2013 D vendor.oplus.hardware.charger-V7-service: getIsSingleHyperSupport=2, cpa_power=2
07-29 18:45:42.680  2013  2041 D BatteryChargeControl: bcc get no support from charging protocol
07-29 18:45:42.808  1915  4495 I Dpps    : LtmSwState::SetParameter():144 ignore cmd 7 in state LtmOffState
07-29 18:45:42.948  1992  1992 D SensorFeature: name=ssc_screenshot_info ,index = 22
07-29 18:45:42.948  1992  1992 D SensorFeature: write 29 bytes:46890551335,51782512062,137,0
07-29 18:45:43.078  1829  4507 I sensors-hal: handle_oplus_wise_rgb_event:189, high_pwm_light:lux 171.4,cct 3509.0,brl/algo/ir 1329.0/2.0/24.0,pwm/dc 0.0/0.0,rgbc 13565.095703/9011.931641/3835.172607/25266.275391,ts 51763564838,cnt 720,flag 65673
07-29 18:45:43.079  1915  4495 I Dpps    : LtmSwState::SetParameter():144 ignore cmd 7 in state LtmOffState
07-29 18:45:43.131  3362  4685 E OplusNetworkStackManager: initService mNetworkStackService is null, try again in 10s
07-29 18:45:43.208  1807  1809 E Diag-Router: diag: glinkpkt_open: failed to create control node for slate_apps
07-29 18:45:43.209  1807  1809 E Diag-Router: diag: diag_glinkpkt_open_thread: Glinkpkt_open failed for perif: 12 with err: -1, retry_cnt: 8
07-29 18:45:43.209  1807  1810 E Diag-Router: diag: glinkpkt_open: failed to create control node for slate_adsp
07-29 18:45:43.209  1807  1810 E Diag-Router: diag: diag_glinkpkt_open_thread: Glinkpkt_open failed for perif: 13 with err: -1, retry_cnt: 8
07-29 18:45:43.254  1992  1992 D SensorFeature: name=ssc_screenshot_info ,index = 22
07-29 18:45:43.254  1992  1992 D SensorFeature: write 29 bytes:46890551335,52088582895,138,0
07-29 18:45:43.342  3362  4443 D FusionLightNextGen: process end reported = 1, mode: 0, lux 319.8, cct -1.0, r/g/b/c: 13596.5/9019.0/3817.5/25261.2, R/G/B: 106.0/100.0/99.0, bri 1329.0, match 1.00, ir 0.024652, conf 0.0, ts 52070539004
07-29 18:45:43.343  1915  4495 I Dpps    : LtmSwState::SetParameter():144 ignore cmd 7 in state LtmOffState
07-29 18:45:43.396  3362  3721 D OomAdjuster: Not killing cached processes
07-29 18:45:43.400  2013  2029 D vendor.oplus.hardware.charger-V7-service: s_chg_user_mode: 3
07-29 18:45:43.400  2013  2029 D vendor.oplus.hardware.charger-V7-service: scale_chg Start!!!
07-29 18:45:43.401  2013  2029 D vendor.oplus.hardware.charger-V7-service: [0, 0, 3]
07-29 18:45:43.401  2013  2029 D vendor.oplus.hardware.charger-V7-service: [0, 2, 9]
07-29 18:45:43.401  2013  2029 D vendor.oplus.hardware.charger-V7-service: [0, 1, 3]
07-29 18:45:43.401  2013  2029 D vendor.oplus.hardware.charger-V7-service: [0, 3, 3]
07-29 18:45:43.401  2013  2029 D vendor.oplus.hardware.charger-V7-service: [0, 4, 3]
07-29 18:45:43.401  2013  2029 D vendor.oplus.hardware.charger-V7-service: [0, 5, 5]
07-29 18:45:43.401  2013  2029 D vendor.oplus.hardware.charger-V7-service: [0, 6, 9]
07-29 18:45:43.401  2013  2029 D vendor.oplus.hardware.charger-V7-service: scale_chg Start!!!
07-29 18:45:43.401  2013  2040 D vendor.oplus.hardware.charger-V7-service: ret_value:115, read content:,317,317,4402,4401,-168,98,100,1,1,0,494,4653,100,1,4500,300,500,0,12,-22,12,0,1,0,2,0,0,0,1,6098,99,0,0,0,0,0,0,0
07-29 18:45:43.401  2013  2029 D vendor.oplus.hardware.charger-V7-service: [0, 0, 3]
07-29 18:45:43.402  2013  2040 D vendor.oplus.hardware.charger-V7-service: gmtime: 2025-07-29-18-45-43
07-29 18:45:43.402  2013  2029 D vendor.oplus.hardware.charger-V7-service: [0, 2, 10]
07-29 18:45:43.402  2013  2029 D vendor.oplus.hardware.charger-V7-service: [0, 1, 3]
07-29 18:45:43.402  2013  2029 D vendor.oplus.hardware.charger-V7-service: [0, 3, 3]
07-29 18:45:43.402  2013  2029 D vendor.oplus.hardware.charger-V7-service: [0, 4, 3]
07-29 18:45:43.402  2013  2029 D vendor.oplus.hardware.charger-V7-service: [0, 5, 3]
07-29 18:45:43.402  2013  2040 D vendor.oplus.hardware.charger-V7-service: usb_online:1, ac_online:-2147483648, wireless_online:0
07-29 18:45:43.402  2013  2029 D vendor.oplus.hardware.charger-V7-service: [0, 6, 10]
07-29 18:45:43.424  3362  4842 I Osense-BaseDecisionMaker: notifySceneToAthenaPolicy: SCENE_IDLE_RECOVER, bundle: Bundle[{scene=SCENE_IDLE_RECOVER}]
07-29 18:45:43.426  3362  4842 I Osense-BaseDecisionMaker: scene: SCENE_IDLE_RECOVER, excutingPolicy: respreload
07-29 18:45:43.426  3362  4842 D Osense-BaseDecisionMaker: invoke process preload policy
07-29 18:45:43.427  3362  4842 I Osense-BaseDecisionMaker: scene: SCENE_IDLE_RECOVER, excutingPolicy: clear
07-29 18:45:43.427  3362  4842 D Osense-BaseDecisionMaker: invoke clear policy,type: unforbid
07-29 18:45:43.427  3362  4842 I OsenseKillAction: KillAction: unhandled request: id=9, enable=true, scene=SCENE_IDLE_RECOVER, type=unforbid, cchOnly=false, appcare=0
07-29 18:45:43.557  1992  1992 D SensorFeature: name=ssc_screenshot_info ,index = 22
07-29 18:45:43.557  1992  1992 D SensorFeature: write 29 bytes:46890551335,52392160551,139,0
07-29 18:45:43.604  1829  4507 I sensors-hal: handle_oplus_wise_rgb_event:189, high_pwm_light:lux 171.3,cct 3515.2,brl/algo/ir 1329.0/2.0/24.1,pwm/dc 0.0/0.0,rgbc 13591.656250/9032.992188/3841.076172/25253.490234,ts 52369240879,cnt 730,flag 65675
07-29 18:45:43.606  1915  4495 I Dpps    : LtmSwState::SetParameter():144 ignore cmd 7 in state LtmOffState
07-29 18:45:43.684  2013  2041 D BatteryChargeControl: bcc get no support from charging protocol
07-29 18:45:43.733  3362  3710 D Theia.TransparentWindow: handleMessage CHECK_TRANS_WINDOW_ERROR_MSG
07-29 18:45:43.863  1992  1992 D SensorFeature: name=ssc_screenshot_info ,index = 22
07-29 18:45:43.864  1992  1992 D SensorFeature: write 29 bytes:46890551335,52698020187,140,0
07-29 18:45:43.872  1915  4495 I Dpps    : LtmSwState::SetParameter():144 ignore cmd 7 in state LtmOffState
07-29 18:45:44.166  1992  1992 D SensorFeature: name=ssc_screenshot_info ,index = 22
07-29 18:45:44.166  1992  1992 D SensorFeature: write 29 bytes:46890551335,53001458260,141,0
07-29 18:45:44.169  1829  4507 I sensors-hal: handle_oplus_wise_rgb_event:189, high_pwm_light:lux 170.9,cct 3502.7,brl/algo/ir 1329.0/2.0/24.5,pwm/dc 0.0/0.0,rgbc 13615.802734/9004.911133/3837.140381/25220.248047,ts 52941869629,cnt 740,flag 65677
07-29 18:45:44.170  1915  4495 I Dpps    : LtmSwState::SetParameter():144 ignore cmd 7 in state LtmOffState
07-29 18:45:44.406  1915  4495 I Dpps    : LtmSwState::SetParameter():144 ignore cmd 7 in state LtmOffState
07-29 18:45:44.469  1992  1992 D SensorFeature: name=ssc_screenshot_info ,index = 22
07-29 18:45:44.470  1992  1992 D SensorFeature: write 29 bytes:46890551335,53304400603,142,0
07-29 18:45:44.669  1829  4507 I sensors-hal: handle_oplus_wise_rgb_event:189, high_pwm_light:lux 171.1,cct 3513.7,brl/algo/ir 1329.0/2.0/24.1,pwm/dc 0.0/0.0,rgbc 13557.852539/8979.168945/3837.140381/25263.718750,ts 53282980671,cnt 750,flag 65678
07-29 18:45:44.671  1915  4495 I Dpps    : LtmSwState::SetParameter():144 ignore cmd 7 in state LtmOffState
07-29 18:45:44.685  2013  2041 D BatteryChargeControl: bcc get no support from charging protocol
07-29 18:45:44.775  1992  1992 D SensorFeature: name=ssc_screenshot_info ,index = 22
07-29 18:45:44.775  1992  1992 D SensorFeature: write 29 bytes:46890551335,53610795395,143,0
07-29 18:45:44.871  5249  6050 E OplusNetworkStackManager: initService mNetworkStackService is null, try again in 10s
07-29 18:45:44.935  1915  4495 I Dpps    : LtmSwState::SetParameter():144 ignore cmd 7 in state LtmOffState
07-29 18:45:45.077  1992  1992 D SensorFeature: name=ssc_screenshot_info ,index = 22
07-29 18:45:45.077  1992  1992 D SensorFeature: write 29 bytes:46890551335,53912805655,144,0
07-29 18:45:45.199  1829  4507 I sensors-hal: handle_oplus_wise_rgb_event:189, high_pwm_light:lux 171.9,cct 3521.3,brl/algo/ir 1329.0/2.0/23.2,pwm/dc 0.0/0.0,rgbc 13594.069336/9016.612305/3835.172607/25240.703125,ts 53888746817,cnt 760,flag 65680
07-29 18:45:45.200  1915  4495 I Dpps    : LtmSwState::SetParameter():144 ignore cmd 7 in state LtmOffState
07-29 18:45:45.381  1992  1992 D SensorFeature: name=ssc_screenshot_info ,index = 22
07-29 18:45:45.381  1992  1992 D SensorFeature: write 29 bytes:46890551335,54215722478,145,0
07-29 18:45:45.436  4984  6297 E OplusNetworkStackManager: initService mNetworkStackService is null, try again in 10s
07-29 18:45:45.469  1915  4495 I Dpps    : LtmSwState::SetParameter():144 ignore cmd 7 in state LtmOffState
07-29 18:45:45.564  3362  4455 D ActivityManager: freezing 12857 com.oplus.onetrace
07-29 18:45:45.685  2013  2041 D BatteryChargeControl: bcc get no support from charging protocol
07-29 18:45:45.686  1992  1992 D SensorFeature: name=ssc_screenshot_info ,index = 22
07-29 18:45:45.687  1992  1992 D SensorFeature: write 29 bytes:46890551335,54521477426,146,0
07-29 18:45:45.731  1829  4507 I sensors-hal: handle_oplus_wise_rgb_event:189, high_pwm_light:lux 171.4,cct 3517.5,brl/algo/ir 1329.0/2.0/23.6,pwm/dc 0.0/0.0,rgbc 13596.486328/9021.291992/3837.140381/25284.173828,ts 54502555827,cnt 770,flag 65682
07-29 18:45:45.732  1915  4495 I Dpps    : LtmSwState::SetParameter():144 ignore cmd 7 in state LtmOffState
07-29 18:45:45.993  1992  1992 D SensorFeature: name=ssc_screenshot_info ,index = 22
07-29 18:45:45.993  1992  1992 D SensorFeature: write 29 bytes:46890551335,54827748467,147,0
07-29 18:45:45.996  3362  4443 D FusionLightNextGen: process end reported = 1, mode: 0, lux 321.2, cct -1.0, r/g/b/c: 13577.2/9035.3/3837.1/25304.6, R/G/B: 106.0/100.0/99.0, bri 1329.0, match 1.00, ir 0.024010, conf 0.0, ts 54801179681
07-29 18:45:45.997  1915  4495 I Dpps    : LtmSwState::SetParameter():144 ignore cmd 7 in state LtmOffState
07-29 18:45:46.299  1992  1992 D SensorFeature: name=ssc_screenshot_info ,index = 22
07-29 18:45:46.299  1992  1992 D SensorFeature: write 29 bytes:46890551335,55133964352,148,0
07-29 18:45:46.303  1829  4507 I sensors-hal: handle_oplus_wise_rgb_event:189, high_pwm_light:lux 171.3,cct 3511.4,brl/algo/ir 1329.0/2.0/24.0,pwm/dc 0.0/0.0,rgbc 13606.143555/9007.251953/3827.301514/25294.402344,ts 55066783484,cnt 780,flag 65684
07-29 18:45:46.304  1915  4495 I Dpps    : LtmSwState::SetParameter():144 ignore cmd 7 in state LtmOffState
07-29 18:45:46.528  1915  4495 I Dpps    : LtmSwState::SetParameter():144 ignore cmd 7 in state LtmOffState
07-29 18:45:46.569  3362  4455 D ActivityManager: Freezer deadlock watchdog
07-29 18:45:46.602  1992  1992 D SensorFeature: name=ssc_screenshot_info ,index = 22
07-29 18:45:46.602  1992  1992 D SensorFeature: write 29 bytes:46890551335,55437552373,149,0
07-29 18:45:46.686  2013  2041 D BatteryChargeControl: bcc get no support from charging protocol
07-29 18:45:46.796  1829  4507 I sensors-hal: handle_oplus_wise_rgb_event:189, high_pwm_light:lux 171.4,cct 3510.1,brl/algo/ir 1329.0/2.0/24.0,pwm/dc 0.0/0.0,rgbc 13557.852539/9023.631836/3835.172607/25271.390625,ts 55416216556,cnt 790,flag 65685
07-29 18:45:46.798  1915  4495 I Dpps    : LtmSwState::SetParameter():144 ignore cmd 7 in state LtmOffState
07-29 18:45:46.906  1992  1992 D SensorFeature: name=ssc_screenshot_info ,index = 22
07-29 18:45:46.906  1992  1992 D SensorFeature: write 29 bytes:46890551335,55741204873,150,0
07-29 18:45:46.907  1829  1966 I sensors-hal: get_display_brightness:818, light_iface: set screenshot_info [46890551335,55741204873,150,0]
07-29 18:45:47.059  1915  4495 I Dpps    : LtmSwState::SetParameter():144 ignore cmd 7 in state LtmOffState
07-29 18:45:47.139  3362  5092 I OplusHansManager : uid=10157, pkg=com.baidu.input_oppo cannot transition from R to M, importance=input
07-29 18:45:47.209  1992  1992 D SensorFeature: name=ssc_screenshot_info ,index = 22
07-29 18:45:47.209  1992  1992 D SensorFeature: write 29 bytes:46890551335,56044251071,151,0
07-29 18:45:47.327  1829  4507 I sensors-hal: handle_oplus_wise_rgb_event:189, high_pwm_light:lux 171.7,cct 3515.7,brl/algo/ir 1329.0/2.0/23.4,pwm/dc 0.0/0.0,rgbc 13579.583984/9014.271484/3823.365967/25222.806641,ts 56021743952,cnt 800,flag 65687
07-29 18:45:47.328  1915  4495 I Dpps    : LtmSwState::SetParameter():144 ignore cmd 7 in state LtmOffState
07-29 18:45:47.348  6503  7790 E OplusNetworkStackManager: initService mNetworkStackService is null, try again in 10s
07-29 18:45:47.511  1992  1992 D SensorFeature: name=ssc_screenshot_info ,index = 22
07-29 18:45:47.512  1992  1992 D SensorFeature: write 29 bytes:46890551335,56346678883,152,0
07-29 18:45:47.591  1915  4495 I Dpps    : LtmSwState::SetParameter():144 ignore cmd 7 in state LtmOffState
07-29 18:45:47.687  2013  2041 D BatteryChargeControl: bcc get no support from charging protocol
07-29 18:45:47.742  1824  1824 D healthd : system healthd: battery l=100 v=4403 t=31.7 h=2 st=2 c=-175 fc=5920000 cc=19 chg=u
07-29 18:45:47.780  2013  2013 D vendor.oplus.hardware.charger-V7-service: get_ui_charge_icon_type 0 0 0 0 0
07-29 18:45:47.781  2013  2013 D vendor.oplus.hardware.charger-V7-service: oplus_chg_get_cpa_power 2500 charge_online 1 retention_topic 0
07-29 18:45:47.781  2013  2013 D vendor.oplus.hardware.charger-V7-service: oplus_chg_get_cpa_power 2500 charge_online 1 retention_topic 0
07-29 18:45:47.781  2013  2013 D vendor.oplus.hardware.charger-V7-service: getIsSingleHyperSupport=2, cpa_power=2
07-29 18:45:47.783  3362  3756 D BatteryStatsImplExtImpl: mActiveProcesses size = 71
07-29 18:45:47.784  3362  3756 D BatteryStatsImplExtImpl: rpmhStats is null or interval time is too short.
07-29 18:45:47.814  1992  1992 D SensorFeature: name=ssc_screenshot_info ,index = 22
07-29 18:45:47.814  1992  1992 D SensorFeature: write 29 bytes:46890551335,56649260081,153,0
07-29 18:45:47.855  1829  4507 I sensors-hal: handle_oplus_wise_rgb_event:189, high_pwm_light:lux 171.5,cct 3516.7,brl/algo/ir 1329.0/2.0/23.5,pwm/dc 0.0/0.0,rgbc 13627.875000/9037.673828/3846.979492/25273.947266,ts 56627368744,cnt 810,flag 65689
07-29 18:45:47.856  1915  4495 I Dpps    : LtmSwState::SetParameter():144 ignore cmd 7 in state LtmOffState
07-29 18:45:48.121  1992  1992 D SensorFeature: name=ssc_screenshot_info ,index = 22
07-29 18:45:48.121  1992  1992 D SensorFeature: write 29 bytes:46890551335,56955373518,154,0
07-29 18:45:48.125  1915  4495 I Dpps    : LtmSwState::SetParameter():144 ignore cmd 7 in state LtmOffState
07-29 18:45:48.209  1807  1810 E Diag-Router: diag: glinkpkt_open: failed to create control node for slate_adsp
07-29 18:45:48.209  1807  1810 E Diag-Router: diag: diag_glinkpkt_open_thread: Glinkpkt_open failed for perif: 13 with err: -1, retry_cnt: 9
07-29 18:45:48.209  1807  1809 E Diag-Router: diag: glinkpkt_open: failed to create control node for slate_apps
07-29 18:45:48.209  1807  1809 E Diag-Router: diag: diag_glinkpkt_open_thread: Glinkpkt_open failed for perif: 12 with err: -1, retry_cnt: 9
07-29 18:45:48.402  2013  2029 D vendor.oplus.hardware.charger-V7-service: s_chg_user_mode: 3
07-29 18:45:48.402  2013  2029 D vendor.oplus.hardware.charger-V7-service: scale_chg Start!!!
07-29 18:45:48.403  2013  2040 D vendor.oplus.hardware.charger-V7-service: ret_value:115, read content:,317,317,4403,4402,-175,99,100,1,1,0,494,4648,100,1,4500,300,500,0,12,-22,12,0,1,0,2,0,0,0,1,6098,99,0,0,0,0,0,0,0
07-29 18:45:48.403  2013  2029 D vendor.oplus.hardware.charger-V7-service: [0, 0, 3]
07-29 18:45:48.403  2013  2029 D vendor.oplus.hardware.charger-V7-service: [0, 2, 9]
07-29 18:45:48.403  2013  2040 D vendor.oplus.hardware.charger-V7-service: gmtime: 2025-07-29-18-45-48
07-29 18:45:48.403  2013  2029 D vendor.oplus.hardware.charger-V7-service: [0, 1, 3]
07-29 18:45:48.403  2013  2029 D vendor.oplus.hardware.charger-V7-service: [0, 3, 3]
07-29 18:45:48.403  2013  2029 D vendor.oplus.hardware.charger-V7-service: [0, 4, 3]
07-29 18:45:48.403  2013  2029 D vendor.oplus.hardware.charger-V7-service: [0, 5, 5]
07-29 18:45:48.403  2013  2029 D vendor.oplus.hardware.charger-V7-service: [0, 6, 9]
07-29 18:45:48.403  2013  2029 D vendor.oplus.hardware.charger-V7-service: scale_chg Start!!!
07-29 18:45:48.403  2013  2040 D vendor.oplus.hardware.charger-V7-service: usb_online:1, ac_online:-2147483648, wireless_online:0
07-29 18:45:48.403  2013  2029 D vendor.oplus.hardware.charger-V7-service: [0, 0, 3]
07-29 18:45:48.403  2013  2029 D vendor.oplus.hardware.charger-V7-service: [0, 2, 10]
07-29 18:45:48.403  2013  2029 D vendor.oplus.hardware.charger-V7-service: [0, 1, 3]
07-29 18:45:48.404  2013  2029 D vendor.oplus.hardware.charger-V7-service: [0, 3, 3]
07-29 18:45:48.404  2013  2029 D vendor.oplus.hardware.charger-V7-service: [0, 4, 3]
07-29 18:45:48.404  2013  2029 D vendor.oplus.hardware.charger-V7-service: [0, 5, 3]
07-29 18:45:48.404  2013  2029 D vendor.oplus.hardware.charger-V7-service: [0, 6, 10]
07-29 18:45:48.427  1992  1992 D SensorFeature: name=ssc_screenshot_info ,index = 22
07-29 18:45:48.427  1992  1992 D SensorFeature: write 29 bytes:46890551335,57262024456,155,0
07-29 18:45:48.430  1829  4507 I sensors-hal: handle_oplus_wise_rgb_event:189, high_pwm_light:lux 171.1,cct 3514.6,brl/algo/ir 1329.0/2.0/24.3,pwm/dc 0.0/0.0,rgbc 13591.656250/9028.311523/3827.301514/25245.818359,ts 57191630723,cnt 820,flag 65691
07-29 18:45:48.431  1915  4495 I Dpps    : LtmSwState::SetParameter():144 ignore cmd 7 in state LtmOffState
07-29 18:45:48.540  3362  5357 I InputDispatcher: injectInputEvent: targetUid=<not set>, syncMode=WAIT_FOR_FINISHED, timeout=30000ms, policyFlags=0x8000000, event=MotionEvent { action=DOWN, id[0]=0, x[0]=900, y[0]=30, eventTime=57376000000, downTime=57376000000, deviceId=4, source=TOUCHSCREEN, displayId=0, eventId=0xe2dac38c}
07-29 18:45:48.541  2170  3679 D VRR [OTI]: handleIdle from 1 to 0
07-29 18:45:48.541  2170  3679 D VRR [OTI-HW]: isStateReady 0
07-29 18:45:48.541  3362  4865 I [UAH_CLIENT]: UahEventAcquire, cmdid:37, pkg:none, identity:OplusUAwareInputHelper
07-29 18:45:48.541  2170  3679 D VRR [OTI-HW]: restore sys rate.
07-29 18:45:48.541  2170  3679 D VRR [RefreshRateDirector]: requestRefreshRateByOti update [ oti-hw, {fps=120, modePtr={id=4, vsyncRate=120.00 Hz, peakRefreshRate=120.00 Hz}} ]
07-29 18:45:48.541  2170  3679 D VRR [RefreshRateDirector]: selectBestFrameRate DirectorMapOti [oti-hw, {fps=120, modePtr={id=4, vsyncRate=120.00 Hz, peakRefreshRate=120.00 Hz}}]
07-29 18:45:48.541  2170  3679 D VRR [RefreshRateDirector]: updateBestFrameRate [oti-hw, {fps=120, modePtr={id=4, vsyncRate=120.00 Hz, peakRefreshRate=120.00 Hz}}]
07-29 18:45:48.541  2170  3679 D SurfaceFlinger: VRR [SurfaceFlinger] setDesiredActiveMode: displayId: 4630946756802996883, renderRate: 120, vsyncRate: 120, event: 1
07-29 18:45:48.541  2170  3679 D DisplayModeController: setDesiredMode 4630946756802996883 {mode={fps=120.00 Hz, modePtr={id=4, vsyncRate=120.00 Hz, peakRefreshRate=120.00 Hz}}, emitEvent=true, force=false}
07-29 18:45:48.541  3362  3812 D PowerManagerService: userActivityNoUpdateLocked: groupId=0, eventTime=57376, event=touch, flags=0x0, uid=1000
07-29 18:45:48.541  3362  4865 D UAH-UahAdaptHelper: adaptSetNotification identity = OplusUAwareInputHelpersrc = 1000 , type 0 ,p1 = -1 ,p2 = -1 ,p3 = -1 ,p4 =
07-29 18:45:48.541  3362  4865 I [UAH_CLIENT]: uahRuleCtl, ruleId:1000, status:0
07-29 18:45:48.542  3362  4677 D OMP_Detector: D:done mCurrStatus: 0
07-29 18:45:48.543  4913  4913 V AutofillManager: requestHideFillUi(null): anchor = null
07-29 18:45:48.543  4913  4913 V Application: getAutofillClient(): null on super, trying to find activity thread
07-29 18:45:48.543  4913  4913 V Application: getAutofillClient(): none of the 0 activities on com.android.systemui.SystemUIApplication@852f247 are top resumed nor have focus
07-29 18:45:48.543  4913  4913 V AutofillManager: No AutofillClient for com.android.systemui on context com.android.systemui.SystemUIApplication@852f247
07-29 18:45:48.544  4913  4913 I PluginSeedling--Capsule: CapsuleTouchEventHandler-->onInterceptTouchEvent interceptEvent: false
07-29 18:45:48.544  3362  3713 W UserAwareMgr: can not find match thread: GaussianBlur for process com.android.systemui
07-29 18:45:48.546  4913  5947 I [UAH_CLIENT]: UahEventAcquire, cmdid:97, pkg:none, identity:OsenseHelperImpl
07-29 18:45:48.546  4913  4913 I SystemUi--Common: ScrollTranslationValue-->resetPanelTranslationY
07-29 18:45:48.547  4913  4913 I SystemUi--QuickSettings: OplusPanelViewPagerController-->initExpanded downExpanded=NONE downOnRight=true targetPage=NOTIFICATION downOnYHotArea=true  isKeyguardShowing=false isOnKeyguard=false fractionListeners.size=0 currentQsFraction=0.0 currentNotifyFraction=0.0 hasCalledDownEvent=true getScrollXHotZone=([Rect(0, 0 - 1080, 2376)], [Rect(-1, -1 - -1, -1), Rect(157, 1999 - 283, 2125), Rect(823, 1999 - 949, 2125)]) getScrollYHotZone=Rect(0, 0 - 1080, 66) notifyExpandedFraction=0.0 isLastUpToExpand=false qsPanelView.translationX=0.0
07-29 18:45:48.547  4913  4913 I SystemUi--QuickSettings: OplusPanelViewPagerController-->shouldOpenQS  set targetPage=QS
07-29 18:45:48.547  4913  4913 I SystemUi--Common: ScrollTranslationValue-->resetPanelTranslationY
07-29 18:45:48.547  4913  4913 I SystemUi--QuickSettings: OplusPanelViewPagerController-->initExpanded downExpanded=NONE downOnRight=true targetPage=QS downOnYHotArea=true  isKeyguardShowing=false isOnKeyguard=false fractionListeners.size=0 currentQsFraction=0.0 currentNotifyFraction=0.0 hasCalledDownEvent=true getScrollXHotZone=([Rect(0, 0 - 1080, 2376)], [Rect(-1, -1 - -1, -1), Rect(157, 1999 - 283, 2125), Rect(823, 1999 - 949, 2125)]) getScrollYHotZone=Rect(0, 0 - 1080, 66) notifyExpandedFraction=0.0 isLastUpToExpand=false qsPanelView.translationX=0.0
07-29 18:45:48.547  4913  4913 I SystemUi--QuickSettings: OplusPanelViewPagerController-->shouldOpenQS  set targetPage=QS
07-29 18:45:48.548  4913  4913 I SystemUi--QuickSettings: OplusQSPageViewController-->reset(), pageList size:2 itemCount:2 oldIndex:0 curIndex:0
07-29 18:45:48.548  4913  4913 I SystemUi--QuickSettings: OplusQSRootViewController-->startExpandMotion event: 0, startTracking: false isClosing: false panelClosedOnDown: true
07-29 18:45:48.548  4913  4913 I SystemUi--QuickSettings: OplusQSRootViewController-->initialOffsetOnTouch: 0.0, panelClosedOnDown: true
07-29 18:45:48.548  4913  4913 I SystemUi--QuickSettings: OplusQSRootView-->disallowChildIntercept:false
07-29 18:45:48.548  4913  4913 I SystemUi--QuickSettings: OplusQSRootViewController-->startExpandMotion event: 0, startTracking: false isClosing: false panelClosedOnDown: true
07-29 18:45:48.548  4913  4913 I SystemUi--QuickSettings: OplusQSRootViewController-->initialOffsetOnTouch: 0.0, panelClosedOnDown: true
07-29 18:45:48.548  4913  4913 I SystemUi--QuickSettings: OplusQSRootViewController-->onTouchEvent() ACTION_DOWN, canSlideHToQSOnStatusBar:true, gestureWaitForTouchSlop:true, panelClosedOnDown:true, panelClosingOnDown:false, pointerIndex:0
07-29 18:45:48.548  3362  5357 I InputDispatcher: injectInputEvent: targetUid=<not set>, syncMode=WAIT_FOR_FINISHED, timeout=30000ms, policyFlags=0x8000000, event=MotionEvent { action=MOVE, id[0]=0, x[0]=900, y[0]=82.5332, eventTime=57384000000, downTime=57376000000, deviceId=4, source=TOUCHSCREEN, displayId=0, eventId=0xda0d64dd}
07-29 18:45:48.548  3362  4865 I [UAH_CLIENT]: UahEventAcquire, cmdid:68, pkg:none, identity:OplusUAwareInputHelper
07-29 18:45:48.549  2170  2170 I DisplayModeController: hwc begin mode change to 8333333
07-29 18:45:48.549  2170  2170 I HWC2    : [0] setActiveConfigWithConstraints[4]
07-29 18:45:48.549  1915  1915 W SDM     : HWDeviceDRM::GetSupportedBitClkRate: Requested rate not supported: 1363200000
07-29 18:45:48.549  1915  1915 I SDM     : HWDeviceDRM::UpdateMixerAttributes: Mixer WxH 1440x3168-1 for Peripheral
07-29 18:45:48.549  1915  1915 I CwbService: CwbService::notifyConfigChange: display:0, config:4 size:4, sec.size():0
07-29 18:45:48.549  1915  1915 I CwbService: CwbService::notifyConfigChange: display: 0, config = 0
07-29 18:45:48.549  1915  3629 I CasManager: Fps changed from 60 to 120
07-29 18:45:48.549  1915  3629 I CasManager: Fps changed, not change bin, so trigger gain
07-29 18:45:48.549  1915  3629 W SDM     : DemuraIntfImpl::ProcessOemPluginGain: Thermal intf_ is nullptr 0, default to 25 degree
07-29 18:45:48.549  1915  3629 I SDM     : CasQcPlugIn::ProcessPerCompGainOppo: input params, mode:PWM, fps:120, dbv:1329
07-29 18:45:48.550  1915  3629 I SDM     : CasQcPlugIn::ProcessPerCompGainOppo: normalized bright_adj:1024, dbv:1329, bin_dbv:1083, 
07-29 18:45:48.550  1915  3629 I SDM     : CasQcPlugIn::ProcessPerCompGainOppo: gains print start =====================
07-29 18:45:48.550  1915  3629 I SDM     : CasQcPlugIn::ProcessPerCompGainOppo: gain --------------------------------
07-29 18:45:48.550  1915  3629 I SDM     : CasQcPlugIn::ProcessPerCompGainOppo: old: 0 0 0 57 90 322 1201 3072
07-29 18:45:48.550  1915  3629 I SDM     : CasQcPlugIn::ProcessPerCompGainOppo: new: 0 0 0 56 72 259 969 3072
07-29 18:45:48.550  1915  3629 I SDM     : CasQcPlugIn::ProcessPerCompGainOppo: gain --------------------------------
07-29 18:45:48.550  1915  3629 I SDM     : CasQcPlugIn::ProcessPerCompGainOppo: old: 0 0 0 64 125 373 1336 3072
07-29 18:45:48.550  1915  3629 I SDM     : CasQcPlugIn::ProcessPerCompGainOppo: new: 0 0 0 62 88 373 1336 3072
07-29 18:45:48.550  1915  3629 I SDM     : CasQcPlugIn::ProcessPerCompGainOppo: gain --------------------------------
07-29 18:45:48.550  1915  3629 I SDM     : CasQcPlugIn::ProcessPerCompGainOppo: old: 0 0 0 42 83 323 1222 3072
07-29 18:45:48.550  1915  3629 I SDM     : CasQcPlugIn::ProcessPerCompGainOppo: new: 0 0 0 41 83 323 1222 3072
07-29 18:45:48.550  1915  3629 I SDM     : CasQcPlugIn::ProcessPerCompGainOppo: gains print end =======================
07-29 18:45:48.554  1915  3629 I SDM     : DemuraIntfImpl::StageAllData: Staged all data to Demura Driver!
07-29 18:45:48.554  1915  3629 I SDM     : HWPeripheralDRM::SetPanelFeature: Set Panel feature property 19
07-29 18:45:48.554  1915  3629 I SDM     : HWPeripheralDRM::SetPanelFeature: Set Panel feature property 7
07-29 18:45:48.554  1915  3629 I SDM     : DisplayBuiltIn::TriggerDemuraOemPlugIn: Trigger demura oem plugin success
07-29 18:45:48.555  1915  2220 I SDM     : DRMPanelFeatureMgr::ApplyDirtyFeature: Commited panel feature [enabled]: 20-272
07-29 18:45:48.555  1915  2220 I SDM     : DRMPanelFeatureMgr::ApplyDirtyFeature: Commited panel feature [enabled]: 8-271
07-29 18:45:48.568  4913  4913 I SystemUi--QuickSettings: OplusQSRootViewController-->startExpandMotion event: 2, startTracking: true isClosing: false panelClosedOnDown: true
07-29 18:45:48.568  4913  4913 I SystemUi--QuickSettings: OplusQSRootViewController-->endClosing()
07-29 18:45:48.568  4913  4913 I SystemUi--QuickSettings: QSPanelExpandFraction-->updateFraction, stiffness=500.0, finalPosition=0.26266602
07-29 18:45:48.569  3362  5357 I InputDispatcher: injectInputEvent: targetUid=<not set>, syncMode=WAIT_FOR_FINISHED, timeout=30000ms, policyFlags=0x8000000, event=MotionEvent { action=MOVE, id[0]=0, x[0]=900, y[0]=220.434, eventTime=57405000000, downTime=57376000000, deviceId=4, source=TOUCHSCREEN, displayId=0, eventId=0xc082db8c}
07-29 18:45:48.569  3362  4479 D SystemGestures: detectSwipe: 1
07-29 18:45:48.582  2170  2170 D VRR-[OPlusRefreshRateSelector]: setCurrentModeId 4 type SA
07-29 18:45:48.582  2170  3679 D VRR [OTI-HW]: isStateReady 0
07-29 18:45:48.582  2170  3679 D VRR [OTI-HW]: keep rate.
07-29 18:45:48.583  3362  3624 I DisplayDeviceRepository: Display device changed render timings: "Built-in Screen", renderFrameRate=120.00001, presentationDeadlineNanos=11333333, appVsyncOffsetNanos=1000000
07-29 18:45:48.583  3362  3624 D LogicalDisplayExt: set displayInfo flag FLAG_ROTATES_WITH_CONTENT
07-29 18:45:48.584  3362  3624 D DisplayManagerServiceExtImpl: scheduleTraversalLocked intraversal=false
07-29 18:45:48.584  3362  3624 I DisplayManagerServiceExtImpl: handle logical display changed logicalDisplay=id=0,stack=0,content=true,displayInfo{stack=0,type=1,id=0,uId=local:4630946756802996883,state=ON,pkg=null}
07-29 18:45:48.584  3362  3624 D DisplayManagerService: Delivering display event: displayId=0, event=CHANGED
07-29 18:45:48.584  3362  3809 D BrightnessThermalClamper: Thermal status observer already started
07-29 18:45:48.584  3362  3809 D BrightnessPowerClamper: Power throttling data is missing for configuration data.
07-29 18:45:48.585  2157  5389 D AudioFlingerExtImpl: AudioFlingerExtImpl oplusSetParameters: keyvalue screen_state=on
07-29 18:45:48.585  2157  5389 D DeviceHalAidl: 0xb40000778e07c200 DeviceHalAidl::setParameters
07-29 18:45:48.585  2157  5389 D DeviceHalAidl: setParameters: parameters: "screen_state=on"
07-29 18:45:48.585  1835  3610 I PAL: ResourceManager: setParameter: 11480: Screen State:1
07-29 18:45:48.585  4913  4913 I SystemUi--QuickSettings: OplusQSRootViewController-->setQsVisible: true rawFraction:0.018580487
07-29 18:45:48.586  2157  5389 D DeviceHalAidl: 0xb40000778e07c800 DeviceHalAidl::setParameters
07-29 18:45:48.586  2157  5389 D DeviceHalAidl: setParameters: parameters: "screen_state=on"
07-29 18:45:48.586  1835  1861 D AHAL_Module: updateScreenState: usb: 1
07-29 18:45:48.587  2157  5389 D DeviceHalAidl: 0xb40000778e07ce00 DeviceHalAidl::setParameters
07-29 18:45:48.587  2157  5389 D DeviceHalAidl: setParameters: parameters: "screen_state=on"
07-29 18:45:48.587  1835  1861 D AHAL_Module: updateScreenState: r_submix: 1
07-29 18:45:48.587  3362  3362 E OplusGestureAnimationManagerPolicy: mScreenHeight:2376 mScreenWidth:1080 mRotation:0
07-29 18:45:48.587  4913  4913 I SystemUi--QuickSettings: OplusQSRootViewController-->setListening: true
07-29 18:45:48.587  2157  5389 D DeviceHalAidl: 0xb40000778e07d400 DeviceHalAidl::setParameters
07-29 18:45:48.587  3362  5357 I InputDispatcher: injectInputEvent: targetUid=<not set>, syncMode=WAIT_FOR_FINISHED, timeout=30000ms, policyFlags=0x8000000, event=MotionEvent { action=MOVE, id[0]=0, x[0]=900, y[0]=338.634, eventTime=57423000000, downTime=57376000000, deviceId=4, source=TOUCHSCREEN, displayId=0, eventId=0xcf3d22db}
07-29 18:45:48.587  2157  5389 D DeviceHalAidl: setParameters: parameters: "screen_state=on"
07-29 18:45:48.587  1835  3610 D AHAL_Module: updateScreenState: bluetooth: 1
07-29 18:45:48.587  4913  4913 I SystemUi--QuickSettings: OplusLargeTileContainerViewController-->setListening listening=true
07-29 18:45:48.587  3362  3622 D OplusVFXScreenEffectFeature: notifySFCompatWindowStateChange entered false
07-29 18:45:48.587  4913  4913 I SystemUi--QuickSettings: QSBrightnessFactory-->setListening listening:true
07-29 18:45:48.587  4913  4913 I SystemUi--QuickSettings: OplusQsBrightnessSliderController-->setListening listening:true mView: com.oplus.systemui.plugins.qs.widget.OplusQsToggleSliderLayout{cae57da V.E...... ......ID 558,244-737,643 #7f0a09f0 app:id/qs_brightness_slider_layout alpha=0.0 viewInfo = } value:0
07-29 18:45:48.587  2157  5389 D DeviceHalAidl: 0xb40000778e07da00 DeviceHalAidl::setParameters
07-29 18:45:48.587  2157  5389 D DeviceHalAidl: setParameters: parameters: "screen_state=on"
07-29 18:45:48.588  4913  4913 I SystemUi--QuickSettings: OplusQsVolumeSliderController-->updateVolumeSeekBarMaxProgress: isNeedUpdate=true, maxVolumeProgress=16000, seekBarMaxProgress=1600, isInit=false
07-29 18:45:48.588  1835  1861 D AHAL_Module: updateScreenState: bluetooth: 1
07-29 18:45:48.588  4913  4913 I SystemUi--QuickSettings: OplusQsVolumeSliderController-->updateVolumeSeekBarProgress: isNeedUpdate=true, isAllowUpdate=true, volumeLevel=0, seekBarLevel=0, initialVolumeSliderProgress=0, initialSeekBarVolumeLevel=-1, progressUpdated=false
07-29 18:45:48.588  4913  4913 I SystemUi--QuickSettings: OplusQsVolumeSliderController-->updateDisableShowVolumeDialog: isQsListening=true
07-29 18:45:48.588  2157  5389 D DeviceHalAidl: 0xb40000778e07e000 DeviceHalAidl::setParameters
07-29 18:45:48.588  2157  5389 D DeviceHalAidl: setParameters: parameters: "screen_state=on"
07-29 18:45:48.588  1835  3610 D AHAL_Module: updateScreenState: stub: 1
07-29 18:45:48.588  4913  4913 I SystemUi--Device_Panel: OplusQSMyDeviceContainerViewController-->setListening listening: true
07-29 18:45:48.588  4913  4913 I [DevicePlugin].SysUiPluginService.(main): setListening: isListening=true, _isSeparateMode=true
07-29 18:45:48.588  3362  3622 D FSS_FoldScreenBlackCoverController: displayChangeToOn, dc:Display{#0 state=ON size=1080x2376 ROTATION_0}
07-29 18:45:48.588  2170  2558 D [PREVIEW]: SF obtain preview_adapter: 0
07-29 18:45:48.588  2170  2558 D [PREVIEW]: TabletPreviewAdapter::parallel world 0
07-29 18:45:48.588  4913  4913 I [DevicePlugin].FixedSeparateModelPanel.(main): onCtrCenterShow
07-29 18:45:48.588  4913  4913 I [DevicePlugin].FixedSeparateModelPanel.(main): onResume
07-29 18:45:48.589  4913  5947 D [DevicePlugin].DataInterfaceImp.(DefaultDispatcher-worker-6): safeCall, method:panel_state
07-29 18:45:48.590  4913  4913 I SystemUi--Common: NotificationShadeDepthC-->sceneFlag: 0x001, isStart = true, Current sceneFlags: 0x001
07-29 18:45:48.590  4913  4913 D NavigationBar: restrainNavigationBarInvertColor: true
07-29 18:45:48.590  4913  4913 D RegionSamplingHelper: animation scene, no need register sampling listener
07-29 18:45:48.590  3362  3624 D DisplayManagerService: MSG_REQUEST_TRAVERSAL pendingCompleted=false
07-29 18:45:48.591  3362  3622 D DisplayManagerService: performTraversalInternal pendingTraversal
07-29 18:45:48.591  4913  4913 I SystemUi--Common: OplusShadeExpansionStat-->go state: CLOSED -> OPENING
07-29 18:45:48.591  4913  4913 I SystemUi--Common: OplusShadeExpansionStat-->go state: CLOSED -> OPENING
07-29 18:45:48.591  3362  3622 D DisplayDevice: setLayerStackLocked id=local:4630946756802996883 token=android.os.BinderProxy@bc082e0 stack=0->0
07-29 18:45:48.592  4913  4913 I SystemUi--Notification: OplusHeadsUpNotificationViewBinder-->isVisibility: true
07-29 18:45:48.592  4913  4913 I SystemUi--Keyguard: ScrimControllerExImp-->blur State to UNLOCK, bouncer=false changeFromBouncerScrim= false runnerUnlock= false goingAway=false hasHandle=true isOccludeAnimationPlaying=false
07-29 18:45:48.592  4913  4913 I SystemUi--Common: PlatformBlurManagerImpl-->setPlatformBlurMode: blurMode=AUTO(blurFrequency=2)
07-29 18:45:48.592  3362  5371 D OomAdjuster: Not killing cached processes
07-29 18:45:48.592  4913  4913 I SystemUi--Common: PlatformBlurManagerImpl-->updateMotionFrequency: isExpanding=true
