07-28 22:55:54.366  3362  5584 D WindowManagerServiceExtImpl: extractConfigInfoAndRealFlags rotation=0, screenDp=360, residentWS:0, scenario:0, bounds:2376, serverWinBounds:Rect(0, 0 - 1080, 2376), win=Window{b30cfb1 u0 NotificationShade}
07-28 22:55:54.366  3362  5584 V WindowManager: Relayout Window{b30cfb1 u0 NotificationShade}: viewVisibility=0, oldvis=0, req=1080x2376, vsysui=, x=0, y=0
07-28 22:55:54.366  4857  4857 I SurfaceControl:  setExtendedRangeBrightness sc=Surface(name=NotificationShade)/@0x1a6c33c,currentBufferRatio=1.0,desiredRatio=1.0
07-28 22:55:54.366  1999  1999 D SensorFeature: name=ssc_screenshot_info ,index = 22
07-28 22:55:54.366  1999  1999 D SensorFeature: write 29 bytes:59158621174,59201448830,158,0
07-28 22:55:54.367  3362  5584 D RefreshRate: initControlPanelRefreshRateData PreferredRefreshRateData{mPreferredRefreshRateId=[3, 1, 2, 3],isAnimBoost=true}
07-28 22:55:54.367  3362  5584 D WindowManager: NFW_findFocusedWindowIfNeeded:Window{b30cfb1 u0 NotificationShade} mCurrentFocus:Window{2254e11 u0 com.android.launcher/com.android.launcher.Launcher}
07-28 22:55:54.367  3362  5584 V WindowManager: Changing focus from Window{2254e11 u0 com.android.launcher/com.android.launcher.Launcher} to Window{b30cfb1 u0 NotificationShade},diplayid=0
07-28 22:55:54.367  3362  4603 E OplusUIFirst_WS: unknown window type: -1
07-28 22:55:54.367  3362  3776 D VRR [OPlusRefreshRateService]: Receive multi scene changed eventId = 5 bundleList.size = 2
07-28 22:55:54.368  3362  4603 E UAH-Framework: invalid window type -1
07-28 22:55:54.368  3362  4662 E FBProcessManager: unknown window type: -1
07-28 22:55:54.368  3362  5584 D Theia.NoFocusWindow: FocusWindowErrorScene cancelCheckFreezeScreen
07-28 22:55:54.368  3362  5584 W TheiaWindowMonitor: [check] focusedWindow is null or enable is false
07-28 22:55:54.368  1925  4454 I Dpps    : LtmSwState::SetParameter():144 ignore cmd 7 in state LtmOffState
07-28 22:55:54.369  4857  4857 I SystemUi--Statusbar: DisplayRepository-->combining enabled=[0], connectedExternalDisplayIds=[], ignored=[]
07-28 22:55:54.370  4857  4857 D JankUtils: gfxSceneBegin; scene: 7; sceneDes: QS PULL
07-28 22:55:54.370  4857  5809 V OplusCustomizeCacheManager: queryCache name: sys.cache.common_customize_cache11009 param: null
07-28 22:55:54.370  7282  7282 W Battery : PowerSaveTileService: updateTileState false
07-28 22:55:54.370  4857  4857 I SystemUi--Keyguard: ScrimControllerExImp-->blur State to UNLOCK, bouncer=false changeFromBouncerScrim= false runnerUnlock= false goingAway=false hasHandle=true isOccludeAnimationPlaying=false
07-28 22:55:54.370  4857  4857 I SystemUi--Keyguard: ScrimControllerExImp-->blur State to UNLOCK, bouncer=false changeFromBouncerScrim= false runnerUnlock= false goingAway=false hasHandle=true isOccludeAnimationPlaying=false
07-28 22:55:54.371  4857  5809 V OplusCustomizeCacheManager: queryCache name: sys.cache.common_customize_cache18027 param: null
07-28 22:55:54.372  2154  2154 D OplusInfoMonitor: setListenerReport: reportInfo:
07-28 22:55:54.372  2154  2327 D SurfaceFlinger: captureLayers from pid 5381 uid -335
07-28 22:55:54.372  3362  3572 D SurfaceComposerClient: Transaction::apply InputWindowCommands.focusRequests timestamp=59204671591, windowName=b30cfb1 NotificationShade
07-28 22:55:54.373  4857  4857 W SystemUi--Common: SubsetBitmapDrawable-->[isValid] innerBitmap?.isRecycled=null
07-28 22:55:54.373  4857  5809 V OplusCustomizeCacheManager: queryCache name: sys.cache.common_customize_cache11010 param: null
07-28 22:55:54.373  4857  4857 I SystemUi--Statusbar: BatteryViewBinder-->create drawable: com.oplus.systemui.statusbar.pipeline.battery.ui.drawable.HorizontalBatteryContentDrawable@10e54d2 iconStyle:BatteryIconStyle(iconStyle=1, oldStylePercentIn=false, densityDpi=480, scaleFactor=1.0, themeId=0, isThemeModeColor=false, frameColorMode=0, isPercentOutBgMode=false, isPercentOutPbMode=false, batteryOutChargeBgMode=0)
07-28 22:55:54.376  4857  4857 I SystemUi--Statusbar: BatteryViewBinder-->create drawable: com.oplus.systemui.statusbar.pipeline.battery.ui.drawable.HorizontalBatteryContentDrawable@323ac2a iconStyle:BatteryIconStyle(iconStyle=1, oldStylePercentIn=false, densityDpi=480, scaleFactor=1.0, themeId=0, isThemeModeColor=false, frameColorMode=0, isPercentOutBgMode=false, isPercentOutPbMode=false, batteryOutChargeBgMode=0)
07-28 22:55:54.376  1921  1921 I SnapAlloc: Using graphics libs for alignment calculations
07-28 22:55:54.377  1921  1921 I SnapAlloc: Using graphics libs for alignment calculations
07-28 22:55:54.377  4857  4857 W SystemUi--Common: SubsetBitmapDrawable-->[isValid] innerBitmap?.isRecycled=null
07-28 22:55:54.378  1921  1921 I SnapAlloc: Using graphics libs for alignment calculations
07-28 22:55:54.378  4857  4857 I SystemUi--Statusbar: BatteryViewBinder-->create drawable: com.oplus.systemui.statusbar.pipeline.battery.ui.drawable.HorizontalBatteryContentDrawable@7d0d17e iconStyle:BatteryIconStyle(iconStyle=1, oldStylePercentIn=false, densityDpi=480, scaleFactor=1.0, themeId=0, isThemeModeColor=false, frameColorMode=0, isPercentOutBgMode=false, isPercentOutPbMode=false, batteryOutChargeBgMode=0)
07-28 22:55:54.378  4857  4857 I SystemUi--Statusbar: BatteryViewBinder-->create drawable: com.oplus.systemui.statusbar.pipeline.battery.ui.drawable.HorizontalBatteryContentDrawable@931c6df iconStyle:BatteryIconStyle(iconStyle=1, oldStylePercentIn=false, densityDpi=480, scaleFactor=1.0, themeId=0, isThemeModeColor=false, frameColorMode=0, isPercentOutBgMode=false, isPercentOutPbMode=false, batteryOutChargeBgMode=0)
07-28 22:55:54.380  4857  6250 D Util    : isPkgInstalled_isPkgInstalled = false
07-28 22:55:54.381  4857  6250 D Util    : isPkgInstalled_isPkgInstalled = true
07-28 22:55:54.382  3362  4835 I InputDispatcher: injectInputEvent: targetUid=<not set>, syncMode=WAIT_FOR_FINISHED, timeout=30000ms, policyFlags=0x8000000, event=MotionEvent { action=MOVE, id[0]=0, x[0]=900, y[0]=949.333, eventTime=59217000000, downTime=59077000000, deviceId=4, source=TOUCHSCREEN, displayId=0, eventId=0xe30e82ec}
07-28 22:55:54.382  4857  4857 I SystemUi--Keyguard: ScrimControllerExImp-->blur State to UNLOCK, bouncer=false changeFromBouncerScrim= false runnerUnlock= false goingAway=false hasHandle=true isOccludeAnimationPlaying=false
07-28 22:55:54.382  4857  4857 I SystemUi--Keyguard: ScrimControllerExImp-->blur State to UNLOCK, bouncer=false changeFromBouncerScrim= false runnerUnlock= false goingAway=false hasHandle=true isOccludeAnimationPlaying=false
07-28 22:55:54.382  2154  3553 D SurfaceFlinger: updateWinowInfo=1, setFocusedWindow timestamp=59204671591, windowName=b30cfb1 NotificationShade
07-28 22:55:54.383  3362  5584 I InputDispatcher: NFW_setFocusedWindow, b30cfb1 NotificationShade on display 0, same as the previous:0
07-28 22:55:54.383  3362  5584 I InputDispatcher: updateFocusedWindow, b30cfb1 NotificationShade on display 0, reason: setFocusedWindow, result:   FocusedWindows:
07-28 22:55:54.383  3362  5584 I InputDispatcher:     displayId=0, name='b30cfb1 NotificationShade'
07-28 22:55:54.383  5190  5190 D VRI[Launcher]: onFocusEvent false
07-28 22:55:54.386  4857  4857 D VRI[NotificationShade]: onFocusEvent true
07-28 22:55:54.387  4857  4857 I SystemUi--Keyguard: ScrimControllerExImp-->blur State to UNLOCK, bouncer=false changeFromBouncerScrim= false runnerUnlock= false goingAway=false hasHandle=true isOccludeAnimationPlaying=false
07-28 22:55:54.387  4857  4857 I SystemUi--Keyguard: ScrimControllerExImp-->blur State to UNLOCK, bouncer=false changeFromBouncerScrim= false runnerUnlock= false goingAway=false hasHandle=true isOccludeAnimationPlaying=false
07-28 22:55:54.388  3362  3776 D VRR [OPlusSAManager]: setSAConfig scene: VRR_90_120 modeId: 4 auto: true fakeFrame: true
07-28 22:55:54.388  3362  3776 D VRR [OPlusSAManager]: updateAutoMinfps with nits: 111.433464, mHistOK true, mAmbientOK true, mCctOK true, mIrOK true, mBrightnessOK true, isPkgOK true, SA min fps: 119
07-28 22:55:54.388  3362  3776 D VRR [OPlusSurfaceFlingerController]: setAutoMode enable: true fakeFrame: true fps: 119
07-28 22:55:54.388  2154  2327 I VRR-[OPlusAdfrUtil]: ADFR try set Auto mode with mode 1 fakeframe 1 min fps 119
07-28 22:55:54.388  2154  2327 D VRR-[OPlusRefreshRateSelector]: OSyncModes add size is 1.
07-28 22:55:54.388  2154  3515 D VRR-[OPlusRefreshRateSelector]: handleSetHWCOSync
07-28 22:55:54.388  2154  3515 D VRR-[OPlusRefreshRateSelector]: OSyncModes remaining size is 0.
07-28 22:55:54.388  2154  3515 D VRR-[OPlusRefreshRateSelector]: SetHWCOSync with 5CC08181
07-28 22:55:54.388  2154  2327 I VRR-[OPlusRefreshRateSelector]: updateAutoMode success, display 0, mode 0, fakeframe 1, min fps: 1
07-28 22:55:54.388  1925  1925 I SDM     : DisplayBuiltIn::SetQSyncMode: VRR + update qsync mode 0 minfps 00C08181
07-28 22:55:54.390  1925  2219 E SDM     : DRMConnector::Perform: Connector 67: Setting Qsync min fps 12616065
07-28 22:55:54.391  4857  4857 I SystemUi--Keyguard: OplusRepeatWhenAttachedUnlock-->updateState: view.windowVisibility: 0, keyguardShow: false, isInPreviewMode: false, view.hasWindowFocus(): true
07-28 22:55:54.391  4857  4857 I SystemUi--Keyguard: OplusRepeatWhenAttachedUnlock-->updateState: view.windowVisibility: 0, keyguardShow: false, isInPreviewMode: false, view.hasWindowFocus(): true
07-28 22:55:54.392  1921  1921 I SnapAlloc: Using graphics libs for alignment calculations
07-28 22:55:54.392  4857  4857 I SystemUi--Keyguard: ScrimControllerExImp-->blur State to UNLOCK, bouncer=false changeFromBouncerScrim= false runnerUnlock= false goingAway=false hasHandle=true isOccludeAnimationPlaying=false
07-28 22:55:54.392  3362  4835 I InputDispatcher: injectInputEvent: targetUid=<not set>, syncMode=WAIT_FOR_FINISHED, timeout=30000ms, policyFlags=0x8000000, event=MotionEvent { action=MOVE, id[0]=0, x[0]=900, y[0]=1021.57, eventTime=59228000000, downTime=59077000000, deviceId=4, source=TOUCHSCREEN, displayId=0, eventId=0xe3631161}
07-28 22:55:54.392  4857  4857 I SystemUi--Keyguard: ScrimControllerExImp-->blur State to UNLOCK, bouncer=false changeFromBouncerScrim= false runnerUnlock= false goingAway=false hasHandle=true isOccludeAnimationPlaying=false
07-28 22:55:54.393  4857  5506 W BlurApp_1.0.7-OPlusBlurDrawable: [updatePosition] multiple changes in frame 5, maybe attached to multiple views!
07-28 22:55:54.393  4857  5506 W BlurApp_1.0.7-OPlusBlurDrawable: [updatePosition] multiple changes in frame 5, maybe attached to multiple views!
07-28 22:55:54.393  4857  5506 W BlurApp_1.0.7-OPlusBlurDrawable: [updatePosition] multiple changes in frame 5, maybe attached to multiple views!
07-28 22:55:54.393  4857  5506 W BlurApp_1.0.7-OPlusBlurDrawable: [updatePosition] multiple changes in frame 5, maybe attached to multiple views!
07-28 22:55:54.393  4857  5506 W BlurApp_1.0.7-OPlusBlurDrawable: [updatePosition] multiple changes in frame 5, maybe attached to multiple views!
07-28 22:55:54.393  4857  5506 W BlurApp_1.0.7-OPlusBlurDrawable: [updatePosition] multiple changes in frame 5, maybe attached to multiple views!
07-28 22:55:54.393  4857  5506 W BlurApp_1.0.7-OPlusBlurDrawable: [updatePosition] multiple changes in frame 5, maybe attached to multiple views!
07-28 22:55:54.393  4857  5506 W BlurApp_1.0.7-OPlusBlurDrawable: [updatePosition] multiple changes in frame 5, maybe attached to multiple views!
07-28 22:55:54.393  4857  5506 W BlurApp_1.0.7-OPlusBlurDrawable: [updatePosition] multiple changes in frame 5, maybe attached to multiple views!
07-28 22:55:54.393  4857  5506 W BlurApp_1.0.7-OPlusBlurDrawable: [updatePosition] multiple changes in frame 5, maybe attached to multiple views!
07-28 22:55:54.393  4857  5506 W BlurApp_1.0.7-OPlusBlurDrawable: [updatePosition] multiple changes in frame 5, maybe attached to multiple views!
07-28 22:55:54.393  4857  5506 W BlurApp_1.0.7-OPlusBlurDrawable: [updatePosition] multiple changes in frame 5, maybe attached to multiple views!
07-28 22:55:54.393  4857  5506 W BlurApp_1.0.7-OPlusBlurDrawable: [updatePosition] multiple changes in frame 5, maybe attached to multiple views!
07-28 22:55:54.393  4857  5506 W BlurApp_1.0.7-OPlusBlurDrawable: [updatePosition] multiple changes in frame 5, maybe attached to multiple views!
07-28 22:55:54.393  4857  5506 W BlurApp_1.0.7-OPlusBlurDrawable: [updatePosition] multiple changes in frame 5, maybe attached to multiple views!
07-28 22:55:54.393  4857  5506 W BlurApp_1.0.7-OPlusBlurDrawable: [updatePosition] multiple changes in frame 5, maybe attached to multiple views!
07-28 22:55:54.399  4857  5377 I SystemUi--Statusbar: PrivacyDotViewController-->processNextViewState: 
07-28 22:55:54.399  4857  5377 I SystemUi--Statusbar: PrivacyDotViewController-->resolveState ViewState(viewInitialized=true, systemPrivacyEventIsActive=false, shadeExpanded=true, needShow=false, portraitRect=Rect(0, 0 - 1080, 120), landscapeRect=Rect(120, 0 - 2376, 120), upsideDownRect=Rect(0, 0 - 1080, 120), seascapeRect=Rect(0, 0 - 2244, 120), layoutRtl=false, rotation=0, paddingTop=14, paddingBottom=15, cornerIndex=1, designatedCorner=android.widget.FrameLayout{f336f19 I.E...... ......ID 1032,0-1080,120 #7f0a09cd app:id/privacy_dot_top_right_container alpha=1.0 viewInfo = }, contentDescription=null, dotMargin=48)
07-28 22:55:54.400  3362  4835 I InputDispatcher: injectInputEvent: targetUid=<not set>, syncMode=WAIT_FOR_FINISHED, timeout=30000ms, policyFlags=0x8000000, event=MotionEvent { action=MOVE, id[0]=0, x[0]=900, y[0]=1074.1, eventTime=59236000000, downTime=59077000000, deviceId=4, source=TOUCHSCREEN, displayId=0, eventId=0xf668c611}
07-28 22:55:54.400  4857  4857 I SystemUi--Keyguard: ScrimControllerExImp-->blur State to UNLOCK, bouncer=false changeFromBouncerScrim= false runnerUnlock= false goingAway=false hasHandle=true isOccludeAnimationPlaying=false
07-28 22:55:54.401  4857  4857 I SystemUi--Keyguard: ScrimControllerExImp-->blur State to UNLOCK, bouncer=false changeFromBouncerScrim= false runnerUnlock= false goingAway=false hasHandle=true isOccludeAnimationPlaying=false
07-28 22:55:54.408  1921  1921 I SnapAlloc: Using graphics libs for alignment calculations
07-28 22:55:54.409  4857  4857 I SystemUi--Keyguard: ScrimControllerExImp-->blur State to UNLOCK, bouncer=false changeFromBouncerScrim= false runnerUnlock= false goingAway=false hasHandle=true isOccludeAnimationPlaying=false
07-28 22:55:54.409  3362  4835 I InputDispatcher: injectInputEvent: targetUid=<not set>, syncMode=WAIT_FOR_FINISHED, timeout=30000ms, policyFlags=0x8000000, event=MotionEvent { action=MOVE, id[0]=0, x[0]=900, y[0]=1126.63, eventTime=59244000000, downTime=59077000000, deviceId=4, source=TOUCHSCREEN, displayId=0, eventId=0xea017203}
07-28 22:55:54.409  4857  4857 I SystemUi--Keyguard: ScrimControllerExImp-->blur State to UNLOCK, bouncer=false changeFromBouncerScrim= false runnerUnlock= false goingAway=false hasHandle=true isOccludeAnimationPlaying=false
07-28 22:55:54.417  4857  4857 I SystemUi--Keyguard: ScrimControllerExImp-->blur State to UNLOCK, bouncer=false changeFromBouncerScrim= false runnerUnlock= false goingAway=false hasHandle=true isOccludeAnimationPlaying=false
07-28 22:55:54.417  3362  4835 I InputDispatcher: injectInputEvent: targetUid=<not set>, syncMode=WAIT_FOR_FINISHED, timeout=30000ms, policyFlags=0x8000000, event=MotionEvent { action=MOVE, id[0]=0, x[0]=900, y[0]=1185.73, eventTime=59253000000, downTime=59077000000, deviceId=4, source=TOUCHSCREEN, displayId=0, eventId=0xf347d071}
07-28 22:55:54.418  4857  4857 I SystemUi--Keyguard: ScrimControllerExImp-->blur State to UNLOCK, bouncer=false changeFromBouncerScrim= false runnerUnlock= false goingAway=false hasHandle=true isOccludeAnimationPlaying=false
07-28 22:55:54.425  1921  1921 I SnapAlloc: Using graphics libs for alignment calculations
07-28 22:55:54.425  4857  4857 I SystemUi--Keyguard: ScrimControllerExImp-->blur State to UNLOCK, bouncer=false changeFromBouncerScrim= false runnerUnlock= false goingAway=false hasHandle=true isOccludeAnimationPlaying=false
07-28 22:55:54.425  3362  4835 I InputDispatcher: injectInputEvent: targetUid=<not set>, syncMode=WAIT_FOR_FINISHED, timeout=30000ms, policyFlags=0x8000000, event=MotionEvent { action=MOVE, id[0]=0, x[0]=900, y[0]=1238.27, eventTime=59261000000, downTime=59077000000, deviceId=4, source=TOUCHSCREEN, displayId=0, eventId=0xd0fa98e9}
07-28 22:55:54.426  4857  4857 I SystemUi--Keyguard: ScrimControllerExImp-->blur State to UNLOCK, bouncer=false changeFromBouncerScrim= false runnerUnlock= false goingAway=false hasHandle=true isOccludeAnimationPlaying=false
07-28 22:55:54.433  3362  4835 I InputDispatcher: injectInputEvent: targetUid=<not set>, syncMode=WAIT_FOR_FINISHED, timeout=30000ms, policyFlags=0x8000000, event=MotionEvent { action=MOVE, id[0]=0, x[0]=900, y[0]=1290.8, eventTime=59269000000, downTime=59077000000, deviceId=4, source=TOUCHSCREEN, displayId=0, eventId=0xee743235}
07-28 22:55:54.433  4857  4857 I SystemUi--Keyguard: ScrimControllerExImp-->blur State to UNLOCK, bouncer=false changeFromBouncerScrim= false runnerUnlock= false goingAway=false hasHandle=true isOccludeAnimationPlaying=false
07-28 22:55:54.434  4857  4857 I SystemUi--Keyguard: ScrimControllerExImp-->blur State to UNLOCK, bouncer=false changeFromBouncerScrim= false runnerUnlock= false goingAway=false hasHandle=true isOccludeAnimationPlaying=false
07-28 22:55:54.441  1921  1921 I SnapAlloc: Using graphics libs for alignment calculations
07-28 22:55:54.442  3362  4835 I InputDispatcher: injectInputEvent: targetUid=<not set>, syncMode=WAIT_FOR_FINISHED, timeout=30000ms, policyFlags=0x8000000, event=MotionEvent { action=MOVE, id[0]=0, x[0]=900, y[0]=1343.33, eventTime=59277000000, downTime=59077000000, deviceId=4, source=TOUCHSCREEN, displayId=0, eventId=0xdff7f98a}
07-28 22:55:54.442  4857  4857 I SystemUi--Keyguard: ScrimControllerExImp-->blur State to UNLOCK, bouncer=false changeFromBouncerScrim= false runnerUnlock= false goingAway=false hasHandle=true isOccludeAnimationPlaying=false
07-28 22:55:54.442  4857  4857 I SystemUi--Keyguard: ScrimControllerExImp-->blur State to UNLOCK, bouncer=false changeFromBouncerScrim= false runnerUnlock= false goingAway=false hasHandle=true isOccludeAnimationPlaying=false
07-28 22:55:54.450  3362  4835 I InputDispatcher: injectInputEvent: targetUid=<not set>, syncMode=WAIT_FOR_FINISHED, timeout=30000ms, policyFlags=0x8000000, event=MotionEvent { action=MOVE, id[0]=0, x[0]=900, y[0]=1402.43, eventTime=59286000000, downTime=59077000000, deviceId=4, source=TOUCHSCREEN, displayId=0, eventId=0xde11ebe6}
07-28 22:55:54.450  4857  4857 I SystemUi--Keyguard: ScrimControllerExImp-->blur State to UNLOCK, bouncer=false changeFromBouncerScrim= false runnerUnlock= false goingAway=false hasHandle=true isOccludeAnimationPlaying=false
07-28 22:55:54.451  4857  4857 I SystemUi--Keyguard: ScrimControllerExImp-->blur State to UNLOCK, bouncer=false changeFromBouncerScrim= false runnerUnlock= false goingAway=false hasHandle=true isOccludeAnimationPlaying=false
07-28 22:55:54.455  4857  5506 D HWUI    : OplusRenderNodeAnimator end!
07-28 22:55:54.456  4857  5506 D HWUI    : OplusRenderNodeAnimator end!
07-28 22:55:54.456  4857  5506 D HWUI    : OplusRenderNodeAnimator end!
07-28 22:55:54.456  4857  5506 D HWUI    : OplusRenderNodeAnimator end!
07-28 22:55:54.456  4857  4857 I SystemUi--Statusbar: CollapsedStatusBarFragmentExImpl-->animateHiddenState onAnimationEnd v:com.oplus.systemui.statusbar.widget.EndSideContentLayout{884c1ee V.E...... ........ 172,0-440,91 #7f0a0c16 app:id/status_bar_end_side_content alpha=1.0 viewInfo = }  v alpha:1.0 v render alpha:0.0 animateAlpha=0.0
07-28 22:55:54.456  4857  4857 I SystemUi--Statusbar: CollapsedStatusBarFragmentExImpl-->animateHiddenState onAnimationEnd v:com.android.keyguard.AlphaOptimizedLinearLayout{271067f V.E...... ........ 0,0-48,91 alpha=1.0 viewInfo = }  v alpha:1.0 v render alpha:0.0 animateAlpha=0.0
07-28 22:55:54.456  4857  4857 I SystemUi--Statusbar: CollapsedStatusBarFragmentExImpl-->animateHiddenState onAnimationEnd v:com.oplus.systemui.statusbar.seeding.CapsulePluginContainer{138a0d7 V.E...... ........ 0,0-1080,120 #7f0a0b3b app:id/seeding_card_container alpha=1.0 viewInfo = }  v alpha:1.0 v render alpha:0.0 animateAlpha=0.0
07-28 22:55:54.456  4857  4857 I SystemUi--Statusbar: CollapsedStatusBarFragmentExImpl-->animateHiddenState onAnimationEnd v:com.oplus.systemui.statusbar.widget.StatClock{4576f02 V.ED..... ........ 0,0-133,91 #7f0a02b9 app:id/clock alpha=1.0 viewInfo = }  v alpha:1.0 v render alpha:0.0 animateAlpha=0.0
07-28 22:55:54.458  1921  1921 I SnapAlloc: Using graphics libs for alignment calculations
07-28 22:55:54.458  4857  4857 I SystemUi--Keyguard: ScrimControllerExImp-->blur State to UNLOCK, bouncer=false changeFromBouncerScrim= false runnerUnlock= false goingAway=false hasHandle=true isOccludeAnimationPlaying=false
07-28 22:55:54.459  3362  4835 I InputDispatcher: injectInputEvent: targetUid=<not set>, syncMode=WAIT_FOR_FINISHED, timeout=30000ms, policyFlags=0x8000000, event=MotionEvent { action=MOVE, id[0]=0, x[0]=900, y[0]=1454.97, eventTime=59294000000, downTime=59077000000, deviceId=4, source=TOUCHSCREEN, displayId=0, eventId=0xfe06cd24}
07-28 22:55:54.459  4857  4857 I SystemUi--Keyguard: ScrimControllerExImp-->blur State to UNLOCK, bouncer=false changeFromBouncerScrim= false runnerUnlock= false goingAway=false hasHandle=true isOccludeAnimationPlaying=false
07-28 22:55:54.467  3362  4835 I InputDispatcher: injectInputEvent: targetUid=<not set>, syncMode=WAIT_FOR_FINISHED, timeout=30000ms, policyFlags=0x8000000, event=MotionEvent { action=MOVE, id[0]=0, x[0]=900, y[0]=1507.5, eventTime=59302000000, downTime=59077000000, deviceId=4, source=TOUCHSCREEN, displayId=0, eventId=0xd401892e}
07-28 22:55:54.467  4857  4857 I SystemUi--Keyguard: ScrimControllerExImp-->blur State to UNLOCK, bouncer=false changeFromBouncerScrim= false runnerUnlock= false goingAway=false hasHandle=true isOccludeAnimationPlaying=false
07-28 22:55:54.467  4857  4857 I SystemUi--Keyguard: ScrimControllerExImp-->blur State to UNLOCK, bouncer=false changeFromBouncerScrim= false runnerUnlock= false goingAway=false hasHandle=true isOccludeAnimationPlaying=false
07-28 22:55:54.467  3362  3752 D PowerManagerService: userActivityNoUpdateLocked: groupId=0, eventTime=59302, event=touch, flags=0x0, uid=1000
07-28 22:55:54.470  4857  4857 I SystemUi--QuickSettings: QsLottieUtils-->getLottieAnimFile : qs/qs_location_lottie_active_sep_dual_light.json
07-28 22:55:54.475  1921  1921 I SnapAlloc: Using graphics libs for alignment calculations
07-28 22:55:54.475  4857  4857 I SystemUi--Keyguard: ScrimControllerExImp-->blur State to UNLOCK, bouncer=false changeFromBouncerScrim= false runnerUnlock= false goingAway=false hasHandle=true isOccludeAnimationPlaying=false
07-28 22:55:54.475  3362  4835 I InputDispatcher: injectInputEvent: targetUid=<not set>, syncMode=WAIT_FOR_FINISHED, timeout=30000ms, policyFlags=0x8000000, event=MotionEvent { action=MOVE, id[0]=0, x[0]=900, y[0]=1566.6, eventTime=59311000000, downTime=59077000000, deviceId=4, source=TOUCHSCREEN, displayId=0, eventId=0xe0e2881e}
07-28 22:55:54.475  4857 12937 W LOG_Effective: Effective doesn't support layer effects. If you are using them for  fills, strokes, trim paths etc. then try adding them directly as contents  in your shape. Found: [Slider Control]
07-28 22:55:54.476  4857  4857 I SystemUi--Keyguard: ScrimControllerExImp-->blur State to UNLOCK, bouncer=false changeFromBouncerScrim= false runnerUnlock= false goingAway=false hasHandle=true isOccludeAnimationPlaying=false
07-28 22:55:54.476  4857 12937 W LOG_Effective: Animation contains merge paths. Merge paths are only supported on KitKat+ and must be manually enabled by calling enableMergePathsForKitKatAndAbove().
07-28 22:55:54.479  4857  4857 I SystemUi--QuickSettings: QsLottieUtils-->getLottieAnimFile : qs/qs_nfc_lottie_active_sep_dual_light.json
07-28 22:55:54.480  4857  4857 W LOG_Effective: Animation contains merge paths but they are disabled.
07-28 22:55:54.483  3362  4835 I InputDispatcher: injectInputEvent: targetUid=<not set>, syncMode=WAIT_FOR_FINISHED, timeout=30000ms, policyFlags=0x8000000, event=MotionEvent { action=MOVE, id[0]=0, x[0]=900, y[0]=1619.13, eventTime=59319000000, downTime=59077000000, deviceId=4, source=TOUCHSCREEN, displayId=0, eventId=0xebe7e3dd}
07-28 22:55:54.483  4857  4857 I SystemUi--Keyguard: ScrimControllerExImp-->blur State to UNLOCK, bouncer=false changeFromBouncerScrim= false runnerUnlock= false goingAway=false hasHandle=true isOccludeAnimationPlaying=false
07-28 22:55:54.484  4857  4857 I SystemUi--Keyguard: ScrimControllerExImp-->blur State to UNLOCK, bouncer=false changeFromBouncerScrim= false runnerUnlock= false goingAway=false hasHandle=true isOccludeAnimationPlaying=false
07-28 22:55:54.491  1921  1921 I SnapAlloc: Using graphics libs for alignment calculations
07-28 22:55:54.491  4857  4857 I SystemUi--Keyguard: ScrimControllerExImp-->blur State to UNLOCK, bouncer=false changeFromBouncerScrim= false runnerUnlock= false goingAway=false hasHandle=true isOccludeAnimationPlaying=false
07-28 22:55:54.491  3362  4835 I InputDispatcher: injectInputEvent: targetUid=<not set>, syncMode=WAIT_FOR_FINISHED, timeout=30000ms, policyFlags=0x8000000, event=MotionEvent { action=MOVE, id[0]=0, x[0]=900, y[0]=1671.67, eventTime=59327000000, downTime=59077000000, deviceId=4, source=TOUCHSCREEN, displayId=0, eventId=0xe5fe80da}
07-28 22:55:54.492  4857  4857 I SystemUi--Keyguard: ScrimControllerExImp-->blur State to UNLOCK, bouncer=false changeFromBouncerScrim= false runnerUnlock= false goingAway=false hasHandle=true isOccludeAnimationPlaying=false
07-28 22:55:54.500  3362  4835 I InputDispatcher: injectInputEvent: targetUid=<not set>, syncMode=WAIT_FOR_FINISHED, timeout=30000ms, policyFlags=0x8000000, event=MotionEvent { action=MOVE, id[0]=0, x[0]=900, y[0]=1724.2, eventTime=59335000000, downTime=59077000000, deviceId=4, source=TOUCHSCREEN, displayId=0, eventId=0xec71d6b4}
07-28 22:55:54.500  4857  4857 I SystemUi--Keyguard: ScrimControllerExImp-->blur State to UNLOCK, bouncer=false changeFromBouncerScrim= false runnerUnlock= false goingAway=false hasHandle=true isOccludeAnimationPlaying=false
07-28 22:55:54.500  4857  4857 I SystemUi--Keyguard: ScrimControllerExImp-->blur State to UNLOCK, bouncer=false changeFromBouncerScrim= false runnerUnlock= false goingAway=false hasHandle=true isOccludeAnimationPlaying=false
07-28 22:55:54.508  1921  1921 I SnapAlloc: Using graphics libs for alignment calculations
07-28 22:55:54.508  4857  4857 I SystemUi--Keyguard: ScrimControllerExImp-->blur State to UNLOCK, bouncer=false changeFromBouncerScrim= false runnerUnlock= false goingAway=false hasHandle=true isOccludeAnimationPlaying=false
07-28 22:55:54.508  3362  4835 I InputDispatcher: injectInputEvent: targetUid=<not set>, syncMode=WAIT_FOR_FINISHED, timeout=30000ms, policyFlags=0x8000000, event=MotionEvent { action=MOVE, id[0]=0, x[0]=900, y[0]=1783.3, eventTime=59344000000, downTime=59077000000, deviceId=4, source=TOUCHSCREEN, displayId=0, eventId=0xdd41c357}
07-28 22:55:54.509  4857  4857 I SystemUi--Keyguard: ScrimControllerExImp-->blur State to UNLOCK, bouncer=false changeFromBouncerScrim= false runnerUnlock= false goingAway=false hasHandle=true isOccludeAnimationPlaying=false
07-28 22:55:54.517  4857  4857 I SystemUi--Keyguard: ScrimControllerExImp-->blur State to UNLOCK, bouncer=false changeFromBouncerScrim= false runnerUnlock= false goingAway=false hasHandle=true isOccludeAnimationPlaying=false
07-28 22:55:54.517  3362  4835 I InputDispatcher: injectInputEvent: targetUid=<not set>, syncMode=WAIT_FOR_FINISHED, timeout=30000ms, policyFlags=0x8000000, event=MotionEvent { action=MOVE, id[0]=0, x[0]=900, y[0]=1835.83, eventTime=59352000000, downTime=59077000000, deviceId=4, source=TOUCHSCREEN, displayId=0, eventId=0xcd062eba}
07-28 22:55:54.517  4857  4857 I SystemUi--Keyguard: ScrimControllerExImp-->blur State to UNLOCK, bouncer=false changeFromBouncerScrim= false runnerUnlock= false goingAway=false hasHandle=true isOccludeAnimationPlaying=false
07-28 22:55:54.525  1921  1921 I SnapAlloc: Using graphics libs for alignment calculations
07-28 22:55:54.525  4857  4857 I SystemUi--Keyguard: ScrimControllerExImp-->blur State to UNLOCK, bouncer=false changeFromBouncerScrim= false runnerUnlock= false goingAway=false hasHandle=true isOccludeAnimationPlaying=false
07-28 22:55:54.526  4857  4857 I SystemUi--Keyguard: ScrimControllerExImp-->blur State to UNLOCK, bouncer=false changeFromBouncerScrim= false runnerUnlock= false goingAway=false hasHandle=true isOccludeAnimationPlaying=false
07-28 22:55:54.526  3362  4835 I InputDispatcher: injectInputEvent: targetUid=<not set>, syncMode=WAIT_FOR_FINISHED, timeout=30000ms, policyFlags=0x8000000, event=MotionEvent { action=MOVE, id[0]=0, x[0]=900, y[0]=1894.93, eventTime=59361000000, downTime=59077000000, deviceId=4, source=TOUCHSCREEN, displayId=0, eventId=0xf9750ca7}
07-28 22:55:54.533  4857  4857 I SystemUi--Keyguard: ScrimControllerExImp-->blur State to UNLOCK, bouncer=false changeFromBouncerScrim= false runnerUnlock= false goingAway=false hasHandle=true isOccludeAnimationPlaying=false
07-28 22:55:54.533  3362  4835 I InputDispatcher: injectInputEvent: targetUid=<not set>, syncMode=WAIT_FOR_FINISHED, timeout=30000ms, policyFlags=0x8000000, event=MotionEvent { action=MOVE, id[0]=0, x[0]=900, y[0]=1947.47, eventTime=59369000000, downTime=59077000000, deviceId=4, source=TOUCHSCREEN, displayId=0, eventId=0xf4606553}
07-28 22:55:54.534  4857  4857 I SystemUi--Keyguard: ScrimControllerExImp-->blur State to UNLOCK, bouncer=false changeFromBouncerScrim= false runnerUnlock= false goingAway=false hasHandle=true isOccludeAnimationPlaying=false
07-28 22:55:54.542  1921  1921 I SnapAlloc: Using graphics libs for alignment calculations
07-28 22:55:54.542  4857  4857 I SystemUi--Keyguard: ScrimControllerExImp-->blur State to UNLOCK, bouncer=false changeFromBouncerScrim= false runnerUnlock= false goingAway=false hasHandle=true isOccludeAnimationPlaying=false
07-28 22:55:54.542  3362  4835 I InputDispatcher: injectInputEvent: targetUid=<not set>, syncMode=WAIT_FOR_FINISHED, timeout=30000ms, policyFlags=0x8000000, event=MotionEvent { action=UP, id[0]=0, x[0]=900, y[0]=2000, eventTime=59378000000, downTime=59077000000, deviceId=4, source=TOUCHSCREEN, displayId=0, eventId=0xf848fca1}
07-28 22:55:54.542  3362  4831 D UAH-UahAdaptHelper: adaptSetNotification identity = OplusUAwareInputHelpersrc = 1000 , type 1 ,p1 = -1 ,p2 = -1 ,p3 = -1 ,p4 =
07-28 22:55:54.542  3362  4831 I [UAH_CLIENT]: uahRuleCtl, ruleId:1000, status:1
07-28 22:55:54.543  4857  4857 I SystemUi--Keyguard: ScrimControllerExImp-->blur State to UNLOCK, bouncer=false changeFromBouncerScrim= false runnerUnlock= false goingAway=false hasHandle=true isOccludeAnimationPlaying=false
07-28 22:55:54.543  3362  4439 D OplusViewDebugManager: OplusViewDebugManager Constructor android.view.debug.OplusViewDebugManager@fda48cc [mHasViewDebugProperty true] [mHasMsgDebugProperty false] [DEBUG false] [EXTRAINFOENABLE false] [LIGHT_OS false]
07-28 22:55:54.543  3362  4439 D OplusViewDebugManager: OplusViewDebugManager Constructor android.view.debug.OplusViewDebugManager@be75715 [mHasViewDebugProperty true] [mHasMsgDebugProperty false] [DEBUG false] [EXTRAINFOENABLE false] [LIGHT_OS false]
07-28 22:55:54.543  3362  4831 I [UAH_CLIENT]: UahRelease, handle:35
07-28 22:55:54.543  3362  4831 I [UAH_CLIENT]: UahEventAcquire, cmdid:6, pkg:none, identity:OplusUAwareInputHelper
07-28 22:55:54.545  4857  4857 I SystemUi--Statusbar: OplusStatusBarWindowViewTouchExImpl-->onTouchEvent handled:false
07-28 22:55:54.545  4857  4857 I SystemUi--QuickSettings: OplusPanelViewPagerController-->reset
07-28 22:55:54.545  4857  4857 I SystemUi--QuickSettings: OplusPanelViewPagerController-->reset
07-28 22:55:54.545  4857  6250 I [UAH_CLIENT]: UahRelease, handle:34
07-28 22:55:54.545  4857  4857 I SystemUi--QuickSettings: OplusQSRootViewController-->endMotionEvent, expand: true, vel: 6566.6504, vectorVel: 6566.6504  isClosing=false panelClosedOnDown=true canSlideHToQSOnStatusBar=true
07-28 22:55:54.545  4857  4857 I SystemUi--QuickSettings: OplusQSRootViewController-->fling qs, expand: true, vel: 6566.6504
07-28 22:55:54.545  4857  4857 I SystemUi--QuickSettings: QSPanelExpandFraction-->animateExpanded, isExpanded=true, (0.9745623 -> 1.0), lastFinalPosition=1.0
07-28 22:55:54.545  4857  4857 I SystemUi--QuickSettings: QSPanelTranslationY-->animateExpandTranslationY, isExpanded=true, threshold=156.0
07-28 22:55:54.545  4857  6250 I [UAH_CLIENT]: UahEventAcquire, cmdid:97, pkg:none, identity:OsenseHelperImpl
07-28 22:55:54.545  4857  4857 I SystemUi--QuickSettings: QSPanelAnimatorManager-->startRebound
07-28 22:55:54.546  4857  4857 I SystemUi--QuickSettings: OplusPanelViewPagerController-->notifySeparateQSEndMotionEvent currentNotifyFraction=0.0  fraction=0.9745623 notifyExpandedFraction=0.0 fractionListeners.size=0
07-28 22:55:54.546  4857  4857 I SystemUi--QuickSettings: OplusQSRootViewController-->resetTouch
07-28 22:55:54.546  4857  4857 D OplusViewDragTouchViewHelper: dispatchTouchView action = 1
07-28 22:55:54.546  4857  4857 D OplusViewDragTouchViewHelper: dispatchTouchView action = 1
07-28 22:55:54.546  4857  4857 D OplusViewDragTouchViewHelper: dispatchTouchView action = 1
07-28 22:55:54.547  1953  1997 I [UAH_CLIENT]: UahPlatformResAcquire
07-28 22:55:54.547  1953  1997 I [UAH_CLIENT]: UahEventAcquire, cmdid:-3, pkg:1953 7063, identity:qcom-perfd
07-28 22:55:54.547  1953  1997 E PERFHAL-RESOURCEQS: PERFHAL-RESOURCEQS: AddAndApply() 130: Resource with major=18, minor=30 not supported
07-28 22:55:54.547  1953  1997 E PERFHAL-RESOURCEQS: PERFHAL-RESOURCEQS: AddAndApply() 130: Resource with major=18, minor=31 not supported
07-28 22:55:54.550  4857  4857 I SystemUi--Keyguard: ScrimControllerExImp-->blur State to UNLOCK, bouncer=false changeFromBouncerScrim= false runnerUnlock= false goingAway=false hasHandle=true isOccludeAnimationPlaying=false
07-28 22:55:54.551  4857  4857 I SystemUi--Keyguard: ScrimControllerExImp-->blur State to UNLOCK, bouncer=false changeFromBouncerScrim= false runnerUnlock= false goingAway=false hasHandle=true isOccludeAnimationPlaying=false
07-28 22:55:54.558  4857  4857 I SystemUi--Keyguard: ScrimControllerExImp-->blur State to UNLOCK, bouncer=false changeFromBouncerScrim= false runnerUnlock= false goingAway=false hasHandle=true isOccludeAnimationPlaying=false
07-28 22:55:54.558  1921  1921 I SnapAlloc: Using graphics libs for alignment calculations
07-28 22:55:54.558  4857  4857 I SystemUi--Keyguard: ScrimControllerExImp-->blur State to UNLOCK, bouncer=false changeFromBouncerScrim= false runnerUnlock= false goingAway=false hasHandle=true isOccludeAnimationPlaying=false
07-28 22:55:54.566  4857  4857 I SystemUi--Keyguard: ScrimControllerExImp-->blur State to UNLOCK, bouncer=false changeFromBouncerScrim= false runnerUnlock= false goingAway=false hasHandle=true isOccludeAnimationPlaying=false
07-28 22:55:54.566  4857  4857 I SystemUi--Keyguard: ScrimControllerExImp-->blur State to UNLOCK, bouncer=false changeFromBouncerScrim= false runnerUnlock= false goingAway=false hasHandle=true isOccludeAnimationPlaying=false
07-28 22:55:54.574  4857  4857 I SystemUi--Keyguard: ScrimControllerExImp-->blur State to UNLOCK, bouncer=false changeFromBouncerScrim= false runnerUnlock= false goingAway=false hasHandle=true isOccludeAnimationPlaying=false
07-28 22:55:54.574  1921  1921 I SnapAlloc: Using graphics libs for alignment calculations
07-28 22:55:54.575  4857  4857 I SystemUi--Keyguard: ScrimControllerExImp-->blur State to UNLOCK, bouncer=false changeFromBouncerScrim= false runnerUnlock= false goingAway=false hasHandle=true isOccludeAnimationPlaying=false
07-28 22:55:54.583  4857  4857 I SystemUi--Keyguard: ScrimControllerExImp-->blur State to UNLOCK, bouncer=false changeFromBouncerScrim= false runnerUnlock= false goingAway=false hasHandle=true isOccludeAnimationPlaying=false
07-28 22:55:54.583  4857  4857 I SystemUi--Keyguard: ScrimControllerExImp-->blur State to UNLOCK, bouncer=false changeFromBouncerScrim= false runnerUnlock= false goingAway=false hasHandle=true isOccludeAnimationPlaying=false
07-28 22:55:54.591  4857  4857 I SystemUi--Keyguard: ScrimControllerExImp-->blur State to UNLOCK, bouncer=false changeFromBouncerScrim= false runnerUnlock= false goingAway=false hasHandle=true isOccludeAnimationPlaying=false
07-28 22:55:54.591  1921  1921 I SnapAlloc: Using graphics libs for alignment calculations
07-28 22:55:54.591  4857  4857 I SystemUi--Keyguard: ScrimControllerExImp-->blur State to UNLOCK, bouncer=false changeFromBouncerScrim= false runnerUnlock= false goingAway=false hasHandle=true isOccludeAnimationPlaying=false
07-28 22:55:54.599  4857  4857 I SystemUi--Keyguard: ScrimControllerExImp-->blur State to UNLOCK, bouncer=false changeFromBouncerScrim= false runnerUnlock= false goingAway=false hasHandle=true isOccludeAnimationPlaying=false
07-28 22:55:54.600  4857  4857 I SystemUi--Keyguard: ScrimControllerExImp-->blur State to UNLOCK, bouncer=false changeFromBouncerScrim= false runnerUnlock= false goingAway=false hasHandle=true isOccludeAnimationPlaying=false
07-28 22:55:54.607  4857  4857 I SystemUi--Keyguard: ScrimControllerExImp-->blur State to UNLOCK, bouncer=false changeFromBouncerScrim= false runnerUnlock= false goingAway=false hasHandle=true isOccludeAnimationPlaying=false
07-28 22:55:54.608  1921  1921 I SnapAlloc: Using graphics libs for alignment calculations
07-28 22:55:54.608  4857  4857 I SystemUi--Keyguard: ScrimControllerExImp-->blur State to UNLOCK, bouncer=false changeFromBouncerScrim= false runnerUnlock= false goingAway=false hasHandle=true isOccludeAnimationPlaying=false
07-28 22:55:54.612  3362  4410 V AlarmManager: sending alarm Alarm{d46aa2a type 3 origWhen 40698 whenElapsed 40698 android} uid 1000 whenElapsed 40698 windowLength 18750 maxWhenElapsed 59448 repeatInterval 0 action null component null tag WifiHealthMonitor Schedule Post-Boot Detection Timer flags 0x8 procName system_server
07-28 22:55:54.616  4857  4857 I SystemUi--Keyguard: ScrimControllerExImp-->blur State to UNLOCK, bouncer=false changeFromBouncerScrim= false runnerUnlock= false goingAway=false hasHandle=true isOccludeAnimationPlaying=false
07-28 22:55:54.616  4857  4857 I SystemUi--Keyguard: ScrimControllerExImp-->blur State to UNLOCK, bouncer=false changeFromBouncerScrim= false runnerUnlock= false goingAway=false hasHandle=true isOccludeAnimationPlaying=false
07-28 22:55:54.624  4857  4857 I SystemUi--Keyguard: ScrimControllerExImp-->blur State to UNLOCK, bouncer=false changeFromBouncerScrim= false runnerUnlock= false goingAway=false hasHandle=true isOccludeAnimationPlaying=false
07-28 22:55:54.624  1921  1921 I SnapAlloc: Using graphics libs for alignment calculations
07-28 22:55:54.625  4857  4857 I SystemUi--Keyguard: ScrimControllerExImp-->blur State to UNLOCK, bouncer=false changeFromBouncerScrim= false runnerUnlock= false goingAway=false hasHandle=true isOccludeAnimationPlaying=false
07-28 22:55:54.632  4857  4857 I SystemUi--Keyguard: ScrimControllerExImp-->blur State to UNLOCK, bouncer=false changeFromBouncerScrim= false runnerUnlock= false goingAway=false hasHandle=true isOccludeAnimationPlaying=false
07-28 22:55:54.633  4857  4857 I SystemUi--Keyguard: ScrimControllerExImp-->blur State to UNLOCK, bouncer=false changeFromBouncerScrim= false runnerUnlock= false goingAway=false hasHandle=true isOccludeAnimationPlaying=false
07-28 22:55:54.639  1999  1999 D SensorFeature: name=ssc_screenshot_info ,index = 22
07-28 22:55:54.639  1999  1999 D SensorFeature: write 29 bytes:59466116122,59474449455,159,0
07-28 22:55:54.641  4857  4857 I SystemUi--Keyguard: ScrimControllerExImp-->blur State to UNLOCK, bouncer=false changeFromBouncerScrim= false runnerUnlock= false goingAway=false hasHandle=true isOccludeAnimationPlaying=false
07-28 22:55:54.641  1921  1921 I SnapAlloc: Using graphics libs for alignment calculations
07-28 22:55:54.641  4857  4857 I SystemUi--Keyguard: ScrimControllerExImp-->blur State to UNLOCK, bouncer=false changeFromBouncerScrim= false runnerUnlock= false goingAway=false hasHandle=true isOccludeAnimationPlaying=false
07-28 22:55:54.649  4857  4857 I SystemUi--Keyguard: ScrimControllerExImp-->blur State to UNLOCK, bouncer=false changeFromBouncerScrim= false runnerUnlock= false goingAway=false hasHandle=true isOccludeAnimationPlaying=false
07-28 22:55:54.650  4857  4857 I SystemUi--Keyguard: ScrimControllerExImp-->blur State to UNLOCK, bouncer=false changeFromBouncerScrim= false runnerUnlock= false goingAway=false hasHandle=true isOccludeAnimationPlaying=false
07-28 22:55:54.657  4857  4857 I SystemUi--Keyguard: ScrimControllerExImp-->blur State to UNLOCK, bouncer=false changeFromBouncerScrim= false runnerUnlock= false goingAway=false hasHandle=true isOccludeAnimationPlaying=false
07-28 22:55:54.658  4857  4857 I SystemUi--Keyguard: ScrimControllerExImp-->blur State to UNLOCK, bouncer=false changeFromBouncerScrim= false runnerUnlock= false goingAway=false hasHandle=true isOccludeAnimationPlaying=false
07-28 22:55:54.659  1921  1921 I SnapAlloc: Using graphics libs for alignment calculations
07-28 22:55:54.666  4857  4857 I SystemUi--Keyguard: ScrimControllerExImp-->blur State to UNLOCK, bouncer=false changeFromBouncerScrim= false runnerUnlock= false goingAway=false hasHandle=true isOccludeAnimationPlaying=false
07-28 22:55:54.666  4857  4857 I SystemUi--Keyguard: ScrimControllerExImp-->blur State to UNLOCK, bouncer=false changeFromBouncerScrim= false runnerUnlock= false goingAway=false hasHandle=true isOccludeAnimationPlaying=false
07-28 22:55:54.674  4857  4857 I SystemUi--Keyguard: ScrimControllerExImp-->blur State to UNLOCK, bouncer=false changeFromBouncerScrim= false runnerUnlock= false goingAway=false hasHandle=true isOccludeAnimationPlaying=false
07-28 22:55:54.674  1921  1921 I SnapAlloc: Using graphics libs for alignment calculations
07-28 22:55:54.674  4857  4857 I SystemUi--Keyguard: ScrimControllerExImp-->blur State to UNLOCK, bouncer=false changeFromBouncerScrim= false runnerUnlock= false goingAway=false hasHandle=true isOccludeAnimationPlaying=false
07-28 22:55:54.682  4857  4857 I SystemUi--Keyguard: ScrimControllerExImp-->blur State to UNLOCK, bouncer=false changeFromBouncerScrim= false runnerUnlock= false goingAway=false hasHandle=true isOccludeAnimationPlaying=false
07-28 22:55:54.683  4857  4857 I SystemUi--Keyguard: ScrimControllerExImp-->blur State to UNLOCK, bouncer=false changeFromBouncerScrim= false runnerUnlock= false goingAway=false hasHandle=true isOccludeAnimationPlaying=false
07-28 22:55:54.690  4857  4857 I SystemUi--Keyguard: ScrimControllerExImp-->blur State to UNLOCK, bouncer=false changeFromBouncerScrim= false runnerUnlock= false goingAway=false hasHandle=true isOccludeAnimationPlaying=false
07-28 22:55:54.691  1921  1921 I SnapAlloc: Using graphics libs for alignment calculations
07-28 22:55:54.691  4857  4857 I SystemUi--Keyguard: ScrimControllerExImp-->blur State to UNLOCK, bouncer=false changeFromBouncerScrim= false runnerUnlock= false goingAway=false hasHandle=true isOccludeAnimationPlaying=false
07-28 22:55:54.699  4857  4857 I SystemUi--Keyguard: ScrimControllerExImp-->blur State to UNLOCK, bouncer=false changeFromBouncerScrim= false runnerUnlock= false goingAway=false hasHandle=true isOccludeAnimationPlaying=false
07-28 22:55:54.699  4857  4857 I SystemUi--Keyguard: ScrimControllerExImp-->blur State to UNLOCK, bouncer=false changeFromBouncerScrim= false runnerUnlock= false goingAway=false hasHandle=true isOccludeAnimationPlaying=false
07-28 22:55:54.707  4857  4857 I SystemUi--Keyguard: ScrimControllerExImp-->blur State to UNLOCK, bouncer=false changeFromBouncerScrim= false runnerUnlock= false goingAway=false hasHandle=true isOccludeAnimationPlaying=false
07-28 22:55:54.707  1921  1921 I SnapAlloc: Using graphics libs for alignment calculations
07-28 22:55:54.707  4857  4857 I SystemUi--Keyguard: ScrimControllerExImp-->blur State to UNLOCK, bouncer=false changeFromBouncerScrim= false runnerUnlock= false goingAway=false hasHandle=true isOccludeAnimationPlaying=false
07-28 22:55:54.715  4857  4857 I SystemUi--Keyguard: ScrimControllerExImp-->blur State to UNLOCK, bouncer=false changeFromBouncerScrim= false runnerUnlock= false goingAway=false hasHandle=true isOccludeAnimationPlaying=false
07-28 22:55:54.716  4857  4857 I SystemUi--Keyguard: ScrimControllerExImp-->blur State to UNLOCK, bouncer=false changeFromBouncerScrim= false runnerUnlock= false goingAway=false hasHandle=true isOccludeAnimationPlaying=false
07-28 22:55:54.724  4857  4857 I SystemUi--Keyguard: ScrimControllerExImp-->blur State to UNLOCK, bouncer=false changeFromBouncerScrim= false runnerUnlock= false goingAway=false hasHandle=true isOccludeAnimationPlaying=false
07-28 22:55:54.724  1921  1921 I SnapAlloc: Using graphics libs for alignment calculations
07-28 22:55:54.724  4857  4857 I SystemUi--Keyguard: ScrimControllerExImp-->blur State to UNLOCK, bouncer=false changeFromBouncerScrim= false runnerUnlock= false goingAway=false hasHandle=true isOccludeAnimationPlaying=false
07-28 22:55:54.732  4857  4857 I SystemUi--QuickSettings: TemporarilyInfoManager-->[setStarted] true
07-28 22:55:54.732  4857  4857 I SystemUi--QuickSettings: OplusQSRootViewController-->endClosing()
07-28 22:55:54.732  4857  4857 I SystemUi--Common: OplusShadeExpansionStat-->go state: OPENING -> OPEN
07-28 22:55:54.732  4857  4857 I SystemUi--Common: OplusShadeExpansionStat-->go state: OPENING -> OPEN
07-28 22:55:54.732  4857  4857 I SystemUi--Keyguard: ScrimControllerExImp-->blur State to UNLOCK, bouncer=false changeFromBouncerScrim= false runnerUnlock= false goingAway=false hasHandle=true isOccludeAnimationPlaying=false
07-28 22:55:54.733  4857  4857 I SystemUi--Common: PlatformBlurManagerImpl-->setPlatformBlurMode: blurMode=AUTO(blurFrequency=4)
07-28 22:55:54.733  4857  4857 I SystemUi--Common: PlatformBlurManagerImpl-->updateMotionFrequency: isExpanding=false
07-28 22:55:54.733  4857  4857 I SystemUi--Keyguard: ScrimControllerExImp-->blur State to UNLOCK, bouncer=false changeFromBouncerScrim= false runnerUnlock= false goingAway=false hasHandle=true isOccludeAnimationPlaying=false
07-28 22:55:54.733  4857  4857 I SystemUi--Device_Panel: OplusQSMyDeviceContainerViewController-->setQsDeviceExpansion expansion 1.0
07-28 22:55:54.733  4857  4857 I SystemUi--QuickSettings: QSPanelExpandFraction-->fractionAnimation onAnimationEnd, value=1.0
07-28 22:55:54.740  1921  1921 I SnapAlloc: Using graphics libs for alignment calculations
07-28 22:55:54.861  1838  4458 I sensors-hal: handle_oplus_wise_rgb_event:189, high_pwm_light:lux 273.9,cct 3627.0,brl/algo/ir 1428.0/2.0/16.3,pwm/dc 0.0/0.0,rgbc 21126.423828/13300.236328/6102.214355/39163.101562,ts 59466514630,cnt 840,flag 159
07-28 22:55:54.862  1925  4454 I Dpps    : LtmSwState::SetParameter():144 ignore cmd 7 in state LtmOffState
07-28 22:55:54.889  3362  3776 D VRR [OPlusSAManager]: updateAutoMinfps with nits: 111.433464, mHistOK true, mAmbientOK true, mCctOK true, mIrOK true, mBrightnessOK true, isPkgOK true, SA min fps: 119
07-28 22:55:54.889  3362  3776 D VRR [OPlusSurfaceFlingerController]: setAutoMode enable: true fakeFrame: true fps: 119
07-28 22:55:54.889  2154  2316 I VRR-[OPlusAdfrUtil]: ADFR try set Auto mode with mode 1 fakeframe 1 min fps 119
07-28 22:55:54.889  2154  2316 D VRR-[OPlusRefreshRateSelector]: OSyncModes add size is 1.
07-28 22:55:54.889  2154  2316 I VRR-[OPlusRefreshRateSelector]: updateAutoMode success, display 0, mode 0, fakeframe 1, min fps: 1
07-28 22:55:54.889  2154  3515 D VRR-[OPlusRefreshRateSelector]: handleSetHWCOSync
07-28 22:55:54.889  2154  3515 D VRR-[OPlusRefreshRateSelector]: OSyncModes remaining size is 0.
07-28 22:55:54.889  2154  3515 D VRR-[OPlusRefreshRateSelector]: SetHWCOSync with 5CC08181
07-28 22:55:54.889  1925  1925 I SDM     : DisplayBuiltIn::SetQSyncMode: VRR + update qsync mode 0 minfps 00C08181
07-28 22:55:54.896  1925  2219 E SDM     : DRMConnector::Perform: Connector 67: Setting Qsync min fps 12616065
07-28 22:55:54.913  1999  1999 D SensorFeature: name=ssc_screenshot_info ,index = 22
07-28 22:55:54.914  1999  1999 D SensorFeature: write 29 bytes:59740119559,59748452892,160,0
07-28 22:55:54.948  2006  2041 D BatteryChargeControl: bcc get no support from charging protocol
07-28 22:55:55.092  2006  7189 D charge_time: type=sdp,reserve_soc=2,soc=41,ui_soc=43,current=195,avg=192,not_chg_cnt=0,stable_cnt=7,fcc=5724,fcc_ratio=94,delta=43,debug=0,region=17,ttf=29131(08:05:31),ui_ttf=23092(06:24:52)
07-28 22:55:55.129  1925  4454 I Dpps    : LtmSwState::SetParameter():144 ignore cmd 7 in state LtmOffState
07-28 22:55:55.167  3362  3362 D OplusWifiBroadCastDispatcher: mBroadcastReceiver: onReceiver  action=android.intent.action.BATTERY_LEVEL_CHANGED
07-28 22:55:55.167  3362  4611 D OplusWifiPowerService: onReceive action:android.intent.action.BATTERY_LEVEL_CHANGED
07-28 22:55:55.167  3362  4472 W OplusStorageManagerFeature: mScreenReceiver action:android.intent.action.BATTERY_LEVEL_CHANGED
07-28 22:55:55.167  3362  4472 I OplusStorageManagerFeature: TmemoryBetterySwitch: level=43 state=0
07-28 22:55:55.167  3362  4472 I OplusStorageManagerFeature: TmemoryBetterySwitch: action=0 state=2
07-28 22:55:55.167  3362  4472 W OplusStorageManagerFeature: Ready to deal actionParam:0
07-28 22:55:55.171  8662  9801 W metis_v2_KnowledgeManager: Fire: isEmergency is true  debugFireMode = false [7f0000011753757715438125107400|p_7400_4e5846f@1|p_8662_a07cd45@6|com.oplus.metis] [base|com.oplus.metis|1.5.5-f48228a]
07-28 22:55:55.171  8662  9801 W metis_v2_OifaceBindUtils: bindTask [7f0000011753757715438125107400|p_7400_4e5846f@1|p_8662_a07cd45@6|com.oplus.metis]
