07-29 18:43:18.471  8045  9386 E metis_v2_JenaHandlerManager: local thread match [7f0000011753828956619106307524|p_7524_d664c18@1|p_8045_c3b0927@1|com.oplus.metis]
07-29 18:43:18.471  8045  9386 E metis_v2_JenaHandlerManager: local thread match [7f0000011753828956619106307524|p_7524_d664c18@1|p_8045_c3b0927@1|com.oplus.metis]
07-29 18:43:18.471  8045  9386 E metis_v2_JenaHandlerManager: local thread match [7f0000011753828956619106307524|p_7524_d664c18@1|p_8045_c3b0927@1|com.oplus.metis]
07-29 18:43:18.471  8045  9386 E metis_v2_JenaHandlerManager: local thread match [7f0000011753828956619106307524|p_7524_d664c18@1|p_8045_c3b0927@1|com.oplus.metis]
07-29 18:43:18.471  8045  9386 E metis_v2_JenaHandlerManager: local thread match [7f0000011753828956619106307524|p_7524_d664c18@1|p_8045_c3b0927@1|com.oplus.metis]
07-29 18:43:18.471  8045  9386 E metis_v2_JenaHandlerManager: local thread match [7f0000011753828956619106307524|p_7524_d664c18@1|p_8045_c3b0927@1|com.oplus.metis]
07-29 18:43:18.471  8045  9386 E metis_v2_JenaHandlerManager: local thread match [7f0000011753828956619106307524|p_7524_d664c18@1|p_8045_c3b0927@1|com.oplus.metis]
07-29 18:43:18.471  8045  9386 E metis_v2_JenaHandlerManager: local thread match [7f0000011753828956619106307524|p_7524_d664c18@1|p_8045_c3b0927@1|com.oplus.metis]
07-29 18:43:18.471  8045  9386 E metis_v2_JenaHandlerManager: local thread match [7f0000011753828956619106307524|p_7524_d664c18@1|p_8045_c3b0927@1|com.oplus.metis]
07-29 18:43:18.471  8045  9386 E metis_v2_JenaHandlerManager: local thread match [7f0000011753828956619106307524|p_7524_d664c18@1|p_8045_c3b0927@1|com.oplus.metis]
07-29 18:43:18.471  8045  9386 E metis_v2_JenaHandlerManager: local thread match [7f0000011753828956619106307524|p_7524_d664c18@1|p_8045_c3b0927@1|com.oplus.metis]
07-29 18:43:18.471  8045  9386 E metis_v2_JenaHandlerManager: local thread match [7f0000011753828956619106307524|p_7524_d664c18@1|p_8045_c3b0927@1|com.oplus.metis]
07-29 18:43:18.471  8045  9386 E metis_v2_JenaHandlerManager: local thread match [7f0000011753828956619106307524|p_7524_d664c18@1|p_8045_c3b0927@1|com.oplus.metis]
07-29 18:43:18.471  8045  9386 E metis_v2_JenaHandlerManager: local thread match [7f0000011753828956619106307524|p_7524_d664c18@1|p_8045_c3b0927@1|com.oplus.metis]
07-29 18:43:18.471  8045  9386 E metis_v2_JenaHandlerManager: local thread match [7f0000011753828956619106307524|p_7524_d664c18@1|p_8045_c3b0927@1|com.oplus.metis]
07-29 18:43:18.471  8045  9386 E metis_v2_JenaHandlerManager: local thread match [7f0000011753828956619106307524|p_7524_d664c18@1|p_8045_c3b0927@1|com.oplus.metis]
07-29 18:43:18.471  8045  9386 E metis_v2_JenaHandlerManager: local thread match [7f0000011753828956619106307524|p_7524_d664c18@1|p_8045_c3b0927@1|com.oplus.metis]
07-29 18:43:18.471  8045  9386 E metis_v2_JenaHandlerManager: local thread match [7f0000011753828956619106307524|p_7524_d664c18@1|p_8045_c3b0927@1|com.oplus.metis]
07-29 18:43:18.471  8045  9386 E metis_v2_JenaHandlerManager: local thread match [7f0000011753828956619106307524|p_7524_d664c18@1|p_8045_c3b0927@1|com.oplus.metis]
07-29 18:43:18.471  8045  9386 E metis_v2_JenaHandlerManager: local thread match [7f0000011753828956619106307524|p_7524_d664c18@1|p_8045_c3b0927@1|com.oplus.metis]
07-29 18:43:18.471  8045  9386 E metis_v2_JenaHandlerManager: local thread match [7f0000011753828956619106307524|p_7524_d664c18@1|p_8045_c3b0927@1|com.oplus.metis]
07-29 18:43:18.471  8045  9386 E metis_v2_JenaHandlerManager: local thread match [7f0000011753828956619106307524|p_7524_d664c18@1|p_8045_c3b0927@1|com.oplus.metis]
07-29 18:43:18.471  8045  9386 E metis_v2_JenaHandlerManager: local thread match [7f0000011753828956619106307524|p_7524_d664c18@1|p_8045_c3b0927@1|com.oplus.metis]
07-29 18:43:18.471  8045  9386 E metis_v2_JenaHandlerManager: local thread match [7f0000011753828956619106307524|p_7524_d664c18@1|p_8045_c3b0927@1|com.oplus.metis]
07-29 18:43:18.471  8045  9386 E metis_v2_JenaHandlerManager: local thread match [7f0000011753828956619106307524|p_7524_d664c18@1|p_8045_c3b0927@1|com.oplus.metis]
07-29 18:43:18.471  8045  9386 E metis_v2_JenaHandlerManager: local thread match [7f0000011753828956619106307524|p_7524_d664c18@1|p_8045_c3b0927@1|com.oplus.metis]
07-29 18:43:18.471  8045  9386 E metis_v2_JenaHandlerManager: local thread match [7f0000011753828956619106307524|p_7524_d664c18@1|p_8045_c3b0927@1|com.oplus.metis]
07-29 18:43:18.471  8045  9386 E metis_v2_JenaHandlerManager: local thread match [7f0000011753828956619106307524|p_7524_d664c18@1|p_8045_c3b0927@1|com.oplus.metis]
07-29 18:43:18.471  8045  9386 E metis_v2_JenaHandlerManager: local thread match [7f0000011753828956619106307524|p_7524_d664c18@1|p_8045_c3b0927@1|com.oplus.metis]
07-29 18:43:18.471  8045  9386 E metis_v2_JenaHandlerManager: local thread match [7f0000011753828956619106307524|p_7524_d664c18@1|p_8045_c3b0927@1|com.oplus.metis]
07-29 18:43:18.471  8045  9386 E metis_v2_JenaHandlerManager: local thread match [7f0000011753828956619106307524|p_7524_d664c18@1|p_8045_c3b0927@1|com.oplus.metis]
07-29 18:43:18.471  8045  9386 E metis_v2_JenaHandlerManager: local thread match [7f0000011753828956619106307524|p_7524_d664c18@1|p_8045_c3b0927@1|com.oplus.metis]
07-29 18:43:18.471  8045  9386 E metis_v2_JenaHandlerManager: local thread match [7f0000011753828956619106307524|p_7524_d664c18@1|p_8045_c3b0927@1|com.oplus.metis]
07-29 18:43:18.471  8045  9386 E metis_v2_JenaHandlerManager: local thread match [7f0000011753828956619106307524|p_7524_d664c18@1|p_8045_c3b0927@1|com.oplus.metis]
07-29 18:43:18.471  8045  9386 E metis_v2_JenaHandlerManager: local thread match [7f0000011753828956619106307524|p_7524_d664c18@1|p_8045_c3b0927@1|com.oplus.metis]
07-29 18:43:18.471  8045  9386 E metis_v2_JenaHandlerManager: local thread match [7f0000011753828956619106307524|p_7524_d664c18@1|p_8045_c3b0927@1|com.oplus.metis]
07-29 18:43:18.471  8045  9386 E metis_v2_JenaHandlerManager: local thread match [7f0000011753828956619106307524|p_7524_d664c18@1|p_8045_c3b0927@1|com.oplus.metis]
07-29 18:43:18.471  8045  9386 E metis_v2_JenaHandlerManager: local thread match [7f0000011753828956619106307524|p_7524_d664c18@1|p_8045_c3b0927@1|com.oplus.metis]
07-29 18:43:18.471  8045  9386 E metis_v2_JenaHandlerManager: local thread match [7f0000011753828956619106307524|p_7524_d664c18@1|p_8045_c3b0927@1|com.oplus.metis]
07-29 18:43:18.471  8045  9386 E metis_v2_JenaHandlerManager: local thread match [7f0000011753828956619106307524|p_7524_d664c18@1|p_8045_c3b0927@1|com.oplus.metis]
07-29 18:43:18.471  8045  9386 E metis_v2_JenaHandlerManager: local thread match [7f0000011753828956619106307524|p_7524_d664c18@1|p_8045_c3b0927@1|com.oplus.metis]
07-29 18:43:18.471  8045  9386 E metis_v2_JenaHandlerManager: local thread match [7f0000011753828956619106307524|p_7524_d664c18@1|p_8045_c3b0927@1|com.oplus.metis]
07-29 18:43:18.471  8045  9386 E metis_v2_JenaHandlerManager: local thread match [7f0000011753828956619106307524|p_7524_d664c18@1|p_8045_c3b0927@1|com.oplus.metis]
07-29 18:43:18.471  8045  9386 E metis_v2_JenaHandlerManager: local thread match [7f0000011753828956619106307524|p_7524_d664c18@1|p_8045_c3b0927@1|com.oplus.metis]
07-29 18:43:18.471  8045  9386 E metis_v2_JenaHandlerManager: local thread match [7f0000011753828956619106307524|p_7524_d664c18@1|p_8045_c3b0927@1|com.oplus.metis]
07-29 18:43:18.471  8045  9386 E metis_v2_JenaHandlerManager: local thread match [7f0000011753828956619106307524|p_7524_d664c18@1|p_8045_c3b0927@1|com.oplus.metis]
07-29 18:43:18.471  8045  9386 E metis_v2_JenaHandlerManager: local thread match [7f0000011753828956619106307524|p_7524_d664c18@1|p_8045_c3b0927@1|com.oplus.metis]
07-29 18:43:18.471  8045  9386 E metis_v2_JenaHandlerManager: local thread match [7f0000011753828956619106307524|p_7524_d664c18@1|p_8045_c3b0927@1|com.oplus.metis]
07-29 18:43:18.471  8045  9386 E metis_v2_JenaHandlerManager: local thread match [7f0000011753828956619106307524|p_7524_d664c18@1|p_8045_c3b0927@1|com.oplus.metis]
07-29 18:43:18.471  7391  9222 I AstScreen.NetDataRepository: jsonIntent:[]
07-29 18:43:18.471  8045  9386 E metis_v2_JenaHandlerManager: local thread match [7f0000011753828956619106307524|p_7524_d664c18@1|p_8045_c3b0927@1|com.oplus.metis]
07-29 18:43:18.471  8045  9386 E metis_v2_JenaHandlerManager: local thread match [7f0000011753828956619106307524|p_7524_d664c18@1|p_8045_c3b0927@1|com.oplus.metis]
07-29 18:43:18.471  8045  9386 E metis_v2_JenaHandlerManager: local thread match [7f0000011753828956619106307524|p_7524_d664c18@1|p_8045_c3b0927@1|com.oplus.metis]
07-29 18:43:18.471  8045  9386 E metis_v2_JenaHandlerManager: local thread match [7f0000011753828956619106307524|p_7524_d664c18@1|p_8045_c3b0927@1|com.oplus.metis]
07-29 18:43:18.471  8045  9386 E metis_v2_JenaHandlerManager: local thread match [7f0000011753828956619106307524|p_7524_d664c18@1|p_8045_c3b0927@1|com.oplus.metis]
07-29 18:43:18.471  8045  9386 E metis_v2_JenaHandlerManager: local thread match [7f0000011753828956619106307524|p_7524_d664c18@1|p_8045_c3b0927@1|com.oplus.metis]
07-29 18:43:18.471  8045  9386 E metis_v2_JenaHandlerManager: local thread match [7f0000011753828956619106307524|p_7524_d664c18@1|p_8045_c3b0927@1|com.oplus.metis]
07-29 18:43:18.471  8045  9386 E metis_v2_JenaHandlerManager: local thread match [7f0000011753828956619106307524|p_7524_d664c18@1|p_8045_c3b0927@1|com.oplus.metis]
07-29 18:43:18.471  8045  9386 E metis_v2_JenaHandlerManager: local thread match [7f0000011753828956619106307524|p_7524_d664c18@1|p_8045_c3b0927@1|com.oplus.metis]
07-29 18:43:18.471  8045  9386 E metis_v2_JenaHandlerManager: local thread match [7f0000011753828956619106307524|p_7524_d664c18@1|p_8045_c3b0927@1|com.oplus.metis]
07-29 18:43:18.471  8045  9386 E metis_v2_JenaHandlerManager: local thread match [7f0000011753828956619106307524|p_7524_d664c18@1|p_8045_c3b0927@1|com.oplus.metis]
07-29 18:43:18.471  8045  9386 E metis_v2_JenaHandlerManager: local thread match [7f0000011753828956619106307524|p_7524_d664c18@1|p_8045_c3b0927@1|com.oplus.metis]
07-29 18:43:18.471  8045  9386 E metis_v2_JenaHandlerManager: local thread match [7f0000011753828956619106307524|p_7524_d664c18@1|p_8045_c3b0927@1|com.oplus.metis]
07-29 18:43:18.471  8045  9386 E metis_v2_JenaHandlerManager: local thread match [7f0000011753828956619106307524|p_7524_d664c18@1|p_8045_c3b0927@1|com.oplus.metis]
07-29 18:43:18.471  8045  9386 E metis_v2_JenaHandlerManager: local thread match [7f0000011753828956619106307524|p_7524_d664c18@1|p_8045_c3b0927@1|com.oplus.metis]
07-29 18:43:18.471  8045  9386 E metis_v2_JenaHandlerManager: local thread match [7f0000011753828956619106307524|p_7524_d664c18@1|p_8045_c3b0927@1|com.oplus.metis]
07-29 18:43:18.472  8045  9386 E metis_v2_JenaHandlerManager: local thread match [7f0000011753828956619106307524|p_7524_d664c18@1|p_8045_c3b0927@1|com.oplus.metis]
07-29 18:43:18.472  8045  9386 E metis_v2_JenaHandlerManager: local thread match [7f0000011753828956619106307524|p_7524_d664c18@1|p_8045_c3b0927@1|com.oplus.metis]
07-29 18:43:18.472  8045  9386 E metis_v2_JenaHandlerManager: local thread match [7f0000011753828956619106307524|p_7524_d664c18@1|p_8045_c3b0927@1|com.oplus.metis]
07-29 18:43:18.472  8045  9386 E metis_v2_JenaHandlerManager: local thread match [7f0000011753828956619106307524|p_7524_d664c18@1|p_8045_c3b0927@1|com.oplus.metis]
07-29 18:43:18.472  8045  9386 E metis_v2_JenaHandlerManager: local thread match [7f0000011753828956619106307524|p_7524_d664c18@1|p_8045_c3b0927@1|com.oplus.metis]
07-29 18:43:18.472  8045  9386 E metis_v2_JenaHandlerManager: local thread match [7f0000011753828956619106307524|p_7524_d664c18@1|p_8045_c3b0927@1|com.oplus.metis]
07-29 18:43:18.472  8045  9386 E metis_v2_JenaHandlerManager: local thread match [7f0000011753828956619106307524|p_7524_d664c18@1|p_8045_c3b0927@1|com.oplus.metis]
07-29 18:43:18.472  8045  9384 I ContextAware_SortAlgorithmManager.SceneCombinationProcessor: firstLaunch = false , app Feature = indexOS15
07-29 18:43:18.472  8045  9386 E metis_v2_JenaHandlerManager: local thread match [7f0000011753828956619106307524|p_7524_d664c18@1|p_8045_c3b0927@1|com.oplus.metis]
07-29 18:43:18.472  8045  9386 E metis_v2_JenaHandlerManager: local thread match [7f0000011753828956619106307524|p_7524_d664c18@1|p_8045_c3b0927@1|com.oplus.metis]
07-29 18:43:18.472  8045  9386 E metis_v2_JenaHandlerManager: local thread match [7f0000011753828956619106307524|p_7524_d664c18@1|p_8045_c3b0927@1|com.oplus.metis]
07-29 18:43:18.472  8045  9386 E metis_v2_JenaHandlerManager: local thread match [7f0000011753828956619106307524|p_7524_d664c18@1|p_8045_c3b0927@1|com.oplus.metis]
07-29 18:43:18.472  8045  9386 E metis_v2_JenaHandlerManager: local thread match [7f0000011753828956619106307524|p_7524_d664c18@1|p_8045_c3b0927@1|com.oplus.metis]
07-29 18:43:18.472  8045  9386 E metis_v2_JenaHandlerManager: local thread match [7f0000011753828956619106307524|p_7524_d664c18@1|p_8045_c3b0927@1|com.oplus.metis]
07-29 18:43:18.472  8045  9386 E metis_v2_JenaHandlerManager: local thread match [7f0000011753828956619106307524|p_7524_d664c18@1|p_8045_c3b0927@1|com.oplus.metis]
07-29 18:43:18.472  8045  9386 E metis_v2_JenaHandlerManager: local thread match [7f0000011753828956619106307524|p_7524_d664c18@1|p_8045_c3b0927@1|com.oplus.metis]
07-29 18:43:18.472  8045  9384 W ContextAware_SortAlgorithmManager.SceneCombinationProcessor: permanentScene size Less than 2
07-29 18:43:18.472  8045  9386 E metis_v2_JenaHandlerManager: local thread match [7f0000011753828956619106307524|p_7524_d664c18@1|p_8045_c3b0927@1|com.oplus.metis]
07-29 18:43:18.472  8045  9386 E metis_v2_JenaHandlerManager: local thread match [7f0000011753828956619106307524|p_7524_d664c18@1|p_8045_c3b0927@1|com.oplus.metis]
07-29 18:43:18.487  5250  5650 W [0]DCS  : Common Record event failed. DCS reject event: [appId=107501,logTag=10750101,eventId=metis_scene] . Pls check server config.
07-29 18:43:18.508  1988  1988 D SensorFeature: name=ssc_screenshot_info ,index = 22
07-29 18:43:18.508  1988  1988 D SensorFeature: write 29 bytes:60173687007,60182020340,166,0
07-29 18:43:18.547  1901  4443 I Dpps    : LtmSwState::SetParameter():144 ignore cmd 7 in state LtmOffState
07-29 18:43:18.592  4825  4825 D JankUtils: gfxSceneEnd; scene: 7
07-29 18:43:18.592  4825  4825 I SystemUi--Common: NotificationShadeDepthC-->sceneFlag: 0x001, isStart = false, Current sceneFlags: 0x000
07-29 18:43:18.592  4825  4825 D NavigationBar: restrainNavigationBarInvertColor: false
07-29 18:43:18.593  4825  5072 D RegionSamplingHelper =:    mCompositionSamplingListener.register
07-29 18:43:18.593  2163  2406 D SurfaceFlinger: addRegionSamplingListener pid: 4825, Area: [0, 2328, 1080, 2376]
07-29 18:43:18.787  1901  2209 I SDM     : DisplayBase::CommitThread: Received idle timeout, panel: cmd, timeout: 70000 us
07-29 18:43:18.802  1841 13075 I WifiHAL : event received NL80211_CMD_VENDOR, vendor_id = 0x1374, subcmd = 0xb6
07-29 18:43:18.802  1841 13075 I WifiHAL : event received NL80211_CMD_VENDOR, vendor_id = 0x1374, subcmd = 0xb6
07-29 18:43:18.802  3097  3097 I cnss-daemon: nl80211 response handler invoked
07-29 18:43:18.802  3097  3097 I cnss-daemon: nl80211_response_handler: cmd 103, vendorID 4980, subcmd 182  received
07-29 18:43:18.802  3097  3097 I cnss-daemon: nl80211 response handler invoked
07-29 18:43:18.802  3097  3097 I cnss-daemon: nl80211_response_handler: cmd 103, vendorID 4980, subcmd 182  received
07-29 18:43:18.862  1901  2209 I SDM     : DisplayBase::CommitThread: Received idle timeout, panel: cmd, timeout: 69999 us
07-29 18:43:18.866  1988  1988 D SensorFeature: name=ssc_screenshot_info ,index = 22
07-29 18:43:18.866  1988  1988 D SensorFeature: write 29 bytes:60490163621,60540507996,167,0
07-29 18:43:18.868  1901  4443 I Dpps    : LtmSwState::SetParameter():144 ignore cmd 7 in state LtmOffState
07-29 18:43:18.947  2163  3522 D VRR [OTI]: handleIdle from 0 to 1
07-29 18:43:18.948  2163  3522 D VRR [OTI-HW]: isStateReady 1
07-29 18:43:18.948  2163  3522 D VRR [RefreshRateDirector]: requestRefreshRateByOti update [ oti-hw, {fps=60, modePtr={id=5, vsyncRate=60.00 Hz, peakRefreshRate=60.00 Hz}} ]
07-29 18:43:18.948  2163  3522 D VRR [RefreshRateDirector]: selectBestFrameRate DirectorMapOti [oti-hw, {fps=60, modePtr={id=5, vsyncRate=60.00 Hz, peakRefreshRate=60.00 Hz}}]
07-29 18:43:18.948  2163  3522 D VRR [RefreshRateDirector]: updateBestFrameRate [oti-hw, {fps=60, modePtr={id=5, vsyncRate=60.00 Hz, peakRefreshRate=60.00 Hz}}]
07-29 18:43:18.948  2163  3522 D SurfaceFlinger: VRR [SurfaceFlinger] setDesiredActiveMode: displayId: 4630946756802996883, renderRate: 60, vsyncRate: 60, event: 1
07-29 18:43:18.948  2163  3522 D DisplayModeController: setDesiredMode 4630946756802996883 {mode={fps=60.00 Hz, modePtr={id=5, vsyncRate=60.00 Hz, peakRefreshRate=60.00 Hz}}, emitEvent=true, force=false}
07-29 18:43:18.950  2163  2163 I DisplayModeController: hwc begin mode change to 16666666
07-29 18:43:18.950  2163  2163 I HWC2    : [0] setActiveConfigWithConstraints[5]
07-29 18:43:18.951  1901  1901 W SDM     : HWDeviceDRM::GetSupportedBitClkRate: Requested rate not supported: 1363200000
07-29 18:43:18.951  1901  1901 I SDM     : HWDeviceDRM::UpdateMixerAttributes: Mixer WxH 1440x3168-1 for Peripheral
07-29 18:43:18.951  1901  1901 I CwbService: CwbService::notifyConfigChange: display:0, config:5 size:4, sec.size():0
07-29 18:43:18.951  1901  1901 I CwbService: CwbService::notifyConfigChange: display: 0, config = 1
07-29 18:43:18.951  1901  3470 I CasManager: Fps changed from 120 to 60
07-29 18:43:18.951  1901  3470 I CasManager: Fps changed, not change bin, so trigger gain
07-29 18:43:18.951  1901  3470 W SDM     : DemuraIntfImpl::ProcessOemPluginGain: Thermal intf_ is nullptr 0, default to 25 degree
07-29 18:43:18.951  1901  3470 I SDM     : CasQcPlugIn::ProcessPerCompGainOppo: input params, mode:PWM, fps:60, dbv:1339
07-29 18:43:18.951  1901  3470 I SDM     : CasQcPlugIn::ProcessPerCompGainOppo: normalized bright_adj:1024, dbv:1339, bin_dbv:1083, 
07-29 18:43:18.951  1901  3470 I SDM     : CasQcPlugIn::ProcessPerCompGainOppo: gains print start =====================
07-29 18:43:18.951  1901  3470 I SDM     : CasQcPlugIn::ProcessPerCompGainOppo: gain --------------------------------
07-29 18:43:18.951  1901  3470 I SDM     : CasQcPlugIn::ProcessPerCompGainOppo: old: 0 0 0 57 90 322 1201 3072
07-29 18:43:18.951  1901  3470 I SDM     : CasQcPlugIn::ProcessPerCompGainOppo: new: 0 0 0 42 73 261 975 3072
07-29 18:43:18.951  1901  3470 I SDM     : CasQcPlugIn::ProcessPerCompGainOppo: gain --------------------------------
07-29 18:43:18.951  1901  3470 I SDM     : CasQcPlugIn::ProcessPerCompGainOppo: old: 0 0 0 64 125 373 1336 3072
07-29 18:43:18.951  1901  3470 I SDM     : CasQcPlugIn::ProcessPerCompGainOppo: new: 0 0 0 48 89 373 1336 3072
07-29 18:43:18.951  1901  3470 I SDM     : CasQcPlugIn::ProcessPerCompGainOppo: gain --------------------------------
07-29 18:43:18.951  1901  3470 I SDM     : CasQcPlugIn::ProcessPerCompGainOppo: old: 0 0 0 42 83 323 1222 3072
07-29 18:43:18.951  1901  3470 I SDM     : CasQcPlugIn::ProcessPerCompGainOppo: new: 0 0 0 31 83 323 1222 3072
07-29 18:43:18.951  1901  3470 I SDM     : CasQcPlugIn::ProcessPerCompGainOppo: gains print end =======================
07-29 18:43:18.958  1901  3470 I SDM     : DemuraIntfImpl::StageAllData: Staged all data to Demura Driver!
07-29 18:43:18.958  1901  3470 I SDM     : HWPeripheralDRM::SetPanelFeature: Set Panel feature property 19
07-29 18:43:18.958  1901  3470 I SDM     : HWPeripheralDRM::SetPanelFeature: Set Panel feature property 7
07-29 18:43:18.958  1901  3470 I SDM     : DisplayBuiltIn::TriggerDemuraOemPlugIn: Trigger demura oem plugin success
07-29 18:43:18.960  1901  2209 I SDM     : DRMPanelFeatureMgr::ApplyDirtyFeature: Commited panel feature [enabled]: 20-272
07-29 18:43:18.960  1901  2209 I SDM     : DRMPanelFeatureMgr::ApplyDirtyFeature: Commited panel feature [enabled]: 8-271
07-29 18:43:18.982  2163  2163 D VRR-[OPlusRefreshRateSelector]: setCurrentModeId 5 type SM
07-29 18:43:18.983  2163  3522 D VRR [OTI-HW]: isStateReady 1
07-29 18:43:18.983  2163  3522 D VRR [OTI-HW]: keep rate.
07-29 18:43:18.984  3422  3666 I DisplayDeviceRepository: Display device changed render timings: "Built-in Screen", renderFrameRate=60.000004, presentationDeadlineNanos=16666666, appVsyncOffsetNanos=1000000
07-29 18:43:18.984  3422  3666 D LogicalDisplayExt: set displayInfo flag FLAG_ROTATES_WITH_CONTENT
07-29 18:43:18.986  3422  3666 D DisplayManagerServiceExtImpl: scheduleTraversalLocked intraversal=false
07-29 18:43:18.986  3422  3666 I DisplayManagerServiceExtImpl: handle logical display changed logicalDisplay=id=0,stack=0,content=true,displayInfo{stack=0,type=1,id=0,uId=local:4630946756802996883,state=ON,pkg=null}
07-29 18:43:18.986  3422  3666 D DisplayManagerService: Delivering display event: displayId=0, event=CHANGED
07-29 18:43:18.986  3422  3761 D BrightnessThermalClamper: Thermal status observer already started
07-29 18:43:18.986  3422  3761 D BrightnessPowerClamper: Power throttling data is missing for configuration data.
07-29 18:43:18.987  3422  3422 E OplusGestureAnimationManagerPolicy: mScreenHeight:2376 mScreenWidth:1080 mRotation:0
07-29 18:43:18.988  3422  3664 D OplusVFXScreenEffectFeature: notifySFCompatWindowStateChange entered false
07-29 18:43:18.988  3422  3664 D FSS_FoldScreenBlackCoverController: displayChangeToOn, dc:Display{#0 state=ON size=1080x2376 ROTATION_0}
07-29 18:43:18.988  2163  2381 D [PREVIEW]: SF obtain preview_adapter: 0
07-29 18:43:18.988  2163  2381 D [PREVIEW]: TabletPreviewAdapter::parallel world 0
07-29 18:43:18.989  3422  3666 D DisplayManagerService: MSG_REQUEST_TRAVERSAL pendingCompleted=false
07-29 18:43:18.990  2140  2140 D AudioFlingerExtImpl: AudioFlingerExtImpl oplusSetParameters: keyvalue screen_state=on
07-29 18:43:18.990  2140  2140 D DeviceHalAidl: 0xb40000704f07c200 DeviceHalAidl::setParameters
07-29 18:43:18.990  2140  2140 D DeviceHalAidl: setParameters: parameters: "screen_state=on"
07-29 18:43:18.990  3422  3664 D DisplayManagerService: performTraversalInternal pendingTraversal
07-29 18:43:18.990  3422  3664 D DisplayDevice: setLayerStackLocked id=local:4630946756802996883 token=android.os.BinderProxy@a3566b2 stack=0->0
07-29 18:43:18.990  1843  1861 I PAL: ResourceManager: setParameter: 11480: Screen State:1
07-29 18:43:18.991  4657  4657 D CastManagerService: onDisplayChanged.
07-29 18:43:18.991  4825  4825 I SystemUi--Statusbar: DisplayRepository-->combining enabled=[0], connectedExternalDisplayIds=[], ignored=[]
07-29 18:43:18.991  2140  2140 D DeviceHalAidl: 0xb40000704f07c800 DeviceHalAidl::setParameters
07-29 18:43:18.991  2140  2140 D DeviceHalAidl: setParameters: parameters: "screen_state=on"
07-29 18:43:18.991  1843  1843 D AHAL_Module: updateScreenState: usb: 1
07-29 18:43:18.991  2140  2140 D DeviceHalAidl: 0xb40000704f07ce00 DeviceHalAidl::setParameters
07-29 18:43:18.991  2140  2140 D DeviceHalAidl: setParameters: parameters: "screen_state=on"
07-29 18:43:18.991  1843  1843 D AHAL_Module: updateScreenState: r_submix: 1
07-29 18:43:18.991  2140  2140 D DeviceHalAidl: 0xb40000704f07d400 DeviceHalAidl::setParameters
07-29 18:43:18.992  6553  6597 E oiface  : sched_setaffinity failed
07-29 18:43:18.992  2140  2140 D DeviceHalAidl: setParameters: parameters: "screen_state=on"
07-29 18:43:18.992  1843  1843 D AHAL_Module: updateScreenState: bluetooth: 1
07-29 18:43:18.992  2013  2078 I gameoptHal: targetfps updated 6 -- 60
07-29 18:43:18.992  2140  2140 D DeviceHalAidl: 0xb40000704f07da00 DeviceHalAidl::setParameters
07-29 18:43:18.992  2140  2140 D DeviceHalAidl: setParameters: parameters: "screen_state=on"
07-29 18:43:18.992  1843  1861 D AHAL_Module: updateScreenState: bluetooth: 1
07-29 18:43:18.992  2140  2140 D DeviceHalAidl: 0xb40000704f07e000 DeviceHalAidl::setParameters
07-29 18:43:18.992  2140  2140 D DeviceHalAidl: setParameters: parameters: "screen_state=on"
07-29 18:43:18.993  1843  1861 D AHAL_Module: updateScreenState: stub: 1
07-29 18:43:19.021  4969  5016 D SaDataService: onTelephonyEventReport , subId= 1,slotId=0 eventId=2009
07-29 18:43:19.021  4969  5016 D TelephonyImpl: notify eventId:2009 for list size:2
07-29 18:43:19.021  5182  6227 D VendorTelephonyService: onTelephonyEventReport slotId =1 eventId=2009
07-29 18:43:19.021  5182  6227 D VendorTelephonyService: onTelephonyEventReport slotId =1 eventId=2009
07-29 18:43:19.021  5182  5182 D VendorCallService: notityEventUpdate, eventId:2009, slotId = 1
07-29 18:43:19.022  4969  5016 D SaDataService: onTelephonyEventReport , subId= 0,slotId=-1 eventId=2009
07-29 18:43:19.022  4969  5016 D TelephonyImpl: notify eventId:2009 for list size:2
07-29 18:43:19.022  5182  6227 D VendorTelephonyService: onTelephonyEventReport slotId =0 eventId=2009
07-29 18:43:19.022  5182  6227 D VendorTelephonyService: onTelephonyEventReport slotId =0 eventId=2009
07-29 18:43:19.022  5182  5182 D VendorCallService: notityEventUpdate, eventId:2009, slotId = 0
07-29 18:43:19.034  3422  3778 D VRR [OPlusRefreshRateService]: handleConfigIdChange physicalDisplayId: 4630946756802996883 configId: 5 renderPeriod: 16666666
07-29 18:43:19.034  3422  3778 D VRR [OPlusSAManager]: updateModeChange old modeId [ 4 ] -> new modeId [ 5 ] mCurPolicy: 1
07-29 18:43:19.034  3422  3778 D VRR [OPlusSAManager]: updateSAScene active modeId: 5
07-29 18:43:19.034  3422  3778 D VRR [OPlusSAManager]: updateSAScene current policy: 1 active modeId: 5 scene: VRR_60
07-29 18:43:19.034  3422  3778 D VRR [OPlusOAManager]: Not OA business! new modeId: [5] active modeId: [4]
07-29 18:43:19.034  3422  3778 D VRR [OPlusGameStatusManager]: updateGameState mOSyncFeatureSwitch: false mIsGamePolicy: false
07-29 18:43:19.034  3422  3778 D VRR [OPlusGameStatusManager]: setLTMStatus false curPkgName: com.android.launcher curr status: false HeartStop: false HeartStopFromTGPA: false ActiveFPS: 60.000004
07-29 18:43:19.034  3422  3778 D VRR [OPlusGameStatusManager]: updateGameAccelerationStatus pkgName: com.android.launcher mOSyncFeatureSwitch: false mIsGamePolicy: false mHeartStop: false mHasFlickerRisk: false mForceAcceleration: false mToastReady: false enable: false
07-29 18:43:19.034  3422  3778 D VRR [OPlusGameStatusManager]: updateToastStatus enableAcceleration: false toastReady: false isGamePolicy: false desiredModeId: 5
07-29 18:43:19.034  3422  3778 D VRR [OPlusGameStatusManager]: updateToastStatus enableAcceleration: false toastReady: false isGamePolicy: false desiredModeId: 5
07-29 18:43:19.034  3422  3778 D VRR [OPlusExternalRefreshRateManager]:  updateRenderPeriodChange configId:5 current refresh rate:60.000004
07-29 18:43:19.085  3422  3778 D VRR [OPlusSAManager]: setSAConfig scene: VRR_60 modeId: 5 auto: false fakeFrame: false
07-29 18:43:19.085  3422  3778 D VRR [OPlusSAManager]: updateAutoMinfps with nits: 97.31886, mHistOK true, mAmbientOK true, mCctOK true, mIrOK true, mBrightnessOK true, isPkgOK true, SA min fps: 119
07-29 18:43:19.085  3422  3778 D VRR [OPlusSurfaceFlingerController]: setAutoMode enable: false fakeFrame: false fps: 119
07-29 18:43:19.085  2163  2381 I VRR-[OPlusAdfrUtil]: ADFR try set Auto mode with mode 0 fakeframe 0 min fps 119
07-29 18:43:19.085  2163  2381 D VRR-[OPlusRefreshRateSelector]: OSyncModes add size is 1.
07-29 18:43:19.085  2163  2381 I VRR-[OPlusRefreshRateSelector]: updateAutoMode success, display 0, mode 0, fakeframe 0, min fps: 1
07-29 18:43:19.085  2163  3492 D VRR-[OPlusRefreshRateSelector]: handleSetHWCOSync
07-29 18:43:19.085  2163  3492 D VRR-[OPlusRefreshRateSelector]: OSyncModes remaining size is 0.
07-29 18:43:19.085  2163  3492 D VRR-[OPlusRefreshRateSelector]: SetHWCOSync with 5CC08081
07-29 18:43:19.085  1901  1901 I SDM     : DisplayBuiltIn::SetQSyncMode: VRR + update qsync mode 0 minfps 00C08081
07-29 18:43:19.089  1901  2209 I SDM     : DisplayBase::CommitThread: Received idle timeout, panel: cmd, timeout: 70000 us
07-29 18:43:19.102  1901  2209 E SDM     : DRMConnector::Perform: Connector 67: Setting Qsync min fps 12615809
07-29 18:43:19.112  2006  2049 D BatteryChargeControl: bcc get no support from charging protocol
07-29 18:43:19.141  3422  4632 V SettingsProvider: deleteSystemSetting(OPLUS_SLA_LAST_MCC, 0)
07-29 18:43:19.141  3422  4632 D SettingsProvider: delete system settings OPLUS_****_MCC pkg is  android user id is 0
07-29 18:43:19.143  3422  4632 W OplusSlaManager: updateMCC curMCC from macc_change!
07-29 18:43:19.146  3422  4632 W OplusSlaApps: sendWhiteListAppUid no enabled app found...
07-29 18:43:19.146  3422  4632 W OplusSlaApps: sendGameAppUid no game app found!!
07-29 18:43:19.153  3217  3217 E OplusTouchDaemon: ts_run_service: shellback temperature updated 34 (34674)
07-29 18:43:19.156  4969  5628 E CellularEvent: nri null ps
07-29 18:43:19.156  4969  5628 E CellularEvent: invalid nri
07-29 18:43:19.159  4889  5563 D AutoDualCardRoamingDemand: judgeToShowDialog return for sim count != 2
07-29 18:43:19.167  1988  1988 D SensorFeature: name=ssc_screenshot_info ,index = 22
07-29 18:43:19.167  1988  1988 D SensorFeature: write 29 bytes:60490163621,60841816433,168,0
07-29 18:43:19.173  1901  2209 I SDM     : DisplayBase::CommitThread: Received idle timeout, panel: cmd, timeout: 69999 us
07-29 18:43:19.464  3422  3711 W UserAwareMgr: event can not be released, id: 3020, count: 2, releasePid: 4825
07-29 18:43:19.468  1988  1988 D SensorFeature: name=ssc_screenshot_info ,index = 22
07-29 18:43:19.468  1988  1988 D SensorFeature: write 29 bytes:60490163621,61142986902,169,0
07-29 18:43:19.473  8045 11944 W LOG_FLOWCTRL: ==LOGS OVER PROC QUOTA(300), rows(26) bytes(4021) com.oplus.metis DROPPED==
07-29 18:43:19.473  8045 11944 I LogCacheHelper: cache log scheduled task [base|com.oplus.metis|1.5.5-f48228a]
07-29 18:43:19.473  8045 11944 E metis_v2_JenaHandlerManager_cache: 2025-07-29 18:43:18.472000		9386		local thread match
07-29 18:43:19.473  8045 11944 E metis_v2_JenaHandlerManager_cache: 2025-07-29 18:43:18.472000		9386		local thread match
07-29 18:43:19.473  8045 11944 E metis_v2_JenaHandlerManager_cache: 2025-07-29 18:43:18.472000		9386		local thread match
07-29 18:43:19.473  8045 11944 E metis_v2_JenaHandlerManager_cache: 2025-07-29 18:43:18.472000		9386		local thread match
07-29 18:43:19.473  8045 11944 E metis_v2_JenaHandlerManager_cache: 2025-07-29 18:43:18.472000		9386		local thread match
07-29 18:43:19.473  8045 11944 E metis_v2_JenaHandlerManager_cache: 2025-07-29 18:43:18.472000		9386		local thread match
07-29 18:43:19.473  8045 11944 E metis_v2_JenaHandlerManager_cache: 2025-07-29 18:43:18.472000		9386		local thread match
07-29 18:43:19.473  8045 11944 E metis_v2_JenaHandlerManager_cache: 2025-07-29 18:43:18.472000		9386		local thread match
07-29 18:43:19.473  8045 11944 E metis_v2_JenaHandlerManager_cache: 2025-07-29 18:43:18.472000		9386		local thread match
07-29 18:43:19.473  8045 11944 E metis_v2_JenaHandlerManager_cache: 2025-07-29 18:43:18.472000		9386		local thread match
07-29 18:43:19.473  8045 11944 E metis_v2_JenaHandlerManager_cache: 2025-07-29 18:43:18.472000		9386		local thread match
07-29 18:43:19.473  8045 11944 E metis_v2_JenaHandlerManager_cache: 2025-07-29 18:43:18.472000		9386		local thread match
07-29 18:43:19.473  8045 11944 E metis_v2_JenaHandlerManager_cache: 2025-07-29 18:43:18.472000		9386		local thread match
07-29 18:43:19.474  8045 11944 E metis_v2_JenaHandlerManager_cache: 2025-07-29 18:43:18.472000		9386		local thread match
07-29 18:43:19.474  8045 11944 E metis_v2_JenaHandlerManager_cache: 2025-07-29 18:43:18.472000		9386		local thread match
07-29 18:43:19.474  8045 11944 E metis_v2_JenaHandlerManager_cache: 2025-07-29 18:43:18.472000		9386		local thread match
07-29 18:43:19.474  8045 11944 E metis_v2_JenaHandlerManager_cache: 2025-07-29 18:43:18.472000		9386		local thread match
07-29 18:43:19.474  8045 11944 E metis_v2_JenaHandlerManager_cache: 2025-07-29 18:43:18.472000		9386		local thread match
07-29 18:43:19.474  8045 11944 E metis_v2_JenaHandlerManager_cache: 2025-07-29 18:43:18.472000		9386		local thread match
07-29 18:43:19.474  8045 11944 W ContextAware_SortAlgorithmManager.SortCommonUtil_cache: 2025-07-29 18:43:18.472000		9384		panta-sugg-checkIfDropBySameIDPolicy, has repeat intent, save last intent:PantanalIntent(sceneId=220500200, intentId=14111005, policyName='SUBSTITUTE_SCENE', sceneInstanceId=null, intentSrc=0, finalScore=-1.0, subDomain='tips', action='pantanal.intent.system.VIEW_TIPS', defaultScore=2.0, sortable=true, paramsFromUserPolicy=ParamsFromUserPolicy(exposureArgs=[], exposureFunc=-1, clickArgs=[], clickFunc=-1, timeArgs=[], timeFunc=-1, delayExposureArgs=[], delayClickArgs=[]), cannotReduceRecommend=false, reduceReplaceKey=, isUnrecoverable=false, dropRepeatKey=, dropRepeatMode=-1, paramsFromService=content-length:2, isParamsSendToSeedling=false, forceRebuildSeedling=false, seedlingUiPolicy=0, paramsFromHabit=null, serviceList=[], serviceSelectPolicy=0, serviceSelectWeight={}, serviceId=, serviceIdFrom=null, recallScore=null, rankScore=-1.0, rerankScore=-1.0, requestId=null, userPolicyScore=-1.0, domain='system_settings', cloudExtInfo=null, operation=0, showCount=0, clickCount=0, exposureTime=0, dtExperimentParams=null, createTime=1753810057319, lastUpdateTime=1753828998468, expireTime=240, , originalUpdateTime=1753828998468, sortRelatedId=0, addRelatedId=0, decisionHistoryList=empty, businessData=null, cardOptions=null, instanceId=null, protectEnable=true, protectPolicy=ProtectPolicy(event=0, initialDuration=7, deltaDuration=3, startRatio=70, endRatio=10, stepRatio=20), addMinProb=0.4, probAdj=1.0, lastSortType=0, configVersion=202507161101, algorithmVersion=, recommendServiceList=[], removeTriggerValue=0.2, algorithmTimeRule=[], ruleRemoveByAlgorithm=false, containServiceId=false, dropRepeatType=0, dropRepeatScore=0, delayDismiss=0, attenuationType=-1, attenuationFunc=-1, shouldFocus=false, focusTimestamp=null, orderID=null, serviceTimeStamp=0, serviceInstanceId=null, showType=0,delayExposureTimestamp=0, delayClickTimestamp=0, isSupportMultiInstance=false, 
07-29 18:43:19.474  8045 11944 E metis_v2_JenaHandlerManager_cache: 2025-07-29 18:43:18.472000		9386		local thread match
07-29 18:43:19.474  8045 11944 E metis_v2_JenaHandlerManager_cache: 2025-07-29 18:43:18.472000		9386		local thread match
07-29 18:43:19.474  8045 11944 E metis_v2_JenaHandlerManager_cache: 2025-07-29 18:43:18.472000		9386		local thread match
07-29 18:43:19.474  8045 11944 E metis_v2_JenaHandlerManager_cache: 2025-07-29 18:43:18.472000		9386		local thread match
07-29 18:43:19.474  8045 11944 E metis_v2_JenaHandlerManager_cache: 2025-07-29 18:43:18.472000		9386		local thread match
07-29 18:43:19.474  8045 11944 E metis_v2_JenaHandlerManager_cache: 2025-07-29 18:43:18.472000		9386		local thread match
07-29 18:43:19.474  8045 11944 E metis_v2_JenaHandlerManager_cache: 2025-07-29 18:43:18.472000		9386		local thread match
07-29 18:43:19.474  8045 11944 E metis_v2_JenaHandlerManager_cache: 2025-07-29 18:43:18.472000		9386		local thread match
07-29 18:43:19.474  8045 11944 E metis_v2_JenaHandlerManager_cache: 2025-07-29 18:43:18.472000		9386		local thread match
07-29 18:43:19.474  8045 11944 E metis_v2_JenaHandlerManager_cache: 2025-07-29 18:43:18.472000		9386		local thread match
07-29 18:43:19.474  8045 11944 E metis_v2_JenaHandlerManager_cache: 2025-07-29 18:43:18.472000		9386		local thread match
07-29 18:43:19.474  8045 11944 E metis_v2_JenaHandlerManager_cache: 2025-07-29 18:43:18.472000		9386		local thread match
07-29 18:43:19.474  8045 11944 E metis_v2_JenaHandlerManager_cache: 2025-07-29 18:43:18.472000		9386		local thread match
07-29 18:43:19.474  8045 11944 E metis_v2_JenaHandlerManager_cache: 2025-07-29 18:43:18.472000		9386		local thread match
07-29 18:43:19.474  8045 11944 I ContextAware_SortAlgorithmManager.SceneUtil_cache: 2025-07-29 18:43:18.472000		9384		SortAlgorithmManager.SceneCombinationProcessor current map is  sceneId 210000000 status 2 intentList size 1 isHome false IntentId: 13151001 policyName DYNAMIC_SUBSTITUTE isFocus false serviceId null type 0 deleteKeynull
07-29 18:43:19.474  8045 11944 I ContextAware_SortAlgorithmManager.SceneUtil_cache:  sceneId 220500200 status 1 intentList size 1 isHome false IntentId: 14111005 policyName SUBSTITUTE_SCENE isFocus false serviceId  type 0 deleteKeynull
07-29 18:43:19.474  8045 11944 I ContextAware_SortAlgorithmManager.SceneUtil_cache:  sceneId 240000000 status 2 intentList size 3 isHome false IntentId: 14111004 policyName CLEAN_UP_STORAGE_SUBSTITUTE isFocus false serviceId null type 0 deleteKeynull IntentId: 18111007 policyName CLEAN_UP_SUBSTITUTE isFocus false serviceId null type 0 deleteKeynull IntentId: 18111008 policyName CLEAN_UP_PLUS_SUBSTITUTE isFocus false serviceId null type 0 deleteKeynull
07-29 18:43:19.474  8045 11944 I ContextAware_SortAlgorithmManager.SceneCombinationProcessor_cache: 2025-07-29 18:43:18.472000		9384		Scene intent has changed
07-29 18:43:19.474  8045 11944 I ContextAware_SortAlgorithmManager.SceneUtil_cache: 2025-07-29 18:43:18.472000		9384		SortAlgorithmManager.SceneReorderProcessor sceneId 210000000 status 2 intentList size 1 isHome false IntentId: 13151001 policyName DYNAMIC_SUBSTITUTE isFocus false serviceId null type 0 deleteKeynull
07-29 18:43:19.474  8045 11944 I ContextAware_SortAlgorithmManager.SceneUtil_cache:  sceneId 220500200 status 1 intentList size 1 isHome false IntentId: 14111005 policyName SUBSTITUTE_SCENE isFocus false serviceId  type 0 deleteKeynull
07-29 18:43:19.474  8045 11944 I ContextAware_SortAlgorithmManager.SceneUtil_cache:  sceneId 240000000 status 2 intentList size 3 isHome false IntentId: 14111004 policyName CLEAN_UP_STORAGE_SUBSTITUTE isFocus false serviceId null type 0 deleteKeynull IntentId: 18111007 policyName CLEAN_UP_SUBSTITUTE isFocus false serviceId null type 0 deleteKeynull IntentId: 18111008 policyName CLEAN_UP_PLUS_SUBSTITUTE isFocus false serviceId null type 0 deleteKeynull
07-29 18:43:19.474  8045 11944 I ContextAware_DailyStatisticsRecorder_cache: 2025-07-29 18:43:18.472000		10123		Increase context change count: PROCESSOR_SCENE_COMBINATION_cnt, value: 1
07-29 18:43:19.474  8045 11944 I ContextAware_DailyStatisticsRecorder_cache: 2025-07-29 18:43:18.473000		10123		Increase context change count: PROCESSOR_SCENE_COMBINATION_ms, value: 2
07-29 18:43:19.474  8045 11944 W metis_v2_DeepThinkerLabelClient_cache: 2025-07-29 18:43:18.475000		9389		getUserProfileLabel null
07-29 18:43:19.474  8045 11944 I ContextAware_DailyStatisticsRecorder_cache: 2025-07-29 18:43:18.478000		9843		Increase context change count: PROCESSOR_SCENE_REORDER_cnt, value: 1
07-29 18:43:19.474  8045 11944 I ContextAware_SortAlgorithmManager.SceneUtil_cache: 2025-07-29 18:43:18.478000		9384		SortAlgorithmManager.SceneDeduplicationProcessor sceneId 210000000 status 2 intentList size 1 isHome false IntentId: 13151001 policyName DYNAMIC_SUBSTITUTE isFocus false serviceId null type 0 deleteKeynull
07-29 18:43:19.474  8045 11944 I ContextAware_SortAlgorithmManager.SceneUtil_cache:  sceneId 220500200 status 1 intentList size 1 isHome false IntentId: 14111005 policyName SUBSTITUTE_SCENE isFocus false serviceId  type 0 deleteKeynull
07-29 18:43:19.474  8045 11944 I ContextAware_SortAlgorithmManager.SceneUtil_cache:  sceneId 240000000 status 2 intentList size 3 isHome false IntentId: 14111004 policyName CLEAN_UP_STORAGE_SUBSTITUTE isFocus false serviceId null type 0 deleteKeynull IntentId: 18111007 policyName CLEAN_UP_SUBSTITUTE isFocus false serviceId null type 0 deleteKeynull IntentId: 18111008 policyName CLEAN_UP_PLUS_SUBSTITUTE isFocus false serviceId null type 0 deleteKeynull
07-29 18:43:19.474  8045 11944 I ContextAware_SortAlgorithmManager.DecisionAlgorithmManager_cache: 2025-07-29 18:43:18.479000		9384		getDecisionAlgorithm: dt_sort
07-29 18:43:19.474  8045 11944 I ContextAware_DailyStatisticsRecorder_cache: 2025-07-29 18:43:18.479000		9843		Increase context change count: PROCESSOR_SCENE_REORDER_ms, value: 6
07-29 18:43:19.474  8045 11944 I ContextAware_DailyStatisticsRecorder_cache: 2025-07-29 18:43:18.479000		9739		Increase context change count: PROCESSOR_SCENE_DEDUPLICATION_cnt, value: 1
07-29 18:43:19.474  8045 11944 I ContextAware_SortAlgorithmManager.DtSort_cache: 2025-07-29 18:43:18.480000		10719		onDecisionAfterRerank, inner algorithm is: internal_dt_sort
07-29 18:43:19.474  8045 11944 I ContextAware_DailyStatisticsRecorder_cache: 2025-07-29 18:43:18.480000		9739		Increase context change count: PROCESSOR_SCENE_DEDUPLICATION_ms, value: 1
07-29 18:43:19.474  8045 11944 I ContextAware_SortAlgorithmManager.DtIntentDataManager_cache: 2025-07-29 18:43:18.480000		10720		getDtIntentList: dtIntents = []
07-29 18:43:19.474  8045 11944 E ContextAware_SortAlgorithmManager.DtInternalSortImpl_cache: 2025-07-29 18:43:18.481000		10720		targetDtList is invalid
07-29 18:43:19.474  8045 11944 I ContextAware_SortAlgorithmManager.SceneIntentReorderProcessor_cache: 2025-07-29 18:43:18.482000		9384		ruleReordering onDecisionAfterRerank, mIntentList:size: 5 13151001 14111005 14111004 18111007 18111008
07-29 18:43:19.474  8045 11944 W ContextAware_IntentSwitchManager_cache: 2025-07-29 18:43:18.482000		9384		subSwitchMap don't contain application_suggestions, set the switch to true as default
07-29 18:43:19.474  8045 11944 I ContextAware_IntentSwitchManager_cache: 2025-07-29 18:43:18.482000		9384		getSubSwitchStatus = {application_suggestions=true}
07-29 18:43:19.474  8045 11944 I ContextAware_SortAlgorithmManager.ReorderProcessor.RuleReRanker_cache: 2025-07-29 18:43:18.482000		9384		sceneIntentRerank sceneFinalScoreMap:{scene rerank, use defaultScore, finalScore:13151001DYNAMIC_SUBSTITUTE=3.12}
07-29 18:43:19.474  8045 11944 I metis_v2_BreenoSwitchSettingObserver_cache: 2025-07-29 18:43:18.482000		9384		panta-sugg-getMasterSwitchStatus from cache:true
07-29 18:43:19.474  8045 11944 I ContextAware_IntentSwitchManager_cache: 2025-07-29 18:43:18.482000		9384		getSubSwitchStatus = {tips=true}
07-29 18:43:19.474  8045 11944 I ContextAware_IntentSwitchManager_cache: 2025-07-29 18:43:18.482000		9384		isExistInSceneInfoActionList pantanalIntentAction = pantanal.intent.system.VIEW_TIPS
07-29 18:43:19.474  8045 11944 I metis_v2_BreenoSwitchSettingObserver_cache: 2025-07-29 18:43:18.482000		9384		panta-sugg-getMasterSwitchStatus from cache:true
07-29 18:43:19.474  8045 11944 I ContextAware_SortAlgorithmManager.ReorderProcessor.RuleReRanker_cache: 2025-07-29 18:43:18.483000		9384		sceneIntentRerank sceneFinalScoreMap:{scene rerank, use defaultScore, finalScore:14111005SUBSTITUTE_SCENE=2.0}
07-29 18:43:19.474  8045 11944 I ContextAware_IntentSwitchManager_cache: 2025-07-29 18:43:18.483000		9384		getSubSwitchStatus = {clear_memory=true}
07-29 18:43:19.474  8045 11944 I ContextAware_IntentSwitchManager_cache: 2025-07-29 18:43:18.483000		9384		isExistInSceneInfoActionList pantanalIntentAction = pantanal.intent.system.CLEAN_UP_STORAGE
07-29 18:43:19.474  8045 11944 I metis_v2_BreenoSwitchSettingObserver_cache: 2025-07-29 18:43:18.483000		9384		panta-sugg-getMasterSwitchStatus from cache:true
07-29 18:43:19.474  8045 11944 I ContextAware_IntentSwitchManager_cache: 2025-07-29 18:43:18.483000		9384		isExistInSceneInfoActionList pantanalIntentAction = pantanal.intent.audio.SUBSTITUTE_RAM_CLEAN_UP
07-29 18:43:19.474  8045 11944 I metis_v2_BreenoSwitchSettingObserver_cache: 2025-07-29 18:43:18.483000		9384		panta-sugg-getMasterSwitchStatus from cache:true
07-29 18:43:19.474  8045 11944 I ContextAware_IntentSwitchManager_cache: 2025-07-29 18:43:18.483000		9384		isExistInSceneInfoActionList pantanalIntentAction = pantanal.intent.audio.SUBSTITUTE_RAM_CLEAN_UP_PLUS
07-29 18:43:19.474  8045 11944 I metis_v2_BreenoSwitchSettingObserver_cache: 2025-07-29 18:43:18.483000		9384		panta-sugg-getMasterSwitchStatus from cache:true
07-29 18:43:19.474  8045 11944 I ContextAware_SortAlgorithmManager.ReorderProcessor.RuleReRanker_cache: 2025-07-29 18:43:18.483000		9384		sceneIntentRerank sceneFinalScoreMap:{scene rerank, use defaultScore, finalScore:14111004CLEAN_UP_STORAGE_SUBSTITUTE=4.06, scene rerank, use defaultScore, finalScore:18111007CLEAN_UP_SUBSTITUTE=4.05, scene rerank, use defaultScore, finalScore:18111008CLEAN_UP_PLUS_SUBSTITUTE=4.02}
07-29 18:43:19.474  8045 11944 I ContextAware_SortAlgorithmManager.SceneIntentReorderProcessor_cache: 2025-07-29 18:43:18.483000		9384		IntentReorder: scene[210000000]rank mIntentList: size: 1 13151001
07-29 18:43:19.474  8045 11944 I ContextAware_SortAlgorithmManager.SceneIntentReorderProcessor_cache: scene[220500200]rank mIntentList: size: 1 14111005
07-29 18:43:19.474  8045 11944 I ContextAware_SortAlgorithmManager.SceneIntentReorderProcessor_cache: scene[240000000]rank mIntentList: size: 3 14111004 18111007 18111008
07-29 18:43:19.474  8045 11944 W ContextAware_SortAlgorithmManager.SceneUtil_cache: 2025-07-29 18:43:18.483000		9384		Drop invalid scene: 220500200
07-29 18:43:19.474  8045 11944 I ContextAware_DailyStatisticsRecorder_cache: 2025-07-29 18:43:18.483000		9848		Increase context change count: PROCESSOR_SCENE_INTENT_REORDER_cnt, value: 1
07-29 18:43:19.474  8045 11944 I ContextAware_DailyStatisticsRecorder_cache: 2025-07-29 18:43:18.483000		9848		Increase context change count: PROCESSOR_SCENE_INTENT_REORDER_ms, value: 4
07-29 18:43:19.474  8045 11944 I ContextAware_SortAlgorithmManager.SceneFocusProcessor_cache: 2025-07-29 18:43:18.483000		9384		scene 210000000 not change or has focus scene or current scene is L3
07-29 18:43:19.474  8045 11944 I ContextAware_SortAlgorithmManager.SceneFocusProcessor_cache: 2025-07-29 18:43:18.483000		9384		scene 240000000 not change or has focus scene or current scene is L3
07-29 18:43:19.474  8045 11944 I ContextAware_DailyStatisticsRecorder_cache: 2025-07-29 18:43:18.483000		10123		Increase context change count: PROCESSOR_SCENE_FOCUS_cnt, value: 1
07-29 18:43:19.474  8045 11944 I ContextAware_DailyStatisticsRecorder_cache: 2025-07-29 18:43:18.484000		10123		Increase context change count: PROCESSOR_SCENE_FOCUS_ms, value: 0
07-29 18:43:19.474  8045 11944 I ContextAware_SortAlgorithmManager.BatchIntentProcessor_cache: 2025-07-29 18:43:18.484000		9384		onProcess decisionUTraceContext = UTraceContext(traceID=7f0000011753828998484237408045, current=p_8045_c3b0927@42, parent=null, spanType=1, valid=1, tag=null)
07-29 18:43:19.474  8045 11944 E ContextAware_SortAlgorithmManager.BatchIntentProcessor_cache: 2025-07-29 18:43:18.484000		9384		onProcess intentStringList is invalid
07-29 18:43:19.474  8045 11944 E ContextAware_SortAlgorithmManager.IntentSendProcessor_cache: 2025-07-29 18:43:18.484000		9384		disable direct send intent mode, clear
07-29 18:43:19.474  8045 11944 I ContextAware_DailyStatisticsRecorder_cache: 2025-07-29 18:43:18.484000		9843		Increase context change count: PROCESSOR_BATCH_INTENT_cnt, value: 1
07-29 18:43:19.474  8045 11944 I ContextAware_DailyStatisticsRecorder_cache: 2025-07-29 18:43:18.484000		9843		Increase context change count: PROCESSOR_BATCH_INTENT_ms, value: 1
07-29 18:43:19.474  8045 11944 I metis_v2_BreenoSwitchSettingObserver_cache: 2025-07-29 18:43:18.485000		9384		panta-sugg-getMasterSwitchStatus from cache:true
07-29 18:43:19.474  8045 11944 I ContextAware_IntentSwitchManager_cache: 2025-07-29 18:43:18.485000		9384		filterList, not filter, breeno switch on
