07-28 18:37:54.345  8524  9462 I metis_v2_KnowledgeManager: m.coloros.sceneservice^^http://www.w3.org/2001/XMLSchema#string@/n@|    |    |    |----metis/core-ontology#pid: 0^^http://www.w3.org/2001/XMLSchema#int@/n@|    |    |    |----metis/core-ontology#appVersion: 15000520^^http://www.w3.org/2001/XMLSchema#long@/n@|    |    |----metis/core-ontology#hasInstalledApp: metis/core-ontology#Application[_pkgName=com.heytap.browser_pid=0]@/n@|    |    |    |----metis/core-ontology#pkgName: com.heytap.browser^^http://www.w3.org/2001/XMLSchema#string@/n@|    |    |    |----metis/core-ontology#pid: 0^^http://www.w3.org/2001/XMLSchema#int@/n@|    |    |    |----metis/core-ontology#appVersion: 9140002^^http://www.w3.org/2001/XMLSchema#long@/n@|    |    |----metis/core-ontology#hasInstalledApp: metis/core-ontology#Application[_pkgName=com.heytap.health_pid=0]@/n@|    |    |    |----metis/core-ontology#pkgName: com.heytap.health^^http://www.w3.org/2001/XMLSchema#string@/n@|    |    |    |----metis/core-ontology#pid: 0^^http://www.w3.org/2001/XMLSchema#int@/n@|    |    |    |----metis/core-ontology#appVersion: 4230700^^http://www.w3.org/2001/XMLSchema#long@/n@|    |    |----metis/core-ontology#hasInstalledApp: metis/core-ontology#Application[_pkgName=com.coloros.gallery3d_pid=0]@/n@|    |    |    |----metis/core-ontology#pkgName: com.coloros.gallery3d^^http://www.w3.org/2001/XMLSchema#string@/n@|    |    |    |----metis/core-ontology#pid: 0^^http://www.w3.org/2001/XMLSchema#int@/n@|    |    |    |----metis/core-ontology#appVersion: 15071008^^http://www.w3.org/2001/XMLSchema#long@/n@|    |    |----metis/core-ontology#hasInstalledApp: metis/core-ontology#Application[_pkgName=com.coloros.shortcuts_pid=0]@/n@|    |    |    |----metis/core-ontology#pkgName: com.coloros.shortcuts^^http://www.w3.org/2001/XMLSchema#string@/n@|    |    |    |----metis/core-ontology#pid: 0^^http://www.w3.org/2001/XMLSchema#int@/n@|    |    |    |----metis/core-ontology#appVersion: 15002002^^http://www.w3.org/2001/XMLSchema#long@/n@|    |    |----metis/core-ontology#hasInstalledApp: metis/core-ontology#Application[_pkgName=com.oplus.pantanal.ums_pid=0]@/n@|    |    |    |----metis/core-ontology#pkgName: com.oplus.pantanal.ums^^http://www.w3.org/2001/XMLSchema#string@/n@|    |    |    |----metis/core-ontology#pid: 0^^http://www.w3.org/2001/XMLSchema#int@/n@|    |    |    |----metis/core-ontology#appVersion: 15000186^^http://www.w3.org/2001/XMLSchema#long@/n@metis/core-ontology#TakeoutServicesIndividual@/n@|    |----metis/core-ontology#orderEndTimestamp: -1^^http://www.w3.org/2001/XMLSchema#long@/n@metis/core-ontology#240100500@/n@|    |----metis/core-ontology#sceneStatus: ACTIVE^^http://www.w3.org/2001/XMLSchema#string@/n@|    |----metis/core-ontology#instanceId: ^^http://www.w3.org/2001/XMLSchema#string@/n@|    |----metis/core-ontology#sceneCreateTime: 1753393468237^^http://www.w3.org/2001/XMLSchema#long@/n@|    |----metis/core-ontology#sceneBaseId: 240100500^^http://www.w3.org/2001/XMLSchema#long@/n@|    |----metis/core-ontology#sceneId: 240100500^^http://www.w3.org/2001/XMLSchema#long@/n@ [7f0000011753742232712320107194|p_7194_d411e41@1|p_8524_f6976b0@0|com.oplus.metis]
07-28 18:37:54.345  8524 10800 E ContextAware_SortAlgorithmManager.DtInternalSortImpl: targetDtList is invalid
07-28 18:37:54.346  8524  9462 E metis_v2_JenaHandlerManager: local thread match [7f0000011753742232712320107194|p_7194_d411e41@1|p_8524_f6976b0@0|com.oplus.metis]
07-28 18:37:54.346  8524  9462 E metis_v2_JenaHandlerManager: local thread match [7f0000011753742232712320107194|p_7194_d411e41@1|p_8524_f6976b0@0|com.oplus.metis]
07-28 18:37:54.346  8524  9462 E metis_v2_JenaHandlerManager: local thread match [7f0000011753742232712320107194|p_7194_d411e41@1|p_8524_f6976b0@0|com.oplus.metis]
07-28 18:37:54.346  8524  9462 E metis_v2_JenaHandlerManager: local thread match [7f0000011753742232712320107194|p_7194_d411e41@1|p_8524_f6976b0@0|com.oplus.metis]
07-28 18:37:54.346  8524  9462 E metis_v2_JenaHandlerManager: local thread match [7f0000011753742232712320107194|p_7194_d411e41@1|p_8524_f6976b0@0|com.oplus.metis]
07-28 18:37:54.346  8524  9462 E metis_v2_JenaHandlerManager: local thread match [7f0000011753742232712320107194|p_7194_d411e41@1|p_8524_f6976b0@0|com.oplus.metis]
07-28 18:37:54.346  8524  9462 E metis_v2_JenaHandlerManager: local thread match [7f0000011753742232712320107194|p_7194_d411e41@1|p_8524_f6976b0@0|com.oplus.metis]
07-28 18:37:54.346  8524  9462 E metis_v2_JenaHandlerManager: local thread match [7f0000011753742232712320107194|p_7194_d411e41@1|p_8524_f6976b0@0|com.oplus.metis]
07-28 18:37:54.346  8524  9462 E metis_v2_JenaHandlerManager: local thread match [7f0000011753742232712320107194|p_7194_d411e41@1|p_8524_f6976b0@0|com.oplus.metis]
07-28 18:37:54.346  8524 10205 I ContextAware_DailyStatisticsRecorder: Increase context change count: total_fire_count, value: 1
07-28 18:37:54.346  8524  9462 E metis_v2_JenaHandlerManager: local thread match [7f0000011753742232712320107194|p_7194_d411e41@1|p_8524_f6976b0@0|com.oplus.metis]
07-28 18:37:54.346  8524  9462 E metis_v2_JenaHandlerManager: local thread match [7f0000011753742232712320107194|p_7194_d411e41@1|p_8524_f6976b0@0|com.oplus.metis]
07-28 18:37:54.346  8524 10205 I ContextAware_DailyStatisticsRecorder: Increase context change count: total_fire_time_ms, value: 47
07-28 18:37:54.346  8524  9462 E metis_v2_JenaHandlerManager: local thread match [7f0000011753742232712320107194|p_7194_d411e41@1|p_8524_f6976b0@0|com.oplus.metis]
07-28 18:37:54.346  8524  9462 E metis_v2_JenaHandlerManager: local thread match [7f0000011753742232712320107194|p_7194_d411e41@1|p_8524_f6976b0@0|com.oplus.metis]
07-28 18:37:54.346  8524  9462 E metis_v2_JenaHandlerManager: local thread match [7f0000011753742232712320107194|p_7194_d411e41@1|p_8524_f6976b0@0|com.oplus.metis]
07-28 18:37:54.346  8524  9462 E metis_v2_JenaHandlerManager: local thread match [7f0000011753742232712320107194|p_7194_d411e41@1|p_8524_f6976b0@0|com.oplus.metis]
07-28 18:37:54.346  8524  9462 E metis_v2_JenaHandlerManager: local thread match [7f0000011753742232712320107194|p_7194_d411e41@1|p_8524_f6976b0@0|com.oplus.metis]
07-28 18:37:54.346  8524  9462 E metis_v2_JenaHandlerManager: local thread match [7f0000011753742232712320107194|p_7194_d411e41@1|p_8524_f6976b0@0|com.oplus.metis]
07-28 18:37:54.346  8524  9462 E metis_v2_JenaHandlerManager: local thread match [7f0000011753742232712320107194|p_7194_d411e41@1|p_8524_f6976b0@0|com.oplus.metis]
07-28 18:37:54.346  8524  9462 E metis_v2_JenaHandlerManager: local thread match [7f0000011753742232712320107194|p_7194_d411e41@1|p_8524_f6976b0@0|com.oplus.metis]
07-28 18:37:54.346  8524  9462 E metis_v2_JenaHandlerManager: local thread match [7f0000011753742232712320107194|p_7194_d411e41@1|p_8524_f6976b0@0|com.oplus.metis]
07-28 18:37:54.346  8524  9462 E metis_v2_JenaHandlerManager: local thread match [7f0000011753742232712320107194|p_7194_d411e41@1|p_8524_f6976b0@0|com.oplus.metis]
07-28 18:37:54.346  8524  9462 E metis_v2_JenaHandlerManager: local thread match [7f0000011753742232712320107194|p_7194_d411e41@1|p_8524_f6976b0@0|com.oplus.metis]
07-28 18:37:54.346  8524  9462 E metis_v2_JenaHandlerManager: local thread match [7f0000011753742232712320107194|p_7194_d411e41@1|p_8524_f6976b0@0|com.oplus.metis]
07-28 18:37:54.346  8524  9462 E metis_v2_JenaHandlerManager: local thread match [7f0000011753742232712320107194|p_7194_d411e41@1|p_8524_f6976b0@0|com.oplus.metis]
07-28 18:37:54.346  8524 10563 I DeepThinkerSDK: [APP] ClientConnection: getDeepThinkerBridge start
07-28 18:37:54.346  8524  9462 E metis_v2_JenaHandlerManager: local thread match [7f0000011753742232712320107194|p_7194_d411e41@1|p_8524_f6976b0@0|com.oplus.metis]
07-28 18:37:54.346  8524  9462 E metis_v2_JenaHandlerManager: local thread match [7f0000011753742232712320107194|p_7194_d411e41@1|p_8524_f6976b0@0|com.oplus.metis]
07-28 18:37:54.346  8524  9462 E metis_v2_JenaHandlerManager: local thread match [7f0000011753742232712320107194|p_7194_d411e41@1|p_8524_f6976b0@0|com.oplus.metis]
07-28 18:37:54.346  8524  9462 E metis_v2_JenaHandlerManager: local thread match [7f0000011753742232712320107194|p_7194_d411e41@1|p_8524_f6976b0@0|com.oplus.metis]
07-28 18:37:54.346  8524  9462 E metis_v2_JenaHandlerManager: local thread match [7f0000011753742232712320107194|p_7194_d411e41@1|p_8524_f6976b0@0|com.oplus.metis]
07-28 18:37:54.346  8524  9462 E metis_v2_JenaHandlerManager: local thread match [7f0000011753742232712320107194|p_7194_d411e41@1|p_8524_f6976b0@0|com.oplus.metis]
07-28 18:37:54.346  8524  9462 E metis_v2_JenaHandlerManager: local thread match [7f0000011753742232712320107194|p_7194_d411e41@1|p_8524_f6976b0@0|com.oplus.metis]
07-28 18:37:54.346  8524  9462 E metis_v2_JenaHandlerManager: local thread match [7f0000011753742232712320107194|p_7194_d411e41@1|p_8524_f6976b0@0|com.oplus.metis]
07-28 18:37:54.346  8524  9462 E metis_v2_JenaHandlerManager: local thread match [7f0000011753742232712320107194|p_7194_d411e41@1|p_8524_f6976b0@0|com.oplus.metis]
07-28 18:37:54.346  8524  9462 E metis_v2_JenaHandlerManager: local thread match [7f0000011753742232712320107194|p_7194_d411e41@1|p_8524_f6976b0@0|com.oplus.metis]
07-28 18:37:54.346  8524  9462 E metis_v2_JenaHandlerManager: local thread match [7f0000011753742232712320107194|p_7194_d411e41@1|p_8524_f6976b0@0|com.oplus.metis]
07-28 18:37:54.346  8524  9462 E metis_v2_JenaHandlerManager: local thread match [7f0000011753742232712320107194|p_7194_d411e41@1|p_8524_f6976b0@0|com.oplus.metis]
07-28 18:37:54.346  8524  9458 I ContextAware_SortAlgorithmManager.SceneIntentReorderProcessor: ruleReordering onDecisionAfterRerank, mIntentList:size: 5 13151001 14111005 14111004 18111007 18111008
07-28 18:37:54.346  8524 10563 I DeepThinkerSDK: [APP] ClientConnection: getDeepThinkerBridge end
07-28 18:37:54.346  8524  9462 E metis_v2_JenaHandlerManager: local thread match [7f0000011753742232712320107194|p_7194_d411e41@1|p_8524_f6976b0@0|com.oplus.metis]
07-28 18:37:54.346  8524  9462 E metis_v2_JenaHandlerManager: local thread match [7f0000011753742232712320107194|p_7194_d411e41@1|p_8524_f6976b0@0|com.oplus.metis]
07-28 18:37:54.346  8524  9462 E metis_v2_JenaHandlerManager: local thread match [7f0000011753742232712320107194|p_7194_d411e41@1|p_8524_f6976b0@0|com.oplus.metis]
07-28 18:37:54.346  8524  9462 E metis_v2_JenaHandlerManager: local thread match [7f0000011753742232712320107194|p_7194_d411e41@1|p_8524_f6976b0@0|com.oplus.metis]
07-28 18:37:54.346  8524  9462 E metis_v2_JenaHandlerManager: local thread match [7f0000011753742232712320107194|p_7194_d411e41@1|p_8524_f6976b0@0|com.oplus.metis]
07-28 18:37:54.346  8524  9462 E metis_v2_JenaHandlerManager: local thread match [7f0000011753742232712320107194|p_7194_d411e41@1|p_8524_f6976b0@0|com.oplus.metis]
07-28 18:37:54.346  8524  9462 E metis_v2_JenaHandlerManager: local thread match [7f0000011753742232712320107194|p_7194_d411e41@1|p_8524_f6976b0@0|com.oplus.metis]
07-28 18:37:54.346  8524  9462 E metis_v2_JenaHandlerManager: local thread match [7f0000011753742232712320107194|p_7194_d411e41@1|p_8524_f6976b0@0|com.oplus.metis]
07-28 18:37:54.346  8524  9462 E metis_v2_JenaHandlerManager: local thread match [7f0000011753742232712320107194|p_7194_d411e41@1|p_8524_f6976b0@0|com.oplus.metis]
07-28 18:37:54.346  8524  9462 E metis_v2_JenaHandlerManager: local thread match [7f0000011753742232712320107194|p_7194_d411e41@1|p_8524_f6976b0@0|com.oplus.metis]
07-28 18:37:54.346  8524  9462 E metis_v2_JenaHandlerManager: local thread match [7f0000011753742232712320107194|p_7194_d411e41@1|p_8524_f6976b0@0|com.oplus.metis]
07-28 18:37:54.346  8524  9462 E metis_v2_JenaHandlerManager: local thread match [7f0000011753742232712320107194|p_7194_d411e41@1|p_8524_f6976b0@0|com.oplus.metis]
07-28 18:37:54.346  8524  9462 E metis_v2_JenaHandlerManager: local thread match [7f0000011753742232712320107194|p_7194_d411e41@1|p_8524_f6976b0@0|com.oplus.metis]
07-28 18:37:54.346  8524  9462 E metis_v2_JenaHandlerManager: local thread match [7f0000011753742232712320107194|p_7194_d411e41@1|p_8524_f6976b0@0|com.oplus.metis]
07-28 18:37:54.346  8524  9462 E metis_v2_JenaHandlerManager: local thread match [7f0000011753742232712320107194|p_7194_d411e41@1|p_8524_f6976b0@0|com.oplus.metis]
07-28 18:37:54.346  8524  9462 E metis_v2_JenaHandlerManager: local thread match [7f0000011753742232712320107194|p_7194_d411e41@1|p_8524_f6976b0@0|com.oplus.metis]
07-28 18:37:54.346  8524  9462 E metis_v2_JenaHandlerManager: local thread match [7f0000011753742232712320107194|p_7194_d411e41@1|p_8524_f6976b0@0|com.oplus.metis]
07-28 18:37:54.346  8524  9462 E metis_v2_JenaHandlerManager: local thread match [7f0000011753742232712320107194|p_7194_d411e41@1|p_8524_f6976b0@0|com.oplus.metis]
07-28 18:37:54.346  8524  9462 E metis_v2_JenaHandlerManager: local thread match [7f0000011753742232712320107194|p_7194_d411e41@1|p_8524_f6976b0@0|com.oplus.metis]
07-28 18:37:54.346  8524  9462 E metis_v2_JenaHandlerManager: local thread match [7f0000011753742232712320107194|p_7194_d411e41@1|p_8524_f6976b0@0|com.oplus.metis]
07-28 18:37:54.346  8524  9462 E metis_v2_JenaHandlerManager: local thread match [7f0000011753742232712320107194|p_7194_d411e41@1|p_8524_f6976b0@0|com.oplus.metis]
07-28 18:37:54.346  8524  9462 E metis_v2_JenaHandlerManager: local thread match [7f0000011753742232712320107194|p_7194_d411e41@1|p_8524_f6976b0@0|com.oplus.metis]
07-28 18:37:54.346  8524  9462 E metis_v2_JenaHandlerManager: local thread match [7f0000011753742232712320107194|p_7194_d411e41@1|p_8524_f6976b0@0|com.oplus.metis]
07-28 18:37:54.346  8524  9462 E metis_v2_JenaHandlerManager: local thread match [7f0000011753742232712320107194|p_7194_d411e41@1|p_8524_f6976b0@0|com.oplus.metis]
07-28 18:37:54.346  8524  9462 E metis_v2_JenaHandlerManager: local thread match [7f0000011753742232712320107194|p_7194_d411e41@1|p_8524_f6976b0@0|com.oplus.metis]
07-28 18:37:54.346  8524  9462 E metis_v2_JenaHandlerManager: local thread match [7f0000011753742232712320107194|p_7194_d411e41@1|p_8524_f6976b0@0|com.oplus.metis]
07-28 18:37:54.346  8524  9462 E metis_v2_JenaHandlerManager: local thread match [7f0000011753742232712320107194|p_7194_d411e41@1|p_8524_f6976b0@0|com.oplus.metis]
07-28 18:37:54.346  8524  9462 E metis_v2_JenaHandlerManager: local thread match [7f0000011753742232712320107194|p_7194_d411e41@1|p_8524_f6976b0@0|com.oplus.metis]
07-28 18:37:54.346  8524  9462 E metis_v2_JenaHandlerManager: local thread match [7f0000011753742232712320107194|p_7194_d411e41@1|p_8524_f6976b0@0|com.oplus.metis]
07-28 18:37:54.346  8524  9462 E metis_v2_JenaHandlerManager: local thread match [7f0000011753742232712320107194|p_7194_d411e41@1|p_8524_f6976b0@0|com.oplus.metis]
07-28 18:37:54.346  8524  9462 E metis_v2_JenaHandlerManager: local thread match [7f0000011753742232712320107194|p_7194_d411e41@1|p_8524_f6976b0@0|com.oplus.metis]
07-28 18:37:54.346  8524  9462 E metis_v2_JenaHandlerManager: local thread match [7f0000011753742232712320107194|p_7194_d411e41@1|p_8524_f6976b0@0|com.oplus.metis]
07-28 18:37:54.346  8524  9458 W ContextAware_IntentSwitchManager: subSwitchMap don't contain application_suggestions, set the switch to true as default
07-28 18:37:54.346  8524  9462 E metis_v2_JenaHandlerManager: local thread match [7f0000011753742232712320107194|p_7194_d411e41@1|p_8524_f6976b0@0|com.oplus.metis]
07-28 18:37:54.346  8524  9458 I ContextAware_IntentSwitchManager: getSubSwitchStatus = {application_suggestions=true}
07-28 18:37:54.347  8524  9462 E metis_v2_JenaHandlerManager: local thread match [7f0000011753742232712320107194|p_7194_d411e41@1|p_8524_f6976b0@0|com.oplus.metis]
07-28 18:37:54.347  8524  9462 E metis_v2_JenaHandlerManager: local thread match [7f0000011753742232712320107194|p_7194_d411e41@1|p_8524_f6976b0@0|com.oplus.metis]
07-28 18:37:54.347  8524  9462 E metis_v2_JenaHandlerManager: local thread match [7f0000011753742232712320107194|p_7194_d411e41@1|p_8524_f6976b0@0|com.oplus.metis]
07-28 18:37:54.347  8524  9462 E metis_v2_JenaHandlerManager: local thread match [7f0000011753742232712320107194|p_7194_d411e41@1|p_8524_f6976b0@0|com.oplus.metis]
07-28 18:37:54.347  8524  9462 E metis_v2_JenaHandlerManager: local thread match [7f0000011753742232712320107194|p_7194_d411e41@1|p_8524_f6976b0@0|com.oplus.metis]
07-28 18:37:54.347  8524  9462 E metis_v2_JenaHandlerManager: local thread match [7f0000011753742232712320107194|p_7194_d411e41@1|p_8524_f6976b0@0|com.oplus.metis]
07-28 18:37:54.347  8524  9458 I ContextAware_SortAlgorithmManager.ReorderProcessor.RuleReRanker: sceneIntentRerank sceneFinalScoreMap:{scene rerank, use defaultScore, finalScore:13151001DYNAMIC_SUBSTITUTE=3.12}
07-28 18:37:54.347  8524  9462 E metis_v2_JenaHandlerManager: local thread match [7f0000011753742232712320107194|p_7194_d411e41@1|p_8524_f6976b0@0|com.oplus.metis]
07-28 18:37:54.347  8524  9458 I metis_v2_BreenoSwitchSettingObserver: panta-sugg-getMasterSwitchStatus from cache:true
07-28 18:37:54.347  8524  9462 E metis_v2_JenaHandlerManager: local thread match [7f0000011753742232712320107194|p_7194_d411e41@1|p_8524_f6976b0@0|com.oplus.metis]
07-28 18:37:54.347  8524  9462 E metis_v2_JenaHandlerManager: local thread match [7f0000011753742232712320107194|p_7194_d411e41@1|p_8524_f6976b0@0|com.oplus.metis]
07-28 18:37:54.347  8524  9462 E metis_v2_JenaHandlerManager: local thread match [7f0000011753742232712320107194|p_7194_d411e41@1|p_8524_f6976b0@0|com.oplus.metis]
07-28 18:37:54.347  8524  9462 E metis_v2_JenaHandlerManager: local thread match [7f0000011753742232712320107194|p_7194_d411e41@1|p_8524_f6976b0@0|com.oplus.metis]
07-28 18:37:54.347  8524  9462 E metis_v2_JenaHandlerManager: local thread match [7f0000011753742232712320107194|p_7194_d411e41@1|p_8524_f6976b0@0|com.oplus.metis]
07-28 18:37:54.347  8524  9462 E metis_v2_JenaHandlerManager: local thread match [7f0000011753742232712320107194|p_7194_d411e41@1|p_8524_f6976b0@0|com.oplus.metis]
07-28 18:37:54.347  8524  9462 E metis_v2_JenaHandlerManager: local thread match [7f0000011753742232712320107194|p_7194_d411e41@1|p_8524_f6976b0@0|com.oplus.metis]
07-28 18:37:54.347  8524  9462 E metis_v2_JenaHandlerManager: local thread match [7f0000011753742232712320107194|p_7194_d411e41@1|p_8524_f6976b0@0|com.oplus.metis]
07-28 18:37:54.347  8524  9458 I ContextAware_IntentSwitchManager: getSubSwitchStatus = {tips=true}
07-28 18:37:54.347  8524  9462 E metis_v2_JenaHandlerManager: local thread match [7f0000011753742232712320107194|p_7194_d411e41@1|p_8524_f6976b0@0|com.oplus.metis]
07-28 18:37:54.347  8524  9462 E metis_v2_JenaHandlerManager: local thread match [7f0000011753742232712320107194|p_7194_d411e41@1|p_8524_f6976b0@0|com.oplus.metis]
07-28 18:37:54.347  8524  9462 E metis_v2_JenaHandlerManager: local thread match [7f0000011753742232712320107194|p_7194_d411e41@1|p_8524_f6976b0@0|com.oplus.metis]
07-28 18:37:54.347  8524  9458 I ContextAware_IntentSwitchManager: isExistInSceneInfoActionList pantanalIntentAction = pantanal.intent.system.VIEW_TIPS
07-28 18:37:54.347  8524  9462 E metis_v2_JenaHandlerManager: local thread match [7f0000011753742232712320107194|p_7194_d411e41@1|p_8524_f6976b0@0|com.oplus.metis]
07-28 18:37:54.347  8524  9462 E metis_v2_JenaHandlerManager: local thread match [7f0000011753742232712320107194|p_7194_d411e41@1|p_8524_f6976b0@0|com.oplus.metis]
07-28 18:37:54.347  8524  9458 I metis_v2_BreenoSwitchSettingObserver: panta-sugg-getMasterSwitchStatus from cache:true
07-28 18:37:54.347  8524  9462 E metis_v2_JenaHandlerManager: local thread match [7f0000011753742232712320107194|p_7194_d411e41@1|p_8524_f6976b0@0|com.oplus.metis]
07-28 18:37:54.347  8524  9462 E metis_v2_JenaHandlerManager: local thread match [7f0000011753742232712320107194|p_7194_d411e41@1|p_8524_f6976b0@0|com.oplus.metis]
07-28 18:37:54.347  8524  9462 E metis_v2_JenaHandlerManager: local thread match [7f0000011753742232712320107194|p_7194_d411e41@1|p_8524_f6976b0@0|com.oplus.metis]
07-28 18:37:54.347  8524  9458 I ContextAware_SortAlgorithmManager.ReorderProcessor.RuleReRanker: sceneIntentRerank sceneFinalScoreMap:{scene rerank, use defaultScore, finalScore:14111005SUBSTITUTE_SCENE=2.0}
07-28 18:37:54.347  8524  9462 E metis_v2_JenaHandlerManager: local thread match [7f0000011753742232712320107194|p_7194_d411e41@1|p_8524_f6976b0@0|com.oplus.metis]
07-28 18:37:54.347  8524  9462 E metis_v2_JenaHandlerManager: local thread match [7f0000011753742232712320107194|p_7194_d411e41@1|p_8524_f6976b0@0|com.oplus.metis]
07-28 18:37:54.347  8524  9462 E metis_v2_JenaHandlerManager: local thread match [7f0000011753742232712320107194|p_7194_d411e41@1|p_8524_f6976b0@0|com.oplus.metis]
07-28 18:37:54.347  8524  9462 E metis_v2_JenaHandlerManager: local thread match [7f0000011753742232712320107194|p_7194_d411e41@1|p_8524_f6976b0@0|com.oplus.metis]
07-28 18:37:54.347  8524  9458 W ContextAware_IntentSwitchManager: getSubSwitchStatus the parameter is invalid.
07-28 18:37:54.347  8524  9462 E metis_v2_JenaHandlerManager: local thread match [7f0000011753742232712320107194|p_7194_d411e41@1|p_8524_f6976b0@0|com.oplus.metis]
07-28 18:37:54.347  8524  9458 I ContextAware_SortAlgorithmManager.ReorderProcessor.RuleReRanker: sceneIntentRerank sceneFinalScoreMap:{}
07-28 18:37:54.347  8524  9462 E metis_v2_JenaHandlerManager: local thread match [7f0000011753742232712320107194|p_7194_d411e41@1|p_8524_f6976b0@0|com.oplus.metis]
07-28 18:37:54.347  8524  9462 E metis_v2_JenaHandlerManager: local thread match [7f0000011753742232712320107194|p_7194_d411e41@1|p_8524_f6976b0@0|com.oplus.metis]
07-28 18:37:54.347  8524  9462 E metis_v2_JenaHandlerManager: local thread match [7f0000011753742232712320107194|p_7194_d411e41@1|p_8524_f6976b0@0|com.oplus.metis]
07-28 18:37:54.347  8524  9462 E metis_v2_JenaHandlerManager: local thread match [7f0000011753742232712320107194|p_7194_d411e41@1|p_8524_f6976b0@0|com.oplus.metis]
07-28 18:37:54.347  8524  9462 E metis_v2_JenaHandlerManager: local thread match [7f0000011753742232712320107194|p_7194_d411e41@1|p_8524_f6976b0@0|com.oplus.metis]
07-28 18:37:54.347  8524  9462 E metis_v2_JenaHandlerManager: local thread match [7f0000011753742232712320107194|p_7194_d411e41@1|p_8524_f6976b0@0|com.oplus.metis]
07-28 18:37:54.347  8524  9462 E metis_v2_JenaHandlerManager: local thread match [7f0000011753742232712320107194|p_7194_d411e41@1|p_8524_f6976b0@0|com.oplus.metis]
07-28 18:37:54.347  8524  9462 E metis_v2_JenaHandlerManager: local thread match [7f0000011753742232712320107194|p_7194_d411e41@1|p_8524_f6976b0@0|com.oplus.metis]
07-28 18:37:54.347  8524  9462 E metis_v2_JenaHandlerManager: local thread match [7f0000011753742232712320107194|p_7194_d411e41@1|p_8524_f6976b0@0|com.oplus.metis]
07-28 18:37:54.347  8524  9462 E metis_v2_JenaHandlerManager: local thread match [7f0000011753742232712320107194|p_7194_d411e41@1|p_8524_f6976b0@0|com.oplus.metis]
07-28 18:37:54.347  8524  9462 E metis_v2_JenaHandlerManager: local thread match [7f0000011753742232712320107194|p_7194_d411e41@1|p_8524_f6976b0@0|com.oplus.metis]
07-28 18:37:54.347  8524  9462 E metis_v2_JenaHandlerManager: local thread match [7f0000011753742232712320107194|p_7194_d411e41@1|p_8524_f6976b0@0|com.oplus.metis]
07-28 18:37:54.347  8524  9462 E metis_v2_JenaHandlerManager: local thread match [7f0000011753742232712320107194|p_7194_d411e41@1|p_8524_f6976b0@0|com.oplus.metis]
07-28 18:37:54.347  8524  9462 E metis_v2_JenaHandlerManager: local thread match [7f0000011753742232712320107194|p_7194_d411e41@1|p_8524_f6976b0@0|com.oplus.metis]
07-28 18:37:54.347  8524  9462 E metis_v2_JenaHandlerManager: local thread match [7f0000011753742232712320107194|p_7194_d411e41@1|p_8524_f6976b0@0|com.oplus.metis]
07-28 18:37:54.347  8524  9462 E metis_v2_JenaHandlerManager: local thread match [7f0000011753742232712320107194|p_7194_d411e41@1|p_8524_f6976b0@0|com.oplus.metis]
07-28 18:37:54.347  8524  9462 E metis_v2_JenaHandlerManager: local thread match [7f0000011753742232712320107194|p_7194_d411e41@1|p_8524_f6976b0@0|com.oplus.metis]
07-28 18:37:54.347  8524  9462 E metis_v2_JenaHandlerManager: local thread match [7f0000011753742232712320107194|p_7194_d411e41@1|p_8524_f6976b0@0|com.oplus.metis]
07-28 18:37:54.347  8524  9462 E metis_v2_JenaHandlerManager: local thread match [7f0000011753742232712320107194|p_7194_d411e41@1|p_8524_f6976b0@0|com.oplus.metis]
07-28 18:37:54.347  8524  9462 E metis_v2_JenaHandlerManager: local thread match [7f0000011753742232712320107194|p_7194_d411e41@1|p_8524_f6976b0@0|com.oplus.metis]
07-28 18:37:54.347  8524  9462 E metis_v2_JenaHandlerManager: local thread match [7f0000011753742232712320107194|p_7194_d411e41@1|p_8524_f6976b0@0|com.oplus.metis]
07-28 18:37:54.347  8524  9458 I ContextAware_IntentSwitchManager: getSubSwitchStatus = {clear_memory=true}
07-28 18:37:54.347  8524  9462 E metis_v2_JenaHandlerManager: local thread match [7f0000011753742232712320107194|p_7194_d411e41@1|p_8524_f6976b0@0|com.oplus.metis]
07-28 18:37:54.347  8524  9462 E metis_v2_JenaHandlerManager: local thread match [7f0000011753742232712320107194|p_7194_d411e41@1|p_8524_f6976b0@0|com.oplus.metis]
07-28 18:37:54.347  8524  9462 E metis_v2_JenaHandlerManager: local thread match [7f0000011753742232712320107194|p_7194_d411e41@1|p_8524_f6976b0@0|com.oplus.metis]
07-28 18:37:54.347  8524  9458 I ContextAware_IntentSwitchManager: isExistInSceneInfoActionList pantanalIntentAction = pantanal.intent.system.CLEAN_UP_STORAGE
07-28 18:37:54.347  8524  9462 E metis_v2_JenaHandlerManager: local thread match [7f0000011753742232712320107194|p_7194_d411e41@1|p_8524_f6976b0@0|com.oplus.metis]
07-28 18:37:54.347  8524  9462 E metis_v2_JenaHandlerManager: local thread match [7f0000011753742232712320107194|p_7194_d411e41@1|p_8524_f6976b0@0|com.oplus.metis]
07-28 18:37:54.347  8524  9458 I metis_v2_BreenoSwitchSettingObserver: panta-sugg-getMasterSwitchStatus from cache:true
07-28 18:37:54.347  8524  9462 E metis_v2_JenaHandlerManager: local thread match [7f0000011753742232712320107194|p_7194_d411e41@1|p_8524_f6976b0@0|com.oplus.metis]
07-28 18:37:54.347  8524  9462 E metis_v2_JenaHandlerManager: local thread match [7f0000011753742232712320107194|p_7194_d411e41@1|p_8524_f6976b0@0|com.oplus.metis]
07-28 18:37:54.347  8524  9462 E metis_v2_JenaHandlerManager: local thread match [7f0000011753742232712320107194|p_7194_d411e41@1|p_8524_f6976b0@0|com.oplus.metis]
07-28 18:37:54.347  8524  9462 E metis_v2_JenaHandlerManager: local thread match [7f0000011753742232712320107194|p_7194_d411e41@1|p_8524_f6976b0@0|com.oplus.metis]
07-28 18:37:54.347  8524  9462 E metis_v2_JenaHandlerManager: local thread match [7f0000011753742232712320107194|p_7194_d411e41@1|p_8524_f6976b0@0|com.oplus.metis]
07-28 18:37:54.347  8524  9462 E metis_v2_JenaHandlerManager: local thread match [7f0000011753742232712320107194|p_7194_d411e41@1|p_8524_f6976b0@0|com.oplus.metis]
07-28 18:37:54.347  8524  9462 E metis_v2_JenaHandlerManager: local thread match [7f0000011753742232712320107194|p_7194_d411e41@1|p_8524_f6976b0@0|com.oplus.metis]
07-28 18:37:54.347  8524  9462 E metis_v2_JenaHandlerManager: local thread match [7f0000011753742232712320107194|p_7194_d411e41@1|p_8524_f6976b0@0|com.oplus.metis]
07-28 18:37:54.347  8524  9462 E metis_v2_JenaHandlerManager: local thread match [7f0000011753742232712320107194|p_7194_d411e41@1|p_8524_f6976b0@0|com.oplus.metis]
07-28 18:37:54.347  8524  9462 E metis_v2_JenaHandlerManager: local thread match [7f0000011753742232712320107194|p_7194_d411e41@1|p_8524_f6976b0@0|com.oplus.metis]
07-28 18:37:54.347  8524  9462 E metis_v2_JenaHandlerManager: local thread match [7f0000011753742232712320107194|p_7194_d411e41@1|p_8524_f6976b0@0|com.oplus.metis]
07-28 18:37:54.347  8524  9462 E metis_v2_JenaHandlerManager: local thread match [7f0000011753742232712320107194|p_7194_d411e41@1|p_8524_f6976b0@0|com.oplus.metis]
07-28 18:37:54.347  8524  9462 E metis_v2_JenaHandlerManager: local thread match [7f0000011753742232712320107194|p_7194_d411e41@1|p_8524_f6976b0@0|com.oplus.metis]
07-28 18:37:54.347  8524  9462 E metis_v2_JenaHandlerManager: local thread match [7f0000011753742232712320107194|p_7194_d411e41@1|p_8524_f6976b0@0|com.oplus.metis]
07-28 18:37:54.347  8524  9462 E metis_v2_JenaHandlerManager: local thread match [7f0000011753742232712320107194|p_7194_d411e41@1|p_8524_f6976b0@0|com.oplus.metis]
07-28 18:37:54.347  8524  9462 E metis_v2_JenaHandlerManager: local thread match [7f0000011753742232712320107194|p_7194_d411e41@1|p_8524_f6976b0@0|com.oplus.metis]
07-28 18:37:54.347  8524  9462 E metis_v2_JenaHandlerManager: local thread match [7f0000011753742232712320107194|p_7194_d411e41@1|p_8524_f6976b0@0|com.oplus.metis]
07-28 18:37:54.347  8524  9458 I ContextAware_IntentSwitchManager: isExistInSceneInfoActionList pantanalIntentAction = pantanal.intent.audio.SUBSTITUTE_RAM_CLEAN_UP
07-28 18:37:54.347  8524  9462 E metis_v2_JenaHandlerManager: local thread match [7f0000011753742232712320107194|p_7194_d411e41@1|p_8524_f6976b0@0|com.oplus.metis]
07-28 18:37:54.347  8524  9458 I metis_v2_BreenoSwitchSettingObserver: panta-sugg-getMasterSwitchStatus from cache:true
07-28 18:37:54.347  8524  9462 E metis_v2_JenaHandlerManager: local thread match [7f0000011753742232712320107194|p_7194_d411e41@1|p_8524_f6976b0@0|com.oplus.metis]
07-28 18:37:54.347  8524  9462 E metis_v2_JenaHandlerManager: local thread match [7f0000011753742232712320107194|p_7194_d411e41@1|p_8524_f6976b0@0|com.oplus.metis]
07-28 18:37:54.347  8524  9458 I ContextAware_IntentSwitchManager: isExistInSceneInfoActionList pantanalIntentAction = pantanal.intent.audio.SUBSTITUTE_RAM_CLEAN_UP_PLUS
07-28 18:37:54.347  8524  9462 E metis_v2_JenaHandlerManager: local thread match [7f0000011753742232712320107194|p_7194_d411e41@1|p_8524_f6976b0@0|com.oplus.metis]
07-28 18:37:54.347  8524  9462 E metis_v2_JenaHandlerManager: local thread match [7f0000011753742232712320107194|p_7194_d411e41@1|p_8524_f6976b0@0|com.oplus.metis]
07-28 18:37:54.347  8524  9458 I metis_v2_BreenoSwitchSettingObserver: panta-sugg-getMasterSwitchStatus from cache:true
07-28 18:37:54.347  8524  9462 E metis_v2_JenaHandlerManager: local thread match [7f0000011753742232712320107194|p_7194_d411e41@1|p_8524_f6976b0@0|com.oplus.metis]
07-28 18:37:54.347  8524  9462 E metis_v2_JenaHandlerManager: local thread match [7f0000011753742232712320107194|p_7194_d411e41@1|p_8524_f6976b0@0|com.oplus.metis]
07-28 18:37:54.347  8524  9458 I ContextAware_SortAlgorithmManager.ReorderProcessor.RuleReRanker: sceneIntentRerank sceneFinalScoreMap:{scene rerank, use defaultScore, finalScore:14111004CLEAN_UP_STORAGE_SUBSTITUTE=4.06, scene rerank, use defaultScore, finalScore:18111007CLEAN_UP_SUBSTITUTE=4.05, scene rerank, use defaultScore, finalScore:18111008CLEAN_UP_PLUS_SUBSTITUTE=4.02}
07-28 18:37:54.347  8524  9462 E metis_v2_JenaHandlerManager: local thread match [7f0000011753742232712320107194|p_7194_d411e41@1|p_8524_f6976b0@0|com.oplus.metis]
07-28 18:37:54.347  8524  9462 E metis_v2_JenaHandlerManager: local thread match [7f0000011753742232712320107194|p_7194_d411e41@1|p_8524_f6976b0@0|com.oplus.metis]
07-28 18:37:54.347  8524  9462 E metis_v2_JenaHandlerManager: local thread match [7f0000011753742232712320107194|p_7194_d411e41@1|p_8524_f6976b0@0|com.oplus.metis]
07-28 18:37:54.347  8524  9462 E metis_v2_JenaHandlerManager: local thread match [7f0000011753742232712320107194|p_7194_d411e41@1|p_8524_f6976b0@0|com.oplus.metis]
07-28 18:37:54.347  8524  9458 I ContextAware_SortAlgorithmManager.SceneIntentReorderProcessor: IntentReorder: scene[210000000]rank mIntentList: size: 1 13151001
07-28 18:37:54.347  8524  9458 I ContextAware_SortAlgorithmManager.SceneIntentReorderProcessor: scene[220500200]rank mIntentList: size: 1 14111005
07-28 18:37:54.347  8524  9458 I ContextAware_SortAlgorithmManager.SceneIntentReorderProcessor: scene[240100400]rank mIntentList: size: 0
07-28 18:37:54.347  8524  9458 I ContextAware_SortAlgorithmManager.SceneIntentReorderProcessor: scene[240000000]rank mIntentList: size: 3 14111004 18111007 18111008
07-28 18:37:54.347  8524  9462 E metis_v2_JenaHandlerManager: local thread match [7f0000011753742232712320107194|p_7194_d411e41@1|p_8524_f6976b0@0|com.oplus.metis]
07-28 18:37:54.347  8524  9462 E metis_v2_JenaHandlerManager: local thread match [7f0000011753742232712320107194|p_7194_d411e41@1|p_8524_f6976b0@0|com.oplus.metis]
07-28 18:37:54.347  8524  9462 E metis_v2_JenaHandlerManager: local thread match [7f0000011753742232712320107194|p_7194_d411e41@1|p_8524_f6976b0@0|com.oplus.metis]
07-28 18:37:54.347  8524  9458 W ContextAware_SortAlgorithmManager.SceneUtil: Drop invalid scene: 220500200
07-28 18:37:54.347  8524  9462 E metis_v2_JenaHandlerManager: local thread match [7f0000011753742232712320107194|p_7194_d411e41@1|p_8524_f6976b0@0|com.oplus.metis]
07-28 18:37:54.347  8524  9462 E metis_v2_JenaHandlerManager: local thread match [7f0000011753742232712320107194|p_7194_d411e41@1|p_8524_f6976b0@0|com.oplus.metis]
07-28 18:37:54.347  8524  9462 E metis_v2_JenaHandlerManager: local thread match [7f0000011753742232712320107194|p_7194_d411e41@1|p_8524_f6976b0@0|com.oplus.metis]
07-28 18:37:54.347  8524  9462 E metis_v2_JenaHandlerManager: local thread match [7f0000011753742232712320107194|p_7194_d411e41@1|p_8524_f6976b0@0|com.oplus.metis]
07-28 18:37:54.347  8524  9462 E metis_v2_JenaHandlerManager: local thread match [7f0000011753742232712320107194|p_7194_d411e41@1|p_8524_f6976b0@0|com.oplus.metis]
07-28 18:37:54.347  8524  9462 E metis_v2_JenaHandlerManager: local thread match [7f0000011753742232712320107194|p_7194_d411e41@1|p_8524_f6976b0@0|com.oplus.metis]
07-28 18:37:54.347  8524  9462 E metis_v2_JenaHandlerManager: local thread match [7f0000011753742232712320107194|p_7194_d411e41@1|p_8524_f6976b0@0|com.oplus.metis]
07-28 18:37:54.347  8524  9462 E metis_v2_JenaHandlerManager: local thread match [7f0000011753742232712320107194|p_7194_d411e41@1|p_8524_f6976b0@0|com.oplus.metis]
07-28 18:37:54.347  8524  9462 E metis_v2_JenaHandlerManager: local thread match [7f0000011753742232712320107194|p_7194_d411e41@1|p_8524_f6976b0@0|com.oplus.metis]
07-28 18:37:54.347  8524  9462 E metis_v2_JenaHandlerManager: local thread match [7f0000011753742232712320107194|p_7194_d411e41@1|p_8524_f6976b0@0|com.oplus.metis]
07-28 18:37:54.347  8524  9462 E metis_v2_JenaHandlerManager: local thread match [7f0000011753742232712320107194|p_7194_d411e41@1|p_8524_f6976b0@0|com.oplus.metis]
07-28 18:37:54.347  8524  9462 E metis_v2_JenaHandlerManager: local thread match [7f0000011753742232712320107194|p_7194_d411e41@1|p_8524_f6976b0@0|com.oplus.metis]
07-28 18:37:54.347  8524  9462 E metis_v2_JenaHandlerManager: local thread match [7f0000011753742232712320107194|p_7194_d411e41@1|p_8524_f6976b0@0|com.oplus.metis]
07-28 18:37:54.347  8524  9462 E metis_v2_JenaHandlerManager: local thread match [7f0000011753742232712320107194|p_7194_d411e41@1|p_8524_f6976b0@0|com.oplus.metis]
07-28 18:37:54.347  8524  9462 E metis_v2_JenaHandlerManager: local thread match [7f0000011753742232712320107194|p_7194_d411e41@1|p_8524_f6976b0@0|com.oplus.metis]
07-28 18:37:54.347  8524  9462 E metis_v2_JenaHandlerManager: local thread match [7f0000011753742232712320107194|p_7194_d411e41@1|p_8524_f6976b0@0|com.oplus.metis]
07-28 18:37:54.347  8524  9462 E metis_v2_JenaHandlerManager: local thread match [7f0000011753742232712320107194|p_7194_d411e41@1|p_8524_f6976b0@0|com.oplus.metis]
07-28 18:37:54.347  8524  9462 E metis_v2_JenaHandlerManager: local thread match [7f0000011753742232712320107194|p_7194_d411e41@1|p_8524_f6976b0@0|com.oplus.metis]
07-28 18:37:54.347  8524  9462 E metis_v2_JenaHandlerManager: local thread match [7f0000011753742232712320107194|p_7194_d411e41@1|p_8524_f6976b0@0|com.oplus.metis]
07-28 18:37:54.347  8524  9462 E metis_v2_JenaHandlerManager: local thread match [7f0000011753742232712320107194|p_7194_d411e41@1|p_8524_f6976b0@0|com.oplus.metis]
07-28 18:37:54.347  8524  9462 E metis_v2_JenaHandlerManager: local thread match [7f0000011753742232712320107194|p_7194_d411e41@1|p_8524_f6976b0@0|com.oplus.metis]
07-28 18:37:54.347  8524  9462 E metis_v2_JenaHandlerManager: local thread match [7f0000011753742232712320107194|p_7194_d411e41@1|p_8524_f6976b0@0|com.oplus.metis]
07-28 18:37:54.347  8524  9462 E metis_v2_JenaHandlerManager: local thread match [7f0000011753742232712320107194|p_7194_d411e41@1|p_8524_f6976b0@0|com.oplus.metis]
07-28 18:37:54.347  8524  9462 E metis_v2_JenaHandlerManager: local thread match [7f0000011753742232712320107194|p_7194_d411e41@1|p_8524_f6976b0@0|com.oplus.metis]
07-28 18:37:54.347  8524  9462 E metis_v2_JenaHandlerManager: local thread match [7f0000011753742232712320107194|p_7194_d411e41@1|p_8524_f6976b0@0|com.oplus.metis]
07-28 18:37:54.347  8524  9462 E metis_v2_JenaHandlerManager: local thread match [7f0000011753742232712320107194|p_7194_d411e41@1|p_8524_f6976b0@0|com.oplus.metis]
07-28 18:37:54.347  8524  9458 W ContextAware_SortAlgorithmManager.SceneUtil: Drop invalid scene: 240100400
07-28 18:37:54.372  5102  5423 W [0]DCS  : Common Record event failed. DCS reject event: [appId=107501,logTag=10750101,eventId=metis_scene] . Pls check server config.
07-28 18:37:54.374  5102  5423 W [0]DCS  : Common Record event failed. DCS reject event: [appId=107501,logTag=10750101,eventId=metis_scene] . Pls check server config.
07-28 18:37:54.387  6558  6629 E horae   : 0: back:33175,back_1:35494,back_2:35106,back_3:34154,frame:35594,frame_1:34524,front:36245,front_1:36596,front_2:35041, -2147483648 5, +(3212), 1 ,43479,33295,39328,43500,41469,42553,33369,39051,42514,40832,41599,33244,38778,41677,40279,41017,33272,38503,40971,39777, target_temp:36596, algo:0
07-28 18:37:54.418  1991  1991 D SensorFeature: name=ssc_screenshot_info ,index = 22
07-28 18:37:54.419  1991  1991 D SensorFeature: write 29 bytes:60120225861,60170373049,165,0
07-28 18:37:54.423  1912  2226 I SDM     : DisplayBase::CommitThread: Received idle timeout, panel: cmd, timeout: 70000 us
07-28 18:37:54.450  3512  4282 D FusionLightNextGen: process end reported = 1, mode: 0, lux 315.4, cct -1.0, r/g/b/c: 13818.6/9400.4/3982.8/25987.4, R/G/B: 132.0/125.0/124.0, bri 1331.0, match 1.00, ir 0.025345, conf 0.0, ts 60153816557
07-28 18:37:54.451  1912  4326 I Dpps    : LtmSwState::SetParameter():144 ignore cmd 7 in state LtmOffState
07-28 18:37:54.580  2188  3491 D VRR [OTI]: handleIdle from 0 to 1
07-28 18:37:54.580  2188  3491 D VRR [OTI-HW]: isStateReady 1
07-28 18:37:54.580  2188  3491 D VRR [RefreshRateDirector]: requestRefreshRateByOti update [ oti-hw, {fps=60, modePtr={id=5, vsyncRate=60.00 Hz, peakRefreshRate=60.00 Hz}} ]
07-28 18:37:54.580  2188  3491 D VRR [RefreshRateDirector]: selectBestFrameRate DirectorMapOti [oti-hw, {fps=60, modePtr={id=5, vsyncRate=60.00 Hz, peakRefreshRate=60.00 Hz}}]
07-28 18:37:54.580  2188  3491 D VRR [RefreshRateDirector]: updateBestFrameRate [oti-hw, {fps=60, modePtr={id=5, vsyncRate=60.00 Hz, peakRefreshRate=60.00 Hz}}]
07-28 18:37:54.580  2188  3491 D SurfaceFlinger: VRR [SurfaceFlinger] setDesiredActiveMode: displayId: 4630946756802996883, renderRate: 60, vsyncRate: 60, event: 1
07-28 18:37:54.580  2188  3491 D DisplayModeController: setDesiredMode 4630946756802996883 {mode={fps=60.00 Hz, modePtr={id=5, vsyncRate=60.00 Hz, peakRefreshRate=60.00 Hz}}, emitEvent=true, force=false}
07-28 18:37:54.581  2188  2188 I DisplayModeController: hwc begin mode change to 16666666
07-28 18:37:54.581  2188  2188 I HWC2    : [0] setActiveConfigWithConstraints[5]
07-28 18:37:54.581  1912  4558 W SDM     : HWDeviceDRM::GetSupportedBitClkRate: Requested rate not supported: 1363200000
07-28 18:37:54.581  1912  4558 I SDM     : HWDeviceDRM::UpdateMixerAttributes: Mixer WxH 1440x3168-1 for Peripheral
07-28 18:37:54.582  1912  4558 I CwbService: CwbService::notifyConfigChange: display:0, config:5 size:4, sec.size():0
07-28 18:37:54.582  1912  4558 I CwbService: CwbService::notifyConfigChange: display: 0, config = 1
07-28 18:37:54.582  1912  3445 I CasManager: Fps changed from 120 to 60
07-28 18:37:54.582  1912  3445 I CasManager: Fps changed, not change bin, so trigger gain
07-28 18:37:54.582  1912  3445 W SDM     : DemuraIntfImpl::ProcessOemPluginGain: Thermal intf_ is nullptr 0, default to 25 degree
07-28 18:37:54.582  1912  3445 I SDM     : CasQcPlugIn::ProcessPerCompGainOppo: input params, mode:PWM, fps:60, dbv:1331
07-28 18:37:54.582  1912  3445 I SDM     : CasQcPlugIn::ProcessPerCompGainOppo: normalized bright_adj:1024, dbv:1331, bin_dbv:1083, 
07-28 18:37:54.582  1912  3445 I SDM     : CasQcPlugIn::ProcessPerCompGainOppo: gains print start =====================
07-28 18:37:54.582  1912  3445 I SDM     : CasQcPlugIn::ProcessPerCompGainOppo: gain --------------------------------
07-28 18:37:54.582  1912  3445 I SDM     : CasQcPlugIn::ProcessPerCompGainOppo: old: 0 0 0 57 90 322 1201 3072
07-28 18:37:54.582  1912  3445 I SDM     : CasQcPlugIn::ProcessPerCompGainOppo: new: 0 0 0 43 72 260 970 3072
07-28 18:37:54.582  1912  3445 I SDM     : CasQcPlugIn::ProcessPerCompGainOppo: gain --------------------------------
07-28 18:37:54.582  1912  3445 I SDM     : CasQcPlugIn::ProcessPerCompGainOppo: old: 0 0 0 64 125 373 1336 3072
07-28 18:37:54.582  1912  3445 I SDM     : CasQcPlugIn::ProcessPerCompGainOppo: new: 0 0 0 49 88 373 1336 3072
07-28 18:37:54.582  1912  3445 I SDM     : CasQcPlugIn::ProcessPerCompGainOppo: gain --------------------------------
07-28 18:37:54.582  1912  3445 I SDM     : CasQcPlugIn::ProcessPerCompGainOppo: old: 0 0 0 42 83 323 1222 3072
07-28 18:37:54.582  1912  3445 I SDM     : CasQcPlugIn::ProcessPerCompGainOppo: new: 0 0 0 32 83 323 1222 3072
07-28 18:37:54.582  1912  3445 I SDM     : CasQcPlugIn::ProcessPerCompGainOppo: gains print end =======================
07-28 18:37:54.588  1912  3445 I SDM     : DemuraIntfImpl::StageAllData: Staged all data to Demura Driver!
07-28 18:37:54.589  1912  3445 I SDM     : HWPeripheralDRM::SetPanelFeature: Set Panel feature property 19
07-28 18:37:54.589  1912  3445 I SDM     : HWPeripheralDRM::SetPanelFeature: Set Panel feature property 7
07-28 18:37:54.589  1912  3445 I SDM     : DisplayBuiltIn::TriggerDemuraOemPlugIn: Trigger demura oem plugin success
07-28 18:37:54.590  1912  2226 I SDM     : DRMPanelFeatureMgr::ApplyDirtyFeature: Commited panel feature [enabled]: 20-272
07-28 18:37:54.590  1912  2226 I SDM     : DRMPanelFeatureMgr::ApplyDirtyFeature: Commited panel feature [enabled]: 8-271
07-28 18:37:54.611  2188  2188 D VRR-[OPlusRefreshRateSelector]: setCurrentModeId 5 type SM
07-28 18:37:54.611  2188  3491 D VRR [OTI-HW]: isStateReady 1
07-28 18:37:54.612  2188  3491 D VRR [OTI-HW]: keep rate.
07-28 18:37:54.613  3512  3733 I DisplayDeviceRepository: Display device changed render timings: "Built-in Screen", renderFrameRate=60.000004, presentationDeadlineNanos=16666666, appVsyncOffsetNanos=1000000
07-28 18:37:54.613  3512  3733 D LogicalDisplayExt: set displayInfo flag FLAG_ROTATES_WITH_CONTENT
07-28 18:37:54.614  3512  3733 D DisplayManagerServiceExtImpl: scheduleTraversalLocked intraversal=false
07-28 18:37:54.614  3512  3733 I DisplayManagerServiceExtImpl: handle logical display changed logicalDisplay=id=0,stack=0,content=true,displayInfo{stack=0,type=1,id=0,uId=local:4630946756802996883,state=ON,pkg=null}
07-28 18:37:54.614  3512  3733 D DisplayManagerService: Delivering display event: displayId=0, event=CHANGED
07-28 18:37:54.614  3512  3788 D BrightnessThermalClamper: Thermal status observer already started
07-28 18:37:54.614  3512  3788 D BrightnessPowerClamper: Power throttling data is missing for configuration data.
07-28 18:37:54.615  3512  3512 E OplusGestureAnimationManagerPolicy: mScreenHeight:2376 mScreenWidth:1080 mRotation:0
07-28 18:37:54.617  3512  3727 D OplusVFXScreenEffectFeature: notifySFCompatWindowStateChange entered false
07-28 18:37:54.617  3512  3727 D FSS_FoldScreenBlackCoverController: displayChangeToOn, dc:Display{#0 state=ON size=1080x2376 ROTATION_0}
07-28 18:37:54.617  2188  2426 D [PREVIEW]: SF obtain preview_adapter: 0
07-28 18:37:54.617  2188  2426 D [PREVIEW]: TabletPreviewAdapter::parallel world 0
07-28 18:37:54.617  3512  3733 D DisplayManagerService: MSG_REQUEST_TRAVERSAL pendingCompleted=false
07-28 18:37:54.619  3512  3727 D DisplayManagerService: performTraversalInternal pendingTraversal
07-28 18:37:54.619  2174  4653 D AudioFlingerExtImpl: AudioFlingerExtImpl oplusSetParameters: keyvalue screen_state=on
07-28 18:37:54.619  2174  4653 D DeviceHalAidl: 0xb4000077d2a7c200 DeviceHalAidl::setParameters
07-28 18:37:54.619  2174  4653 D DeviceHalAidl: setParameters: parameters: "screen_state=on"
07-28 18:37:54.619  3512  3727 D DisplayDevice: setLayerStackLocked id=local:4630946756802996883 token=android.os.BinderProxy@48f07c4 stack=0->0
07-28 18:37:54.619  1837  3385 I PAL: ResourceManager: setParameter: 11480: Screen State:1
07-28 18:37:54.620  4560  4560 D CastManagerService: onDisplayChanged.
07-28 18:37:54.620  4740  4740 I SystemUi--Statusbar: DisplayRepository-->combining enabled=[0], connectedExternalDisplayIds=[], ignored=[]
07-28 18:37:54.620  6573  6634 E oiface  : sched_setaffinity failed
07-28 18:37:54.621  2174  4653 D DeviceHalAidl: 0xb4000077d2a7c800 DeviceHalAidl::setParameters
07-28 18:37:54.621  2016  2055 I gameoptHal: targetfps updated 6 -- 60
07-28 18:37:54.621  2174  4653 D DeviceHalAidl: setParameters: parameters: "screen_state=on"
07-28 18:37:54.621  1837  3385 D AHAL_Module: updateScreenState: usb: 1
07-28 18:37:54.621  2174  4653 D DeviceHalAidl: 0xb4000077d2a7ce00 DeviceHalAidl::setParameters
07-28 18:37:54.621  2174  4653 D DeviceHalAidl: setParameters: parameters: "screen_state=on"
07-28 18:37:54.621  1837  3385 D AHAL_Module: updateScreenState: r_submix: 1
07-28 18:37:54.621  2174  4653 D DeviceHalAidl: 0xb4000077d2a7d400 DeviceHalAidl::setParameters
07-28 18:37:54.621  2174  4653 D DeviceHalAidl: setParameters: parameters: "screen_state=on"
07-28 18:37:54.621  1837  1866 D AHAL_Module: updateScreenState: bluetooth: 1
07-28 18:37:54.621  2174  4653 D DeviceHalAidl: 0xb4000077d2a7da00 DeviceHalAidl::setParameters
07-28 18:37:54.621  2174  4653 D DeviceHalAidl: setParameters: parameters: "screen_state=on"
07-28 18:37:54.621  1837  1866 D AHAL_Module: updateScreenState: bluetooth: 1
07-28 18:37:54.621  2174  4653 D DeviceHalAidl: 0xb4000077d2a7e000 DeviceHalAidl::setParameters
07-28 18:37:54.621  2174  4653 D DeviceHalAidl: setParameters: parameters: "screen_state=on"
07-28 18:37:54.622  1837  1866 D AHAL_Module: updateScreenState: stub: 1
07-28 18:37:54.635  5074  5098 D VendorTelephonyService: onTelephonyEventReport slotId =0 eventId=2009
07-28 18:37:54.635  4864  6306 D SaDataService: onTelephonyEventReport , subId= 0,slotId=-1 eventId=2009
07-28 18:37:54.635  4864  6306 D TelephonyImpl: notify eventId:2009 for list size:2
07-28 18:37:54.635  5074  5098 D VendorTelephonyService: onTelephonyEventReport slotId =0 eventId=2009
07-28 18:37:54.635  5074  5074 D VendorCallService: notityEventUpdate, eventId:2009, slotId = 0
07-28 18:37:54.635  4864  6306 D SaDataService: onTelephonyEventReport , subId= 1,slotId=0 eventId=2009
07-28 18:37:54.635  5074  5098 D VendorTelephonyService: onTelephonyEventReport slotId =1 eventId=2009
07-28 18:37:54.635  5074  5098 D VendorTelephonyService: onTelephonyEventReport slotId =1 eventId=2009
07-28 18:37:54.635  4864  6306 D TelephonyImpl: notify eventId:2009 for list size:2
07-28 18:37:54.636  5074  5074 D VendorCallService: notityEventUpdate, eventId:2009, slotId = 1
07-28 18:37:54.662  3512  3827 D VRR [OPlusRefreshRateService]: handleConfigIdChange physicalDisplayId: 4630946756802996883 configId: 5 renderPeriod: 16666666
07-28 18:37:54.663  3512  3827 D VRR [OPlusSAManager]: updateModeChange old modeId [ 4 ] -> new modeId [ 5 ] mCurPolicy: 1
07-28 18:37:54.663  3512  3827 D VRR [OPlusSAManager]: updateSAScene active modeId: 5
07-28 18:37:54.663  3512  3827 D VRR [OPlusSAManager]: updateSAScene current policy: 1 active modeId: 5 scene: VRR_60
07-28 18:37:54.663  3512  3827 D VRR [OPlusOAManager]: Not OA business! new modeId: [5] active modeId: [4]
07-28 18:37:54.663  3512  3827 D VRR [OPlusGameStatusManager]: updateGameState mOSyncFeatureSwitch: false mIsGamePolicy: false
07-28 18:37:54.663  3512  3827 D VRR [OPlusGameStatusManager]: setLTMStatus false curPkgName: com.android.launcher curr status: false HeartStop: false HeartStopFromTGPA: false ActiveFPS: 60.000004
07-28 18:37:54.663  3512  3827 D VRR [OPlusGameStatusManager]: updateGameAccelerationStatus pkgName: com.android.launcher mOSyncFeatureSwitch: false mIsGamePolicy: false mHeartStop: false mHasFlickerRisk: false mForceAcceleration: false mToastReady: false enable: false
07-28 18:37:54.663  3512  3827 D VRR [OPlusGameStatusManager]: updateToastStatus enableAcceleration: false toastReady: false isGamePolicy: false desiredModeId: 5
07-28 18:37:54.663  3512  3827 D VRR [OPlusGameStatusManager]: updateToastStatus enableAcceleration: false toastReady: false isGamePolicy: false desiredModeId: 5
07-28 18:37:54.663  3512  3827 D VRR [OPlusExternalRefreshRateManager]:  updateRenderPeriodChange configId:5 current refresh rate:60.000004
07-28 18:37:54.713  3512  3827 D VRR [OPlusSAManager]: setSAConfig scene: VRR_60 modeId: 5 auto: false fakeFrame: false
07-28 18:37:54.713  3512  3827 D VRR [OPlusSAManager]: updateAutoMinfps with nits: 100.90067, mHistOK true, mAmbientOK true, mCctOK true, mIrOK true, mBrightnessOK true, isPkgOK true, SA min fps: 119
07-28 18:37:54.713  3512  3827 D VRR [OPlusSurfaceFlingerController]: setAutoMode enable: false fakeFrame: false fps: 119
07-28 18:37:54.713  2188  2426 I VRR-[OPlusAdfrUtil]: ADFR try set Auto mode with mode 0 fakeframe 0 min fps 119
07-28 18:37:54.714  2188  2426 D VRR-[OPlusRefreshRateSelector]: OSyncModes add size is 1.
