07-28 19:00:40.319  4904  5714 D TileStateController: bindAppWhenListening: false ComponentInfo{com.microsoft.appmanager/com.microsoft.appmanager.quicksettings.WindowsLinkTileService}
07-28 19:00:40.319  4904  5714 I SystemUi--QuickSettings: Tile.CustomTile.WindowsLinkTileService-->bindServiceWhenListening: false when isActiveTile && isTileReady
07-28 19:00:40.319  4904  5714 D Tile.CustomTile.WirelessReverseControService: refreshState: tile not listening, ignore
07-28 19:00:40.319  4904  5714 I SystemUi--QuickSettings: Tile.CustomTile.WirelessReverseControService-->bindServiceWhenListening: true as default
07-28 19:00:40.320  4904  5714 D TileStateController: updateCurrentStateIsNotDirty component:ComponentInfo{com.oplus.eyeprotect/com.oplus.eyeprotect.services.EyeProtectTileService}
07-28 19:00:40.320  4904  5714 D TileStateController: updateCurrentStateIsNotDirty component:ComponentInfo{com.oplus.linker/com.oplus.linker.synergy.service.TVTileService}
07-28 19:00:40.320  4904  4904 E ndroid.systemui: No package ID ff found for resource ID 0xffffffff.
07-28 19:00:40.320  7309  7309 W Battery : PowerSaveTileService: onCreate
07-28 19:00:40.320  4904  4904 E ndroid.systemui: No package ID ff found for resource ID 0xffffffff.
07-28 19:00:40.320  4904  4904 E ndroid.systemui: No package ID ff found for resource ID 0xffffffff.
07-28 19:00:40.320  4904  4904 E ThemeUtils: View class com.oplus.systemui.keyguard.view.GeneralFontVariationTextView is an AppCompat widget that can only be used with a Theme.AppCompat theme (or descendant).
07-28 19:00:40.320  4904  4904 E ThemeUtils: View class com.oplus.systemui.keyguard.view.GeneralFontVariationTextView is an AppCompat widget that can only be used with a Theme.AppCompat theme (or descendant).
07-28 19:00:40.321  4904  4904 I SystemUi--Keyguard: PictorialAppInfo-->isShowPictorialTipDevice true,bottomMargin=611
07-28 19:00:40.321  4904  4904 I SystemUi--Keyguard: PictorialFunctionContainer-->onWallpaperChange info is null or local or engine
07-28 19:00:40.321  4904  4904 I SystemUi--Keyguard: PictorialAppInfo-->isShowPictorialTipDevice true,bottomMargin=611
07-28 19:00:40.321  4904  4904 I SystemUi--Keyguard: PictorialAppInfo-->isShowPictorialTipDevice true,bottomMargin=611
07-28 19:00:40.321  4904  4904 I SystemUi--Notification: NotificationsQSContainerController-->onWindowConfigurationChange: splitShadeEnabled=false
07-28 19:00:40.321  4904  4904 I SystemUi--Notification: NotificationsQSContainerController-->updateResources: splitShadeEnabled=false, newSplitShadeEnabled=false
07-28 19:00:40.321  4904  4904 I SystemUi--Notification: OplusQSSimpleHeader-->shouldClick: true, isInSuperPowerSaveMode: false, isInWellBeingAssistantMode: false
07-28 19:00:40.322  4904  4904 I SystemUi--Notification: OplusQSSimpleHeader-->updateMarginTop, reason: configChange, newMarginTop: 102 currentMarginTop 102
07-28 19:00:40.322  4904  4936 D Tile.CustomTile.PowerSaveTileService: refreshState: tile not listening, ignore
07-28 19:00:40.322  4904  4936 D Tile.CustomTile.WirelessReverseControService: refreshState: tile not listening, ignore
07-28 19:00:40.322  4904  4904 I SystemUi--QuickSettings: OplusQuickStatusBarHeader-->[onConfigurationChanged] updateResources end, start call listener
07-28 19:00:40.324  4904  4904 I SystemUi--QuickSettings: OplusQuickStatusBarHeader-->[onConfigurationChanged] updateResources end, start call listener
07-28 19:00:40.325  4904  4904 I SystemUi--QuickSettings: OplusQSHighlightTileViewImpl-->updateIconViewSize mTileCanTips=true
07-28 19:00:40.326  4904  4904 I SystemUi--QuickSettings: OplusQSHighlightTileViewImpl-->updateIconViewSize mTileCanTips=true
07-28 19:00:40.326  4904  4904 I SystemUi--QuickSettings: OplusQsToggleSliderTouchExt-->getRealSize point: Point(1080, 2376) realScreenWidth: 1080 realScreenHeight: 2376
07-28 19:00:40.326  4904  4904 I SystemUi--QuickSettings: OplusQsToggleSliderLayout-->updateRadius radius= 57.815125, roundParams= OplusRoundParams(radiusDp=15.2, radius=45.6, weight=1.1, isCircle=false), isDefaultVolumeTheme = true
07-28 19:00:40.326  4904  4904 I COUIVerticalSeekBar: COUIVerticalSeekBar ensureSize : mIsProgressFull:true,mBackgroundRadius:45.6,mBackgroundWidth:179.0,mBackgroundEnlargeScale1.0,mProgressRadius:45.6,mProgressWidth:179.0,mProgressEnlargeScale1.0,mPaddingVertical45.6
07-28 19:00:40.326  4904  4904 I COUIVerticalSeekBar: updateBehavior * normalSeekBarHeight = 309,mPaddingVertical = 45.6,mIsPhysicsEnable = true,mPhysicalAnimator = null,mFlingBehavior = null,Thread_name = main,hashCode = 115948247,time = 1753743640326,stackChain = com.coui.appcompat.seekbar.COUIVerticalSeekBar.updateBehavior$1:14 com.coui.appcompat.seekbar.COUIVerticalSeekBar.ensureSize$1:182 com.coui.appcompat.seekbar.COUIVerticalSeekBar.setBackgroundRadius:3 com.oplus.systemui.qs.base.seek.OplusQsBaseToggleSliderLayout.updateRadius:60 
07-28 19:00:40.326  4904  4904 I COUIVerticalSeekBar: setPaddingVertical * paddingVertical = 45.6,hashCode = 115948247,time = 1753743640326
07-28 19:00:40.326  4904  4904 I COUIVerticalSeekBar: COUIVerticalSeekBar ensureSize : mIsProgressFull:true,mBackgroundRadius:45.6,mBackgroundWidth:179.0,mBackgroundEnlargeScale1.0,mProgressRadius:45.6,mProgressWidth:179.0,mProgressEnlargeScale1.0,mPaddingVertical45.6
07-28 19:00:40.326  4904  4904 I COUIVerticalSeekBar: updateBehavior * normalSeekBarHeight = 309,mPaddingVertical = 45.6,mIsPhysicsEnable = true,mPhysicalAnimator = null,mFlingBehavior = null,Thread_name = main,hashCode = 115948247,time = 1753743640326,stackChain = com.coui.appcompat.seekbar.COUIVerticalSeekBar.updateBehavior$1:14 com.coui.appcompat.seekbar.COUIVerticalSeekBar.ensureSize$1:182 com.coui.appcompat.seekbar.COUIVerticalSeekBar.setPaddingVertical:59 com.oplus.systemui.qs.base.seek.OplusQsBaseToggleSliderLayout.updateRadius:74 
07-28 19:00:40.327  4904  4904 I SystemUi--QuickSettings: OplusQsToggleSliderTouchExt-->getRealSize point: Point(1080, 2376) realScreenWidth: 1080 realScreenHeight: 2376
07-28 19:00:40.327  4904  4904 I SystemUi--QuickSettings: OplusQsToggleSliderLayout-->updateRadius radius= 57.815125, roundParams= OplusRoundParams(radiusDp=15.2, radius=45.6, weight=1.1, isCircle=false), isDefaultVolumeTheme = true
07-28 19:00:40.327  4904  4904 I COUIVerticalSeekBar: COUIVerticalSeekBar ensureSize : mIsProgressFull:true,mBackgroundRadius:45.6,mBackgroundWidth:179.0,mBackgroundEnlargeScale1.0,mProgressRadius:45.6,mProgressWidth:179.0,mProgressEnlargeScale1.0,mPaddingVertical45.6
07-28 19:00:40.327  4904  4904 I COUIVerticalSeekBar: updateBehavior * normalSeekBarHeight = 309,mPaddingVertical = 45.6,mIsPhysicsEnable = true,mPhysicalAnimator = null,mFlingBehavior = null,Thread_name = main,hashCode = 699855,time = 1753743640327,stackChain = com.coui.appcompat.seekbar.COUIVerticalSeekBar.updateBehavior$1:14 com.coui.appcompat.seekbar.COUIVerticalSeekBar.ensureSize$1:182 com.coui.appcompat.seekbar.COUIVerticalSeekBar.setBackgroundRadius:3 com.oplus.systemui.qs.base.seek.OplusQsBaseToggleSliderLayout.updateRadius:60 
07-28 19:00:40.327  4904  4904 I COUIVerticalSeekBar: setPaddingVertical * paddingVertical = 45.6,hashCode = 699855,time = 1753743640327
07-28 19:00:40.327  4904  4904 I COUIVerticalSeekBar: COUIVerticalSeekBar ensureSize : mIsProgressFull:true,mBackgroundRadius:45.6,mBackgroundWidth:179.0,mBackgroundEnlargeScale1.0,mProgressRadius:45.6,mProgressWidth:179.0,mProgressEnlargeScale1.0,mPaddingVertical45.6
07-28 19:00:40.327  4904  4904 I COUIVerticalSeekBar: updateBehavior * normalSeekBarHeight = 309,mPaddingVertical = 45.6,mIsPhysicsEnable = true,mPhysicalAnimator = null,mFlingBehavior = null,Thread_name = main,hashCode = 699855,time = 1753743640327,stackChain = com.coui.appcompat.seekbar.COUIVerticalSeekBar.updateBehavior$1:14 com.coui.appcompat.seekbar.COUIVerticalSeekBar.ensureSize$1:182 com.coui.appcompat.seekbar.COUIVerticalSeekBar.setPaddingVertical:59 com.oplus.systemui.qs.base.seek.OplusQsBaseToggleSliderLayout.updateRadius:74 
07-28 19:00:40.327  4904  4904 I [DevicePlugin].NoDeviceEntranceCardView.(main): onConfigurationChanged
07-28 19:00:40.327  4904  4904 I [DevicePlugin].PlatformUtils.(main): isLowGaussianLevel: DEBUG_LEVEL = -1, ANIM_LEVEL = 1
07-28 19:00:40.327  4904  4904 I [DevicePlugin].PlatformUtils.(main): isGlobalThemeApplied: isGlobalTheme=false
07-28 19:00:40.327  4904  4904 I [DevicePlugin].PlatformUtils.(main): isBlurEnable: enable=true
07-28 19:00:40.327  4904  4904 I [DevicePlugin].PlatformUtils.(main): isGlobalThemeApplied: isGlobalTheme=false
07-28 19:00:40.327  4904  4904 I [DevicePlugin].PlatformUtils.(main): isLightOsGaussianLevel: DEBUG_LEVEL = -1, ANIM_LEVEL = 1
07-28 19:00:40.327  4904  4904 I [DevicePlugin].PlatformUtils.(main): isLightBlurEnable: enable=false
07-28 19:00:40.327  4904  4904 I [DevicePlugin].RectangleDeviceCardView.(main): onConfigurationChanged
07-28 19:00:40.327  4904  4904 I [DevicePlugin].PlatformUtils.(main): isLowGaussianLevel: DEBUG_LEVEL = -1, ANIM_LEVEL = 1
07-28 19:00:40.327  4904  4904 I [DevicePlugin].PlatformUtils.(main): isGlobalThemeApplied: isGlobalTheme=false
07-28 19:00:40.327  4904  4904 I [DevicePlugin].PlatformUtils.(main): isBlurEnable: enable=true
07-28 19:00:40.327  4904  4904 I [DevicePlugin].PlatformUtils.(main): isGlobalThemeApplied: isGlobalTheme=false
07-28 19:00:40.327  4904  4904 I [DevicePlugin].PlatformUtils.(main): isLightOsGaussianLevel: DEBUG_LEVEL = -1, ANIM_LEVEL = 1
07-28 19:00:40.327  4904  4904 I [DevicePlugin].PlatformUtils.(main): isLightBlurEnable: enable=false
07-28 19:00:40.327  4904  4904 I [DevicePlugin].RectangleEntranceCardView.(main): onConfigurationChanged
07-28 19:00:40.327  4904  4904 I [DevicePlugin].PlatformUtils.(main): isLowGaussianLevel: DEBUG_LEVEL = -1, ANIM_LEVEL = 1
07-28 19:00:40.327  4904  4904 I [DevicePlugin].PlatformUtils.(main): isGlobalThemeApplied: isGlobalTheme=false
07-28 19:00:40.327  4904  4904 I [DevicePlugin].PlatformUtils.(main): isBlurEnable: enable=true
07-28 19:00:40.327  4904  4904 I [DevicePlugin].PlatformUtils.(main): isGlobalThemeApplied: isGlobalTheme=false
07-28 19:00:40.327  4904  4904 I [DevicePlugin].PlatformUtils.(main): isLightOsGaussianLevel: DEBUG_LEVEL = -1, ANIM_LEVEL = 1
07-28 19:00:40.327  4904  4904 I [DevicePlugin].PlatformUtils.(main): isLightBlurEnable: enable=false
07-28 19:00:40.327  4904  4904 I [DevicePlugin].RectangleDeviceCardView.(main): onConfigurationChanged
07-28 19:00:40.327  4904  4904 I [DevicePlugin].PlatformUtils.(main): isLowGaussianLevel: DEBUG_LEVEL = -1, ANIM_LEVEL = 1
07-28 19:00:40.327  4904  4904 I [DevicePlugin].PlatformUtils.(main): isGlobalThemeApplied: isGlobalTheme=false
07-28 19:00:40.327  4904  4904 I [DevicePlugin].PlatformUtils.(main): isBlurEnable: enable=true
07-28 19:00:40.327  4904  4904 I [DevicePlugin].PlatformUtils.(main): isGlobalThemeApplied: isGlobalTheme=false
07-28 19:00:40.327  4904  4904 I [DevicePlugin].PlatformUtils.(main): isLightOsGaussianLevel: DEBUG_LEVEL = -1, ANIM_LEVEL = 1
07-28 19:00:40.327  4904  4904 I [DevicePlugin].PlatformUtils.(main): isLightBlurEnable: enable=false
07-28 19:00:40.327  4904  4904 I [DevicePlugin].SquareDeviceCardView.(main): onConfigurationChanged
07-28 19:00:40.327  4904  4904 I [DevicePlugin].PlatformUtils.(main): isLowGaussianLevel: DEBUG_LEVEL = -1, ANIM_LEVEL = 1
07-28 19:00:40.327  4904  4904 I [DevicePlugin].PlatformUtils.(main): isGlobalThemeApplied: isGlobalTheme=false
07-28 19:00:40.327  4904  4904 I [DevicePlugin].PlatformUtils.(main): isBlurEnable: enable=true
07-28 19:00:40.327  4904  4904 I [DevicePlugin].PlatformUtils.(main): isGlobalThemeApplied: isGlobalTheme=false
07-28 19:00:40.327  4904  4904 I [DevicePlugin].PlatformUtils.(main): isLightOsGaussianLevel: DEBUG_LEVEL = -1, ANIM_LEVEL = 1
07-28 19:00:40.327  4904  4904 I [DevicePlugin].PlatformUtils.(main): isLightBlurEnable: enable=false
07-28 19:00:40.327  4904  4904 I [DevicePlugin].SquareEntranceCardView.(main): onConfigurationChanged
07-28 19:00:40.327  4904  4904 I [DevicePlugin].PlatformUtils.(main): isLowGaussianLevel: DEBUG_LEVEL = -1, ANIM_LEVEL = 1
07-28 19:00:40.327  4904  4904 I [DevicePlugin].PlatformUtils.(main): isGlobalThemeApplied: isGlobalTheme=false
07-28 19:00:40.327  4904  4904 I [DevicePlugin].PlatformUtils.(main): isBlurEnable: enable=true
07-28 19:00:40.327  4904  4904 I [DevicePlugin].PlatformUtils.(main): isGlobalThemeApplied: isGlobalTheme=false
07-28 19:00:40.327  4904  4904 I [DevicePlugin].PlatformUtils.(main): isLightOsGaussianLevel: DEBUG_LEVEL = -1, ANIM_LEVEL = 1
07-28 19:00:40.327  4904  4904 I [DevicePlugin].PlatformUtils.(main): isLightBlurEnable: enable=false
07-28 19:00:40.327  4904  4904 I [DevicePlugin].SquareDeviceCardView.(main): onConfigurationChanged
07-28 19:00:40.327  4904  4904 I [DevicePlugin].PlatformUtils.(main): isLowGaussianLevel: DEBUG_LEVEL = -1, ANIM_LEVEL = 1
07-28 19:00:40.327  4904  4904 I [DevicePlugin].PlatformUtils.(main): isGlobalThemeApplied: isGlobalTheme=false
07-28 19:00:40.327  4904  4904 I [DevicePlugin].PlatformUtils.(main): isBlurEnable: enable=true
07-28 19:00:40.328  4904  4904 I [DevicePlugin].PlatformUtils.(main): isGlobalThemeApplied: isGlobalTheme=false
07-28 19:00:40.328  4904  4904 I [DevicePlugin].PlatformUtils.(main): isLightOsGaussianLevel: DEBUG_LEVEL = -1, ANIM_LEVEL = 1
07-28 19:00:40.328  4904  4904 I [DevicePlugin].PlatformUtils.(main): isLightBlurEnable: enable=false
07-28 19:00:40.328  4904  4904 I [DevicePlugin].SquareDeviceCardView.(main): onConfigurationChanged
07-28 19:00:40.328  4904  4904 I [DevicePlugin].PlatformUtils.(main): isLowGaussianLevel: DEBUG_LEVEL = -1, ANIM_LEVEL = 1
07-28 19:00:40.328  4904  4904 I [DevicePlugin].PlatformUtils.(main): isGlobalThemeApplied: isGlobalTheme=false
07-28 19:00:40.328  4904  4904 I [DevicePlugin].PlatformUtils.(main): isBlurEnable: enable=true
07-28 19:00:40.328  4904  4904 I [DevicePlugin].PlatformUtils.(main): isGlobalThemeApplied: isGlobalTheme=false
07-28 19:00:40.328  4904  4904 I [DevicePlugin].PlatformUtils.(main): isLightOsGaussianLevel: DEBUG_LEVEL = -1, ANIM_LEVEL = 1
07-28 19:00:40.328  4904  4904 I [DevicePlugin].PlatformUtils.(main): isLightBlurEnable: enable=false
07-28 19:00:40.328  4904  4904 I [DevicePlugin].SquareDeviceCardView.(main): onConfigurationChanged
07-28 19:00:40.328  4904  4904 I [DevicePlugin].PlatformUtils.(main): isLowGaussianLevel: DEBUG_LEVEL = -1, ANIM_LEVEL = 1
07-28 19:00:40.328  4904  4904 I [DevicePlugin].PlatformUtils.(main): isGlobalThemeApplied: isGlobalTheme=false
07-28 19:00:40.328  4904  4904 I [DevicePlugin].PlatformUtils.(main): isBlurEnable: enable=true
07-28 19:00:40.328  4904  4904 I [DevicePlugin].PlatformUtils.(main): isGlobalThemeApplied: isGlobalTheme=false
07-28 19:00:40.328  4904  4904 I [DevicePlugin].PlatformUtils.(main): isLightOsGaussianLevel: DEBUG_LEVEL = -1, ANIM_LEVEL = 1
07-28 19:00:40.328  4904  4904 I [DevicePlugin].PlatformUtils.(main): isLightBlurEnable: enable=false
07-28 19:00:40.328  4904  4904 I [DevicePlugin].SquareEntranceCardView.(main): onConfigurationChanged
07-28 19:00:40.328  4904  4904 I [DevicePlugin].PlatformUtils.(main): isLowGaussianLevel: DEBUG_LEVEL = -1, ANIM_LEVEL = 1
07-28 19:00:40.328  4904  4904 I [DevicePlugin].PlatformUtils.(main): isGlobalThemeApplied: isGlobalTheme=false
07-28 19:00:40.328  4904  4904 I [DevicePlugin].PlatformUtils.(main): isBlurEnable: enable=true
07-28 19:00:40.328  4904  4904 I [DevicePlugin].PlatformUtils.(main): isGlobalThemeApplied: isGlobalTheme=false
07-28 19:00:40.328  4904  4904 I [DevicePlugin].PlatformUtils.(main): isLightOsGaussianLevel: DEBUG_LEVEL = -1, ANIM_LEVEL = 1
07-28 19:00:40.328  4904  4904 I [DevicePlugin].PlatformUtils.(main): isLightBlurEnable: enable=false
07-28 19:00:40.330  4904  4904 I SystemUi--QuickSettings: OplusSeparateQSCustomizer-->updateResources tileRow= 3
07-28 19:00:40.330  4904  4904 I SystemUi--QuickSettings: OplusSeparateQSCustomizer--> mUsableWidth=1080
07-28 19:00:40.330  4904  4904 I SystemUi--QuickSettings: OplusSeparateQSCustomizer--> mEditCellWidth=175 mEditCellMarginHorizontal=66 mItemHeight=271 mHorizontalSidePadding=57
07-28 19:00:40.330  4904  4904 I SystemUi--QuickSettings: OplusQsToggleSliderTouchExt-->getRealSize point: Point(1080, 2376) realScreenWidth: 1080 realScreenHeight: 2376
07-28 19:00:40.330  4904  4904 I SystemUi--QuickSettings: OplusQsToggleSliderLayout-->updateRadius radius= 57.815125, roundParams= OplusRoundParams(radiusDp=15.2, radius=45.6, weight=1.1, isCircle=false), isDefaultVolumeTheme = true
07-28 19:00:40.331  4904  4904 I COUIVerticalSeekBar: COUIVerticalSeekBar ensureSize : mIsProgressFull:true,mBackgroundRadius:45.6,mBackgroundWidth:179.0,mBackgroundEnlargeScale1.0,mProgressRadius:45.6,mProgressWidth:179.0,mProgressEnlargeScale1.0,mPaddingVertical45.6
07-28 19:00:40.331  4904  4904 I COUIVerticalSeekBar: updateBehavior * normalSeekBarHeight = 309,mPaddingVertical = 45.6,mIsPhysicsEnable = true,mPhysicalAnimator = null,mFlingBehavior = null,Thread_name = main,hashCode = 10743550,time = 1753743640331,stackChain = com.coui.appcompat.seekbar.COUIVerticalSeekBar.updateBehavior$1:14 com.coui.appcompat.seekbar.COUIVerticalSeekBar.ensureSize$1:182 com.coui.appcompat.seekbar.COUIVerticalSeekBar.setBackgroundRadius:3 com.oplus.systemui.qs.base.seek.OplusQsBaseToggleSliderLayout.updateRadius:60 
07-28 19:00:40.331  4904  4904 I COUIVerticalSeekBar: setPaddingVertical * paddingVertical = 45.6,hashCode = 10743550,time = 1753743640331
07-28 19:00:40.331  4904  4904 I COUIVerticalSeekBar: COUIVerticalSeekBar ensureSize : mIsProgressFull:true,mBackgroundRadius:45.6,mBackgroundWidth:179.0,mBackgroundEnlargeScale1.0,mProgressRadius:45.6,mProgressWidth:179.0,mProgressEnlargeScale1.0,mPaddingVertical45.6
07-28 19:00:40.331  4904  4904 I COUIVerticalSeekBar: updateBehavior * normalSeekBarHeight = 309,mPaddingVertical = 45.6,mIsPhysicsEnable = true,mPhysicalAnimator = null,mFlingBehavior = null,Thread_name = main,hashCode = 10743550,time = 1753743640331,stackChain = com.coui.appcompat.seekbar.COUIVerticalSeekBar.updateBehavior$1:14 com.coui.appcompat.seekbar.COUIVerticalSeekBar.ensureSize$1:182 com.coui.appcompat.seekbar.COUIVerticalSeekBar.setPaddingVertical:59 com.oplus.systemui.qs.base.seek.OplusQsBaseToggleSliderLayout.updateRadius:74 
07-28 19:00:40.331  4904  4904 I SystemUi--Common: WindowRootView-->leftInset:0 rightInset:0  rootWindowInsets.displayCutout:DisplayCutout{insets=Rect(0, 120 - 0, 0) waterfall=Insets{left=0, top=0, right=0, bottom=0} boundingRect={Bounds=[Rect(0, 0 - 0, 0), Rect(512, 0 - 569, 120), Rect(0, 0 - 0, 0), Rect(0, 0 - 0, 0)]} cutoutPathParserInfo={CutoutPathParserInfo{displayWidth=1080 displayHeight=2376 physicalDisplayWidth=1440 physicalDisplayHeight=3168 density={4.0} cutoutSpec={M -38,0 L -38,160 L 38,160 L 38,0 Z} rotation={0} scale={1.0} physicalPixelDisplaySizeRatio={0.75}}} sideOverrides={}} windowInsets.displayCutout:DisplayCutout{insets=Rect(0, 120 - 0, 0) waterfall=Insets{left=0, top=0, right=0, bottom=0} boundingRect={Bounds=[Rect(0, 0 - 0, 0), Rect(512, 0 - 569, 120), Rect(0, 0 - 0, 0), Rect(0, 0 - 0, 0)]} cutoutPathParserInfo={CutoutPathParserInfo{displayWidth=1080 displayHeight=2376 physicalDisplayWidth=1440 physicalDisplayHeight=3168 density={4.0} cutoutSpec={M -38,0 L -38,160 L 38,160 L 38,0 Z} rotation={0} scale={1.0} physicalPixelDisplaySizeRatio={0.75}}} sideOverrides={}} currentRotation:1
07-28 19:00:40.331  4904  4904 I SystemUi--QuickSettings: OplusQuickStatusBarHeader-->onApplyWindowInsets mIgnoreCenterHole: true mCenterHoleSpaceLp: androidx.constraintlayout.widget.ConstraintLayout$LayoutParams@34419f6
07-28 19:00:40.331  4904  4904 I SystemUi--QuickSettings: OplusQuickStatusBarHeader-->updateCenterHoleView visibility: 8 isLpChanged: false
07-28 19:00:40.331  4904  4904 I SystemUi--QuickSettings: OplusQuickStatusBarHeader-->updateCenterHoleView visibility: 8 isLpChanged: false
07-28 19:00:40.331  4904  4904 I PluginSeedling--Base: SeedlingPluginService-->onStateChange: Bundle[{rect=RectF(509.25, 29.25, 570.75, 90.75), state=onHoleRectChanged}]
07-28 19:00:40.331  4904  4904 I SystemUi--Statusbar: StatusBarPaddingProvider-->updateContentsPadding: (51, 14, 60, 15), screenHoleHeight: 61 isLandscape=false, rotation: 0 screenHoleBottom: 90 statusBarHeight: 120 seedlingHeight: 90 switchSupport: true percentScreen:0.75 baseScreenWidth:1080 stableDisplayWidth:1440
07-28 19:00:40.332  4904  4904 I SystemUi--QuickSettings: OplusQuickStatusBarHeader-->onApplyWindowInsets mIgnoreCenterHole: true mCenterHoleSpaceLp: androidx.constraintlayout.widget.ConstraintLayout$LayoutParams@e2c31f7
07-28 19:00:40.332  4904  4904 I SystemUi--QuickSettings: OplusQuickStatusBarHeader-->updateCenterHoleView visibility: 8 isLpChanged: false
07-28 19:00:40.332  4904  4904 I SystemUi--QuickSettings: OplusQuickStatusBarHeader-->updateCenterHoleView visibility: 8 isLpChanged: false
07-28 19:00:40.332  4904  5506 D BufferQueueProducer: [VRI[NotificationShade]#8(BLAST Consumer)8](id:132800000009,api:1,p:4904,c:4904) connect: api=1 producerControlledByApp=true
07-28 19:00:40.341  4904  4904 I SurfaceControl:  setExtendedRangeBrightness sc=Surface(name=NotificationShade)/@0x35a9ca,currentBufferRatio=1.0,desiredRatio=1.0
07-28 19:00:40.350  3273  3788 D VRR [OPlusRefreshRateService]: handleConfigIdChange physicalDisplayId: 4630946756802996883 configId: 4 renderPeriod: 8333333
07-28 19:00:40.350  3273  3788 D VRR [OPlusSAManager]: updateModeChange old modeId [ 5 ] -> new modeId [ 4 ] mCurPolicy: 1
07-28 19:00:40.350  3273  3788 D VRR [OPlusSAManager]: updateSAScene active modeId: 4
07-28 19:00:40.350  3273  3788 D VRR [OPlusSAManager]: updateSAScene current policy: 1 active modeId: 4 scene: VRR_90_120
07-28 19:00:40.350  3273  3788 D VRR [OPlusOAManager]: Not OA business! new modeId: [4] active modeId: [5]
07-28 19:00:40.350  3273  3788 D VRR [OPlusGameStatusManager]: updateGameState mOSyncFeatureSwitch: false mIsGamePolicy: false
07-28 19:00:40.350  3273  3788 D VRR [OPlusGameStatusManager]: setLTMStatus false curPkgName: com.android.launcher curr status: false HeartStop: false HeartStopFromTGPA: false ActiveFPS: 120.00001
07-28 19:00:40.350  3273  3788 D VRR [OPlusGameStatusManager]: updateGameAccelerationStatus pkgName: com.android.launcher mOSyncFeatureSwitch: false mIsGamePolicy: false mHeartStop: false mHasFlickerRisk: false mForceAcceleration: false mToastReady: false enable: false
07-28 19:00:40.350  3273  3788 D VRR [OPlusGameStatusManager]: updateToastStatus enableAcceleration: false toastReady: false isGamePolicy: false desiredModeId: 4
07-28 19:00:40.350  3273  3788 D VRR [OPlusGameStatusManager]: updateToastStatus enableAcceleration: false toastReady: false isGamePolicy: false desiredModeId: 4
07-28 19:00:40.350  3273  3788 D VRR [OPlusExternalRefreshRateManager]:  updateRenderPeriodChange configId:4 current refresh rate:120.00001
07-28 19:00:40.350  2176  3239 D VRR [OTI-HW]: isStateReady 0
07-28 19:00:40.350  2176  3239 D VRR [OTI-HW]: keep rate.
07-28 19:00:40.350  3273  3788 D VRR [OPlusSurfaceFlingerController]:  setDirectorOtiHwConfig : true
07-28 19:00:40.353  2176  2370 D SurfaceFlinger: captureLayers from pid 5409 uid -335
07-28 19:00:40.353  2176  2370 W SurfaceFlinger: Skipping screen capture because of invalid layer.
07-28 19:00:40.353  5409  5759 E ScreenCapture: Failed to generate screen capture. Error code: -12
07-28 19:00:40.353  5409  5759 E Blur_ScreenCapture: [captureScreenInternal] exceeds fail times limit=1
07-28 19:00:40.359  4904  5506 D BLASTBufferQueue: [VRI[NotificationShade]#8](f:0,a:1) acquireNextBufferLocked size=1080x2376 mFrameNumber=1 applyTransaction=true mTimestamp=59008665861(auto) mPendingTransactions.size=0 graphicBufferId=21062519619638 transform=0
07-28 19:00:40.359  4904  5506 D VRI[NotificationShade]: Received frameCommittedCallback lastAttemptedDrawFrameNum=1 didProduceBuffer=true syncBuffer=false
07-28 19:00:40.359  4904  4904 D VRI[NotificationShade]: draw finished. seqId=0
07-28 19:00:40.360  3273  5934 I WindowManager: Window{f434dbc u0 NotificationShade} state from DRAW_PENDING to COMMIT_DRAW_PENDING; reason: finishDrawingLocked
07-28 19:00:40.360  4904  4904 I SystemUi--Statusbar: DisplayRepository-->combining enabled=[0], connectedExternalDisplayIds=[], ignored=[]
07-28 19:00:40.360  3273  3577 I WindowManager: Window{f434dbc u0 NotificationShade} state from COMMIT_DRAW_PENDING to READY_TO_SHOW; reason: commitFinishDrawingLocked
07-28 19:00:40.361  3273  3577 I WindowManager: Window{f434dbc u0 NotificationShade} state from READY_TO_SHOW to HAS_DRAWN; reason: performShowLocked
07-28 19:00:40.361  4904  5714 V OplusCustomizeCacheManager: queryCache name: sys.cache.common_customize_cache11011 param: null
07-28 19:00:40.361  4904  5714 V OplusCustomizeCacheManager: queryCache name: sys.cache.common_customize_cache11010 param: null
07-28 19:00:40.362  4904  4904 D ZenModeController: Added callback class com.oplus.systemui.qs.tiles.OplusDndTile$1
07-28 19:00:40.362  4904  4904 I SystemUi--QuickSettings: OplusQsBrightnessSliderController-->setProgressAnimation value: 1599 isListening: true  screenBrightnessDuration: 0.0  startValue: 0 startTime: 0 lastDuration: 500.0 lastStartTime: 47569  max: 4089 sliderProgress: 0 needResetLastAnimation: false
07-28 19:00:40.362  4904  4904 I SystemUi--QuickSettings: OplusQsBrightnessSliderController-->handleNoDuration proportion: 1.0 currentProgress: 1599 duration: 0.0 lastStartValue: 6 sliderProgress: 1599
07-28 19:00:40.362  4904  4904 I SystemUi--Notification: OplusHeadsUpCoreStart-->isVisibility: true
07-28 19:00:40.363  4904  4904 I SystemUi--Notification: OplusNotificationShadeWindowControllerExImpl-->SHADE_FOCUSABLE-->mNotificationShadeFocusable= true, mPanelExpanded= true, mBouncerShowing= false, mKeyguardShowing= false, mKeyguardOccluded= false, mKeyguardNeedsInput= false, ENABLE_REMOTE_INPUT= true, mRemoteInputActive= false, layoutFlags= -2121924544
07-28 19:00:40.363  4904  4904 I SystemUi--Notification: OplusNotificationShadeWindowControllerExImpl-->SHADE_VISIBLE-->mKeyguardShowing= false, mKeyguardOccluded= false, mPanelVisible= false, mKeyguardFadingAway= false, mKeyguardGoingAway= false, mBouncerShowing= false, mScrimsVisibility= 1, mBackgroundBlurRadius= 0, mForcePluginOpen= false, mediaBackdropShowing= false, viewVisibility= true, qsBlurFraction= 0.020447232, panelBlurFraction= 0.0
07-28 19:00:40.363  4904  5714 V OplusCustomizeCacheManager: queryCache name: sys.cache.common_customize_cache18014 param: null
07-28 19:00:40.363  4904  4904 I PluginSeedling--CapsuleCard: CardRootViewModel-->onExpandedChanged: true
07-28 19:00:40.363  4904  5714 D OplusCustomizeCacheManager: add cachename to map: sys.cache.common_customize_cache18014
07-28 19:00:40.363  4904  5714 V OplusCustomizeCacheManager: start recompute
07-28 19:00:40.363  4904  4904 I PluginSeedling--StateMachine: StateEventManager-->stable: true, event: null
07-28 19:00:40.364  4904  5714 V OplusCustomizeCacheManager: queryCache name: sys.cache.common_customize_cache18017 param: Bundle[{SETTING=BLOCK, BUSINESS=NCT-DATA}]
07-28 19:00:40.364  4904  5714 D OplusCustomizeCacheManager: add cachename to map: sys.cache.common_customize_cache18017
07-28 19:00:40.364  4904  5714 V OplusCustomizeCacheManager: start recompute
07-28 19:00:40.364  3273  5934 D OplusCustomizeSecurityManagerService: we can't find the BLOCK
07-28 19:00:40.364  4904  5714 V OplusCustomizeCacheManager: queryCache name: sys.cache.common_customize_cache18013 param: null
07-28 19:00:40.364  4904  5714 V OplusCustomizeCacheManager: queryCache name: sys.cache.common_customize_cache18025 param: null
07-28 19:00:40.364  4904  5714 I SystemUi--QuickSettings: Tile.OplusAirplaneModeTile-->handleUpdateState state.state: 2 value: 1
07-28 19:00:40.364  4904  5714 V OplusCustomizeCacheManager: queryCache name: sys.cache.common_customize_cache18026 param: null
07-28 19:00:40.364  3273  5339 I InputDispatcher: injectInputEvent: targetUid=<not set>, syncMode=WAIT_FOR_FINISHED, timeout=30000ms, policyFlags=0x8000000, event=MotionEvent { action=MOVE, id[0]=0, x[0]=900, y[0]=719.5, eventTime=59014000000, downTime=58909000000, deviceId=4, source=TOUCHSCREEN, displayId=0, eventId=0xe0754245}
07-28 19:00:40.364  4904  4904 I SystemUi--Keyguard: ScrimControllerExImp-->blur State to UNLOCK, bouncer=false changeFromBouncerScrim= false runnerUnlock= false goingAway=false hasHandle=true isOccludeAnimationPlaying=false
07-28 19:00:40.365  3273  3698 D PowerManagerService: userActivityNoUpdateLocked: groupId=0, eventTime=59014, event=touch, flags=0x0, uid=1000
07-28 19:00:40.365  4904  4904 I SystemUi--Keyguard: ScrimControllerExImp-->blur State to UNLOCK, bouncer=false changeFromBouncerScrim= false runnerUnlock= false goingAway=false hasHandle=true isOccludeAnimationPlaying=false
07-28 19:00:40.365  4904  4904 I SystemUi--QuickSettings: QSPanelAnimatorManager-->showFirstElement
07-28 19:00:40.365  4904  4904 D ViewRootImplExtImpl: wrapConfigInfoIntoFlags rotation=0, smallestScreenWidthDp=360, residentWS=false, scenario=0, bounds=Rect(0, 0 - 1080, 2376), relayoutAsync=true, flags=1, newFlags=1245719809, title=NotificationShade
07-28 19:00:40.365  4904  4904 W VRI[NotificationShade]: updateBlastSurfaceIfNeeded, surfaceSize:Point(1080, 2376), lastSurfaceSize:Point(1080, 2376), format:-3, blastBufferQueue:android.graphics.BLASTBufferQueue@5e638ed
07-28 19:00:40.365  3273  5365 D WindowManagerServiceExtImpl: extractConfigInfoAndRealFlags rotation=0, screenDp=360, residentWS:0, scenario:0, bounds:2376, serverWinBounds:Rect(0, 0 - 1080, 2376), win=Window{f434dbc u0 NotificationShade}
07-28 19:00:40.366  3273  5365 V WindowManager: Relayout Window{f434dbc u0 NotificationShade}: viewVisibility=0, oldvis=0, req=1080x2376, vsysui=, x=0, y=0
07-28 19:00:40.366  4904  4904 I SurfaceControl:  setExtendedRangeBrightness sc=Surface(name=NotificationShade)/@0x35a9ca,currentBufferRatio=1.0,desiredRatio=1.0
07-28 19:00:40.366  3273  5365 D RefreshRate: initControlPanelRefreshRateData PreferredRefreshRateData{mPreferredRefreshRateId=[3, 1, 2, 3],isAnimBoost=true}
07-28 19:00:40.367  3273  5365 D WindowManager: NFW_findFocusedWindowIfNeeded:Window{f434dbc u0 NotificationShade} mCurrentFocus:Window{9bde2c6 u0 com.android.launcher/com.android.launcher.Launcher}
07-28 19:00:40.367  3273  5365 V WindowManager: Changing focus from Window{9bde2c6 u0 com.android.launcher/com.android.launcher.Launcher} to Window{f434dbc u0 NotificationShade},diplayid=0
07-28 19:00:40.367  3273  4645 E OplusUIFirst_WS: unknown window type: -1
07-28 19:00:40.367  3273  4645 E UAH-Framework: invalid window type -1
07-28 19:00:40.367  3273  4698 E FBProcessManager: unknown window type: -1
07-28 19:00:40.367  3273  3788 D VRR [OPlusRefreshRateService]: Receive multi scene changed eventId = 5 bundleList.size = 2
07-28 19:00:40.367  3273  5365 D Theia.NoFocusWindow: FocusWindowErrorScene cancelCheckFreezeScreen
07-28 19:00:40.367  3273  5365 W TheiaWindowMonitor: [check] focusedWindow is null or enable is false
07-28 19:00:40.368  3273  3609 I UserAwareMgr: handleFgAppChanged, pkgName: com.android.systemui, pid: 4904, isVisible: true, fgAppType: FG2
07-28 19:00:40.368  3273  3609 I UserAwareMgr: fg app status not changed, beforeVisible: true, currentVisible: true
07-28 19:00:40.368  4904  4904 D JankUtils: gfxSceneBegin; scene: 7; sceneDes: QS PULL
07-28 19:00:40.369  4904  4904 W SystemUi--Common: SubsetBitmapDrawable-->[isValid] innerBitmap?.isRecycled=null
07-28 19:00:40.370  4904  5714 V OplusCustomizeCacheManager: queryCache name: sys.cache.common_customize_cache11009 param: null
07-28 19:00:40.370  4904  4904 I SystemUi--Statusbar: BatteryViewBinder-->create drawable: com.oplus.systemui.statusbar.pipeline.battery.ui.drawable.HorizontalBatteryContentDrawable@921ec59 iconStyle:BatteryIconStyle(iconStyle=1, oldStylePercentIn=false, densityDpi=480, scaleFactor=1.0, themeId=0, isThemeModeColor=false, frameColorMode=0, isPercentOutBgMode=false, isPercentOutPbMode=false, batteryOutChargeBgMode=0)
07-28 19:00:40.371  7309  7309 W Battery : PowerSaveTileService: updateTileState false
07-28 19:00:40.371  4904  5714 V OplusCustomizeCacheManager: queryCache name: sys.cache.common_customize_cache18027 param: null
07-28 19:00:40.371  4904  4904 I SystemUi--Statusbar: BatteryViewBinder-->create drawable: com.oplus.systemui.statusbar.pipeline.battery.ui.drawable.HorizontalBatteryContentDrawable@733cd91 iconStyle:BatteryIconStyle(iconStyle=1, oldStylePercentIn=false, densityDpi=480, scaleFactor=1.0, themeId=0, isThemeModeColor=false, frameColorMode=0, isPercentOutBgMode=false, isPercentOutPbMode=false, batteryOutChargeBgMode=0)
07-28 19:00:40.372  4904  5714 V OplusCustomizeCacheManager: queryCache name: sys.cache.common_customize_cache11010 param: null
07-28 19:00:40.373  4904  4904 W SystemUi--Common: SubsetBitmapDrawable-->[isValid] innerBitmap?.isRecycled=null
07-28 19:00:40.373  4904  4904 I SystemUi--Statusbar: BatteryViewBinder-->create drawable: com.oplus.systemui.statusbar.pipeline.battery.ui.drawable.HorizontalBatteryContentDrawable@f6dff5c iconStyle:BatteryIconStyle(iconStyle=1, oldStylePercentIn=false, densityDpi=480, scaleFactor=1.0, themeId=0, isThemeModeColor=false, frameColorMode=0, isPercentOutBgMode=false, isPercentOutPbMode=false, batteryOutChargeBgMode=0)
07-28 19:00:40.374  4904  4904 I SystemUi--Statusbar: BatteryViewBinder-->create drawable: com.oplus.systemui.statusbar.pipeline.battery.ui.drawable.HorizontalBatteryContentDrawable@2cbf265 iconStyle:BatteryIconStyle(iconStyle=1, oldStylePercentIn=false, densityDpi=480, scaleFactor=1.0, themeId=0, isThemeModeColor=false, frameColorMode=0, isPercentOutBgMode=false, isPercentOutPbMode=false, batteryOutChargeBgMode=0)
07-28 19:00:40.375  2176  2176 D OplusInfoMonitor: setListenerReport: reportInfo:
07-28 19:00:40.375  3273  3577 D SurfaceComposerClient: Transaction::apply InputWindowCommands.focusRequests timestamp=59018854924, windowName=f434dbc NotificationShade
07-28 19:00:40.375  2176  2345 D SurfaceFlinger: captureLayers from pid 5409 uid -335
07-28 19:00:40.376  4904  4904 I SystemUi--Keyguard: ScrimControllerExImp-->blur State to UNLOCK, bouncer=false changeFromBouncerScrim= false runnerUnlock= false goingAway=false hasHandle=true isOccludeAnimationPlaying=false
07-28 19:00:40.376  4904  5410 D Util    : isPkgInstalled_isPkgInstalled = false
07-28 19:00:40.376  4904  5410 D Util    : isPkgInstalled_isPkgInstalled = true
07-28 19:00:40.377  4904  4904 I SystemUi--Keyguard: ScrimControllerExImp-->blur State to UNLOCK, bouncer=false changeFromBouncerScrim= false runnerUnlock= false goingAway=false hasHandle=true isOccludeAnimationPlaying=false
07-28 19:00:40.377  4904  4904 I SystemUi--QuickSettings: QSPanelAnimatorManager-->showSecondElement
07-28 19:00:40.377  1999  1999 D SensorFeature: name=ssc_screenshot_info ,index = 22
07-28 19:00:40.377  1999  1999 D SensorFeature: write 29 bytes:59018032528,59026365861,157,0
07-28 19:00:40.379  1929  2001 I SnapAlloc: Using graphics libs for alignment calculations
07-28 19:00:40.380  1929  2001 I SnapAlloc: Using graphics libs for alignment calculations
07-28 19:00:40.380  1929  2001 I SnapAlloc: Using graphics libs for alignment calculations
07-28 19:00:40.381  4904  4904 I SystemUi--Keyguard: ScrimControllerExImp-->blur State to UNLOCK, bouncer=false changeFromBouncerScrim= false runnerUnlock= false goingAway=false hasHandle=true isOccludeAnimationPlaying=false
07-28 19:00:40.381  3273  5339 I InputDispatcher: injectInputEvent: targetUid=<not set>, syncMode=WAIT_FOR_FINISHED, timeout=30000ms, policyFlags=0x8000000, event=MotionEvent { action=MOVE, id[0]=0, x[0]=900, y[0]=824.566, eventTime=59030000000, downTime=58909000000, deviceId=4, source=TOUCHSCREEN, displayId=0, eventId=0xd2dc1248}
07-28 19:00:40.381  4904  4904 I SystemUi--Keyguard: ScrimControllerExImp-->blur State to UNLOCK, bouncer=false changeFromBouncerScrim= false runnerUnlock= false goingAway=false hasHandle=true isOccludeAnimationPlaying=false
07-28 19:00:40.385  2176  3261 D SurfaceFlinger: updateWinowInfo=1, setFocusedWindow timestamp=59018854924, windowName=f434dbc NotificationShade
07-28 19:00:40.385  3273  5934 I InputDispatcher: NFW_setFocusedWindow, f434dbc NotificationShade on display 0, same as the previous:0
07-28 19:00:40.385  3273  5934 I InputDispatcher: updateFocusedWindow,  on display 0, reason: Waiting for window because NOT_FOCUSABLE, result:   FocusedWindows: <none>
07-28 19:00:40.385  3273  5365 I InputDispatcher: updateFocusedWindow, f434dbc NotificationShade on display 0, reason: Window became focusable. Previous reason: NOT_FOCUSABLE, result:   FocusedWindows:
07-28 19:00:40.385  3273  5365 I InputDispatcher:     displayId=0, name='f434dbc NotificationShade'
07-28 19:00:40.385  5224  5224 D VRI[Launcher]: onFocusEvent false
07-28 19:00:40.385  4904  4904 D VRI[NotificationShade]: onFocusEvent true
07-28 19:00:40.386  3273  5339 I InputDispatcher: injectInputEvent: targetUid=<not set>, syncMode=WAIT_FOR_FINISHED, timeout=30000ms, policyFlags=0x8000000, event=MotionEvent { action=MOVE, id[0]=0, x[0]=900, y[0]=857.4, eventTime=59035000000, downTime=58909000000, deviceId=4, source=TOUCHSCREEN, displayId=0, eventId=0xe0d6b676}
07-28 19:00:40.386  4904  4904 I SystemUi--Keyguard: ScrimControllerExImp-->blur State to UNLOCK, bouncer=false changeFromBouncerScrim= false runnerUnlock= false goingAway=false hasHandle=true isOccludeAnimationPlaying=false
07-28 19:00:40.387  4904  4904 I SystemUi--Keyguard: ScrimControllerExImp-->blur State to UNLOCK, bouncer=false changeFromBouncerScrim= false runnerUnlock= false goingAway=false hasHandle=true isOccludeAnimationPlaying=false
07-28 19:00:40.387  4904  5506 W BlurApp_1.0.7-OPlusBlurDrawable: [updatePosition] multiple changes in frame 4, maybe attached to multiple views!
07-28 19:00:40.388  4904  5506 W BlurApp_1.0.7-OPlusBlurDrawable: [updatePosition] multiple changes in frame 4, maybe attached to multiple views!
07-28 19:00:40.388  4904  5506 W BlurApp_1.0.7-OPlusBlurDrawable: [updatePosition] multiple changes in frame 4, maybe attached to multiple views!
07-28 19:00:40.388  4904  5506 W BlurApp_1.0.7-OPlusBlurDrawable: [updatePosition] multiple changes in frame 4, maybe attached to multiple views!
07-28 19:00:40.388  4904  5506 W BlurApp_1.0.7-OPlusBlurDrawable: [updatePosition] multiple changes in frame 4, maybe attached to multiple views!
07-28 19:00:40.388  4904  5506 W BlurApp_1.0.7-OPlusBlurDrawable: [updatePosition] multiple changes in frame 4, maybe attached to multiple views!
07-28 19:00:40.388  4904  5506 W BlurApp_1.0.7-OPlusBlurDrawable: [updatePosition] multiple changes in frame 4, maybe attached to multiple views!
07-28 19:00:40.388  4904  5506 W BlurApp_1.0.7-OPlusBlurDrawable: [updatePosition] multiple changes in frame 4, maybe attached to multiple views!
07-28 19:00:40.388  4904  5506 W BlurApp_1.0.7-OPlusBlurDrawable: [updatePosition] multiple changes in frame 4, maybe attached to multiple views!
07-28 19:00:40.388  4904  5506 W BlurApp_1.0.7-OPlusBlurDrawable: [updatePosition] multiple changes in frame 4, maybe attached to multiple views!
07-28 19:00:40.388  4904  5506 W BlurApp_1.0.7-OPlusBlurDrawable: [updatePosition] multiple changes in frame 4, maybe attached to multiple views!
07-28 19:00:40.388  4904  5506 W BlurApp_1.0.7-OPlusBlurDrawable: [updatePosition] multiple changes in frame 4, maybe attached to multiple views!
07-28 19:00:40.388  4904  5506 W BlurApp_1.0.7-OPlusBlurDrawable: [updatePosition] multiple changes in frame 4, maybe attached to multiple views!
07-28 19:00:40.388  4904  5506 W BlurApp_1.0.7-OPlusBlurDrawable: [updatePosition] multiple changes in frame 4, maybe attached to multiple views!
07-28 19:00:40.388  4904  5506 W BlurApp_1.0.7-OPlusBlurDrawable: [updatePosition] multiple changes in frame 4, maybe attached to multiple views!
07-28 19:00:40.388  4904  5506 W BlurApp_1.0.7-OPlusBlurDrawable: [updatePosition] multiple changes in frame 4, maybe attached to multiple views!
07-28 19:00:40.389  4904  4904 I SystemUi--Keyguard: OplusRepeatWhenAttachedUnlock-->updateState: view.windowVisibility: 0, keyguardShow: false, isInPreviewMode: false, view.hasWindowFocus(): true
07-28 19:00:40.389  4904  4904 I SystemUi--Keyguard: OplusRepeatWhenAttachedUnlock-->updateState: view.windowVisibility: 0, keyguardShow: false, isInPreviewMode: false, view.hasWindowFocus(): true
07-28 19:00:40.394  1929  2001 I SnapAlloc: Using graphics libs for alignment calculations
07-28 19:00:40.394  4904  4904 I SystemUi--Keyguard: ScrimControllerExImp-->blur State to UNLOCK, bouncer=false changeFromBouncerScrim= false runnerUnlock= false goingAway=false hasHandle=true isOccludeAnimationPlaying=false
07-28 19:00:40.395  3273  5339 I InputDispatcher: injectInputEvent: targetUid=<not set>, syncMode=WAIT_FOR_FINISHED, timeout=30000ms, policyFlags=0x8000000, event=MotionEvent { action=MOVE, id[0]=0, x[0]=900, y[0]=916.5, eventTime=59044000000, downTime=58909000000, deviceId=4, source=TOUCHSCREEN, displayId=0, eventId=0xf2f62884}
07-28 19:00:40.395  4904  4904 I SystemUi--Keyguard: ScrimControllerExImp-->blur State to UNLOCK, bouncer=false changeFromBouncerScrim= false runnerUnlock= false goingAway=false hasHandle=true isOccludeAnimationPlaying=false
07-28 19:00:40.400  3273  3788 D VRR [OPlusSAManager]: setSAConfig scene: VRR_90_120 modeId: 4 auto: true fakeFrame: true
07-28 19:00:40.400  3273  3788 D VRR [OPlusSAManager]: updateAutoMinfps with nits: 98.71148, mHistOK true, mAmbientOK true, mCctOK true, mIrOK true, mBrightnessOK true, isPkgOK true, SA min fps: 119
07-28 19:00:40.400  3273  3788 D VRR [OPlusSurfaceFlingerController]: setAutoMode enable: true fakeFrame: true fps: 119
07-28 19:00:40.400  2176  2370 I VRR-[OPlusAdfrUtil]: ADFR try set Auto mode with mode 1 fakeframe 1 min fps 119
07-28 19:00:40.400  2176  2370 D VRR-[OPlusRefreshRateSelector]: OSyncModes add size is 1.
07-28 19:00:40.400  2176  2370 I VRR-[OPlusRefreshRateSelector]: updateAutoMode success, display 0, mode 0, fakeframe 1, min fps: 1
07-28 19:00:40.400  2176  3187 D VRR-[OPlusRefreshRateSelector]: handleSetHWCOSync
07-28 19:00:40.400  2176  3187 D VRR-[OPlusRefreshRateSelector]: OSyncModes remaining size is 0.
07-28 19:00:40.400  2176  3187 D VRR-[OPlusRefreshRateSelector]: SetHWCOSync with 5CC08181
07-28 19:00:40.401  1932  1932 I SDM     : DisplayBuiltIn::SetQSyncMode: VRR + update qsync mode 0 minfps 00C08181
07-28 19:00:40.403  4904  4904 I SystemUi--Keyguard: ScrimControllerExImp-->blur State to UNLOCK, bouncer=false changeFromBouncerScrim= false runnerUnlock= false goingAway=false hasHandle=true isOccludeAnimationPlaying=false
07-28 19:00:40.403  3273  5339 I InputDispatcher: injectInputEvent: targetUid=<not set>, syncMode=WAIT_FOR_FINISHED, timeout=30000ms, policyFlags=0x8000000, event=MotionEvent { action=MOVE, id[0]=0, x[0]=900, y[0]=969.033, eventTime=59052000000, downTime=58909000000, deviceId=4, source=TOUCHSCREEN, displayId=0, eventId=0xdc92898b}
07-28 19:00:40.403  4904  4904 I SystemUi--Keyguard: ScrimControllerExImp-->blur State to UNLOCK, bouncer=false changeFromBouncerScrim= false runnerUnlock= false goingAway=false hasHandle=true isOccludeAnimationPlaying=false
07-28 19:00:40.410  1932  2190 E SDM     : DRMConnector::Perform: Connector 67: Setting Qsync min fps 12616065
07-28 19:00:40.410  4904  5361 I SystemUi--Statusbar: PrivacyDotViewController-->processNextViewState: 
07-28 19:00:40.410  4904  5361 I SystemUi--Statusbar: PrivacyDotViewController-->resolveState ViewState(viewInitialized=true, systemPrivacyEventIsActive=false, shadeExpanded=true, needShow=false, portraitRect=Rect(0, 0 - 1080, 120), landscapeRect=Rect(120, 0 - 2376, 120), upsideDownRect=Rect(0, 0 - 1080, 120), seascapeRect=Rect(0, 0 - 2244, 120), layoutRtl=false, rotation=0, paddingTop=14, paddingBottom=15, cornerIndex=1, designatedCorner=android.widget.FrameLayout{a123a86 I.E...... ......ID 1032,0-1080,120 #7f0a09cd app:id/privacy_dot_top_right_container alpha=1.0 viewInfo = }, contentDescription=null, dotMargin=48)
07-28 19:00:40.411  1929  2001 I SnapAlloc: Using graphics libs for alignment calculations
07-28 19:00:40.412  4904  4904 I SystemUi--Keyguard: ScrimControllerExImp-->blur State to UNLOCK, bouncer=false changeFromBouncerScrim= false runnerUnlock= false goingAway=false hasHandle=true isOccludeAnimationPlaying=false
07-28 19:00:40.412  3273  5339 I InputDispatcher: injectInputEvent: targetUid=<not set>, syncMode=WAIT_FOR_FINISHED, timeout=30000ms, policyFlags=0x8000000, event=MotionEvent { action=MOVE, id[0]=0, x[0]=900, y[0]=1028.13, eventTime=59061000000, downTime=58909000000, deviceId=4, source=TOUCHSCREEN, displayId=0, eventId=0xc013ae58}
07-28 19:00:40.412  4904  4904 I SystemUi--Keyguard: ScrimControllerExImp-->blur State to UNLOCK, bouncer=false changeFromBouncerScrim= false runnerUnlock= false goingAway=false hasHandle=true isOccludeAnimationPlaying=false
07-28 19:00:40.420  4904  4904 I SystemUi--Keyguard: ScrimControllerExImp-->blur State to UNLOCK, bouncer=false changeFromBouncerScrim= false runnerUnlock= false goingAway=false hasHandle=true isOccludeAnimationPlaying=false
07-28 19:00:40.420  3273  5339 I InputDispatcher: injectInputEvent: targetUid=<not set>, syncMode=WAIT_FOR_FINISHED, timeout=30000ms, policyFlags=0x8000000, event=MotionEvent { action=MOVE, id[0]=0, x[0]=900, y[0]=1080.67, eventTime=59069000000, downTime=58909000000, deviceId=4, source=TOUCHSCREEN, displayId=0, eventId=0xca0379af}
07-28 19:00:40.420  4904  4904 I SystemUi--Keyguard: ScrimControllerExImp-->blur State to UNLOCK, bouncer=false changeFromBouncerScrim= false runnerUnlock= false goingAway=false hasHandle=true isOccludeAnimationPlaying=false
07-28 19:00:40.428  1929  2001 I SnapAlloc: Using graphics libs for alignment calculations
07-28 19:00:40.428  4904  4904 I SystemUi--Keyguard: ScrimControllerExImp-->blur State to UNLOCK, bouncer=false changeFromBouncerScrim= false runnerUnlock= false goingAway=false hasHandle=true isOccludeAnimationPlaying=false
07-28 19:00:40.428  3273  5339 I InputDispatcher: injectInputEvent: targetUid=<not set>, syncMode=WAIT_FOR_FINISHED, timeout=30000ms, policyFlags=0x8000000, event=MotionEvent { action=MOVE, id[0]=0, x[0]=900, y[0]=1133.2, eventTime=59077000000, downTime=58909000000, deviceId=4, source=TOUCHSCREEN, displayId=0, eventId=0xf6dca7e3}
07-28 19:00:40.428  4904  4904 I SystemUi--Keyguard: ScrimControllerExImp-->blur State to UNLOCK, bouncer=false changeFromBouncerScrim= false runnerUnlock= false goingAway=false hasHandle=true isOccludeAnimationPlaying=false
07-28 19:00:40.436  4904  4904 I SystemUi--Keyguard: ScrimControllerExImp-->blur State to UNLOCK, bouncer=false changeFromBouncerScrim= false runnerUnlock= false goingAway=false hasHandle=true isOccludeAnimationPlaying=false
07-28 19:00:40.436  3273  5339 I InputDispatcher: injectInputEvent: targetUid=<not set>, syncMode=WAIT_FOR_FINISHED, timeout=30000ms, policyFlags=0x8000000, event=MotionEvent { action=MOVE, id[0]=0, x[0]=900, y[0]=1185.73, eventTime=59085000000, downTime=58909000000, deviceId=4, source=TOUCHSCREEN, displayId=0, eventId=0xe5a1d08a}
07-28 19:00:40.436  4904  4904 I SystemUi--Keyguard: ScrimControllerExImp-->blur State to UNLOCK, bouncer=false changeFromBouncerScrim= false runnerUnlock= false goingAway=false hasHandle=true isOccludeAnimationPlaying=false
07-28 19:00:40.444  1929  2001 I SnapAlloc: Using graphics libs for alignment calculations
07-28 19:00:40.444  3273  5339 I InputDispatcher: injectInputEvent: targetUid=<not set>, syncMode=WAIT_FOR_FINISHED, timeout=30000ms, policyFlags=0x8000000, event=MotionEvent { action=MOVE, id[0]=0, x[0]=900, y[0]=1244.83, eventTime=59094000000, downTime=58909000000, deviceId=4, source=TOUCHSCREEN, displayId=0, eventId=0xe60a2c4f}
07-28 19:00:40.445  4904  4904 I SystemUi--Keyguard: ScrimControllerExImp-->blur State to UNLOCK, bouncer=false changeFromBouncerScrim= false runnerUnlock= false goingAway=false hasHandle=true isOccludeAnimationPlaying=false
07-28 19:00:40.445  4904  4904 I SystemUi--Keyguard: ScrimControllerExImp-->blur State to UNLOCK, bouncer=false changeFromBouncerScrim= false runnerUnlock= false goingAway=false hasHandle=true isOccludeAnimationPlaying=false
07-28 19:00:40.453  3273  5339 I InputDispatcher: injectInputEvent: targetUid=<not set>, syncMode=WAIT_FOR_FINISHED, timeout=30000ms, policyFlags=0x8000000, event=MotionEvent { action=MOVE, id[0]=0, x[0]=900, y[0]=1297.37, eventTime=59102000000, downTime=58909000000, deviceId=4, source=TOUCHSCREEN, displayId=0, eventId=0xe616393e}
07-28 19:00:40.453  4904  4904 I SystemUi--Keyguard: ScrimControllerExImp-->blur State to UNLOCK, bouncer=false changeFromBouncerScrim= false runnerUnlock= false goingAway=false hasHandle=true isOccludeAnimationPlaying=false
07-28 19:00:40.453  4904  4904 I SystemUi--Keyguard: ScrimControllerExImp-->blur State to UNLOCK, bouncer=false changeFromBouncerScrim= false runnerUnlock= false goingAway=false hasHandle=true isOccludeAnimationPlaying=false
07-28 19:00:40.461  1929  2001 I SnapAlloc: Using graphics libs for alignment calculations
07-28 19:00:40.461  4904  4904 I SystemUi--Keyguard: ScrimControllerExImp-->blur State to UNLOCK, bouncer=false changeFromBouncerScrim= false runnerUnlock= false goingAway=false hasHandle=true isOccludeAnimationPlaying=false
07-28 19:00:40.461  3273  5339 I InputDispatcher: injectInputEvent: targetUid=<not set>, syncMode=WAIT_FOR_FINISHED, timeout=30000ms, policyFlags=0x8000000, event=MotionEvent { action=MOVE, id[0]=0, x[0]=900, y[0]=1349.9, eventTime=59110000000, downTime=58909000000, deviceId=4, source=TOUCHSCREEN, displayId=0, eventId=0xd024884b}
07-28 19:00:40.461  4904  4904 I SystemUi--Keyguard: ScrimControllerExImp-->blur State to UNLOCK, bouncer=false changeFromBouncerScrim= false runnerUnlock= false goingAway=false hasHandle=true isOccludeAnimationPlaying=false
