07-28 03:00:42.340  4877  5787 V OplusCustomizeCacheManager: queryCache name: sys.cache.common_customize_cache18014 param: null
07-28 03:00:42.340  4877  5787 V OplusCustomizeCacheManager: queryCache name: sys.cache.common_customize_cache18017 param: Bundle[{SETTING=BLOCK, BUSINESS=NCT-DATA}]
07-28 03:00:42.340  4877  5787 V OplusCustomizeCacheManager: queryCache name: sys.cache.common_customize_cache18013 param: null
07-28 03:00:42.340  5112  7308 I QImsService: ImsRadioIndicationAidl : onRadioStateChanged()[SUB1]
07-28 03:00:42.340  5112  7308 I QImsService: ImsSenderRxr : [UNSL]< UNSOL_RADIO_STATE_CHANGED RADIO_ON[SUB1]
07-28 03:00:42.340  5003  5003 D QC_RIL_OEM_HOOK: Received Broadcast Intent ACTION_UNSOL_RESPONSE_OEM_HOOK_RAW
07-28 03:00:42.341  5003  5003 D QC_RIL_OEM_HOOK: Received Broadcast Intent ACTION_UNSOL_RESPONSE_OEM_HOOK_RAW
07-28 03:00:42.341  5112  6239 I QImsService: ImsRadioIndicationAidl : onRadioStateChanged()[SUB0]
07-28 03:00:42.341  5112  6239 I QImsService: ImsSenderRxr : [UNSL]< UNSOL_RADIO_STATE_CHANGED RADIO_ON[SUB0]
07-28 03:00:42.342  5205 11550 D VendorTelephonyService: onTelephonyEventReport slotId =0 eventId=6030
07-28 03:00:42.342  5205 11550 D VendorTelephonyService: onTelephonyEventReport slotId =0 eventId=6030
07-28 03:00:42.342  5205  5205 D VendorCallService: notityEventUpdate, eventId:6030, slotId = 0
07-28 03:00:42.342  5205  5205 D SubsysEventListenerManager-SubsysTelephonyCallback[0]: onRadioPowerStateChanged state:1
07-28 03:00:42.343  3392  4838 D ActivityManager: Async freezing 10149 com.android.settings
07-28 03:00:42.343  2003  2003 E PowerMonitorService: Failed to open /proc/horae_qmi (2): No such file or directory
07-28 03:00:42.343  5014  6314 D SaDataService: onTelephonyEventReport , subId= 0,slotId=-1 eventId=6030
07-28 03:00:42.343  5014  6314 D TelephonyImpl: notify eventId:6030 for list size:2
07-28 03:00:42.343  5003  5003 D DeviceInfoAidlClient: onRadioPowerStateChanged
07-28 03:00:42.343  5003  5003 D DeviceInfoAidlClient: mRadioStateHdlr handleMessage()1
07-28 03:00:42.343  5003  5003 D DeviceInfoAidlClient: isRadioOn()=true
07-28 03:00:42.343  5003  5003 I DeviceInfoAidlClient: sendFeaturesSupported: power info support-true interactive state support-true
07-28 03:00:42.344  5003  5003 D DeviceStatisticsService: onReceive: action= org.codeaurora.intent.action.RADIO_POWER_STATE
07-28 03:00:42.344  5003  5003 I DeviceStatisticsService: Receiving radio_power_state_changed, mIsDeviceInfoInitialized = true
07-28 03:00:42.344  5003  5003 I DeviceStatisticsService: radio power state changed to 1 for slot: 0
07-28 03:00:42.344  5003  5003 D DeviceInfoAidlClient: isRadioOn()=true
07-28 03:00:42.344  5003  5003 I DeviceInfoAidlClient: sendFeaturesSupported: power info support-true interactive state support-true
07-28 03:00:42.344  1822  3714 E LOCRIL_SESSION: operator():200] SubId: 1 Failed to get sim IO with error: 11
07-28 03:00:42.345  1822  3714 E LOCRIL_SESSION: operator():241] SubId: 1 Failed to get sim IMSI with error: 11
07-28 03:00:42.345  5141  6110 D IWlanJni: getDataRegistrationState start
07-28 03:00:42.346  5141  6161 D IWlanJni: new aidl event arrived
07-28 03:00:42.346  5141  6161 D IWlanJni: handleEvent 10
07-28 03:00:42.346  5141  6161 D IWlanJni: isThreadAttached start
07-28 03:00:42.346  5141  6161 D IWlanJni: jni detached
07-28 03:00:42.346  5141  6161 D IWlanJni: jni attached
07-28 03:00:42.346  5141  6161 D IWlanJni: getDataRegistrationStateResponse start
07-28 03:00:42.346  5141  6161 D IWlanJni: getJavaCallbackClass start
07-28 03:00:42.347  5003  5032 I DeviceInfoAidlClient: onPowerInfoReportingChanged - reporting enabled true [15, 20, 30, 50, 80]
07-28 03:00:42.347  5003  5032 D DeviceInfoAidlClient: isRadioOn()=true
07-28 03:00:42.348  3392  5401 W BestClock: java.time.DateTimeException: Missing network time fix
07-28 03:00:42.348  5141  6161 D IWlanJni: getJavaCallbackClass End midIs[1]
07-28 03:00:42.348  5141  6161 I IWlanAidlClient: getDataRegistrationStateResponse called
07-28 03:00:42.348  5003  5032 I DeviceInfoAidlClient: isPowerInfoNeverSent=true batteryLevel=45 batteryLevelIndex=3 chargingMode=2 totalCapacity=4937700 powerSaveMode=false
07-28 03:00:42.348  5141  6160 W IWlanNetworkService: 10 > Response Processed
07-28 03:00:42.349  4944  4944 V OplusCustomizeCacheManager: queryCache name: sys.cache.common_customize_cache18016 param: null
07-28 03:00:42.349  4944  4944 V OplusCustomizeCacheManager: queryCache name: sys.cache.common_customize_cache18013 param: null
07-28 03:00:42.349  4944  4944 V OplusCustomizeCacheManager: queryCache name: sys.cache.common_customize_cache18014 param: null
07-28 03:00:42.349  4944  4944 V OplusCustomizeCacheManager: queryCache name: sys.cache.common_customize_cache18017 param: Bundle[{SETTING=BLOCK, BUSINESS=NCT-DATA}]
07-28 03:00:42.349  1822  3712 W LOCRIL_SESSION: operator():307] cellInfo list size is 0, Voice state: 3, data state: 3
07-28 03:00:42.349  4944  4944 V OplusCustomizeCacheManager: queryCache name: sys.cache.common_customize_cache18016 param: null
07-28 03:00:42.349  4944  4944 V OplusCustomizeCacheManager: queryCache name: sys.cache.common_customize_cache18013 param: null
07-28 03:00:42.349  4944  4944 V OplusCustomizeCacheManager: queryCache name: sys.cache.common_customize_cache18014 param: null
07-28 03:00:42.349  4944  4944 V OplusCustomizeCacheManager: queryCache name: sys.cache.common_customize_cache18017 param: Bundle[{SETTING=BLOCK, BUSINESS=NCT-DATA}]
07-28 03:00:42.349  5003  5029 I DeviceInfoAidlClient: onDeviceInfoReportingChanged - reporting enabled true
07-28 03:00:42.350  3392  5332 W BestClock: java.time.DateTimeException: Missing network time fix
07-28 03:00:42.350  4944  4944 D QC_RIL_OEM_HOOK: Received Broadcast Intent ACTION_UNSOL_RESPONSE_OEM_HOOK_RAW
07-28 03:00:42.350  4944  4944 D QC_RIL_OEM_HOOK: Received Broadcast Intent ACTION_UNSOL_RESPONSE_OEM_HOOK_RAW
07-28 03:00:42.350  4944  4944 D QC_RIL_OEM_HOOK: Received Broadcast Intent ACTION_UNSOL_RESPONSE_OEM_HOOK_RAW
07-28 03:00:42.350  4944  4944 D QC_RIL_OEM_HOOK: Received Broadcast Intent ACTION_UNSOL_RESPONSE_OEM_HOOK_RAW
07-28 03:00:42.350  4944  4944 D QC_RIL_OEM_HOOK: Received Broadcast Intent ACTION_UNSOL_RESPONSE_OEM_HOOK_RAW
07-28 03:00:42.350  4944  4944 D QC_RIL_OEM_HOOK: Received Broadcast Intent ACTION_UNSOL_RESPONSE_OEM_HOOK_RAW
07-28 03:00:42.350  4944  4944 D OplusPowerUpOptimizationImpl: onReceive: org.codeaurora.intent.action.RADIO_POWER_STATE
07-28 03:00:42.350  5003  5029 D DeviceInfoAidlClient: getDeviceInfoSupportStatus()=1
07-28 03:00:42.350  5003  5029 D DeviceInfoAidlClient: isRadioOn()=true
07-28 03:00:42.350  5003  5029 I DeviceInfoAidlClient: deviceState=2
07-28 03:00:42.350  4944  5579 D OplusPowerUpOptimizationImpl: handleMessage what = 6
07-28 03:00:42.350  4944  5579 D OplusPowerUpOptimizationImpl: radio is available for slot: 0
07-28 03:00:42.350  4944  5579 D OplusPowerUpOptimizationImpl: trySendPhoneReady for slot: 0
07-28 03:00:42.350  4944  5579 D OplusPowerUpOptimizationImpl: Not sending ATEL ready: States: [0: {true, true, true, true}]
07-28 03:00:42.350  5003  5032 I DeviceInfoAidlClient: onPowerInfoReportingChanged - reporting enabled true [15, 20, 30, 50, 80]
07-28 03:00:42.350  5003  5032 D DeviceInfoAidlClient: isRadioOn()=true
07-28 03:00:42.350  5003  5032 I DeviceInfoAidlClient: isPowerInfoNeverSent=false batteryLevel=45 batteryLevelIndex=3 chargingMode=2 totalCapacity=4937700 powerSaveMode=false
07-28 03:00:42.350  5003  5032 I DeviceInfoAidlClient: onDeviceInfoReportingChanged - reporting enabled true
07-28 03:00:42.350  5003  5032 D DeviceInfoAidlClient: getDeviceInfoSupportStatus()=1
07-28 03:00:42.350  5003  5032 D DeviceInfoAidlClient: isRadioOn()=true
07-28 03:00:42.350  5003  5032 I DeviceInfoAidlClient: deviceState=2
07-28 03:00:42.351  5003  5003 D QcrilMsgTunnelIfaceManager: handleMessage what = 1
07-28 03:00:42.351  5003  5003 I QcrilOemhookMsgTunnel: [0]invokeOemRilRequestRaw: serial=1007 length=16
07-28 03:00:42.351  4877  5787 V OplusCustomizeCacheManager: queryCache name: sys.cache.common_customize_cache18014 param: null
07-28 03:00:42.351  4877  5787 V OplusCustomizeCacheManager: queryCache name: sys.cache.common_customize_cache18017 param: Bundle[{SETTING=BLOCK, BUSINESS=NCT-DATA}]
07-28 03:00:42.351  4877  5787 V OplusCustomizeCacheManager: queryCache name: sys.cache.common_customize_cache18013 param: null
07-28 03:00:42.352  5141  6110 D IWlanJni: getDataRegistrationState start
07-28 03:00:42.353  5003  5003 D DeviceStatisticsService: onReceive: action= org.codeaurora.intent.action.RADIO_POWER_STATE
07-28 03:00:42.353  5003  5003 I DeviceStatisticsService: Receiving radio_power_state_changed, mIsDeviceInfoInitialized = true
07-28 03:00:42.353  5003  5003 I DeviceStatisticsService: radio power state changed to 1 for slot: 1
07-28 03:00:42.353  5003  5069 I QtiOemHookAidl: oemHookRawResponse: serial no: 1007 error: 0length=1
07-28 03:00:42.353  4944  4944 D CiWlanNotificationReceiver: ACTION_RADIO_POWER_STATE_CHANGED
07-28 03:00:42.353  5003  5003 D QcrilMsgTunnelIfaceManager: handleMessage what = 2
07-28 03:00:42.354  3392  3548 W BestClock: java.time.DateTimeException: Missing network time fix
07-28 03:00:42.354  4944  5565 D QC_RIL_OEM_HOOK: sendOemRilRequestRaw returns value = 1
07-28 03:00:42.354  5141  6161 D IWlanJni: new aidl event arrived
07-28 03:00:42.354  5141  6161 D IWlanJni: handleEvent 10
07-28 03:00:42.354  5141  6161 D IWlanJni: isThreadAttached start
07-28 03:00:42.354  5141  6161 D IWlanJni: jni detached
07-28 03:00:42.354  5141  6161 D IWlanJni: jni attached
07-28 03:00:42.354  5141  6161 D IWlanJni: getDataRegistrationStateResponse start
07-28 03:00:42.354  5141  6161 D IWlanJni: getJavaCallbackClass start
07-28 03:00:42.354  5141  6161 D IWlanJni: getJavaCallbackClass End midIs[1]
07-28 03:00:42.354  5141  6161 I IWlanAidlClient: getDataRegistrationStateResponse called
07-28 03:00:42.354  5141  6160 W IWlanNetworkService: 11 > Response Processed
07-28 03:00:42.355  5141  6110 D IWlanJni: getDataRegistrationState start
07-28 03:00:42.356  5141  6110 D IWlanJni: getDataRegistrationState start
07-28 03:00:42.356  5141  6201 D IWlanJni: new aidl event arrived
07-28 03:00:42.356  5141  6201 D IWlanJni: handleEvent 10
07-28 03:00:42.356  5141  6201 D IWlanJni: isThreadAttached start
07-28 03:00:42.356  5141  6201 D IWlanJni: jni detached
07-28 03:00:42.356  5141  6201 D IWlanJni: jni attached
07-28 03:00:42.357  3392  4613 D CmccSliceManagerService: ACTION_DDS_SWITCH_DONE
07-28 03:00:42.357  3392  4613 D CmccSliceManagerService: cleanUpAndRestartSlice
07-28 03:00:42.357  3392  4613 D CmccSliceManagerService: cleanUpSlice
07-28 03:00:42.357  3392  4613 D CmccSliceManagerService: cleanUpSlice qcom
07-28 03:00:42.357  3392  4613 D CmccSliceManagerService: getDefaultDataSlotId0, subid: 1
07-28 03:00:42.357  5141  6201 D IWlanJni: getDataRegistrationStateResponse start
07-28 03:00:42.357  5141  6201 D IWlanJni: getJavaCallbackClass start
07-28 03:00:42.357  5141  6201 D IWlanJni: getJavaCallbackClass End midIs[1]
07-28 03:00:42.357  5141  6201 I IWlanAidlClient: getDataRegistrationStateResponse called
07-28 03:00:42.357  5141  6201 D IWlanJni: handleEvent 10
07-28 03:00:42.357  5141  6201 D IWlanJni: isThreadAttached start
07-28 03:00:42.357  5141  6201 D IWlanJni: jni detached
07-28 03:00:42.357  5141  6201 D IWlanJni: jni attached
07-28 03:00:42.357  5141  6201 D IWlanJni: getDataRegistrationStateResponse start
07-28 03:00:42.357  5141  6201 D IWlanJni: getJavaCallbackClass start
07-28 03:00:42.357  5141  6201 D IWlanJni: getJavaCallbackClass End midIs[1]
07-28 03:00:42.357  5141  6201 I IWlanAidlClient: getDataRegistrationStateResponse called
07-28 03:00:42.357  4877  4877 I KeyguardUpdateMonitor: refreshSimState, changed:false,subId:1,slotId:0,state:5
07-28 03:00:42.357  3392  4613 E ActivityThread: Failed to find provider info for com.cmccslice.proxyapp.provider
07-28 03:00:42.358  3392  4613 D CmccSliceManagerService: loadUrsp qcomCursor=null, count=-1, slotId=0
07-28 03:00:42.358  3392  4613 D CmccSliceManagerService: loadUrsp: qcomCursor=[]
07-28 03:00:42.358  3392  4613 D CmccSliceManagerService: isFeatureEnable , rus : false Feature : false
07-28 03:00:42.358  3392  4613 D CmccSliceManagerService: requestSliceNetwork: feature not enabled
07-28 03:00:42.358  3392  4613 D CmccSliceManagerService: cleanUpAndRestartSlice qcom
07-28 03:00:42.358  5014  5532 D CellularEvent: onActiveDataSubscriptionIdChanged sub id:1
07-28 03:00:42.358  5141  5141 D QCNEJ/WwanInfoRelay: onActiveSubscriptionsChanged activeCurrDDSId: 1 new DDS 1
07-28 03:00:42.358  3392  4524 V NetworkPolicy: updateNotificationsNL not process
07-28 03:00:42.358  3392  5401 W BestClock: java.time.DateTimeException: Missing network time fix
07-28 03:00:42.358  5141  5141 D QCNEJ/WwanInfoRelay: onActiveSubscriptionsChanged activeCurrDDSId: 1 new DDS 1
07-28 03:00:42.358  5141  6200 W IWlanNetworkService: 12 > Response Processed
07-28 03:00:42.359  5141  6200 W IWlanNetworkService: 13 > Response Processed
07-28 03:00:42.359  4877  5127 I SystemUi--QuickSettings: Tile.OplusCellularTile-->updateCarrierText: dialog not showing, ignore
07-28 03:00:42.359  4877  5127 D SimStateHelper: slot:0, lock state:Bundle[mParcelledData.dataSize=56]
07-28 03:00:42.359  4877  5127 D SimStateHelper: slot:1, lock state:Bundle[mParcelledData.dataSize=56]
07-28 03:00:42.359  4877  5127 D SimStateHelper: needDisableMenu: slot1State=-1; slot2State=-1
07-28 03:00:42.359  4877  5127 D SimStateHelper: needDisableMenu:false
07-28 03:00:42.360  4877  5787 V OplusCustomizeCacheManager: queryCache name: sys.cache.common_customize_cache18014 param: null
07-28 03:00:42.360  4877  5787 V OplusCustomizeCacheManager: queryCache name: sys.cache.common_customize_cache18017 param: Bundle[{SETTING=BLOCK, BUSINESS=NCT-DATA}]
07-28 03:00:42.360  4944  4944 D OplusPowerUpOptimizationImpl: onReceive: org.codeaurora.intent.action.RADIO_POWER_STATE
07-28 03:00:42.360  4877  5787 V OplusCustomizeCacheManager: queryCache name: sys.cache.common_customize_cache18013 param: null
07-28 03:00:42.360  4944  5579 D OplusPowerUpOptimizationImpl: handleMessage what = 6
07-28 03:00:42.360  4944  5579 D OplusPowerUpOptimizationImpl: radio is available for slot: 1
07-28 03:00:42.360  4944  5579 D OplusPowerUpOptimizationImpl: trySendPhoneReady for slot: 1
07-28 03:00:42.360  4944  5579 D OplusPowerUpOptimizationImpl: Not sending ATEL ready: States: [1: {true, true, true, true}]
07-28 03:00:42.361  4944  4944 D CiWlanNotificationReceiver: ACTION_RADIO_POWER_STATE_CHANGED
07-28 03:00:42.362  5064  9427 D txpwrJni: new aidl event arrived
07-28 03:00:42.362  5064  9427 D txpwrJni: handleEvent 1
07-28 03:00:42.362  5064  9427 D txpwrJni: isThreadAttached start
07-28 03:00:42.362  5064  9427 D txpwrJni: jni detached
07-28 03:00:42.362  5064  9427 D txpwrJni: jni attached
07-28 03:00:42.362  5064  9427 D txpwrJni: getRadioStatus start
07-28 03:00:42.362  5064  9427 D txpwrJni: getJavaCallbackClass start
07-28 03:00:42.362  5064  9427 D txpwrJni: getJavaCallbackClass End midIs[1]
07-28 03:00:42.362  5064  8817 D txpwrJni: sendRadioStatus start
07-28 03:00:42.363  5064  9427 D txpwrJni: new aidl event arrived
07-28 03:00:42.363  5064  9427 D txpwrJni: handleEvent 1
07-28 03:00:42.363  5064  9427 D txpwrJni: isThreadAttached start
07-28 03:00:42.363  5064  9427 D txpwrJni: jni detached
07-28 03:00:42.364  5064  9427 D txpwrJni: jni attached
07-28 03:00:42.364  5064  9427 D txpwrJni: getRadioStatus start
07-28 03:00:42.364  5064  9427 D txpwrJni: getJavaCallbackClass start
07-28 03:00:42.364  5064  9427 D txpwrJni: getJavaCallbackClass End midIs[1]
07-28 03:00:42.364  5064  8817 D txpwrJni: sendRadioStatus start
07-28 03:00:42.366  4944  4944 D Telephony: isEmergencyPreferredAccount: subId=1, activeData=1
07-28 03:00:42.366  4944  4944 D Telephony: isEmergencyPreferredAccount: Device does not require preference.
07-28 03:00:42.366  4944  4944 D InternationalRoamingNotification: init
07-28 03:00:42.366  5205  6315 D VirtualCommService2: isSupport. true, true
07-28 03:00:42.366  4944  4944 D OplusVirtualCommUtils: isVirtualCommSupport, vRet: true
07-28 03:00:42.367  4944  4944 I OplusVirtualCommUtils: getVirtualCommDeviceType, vRet: 1
07-28 03:00:42.367  4944  4944 I OplusVirtualCommUtils: isConsumerDeviceType, deviceType: 1
07-28 03:00:42.367  3392  4241 W BestClock: java.time.DateTimeException: Missing network time fix
07-28 03:00:42.367  4944  4944 D InternationalRoamingNotification: do not createRoamingNotification for invalid Network
07-28 03:00:42.368  3392  5401 W BestClock: java.time.DateTimeException: Missing network time fix
07-28 03:00:42.368  4877  5787 V OplusCustomizeCacheManager: queryCache name: sys.cache.common_customize_cache18014 param: null
07-28 03:00:42.368  4877  5787 V OplusCustomizeCacheManager: queryCache name: sys.cache.common_customize_cache18017 param: Bundle[{SETTING=BLOCK, BUSINESS=NCT-DATA}]
07-28 03:00:42.368  4877  5787 V OplusCustomizeCacheManager: queryCache name: sys.cache.common_customize_cache18013 param: null
07-28 03:00:42.370  3392  4526 D WifiNative: onSetCountryCodeSucceeded: US
07-28 03:00:42.370  3392  4526 I WifiCountryCode: Receive onSetCountryCodeSucceeded US
07-28 03:00:42.370  3392  4526 I WifiNl80211Manager: Receive country code change to US
07-28 03:00:42.370  2790  2790 I wificond: Receive notifyCountryCodeChanged
07-28 03:00:42.370  2790  2790 I wificond: UpdateBandInfo
07-28 03:00:42.371  3392  4526 D WifiScanRequestProxy: Sending scan available broadcast: true
07-28 03:00:42.371  3392  4531 I WifiScanningService: Received a request to enable scanning, UID = 1000
07-28 03:00:42.371  3392  4531 I WifiScanningService: scanner impls already exists
07-28 03:00:42.371  3392  4531 E WifiScanningService: wifi driver loaded received while already loaded
07-28 03:00:42.371  3392  4241 W BestClock: java.time.DateTimeException: Missing network time fix
07-28 03:00:42.371  3392  4526 I WifiScanRequestProxy: Scanning is enabled
07-28 03:00:42.371  3392  4526 I WifiScanRequestProxy: Scanning for hidden networks is disabled
07-28 03:00:42.371  3392  4526 D WakeupController: start()
07-28 03:00:42.371  2790  2790 I wificond: 2.4Ghz frequencies: 2412 2417 2422 2427 2432 2437 2442 2447 2452 2457 2462
07-28 03:00:42.371  3392  3392 D OplusWifiBroadCastDispatcher: mBroadcastReceiver: onReceiver  action=android.net.wifi.action.WIFI_SCAN_AVAILABILITY_CHANGED
07-28 03:00:42.371  2790  2790 I wificond: 5Ghz non-DFS frequencies: 5180 5200 5220 5240 5745 5765 5785 5805 5825
07-28 03:00:42.371  2790  2790 I wificond: 5Ghz DFS frequencies: 5260 5280 5300 5320 5500 5520 5540 5560 5580 5600 5620 5640 5660 5680 5700
07-28 03:00:42.371  2790  2790 I wificond: 6Ghz frequencies:
07-28 03:00:42.371  2790  2790 I wificond: 60Ghz frequencies:
07-28 03:00:42.371  3392  4637 D OplusWifiPower_ConnLpmEventObsever: onReceive EXTRA_SCAN_AVAILABLE availabe = true
07-28 03:00:42.371  3392  4637 D OplusWifiPowerService: onReceive action:android.net.wifi.action.WIFI_SCAN_AVAILABILITY_CHANGED
07-28 03:00:42.371  3392  4637 D OplusWifiSwitchStateMonitor: scan settings change to true
07-28 03:00:42.371  3392  5401 W BestClock: java.time.DateTimeException: Missing network time fix
07-28 03:00:42.371  3392  4526 E WifiStaIfaceAidlImpl: setScanMode failed with service-specific exception: android.os.ServiceSpecificException:  (code 4)
07-28 03:00:42.371  3392  4526 I WifiService: Receive onDriverCountryCodeChanged to US, update available channel list
07-28 03:00:42.372  4877  5787 V OplusCustomizeCacheManager: queryCache name: sys.cache.common_customize_cache18014 param: null
07-28 03:00:42.372  4877  5787 V OplusCustomizeCacheManager: queryCache name: sys.cache.common_customize_cache18017 param: Bundle[{SETTING=BLOCK, BUSINESS=NCT-DATA}]
07-28 03:00:42.372  4877  5787 V OplusCustomizeCacheManager: queryCache name: sys.cache.common_customize_cache18013 param: null
07-28 03:00:42.372  7137  7137 I OsAgent : onReceive: android.net.wifi.action.WIFI_SCAN_AVAILABILITY_CHANGED
07-28 03:00:42.372  7137  8439 I OsAgent : updateWiFiScanAvailState, scanAvailable: true
07-28 03:00:42.373  4877  5127 I SystemUi--QuickSettings: Tile.OplusCellularTile-->updateCarrierText: dialog not showing, ignore
07-28 03:00:42.373  3392  4526 E ApConfigUtil: Malformed channel value detected: java.lang.NumberFormatException: For input string: ""
07-28 03:00:42.373  4877  5127 D SimStateHelper: slot:0, lock state:Bundle[mParcelledData.dataSize=56]
07-28 03:00:42.373  4877  5127 D SimStateHelper: slot:1, lock state:Bundle[mParcelledData.dataSize=56]
07-28 03:00:42.373  4877  5127 D SimStateHelper: needDisableMenu: slot1State=-1; slot2State=-1
07-28 03:00:42.373  4877  5127 D SimStateHelper: needDisableMenu:false
07-28 03:00:42.373  3392  4526 E ApConfigUtil: Malformed channel value detected: java.lang.NumberFormatException: For input string: ""
07-28 03:00:42.373  4944  4944 D ServiceStateProvider: subId=1
07-28 03:00:42.374  3392  4526 E ApConfigUtil: Malformed channel value detected: java.lang.NumberFormatException: For input string: ""
07-28 03:00:42.375  5112  5112 I QImsService: OplusPhoneStateTracker : onServiceStateChanged
07-28 03:00:42.375  3392  4636 D OplusSoftApManager: Support Wi-Fi6 SAP
07-28 03:00:42.375  5205  5205 D SubsysEventListenerManager-SubsysTelephonyCallback[0]: onServiceStateChanged
07-28 03:00:42.375  3392  4526 I WifiService: Receive onDriverCountryCodeChanged to US, update available channel list
07-28 03:00:42.375  5205  5205 D ChinaRoamingControl: registTelephonyEvent onServiceStateChanged eventId:5, VoiceRegState:1, DataRegState:1
07-28 03:00:42.375  5205  5205 D QuickChangeAirplaneModeEvent: onServiceStateChanged slotId:0
07-28 03:00:42.375  5014  5532 D T-Recommend: onPreHandleMessage 1000
07-28 03:00:42.375  5014  5532 E CellularEvent: nri null ps
07-28 03:00:42.376  5014  5532 E CellularEvent: invalid nri
07-28 03:00:42.376  5014  5532 D T-Recommend: onPostHandleMessage 1000
07-28 03:00:42.376  5205  5205 D QuickChangeAirplaneModeEvent: isBothCardInService is false
07-28 03:00:42.376  5205  5205 D MsimSubModeManager: registTelephonyEvent onServiceStateChanged eventId:3, VoiceRegState:1, DataRegState:1
07-28 03:00:42.376  5205  6004 D EfsNvDumpUnit[0]: onServiceStateChanged: voice reg state: OUT_OF_SERVICE data reg state: OUT_OF_SERVICE
07-28 03:00:42.376  5205  5205 E ExtremeCommUtils: getSwitchRusSupportMcc invalid index 1
07-28 03:00:42.376  5205  6004 D cellularState[0]: handleMessage: E msg.what=4
07-28 03:00:42.376  5205  5205 D ExtremeCommUtils: isSupporCheck rusContain:false,propContain(persist.sys.oplus.support_hyper_uplink_mcc):false
07-28 03:00:42.376  5205  6004 D cellularState[0]: processMsg: DataCallingState
07-28 03:00:42.376  5205  5205 D ExtremeCommService: handleServiceStateChanged mcc is null
07-28 03:00:42.376  5205  6004 D cellularState[0]: processMsg: NetworkAttachedState
07-28 03:00:42.376  5205  6004 D cellularState[0]: processMsg: SimReadyState
07-28 03:00:42.376  5205  5205 D ChinaRoamingControl: handleMessage what:5
07-28 03:00:42.376  5205  6004 D cellularState[0]: processMsg: DefaultState
07-28 03:00:42.376  5205  6004 E cellularState[0]:  - unhandledMessage: msg.what=4
07-28 03:00:42.376  5205  5205 D MsimSubModeManager: handleMessage what:3
07-28 03:00:42.376  5205  6004 D cellularState[0]: handleMessage: X
07-28 03:00:42.376  5205  5205 D MsimSubModeManager: getMsimSimServiceIn() i:0,mServiceState:1
07-28 03:00:42.376  5205  5205 D MsimSubModeManager: getMsimSimServiceIn() i:1,mServiceState:1
07-28 03:00:42.376  3392  4526 E ApConfigUtil: Malformed channel value detected: java.lang.NumberFormatException: For input string: ""
07-28 03:00:42.376  3392  4838 W ContextImpl: Calling a method in the system process without a qualified user: android.app.ContextImpl.sendBroadcastMultiplePermissions:1311 android.content.Context.sendBroadcastMultiplePermissions:2524 com.android.server.TelephonyRegistry.broadcastServiceStateChanged:3740 com.android.server.TelephonyRegistry.notifyServiceStateForPhoneId:1787 com.android.internal.telephony.ITelephonyRegistry$Stub.onTransact:546 
07-28 03:00:42.376  3392  4670 V SettingsProvider: deleteSystemSetting(OPLUS_SLA_LAST_MCC, 0)
07-28 03:00:42.376  3392  4670 D SettingsProvider: delete system settings OPLUS_****_MCC pkg is  android user id is 0
07-28 03:00:42.376  4944  4964 W System  : A resource failed to call AbstractCursor.close. 
07-28 03:00:42.376  4944  4964 W System  : A resource failed to call AbstractCursor.close. 
07-28 03:00:42.377  5112  5112 I QImsService: OplusPhoneStateTracker : onServiceStateChanged
07-28 03:00:42.377  4944  4964 W System  : A resource failed to call AbstractCursor.close. 
07-28 03:00:42.377  3392  4526 E ApConfigUtil: Malformed channel value detected: java.lang.NumberFormatException: For input string: ""
07-28 03:00:42.377  3392  4838 W ContextImpl: Calling a method in the system process without a qualified user: android.app.ContextImpl.sendBroadcastMultiplePermissions:1344 com.android.server.TelephonyRegistry.broadcastServiceStateChanged:3745 com.android.server.TelephonyRegistry.notifyServiceStateForPhoneId:1787 com.android.internal.telephony.ITelephonyRegistry$Stub.onTransact:546 android.os.Binder.execTransactInternal:1523 
07-28 03:00:42.378  5014  5549 D OplusLinkBoostCommon: dds servicestate change
07-28 03:00:42.378  5014  5714 D OplusSubWaySlowRecovery: getPreferSubId return 1
07-28 03:00:42.378  5014  5714 D OplusScanQrCodeRecoveryImpl: msg.what=3
07-28 03:00:42.378  5014  5569 D NAS-CallIssueDetector: onServiceStateChanged
07-28 03:00:42.378  5014  5569 D OplusCiwlanController: [vodata] processServiceStateChanged  phoneid = 0, original roaming type = -1,roaming type = 0
07-28 03:00:42.378  5014  5569 D OplusCiwlanController: [vodata] processServiceStateChanged  phoneid = 1, original roaming type = -1,roaming type = 0
07-28 03:00:42.378  5014  5714 D SaDataFailRecovery/0: current is not in service,reset alarm
07-28 03:00:42.378  3392  4241 W BestClock: java.time.DateTimeException: Missing network time fix
07-28 03:00:42.378  3392  4526 E ApConfigUtil: Malformed channel value detected: java.lang.NumberFormatException: For input string: ""
07-28 03:00:42.378  3392  3544 I system_server: gc_priority_optimize ctrlAppThreadUx sharedAppUxFd=721pid=3392tid=3544value=130 ret=2
07-28 03:00:42.378  3392  3544 I system_server: gc_priority_optimize set UX success2
07-28 03:00:42.378  3392  4526 I WifiService: Receive onDriverCountryCodeChanged to US, update available channel list
07-28 03:00:42.379  3392  3753 D LocationManagerService: passive provider added registration from 1000/android[CountryDetector]/AF34656A -> Request[PASSIVE, minUpdateInterval=0, WorkSource{1000 android}] permissionLevel: 2 permitted: true
07-28 03:00:42.379  3392  4838 W ContextImpl: Calling a method in the system process without a qualified user: android.app.ContextImpl.sendBroadcastMultiplePermissions:1344 com.android.server.TelephonyRegistry.broadcastServiceStateChanged:3754 com.android.server.TelephonyRegistry.notifyServiceStateForPhoneId:1787 com.android.internal.telephony.ITelephonyRegistry$Stub.onTransact:546 android.os.Binder.execTransactInternal:1523 
07-28 03:00:42.379  3392  4526 E ApConfigUtil: Malformed channel value detected: java.lang.NumberFormatException: For input string: ""
07-28 03:00:42.379  4877  4877 I KeyguardUpdateMonitor: action=android.intent.action.SERVICE_STATE subId=1 slotId=0
07-28 03:00:42.380  3392  4838 W ContextImpl: Calling a method in the system process without a qualified user: android.app.ContextImpl.sendBroadcastMultiplePermissions:1344 com.android.server.TelephonyRegistry.broadcastServiceStateChanged:3760 com.android.server.TelephonyRegistry.notifyServiceStateForPhoneId:1787 com.android.internal.telephony.ITelephonyRegistry$Stub.onTransact:546 android.os.Binder.execTransactInternal:1523 
07-28 03:00:42.380  4877  5127 I SystemUi--QuickSettings: Tile.OplusCellularTile-->updateCarrierText: dialog not showing, ignore
07-28 03:00:42.381  4877  5127 D SimStateHelper: slot:0, lock state:Bundle[mParcelledData.dataSize=56]
07-28 03:00:42.381  4877  5127 D SimStateHelper: slot:1, lock state:Bundle[mParcelledData.dataSize=56]
07-28 03:00:42.381  4877  5127 D SimStateHelper: needDisableMenu: slot1State=-1; slot2State=-1
07-28 03:00:42.381  4877  5127 D SimStateHelper: needDisableMenu:false
07-28 03:00:42.382  5859  5859 D CellBroadcastReceiver: onReceive Intent { act=android.intent.action.SERVICE_STATE flg=0x1000010 cmp=com.android.cellbroadcastreceiver.module/com.android.cellbroadcastreceiver.CellBroadcastReceiver (has extras) }
07-28 03:00:42.382  4877  5315 I SystemUi--Statusbar: MobileConnectionRepositoryImpl-->subId:1 isSoftSimCard:false slotId:0
07-28 03:00:42.382  5859  5859 D CellBroadcastReceiver: onServiceStateChanged, ss: 1
07-28 03:00:42.383  1708  1756 E TetherController: property_get sys.radio.data.modem_share_flag return 0, 1!
07-28 03:00:42.383  3392  5401 W BestClock: java.time.DateTimeException: Missing network time fix
07-28 03:00:42.383  3392  4526 E ApConfigUtil: Malformed channel value detected: java.lang.NumberFormatException: For input string: ""
07-28 03:00:42.384  3392  4526 E ApConfigUtil: Malformed channel value detected: java.lang.NumberFormatException: For input string: ""
07-28 03:00:42.384  4877  5787 V OplusCustomizeCacheManager: queryCache name: sys.cache.common_customize_cache18014 param: null
07-28 03:00:42.384  4877  5787 V OplusCustomizeCacheManager: queryCache name: sys.cache.common_customize_cache18017 param: Bundle[{SETTING=BLOCK, BUSINESS=NCT-DATA}]
07-28 03:00:42.384  4877  5787 V OplusCustomizeCacheManager: queryCache name: sys.cache.common_customize_cache18013 param: null
07-28 03:00:42.384  5859  5859 D CellBroadcastReceiver: networkOperator: 
07-28 03:00:42.384  3392  3548 W ContextImpl: Calling a method in the system process without a qualified user: android.app.ContextImpl.sendBroadcastMultiplePermissions:1311 android.content.Context.sendBroadcastMultiplePermissions:2524 com.android.server.TelephonyRegistry.broadcastServiceStateChanged:3740 com.android.server.TelephonyRegistry.notifyServiceStateForPhoneId:1787 com.android.internal.telephony.ITelephonyRegistry$Stub.onTransact:546 
07-28 03:00:42.384  4877  5081 I SystemUi--Statusbar: NetworkController.WifiSignalController-->wifi Broadcast action = android.telephony.action.SERVICE_PROVIDERS_UPDATED state=1 enabled=false connected=false isDefaultNetwork=false rssi=0 level=0 statusLabel = null isDirty = false
07-28 03:00:42.384  3392  4670 W OplusSlaManager: updateMCC curMCC empty!
07-28 03:00:42.384  3392  3548 W ContextImpl: Calling a method in the system process without a qualified user: android.app.ContextImpl.sendBroadcastMultiplePermissions:1344 com.android.server.TelephonyRegistry.broadcastServiceStateChanged:3745 com.android.server.TelephonyRegistry.notifyServiceStateForPhoneId:1787 com.android.internal.telephony.ITelephonyRegistry$Stub.onTransact:546 android.os.Binder.execTransactInternal:1523 
07-28 03:00:42.385  5859  5859 D CellBroadcastReceiver: mockmodem is running? = false
07-28 03:00:42.385  5859  5859 D CellBroadcastReceiver: Start Cell Broadcast configuration for intent=ACTION_ENABLE_CHANNELS
07-28 03:00:42.385  4877  4877 I KeyguardUpdateMonitor: action=android.intent.action.SERVICE_STATE subId=-1 slotId=1
07-28 03:00:42.385  4877  4877 W KeyguardUpdateMonitorLog: invalid subId in handleServiceStateChange()
07-28 03:00:42.386  4877  5127 I SystemUi--QuickSettings: Tile.OplusCellularTile-->updateCarrierText: dialog not showing, ignore
07-28 03:00:42.386  3392  3548 W ContextImpl: Calling a method in the system process without a qualified user: android.app.ContextImpl.sendBroadcastMultiplePermissions:1344 com.android.server.TelephonyRegistry.broadcastServiceStateChanged:3754 com.android.server.TelephonyRegistry.notifyServiceStateForPhoneId:1787 com.android.internal.telephony.ITelephonyRegistry$Stub.onTransact:546 android.os.Binder.execTransactInternal:1523 
07-28 03:00:42.386  3392  4535 D ConnectivityService: unregister offer from providerId 5 : NetworkOffer [ Provider Id (5) Score(Policies : YIELD_TO_BAD_WIFI&TRANSPORT_PRIMARY&EVER_EVALUATED&IS_UNMETERED&EVER_VALIDATED&IS_VALIDATED ; KeepConnected : 0) Caps [ Transports: CELLULAR|SATELLITE Capabilities: MMS&SUPL&DUN&FOTA&IMS&CBS&IA&RCS&XCAP&EIMS&INTERNET&NOT_RESTRICTED&TRUSTED&NOT_VPN&MCX&NOT_VCN_MANAGED&ENTERPRISE&VSIM&BIP&MMTEL&PRIORITIZE_LATENCY&PRIORITIZE_BANDWIDTH&NOT_BANDWIDTH_CONSTRAINED Specifier: <TelephonyNetworkSpecifier [mSubId = 1]> EnterpriseId: 1&2&3&4&5 UnderlyingNetworks: Null] Needed by [44, 258, 174, 34, 169, 171, 255, 202, 32, 56, 165, 199, 63, 178, 7, 65, 77, 15, 28, 140, 24, 191, 205, 210, 40, 30, 42, 46, 94, 186, 83, 102, 38, 97, 213, 117, 163, 252, 151, 279, 241, 18, 271, 167, 275, 1, 261, 86, 58, 112, 176, 263, 50, 138, 216, 249, 9, 268, 147, 134, 132, 80, 26, 235, 153, 36, 48, 188, 92, 145, 53, 232, 246, 142, 277, 149, 230, 194, 265, 224, 273, 136, 159, 69, 196, 228, 222]]
07-28 03:00:42.386  3392  4535 D ConnectivityService: update offer from providerId 5 new : NetworkOffer [ Provider Id (5) Score(Policies : YIELD_TO_BAD_WIFI&TRANSPORT_PRIMARY&EVER_EVALUATED&IS_UNMETERED&EVER_VALIDATED&IS_VALIDATED ; KeepConnected : 0) Caps [ Transports: CELLULAR|SATELLITE Capabilities: MMS&SUPL&DUN&FOTA&IMS&CBS&IA&RCS&XCAP&EIMS&INTERNET&NOT_RESTRICTED&TRUSTED&NOT_VPN&MCX&NOT_VCN_MANAGED&ENTERPRISE&VSIM&BIP&MMTEL&PRIORITIZE_LATENCY&PRIORITIZE_BANDWIDTH&NOT_BANDWIDTH_CONSTRAINED Specifier: <TelephonyNetworkSpecifier [mSubId = 1]> EnterpriseId: 1&2&3&4&5 UnderlyingNetworks: Null] Needed by [44, 258, 174, 34, 169, 171, 255, 202, 32, 56, 165, 199, 63, 178, 7, 65, 77, 15, 28, 140, 24, 191, 205, 210, 40, 30, 42, 46, 94, 186, 83, 102, 38, 97, 213, 117, 163, 252, 151, 279, 241, 18, 271, 167, 275, 1, 261, 86, 58, 112, 176, 263, 50, 138, 216, 249, 9, 268, 147, 134, 132, 80, 26, 235, 153, 36, 48, 188, 92, 145, 53, 232, 246, 142, 277, 149, 230, 194, 265, 224, 273, 136, 159, 69, 196, 228, 222]]
07-28 03:00:42.386  3392  4535 D ConnectivityService: unregister offer from providerId 6 : NetworkOffer [ Provider Id (6) Score(Policies : YIELD_TO_BAD_WIFI&EVER_EVALUATED&IS_UNMETERED&EVER_VALIDATED&IS_VALIDATED ; KeepConnected : 0) Caps [ Transports: CELLULAR|SATELLITE Capabilities: MMS&SUPL&DUN&FOTA&IMS&CBS&IA&RCS&XCAP&EIMS&INTERNET&NOT_RESTRICTED&TRUSTED&NOT_VPN&MCX&NOT_VCN_MANAGED&ENTERPRISE&VSIM&BIP&MMTEL&PRIORITIZE_LATENCY&PRIORITIZE_BANDWIDTH&NOT_BANDWIDTH_CONSTRAINED Specifier: <TelephonyNetworkSpecifier [mSubId = -1]> EnterpriseId: 1&2&3&4&5 UnderlyingNetworks: Null] Needed by [44, 258, 174, 34, 169, 171, 255, 202, 32, 56, 165, 199, 63, 178, 7, 65, 77, 15, 28, 140, 24, 191, 205, 210, 40, 30, 42, 46, 94, 186, 83, 102, 38, 97, 213, 117, 163, 252, 151, 279, 241, 18, 271, 167, 275, 1, 261, 86, 58, 112, 176, 263, 50, 138, 216, 249, 9, 268, 147, 134, 132, 80, 26, 235, 153, 36, 48, 188, 92, 145, 53, 232, 246, 142, 277, 149, 230, 194, 265, 224, 273, 136, 159, 69, 196, 228, 222]]
07-28 03:00:42.386  3392  4535 D ConnectivityService: update offer from providerId 6 new : NetworkOffer [ Provider Id (6) Score(Policies : YIELD_TO_BAD_WIFI&EVER_EVALUATED&IS_UNMETERED&EVER_VALIDATED&IS_VALIDATED ; KeepConnected : 0) Caps [ Transports: CELLULAR|SATELLITE Capabilities: MMS&SUPL&DUN&FOTA&IMS&CBS&IA&RCS&XCAP&EIMS&INTERNET&NOT_RESTRICTED&TRUSTED&NOT_VPN&MCX&NOT_VCN_MANAGED&ENTERPRISE&VSIM&BIP&MMTEL&PRIORITIZE_LATENCY&PRIORITIZE_BANDWIDTH&NOT_BANDWIDTH_CONSTRAINED Specifier: <TelephonyNetworkSpecifier [mSubId = -1]> EnterpriseId: 1&2&3&4&5 UnderlyingNetworks: Null] Needed by [44, 258, 174, 34, 169, 171, 255, 202, 32, 56, 165, 199, 63, 178, 7, 65, 77, 15, 28, 140, 24, 191, 205, 210, 40, 30, 42, 46, 94, 186, 83, 102, 38, 97, 213, 117, 163, 252, 151, 279, 241, 18, 271, 167, 275, 1, 261, 86, 58, 112, 176, 263, 50, 138, 216, 249, 9, 268, 147, 134, 132, 80, 26, 235, 153, 36, 48, 188, 92, 145, 53, 232, 246, 142, 277, 149, 230, 194, 265, 224, 273, 136, 159, 69, 196, 228, 222]]
07-28 03:00:42.387  3392  3548 W ContextImpl: Calling a method in the system process without a qualified user: android.app.ContextImpl.sendBroadcastMultiplePermissions:1344 com.android.server.TelephonyRegistry.broadcastServiceStateChanged:3760 com.android.server.TelephonyRegistry.notifyServiceStateForPhoneId:1787 com.android.internal.telephony.ITelephonyRegistry$Stub.onTransact:546 android.os.Binder.execTransactInternal:1523 
07-28 03:00:42.387  4877  5127 D SimStateHelper: slot:0, lock state:Bundle[mParcelledData.dataSize=56]
07-28 03:00:42.387  4877  5127 D SimStateHelper: slot:1, lock state:Bundle[mParcelledData.dataSize=56]
07-28 03:00:42.387  4877  5127 D SimStateHelper: needDisableMenu: slot1State=-1; slot2State=-1
07-28 03:00:42.387  4877  5127 D SimStateHelper: needDisableMenu:false
07-28 03:00:42.388  4877  5127 I SystemUi--QuickSettings: Tile.OplusCellularTile-->updateCarrierText: dialog not showing, ignore
07-28 03:00:42.388  4877  5127 D SimStateHelper: slot:0, lock state:Bundle[mParcelledData.dataSize=56]
07-28 03:00:42.388  4877  5127 D SimStateHelper: slot:1, lock state:Bundle[mParcelledData.dataSize=56]
07-28 03:00:42.388  4877  5127 D SimStateHelper: needDisableMenu: slot1State=-1; slot2State=-1
07-28 03:00:42.388  4877  5127 D SimStateHelper: needDisableMenu:false
07-28 03:00:42.388  3392  5401 W BestClock: java.time.DateTimeException: Missing network time fix
07-28 03:00:42.389  4944  4944 V OplusCustomizeCacheManager: queryCache name: sys.cache.common_customize_cache18016 param: null
07-28 03:00:42.389  4944  4944 V OplusCustomizeCacheManager: queryCache name: sys.cache.common_customize_cache18013 param: null
07-28 03:00:42.389  4944  4944 V OplusCustomizeCacheManager: queryCache name: sys.cache.common_customize_cache18014 param: null
07-28 03:00:42.389  4944  4944 V OplusCustomizeCacheManager: queryCache name: sys.cache.common_customize_cache18017 param: Bundle[{SETTING=BLOCK, BUSINESS=NCT-DATA}]
07-28 03:00:42.389  4944  4944 V OplusCustomizeCacheManager: queryCache name: sys.cache.common_customize_cache18016 param: null
07-28 03:00:42.389  4944  4944 V OplusCustomizeCacheManager: queryCache name: sys.cache.common_customize_cache18013 param: null
07-28 03:00:42.389  4944  4944 V OplusCustomizeCacheManager: queryCache name: sys.cache.common_customize_cache18014 param: null
07-28 03:00:42.389  4944  4944 V OplusCustomizeCacheManager: queryCache name: sys.cache.common_customize_cache18017 param: Bundle[{SETTING=BLOCK, BUSINESS=NCT-DATA}]
07-28 03:00:42.389  3392  5401 W BestClock: java.time.DateTimeException: Missing network time fix
07-28 03:00:42.389  5859  5859 D CellBroadcastReceiver: onReceive Intent { act=android.intent.action.SERVICE_STATE flg=0x1000010 cmp=com.android.cellbroadcastreceiver.module/com.android.cellbroadcastreceiver.CellBroadcastReceiver (has extras) }
07-28 03:00:42.389  5859  5859 D CellBroadcastReceiver: onServiceStateChanged, ss: 1
07-28 03:00:42.389  5859  5859 D CellBroadcastReceiver: networkOperator: 
07-28 03:00:42.390  5859 13078 D CellBroadcastConfigService: Enable CellBroadcast on sub 1
07-28 03:00:42.390  4944  4944 I Telephony: y0: onServiceStateChanged: newState=1, mServiceState=3
07-28 03:00:42.390  4944  4944 I Telephony: isRttCurrentlySupported -- regular acct, hasVoiceAvailability: false
07-28 03:00:42.390  4944  4944 I Telephony:  isRttSupported: false
07-28 03:00:42.390  4944  4944 I Telephony:  isUserRttSettingOn: false
07-28 03:00:42.390  4944  4944 I Telephony:  alwaysAllowWhileRoaming: false
07-28 03:00:42.390  4944  4944 I Telephony:  isRoaming: false
07-28 03:00:42.390  4944  4944 I Telephony:  isOnWfc: false
07-28 03:00:42.390  4877  5787 V OplusCustomizeCacheManager: queryCache name: sys.cache.common_customize_cache18014 param: null
07-28 03:00:42.391  4877  5787 V OplusCustomizeCacheManager: queryCache name: sys.cache.common_customize_cache18017 param: Bundle[{SETTING=BLOCK, BUSINESS=NCT-DATA}]
07-28 03:00:42.391  4877  5787 V OplusCustomizeCacheManager: queryCache name: sys.cache.common_customize_cache18013 param: null
07-28 03:00:42.392  4944  4944 D InternationalRoamingNotification: init
07-28 03:00:42.392  5205  5329 D VirtualCommService2: isSupport. true, true
07-28 03:00:42.392  4944  4944 D OplusVirtualCommUtils: isVirtualCommSupport, vRet: true
07-28 03:00:42.392  4944  4944 I OplusVirtualCommUtils: getVirtualCommDeviceType, vRet: 1
07-28 03:00:42.392  4944  4944 I OplusVirtualCommUtils: isConsumerDeviceType, deviceType: 1
07-28 03:00:42.393  4944  4944 D InternationalRoamingNotification: do not createRoamingNotification for invalid Network
07-28 03:00:42.393  4944  5878 D CellBroadcastConfigTracker-0: Failed to set cdma config
07-28 03:00:42.393  5205  5205 D SubsysEventListenerManager-SubsysTelephonyCallback[0]: onCellInfoChanged
07-28 03:00:42.393  5859  5950 E CellBroadcastConfigService: fails to setCellBroadcastRanges, result = 2
07-28 03:00:42.394  4944  4944 D OplusTelephonyController: onSignalStrengthChanged: SignalStrength=SignalStrength:{mCdma=CellSignalStrengthCdma: cdmaDbm=2147483647 cdmaEcio=2147483647 evdoDbm=2147483647 evdoEcio=2147483647 evdoSnr=2147483647 level=0,mGsm=CellSignalStrengthGsm: rssi=2147483647 ber=2147483647 mTa=2147483647 mLevel=0,mWcdma=CellSignalStrengthWcdma: ss=2147483647 ber=2147483647 rscp=2147483647 ecno=2147483647 level=0,mTdscdma=CellSignalStrengthTdscdma: rssi=2147483647 ber=2147483647 rscp=2147483647 level=0,mLte=CellSignalStrengthLte: rssi=2147483647 rsrp=2147483647 rsrq=2147483647 rssnr=2147483647 cqiTableIndex=2147483647 cqi=2147483647 ta=2147483647 level=0 parametersUseForLevel=0,mNr=CellSignalStrengthNr:{ csiRsrp = 2147483647 csiRsrq = 2147483647 csiCqiTableIndex = 2147483647 csiCqiReport = [] ssRsrp = 2147483647 ssRsrq = 2147483647 ssSinr = 2147483647 level = 0 parametersUseForLevel = 0 timingAdvance = 2147483647 },primary=CellSignalStrengthLte}
07-28 03:00:42.394  5205  5205 D SubsysEventListenerManager-SubsysTelephonyCallback[0]: onSignalStrengthsChanged
07-28 03:00:42.395  1944  1979 I [UAH_CLIENT]: UahRelease, handle:42
07-28 03:00:42.396  3392  4838 W BestClock: java.time.DateTimeException: Missing network time fix
07-28 03:00:42.397  3392  4241 W BestClock: java.time.DateTimeException: Missing network time fix
07-28 03:00:42.397  4877  5787 V OplusCustomizeCacheManager: queryCache name: sys.cache.common_customize_cache18014 param: null
07-28 03:00:42.397  4877  5787 V OplusCustomizeCacheManager: queryCache name: sys.cache.common_customize_cache18017 param: Bundle[{SETTING=BLOCK, BUSINESS=NCT-DATA}]
07-28 03:00:42.397  4877  5787 V OplusCustomizeCacheManager: queryCache name: sys.cache.common_customize_cache18013 param: null
07-28 03:00:42.402  4877  4877 I SystemUi--QuickSettings: QsLottieUtils-->getLottieAnimFile : qs/qs_airplane_lottie_active_sep_dual_light.json
07-28 03:00:42.403  4877  4877 I SystemUi--QuickSettings: TemporarilyInfoManager-->[trigger] start from show
07-28 03:00:42.403  4877  4877 I SystemUi--QuickSettings: TemporarilyInfoManager-->[getLayoutParams] translationY=102.07422, translationX=0, width=1080, height=228, isLandscape=false, parent=androidx.constraintlayout.widget.ConstraintLayout{3cf9dcd V.E...... ......ID 0,0-1080,2376 #7f0a09f6 app:id/qs_container_area_layout alpha=1.0 viewInfo = }
07-28 03:00:42.403  4877  4877 I SystemUi--Common: ViewExt-->[startAlongWithPosition] com.oplus.systemui.qs.base.temporarilyinfo.TemporarilyInfoManager$createViewToParent$1{3d7cb2f V.ED..... ......ID 0,0-0,0 #7f0a0cb6 app:id/temporarily_info_view alpha=0.0 viewInfo = } alongWith android.widget.RelativeLayout{824053c V.E...... ........ 0,102-1080,222 #7f0a0a2e app:id/qs_status_bar_container_layout alpha=1.0 viewInfo = }
07-28 03:00:42.403  4877  4877 I SystemUi--QuickSettings: TemporarilyInfoManager-->[showElement] com.oplus.systemui.qs.base.temporarilyinfo.TemporarilyInfoManager$createViewToParent$1{3d7cb2f V.ED..... ......ID 0,0-0,0 #7f0a0cb6 app:id/temporarily_info_view alpha=0.0 viewInfo = } for Element(text=Airplane mode off, groupId=Airplane mode, style=InfoShowStyle(textSize=16.0, sizeUnit=2, textColor=-1, showDuration=1500, alongWithReplacedView=true))
07-28 03:00:42.403  4877  4877 I SystemUi--QuickSettings: TemporarilyInfoManager-->[animateShow] com.oplus.systemui.qs.base.temporarilyinfo.TemporarilyInfoManager$createViewToParent$1{3d7cb2f VFED..C.. ......ID 0,0-0,0 #7f0a0cb6 app:id/temporarily_info_view alpha=0.0 viewInfo = } start
07-28 03:00:42.423  9069 10275 W metis_v2_KnowledgeManager: Fire: isEmergency is true  debugFireMode = false [7f0000011753686001184406307348|p_7348_273952b@1|p_9069_58f5661@0|com.oplus.metis] [base|com.oplus.metis|1.5.5-f48228a]
07-28 03:00:42.423  9069 10275 W metis_v2_OifaceBindUtils: bindTask [7f0000011753686001184406307348|p_7348_273952b@1|p_9069_58f5661@0|com.oplus.metis]
07-28 03:00:42.423  9069 10275 W metis_v2_OifaceBindUtils: call connectOifaceService [7f0000011753686001184406307348|p_7348_273952b@1|p_9069_58f5661@0|com.oplus.metis]
07-28 03:00:42.424  9069 10275 I metis_v2_KnowledgeManager: panta-sugg-Fire: count=1 [7f0000011753686001184406307348|p_7348_273952b@1|p_9069_58f5661@0|com.oplus.metis]
07-28 03:00:42.424  6584  6650 E oiface  : sched_setaffinity failed
07-28 03:00:42.424  6584  6634 E oiface  : directSetTask: get cpuset path failed
07-28 03:00:42.426  9069 10275 I System.out: 'park_precondition_home_02' 
07-28 03:00:42.426  9069 10275 I System.out: 'park_precondition_company_02' 
07-28 03:00:42.426  9069 10275 I System.out: 'UBIQUITOUS_SERVICE#assistant_screen#NOT_AT_HOME_301' 
07-28 03:00:42.426  9069 10275 I System.out: 'UBIQUITOUS_SERVICE#assistant_screen#NOT_AT_OFFICE_401' 
07-28 03:00:42.427  9069 10275 I System.out: 'policy:NEAR_SUBWAY_BUS_STATION_2x4' 
07-28 03:00:42.430  9069 10275 W metis_v2_TimeDurationCompare: [com.oplus.metis#UBIQUITOUS_SERVICE#scene#tips#TipScene_EXIT] 'timestamp' is not literal. [7f0000011753686001184406307348|p_7348_273952b@1|p_9069_58f5661@0|com.oplus.metis]
07-28 03:00:42.431  9069 10275 D SceneIntentPublisher: headAction: pkg is com.oplus.metis and simpleRuleName is UBIQUITOUS_SERVICE#secne#activity_coloros_reminder_tips
07-28 03:00:42.436  3398  3906 D QmiClient: qmiServiceEventCallback recv msg id 1106
07-28 03:00:42.436  3398  3906 D QmiVsClient: enter - onQmiServiceEventCallback msgId 1106
07-28 03:00:42.436  3398  3417 D VsProxy : handleMessage msg is 2425
07-28 03:00:42.436  3398  3417 D VsProxy : handleServingCellInfoChangeInd for instance 0
07-28 03:00:42.436  3398  3398 D RadioServiceIndication: radioServingCellInfoInd
07-28 03:00:42.436  3398  3398 D RadioServiceIndication: radioServingCellInfoInd
07-28 03:00:42.436  5205  5329 D SubsysRadioIndication[0]: radioServingCellInfoInd
07-28 03:00:42.437  5205  5205 D NetworkService[0]: handleMessage what:1003
07-28 03:00:42.437  5205  5329 D SubsysRadioIndication[0]: radioServingCellInfoInd
07-28 03:00:42.437  5205  5205 D NetworkService[0]: handleMessage what:1003
07-28 03:00:42.438  5014  5532 D RadioEvent: onCellInfoChanged slotId=0
07-28 03:00:42.438  5014  5532 D RadioEvent: onCellInfoChanged slotId=0
07-28 03:00:42.440  9069 10275 D SceneIntentPublisher: headAction: pkg is com.oplus.metis and simpleRuleName is UBIQUITOUS_SERVICE#secne#activity_coloros_reminder_tips
07-28 03:00:42.441  3398  3903 D QmiClient: qmiServiceEventCallback recv msg id 78
07-28 03:00:42.441  3398  3903 D QmiNasClient: enter : onQmiServiceEventCallback msgId 78
07-28 03:00:42.441  3398  3903 D QmiNasClientEvent: qmiNasClientNotifySysInfoEvent lte_ims_voice_avail_valid 0
07-28 03:00:42.441  3398  3426 D NasProxy: handleMessage msg is 2101
07-28 03:00:42.441  3398  3426 D NasProxy: handleNasSysInfoEvent for instance 0
07-28 03:00:42.441  4877  4877 I SystemUi--QuickSettings: QsLottieUtils-->getLottieAnimFile : qs/qs_cellular_lottie_active_sep_dual_light.json
07-28 03:00:42.441  5205  5329 D SubsysRadioIndication[0]: radioNr5gFreqTypeIndication, nr5gFreqType = 0
07-28 03:00:42.441  5205  5205 D QtiCellularNetwork: handleNr5gFreqTypeChanged 0, nr5gFreqType = 0
07-28 03:00:42.442  5112  7308 I QImsService: ImsRadioIndicationAidl : onServiceDomainChanged()[SUB0]
07-28 03:00:42.442  5112  7308 I QImsService: ImsSenderRxr : [UNSL]< UNSOL_SERVICE_DOMAIN_CHANGED 0[SUB0]
07-28 03:00:42.442  3398  3903 D QmiClient: qmiServiceEventCallback recv msg id 276
07-28 03:00:42.442  3398  3903 D QmiNasClient: enter : onQmiServiceEventCallback msgId 276
07-28 03:00:42.442  3398  3903 D QmiNasClientEvent: qmiNasClientAccessBarringStatusEvent - RADIO_EVENT_NAS_ACCESS_BARRING_STATUS_IND
07-28 03:00:42.442  3398  3426 D NasProxy: handleMessage msg is 2104
07-28 03:00:42.442  5112  5112 I QImsService: ImsRegistrationController : Message received: what = 5
07-28 03:00:42.442  5112  5112 I QImsService: ImsRegistrationController : handleSrvDomainChanged
07-28 03:00:42.442  3399  3904 D QmiClient: qmiServiceEventCallback recv msg id 276
07-28 03:00:42.442  3399  3904 D QmiNasClient: enter : onQmiServiceEventCallback msgId 276
07-28 03:00:42.442  3399  3904 D QmiNasClientEvent: qmiNasClientAccessBarringStatusEvent - RADIO_EVENT_NAS_ACCESS_BARRING_STATUS_IND
07-28 03:00:42.442  3399  3446 D NasProxy: handleMessage msg is 2104
07-28 03:00:42.444  9069 10275 I System.out: 'UBIQUITOUS_SERVICE#assistant_screen#NOT_AT_HOME_301' 
07-28 03:00:42.444  5141  6110 D IWlanJni: getDataRegistrationState start
07-28 03:00:42.444  9069 10275 I System.out: 'tempPropertyForGuideStatus' 
07-28 03:00:42.445  5141  6161 D IWlanJni: new aidl event arrived
07-28 03:00:42.445  5141  6161 D IWlanJni: handleEvent 10
07-28 03:00:42.445  5141  6161 D IWlanJni: isThreadAttached start
07-28 03:00:42.445  5141  6161 D IWlanJni: jni detached
07-28 03:00:42.445  5141  6161 D IWlanJni: jni attached
