07-29 20:11:51.057  8442  9599 E metis_v2_JenaHandlerManager: local thread match [7f0000011753834269549169307338|p_7338_faa1ea2@1|p_8442_17206c4@0|com.oplus.metis]
07-29 20:11:51.057  8442  9599 E metis_v2_JenaHandlerManager: local thread match [7f0000011753834269549169307338|p_7338_faa1ea2@1|p_8442_17206c4@0|com.oplus.metis]
07-29 20:11:51.057  8442  9599 E metis_v2_JenaHandlerManager: local thread match [7f0000011753834269549169307338|p_7338_faa1ea2@1|p_8442_17206c4@0|com.oplus.metis]
07-29 20:11:51.057  8442  9599 E metis_v2_JenaHandlerManager: local thread match [7f0000011753834269549169307338|p_7338_faa1ea2@1|p_8442_17206c4@0|com.oplus.metis]
07-29 20:11:51.057  8442  9599 E metis_v2_JenaHandlerManager: local thread match [7f0000011753834269549169307338|p_7338_faa1ea2@1|p_8442_17206c4@0|com.oplus.metis]
07-29 20:11:51.057  8442  9599 E metis_v2_JenaHandlerManager: local thread match [7f0000011753834269549169307338|p_7338_faa1ea2@1|p_8442_17206c4@0|com.oplus.metis]
07-29 20:11:51.057  8442  9599 E metis_v2_JenaHandlerManager: local thread match [7f0000011753834269549169307338|p_7338_faa1ea2@1|p_8442_17206c4@0|com.oplus.metis]
07-29 20:11:51.057  8442  9599 E metis_v2_JenaHandlerManager: local thread match [7f0000011753834269549169307338|p_7338_faa1ea2@1|p_8442_17206c4@0|com.oplus.metis]
07-29 20:11:51.057  8442  9599 E metis_v2_JenaHandlerManager: local thread match [7f0000011753834269549169307338|p_7338_faa1ea2@1|p_8442_17206c4@0|com.oplus.metis]
07-29 20:11:51.057  8442  9599 E metis_v2_JenaHandlerManager: local thread match [7f0000011753834269549169307338|p_7338_faa1ea2@1|p_8442_17206c4@0|com.oplus.metis]
07-29 20:11:51.057  8442  9599 E metis_v2_JenaHandlerManager: local thread match [7f0000011753834269549169307338|p_7338_faa1ea2@1|p_8442_17206c4@0|com.oplus.metis]
07-29 20:11:51.057  8442  9599 E metis_v2_JenaHandlerManager: local thread match [7f0000011753834269549169307338|p_7338_faa1ea2@1|p_8442_17206c4@0|com.oplus.metis]
07-29 20:11:51.057  8442  9599 E metis_v2_JenaHandlerManager: local thread match [7f0000011753834269549169307338|p_7338_faa1ea2@1|p_8442_17206c4@0|com.oplus.metis]
07-29 20:11:51.057  8442  9599 E metis_v2_JenaHandlerManager: local thread match [7f0000011753834269549169307338|p_7338_faa1ea2@1|p_8442_17206c4@0|com.oplus.metis]
07-29 20:11:51.057  8442  9599 E metis_v2_JenaHandlerManager: local thread match [7f0000011753834269549169307338|p_7338_faa1ea2@1|p_8442_17206c4@0|com.oplus.metis]
07-29 20:11:51.057  8442  9599 E metis_v2_JenaHandlerManager: local thread match [7f0000011753834269549169307338|p_7338_faa1ea2@1|p_8442_17206c4@0|com.oplus.metis]
07-29 20:11:51.057  8442  9599 E metis_v2_JenaHandlerManager: local thread match [7f0000011753834269549169307338|p_7338_faa1ea2@1|p_8442_17206c4@0|com.oplus.metis]
07-29 20:11:51.057  8442  9599 E metis_v2_JenaHandlerManager: local thread match [7f0000011753834269549169307338|p_7338_faa1ea2@1|p_8442_17206c4@0|com.oplus.metis]
07-29 20:11:51.057  8442  9599 E metis_v2_JenaHandlerManager: local thread match [7f0000011753834269549169307338|p_7338_faa1ea2@1|p_8442_17206c4@0|com.oplus.metis]
07-29 20:11:51.057  8442  9599 E metis_v2_JenaHandlerManager: local thread match [7f0000011753834269549169307338|p_7338_faa1ea2@1|p_8442_17206c4@0|com.oplus.metis]
07-29 20:11:51.057  8442  9599 E metis_v2_JenaHandlerManager: local thread match [7f0000011753834269549169307338|p_7338_faa1ea2@1|p_8442_17206c4@0|com.oplus.metis]
07-29 20:11:51.057  8442  9599 E metis_v2_JenaHandlerManager: local thread match [7f0000011753834269549169307338|p_7338_faa1ea2@1|p_8442_17206c4@0|com.oplus.metis]
07-29 20:11:51.057  8442  9599 E metis_v2_JenaHandlerManager: local thread match [7f0000011753834269549169307338|p_7338_faa1ea2@1|p_8442_17206c4@0|com.oplus.metis]
07-29 20:11:51.057  8442  9599 E metis_v2_JenaHandlerManager: local thread match [7f0000011753834269549169307338|p_7338_faa1ea2@1|p_8442_17206c4@0|com.oplus.metis]
07-29 20:11:51.057  8442  9599 E metis_v2_JenaHandlerManager: local thread match [7f0000011753834269549169307338|p_7338_faa1ea2@1|p_8442_17206c4@0|com.oplus.metis]
07-29 20:11:51.057  8442  9599 E metis_v2_JenaHandlerManager: local thread match [7f0000011753834269549169307338|p_7338_faa1ea2@1|p_8442_17206c4@0|com.oplus.metis]
07-29 20:11:51.057  8442  9599 E metis_v2_JenaHandlerManager: local thread match [7f0000011753834269549169307338|p_7338_faa1ea2@1|p_8442_17206c4@0|com.oplus.metis]
07-29 20:11:51.057  8442  9599 E metis_v2_JenaHandlerManager: local thread match [7f0000011753834269549169307338|p_7338_faa1ea2@1|p_8442_17206c4@0|com.oplus.metis]
07-29 20:11:51.057  8442  9599 E metis_v2_JenaHandlerManager: local thread match [7f0000011753834269549169307338|p_7338_faa1ea2@1|p_8442_17206c4@0|com.oplus.metis]
07-29 20:11:51.057  8442  9599 E metis_v2_JenaHandlerManager: local thread match [7f0000011753834269549169307338|p_7338_faa1ea2@1|p_8442_17206c4@0|com.oplus.metis]
07-29 20:11:51.057  8442  9599 E metis_v2_JenaHandlerManager: local thread match [7f0000011753834269549169307338|p_7338_faa1ea2@1|p_8442_17206c4@0|com.oplus.metis]
07-29 20:11:51.057  8442  9599 E metis_v2_JenaHandlerManager: local thread match [7f0000011753834269549169307338|p_7338_faa1ea2@1|p_8442_17206c4@0|com.oplus.metis]
07-29 20:11:51.057  8442  9599 E metis_v2_JenaHandlerManager: local thread match [7f0000011753834269549169307338|p_7338_faa1ea2@1|p_8442_17206c4@0|com.oplus.metis]
07-29 20:11:51.057  8442  9599 E metis_v2_JenaHandlerManager: local thread match [7f0000011753834269549169307338|p_7338_faa1ea2@1|p_8442_17206c4@0|com.oplus.metis]
07-29 20:11:51.057  8442  9599 E metis_v2_JenaHandlerManager: local thread match [7f0000011753834269549169307338|p_7338_faa1ea2@1|p_8442_17206c4@0|com.oplus.metis]
07-29 20:11:51.057  8442  9599 E metis_v2_JenaHandlerManager: local thread match [7f0000011753834269549169307338|p_7338_faa1ea2@1|p_8442_17206c4@0|com.oplus.metis]
07-29 20:11:51.057  8442  9599 E metis_v2_JenaHandlerManager: local thread match [7f0000011753834269549169307338|p_7338_faa1ea2@1|p_8442_17206c4@0|com.oplus.metis]
07-29 20:11:51.057  8442  9599 E metis_v2_JenaHandlerManager: local thread match [7f0000011753834269549169307338|p_7338_faa1ea2@1|p_8442_17206c4@0|com.oplus.metis]
07-29 20:11:51.057  8442  9599 E metis_v2_JenaHandlerManager: local thread match [7f0000011753834269549169307338|p_7338_faa1ea2@1|p_8442_17206c4@0|com.oplus.metis]
07-29 20:11:51.057  8442  9599 E metis_v2_JenaHandlerManager: local thread match [7f0000011753834269549169307338|p_7338_faa1ea2@1|p_8442_17206c4@0|com.oplus.metis]
07-29 20:11:51.057  8442  9599 E metis_v2_JenaHandlerManager: local thread match [7f0000011753834269549169307338|p_7338_faa1ea2@1|p_8442_17206c4@0|com.oplus.metis]
07-29 20:11:51.057  8442  9599 E metis_v2_JenaHandlerManager: local thread match [7f0000011753834269549169307338|p_7338_faa1ea2@1|p_8442_17206c4@0|com.oplus.metis]
07-29 20:11:51.057  8442  9599 E metis_v2_JenaHandlerManager: local thread match [7f0000011753834269549169307338|p_7338_faa1ea2@1|p_8442_17206c4@0|com.oplus.metis]
07-29 20:11:51.057  8442  9599 E metis_v2_JenaHandlerManager: local thread match [7f0000011753834269549169307338|p_7338_faa1ea2@1|p_8442_17206c4@0|com.oplus.metis]
07-29 20:11:51.058  8442  9599 E metis_v2_JenaHandlerManager: local thread match [7f0000011753834269549169307338|p_7338_faa1ea2@1|p_8442_17206c4@0|com.oplus.metis]
07-29 20:11:51.058  8442  9599 E metis_v2_JenaHandlerManager: local thread match [7f0000011753834269549169307338|p_7338_faa1ea2@1|p_8442_17206c4@0|com.oplus.metis]
07-29 20:11:51.058  8442  9599 E metis_v2_JenaHandlerManager: local thread match [7f0000011753834269549169307338|p_7338_faa1ea2@1|p_8442_17206c4@0|com.oplus.metis]
07-29 20:11:51.058  8442  9599 E metis_v2_JenaHandlerManager: local thread match [7f0000011753834269549169307338|p_7338_faa1ea2@1|p_8442_17206c4@0|com.oplus.metis]
07-29 20:11:51.058  8442  9599 E metis_v2_JenaHandlerManager: local thread match [7f0000011753834269549169307338|p_7338_faa1ea2@1|p_8442_17206c4@0|com.oplus.metis]
07-29 20:11:51.058  8442  9599 E metis_v2_JenaHandlerManager: local thread match [7f0000011753834269549169307338|p_7338_faa1ea2@1|p_8442_17206c4@0|com.oplus.metis]
07-29 20:11:51.058  8442  9599 E metis_v2_JenaHandlerManager: local thread match [7f0000011753834269549169307338|p_7338_faa1ea2@1|p_8442_17206c4@0|com.oplus.metis]
07-29 20:11:51.058  8442  9599 E metis_v2_JenaHandlerManager: local thread match [7f0000011753834269549169307338|p_7338_faa1ea2@1|p_8442_17206c4@0|com.oplus.metis]
07-29 20:11:51.058  8442  9599 E metis_v2_JenaHandlerManager: local thread match [7f0000011753834269549169307338|p_7338_faa1ea2@1|p_8442_17206c4@0|com.oplus.metis]
07-29 20:11:51.058  8442  9599 E metis_v2_JenaHandlerManager: local thread match [7f0000011753834269549169307338|p_7338_faa1ea2@1|p_8442_17206c4@0|com.oplus.metis]
07-29 20:11:51.058  8442  9599 E metis_v2_JenaHandlerManager: local thread match [7f0000011753834269549169307338|p_7338_faa1ea2@1|p_8442_17206c4@0|com.oplus.metis]
07-29 20:11:51.058  8442  9599 E metis_v2_JenaHandlerManager: local thread match [7f0000011753834269549169307338|p_7338_faa1ea2@1|p_8442_17206c4@0|com.oplus.metis]
07-29 20:11:51.058  8442  9599 E metis_v2_JenaHandlerManager: local thread match [7f0000011753834269549169307338|p_7338_faa1ea2@1|p_8442_17206c4@0|com.oplus.metis]
07-29 20:11:51.058  8442  9599 E metis_v2_JenaHandlerManager: local thread match [7f0000011753834269549169307338|p_7338_faa1ea2@1|p_8442_17206c4@0|com.oplus.metis]
07-29 20:11:51.058  8442  9599 E metis_v2_JenaHandlerManager: local thread match [7f0000011753834269549169307338|p_7338_faa1ea2@1|p_8442_17206c4@0|com.oplus.metis]
07-29 20:11:51.058  8442  9599 E metis_v2_JenaHandlerManager: local thread match [7f0000011753834269549169307338|p_7338_faa1ea2@1|p_8442_17206c4@0|com.oplus.metis]
07-29 20:11:51.058  8442  9599 E metis_v2_JenaHandlerManager: local thread match [7f0000011753834269549169307338|p_7338_faa1ea2@1|p_8442_17206c4@0|com.oplus.metis]
07-29 20:11:51.058  8442  9599 E metis_v2_JenaHandlerManager: local thread match [7f0000011753834269549169307338|p_7338_faa1ea2@1|p_8442_17206c4@0|com.oplus.metis]
07-29 20:11:51.058  8442  9599 E metis_v2_JenaHandlerManager: local thread match [7f0000011753834269549169307338|p_7338_faa1ea2@1|p_8442_17206c4@0|com.oplus.metis]
07-29 20:11:51.058  8442  9599 E metis_v2_JenaHandlerManager: local thread match [7f0000011753834269549169307338|p_7338_faa1ea2@1|p_8442_17206c4@0|com.oplus.metis]
07-29 20:11:51.058  8442  9599 E metis_v2_JenaHandlerManager: local thread match [7f0000011753834269549169307338|p_7338_faa1ea2@1|p_8442_17206c4@0|com.oplus.metis]
07-29 20:11:51.058  8442  9599 E metis_v2_JenaHandlerManager: local thread match [7f0000011753834269549169307338|p_7338_faa1ea2@1|p_8442_17206c4@0|com.oplus.metis]
07-29 20:11:51.058  8442  9599 E metis_v2_JenaHandlerManager: local thread match [7f0000011753834269549169307338|p_7338_faa1ea2@1|p_8442_17206c4@0|com.oplus.metis]
07-29 20:11:51.058  8442  9599 E metis_v2_JenaHandlerManager: local thread match [7f0000011753834269549169307338|p_7338_faa1ea2@1|p_8442_17206c4@0|com.oplus.metis]
07-29 20:11:51.058  8442  9599 E metis_v2_JenaHandlerManager: local thread match [7f0000011753834269549169307338|p_7338_faa1ea2@1|p_8442_17206c4@0|com.oplus.metis]
07-29 20:11:51.058  8442  9599 E metis_v2_JenaHandlerManager: local thread match [7f0000011753834269549169307338|p_7338_faa1ea2@1|p_8442_17206c4@0|com.oplus.metis]
07-29 20:11:51.058  8442  9599 E metis_v2_JenaHandlerManager: local thread match [7f0000011753834269549169307338|p_7338_faa1ea2@1|p_8442_17206c4@0|com.oplus.metis]
07-29 20:11:51.058  8442  9599 E metis_v2_JenaHandlerManager: local thread match [7f0000011753834269549169307338|p_7338_faa1ea2@1|p_8442_17206c4@0|com.oplus.metis]
07-29 20:11:51.058  8442  9599 E metis_v2_JenaHandlerManager: local thread match [7f0000011753834269549169307338|p_7338_faa1ea2@1|p_8442_17206c4@0|com.oplus.metis]
07-29 20:11:51.058  8442  9599 E metis_v2_JenaHandlerManager: local thread match [7f0000011753834269549169307338|p_7338_faa1ea2@1|p_8442_17206c4@0|com.oplus.metis]
07-29 20:11:51.058  8442  9599 E metis_v2_JenaHandlerManager: local thread match [7f0000011753834269549169307338|p_7338_faa1ea2@1|p_8442_17206c4@0|com.oplus.metis]
07-29 20:11:51.058  8442  9599 E metis_v2_JenaHandlerManager: local thread match [7f0000011753834269549169307338|p_7338_faa1ea2@1|p_8442_17206c4@0|com.oplus.metis]
07-29 20:11:51.058  8442  9599 E metis_v2_JenaHandlerManager: local thread match [7f0000011753834269549169307338|p_7338_faa1ea2@1|p_8442_17206c4@0|com.oplus.metis]
07-29 20:11:51.058  8442  9599 E metis_v2_JenaHandlerManager: local thread match [7f0000011753834269549169307338|p_7338_faa1ea2@1|p_8442_17206c4@0|com.oplus.metis]
07-29 20:11:51.058  8442  9599 E metis_v2_JenaHandlerManager: local thread match [7f0000011753834269549169307338|p_7338_faa1ea2@1|p_8442_17206c4@0|com.oplus.metis]
07-29 20:11:51.058  8442  9599 E metis_v2_JenaHandlerManager: local thread match [7f0000011753834269549169307338|p_7338_faa1ea2@1|p_8442_17206c4@0|com.oplus.metis]
07-29 20:11:51.058  8442  9599 E metis_v2_JenaHandlerManager: local thread match [7f0000011753834269549169307338|p_7338_faa1ea2@1|p_8442_17206c4@0|com.oplus.metis]
07-29 20:11:51.058  8442  9599 E metis_v2_JenaHandlerManager: local thread match [7f0000011753834269549169307338|p_7338_faa1ea2@1|p_8442_17206c4@0|com.oplus.metis]
07-29 20:11:51.058  8442  9599 E metis_v2_JenaHandlerManager: local thread match [7f0000011753834269549169307338|p_7338_faa1ea2@1|p_8442_17206c4@0|com.oplus.metis]
07-29 20:11:51.058  8442  9599 E metis_v2_JenaHandlerManager: local thread match [7f0000011753834269549169307338|p_7338_faa1ea2@1|p_8442_17206c4@0|com.oplus.metis]
07-29 20:11:51.058  8442  9599 E metis_v2_JenaHandlerManager: local thread match [7f0000011753834269549169307338|p_7338_faa1ea2@1|p_8442_17206c4@0|com.oplus.metis]
07-29 20:11:51.058  8442  9599 E metis_v2_JenaHandlerManager: local thread match [7f0000011753834269549169307338|p_7338_faa1ea2@1|p_8442_17206c4@0|com.oplus.metis]
07-29 20:11:51.058  8442  9599 E metis_v2_JenaHandlerManager: local thread match [7f0000011753834269549169307338|p_7338_faa1ea2@1|p_8442_17206c4@0|com.oplus.metis]
07-29 20:11:51.058  8442  9599 E metis_v2_JenaHandlerManager: local thread match [7f0000011753834269549169307338|p_7338_faa1ea2@1|p_8442_17206c4@0|com.oplus.metis]
07-29 20:11:51.058  8442  9599 E metis_v2_JenaHandlerManager: local thread match [7f0000011753834269549169307338|p_7338_faa1ea2@1|p_8442_17206c4@0|com.oplus.metis]
07-29 20:11:51.058  8442  9599 E metis_v2_JenaHandlerManager: local thread match [7f0000011753834269549169307338|p_7338_faa1ea2@1|p_8442_17206c4@0|com.oplus.metis]
07-29 20:11:51.058  8442  9599 E metis_v2_JenaHandlerManager: local thread match [7f0000011753834269549169307338|p_7338_faa1ea2@1|p_8442_17206c4@0|com.oplus.metis]
07-29 20:11:51.058  8442  9599 E metis_v2_JenaHandlerManager: local thread match [7f0000011753834269549169307338|p_7338_faa1ea2@1|p_8442_17206c4@0|com.oplus.metis]
07-29 20:11:51.058  8442  9599 E metis_v2_JenaHandlerManager: local thread match [7f0000011753834269549169307338|p_7338_faa1ea2@1|p_8442_17206c4@0|com.oplus.metis]
07-29 20:11:51.058  8442  9599 E metis_v2_JenaHandlerManager: local thread match [7f0000011753834269549169307338|p_7338_faa1ea2@1|p_8442_17206c4@0|com.oplus.metis]
07-29 20:11:51.058  8442  9599 E metis_v2_JenaHandlerManager: local thread match [7f0000011753834269549169307338|p_7338_faa1ea2@1|p_8442_17206c4@0|com.oplus.metis]
07-29 20:11:51.058  8442  9599 E metis_v2_JenaHandlerManager: local thread match [7f0000011753834269549169307338|p_7338_faa1ea2@1|p_8442_17206c4@0|com.oplus.metis]
07-29 20:11:51.058  8442  9599 E metis_v2_JenaHandlerManager: local thread match [7f0000011753834269549169307338|p_7338_faa1ea2@1|p_8442_17206c4@0|com.oplus.metis]
07-29 20:11:51.058  8442  9599 E metis_v2_JenaHandlerManager: local thread match [7f0000011753834269549169307338|p_7338_faa1ea2@1|p_8442_17206c4@0|com.oplus.metis]
07-29 20:11:51.058  8442  9599 E metis_v2_JenaHandlerManager: local thread match [7f0000011753834269549169307338|p_7338_faa1ea2@1|p_8442_17206c4@0|com.oplus.metis]
07-29 20:11:51.058  8442  9599 E metis_v2_JenaHandlerManager: local thread match [7f0000011753834269549169307338|p_7338_faa1ea2@1|p_8442_17206c4@0|com.oplus.metis]
07-29 20:11:51.058  8442  9599 E metis_v2_JenaHandlerManager: local thread match [7f0000011753834269549169307338|p_7338_faa1ea2@1|p_8442_17206c4@0|com.oplus.metis]
07-29 20:11:51.058  8442  9599 E metis_v2_JenaHandlerManager: local thread match [7f0000011753834269549169307338|p_7338_faa1ea2@1|p_8442_17206c4@0|com.oplus.metis]
07-29 20:11:51.058  8442  9599 E metis_v2_JenaHandlerManager: local thread match [7f0000011753834269549169307338|p_7338_faa1ea2@1|p_8442_17206c4@0|com.oplus.metis]
07-29 20:11:51.058  8442  9599 E metis_v2_JenaHandlerManager: local thread match [7f0000011753834269549169307338|p_7338_faa1ea2@1|p_8442_17206c4@0|com.oplus.metis]
07-29 20:11:51.058  8442  9599 E metis_v2_JenaHandlerManager: local thread match [7f0000011753834269549169307338|p_7338_faa1ea2@1|p_8442_17206c4@0|com.oplus.metis]
07-29 20:11:51.058  8442  9599 E metis_v2_JenaHandlerManager: local thread match [7f0000011753834269549169307338|p_7338_faa1ea2@1|p_8442_17206c4@0|com.oplus.metis]
07-29 20:11:51.058  8442  9599 E metis_v2_JenaHandlerManager: local thread match [7f0000011753834269549169307338|p_7338_faa1ea2@1|p_8442_17206c4@0|com.oplus.metis]
07-29 20:11:51.058  8442  9599 E metis_v2_JenaHandlerManager: local thread match [7f0000011753834269549169307338|p_7338_faa1ea2@1|p_8442_17206c4@0|com.oplus.metis]
07-29 20:11:51.058  8442  9599 E metis_v2_JenaHandlerManager: local thread match [7f0000011753834269549169307338|p_7338_faa1ea2@1|p_8442_17206c4@0|com.oplus.metis]
07-29 20:11:51.058  8442  9599 E metis_v2_JenaHandlerManager: local thread match [7f0000011753834269549169307338|p_7338_faa1ea2@1|p_8442_17206c4@0|com.oplus.metis]
07-29 20:11:51.058  8442  9599 E metis_v2_JenaHandlerManager: local thread match [7f0000011753834269549169307338|p_7338_faa1ea2@1|p_8442_17206c4@0|com.oplus.metis]
07-29 20:11:51.058  8442  9599 E metis_v2_JenaHandlerManager: local thread match [7f0000011753834269549169307338|p_7338_faa1ea2@1|p_8442_17206c4@0|com.oplus.metis]
07-29 20:11:51.058  8442  9599 E metis_v2_JenaHandlerManager: local thread match [7f0000011753834269549169307338|p_7338_faa1ea2@1|p_8442_17206c4@0|com.oplus.metis]
07-29 20:11:51.058  8442  9599 E metis_v2_JenaHandlerManager: local thread match [7f0000011753834269549169307338|p_7338_faa1ea2@1|p_8442_17206c4@0|com.oplus.metis]
07-29 20:11:51.058  8442  9599 E metis_v2_JenaHandlerManager: local thread match [7f0000011753834269549169307338|p_7338_faa1ea2@1|p_8442_17206c4@0|com.oplus.metis]
07-29 20:11:51.058  8442  9599 E metis_v2_JenaHandlerManager: local thread match [7f0000011753834269549169307338|p_7338_faa1ea2@1|p_8442_17206c4@0|com.oplus.metis]
07-29 20:11:51.058  8442  9599 E metis_v2_JenaHandlerManager: local thread match [7f0000011753834269549169307338|p_7338_faa1ea2@1|p_8442_17206c4@0|com.oplus.metis]
07-29 20:11:51.058  8442  9599 E metis_v2_JenaHandlerManager: local thread match [7f0000011753834269549169307338|p_7338_faa1ea2@1|p_8442_17206c4@0|com.oplus.metis]
07-29 20:11:51.058  8442  9599 E metis_v2_JenaHandlerManager: local thread match [7f0000011753834269549169307338|p_7338_faa1ea2@1|p_8442_17206c4@0|com.oplus.metis]
07-29 20:11:51.058  8442  9599 E metis_v2_JenaHandlerManager: local thread match [7f0000011753834269549169307338|p_7338_faa1ea2@1|p_8442_17206c4@0|com.oplus.metis]
07-29 20:11:51.058  8442  9599 E metis_v2_JenaHandlerManager: local thread match [7f0000011753834269549169307338|p_7338_faa1ea2@1|p_8442_17206c4@0|com.oplus.metis]
07-29 20:11:51.058  8442  9599 E metis_v2_JenaHandlerManager: local thread match [7f0000011753834269549169307338|p_7338_faa1ea2@1|p_8442_17206c4@0|com.oplus.metis]
07-29 20:11:51.058  8442  9599 E metis_v2_JenaHandlerManager: local thread match [7f0000011753834269549169307338|p_7338_faa1ea2@1|p_8442_17206c4@0|com.oplus.metis]
07-29 20:11:51.058  8442  9599 E metis_v2_JenaHandlerManager: local thread match [7f0000011753834269549169307338|p_7338_faa1ea2@1|p_8442_17206c4@0|com.oplus.metis]
07-29 20:11:51.058  8442  9599 E metis_v2_JenaHandlerManager: local thread match [7f0000011753834269549169307338|p_7338_faa1ea2@1|p_8442_17206c4@0|com.oplus.metis]
07-29 20:11:51.058  8442  9599 E metis_v2_JenaHandlerManager: local thread match [7f0000011753834269549169307338|p_7338_faa1ea2@1|p_8442_17206c4@0|com.oplus.metis]
07-29 20:11:51.058  8442  9599 E metis_v2_JenaHandlerManager: local thread match [7f0000011753834269549169307338|p_7338_faa1ea2@1|p_8442_17206c4@0|com.oplus.metis]
07-29 20:11:51.058  8442  9599 E metis_v2_JenaHandlerManager: local thread match [7f0000011753834269549169307338|p_7338_faa1ea2@1|p_8442_17206c4@0|com.oplus.metis]
07-29 20:11:51.058  8442  9599 E metis_v2_JenaHandlerManager: local thread match [7f0000011753834269549169307338|p_7338_faa1ea2@1|p_8442_17206c4@0|com.oplus.metis]
07-29 20:11:51.058  8442  9599 E metis_v2_JenaHandlerManager: local thread match [7f0000011753834269549169307338|p_7338_faa1ea2@1|p_8442_17206c4@0|com.oplus.metis]
07-29 20:11:51.058  8442  9599 E metis_v2_JenaHandlerManager: local thread match [7f0000011753834269549169307338|p_7338_faa1ea2@1|p_8442_17206c4@0|com.oplus.metis]
07-29 20:11:51.058  8442  9599 E metis_v2_JenaHandlerManager: local thread match [7f0000011753834269549169307338|p_7338_faa1ea2@1|p_8442_17206c4@0|com.oplus.metis]
07-29 20:11:51.058  8442  9599 E metis_v2_JenaHandlerManager: local thread match [7f0000011753834269549169307338|p_7338_faa1ea2@1|p_8442_17206c4@0|com.oplus.metis]
07-29 20:11:51.058  8442  9599 E metis_v2_JenaHandlerManager: local thread match [7f0000011753834269549169307338|p_7338_faa1ea2@1|p_8442_17206c4@0|com.oplus.metis]
07-29 20:11:51.058  8442  9599 E metis_v2_JenaHandlerManager: local thread match [7f0000011753834269549169307338|p_7338_faa1ea2@1|p_8442_17206c4@0|com.oplus.metis]
07-29 20:11:51.058  8442  9599 E metis_v2_JenaHandlerManager: local thread match [7f0000011753834269549169307338|p_7338_faa1ea2@1|p_8442_17206c4@0|com.oplus.metis]
07-29 20:11:51.058  8442  9599 E metis_v2_JenaHandlerManager: local thread match [7f0000011753834269549169307338|p_7338_faa1ea2@1|p_8442_17206c4@0|com.oplus.metis]
07-29 20:11:51.058  8442  9599 E metis_v2_JenaHandlerManager: local thread match [7f0000011753834269549169307338|p_7338_faa1ea2@1|p_8442_17206c4@0|com.oplus.metis]
07-29 20:11:51.058  8442  9599 E metis_v2_JenaHandlerManager: local thread match [7f0000011753834269549169307338|p_7338_faa1ea2@1|p_8442_17206c4@0|com.oplus.metis]
07-29 20:11:51.058  8442  9599 E metis_v2_JenaHandlerManager: local thread match [7f0000011753834269549169307338|p_7338_faa1ea2@1|p_8442_17206c4@0|com.oplus.metis]
07-29 20:11:51.058  8442  9599 E metis_v2_JenaHandlerManager: local thread match [7f0000011753834269549169307338|p_7338_faa1ea2@1|p_8442_17206c4@0|com.oplus.metis]
07-29 20:11:51.058  8442  9599 E metis_v2_JenaHandlerManager: local thread match [7f0000011753834269549169307338|p_7338_faa1ea2@1|p_8442_17206c4@0|com.oplus.metis]
07-29 20:11:51.058  8442  9599 E metis_v2_JenaHandlerManager: local thread match [7f0000011753834269549169307338|p_7338_faa1ea2@1|p_8442_17206c4@0|com.oplus.metis]
07-29 20:11:51.058  8442  9599 E metis_v2_JenaHandlerManager: local thread match [7f0000011753834269549169307338|p_7338_faa1ea2@1|p_8442_17206c4@0|com.oplus.metis]
07-29 20:11:51.058  8442  9599 E metis_v2_JenaHandlerManager: local thread match [7f0000011753834269549169307338|p_7338_faa1ea2@1|p_8442_17206c4@0|com.oplus.metis]
07-29 20:11:51.058  8442  9599 E metis_v2_JenaHandlerManager: local thread match [7f0000011753834269549169307338|p_7338_faa1ea2@1|p_8442_17206c4@0|com.oplus.metis]
07-29 20:11:51.058  8442  9599 E metis_v2_JenaHandlerManager: local thread match [7f0000011753834269549169307338|p_7338_faa1ea2@1|p_8442_17206c4@0|com.oplus.metis]
07-29 20:11:51.058  8442  9599 E metis_v2_JenaHandlerManager: local thread match [7f0000011753834269549169307338|p_7338_faa1ea2@1|p_8442_17206c4@0|com.oplus.metis]
07-29 20:11:51.058  8442  9599 E metis_v2_JenaHandlerManager: local thread match [7f0000011753834269549169307338|p_7338_faa1ea2@1|p_8442_17206c4@0|com.oplus.metis]
07-29 20:11:51.058  8442  9599 E metis_v2_JenaHandlerManager: local thread match [7f0000011753834269549169307338|p_7338_faa1ea2@1|p_8442_17206c4@0|com.oplus.metis]
07-29 20:11:51.058  8442  9599 E metis_v2_JenaHandlerManager: local thread match [7f0000011753834269549169307338|p_7338_faa1ea2@1|p_8442_17206c4@0|com.oplus.metis]
07-29 20:11:51.058  8442  9599 E metis_v2_JenaHandlerManager: local thread match [7f0000011753834269549169307338|p_7338_faa1ea2@1|p_8442_17206c4@0|com.oplus.metis]
07-29 20:11:51.058  8442  9599 E metis_v2_JenaHandlerManager: local thread match [7f0000011753834269549169307338|p_7338_faa1ea2@1|p_8442_17206c4@0|com.oplus.metis]
07-29 20:11:51.058  8442  9599 E metis_v2_JenaHandlerManager: local thread match [7f0000011753834269549169307338|p_7338_faa1ea2@1|p_8442_17206c4@0|com.oplus.metis]
07-29 20:11:51.058  8442  9599 E metis_v2_JenaHandlerManager: local thread match [7f0000011753834269549169307338|p_7338_faa1ea2@1|p_8442_17206c4@0|com.oplus.metis]
07-29 20:11:51.058  8442  9599 E metis_v2_JenaHandlerManager: local thread match [7f0000011753834269549169307338|p_7338_faa1ea2@1|p_8442_17206c4@0|com.oplus.metis]
07-29 20:11:51.058  8442  9604 I DeepThinkerSDK: [APP] UserDomainManager: checkLabelAvailable:{"38":1}
07-29 20:11:51.058  8442  9599 E metis_v2_JenaHandlerManager: local thread match [7f0000011753834269549169307338|p_7338_faa1ea2@1|p_8442_17206c4@0|com.oplus.metis]
07-29 20:11:51.061  5241  5532 W [0]DCS  : Common Record event failed. DCS reject event: [appId=107501,logTag=10750101,eventId=metis_scene] . Pls check server config.
07-29 20:11:51.100  1973  1973 D SensorFeature: name=ssc_screenshot_info ,index = 22
07-29 20:11:51.100  1973  1973 D SensorFeature: write 29 bytes:60068536903,60118644038,164,0
07-29 20:11:51.102  1903  4445 I Dpps    : LtmSwState::SetParameter():144 ignore cmd 7 in state LtmOffState
07-29 20:11:51.105  1903  2176 I SDM     : DisplayBase::CommitThread: Received idle timeout, panel: cmd, timeout: 70000 us
07-29 20:11:51.192  2159  3145 D VRR [OTI]: handleIdle from 0 to 1
07-29 20:11:51.192  2159  3145 D VRR [OTI-HW]: isStateReady 1
07-29 20:11:51.192  2159  3145 D VRR [RefreshRateDirector]: requestRefreshRateByOti update [ oti-hw, {fps=60, modePtr={id=5, vsyncRate=60.00 Hz, peakRefreshRate=60.00 Hz}} ]
07-29 20:11:51.192  2159  3145 D VRR [RefreshRateDirector]: selectBestFrameRate DirectorMapOti [oti-hw, {fps=60, modePtr={id=5, vsyncRate=60.00 Hz, peakRefreshRate=60.00 Hz}}]
07-29 20:11:51.192  2159  3145 D VRR [RefreshRateDirector]: updateBestFrameRate [oti-hw, {fps=60, modePtr={id=5, vsyncRate=60.00 Hz, peakRefreshRate=60.00 Hz}}]
07-29 20:11:51.192  2159  3145 D SurfaceFlinger: VRR [SurfaceFlinger] setDesiredActiveMode: displayId: 4630946756802996883, renderRate: 60, vsyncRate: 60, event: 1
07-29 20:11:51.192  2159  3145 D DisplayModeController: setDesiredMode 4630946756802996883 {mode={fps=60.00 Hz, modePtr={id=5, vsyncRate=60.00 Hz, peakRefreshRate=60.00 Hz}}, emitEvent=true, force=false}
07-29 20:11:51.195  2159  2159 I DisplayModeController: hwc begin mode change to 16666666
07-29 20:11:51.195  2159  2159 I HWC2    : [0] setActiveConfigWithConstraints[5]
07-29 20:11:51.195  1903  3085 W SDM     : HWDeviceDRM::GetSupportedBitClkRate: Requested rate not supported: 1363200000
07-29 20:11:51.195  1903  3085 I SDM     : HWDeviceDRM::UpdateMixerAttributes: Mixer WxH 1440x3168-1 for Peripheral
07-29 20:11:51.196  1903  3085 I CwbService: CwbService::notifyConfigChange: display:0, config:5 size:4, sec.size():0
07-29 20:11:51.196  1903  3085 I CwbService: CwbService::notifyConfigChange: display: 0, config = 1
07-29 20:11:51.196  1903  3003 I CasManager: Fps changed from 120 to 60
07-29 20:11:51.196  1903  3003 I CasManager: Fps changed, not change bin, so trigger gain
07-29 20:11:51.196  1903  3003 W SDM     : DemuraIntfImpl::ProcessOemPluginGain: Thermal intf_ is nullptr 0, default to 25 degree
07-29 20:11:51.196  1903  3003 I SDM     : CasQcPlugIn::ProcessPerCompGainOppo: input params, mode:PWM, fps:60, dbv:1449
07-29 20:11:51.196  1903  3003 I SDM     : CasQcPlugIn::ProcessPerCompGainOppo: normalized bright_adj:1024, dbv:1449, bin_dbv:1083, 
07-29 20:11:51.196  1903  3003 I SDM     : CasQcPlugIn::ProcessPerCompGainOppo: gains print start =====================
07-29 20:11:51.196  1903  3003 I SDM     : CasQcPlugIn::ProcessPerCompGainOppo: gain --------------------------------
07-29 20:11:51.196  1903  3003 I SDM     : CasQcPlugIn::ProcessPerCompGainOppo: old: 0 0 0 57 90 322 1201 3072
07-29 20:11:51.196  1903  3003 I SDM     : CasQcPlugIn::ProcessPerCompGainOppo: new: 0 0 0 30 77 279 1040 3072
07-29 20:11:51.196  1903  3003 I SDM     : CasQcPlugIn::ProcessPerCompGainOppo: gain --------------------------------
07-29 20:11:51.196  1903  3003 I SDM     : CasQcPlugIn::ProcessPerCompGainOppo: old: 0 0 0 64 125 373 1336 3072
07-29 20:11:51.196  1903  3003 I SDM     : CasQcPlugIn::ProcessPerCompGainOppo: new: 0 0 0 34 99 373 1336 3072
07-29 20:11:51.196  1903  3003 I SDM     : CasQcPlugIn::ProcessPerCompGainOppo: gain --------------------------------
07-29 20:11:51.196  1903  3003 I SDM     : CasQcPlugIn::ProcessPerCompGainOppo: old: 0 0 0 42 83 323 1222 3072
07-29 20:11:51.196  1903  3003 I SDM     : CasQcPlugIn::ProcessPerCompGainOppo: new: 0 0 0 22 83 323 1222 3072
07-29 20:11:51.196  1903  3003 I SDM     : CasQcPlugIn::ProcessPerCompGainOppo: gains print end =======================
07-29 20:11:51.203  1903  3003 I SDM     : DemuraIntfImpl::StageAllData: Staged all data to Demura Driver!
07-29 20:11:51.203  1903  3003 I SDM     : HWPeripheralDRM::SetPanelFeature: Set Panel feature property 19
07-29 20:11:51.203  1903  3003 I SDM     : HWPeripheralDRM::SetPanelFeature: Set Panel feature property 7
07-29 20:11:51.203  1903  3003 I SDM     : DisplayBuiltIn::TriggerDemuraOemPlugIn: Trigger demura oem plugin success
07-29 20:11:51.205  1903  2176 I SDM     : DRMPanelFeatureMgr::ApplyDirtyFeature: Commited panel feature [enabled]: 20-272
07-29 20:11:51.205  1903  2176 I SDM     : DRMPanelFeatureMgr::ApplyDirtyFeature: Commited panel feature [enabled]: 8-271
07-29 20:11:51.235  2159  2159 D VRR-[OPlusRefreshRateSelector]: setCurrentModeId 5 type SM
07-29 20:11:51.236  2159  3145 D VRR [OTI-HW]: isStateReady 1
07-29 20:11:51.236  2159  3145 D VRR [OTI-HW]: keep rate.
07-29 20:11:51.237  3424  3584 I DisplayDeviceRepository: Display device changed render timings: "Built-in Screen", renderFrameRate=60.000004, presentationDeadlineNanos=16666666, appVsyncOffsetNanos=1000000
07-29 20:11:51.237  3424  3584 D LogicalDisplayExt: set displayInfo flag FLAG_ROTATES_WITH_CONTENT
07-29 20:11:51.238  3424  3584 D DisplayManagerServiceExtImpl: scheduleTraversalLocked intraversal=false
07-29 20:11:51.238  3424  3584 I DisplayManagerServiceExtImpl: handle logical display changed logicalDisplay=id=0,stack=0,content=true,displayInfo{stack=0,type=1,id=0,uId=local:4630946756802996883,state=ON,pkg=null}
07-29 20:11:51.239  3424  3584 D DisplayManagerService: Delivering display event: displayId=0, event=CHANGED
07-29 20:11:51.239  3424  3753 D BrightnessThermalClamper: Thermal status observer already started
07-29 20:11:51.239  3424  3753 D BrightnessPowerClamper: Power throttling data is missing for configuration data.
07-29 20:11:51.239  3424  3424 E OplusGestureAnimationManagerPolicy: mScreenHeight:2376 mScreenWidth:1080 mRotation:0
07-29 20:11:51.240  4661  4661 D CastManagerService: onDisplayChanged.
07-29 20:11:51.240  3424  3580 D OplusVFXScreenEffectFeature: notifySFCompatWindowStateChange entered false
07-29 20:11:51.241  3424  3580 D FSS_FoldScreenBlackCoverController: displayChangeToOn, dc:Display{#0 state=ON size=1080x2376 ROTATION_0}
07-29 20:11:51.241  2159  2474 D [PREVIEW]: SF obtain preview_adapter: 0
07-29 20:11:51.241  2159  2474 D [PREVIEW]: TabletPreviewAdapter::parallel world 0
07-29 20:11:51.241  2133  5409 D AudioFlingerExtImpl: AudioFlingerExtImpl oplusSetParameters: keyvalue screen_state=on
07-29 20:11:51.241  2133  5409 D DeviceHalAidl: 0xb40000702967c200 DeviceHalAidl::setParameters
07-29 20:11:51.241  2133  5409 D DeviceHalAidl: setParameters: parameters: "screen_state=on"
07-29 20:11:51.242  1861  3546 I PAL: ResourceManager: setParameter: 11480: Screen State:1
07-29 20:11:51.242  2133  5409 D DeviceHalAidl: 0xb40000702967c800 DeviceHalAidl::setParameters
07-29 20:11:51.242  2133  5409 D DeviceHalAidl: setParameters: parameters: "screen_state=on"
07-29 20:11:51.242  1861  1879 D AHAL_Module: updateScreenState: usb: 1
07-29 20:11:51.243  4829  4829 I SystemUi--Statusbar: DisplayRepository-->combining enabled=[0], connectedExternalDisplayIds=[], ignored=[]
07-29 20:11:51.243  2133  5409 D DeviceHalAidl: 0xb40000702967ce00 DeviceHalAidl::setParameters
07-29 20:11:51.243  2133  5409 D DeviceHalAidl: setParameters: parameters: "screen_state=on"
07-29 20:11:51.243  1861  3546 D AHAL_Module: updateScreenState: r_submix: 1
07-29 20:11:51.243  3424  3580 D DisplayManagerService: performTraversalInternal pendingTraversal
07-29 20:11:51.243  3424  3580 D DisplayDevice: setLayerStackLocked id=local:4630946756802996883 token=android.os.BinderProxy@e351167 stack=0->0
07-29 20:11:51.243  3424  3584 D DisplayManagerService: MSG_REQUEST_TRAVERSAL pendingCompleted=false
07-29 20:11:51.244  2133  5409 D DeviceHalAidl: 0xb40000702967d400 DeviceHalAidl::setParameters
07-29 20:11:51.244  2133  5409 D DeviceHalAidl: setParameters: parameters: "screen_state=on"
07-29 20:11:51.244  1861  3546 D AHAL_Module: updateScreenState: bluetooth: 1
07-29 20:11:51.244  2133  5409 D DeviceHalAidl: 0xb40000702967da00 DeviceHalAidl::setParameters
07-29 20:11:51.244  2133  5409 D DeviceHalAidl: setParameters: parameters: "screen_state=on"
07-29 20:11:51.244  1861  3546 D AHAL_Module: updateScreenState: bluetooth: 1
07-29 20:11:51.244  2133  5409 D DeviceHalAidl: 0xb40000702967e000 DeviceHalAidl::setParameters
07-29 20:11:51.244  2133  5409 D DeviceHalAidl: setParameters: parameters: "screen_state=on"
07-29 20:11:51.244  1861  3546 D AHAL_Module: updateScreenState: stub: 1
07-29 20:11:51.246  6536  6536 E oiface  : sched_setaffinity failed
07-29 20:11:51.247  1990  2052 I gameoptHal: targetfps updated 6 -- 60
07-29 20:11:51.249  4965  5001 D SaDataService: onTelephonyEventReport , subId= 0,slotId=-1 eventId=2009
07-29 20:11:51.249  5143  6280 D VendorTelephonyService: onTelephonyEventReport slotId =0 eventId=2009
07-29 20:11:51.249  4965  5001 D TelephonyImpl: notify eventId:2009 for list size:2
07-29 20:11:51.249  5143  6280 D VendorTelephonyService: onTelephonyEventReport slotId =0 eventId=2009
07-29 20:11:51.249  5143  5143 D VendorCallService: notityEventUpdate, eventId:2009, slotId = 0
07-29 20:11:51.250  4965  5001 D SaDataService: onTelephonyEventReport , subId= 1,slotId=0 eventId=2009
07-29 20:11:51.250  5143  6280 D VendorTelephonyService: onTelephonyEventReport slotId =1 eventId=2009
07-29 20:11:51.250  5143  6280 D VendorTelephonyService: onTelephonyEventReport slotId =1 eventId=2009
07-29 20:11:51.250  4965  5001 D TelephonyImpl: notify eventId:2009 for list size:2
07-29 20:11:51.250  5143  5143 D VendorCallService: notityEventUpdate, eventId:2009, slotId = 1
07-29 20:11:51.287  3424  3782 D VRR [OPlusRefreshRateService]: handleConfigIdChange physicalDisplayId: 4630946756802996883 configId: 5 renderPeriod: 16666666
07-29 20:11:51.287  3424  3782 D VRR [OPlusSAManager]: updateModeChange old modeId [ 4 ] -> new modeId [ 5 ] mCurPolicy: 1
07-29 20:11:51.287  3424  3782 D VRR [OPlusSAManager]: updateSAScene active modeId: 5
07-29 20:11:51.287  3424  3782 D VRR [OPlusSAManager]: updateSAScene current policy: 1 active modeId: 5 scene: VRR_60
07-29 20:11:51.287  3424  3782 D VRR [OPlusOAManager]: Not OA business! new modeId: [5] active modeId: [4]
07-29 20:11:51.287  3424  3782 D VRR [OPlusGameStatusManager]: updateGameState mOSyncFeatureSwitch: false mIsGamePolicy: false
07-29 20:11:51.287  3424  3782 D VRR [OPlusGameStatusManager]: setLTMStatus false curPkgName: com.android.launcher curr status: false HeartStop: false HeartStopFromTGPA: false ActiveFPS: 60.000004
07-29 20:11:51.287  3424  3782 D VRR [OPlusGameStatusManager]: updateGameAccelerationStatus pkgName: com.android.launcher mOSyncFeatureSwitch: false mIsGamePolicy: false mHeartStop: false mHasFlickerRisk: false mForceAcceleration: false mToastReady: false enable: false
07-29 20:11:51.287  3424  3782 D VRR [OPlusGameStatusManager]: updateToastStatus enableAcceleration: false toastReady: false isGamePolicy: false desiredModeId: 5
07-29 20:11:51.287  3424  3782 D VRR [OPlusGameStatusManager]: updateToastStatus enableAcceleration: false toastReady: false isGamePolicy: false desiredModeId: 5
07-29 20:11:51.287  3424  3782 D VRR [OPlusExternalRefreshRateManager]:  updateRenderPeriodChange configId:5 current refresh rate:60.000004
07-29 20:11:51.314  6477  6615 E horae   : 0: back:33083,back_1:35464,back_2:34999,back_3:34196,frame:35654,frame_1:34577,front:36273,front_1:36645,front_2:35037, -2147483648 5, +(3163), 1 ,43397,33522,39328,43411,41411,42447,33527,39051,42434,40788,41553,33386,38766,41625,40241,41024,33443,38503,40964,39777, target_temp:36645, algo:0
07-29 20:11:51.337  3424  3782 D VRR [OPlusSAManager]: setSAConfig scene: VRR_60 modeId: 5 auto: false fakeFrame: false
07-29 20:11:51.337  3424  3782 D VRR [OPlusSAManager]: updateAutoMinfps with nits: 121.83572, mHistOK true, mAmbientOK true, mCctOK true, mIrOK true, mBrightnessOK true, isPkgOK true, SA min fps: 119
07-29 20:11:51.337  3424  3782 D VRR [OPlusSurfaceFlingerController]: setAutoMode enable: false fakeFrame: false fps: 119
07-29 20:11:51.338  2159  2499 I VRR-[OPlusAdfrUtil]: ADFR try set Auto mode with mode 0 fakeframe 0 min fps 119
07-29 20:11:51.338  2159  2499 D VRR-[OPlusRefreshRateSelector]: OSyncModes add size is 1.
07-29 20:11:51.338  2159  2499 I VRR-[OPlusRefreshRateSelector]: updateAutoMode success, display 0, mode 0, fakeframe 0, min fps: 1
07-29 20:11:51.338  2159  3098 D VRR-[OPlusRefreshRateSelector]: handleSetHWCOSync
07-29 20:11:51.338  2159  3098 D VRR-[OPlusRefreshRateSelector]: OSyncModes remaining size is 0.
07-29 20:11:51.338  2159  3098 D VRR-[OPlusRefreshRateSelector]: SetHWCOSync with 5CC08081
07-29 20:11:51.338  1903  3085 I SDM     : DisplayBuiltIn::SetQSyncMode: VRR + update qsync mode 0 minfps 00C08081
07-29 20:11:51.345  1903  2176 E SDM     : DRMConnector::Perform: Connector 67: Setting Qsync min fps 12615809
07-29 20:11:51.374  3424  4638 V SettingsProvider: deleteSystemSetting(OPLUS_SLA_LAST_MCC, 0)
07-29 20:11:51.374  3424  4638 D SettingsProvider: delete system settings OPLUS_****_MCC pkg is  android user id is 0
07-29 20:11:51.375  3424  4638 W OplusSlaManager: updateMCC curMCC from macc_change!
07-29 20:11:51.379  3424  4638 W OplusSlaApps: sendWhiteListAppUid no enabled app found...
07-29 20:11:51.379  3424  4638 W OplusSlaApps: sendGameAppUid no game app found!!
07-29 20:11:51.385  4965  5769 E CellularEvent: nri null ps
07-29 20:11:51.385  4965  5769 E CellularEvent: invalid nri
07-29 20:11:51.394  4885  5765 D AutoDualCardRoamingDemand: judgeToShowDialog return for sim count != 2
07-29 20:11:51.402  1973  1973 D SensorFeature: name=ssc_screenshot_info ,index = 22
07-29 20:11:51.402  1973  1973 D SensorFeature: write 29 bytes:60068536903,60419357215,165,0
07-29 20:11:51.416  1903  2176 I SDM     : DisplayBase::CommitThread: Received idle timeout, panel: cmd, timeout: 69999 us
07-29 20:11:51.701  3424  3685 W UserAwareMgr: event can not be released, id: 3020, count: 2, releasePid: 4829
07-29 20:11:51.705  1973  1973 D SensorFeature: name=ssc_screenshot_info ,index = 22
07-29 20:11:51.705  1973  1973 D SensorFeature: write 29 bytes:60068536903,60722695965,166,0
07-29 20:11:51.764  1985  2007 D BatteryChargeControl: bcc get no support from charging protocol
07-29 20:11:51.821  1847  4452 I sensors-hal: handle_oplus_wise_rgb_event:189, high_pwm_light:lux 281.2,cct 3642.2,brl/algo/ir 1449.0/2.0/16.5,pwm/dc 0.0/0.0,rgbc 21642.582031/13628.750000/6260.721191/40145.910156,ts 60700304525,cnt 850,flag 65702
07-29 20:11:51.822  1903  4445 I Dpps    : LtmSwState::SetParameter():144 ignore cmd 7 in state LtmOffState
07-29 20:11:51.839  3424  3782 D VRR [OPlusSAManager]: updateAutoMinfps with nits: 121.83572, mHistOK true, mAmbientOK true, mCctOK true, mIrOK true, mBrightnessOK true, isPkgOK true, SA min fps: 119
07-29 20:11:51.839  3424  3782 D VRR [OPlusSurfaceFlingerController]: setAutoMode enable: false fakeFrame: false fps: 119
07-29 20:11:51.839  2159  2474 I VRR-[OPlusAdfrUtil]: ADFR try set Auto mode with mode 0 fakeframe 0 min fps 119
07-29 20:11:51.840  2159  2474 D VRR-[OPlusRefreshRateSelector]: OSyncModes add size is 1.
07-29 20:11:51.840  2159  2474 I VRR-[OPlusRefreshRateSelector]: updateAutoMode success, display 0, mode 0, fakeframe 0, min fps: 1
07-29 20:11:51.840  2159  3098 D VRR-[OPlusRefreshRateSelector]: handleSetHWCOSync
07-29 20:11:51.840  2159  3098 D VRR-[OPlusRefreshRateSelector]: OSyncModes remaining size is 0.
07-29 20:11:51.840  2159  3098 D VRR-[OPlusRefreshRateSelector]: SetHWCOSync with 5CC08081
07-29 20:11:51.840  1903  3094 I SDM     : DisplayBuiltIn::SetQSyncMode: VRR + update qsync mode 0 minfps 00C08081
07-29 20:11:51.847  1903  2176 E SDM     : DRMConnector::Perform: Connector 67: Setting Qsync min fps 12615809
07-29 20:11:51.918  1903  2176 I SDM     : DisplayBase::CommitThread: Received idle timeout, panel: cmd, timeout: 70000 us
07-29 20:11:52.006  1973  1973 D SensorFeature: name=ssc_screenshot_info ,index = 22
07-29 20:11:52.006  1973  1973 D SensorFeature: write 29 bytes:60068536903,61023936069,167,0
07-29 20:11:52.060  8442 12141 W LOG_FLOWCTRL: ==LOGS OVER PROC QUOTA(300), rows(30) bytes(3531) com.oplus.metis DROPPED==
07-29 20:11:52.060  8442 12141 I LogCacheHelper: cache log scheduled task [base|com.oplus.metis|1.5.5-f48228a]
07-29 20:11:52.060  8442 12141 E metis_v2_JenaHandlerManager_cache: 2025-07-29 20:11:51.058000		9599		local thread match
07-29 20:11:52.060  8442 12141 E metis_v2_JenaHandlerManager_cache: 2025-07-29 20:11:51.058000		9599		local thread match
07-29 20:11:52.060  8442 12141 E metis_v2_JenaHandlerManager_cache: 2025-07-29 20:11:51.058000		9599		local thread match
07-29 20:11:52.060  8442 12141 E metis_v2_JenaHandlerManager_cache: 2025-07-29 20:11:51.058000		9599		local thread match
07-29 20:11:52.060  8442 12141 E metis_v2_JenaHandlerManager_cache: 2025-07-29 20:11:51.058000		9599		local thread match
07-29 20:11:52.060  8442 12141 E metis_v2_JenaHandlerManager_cache: 2025-07-29 20:11:51.058000		9599		local thread match
07-29 20:11:52.060  8442 12141 E metis_v2_JenaHandlerManager_cache: 2025-07-29 20:11:51.058000		9599		local thread match
07-29 20:11:52.060  8442 12141 E metis_v2_JenaHandlerManager_cache: 2025-07-29 20:11:51.058000		9599		local thread match
07-29 20:11:52.060  8442 12141 E metis_v2_JenaHandlerManager_cache: 2025-07-29 20:11:51.058000		9599		local thread match
07-29 20:11:52.060  8442 12141 E metis_v2_JenaHandlerManager_cache: 2025-07-29 20:11:51.058000		9599		local thread match
07-29 20:11:52.060  8442 12141 E metis_v2_JenaHandlerManager_cache: 2025-07-29 20:11:51.058000		9599		local thread match
07-29 20:11:52.060  8442 12141 E metis_v2_JenaHandlerManager_cache: 2025-07-29 20:11:51.059000		9599		local thread match
07-29 20:11:52.060  8442 12141 E metis_v2_JenaHandlerManager_cache: 2025-07-29 20:11:51.059000		9599		local thread match
07-29 20:11:52.060  8442 12141 E metis_v2_JenaHandlerManager_cache: 2025-07-29 20:11:51.059000		9599		local thread match
07-29 20:11:52.060  8442 12141 E metis_v2_JenaHandlerManager_cache: 2025-07-29 20:11:51.059000		9599		local thread match
07-29 20:11:52.060  8442 12141 E metis_v2_JenaHandlerManager_cache: 2025-07-29 20:11:51.059000		9599		local thread match
07-29 20:11:52.060  8442 12141 E metis_v2_JenaHandlerManager_cache: 2025-07-29 20:11:51.059000		9599		local thread match
07-29 20:11:52.060  8442 12141 E metis_v2_JenaHandlerManager_cache: 2025-07-29 20:11:51.059000		9599		local thread match
07-29 20:11:52.060  8442 12141 E metis_v2_JenaHandlerManager_cache: 2025-07-29 20:11:51.059000		9599		local thread match
07-29 20:11:52.060  8442 12141 E metis_v2_JenaHandlerManager_cache: 2025-07-29 20:11:51.059000		9599		local thread match
07-29 20:11:52.060  8442 12141 E metis_v2_JenaHandlerManager_cache: 2025-07-29 20:11:51.059000		9599		local thread match
07-29 20:11:52.060  8442 12141 E metis_v2_JenaHandlerManager_cache: 2025-07-29 20:11:51.059000		9599		local thread match
07-29 20:11:52.060  8442 12141 E metis_v2_JenaHandlerManager_cache: 2025-07-29 20:11:51.059000		9599		local thread match
07-29 20:11:52.060  8442 12141 E metis_v2_JenaHandlerManager_cache: 2025-07-29 20:11:51.059000		9599		local thread match
07-29 20:11:52.061  8442 12141 E metis_v2_JenaHandlerManager_cache: 2025-07-29 20:11:51.059000		9599		local thread match
07-29 20:11:52.061  8442 12141 E metis_v2_JenaHandlerManager_cache: 2025-07-29 20:11:51.059000		9599		local thread match
07-29 20:11:52.061  8442 12141 E metis_v2_JenaHandlerManager_cache: 2025-07-29 20:11:51.059000		9599		local thread match
07-29 20:11:52.061  8442 12141 E metis_v2_JenaHandlerManager_cache: 2025-07-29 20:11:51.059000		9599		local thread match
07-29 20:11:52.061  8442 12141 E metis_v2_JenaHandlerManager_cache: 2025-07-29 20:11:51.059000		9599		local thread match
07-29 20:11:52.061  8442 12141 E metis_v2_JenaHandlerManager_cache: 2025-07-29 20:11:51.059000		9599		local thread match
07-29 20:11:52.061  8442 12141 I ContextAware_SortAlgorithmManager.SceneUtil_cache: 2025-07-29 20:11:51.059000		9528		SortAlgorithmManager.SceneDeduplicationProcessor sceneId 210000000 status 2 intentList size 1 isHome false IntentId: 13151001 policyName DYNAMIC_SUBSTITUTE isFocus false serviceId null type 0 deleteKeynull
07-29 20:11:52.061  8442 12141 I ContextAware_SortAlgorithmManager.SceneUtil_cache:  sceneId 220500200 status 1 intentList size 1 isHome false IntentId: 14111005 policyName SUBSTITUTE_SCENE isFocus false serviceId  type 0 deleteKeynull
07-29 20:11:52.061  8442 12141 I ContextAware_SortAlgorithmManager.SceneUtil_cache:  sceneId 240000000 status 2 intentList size 3 isHome false IntentId: 14111004 policyName CLEAN_UP_STORAGE_SUBSTITUTE isFocus false serviceId null type 0 deleteKeynull IntentId: 18111007 policyName CLEAN_UP_SUBSTITUTE isFocus false serviceId null type 0 deleteKeynull IntentId: 18111008 policyName CLEAN_UP_PLUS_SUBSTITUTE isFocus false serviceId null type 0 deleteKeynull
07-29 20:11:52.061  8442 12141 E metis_v2_JenaHandlerManager_cache: 2025-07-29 20:11:51.059000		9599		local thread match
07-29 20:11:52.061  8442 12141 E metis_v2_JenaHandlerManager_cache: 2025-07-29 20:11:51.059000		9599		local thread match
07-29 20:11:52.061  8442 12141 I ContextAware_DailyStatisticsRecorder_cache: 2025-07-29 20:11:51.059000		10016		Increase context change count: PROCESSOR_SCENE_REORDER_cnt, value: 1
07-29 20:11:52.061  8442 12141 E metis_v2_JenaHandlerManager_cache: 2025-07-29 20:11:51.059000		9599		local thread match
07-29 20:11:52.061  8442 12141 I ContextAware_SortAlgorithmManager.DecisionAlgorithmManager_cache: 2025-07-29 20:11:51.059000		9528		getDecisionAlgorithm: dt_sort
07-29 20:11:52.061  8442 12141 E metis_v2_JenaHandlerManager_cache: 2025-07-29 20:11:51.059000		9599		local thread match
07-29 20:11:52.061  8442 12141 E metis_v2_JenaHandlerManager_cache: 2025-07-29 20:11:51.059000		9599		local thread match
07-29 20:11:52.061  8442 12141 I ContextAware_DailyStatisticsRecorder_cache: 2025-07-29 20:11:51.059000		10016		Increase context change count: PROCESSOR_SCENE_REORDER_ms, value: 3
07-29 20:11:52.061  8442 12141 I ContextAware_DailyStatisticsRecorder_cache: 2025-07-29 20:11:51.059000		10216		Increase context change count: PROCESSOR_SCENE_DEDUPLICATION_cnt, value: 1
07-29 20:11:52.061  8442 12141 I ContextAware_SortAlgorithmManager.DtSort_cache: 2025-07-29 20:11:51.059000		10796		onDecisionAfterRerank, inner algorithm is: internal_dt_sort
07-29 20:11:52.061  8442 12141 I ContextAware_DailyStatisticsRecorder_cache: 2025-07-29 20:11:51.059000		10216		Increase context change count: PROCESSOR_SCENE_DEDUPLICATION_ms, value: 0
07-29 20:11:52.061  8442 12141 I ContextAware_SortAlgorithmManager.DtIntentDataManager_cache: 2025-07-29 20:11:51.059000		10797		getDtIntentList: dtIntents = []
07-29 20:11:52.061  8442 12141 W metis_v2_DeepThinkerLabelClient_cache: 2025-07-29 20:11:51.059000		9604		getUserProfileLabel null
07-29 20:11:52.061  8442 12141 E ContextAware_SortAlgorithmManager.DtInternalSortImpl_cache: 2025-07-29 20:11:51.059000		10797		targetDtList is invalid
07-29 20:11:52.061  8442 12141 I ContextAware_SortAlgorithmManager.SceneIntentReorderProcessor_cache: 2025-07-29 20:11:51.059000		9528		ruleReordering onDecisionAfterRerank, mIntentList:size: 5 13151001 14111005 14111004 18111007 18111008
07-29 20:11:52.062  8442 12141 W ContextAware_IntentSwitchManager_cache: 2025-07-29 20:11:51.059000		9528		subSwitchMap don't contain application_suggestions, set the switch to true as default
07-29 20:11:52.062  8442 12141 I ContextAware_IntentSwitchManager_cache: 2025-07-29 20:11:51.059000		9528		getSubSwitchStatus = {application_suggestions=true}
07-29 20:11:52.062  8442 12141 I ContextAware_SortAlgorithmManager.ReorderProcessor.RuleReRanker_cache: 2025-07-29 20:11:51.059000		9528		sceneIntentRerank sceneFinalScoreMap:{scene rerank, use defaultScore, finalScore:13151001DYNAMIC_SUBSTITUTE=3.12}
