07-29 15:39:03.152  7970  8440 E metis_v2_JenaHandlerManager: local thread match [7f0000011753817902980329607224|p_7224_cc39969@1|p_7970_8972bc4@11|com.oplus.metis]
07-29 15:39:03.152  7970  8440 E metis_v2_JenaHandlerManager: local thread match [7f0000011753817902980329607224|p_7224_cc39969@1|p_7970_8972bc4@11|com.oplus.metis]
07-29 15:39:03.152  7970  8440 E metis_v2_JenaHandlerManager: local thread match [7f0000011753817902980329607224|p_7224_cc39969@1|p_7970_8972bc4@11|com.oplus.metis]
07-29 15:39:03.153  7970  8440 E metis_v2_JenaHandlerManager: local thread match [7f0000011753817902980329607224|p_7224_cc39969@1|p_7970_8972bc4@11|com.oplus.metis]
07-29 15:39:03.153  7970  8440 E metis_v2_JenaHandlerManager: local thread match [7f0000011753817902980329607224|p_7224_cc39969@1|p_7970_8972bc4@11|com.oplus.metis]
07-29 15:39:03.153  7970  8440 E metis_v2_JenaHandlerManager: local thread match [7f0000011753817902980329607224|p_7224_cc39969@1|p_7970_8972bc4@11|com.oplus.metis]
07-29 15:39:03.153  7970  8440 E metis_v2_JenaHandlerManager: local thread match [7f0000011753817902980329607224|p_7224_cc39969@1|p_7970_8972bc4@11|com.oplus.metis]
07-29 15:39:03.153  7970  8440 E metis_v2_JenaHandlerManager: local thread match [7f0000011753817902980329607224|p_7224_cc39969@1|p_7970_8972bc4@11|com.oplus.metis]
07-29 15:39:03.153  7970  8440 E metis_v2_JenaHandlerManager: local thread match [7f0000011753817902980329607224|p_7224_cc39969@1|p_7970_8972bc4@11|com.oplus.metis]
07-29 15:39:03.153  7970  8439 I ContextAware_SortAlgorithmManager.SceneUtil: SortAlgorithmManager.SceneDeduplicationProcessor sceneId 210000000 status 2 intentList size 1 isHome false IntentId: 13151001 policyName DYNAMIC_SUBSTITUTE isFocus false serviceId null type 0 deleteKeynull
07-29 15:39:03.153  7970  8439 I ContextAware_SortAlgorithmManager.SceneUtil:  sceneId 220500200 status 1 intentList size 1 isHome false IntentId: 14111005 policyName SUBSTITUTE_SCENE isFocus false serviceId  type 0 deleteKeynull
07-29 15:39:03.153  7970  8439 I ContextAware_SortAlgorithmManager.SceneUtil:  sceneId 240000000 status 2 intentList size 3 isHome false IntentId: 14111004 policyName CLEAN_UP_STORAGE_SUBSTITUTE isFocus false serviceId null type 0 deleteKeynull IntentId: 18111007 policyName CLEAN_UP_SUBSTITUTE isFocus false serviceId null type 0 deleteKeynull IntentId: 18111008 policyName CLEAN_UP_PLUS_SUBSTITUTE isFocus false serviceId null type 0 deleteKeynull
07-29 15:39:03.153  7970  8439 I ContextAware_SortAlgorithmManager.DecisionAlgorithmManager: getDecisionAlgorithm: dt_sort
07-29 15:39:03.153  7970  8440 E metis_v2_JenaHandlerManager: local thread match [7f0000011753817902980329607224|p_7224_cc39969@1|p_7970_8972bc4@11|com.oplus.metis]
07-29 15:39:03.153  7970  8440 E metis_v2_JenaHandlerManager: local thread match [7f0000011753817902980329607224|p_7224_cc39969@1|p_7970_8972bc4@11|com.oplus.metis]
07-29 15:39:03.153  7970  9731 I ContextAware_SortAlgorithmManager.DtSort: onDecisionAfterRerank, inner algorithm is: internal_dt_sort
07-29 15:39:03.153  7970  8440 E metis_v2_JenaHandlerManager: local thread match [7f0000011753817902980329607224|p_7224_cc39969@1|p_7970_8972bc4@11|com.oplus.metis]
07-29 15:39:03.153  7970  8440 E metis_v2_JenaHandlerManager: local thread match [7f0000011753817902980329607224|p_7224_cc39969@1|p_7970_8972bc4@11|com.oplus.metis]
07-29 15:39:03.153  7970  8440 E metis_v2_JenaHandlerManager: local thread match [7f0000011753817902980329607224|p_7224_cc39969@1|p_7970_8972bc4@11|com.oplus.metis]
07-29 15:39:03.153  7970  9732 I ContextAware_SortAlgorithmManager.DtIntentDataManager: getDtIntentList: dtIntents = []
07-29 15:39:03.153  7970  8440 E metis_v2_JenaHandlerManager: local thread match [7f0000011753817902980329607224|p_7224_cc39969@1|p_7970_8972bc4@11|com.oplus.metis]
07-29 15:39:03.153  7970  8440 E metis_v2_JenaHandlerManager: local thread match [7f0000011753817902980329607224|p_7224_cc39969@1|p_7970_8972bc4@11|com.oplus.metis]
07-29 15:39:03.153  7970  8440 E metis_v2_JenaHandlerManager: local thread match [7f0000011753817902980329607224|p_7224_cc39969@1|p_7970_8972bc4@11|com.oplus.metis]
07-29 15:39:03.153  7970  8440 E metis_v2_JenaHandlerManager: local thread match [7f0000011753817902980329607224|p_7224_cc39969@1|p_7970_8972bc4@11|com.oplus.metis]
07-29 15:39:03.153  7970  8440 E metis_v2_JenaHandlerManager: local thread match [7f0000011753817902980329607224|p_7224_cc39969@1|p_7970_8972bc4@11|com.oplus.metis]
07-29 15:39:03.153  7970  8440 E metis_v2_JenaHandlerManager: local thread match [7f0000011753817902980329607224|p_7224_cc39969@1|p_7970_8972bc4@11|com.oplus.metis]
07-29 15:39:03.153  7970  8440 E metis_v2_JenaHandlerManager: local thread match [7f0000011753817902980329607224|p_7224_cc39969@1|p_7970_8972bc4@11|com.oplus.metis]
07-29 15:39:03.153  7970  8440 E metis_v2_JenaHandlerManager: local thread match [7f0000011753817902980329607224|p_7224_cc39969@1|p_7970_8972bc4@11|com.oplus.metis]
07-29 15:39:03.153  7970  8440 E metis_v2_JenaHandlerManager: local thread match [7f0000011753817902980329607224|p_7224_cc39969@1|p_7970_8972bc4@11|com.oplus.metis]
07-29 15:39:03.153  7970  8440 E metis_v2_JenaHandlerManager: local thread match [7f0000011753817902980329607224|p_7224_cc39969@1|p_7970_8972bc4@11|com.oplus.metis]
07-29 15:39:03.153  7970  8440 E metis_v2_JenaHandlerManager: local thread match [7f0000011753817902980329607224|p_7224_cc39969@1|p_7970_8972bc4@11|com.oplus.metis]
07-29 15:39:03.153  7970  8440 E metis_v2_JenaHandlerManager: local thread match [7f0000011753817902980329607224|p_7224_cc39969@1|p_7970_8972bc4@11|com.oplus.metis]
07-29 15:39:03.153  7970  8440 E metis_v2_JenaHandlerManager: local thread match [7f0000011753817902980329607224|p_7224_cc39969@1|p_7970_8972bc4@11|com.oplus.metis]
07-29 15:39:03.153  7970  9057 I ContextAware_DailyStatisticsRecorder: Increase context change count: PROCESSOR_SCENE_REORDER_cnt, value: 1
07-29 15:39:03.153  7970  8440 E metis_v2_JenaHandlerManager: local thread match [7f0000011753817902980329607224|p_7224_cc39969@1|p_7970_8972bc4@11|com.oplus.metis]
07-29 15:39:03.153  7970  8440 E metis_v2_JenaHandlerManager: local thread match [7f0000011753817902980329607224|p_7224_cc39969@1|p_7970_8972bc4@11|com.oplus.metis]
07-29 15:39:03.153  7970  8440 E metis_v2_JenaHandlerManager: local thread match [7f0000011753817902980329607224|p_7224_cc39969@1|p_7970_8972bc4@11|com.oplus.metis]
07-29 15:39:03.153  7970  8440 E metis_v2_JenaHandlerManager: local thread match [7f0000011753817902980329607224|p_7224_cc39969@1|p_7970_8972bc4@11|com.oplus.metis]
07-29 15:39:03.153  7970  9057 I ContextAware_DailyStatisticsRecorder: Increase context change count: PROCESSOR_SCENE_REORDER_ms, value: 3
07-29 15:39:03.153  7970  8440 E metis_v2_JenaHandlerManager: local thread match [7f0000011753817902980329607224|p_7224_cc39969@1|p_7970_8972bc4@11|com.oplus.metis]
07-29 15:39:03.153  7970  8440 E metis_v2_JenaHandlerManager: local thread match [7f0000011753817902980329607224|p_7224_cc39969@1|p_7970_8972bc4@11|com.oplus.metis]
07-29 15:39:03.153  7970  9057 I ContextAware_DailyStatisticsRecorder: Increase context change count: PROCESSOR_SCENE_DEDUPLICATION_cnt, value: 1
07-29 15:39:03.153  7970  8440 E metis_v2_JenaHandlerManager: local thread match [7f0000011753817902980329607224|p_7224_cc39969@1|p_7970_8972bc4@11|com.oplus.metis]
07-29 15:39:03.153  7970  9057 I ContextAware_DailyStatisticsRecorder: Increase context change count: PROCESSOR_SCENE_DEDUPLICATION_ms, value: 0
07-29 15:39:03.153  7970  9732 E ContextAware_SortAlgorithmManager.DtInternalSortImpl: targetDtList is invalid
07-29 15:39:03.153  7970  8440 E metis_v2_JenaHandlerManager: local thread match [7f0000011753817902980329607224|p_7224_cc39969@1|p_7970_8972bc4@11|com.oplus.metis]
07-29 15:39:03.153  7970  8440 E metis_v2_JenaHandlerManager: local thread match [7f0000011753817902980329607224|p_7224_cc39969@1|p_7970_8972bc4@11|com.oplus.metis]
07-29 15:39:03.153  7970  8440 E metis_v2_JenaHandlerManager: local thread match [7f0000011753817902980329607224|p_7224_cc39969@1|p_7970_8972bc4@11|com.oplus.metis]
07-29 15:39:03.153  7970  8440 E metis_v2_JenaHandlerManager: local thread match [7f0000011753817902980329607224|p_7224_cc39969@1|p_7970_8972bc4@11|com.oplus.metis]
07-29 15:39:03.153  7970  8440 E metis_v2_JenaHandlerManager: local thread match [7f0000011753817902980329607224|p_7224_cc39969@1|p_7970_8972bc4@11|com.oplus.metis]
07-29 15:39:03.153  7970  8440 E metis_v2_JenaHandlerManager: local thread match [7f0000011753817902980329607224|p_7224_cc39969@1|p_7970_8972bc4@11|com.oplus.metis]
07-29 15:39:03.153  7970  8440 E metis_v2_JenaHandlerManager: local thread match [7f0000011753817902980329607224|p_7224_cc39969@1|p_7970_8972bc4@11|com.oplus.metis]
07-29 15:39:03.153  7970  8439 I ContextAware_SortAlgorithmManager.SceneIntentReorderProcessor: ruleReordering onDecisionAfterRerank, mIntentList:size: 5 13151001 14111005 14111004 18111007 18111008
07-29 15:39:03.153  7970  8440 E metis_v2_JenaHandlerManager: local thread match [7f0000011753817902980329607224|p_7224_cc39969@1|p_7970_8972bc4@11|com.oplus.metis]
07-29 15:39:03.153  7970  8440 E metis_v2_JenaHandlerManager: local thread match [7f0000011753817902980329607224|p_7224_cc39969@1|p_7970_8972bc4@11|com.oplus.metis]
07-29 15:39:03.153  7970  8440 E metis_v2_JenaHandlerManager: local thread match [7f0000011753817902980329607224|p_7224_cc39969@1|p_7970_8972bc4@11|com.oplus.metis]
07-29 15:39:03.153  7970  8440 E metis_v2_JenaHandlerManager: local thread match [7f0000011753817902980329607224|p_7224_cc39969@1|p_7970_8972bc4@11|com.oplus.metis]
07-29 15:39:03.153  7970  8439 W ContextAware_IntentSwitchManager: subSwitchMap don't contain application_suggestions, set the switch to true as default
07-29 15:39:03.153  7970  8440 E metis_v2_JenaHandlerManager: local thread match [7f0000011753817902980329607224|p_7224_cc39969@1|p_7970_8972bc4@11|com.oplus.metis]
07-29 15:39:03.154  1921  1989 I SnapAlloc: Using graphics libs for alignment calculations
07-29 15:39:03.155  4841  4841 I SystemUi--Keyguard: ScrimControllerExImp-->blur State to UNLOCK, bouncer=false changeFromBouncerScrim= false runnerUnlock= false goingAway=false hasHandle=true isOccludeAnimationPlaying=false
07-29 15:39:03.155  4841  4841 I SystemUi--Keyguard: ScrimControllerExImp-->blur State to UNLOCK, bouncer=false changeFromBouncerScrim= false runnerUnlock= false goingAway=false hasHandle=true isOccludeAnimationPlaying=false
07-29 15:39:03.155  3311  5320 I InputDispatcher: injectInputEvent: targetUid=<not set>, syncMode=WAIT_FOR_FINISHED, timeout=30000ms, policyFlags=0x8000000, event=MotionEvent { action=MOVE, id[0]=0, x[0]=900, y[0]=1691.37, eventTime=60152000000, downTime=59899000000, deviceId=4, source=TOUCHSCREEN, displayId=0, eventId=0xf3d7ad13}
07-29 15:39:03.158  5178  5625 W [0]DCS  : Common Record event failed. DCS reject event: [appId=107501,logTag=10750101,eventId=metis_scene] . Pls check server config.
07-29 15:39:03.162  3311  5320 I InputDispatcher: injectInputEvent: targetUid=<not set>, syncMode=WAIT_FOR_FINISHED, timeout=30000ms, policyFlags=0x8000000, event=MotionEvent { action=MOVE, id[0]=0, x[0]=900, y[0]=1730.77, eventTime=60158000000, downTime=59899000000, deviceId=4, source=TOUCHSCREEN, displayId=0, eventId=0xc197cc1d}
07-29 15:39:03.162  4841  4841 I SystemUi--Keyguard: ScrimControllerExImp-->blur State to UNLOCK, bouncer=false changeFromBouncerScrim= false runnerUnlock= false goingAway=false hasHandle=true isOccludeAnimationPlaying=false
07-29 15:39:03.162  4841  4841 I SystemUi--Keyguard: ScrimControllerExImp-->blur State to UNLOCK, bouncer=false changeFromBouncerScrim= false runnerUnlock= false goingAway=false hasHandle=true isOccludeAnimationPlaying=false
07-29 15:39:03.170  1921  1989 I SnapAlloc: Using graphics libs for alignment calculations
07-29 15:39:03.170  4841  4841 I SystemUi--Keyguard: ScrimControllerExImp-->blur State to UNLOCK, bouncer=false changeFromBouncerScrim= false runnerUnlock= false goingAway=false hasHandle=true isOccludeAnimationPlaying=false
07-29 15:39:03.170  3311  5320 I InputDispatcher: injectInputEvent: targetUid=<not set>, syncMode=WAIT_FOR_FINISHED, timeout=30000ms, policyFlags=0x8000000, event=MotionEvent { action=MOVE, id[0]=0, x[0]=900, y[0]=1789.87, eventTime=60167000000, downTime=59899000000, deviceId=4, source=TOUCHSCREEN, displayId=0, eventId=0xe361887b}
07-29 15:39:03.171  4841  4841 I SystemUi--Keyguard: ScrimControllerExImp-->blur State to UNLOCK, bouncer=false changeFromBouncerScrim= false runnerUnlock= false goingAway=false hasHandle=true isOccludeAnimationPlaying=false
07-29 15:39:03.179  4841  4841 I SystemUi--Keyguard: ScrimControllerExImp-->blur State to UNLOCK, bouncer=false changeFromBouncerScrim= false runnerUnlock= false goingAway=false hasHandle=true isOccludeAnimationPlaying=false
07-29 15:39:03.179  3311  5320 I InputDispatcher: injectInputEvent: targetUid=<not set>, syncMode=WAIT_FOR_FINISHED, timeout=30000ms, policyFlags=0x8000000, event=MotionEvent { action=MOVE, id[0]=0, x[0]=900, y[0]=1842.4, eventTime=60175000000, downTime=59899000000, deviceId=4, source=TOUCHSCREEN, displayId=0, eventId=0xce29920b}
07-29 15:39:03.179  4841  4841 I SystemUi--Keyguard: ScrimControllerExImp-->blur State to UNLOCK, bouncer=false changeFromBouncerScrim= false runnerUnlock= false goingAway=false hasHandle=true isOccludeAnimationPlaying=false
07-29 15:39:03.187  1921  1989 I SnapAlloc: Using graphics libs for alignment calculations
07-29 15:39:03.187  4841  4841 I SystemUi--Keyguard: ScrimControllerExImp-->blur State to UNLOCK, bouncer=false changeFromBouncerScrim= false runnerUnlock= false goingAway=false hasHandle=true isOccludeAnimationPlaying=false
07-29 15:39:03.187  3311  5320 I InputDispatcher: injectInputEvent: targetUid=<not set>, syncMode=WAIT_FOR_FINISHED, timeout=30000ms, policyFlags=0x8000000, event=MotionEvent { action=MOVE, id[0]=0, x[0]=900, y[0]=1894.93, eventTime=60183000000, downTime=59899000000, deviceId=4, source=TOUCHSCREEN, displayId=0, eventId=0xc7574610}
07-29 15:39:03.187  4841  4841 I SystemUi--Keyguard: ScrimControllerExImp-->blur State to UNLOCK, bouncer=false changeFromBouncerScrim= false runnerUnlock= false goingAway=false hasHandle=true isOccludeAnimationPlaying=false
07-29 15:39:03.195  4841  4841 I SystemUi--Keyguard: ScrimControllerExImp-->blur State to UNLOCK, bouncer=false changeFromBouncerScrim= false runnerUnlock= false goingAway=false hasHandle=true isOccludeAnimationPlaying=false
07-29 15:39:03.195  3311  5320 I InputDispatcher: injectInputEvent: targetUid=<not set>, syncMode=WAIT_FOR_FINISHED, timeout=30000ms, policyFlags=0x8000000, event=MotionEvent { action=MOVE, id[0]=0, x[0]=900, y[0]=1947.47, eventTime=60191000000, downTime=59899000000, deviceId=4, source=TOUCHSCREEN, displayId=0, eventId=0xe424bf4c}
07-29 15:39:03.196  4841  4841 I SystemUi--Keyguard: ScrimControllerExImp-->blur State to UNLOCK, bouncer=false changeFromBouncerScrim= false runnerUnlock= false goingAway=false hasHandle=true isOccludeAnimationPlaying=false
07-29 15:39:03.204  1921  1989 I SnapAlloc: Using graphics libs for alignment calculations
07-29 15:39:03.204  4841  4841 I SystemUi--Keyguard: ScrimControllerExImp-->blur State to UNLOCK, bouncer=false changeFromBouncerScrim= false runnerUnlock= false goingAway=false hasHandle=true isOccludeAnimationPlaying=false
07-29 15:39:03.204  3311  5320 I InputDispatcher: injectInputEvent: targetUid=<not set>, syncMode=WAIT_FOR_FINISHED, timeout=30000ms, policyFlags=0x8000000, event=MotionEvent { action=UP, id[0]=0, x[0]=900, y[0]=2000, eventTime=60200000000, downTime=59899000000, deviceId=4, source=TOUCHSCREEN, displayId=0, eventId=0xd219de9f}
07-29 15:39:03.204  4841  4841 I SystemUi--Keyguard: ScrimControllerExImp-->blur State to UNLOCK, bouncer=false changeFromBouncerScrim= false runnerUnlock= false goingAway=false hasHandle=true isOccludeAnimationPlaying=false
07-29 15:39:03.204  3311  4812 D UAH-UahAdaptHelper: adaptSetNotification identity = OplusUAwareInputHelpersrc = 1000 , type 1 ,p1 = -1 ,p2 = -1 ,p3 = -1 ,p4 =
07-29 15:39:03.204  3311  4812 I [UAH_CLIENT]: uahRuleCtl, ruleId:1000, status:1
07-29 15:39:03.204  3311  4425 D OplusViewDebugManager: OplusViewDebugManager Constructor android.view.debug.OplusViewDebugManager@9021367 [mHasViewDebugProperty true] [mHasMsgDebugProperty false] [DEBUG false] [EXTRAINFOENABLE false] [LIGHT_OS false]
07-29 15:39:03.204  3311  4425 D OplusViewDebugManager: OplusViewDebugManager Constructor android.view.debug.OplusViewDebugManager@75d514 [mHasViewDebugProperty true] [mHasMsgDebugProperty false] [DEBUG false] [EXTRAINFOENABLE false] [LIGHT_OS false]
07-29 15:39:03.205  3311  4812 I [UAH_CLIENT]: UahRelease, handle:36
07-29 15:39:03.205  3311  4812 I [UAH_CLIENT]: UahEventAcquire, cmdid:6, pkg:none, identity:OplusUAwareInputHelper
07-29 15:39:03.205  4841  4841 I SystemUi--Statusbar: OplusStatusBarWindowViewTouchExImpl-->onTouchEvent handled:false
07-29 15:39:03.206  4841  4841 I SystemUi--QuickSettings: OplusPanelViewPagerController-->reset
07-29 15:39:03.206  4841  4841 I SystemUi--QuickSettings: OplusPanelViewPagerController-->reset
07-29 15:39:03.206  4841  4841 I SystemUi--QuickSettings: OplusQSRootViewController-->endMotionEvent, expand: true, vel: 6566.6514, vectorVel: 6566.6514  isClosing=false panelClosedOnDown=true canSlideHToQSOnStatusBar=true
07-29 15:39:03.206  4841  4841 I SystemUi--QuickSettings: OplusQSRootViewController-->fling qs, expand: true, vel: 6566.6514
07-29 15:39:03.206  4841  4841 I SystemUi--QuickSettings: QSPanelExpandFraction-->animateExpanded, isExpanded=true, (0.97242093 -> 1.0), lastFinalPosition=1.0
07-29 15:39:03.206  4841  4841 I SystemUi--QuickSettings: QSPanelTranslationY-->animateExpandTranslationY, isExpanded=true, threshold=156.0
07-29 15:39:03.206  4841  4841 I SystemUi--QuickSettings: QSPanelAnimatorManager-->startRebound
07-29 15:39:03.206  4841  6483 I [UAH_CLIENT]: UahRelease, handle:35
07-29 15:39:03.207  4841  6483 I [UAH_CLIENT]: UahEventAcquire, cmdid:97, pkg:none, identity:OsenseHelperImpl
07-29 15:39:03.207  4841  4841 I SystemUi--QuickSettings: OplusPanelViewPagerController-->notifySeparateQSEndMotionEvent currentNotifyFraction=0.0  fraction=0.97242093 notifyExpandedFraction=0.0 fractionListeners.size=0
07-29 15:39:03.207  4841  4841 I SystemUi--QuickSettings: OplusQSRootViewController-->resetTouch
07-29 15:39:03.207  4841  4841 D OplusViewDragTouchViewHelper: dispatchTouchView action = 1
07-29 15:39:03.207  4841  4841 D OplusViewDragTouchViewHelper: dispatchTouchView action = 1
07-29 15:39:03.207  4841  4841 D OplusViewDragTouchViewHelper: dispatchTouchView action = 1
07-29 15:39:03.208  1955  1987 I [UAH_CLIENT]: UahPlatformResAcquire
07-29 15:39:03.208  1955  1987 I [UAH_CLIENT]: UahEventAcquire, cmdid:-3, pkg:1955 7482, identity:qcom-perfd
07-29 15:39:03.209  1955  1987 E PERFHAL-RESOURCEQS: PERFHAL-RESOURCEQS: AddAndApply() 130: Resource with major=18, minor=30 not supported
07-29 15:39:03.209  1955  1987 E PERFHAL-RESOURCEQS: PERFHAL-RESOURCEQS: AddAndApply() 130: Resource with major=18, minor=31 not supported
07-29 15:39:03.212  4841  4841 I SystemUi--Keyguard: ScrimControllerExImp-->blur State to UNLOCK, bouncer=false changeFromBouncerScrim= false runnerUnlock= false goingAway=false hasHandle=true isOccludeAnimationPlaying=false
07-29 15:39:03.212  4841  4841 I SystemUi--Keyguard: ScrimControllerExImp-->blur State to UNLOCK, bouncer=false changeFromBouncerScrim= false runnerUnlock= false goingAway=false hasHandle=true isOccludeAnimationPlaying=false
07-29 15:39:03.220  4841  4841 I SystemUi--Keyguard: ScrimControllerExImp-->blur State to UNLOCK, bouncer=false changeFromBouncerScrim= false runnerUnlock= false goingAway=false hasHandle=true isOccludeAnimationPlaying=false
07-29 15:39:03.220  4841  4841 I SystemUi--Keyguard: ScrimControllerExImp-->blur State to UNLOCK, bouncer=false changeFromBouncerScrim= false runnerUnlock= false goingAway=false hasHandle=true isOccludeAnimationPlaying=false
07-29 15:39:03.220  1921  1989 I SnapAlloc: Using graphics libs for alignment calculations
07-29 15:39:03.228  4841  4841 I SystemUi--Keyguard: ScrimControllerExImp-->blur State to UNLOCK, bouncer=false changeFromBouncerScrim= false runnerUnlock= false goingAway=false hasHandle=true isOccludeAnimationPlaying=false
07-29 15:39:03.229  4841  4841 I SystemUi--Keyguard: ScrimControllerExImp-->blur State to UNLOCK, bouncer=false changeFromBouncerScrim= false runnerUnlock= false goingAway=false hasHandle=true isOccludeAnimationPlaying=false
07-29 15:39:03.237  4841  4841 I SystemUi--Keyguard: ScrimControllerExImp-->blur State to UNLOCK, bouncer=false changeFromBouncerScrim= false runnerUnlock= false goingAway=false hasHandle=true isOccludeAnimationPlaying=false
07-29 15:39:03.237  1921  1989 I SnapAlloc: Using graphics libs for alignment calculations
07-29 15:39:03.237  4841  4841 I SystemUi--Keyguard: ScrimControllerExImp-->blur State to UNLOCK, bouncer=false changeFromBouncerScrim= false runnerUnlock= false goingAway=false hasHandle=true isOccludeAnimationPlaying=false
07-29 15:39:03.245  4841  4841 I SystemUi--Keyguard: ScrimControllerExImp-->blur State to UNLOCK, bouncer=false changeFromBouncerScrim= false runnerUnlock= false goingAway=false hasHandle=true isOccludeAnimationPlaying=false
07-29 15:39:03.245  4841  4841 I SystemUi--Keyguard: ScrimControllerExImp-->blur State to UNLOCK, bouncer=false changeFromBouncerScrim= false runnerUnlock= false goingAway=false hasHandle=true isOccludeAnimationPlaying=false
07-29 15:39:03.253  4841  4841 I SystemUi--Keyguard: ScrimControllerExImp-->blur State to UNLOCK, bouncer=false changeFromBouncerScrim= false runnerUnlock= false goingAway=false hasHandle=true isOccludeAnimationPlaying=false
07-29 15:39:03.254  1921  1989 I SnapAlloc: Using graphics libs for alignment calculations
07-29 15:39:03.254  4841  4841 I SystemUi--Keyguard: ScrimControllerExImp-->blur State to UNLOCK, bouncer=false changeFromBouncerScrim= false runnerUnlock= false goingAway=false hasHandle=true isOccludeAnimationPlaying=false
07-29 15:39:03.262  4841  4841 I SystemUi--Keyguard: ScrimControllerExImp-->blur State to UNLOCK, bouncer=false changeFromBouncerScrim= false runnerUnlock= false goingAway=false hasHandle=true isOccludeAnimationPlaying=false
07-29 15:39:03.262  4841  4841 I SystemUi--Keyguard: ScrimControllerExImp-->blur State to UNLOCK, bouncer=false changeFromBouncerScrim= false runnerUnlock= false goingAway=false hasHandle=true isOccludeAnimationPlaying=false
07-29 15:39:03.270  4841  4841 I SystemUi--Keyguard: ScrimControllerExImp-->blur State to UNLOCK, bouncer=false changeFromBouncerScrim= false runnerUnlock= false goingAway=false hasHandle=true isOccludeAnimationPlaying=false
07-29 15:39:03.270  1921  1989 I SnapAlloc: Using graphics libs for alignment calculations
07-29 15:39:03.270  4841  4841 I SystemUi--Keyguard: ScrimControllerExImp-->blur State to UNLOCK, bouncer=false changeFromBouncerScrim= false runnerUnlock= false goingAway=false hasHandle=true isOccludeAnimationPlaying=false
07-29 15:39:03.278  4841  4841 I SystemUi--Keyguard: ScrimControllerExImp-->blur State to UNLOCK, bouncer=false changeFromBouncerScrim= false runnerUnlock= false goingAway=false hasHandle=true isOccludeAnimationPlaying=false
07-29 15:39:03.279  4841  4841 I SystemUi--Keyguard: ScrimControllerExImp-->blur State to UNLOCK, bouncer=false changeFromBouncerScrim= false runnerUnlock= false goingAway=false hasHandle=true isOccludeAnimationPlaying=false
07-29 15:39:03.287  4841  4841 I SystemUi--Keyguard: ScrimControllerExImp-->blur State to UNLOCK, bouncer=false changeFromBouncerScrim= false runnerUnlock= false goingAway=false hasHandle=true isOccludeAnimationPlaying=false
07-29 15:39:03.287  1921  1989 I SnapAlloc: Using graphics libs for alignment calculations
07-29 15:39:03.287  4841  4841 I SystemUi--Keyguard: ScrimControllerExImp-->blur State to UNLOCK, bouncer=false changeFromBouncerScrim= false runnerUnlock= false goingAway=false hasHandle=true isOccludeAnimationPlaying=false
07-29 15:39:03.295  4841  4841 I SystemUi--Keyguard: ScrimControllerExImp-->blur State to UNLOCK, bouncer=false changeFromBouncerScrim= false runnerUnlock= false goingAway=false hasHandle=true isOccludeAnimationPlaying=false
07-29 15:39:03.295  4841  4841 I SystemUi--Keyguard: ScrimControllerExImp-->blur State to UNLOCK, bouncer=false changeFromBouncerScrim= false runnerUnlock= false goingAway=false hasHandle=true isOccludeAnimationPlaying=false
07-29 15:39:03.303  4841  4841 I SystemUi--Keyguard: ScrimControllerExImp-->blur State to UNLOCK, bouncer=false changeFromBouncerScrim= false runnerUnlock= false goingAway=false hasHandle=true isOccludeAnimationPlaying=false
07-29 15:39:03.303  1921  1989 I SnapAlloc: Using graphics libs for alignment calculations
07-29 15:39:03.303  4841  4841 I SystemUi--Keyguard: ScrimControllerExImp-->blur State to UNLOCK, bouncer=false changeFromBouncerScrim= false runnerUnlock= false goingAway=false hasHandle=true isOccludeAnimationPlaying=false
07-29 15:39:03.312  4841  4841 I SystemUi--Keyguard: ScrimControllerExImp-->blur State to UNLOCK, bouncer=false changeFromBouncerScrim= false runnerUnlock= false goingAway=false hasHandle=true isOccludeAnimationPlaying=false
07-29 15:39:03.312  4841  4841 I SystemUi--Keyguard: ScrimControllerExImp-->blur State to UNLOCK, bouncer=false changeFromBouncerScrim= false runnerUnlock= false goingAway=false hasHandle=true isOccludeAnimationPlaying=false
07-29 15:39:03.320  4841  4841 I SystemUi--Keyguard: ScrimControllerExImp-->blur State to UNLOCK, bouncer=false changeFromBouncerScrim= false runnerUnlock= false goingAway=false hasHandle=true isOccludeAnimationPlaying=false
07-29 15:39:03.320  4841  4841 I SystemUi--Keyguard: ScrimControllerExImp-->blur State to UNLOCK, bouncer=false changeFromBouncerScrim= false runnerUnlock= false goingAway=false hasHandle=true isOccludeAnimationPlaying=false
07-29 15:39:03.321  1921  1989 I SnapAlloc: Using graphics libs for alignment calculations
07-29 15:39:03.328  4841  4841 I SystemUi--Keyguard: ScrimControllerExImp-->blur State to UNLOCK, bouncer=false changeFromBouncerScrim= false runnerUnlock= false goingAway=false hasHandle=true isOccludeAnimationPlaying=false
07-29 15:39:03.329  4841  4841 I SystemUi--Keyguard: ScrimControllerExImp-->blur State to UNLOCK, bouncer=false changeFromBouncerScrim= false runnerUnlock= false goingAway=false hasHandle=true isOccludeAnimationPlaying=false
07-29 15:39:03.336  4841  4841 I SystemUi--Keyguard: ScrimControllerExImp-->blur State to UNLOCK, bouncer=false changeFromBouncerScrim= false runnerUnlock= false goingAway=false hasHandle=true isOccludeAnimationPlaying=false
07-29 15:39:03.337  1921  1989 I SnapAlloc: Using graphics libs for alignment calculations
07-29 15:39:03.337  4841  4841 I SystemUi--Keyguard: ScrimControllerExImp-->blur State to UNLOCK, bouncer=false changeFromBouncerScrim= false runnerUnlock= false goingAway=false hasHandle=true isOccludeAnimationPlaying=false
07-29 15:39:03.343  1991  1991 D SensorFeature: name=ssc_screenshot_info ,index = 22
07-29 15:39:03.343  1991  1991 D SensorFeature: write 29 bytes:60330607215,60338940548,161,0
07-29 15:39:03.345  4841  4841 I SystemUi--Keyguard: ScrimControllerExImp-->blur State to UNLOCK, bouncer=false changeFromBouncerScrim= false runnerUnlock= false goingAway=false hasHandle=true isOccludeAnimationPlaying=false
07-29 15:39:03.345  4841  4841 I SystemUi--Keyguard: ScrimControllerExImp-->blur State to UNLOCK, bouncer=false changeFromBouncerScrim= false runnerUnlock= false goingAway=false hasHandle=true isOccludeAnimationPlaying=false
07-29 15:39:03.353  4841  4841 I SystemUi--Keyguard: ScrimControllerExImp-->blur State to UNLOCK, bouncer=false changeFromBouncerScrim= false runnerUnlock= false goingAway=false hasHandle=true isOccludeAnimationPlaying=false
07-29 15:39:03.353  4841  4841 I SystemUi--Keyguard: ScrimControllerExImp-->blur State to UNLOCK, bouncer=false changeFromBouncerScrim= false runnerUnlock= false goingAway=false hasHandle=true isOccludeAnimationPlaying=false
07-29 15:39:03.354  1921  1989 I SnapAlloc: Using graphics libs for alignment calculations
07-29 15:39:03.361  4841  4841 I SystemUi--Keyguard: ScrimControllerExImp-->blur State to UNLOCK, bouncer=false changeFromBouncerScrim= false runnerUnlock= false goingAway=false hasHandle=true isOccludeAnimationPlaying=false
07-29 15:39:03.362  4841  4841 I SystemUi--Keyguard: ScrimControllerExImp-->blur State to UNLOCK, bouncer=false changeFromBouncerScrim= false runnerUnlock= false goingAway=false hasHandle=true isOccludeAnimationPlaying=false
07-29 15:39:03.370  4841  4841 I SystemUi--Keyguard: ScrimControllerExImp-->blur State to UNLOCK, bouncer=false changeFromBouncerScrim= false runnerUnlock= false goingAway=false hasHandle=true isOccludeAnimationPlaying=false
07-29 15:39:03.370  1921  1989 I SnapAlloc: Using graphics libs for alignment calculations
07-29 15:39:03.370  4841  4841 I SystemUi--Keyguard: ScrimControllerExImp-->blur State to UNLOCK, bouncer=false changeFromBouncerScrim= false runnerUnlock= false goingAway=false hasHandle=true isOccludeAnimationPlaying=false
07-29 15:39:03.378  4841  4841 I SystemUi--Keyguard: ScrimControllerExImp-->blur State to UNLOCK, bouncer=false changeFromBouncerScrim= false runnerUnlock= false goingAway=false hasHandle=true isOccludeAnimationPlaying=false
07-29 15:39:03.378  4841  4841 I SystemUi--Keyguard: ScrimControllerExImp-->blur State to UNLOCK, bouncer=false changeFromBouncerScrim= false runnerUnlock= false goingAway=false hasHandle=true isOccludeAnimationPlaying=false
07-29 15:39:03.386  4841  4841 I SystemUi--Keyguard: ScrimControllerExImp-->blur State to UNLOCK, bouncer=false changeFromBouncerScrim= false runnerUnlock= false goingAway=false hasHandle=true isOccludeAnimationPlaying=false
07-29 15:39:03.386  1921  1989 I SnapAlloc: Using graphics libs for alignment calculations
07-29 15:39:03.387  4841  4841 I SystemUi--Keyguard: ScrimControllerExImp-->blur State to UNLOCK, bouncer=false changeFromBouncerScrim= false runnerUnlock= false goingAway=false hasHandle=true isOccludeAnimationPlaying=false
07-29 15:39:03.394  4841  4841 I SystemUi--QuickSettings: TemporarilyInfoManager-->[setStarted] true
07-29 15:39:03.394  4841  4841 I SystemUi--QuickSettings: OplusQSRootViewController-->endClosing()
07-29 15:39:03.394  4841  4841 I SystemUi--Common: OplusShadeExpansionStat-->go state: OPENING -> OPEN
07-29 15:39:03.394  4841  4841 I SystemUi--Common: OplusShadeExpansionStat-->go state: OPENING -> OPEN
07-29 15:39:03.395  4841  4841 I SystemUi--Keyguard: ScrimControllerExImp-->blur State to UNLOCK, bouncer=false changeFromBouncerScrim= false runnerUnlock= false goingAway=false hasHandle=true isOccludeAnimationPlaying=false
07-29 15:39:03.395  4841  4841 I SystemUi--Common: PlatformBlurManagerImpl-->setPlatformBlurMode: blurMode=AUTO(blurFrequency=4)
07-29 15:39:03.395  4841  4841 I SystemUi--Common: PlatformBlurManagerImpl-->updateMotionFrequency: isExpanding=false
07-29 15:39:03.395  4841  4841 I SystemUi--Keyguard: ScrimControllerExImp-->blur State to UNLOCK, bouncer=false changeFromBouncerScrim= false runnerUnlock= false goingAway=false hasHandle=true isOccludeAnimationPlaying=false
07-29 15:39:03.395  4841  4841 I SystemUi--Device_Panel: OplusQSMyDeviceContainerViewController-->setQsDeviceExpansion expansion 1.0
07-29 15:39:03.395  4841  4841 I SystemUi--QuickSettings: QSPanelExpandFraction-->fractionAnimation onAnimationEnd, value=1.0
07-29 15:39:03.403  1921  1989 I SnapAlloc: Using graphics libs for alignment calculations
07-29 15:39:03.495 12969 13088 I SystemFeature: operator:{oppo.cmcc.mp:false, browser.cmcc:false, browser.test.cmcc:false, browser.cmcc.bookmark:false, browser.test.cmcc.bookmark:false, browser.cmcc.home:false, browser.test.cmcc.home:false
07-29 15:39:03.495 12969 13088 I SystemFeature: cu.optr:false, browser.cu:false, browser.test.cu:false
07-29 15:39:03.495 12969 13088 I SystemFeature: ct.optr:false, browser.ct:false, browser.test.ct:false
07-29 15:39:03.495 12969 13088 I SystemFeature: }
07-29 15:39:03.498  7807  7851 I OpenID  : com.heytap.pictorial:3142:ret:T
07-29 15:39:03.501 12969 13088 I IdentityUtil: initIdentity: success, duidInit=true, uuid=d7830aefe1185a1d969e64bfc89f60a7
07-29 15:39:03.505 12969 13088 D Identity: nonceAndCounter: fd78649624b576b90000000000000004
07-29 15:39:03.514  1828  4452 I sensors-hal: handle_oplus_wise_rgb_event:189, high_pwm_light:lux 179.8,cct 3560.9,brl/algo/ir 1339.0/2.0/23.6,pwm/dc 0.0/0.0,rgbc 14133.928711/9589.967773/4068.351807/26482.138672,ts 60306067389,cnt 830,flag 161
07-29 15:39:03.515  1932  4439 I Dpps    : LtmSwState::SetParameter():144 ignore cmd 7 in state LtmOffState
07-29 15:39:03.536  3311  3749 D VRR [OPlusSAManager]: updateAutoMinfps with nits: 100.58653, mHistOK true, mAmbientOK true, mCctOK true, mIrOK true, mBrightnessOK true, isPkgOK true, SA min fps: 119
07-29 15:39:03.536  3311  3749 D VRR [OPlusSurfaceFlingerController]: setAutoMode enable: true fakeFrame: true fps: 119
07-29 15:39:03.536  2149  2433 I VRR-[OPlusAdfrUtil]: ADFR try set Auto mode with mode 1 fakeframe 1 min fps 119
07-29 15:39:03.537  2149  2433 D VRR-[OPlusRefreshRateSelector]: OSyncModes add size is 1.
07-29 15:39:03.537  2149  2433 I VRR-[OPlusRefreshRateSelector]: updateAutoMode success, display 0, mode 0, fakeframe 1, min fps: 1
07-29 15:39:03.537  2149  3472 D VRR-[OPlusRefreshRateSelector]: handleSetHWCOSync
07-29 15:39:03.537  2149  3472 D VRR-[OPlusRefreshRateSelector]: OSyncModes remaining size is 0.
07-29 15:39:03.537  2149  3472 D VRR-[OPlusRefreshRateSelector]: SetHWCOSync with 5CC08181
07-29 15:39:03.537  1932  6424 I SDM     : DisplayBuiltIn::SetQSyncMode: VRR + update qsync mode 0 minfps 00C08181
07-29 15:39:03.542  1932  2215 E SDM     : DRMConnector::Perform: Connector 67: Setting Qsync min fps 12616065
07-29 15:39:03.561  1156 13011 I keystore2: system/security/keystore2/watchdog/src/lib.rs:319 - Watchdog thread idle -> terminating. Have a great day.
07-29 15:39:03.618  1991  1991 D SensorFeature: name=ssc_screenshot_info ,index = 22
07-29 15:39:03.618  1991  1991 D SensorFeature: write 29 bytes:60604912996,60613246329,162,0
07-29 15:39:03.749  3311  4995 I OplusHansManager : uid=10157, pkg=com.baidu.input_oppo cannot transition from R to M, importance=input
07-29 15:39:03.781  1932  4439 I Dpps    : LtmSwState::SetParameter():144 ignore cmd 7 in state LtmOffState
07-29 15:39:03.795  2009  2045 D BatteryChargeControl: bcc get no support from charging protocol
07-29 15:39:03.875  6550  6591 E oiface  : sched_setaffinity failed
07-29 15:39:03.879  2009  2009 D vendor.oplus.hardware.charger-V7-service: getChargerControl:
07-29 15:39:03.891  1991  1991 D SensorFeature: name=ssc_screenshot_info ,index = 22
07-29 15:39:03.891  1991  1991 D SensorFeature: write 29 bytes:60878610132,60886943465,163,0
07-29 15:39:03.897  1992  5089 E PerformanceService: storage_feature: open /sys/devices/platform/soc/112b0000.ufshci//virtualtlcbuff fail
07-29 15:39:03.902  3311  5315 W BestClock: java.time.DateTimeException: Missing network time fix
07-29 15:39:03.902  3311  5315 W BestClock: java.time.DateTimeException: Missing network time fix
07-29 15:39:03.903  3311  5315 W BestClock: java.time.DateTimeException: Missing network time fix
07-29 15:39:04.028  5163  5562 D OplusScrollToTopManager: com.android.launcher/com.android.launcher.Launcher,This com.android.internal.policy.DecorView{ca932e7 V.E...... R....... 0,0-1080,2376 aid=0 alpha=1.0 viewInfo = }[Launcher] change focus to false
07-29 15:39:04.030  4841  5045 D OplusScrollToTopManager: NotificationShade,This com.android.systemui.shade.NotificationShadeWindowView{6f7569a V.E...... ........ 0,0-1080,2376 #7f0a06b7 app:id/legacy_window_root alpha=1.0 viewInfo = } change focus to true
07-29 15:39:04.030  4841  5045 D OplusScrollToTopManager: NotificationShade, registerGuidePopupDismissReceiverInSystemUI
07-29 15:39:04.031  4841  5045 D OplusScrollToTopManager: NotificationShade, after registerGuidePopupDismissReceiverInSystemUI
07-29 15:39:04.046  1828  4452 I sensors-hal: handle_oplus_wise_rgb_event:189, high_pwm_light:lux 180.3,cct 3562.9,brl/algo/ir 1339.0/2.0/24.3,pwm/dc 0.0/0.0,rgbc 14191.864258/9589.967773/4082.122803/26607.402344,ts 60854331243,cnt 840,flag 163
07-29 15:39:04.048  1932  4439 I Dpps    : LtmSwState::SetParameter():144 ignore cmd 7 in state LtmOffState
07-29 15:39:04.155  7970 11650 W LOG_FLOWCTRL: ==LOGS OVER PROC QUOTA(300), rows(23) bytes(2649) com.oplus.metis DROPPED==
07-29 15:39:04.155  7970 11650 I LogCacheHelper: cache log scheduled task [base|com.oplus.metis|1.5.5-f48228a]
07-29 15:39:04.155  7970 11650 E metis_v2_JenaHandlerManager_cache: 2025-07-29 15:39:03.153000		8440		local thread match
07-29 15:39:04.155  7970 11650 E metis_v2_JenaHandlerManager_cache: 2025-07-29 15:39:03.154000		8440		local thread match
07-29 15:39:04.155  7970 11650 I metis_v2_BreenoSwitchSettingObserver_cache: 2025-07-29 15:39:03.153000		8439		panta-sugg-getMasterSwitchStatus from cache:true
07-29 15:39:04.155  7970 11650 E metis_v2_JenaHandlerManager_cache: 2025-07-29 15:39:03.154000		8440		local thread match
07-29 15:39:04.155  7970 11650 I ContextAware_SortAlgorithmManager.ReorderProcessor.RuleReRanker_cache: 2025-07-29 15:39:03.154000		8439		sceneIntentRerank sceneFinalScoreMap:{scene rerank, use defaultScore, finalScore:14111005SUBSTITUTE_SCENE=2.0}
07-29 15:39:04.155  7970 11650 E metis_v2_JenaHandlerManager_cache: 2025-07-29 15:39:03.154000		8440		local thread match
07-29 15:39:04.155  7970 11650 E metis_v2_JenaHandlerManager_cache: 2025-07-29 15:39:03.154000		8440		local thread match
07-29 15:39:04.155  7970 11650 I ContextAware_IntentSwitchManager_cache: 2025-07-29 15:39:03.154000		8439		getSubSwitchStatus = {clear_memory=true}
07-29 15:39:04.155  7970 11650 E metis_v2_JenaHandlerManager_cache: 2025-07-29 15:39:03.154000		8440		local thread match
07-29 15:39:04.155  7970 11650 I ContextAware_IntentSwitchManager_cache: 2025-07-29 15:39:03.154000		8439		isExistInSceneInfoActionList pantanalIntentAction = pantanal.intent.system.CLEAN_UP_STORAGE
07-29 15:39:04.155  7970 11650 E metis_v2_JenaHandlerManager_cache: 2025-07-29 15:39:03.154000		8440		local thread match
07-29 15:39:04.155  7970 11650 I metis_v2_BreenoSwitchSettingObserver_cache: 2025-07-29 15:39:03.154000		8439		panta-sugg-getMasterSwitchStatus from cache:true
07-29 15:39:04.155  7970 11650 E metis_v2_JenaHandlerManager_cache: 2025-07-29 15:39:03.154000		8440		local thread match
07-29 15:39:04.155  7970 11650 E metis_v2_JenaHandlerManager_cache: 2025-07-29 15:39:03.154000		8440		local thread match
07-29 15:39:04.155  7970 11650 I ContextAware_IntentSwitchManager_cache: 2025-07-29 15:39:03.154000		8439		isExistInSceneInfoActionList pantanalIntentAction = pantanal.intent.audio.SUBSTITUTE_RAM_CLEAN_UP
07-29 15:39:04.155  7970 11650 E metis_v2_JenaHandlerManager_cache: 2025-07-29 15:39:03.154000		8440		local thread match
07-29 15:39:04.155  7970 11650 I metis_v2_BreenoSwitchSettingObserver_cache: 2025-07-29 15:39:03.154000		8439		panta-sugg-getMasterSwitchStatus from cache:true
07-29 15:39:04.155  7970 11650 E metis_v2_JenaHandlerManager_cache: 2025-07-29 15:39:03.154000		8440		local thread match
07-29 15:39:04.155  7970 11650 I ContextAware_IntentSwitchManager_cache: 2025-07-29 15:39:03.154000		8439		isExistInSceneInfoActionList pantanalIntentAction = pantanal.intent.audio.SUBSTITUTE_RAM_CLEAN_UP_PLUS
07-29 15:39:04.155  7970 11650 E metis_v2_JenaHandlerManager_cache: 2025-07-29 15:39:03.154000		8440		local thread match
07-29 15:39:04.155  7970 11650 E metis_v2_JenaHandlerManager_cache: 2025-07-29 15:39:03.154000		8440		local thread match
07-29 15:39:04.155  7970 11650 I metis_v2_BreenoSwitchSettingObserver_cache: 2025-07-29 15:39:03.154000		8439		panta-sugg-getMasterSwitchStatus from cache:true
07-29 15:39:04.155  7970 11650 E metis_v2_JenaHandlerManager_cache: 2025-07-29 15:39:03.154000		8440		local thread match
07-29 15:39:04.156  7970 11650 I ContextAware_SortAlgorithmManager.ReorderProcessor.RuleReRanker_cache: 2025-07-29 15:39:03.154000		8439		sceneIntentRerank sceneFinalScoreMap:{scene rerank, use defaultScore, finalScore:14111004CLEAN_UP_STORAGE_SUBSTITUTE=4.06, scene rerank, use defaultScore, finalScore:18111007CLEAN_UP_SUBSTITUTE=4.05, scene rerank, use defaultScore, finalScore:18111008CLEAN_UP_PLUS_SUBSTITUTE=4.02}
07-29 15:39:04.156  7970 11650 E metis_v2_JenaHandlerManager_cache: 2025-07-29 15:39:03.154000		8440		local thread match
07-29 15:39:04.156  7970 11650 I ContextAware_SortAlgorithmManager.SceneIntentReorderProcessor_cache: 2025-07-29 15:39:03.154000		8439		IntentReorder: scene[210000000]rank mIntentList: size: 1 13151001
07-29 15:39:04.156  7970 11650 I ContextAware_SortAlgorithmManager.SceneIntentReorderProcessor_cache: scene[220500200]rank mIntentList: size: 1 14111005
07-29 15:39:04.156  7970 11650 I ContextAware_SortAlgorithmManager.SceneIntentReorderProcessor_cache: scene[240000000]rank mIntentList: size: 3 14111004 18111007 18111008
07-29 15:39:04.156  7970 11650 E metis_v2_JenaHandlerManager_cache: 2025-07-29 15:39:03.154000		8440		local thread match
07-29 15:39:04.156  7970 11650 E metis_v2_JenaHandlerManager_cache: 2025-07-29 15:39:03.154000		8440		local thread match
07-29 15:39:04.156  7970 11650 W ContextAware_SortAlgorithmManager.SceneUtil_cache: 2025-07-29 15:39:03.154000		8439		Drop invalid scene: 220500200
07-29 15:39:04.156  7970 11650 E metis_v2_JenaHandlerManager_cache: 2025-07-29 15:39:03.154000		8440		local thread match
07-29 15:39:04.156  7970 11650 E metis_v2_JenaHandlerManager_cache: 2025-07-29 15:39:03.154000		8440		local thread match
07-29 15:39:04.156  7970 11650 E metis_v2_JenaHandlerManager_cache: 2025-07-29 15:39:03.154000		8440		local thread match
07-29 15:39:04.156  7970 11650 I ContextAware_SortAlgorithmManager.SceneFocusProcessor_cache: 2025-07-29 15:39:03.154000		8439		scene 210000000 not change or has focus scene or current scene is L3
07-29 15:39:04.156  7970 11650 E metis_v2_JenaHandlerManager_cache: 2025-07-29 15:39:03.154000		8440		local thread match
07-29 15:39:04.156  7970 11650 I ContextAware_SortAlgorithmManager.SceneFocusProcessor_cache: 2025-07-29 15:39:03.154000		8439		scene 240000000 not change or has focus scene or current scene is L3
07-29 15:39:04.156  7970 11650 E metis_v2_JenaHandlerManager_cache: 2025-07-29 15:39:03.154000		8440		local thread match
07-29 15:39:04.156  7970 11650 E metis_v2_JenaHandlerManager_cache: 2025-07-29 15:39:03.154000		8440		local thread match
07-29 15:39:04.156  7970 11650 E metis_v2_JenaHandlerManager_cache: 2025-07-29 15:39:03.154000		8440		local thread match
07-29 15:39:04.156  7970 11650 E metis_v2_JenaHandlerManager_cache: 2025-07-29 15:39:03.154000		8440		local thread match
07-29 15:39:04.156  7970 11650 E metis_v2_JenaHandlerManager_cache: 2025-07-29 15:39:03.154000		8440		local thread match
07-29 15:39:04.156  7970 11650 E metis_v2_JenaHandlerManager_cache: 2025-07-29 15:39:03.154000		8440		local thread match
07-29 15:39:04.156  7970 11650 E metis_v2_JenaHandlerManager_cache: 2025-07-29 15:39:03.154000		8440		local thread match
07-29 15:39:04.156  7970 11650 E metis_v2_JenaHandlerManager_cache: 2025-07-29 15:39:03.154000		8440		local thread match
07-29 15:39:04.156  7970 11650 E metis_v2_JenaHandlerManager_cache: 2025-07-29 15:39:03.154000		8440		local thread match
07-29 15:39:04.156  7970 11650 E metis_v2_JenaHandlerManager_cache: 2025-07-29 15:39:03.154000		8440		local thread match
07-29 15:39:04.156  7970 11650 E metis_v2_JenaHandlerManager_cache: 2025-07-29 15:39:03.154000		8440		local thread match
07-29 15:39:04.156  7970 11650 E metis_v2_JenaHandlerManager_cache: 2025-07-29 15:39:03.155000		8440		local thread match
07-29 15:39:04.156  7970 11650 E metis_v2_JenaHandlerManager_cache: 2025-07-29 15:39:03.155000		8440		local thread match
07-29 15:39:04.156  7970 11650 E metis_v2_JenaHandlerManager_cache: 2025-07-29 15:39:03.155000		8440		local thread match
07-29 15:39:04.156  7970 11650 E metis_v2_JenaHandlerManager_cache: 2025-07-29 15:39:03.155000		8440		local thread match
07-29 15:39:04.156  7970 11650 I ContextAware_SortAlgorithmManager.BatchIntentProcessor_cache: 2025-07-29 15:39:03.155000		8439		onProcess decisionUTraceContext = UTraceContext(traceID=7f0000011753817943154340707970, current=p_7970_8972bc4@42, parent=null, spanType=1, valid=1, tag=null)
07-29 15:39:04.156  7970 11650 E metis_v2_JenaHandlerManager_cache: 2025-07-29 15:39:03.155000		8440		local thread match
07-29 15:39:04.156  7970 11650 E ContextAware_SortAlgorithmManager.BatchIntentProcessor_cache: 2025-07-29 15:39:03.155000		8439		onProcess intentStringList is invalid
07-29 15:39:04.156  7970 11650 E metis_v2_JenaHandlerManager_cache: 2025-07-29 15:39:03.155000		8440		local thread match
07-29 15:39:04.156  7970 11650 E ContextAware_SortAlgorithmManager.IntentSendProcessor_cache: 2025-07-29 15:39:03.155000		8439		disable direct send intent mode, clear
07-29 15:39:04.156  7970 11650 E metis_v2_JenaHandlerManager_cache: 2025-07-29 15:39:03.155000		8440		local thread match
07-29 15:39:04.156  7970 11650 E metis_v2_JenaHandlerManager_cache: 2025-07-29 15:39:03.155000		8440		local thread match
07-29 15:39:04.156  7970 11650 E metis_v2_JenaHandlerManager_cache: 2025-07-29 15:39:03.155000		8440		local thread match
07-29 15:39:04.156  7970 11650 E metis_v2_JenaHandlerManager_cache: 2025-07-29 15:39:03.155000		8440		local thread match
07-29 15:39:04.156  7970 11650 E metis_v2_JenaHandlerManager_cache: 2025-07-29 15:39:03.155000		8440		local thread match
07-29 15:39:04.156  7970 11650 E metis_v2_JenaHandlerManager_cache: 2025-07-29 15:39:03.155000		8440		local thread match
07-29 15:39:04.156  7970 11650 E metis_v2_JenaHandlerManager_cache: 2025-07-29 15:39:03.155000		8440		local thread match
07-29 15:39:04.156  7970 11650 E metis_v2_JenaHandlerManager_cache: 2025-07-29 15:39:03.155000		8440		local thread match
07-29 15:39:04.156  7970 11650 E metis_v2_JenaHandlerManager_cache: 2025-07-29 15:39:03.155000		8440		local thread match
07-29 15:39:04.156  7970 11650 I metis_v2_BreenoSwitchSettingObserver_cache: 2025-07-29 15:39:03.155000		8439		panta-sugg-getMasterSwitchStatus from cache:true
07-29 15:39:04.156  7970 11650 E metis_v2_JenaHandlerManager_cache: 2025-07-29 15:39:03.155000		8440		local thread match
07-29 15:39:04.156  7970 11650 E metis_v2_JenaHandlerManager_cache: 2025-07-29 15:39:03.155000		8440		local thread match
07-29 15:39:04.156  7970 11650 I ContextAware_IntentSwitchManager_cache: 2025-07-29 15:39:03.155000		8439		filterList, not filter, breeno switch on
07-29 15:39:04.156  7970 11650 E metis_v2_JenaHandlerManager_cache: 2025-07-29 15:39:03.155000		8440		local thread match
07-29 15:39:04.156  7970 11650 E metis_v2_JenaHandlerManager_cache: 2025-07-29 15:39:03.155000		8440		local thread match
07-29 15:39:04.156  7970 11650 E metis_v2_JenaHandlerManager_cache: 2025-07-29 15:39:03.155000		8440		local thread match
07-29 15:39:04.156  7970 11650 E metis_v2_JenaHandlerManager_cache: 2025-07-29 15:39:03.155000		8440		local thread match
07-29 15:39:04.156  7970 11650 E metis_v2_JenaHandlerManager_cache: 2025-07-29 15:39:03.155000		8440		local thread match
07-29 15:39:04.156  7970 11650 E metis_v2_JenaHandlerManager_cache: 2025-07-29 15:39:03.155000		8440		local thread match
