07-29 15:28:54.362  4980  4980 W Settings: Setting airplane_mode_on has moved from android.provider.Settings.System to android.provider.Settings.Global, returning read-only value.
07-29 15:28:54.362  4980  4980 W Settings: Setting airplane_mode_on has moved from android.provider.Settings.System to android.provider.Settings.Global, returning read-only value.
07-29 15:28:54.362  5251  5251 D SubsysBroadcastManager: onReceive action:android.intent.action.AIRPLANE_MODE
07-29 15:28:54.362  5051  5964 D NAS-CallIssueDetector: notifyApmChanged
07-29 15:28:54.362  3444  3444 D OplusWifiBroadCastDispatcher: mBroadcastReceiver: onReceiver  action=android.intent.action.AIRPLANE_MODE
07-29 15:28:54.362  5051  5996 D ElevatorEvent: enableElevatorDetect mIsElevSensorReg = false
07-29 15:28:54.362  5051  5996 V SystemSensorManagerExtImpl: RegisterListener elevator_detect  Wakeup type:33171036 delay:200000us by com.oplus.nas.comm.event.ElevatorEvent$a@9c855c6 from com.oplus.nas
07-29 15:28:54.362  5251  5251 D NetworkService[0]: onAirPlaneModeChange isAirPlaneModeOn:false
07-29 15:28:54.362  5251  5251 D NetworkService[1]: onAirPlaneModeChange isAirPlaneModeOn:false
07-29 15:28:54.362  5251  5251 D QuickChangeAirplaneModeEvent: airplane mode off
07-29 15:28:54.362  5051  6385 I PCDR-common_no_service[0]: forbidden
07-29 15:28:54.363  5051  6385 I PCDR-common_no_45g[0]: forbidden
07-29 15:28:54.363  5051  6385 I PCDR-common_no_service[1]: forbidden
07-29 15:28:54.363  5051  6385 I PCDR-common_no_45g[1]: forbidden
07-29 15:28:54.363  3444  4527 D WifiController: Airplane mode disabled, determine next state
07-29 15:28:54.363  3444  5468 D SensorService: createSensorEventConnection packageName = com.oplus.nas.comm.event.ElevatorEvent, opPackageName = com.oplus.nas, mCurrentOperatingMode = 0, requestedMode = 0
07-29 15:28:54.363  3444  4527 D WifiActiveModeWarden: Starting primary ClientModeManager in scan only mode
07-29 15:28:54.363  5251  5251 W Settings: Setting airplane_mode_on has moved from android.provider.Settings.System to android.provider.Settings.Global, returning read-only value.
07-29 15:28:54.363  5051  5963 D OplusLinkBoostMeeting: onAirplaneModeChange
07-29 15:28:54.364  5051  5964 D NAS-CallIssueDetector: EVENT_SIM_STATE_CHANGE mSimState[0] LOADED
07-29 15:28:54.364  5051  5964 D SceneEvent: registerSensorMgr start
07-29 15:28:54.364  5051  5960 D ResidenceLocSm: onPreHandleMessage 49
07-29 15:28:54.364  5051  5960 D ResidenceLocSm: onPostHandleMessage 49
07-29 15:28:54.364  3444  4479 D BluetoothSystemServer: AirplaneModeListener: Ignore mode change to same state. previousMode=false, isOn=false, isOnOverrode=false, isMediaConnected=false
07-29 15:28:54.364  3444  4527 D WifiController: DisabledState.exit()
07-29 15:28:54.364  3444  4527 D WifiController: EnabledState.enter()
07-29 15:28:54.364  3444  4527 D WifiClientModeManager[59208:unknown]: entering IdleState
07-29 15:28:54.365  5060  5060 I HidlServiceManagement: Trying to get transport of vendor.oplus.hardware.appradio@1.0::IOplusAppRadio/oplus_app_slot1 without hwservicemanager
07-29 15:28:54.365  5060  5060 E NhsAppRIL/0: in getOplusRadioProxy getService: Exception: java.util.NoSuchElementException
07-29 15:28:54.366  4980  4980 D PhoneGlobals: ACTION_AIRPLANE_MODE_CHANGED received
07-29 15:28:54.366  4980  4980 D PhoneGlobals: Receive ACTION_AIRPLANE_MODE_CHANGED, state: false
07-29 15:28:54.366  5060  5060 D NhsElevatorReceiver: enableElevatorDetect mIsElevSensorReg = false
07-29 15:28:54.366  5060  5060 V SystemSensorManagerExtImpl: RegisterListener elevator_detect  Wakeup type:33171036 delay:200000us by t0.g$b@c92331 from com.oplus.nhs
07-29 15:28:54.366  5150  5150 I QImsService: OplusWifiApmStateMgr : ACTION_AIRPLANE_MODE_CHANGED,mIsAirplaneModeOn: false
07-29 15:28:54.366  3444  5463 D SensorService: createSensorEventConnection packageName = t0.g, opPackageName = com.oplus.nhs, mCurrentOperatingMode = 0, requestedMode = 0
07-29 15:28:54.366  5150  5150 I QImsService: OplusImsServiceSubImpl : onTurnOffImsAfterWifiChanged : false
07-29 15:28:54.367  5150  5150 I QImsService: OplusImsServiceSubImpl : onTurnOffImsAfterWifiChanged : false
07-29 15:28:54.367  4980  4980 I PhoneGlobals: handleAirplaneModeChange: isAirplaneNewlyOn=false
07-29 15:28:54.367  4980  4980 D PhoneGlobals: handleAirplaneModeChange: isAirplaneNewlyOn = false, cellState = 2
07-29 15:28:54.367  4980  4980 I PhoneGlobals: Turning radio on - airplane
07-29 15:28:54.367  1878  1878 W android.hardware.wifi-service: No active wlan interfaces in use! Using default
07-29 15:28:54.368  5251  5251 D RadioMessenger: handleMessage Request msgid 2215
07-29 15:28:54.368  3444  5465 W SensorService: SensorEventConnection sensor handle=1362, package = com.oplus.nas.comm.event.ElevatorEvent enable
07-29 15:28:54.368  3444  5465 E SensorService: Required app com.oplus.nas.comm.event.ElevatorEvent, uid 1000, pid 5051
07-29 15:28:54.368  3444  5463 W SensorService: SensorEventConnection sensor handle=1362, package = t0.g enable
07-29 15:28:54.368  3444  5463 E SensorService: Required app t0.g, uid 1001, pid 5060
07-29 15:28:54.369  3444  5465 D SensorService: Calling batch handle==1362 flags=0rate=200000000 timeout== 0
07-29 15:28:54.369  3444  5465 D SensorService: SensorDevice::batch: ident=0xb4000079b72b2b00, handle=0x00000552, flags=0, period_ns=200000000 timeout=0
07-29 15:28:54.369  3444  5465 D SensorService: 	>>> actuating h/w BATCH 0x00000552 200000000 0
07-29 15:28:54.369  3444  4527 D OplusWifiConcurrentManager: isConcurrentCombinationAllowed : createMode= 0, requestType =-1
07-29 15:28:54.369  1852  1852 I sensors-hal: batch:153, qti.sensor.elevator_detect/1362, period=200000000, max_latency=0
07-29 15:28:54.369  1852  1852 I sensors-hal: batch:175, qti.sensor.elevator_detect/1362, period=200000000, max_latency=0 request completed
07-29 15:28:54.369  3444  5465 D SensorService: Calling activate on 1362
07-29 15:28:54.369  3444  5465 D SensorService: SensorDevice::activate: ident=0xb4000079b72b2b00, handle=0x00000552, enabled=1, count=1
07-29 15:28:54.369  3444  5465 D SensorService: enable index=0
07-29 15:28:54.369  3444  5465 D SensorService: info.numActiveClients() = 1, info.isActive = 0
07-29 15:28:54.369  3444  5465 D SensorService: activateHardware = 1
07-29 15:28:54.369  3444  5465 D SensorService: 	>>> actuating h/w activate handle=1362 enabled=1
07-29 15:28:54.369  1852  1852 I sensors-hal: activate:112, qti.sensor.elevator_detect/1362 en=1
07-29 15:28:54.369  1852  1852 I sensors-hal: acquire_qsh_interface:131, acquire_qsh_interface with sensor_id 28 , conn_type 2 
07-29 15:28:54.369  3444  4527 I HalDevMgr: currentModeId=3, requestModeId=3, currentModeIdValid=true
07-29 15:28:54.369  5251  5251 D RadioProxyJ: [PHONE0][89]> getNecData moduleId:1 evtId:[0, 16, 0, 0, 0, 0, 0, 0, 0, 0, 0, 0, 0, 0, 0, 0, 0, 0, 0, 0, 0, 0, 0, 0, 0, 0, 0, 0, 0, 0, 0, 0]
07-29 15:28:54.370  1878  1878 D WifiHAL : wifi_set_interface_mode: ifname=wlan0 iface_type=0
07-29 15:28:54.371  1815  1867 E minksocket: MinkIPC ERROR: ( 1815:1867 ) MinkIPC_preProcess:272 Client down, but cannot find corresponding minksession
07-29 15:28:54.371  1878  1878 I android.hardware.wifi-service: Adding interface handle for p2p0
07-29 15:28:54.371  1878  1878 I android.hardware.wifi-service: Adding interface handle for wifi-aware0
07-29 15:28:54.371  1878  1878 I android.hardware.wifi-service: Adding interface handle for wlan0
07-29 15:28:54.371  4918  4918 D RowAnimatorExtImpl: init:tx,view:StatusBarIconView(slot='volume' alpha=1.0 icon=StatusBarIcon(icon=Icon(typ=RESOURCE pkg=com.android.systemui id=0x7f0818f0) visible user=0 ) visibleState=ICON iconColor=#ccffffff staticDrawableColor=#ccffffff decorColor=#ffffffff animationStartColor=#0 currentSetColor=#ccffffff notification=null),translationX:  9.0  0.0  
07-29 15:28:54.371  4918  4918 D RowAnimatorExtImpl: init:tx,view:StatusBarIconView(slot='zen' alpha=1.0 icon=StatusBarIcon(icon=Icon(typ=RESOURCE pkg=com.android.systemui id=0x7f0818e1) visible user=0 ) visibleState=ICON iconColor=#ccffffff staticDrawableColor=#ccffffff decorColor=#ffffffff animationStartColor=#0 currentSetColor=#ccffffff notification=null),translationX:  57.0  48.0  
07-29 15:28:54.371  4918  4918 D RowAnimatorExtImpl: init:tx,view:StatusBarIconView(slot='volume' alpha=1.0 icon=StatusBarIcon(icon=Icon(typ=RESOURCE pkg=com.android.systemui id=0x7f0818f0) visible user=0 ) visibleState=ICON iconColor=#ccffffff staticDrawableColor=#ccffffff decorColor=#ffffffff animationStartColor=#0 currentSetColor=#ccffffff notification=null),translationX:  9.0  0.0  
07-29 15:28:54.371  1815  1867 E minksocket: MinkIPC ERROR: ( 1815:1867 ) MinkIPC_preProcess:272 Client down, but cannot find corresponding minksession
07-29 15:28:54.371  4918  4918 D RowAnimatorExtImpl: init:tx,view:StatusBarIconView(slot='zen' alpha=1.0 icon=StatusBarIcon(icon=Icon(typ=RESOURCE pkg=com.android.systemui id=0x7f0818e1) visible user=0 ) visibleState=ICON iconColor=#ccffffff staticDrawableColor=#ccffffff decorColor=#ffffffff animationStartColor=#0 currentSetColor=#ccffffff notification=null),translationX:  57.0  48.0  
07-29 15:28:54.371  1815  1857 E minksocket: MinkIPC ERROR: ( 1815:1857 ) MinkIPC_preProcess:272 Client down, but cannot find corresponding minksession
07-29 15:28:54.371  1815  1857 E minksocket: MinkIPC ERROR: ( 1815:1857 ) MinkIPC_preProcess:272 Client down, but cannot find corresponding minksession
07-29 15:28:54.371  4918  4918 D RowAnimatorExtImpl: init:tx,view:StatusBarIconView(slot='volume' alpha=1.0 icon=StatusBarIcon(icon=Icon(typ=RESOURCE pkg=com.android.systemui id=0x7f0818f0) visible user=0 ) visibleState=ICON iconColor=#ccffffff staticDrawableColor=#ccffffff decorColor=#ffffffff animationStartColor=#0 currentSetColor=#ccffffff notification=null),translationX:  9.0  0.0  
07-29 15:28:54.371  4918  4918 D RowAnimatorExtImpl: init:tx,view:StatusBarIconView(slot='zen' alpha=1.0 icon=StatusBarIcon(icon=Icon(typ=RESOURCE pkg=com.android.systemui id=0x7f0818e1) visible user=0 ) visibleState=ICON iconColor=#ccffffff staticDrawableColor=#ccffffff decorColor=#ffffffff animationStartColor=#0 currentSetColor=#ccffffff notification=null),translationX:  57.0  48.0  
07-29 15:28:54.371  3437  3492 D QmiVsClient: getNecData - enter
07-29 15:28:54.371  3437  3492 E QmiVsClient: sendAsyncRequest QMI_VS_GET_NEC_DATA_REQ_MSG_V01 ret 0
07-29 15:28:54.371  3444  4527 D HalDevMgr: updateRttController: no one is interested in RTT controllers
07-29 15:28:54.372  3444  4527 E HalDevMgr: removeP2pAndSapCombination do nothing: mIsAddedP2pAndSapCombination = false
07-29 15:28:54.372  1815  1867 E minksocket: MinkIPC ERROR: ( 1815:1867 ) MinkIPC_preProcess:272 Client down, but cannot find corresponding minksession
07-29 15:28:54.372  1878  1878 W android.hardware.wifi-service: AIBinder_linkToDeath is being called with a non-null cookie and no onUnlink callback set. This might not be intended. AIBinder_DeathRecipient_setOnUnlinked should be called first.
07-29 15:28:54.372  1878  1878 I android.hardware.wifi-service: twtRegisterEvents is not supported-3
07-29 15:28:54.372  1815  1857 E minksocket: MinkIPC ERROR: ( 1815:1857 ) MinkIPC_preProcess:272 Client down, but cannot find corresponding minksession
07-29 15:28:54.372  1852  1852 I sensors-hal: qsh_qmi:34, qsh_qmi
07-29 15:28:54.372  1852  1852 I sensors-hal: send_sync_sensor_request:443, send sync request
07-29 15:28:54.372  1852  1852 I sensors-hal: send_sync_sensor_request:472, wait for notification of response
07-29 15:28:54.372  3437  3957 D QmiVsClient: getNecData callback - enter
07-29 15:28:54.373  1815  1867 E minksocket: MinkIPC ERROR: ( 1815:1867 ) MinkIPC_preProcess:272 Client down, but cannot find corresponding minksession
07-29 15:28:54.373  1815  1857 E minksocket: MinkIPC ERROR: ( 1815:1857 ) MinkIPC_preProcess:272 Client down, but cannot find corresponding minksession
07-29 15:28:54.373  3437  3492 D VsProxy : handleMessage msg is 4001
07-29 15:28:54.373  3437  3492 D RadioProxy: getNecData : response cb for instance 0
07-29 15:28:54.374  4918  5895 I SystemUi--QuickSettings: Tile.OplusAirplaneModeTile-->handleUpdateState state.state: 1 value: 0
07-29 15:28:54.374  1878  1878 W android.hardware.wifi-service: AIBinder_linkToDeath is being called with a non-null cookie and no onUnlink callback set. This might not be intended. AIBinder_DeathRecipient_setOnUnlinked should be called first.
07-29 15:28:54.374  4918  5895 V OplusCustomizeCacheManager: queryCache name: sys.cache.common_customize_cache18026 param: null
07-29 15:28:54.375  1878  1878 D WifiHAL : wifi_get_chip_capabilities: max mlo assoc link cnt: 2 str link cnt 2
07-29 15:28:54.375  1852 13141 I sensors-hal: qsh_conn_resp_cb:793, resp_value = 0 for elevator_detect 
07-29 15:28:54.375  3444  4527 D WifiNl80211Manager: Setting up interface for client mode: wlan0
07-29 15:28:54.375  1852  1852 I sensors-hal: send_sync_sensor_request:478, takes 2 ms to receive the response with 0
07-29 15:28:54.375  1852  1852 I sensors-hal: activate:131, qti.sensor.elevator_detect/1362 en=1 completed
07-29 15:28:54.375  3444  5465 D SensorService: 0xb4000079b72b2b00 addFd fd=961
07-29 15:28:54.375  5251  6309 D RadioProxyJ: [PHONE0][89]< getNecDataResponse ******
07-29 15:28:54.375  5051  5996 D ElevatorEvent: elevator:registerForElevatorDetect  , true mIsElevSensorReg = true
07-29 15:28:54.375  5051  5996 D SceneEvent: registerSensorMgr start
07-29 15:28:54.375  5051  5996 D SceneEvent: registerSensorMgr already start,return
07-29 15:28:54.375  5251  5251 D MessengerResponseHandler: handleMessage Response msgid 206
07-29 15:28:54.376  4918  5204 I SystemUi--QuickSettings: Tile.OplusCellularTile-->updateCarrierText: dialog not showing, ignore
07-29 15:28:54.376  3444  5463 D SensorService: Calling batch handle==1362 flags=0rate=200000000 timeout== 0
07-29 15:28:54.376  3444  5463 D SensorService: SensorDevice::batch: ident=0xb4000078a37fa040, handle=0x00000552, flags=0, period_ns=200000000 timeout=0
07-29 15:28:54.376  3444  5463 D SensorService: Calling activate on 1362
07-29 15:28:54.376  3444  5463 D SensorService: SensorDevice::activate: ident=0xb4000078a37fa040, handle=0x00000552, enabled=1, count=2
07-29 15:28:54.376  3444  5463 D SensorService: enable index=0
07-29 15:28:54.376  3444  5463 D SensorService: info.numActiveClients() = 2, info.isActive = 1
07-29 15:28:54.376  3444  5463 D SensorService: activateHardware = 0
07-29 15:28:54.376  3444  5463 D SensorService: 0xb4000078a37fa040 addFd fd=981
07-29 15:28:54.376  5060  5060 D NhsElevatorReceiver: elevator:registerForElevatorDetect  , true mIsElevSensorReg = true
07-29 15:28:54.376  5060  5060 D NhsSceneReceiver: registerSensorMgr start
07-29 15:28:54.376  5060  5060 V SystemSensorManagerExtImpl: RegisterListener oplus_activity_recognition  Wakeup type:33171037 delay:200000us by t0.k$a@7431a16 from com.oplus.nhs
07-29 15:28:54.376  4918  5204 D SimStateHelper: slot:0, lock state:Bundle[mParcelledData.dataSize=56]
07-29 15:28:54.376  3444  5465 D SensorService: createSensorEventConnection packageName = t0.k, opPackageName = com.oplus.nhs, mCurrentOperatingMode = 0, requestedMode = 0
07-29 15:28:54.376  4918  5204 D SimStateHelper: slot:1, lock state:Bundle[mParcelledData.dataSize=56]
07-29 15:28:54.376  4918  5204 D SimStateHelper: needDisableMenu: slot1State=-1; slot2State=-1
07-29 15:28:54.376  4918  5204 D SimStateHelper: needDisableMenu:false
07-29 15:28:54.376  2765  2765 I wificond: Current driver country code US
07-29 15:28:54.376  3444  5465 W SensorService: SensorEventConnection sensor handle=1372, package = t0.k enable
07-29 15:28:54.376  3444  5465 E SensorService: Required app t0.k, uid 1001, pid 5060
07-29 15:28:54.376  3444  5465 D SensorService: enable sensor send lastEvent 1372
07-29 15:28:54.376  2765  2765 I wificond: createClientInterface: wiphy_index 0 iface_name wlan0
07-29 15:28:54.376  3444  5463 D WifiNl80211Manager: OnRegDomainChanged US
07-29 15:28:54.377  3444  5463 D WifiNative: onCountryCodeChanged: US
07-29 15:28:54.377  3444  5463 I WifiCountryCode: Receive onDriverCountryCodeChanged US
07-29 15:28:54.377  2765  2765 I wificond: create scanner for interface with index: 27
07-29 15:28:54.377  2765  2765 I wificond: subscribe scan result for interface with index: 27
07-29 15:28:54.377  3444  5463 D WifiScanRequestProxy: Sending scan available broadcast: true
07-29 15:28:54.377  3444  4532 I WifiScanningService: Received a request to enable scanning, UID = 1000
07-29 15:28:54.377  3444  5465 D SensorService: Calling batch handle==1372 flags=0rate=200000000 timeout== 0
07-29 15:28:54.377  3444  5465 D SensorService: SensorDevice::batch: ident=0xb4000079ab073a00, handle=0x0000055c, flags=0, period_ns=200000000 timeout=0
07-29 15:28:54.377  3444  5465 D SensorService: Calling activate on 1372
07-29 15:28:54.377  3444  5465 D SensorService: SensorDevice::activate: ident=0xb4000079ab073a00, handle=0x0000055c, enabled=1, count=4
07-29 15:28:54.377  3444  5465 D SensorService: enable index=1
07-29 15:28:54.377  3444  5465 D SensorService: info.numActiveClients() = 4, info.isActive = 1
07-29 15:28:54.377  3444  5465 D SensorService: activateHardware = 0
07-29 15:28:54.377  3444  5465 D SensorService: 0xb4000079ab073a00 addFd fd=973
07-29 15:28:54.377  2765  2765 I wificond: add channel type 0 support at wiphy index: 0
07-29 15:28:54.377  2765  2765 I wificond: add channel type 1 support at wiphy index: 0
07-29 15:28:54.377  5060  5060 D NhsSceneReceiver: sensor name is oplus_activity_recognition  Wakeup, registerState:true
07-29 15:28:54.377  5060  5060 D NhsSceneReceiver: onAccuracyChanged
07-29 15:28:54.377  3444  5463 I WifiScanRequestProxy: Scanning is enabled
07-29 15:28:54.377  3444  5463 I WifiScanRequestProxy: Scanning for hidden networks is disabled
07-29 15:28:54.377  5060  5634 D NhsSceneReceiver: onSensorChanged: name = oplus_activity_recognition  Wakeup
07-29 15:28:54.377  5060  5060 E NhsAppRILMsger: EVENT_REQ_EVENT_DONE Error received :com.android.internal.telephony.CommandException: RADIO_NOT_AVAILABLE
07-29 15:28:54.377  5060  5634 D NhsSceneReceiver: enter still_state
07-29 15:28:54.377  3444  3444 D OplusWifiBroadCastDispatcher: mBroadcastReceiver: onReceiver  action=android.net.wifi.action.WIFI_SCAN_AVAILABILITY_CHANGED
07-29 15:28:54.378  3444  4652 D OplusWifiPower_ConnLpmEventObsever: onReceive EXTRA_SCAN_AVAILABLE availabe = true
07-29 15:28:54.378  3444  4652 D OplusWifiPowerService: onReceive action:android.net.wifi.action.WIFI_SCAN_AVAILABILITY_CHANGED
07-29 15:28:54.378  3444  4652 D OplusWifiSwitchStateMonitor: scan settings change to true
07-29 15:28:54.378  7016  7016 I OsAgent : onReceive: android.net.wifi.action.WIFI_SCAN_AVAILABILITY_CHANGED
07-29 15:28:54.378  7016  7802 I OsAgent : updateWiFiScanAvailState, scanAvailable: true
07-29 15:28:54.378  7016  7802 D OsAgentAidlClient: [bool_dataitem_update][1570] [HC] =>> [HS]
07-29 15:28:54.378  3444  4527 I WifiNative: Interface state changed on Iface:{Name=wlan0,Id=1,Type=STA_SCAN}, isUp=true
07-29 15:28:54.378  1878  1878 I WifiHAL : mpdu_size_threshold : 128, aggressive_statistics_gathering : 0
07-29 15:28:54.379  3444  4527 I WifiNative: Successfully setup Iface:{Name=wlan0,Id=1,Type=STA_SCAN}
07-29 15:28:54.379  3444  4527 E SupplicantStaIfaceHalAidlImpl: Can't call getKeyMgmtCapabilities, ISupplicantStaIface is null for iface=wlan0
07-29 15:28:54.379  1832  1897 I LocSvc_SystemStatusOsObserver: sendCachedDataItems:471] DataItem: IS_WIFI_HARDWARE_ON: true >> Wiper
07-29 15:28:54.379  1832  1934 I LocSvc_api_v02: ---> locClientSendReq line 2409 QMI_LOC_NOTIFY_WIFI_ENABLED_STATUS_REQ_V02
07-29 15:28:54.380  1878  1917 I WifiHAL : wifi_get_supported_radio_combinations_matrix: enter
07-29 15:28:54.380  1878  1917 I WifiHAL : wifi_parse_radio_combinations_matrix: radio_combinations[1]: num_radio_configurations 1
07-29 15:28:54.380  1878  1917 I WifiHAL : wifi_parse_radio_combinations_matrix: radio_combinations[2]: num_radio_configurations 1
07-29 15:28:54.380  1878  1917 I WifiHAL : wifi_parse_radio_combinations_matrix: radio_combinations[3]: num_radio_configurations 1
07-29 15:28:54.380  1878  1917 I WifiHAL : wifi_parse_radio_combinations_matrix: radio_combinations[4]: num_radio_configurations 2
07-29 15:28:54.380  1878  1917 I WifiHAL : wifi_parse_radio_combinations_matrix: radio_combinations[5]: num_radio_configurations 2
07-29 15:28:54.380  1878  1917 I WifiHAL : wifi_parse_radio_combinations_matrix: radio_combinations[6]: num_radio_configurations 2
07-29 15:28:54.380  1878  1917 I WifiHAL : wifi_parse_radio_combinations_matrix: num_radio_combinations 6, radio_matrix_size 100
07-29 15:28:54.380  3444  4527 E SupplicantStaIfaceHalAidlImpl: Can't call getWpaDriverCapabilities, ISupplicantStaIface is null for iface=wlan0
07-29 15:28:54.381  3444  4527 E WifiStaIfaceAidlImpl: getTwtCapabilities failed with service-specific exception: android.os.ServiceSpecificException:  (code 4)
07-29 15:28:54.381  3444  4527 E WifiChipAidlImpl: enableStaChannelForPeerNetwork failed with service-specific exception: android.os.ServiceSpecificException:  (code 4)
07-29 15:28:54.381  3444  4527 D WifiNative: setWifiNativeInterfaceEventCallback
07-29 15:28:54.381  3444  4527 D WifiClientModeManager[59208:wlan0]: entering StartedState
07-29 15:28:54.381  1878  1878 E WifiHAL : wifi_get_gscan_capabilities: GSCAN is not supported by driver
07-29 15:28:54.381  3444  4532 E WifiStaIfaceAidlImpl: getBackgroundScanCapabilities failed with service-specific exception: android.os.ServiceSpecificException:  (code 4)
07-29 15:28:54.381  3444  4527 D WifiClientModeManager[59208:wlan0]: entering ScanOnlyModeState
07-29 15:28:54.381  3444  4527 D WifiScanRequestProxy: Sending scan available broadcast: true
07-29 15:28:54.382  3444  4527 I WifiScanRequestProxy: Scanning is enabled
07-29 15:28:54.382  3444  4527 I WifiScanRequestProxy: Scanning for hidden networks is disabled
07-29 15:28:54.382  1878  1917 D WifiHAL : wifi_multi_sta_set_use_case: 0
07-29 15:28:54.382  3444  3444 D OplusWifiBroadCastDispatcher: mBroadcastReceiver: onReceiver  action=android.net.wifi.action.WIFI_SCAN_AVAILABILITY_CHANGED
07-29 15:28:54.382  7016  7016 I OsAgent : onReceive: android.net.wifi.action.WIFI_SCAN_AVAILABILITY_CHANGED
07-29 15:28:54.382  3444  4527 D WifiCountryCode: evaluateAllCmmStateAndApplyIfAllReady: {ConcreteClientModeManager{id=59208 iface=wlan0 role=ROLE_CLIENT_SCAN_ONLY}=true}
07-29 15:28:54.382  3444  4527 D WifiCountryCode: Reading country code from telephony
07-29 15:28:54.383  3444  4527 D WifiCountryCode: Set telephony country code to: 
07-29 15:28:54.383  3444  4527 D WifiCountryCode: updateCountryCode to US
07-29 15:28:54.383  3444  4527 D WifiCountryCode: setCountryCodeNative: US, isClientModeOnly: true mDriverCountryCode: US
07-29 15:28:54.383  3444  4652 D OplusWifiPower_ConnLpmEventObsever: onReceive EXTRA_SCAN_AVAILABLE availabe = true
07-29 15:28:54.383  3444  4652 D OplusWifiPowerService: onReceive action:android.net.wifi.action.WIFI_SCAN_AVAILABILITY_CHANGED
07-29 15:28:54.383  3444  4652 D OplusWifiSwitchStateMonitor: scan settings change to true
07-29 15:28:54.383  3444  5463 W BestClock: java.time.DateTimeException: Missing network time fix
07-29 15:28:54.383  3444  4532 I WifiScanningService: Created a new impl for wlan0
07-29 15:28:54.383  7016  7802 I OsAgent : updateWiFiScanAvailState, scanAvailable: true
07-29 15:28:54.383  3444  4532 I WifiScanningService: Received a request to enable scanning, UID = 1000
07-29 15:28:54.383  3444  4532 I WifiScanningService: scanner impls already exists
07-29 15:28:54.383  3444  4532 I WifiScanningService: wifi driver loaded with scan capabilities: max buckets=16
07-29 15:28:54.383  3444  4532 E WifiScanningService: wifi driver loaded received while already loaded
07-29 15:28:54.384  1711  1765 E TetherController: property_get sys.radio.data.modem_share_flag return 0, 1!
07-29 15:28:54.385  3444  5463 W BestClock: java.time.DateTimeException: Missing network time fix
07-29 15:28:54.386  3444  5463 W BestClock: java.time.DateTimeException: Missing network time fix
07-29 15:28:54.387  5051  5963 W BestClock: java.time.DateTimeException: Missing network time fix
07-29 15:28:54.387  1832  4050 I LocSvc_ApiV02: <--- globalRespCb line 282 QMI_LOC_NOTIFY_WIFI_ENABLED_STATUS_REQ_V02
07-29 15:28:54.387  5051  5963 V MonthTrafficAlert: getWarningNotification subId:1 numWarningNotificaion:0
07-29 15:28:54.389  3444  5443 W BestClock: java.time.DateTimeException: Missing network time fix
07-29 15:28:54.390  4918  5895 V OplusCustomizeCacheManager: queryCache name: sys.cache.common_customize_cache18014 param: null
07-29 15:28:54.390  4918  5895 V OplusCustomizeCacheManager: queryCache name: sys.cache.common_customize_cache18017 param: Bundle[{SETTING=BLOCK, BUSINESS=NCT-DATA}]
07-29 15:28:54.390  4918  5895 V OplusCustomizeCacheManager: queryCache name: sys.cache.common_customize_cache18013 param: null
07-29 15:28:54.392  5047  5102 D QtiOemHookAidl: oemHookRawIndication length=21
07-29 15:28:54.393  5047  5047 D QcrilMsgTunnelIfaceManager: handleMessage what = 0
07-29 15:28:54.393  1852  6367 I sensors-hal: qsh_conn_event_cb:756, event[0] msg_id=1025, ts=1219609047, sensor_type = oplus_activity_recognition  Wakeup
07-29 15:28:54.393  1852  6367 E sensors-hal: handle_sns_std_sensor_event:72, oplus_activity_recognition output: count: 1.000000, index: 1.000000, incar_state: 0.000000, actvity_mode: 3.000000, delta_time: 0.000000 !
07-29 15:28:54.394  4980  4980 D QC_RIL_OEM_HOOK: Received Broadcast Intent ACTION_UNSOL_RESPONSE_OEM_HOOK_RAW
07-29 15:28:54.394  6485  6485 I wpa_supplicant: p2p0: CTRL-EVENT-REGDOM-CHANGE init=DRIVER type=COUNTRY alpha2=US
07-29 15:28:54.394  2765  2765 I wificond: Regulatory domain changed to country: US on wiphy_index: 0
07-29 15:28:54.394  2765  2765 I wificond: UpdateBandInfo
07-29 15:28:54.394  3444  5443 D WifiNl80211Manager: OnRegDomainChanged US
07-29 15:28:54.394  3444  5443 D WifiNative: onCountryCodeChanged: US
07-29 15:28:54.394  3444  5443 I WifiCountryCode: Receive onDriverCountryCodeChanged US
07-29 15:28:54.394  4980  4980 D QC_RIL_OEM_HOOK: Received Broadcast Intent ACTION_UNSOL_RESPONSE_OEM_HOOK_RAW
07-29 15:28:54.394  4980  4980 D QC_RIL_OEM_HOOK: Received Broadcast Intent ACTION_UNSOL_RESPONSE_OEM_HOOK_RAW
07-29 15:28:54.394  3444  5443 D WifiScanRequestProxy: Sending scan available broadcast: true
07-29 15:28:54.395  5047  5047 D QC_RIL_OEM_HOOK: Received Broadcast Intent ACTION_UNSOL_RESPONSE_OEM_HOOK_RAW
07-29 15:28:54.395  3444  5443 I WifiScanRequestProxy: Scanning is enabled
07-29 15:28:54.395  3444  5443 I WifiScanRequestProxy: Scanning for hidden networks is disabled
07-29 15:28:54.395  2765  2765 I wificond: 2.4Ghz frequencies: 2412 2417 2422 2427 2432 2437 2442 2447 2452 2457 2462
07-29 15:28:54.395  2765  2765 I wificond: 5Ghz non-DFS frequencies: 5180 5200 5220 5240 5745 5765 5785 5805 5825
07-29 15:28:54.395  2765  2765 I wificond: 5Ghz DFS frequencies: 5260 5280 5300 5320 5500 5520 5540 5560 5580 5600 5620 5640 5660 5680 5700
07-29 15:28:54.395  2765  2765 I wificond: 6Ghz frequencies:
07-29 15:28:54.395  2765  2765 I wificond: 60Ghz frequencies:
07-29 15:28:54.395  3444  3444 D OplusWifiBroadCastDispatcher: mBroadcastReceiver: onReceiver  action=android.net.wifi.action.WIFI_SCAN_AVAILABILITY_CHANGED
07-29 15:28:54.395  3444  5465 W BestClock: java.time.DateTimeException: Missing network time fix
07-29 15:28:54.395  3444  4652 D OplusWifiPower_ConnLpmEventObsever: onReceive EXTRA_SCAN_AVAILABLE availabe = true
07-29 15:28:54.395  3444  4652 D OplusWifiPowerService: onReceive action:android.net.wifi.action.WIFI_SCAN_AVAILABILITY_CHANGED
07-29 15:28:54.395  7016  7016 I OsAgent : onReceive: android.net.wifi.action.WIFI_SCAN_AVAILABILITY_CHANGED
07-29 15:28:54.395  3444  4652 D OplusWifiSwitchStateMonitor: scan settings change to true
07-29 15:28:54.395  5060  5634 D NhsSceneReceiver: onSensorChanged: name = oplus_activity_recognition  Wakeup
07-29 15:28:54.395  3444  4532 I WifiScanningService: Received a request to enable scanning, UID = 1000
07-29 15:28:54.395  3444  4532 I WifiScanningService: scanner impls already exists
07-29 15:28:54.395  3444  4532 E WifiScanningService: wifi driver loaded received while already loaded
07-29 15:28:54.395  7016  7802 I OsAgent : updateWiFiScanAvailState, scanAvailable: true
07-29 15:28:54.395  5051  5512 D SceneEvent: onSensorChanged: name = oplus_activity_recognition  Wakeup
07-29 15:28:54.396  3444  5465 W BestClock: java.time.DateTimeException: Missing network time fix
07-29 15:28:54.396  4918  5895 V OplusCustomizeCacheManager: queryCache name: sys.cache.common_customize_cache18014 param: null
07-29 15:28:54.397  4918  5895 V OplusCustomizeCacheManager: queryCache name: sys.cache.common_customize_cache18017 param: Bundle[{SETTING=BLOCK, BUSINESS=NCT-DATA}]
07-29 15:28:54.397  4918  5895 V OplusCustomizeCacheManager: queryCache name: sys.cache.common_customize_cache18013 param: null
07-29 15:28:54.401  3444  5463 W BestClock: java.time.DateTimeException: Missing network time fix
07-29 15:28:54.401  5186  6158 D IWlanJni: getDataRegistrationState start
07-29 15:28:54.401  5186  6158 D IWlanJni: getDataRegistrationState start
07-29 15:28:54.402  5186  6249 D IWlanJni: new aidl event arrived
07-29 15:28:54.402  5186  6249 D IWlanJni: handleEvent 10
07-29 15:28:54.402  5186  6249 D IWlanJni: isThreadAttached start
07-29 15:28:54.402  5186  6249 D IWlanJni: jni detached
07-29 15:28:54.402  5186  6249 D IWlanJni: jni attached
07-29 15:28:54.402  5186  6249 D IWlanJni: getDataRegistrationStateResponse start
07-29 15:28:54.402  5186  6249 D IWlanJni: getJavaCallbackClass start
07-29 15:28:54.402  5186  6249 D IWlanJni: getJavaCallbackClass End midIs[1]
07-29 15:28:54.402  5186  6249 I IWlanAidlClient: getDataRegistrationStateResponse called
07-29 15:28:54.402  1832  3718 E LOCRIL_SESSION: operator():200] SubId: 1 Failed to get sim IO with error: 11
07-29 15:28:54.402  5186  6240 W IWlanNetworkService: 6 > Response Processed
07-29 15:28:54.403  1832  3718 E LOCRIL_SESSION: operator():241] SubId: 1 Failed to get sim IMSI with error: 11
07-29 15:28:54.403  5251  5251 D SubsysEventListenerManager-SubsysTelephonyCallback[0]: onSignalStrengthsChanged
07-29 15:28:54.403  5186  6256 D IWlanJni: new aidl event arrived
07-29 15:28:54.403  5186  6256 D IWlanJni: handleEvent 10
07-29 15:28:54.403  5186  6256 D IWlanJni: isThreadAttached start
07-29 15:28:54.403  5186  6256 D IWlanJni: jni detached
07-29 15:28:54.403  5186  6256 D IWlanJni: jni attached
07-29 15:28:54.403  5186  6256 D IWlanJni: getDataRegistrationStateResponse start
07-29 15:28:54.403  5186  6256 D IWlanJni: getJavaCallbackClass start
07-29 15:28:54.403  5186  6256 D IWlanJni: getJavaCallbackClass End midIs[1]
07-29 15:28:54.403  5186  6256 I IWlanAidlClient: getDataRegistrationStateResponse called
07-29 15:28:54.403  3444  5465 I OplusBinderProxy: pb uid: 10215 pid: 11105 desc: com.android.internal.telephony.IPhoneStateListener/10
07-29 15:28:54.403  4980  4980 D OplusTelephonyController: onSignalStrengthChanged: SignalStrength=SignalStrength:{mCdma=CellSignalStrengthCdma: cdmaDbm=2147483647 cdmaEcio=2147483647 evdoDbm=2147483647 evdoEcio=2147483647 evdoSnr=2147483647 level=0,mGsm=CellSignalStrengthGsm: rssi=2147483647 ber=2147483647 mTa=2147483647 mLevel=0,mWcdma=CellSignalStrengthWcdma: ss=2147483647 ber=2147483647 rscp=2147483647 ecno=2147483647 level=0,mTdscdma=CellSignalStrengthTdscdma: rssi=2147483647 ber=2147483647 rscp=2147483647 level=0,mLte=CellSignalStrengthLte: rssi=2147483647 rsrp=2147483647 rsrq=2147483647 rssnr=2147483647 cqiTableIndex=2147483647 cqi=2147483647 ta=2147483647 level=0 parametersUseForLevel=0,mNr=CellSignalStrengthNr:{ csiRsrp = 2147483647 csiRsrq = 2147483647 csiCqiTableIndex = 2147483647 csiCqiReport = [] ssRsrp = 2147483647 ssRsrq = 2147483647 ssSinr = 2147483647 level = 0 parametersUseForLevel = 0 timingAdvance = 2147483647 },primary=CellSignalStrengthLte}
07-29 15:28:54.403  5186  6255 W IWlanNetworkService: 7 > Response Processed
07-29 15:28:54.403  3444  5443 W BestClock: java.time.DateTimeException: Missing network time fix
07-29 15:28:54.404  5251  5331 D VendorTelephonyService: onTelephonyEventReport slotId =0 eventId=6030
07-29 15:28:54.404  5251  5331 D VendorTelephonyService: onTelephonyEventReport slotId =0 eventId=6030
07-29 15:28:54.404  5251  5251 D VendorCallService: notityEventUpdate, eventId:6030, slotId = 0
07-29 15:28:54.404  5051  6304 D SaDataService: onTelephonyEventReport , subId= 0,slotId=-1 eventId=6030
07-29 15:28:54.404  4918  5895 V OplusCustomizeCacheManager: queryCache name: sys.cache.common_customize_cache18014 param: null
07-29 15:28:54.404  4918  5895 V OplusCustomizeCacheManager: queryCache name: sys.cache.common_customize_cache18017 param: Bundle[{SETTING=BLOCK, BUSINESS=NCT-DATA}]
07-29 15:28:54.404  4918  5895 V OplusCustomizeCacheManager: queryCache name: sys.cache.common_customize_cache18013 param: null
07-29 15:28:54.405  5051  6304 D TelephonyImpl: notify eventId:6030 for list size:2
07-29 15:28:54.406  1832  3718 E LOCRIL_SESSION: operator():200] SubId: 1 Failed to get sim IO with error: 11
07-29 15:28:54.406  5251  5331 D VendorTelephonyService: onTelephonyEventReport slotId =0 eventId=6030
07-29 15:28:54.406  5251  5331 D VendorTelephonyService: onTelephonyEventReport slotId =0 eventId=6030
07-29 15:28:54.406  5251  5251 D VendorCallService: notityEventUpdate, eventId:6030, slotId = 0
07-29 15:28:54.407  5186  6158 D IWlanJni: getDataRegistrationState start
07-29 15:28:54.407  5186  6158 D IWlanJni: getDataRegistrationState start
07-29 15:28:54.407  1832  3718 E LOCRIL_SESSION: operator():241] SubId: 1 Failed to get sim IMSI with error: 11
07-29 15:28:54.407  3444  5463 W BestClock: java.time.DateTimeException: Missing network time fix
07-29 15:28:54.408  5051  6304 D SaDataService: onTelephonyEventReport , subId= 0,slotId=-1 eventId=6030
07-29 15:28:54.408  5051  6304 D TelephonyImpl: notify eventId:6030 for list size:2
07-29 15:28:54.408  5186  6249 D IWlanJni: new aidl event arrived
07-29 15:28:54.409  5186  6249 D IWlanJni: handleEvent 10
07-29 15:28:54.409  5186  6249 D IWlanJni: isThreadAttached start
07-29 15:28:54.409  5186  6249 D IWlanJni: jni detached
07-29 15:28:54.409  3444  5465 W BestClock: java.time.DateTimeException: Missing network time fix
07-29 15:28:54.409  5186  6249 D IWlanJni: jni attached
07-29 15:28:54.409  5186  6249 D IWlanJni: getDataRegistrationStateResponse start
07-29 15:28:54.409  5186  6249 D IWlanJni: getJavaCallbackClass start
07-29 15:28:54.409  5186  6249 D IWlanJni: getJavaCallbackClass End midIs[1]
07-29 15:28:54.409  5186  6249 I IWlanAidlClient: getDataRegistrationStateResponse called
07-29 15:28:54.409  5186  6240 W IWlanNetworkService: 8 > Response Processed
07-29 15:28:54.410  4918  5895 V OplusCustomizeCacheManager: queryCache name: sys.cache.common_customize_cache18014 param: null
07-29 15:28:54.410  4918  5895 V OplusCustomizeCacheManager: queryCache name: sys.cache.common_customize_cache18017 param: Bundle[{SETTING=BLOCK, BUSINESS=NCT-DATA}]
07-29 15:28:54.410  4918  5895 V OplusCustomizeCacheManager: queryCache name: sys.cache.common_customize_cache18013 param: null
07-29 15:28:54.411  5186  6256 D IWlanJni: new aidl event arrived
07-29 15:28:54.411  5186  6256 D IWlanJni: handleEvent 10
07-29 15:28:54.411  5186  6256 D IWlanJni: isThreadAttached start
07-29 15:28:54.411  5186  6256 D IWlanJni: jni detached
07-29 15:28:54.411  5186  6256 D IWlanJni: jni attached
07-29 15:28:54.411  5186  6256 D IWlanJni: getDataRegistrationStateResponse start
07-29 15:28:54.411  5186  6256 D IWlanJni: getJavaCallbackClass start
07-29 15:28:54.411  5186  6256 D IWlanJni: getJavaCallbackClass End midIs[1]
07-29 15:28:54.411  5186  6256 I IWlanAidlClient: getDataRegistrationStateResponse called
07-29 15:28:54.411  5186  6255 W IWlanNetworkService: 9 > Response Processed
07-29 15:28:54.411  5047  5067 D QtiOemHookAidl: oemHookRawIndication length=24
07-29 15:28:54.412  5047  5102 D QtiOemHookAidl: oemHookRawIndication length=24
07-29 15:28:54.412  5047  5047 D QcrilMsgTunnelIfaceManager: handleMessage what = 0
07-29 15:28:54.412  5047  5047 D QcrilMsgTunnelIfaceManager: handleMessage what = 0
07-29 15:28:54.413  5150  6038 I QImsService: ImsRadioIndicationAidl : onRadioStateChanged()[SUB0]
07-29 15:28:54.413  5150  6038 I QImsService: ImsSenderRxr : [UNSL]< UNSOL_RADIO_STATE_CHANGED RADIO_ON[SUB0]
07-29 15:28:54.413  5150  5173 I QImsService: ImsRadioIndicationAidl : onRadioStateChanged()[SUB1]
07-29 15:28:54.413  5150  5173 I QImsService: ImsSenderRxr : [UNSL]< UNSOL_RADIO_STATE_CHANGED RADIO_ON[SUB1]
07-29 15:28:54.413  5047  5047 D QC_RIL_OEM_HOOK: Received Broadcast Intent ACTION_UNSOL_RESPONSE_OEM_HOOK_RAW
07-29 15:28:54.413  5047  5047 D QC_RIL_OEM_HOOK: Received Broadcast Intent ACTION_UNSOL_RESPONSE_OEM_HOOK_RAW
07-29 15:28:54.414  2007  2023 E PowerMonitorService: Failed to open /proc/horae_qmi (2): No such file or directory
07-29 15:28:54.414  2007  2023 E PowerMonitorService: Failed to open /proc/horae_qmi (2): No such file or directory
07-29 15:28:54.416  1832  3716 W LOCRIL_SESSION: operator():307] cellInfo list size is 0, Voice state: 3, data state: 3
07-29 15:28:54.416  4918  5137 I SystemUi--Statusbar: NetworkController.WifiSignalController-->wifi Broadcast action = android.telephony.action.SERVICE_PROVIDERS_UPDATED state=1 enabled=false connected=false isDefaultNetwork=false rssi=0 level=0 statusLabel = null isDirty = false
07-29 15:28:54.416  4918  5204 I SystemUi--QuickSettings: Tile.OplusCellularTile-->updateCarrierText: dialog not showing, ignore
07-29 15:28:54.416  4918  5204 D SimStateHelper: slot:0, lock state:Bundle[mParcelledData.dataSize=56]
07-29 15:28:54.416  3444  5455 W ContextImpl: Calling a method in the system process without a qualified user: android.app.ContextImpl.sendBroadcastMultiplePermissions:1311 android.content.Context.sendBroadcastMultiplePermissions:2524 com.android.server.TelephonyRegistry.broadcastServiceStateChanged:3740 com.android.server.TelephonyRegistry.notifyServiceStateForPhoneId:1787 com.android.internal.telephony.ITelephonyRegistry$Stub.onTransact:546 
07-29 15:28:54.417  4918  5204 D SimStateHelper: slot:1, lock state:Bundle[mParcelledData.dataSize=56]
07-29 15:28:54.417  4918  5204 D SimStateHelper: needDisableMenu: slot1State=-1; slot2State=-1
07-29 15:28:54.417  4918  5204 D SimStateHelper: needDisableMenu:false
07-29 15:28:54.418  5251  5251 D SubsysEventListenerManager-SubsysTelephonyCallback[0]: onRadioPowerStateChanged state:1
07-29 15:28:54.418  5047  5047 D DeviceInfoAidlClient: onRadioPowerStateChanged
07-29 15:28:54.418  5047  5047 D DeviceInfoAidlClient: mRadioStateHdlr handleMessage()1
07-29 15:28:54.418  1832  3718 E LOCRIL_SESSION: operator():200] SubId: 1 Failed to get sim IO with error: 11
07-29 15:28:54.418  5047  5047 D DeviceInfoAidlClient: isRadioOn()=true
07-29 15:28:54.418  5047  5047 I DeviceInfoAidlClient: sendFeaturesSupported: power info support-true interactive state support-true
07-29 15:28:54.419  1832  3716 W LOCRIL_SESSION: operator():307] cellInfo list size is 0, Voice state: 3, data state: 3
07-29 15:28:54.419  1832  3718 E LOCRIL_SESSION: operator():241] SubId: 1 Failed to get sim IMSI with error: 11
07-29 15:28:54.419  3444  5455 W ContextImpl: Calling a method in the system process without a qualified user: android.app.ContextImpl.sendBroadcastMultiplePermissions:1344 com.android.server.TelephonyRegistry.broadcastServiceStateChanged:3745 com.android.server.TelephonyRegistry.notifyServiceStateForPhoneId:1787 com.android.internal.telephony.ITelephonyRegistry$Stub.onTransact:546 android.os.Binder.execTransactInternal:1523 
07-29 15:28:54.420  5051  6304 D SaDataService: onTelephonyEventReport , subId= 0,slotId=-1 eventId=6030
07-29 15:28:54.420  5251  5331 D VendorTelephonyService: onTelephonyEventReport slotId =0 eventId=6030
07-29 15:28:54.420  5251  5331 D VendorTelephonyService: onTelephonyEventReport slotId =0 eventId=6030
07-29 15:28:54.420  5051  6304 D TelephonyImpl: notify eventId:6030 for list size:2
07-29 15:28:54.420  5251  5251 D VendorCallService: notityEventUpdate, eventId:6030, slotId = 0
07-29 15:28:54.421  4918  4918 I KeyguardUpdateMonitor: action=android.intent.action.SERVICE_STATE subId=-1 slotId=1
07-29 15:28:54.421  4918  4918 W KeyguardUpdateMonitorLog: invalid subId in handleServiceStateChange()
07-29 15:28:54.421  4918  5204 I SystemUi--QuickSettings: Tile.OplusCellularTile-->updateCarrierText: dialog not showing, ignore
07-29 15:28:54.421  4918  5204 D SimStateHelper: slot:0, lock state:Bundle[mParcelledData.dataSize=56]
07-29 15:28:54.421  4918  5204 D SimStateHelper: slot:1, lock state:Bundle[mParcelledData.dataSize=56]
07-29 15:28:54.421  4918  5204 D SimStateHelper: needDisableMenu: slot1State=-1; slot2State=-1
07-29 15:28:54.421  4918  5204 D SimStateHelper: needDisableMenu:false
07-29 15:28:54.421  3444  5455 W ContextImpl: Calling a method in the system process without a qualified user: android.app.ContextImpl.sendBroadcastMultiplePermissions:1344 com.android.server.TelephonyRegistry.broadcastServiceStateChanged:3754 com.android.server.TelephonyRegistry.notifyServiceStateForPhoneId:1787 com.android.internal.telephony.ITelephonyRegistry$Stub.onTransact:546 android.os.Binder.execTransactInternal:1523 
07-29 15:28:54.421  5047  5067 I DeviceInfoAidlClient: onPowerInfoReportingChanged - reporting enabled true [15, 20, 30, 50, 80]
07-29 15:28:54.421  5047  5067 D DeviceInfoAidlClient: isRadioOn()=true
07-29 15:28:54.421  5047  5067 I DeviceInfoAidlClient: isPowerInfoNeverSent=true batteryLevel=100 batteryLevelIndex=5 chargingMode=2 totalCapacity=4714000 powerSaveMode=false
07-29 15:28:54.422  5047  5067 I DeviceInfoAidlClient: onDeviceInfoReportingChanged - reporting enabled true
07-29 15:28:54.422  5047  5067 D DeviceInfoAidlClient: getDeviceInfoSupportStatus()=1
07-29 15:28:54.422  5047  5067 D DeviceInfoAidlClient: isRadioOn()=true
07-29 15:28:54.422  5047  5067 I DeviceInfoAidlClient: deviceState=2
07-29 15:28:54.423  5047  5047 D DeviceStatisticsService: onReceive: action= org.codeaurora.intent.action.RADIO_POWER_STATE
07-29 15:28:54.423  5047  5047 I DeviceStatisticsService: Receiving radio_power_state_changed, mIsDeviceInfoInitialized = true
07-29 15:28:54.423  5047  5047 I DeviceStatisticsService: radio power state changed to 1 for slot: 0
07-29 15:28:54.423  5047  5047 D DeviceInfoAidlClient: isRadioOn()=true
07-29 15:28:54.423  5047  5047 I DeviceInfoAidlClient: sendFeaturesSupported: power info support-true interactive state support-true
07-29 15:28:54.423  3444  5455 W ContextImpl: Calling a method in the system process without a qualified user: android.app.ContextImpl.sendBroadcastMultiplePermissions:1344 com.android.server.TelephonyRegistry.broadcastServiceStateChanged:3760 com.android.server.TelephonyRegistry.notifyServiceStateForPhoneId:1787 com.android.internal.telephony.ITelephonyRegistry$Stub.onTransact:546 android.os.Binder.execTransactInternal:1523 
07-29 15:28:54.424  5186  6158 D IWlanJni: getDataRegistrationState start
07-29 15:28:54.424  5186  6249 D IWlanJni: new aidl event arrived
07-29 15:28:54.424  5186  6249 D IWlanJni: handleEvent 10
07-29 15:28:54.424  5186  6249 D IWlanJni: isThreadAttached start
07-29 15:28:54.425  5186  6249 D IWlanJni: jni detached
07-29 15:28:54.425  5186  6249 D IWlanJni: jni attached
07-29 15:28:54.425  5186  6249 D IWlanJni: getDataRegistrationStateResponse start
07-29 15:28:54.425  5186  6249 D IWlanJni: getJavaCallbackClass start
07-29 15:28:54.425  5917  5917 D CellBroadcastReceiver: onReceive Intent { act=android.intent.action.SERVICE_STATE flg=0x1000010 cmp=com.android.cellbroadcastreceiver.module/com.android.cellbroadcastreceiver.CellBroadcastReceiver (has extras) }
07-29 15:28:54.425  5186  6249 D IWlanJni: getJavaCallbackClass End midIs[1]
07-29 15:28:54.425  5186  6249 I IWlanAidlClient: getDataRegistrationStateResponse called
07-29 15:28:54.425  5917  5917 D CellBroadcastReceiver: onServiceStateChanged, ss: 1
07-29 15:28:54.425  5186  6240 W IWlanNetworkService: 10 > Response Processed
07-29 15:28:54.426  5917  5917 D CellBroadcastReceiver: networkOperator: 
07-29 15:28:54.426  5047  5102 I DeviceInfoAidlClient: onPowerInfoReportingChanged - reporting enabled true [15, 20, 30, 50, 80]
07-29 15:28:54.426  5047  5102 D DeviceInfoAidlClient: isRadioOn()=true
07-29 15:28:54.426  5047  5102 I DeviceInfoAidlClient: isPowerInfoNeverSent=false batteryLevel=100 batteryLevelIndex=5 chargingMode=2 totalCapacity=4714000 powerSaveMode=false
07-29 15:28:54.426  5047  5102 I DeviceInfoAidlClient: onDeviceInfoReportingChanged - reporting enabled true
07-29 15:28:54.426  5047  5102 D DeviceInfoAidlClient: getDeviceInfoSupportStatus()=1
07-29 15:28:54.426  5047  5102 D DeviceInfoAidlClient: isRadioOn()=true
07-29 15:28:54.426  5047  5102 I DeviceInfoAidlClient: deviceState=2
07-29 15:28:54.426  5917  5917 D CellBroadcastReceiver: mockmodem is running? = false
07-29 15:28:54.426  5917  5917 D CellBroadcastReceiver: Start Cell Broadcast configuration for intent=ACTION_ENABLE_CHANNELS
07-29 15:28:54.429  5917 13155 D CellBroadcastConfigService: Enable CellBroadcast on sub 1
07-29 15:28:54.433  3444  4527 D WifiNative: onSetCountryCodeSucceeded: US
07-29 15:28:54.433  3444  4527 I WifiCountryCode: Receive onSetCountryCodeSucceeded US
07-29 15:28:54.433  3444  4527 I WifiNl80211Manager: Receive country code change to US
07-29 15:28:54.433  2765  2765 I wificond: Receive notifyCountryCodeChanged
07-29 15:28:54.433  2765  2765 I wificond: UpdateBandInfo
07-29 15:28:54.433  3444  4527 D WifiScanRequestProxy: Sending scan available broadcast: true
07-29 15:28:54.433  3444  4532 I WifiScanningService: Received a request to enable scanning, UID = 1000
07-29 15:28:54.433  3444  4532 I WifiScanningService: scanner impls already exists
07-29 15:28:54.434  3444  4532 E WifiScanningService: wifi driver loaded received while already loaded
07-29 15:28:54.434  3444  4527 I WifiScanRequestProxy: Scanning is enabled
07-29 15:28:54.434  3444  4527 I WifiScanRequestProxy: Scanning for hidden networks is disabled
07-29 15:28:54.434  3444  4527 D WakeupController: start()
07-29 15:28:54.434  7016  7016 I OsAgent : onReceive: android.net.wifi.action.WIFI_SCAN_AVAILABILITY_CHANGED
07-29 15:28:54.434  4980  4980 V OplusCustomizeCacheManager: queryCache name: sys.cache.common_customize_cache18016 param: null
07-29 15:28:54.434  3444  4527 E WifiStaIfaceAidlImpl: setScanMode failed with service-specific exception: android.os.ServiceSpecificException:  (code 4)
07-29 15:28:54.434  7016  7802 I OsAgent : updateWiFiScanAvailState, scanAvailable: true
07-29 15:28:54.434  3444  4527 I WifiService: Receive onDriverCountryCodeChanged to US, update available channel list
07-29 15:28:54.434  4980  4980 V OplusCustomizeCacheManager: queryCache name: sys.cache.common_customize_cache18013 param: null
07-29 15:28:54.434  4980  4980 V OplusCustomizeCacheManager: queryCache name: sys.cache.common_customize_cache18014 param: null
07-29 15:28:54.434  2765  2765 I wificond: 2.4Ghz frequencies: 2412 2417 2422 2427 2432 2437 2442 2447 2452 2457 2462
07-29 15:28:54.434  2765  2765 I wificond: 5Ghz non-DFS frequencies: 5180 5200 5220 5240 5745 5765 5785 5805 5825
07-29 15:28:54.434  2765  2765 I wificond: 5Ghz DFS frequencies: 5260 5280 5300 5320 5500 5520 5540 5560 5580 5600 5620 5640 5660 5680 5700
07-29 15:28:54.434  2765  2765 I wificond: 6Ghz frequencies:
07-29 15:28:54.434  2765  2765 I wificond: 60Ghz frequencies:
07-29 15:28:54.434  3444  3444 D OplusWifiBroadCastDispatcher: mBroadcastReceiver: onReceiver  action=android.net.wifi.action.WIFI_SCAN_AVAILABILITY_CHANGED
07-29 15:28:54.434  4980  4980 V OplusCustomizeCacheManager: queryCache name: sys.cache.common_customize_cache18017 param: Bundle[{SETTING=BLOCK, BUSINESS=NCT-DATA}]
07-29 15:28:54.434  3444  4652 D OplusWifiPower_ConnLpmEventObsever: onReceive EXTRA_SCAN_AVAILABLE availabe = true
07-29 15:28:54.434  3444  4652 D OplusWifiPowerService: onReceive action:android.net.wifi.action.WIFI_SCAN_AVAILABILITY_CHANGED
07-29 15:28:54.434  3444  4652 D OplusWifiSwitchStateMonitor: scan settings change to true
07-29 15:28:54.435  3444  4527 E ApConfigUtil: Malformed channel value detected: java.lang.NumberFormatException: For input string: ""
07-29 15:28:54.435  4980  4980 V OplusCustomizeCacheManager: queryCache name: sys.cache.common_customize_cache18016 param: null
07-29 15:28:54.435  4980  4980 V OplusCustomizeCacheManager: queryCache name: sys.cache.common_customize_cache18013 param: null
07-29 15:28:54.435  4980  4980 V OplusCustomizeCacheManager: queryCache name: sys.cache.common_customize_cache18014 param: null
07-29 15:28:54.436  4980  4980 V OplusCustomizeCacheManager: queryCache name: sys.cache.common_customize_cache18017 param: Bundle[{SETTING=BLOCK, BUSINESS=NCT-DATA}]
07-29 15:28:54.436  3444  4527 E ApConfigUtil: Malformed channel value detected: java.lang.NumberFormatException: For input string: ""
07-29 15:28:54.436  3444  4527 E ApConfigUtil: Malformed channel value detected: java.lang.NumberFormatException: For input string: ""
07-29 15:28:54.436  3444  4651 D OplusSoftApManager: Support Wi-Fi6 SAP
07-29 15:28:54.437  5047  5047 D QcrilMsgTunnelIfaceManager: handleMessage what = 1
07-29 15:28:54.437  5047  5047 I QcrilOemhookMsgTunnel: [0]invokeOemRilRequestRaw: serial=1007 length=16
07-29 15:28:54.437  3444  4527 I WifiService: Receive onDriverCountryCodeChanged to US, update available channel list
07-29 15:28:54.437  3444  4527 E ApConfigUtil: Malformed channel value detected: java.lang.NumberFormatException: For input string: ""
