07-29 15:28:54.566  3444  4627 D OplusNetlinkSocket: handleNetlinkRecvKernelMessage:nlmsghdr:StructNlMsgHdr{ nlmsg_len{40}, nlmsg_type{41()}, nlmsg_flags{0()}, nlmsg_seq{0}, nlmsg_pid{225710611} }
07-29 15:28:54.566  3444  4627 D KernelStatsHelper: get magic :[-1, -1, -1, 77, 65, 71, 73, 67]
07-29 15:28:54.566  3444  4627 D KernelStatsHelper: magic matched count:0 data_len:0
07-29 15:28:54.566  3444  4627 D KernelStatsHelper: data over! check: true
07-29 15:28:54.566  4918  5298 I SystemUi--Statusbar: MobileInputLog-->onSubscriptionsChanged
07-29 15:28:54.567  3444  4525 V NetworkPolicy: onSubscriptionsChanged
07-29 15:28:54.567  4918  5204 D SimStateHelper: slot:0, lock state:Bundle[mParcelledData.dataSize=56]
07-29 15:28:54.567  4918  5204 D SimStateHelper: slot:1, lock state:Bundle[mParcelledData.dataSize=56]
07-29 15:28:54.567  4918  5204 D SimStateHelper: needDisableMenu: slot1State=-1; slot2State=-1
07-29 15:28:54.567  4918  5204 D SimStateHelper: needDisableMenu:false
07-29 15:28:54.567  4918  4918 I KeyguardUpdateMonitor: refreshSimState, changed:false,subId:1,slotId:0,state:5
07-29 15:28:54.567  4918  5204 I SystemUi--QuickSettings: Tile.OplusCellularTile-->updateCarrierText: dialog not showing, ignore
07-29 15:28:54.567  4918  5204 D SimStateHelper: slot:0, lock state:Bundle[mParcelledData.dataSize=56]
07-29 15:28:54.567  4918  5204 D SimStateHelper: slot:1, lock state:Bundle[mParcelledData.dataSize=56]
07-29 15:28:54.567  4918  5204 D SimStateHelper: needDisableMenu: slot1State=-1; slot2State=-1
07-29 15:28:54.567  4918  5204 D SimStateHelper: needDisableMenu:false
07-29 15:28:54.568  5186  5186 D QCNEJ/WwanInfoRelay: onSubscriptionsChanged currDDSId: 1 new DDS 1
07-29 15:28:54.568  4918  4918 I SystemUi--Statusbar: OplusMobileIconInteractorImpl-->oplusIMSModel slot:0: CapabilityTypeModel(isVolteSwitchOn=true, isWfcEnabledByUser=true, imsRegistered=false, voiceCapable=false, videoCapable=false, registerTech=-1, isCrossSimCallingEnabledByUser=false, hasHideVolteOperator=false), SimStateModel(simInserted=[true, false], simForbidden=[false, true], simStateIMSI=[true, false], simLoaded=[true, false]),oplusNetworkTypeNr:20,isVoNrEnabled:false
07-29 15:28:54.568  5051  5960 D CellularEvent: handleSubscriptionsChanged: slotId=0
07-29 15:28:54.569  7252  8492 E Battery : ControllerCenter: onReceiver: mSubscriptionManager is null || mIsNeedRestoreMobile = false
07-29 15:28:54.569  4918  5298 I SystemUi--Statusbar: MobileConnectionRepositoryImpl-->subId:1 isSoftSimCard:false slotId:0
07-29 15:28:54.569  4918  4918 I SystemUi--Statusbar: OplusMobileIconInteractorImpl-->oplusIMSModel slot:0: CapabilityTypeModel(isVolteSwitchOn=true, isWfcEnabledByUser=true, imsRegistered=false, voiceCapable=false, videoCapable=false, registerTech=-1, isCrossSimCallingEnabledByUser=false, hasHideVolteOperator=false), SimStateModel(simInserted=[true, false], simForbidden=[false, true], simStateIMSI=[true, false], simLoaded=[true, false]),oplusNetworkTypeNr:20,isVoNrEnabled:false
07-29 15:28:54.569  4918  5298 I SystemUi--Statusbar: MobileConnectionRepositoryImpl-->subId:1 isSoftSimCard:false slotId:0
07-29 15:28:54.569  4918  6093 I SystemUi--Statusbar: OplusMobileConnectionRepository1-->stopListenImsStatusChanged
07-29 15:28:54.570  4980  4980 I Telephony: y0: onServiceStateChanged: newState=1, mServiceState=1
07-29 15:28:54.570  5186  5186 D QCNEJ/DataCallAgent: onSubscriptionsChanged: new DDS 1
07-29 15:28:54.570  5186  7913 D QCNEJ/DataCallAgent: phoneCount: 2
07-29 15:28:54.570  3444  4525 D NetworkPolicy: Normalization put networkpolicyNetworkTemplate: matchRule=CARRIER, matchSubscriberIds=[001011...], matchWifiNetworkKeys=[], metered=YES
07-29 15:28:54.570  5186  7913 D QCNEJ/DataCallAgent: subs for 0th slot: [1]
07-29 15:28:54.570  3444  4525 D NetworkPolicy: Normalization put networkpolicyNetworkTemplate: matchRule=CARRIER, matchSubscriberIds=[310260...], matchWifiNetworkKeys=[], metered=YES
07-29 15:28:54.570  5186  7913 D QCNEJ/DataCallAgent: mSubInfoReady[0] is set to true
07-29 15:28:54.570  3444  4525 D NetworkPolicy: Normalization put networkpolicyNetworkTemplate: matchRule=CARRIER, matchSubscriberIds=[001010...], matchWifiNetworkKeys=[], metered=YES
07-29 15:28:54.570  5186  7913 D QCNEJ/DataCallAgent: subs for 1th slot: [-1]
07-29 15:28:54.570  3444  4525 D NetworkPolicy: Normalization put networkpolicyNetworkTemplate: matchRule=CARRIER, matchSubscriberIds=[001010...], matchWifiNetworkKeys=[], metered=YES
07-29 15:28:54.570  3444  4525 D NetworkPolicy: Normalization put networkpolicyNetworkTemplate: matchRule=CARRIER, matchSubscriberIds=[001012...], matchWifiNetworkKeys=[], metered=YES
07-29 15:28:54.570  3444  4525 V NetworkPolicy: updateNetworkEnabledNL() return
07-29 15:28:54.570  5051  5960 D CellularEvent: onImsRegistrationStateChanged, slotId=0state:false
07-29 15:28:54.570  4918  6093 I SystemUi--Statusbar: OplusMobileConnectionRepository1-->phoneId: 0, conflatedCallbackFlow init
07-29 15:28:54.570  4918  6093 I SystemUi--Statusbar: OplusMobileConnectionRepository1-->startListenImsStatusChanged
07-29 15:28:54.570  4980  4980 I Telephony: isRttCurrentlySupported -- regular acct, hasVoiceAvailability: false
07-29 15:28:54.570  4980  4980 I Telephony:  isRttSupported: false
07-29 15:28:54.570  4980  4980 I Telephony:  isUserRttSettingOn: false
07-29 15:28:54.570  4980  4980 I Telephony:  alwaysAllowWhileRoaming: false
07-29 15:28:54.570  4980  4980 I Telephony:  isRoaming: false
07-29 15:28:54.570  4980  4980 I Telephony:  isOnWfc: false
07-29 15:28:54.570  5150  5150 I QImsService: OplusPhoneStateTracker : onSubscriptionsChanged Last subId: 1 Current subId 1
07-29 15:28:54.570  3444  4525 V NetworkPolicy: updateNotificationsNL not process
07-29 15:28:54.570  5051  5512 D NAS-CellularEvent: handleSubscriptionsChanged: slotId=0
07-29 15:28:54.571  5150  5150 E QImsService: ImsConfigImpl : onSubscriptionsChanged unable to process due to SubscriptionInfo is null
07-29 15:28:54.571  5150  5150 I QImsService: OplusPhoneStateTracker : onSubscriptionsChanged Last subId: -1 Current subId -1
07-29 15:28:54.571  3444  4525 W BestClock: java.time.DateTimeException: Missing network time fix
07-29 15:28:54.571  6552  8144 D OplusAtlasAudioDetectionManager: MSG_CALL_STATE_CHANGED
07-29 15:28:54.571  6552  8144 D OplusAtlasAudioDetectionManager: callStateChanged state: 0, len: 0
07-29 15:28:54.571  7016  7802 D OsAgentAidlClient: [string_dataitem_update][1584] [HC] =>> [HS]
07-29 15:28:54.572  5051  5512 D NAS-CellularEvent: onImsRegistrationStateChanged, slotId=0state:false
07-29 15:28:54.572  3444  5465 W BestClock: java.time.DateTimeException: Missing network time fix
07-29 15:28:54.573 13172 13172 I ttings:tzupdate: isSwordfishLaunchAppEnabled_ 1 isSwordfishInstallAppEnabled_ 1
07-29 15:28:54.573 13172 13172 E ttings:tzupdate: Unknown bits set in runtime_flags: 0x40000000
07-29 15:28:54.573 13172 13172 I ttings:tzupdate: Using CollectorTypeCMC GC.
07-29 15:28:54.573  4918  6093 I SystemUi--Statusbar: OplusMobileConnectionRepository1-->onImsStatusChanged model: CapabilityTypeModel(isVolteSwitchOn=true, isWfcEnabledByUser=true, imsRegistered=false, voiceCapable=false, videoCapable=false, registerTech=-1, isCrossSimCallingEnabledByUser=false, hasHideVolteOperator=false)
07-29 15:28:54.573  3444  5463 W BestClock: java.time.DateTimeException: Missing network time fix
07-29 15:28:54.574  4918  5895 V OplusCustomizeCacheManager: queryCache name: sys.cache.common_customize_cache18014 param: null
07-29 15:28:54.574  4918  5895 V OplusCustomizeCacheManager: queryCache name: sys.cache.common_customize_cache18017 param: Bundle[{SETTING=BLOCK, BUSINESS=NCT-DATA}]
07-29 15:28:54.574  4918  5895 V OplusCustomizeCacheManager: queryCache name: sys.cache.common_customize_cache18013 param: null
07-29 15:28:54.574  5051  5963 W BestClock: java.time.DateTimeException: Missing network time fix
07-29 15:28:54.574  5051  5963 V MonthTrafficAlert: getWarningNotification subId:1 numWarningNotificaion:0
07-29 15:28:54.574  4980  4980 V OplusCustomizeCacheManager: queryCache name: sys.cache.common_customize_cache18016 param: null
07-29 15:28:54.574  4980  4980 V OplusCustomizeCacheManager: queryCache name: sys.cache.common_customize_cache18013 param: null
07-29 15:28:54.574  4980  4980 V OplusCustomizeCacheManager: queryCache name: sys.cache.common_customize_cache18014 param: null
07-29 15:28:54.574  4980  4980 V OplusCustomizeCacheManager: queryCache name: sys.cache.common_customize_cache18017 param: Bundle[{SETTING=BLOCK, BUSINESS=NCT-DATA}]
07-29 15:28:54.575 13172 13172 E ttings:tzupdate: Not starting debugger since process cannot load the jdwp agent.
07-29 15:28:54.575  4980  4980 V OplusCustomizeCacheManager: queryCache name: sys.cache.common_customize_cache18016 param: null
07-29 15:28:54.575  4980  4980 V OplusCustomizeCacheManager: queryCache name: sys.cache.common_customize_cache18013 param: null
07-29 15:28:54.575  4980  4980 V OplusCustomizeCacheManager: queryCache name: sys.cache.common_customize_cache18014 param: null
07-29 15:28:54.575  4980  4980 V OplusCustomizeCacheManager: queryCache name: sys.cache.common_customize_cache18017 param: Bundle[{SETTING=BLOCK, BUSINESS=NCT-DATA}]
07-29 15:28:54.575  4980  4980 D MultiSimSettingController: onSubscriptionsChanged
07-29 15:28:54.575  4980  4980 D MultiSimSettingController: isReadyToReevaluate: subInfoInitialized=true, carrierConfigsLoaded=true, satelliteEnabledOrBeingEnabled=false
07-29 15:28:54.575  4980  4980 D MultiSimSettingController: updateDefaults
07-29 15:28:54.575  4980  4980 D MultiSimSettingController: isReadyToReevaluate: subInfoInitialized=true, carrierConfigsLoaded=true, satelliteEnabledOrBeingEnabled=false
07-29 15:28:54.575  3444  5463 W BestClock: java.time.DateTimeException: Missing network time fix
07-29 15:28:54.575  4980  4980 D MultiSimSettingController: updateDefaultValues: change: 0
07-29 15:28:54.576  4980  4980 D MultiSimSettingController: disableDataForNonDefaultNonOpportunisticSubscriptions triggered, return directly
07-29 15:28:54.576  4980  4980 D ImsResolver: oldSubId: 1, newSubId: 1
07-29 15:28:54.576  4980  4980 D ImsResolver: oldSubId: -1, newSubId: -1
07-29 15:28:54.576  4980  4980 D CallNotifier: updatePhoneStateListeners: update CF notifications.
07-29 15:28:54.576  4980  4980 I Telephony: TelecomAccountRegistry: onSubscriptionsChanged - reregister accounts
07-29 15:28:54.576  4980  4980 D PhoneUtils: PhoneAccountHandle subId=1, slotId=0
07-29 15:28:54.576 13172 13172 D nativeloader: Load libframework-connectivity-tiramisu-jni.so using APEX ns com_android_tethering for caller /apex/com.android.tethering/javalib/framework-connectivity-t.jar: ok
07-29 15:28:54.576  3444  5465 W BestClock: java.time.DateTimeException: Missing network time fix
07-29 15:28:54.576  4980  4980 D Telephony: registerPstnPhoneAccount line1Number =  subNumber = 
07-29 15:28:54.576  4980  4980 D Telephony: color is transparent asign default instead -15502541
07-29 15:28:54.576  4918  5895 V OplusCustomizeCacheManager: queryCache name: sys.cache.common_customize_cache18014 param: null
07-29 15:28:54.576  4918  5895 V OplusCustomizeCacheManager: queryCache name: sys.cache.common_customize_cache18017 param: Bundle[{SETTING=BLOCK, BUSINESS=NCT-DATA}]
07-29 15:28:54.577  4918  5895 V OplusCustomizeCacheManager: queryCache name: sys.cache.common_customize_cache18013 param: null
07-29 15:28:54.577  4980  4980 D Telephony: isEmergencyPreferredAccount: subId=1, activeData=1
07-29 15:28:54.577  4980  4980 D Telephony: isEmergencyPreferredAccount: Device does not require preference.
07-29 15:28:54.577  4980  4980 I Telephony: isRttCurrentlySupported -- regular acct, hasVoiceAvailability: false
07-29 15:28:54.577  4980  4980 I Telephony:  isRttSupported: false
07-29 15:28:54.577  4980  4980 I Telephony:  isUserRttSettingOn: false
07-29 15:28:54.577  4980  4980 I Telephony:  alwaysAllowWhileRoaming: false
07-29 15:28:54.577  4980  4980 I Telephony:  isRoaming: false
07-29 15:28:54.577  4980  4980 I Telephony:  isOnWfc: false
07-29 15:28:54.577  4980  4980 D Telephony: x0: buildPstnPhoneAccount, phoneId: 0, mIsVideoCapable: false, 
07-29 15:28:54.577  4980  4980 D OplusSesImsManagerExt: feature:0, phoneId:0
07-29 15:28:54.577  4980  4980 D OplusSesImsManagerExt: getSubIdUsingPhoneId:1, phoneId:0
07-29 15:28:54.577  4980  4980 D OplusSesImsManagerExt: isEntitlementEnabled:false
07-29 15:28:54.577  4980  4980 D OplusSesImsManagerExt: isFeatureProvisionedOnDevice not enabled
07-29 15:28:54.577 13172 13172 W libc    : Access denied finding property "persist.vendor.sys.activitylog"
07-29 15:28:54.577 13172 13172 I OneTrace: Mark active for pid=13172? true
07-29 15:28:54.577 13172 13172 D cutils-dev: otrace_set_tracing_enabled? true tag:0
07-29 15:28:54.577  4980  4980 D Telephony: registerPstnPhoneAccount mIsVideoCapable = false
07-29 15:28:54.577  4980  4980 W libc    : Access denied finding property "persist.vendor.mtk_uce_support"
07-29 15:28:54.577 13172 13172 D cutils-dev: properties changed in otrace_seq_number_changed!
07-29 15:28:54.577  4980  4980 I Telephony: isCarrierVideoPresenceSupported, false, false, false, false
07-29 15:28:54.578  4980  4980 I Telephony: reRegisterPstnPhoneAccount: subId: 1 - no change
07-29 15:28:54.578  3444  5465 D ActivityTaskManagerServiceExtImpl: preBindApplication record is null
07-29 15:28:54.578  3444  5465 D RGBNormalizeServer: OplusRGBNormalize feature enabled ? true
07-29 15:28:54.578  3444  5465 D ResourcesManagerCache: For package com.oplus.wirelesssettings we got cacheList [null] appInfoExt is null ? false hasFeature ? false
07-29 15:28:54.578  4980  4980 D InternationalRoamingNotification: init
07-29 15:28:54.578  3444  5465 D VRR [OPlusExternalRefreshRateManager]: isPkgTfcEnable: pkgName = com.oplus.wirelesssettings, enable = false
07-29 15:28:54.578  3444  5465 D VRR [OPlusExternalRefreshRateManager]: getTfcMinFramerate: pkgName = com.oplus.wirelesssettings, min framerate = 0
07-29 15:28:54.579  5251  6302 D VirtualCommService2: isSupport. true, true
07-29 15:28:54.579  4980  4980 D OplusVirtualCommUtils: isVirtualCommSupport, vRet: true
07-29 15:28:54.579  4980  4980 I OplusVirtualCommUtils: getVirtualCommDeviceType, vRet: 1
07-29 15:28:54.579  4980  4980 I OplusVirtualCommUtils: isConsumerDeviceType, deviceType: 1
07-29 15:28:54.579  4980  4980 D InternationalRoamingNotification: do not createRoamingNotification for invalid Network
07-29 15:28:54.579  4980  4980 V OplusCustomizeCacheManager: queryCache name: sys.cache.common_customize_cache18016 param: null
07-29 15:28:54.579  4980  4980 V OplusCustomizeCacheManager: queryCache name: sys.cache.common_customize_cache18013 param: null
07-29 15:28:54.579  4980  4980 V OplusCustomizeCacheManager: queryCache name: sys.cache.common_customize_cache18014 param: null
07-29 15:28:54.579  4980  4980 V OplusCustomizeCacheManager: queryCache name: sys.cache.common_customize_cache18017 param: Bundle[{SETTING=BLOCK, BUSINESS=NCT-DATA}]
07-29 15:28:54.580 13172 13172 D OplusActivityManager: get AMS extension: android.os.BinderProxy@62b1f54
07-29 15:28:54.580  4980  4980 V SimultaneousCallingTracker: Received EVENT 101
07-29 15:28:54.580  4980  4980 V SimultaneousCallingTracker: generateVoiceCapablePhoneMapBasedOnUserAssociation: adding phoneId = 0
07-29 15:28:54.580  4980  4980 I SimultaneousCallingTracker: updatePhoneMapAndSimultaneousCallSupportMap: mVoiceCapablePhoneMap.size = 1
07-29 15:28:54.580  4980  4980 V SimultaneousCallingTracker: registerForImsRegistrationChanges: registering phoneId = 0
07-29 15:28:54.580  4980  4980 V SimultaneousCallingTracker: generateSimultaneousCallSupportMap: returning simultaneousCallSubSupportMap = Phone ID=0 - Simultaneous calling compatible phone IDs=[]; 
07-29 15:28:54.580  4980  4980 V SimultaneousCallingTracker: handleSimultaneousCallingSupportChanged
07-29 15:28:54.580  3444  5463 W ContentService: Observer is already registered. Pid is 4980
07-29 15:28:54.581 13172 13172 D CompactWindowAppManager: initCompactApplicationInfo CompactMode: , NormalMode: 
07-29 15:28:54.582 13172 13172 D OplusScrollToTopManager: setIsInWhiteList false
07-29 15:28:54.582 13172 13172 D OplusViewDebugManager: OplusViewDebugManager Constructor android.view.debug.OplusViewDebugManager@78c77f2 [mHasViewDebugProperty true] [mHasMsgDebugProperty false] [DEBUG false] [EXTRAINFOENABLE false] [LIGHT_OS false]
07-29 15:28:54.583 13172 13172 D CompatChangeReporter: Compat change id reported: 242716250; UID 1000; state: ENABLED
07-29 15:28:54.584 13172 13172 W libc    : Access denied finding property "ro.odm.prev.product.name"
07-29 15:28:54.585 13172 13172 W ziparchive: Unable to open '/system_ext/framework/nfcvendorlib.dm': No such file or directory
07-29 15:28:54.585 13172 13172 W ziparchive: Unable to open '/system_ext/framework/nfcvendorlib.dm': No such file or directory
07-29 15:28:54.586 13172 13172 D nativeloader: Configuring clns-shared-7 for other apk /system_ext/framework/nfcvendorlib.jar. target_sdk_version=34, uses_libraries=ALL, library_path=/system_ext/priv-app/WirelessSettings/lib/arm64:/system_ext/priv-app/WirelessSettings/WirelessSettings.apk!/lib/arm64-v8a:/system/lib64:/system_ext/lib64, permitted_path=/data:/mnt/expand:/data/user_de/0/com.oplus.wirelesssettings:/system_ext/priv-app/WirelessSettings:/system/lib64:/system_ext/lib64
07-29 15:28:54.586 13172 13172 D nativeloader: Extending system_exposed_libraries: libbinauralrenderer_wrapper.qti.so:libhoaeffects.qti.so:libSloganJni.oplus.so:libsuperNight.oplus.so:libAPSClient-cmd-jni-extension.oplus.so:libsatellite_audio_jni.oplus.so:libortc_so.oplus.so:libsoundtouch.oplus.so:libsoundtouch_jni.oplus.so:libOplusStringJNI-extension.oplus.so:libsatellite_ostx_jni.oplus.so:libapssuspend-jni.oplus.so:libupdateprof.qti.so:libthermalclient.qti.so:libqape.qti.so:libqesdk_ndk_platform.qti.so:liblistenjni.qti.so
07-29 15:28:54.586 13172 13172 D ApplicationLoaders: Returning zygote-cached class loader: /system_ext/framework/androidx.window.extensions.jar
07-29 15:28:54.586 13172 13172 D ApplicationLoaders: Returning zygote-cached class loader: /system_ext/framework/androidx.window.sidecar.jar
07-29 15:28:54.588 13172 13172 D nativeloader: Configuring clns-shared-8 for other apk /system_ext/priv-app/WirelessSettings/WirelessSettings.apk. target_sdk_version=34, uses_libraries=, library_path=/system_ext/priv-app/WirelessSettings/lib/arm64:/system_ext/priv-app/WirelessSettings/WirelessSettings.apk!/lib/arm64-v8a:/system/lib64:/system_ext/lib64, permitted_path=/data:/mnt/expand:/data/user_de/0/com.oplus.wirelesssettings:/system_ext/priv-app/WirelessSettings:/system/lib64:/system_ext/lib64
07-29 15:28:54.591 13172 13172 V GraphicsEnvironment: Currently set values for:
07-29 15:28:54.592 13172 13172 V GraphicsEnvironment:   angle_gl_driver_selection_pkgs=[]
07-29 15:28:54.592 13172 13172 V GraphicsEnvironment:   angle_gl_driver_selection_values=[]
07-29 15:28:54.592 13172 13172 V GraphicsEnvironment: Global.Settings values are invalid: number of packages: 0, number of values: 0
07-29 15:28:54.593 13172 13172 D WS_OplusWirelessSettingsApp: onCreate, OplusWirelessSettingsApp
07-29 15:28:54.593 13172 13172 D LogUtils: initWirelessLog sIsQeAssert=false,sIsWifiOrBtLog=false
07-29 15:28:54.595  3444  5465 I ActivityManager: Flag disabled. Ignoring finishAttachApplication from uid: 1000. pid: 13172
07-29 15:28:54.595 13172 13172 E ANDR-PERF-CLIENT-SYS: death recipent object is fine
07-29 15:28:54.595 13172 13172 W ttings:tzupdate: AIBinder_linkToDeath is being called with a non-null cookie and no onUnlink callback set. This might not be intended. AIBinder_DeathRecipient_setOnUnlinked should be called first.
07-29 15:28:54.596  3444  5465 W OplusSelfProtectManager: pkg[com.oplus.wirelesssettings] not in policy list
07-29 15:28:54.599  3444  5465 D ActivityManager: Async freezing 13172 com.oplus.wirelesssettings:tzupdate
07-29 15:28:54.601  4746  5875 W SQLiteLog: (28) double-quoted string literal: "timezone_tzdata_v2_files"
07-29 15:28:54.614  6608  6694 E oiface  : sched_setaffinity failed
07-29 15:28:54.618  2020  2020 D vendor.oplus.hardware.charger-V7-service: getChargerControl:
07-29 15:28:54.622  2005  2005 D SensorFeature: name=ssc_screenshot_info ,index = 22
07-29 15:28:54.623  2005  2005 D SensorFeature: write 29 bytes:59458989455,59467322788,162,0
07-29 15:28:54.632  2006  7364 E PerformanceService: storage_feature: open /sys/devices/platform/soc/112b0000.ufshci//virtualtlcbuff fail
07-29 15:28:54.639  3444  5463 W BestClock: java.time.DateTimeException: Missing network time fix
07-29 15:28:54.639  3444  5463 W BestClock: java.time.DateTimeException: Missing network time fix
07-29 15:28:54.639  3444  5463 W BestClock: java.time.DateTimeException: Missing network time fix
07-29 15:28:54.676  4980  4980 V OplusCustomizeCacheManager: queryCache name: sys.cache.common_customize_cache18016 param: null
07-29 15:28:54.676  4980  4980 V OplusCustomizeCacheManager: queryCache name: sys.cache.common_customize_cache18013 param: null
07-29 15:28:54.676  4980  4980 V OplusCustomizeCacheManager: queryCache name: sys.cache.common_customize_cache18014 param: null
07-29 15:28:54.676  4980  4980 V OplusCustomizeCacheManager: queryCache name: sys.cache.common_customize_cache18017 param: Bundle[{SETTING=BLOCK, BUSINESS=NCT-DATA}]
07-29 15:28:54.677  4980  4980 V OplusCustomizeCacheManager: queryCache name: sys.cache.common_customize_cache18016 param: null
07-29 15:28:54.677  4980  4980 V OplusCustomizeCacheManager: queryCache name: sys.cache.common_customize_cache18013 param: null
07-29 15:28:54.677  4980  4980 V OplusCustomizeCacheManager: queryCache name: sys.cache.common_customize_cache18014 param: null
07-29 15:28:54.677  4980  4980 V OplusCustomizeCacheManager: queryCache name: sys.cache.common_customize_cache18017 param: Bundle[{SETTING=BLOCK, BUSINESS=NCT-DATA}]
07-29 15:28:54.682  4918  4918 D RowAnimatorExtImpl: end:view:StatusBarIconView(slot='volume' alpha=1.0 icon=StatusBarIcon(icon=Icon(typ=RESOURCE pkg=com.android.systemui id=0x7f0818f0) visible user=0 ) visibleState=ICON iconColor=#ccffffff staticDrawableColor=#ccffffff decorColor=#ffffffff animationStartColor=#0 currentSetColor=#ccffffff notification=null),tx
07-29 15:28:54.682  4918  4918 D RowAnimatorExtImpl: end:view:StatusBarIconView(slot='zen' alpha=1.0 icon=StatusBarIcon(icon=Icon(typ=RESOURCE pkg=com.android.systemui id=0x7f0818e1) visible user=0 ) visibleState=ICON iconColor=#ccffffff staticDrawableColor=#ccffffff decorColor=#ffffffff animationStartColor=#0 currentSetColor=#ccffffff notification=null),tx
07-29 15:28:54.682  4918  4918 D RowAnimatorExtImpl: end:view:StatusBarIconView(slot='volume' alpha=1.0 icon=StatusBarIcon(icon=Icon(typ=RESOURCE pkg=com.android.systemui id=0x7f0818f0) visible user=0 ) visibleState=ICON iconColor=#ccffffff staticDrawableColor=#ccffffff decorColor=#ffffffff animationStartColor=#0 currentSetColor=#ccffffff notification=null),tx
07-29 15:28:54.682  4918  4918 D RowAnimatorExtImpl: end:view:StatusBarIconView(slot='zen' alpha=1.0 icon=StatusBarIcon(icon=Icon(typ=RESOURCE pkg=com.android.systemui id=0x7f0818e1) visible user=0 ) visibleState=ICON iconColor=#ccffffff staticDrawableColor=#ccffffff decorColor=#ffffffff animationStartColor=#0 currentSetColor=#ccffffff notification=null),tx
07-29 15:28:54.682  4918  4918 D RowAnimatorExtImpl: end:view:StatusBarIconView(slot='volume' alpha=1.0 icon=StatusBarIcon(icon=Icon(typ=RESOURCE pkg=com.android.systemui id=0x7f0818f0) visible user=0 ) visibleState=ICON iconColor=#ccffffff staticDrawableColor=#ccffffff decorColor=#ffffffff animationStartColor=#0 currentSetColor=#ccffffff notification=null),tx
07-29 15:28:54.682  4918  4918 D RowAnimatorExtImpl: end:view:StatusBarIconView(slot='zen' alpha=1.0 icon=StatusBarIcon(icon=Icon(typ=RESOURCE pkg=com.android.systemui id=0x7f0818e1) visible user=0 ) visibleState=ICON iconColor=#ccffffff staticDrawableColor=#ccffffff decorColor=#ffffffff animationStartColor=#0 currentSetColor=#ccffffff notification=null),tx
07-29 15:28:54.683  3444  5109 I OplusHansManager : uid=10157, pkg=com.baidu.input_oppo cannot transition from R to M, importance=input
07-29 15:28:54.711  1852  4492 I sensors-hal: handle_oplus_wise_rgb_event:189, high_pwm_light:lux 181.9,cct 3572.1,brl/algo/ir 1338.0/2.0/22.7,pwm/dc 0.0/0.0,rgbc 14158.069336/9578.269531/4070.318848/26540.935547,ts 59475311296,cnt 840,flag 65698
07-29 15:28:54.712  1923  4481 I Dpps    : LtmSwState::SetParameter():144 ignore cmd 7 in state LtmOffState
07-29 15:28:54.874  4918  4918 I SystemUi--QuickSettings: TemporarilyInfoManager-->[animateShow] com.oplus.systemui.qs.base.temporarilyinfo.TemporarilyInfoManager$createViewToParent$1{3e9cf53 VFED..C.. ........ 0,0-1080,228 #7f0a0cb6 app:id/temporarily_info_view alpha=1.0 viewInfo = } end
07-29 15:28:54.874  4918  4918 I SystemUi--QuickSettings: TemporarilyInfoManager-->[trigger] start from showElementAfterShowFully
07-29 15:28:54.897  2005  2005 D SensorFeature: name=ssc_screenshot_info ,index = 22
07-29 15:28:54.897  2005  2005 D SensorFeature: write 29 bytes:59732945236,59741278569,163,0
07-29 15:28:54.957  2020  2072 D BatteryChargeControl: bcc get no support from charging protocol
07-29 15:28:54.977  1923  4481 I Dpps    : LtmSwState::SetParameter():144 ignore cmd 7 in state LtmOffState
07-29 15:28:54.998  4918  4918 D JankUtils: gfxSceneEnd; scene: 7
07-29 15:28:54.998  4918  4918 I SystemUi--Common: NotificationShadeDepthC-->sceneFlag: 0x001, isStart = false, Current sceneFlags: 0x000
07-29 15:28:54.998  4918  4918 D NavigationBar: restrainNavigationBarInvertColor: false
07-29 15:28:54.998  4918  5137 D RegionSamplingHelper =:    mCompositionSamplingListener.register
07-29 15:28:54.998  2175  2431 D SurfaceFlinger: addRegionSamplingListener pid: 4918, Area: [0, 2328, 1080, 2376]
07-29 15:28:55.157  3444  3444 D OplusWifiBroadCastDispatcher: mBroadcastReceiver: onReceiver  action=android.intent.action.BATTERY_LEVEL_CHANGED
07-29 15:28:55.157  3444  4498 W OplusStorageManagerFeature: mScreenReceiver action:android.intent.action.BATTERY_LEVEL_CHANGED
07-29 15:28:55.157  3444  4652 D OplusWifiPowerService: onReceive action:android.intent.action.BATTERY_LEVEL_CHANGED
07-29 15:28:55.157  3444  4498 I OplusStorageManagerFeature: TmemoryBetterySwitch: level=100 state=0
07-29 15:28:55.157  3444  4498 I OplusStorageManagerFeature: TmemoryBetterySwitch: action=0 state=2
07-29 15:28:55.157  3444  4498 W OplusStorageManagerFeature: Ready to deal actionParam:0
07-29 15:28:55.159  6227  6227 D BatteryUsageBroadcastReceiver: onReceive:android.intent.action.BATTERY_LEVEL_CHANGED
07-29 15:28:55.159  8844  9966 W metis_v2_KnowledgeManager: Fire: isEmergency is true  debugFireMode = false [7f0000011753817293820394107454|p_7454_3eef89d@1|p_8844_b70d7b4@10|com.oplus.metis] [base|com.oplus.metis|1.5.5-f48228a]
07-29 15:28:55.160  8844  9966 W metis_v2_OifaceBindUtils: bindTask [7f0000011753817293820394107454|p_7454_3eef89d@1|p_8844_b70d7b4@10|com.oplus.metis]
07-29 15:28:55.160  8844  9966 W metis_v2_OifaceBindUtils: call connectOifaceService [7f0000011753817293820394107454|p_7454_3eef89d@1|p_8844_b70d7b4@10|com.oplus.metis]
07-29 15:28:55.161  6608  6694 E oiface  : sched_setaffinity failed
07-29 15:28:55.161  8844  9966 I metis_v2_KnowledgeManager: panta-sugg-Fire: count=1 [7f0000011753817293820394107454|p_7454_3eef89d@1|p_8844_b70d7b4@10|com.oplus.metis]
07-29 15:28:55.161  6608  6674 E oiface  : directSetTask: get cpuset path failed
07-29 15:28:55.162  6227  6227 D BatteryUsageBroadcastReceiver: fetch data because of event: ACTION_BATTERY_LEVEL_CHANGED
07-29 15:28:55.163  6227  6227 D BatteryUsageBroadcastReceiver: cancel sendBroadcastToFetchUsageData when broadcastDelay is 2339992ms.
07-29 15:28:55.164  3444  5465 D ActivityManager: Async freezing 6227 com.android.settings
07-29 15:28:55.164  8844  9966 I System.out: 'park_precondition_home_02' 
07-29 15:28:55.165  8844  9966 I System.out: 'park_precondition_company_02' 
07-29 15:28:55.165  8844  9966 I System.out: 'UBIQUITOUS_SERVICE#assistant_screen#NOT_AT_HOME_301' 
07-29 15:28:55.165  8844  9966 I System.out: 'UBIQUITOUS_SERVICE#assistant_screen#NOT_AT_OFFICE_401' 
07-29 15:28:55.165  8844  9966 I System.out: 'policy:NEAR_SUBWAY_BUS_STATION_2x4' 
07-29 15:28:55.168  8844  9966 W metis_v2_TimeDurationCompare: [com.oplus.metis#UBIQUITOUS_SERVICE#scene#tips#TipScene_EXIT] 'timestamp' is not literal. [7f0000011753817293820394107454|p_7454_3eef89d@1|p_8844_b70d7b4@10|com.oplus.metis]
07-29 15:28:55.169  8844  9966 D SceneIntentPublisher: headAction: pkg is com.oplus.metis and simpleRuleName is UBIQUITOUS_SERVICE#secne#activity_coloros_reminder_tips
07-29 15:28:55.177  1852  9780 I sensors-hal: handle_sns_client_event:87, step_count_event: ts=60021704421 count 0
07-29 15:28:55.177  3444  4399 D SensorServiceUtils: sensorEventLog step_counter = 0
07-29 15:28:55.177  3444  4399 D SensorServiceUtils: sensorEventLog step_counter = 0
07-29 15:28:55.177  3444  4399 D SensorServiceUtils: sensorEventLog step_counter = 0
07-29 15:28:55.177  3444  4399 D SensorServiceUtils: sensorEventLog step_counter = 0
07-29 15:28:55.177  3444  4399 D SensorServiceUtils: sensorEventLog step_counter = 0
07-29 15:28:55.177  3444  4399 D SensorServiceUtils: sensorEventLog step_counter = 0
07-29 15:28:55.177  3444  4399 D SensorServiceUtils: sensorEventLog step_counter = 0
07-29 15:28:55.177  3444  4399 D SensorServiceUtils: sensorEventLog step_counter = 0
07-29 15:28:55.177  3444  4399 D SensorServiceUtils: sensorEventLog step_counter = 0
07-29 15:28:55.177  3444  4399 D SensorServiceUtils: sensorEventLog step_counter = 0
07-29 15:28:55.177  3444  4399 D SensorServiceUtils: sensorEventLog step_counter = 0
07-29 15:28:55.177  3444  4399 D SensorServiceUtils: sensorEventLog step_counter = 0
07-29 15:28:55.177  3444  4399 D SensorServiceUtils: sensorEventLog step_counter = 0
07-29 15:28:55.177  3444  4399 D SensorServiceUtils: sensorEventLog step_counter = 0
07-29 15:28:55.177  3444  4399 D SensorServiceUtils: sensorEventLog step_counter = 0
07-29 15:28:55.177  3444  4399 D SensorServiceUtils: sensorEventLog step_counter = 0
07-29 15:28:55.177  3444  4399 D SensorServiceUtils: sensorEventLog step_counter = 0
07-29 15:28:55.177  3444  4399 D SensorServiceUtils: sensorEventLog step_counter = 0
07-29 15:28:55.177  3444  4399 D SensorServiceUtils: sensorEventLog step_counter = 0
07-29 15:28:55.178  4717  4717 V SystemSensorManagerExtImpl: step counter dispatchSensorEvent step 0.0 to + a.b$c@dd91c5a
07-29 15:28:55.179  8844  9966 D SceneIntentPublisher: headAction: pkg is com.oplus.metis and simpleRuleName is UBIQUITOUS_SERVICE#secne#activity_coloros_reminder_tips
07-29 15:28:55.186  8844  9966 I System.out: 'UBIQUITOUS_SERVICE#assistant_screen#NOT_AT_HOME_301' 
07-29 15:28:55.187  8844  9966 I System.out: 'tempPropertyForGuideStatus' 
07-29 15:28:55.191  8844  9966 D SceneIntentPublisher: headAction: pkg is com.oplus.metis and simpleRuleName is UBIQUITOUS_SERVICE#secne#activity_coloros_reminder_tips
07-29 15:28:55.192  1923  2200 I SDM     : DisplayBase::CommitThread: Received idle timeout, panel: cmd, timeout: 70000 us
07-29 15:28:55.192  8844  9966 W metis_v2_TimeDurationCompare: [com.oplus.metis#UBIQUITOUS_SERVICE#scene#tips#TipScene_EXIT] 'timestamp' is not literal. [7f0000011753817293820394107454|p_7454_3eef89d@1|p_8844_b70d7b4@10|com.oplus.metis]
07-29 15:28:55.198  8844  9835 I ContextAware_GetInstalledAppsInfo: Update cache
07-29 15:28:55.208  8844  9991 I DeepThinkerSDK: [APP] ClientConnection: getDeepThinkerBridge start
07-29 15:28:55.208  8844  9991 I DeepThinkerSDK: [APP] ClientConnection: getDeepThinkerBridge end
07-29 15:28:55.210  8844  9966 W metis_v2_AbsTimerTriggered: [com.oplus.metis#UBIQUITOUS_SERVICE#health#LAUNCH-HEALTH-APP]: periodicTriggered's parseArgsToTimer meet exception periodic timer's first execute start time must >= time range start [7f0000011753817293820394107454|p_7454_3eef89d@1|p_8844_b70d7b4@10|com.oplus.metis] [base|com.oplus.metis|1.5.5-f48228a]
07-29 15:28:55.210  8844  9966 W metis_v2_AbsTimerTriggered: [com.oplus.metis#UBIQUITOUS_SERVICE#health#LAUNCH-HEALTH-APP]: please check if builtin periodicTriggered's args is valid [7f0000011753817293820394107454|p_7454_3eef89d@1|p_8844_b70d7b4@10|com.oplus.metis]
07-29 15:28:55.217  8844  9966 I System.out: 'UBIQUITOUS_SERVICE#assistant_screen#NOT_AT_OFFICE_401' 
07-29 15:28:55.218  8844  9966 I metis_v2_KnowledgeManager: panta-sugg-Fire takes 56 milliseconds. [7f0000011753817293820394107454|p_7454_3eef89d@1|p_8844_b70d7b4@10|com.oplus.metis]
07-29 15:28:55.218  8844  9966 I ContextAware_PantanalIntentManager: intent (id-14111004+policyName-CLEAN_STORAGE) is not found in scene_intent_config [7f0000011753817293820394107454|p_7454_3eef89d@1|p_8844_b70d7b4@10|com.oplus.metis]
07-29 15:28:55.218  8844  9966 I metis_v2_SceneTravelingAdapter: recallTravellingIntent: [] [7f0000011753817293820394107454|p_7454_3eef89d@1|p_8844_b70d7b4@10|com.oplus.metis]
07-29 15:28:55.218  8844  9966 I ContextAware_ContextAware_SceneIntentManager: mLastIntentDataSet: [] [7f0000011753817293820394107454|p_7454_3eef89d@1|p_8844_b70d7b4@10|com.oplus.metis]
07-29 15:28:55.218  8844  9966 I ContextAware_ContextAware_SceneIntentManager: intentList: [IntentDataDTO(intent=IntentDTO=[sceneId=220500200, intentId=14111005, isExited=false, source=0, ownerId=com.oplus.metis, action=14111005, policyName=SUBSTITUTE_SCENE, serviceId=, sendExitedIntent=true, repeatable=false, sceneScore=-1.0, position=right, level=2, type=1, serviceInstanceId=null, isSupportMultiInstance=false, settingsPreference=null], items=[]), IntentDataDTO(intent=IntentDTO=[sceneId=210000000, intentId=12121002, isExited=true, source=0, ownerId=com.oplus.metis, action=12121002, policyName=TAKEOUT_ORDER_STATUS_CHANGE, serviceId=, sendExitedIntent=false, repeatable=false, sceneScore=-1.0, position=left, level=1, type=1, serviceInstanceId=null, isSupportMultiInstance=false, settingsPreference=null], items=[]), IntentDataDTO(intent=IntentDTO=[sceneId=null, intentId=14111004, isExited=true, source=0, ownerId=com.oplus.metis, action=14111004, policyName=CLEAN_STORAGE, serviceId=, sendExitedIntent=false, repeatable=false, sceneScore=-1.0, position=null, level=0, type=1, serviceInstanceId=null, isSupportMultiInstance=false, settingsPreference=null], items=[]), IntentDataDTO(intent=IntentDTO=[sceneId=null, intentId=12121002, isExited=true, source=0, ownerId=com.oplus.metis, action=12121002, policyName=TAKEOUT_ORDER_STATUS_CHANGE, serviceId=, sendExitedIntent=false, repeatable=false, sceneScore=-1.0, position=null, level=0, type=1, serviceInstanceId=null, isSupportMultiInstance=false, settingsPreference=null], items=[])] [7f0000011753817293820394107454|p_7454_3eef89d@1|p_8844_b70d7b4@10|com.oplus.metis]
07-29 15:28:55.218  8844  9966 I ContextAware_ContextAware_SceneIntentManager: missedIntent: [] [7f0000011753817293820394107454|p_7454_3eef89d@1|p_8844_b70d7b4@10|com.oplus.metis]
07-29 15:28:55.218  8844  9966 I metis_v2_SceneIntentManager: panta-sugg-Published intents: [7f0000011753817293820394107454|p_7454_3eef89d@1|p_8844_b70d7b4@10|com.oplus.metis]
07-29 15:28:55.218  8844  9966 I metis_v2_SceneIntentManager: panta-sugg-IntentDataDTO(intent=IntentDTO=[sceneId=220500200, intentId=14111005, isExited=false, source=0, ownerId=com.oplus.metis, action=14111005, policyName=SUBSTITUTE_SCENE, serviceId=, sendExitedIntent=true, repeatable=false, sceneScore=-1.0, position=right, level=2, type=1, serviceInstanceId=null, isSupportMultiInstance=false, settingsPreference=null], items=[]) [7f0000011753817293820394107454|p_7454_3eef89d@1|p_8844_b70d7b4@10|com.oplus.metis]
07-29 15:28:55.218  8844  9966 I metis_v2_SceneIntentManager: panta-sugg-IntentDataDTO(intent=IntentDTO=[sceneId=210000000, intentId=12121002, isExited=true, source=0, ownerId=com.oplus.metis, action=12121002, policyName=TAKEOUT_ORDER_STATUS_CHANGE, serviceId=, sendExitedIntent=false, repeatable=false, sceneScore=-1.0, position=left, level=1, type=1, serviceInstanceId=null, isSupportMultiInstance=false, settingsPreference=null], items=[]) [7f0000011753817293820394107454|p_7454_3eef89d@1|p_8844_b70d7b4@10|com.oplus.metis]
07-29 15:28:55.218  8844  9966 I metis_v2_SceneIntentManager: panta-sugg-IntentDataDTO(intent=IntentDTO=[sceneId=null, intentId=14111004, isExited=true, source=0, ownerId=com.oplus.metis, action=14111004, policyName=CLEAN_STORAGE, serviceId=, sendExitedIntent=false, repeatable=false, sceneScore=-1.0, position=null, level=0, type=1, serviceInstanceId=null, isSupportMultiInstance=false, settingsPreference=null], items=[]) [7f0000011753817293820394107454|p_7454_3eef89d@1|p_8844_b70d7b4@10|com.oplus.metis]
07-29 15:28:55.218  8844  9966 I metis_v2_SceneIntentManager: panta-sugg-IntentDataDTO(intent=IntentDTO=[sceneId=null, intentId=12121002, isExited=true, source=0, ownerId=com.oplus.metis, action=12121002, policyName=TAKEOUT_ORDER_STATUS_CHANGE, serviceId=, sendExitedIntent=false, repeatable=false, sceneScore=-1.0, position=null, level=0, type=1, serviceInstanceId=null, isSupportMultiInstance=false, settingsPreference=null], items=[]) [7f0000011753817293820394107454|p_7454_3eef89d@1|p_8844_b70d7b4@10|com.oplus.metis]
07-29 15:28:55.219  8844  9966 I ContextAware_MetisStatistics: uploadMetisIntentData enter {intent_source=0, intent_action=14111005, exit_type=, rule_name=UBIQUITOUS_SERVICE#secne#activity_coloros_reminder_tips, service_id=, scene_id=220500200, policy_name=SUBSTITUTE_SCENE, is_exited=false, intent_id=14111005, timestamp=1753817335219} [7f0000011753817293820394107454|p_7454_3eef89d@1|p_8844_b70d7b4@10|com.oplus.metis]
07-29 15:28:55.219  8844  9966 I ContextAware_PantanalIntentManager: getCloudIntentConfig [7f0000011753817293820394107454|p_7454_3eef89d@1|p_8844_b70d7b4@10|com.oplus.metis]
07-29 15:28:55.231  8844  9966 I ContextAware_PantanalIntentManager: getDownLoadConfig [7f0000011753817293820394107454|p_7454_3eef89d@1|p_8844_b70d7b4@10|com.oplus.metis]
07-29 15:28:55.249  8844  9966 I ContextAware_PantanalIntentManager: selectNewestConfig, assetVersion 202505301103, downloadVersion 202507161101 [7f0000011753817293820394107454|p_7454_3eef89d@1|p_8844_b70d7b4@10|com.oplus.metis]
07-29 15:28:55.255  8844  9966 I ContextAware_PantanalIntentManager: getCloudIntentConfig, cache cloud intent config [7f0000011753817293820394107454|p_7454_3eef89d@1|p_8844_b70d7b4@10|com.oplus.metis]
07-29 15:28:55.255  8844  9966 I ContextAware_PantanalIntentLruCache: create, key=14111004-CLEAN_STORAGE, create time=36 LruCache[maxSize=120,hits=214,misses=6,hitRate=97%] cacheSize=16 [7f0000011753817293820394107454|p_7454_3eef89d@1|p_8844_b70d7b4@10|com.oplus.metis]
07-29 15:28:55.255  8844 10355 E ContextAware_SortAlgorithmManager.ReorderProcessor.GuaranteedIntentManager: removeExternalIntent mExternalGuaranteedList invalid
07-29 15:28:55.255  8844 10355 E ContextAware_SortAlgorithmManager.ReorderProcessor.GuaranteedIntentManager: removeExternalIntent mExternalGuaranteedList invalid
07-29 15:28:55.255  8844 10355 E ContextAware_SortAlgorithmManager.ReorderProcessor.GuaranteedIntentManager: removeExternalIntent mExternalGuaranteedList invalid
07-29 15:28:55.255  8844  9966 I ContextAware_DecisionIntentProvider: uriPath:/negative_screen [7f0000011753817293820394107454|p_7454_3eef89d@1|p_8844_b70d7b4@10|com.oplus.metis]
07-29 15:28:55.255  8844  9966 I ContextAware_DecisionIntentProvider: mAssistantScreenList:[] [7f0000011753817293820394107454|p_7454_3eef89d@1|p_8844_b70d7b4@10|com.oplus.metis]
07-29 15:28:55.256  8844  9966 I DataCollector_SortAlgorithmManager.SortCommonUtil: mIntentList is empty. [7f0000011753817293820394107454|p_7454_3eef89d@1|p_8844_b70d7b4@10|com.oplus.metis]
07-29 15:28:55.256  8844 10015 I ContextAware_ContextAware_SortAlgorithmManager.SendMsg: Log Segmented Print(1):sortForBatchRemoveIntentChange pantanalIntentList = [PantanalIntent(sceneId=210000000, intentId=12121002, policyName='TAKEOUT_ORDER_STATUS_CHANGE', sceneInstanceId=null, intentSrc=0, finalScore=-1.0, subDomain='takeout', action='pantanal.intent.takeout.VIEW_ORDER_PROGRESS', defaultScore=11.0, sortable=false, paramsFromUserPolicy=ParamsFromUserPolicy(exposureArgs=[], exposureFunc=-1, clickArgs=[], clickFunc=-1, timeArgs=[], timeFunc=-1, delayExposureArgs=null, delayClickArgs=null), cannotReduceRecommend=false, reduceReplaceKey=, isUnrecoverable=false, dropRepeatKey=, dropRepeatMode=-1, paramsFromService=content-length:2, isParamsSendToSeedling=false, forceRebuildSeedling=false, seedlingUiPolicy=0, paramsFromHabit=null, serviceList=null, serviceSelectPolicy=0, serviceSelectWeight=null, serviceId=, serviceIdFrom=null, recallScore=null, rankScore=-1.0, rerankScore=-1.0, requestId=null, userPolicyScore=-1.0, domain='life_service', cloudExtInfo=null, operation=1, showCount=0, clickCount=0, exposureTime=0, dtExperimentParams=null, createTime=1753817335255, lastUpdateTime=1753817335255, expireTime=240, , originalUpdateTime=1753817335255, sortRelatedId=0, addRelatedId=0, decisionHistoryList=null, businessData=null, cardOptions=null, instanceId=null, protectEnable=true, protectPolicy=ProtectPolicy(event=0, initialDuration=7, deltaDuration=3, startRatio=70, endRatio=10, stepRatio=20), addMinProb=0.4, probAdj=1.0, lastSortType=0, configVersion=202507161101, algorithmVersion=, recommendServiceList=null, removeTriggerValue=0.2, algorithmTimeRule=[], ruleRemoveByAlgorithm=false, containServiceId=false, dropRepeatType=0, dropRepeatScore=0, delayDismiss=0, attenuationType=-1, attenuationFunc=-1, shouldFocus=false, focusTimestamp=null, orderID=null, serviceTimeStamp=0, serviceInstanceId=null, showType=0,delayExposureTimestamp=0, delayClickTimestamp=0, isSupportMultiInstance=false, , PantanalIntent(sceneId=null, intentId=14111004, policyName='CLEAN_STORAGE', sceneInstanceId=null, intentSrc=0, finalScore=-1.0, subDomain='clear_memory', action='pantanal.intent.system.CLEAN_UP_STORAGE', defaultScore=0.8, sortable=true, paramsFromUserPolicy=ParamsFromUserPolicy(exposureArgs=[20.0, 5.0], exposureFunc=2, clickArgs=[2.0], clickFunc=1, timeArgs=[], timeFunc=-1, delayExposureArgs=null, delayClickArgs=null), cannotReduceRecommend=false, reduceReplaceKey=, isUnrecoverable=false, dropRepeatKey=, dropRepeatMode=-1, paramsFromService=content-length:2, isParamsSendToSeedling=false, forceRebuildSeedling=false, seedlingUiPolicy=0, paramsFromHabit=null, serviceList=null, serviceSelectPolicy=0, serviceSelectWeight=null, serviceId=, serviceIdFrom=null, recallScore=null, rankScore=-1.0, rerankScore=-1.0, requestId=null, userPolicyScore=-1.0, domain='system_settings', cloudExtInfo=null, operation=1, showCount=0, clickCount=0, exposureTime=0, dtExperimentParams=null, createTime=1753817335255, lastUpdateTime=1753817335255, expireTime=240, , originalUpdateTime=1753817335255, sortRelatedId=100710040000, addRelatedId=0, decisionHistoryList=null, businessData=null, cardOptions=null, instanceId=null, protectEnable=true, protectPolicy=ProtectPolicy(event=0, initialDuration=0, deltaDuration=1, startRatio=20, endRatio=5, stepRatio=5), addMinProb=0.4, probAdj=1.0, lastSortType=0, configVersion=202507161101, algorithmVersion=, recommendServiceList=null, removeTriggerValue=0.2, algorithmTimeRule=[], ruleRemoveByAlgorithm=false, containServiceId=false, dropRepeatType=0, dropRepeatScore=0, delayDismiss=0, attenuationType=-1, attenuationFunc=-1, shouldFocus=false, focusTimestamp=null, orderID=null, serviceTimeStamp=0, serviceInstanceId=null, showType=0,delayExposureTimestamp=0, delayClickTimestamp=0, isSupportMultiInstance=false, , PantanalIntent(sceneId=null, intentId=12121002, policyName='TAKEOUT_ORDER_STATUS_CHANGE', sceneInstanceId=null, intentSrc=0, finalScore=-1.0, subDomain='takeout', action='pantanal.intent.takeout.VIEW_ORDER_PROGRESS', defaultScore=11.0,
07-29 15:28:55.256  8844 10015 I ContextAware_ContextAware_SortAlgorithmManager.SendMsg: Log Segmented Print(2): sortable=false, paramsFromUserPolicy=ParamsFromUserPolicy(exposureArgs=[], exposureFunc=-1, clickArgs=[], clickFunc=-1, timeArgs=[], timeFunc=-1, delayExposureArgs=null, delayClickArgs=null), cannotReduceRecommend=false, reduceReplaceKey=, isUnrecoverable=false, dropRepeatKey=, dropRepeatMode=-1, paramsFromService=content-length:2, isParamsSendToSeedling=false, forceRebuildSeedling=false, seedlingUiPolicy=0, paramsFromHabit=null, serviceList=null, serviceSelectPolicy=0, serviceSelectWeight=null, serviceId=, serviceIdFrom=null, recallScore=null, rankScore=-1.0, rerankScore=-1.0, requestId=null, userPolicyScore=-1.0, domain='life_service', cloudExtInfo=null, operation=1, showCount=0, clickCount=0, exposureTime=0, dtExperimentParams=null, createTime=1753817335255, lastUpdateTime=1753817335255, expireTime=240, , originalUpdateTime=1753817335255, sortRelatedId=0, addRelatedId=0, decisionHistoryList=null, businessData=null, cardOptions=null, instanceId=null, protectEnable=true, protectPolicy=ProtectPolicy(event=0, initialDuration=7, deltaDuration=3, startRatio=70, endRatio=10, stepRatio=20), addMinProb=0.4, probAdj=1.0, lastSortType=0, configVersion=202507161101, algorithmVersion=, recommendServiceList=null, removeTriggerValue=0.2, algorithmTimeRule=[], ruleRemoveByAlgorithm=false, containServiceId=false, dropRepeatType=0, dropRepeatScore=0, delayDismiss=0, attenuationType=-1, attenuationFunc=-1, shouldFocus=false, focusTimestamp=null, orderID=null, serviceTimeStamp=0, serviceInstanceId=null, showType=0,delayExposureTimestamp=0, delayClickTimestamp=0, isSupportMultiInstance=false, ]
07-29 15:28:55.256  8844 10015 I ContextAware_SortAlgorithmManager.SendMsg: sortForBatchRemoveIntentChange : batchIntentList is empty Just return
07-29 15:28:55.256  8844 10015 I ContextAware_SortAlgorithmManager.SendMsg: sortForBatchIntentChange batchIntent = PantanalIntent(sceneId=220500200, intentId=14111005, policyName='SUBSTITUTE_SCENE', sceneInstanceId=null, intentSrc=0, finalScore=-1.0, subDomain='tips', action='pantanal.intent.system.VIEW_TIPS', defaultScore=2.0, sortable=true, paramsFromUserPolicy=ParamsFromUserPolicy(exposureArgs=[], exposureFunc=-1, clickArgs=[], clickFunc=-1, timeArgs=[], timeFunc=-1, delayExposureArgs=null, delayClickArgs=null), cannotReduceRecommend=false, reduceReplaceKey=, isUnrecoverable=false, dropRepeatKey=, dropRepeatMode=-1, paramsFromService=content-length:2, isParamsSendToSeedling=false, forceRebuildSeedling=false, seedlingUiPolicy=0, paramsFromHabit=null, serviceList=null, serviceSelectPolicy=0, serviceSelectWeight=null, serviceId=, serviceIdFrom=null, recallScore=null, rankScore=-1.0, rerankScore=-1.0, requestId=null, userPolicyScore=-1.0, domain='system_settings', cloudExtInfo=null, operation=0, showCount=0, clickCount=0, exposureTime=0, dtExperimentParams=null, createTime=1753817335255, lastUpdateTime=1753817335255, expireTime=240, , originalUpdateTime=1753817335255, sortRelatedId=0, addRelatedId=0, decisionHistoryList=null, businessData=null, cardOptions=null, instanceId=null, protectEnable=true, protectPolicy=ProtectPolicy(event=0, initialDuration=7, deltaDuration=3, startRatio=70, endRatio=10, stepRatio=20), addMinProb=0.4, probAdj=1.0, lastSortType=0, configVersion=202507161101, algorithmVersion=, recommendServiceList=null, removeTriggerValue=0.2, algorithmTimeRule=[], ruleRemoveByAlgorithm=false, containServiceId=false, dropRepeatType=0, dropRepeatScore=0, delayDismiss=0, attenuationType=-1, attenuationFunc=-1, shouldFocus=false, focusTimestamp=null, orderID=null, serviceTimeStamp=0, serviceInstanceId=null, showType=0,delayExposureTimestamp=0, delayClickTimestamp=0, isSupportMultiInstance=false, 
07-29 15:28:55.256  8844 10355 I ContextAware_DailyStatisticsRecorder: Increase context change count: MESSAGE_10_cnt, value: 1
07-29 15:28:55.256  8844 10015 I ContextAware_SortAlgorithmManager.SendMsg: sendMessage msgWhat = 10
07-29 15:28:55.256  8844  9894 I ContextAware_SortAlgorithmManager: message:10
07-29 15:28:55.256  8844  9966 I metis_v2_KnowledgeManager: DUMP FACTS IN TREE: [7f0000011753817293820394107454|p_7454_3eef89d@1|p_8844_b70d7b4@10|com.oplus.metis]
07-29 15:28:55.256  8844  9894 I ContextAware_IntentSwitchManager: getSubSwitchStatus = {tips=true}
07-29 15:28:55.256  8844  9894 I ContextAware_IntentSwitchManager: isExistInSceneInfoActionList pantanalIntentAction = pantanal.intent.system.VIEW_TIPS
07-29 15:28:55.256  8844  9894 I metis_v2_BreenoSwitchSettingObserver: panta-sugg-getMasterSwitchStatus from cache:true
07-29 15:28:55.256  8844  9894 I ContextAware_SortAlgorithmManager.SceneUtil: SortAlgorithmManager.SceneCombinationProcessor Last map is  sceneId 210000000 status 2 intentList size 1 isHome false IntentId: 13151001 policyName DYNAMIC_SUBSTITUTE isFocus false serviceId null type 0 deleteKeynull
07-29 15:28:55.256  8844  9894 I ContextAware_SortAlgorithmManager.SceneUtil:  sceneId 220500200 status 2 intentList size 1 isHome false IntentId: 14111005 policyName SUBSTITUTE_SCENE isFocus false serviceId  type 0 deleteKeynull
07-29 15:28:55.256  8844  9894 I ContextAware_SortAlgorithmManager.SceneUtil:  sceneId 240000000 status 2 intentList size 3 isHome false IntentId: 14111004 policyName CLEAN_UP_STORAGE_SUBSTITUTE isFocus false serviceId null type 0 deleteKeynull IntentId: 18111007 policyName CLEAN_UP_SUBSTITUTE isFocus false serviceId null type 0 deleteKeynull IntentId: 18111008 policyName CLEAN_UP_PLUS_SUBSTITUTE isFocus false serviceId null type 0 deleteKeynull
07-29 15:28:55.256  8844 10234 I ContextAware_DailyStatisticsRecorder: Increase context change count: PROCESSOR_SCENE_FILTER_cnt, value: 1
