07-29 14:23:14.233  8304  9466 E metis_v2_JenaHandlerManager: local thread match [7f0000011753813353928397607269|p_7269_1dc243e@1|p_8304_40c8800@11|com.oplus.metis]
07-29 14:23:14.233  8304  9466 E metis_v2_JenaHandlerManager: local thread match [7f0000011753813353928397607269|p_7269_1dc243e@1|p_8304_40c8800@11|com.oplus.metis]
07-29 14:23:14.233  8304  9466 E metis_v2_JenaHandlerManager: local thread match [7f0000011753813353928397607269|p_7269_1dc243e@1|p_8304_40c8800@11|com.oplus.metis]
07-29 14:23:14.233  8304  9466 E metis_v2_JenaHandlerManager: local thread match [7f0000011753813353928397607269|p_7269_1dc243e@1|p_8304_40c8800@11|com.oplus.metis]
07-29 14:23:14.233  8304  9466 E metis_v2_JenaHandlerManager: local thread match [7f0000011753813353928397607269|p_7269_1dc243e@1|p_8304_40c8800@11|com.oplus.metis]
07-29 14:23:14.233  8304  9466 E metis_v2_JenaHandlerManager: local thread match [7f0000011753813353928397607269|p_7269_1dc243e@1|p_8304_40c8800@11|com.oplus.metis]
07-29 14:23:14.233  8304  9466 E metis_v2_JenaHandlerManager: local thread match [7f0000011753813353928397607269|p_7269_1dc243e@1|p_8304_40c8800@11|com.oplus.metis]
07-29 14:23:14.233  8304  9466 E metis_v2_JenaHandlerManager: local thread match [7f0000011753813353928397607269|p_7269_1dc243e@1|p_8304_40c8800@11|com.oplus.metis]
07-29 14:23:14.233  8304  9466 E metis_v2_JenaHandlerManager: local thread match [7f0000011753813353928397607269|p_7269_1dc243e@1|p_8304_40c8800@11|com.oplus.metis]
07-29 14:23:14.233  8304  9466 E metis_v2_JenaHandlerManager: local thread match [7f0000011753813353928397607269|p_7269_1dc243e@1|p_8304_40c8800@11|com.oplus.metis]
07-29 14:23:14.233  8304  9466 E metis_v2_JenaHandlerManager: local thread match [7f0000011753813353928397607269|p_7269_1dc243e@1|p_8304_40c8800@11|com.oplus.metis]
07-29 14:23:14.233  8304  9466 E metis_v2_JenaHandlerManager: local thread match [7f0000011753813353928397607269|p_7269_1dc243e@1|p_8304_40c8800@11|com.oplus.metis]
07-29 14:23:14.233  8304  9466 E metis_v2_JenaHandlerManager: local thread match [7f0000011753813353928397607269|p_7269_1dc243e@1|p_8304_40c8800@11|com.oplus.metis]
07-29 14:23:14.233  8304  9466 E metis_v2_JenaHandlerManager: local thread match [7f0000011753813353928397607269|p_7269_1dc243e@1|p_8304_40c8800@11|com.oplus.metis]
07-29 14:23:14.233  8304  9466 E metis_v2_JenaHandlerManager: local thread match [7f0000011753813353928397607269|p_7269_1dc243e@1|p_8304_40c8800@11|com.oplus.metis]
07-29 14:23:14.233  8304  9466 E metis_v2_JenaHandlerManager: local thread match [7f0000011753813353928397607269|p_7269_1dc243e@1|p_8304_40c8800@11|com.oplus.metis]
07-29 14:23:14.233  8304  9466 E metis_v2_JenaHandlerManager: local thread match [7f0000011753813353928397607269|p_7269_1dc243e@1|p_8304_40c8800@11|com.oplus.metis]
07-29 14:23:14.233  8304  9466 E metis_v2_JenaHandlerManager: local thread match [7f0000011753813353928397607269|p_7269_1dc243e@1|p_8304_40c8800@11|com.oplus.metis]
07-29 14:23:14.233  8304  9466 E metis_v2_JenaHandlerManager: local thread match [7f0000011753813353928397607269|p_7269_1dc243e@1|p_8304_40c8800@11|com.oplus.metis]
07-29 14:23:14.233  8304  9466 E metis_v2_JenaHandlerManager: local thread match [7f0000011753813353928397607269|p_7269_1dc243e@1|p_8304_40c8800@11|com.oplus.metis]
07-29 14:23:14.233  8304  9466 E metis_v2_JenaHandlerManager: local thread match [7f0000011753813353928397607269|p_7269_1dc243e@1|p_8304_40c8800@11|com.oplus.metis]
07-29 14:23:14.233  8304  9466 E metis_v2_JenaHandlerManager: local thread match [7f0000011753813353928397607269|p_7269_1dc243e@1|p_8304_40c8800@11|com.oplus.metis]
07-29 14:23:14.233  8304  9466 E metis_v2_JenaHandlerManager: local thread match [7f0000011753813353928397607269|p_7269_1dc243e@1|p_8304_40c8800@11|com.oplus.metis]
07-29 14:23:14.233  8304  9466 E metis_v2_JenaHandlerManager: local thread match [7f0000011753813353928397607269|p_7269_1dc243e@1|p_8304_40c8800@11|com.oplus.metis]
07-29 14:23:14.233  8304  9466 E metis_v2_JenaHandlerManager: local thread match [7f0000011753813353928397607269|p_7269_1dc243e@1|p_8304_40c8800@11|com.oplus.metis]
07-29 14:23:14.233  8304  9466 E metis_v2_JenaHandlerManager: local thread match [7f0000011753813353928397607269|p_7269_1dc243e@1|p_8304_40c8800@11|com.oplus.metis]
07-29 14:23:14.233  8304  9466 E metis_v2_JenaHandlerManager: local thread match [7f0000011753813353928397607269|p_7269_1dc243e@1|p_8304_40c8800@11|com.oplus.metis]
07-29 14:23:14.233  8304  9466 E metis_v2_JenaHandlerManager: local thread match [7f0000011753813353928397607269|p_7269_1dc243e@1|p_8304_40c8800@11|com.oplus.metis]
07-29 14:23:14.233  8304  9466 E metis_v2_JenaHandlerManager: local thread match [7f0000011753813353928397607269|p_7269_1dc243e@1|p_8304_40c8800@11|com.oplus.metis]
07-29 14:23:14.233  8304  9466 E metis_v2_JenaHandlerManager: local thread match [7f0000011753813353928397607269|p_7269_1dc243e@1|p_8304_40c8800@11|com.oplus.metis]
07-29 14:23:14.233  8304  9466 E metis_v2_JenaHandlerManager: local thread match [7f0000011753813353928397607269|p_7269_1dc243e@1|p_8304_40c8800@11|com.oplus.metis]
07-29 14:23:14.233  8304  9466 E metis_v2_JenaHandlerManager: local thread match [7f0000011753813353928397607269|p_7269_1dc243e@1|p_8304_40c8800@11|com.oplus.metis]
07-29 14:23:14.233  8304  9466 E metis_v2_JenaHandlerManager: local thread match [7f0000011753813353928397607269|p_7269_1dc243e@1|p_8304_40c8800@11|com.oplus.metis]
07-29 14:23:14.233  8304  9466 E metis_v2_JenaHandlerManager: local thread match [7f0000011753813353928397607269|p_7269_1dc243e@1|p_8304_40c8800@11|com.oplus.metis]
07-29 14:23:14.233  8304  9466 E metis_v2_JenaHandlerManager: local thread match [7f0000011753813353928397607269|p_7269_1dc243e@1|p_8304_40c8800@11|com.oplus.metis]
07-29 14:23:14.233  8304  9466 E metis_v2_JenaHandlerManager: local thread match [7f0000011753813353928397607269|p_7269_1dc243e@1|p_8304_40c8800@11|com.oplus.metis]
07-29 14:23:14.233  8304  9466 E metis_v2_JenaHandlerManager: local thread match [7f0000011753813353928397607269|p_7269_1dc243e@1|p_8304_40c8800@11|com.oplus.metis]
07-29 14:23:14.233  8304  9466 E metis_v2_JenaHandlerManager: local thread match [7f0000011753813353928397607269|p_7269_1dc243e@1|p_8304_40c8800@11|com.oplus.metis]
07-29 14:23:14.233  8304  9466 E metis_v2_JenaHandlerManager: local thread match [7f0000011753813353928397607269|p_7269_1dc243e@1|p_8304_40c8800@11|com.oplus.metis]
07-29 14:23:14.233  8304  9466 E metis_v2_JenaHandlerManager: local thread match [7f0000011753813353928397607269|p_7269_1dc243e@1|p_8304_40c8800@11|com.oplus.metis]
07-29 14:23:14.233  8304  9466 E metis_v2_JenaHandlerManager: local thread match [7f0000011753813353928397607269|p_7269_1dc243e@1|p_8304_40c8800@11|com.oplus.metis]
07-29 14:23:14.233  8304  9466 E metis_v2_JenaHandlerManager: local thread match [7f0000011753813353928397607269|p_7269_1dc243e@1|p_8304_40c8800@11|com.oplus.metis]
07-29 14:23:14.233  8304  9466 E metis_v2_JenaHandlerManager: local thread match [7f0000011753813353928397607269|p_7269_1dc243e@1|p_8304_40c8800@11|com.oplus.metis]
07-29 14:23:14.233  8304  9466 E metis_v2_JenaHandlerManager: local thread match [7f0000011753813353928397607269|p_7269_1dc243e@1|p_8304_40c8800@11|com.oplus.metis]
07-29 14:23:14.233  8304  9466 E metis_v2_JenaHandlerManager: local thread match [7f0000011753813353928397607269|p_7269_1dc243e@1|p_8304_40c8800@11|com.oplus.metis]
07-29 14:23:14.233  8304  9466 E metis_v2_JenaHandlerManager: local thread match [7f0000011753813353928397607269|p_7269_1dc243e@1|p_8304_40c8800@11|com.oplus.metis]
07-29 14:23:14.233  8304  9466 E metis_v2_JenaHandlerManager: local thread match [7f0000011753813353928397607269|p_7269_1dc243e@1|p_8304_40c8800@11|com.oplus.metis]
07-29 14:23:14.233  8304  9466 E metis_v2_JenaHandlerManager: local thread match [7f0000011753813353928397607269|p_7269_1dc243e@1|p_8304_40c8800@11|com.oplus.metis]
07-29 14:23:14.233  8304  9466 E metis_v2_JenaHandlerManager: local thread match [7f0000011753813353928397607269|p_7269_1dc243e@1|p_8304_40c8800@11|com.oplus.metis]
07-29 14:23:14.233  8304  9466 E metis_v2_JenaHandlerManager: local thread match [7f0000011753813353928397607269|p_7269_1dc243e@1|p_8304_40c8800@11|com.oplus.metis]
07-29 14:23:14.233  8304  9466 E metis_v2_JenaHandlerManager: local thread match [7f0000011753813353928397607269|p_7269_1dc243e@1|p_8304_40c8800@11|com.oplus.metis]
07-29 14:23:14.233  8304  9466 E metis_v2_JenaHandlerManager: local thread match [7f0000011753813353928397607269|p_7269_1dc243e@1|p_8304_40c8800@11|com.oplus.metis]
07-29 14:23:14.233  8304  9466 E metis_v2_JenaHandlerManager: local thread match [7f0000011753813353928397607269|p_7269_1dc243e@1|p_8304_40c8800@11|com.oplus.metis]
07-29 14:23:14.233  8304  9466 E metis_v2_JenaHandlerManager: local thread match [7f0000011753813353928397607269|p_7269_1dc243e@1|p_8304_40c8800@11|com.oplus.metis]
07-29 14:23:14.233  8304  9466 E metis_v2_JenaHandlerManager: local thread match [7f0000011753813353928397607269|p_7269_1dc243e@1|p_8304_40c8800@11|com.oplus.metis]
07-29 14:23:14.233  8304  9466 E metis_v2_JenaHandlerManager: local thread match [7f0000011753813353928397607269|p_7269_1dc243e@1|p_8304_40c8800@11|com.oplus.metis]
07-29 14:23:14.233  8304  9466 E metis_v2_JenaHandlerManager: local thread match [7f0000011753813353928397607269|p_7269_1dc243e@1|p_8304_40c8800@11|com.oplus.metis]
07-29 14:23:14.233  8304  9466 E metis_v2_JenaHandlerManager: local thread match [7f0000011753813353928397607269|p_7269_1dc243e@1|p_8304_40c8800@11|com.oplus.metis]
07-29 14:23:14.233  8304  9466 E metis_v2_JenaHandlerManager: local thread match [7f0000011753813353928397607269|p_7269_1dc243e@1|p_8304_40c8800@11|com.oplus.metis]
07-29 14:23:14.233  8304  9466 E metis_v2_JenaHandlerManager: local thread match [7f0000011753813353928397607269|p_7269_1dc243e@1|p_8304_40c8800@11|com.oplus.metis]
07-29 14:23:14.233  8304  9466 E metis_v2_JenaHandlerManager: local thread match [7f0000011753813353928397607269|p_7269_1dc243e@1|p_8304_40c8800@11|com.oplus.metis]
07-29 14:23:14.234 13192 13192 V GraphicsEnvironment: Currently set values for:
07-29 14:23:14.234 13192 13192 V GraphicsEnvironment:   angle_gl_driver_selection_pkgs=[]
07-29 14:23:14.234 13192 13192 V GraphicsEnvironment:   angle_gl_driver_selection_values=[]
07-29 14:23:14.234 13192 13192 V GraphicsEnvironment: Global.Settings values are invalid: number of packages: 0, number of values: 0
07-29 14:23:14.237  5301  5653 W [0]DCS  : Common Record event failed. DCS reject event: [appId=107501,logTag=10750101,eventId=metis_scene] . Pls check server config.
07-29 14:23:14.238 13192 13192 D WS_OplusWirelessSettingsApp: onCreate, OplusWirelessSettingsApp
07-29 14:23:14.241 13192 13192 D LogUtils: initWirelessLog sIsQeAssert=false,sIsWifiOrBtLog=false
07-29 14:23:14.244  3442  5883 I ActivityManager: Flag disabled. Ignoring finishAttachApplication from uid: 1000. pid: 13192
07-29 14:23:14.244 13192 13192 E ANDR-PERF-CLIENT-SYS: death recipent object is fine
07-29 14:23:14.244 13192 13192 W ttings:tzupdate: AIBinder_linkToDeath is being called with a non-null cookie and no onUnlink callback set. This might not be intended. AIBinder_DeathRecipient_setOnUnlinked should be called first.
07-29 14:23:14.245  3442  5883 W OplusSelfProtectManager: pkg[com.oplus.wirelesssettings] not in policy list
07-29 14:23:14.247  3442  5883 D ActivityManager: Async freezing 13192 com.oplus.wirelesssettings:tzupdate
07-29 14:23:14.249  4722  7309 W SQLiteLog: (28) double-quoted string literal: "timezone_tzdata_v2_files"
07-29 14:23:14.251  6583  6630 E oiface  : sched_setaffinity failed
07-29 14:23:14.255  1996  1996 D vendor.oplus.hardware.charger-V7-service: getChargerControl:
07-29 14:23:14.267  1990  2007 E PerformanceService: storage_feature: open /sys/devices/platform/soc/112b0000.ufshci//virtualtlcbuff fail
07-29 14:23:14.278  3442  4797 W BestClock: java.time.DateTimeException: Missing network time fix
07-29 14:23:14.278  3442  4797 W BestClock: java.time.DateTimeException: Missing network time fix
07-29 14:23:14.279  3442  5883 W BestClock: java.time.DateTimeException: Missing network time fix
07-29 14:23:14.307  1826  4437 I sensors-hal: handle_oplus_wise_rgb_event:189, high_pwm_light:lux 281.5,cct 3633.8,brl/algo/ir 1447.0/2.0/16.2,pwm/dc 0.0/0.0,rgbc 21610.242188/13621.531250/6271.453125/40170.371094,ts 59912937130,cnt 840,flag 164
07-29 14:23:14.308  1911  4423 I Dpps    : LtmSwState::SetParameter():144 ignore cmd 7 in state LtmOffState
07-29 14:23:14.313  4954  4954 V OplusCustomizeCacheManager: queryCache name: sys.cache.common_customize_cache18016 param: null
07-29 14:23:14.313  4954  4954 V OplusCustomizeCacheManager: queryCache name: sys.cache.common_customize_cache18013 param: null
07-29 14:23:14.313  4954  4954 V OplusCustomizeCacheManager: queryCache name: sys.cache.common_customize_cache18014 param: null
07-29 14:23:14.314  4954  4954 V OplusCustomizeCacheManager: queryCache name: sys.cache.common_customize_cache18017 param: Bundle[{SETTING=BLOCK, BUSINESS=NCT-DATA}]
07-29 14:23:14.315  4954  4954 V OplusCustomizeCacheManager: queryCache name: sys.cache.common_customize_cache18016 param: null
07-29 14:23:14.315  4954  4954 V OplusCustomizeCacheManager: queryCache name: sys.cache.common_customize_cache18013 param: null
07-29 14:23:14.315  4954  4954 V OplusCustomizeCacheManager: queryCache name: sys.cache.common_customize_cache18014 param: null
07-29 14:23:14.315  4954  4954 V OplusCustomizeCacheManager: queryCache name: sys.cache.common_customize_cache18017 param: Bundle[{SETTING=BLOCK, BUSINESS=NCT-DATA}]
07-29 14:23:14.337  4870  4870 D RowAnimatorExtImpl: end:view:StatusBarIconView(slot='volume' alpha=1.0 icon=StatusBarIcon(icon=Icon(typ=RESOURCE pkg=com.android.systemui id=0x7f0818f0) visible user=0 ) visibleState=ICON iconColor=#ccffffff staticDrawableColor=#ccffffff decorColor=#ffffffff animationStartColor=#0 currentSetColor=#ccffffff notification=null),tx
07-29 14:23:14.337  4870  4870 D RowAnimatorExtImpl: end:view:StatusBarIconView(slot='zen' alpha=1.0 icon=StatusBarIcon(icon=Icon(typ=RESOURCE pkg=com.android.systemui id=0x7f0818e1) visible user=0 ) visibleState=ICON iconColor=#ccffffff staticDrawableColor=#ccffffff decorColor=#ffffffff animationStartColor=#0 currentSetColor=#ccffffff notification=null),tx
07-29 14:23:14.337  4870  4870 D RowAnimatorExtImpl: end:view:StatusBarIconView(slot='volume' alpha=1.0 icon=StatusBarIcon(icon=Icon(typ=RESOURCE pkg=com.android.systemui id=0x7f0818f0) visible user=0 ) visibleState=ICON iconColor=#ccffffff staticDrawableColor=#ccffffff decorColor=#ffffffff animationStartColor=#0 currentSetColor=#ccffffff notification=null),tx
07-29 14:23:14.337  4870  4870 D RowAnimatorExtImpl: end:view:StatusBarIconView(slot='zen' alpha=1.0 icon=StatusBarIcon(icon=Icon(typ=RESOURCE pkg=com.android.systemui id=0x7f0818e1) visible user=0 ) visibleState=ICON iconColor=#ccffffff staticDrawableColor=#ccffffff decorColor=#ffffffff animationStartColor=#0 currentSetColor=#ccffffff notification=null),tx
07-29 14:23:14.337  4870  4870 D RowAnimatorExtImpl: end:view:StatusBarIconView(slot='volume' alpha=1.0 icon=StatusBarIcon(icon=Icon(typ=RESOURCE pkg=com.android.systemui id=0x7f0818f0) visible user=0 ) visibleState=ICON iconColor=#ccffffff staticDrawableColor=#ccffffff decorColor=#ffffffff animationStartColor=#0 currentSetColor=#ccffffff notification=null),tx
07-29 14:23:14.337  4870  4870 D RowAnimatorExtImpl: end:view:StatusBarIconView(slot='zen' alpha=1.0 icon=StatusBarIcon(icon=Icon(typ=RESOURCE pkg=com.android.systemui id=0x7f0818e1) visible user=0 ) visibleState=ICON iconColor=#ccffffff staticDrawableColor=#ccffffff decorColor=#ffffffff animationStartColor=#0 currentSetColor=#ccffffff notification=null),tx
07-29 14:23:14.344  1986  1986 D SensorFeature: name=ssc_screenshot_info ,index = 22
07-29 14:23:14.344  1986  1986 D SensorFeature: write 29 bytes:60178105914,60186439247,165,0
07-29 14:23:14.451  6564  6612 E horae   : 0: back:32851,back_1:35261,back_2:34751,back_3:33970,frame:35443,frame_1:34338,front:36043,front_1:36430,front_2:34793, -2147483648 5, +(3248), 1 ,43241,33147,39164,43275,41280,42327,33210,38875,42314,40655,41541,33044,38607,41514,40125,40826,32998,38344,40819,39622, target_temp:36430, algo:0
07-29 14:23:14.536  4870  4870 I SystemUi--QuickSettings: TemporarilyInfoManager-->[animateShow] com.oplus.systemui.qs.base.temporarilyinfo.TemporarilyInfoManager$createViewToParent$1{3fb327f VFED..C.. ........ 0,0-1080,228 #7f0a0cb6 app:id/temporarily_info_view alpha=1.0 viewInfo = } end
07-29 14:23:14.537  4870  4870 I SystemUi--QuickSettings: TemporarilyInfoManager-->[trigger] start from showElementAfterShowFully
07-29 14:23:14.574  1911  4423 I Dpps    : LtmSwState::SetParameter():144 ignore cmd 7 in state LtmOffState
07-29 14:23:14.618  1986  1986 D SensorFeature: name=ssc_screenshot_info ,index = 22
07-29 14:23:14.618  1986  1986 D SensorFeature: write 29 bytes:60452057945,60460391278,166,0
07-29 14:23:14.644  4870  4870 D JankUtils: gfxSceneEnd; scene: 7
07-29 14:23:14.644  4870  4870 I SystemUi--Common: NotificationShadeDepthC-->sceneFlag: 0x001, isStart = false, Current sceneFlags: 0x000
07-29 14:23:14.644  4870  4870 D NavigationBar: restrainNavigationBarInvertColor: false
07-29 14:23:14.645  4870  5049 D RegionSamplingHelper =:    mCompositionSamplingListener.register
07-29 14:23:14.645  2177  2422 D SurfaceFlinger: addRegionSamplingListener pid: 4870, Area: [0, 2328, 1080, 2376]
07-29 14:23:14.725  1996  2068 D BatteryChargeControl: bcc get no support from charging protocol
07-29 14:23:14.840  1826  4437 I sensors-hal: handle_oplus_wise_rgb_event:189, high_pwm_light:lux 279.4,cct 3634.4,brl/algo/ir 1447.0/2.0/17.3,pwm/dc 0.0/0.0,rgbc 21581.695312/13589.285156/6252.203613/40049.933594,ts 60452842234,cnt 850,flag 166
07-29 14:23:14.840  3442  4371 D FusionLightNextGen: process end reported = 1, mode: 0, lux 509.4, cct -1.0, r/g/b/c: 21548.4/13584.7/6256.1/40009.8, R/G/B: 132.0/125.0/124.0, bri 1447.0, match 0.72, ir 0.017684, conf 0.0, ts 60461102234
07-29 14:23:14.841  1911  4423 I Dpps    : LtmSwState::SetParameter():144 ignore cmd 7 in state LtmOffState
07-29 14:23:14.855  1911  2220 I SDM     : DisplayBase::CommitThread: Received idle timeout, panel: cmd, timeout: 70000 us
07-29 14:23:14.946  1911  2220 I SDM     : DisplayBase::CommitThread: Received idle timeout, panel: cmd, timeout: 70000 us
07-29 14:23:14.950  1986  1986 D SensorFeature: name=ssc_screenshot_info ,index = 22
07-29 14:23:14.951  1986  1986 D SensorFeature: write 29 bytes:60742909194,60793090757,167,0
07-29 14:23:15.007  2177  3027 D VRR [OTI]: handleIdle from 0 to 1
07-29 14:23:15.007  2177  3027 D VRR [OTI-HW]: isStateReady 1
07-29 14:23:15.007  2177  3027 D VRR [RefreshRateDirector]: requestRefreshRateByOti update [ oti-hw, {fps=60, modePtr={id=5, vsyncRate=60.00 Hz, peakRefreshRate=60.00 Hz}} ]
07-29 14:23:15.007  2177  3027 D VRR [RefreshRateDirector]: selectBestFrameRate DirectorMapOti [oti-hw, {fps=60, modePtr={id=5, vsyncRate=60.00 Hz, peakRefreshRate=60.00 Hz}}]
07-29 14:23:15.007  2177  3027 D VRR [RefreshRateDirector]: updateBestFrameRate [oti-hw, {fps=60, modePtr={id=5, vsyncRate=60.00 Hz, peakRefreshRate=60.00 Hz}}]
07-29 14:23:15.007  2177  3027 D SurfaceFlinger: VRR [SurfaceFlinger] setDesiredActiveMode: displayId: 4630946756802996883, renderRate: 60, vsyncRate: 60, event: 1
07-29 14:23:15.007  2177  3027 D DisplayModeController: setDesiredMode 4630946756802996883 {mode={fps=60.00 Hz, modePtr={id=5, vsyncRate=60.00 Hz, peakRefreshRate=60.00 Hz}}, emitEvent=true, force=false}
07-29 14:23:15.010  2177  2177 I DisplayModeController: hwc begin mode change to 16666666
07-29 14:23:15.011  2177  2177 I HWC2    : [0] setActiveConfigWithConstraints[5]
07-29 14:23:15.012  1911  2910 W SDM     : HWDeviceDRM::GetSupportedBitClkRate: Requested rate not supported: 1363200000
07-29 14:23:15.013  1911  2910 I SDM     : HWDeviceDRM::UpdateMixerAttributes: Mixer WxH 1440x3168-1 for Peripheral
07-29 14:23:15.013  1911  2910 I CwbService: CwbService::notifyConfigChange: display:0, config:5 size:4, sec.size():0
07-29 14:23:15.013  1911  2910 I CwbService: CwbService::notifyConfigChange: display: 0, config = 1
07-29 14:23:15.013  1911  2872 I CasManager: Fps changed from 120 to 60
07-29 14:23:15.013  1911  2872 I CasManager: Fps changed, not change bin, so trigger gain
07-29 14:23:15.014  1911  2872 W SDM     : DemuraIntfImpl::ProcessOemPluginGain: Thermal intf_ is nullptr 0, default to 25 degree
07-29 14:23:15.014  1911  2872 I SDM     : CasQcPlugIn::ProcessPerCompGainOppo: input params, mode:PWM, fps:60, dbv:1447
07-29 14:23:15.014  1911  2872 I SDM     : CasQcPlugIn::ProcessPerCompGainOppo: normalized bright_adj:1024, dbv:1447, bin_dbv:1083, 
07-29 14:23:15.014  1911  2872 I SDM     : CasQcPlugIn::ProcessPerCompGainOppo: gains print start =====================
07-29 14:23:15.014  1911  2872 I SDM     : CasQcPlugIn::ProcessPerCompGainOppo: gain --------------------------------
07-29 14:23:15.014  1911  2872 I SDM     : CasQcPlugIn::ProcessPerCompGainOppo: old: 0 0 0 57 90 322 1201 3072
07-29 14:23:15.014  1911  2872 I SDM     : CasQcPlugIn::ProcessPerCompGainOppo: new: 0 0 0 30 77 278 1039 3072
07-29 14:23:15.014  1911  2872 I SDM     : CasQcPlugIn::ProcessPerCompGainOppo: gain --------------------------------
07-29 14:23:15.014  1911  2872 I SDM     : CasQcPlugIn::ProcessPerCompGainOppo: old: 0 0 0 64 125 373 1336 3072
07-29 14:23:15.014  1911  2872 I SDM     : CasQcPlugIn::ProcessPerCompGainOppo: new: 0 0 0 34 99 373 1336 3072
07-29 14:23:15.014  1911  2872 I SDM     : CasQcPlugIn::ProcessPerCompGainOppo: gain --------------------------------
07-29 14:23:15.014  1911  2872 I SDM     : CasQcPlugIn::ProcessPerCompGainOppo: old: 0 0 0 42 83 323 1222 3072
07-29 14:23:15.014  1911  2872 I SDM     : CasQcPlugIn::ProcessPerCompGainOppo: new: 0 0 0 22 83 323 1222 3072
07-29 14:23:15.014  1911  2872 I SDM     : CasQcPlugIn::ProcessPerCompGainOppo: gains print end =======================
07-29 14:23:15.021  1911  2872 I SDM     : DemuraIntfImpl::StageAllData: Staged all data to Demura Driver!
07-29 14:23:15.021  1911  2872 I SDM     : HWPeripheralDRM::SetPanelFeature: Set Panel feature property 19
07-29 14:23:15.021  1911  2872 I SDM     : HWPeripheralDRM::SetPanelFeature: Set Panel feature property 7
07-29 14:23:15.021  1911  2872 I SDM     : DisplayBuiltIn::TriggerDemuraOemPlugIn: Trigger demura oem plugin success
07-29 14:23:15.023  1911  2220 I SDM     : DRMPanelFeatureMgr::ApplyDirtyFeature: Commited panel feature [enabled]: 20-272
07-29 14:23:15.023  1911  2220 I SDM     : DRMPanelFeatureMgr::ApplyDirtyFeature: Commited panel feature [enabled]: 8-271
07-29 14:23:15.042  2177  2177 D VRR-[OPlusRefreshRateSelector]: setCurrentModeId 5 type SM
07-29 14:23:15.043  2177  3027 D VRR [OTI-HW]: isStateReady 1
07-29 14:23:15.043  2177  3027 D VRR [OTI-HW]: keep rate.
07-29 14:23:15.044  3442  3692 I DisplayDeviceRepository: Display device changed render timings: "Built-in Screen", renderFrameRate=60.000004, presentationDeadlineNanos=16666666, appVsyncOffsetNanos=1000000
07-29 14:23:15.044  3442  3692 D LogicalDisplayExt: set displayInfo flag FLAG_ROTATES_WITH_CONTENT
07-29 14:23:15.046  3442  3692 D DisplayManagerServiceExtImpl: scheduleTraversalLocked intraversal=false
07-29 14:23:15.046  3442  3692 I DisplayManagerServiceExtImpl: handle logical display changed logicalDisplay=id=0,stack=0,content=true,displayInfo{stack=0,type=1,id=0,uId=local:4630946756802996883,state=ON,pkg=null}
07-29 14:23:15.046  3442  3692 D DisplayManagerService: Delivering display event: displayId=0, event=CHANGED
07-29 14:23:15.046  3442  3768 D BrightnessThermalClamper: Thermal status observer already started
07-29 14:23:15.046  3442  3768 D BrightnessPowerClamper: Power throttling data is missing for configuration data.
07-29 14:23:15.046  3442  3442 E OplusGestureAnimationManagerPolicy: mScreenHeight:2376 mScreenWidth:1080 mRotation:0
07-29 14:23:15.047  3442  3690 D OplusVFXScreenEffectFeature: notifySFCompatWindowStateChange entered false
07-29 14:23:15.047  3442  3690 D FSS_FoldScreenBlackCoverController: displayChangeToOn, dc:Display{#0 state=ON size=1080x2376 ROTATION_0}
07-29 14:23:15.047  2177  2422 D [PREVIEW]: SF obtain preview_adapter: 0
07-29 14:23:15.047  2177  2422 D [PREVIEW]: TabletPreviewAdapter::parallel world 0
07-29 14:23:15.048  2155  4575 D AudioFlingerExtImpl: AudioFlingerExtImpl oplusSetParameters: keyvalue screen_state=on
07-29 14:23:15.048  2155  4575 D DeviceHalAidl: 0xb400007cbf47c200 DeviceHalAidl::setParameters
07-29 14:23:15.048  2155  4575 D DeviceHalAidl: setParameters: parameters: "screen_state=on"
07-29 14:23:15.048  4696  4696 D CastManagerService: onDisplayChanged.
07-29 14:23:15.048  1852  4569 I PAL: ResourceManager: setParameter: 11480: Screen State:1
07-29 14:23:15.048  2155  4575 D DeviceHalAidl: 0xb400007cbf47c800 DeviceHalAidl::setParameters
07-29 14:23:15.048  2155  4575 D DeviceHalAidl: setParameters: parameters: "screen_state=on"
07-29 14:23:15.049  1852  4569 D AHAL_Module: updateScreenState: usb: 1
07-29 14:23:15.049  3442  3692 D DisplayManagerService: MSG_REQUEST_TRAVERSAL pendingCompleted=false
07-29 14:23:15.049  3442  3690 D DisplayManagerService: performTraversalInternal pendingTraversal
07-29 14:23:15.050  3442  3690 D DisplayDevice: setLayerStackLocked id=local:4630946756802996883 token=android.os.BinderProxy@dc731f6 stack=0->0
07-29 14:23:15.050  2155  4575 D DeviceHalAidl: 0xb400007cbf47ce00 DeviceHalAidl::setParameters
07-29 14:23:15.050  2155  4575 D DeviceHalAidl: setParameters: parameters: "screen_state=on"
07-29 14:23:15.050  1852  4569 D AHAL_Module: updateScreenState: r_submix: 1
07-29 14:23:15.050  2155  4575 D DeviceHalAidl: 0xb400007cbf47d400 DeviceHalAidl::setParameters
07-29 14:23:15.050  2155  4575 D DeviceHalAidl: setParameters: parameters: "screen_state=on"
07-29 14:23:15.050  1852  4569 D AHAL_Module: updateScreenState: bluetooth: 1
07-29 14:23:15.051  2155  4575 D DeviceHalAidl: 0xb400007cbf47da00 DeviceHalAidl::setParameters
07-29 14:23:15.051  2155  4575 D DeviceHalAidl: setParameters: parameters: "screen_state=on"
07-29 14:23:15.051  1852  4569 D AHAL_Module: updateScreenState: bluetooth: 1
07-29 14:23:15.051  2155  4575 D DeviceHalAidl: 0xb400007cbf47e000 DeviceHalAidl::setParameters
07-29 14:23:15.051  2155  4575 D DeviceHalAidl: setParameters: parameters: "screen_state=on"
07-29 14:23:15.051  1852  4569 D AHAL_Module: updateScreenState: stub: 1
07-29 14:23:15.052  6583  6630 E oiface  : sched_setaffinity failed
07-29 14:23:15.053  2011  2041 I gameoptHal: targetfps updated 6 -- 60
07-29 14:23:15.053  4870  4870 I SystemUi--Statusbar: DisplayRepository-->combining enabled=[0], connectedExternalDisplayIds=[], ignored=[]
07-29 14:23:15.075  5241  6565 D VendorTelephonyService: onTelephonyEventReport slotId =0 eventId=2009
07-29 14:23:15.076  5070  6257 D SaDataService: onTelephonyEventReport , subId= 0,slotId=-1 eventId=2009
07-29 14:23:15.076  5070  6257 D TelephonyImpl: notify eventId:2009 for list size:2
07-29 14:23:15.076  5241  6565 D VendorTelephonyService: onTelephonyEventReport slotId =0 eventId=2009
07-29 14:23:15.076  5241  5241 D VendorCallService: notityEventUpdate, eventId:2009, slotId = 0
07-29 14:23:15.076  5070  6257 D SaDataService: onTelephonyEventReport , subId= 1,slotId=0 eventId=2009
07-29 14:23:15.076  5241  6565 D VendorTelephonyService: onTelephonyEventReport slotId =1 eventId=2009
07-29 14:23:15.076  5241  6565 D VendorTelephonyService: onTelephonyEventReport slotId =1 eventId=2009
07-29 14:23:15.076  5070  6257 D TelephonyImpl: notify eventId:2009 for list size:2
07-29 14:23:15.076  5241  5241 D VendorCallService: notityEventUpdate, eventId:2009, slotId = 1
07-29 14:23:15.094  3442  3817 D VRR [OPlusRefreshRateService]: handleConfigIdChange physicalDisplayId: 4630946756802996883 configId: 5 renderPeriod: 16666666
07-29 14:23:15.094  3442  3817 D VRR [OPlusSAManager]: updateModeChange old modeId [ 4 ] -> new modeId [ 5 ] mCurPolicy: 1
07-29 14:23:15.094  3442  3817 D VRR [OPlusSAManager]: updateSAScene active modeId: 5
07-29 14:23:15.094  3442  3817 D VRR [OPlusSAManager]: updateSAScene current policy: 1 active modeId: 5 scene: VRR_60
07-29 14:23:15.094  3442  3817 D VRR [OPlusOAManager]: Not OA business! new modeId: [5] active modeId: [4]
07-29 14:23:15.094  3442  3817 D VRR [OPlusGameStatusManager]: updateGameState mOSyncFeatureSwitch: false mIsGamePolicy: false
07-29 14:23:15.094  3442  3817 D VRR [OPlusGameStatusManager]: setLTMStatus false curPkgName: com.android.launcher curr status: false HeartStop: false HeartStopFromTGPA: false ActiveFPS: 60.000004
07-29 14:23:15.094  3442  3817 D VRR [OPlusGameStatusManager]: updateGameAccelerationStatus pkgName: com.android.launcher mOSyncFeatureSwitch: false mIsGamePolicy: false mHeartStop: false mHasFlickerRisk: false mForceAcceleration: false mToastReady: false enable: false
07-29 14:23:15.094  3442  3817 D VRR [OPlusGameStatusManager]: updateToastStatus enableAcceleration: false toastReady: false isGamePolicy: false desiredModeId: 5
07-29 14:23:15.094  3442  3817 D VRR [OPlusGameStatusManager]: updateToastStatus enableAcceleration: false toastReady: false isGamePolicy: false desiredModeId: 5
07-29 14:23:15.094  3442  3817 D VRR [OPlusExternalRefreshRateManager]:  updateRenderPeriodChange configId:5 current refresh rate:60.000004
07-29 14:23:15.144  3442  3817 D VRR [OPlusSAManager]: setSAConfig scene: VRR_60 modeId: 5 auto: false fakeFrame: false
07-29 14:23:15.144  3442  3817 D VRR [OPlusSAManager]: updateAutoMinfps with nits: 114.434265, mHistOK true, mAmbientOK true, mCctOK true, mIrOK true, mBrightnessOK true, isPkgOK true, SA min fps: 119
07-29 14:23:15.144  3442  3817 D VRR [OPlusSurfaceFlingerController]: setAutoMode enable: false fakeFrame: false fps: 119
07-29 14:23:15.145  2177  2422 I VRR-[OPlusAdfrUtil]: ADFR try set Auto mode with mode 0 fakeframe 0 min fps 119
07-29 14:23:15.145  2177  2422 D VRR-[OPlusRefreshRateSelector]: OSyncModes add size is 1.
07-29 14:23:15.145  2177  2422 I VRR-[OPlusRefreshRateSelector]: updateAutoMode success, display 0, mode 0, fakeframe 0, min fps: 1
07-29 14:23:15.145  2177  2920 D VRR-[OPlusRefreshRateSelector]: handleSetHWCOSync
07-29 14:23:15.145  2177  2920 D VRR-[OPlusRefreshRateSelector]: OSyncModes remaining size is 0.
07-29 14:23:15.145  2177  2920 D VRR-[OPlusRefreshRateSelector]: SetHWCOSync with 5CC08081
07-29 14:23:15.145  1911  2910 I SDM     : DisplayBuiltIn::SetQSyncMode: VRR + update qsync mode 0 minfps 00C08081
07-29 14:23:15.153  1911  2220 E SDM     : DRMConnector::Perform: Connector 67: Setting Qsync min fps 12615809
07-29 14:23:15.185  3442  4664 V SettingsProvider: deleteSystemSetting(OPLUS_SLA_LAST_MCC, 0)
07-29 14:23:15.185  3442  4664 D SettingsProvider: delete system settings OPLUS_****_MCC pkg is  android user id is 0
07-29 14:23:15.186  3442  4664 W OplusSlaManager: updateMCC curMCC from macc_change!
07-29 14:23:15.189  3442  4664 W OplusSlaApps: sendWhiteListAppUid no enabled app found...
07-29 14:23:15.189  3442  4664 W OplusSlaApps: sendGameAppUid no game app found!!
07-29 14:23:15.199  5070  5909 E CellularEvent: nri null ps
07-29 14:23:15.199  5070  5909 E CellularEvent: invalid nri
07-29 14:23:15.212  4954  5665 D AutoDualCardRoamingDemand: judgeToShowDialog return for sim count != 2
07-29 14:23:15.224  1911  2220 I SDM     : DisplayBase::CommitThread: Received idle timeout, panel: cmd, timeout: 70000 us
07-29 14:23:15.234  8304 12088 W LOG_FLOWCTRL: ==LOGS OVER PROC QUOTA(300), rows(26) bytes(3289) com.oplus.metis DROPPED==
07-29 14:23:15.234  8304 12088 I LogCacheHelper: cache log scheduled task [base|com.oplus.metis|1.5.5-f48228a]
07-29 14:23:15.234  8304 12088 E metis_v2_JenaHandlerManager_cache: 2025-07-29 14:23:14.233000		9466		local thread match
07-29 14:23:15.234  8304 12088 E metis_v2_JenaHandlerManager_cache: 2025-07-29 14:23:14.233000		9466		local thread match
07-29 14:23:15.234  8304 12088 E metis_v2_JenaHandlerManager_cache: 2025-07-29 14:23:14.234000		9466		local thread match
07-29 14:23:15.234  8304 12088 E metis_v2_JenaHandlerManager_cache: 2025-07-29 14:23:14.234000		9466		local thread match
07-29 14:23:15.234  8304 12088 E metis_v2_JenaHandlerManager_cache: 2025-07-29 14:23:14.234000		9466		local thread match
07-29 14:23:15.234  8304 12088 E metis_v2_JenaHandlerManager_cache: 2025-07-29 14:23:14.234000		9466		local thread match
07-29 14:23:15.234  8304 12088 E metis_v2_JenaHandlerManager_cache: 2025-07-29 14:23:14.234000		9466		local thread match
07-29 14:23:15.234  8304 12088 E metis_v2_JenaHandlerManager_cache: 2025-07-29 14:23:14.234000		9466		local thread match
07-29 14:23:15.234  8304 12088 E metis_v2_JenaHandlerManager_cache: 2025-07-29 14:23:14.234000		9466		local thread match
07-29 14:23:15.234  8304 12088 E metis_v2_JenaHandlerManager_cache: 2025-07-29 14:23:14.234000		9466		local thread match
07-29 14:23:15.234  8304 12088 E metis_v2_JenaHandlerManager_cache: 2025-07-29 14:23:14.234000		9466		local thread match
07-29 14:23:15.234  8304 12088 E metis_v2_JenaHandlerManager_cache: 2025-07-29 14:23:14.234000		9466		local thread match
07-29 14:23:15.234  8304 12088 E metis_v2_JenaHandlerManager_cache: 2025-07-29 14:23:14.234000		9466		local thread match
07-29 14:23:15.234  8304 12088 E metis_v2_JenaHandlerManager_cache: 2025-07-29 14:23:14.234000		9466		local thread match
07-29 14:23:15.234  8304 12088 E metis_v2_JenaHandlerManager_cache: 2025-07-29 14:23:14.234000		9466		local thread match
07-29 14:23:15.234  8304 12088 E metis_v2_JenaHandlerManager_cache: 2025-07-29 14:23:14.234000		9466		local thread match
07-29 14:23:15.234  8304 12088 E metis_v2_JenaHandlerManager_cache: 2025-07-29 14:23:14.234000		9466		local thread match
07-29 14:23:15.235  8304 12088 E metis_v2_JenaHandlerManager_cache: 2025-07-29 14:23:14.234000		9466		local thread match
07-29 14:23:15.235  8304 12088 E metis_v2_JenaHandlerManager_cache: 2025-07-29 14:23:14.234000		9466		local thread match
07-29 14:23:15.235  8304 12088 E metis_v2_JenaHandlerManager_cache: 2025-07-29 14:23:14.234000		9466		local thread match
07-29 14:23:15.235  8304 12088 E metis_v2_JenaHandlerManager_cache: 2025-07-29 14:23:14.234000		9466		local thread match
07-29 14:23:15.235  8304 12088 E metis_v2_JenaHandlerManager_cache: 2025-07-29 14:23:14.234000		9466		local thread match
07-29 14:23:15.235  8304 12088 E metis_v2_JenaHandlerManager_cache: 2025-07-29 14:23:14.234000		9466		local thread match
07-29 14:23:15.235  8304 12088 E metis_v2_JenaHandlerManager_cache: 2025-07-29 14:23:14.234000		9466		local thread match
07-29 14:23:15.235  8304 12088 E metis_v2_JenaHandlerManager_cache: 2025-07-29 14:23:14.234000		9466		local thread match
07-29 14:23:15.235  8304 12088 E metis_v2_JenaHandlerManager_cache: 2025-07-29 14:23:14.234000		9466		local thread match
07-29 14:23:15.235  8304 12088 E metis_v2_JenaHandlerManager_cache: 2025-07-29 14:23:14.234000		9466		local thread match
07-29 14:23:15.235  8304 12088 E metis_v2_JenaHandlerManager_cache: 2025-07-29 14:23:14.234000		9466		local thread match
07-29 14:23:15.235  8304 12088 E metis_v2_JenaHandlerManager_cache: 2025-07-29 14:23:14.234000		9466		local thread match
07-29 14:23:15.235  8304 12088 E metis_v2_JenaHandlerManager_cache: 2025-07-29 14:23:14.234000		9466		local thread match
07-29 14:23:15.235  8304 12088 E metis_v2_JenaHandlerManager_cache: 2025-07-29 14:23:14.234000		9466		local thread match
07-29 14:23:15.235  8304 12088 E metis_v2_JenaHandlerManager_cache: 2025-07-29 14:23:14.234000		9466		local thread match
07-29 14:23:15.235  8304 12088 E metis_v2_JenaHandlerManager_cache: 2025-07-29 14:23:14.234000		9466		local thread match
07-29 14:23:15.235  8304 12088 E metis_v2_JenaHandlerManager_cache: 2025-07-29 14:23:14.234000		9466		local thread match
07-29 14:23:15.235  8304 12088 E metis_v2_JenaHandlerManager_cache: 2025-07-29 14:23:14.234000		9466		local thread match
07-29 14:23:15.235  8304 12088 E metis_v2_JenaHandlerManager_cache: 2025-07-29 14:23:14.234000		9466		local thread match
07-29 14:23:15.235  8304 12088 E metis_v2_JenaHandlerManager_cache: 2025-07-29 14:23:14.234000		9466		local thread match
07-29 14:23:15.235  8304 12088 E metis_v2_JenaHandlerManager_cache: 2025-07-29 14:23:14.234000		9466		local thread match
07-29 14:23:15.235  8304 12088 E metis_v2_JenaHandlerManager_cache: 2025-07-29 14:23:14.234000		9466		local thread match
07-29 14:23:15.235  8304 12088 I ContextAware_SortAlgorithmManager.DtSort_cache: 2025-07-29 14:23:14.234000		10485		onDecisionAfterRerank, inner algorithm is: internal_dt_sort
07-29 14:23:15.235  8304 12088 E metis_v2_JenaHandlerManager_cache: 2025-07-29 14:23:14.234000		9466		local thread match
07-29 14:23:15.235  8304 12088 E metis_v2_JenaHandlerManager_cache: 2025-07-29 14:23:14.234000		9466		local thread match
07-29 14:23:15.235  8304 12088 E metis_v2_JenaHandlerManager_cache: 2025-07-29 14:23:14.234000		9466		local thread match
07-29 14:23:15.235  8304 12088 E metis_v2_JenaHandlerManager_cache: 2025-07-29 14:23:14.234000		9466		local thread match
07-29 14:23:15.235  8304 12088 E metis_v2_JenaHandlerManager_cache: 2025-07-29 14:23:14.234000		9466		local thread match
07-29 14:23:15.235  8304 12088 E metis_v2_JenaHandlerManager_cache: 2025-07-29 14:23:14.234000		9466		local thread match
07-29 14:23:15.235  8304 12088 I ContextAware_SortAlgorithmManager.DtIntentDataManager_cache: 2025-07-29 14:23:14.234000		10486		getDtIntentList: dtIntents = []
07-29 14:23:15.235  8304 12088 E ContextAware_SortAlgorithmManager.DtInternalSortImpl_cache: 2025-07-29 14:23:14.234000		10486		targetDtList is invalid
07-29 14:23:15.235  8304 12088 I ContextAware_SortAlgorithmManager.SceneIntentReorderProcessor_cache: 2025-07-29 14:23:14.234000		9465		ruleReordering onDecisionAfterRerank, mIntentList:size: 5 13151001 14111005 14111004 18111007 18111008
07-29 14:23:15.235  8304 12088 W ContextAware_IntentSwitchManager_cache: 2025-07-29 14:23:14.235000		9465		subSwitchMap don't contain application_suggestions, set the switch to true as default
07-29 14:23:15.235  8304 12088 I ContextAware_IntentSwitchManager_cache: 2025-07-29 14:23:14.235000		9465		getSubSwitchStatus = {application_suggestions=true}
07-29 14:23:15.235  8304 12088 I ContextAware_SortAlgorithmManager.ReorderProcessor.RuleReRanker_cache: 2025-07-29 14:23:14.235000		9465		sceneIntentRerank sceneFinalScoreMap:{scene rerank, use defaultScore, finalScore:13151001DYNAMIC_SUBSTITUTE=3.12}
07-29 14:23:15.235  8304 12088 I metis_v2_BreenoSwitchSettingObserver_cache: 2025-07-29 14:23:14.235000		9465		panta-sugg-getMasterSwitchStatus from cache:true
07-29 14:23:15.236  8304 12088 I ContextAware_IntentSwitchManager_cache: 2025-07-29 14:23:14.235000		9465		getSubSwitchStatus = {tips=true}
07-29 14:23:15.236  8304 12088 I ContextAware_IntentSwitchManager_cache: 2025-07-29 14:23:14.235000		9465		isExistInSceneInfoActionList pantanalIntentAction = pantanal.intent.system.VIEW_TIPS
07-29 14:23:15.236  8304 12088 I metis_v2_BreenoSwitchSettingObserver_cache: 2025-07-29 14:23:14.235000		9465		panta-sugg-getMasterSwitchStatus from cache:true
07-29 14:23:15.236  8304 12088 I ContextAware_SortAlgorithmManager.ReorderProcessor.RuleReRanker_cache: 2025-07-29 14:23:14.235000		9465		sceneIntentRerank sceneFinalScoreMap:{scene rerank, use defaultScore, finalScore:14111005SUBSTITUTE_SCENE=2.0}
07-29 14:23:15.236  8304 12088 I ContextAware_IntentSwitchManager_cache: 2025-07-29 14:23:14.235000		9465		getSubSwitchStatus = {clear_memory=true}
07-29 14:23:15.236  8304 12088 I ContextAware_IntentSwitchManager_cache: 2025-07-29 14:23:14.235000		9465		isExistInSceneInfoActionList pantanalIntentAction = pantanal.intent.system.CLEAN_UP_STORAGE
07-29 14:23:15.236  8304 12088 I metis_v2_BreenoSwitchSettingObserver_cache: 2025-07-29 14:23:14.235000		9465		panta-sugg-getMasterSwitchStatus from cache:true
07-29 14:23:15.236  8304 12088 I ContextAware_IntentSwitchManager_cache: 2025-07-29 14:23:14.235000		9465		isExistInSceneInfoActionList pantanalIntentAction = pantanal.intent.audio.SUBSTITUTE_RAM_CLEAN_UP
07-29 14:23:15.236  8304 12088 I metis_v2_BreenoSwitchSettingObserver_cache: 2025-07-29 14:23:14.235000		9465		panta-sugg-getMasterSwitchStatus from cache:true
07-29 14:23:15.236  8304 12088 I ContextAware_IntentSwitchManager_cache: 2025-07-29 14:23:14.235000		9465		isExistInSceneInfoActionList pantanalIntentAction = pantanal.intent.audio.SUBSTITUTE_RAM_CLEAN_UP_PLUS
07-29 14:23:15.236  8304 12088 W metis_v2_DeepThinkerLabelClient_cache: 2025-07-29 14:23:14.235000		10337		getUserProfileLabel null
07-29 14:23:15.236  8304 12088 I metis_v2_BreenoSwitchSettingObserver_cache: 2025-07-29 14:23:14.235000		9465		panta-sugg-getMasterSwitchStatus from cache:true
07-29 14:23:15.236  8304 12088 I ContextAware_SortAlgorithmManager.ReorderProcessor.RuleReRanker_cache: 2025-07-29 14:23:14.235000		9465		sceneIntentRerank sceneFinalScoreMap:{scene rerank, use defaultScore, finalScore:14111004CLEAN_UP_STORAGE_SUBSTITUTE=4.06, scene rerank, use defaultScore, finalScore:18111007CLEAN_UP_SUBSTITUTE=4.05, scene rerank, use defaultScore, finalScore:18111008CLEAN_UP_PLUS_SUBSTITUTE=4.02}
07-29 14:23:15.236  8304 12088 I ContextAware_SortAlgorithmManager.SceneIntentReorderProcessor_cache: 2025-07-29 14:23:14.235000		9465		IntentReorder: scene[210000000]rank mIntentList: size: 1 13151001
07-29 14:23:15.236  8304 12088 I ContextAware_SortAlgorithmManager.SceneIntentReorderProcessor_cache: scene[220500200]rank mIntentList: size: 1 14111005
07-29 14:23:15.236  8304 12088 I ContextAware_SortAlgorithmManager.SceneIntentReorderProcessor_cache: scene[240000000]rank mIntentList: size: 3 14111004 18111007 18111008
07-29 14:23:15.236  8304 12088 W ContextAware_SortAlgorithmManager.SceneUtil_cache: 2025-07-29 14:23:14.235000		9465		Drop invalid scene: 220500200
07-29 14:23:15.236  8304 12088 I ContextAware_SortAlgorithmManager.SceneFocusProcessor_cache: 2025-07-29 14:23:14.235000		9465		scene 210000000 not change or has focus scene or current scene is L3
07-29 14:23:15.236  8304 12088 I ContextAware_DailyStatisticsRecorder_cache: 2025-07-29 14:23:14.235000		9913		Increase context change count: PROCESSOR_SCENE_INTENT_REORDER_cnt, value: 1
07-29 14:23:15.236  8304 12088 I ContextAware_SortAlgorithmManager.SceneFocusProcessor_cache: 2025-07-29 14:23:14.235000		9465		scene 240000000 not change or has focus scene or current scene is L3
07-29 14:23:15.236  8304 12088 I metis_v2_TimerTriggerManager_cache: 2025-07-29 14:23:14.235000		9466		panta-sugg-onTriggered, triggerType START, period = Day(secondsOfDay=50400000, durationMillis=7200000, allowExpired=false, weekType=null, setDate=null, ), timer[com.oplus.metis#UBIQUITOUS_SERVICE#meal#REMOVE_INTENT_AFTER_LANUCH_everyDayTriggered_{"allowExpired":false,"allowWhileIdle":false,"duration":7200000,"start":{"c":50400000}}] cache timer holder => TimerHolder(timer=RepeatCalendarTimer(period=Day(secondsOfDay=50400000, durationMillis=7200000, allowExpired=false, weekType=null, setDate=null, ), timeRange=InstantPeriod(startTimeMilli=946702800000, endTimeMilli=7258136400000), flex=0, exact=false, idle=false), trigger=TimerTrigger(triggerType=null, cacheResult=false, cacheResultVersion=0, infModelType=MASTER), customers=[TimerCustomer(firstName=com.oplus.metis#UBIQUITOUS_SERVICE#meal#REMOVE_INTENT_AFTER_LANUCH, lastName=1)])
07-29 14:23:15.236  8304 12088 I ContextAware_DailyStatisticsRecorder_cache: 2025-07-29 14:23:14.235000		9913		Increase context change count: PROCESSOR_SCENE_INTENT_REORDER_ms, value: 2
07-29 14:23:15.236  8304 12088 W metis_v2_KnowledgeManager_cache: 2025-07-29 14:23:14.235000		9466		Fire: isEmergency is false  debugFireMode = false
07-29 14:23:15.236  8304 12088 W metis_v2_KnowledgeManager_cache: 2025-07-29 14:23:14.235000		9466		Fire: isGameMode or isRestrainFireMode is true,delay time:600000
07-29 14:23:15.236  8304 12088 I ContextAware_DailyStatisticsRecorder_cache: 2025-07-29 14:23:14.235000		9913		Increase context change count: PROCESSOR_SCENE_FOCUS_cnt, value: 1
07-29 14:23:15.237  8304 12088 I ContextAware_DailyStatisticsRecorder_cache: 2025-07-29 14:23:14.236000		9913		Increase context change count: PROCESSOR_SCENE_FOCUS_ms, value: 0
07-29 14:23:15.237  8304 12088 I ContextAware_DailyStatisticsRecorder_cache: 2025-07-29 14:23:14.236000		8932		Increase context change count: timer_trigger_count, value: 1
07-29 14:23:15.237  8304 12088 I ContextAware_SortAlgorithmManager.BatchIntentProcessor_cache: 2025-07-29 14:23:14.236000		9465		onProcess decisionUTraceContext = UTraceContext(traceID=7f0000011753813394235435108304, current=p_8304_40c8800@42, parent=null, spanType=1, valid=1, tag=null)
07-29 14:23:15.237  8304 12088 E ContextAware_SortAlgorithmManager.BatchIntentProcessor_cache: 2025-07-29 14:23:14.236000		9465		onProcess intentStringList is invalid
07-29 14:23:15.237  8304 12088 E ContextAware_SortAlgorithmManager.IntentSendProcessor_cache: 2025-07-29 14:23:14.236000		9465		disable direct send intent mode, clear
07-29 14:23:15.237  8304 12088 I ContextAware_DailyStatisticsRecorder_cache: 2025-07-29 14:23:14.236000		9794		Increase context change count: PROCESSOR_BATCH_INTENT_cnt, value: 1
07-29 14:23:15.237  8304 12088 I metis_v2_BreenoSwitchSettingObserver_cache: 2025-07-29 14:23:14.236000		9465		panta-sugg-getMasterSwitchStatus from cache:true
07-29 14:23:15.237  8304 12088 I ContextAware_IntentSwitchManager_cache: 2025-07-29 14:23:14.236000		9465		filterList, not filter, breeno switch on
07-29 14:23:15.237  8304 12088 I ContextAware_DailyStatisticsRecorder_cache: 2025-07-29 14:23:14.236000		9794		Increase context change count: PROCESSOR_BATCH_INTENT_ms, value: 1
07-29 14:23:15.237  8304 12088 I ContextAware_SortAlgorithmManager.IntentSendProcessor_cache: 2025-07-29 14:23:14.236000		9465		sendSceneString: [{"combination_strategy":0,"create_time":1735722085016,"expect_scene_cnt":1,"focus_time":0,"force_guaranteed":true,"home_flag":true,"intent_list":[{"action":"pantanal.intent.applicationsuggestions.SUBSTITUTE","add_min_prob":0.4,"add_related_id":0,"algorithm_time_rule":[],"algorithm_version":"","attenuationFunc":-1,"attenuationType":-1,"cannot_reduce_recommend":true,"config_version":202507161101,"contain_service_id":false,"create_time":1753813353749,"default_score":3.12,"delay_click_timestamp":0,"delay_exposure_timestamp":0,"domain":"system_tools","drop_repeat_key":"","drop_repeat_mode":-1,"expire_time":1440000,"final_score":3.12,"force_rebuild_seedling":false,"intent_feedback_type":2,"intent_id":13151001,"intent_instance_id":"null13151001DYNAMIC_SUBSTITUTEnull19592","intent_level":"default","intent_position":1,"intent_src":3,"is_params_send_to_seedling":false,"is_scene_focus":false,"is_support_multi_instance":false,"last_sort_type":0,"last_update_time":1753813353749,"original_update_time":1753813353749,"params_from_user_policy":{"click_args":[],"click_func":-1,"delay_click_args":[],"delay_exposure_args":[],"exposure_args":[],"exposure_func":-1,"time_args":[1440000.0,5.0],"time_func":2},"policy_name":"DYNAMIC_SUBSTITUTE","prob_adj":1.0,"protect_enable":false,"protect_policy":{"delta_duration":3,"end_ratio":10,"event":0,"initial_duration":7,"start_ratio":70,"step_ratio":20},"remove_trigger_value":0.2,"rule_remove_by_algorithm":false,"scene_func":0,"scene_id":210000000,"scene_instance_id":"","seedling_ui_policy":0,"should_focus":false,"show_type":0,"sort_related_id":0,"sortable":true,"status":2,"sub_domain":"application_suggestions"}],"scene_id":210000000,"scene_level":1,"scene_should_focus":false,"score":100.0,"status":2,"update_time":1735722085016,"weight":1},{"combination_strategy":0,"create_time":1735722085016,"expect_scene_cnt":1,"focus_time":0,"force_guaranteed":false,"home_flag":false,"intent_list":[{"action":"pantanal.intent.system.CLEAN_UP_STORAGE","add_min_prob":0.4,"add_related_id":0,"algorithm_time_rule":[],"algorithm_version":"","attenuationFunc":-1,"attenuationType":-1,"cannot_reduce_recommend":false,"config_version":202507161101,"contain_service_id":false,"create_time":1753813353749,"default_score":4.06,"delay_click_timestamp":0,"delay_exposure_timestamp":0,"domain":"system_settings","drop_repeat_key":"","drop_repeat_mode":-1,"expire_time":1440000,"final_score":4.06,"force_rebuild_seedling":false,"intent_feedback_type":2,"intent_id":14111004,"intent_instance_id":"null14111004CLEAN_UP_STORAGE_SUBSTITUTEnull19592","intent_level":"default","intent_position":1,"intent_src":3,"is_params_send_to_seedling":false,"is_scene_focus":false,"is_support_multi_instance":false,"last_sort_type":0,"last_update_time":1753813353749,"original_update_time":1753813353749,"params_from_user_policy":{"click_args":[],"click_func":-1,"delay_click_args":[],"delay_exposure_args":[],"exposure_args":[],"exposure_func":-1,"time_args":[1440000.0,5.0],"time_func":2},"policy_name":"CLEAN_UP_STORAGE_SUBSTITUTE","prob_adj":1.0,"protect_enable":false,"protect_policy":{"delta_duration":3,"end_ratio":10,"event":0,"initial_duration":7,"start_ratio":70,"step_ratio":20},"remove_trigger_value":0.2,"rule_remove_by_algorithm":false,"scene_func":0,"scene_id":240000000,"scene_instance_id":"","seedling_ui_policy":0,"should_focus":false,"show_type":0,"sort_related_id":0,"sortable":true,"status":2,"sub_domain":"clear_memory"},{"action":"pantanal.intent.audio.SUBSTITUTE_RAM_CLEAN_UP","add_min_prob":0.4,"add_related_id":0,"algorithm_time_rule":[],"algorithm_version":"","attenuationFunc":-1,"attenuationType":-1,"cannot_reduce_recommend":false,"config_version":202507161101,"contain_service_id":false,"create_time":1753813353749,"default_score":4.05,"delay_click_timestamp":0,"delay_exposure_timestamp":0,"domain":"system_settings","drop_repeat_key":"","drop_repeat_mode":-1,"expire_time":1440000,"final_score":4.05,"force_rebuild_
