07-29 14:23:14.016  5070  6524 I PCDR-common_no_service[1]: forbidden
07-29 14:23:14.016  5070  6524 I PCDR-common_no_45g[1]: forbidden
07-29 14:23:14.016  3442  4485 D WifiController: Airplane mode disabled, determine next state
07-29 14:23:14.016  3442  4485 D WifiActiveModeWarden: Starting primary ClientModeManager in scan only mode
07-29 14:23:14.016  4954  4954 D PhoneGlobals: ACTION_AIRPLANE_MODE_CHANGED received
07-29 14:23:14.016  4954  4954 D PhoneGlobals: Receive ACTION_AIRPLANE_MODE_CHANGED, state: false
07-29 14:23:14.016  4954  4954 I PhoneGlobals: handleAirplaneModeChange: isAirplaneNewlyOn=false
07-29 14:23:14.016  4954  4954 D PhoneGlobals: handleAirplaneModeChange: isAirplaneNewlyOn = false, cellState = 2
07-29 14:23:14.016  4954  4954 I PhoneGlobals: Turning radio on - airplane
07-29 14:23:14.017  5070  6042 D ElevatorEvent: enableElevatorDetect mIsElevSensorReg = false
07-29 14:23:14.017  5070  6042 V SystemSensorManagerExtImpl: RegisterListener elevator_detect  Wakeup type:33171036 delay:200000us by com.oplus.nas.comm.event.ElevatorEvent$a@c049f94 from com.oplus.nas
07-29 14:23:14.017  3442  5483 D SensorService: createSensorEventConnection packageName = com.oplus.nas.comm.event.ElevatorEvent, opPackageName = com.oplus.nas, mCurrentOperatingMode = 0, requestedMode = 0
07-29 14:23:14.017  3442  4485 D WifiController: DisabledState.exit()
07-29 14:23:14.017  3442  4485 D WifiController: EnabledState.enter()
07-29 14:23:14.017  3442  4485 D WifiClientModeManager[59859:unknown]: entering IdleState
07-29 14:23:14.017  3442  4249 E PerformanceManager: setDamonReclaimWmarks succeed.
07-29 14:23:14.017  5085  5085 W Settings: Setting airplane_mode_on has moved from android.provider.Settings.System to android.provider.Settings.Global, returning read-only value.
07-29 14:23:14.018  5164  5164 I QImsService: OplusWifiApmStateMgr : ACTION_AIRPLANE_MODE_CHANGED,mIsAirplaneModeOn: false
07-29 14:23:14.018  5164  5164 I QImsService: OplusImsServiceSubImpl : onTurnOffImsAfterWifiChanged : false
07-29 14:23:14.018  5164  5164 I QImsService: OplusImsServiceSubImpl : onTurnOffImsAfterWifiChanged : false
07-29 14:23:14.018  5118  8653 I txpwradmin:SettingsObserver: onChange for uri = content://settings/global/airplane_mode_on
07-29 14:23:14.019  5241  5241 D NetworkService[0]: onAirPlaneModeChange isAirPlaneModeOn:false
07-29 14:23:14.019  4870  4870 I SystemUi--Statusbar: OplusStatusBarSignalPolicy-->imsIcon: OplusIMSModel(shouldShowVolte=false, shouldShowVowifi=false, simInserted=true, noSim=false, shouldShowVodata=false, shouldShowVo5G=false, vowifiState=false), OplusIMSModel(shouldShowVolte=false, shouldShowVowifi=false, simInserted=false, noSim=true, shouldShowVodata=false, shouldShowVo5G=false, vowifiState=false), noSubs:false, airplaneMode:falsevisible: false ,wifiConnect:false , vowifiIcon:0 , voDataStatus:false, is5GNewCall:false
07-29 14:23:14.019  4870  4870 I SystemUi--Statusbar: OplusStatusBarSignalPolicy-->noSimIcon simState: SimStateModel(simInserted=[true, false], simForbidden=[false, true], simStateIMSI=[true, false], simLoaded=[true, false]), noSubs:false isAirplaneMode:false
07-29 14:23:14.019  3442  4627 D OplusWifiPower_ConnLpmEventObsever: AIRPLANE_MODE_ON:false
07-29 14:23:14.019  4870  4870 I SystemUi--Statusbar: OplusMobileIconViewModel-->isVisible subId:1 isAirplaneMode:false isAllowedDuringAirplaneMode:false isForceHidden:false isSatelliteForbid:false
07-29 14:23:14.019  4870  4870 I SystemUi--Statusbar: OplusStatusBarMobileViewBinder-->isVisible:true
07-29 14:23:14.019  4870  4870 I SystemUi--Statusbar: OplusStatusBarMobileViewBinder-->isVisible:true
07-29 14:23:14.019  4870  5796 I SystemUi--QuickSettings: Tile.OplusAirplaneModeTile-->handleUpdateState state.state: 2 value: 0
07-29 14:23:14.019  4870  4870 I SystemUi--Statusbar: OplusStatusBarMobileViewBinder-->isVisible:true
07-29 14:23:14.019  5118  8653 D txpwrJni: sendRadioStatus start
07-29 14:23:14.019  4870  4870 I SystemUi--Statusbar: OplusStatusBarMobileViewBinder-->isVisible:true
07-29 14:23:14.019  4870  4870 I SystemUi--Statusbar: OplusStatusBarMobileViewBinder-->isVisible:true
07-29 14:23:14.019  4870  5796 V OplusCustomizeCacheManager: queryCache name: sys.cache.common_customize_cache18026 param: null
07-29 14:23:14.019  1839  1899 W android.hardware.wifi-service: No active wlan interfaces in use! Using default
07-29 14:23:14.020  3442  6113 W SensorService: SensorEventConnection sensor handle=1362, package = com.oplus.nas.comm.event.ElevatorEvent enable
07-29 14:23:14.020  3442  6113 E SensorService: Required app com.oplus.nas.comm.event.ElevatorEvent, uid 1000, pid 5070
07-29 14:23:14.020  5241  5241 D NetworkService[1]: onAirPlaneModeChange isAirPlaneModeOn:false
07-29 14:23:14.020  5241  5241 D QuickChangeAirplaneModeEvent: airplane mode off
07-29 14:23:14.020  5241  5241 W Settings: Setting airplane_mode_on has moved from android.provider.Settings.System to android.provider.Settings.Global, returning read-only value.
07-29 14:23:14.021  3442  6113 D SensorService: Calling batch handle==1362 flags=0rate=200000000 timeout== 0
07-29 14:23:14.021  3442  6113 D SensorService: SensorDevice::batch: ident=0xb400007924f75540, handle=0x00000552, flags=0, period_ns=200000000 timeout=0
07-29 14:23:14.021  3442  6113 D SensorService: 	>>> actuating h/w BATCH 0x00000552 200000000 0
07-29 14:23:14.021  1826  1826 I sensors-hal: batch:153, qti.sensor.elevator_detect/1362, period=200000000, max_latency=0
07-29 14:23:14.021  1826  1826 I sensors-hal: batch:175, qti.sensor.elevator_detect/1362, period=200000000, max_latency=0 request completed
07-29 14:23:14.021  3442  6113 D SensorService: Calling activate on 1362
07-29 14:23:14.021  3442  6113 D SensorService: SensorDevice::activate: ident=0xb400007924f75540, handle=0x00000552, enabled=1, count=1
07-29 14:23:14.021  3442  6113 D SensorService: enable index=0
07-29 14:23:14.021  3442  6113 D SensorService: info.numActiveClients() = 1, info.isActive = 0
07-29 14:23:14.021  3442  6113 D SensorService: activateHardware = 1
07-29 14:23:14.021  5085  5085 I HidlServiceManagement: Trying to get transport of vendor.oplus.hardware.appradio@1.0::IOplusAppRadio/oplus_app_slot1 without hwservicemanager
07-29 14:23:14.021  3442  6113 D SensorService: 	>>> actuating h/w activate handle=1362 enabled=1
07-29 14:23:14.021  5085  5085 E NhsAppRIL/0: in getOplusRadioProxy getService: Exception: java.util.NoSuchElementException
07-29 14:23:14.021  1826  1826 I sensors-hal: activate:112, qti.sensor.elevator_detect/1362 en=1
07-29 14:23:14.021  1826  1826 I sensors-hal: acquire_qsh_interface:131, acquire_qsh_interface with sensor_id 28 , conn_type 2 
07-29 14:23:14.021  6988  7167 I SettingImpl: isAirplaneModeToggleChecked switchValue: -1, airplane mode isChecked is false
07-29 14:23:14.023  1799  1881 E minksocket: MinkIPC ERROR: ( 1799:1881 ) MinkIPC_preProcess:272 Client down, but cannot find corresponding minksession
07-29 14:23:14.023  1799  1867 E minksocket: MinkIPC ERROR: ( 1799:1867 ) MinkIPC_preProcess:272 Client down, but cannot find corresponding minksession
07-29 14:23:14.024  5241  5241 D RadioMessenger: handleMessage Request msgid 2215
07-29 14:23:14.024  1799  1867 E minksocket: MinkIPC ERROR: ( 1799:1867 ) MinkIPC_preProcess:272 Client down, but cannot find corresponding minksession
07-29 14:23:14.024  1799  1881 E minksocket: MinkIPC ERROR: ( 1799:1881 ) MinkIPC_preProcess:272 Client down, but cannot find corresponding minksession
07-29 14:23:14.024  1799  1867 E minksocket: MinkIPC ERROR: ( 1799:1867 ) MinkIPC_preProcess:272 Client down, but cannot find corresponding minksession
07-29 14:23:14.024  1799  1881 E minksocket: MinkIPC ERROR: ( 1799:1881 ) MinkIPC_preProcess:272 Client down, but cannot find corresponding minksession
07-29 14:23:14.024  3442  4485 D OplusWifiConcurrentManager: isConcurrentCombinationAllowed : createMode= 0, requestType =-1
07-29 14:23:14.024  5070  5909 D ResidenceLocSm: onPreHandleMessage 49
07-29 14:23:14.024  5070  5909 D ResidenceLocSm: onPostHandleMessage 49
07-29 14:23:14.025  4870  4870 D RowAnimatorExtImpl: init:tx,view:StatusBarIconView(slot='volume' alpha=1.0 icon=StatusBarIcon(icon=Icon(typ=RESOURCE pkg=com.android.systemui id=0x7f0818f0) visible user=0 ) visibleState=ICON iconColor=#ccffffff staticDrawableColor=#ccffffff decorColor=#ffffffff animationStartColor=#0 currentSetColor=#ccffffff notification=null),translationX:  9.0  0.0  
07-29 14:23:14.025  4870  4870 D RowAnimatorExtImpl: init:tx,view:StatusBarIconView(slot='zen' alpha=1.0 icon=StatusBarIcon(icon=Icon(typ=RESOURCE pkg=com.android.systemui id=0x7f0818e1) visible user=0 ) visibleState=ICON iconColor=#ccffffff staticDrawableColor=#ccffffff decorColor=#ffffffff animationStartColor=#0 currentSetColor=#ccffffff notification=null),translationX:  57.0  48.0  
07-29 14:23:14.025  3442  4485 I HalDevMgr: currentModeId=3, requestModeId=3, currentModeIdValid=true
07-29 14:23:14.025  4870  4870 D RowAnimatorExtImpl: init:tx,view:StatusBarIconView(slot='volume' alpha=1.0 icon=StatusBarIcon(icon=Icon(typ=RESOURCE pkg=com.android.systemui id=0x7f0818f0) visible user=0 ) visibleState=ICON iconColor=#ccffffff staticDrawableColor=#ccffffff decorColor=#ffffffff animationStartColor=#0 currentSetColor=#ccffffff notification=null),translationX:  9.0  0.0  
07-29 14:23:14.025  4870  4870 D RowAnimatorExtImpl: init:tx,view:StatusBarIconView(slot='zen' alpha=1.0 icon=StatusBarIcon(icon=Icon(typ=RESOURCE pkg=com.android.systemui id=0x7f0818e1) visible user=0 ) visibleState=ICON iconColor=#ccffffff staticDrawableColor=#ccffffff decorColor=#ffffffff animationStartColor=#0 currentSetColor=#ccffffff notification=null),translationX:  57.0  48.0  
07-29 14:23:14.025  1826  1826 I sensors-hal: qsh_qmi:34, qsh_qmi
07-29 14:23:14.025  4870  5796 V OplusCustomizeCacheManager: queryCache name: sys.cache.common_customize_cache11009 param: null
07-29 14:23:14.025  1826  1826 I sensors-hal: send_sync_sensor_request:443, send sync request
07-29 14:23:14.025  1826  1826 I sensors-hal: send_sync_sensor_request:472, wait for notification of response
07-29 14:23:14.025  4870  4870 D RowAnimatorExtImpl: init:tx,view:StatusBarIconView(slot='volume' alpha=1.0 icon=StatusBarIcon(icon=Icon(typ=RESOURCE pkg=com.android.systemui id=0x7f0818f0) visible user=0 ) visibleState=ICON iconColor=#ccffffff staticDrawableColor=#ccffffff decorColor=#ffffffff animationStartColor=#0 currentSetColor=#ccffffff notification=null),translationX:  9.0  0.0  
07-29 14:23:14.025  4870  4870 D RowAnimatorExtImpl: init:tx,view:StatusBarIconView(slot='zen' alpha=1.0 icon=StatusBarIcon(icon=Icon(typ=RESOURCE pkg=com.android.systemui id=0x7f0818e1) visible user=0 ) visibleState=ICON iconColor=#ccffffff staticDrawableColor=#ccffffff decorColor=#ffffffff animationStartColor=#0 currentSetColor=#ccffffff notification=null),translationX:  57.0  48.0  
07-29 14:23:14.026  5241  5241 D RadioProxyJ: [PHONE0][99]> getNecData moduleId:1 evtId:[0, 16, 0, 0, 0, 0, 0, 0, 0, 0, 0, 0, 0, 0, 0, 0, 0, 0, 0, 0, 0, 0, 0, 0, 0, 0, 0, 0, 0, 0, 0, 0]
07-29 14:23:14.026  1839  1899 D WifiHAL : wifi_set_interface_mode: ifname=wlan0 iface_type=0
07-29 14:23:14.026  1839  1899 I android.hardware.wifi-service: Adding interface handle for p2p0
07-29 14:23:14.026  1839  1899 I android.hardware.wifi-service: Adding interface handle for wifi-aware0
07-29 14:23:14.026  1839  1899 I android.hardware.wifi-service: Adding interface handle for wlan0
07-29 14:23:14.026  1799  1881 E minksocket: MinkIPC ERROR: ( 1799:1881 ) MinkIPC_preProcess:272 Client down, but cannot find corresponding minksession
07-29 14:23:14.026  1826 13156 I sensors-hal: qsh_conn_resp_cb:793, resp_value = 0 for elevator_detect 
07-29 14:23:14.026  1799  1867 E minksocket: MinkIPC ERROR: ( 1799:1867 ) MinkIPC_preProcess:272 Client down, but cannot find corresponding minksession
07-29 14:23:14.026  1826  1826 I sensors-hal: send_sync_sensor_request:478, takes 0 ms to receive the response with 0
07-29 14:23:14.026  1826  1826 I sensors-hal: activate:131, qti.sensor.elevator_detect/1362 en=1 completed
07-29 14:23:14.026  5085  5085 D NhsElevatorReceiver: enableElevatorDetect mIsElevSensorReg = false
07-29 14:23:14.026  5085  5085 V SystemSensorManagerExtImpl: RegisterListener elevator_detect  Wakeup type:33171036 delay:200000us by t0.g$b@4d14c64 from com.oplus.nhs
07-29 14:23:14.026  3442  4838 D SensorService: createSensorEventConnection packageName = t0.g, opPackageName = com.oplus.nhs, mCurrentOperatingMode = 0, requestedMode = 0
07-29 14:23:14.026  3442  6113 D SensorService: 0xb400007924f75540 addFd fd=982
07-29 14:23:14.027  5070  6042 D ElevatorEvent: elevator:registerForElevatorDetect  , true mIsElevSensorReg = true
07-29 14:23:14.027  5070  6042 D SceneEvent: registerSensorMgr start
07-29 14:23:14.027  4870  5796 I SystemUi--QuickSettings: Tile.OplusAirplaneModeTile-->handleUpdateState state.state: 1 value: 0
07-29 14:23:14.027  4870  5796 V OplusCustomizeCacheManager: queryCache name: sys.cache.common_customize_cache18026 param: null
07-29 14:23:14.027  5070  6042 D SceneEvent: registerSensorMgr already start,return
07-29 14:23:14.027  3442  5483 W SensorService: SensorEventConnection sensor handle=1362, package = t0.g enable
07-29 14:23:14.028  3442  5483 E SensorService: Required app t0.g, uid 1001, pid 5085
07-29 14:23:14.028  3442  5483 D SensorService: Calling batch handle==1362 flags=0rate=200000000 timeout== 0
07-29 14:23:14.028  3479  3507 D QmiVsClient: getNecData - enter
07-29 14:23:14.028  3442  5483 D SensorService: SensorDevice::batch: ident=0xb4000077fadad6c0, handle=0x00000552, flags=0, period_ns=200000000 timeout=0
07-29 14:23:14.028  3442  5483 D SensorService: Calling activate on 1362
07-29 14:23:14.028  3442  5483 D SensorService: SensorDevice::activate: ident=0xb4000077fadad6c0, handle=0x00000552, enabled=1, count=2
07-29 14:23:14.028  3442  5483 D SensorService: enable index=0
07-29 14:23:14.028  3442  5483 D SensorService: info.numActiveClients() = 2, info.isActive = 1
07-29 14:23:14.028  3442  5483 D SensorService: activateHardware = 0
07-29 14:23:14.028  3442  5483 D SensorService: 0xb4000077fadad6c0 addFd fd=992
07-29 14:23:14.028  3479  3507 E QmiVsClient: sendAsyncRequest QMI_VS_GET_NEC_DATA_REQ_MSG_V01 ret 0
07-29 14:23:14.028  5085  5085 D NhsElevatorReceiver: elevator:registerForElevatorDetect  , true mIsElevSensorReg = true
07-29 14:23:14.028  5085  5085 D NhsSceneReceiver: registerSensorMgr start
07-29 14:23:14.028  5085  5085 V SystemSensorManagerExtImpl: RegisterListener oplus_activity_recognition  Wakeup type:33171037 delay:200000us by t0.k$a@bbc2ecd from com.oplus.nhs
07-29 14:23:14.028  3442  4838 D SensorService: createSensorEventConnection packageName = t0.k, opPackageName = com.oplus.nhs, mCurrentOperatingMode = 0, requestedMode = 0
07-29 14:23:14.028  3442  4191 W SensorService: SensorEventConnection sensor handle=1372, package = t0.k enable
07-29 14:23:14.028  3442  4191 E SensorService: Required app t0.k, uid 1001, pid 5085
07-29 14:23:14.028  3442  4191 D SensorService: enable sensor send lastEvent 1372
07-29 14:23:14.028  3442  4191 D SensorService: Calling batch handle==1372 flags=0rate=200000000 timeout== 0
07-29 14:23:14.029  3442  4191 D SensorService: SensorDevice::batch: ident=0xb400007924d5a700, handle=0x0000055c, flags=0, period_ns=200000000 timeout=0
07-29 14:23:14.029  3442  4191 D SensorService: Calling activate on 1372
07-29 14:23:14.029  3442  4191 D SensorService: SensorDevice::activate: ident=0xb400007924d5a700, handle=0x0000055c, enabled=1, count=4
07-29 14:23:14.029  3442  4191 D SensorService: enable index=2
07-29 14:23:14.029  3442  4191 D SensorService: info.numActiveClients() = 4, info.isActive = 1
07-29 14:23:14.029  3442  4191 D SensorService: activateHardware = 0
07-29 14:23:14.029  3442  4191 D SensorService: 0xb400007924d5a700 addFd fd=994
07-29 14:23:14.029  5085  5085 D NhsSceneReceiver: sensor name is oplus_activity_recognition  Wakeup, registerState:true
07-29 14:23:14.029  5085  5085 D NhsSceneReceiver: onAccuracyChanged
07-29 14:23:14.029  5085  5085 E NhsAppRILMsger: EVENT_REQ_EVENT_DONE Error received :com.android.internal.telephony.CommandException: RADIO_NOT_AVAILABLE
07-29 14:23:14.029  3442  4485 D HalDevMgr: updateRttController: no one is interested in RTT controllers
07-29 14:23:14.030  3442  4485 E HalDevMgr: removeP2pAndSapCombination do nothing: mIsAddedP2pAndSapCombination = false
07-29 14:23:14.030  1839  1899 W android.hardware.wifi-service: AIBinder_linkToDeath is being called with a non-null cookie and no onUnlink callback set. This might not be intended. AIBinder_DeathRecipient_setOnUnlinked should be called first.
07-29 14:23:14.030  1839  1899 I android.hardware.wifi-service: twtRegisterEvents is not supported-3
07-29 14:23:14.030  5085  5546 D NhsSceneReceiver: onSensorChanged: name = oplus_activity_recognition  Wakeup
07-29 14:23:14.030  3479  3926 D QmiVsClient: getNecData callback - enter
07-29 14:23:14.030  5085  5546 D NhsSceneReceiver: enter still_state
07-29 14:23:14.030  3479  3507 D VsProxy : handleMessage msg is 4001
07-29 14:23:14.030  3479  3507 D RadioProxy: getNecData : response cb for instance 0
07-29 14:23:14.031  5241  6565 D RadioProxyJ: [PHONE0][99]< getNecDataResponse ******
07-29 14:23:14.031  1839  1899 W android.hardware.wifi-service: AIBinder_linkToDeath is being called with a non-null cookie and no onUnlink callback set. This might not be intended. AIBinder_DeathRecipient_setOnUnlinked should be called first.
07-29 14:23:14.031  5241  5241 D MessengerResponseHandler: handleMessage Response msgid 206
07-29 14:23:14.031  1839  1899 D WifiHAL : wifi_get_chip_capabilities: max mlo assoc link cnt: 2 str link cnt 2
07-29 14:23:14.031  4870  5081 I SystemUi--QuickSettings: Tile.OplusCellularTile-->updateCarrierText: dialog not showing, ignore
07-29 14:23:14.032  3442  4485 D WifiNl80211Manager: Setting up interface for client mode: wlan0
07-29 14:23:14.032  4870  5081 D SimStateHelper: slot:0, lock state:Bundle[mParcelledData.dataSize=56]
07-29 14:23:14.032  4870  5081 D SimStateHelper: slot:1, lock state:Bundle[mParcelledData.dataSize=56]
07-29 14:23:14.032  4870  5081 D SimStateHelper: needDisableMenu: slot1State=-1; slot2State=-1
07-29 14:23:14.032  4870  5081 D SimStateHelper: needDisableMenu:false
07-29 14:23:14.032  2732  2732 I wificond: Current driver country code US
07-29 14:23:14.032  3442  4191 D WifiNl80211Manager: OnRegDomainChanged US
07-29 14:23:14.032  2732  2732 I wificond: createClientInterface: wiphy_index 0 iface_name wlan0
07-29 14:23:14.032  3442  4191 D WifiNative: onCountryCodeChanged: US
07-29 14:23:14.032  3442  4191 I WifiCountryCode: Receive onDriverCountryCodeChanged US
07-29 14:23:14.032  2732  2732 I wificond: create scanner for interface with index: 27
07-29 14:23:14.032  2732  2732 I wificond: subscribe scan result for interface with index: 27
07-29 14:23:14.032  3442  4191 D WifiScanRequestProxy: Sending scan available broadcast: true
07-29 14:23:14.032  3442  4491 I WifiScanningService: Received a request to enable scanning, UID = 1000
07-29 14:23:14.033  3442  4191 I WifiScanRequestProxy: Scanning is enabled
07-29 14:23:14.033  3442  4191 I WifiScanRequestProxy: Scanning for hidden networks is disabled
07-29 14:23:14.033  3442  3442 D OplusWifiBroadCastDispatcher: mBroadcastReceiver: onReceiver  action=android.net.wifi.action.WIFI_SCAN_AVAILABILITY_CHANGED
07-29 14:23:14.033  3442  4629 D OplusWifiPower_ConnLpmEventObsever: onReceive EXTRA_SCAN_AVAILABLE availabe = true
07-29 14:23:14.033  3442  4629 D OplusWifiPowerService: onReceive action:android.net.wifi.action.WIFI_SCAN_AVAILABILITY_CHANGED
07-29 14:23:14.033  3442  4629 D OplusWifiSwitchStateMonitor: scan settings change to true
07-29 14:23:14.033  2732  2732 I wificond: add channel type 0 support at wiphy index: 0
07-29 14:23:14.033  2732  2732 I wificond: add channel type 1 support at wiphy index: 0
07-29 14:23:14.033  6888  6888 I OsAgent : onReceive: android.net.wifi.action.WIFI_SCAN_AVAILABILITY_CHANGED
07-29 14:23:14.033  6888  8640 I OsAgent : updateWiFiScanAvailState, scanAvailable: true
07-29 14:23:14.034  6888  8640 D OsAgentAidlClient: [bool_dataitem_update][1570] [HC] =>> [HS]
07-29 14:23:14.034  3442  4485 I WifiNative: Interface state changed on Iface:{Name=wlan0,Id=1,Type=STA_SCAN}, isUp=true
07-29 14:23:14.034  1839  1899 I WifiHAL : mpdu_size_threshold : 128, aggressive_statistics_gathering : 0
07-29 14:23:14.034  3442  4485 I WifiNative: Successfully setup Iface:{Name=wlan0,Id=1,Type=STA_SCAN}
07-29 14:23:14.034  3442  4485 E SupplicantStaIfaceHalAidlImpl: Can't call getKeyMgmtCapabilities, ISupplicantStaIface is null for iface=wlan0
07-29 14:23:14.034  1816  1860 I LocSvc_SystemStatusOsObserver: sendCachedDataItems:471] DataItem: IS_WIFI_HARDWARE_ON: true >> Wiper
07-29 14:23:14.035  1816  1896 I LocSvc_api_v02: ---> locClientSendReq line 2409 QMI_LOC_NOTIFY_WIFI_ENABLED_STATUS_REQ_V02
07-29 14:23:14.035  3442  4191 W BestClock: java.time.DateTimeException: Missing network time fix
07-29 14:23:14.036  1839  1899 I WifiHAL : wifi_get_supported_radio_combinations_matrix: enter
07-29 14:23:14.036  1839  1899 I WifiHAL : wifi_parse_radio_combinations_matrix: radio_combinations[1]: num_radio_configurations 1
07-29 14:23:14.036  1839  1899 I WifiHAL : wifi_parse_radio_combinations_matrix: radio_combinations[2]: num_radio_configurations 1
07-29 14:23:14.036  1839  1899 I WifiHAL : wifi_parse_radio_combinations_matrix: radio_combinations[3]: num_radio_configurations 1
07-29 14:23:14.036  1839  1899 I WifiHAL : wifi_parse_radio_combinations_matrix: radio_combinations[4]: num_radio_configurations 2
07-29 14:23:14.036  1839  1899 I WifiHAL : wifi_parse_radio_combinations_matrix: radio_combinations[5]: num_radio_configurations 2
07-29 14:23:14.036  1839  1899 I WifiHAL : wifi_parse_radio_combinations_matrix: radio_combinations[6]: num_radio_configurations 2
07-29 14:23:14.036  1839  1899 I WifiHAL : wifi_parse_radio_combinations_matrix: num_radio_combinations 6, radio_matrix_size 100
07-29 14:23:14.036  3442  4485 E SupplicantStaIfaceHalAidlImpl: Can't call getWpaDriverCapabilities, ISupplicantStaIface is null for iface=wlan0
07-29 14:23:14.036  3442  4485 E WifiStaIfaceAidlImpl: getTwtCapabilities failed with service-specific exception: android.os.ServiceSpecificException:  (code 4)
07-29 14:23:14.036  1705  4938 E TetherController: property_get sys.radio.data.modem_share_flag return 0, 1!
07-29 14:23:14.036  3442  4485 E WifiChipAidlImpl: enableStaChannelForPeerNetwork failed with service-specific exception: android.os.ServiceSpecificException:  (code 4)
07-29 14:23:14.037  3442  4485 D WifiNative: setWifiNativeInterfaceEventCallback
07-29 14:23:14.037  3442  4485 D WifiClientModeManager[59859:wlan0]: entering StartedState
07-29 14:23:14.037  1839  1899 E WifiHAL : wifi_get_gscan_capabilities: GSCAN is not supported by driver
07-29 14:23:14.037  3442  4485 D WifiClientModeManager[59859:wlan0]: entering ScanOnlyModeState
07-29 14:23:14.037  3442  4485 D WifiScanRequestProxy: Sending scan available broadcast: true
07-29 14:23:14.037  3442  4491 E WifiStaIfaceAidlImpl: getBackgroundScanCapabilities failed with service-specific exception: android.os.ServiceSpecificException:  (code 4)
07-29 14:23:14.037  3442  4485 I WifiScanRequestProxy: Scanning is enabled
07-29 14:23:14.037  3442  4485 I WifiScanRequestProxy: Scanning for hidden networks is disabled
07-29 14:23:14.037  3442  4191 W BestClock: java.time.DateTimeException: Missing network time fix
07-29 14:23:14.037  3442  3442 D OplusWifiBroadCastDispatcher: mBroadcastReceiver: onReceiver  action=android.net.wifi.action.WIFI_SCAN_AVAILABILITY_CHANGED
07-29 14:23:14.038  3442  4629 D OplusWifiPower_ConnLpmEventObsever: onReceive EXTRA_SCAN_AVAILABLE availabe = true
07-29 14:23:14.038  1839  1899 D WifiHAL : wifi_multi_sta_set_use_case: 0
07-29 14:23:14.038  3442  4629 D OplusWifiPowerService: onReceive action:android.net.wifi.action.WIFI_SCAN_AVAILABILITY_CHANGED
07-29 14:23:14.038  3442  4629 D OplusWifiSwitchStateMonitor: scan settings change to true
07-29 14:23:14.038  3442  4485 D WifiCountryCode: evaluateAllCmmStateAndApplyIfAllReady: {ConcreteClientModeManager{id=59859 iface=wlan0 role=ROLE_CLIENT_SCAN_ONLY}=true}
07-29 14:23:14.038  3442  4485 D WifiCountryCode: Reading country code from telephony
07-29 14:23:14.039  3442  4485 D WifiCountryCode: Set telephony country code to: 
07-29 14:23:14.039  3442  4485 D WifiCountryCode: updateCountryCode to US
07-29 14:23:14.039  3442  4485 D WifiCountryCode: setCountryCodeNative: US, isClientModeOnly: true mDriverCountryCode: US
07-29 14:23:14.039  6888  6888 I OsAgent : onReceive: android.net.wifi.action.WIFI_SCAN_AVAILABILITY_CHANGED
07-29 14:23:14.039  3442  4191 W BestClock: java.time.DateTimeException: Missing network time fix
07-29 14:23:14.039  5070  5912 W BestClock: java.time.DateTimeException: Missing network time fix
07-29 14:23:14.039  6888  8640 I OsAgent : updateWiFiScanAvailState, scanAvailable: true
07-29 14:23:14.039  5070  5912 V MonthTrafficAlert: getWarningNotification subId:1 numWarningNotificaion:0
07-29 14:23:14.039  3442  4491 I WifiScanningService: Created a new impl for wlan0
07-29 14:23:14.039  3442  4491 I WifiScanningService: Received a request to enable scanning, UID = 1000
07-29 14:23:14.040  3442  4491 I WifiScanningService: scanner impls already exists
07-29 14:23:14.040  3442  4491 I WifiScanningService: wifi driver loaded with scan capabilities: max buckets=16
07-29 14:23:14.040  3442  4491 E WifiScanningService: wifi driver loaded received while already loaded
07-29 14:23:14.042  1911  4423 I Dpps    : LtmSwState::SetParameter():144 ignore cmd 7 in state LtmOffState
07-29 14:23:14.042  3442  6113 W BestClock: java.time.DateTimeException: Missing network time fix
07-29 14:23:14.043  4870  5796 V OplusCustomizeCacheManager: queryCache name: sys.cache.common_customize_cache18014 param: null
07-29 14:23:14.043  4870  5796 V OplusCustomizeCacheManager: queryCache name: sys.cache.common_customize_cache18017 param: Bundle[{SETTING=BLOCK, BUSINESS=NCT-DATA}]
07-29 14:23:14.043  4870  5796 V OplusCustomizeCacheManager: queryCache name: sys.cache.common_customize_cache18013 param: null
07-29 14:23:14.044  4954  4988 W System  : A resource failed to call AbstractCursor.close. 
07-29 14:23:14.044  4954  4988 W System  : A resource failed to call AbstractCursor.close. 
07-29 14:23:14.044  4954  4988 W System  : A resource failed to call AbstractCursor.close. 
07-29 14:23:14.044  1816  3980 I LocSvc_ApiV02: <--- globalRespCb line 282 QMI_LOC_NOTIFY_WIFI_ENABLED_STATUS_REQ_V02
07-29 14:23:14.045  3442  6113 W BestClock: java.time.DateTimeException: Missing network time fix
07-29 14:23:14.046  3442  5483 W BestClock: java.time.DateTimeException: Missing network time fix
07-29 14:23:14.047  4870  5796 V OplusCustomizeCacheManager: queryCache name: sys.cache.common_customize_cache18014 param: null
07-29 14:23:14.047  4870  5796 V OplusCustomizeCacheManager: queryCache name: sys.cache.common_customize_cache18017 param: Bundle[{SETTING=BLOCK, BUSINESS=NCT-DATA}]
07-29 14:23:14.047  4870  5796 V OplusCustomizeCacheManager: queryCache name: sys.cache.common_customize_cache18013 param: null
07-29 14:23:14.048  3442  5483 W BestClock: java.time.DateTimeException: Missing network time fix
07-29 14:23:14.049  3442  6113 W BestClock: java.time.DateTimeException: Missing network time fix
07-29 14:23:14.050  4870  5796 V OplusCustomizeCacheManager: queryCache name: sys.cache.common_customize_cache18014 param: null
07-29 14:23:14.050  4870  5796 V OplusCustomizeCacheManager: queryCache name: sys.cache.common_customize_cache18017 param: Bundle[{SETTING=BLOCK, BUSINESS=NCT-DATA}]
07-29 14:23:14.050  4870  5796 V OplusCustomizeCacheManager: queryCache name: sys.cache.common_customize_cache18013 param: null
07-29 14:23:14.051  1826  6463 I sensors-hal: qsh_conn_event_cb:756, event[0] msg_id=1025, ts=1232073387, sensor_type = oplus_activity_recognition  Wakeup
07-29 14:23:14.051  1826  6463 E sensors-hal: handle_sns_std_sensor_event:72, oplus_activity_recognition output: count: 1.000000, index: 1.000000, incar_state: 0.000000, actvity_mode: 3.000000, delta_time: 0.000000 !
07-29 14:23:14.053  5085  5546 D NhsSceneReceiver: onSensorChanged: name = oplus_activity_recognition  Wakeup
07-29 14:23:14.053  5070  5486 D SceneEvent: onSensorChanged: name = oplus_activity_recognition  Wakeup
07-29 14:23:14.055  5198  6274 D IWlanJni: getDataRegistrationState start
07-29 14:23:14.055  5198  6274 D IWlanJni: getDataRegistrationState start
07-29 14:23:14.056  2732  2732 I wificond: Regulatory domain changed to country: US on wiphy_index: 0
07-29 14:23:14.056  3442  5483 D WifiNl80211Manager: OnRegDomainChanged US
07-29 14:23:14.056  3442  5483 D WifiNative: onCountryCodeChanged: US
07-29 14:23:14.056  3442  5483 I WifiCountryCode: Receive onDriverCountryCodeChanged US
07-29 14:23:14.056  2732  2732 I wificond: UpdateBandInfo
07-29 14:23:14.056  3442  5483 D WifiScanRequestProxy: Sending scan available broadcast: true
07-29 14:23:14.056  3442  4491 I WifiScanningService: Received a request to enable scanning, UID = 1000
07-29 14:23:14.057  3442  5483 I WifiScanRequestProxy: Scanning is enabled
07-29 14:23:14.057  3442  5483 I WifiScanRequestProxy: Scanning for hidden networks is disabled
07-29 14:23:14.057  3442  4491 I WifiScanningService: scanner impls already exists
07-29 14:23:14.057  3442  4491 E WifiScanningService: wifi driver loaded received while already loaded
07-29 14:23:14.057  1816  3683 E LOCRIL_SESSION: operator():200] SubId: 1 Failed to get sim IO with error: 11
07-29 14:23:14.058  3442  3442 D OplusWifiBroadCastDispatcher: mBroadcastReceiver: onReceiver  action=android.net.wifi.action.WIFI_SCAN_AVAILABILITY_CHANGED
07-29 14:23:14.058  3442  4629 D OplusWifiPower_ConnLpmEventObsever: onReceive EXTRA_SCAN_AVAILABLE availabe = true
07-29 14:23:14.058  3442  4629 D OplusWifiPowerService: onReceive action:android.net.wifi.action.WIFI_SCAN_AVAILABILITY_CHANGED
07-29 14:23:14.058  6420  6420 I wpa_supplicant: p2p0: CTRL-EVENT-REGDOM-CHANGE init=DRIVER type=COUNTRY alpha2=US
07-29 14:23:14.058  3442  4629 D OplusWifiSwitchStateMonitor: scan settings change to true
07-29 14:23:14.055  5198  6282 D IWlanJni: new aidl event arrived
07-29 14:23:14.058  5198  6282 D IWlanJni: handleEvent 10
07-29 14:23:14.058  5198  6282 D IWlanJni: isThreadAttached start
07-29 14:23:14.058  5198  6282 D IWlanJni: jni detached
07-29 14:23:14.058  6888  6888 I OsAgent : onReceive: android.net.wifi.action.WIFI_SCAN_AVAILABILITY_CHANGED
07-29 14:23:14.058  5198  6285 D IWlanJni: new aidl event arrived
07-29 14:23:14.058  5198  6285 D IWlanJni: handleEvent 10
07-29 14:23:14.058  5198  6285 D IWlanJni: isThreadAttached start
07-29 14:23:14.058  5198  6285 D IWlanJni: jni detached
07-29 14:23:14.058  5198  6282 D IWlanJni: jni attached
07-29 14:23:14.058  6888  8640 I OsAgent : updateWiFiScanAvailState, scanAvailable: true
07-29 14:23:14.059  5198  6282 D IWlanJni: getDataRegistrationStateResponse start
07-29 14:23:14.059  5198  6282 D IWlanJni: getJavaCallbackClass start
07-29 14:23:14.059  1816  3683 E LOCRIL_SESSION: operator():241] SubId: 1 Failed to get sim IMSI with error: 11
07-29 14:23:14.059  5198  6282 D IWlanJni: getJavaCallbackClass End midIs[1]
07-29 14:23:14.059  5198  6282 I IWlanAidlClient: getDataRegistrationStateResponse called
07-29 14:23:14.059  5198  6285 D IWlanJni: jni attached
07-29 14:23:14.059  5198  6285 D IWlanJni: getDataRegistrationStateResponse start
07-29 14:23:14.059  5198  6285 D IWlanJni: getJavaCallbackClass start
07-29 14:23:14.059  2732  2732 I wificond: 2.4Ghz frequencies: 2412 2417 2422 2427 2432 2437 2442 2447 2452 2457 2462
07-29 14:23:14.059  2732  2732 I wificond: 5Ghz non-DFS frequencies: 5180 5200 5220 5240 5745 5765 5785 5805 5825
07-29 14:23:14.059  2732  2732 I wificond: 5Ghz DFS frequencies: 5260 5280 5300 5320 5500 5520 5540 5560 5580 5600 5620 5640 5660 5680 5700
07-29 14:23:14.059  5198  6285 D IWlanJni: getJavaCallbackClass End midIs[1]
07-29 14:23:14.059  5198  6285 I IWlanAidlClient: getDataRegistrationStateResponse called
07-29 14:23:14.059  2732  2732 I wificond: 6Ghz frequencies:
07-29 14:23:14.059  2732  2732 I wificond: 60Ghz frequencies:
07-29 14:23:14.059  5198  6281 W IWlanNetworkService: 6 > Response Processed
07-29 14:23:14.059  5198  6284 W IWlanNetworkService: 7 > Response Processed
07-29 14:23:14.060  5070  5119 D SaDataService: onTelephonyEventReport , subId= 0,slotId=-1 eventId=6030
07-29 14:23:14.060  5241  6565 D VendorTelephonyService: onTelephonyEventReport slotId =0 eventId=6030
07-29 14:23:14.060  5241  6565 D VendorTelephonyService: onTelephonyEventReport slotId =0 eventId=6030
07-29 14:23:14.060  5070  5119 D TelephonyImpl: notify eventId:6030 for list size:2
07-29 14:23:14.060  5241  5241 D VendorCallService: notityEventUpdate, eventId:6030, slotId = 0
07-29 14:23:14.061  4954  4954 D OplusTelephonyController: onSignalStrengthChanged: SignalStrength=SignalStrength:{mCdma=CellSignalStrengthCdma: cdmaDbm=2147483647 cdmaEcio=2147483647 evdoDbm=2147483647 evdoEcio=2147483647 evdoSnr=2147483647 level=0,mGsm=CellSignalStrengthGsm: rssi=2147483647 ber=2147483647 mTa=2147483647 mLevel=0,mWcdma=CellSignalStrengthWcdma: ss=2147483647 ber=2147483647 rscp=2147483647 ecno=2147483647 level=0,mTdscdma=CellSignalStrengthTdscdma: rssi=2147483647 ber=2147483647 rscp=2147483647 level=0,mLte=CellSignalStrengthLte: rssi=2147483647 rsrp=2147483647 rsrq=2147483647 rssnr=2147483647 cqiTableIndex=2147483647 cqi=2147483647 ta=2147483647 level=0 parametersUseForLevel=0,mNr=CellSignalStrengthNr:{ csiRsrp = 2147483647 csiRsrq = 2147483647 csiCqiTableIndex = 2147483647 csiCqiReport = [] ssRsrp = 2147483647 ssRsrq = 2147483647 ssSinr = 2147483647 level = 0 parametersUseForLevel = 0 timingAdvance = 2147483647 },primary=CellSignalStrengthLte}
07-29 14:23:14.062  3442  5472 I OplusBinderProxy: pb uid: 10215 pid: 10566 desc: com.android.internal.telephony.IPhoneStateListener/10
07-29 14:23:14.063  5241  5241 D SubsysEventListenerManager-SubsysTelephonyCallback[0]: onSignalStrengthsChanged
07-29 14:23:14.064  1816  3681 W LOCRIL_SESSION: operator():307] cellInfo list size is 0, Voice state: 3, data state: 3
07-29 14:23:14.064  5070  6257 D SaDataService: onTelephonyEventReport , subId= 0,slotId=-1 eventId=6030
07-29 14:23:14.065  5241  6565 D VendorTelephonyService: onTelephonyEventReport slotId =0 eventId=6030
07-29 14:23:14.065  5070  6257 D TelephonyImpl: notify eventId:6030 for list size:2
07-29 14:23:14.065  5241  6565 D VendorTelephonyService: onTelephonyEventReport slotId =0 eventId=6030
07-29 14:23:14.065  5241  5241 D VendorCallService: notityEventUpdate, eventId:6030, slotId = 0
07-29 14:23:14.065  1816  3683 E LOCRIL_SESSION: operator():200] SubId: 1 Failed to get sim IO with error: 11
07-29 14:23:14.065  5198  6274 D IWlanJni: getDataRegistrationState start
07-29 14:23:14.065  5198  6274 D IWlanJni: getDataRegistrationState start
07-29 14:23:14.066  5198  6282 D IWlanJni: new aidl event arrived
07-29 14:23:14.066  5198  6282 D IWlanJni: handleEvent 10
07-29 14:23:14.066  5198  6282 D IWlanJni: isThreadAttached start
07-29 14:23:14.066  5198  6282 D IWlanJni: jni detached
07-29 14:23:14.066  5198  6282 D IWlanJni: jni attached
07-29 14:23:14.066  5198  6282 D IWlanJni: getDataRegistrationStateResponse start
07-29 14:23:14.066  5198  6282 D IWlanJni: getJavaCallbackClass start
07-29 14:23:14.066  5198  6282 D IWlanJni: getJavaCallbackClass End midIs[1]
07-29 14:23:14.066  5198  6282 I IWlanAidlClient: getDataRegistrationStateResponse called
07-29 14:23:14.066  1816  3683 E LOCRIL_SESSION: operator():241] SubId: 1 Failed to get sim IMSI with error: 11
07-29 14:23:14.066  5198  6281 W IWlanNetworkService: 8 > Response Processed
07-29 14:23:14.066  3442  4838 W BestClock: java.time.DateTimeException: Missing network time fix
07-29 14:23:14.066  5198  6285 D IWlanJni: new aidl event arrived
07-29 14:23:14.066  5198  6285 D IWlanJni: handleEvent 10
07-29 14:23:14.066  5198  6285 D IWlanJni: isThreadAttached start
07-29 14:23:14.066  5198  6285 D IWlanJni: jni detached
07-29 14:23:14.066  5198  6285 D IWlanJni: jni attached
07-29 14:23:14.066  5198  6285 D IWlanJni: getDataRegistrationStateResponse start
07-29 14:23:14.066  5198  6285 D IWlanJni: getJavaCallbackClass start
07-29 14:23:14.066  5198  6285 D IWlanJni: getJavaCallbackClass End midIs[1]
07-29 14:23:14.066  5198  6285 I IWlanAidlClient: getDataRegistrationStateResponse called
07-29 14:23:14.067  5198  6284 W IWlanNetworkService: 9 > Response Processed
07-29 14:23:14.068  5052  5089 D QtiOemHookAidl: oemHookRawIndication length=24
07-29 14:23:14.068  5052  5052 D QcrilMsgTunnelIfaceManager: handleMessage what = 0
07-29 14:23:14.068  3442  4191 W BestClock: java.time.DateTimeException: Missing network time fix
07-29 14:23:14.069  4954  4954 D QC_RIL_OEM_HOOK: Received Broadcast Intent ACTION_UNSOL_RESPONSE_OEM_HOOK_RAW
07-29 14:23:14.069  4954  4954 D QC_RIL_OEM_HOOK: Received Broadcast Intent ACTION_UNSOL_RESPONSE_OEM_HOOK_RAW
07-29 14:23:14.070  5052  5052 D QC_RIL_OEM_HOOK: Received Broadcast Intent ACTION_UNSOL_RESPONSE_OEM_HOOK_RAW
07-29 14:23:14.070  5164  5196 I QImsService: ImsRadioIndicationAidl : onRadioStateChanged()[SUB0]
07-29 14:23:14.070  5164  5196 I QImsService: ImsSenderRxr : [UNSL]< UNSOL_RADIO_STATE_CHANGED RADIO_ON[SUB0]
07-29 14:23:14.070  5164  7059 I QImsService: ImsRadioIndicationAidl : onRadioStateChanged()[SUB1]
07-29 14:23:14.070  4870  5796 V OplusCustomizeCacheManager: queryCache name: sys.cache.common_customize_cache18014 param: null
07-29 14:23:14.070  5164  7059 I QImsService: ImsSenderRxr : [UNSL]< UNSOL_RADIO_STATE_CHANGED RADIO_ON[SUB1]
07-29 14:23:14.070  4870  5796 V OplusCustomizeCacheManager: queryCache name: sys.cache.common_customize_cache18017 param: Bundle[{SETTING=BLOCK, BUSINESS=NCT-DATA}]
07-29 14:23:14.070  4870  5796 V OplusCustomizeCacheManager: queryCache name: sys.cache.common_customize_cache18013 param: null
07-29 14:23:14.071  1992  1992 E PowerMonitorService: Failed to open /proc/horae_qmi (2): No such file or directory
07-29 14:23:14.071  5052  5169 D QtiOemHookAidl: oemHookRawIndication length=24
07-29 14:23:14.071  5052  5052 D QcrilMsgTunnelIfaceManager: handleMessage what = 0
07-29 14:23:14.071  1992  1992 E PowerMonitorService: Failed to open /proc/horae_qmi (2): No such file or directory
07-29 14:23:14.071  1986  1986 D SensorFeature: name=ssc_screenshot_info ,index = 22
07-29 14:23:14.072  1986  1986 D SensorFeature: write 29 bytes:59904806383,59913139716,164,0
07-29 14:23:14.073  5052  5052 D DeviceStatisticsService: onReceive: action= org.codeaurora.intent.action.RADIO_POWER_STATE
07-29 14:23:14.073  5052  5052 I DeviceStatisticsService: Receiving radio_power_state_changed, mIsDeviceInfoInitialized = true
07-29 14:23:14.073  5052  5052 I DeviceStatisticsService: radio power state changed to 1 for slot: 1
07-29 14:23:14.073  5052  5052 D QC_RIL_OEM_HOOK: Received Broadcast Intent ACTION_UNSOL_RESPONSE_OEM_HOOK_RAW
07-29 14:23:14.074  5070  6257 D SaDataService: onTelephonyEventReport , subId= 0,slotId=-1 eventId=6030
07-29 14:23:14.074  1816  3683 E LOCRIL_SESSION: operator():200] SubId: 1 Failed to get sim IO with error: 11
07-29 14:23:14.075  5070  6257 D TelephonyImpl: notify eventId:6030 for list size:2
07-29 14:23:14.075  5241  6565 D VendorTelephonyService: onTelephonyEventReport slotId =0 eventId=6030
07-29 14:23:14.075  5241  6565 D VendorTelephonyService: onTelephonyEventReport slotId =0 eventId=6030
07-29 14:23:14.075  1816  3683 E LOCRIL_SESSION: operator():241] SubId: 1 Failed to get sim IMSI with error: 11
07-29 14:23:14.075  5241  5241 D VendorCallService: notityEventUpdate, eventId:6030, slotId = 0
07-29 14:23:14.075  5198  6274 D IWlanJni: getDataRegistrationState start
07-29 14:23:14.075  4954  4954 D QC_RIL_OEM_HOOK: Received Broadcast Intent ACTION_UNSOL_RESPONSE_OEM_HOOK_RAW
07-29 14:23:14.075  5198  6285 D IWlanJni: new aidl event arrived
07-29 14:23:14.076  5198  6285 D IWlanJni: handleEvent 10
07-29 14:23:14.076  5198  6285 D IWlanJni: isThreadAttached start
07-29 14:23:14.076  5198  6285 D IWlanJni: jni detached
07-29 14:23:14.076  5198  6285 D IWlanJni: jni attached
07-29 14:23:14.076  5198  6285 D IWlanJni: getDataRegistrationStateResponse start
07-29 14:23:14.076  5198  6285 D IWlanJni: getJavaCallbackClass start
07-29 14:23:14.076  5198  6285 D IWlanJni: getJavaCallbackClass End midIs[1]
07-29 14:23:14.076  5198  6285 I IWlanAidlClient: getDataRegistrationStateResponse called
07-29 14:23:14.076  5198  6284 W IWlanNetworkService: 10 > Response Processed
07-29 14:23:14.076  5052  5052 D DeviceInfoAidlClient: onRadioPowerStateChanged
07-29 14:23:14.076  5052  5052 D DeviceInfoAidlClient: mRadioStateHdlr handleMessage()1
07-29 14:23:14.076  5052  5052 D DeviceInfoAidlClient: isRadioOn()=true
07-29 14:23:14.076  5052  5052 I DeviceInfoAidlClient: sendFeaturesSupported: power info support-true interactive state support-true
07-29 14:23:14.077  5052  5052 D DeviceStatisticsService: onReceive: action= org.codeaurora.intent.action.RADIO_POWER_STATE
07-29 14:23:14.077  5052  5052 I DeviceStatisticsService: Receiving radio_power_state_changed, mIsDeviceInfoInitialized = true
07-29 14:23:14.077  5052  5052 I DeviceStatisticsService: radio power state changed to 1 for slot: 0
07-29 14:23:14.077  5052  5052 D DeviceInfoAidlClient: isRadioOn()=true
07-29 14:23:14.077  5052  5052 I DeviceInfoAidlClient: sendFeaturesSupported: power info support-true interactive state support-true
07-29 14:23:14.077  5241  5241 D SubsysEventListenerManager-SubsysTelephonyCallback[0]: onRadioPowerStateChanged state:1
07-29 14:23:14.078  1816  3681 W LOCRIL_SESSION: operator():307] cellInfo list size is 0, Voice state: 3, data state: 3
07-29 14:23:14.079  5198  6274 D IWlanJni: getDataRegistrationState start
07-29 14:23:14.079  5198  6282 D IWlanJni: new aidl event arrived
07-29 14:23:14.079  5198  6282 D IWlanJni: handleEvent 10
07-29 14:23:14.079  5198  6282 D IWlanJni: isThreadAttached start
07-29 14:23:14.079  5198  6282 D IWlanJni: jni detached
07-29 14:23:14.079  5198  6282 D IWlanJni: jni attached
07-29 14:23:14.079  5198  6282 D IWlanJni: getDataRegistrationStateResponse start
07-29 14:23:14.079  5198  6282 D IWlanJni: getJavaCallbackClass start
07-29 14:23:14.079  5198  6282 D IWlanJni: getJavaCallbackClass End midIs[1]
07-29 14:23:14.079  5198  6282 I IWlanAidlClient: getDataRegistrationStateResponse called
07-29 14:23:14.079  5198  6281 W IWlanNetworkService: 11 > Response Processed
07-29 14:23:14.083  5052  5169 I DeviceInfoAidlClient: onPowerInfoReportingChanged - reporting enabled true [15, 20, 30, 50, 80]
07-29 14:23:14.083  5052  5169 D DeviceInfoAidlClient: isRadioOn()=true
07-29 14:23:14.083  5052  5169 I DeviceInfoAidlClient: isPowerInfoNeverSent=true batteryLevel=100 batteryLevelIndex=5 chargingMode=2 totalCapacity=4960000 powerSaveMode=false
07-29 14:23:14.083  5052  5089 I DeviceInfoAidlClient: onDeviceInfoReportingChanged - reporting enabled true
07-29 14:23:14.083  5052  5089 D DeviceInfoAidlClient: getDeviceInfoSupportStatus()=1
07-29 14:23:14.083  5052  5089 D DeviceInfoAidlClient: isRadioOn()=true
07-29 14:23:14.083  5052  5089 I DeviceInfoAidlClient: deviceState=2
07-29 14:23:14.083  5052  5089 I DeviceInfoAidlClient: onPowerInfoReportingChanged - reporting enabled true [15, 20, 30, 50, 80]
07-29 14:23:14.083  5052  5089 D DeviceInfoAidlClient: isRadioOn()=true
07-29 14:23:14.083  5052  5089 I DeviceInfoAidlClient: isPowerInfoNeverSent=false batteryLevel=100 batteryLevelIndex=5 chargingMode=2 totalCapacity=4960000 powerSaveMode=false
07-29 14:23:14.083  5052  5089 I DeviceInfoAidlClient: onDeviceInfoReportingChanged - reporting enabled true
07-29 14:23:14.083  5052  5089 D DeviceInfoAidlClient: getDeviceInfoSupportStatus()=1
07-29 14:23:14.083  5052  5089 D DeviceInfoAidlClient: isRadioOn()=true
07-29 14:23:14.083  5052  5089 I DeviceInfoAidlClient: deviceState=2
07-29 14:23:14.084  4954  4954 V OplusCustomizeCacheManager: queryCache name: sys.cache.common_customize_cache18016 param: null
07-29 14:23:14.084  4954  4954 V OplusCustomizeCacheManager: queryCache name: sys.cache.common_customize_cache18013 param: null
07-29 14:23:14.084  4954  4954 V OplusCustomizeCacheManager: queryCache name: sys.cache.common_customize_cache18014 param: null
07-29 14:23:14.084  4954  4954 V OplusCustomizeCacheManager: queryCache name: sys.cache.common_customize_cache18017 param: Bundle[{SETTING=BLOCK, BUSINESS=NCT-DATA}]
07-29 14:23:14.085  4954  4954 V OplusCustomizeCacheManager: queryCache name: sys.cache.common_customize_cache18016 param: null
07-29 14:23:14.085  4954  4954 V OplusCustomizeCacheManager: queryCache name: sys.cache.common_customize_cache18013 param: null
07-29 14:23:14.085  4954  4954 V OplusCustomizeCacheManager: queryCache name: sys.cache.common_customize_cache18014 param: null
07-29 14:23:14.085  4954  4954 V OplusCustomizeCacheManager: queryCache name: sys.cache.common_customize_cache18017 param: Bundle[{SETTING=BLOCK, BUSINESS=NCT-DATA}]
07-29 14:23:14.086  5052  5052 D QcrilMsgTunnelIfaceManager: handleMessage what = 1
07-29 14:23:14.086  5052  5052 I QcrilOemhookMsgTunnel: [0]invokeOemRilRequestRaw: serial=1007 length=16
07-29 14:23:14.086  5052  5089 I QtiOemHookAidl: oemHookRawResponse: serial no: 1007 error: 0length=1
07-29 14:23:14.086  5052  5052 D QcrilMsgTunnelIfaceManager: handleMessage what = 2
07-29 14:23:14.086  4954  5572 D QC_RIL_OEM_HOOK: sendOemRilRequestRaw returns value = 1
07-29 14:23:14.087  4954  4954 D OplusPowerUpOptimizationImpl: onReceive: org.codeaurora.intent.action.RADIO_POWER_STATE
07-29 14:23:14.087  4954  5609 D OplusPowerUpOptimizationImpl: handleMessage what = 6
07-29 14:23:14.087  4954  5609 D OplusPowerUpOptimizationImpl: radio is available for slot: 1
07-29 14:23:14.087  4954  5609 D OplusPowerUpOptimizationImpl: trySendPhoneReady for slot: 1
07-29 14:23:14.087  4954  5609 D OplusPowerUpOptimizationImpl: Not sending ATEL ready: States: [1: {true, true, true, true}]
07-29 14:23:14.088  5198  6274 D IWlanJni: getDataRegistrationState start
07-29 14:23:14.088  5198  6282 D IWlanJni: new aidl event arrived
07-29 14:23:14.088  5198  6282 D IWlanJni: handleEvent 10
07-29 14:23:14.088  5198  6282 D IWlanJni: isThreadAttached start
07-29 14:23:14.088  5198  6282 D IWlanJni: jni detached
07-29 14:23:14.088  5198  6282 D IWlanJni: jni attached
07-29 14:23:14.088  5198  6282 D IWlanJni: getDataRegistrationStateResponse start
07-29 14:23:14.088  5198  6282 D IWlanJni: getJavaCallbackClass start
07-29 14:23:14.088  5198  6282 D IWlanJni: getJavaCallbackClass End midIs[1]
07-29 14:23:14.088  5198  6282 I IWlanAidlClient: getDataRegistrationStateResponse called
07-29 14:23:14.088  5198  6281 W IWlanNetworkService: 12 > Response Processed
07-29 14:23:14.089  3442  4485 D WifiNative: onSetCountryCodeSucceeded: US
07-29 14:23:14.089  3442  4485 I WifiCountryCode: Receive onSetCountryCodeSucceeded US
07-29 14:23:14.089  3442  4485 I WifiNl80211Manager: Receive country code change to US
07-29 14:23:14.089  3442  4485 D WifiScanRequestProxy: Sending scan available broadcast: true
07-29 14:23:14.089  2732  2732 I wificond: Receive notifyCountryCodeChanged
07-29 14:23:14.089  2732  2732 I wificond: UpdateBandInfo
07-29 14:23:14.089  3442  4491 I WifiScanningService: Received a request to enable scanning, UID = 1000
07-29 14:23:14.089  3442  4491 I WifiScanningService: scanner impls already exists
07-29 14:23:14.089  4954  4954 D CiWlanNotificationReceiver: ACTION_RADIO_POWER_STATE_CHANGED
07-29 14:23:14.089  3442  4491 E WifiScanningService: wifi driver loaded received while already loaded
07-29 14:23:14.090  3442  4485 I WifiScanRequestProxy: Scanning is enabled
07-29 14:23:14.090  3442  4485 I WifiScanRequestProxy: Scanning for hidden networks is disabled
07-29 14:23:14.090  3442  4485 D WakeupController: start()
07-29 14:23:14.090  3442  4485 E WifiStaIfaceAidlImpl: setScanMode failed with service-specific exception: android.os.ServiceSpecificException:  (code 4)
07-29 14:23:14.090  3442  4485 I WifiService: Receive onDriverCountryCodeChanged to US, update available channel list
07-29 14:23:14.090  6888  6888 I OsAgent : onReceive: android.net.wifi.action.WIFI_SCAN_AVAILABILITY_CHANGED
07-29 14:23:14.091  2732  2732 I wificond: 2.4Ghz frequencies: 2412 2417 2422 2427 2432 2437 2442 2447 2452 2457 2462
07-29 14:23:14.091  2732  2732 I wificond: 5Ghz non-DFS frequencies: 5180 5200 5220 5240 5745 5765 5785 5805 5825
07-29 14:23:14.091  2732  2732 I wificond: 5Ghz DFS frequencies: 5260 5280 5300 5320 5500 5520 5540 5560 5580 5600 5620 5640 5660 5680 5700
07-29 14:23:14.091  2732  2732 I wificond: 6Ghz frequencies:
07-29 14:23:14.091  2732  2732 I wificond: 60Ghz frequencies:
07-29 14:23:14.091  3442  4485 E ApConfigUtil: Malformed channel value detected: java.lang.NumberFormatException: For input string: ""
07-29 14:23:14.091  3442  3442 D OplusWifiBroadCastDispatcher: mBroadcastReceiver: onReceiver  action=android.net.wifi.action.WIFI_SCAN_AVAILABILITY_CHANGED
07-29 14:23:14.091  3442  4629 D OplusWifiPower_ConnLpmEventObsever: onReceive EXTRA_SCAN_AVAILABLE availabe = true
07-29 14:23:14.091  3442  4629 D OplusWifiPowerService: onReceive action:android.net.wifi.action.WIFI_SCAN_AVAILABILITY_CHANGED
07-29 14:23:14.091  3442  4629 D OplusWifiSwitchStateMonitor: scan settings change to true
07-29 14:23:14.091  6888  8640 I OsAgent : updateWiFiScanAvailState, scanAvailable: true
07-29 14:23:14.092  5198  6274 D IWlanJni: getDataRegistrationState start
07-29 14:23:14.092  5198  6285 D IWlanJni: new aidl event arrived
07-29 14:23:14.092  5198  6285 D IWlanJni: handleEvent 10
07-29 14:23:14.092  5198  6285 D IWlanJni: isThreadAttached start
