07-28 21:06:32.240  2165  2404 I VRR-[OPlusRefreshRateSelector]: updateAutoMode success, display 0, mode 0, fakeframe 1, min fps: 1
07-28 21:06:32.240  2165  3580 D VRR-[OPlusRefreshRateSelector]: handleSetHWCOSync
07-28 21:06:32.240  2165  3580 D VRR-[OPlusRefreshRateSelector]: OSyncModes remaining size is 0.
07-28 21:06:32.240  2165  3580 D VRR-[OPlusRefreshRateSelector]: SetHWCOSync with 5CC08181
07-28 21:06:32.240  1925  6727 I SDM     : DisplayBuiltIn::SetQSyncMode: VRR + update qsync mode 0 minfps 00C08181
07-28 21:06:32.246  1925  4462 I Dpps    : LtmSwState::SetParameter():144 ignore cmd 7 in state LtmOffState
07-28 21:06:32.248  1925  2204 E SDM     : DRMConnector::Perform: Connector 67: Setting Qsync min fps 12616065
07-28 21:06:32.455  3440  4402 V AlarmManager: sending alarm Alarm{cfd02d0 type 3 origWhen 39424 whenElapsed 46654 android} uid 1000 whenElapsed 46654 windowLength 18750 maxWhenElapsed 58174 repeatInterval 0 action null component null tag WifiHealthMonitor Schedule Post-Boot Detection Timer flags 0x8 procName system_server
07-28 21:06:32.480  1984  1984 D SensorFeature: name=ssc_screenshot_info ,index = 22
07-28 21:06:32.480  1984  1984 D SensorFeature: write 29 bytes:58190619664,58198952997,159,0
07-28 21:06:32.511  1833  4455 I sensors-hal: handle_oplus_wise_rgb_event:189, high_pwm_light:lux 274.5,cct 3631.8,brl/algo/ir 1443.0/2.0/16.7,pwm/dc 0.0/0.0,rgbc 21195.558594/13389.326172/6149.128418/39378.503906,ts 58189938952,cnt 840,flag 159
07-28 21:06:32.512  1925  4462 I Dpps    : LtmSwState::SetParameter():144 ignore cmd 7 in state LtmOffState
07-28 21:06:32.722  4878  5154 D OplusScrollToTopManager: NotificationShade,This com.android.systemui.shade.NotificationShadeWindowView{f143f63 V.E...... ........ 0,0-1080,2376 #7f0a06b7 app:id/legacy_window_root alpha=1.0 viewInfo = } change focus to true
07-28 21:06:32.722  5198  5563 D OplusScrollToTopManager: com.android.launcher/com.android.launcher.Launcher,This com.android.internal.policy.DecorView{fe2cb47 V.E...... R....... 0,0-1080,2376 aid=0 alpha=1.0 viewInfo = }[Launcher] change focus to false
07-28 21:06:32.722  4878  5154 D OplusScrollToTopManager: NotificationShade, registerGuidePopupDismissReceiverInSystemUI
07-28 21:06:32.723  4878  5154 D OplusScrollToTopManager: NotificationShade, after registerGuidePopupDismissReceiverInSystemUI
07-28 21:06:32.754  1984  1984 D SensorFeature: name=ssc_screenshot_info ,index = 22
07-28 21:06:32.754  1984  1984 D SensorFeature: write 29 bytes:58464487945,58472821278,160,0
07-28 21:06:32.777  1925  4462 I Dpps    : LtmSwState::SetParameter():144 ignore cmd 7 in state LtmOffState
07-28 21:06:32.955  3440  5335 I InputDispatcher: injectInputEvent: targetUid=<not set>, syncMode=WAIT_FOR_FINISHED, timeout=30000ms, policyFlags=0x8000000, event=MotionEvent { action=DOWN, id[0]=0, x[0]=877, y[0]=1330, eventTime=58674000000, downTime=58674000000, deviceId=5, source=TOUCHSCREEN, displayId=0, eventId=0xff30ab71}
07-28 21:06:32.956  3440  4834 I [UAH_CLIENT]: UahEventAcquire, cmdid:37, pkg:none, identity:OplusUAwareInputHelper
07-28 21:06:32.956  4878  4878 V AutofillManager: requestHideFillUi(null): anchor = null
07-28 21:06:32.956  4878  4878 V Application: getAutofillClient(): null on super, trying to find activity thread
07-28 21:06:32.956  4878  4878 V Application: getAutofillClient(): none of the 0 activities on com.android.systemui.SystemUIApplication@36b14b2 are top resumed nor have focus
07-28 21:06:32.956  4878  4878 V AutofillManager: No AutofillClient for com.android.systemui on context com.android.systemui.SystemUIApplication@36b14b2
07-28 21:06:32.956  3440  4834 D UAH-UahAdaptHelper: adaptSetNotification identity = OplusUAwareInputHelpersrc = 1000 , type 0 ,p1 = -1 ,p2 = -1 ,p3 = -1 ,p4 =
07-28 21:06:32.956  3440  4834 I [UAH_CLIENT]: uahRuleCtl, ruleId:1000, status:0
07-28 21:06:32.956  3440  3757 D PowerManagerService: userActivityNoUpdateLocked: groupId=0, eventTime=58674, event=touch, flags=0x0, uid=1000
07-28 21:06:32.956  4878  4878 I SystemUi--Common: ScrollTranslationValue-->resetPanelTranslationY
07-28 21:06:32.957  4878  4878 I SystemUi--QuickSettings: OplusPanelViewPagerController-->initExpanded downExpanded=QS downOnRight=true targetPage=QS downOnYHotArea=false  isKeyguardShowing=false isOnKeyguard=false fractionListeners.size=0 currentQsFraction=1.0 currentNotifyFraction=0.0 hasCalledDownEvent=true getScrollXHotZone=([Rect(0, 0 - 1080, 2376)], [Rect(-1, -1 - -1, -1), Rect(144, 2143 - 270, 2269), Rect(810, 2143 - 936, 2269)]) getScrollYHotZone=Rect(0, 0 - 1080, 222) notifyExpandedFraction=0.0 isLastUpToExpand=true qsPanelView.translationX=0.0
07-28 21:06:32.957  3440  4654 D OMP_Detector: D:done mCurrStatus: 0
07-28 21:06:32.957  4878  4878 I SystemUi--QuickSettings: OplusQSRootViewController-->startExpandMotion event: 0, startTracking: false isClosing: false panelClosedOnDown: false
07-28 21:06:32.957  4878  4878 I SystemUi--QuickSettings: OplusQSRootViewController-->initialOffsetOnTouch: 2376.0, panelClosedOnDown: false
07-28 21:06:32.958  3440  5335 I InputDispatcher: injectInputEvent: targetUid=<not set>, syncMode=WAIT_FOR_FINISHED, timeout=30000ms, policyFlags=0x8000000, event=MotionEvent { action=UP, id[0]=0, x[0]=877, y[0]=1330, eventTime=58674000000, downTime=58674000000, deviceId=5, source=TOUCHSCREEN, displayId=0, eventId=0xdc3c6b41}
07-28 21:06:32.958  3440  4834 D UAH-UahAdaptHelper: adaptSetNotification identity = OplusUAwareInputHelpersrc = 1000 , type 1 ,p1 = -1 ,p2 = -1 ,p3 = -1 ,p4 =
07-28 21:06:32.958  3440  4834 I [UAH_CLIENT]: uahRuleCtl, ruleId:1000, status:1
07-28 21:06:32.958  4878  4878 I SystemUi--Statusbar: OplusStatusBarWindowViewTouchExImpl-->onTouchEvent handled:false
07-28 21:06:32.958  4878  4878 I SystemUi--QuickSettings: OplusPanelViewPagerController-->reset
07-28 21:06:32.958  4878  4878 I SystemUi--QuickSettings: OplusQSRootViewController-->resetTouch
07-28 21:06:32.958  4878  4878 D OplusViewDragTouchViewHelper: dispatchTouchView action = 1
07-28 21:06:32.958  4878  4878 D ViewRootImplExtImpl: the up motion event handled by client, just return
07-28 21:06:32.959  4878  4878 I SystemUi--QuickSettings: Tile.OplusAirplaneModeTile-->clicked ------ state is :2 canTips :true
07-28 21:06:32.959  4878  5474 V OplusCustomizeCacheManager: queryCache name: sys.cache.common_customize_cache18026 param: null
07-28 21:06:32.959  4878  5474 V OplusCustomizeCacheManager: queryCache name: sys.cache.common_customize_cache18026 param: null
07-28 21:06:32.960  3440  4632 D OplusWifiPower_ConnLpmEventObsever: AIRPLANE_MODE_ON:false
07-28 21:06:32.963  1998  2003 E PerformanceService: [damon_reclaim] Failed to open wmarks_xxx, Linux version 6.6.30
07-28 21:06:32.963  7321 12938 I SettingImpl: isAirplaneModeToggleChecked switchValue: -1, airplane mode isChecked is false
07-28 21:06:32.964  4878  4878 I SystemUi--Statusbar: OplusStatusBarSignalPolicy-->imsIcon: OplusIMSModel(shouldShowVolte=false, shouldShowVowifi=false, simInserted=true, noSim=false, shouldShowVodata=false, shouldShowVo5G=false, vowifiState=false), OplusIMSModel(shouldShowVolte=false, shouldShowVowifi=false, simInserted=false, noSim=true, shouldShowVodata=false, shouldShowVo5G=false, vowifiState=false), noSubs:false, airplaneMode:falsevisible: false ,wifiConnect:false , vowifiIcon:0 , voDataStatus:false, is5GNewCall:false
07-28 21:06:32.964  4878  4878 I SystemUi--Statusbar: OplusStatusBarSignalPolicy-->noSimIcon simState: SimStateModel(simInserted=[true, false], simForbidden=[false, true], simStateIMSI=[true, false], simLoaded=[true, false]), noSubs:false isAirplaneMode:false
07-28 21:06:32.964  4878  4878 I SystemUi--Statusbar: OplusMobileIconViewModel-->isVisible subId:1 isAirplaneMode:false isAllowedDuringAirplaneMode:false isForceHidden:false isSatelliteForbid:false
07-28 21:06:32.964  4878  4878 I SystemUi--Statusbar: OplusStatusBarMobileViewBinder-->isVisible:true
07-28 21:06:32.964  4878  4878 I SystemUi--Statusbar: OplusStatusBarMobileViewBinder-->isVisible:true
07-28 21:06:32.964  4878  4878 I SystemUi--Statusbar: OplusStatusBarMobileViewBinder-->isVisible:true
07-28 21:06:32.964  4878  4878 I SystemUi--Statusbar: OplusStatusBarMobileViewBinder-->isVisible:true
07-28 21:06:32.964  4878  4878 I SystemUi--Statusbar: OplusStatusBarMobileViewBinder-->isVisible:true
07-28 21:06:32.964  3440  4442 D BluetoothSystemServer: BluetoothRadioModeListener: Not sensitive to airplane_mode_radios change. Forced to false
07-28 21:06:32.965  4878  5785 I SystemUi--QuickSettings: Tile.OplusAirplaneModeTile-->handleUpdateState state.state: 2 value: 0
07-28 21:06:32.965  4878  5785 V OplusCustomizeCacheManager: queryCache name: sys.cache.common_customize_cache18026 param: null
07-28 21:06:32.965  5045  8939 I txpwradmin:SettingsObserver: onChange for uri = content://settings/global/airplane_mode_on
07-28 21:06:32.965  4878  5785 V OplusCustomizeCacheManager: queryCache name: sys.cache.common_customize_cache11009 param: null
07-28 21:06:32.965  5035  5035 W Settings: Setting airplane_mode_on has moved from android.provider.Settings.System to android.provider.Settings.Global, returning read-only value.
07-28 21:06:32.965  5185  5185 D SubsysBroadcastManager: onReceive action:android.intent.action.AIRPLANE_MODE
07-28 21:06:32.965  5045  8939 D txpwrJni: sendRadioStatus start
07-28 21:06:32.966  5185  5185 D NetworkService[0]: onAirPlaneModeChange isAirPlaneModeOn:false
07-28 21:06:32.966  5019  5955 D OplusLinkBoostMeeting: onAirplaneModeChange
07-28 21:06:32.966  3440  4324 E PerformanceManager: setDamonReclaimWmarks succeed.
07-28 21:06:32.966  5019  5952 D ResidenceLocSm: onPreHandleMessage 49
07-28 21:06:32.966  3440  3440 D OplusWifiBroadCastDispatcher: mBroadcastReceiver: onReceiver  action=android.intent.action.AIRPLANE_MODE
07-28 21:06:32.966  5019  5952 D ResidenceLocSm: onPostHandleMessage 49
07-28 21:06:32.966  3440  4633 D OplusWifiSwitchStateMonitor: mWifiSettingsValue:0
07-28 21:06:32.966  3440  4633 D OplusWifiSwitchStateMonitor: notify scan state: true
07-28 21:06:32.966  5185  5185 D NetworkService[1]: onAirPlaneModeChange isAirPlaneModeOn:false
07-28 21:06:32.966  5185  5185 D QuickChangeAirplaneModeEvent: airplane mode off
07-28 21:06:32.966  5019  5957 D NAS-CallIssueDetector: notifyApmChanged
07-28 21:06:32.966  3440  4494 D WifiController: Airplane mode disabled, determine next state
07-28 21:06:32.966  3440  4494 D WifiActiveModeWarden: Starting primary ClientModeManager in scan only mode
07-28 21:06:32.966  4947  4947 W Settings: Setting airplane_mode_on has moved from android.provider.Settings.System to android.provider.Settings.Global, returning read-only value.
07-28 21:06:32.966  4947  4947 W Settings: Setting airplane_mode_on has moved from android.provider.Settings.System to android.provider.Settings.Global, returning read-only value.
07-28 21:06:32.966  5019  6337 I PCDR-common_no_service[0]: forbidden
07-28 21:06:32.966  4947  4947 W Settings: Setting airplane_mode_on has moved from android.provider.Settings.System to android.provider.Settings.Global, returning read-only value.
07-28 21:06:32.966  4947  4947 W Settings: Setting airplane_mode_on has moved from android.provider.Settings.System to android.provider.Settings.Global, returning read-only value.
07-28 21:06:32.966  5019  6337 I PCDR-common_no_45g[0]: forbidden
07-28 21:06:32.966  5019  6337 I PCDR-common_no_service[1]: forbidden
07-28 21:06:32.966  5019  6337 I PCDR-common_no_45g[1]: forbidden
07-28 21:06:32.966  4947  4947 W Settings: Setting airplane_mode_on has moved from android.provider.Settings.System to android.provider.Settings.Global, returning read-only value.
07-28 21:06:32.966  5019  5960 D ElevatorEvent: enableElevatorDetect mIsElevSensorReg = false
07-28 21:06:32.967  5019  5957 D NAS-CallIssueDetector: EVENT_SIM_STATE_CHANGE mSimState[0] LOADED
07-28 21:06:32.967  5019  5957 D SceneEvent: registerSensorMgr start
07-28 21:06:32.967  5019  5960 V SystemSensorManagerExtImpl: RegisterListener elevator_detect  Wakeup type:33171036 delay:200000us by com.oplus.nas.comm.event.ElevatorEvent$a@90225e5 from com.oplus.nas
07-28 21:06:32.967  3440  5335 D SensorService: createSensorEventConnection packageName = com.oplus.nas.comm.event.ElevatorEvent, opPackageName = com.oplus.nas, mCurrentOperatingMode = 0, requestedMode = 0
07-28 21:06:32.967  3440  4494 D WifiController: DisabledState.exit()
07-28 21:06:32.967  3440  4494 D WifiController: EnabledState.enter()
07-28 21:06:32.967  3440  4494 D WifiClientModeManager[58686:unknown]: entering IdleState
07-28 21:06:32.967  5185  5185 W Settings: Setting airplane_mode_on has moved from android.provider.Settings.System to android.provider.Settings.Global, returning read-only value.
07-28 21:06:32.968  3440  4845 W SensorService: SensorEventConnection sensor handle=1362, package = com.oplus.nas.comm.event.ElevatorEvent enable
07-28 21:06:32.968  5096  5096 I QImsService: OplusWifiApmStateMgr : ACTION_AIRPLANE_MODE_CHANGED,mIsAirplaneModeOn: false
07-28 21:06:32.968  3440  4845 E SensorService: Required app com.oplus.nas.comm.event.ElevatorEvent, uid 1000, pid 5019
07-28 21:06:32.968  4947  4947 D PhoneGlobals: ACTION_AIRPLANE_MODE_CHANGED received
07-28 21:06:32.968  3440  4442 D BluetoothSystemServer: AirplaneModeListener: Ignore mode change to same state. previousMode=false, isOn=false, isOnOverrode=false, isMediaConnected=false
07-28 21:06:32.968  4947  4947 D PhoneGlobals: Receive ACTION_AIRPLANE_MODE_CHANGED, state: false
07-28 21:06:32.968  5096  5096 I QImsService: OplusImsServiceSubImpl : onTurnOffImsAfterWifiChanged : false
07-28 21:06:32.968  5096  5096 I QImsService: OplusImsServiceSubImpl : onTurnOffImsAfterWifiChanged : false
07-28 21:06:32.968  4947  4947 I PhoneGlobals: handleAirplaneModeChange: isAirplaneNewlyOn=false
07-28 21:06:32.968  4947  4947 D PhoneGlobals: handleAirplaneModeChange: isAirplaneNewlyOn = false, cellState = 2
07-28 21:06:32.968  4947  4947 I PhoneGlobals: Turning radio on - airplane
07-28 21:06:32.968  3440  4845 D SensorService: Calling batch handle==1362 flags=0rate=200000000 timeout== 0
07-28 21:06:32.968  3440  4845 D SensorService: SensorDevice::batch: ident=0xb400007bad512800, handle=0x00000552, flags=0, period_ns=200000000 timeout=0
07-28 21:06:32.968  3440  4845 D SensorService: 	>>> actuating h/w BATCH 0x00000552 200000000 0
07-28 21:06:32.968  1833  1833 I sensors-hal: batch:153, qti.sensor.elevator_detect/1362, period=200000000, max_latency=0
07-28 21:06:32.968  1833  1833 I sensors-hal: batch:175, qti.sensor.elevator_detect/1362, period=200000000, max_latency=0 request completed
07-28 21:06:32.968  3440  4845 D SensorService: Calling activate on 1362
07-28 21:06:32.969  3440  4845 D SensorService: SensorDevice::activate: ident=0xb400007bad512800, handle=0x00000552, enabled=1, count=1
07-28 21:06:32.969  3440  4845 D SensorService: enable index=0
07-28 21:06:32.969  3440  4845 D SensorService: info.numActiveClients() = 1, info.isActive = 0
07-28 21:06:32.969  3440  4845 D SensorService: activateHardware = 1
07-28 21:06:32.969  3440  4845 D SensorService: 	>>> actuating h/w activate handle=1362 enabled=1
07-28 21:06:32.969  1833  1833 I sensors-hal: activate:112, qti.sensor.elevator_detect/1362 en=1
07-28 21:06:32.969  1833  1833 I sensors-hal: acquire_qsh_interface:131, acquire_qsh_interface with sensor_id 28 , conn_type 2 
07-28 21:06:32.969  1810  1859 E minksocket: MinkIPC ERROR: ( 1810:1859 ) MinkIPC_preProcess:272 Client down, but cannot find corresponding minksession
07-28 21:06:32.969  1810  1874 E minksocket: MinkIPC ERROR: ( 1810:1874 ) MinkIPC_preProcess:272 Client down, but cannot find corresponding minksession
07-28 21:06:32.970  1810  1859 E minksocket: MinkIPC ERROR: ( 1810:1859 ) MinkIPC_preProcess:272 Client down, but cannot find corresponding minksession
07-28 21:06:32.970  1810  1874 E minksocket: MinkIPC ERROR: ( 1810:1874 ) MinkIPC_preProcess:272 Client down, but cannot find corresponding minksession
07-28 21:06:32.970  5035  5035 I HidlServiceManagement: Trying to get transport of vendor.oplus.hardware.appradio@1.0::IOplusAppRadio/oplus_app_slot1 without hwservicemanager
07-28 21:06:32.970  3440  4494 I WifiHalAidlImpl: Obtained the IWifi binder. Local Version: 2
07-28 21:06:32.970  1810  1859 E minksocket: MinkIPC ERROR: ( 1810:1859 ) MinkIPC_preProcess:272 Client down, but cannot find corresponding minksession
07-28 21:06:32.970  5035  5035 E NhsAppRIL/0: in getOplusRadioProxy getService: Exception: java.util.NoSuchElementException
07-28 21:06:32.970  1810  1874 E minksocket: MinkIPC ERROR: ( 1810:1874 ) MinkIPC_preProcess:272 Client down, but cannot find corresponding minksession
07-28 21:06:32.971  1833  1833 I sensors-hal: qsh_qmi:34, qsh_qmi
07-28 21:06:32.971  1833  1833 I sensors-hal: send_sync_sensor_request:443, send sync request
07-28 21:06:32.971  1833  1833 I sensors-hal: send_sync_sensor_request:472, wait for notification of response
07-28 21:06:32.971  1810  1859 E minksocket: MinkIPC ERROR: ( 1810:1859 ) MinkIPC_preProcess:272 Client down, but cannot find corresponding minksession
07-28 21:06:32.971  1810  1874 E minksocket: MinkIPC ERROR: ( 1810:1874 ) MinkIPC_preProcess:272 Client down, but cannot find corresponding minksession
07-28 21:06:32.971  3440  4494 I WifiHalAidlImpl: Remote Version: 2
07-28 21:06:32.971  5035  5035 D NhsElevatorReceiver: enableElevatorDetect mIsElevSensorReg = false
07-28 21:06:32.971  5035  5035 V SystemSensorManagerExtImpl: RegisterListener elevator_detect  Wakeup type:33171036 delay:200000us by t0.g$b@846bbac from com.oplus.nhs
07-28 21:06:32.971  3440  5558 D SensorService: createSensorEventConnection packageName = t0.g, opPackageName = com.oplus.nhs, mCurrentOperatingMode = 0, requestedMode = 0
07-28 21:06:32.972  1833 13155 I sensors-hal: qsh_conn_resp_cb:793, resp_value = 0 for elevator_detect 
07-28 21:06:32.972  1833  1833 I sensors-hal: send_sync_sensor_request:478, takes 1 ms to receive the response with 0
07-28 21:06:32.972  1833  1833 I sensors-hal: activate:131, qti.sensor.elevator_detect/1362 en=1 completed
07-28 21:06:32.972  3440  4845 D SensorService: 0xb400007bad512800 addFd fd=984
07-28 21:06:32.972  5019  5960 D ElevatorEvent: elevator:registerForElevatorDetect  , true mIsElevSensorReg = true
07-28 21:06:32.972  5019  5960 D SceneEvent: registerSensorMgr start
07-28 21:06:32.972  5019  5960 D SceneEvent: registerSensorMgr already start,return
07-28 21:06:32.973  3440  5352 W SensorService: SensorEventConnection sensor handle=1362, package = t0.g enable
07-28 21:06:32.973  3440  5352 E SensorService: Required app t0.g, uid 1001, pid 5035
07-28 21:06:32.973  3440  5352 D SensorService: Calling batch handle==1362 flags=0rate=200000000 timeout== 0
07-28 21:06:32.973  3440  5352 D SensorService: SensorDevice::batch: ident=0xb400007ce362a200, handle=0x00000552, flags=0, period_ns=200000000 timeout=0
07-28 21:06:32.973  3440  5352 D SensorService: Calling activate on 1362
07-28 21:06:32.973  3440  5352 D SensorService: SensorDevice::activate: ident=0xb400007ce362a200, handle=0x00000552, enabled=1, count=2
07-28 21:06:32.973  3440  5352 D SensorService: enable index=1
07-28 21:06:32.973  1850  8687 E android.hardware.wifi-service: Failed to open directory: Permission denied
07-28 21:06:32.973  1850  8687 E android.hardware.wifi-service: Error occurred while deleting old tombstone files
07-28 21:06:32.973  1850  8687 E android.hardware.wifi-service: Error writing files to flash
07-28 21:06:32.973  3440  5352 D SensorService: info.numActiveClients() = 2, info.isActive = 1
07-28 21:06:32.973  3440  5352 D SensorService: activateHardware = 0
07-28 21:06:32.973  3440  5352 D SensorService: 0xb400007ce362a200 addFd fd=755
07-28 21:06:32.973  5035  5035 D NhsElevatorReceiver: elevator:registerForElevatorDetect  , true mIsElevSensorReg = true
07-28 21:06:32.973  4878  4878 D RowAnimatorExtImpl: init:tx,view:StatusBarIconView(slot='volume' alpha=1.0 icon=StatusBarIcon(icon=Icon(typ=RESOURCE pkg=com.android.systemui id=0x7f0818f0) visible user=0 ) visibleState=ICON iconColor=#ccffffff staticDrawableColor=#ccffffff decorColor=#ffffffff animationStartColor=#0 currentSetColor=#ccffffff notification=null),translationX:  9.0  0.0  
07-28 21:06:32.973  5035  5035 D NhsSceneReceiver: registerSensorMgr start
07-28 21:06:32.973  4878  4878 D RowAnimatorExtImpl: init:tx,view:StatusBarIconView(slot='zen' alpha=1.0 icon=StatusBarIcon(icon=Icon(typ=RESOURCE pkg=com.android.systemui id=0x7f0818e1) visible user=0 ) visibleState=ICON iconColor=#ccffffff staticDrawableColor=#ccffffff decorColor=#ffffffff animationStartColor=#0 currentSetColor=#ccffffff notification=null),translationX:  57.0  48.0  
07-28 21:06:32.973  5035  5035 V SystemSensorManagerExtImpl: RegisterListener oplus_activity_recognition  Wakeup type:33171037 delay:200000us by t0.k$a@6548075 from com.oplus.nhs
07-28 21:06:32.973  5185  5185 D RadioMessenger: handleMessage Request msgid 2215
07-28 21:06:32.973  3440  4845 D SensorService: createSensorEventConnection packageName = t0.k, opPackageName = com.oplus.nhs, mCurrentOperatingMode = 0, requestedMode = 0
07-28 21:06:32.974  4878  4878 D RowAnimatorExtImpl: init:tx,view:StatusBarIconView(slot='volume' alpha=1.0 icon=StatusBarIcon(icon=Icon(typ=RESOURCE pkg=com.android.systemui id=0x7f0818f0) visible user=0 ) visibleState=ICON iconColor=#ccffffff staticDrawableColor=#ccffffff decorColor=#ffffffff animationStartColor=#0 currentSetColor=#ccffffff notification=null),translationX:  9.0  0.0  
07-28 21:06:32.974  4878  4878 D RowAnimatorExtImpl: init:tx,view:StatusBarIconView(slot='zen' alpha=1.0 icon=StatusBarIcon(icon=Icon(typ=RESOURCE pkg=com.android.systemui id=0x7f0818e1) visible user=0 ) visibleState=ICON iconColor=#ccffffff staticDrawableColor=#ccffffff decorColor=#ffffffff animationStartColor=#0 currentSetColor=#ccffffff notification=null),translationX:  57.0  48.0  
07-28 21:06:32.974  3440  5558 W SensorService: SensorEventConnection sensor handle=1372, package = t0.k enable
07-28 21:06:32.974  3440  5558 E SensorService: Required app t0.k, uid 1001, pid 5035
07-28 21:06:32.974  3440  5558 D SensorService: enable sensor send lastEvent 1372
07-28 21:06:32.974  3440  5558 D SensorService: Calling batch handle==1372 flags=0rate=200000000 timeout== 0
07-28 21:06:32.974  3440  5558 D SensorService: SensorDevice::batch: ident=0xb400007dc0233500, handle=0x0000055c, flags=0, period_ns=200000000 timeout=0
07-28 21:06:32.974  4878  4878 D RowAnimatorExtImpl: init:tx,view:StatusBarIconView(slot='volume' alpha=1.0 icon=StatusBarIcon(icon=Icon(typ=RESOURCE pkg=com.android.systemui id=0x7f0818f0) visible user=0 ) visibleState=ICON iconColor=#ccffffff staticDrawableColor=#ccffffff decorColor=#ffffffff animationStartColor=#0 currentSetColor=#ccffffff notification=null),translationX:  9.0  0.0  
07-28 21:06:32.974  3440  5558 D SensorService: Calling activate on 1372
07-28 21:06:32.974  3440  5558 D SensorService: SensorDevice::activate: ident=0xb400007dc0233500, handle=0x0000055c, enabled=1, count=4
07-28 21:06:32.974  3440  5558 D SensorService: enable index=1
07-28 21:06:32.974  3440  5558 D SensorService: info.numActiveClients() = 4, info.isActive = 1
07-28 21:06:32.974  3440  5558 D SensorService: activateHardware = 0
07-28 21:06:32.974  3440  5558 D SensorService: 0xb400007dc0233500 addFd fd=1007
07-28 21:06:32.974  4878  4878 D RowAnimatorExtImpl: init:tx,view:StatusBarIconView(slot='zen' alpha=1.0 icon=StatusBarIcon(icon=Icon(typ=RESOURCE pkg=com.android.systemui id=0x7f0818e1) visible user=0 ) visibleState=ICON iconColor=#ccffffff staticDrawableColor=#ccffffff decorColor=#ffffffff animationStartColor=#0 currentSetColor=#ccffffff notification=null),translationX:  57.0  48.0  
07-28 21:06:32.974  5035  5035 D NhsSceneReceiver: sensor name is oplus_activity_recognition  Wakeup, registerState:true
07-28 21:06:32.974  5185  5185 D RadioProxyJ: [PHONE0][92]> getNecData moduleId:1 evtId:[0, 16, 0, 0, 0, 0, 0, 0, 0, 0, 0, 0, 0, 0, 0, 0, 0, 0, 0, 0, 0, 0, 0, 0, 0, 0, 0, 0, 0, 0, 0, 0]
07-28 21:06:32.974  5035  5035 D NhsSceneReceiver: onAccuracyChanged
07-28 21:06:32.974  5035  5035 E NhsAppRILMsger: EVENT_REQ_EVENT_DONE Error received :com.android.internal.telephony.CommandException: RADIO_NOT_AVAILABLE
07-28 21:06:32.974  5035  5490 D NhsSceneReceiver: onSensorChanged: name = oplus_activity_recognition  Wakeup
07-28 21:06:32.974  5035  5490 D NhsSceneReceiver: enter still_state
07-28 21:06:32.975  3440  4435 D OplusWifiSwitchStatsReport: WiFiSwitch UEVENT: {PCI_SUBSYS_ID=17CB:110E, WLAN_SWITCH_EVENT=driver, WIFI_TURNING=TURN_OFF, INSMODSTATUS=success, DRIVER=cnss_pci, PCI_CLASS=28000, MODALIAS=pci:v000017CBd0000110Esv000017CBsd0000110Ebc02sc80i00, RMMODSTATUS=unknow, OF_NAME=cnss_pci0, SUBSYSTEM=msm_subsys, PCI_ID=17CB:110E, SEQNUM=13945, ACTION=change, INIPRASE=success, OF_FULLNAME=/soc/pcie@1c00000/pcie0_rp/cnss_pci0, PCI_SLOT_NAME=0000:01:00.0, DEVPATH=/devices/platform/soc/1c00000.pcie/pci0000:00/0000:00:00.0/0000:01:00.0, OF_COMPATIBLE_N=0}
07-28 21:06:32.975  3361  3389 D QmiVsClient: getNecData - enter
07-28 21:06:32.975  3361  3389 E QmiVsClient: sendAsyncRequest QMI_VS_GET_NEC_DATA_REQ_MSG_V01 ret 0
07-28 21:06:32.976  4878  5785 I SystemUi--QuickSettings: Tile.OplusAirplaneModeTile-->handleUpdateState state.state: 1 value: 0
07-28 21:06:32.976  4878  5785 V OplusCustomizeCacheManager: queryCache name: sys.cache.common_customize_cache18026 param: null
07-28 21:06:32.976  1850  8687 I android.hardware.wifi-service: Wifi HAL stopped
07-28 21:06:32.976  3361  3899 D QmiVsClient: getNecData callback - enter
07-28 21:06:32.976  1850  1850 W android.hardware.wifi-service: AIBinder_linkToDeath is being called with a non-null cookie and no onUnlink callback set. This might not be intended. AIBinder_DeathRecipient_setOnUnlinked should be called first.
07-28 21:06:32.977  3440  4494 I WifiHalAidlImpl: Initialization is complete
07-28 21:06:32.977  1850  1850 W libc    : Access denied finding property "persist.vendor.debug.wifi.hal.preset_interface_combination_idx"
07-28 21:06:32.977  3440  4435 D OplusWifiSwitchStatsReport: WiFiSwitch UEVENT: {PCI_SUBSYS_ID=17CB:110E, WLAN_SWITCH_EVENT=driver, WIFI_TURNING=TURN_ON, INSMODSTATUS=success, DRIVER=cnss_pci, PCI_CLASS=28000, MODALIAS=pci:v000017CBd0000110Esv000017CBsd0000110Ebc02sc80i00, RMMODSTATUS=unknow, OF_NAME=cnss_pci0, SUBSYSTEM=msm_subsys, PCI_ID=17CB:110E, SEQNUM=13946, ACTION=change, INIPRASE=success, OF_FULLNAME=/soc/pcie@1c00000/pcie0_rp/cnss_pci0, PCI_SLOT_NAME=0000:01:00.0, DEVPATH=/devices/platform/soc/1c00000.pcie/pci0000:00/0000:00:00.0/0000:01:00.0, OF_COMPATIBLE_N=0}
07-28 21:06:32.977  1850  1850 I android.hardware.wifi-service: Wifi HAL started
07-28 21:06:32.978  3361  3389 D VsProxy : handleMessage msg is 4001
07-28 21:06:32.978  3361  3389 D RadioProxy: getNecData : response cb for instance 0
07-28 21:06:32.978  3440  4494 E WifiChipAidlImpl: getMode failed with service-specific exception: android.os.ServiceSpecificException:  (code 5)
07-28 21:06:32.978  1850  1850 W android.hardware.wifi-service: No active wlan interfaces in use! Using default
07-28 21:06:32.978  1850  1850 E android.hardware.wifi-service: Unknown iface name: wlan0
07-28 21:06:32.978  1850  1850 E android.hardware.wifi-service: Unknown iface name: wlan0
07-28 21:06:32.979  3440  4494 I WifiVendorHal: Vendor Hal started successfully
07-28 21:06:32.979  5185  5305 D RadioProxyJ: [PHONE0][92]< getNecDataResponse ******
07-28 21:06:32.979  3440  4494 E WifiChipAidlImpl: getMode failed with service-specific exception: android.os.ServiceSpecificException:  (code 5)
07-28 21:06:32.979  1850  1850 W android.hardware.wifi-service: No active wlan interfaces in use! Using default
07-28 21:06:32.979  1850  1850 E android.hardware.wifi-service: Unknown iface name: wlan0
07-28 21:06:32.979  1850  1850 E android.hardware.wifi-service: Unknown iface name: wlan0
07-28 21:06:32.980  3440  4494 D OplusWifiConcurrentManager: isConcurrentCombinationAllowed : createMode= 0, requestType =-1
07-28 21:06:32.980  3440  4494 I HalDevMgr: currentModeId=0, requestModeId=3, currentModeIdValid=false
07-28 21:06:32.980  3440  4435 D OplusWifiSwitchStatsReport: WiFiSwitch UEVENT: {PCI_SUBSYS_ID=17CB:110E, WLAN_SWITCH_EVENT=driver, WIFI_TURNING=TURN_ON, INSMODSTATUS=success, DRIVER=cnss_pci, PCI_CLASS=28000, MODALIAS=pci:v000017CBd0000110Esv000017CBsd0000110Ebc02sc80i00, RMMODSTATUS=unknow, OF_NAME=cnss_pci0, SUBSYSTEM=msm_subsys, PCI_ID=17CB:110E, SEQNUM=13947, ACTION=change, INIPRASE=success, OF_FULLNAME=/soc/pcie@1c00000/pcie0_rp/cnss_pci0, PCI_SLOT_NAME=0000:01:00.0, DEVPATH=/devices/platform/soc/1c00000.pcie/pci0000:00/0000:00:00.0/0000:01:00.0, OF_COMPATIBLE_N=0}
07-28 21:06:32.980  4878  5312 I SystemUi--QuickSettings: Tile.OplusCellularTile-->updateCarrierText: dialog not showing, ignore
07-28 21:06:32.981  4878  5312 D SimStateHelper: slot:0, lock state:Bundle[mParcelledData.dataSize=56]
07-28 21:06:32.981  4878  5312 D SimStateHelper: slot:1, lock state:Bundle[mParcelledData.dataSize=56]
07-28 21:06:32.981  4878  5312 D SimStateHelper: needDisableMenu: slot1State=-1; slot2State=-1
07-28 21:06:32.981  4878  5312 D SimStateHelper: needDisableMenu:false
07-28 21:06:32.982  5185  5185 D MessengerResponseHandler: handleMessage Response msgid 206
07-28 21:06:32.983  5004  8737 D QtiOemHookAidl: oemHookRawIndication length=21
07-28 21:06:32.983  1833  6317 I sensors-hal: qsh_conn_event_cb:756, event[0] msg_id=1025, ts=1209642656, sensor_type = oplus_activity_recognition  Wakeup
07-28 21:06:32.983  1833  6317 E sensors-hal: handle_sns_std_sensor_event:72, oplus_activity_recognition output: count: 1.000000, index: 1.000000, incar_state: 0.000000, actvity_mode: 3.000000, delta_time: 0.000000 !
07-28 21:06:32.983  5004  5004 D QcrilMsgTunnelIfaceManager: handleMessage what = 0
07-28 21:06:32.984  5019  5811 D SceneEvent: onSensorChanged: name = oplus_activity_recognition  Wakeup
07-28 21:06:32.984  4947  4947 D QC_RIL_OEM_HOOK: Received Broadcast Intent ACTION_UNSOL_RESPONSE_OEM_HOOK_RAW
07-28 21:06:32.984  5035  5490 D NhsSceneReceiver: onSensorChanged: name = oplus_activity_recognition  Wakeup
07-28 21:06:32.984  4947  4947 D QC_RIL_OEM_HOOK: Received Broadcast Intent ACTION_UNSOL_RESPONSE_OEM_HOOK_RAW
07-28 21:06:32.984  4947  4947 D QC_RIL_OEM_HOOK: Received Broadcast Intent ACTION_UNSOL_RESPONSE_OEM_HOOK_RAW
07-28 21:06:32.984  5004  5004 D QC_RIL_OEM_HOOK: Received Broadcast Intent ACTION_UNSOL_RESPONSE_OEM_HOOK_RAW
07-28 21:06:32.985  3440  4845 W BestClock: java.time.DateTimeException: Missing network time fix
07-28 21:06:32.989  3440  4812 W BestClock: java.time.DateTimeException: Missing network time fix
07-28 21:06:32.990  4878  5785 V OplusCustomizeCacheManager: queryCache name: sys.cache.common_customize_cache18014 param: null
07-28 21:06:32.990  4878  5785 V OplusCustomizeCacheManager: queryCache name: sys.cache.common_customize_cache18017 param: Bundle[{SETTING=BLOCK, BUSINESS=NCT-DATA}]
07-28 21:06:32.990  4878  5785 V OplusCustomizeCacheManager: queryCache name: sys.cache.common_customize_cache18013 param: null
07-28 21:06:32.991  5004  5085 D QtiOemHookAidl: oemHookRawIndication length=24
07-28 21:06:32.991  5004  5004 D QcrilMsgTunnelIfaceManager: handleMessage what = 0
07-28 21:06:32.992  1850  1850 I WifiHAL : Initializing wifi
07-28 21:06:32.992  1713  1753 E TetherController:  addInterface wlan0->27 succ
07-28 21:06:32.992  1850  1850 I CLD80211: android.hardware.wifi-service: initialized exit socket pair
07-28 21:06:32.993  1850  1850 I CLD80211: android.hardware.wifi-service: nlctrl family id: 16 group: host_logs mcast_id: 20
07-28 21:06:32.993  1850  1850 I CLD80211: android.hardware.wifi-service: nlctrl family id: 16 group: fw_logs mcast_id: 21
07-28 21:06:32.993  1850  1850 I CLD80211: android.hardware.wifi-service: nlctrl family id: 16 group: per_pkt_stats mcast_id: 22
07-28 21:06:32.993  1850  1850 I CLD80211: android.hardware.wifi-service: nlctrl family id: 16 group: diag_events mcast_id: 23
07-28 21:06:32.993  1850  1850 I CLD80211: android.hardware.wifi-service: nlctrl family id: 16 group: fatal_events mcast_id: 24
07-28 21:06:32.993  1850  1850 I CLD80211: android.hardware.wifi-service: nlctrl family id: 16 group: oem_msgs mcast_id: 25
07-28 21:06:32.993  5004  5004 D QC_RIL_OEM_HOOK: Received Broadcast Intent ACTION_UNSOL_RESPONSE_OEM_HOOK_RAW
07-28 21:06:32.993  1850  1850 E WifiHAL : wifi_get_capabilities: GSCAN is not supported by driver
07-28 21:06:32.993  1850  1850 E WifiHAL : Failed to get wifi Capabilities, error: -3
07-28 21:06:32.993  5004  8737 D QtiOemHookAidl: oemHookRawIndication length=24
07-28 21:06:32.993  5004  5004 D QcrilMsgTunnelIfaceManager: handleMessage what = 0
07-28 21:06:32.993  1850  1850 D WifiHAL : wlan_service_read_sys_param: /proc/sys/net/ipv4/tcp_limit_output_bytes 506072
07-28 21:06:32.993  1850  1850 D WifiHAL : wlan_service_read_sys_param: /proc/sys/net/ipv4/tcp_adv_win_scale 2
07-28 21:06:32.993  5096  5830 I QImsService: ImsRadioIndicationAidl : onRadioStateChanged()[SUB1]
07-28 21:06:32.993  5096  5830 I QImsService: ImsSenderRxr : [UNSL]< UNSOL_RADIO_STATE_CHANGED RADIO_ON[SUB1]
07-28 21:06:32.994  5131  6115 D IWlanJni: getDataRegistrationState start
07-28 21:06:32.994  1827  4414 E LOCRIL_SESSION: operator():200] SubId: 1 Failed to get sim IO with error: 11
07-28 21:06:32.995  1850  1850 D WifiHAL : Ignore unsupported iface type: 6
07-28 21:06:32.995  1850  1850 D WifiHAL : Ignore unsupported iface type: 6
07-28 21:06:32.995  1850  1850 D WifiHAL : Ignore Zero iface limit combination
07-28 21:06:32.995  4947  4947 D QC_RIL_OEM_HOOK: Received Broadcast Intent ACTION_UNSOL_RESPONSE_OEM_HOOK_RAW
07-28 21:06:32.995  4947  4947 D QC_RIL_OEM_HOOK: Received Broadcast Intent ACTION_UNSOL_RESPONSE_OEM_HOOK_RAW
07-28 21:06:32.995  4947  4947 D QC_RIL_OEM_HOOK: Received Broadcast Intent ACTION_UNSOL_RESPONSE_OEM_HOOK_RAW
07-28 21:06:32.995  4947  4947 D QC_RIL_OEM_HOOK: Received Broadcast Intent ACTION_UNSOL_RESPONSE_OEM_HOOK_RAW
07-28 21:06:32.995  4947  4947 D QC_RIL_OEM_HOOK: Received Broadcast Intent ACTION_UNSOL_RESPONSE_OEM_HOOK_RAW
07-28 21:06:32.995  4947  4947 D QC_RIL_OEM_HOOK: Received Broadcast Intent ACTION_UNSOL_RESPONSE_OEM_HOOK_RAW
07-28 21:06:32.995  1850  1850 I android.hardware.wifi-service: Adding interface handle for wifi-aware0
07-28 21:06:32.995  1850  1850 I android.hardware.wifi-service: Adding interface handle for wlan0
07-28 21:06:32.995  1850  1850 I android.hardware.wifi-service: Adding interface handle for p2p0
07-28 21:06:32.995  1850  1850 W android.hardware.wifi-service: No active wlan interfaces in use! Using default
07-28 21:06:32.995  1850  1850 W android.hardware.wifi-service: No active wlan interfaces in use! Using default
07-28 21:06:32.995  5004  5004 D QC_RIL_OEM_HOOK: Received Broadcast Intent ACTION_UNSOL_RESPONSE_OEM_HOOK_RAW
07-28 21:06:32.995  1850  1850 I WifiHAL : Get supported concurrency capabilities
07-28 21:06:32.995  1850  1850 E android.hardware.wifi-service: Failed to get SupportedIfaceCombinations matrix from legacy HAL: NOT_SUPPORTED
07-28 21:06:32.995  1850  1850 I android.hardware.wifi-service: Configured chip in mode 3
07-28 21:06:32.995  1850  1850 W android.hardware.wifi-service: No active wlan interfaces in use! Using default
07-28 21:06:32.996  1827  4414 E LOCRIL_SESSION: operator():200] SubId: 1 Failed to get sim IO with error: 11
07-28 21:06:32.996  1827  4414 E LOCRIL_SESSION: operator():241] SubId: 1 Failed to get sim IMSI with error: 11
07-28 21:06:32.996  1827  3712 W LOCRIL_SESSION: operator():307] cellInfo list size is 0, Voice state: 3, data state: 3
07-28 21:06:32.996  3440  4633 D StaIfaceManager:  onInterfaceLinkStateChanged:wlan0, up:true
07-28 21:06:32.996  3440  4633 D StaIfaceManager:  mWlan0State:UP, mWlan1State:REMOVED
07-28 21:06:32.996  3440  4633 D StaIfaceManager: safe time gap think true
07-28 21:06:32.996  1827  4414 E LOCRIL_SESSION: operator():241] SubId: 1 Failed to get sim IMSI with error: 11
07-28 21:06:32.996  5131  6129 D IWlanJni: new aidl event arrived
07-28 21:06:32.997  5131  6129 D IWlanJni: handleEvent 10
07-28 21:06:32.997  5131  6129 D IWlanJni: isThreadAttached start
07-28 21:06:32.997  5131  6129 D IWlanJni: jni detached
07-28 21:06:32.997  5131  6115 D IWlanJni: getDataRegistrationState start
07-28 21:06:32.997  5131  6129 D IWlanJni: jni attached
07-28 21:06:32.997  5131  6129 D IWlanJni: getDataRegistrationStateResponse start
07-28 21:06:32.997  5131  6129 D IWlanJni: getJavaCallbackClass start
07-28 21:06:32.997  5131  6129 D IWlanJni: getJavaCallbackClass End midIs[1]
07-28 21:06:32.997  5131  6129 I IWlanAidlClient: getDataRegistrationStateResponse called
07-28 21:06:32.997  5131  6128 W IWlanNetworkService: 6 > Response Processed
07-28 21:06:32.997  5131  6115 D IWlanJni: getDataRegistrationState start
07-28 21:06:32.997  1850  1850 W android.hardware.wifi-service: No active wlan interfaces in use! Using default
07-28 21:06:32.998  3440  4494 I HalDevMgr: Chip info loaded successfully from the HAL
07-28 21:06:32.998  1850  1850 D WifiHAL : wifi_set_interface_mode: ifname=wlan0 iface_type=0
07-28 21:06:32.998  5131  6151 D IWlanJni: new aidl event arrived
07-28 21:06:32.998  5131  6151 D IWlanJni: handleEvent 10
07-28 21:06:32.998  5131  6151 D IWlanJni: isThreadAttached start
07-28 21:06:32.998  1850  1850 I android.hardware.wifi-service: Adding interface handle for wifi-aware0
07-28 21:06:32.998  5131  6151 D IWlanJni: jni detached
07-28 21:06:32.998  1850  1850 I android.hardware.wifi-service: Adding interface handle for wlan0
07-28 21:06:32.998  1850  1850 I android.hardware.wifi-service: Adding interface handle for p2p0
07-28 21:06:32.998  5131  6151 D IWlanJni: jni attached
07-28 21:06:32.998  5131  6151 D IWlanJni: getDataRegistrationStateResponse start
07-28 21:06:32.998  5131  6151 D IWlanJni: getJavaCallbackClass start
07-28 21:06:32.998  5131  6151 D IWlanJni: getJavaCallbackClass End midIs[1]
07-28 21:06:32.998  5131  6151 I IWlanAidlClient: getDataRegistrationStateResponse called
07-28 21:06:32.998  5131  6151 D IWlanJni: handleEvent 10
07-28 21:06:32.998  5131  6151 D IWlanJni: isThreadAttached start
07-28 21:06:32.998  5131  6151 D IWlanJni: jni detached
07-28 21:06:32.998  5131  6150 W IWlanNetworkService: 7 > Response Processed
07-28 21:06:32.998  5131  6151 D IWlanJni: jni attached
07-28 21:06:32.998  5131  6151 D IWlanJni: getDataRegistrationStateResponse start
07-28 21:06:32.998  5131  6151 D IWlanJni: getJavaCallbackClass start
07-28 21:06:32.998  5131  6151 D IWlanJni: getJavaCallbackClass End midIs[1]
07-28 21:06:32.998  5131  6151 I IWlanAidlClient: getDataRegistrationStateResponse called
07-28 21:06:32.998  5131  6150 W IWlanNetworkService: 8 > Response Processed
07-28 21:06:32.999  3440  4494 D HalDevMgr: updateRttController: no one is interested in RTT controllers
07-28 21:06:32.999  3440  4494 E HalDevMgr: removeP2pAndSapCombination do nothing: mIsAddedP2pAndSapCombination = false
07-28 21:06:32.999  1850  1850 W android.hardware.wifi-service: AIBinder_linkToDeath is being called with a non-null cookie and no onUnlink callback set. This might not be intended. AIBinder_DeathRecipient_setOnUnlinked should be called first.
07-28 21:06:32.999  1850  1850 I android.hardware.wifi-service: twtRegisterEvents is not supported-3
07-28 21:06:33.000  1850  1850 W android.hardware.wifi-service: AIBinder_linkToDeath is being called with a non-null cookie and no onUnlink callback set. This might not be intended. AIBinder_DeathRecipient_setOnUnlinked should be called first.
07-28 21:06:33.000  1850  1850 D WifiHAL : wifi_get_chip_capabilities: max mlo assoc link cnt: 2 str link cnt 2
07-28 21:06:33.000  4947  4947 D OplusPowerUpOptimizationImpl: onReceive: org.codeaurora.intent.action.RADIO_POWER_STATE
07-28 21:06:33.000  5131  6115 D IWlanJni: getDataRegistrationState start
07-28 21:06:33.001  4947  5571 D OplusPowerUpOptimizationImpl: handleMessage what = 6
07-28 21:06:33.001  4947  5571 D OplusPowerUpOptimizationImpl: radio is available for slot: 1
07-28 21:06:33.001  4947  5571 D OplusPowerUpOptimizationImpl: trySendPhoneReady for slot: 1
07-28 21:06:33.001  4947  5571 D OplusPowerUpOptimizationImpl: Not sending ATEL ready: States: [1: {true, true, true, true}]
07-28 21:06:33.001  3440  4494 D WifiNl80211Manager: Setting up interface for client mode: wlan0
07-28 21:06:33.001  5131  6151 D IWlanJni: new aidl event arrived
07-28 21:06:33.001  5131  6151 D IWlanJni: handleEvent 10
07-28 21:06:33.001  5131  6151 D IWlanJni: isThreadAttached start
07-28 21:06:33.001  5131  6151 D IWlanJni: jni detached
07-28 21:06:33.001  3440  4633 D OplusWifiSwitchStateMonitor: mWifiSettingsValue:0
07-28 21:06:33.001  3440  4633 D StaIfaceManager:  mWlan0State:UP, mWlan1State:REMOVED
07-28 21:06:33.001  3440  4633 D StaIfaceManager: safe time gap think true
07-28 21:06:33.001  5131  6151 D IWlanJni: jni attached
07-28 21:06:33.001  5131  6151 D IWlanJni: getDataRegistrationStateResponse start
07-28 21:06:33.001  5131  6151 D IWlanJni: getJavaCallbackClass start
07-28 21:06:33.001  5131  6151 D IWlanJni: getJavaCallbackClass End midIs[1]
07-28 21:06:33.001  5131  6151 I IWlanAidlClient: getDataRegistrationStateResponse called
07-28 21:06:33.001  3440  4633 D OplusWifiSwitchStateMonitor: notify driver ready event: true
07-28 21:06:33.001  3440  4633 D OplusWifiStateTrackMachine: notifyDriverReadyEvent:true
07-28 21:06:33.001  5131  6150 W IWlanNetworkService: 9 > Response Processed
07-28 21:06:33.001  3440  4633 D OplusWifiStateTrackMachine: WifiReadyState: MSG_DRIVER_READY
07-28 21:06:33.001  2785  2785 I wificond: Current driver country code US
07-28 21:06:33.001  2785  2785 I wificond: createClientInterface: wiphy_index 0 iface_name wlan0
07-28 21:06:33.001  3440  5558 D WifiNl80211Manager: OnRegDomainChanged US
07-28 21:06:33.001  2001  2008 E PowerMonitorService: Failed to open /proc/horae_qmi (2): No such file or directory
07-28 21:06:33.001  3440  5558 D WifiNative: onCountryCodeChanged: US
07-28 21:06:33.001  3440  5558 I WifiCountryCode: Receive onDriverCountryCodeChanged US
07-28 21:06:33.002  4947  4947 D CiWlanNotificationReceiver: ACTION_RADIO_POWER_STATE_CHANGED
07-28 21:06:33.002  3440  5558 D WifiScanRequestProxy: Sending scan available broadcast: true
07-28 21:06:33.002  3440  4506 I WifiScanningService: Received a request to enable scanning, UID = 1000
07-28 21:06:33.002  3440  5558 I WifiScanRequestProxy: Scanning is enabled
07-28 21:06:33.002  3440  5558 I WifiScanRequestProxy: Scanning for hidden networks is disabled
07-28 21:06:33.002  5004  5004 D DeviceStatisticsService: onReceive: action= org.codeaurora.intent.action.RADIO_POWER_STATE
07-28 21:06:33.002  5004  5004 I DeviceStatisticsService: Receiving radio_power_state_changed, mIsDeviceInfoInitialized = true
07-28 21:06:33.002  5004  5004 I DeviceStatisticsService: radio power state changed to 1 for slot: 1
07-28 21:06:33.002  5185  5185 D SubsysEventListenerManager-SubsysTelephonyCallback[0]: onRadioPowerStateChanged state:1
07-28 21:06:33.002  2001  2008 E PowerMonitorService: Failed to open /proc/horae_qmi (2): No such file or directory
07-28 21:06:33.002  5004  5004 D DeviceInfoAidlClient: onRadioPowerStateChanged
07-28 21:06:33.002  5004  5004 D DeviceInfoAidlClient: mRadioStateHdlr handleMessage()1
07-28 21:06:33.002  5004  5004 D DeviceInfoAidlClient: isRadioOn()=true
07-28 21:06:33.002  5004  5004 I DeviceInfoAidlClient: sendFeaturesSupported: power info support-true interactive state support-true
07-28 21:06:33.003  5096  5830 I QImsService: ImsRadioIndicationAidl : onRadioStateChanged()[SUB0]
07-28 21:06:33.003  5096  5830 I QImsService: ImsSenderRxr : [UNSL]< UNSOL_RADIO_STATE_CHANGED RADIO_ON[SUB0]
07-28 21:06:33.003  2785  2785 I wificond: create scanner for interface with index: 27
07-28 21:06:33.003  2785  2785 I wificond: subscribe scan result for interface with index: 27
07-28 21:06:33.004  2785  2785 I wificond: add channel type 0 support at wiphy index: 0
07-28 21:06:33.004  2785  2785 I wificond: add channel type 1 support at wiphy index: 0
07-28 21:06:33.004  5019  5058 D SaDataService: onTelephonyEventReport , subId= 0,slotId=-1 eventId=6030
07-28 21:06:33.005  5019  5058 D TelephonyImpl: notify eventId:6030 for list size:2
07-28 21:06:33.003  3440  5336 W BestClock: java.time.DateTimeException: Missing network time fix
07-28 21:06:33.005  3440  3440 D OplusWifiBroadCastDispatcher: mBroadcastReceiver: onReceiver  action=android.net.wifi.action.WIFI_SCAN_AVAILABILITY_CHANGED
07-28 21:06:33.005  5004  5004 D DeviceStatisticsService: onReceive: action= org.codeaurora.intent.action.RADIO_POWER_STATE
07-28 21:06:33.005  5004  5004 I DeviceStatisticsService: Receiving radio_power_state_changed, mIsDeviceInfoInitialized = true
07-28 21:06:33.005  5004  5004 I DeviceStatisticsService: radio power state changed to 1 for slot: 0
07-28 21:06:33.005  5004  5004 D DeviceInfoAidlClient: isRadioOn()=true
07-28 21:06:33.005  5004  5004 I DeviceInfoAidlClient: sendFeaturesSupported: power info support-true interactive state support-true
07-28 21:06:33.005  3440  4494 I WifiNative: Interface state changed on Iface:{Name=wlan0,Id=1,Type=STA_SCAN}, isUp=true
07-28 21:06:33.005  1850  1850 I WifiHAL : mpdu_size_threshold : 128, aggressive_statistics_gathering : 0
07-28 21:06:33.005  3440  4634 D OplusWifiPower_ConnLpmEventObsever: onReceive EXTRA_SCAN_AVAILABLE availabe = true
07-28 21:06:33.005  3440  4634 D OplusWifiPowerService: onReceive action:android.net.wifi.action.WIFI_SCAN_AVAILABILITY_CHANGED
07-28 21:06:33.006  3440  4634 D OplusWifiSwitchStateMonitor: scan settings change to true
07-28 21:06:33.006  5185  6281 D VendorTelephonyService: onTelephonyEventReport slotId =0 eventId=6030
07-28 21:06:33.006  5185  6281 D VendorTelephonyService: onTelephonyEventReport slotId =0 eventId=6030
07-28 21:06:33.006  3440  4494 I WifiNative: Successfully setup Iface:{Name=wlan0,Id=1,Type=STA_SCAN}
07-28 21:06:33.006  5185  5185 D VendorCallService: notityEventUpdate, eventId:6030, slotId = 0
07-28 21:06:33.006  3440  4494 E SupplicantStaIfaceHalAidlImpl: Can't call getKeyMgmtCapabilities, ISupplicantStaIface is null for iface=wlan0
07-28 21:06:33.006  3440  5336 W BestClock: java.time.DateTimeException: Missing network time fix
07-28 21:06:33.008  5131  6115 D IWlanJni: getDataRegistrationState start
07-28 21:06:33.008  1827  3712 W LOCRIL_SESSION: operator():307] cellInfo list size is 0, Voice state: 3, data state: 3
07-28 21:06:33.008  7061  7061 I OsAgent : onReceive: android.net.wifi.action.WIFI_SCAN_AVAILABILITY_CHANGED
07-28 21:06:33.008  1850  8687 I WifiHAL : wifi_get_supported_radio_combinations_matrix: enter
07-28 21:06:33.008  5131  6129 D IWlanJni: new aidl event arrived
07-28 21:06:33.008  5131  6129 D IWlanJni: handleEvent 10
07-28 21:06:33.008  5131  6129 D IWlanJni: isThreadAttached start
07-28 21:06:33.008  5131  6129 D IWlanJni: jni detached
07-28 21:06:33.008  4878  5785 V OplusCustomizeCacheManager: queryCache name: sys.cache.common_customize_cache18014 param: null
07-28 21:06:33.008  4878  5785 V OplusCustomizeCacheManager: queryCache name: sys.cache.common_customize_cache18017 param: Bundle[{SETTING=BLOCK, BUSINESS=NCT-DATA}]
07-28 21:06:33.008  4878  5785 V OplusCustomizeCacheManager: queryCache name: sys.cache.common_customize_cache18013 param: null
07-28 21:06:33.008  5185  6281 D VendorTelephonyService: onTelephonyEventReport slotId =0 eventId=6030
07-28 21:06:33.008  5185  6281 D VendorTelephonyService: onTelephonyEventReport slotId =0 eventId=6030
07-28 21:06:33.009  1850  8687 I WifiHAL : wifi_parse_radio_combinations_matrix: radio_combinations[1]: num_radio_configurations 1
07-28 21:06:33.009  5185  5185 D VendorCallService: notityEventUpdate, eventId:6030, slotId = 0
07-28 21:06:33.009  1850  8687 I WifiHAL : wifi_parse_radio_combinations_matrix: radio_combinations[2]: num_radio_configurations 1
07-28 21:06:33.009  1850  8687 I WifiHAL : wifi_parse_radio_combinations_matrix: radio_combinations[3]: num_radio_configurations 1
07-28 21:06:33.009  1850  8687 I WifiHAL : wifi_parse_radio_combinations_matrix: radio_combinations[4]: num_radio_configurations 2
07-28 21:06:33.009  1850  8687 I WifiHAL : wifi_parse_radio_combinations_matrix: radio_combinations[5]: num_radio_configurations 2
07-28 21:06:33.009  1850  8687 I WifiHAL : wifi_parse_radio_combinations_matrix: radio_combinations[6]: num_radio_configurations 2
07-28 21:06:33.009  1850  8687 I WifiHAL : wifi_parse_radio_combinations_matrix: num_radio_combinations 6, radio_matrix_size 100
07-28 21:06:33.009  7061  8189 I OsAgent : updateWiFiScanAvailState, scanAvailable: true
07-28 21:06:33.009  7061  8189 D OsAgentAidlClient: [bool_dataitem_update][1570] [HC] =>> [HS]
07-28 21:06:33.009  5019  6113 D SaDataService: onTelephonyEventReport , subId= 0,slotId=-1 eventId=6030
07-28 21:06:33.009  5019  6113 D TelephonyImpl: notify eventId:6030 for list size:2
07-28 21:06:33.010  1827  1890 I LocSvc_SystemStatusOsObserver: sendCachedDataItems:471] DataItem: IS_WIFI_HARDWARE_ON: true >> Wiper
07-28 21:06:33.010  3440  4494 E SupplicantStaIfaceHalAidlImpl: Can't call getWpaDriverCapabilities, ISupplicantStaIface is null for iface=wlan0
07-28 21:06:33.010  1827  1908 I LocSvc_api_v02: ---> locClientSendReq line 2409 QMI_LOC_NOTIFY_WIFI_ENABLED_STATUS_REQ_V02
07-28 21:06:33.010  3440  4494 E WifiStaIfaceAidlImpl: getTwtCapabilities failed with service-specific exception: android.os.ServiceSpecificException:  (code 4)
07-28 21:06:33.011  1827  3969 I LocSvc_ApiV02: <--- globalRespCb line 282 QMI_LOC_NOTIFY_WIFI_ENABLED_STATUS_REQ_V02
07-28 21:06:33.012  3440  4494 E WifiChipAidlImpl: enableStaChannelForPeerNetwork failed with service-specific exception: android.os.ServiceSpecificException:  (code 4)
07-28 21:06:33.012  3440  4494 D WifiNative: setWifiNativeInterfaceEventCallback
