07-29 18:25:37.397  5183  5183 D MsimSubModeManager: getMsimSimServiceIn() i:1,mServiceState:1
07-29 18:25:37.397  3456  5260 W ContextImpl: Calling a method in the system process without a qualified user: android.app.ContextImpl.sendBroadcastMultiplePermissions:1344 com.android.server.TelephonyRegistry.broadcastServiceStateChanged:3745 com.android.server.TelephonyRegistry.notifyServiceStateForPhoneId:1787 com.android.internal.telephony.ITelephonyRegistry$Stub.onTransact:546 android.os.Binder.execTransactInternal:1523 
07-29 18:25:37.397  5110  5110 I QImsService: OplusPhoneStateTracker : onServiceStateChanged
07-29 18:25:37.398  3456  5260 W ContextImpl: Calling a method in the system process without a qualified user: android.app.ContextImpl.sendBroadcastMultiplePermissions:1344 com.android.server.TelephonyRegistry.broadcastServiceStateChanged:3754 com.android.server.TelephonyRegistry.notifyServiceStateForPhoneId:1787 com.android.internal.telephony.ITelephonyRegistry$Stub.onTransact:546 android.os.Binder.execTransactInternal:1523 
07-29 18:25:37.399  3456  5260 W ContextImpl: Calling a method in the system process without a qualified user: android.app.ContextImpl.sendBroadcastMultiplePermissions:1344 com.android.server.TelephonyRegistry.broadcastServiceStateChanged:3760 com.android.server.TelephonyRegistry.notifyServiceStateForPhoneId:1787 com.android.internal.telephony.ITelephonyRegistry$Stub.onTransact:546 android.os.Binder.execTransactInternal:1523 
07-29 18:25:37.399  5183  5183 D SubsysEventListenerManager-SubsysTelephonyCallback[0]: onCellLocationChanged
07-29 18:25:37.399  5183  5183 D SubsysEventListenerManager-SubsysTelephonyCallback[0]: onDisplayInfoChanged
07-29 18:25:37.399  5183  5183 D SceneService: onDisplayInfoChanged slotId:0,telephonyDisplayInfo:TelephonyDisplayInfo {network=NR, overrideNetwork=NONE, isRoaming=false}
07-29 18:25:37.399  5153  6188 D IWlanJni: getDataRegistrationState start
07-29 18:25:37.399  4941  4941 D MultiSimSettingController: notifySubscriptionInfoChanged
07-29 18:25:37.399  5016  5975 D OplusSubWaySlowRecovery: getPreferSubId return 1
07-29 18:25:37.400  5016  5975 D SaDataFailRecovery/0: current is not in service,reset alarm
07-29 18:25:37.400  5016  5975 D OplusScanQrCodeRecoveryImpl: msg.what=3
07-29 18:25:37.401  3456  5951 W BestClock: java.time.DateTimeException: Missing network time fix
07-29 18:25:37.401  3456  5951 W BestClock: java.time.DateTimeException: Missing network time fix
07-29 18:25:37.402  5813  5813 D CellBroadcastReceiver: onReceive Intent { act=android.intent.action.SERVICE_STATE flg=0x1000010 cmp=com.android.cellbroadcastreceiver.module/com.android.cellbroadcastreceiver.CellBroadcastReceiver (has extras) }
07-29 18:25:37.402  4881  5657 V OplusCustomizeCacheManager: queryCache name: sys.cache.common_customize_cache18014 param: null
07-29 18:25:37.402  4881  5657 V OplusCustomizeCacheManager: queryCache name: sys.cache.common_customize_cache18017 param: Bundle[{SETTING=BLOCK, BUSINESS=NCT-DATA}]
07-29 18:25:37.402  4881  5657 V OplusCustomizeCacheManager: queryCache name: sys.cache.common_customize_cache18013 param: null
07-29 18:25:37.402  5813  5813 D CellBroadcastReceiver: onServiceStateChanged, ss: 1
07-29 18:25:37.402  5813  5813 D CellBroadcastReceiver: networkOperator: 
07-29 18:25:37.402  4881  5323 I SystemUi--Statusbar: MobileInputLog-->onSubscriptionsChanged
07-29 18:25:37.402  4881  5323 I SystemUi--Statusbar: MobileConnectionRepositoryImpl-->subId:1 isSoftSimCard:false slotId:0
07-29 18:25:37.402  4941  4941 I Telephony: y0: onServiceStateChanged: newState=1, mServiceState=1
07-29 18:25:37.402  3456  4526 V NetworkPolicy: onSubscriptionsChanged
07-29 18:25:37.402  4941  4941 I Telephony: isRttCurrentlySupported -- regular acct, hasVoiceAvailability: false
07-29 18:25:37.402  4941  4941 I Telephony:  isRttSupported: false
07-29 18:25:37.402  4941  4941 I Telephony:  isUserRttSettingOn: false
07-29 18:25:37.402  4941  4941 I Telephony:  alwaysAllowWhileRoaming: false
07-29 18:25:37.402  4941  4941 I Telephony:  isRoaming: false
07-29 18:25:37.402  4941  4941 I Telephony:  isOnWfc: false
07-29 18:25:37.403  3456  3456 I AS.AudioService: onSubscriptionsChanged()
07-29 18:25:37.403  5153  6197 D IWlanJni: new aidl event arrived
07-29 18:25:37.403  5153  6197 D IWlanJni: handleEvent 10
07-29 18:25:37.403  5153  6197 D IWlanJni: isThreadAttached start
07-29 18:25:37.403  4881  4881 I SystemUi--Statusbar: OplusMobileIconInteractorImpl-->oplusIMSModel slot:0: CapabilityTypeModel(isVolteSwitchOn=true, isWfcEnabledByUser=true, imsRegistered=false, voiceCapable=false, videoCapable=false, registerTech=-1, isCrossSimCallingEnabledByUser=false, hasHideVolteOperator=false), SimStateModel(simInserted=[true, false], simForbidden=[false, true], simStateIMSI=[true, false], simLoaded=[true, false]),oplusNetworkTypeNr:20,isVoNrEnabled:false
07-29 18:25:37.403  5153  6197 D IWlanJni: jni detached
07-29 18:25:37.404  5153  6197 D IWlanJni: jni attached
07-29 18:25:37.404  4881  5323 I SystemUi--Statusbar: MobileConnectionRepositoryImpl-->subId:1 isSoftSimCard:false slotId:0
07-29 18:25:37.405  5153  6197 D IWlanJni: getDataRegistrationStateResponse start
07-29 18:25:37.405  5153  6197 D IWlanJni: getJavaCallbackClass start
07-29 18:25:37.405  5153  5153 D QCNEJ/DataCallAgent: onSubscriptionsChanged: new DDS 1
07-29 18:25:37.405  4941  4941 V OplusCustomizeCacheManager: queryCache name: sys.cache.common_customize_cache18016 param: null
07-29 18:25:37.405  5110  5110 E QImsService: ImsConfigImpl : onSubscriptionsChanged unable to process due to SubscriptionInfo is null
07-29 18:25:37.405  4941  4941 V OplusCustomizeCacheManager: queryCache name: sys.cache.common_customize_cache18013 param: null
07-29 18:25:37.405  4941  4941 V OplusCustomizeCacheManager: queryCache name: sys.cache.common_customize_cache18014 param: null
07-29 18:25:37.405  4881  4881 I KeyguardUpdateMonitor: action=android.intent.action.SERVICE_STATE subId=1 slotId=0
07-29 18:25:37.405  4941  4941 V OplusCustomizeCacheManager: queryCache name: sys.cache.common_customize_cache18017 param: Bundle[{SETTING=BLOCK, BUSINESS=NCT-DATA}]
07-29 18:25:37.405  5153  6197 D IWlanJni: getJavaCallbackClass End midIs[1]
07-29 18:25:37.405  5110  5110 I QImsService: OplusPhoneStateTracker : onSubscriptionsChanged Last subId: 1 Current subId 1
07-29 18:25:37.405  4881  5323 I SystemUi--Statusbar: MobileConnectionRepositoryImpl-->subId:1 isSoftSimCard:false slotId:0
07-29 18:25:37.405  5153  6197 I IWlanAidlClient: getDataRegistrationStateResponse called
07-29 18:25:37.405  4881  4881 I SystemUi--Statusbar: OplusMobileIconInteractorImpl-->oplusIMSModel slot:0: CapabilityTypeModel(isVolteSwitchOn=true, isWfcEnabledByUser=true, imsRegistered=false, voiceCapable=false, videoCapable=false, registerTech=-1, isCrossSimCallingEnabledByUser=false, hasHideVolteOperator=false), SimStateModel(simInserted=[true, false], simForbidden=[false, true], simStateIMSI=[true, false], simLoaded=[true, false]),oplusNetworkTypeNr:20,isVoNrEnabled:false
07-29 18:25:37.405  4881  5986 I SystemUi--Statusbar: OplusMobileConnectionRepository1-->stopListenImsStatusChanged
07-29 18:25:37.405  5153  9128 D QCNEJ/DataCallAgent: phoneCount: 2
07-29 18:25:37.405  5153  9128 D QCNEJ/DataCallAgent: subs for 0th slot: [1]
07-29 18:25:37.405  5153  6196 W IWlanNetworkService: 15 > Response Processed
07-29 18:25:37.406  5110  5110 I QImsService: OplusPhoneStateTracker : onSubscriptionsChanged Last subId: -1 Current subId -1
07-29 18:25:37.406  5153  9128 D QCNEJ/DataCallAgent: mSubInfoReady[0] is set to true
07-29 18:25:37.406  5153  9128 D QCNEJ/DataCallAgent: subs for 1th slot: [-1]
07-29 18:25:37.406  4941  4941 V OplusCustomizeCacheManager: queryCache name: sys.cache.common_customize_cache18016 param: null
07-29 18:25:37.406  4881  5986 I SystemUi--Statusbar: OplusMobileConnectionRepository1-->phoneId: 0, conflatedCallbackFlow init
07-29 18:25:37.406  4881  5986 I SystemUi--Statusbar: OplusMobileConnectionRepository1-->startListenImsStatusChanged
07-29 18:25:37.406  4941  4941 V OplusCustomizeCacheManager: queryCache name: sys.cache.common_customize_cache18013 param: null
07-29 18:25:37.406  4941  4941 V OplusCustomizeCacheManager: queryCache name: sys.cache.common_customize_cache18014 param: null
07-29 18:25:37.406  4941  4941 V OplusCustomizeCacheManager: queryCache name: sys.cache.common_customize_cache18017 param: Bundle[{SETTING=BLOCK, BUSINESS=NCT-DATA}]
07-29 18:25:37.406  6539  6607 I midasd  : OplusObrainService::notifyEventInt eventId:38 iParam:20
07-29 18:25:37.406  4941  4941 D MultiSimSettingController: onSubscriptionsChanged
07-29 18:25:37.406  4941  4941 D MultiSimSettingController: isReadyToReevaluate: subInfoInitialized=true, carrierConfigsLoaded=true, satelliteEnabledOrBeingEnabled=false
07-29 18:25:37.406  4941  4941 D MultiSimSettingController: updateDefaults
07-29 18:25:37.406  4941  4941 D MultiSimSettingController: isReadyToReevaluate: subInfoInitialized=true, carrierConfigsLoaded=true, satelliteEnabledOrBeingEnabled=false
07-29 18:25:37.407  4941  4941 D MultiSimSettingController: updateDefaultValues: change: 0
07-29 18:25:37.407  4941  4941 D MultiSimSettingController: disableDataForNonDefaultNonOpportunisticSubscriptions triggered, return directly
07-29 18:25:37.407  4941  4941 D ImsResolver: oldSubId: 1, newSubId: 1
07-29 18:25:37.407  4941  4941 D ImsResolver: oldSubId: -1, newSubId: -1
07-29 18:25:37.407  4941  4941 I Telephony: TelecomAccountRegistry: onSubscriptionsChanged - reregister accounts
07-29 18:25:37.407  5153  5153 D QCNEJ/WwanInfoRelay: onSubscriptionsChanged currDDSId: 1 new DDS 1
07-29 18:25:37.407  4941  4941 D PhoneUtils: PhoneAccountHandle subId=1, slotId=0
07-29 18:25:37.407  4941  4941 D Telephony: registerPstnPhoneAccount line1Number =  subNumber = 
07-29 18:25:37.407  4941  4941 D Telephony: color is transparent asign default instead -15502541
07-29 18:25:37.408  4941  4941 D Telephony: isEmergencyPreferredAccount: subId=1, activeData=1
07-29 18:25:37.408  4941  4941 D Telephony: isEmergencyPreferredAccount: Device does not require preference.
07-29 18:25:37.407  6619  9179 E Battery : ControllerCenter: onReceiver: mSubscriptionManager is null || mIsNeedRestoreMobile = false
07-29 18:25:37.408  4941  4941 I Telephony: isRttCurrentlySupported -- regular acct, hasVoiceAvailability: false
07-29 18:25:37.408  4941  4941 I Telephony:  isRttSupported: false
07-29 18:25:37.408  4941  4941 I Telephony:  isUserRttSettingOn: false
07-29 18:25:37.408  4941  4941 I Telephony:  alwaysAllowWhileRoaming: false
07-29 18:25:37.408  4941  4941 I Telephony:  isRoaming: false
07-29 18:25:37.408  4941  4941 I Telephony:  isOnWfc: false
07-29 18:25:37.408  4941  4941 D Telephony: x0: buildPstnPhoneAccount, phoneId: 0, mIsVideoCapable: false, 
07-29 18:25:37.408  8122 10623 I OplusObrain: OplusObrainClientInvoke.nativeGetTelephonyInfo
07-29 18:25:37.408  5016  5953 D CellularEvent: handleSubscriptionsChanged: slotId=0
07-29 18:25:37.408  4941  4941 D OplusSesImsManagerExt: feature:0, phoneId:0
07-29 18:25:37.408  4941  4941 D OplusSesImsManagerExt: getSubIdUsingPhoneId:1, phoneId:0
07-29 18:25:37.408  4941  4941 D OplusSesImsManagerExt: isEntitlementEnabled:false
07-29 18:25:37.408  5016  5953 D CellularEvent: onImsRegistrationStateChanged, slotId=0state:false
07-29 18:25:37.408  4941  4941 D OplusSesImsManagerExt: isFeatureProvisionedOnDevice not enabled
07-29 18:25:37.408  8122 10623 I OplusObrain: OplusObrainClientInvoke.nativeGetTrafficTypeInfoForNetworkType networkType 0
07-29 18:25:37.408  4941  4941 D Telephony: registerPstnPhoneAccount mIsVideoCapable = false
07-29 18:25:37.408  3456  5260 D KernelStatsHelper: getKernelStats start!
07-29 18:25:37.409  4941  4941 W libc    : Access denied finding property "persist.vendor.mtk_uce_support"
07-29 18:25:37.409  4941  4941 I Telephony: isCarrierVideoPresenceSupported, false, false, false, false
07-29 18:25:37.409  4941  6180 E PhoneInterfaceManager: getServiceStateForSlot retuning null for invalid slotIndex=-1
07-29 18:25:37.409  4941  4941 I Telephony: reRegisterPstnPhoneAccount: subId: 1 - no change
07-29 18:25:37.409  4881  5986 I SystemUi--Statusbar: OplusMobileConnectionRepository1-->onImsStatusChanged model: CapabilityTypeModel(isVolteSwitchOn=true, isWfcEnabledByUser=true, imsRegistered=false, voiceCapable=false, videoCapable=false, registerTech=-1, isCrossSimCallingEnabledByUser=false, hasHideVolteOperator=false)
07-29 18:25:37.410  3456  4623 D OplusNetlinkSocket: handleNetlinkRecvKernelMessage:nlmsghdr:StructNlMsgHdr{ nlmsg_len{40}, nlmsg_type{46()}, nlmsg_flags{0()}, nlmsg_seq{0}, nlmsg_pid{226497039} }
07-29 18:25:37.410  3456  4623 D KernelStatsHelper: get magic :[-1, -1, -1, 77, 65, 71, 73, 67]
07-29 18:25:37.410  3456  4623 D KernelStatsHelper: magic matched count:0 data_len:0
07-29 18:25:37.410  3456  4623 D KernelStatsHelper: data over! check: true
07-29 18:25:37.410  3456  4526 D NetworkPolicy: Normalization put networkpolicyNetworkTemplate: matchRule=CARRIER, matchSubscriberIds=[001011...], matchWifiNetworkKeys=[], metered=YES
07-29 18:25:37.410  6469  8001 D OplusAtlasAudioDetectionManager: MSG_CALL_STATE_CHANGED
07-29 18:25:37.410  6469  8001 D OplusAtlasAudioDetectionManager: callStateChanged state: 0, len: 0
07-29 18:25:37.410  4941  4941 D CallNotifier: updatePhoneStateListeners: update CF notifications.
07-29 18:25:37.410  4941  4941 V OplusCustomizeCacheManager: queryCache name: sys.cache.common_customize_cache18016 param: null
07-29 18:25:37.410  4941  4941 V OplusCustomizeCacheManager: queryCache name: sys.cache.common_customize_cache18013 param: null
07-29 18:25:37.410  4941  4941 V OplusCustomizeCacheManager: queryCache name: sys.cache.common_customize_cache18014 param: null
07-29 18:25:37.410  4941  4941 V OplusCustomizeCacheManager: queryCache name: sys.cache.common_customize_cache18017 param: Bundle[{SETTING=BLOCK, BUSINESS=NCT-DATA}]
07-29 18:25:37.411  4941  4941 D InternationalRoamingNotification: init
07-29 18:25:37.411  5183  6286 D VirtualCommService2: isSupport. true, true
07-29 18:25:37.411  4941  4941 D OplusVirtualCommUtils: isVirtualCommSupport, vRet: true
07-29 18:25:37.411  4941  4941 I OplusVirtualCommUtils: getVirtualCommDeviceType, vRet: 1
07-29 18:25:37.411  4941  4941 I OplusVirtualCommUtils: isConsumerDeviceType, deviceType: 1
07-29 18:25:37.408  6859  8063 D OsAgentAidlClient: [string_dataitem_update][1584] [HC] =>> [HS]
07-29 18:25:37.410  3456  4526 D NetworkPolicy: Normalization put networkpolicyNetworkTemplate: matchRule=CARRIER, matchSubscriberIds=[310260...], matchWifiNetworkKeys=[], metered=YES
07-29 18:25:37.411  3456  4526 D NetworkPolicy: Normalization put networkpolicyNetworkTemplate: matchRule=CARRIER, matchSubscriberIds=[001010...], matchWifiNetworkKeys=[], metered=YES
07-29 18:25:37.411  5016  5579 D NAS-CellularEvent: handleSubscriptionsChanged: slotId=0
07-29 18:25:37.411  3456  4526 D NetworkPolicy: Normalization put networkpolicyNetworkTemplate: matchRule=CARRIER, matchSubscriberIds=[001010...], matchWifiNetworkKeys=[], metered=YES
07-29 18:25:37.411  5016  5579 D NAS-CellularEvent: onImsRegistrationStateChanged, slotId=0state:false
07-29 18:25:37.411  3456  4526 D NetworkPolicy: Normalization put networkpolicyNetworkTemplate: matchRule=CARRIER, matchSubscriberIds=[001012...], matchWifiNetworkKeys=[], metered=YES
07-29 18:25:37.411  3456  4526 V NetworkPolicy: updateNetworkEnabledNL() return
07-29 18:25:37.411  4941  4941 D InternationalRoamingNotification: do not createRoamingNotification for invalid Network
07-29 18:25:37.411  4941  4941 V SimultaneousCallingTracker: Received EVENT 101
07-29 18:25:37.411  4941  4941 V SimultaneousCallingTracker: generateVoiceCapablePhoneMapBasedOnUserAssociation: adding phoneId = 0
07-29 18:25:37.411  4941  4941 I SimultaneousCallingTracker: updatePhoneMapAndSimultaneousCallSupportMap: mVoiceCapablePhoneMap.size = 1
07-29 18:25:37.411  4941  4941 V SimultaneousCallingTracker: registerForImsRegistrationChanges: registering phoneId = 0
07-29 18:25:37.411  4941  4941 V SimultaneousCallingTracker: generateSimultaneousCallSupportMap: returning simultaneousCallSubSupportMap = Phone ID=0 - Simultaneous calling compatible phone IDs=[]; 
07-29 18:25:37.411  4941  4941 V SimultaneousCallingTracker: handleSimultaneousCallingSupportChanged
07-29 18:25:37.412  3456  4526 V NetworkPolicy: updateNotificationsNL not process
07-29 18:25:37.412  3456  4526 W BestClock: java.time.DateTimeException: Missing network time fix
07-29 18:25:37.412  3456  5260 W ContentService: Observer is already registered. Pid is 4941
07-29 18:25:37.412 13185 13185 I ttings:tzupdate: isSwordfishLaunchAppEnabled_ 1 isSwordfishInstallAppEnabled_ 1
07-29 18:25:37.412 13185 13185 E ttings:tzupdate: Unknown bits set in runtime_flags: 0x40000000
07-29 18:25:37.412 13185 13185 I ttings:tzupdate: Using CollectorTypeCMC GC.
07-29 18:25:37.413  4881  4881 I KeyguardUpdateMonitor: refreshSimState, changed:false,subId:1,slotId:0,state:5
07-29 18:25:37.413  4881  5239 I SystemUi--QuickSettings: Tile.OplusCellularTile-->updateCarrierText: dialog not showing, ignore
07-29 18:25:37.413  4881  5239 D SimStateHelper: slot:0, lock state:Bundle[mParcelledData.dataSize=56]
07-29 18:25:37.413  4881  5239 D SimStateHelper: slot:1, lock state:Bundle[mParcelledData.dataSize=56]
07-29 18:25:37.413  4881  5239 D SimStateHelper: needDisableMenu: slot1State=-1; slot2State=-1
07-29 18:25:37.413  4881  5239 D SimStateHelper: needDisableMenu:false
07-29 18:25:37.413  4881  5239 I SystemUi--QuickSettings: Tile.OplusCellularTile-->updateCarrierText: dialog not showing, ignore
07-29 18:25:37.413  4881  5239 D SimStateHelper: slot:0, lock state:Bundle[mParcelledData.dataSize=56]
07-29 18:25:37.413  4881  5239 D SimStateHelper: slot:1, lock state:Bundle[mParcelledData.dataSize=56]
07-29 18:25:37.413  4881  5239 D SimStateHelper: needDisableMenu: slot1State=-1; slot2State=-1
07-29 18:25:37.413  4881  5239 D SimStateHelper: needDisableMenu:false
07-29 18:25:37.413  3456  5260 W BestClock: java.time.DateTimeException: Missing network time fix
07-29 18:25:37.413  5016  5957 W BestClock: java.time.DateTimeException: Missing network time fix
07-29 18:25:37.414  5016  5957 V MonthTrafficAlert: getWarningNotification subId:1 numWarningNotificaion:0
07-29 18:25:37.414  3456  5260 W BestClock: java.time.DateTimeException: Missing network time fix
07-29 18:25:37.414  4881  5657 V OplusCustomizeCacheManager: queryCache name: sys.cache.common_customize_cache18014 param: null
07-29 18:25:37.414  4881  5657 V OplusCustomizeCacheManager: queryCache name: sys.cache.common_customize_cache18017 param: Bundle[{SETTING=BLOCK, BUSINESS=NCT-DATA}]
07-29 18:25:37.414  4881  5657 V OplusCustomizeCacheManager: queryCache name: sys.cache.common_customize_cache18013 param: null
07-29 18:25:37.414 13185 13185 E ttings:tzupdate: Not starting debugger since process cannot load the jdwp agent.
07-29 18:25:37.416 13185 13185 D nativeloader: Load libframework-connectivity-tiramisu-jni.so using APEX ns com_android_tethering for caller /apex/com.android.tethering/javalib/framework-connectivity-t.jar: ok
07-29 18:25:37.416  3456  3492 I system_server: Background concurrent mark compact GC freed 98MB AllocSpace bytes, 53(1940KB) LOS objects, 59% free,66MB(M:63MB,L:2968KB)/162MB, paused 989us,1.408ms total 208.832ms
07-29 18:25:37.417 13185 13185 W libc    : Access denied finding property "persist.vendor.sys.activitylog"
07-29 18:25:37.417 13185 13185 I OneTrace: Mark active for pid=13185? true
07-29 18:25:37.417 13185 13185 D cutils-dev: otrace_set_tracing_enabled? true tag:0
07-29 18:25:37.417 13185 13185 D cutils-dev: properties changed in otrace_seq_number_changed!
07-29 18:25:37.418  3456  5258 D ActivityTaskManagerServiceExtImpl: preBindApplication record is null
07-29 18:25:37.418  3456  5258 D RGBNormalizeServer: OplusRGBNormalize feature enabled ? true
07-29 18:25:37.418  3456  5258 D ResourcesManagerCache: For package com.oplus.wirelesssettings we got cacheList [null] appInfoExt is null ? false hasFeature ? false
07-29 18:25:37.418  3456  5258 D VRR [OPlusExternalRefreshRateManager]: isPkgTfcEnable: pkgName = com.oplus.wirelesssettings, enable = false
07-29 18:25:37.418  3456  5258 D VRR [OPlusExternalRefreshRateManager]: getTfcMinFramerate: pkgName = com.oplus.wirelesssettings, min framerate = 0
07-29 18:25:37.420 13185 13185 D OplusActivityManager: get AMS extension: android.os.BinderProxy@6393633
07-29 18:25:37.420  3456  3493 I BpBinder: onLastStrongRef automatically unlinking death recipients: 
07-29 18:25:37.421 13185 13185 D CompactWindowAppManager: initCompactApplicationInfo CompactMode: , NormalMode: 
07-29 18:25:37.422 13185 13185 D OplusScrollToTopManager: setIsInWhiteList false
07-29 18:25:37.422 13185 13185 D OplusViewDebugManager: OplusViewDebugManager Constructor android.view.debug.OplusViewDebugManager@e33ff69 [mHasViewDebugProperty true] [mHasMsgDebugProperty false] [DEBUG false] [EXTRAINFOENABLE false] [LIGHT_OS false]
07-29 18:25:37.422  3456  3494 W system_server: ApkAssets: Deleting an ApkAssets object '<empty> and /data/app/~~jrvmeyZZut_831tPgeTpkg==/com.nearme.instant.platform-vrXpI4C--KtU2f0mBSU4dg==/base.apk' with 1 weak references
07-29 18:25:37.423  3456  3494 W system_server: ApkAssets: Deleting an ApkAssets object '<empty> and /system_ext/priv-app/SystemUI/SystemUI.apk' with 1 weak references
07-29 18:25:37.423 13185 13185 D CompatChangeReporter: Compat change id reported: 242716250; UID 1000; state: ENABLED
07-29 18:25:37.423  3456  3494 W system_server: ApkAssets: Deleting an ApkAssets object '/product/overlay/SystemUIResCommon_Sys.apk' with 1 weak references
07-29 18:25:37.423  3456  3494 W system_server: ApkAssets: Deleting an ApkAssets object '/product/overlay/OplusSystemuiResOverlay/OplusSystemuiResOverlay.apk' with 1 weak references
07-29 18:25:37.423  3456  3494 W system_server: ApkAssets: Deleting an ApkAssets object '/product/overlay/com.android.SystemUIResOverlay.23821.apk' with 1 weak references
07-29 18:25:37.423  3456  3494 W system_server: ApkAssets: Deleting an ApkAssets object '/product/overlay/SystemUIFingerprintRes_MelodicStream.apk' with 1 weak references
07-29 18:25:37.423  3456  3494 W system_server: ApkAssets: Deleting an ApkAssets object '<empty> and /data/app/~~ANFPCfeVv_XOOC5BLujcwg==/com.baidu.input_oppo-nMkpGPpMNdipOlWVDo3Zsg==/base.apk' with 1 weak references
07-29 18:25:37.423  3456  3494 W system_server: ApkAssets: Deleting an ApkAssets object '<empty> and /data/app/~~mvoUGsKgPWPDCkiWlITrFg==/com.google.android.gms-PokRCgJyKbyqqq46gl7pZQ==/base.apk' with 1 weak references
07-29 18:25:37.424  3456  3494 W system_server: ApkAssets: Deleting an ApkAssets object '<empty> and /system/priv-app/InputDevices/InputDevices.apk' with 1 weak references
07-29 18:25:37.424  3456  3494 W system_server: ApkAssets: Deleting an ApkAssets object '<empty> and /data/app/~~mvoUGsKgPWPDCkiWlITrFg==/com.google.android.gms-PokRCgJyKbyqqq46gl7pZQ==/base.apk' with 1 weak references
07-29 18:25:37.424  4941  5874 D CellBroadcastConfigTracker-0: Failed to set cdma config
07-29 18:25:37.424  3456  3494 W system_server: ApkAssets: Deleting an ApkAssets object '<empty> and /system_ext/app/AccessibilityMenu/AccessibilityMenu.apk' with 1 weak references
07-29 18:25:37.424  3456  3494 W system_server: ApkAssets: Deleting an ApkAssets object '<empty> and /data/app/~~mvoUGsKgPWPDCkiWlITrFg==/com.google.android.gms-PokRCgJyKbyqqq46gl7pZQ==/split_AdsDynamite_installtime.apk' with 1 weak references
07-29 18:25:37.424  3456  3494 W system_server: ApkAssets: Deleting an ApkAssets object '<empty> and /data/app/~~mvoUGsKgPWPDCkiWlITrFg==/com.google.android.gms-PokRCgJyKbyqqq46gl7pZQ==/split_CronetDynamite_installtime.apk' with 1 weak references
07-29 18:25:37.424  3456  3494 W system_server: ApkAssets: Deleting an ApkAssets object '<empty> and /data/app/~~mvoUGsKgPWPDCkiWlITrFg==/com.google.android.gms-PokRCgJyKbyqqq46gl7pZQ==/split_DynamiteLoader_installtime.apk' with 1 weak references
07-29 18:25:37.424  3456  3494 W system_server: ApkAssets: Deleting an ApkAssets object '<empty> and /data/app/~~mvoUGsKgPWPDCkiWlITrFg==/com.google.android.gms-PokRCgJyKbyqqq46gl7pZQ==/split_DynamiteModulesA_installtime.apk' with 1 weak references
07-29 18:25:37.424  3456  3494 W system_server: ApkAssets: Deleting an ApkAssets object '<empty> and /data/app/~~mvoUGsKgPWPDCkiWlITrFg==/com.google.android.gms-PokRCgJyKbyqqq46gl7pZQ==/split_DynamiteModulesC_installtime.apk' with 1 weak references
07-29 18:25:37.424  3456  3494 W system_server: ApkAssets: Deleting an ApkAssets object '<empty> and /data/app/~~mvoUGsKgPWPDCkiWlITrFg==/com.google.android.gms-PokRCgJyKbyqqq46gl7pZQ==/split_GoogleCertificates_installtime.apk' with 1 weak references
07-29 18:25:37.424  3456  3494 W system_server: ApkAssets: Deleting an ApkAssets object '<empty> and /data/app/~~mvoUGsKgPWPDCkiWlITrFg==/com.google.android.gms-PokRCgJyKbyqqq46gl7pZQ==/split_MapsDynamite_installtime.apk' with 1 weak references
07-29 18:25:37.424  3456  3494 W system_server: ApkAssets: Deleting an ApkAssets object '<empty> and /data/app/~~mvoUGsKgPWPDCkiWlITrFg==/com.google.android.gms-PokRCgJyKbyqqq46gl7pZQ==/split_MeasurementDynamite_installtime.apk' with 1 weak references
07-29 18:25:37.424  3456  3494 W system_server: ApkAssets: Deleting an ApkAssets object '<empty> and /data/app/~~mvoUGsKgPWPDCkiWlITrFg==/com.google.android.gms-PokRCgJyKbyqqq46gl7pZQ==/split_config.en.apk' with 2 weak references
07-29 18:25:37.424  3456  3494 W system_server: ApkAssets: Deleting an ApkAssets object '<empty> and /data/app/~~mvoUGsKgPWPDCkiWlITrFg==/com.google.android.gms-PokRCgJyKbyqqq46gl7pZQ==/split_config.xxxhdpi.apk' with 2 weak references
07-29 18:25:37.424  5813  5827 E CellBroadcastConfigService: fails to setCellBroadcastRanges, result = 2
07-29 18:25:37.424  3456  3494 W system_server: ApkAssets: Deleting an ApkAssets object '<empty> and /data/app/~~mvoUGsKgPWPDCkiWlITrFg==/com.google.android.gms-PokRCgJyKbyqqq46gl7pZQ==/split_config.zh.apk' with 2 weak references
07-29 18:25:37.424  3456  3494 W system_server: ApkAssets: Deleting an ApkAssets object '<empty> and /data/app/~~z8IXgKFgR2Egfi4Ion_Cpg==/com.sohu.inputmethod.sogouoem-J4-VyM8lAtq8cZgB0yFp2Q==/base.apk' with 1 weak references
07-29 18:25:37.424  3456  3494 W system_server: ApkAssets: Deleting an ApkAssets object '<empty> and /product/app/ColorAccessibilityAssistant/ColorAccessibilityAssistant.apk' with 1 weak references
07-29 18:25:37.424 13185 13185 W libc    : Access denied finding property "ro.odm.prev.product.name"
07-29 18:25:37.424  3456  3494 W system_server: ApkAssets: Deleting an ApkAssets object '<empty> and /product/app/OplusSecurityKeyboard/OplusSecurityKeyboard.apk' with 1 weak references
07-29 18:25:37.425  3456  3494 W system_server: ApkAssets: Deleting an ApkAssets object '<empty> and /product/priv-app/CodeBook/CodeBook.apk' with 1 weak references
07-29 18:25:37.425  3456  3494 W system_server: ApkAssets: Deleting an ApkAssets object '<empty> and /data/app/~~4dfziPsVMnDId4h17tCvnA==/com.coloros.colordirectservice-7uWd3SrnPYa-ldcxLbXSfg==/base.apk' with 1 weak references
07-29 18:25:37.425  3456  3494 W system_server: ApkAssets: Deleting an ApkAssets object '<empty> and /data/app/~~1NOy7KAg8_2x-4EBN2Rghg==/com.google.android.accessibility.switchaccess-iQQ0iUweL08E6QKGF0Tp1A==/base.apk' with 1 weak references
07-29 18:25:37.425  3456  3494 W system_server: ApkAssets: Deleting an ApkAssets object '<empty> and /data/app/~~1NOy7KAg8_2x-4EBN2Rghg==/com.google.android.accessibility.switchaccess-iQQ0iUweL08E6QKGF0Tp1A==/split_config.arm64_v8a.apk' with 1 weak references
07-29 18:25:37.425 13185 13185 W ziparchive: Unable to open '/system_ext/framework/nfcvendorlib.dm': No such file or directory
07-29 18:25:37.425 13185 13185 W ziparchive: Unable to open '/system_ext/framework/nfcvendorlib.dm': No such file or directory
07-29 18:25:37.425  3456  3494 W system_server: ApkAssets: Deleting an ApkAssets object '<empty> and /data/app/~~rD8jGpInoioBplLDwcemLA==/com.google.android.marvin.talkback-yZBnHCidkoalevwlV5US9w==/base.apk' with 1 weak references
07-29 18:25:37.426  3456  3494 W system_server: ApkAssets: Deleting an ApkAssets object '<empty> and /data/app/~~rD8jGpInoioBplLDwcemLA==/com.google.android.marvin.talkback-yZBnHCidkoalevwlV5US9w==/split_config.arm64_v8a.apk' with 1 weak references
07-29 18:25:37.426  3456  3494 W system_server: ApkAssets: Deleting an ApkAssets object '<empty> and /data/app/~~qTIPuIPNamqoDZ9Ii2UQNg==/com.heytap.quicksearchbox-2bUgmX_sTl5WoFFkmYwokw==/base.apk' with 1 weak references
07-29 18:25:37.426  3456  3494 W system_server: ApkAssets: Deleting an ApkAssets object '<empty> and /data/app/~~EBOHFTIPe2vSWnRBkJKUSw==/com.heytap.speechassist-oBSPOawi1kxEEMP-9JdSIw==/base.apk' with 1 weak references
07-29 18:25:37.426  3456  3494 W system_server: ApkAssets: Deleting an ApkAssets object '<empty> and /data/app/~~hLKDfmyMauLDXVgfoDkknQ==/com.microsoft.appmanager-MwsC15F9rI32ntRNqSHU7w==/base.apk' with 1 weak references
07-29 18:25:37.426  3456  3494 W system_server: ApkAssets: Deleting an ApkAssets object '<empty> and /data/app/~~_EhnTkzR24CBVXhuMA8W4g==/com.oplus.dmp-_IF6KE14rchHrB0Ryj5dGQ==/base.apk' with 1 weak references
07-29 18:25:37.426  3456  3494 W system_server: ApkAssets: Deleting an ApkAssets object '<empty> and /data/app/~~HEFSXXr3GKiIOCzwDS8wRw==/com.oplus.ocar-lSI__bN8U8PIWVi9GNDsfA==/base.apk' with 1 weak references
07-29 18:25:37.426  3456  3494 W system_server: ApkAssets: Deleting an ApkAssets object '<empty> and /product/priv-app/TravelEngine/TravelEngine.apk' with 1 weak references
07-29 18:25:37.427  3456  3494 W system_server: ApkAssets: Deleting an ApkAssets object '<empty> and /product/app/ViewTalk/ViewTalk.apk' with 1 weak references
07-29 18:25:37.427 13185 13185 D nativeloader: Configuring clns-shared-7 for other apk /system_ext/framework/nfcvendorlib.jar. target_sdk_version=34, uses_libraries=ALL, library_path=/system_ext/priv-app/WirelessSettings/lib/arm64:/system_ext/priv-app/WirelessSettings/WirelessSettings.apk!/lib/arm64-v8a:/system/lib64:/system_ext/lib64, permitted_path=/data:/mnt/expand:/data/user_de/0/com.oplus.wirelesssettings:/system_ext/priv-app/WirelessSettings:/system/lib64:/system_ext/lib64
07-29 18:25:37.427 13185 13185 D nativeloader: Extending system_exposed_libraries: libbinauralrenderer_wrapper.qti.so:libhoaeffects.qti.so:libSloganJni.oplus.so:libsuperNight.oplus.so:libAPSClient-cmd-jni-extension.oplus.so:libsatellite_audio_jni.oplus.so:libortc_so.oplus.so:libsoundtouch.oplus.so:libsoundtouch_jni.oplus.so:libOplusStringJNI-extension.oplus.so:libsatellite_ostx_jni.oplus.so:libapssuspend-jni.oplus.so:libupdateprof.qti.so:libthermalclient.qti.so:libqape.qti.so:libqesdk_ndk_platform.qti.so:liblistenjni.qti.so
07-29 18:25:37.427  3456  3494 W system_server: ApkAssets: Deleting an ApkAssets object '<empty> and /data/app/~~9dAjuKTYiuaXav3_QOYrJw==/andes.oplus.documentsreader-EaL1VaggE_f3AlYtiG-pZw==/base.apk' with 1 weak references
07-29 18:25:37.427  3456  3494 W system_server: ApkAssets: Deleting an ApkAssets object '<empty> and /data/app/~~rwNIv5e9jIq246if5kcA8w==/com.coloros.filemanager-zibGjiSF0InBrtxVQV1_vw==/FileManager.apk' with 1 weak references
07-29 18:25:37.427 13185 13185 D ApplicationLoaders: Returning zygote-cached class loader: /system_ext/framework/androidx.window.extensions.jar
07-29 18:25:37.427 13185 13185 D ApplicationLoaders: Returning zygote-cached class loader: /system_ext/framework/androidx.window.sidecar.jar
07-29 18:25:37.429 13185 13185 D nativeloader: Configuring clns-shared-8 for other apk /system_ext/priv-app/WirelessSettings/WirelessSettings.apk. target_sdk_version=34, uses_libraries=, library_path=/system_ext/priv-app/WirelessSettings/lib/arm64:/system_ext/priv-app/WirelessSettings/WirelessSettings.apk!/lib/arm64-v8a:/system/lib64:/system_ext/lib64, permitted_path=/data:/mnt/expand:/data/user_de/0/com.oplus.wirelesssettings:/system_ext/priv-app/WirelessSettings:/system/lib64:/system_ext/lib64
07-29 18:25:37.432 13185 13185 V GraphicsEnvironment: Currently set values for:
07-29 18:25:37.432 13185 13185 V GraphicsEnvironment:   angle_gl_driver_selection_pkgs=[]
07-29 18:25:37.432 13185 13185 V GraphicsEnvironment:   angle_gl_driver_selection_values=[]
07-29 18:25:37.433 13185 13185 V GraphicsEnvironment: Global.Settings values are invalid: number of packages: 0, number of values: 0
07-29 18:25:37.434 13185 13185 D WS_OplusWirelessSettingsApp: onCreate, OplusWirelessSettingsApp
07-29 18:25:37.435 13185 13185 D LogUtils: initWirelessLog sIsQeAssert=false,sIsWifiOrBtLog=false
07-29 18:25:37.436  3456  7047 I ActivityManager: Flag disabled. Ignoring finishAttachApplication from uid: 1000. pid: 13185
07-29 18:25:37.437 13185 13185 E ANDR-PERF-CLIENT-SYS: death recipent object is fine
07-29 18:25:37.437 13185 13185 W ttings:tzupdate: AIBinder_linkToDeath is being called with a non-null cookie and no onUnlink callback set. This might not be intended. AIBinder_DeathRecipient_setOnUnlinked should be called first.
07-29 18:25:37.437  3456  7047 W OplusSelfProtectManager: pkg[com.oplus.wirelesssettings] not in policy list
07-29 18:25:37.440  3456  7047 D ActivityManager: Async freezing 13185 com.oplus.wirelesssettings:tzupdate
07-29 18:25:37.442  4742  4756 W SQLiteLog: (28) double-quoted string literal: "timezone_tzdata_v2_files"
07-29 18:25:37.443  2015  2015 D SensorFeature: name=ssc_screenshot_info ,index = 22
07-29 18:25:37.443  2015  2015 D SensorFeature: write 29 bytes:59404048413,59412381746,161,0
07-29 18:25:37.460  7303 12512 I DpmTcmClient: RegisterTcmMonitor from: $Proxy3
07-29 18:25:37.462  2647  2647 D tcmd    : DpmCom :there are 1 file descriptor(s) with events pending
07-29 18:25:37.462  2647  2647 D tcmd    : DpmCom : 1 events pending, handling 1 for 21
07-29 18:25:37.462  2647  2647 D tcmd    : DpmCom :fd '21' is processing events [callback:0x5838c0da98, data:0xb400007979e65280]
07-29 18:25:37.462  2647  2647 D tcmd    : LipcTcmServerPollEventHandler fd 21 -> nfd 23
07-29 18:25:37.462  2647  2647 D tcmd    : DpmCom::addComEventHandler fd 23, ComEventCallback 0x0, void* 0xb400007979e65280, ComCloseCallback 0x5838c0daa0, events 1
07-29 18:25:37.462  2647  2647 D tcmd    : waiting on events (-1ms)
07-29 18:25:37.463  7303 12512 E NearX.CloudConfig(mdp_1682).Request: url: https://mdp-appconf-cn.heytapdownload.com/v2/checkUpdate?body=H4sIAAAAAAAAAOOS5BLNz8wrSc0riU_JLE5MyklNic_JLC4RYBDiyE0piDc0szCSiuSSSM7P1UvOz8kvyi_WK05OzUstTi0qy0xOFThxfDK7FKOBEqOBFrt_XmpATmmxkXiAV5ShoUG8oameARBaGBtqOPsZGGpaKDuxQaS8mJz9AhgiGAA3unu0gAAAAA==&cloudConfigVersion=2.4.2.4 , request: CheckUpdateConfigRequest{item_list=[CheckUpdateConfigItem{config_code=ointent_disabled_list, version=0}], product_id=mdp_1682, system_condition=SystemCondition{package_name=com.coloros.sceneservice, version_code=15000520, build_number=0, channel_id=0, platform_brand=OnePlus, platform_os_version=PJZ110_15.0.0.831(CN01), platform_android_version=35, model=PJZ110, region_code=CN, adg_model=0, preview=0}} 
07-29 18:25:37.463  7303 12512 E NearX.CloudConfig(mdp_1682).Request:  error response: code[400], reason: java.net.UnknownHostException: Unable to resolve host "mdp-appconf-cn.heytapdownload.com": No address associated with hostname, 
07-29 18:25:37.463  7303 12512 E NearX.CloudConfig(mdp_1682).Request:  header[{}],
07-29 18:25:37.463  7303 12512 E NearX.CloudConfig(mdp_1682).Request:  body:[] 
07-29 18:25:37.464  7303 12512 E OIntent(sceneservice)-OnlineClient: updateDisabled failed in. æœªåŒ¹é…åˆ°ç¬¦åˆæ¡ä»¶çš„æ•°æ®
07-29 18:25:37.510  4941  4941 V OplusCustomizeCacheManager: queryCache name: sys.cache.common_customize_cache18016 param: null
07-29 18:25:37.510  4941  4941 V OplusCustomizeCacheManager: queryCache name: sys.cache.common_customize_cache18013 param: null
07-29 18:25:37.510  4941  4941 V OplusCustomizeCacheManager: queryCache name: sys.cache.common_customize_cache18014 param: null
07-29 18:25:37.510  4941  4941 V OplusCustomizeCacheManager: queryCache name: sys.cache.common_customize_cache18017 param: Bundle[{SETTING=BLOCK, BUSINESS=NCT-DATA}]
07-29 18:25:37.511  4941  4941 V OplusCustomizeCacheManager: queryCache name: sys.cache.common_customize_cache18016 param: null
07-29 18:25:37.511  4941  4941 V OplusCustomizeCacheManager: queryCache name: sys.cache.common_customize_cache18013 param: null
07-29 18:25:37.511  4941  4941 V OplusCustomizeCacheManager: queryCache name: sys.cache.common_customize_cache18014 param: null
07-29 18:25:37.512  4941  4941 V OplusCustomizeCacheManager: queryCache name: sys.cache.common_customize_cache18017 param: Bundle[{SETTING=BLOCK, BUSINESS=NCT-DATA}]
07-29 18:25:37.532  1857  4480 I sensors-hal: handle_oplus_wise_rgb_event:189, high_pwm_light:lux 180.3,cct 3556.0,brl/algo/ir 1338.0/2.0/22.8,pwm/dc 0.0/0.0,rgbc 14080.253906/9477.804688/4035.911865/26365.847656,ts 59412496921,cnt 840,flag 65697
07-29 18:25:37.533  1941  4476 I Dpps    : LtmSwState::SetParameter():144 ignore cmd 7 in state LtmOffState
07-29 18:25:37.544  4881  4881 D RowAnimatorExtImpl: end:view:StatusBarIconView(slot='volume' alpha=1.0 icon=StatusBarIcon(icon=Icon(typ=RESOURCE pkg=com.android.systemui id=0x7f0818f0) visible user=0 ) visibleState=ICON iconColor=#ccffffff staticDrawableColor=#ccffffff decorColor=#ffffffff animationStartColor=#0 currentSetColor=#ccffffff notification=null),tx
07-29 18:25:37.545  4881  4881 D RowAnimatorExtImpl: end:view:StatusBarIconView(slot='zen' alpha=1.0 icon=StatusBarIcon(icon=Icon(typ=RESOURCE pkg=com.android.systemui id=0x7f0818e1) visible user=0 ) visibleState=ICON iconColor=#ccffffff staticDrawableColor=#ccffffff decorColor=#ffffffff animationStartColor=#0 currentSetColor=#ccffffff notification=null),tx
07-29 18:25:37.545  4881  4881 D RowAnimatorExtImpl: end:view:StatusBarIconView(slot='volume' alpha=1.0 icon=StatusBarIcon(icon=Icon(typ=RESOURCE pkg=com.android.systemui id=0x7f0818f0) visible user=0 ) visibleState=ICON iconColor=#ccffffff staticDrawableColor=#ccffffff decorColor=#ffffffff animationStartColor=#0 currentSetColor=#ccffffff notification=null),tx
07-29 18:25:37.545  4881  4881 D RowAnimatorExtImpl: end:view:StatusBarIconView(slot='zen' alpha=1.0 icon=StatusBarIcon(icon=Icon(typ=RESOURCE pkg=com.android.systemui id=0x7f0818e1) visible user=0 ) visibleState=ICON iconColor=#ccffffff staticDrawableColor=#ccffffff decorColor=#ffffffff animationStartColor=#0 currentSetColor=#ccffffff notification=null),tx
07-29 18:25:37.545  4881  4881 D RowAnimatorExtImpl: end:view:StatusBarIconView(slot='volume' alpha=1.0 icon=StatusBarIcon(icon=Icon(typ=RESOURCE pkg=com.android.systemui id=0x7f0818f0) visible user=0 ) visibleState=ICON iconColor=#ccffffff staticDrawableColor=#ccffffff decorColor=#ffffffff animationStartColor=#0 currentSetColor=#ccffffff notification=null),tx
07-29 18:25:37.545  4881  4881 D RowAnimatorExtImpl: end:view:StatusBarIconView(slot='zen' alpha=1.0 icon=StatusBarIcon(icon=Icon(typ=RESOURCE pkg=com.android.systemui id=0x7f0818e1) visible user=0 ) visibleState=ICON iconColor=#ccffffff staticDrawableColor=#ccffffff decorColor=#ffffffff animationStartColor=#0 currentSetColor=#ccffffff notification=null),tx
07-29 18:25:37.586  2041  2068 D BatteryChargeControl: bcc get no support from charging protocol
07-29 18:25:37.716  2015  2015 D SensorFeature: name=ssc_screenshot_info ,index = 22
07-29 18:25:37.716  2015  2015 D SensorFeature: write 29 bytes:59677851955,59686185288,162,0
07-29 18:25:37.735  4881  4881 I SystemUi--QuickSettings: TemporarilyInfoManager-->[animateShow] com.oplus.systemui.qs.base.temporarilyinfo.TemporarilyInfoManager$createViewToParent$1{25c1914 VFED..C.. ........ 0,0-1080,228 #7f0a0cb6 app:id/temporarily_info_view alpha=1.0 viewInfo = } end
07-29 18:25:37.735  4881  4881 I SystemUi--QuickSettings: TemporarilyInfoManager-->[trigger] start from showElementAfterShowFully
07-29 18:25:37.799  1941  4476 I Dpps    : LtmSwState::SetParameter():144 ignore cmd 7 in state LtmOffState
07-29 18:25:37.851  4881  4881 D JankUtils: gfxSceneEnd; scene: 7
07-29 18:25:37.852  4881  4881 I SystemUi--Common: NotificationShadeDepthC-->sceneFlag: 0x001, isStart = false, Current sceneFlags: 0x000
07-29 18:25:37.852  4881  4881 D NavigationBar: restrainNavigationBarInvertColor: false
07-29 18:25:37.852  4881  5175 D RegionSamplingHelper =:    mCompositionSamplingListener.register
07-29 18:25:37.852  2184  2537 D SurfaceFlinger: addRegionSamplingListener pid: 4881, Area: [0, 2328, 1080, 2376]
07-29 18:25:37.991  2015  2015 D SensorFeature: name=ssc_screenshot_info ,index = 22
07-29 18:25:37.991  2015  2015 D SensorFeature: write 29 bytes:59952202319,59960535652,163,0
07-29 18:25:38.033  3456  3456 D OplusWifiBroadCastDispatcher: mBroadcastReceiver: onReceiver  action=android.intent.action.BATTERY_LEVEL_CHANGED
07-29 18:25:38.033  3456  4647 D OplusWifiPowerService: onReceive action:android.intent.action.BATTERY_LEVEL_CHANGED
07-29 18:25:38.033  3456  4491 W OplusStorageManagerFeature: mScreenReceiver action:android.intent.action.BATTERY_LEVEL_CHANGED
07-29 18:25:38.033  3456  4491 I OplusStorageManagerFeature: TmemoryBetterySwitch: level=100 state=0
07-29 18:25:38.033  3456  4491 I OplusStorageManagerFeature: TmemoryBetterySwitch: action=0 state=2
07-29 18:25:38.033  3456  4491 W OplusStorageManagerFeature: Ready to deal actionParam:0
07-29 18:25:38.034  3456  3767 D ActivityManager: sync unfroze 10497 com.android.settings for 3
07-29 18:25:38.034  3456  3767 D ActivityManager: Async freezing 10497 com.android.settings
07-29 18:25:38.034  3456  3767 D ActivityManager: Cancel freezing 10497 com.android.settings
07-29 18:25:38.034  3456  3767 D ActivityManager: Async freezing 10497 com.android.settings
07-29 18:25:38.036  3456  3767 D ActivityManager: Cancel freezing 10497 com.android.settings
07-29 18:25:38.036 10497 10497 D BatteryUsageBroadcastReceiver: onReceive:android.intent.action.BATTERY_LEVEL_CHANGED
07-29 18:25:38.039 10497 10497 D BatteryUsageBroadcastReceiver: fetch data because of event: ACTION_BATTERY_LEVEL_CHANGED
07-29 18:25:38.040 10497 10497 D BatteryUsageBroadcastReceiver: cancel sendBroadcastToFetchUsageData when broadcastDelay is 2339990ms.
07-29 18:25:38.041  3456  7047 D ActivityManager: Async freezing 10497 com.android.settings
07-29 18:25:38.054  1941  2243 I SDM     : DisplayBase::CommitThread: Received idle timeout, panel: cmd, timeout: 70000 us
07-29 18:25:38.062  1857  4480 I sensors-hal: handle_oplus_wise_rgb_event:189, high_pwm_light:lux 178.9,cct 3557.7,brl/algo/ir 1338.0/2.0/23.4,pwm/dc 0.0/0.0,rgbc 14044.070312/9489.495117/4028.048340/26330.085938,ts 59968586348,cnt 850,flag 65699
07-29 18:25:38.063  1941  4476 I Dpps    : LtmSwState::SetParameter():144 ignore cmd 7 in state LtmOffState
07-29 18:25:38.096  8101  9373 W metis_v2_KnowledgeManager: Fire: isEmergency is true  debugFireMode = false [7f0000011753827896969173407303|p_7303_8ebd10e@1|p_8101_d65ca13@7|com.oplus.metis] [base|com.oplus.metis|1.5.5-f48228a]
07-29 18:25:38.096  8101  9373 W metis_v2_OifaceBindUtils: bindTask [7f0000011753827896969173407303|p_7303_8ebd10e@1|p_8101_d65ca13@7|com.oplus.metis]
07-29 18:25:38.096  8101  9373 W metis_v2_OifaceBindUtils: call connectOifaceService [7f0000011753827896969173407303|p_7303_8ebd10e@1|p_8101_d65ca13@7|com.oplus.metis]
07-29 18:25:38.097  8101  9373 I metis_v2_KnowledgeManager: panta-sugg-Fire: count=1 [7f0000011753827896969173407303|p_7303_8ebd10e@1|p_8101_d65ca13@7|com.oplus.metis]
07-29 18:25:38.097  6540  6586 E oiface  : sched_setaffinity failed
07-29 18:25:38.097  6540  6582 E oiface  : directSetTask: get cpuset path failed
07-29 18:25:38.099  8101  9373 I System.out: 'park_precondition_home_02' 
07-29 18:25:38.099  8101  9373 I System.out: 'park_precondition_company_02' 
07-29 18:25:38.099  8101  9373 I System.out: 'UBIQUITOUS_SERVICE#assistant_screen#NOT_AT_HOME_301' 
07-29 18:25:38.099  8101  9373 I System.out: 'UBIQUITOUS_SERVICE#assistant_screen#NOT_AT_OFFICE_401' 
07-29 18:25:38.099  8101  9373 I System.out: 'policy:NEAR_SUBWAY_BUS_STATION_2x4' 
07-29 18:25:38.100  8101  9373 W metis_v2_TimeDurationCompare: [com.oplus.metis#UBIQUITOUS_SERVICE#scene#tips#TipScene_EXIT] 'timestamp' is not literal. [7f0000011753827896969173407303|p_7303_8ebd10e@1|p_8101_d65ca13@7|com.oplus.metis] [base|com.oplus.metis|1.5.5-f48228a]
07-29 18:25:38.100  8101  9373 D SceneIntentPublisher: headAction: pkg is com.oplus.metis and simpleRuleName is UBIQUITOUS_SERVICE#secne#activity_coloros_reminder_tips
07-29 18:25:38.105  8101  9373 D SceneIntentPublisher: headAction: pkg is com.oplus.metis and simpleRuleName is UBIQUITOUS_SERVICE#secne#activity_coloros_reminder_tips
07-29 18:25:38.109  8101  9373 I System.out: 'UBIQUITOUS_SERVICE#assistant_screen#NOT_AT_HOME_301' 
07-29 18:25:38.110  8101  9373 I System.out: 'tempPropertyForGuideStatus' 
07-29 18:25:38.112  8101  9373 D SceneIntentPublisher: headAction: pkg is com.oplus.metis and simpleRuleName is UBIQUITOUS_SERVICE#secne#activity_coloros_reminder_tips
07-29 18:25:38.112  8101  9373 W metis_v2_TimeDurationCompare: [com.oplus.metis#UBIQUITOUS_SERVICE#scene#tips#TipScene_EXIT] 'timestamp' is not literal. [7f0000011753827896969173407303|p_7303_8ebd10e@1|p_8101_d65ca13@7|com.oplus.metis]
07-29 18:25:38.119  8101  9124 I ContextAware_GetInstalledAppsInfo: Update cache
07-29 18:25:38.124  6519  6583 E horae   : 0: back:26372,back_1:28759,back_2:28851,back_3:27288,frame:28881,frame_1:28124,front:29438,front_1:30000,front_2:28744, -2147483648 1, +(2272), 1 ,35721,27330,31571,35703,33741,34835,27367,31361,34777,33181,33937,27240,31151,34007,32673,33465,27288,30949,33358,32222, target_temp:30000, algo:0
07-29 18:25:38.124  6519  6583 E horae   : tz(cpu-1-0-1) temp changed suddenly, cut temp to:48400
07-29 18:25:38.124  6519  6583 E horae   : Recording abnormal tz:26 state:4.
07-29 18:25:38.124  8101  9373 W metis_v2_AbsTimerTriggered: [com.oplus.metis#UBIQUITOUS_SERVICE#health#LAUNCH-HEALTH-APP]: periodicTriggered's parseArgsToTimer meet exception periodic timer's first execute start time must >= time range start [7f0000011753827896969173407303|p_7303_8ebd10e@1|p_8101_d65ca13@7|com.oplus.metis]
07-29 18:25:38.124  8101  9373 W metis_v2_AbsTimerTriggered: [com.oplus.metis#UBIQUITOUS_SERVICE#health#LAUNCH-HEALTH-APP]: please check if builtin periodicTriggered's args is valid [7f0000011753827896969173407303|p_7303_8ebd10e@1|p_8101_d65ca13@7|com.oplus.metis]
07-29 18:25:38.129  8101  9373 I System.out: 'UBIQUITOUS_SERVICE#assistant_screen#NOT_AT_OFFICE_401' 
07-29 18:25:38.130  8101  9373 I metis_v2_KnowledgeManager: panta-sugg-Fire takes 32 milliseconds. [7f0000011753827896969173407303|p_7303_8ebd10e@1|p_8101_d65ca13@7|com.oplus.metis]
07-29 18:25:38.130  8101  9373 I ContextAware_PantanalIntentManager: intent (id-14111004+policyName-CLEAN_STORAGE) is not found in scene_intent_config [7f0000011753827896969173407303|p_7303_8ebd10e@1|p_8101_d65ca13@7|com.oplus.metis]
07-29 18:25:38.130  8101  9373 I metis_v2_SceneTravelingAdapter: recallTravellingIntent: [] [7f0000011753827896969173407303|p_7303_8ebd10e@1|p_8101_d65ca13@7|com.oplus.metis]
07-29 18:25:38.130  8101  9373 I ContextAware_ContextAware_SceneIntentManager: mLastIntentDataSet: [] [7f0000011753827896969173407303|p_7303_8ebd10e@1|p_8101_d65ca13@7|com.oplus.metis]
07-29 18:25:38.130  8101  9373 I ContextAware_ContextAware_SceneIntentManager: intentList: [IntentDataDTO(intent=IntentDTO=[sceneId=220500200, intentId=14111005, isExited=false, source=0, ownerId=com.oplus.metis, action=14111005, policyName=SUBSTITUTE_SCENE, serviceId=, sendExitedIntent=true, repeatable=false, sceneScore=-1.0, position=right, level=2, type=1, serviceInstanceId=null, isSupportMultiInstance=false, settingsPreference=null], items=[]), IntentDataDTO(intent=IntentDTO=[sceneId=210000000, intentId=12121002, isExited=true, source=0, ownerId=com.oplus.metis, action=12121002, policyName=TAKEOUT_ORDER_STATUS_CHANGE, serviceId=, sendExitedIntent=false, repeatable=false, sceneScore=-1.0, position=left, level=1, type=1, serviceInstanceId=null, isSupportMultiInstance=false, settingsPreference=null], items=[]), IntentDataDTO(intent=IntentDTO=[sceneId=null, intentId=14111004, isExited=true, source=0, ownerId=com.oplus.metis, action=14111004, policyName=CLEAN_STORAGE, serviceId=, sendExitedIntent=false, repeatable=false, sceneScore=-1.0, position=null, level=0, type=1, serviceInstanceId=null, isSupportMultiInstance=false, settingsPreference=null], items=[]), IntentDataDTO(intent=IntentDTO=[sceneId=null, intentId=12121002, isExited=true, source=0, ownerId=com.oplus.metis, action=12121002, policyName=TAKEOUT_ORDER_STATUS_CHANGE, serviceId=, sendExitedIntent=false, repeatable=false, sceneScore=-1.0, position=null, level=0, type=1, serviceInstanceId=null, isSupportMultiInstance=false, settingsPreference=null], items=[])] [7f0000011753827896969173407303|p_7303_8ebd10e@1|p_8101_d65ca13@7|com.oplus.metis]
07-29 18:25:38.130  8101  9373 I ContextAware_ContextAware_SceneIntentManager: missedIntent: [] [7f0000011753827896969173407303|p_7303_8ebd10e@1|p_8101_d65ca13@7|com.oplus.metis]
07-29 18:25:38.130  8101  9373 I metis_v2_SceneIntentManager: panta-sugg-Published intents: [7f0000011753827896969173407303|p_7303_8ebd10e@1|p_8101_d65ca13@7|com.oplus.metis]
07-29 18:25:38.130  8101  9373 I metis_v2_SceneIntentManager: panta-sugg-IntentDataDTO(intent=IntentDTO=[sceneId=220500200, intentId=14111005, isExited=false, source=0, ownerId=com.oplus.metis, action=14111005, policyName=SUBSTITUTE_SCENE, serviceId=, sendExitedIntent=true, repeatable=false, sceneScore=-1.0, position=right, level=2, type=1, serviceInstanceId=null, isSupportMultiInstance=false, settingsPreference=null], items=[]) [7f0000011753827896969173407303|p_7303_8ebd10e@1|p_8101_d65ca13@7|com.oplus.metis]
