07-29 18:25:35.969  4881  4881 I SystemUi--Statusbar: BatteryViewBinder-->create drawable: com.oplus.systemui.statusbar.pipeline.battery.ui.drawable.HorizontalBatteryContentDrawable@da9fddd iconStyle:BatteryIconStyle(iconStyle=1, oldStylePercentIn=false, densityDpi=480, scaleFactor=1.0, themeId=0, isThemeModeColor=false, frameColorMode=0, isPercentOutBgMode=false, isPercentOutPbMode=false, batteryOutChargeBgMode=0)
07-29 18:25:35.970  4881  4881 W SystemUi--Common: SubsetBitmapDrawable-->[isValid] innerBitmap?.isRecycled=null
07-29 18:25:35.971  4881  4881 I SystemUi--Statusbar: BatteryViewBinder-->create drawable: com.oplus.systemui.statusbar.pipeline.battery.ui.drawable.HorizontalBatteryContentDrawable@6f1db81 iconStyle:BatteryIconStyle(iconStyle=1, oldStylePercentIn=false, densityDpi=480, scaleFactor=1.0, themeId=0, isThemeModeColor=false, frameColorMode=0, isPercentOutBgMode=false, isPercentOutPbMode=false, batteryOutChargeBgMode=0)
07-29 18:25:35.971  4881  4881 I SystemUi--Statusbar: BatteryViewBinder-->create drawable: com.oplus.systemui.statusbar.pipeline.battery.ui.drawable.HorizontalBatteryContentDrawable@ca1f426 iconStyle:BatteryIconStyle(iconStyle=1, oldStylePercentIn=false, densityDpi=480, scaleFactor=1.0, themeId=0, isThemeModeColor=false, frameColorMode=0, isPercentOutBgMode=false, isPercentOutPbMode=false, batteryOutChargeBgMode=0)
07-29 18:25:35.973  2184  2184 D OplusInfoMonitor: setListenerReport: reportInfo:
07-29 18:25:35.973  2184  2414 D SurfaceFlinger: captureLayers from pid 5405 uid -335
07-29 18:25:35.973  4881  5449 D Util    : isPkgInstalled_isPkgInstalled = false
07-29 18:25:35.973  4881  5449 D Util    : isPkgInstalled_isPkgInstalled = true
07-29 18:25:35.975  2184  3562 D SurfaceFlinger: updateWinowInfo=1, setFocusedWindow timestamp=57932284403, windowName=2e6fafb NotificationShade
07-29 18:25:35.975  3456  5262 I InputDispatcher: NFW_setFocusedWindow, 2e6fafb NotificationShade on display 0, same as the previous:0
07-29 18:25:35.976  3456  5262 I InputDispatcher: updateFocusedWindow, 2e6fafb NotificationShade on display 0, reason: setFocusedWindow, result:   FocusedWindows:
07-29 18:25:35.976  3456  5262 I InputDispatcher:     displayId=0, name='2e6fafb NotificationShade'
07-29 18:25:35.976  5210  5210 D VRI[Launcher]: onFocusEvent false
07-29 18:25:35.976  4881  4881 D VRI[NotificationShade]: onFocusEvent true
07-29 18:25:35.977  3456  7047 I InputDispatcher: injectInputEvent: targetUid=<not set>, syncMode=WAIT_FOR_FINISHED, timeout=30000ms, policyFlags=0x8000000, event=MotionEvent { action=MOVE, id[0]=0, x[0]=900, y[0]=804.867, eventTime=57946000000, downTime=57828000000, deviceId=4, source=TOUCHSCREEN, displayId=0, eventId=0xf5ffcc48}
07-29 18:25:35.977  4881  4881 I SystemUi--Keyguard: ScrimControllerExImp-->blur State to UNLOCK, bouncer=false changeFromBouncerScrim= false runnerUnlock= false goingAway=false hasHandle=true isOccludeAnimationPlaying=false
07-29 18:25:35.977  4881  4881 I SystemUi--Keyguard: ScrimControllerExImp-->blur State to UNLOCK, bouncer=false changeFromBouncerScrim= false runnerUnlock= false goingAway=false hasHandle=true isOccludeAnimationPlaying=false
07-29 18:25:35.977  1939  2016 I SnapAlloc: Using graphics libs for alignment calculations
07-29 18:25:35.978  1939  2016 I SnapAlloc: Using graphics libs for alignment calculations
07-29 18:25:35.979  1939  2016 I SnapAlloc: Using graphics libs for alignment calculations
07-29 18:25:35.981  4881  4881 I SystemUi--Keyguard: OplusRepeatWhenAttachedUnlock-->updateState: view.windowVisibility: 0, keyguardShow: false, isInPreviewMode: false, view.hasWindowFocus(): true
07-29 18:25:35.981  4881  4881 I SystemUi--Keyguard: OplusRepeatWhenAttachedUnlock-->updateState: view.windowVisibility: 0, keyguardShow: false, isInPreviewMode: false, view.hasWindowFocus(): true
07-29 18:25:35.984  4881  4881 I SystemUi--Keyguard: ScrimControllerExImp-->blur State to UNLOCK, bouncer=false changeFromBouncerScrim= false runnerUnlock= false goingAway=false hasHandle=true isOccludeAnimationPlaying=false
07-29 18:25:35.984  3456  7047 I InputDispatcher: injectInputEvent: targetUid=<not set>, syncMode=WAIT_FOR_FINISHED, timeout=30000ms, policyFlags=0x8000000, event=MotionEvent { action=MOVE, id[0]=0, x[0]=900, y[0]=857.4, eventTime=57954000000, downTime=57828000000, deviceId=4, source=TOUCHSCREEN, displayId=0, eventId=0xe15ba9b8}
07-29 18:25:35.984  4881  4881 I SystemUi--Keyguard: ScrimControllerExImp-->blur State to UNLOCK, bouncer=false changeFromBouncerScrim= false runnerUnlock= false goingAway=false hasHandle=true isOccludeAnimationPlaying=false
07-29 18:25:35.992  1939  2016 I SnapAlloc: Using graphics libs for alignment calculations
07-29 18:25:35.992  4881  4881 I SystemUi--Keyguard: ScrimControllerExImp-->blur State to UNLOCK, bouncer=false changeFromBouncerScrim= false runnerUnlock= false goingAway=false hasHandle=true isOccludeAnimationPlaying=false
07-29 18:25:35.992  3456  7047 I InputDispatcher: injectInputEvent: targetUid=<not set>, syncMode=WAIT_FOR_FINISHED, timeout=30000ms, policyFlags=0x8000000, event=MotionEvent { action=MOVE, id[0]=0, x[0]=900, y[0]=909.934, eventTime=57962000000, downTime=57828000000, deviceId=4, source=TOUCHSCREEN, displayId=0, eventId=0xe941412a}
07-29 18:25:35.993  4881  4881 I SystemUi--Keyguard: ScrimControllerExImp-->blur State to UNLOCK, bouncer=false changeFromBouncerScrim= false runnerUnlock= false goingAway=false hasHandle=true isOccludeAnimationPlaying=false
07-29 18:25:35.999  3456  3815 D VRR [OPlusSAManager]: setSAConfig scene: VRR_90_120 modeId: 4 auto: true fakeFrame: true
07-29 18:25:35.999  3456  3815 D VRR [OPlusSAManager]: updateAutoMinfps with nits: 99.606575, mHistOK true, mAmbientOK true, mCctOK true, mIrOK true, mBrightnessOK true, isPkgOK true, SA min fps: 119
07-29 18:25:35.999  3456  3815 D VRR [OPlusSurfaceFlingerController]: setAutoMode enable: true fakeFrame: true fps: 119
07-29 18:25:35.999  2184  2414 I VRR-[OPlusAdfrUtil]: ADFR try set Auto mode with mode 1 fakeframe 1 min fps 119
07-29 18:25:35.999  2184  2414 D VRR-[OPlusRefreshRateSelector]: OSyncModes add size is 1.
07-29 18:25:35.999  2184  2414 I VRR-[OPlusRefreshRateSelector]: updateAutoMode success, display 0, mode 0, fakeframe 1, min fps: 1
07-29 18:25:35.999  2184  3521 D VRR-[OPlusRefreshRateSelector]: handleSetHWCOSync
07-29 18:25:35.999  2184  3521 D VRR-[OPlusRefreshRateSelector]: OSyncModes remaining size is 0.
07-29 18:25:35.999  2184  3521 D VRR-[OPlusRefreshRateSelector]: SetHWCOSync with 5CC08181
07-29 18:25:36.000  1941  3520 I SDM     : DisplayBuiltIn::SetQSyncMode: VRR + update qsync mode 0 minfps 00C08181
07-29 18:25:36.001  4881  4881 I SystemUi--Keyguard: ScrimControllerExImp-->blur State to UNLOCK, bouncer=false changeFromBouncerScrim= false runnerUnlock= false goingAway=false hasHandle=true isOccludeAnimationPlaying=false
07-29 18:25:36.001  3456  7047 I InputDispatcher: injectInputEvent: targetUid=<not set>, syncMode=WAIT_FOR_FINISHED, timeout=30000ms, policyFlags=0x8000000, event=MotionEvent { action=MOVE, id[0]=0, x[0]=900, y[0]=969.033, eventTime=57971000000, downTime=57828000000, deviceId=4, source=TOUCHSCREEN, displayId=0, eventId=0xedd68a8b}
07-29 18:25:36.001  4881  4881 I SystemUi--Keyguard: ScrimControllerExImp-->blur State to UNLOCK, bouncer=false changeFromBouncerScrim= false runnerUnlock= false goingAway=false hasHandle=true isOccludeAnimationPlaying=false
07-29 18:25:36.008  1941  2243 E SDM     : DRMConnector::Perform: Connector 67: Setting Qsync min fps 12616065
07-29 18:25:36.009  1939  2016 I SnapAlloc: Using graphics libs for alignment calculations
07-29 18:25:36.009  4881  4881 I SystemUi--Keyguard: ScrimControllerExImp-->blur State to UNLOCK, bouncer=false changeFromBouncerScrim= false runnerUnlock= false goingAway=false hasHandle=true isOccludeAnimationPlaying=false
07-29 18:25:36.010  3456  7047 I InputDispatcher: injectInputEvent: targetUid=<not set>, syncMode=WAIT_FOR_FINISHED, timeout=30000ms, policyFlags=0x8000000, event=MotionEvent { action=MOVE, id[0]=0, x[0]=900, y[0]=1021.57, eventTime=57979000000, downTime=57828000000, deviceId=4, source=TOUCHSCREEN, displayId=0, eventId=0xe4686df3}
07-29 18:25:36.010  4881  4881 I SystemUi--Keyguard: ScrimControllerExImp-->blur State to UNLOCK, bouncer=false changeFromBouncerScrim= false runnerUnlock= false goingAway=false hasHandle=true isOccludeAnimationPlaying=false
07-29 18:25:36.011  4881  5433 I SystemUi--Statusbar: PrivacyDotViewController-->processNextViewState: 
07-29 18:25:36.011  4881  5433 I SystemUi--Statusbar: PrivacyDotViewController-->resolveState ViewState(viewInitialized=true, systemPrivacyEventIsActive=false, shadeExpanded=true, needShow=false, portraitRect=Rect(0, 0 - 1080, 120), landscapeRect=Rect(120, 0 - 2376, 120), upsideDownRect=Rect(0, 0 - 1080, 120), seascapeRect=Rect(0, 0 - 2244, 120), layoutRtl=false, rotation=0, paddingTop=14, paddingBottom=15, cornerIndex=1, designatedCorner=android.widget.FrameLayout{15647b8 I.E...... ......ID 1032,0-1080,120 #7f0a09cd app:id/privacy_dot_top_right_container alpha=1.0 viewInfo = }, contentDescription=null, dotMargin=48)
07-29 18:25:36.017  4881  4881 I SystemUi--Keyguard: ScrimControllerExImp-->blur State to UNLOCK, bouncer=false changeFromBouncerScrim= false runnerUnlock= false goingAway=false hasHandle=true isOccludeAnimationPlaying=false
07-29 18:25:36.018  3456  7047 I InputDispatcher: injectInputEvent: targetUid=<not set>, syncMode=WAIT_FOR_FINISHED, timeout=30000ms, policyFlags=0x8000000, event=MotionEvent { action=MOVE, id[0]=0, x[0]=900, y[0]=1074.1, eventTime=57987000000, downTime=57828000000, deviceId=4, source=TOUCHSCREEN, displayId=0, eventId=0xf09bd766}
07-29 18:25:36.018  4881  4881 I SystemUi--Keyguard: ScrimControllerExImp-->blur State to UNLOCK, bouncer=false changeFromBouncerScrim= false runnerUnlock= false goingAway=false hasHandle=true isOccludeAnimationPlaying=false
07-29 18:25:36.026  1939  2016 I SnapAlloc: Using graphics libs for alignment calculations
07-29 18:25:36.026  4881  4881 I SystemUi--Keyguard: ScrimControllerExImp-->blur State to UNLOCK, bouncer=false changeFromBouncerScrim= false runnerUnlock= false goingAway=false hasHandle=true isOccludeAnimationPlaying=false
07-29 18:25:36.026  3456  7047 I InputDispatcher: injectInputEvent: targetUid=<not set>, syncMode=WAIT_FOR_FINISHED, timeout=30000ms, policyFlags=0x8000000, event=MotionEvent { action=MOVE, id[0]=0, x[0]=900, y[0]=1133.2, eventTime=57996000000, downTime=57828000000, deviceId=4, source=TOUCHSCREEN, displayId=0, eventId=0xe84180fc}
07-29 18:25:36.026  4881  4881 I SystemUi--Keyguard: ScrimControllerExImp-->blur State to UNLOCK, bouncer=false changeFromBouncerScrim= false runnerUnlock= false goingAway=false hasHandle=true isOccludeAnimationPlaying=false
07-29 18:25:36.034  4881  4881 I SystemUi--Keyguard: ScrimControllerExImp-->blur State to UNLOCK, bouncer=false changeFromBouncerScrim= false runnerUnlock= false goingAway=false hasHandle=true isOccludeAnimationPlaying=false
07-29 18:25:36.034  3456  7047 I InputDispatcher: injectInputEvent: targetUid=<not set>, syncMode=WAIT_FOR_FINISHED, timeout=30000ms, policyFlags=0x8000000, event=MotionEvent { action=MOVE, id[0]=0, x[0]=900, y[0]=1185.73, eventTime=58004000000, downTime=57828000000, deviceId=4, source=TOUCHSCREEN, displayId=0, eventId=0xc79be3cc}
07-29 18:25:36.034  4881  4881 I SystemUi--Keyguard: ScrimControllerExImp-->blur State to UNLOCK, bouncer=false changeFromBouncerScrim= false runnerUnlock= false goingAway=false hasHandle=true isOccludeAnimationPlaying=false
07-29 18:25:36.042  1939  2016 I SnapAlloc: Using graphics libs for alignment calculations
07-29 18:25:36.042  4881  4881 I SystemUi--Keyguard: ScrimControllerExImp-->blur State to UNLOCK, bouncer=false changeFromBouncerScrim= false runnerUnlock= false goingAway=false hasHandle=true isOccludeAnimationPlaying=false
07-29 18:25:36.042  3456  7047 I InputDispatcher: injectInputEvent: targetUid=<not set>, syncMode=WAIT_FOR_FINISHED, timeout=30000ms, policyFlags=0x8000000, event=MotionEvent { action=MOVE, id[0]=0, x[0]=900, y[0]=1238.27, eventTime=58012000000, downTime=57828000000, deviceId=4, source=TOUCHSCREEN, displayId=0, eventId=0xf55709c5}
07-29 18:25:36.043  4881  4881 I SystemUi--Keyguard: ScrimControllerExImp-->blur State to UNLOCK, bouncer=false changeFromBouncerScrim= false runnerUnlock= false goingAway=false hasHandle=true isOccludeAnimationPlaying=false
07-29 18:25:36.051  4881  4881 I SystemUi--Keyguard: ScrimControllerExImp-->blur State to UNLOCK, bouncer=false changeFromBouncerScrim= false runnerUnlock= false goingAway=false hasHandle=true isOccludeAnimationPlaying=false
07-29 18:25:36.051  3456  7047 I InputDispatcher: injectInputEvent: targetUid=<not set>, syncMode=WAIT_FOR_FINISHED, timeout=30000ms, policyFlags=0x8000000, event=MotionEvent { action=MOVE, id[0]=0, x[0]=900, y[0]=1297.37, eventTime=58021000000, downTime=57828000000, deviceId=4, source=TOUCHSCREEN, displayId=0, eventId=0xd5f68f6e}
07-29 18:25:36.051  4881  4881 I SystemUi--Keyguard: ScrimControllerExImp-->blur State to UNLOCK, bouncer=false changeFromBouncerScrim= false runnerUnlock= false goingAway=false hasHandle=true isOccludeAnimationPlaying=false
07-29 18:25:36.059  4881  4881 I SystemUi--Keyguard: ScrimControllerExImp-->blur State to UNLOCK, bouncer=false changeFromBouncerScrim= false runnerUnlock= false goingAway=false hasHandle=true isOccludeAnimationPlaying=false
07-29 18:25:36.059  1939  2016 I SnapAlloc: Using graphics libs for alignment calculations
07-29 18:25:36.059  3456  7047 I InputDispatcher: injectInputEvent: targetUid=<not set>, syncMode=WAIT_FOR_FINISHED, timeout=30000ms, policyFlags=0x8000000, event=MotionEvent { action=MOVE, id[0]=0, x[0]=900, y[0]=1349.9, eventTime=58029000000, downTime=57828000000, deviceId=4, source=TOUCHSCREEN, displayId=0, eventId=0xe59143c6}
07-29 18:25:36.060  4881  4881 I SystemUi--Keyguard: ScrimControllerExImp-->blur State to UNLOCK, bouncer=false changeFromBouncerScrim= false runnerUnlock= false goingAway=false hasHandle=true isOccludeAnimationPlaying=false
07-29 18:25:36.060  3456  3803 D PowerManagerService: userActivityNoUpdateLocked: groupId=0, eventTime=58029, event=touch, flags=0x0, uid=1000
07-29 18:25:36.062  4881  4881 I SystemUi--QuickSettings: QsLottieUtils-->getLottieAnimFile : qs/qs_location_lottie_active_sep_dual_light.json
07-29 18:25:36.066  4881 13131 W LOG_Effective: Effective doesn't support layer effects. If you are using them for  fills, strokes, trim paths etc. then try adding them directly as contents  in your shape. Found: [Slider Control]
07-29 18:25:36.066  4881 13131 W LOG_Effective: Animation contains merge paths. Merge paths are only supported on KitKat+ and must be manually enabled by calling enableMergePathsForKitKatAndAbove().
07-29 18:25:36.067  4881  4881 I SystemUi--Keyguard: ScrimControllerExImp-->blur State to UNLOCK, bouncer=false changeFromBouncerScrim= false runnerUnlock= false goingAway=false hasHandle=true isOccludeAnimationPlaying=false
07-29 18:25:36.067  3456  7047 I InputDispatcher: injectInputEvent: targetUid=<not set>, syncMode=WAIT_FOR_FINISHED, timeout=30000ms, policyFlags=0x8000000, event=MotionEvent { action=MOVE, id[0]=0, x[0]=900, y[0]=1402.43, eventTime=58037000000, downTime=57828000000, deviceId=4, source=TOUCHSCREEN, displayId=0, eventId=0xc1fe69dd}
07-29 18:25:36.067  4881  4881 I SystemUi--Keyguard: ScrimControllerExImp-->blur State to UNLOCK, bouncer=false changeFromBouncerScrim= false runnerUnlock= false goingAway=false hasHandle=true isOccludeAnimationPlaying=false
07-29 18:25:36.070  4881  4881 I SystemUi--QuickSettings: QsLottieUtils-->getLottieAnimFile : qs/qs_nfc_lottie_active_sep_dual_light.json
07-29 18:25:36.071  4881  4881 W LOG_Effective: Animation contains merge paths but they are disabled.
07-29 18:25:36.073  2015  2015 D SensorFeature: name=ssc_screenshot_info ,index = 22
07-29 18:25:36.074  2015  2015 D SensorFeature: write 29 bytes:58034980549,58043313882,156,0
07-29 18:25:36.074  4881  5611 D HWUI    : OplusRenderNodeAnimator end!
07-29 18:25:36.074  4881  5611 D HWUI    : OplusRenderNodeAnimator end!
07-29 18:25:36.074  4881  5611 D HWUI    : OplusRenderNodeAnimator end!
07-29 18:25:36.074  4881  5611 D HWUI    : OplusRenderNodeAnimator end!
07-29 18:25:36.074  4881  4881 I SystemUi--Statusbar: CollapsedStatusBarFragmentExImpl-->animateHiddenState onAnimationEnd v:com.oplus.systemui.statusbar.widget.EndSideContentLayout{8bef9ad V.E...... ........ 172,0-440,91 #7f0a0c16 app:id/status_bar_end_side_content alpha=1.0 viewInfo = }  v alpha:1.0 v render alpha:0.0 animateAlpha=0.0
07-29 18:25:36.074  4881  4881 I SystemUi--Statusbar: CollapsedStatusBarFragmentExImpl-->animateHiddenState onAnimationEnd v:com.android.keyguard.AlphaOptimizedLinearLayout{4e80a46 V.E...... ........ 0,0-48,91 alpha=1.0 viewInfo = }  v alpha:1.0 v render alpha:0.0 animateAlpha=0.0
07-29 18:25:36.074  4881  4881 I SystemUi--Statusbar: CollapsedStatusBarFragmentExImpl-->animateHiddenState onAnimationEnd v:com.oplus.systemui.statusbar.seeding.CapsulePluginContainer{c9b7131 V.E...... ........ 0,0-1080,120 #7f0a0b3b app:id/seeding_card_container alpha=1.0 viewInfo = }  v alpha:1.0 v render alpha:0.0 animateAlpha=0.0
07-29 18:25:36.074  4881  4881 I SystemUi--Statusbar: CollapsedStatusBarFragmentExImpl-->animateHiddenState onAnimationEnd v:com.oplus.systemui.statusbar.widget.StatClock{19c1a48 V.ED..... ........ 0,0-127,91 #7f0a02b9 app:id/clock alpha=1.0 viewInfo = }  v alpha:1.0 v render alpha:0.0 animateAlpha=0.0
07-29 18:25:36.075  4881  4881 I SystemUi--Keyguard: ScrimControllerExImp-->blur State to UNLOCK, bouncer=false changeFromBouncerScrim= false runnerUnlock= false goingAway=false hasHandle=true isOccludeAnimationPlaying=false
07-29 18:25:36.075  1939  2016 I SnapAlloc: Using graphics libs for alignment calculations
07-29 18:25:36.075  3456  7047 I InputDispatcher: injectInputEvent: targetUid=<not set>, syncMode=WAIT_FOR_FINISHED, timeout=30000ms, policyFlags=0x8000000, event=MotionEvent { action=MOVE, id[0]=0, x[0]=900, y[0]=1454.97, eventTime=58045000000, downTime=57828000000, deviceId=4, source=TOUCHSCREEN, displayId=0, eventId=0xe3e0c680}
07-29 18:25:36.076  4881  4881 I SystemUi--Keyguard: ScrimControllerExImp-->blur State to UNLOCK, bouncer=false changeFromBouncerScrim= false runnerUnlock= false goingAway=false hasHandle=true isOccludeAnimationPlaying=false
07-29 18:25:36.084  4881  4881 I SystemUi--Keyguard: ScrimControllerExImp-->blur State to UNLOCK, bouncer=false changeFromBouncerScrim= false runnerUnlock= false goingAway=false hasHandle=true isOccludeAnimationPlaying=false
07-29 18:25:36.084  3456  7047 I InputDispatcher: injectInputEvent: targetUid=<not set>, syncMode=WAIT_FOR_FINISHED, timeout=30000ms, policyFlags=0x8000000, event=MotionEvent { action=MOVE, id[0]=0, x[0]=900, y[0]=1507.5, eventTime=58053000000, downTime=57828000000, deviceId=4, source=TOUCHSCREEN, displayId=0, eventId=0xf0b74062}
07-29 18:25:36.084  4881  4881 I SystemUi--Keyguard: ScrimControllerExImp-->blur State to UNLOCK, bouncer=false changeFromBouncerScrim= false runnerUnlock= false goingAway=false hasHandle=true isOccludeAnimationPlaying=false
07-29 18:25:36.092  4881  4881 I SystemUi--Keyguard: ScrimControllerExImp-->blur State to UNLOCK, bouncer=false changeFromBouncerScrim= false runnerUnlock= false goingAway=false hasHandle=true isOccludeAnimationPlaying=false
07-29 18:25:36.092  1939  2016 I SnapAlloc: Using graphics libs for alignment calculations
07-29 18:25:36.092  3456  7047 I InputDispatcher: injectInputEvent: targetUid=<not set>, syncMode=WAIT_FOR_FINISHED, timeout=30000ms, policyFlags=0x8000000, event=MotionEvent { action=MOVE, id[0]=0, x[0]=900, y[0]=1566.6, eventTime=58062000000, downTime=57828000000, deviceId=4, source=TOUCHSCREEN, displayId=0, eventId=0xed9816d3}
07-29 18:25:36.092  4881  4881 I SystemUi--Keyguard: ScrimControllerExImp-->blur State to UNLOCK, bouncer=false changeFromBouncerScrim= false runnerUnlock= false goingAway=false hasHandle=true isOccludeAnimationPlaying=false
07-29 18:25:36.100  4881  4881 I SystemUi--Keyguard: ScrimControllerExImp-->blur State to UNLOCK, bouncer=false changeFromBouncerScrim= false runnerUnlock= false goingAway=false hasHandle=true isOccludeAnimationPlaying=false
07-29 18:25:36.100  3456  7047 I InputDispatcher: injectInputEvent: targetUid=<not set>, syncMode=WAIT_FOR_FINISHED, timeout=30000ms, policyFlags=0x8000000, event=MotionEvent { action=MOVE, id[0]=0, x[0]=900, y[0]=1619.13, eventTime=58070000000, downTime=57828000000, deviceId=4, source=TOUCHSCREEN, displayId=0, eventId=0xfb40da9b}
07-29 18:25:36.101  4881  4881 I SystemUi--Keyguard: ScrimControllerExImp-->blur State to UNLOCK, bouncer=false changeFromBouncerScrim= false runnerUnlock= false goingAway=false hasHandle=true isOccludeAnimationPlaying=false
07-29 18:25:36.109  1939  2016 I SnapAlloc: Using graphics libs for alignment calculations
07-29 18:25:36.109  4881  4881 I SystemUi--Keyguard: ScrimControllerExImp-->blur State to UNLOCK, bouncer=false changeFromBouncerScrim= false runnerUnlock= false goingAway=false hasHandle=true isOccludeAnimationPlaying=false
07-29 18:25:36.109  3456  7047 I InputDispatcher: injectInputEvent: targetUid=<not set>, syncMode=WAIT_FOR_FINISHED, timeout=30000ms, policyFlags=0x8000000, event=MotionEvent { action=MOVE, id[0]=0, x[0]=900, y[0]=1678.23, eventTime=58079000000, downTime=57828000000, deviceId=4, source=TOUCHSCREEN, displayId=0, eventId=0xd46384b1}
07-29 18:25:36.109  4881  4881 I SystemUi--Keyguard: ScrimControllerExImp-->blur State to UNLOCK, bouncer=false changeFromBouncerScrim= false runnerUnlock= false goingAway=false hasHandle=true isOccludeAnimationPlaying=false
07-29 18:25:36.117  4881  4881 I SystemUi--Keyguard: ScrimControllerExImp-->blur State to UNLOCK, bouncer=false changeFromBouncerScrim= false runnerUnlock= false goingAway=false hasHandle=true isOccludeAnimationPlaying=false
07-29 18:25:36.117  3456  7047 I InputDispatcher: injectInputEvent: targetUid=<not set>, syncMode=WAIT_FOR_FINISHED, timeout=30000ms, policyFlags=0x8000000, event=MotionEvent { action=MOVE, id[0]=0, x[0]=900, y[0]=1730.77, eventTime=58087000000, downTime=57828000000, deviceId=4, source=TOUCHSCREEN, displayId=0, eventId=0xe48e2674}
07-29 18:25:36.118  4881  4881 I SystemUi--Keyguard: ScrimControllerExImp-->blur State to UNLOCK, bouncer=false changeFromBouncerScrim= false runnerUnlock= false goingAway=false hasHandle=true isOccludeAnimationPlaying=false
07-29 18:25:36.126  4881  4881 I SystemUi--Keyguard: ScrimControllerExImp-->blur State to UNLOCK, bouncer=false changeFromBouncerScrim= false runnerUnlock= false goingAway=false hasHandle=true isOccludeAnimationPlaying=false
07-29 18:25:36.126  1939  2016 I SnapAlloc: Using graphics libs for alignment calculations
07-29 18:25:36.126  4881  4881 I SystemUi--Keyguard: ScrimControllerExImp-->blur State to UNLOCK, bouncer=false changeFromBouncerScrim= false runnerUnlock= false goingAway=false hasHandle=true isOccludeAnimationPlaying=false
07-29 18:25:36.126  3456  7047 I InputDispatcher: injectInputEvent: targetUid=<not set>, syncMode=WAIT_FOR_FINISHED, timeout=30000ms, policyFlags=0x8000000, event=MotionEvent { action=MOVE, id[0]=0, x[0]=900, y[0]=1789.87, eventTime=58096000000, downTime=57828000000, deviceId=4, source=TOUCHSCREEN, displayId=0, eventId=0xcf9d289b}
07-29 18:25:36.134  4881  4881 I SystemUi--Keyguard: ScrimControllerExImp-->blur State to UNLOCK, bouncer=false changeFromBouncerScrim= false runnerUnlock= false goingAway=false hasHandle=true isOccludeAnimationPlaying=false
07-29 18:25:36.134  3456  7047 I InputDispatcher: injectInputEvent: targetUid=<not set>, syncMode=WAIT_FOR_FINISHED, timeout=30000ms, policyFlags=0x8000000, event=MotionEvent { action=MOVE, id[0]=0, x[0]=900, y[0]=1842.4, eventTime=58104000000, downTime=57828000000, deviceId=4, source=TOUCHSCREEN, displayId=0, eventId=0xe3f3226c}
07-29 18:25:36.135  4881  4881 I SystemUi--Keyguard: ScrimControllerExImp-->blur State to UNLOCK, bouncer=false changeFromBouncerScrim= false runnerUnlock= false goingAway=false hasHandle=true isOccludeAnimationPlaying=false
07-29 18:25:36.142  1939  2016 I SnapAlloc: Using graphics libs for alignment calculations
07-29 18:25:36.142  4881  4881 I SystemUi--Keyguard: ScrimControllerExImp-->blur State to UNLOCK, bouncer=false changeFromBouncerScrim= false runnerUnlock= false goingAway=false hasHandle=true isOccludeAnimationPlaying=false
07-29 18:25:36.142  3456  7047 I InputDispatcher: injectInputEvent: targetUid=<not set>, syncMode=WAIT_FOR_FINISHED, timeout=30000ms, policyFlags=0x8000000, event=MotionEvent { action=MOVE, id[0]=0, x[0]=900, y[0]=1894.93, eventTime=58112000000, downTime=57828000000, deviceId=4, source=TOUCHSCREEN, displayId=0, eventId=0xeb9f87b9}
07-29 18:25:36.143  4881  4881 I SystemUi--Keyguard: ScrimControllerExImp-->blur State to UNLOCK, bouncer=false changeFromBouncerScrim= false runnerUnlock= false goingAway=false hasHandle=true isOccludeAnimationPlaying=false
07-29 18:25:36.151  4881  4881 I SystemUi--Keyguard: ScrimControllerExImp-->blur State to UNLOCK, bouncer=false changeFromBouncerScrim= false runnerUnlock= false goingAway=false hasHandle=true isOccludeAnimationPlaying=false
07-29 18:25:36.151  3456  7047 I InputDispatcher: injectInputEvent: targetUid=<not set>, syncMode=WAIT_FOR_FINISHED, timeout=30000ms, policyFlags=0x8000000, event=MotionEvent { action=MOVE, id[0]=0, x[0]=900, y[0]=1947.47, eventTime=58120000000, downTime=57828000000, deviceId=4, source=TOUCHSCREEN, displayId=0, eventId=0xc3805607}
07-29 18:25:36.151  4881  4881 I SystemUi--Keyguard: ScrimControllerExImp-->blur State to UNLOCK, bouncer=false changeFromBouncerScrim= false runnerUnlock= false goingAway=false hasHandle=true isOccludeAnimationPlaying=false
07-29 18:25:36.159  1939  2016 I SnapAlloc: Using graphics libs for alignment calculations
07-29 18:25:36.159  4881  4881 I SystemUi--Keyguard: ScrimControllerExImp-->blur State to UNLOCK, bouncer=false changeFromBouncerScrim= false runnerUnlock= false goingAway=false hasHandle=true isOccludeAnimationPlaying=false
07-29 18:25:36.159  4881  4881 I SystemUi--Keyguard: ScrimControllerExImp-->blur State to UNLOCK, bouncer=false changeFromBouncerScrim= false runnerUnlock= false goingAway=false hasHandle=true isOccludeAnimationPlaying=false
07-29 18:25:36.159  3456  7047 I InputDispatcher: injectInputEvent: targetUid=<not set>, syncMode=WAIT_FOR_FINISHED, timeout=30000ms, policyFlags=0x8000000, event=MotionEvent { action=UP, id[0]=0, x[0]=900, y[0]=2000, eventTime=58129000000, downTime=57828000000, deviceId=4, source=TOUCHSCREEN, displayId=0, eventId=0xe1f38893}
07-29 18:25:36.160  3456  4840 D UAH-UahAdaptHelper: adaptSetNotification identity = OplusUAwareInputHelpersrc = 1000 , type 1 ,p1 = -1 ,p2 = -1 ,p3 = -1 ,p4 =
07-29 18:25:36.160  3456  4840 I [UAH_CLIENT]: uahRuleCtl, ruleId:1000, status:1
07-29 18:25:36.160  3456  3803 D PowerManagerService: userActivityNoUpdateLocked: groupId=0, eventTime=58129, event=touch, flags=0x0, uid=1000
07-29 18:25:36.160  3456  4458 D OplusViewDebugManager: OplusViewDebugManager Constructor android.view.debug.OplusViewDebugManager@2f30396 [mHasViewDebugProperty true] [mHasMsgDebugProperty false] [DEBUG false] [EXTRAINFOENABLE false] [LIGHT_OS false]
07-29 18:25:36.161  3456  4458 D OplusViewDebugManager: OplusViewDebugManager Constructor android.view.debug.OplusViewDebugManager@8946b17 [mHasViewDebugProperty true] [mHasMsgDebugProperty false] [DEBUG false] [EXTRAINFOENABLE false] [LIGHT_OS false]
07-29 18:25:36.161  3456  4840 I [UAH_CLIENT]: UahRelease, handle:37
07-29 18:25:36.161  3456  4840 I [UAH_CLIENT]: UahEventAcquire, cmdid:6, pkg:none, identity:OplusUAwareInputHelper
07-29 18:25:36.161  4881  4881 I SystemUi--Statusbar: OplusStatusBarWindowViewTouchExImpl-->onTouchEvent handled:false
07-29 18:25:36.162  4881  4881 I SystemUi--QuickSettings: OplusPanelViewPagerController-->reset
07-29 18:25:36.162  4881  4881 I SystemUi--QuickSettings: OplusPanelViewPagerController-->reset
07-29 18:25:36.162  4881  5449 I [UAH_CLIENT]: UahRelease, handle:36
07-29 18:25:36.162  4881  4881 I SystemUi--QuickSettings: OplusQSRootViewController-->endMotionEvent, expand: true, vel: 6566.6514, vectorVel: 6566.6514  isClosing=false panelClosedOnDown=true canSlideHToQSOnStatusBar=true
07-29 18:25:36.162  4881  4881 I SystemUi--QuickSettings: OplusQSRootViewController-->fling qs, expand: true, vel: 6566.6514
07-29 18:25:36.162  4881  4881 I SystemUi--QuickSettings: QSPanelExpandFraction-->animateExpanded, isExpanded=true, (0.9745517 -> 1.0), lastFinalPosition=1.0
07-29 18:25:36.163  4881  4881 I SystemUi--QuickSettings: QSPanelTranslationY-->animateExpandTranslationY, isExpanded=true, threshold=156.0
07-29 18:25:36.163  4881  4881 I SystemUi--QuickSettings: QSPanelAnimatorManager-->startRebound
07-29 18:25:36.163  4881  5449 I [UAH_CLIENT]: UahEventAcquire, cmdid:97, pkg:none, identity:OsenseHelperImpl
07-29 18:25:36.163  4881  4881 I SystemUi--QuickSettings: OplusPanelViewPagerController-->notifySeparateQSEndMotionEvent currentNotifyFraction=0.0  fraction=0.9745517 notifyExpandedFraction=0.0 fractionListeners.size=0
07-29 18:25:36.163  4881  4881 I SystemUi--QuickSettings: OplusQSRootViewController-->resetTouch
07-29 18:25:36.163  4881  4881 D OplusViewDragTouchViewHelper: dispatchTouchView action = 1
07-29 18:25:36.163  4881  4881 D OplusViewDragTouchViewHelper: dispatchTouchView action = 1
07-29 18:25:36.163  4881  4881 D OplusViewDragTouchViewHelper: dispatchTouchView action = 1
07-29 18:25:36.167  1951  2013 I [UAH_CLIENT]: UahPlatformResAcquire
07-29 18:25:36.167  4881  4881 I SystemUi--Keyguard: ScrimControllerExImp-->blur State to UNLOCK, bouncer=false changeFromBouncerScrim= false runnerUnlock= false goingAway=false hasHandle=true isOccludeAnimationPlaying=false
07-29 18:25:36.167  1951  2013 I [UAH_CLIENT]: UahEventAcquire, cmdid:-3, pkg:1951 7175, identity:qcom-perfd
07-29 18:25:36.168  4881  4881 I SystemUi--Keyguard: ScrimControllerExImp-->blur State to UNLOCK, bouncer=false changeFromBouncerScrim= false runnerUnlock= false goingAway=false hasHandle=true isOccludeAnimationPlaying=false
07-29 18:25:36.168  1951  2013 E PERFHAL-RESOURCEQS: PERFHAL-RESOURCEQS: AddAndApply() 130: Resource with major=18, minor=30 not supported
07-29 18:25:36.168  1951  2013 E PERFHAL-RESOURCEQS: PERFHAL-RESOURCEQS: AddAndApply() 130: Resource with major=18, minor=31 not supported
07-29 18:25:36.175  4881  4881 I SystemUi--Keyguard: ScrimControllerExImp-->blur State to UNLOCK, bouncer=false changeFromBouncerScrim= false runnerUnlock= false goingAway=false hasHandle=true isOccludeAnimationPlaying=false
07-29 18:25:36.175  1939  2016 I SnapAlloc: Using graphics libs for alignment calculations
07-29 18:25:36.175  4881  4881 I SystemUi--Keyguard: ScrimControllerExImp-->blur State to UNLOCK, bouncer=false changeFromBouncerScrim= false runnerUnlock= false goingAway=false hasHandle=true isOccludeAnimationPlaying=false
07-29 18:25:36.183  4881  4881 I SystemUi--Keyguard: ScrimControllerExImp-->blur State to UNLOCK, bouncer=false changeFromBouncerScrim= false runnerUnlock= false goingAway=false hasHandle=true isOccludeAnimationPlaying=false
07-29 18:25:36.183  4881  4881 I SystemUi--Keyguard: ScrimControllerExImp-->blur State to UNLOCK, bouncer=false changeFromBouncerScrim= false runnerUnlock= false goingAway=false hasHandle=true isOccludeAnimationPlaying=false
07-29 18:25:36.191  4881  4881 I SystemUi--Keyguard: ScrimControllerExImp-->blur State to UNLOCK, bouncer=false changeFromBouncerScrim= false runnerUnlock= false goingAway=false hasHandle=true isOccludeAnimationPlaying=false
07-29 18:25:36.192  1939  2016 I SnapAlloc: Using graphics libs for alignment calculations
07-29 18:25:36.192  4881  4881 I SystemUi--Keyguard: ScrimControllerExImp-->blur State to UNLOCK, bouncer=false changeFromBouncerScrim= false runnerUnlock= false goingAway=false hasHandle=true isOccludeAnimationPlaying=false
07-29 18:25:36.200  4881  4881 I SystemUi--Keyguard: ScrimControllerExImp-->blur State to UNLOCK, bouncer=false changeFromBouncerScrim= false runnerUnlock= false goingAway=false hasHandle=true isOccludeAnimationPlaying=false
07-29 18:25:36.200  4881  4881 I SystemUi--Keyguard: ScrimControllerExImp-->blur State to UNLOCK, bouncer=false changeFromBouncerScrim= false runnerUnlock= false goingAway=false hasHandle=true isOccludeAnimationPlaying=false
07-29 18:25:36.208  4881  4881 I SystemUi--Keyguard: ScrimControllerExImp-->blur State to UNLOCK, bouncer=false changeFromBouncerScrim= false runnerUnlock= false goingAway=false hasHandle=true isOccludeAnimationPlaying=false
07-29 18:25:36.208  1939  2016 I SnapAlloc: Using graphics libs for alignment calculations
07-29 18:25:36.208  4881  4881 I SystemUi--Keyguard: ScrimControllerExImp-->blur State to UNLOCK, bouncer=false changeFromBouncerScrim= false runnerUnlock= false goingAway=false hasHandle=true isOccludeAnimationPlaying=false
07-29 18:25:36.216  4881  4881 I SystemUi--Keyguard: ScrimControllerExImp-->blur State to UNLOCK, bouncer=false changeFromBouncerScrim= false runnerUnlock= false goingAway=false hasHandle=true isOccludeAnimationPlaying=false
07-29 18:25:36.217  4881  4881 I SystemUi--Keyguard: ScrimControllerExImp-->blur State to UNLOCK, bouncer=false changeFromBouncerScrim= false runnerUnlock= false goingAway=false hasHandle=true isOccludeAnimationPlaying=false
07-29 18:25:36.225  4881  4881 I SystemUi--Keyguard: ScrimControllerExImp-->blur State to UNLOCK, bouncer=false changeFromBouncerScrim= false runnerUnlock= false goingAway=false hasHandle=true isOccludeAnimationPlaying=false
07-29 18:25:36.225  1939  2016 I SnapAlloc: Using graphics libs for alignment calculations
07-29 18:25:36.225  4881  4881 I SystemUi--Keyguard: ScrimControllerExImp-->blur State to UNLOCK, bouncer=false changeFromBouncerScrim= false runnerUnlock= false goingAway=false hasHandle=true isOccludeAnimationPlaying=false
07-29 18:25:36.233  4881  4881 I SystemUi--Keyguard: ScrimControllerExImp-->blur State to UNLOCK, bouncer=false changeFromBouncerScrim= false runnerUnlock= false goingAway=false hasHandle=true isOccludeAnimationPlaying=false
07-29 18:25:36.234  4881  4881 I SystemUi--Keyguard: ScrimControllerExImp-->blur State to UNLOCK, bouncer=false changeFromBouncerScrim= false runnerUnlock= false goingAway=false hasHandle=true isOccludeAnimationPlaying=false
07-29 18:25:36.241  4881  4881 I SystemUi--Keyguard: ScrimControllerExImp-->blur State to UNLOCK, bouncer=false changeFromBouncerScrim= false runnerUnlock= false goingAway=false hasHandle=true isOccludeAnimationPlaying=false
07-29 18:25:36.241  1939  2016 I SnapAlloc: Using graphics libs for alignment calculations
07-29 18:25:36.242  4881  4881 I SystemUi--Keyguard: ScrimControllerExImp-->blur State to UNLOCK, bouncer=false changeFromBouncerScrim= false runnerUnlock= false goingAway=false hasHandle=true isOccludeAnimationPlaying=false
07-29 18:25:36.250  4881  4881 I SystemUi--Keyguard: ScrimControllerExImp-->blur State to UNLOCK, bouncer=false changeFromBouncerScrim= false runnerUnlock= false goingAway=false hasHandle=true isOccludeAnimationPlaying=false
07-29 18:25:36.250  4881  4881 I SystemUi--Keyguard: ScrimControllerExImp-->blur State to UNLOCK, bouncer=false changeFromBouncerScrim= false runnerUnlock= false goingAway=false hasHandle=true isOccludeAnimationPlaying=false
07-29 18:25:36.258  4881  4881 I SystemUi--Keyguard: ScrimControllerExImp-->blur State to UNLOCK, bouncer=false changeFromBouncerScrim= false runnerUnlock= false goingAway=false hasHandle=true isOccludeAnimationPlaying=false
07-29 18:25:36.258  1939  2016 I SnapAlloc: Using graphics libs for alignment calculations
07-29 18:25:36.258  4881  4881 I SystemUi--Keyguard: ScrimControllerExImp-->blur State to UNLOCK, bouncer=false changeFromBouncerScrim= false runnerUnlock= false goingAway=false hasHandle=true isOccludeAnimationPlaying=false
07-29 18:25:36.266  4881  4881 I SystemUi--Keyguard: ScrimControllerExImp-->blur State to UNLOCK, bouncer=false changeFromBouncerScrim= false runnerUnlock= false goingAway=false hasHandle=true isOccludeAnimationPlaying=false
07-29 18:25:36.267  4881  4881 I SystemUi--Keyguard: ScrimControllerExImp-->blur State to UNLOCK, bouncer=false changeFromBouncerScrim= false runnerUnlock= false goingAway=false hasHandle=true isOccludeAnimationPlaying=false
07-29 18:25:36.275  4881  4881 I SystemUi--Keyguard: ScrimControllerExImp-->blur State to UNLOCK, bouncer=false changeFromBouncerScrim= false runnerUnlock= false goingAway=false hasHandle=true isOccludeAnimationPlaying=false
07-29 18:25:36.275  1939  2016 I SnapAlloc: Using graphics libs for alignment calculations
07-29 18:25:36.275  4881  4881 I SystemUi--Keyguard: ScrimControllerExImp-->blur State to UNLOCK, bouncer=false changeFromBouncerScrim= false runnerUnlock= false goingAway=false hasHandle=true isOccludeAnimationPlaying=false
07-29 18:25:36.283  4881  4881 I SystemUi--Keyguard: ScrimControllerExImp-->blur State to UNLOCK, bouncer=false changeFromBouncerScrim= false runnerUnlock= false goingAway=false hasHandle=true isOccludeAnimationPlaying=false
07-29 18:25:36.283  4881  4881 I SystemUi--Keyguard: ScrimControllerExImp-->blur State to UNLOCK, bouncer=false changeFromBouncerScrim= false runnerUnlock= false goingAway=false hasHandle=true isOccludeAnimationPlaying=false
07-29 18:25:36.291  4881  4881 I SystemUi--Keyguard: ScrimControllerExImp-->blur State to UNLOCK, bouncer=false changeFromBouncerScrim= false runnerUnlock= false goingAway=false hasHandle=true isOccludeAnimationPlaying=false
07-29 18:25:36.291  4881  4881 I SystemUi--Keyguard: ScrimControllerExImp-->blur State to UNLOCK, bouncer=false changeFromBouncerScrim= false runnerUnlock= false goingAway=false hasHandle=true isOccludeAnimationPlaying=false
07-29 18:25:36.291  1939  2016 I SnapAlloc: Using graphics libs for alignment calculations
07-29 18:25:36.299  4881  4881 I SystemUi--Keyguard: ScrimControllerExImp-->blur State to UNLOCK, bouncer=false changeFromBouncerScrim= false runnerUnlock= false goingAway=false hasHandle=true isOccludeAnimationPlaying=false
07-29 18:25:36.300  4881  4881 I SystemUi--Keyguard: ScrimControllerExImp-->blur State to UNLOCK, bouncer=false changeFromBouncerScrim= false runnerUnlock= false goingAway=false hasHandle=true isOccludeAnimationPlaying=false
07-29 18:25:36.308  4881  4881 I SystemUi--Keyguard: ScrimControllerExImp-->blur State to UNLOCK, bouncer=false changeFromBouncerScrim= false runnerUnlock= false goingAway=false hasHandle=true isOccludeAnimationPlaying=false
07-29 18:25:36.308  1939  2016 I SnapAlloc: Using graphics libs for alignment calculations
07-29 18:25:36.308  4881  4881 I SystemUi--Keyguard: ScrimControllerExImp-->blur State to UNLOCK, bouncer=false changeFromBouncerScrim= false runnerUnlock= false goingAway=false hasHandle=true isOccludeAnimationPlaying=false
07-29 18:25:36.316  4881  4881 I SystemUi--Keyguard: ScrimControllerExImp-->blur State to UNLOCK, bouncer=false changeFromBouncerScrim= false runnerUnlock= false goingAway=false hasHandle=true isOccludeAnimationPlaying=false
07-29 18:25:36.316  4881  4881 I SystemUi--Keyguard: ScrimControllerExImp-->blur State to UNLOCK, bouncer=false changeFromBouncerScrim= false runnerUnlock= false goingAway=false hasHandle=true isOccludeAnimationPlaying=false
07-29 18:25:36.324  4881  4881 I SystemUi--Keyguard: ScrimControllerExImp-->blur State to UNLOCK, bouncer=false changeFromBouncerScrim= false runnerUnlock= false goingAway=false hasHandle=true isOccludeAnimationPlaying=false
07-29 18:25:36.325  1939  2016 I SnapAlloc: Using graphics libs for alignment calculations
07-29 18:25:36.325  4881  4881 I SystemUi--Keyguard: ScrimControllerExImp-->blur State to UNLOCK, bouncer=false changeFromBouncerScrim= false runnerUnlock= false goingAway=false hasHandle=true isOccludeAnimationPlaying=false
07-29 18:25:36.332  4881  4881 I SystemUi--Keyguard: ScrimControllerExImp-->blur State to UNLOCK, bouncer=false changeFromBouncerScrim= false runnerUnlock= false goingAway=false hasHandle=true isOccludeAnimationPlaying=false
07-29 18:25:36.333  4881  4881 I SystemUi--Keyguard: ScrimControllerExImp-->blur State to UNLOCK, bouncer=false changeFromBouncerScrim= false runnerUnlock= false goingAway=false hasHandle=true isOccludeAnimationPlaying=false
07-29 18:25:36.341  4881  4881 I SystemUi--Keyguard: ScrimControllerExImp-->blur State to UNLOCK, bouncer=false changeFromBouncerScrim= false runnerUnlock= false goingAway=false hasHandle=true isOccludeAnimationPlaying=false
07-29 18:25:36.341  1939  2016 I SnapAlloc: Using graphics libs for alignment calculations
07-29 18:25:36.341  3456  4446 V AlarmManager: sending alarm Alarm{a9ccb04 type 3 origWhen 39561 whenElapsed 39561 android} uid 1000 whenElapsed 39561 windowLength 18750 maxWhenElapsed 58311 repeatInterval 0 action null component null tag WifiHealthMonitor Schedule Post-Boot Detection Timer flags 0x8 procName system_server
07-29 18:25:36.341  4881  4881 I SystemUi--Keyguard: ScrimControllerExImp-->blur State to UNLOCK, bouncer=false changeFromBouncerScrim= false runnerUnlock= false goingAway=false hasHandle=true isOccludeAnimationPlaying=false
07-29 18:25:36.347  2015  2015 D SensorFeature: name=ssc_screenshot_info ,index = 22
07-29 18:25:36.347  2015  2015 D SensorFeature: write 29 bytes:58308763361,58317096694,157,0
07-29 18:25:36.349  4881  4881 I SystemUi--QuickSettings: TemporarilyInfoManager-->[setStarted] true
07-29 18:25:36.349  4881  4881 I SystemUi--QuickSettings: OplusQSRootViewController-->endClosing()
07-29 18:25:36.349  4881  4881 I SystemUi--Common: OplusShadeExpansionStat-->go state: OPENING -> OPEN
07-29 18:25:36.349  4881  4881 I SystemUi--Common: OplusShadeExpansionStat-->go state: OPENING -> OPEN
07-29 18:25:36.349  4881  4881 I SystemUi--Keyguard: ScrimControllerExImp-->blur State to UNLOCK, bouncer=false changeFromBouncerScrim= false runnerUnlock= false goingAway=false hasHandle=true isOccludeAnimationPlaying=false
07-29 18:25:36.350  4881  4881 I SystemUi--Common: PlatformBlurManagerImpl-->setPlatformBlurMode: blurMode=AUTO(blurFrequency=4)
07-29 18:25:36.350  4881  4881 I SystemUi--Common: PlatformBlurManagerImpl-->updateMotionFrequency: isExpanding=false
07-29 18:25:36.350  4881  4881 I SystemUi--Keyguard: ScrimControllerExImp-->blur State to UNLOCK, bouncer=false changeFromBouncerScrim= false runnerUnlock= false goingAway=false hasHandle=true isOccludeAnimationPlaying=false
07-29 18:25:36.350  4881  4881 I SystemUi--Device_Panel: OplusQSMyDeviceContainerViewController-->setQsDeviceExpansion expansion 1.0
07-29 18:25:36.350  4881  4881 I SystemUi--QuickSettings: QSPanelExpandFraction-->fractionAnimation onAnimationEnd, value=1.0
07-29 18:25:36.358  1939  2016 I SnapAlloc: Using graphics libs for alignment calculations
07-29 18:25:36.470  1857  4480 I sensors-hal: handle_oplus_wise_rgb_event:189, high_pwm_light:lux 178.0,cct 3548.4,brl/algo/ir 1338.0/2.0/24.1,pwm/dc 0.0/0.0,rgbc 14046.483398/9482.481445/4026.082764/26304.539062,ts 58317152285,cnt 820,flag 65693
07-29 18:25:36.471  1941  4476 I Dpps    : LtmSwState::SetParameter():144 ignore cmd 7 in state LtmOffState
07-29 18:25:36.500  3456  3815 D VRR [OPlusSAManager]: updateAutoMinfps with nits: 99.606575, mHistOK true, mAmbientOK true, mCctOK true, mIrOK true, mBrightnessOK true, isPkgOK true, SA min fps: 119
07-29 18:25:36.500  3456  3815 D VRR [OPlusSurfaceFlingerController]: setAutoMode enable: true fakeFrame: true fps: 119
07-29 18:25:36.500  2184  2537 I VRR-[OPlusAdfrUtil]: ADFR try set Auto mode with mode 1 fakeframe 1 min fps 119
07-29 18:25:36.500  2184  2537 D VRR-[OPlusRefreshRateSelector]: OSyncModes add size is 1.
07-29 18:25:36.500  2184  2537 I VRR-[OPlusRefreshRateSelector]: updateAutoMode success, display 0, mode 0, fakeframe 1, min fps: 1
07-29 18:25:36.500  2184  3521 D VRR-[OPlusRefreshRateSelector]: handleSetHWCOSync
07-29 18:25:36.500  2184  3521 D VRR-[OPlusRefreshRateSelector]: OSyncModes remaining size is 0.
07-29 18:25:36.500  2184  3521 D VRR-[OPlusRefreshRateSelector]: SetHWCOSync with 5CC08181
07-29 18:25:36.500  1941  1941 I SDM     : DisplayBuiltIn::SetQSyncMode: VRR + update qsync mode 0 minfps 00C08181
07-29 18:25:36.505  1941  2243 E SDM     : DRMConnector::Perform: Connector 67: Setting Qsync min fps 12616065
07-29 18:25:36.585  2041  2068 D BatteryChargeControl: bcc get no support from charging protocol
07-29 18:25:36.622  2015  2015 D SensorFeature: name=ssc_screenshot_info ,index = 22
07-29 18:25:36.622  2015  2015 D SensorFeature: write 29 bytes:58582698361,58591031694,158,0
07-29 18:25:36.736  1941  4476 I Dpps    : LtmSwState::SetParameter():144 ignore cmd 7 in state LtmOffState
07-29 18:25:36.895  2015  2015 D SensorFeature: name=ssc_screenshot_info ,index = 22
07-29 18:25:36.896  2015  2015 D SensorFeature: write 29 bytes:58856785601,58865118934,159,0
07-29 18:25:36.981  5210  5681 D OplusScrollToTopManager: com.android.launcher/com.android.launcher.Launcher,This com.android.internal.policy.DecorView{752057 V.E...... R....... 0,0-1080,2376 aid=0 alpha=1.0 viewInfo = }[Launcher] change focus to false
07-29 18:25:36.985  4881  5173 D OplusScrollToTopManager: NotificationShade,This com.android.systemui.shade.NotificationShadeWindowView{28084a0 V.E...... ........ 0,0-1080,2376 #7f0a06b7 app:id/legacy_window_root alpha=1.0 viewInfo = } change focus to true
07-29 18:25:36.985  4881  5173 D OplusScrollToTopManager: NotificationShade, registerGuidePopupDismissReceiverInSystemUI
07-29 18:25:36.986  4881  5173 D OplusScrollToTopManager: NotificationShade, after registerGuidePopupDismissReceiverInSystemUI
07-29 18:25:37.001  1857  4480 I sensors-hal: handle_oplus_wise_rgb_event:189, high_pwm_light:lux 179.8,cct 3557.2,brl/algo/ir 1338.0/2.0/22.9,pwm/dc 0.0/0.0,rgbc 14106.789062/9498.846680/4047.707275/26457.812500,ts 58873338796,cnt 830,flag 65695
07-29 18:25:37.002  1941  4476 I Dpps    : LtmSwState::SetParameter():144 ignore cmd 7 in state LtmOffState
07-29 18:25:37.169  2015  2015 D SensorFeature: name=ssc_screenshot_info ,index = 22
07-29 18:25:37.169  2015  2015 D SensorFeature: write 29 bytes:59130254194,59138587527,160,0
07-29 18:25:37.206  3456  5258 I InputDispatcher: injectInputEvent: targetUid=<not set>, syncMode=WAIT_FOR_FINISHED, timeout=30000ms, policyFlags=0x8000000, event=MotionEvent { action=DOWN, id[0]=0, x[0]=877, y[0]=1330, eventTime=59175000000, downTime=59175000000, deviceId=4, source=TOUCHSCREEN, displayId=0, eventId=0xcc8e962f}
07-29 18:25:37.206  3456  4840 I [UAH_CLIENT]: UahEventAcquire, cmdid:37, pkg:none, identity:OplusUAwareInputHelper
07-29 18:25:37.206  4881  4881 V AutofillManager: requestHideFillUi(null): anchor = null
07-29 18:25:37.206  4881  4881 V Application: getAutofillClient(): null on super, trying to find activity thread
07-29 18:25:37.206  4881  4881 V Application: getAutofillClient(): none of the 0 activities on com.android.systemui.SystemUIApplication@3ecfafa are top resumed nor have focus
07-29 18:25:37.206  4881  4881 V AutofillManager: No AutofillClient for com.android.systemui on context com.android.systemui.SystemUIApplication@3ecfafa
07-29 18:25:37.206  3456  4667 D OMP_Detector: D:done mCurrStatus: 0
07-29 18:25:37.206  3456  3803 D PowerManagerService: userActivityNoUpdateLocked: groupId=0, eventTime=59175, event=touch, flags=0x0, uid=1000
07-29 18:25:37.207  3456  4840 D UAH-UahAdaptHelper: adaptSetNotification identity = OplusUAwareInputHelpersrc = 1000 , type 0 ,p1 = -1 ,p2 = -1 ,p3 = -1 ,p4 =
07-29 18:25:37.207  3456  4840 I [UAH_CLIENT]: uahRuleCtl, ruleId:1000, status:0
07-29 18:25:37.207  4881  4881 I SystemUi--Common: ScrollTranslationValue-->resetPanelTranslationY
07-29 18:25:37.207  4881  4881 I SystemUi--QuickSettings: OplusPanelViewPagerController-->initExpanded downExpanded=QS downOnRight=true targetPage=QS downOnYHotArea=false  isKeyguardShowing=false isOnKeyguard=false fractionListeners.size=0 currentQsFraction=1.0 currentNotifyFraction=0.0 hasCalledDownEvent=true getScrollXHotZone=([Rect(0, 0 - 1080, 2376)], [Rect(-1, -1 - -1, -1), Rect(144, 2143 - 270, 2269), Rect(810, 2143 - 936, 2269)]) getScrollYHotZone=Rect(0, 0 - 1080, 222) notifyExpandedFraction=0.0 isLastUpToExpand=true qsPanelView.translationX=0.0
07-29 18:25:37.207  4881  4881 I SystemUi--QuickSettings: OplusQSRootViewController-->startExpandMotion event: 0, startTracking: false isClosing: false panelClosedOnDown: false
07-29 18:25:37.207  4881  4881 I SystemUi--QuickSettings: OplusQSRootViewController-->initialOffsetOnTouch: 2376.0, panelClosedOnDown: false
07-29 18:25:37.208  3456  3492 I system_server: gc_priority_optimize ctrlAppThreadUx sharedAppUxFd=719pid=3456tid=3492value=130 ret=2
07-29 18:25:37.208  3456  3492 I system_server: gc_priority_optimize set UX success2
07-29 18:25:37.210  3456  5258 I InputDispatcher: injectInputEvent: targetUid=<not set>, syncMode=WAIT_FOR_FINISHED, timeout=30000ms, policyFlags=0x8000000, event=MotionEvent { action=UP, id[0]=0, x[0]=877, y[0]=1330, eventTime=59175000000, downTime=59175000000, deviceId=4, source=TOUCHSCREEN, displayId=0, eventId=0xe620e690}
07-29 18:25:37.210  4881  4881 I SystemUi--Statusbar: OplusStatusBarWindowViewTouchExImpl-->onTouchEvent handled:false
07-29 18:25:37.210  3456  4840 D UAH-UahAdaptHelper: adaptSetNotification identity = OplusUAwareInputHelpersrc = 1000 , type 1 ,p1 = -1 ,p2 = -1 ,p3 = -1 ,p4 =
07-29 18:25:37.210  3456  4840 I [UAH_CLIENT]: uahRuleCtl, ruleId:1000, status:1
07-29 18:25:37.210  4881  4881 I SystemUi--QuickSettings: OplusPanelViewPagerController-->reset
07-29 18:25:37.210  4881  4881 I SystemUi--QuickSettings: OplusQSRootViewController-->resetTouch
07-29 18:25:37.210  4881  4881 D OplusViewDragTouchViewHelper: dispatchTouchView action = 1
