07-28 05:14:55.564  1894  1894 I WifiHAL : wifi_parse_radio_combinations_matrix: num_radio_combinations 6, radio_matrix_size 100
07-28 05:14:55.565  3435  4425 E SupplicantStaIfaceHalAidlImpl: Can't call getWpaDriverCapabilities, ISupplicantStaIface is null for iface=wlan0
07-28 05:14:55.565  3435  4425 E WifiStaIfaceAidlImpl: getTwtCapabilities failed with service-specific exception: android.os.ServiceSpecificException:  (code 4)
07-28 05:14:55.565  3435  5010 W BestClock: java.time.DateTimeException: Missing network time fix
07-28 05:14:55.565  3435  4425 E WifiChipAidlImpl: enableStaChannelForPeerNetwork failed with service-specific exception: android.os.ServiceSpecificException:  (code 4)
07-28 05:14:55.566  3435  4425 D WifiNative: setWifiNativeInterfaceEventCallback
07-28 05:14:55.566  3435  4425 D WifiClientModeManager[59325:wlan0]: entering StartedState
07-28 05:14:55.566  1866  6434 I sensors-hal: qsh_conn_event_cb:756, event[0] msg_id=1025, ts=1221434088, sensor_type = oplus_activity_recognition  Wakeup
07-28 05:14:55.566  1866  6434 E sensors-hal: handle_sns_std_sensor_event:72, oplus_activity_recognition output: count: 1.000000, index: 1.000000, incar_state: 0.000000, actvity_mode: 3.000000, delta_time: 0.000000 !
07-28 05:14:55.567  4910  5439 D SceneEvent: onSensorChanged: name = oplus_activity_recognition  Wakeup
07-28 05:14:55.567  3435  4425 D WifiClientModeManager[59325:wlan0]: entering ScanOnlyModeState
07-28 05:14:55.567  3435  4425 D WifiScanRequestProxy: Sending scan available broadcast: true
07-28 05:14:55.567  4916  5363 D NhsSceneReceiver: onSensorChanged: name = oplus_activity_recognition  Wakeup
07-28 05:14:55.567  1846  4000 I LocSvc_ApiV02: <--- globalRespCb line 282 QMI_LOC_NOTIFY_WIFI_ENABLED_STATUS_REQ_V02
07-28 05:14:55.567  3435  5010 W BestClock: java.time.DateTimeException: Missing network time fix
07-28 05:14:55.567  3435  4425 I WifiScanRequestProxy: Scanning is enabled
07-28 05:14:55.567  3435  4425 I WifiScanRequestProxy: Scanning for hidden networks is disabled
07-28 05:14:55.567  1894  1894 E WifiHAL : wifi_get_gscan_capabilities: GSCAN is not supported by driver
07-28 05:14:55.567  3435  4430 E WifiStaIfaceAidlImpl: getBackgroundScanCapabilities failed with service-specific exception: android.os.ServiceSpecificException:  (code 4)
07-28 05:14:55.567  3435  3435 D OplusWifiBroadCastDispatcher: mBroadcastReceiver: onReceiver  action=android.net.wifi.action.WIFI_SCAN_AVAILABILITY_CHANGED
07-28 05:14:55.567  1894  1894 D WifiHAL : wifi_multi_sta_set_use_case: 0
07-28 05:14:55.567  3435  4541 D OplusWifiPower_ConnLpmEventObsever: onReceive EXTRA_SCAN_AVAILABLE availabe = true
07-28 05:14:55.567  3435  4541 D OplusWifiPowerService: onReceive action:android.net.wifi.action.WIFI_SCAN_AVAILABILITY_CHANGED
07-28 05:14:55.567  3435  4541 D OplusWifiSwitchStateMonitor: scan settings change to true
07-28 05:14:55.568  3435  4425 D WifiCountryCode: evaluateAllCmmStateAndApplyIfAllReady: {ConcreteClientModeManager{id=59325 iface=wlan0 role=ROLE_CLIENT_SCAN_ONLY}=true}
07-28 05:14:55.568  7010  7010 I OsAgent : onReceive: android.net.wifi.action.WIFI_SCAN_AVAILABILITY_CHANGED
07-28 05:14:55.568  3435  4425 D WifiCountryCode: Reading country code from telephony
07-28 05:14:55.568  7010  8461 I OsAgent : updateWiFiScanAvailState, scanAvailable: true
07-28 05:14:55.568  3435  4425 D WifiCountryCode: Set telephony country code to: 
07-28 05:14:55.568  3435  4425 D WifiCountryCode: updateCountryCode to US
07-28 05:14:55.568  3435  4425 D WifiCountryCode: setCountryCodeNative: US, isClientModeOnly: true mDriverCountryCode: US
07-28 05:14:55.568  4910  5859 W BestClock: java.time.DateTimeException: Missing network time fix
07-28 05:14:55.568  4910  5859 V MonthTrafficAlert: getWarningNotification subId:1 numWarningNotificaion:0
07-28 05:14:55.569  3435  4430 I WifiScanningService: Created a new impl for wlan0
07-28 05:14:55.569  3435  4430 I WifiScanningService: Received a request to enable scanning, UID = 1000
07-28 05:14:55.569  3435  4430 I WifiScanningService: scanner impls already exists
07-28 05:14:55.569  3435  4430 I WifiScanningService: wifi driver loaded with scan capabilities: max buckets=16
07-28 05:14:55.569  3435  4430 E WifiScanningService: wifi driver loaded received while already loaded
07-28 05:14:55.570  3435  5261 W BestClock: java.time.DateTimeException: Missing network time fix
07-28 05:14:55.570  4763  5715 V OplusCustomizeCacheManager: queryCache name: sys.cache.common_customize_cache18014 param: null
07-28 05:14:55.570  4763  5715 V OplusCustomizeCacheManager: queryCache name: sys.cache.common_customize_cache18017 param: Bundle[{SETTING=BLOCK, BUSINESS=NCT-DATA}]
07-28 05:14:55.570  4763  5715 V OplusCustomizeCacheManager: queryCache name: sys.cache.common_customize_cache18013 param: null
07-28 05:14:55.572  3435  5261 W BestClock: java.time.DateTimeException: Missing network time fix
07-28 05:14:55.573  3435  5261 W BestClock: java.time.DateTimeException: Missing network time fix
07-28 05:14:55.573  4763  5715 V OplusCustomizeCacheManager: queryCache name: sys.cache.common_customize_cache18014 param: null
07-28 05:14:55.573  4763  5715 V OplusCustomizeCacheManager: queryCache name: sys.cache.common_customize_cache18017 param: Bundle[{SETTING=BLOCK, BUSINESS=NCT-DATA}]
07-28 05:14:55.573  4763  5715 V OplusCustomizeCacheManager: queryCache name: sys.cache.common_customize_cache18013 param: null
07-28 05:14:55.575  5050  6211 D IWlanJni: getDataRegistrationState start
07-28 05:14:55.575  3435  5006 W BestClock: java.time.DateTimeException: Missing network time fix
07-28 05:14:55.575  5050  6244 D IWlanJni: new aidl event arrived
07-28 05:14:55.575  5050  6244 D IWlanJni: handleEvent 10
07-28 05:14:55.575  5050  6244 D IWlanJni: isThreadAttached start
07-28 05:14:55.575  5050  6244 D IWlanJni: jni detached
07-28 05:14:55.575  5050  6244 D IWlanJni: jni attached
07-28 05:14:55.575  5050  6244 D IWlanJni: getDataRegistrationStateResponse start
07-28 05:14:55.575  5050  6244 D IWlanJni: getJavaCallbackClass start
07-28 05:14:55.575  5050  6244 D IWlanJni: getJavaCallbackClass End midIs[1]
07-28 05:14:55.575  5050  6244 I IWlanAidlClient: getDataRegistrationStateResponse called
07-28 05:14:55.576  3435  5033 W BestClock: java.time.DateTimeException: Missing network time fix
07-28 05:14:55.576  5050  6243 W IWlanNetworkService: 6 > Response Processed
07-28 05:14:55.576  3435  5261 I OplusBinderProxy: pb uid: 10215 pid: 10775 desc: com.android.internal.telephony.IPhoneStateListener/10
07-28 05:14:55.576  4763  5715 V OplusCustomizeCacheManager: queryCache name: sys.cache.common_customize_cache18014 param: null
07-28 05:14:55.576  4763  5715 V OplusCustomizeCacheManager: queryCache name: sys.cache.common_customize_cache18017 param: Bundle[{SETTING=BLOCK, BUSINESS=NCT-DATA}]
07-28 05:14:55.576  4763  5715 V OplusCustomizeCacheManager: queryCache name: sys.cache.common_customize_cache18013 param: null
07-28 05:14:55.576  5050  6211 D IWlanJni: getDataRegistrationState start
07-28 05:14:55.576  4827  4827 D OplusTelephonyController: onSignalStrengthChanged: SignalStrength=SignalStrength:{mCdma=CellSignalStrengthCdma: cdmaDbm=2147483647 cdmaEcio=2147483647 evdoDbm=2147483647 evdoEcio=2147483647 evdoSnr=2147483647 level=0,mGsm=CellSignalStrengthGsm: rssi=2147483647 ber=2147483647 mTa=2147483647 mLevel=0,mWcdma=CellSignalStrengthWcdma: ss=2147483647 ber=2147483647 rscp=2147483647 ecno=2147483647 level=0,mTdscdma=CellSignalStrengthTdscdma: rssi=2147483647 ber=2147483647 rscp=2147483647 level=0,mLte=CellSignalStrengthLte: rssi=2147483647 rsrp=2147483647 rsrq=2147483647 rssnr=2147483647 cqiTableIndex=2147483647 cqi=2147483647 ta=2147483647 level=0 parametersUseForLevel=0,mNr=CellSignalStrengthNr:{ csiRsrp = 2147483647 csiRsrq = 2147483647 csiCqiTableIndex = 2147483647 csiCqiReport = [] ssRsrp = 2147483647 ssRsrq = 2147483647 ssSinr = 2147483647 level = 0 parametersUseForLevel = 0 timingAdvance = 2147483647 },primary=CellSignalStrengthLte}
07-28 05:14:55.577  5104  5104 D SubsysEventListenerManager-SubsysTelephonyCallback[0]: onSignalStrengthsChanged
07-28 05:14:55.577  4901  5023 D QtiOemHookAidl: oemHookRawIndication length=21
07-28 05:14:55.577  5050  6247 D IWlanJni: new aidl event arrived
07-28 05:14:55.577  5050  6247 D IWlanJni: handleEvent 10
07-28 05:14:55.577  5050  6247 D IWlanJni: isThreadAttached start
07-28 05:14:55.577  5050  6247 D IWlanJni: jni detached
07-28 05:14:55.578  5050  6247 D IWlanJni: jni attached
07-28 05:14:55.578  5050  6247 D IWlanJni: getDataRegistrationStateResponse start
07-28 05:14:55.578  5050  6247 D IWlanJni: getJavaCallbackClass start
07-28 05:14:55.578  5050  6247 D IWlanJni: getJavaCallbackClass End midIs[1]
07-28 05:14:55.578  5050  6247 I IWlanAidlClient: getDataRegistrationStateResponse called
07-28 05:14:55.578  4901  4901 D QcrilMsgTunnelIfaceManager: handleMessage what = 0
07-28 05:14:55.578  5050  6246 W IWlanNetworkService: 7 > Response Processed
07-28 05:14:55.579  4901  4901 D QC_RIL_OEM_HOOK: Received Broadcast Intent ACTION_UNSOL_RESPONSE_OEM_HOOK_RAW
07-28 05:14:55.579  5050  6211 D IWlanJni: getDataRegistrationState start
07-28 05:14:55.579  1846  3708 E LOCRIL_SESSION: operator():200] SubId: 1 Failed to get sim IO with error: 11
07-28 05:14:55.579  5050  6244 D IWlanJni: new aidl event arrived
07-28 05:14:55.579  5050  6244 D IWlanJni: handleEvent 10
07-28 05:14:55.579  5050  6244 D IWlanJni: isThreadAttached start
07-28 05:14:55.579  5050  6244 D IWlanJni: jni detached
07-28 05:14:55.579  5050  6244 D IWlanJni: jni attached
07-28 05:14:55.579  5050  6244 D IWlanJni: getDataRegistrationStateResponse start
07-28 05:14:55.579  5050  6244 D IWlanJni: getJavaCallbackClass start
07-28 05:14:55.579  5050  6244 D IWlanJni: getJavaCallbackClass End midIs[1]
07-28 05:14:55.579  5050  6244 I IWlanAidlClient: getDataRegistrationStateResponse called
07-28 05:14:55.579  5050  6243 W IWlanNetworkService: 8 > Response Processed
07-28 05:14:55.579  5050  6211 D IWlanJni: getDataRegistrationState start
07-28 05:14:55.579  1846  3708 E LOCRIL_SESSION: operator():200] SubId: 1 Failed to get sim IO with error: 11
07-28 05:14:55.579  4910  6365 D SaDataService: onTelephonyEventReport , subId= 0,slotId=-1 eventId=6030
07-28 05:14:55.579  5104  5147 D VendorTelephonyService: onTelephonyEventReport slotId =0 eventId=6030
07-28 05:14:55.579  5104  5147 D VendorTelephonyService: onTelephonyEventReport slotId =0 eventId=6030
07-28 05:14:55.579  5104  5104 D VendorCallService: notityEventUpdate, eventId:6030, slotId = 0
07-28 05:14:55.579  4910  6365 D TelephonyImpl: notify eventId:6030 for list size:2
07-28 05:14:55.579  1846  3708 E LOCRIL_SESSION: operator():241] SubId: 1 Failed to get sim IMSI with error: 11
07-28 05:14:55.580  5050  6247 D IWlanJni: new aidl event arrived
07-28 05:14:55.580  5050  6247 D IWlanJni: handleEvent 10
07-28 05:14:55.580  5050  6247 D IWlanJni: isThreadAttached start
07-28 05:14:55.580  5050  6247 D IWlanJni: jni detached
07-28 05:14:55.580  5050  6247 D IWlanJni: jni attached
07-28 05:14:55.580  5050  6247 D IWlanJni: getDataRegistrationStateResponse start
07-28 05:14:55.580  5050  6247 D IWlanJni: getJavaCallbackClass start
07-28 05:14:55.580  5050  6247 D IWlanJni: getJavaCallbackClass End midIs[1]
07-28 05:14:55.580  5050  6247 I IWlanAidlClient: getDataRegistrationStateResponse called
07-28 05:14:55.580  5050  6246 W IWlanNetworkService: 9 > Response Processed
07-28 05:14:55.580  1846  3708 E LOCRIL_SESSION: operator():241] SubId: 1 Failed to get sim IMSI with error: 11
07-28 05:14:55.581  4827  4827 D QC_RIL_OEM_HOOK: Received Broadcast Intent ACTION_UNSOL_RESPONSE_OEM_HOOK_RAW
07-28 05:14:55.581  4827  4827 D QC_RIL_OEM_HOOK: Received Broadcast Intent ACTION_UNSOL_RESPONSE_OEM_HOOK_RAW
07-28 05:14:55.581  4827  4827 D QC_RIL_OEM_HOOK: Received Broadcast Intent ACTION_UNSOL_RESPONSE_OEM_HOOK_RAW
07-28 05:14:55.581  3435  5006 W BestClock: java.time.DateTimeException: Missing network time fix
07-28 05:14:55.582  3435  5033 W BestClock: java.time.DateTimeException: Missing network time fix
07-28 05:14:55.582  4910  6365 D SaDataService: onTelephonyEventReport , subId= 0,slotId=-1 eventId=6030
07-28 05:14:55.582  4763  5715 V OplusCustomizeCacheManager: queryCache name: sys.cache.common_customize_cache18014 param: null
07-28 05:14:55.582  4763  5715 V OplusCustomizeCacheManager: queryCache name: sys.cache.common_customize_cache18017 param: Bundle[{SETTING=BLOCK, BUSINESS=NCT-DATA}]
07-28 05:14:55.582  4763  5715 V OplusCustomizeCacheManager: queryCache name: sys.cache.common_customize_cache18013 param: null
07-28 05:14:55.582  4910  6365 D TelephonyImpl: notify eventId:6030 for list size:2
07-28 05:14:55.582  5104  5147 D VendorTelephonyService: onTelephonyEventReport slotId =0 eventId=6030
07-28 05:14:55.582  5104  5147 D VendorTelephonyService: onTelephonyEventReport slotId =0 eventId=6030
07-28 05:14:55.582  5104  5104 D VendorCallService: notityEventUpdate, eventId:6030, slotId = 0
07-28 05:14:55.583  1846  3706 W LOCRIL_SESSION: operator():307] cellInfo list size is 0, Voice state: 3, data state: 3
07-28 05:14:55.584  4901  5023 D QtiOemHookAidl: oemHookRawIndication length=24
07-28 05:14:55.584  4901  4901 D QcrilMsgTunnelIfaceManager: handleMessage what = 0
07-28 05:14:55.585  4827  4827 D QC_RIL_OEM_HOOK: Received Broadcast Intent ACTION_UNSOL_RESPONSE_OEM_HOOK_RAW
07-28 05:14:55.585  4827  4827 D QC_RIL_OEM_HOOK: Received Broadcast Intent ACTION_UNSOL_RESPONSE_OEM_HOOK_RAW
07-28 05:14:55.586  5104  5104 D SubsysEventListenerManager-SubsysTelephonyCallback[0]: onRadioPowerStateChanged state:1
07-28 05:14:55.586  4901  8789 D QtiOemHookAidl: oemHookRawIndication length=24
07-28 05:14:55.586  2028  2028 E PowerMonitorService: Failed to open /proc/horae_qmi (2): No such file or directory
07-28 05:14:55.586  4901  4901 D QcrilMsgTunnelIfaceManager: handleMessage what = 0
07-28 05:14:55.586  4901  4901 D QC_RIL_OEM_HOOK: Received Broadcast Intent ACTION_UNSOL_RESPONSE_OEM_HOOK_RAW
07-28 05:14:55.587  4901  4901 D DeviceInfoAidlClient: onRadioPowerStateChanged
07-28 05:14:55.587  4901  4901 D QC_RIL_OEM_HOOK: Received Broadcast Intent ACTION_UNSOL_RESPONSE_OEM_HOOK_RAW
07-28 05:14:55.587  4901  4901 D DeviceInfoAidlClient: mRadioStateHdlr handleMessage()1
07-28 05:14:55.587  4901  4901 D DeviceInfoAidlClient: isRadioOn()=true
07-28 05:14:55.587  4901  4901 I DeviceInfoAidlClient: sendFeaturesSupported: power info support-true interactive state support-true
07-28 05:14:55.587  4993  6190 I QImsService: ImsRadioIndicationAidl : onRadioStateChanged()[SUB1]
07-28 05:14:55.587  4993  6190 I QImsService: ImsSenderRxr : [UNSL]< UNSOL_RADIO_STATE_CHANGED RADIO_ON[SUB1]
07-28 05:14:55.587  4993  5914 I QImsService: ImsRadioIndicationAidl : onRadioStateChanged()[SUB0]
07-28 05:14:55.587  4993  5914 I QImsService: ImsSenderRxr : [UNSL]< UNSOL_RADIO_STATE_CHANGED RADIO_ON[SUB0]
07-28 05:14:55.589  4901  8789 I DeviceInfoAidlClient: onPowerInfoReportingChanged - reporting enabled true [15, 20, 30, 50, 80]
07-28 05:14:55.589  4901  8789 D DeviceInfoAidlClient: isRadioOn()=true
07-28 05:14:55.589  4901  8789 I DeviceInfoAidlClient: isPowerInfoNeverSent=true batteryLevel=26 batteryLevelIndex=2 chargingMode=2 totalCapacity=5015300 powerSaveMode=false
07-28 05:14:55.589  4901  4901 D DeviceStatisticsService: onReceive: action= org.codeaurora.intent.action.RADIO_POWER_STATE
07-28 05:14:55.589  4901  4901 I DeviceStatisticsService: Receiving radio_power_state_changed, mIsDeviceInfoInitialized = true
07-28 05:14:55.589  4901  4901 I DeviceStatisticsService: radio power state changed to 1 for slot: 0
07-28 05:14:55.589  4901  4901 D DeviceInfoAidlClient: isRadioOn()=true
07-28 05:14:55.589  4901  4901 I DeviceInfoAidlClient: sendFeaturesSupported: power info support-true interactive state support-true
07-28 05:14:55.590  4901  8789 I DeviceInfoAidlClient: onDeviceInfoReportingChanged - reporting enabled true
07-28 05:14:55.590  5050  6211 D IWlanJni: getDataRegistrationState start
07-28 05:14:55.591  4901  4901 D DeviceStatisticsService: onReceive: action= org.codeaurora.intent.action.RADIO_POWER_STATE
07-28 05:14:55.591  4901  4901 I DeviceStatisticsService: Receiving radio_power_state_changed, mIsDeviceInfoInitialized = true
07-28 05:14:55.591  4901  4901 I DeviceStatisticsService: radio power state changed to 1 for slot: 1
07-28 05:14:55.592  4901  8789 D DeviceInfoAidlClient: getDeviceInfoSupportStatus()=1
07-28 05:14:55.592  4901  8789 D DeviceInfoAidlClient: isRadioOn()=true
07-28 05:14:55.592  4901  8789 I DeviceInfoAidlClient: deviceState=2
07-28 05:14:55.592  5050  6247 D IWlanJni: new aidl event arrived
07-28 05:14:55.592  5050  6247 D IWlanJni: handleEvent 10
07-28 05:14:55.592  5050  6247 D IWlanJni: isThreadAttached start
07-28 05:14:55.592  5050  6247 D IWlanJni: jni detached
07-28 05:14:55.592  5050  6247 D IWlanJni: jni attached
07-28 05:14:55.592  5050  6247 D IWlanJni: getDataRegistrationStateResponse start
07-28 05:14:55.592  5050  6247 D IWlanJni: getJavaCallbackClass start
07-28 05:14:55.592  5050  6247 D IWlanJni: getJavaCallbackClass End midIs[1]
07-28 05:14:55.592  5050  6247 I IWlanAidlClient: getDataRegistrationStateResponse called
07-28 05:14:55.592  5050  6246 W IWlanNetworkService: 10 > Response Processed
07-28 05:14:55.593  5050  6211 D IWlanJni: getDataRegistrationState start
07-28 05:14:55.593  1846  3706 W LOCRIL_SESSION: operator():307] cellInfo list size is 0, Voice state: 3, data state: 3
07-28 05:14:55.594  1846  3708 E LOCRIL_SESSION: operator():200] SubId: 1 Failed to get sim IO with error: 11
07-28 05:14:55.594  5050  6244 D IWlanJni: new aidl event arrived
07-28 05:14:55.594  5050  6244 D IWlanJni: handleEvent 10
07-28 05:14:55.594  1846  3708 E LOCRIL_SESSION: operator():241] SubId: 1 Failed to get sim IMSI with error: 11
07-28 05:14:55.594  5050  6244 D IWlanJni: isThreadAttached start
07-28 05:14:55.594  5050  6244 D IWlanJni: jni detached
07-28 05:14:55.594  5050  6244 D IWlanJni: jni attached
07-28 05:14:55.594  5050  6244 D IWlanJni: getDataRegistrationStateResponse start
07-28 05:14:55.594  5050  6244 D IWlanJni: getJavaCallbackClass start
07-28 05:14:55.594  5050  6244 D IWlanJni: getJavaCallbackClass End midIs[1]
07-28 05:14:55.594  5050  6244 I IWlanAidlClient: getDataRegistrationStateResponse called
07-28 05:14:55.595  5050  6243 W IWlanNetworkService: 11 > Response Processed
07-28 05:14:55.596  5104  5147 D VendorTelephonyService: onTelephonyEventReport slotId =0 eventId=6030
07-28 05:14:55.596  5104  5147 D VendorTelephonyService: onTelephonyEventReport slotId =0 eventId=6030
07-28 05:14:55.596  5104  5104 D VendorCallService: notityEventUpdate, eventId:6030, slotId = 0
07-28 05:14:55.596  4910  6364 D SaDataService: onTelephonyEventReport , subId= 0,slotId=-1 eventId=6030
07-28 05:14:55.596  4910  6364 D TelephonyImpl: notify eventId:6030 for list size:2
07-28 05:14:55.598  4901  8789 I DeviceInfoAidlClient: onPowerInfoReportingChanged - reporting enabled true [15, 20, 30, 50, 80]
07-28 05:14:55.598  4901  8789 D DeviceInfoAidlClient: isRadioOn()=true
07-28 05:14:55.599  4901  8789 I DeviceInfoAidlClient: isPowerInfoNeverSent=false batteryLevel=26 batteryLevelIndex=2 chargingMode=2 totalCapacity=5015300 powerSaveMode=false
07-28 05:14:55.599  4901  8789 I DeviceInfoAidlClient: onDeviceInfoReportingChanged - reporting enabled true
07-28 05:14:55.599  4901  8789 D DeviceInfoAidlClient: getDeviceInfoSupportStatus()=1
07-28 05:14:55.599  4901  8789 D DeviceInfoAidlClient: isRadioOn()=true
07-28 05:14:55.599  4901  8789 I DeviceInfoAidlClient: deviceState=2
07-28 05:14:55.600  2791  2791 I wificond: Regulatory domain changed to country: US on wiphy_index: 0
07-28 05:14:55.601  2791  2791 I wificond: UpdateBandInfo
07-28 05:14:55.601  6391  6391 I wpa_supplicant: p2p0: CTRL-EVENT-REGDOM-CHANGE init=DRIVER type=COUNTRY alpha2=US
07-28 05:14:55.601  4827  4827 V OplusCustomizeCacheManager: queryCache name: sys.cache.common_customize_cache18016 param: null
07-28 05:14:55.601  4827  4827 V OplusCustomizeCacheManager: queryCache name: sys.cache.common_customize_cache18013 param: null
07-28 05:14:55.601  4827  4827 V OplusCustomizeCacheManager: queryCache name: sys.cache.common_customize_cache18014 param: null
07-28 05:14:55.601  4827  4827 V OplusCustomizeCacheManager: queryCache name: sys.cache.common_customize_cache18017 param: Bundle[{SETTING=BLOCK, BUSINESS=NCT-DATA}]
07-28 05:14:55.601  2791  2791 I wificond: 2.4Ghz frequencies: 2412 2417 2422 2427 2432 2437 2442 2447 2452 2457 2462
07-28 05:14:55.601  2791  2791 I wificond: 5Ghz non-DFS frequencies: 5180 5200 5220 5240 5745 5765 5785 5805 5825
07-28 05:14:55.601  2791  2791 I wificond: 5Ghz DFS frequencies: 5260 5280 5300 5320 5500 5520 5540 5560 5580 5600 5620 5640 5660 5680 5700
07-28 05:14:55.601  2791  2791 I wificond: 6Ghz frequencies:
07-28 05:14:55.601  2791  2791 I wificond: 60Ghz frequencies:
07-28 05:14:55.601  3435  5185 D WifiNl80211Manager: OnRegDomainChanged US
07-28 05:14:55.601  3435  5185 D WifiNative: onCountryCodeChanged: US
07-28 05:14:55.601  3435  5185 I WifiCountryCode: Receive onDriverCountryCodeChanged US
07-28 05:14:55.602  3435  5185 D WifiScanRequestProxy: Sending scan available broadcast: true
07-28 05:14:55.602  3435  4430 I WifiScanningService: Received a request to enable scanning, UID = 1000
07-28 05:14:55.602  3435  4430 I WifiScanningService: scanner impls already exists
07-28 05:14:55.602  4827  4827 V OplusCustomizeCacheManager: queryCache name: sys.cache.common_customize_cache18016 param: null
07-28 05:14:55.602  3435  4430 E WifiScanningService: wifi driver loaded received while already loaded
07-28 05:14:55.602  4827  4827 V OplusCustomizeCacheManager: queryCache name: sys.cache.common_customize_cache18013 param: null
07-28 05:14:55.602  4827  4827 V OplusCustomizeCacheManager: queryCache name: sys.cache.common_customize_cache18014 param: null
07-28 05:14:55.602  4827  4827 V OplusCustomizeCacheManager: queryCache name: sys.cache.common_customize_cache18017 param: Bundle[{SETTING=BLOCK, BUSINESS=NCT-DATA}]
07-28 05:14:55.602  3435  5185 I WifiScanRequestProxy: Scanning is enabled
07-28 05:14:55.602  3435  5185 I WifiScanRequestProxy: Scanning for hidden networks is disabled
07-28 05:14:55.602  3435  3435 D OplusWifiBroadCastDispatcher: mBroadcastReceiver: onReceiver  action=android.net.wifi.action.WIFI_SCAN_AVAILABILITY_CHANGED
07-28 05:14:55.602  3435  4541 D OplusWifiPower_ConnLpmEventObsever: onReceive EXTRA_SCAN_AVAILABLE availabe = true
07-28 05:14:55.602  3435  4541 D OplusWifiPowerService: onReceive action:android.net.wifi.action.WIFI_SCAN_AVAILABILITY_CHANGED
07-28 05:14:55.602  3435  4541 D OplusWifiSwitchStateMonitor: scan settings change to true
07-28 05:14:55.602  7010  7010 I OsAgent : onReceive: android.net.wifi.action.WIFI_SCAN_AVAILABILITY_CHANGED
07-28 05:14:55.602  7010  8461 I OsAgent : updateWiFiScanAvailState, scanAvailable: true
07-28 05:14:55.603  4901  4901 D QcrilMsgTunnelIfaceManager: handleMessage what = 1
07-28 05:14:55.603  4901  4901 I QcrilOemhookMsgTunnel: [0]invokeOemRilRequestRaw: serial=1007 length=16
07-28 05:14:55.603  4901  5023 I QtiOemHookAidl: oemHookRawResponse: serial no: 1007 error: 0length=1
07-28 05:14:55.603  4901  4901 D QcrilMsgTunnelIfaceManager: handleMessage what = 2
07-28 05:14:55.603  4827  4827 D QC_RIL_OEM_HOOK: Received Broadcast Intent ACTION_UNSOL_RESPONSE_OEM_HOOK_RAW
07-28 05:14:55.603  4827  5482 D QC_RIL_OEM_HOOK: sendOemRilRequestRaw returns value = 1
07-28 05:14:55.603  4827  4827 D QC_RIL_OEM_HOOK: Received Broadcast Intent ACTION_UNSOL_RESPONSE_OEM_HOOK_RAW
07-28 05:14:55.603  4827  4827 D QC_RIL_OEM_HOOK: Received Broadcast Intent ACTION_UNSOL_RESPONSE_OEM_HOOK_RAW
07-28 05:14:55.603  4827  4827 D QC_RIL_OEM_HOOK: Received Broadcast Intent ACTION_UNSOL_RESPONSE_OEM_HOOK_RAW
07-28 05:14:55.603  4827  4827 D OplusPowerUpOptimizationImpl: onReceive: org.codeaurora.intent.action.RADIO_POWER_STATE
07-28 05:14:55.603  4827  5577 D OplusPowerUpOptimizationImpl: handleMessage what = 6
07-28 05:14:55.603  4827  5577 D OplusPowerUpOptimizationImpl: radio is available for slot: 0
07-28 05:14:55.604  4827  5577 D OplusPowerUpOptimizationImpl: trySendPhoneReady for slot: 0
07-28 05:14:55.604  4827  5577 D OplusPowerUpOptimizationImpl: Not sending ATEL ready: States: [0: {true, true, true, true}]
07-28 05:14:55.605  4827  4827 D CiWlanNotificationReceiver: ACTION_RADIO_POWER_STATE_CHANGED
07-28 05:14:55.606  5050  6211 D IWlanJni: getDataRegistrationState start
07-28 05:14:55.606  5050  6211 D IWlanJni: getDataRegistrationState start
07-28 05:14:55.607  5050  6244 D IWlanJni: new aidl event arrived
07-28 05:14:55.607  5050  6244 D IWlanJni: handleEvent 10
07-28 05:14:55.607  5050  6244 D IWlanJni: isThreadAttached start
07-28 05:14:55.607  5050  6244 D IWlanJni: jni detached
07-28 05:14:55.607  5050  6244 D IWlanJni: jni attached
07-28 05:14:55.607  5050  6244 D IWlanJni: getDataRegistrationStateResponse start
07-28 05:14:55.607  5050  6244 D IWlanJni: getJavaCallbackClass start
07-28 05:14:55.607  5050  6244 D IWlanJni: getJavaCallbackClass End midIs[1]
07-28 05:14:55.607  5050  6244 I IWlanAidlClient: getDataRegistrationStateResponse called
07-28 05:14:55.607  5050  6243 W IWlanNetworkService: 13 > Response Processed
07-28 05:14:55.608  5050  6247 D IWlanJni: new aidl event arrived
07-28 05:14:55.608  5050  6247 D IWlanJni: handleEvent 10
07-28 05:14:55.608  5050  6247 D IWlanJni: isThreadAttached start
07-28 05:14:55.608  5050  6247 D IWlanJni: jni detached
07-28 05:14:55.608  5050  6247 D IWlanJni: jni attached
07-28 05:14:55.608  5050  6247 D IWlanJni: getDataRegistrationStateResponse start
07-28 05:14:55.608  5050  6247 D IWlanJni: getJavaCallbackClass start
07-28 05:14:55.608  5050  6247 D IWlanJni: getJavaCallbackClass End midIs[1]
07-28 05:14:55.608  5050  6247 I IWlanAidlClient: getDataRegistrationStateResponse called
07-28 05:14:55.608  5050  6246 W IWlanNetworkService: 12 > Response Processed
07-28 05:14:55.611  4944  8931 D txpwrJni: new aidl event arrived
07-28 05:14:55.611  4944  8931 D txpwrJni: handleEvent 1
07-28 05:14:55.611  4944  8931 D txpwrJni: isThreadAttached start
07-28 05:14:55.611  4944  8931 D txpwrJni: jni detached
07-28 05:14:55.611  4944  8931 D txpwrJni: jni attached
07-28 05:14:55.611  4944  8931 D txpwrJni: getRadioStatus start
07-28 05:14:55.611  4944  8931 D txpwrJni: getJavaCallbackClass start
07-28 05:14:55.611  4944  8931 D txpwrJni: getJavaCallbackClass End midIs[1]
07-28 05:14:55.611  4944  8727 D txpwrJni: sendRadioStatus start
07-28 05:14:55.611  3435  4422 V NetworkPolicy: updateNotificationsNL not process
07-28 05:14:55.611  3435  4514 D CmccSliceManagerService: ACTION_DDS_SWITCH_DONE
07-28 05:14:55.612  3435  4514 D CmccSliceManagerService: cleanUpAndRestartSlice
07-28 05:14:55.612  3435  4514 D CmccSliceManagerService: cleanUpSlice
07-28 05:14:55.612  3435  4514 D CmccSliceManagerService: cleanUpSlice qcom
07-28 05:14:55.612  3435  4514 D CmccSliceManagerService: getDefaultDataSlotId0, subid: 1
07-28 05:14:55.612  3435  4514 E ActivityThread: Failed to find provider info for com.cmccslice.proxyapp.provider
07-28 05:14:55.612  3435  4514 D CmccSliceManagerService: loadUrsp qcomCursor=null, count=-1, slotId=0
07-28 05:14:55.612  3435  4514 D CmccSliceManagerService: loadUrsp: qcomCursor=[]
07-28 05:14:55.612  3435  4514 D CmccSliceManagerService: isFeatureEnable , rus : false Feature : false
07-28 05:14:55.612  3435  4514 D CmccSliceManagerService: requestSliceNetwork: feature not enabled
07-28 05:14:55.612  3435  4514 D CmccSliceManagerService: cleanUpAndRestartSlice qcom
07-28 05:14:55.612  4910  5856 D CellularEvent: onActiveDataSubscriptionIdChanged sub id:1
07-28 05:14:55.612  4944  8931 D txpwrJni: new aidl event arrived
07-28 05:14:55.612  4944  8931 D txpwrJni: handleEvent 1
07-28 05:14:55.612  4944  8931 D txpwrJni: isThreadAttached start
07-28 05:14:55.612  4944  8931 D txpwrJni: jni detached
07-28 05:14:55.612  4944  8931 D txpwrJni: jni attached
07-28 05:14:55.612  4944  8931 D txpwrJni: getRadioStatus start
07-28 05:14:55.612  4944  8931 D txpwrJni: getJavaCallbackClass start
07-28 05:14:55.612  4944  8931 D txpwrJni: getJavaCallbackClass End midIs[1]
07-28 05:14:55.612  5050  5050 D QCNEJ/WwanInfoRelay: onActiveSubscriptionsChanged activeCurrDDSId: 1 new DDS 1
07-28 05:14:55.612  5050  5050 D QCNEJ/WwanInfoRelay: onActiveSubscriptionsChanged activeCurrDDSId: 1 new DDS 1
07-28 05:14:55.612  4827  4827 D OplusPowerUpOptimizationImpl: onReceive: org.codeaurora.intent.action.RADIO_POWER_STATE
07-28 05:14:55.612  4763  4763 I KeyguardUpdateMonitor: refreshSimState, changed:false,subId:1,slotId:0,state:5
07-28 05:14:55.612  4827  5577 D OplusPowerUpOptimizationImpl: handleMessage what = 6
07-28 05:14:55.612  4827  5577 D OplusPowerUpOptimizationImpl: radio is available for slot: 1
07-28 05:14:55.612  4827  5577 D OplusPowerUpOptimizationImpl: trySendPhoneReady for slot: 1
07-28 05:14:55.612  4827  5577 D OplusPowerUpOptimizationImpl: Not sending ATEL ready: States: [1: {true, true, true, true}]
07-28 05:14:55.612  4763  5026 I SystemUi--QuickSettings: Tile.OplusCellularTile-->updateCarrierText: dialog not showing, ignore
07-28 05:14:55.612  4763  5026 D SimStateHelper: slot:0, lock state:Bundle[mParcelledData.dataSize=56]
07-28 05:14:55.612  4763  5026 D SimStateHelper: slot:1, lock state:Bundle[mParcelledData.dataSize=56]
07-28 05:14:55.612  4944  8727 D txpwrJni: sendRadioStatus start
07-28 05:14:55.612  4763  5026 D SimStateHelper: needDisableMenu: slot1State=-1; slot2State=-1
07-28 05:14:55.612  4763  5026 D SimStateHelper: needDisableMenu:false
07-28 05:14:55.613  4827  4827 D CiWlanNotificationReceiver: ACTION_RADIO_POWER_STATE_CHANGED
07-28 05:14:55.615  2026  2026 D SensorFeature: name=ssc_screenshot_info ,index = 22
07-28 05:14:55.615  2026  2026 D SensorFeature: write 29 bytes:59386069456,59394402789,165,0
07-28 05:14:55.618  3435  4425 D WifiNative: onSetCountryCodeSucceeded: US
07-28 05:14:55.618  3435  4425 I WifiCountryCode: Receive onSetCountryCodeSucceeded US
07-28 05:14:55.618  3435  4425 I WifiNl80211Manager: Receive country code change to US
07-28 05:14:55.618  2791  2791 I wificond: Receive notifyCountryCodeChanged
07-28 05:14:55.618  2791  2791 I wificond: UpdateBandInfo
07-28 05:14:55.618  3435  4425 D WifiScanRequestProxy: Sending scan available broadcast: true
07-28 05:14:55.619  3435  4430 I WifiScanningService: Received a request to enable scanning, UID = 1000
07-28 05:14:55.619  3435  4430 I WifiScanningService: scanner impls already exists
07-28 05:14:55.619  3435  4430 E WifiScanningService: wifi driver loaded received while already loaded
07-28 05:14:55.619  3435  4425 I WifiScanRequestProxy: Scanning is enabled
07-28 05:14:55.619  3435  4425 I WifiScanRequestProxy: Scanning for hidden networks is disabled
07-28 05:14:55.619  3435  4425 D WakeupController: start()
07-28 05:14:55.619  7010  7010 I OsAgent : onReceive: android.net.wifi.action.WIFI_SCAN_AVAILABILITY_CHANGED
07-28 05:14:55.619  3435  5185 W BestClock: java.time.DateTimeException: Missing network time fix
07-28 05:14:55.619  7010  8461 I OsAgent : updateWiFiScanAvailState, scanAvailable: true
07-28 05:14:55.619  2791  2791 I wificond: 2.4Ghz frequencies: 2412 2417 2422 2427 2432 2437 2442 2447 2452 2457 2462
07-28 05:14:55.619  2791  2791 I wificond: 5Ghz non-DFS frequencies: 5180 5200 5220 5240 5745 5765 5785 5805 5825
07-28 05:14:55.619  2791  2791 I wificond: 5Ghz DFS frequencies: 5260 5280 5300 5320 5500 5520 5540 5560 5580 5600 5620 5640 5660 5680 5700
07-28 05:14:55.619  2791  2791 I wificond: 6Ghz frequencies:
07-28 05:14:55.619  2791  2791 I wificond: 60Ghz frequencies:
07-28 05:14:55.619  3435  3435 D OplusWifiBroadCastDispatcher: mBroadcastReceiver: onReceiver  action=android.net.wifi.action.WIFI_SCAN_AVAILABILITY_CHANGED
07-28 05:14:55.619  3435  4541 D OplusWifiPower_ConnLpmEventObsever: onReceive EXTRA_SCAN_AVAILABLE availabe = true
07-28 05:14:55.619  3435  4541 D OplusWifiPowerService: onReceive action:android.net.wifi.action.WIFI_SCAN_AVAILABILITY_CHANGED
07-28 05:14:55.620  3435  4541 D OplusWifiSwitchStateMonitor: scan settings change to true
07-28 05:14:55.620  3435  4425 E WifiStaIfaceAidlImpl: setScanMode failed with service-specific exception: android.os.ServiceSpecificException:  (code 4)
07-28 05:14:55.620  3435  4425 I WifiService: Receive onDriverCountryCodeChanged to US, update available channel list
07-28 05:14:55.620  3435  4425 E ApConfigUtil: Malformed channel value detected: java.lang.NumberFormatException: For input string: ""
07-28 05:14:55.621  3435  5006 W BestClock: java.time.DateTimeException: Missing network time fix
07-28 05:14:55.621  4763  5026 I SystemUi--QuickSettings: Tile.OplusCellularTile-->updateCarrierText: dialog not showing, ignore
07-28 05:14:55.621  4763  5715 V OplusCustomizeCacheManager: queryCache name: sys.cache.common_customize_cache18014 param: null
07-28 05:14:55.621  4763  5715 V OplusCustomizeCacheManager: queryCache name: sys.cache.common_customize_cache18017 param: Bundle[{SETTING=BLOCK, BUSINESS=NCT-DATA}]
07-28 05:14:55.621  4763  5715 V OplusCustomizeCacheManager: queryCache name: sys.cache.common_customize_cache18013 param: null
07-28 05:14:55.621  3435  4425 E ApConfigUtil: Malformed channel value detected: java.lang.NumberFormatException: For input string: ""
07-28 05:14:55.621  4763  5026 D SimStateHelper: slot:0, lock state:Bundle[mParcelledData.dataSize=56]
07-28 05:14:55.622  4763  5026 D SimStateHelper: slot:1, lock state:Bundle[mParcelledData.dataSize=56]
07-28 05:14:55.622  4763  5026 D SimStateHelper: needDisableMenu: slot1State=-1; slot2State=-1
07-28 05:14:55.622  4763  5026 D SimStateHelper: needDisableMenu:false
07-28 05:14:55.622  3435  4425 E ApConfigUtil: Malformed channel value detected: java.lang.NumberFormatException: For input string: ""
07-28 05:14:55.622  4827  4827 D ServiceStateProvider: subId=1
07-28 05:14:55.623  4993  4993 I QImsService: OplusPhoneStateTracker : onServiceStateChanged
07-28 05:14:55.623  3435  4540 D OplusSoftApManager: Support Wi-Fi6 SAP
07-28 05:14:55.623  4993  4993 I QImsService: OplusPhoneStateTracker : onServiceStateChanged
07-28 05:14:55.624  3435  4582 V SettingsProvider: deleteSystemSetting(OPLUS_SLA_LAST_MCC, 0)
07-28 05:14:55.624  3435  4582 D SettingsProvider: delete system settings OPLUS_****_MCC pkg is  android user id is 0
07-28 05:14:55.624  4827  4844 W System  : A resource failed to call AbstractCursor.close. 
07-28 05:14:55.624  4827  4844 W System  : A resource failed to call AbstractCursor.close. 
07-28 05:14:55.624  4827  4844 W System  : A resource failed to call AbstractCursor.close. 
07-28 05:14:55.624  3435  4425 I WifiService: Receive onDriverCountryCodeChanged to US, update available channel list
07-28 05:14:55.624  3435  5185 W ContextImpl: Calling a method in the system process without a qualified user: android.app.ContextImpl.sendBroadcastMultiplePermissions:1311 android.content.Context.sendBroadcastMultiplePermissions:2524 com.android.server.TelephonyRegistry.broadcastServiceStateChanged:3740 com.android.server.TelephonyRegistry.notifyServiceStateForPhoneId:1787 com.android.internal.telephony.ITelephonyRegistry$Stub.onTransact:546 
07-28 05:14:55.624  5104  6200 D EfsNvDumpUnit[0]: onServiceStateChanged: voice reg state: OUT_OF_SERVICE data reg state: OUT_OF_SERVICE
07-28 05:14:55.624  5104  6200 D cellularState[0]: handleMessage: E msg.what=4
07-28 05:14:55.624  5104  6200 D cellularState[0]: processMsg: DataCallingState
07-28 05:14:55.624  5104  6200 D cellularState[0]: processMsg: NetworkAttachedState
07-28 05:14:55.624  5104  6200 D cellularState[0]: processMsg: SimReadyState
07-28 05:14:55.624  5104  6200 D cellularState[0]: processMsg: DefaultState
07-28 05:14:55.624  5104  6200 E cellularState[0]:  - unhandledMessage: msg.what=4
07-28 05:14:55.624  5104  6200 D cellularState[0]: handleMessage: X
07-28 05:14:55.624  5104  5104 D SubsysEventListenerManager-SubsysTelephonyCallback[0]: onServiceStateChanged
07-28 05:14:55.625  5104  5104 D ChinaRoamingControl: registTelephonyEvent onServiceStateChanged eventId:5, VoiceRegState:1, DataRegState:1
07-28 05:14:55.625  5104  5104 D QuickChangeAirplaneModeEvent: onServiceStateChanged slotId:0
07-28 05:14:55.625  4910  5856 D T-Recommend: onPreHandleMessage 1000
07-28 05:14:55.625  4910  5856 E CellularEvent: nri null ps
07-28 05:14:55.625  4910  5856 E CellularEvent: invalid nri
07-28 05:14:55.625  4910  5856 D T-Recommend: onPostHandleMessage 1000
07-28 05:14:55.625  3435  4582 W OplusSlaManager: updateMCC curMCC empty!
07-28 05:14:55.625  5104  5104 D QuickChangeAirplaneModeEvent: isBothCardInService is false
07-28 05:14:55.625  5104  5104 D MsimSubModeManager: registTelephonyEvent onServiceStateChanged eventId:3, VoiceRegState:1, DataRegState:1
07-28 05:14:55.625  5104  5104 E ExtremeCommUtils: getSwitchRusSupportMcc invalid index 1
07-28 05:14:55.625  5104  5104 D ExtremeCommUtils: isSupporCheck rusContain:false,propContain(persist.sys.oplus.support_hyper_uplink_mcc):false
07-28 05:14:55.625  5104  5104 D ExtremeCommService: handleServiceStateChanged mcc is null
07-28 05:14:55.625  5104  5104 D ChinaRoamingControl: handleMessage what:5
07-28 05:14:55.625  5104  5104 D MsimSubModeManager: handleMessage what:3
07-28 05:14:55.625  5104  5104 D MsimSubModeManager: getMsimSimServiceIn() i:0,mServiceState:1
07-28 05:14:55.625  5104  5104 D MsimSubModeManager: getMsimSimServiceIn() i:1,mServiceState:1
07-28 05:14:55.625  3435  4425 E ApConfigUtil: Malformed channel value detected: java.lang.NumberFormatException: For input string: ""
07-28 05:14:55.626  3435  5185 W ContextImpl: Calling a method in the system process without a qualified user: android.app.ContextImpl.sendBroadcastMultiplePermissions:1344 com.android.server.TelephonyRegistry.broadcastServiceStateChanged:3745 com.android.server.TelephonyRegistry.notifyServiceStateForPhoneId:1787 com.android.internal.telephony.ITelephonyRegistry$Stub.onTransact:546 android.os.Binder.execTransactInternal:1523 
07-28 05:14:55.626  3435  5261 W BestClock: java.time.DateTimeException: Missing network time fix
07-28 05:14:55.626  4910  5859 D OplusLinkBoostCommon: dds servicestate change
07-28 05:14:55.626  4910  5860 D NAS-CallIssueDetector: onServiceStateChanged
07-28 05:14:55.626  4910  5860 D OplusCiwlanController: [vodata] processServiceStateChanged  phoneid = 0, original roaming type = -1,roaming type = 0
07-28 05:14:55.626  4910  5860 D OplusCiwlanController: [vodata] processServiceStateChanged  phoneid = 1, original roaming type = -1,roaming type = 0
07-28 05:14:55.626  3435  3622 D LocationManagerService: passive provider added registration from 1000/android[CountryDetector]/8C892E99 -> Request[PASSIVE, minUpdateInterval=0, WorkSource{1000 android}] permissionLevel: 2 permitted: true
07-28 05:14:55.626  3435  5006 W BestClock: java.time.DateTimeException: Missing network time fix
07-28 05:14:55.627  4763  5715 V OplusCustomizeCacheManager: queryCache name: sys.cache.common_customize_cache18014 param: null
07-28 05:14:55.627  4763  5715 V OplusCustomizeCacheManager: queryCache name: sys.cache.common_customize_cache18017 param: Bundle[{SETTING=BLOCK, BUSINESS=NCT-DATA}]
07-28 05:14:55.627  4763  5715 V OplusCustomizeCacheManager: queryCache name: sys.cache.common_customize_cache18013 param: null
07-28 05:14:55.627  3435  5185 W ContextImpl: Calling a method in the system process without a qualified user: android.app.ContextImpl.sendBroadcastMultiplePermissions:1344 com.android.server.TelephonyRegistry.broadcastServiceStateChanged:3754 com.android.server.TelephonyRegistry.notifyServiceStateForPhoneId:1787 com.android.internal.telephony.ITelephonyRegistry$Stub.onTransact:546 android.os.Binder.execTransactInternal:1523 
07-28 05:14:55.627  4910  6129 D OplusSubWaySlowRecovery: getPreferSubId return 1
07-28 05:14:55.627  4910  6129 D SaDataFailRecovery/0: current is not in service,reset alarm
07-28 05:14:55.627  4910  6129 D OplusScanQrCodeRecoveryImpl: msg.what=3
07-28 05:14:55.627  4763  5114 I SystemUi--Statusbar: MobileConnectionRepositoryImpl-->subId:1 isSoftSimCard:false slotId:0
07-28 05:14:55.627  3435  5185 W ContextImpl: Calling a method in the system process without a qualified user: android.app.ContextImpl.sendBroadcastMultiplePermissions:1344 com.android.server.TelephonyRegistry.broadcastServiceStateChanged:3760 com.android.server.TelephonyRegistry.notifyServiceStateForPhoneId:1787 com.android.internal.telephony.ITelephonyRegistry$Stub.onTransact:546 android.os.Binder.execTransactInternal:1523 
07-28 05:14:55.627  4763  4763 I KeyguardUpdateMonitor: action=android.intent.action.SERVICE_STATE subId=1 slotId=0
07-28 05:14:55.628  4763  5026 I SystemUi--QuickSettings: Tile.OplusCellularTile-->updateCarrierText: dialog not showing, ignore
07-28 05:14:55.628  4763  5026 D SimStateHelper: slot:0, lock state:Bundle[mParcelledData.dataSize=56]
07-28 05:14:55.628  3435  4425 E ApConfigUtil: Malformed channel value detected: java.lang.NumberFormatException: For input string: ""
07-28 05:14:55.628  4763  5026 D SimStateHelper: slot:1, lock state:Bundle[mParcelledData.dataSize=56]
07-28 05:14:55.629  4763  5026 D SimStateHelper: needDisableMenu: slot1State=-1; slot2State=-1
07-28 05:14:55.629  4763  5026 D SimStateHelper: needDisableMenu:false
07-28 05:14:55.629  3435  4425 E ApConfigUtil: Malformed channel value detected: java.lang.NumberFormatException: For input string: ""
07-28 05:14:55.629  3435  4425 I WifiService: Receive onDriverCountryCodeChanged to US, update available channel list
07-28 05:14:55.629  4763  4924 I SystemUi--Statusbar: NetworkController.WifiSignalController-->wifi Broadcast action = android.telephony.action.SERVICE_PROVIDERS_UPDATED state=1 enabled=false connected=false isDefaultNetwork=false rssi=0 level=0 statusLabel = null isDirty = false
07-28 05:14:55.630  4763  5026 I SystemUi--QuickSettings: Tile.OplusCellularTile-->updateCarrierText: dialog not showing, ignore
07-28 05:14:55.630  3435  3838 D OomAdjuster: Not killing cached processes
07-28 05:14:55.630  4763  5026 D SimStateHelper: slot:0, lock state:Bundle[mParcelledData.dataSize=56]
07-28 05:14:55.630  4763  5026 D SimStateHelper: slot:1, lock state:Bundle[mParcelledData.dataSize=56]
07-28 05:14:55.630  4763  5026 D SimStateHelper: needDisableMenu: slot1State=-1; slot2State=-1
07-28 05:14:55.630  4763  5026 D SimStateHelper: needDisableMenu:false
07-28 05:14:55.630  3435  5185 W ContextImpl: Calling a method in the system process without a qualified user: android.app.ContextImpl.sendBroadcastMultiplePermissions:1311 android.content.Context.sendBroadcastMultiplePermissions:2524 com.android.server.TelephonyRegistry.broadcastServiceStateChanged:3740 com.android.server.TelephonyRegistry.notifyServiceStateForPhoneId:1787 com.android.internal.telephony.ITelephonyRegistry$Stub.onTransact:546 
07-28 05:14:55.631  3435  5006 W BestClock: java.time.DateTimeException: Missing network time fix
07-28 05:14:55.631  5874  5874 D CellBroadcastReceiver: onReceive Intent { act=android.intent.action.SERVICE_STATE flg=0x1000010 cmp=com.android.cellbroadcastreceiver.module/com.android.cellbroadcastreceiver.CellBroadcastReceiver (has extras) }
07-28 05:14:55.631  3435  4425 E ApConfigUtil: Malformed channel value detected: java.lang.NumberFormatException: For input string: ""
07-28 05:14:55.632  3435  5185 W ContextImpl: Calling a method in the system process without a qualified user: android.app.ContextImpl.sendBroadcastMultiplePermissions:1344 com.android.server.TelephonyRegistry.broadcastServiceStateChanged:3745 com.android.server.TelephonyRegistry.notifyServiceStateForPhoneId:1787 com.android.internal.telephony.ITelephonyRegistry$Stub.onTransact:546 android.os.Binder.execTransactInternal:1523 
07-28 05:14:55.632  4827  4827 D Telephony: isEmergencyPreferredAccount: subId=1, activeData=1
07-28 05:14:55.632  4827  4827 D Telephony: isEmergencyPreferredAccount: Device does not require preference.
07-28 05:14:55.633  3435  5185 W ContextImpl: Calling a method in the system process without a qualified user: android.app.ContextImpl.sendBroadcastMultiplePermissions:1344 com.android.server.TelephonyRegistry.broadcastServiceStateChanged:3754 com.android.server.TelephonyRegistry.notifyServiceStateForPhoneId:1787 com.android.internal.telephony.ITelephonyRegistry$Stub.onTransact:546 android.os.Binder.execTransactInternal:1523 
07-28 05:14:55.633  4827  4827 D InternationalRoamingNotification: init
07-28 05:14:55.633  3435  4425 E ApConfigUtil: Malformed channel value detected: java.lang.NumberFormatException: For input string: ""
07-28 05:14:55.633  5104  5147 D VirtualCommService2: isSupport. true, true
07-28 05:14:55.633  4827  4827 D OplusVirtualCommUtils: isVirtualCommSupport, vRet: true
07-28 05:14:55.633  3435  5261 W BestClock: java.time.DateTimeException: Missing network time fix
07-28 05:14:55.633  3435  5185 W ContextImpl: Calling a method in the system process without a qualified user: android.app.ContextImpl.sendBroadcastMultiplePermissions:1344 com.android.server.TelephonyRegistry.broadcastServiceStateChanged:3760 com.android.server.TelephonyRegistry.notifyServiceStateForPhoneId:1787 com.android.internal.telephony.ITelephonyRegistry$Stub.onTransact:546 android.os.Binder.execTransactInternal:1523 
07-28 05:14:55.633  4827  4827 I OplusVirtualCommUtils: getVirtualCommDeviceType, vRet: 1
07-28 05:14:55.633  4827  4827 I OplusVirtualCommUtils: isConsumerDeviceType, deviceType: 1
07-28 05:14:55.633  4763  5715 V OplusCustomizeCacheManager: queryCache name: sys.cache.common_customize_cache18014 param: null
07-28 05:14:55.633  4763  5715 V OplusCustomizeCacheManager: queryCache name: sys.cache.common_customize_cache18017 param: Bundle[{SETTING=BLOCK, BUSINESS=NCT-DATA}]
07-28 05:14:55.633  4763  5715 V OplusCustomizeCacheManager: queryCache name: sys.cache.common_customize_cache18013 param: null
07-28 05:14:55.634  4763  4763 I KeyguardUpdateMonitor: action=android.intent.action.SERVICE_STATE subId=-1 slotId=1
07-28 05:14:55.634  5874  5874 D CellBroadcastReceiver: onServiceStateChanged, ss: 1
07-28 05:14:55.634  4763  4763 W KeyguardUpdateMonitorLog: invalid subId in handleServiceStateChange()
07-28 05:14:55.634  4763  5026 I SystemUi--QuickSettings: Tile.OplusCellularTile-->updateCarrierText: dialog not showing, ignore
07-28 05:14:55.634  3435  4425 E ApConfigUtil: Malformed channel value detected: java.lang.NumberFormatException: For input string: ""
07-28 05:14:55.634  4763  5026 D SimStateHelper: slot:0, lock state:Bundle[mParcelledData.dataSize=56]
07-28 05:14:55.634  4763  5026 D SimStateHelper: slot:1, lock state:Bundle[mParcelledData.dataSize=56]
07-28 05:14:55.634  4763  5026 D SimStateHelper: needDisableMenu: slot1State=-1; slot2State=-1
07-28 05:14:55.634  4763  5026 D SimStateHelper: needDisableMenu:false
07-28 05:14:55.634  4827  4827 D InternationalRoamingNotification: do not createRoamingNotification for invalid Network
07-28 05:14:55.636  4827  4827 I Telephony: y0: onServiceStateChanged: newState=1, mServiceState=3
07-28 05:14:55.636  4827  4827 I Telephony: isRttCurrentlySupported -- regular acct, hasVoiceAvailability: false
07-28 05:14:55.636  4827  4827 I Telephony:  isRttSupported: false
07-28 05:14:55.636  4827  4827 I Telephony:  isUserRttSettingOn: false
07-28 05:14:55.636  4827  4827 I Telephony:  alwaysAllowWhileRoaming: false
07-28 05:14:55.636  4827  4827 I Telephony:  isRoaming: false
07-28 05:14:55.636  4827  4827 I Telephony:  isOnWfc: false
07-28 05:14:55.637  5874  5874 D CellBroadcastReceiver: networkOperator: 
07-28 05:14:55.637  5874  5874 D CellBroadcastReceiver: mockmodem is running? = false
07-28 05:14:55.637  5874  5874 D CellBroadcastReceiver: Start Cell Broadcast configuration for intent=ACTION_ENABLE_CHANNELS
07-28 05:14:55.638  5104  5104 D SubsysEventListenerManager-SubsysTelephonyCallback[0]: onSignalStrengthsChanged
07-28 05:14:55.638  3435  4434 D ConnectivityService: unregister offer from providerId 5 : NetworkOffer [ Provider Id (5) Score(Policies : YIELD_TO_BAD_WIFI&TRANSPORT_PRIMARY&EVER_EVALUATED&IS_UNMETERED&EVER_VALIDATED&IS_VALIDATED ; KeepConnected : 0) Caps [ Transports: CELLULAR|SATELLITE Capabilities: MMS&SUPL&DUN&FOTA&IMS&CBS&IA&RCS&XCAP&EIMS&INTERNET&NOT_RESTRICTED&TRUSTED&NOT_VPN&MCX&NOT_VCN_MANAGED&ENTERPRISE&VSIM&BIP&MMTEL&PRIORITIZE_LATENCY&PRIORITIZE_BANDWIDTH&NOT_BANDWIDTH_CONSTRAINED Specifier: <TelephonyNetworkSpecifier [mSubId = 1]> EnterpriseId: 1&2&3&4&5 UnderlyingNetworks: Null] Needed by [150, 108, 82, 195, 73, 50, 271, 200, 58, 180, 202, 90, 275, 62, 66, 86, 147, 210, 224, 215, 264, 42, 46, 102, 233, 68, 188, 36, 98, 260, 246, 242, 28, 184, 15, 40, 141, 26, 176, 236, 56, 79, 178, 226, 254, 44, 7, 106, 32, 244, 136, 34, 92, 277, 1, 169, 273, 160, 269, 18, 132, 190, 154, 157, 38, 186, 213, 48, 53, 228, 256, 205, 258, 30, 231, 134, 163, 218, 9, 182, 138, 266, 24, 167, 174, 144, 165]]
