07-28 21:52:08.297  4924  4952 W System  : A resource failed to call AbstractCursor.close. 
07-28 21:52:08.297  5007  5138 D SaDataService: onTelephonyEventReport , subId= 0,slotId=-1 eventId=6030
07-28 21:52:08.297  5007  5138 D TelephonyImpl: notify eventId:6030 for list size:2
07-28 21:52:08.299  5132  6178 D IWlanJni: getDataRegistrationState start
07-28 21:52:08.299  3341  4170 W BestClock: java.time.DateTimeException: Missing network time fix
07-28 21:52:08.299  5132  6187 D IWlanJni: new aidl event arrived
07-28 21:52:08.299  5132  6187 D IWlanJni: handleEvent 10
07-28 21:52:08.299  5132  6187 D IWlanJni: isThreadAttached start
07-28 21:52:08.299  5132  6187 D IWlanJni: jni detached
07-28 21:52:08.299  5132  6187 D IWlanJni: jni attached
07-28 21:52:08.299  5132  6187 D IWlanJni: getDataRegistrationStateResponse start
07-28 21:52:08.299  5132  6187 D IWlanJni: getJavaCallbackClass start
07-28 21:52:08.299  5132  6187 D IWlanJni: getJavaCallbackClass End midIs[1]
07-28 21:52:08.299  5132  6187 I IWlanAidlClient: getDataRegistrationStateResponse called
07-28 21:52:08.299  5132  6186 W IWlanNetworkService: 11 > Response Processed
07-28 21:52:08.300  3341  4170 W BestClock: java.time.DateTimeException: Missing network time fix
07-28 21:52:08.300  4924  4924 V OplusCustomizeCacheManager: queryCache name: sys.cache.common_customize_cache18016 param: null
07-28 21:52:08.300  4924  4924 V OplusCustomizeCacheManager: queryCache name: sys.cache.common_customize_cache18013 param: null
07-28 21:52:08.300  4924  4924 V OplusCustomizeCacheManager: queryCache name: sys.cache.common_customize_cache18014 param: null
07-28 21:52:08.300  4924  4924 V OplusCustomizeCacheManager: queryCache name: sys.cache.common_customize_cache18017 param: Bundle[{SETTING=BLOCK, BUSINESS=NCT-DATA}]
07-28 21:52:08.300  4842  5657 V OplusCustomizeCacheManager: queryCache name: sys.cache.common_customize_cache18014 param: null
07-28 21:52:08.300  4842  5657 V OplusCustomizeCacheManager: queryCache name: sys.cache.common_customize_cache18017 param: Bundle[{SETTING=BLOCK, BUSINESS=NCT-DATA}]
07-28 21:52:08.301  4842  5657 V OplusCustomizeCacheManager: queryCache name: sys.cache.common_customize_cache18013 param: null
07-28 21:52:08.301  4924  4924 V OplusCustomizeCacheManager: queryCache name: sys.cache.common_customize_cache18016 param: null
07-28 21:52:08.301  4924  4924 V OplusCustomizeCacheManager: queryCache name: sys.cache.common_customize_cache18013 param: null
07-28 21:52:08.301  4924  4924 V OplusCustomizeCacheManager: queryCache name: sys.cache.common_customize_cache18014 param: null
07-28 21:52:08.301  4924  4924 V OplusCustomizeCacheManager: queryCache name: sys.cache.common_customize_cache18017 param: Bundle[{SETTING=BLOCK, BUSINESS=NCT-DATA}]
07-28 21:52:08.301  4993  4993 D QcrilMsgTunnelIfaceManager: handleMessage what = 1
07-28 21:52:08.301  4993  4993 I QcrilOemhookMsgTunnel: [0]invokeOemRilRequestRaw: serial=1007 length=16
07-28 21:52:08.302  4924  4924 D QC_RIL_OEM_HOOK: Received Broadcast Intent ACTION_UNSOL_RESPONSE_OEM_HOOK_RAW
07-28 21:52:08.302  4924  4924 D QC_RIL_OEM_HOOK: Received Broadcast Intent ACTION_UNSOL_RESPONSE_OEM_HOOK_RAW
07-28 21:52:08.302  4924  4924 D QC_RIL_OEM_HOOK: Received Broadcast Intent ACTION_UNSOL_RESPONSE_OEM_HOOK_RAW
07-28 21:52:08.302  4924  4924 D OplusPowerUpOptimizationImpl: onReceive: org.codeaurora.intent.action.RADIO_POWER_STATE
07-28 21:52:08.303  4924  5482 D OplusPowerUpOptimizationImpl: handleMessage what = 6
07-28 21:52:08.303  5132  6178 D IWlanJni: getDataRegistrationState start
07-28 21:52:08.303  4924  5482 D OplusPowerUpOptimizationImpl: radio is available for slot: 1
07-28 21:52:08.303  4924  5482 D OplusPowerUpOptimizationImpl: trySendPhoneReady for slot: 1
07-28 21:52:08.303  4993  5098 I DeviceInfoAidlClient: onPowerInfoReportingChanged - reporting enabled true [15, 20, 30, 50, 80]
07-28 21:52:08.303  4924  5482 D OplusPowerUpOptimizationImpl: Not sending ATEL ready: States: [1: {true, true, true, true}]
07-28 21:52:08.303  4993  5098 D DeviceInfoAidlClient: isRadioOn()=true
07-28 21:52:08.303  4993  5098 I DeviceInfoAidlClient: isPowerInfoNeverSent=true batteryLevel=45 batteryLevelIndex=3 chargingMode=2 totalCapacity=4986600 powerSaveMode=false
07-28 21:52:08.303  4993  5098 I DeviceInfoAidlClient: onDeviceInfoReportingChanged - reporting enabled true
07-28 21:52:08.303  4924  4924 D CiWlanNotificationReceiver: ACTION_RADIO_POWER_STATE_CHANGED
07-28 21:52:08.303  4993  5024 I QtiOemHookAidl: oemHookRawResponse: serial no: 1007 error: 0length=1
07-28 21:52:08.303  5132  6187 D IWlanJni: new aidl event arrived
07-28 21:52:08.303  5132  6187 D IWlanJni: handleEvent 10
07-28 21:52:08.303  5132  6187 D IWlanJni: isThreadAttached start
07-28 21:52:08.303  5132  6187 D IWlanJni: jni detached
07-28 21:52:08.304  5132  6187 D IWlanJni: jni attached
07-28 21:52:08.304  5132  6187 D IWlanJni: getDataRegistrationStateResponse start
07-28 21:52:08.304  5132  6187 D IWlanJni: getJavaCallbackClass start
07-28 21:52:08.304  5132  6187 D IWlanJni: getJavaCallbackClass End midIs[1]
07-28 21:52:08.304  4993  5098 D DeviceInfoAidlClient: getDeviceInfoSupportStatus()=1
07-28 21:52:08.304  4993  5098 D DeviceInfoAidlClient: isRadioOn()=true
07-28 21:52:08.304  5132  6187 I IWlanAidlClient: getDataRegistrationStateResponse called
07-28 21:52:08.304  4993  5098 I DeviceInfoAidlClient: deviceState=2
07-28 21:52:08.304  4993  4993 D QcrilMsgTunnelIfaceManager: handleMessage what = 2
07-28 21:52:08.304  4993  5098 I DeviceInfoAidlClient: onPowerInfoReportingChanged - reporting enabled true [15, 20, 30, 50, 80]
07-28 21:52:08.304  4993  5098 D DeviceInfoAidlClient: isRadioOn()=true
07-28 21:52:08.304  4993  5098 I DeviceInfoAidlClient: isPowerInfoNeverSent=false batteryLevel=45 batteryLevelIndex=3 chargingMode=2 totalCapacity=4986600 powerSaveMode=false
07-28 21:52:08.304  4993  5098 I DeviceInfoAidlClient: onDeviceInfoReportingChanged - reporting enabled true
07-28 21:52:08.304  4993  5098 D DeviceInfoAidlClient: getDeviceInfoSupportStatus()=1
07-28 21:52:08.304  4993  5098 D DeviceInfoAidlClient: isRadioOn()=true
07-28 21:52:08.304  4993  5098 I DeviceInfoAidlClient: deviceState=2
07-28 21:52:08.304  1894  4414 I Dpps    : LtmSwState::SetParameter():144 ignore cmd 7 in state LtmOffState
07-28 21:52:08.304  5132  6186 W IWlanNetworkService: 12 > Response Processed
07-28 21:52:08.304  4924  5468 D QC_RIL_OEM_HOOK: sendOemRilRequestRaw returns value = 1
07-28 21:52:08.305  5132  6178 D IWlanJni: getDataRegistrationState start
07-28 21:52:08.306  5132  6197 D IWlanJni: new aidl event arrived
07-28 21:52:08.306  5132  6197 D IWlanJni: handleEvent 10
07-28 21:52:08.306  5132  6197 D IWlanJni: isThreadAttached start
07-28 21:52:08.306  5132  6197 D IWlanJni: jni detached
07-28 21:52:08.306  5132  6197 D IWlanJni: jni attached
07-28 21:52:08.306  5132  6197 D IWlanJni: getDataRegistrationStateResponse start
07-28 21:52:08.306  5132  6197 D IWlanJni: getJavaCallbackClass start
07-28 21:52:08.306  5132  6197 D IWlanJni: getJavaCallbackClass End midIs[1]
07-28 21:52:08.306  5132  6197 I IWlanAidlClient: getDataRegistrationStateResponse called
07-28 21:52:08.306  5132  6196 W IWlanNetworkService: 13 > Response Processed
07-28 21:52:08.307  4924  4924 D OplusPowerUpOptimizationImpl: onReceive: org.codeaurora.intent.action.RADIO_POWER_STATE
07-28 21:52:08.308  4924  5482 D OplusPowerUpOptimizationImpl: handleMessage what = 6
07-28 21:52:08.308  4924  5482 D OplusPowerUpOptimizationImpl: radio is available for slot: 0
07-28 21:52:08.308  4924  5482 D OplusPowerUpOptimizationImpl: trySendPhoneReady for slot: 0
07-28 21:52:08.308  4924  5482 D OplusPowerUpOptimizationImpl: Not sending ATEL ready: States: [0: {true, true, true, true}]
07-28 21:52:08.308  4924  4924 D CiWlanNotificationReceiver: ACTION_RADIO_POWER_STATE_CHANGED
07-28 21:52:08.309  3341  4469 V NetworkPolicy: updateNotificationsNL not process
07-28 21:52:08.309  3341  4566 D CmccSliceManagerService: ACTION_DDS_SWITCH_DONE
07-28 21:52:08.309  3341  4566 D CmccSliceManagerService: cleanUpAndRestartSlice
07-28 21:52:08.309  3341  4566 D CmccSliceManagerService: cleanUpSlice
07-28 21:52:08.309  3341  4566 D CmccSliceManagerService: cleanUpSlice qcom
07-28 21:52:08.309  5132  5132 D QCNEJ/WwanInfoRelay: onActiveSubscriptionsChanged activeCurrDDSId: 1 new DDS 1
07-28 21:52:08.309  4842  4842 I KeyguardUpdateMonitor: refreshSimState, changed:false,subId:1,slotId:0,state:5
07-28 21:52:08.309  3341  4566 D CmccSliceManagerService: getDefaultDataSlotId0, subid: 1
07-28 21:52:08.309  5132  5132 D QCNEJ/WwanInfoRelay: onActiveSubscriptionsChanged activeCurrDDSId: 1 new DDS 1
07-28 21:52:08.309  5007  5838 D CellularEvent: onActiveDataSubscriptionIdChanged sub id:1
07-28 21:52:08.310  4842  5096 I SystemUi--QuickSettings: Tile.OplusCellularTile-->updateCarrierText: dialog not showing, ignore
07-28 21:52:08.310  3341  4566 E ActivityThread: Failed to find provider info for com.cmccslice.proxyapp.provider
07-28 21:52:08.310  3341  4566 D CmccSliceManagerService: loadUrsp qcomCursor=null, count=-1, slotId=0
07-28 21:52:08.310  3341  4566 D CmccSliceManagerService: loadUrsp: qcomCursor=[]
07-28 21:52:08.310  3341  4566 D CmccSliceManagerService: isFeatureEnable , rus : false Feature : false
07-28 21:52:08.310  3341  4566 D CmccSliceManagerService: requestSliceNetwork: feature not enabled
07-28 21:52:08.310  3341  4566 D CmccSliceManagerService: cleanUpAndRestartSlice qcom
07-28 21:52:08.310  4842  5096 D SimStateHelper: slot:0, lock state:Bundle[mParcelledData.dataSize=56]
07-28 21:52:08.310  4842  5096 D SimStateHelper: slot:1, lock state:Bundle[mParcelledData.dataSize=56]
07-28 21:52:08.310  4842  5096 D SimStateHelper: needDisableMenu: slot1State=-1; slot2State=-1
07-28 21:52:08.310  4842  5096 D SimStateHelper: needDisableMenu:false
07-28 21:52:08.310  5056  8486 D txpwrJni: new aidl event arrived
07-28 21:52:08.311  5056  8486 D txpwrJni: handleEvent 1
07-28 21:52:08.311  5056  8486 D txpwrJni: isThreadAttached start
07-28 21:52:08.311  5056  8486 D txpwrJni: jni detached
07-28 21:52:08.311  4842  5011 I SystemUi--Statusbar: NetworkController.WifiSignalController-->wifi Broadcast action = android.telephony.action.SERVICE_PROVIDERS_UPDATED state=1 enabled=false connected=false isDefaultNetwork=false rssi=0 level=0 statusLabel = null isDirty = false
07-28 21:52:08.311  5056  8486 D txpwrJni: jni attached
07-28 21:52:08.311  5056  8486 D txpwrJni: getRadioStatus start
07-28 21:52:08.311  5056  8486 D txpwrJni: getJavaCallbackClass start
07-28 21:52:08.311  5056  8486 D txpwrJni: getJavaCallbackClass End midIs[1]
07-28 21:52:08.311  5056  7511 D txpwrJni: sendRadioStatus start
07-28 21:52:08.311  4842  5096 I SystemUi--QuickSettings: Tile.OplusCellularTile-->updateCarrierText: dialog not showing, ignore
07-28 21:52:08.311  4842  5096 D SimStateHelper: slot:0, lock state:Bundle[mParcelledData.dataSize=56]
07-28 21:52:08.312  3341  4170 W ContextImpl: Calling a method in the system process without a qualified user: android.app.ContextImpl.sendBroadcastMultiplePermissions:1311 android.content.Context.sendBroadcastMultiplePermissions:2524 com.android.server.TelephonyRegistry.broadcastServiceStateChanged:3740 com.android.server.TelephonyRegistry.notifyServiceStateForPhoneId:1787 com.android.internal.telephony.ITelephonyRegistry$Stub.onTransact:546 
07-28 21:52:08.312  4842  5096 D SimStateHelper: slot:1, lock state:Bundle[mParcelledData.dataSize=56]
07-28 21:52:08.312  4842  5096 D SimStateHelper: needDisableMenu: slot1State=-1; slot2State=-1
07-28 21:52:08.312  4842  5096 D SimStateHelper: needDisableMenu:false
07-28 21:52:08.312  5056  8486 D txpwrJni: new aidl event arrived
07-28 21:52:08.312  5056  8486 D txpwrJni: handleEvent 1
07-28 21:52:08.312  5056  8486 D txpwrJni: isThreadAttached start
07-28 21:52:08.312  5056  8486 D txpwrJni: jni detached
07-28 21:52:08.312  5056  8486 D txpwrJni: jni attached
07-28 21:52:08.312  5056  8486 D txpwrJni: getRadioStatus start
07-28 21:52:08.312  5056  8486 D txpwrJni: getJavaCallbackClass start
07-28 21:52:08.312  5056  8486 D txpwrJni: getJavaCallbackClass End midIs[1]
07-28 21:52:08.312  5056  7511 D txpwrJni: sendRadioStatus start
07-28 21:52:08.312  3341  4170 W ContextImpl: Calling a method in the system process without a qualified user: android.app.ContextImpl.sendBroadcastMultiplePermissions:1344 com.android.server.TelephonyRegistry.broadcastServiceStateChanged:3745 com.android.server.TelephonyRegistry.notifyServiceStateForPhoneId:1787 com.android.internal.telephony.ITelephonyRegistry$Stub.onTransact:546 android.os.Binder.execTransactInternal:1523 
07-28 21:52:08.313  4842  4842 I KeyguardUpdateMonitor: action=android.intent.action.SERVICE_STATE subId=-1 slotId=1
07-28 21:52:08.313  4842  4842 W KeyguardUpdateMonitorLog: invalid subId in handleServiceStateChange()
07-28 21:52:08.313  3341  4170 W ContextImpl: Calling a method in the system process without a qualified user: android.app.ContextImpl.sendBroadcastMultiplePermissions:1344 com.android.server.TelephonyRegistry.broadcastServiceStateChanged:3754 com.android.server.TelephonyRegistry.notifyServiceStateForPhoneId:1787 com.android.internal.telephony.ITelephonyRegistry$Stub.onTransact:546 android.os.Binder.execTransactInternal:1523 
07-28 21:52:08.313  4842  5096 I SystemUi--QuickSettings: Tile.OplusCellularTile-->updateCarrierText: dialog not showing, ignore
07-28 21:52:08.313  4842  5096 D SimStateHelper: slot:0, lock state:Bundle[mParcelledData.dataSize=56]
07-28 21:52:08.313  3341  4170 W ContextImpl: Calling a method in the system process without a qualified user: android.app.ContextImpl.sendBroadcastMultiplePermissions:1344 com.android.server.TelephonyRegistry.broadcastServiceStateChanged:3760 com.android.server.TelephonyRegistry.notifyServiceStateForPhoneId:1787 com.android.internal.telephony.ITelephonyRegistry$Stub.onTransact:546 android.os.Binder.execTransactInternal:1523 
07-28 21:52:08.313  4842  5096 D SimStateHelper: slot:1, lock state:Bundle[mParcelledData.dataSize=56]
07-28 21:52:08.313  4842  5096 D SimStateHelper: needDisableMenu: slot1State=-1; slot2State=-1
07-28 21:52:08.313  4842  5096 D SimStateHelper: needDisableMenu:false
07-28 21:52:08.313  3341  5266 W BestClock: java.time.DateTimeException: Missing network time fix
07-28 21:52:08.313  4842  5096 I SystemUi--QuickSettings: Tile.OplusCellularTile-->updateCarrierText: dialog not showing, ignore
07-28 21:52:08.314  4924  4924 D ServiceStateProvider: subId=1
07-28 21:52:08.314  4842  5096 D SimStateHelper: slot:0, lock state:Bundle[mParcelledData.dataSize=56]
07-28 21:52:08.314  3341  4639 V SettingsProvider: deleteSystemSetting(OPLUS_SLA_LAST_MCC, 0)
07-28 21:52:08.314  3341  4639 D SettingsProvider: delete system settings OPLUS_****_MCC pkg is  android user id is 0
07-28 21:52:08.314  4842  5096 D SimStateHelper: slot:1, lock state:Bundle[mParcelledData.dataSize=56]
07-28 21:52:08.314  4842  5096 D SimStateHelper: needDisableMenu: slot1State=-1; slot2State=-1
07-28 21:52:08.314  4842  5096 D SimStateHelper: needDisableMenu:false
07-28 21:52:08.314  3341  3649 D OomAdjuster: Not killing cached processes
07-28 21:52:08.314  5103  5103 I QImsService: OplusPhoneStateTracker : onServiceStateChanged
07-28 21:52:08.315  3341  5266 W ContextImpl: Calling a method in the system process without a qualified user: android.app.ContextImpl.sendBroadcastMultiplePermissions:1311 android.content.Context.sendBroadcastMultiplePermissions:2524 com.android.server.TelephonyRegistry.broadcastServiceStateChanged:3740 com.android.server.TelephonyRegistry.notifyServiceStateForPhoneId:1787 com.android.internal.telephony.ITelephonyRegistry$Stub.onTransact:546 
07-28 21:52:08.315  3341  5266 W ContextImpl: Calling a method in the system process without a qualified user: android.app.ContextImpl.sendBroadcastMultiplePermissions:1344 com.android.server.TelephonyRegistry.broadcastServiceStateChanged:3745 com.android.server.TelephonyRegistry.notifyServiceStateForPhoneId:1787 com.android.internal.telephony.ITelephonyRegistry$Stub.onTransact:546 android.os.Binder.execTransactInternal:1523 
07-28 21:52:08.315  4842  5169 I SystemUi--Statusbar: MobileConnectionRepositoryImpl-->subId:1 isSoftSimCard:false slotId:0
07-28 21:52:08.315  3341  5266 W ContextImpl: Calling a method in the system process without a qualified user: android.app.ContextImpl.sendBroadcastMultiplePermissions:1344 com.android.server.TelephonyRegistry.broadcastServiceStateChanged:3754 com.android.server.TelephonyRegistry.notifyServiceStateForPhoneId:1787 com.android.internal.telephony.ITelephonyRegistry$Stub.onTransact:546 android.os.Binder.execTransactInternal:1523 
07-28 21:52:08.316  5103  5103 I QImsService: OplusPhoneStateTracker : onServiceStateChanged
07-28 21:52:08.315  5836  5836 D CellBroadcastReceiver: onReceive Intent { act=android.intent.action.SERVICE_STATE flg=0x1000010 cmp=com.android.cellbroadcastreceiver.module/com.android.cellbroadcastreceiver.CellBroadcastReceiver (has extras) }
07-28 21:52:08.316  4924  4924 D Telephony: isEmergencyPreferredAccount: subId=1, activeData=1
07-28 21:52:08.316  4924  4924 D Telephony: isEmergencyPreferredAccount: Device does not require preference.
07-28 21:52:08.316  5007  5838 D T-Recommend: onPreHandleMessage 1000
07-28 21:52:08.316  5836  5836 D CellBroadcastReceiver: onServiceStateChanged, ss: 1
07-28 21:52:08.316  5007  5838 E CellularEvent: nri null ps
07-28 21:52:08.316  5007  5838 E CellularEvent: invalid nri
07-28 21:52:08.316  5007  5838 D T-Recommend: onPostHandleMessage 1000
07-28 21:52:08.316  5194  5194 D SubsysEventListenerManager-SubsysTelephonyCallback[0]: onServiceStateChanged
07-28 21:52:08.316  5194  5194 D ChinaRoamingControl: registTelephonyEvent onServiceStateChanged eventId:5, VoiceRegState:1, DataRegState:1
07-28 21:52:08.316  5194  5194 D QuickChangeAirplaneModeEvent: onServiceStateChanged slotId:0
07-28 21:52:08.316  4924  4924 D InternationalRoamingNotification: init
07-28 21:52:08.317  5194  5996 D EfsNvDumpUnit[0]: onServiceStateChanged: voice reg state: OUT_OF_SERVICE data reg state: OUT_OF_SERVICE
07-28 21:52:08.317  3341  5266 W ContextImpl: Calling a method in the system process without a qualified user: android.app.ContextImpl.sendBroadcastMultiplePermissions:1344 com.android.server.TelephonyRegistry.broadcastServiceStateChanged:3760 com.android.server.TelephonyRegistry.notifyServiceStateForPhoneId:1787 com.android.internal.telephony.ITelephonyRegistry$Stub.onTransact:546 android.os.Binder.execTransactInternal:1523 
07-28 21:52:08.317  5194  5996 D cellularState[0]: handleMessage: E msg.what=4
07-28 21:52:08.317  5194  5996 D cellularState[0]: processMsg: DataCallingState
07-28 21:52:08.317  5194  5996 D cellularState[0]: processMsg: NetworkAttachedState
07-28 21:52:08.317  5194  5996 D cellularState[0]: processMsg: SimReadyState
07-28 21:52:08.317  5194  5996 D cellularState[0]: processMsg: DefaultState
07-28 21:52:08.317  5194  5996 E cellularState[0]:  - unhandledMessage: msg.what=4
07-28 21:52:08.317  5194  5996 D cellularState[0]: handleMessage: X
07-28 21:52:08.317  5194  6321 D VirtualCommService2: isSupport. true, true
07-28 21:52:08.317  4924  4924 D OplusVirtualCommUtils: isVirtualCommSupport, vRet: true
07-28 21:52:08.317  5007  5878 D OplusSubWaySlowRecovery: getPreferSubId return 1
07-28 21:52:08.317  5007  5878 D OplusScanQrCodeRecoveryImpl: msg.what=3
07-28 21:52:08.317  5007  5842 D OplusLinkBoostCommon: dds servicestate change
07-28 21:52:08.317  4924  4924 I OplusVirtualCommUtils: getVirtualCommDeviceType, vRet: 1
07-28 21:52:08.317  4924  4924 I OplusVirtualCommUtils: isConsumerDeviceType, deviceType: 1
07-28 21:52:08.317  5007  5847 D NAS-CallIssueDetector: onServiceStateChanged
07-28 21:52:08.317  5007  5847 D OplusCiwlanController: [vodata] processServiceStateChanged  phoneid = 0, original roaming type = -1,roaming type = 0
07-28 21:52:08.317  5836  5836 D CellBroadcastReceiver: networkOperator: 
07-28 21:52:08.317  5007  5847 D OplusCiwlanController: [vodata] processServiceStateChanged  phoneid = 1, original roaming type = -1,roaming type = 0
07-28 21:52:08.318  3341  4639 W OplusSlaManager: updateMCC curMCC empty!
07-28 21:52:08.318  5836  5836 D CellBroadcastReceiver: mockmodem is running? = false
07-28 21:52:08.318  4924  4924 D InternationalRoamingNotification: do not createRoamingNotification for invalid Network
07-28 21:52:08.318  5007  5878 D SaDataFailRecovery/0: current is not in service,reset alarm
07-28 21:52:08.318  5836  5836 D CellBroadcastReceiver: Start Cell Broadcast configuration for intent=ACTION_ENABLE_CHANNELS
07-28 21:52:08.319  4924  4924 I Telephony: y0: onServiceStateChanged: newState=1, mServiceState=3
07-28 21:52:08.319  4924  4924 I Telephony: isRttCurrentlySupported -- regular acct, hasVoiceAvailability: false
07-28 21:52:08.319  4924  4924 I Telephony:  isRttSupported: false
07-28 21:52:08.319  4924  4924 I Telephony:  isUserRttSettingOn: false
07-28 21:52:08.319  4924  4924 I Telephony:  alwaysAllowWhileRoaming: false
07-28 21:52:08.319  4924  4924 I Telephony:  isRoaming: false
07-28 21:52:08.319  4924  4924 I Telephony:  isOnWfc: false
07-28 21:52:08.319  5194  5194 D QuickChangeAirplaneModeEvent: isBothCardInService is false
07-28 21:52:08.319  5194  5194 D MsimSubModeManager: registTelephonyEvent onServiceStateChanged eventId:3, VoiceRegState:1, DataRegState:1
07-28 21:52:08.319  5194  5194 E ExtremeCommUtils: getSwitchRusSupportMcc invalid index 1
07-28 21:52:08.319  5194  5194 D ExtremeCommUtils: isSupporCheck rusContain:false,propContain(persist.sys.oplus.support_hyper_uplink_mcc):false
07-28 21:52:08.319  5194  5194 D ExtremeCommService: handleServiceStateChanged mcc is null
07-28 21:52:08.319  5194  5194 D ChinaRoamingControl: handleMessage what:5
07-28 21:52:08.319  5194  5194 D MsimSubModeManager: handleMessage what:3
07-28 21:52:08.319  5194  5194 D MsimSubModeManager: getMsimSimServiceIn() i:0,mServiceState:1
07-28 21:52:08.319  5194  5194 D MsimSubModeManager: getMsimSimServiceIn() i:1,mServiceState:1
07-28 21:52:08.320  3341  4170 W BestClock: java.time.DateTimeException: Missing network time fix
07-28 21:52:08.320  4842  4842 I KeyguardUpdateMonitor: action=android.intent.action.SERVICE_STATE subId=1 slotId=0
07-28 21:52:08.320  4842  5096 I SystemUi--QuickSettings: Tile.OplusCellularTile-->updateCarrierText: dialog not showing, ignore
07-28 21:52:08.320  3341  4481 D ConnectivityService: unregister offer from providerId 5 : NetworkOffer [ Provider Id (5) Score(Policies : YIELD_TO_BAD_WIFI&TRANSPORT_PRIMARY&EVER_EVALUATED&IS_UNMETERED&EVER_VALIDATED&IS_VALIDATED ; KeepConnected : 0) Caps [ Transports: CELLULAR|SATELLITE Capabilities: MMS&SUPL&DUN&FOTA&IMS&CBS&IA&RCS&XCAP&EIMS&INTERNET&NOT_RESTRICTED&TRUSTED&NOT_VPN&MCX&NOT_VCN_MANAGED&ENTERPRISE&VSIM&BIP&MMTEL&PRIORITIZE_LATENCY&PRIORITIZE_BANDWIDTH&NOT_BANDWIDTH_CONSTRAINED Specifier: <TelephonyNetworkSpecifier [mSubId = 1]> EnterpriseId: 1&2&3&4&5 UnderlyingNetworks: Null] Needed by [48, 24, 42, 269, 192, 83, 38, 109, 201, 151, 1, 90, 275, 102, 167, 18, 189, 50, 67, 259, 44, 242, 9, 271, 137, 158, 236, 240, 206, 197, 281, 58, 162, 142, 266, 65, 187, 252, 182, 248, 30, 174, 26, 36, 156, 194, 46, 132, 153, 215, 221, 85, 53, 232, 146, 164, 72, 184, 230, 228, 277, 255, 70, 264, 92, 211, 226, 32, 172, 178, 34, 95, 7, 273, 176, 106, 257, 279, 56, 15, 246, 160, 169, 180, 28, 79, 209, 40, 140]]
07-28 21:52:08.320  4842  5096 D SimStateHelper: slot:0, lock state:Bundle[mParcelledData.dataSize=56]
07-28 21:52:08.320  3341  3582 D LocationManagerService: passive provider added registration from 1000/android[CountryDetector]/55FDB0A9 -> Request[PASSIVE, minUpdateInterval=0, WorkSource{1000 android}] permissionLevel: 2 permitted: true
07-28 21:52:08.320  4842  5096 D SimStateHelper: slot:1, lock state:Bundle[mParcelledData.dataSize=56]
07-28 21:52:08.320  4842  5096 D SimStateHelper: needDisableMenu: slot1State=-1; slot2State=-1
07-28 21:52:08.320  4842  5096 D SimStateHelper: needDisableMenu:false
07-28 21:52:08.320  4842  5657 V OplusCustomizeCacheManager: queryCache name: sys.cache.common_customize_cache18014 param: null
07-28 21:52:08.321  4842  5657 V OplusCustomizeCacheManager: queryCache name: sys.cache.common_customize_cache18017 param: Bundle[{SETTING=BLOCK, BUSINESS=NCT-DATA}]
07-28 21:52:08.321  4842  5657 V OplusCustomizeCacheManager: queryCache name: sys.cache.common_customize_cache18013 param: null
07-28 21:52:08.321  3341  4481 D ConnectivityService: update offer from providerId 5 new : NetworkOffer [ Provider Id (5) Score(Policies : YIELD_TO_BAD_WIFI&TRANSPORT_PRIMARY&EVER_EVALUATED&IS_UNMETERED&EVER_VALIDATED&IS_VALIDATED ; KeepConnected : 0) Caps [ Transports: CELLULAR|SATELLITE Capabilities: MMS&SUPL&DUN&FOTA&IMS&CBS&IA&RCS&XCAP&EIMS&INTERNET&NOT_RESTRICTED&TRUSTED&NOT_VPN&MCX&NOT_VCN_MANAGED&ENTERPRISE&VSIM&BIP&MMTEL&PRIORITIZE_LATENCY&PRIORITIZE_BANDWIDTH&NOT_BANDWIDTH_CONSTRAINED Specifier: <TelephonyNetworkSpecifier [mSubId = 1]> EnterpriseId: 1&2&3&4&5 UnderlyingNetworks: Null] Needed by [48, 24, 42, 269, 192, 83, 38, 109, 201, 151, 1, 90, 275, 102, 167, 18, 189, 50, 67, 259, 44, 242, 9, 271, 137, 158, 236, 240, 206, 197, 281, 58, 162, 142, 266, 65, 187, 252, 182, 248, 30, 174, 26, 36, 156, 194, 46, 132, 153, 215, 221, 85, 53, 232, 146, 164, 72, 184, 230, 228, 277, 255, 70, 264, 92, 211, 226, 32, 172, 178, 34, 95, 7, 273, 176, 106, 257, 279, 56, 15, 246, 160, 169, 180, 28, 79, 209, 40, 140]]
07-28 21:52:08.321  5836  5836 D CellBroadcastReceiver: onReceive Intent { act=android.intent.action.SERVICE_STATE flg=0x1000010 cmp=com.android.cellbroadcastreceiver.module/com.android.cellbroadcastreceiver.CellBroadcastReceiver (has extras) }
07-28 21:52:08.321  5836  5836 D CellBroadcastReceiver: onServiceStateChanged, ss: 1
07-28 21:52:08.321  5836  5836 D CellBroadcastReceiver: networkOperator: 
07-28 21:52:08.321  3341  4481 D ConnectivityService: unregister offer from providerId 6 : NetworkOffer [ Provider Id (6) Score(Policies : YIELD_TO_BAD_WIFI&EVER_EVALUATED&IS_UNMETERED&EVER_VALIDATED&IS_VALIDATED ; KeepConnected : 0) Caps [ Transports: CELLULAR|SATELLITE Capabilities: MMS&SUPL&DUN&FOTA&IMS&CBS&IA&RCS&XCAP&EIMS&INTERNET&NOT_RESTRICTED&TRUSTED&NOT_VPN&MCX&NOT_VCN_MANAGED&ENTERPRISE&VSIM&BIP&MMTEL&PRIORITIZE_LATENCY&PRIORITIZE_BANDWIDTH&NOT_BANDWIDTH_CONSTRAINED Specifier: <TelephonyNetworkSpecifier [mSubId = -1]> EnterpriseId: 1&2&3&4&5 UnderlyingNetworks: Null] Needed by [48, 24, 42, 269, 192, 83, 38, 109, 201, 151, 1, 90, 275, 102, 167, 18, 189, 50, 67, 259, 44, 242, 9, 271, 137, 158, 236, 240, 206, 197, 281, 58, 162, 142, 266, 65, 187, 252, 182, 248, 30, 174, 26, 36, 156, 194, 46, 132, 153, 215, 221, 85, 53, 232, 146, 164, 72, 184, 230, 228, 277, 255, 70, 264, 92, 211, 226, 32, 172, 178, 34, 95, 7, 273, 176, 106, 257, 279, 56, 15, 246, 160, 169, 180, 28, 79, 209, 40, 140]]
07-28 21:52:08.321  5836 13087 D CellBroadcastConfigService: Enable CellBroadcast on sub 1
07-28 21:52:08.321  3341  4481 D ConnectivityService: update offer from providerId 6 new : NetworkOffer [ Provider Id (6) Score(Policies : YIELD_TO_BAD_WIFI&EVER_EVALUATED&IS_UNMETERED&EVER_VALIDATED&IS_VALIDATED ; KeepConnected : 0) Caps [ Transports: CELLULAR|SATELLITE Capabilities: MMS&SUPL&DUN&FOTA&IMS&CBS&IA&RCS&XCAP&EIMS&INTERNET&NOT_RESTRICTED&TRUSTED&NOT_VPN&MCX&NOT_VCN_MANAGED&ENTERPRISE&VSIM&BIP&MMTEL&PRIORITIZE_LATENCY&PRIORITIZE_BANDWIDTH&NOT_BANDWIDTH_CONSTRAINED Specifier: <TelephonyNetworkSpecifier [mSubId = -1]> EnterpriseId: 1&2&3&4&5 UnderlyingNetworks: Null] Needed by [48, 24, 42, 269, 192, 83, 38, 109, 201, 151, 1, 90, 275, 102, 167, 18, 189, 50, 67, 259, 44, 242, 9, 271, 137, 158, 236, 240, 206, 197, 281, 58, 162, 142, 266, 65, 187, 252, 182, 248, 30, 174, 26, 36, 156, 194, 46, 132, 153, 215, 221, 85, 53, 232, 146, 164, 72, 184, 230, 228, 277, 255, 70, 264, 92, 211, 226, 32, 172, 178, 34, 95, 7, 273, 176, 106, 257, 279, 56, 15, 246, 160, 169, 180, 28, 79, 209, 40, 140]]
07-28 21:52:08.322  4924  4924 V OplusCustomizeCacheManager: queryCache name: sys.cache.common_customize_cache18016 param: null
07-28 21:52:08.322  4924  4924 V OplusCustomizeCacheManager: queryCache name: sys.cache.common_customize_cache18013 param: null
07-28 21:52:08.322  4924  4924 V OplusCustomizeCacheManager: queryCache name: sys.cache.common_customize_cache18014 param: null
07-28 21:52:08.322  4924  4924 V OplusCustomizeCacheManager: queryCache name: sys.cache.common_customize_cache18017 param: Bundle[{SETTING=BLOCK, BUSINESS=NCT-DATA}]
07-28 21:52:08.322  4924  4924 V OplusCustomizeCacheManager: queryCache name: sys.cache.common_customize_cache18016 param: null
07-28 21:52:08.322  4924  4924 V OplusCustomizeCacheManager: queryCache name: sys.cache.common_customize_cache18013 param: null
07-28 21:52:08.322  4924  4924 V OplusCustomizeCacheManager: queryCache name: sys.cache.common_customize_cache18014 param: null
07-28 21:52:08.322  4924  4924 V OplusCustomizeCacheManager: queryCache name: sys.cache.common_customize_cache18017 param: Bundle[{SETTING=BLOCK, BUSINESS=NCT-DATA}]
07-28 21:52:08.323  5194  5194 D SubsysEventListenerManager-SubsysTelephonyCallback[0]: onSignalStrengthsChanged
07-28 21:52:08.324  3341  4170 W BestClock: java.time.DateTimeException: Missing network time fix
07-28 21:52:08.324  4924  4924 D InternationalRoamingNotification: init
07-28 21:52:08.324  5194  6321 D VirtualCommService2: isSupport. true, true
07-28 21:52:08.324  4924  4924 D OplusVirtualCommUtils: isVirtualCommSupport, vRet: true
07-28 21:52:08.324  4924  4924 I OplusVirtualCommUtils: getVirtualCommDeviceType, vRet: 1
07-28 21:52:08.324  4924  4924 I OplusVirtualCommUtils: isConsumerDeviceType, deviceType: 1
07-28 21:52:08.325  4924  4924 D InternationalRoamingNotification: do not createRoamingNotification for invalid Network
07-28 21:52:08.325  4924  4924 D OplusTelephonyController: onSignalStrengthChanged: SignalStrength=SignalStrength:{mCdma=CellSignalStrengthCdma: cdmaDbm=2147483647 cdmaEcio=2147483647 evdoDbm=2147483647 evdoEcio=2147483647 evdoSnr=2147483647 level=0,mGsm=CellSignalStrengthGsm: rssi=2147483647 ber=2147483647 mTa=2147483647 mLevel=0,mWcdma=CellSignalStrengthWcdma: ss=2147483647 ber=2147483647 rscp=2147483647 ecno=2147483647 level=0,mTdscdma=CellSignalStrengthTdscdma: rssi=2147483647 ber=2147483647 rscp=2147483647 level=0,mLte=CellSignalStrengthLte: rssi=2147483647 rsrp=2147483647 rsrq=2147483647 rssnr=2147483647 cqiTableIndex=2147483647 cqi=2147483647 ta=2147483647 level=0 parametersUseForLevel=0,mNr=CellSignalStrengthNr:{ csiRsrp = 2147483647 csiRsrq = 2147483647 csiCqiTableIndex = 2147483647 csiCqiReport = [] ssRsrp = 2147483647 ssRsrq = 2147483647 ssSinr = 2147483647 level = 0 parametersUseForLevel = 0 timingAdvance = 2147483647 },primary=CellSignalStrengthLte}
07-28 21:52:08.325  4924  5948 D CellBroadcastConfigTracker-0: Failed to set cdma config
07-28 21:52:08.325  3341  4170 W BestClock: java.time.DateTimeException: Missing network time fix
07-28 21:52:08.326  5836  5910 E CellBroadcastConfigService: fails to setCellBroadcastRanges, result = 2
07-28 21:52:08.326  5194  5194 D SubsysEventListenerManager-SubsysTelephonyCallback[0]: onCellInfoChanged
07-28 21:52:08.326  4842  5657 V OplusCustomizeCacheManager: queryCache name: sys.cache.common_customize_cache18014 param: null
07-28 21:52:08.326  4842  5657 V OplusCustomizeCacheManager: queryCache name: sys.cache.common_customize_cache18017 param: Bundle[{SETTING=BLOCK, BUSINESS=NCT-DATA}]
07-28 21:52:08.326  4842  5657 V OplusCustomizeCacheManager: queryCache name: sys.cache.common_customize_cache18013 param: null
07-28 21:52:08.328  3341  5192 W BestClock: java.time.DateTimeException: Missing network time fix
07-28 21:52:08.329  3341  5192 W BestClock: java.time.DateTimeException: Missing network time fix
07-28 21:52:08.329  4842  5657 V OplusCustomizeCacheManager: queryCache name: sys.cache.common_customize_cache18014 param: null
07-28 21:52:08.329  4842  5657 V OplusCustomizeCacheManager: queryCache name: sys.cache.common_customize_cache18017 param: Bundle[{SETTING=BLOCK, BUSINESS=NCT-DATA}]
07-28 21:52:08.329  4842  5657 V OplusCustomizeCacheManager: queryCache name: sys.cache.common_customize_cache18013 param: null
07-28 21:52:08.331  3341  3452 W BestClock: java.time.DateTimeException: Missing network time fix
07-28 21:52:08.332  3341  3452 W BestClock: java.time.DateTimeException: Missing network time fix
07-28 21:52:08.332  4842  5657 V OplusCustomizeCacheManager: queryCache name: sys.cache.common_customize_cache18014 param: null
07-28 21:52:08.332  4842  5657 V OplusCustomizeCacheManager: queryCache name: sys.cache.common_customize_cache18017 param: Bundle[{SETTING=BLOCK, BUSINESS=NCT-DATA}]
07-28 21:52:08.332  4842  5657 V OplusCustomizeCacheManager: queryCache name: sys.cache.common_customize_cache18013 param: null
07-28 21:52:08.333  1923  1956 I [UAH_CLIENT]: UahRelease, handle:42
07-28 21:52:08.339  3341  4471 D WifiNative: onSetCountryCodeSucceeded: US
07-28 21:52:08.339  3341  4471 I WifiCountryCode: Receive onSetCountryCodeSucceeded US
07-28 21:52:08.339  3341  4471 I WifiNl80211Manager: Receive country code change to US
07-28 21:52:08.340  3341  4471 D WifiScanRequestProxy: Sending scan available broadcast: true
07-28 21:52:08.340  3341  4476 I WifiScanningService: Received a request to enable scanning, UID = 1000
07-28 21:52:08.340  3341  4476 I WifiScanningService: scanner impls already exists
07-28 21:52:08.340  3341  4476 E WifiScanningService: wifi driver loaded received while already loaded
07-28 21:52:08.340  3341  4471 I WifiScanRequestProxy: Scanning is enabled
07-28 21:52:08.340  3341  4471 I WifiScanRequestProxy: Scanning for hidden networks is disabled
07-28 21:52:08.340  3341  4471 D WakeupController: start()
07-28 21:52:08.340  4842  4842 I SystemUi--QuickSettings: QsLottieUtils-->getLottieAnimFile : qs/qs_airplane_lottie_active_sep_dual_light.json
07-28 21:52:08.341  2740  2740 I wificond: Receive notifyCountryCodeChanged
07-28 21:52:08.341  2740  2740 I wificond: UpdateBandInfo
07-28 21:52:08.341  3341  4471 E WifiStaIfaceAidlImpl: setScanMode failed with service-specific exception: android.os.ServiceSpecificException:  (code 4)
07-28 21:52:08.341  4842  4842 I SystemUi--QuickSettings: TemporarilyInfoManager-->[trigger] start from show
07-28 21:52:08.341  3341  3341 D OplusWifiBroadCastDispatcher: mBroadcastReceiver: onReceiver  action=android.net.wifi.action.WIFI_SCAN_AVAILABILITY_CHANGED
07-28 21:52:08.341  3341  4595 D OplusWifiPower_ConnLpmEventObsever: onReceive EXTRA_SCAN_AVAILABLE availabe = true
07-28 21:52:08.341  3341  4595 D OplusWifiPowerService: onReceive action:android.net.wifi.action.WIFI_SCAN_AVAILABILITY_CHANGED
07-28 21:52:08.342  3341  4595 D OplusWifiSwitchStateMonitor: scan settings change to true
07-28 21:52:08.342  4842  4842 I SystemUi--QuickSettings: TemporarilyInfoManager-->[getLayoutParams] translationY=102.07955, translationX=0, width=1080, height=228, isLandscape=false, parent=androidx.constraintlayout.widget.ConstraintLayout{3cdf43a V.E...... ......ID 0,0-1080,2376 #7f0a09f6 app:id/qs_container_area_layout alpha=1.0 viewInfo = }
07-28 21:52:08.342  2740  2740 I wificond: 2.4Ghz frequencies: 2412 2417 2422 2427 2432 2437 2442 2447 2452 2457 2462
07-28 21:52:08.342  2740  2740 I wificond: 5Ghz non-DFS frequencies: 5180 5200 5220 5240 5745 5765 5785 5805 5825
07-28 21:52:08.342  2740  2740 I wificond: 5Ghz DFS frequencies: 5260 5280 5300 5320 5500 5520 5540 5560 5580 5600 5620 5640 5660 5680 5700
07-28 21:52:08.342  2740  2740 I wificond: 6Ghz frequencies:
07-28 21:52:08.342  2740  2740 I wificond: 60Ghz frequencies:
07-28 21:52:08.342  4842  4842 I SystemUi--Common: ViewExt-->[startAlongWithPosition] com.oplus.systemui.qs.base.temporarilyinfo.TemporarilyInfoManager$createViewToParent$1{89dfc12 V.ED..... ......ID 0,0-0,0 #7f0a0cb6 app:id/temporarily_info_view alpha=0.0 viewInfo = } alongWith android.widget.RelativeLayout{5fdffe3 V.E...... ........ 0,102-1080,222 #7f0a0a2e app:id/qs_status_bar_container_layout alpha=1.0 viewInfo = }
07-28 21:52:08.342  7114  7114 I OsAgent : onReceive: android.net.wifi.action.WIFI_SCAN_AVAILABILITY_CHANGED
07-28 21:52:08.342  4842  4842 I SystemUi--QuickSettings: TemporarilyInfoManager-->[showElement] com.oplus.systemui.qs.base.temporarilyinfo.TemporarilyInfoManager$createViewToParent$1{89dfc12 V.ED..... ......ID 0,0-0,0 #7f0a0cb6 app:id/temporarily_info_view alpha=0.0 viewInfo = } for Element(text=Airplane mode off, groupId=Airplane mode, style=InfoShowStyle(textSize=16.0, sizeUnit=2, textColor=-1, showDuration=1500, alongWithReplacedView=true))
07-28 21:52:08.342  7114  7438 I OsAgent : updateWiFiScanAvailState, scanAvailable: true
07-28 21:52:08.343  4842  4842 I SystemUi--QuickSettings: TemporarilyInfoManager-->[animateShow] com.oplus.systemui.qs.base.temporarilyinfo.TemporarilyInfoManager$createViewToParent$1{89dfc12 VFED..C.. ......ID 0,0-0,0 #7f0a0cb6 app:id/temporarily_info_view alpha=0.0 viewInfo = } start
07-28 21:52:08.343  3341  4471 I WifiService: Receive onDriverCountryCodeChanged to US, update available channel list
07-28 21:52:08.344  3341  4471 E ApConfigUtil: Malformed channel value detected: java.lang.NumberFormatException: For input string: ""
07-28 21:52:08.345  3341  4471 E ApConfigUtil: Malformed channel value detected: java.lang.NumberFormatException: For input string: ""
07-28 21:52:08.345  1818  8530 E WifiHAL : wifi_get_usable_channels: Error -5 waiting for response.
07-28 21:52:08.345  3341  4471 E WifiChipAidlImpl: getUsableChannels failed with service-specific exception: android.os.ServiceSpecificException:  (code 7)
07-28 21:52:08.345  3341  4471 E ApConfigUtil: Malformed channel value detected: java.lang.NumberFormatException: For input string: ""
07-28 21:52:08.346  3341  4594 D OplusSoftApManager: Support Wi-Fi6 SAP
07-28 21:52:08.346  3341  4471 I WifiService: Receive onDriverCountryCodeChanged to US, update available channel list
07-28 21:52:08.347  3341  4471 E ApConfigUtil: Malformed channel value detected: java.lang.NumberFormatException: For input string: ""
07-28 21:52:08.348  3341  4471 E ApConfigUtil: Malformed channel value detected: java.lang.NumberFormatException: For input string: ""
07-28 21:52:08.349  1818  8530 E WifiHAL : wifi_get_usable_channels: Error -5 waiting for response.
07-28 21:52:08.349  3341  4471 E WifiChipAidlImpl: getUsableChannels failed with service-specific exception: android.os.ServiceSpecificException:  (code 7)
07-28 21:52:08.349  3341  4471 E ApConfigUtil: Malformed channel value detected: java.lang.NumberFormatException: For input string: ""
07-28 21:52:08.349  3341  4471 I WifiApConfigStore: Chip capability is updated, check config
07-28 21:52:08.363  4842  4842 I SystemUi--QuickSettings: QsLottieUtils-->getLottieAnimFile : qs/qs_cellular_lottie_active_sep_dual_light.json
07-28 21:52:08.383  3381  3898 D QmiClient: qmiServiceEventCallback recv msg id 1106
07-28 21:52:08.384  3381  3898 D QmiVsClient: enter - onQmiServiceEventCallback msgId 1106
07-28 21:52:08.384  3381  3401 D VsProxy : handleMessage msg is 2425
07-28 21:52:08.384  3381  3401 D VsProxy : handleServingCellInfoChangeInd for instance 0
07-28 21:52:08.384  3381  3381 D RadioServiceIndication: radioServingCellInfoInd
07-28 21:52:08.384  3381  3381 D RadioServiceIndication: radioServingCellInfoInd
07-28 21:52:08.384  5194  6319 D SubsysRadioIndication[0]: radioServingCellInfoInd
07-28 21:52:08.388  5194  5194 D NetworkService[0]: handleMessage what:1003
07-28 21:52:08.388  5194  6319 D SubsysRadioIndication[0]: radioServingCellInfoInd
07-28 21:52:08.388  5194  5194 D NetworkService[0]: handleMessage what:1003
07-28 21:52:08.389  3381  3886 D QmiClient: qmiServiceEventCallback recv msg id 276
07-28 21:52:08.389  3381  3886 D QmiNasClient: enter : onQmiServiceEventCallback msgId 276
07-28 21:52:08.389  3381  3886 D QmiNasClientEvent: qmiNasClientAccessBarringStatusEvent - RADIO_EVENT_NAS_ACCESS_BARRING_STATUS_IND
07-28 21:52:08.389  3382  3895 D QmiClient: qmiServiceEventCallback recv msg id 276
07-28 21:52:08.389  3382  3895 D QmiNasClient: enter : onQmiServiceEventCallback msgId 276
07-28 21:52:08.389  3382  3895 D QmiNasClientEvent: qmiNasClientAccessBarringStatusEvent - RADIO_EVENT_NAS_ACCESS_BARRING_STATUS_IND
07-28 21:52:08.389  5007  5838 D RadioEvent: onCellInfoChanged slotId=0
07-28 21:52:08.389  5007  5838 D RadioEvent: onCellInfoChanged slotId=0
07-28 21:52:08.390  3382  3417 D NasProxy: handleMessage msg is 2104
07-28 21:52:08.391  3381  3418 D NasProxy: handleMessage msg is 2104
07-28 21:52:08.391  5194  6319 D SubsysRadioIndication[1]: radioNasAccessBarringStatusInd, NasAccessBarringStatusType: radioIf:12, dataBarringStatus:0, dataBarringTime:0, voiceBarringStatus:0, voiceBarringTime:0, videoBarringStatus:0, videoBarringTime:0
07-28 21:52:08.391  5194  6319 D SubsysRadioIndication[1]: notify enter
07-28 21:52:08.391  3381  3886 D QmiClient: qmiServiceEventCallback recv msg id 78
07-28 21:52:08.391  3381  3886 D QmiNasClient: enter : onQmiServiceEventCallback msgId 78
07-28 21:52:08.391  5194  6321 D SubsysRadioIndication[0]: radioNasAccessBarringStatusInd, NasAccessBarringStatusType: radioIf:12, dataBarringStatus:0, dataBarringTime:0, voiceBarringStatus:0, voiceBarringTime:0, videoBarringStatus:0, videoBarringTime:0
07-28 21:52:08.391  5194  6321 D SubsysRadioIndication[0]: notify enter
07-28 21:52:08.392  3381  3886 D QmiNasClientEvent: qmiNasClientNotifySysInfoEvent lte_ims_voice_avail_valid 0
07-28 21:52:08.392  3381  3418 D NasProxy: handleMessage msg is 2101
07-28 21:52:08.392  3381  3418 D NasProxy: handleNasSysInfoEvent for instance 0
07-28 21:52:08.392  5103  6715 I QImsService: ImsRadioIndicationAidl : onServiceDomainChanged()[SUB0]
07-28 21:52:08.392  5194  6321 D SubsysRadioIndication[0]: radioNr5gFreqTypeIndication, nr5gFreqType = 0
07-28 21:52:08.392  5103  6715 I QImsService: ImsSenderRxr : [UNSL]< UNSOL_SERVICE_DOMAIN_CHANGED 0[SUB0]
07-28 21:52:08.393  5194  5194 D QtiCellularNetwork: handleNr5gFreqTypeChanged 0, nr5gFreqType = 0
07-28 21:52:08.393  5103  5103 I QImsService: ImsRegistrationController : Message received: what = 5
07-28 21:52:08.393  5103  5103 I QImsService: ImsRegistrationController : handleSrvDomainChanged
07-28 21:52:08.395  4993  5787 D QtiOemHookAidl: oemHookRawIndication length=21
07-28 21:52:08.395  4993  4993 D QcrilMsgTunnelIfaceManager: handleMessage what = 0
07-28 21:52:08.395  5132  6178 D IWlanJni: getDataRegistrationState start
07-28 21:52:08.396  5132  6187 D IWlanJni: new aidl event arrived
07-28 21:52:08.396  5132  6187 D IWlanJni: handleEvent 10
07-28 21:52:08.396  5132  6187 D IWlanJni: isThreadAttached start
07-28 21:52:08.396  5132  6187 D IWlanJni: jni detached
07-28 21:52:08.396  5132  6187 D IWlanJni: jni attached
07-28 21:52:08.396  5132  6187 D IWlanJni: getDataRegistrationStateResponse start
07-28 21:52:08.396  5132  6187 D IWlanJni: getJavaCallbackClass start
07-28 21:52:08.396  5132  6187 D IWlanJni: getJavaCallbackClass End midIs[1]
07-28 21:52:08.396  5132  6187 I IWlanAidlClient: getDataRegistrationStateResponse called
07-28 21:52:08.396  5132  6186 W IWlanNetworkService: 14 > Response Processed
07-28 21:52:08.396  4924  4924 D QC_RIL_OEM_HOOK: Received Broadcast Intent ACTION_UNSOL_RESPONSE_OEM_HOOK_RAW
07-28 21:52:08.396  4924  4924 D QC_RIL_OEM_HOOK: Received Broadcast Intent ACTION_UNSOL_RESPONSE_OEM_HOOK_RAW
07-28 21:52:08.396  4924  4924 D QC_RIL_OEM_HOOK: Received Broadcast Intent ACTION_UNSOL_RESPONSE_OEM_HOOK_RAW
07-28 21:52:08.396  4993  4993 D QC_RIL_OEM_HOOK: Received Broadcast Intent ACTION_UNSOL_RESPONSE_OEM_HOOK_RAW
07-28 21:52:08.399  4924  4924 D OplusTelephonyController: onSignalStrengthChanged: SignalStrength=SignalStrength:{mCdma=CellSignalStrengthCdma: cdmaDbm=2147483647 cdmaEcio=2147483647 evdoDbm=2147483647 evdoEcio=2147483647 evdoSnr=2147483647 level=0,mGsm=CellSignalStrengthGsm: rssi=2147483647 ber=2147483647 mTa=2147483647 mLevel=0,mWcdma=CellSignalStrengthWcdma: ss=2147483647 ber=2147483647 rscp=2147483647 ecno=2147483647 level=0,mTdscdma=CellSignalStrengthTdscdma: rssi=2147483647 ber=2147483647 rscp=2147483647 level=0,mLte=CellSignalStrengthLte: rssi=2147483647 rsrp=2147483647 rsrq=2147483647 rssnr=2147483647 cqiTableIndex=2147483647 cqi=2147483647 ta=2147483647 level=0 parametersUseForLevel=0,mNr=CellSignalStrengthNr:{ csiRsrp = 2147483647 csiRsrq = 2147483647 csiCqiTableIndex = 2147483647 csiCqiReport = [] ssRsrp = 2147483647 ssRsrq = 2147483647 ssSinr = 2147483647 level = 0 parametersUseForLevel = 0 timingAdvance = 2147483647 },primary=CellSignalStrengthLte}
07-28 21:52:08.399  5194  5194 D SubsysEventListenerManager-SubsysTelephonyCallback[0]: onSignalStrengthsChanged
07-28 21:52:08.400  5132  6178 D IWlanJni: getDataRegistrationState start
07-28 21:52:08.400  5132  6187 D IWlanJni: new aidl event arrived
07-28 21:52:08.400  5132  6187 D IWlanJni: handleEvent 10
07-28 21:52:08.400  5132  6187 D IWlanJni: isThreadAttached start
07-28 21:52:08.400  5132  6187 D IWlanJni: jni detached
07-28 21:52:08.400  5132  6187 D IWlanJni: jni attached
07-28 21:52:08.400  5132  6187 D IWlanJni: getDataRegistrationStateResponse start
07-28 21:52:08.400  5132  6187 D IWlanJni: getJavaCallbackClass start
07-28 21:52:08.401  5132  6187 D IWlanJni: getJavaCallbackClass End midIs[1]
07-28 21:52:08.401  5132  6187 I IWlanAidlClient: getDataRegistrationStateResponse called
07-28 21:52:08.401  5132  6186 W IWlanNetworkService: 15 > Response Processed
07-28 21:52:08.403  3341  5192 W BestClock: java.time.DateTimeException: Missing network time fix
07-28 21:52:08.404  3341  4170 W BestClock: java.time.DateTimeException: Missing network time fix
07-28 21:52:08.404  4924  4924 W Settings: Setting airplane_mode_on has moved from android.provider.Settings.System to android.provider.Settings.Global, returning read-only value.
07-28 21:52:08.404  5007  5847 D NAS-CallIssueDetector: onPollCsPsRegStateChanged slotid = 0
07-28 21:52:08.404  5007  5847 D NAS-CallIssueDetector: notifyRealOosChanged
07-28 21:52:08.404  5007  5847 D OplusCiwlanController: [vodata] getSubId subid =  1
07-28 21:52:08.404  4842  5657 V OplusCustomizeCacheManager: queryCache name: sys.cache.common_customize_cache18014 param: null
07-28 21:52:08.404  4842  5657 V OplusCustomizeCacheManager: queryCache name: sys.cache.common_customize_cache18017 param: Bundle[{SETTING=BLOCK, BUSINESS=NCT-DATA}]
07-28 21:52:08.404  4842  5657 V OplusCustomizeCacheManager: queryCache name: sys.cache.common_customize_cache18013 param: null
07-28 21:52:08.405  5007  5865 W BluetoothAdapterExtImpl: getBluetoothConnectionCountï¼šmOplusBluetooth null!
07-28 21:52:08.405  5007  5847 D OplusCiwlanController: [vodata] processOosChanged  phoneid = 0,cur regstate = 1,old regstate = -1
07-28 21:52:08.405  5007  5847 D OplusCiwlanController: [vodata] getSubId subid =  -1
07-28 21:52:08.405  5007  5847 D OplusCiwlanController: [vodata] processOosChanged  phoneid = 1,cur regstate = 1,old regstate = -1
07-28 21:52:08.405  3341  3341 D OplusWifiBroadCastDispatcher: mBroadcastReceiver: onReceiver  action=oplus.intent.action.MCC_CHANGE
07-28 21:52:08.406  5007  5865 D TelephonyImpl: isRequestingMms
07-28 21:52:08.406  5007  5865 D TelephonyImpl: getReleaseMmsNetworkTime
07-28 21:52:08.406  4664  4808 D CNGmsControlService: receive:oplus.intent.action.MCC_CHANGE
07-28 21:52:08.406  5007  5865 D OplusDdsSwitchStrategy: Md,OplusCheckFeature,RETURN_TO_CUR_ACTION_DDS
07-28 21:52:08.407  7638  7638 I 7638PAS.MccChangeReceiver_Travel: onReceive
07-28 21:52:08.407  4664  4808 D CNGmsControlService: mcc1=001 mcc2=null GmsState=2 TagWhitelistApp=true UserDisableCount=0 SettingsGmsState=1
07-28 21:52:08.409  7638  8697 D NetWorkMonitor: addNetStateListener :true
07-28 21:52:08.410  4842  5096 I SystemUi--QuickSettings: Tile.OplusCellularTile-->updateCarrierText: dialog not showing, ignore
07-28 21:52:08.410  3341  3452 D ConnectivityService: requestNetwork for uid/pid:10137/7638 activeRequest: null callbackRequest: 282 [NetworkRequest [ REQUEST id=283, [ Capabilities: INTERNET&NOT_RESTRICTED&TRUSTED&NOT_VCN_MANAGED&NOT_BANDWIDTH_CONSTRAINED Uid: 10137 RequestorUid: 10137 RequestorPkg: com.coloros.sceneservice UnderlyingNetworks: Null] ]] callback flags: 0 order: 2147483647 isUidTracked: false
07-28 21:52:08.410  4842  5096 D SimStateHelper: slot:0, lock state:Bundle[mParcelledData.dataSize=56]
07-28 21:52:08.410  7638  8697 D NetWorkMonitor: resume registerNetworkCallback
07-28 21:52:08.410  4842  5096 D SimStateHelper: slot:1, lock state:Bundle[mParcelledData.dataSize=56]
07-28 21:52:08.410  4842  5096 D SimStateHelper: needDisableMenu: slot1State=-1; slot2State=-1
07-28 21:52:08.410  4842  5096 D SimStateHelper: needDisableMenu:false
07-28 21:52:08.411  3341  4471 D WifiNetworkFactory: got request NetworkRequest [ REQUEST id=283, [ Capabilities: INTERNET&NOT_RESTRICTED&TRUSTED&NOT_VCN_MANAGED&NOT_BANDWIDTH_CONSTRAINED Uid: 10137 RequestorUid: 10137 RequestorPkg: com.coloros.sceneservice UnderlyingNetworks: Null] ]
07-28 21:52:08.411  3341  4471 D UntrustedWifiNetworkFactory: got request NetworkRequest [ REQUEST id=283, [ Capabilities: INTERNET&NOT_RESTRICTED&TRUSTED&NOT_VCN_MANAGED&NOT_BANDWIDTH_CONSTRAINED Uid: 10137 RequestorUid: 10137 RequestorPkg: com.coloros.sceneservice UnderlyingNetworks: Null] ]
07-28 21:52:08.411  3341  4471 D OemPaidWifiNetworkFactory: got request NetworkRequest [ REQUEST id=283, [ Capabilities: INTERNET&NOT_RESTRICTED&TRUSTED&NOT_VCN_MANAGED&NOT_BANDWIDTH_CONSTRAINED Uid: 10137 RequestorUid: 10137 RequestorPkg: com.coloros.sceneservice UnderlyingNetworks: Null] ]
