device
--------- beginning of main
07-28 21:51:58.637  1978  1978 D SensorFeature: name=ssc_screenshot_info ,index = 22
07-28 21:51:58.637  1978  1978 D SensorFeature: write 29 bytes:47229457011,49397033989,130,0
--------- beginning of system
07-28 21:51:58.699  3341  4364 D ActivityManager: Freezer deadlock watchdog
07-28 21:51:58.751  1894  4414 I Dpps    : LtmSwState::SetParameter():144 ignore cmd 7 in state LtmOffState
07-28 21:51:58.908  3341  4998 I OplusHansManager : uid=10157, pkg=com.baidu.input_oppo cannot transition from R to M, importance=input
07-28 21:51:58.939  1978  1978 D SensorFeature: name=ssc_screenshot_info ,index = 22
07-28 21:51:58.939  1978  1978 D SensorFeature: write 29 bytes:47229457011,49699921698,131,0
07-28 21:51:58.989 10692 10921 D BootUtil: savedDiffTime: 1753753869238, currentDiffTime: 1753753869238, isReboot: false
07-28 21:51:59.015  1813  4424 I sensors-hal: handle_oplus_wise_rgb_event:189, high_pwm_light:lux 265.6,cct 3602.0,brl/algo/ir 1445.0/2.0/16.6,pwm/dc 0.0/0.0,rgbc 20618.109375/12809.230469/5897.300293/38012.976562,ts 49678473379,cnt 690,flag 65667
07-28 21:51:59.016  1894  4414 I Dpps    : LtmSwState::SetParameter():144 ignore cmd 7 in state LtmOffState
07-28 21:51:59.031  1989  2054 D BatteryChargeControl: bcc get no support from charging protocol
07-28 21:51:59.067  3341  3750 D VRR [OPlusGameStatusManager]: handleMessage: 7004
07-28 21:51:59.067  3341  3750 D VRR [OPlusGameStatusManager]: handleBrightnessDone
07-28 21:51:59.095  3214  3214 E OplusTouchDaemon: ts_run_service: shellback temperature updated 37 (37649)
07-28 21:51:59.102  1989  7498 D charge_time: type=sdp,reserve_soc=2,soc=43,ui_soc=45,current=-13,avg=114,not_chg_cnt=4,stable_cnt=7,fcc=5724,fcc_ratio=94,delta=0,debug=0,region=17,ttf=47365(13:09:25),ui_ttf=22310(06:11:50)
07-28 21:51:59.241  1978  1978 D SensorFeature: name=ssc_screenshot_info ,index = 22
07-28 21:51:59.242  1978  1978 D SensorFeature: write 29 bytes:47229457011,50002686854,132,0
07-28 21:51:59.282  1894  4414 I Dpps    : LtmSwState::SetParameter():144 ignore cmd 7 in state LtmOffState
07-28 21:51:59.544  1978  1978 D SensorFeature: name=ssc_screenshot_info ,index = 22
07-28 21:51:59.544  1978  1978 D SensorFeature: write 29 bytes:47229457011,50304115708,133,0
07-28 21:51:59.547  1813  4424 I sensors-hal: handle_oplus_wise_rgb_event:189, high_pwm_light:lux 264.8,cct 3604.0,brl/algo/ir 1445.0/2.0/17.7,pwm/dc 0.0/0.0,rgbc 20627.625000/12823.046875/5897.300293/38048.097656,ts 50275885358,cnt 700,flag 65669
07-28 21:51:59.548  1894  4414 I Dpps    : LtmSwState::SetParameter():144 ignore cmd 7 in state LtmOffState
07-28 21:51:59.588  3341  3745 D OplusFeatureHDREnhanceBrightness: notifySfForceUpdate, mFlinger is null 
07-28 21:51:59.590  3341  3745 D OplusFeatureHDREnhanceBrightness: checkIsPlayingHDR isPlayingHDR=0 rotation=0 whiteApp=false battery=45
07-28 21:51:59.848  1978  1978 D SensorFeature: name=ssc_screenshot_info ,index = 22
07-28 21:51:59.848  1978  1978 D SensorFeature: write 29 bytes:47229457011,50607282583,134,0
07-28 21:51:59.852  1894  4414 I Dpps    : LtmSwState::SetParameter():144 ignore cmd 7 in state LtmOffState
07-28 21:51:59.887  3341  4373 V AlarmManager: sending alarm Alarm{185940c type 2 origWhen 50645 whenElapsed 50645 android} uid 1000 whenElapsed 50645 windowLength 0 maxWhenElapsed 50645 repeatInterval 0 action null component null tag $android.alarm.generated:1000:50645 flags 0x9 procName system_server
07-28 21:51:59.892  3341  3568 D LocationManagerService: network provider removed registration from 10154/com.coloros.assistantscreen/CD99258F
07-28 21:51:59.900  3341  4847 W Binder  : Outgoing transactions from this process must be FLAG_ONEWAY
07-28 21:51:59.900  3341  4847 W Binder  : java.lang.Throwable
07-28 21:51:59.900  3341  4847 W Binder  : 	at android.os.BinderProxy.transact(BinderProxy.java:633)
07-28 21:51:59.900  3341  4847 W Binder  : 	at android.content.ContentProviderProxy.insert(ContentProviderNative.java:587)
07-28 21:51:59.900  3341  4847 W Binder  : 	at android.content.ContentProviderClient.insert(ContentProviderClient.java:347)
07-28 21:51:59.900  3341  4847 W Binder  : 	at android.content.ContentProviderClient.insert(ContentProviderClient.java:336)
07-28 21:51:59.900  3341  4847 W Binder  : 	at com.oplus.util.OplusStatisticsImpl.insert(OplusStatisticsImpl.java:307)
07-28 21:51:59.900  3341  4847 W Binder  : 	at com.oplus.util.OplusStatisticsImpl.sendDataToDCS(OplusStatisticsImpl.java:287)
07-28 21:51:59.900  3341  4847 W Binder  : 	at com.oplus.util.OplusStatisticsImpl.flushInternal(OplusStatisticsImpl.java:264)
07-28 21:51:59.900  3341  4847 W Binder  : 	at com.oplus.util.OplusStatisticsImpl.lambda$setDelayFlushJobIfNeed$4(OplusStatisticsImpl.java:211)
07-28 21:51:59.900  3341  4847 W Binder  : 	at com.oplus.util.OplusStatisticsImpl.$r8$lambda$4UYTp2NCu6Rml69JNqEuK7o54SI(Unknown Source:0)
07-28 21:51:59.900  3341  4847 W Binder  : 	at com.oplus.util.OplusStatisticsImpl$$ExternalSyntheticLambda5.run(D8$$SyntheticClass:0)
07-28 21:51:59.900  3341  4847 W Binder  : 	at java.util.concurrent.Executors$RunnableAdapter.call(Executors.java:487)
07-28 21:51:59.900  3341  4847 W Binder  : 	at java.util.concurrent.FutureTask.run(FutureTask.java:290)
07-28 21:51:59.900  3341  4847 W Binder  : 	at java.util.concurrent.ScheduledThreadPoolExecutor$ScheduledFutureTask.run(ScheduledThreadPoolExecutor.java:307)
07-28 21:51:59.900  3341  4847 W Binder  : 	at java.util.concurrent.ThreadPoolExecutor.runWorker(ThreadPoolExecutor.java:1145)
07-28 21:51:59.900  3341  4847 W Binder  : 	at java.util.concurrent.ThreadPoolExecutor$Worker.run(ThreadPoolExecutor.java:644)
07-28 21:51:59.900  3341  4847 W Binder  : 	at java.lang.Thread.run(Thread.java:1012)
07-28 21:51:59.930  3341  3452 D CompatChangeReporter: Compat change id reported: 297989574; UID 1000; state: ENABLED
07-28 21:51:59.933  5194  5194 D SubsysEventListenerManager-SubsysTelephonyCallback[0]: onCellInfoChanged
07-28 21:52:00.003  3341  4373 V AlarmManager: sending alarm Alarm{64d076a type 3 origWhen 50761 whenElapsed 50761 android} uid 1000 whenElapsed 50761 windowLength 0 maxWhenElapsed 50761 repeatInterval 0 action null component null tag TIME_TICK flags 0x9 procName system_server
07-28 21:52:00.006  4842  4842 I SystemUi--SystemUi--: Clock-->smallTime: 21:52
07-28 21:52:00.007  4842  4842 I SystemUi--SystemUi--: Clock-->smallTime: 21:52
07-28 21:52:00.008  5194  5194 D SubsysBroadcastManager: onReceive action:android.intent.action.TIME_TICK
07-28 21:52:00.012  3341  3745 D OplusDisplayBrightnessBroadcastReceiver: onReceive action = android.intent.action.TIME_TICK , listeners = [com.android.server.display.ambience.events.event.TimeEvent$TimeChangeReceiver@bae3dd1, com.android.server.display.marvels.module.ORBrightnessMarvelsDataCollector$ScreenStateReceiver@3327a32, com.android.server.display.oplus.eyeprotect.manager.AiCurveManager$RhythmBroadcastReceiverWithUpgradeUI@ac3036]
07-28 21:52:00.015  5227  5227 W RenderManager[u0]: coverDrawable = null
07-28 21:52:00.015  5227  5227 W RenderManager[u0]: coverDrawable = null
07-28 21:52:00.015  5227  5227 W RenderManager[u0]: coverDrawable = null
07-28 21:52:00.015  5227  5227 W RenderManager[u0]: coverDrawable = null
07-28 21:52:00.018  7500  8585 D PhoneUsageTime: lastChargeTime=1753753886445 LastChargeDurationTime=15327533
07-28 21:52:00.019  4842  4842 I SystemUi--SystemUi--: Clock-->smallTime: 21:52
07-28 21:52:00.019  4842  4842 I SystemUi--SystemUi--: Clock-->smallTime: 21:52
07-28 21:52:00.020  7500  8585 D PhoneScreenOnTime: lastScrOnTime=1753753886446, ScrOnDurationTime=15281381, StatsScrOnSeconds=0, newDuration=33573
07-28 21:52:00.028  5227  5227 W RenderManager[u0]: coverDrawable = null
07-28 21:52:00.028  5227  5227 W RenderManager[u0]: coverDrawable = null
07-28 21:52:00.028  5227  5227 W RenderManager[u0]: coverDrawable = null
07-28 21:52:00.028  5227  5227 W RenderManager[u0]: coverDrawable = null
07-28 21:52:00.032  1989  2054 D BatteryChargeControl: bcc get no support from charging protocol
07-28 21:52:00.077  1813  4424 I sensors-hal: handle_oplus_wise_rgb_event:189, high_pwm_light:lux 265.4,cct 3601.4,brl/algo/ir 1445.0/2.0/17.1,pwm/dc 0.0/0.0,rgbc 20627.625000/12800.018555/5893.451172/38038.066406,ts 50608952702,cnt 710,flag 65670
07-28 21:52:00.078  1894  4414 I Dpps    : LtmSwState::SetParameter():144 ignore cmd 7 in state LtmOffState
07-28 21:52:00.103  1989  7498 D charge_time: write 22309s(06:11:49) to ttf, rc=7
07-28 21:52:00.103  1989  7498 D charge_time: type=sdp,reserve_soc=2,soc=43,ui_soc=45,current=-13,avg=114,not_chg_cnt=5,stable_cnt=7,fcc=5724,fcc_ratio=94,delta=0,debug=0,region=17,ttf=47365(13:09:25),ui_ttf=22309(06:11:49)
07-28 21:52:00.121  1894  2201 I SDM     : DisplayBase::CommitThread: Received idle timeout, panel: cmd, timeout: 70000 us
07-28 21:52:00.205  1978  1978 D SensorFeature: name=ssc_screenshot_info ,index = 22
07-28 21:52:00.206  1978  1978 D SensorFeature: write 29 bytes:50915137426,50965667322,135,0
07-28 21:52:00.206  1894  2201 I SDM     : DisplayBase::CommitThread: Received idle timeout, panel: cmd, timeout: 70000 us
07-28 21:52:00.345  1894  4414 I Dpps    : LtmSwState::SetParameter():144 ignore cmd 7 in state LtmOffState
07-28 21:52:00.428  5007  5865 W BluetoothAdapterExtImpl: getBluetoothConnectionCountï¼šmOplusBluetooth null!
07-28 21:52:00.431  5007  5865 D TelephonyImpl: isRequestingMms
07-28 21:52:00.431  5007  5865 D TelephonyImpl: getReleaseMmsNetworkTime
07-28 21:52:00.433  5007  5865 D OplusDdsSwitchStrategy: Md,OplusCheckFeature,RETURN_TO_CUR_ACTION_DDS
07-28 21:52:00.509  1978  1978 D SensorFeature: name=ssc_screenshot_info ,index = 22
07-28 21:52:00.509  1978  1978 D SensorFeature: write 29 bytes:50915137426,51269149301,136,0
07-28 21:52:00.578  6603  6637 W System  : A resource failed to call AbstractCursor.close. 
07-28 21:52:00.578  6603  6637 W System  : A resource failed to call AbstractCursor.close. 
07-28 21:52:00.578  6603  6637 W System  : A resource failed to call AbstractCursor.close. 
07-28 21:52:00.578  6603  6637 W System  : A resource failed to call AbstractCursor.close. 
07-28 21:52:00.607  1813  4424 I sensors-hal: handle_oplus_wise_rgb_event:189, high_pwm_light:lux 265.0,cct 3599.7,brl/algo/ir 1445.0/2.0/17.5,pwm/dc 0.0/0.0,rgbc 20641.894531/12809.230469/5904.999023/38012.976562,ts 51247325045,cnt 720,flag 65672
07-28 21:52:00.608  1894  4414 I Dpps    : LtmSwState::SetParameter():144 ignore cmd 7 in state LtmOffState
07-28 21:52:00.608  3341  3745 D Arc[OplusBrightnessSceneAdapter]: Arc scene change!!! NormalScene -> StableScene [erraticScore:-1, stableScore:5467] isLuxRefresh:false
07-28 21:52:00.611  3341  3745 D Arc[OplusBrightnessAmbientAdapter[StabilityProcess]]: updateRangeStrategy: reason[SceneChange ] baseLux:522.99207, scene:StableScene large{241.53833, 1068.2637} largeForAux{241.53833, 1068.2637} small{419.6514, 626.33276} null
07-28 21:52:00.706 12875 13014 D ProfileInstaller: Installing profile for com.oplus.linker
07-28 21:52:00.812  1978  1978 D SensorFeature: name=ssc_screenshot_info ,index = 22
07-28 21:52:00.813  1978  1978 D SensorFeature: write 29 bytes:50915137426,51572237166,137,0
07-28 21:52:00.873  3341  4359 D FusionLightNextGen: process end reported = 1, mode: 0, lux 499.6, cct -1.0, r/g/b/c: 20613.4/12795.4/5893.5/38038.1, R/G/B: 106.0/100.0/99.0, bri 1445.0, match 1.00, ir 0.016855, conf 0.0, ts 51554228743
07-28 21:52:00.873  1894  4414 I Dpps    : LtmSwState::SetParameter():144 ignore cmd 7 in state LtmOffState
07-28 21:52:00.939  5007  6434 I PCDR-common_no_service[0]: lift forbidden
07-28 21:52:00.939  5007  6434 I PCDR-common_no_45g[0]: lift forbidden
07-28 21:52:00.956  1809  1809 D healthd : system healthd: battery l=45 v=3823 t=34.2 h=2 st=2 c=-169 fc=5920000 cc=19 chg=u
07-28 21:52:00.998  1989  1989 D vendor.oplus.hardware.charger-V7-service: get_ui_charge_icon_type 0 0 0 0 0
07-28 21:52:00.999  1989  1989 D vendor.oplus.hardware.charger-V7-service: oplus_chg_get_cpa_power 2500 charge_online 1 retention_topic 0
07-28 21:52:00.999  1989  1989 D vendor.oplus.hardware.charger-V7-service: oplus_chg_get_cpa_power 2500 charge_online 1 retention_topic 0
07-28 21:52:00.999  1989  1989 D vendor.oplus.hardware.charger-V7-service: getIsSingleHyperSupport=2, cpa_power=2
07-28 21:52:01.002  3341  3692 D BatteryStatsImplExtImpl: mActiveProcesses size = 72
07-28 21:52:01.002  3341  3692 D BatteryStatsImplExtImpl: rpmhStats is null or interval time is too short.
07-28 21:52:01.035  1989  2054 D BatteryChargeControl: bcc get no support from charging protocol
07-28 21:52:01.036  3341  4633 E OplusNetworkStackManager: initService mNetworkStackService is null, try again in 10s
07-28 21:52:01.104  1989  7498 D charge_time: type=sdp,reserve_soc=2,soc=43,ui_soc=45,current=169,avg=125,not_chg_cnt=0,stable_cnt=7,fcc=5724,fcc_ratio=94,delta=36,debug=0,region=17,ttf=43189(11:59:49),ui_ttf=22308(06:11:48)
07-28 21:52:01.115  1978  1978 D SensorFeature: name=ssc_screenshot_info ,index = 22
07-28 21:52:01.116  1978  1978 D SensorFeature: write 29 bytes:50915137426,51875571332,138,0
07-28 21:52:01.139  1813  4424 I sensors-hal: handle_oplus_wise_rgb_event:189, high_pwm_light:lux 265.4,cct 3586.6,brl/algo/ir 1445.0/2.0/16.6,pwm/dc 0.0/0.0,rgbc 20627.625000/12804.624023/5893.451172/38028.031250,ts 51853143587,cnt 730,flag 65674
07-28 21:52:01.140  1894  4414 I Dpps    : LtmSwState::SetParameter():144 ignore cmd 7 in state LtmOffState
07-28 21:52:01.341  1793  1795 E Diag-Router: diag: glinkpkt_open: failed to create control node for slate_adsp
07-28 21:52:01.341  1793  1795 E Diag-Router: diag: diag_glinkpkt_open_thread: Glinkpkt_open failed for perif: 13 with err: -1, retry_cnt: 8
07-28 21:52:01.342  1793  1794 E Diag-Router: diag: glinkpkt_open: failed to create control node for slate_apps
07-28 21:52:01.342  1793  1794 E Diag-Router: diag: diag_glinkpkt_open_thread: Glinkpkt_open failed for perif: 12 with err: -1, retry_cnt: 8
07-28 21:52:01.365  3341  4775 I Osense-BaseDecisionMaker: notifySceneToAthenaPolicy: SCENE_IDLE_RECOVER, bundle: Bundle[{scene=SCENE_IDLE_RECOVER}]
07-28 21:52:01.368  3341  4775 I Osense-BaseDecisionMaker: scene: SCENE_IDLE_RECOVER, excutingPolicy: respreload
07-28 21:52:01.368  3341  4775 D Osense-BaseDecisionMaker: invoke process preload policy
07-28 21:52:01.368  3341  4775 I Osense-BaseDecisionMaker: scene: SCENE_IDLE_RECOVER, excutingPolicy: clear
07-28 21:52:01.368  3341  4775 D Osense-BaseDecisionMaker: invoke clear policy,type: unforbid
07-28 21:52:01.368  3341  4775 I OsenseKillAction: KillAction: unhandled request: id=5, enable=true, scene=SCENE_IDLE_RECOVER, type=unforbid, cchOnly=false, appcare=0
07-28 21:52:01.422  1978  1978 D SensorFeature: name=ssc_screenshot_info ,index = 22
07-28 21:52:01.423  1978  1978 D SensorFeature: write 29 bytes:50915137426,52181585447,139,0
07-28 21:52:01.427  1894  4414 I Dpps    : LtmSwState::SetParameter():144 ignore cmd 7 in state LtmOffState
07-28 21:52:01.561  1989  2053 D vendor.oplus.hardware.charger-V7-service: ret_value:111, read content:,342,368,3823,3821,-169,43,45,1,1,0,491,4635,44,1,4475,300,500,0,7,-22,7,0,1,0,2,0,0,0,1,6098,99,0,0,0,0,0,0,0
07-28 21:52:01.561  1989  2053 D vendor.oplus.hardware.charger-V7-service: gmtime: 2025-07-28-21-52-01
07-28 21:52:01.562  1989  2053 D vendor.oplus.hardware.charger-V7-service: usb_online:1, ac_online:-2147483648, wireless_online:0
07-28 21:52:01.563  1989  2024 D vendor.oplus.hardware.charger-V7-service: s_chg_user_mode: 3
07-28 21:52:01.563  1989  2024 D vendor.oplus.hardware.charger-V7-service: scale_chg Start!!!
07-28 21:52:01.564  1989  2024 D vendor.oplus.hardware.charger-V7-service: [0, 0, 3]
07-28 21:52:01.564  1989  2024 D vendor.oplus.hardware.charger-V7-service: [0, 2, 9]
07-28 21:52:01.564  1989  2024 D vendor.oplus.hardware.charger-V7-service: [0, 1, 3]
07-28 21:52:01.564  1989  2024 D vendor.oplus.hardware.charger-V7-service: [0, 3, 3]
07-28 21:52:01.564  1989  2024 D vendor.oplus.hardware.charger-V7-service: [0, 4, 3]
07-28 21:52:01.564  1989  2024 D vendor.oplus.hardware.charger-V7-service: [0, 5, 5]
07-28 21:52:01.564  1989  2024 D vendor.oplus.hardware.charger-V7-service: [0, 6, 9]
07-28 21:52:01.565  1989  2024 D vendor.oplus.hardware.charger-V7-service: scale_chg Start!!!
07-28 21:52:01.565  1989  2024 D vendor.oplus.hardware.charger-V7-service: [0, 0, 3]
07-28 21:52:01.565  1989  2024 D vendor.oplus.hardware.charger-V7-service: [0, 2, 10]
07-28 21:52:01.565  1989  2024 D vendor.oplus.hardware.charger-V7-service: [0, 1, 3]
07-28 21:52:01.565  1989  2024 D vendor.oplus.hardware.charger-V7-service: [0, 3, 3]
07-28 21:52:01.565  1989  2024 D vendor.oplus.hardware.charger-V7-service: [0, 4, 3]
07-28 21:52:01.565  1989  2024 D vendor.oplus.hardware.charger-V7-service: [0, 5, 3]
07-28 21:52:01.565  1989  2024 D vendor.oplus.hardware.charger-V7-service: [0, 6, 10]
07-28 21:52:01.673  1813  4424 I sensors-hal: handle_oplus_wise_rgb_event:189, high_pwm_light:lux 265.0,cct 3596.5,brl/algo/ir 1445.0/2.0/17.0,pwm/dc 0.0/0.0,rgbc 20627.625000/12795.412109/5885.751953/38007.960938,ts 52202766764,cnt 740,flag 65675
07-28 21:52:01.674  1894  4414 I Dpps    : LtmSwState::SetParameter():144 ignore cmd 7 in state LtmOffState
07-28 21:52:01.726  1978  1978 D SensorFeature: name=ssc_screenshot_info ,index = 22
07-28 21:52:01.726  1978  1978 D SensorFeature: write 29 bytes:50915137426,52485916020,140,0
07-28 21:52:01.936  1894  4414 I Dpps    : LtmSwState::SetParameter():144 ignore cmd 7 in state LtmOffState
07-28 21:52:02.032  1978  1978 D SensorFeature: name=ssc_screenshot_info ,index = 22
07-28 21:52:02.032  1978  1978 D SensorFeature: write 29 bytes:50915137426,52791345082,141,0
07-28 21:52:02.036  1989  2054 D BatteryChargeControl: bcc get no support from charging protocol
07-28 21:52:02.063  3341  3582 D Theia.TransparentWindow: handleMessage CHECK_TRANS_WINDOW_ERROR_MSG
07-28 21:52:02.105  1989  7498 D charge_time: type=sdp,reserve_soc=2,soc=43,ui_soc=45,current=169,avg=136,not_chg_cnt=0,stable_cnt=7,fcc=5724,fcc_ratio=94,delta=37,debug=0,region=17,ttf=39692(11:01:32),ui_ttf=22307(06:11:47)
07-28 21:52:02.204  1813  4424 I sensors-hal: handle_oplus_wise_rgb_event:189, high_pwm_light:lux 265.2,cct 3599.7,brl/algo/ir 1445.0/2.0/17.0,pwm/dc 0.0/0.0,rgbc 20651.410156/12827.653320/5897.300293/38038.066406,ts 52767158118,cnt 750,flag 65677
07-28 21:52:02.205  1894  4414 I Dpps    : LtmSwState::SetParameter():144 ignore cmd 7 in state LtmOffState
07-28 21:52:02.335  1978  1978 D SensorFeature: name=ssc_screenshot_info ,index = 22
07-28 21:52:02.335  1978  1978 D SensorFeature: write 29 bytes:50915137426,53095380863,142,0
07-28 21:52:02.460  3341  3585 D OomAdjuster: Not killing cached processes
07-28 21:52:02.468  1894  4414 I Dpps    : LtmSwState::SetParameter():144 ignore cmd 7 in state LtmOffState
07-28 21:52:02.641  1978  1978 D SensorFeature: name=ssc_screenshot_info ,index = 22
07-28 21:52:02.641  1978  1978 D SensorFeature: write 29 bytes:50915137426,53401149092,143,0
07-28 21:52:02.702  5194  5956 E OplusNetworkStackManager: initService mNetworkStackService is null, try again in 10s
07-28 21:52:02.737  1813  4424 I sensors-hal: handle_oplus_wise_rgb_event:189, high_pwm_light:lux 265.5,cct 3601.3,brl/algo/ir 1445.0/2.0/16.5,pwm/dc 0.0/0.0,rgbc 20627.625000/12809.230469/5885.751953/38023.011719,ts 53380865566,cnt 760,flag 65679
07-28 21:52:02.739  1894  4414 I Dpps    : LtmSwState::SetParameter():144 ignore cmd 7 in state LtmOffState
07-28 21:52:02.944  1978  1978 D SensorFeature: name=ssc_screenshot_info ,index = 22
07-28 21:52:02.944  1978  1978 D SensorFeature: write 29 bytes:50915137426,53704409561,144,0
07-28 21:52:02.972  6533  6576 E oiface  : sched_setaffinity failed
07-28 21:52:02.974  1989  1989 D vendor.oplus.hardware.charger-V7-service: getChargerControl:
07-28 21:52:02.989  1980  1984 E PerformanceService: storage_feature: open /sys/devices/platform/soc/112b0000.ufshci//virtualtlcbuff fail
07-28 21:52:02.994  3341  5803 W BestClock: java.time.DateTimeException: Missing network time fix
07-28 21:52:02.995  3341  5803 W BestClock: java.time.DateTimeException: Missing network time fix
07-28 21:52:02.995  3341  3452 W BestClock: java.time.DateTimeException: Missing network time fix
07-28 21:52:03.000  1894  4414 I Dpps    : LtmSwState::SetParameter():144 ignore cmd 7 in state LtmOffState
07-28 21:52:03.037  1989  2054 D BatteryChargeControl: bcc get no support from charging protocol
07-28 21:52:03.109  1989  7498 D charge_time: type=sdp,reserve_soc=2,soc=43,ui_soc=45,current=169,avg=147,not_chg_cnt=0,stable_cnt=7,fcc=5724,fcc_ratio=94,delta=38,debug=0,region=17,ttf=36719(10:11:59),ui_ttf=22306(06:11:46)
07-28 21:52:03.247  1978  1978 D SensorFeature: name=ssc_screenshot_info ,index = 22
07-28 21:52:03.248  1978  1978 D SensorFeature: write 29 bytes:50915137426,54007649873,145,0
07-28 21:52:03.268  1813  4424 I sensors-hal: handle_oplus_wise_rgb_event:189, high_pwm_light:lux 264.7,cct 3601.4,brl/algo/ir 1445.0/2.0/17.4,pwm/dc 0.0/0.0,rgbc 20632.382812/12800.018555/5901.149902/37997.925781,ts 53986438639,cnt 770,flag 65681
07-28 21:52:03.269  1894  4414 I Dpps    : LtmSwState::SetParameter():144 ignore cmd 7 in state LtmOffState
07-28 21:52:03.311  4924  6201 E OplusNetworkStackManager: initService mNetworkStackService is null, try again in 10s
07-28 21:52:03.551  1978  1978 D SensorFeature: name=ssc_screenshot_info ,index = 22
07-28 21:52:03.551  1978  1978 D SensorFeature: write 29 bytes:50915137426,54311142894,146,0
07-28 21:52:03.555  3341  4359 D FusionLightNextGen: process end reported = 1, mode: 0, lux 499.1, cct -1.0, r/g/b/c: 20622.9/12800.0/5885.8/38028.0, R/G/B: 106.0/100.0/99.0, bri 1445.0, match 1.00, ir 0.017095, conf 0.0, ts 54260392285
07-28 21:52:03.556  1894  4414 I Dpps    : LtmSwState::SetParameter():144 ignore cmd 7 in state LtmOffState
07-28 21:52:03.799  1813  4424 I sensors-hal: handle_oplus_wise_rgb_event:189, high_pwm_light:lux 265.5,cct 3607.9,brl/algo/ir 1445.0/2.0/17.0,pwm/dc 0.0/0.0,rgbc 20632.382812/12813.834961/5893.451172/38058.132812,ts 54327963900,cnt 780,flag 65682
07-28 21:52:03.800  1894  4414 I Dpps    : LtmSwState::SetParameter():144 ignore cmd 7 in state LtmOffState
07-28 21:52:03.854  1978  1978 D SensorFeature: name=ssc_screenshot_info ,index = 22
07-28 21:52:03.854  1978  1978 D SensorFeature: write 29 bytes:50915137426,54613718102,147,0
07-28 21:52:03.917  3341  4998 I OplusHansManager : uid=10157, pkg=com.baidu.input_oppo cannot transition from R to M, importance=input
07-28 21:52:04.040  1989  2054 D BatteryChargeControl: bcc get no support from charging protocol
07-28 21:52:04.065  1894  4414 I Dpps    : LtmSwState::SetParameter():144 ignore cmd 7 in state LtmOffState
07-28 21:52:04.110  1989  7498 D charge_time: type=sdp,reserve_soc=2,soc=43,ui_soc=45,current=169,avg=158,not_chg_cnt=0,stable_cnt=7,fcc=5724,fcc_ratio=94,delta=39,debug=0,region=17,ttf=34159(09:29:19),ui_ttf=22305(06:11:45)
07-28 21:52:04.157  1978  1978 D SensorFeature: name=ssc_screenshot_info ,index = 22
07-28 21:52:04.157  1978  1978 D SensorFeature: write 29 bytes:50915137426,54917455342,148,0
07-28 21:52:04.332  1813  4424 I sensors-hal: handle_oplus_wise_rgb_event:189, high_pwm_light:lux 265.1,cct 3605.2,brl/algo/ir 1445.0/2.0/17.2,pwm/dc 0.0/0.0,rgbc 20608.595703/12800.018555/5878.053223/38038.066406,ts 54900453795,cnt 790,flag 65684
07-28 21:52:04.334  1894  4414 I Dpps    : LtmSwState::SetParameter():144 ignore cmd 7 in state LtmOffState
07-28 21:52:04.464  1978  1978 D SensorFeature: name=ssc_screenshot_info ,index = 22
07-28 21:52:04.464  1978  1978 D SensorFeature: write 29 bytes:50915137426,55223985446,149,0
07-28 21:52:04.594  1894  4414 I Dpps    : LtmSwState::SetParameter():144 ignore cmd 7 in state LtmOffState
07-28 21:52:04.632 12384 12393 W System  : A resource failed to call close. 
07-28 21:52:04.632 12384 12393 W System  : A resource failed to call close. 
07-28 21:52:04.770  1978  1978 D SensorFeature: name=ssc_screenshot_info ,index = 22
07-28 21:52:04.770  1978  1978 D SensorFeature: write 29 bytes:50915137426,55530470237,150,0
07-28 21:52:04.770  1813  1928 I sensors-hal: get_display_brightness:818, light_iface: set screenshot_info [50915137426,55530470237,150,0]
07-28 21:52:04.861  1813  4424 I sensors-hal: handle_oplus_wise_rgb_event:189, high_pwm_light:lux 265.4,cct 3598.5,brl/algo/ir 1445.0/2.0/17.0,pwm/dc 0.0/0.0,rgbc 20627.625000/12809.230469/5901.149902/38017.996094,ts 55505900827,cnt 800,flag 65686
07-28 21:52:04.863  1894  4414 I Dpps    : LtmSwState::SetParameter():144 ignore cmd 7 in state LtmOffState
07-28 21:52:05.015  6446  7402 E OplusNetworkStackManager: initService mNetworkStackService is null, try again in 10s
07-28 21:52:05.041  1989  2054 D BatteryChargeControl: bcc get no support from charging protocol
07-28 21:52:05.073  1978  1978 D SensorFeature: name=ssc_screenshot_info ,index = 22
07-28 21:52:05.074  1978  1978 D SensorFeature: write 29 bytes:50915137426,55833166435,151,0
07-28 21:52:05.111  1989  7498 D charge_time: write 22304s(06:11:44) to ttf, rc=7
07-28 21:52:05.111  1989  7498 D charge_time: type=sdp,reserve_soc=2,soc=43,ui_soc=45,current=169,avg=169,not_chg_cnt=0,stable_cnt=7,fcc=5724,fcc_ratio=94,delta=40,debug=0,region=17,ttf=31933(08:52:13),ui_ttf=22304(06:11:44)
07-28 21:52:05.125  1894  4414 I Dpps    : LtmSwState::SetParameter():144 ignore cmd 7 in state LtmOffState
07-28 21:52:05.377  1978  1978 D SensorFeature: name=ssc_screenshot_info ,index = 22
07-28 21:52:05.378  1978  1978 D SensorFeature: write 29 bytes:50915137426,56137190497,152,0
07-28 21:52:05.390  1813  4424 I sensors-hal: handle_oplus_wise_rgb_event:189, high_pwm_light:lux 264.7,cct 3599.0,brl/algo/ir 1445.0/2.0/17.7,pwm/dc 0.0/0.0,rgbc 20632.382812/12795.412109/5889.601562/38023.011719,ts 56120007025,cnt 810,flag 65688
07-28 21:52:05.391  1894  4414 I Dpps    : LtmSwState::SetParameter():144 ignore cmd 7 in state LtmOffState
07-28 21:52:05.681  1978  1978 D SensorFeature: name=ssc_screenshot_info ,index = 22
07-28 21:52:05.681  1978  1978 D SensorFeature: write 29 bytes:50915137426,56441024508,153,0
07-28 21:52:05.686  1894  4414 I Dpps    : LtmSwState::SetParameter():144 ignore cmd 7 in state LtmOffState
07-28 21:52:05.920  1813  4424 I sensors-hal: handle_oplus_wise_rgb_event:189, high_pwm_light:lux 265.5,cct 3600.0,brl/algo/ir 1445.0/2.0/16.7,pwm/dc 0.0/0.0,rgbc 20632.382812/12809.230469/5893.451172/38017.996094,ts 56453038170,cnt 820,flag 65689
07-28 21:52:05.920  1894  4414 I Dpps    : LtmSwState::SetParameter():144 ignore cmd 7 in state LtmOffState
07-28 21:52:05.987  1978  1978 D SensorFeature: name=ssc_screenshot_info ,index = 22
07-28 21:52:05.987  1978  1978 D SensorFeature: write 29 bytes:50915137426,56746766487,154,0
07-28 21:52:06.041  1989  2054 D BatteryChargeControl: bcc get no support from charging protocol
07-28 21:52:06.074  1809  1809 D healthd : system healthd: battery l=45 v=3825 t=34.1 h=2 st=2 c=-194 fc=5920000 cc=19 chg=u
07-28 21:52:06.112  1989  7498 D charge_time: type=sdp,reserve_soc=2,soc=43,ui_soc=45,current=194,avg=174,not_chg_cnt=0,stable_cnt=7,fcc=5724,fcc_ratio=94,delta=41,debug=0,region=17,ttf=31013(08:36:53),ui_ttf=22303(06:11:43)
07-28 21:52:06.112  1989  1989 D vendor.oplus.hardware.charger-V7-service: get_ui_charge_icon_type 0 0 0 0 0
07-28 21:52:06.112  1989  1989 D vendor.oplus.hardware.charger-V7-service: oplus_chg_get_cpa_power 2500 charge_online 1 retention_topic 0
07-28 21:52:06.113  1989  1989 D vendor.oplus.hardware.charger-V7-service: oplus_chg_get_cpa_power 2500 charge_online 1 retention_topic 0
07-28 21:52:06.113  1989  1989 D vendor.oplus.hardware.charger-V7-service: getIsSingleHyperSupport=2, cpa_power=2
07-28 21:52:06.187  3341  4359 D FusionLightNextGen: process end reported = 1, mode: 0, lux 498.5, cct -1.0, r/g/b/c: 20637.1/12804.6/5885.8/38028.0, R/G/B: 106.0/100.0/99.0, bri 1445.0, match 1.00, ir 0.017365, conf 0.0, ts 56726959993
07-28 21:52:06.188  1894  4414 I Dpps    : LtmSwState::SetParameter():144 ignore cmd 7 in state LtmOffState
07-28 21:52:06.291  1978  1978 D SensorFeature: name=ssc_screenshot_info ,index = 22
07-28 21:52:06.291  1978  1978 D SensorFeature: write 29 bytes:50915137426,57050507997,155,0
07-28 21:52:06.342  1793  1794 E Diag-Router: diag: glinkpkt_open: failed to create control node for slate_apps
07-28 21:52:06.342  1793  1794 E Diag-Router: diag: diag_glinkpkt_open_thread: Glinkpkt_open failed for perif: 12 with err: -1, retry_cnt: 9
07-28 21:52:06.343  1793  1795 E Diag-Router: diag: glinkpkt_open: failed to create control node for slate_adsp
07-28 21:52:06.343  1793  1795 E Diag-Router: diag: diag_glinkpkt_open_thread: Glinkpkt_open failed for perif: 13 with err: -1, retry_cnt: 9
07-28 21:52:06.453  1813  4424 I sensors-hal: handle_oplus_wise_rgb_event:189, high_pwm_light:lux 265.7,cct 3602.8,brl/algo/ir 1445.0/2.0/16.7,pwm/dc 0.0/0.0,rgbc 20627.625000/12786.200195/5874.204102/38017.996094,ts 57033826191,cnt 830,flag 65691
07-28 21:52:06.455  1894  4414 I Dpps    : LtmSwState::SetParameter():144 ignore cmd 7 in state LtmOffState
07-28 21:52:06.562  1989  2053 D vendor.oplus.hardware.charger-V7-service: ret_value:111, read content:,341,364,3825,3822,-194,43,45,1,1,0,494,4644,44,1,4475,300,500,0,7,-22,7,0,1,0,2,0,0,0,1,6098,99,0,0,0,0,0,0,0
07-28 21:52:06.562  1989  2053 D vendor.oplus.hardware.charger-V7-service: gmtime: 2025-07-28-21-52-06
07-28 21:52:06.563  1989  2053 D vendor.oplus.hardware.charger-V7-service: usb_online:1, ac_online:-2147483648, wireless_online:0
07-28 21:52:06.566  1989  2024 D vendor.oplus.hardware.charger-V7-service: s_chg_user_mode: 3
07-28 21:52:06.566  1989  2024 D vendor.oplus.hardware.charger-V7-service: scale_chg Start!!!
07-28 21:52:06.566  1989  2024 D vendor.oplus.hardware.charger-V7-service: [0, 0, 3]
07-28 21:52:06.566  1989  2024 D vendor.oplus.hardware.charger-V7-service: [0, 2, 9]
07-28 21:52:06.566  1989  2024 D vendor.oplus.hardware.charger-V7-service: [0, 1, 3]
07-28 21:52:06.566  1989  2024 D vendor.oplus.hardware.charger-V7-service: [0, 3, 3]
07-28 21:52:06.566  1989  2024 D vendor.oplus.hardware.charger-V7-service: [0, 4, 3]
07-28 21:52:06.567  1989  2024 D vendor.oplus.hardware.charger-V7-service: [0, 5, 5]
07-28 21:52:06.567  1989  2024 D vendor.oplus.hardware.charger-V7-service: [0, 6, 9]
07-28 21:52:06.567  1989  2024 D vendor.oplus.hardware.charger-V7-service: scale_chg Start!!!
07-28 21:52:06.567  1989  2024 D vendor.oplus.hardware.charger-V7-service: [0, 0, 3]
07-28 21:52:06.567  1989  2024 D vendor.oplus.hardware.charger-V7-service: [0, 2, 10]
07-28 21:52:06.567  1989  2024 D vendor.oplus.hardware.charger-V7-service: [0, 1, 3]
07-28 21:52:06.567  1989  2024 D vendor.oplus.hardware.charger-V7-service: [0, 3, 3]
07-28 21:52:06.567  1989  2024 D vendor.oplus.hardware.charger-V7-service: [0, 4, 3]
07-28 21:52:06.567  1989  2024 D vendor.oplus.hardware.charger-V7-service: [0, 5, 3]
07-28 21:52:06.567  1989  2024 D vendor.oplus.hardware.charger-V7-service: [0, 6, 10]
07-28 21:52:06.593  1978  1978 D SensorFeature: name=ssc_screenshot_info ,index = 22
07-28 21:52:06.594  1978  1978 D SensorFeature: write 29 bytes:50915137426,57353993518,156,0
07-28 21:52:06.596  1923  1956 I [UAH_CLIENT]: UahRelease, handle:18
07-28 21:52:06.597  1923  1956 I [UAH_CLIENT]: UahPlatformResAcquire
07-28 21:52:06.597  1923  1956 I [UAH_CLIENT]: UahEventAcquire, cmdid:-3, pkg:1923 12926, identity:qcom-perfd
07-28 21:52:06.597  1923  1956 E PERFHAL-RESOURCEQS: PERFHAL-RESOURCEQS: AddAndApply() 130: Resource with major=18, minor=41 not supported
07-28 21:52:06.713 12930 13017 I SystemFeature: operator:{oppo.cmcc.mp:false, browser.cmcc:false, browser.test.cmcc:false, browser.cmcc.bookmark:false, browser.test.cmcc.bookmark:false, browser.cmcc.home:false, browser.test.cmcc.home:false
07-28 21:52:06.713 12930 13017 I SystemFeature: cu.optr:false, browser.cu:false, browser.test.cu:false
07-28 21:52:06.713 12930 13017 I SystemFeature: ct.optr:false, browser.ct:false, browser.test.ct:false
07-28 21:52:06.713 12930 13017 I SystemFeature: }
07-28 21:52:06.716 12930 13017 I IdentityUtil: initIdentity: success, duidInit=true, uuid=d7830aefe1185a1d969e64bfc89f60a7
07-28 21:52:06.716  7900  7918 I OpenID  : com.heytap.pictorial:3142:ret:T
07-28 21:52:06.717  1894  4414 I Dpps    : LtmSwState::SetParameter():144 ignore cmd 7 in state LtmOffState
07-28 21:52:06.722 12930 13017 D Identity: nonceAndCounter: dd9a4043def38283000000000000000b
07-28 21:52:06.766  1138 12972 I keystore2: system/security/keystore2/watchdog/src/lib.rs:319 - Watchdog thread idle -> terminating. Have a great day.
07-28 21:52:06.876  3341  5803 I InputDispatcher: injectInputEvent: targetUid=<not set>, syncMode=WAIT_FOR_FINISHED, timeout=30000ms, policyFlags=0x8000000, event=MotionEvent { action=DOWN, id[0]=0, x[0]=900, y[0]=30, eventTime=57637000000, downTime=57637000000, deviceId=4, source=TOUCHSCREEN, displayId=0, eventId=0xf1fa0034}
07-28 21:52:06.878  3341  4820 I [UAH_CLIENT]: UahEventAcquire, cmdid:37, pkg:none, identity:OplusUAwareInputHelper
07-28 21:52:06.878  3341  4625 D OMP_Detector: D:done mCurrStatus: 0
07-28 21:52:06.878  2137  3502 D VRR [OTI]: handleIdle from 1 to 0
07-28 21:52:06.878  2137  3502 D VRR [OTI-HW]: isStateReady 0
07-28 21:52:06.878  2137  3502 D VRR [OTI-HW]: restore sys rate.
07-28 21:52:06.878  2137  3502 D VRR [RefreshRateDirector]: requestRefreshRateByOti update [ oti-hw, {fps=120, modePtr={id=4, vsyncRate=120.00 Hz, peakRefreshRate=120.00 Hz}} ]
07-28 21:52:06.878  2137  3502 D VRR [RefreshRateDirector]: selectBestFrameRate DirectorMapOti [oti-hw, {fps=120, modePtr={id=4, vsyncRate=120.00 Hz, peakRefreshRate=120.00 Hz}}]
07-28 21:52:06.878  2137  3502 D VRR [RefreshRateDirector]: updateBestFrameRate [oti-hw, {fps=120, modePtr={id=4, vsyncRate=120.00 Hz, peakRefreshRate=120.00 Hz}}]
07-28 21:52:06.878  2137  3502 D SurfaceFlinger: VRR [SurfaceFlinger] setDesiredActiveMode: displayId: 4630946756802996883, renderRate: 120, vsyncRate: 120, event: 1
07-28 21:52:06.878  2137  3502 D DisplayModeController: setDesiredMode 4630946756802996883 {mode={fps=120.00 Hz, modePtr={id=4, vsyncRate=120.00 Hz, peakRefreshRate=120.00 Hz}}, emitEvent=true, force=false}
07-28 21:52:06.879  3341  4820 D UAH-UahAdaptHelper: adaptSetNotification identity = OplusUAwareInputHelpersrc = 1000 , type 0 ,p1 = -1 ,p2 = -1 ,p3 = -1 ,p4 =
07-28 21:52:06.879  3341  4820 I [UAH_CLIENT]: uahRuleCtl, ruleId:1000, status:0
07-28 21:52:06.881  3341  3744 D PowerManagerService: userActivityNoUpdateLocked: groupId=0, eventTime=57637, event=touch, flags=0x0, uid=1000
07-28 21:52:06.881  1923  1956 I [UAH_CLIENT]: UahRelease, handle:33
07-28 21:52:06.881  1923  1956 I [UAH_CLIENT]: UahPlatformResAcquire
07-28 21:52:06.881  1923  1956 I [UAH_CLIENT]: UahEventAcquire, cmdid:-3, pkg:2137 6979, identity:qcom-perfd
07-28 21:52:06.882  1923  1956 E PERFHAL-RESOURCEQS: PERFHAL-RESOURCEQS: AddAndApply() 130: Resource with major=18, minor=41 not supported
07-28 21:52:06.882  4842  4842 V AutofillManager: requestHideFillUi(null): anchor = null
07-28 21:52:06.882  4842  4842 V Application: getAutofillClient(): null on super, trying to find activity thread
07-28 21:52:06.882  4842  4842 V Application: getAutofillClient(): none of the 0 activities on com.android.systemui.SystemUIApplication@3b83091 are top resumed nor have focus
07-28 21:52:06.882  4842  4842 V AutofillManager: No AutofillClient for com.android.systemui on context com.android.systemui.SystemUIApplication@3b83091
07-28 21:52:06.883  4842  4842 I PluginSeedling--Capsule: CapsuleTouchEventHandler-->onInterceptTouchEvent interceptEvent: false
07-28 21:52:06.884  3341  3584 W UserAwareMgr: can not find match thread: GaussianBlur for process com.android.systemui
07-28 21:52:06.885  4842  4842 I SystemUi--Common: ScrollTranslationValue-->resetPanelTranslationY
07-28 21:52:06.885  4842  5317 I UAH-UahAdaptHelper: getAidlService uah urcc service =  vendor.oplus.hardware.urcc.IUrcc$Stub$Proxy@28f2be8
07-28 21:52:06.885  4842  4842 I SystemUi--QuickSettings: OplusPanelViewPagerController-->initExpanded downExpanded=NONE downOnRight=true targetPage=NOTIFICATION downOnYHotArea=true  isKeyguardShowing=false isOnKeyguard=false fractionListeners.size=0 currentQsFraction=0.0 currentNotifyFraction=0.0 hasCalledDownEvent=true getScrollXHotZone=([Rect(0, 0 - 1080, 2376)], [Rect(-1, -1 - -1, -1), Rect(157, 1999 - 283, 2125), Rect(823, 1999 - 949, 2125)]) getScrollYHotZone=Rect(0, 0 - 1080, 66) notifyExpandedFraction=0.0 isLastUpToExpand=false qsPanelView.translationX=0.0
07-28 21:52:06.885  4842  4842 I SystemUi--QuickSettings: OplusPanelViewPagerController-->shouldOpenQS  set targetPage=QS
07-28 21:52:06.885  4842  4842 I SystemUi--Common: ScrollTranslationValue-->resetPanelTranslationY
07-28 21:52:06.885  4842  4842 I SystemUi--QuickSettings: OplusPanelViewPagerController-->initExpanded downExpanded=NONE downOnRight=true targetPage=QS downOnYHotArea=true  isKeyguardShowing=false isOnKeyguard=false fractionListeners.size=0 currentQsFraction=0.0 currentNotifyFraction=0.0 hasCalledDownEvent=true getScrollXHotZone=([Rect(0, 0 - 1080, 2376)], [Rect(-1, -1 - -1, -1), Rect(157, 1999 - 283, 2125), Rect(823, 1999 - 949, 2125)]) getScrollYHotZone=Rect(0, 0 - 1080, 66) notifyExpandedFraction=0.0 isLastUpToExpand=false qsPanelView.translationX=0.0
07-28 21:52:06.885  4842  4842 I SystemUi--QuickSettings: OplusPanelViewPagerController-->shouldOpenQS  set targetPage=QS
07-28 21:52:06.886  4842  4842 I SystemUi--QuickSettings: OplusQSPageViewController-->reset(), pageList size:2 itemCount:2 oldIndex:0 curIndex:0
07-28 21:52:06.886  4842  4842 I SystemUi--QuickSettings: OplusQSRootViewController-->startExpandMotion event: 0, startTracking: false isClosing: false panelClosedOnDown: true
07-28 21:52:06.886  4842  4842 I SystemUi--QuickSettings: OplusQSRootViewController-->initialOffsetOnTouch: 0.0, panelClosedOnDown: true
07-28 21:52:06.886  4842  4842 I SystemUi--QuickSettings: OplusQSRootView-->disallowChildIntercept:false
07-28 21:52:06.886  4842  4842 I SystemUi--QuickSettings: OplusQSRootViewController-->startExpandMotion event: 0, startTracking: false isClosing: false panelClosedOnDown: true
07-28 21:52:06.886  4842  4842 I SystemUi--QuickSettings: OplusQSRootViewController-->initialOffsetOnTouch: 0.0, panelClosedOnDown: true
07-28 21:52:06.886  4842  4842 I SystemUi--QuickSettings: OplusQSRootViewController-->onTouchEvent() ACTION_DOWN, canSlideHToQSOnStatusBar:true, gestureWaitForTouchSlop:true, panelClosedOnDown:true, panelClosingOnDown:false, pointerIndex:0
07-28 21:52:06.886  3341  5803 I InputDispatcher: injectInputEvent: targetUid=<not set>, syncMode=WAIT_FOR_FINISHED, timeout=30000ms, policyFlags=0x8000000, event=MotionEvent { action=MOVE, id[0]=0, x[0]=900, y[0]=102.233, eventTime=57648000000, downTime=57637000000, deviceId=4, source=TOUCHSCREEN, displayId=0, eventId=0xd2f42237}
07-28 21:52:06.886  4842  5317 D nativeloader: Load libUahPerf_Jni.so using system ns (caller=/system/framework/oplus-framework.jar): ok
07-28 21:52:06.886  4842  5317 E UAH_JNI :  JNI_OnLoad  enter
07-28 21:52:06.886  4842  5317 E [UAH_CLIENT]: uahInit enter
07-28 21:52:06.887  2137  2137 I DisplayModeController: hwc begin mode change to 8333333
07-28 21:52:06.887  2137  2137 I HWC2    : [0] setActiveConfigWithConstraints[4]
07-28 21:52:06.887  3341  4820 I [UAH_CLIENT]: UahEventAcquire, cmdid:68, pkg:none, identity:OplusUAwareInputHelper
07-28 21:52:06.887  4842  5317 W ndroid.systemui: AIBinder_linkToDeath is being called with a non-null cookie and no onUnlink callback set. This might not be intended. AIBinder_DeathRecipient_setOnUnlinked should be called first.
07-28 21:52:06.887  1894  1894 W SDM     : HWDeviceDRM::GetSupportedBitClkRate: Requested rate not supported: 1363200000
07-28 21:52:06.887  2007  2007 I UrccFramework-halservice: Urcc::init is called 
07-28 21:52:06.888  4842  5317 E UAH_JNI :  JNI_OnLoad  end
07-28 21:52:06.888  4842  5317 I [UAH_CLIENT]: UahEventAcquire, cmdid:97, pkg:none, identity:OsenseHelperImpl
07-28 21:52:06.888  1894  1894 I SDM     : HWDeviceDRM::UpdateMixerAttributes: Mixer WxH 1440x3168-1 for Peripheral
07-28 21:52:06.888  3341  4388 D SystemGestures: detectSwipe: 1
07-28 21:52:06.888  1894  1894 I CwbService: CwbService::notifyConfigChange: display:0, config:4 size:4, sec.size():0
07-28 21:52:06.888  1894  1894 I CwbService: CwbService::notifyConfigChange: display: 0, config = 0
07-28 21:52:06.888  1894  3457 I CasManager: Fps changed from 60 to 120
07-28 21:52:06.888  1894  3457 I CasManager: Fps changed, not change bin, so trigger gain
07-28 21:52:06.888  1894  3457 W SDM     : DemuraIntfImpl::ProcessOemPluginGain: Thermal intf_ is nullptr 0, default to 25 degree
07-28 21:52:06.888  1894  3457 I SDM     : CasQcPlugIn::ProcessPerCompGainOppo: input params, mode:PWM, fps:120, dbv:1445
07-28 21:52:06.888  1894  3457 I SDM     : CasQcPlugIn::ProcessPerCompGainOppo: normalized bright_adj:1024, dbv:1445, bin_dbv:1083, 
07-28 21:52:06.888  1894  3457 I SDM     : CasQcPlugIn::ProcessPerCompGainOppo: gains print start =====================
07-28 21:52:06.888  1894  3457 I SDM     : CasQcPlugIn::ProcessPerCompGainOppo: gain --------------------------------
07-28 21:52:06.888  1894  3457 I SDM     : CasQcPlugIn::ProcessPerCompGainOppo: old: 0 0 0 57 90 322 1201 3072
07-28 21:52:06.888  1894  3457 I SDM     : CasQcPlugIn::ProcessPerCompGainOppo: new: 0 0 0 47 77 278 1038 3072
07-28 21:52:06.888  1894  3457 I SDM     : CasQcPlugIn::ProcessPerCompGainOppo: gain --------------------------------
07-28 21:52:06.888  1894  3457 I SDM     : CasQcPlugIn::ProcessPerCompGainOppo: old: 0 0 0 64 125 373 1336 3072
07-28 21:52:06.888  1894  3457 I SDM     : CasQcPlugIn::ProcessPerCompGainOppo: new: 0 0 0 53 99 373 1336 3072
07-28 21:52:06.888  1894  3457 I SDM     : CasQcPlugIn::ProcessPerCompGainOppo: gain --------------------------------
07-28 21:52:06.888  1894  3457 I SDM     : CasQcPlugIn::ProcessPerCompGainOppo: old: 0 0 0 42 83 323 1222 3072
07-28 21:52:06.888  1894  3457 I SDM     : CasQcPlugIn::ProcessPerCompGainOppo: new: 0 0 0 35 83 323 1222 3072
07-28 21:52:06.888  1894  3457 I SDM     : CasQcPlugIn::ProcessPerCompGainOppo: gains print end =======================
07-28 21:52:06.893  1894  3457 I SDM     : DemuraIntfImpl::StageAllData: Staged all data to Demura Driver!
07-28 21:52:06.893  1894  3457 I SDM     : HWPeripheralDRM::SetPanelFeature: Set Panel feature property 19
07-28 21:52:06.893  1894  3457 I SDM     : HWPeripheralDRM::SetPanelFeature: Set Panel feature property 7
07-28 21:52:06.893  1894  3457 I SDM     : DisplayBuiltIn::TriggerDemuraOemPlugIn: Trigger demura oem plugin success
07-28 21:52:06.894  1894  2201 I SDM     : DRMPanelFeatureMgr::ApplyDirtyFeature: Commited panel feature [enabled]: 20-272
07-28 21:52:06.894  1894  2201 I SDM     : DRMPanelFeatureMgr::ApplyDirtyFeature: Commited panel feature [enabled]: 8-271
07-28 21:52:06.894  1978  1978 D SensorFeature: name=ssc_screenshot_info ,index = 22
07-28 21:52:06.895  1978  1978 D SensorFeature: write 29 bytes:50915137426,57656044038,157,0
07-28 21:52:06.911  2137  2137 D VRR-[OPlusRefreshRateSelector]: setCurrentModeId 4 type SA
07-28 21:52:06.911  2137  3502 D VRR [OTI-HW]: isStateReady 0
07-28 21:52:06.911  2137  3502 D VRR [OTI-HW]: keep rate.
07-28 21:52:06.911  3341  3571 I DisplayDeviceRepository: Display device changed render timings: "Built-in Screen", renderFrameRate=120.00001, presentationDeadlineNanos=11333333, appVsyncOffsetNanos=1000000
07-28 21:52:06.911  3341  3571 D LogicalDisplayExt: set displayInfo flag FLAG_ROTATES_WITH_CONTENT
07-28 21:52:06.912  3341  3571 D DisplayManagerServiceExtImpl: scheduleTraversalLocked intraversal=false
07-28 21:52:06.912  3341  3571 I DisplayManagerServiceExtImpl: handle logical display changed logicalDisplay=id=0,stack=0,content=true,displayInfo{stack=0,type=1,id=0,uId=local:4630946756802996883,state=ON,pkg=null}
07-28 21:52:06.912  3341  3571 D DisplayManagerService: Delivering display event: displayId=0, event=CHANGED
07-28 21:52:06.912  3341  3743 D BrightnessThermalClamper: Thermal status observer already started
07-28 21:52:06.912  3341  3743 D BrightnessPowerClamper: Power throttling data is missing for configuration data.
07-28 21:52:06.912  3341  3341 E OplusGestureAnimationManagerPolicy: mScreenHeight:2376 mScreenWidth:1080 mRotation:0
07-28 21:52:06.913  3341  3569 D OplusVFXScreenEffectFeature: notifySFCompatWindowStateChange entered false
07-28 21:52:06.913  3341  3569 D FSS_FoldScreenBlackCoverController: displayChangeToOn, dc:Display{#0 state=ON size=1080x2376 ROTATION_0}
07-28 21:52:06.913  2137  2463 D [PREVIEW]: SF obtain preview_adapter: 0
07-28 21:52:06.913  2137  2463 D [PREVIEW]: TabletPreviewAdapter::parallel world 0
07-28 21:52:06.914  3341  3569 D DisplayManagerService: performTraversalInternal pendingTraversal
07-28 21:52:06.914  3341  3569 D DisplayDevice: setLayerStackLocked id=local:4630946756802996883 token=android.os.BinderProxy@87719a0 stack=0->0
07-28 21:52:06.914  4664  4664 D CastManagerService: onDisplayChanged.
07-28 21:52:06.914  2121  5463 D AudioFlingerExtImpl: AudioFlingerExtImpl oplusSetParameters: keyvalue screen_state=on
07-28 21:52:06.914  2121  5463 D DeviceHalAidl: 0xb400007aade7c200 DeviceHalAidl::setParameters
07-28 21:52:06.914  2121  5463 D DeviceHalAidl: setParameters: parameters: "screen_state=on"
07-28 21:52:06.914  4842  4842 I SystemUi--QuickSettings: OplusQSRootViewController-->startExpandMotion event: 2, startTracking: true isClosing: false panelClosedOnDown: true
07-28 21:52:06.914  4842  4842 I SystemUi--QuickSettings: OplusQSRootViewController-->endClosing()
07-28 21:52:06.914  4842  4842 I SystemUi--QuickSettings: QSPanelExpandFraction-->updateFraction, stiffness=500.0, finalPosition=0.36116862
07-28 21:52:06.915  1819  3732 I PAL: ResourceManager: setParameter: 11480: Screen State:1
07-28 21:52:06.915  2121  5463 D DeviceHalAidl: 0xb400007aade7c800 DeviceHalAidl::setParameters
07-28 21:52:06.915  2121  5463 D DeviceHalAidl: setParameters: parameters: "screen_state=on"
07-28 21:52:06.915  1819  3732 D AHAL_Module: updateScreenState: usb: 1
07-28 21:52:06.915  2121  5463 D DeviceHalAidl: 0xb400007aade7ce00 DeviceHalAidl::setParameters
07-28 21:52:06.915  2121  5463 D DeviceHalAidl: setParameters: parameters: "screen_state=on"
07-28 21:52:06.915  1819  1819 D AHAL_Module: updateScreenState: r_submix: 1
07-28 21:52:06.915  3341  5803 I InputDispatcher: injectInputEvent: targetUid=<not set>, syncMode=WAIT_FOR_FINISHED, timeout=30000ms, policyFlags=0x8000000, event=MotionEvent { action=MOVE, id[0]=0, x[0]=900, y[0]=292.667, eventTime=57677000000, downTime=57637000000, deviceId=4, source=TOUCHSCREEN, displayId=0, eventId=0xd9e090cf}
07-28 21:52:06.915  4842  4842 I SystemUi--Statusbar: DisplayRepository-->combining enabled=[0], connectedExternalDisplayIds=[], ignored=[]
07-28 21:52:06.916  2121  5463 D DeviceHalAidl: 0xb400007aade7d400 DeviceHalAidl::setParameters
07-28 21:52:06.916  2121  5463 D DeviceHalAidl: setParameters: parameters: "screen_state=on"
07-28 21:52:06.916  1819  1819 D AHAL_Module: updateScreenState: bluetooth: 1
07-28 21:52:06.916  2121  5463 D DeviceHalAidl: 0xb400007aade7da00 DeviceHalAidl::setParameters
07-28 21:52:06.916  2121  5463 D DeviceHalAidl: setParameters: parameters: "screen_state=on"
07-28 21:52:06.916  1819  3732 D AHAL_Module: updateScreenState: bluetooth: 1
07-28 21:52:06.916  3341  3571 D DisplayManagerService: MSG_REQUEST_TRAVERSAL pendingCompleted=false
07-28 21:52:06.916  2121  5463 D DeviceHalAidl: 0xb400007aade7e000 DeviceHalAidl::setParameters
07-28 21:52:06.916  2121  5463 D DeviceHalAidl: setParameters: parameters: "screen_state=on"
07-28 21:52:06.916  1819  3732 D AHAL_Module: updateScreenState: stub: 1
07-28 21:52:06.917  6533  6576 E oiface  : sched_setaffinity failed
07-28 21:52:06.917  1996  2017 I gameoptHal: targetfps updated 6 -- 120
07-28 21:52:06.923  4842  4842 I SystemUi--QuickSettings: OplusQSRootViewController-->setQsVisible: true rawFraction:0.004080794
07-28 21:52:06.923  3341  5803 I InputDispatcher: injectInputEvent: targetUid=<not set>, syncMode=WAIT_FOR_FINISHED, timeout=30000ms, policyFlags=0x8000000, event=MotionEvent { action=MOVE, id[0]=0, x[0]=900, y[0]=338.634, eventTime=57684000000, downTime=57637000000, deviceId=4, source=TOUCHSCREEN, displayId=0, eventId=0xe90b3aa5}
07-28 21:52:06.924  4842  4842 I SystemUi--QuickSettings: OplusQSRootViewController-->setListening: true
07-28 21:52:06.924  4842  4842 I SystemUi--QuickSettings: OplusLargeTileContainerViewController-->setListening listening=true
07-28 21:52:06.924  4842  4842 I SystemUi--QuickSettings: QSBrightnessFactory-->setListening listening:true
07-28 21:52:06.924  4842  4842 I SystemUi--QuickSettings: OplusQsBrightnessSliderController-->setListening listening:true mView: com.oplus.systemui.plugins.qs.widget.OplusQsToggleSliderLayout{348cb8 V.E...... ......ID 558,244-737,643 #7f0a09f0 app:id/qs_brightness_slider_layout alpha=0.0 viewInfo = } value:0
07-28 21:52:06.924  4842  4842 I SystemUi--QuickSettings: OplusQsVolumeSliderController-->updateVolumeSeekBarMaxProgress: isNeedUpdate=true, maxVolumeProgress=16000, seekBarMaxProgress=1600, isInit=false
07-28 21:52:06.924  4842  4842 I SystemUi--QuickSettings: OplusQsVolumeSliderController-->updateVolumeSeekBarProgress: isNeedUpdate=true, isAllowUpdate=true, volumeLevel=0, seekBarLevel=0, initialVolumeSliderProgress=0, initialSeekBarVolumeLevel=-1, progressUpdated=false
07-28 21:52:06.924  4842  4842 I SystemUi--QuickSettings: OplusQsVolumeSliderController-->updateDisableShowVolumeDialog: isQsListening=true
07-28 21:52:06.924  4842  4842 I SystemUi--Device_Panel: OplusQSMyDeviceContainerViewController-->setListening listening: true
