07-28 04:09:04.418  8856  9940 E metis_v2_JenaHandlerManager: local thread match [7f0000011753690103320415706920|p_6920_2bb4897@1|p_8856_1b6628c@0|com.oplus.metis]
07-28 04:09:04.418  8856  9940 E metis_v2_JenaHandlerManager: local thread match [7f0000011753690103320415706920|p_6920_2bb4897@1|p_8856_1b6628c@0|com.oplus.metis]
07-28 04:09:04.418  8856  9940 E metis_v2_JenaHandlerManager: local thread match [7f0000011753690103320415706920|p_6920_2bb4897@1|p_8856_1b6628c@0|com.oplus.metis]
07-28 04:09:04.418  8856  9940 E metis_v2_JenaHandlerManager: local thread match [7f0000011753690103320415706920|p_6920_2bb4897@1|p_8856_1b6628c@0|com.oplus.metis]
07-28 04:09:04.418  8856  9940 E metis_v2_JenaHandlerManager: local thread match [7f0000011753690103320415706920|p_6920_2bb4897@1|p_8856_1b6628c@0|com.oplus.metis]
07-28 04:09:04.418  8856  9940 E metis_v2_JenaHandlerManager: local thread match [7f0000011753690103320415706920|p_6920_2bb4897@1|p_8856_1b6628c@0|com.oplus.metis]
07-28 04:09:04.418  8856  9940 E metis_v2_JenaHandlerManager: local thread match [7f0000011753690103320415706920|p_6920_2bb4897@1|p_8856_1b6628c@0|com.oplus.metis]
07-28 04:09:04.418  8856  9849 I ContextAware_SortAlgorithmManager.SceneIntentReorderProcessor: ruleReordering onDecisionAfterRerank, mIntentList:size: 5 13151001 14111005 14111004 18111007 18111008
07-28 04:09:04.418  8856  9940 E metis_v2_JenaHandlerManager: local thread match [7f0000011753690103320415706920|p_6920_2bb4897@1|p_8856_1b6628c@0|com.oplus.metis]
07-28 04:09:04.418  8856  9940 E metis_v2_JenaHandlerManager: local thread match [7f0000011753690103320415706920|p_6920_2bb4897@1|p_8856_1b6628c@0|com.oplus.metis]
07-28 04:09:04.418  8856  9940 E metis_v2_JenaHandlerManager: local thread match [7f0000011753690103320415706920|p_6920_2bb4897@1|p_8856_1b6628c@0|com.oplus.metis]
07-28 04:09:04.418  8856  9940 E metis_v2_JenaHandlerManager: local thread match [7f0000011753690103320415706920|p_6920_2bb4897@1|p_8856_1b6628c@0|com.oplus.metis]
07-28 04:09:04.418  8856  9940 E metis_v2_JenaHandlerManager: local thread match [7f0000011753690103320415706920|p_6920_2bb4897@1|p_8856_1b6628c@0|com.oplus.metis]
07-28 04:09:04.418  8856  9940 E metis_v2_JenaHandlerManager: local thread match [7f0000011753690103320415706920|p_6920_2bb4897@1|p_8856_1b6628c@0|com.oplus.metis]
07-28 04:09:04.418  8856  9940 E metis_v2_JenaHandlerManager: local thread match [7f0000011753690103320415706920|p_6920_2bb4897@1|p_8856_1b6628c@0|com.oplus.metis]
07-28 04:09:04.418  8856  9940 E metis_v2_JenaHandlerManager: local thread match [7f0000011753690103320415706920|p_6920_2bb4897@1|p_8856_1b6628c@0|com.oplus.metis]
07-28 04:09:04.418  8856  9940 E metis_v2_JenaHandlerManager: local thread match [7f0000011753690103320415706920|p_6920_2bb4897@1|p_8856_1b6628c@0|com.oplus.metis]
07-28 04:09:04.418  8856  9849 W ContextAware_IntentSwitchManager: subSwitchMap don't contain application_suggestions, set the switch to true as default
07-28 04:09:04.418  8856  9940 E metis_v2_JenaHandlerManager: local thread match [7f0000011753690103320415706920|p_6920_2bb4897@1|p_8856_1b6628c@0|com.oplus.metis]
07-28 04:09:04.418  8856  9849 I ContextAware_IntentSwitchManager: getSubSwitchStatus = {application_suggestions=true}
07-28 04:09:04.418  8856  9940 E metis_v2_JenaHandlerManager: local thread match [7f0000011753690103320415706920|p_6920_2bb4897@1|p_8856_1b6628c@0|com.oplus.metis]
07-28 04:09:04.418  8856  9940 E metis_v2_JenaHandlerManager: local thread match [7f0000011753690103320415706920|p_6920_2bb4897@1|p_8856_1b6628c@0|com.oplus.metis]
07-28 04:09:04.418  8856  9940 E metis_v2_JenaHandlerManager: local thread match [7f0000011753690103320415706920|p_6920_2bb4897@1|p_8856_1b6628c@0|com.oplus.metis]
07-28 04:09:04.418  8856  9849 I ContextAware_SortAlgorithmManager.ReorderProcessor.RuleReRanker: sceneIntentRerank sceneFinalScoreMap:{scene rerank, use defaultScore, finalScore:13151001DYNAMIC_SUBSTITUTE=3.12}
07-28 04:09:04.418  8856  9849 I metis_v2_BreenoSwitchSettingObserver: panta-sugg-getMasterSwitchStatus from cache:true
07-28 04:09:04.418  8856  9940 E metis_v2_JenaHandlerManager: local thread match [7f0000011753690103320415706920|p_6920_2bb4897@1|p_8856_1b6628c@0|com.oplus.metis]
07-28 04:09:04.418  8856  9940 E metis_v2_JenaHandlerManager: local thread match [7f0000011753690103320415706920|p_6920_2bb4897@1|p_8856_1b6628c@0|com.oplus.metis]
07-28 04:09:04.418  8856  9940 E metis_v2_JenaHandlerManager: local thread match [7f0000011753690103320415706920|p_6920_2bb4897@1|p_8856_1b6628c@0|com.oplus.metis]
07-28 04:09:04.418  8856  9849 I ContextAware_IntentSwitchManager: getSubSwitchStatus = {tips=true}
07-28 04:09:04.418  8856  9940 E metis_v2_JenaHandlerManager: local thread match [7f0000011753690103320415706920|p_6920_2bb4897@1|p_8856_1b6628c@0|com.oplus.metis]
07-28 04:09:04.418  8856  9849 I ContextAware_IntentSwitchManager: isExistInSceneInfoActionList pantanalIntentAction = pantanal.intent.system.VIEW_TIPS
07-28 04:09:04.418  8856  9940 E metis_v2_JenaHandlerManager: local thread match [7f0000011753690103320415706920|p_6920_2bb4897@1|p_8856_1b6628c@0|com.oplus.metis]
07-28 04:09:04.418  8856  9849 I metis_v2_BreenoSwitchSettingObserver: panta-sugg-getMasterSwitchStatus from cache:true
07-28 04:09:04.418  8856  9940 E metis_v2_JenaHandlerManager: local thread match [7f0000011753690103320415706920|p_6920_2bb4897@1|p_8856_1b6628c@0|com.oplus.metis]
07-28 04:09:04.418  8856  9940 E metis_v2_JenaHandlerManager: local thread match [7f0000011753690103320415706920|p_6920_2bb4897@1|p_8856_1b6628c@0|com.oplus.metis]
07-28 04:09:04.418  8856  9849 I ContextAware_SortAlgorithmManager.ReorderProcessor.RuleReRanker: sceneIntentRerank sceneFinalScoreMap:{scene rerank, use defaultScore, finalScore:14111005SUBSTITUTE_SCENE=2.0}
07-28 04:09:04.418  8856  9940 E metis_v2_JenaHandlerManager: local thread match [7f0000011753690103320415706920|p_6920_2bb4897@1|p_8856_1b6628c@0|com.oplus.metis]
07-28 04:09:04.418  8856  9849 W ContextAware_IntentSwitchManager: getSubSwitchStatus the parameter is invalid.
07-28 04:09:04.418  8856  9940 E metis_v2_JenaHandlerManager: local thread match [7f0000011753690103320415706920|p_6920_2bb4897@1|p_8856_1b6628c@0|com.oplus.metis]
07-28 04:09:04.418  8856  9849 I ContextAware_SortAlgorithmManager.ReorderProcessor.RuleReRanker: sceneIntentRerank sceneFinalScoreMap:{}
07-28 04:09:04.418  8856  9940 E metis_v2_JenaHandlerManager: local thread match [7f0000011753690103320415706920|p_6920_2bb4897@1|p_8856_1b6628c@0|com.oplus.metis]
07-28 04:09:04.418  8856  9940 E metis_v2_JenaHandlerManager: local thread match [7f0000011753690103320415706920|p_6920_2bb4897@1|p_8856_1b6628c@0|com.oplus.metis]
07-28 04:09:04.418  8856  9940 E metis_v2_JenaHandlerManager: local thread match [7f0000011753690103320415706920|p_6920_2bb4897@1|p_8856_1b6628c@0|com.oplus.metis]
07-28 04:09:04.418  8856  9940 E metis_v2_JenaHandlerManager: local thread match [7f0000011753690103320415706920|p_6920_2bb4897@1|p_8856_1b6628c@0|com.oplus.metis]
07-28 04:09:04.418  8856  9940 E metis_v2_JenaHandlerManager: local thread match [7f0000011753690103320415706920|p_6920_2bb4897@1|p_8856_1b6628c@0|com.oplus.metis]
07-28 04:09:04.418  8856  9940 E metis_v2_JenaHandlerManager: local thread match [7f0000011753690103320415706920|p_6920_2bb4897@1|p_8856_1b6628c@0|com.oplus.metis]
07-28 04:09:04.418  8856  9940 E metis_v2_JenaHandlerManager: local thread match [7f0000011753690103320415706920|p_6920_2bb4897@1|p_8856_1b6628c@0|com.oplus.metis]
07-28 04:09:04.418  8856  9849 I ContextAware_IntentSwitchManager: getSubSwitchStatus = {clear_memory=true}
07-28 04:09:04.418  8856  9940 E metis_v2_JenaHandlerManager: local thread match [7f0000011753690103320415706920|p_6920_2bb4897@1|p_8856_1b6628c@0|com.oplus.metis]
07-28 04:09:04.418  8856  9849 I ContextAware_IntentSwitchManager: isExistInSceneInfoActionList pantanalIntentAction = pantanal.intent.system.CLEAN_UP_STORAGE
07-28 04:09:04.418  8856  9940 E metis_v2_JenaHandlerManager: local thread match [7f0000011753690103320415706920|p_6920_2bb4897@1|p_8856_1b6628c@0|com.oplus.metis]
07-28 04:09:04.418  8856  9849 I metis_v2_BreenoSwitchSettingObserver: panta-sugg-getMasterSwitchStatus from cache:true
07-28 04:09:04.418  8856  9940 E metis_v2_JenaHandlerManager: local thread match [7f0000011753690103320415706920|p_6920_2bb4897@1|p_8856_1b6628c@0|com.oplus.metis]
07-28 04:09:04.418  8856  9849 I ContextAware_IntentSwitchManager: isExistInSceneInfoActionList pantanalIntentAction = pantanal.intent.audio.SUBSTITUTE_RAM_CLEAN_UP
07-28 04:09:04.418  8856  9940 E metis_v2_JenaHandlerManager: local thread match [7f0000011753690103320415706920|p_6920_2bb4897@1|p_8856_1b6628c@0|com.oplus.metis]
07-28 04:09:04.418  8856  9849 I metis_v2_BreenoSwitchSettingObserver: panta-sugg-getMasterSwitchStatus from cache:true
07-28 04:09:04.418  8856  9940 E metis_v2_JenaHandlerManager: local thread match [7f0000011753690103320415706920|p_6920_2bb4897@1|p_8856_1b6628c@0|com.oplus.metis]
07-28 04:09:04.418  8856  9849 I ContextAware_IntentSwitchManager: isExistInSceneInfoActionList pantanalIntentAction = pantanal.intent.audio.SUBSTITUTE_RAM_CLEAN_UP_PLUS
07-28 04:09:04.418  8856  9940 E metis_v2_JenaHandlerManager: local thread match [7f0000011753690103320415706920|p_6920_2bb4897@1|p_8856_1b6628c@0|com.oplus.metis]
07-28 04:09:04.418  8856  9849 I metis_v2_BreenoSwitchSettingObserver: panta-sugg-getMasterSwitchStatus from cache:true
07-28 04:09:04.418  8856  9940 E metis_v2_JenaHandlerManager: local thread match [7f0000011753690103320415706920|p_6920_2bb4897@1|p_8856_1b6628c@0|com.oplus.metis]
07-28 04:09:04.419  8856  9849 I ContextAware_SortAlgorithmManager.ReorderProcessor.RuleReRanker: sceneIntentRerank sceneFinalScoreMap:{scene rerank, use defaultScore, finalScore:14111004CLEAN_UP_STORAGE_SUBSTITUTE=4.06, scene rerank, use defaultScore, finalScore:18111007CLEAN_UP_SUBSTITUTE=4.05, scene rerank, use defaultScore, finalScore:18111008CLEAN_UP_PLUS_SUBSTITUTE=4.02}
07-28 04:09:04.419  8856  9940 E metis_v2_JenaHandlerManager: local thread match [7f0000011753690103320415706920|p_6920_2bb4897@1|p_8856_1b6628c@0|com.oplus.metis]
07-28 04:09:04.419  8856  9940 E metis_v2_JenaHandlerManager: local thread match [7f0000011753690103320415706920|p_6920_2bb4897@1|p_8856_1b6628c@0|com.oplus.metis]
07-28 04:09:04.419  8856  9940 E metis_v2_JenaHandlerManager: local thread match [7f0000011753690103320415706920|p_6920_2bb4897@1|p_8856_1b6628c@0|com.oplus.metis]
07-28 04:09:04.419  8856  9940 E metis_v2_JenaHandlerManager: local thread match [7f0000011753690103320415706920|p_6920_2bb4897@1|p_8856_1b6628c@0|com.oplus.metis]
07-28 04:09:04.419  8856  9940 E metis_v2_JenaHandlerManager: local thread match [7f0000011753690103320415706920|p_6920_2bb4897@1|p_8856_1b6628c@0|com.oplus.metis]
07-28 04:09:04.419  8856  9849 I ContextAware_SortAlgorithmManager.SceneIntentReorderProcessor: IntentReorder: scene[210000000]rank mIntentList: size: 1 13151001
07-28 04:09:04.419  8856  9849 I ContextAware_SortAlgorithmManager.SceneIntentReorderProcessor: scene[220500200]rank mIntentList: size: 1 14111005
07-28 04:09:04.419  8856  9849 I ContextAware_SortAlgorithmManager.SceneIntentReorderProcessor: scene[240100400]rank mIntentList: size: 0
07-28 04:09:04.419  8856  9849 I ContextAware_SortAlgorithmManager.SceneIntentReorderProcessor: scene[240000000]rank mIntentList: size: 3 14111004 18111007 18111008
07-28 04:09:04.419  8856  9940 E metis_v2_JenaHandlerManager: local thread match [7f0000011753690103320415706920|p_6920_2bb4897@1|p_8856_1b6628c@0|com.oplus.metis]
07-28 04:09:04.419  8856  9849 W ContextAware_SortAlgorithmManager.SceneUtil: Drop invalid scene: 220500200
07-28 04:09:04.419  8856  9940 E metis_v2_JenaHandlerManager: local thread match [7f0000011753690103320415706920|p_6920_2bb4897@1|p_8856_1b6628c@0|com.oplus.metis]
07-28 04:09:04.419  8856  9940 E metis_v2_JenaHandlerManager: local thread match [7f0000011753690103320415706920|p_6920_2bb4897@1|p_8856_1b6628c@0|com.oplus.metis]
07-28 04:09:04.419  8856  9940 E metis_v2_JenaHandlerManager: local thread match [7f0000011753690103320415706920|p_6920_2bb4897@1|p_8856_1b6628c@0|com.oplus.metis]
07-28 04:09:04.419  8856  9940 E metis_v2_JenaHandlerManager: local thread match [7f0000011753690103320415706920|p_6920_2bb4897@1|p_8856_1b6628c@0|com.oplus.metis]
07-28 04:09:04.419  8856  9940 E metis_v2_JenaHandlerManager: local thread match [7f0000011753690103320415706920|p_6920_2bb4897@1|p_8856_1b6628c@0|com.oplus.metis]
07-28 04:09:04.419  8856  9940 E metis_v2_JenaHandlerManager: local thread match [7f0000011753690103320415706920|p_6920_2bb4897@1|p_8856_1b6628c@0|com.oplus.metis]
07-28 04:09:04.419  8856  9940 E metis_v2_JenaHandlerManager: local thread match [7f0000011753690103320415706920|p_6920_2bb4897@1|p_8856_1b6628c@0|com.oplus.metis]
07-28 04:09:04.419  8856  9940 E metis_v2_JenaHandlerManager: local thread match [7f0000011753690103320415706920|p_6920_2bb4897@1|p_8856_1b6628c@0|com.oplus.metis]
07-28 04:09:04.419  8856  9849 W ContextAware_SortAlgorithmManager.SceneUtil: Drop invalid scene: 240100400
07-28 04:09:04.419  8856  9940 E metis_v2_JenaHandlerManager: local thread match [7f0000011753690103320415706920|p_6920_2bb4897@1|p_8856_1b6628c@0|com.oplus.metis]
07-28 04:09:04.419  8856  9940 E metis_v2_JenaHandlerManager: local thread match [7f0000011753690103320415706920|p_6920_2bb4897@1|p_8856_1b6628c@0|com.oplus.metis]
07-28 04:09:04.419  8856  9849 I ContextAware_SortAlgorithmManager.SceneFocusProcessor: scene 210000000 not change or has focus scene or current scene is L3
07-28 04:09:04.419  8856  9940 E metis_v2_JenaHandlerManager: local thread match [7f0000011753690103320415706920|p_6920_2bb4897@1|p_8856_1b6628c@0|com.oplus.metis]
07-28 04:09:04.419  8856  9849 I ContextAware_SortAlgorithmManager.SceneFocusProcessor: scene 240000000 not change or has focus scene or current scene is L3
07-28 04:09:04.419  8856  9940 E metis_v2_JenaHandlerManager: local thread match [7f0000011753690103320415706920|p_6920_2bb4897@1|p_8856_1b6628c@0|com.oplus.metis]
07-28 04:09:04.419  8856  9940 E metis_v2_JenaHandlerManager: local thread match [7f0000011753690103320415706920|p_6920_2bb4897@1|p_8856_1b6628c@0|com.oplus.metis]
07-28 04:09:04.419  8856  9940 E metis_v2_JenaHandlerManager: local thread match [7f0000011753690103320415706920|p_6920_2bb4897@1|p_8856_1b6628c@0|com.oplus.metis]
07-28 04:09:04.419  8856  9940 E metis_v2_JenaHandlerManager: local thread match [7f0000011753690103320415706920|p_6920_2bb4897@1|p_8856_1b6628c@0|com.oplus.metis]
07-28 04:09:04.419  8856  9940 E metis_v2_JenaHandlerManager: local thread match [7f0000011753690103320415706920|p_6920_2bb4897@1|p_8856_1b6628c@0|com.oplus.metis]
07-28 04:09:04.419  8856  9940 E metis_v2_JenaHandlerManager: local thread match [7f0000011753690103320415706920|p_6920_2bb4897@1|p_8856_1b6628c@0|com.oplus.metis]
07-28 04:09:04.419  8856  9940 E metis_v2_JenaHandlerManager: local thread match [7f0000011753690103320415706920|p_6920_2bb4897@1|p_8856_1b6628c@0|com.oplus.metis]
07-28 04:09:04.419  8856  9940 E metis_v2_JenaHandlerManager: local thread match [7f0000011753690103320415706920|p_6920_2bb4897@1|p_8856_1b6628c@0|com.oplus.metis]
07-28 04:09:04.419  8856  9940 E metis_v2_JenaHandlerManager: local thread match [7f0000011753690103320415706920|p_6920_2bb4897@1|p_8856_1b6628c@0|com.oplus.metis]
07-28 04:09:04.419  8856  9940 E metis_v2_JenaHandlerManager: local thread match [7f0000011753690103320415706920|p_6920_2bb4897@1|p_8856_1b6628c@0|com.oplus.metis]
07-28 04:09:04.419  8856  9940 E metis_v2_JenaHandlerManager: local thread match [7f0000011753690103320415706920|p_6920_2bb4897@1|p_8856_1b6628c@0|com.oplus.metis]
07-28 04:09:04.419  8856  9940 E metis_v2_JenaHandlerManager: local thread match [7f0000011753690103320415706920|p_6920_2bb4897@1|p_8856_1b6628c@0|com.oplus.metis]
07-28 04:09:04.419  8856  9940 E metis_v2_JenaHandlerManager: local thread match [7f0000011753690103320415706920|p_6920_2bb4897@1|p_8856_1b6628c@0|com.oplus.metis]
07-28 04:09:04.419  8856  9940 E metis_v2_JenaHandlerManager: local thread match [7f0000011753690103320415706920|p_6920_2bb4897@1|p_8856_1b6628c@0|com.oplus.metis]
07-28 04:09:04.419  8856  9940 E metis_v2_JenaHandlerManager: local thread match [7f0000011753690103320415706920|p_6920_2bb4897@1|p_8856_1b6628c@0|com.oplus.metis]
07-28 04:09:04.419  8856  9940 E metis_v2_JenaHandlerManager: local thread match [7f0000011753690103320415706920|p_6920_2bb4897@1|p_8856_1b6628c@0|com.oplus.metis]
07-28 04:09:04.419  8856  9940 E metis_v2_JenaHandlerManager: local thread match [7f0000011753690103320415706920|p_6920_2bb4897@1|p_8856_1b6628c@0|com.oplus.metis]
07-28 04:09:04.419  8856  9940 E metis_v2_JenaHandlerManager: local thread match [7f0000011753690103320415706920|p_6920_2bb4897@1|p_8856_1b6628c@0|com.oplus.metis]
07-28 04:09:04.419  8856  9940 E metis_v2_JenaHandlerManager: local thread match [7f0000011753690103320415706920|p_6920_2bb4897@1|p_8856_1b6628c@0|com.oplus.metis]
07-28 04:09:04.419  8856  9940 E metis_v2_JenaHandlerManager: local thread match [7f0000011753690103320415706920|p_6920_2bb4897@1|p_8856_1b6628c@0|com.oplus.metis]
07-28 04:09:04.419  8856  9940 E metis_v2_JenaHandlerManager: local thread match [7f0000011753690103320415706920|p_6920_2bb4897@1|p_8856_1b6628c@0|com.oplus.metis]
07-28 04:09:04.419  8856  9940 E metis_v2_JenaHandlerManager: local thread match [7f0000011753690103320415706920|p_6920_2bb4897@1|p_8856_1b6628c@0|com.oplus.metis]
07-28 04:09:04.419  8856  9940 E metis_v2_JenaHandlerManager: local thread match [7f0000011753690103320415706920|p_6920_2bb4897@1|p_8856_1b6628c@0|com.oplus.metis]
07-28 04:09:04.419  8856  9940 E metis_v2_JenaHandlerManager: local thread match [7f0000011753690103320415706920|p_6920_2bb4897@1|p_8856_1b6628c@0|com.oplus.metis]
07-28 04:09:04.419  8856  9940 E metis_v2_JenaHandlerManager: local thread match [7f0000011753690103320415706920|p_6920_2bb4897@1|p_8856_1b6628c@0|com.oplus.metis]
07-28 04:09:04.419  8856  9940 E metis_v2_JenaHandlerManager: local thread match [7f0000011753690103320415706920|p_6920_2bb4897@1|p_8856_1b6628c@0|com.oplus.metis]
07-28 04:09:04.419  8856  9940 E metis_v2_JenaHandlerManager: local thread match [7f0000011753690103320415706920|p_6920_2bb4897@1|p_8856_1b6628c@0|com.oplus.metis]
07-28 04:09:04.419  8856  9940 E metis_v2_JenaHandlerManager: local thread match [7f0000011753690103320415706920|p_6920_2bb4897@1|p_8856_1b6628c@0|com.oplus.metis]
07-28 04:09:04.419  8856  9940 E metis_v2_JenaHandlerManager: local thread match [7f0000011753690103320415706920|p_6920_2bb4897@1|p_8856_1b6628c@0|com.oplus.metis]
07-28 04:09:04.419  8856  9940 E metis_v2_JenaHandlerManager: local thread match [7f0000011753690103320415706920|p_6920_2bb4897@1|p_8856_1b6628c@0|com.oplus.metis]
07-28 04:09:04.419  8856  9940 E metis_v2_JenaHandlerManager: local thread match [7f0000011753690103320415706920|p_6920_2bb4897@1|p_8856_1b6628c@0|com.oplus.metis]
07-28 04:09:04.419  8856  9940 E metis_v2_JenaHandlerManager: local thread match [7f0000011753690103320415706920|p_6920_2bb4897@1|p_8856_1b6628c@0|com.oplus.metis]
07-28 04:09:04.419  8856  9940 E metis_v2_JenaHandlerManager: local thread match [7f0000011753690103320415706920|p_6920_2bb4897@1|p_8856_1b6628c@0|com.oplus.metis]
07-28 04:09:04.419  8856 10899 I UTrace.Sdk: startHead, spanName: 960000, spanType: CodeSpans [7f0000011753690144419183408856|null|p_8856_1b6628c@43|com.oplus.metis]
07-28 04:09:04.419  8856  9849 I ContextAware_SortAlgorithmManager.BatchIntentProcessor: onProcess decisionUTraceContext = UTraceContext(traceID=7f0000011753690144419183408856, current=p_8856_1b6628c@43, parent=null, spanType=1, valid=1, tag=null)
07-28 04:09:04.419  8856  9849 E ContextAware_SortAlgorithmManager.BatchIntentProcessor: onProcess intentStringList is invalid
07-28 04:09:04.419  8856  9849 E ContextAware_SortAlgorithmManager.IntentSendProcessor: disable direct send intent mode, clear
07-28 04:09:04.419  8856  9940 E metis_v2_JenaHandlerManager: local thread match [7f0000011753690103320415706920|p_6920_2bb4897@1|p_8856_1b6628c@0|com.oplus.metis]
07-28 04:09:04.419  8856  9940 E metis_v2_JenaHandlerManager: local thread match [7f0000011753690103320415706920|p_6920_2bb4897@1|p_8856_1b6628c@0|com.oplus.metis]
07-28 04:09:04.419  8856  9940 E metis_v2_JenaHandlerManager: local thread match [7f0000011753690103320415706920|p_6920_2bb4897@1|p_8856_1b6628c@0|com.oplus.metis]
07-28 04:09:04.419  8856  9940 E metis_v2_JenaHandlerManager: local thread match [7f0000011753690103320415706920|p_6920_2bb4897@1|p_8856_1b6628c@0|com.oplus.metis]
07-28 04:09:04.419  8856  9940 E metis_v2_JenaHandlerManager: local thread match [7f0000011753690103320415706920|p_6920_2bb4897@1|p_8856_1b6628c@0|com.oplus.metis]
07-28 04:09:04.419  8856  9940 E metis_v2_JenaHandlerManager: local thread match [7f0000011753690103320415706920|p_6920_2bb4897@1|p_8856_1b6628c@0|com.oplus.metis]
07-28 04:09:04.419  8856  9940 E metis_v2_JenaHandlerManager: local thread match [7f0000011753690103320415706920|p_6920_2bb4897@1|p_8856_1b6628c@0|com.oplus.metis]
07-28 04:09:04.419  8856  9940 E metis_v2_JenaHandlerManager: local thread match [7f0000011753690103320415706920|p_6920_2bb4897@1|p_8856_1b6628c@0|com.oplus.metis]
07-28 04:09:04.419  8856  9940 E metis_v2_JenaHandlerManager: local thread match [7f0000011753690103320415706920|p_6920_2bb4897@1|p_8856_1b6628c@0|com.oplus.metis]
07-28 04:09:04.419  8856  9940 E metis_v2_JenaHandlerManager: local thread match [7f0000011753690103320415706920|p_6920_2bb4897@1|p_8856_1b6628c@0|com.oplus.metis]
07-28 04:09:04.419  8856 10899 I UTrace.Lib.UserUnlock: isUnlocked() result=true pkg=com.oplus.metis currentTime=60179 [base|com.oplus.metis|1.5.5-f48228a]
07-28 04:09:04.419  8856  9940 E metis_v2_JenaHandlerManager: local thread match [7f0000011753690103320415706920|p_6920_2bb4897@1|p_8856_1b6628c@0|com.oplus.metis]
07-28 04:09:04.419  8856  9940 E metis_v2_JenaHandlerManager: local thread match [7f0000011753690103320415706920|p_6920_2bb4897@1|p_8856_1b6628c@0|com.oplus.metis]
07-28 04:09:04.419  8856  9940 E metis_v2_JenaHandlerManager: local thread match [7f0000011753690103320415706920|p_6920_2bb4897@1|p_8856_1b6628c@0|com.oplus.metis]
07-28 04:09:04.419  8856  9940 E metis_v2_JenaHandlerManager: local thread match [7f0000011753690103320415706920|p_6920_2bb4897@1|p_8856_1b6628c@0|com.oplus.metis]
07-28 04:09:04.419  8856  9940 E metis_v2_JenaHandlerManager: local thread match [7f0000011753690103320415706920|p_6920_2bb4897@1|p_8856_1b6628c@0|com.oplus.metis]
07-28 04:09:04.419  8856  9940 E metis_v2_JenaHandlerManager: local thread match [7f0000011753690103320415706920|p_6920_2bb4897@1|p_8856_1b6628c@0|com.oplus.metis]
07-28 04:09:04.419  8856  9940 E metis_v2_JenaHandlerManager: local thread match [7f0000011753690103320415706920|p_6920_2bb4897@1|p_8856_1b6628c@0|com.oplus.metis]
07-28 04:09:04.419  8856  9940 E metis_v2_JenaHandlerManager: local thread match [7f0000011753690103320415706920|p_6920_2bb4897@1|p_8856_1b6628c@0|com.oplus.metis]
07-28 04:09:04.419  8856  9940 E metis_v2_JenaHandlerManager: local thread match [7f0000011753690103320415706920|p_6920_2bb4897@1|p_8856_1b6628c@0|com.oplus.metis]
07-28 04:09:04.419  8856  9940 E metis_v2_JenaHandlerManager: local thread match [7f0000011753690103320415706920|p_6920_2bb4897@1|p_8856_1b6628c@0|com.oplus.metis]
07-28 04:09:04.419  8856  9940 E metis_v2_JenaHandlerManager: local thread match [7f0000011753690103320415706920|p_6920_2bb4897@1|p_8856_1b6628c@0|com.oplus.metis]
07-28 04:09:04.419  8856  9940 E metis_v2_JenaHandlerManager: local thread match [7f0000011753690103320415706920|p_6920_2bb4897@1|p_8856_1b6628c@0|com.oplus.metis]
07-28 04:09:04.419  8856  9940 E metis_v2_JenaHandlerManager: local thread match [7f0000011753690103320415706920|p_6920_2bb4897@1|p_8856_1b6628c@0|com.oplus.metis]
07-28 04:09:04.419  8856  9940 E metis_v2_JenaHandlerManager: local thread match [7f0000011753690103320415706920|p_6920_2bb4897@1|p_8856_1b6628c@0|com.oplus.metis]
07-28 04:09:04.419  8856  9940 E metis_v2_JenaHandlerManager: local thread match [7f0000011753690103320415706920|p_6920_2bb4897@1|p_8856_1b6628c@0|com.oplus.metis]
07-28 04:09:04.419  8856  9849 I metis_v2_BreenoSwitchSettingObserver: panta-sugg-getMasterSwitchStatus from cache:true
07-28 04:09:04.419  8856  9940 E metis_v2_JenaHandlerManager: local thread match [7f0000011753690103320415706920|p_6920_2bb4897@1|p_8856_1b6628c@0|com.oplus.metis]
07-28 04:09:04.419  8856  9849 I ContextAware_IntentSwitchManager: filterList, not filter, breeno switch on
07-28 04:09:04.419  8856  9940 E metis_v2_JenaHandlerManager: local thread match [7f0000011753690103320415706920|p_6920_2bb4897@1|p_8856_1b6628c@0|com.oplus.metis]
07-28 04:09:04.419  8856  9940 E metis_v2_JenaHandlerManager: local thread match [7f0000011753690103320415706920|p_6920_2bb4897@1|p_8856_1b6628c@0|com.oplus.metis]
07-28 04:09:04.419  8856  9940 E metis_v2_JenaHandlerManager: local thread match [7f0000011753690103320415706920|p_6920_2bb4897@1|p_8856_1b6628c@0|com.oplus.metis]
07-28 04:09:04.419  8856  9940 E metis_v2_JenaHandlerManager: local thread match [7f0000011753690103320415706920|p_6920_2bb4897@1|p_8856_1b6628c@0|com.oplus.metis]
07-28 04:09:04.419  8856 10640 I ContextAware_DailyStatisticsRecorder: Increase context change count: PROCESSOR_SCENE_INTENT_REORDER_cnt, value: 1
07-28 04:09:04.419  8856  9940 E metis_v2_JenaHandlerManager: local thread match [7f0000011753690103320415706920|p_6920_2bb4897@1|p_8856_1b6628c@0|com.oplus.metis]
07-28 04:09:04.419  8856  9940 E metis_v2_JenaHandlerManager: local thread match [7f0000011753690103320415706920|p_6920_2bb4897@1|p_8856_1b6628c@0|com.oplus.metis]
07-28 04:09:04.419  8856  9940 E metis_v2_JenaHandlerManager: local thread match [7f0000011753690103320415706920|p_6920_2bb4897@1|p_8856_1b6628c@0|com.oplus.metis]
07-28 04:09:04.419  8856  9940 E metis_v2_JenaHandlerManager: local thread match [7f0000011753690103320415706920|p_6920_2bb4897@1|p_8856_1b6628c@0|com.oplus.metis]
07-28 04:09:04.419  8856  9940 E metis_v2_JenaHandlerManager: local thread match [7f0000011753690103320415706920|p_6920_2bb4897@1|p_8856_1b6628c@0|com.oplus.metis]
07-28 04:09:04.419  8856  9921 I DeepThinkerSDK: [APP] ClientConnection: getDeepThinkerBridge start
07-28 04:09:04.419  8856  9849 I ContextAware_SortAlgorithmManager.IntentSendProcessor: sendSceneString: [{"combination_strategy":0,"create_time":1735722085016,"expect_scene_cnt":1,"focus_time":0,"force_guaranteed":true,"home_flag":true,"intent_list":[{"action":"pantanal.intent.applicationsuggestions.SUBSTITUTE","add_min_prob":0.4,"add_related_id":0,"algorithm_time_rule":[],"algorithm_version":"","attenuationFunc":-1,"attenuationType":-1,"cannot_reduce_recommend":true,"config_version":202507161101,"contain_service_id":false,"create_time":1753690104926,"default_score":3.12,"delay_click_timestamp":0,"delay_exposure_timestamp":0,"domain":"system_tools","drop_repeat_key":"","drop_repeat_mode":-1,"expire_time":1440000,"final_score":3.12,"force_rebuild_seedling":false,"intent_feedback_type":2,"intent_id":13151001,"intent_instance_id":"null13151001DYNAMIC_SUBSTITUTEnull20687","intent_level":"default","intent_position":1,"intent_src":3,"is_params_send_to_seedling":false,"is_scene_focus":false,"is_support_multi_instance":false,"last_sort_type":0,"last_update_time":1753690104926,"original_update_time":1753690104926,"params_from_user_policy":{"click_args":[],"click_func":-1,"delay_click_args":[],"delay_exposure_args":[],"exposure_args":[],"exposure_func":-1,"time_args":[1440000.0,5.0],"time_func":2},"policy_name":"DYNAMIC_SUBSTITUTE","prob_adj":1.0,"protect_enable":false,"protect_policy":{"delta_duration":3,"end_ratio":10,"event":0,"initial_duration":7,"start_ratio":70,"step_ratio":20},"remove_trigger_value":0.2,"rule_remove_by_algorithm":false,"scene_func":0,"scene_id":210000000,"scene_instance_id":"","seedling_ui_policy":0,"should_focus":false,"show_type":0,"sort_related_id":0,"sortable":true,"status":2,"sub_domain":"application_suggestions"}],"scene_id":210000000,"scene_level":1,"scene_should_focus":false,"score":100.0,"status":2,"update_time":1735722085016,"weight":1},{"combination_strategy":0,"create_time":1735722085016,"expect_scene_cnt":1,"focus_time":0,"force_guaranteed":false,"home_flag":false,"intent_list":[{"action":"pantanal.intent.system.CLEAN_UP_STORAGE","add_min_prob":0.4,"add_related_id":0,"algorithm_time_rule":[],"algorithm_version":"","attenuationFunc":-1,"attenuationType":-1,"cannot_reduce_recommend":false,"config_version":202507161101,"contain_service_id":false,"create_time":1753690104926,"default_score":4.06,"delay_click_timestamp":0,"delay_exposure_timestamp":0,"domain":"system_settings","drop_repeat_key":"","drop_repeat_mode":-1,"expire_time":1440000,"final_score":4.06,"force_rebuild_seedling":false,"intent_feedback_type":2,"intent_id":14111004,"intent_instance_id":"null14111004CLEAN_UP_STORAGE_SUBSTITUTEnull20687","intent_level":"default","intent_position":1,"intent_src":3,"is_params_send_to_seedling":false,"is_scene_focus":false,"is_support_multi_instance":false,"last_sort_type":0,"last_update_time":1753690104926,"original_update_time":1753690104926,"params_from_user_policy":{"click_args":[],"click_func":-1,"delay_click_args":[],"delay_exposure_args":[],"exposure_args":[],"exposure_func":-1,"time_args":[1440000.0,5.0],"time_func":2},"policy_name":"CLEAN_UP_STORAGE_SUBSTITUTE","prob_adj":1.0,"protect_enable":false,"protect_policy":{"delta_duration":3,"end_ratio":10,"event":0,"initial_duration":7,"start_ratio":70,"step_ratio":20},"remove_trigger_value":0.2,"rule_remove_by_algorithm":false,"scene_func":0,"scene_id":240000000,"scene_instance_id":"","seedling_ui_policy":0,"should_focus":false,"show_type":0,"sort_related_id":0,"sortable":true,"status":2,"sub_domain":"clear_memory"},{"action":"pantanal.intent.audio.SUBSTITUTE_RAM_CLEAN_UP","add_min_prob":0.4,"add_related_id":0,"algorithm_time_rule":[],"algorithm_version":"","attenuationFunc":-1,"attenuationType":-1,"cannot_reduce_recommend":false,"config_version":202507161101,"contain_service_id":false,"create_time":1753690104926,"default_score":4.05,"delay_click_timestamp":0,"delay_exposure_timestamp":0,"domain":"system_settings","drop_repeat_key":"","drop_repeat_mode":-1,"expire_time":1440000,"final_score":4.05,"force_rebuild_seedling":false,"intent_feedback_type":2
07-28 04:09:04.419  8856 10899 I UTrace.Sdk.Manager: addTraceInThread() record=UTraceRecordV2(traceID=7f0000011753690144419183408856, current=p_8856_1b6628c@43, parent=null, spanName=com.oplus.metis(960000), startTime=1753690144419, endTime=0, status=0, info=, hasError=0, statusCode=0, type=1, spanType=1, tags={}) [base|com.oplus.metis|1.5.5-f48228a]
07-28 04:09:04.419  8856  9921 I DeepThinkerSDK: [APP] ClientConnection: getDeepThinkerBridge end
07-28 04:09:04.419  8856  9849 I metis_v2_BreenoSwitchSettingObserver: panta-sugg-getMasterSwitchStatus from cache:true
07-28 04:09:04.419  8856  9849 I ContextAware_IntentSwitchManager: filterList, not filter, breeno switch on
07-28 04:09:04.419  8856  9849 I metis_v2_BreenoSwitchSettingObserver: panta-sugg-getMasterSwitchStatus from cache:true
07-28 04:09:04.419  8856 10640 I ContextAware_DailyStatisticsRecorder: Increase context change count: PROCESSOR_SCENE_INTENT_REORDER_ms, value: 3
07-28 04:09:04.419  8856  9940 E metis_v2_JenaHandlerManager: local thread match [7f0000011753690103320415706920|p_6920_2bb4897@1|p_8856_1b6628c@0|com.oplus.metis]
07-28 04:09:04.419  8856  9940 E metis_v2_JenaHandlerManager: local thread match [7f0000011753690103320415706920|p_6920_2bb4897@1|p_8856_1b6628c@0|com.oplus.metis]
07-28 04:09:04.419  8856 10640 I ContextAware_DailyStatisticsRecorder: Increase context change count: PROCESSOR_SCENE_FOCUS_cnt, value: 1
07-28 04:09:04.419  8856  9940 E metis_v2_JenaHandlerManager: local thread match [7f0000011753690103320415706920|p_6920_2bb4897@1|p_8856_1b6628c@0|com.oplus.metis]
07-28 04:09:04.419  8856  9940 E metis_v2_JenaHandlerManager: local thread match [7f0000011753690103320415706920|p_6920_2bb4897@1|p_8856_1b6628c@0|com.oplus.metis]
07-28 04:09:04.419  8856 10640 I ContextAware_DailyStatisticsRecorder: Increase context change count: PROCESSOR_SCENE_FOCUS_ms, value: 0
07-28 04:09:04.419  8856  9940 E metis_v2_JenaHandlerManager: local thread match [7f0000011753690103320415706920|p_6920_2bb4897@1|p_8856_1b6628c@0|com.oplus.metis]
07-28 04:09:04.419  8856  9940 E metis_v2_JenaHandlerManager: local thread match [7f0000011753690103320415706920|p_6920_2bb4897@1|p_8856_1b6628c@0|com.oplus.metis]
07-28 04:09:04.419  8856 10640 I ContextAware_DailyStatisticsRecorder: Increase context change count: PROCESSOR_BATCH_INTENT_cnt, value: 1
07-28 04:09:04.419  8856 10640 I ContextAware_DailyStatisticsRecorder: Increase context change count: PROCESSOR_BATCH_INTENT_ms, value: 0
07-28 04:09:04.419  8856  9940 E metis_v2_JenaHandlerManager: local thread match [7f0000011753690103320415706920|p_6920_2bb4897@1|p_8856_1b6628c@0|com.oplus.metis]
07-28 04:09:04.420  2008  5100 E PerformanceService: storage_feature: open /sys/devices/platform/soc/112b0000.ufshci//virtualtlcbuff fail
07-28 04:09:04.421  5265  5468 W [0]DCS  : Common Record event failed. DCS reject event: [appId=107501,logTag=10750101,eventId=metis_scene] . Pls check server config.
07-28 04:09:04.422  5265  5468 W [0]DCS  : Common Record event failed. DCS reject event: [appId=107501,logTag=10750101,eventId=metis_scene] . Pls check server config.
07-28 04:09:04.429  3444  6987 W BestClock: java.time.DateTimeException: Missing network time fix
07-28 04:09:04.429  3444  6987 W BestClock: java.time.DateTimeException: Missing network time fix
07-28 04:09:04.429  3444  6987 W BestClock: java.time.DateTimeException: Missing network time fix
07-28 04:09:04.437  1900  4446 I Dpps    : LtmSwState::SetParameter():144 ignore cmd 7 in state LtmOffState
07-28 04:09:04.524  4857  4857 D JankUtils: gfxSceneEnd; scene: 7
07-28 04:09:04.525  4857  4857 I SystemUi--Common: NotificationShadeDepthC-->sceneFlag: 0x001, isStart = false, Current sceneFlags: 0x000
07-28 04:09:04.525  4857  4857 D NavigationBar: restrainNavigationBarInvertColor: false
07-28 04:09:04.525  4857  5070 D RegionSamplingHelper =:    mCompositionSamplingListener.register
07-28 04:09:04.525  2185  2431 D SurfaceFlinger: addRegionSamplingListener pid: 4857, Area: [0, 2328, 1080, 2376]
07-28 04:09:04.589  2002  2002 D SensorFeature: name=ssc_screenshot_info ,index = 22
07-28 04:09:04.589  2002  2002 D SensorFeature: write 29 bytes:60340308517,60348641850,172,0
07-28 04:09:04.703  1835  4463 I sensors-hal: handle_oplus_wise_rgb_event:189, high_pwm_light:lux 2.7,cct 5300.0,brl/algo/ir 78.0/2.0/0.0,pwm/dc 0.0/0.0,rgbc 152.192047/152.183655/55.124088/373.511078,ts 60348383015,cnt 890,flag 172
07-28 04:09:04.703  1900  4446 I Dpps    : LtmSwState::SetParameter():144 ignore cmd 7 in state LtmOffState
07-28 04:09:04.718  1900  2233 I SDM     : DisplayBase::CommitThread: Received idle timeout, panel: cmd, timeout: 70000 us
07-28 04:09:04.880  2185  3489 D VRR [OTI]: handleIdle from 0 to 1
07-28 04:09:04.880  2185  3489 D VRR [OTI-HW]: isStateReady 0
07-28 04:09:04.880  2185  3489 D VRR [OTI-HW]: keep rate.
07-28 04:09:04.913  2002  2002 D SensorFeature: name=ssc_screenshot_info ,index = 22
07-28 04:09:04.913  2002  2002 D SensorFeature: write 29 bytes:60622983465,60673150756,173,0
07-28 04:09:04.918  1900  2233 I SDM     : DisplayBase::CommitThread: Received idle timeout, panel: cmd, timeout: 70000 us
07-28 04:09:04.927  5024  5071 D SaDataService: onTelephonyEventReport , subId= 0,slotId=-1 eventId=2009
07-28 04:09:04.927  5248  5283 D VendorTelephonyService: onTelephonyEventReport slotId =0 eventId=2009
07-28 04:09:04.927  5248  5283 D VendorTelephonyService: onTelephonyEventReport slotId =0 eventId=2009
07-28 04:09:04.927  5024  5071 D TelephonyImpl: notify eventId:2009 for list size:2
07-28 04:09:04.927  5248  5248 D VendorCallService: notityEventUpdate, eventId:2009, slotId = 0
07-28 04:09:04.927  5024  5071 D SaDataService: onTelephonyEventReport , subId= 1,slotId=0 eventId=2009
07-28 04:09:04.927  5024  5071 D TelephonyImpl: notify eventId:2009 for list size:2
07-28 04:09:04.927  5248  6546 D VendorTelephonyService: onTelephonyEventReport slotId =1 eventId=2009
07-28 04:09:04.927  5248  6546 D VendorTelephonyService: onTelephonyEventReport slotId =1 eventId=2009
07-28 04:09:04.927  5248  5248 D VendorCallService: notityEventUpdate, eventId:2009, slotId = 1
07-28 04:09:04.970  1900  4446 I Dpps    : LtmSwState::SetParameter():144 ignore cmd 7 in state LtmOffState
07-28 04:09:05.015  2020  2038 D BatteryChargeControl: bcc get no support from charging protocol
07-28 04:09:05.034  2020  7256 D charge_time: write 26613s(07:23:33) to ttf, rc=7
07-28 04:09:05.034  2020  7256 D charge_time: type=sdp,reserve_soc=2,soc=32,ui_soc=33,current=139,avg=134,not_chg_cnt=0,stable_cnt=7,fcc=5724,fcc_ratio=94,delta=45,debug=0,region=18,ttf=48326(13:25:26),ui_ttf=26613(07:23:33)
07-28 04:09:05.061  3444  4668 V SettingsProvider: deleteSystemSetting(OPLUS_SLA_LAST_MCC, 0)
07-28 04:09:05.061  3444  4668 D SettingsProvider: delete system settings OPLUS_****_MCC pkg is  android user id is 0
07-28 04:09:05.062  3444  4668 W OplusSlaManager: updateMCC curMCC from macc_change!
07-28 04:09:05.066  3444  4668 W OplusSlaApps: sendWhiteListAppUid no enabled app found...
07-28 04:09:05.066  3444  4668 W OplusSlaApps: sendGameAppUid no game app found!!
07-28 04:09:05.072  5024  6042 E CellularEvent: nri null ps
07-28 04:09:05.072  5024  6042 E CellularEvent: invalid nri
07-28 04:09:05.074  4963  5860 D AutoDualCardRoamingDemand: judgeToShowDialog return for sim count != 2
07-28 04:09:05.214  2002  2002 D SensorFeature: name=ssc_screenshot_info ,index = 22
07-28 04:09:05.214  2002  2002 D SensorFeature: write 29 bytes:60622983465,60974621746,174,0
07-28 04:09:05.233  1835  4463 I sensors-hal: handle_oplus_wise_rgb_event:189, high_pwm_light:lux 2.7,cct 5300.0,brl/algo/ir 78.0/2.0/0.0,pwm/dc 0.0/0.0,rgbc 157.023560/147.501068/59.061523/365.836182,ts 60954112910,cnt 900,flag 174
07-28 04:09:05.234  1900  4446 I Dpps    : LtmSwState::SetParameter():144 ignore cmd 7 in state LtmOffState
07-28 04:09:05.396  3444  3743 W UserAwareMgr: event can not be released, id: 3020, count: 2, releasePid: 4857
07-28 04:09:05.421  8856 11019 W LOG_FLOWCTRL: ==LOGS OVER PROC QUOTA(300), rows(23) bytes(2600) com.oplus.metis DROPPED==
07-28 04:09:05.421  8856 11019 I LogCacheHelper: cache log scheduled task [base|com.oplus.metis|1.5.5-f48228a]
07-28 04:09:05.421  8856 11019 E metis_v2_JenaHandlerManager_cache: 2025-07-28 04:09:04.420000		9940		local thread match
07-28 04:09:05.421  8856 11019 E metis_v2_JenaHandlerManager_cache: 2025-07-28 04:09:04.420000		9940		local thread match
07-28 04:09:05.422  8856 11019 E metis_v2_JenaHandlerManager_cache: 2025-07-28 04:09:04.420000		9940		local thread match
07-28 04:09:05.422  8856 11019 E metis_v2_JenaHandlerManager_cache: 2025-07-28 04:09:04.420000		9940		local thread match
07-28 04:09:05.422  8856 11019 E metis_v2_JenaHandlerManager_cache: 2025-07-28 04:09:04.420000		9940		local thread match
07-28 04:09:05.422  8856 11019 E metis_v2_JenaHandlerManager_cache: 2025-07-28 04:09:04.420000		9940		local thread match
07-28 04:09:05.422  8856 11019 E metis_v2_JenaHandlerManager_cache: 2025-07-28 04:09:04.420000		9940		local thread match
07-28 04:09:05.422  8856 11019 E metis_v2_JenaHandlerManager_cache: 2025-07-28 04:09:04.420000		9940		local thread match
07-28 04:09:05.422  8856 11019 E metis_v2_JenaHandlerManager_cache: 2025-07-28 04:09:04.420000		9940		local thread match
07-28 04:09:05.422  8856 11019 E metis_v2_JenaHandlerManager_cache: 2025-07-28 04:09:04.420000		9940		local thread match
07-28 04:09:05.422  8856 11019 E metis_v2_JenaHandlerManager_cache: 2025-07-28 04:09:04.420000		9940		local thread match
07-28 04:09:05.422  8856 11019 E metis_v2_JenaHandlerManager_cache: 2025-07-28 04:09:04.420000		9940		local thread match
07-28 04:09:05.422  8856 11019 E metis_v2_JenaHandlerManager_cache: 2025-07-28 04:09:04.420000		9940		local thread match
07-28 04:09:05.422  8856 11019 E metis_v2_JenaHandlerManager_cache: 2025-07-28 04:09:04.420000		9940		local thread match
07-28 04:09:05.422  8856 11019 E metis_v2_JenaHandlerManager_cache: 2025-07-28 04:09:04.420000		9940		local thread match
07-28 04:09:05.422  8856 11019 E metis_v2_JenaHandlerManager_cache: 2025-07-28 04:09:04.420000		9940		local thread match
07-28 04:09:05.422  8856 11019 E metis_v2_JenaHandlerManager_cache: 2025-07-28 04:09:04.420000		9940		local thread match
07-28 04:09:05.422  8856 11019 E metis_v2_JenaHandlerManager_cache: 2025-07-28 04:09:04.420000		9940		local thread match
07-28 04:09:05.422  8856 11019 E metis_v2_JenaHandlerManager_cache: 2025-07-28 04:09:04.420000		9940		local thread match
07-28 04:09:05.422  8856 11019 E metis_v2_JenaHandlerManager_cache: 2025-07-28 04:09:04.420000		9940		local thread match
07-28 04:09:05.422  8856 11019 E metis_v2_JenaHandlerManager_cache: 2025-07-28 04:09:04.420000		9940		local thread match
07-28 04:09:05.422  8856 11019 E metis_v2_JenaHandlerManager_cache: 2025-07-28 04:09:04.420000		9940		local thread match
07-28 04:09:05.422  8856 11019 E metis_v2_JenaHandlerManager_cache: 2025-07-28 04:09:04.420000		9940		local thread match
07-28 04:09:05.422  8856 11019 E metis_v2_JenaHandlerManager_cache: 2025-07-28 04:09:04.420000		9940		local thread match
07-28 04:09:05.422  8856 11019 E metis_v2_JenaHandlerManager_cache: 2025-07-28 04:09:04.420000		9940		local thread match
07-28 04:09:05.422  8856 11019 E metis_v2_JenaHandlerManager_cache: 2025-07-28 04:09:04.420000		9940		local thread match
07-28 04:09:05.422  8856 11019 E metis_v2_JenaHandlerManager_cache: 2025-07-28 04:09:04.420000		9940		local thread match
07-28 04:09:05.422  8856 11019 E metis_v2_JenaHandlerManager_cache: 2025-07-28 04:09:04.420000		9940		local thread match
07-28 04:09:05.422  8856 11019 E metis_v2_JenaHandlerManager_cache: 2025-07-28 04:09:04.420000		9940		local thread match
07-28 04:09:05.422  8856 11019 E metis_v2_JenaHandlerManager_cache: 2025-07-28 04:09:04.420000		9940		local thread match
07-28 04:09:05.422  8856 11019 E metis_v2_JenaHandlerManager_cache: 2025-07-28 04:09:04.420000		9940		local thread match
07-28 04:09:05.422  8856 11019 E metis_v2_JenaHandlerManager_cache: 2025-07-28 04:09:04.420000		9940		local thread match
07-28 04:09:05.422  8856 11019 E metis_v2_JenaHandlerManager_cache: 2025-07-28 04:09:04.420000		9940		local thread match
07-28 04:09:05.422  8856 11019 E metis_v2_JenaHandlerManager_cache: 2025-07-28 04:09:04.420000		9940		local thread match
07-28 04:09:05.422  8856 11019 E metis_v2_JenaHandlerManager_cache: 2025-07-28 04:09:04.420000		9940		local thread match
07-28 04:09:05.422  8856 11019 E metis_v2_JenaHandlerManager_cache: 2025-07-28 04:09:04.420000		9940		local thread match
07-28 04:09:05.423  8856 11019 E metis_v2_JenaHandlerManager_cache: 2025-07-28 04:09:04.420000		9940		local thread match
07-28 04:09:05.423  8856 11019 E metis_v2_JenaHandlerManager_cache: 2025-07-28 04:09:04.420000		9940		local thread match
07-28 04:09:05.423  8856 11019 E metis_v2_JenaHandlerManager_cache: 2025-07-28 04:09:04.420000		9940		local thread match
07-28 04:09:05.423  8856 11019 E metis_v2_JenaHandlerManager_cache: 2025-07-28 04:09:04.420000		9940		local thread match
07-28 04:09:05.423  8856 11019 E metis_v2_JenaHandlerManager_cache: 2025-07-28 04:09:04.420000		9940		local thread match
07-28 04:09:05.423  8856 11019 E metis_v2_JenaHandlerManager_cache: 2025-07-28 04:09:04.420000		9940		local thread match
07-28 04:09:05.423  8856 11019 E metis_v2_JenaHandlerManager_cache: 2025-07-28 04:09:04.420000		9940		local thread match
07-28 04:09:05.423  8856 11019 E metis_v2_JenaHandlerManager_cache: 2025-07-28 04:09:04.420000		9940		local thread match
07-28 04:09:05.423  8856 11019 E metis_v2_JenaHandlerManager_cache: 2025-07-28 04:09:04.420000		9940		local thread match
07-28 04:09:05.423  8856 11019 E metis_v2_JenaHandlerManager_cache: 2025-07-28 04:09:04.420000		9940		local thread match
07-28 04:09:05.423  8856 11019 E metis_v2_JenaHandlerManager_cache: 2025-07-28 04:09:04.420000		9940		local thread match
07-28 04:09:05.423  8856 11019 E metis_v2_JenaHandlerManager_cache: 2025-07-28 04:09:04.420000		9940		local thread match
07-28 04:09:05.423  8856 11019 E metis_v2_JenaHandlerManager_cache: 2025-07-28 04:09:04.420000		9940		local thread match
07-28 04:09:05.423  8856 11019 E metis_v2_JenaHandlerManager_cache: 2025-07-28 04:09:04.420000		9940		local thread match
07-28 04:09:05.423  8856 11019 E metis_v2_JenaHandlerManager_cache: 2025-07-28 04:09:04.420000		9940		local thread match
07-28 04:09:05.423  8856 11019 E metis_v2_JenaHandlerManager_cache: 2025-07-28 04:09:04.420000		9940		local thread match
07-28 04:09:05.423  8856 11019 E metis_v2_JenaHandlerManager_cache: 2025-07-28 04:09:04.420000		9940		local thread match
07-28 04:09:05.423  8856 11019 E metis_v2_JenaHandlerManager_cache: 2025-07-28 04:09:04.420000		9940		local thread match
07-28 04:09:05.423  8856 11019 E metis_v2_JenaHandlerManager_cache: 2025-07-28 04:09:04.420000		9940		local thread match
07-28 04:09:05.423  8856 11019 E metis_v2_JenaHandlerManager_cache: 2025-07-28 04:09:04.420000		9940		local thread match
07-28 04:09:05.423  8856 11019 E metis_v2_JenaHandlerManager_cache: 2025-07-28 04:09:04.420000		9940		local thread match
07-28 04:09:05.423  8856 11019 E metis_v2_JenaHandlerManager_cache: 2025-07-28 04:09:04.420000		9940		local thread match
07-28 04:09:05.423  8856 11019 E metis_v2_JenaHandlerManager_cache: 2025-07-28 04:09:04.420000		9940		local thread match
07-28 04:09:05.423  8856 11019 E metis_v2_JenaHandlerManager_cache: 2025-07-28 04:09:04.421000		9940		local thread match
07-28 04:09:05.423  8856 11019 E metis_v2_JenaHandlerManager_cache: 2025-07-28 04:09:04.421000		9940		local thread match
07-28 04:09:05.423  8856 11019 E metis_v2_JenaHandlerManager_cache: 2025-07-28 04:09:04.421000		9940		local thread match
07-28 04:09:05.423  8856 11019 E metis_v2_JenaHandlerManager_cache: 2025-07-28 04:09:04.421000		9940		local thread match
07-28 04:09:05.423  8856 11019 E metis_v2_JenaHandlerManager_cache: 2025-07-28 04:09:04.421000		9940		local thread match
07-28 04:09:05.423  8856 11019 E metis_v2_JenaHandlerManager_cache: 2025-07-28 04:09:04.421000		9940		local thread match
07-28 04:09:05.423  8856 11019 E metis_v2_JenaHandlerManager_cache: 2025-07-28 04:09:04.421000		9940		local thread match
07-28 04:09:05.423  8856 11019 E metis_v2_JenaHandlerManager_cache: 2025-07-28 04:09:04.421000		9940		local thread match
07-28 04:09:05.424  8856 11019 E metis_v2_JenaHandlerManager_cache: 2025-07-28 04:09:04.421000		9940		local thread match
07-28 04:09:05.424  8856 11019 E metis_v2_JenaHandlerManager_cache: 2025-07-28 04:09:04.421000		9940		local thread match
07-28 04:09:05.424  8856 11019 E metis_v2_JenaHandlerManager_cache: 2025-07-28 04:09:04.421000		9940		local thread match
07-28 04:09:05.424  8856 11019 E metis_v2_JenaHandlerManager_cache: 2025-07-28 04:09:04.421000		9940		local thread match
07-28 04:09:05.424  8856 11019 E metis_v2_JenaHandlerManager_cache: 2025-07-28 04:09:04.421000		9940		local thread match
07-28 04:09:05.424  8856 11019 E metis_v2_JenaHandlerManager_cache: 2025-07-28 04:09:04.421000		9940		local thread match
07-28 04:09:05.424  8856 11019 E metis_v2_JenaHandlerManager_cache: 2025-07-28 04:09:04.421000		9940		local thread match
07-28 04:09:05.424  8856 11019 E metis_v2_JenaHandlerManager_cache: 2025-07-28 04:09:04.421000		9940		local thread match
07-28 04:09:05.424  8856 11019 E metis_v2_JenaHandlerManager_cache: 2025-07-28 04:09:04.421000		9940		local thread match
07-28 04:09:05.424  8856 11019 E metis_v2_JenaHandlerManager_cache: 2025-07-28 04:09:04.421000		9940		local thread match
07-28 04:09:05.424  8856 11019 E metis_v2_JenaHandlerManager_cache: 2025-07-28 04:09:04.421000		9940		local thread match
07-28 04:09:05.424  8856 11019 E metis_v2_JenaHandlerManager_cache: 2025-07-28 04:09:04.421000		9940		local thread match
07-28 04:09:05.424  8856 11019 E metis_v2_JenaHandlerManager_cache: 2025-07-28 04:09:04.421000		9940		local thread match
07-28 04:09:05.424  8856 11019 E metis_v2_JenaHandlerManager_cache: 2025-07-28 04:09:04.421000		9940		local thread match
07-28 04:09:05.424  8856 11019 W metis_v2_DeepThinkerLabelClient_cache: 2025-07-28 04:09:04.421000		9921		getUserProfileLabel null
07-28 04:09:05.424  8856 11019 E metis_v2_JenaHandlerManager_cache: 2025-07-28 04:09:04.421000		9940		local thread match
07-28 04:09:05.424  8856 11019 E metis_v2_JenaHandlerManager_cache: 2025-07-28 04:09:04.421000		9940		local thread match
07-28 04:09:05.424  8856 11019 E metis_v2_JenaHandlerManager_cache: 2025-07-28 04:09:04.421000		9940		local thread match
07-28 04:09:05.424  8856 11019 E metis_v2_JenaHandlerManager_cache: 2025-07-28 04:09:04.421000		9940		local thread match
07-28 04:09:05.424  8856 11019 E metis_v2_JenaHandlerManager_cache: 2025-07-28 04:09:04.421000		9940		local thread match
07-28 04:09:05.424  8856 11019 E metis_v2_JenaHandlerManager_cache: 2025-07-28 04:09:04.421000		9940		local thread match
07-28 04:09:05.424  8856 11019 E metis_v2_JenaHandlerManager_cache: 2025-07-28 04:09:04.421000		9940		local thread match
