device
--------- beginning of main
04-03 03:01:50.648   687  1087 W IptablesRestoreController: iptables-restore process 1085 terminated status=15
04-03 03:01:50.649   687  1087 W IptablesRestoreController: iptables-restore process 1086 terminated status=15
04-03 03:01:52.268  1046  1046 E Thermal-daemon:hw_thermal: [charger_ic] tempNew :36  tempOld :37
04-03 03:01:52.269  1046  1046 E Thermal-daemon:hw_thermal: Report temperature: [charger_ic] temp :36  reportThreshold:1
04-03 03:01:52.320  2473  3069 I SpeedTestNotifier: is low speed scene
04-03 03:01:52.389  2719  3410 I         : trustcircle JNI ProcessCmd!!!!
04-03 03:01:52.389  2719  3410 D         : reqbufLen:8
04-03 03:01:52.389  2719  3410 D TCIS_ca : entering TcisInvokeCmdInner
04-03 03:01:52.391   601   617 E /system/bin/tee_auth_daemon: Failed to get IAshmemDeviceService.
04-03 03:01:52.393   603   625 D LibteecGlobal@3.0: invokeCommandHidl: getCallingPid=2719
04-03 03:01:52.393   603   625 D LibteecGlobal@3.0: AddTidData: tid 625 is sending command to TEE
04-03 03:01:52.394   603   625 D LibteecGlobal@3.0: CallInvokeCommandProxy: tid 625 return from TEE
04-03 03:01:52.394  2719  3410 D TCIS_ca : Invoke success, size=36.
04-03 03:01:52.394  2719  3410 D TCIS_ca : Succeed to invoke tcis_cmd!
04-03 03:01:52.394  2719  3410 I         : Enhanced TCIS jni process cmd end!
04-03 03:01:52.395  2719  3410 I         : trustcircle JNI ProcessCmd!!!!
04-03 03:01:52.395  2719  3410 D         : reqbufLen:8
04-03 03:01:52.395  2719  3410 D TCIS_ca : entering TcisInvokeCmdInner
04-03 03:01:52.395   601   617 E /system/bin/tee_auth_daemon: Failed to get IAshmemDeviceService.
04-03 03:01:52.396   603   625 D LibteecGlobal@3.0: invokeCommandHidl: getCallingPid=2719
04-03 03:01:52.396   603   625 D LibteecGlobal@3.0: AddTidData: tid 625 is sending command to TEE
04-03 03:01:52.396   603   625 D LibteecGlobal@3.0: CallInvokeCommandProxy: tid 625 return from TEE
04-03 03:01:52.397  2719  3410 D TCIS_ca : Invoke success, size=12.
04-03 03:01:52.397  2719  3410 D TCIS_ca : Succeed to invoke tcis_cmd!
04-03 03:01:52.397  2719  3410 I         : Enhanced TCIS jni process cmd end!
04-03 03:01:52.397  2719  3410 E  TrustCircleService.: TLV - error_tlv: remaining tlv is too short: 0
04-03 03:01:52.397  2719  3410 E  TrustCircleService.: q1 - error_tlv: isSuccessfullParsed failed
04-03 03:01:52.397  4129  4318 E PersistableBundle: Unrecognized type: -1
04-03 03:01:52.397  4129  4318 E DFS     : SystemUtils-GetAccountInfo: no account login
04-03 03:01:52.983   803  4658 I fbe_sdp_policy: fbe begin RegisterLockStateChangeCallback
04-03 03:01:52.983   803  4658 I fbe_sdp_policy: begin RegisterLockStateChangeCallback
04-03 03:01:52.983   803  4658 I fbe_sdp_policy: Fbe begin GetHwSfpServie.
04-03 03:01:52.985  1696  2941 W HwSfpService: checkPermission: permission error!
04-03 03:01:54.350  5212  5240 I bms_behavior: monitor interval count 8
04-03 03:01:56.087  6727  6912 D LogUtil_LogConfig: obtainSavePathDetail(): path = /data/data/com.huawei.health/files/com.huawei.health/
04-03 03:01:56.088  6727  6912 D LogUtil_LogConfig: getLogFileRootPath mDetail:null result:/data/data/com.huawei.health/files/com.huawei.health/com.huawei.health_DaemonService/
04-03 03:01:56.088  6727  6912 D LogUtil_LogConfig: getLogFile(): logFilePath = /data/data/com.huawei.health/files/com.huawei.health/com.huawei.health_DaemonService/
04-03 03:01:56.090  6727  6912 D LogUtil_LogConfig: obtainSavePath(): path = 1
04-03 03:01:56.091  6727  6912 D LogUtil_LogConfig: acquireMaxLogFileLengthContainsOffset describe: com.huawei.health:DaemonService result:5242880
04-03 03:01:57.274  1046  1046 E Thermal-daemon:hw_thermal: [pa_0] tempNew :36  tempOld :37
04-03 03:01:57.275  1046  1046 E Thermal-daemon:hw_thermal: Report temperature: [pa_0] temp :36  reportThreshold:1
04-03 03:01:57.277  1046  1046 E Thermal-daemon:hw_thermal: [ap] tempNew :36  tempOld :37
04-03 03:01:57.277  1046  1046 E Thermal-daemon:hw_thermal: Report temperature: [ap] temp :36  reportThreshold:1
04-03 03:01:57.444  2473  3069 I OllieCommrilManager: onRetryUpdate retry:2
04-03 03:01:57.444  2473  3069 I OllieCommrilManager: sendInitToCommril
--------- beginning of system
04-03 03:01:57.444  2473  3069 I CommBoosterRequest: addHwCommrilReqRawHdr putInt requestid: 1
04-03 03:01:57.450  1696  1753 I PowerManagerService: handleSandman: wakefulness: 1,startDreaming: false
04-03 03:01:57.456  2473  3069 E OllieTelephony: sendHwCommrilFullData err:-2
04-03 03:01:57.457  2473  3069 E OllieCommrilManager: sendInitToCommril fail
04-03 03:01:57.457  2473  3069 E OllieCommrilManager: handShake continuing till unsol msg comes, retry after 15000
04-03 03:01:57.459  1696  1753 I PowerManagerService: handleSandman: wakefulness: 1,startDreaming: false
04-03 03:01:58.444  6843  7136 D LogUtil_LogConfig: getLogFile(): logFilePath = /storage/emulated/0/Android/data/com.huawei.meetime/files/mtlog/hidscalog/
04-03 03:01:59.385  5212  5240 I bms_behavior: monitor interval count 9
04-03 03:02:00.008  2467  2467 E ndroid.systemu: No package ID ff found for ID 0xffffffff.
04-03 03:02:00.012  2467  2467 E ndroid.systemu: No package ID ff found for ID 0xffffffff.
04-03 03:02:00.014  2724  2724 I HwLauncher: CalenderDynamicUpdater setHasUpdateSuccess, success: true
04-03 03:02:00.014  2724  2724 I HwLauncher: CalenderDynamicUpdater setHasUpdateSuccess, success: true
04-03 03:02:00.014  2467  2467 E DateView: DateView,mCurrentTime: 1743649320014
04-03 03:02:00.703   724   724 W health@2.0-serv: type=1400 audit(0.0:405): avc: denied { read } for pid=724 name="u:object_r:system_prop:s0" dev="tmpfs" ino=2756 scontext=u:r:hal_health_default:s0 tcontext=u:object_r:system_prop:s0 tclass=file permissive=0
04-03 03:02:00.710   724   724 E libc    : Access denied finding property "sys.check.usbupdate"
04-03 03:02:00.707   724   724 W health@2.0-serv: type=1400 audit(0.0:406): avc: denied { write } for pid=724 name="property_service" dev="tmpfs" ino=17523 scontext=u:r:hal_health_default:s0 tcontext=u:object_r:property_socket:s0 tclass=sock_file permissive=0
04-03 03:02:00.712   724   724 W libc    : Unable to set property "sys.check.usbupdate" to "start": connection failed; errno=13 (Permission denied)
04-03 03:02:02.342  2473  3069 I SpeedTestNotifier: is low speed scene
04-03 03:02:02.986   803  4658 I fbe_sdp_policy: fbe begin RegisterLockStateChangeCallback
04-03 03:02:02.987   803  4658 I fbe_sdp_policy: begin RegisterLockStateChangeCallback
04-03 03:02:02.987   803  4658 I fbe_sdp_policy: Fbe begin GetHwSfpServie.
04-03 03:02:02.988  1696  2941 W HwSfpService: checkPermission: permission error!
04-03 03:02:04.418  5212  5240 I bms_behavior: monitor interval count 10
04-03 03:02:00.011  1696  1753 I chatty  : uid=1000(system) PowerManagerSer identical 1 line
04-03 03:02:00.013  1696  1753 I PowerManagerService: handleSandman: wakefulness: 1,startDreaming: false
04-03 03:02:05.658  1045  1122 I storaged: storaged_t::event: storage_info refreshed.
04-03 03:02:06.905   899   899 I aptouch_daemon: check_afe_status, afe[185 120 Xa01] [ctrl:X40020 ftr:X40140] dif[52 -56] raw[34697 16133] [exp:X0 aN:0 lo:0] [status:idle 1 cap 0]
04-03 03:02:06.915  1696  1918 W AlarmManager: WAKEUP alarm trigger action = com.huawei.hwsystemmanager.power.UPDATE_USAGESTATUS_RECORD package name is: com.huawei.systemmanager tag: *walarm*:com.huawei.hwsystemmanager.power.UPDATE_USAGESTATUS_RECORD window:64800000 originWhen:-1743562856542 when:-1743562856541 maxWhen:9223372036854775807
04-03 03:02:06.915  1696  1918 W AlarmManager: WAKEUP alarm trigger action = com.android.ee.download package name is: com.huawei.lbs tag: *walarm*:com.android.ee.download window:63643500 originWhen:29872 when:34872 maxWhen:63678372
04-03 03:02:06.915  1696  1918 W AlarmManager: WAKEUP alarm talarm.operation == null,package name is: android listenerTag is: *job.delay* creator uid is: 1000
04-03 03:02:06.915  1696  1918 W AlarmManager: WAKEUP alarm talarm.operation == null,package name is: android listenerTag is: *job.deadline* creator uid is: 1000
04-03 03:02:06.916  1696  1918 I ActivityManager: sendIntentSender target:PendingIntentRecord{de861f2 com.huawei.systemmanager broadcastIntent}, intent:flg=0x4 hwFlg=0x810
04-03 03:02:06.919  1696  1753 I PowerManagerService: handleSandman: wakefulness: 1,startDreaming: false
04-03 03:02:06.927  1696  1918 I ActivityManager: sendIntentSender target:PendingIntentRecord{a1a916f com.huawei.systemmanager startService}, intent:flg=0x4 hwFlg=0x810
04-03 03:02:06.928   754  2085 D AudioPolicyService: getUidState(10125) cacheIter->second.first, return cacheIter->second.second(16)
04-03 03:02:06.929   754  2085 D AudioPolicyService: getUidState(10004) cacheIter->second.first, return cacheIter->second.second(16)
04-03 03:02:06.929  2667  3585 I LocationDetection: need regisiter L_H_F
04-03 03:02:06.935  4762  4937 I CAWARENESS_CompatibleBinder: registerLocationFence
04-03 03:02:06.936  1696  1918 I ActivityManager: sendIntentSender target:PendingIntentRecord{233bd25 android broadcastIntent}, intent:flg=0x4 hwFlg=0x810
04-03 03:02:06.938  4762  7493 I CAWARENESS_FenceManager: addDataId name = null
04-03 03:02:06.938  4762  7493 I CAWARENESS_FenceManager: addDataId dataId = -1
04-03 03:02:06.938  4762  7493 I CAWARENESS_ManagedFenceFactory: AwarenessFence parsing to Optional.empty
04-03 03:02:06.938  4762  7493 I CAWARENESS_FenceManager: onResult, onResultListener=com.huawei.hiai.awareness.opencapacity.fence.FenceManager$3@9bd0abb, code=0
04-03 03:02:06.938  4762  7493 I CAWARENESS_CacheReportDataService: insertData
04-03 03:02:06.939  2667  2886 I LocationDetection: leaveHomeFence: RequestResult{6, 2, 3, null, 0, 0, 100, com.huawei.powergenie_1:1;6,2,3, 1, null, 4, 200007, error_unknown}
04-03 03:02:06.940  4762  4937 I CAWARENESS_CompatibleBinder: registerLocationFence
04-03 03:02:06.942  4762  7495 I CAWARENESS_FenceManager: addDataId name = null
04-03 03:02:06.942  4762  7495 I CAWARENESS_FenceManager: addDataId dataId = -1
04-03 03:02:06.942  4762  7495 I CAWARENESS_ManagedFenceFactory: AwarenessFence parsing to Optional.empty
04-03 03:02:06.942  4762  7495 I CAWARENESS_FenceManager: onResult, onResultListener=com.huawei.hiai.awareness.opencapacity.fence.FenceManager$3@add1216, code=0
04-03 03:02:06.942  4762  7495 I CAWARENESS_CacheReportDataService: insertData
04-03 03:02:06.942  4762  7495 W CAWARENESS_ThreadPool: thread pool CacheReportDataService(1) is busy 1/2
04-03 03:02:06.943  2667  2886 I LocationDetection: arriveHomeFence: RequestResult{6, 1, 3, null, 0, 0, 100, com.huawei.powergenie_1:1;6,1,3, 1, null, 4, 200007, error_unknown}
04-03 03:02:06.943  4762  4937 I CAWARENESS_CompatibleBinder: registerLocationFence
04-03 03:02:06.944  4762  7494 I CAWARENESS_AwarenessSQLiteDatabase: insert recId is 107418
04-03 03:02:06.944  4762  7494 I CAWARENESS_CacheReportDataService: Current count 84
04-03 03:02:06.945  1696  4966 V BroadcastQueue: Finished with ordered broadcast BroadcastRecord{a93dec6 u0 com.huawei.hwsystemmanager.power.UPDATE_USAGESTATUS_RECORD}
04-03 03:02:06.946  4762  7496 I CAWARENESS_FenceManager: addDataId name = null
04-03 03:02:06.946  4762  7496 I CAWARENESS_FenceManager: addDataId dataId = -1
04-03 03:02:06.946  1696  1977 I NetworkStats: Alarm manager triggered
04-03 03:02:06.946  4762  7496 I CAWARENESS_ManagedFenceFactory: AwarenessFence parsing to Optional.empty
04-03 03:02:06.946  4762  7496 I CAWARENESS_FenceManager: onResult, onResultListener=com.huawei.hiai.awareness.opencapacity.fence.FenceManager$3@358196d, code=0
04-03 03:02:06.946  4762  7496 I CAWARENESS_CacheReportDataService: insertData
04-03 03:02:06.946  4762  7496 W CAWARENESS_ThreadPool: thread pool CacheReportDataService(1) is busy 1/2
04-03 03:02:06.946  1696  1977 I NetworkStats: performPollLocked, pid = 1696
04-03 03:02:06.946  2667  2886 I LocationDetection: leaveCompanyFence: RequestResult{6, 8, 3, null, 0, 0, 100, com.huawei.powergenie_1:1;6,8,3, 1, null, 4, 200007, error_unknown}
04-03 03:02:06.947  4762  7497 I CAWARENESS_AwarenessSQLiteDatabase: insert recId is 107419
04-03 03:02:06.947  4762  7497 I CAWARENESS_CacheReportDataService: Current count 85
04-03 03:02:06.947  1696  1753 I PowerManagerService: handleSandman: wakefulness: 1,startDreaming: false
04-03 03:02:06.947  1696  1977 W BestClock: java.time.DateTimeException: Missing NTP fix
04-03 03:02:06.948  4762  4937 I CAWARENESS_CompatibleBinder: registerLocationFence
04-03 03:02:06.948   687  1147 I netd    : trafficSwapActiveStatsMap() <0.60ms>
04-03 03:02:06.949  4762  7498 I CAWARENESS_AwarenessSQLiteDatabase: insert recId is 107420
04-03 03:02:06.949  4762  7498 I CAWARENESS_CacheReportDataService: Current count 86
04-03 03:02:06.949  1696  1918 I ActivityManager: sendIntentSender target:PendingIntentRecord{950511a com.huawei.lbs broadcastIntent}, intent:flg=0x4 hwFlg=0x810
04-03 03:02:06.950  4762  7500 I CAWARENESS_FenceManager: addDataId name = null
04-03 03:02:06.950  4762  7500 I CAWARENESS_FenceManager: addDataId dataId = -1
04-03 03:02:06.950  4762  7500 I CAWARENESS_ManagedFenceFactory: AwarenessFence parsing to Optional.empty
04-03 03:02:06.950  4762  7500 I CAWARENESS_FenceManager: onResult, onResultListener=com.huawei.hiai.awareness.opencapacity.fence.FenceManager$3@1332df0, code=0
04-03 03:02:06.950  4762  7500 I CAWARENESS_CacheReportDataService: insertData
04-03 03:02:06.950  2667  2886 I LocationDetection: arriveCompanyFence: RequestResult{6, 4, 3, null, 0, 0, 100, com.huawei.powergenie_1:1;6,4,3, 1, null, 4, 200007, error_unknown}
04-03 03:02:06.951  2667  3585 I LocationDetection: need regisiter L_H_F
04-03 03:02:06.953  4762  4937 I CAWARENESS_CompatibleBinder: registerLocationFence
04-03 03:02:06.954  1696  1918 I ActivityManager: sendIntentSender target:PendingIntentRecord{1f31c86 com.huawei.profile broadcastIntent}, intent:flg=0x4 hwFlg=0x810
04-03 03:02:06.955  4762  7501 I CAWARENESS_AwarenessSQLiteDatabase: insert recId is 107421
04-03 03:02:06.955  4762  7503 I CAWARENESS_FenceManager: addDataId name = null
04-03 03:02:06.955  4762  7503 I CAWARENESS_FenceManager: addDataId dataId = -1
04-03 03:02:06.956  4762  7503 I CAWARENESS_ManagedFenceFactory: AwarenessFence parsing to Optional.empty
04-03 03:02:06.956  4762  7503 I CAWARENESS_FenceManager: onResult, onResultListener=com.huawei.hiai.awareness.opencapacity.fence.FenceManager$3@41fe28f, code=0
04-03 03:02:06.956  4762  7501 I CAWARENESS_CacheReportDataService: Current count 87
04-03 03:02:06.956  4762  7503 I CAWARENESS_CacheReportDataService: insertData
04-03 03:02:06.956  4762  7503 W CAWARENESS_ThreadPool: thread pool CacheReportDataService(1) is busy 1/2
04-03 03:02:06.956  2667  2886 I LocationDetection: leaveHomeFence: RequestResult{6, 2, 3, null, 0, 0, 100, com.huawei.powergenie_1:1;6,2,3, 1, null, 4, 200007, error_unknown}
04-03 03:02:06.958  4762  7505 I CAWARENESS_AwarenessSQLiteDatabase: insert recId is 107422
04-03 03:02:06.958  4762  4937 I CAWARENESS_CompatibleBinder: registerLocationFence
04-03 03:02:06.958  4762  7505 I CAWARENESS_CacheReportDataService: Current count 88
04-03 03:02:06.958  1696  2941 I HwConnectivityService: return the background wifi network info for system manager.
04-03 03:02:06.959  4762  7506 I CAWARENESS_FenceManager: addDataId name = null
04-03 03:02:06.959  4762  7506 I CAWARENESS_FenceManager: addDataId dataId = -1
04-03 03:02:06.959  4762  7506 I CAWARENESS_ManagedFenceFactory: AwarenessFence parsing to Optional.empty
04-03 03:02:06.959  4762  7506 I CAWARENESS_FenceManager: onResult, onResultListener=com.huawei.hiai.awareness.opencapacity.fence.FenceManager$3@bc35afa, code=0
04-03 03:02:06.959  4762  7506 I CAWARENESS_CacheReportDataService: insertData
04-03 03:02:06.959  2667  2886 I LocationDetection: arriveHomeFence: RequestResult{6, 1, 3, null, 0, 0, 100, com.huawei.powergenie_1:1;6,1,3, 1, null, 4, 200007, error_unknown}
04-03 03:02:06.959    54    54 W migration/7: type=1400 audit(0.0:407): avc: granted { setsched } for pid=54 scontext=u:r:kernel:s0 tcontext=u:r:kernel:s0 tclass=process
04-03 03:02:06.960  4762  4937 I CAWARENESS_CompatibleBinder: registerLocationFence
04-03 03:02:06.961  4762  7507 I CAWARENESS_AwarenessSQLiteDatabase: insert recId is 107423
04-03 03:02:06.961  4762  7508 I CAWARENESS_FenceManager: addDataId name = null
04-03 03:02:06.961  4762  7507 I CAWARENESS_CacheReportDataService: Current count 89
04-03 03:02:06.961  4762  7508 I CAWARENESS_FenceManager: addDataId dataId = -1
04-03 03:02:06.962  4762  7508 I CAWARENESS_ManagedFenceFactory: AwarenessFence parsing to Optional.empty
04-03 03:02:06.962  4762  7508 I CAWARENESS_FenceManager: onResult, onResultListener=com.huawei.hiai.awareness.opencapacity.fence.FenceManager$3@b0512a1, code=0
04-03 03:02:06.962  4762  7508 I CAWARENESS_CacheReportDataService: insertData
04-03 03:02:06.962  2667  2886 I LocationDetection: leaveCompanyFence: RequestResult{6, 8, 3, null, 0, 0, 100, com.huawei.powergenie_1:1;6,8,3, 1, null, 4, 200007, error_unknown}
04-03 03:02:06.963  4762  4937 I CAWARENESS_CompatibleBinder: registerLocationFence
04-03 03:02:06.964  4762  7510 I CAWARENESS_FenceManager: addDataId name = null
04-03 03:02:06.964  4762  7510 I CAWARENESS_FenceManager: addDataId dataId = -1
04-03 03:02:06.964  4762  7510 I CAWARENESS_ManagedFenceFactory: AwarenessFence parsing to Optional.empty
04-03 03:02:06.964  4762  7510 I CAWARENESS_FenceManager: onResult, onResultListener=com.huawei.hiai.awareness.opencapacity.fence.FenceManager$3@3e58fb4, code=0
04-03 03:02:06.964  4762  7510 I CAWARENESS_CacheReportDataService: insertData
04-03 03:02:06.964  4762  7510 W CAWARENESS_ThreadPool: thread pool CacheReportDataService(1) is busy 1/2
04-03 03:02:06.964  2667  3585 I LocationDetection: need regisiter L_H_F
04-03 03:02:06.964  2667  2886 I LocationDetection: arriveCompanyFence: RequestResult{6, 4, 3, null, 0, 0, 100, com.huawei.powergenie_1:1;6,4,3, 1, null, 4, 200007, error_unknown}
04-03 03:02:06.966  4762  7509 I CAWARENESS_AwarenessSQLiteDatabase: insert recId is 107424
04-03 03:02:06.966  7502  7502 D HiTraceC: entered HiTraceInit, Log Registered: 1
04-03 03:02:06.966  7502  7502 I         : iptables cmd:iptables-restore
04-03 03:02:06.966  4762  7509 I CAWARENESS_CacheReportDataService: Current count 90
04-03 03:02:06.966  4762  4937 I CAWARENESS_CompatibleBinder: registerLocationFence
04-03 03:02:06.967  4762  7512 I CAWARENESS_FenceManager: addDataId name = null
04-03 03:02:06.967  4762  7512 I CAWARENESS_FenceManager: addDataId dataId = -1
04-03 03:02:06.968  4762  7512 I CAWARENESS_ManagedFenceFactory: AwarenessFence parsing to Optional.empty
04-03 03:02:06.968  4762  7512 I CAWARENESS_FenceManager: onResult, onResultListener=com.huawei.hiai.awareness.opencapacity.fence.FenceManager$3@8bef223, code=0
04-03 03:02:06.968  4762  7512 I CAWARENESS_CacheReportDataService: insertData
04-03 03:02:06.968  4762  7512 W CAWARENESS_ThreadPool: thread pool CacheReportDataService(1) is busy 1/2
04-03 03:02:06.968  2667  2886 I LocationDetection: leaveHomeFence: RequestResult{6, 2, 3, null, 0, 0, 100, com.huawei.powergenie_1:1;6,2,3, 1, null, 4, 200007, error_unknown}
04-03 03:02:06.968  1696  1918 I ActivityManager: sendIntentSender target:PendingIntentRecord{c930d80 com.android.providers.contacts broadcastIntent}, intent:flg=0x4 hwFlg=0x810
04-03 03:02:06.969  4762  7511 I CAWARENESS_AwarenessSQLiteDatabase: insert recId is 107425
04-03 03:02:06.969  4762  7511 I CAWARENESS_CacheReportDataService: Current count 91
04-03 03:02:06.969  4762  4937 I CAWARENESS_CompatibleBinder: registerLocationFence
04-03 03:02:06.970  4762  7515 I CAWARENESS_FenceManager: addDataId name = null
04-03 03:02:06.970  4762  7515 I CAWARENESS_FenceManager: addDataId dataId = -1
04-03 03:02:06.970  4762  7515 I CAWARENESS_ManagedFenceFactory: AwarenessFence parsing to Optional.empty
04-03 03:02:06.970  4762  7515 I CAWARENESS_FenceManager: onResult, onResultListener=com.huawei.hiai.awareness.opencapacity.fence.FenceManager$3@aee0e9e, code=0
04-03 03:02:06.970  4762  7515 I CAWARENESS_CacheReportDataService: insertData
04-03 03:02:06.970  4762  7515 W CAWARENESS_ThreadPool: thread pool CacheReportDataService(1) is busy 1/2
04-03 03:02:06.970  2667  2886 I LocationDetection: arriveHomeFence: RequestResult{6, 1, 3, null, 0, 0, 100, com.huawei.powergenie_1:1;6,1,3, 1, null, 4, 200007, error_unknown}
04-03 03:02:06.971  1696  1918 I ActivityManager: sendIntentSender target:PendingIntentRecord{f209f6 com.android.settings startService}, intent:flg=0x4 hwFlg=0x810
04-03 03:02:06.971  4762  4937 I CAWARENESS_CompatibleBinder: registerLocationFence
04-03 03:02:06.972  4762  7516 I CAWARENESS_FenceManager: addDataId name = null
04-03 03:02:06.972  4762  7516 I CAWARENESS_FenceManager: addDataId dataId = -1
04-03 03:02:06.972  4762  7516 I CAWARENESS_ManagedFenceFactory: AwarenessFence parsing to Optional.empty
04-03 03:02:06.972  4762  7516 I CAWARENESS_FenceManager: onResult, onResultListener=com.huawei.hiai.awareness.opencapacity.fence.FenceManager$3@47214c, code=0
04-03 03:02:06.972  4762  7516 I CAWARENESS_CacheReportDataService: insertData
04-03 03:02:06.972  4762  7516 W CAWARENESS_ThreadPool: thread pool CacheReportDataService(1) is busy 2/3
04-03 03:02:06.973  2667  2886 I LocationDetection: leaveCompanyFence: RequestResult{6, 8, 3, null, 0, 0, 100, com.huawei.powergenie_1:1;6,8,3, 1, null, 4, 200007, error_unknown}
04-03 03:02:06.973  4762  4937 I CAWARENESS_CompatibleBinder: registerLocationFence
04-03 03:02:06.974  4762  7514 I CAWARENESS_AwarenessSQLiteDatabase: insert recId is 107426
04-03 03:02:06.974  4762  7514 I CAWARENESS_CacheReportDataService: Current count 92
04-03 03:02:06.974  4762  7518 I CAWARENESS_FenceManager: addDataId name = null
04-03 03:02:06.974  4762  7518 I CAWARENESS_FenceManager: addDataId dataId = -1
04-03 03:02:06.974  4762  7518 I CAWARENESS_ManagedFenceFactory: AwarenessFence parsing to Optional.empty
04-03 03:02:06.974  4762  7518 I CAWARENESS_FenceManager: onResult, onResultListener=com.huawei.hiai.awareness.opencapacity.fence.FenceManager$3@7de829b, code=0
04-03 03:02:06.974  4762  7518 I CAWARENESS_CacheReportDataService: insertData
04-03 03:02:06.974  4762  7518 W CAWARENESS_ThreadPool: thread pool CacheReportDataService(1) is busy 2/3
04-03 03:02:06.974  2667  3585 I LocationDetection: need regisiter L_H_F
04-03 03:02:06.975  2667  2886 I LocationDetection: arriveCompanyFence: RequestResult{6, 4, 3, null, 0, 0, 100, com.huawei.powergenie_1:1;6,4,3, 1, null, 4, 200007, error_unknown}
04-03 03:02:06.976  7513  7513 D HiTraceC: entered HiTraceInit, Log Registered: 1
04-03 03:02:06.976  7513  7513 I         : iptables cmd:ip6tables-restore
04-03 03:02:06.976  4762  7517 I CAWARENESS_AwarenessSQLiteDatabase: insert recId is 107427
04-03 03:02:06.976  4762  7517 I CAWARENESS_CacheReportDataService: Current count 93
04-03 03:02:06.977   687  1147 I netd    : tetherGetStats() <26.82ms>
04-03 03:02:06.978  2468  2468 W LauncherModeReportService: settings app is pulled up, onCreate is called
04-03 03:02:06.978  1696  1977 I HwNetworkStatsServiceEx: hwRecordUidAndProcSnapshotLocked currentTime = 1743649326947
04-03 03:02:06.979  4762  4937 I CAWARENESS_CompatibleBinder: registerLocationFence
04-03 03:02:06.979  4762  7519 I CAWARENESS_AwarenessSQLiteDatabase: insert recId is 107428
04-03 03:02:06.980  4762  7519 I CAWARENESS_CacheReportDataService: Current count 94
04-03 03:02:06.980  1696  1696 I JobScheduler.Time: realNextDelayExpiredElapsedMillis: 266531 mNextDelayExpiredElapsedMillis:266531
04-03 03:02:06.981  4762  7521 I CAWARENESS_FenceManager: addDataId name = null
04-03 03:02:06.981  4762  7521 I CAWARENESS_FenceManager: addDataId dataId = -1
04-03 03:02:06.981  4762  7520 I CAWARENESS_AwarenessSQLiteDatabase: insert recId is 107429
04-03 03:02:06.981  4762  7521 I CAWARENESS_ManagedFenceFactory: AwarenessFence parsing to Optional.empty
04-03 03:02:06.981  4762  7521 I CAWARENESS_FenceManager: onResult, onResultListener=com.huawei.hiai.awareness.opencapacity.fence.FenceManager$3@898ad77, code=0
04-03 03:02:06.981  4762  7521 I CAWARENESS_CacheReportDataService: insertData
04-03 03:02:06.981  4762  7521 W CAWARENESS_ThreadPool: thread pool CacheReportDataService(1) is busy 1/2
04-03 03:02:06.981  4762  7520 I CAWARENESS_CacheReportDataService: Current count 95
04-03 03:02:06.981  2667  2886 I LocationDetection: leaveHomeFence: RequestResult{6, 2, 3, null, 0, 0, 100, com.huawei.powergenie_1:1;6,2,3, 1, null, 4, 200007, error_unknown}
04-03 03:02:06.981  1696  1977 I HwNetworkManagementService: request swap success.
04-03 03:02:06.982  4762  4937 I CAWARENESS_CompatibleBinder: registerLocationFence
04-03 03:02:06.982  4762  4937 W CAWARENESS_ThreadPool: thread pool FenceManager(1) is busy 1/2
04-03 03:02:06.982  1696  1977 I HwNetworkStatsServiceEx: hwMaybeUidAndProcPersistLocked currentTime = 1743649326947
04-03 03:02:06.982  4762  7522 I CAWARENESS_AwarenessSQLiteDatabase: insert recId is 107430
04-03 03:02:06.982  4762  4937 I CAWARENESS_CompatibleBinder: registerLocationFence
04-03 03:02:06.982  4762  4937 W CAWARENESS_ThreadPool: thread pool FenceManager(1) is busy 1/2
04-03 03:02:06.982  1696  1977 W BestClock: java.time.DateTimeException: Missing NTP fix
04-03 03:02:06.982  4762  7522 I CAWARENESS_CacheReportDataService: Current count 96
04-03 03:02:06.982  1696  1977 I NetworkStatsCollection: getSummary, uid = 1000stats size = 0
04-03 03:02:06.983  2737  3494 W HSM_BG-11.1.1.365: UsageStatusHelper: new ratio is a invalid data
04-03 03:02:06.983  4762  4937 I CAWARENESS_CompatibleBinder: registerLocationFence
04-03 03:02:06.983  4762  4937 W CAWARENESS_ThreadPool: thread pool FenceManager(1) is busy 2/3
04-03 03:02:06.983  2667  3585 I LocationDetection: need regisiter L_H_F
04-03 03:02:06.983  1696  1977 I chatty  : uid=1000(system) NetworkStats identical 4 lines
04-03 03:02:06.983  1696  1977 I NetworkStatsCollection: getSummary, uid = 1000stats size = 0
04-03 03:02:06.983  1696  1753 I PowerManagerService: handleSandman: wakefulness: 1,startDreaming: false
04-03 03:02:06.983   687  1147 I netd    : bandwidthSetGlobalAlert(2097152) <0.17ms>
04-03 03:02:06.984  4762  4937 I CAWARENESS_CompatibleBinder: registerLocationFence
04-03 03:02:06.984  4762  7523 I CAWARENESS_FenceManager: addDataId name = null
04-03 03:02:06.984  4762  7523 I CAWARENESS_FenceManager: addDataId dataId = -1
04-03 03:02:06.984  4762  4937 W CAWARENESS_ThreadPool: thread pool FenceManager(1) is busy 3/4
04-03 03:02:06.984  1696  1977 V BroadcastQueue: Finished with ordered broadcast BroadcastRecord{d01520 u0 com.android.server.action.NETWORK_STATS_POLL}
04-03 03:02:06.984  1696  1977 V BroadcastQueue: Finished with ordered broadcast BroadcastRecord{b3188aa u0 com.android.ee.download}
04-03 03:02:06.984  4762  4937 I CAWARENESS_CompatibleBinder: registerLocationFence
04-03 03:02:06.984  4762  4937 W CAWARENESS_ThreadPool: thread pool FenceManager(1) is busy 4/5
04-03 03:02:06.984  2737  3229 W HSM_BG-11.1.1.365: NormalTrafficAnalysis:Alert byte is 0, so return
04-03 03:02:06.985  4762  4937 I CAWARENESS_CompatibleBinder: registerLocationFence
04-03 03:02:06.985  4762  4937 W CAWARENESS_ThreadPool: thread pool FenceManager(1) is busy 5/6
04-03 03:02:06.985  2468  2468 W LauncherModeReportService: settings app is pulled up, onDestroy is called
04-03 03:02:06.985  4762  7523 I CAWARENESS_ManagedFenceFactory: AwarenessFence parsing to Optional.empty
04-03 03:02:06.985  4762  7523 I CAWARENESS_FenceManager: onResult, onResultListener=com.huawei.hiai.awareness.opencapacity.fence.FenceManager$3@d753102, code=0
04-03 03:02:06.985  4762  4937 I CAWARENESS_CompatibleBinder: registerLocationFence
04-03 03:02:06.985  4857  4857 I HwProfileService: [main]:[999478957]ProfileAlarmReceiver:triggered.
04-03 03:02:06.985  4762  4937 W CAWARENESS_ThreadPool: thread pool FenceManager(1) is busy 6/7
04-03 03:02:06.985  4857  4857 I HwProfileService: [main]:[999478957]ProfileAlarmReceiver:receive alarm action: dailyCleanAction
04-03 03:02:06.985  4762  7523 I CAWARENESS_CacheReportDataService: insertData
04-03 03:02:06.985  2667  3585 I LocationDetection: need regisiter L_H_F
04-03 03:02:06.985  4857  4857 I HwProfileService: [main]:[999478957]EventBus:publish event ProfileAlarmEvent
04-03 03:02:06.986  1696  1978 W BestClock: java.time.DateTimeException: Missing NTP fix
04-03 03:02:06.986  4762  4937 I CAWARENESS_CompatibleBinder: registerLocationFence
04-03 03:02:06.986  4762  4937 W CAWARENESS_ThreadPool: thread pool FenceManager(1) is busy 7/8
04-03 03:02:06.986  2667  2886 I LocationDetection: arriveHomeFence: RequestResult{6, 1, 3, null, 0, 0, 100, com.huawei.powergenie_1:1;6,1,3, 1, null, 4, 200007, error_unknown}
04-03 03:02:06.987  1696  1696 I JobScheduler.Time: realNextJobExpiredElapsedMillis: 1908840mNextJobExpiredElapsedMillis1908840
04-03 03:02:06.987  4762  7526 I CAWARENESS_FenceManager: addDataId name = null
04-03 03:02:06.987  4762  7526 I CAWARENESS_FenceManager: addDataId dataId = -1
04-03 03:02:06.987  4762  7526 I CAWARENESS_ManagedFenceFactory: AwarenessFence parsing to Optional.empty
04-03 03:02:06.987  4762  7526 I CAWARENESS_FenceManager: onResult, onResultListener=com.huawei.hiai.awareness.opencapacity.fence.FenceManager$3@8d74649, code=0
04-03 03:02:06.987  4762  7526 I CAWARENESS_CacheReportDataService: insertData
04-03 03:02:06.987  4762  7526 W CAWARENESS_ThreadPool: thread pool CacheReportDataService(1) is busy 1/2
04-03 03:02:06.987  1696  4627 V BroadcastQueue: Finished with ordered broadcast BroadcastRecord{9372c9b u0 dailyCleanAction}
04-03 03:02:06.987  2667  2886 I LocationDetection: leaveCompanyFence: RequestResult{6, 8, 3, null, 0, 0, 100, com.huawei.powergenie_1:1;6,8,3, 1, null, 4, 200007, error_unknown}
04-03 03:02:06.987  1696  4627 I ActivityManager: App 10004/com.android.providers.contacts targets O+, restricted
04-03 03:02:06.987  4762  4937 I CAWARENESS_CompatibleBinder: registerLocationFence
04-03 03:02:06.987  4762  7527 I CAWARENESS_FenceManager: addDataId name = null
04-03 03:02:06.988  4762  7527 I CAWARENESS_FenceManager: addDataId dataId = -1
04-03 03:02:06.988  4762  7527 I CAWARENESS_ManagedFenceFactory: AwarenessFence parsing to Optional.empty
04-03 03:02:06.988  4762  7527 I CAWARENESS_FenceManager: onResult, onResultListener=com.huawei.hiai.awareness.opencapacity.fence.FenceManager$3@a1d46f, code=0
04-03 03:02:06.988  4762  7527 I CAWARENESS_CacheReportDataService: insertData
04-03 03:02:06.988  4762  7527 W CAWARENESS_ThreadPool: thread pool CacheReportDataService(1) is busy 2/3
04-03 03:02:06.988  4762  4937 W CAWARENESS_ThreadPool: thread pool FenceManager(1) is busy 6/7
04-03 03:02:06.988  2667  2886 I LocationDetection: arriveCompanyFence: RequestResult{6, 4, 3, null, 0, 0, 100, com.huawei.powergenie_1:1;6,4,3, 1, null, 4, 200007, error_unknown}
04-03 03:02:06.988  4762  7528 I CAWARENESS_FenceManager: addDataId name = null
04-03 03:02:06.988  4762  7528 I CAWARENESS_FenceManager: addDataId dataId = -1
04-03 03:02:06.988  4762  7528 I CAWARENESS_ManagedFenceFactory: AwarenessFence parsing to Optional.empty
04-03 03:02:06.988  4762  7528 I CAWARENESS_FenceManager: onResult, onResultListener=com.huawei.hiai.awareness.opencapacity.fence.FenceManager$3@c44fe05, code=0
04-03 03:02:06.988  4762  7528 I CAWARENESS_CacheReportDataService: insertData
04-03 03:02:06.988  4762  7528 W CAWARENESS_ThreadPool: thread pool CacheReportDataService(1) is busy 3/4
04-03 03:02:06.988  2667  2886 I LocationDetection: leaveHomeFence: RequestResult{6, 2, 3, null, 0, 0, 100, com.huawei.powergenie_1:1;6,2,3, 1, null, 4, 200007, error_unknown}
04-03 03:02:06.988  4762  4937 I CAWARENESS_CompatibleBinder: registerLocationFence
04-03 03:02:06.989  4762  4937 W CAWARENESS_ThreadPool: thread pool FenceManager(1) is busy 5/6
04-03 03:02:06.989  4857  7525 I HwProfileService: [event_thread_1]:[999478957]EventBus:c receive an event
04-03 03:02:06.989  4762  4937 I CAWARENESS_CompatibleBinder: registerLocationFence
04-03 03:02:06.989  4857  7525 I HwProfileService: [event_thread_1]:[999478957]TriggerDailyCleanTaskListener:receive daily clean alarm, init kv store
04-03 03:02:06.989  4762  4937 W CAWARENESS_ThreadPool: thread pool FenceManager(1) is busy 6/7
04-03 03:02:06.989  4762  7529 I CAWARENESS_FenceManager: addDataId name = null
04-03 03:02:06.989  4762  7529 I CAWARENESS_FenceManager: addDataId dataId = -1
04-03 03:02:06.989  4762  7529 I CAWARENESS_ManagedFenceFactory: AwarenessFence parsing to Optional.empty
04-03 03:02:06.989  4762  7529 I CAWARENESS_FenceManager: onResult, onResultListener=com.huawei.hiai.awareness.opencapacity.fence.FenceManager$3@621488b, code=0
04-03 03:02:06.989  4762  7529 I CAWARENESS_CacheReportDataService: insertData
04-03 03:02:06.989  4762  7529 W CAWARENESS_ThreadPool: thread pool CacheReportDataService(1) is busy 4/5
04-03 03:02:06.990  2667  2886 I LocationDetection: arriveHomeFence: RequestResult{6, 1, 3, null, 0, 0, 100, com.huawei.powergenie_1:1;6,1,3, 1, null, 4, 200007, error_unknown}
04-03 03:02:06.990  4762  7524 I CAWARENESS_AwarenessSQLiteDatabase: insert recId is 107431
04-03 03:02:06.990  4762  7530 I CAWARENESS_FenceManager: addDataId name = null
04-03 03:02:06.990  4762  7530 I CAWARENESS_FenceManager: addDataId dataId = -1
04-03 03:02:06.990  4762  7530 I CAWARENESS_ManagedFenceFactory: AwarenessFence parsing to Optional.empty
04-03 03:02:06.990  4762  7530 I CAWARENESS_FenceManager: onResult, onResultListener=com.huawei.hiai.awareness.opencapacity.fence.FenceManager$3@b1c7581, code=0
04-03 03:02:06.990  4762  7530 I CAWARENESS_CacheReportDataService: insertData
04-03 03:02:06.990  4762  7530 W CAWARENESS_ThreadPool: thread pool CacheReportDataService(1) is busy 5/6
04-03 03:02:06.990  4762  7524 I CAWARENESS_CacheReportDataService: Current count 97
04-03 03:02:06.990  2667  2886 I LocationDetection: leaveCompanyFence: RequestResult{6, 8, 3, null, 0, 0, 100, com.huawei.powergenie_1:1;6,8,3, 1, null, 4, 200007, error_unknown}
04-03 03:02:06.991  4762  7532 I CAWARENESS_FenceManager: addDataId name = null
04-03 03:02:06.991  4762  7532 I CAWARENESS_FenceManager: addDataId dataId = -1
04-03 03:02:06.991  4762  7532 I CAWARENESS_ManagedFenceFactory: AwarenessFence parsing to Optional.empty
04-03 03:02:06.991  4762  7532 I CAWARENESS_FenceManager: onResult, onResultListener=com.huawei.hiai.awareness.opencapacity.fence.FenceManager$3@86af814, code=0
04-03 03:02:06.991  4762  7532 I CAWARENESS_CacheReportDataService: insertData
04-03 03:02:06.991  4762  7532 W CAWARENESS_ThreadPool: thread pool CacheReportDataService(1) is busy 5/6
04-03 03:02:06.991  2667  2886 I LocationDetection: arriveCompanyFence: RequestResult{6, 4, 3, null, 0, 0, 100, com.huawei.powergenie_1:1;6,4,3, 1, null, 4, 200007, error_unknown}
04-03 03:02:06.991  4857  5870 I HwProfileService: [CleanExpiredTrustedDevicesTask_129]:[999478957]SafeRunnable:active count:1, queue size: 0
04-03 03:02:06.991   754  1127 D AudioPolicyService: getUidState(10004) cacheIter->second.first, return cacheIter->second.second(20)
04-03 03:02:06.991  4762  7533 I CAWARENESS_FenceManager: addDataId name = null
04-03 03:02:06.991  4762  7533 I CAWARENESS_FenceManager: addDataId dataId = -1
04-03 03:02:06.991  4762  7533 I CAWARENESS_ManagedFenceFactory: AwarenessFence parsing to Optional.empty
04-03 03:02:06.991  4762  7533 I CAWARENESS_FenceManager: onResult, onResultListener=com.huawei.hiai.awareness.opencapacity.fence.FenceManager$3@59fdeb2, code=0
04-03 03:02:06.991  4857  5139 I HwProfileService: [TrustGroupDailyTask_107]:[999478957]SafeRunnable:active count:2, queue size: 0
04-03 03:02:06.991  4762  7533 I CAWARENESS_CacheReportDataService: insertData
04-03 03:02:06.991  4762  7533 W CAWARENESS_ThreadPool: thread pool CacheReportDataService(1) is busy 6/7
04-03 03:02:06.991  4762  7531 I CAWARENESS_AwarenessSQLiteDatabase: insert recId is 107432
04-03 03:02:06.991  2667  2886 I LocationDetection: leaveHomeFence: RequestResult{6, 2, 3, null, 0, 0, 100, com.huawei.powergenie_1:1;6,2,3, 1, null, 4, 200007, error_unknown}
04-03 03:02:06.991  4857  5870 I HwProfileService: [DeleteExpiredTrustedDevices_129]:[999478957]SafeRunnable:active count:2, queue size: 0
04-03 03:02:06.991  4762  7531 I CAWARENESS_CacheReportDataService: Current count 98
04-03 03:02:06.991  4762  7534 I CAWARENESS_FenceManager: addDataId name = null
04-03 03:02:06.991  4762  7534 I CAWARENESS_FenceManager: addDataId dataId = -1
04-03 03:02:06.991  4762  7534 I CAWARENESS_ManagedFenceFactory: AwarenessFence parsing to Optional.empty
04-03 03:02:06.991  4762  7534 I CAWARENESS_FenceManager: onResult, onResultListener=com.huawei.hiai.awareness.opencapacity.fence.FenceManager$3@58153b9, code=0
04-03 03:02:06.991  4762  7534 I CAWARENESS_CacheReportDataService: insertData
04-03 03:02:06.991  4762  7534 W CAWARENESS_ThreadPool: thread pool CacheReportDataService(1) is busy 6/7
04-03 03:02:06.992  2667  2886 I LocationDetection: arriveHomeFence: RequestResult{6, 1, 3, null, 0, 0, 100, com.huawei.powergenie_1:1;6,1,3, 1, null, 4, 200007, error_unknown}
04-03 03:02:06.992  4762  7536 I CAWARENESS_FenceManager: addDataId name = null
04-03 03:02:06.992  4762  7536 I CAWARENESS_FenceManager: addDataId dataId = -1
04-03 03:02:06.992  4762  7536 I CAWARENESS_ManagedFenceFactory: AwarenessFence parsing to Optional.empty
04-03 03:02:06.992  4762  7536 I CAWARENESS_FenceManager: onResult, onResultListener=com.huawei.hiai.awareness.opencapacity.fence.FenceManager$3@f56b75f, code=0
04-03 03:02:06.992  4762  7536 I CAWARENESS_CacheReportDataService: insertData
04-03 03:02:06.992  4762  7536 W CAWARENESS_ThreadPool: thread pool CacheReportDataService(1) is busy 7/8
04-03 03:02:06.992  2667  2886 I LocationDetection: leaveCompanyFence: RequestResult{6, 8, 3, null, 0, 0, 100, com.huawei.powergenie_1:1;6,8,3, 1, null, 4, 200007, error_unknown}
04-03 03:02:06.992  4762  7535 I CAWARENESS_AwarenessSQLiteDatabase: insert recId is 107433
04-03 03:02:06.992  4762  7537 I CAWARENESS_FenceManager: addDataId name = null
04-03 03:02:06.992  4762  7537 I CAWARENESS_FenceManager: addDataId dataId = -1
04-03 03:02:06.992  4762  7537 I CAWARENESS_ManagedFenceFactory: AwarenessFence parsing to Optional.empty
04-03 03:02:06.992  4762  7537 I CAWARENESS_FenceManager: onResult, onResultListener=com.huawei.hiai.awareness.opencapacity.fence.FenceManager$3@da7275, code=0
04-03 03:02:06.992  4762  7535 I CAWARENESS_CacheReportDataService: Current count 99
04-03 03:02:06.992  4762  7537 I CAWARENESS_CacheReportDataService: insertData
04-03 03:02:06.992  4762  7537 W CAWARENESS_ThreadPool: thread pool CacheReportDataService(1) is busy 7/8
04-03 03:02:06.993  2667  2886 I LocationDetection: arriveCompanyFence: RequestResult{6, 4, 3, null, 0, 0, 100, com.huawei.powergenie_1:1;6,4,3, 1, null, 4, 200007, error_unknown}
04-03 03:02:06.993  1696  1696 I JobScheduler: Ready to Be Executed: a9a73e7 #1000/8002 android/com.android.server.pm.BackgroundDexOptService pending=false active=true
04-03 03:02:06.993  1696  1696 I JobScheduler: pending queue: 1 jobs.
04-03 03:02:06.993  4762  7538 I CAWARENESS_AwarenessSQLiteDatabase: insert recId is 107434
04-03 03:02:06.993  1696  1696 I JobScheduler: About to run job on context 1, job: JobStatus{8074b01 #1000/801 android/com.android.server.pm.BackgroundDexOptService u=0 s=1000 TIME=-86ms:-86ms READY}
04-03 03:02:06.993  4762  7538 I CAWARENESS_CacheReportDataService: Current count 100
04-03 03:02:06.994  4762  7539 I CAWARENESS_AwarenessSQLiteDatabase: insert recId is 107435
04-03 03:02:06.994  4762  7539 I CAWARENESS_CacheReportDataService: Current count 101
04-03 03:02:06.995  4762  7540 I CAWARENESS_AwarenessSQLiteDatabase: insert recId is 107436
04-03 03:02:06.995  4762  7540 I CAWARENESS_CacheReportDataService: Current count 102
04-03 03:02:06.995  4762  7541 I CAWARENESS_AwarenessSQLiteDatabase: insert recId is 107437
04-03 03:02:06.996  4762  7541 I CAWARENESS_CacheReportDataService: Current count 103
04-03 03:02:06.996  4762  7542 I CAWARENESS_AwarenessSQLiteDatabase: insert recId is 107438
04-03 03:02:06.996  1696  1696 I JobScheduler: Ready to Be Executed: 8074b01 #1000/801 android/com.android.server.pm.BackgroundDexOptService pending=false active=true
04-03 03:02:06.996  4762  7542 I CAWARENESS_CacheReportDataService: Current count 104
04-03 03:02:06.997  1696  1696 I JobScheduler: Ready to Be Executed: a9a73e7 #1000/8002 android/com.android.server.pm.BackgroundDexOptService pending=false active=true
04-03 03:02:06.997  4762  7544 I CAWARENESS_AwarenessSQLiteDatabase: insert recId is 107439
04-03 03:02:06.997  1696  1696 I JobScheduler: Ready to Be Executed: 8074b01 #1000/801 android/com.android.server.pm.BackgroundDexOptService pending=false active=true
04-03 03:02:06.997  4762  7544 I CAWARENESS_CacheReportDataService: Current count 105
04-03 03:02:06.997  4762  7545 I CAWARENESS_AwarenessSQLiteDatabase: insert recId is 107440
04-03 03:02:06.998  4762  7545 I CAWARENESS_CacheReportDataService: Current count 106
04-03 03:02:06.998  4762  7546 I CAWARENESS_AwarenessSQLiteDatabase: insert recId is 107441
04-03 03:02:06.998  4762  7546 I CAWARENESS_CacheReportDataService: Current count 107
04-03 03:02:06.999  1696  1696 W ProcBatteryStats: timer is running , not start, name: , uid: 1000, tag: *job*/android/com.android.server.pm.BackgroundDexOptService
04-03 03:02:07.000  1696  1753 I PowerManagerService: handleSandman: wakefulness: 1,startDreaming: false
04-03 03:02:07.000  1696  1696 I JobServiceContext: APP response begin time, startJob due to preemption. jobid:801
04-03 03:02:07.001  1696  1696 I JobServiceContext: APP response end time startJob.
04-03 03:02:07.002  1696  7547 I BackgroundDexOptService: Performing postBootUpdate(243) ...
04-03 03:02:07.003  1696  1753 I PowerManagerService: handleSandman: wakefulness: 1,startDreaming: false
04-03 03:02:07.005  1696  1753 I PowerManagerService: handleSandman: wakefulness: 1,startDreaming: false
04-03 03:02:07.005  1696  4627 V BroadcastQueue: Finished with ordered broadcast BroadcastRecord{6f76838 u0 null}
04-03 03:02:07.007  4857  5870 I HwProfileService: [DeleteExpiredTrustedDevices_129]:[999478957]TerminalDevicesHelper:delete all ble sync result, records:0
04-03 03:02:07.009   754  1127 D AudioPolicyService: getUidState(10004) cacheIter->second.first, return cacheIter->second.second(12)
04-03 03:02:07.009  1696  1753 I PowerManagerService: handleSandman: wakefulness: 1,startDreaming: false
04-03 03:02:07.217  1696  1886 I HwBatteryService: power_ui state= 1 mQuickChargeStatus=1
04-03 03:02:07.217  1696  1886 I HwBatteryService: handleWirelessTxStatus
04-03 03:02:07.217  1696  1886 I HwBatteryService: switch not open, return, mWirelessTxFlag : 0
04-03 03:02:07.217  1696  1886 W HwBatteryService: need return. Invalid value: 0
04-03 03:02:07.217  1696  1886 D HwBatteryService: setHwChargeTimeRemaining, time = -1 String time: 0
04-03 03:02:07.218  1696  1886 I HwBatteryService: IS_WATCH : false
04-03 03:02:07.239   724   724 W health@2.0-serv: type=1400 audit(0.0:408): avc: denied { read } for pid=724 name="u:object_r:system_prop:s0" dev="tmpfs" ino=2756 scontext=u:r:hal_health_default:s0 tcontext=u:object_r:system_prop:s0 tclass=file permissive=0
04-03 03:02:07.245   724   724 E libc    : Access denied finding property "sys.check.usbupdate"
04-03 03:02:07.245   724   724 W libc    : Unable to set property "sys.check.usbupdate" to "start": connection failed; errno=13 (Permission denied)
04-03 03:02:07.243   724   724 W health@2.0-serv: type=1400 audit(0.0:409): avc: denied { write } for pid=724 name="property_service" dev="tmpfs" ino=17523 scontext=u:r:hal_health_default:s0 tcontext=u:object_r:property_socket:s0 tclass=sock_file permissive=0
04-03 03:02:07.281  1046  1046 E Thermal-daemon:hw_thermal: [shell_frame] tempNew :35  tempOld :36
04-03 03:02:07.282  1046  1046 E Thermal-daemon:hw_thermal: Report temperature: [shell_frame] temp :35  reportThreshold:1
04-03 03:02:07.427  7550  7550 D skia    : HME hme_jpeg_dec version=JPEG_DEC_16.12.1, releasetime=12:06:23 May 10 2021
04-03 03:02:07.428  7550  7550 D skia    : HME SkHmeDecFunction1 constructor ok
04-03 03:02:07.428  7550  7550 D HiTraceC: entered HiTraceInit, Log Registered: 1
04-03 03:02:07.429  7550  7550 D AndroidRuntime: >>>>>> START com.android.internal.os.RuntimeInit uid 2000 <<<<<<
04-03 03:02:07.431  7550  7550 W app_process: [MemLeak.JavaTrack]: failed to dlopen libmemleak_tracker.so
04-03 03:02:07.432  7550  7550 E libc    : Access denied finding property "persist.device_config.runtime_native_boot.enable_apex_image"
04-03 03:02:07.432  7550  7550 I AndroidRuntime: Using default boot image
04-03 03:02:07.432  7550  7550 E libc    : Access denied finding property "persist.device_config.runtime_native_boot.disable_lock_profiling"
04-03 03:02:07.432  7550  7550 I AndroidRuntime: Leaving lock profiling enabled
04-03 03:02:07.432  7550  7550 E libc    : Access denied finding property "persist.device_config.runtime_native_boot.enable_generational_cc"
04-03 03:02:07.427  7550  7550 W app_process: type=1400 audit(0.0:410): avc: denied { read } for pid=7550 name="u:object_r:device_config_runtime_native_boot_prop:s0" dev="tmpfs" ino=2577 scontext=u:r:shell:s0 tcontext=u:object_r:device_config_runtime_native_boot_prop:s0 tclass=file permissive=0
04-03 03:02:07.427  7550  7550 I chatty  : uid=2000(shell) app_process identical 1 line
04-03 03:02:07.427  7550  7550 W app_process: type=1400 audit(0.0:412): avc: denied { read } for pid=7550 name="u:object_r:device_config_runtime_native_boot_prop:s0" dev="tmpfs" ino=2577 scontext=u:r:shell:s0 tcontext=u:object_r:device_config_runtime_native_boot_prop:s0 tclass=file permissive=0
04-03 03:02:07.434  7550  7550 I         : HwCustType is 0
04-03 03:02:07.434  7550  7550 E         : open file error
04-03 03:02:07.434  7550  7550 I         : no cota live update cust policy found
04-03 03:02:07.434  7550  7550 I         : GetCfgDirRealPolicyValue: custPolicyDirs: /system/emui/base:/system/emui/oversea:/vendor/etc:/odm/etc:/odm/hw_odm/ELS-N29:/hw_product/etc:/hw_product/region_comm/oversea:/preas/oversea:/hw_product/hw_oem/ELS-N29:/preload/ELS-N29/hw/eu:/cust/global:/cust/hw/eu:/hw_product/special_cust/ELS-N29/hw/eu:/cust/cotalite:/cust/ecota
04-03 03:02:07.484  7550  7550 W app_process: DexFile /system/emui/base/jar/Mdm/hw_mdm_framework.jar is in boot class path but is not in a known location
04-03 03:02:07.501  7550  7550 D ICU     : Time zone APEX file found: /apex/com.android.tzdata/etc/icu/icu_tzdata.dat
04-03 03:02:07.507  7550  7550 I app_process: The ClassLoaderContext is a special shared library.
04-03 03:02:07.507  7550  7550 I app_process: Reinit property: dalvik.vm.checkjni= false
04-03 03:02:07.507  7550  7550 I app_process: ReInitProperties: persist.vm.debug.dumpapi= false
04-03 03:02:07.511  7550  7550 W app_process: Qarth read proc_cmdline fail.
04-03 03:02:07.511  7550  7550 I app_process: Qarth function Enabled: 1
04-03 03:02:07.513  7550  7550 I HwPartBasicPlatformFactory: add android.common.HwPartBasicPlatformFactoryImpl to memory.
04-03 03:02:07.516  7550  7550 I HWSERVICES: hwnative_get_component_register:libdrmbitmap,JNI
04-03 03:02:07.520  7550  7550 V HwFrameworkFactory: successes to get AllImpl object and return....
04-03 03:02:07.520  7550  7550 E Zygote  : register_com_android_internal_os_Zygote num = 0
04-03 03:02:07.521  7550  7550 I         : power log dlsym ok
04-03 03:02:07.522  7550  7550 E libc    : Access denied finding property "ro.config.vol_steps"
04-03 03:02:07.519  7550  7550 W main    : type=1400 audit(0.0:413): avc: denied { read } for pid=7550 name="u:object_r:huawei_audio_public_read_prop:s0" dev="tmpfs" ino=2647 scontext=u:r:shell:s0 tcontext=u:object_r:huawei_audio_public_read_prop:s0 tclass=file permissive=0
04-03 03:02:07.522  7550  7550 W app_process: JNI RegisterNativeMethods: attempt to register 0 native methods for android.media.AudioAttributes
04-03 03:02:07.527  7550  7550 D AndroidRuntime: Calling main entry com.android.commands.input.Input
04-03 03:02:07.532  1696  1949 W ServiceManager: Permission failure: com.huawei.permission.MONITOR_POINTER_EVENT from uid=10053 pid=2467
04-03 03:02:07.532  1696  1949 D PermissionCache: checking com.huawei.permission.MONITOR_POINTER_EVENT for uid=10053 => denied (323 us)
04-03 03:02:07.532  1696  1949 I InputDispatcher: stylus touch down, set lcd event 1
04-03 03:02:07.533  1696  1949 I chatty  : uid=1000(system) InputDispatcher identical 1 line
04-03 03:02:07.533  1696  1949 I InputDispatcher: stylus touch down, set lcd event 1
04-03 03:02:07.534  1696  1718 I NavigationBarPolicy: pointY:0.0realSize.y:2640HIT_REGION_TO_MAX:37
04-03 03:02:07.534  2467  2467 I HwPanelWakeUpControl: isTouchInWakeNotificationPanel: false, isTouchInWakeControlCentorPanel: false
04-03 03:02:07.535  1696  1753 I PowerManagerService: handleSandman: wakefulness: 1,startDreaming: false
04-03 03:02:07.535  2467  2467 I PanelViewPager: onInterceptTouchEvent action = 0, mTouchState=0
04-03 03:02:07.535  2467  2467 I PanelViewPager: isAllowBlockEvent isFinishGuide: true, isAboveStatusBar: true, isQsDisabled: false
04-03 03:02:07.535  2467  2467 I PanelViewPager: is allow block event:false
04-03 03:02:07.536  2467  2467 I HwCtrlCtr: ControlCenterImpl: notifyTouchEvent in, event: MotionEvent { action=ACTION_DOWN, actionButton=0, id[0]=0, x[0]=1050.0, y[0]=0.0, toolType[0]=TOOL_TYPE_UNKNOWN, buttonState=0, classification=NONE, metaState=0, flags=0x0, edgeFlags=0x0, pointerCount=1, historySize=0, eventTime=70986, downTime=70986, deviceId=1, source=0x1002, displayId=0 }
04-03 03:02:07.537  2467  2467 I HwCtrlCtr: ControlCenterImpl: handleActionStart is effect: true
