07-29 15:41:36.191  4957  5718 D RadioEvent: onCellInfoChanged slotId=0
07-29 15:41:36.193  4957  5718 D RadioEvent: onCellInfoChanged slotId=0
07-29 15:41:36.193  5039  5064 I QImsService: ImsRadioIndicationAidl : onServiceDomainChanged()[SUB0]
07-29 15:41:36.193  5121  5121 D QtiCellularNetwork: handleNr5gFreqTypeChanged 0, nr5gFreqType = 0
07-29 15:41:36.193  5039  5064 I QImsService: ImsSenderRxr : [UNSL]< UNSOL_SERVICE_DOMAIN_CHANGED 0[SUB0]
07-29 15:41:36.194  5039  5039 I QImsService: ImsRegistrationController : Message received: what = 5
07-29 15:41:36.194  5039  5039 I QImsService: ImsRegistrationController : handleSrvDomainChanged
07-29 15:41:36.195  4938  4959 D QtiOemHookAidl: oemHookRawIndication length=21
07-29 15:41:36.195  4938  4938 D QcrilMsgTunnelIfaceManager: handleMessage what = 0
07-29 15:41:36.196  5081  6027 D IWlanJni: getDataRegistrationState start
07-29 15:41:36.197  4869  4869 D QC_RIL_OEM_HOOK: Received Broadcast Intent ACTION_UNSOL_RESPONSE_OEM_HOOK_RAW
07-29 15:41:36.197  4869  4869 D QC_RIL_OEM_HOOK: Received Broadcast Intent ACTION_UNSOL_RESPONSE_OEM_HOOK_RAW
07-29 15:41:36.197  5081  6132 D IWlanJni: new aidl event arrived
07-29 15:41:36.197  5081  6132 D IWlanJni: handleEvent 10
07-29 15:41:36.197  5081  6132 D IWlanJni: isThreadAttached start
07-29 15:41:36.197  5081  6132 D IWlanJni: jni detached
07-29 15:41:36.197  5081  6132 D IWlanJni: jni attached
07-29 15:41:36.197  4869  4869 D QC_RIL_OEM_HOOK: Received Broadcast Intent ACTION_UNSOL_RESPONSE_OEM_HOOK_RAW
07-29 15:41:36.197  5081  6132 D IWlanJni: getDataRegistrationStateResponse start
07-29 15:41:36.197  5081  6132 D IWlanJni: getJavaCallbackClass start
07-29 15:41:36.197  4938  4938 D QC_RIL_OEM_HOOK: Received Broadcast Intent ACTION_UNSOL_RESPONSE_OEM_HOOK_RAW
07-29 15:41:36.197  5081  6132 D IWlanJni: getJavaCallbackClass End midIs[1]
07-29 15:41:36.197  5081  6132 I IWlanAidlClient: getDataRegistrationStateResponse called
07-29 15:41:36.197  5081  6128 W IWlanNetworkService: 14 > Response Processed
07-29 15:41:36.200  4869  4869 D OplusTelephonyController: onSignalStrengthChanged: SignalStrength=SignalStrength:{mCdma=CellSignalStrengthCdma: cdmaDbm=2147483647 cdmaEcio=2147483647 evdoDbm=2147483647 evdoEcio=2147483647 evdoSnr=2147483647 level=0,mGsm=CellSignalStrengthGsm: rssi=2147483647 ber=2147483647 mTa=2147483647 mLevel=0,mWcdma=CellSignalStrengthWcdma: ss=2147483647 ber=2147483647 rscp=2147483647 ecno=2147483647 level=0,mTdscdma=CellSignalStrengthTdscdma: rssi=2147483647 ber=2147483647 rscp=2147483647 level=0,mLte=CellSignalStrengthLte: rssi=2147483647 rsrp=2147483647 rsrq=2147483647 rssnr=2147483647 cqiTableIndex=2147483647 cqi=2147483647 ta=2147483647 level=0 parametersUseForLevel=0,mNr=CellSignalStrengthNr:{ csiRsrp = 2147483647 csiRsrq = 2147483647 csiCqiTableIndex = 2147483647 csiCqiReport = [] ssRsrp = 2147483647 ssRsrq = 2147483647 ssSinr = 2147483647 level = 0 parametersUseForLevel = 0 timingAdvance = 2147483647 },primary=CellSignalStrengthLte}
07-29 15:41:36.201  2012  2070 D BatteryChargeControl: bcc get no support from charging protocol
07-29 15:41:36.201  5121  5121 D SubsysEventListenerManager-SubsysTelephonyCallback[0]: onSignalStrengthsChanged
07-29 15:41:36.202  5081  6027 D IWlanJni: getDataRegistrationState start
07-29 15:41:36.202  5081  6132 D IWlanJni: new aidl event arrived
07-29 15:41:36.202  5081  6132 D IWlanJni: handleEvent 10
07-29 15:41:36.202  5081  6132 D IWlanJni: isThreadAttached start
07-29 15:41:36.202  5081  6132 D IWlanJni: jni detached
07-29 15:41:36.202  5081  6132 D IWlanJni: jni attached
07-29 15:41:36.202  5081  6132 D IWlanJni: getDataRegistrationStateResponse start
07-29 15:41:36.202  5081  6132 D IWlanJni: getJavaCallbackClass start
07-29 15:41:36.202  5081  6132 D IWlanJni: getJavaCallbackClass End midIs[1]
07-29 15:41:36.202  5081  6132 I IWlanAidlClient: getDataRegistrationStateResponse called
07-29 15:41:36.202  5081  6128 W IWlanNetworkService: 15 > Response Processed
07-29 15:41:36.204  3346  5364 W BestClock: java.time.DateTimeException: Missing network time fix
07-29 15:41:36.205  3346  5201 W BestClock: java.time.DateTimeException: Missing network time fix
07-29 15:41:36.206  4789  5971 V OplusCustomizeCacheManager: queryCache name: sys.cache.common_customize_cache18014 param: null
07-29 15:41:36.206  4789  5971 V OplusCustomizeCacheManager: queryCache name: sys.cache.common_customize_cache18017 param: Bundle[{SETTING=BLOCK, BUSINESS=NCT-DATA}]
07-29 15:41:36.206  4789  5971 V OplusCustomizeCacheManager: queryCache name: sys.cache.common_customize_cache18013 param: null
07-29 15:41:36.207  4869  4869 W Settings: Setting airplane_mode_on has moved from android.provider.Settings.System to android.provider.Settings.Global, returning read-only value.
07-29 15:41:36.207  4957  5722 D NAS-CallIssueDetector: onPollCsPsRegStateChanged slotid = 0
07-29 15:41:36.207  4957  5722 D NAS-CallIssueDetector: notifyRealOosChanged
07-29 15:41:36.207  4957  5722 D OplusCiwlanController: [vodata] getSubId subid =  1
07-29 15:41:36.208  4957  5724 W BluetoothAdapterExtImpl: getBluetoothConnectionCountï¼šmOplusBluetooth null!
07-29 15:41:36.208  3346  3346 D OplusWifiBroadCastDispatcher: mBroadcastReceiver: onReceiver  action=oplus.intent.action.MCC_CHANGE
07-29 15:41:36.208  4957  5722 D OplusCiwlanController: [vodata] processOosChanged  phoneid = 0,cur regstate = 1,old regstate = -1
07-29 15:41:36.208  4957  5722 D OplusCiwlanController: [vodata] getSubId subid =  -1
07-29 15:41:36.208  4957  5722 D OplusCiwlanController: [vodata] processOosChanged  phoneid = 1,cur regstate = 1,old regstate = -1
07-29 15:41:36.208  4606  4738 D CNGmsControlService: receive:oplus.intent.action.MCC_CHANGE
07-29 15:41:36.208  4957  5724 D TelephonyImpl: isRequestingMms
07-29 15:41:36.208  4957  5724 D TelephonyImpl: getReleaseMmsNetworkTime
07-29 15:41:36.209  4957  5724 D OplusDdsSwitchStrategy: Md,OplusCheckFeature,RETURN_TO_CUR_ACTION_DDS
07-29 15:41:36.209  7504  7504 I 7504PAS.MccChangeReceiver_Travel: onReceive
07-29 15:41:36.210  4606  4738 D CNGmsControlService: mcc1=001 mcc2=null GmsState=2 TagWhitelistApp=true UserDisableCount=0 SettingsGmsState=1
07-29 15:41:36.211  7504  8216 D NetWorkMonitor: addNetStateListener :true
07-29 15:41:36.211  3346  5364 D ConnectivityService: requestNetwork for uid/pid:10137/7504 activeRequest: null callbackRequest: 281 [NetworkRequest [ REQUEST id=282, [ Capabilities: INTERNET&NOT_RESTRICTED&TRUSTED&NOT_VCN_MANAGED&NOT_BANDWIDTH_CONSTRAINED Uid: 10137 RequestorUid: 10137 RequestorPkg: com.coloros.sceneservice UnderlyingNetworks: Null] ]] callback flags: 0 order: 2147483647 isUidTracked: false
07-29 15:41:36.211  7504  8216 D NetWorkMonitor: resume registerNetworkCallback
07-29 15:41:36.212  3346  4437 D WifiNetworkFactory: got request NetworkRequest [ REQUEST id=282, [ Capabilities: INTERNET&NOT_RESTRICTED&TRUSTED&NOT_VCN_MANAGED&NOT_BANDWIDTH_CONSTRAINED Uid: 10137 RequestorUid: 10137 RequestorPkg: com.coloros.sceneservice UnderlyingNetworks: Null] ]
07-29 15:41:36.212  4869  6285 D OplusNetworkFactory: got request NetworkRequest [ REQUEST id=282, [ Capabilities: INTERNET&NOT_RESTRICTED&TRUSTED&NOT_VCN_MANAGED&NOT_BANDWIDTH_CONSTRAINED Uid: 10137 RequestorUid: 10137 RequestorPkg: com.coloros.sceneservice UnderlyingNetworks: Null] ]
07-29 15:41:36.212  3346  4437 D UntrustedWifiNetworkFactory: got request NetworkRequest [ REQUEST id=282, [ Capabilities: INTERNET&NOT_RESTRICTED&TRUSTED&NOT_VCN_MANAGED&NOT_BANDWIDTH_CONSTRAINED Uid: 10137 RequestorUid: 10137 RequestorPkg: com.coloros.sceneservice UnderlyingNetworks: Null] ]
07-29 15:41:36.212  3346  4437 D OemPaidWifiNetworkFactory: got request NetworkRequest [ REQUEST id=282, [ Capabilities: INTERNET&NOT_RESTRICTED&TRUSTED&NOT_VCN_MANAGED&NOT_BANDWIDTH_CONSTRAINED Uid: 10137 RequestorUid: 10137 RequestorPkg: com.coloros.sceneservice UnderlyingNetworks: Null] ]
07-29 15:41:36.212  3346  4437 D MultiInternetWifiNetworkFactory: got request NetworkRequest [ REQUEST id=282, [ Capabilities: INTERNET&NOT_RESTRICTED&TRUSTED&NOT_VCN_MANAGED&NOT_BANDWIDTH_CONSTRAINED Uid: 10137 RequestorUid: 10137 RequestorPkg: com.coloros.sceneservice UnderlyingNetworks: Null] ]
07-29 15:41:36.213  3346  4447 D ConnectivityService: NetReassign [no changes] [c 0] [a 0] [i 1]
07-29 15:41:36.213  4789  5082 I SystemUi--QuickSettings: Tile.OplusCellularTile-->updateCarrierText: dialog not showing, ignore
07-29 15:41:36.213  4789  5082 D SimStateHelper: slot:0, lock state:Bundle[mParcelledData.dataSize=56]
07-29 15:41:36.213  4789  5082 D SimStateHelper: slot:1, lock state:Bundle[mParcelledData.dataSize=56]
07-29 15:41:36.213  4789  5082 D SimStateHelper: needDisableMenu: slot1State=-1; slot2State=-1
07-29 15:41:36.213  4789  5082 D SimStateHelper: needDisableMenu:false
07-29 15:41:36.215  4957  6274 W Binder  : Caught a RuntimeException from the binder stub implementation.
07-29 15:41:36.215  4957  6274 W Binder  : java.lang.NullPointerException: Attempt to invoke virtual method 'boolean android.net.Uri.equals(java.lang.Object)' on a null object reference
07-29 15:41:36.215  4957  6274 W Binder  : 	at xb.a$b.onChange(Unknown Source:16)
07-29 15:41:36.215  4957  6274 W Binder  : 	at android.database.ContentObserver.onChange(ContentObserver.java:184)
07-29 15:41:36.215  4957  6274 W Binder  : 	at android.database.ContentObserver.onChange(ContentObserver.java:202)
07-29 15:41:36.215  4957  6274 W Binder  : 	at android.database.ContentObserver.onChange(ContentObserver.java:224)
07-29 15:41:36.215  4957  6274 W Binder  : 	at android.database.ContentObserver.onChange(ContentObserver.java:236)
07-29 15:41:36.215  4957  6274 W Binder  : 	at android.database.ContentObserver.dispatchChange(ContentObserver.java:335)
07-29 15:41:36.215  4957  6274 W Binder  : 	at android.database.ContentObserver$Transport.onChangeEtc(ContentObserver.java:357)
07-29 15:41:36.215  4957  6274 W Binder  : 	at android.database.IContentObserver$Stub.onTransact(IContentObserver.java:120)
07-29 15:41:36.215  4957  6274 W Binder  : 	at android.os.Binder.execTransactInternal(Binder.java:1523)
07-29 15:41:36.215  4957  6274 W Binder  : 	at android.os.Binder.execTransact(Binder.java:1457)
07-29 15:41:36.217  3346  5364 W BestClock: java.time.DateTimeException: Missing network time fix
07-29 15:41:36.218  4869  4869 D ServiceStateProvider: subId=1
07-29 15:41:36.218  3346  5364 W BestClock: java.time.DateTimeException: Missing network time fix
07-29 15:41:36.219  4789  5971 V OplusCustomizeCacheManager: queryCache name: sys.cache.common_customize_cache18014 param: null
07-29 15:41:36.219  4789  5971 V OplusCustomizeCacheManager: queryCache name: sys.cache.common_customize_cache18017 param: Bundle[{SETTING=BLOCK, BUSINESS=NCT-DATA}]
07-29 15:41:36.219  4789  5971 V OplusCustomizeCacheManager: queryCache name: sys.cache.common_customize_cache18013 param: null
07-29 15:41:36.219  5039  5039 I QImsService: OplusPhoneStateTracker : onServiceStateChanged
07-29 15:41:36.220  5121  5121 D SubsysEventListenerManager-SubsysTelephonyCallback[0]: onServiceStateChanged
07-29 15:41:36.220  4957  5718 D T-Recommend: onPreHandleMessage 1000
07-29 15:41:36.220  5121  5121 D ChinaRoamingControl: registTelephonyEvent onServiceStateChanged eventId:5, VoiceRegState:1, DataRegState:1
07-29 15:41:36.220  5121  5121 D QuickChangeAirplaneModeEvent: onServiceStateChanged slotId:0
07-29 15:41:36.220  4957  5718 E CellularEvent: nri null ps
07-29 15:41:36.220  4957  5718 E CellularEvent: invalid nri
07-29 15:41:36.220  4957  5718 D T-Recommend: onPostHandleMessage 1000
07-29 15:41:36.220  5121  6046 D cellularState[0]: handleMessage: E msg.what=4
07-29 15:41:36.220  5121  5121 D QuickChangeAirplaneModeEvent: isBothCardInService is false
07-29 15:41:36.220  5121  6046 D cellularState[0]: processMsg: DataCallingState
07-29 15:41:36.220  5121  6046 D cellularState[0]: processMsg: NetworkAttachedState
07-29 15:41:36.220  5121  5121 D MsimSubModeManager: registTelephonyEvent onServiceStateChanged eventId:3, VoiceRegState:1, DataRegState:1
07-29 15:41:36.220  5121  5121 E ExtremeCommUtils: getSwitchRusSupportMcc invalid index 1
07-29 15:41:36.220  5121  5121 D ExtremeCommUtils: isSupporCheck rusContain:false,propContain(persist.sys.oplus.support_hyper_uplink_mcc):false
07-29 15:41:36.220  5121  5121 D ExtremeCommService: handleServiceStateChanged mcc is null
07-29 15:41:36.220  5121  5121 D ChinaRoamingControl: handleMessage what:5
07-29 15:41:36.220  5121  5121 D MsimSubModeManager: handleMessage what:3
07-29 15:41:36.220  5121  5121 D MsimSubModeManager: getMsimSimServiceIn() i:0,mServiceState:1
07-29 15:41:36.220  5121  5121 D MsimSubModeManager: getMsimSimServiceIn() i:1,mServiceState:1
07-29 15:41:36.220  5039  5039 I QImsService: OplusPhoneStateTracker : onServiceStateChanged
07-29 15:41:36.220  4957  5721 D OplusLinkBoostCommon: dds servicestate change
07-29 15:41:36.220  4957  5722 D NAS-CallIssueDetector: onServiceStateChanged
07-29 15:41:36.220  4957  5722 D OplusCiwlanController: [vodata] processServiceStateChanged  phoneid = 0, original roaming type = 0,roaming type = 0
07-29 15:41:36.220  4957  5722 D OplusCiwlanController: [vodata] processServiceStateChanged  phoneid = 1, original roaming type = 0,roaming type = 0
07-29 15:41:36.220  5121  6046 D cellularState[0]: processMsg: SimReadyState
07-29 15:41:36.221  5121  6046 D cellularState[0]: processMsg: DefaultState
07-29 15:41:36.221  5121  6046 E cellularState[0]:  - unhandledMessage: msg.what=4
07-29 15:41:36.221  5121  6046 D cellularState[0]: handleMessage: X
07-29 15:41:36.221  4957  5727 D OplusSubWaySlowRecovery: getPreferSubId return 1
07-29 15:41:36.221  4957  5727 D SaDataFailRecovery/0: current is not in service,reset alarm
07-29 15:41:36.221  4957  5727 D OplusScanQrCodeRecoveryImpl: msg.what=3
07-29 15:41:36.221  3346  4791 W ContextImpl: Calling a method in the system process without a qualified user: android.app.ContextImpl.sendBroadcastMultiplePermissions:1311 android.content.Context.sendBroadcastMultiplePermissions:2524 com.android.server.TelephonyRegistry.broadcastServiceStateChanged:3740 com.android.server.TelephonyRegistry.notifyServiceStateForPhoneId:1787 com.android.internal.telephony.ITelephonyRegistry$Stub.onTransact:546 
07-29 15:41:36.222  3346  4791 W ContextImpl: Calling a method in the system process without a qualified user: android.app.ContextImpl.sendBroadcastMultiplePermissions:1344 com.android.server.TelephonyRegistry.broadcastServiceStateChanged:3745 com.android.server.TelephonyRegistry.notifyServiceStateForPhoneId:1787 com.android.internal.telephony.ITelephonyRegistry$Stub.onTransact:546 android.os.Binder.execTransactInternal:1523 
07-29 15:41:36.222  6604  6649 I midasd  : OplusObrainService::notifyEventInt eventId:38 iParam:20
07-29 15:41:36.222  1718  1718 D Zygote  : Forked child process 13163
07-29 15:41:36.223  5121  5121 D SubsysEventListenerManager-SubsysTelephonyCallback[0]: onCellLocationChanged
07-29 15:41:36.223  7666 10183 I OplusObrain: OplusObrainClientInvoke.nativeGetTelephonyInfo
07-29 15:41:36.223  5121  5121 D SubsysEventListenerManager-SubsysTelephonyCallback[0]: onDisplayInfoChanged
07-29 15:41:36.223  5121  5121 D SceneService: onDisplayInfoChanged slotId:0,telephonyDisplayInfo:TelephonyDisplayInfo {network=NR, overrideNetwork=NONE, isRoaming=false}
07-29 15:41:36.223  4789  5245 I SystemUi--Statusbar: MobileConnectionRepositoryImpl-->subId:1 isSoftSimCard:false slotId:0
07-29 15:41:36.224  7666 10130 I OplusObrain: OplusObrainClientInvoke.nativeGetTrafficTypeInfoForNetworkType networkType 0
07-29 15:41:36.224  3346  5367 D KernelStatsHelper: getKernelStats start!
07-29 15:41:36.224  3346  4791 W ContextImpl: Calling a method in the system process without a qualified user: android.app.ContextImpl.sendBroadcastMultiplePermissions:1344 com.android.server.TelephonyRegistry.broadcastServiceStateChanged:3754 com.android.server.TelephonyRegistry.notifyServiceStateForPhoneId:1787 com.android.internal.telephony.ITelephonyRegistry$Stub.onTransact:546 android.os.Binder.execTransactInternal:1523 
07-29 15:41:36.224  3346  4791 W ContextImpl: Calling a method in the system process without a qualified user: android.app.ContextImpl.sendBroadcastMultiplePermissions:1344 com.android.server.TelephonyRegistry.broadcastServiceStateChanged:3760 com.android.server.TelephonyRegistry.notifyServiceStateForPhoneId:1787 com.android.internal.telephony.ITelephonyRegistry$Stub.onTransact:546 android.os.Binder.execTransactInternal:1523 
07-29 15:41:36.225  4789  4789 I KeyguardUpdateMonitor: action=android.intent.action.SERVICE_STATE subId=1 slotId=0
07-29 15:41:36.225  4869  6173 E PhoneInterfaceManager: getServiceStateForSlot retuning null for invalid slotIndex=-1
07-29 15:41:36.225  4789  4789 I SystemUi--Statusbar: OplusMobileIconInteractorImpl-->oplusIMSModel slot:0: CapabilityTypeModel(isVolteSwitchOn=true, isWfcEnabledByUser=true, imsRegistered=false, voiceCapable=false, videoCapable=false, registerTech=-1, isCrossSimCallingEnabledByUser=false, hasHideVolteOperator=false), SimStateModel(simInserted=[true, false], simForbidden=[false, true], simStateIMSI=[true, false], simLoaded=[true, false]),oplusNetworkTypeNr:20,isVoNrEnabled:false
07-29 15:41:36.225  3346  5364 W BestClock: java.time.DateTimeException: Missing network time fix
07-29 15:41:36.225  4869  4869 D MultiSimSettingController: notifySubscriptionInfoChanged
07-29 15:41:36.225  3346  4526 D OplusNetlinkSocket: handleNetlinkRecvKernelMessage:nlmsghdr:StructNlMsgHdr{ nlmsg_len{40}, nlmsg_type{46()}, nlmsg_flags{0()}, nlmsg_seq{0}, nlmsg_pid{219287982} }
07-29 15:41:36.225  3346  4526 D KernelStatsHelper: get magic :[-1, -1, -1, 77, 65, 71, 73, 67]
07-29 15:41:36.225  3346  4526 D KernelStatsHelper: magic matched count:0 data_len:0
07-29 15:41:36.225  3346  4526 D KernelStatsHelper: data over! check: true
07-29 15:41:36.225  3346  3346 I AS.AudioService: onSubscriptionsChanged()
07-29 15:41:36.226  5607  5607 D CellBroadcastReceiver: onReceive Intent { act=android.intent.action.SERVICE_STATE flg=0x1000010 cmp=com.android.cellbroadcastreceiver.module/com.android.cellbroadcastreceiver.CellBroadcastReceiver (has extras) }
07-29 15:41:36.226  5607  5607 D CellBroadcastReceiver: onServiceStateChanged, ss: 1
07-29 15:41:36.226  5607  5607 D CellBroadcastReceiver: networkOperator: 
07-29 15:41:36.226  3346  4435 V NetworkPolicy: onSubscriptionsChanged
07-29 15:41:36.227  4789  5245 I SystemUi--Statusbar: MobileInputLog-->onSubscriptionsChanged
07-29 15:41:36.227  3346  3633 I ActivityManager: Start proc 13163:com.oplus.wirelesssettings:tzupdate/1000 for broadcast {com.oplus.wirelesssettings/com.oplus.tzupdate.timezone.MccChangeReceiver}
07-29 15:41:36.227  7544  9154 E Battery : ControllerCenter: onReceiver: mSubscriptionManager is null || mIsNeedRestoreMobile = false
07-29 15:41:36.227  5081  5081 D QCNEJ/WwanInfoRelay: onSubscriptionsChanged currDDSId: 1 new DDS 1
07-29 15:41:36.228  4869  4869 I Telephony: y0: onServiceStateChanged: newState=1, mServiceState=1
07-29 15:41:36.227  4957  5718 D CellularEvent: handleSubscriptionsChanged: slotId=0
07-29 15:41:36.228  4957  5718 D CellularEvent: onImsRegistrationStateChanged, slotId=0state:false
07-29 15:41:36.228  4957  5503 D NAS-CellularEvent: handleSubscriptionsChanged: slotId=0
07-29 15:41:36.228  4869  4869 I Telephony: isRttCurrentlySupported -- regular acct, hasVoiceAvailability: false
07-29 15:41:36.228  4869  4869 I Telephony:  isRttSupported: false
07-29 15:41:36.228  4869  4869 I Telephony:  isUserRttSettingOn: false
07-29 15:41:36.228  4869  4869 I Telephony:  alwaysAllowWhileRoaming: false
07-29 15:41:36.228  4869  4869 I Telephony:  isRoaming: false
07-29 15:41:36.228  4869  4869 I Telephony:  isOnWfc: false
07-29 15:41:36.228  4789  5245 I SystemUi--Statusbar: MobileConnectionRepositoryImpl-->subId:1 isSoftSimCard:false slotId:0
07-29 15:41:36.228  3346  4156 I MemoryOperationUtils: add 13163 to inactive
07-29 15:41:36.228  4789  5245 I SystemUi--Statusbar: MobileConnectionRepositoryImpl-->subId:1 isSoftSimCard:false slotId:0
07-29 15:41:36.228  4789  4789 I SystemUi--Statusbar: OplusMobileIconInteractorImpl-->oplusIMSModel slot:0: CapabilityTypeModel(isVolteSwitchOn=true, isWfcEnabledByUser=true, imsRegistered=false, voiceCapable=false, videoCapable=false, registerTech=-1, isCrossSimCallingEnabledByUser=false, hasHideVolteOperator=false), SimStateModel(simInserted=[true, false], simForbidden=[false, true], simStateIMSI=[true, false], simLoaded=[true, false]),oplusNetworkTypeNr:20,isVoNrEnabled:false
07-29 15:41:36.229  4789  6097 I SystemUi--Statusbar: OplusMobileConnectionRepository1-->stopListenImsStatusChanged
07-29 15:41:36.229  5081  5081 D QCNEJ/DataCallAgent: onSubscriptionsChanged: new DDS 1
07-29 15:41:36.229  5039  5039 I QImsService: OplusPhoneStateTracker : onSubscriptionsChanged Last subId: 1 Current subId 1
07-29 15:41:36.229  4789  6097 I SystemUi--Statusbar: OplusMobileConnectionRepository1-->phoneId: 0, conflatedCallbackFlow init
07-29 15:41:36.229  4789  6097 I SystemUi--Statusbar: OplusMobileConnectionRepository1-->startListenImsStatusChanged
07-29 15:41:36.229  5039  5039 E QImsService: ImsConfigImpl : onSubscriptionsChanged unable to process due to SubscriptionInfo is null
07-29 15:41:36.229  5039  5039 I QImsService: OplusPhoneStateTracker : onSubscriptionsChanged Last subId: -1 Current subId -1
07-29 15:41:36.229  4957  5503 D NAS-CellularEvent: onImsRegistrationStateChanged, slotId=0state:false
07-29 15:41:36.229  5081  7260 D QCNEJ/DataCallAgent: phoneCount: 2
07-29 15:41:36.229  5081  7260 D QCNEJ/DataCallAgent: subs for 0th slot: [1]
07-29 15:41:36.230  2002  2002 D SensorFeature: name=ssc_screenshot_info ,index = 22
07-29 15:41:36.230  2002  2002 D SensorFeature: write 29 bytes:59811122059,59819455392,163,0
07-29 15:41:36.230  7185  7459 D OsAgentAidlClient: [string_dataitem_update][1584] [HC] =>> [HS]
07-29 15:41:36.231  4869  4869 V OplusCustomizeCacheManager: queryCache name: sys.cache.common_customize_cache18016 param: null
07-29 15:41:36.231  4869  4869 V OplusCustomizeCacheManager: queryCache name: sys.cache.common_customize_cache18013 param: null
07-29 15:41:36.231  4869  4869 V OplusCustomizeCacheManager: queryCache name: sys.cache.common_customize_cache18014 param: null
07-29 15:41:36.232  4869  4869 V OplusCustomizeCacheManager: queryCache name: sys.cache.common_customize_cache18017 param: Bundle[{SETTING=BLOCK, BUSINESS=NCT-DATA}]
07-29 15:41:36.232  4869  4869 V OplusCustomizeCacheManager: queryCache name: sys.cache.common_customize_cache18016 param: null
07-29 15:41:36.232  4869  4869 V OplusCustomizeCacheManager: queryCache name: sys.cache.common_customize_cache18013 param: null
07-29 15:41:36.232  4869  4869 V OplusCustomizeCacheManager: queryCache name: sys.cache.common_customize_cache18014 param: null
07-29 15:41:36.232  4869  4869 V OplusCustomizeCacheManager: queryCache name: sys.cache.common_customize_cache18017 param: Bundle[{SETTING=BLOCK, BUSINESS=NCT-DATA}]
07-29 15:41:36.232  4869  4869 D MultiSimSettingController: onSubscriptionsChanged
07-29 15:41:36.232  4869  4869 D MultiSimSettingController: isReadyToReevaluate: subInfoInitialized=true, carrierConfigsLoaded=true, satelliteEnabledOrBeingEnabled=false
07-29 15:41:36.232  4869  4869 D MultiSimSettingController: updateDefaults
07-29 15:41:36.232  4869  4869 D MultiSimSettingController: isReadyToReevaluate: subInfoInitialized=true, carrierConfigsLoaded=true, satelliteEnabledOrBeingEnabled=false
07-29 15:41:36.232  4869  4869 D MultiSimSettingController: updateDefaultValues: change: 0
07-29 15:41:36.232  4869  4869 D MultiSimSettingController: disableDataForNonDefaultNonOpportunisticSubscriptions triggered, return directly
07-29 15:41:36.233  4869  4869 D CallNotifier: updatePhoneStateListeners: update CF notifications.
07-29 15:41:36.233  4789  5082 I SystemUi--QuickSettings: Tile.OplusCellularTile-->updateCarrierText: dialog not showing, ignore
07-29 15:41:36.233  4869  4869 D ImsResolver: oldSubId: 1, newSubId: 1
07-29 15:41:36.233  4869  4869 D ImsResolver: oldSubId: -1, newSubId: -1
07-29 15:41:36.233  4869  4869 I Telephony: TelecomAccountRegistry: onSubscriptionsChanged - reregister accounts
07-29 15:41:36.233  4789  4789 I KeyguardUpdateMonitor: refreshSimState, changed:false,subId:1,slotId:0,state:5
07-29 15:41:36.233  4869  4869 D PhoneUtils: PhoneAccountHandle subId=1, slotId=0
07-29 15:41:36.233  4789  5082 D SimStateHelper: slot:0, lock state:Bundle[mParcelledData.dataSize=56]
07-29 15:41:36.233  4957  5721 W BestClock: java.time.DateTimeException: Missing network time fix
07-29 15:41:36.233  4789  5082 D SimStateHelper: slot:1, lock state:Bundle[mParcelledData.dataSize=56]
07-29 15:41:36.233  6565  7427 D OplusAtlasAudioDetectionManager: MSG_CALL_STATE_CHANGED
07-29 15:41:36.233  6565  7427 D OplusAtlasAudioDetectionManager: callStateChanged state: 0, len: 0
07-29 15:41:36.233  4789  5082 D SimStateHelper: needDisableMenu: slot1State=-1; slot2State=-1
07-29 15:41:36.233  4789  5082 D SimStateHelper: needDisableMenu:false
07-29 15:41:36.233  4789  5082 I SystemUi--QuickSettings: Tile.OplusCellularTile-->updateCarrierText: dialog not showing, ignore
07-29 15:41:36.233  4789  6097 I SystemUi--Statusbar: OplusMobileConnectionRepository1-->onImsStatusChanged model: CapabilityTypeModel(isVolteSwitchOn=true, isWfcEnabledByUser=true, imsRegistered=false, voiceCapable=false, videoCapable=false, registerTech=-1, isCrossSimCallingEnabledByUser=false, hasHideVolteOperator=false)
07-29 15:41:36.233  4957  5721 V MonthTrafficAlert: getWarningNotification subId:1 numWarningNotificaion:0
07-29 15:41:36.233  4869  4869 D Telephony: registerPstnPhoneAccount line1Number =  subNumber = 
07-29 15:41:36.233  4869  4869 D Telephony: color is transparent asign default instead -15502541
07-29 15:41:36.233  4789  5082 D SimStateHelper: slot:0, lock state:Bundle[mParcelledData.dataSize=56]
07-29 15:41:36.233  4789  5082 D SimStateHelper: slot:1, lock state:Bundle[mParcelledData.dataSize=56]
07-29 15:41:36.233  4789  5082 D SimStateHelper: needDisableMenu: slot1State=-1; slot2State=-1
07-29 15:41:36.233  4789  5082 D SimStateHelper: needDisableMenu:false
07-29 15:41:36.233  4869  4869 D Telephony: isEmergencyPreferredAccount: subId=1, activeData=1
07-29 15:41:36.234  4869  4869 D Telephony: isEmergencyPreferredAccount: Device does not require preference.
07-29 15:41:36.234  4869  4869 I Telephony: isRttCurrentlySupported -- regular acct, hasVoiceAvailability: false
07-29 15:41:36.234  4869  4869 I Telephony:  isRttSupported: false
07-29 15:41:36.234  4869  4869 I Telephony:  isUserRttSettingOn: false
07-29 15:41:36.234  4869  4869 I Telephony:  alwaysAllowWhileRoaming: false
07-29 15:41:36.234  4869  4869 I Telephony:  isRoaming: false
07-29 15:41:36.234  4869  4869 I Telephony:  isOnWfc: false
07-29 15:41:36.234  4869  4869 D Telephony: x0: buildPstnPhoneAccount, phoneId: 0, mIsVideoCapable: false, 
07-29 15:41:36.234  4869  4869 D OplusSesImsManagerExt: feature:0, phoneId:0
07-29 15:41:36.234  4869  4869 D OplusSesImsManagerExt: getSubIdUsingPhoneId:1, phoneId:0
07-29 15:41:36.234  4869  4869 D OplusSesImsManagerExt: isEntitlementEnabled:false
07-29 15:41:36.234  4869  4869 D OplusSesImsManagerExt: isFeatureProvisionedOnDevice not enabled
07-29 15:41:36.234  4869  4869 D Telephony: registerPstnPhoneAccount mIsVideoCapable = false
07-29 15:41:36.234  4869  4869 W libc    : Access denied finding property "persist.vendor.mtk_uce_support"
07-29 15:41:36.234  4869  4869 I Telephony: isCarrierVideoPresenceSupported, false, false, false, false
07-29 15:41:36.234 13163 13163 I ttings:tzupdate: isSwordfishLaunchAppEnabled_ 1 isSwordfishInstallAppEnabled_ 1
07-29 15:41:36.234 13163 13163 E ttings:tzupdate: Unknown bits set in runtime_flags: 0x40000000
07-29 15:41:36.234 13163 13163 I ttings:tzupdate: Using CollectorTypeCMC GC.
07-29 15:41:36.235  4869  4869 I Telephony: reRegisterPstnPhoneAccount: subId: 1 - no change
07-29 15:41:36.235  4869  4869 D InternationalRoamingNotification: init
07-29 15:41:36.235  5121  5160 D VirtualCommService2: isSupport. true, true
07-29 15:41:36.235  4869  4869 D OplusVirtualCommUtils: isVirtualCommSupport, vRet: true
07-29 15:41:36.235  4869  4869 I OplusVirtualCommUtils: getVirtualCommDeviceType, vRet: 1
07-29 15:41:36.235  4869  4869 I OplusVirtualCommUtils: isConsumerDeviceType, deviceType: 1
07-29 15:41:36.235  4869  4869 D InternationalRoamingNotification: do not createRoamingNotification for invalid Network
07-29 15:41:36.236  4869  4869 V OplusCustomizeCacheManager: queryCache name: sys.cache.common_customize_cache18016 param: null
07-29 15:41:36.236  4869  4869 V OplusCustomizeCacheManager: queryCache name: sys.cache.common_customize_cache18013 param: null
07-29 15:41:36.236  4869  4869 V OplusCustomizeCacheManager: queryCache name: sys.cache.common_customize_cache18014 param: null
07-29 15:41:36.236  4869  4869 V OplusCustomizeCacheManager: queryCache name: sys.cache.common_customize_cache18017 param: Bundle[{SETTING=BLOCK, BUSINESS=NCT-DATA}]
07-29 15:41:36.236 13163 13163 E ttings:tzupdate: Not starting debugger since process cannot load the jdwp agent.
07-29 15:41:36.236  4869  4869 V SimultaneousCallingTracker: Received EVENT 101
07-29 15:41:36.236  4869  4869 V SimultaneousCallingTracker: generateVoiceCapablePhoneMapBasedOnUserAssociation: adding phoneId = 0
07-29 15:41:36.236  4869  4869 I SimultaneousCallingTracker: updatePhoneMapAndSimultaneousCallSupportMap: mVoiceCapablePhoneMap.size = 1
07-29 15:41:36.236  4869  4869 V SimultaneousCallingTracker: registerForImsRegistrationChanges: registering phoneId = 0
07-29 15:41:36.236  4869  4869 V SimultaneousCallingTracker: generateSimultaneousCallSupportMap: returning simultaneousCallSubSupportMap = Phone ID=0 - Simultaneous calling compatible phone IDs=[]; 
07-29 15:41:36.236  4869  4869 V SimultaneousCallingTracker: handleSimultaneousCallingSupportChanged
07-29 15:41:36.236  3346  5201 W ContentService: Observer is already registered. Pid is 4869
07-29 15:41:36.236  5081  7260 D QCNEJ/DataCallAgent: mSubInfoReady[0] is set to true
07-29 15:41:36.236  5081  7260 D QCNEJ/DataCallAgent: subs for 1th slot: [-1]
07-29 15:41:36.237 13163 13163 D nativeloader: Load libframework-connectivity-tiramisu-jni.so using APEX ns com_android_tethering for caller /apex/com.android.tethering/javalib/framework-connectivity-t.jar: ok
07-29 15:41:36.237  3346  4435 D NetworkPolicy: Normalization put networkpolicyNetworkTemplate: matchRule=CARRIER, matchSubscriberIds=[001011...], matchWifiNetworkKeys=[], metered=YES
07-29 15:41:36.237  3346  4435 D NetworkPolicy: Normalization put networkpolicyNetworkTemplate: matchRule=CARRIER, matchSubscriberIds=[310260...], matchWifiNetworkKeys=[], metered=YES
07-29 15:41:36.237  3346  4435 D NetworkPolicy: Normalization put networkpolicyNetworkTemplate: matchRule=CARRIER, matchSubscriberIds=[001010...], matchWifiNetworkKeys=[], metered=YES
07-29 15:41:36.237  3346  4435 D NetworkPolicy: Normalization put networkpolicyNetworkTemplate: matchRule=CARRIER, matchSubscriberIds=[001010...], matchWifiNetworkKeys=[], metered=YES
07-29 15:41:36.237  3346  4435 D NetworkPolicy: Normalization put networkpolicyNetworkTemplate: matchRule=CARRIER, matchSubscriberIds=[001012...], matchWifiNetworkKeys=[], metered=YES
07-29 15:41:36.237  3346  4435 V NetworkPolicy: updateNetworkEnabledNL() return
07-29 15:41:36.237  3346  4435 V NetworkPolicy: updateNotificationsNL not process
07-29 15:41:36.238 13163 13163 W libc    : Access denied finding property "persist.vendor.sys.activitylog"
07-29 15:41:36.238  3346  5364 W BestClock: java.time.DateTimeException: Missing network time fix
07-29 15:41:36.238 13163 13163 I OneTrace: Mark active for pid=13163? true
07-29 15:41:36.238 13163 13163 D cutils-dev: otrace_set_tracing_enabled? true tag:0
07-29 15:41:36.238 13163 13169 D cutils-dev: properties changed in otrace_seq_number_changed!
07-29 15:41:36.239  4789  5971 V OplusCustomizeCacheManager: queryCache name: sys.cache.common_customize_cache18014 param: null
07-29 15:41:36.239  4789  5971 V OplusCustomizeCacheManager: queryCache name: sys.cache.common_customize_cache18017 param: Bundle[{SETTING=BLOCK, BUSINESS=NCT-DATA}]
07-29 15:41:36.239  4789  5971 V OplusCustomizeCacheManager: queryCache name: sys.cache.common_customize_cache18013 param: null
07-29 15:41:36.239  3346  4435 W BestClock: java.time.DateTimeException: Missing network time fix
07-29 15:41:36.240  3346  4791 D ActivityTaskManagerServiceExtImpl: preBindApplication record is null
07-29 15:41:36.240  3346  4791 D RGBNormalizeServer: OplusRGBNormalize feature enabled ? true
07-29 15:41:36.240  3346  4791 D ResourcesManagerCache: For package com.oplus.wirelesssettings we got cacheList [null] appInfoExt is null ? false hasFeature ? false
07-29 15:41:36.240  3346  4791 D VRR [OPlusExternalRefreshRateManager]: isPkgTfcEnable: pkgName = com.oplus.wirelesssettings, enable = false
07-29 15:41:36.240  3346  4791 D VRR [OPlusExternalRefreshRateManager]: getTfcMinFramerate: pkgName = com.oplus.wirelesssettings, min framerate = 0
07-29 15:41:36.240  3346  5210 W BestClock: java.time.DateTimeException: Missing network time fix
07-29 15:41:36.240  3346  5293 W BestClock: java.time.DateTimeException: Missing network time fix
07-29 15:41:36.241  4789  5971 V OplusCustomizeCacheManager: queryCache name: sys.cache.common_customize_cache18014 param: null
07-29 15:41:36.241  4789  5971 V OplusCustomizeCacheManager: queryCache name: sys.cache.common_customize_cache18017 param: Bundle[{SETTING=BLOCK, BUSINESS=NCT-DATA}]
07-29 15:41:36.241  4789  5971 V OplusCustomizeCacheManager: queryCache name: sys.cache.common_customize_cache18013 param: null
07-29 15:41:36.241 13163 13163 D OplusActivityManager: get AMS extension: android.os.BinderProxy@b510cc9
07-29 15:41:36.242 13163 13163 D CompactWindowAppManager: initCompactApplicationInfo CompactMode: , NormalMode: 
07-29 15:41:36.243 13163 13163 D OplusScrollToTopManager: setIsInWhiteList false
07-29 15:41:36.243 13163 13163 D OplusViewDebugManager: OplusViewDebugManager Constructor android.view.debug.OplusViewDebugManager@2fd3eef [mHasViewDebugProperty true] [mHasMsgDebugProperty false] [DEBUG false] [EXTRAINFOENABLE false] [LIGHT_OS false]
07-29 15:41:36.243 13163 13163 D CompatChangeReporter: Compat change id reported: 242716250; UID 1000; state: ENABLED
07-29 15:41:36.245 13163 13163 W libc    : Access denied finding property "ro.odm.prev.product.name"
07-29 15:41:36.245 13163 13163 W ziparchive: Unable to open '/system_ext/framework/nfcvendorlib.dm': No such file or directory
07-29 15:41:36.245 13163 13163 W ziparchive: Unable to open '/system_ext/framework/nfcvendorlib.dm': No such file or directory
07-29 15:41:36.246 13163 13163 D nativeloader: Configuring clns-shared-7 for other apk /system_ext/framework/nfcvendorlib.jar. target_sdk_version=34, uses_libraries=ALL, library_path=/system_ext/priv-app/WirelessSettings/lib/arm64:/system_ext/priv-app/WirelessSettings/WirelessSettings.apk!/lib/arm64-v8a:/system/lib64:/system_ext/lib64, permitted_path=/data:/mnt/expand:/data/user_de/0/com.oplus.wirelesssettings:/system_ext/priv-app/WirelessSettings:/system/lib64:/system_ext/lib64
07-29 15:41:36.246 13163 13163 D nativeloader: Extending system_exposed_libraries: libbinauralrenderer_wrapper.qti.so:libhoaeffects.qti.so:libSloganJni.oplus.so:libsuperNight.oplus.so:libAPSClient-cmd-jni-extension.oplus.so:libsatellite_audio_jni.oplus.so:libortc_so.oplus.so:libsoundtouch.oplus.so:libsoundtouch_jni.oplus.so:libOplusStringJNI-extension.oplus.so:libsatellite_ostx_jni.oplus.so:libapssuspend-jni.oplus.so:libupdateprof.qti.so:libthermalclient.qti.so:libqape.qti.so:libqesdk_ndk_platform.qti.so:liblistenjni.qti.so
07-29 15:41:36.247 13163 13163 D ApplicationLoaders: Returning zygote-cached class loader: /system_ext/framework/androidx.window.extensions.jar
07-29 15:41:36.247 13163 13163 D ApplicationLoaders: Returning zygote-cached class loader: /system_ext/framework/androidx.window.sidecar.jar
07-29 15:41:36.250 13163 13163 D nativeloader: Configuring clns-shared-8 for other apk /system_ext/priv-app/WirelessSettings/WirelessSettings.apk. target_sdk_version=34, uses_libraries=, library_path=/system_ext/priv-app/WirelessSettings/lib/arm64:/system_ext/priv-app/WirelessSettings/WirelessSettings.apk!/lib/arm64-v8a:/system/lib64:/system_ext/lib64, permitted_path=/data:/mnt/expand:/data/user_de/0/com.oplus.wirelesssettings:/system_ext/priv-app/WirelessSettings:/system/lib64:/system_ext/lib64
07-29 15:41:36.253 13163 13163 V GraphicsEnvironment: Currently set values for:
07-29 15:41:36.253 13163 13163 V GraphicsEnvironment:   angle_gl_driver_selection_pkgs=[]
07-29 15:41:36.253 13163 13163 V GraphicsEnvironment:   angle_gl_driver_selection_values=[]
07-29 15:41:36.253 13163 13163 V GraphicsEnvironment: Global.Settings values are invalid: number of packages: 0, number of values: 0
07-29 15:41:36.255 13163 13163 D WS_OplusWirelessSettingsApp: onCreate, OplusWirelessSettingsApp
07-29 15:41:36.259 13163 13163 D LogUtils: initWirelessLog sIsQeAssert=false,sIsWifiOrBtLog=false
07-29 15:41:36.261  3346  4791 I ActivityManager: Flag disabled. Ignoring finishAttachApplication from uid: 1000. pid: 13163
07-29 15:41:36.262 13163 13163 E ANDR-PERF-CLIENT-SYS: death recipent object is fine
07-29 15:41:36.262 13163 13163 W ttings:tzupdate: AIBinder_linkToDeath is being called with a non-null cookie and no onUnlink callback set. This might not be intended. AIBinder_DeathRecipient_setOnUnlinked should be called first.
07-29 15:41:36.263  3346  4791 W OplusSelfProtectManager: pkg[com.oplus.wirelesssettings] not in policy list
07-29 15:41:36.266  3346  4791 D ActivityManager: Async freezing 13163 com.oplus.wirelesssettings:tzupdate
07-29 15:41:36.268  4674  7195 W SQLiteLog: (28) double-quoted string literal: "timezone_tzdata_v2_files"
07-29 15:41:36.321  1902  4390 I Dpps    : LtmSwState::SetParameter():144 ignore cmd 7 in state LtmOffState
07-29 15:41:36.335  4869  4869 V OplusCustomizeCacheManager: queryCache name: sys.cache.common_customize_cache18016 param: null
07-29 15:41:36.335  4869  4869 V OplusCustomizeCacheManager: queryCache name: sys.cache.common_customize_cache18013 param: null
07-29 15:41:36.335  4869  4869 V OplusCustomizeCacheManager: queryCache name: sys.cache.common_customize_cache18014 param: null
07-29 15:41:36.335  4869  4869 V OplusCustomizeCacheManager: queryCache name: sys.cache.common_customize_cache18017 param: Bundle[{SETTING=BLOCK, BUSINESS=NCT-DATA}]
07-29 15:41:36.337  4869  4869 V OplusCustomizeCacheManager: queryCache name: sys.cache.common_customize_cache18016 param: null
07-29 15:41:36.337  4869  4869 V OplusCustomizeCacheManager: queryCache name: sys.cache.common_customize_cache18013 param: null
07-29 15:41:36.337  4869  4869 V OplusCustomizeCacheManager: queryCache name: sys.cache.common_customize_cache18014 param: null
07-29 15:41:36.337  4869  4869 V OplusCustomizeCacheManager: queryCache name: sys.cache.common_customize_cache18017 param: Bundle[{SETTING=BLOCK, BUSINESS=NCT-DATA}]
07-29 15:41:36.340  4789  4789 D RowAnimatorExtImpl: end:view:StatusBarIconView(slot='volume' alpha=1.0 icon=StatusBarIcon(icon=Icon(typ=RESOURCE pkg=com.android.systemui id=0x7f0818f0) visible user=0 ) visibleState=ICON iconColor=#ccffffff staticDrawableColor=#ccffffff decorColor=#ffffffff animationStartColor=#0 currentSetColor=#ccffffff notification=null),tx
07-29 15:41:36.341  4789  4789 D RowAnimatorExtImpl: end:view:StatusBarIconView(slot='zen' alpha=1.0 icon=StatusBarIcon(icon=Icon(typ=RESOURCE pkg=com.android.systemui id=0x7f0818e1) visible user=0 ) visibleState=ICON iconColor=#ccffffff staticDrawableColor=#ccffffff decorColor=#ffffffff animationStartColor=#0 currentSetColor=#ccffffff notification=null),tx
07-29 15:41:36.341  4789  4789 D RowAnimatorExtImpl: end:view:StatusBarIconView(slot='volume' alpha=1.0 icon=StatusBarIcon(icon=Icon(typ=RESOURCE pkg=com.android.systemui id=0x7f0818f0) visible user=0 ) visibleState=ICON iconColor=#ccffffff staticDrawableColor=#ccffffff decorColor=#ffffffff animationStartColor=#0 currentSetColor=#ccffffff notification=null),tx
07-29 15:41:36.341  4789  4789 D RowAnimatorExtImpl: end:view:StatusBarIconView(slot='zen' alpha=1.0 icon=StatusBarIcon(icon=Icon(typ=RESOURCE pkg=com.android.systemui id=0x7f0818e1) visible user=0 ) visibleState=ICON iconColor=#ccffffff staticDrawableColor=#ccffffff decorColor=#ffffffff animationStartColor=#0 currentSetColor=#ccffffff notification=null),tx
07-29 15:41:36.341  4789  4789 D RowAnimatorExtImpl: end:view:StatusBarIconView(slot='volume' alpha=1.0 icon=StatusBarIcon(icon=Icon(typ=RESOURCE pkg=com.android.systemui id=0x7f0818f0) visible user=0 ) visibleState=ICON iconColor=#ccffffff staticDrawableColor=#ccffffff decorColor=#ffffffff animationStartColor=#0 currentSetColor=#ccffffff notification=null),tx
07-29 15:41:36.341  4789  4789 D RowAnimatorExtImpl: end:view:StatusBarIconView(slot='zen' alpha=1.0 icon=StatusBarIcon(icon=Icon(typ=RESOURCE pkg=com.android.systemui id=0x7f0818e1) visible user=0 ) visibleState=ICON iconColor=#ccffffff staticDrawableColor=#ccffffff decorColor=#ffffffff animationStartColor=#0 currentSetColor=#ccffffff notification=null),tx
07-29 15:41:36.404  6601  6625 E horae   : 0: back:33279,back_1:35625,back_2:35110,back_3:34323,frame:35758,frame_1:34646,front:36372,front_1:36719,front_2:35085, -2147483648 5, +(3270), 1 ,43668,33386,39466,43689,41651,42725,33471,39202,42699,40991,41773,33301,38905,41851,40432,41103,33272,38632,41129,39919, target_temp:36719, algo:0
07-29 15:41:36.405  5121  5121 D RFPowerBoostManager: my thermal listener proxy invoke method:notifyThermalBroadCast args len:2
07-29 15:41:36.405  5121  5121 D RFPowerBoostManager: current temp is 36, mInCalling is false, current threshold is 41
07-29 15:41:36.406  4957  5721 W h       : networkLogger failï¼
07-29 15:41:36.406  4957  5721 D Acc-OplusLinkBoostCommon: notifyThermalBroadCast level = 5 temp = 36,lastTemp: 37 ,th: 44
07-29 15:41:36.407  6601  6613 E horae   : Horae service notifyComponentHeat caught exception -2
07-29 15:41:36.407  6601  6613 E horae   : Horae service notifyComponentHeat caught exception -2
07-29 15:41:36.412  3346  3346 D OplusWifiBroadCastDispatcher: mBroadcastReceiver: onReceiver  action=android.intent.action.BATTERY_LEVEL_CHANGED
07-29 15:41:36.412  3346  4549 D OplusWifiPowerService: onReceive action:android.intent.action.BATTERY_LEVEL_CHANGED
07-29 15:41:36.412  3346  4402 W OplusStorageManagerFeature: mScreenReceiver action:android.intent.action.BATTERY_LEVEL_CHANGED
07-29 15:41:36.413  3346  4402 I OplusStorageManagerFeature: TmemoryBetterySwitch: level=100 state=0
07-29 15:41:36.413  3346  4402 I OplusStorageManagerFeature: TmemoryBetterySwitch: action=0 state=2
07-29 15:41:36.413  3346  4402 W OplusStorageManagerFeature: Ready to deal actionParam:0
07-29 15:41:36.416  6187  6187 D BatteryUsageBroadcastReceiver: onReceive:android.intent.action.BATTERY_LEVEL_CHANGED
07-29 15:41:36.417  6187  6187 D BatteryUsageBroadcastReceiver: fetch data because of event: ACTION_BATTERY_LEVEL_CHANGED
07-29 15:41:36.417  6187  6187 D BatteryUsageBroadcastReceiver: cancel sendBroadcastToFetchUsageData when broadcastDelay is 2339993ms.
07-29 15:41:36.419  3346  4791 D ActivityManager: Async freezing 6187 com.android.settings
07-29 15:41:36.434  5176  5925 I MMKV    : <MMKV_IO.cpp:456::writeActualSize> [mmkv.default] increase sequence to 8025, crc 3644895077, actualSize 489
07-29 15:41:36.467  8244  9898 W metis_v2_KnowledgeManager: Fire: isEmergency is true  debugFireMode = false [7f0000011753818054904407507504|p_7504_fb8e808@1|p_8244_a69b073@0|com.oplus.metis] [base|com.oplus.metis|1.5.5-f48228a]
07-29 15:41:36.467  8244  9898 W metis_v2_OifaceBindUtils: bindTask [7f0000011753818054904407507504|p_7504_fb8e808@1|p_8244_a69b073@0|com.oplus.metis]
07-29 15:41:36.467  8244  9898 W metis_v2_OifaceBindUtils: call connectOifaceService [7f0000011753818054904407507504|p_7504_fb8e808@1|p_8244_a69b073@0|com.oplus.metis]
07-29 15:41:36.468  8244  9898 I metis_v2_KnowledgeManager: panta-sugg-Fire: count=1 [7f0000011753818054904407507504|p_7504_fb8e808@1|p_8244_a69b073@0|com.oplus.metis]
07-29 15:41:36.468  6606  6642 E oiface  : sched_setaffinity failed
07-29 15:41:36.468  6606  6634 E oiface  : directSetTask: get cpuset path failed
07-29 15:41:36.469  8244  9898 I System.out: 'park_precondition_home_02' 
07-29 15:41:36.469  8244  9898 I System.out: 'park_precondition_company_02' 
07-29 15:41:36.469  8244  9898 I System.out: 'UBIQUITOUS_SERVICE#assistant_screen#NOT_AT_HOME_301' 
07-29 15:41:36.469  8244  9898 I System.out: 'UBIQUITOUS_SERVICE#assistant_screen#NOT_AT_OFFICE_401' 
07-29 15:41:36.470  8244  9898 I System.out: 'policy:NEAR_SUBWAY_BUS_STATION_2x4' 
07-29 15:41:36.471  8244  9898 W metis_v2_TimeDurationCompare: [com.oplus.metis#UBIQUITOUS_SERVICE#scene#tips#TipScene_EXIT] 'timestamp' is not literal. [7f0000011753818054904407507504|p_7504_fb8e808@1|p_8244_a69b073@0|com.oplus.metis]
07-29 15:41:36.471  8244  9898 D SceneIntentPublisher: headAction: pkg is com.oplus.metis and simpleRuleName is UBIQUITOUS_SERVICE#secne#activity_coloros_reminder_tips
07-29 15:41:36.477  8244  9898 D SceneIntentPublisher: headAction: pkg is com.oplus.metis and simpleRuleName is UBIQUITOUS_SERVICE#secne#activity_coloros_reminder_tips
07-29 15:41:36.479  8244  9898 I System.out: 'UBIQUITOUS_SERVICE#assistant_screen#NOT_AT_HOME_301' 
07-29 15:41:36.479  8244  9898 I System.out: 'tempPropertyForGuideStatus' 
07-29 15:41:36.481  8244  9898 D SceneIntentPublisher: headAction: pkg is com.oplus.metis and simpleRuleName is UBIQUITOUS_SERVICE#secne#activity_coloros_reminder_tips
07-29 15:41:36.481  8244  9898 W metis_v2_TimeDurationCompare: [com.oplus.metis#UBIQUITOUS_SERVICE#scene#tips#TipScene_EXIT] 'timestamp' is not literal. [7f0000011753818054904407507504|p_7504_fb8e808@1|p_8244_a69b073@0|com.oplus.metis]
07-29 15:41:36.486  8244  9590 I ContextAware_GetInstalledAppsInfo: Update cache
07-29 15:41:36.491  8244  9898 W metis_v2_AbsTimerTriggered: [com.oplus.metis#UBIQUITOUS_SERVICE#health#LAUNCH-HEALTH-APP]: periodicTriggered's parseArgsToTimer meet exception periodic timer's first execute start time must >= time range start [7f0000011753818054904407507504|p_7504_fb8e808@1|p_8244_a69b073@0|com.oplus.metis]
07-29 15:41:36.491  8244  9898 W metis_v2_AbsTimerTriggered: [com.oplus.metis#UBIQUITOUS_SERVICE#health#LAUNCH-HEALTH-APP]: please check if builtin periodicTriggered's args is valid [7f0000011753818054904407507504|p_7504_fb8e808@1|p_8244_a69b073@0|com.oplus.metis]
07-29 15:41:36.494  8244  9898 I System.out: 'UBIQUITOUS_SERVICE#assistant_screen#NOT_AT_OFFICE_401' 
07-29 15:41:36.494  8244  9898 I metis_v2_KnowledgeManager: panta-sugg-Fire takes 26 milliseconds. [7f0000011753818054904407507504|p_7504_fb8e808@1|p_8244_a69b073@0|com.oplus.metis]
07-29 15:41:36.494  8244  9898 I ContextAware_PantanalIntentManager: intent (id-14111004+policyName-CLEAN_STORAGE) is not found in scene_intent_config [7f0000011753818054904407507504|p_7504_fb8e808@1|p_8244_a69b073@0|com.oplus.metis]
07-29 15:41:36.494  8244  9898 I metis_v2_SceneTravelingAdapter: recallTravellingIntent: [] [7f0000011753818054904407507504|p_7504_fb8e808@1|p_8244_a69b073@0|com.oplus.metis]
07-29 15:41:36.494  8244  9898 I ContextAware_ContextAware_SceneIntentManager: mLastIntentDataSet: [] [7f0000011753818054904407507504|p_7504_fb8e808@1|p_8244_a69b073@0|com.oplus.metis]
07-29 15:41:36.494  8244  9898 I ContextAware_ContextAware_SceneIntentManager: intentList: [IntentDataDTO(intent=IntentDTO=[sceneId=220500200, intentId=14111005, isExited=false, source=0, ownerId=com.oplus.metis, action=14111005, policyName=SUBSTITUTE_SCENE, serviceId=, sendExitedIntent=true, repeatable=false, sceneScore=-1.0, position=right, level=2, type=1, serviceInstanceId=null, isSupportMultiInstance=false, settingsPreference=null], items=[]), IntentDataDTO(intent=IntentDTO=[sceneId=210000000, intentId=12121002, isExited=true, source=0, ownerId=com.oplus.metis, action=12121002, policyName=TAKEOUT_ORDER_STATUS_CHANGE, serviceId=, sendExitedIntent=false, repeatable=false, sceneScore=-1.0, position=left, level=1, type=1, serviceInstanceId=null, isSupportMultiInstance=false, settingsPreference=null], items=[]), IntentDataDTO(intent=IntentDTO=[sceneId=null, intentId=14111004, isExited=true, source=0, ownerId=com.oplus.metis, action=14111004, policyName=CLEAN_STORAGE, serviceId=, sendExitedIntent=false, repeatable=false, sceneScore=-1.0, position=null, level=0, type=1, serviceInstanceId=null, isSupportMultiInstance=false, settingsPreference=null], items=[]), IntentDataDTO(intent=IntentDTO=[sceneId=null, intentId=12121002, isExited=true, source=0, ownerId=com.oplus.metis, action=12121002, policyName=TAKEOUT_ORDER_STATUS_CHANGE, serviceId=, sendExitedIntent=false, repeatable=false, sceneScore=-1.0, position=null, level=0, type=1, serviceInstanceId=null, isSupportMultiInstance=false, settingsPreference=null], items=[])] [7f0000011753818054904407507504|p_7504_fb8e808@1|p_8244_a69b073@0|com.oplus.metis]
07-29 15:41:36.494  8244  9898 I ContextAware_ContextAware_SceneIntentManager: missedIntent: [] [7f0000011753818054904407507504|p_7504_fb8e808@1|p_8244_a69b073@0|com.oplus.metis]
07-29 15:41:36.494  8244  9898 I metis_v2_SceneIntentManager: panta-sugg-Published intents: [7f0000011753818054904407507504|p_7504_fb8e808@1|p_8244_a69b073@0|com.oplus.metis]
