07-30 01:14:52.532 22876 22917 E ActivityThread: Failed to find provider info for com.nearme.romupdate.provider.db
07-30 01:14:52.532 22897 22897 W libc    : Access denied finding property "ro.odm.prev.product.name"
07-30 01:14:52.532 22876 22917 W Glide   : Failed to find GeneratedAppGlideModule. You should include an annotationProcessor compile dependency on com.github.bumptech.glide:compiler in your application and a @GlideModule annotated AppGlideModule implementation or LibraryGlideModules will be silently ignored
07-30 01:14:52.532 22897 22897 D ApplicationLoaders: Returning zygote-cached class loader: /system/framework/org.apache.http.legacy.jar
07-30 01:14:52.533 22897 22897 D nativeloader: InitLlndkLibrariesProduct: libEGL.so:libGLESv1_CM.so:libGLESv2.so:libGLESv3.so:libRS.so:libandroid_net.so:libapexsupport.so:libbinder_ndk.so:libc.so:libcgrouprc.so:libclang_rt.asan-aarch64-android.so:libclang_rt.asan-arm-android.so:libclang_rt.hwasan-aarch64-android.so:libcom.android.tethering.connectivity_native.so:libdl.so:libft2.so:liblog.so:libm.so:libmediandk.so:libnativewindow.so:libneuralnetworks.so:libselinux.so:libsync.so:libvendorsupport.so:libvndksupport.so:libvulkan.so
07-30 01:14:52.533 22897 22897 D nativeloader: Configuring product-clns-7 for unbundled product apk /product/app/RomUpdate/RomUpdate.apk. target_sdk_version=35, uses_libraries=, library_path=/product/app/RomUpdate/lib/arm64:/product/lib64:/system/product/lib64, permitted_path=/data:/mnt/expand:/data/user_de/0/com.oplus.romupdate:/product/lib64:/system/product/lib64
07-30 01:14:52.534 22897 22897 D nativeloader: InitVndkspLibrariesProduct: VNDK is deprecated with product
07-30 01:14:52.534 22897 22897 D CompatChangeReporter: Compat change id reported: 202956589; UID 10190; state: ENABLED
07-30 01:14:52.535 22876 22876 I DynamicFramerate [FRTCConfigManager]: initFrameRateConfig: 
07-30 01:14:52.535 22876 22876 I DynamicFramerate [FRTCConfigManager]: 	levelsFor120hz: [120, 60]
07-30 01:14:52.535 22876 22876 I DynamicFramerate [FRTCConfigManager]: 	thresholdsFor120hz: [200]
07-30 01:14:52.535 22876 22876 I DynamicFramerate [FRTCConfigManager]: 	levelsFor90hz: [90]
07-30 01:14:52.535 22876 22876 I DynamicFramerate [FRTCConfigManager]: 	thresholdsFor90hz: []
07-30 01:14:52.535 22876 22876 I DynamicFramerate [FRTCConfigManager]: FRTCConfigManager: FRTC_CAPABILITY = 120, package name = com.redteamobile.roaming, WINDOW_ANIMATION_SPEED_RATE = 10, SCROLL_ANIMATION_SPEED_RATE = 20, PACKAGE_ENABLE = true
07-30 01:14:52.535 22876 22876 I DynamicFramerate [DynamicFrameRateController]: init info: mPackageName = com.redteamobile.roaming, mIsEnabled = true
07-30 01:14:52.535 22876 22876 I DynamicFramerate [DynamicFrameRateController]: DynamicFrameRateController: init framerateThreshold is 120
07-30 01:14:52.536 22897 22897 V GraphicsEnvironment: Currently set values for:
07-30 01:14:52.536 22897 22897 V GraphicsEnvironment:   angle_gl_driver_selection_pkgs=[]
07-30 01:14:52.536 22897 22897 V GraphicsEnvironment:   angle_gl_driver_selection_values=[]
07-30 01:14:52.536 22897 22897 V GraphicsEnvironment: Global.Settings values are invalid: number of packages: 0, number of values: 0
07-30 01:14:52.536  1979  1979 D SensorFeature: name=ssc_screenshot_info ,index = 22
07-30 01:14:52.536  1979  1979 D SensorFeature: write 37 bytes:15507371143301,15507379476634,50680,0
07-30 01:14:52.536 22897 22897 D ResourcesManagerExtImpl: applyConfigurationToAppResourcesLocked app.getDisplayId() return callback.displayId:-1
07-30 01:14:52.540  2006  2057 D BatteryChargeControl: bcc get no support from charging protocol
07-30 01:14:52.540 22897 22897 D UpdateApplication: log switch:false
07-30 01:14:52.540 22897 22897 I AppFeatureCache: enableAppFeatureCache
07-30 01:14:52.540 22897 22897 I AppFeatureCache: clearCursorInCache
07-30 01:14:52.540 22897 22897 I AppFeatureCache: invalidateAppFeatureCache run in
07-30 01:14:52.541 22897 22911 W SQLiteLog: (28) double-quoted string literal: "timezone_tzdata_v2_files"
07-30 01:14:52.541 22897 22897 I AppFeatureCache: invalidateAppFeatureCache size: 5
07-30 01:14:52.542 22897 22897 I RUSApplication: log switch=false
07-30 01:14:52.543  3363  5312 I ActivityManager: Flag disabled. Ignoring finishAttachApplication from uid: 10190. pid: 22897
07-30 01:14:52.573  4943  4943 V OplusCustomizeCacheManager: queryCache name: sys.cache.common_customize_cache18016 param: null
07-30 01:14:52.573  4943  4943 V OplusCustomizeCacheManager: queryCache name: sys.cache.common_customize_cache18013 param: null
07-30 01:14:52.573  4943  4943 V OplusCustomizeCacheManager: queryCache name: sys.cache.common_customize_cache18014 param: null
07-30 01:14:52.574  4943  4943 V OplusCustomizeCacheManager: queryCache name: sys.cache.common_customize_cache18017 param: Bundle[{SETTING=BLOCK, BUSINESS=NCT-DATA}]
07-30 01:14:52.575  4943  4943 V OplusCustomizeCacheManager: queryCache name: sys.cache.common_customize_cache18016 param: null
07-30 01:14:52.575  4943  4943 V OplusCustomizeCacheManager: queryCache name: sys.cache.common_customize_cache18013 param: null
07-30 01:14:52.575  4943  4943 V OplusCustomizeCacheManager: queryCache name: sys.cache.common_customize_cache18014 param: null
07-30 01:14:52.576  4943  4943 V OplusCustomizeCacheManager: queryCache name: sys.cache.common_customize_cache18017 param: Bundle[{SETTING=BLOCK, BUSINESS=NCT-DATA}]
07-30 01:14:52.588  4890  4890 D RowAnimatorExtImpl: end:view:StatusBarIconView(slot='volume' alpha=1.0 icon=StatusBarIcon(icon=Icon(typ=RESOURCE pkg=com.android.systemui id=0x7f0818f0) visible user=0 ) visibleState=ICON iconColor=#ccffffff staticDrawableColor=#ccffffff decorColor=#ffffffff animationStartColor=#0 currentSetColor=#ccffffff notification=null),tx
07-30 01:14:52.589  4890  4890 D RowAnimatorExtImpl: end:view:StatusBarIconView(slot='zen' alpha=1.0 icon=StatusBarIcon(icon=Icon(typ=RESOURCE pkg=com.android.systemui id=0x7f0818e1) visible user=0 ) visibleState=ICON iconColor=#ccffffff staticDrawableColor=#ccffffff decorColor=#ffffffff animationStartColor=#0 currentSetColor=#ccffffff notification=null),tx
07-30 01:14:52.589  4890  4890 D RowAnimatorExtImpl: end:view:StatusBarIconView(slot='volume' alpha=1.0 icon=StatusBarIcon(icon=Icon(typ=RESOURCE pkg=com.android.systemui id=0x7f0818f0) visible user=0 ) visibleState=ICON iconColor=#ccffffff staticDrawableColor=#ccffffff decorColor=#ffffffff animationStartColor=#0 currentSetColor=#ccffffff notification=null),tx
07-30 01:14:52.589  4890  4890 D RowAnimatorExtImpl: end:view:StatusBarIconView(slot='zen' alpha=1.0 icon=StatusBarIcon(icon=Icon(typ=RESOURCE pkg=com.android.systemui id=0x7f0818e1) visible user=0 ) visibleState=ICON iconColor=#ccffffff staticDrawableColor=#ccffffff decorColor=#ffffffff animationStartColor=#0 currentSetColor=#ccffffff notification=null),tx
07-30 01:14:52.589  4890  4890 D RowAnimatorExtImpl: end:view:StatusBarIconView(slot='volume' alpha=1.0 icon=StatusBarIcon(icon=Icon(typ=RESOURCE pkg=com.android.systemui id=0x7f0818f0) visible user=0 ) visibleState=ICON iconColor=#ccffffff staticDrawableColor=#ccffffff decorColor=#ffffffff animationStartColor=#0 currentSetColor=#ccffffff notification=null),tx
07-30 01:14:52.589  4890  4890 D RowAnimatorExtImpl: end:view:StatusBarIconView(slot='zen' alpha=1.0 icon=StatusBarIcon(icon=Icon(typ=RESOURCE pkg=com.android.systemui id=0x7f0818e1) visible user=0 ) visibleState=ICON iconColor=#ccffffff staticDrawableColor=#ccffffff decorColor=#ffffffff animationStartColor=#0 currentSetColor=#ccffffff notification=null),tx
07-30 01:14:52.592  1911  4455 I Dpps    : LtmSwState::SetParameter():144 ignore cmd 7 in state LtmOffState
07-30 01:14:52.692  1826  9502 I sensors-hal: handle_sns_client_event:87, step_count_event: ts=15507535277731 count 0
07-30 01:14:52.692  3363  4359 D SensorServiceUtils: sensorEventLog step_counter = 0
07-30 01:14:52.693  3363  4359 D SensorServiceUtils: sensorEventLog step_counter = 0
07-30 01:14:52.693  3363  4359 D SensorServiceUtils: sensorEventLog step_counter = 0
07-30 01:14:52.693  3363  4359 D SensorServiceUtils: sensorEventLog step_counter = 0
07-30 01:14:52.693  3363  4359 D SensorServiceUtils: sensorEventLog step_counter = 0
07-30 01:14:52.693  3363  4359 D SensorServiceUtils: sensorEventLog step_counter = 0
07-30 01:14:52.693  3363  4359 D SensorServiceUtils: sensorEventLog step_counter = 0
07-30 01:14:52.693  3363  4359 D SensorServiceUtils: sensorEventLog step_counter = 0
07-30 01:14:52.693  3363  4359 D SensorServiceUtils: sensorEventLog step_counter = 0
07-30 01:14:52.693  3363  4359 D SensorServiceUtils: sensorEventLog step_counter = 0
07-30 01:14:52.693  3363  4359 D SensorServiceUtils: sensorEventLog step_counter = 0
07-30 01:14:52.693  3363  4359 D SensorServiceUtils: sensorEventLog step_counter = 0
07-30 01:14:52.693  3363  4359 D SensorServiceUtils: sensorEventLog step_counter = 0
07-30 01:14:52.693  3363  4359 D SensorServiceUtils: sensorEventLog step_counter = 0
07-30 01:14:52.693  3363  4359 D SensorServiceUtils: sensorEventLog step_counter = 0
07-30 01:14:52.693  3363  4359 D SensorServiceUtils: sensorEventLog step_counter = 0
07-30 01:14:52.693  3363  4359 D SensorServiceUtils: sensorEventLog step_counter = 0
07-30 01:14:52.693  3363  4359 D SensorServiceUtils: sensorEventLog step_counter = 0
07-30 01:14:52.693  3363  4359 D SensorServiceUtils: sensorEventLog step_counter = 0
07-30 01:14:52.694  4684  4684 V SystemSensorManagerExtImpl: step counter dispatchSensorEvent step 0.0 to + a.b$c@ccd97c
07-30 01:14:52.779  4890  4890 I SystemUi--QuickSettings: TemporarilyInfoManager-->[animateShow] com.oplus.systemui.qs.base.temporarilyinfo.TemporarilyInfoManager$createViewToParent$1{11d6014 VFED..C.. ........ 0,0-1080,228 #7f0a0cb6 app:id/temporarily_info_view alpha=1.0 viewInfo = } end
07-30 01:14:52.779  4890  4890 I SystemUi--QuickSettings: TemporarilyInfoManager-->[trigger] start from showElementAfterShowFully
07-30 01:14:52.810  1979  1979 D SensorFeature: name=ssc_screenshot_info ,index = 22
07-30 01:14:52.811  1979  1979 D SensorFeature: write 37 bytes:15507644767260,15507653100593,50681,0
07-30 01:14:52.858  1826  4465 I sensors-hal: handle_oplus_wise_rgb_event:189, high_pwm_light:lux 279.1,cct 3642.7,brl/algo/ir 1404.0/2.0/18.9,pwm/dc 0.0/0.0,rgbc 21711.308594/13503.206055/6270.478027/40026.816406,ts 15507661045699,cnt 28930,flag 116217
07-30 01:14:52.858  1911  4455 I Dpps    : LtmSwState::SetParameter():144 ignore cmd 7 in state LtmOffState
07-30 01:14:52.912  4890  4890 D JankUtils: gfxSceneEnd; scene: 7
07-30 01:14:52.912  4890  4890 I SystemUi--Common: NotificationShadeDepthC-->sceneFlag: 0x001, isStart = false, Current sceneFlags: 0x000
07-30 01:14:52.912  4890  4890 D NavigationBar: restrainNavigationBarInvertColor: false
07-30 01:14:52.912  4890  5041 D RegionSamplingHelper =:    mCompositionSamplingListener.register
07-30 01:14:52.912  2159  2468 D SurfaceFlinger: addRegionSamplingListener pid: 4890, Area: [0, 2328, 1080, 2376]
07-30 01:14:53.098  1911  2200 I SDM     : DisplayBase::CommitThread: Received idle timeout, panel: cmd, timeout: 70000 us
07-30 01:14:53.168  1979  1979 D SensorFeature: name=ssc_screenshot_info ,index = 22
07-30 01:14:53.169  1979  1979 D SensorFeature: write 37 bytes:15507960643665,15508011065749,50682,0
07-30 01:14:53.171  1911  4455 I Dpps    : LtmSwState::SetParameter():144 ignore cmd 7 in state LtmOffState
07-30 01:14:53.173  1911  2200 I SDM     : DisplayBase::CommitThread: Received idle timeout, panel: cmd, timeout: 70000 us
07-30 01:14:53.266  2159  3492 D VRR [OTI]: handleIdle from 0 to 1
07-30 01:14:53.266  2159  3492 D VRR [OTI-HW]: isStateReady 1
07-30 01:14:53.266  2159  3492 D VRR [RefreshRateDirector]: requestRefreshRateByOti update [ oti-hw, {fps=60, modePtr={id=5, vsyncRate=60.00 Hz, peakRefreshRate=60.00 Hz}} ]
07-30 01:14:53.266  2159  3492 D VRR [RefreshRateDirector]: selectBestFrameRate DirectorMapOti [oti-hw, {fps=60, modePtr={id=5, vsyncRate=60.00 Hz, peakRefreshRate=60.00 Hz}}]
07-30 01:14:53.266  2159  3492 D VRR [RefreshRateDirector]: updateBestFrameRate [oti-hw, {fps=60, modePtr={id=5, vsyncRate=60.00 Hz, peakRefreshRate=60.00 Hz}}]
07-30 01:14:53.266  2159  3492 D SurfaceFlinger: VRR [SurfaceFlinger] setDesiredActiveMode: displayId: 4630946756802996883, renderRate: 60, vsyncRate: 60, event: 1
07-30 01:14:53.266  2159  3492 D DisplayModeController: setDesiredMode 4630946756802996883 {mode={fps=60.00 Hz, modePtr={id=5, vsyncRate=60.00 Hz, peakRefreshRate=60.00 Hz}}, emitEvent=true, force=false}
07-30 01:14:53.269  2159  2159 I DisplayModeController: hwc begin mode change to 16666666
07-30 01:14:53.269  2159  2159 I HWC2    : [0] setActiveConfigWithConstraints[5]
07-30 01:14:53.270  1911  6780 W SDM     : HWDeviceDRM::GetSupportedBitClkRate: Requested rate not supported: 1363200000
07-30 01:14:53.270  1911  6780 I SDM     : HWDeviceDRM::UpdateMixerAttributes: Mixer WxH 1440x3168-1 for Peripheral
07-30 01:14:53.271  1911  6780 I CwbService: CwbService::notifyConfigChange: display:0, config:5 size:4, sec.size():0
07-30 01:14:53.271  1911  6780 I CwbService: CwbService::notifyConfigChange: display: 0, config = 1
07-30 01:14:53.271  1911  3441 I CasManager: Fps changed from 120 to 60
07-30 01:14:53.271  1911  3441 I CasManager: Fps changed, not change bin, so trigger gain
07-30 01:14:53.271  1911  3441 W SDM     : DemuraIntfImpl::ProcessOemPluginGain: Thermal intf_ is nullptr 0, default to 25 degree
07-30 01:14:53.271  1911  3441 I SDM     : CasQcPlugIn::ProcessPerCompGainOppo: input params, mode:PWM, fps:60, dbv:1404
07-30 01:14:53.271  1911  3441 I SDM     : CasQcPlugIn::ProcessPerCompGainOppo: normalized bright_adj:1024, dbv:1404, bin_dbv:1083, 
07-30 01:14:53.271  1911  3441 I SDM     : CasQcPlugIn::ProcessPerCompGainOppo: gains print start =====================
07-30 01:14:53.271  1911  3441 I SDM     : CasQcPlugIn::ProcessPerCompGainOppo: gain --------------------------------
07-30 01:14:53.271  1911  3441 I SDM     : CasQcPlugIn::ProcessPerCompGainOppo: old: 0 0 0 57 90 322 1201 3072
07-30 01:14:53.271  1911  3441 I SDM     : CasQcPlugIn::ProcessPerCompGainOppo: new: 0 0 0 35 75 271 1013 3072
07-30 01:14:53.271  1911  3441 I SDM     : CasQcPlugIn::ProcessPerCompGainOppo: gain --------------------------------
07-30 01:14:53.271  1911  3441 I SDM     : CasQcPlugIn::ProcessPerCompGainOppo: old: 0 0 0 64 125 373 1336 3072
07-30 01:14:53.271  1911  3441 I SDM     : CasQcPlugIn::ProcessPerCompGainOppo: new: 0 0 0 39 95 373 1336 3072
07-30 01:14:53.271  1911  3441 I SDM     : CasQcPlugIn::ProcessPerCompGainOppo: gain --------------------------------
07-30 01:14:53.271  1911  3441 I SDM     : CasQcPlugIn::ProcessPerCompGainOppo: old: 0 0 0 42 83 323 1222 3072
07-30 01:14:53.271  1911  3441 I SDM     : CasQcPlugIn::ProcessPerCompGainOppo: new: 0 0 0 26 83 323 1222 3072
07-30 01:14:53.271  1911  3441 I SDM     : CasQcPlugIn::ProcessPerCompGainOppo: gains print end =======================
07-30 01:14:53.277  1911  3441 I SDM     : DemuraIntfImpl::StageAllData: Staged all data to Demura Driver!
07-30 01:14:53.277  1911  3441 I SDM     : HWPeripheralDRM::SetPanelFeature: Set Panel feature property 19
07-30 01:14:53.277  1911  3441 I SDM     : HWPeripheralDRM::SetPanelFeature: Set Panel feature property 7
07-30 01:14:53.277  1911  3441 I SDM     : DisplayBuiltIn::TriggerDemuraOemPlugIn: Trigger demura oem plugin success
07-30 01:14:53.279  1911  2200 I SDM     : DRMPanelFeatureMgr::ApplyDirtyFeature: Commited panel feature [enabled]: 20-272
07-30 01:14:53.279  1911  2200 I SDM     : DRMPanelFeatureMgr::ApplyDirtyFeature: Commited panel feature [enabled]: 8-271
07-30 01:14:53.314  6640  6739 E horae   : tz(cpu-0-1-1) temp changed suddenly, cut temp to:31600
07-30 01:14:53.314  6640  6739 E horae   : Recording abnormal tz:8 state:4.
07-30 01:14:53.318  5036 13292 D SaDataService: onTelephonyEventReport , subId= 0,slotId=-1 eventId=2009
07-30 01:14:53.318  5227  6389 D VendorTelephonyService: onTelephonyEventReport slotId =0 eventId=2009
07-30 01:14:53.318  4943  5345 W IPCThreadState: Sending oneway calls to frozen process.
07-30 01:14:53.318  5227  6389 D VendorTelephonyService: onTelephonyEventReport slotId =0 eventId=2009
07-30 01:14:53.318  5036 13292 D TelephonyImpl: notify eventId:2009 for list size:2
07-30 01:14:53.318  5227  5227 D VendorCallService: notityEventUpdate, eventId:2009, slotId = 0
07-30 01:14:53.318  4943  5345 W IPCThreadState: Sending oneway calls to frozen process.
07-30 01:14:53.318  5036 13292 D SaDataService: onTelephonyEventReport , subId= 1,slotId=0 eventId=2009
07-30 01:14:53.318  5036 13292 D TelephonyImpl: notify eventId:2009 for list size:2
07-30 01:14:53.318  5227  6389 D VendorTelephonyService: onTelephonyEventReport slotId =1 eventId=2009
07-30 01:14:53.318  5227  6389 D VendorTelephonyService: onTelephonyEventReport slotId =1 eventId=2009
07-30 01:14:53.318  5227  5227 D VendorCallService: notityEventUpdate, eventId:2009, slotId = 1
07-30 01:14:53.319  2159  2159 D VRR-[OPlusRefreshRateSelector]: setCurrentModeId 5 type SM
07-30 01:14:53.319  2159  3492 D VRR [OTI-HW]: isStateReady 1
07-30 01:14:53.319  2159  3492 D VRR [OTI-HW]: keep rate.
07-30 01:14:53.319  3363  3591 I DisplayDeviceRepository: Display device changed render timings: "Built-in Screen", renderFrameRate=60.000004, presentationDeadlineNanos=16666666, appVsyncOffsetNanos=1000000
07-30 01:14:53.320  3363  3591 D LogicalDisplayExt: set displayInfo flag FLAG_ROTATES_WITH_CONTENT
07-30 01:14:53.321  3363  3591 D DisplayManagerServiceExtImpl: scheduleTraversalLocked intraversal=false
07-30 01:14:53.321  3363  3591 I DisplayManagerServiceExtImpl: handle logical display changed logicalDisplay=id=0,stack=0,content=true,displayInfo{stack=0,type=1,id=0,uId=local:4630946756802996883,state=ON,pkg=null}
07-30 01:14:53.321  3363  3591 D DisplayManagerService: Delivering display event: displayId=0, event=CHANGED
07-30 01:14:53.321  3363  3768 D BrightnessThermalClamper: Thermal status observer already started
07-30 01:14:53.321  3363  3768 D BrightnessPowerClamper: Power throttling data is missing for configuration data.
07-30 01:14:53.322  3363  3363 E OplusGestureAnimationManagerPolicy: mScreenHeight:2376 mScreenWidth:1080 mRotation:0
07-30 01:14:53.322  4684  4684 D CastManagerService: onDisplayChanged.
07-30 01:14:53.323  2141  2288 D AudioFlingerExtImpl: AudioFlingerExtImpl oplusSetParameters: keyvalue screen_state=on
07-30 01:14:53.323  2141  2288 D DeviceHalAidl: 0xb40000730f67c200 DeviceHalAidl::setParameters
07-30 01:14:53.323  2141  2288 D DeviceHalAidl: setParameters: parameters: "screen_state=on"
07-30 01:14:53.323  3363  3589 D OplusVFXScreenEffectFeature: notifySFCompatWindowStateChange entered false
07-30 01:14:53.323  1860  3549 I PAL: ResourceManager: setParameter: 11480: Screen State:1
07-30 01:14:53.323  2159  2497 D [PREVIEW]: SF obtain preview_adapter: 0
07-30 01:14:53.323  2159  2497 D [PREVIEW]: TabletPreviewAdapter::parallel world 0
07-30 01:14:53.323  2141  2288 D DeviceHalAidl: 0xb40000730f67c800 DeviceHalAidl::setParameters
07-30 01:14:53.323  2141  2288 D DeviceHalAidl: setParameters: parameters: "screen_state=on"
07-30 01:14:53.323  1860  3549 D AHAL_Module: updateScreenState: usb: 1
07-30 01:14:53.323  2141  2288 D DeviceHalAidl: 0xb40000730f67ce00 DeviceHalAidl::setParameters
07-30 01:14:53.324  2141  2288 D DeviceHalAidl: setParameters: parameters: "screen_state=on"
07-30 01:14:53.324  1860  3549 D AHAL_Module: updateScreenState: r_submix: 1
07-30 01:14:53.324  2141  2288 D DeviceHalAidl: 0xb40000730f67d400 DeviceHalAidl::setParameters
07-30 01:14:53.324  2141  2288 D DeviceHalAidl: setParameters: parameters: "screen_state=on"
07-30 01:14:53.324  1860  3549 D AHAL_Module: updateScreenState: bluetooth: 1
07-30 01:14:53.324  3363  3589 D FSS_FoldScreenBlackCoverController: displayChangeToOn, dc:Display{#0 state=ON size=1080x2376 ROTATION_0}
07-30 01:14:53.324  2141  2288 D DeviceHalAidl: 0xb40000730f67da00 DeviceHalAidl::setParameters
07-30 01:14:53.324  2141  2288 D DeviceHalAidl: setParameters: parameters: "screen_state=on"
07-30 01:14:53.324  1860  3549 D AHAL_Module: updateScreenState: bluetooth: 1
07-30 01:14:53.324  3363  3591 D DisplayManagerService: MSG_REQUEST_TRAVERSAL pendingCompleted=false
07-30 01:14:53.324  2141  2288 D DeviceHalAidl: 0xb40000730f67e000 DeviceHalAidl::setParameters
07-30 01:14:53.324  2141  2288 D DeviceHalAidl: setParameters: parameters: "screen_state=on"
07-30 01:14:53.325  1860  3549 D AHAL_Module: updateScreenState: stub: 1
07-30 01:14:53.326  3363  3589 D DisplayManagerService: performTraversalInternal pendingTraversal
07-30 01:14:53.326  3363  3589 D DisplayDevice: setLayerStackLocked id=local:4630946756802996883 token=android.os.BinderProxy@75baa8e stack=0->0
07-30 01:14:53.326  4890  4890 I SystemUi--Statusbar: DisplayRepository-->combining enabled=[0], connectedExternalDisplayIds=[], ignored=[]
07-30 01:14:53.327  6684  6746 E oiface  : sched_setaffinity failed
07-30 01:14:53.327  2012  2077 I gameoptHal: targetfps updated 6 -- 60
07-30 01:14:53.369  3363  3784 D VRR [OPlusRefreshRateService]: handleConfigIdChange physicalDisplayId: 4630946756802996883 configId: 5 renderPeriod: 16666666
07-30 01:14:53.370  3363  3784 D VRR [OPlusSAManager]: updateModeChange old modeId [ 4 ] -> new modeId [ 5 ] mCurPolicy: 1
07-30 01:14:53.370  3363  3784 D VRR [OPlusSAManager]: updateSAScene active modeId: 5
07-30 01:14:53.370  3363  3784 D VRR [OPlusSAManager]: updateSAScene current policy: 1 active modeId: 5 scene: VRR_60
07-30 01:14:53.370  3363  3784 D VRR [OPlusOAManager]: Not OA business! new modeId: [5] active modeId: [4]
07-30 01:14:53.370  3363  3784 D VRR [OPlusGameStatusManager]: updateGameState mOSyncFeatureSwitch: false mIsGamePolicy: false
07-30 01:14:53.370  3363  3784 D VRR [OPlusGameStatusManager]: setLTMStatus false curPkgName: com.android.launcher curr status: false HeartStop: false HeartStopFromTGPA: false ActiveFPS: 60.000004
07-30 01:14:53.370  3363  3784 D VRR [OPlusGameStatusManager]: updateGameAccelerationStatus pkgName: com.android.launcher mOSyncFeatureSwitch: false mIsGamePolicy: false mHeartStop: false mHasFlickerRisk: false mForceAcceleration: false mToastReady: false enable: false
07-30 01:14:53.370  3363  3784 D VRR [OPlusGameStatusManager]: updateToastStatus enableAcceleration: false toastReady: false isGamePolicy: false desiredModeId: 5
07-30 01:14:53.370  3363  3784 D VRR [OPlusGameStatusManager]: updateToastStatus enableAcceleration: false toastReady: false isGamePolicy: false desiredModeId: 5
07-30 01:14:53.370  3363  3784 D VRR [OPlusExternalRefreshRateManager]:  updateRenderPeriodChange configId:5 current refresh rate:60.000004
07-30 01:14:53.420  3363  3784 D VRR [OPlusSAManager]: setSAConfig scene: VRR_60 modeId: 5 auto: false fakeFrame: false
07-30 01:14:53.420  3363  3784 D VRR [OPlusSAManager]: updateAutoMinfps with nits: 114.41253, mHistOK true, mAmbientOK true, mCctOK true, mIrOK true, mBrightnessOK true, isPkgOK true, SA min fps: 119
07-30 01:14:53.420  3363  3784 D VRR [OPlusSurfaceFlingerController]: setAutoMode enable: false fakeFrame: false fps: 119
07-30 01:14:53.421  2159  2497 I VRR-[OPlusAdfrUtil]: ADFR try set Auto mode with mode 0 fakeframe 0 min fps 119
07-30 01:14:53.421  2159  2497 D VRR-[OPlusRefreshRateSelector]: OSyncModes add size is 1.
07-30 01:14:53.421  2159  2497 I VRR-[OPlusRefreshRateSelector]: updateAutoMode success, display 0, mode 0, fakeframe 0, min fps: 1
07-30 01:14:53.421  2159  3462 D VRR-[OPlusRefreshRateSelector]: handleSetHWCOSync
07-30 01:14:53.421  2159  3462 D VRR-[OPlusRefreshRateSelector]: OSyncModes remaining size is 0.
07-30 01:14:53.421  2159  3462 D VRR-[OPlusRefreshRateSelector]: SetHWCOSync with 5CC08081
07-30 01:14:53.421  1911  3460 I SDM     : DisplayBuiltIn::SetQSyncMode: VRR + update qsync mode 0 minfps 00C08081
07-30 01:14:53.425  1911  2200 I SDM     : DisplayBase::CommitThread: Received idle timeout, panel: cmd, timeout: 70000 us
07-30 01:14:53.437  1911  2200 E SDM     : DRMConnector::Perform: Connector 67: Setting Qsync min fps 12615809
07-30 01:14:53.453  3363  4659 V SettingsProvider: deleteSystemSetting(OPLUS_SLA_LAST_MCC, 0)
07-30 01:14:53.453  3363  4659 D SettingsProvider: delete system settings OPLUS_****_MCC pkg is  android user id is 0
07-30 01:14:53.454  3363  4659 W OplusSlaManager: updateMCC curMCC from macc_change!
07-30 01:14:53.457  3363  4659 W OplusSlaApps: sendWhiteListAppUid no enabled app found...
07-30 01:14:53.457  3363  4659 W OplusSlaApps: sendGameAppUid no game app found!!
07-30 01:14:53.461  5036  5973 E CellularEvent: nri null ps
07-30 01:14:53.461  5036  5973 E CellularEvent: invalid nri
07-30 01:14:53.467  4943  5705 D AutoDualCardRoamingDemand: judgeToShowDialog return for sim count != 2
07-30 01:14:53.470  1979  1979 D SensorFeature: name=ssc_screenshot_info ,index = 22
07-30 01:14:53.470  1979  1979 D SensorFeature: write 37 bytes:15507960643665,15508312674446,50683,0
07-30 01:14:53.473  3363  3509 I system_server: gc_priority_optimize ctrlAppThreadUx sharedAppUxFd=711pid=3363tid=3509value=130 ret=2
07-30 01:14:53.473  3363  3509 I system_server: gc_priority_optimize set UX success2
07-30 01:14:53.508  1911  2200 I SDM     : DisplayBase::CommitThread: Received idle timeout, panel: cmd, timeout: 70000 us
07-30 01:14:53.540  2006  2057 D BatteryChargeControl: bcc get no support from charging protocol
07-30 01:14:53.585  3363  3509 I system_server: gc_priority_optimize ctrlAppThreadUx sharedAppUxFd=711pid=3363tid=3509value=768 ret=0
07-30 01:14:53.588  2006  2045 D vendor.oplus.hardware.charger-V7-service: ret_value:119, read content:,273,273,4449,4447,-14,100,100,1,1,1048704,225,4862,100,1,4500,300,500,0,0,-22,0,0,1,0,2,1,0,0,4,6098,99,0,0,0,0,0,0,0
07-30 01:14:53.588  2006  2045 D vendor.oplus.hardware.charger-V7-service: gmtime: 2025-07-30-01-14-53
07-30 01:14:53.589  2006  2045 D vendor.oplus.hardware.charger-V7-service: usb_online:1, ac_online:-2147483648, wireless_online:0
07-30 01:14:53.599  3363  3509 I system_server: gc_priority_optimize ctrlAppThreadUx sharedAppUxFd=711pid=3363tid=3509value=130 ret=2
07-30 01:14:53.599  3363  3509 I system_server: gc_priority_optimize set UX success2
07-30 01:14:53.600  3363  3509 I system_server: gc_priority_optimize ctrlAppThreadUx sharedAppUxFd=711pid=3363tid=3509value=768 ret=0
07-30 01:14:53.611  3363  3509 I system_server: gc_priority_optimize ctrlAppThreadUx sharedAppUxFd=711pid=3363tid=3509value=130 ret=2
07-30 01:14:53.611  3363  3509 I system_server: gc_priority_optimize set UX success2
07-30 01:14:53.612  3363  3509 I system_server: gc_priority_optimize ctrlAppThreadUx sharedAppUxFd=711pid=3363tid=3509value=768 ret=0
07-30 01:14:53.618  3363  3509 I system_server: gc_priority_optimize ctrlAppThreadUx sharedAppUxFd=711pid=3363tid=3509value=130 ret=2
07-30 01:14:53.618  3363  3509 I system_server: gc_priority_optimize set UX success2
07-30 01:14:53.621  3363  3509 I system_server: gc_priority_optimize ctrlAppThreadUx sharedAppUxFd=711pid=3363tid=3509value=768 ret=0
07-30 01:14:53.728  3363  3509 I system_server: Background concurrent mark compact GC freed 164MB AllocSpace bytes, 29(900KB) LOS objects, 58% free,68MB(M:66MB,L:2968KB)/164MB, paused 1.089ms,1.617ms total 255.620ms
07-30 01:14:53.733  3363  3511 W System  : A resource failed to call close. 
07-30 01:14:53.733  3363  3511 W system_server: ApkAssets: Deleting an ApkAssets object '<empty> and /data/app/~~mvoUGsKgPWPDCkiWlITrFg==/com.google.android.gms-PokRCgJyKbyqqq46gl7pZQ==/base.apk' with 1 weak references
07-30 01:14:53.733  3363  3511 W system_server: ApkAssets: Deleting an ApkAssets object '<empty> and /data/app/~~mvoUGsKgPWPDCkiWlITrFg==/com.google.android.gms-PokRCgJyKbyqqq46gl7pZQ==/split_AdsDynamite_installtime.apk' with 1 weak references
07-30 01:14:53.733  3363  3511 W system_server: ApkAssets: Deleting an ApkAssets object '<empty> and /data/app/~~mvoUGsKgPWPDCkiWlITrFg==/com.google.android.gms-PokRCgJyKbyqqq46gl7pZQ==/split_CronetDynamite_installtime.apk' with 1 weak references
07-30 01:14:53.733  3363  3511 W system_server: ApkAssets: Deleting an ApkAssets object '<empty> and /data/app/~~mvoUGsKgPWPDCkiWlITrFg==/com.google.android.gms-PokRCgJyKbyqqq46gl7pZQ==/split_DynamiteLoader_installtime.apk' with 1 weak references
07-30 01:14:53.733  3363  3511 W system_server: ApkAssets: Deleting an ApkAssets object '<empty> and /data/app/~~mvoUGsKgPWPDCkiWlITrFg==/com.google.android.gms-PokRCgJyKbyqqq46gl7pZQ==/split_DynamiteModulesA_installtime.apk' with 1 weak references
07-30 01:14:53.733  3363  3511 W system_server: ApkAssets: Deleting an ApkAssets object '<empty> and /data/app/~~mvoUGsKgPWPDCkiWlITrFg==/com.google.android.gms-PokRCgJyKbyqqq46gl7pZQ==/split_DynamiteModulesC_installtime.apk' with 1 weak references
07-30 01:14:53.733  3363  3511 W system_server: ApkAssets: Deleting an ApkAssets object '<empty> and /data/app/~~mvoUGsKgPWPDCkiWlITrFg==/com.google.android.gms-PokRCgJyKbyqqq46gl7pZQ==/split_GoogleCertificates_installtime.apk' with 1 weak references
07-30 01:14:53.733  3363  3511 W system_server: ApkAssets: Deleting an ApkAssets object '<empty> and /data/app/~~mvoUGsKgPWPDCkiWlITrFg==/com.google.android.gms-PokRCgJyKbyqqq46gl7pZQ==/split_MapsDynamite_installtime.apk' with 1 weak references
07-30 01:14:53.733  3363  3511 W system_server: ApkAssets: Deleting an ApkAssets object '<empty> and /data/app/~~mvoUGsKgPWPDCkiWlITrFg==/com.google.android.gms-PokRCgJyKbyqqq46gl7pZQ==/split_MeasurementDynamite_installtime.apk' with 1 weak references
07-30 01:14:53.734  3363  3511 W system_server: ApkAssets: Deleting an ApkAssets object '<empty> and /data/app/~~mvoUGsKgPWPDCkiWlITrFg==/com.google.android.gms-PokRCgJyKbyqqq46gl7pZQ==/split_config.en.apk' with 1 weak references
07-30 01:14:53.734  3363  3511 W system_server: ApkAssets: Deleting an ApkAssets object '<empty> and /data/app/~~mvoUGsKgPWPDCkiWlITrFg==/com.google.android.gms-PokRCgJyKbyqqq46gl7pZQ==/split_config.xxxhdpi.apk' with 1 weak references
07-30 01:14:53.734  3363  3511 W system_server: ApkAssets: Deleting an ApkAssets object '<empty> and /data/app/~~mvoUGsKgPWPDCkiWlITrFg==/com.google.android.gms-PokRCgJyKbyqqq46gl7pZQ==/split_config.zh.apk' with 1 weak references
07-30 01:14:53.734  3363  3511 W system_server: ApkAssets: Deleting an ApkAssets object '<empty> and /system_ext/priv-app/SystemUI/SystemUI.apk' with 1 weak references
07-30 01:14:53.734  3363  3511 W system_server: ApkAssets: Deleting an ApkAssets object '/product/overlay/SystemUIResCommon_Sys.apk' with 1 weak references
07-30 01:14:53.734  3363  3511 W system_server: ApkAssets: Deleting an ApkAssets object '/product/overlay/OplusSystemuiResOverlay/OplusSystemuiResOverlay.apk' with 1 weak references
07-30 01:14:53.734  3363  3511 W system_server: ApkAssets: Deleting an ApkAssets object '/product/overlay/com.android.SystemUIResOverlay.23821.apk' with 1 weak references
07-30 01:14:53.734  3363  3511 W system_server: ApkAssets: Deleting an ApkAssets object '/product/overlay/SystemUIFingerprintRes_MelodicStream.apk' with 1 weak references
07-30 01:14:53.771  1979  1979 D SensorFeature: name=ssc_screenshot_info ,index = 22
07-30 01:14:53.771  1979  1979 D SensorFeature: write 37 bytes:15507960643665,15508613736790,50684,0
07-30 01:14:53.776  3363  3611 W UserAwareMgr: event can not be released, id: 3020, count: 2, releasePid: 4890
07-30 01:14:53.846  1911  4455 I Dpps    : LtmSwState::SetParameter():144 ignore cmd 7 in state LtmOffState
07-30 01:14:53.896  5227  6117 E OplusNetworkStackManager: initService mNetworkStackService is null, try again in 10s
07-30 01:14:53.922  3363  3784 D VRR [OPlusSAManager]: updateAutoMinfps with nits: 114.41253, mHistOK true, mAmbientOK true, mCctOK true, mIrOK true, mBrightnessOK true, isPkgOK true, SA min fps: 119
07-30 01:14:53.922  3363  3784 D VRR [OPlusSurfaceFlingerController]: setAutoMode enable: false fakeFrame: false fps: 119
07-30 01:14:53.922  2159  2497 I VRR-[OPlusAdfrUtil]: ADFR try set Auto mode with mode 0 fakeframe 0 min fps 119
07-30 01:14:53.922  2159  2497 D VRR-[OPlusRefreshRateSelector]: OSyncModes add size is 1.
07-30 01:14:53.922  2159  2497 I VRR-[OPlusRefreshRateSelector]: updateAutoMode success, display 0, mode 0, fakeframe 0, min fps: 1
07-30 01:14:53.922  2159  3462 D VRR-[OPlusRefreshRateSelector]: handleSetHWCOSync
07-30 01:14:53.922  2159  3462 D VRR-[OPlusRefreshRateSelector]: OSyncModes remaining size is 0.
07-30 01:14:53.922  2159  3462 D VRR-[OPlusRefreshRateSelector]: SetHWCOSync with 5CC08081
07-30 01:14:53.922  1911  3460 I SDM     : DisplayBuiltIn::SetQSyncMode: VRR + update qsync mode 0 minfps 00C08081
07-30 01:14:53.939  1911  2200 E SDM     : DRMConnector::Perform: Connector 67: Setting Qsync min fps 12615809
07-30 01:14:54.010  1911  2200 I SDM     : DisplayBase::CommitThread: Received idle timeout, panel: cmd, timeout: 70000 us
07-30 01:14:54.072  1979  1979 D SensorFeature: name=ssc_screenshot_info ,index = 22
07-30 01:14:54.072  1979  1979 D SensorFeature: write 37 bytes:15507960643665,15508914862780,50685,0
07-30 01:14:54.111  1826  4465 I sensors-hal: handle_oplus_wise_rgb_event:189, high_pwm_light:lux 278.6,cct 3634.9,brl/algo/ir 1404.0/2.0/18.6,pwm/dc 0.0/0.0,rgbc 21653.455078/13493.861328/6246.904785/39942.578125,ts 15508881910231,cnt 28940,flag 50685
07-30 01:14:54.112  1911  4455 I Dpps    : LtmSwState::SetParameter():144 ignore cmd 7 in state LtmOffState
07-30 01:14:54.281  4890  4890 I SystemUi--QuickSettings: TemporarilyInfoManager-->[animateHide] com.oplus.systemui.qs.base.temporarilyinfo.TemporarilyInfoManager$createViewToParent$1{11d6014 VFED..C.. ........ 0,0-1080,228 #7f0a0cb6 app:id/temporarily_info_view alpha=1.0 viewInfo = } start
07-30 01:14:54.372  1979  1979 D SensorFeature: name=ssc_screenshot_info ,index = 22
07-30 01:14:54.372  1979  1979 D SensorFeature: write 37 bytes:15509197764238,15509214430904,50686,0
07-30 01:14:54.378  1911  4455 I Dpps    : LtmSwState::SetParameter():144 ignore cmd 7 in state LtmOffState
07-30 01:14:54.408  1810  1810 D healthd : system healthd: battery l=100 v=4448 t=27.3 h=2 st=5 c=6 fc=5920000 cc=20 chg=u
07-30 01:14:54.448  2006  2006 D vendor.oplus.hardware.charger-V7-service: get_ui_charge_icon_type 0 0 0 0 0
07-30 01:14:54.449  2006  2006 D vendor.oplus.hardware.charger-V7-service: oplus_chg_get_cpa_power 2500 charge_online 1 retention_topic 0
07-30 01:14:54.450  2006  2006 D vendor.oplus.hardware.charger-V7-service: oplus_chg_get_cpa_power 2500 charge_online 1 retention_topic 0
07-30 01:14:54.450  2006  2006 D vendor.oplus.hardware.charger-V7-service: getIsSingleHyperSupport=2, cpa_power=2
07-30 01:14:54.541  2006  2057 D BatteryChargeControl: bcc get no support from charging protocol
07-30 01:14:54.655  1979  1979 D SensorFeature: name=ssc_screenshot_info ,index = 22
07-30 01:14:54.655  1979  1979 D SensorFeature: write 37 bytes:15509480517676,15509497184342,50687,0
07-30 01:14:54.655  4943  6265 E OplusNetworkStackManager: initService mNetworkStackService is null, try again in 10s
07-30 01:14:54.657  3363  4359 D FusionLightNextGen: process end reported = 1, mode: 0, lux 507.9, cct -1.0, r/g/b/c: 21675.2/13545.3/6272.4/40026.8, R/G/B: 132.0/125.0/124.0, bri 1404.0, match 1.00, ir 0.018934, conf 0.0, ts 15509454184970
07-30 01:14:54.658  1911  4455 I Dpps    : LtmSwState::SetParameter():144 ignore cmd 7 in state LtmOffState
07-30 01:14:54.697  4890  4890 I SystemUi--QuickSettings: TemporarilyInfoManager-->[animateHide] com.oplus.systemui.qs.base.temporarilyinfo.TemporarilyInfoManager$createViewToParent$1{11d6014 VFED..C.. ........ 0,0-1080,228 #7f0a0cb6 app:id/temporarily_info_view alpha=0.0 viewInfo = } end
07-30 01:14:54.697  4890  4890 I SystemUi--Common: ViewExt-->[stopAlongWithPosition] com.oplus.systemui.qs.base.temporarilyinfo.TemporarilyInfoManager$createViewToParent$1{11d6014 VFED..C.. ........ 0,0-1080,228 #7f0a0cb6 app:id/temporarily_info_view alpha=0.0 viewInfo = } alongWith android.widget.RelativeLayout{4030bd V.E...... ........ 0,102-1080,222 #7f0a0a2e app:id/qs_status_bar_container_layout alpha=1.0 viewInfo = }
07-30 01:14:54.698  4890  4890 I SystemUi--QuickSettings: TemporarilyInfoManager-->[trigger] start from showAfterHideFully
07-30 01:14:54.788  1911  2200 I SDM     : DisplayBase::CommitThread: Received idle timeout, panel: cmd, timeout: 70000 us
07-30 01:14:54.909  1826  4465 I sensors-hal: handle_oplus_wise_rgb_event:189, high_pwm_light:lux 279.7,cct 3627.4,brl/algo/ir 1404.0/2.0/18.4,pwm/dc 0.0/0.0,rgbc 21735.414062/13535.912109/6272.442871/40169.769531,ts 15509504852210,cnt 28950,flag 50687
07-30 01:14:54.911  1911  4455 I Dpps    : LtmSwState::SetParameter():144 ignore cmd 7 in state LtmOffState
07-30 01:14:54.989  1911  2200 I SDM     : DisplayBase::CommitThread: Received idle timeout, panel: cmd, timeout: 70000 us
07-30 01:14:55.003  1979  1979 D SensorFeature: name=ssc_screenshot_info ,index = 22
07-30 01:14:55.003  1979  1979 D SensorFeature: write 37 bytes:15509795057883,15509845448665,50688,0
07-30 01:14:55.175  1911  4455 I Dpps    : LtmSwState::SetParameter():144 ignore cmd 7 in state LtmOffState
07-30 01:14:55.273  5227  5227 D RadioMessenger: handleMessage Request msgid 2267
07-30 01:14:55.277  5227  5227 D RadioProxyJ: [PHONE0][241]> getNrcaInfo
07-30 01:14:55.277  5227  5227 D RadioMessenger: handleMessage Request msgid 2267
07-30 01:14:55.278  3381  3402 D QmiVsClient: getNrcaInfo - enter
07-30 01:14:55.279  5227  5227 D RadioProxyJ: [PHONE1][242]> getNrcaInfo
07-30 01:14:55.280  3381  3889 D QmiVsClient: operator() callback - enter
07-30 01:14:55.280  3381  3889 D QmiVsClient: getNrcaInfo callback numCarriers: 0
07-30 01:14:55.280  3381  3402 D VsProxy : handleMessage msg is 4001
07-30 01:14:55.280  3381  3402 D RadioProxy: getNrcaInfo : response cb for instance 0
07-30 01:14:55.280  3383  3414 D QmiVsClient: getNrcaInfo - enter
07-30 01:14:55.280  3381  3381 D VendorService: getNrcaInfo respCb numCarriers 0
07-30 01:14:55.280  3381  3381 D RadioServiceResponse: RadioServiceResponse::getNrcaInfoResponse nrcaInfo
07-30 01:14:55.280  3383  3892 D QmiVsClient: operator() callback - enter
07-30 01:14:55.280  3383  3892 D QmiVsClient: getNrcaInfo callback numCarriers: 0
07-30 01:14:55.281  3383  3414 D VsProxy : handleMessage msg is 4001
07-30 01:14:55.281  3383  3414 D RadioProxy: getNrcaInfo : response cb for instance 1
07-30 01:14:55.281  5227  6389 D SubsysRadioResponse: responseNrcaInfo nrcaInfo.numCarriers: 0
07-30 01:14:55.281  3383  3383 D VendorService: getNrcaInfo respCb numCarriers 0
07-30 01:14:55.281  3383  3383 D RadioServiceResponse: RadioServiceResponse::getNrcaInfoResponse nrcaInfo
07-30 01:14:55.281  5227  6389 D RadioProxyJ: [PHONE0][241]< getNrcaInfoResponse RadioNrcaInfo{numCarriers: 0, 
07-30 01:14:55.281  5227  5227 D MessengerResponseHandler: handleMessage Response msgid 249
07-30 01:14:55.281  5227  5262 D SubsysRadioResponse: responseNrcaInfo nrcaInfo.numCarriers: 0
07-30 01:14:55.281  5227  5262 D RadioProxyJ: [PHONE1][242]< getNrcaInfoResponse RadioNrcaInfo{numCarriers: 0, 
07-30 01:14:55.281  5227  5227 D MessengerResponseHandler: handleMessage Response msgid 249
07-30 01:14:55.282  4943  4943 W Settings: Setting airplane_mode_on has moved from android.provider.Settings.System to android.provider.Settings.Global, returning read-only value.
07-30 01:14:55.282  4943  4943 W Settings: Setting airplane_mode_on has moved from android.provider.Settings.System to android.provider.Settings.Global, returning read-only value.
last known state:
  Phone Id=0
    mCallState=0
    mRingingCallState=0
    mForegroundCallState=0
    mBackgroundCallState=0
    mPreciseCallState=Ringing call state: -1, Foreground call state: -1, Background call state: -1, Disconnect cause: -1, Precise disconnect cause: -1
    mCallDisconnectCause=-1
    mCallIncomingNumber=
    mServiceState={mVoiceRegState=1(OUT_OF_SERVICE), mDataRegState=1(OUT_OF_SERVICE), mChannelNumber=641280, duplexMode()=0, mCellBandwidths=[], mOperatorAlphaLong=, mOperatorAlphaShort=, isManualNetworkSelection=false(automatic), getRilVoiceRadioTechnology=0(Unknown), getRilDataRadioTechnology=20(NR_SA), mCssIndicator=unsupported, mNetworkId=-1, mSystemId=-1, mCdmaRoamingIndicator=-1, mCdmaDefaultRoamingIndicator=-1, mIsEmergencyOnly=true, isUsingCarrierAggregation=false, mArfcnRsrpBoost=0, mNetworkRegistrationInfos=[NetworkRegistrationInfo{ domain=PS transportType=WLAN registrationState=NOT_REG_OR_SEARCHING networkRegistrationState=NOT_REG_OR_SEARCHING roamingType=NOT_ROAMING accessNetworkTechnology=UNKNOWN rejectCause=0 emergencyEnabled=false availableServices=[] cellIdentity=null voiceSpecificInfo=null dataSpecificInfo=null nrState=**** rRplmn= isUsingCarrierAggregation=false isNonTerrestrialNetwork=TERRESTRIAL}, NetworkRegistrationInfo{ domain=CS transportType=WWAN registrationState=NOT_REG_SEARCHING networkRegistrationState=NOT_REG_SEARCHING roamingType=NOT_ROAMING accessNetworkTechnology=UNKNOWN rejectCause=0 emergencyEnabled=false availableServices=[] cellIdentity=null voiceSpecificInfo=VoiceSpecificRegistrationInfo { mCssSupported=false mRoamingIndicator=0 mSystemIsInPrl=0 mDefaultRoamingIndicator=0} dataSpecificInfo=null nrState=**** rRplmn= isUsingCarrierAggregation=false isNonTerrestrialNetwork=TERRESTRIAL}, NetworkRegistrationInfo{ domain=PS transportType=WWAN registrationState=NOT_REG_SEARCHING networkRegistrationState=NOT_REG_SEARCHING roamingType=NOT_ROAMING accessNetworkTechnology=NR rejectCause=0 emergencyEnabled=true availableServices=[EMERGENCY] cellIdentity=CellIdentityNr:{ mPci = 0 mTac = 1 mNrArfcn = 641280 mBands = [78] mMcc = 001 mMnc = 01 mNci = 3584 mAlphaLong = Open5GS mAlphaShort = Open5GS mAdditionalPlmns = {} } voiceSpecificInfo=null dataSpecificInfo=android.telephony.DataSpecificRegistrationInfo :{ maxDataCalls = 16 isDcNrRestricted = false isNrAvailable = false isEnDcAvailable = false mLteAttachResultType = 0 mLteAttachExtraInfo = 0 NrVopsSupportInfo :  mVopsSupport = 0 mEmcSupport = 0 mEmfSupport = 0 } nrState=**** rRplmn=00101 isUsingCarrierAggregation=false isNonTerrestrialNetwork=TERRESTRIAL}], mNrFrequencyRange=0, mOperatorAlphaLongRaw=, mOperatorAlphaShortRaw=, mIsDataRoamingFromRegistration=false, mIsIwlanPreferred=false}
    mVoiceActivationState= 0
    mDataActivationState= 0
    mUserMobileDataState= true
    mSignalStrength=SignalStrength:{mCdma=CellSignalStrengthCdma: cdmaDbm=2147483647 cdmaEcio=2147483647 evdoDbm=2147483647 evdoEcio=2147483647 evdoSnr=2147483647 level=0,mGsm=CellSignalStrengthGsm: rssi=2147483647 ber=2147483647 mTa=2147483647 mLevel=0,mWcdma=CellSignalStrengthWcdma: ss=2147483647 ber=2147483647 rscp=2147483647 ecno=2147483647 level=0,mTdscdma=CellSignalStrengthTdscdma: rssi=2147483647 ber=2147483647 rscp=2147483647 level=0,mLte=CellSignalStrengthLte: rssi=2147483647 rsrp=2147483647 rsrq=2147483647 rssnr=2147483647 cqiTableIndex=2147483647 cqi=2147483647 ta=2147483647 level=0 parametersUseForLevel=0,mNr=CellSignalStrengthNr:{ csiRsrp = 2147483647 csiRsrq = 2147483647 csiCqiTableIndex = 2147483647 csiCqiReport = [] ssRsrp = 2147483647 ssRsrq = 2147483647 ssSinr = 2147483647 level = 0 parametersUseForLevel = 0 timingAdvance = 2147483647 },primary=CellSignalStrengthLte}
    mMessageWaiting=false
    mCallForwarding=false
    mDataActivity=0
    mDataConnectionState=-1
    mCellIdentity=CellIdentityNr:{ mPci = 0 mTac = 1 mNrArfcn = 641280 mBands = [78] mMcc = 001 mMnc = 01 mNci = 3584 mAlphaLong = Open5GS mAlphaShort = Open5GS mAdditionalPlmns = {} }
    mCellInfo=[]
    mImsCallDisconnectCause=ImsReasonInfo :: {0 : CODE_UNSPECIFIED, 0, null}
    mSrvccState=-1
    mCallPreciseDisconnectCause=-1
    mCallQuality=CallQuality: {downlinkCallQualityLevel=0 uplinkCallQualityLevel=0 callDuration=0 numRtpPacketsTransmitted=0 numRtpPacketsReceived=0 numRtpPacketsTransmittedLost=0 numRtpPacketsNotReceived=0 averageRelativeJitter=0 maxRelativeJitter=0 averageRoundTripTime=0 codecType=0 rtpInactivityDetected=false txSilenceDetected=false rxSilenceDetected=false numVoiceFrames=0 numNoDataFrames=0 numDroppedRtpPackets=0 minPlayoutDelayMillis=0 maxPlayoutDelayMillis=0 numRtpSidPacketsReceived=0 numRtpDuplicatePackets=0}
    mCallNetworkType=0
    mPreciseDataConnectionStates={}
    mOutgoingCallEmergencyNumber=null
    mOutgoingSmsEmergencyNumber=null
    mBarringInfo=BarringInfo {mCellIdentity=CellIdentityNr:{ mPci = 0 mTac = 1 mNrArfcn = 641280 mBands = [78] mMcc = 001 mMnc = 01 mNci = 3584 mAlphaLong = Open5GS mAlphaShort = Open5GS mAdditionalPlmns = {} }, mBarringServiceInfos={3=BarringServiceInfo {mBarringType=NONE, mIsConditionallyBarred=false, mConditionalBarringFactor=0, mConditionalBarringTimeSeconds=0}}}
    mCarrierNetworkChangeState=false
    mTelephonyDisplayInfo=TelephonyDisplayInfo {network=NR, overrideNetwork=NONE, isRoaming=false}
    mIsDataEnabled=true
    mDataEnabledReason=0
    mAllowedNetworkTypeReason=3
    mAllowedNetworkTypeValue=916479
    mPhysicalChannelConfigs=[]
    mLinkCapacityEstimateList=[{mType=2, mDownlinkCapacityKbps=-1, mUplinkCapacityKbps=-1}]
    mECBMReason=0
    mECBMStarted=false
    mSCBMReason=0
    mSCBMStarted=false
    mCarrierPrivilegeState=<packages=[], uids=[]>
    mCarrierServiceState=<package=***, uid=-1>
  Phone Id=1
    mCallState=0
    mRingingCallState=0
    mForegroundCallState=0
    mBackgroundCallState=0
    mPreciseCallState=Ringing call state: -1, Foreground call state: -1, Background call state: -1, Disconnect cause: -1, Precise disconnect cause: -1
    mCallDisconnectCause=-1
    mCallIncomingNumber=
    mServiceState={mVoiceRegState=1(OUT_OF_SERVICE), mDataRegState=1(OUT_OF_SERVICE), mChannelNumber=-1, duplexMode()=0, mCellBandwidths=[], mOperatorAlphaLong=, mOperatorAlphaShort=, isManualNetworkSelection=false(automatic), getRilVoiceRadioTechnology=0(Unknown), getRilDataRadioTechnology=0(Unknown), mCssIndicator=unsupported, mNetworkId=-1, mSystemId=-1, mCdmaRoamingIndicator=-1, mCdmaDefaultRoamingIndicator=-1, mIsEmergencyOnly=false, isUsingCarrierAggregation=false, mArfcnRsrpBoost=0, mNetworkRegistrationInfos=[NetworkRegistrationInfo{ domain=PS transportType=WLAN registrationState=NOT_REG_OR_SEARCHING networkRegistrationState=NOT_REG_OR_SEARCHING roamingType=NOT_ROAMING accessNetworkTechnology=UNKNOWN rejectCause=0 emergencyEnabled=false availableServices=[] cellIdentity=null voiceSpecificInfo=null dataSpecificInfo=null nrState=**** rRplmn= isUsingCarrierAggregation=false isNonTerrestrialNetwork=TERRESTRIAL}, NetworkRegistrationInfo{ domain=CS transportType=WWAN registrationState=NOT_REG_SEARCHING networkRegistrationState=NOT_REG_SEARCHING roamingType=NOT_ROAMING accessNetworkTechnology=UNKNOWN rejectCause=0 emergencyEnabled=false availableServices=[] cellIdentity=null voiceSpecificInfo=VoiceSpecificRegistrationInfo { mCssSupported=false mRoamingIndicator=0 mSystemIsInPrl=0 mDefaultRoamingIndicator=0} dataSpecificInfo=null nrState=**** rRplmn= isUsingCarrierAggregation=false isNonTerrestrialNetwork=TERRESTRIAL}, NetworkRegistrationInfo{ domain=PS transportType=WWAN registrationState=NOT_REG_SEARCHING networkRegistrationState=NOT_REG_SEARCHING roamingType=NOT_ROAMING accessNetworkTechnology=UNKNOWN rejectCause=0 emergencyEnabled=false availableServices=[] cellIdentity=null voiceSpecificInfo=null dataSpecificInfo=android.telephony.DataSpecificRegistrationInfo :{ maxDataCalls = 16 isDcNrRestricted = false isNrAvailable = false isEnDcAvailable = false mLteAttachResultType = 0 mLteAttachExtraInfo = 0 null } nrState=**** rRplmn= isUsingCarrierAggregation=false isNonTerrestrialNetwork=TERRESTRIAL}], mNrFrequencyRange=0, mOperatorAlphaLongRaw=, mOperatorAlphaShortRaw=, mIsDataRoamingFromRegistration=false, mIsIwlanPreferred=false}
    mVoiceActivationState= 0
    mDataActivationState= 0
    mUserMobileDataState= false
    mSignalStrength=SignalStrength:{mCdma=CellSignalStrengthCdma: cdmaDbm=2147483647 cdmaEcio=2147483647 evdoDbm=2147483647 evdoEcio=2147483647 evdoSnr=2147483647 level=0,mGsm=CellSignalStrengthGsm: rssi=2147483647 ber=2147483647 mTa=2147483647 mLevel=0,mWcdma=CellSignalStrengthWcdma: ss=2147483647 ber=2147483647 rscp=2147483647 ecno=2147483647 level=0,mTdscdma=CellSignalStrengthTdscdma: rssi=2147483647 ber=2147483647 rscp=2147483647 level=0,mLte=CellSignalStrengthLte: rssi=2147483647 rsrp=2147483647 rsrq=2147483647 rssnr=2147483647 cqiTableIndex=2147483647 cqi=2147483647 ta=2147483647 level=0 parametersUseForLevel=0,mNr=CellSignalStrengthNr:{ csiRsrp = 2147483647 csiRsrq = 2147483647 csiCqiTableIndex = 2147483647 csiCqiReport = [] ssRsrp = 2147483647 ssRsrq = 2147483647 ssSinr = 2147483647 level = 0 parametersUseForLevel = 0 timingAdvance = 2147483647 },primary=CellSignalStrengthLte}
    mMessageWaiting=false
    mCallForwarding=false
    mDataActivity=0
    mDataConnectionState=-1
    mCellIdentity=null
    mCellInfo=[]
    mImsCallDisconnectCause=ImsReasonInfo :: {0 : CODE_UNSPECIFIED, 0, null}
    mSrvccState=-1
    mCallPreciseDisconnectCause=-1
    mCallQuality=CallQuality: {downlinkCallQualityLevel=0 uplinkCallQualityLevel=0 callDuration=0 numRtpPacketsTransmitted=0 numRtpPacketsReceived=0 numRtpPacketsTransmittedLost=0 numRtpPacketsNotReceived=0 averageRelativeJitter=0 maxRelativeJitter=0 averageRoundTripTime=0 codecType=0 rtpInactivityDetected=false txSilenceDetected=false rxSilenceDetected=false numVoiceFrames=0 numNoDataFrames=0 numDroppedRtpPackets=0 minPlayoutDelayMillis=0 maxPlayoutDelayMillis=0 numRtpSidPacketsReceived=0 numRtpDuplicatePackets=0}
    mCallNetworkType=0
    mPreciseDataConnectionStates={}
    mOutgoingCallEmergencyNumber=null
    mOutgoingSmsEmergencyNumber=null
