07-28 20:15:56.195  3482  3815 D VRR [OPlusSAManager]: updateModeChange old modeId [ 5 ] -> new modeId [ 4 ] mCurPolicy: 1
07-28 20:15:56.195  3482  3815 D VRR [OPlusSAManager]: updateSAScene active modeId: 4
07-28 20:15:56.195  3482  3815 D VRR [OPlusSAManager]: updateSAScene current policy: 1 active modeId: 4 scene: VRR_90_120
07-28 20:15:56.195  3482  3815 D VRR [OPlusOAManager]: Not OA business! new modeId: [4] active modeId: [5]
07-28 20:15:56.195  3482  3815 D VRR [OPlusGameStatusManager]: updateGameState mOSyncFeatureSwitch: false mIsGamePolicy: false
07-28 20:15:56.195  3482  3815 D VRR [OPlusGameStatusManager]: setLTMStatus false curPkgName: null curr status: false HeartStop: false HeartStopFromTGPA: false ActiveFPS: 120.00001
07-28 20:15:56.195  3482  3815 D VRR [OPlusGameStatusManager]: updateGameAccelerationStatus pkgName: null mOSyncFeatureSwitch: false mIsGamePolicy: false mHeartStop: false mHasFlickerRisk: false mForceAcceleration: false mToastReady: false enable: false
07-28 20:15:56.195  3482  3815 D VRR [OPlusGameStatusManager]: updateToastStatus enableAcceleration: false toastReady: false isGamePolicy: false desiredModeId: 4
07-28 20:15:56.195  3482  3815 D VRR [OPlusGameStatusManager]: updateToastStatus enableAcceleration: false toastReady: false isGamePolicy: false desiredModeId: 4
07-28 20:15:56.195  2146  3233 D VRR [OTI-HW]: isStateReady 0
07-28 20:15:56.196  2146  3233 D VRR [OTI-HW]: keep rate.
07-28 20:15:56.196  3482  3815 D VRR [OPlusSurfaceFlingerController]:  setDirectorOtiHwConfig : true
07-28 20:15:56.201  4840  5481 D BLASTBufferQueue: [VRI[NotificationShade]#8](f:0,a:1) acquireNextBufferLocked size=1080x2376 mFrameNumber=1 applyTransaction=true mTimestamp=57819456538(auto) mPendingTransactions.size=0 graphicBufferId=20787641712690 transform=0
07-28 20:15:56.201  4840  5481 D VRI[NotificationShade]: Received frameCommittedCallback lastAttemptedDrawFrameNum=1 didProduceBuffer=true syncBuffer=false
07-28 20:15:56.201  4840  4840 D VRI[NotificationShade]: draw finished. seqId=0
07-28 20:15:56.201  3482  5279 I WindowManager: Window{e61281a u0 NotificationShade} state from DRAW_PENDING to COMMIT_DRAW_PENDING; reason: finishDrawingLocked
07-28 20:15:56.202  3482  3694 I WindowManager: Window{e61281a u0 NotificationShade} state from COMMIT_DRAW_PENDING to READY_TO_SHOW; reason: commitFinishDrawingLocked
07-28 20:15:56.202  3482  3694 I WindowManager: Window{e61281a u0 NotificationShade} state from READY_TO_SHOW to HAS_DRAWN; reason: performShowLocked
07-28 20:15:56.203  4840  5693 V OplusCustomizeCacheManager: queryCache name: sys.cache.common_customize_cache11011 param: null
07-28 20:15:56.203  4840  4840 D ZenModeController: Added callback class com.oplus.systemui.qs.tiles.OplusDndTile$1
07-28 20:15:56.203  4840  4840 I SystemUi--Notification: OplusHeadsUpCoreStart-->isVisibility: true
07-28 20:15:56.203  4840  5693 V OplusCustomizeCacheManager: queryCache name: sys.cache.common_customize_cache11010 param: null
07-28 20:15:56.203  4840  4840 I SystemUi--Statusbar: DisplayRepository-->combining enabled=[0], connectedExternalDisplayIds=[], ignored=[]
07-28 20:15:56.204  4840  4840 I SystemUi--Notification: OplusNotificationShadeWindowControllerExImpl-->SHADE_FOCUSABLE-->mNotificationShadeFocusable= true, mPanelExpanded= true, mBouncerShowing= false, mKeyguardShowing= false, mKeyguardOccluded= false, mKeyguardNeedsInput= false, ENABLE_REMOTE_INPUT= true, mRemoteInputActive= false, layoutFlags= -2121924544
07-28 20:15:56.204  4840  4840 I SystemUi--Notification: OplusNotificationShadeWindowControllerExImpl-->SHADE_VISIBLE-->mKeyguardShowing= false, mKeyguardOccluded= false, mPanelVisible= false, mKeyguardFadingAway= false, mKeyguardGoingAway= false, mBouncerShowing= false, mScrimsVisibility= 1, mBackgroundBlurRadius= 0, mForcePluginOpen= false, mediaBackdropShowing= false, viewVisibility= true, qsBlurFraction= 0.023459096, panelBlurFraction= 0.0
07-28 20:15:56.204  4840  4840 I PluginSeedling--CapsuleCard: CardRootViewModel-->onExpandedChanged: true
07-28 20:15:56.204  4840  4840 I PluginSeedling--StateMachine: StateEventManager-->stable: true, event: null
07-28 20:15:56.204  4840  5693 V OplusCustomizeCacheManager: queryCache name: sys.cache.common_customize_cache18014 param: null
07-28 20:15:56.204  4840  5693 D OplusCustomizeCacheManager: add cachename to map: sys.cache.common_customize_cache18014
07-28 20:15:56.204  4840  5693 V OplusCustomizeCacheManager: start recompute
07-28 20:15:56.204  4840  4840 I SystemUi--QuickSettings: OplusQsBrightnessSliderController-->setProgressAnimation value: 1735 isListening: true  screenBrightnessDuration: 0.0  startValue: 0 startTime: 0 lastDuration: 542.0 lastStartTime: 46364  max: 4089 sliderProgress: 0 needResetLastAnimation: false
07-28 20:15:56.205  4840  4840 I SystemUi--QuickSettings: OplusQsBrightnessSliderController-->handleNoDuration proportion: 1.0 currentProgress: 1735 duration: 0.0 lastStartValue: 6 sliderProgress: 1735
07-28 20:15:56.205  4840  5693 V OplusCustomizeCacheManager: queryCache name: sys.cache.common_customize_cache18017 param: Bundle[{SETTING=BLOCK, BUSINESS=NCT-DATA}]
07-28 20:15:56.205  4840  5693 D OplusCustomizeCacheManager: add cachename to map: sys.cache.common_customize_cache18017
07-28 20:15:56.205  4840  5693 V OplusCustomizeCacheManager: start recompute
07-28 20:15:56.205  3482  5279 D OplusCustomizeSecurityManagerService: we can't find the BLOCK
07-28 20:15:56.205  4840  5693 V OplusCustomizeCacheManager: queryCache name: sys.cache.common_customize_cache18013 param: null
07-28 20:15:56.206  3482  3738 I UserAwareMgr: handleFgAppChanged, pkgName: com.android.systemui, pid: 4840, isVisible: true, fgAppType: FG2
07-28 20:15:56.206  3482  3738 I UserAwareMgr: fg app status not changed, beforeVisible: true, currentVisible: true
07-28 20:15:56.206  4840  5693 V OplusCustomizeCacheManager: queryCache name: sys.cache.common_customize_cache18025 param: null
07-28 20:15:56.206  4840  5693 I SystemUi--QuickSettings: Tile.OplusAirplaneModeTile-->handleUpdateState state.state: 2 value: 1
07-28 20:15:56.206  4840  4840 I SystemUi--Keyguard: ScrimControllerExImp-->blur State to UNLOCK, bouncer=false changeFromBouncerScrim= false runnerUnlock= false goingAway=false hasHandle=true isOccludeAnimationPlaying=false
07-28 20:15:56.206  3482  5266 I InputDispatcher: injectInputEvent: targetUid=<not set>, syncMode=WAIT_FOR_FINISHED, timeout=30000ms, policyFlags=0x8000000, event=MotionEvent { action=MOVE, id[0]=0, x[0]=900, y[0]=712.934, eventTime=57825000000, downTime=57721000000, deviceId=4, source=TOUCHSCREEN, displayId=0, eventId=0xd40f0466}
07-28 20:15:56.206  4840  5693 V OplusCustomizeCacheManager: queryCache name: sys.cache.common_customize_cache18026 param: null
07-28 20:15:56.207  3482  3794 D PowerManagerService: userActivityNoUpdateLocked: groupId=0, eventTime=57825, event=touch, flags=0x0, uid=1000
07-28 20:15:56.207  4840  4840 I SystemUi--Keyguard: ScrimControllerExImp-->blur State to UNLOCK, bouncer=false changeFromBouncerScrim= false runnerUnlock= false goingAway=false hasHandle=true isOccludeAnimationPlaying=false
07-28 20:15:56.207  4840  4840 I SystemUi--QuickSettings: QSPanelAnimatorManager-->showFirstElement
07-28 20:15:56.207  4840  4840 D ViewRootImplExtImpl: wrapConfigInfoIntoFlags rotation=0, smallestScreenWidthDp=360, residentWS=false, scenario=0, bounds=Rect(0, 0 - 1080, 2376), relayoutAsync=true, flags=1, newFlags=1245719809, title=NotificationShade
07-28 20:15:56.207  4840  4840 W VRI[NotificationShade]: updateBlastSurfaceIfNeeded, surfaceSize:Point(1080, 2376), lastSurfaceSize:Point(1080, 2376), format:-3, blastBufferQueue:android.graphics.BLASTBufferQueue@dba42d9
07-28 20:15:56.207  3482  5279 D WindowManagerServiceExtImpl: extractConfigInfoAndRealFlags rotation=0, screenDp=360, residentWS:0, scenario:0, bounds:2376, serverWinBounds:Rect(0, 0 - 1080, 2376), win=Window{e61281a u0 NotificationShade}
07-28 20:15:56.208  3482  5279 V WindowManager: Relayout Window{e61281a u0 NotificationShade}: viewVisibility=0, oldvis=0, req=1080x2376, vsysui=, x=0, y=0
07-28 20:15:56.208  4840  4840 I SurfaceControl:  setExtendedRangeBrightness sc=Surface(name=NotificationShade)/@0x90ffe08,currentBufferRatio=1.0,desiredRatio=1.0
07-28 20:15:56.209  3482  5279 D RefreshRate: initControlPanelRefreshRateData PreferredRefreshRateData{mPreferredRefreshRateId=[3, 1, 2, 3],isAnimBoost=true}
07-28 20:15:56.209  4840  5693 V OplusCustomizeCacheManager: queryCache name: sys.cache.common_customize_cache11009 param: null
07-28 20:15:56.209  3482  5279 D WindowManager: NFW_findFocusedWindowIfNeeded:Window{e61281a u0 NotificationShade} mCurrentFocus:Window{c7d7ead u0 com.android.launcher/com.android.launcher.Launcher}
07-28 20:15:56.209  3482  5279 V WindowManager: Changing focus from Window{c7d7ead u0 com.android.launcher/com.android.launcher.Launcher} to Window{e61281a u0 NotificationShade},diplayid=0
07-28 20:15:56.209  3482  4574 E OplusUIFirst_WS: unknown window type: -1
07-28 20:15:56.209  3482  3815 D VRR [OPlusRefreshRateService]: Receive multi scene changed eventId = 5 bundleList.size = 2
07-28 20:15:56.209  3482  4644 E FBProcessManager: unknown window type: -1
07-28 20:15:56.209  3482  4574 E UAH-Framework: invalid window type -1
07-28 20:15:56.210  3482  5279 D Theia.NoFocusWindow: FocusWindowErrorScene cancelCheckFreezeScreen
07-28 20:15:56.210  3482  5279 W TheiaWindowMonitor: [check] focusedWindow is null or enable is false
07-28 20:15:56.211  7329  7329 W Battery : PowerSaveTileService: updateTileState false
07-28 20:15:56.211  4840  4840 W SystemUi--Common: SubsetBitmapDrawable-->[isValid] innerBitmap?.isRecycled=null
07-28 20:15:56.211  4840  5693 V OplusCustomizeCacheManager: queryCache name: sys.cache.common_customize_cache18027 param: null
07-28 20:15:56.212  4840  4840 I SystemUi--Statusbar: BatteryViewBinder-->create drawable: com.oplus.systemui.statusbar.pipeline.battery.ui.drawable.HorizontalBatteryContentDrawable@6992c05 iconStyle:BatteryIconStyle(iconStyle=1, oldStylePercentIn=false, densityDpi=480, scaleFactor=1.0, themeId=0, isThemeModeColor=false, frameColorMode=0, isPercentOutBgMode=false, isPercentOutPbMode=false, batteryOutChargeBgMode=0)
07-28 20:15:56.212  4840  5693 V OplusCustomizeCacheManager: queryCache name: sys.cache.common_customize_cache11010 param: null
07-28 20:15:56.213  4840  4840 I SystemUi--Statusbar: BatteryViewBinder-->create drawable: com.oplus.systemui.statusbar.pipeline.battery.ui.drawable.HorizontalBatteryContentDrawable@a354ef1 iconStyle:BatteryIconStyle(iconStyle=1, oldStylePercentIn=false, densityDpi=480, scaleFactor=1.0, themeId=0, isThemeModeColor=false, frameColorMode=0, isPercentOutBgMode=false, isPercentOutPbMode=false, batteryOutChargeBgMode=0)
07-28 20:15:56.214  2146  2146 D OplusInfoMonitor: setListenerReport: reportInfo:
07-28 20:15:56.214  3482  3694 D SurfaceComposerClient: Transaction::apply InputWindowCommands.focusRequests timestamp=57829551226, windowName=e61281a NotificationShade
07-28 20:15:56.214  2146  3273 D SurfaceFlinger: captureLayers from pid 5363 uid -335
07-28 20:15:56.215  4840  4840 W SystemUi--Common: SubsetBitmapDrawable-->[isValid] innerBitmap?.isRecycled=null
07-28 20:15:56.215  4840  4840 D JankUtils: gfxSceneBegin; scene: 7; sceneDes: QS PULL
07-28 20:15:56.216  4840  4840 I SystemUi--Keyguard: ScrimControllerExImp-->blur State to UNLOCK, bouncer=false changeFromBouncerScrim= false runnerUnlock= false goingAway=false hasHandle=true isOccludeAnimationPlaying=false
07-28 20:15:56.216  4840  4840 I SystemUi--Keyguard: ScrimControllerExImp-->blur State to UNLOCK, bouncer=false changeFromBouncerScrim= false runnerUnlock= false goingAway=false hasHandle=true isOccludeAnimationPlaying=false
07-28 20:15:56.216  4840  4840 I SystemUi--QuickSettings: QSPanelAnimatorManager-->showSecondElement
07-28 20:15:56.218  1899  5663 I SnapAlloc: Using graphics libs for alignment calculations
07-28 20:15:56.218  4840  4840 I SystemUi--Statusbar: BatteryViewBinder-->create drawable: com.oplus.systemui.statusbar.pipeline.battery.ui.drawable.HorizontalBatteryContentDrawable@448062f iconStyle:BatteryIconStyle(iconStyle=1, oldStylePercentIn=false, densityDpi=480, scaleFactor=1.0, themeId=0, isThemeModeColor=false, frameColorMode=0, isPercentOutBgMode=false, isPercentOutPbMode=false, batteryOutChargeBgMode=0)
07-28 20:15:56.219  1899  5663 I SnapAlloc: Using graphics libs for alignment calculations
07-28 20:15:56.219  4840  4840 I SystemUi--Statusbar: BatteryViewBinder-->create drawable: com.oplus.systemui.statusbar.pipeline.battery.ui.drawable.HorizontalBatteryContentDrawable@be7243c iconStyle:BatteryIconStyle(iconStyle=1, oldStylePercentIn=false, densityDpi=480, scaleFactor=1.0, themeId=0, isThemeModeColor=false, frameColorMode=0, isPercentOutBgMode=false, isPercentOutPbMode=false, batteryOutChargeBgMode=0)
07-28 20:15:56.219  1899  5663 I SnapAlloc: Using graphics libs for alignment calculations
07-28 20:15:56.220  4840  4840 I SystemUi--Keyguard: ScrimControllerExImp-->blur State to UNLOCK, bouncer=false changeFromBouncerScrim= false runnerUnlock= false goingAway=false hasHandle=true isOccludeAnimationPlaying=false
07-28 20:15:56.221  3482  5266 I InputDispatcher: injectInputEvent: targetUid=<not set>, syncMode=WAIT_FOR_FINISHED, timeout=30000ms, policyFlags=0x8000000, event=MotionEvent { action=MOVE, id[0]=0, x[0]=900, y[0]=804.867, eventTime=57839000000, downTime=57721000000, deviceId=4, source=TOUCHSCREEN, displayId=0, eventId=0xc5cf17ae}
07-28 20:15:56.221  4840  5367 D Util    : isPkgInstalled_isPkgInstalled = false
07-28 20:15:56.221  4840  4840 I SystemUi--Keyguard: ScrimControllerExImp-->blur State to UNLOCK, bouncer=false changeFromBouncerScrim= false runnerUnlock= false goingAway=false hasHandle=true isOccludeAnimationPlaying=false
07-28 20:15:56.221  4840  5367 D Util    : isPkgInstalled_isPkgInstalled = true
07-28 20:15:56.224  2146  3285 D SurfaceFlinger: updateWinowInfo=1, setFocusedWindow timestamp=57829551226, windowName=e61281a NotificationShade
07-28 20:15:56.224  3482  5359 I InputDispatcher: NFW_setFocusedWindow, e61281a NotificationShade on display 0, same as the previous:0
07-28 20:15:56.224  3482  5359 I InputDispatcher: updateFocusedWindow,  on display 0, reason: Waiting for window because NOT_FOCUSABLE, result:   FocusedWindows: <none>
07-28 20:15:56.224  3482  5279 I InputDispatcher: updateFocusedWindow, e61281a NotificationShade on display 0, reason: Window became focusable. Previous reason: NOT_FOCUSABLE, result:   FocusedWindows:
07-28 20:15:56.224  3482  5279 I InputDispatcher:     displayId=0, name='e61281a NotificationShade'
07-28 20:15:56.224  5193  5193 D VRI[Launcher]: onFocusEvent false
07-28 20:15:56.224  4840  4840 D VRI[NotificationShade]: onFocusEvent true
07-28 20:15:56.225  4840  4840 I SystemUi--Keyguard: ScrimControllerExImp-->blur State to UNLOCK, bouncer=false changeFromBouncerScrim= false runnerUnlock= false goingAway=false hasHandle=true isOccludeAnimationPlaying=false
07-28 20:15:56.225  4840  4840 I SystemUi--Keyguard: ScrimControllerExImp-->blur State to UNLOCK, bouncer=false changeFromBouncerScrim= false runnerUnlock= false goingAway=false hasHandle=true isOccludeAnimationPlaying=false
07-28 20:15:56.226  4840  5481 W BlurApp_1.0.7-OPlusBlurDrawable: [updatePosition] multiple changes in frame 4, maybe attached to multiple views!
07-28 20:15:56.226  4840  5481 W BlurApp_1.0.7-OPlusBlurDrawable: [updatePosition] multiple changes in frame 4, maybe attached to multiple views!
07-28 20:15:56.226  4840  5481 W BlurApp_1.0.7-OPlusBlurDrawable: [updatePosition] multiple changes in frame 4, maybe attached to multiple views!
07-28 20:15:56.226  4840  5481 W BlurApp_1.0.7-OPlusBlurDrawable: [updatePosition] multiple changes in frame 4, maybe attached to multiple views!
07-28 20:15:56.226  4840  5481 W BlurApp_1.0.7-OPlusBlurDrawable: [updatePosition] multiple changes in frame 4, maybe attached to multiple views!
07-28 20:15:56.226  4840  5481 W BlurApp_1.0.7-OPlusBlurDrawable: [updatePosition] multiple changes in frame 4, maybe attached to multiple views!
07-28 20:15:56.226  4840  5481 W BlurApp_1.0.7-OPlusBlurDrawable: [updatePosition] multiple changes in frame 4, maybe attached to multiple views!
07-28 20:15:56.226  4840  5481 W BlurApp_1.0.7-OPlusBlurDrawable: [updatePosition] multiple changes in frame 4, maybe attached to multiple views!
07-28 20:15:56.226  4840  5481 W BlurApp_1.0.7-OPlusBlurDrawable: [updatePosition] multiple changes in frame 4, maybe attached to multiple views!
07-28 20:15:56.226  4840  5481 W BlurApp_1.0.7-OPlusBlurDrawable: [updatePosition] multiple changes in frame 4, maybe attached to multiple views!
07-28 20:15:56.226  4840  5481 W BlurApp_1.0.7-OPlusBlurDrawable: [updatePosition] multiple changes in frame 4, maybe attached to multiple views!
07-28 20:15:56.226  4840  5481 W BlurApp_1.0.7-OPlusBlurDrawable: [updatePosition] multiple changes in frame 4, maybe attached to multiple views!
07-28 20:15:56.226  4840  5481 W BlurApp_1.0.7-OPlusBlurDrawable: [updatePosition] multiple changes in frame 4, maybe attached to multiple views!
07-28 20:15:56.226  4840  5481 W BlurApp_1.0.7-OPlusBlurDrawable: [updatePosition] multiple changes in frame 4, maybe attached to multiple views!
07-28 20:15:56.226  4840  5481 W BlurApp_1.0.7-OPlusBlurDrawable: [updatePosition] multiple changes in frame 4, maybe attached to multiple views!
07-28 20:15:56.226  4840  5481 W BlurApp_1.0.7-OPlusBlurDrawable: [updatePosition] multiple changes in frame 4, maybe attached to multiple views!
07-28 20:15:56.227  4840  4840 I SystemUi--Keyguard: OplusRepeatWhenAttachedUnlock-->updateState: view.windowVisibility: 0, keyguardShow: false, isInPreviewMode: false, view.hasWindowFocus(): true
07-28 20:15:56.227  4840  4840 I SystemUi--Keyguard: OplusRepeatWhenAttachedUnlock-->updateState: view.windowVisibility: 0, keyguardShow: false, isInPreviewMode: false, view.hasWindowFocus(): true
07-28 20:15:56.233  1899  5663 I SnapAlloc: Using graphics libs for alignment calculations
07-28 20:15:56.234  4840  4840 I SystemUi--Keyguard: ScrimControllerExImp-->blur State to UNLOCK, bouncer=false changeFromBouncerScrim= false runnerUnlock= false goingAway=false hasHandle=true isOccludeAnimationPlaying=false
07-28 20:15:56.234  3482  5266 I InputDispatcher: injectInputEvent: targetUid=<not set>, syncMode=WAIT_FOR_FINISHED, timeout=30000ms, policyFlags=0x8000000, event=MotionEvent { action=MOVE, id[0]=0, x[0]=900, y[0]=890.233, eventTime=57852000000, downTime=57721000000, deviceId=4, source=TOUCHSCREEN, displayId=0, eventId=0xc1fbe6ca}
07-28 20:15:56.234  4840  4840 I SystemUi--Keyguard: ScrimControllerExImp-->blur State to UNLOCK, bouncer=false changeFromBouncerScrim= false runnerUnlock= false goingAway=false hasHandle=true isOccludeAnimationPlaying=false
07-28 20:15:56.242  3482  5266 I InputDispatcher: injectInputEvent: targetUid=<not set>, syncMode=WAIT_FOR_FINISHED, timeout=30000ms, policyFlags=0x8000000, event=MotionEvent { action=MOVE, id[0]=0, x[0]=900, y[0]=949.333, eventTime=57861000000, downTime=57721000000, deviceId=4, source=TOUCHSCREEN, displayId=0, eventId=0xecf6eb0a}
07-28 20:15:56.242  4840  4840 I SystemUi--Keyguard: ScrimControllerExImp-->blur State to UNLOCK, bouncer=false changeFromBouncerScrim= false runnerUnlock= false goingAway=false hasHandle=true isOccludeAnimationPlaying=false
07-28 20:15:56.242  4840  4840 I SystemUi--Keyguard: ScrimControllerExImp-->blur State to UNLOCK, bouncer=false changeFromBouncerScrim= false runnerUnlock= false goingAway=false hasHandle=true isOccludeAnimationPlaying=false
07-28 20:15:56.245  3482  3815 D VRR [OPlusSAManager]: setSAConfig scene: VRR_90_120 modeId: 4 auto: true fakeFrame: true
07-28 20:15:56.245  3482  3815 D VRR [OPlusSAManager]: updateAutoMinfps with nits: 112.23259, mHistOK true, mAmbientOK true, mCctOK true, mIrOK true, mBrightnessOK true, isPkgOK true, SA min fps: 119
07-28 20:15:56.245  3482  3815 D VRR [OPlusSurfaceFlingerController]: setAutoMode enable: true fakeFrame: true fps: 119
07-28 20:15:56.246  2146  3273 I VRR-[OPlusAdfrUtil]: ADFR try set Auto mode with mode 1 fakeframe 1 min fps 119
07-28 20:15:56.246  2146  3273 D VRR-[OPlusRefreshRateSelector]: OSyncModes add size is 1.
07-28 20:15:56.246  2146  3273 I VRR-[OPlusRefreshRateSelector]: updateAutoMode success, display 0, mode 0, fakeframe 1, min fps: 1
07-28 20:15:56.246  2146  3182 D VRR-[OPlusRefreshRateSelector]: handleSetHWCOSync
07-28 20:15:56.246  2146  3182 D VRR-[OPlusRefreshRateSelector]: OSyncModes remaining size is 0.
07-28 20:15:56.246  2146  3182 D VRR-[OPlusRefreshRateSelector]: SetHWCOSync with 5CC08181
07-28 20:15:56.246  1907  3168 I SDM     : DisplayBuiltIn::SetQSyncMode: VRR + update qsync mode 0 minfps 00C08181
07-28 20:15:56.248  1907  2183 E SDM     : DRMConnector::Perform: Connector 67: Setting Qsync min fps 12616065
07-28 20:15:56.250  1899  5663 I SnapAlloc: Using graphics libs for alignment calculations
07-28 20:15:56.250  4840  4840 I SystemUi--Keyguard: ScrimControllerExImp-->blur State to UNLOCK, bouncer=false changeFromBouncerScrim= false runnerUnlock= false goingAway=false hasHandle=true isOccludeAnimationPlaying=false
07-28 20:15:56.250  3482  5266 I InputDispatcher: injectInputEvent: targetUid=<not set>, syncMode=WAIT_FOR_FINISHED, timeout=30000ms, policyFlags=0x8000000, event=MotionEvent { action=MOVE, id[0]=0, x[0]=900, y[0]=1001.87, eventTime=57869000000, downTime=57721000000, deviceId=4, source=TOUCHSCREEN, displayId=0, eventId=0xe732d35e}
07-28 20:15:56.251  4840  4840 I SystemUi--Keyguard: ScrimControllerExImp-->blur State to UNLOCK, bouncer=false changeFromBouncerScrim= false runnerUnlock= false goingAway=false hasHandle=true isOccludeAnimationPlaying=false
07-28 20:15:56.255  4840  5334 I SystemUi--Statusbar: PrivacyDotViewController-->processNextViewState: 
07-28 20:15:56.255  4840  5334 I SystemUi--Statusbar: PrivacyDotViewController-->resolveState ViewState(viewInitialized=true, systemPrivacyEventIsActive=false, shadeExpanded=true, needShow=false, portraitRect=Rect(0, 0 - 1080, 120), landscapeRect=Rect(120, 0 - 2376, 120), upsideDownRect=Rect(0, 0 - 1080, 120), seascapeRect=Rect(0, 0 - 2244, 120), layoutRtl=false, rotation=0, paddingTop=14, paddingBottom=15, cornerIndex=1, designatedCorner=android.widget.FrameLayout{85abc22 I.E...... ......ID 1032,0-1080,120 #7f0a09cd app:id/privacy_dot_top_right_container alpha=1.0 viewInfo = }, contentDescription=null, dotMargin=48)
07-28 20:15:56.258  4840  4840 I SystemUi--Keyguard: ScrimControllerExImp-->blur State to UNLOCK, bouncer=false changeFromBouncerScrim= false runnerUnlock= false goingAway=false hasHandle=true isOccludeAnimationPlaying=false
07-28 20:15:56.258  3482  5266 I InputDispatcher: injectInputEvent: targetUid=<not set>, syncMode=WAIT_FOR_FINISHED, timeout=30000ms, policyFlags=0x8000000, event=MotionEvent { action=MOVE, id[0]=0, x[0]=900, y[0]=1054.4, eventTime=57877000000, downTime=57721000000, deviceId=4, source=TOUCHSCREEN, displayId=0, eventId=0xe0953be8}
07-28 20:15:56.259  4840  4840 I SystemUi--Keyguard: ScrimControllerExImp-->blur State to UNLOCK, bouncer=false changeFromBouncerScrim= false runnerUnlock= false goingAway=false hasHandle=true isOccludeAnimationPlaying=false
07-28 20:15:56.267  1899  5663 I SnapAlloc: Using graphics libs for alignment calculations
07-28 20:15:56.267  4840  4840 I SystemUi--Keyguard: ScrimControllerExImp-->blur State to UNLOCK, bouncer=false changeFromBouncerScrim= false runnerUnlock= false goingAway=false hasHandle=true isOccludeAnimationPlaying=false
07-28 20:15:56.267  3482  5266 I InputDispatcher: injectInputEvent: targetUid=<not set>, syncMode=WAIT_FOR_FINISHED, timeout=30000ms, policyFlags=0x8000000, event=MotionEvent { action=MOVE, id[0]=0, x[0]=900, y[0]=1113.5, eventTime=57886000000, downTime=57721000000, deviceId=4, source=TOUCHSCREEN, displayId=0, eventId=0xfb9bfce6}
07-28 20:15:56.267  4840  4840 I SystemUi--Keyguard: ScrimControllerExImp-->blur State to UNLOCK, bouncer=false changeFromBouncerScrim= false runnerUnlock= false goingAway=false hasHandle=true isOccludeAnimationPlaying=false
07-28 20:15:56.275  4840  4840 I SystemUi--Keyguard: ScrimControllerExImp-->blur State to UNLOCK, bouncer=false changeFromBouncerScrim= false runnerUnlock= false goingAway=false hasHandle=true isOccludeAnimationPlaying=false
07-28 20:15:56.275  3482  5266 I InputDispatcher: injectInputEvent: targetUid=<not set>, syncMode=WAIT_FOR_FINISHED, timeout=30000ms, policyFlags=0x8000000, event=MotionEvent { action=MOVE, id[0]=0, x[0]=900, y[0]=1166.03, eventTime=57894000000, downTime=57721000000, deviceId=4, source=TOUCHSCREEN, displayId=0, eventId=0xffad5380}
07-28 20:15:56.275  4840  4840 I SystemUi--Keyguard: ScrimControllerExImp-->blur State to UNLOCK, bouncer=false changeFromBouncerScrim= false runnerUnlock= false goingAway=false hasHandle=true isOccludeAnimationPlaying=false
07-28 20:15:56.283  1899  5663 I SnapAlloc: Using graphics libs for alignment calculations
07-28 20:15:56.283  4840  4840 I SystemUi--Keyguard: ScrimControllerExImp-->blur State to UNLOCK, bouncer=false changeFromBouncerScrim= false runnerUnlock= false goingAway=false hasHandle=true isOccludeAnimationPlaying=false
07-28 20:15:56.283  3482  5266 I InputDispatcher: injectInputEvent: targetUid=<not set>, syncMode=WAIT_FOR_FINISHED, timeout=30000ms, policyFlags=0x8000000, event=MotionEvent { action=MOVE, id[0]=0, x[0]=900, y[0]=1218.57, eventTime=57902000000, downTime=57721000000, deviceId=4, source=TOUCHSCREEN, displayId=0, eventId=0xefe4cdb4}
07-28 20:15:56.284  4840  4840 I SystemUi--Keyguard: ScrimControllerExImp-->blur State to UNLOCK, bouncer=false changeFromBouncerScrim= false runnerUnlock= false goingAway=false hasHandle=true isOccludeAnimationPlaying=false
07-28 20:15:56.292  4840  4840 I SystemUi--Keyguard: ScrimControllerExImp-->blur State to UNLOCK, bouncer=false changeFromBouncerScrim= false runnerUnlock= false goingAway=false hasHandle=true isOccludeAnimationPlaying=false
07-28 20:15:56.292  3482  5266 I InputDispatcher: injectInputEvent: targetUid=<not set>, syncMode=WAIT_FOR_FINISHED, timeout=30000ms, policyFlags=0x8000000, event=MotionEvent { action=MOVE, id[0]=0, x[0]=900, y[0]=1271.1, eventTime=57910000000, downTime=57721000000, deviceId=4, source=TOUCHSCREEN, displayId=0, eventId=0xceb61ee9}
07-28 20:15:56.292  4840  4840 I SystemUi--Keyguard: ScrimControllerExImp-->blur State to UNLOCK, bouncer=false changeFromBouncerScrim= false runnerUnlock= false goingAway=false hasHandle=true isOccludeAnimationPlaying=false
07-28 20:15:56.300  1899  5663 I SnapAlloc: Using graphics libs for alignment calculations
07-28 20:15:56.300  4840  4840 I SystemUi--Keyguard: ScrimControllerExImp-->blur State to UNLOCK, bouncer=false changeFromBouncerScrim= false runnerUnlock= false goingAway=false hasHandle=true isOccludeAnimationPlaying=false
07-28 20:15:56.300  3482  5266 I InputDispatcher: injectInputEvent: targetUid=<not set>, syncMode=WAIT_FOR_FINISHED, timeout=30000ms, policyFlags=0x8000000, event=MotionEvent { action=MOVE, id[0]=0, x[0]=900, y[0]=1330.2, eventTime=57919000000, downTime=57721000000, deviceId=4, source=TOUCHSCREEN, displayId=0, eventId=0xe351ab2a}
07-28 20:15:56.300  4840  4840 I SystemUi--Keyguard: ScrimControllerExImp-->blur State to UNLOCK, bouncer=false changeFromBouncerScrim= false runnerUnlock= false goingAway=false hasHandle=true isOccludeAnimationPlaying=false
07-28 20:15:56.308  3482  5266 I InputDispatcher: injectInputEvent: targetUid=<not set>, syncMode=WAIT_FOR_FINISHED, timeout=30000ms, policyFlags=0x8000000, event=MotionEvent { action=MOVE, id[0]=0, x[0]=900, y[0]=1382.73, eventTime=57927000000, downTime=57721000000, deviceId=4, source=TOUCHSCREEN, displayId=0, eventId=0xd957a3e1}
07-28 20:15:56.308  4840  4840 I SystemUi--Keyguard: ScrimControllerExImp-->blur State to UNLOCK, bouncer=false changeFromBouncerScrim= false runnerUnlock= false goingAway=false hasHandle=true isOccludeAnimationPlaying=false
07-28 20:15:56.309  3482  3794 D PowerManagerService: userActivityNoUpdateLocked: groupId=0, eventTime=57927, event=touch, flags=0x0, uid=1000
07-28 20:15:56.309  4840  4840 I SystemUi--Keyguard: ScrimControllerExImp-->blur State to UNLOCK, bouncer=false changeFromBouncerScrim= false runnerUnlock= false goingAway=false hasHandle=true isOccludeAnimationPlaying=false
07-28 20:15:56.311  4840  4840 I SystemUi--QuickSettings: QsLottieUtils-->getLottieAnimFile : qs/qs_location_lottie_active_sep_dual_light.json
07-28 20:15:56.314  4840  5481 D HWUI    : OplusRenderNodeAnimator end!
07-28 20:15:56.314  4840  5481 D HWUI    : OplusRenderNodeAnimator end!
07-28 20:15:56.314  4840  5481 D HWUI    : OplusRenderNodeAnimator end!
07-28 20:15:56.314  4840  5481 D HWUI    : OplusRenderNodeAnimator end!
07-28 20:15:56.315  4840  4840 I SystemUi--Statusbar: CollapsedStatusBarFragmentExImpl-->animateHiddenState onAnimationEnd v:com.oplus.systemui.statusbar.widget.EndSideContentLayout{c782d40 V.E...... ........ 172,0-440,91 #7f0a0c16 app:id/status_bar_end_side_content alpha=1.0 viewInfo = }  v alpha:1.0 v render alpha:0.0 animateAlpha=0.0
07-28 20:15:56.315  4840  4840 I SystemUi--Statusbar: CollapsedStatusBarFragmentExImpl-->animateHiddenState onAnimationEnd v:com.android.keyguard.AlphaOptimizedLinearLayout{f794a56 V.E...... ........ 0,0-48,91 alpha=1.0 viewInfo = }  v alpha:1.0 v render alpha:0.0 animateAlpha=0.0
07-28 20:15:56.315  4840  4840 I SystemUi--Statusbar: CollapsedStatusBarFragmentExImpl-->animateHiddenState onAnimationEnd v:com.oplus.systemui.statusbar.seeding.CapsulePluginContainer{a4c51 V.E...... ........ 0,0-1080,120 #7f0a0b3b app:id/seeding_card_container alpha=1.0 viewInfo = }  v alpha:1.0 v render alpha:0.0 animateAlpha=0.0
07-28 20:15:56.315  4840  4840 I SystemUi--Statusbar: CollapsedStatusBarFragmentExImpl-->animateHiddenState onAnimationEnd v:com.oplus.systemui.statusbar.widget.StatClock{1ec308a V.ED..... ........ 0,0-129,91 #7f0a02b9 app:id/clock alpha=1.0 viewInfo = }  v alpha:1.0 v render alpha:0.0 animateAlpha=0.0
07-28 20:15:56.316  4840 13080 W LOG_Effective: Effective doesn't support layer effects. If you are using them for  fills, strokes, trim paths etc. then try adding them directly as contents  in your shape. Found: [Slider Control]
07-28 20:15:56.316  4840 13080 W LOG_Effective: Animation contains merge paths. Merge paths are only supported on KitKat+ and must be manually enabled by calling enableMergePathsForKitKatAndAbove().
07-28 20:15:56.317  1899  5663 I SnapAlloc: Using graphics libs for alignment calculations
07-28 20:15:56.317  4840  4840 I SystemUi--Keyguard: ScrimControllerExImp-->blur State to UNLOCK, bouncer=false changeFromBouncerScrim= false runnerUnlock= false goingAway=false hasHandle=true isOccludeAnimationPlaying=false
07-28 20:15:56.317  3482  5266 I InputDispatcher: injectInputEvent: targetUid=<not set>, syncMode=WAIT_FOR_FINISHED, timeout=30000ms, policyFlags=0x8000000, event=MotionEvent { action=MOVE, id[0]=0, x[0]=900, y[0]=1435.27, eventTime=57935000000, downTime=57721000000, deviceId=4, source=TOUCHSCREEN, displayId=0, eventId=0xc82cf9d9}
07-28 20:15:56.317  4840  4840 I SystemUi--Keyguard: ScrimControllerExImp-->blur State to UNLOCK, bouncer=false changeFromBouncerScrim= false runnerUnlock= false goingAway=false hasHandle=true isOccludeAnimationPlaying=false
07-28 20:15:56.324  4840  4840 I SystemUi--QuickSettings: QsLottieUtils-->getLottieAnimFile : qs/qs_nfc_lottie_active_sep_dual_light.json
07-28 20:15:56.325  4840  4840 W LOG_Effective: Animation contains merge paths but they are disabled.
07-28 20:15:56.326  4840  4840 I SystemUi--Keyguard: ScrimControllerExImp-->blur State to UNLOCK, bouncer=false changeFromBouncerScrim= false runnerUnlock= false goingAway=false hasHandle=true isOccludeAnimationPlaying=false
07-28 20:15:56.326  3482  5266 I InputDispatcher: injectInputEvent: targetUid=<not set>, syncMode=WAIT_FOR_FINISHED, timeout=30000ms, policyFlags=0x8000000, event=MotionEvent { action=MOVE, id[0]=0, x[0]=900, y[0]=1500.93, eventTime=57945000000, downTime=57721000000, deviceId=4, source=TOUCHSCREEN, displayId=0, eventId=0xd2b6739e}
07-28 20:15:56.326  4840  4840 I SystemUi--Keyguard: ScrimControllerExImp-->blur State to UNLOCK, bouncer=false changeFromBouncerScrim= false runnerUnlock= false goingAway=false hasHandle=true isOccludeAnimationPlaying=false
07-28 20:15:56.333  1899  5663 I SnapAlloc: Using graphics libs for alignment calculations
07-28 20:15:56.333  3482  5266 I InputDispatcher: injectInputEvent: targetUid=<not set>, syncMode=WAIT_FOR_FINISHED, timeout=30000ms, policyFlags=0x8000000, event=MotionEvent { action=MOVE, id[0]=0, x[0]=900, y[0]=1546.9, eventTime=57952000000, downTime=57721000000, deviceId=4, source=TOUCHSCREEN, displayId=0, eventId=0xfef3d271}
07-28 20:15:56.333  4840  4840 I SystemUi--Keyguard: ScrimControllerExImp-->blur State to UNLOCK, bouncer=false changeFromBouncerScrim= false runnerUnlock= false goingAway=false hasHandle=true isOccludeAnimationPlaying=false
07-28 20:15:56.333  4840  4840 I SystemUi--Keyguard: ScrimControllerExImp-->blur State to UNLOCK, bouncer=false changeFromBouncerScrim= false runnerUnlock= false goingAway=false hasHandle=true isOccludeAnimationPlaying=false
07-28 20:15:56.341  3482  5266 I InputDispatcher: injectInputEvent: targetUid=<not set>, syncMode=WAIT_FOR_FINISHED, timeout=30000ms, policyFlags=0x8000000, event=MotionEvent { action=MOVE, id[0]=0, x[0]=900, y[0]=1599.43, eventTime=57960000000, downTime=57721000000, deviceId=4, source=TOUCHSCREEN, displayId=0, eventId=0xef0d13f0}
07-28 20:15:56.341  4840  4840 I SystemUi--Keyguard: ScrimControllerExImp-->blur State to UNLOCK, bouncer=false changeFromBouncerScrim= false runnerUnlock= false goingAway=false hasHandle=true isOccludeAnimationPlaying=false
07-28 20:15:56.342  4840  4840 I SystemUi--Keyguard: ScrimControllerExImp-->blur State to UNLOCK, bouncer=false changeFromBouncerScrim= false runnerUnlock= false goingAway=false hasHandle=true isOccludeAnimationPlaying=false
07-28 20:15:56.348  1962  1962 D SensorFeature: name=ssc_screenshot_info ,index = 22
07-28 20:15:56.348  1962  1962 D SensorFeature: write 29 bytes:57957784976,57966118309,157,0
07-28 20:15:56.350  1899  5663 I SnapAlloc: Using graphics libs for alignment calculations
07-28 20:15:56.350  4840  4840 I SystemUi--Keyguard: ScrimControllerExImp-->blur State to UNLOCK, bouncer=false changeFromBouncerScrim= false runnerUnlock= false goingAway=false hasHandle=true isOccludeAnimationPlaying=false
07-28 20:15:56.350  3482  5266 I InputDispatcher: injectInputEvent: targetUid=<not set>, syncMode=WAIT_FOR_FINISHED, timeout=30000ms, policyFlags=0x8000000, event=MotionEvent { action=MOVE, id[0]=0, x[0]=900, y[0]=1658.53, eventTime=57969000000, downTime=57721000000, deviceId=4, source=TOUCHSCREEN, displayId=0, eventId=0xf7adb5ab}
07-28 20:15:56.350  4840  4840 I SystemUi--Keyguard: ScrimControllerExImp-->blur State to UNLOCK, bouncer=false changeFromBouncerScrim= false runnerUnlock= false goingAway=false hasHandle=true isOccludeAnimationPlaying=false
07-28 20:15:56.358  3482  5266 I InputDispatcher: injectInputEvent: targetUid=<not set>, syncMode=WAIT_FOR_FINISHED, timeout=30000ms, policyFlags=0x8000000, event=MotionEvent { action=MOVE, id[0]=0, x[0]=900, y[0]=1711.07, eventTime=57977000000, downTime=57721000000, deviceId=4, source=TOUCHSCREEN, displayId=0, eventId=0xffb0272f}
07-28 20:15:56.358  4840  4840 I SystemUi--Keyguard: ScrimControllerExImp-->blur State to UNLOCK, bouncer=false changeFromBouncerScrim= false runnerUnlock= false goingAway=false hasHandle=true isOccludeAnimationPlaying=false
07-28 20:15:56.359  4840  4840 I SystemUi--Keyguard: ScrimControllerExImp-->blur State to UNLOCK, bouncer=false changeFromBouncerScrim= false runnerUnlock= false goingAway=false hasHandle=true isOccludeAnimationPlaying=false
07-28 20:15:56.366  1899  5663 I SnapAlloc: Using graphics libs for alignment calculations
07-28 20:15:56.366  4840  4840 I SystemUi--Keyguard: ScrimControllerExImp-->blur State to UNLOCK, bouncer=false changeFromBouncerScrim= false runnerUnlock= false goingAway=false hasHandle=true isOccludeAnimationPlaying=false
07-28 20:15:56.367  3482  5266 I InputDispatcher: injectInputEvent: targetUid=<not set>, syncMode=WAIT_FOR_FINISHED, timeout=30000ms, policyFlags=0x8000000, event=MotionEvent { action=MOVE, id[0]=0, x[0]=900, y[0]=1763.6, eventTime=57985000000, downTime=57721000000, deviceId=4, source=TOUCHSCREEN, displayId=0, eventId=0xf3c61641}
07-28 20:15:56.367  4840  4840 I SystemUi--Keyguard: ScrimControllerExImp-->blur State to UNLOCK, bouncer=false changeFromBouncerScrim= false runnerUnlock= false goingAway=false hasHandle=true isOccludeAnimationPlaying=false
07-28 20:15:56.375  3482  5266 I InputDispatcher: injectInputEvent: targetUid=<not set>, syncMode=WAIT_FOR_FINISHED, timeout=30000ms, policyFlags=0x8000000, event=MotionEvent { action=MOVE, id[0]=0, x[0]=900, y[0]=1816.13, eventTime=57993000000, downTime=57721000000, deviceId=4, source=TOUCHSCREEN, displayId=0, eventId=0xd1c955ad}
07-28 20:15:56.375  4840  4840 I SystemUi--Keyguard: ScrimControllerExImp-->blur State to UNLOCK, bouncer=false changeFromBouncerScrim= false runnerUnlock= false goingAway=false hasHandle=true isOccludeAnimationPlaying=false
07-28 20:15:56.375  4840  4840 I SystemUi--Keyguard: ScrimControllerExImp-->blur State to UNLOCK, bouncer=false changeFromBouncerScrim= false runnerUnlock= false goingAway=false hasHandle=true isOccludeAnimationPlaying=false
07-28 20:15:56.383  1899  5663 I SnapAlloc: Using graphics libs for alignment calculations
07-28 20:15:56.383  4840  4840 I SystemUi--Keyguard: ScrimControllerExImp-->blur State to UNLOCK, bouncer=false changeFromBouncerScrim= false runnerUnlock= false goingAway=false hasHandle=true isOccludeAnimationPlaying=false
07-28 20:15:56.383  3482  5266 I InputDispatcher: injectInputEvent: targetUid=<not set>, syncMode=WAIT_FOR_FINISHED, timeout=30000ms, policyFlags=0x8000000, event=MotionEvent { action=MOVE, id[0]=0, x[0]=900, y[0]=1875.23, eventTime=58002000000, downTime=57721000000, deviceId=4, source=TOUCHSCREEN, displayId=0, eventId=0xdc7e0e61}
07-28 20:15:56.383  4840  4840 I SystemUi--Keyguard: ScrimControllerExImp-->blur State to UNLOCK, bouncer=false changeFromBouncerScrim= false runnerUnlock= false goingAway=false hasHandle=true isOccludeAnimationPlaying=false
07-28 20:15:56.391  3482  5266 I InputDispatcher: injectInputEvent: targetUid=<not set>, syncMode=WAIT_FOR_FINISHED, timeout=30000ms, policyFlags=0x8000000, event=MotionEvent { action=MOVE, id[0]=0, x[0]=900, y[0]=1927.77, eventTime=58010000000, downTime=57721000000, deviceId=4, source=TOUCHSCREEN, displayId=0, eventId=0xcb144c0c}
07-28 20:15:56.391  4840  4840 I SystemUi--Keyguard: ScrimControllerExImp-->blur State to UNLOCK, bouncer=false changeFromBouncerScrim= false runnerUnlock= false goingAway=false hasHandle=true isOccludeAnimationPlaying=false
07-28 20:15:56.391  4840  4840 I SystemUi--Keyguard: ScrimControllerExImp-->blur State to UNLOCK, bouncer=false changeFromBouncerScrim= false runnerUnlock= false goingAway=false hasHandle=true isOccludeAnimationPlaying=false
07-28 20:15:56.399  1899  5663 I SnapAlloc: Using graphics libs for alignment calculations
07-28 20:15:56.399  4840  4840 I SystemUi--Keyguard: ScrimControllerExImp-->blur State to UNLOCK, bouncer=false changeFromBouncerScrim= false runnerUnlock= false goingAway=false hasHandle=true isOccludeAnimationPlaying=false
07-28 20:15:56.399  3482  5266 I InputDispatcher: injectInputEvent: targetUid=<not set>, syncMode=WAIT_FOR_FINISHED, timeout=30000ms, policyFlags=0x8000000, event=MotionEvent { action=MOVE, id[0]=0, x[0]=900, y[0]=1980.3, eventTime=58018000000, downTime=57721000000, deviceId=4, source=TOUCHSCREEN, displayId=0, eventId=0xf8b19d81}
07-28 20:15:56.400  4840  4840 I SystemUi--Keyguard: ScrimControllerExImp-->blur State to UNLOCK, bouncer=false changeFromBouncerScrim= false runnerUnlock= false goingAway=false hasHandle=true isOccludeAnimationPlaying=false
07-28 20:15:56.408  4840  4840 I SystemUi--Keyguard: ScrimControllerExImp-->blur State to UNLOCK, bouncer=false changeFromBouncerScrim= false runnerUnlock= false goingAway=false hasHandle=true isOccludeAnimationPlaying=false
07-28 20:15:56.408  3482  5266 I InputDispatcher: injectInputEvent: targetUid=<not set>, syncMode=WAIT_FOR_FINISHED, timeout=30000ms, policyFlags=0x8000000, event=MotionEvent { action=UP, id[0]=0, x[0]=900, y[0]=2000, eventTime=58026000000, downTime=57721000000, deviceId=4, source=TOUCHSCREEN, displayId=0, eventId=0xc8246b6d}
07-28 20:15:56.408  4840  4840 I SystemUi--Keyguard: ScrimControllerExImp-->blur State to UNLOCK, bouncer=false changeFromBouncerScrim= false runnerUnlock= false goingAway=false hasHandle=true isOccludeAnimationPlaying=false
07-28 20:15:56.408  3482  4802 D UAH-UahAdaptHelper: adaptSetNotification identity = OplusUAwareInputHelpersrc = 1000 , type 1 ,p1 = -1 ,p2 = -1 ,p3 = -1 ,p4 =
07-28 20:15:56.408  3482  4802 I [UAH_CLIENT]: uahRuleCtl, ruleId:1000, status:1
07-28 20:15:56.408  3482  4399 D OplusViewDebugManager: OplusViewDebugManager Constructor android.view.debug.OplusViewDebugManager@d57f58f [mHasViewDebugProperty true] [mHasMsgDebugProperty false] [DEBUG false] [EXTRAINFOENABLE false] [LIGHT_OS false]
07-28 20:15:56.408  3482  4399 D OplusViewDebugManager: OplusViewDebugManager Constructor android.view.debug.OplusViewDebugManager@6df501c [mHasViewDebugProperty true] [mHasMsgDebugProperty false] [DEBUG false] [EXTRAINFOENABLE false] [LIGHT_OS false]
07-28 20:15:56.408  3482  4802 I [UAH_CLIENT]: UahRelease, handle:40
07-28 20:15:56.408  3482  4802 I [UAH_CLIENT]: UahEventAcquire, cmdid:6, pkg:none, identity:OplusUAwareInputHelper
07-28 20:15:56.409  4840  4840 I SystemUi--Statusbar: OplusStatusBarWindowViewTouchExImpl-->onTouchEvent handled:false
07-28 20:15:56.410  4840  4840 I SystemUi--QuickSettings: OplusPanelViewPagerController-->reset
07-28 20:15:56.410  4840  4840 I SystemUi--QuickSettings: OplusPanelViewPagerController-->reset
07-28 20:15:56.410  4840  5367 I [UAH_CLIENT]: UahRelease, handle:39
07-28 20:15:56.410  4840  4840 I SystemUi--QuickSettings: OplusQSRootViewController-->endMotionEvent, expand: true, vel: 6566.6514, vectorVel: 6566.6514  isClosing=false panelClosedOnDown=true canSlideHToQSOnStatusBar=true
07-28 20:15:56.410  4840  4840 I SystemUi--QuickSettings: OplusQSRootViewController-->fling qs, expand: true, vel: 6566.6514
07-28 20:15:56.410  4840  4840 I SystemUi--QuickSettings: QSPanelExpandFraction-->animateExpanded, isExpanded=true, (0.9757962 -> 1.0), lastFinalPosition=1.0
07-28 20:15:56.410  4840  4840 I SystemUi--QuickSettings: QSPanelTranslationY-->animateExpandTranslationY, isExpanded=true, threshold=156.0
07-28 20:15:56.410  4840  4840 I SystemUi--QuickSettings: QSPanelAnimatorManager-->startRebound
07-28 20:15:56.410  4840  5367 I [UAH_CLIENT]: UahEventAcquire, cmdid:97, pkg:none, identity:OsenseHelperImpl
07-28 20:15:56.410  4840  4840 I SystemUi--QuickSettings: OplusPanelViewPagerController-->notifySeparateQSEndMotionEvent currentNotifyFraction=0.0  fraction=0.9757962 notifyExpandedFraction=0.0 fractionListeners.size=0
07-28 20:15:56.410  4840  4840 I SystemUi--QuickSettings: OplusQSRootViewController-->resetTouch
07-28 20:15:56.410  4840  4840 D OplusViewDragTouchViewHelper: dispatchTouchView action = 1
07-28 20:15:56.410  4840  4840 D OplusViewDragTouchViewHelper: dispatchTouchView action = 1
07-28 20:15:56.410  4840  4840 D OplusViewDragTouchViewHelper: dispatchTouchView action = 1
07-28 20:15:56.410  1918  1961 I [UAH_CLIENT]: UahPlatformResAcquire
07-28 20:15:56.410  1918  1961 I [UAH_CLIENT]: UahEventAcquire, cmdid:-3, pkg:1918 7008, identity:qcom-perfd
07-28 20:15:56.411  1918  1961 E PERFHAL-RESOURCEQS: PERFHAL-RESOURCEQS: AddAndApply() 130: Resource with major=18, minor=30 not supported
07-28 20:15:56.411  1918  1961 E PERFHAL-RESOURCEQS: PERFHAL-RESOURCEQS: AddAndApply() 130: Resource with major=18, minor=31 not supported
07-28 20:15:56.416  4840  4840 I SystemUi--Keyguard: ScrimControllerExImp-->blur State to UNLOCK, bouncer=false changeFromBouncerScrim= false runnerUnlock= false goingAway=false hasHandle=true isOccludeAnimationPlaying=false
07-28 20:15:56.416  1899  5663 I SnapAlloc: Using graphics libs for alignment calculations
07-28 20:15:56.417  4840  4840 I SystemUi--Keyguard: ScrimControllerExImp-->blur State to UNLOCK, bouncer=false changeFromBouncerScrim= false runnerUnlock= false goingAway=false hasHandle=true isOccludeAnimationPlaying=false
07-28 20:15:56.424  4840  4840 I SystemUi--Keyguard: ScrimControllerExImp-->blur State to UNLOCK, bouncer=false changeFromBouncerScrim= false runnerUnlock= false goingAway=false hasHandle=true isOccludeAnimationPlaying=false
07-28 20:15:56.424  4840  4840 I SystemUi--Keyguard: ScrimControllerExImp-->blur State to UNLOCK, bouncer=false changeFromBouncerScrim= false runnerUnlock= false goingAway=false hasHandle=true isOccludeAnimationPlaying=false
07-28 20:15:56.432  4840  4840 I SystemUi--Keyguard: ScrimControllerExImp-->blur State to UNLOCK, bouncer=false changeFromBouncerScrim= false runnerUnlock= false goingAway=false hasHandle=true isOccludeAnimationPlaying=false
07-28 20:15:56.432  1899  5663 I SnapAlloc: Using graphics libs for alignment calculations
07-28 20:15:56.433  4840  4840 I SystemUi--Keyguard: ScrimControllerExImp-->blur State to UNLOCK, bouncer=false changeFromBouncerScrim= false runnerUnlock= false goingAway=false hasHandle=true isOccludeAnimationPlaying=false
07-28 20:15:56.441  4840  4840 I SystemUi--Keyguard: ScrimControllerExImp-->blur State to UNLOCK, bouncer=false changeFromBouncerScrim= false runnerUnlock= false goingAway=false hasHandle=true isOccludeAnimationPlaying=false
07-28 20:15:56.441  4840  4840 I SystemUi--Keyguard: ScrimControllerExImp-->blur State to UNLOCK, bouncer=false changeFromBouncerScrim= false runnerUnlock= false goingAway=false hasHandle=true isOccludeAnimationPlaying=false
07-28 20:15:56.449  4840  4840 I SystemUi--Keyguard: ScrimControllerExImp-->blur State to UNLOCK, bouncer=false changeFromBouncerScrim= false runnerUnlock= false goingAway=false hasHandle=true isOccludeAnimationPlaying=false
07-28 20:15:56.449  1899  5663 I SnapAlloc: Using graphics libs for alignment calculations
07-28 20:15:56.449  4840  4840 I SystemUi--Keyguard: ScrimControllerExImp-->blur State to UNLOCK, bouncer=false changeFromBouncerScrim= false runnerUnlock= false goingAway=false hasHandle=true isOccludeAnimationPlaying=false
07-28 20:15:56.457  4840  4840 I SystemUi--Keyguard: ScrimControllerExImp-->blur State to UNLOCK, bouncer=false changeFromBouncerScrim= false runnerUnlock= false goingAway=false hasHandle=true isOccludeAnimationPlaying=false
07-28 20:15:56.458  4840  4840 I SystemUi--Keyguard: ScrimControllerExImp-->blur State to UNLOCK, bouncer=false changeFromBouncerScrim= false runnerUnlock= false goingAway=false hasHandle=true isOccludeAnimationPlaying=false
07-28 20:15:56.466  4840  4840 I SystemUi--Keyguard: ScrimControllerExImp-->blur State to UNLOCK, bouncer=false changeFromBouncerScrim= false runnerUnlock= false goingAway=false hasHandle=true isOccludeAnimationPlaying=false
07-28 20:15:56.466  1899  5663 I SnapAlloc: Using graphics libs for alignment calculations
07-28 20:15:56.466  4840  4840 I SystemUi--Keyguard: ScrimControllerExImp-->blur State to UNLOCK, bouncer=false changeFromBouncerScrim= false runnerUnlock= false goingAway=false hasHandle=true isOccludeAnimationPlaying=false
07-28 20:15:56.474  4840  4840 I SystemUi--Keyguard: ScrimControllerExImp-->blur State to UNLOCK, bouncer=false changeFromBouncerScrim= false runnerUnlock= false goingAway=false hasHandle=true isOccludeAnimationPlaying=false
07-28 20:15:56.475  4840  4840 I SystemUi--Keyguard: ScrimControllerExImp-->blur State to UNLOCK, bouncer=false changeFromBouncerScrim= false runnerUnlock= false goingAway=false hasHandle=true isOccludeAnimationPlaying=false
07-28 20:15:56.482  4840  4840 I SystemUi--Keyguard: ScrimControllerExImp-->blur State to UNLOCK, bouncer=false changeFromBouncerScrim= false runnerUnlock= false goingAway=false hasHandle=true isOccludeAnimationPlaying=false
07-28 20:15:56.482  1899  5663 I SnapAlloc: Using graphics libs for alignment calculations
07-28 20:15:56.483  4840  4840 I SystemUi--Keyguard: ScrimControllerExImp-->blur State to UNLOCK, bouncer=false changeFromBouncerScrim= false runnerUnlock= false goingAway=false hasHandle=true isOccludeAnimationPlaying=false
07-28 20:15:56.490  4840  4840 I SystemUi--Keyguard: ScrimControllerExImp-->blur State to UNLOCK, bouncer=false changeFromBouncerScrim= false runnerUnlock= false goingAway=false hasHandle=true isOccludeAnimationPlaying=false
07-28 20:15:56.491  4840  4840 I SystemUi--Keyguard: ScrimControllerExImp-->blur State to UNLOCK, bouncer=false changeFromBouncerScrim= false runnerUnlock= false goingAway=false hasHandle=true isOccludeAnimationPlaying=false
07-28 20:15:56.499  4840  4840 I SystemUi--Keyguard: ScrimControllerExImp-->blur State to UNLOCK, bouncer=false changeFromBouncerScrim= false runnerUnlock= false goingAway=false hasHandle=true isOccludeAnimationPlaying=false
07-28 20:15:56.499  1899  5663 I SnapAlloc: Using graphics libs for alignment calculations
07-28 20:15:56.499  4840  4840 I SystemUi--Keyguard: ScrimControllerExImp-->blur State to UNLOCK, bouncer=false changeFromBouncerScrim= false runnerUnlock= false goingAway=false hasHandle=true isOccludeAnimationPlaying=false
07-28 20:15:56.507  4840  4840 I SystemUi--Keyguard: ScrimControllerExImp-->blur State to UNLOCK, bouncer=false changeFromBouncerScrim= false runnerUnlock= false goingAway=false hasHandle=true isOccludeAnimationPlaying=false
