07-28 20:15:57.571  4913  4913 V OplusCustomizeCacheManager: queryCache name: sys.cache.common_customize_cache18017 param: Bundle[{SETTING=BLOCK, BUSINESS=NCT-DATA}]
07-28 20:15:57.572  4913  4913 V OplusCustomizeCacheManager: queryCache name: sys.cache.common_customize_cache18016 param: null
07-28 20:15:57.572  4913  4913 V OplusCustomizeCacheManager: queryCache name: sys.cache.common_customize_cache18013 param: null
07-28 20:15:57.572  4913  4913 V OplusCustomizeCacheManager: queryCache name: sys.cache.common_customize_cache18014 param: null
07-28 20:15:57.572  4913  4913 V OplusCustomizeCacheManager: queryCache name: sys.cache.common_customize_cache18017 param: Bundle[{SETTING=BLOCK, BUSINESS=NCT-DATA}]
07-28 20:15:57.573  4913  4913 D InternationalRoamingNotification: init
07-28 20:15:57.573  5187  6171 D VirtualCommService2: isSupport. true, true
07-28 20:15:57.573  4913  4913 D OplusVirtualCommUtils: isVirtualCommSupport, vRet: true
07-28 20:15:57.573  4913  4913 I OplusVirtualCommUtils: getVirtualCommDeviceType, vRet: 1
07-28 20:15:57.573  4913  4913 I OplusVirtualCommUtils: isConsumerDeviceType, deviceType: 1
07-28 20:15:57.574  4913  4913 D InternationalRoamingNotification: do not createRoamingNotification for invalid Network
07-28 20:15:57.588  4840  4840 I SystemUi--QuickSettings: QsLottieUtils-->getLottieAnimFile : qs/qs_cellular_lottie_active_sep_dual_light.json
07-28 20:15:57.620  3401  3879 D QmiClient: qmiServiceEventCallback recv msg id 1106
07-28 20:15:57.620  3401  3879 D QmiVsClient: enter - onQmiServiceEventCallback msgId 1106
07-28 20:15:57.620  3401  3420 D VsProxy : handleMessage msg is 2425
07-28 20:15:57.620  3401  3420 D VsProxy : handleServingCellInfoChangeInd for instance 0
07-28 20:15:57.620  3401  3401 D RadioServiceIndication: radioServingCellInfoInd
07-28 20:15:57.620  3401  3401 D RadioServiceIndication: radioServingCellInfoInd
07-28 20:15:57.621  5187  6171 D SubsysRadioIndication[0]: radioServingCellInfoInd
07-28 20:15:57.621  5187  6171 D SubsysRadioIndication[0]: radioServingCellInfoInd
07-28 20:15:57.621  5187  5187 D NetworkService[0]: handleMessage what:1003
07-28 20:15:57.622  5187  5187 D NetworkService[0]: handleMessage what:1003
07-28 20:15:57.623  4991  5752 D RadioEvent: onCellInfoChanged slotId=0
07-28 20:15:57.623  4991  5752 D RadioEvent: onCellInfoChanged slotId=0
07-28 20:15:57.626  3401  3880 D QmiClient: qmiServiceEventCallback recv msg id 78
07-28 20:15:57.626  3401  3880 D QmiNasClient: enter : onQmiServiceEventCallback msgId 78
07-28 20:15:57.626  3401  3880 D QmiNasClientEvent: qmiNasClientNotifySysInfoEvent lte_ims_voice_avail_valid 0
07-28 20:15:57.627  5074  5446 I QImsService: ImsRadioIndicationAidl : onServiceDomainChanged()[SUB0]
07-28 20:15:57.627  5074  5446 I QImsService: ImsSenderRxr : [UNSL]< UNSOL_SERVICE_DOMAIN_CHANGED 0[SUB0]
07-28 20:15:57.630  5074  5074 I QImsService: ImsRegistrationController : Message received: what = 5
07-28 20:15:57.630  3401  3429 D NasProxy: handleMessage msg is 2101
07-28 20:15:57.630  5074  5074 I QImsService: ImsRegistrationController : handleSrvDomainChanged
07-28 20:15:57.630  3401  3429 D NasProxy: handleNasSysInfoEvent for instance 0
07-28 20:15:57.630  5187  6171 D SubsysRadioIndication[0]: radioNr5gFreqTypeIndication, nr5gFreqType = 0
07-28 20:15:57.630  5187  5187 D QtiCellularNetwork: handleNr5gFreqTypeChanged 0, nr5gFreqType = 0
07-28 20:15:57.631  5114  6181 D IWlanJni: getDataRegistrationState start
07-28 20:15:57.632  4970  8732 D QtiOemHookAidl: oemHookRawIndication length=21
07-28 20:15:57.632  5114  6190 D IWlanJni: new aidl event arrived
07-28 20:15:57.632  5114  6190 D IWlanJni: handleEvent 10
07-28 20:15:57.632  5114  6190 D IWlanJni: isThreadAttached start
07-28 20:15:57.632  5114  6190 D IWlanJni: jni detached
07-28 20:15:57.632  5114  6190 D IWlanJni: jni attached
07-28 20:15:57.632  5114  6190 D IWlanJni: getDataRegistrationStateResponse start
07-28 20:15:57.632  5114  6190 D IWlanJni: getJavaCallbackClass start
07-28 20:15:57.632  4970  4970 D QcrilMsgTunnelIfaceManager: handleMessage what = 0
07-28 20:15:57.632  5114  6190 D IWlanJni: getJavaCallbackClass End midIs[1]
07-28 20:15:57.632  5114  6190 I IWlanAidlClient: getDataRegistrationStateResponse called
07-28 20:15:57.632  5114  6189 W IWlanNetworkService: 14 > Response Processed
07-28 20:15:57.633  4913  4913 D QC_RIL_OEM_HOOK: Received Broadcast Intent ACTION_UNSOL_RESPONSE_OEM_HOOK_RAW
07-28 20:15:57.634  4913  4913 D QC_RIL_OEM_HOOK: Received Broadcast Intent ACTION_UNSOL_RESPONSE_OEM_HOOK_RAW
07-28 20:15:57.635  4970  4970 D QC_RIL_OEM_HOOK: Received Broadcast Intent ACTION_UNSOL_RESPONSE_OEM_HOOK_RAW
07-28 20:15:57.635  4913  4913 D OplusTelephonyController: onSignalStrengthChanged: SignalStrength=SignalStrength:{mCdma=CellSignalStrengthCdma: cdmaDbm=2147483647 cdmaEcio=2147483647 evdoDbm=2147483647 evdoEcio=2147483647 evdoSnr=2147483647 level=0,mGsm=CellSignalStrengthGsm: rssi=2147483647 ber=2147483647 mTa=2147483647 mLevel=0,mWcdma=CellSignalStrengthWcdma: ss=2147483647 ber=2147483647 rscp=2147483647 ecno=2147483647 level=0,mTdscdma=CellSignalStrengthTdscdma: rssi=2147483647 ber=2147483647 rscp=2147483647 level=0,mLte=CellSignalStrengthLte: rssi=2147483647 rsrp=2147483647 rsrq=2147483647 rssnr=2147483647 cqiTableIndex=2147483647 cqi=2147483647 ta=2147483647 level=0 parametersUseForLevel=0,mNr=CellSignalStrengthNr:{ csiRsrp = 2147483647 csiRsrq = 2147483647 csiCqiTableIndex = 2147483647 csiCqiReport = [] ssRsrp = 2147483647 ssRsrq = 2147483647 ssSinr = 2147483647 level = 0 parametersUseForLevel = 0 timingAdvance = 2147483647 },primary=CellSignalStrengthLte}
07-28 20:15:57.635  4913  4913 D QC_RIL_OEM_HOOK: Received Broadcast Intent ACTION_UNSOL_RESPONSE_OEM_HOOK_RAW
07-28 20:15:57.636  5187  5187 D SubsysEventListenerManager-SubsysTelephonyCallback[0]: onSignalStrengthsChanged
07-28 20:15:57.636  5114  6181 D IWlanJni: getDataRegistrationState start
07-28 20:15:57.637  5114  6190 D IWlanJni: new aidl event arrived
07-28 20:15:57.637  5114  6190 D IWlanJni: handleEvent 10
07-28 20:15:57.637  5114  6190 D IWlanJni: isThreadAttached start
07-28 20:15:57.637  5114  6190 D IWlanJni: jni detached
07-28 20:15:57.637  5114  6190 D IWlanJni: jni attached
07-28 20:15:57.637  5114  6190 D IWlanJni: getDataRegistrationStateResponse start
07-28 20:15:57.637  5114  6190 D IWlanJni: getJavaCallbackClass start
07-28 20:15:57.637  5114  6190 D IWlanJni: getJavaCallbackClass End midIs[1]
07-28 20:15:57.637  5114  6190 I IWlanAidlClient: getDataRegistrationStateResponse called
07-28 20:15:57.637  5114  6189 W IWlanNetworkService: 15 > Response Processed
07-28 20:15:57.639  4913  4913 W Settings: Setting airplane_mode_on has moved from android.provider.Settings.System to android.provider.Settings.Global, returning read-only value.
07-28 20:15:57.640  4991  5764 D NAS-CallIssueDetector: onPollCsPsRegStateChanged slotid = 0
07-28 20:15:57.640  4991  5764 D NAS-CallIssueDetector: notifyRealOosChanged
07-28 20:15:57.640  4991  5764 D OplusCiwlanController: [vodata] getSubId subid =  1
07-28 20:15:57.640  4991  5766 W BluetoothAdapterExtImpl: getBluetoothConnectionCount：mOplusBluetooth null!
07-28 20:15:57.640  4991  5764 D OplusCiwlanController: [vodata] processOosChanged  phoneid = 0,cur regstate = 1,old regstate = -1
07-28 20:15:57.640  4991  5764 D OplusCiwlanController: [vodata] getSubId subid =  -1
07-28 20:15:57.640  4991  5764 D OplusCiwlanController: [vodata] processOosChanged  phoneid = 1,cur regstate = 1,old regstate = -1
07-28 20:15:57.641  4991  5766 D TelephonyImpl: isRequestingMms
07-28 20:15:57.641  4991  5766 D TelephonyImpl: getReleaseMmsNetworkTime
07-28 20:15:57.641  4991  5766 D OplusDdsSwitchStrategy: Md,OplusCheckFeature,RETURN_TO_CUR_ACTION_DDS
07-28 20:15:57.641  7382  7382 I 7382PAS.MccChangeReceiver_Travel: onReceive
07-28 20:15:57.642  3482  3482 D OplusWifiBroadCastDispatcher: mBroadcastReceiver: onReceiver  action=oplus.intent.action.MCC_CHANGE
07-28 20:15:57.642  4656  4807 D CNGmsControlService: receive:oplus.intent.action.MCC_CHANGE
07-28 20:15:57.642  3482  5279 W BestClock: java.time.DateTimeException: Missing network time fix
07-28 20:15:57.644  3482  5279 W BestClock: java.time.DateTimeException: Missing network time fix
07-28 20:15:57.644  7382  8069 D NetWorkMonitor: addNetStateListener :true
07-28 20:15:57.644  4840  5693 V OplusCustomizeCacheManager: queryCache name: sys.cache.common_customize_cache18014 param: null
07-28 20:15:57.644  4840  5693 V OplusCustomizeCacheManager: queryCache name: sys.cache.common_customize_cache18017 param: Bundle[{SETTING=BLOCK, BUSINESS=NCT-DATA}]
07-28 20:15:57.644  4840  5693 V OplusCustomizeCacheManager: queryCache name: sys.cache.common_customize_cache18013 param: null
07-28 20:15:57.645  3482  5277 D ConnectivityService: requestNetwork for uid/pid:10137/7382 activeRequest: null callbackRequest: 284 [NetworkRequest [ REQUEST id=285, [ Capabilities: INTERNET&NOT_RESTRICTED&TRUSTED&NOT_VCN_MANAGED&NOT_BANDWIDTH_CONSTRAINED Uid: 10137 RequestorUid: 10137 RequestorPkg: com.coloros.sceneservice UnderlyingNetworks: Null] ]] callback flags: 0 order: 2147483647 isUidTracked: false
07-28 20:15:57.645  7382  8069 D NetWorkMonitor: resume registerNetworkCallback
07-28 20:15:57.645  4656  4807 D CNGmsControlService: mcc1=001 mcc2=null GmsState=2 TagWhitelistApp=true UserDisableCount=0 SettingsGmsState=1
07-28 20:15:57.646  3482  4474 D WifiNetworkFactory: got request NetworkRequest [ REQUEST id=285, [ Capabilities: INTERNET&NOT_RESTRICTED&TRUSTED&NOT_VCN_MANAGED&NOT_BANDWIDTH_CONSTRAINED Uid: 10137 RequestorUid: 10137 RequestorPkg: com.coloros.sceneservice UnderlyingNetworks: Null] ]
07-28 20:15:57.646  3482  4474 D UntrustedWifiNetworkFactory: got request NetworkRequest [ REQUEST id=285, [ Capabilities: INTERNET&NOT_RESTRICTED&TRUSTED&NOT_VCN_MANAGED&NOT_BANDWIDTH_CONSTRAINED Uid: 10137 RequestorUid: 10137 RequestorPkg: com.coloros.sceneservice UnderlyingNetworks: Null] ]
07-28 20:15:57.646  4913  6238 D OplusNetworkFactory: got request NetworkRequest [ REQUEST id=285, [ Capabilities: INTERNET&NOT_RESTRICTED&TRUSTED&NOT_VCN_MANAGED&NOT_BANDWIDTH_CONSTRAINED Uid: 10137 RequestorUid: 10137 RequestorPkg: com.coloros.sceneservice UnderlyingNetworks: Null] ]
07-28 20:15:57.646  3482  4474 D OemPaidWifiNetworkFactory: got request NetworkRequest [ REQUEST id=285, [ Capabilities: INTERNET&NOT_RESTRICTED&TRUSTED&NOT_VCN_MANAGED&NOT_BANDWIDTH_CONSTRAINED Uid: 10137 RequestorUid: 10137 RequestorPkg: com.coloros.sceneservice UnderlyingNetworks: Null] ]
07-28 20:15:57.646  3482  4474 D MultiInternetWifiNetworkFactory: got request NetworkRequest [ REQUEST id=285, [ Capabilities: INTERNET&NOT_RESTRICTED&TRUSTED&NOT_VCN_MANAGED&NOT_BANDWIDTH_CONSTRAINED Uid: 10137 RequestorUid: 10137 RequestorPkg: com.coloros.sceneservice UnderlyingNetworks: Null] ]
07-28 20:15:57.646  3482  4483 D ConnectivityService: NetReassign [no changes] [c 0] [a 0] [i 1]
07-28 20:15:57.646  4840  5181 I SystemUi--QuickSettings: Tile.OplusCellularTile-->updateCarrierText: dialog not showing, ignore
07-28 20:15:57.647  4840  5181 D SimStateHelper: slot:0, lock state:Bundle[mParcelledData.dataSize=56]
07-28 20:15:57.647  4840  5181 D SimStateHelper: slot:1, lock state:Bundle[mParcelledData.dataSize=56]
07-28 20:15:57.647  4840  5181 D SimStateHelper: needDisableMenu: slot1State=-1; slot2State=-1
07-28 20:15:57.647  4840  5181 D SimStateHelper: needDisableMenu:false
07-28 20:15:57.647  4991  5040 W Binder  : Caught a RuntimeException from the binder stub implementation.
07-28 20:15:57.647  4991  5040 W Binder  : java.lang.NullPointerException: Attempt to invoke virtual method 'boolean android.net.Uri.equals(java.lang.Object)' on a null object reference
07-28 20:15:57.647  4991  5040 W Binder  : 	at xb.a$b.onChange(Unknown Source:16)
07-28 20:15:57.647  4991  5040 W Binder  : 	at android.database.ContentObserver.onChange(ContentObserver.java:184)
07-28 20:15:57.647  4991  5040 W Binder  : 	at android.database.ContentObserver.onChange(ContentObserver.java:202)
07-28 20:15:57.647  4991  5040 W Binder  : 	at android.database.ContentObserver.onChange(ContentObserver.java:224)
07-28 20:15:57.647  4991  5040 W Binder  : 	at android.database.ContentObserver.onChange(ContentObserver.java:236)
07-28 20:15:57.647  4991  5040 W Binder  : 	at android.database.ContentObserver.dispatchChange(ContentObserver.java:335)
07-28 20:15:57.647  4991  5040 W Binder  : 	at android.database.ContentObserver$Transport.onChangeEtc(ContentObserver.java:357)
07-28 20:15:57.647  4991  5040 W Binder  : 	at android.database.IContentObserver$Stub.onTransact(IContentObserver.java:120)
07-28 20:15:57.647  4991  5040 W Binder  : 	at android.os.Binder.execTransactInternal(Binder.java:1523)
07-28 20:15:57.647  4991  5040 W Binder  : 	at android.os.Binder.execTransact(Binder.java:1457)
07-28 20:15:57.650  4913  4913 D ServiceStateProvider: subId=1
07-28 20:15:57.651  5187  5187 D SubsysEventListenerManager-SubsysTelephonyCallback[0]: onServiceStateChanged
07-28 20:15:57.651  5187  5187 D ChinaRoamingControl: registTelephonyEvent onServiceStateChanged eventId:5, VoiceRegState:1, DataRegState:1
07-28 20:15:57.651  5187  5187 D QuickChangeAirplaneModeEvent: onServiceStateChanged slotId:0
07-28 20:15:57.652  4991  5752 D T-Recommend: onPreHandleMessage 1000
07-28 20:15:57.652  4991  5752 E CellularEvent: nri null ps
07-28 20:15:57.652  4991  5752 E CellularEvent: invalid nri
07-28 20:15:57.652  4991  5752 D T-Recommend: onPostHandleMessage 1000
07-28 20:15:57.652  4991  5797 D OplusSubWaySlowRecovery: getPreferSubId return 1
07-28 20:15:57.652  5187  6059 D cellularState[0]: handleMessage: E msg.what=4
07-28 20:15:57.652  5187  6059 D cellularState[0]: processMsg: DataCallingState
07-28 20:15:57.652  5187  6059 D cellularState[0]: processMsg: NetworkAttachedState
07-28 20:15:57.652  5187  6059 D cellularState[0]: processMsg: SimReadyState
07-28 20:15:57.652  5187  6059 D cellularState[0]: processMsg: DefaultState
07-28 20:15:57.652  5187  6059 E cellularState[0]:  - unhandledMessage: msg.what=4
07-28 20:15:57.652  5187  6059 D cellularState[0]: handleMessage: X
07-28 20:15:57.652  4991  5762 D OplusLinkBoostCommon: dds servicestate change
07-28 20:15:57.652  4991  5764 D NAS-CallIssueDetector: onServiceStateChanged
07-28 20:15:57.652  5187  5187 D QuickChangeAirplaneModeEvent: isBothCardInService is false
07-28 20:15:57.652  5187  5187 D MsimSubModeManager: registTelephonyEvent onServiceStateChanged eventId:3, VoiceRegState:1, DataRegState:1
07-28 20:15:57.652  5187  5187 E ExtremeCommUtils: getSwitchRusSupportMcc invalid index 1
07-28 20:15:57.652  5187  5187 D ExtremeCommUtils: isSupporCheck rusContain:false,propContain(persist.sys.oplus.support_hyper_uplink_mcc):false
07-28 20:15:57.652  4991  5764 D OplusCiwlanController: [vodata] processServiceStateChanged  phoneid = 0, original roaming type = 0,roaming type = 0
07-28 20:15:57.652  4991  5764 D OplusCiwlanController: [vodata] processServiceStateChanged  phoneid = 1, original roaming type = 0,roaming type = 0
07-28 20:15:57.652  3482  4881 W BestClock: java.time.DateTimeException: Missing network time fix
07-28 20:15:57.653  4991  5797 D SaDataFailRecovery/0: current is not in service,reset alarm
07-28 20:15:57.653  4991  5797 D OplusScanQrCodeRecoveryImpl: msg.what=3
07-28 20:15:57.653  5187  5187 D ExtremeCommService: handleServiceStateChanged mcc is null
07-28 20:15:57.653  5187  5187 D ChinaRoamingControl: handleMessage what:5
07-28 20:15:57.653  5187  5187 D MsimSubModeManager: handleMessage what:3
07-28 20:15:57.653  5187  5187 D MsimSubModeManager: getMsimSimServiceIn() i:0,mServiceState:1
07-28 20:15:57.653  5187  5187 D MsimSubModeManager: getMsimSimServiceIn() i:1,mServiceState:1
07-28 20:15:57.653  5074  5074 I QImsService: OplusPhoneStateTracker : onServiceStateChanged
07-28 20:15:57.653  3482  5359 W ContextImpl: Calling a method in the system process without a qualified user: android.app.ContextImpl.sendBroadcastMultiplePermissions:1311 android.content.Context.sendBroadcastMultiplePermissions:2524 com.android.server.TelephonyRegistry.broadcastServiceStateChanged:3740 com.android.server.TelephonyRegistry.notifyServiceStateForPhoneId:1787 com.android.internal.telephony.ITelephonyRegistry$Stub.onTransact:546 
07-28 20:15:57.653  5074  5074 I QImsService: OplusPhoneStateTracker : onServiceStateChanged
07-28 20:15:57.653  1675  1675 D Zygote  : Forked child process 13132
07-28 20:15:57.654  5187  5187 D SubsysEventListenerManager-SubsysTelephonyCallback[0]: onCellLocationChanged
07-28 20:15:57.654  6569  6715 I midasd  : OplusObrainService::notifyEventInt eventId:38 iParam:20
07-28 20:15:57.654  4840  5255 I SystemUi--Statusbar: MobileConnectionRepositoryImpl-->subId:1 isSoftSimCard:false slotId:0
07-28 20:15:57.654  3482  5359 W ContextImpl: Calling a method in the system process without a qualified user: android.app.ContextImpl.sendBroadcastMultiplePermissions:1344 com.android.server.TelephonyRegistry.broadcastServiceStateChanged:3745 com.android.server.TelephonyRegistry.notifyServiceStateForPhoneId:1787 com.android.internal.telephony.ITelephonyRegistry$Stub.onTransact:546 android.os.Binder.execTransactInternal:1523 
07-28 20:15:57.654  3482  3745 I ActivityManager: Start proc 13132:com.oplus.wirelesssettings:tzupdate/1000 for broadcast {com.oplus.wirelesssettings/com.oplus.tzupdate.timezone.MccChangeReceiver}
07-28 20:15:57.655  3482  5264 W BestClock: java.time.DateTimeException: Missing network time fix
07-28 20:15:57.656  4913  4913 D MultiSimSettingController: notifySubscriptionInfoChanged
07-28 20:15:57.656  3482  5359 W ContextImpl: Calling a method in the system process without a qualified user: android.app.ContextImpl.sendBroadcastMultiplePermissions:1344 com.android.server.TelephonyRegistry.broadcastServiceStateChanged:3754 com.android.server.TelephonyRegistry.notifyServiceStateForPhoneId:1787 com.android.internal.telephony.ITelephonyRegistry$Stub.onTransact:546 android.os.Binder.execTransactInternal:1523 
07-28 20:15:57.656  4840  5693 V OplusCustomizeCacheManager: queryCache name: sys.cache.common_customize_cache18014 param: null
07-28 20:15:57.656  4913  6216 E PhoneInterfaceManager: getServiceStateForSlot retuning null for invalid slotIndex=-1
07-28 20:15:57.656  4840  5693 V OplusCustomizeCacheManager: queryCache name: sys.cache.common_customize_cache18017 param: Bundle[{SETTING=BLOCK, BUSINESS=NCT-DATA}]
07-28 20:15:57.656  4840  5693 V OplusCustomizeCacheManager: queryCache name: sys.cache.common_customize_cache18013 param: null
07-28 20:15:57.656  3482  3482 I AS.AudioService: onSubscriptionsChanged()
07-28 20:15:57.657  3482  4472 V NetworkPolicy: onSubscriptionsChanged
07-28 20:15:57.657  5074  5074 E QImsService: ImsConfigImpl : onSubscriptionsChanged unable to process due to SubscriptionInfo is null
07-28 20:15:57.657  5074  5074 I QImsService: OplusPhoneStateTracker : onSubscriptionsChanged Last subId: 1 Current subId 1
07-28 20:15:57.657  9474 10384 I OplusObrain: OplusObrainClientInvoke.nativeGetTelephonyInfo
07-28 20:15:57.658  3482  4166 I MemoryOperationUtils: add 13132 to inactive
07-28 20:15:57.659  5187  5187 D SubsysEventListenerManager-SubsysTelephonyCallback[0]: onDisplayInfoChanged
07-28 20:15:57.659  5187  5187 D SceneService: onDisplayInfoChanged slotId:0,telephonyDisplayInfo:TelephonyDisplayInfo {network=NR, overrideNetwork=NONE, isRoaming=false}
07-28 20:15:57.659  4840  5255 I SystemUi--Statusbar: MobileInputLog-->onSubscriptionsChanged
07-28 20:15:57.659  3482  5359 W ContextImpl: Calling a method in the system process without a qualified user: android.app.ContextImpl.sendBroadcastMultiplePermissions:1344 com.android.server.TelephonyRegistry.broadcastServiceStateChanged:3760 com.android.server.TelephonyRegistry.notifyServiceStateForPhoneId:1787 com.android.internal.telephony.ITelephonyRegistry$Stub.onTransact:546 android.os.Binder.execTransactInternal:1523 
07-28 20:15:57.659  4913  4913 I Telephony: y0: onServiceStateChanged: newState=1, mServiceState=1
07-28 20:15:57.659  4913  4913 I Telephony: isRttCurrentlySupported -- regular acct, hasVoiceAvailability: false
07-28 20:15:57.659  4913  4913 I Telephony:  isRttSupported: false
07-28 20:15:57.659  4913  4913 I Telephony:  isUserRttSettingOn: false
07-28 20:15:57.659  4913  4913 I Telephony:  alwaysAllowWhileRoaming: false
07-28 20:15:57.659  4913  4913 I Telephony:  isRoaming: false
07-28 20:15:57.659  4913  4913 I Telephony:  isOnWfc: false
07-28 20:15:57.660  5114  5114 D QCNEJ/WwanInfoRelay: onSubscriptionsChanged currDDSId: 1 new DDS 1
07-28 20:15:57.661  5945  5945 D CellBroadcastReceiver: onReceive Intent { act=android.intent.action.SERVICE_STATE flg=0x1000010 cmp=com.android.cellbroadcastreceiver.module/com.android.cellbroadcastreceiver.CellBroadcastReceiver (has extras) }
07-28 20:15:57.661  5945  5945 D CellBroadcastReceiver: onServiceStateChanged, ss: 1
07-28 20:15:57.661  5945  5945 D CellBroadcastReceiver: networkOperator: 
07-28 20:15:57.661  4991  5752 D CellularEvent: handleSubscriptionsChanged: slotId=0
07-28 20:15:57.661  3482  4472 D NetworkPolicy: Normalization put networkpolicyNetworkTemplate: matchRule=CARRIER, matchSubscriberIds=[001011...], matchWifiNetworkKeys=[], metered=YES
07-28 20:15:57.661  3482  4472 D NetworkPolicy: Normalization put networkpolicyNetworkTemplate: matchRule=CARRIER, matchSubscriberIds=[310260...], matchWifiNetworkKeys=[], metered=YES
07-28 20:15:57.661  3482  4472 D NetworkPolicy: Normalization put networkpolicyNetworkTemplate: matchRule=CARRIER, matchSubscriberIds=[001010...], matchWifiNetworkKeys=[], metered=YES
07-28 20:15:57.661  3482  4472 D NetworkPolicy: Normalization put networkpolicyNetworkTemplate: matchRule=CARRIER, matchSubscriberIds=[001010...], matchWifiNetworkKeys=[], metered=YES
07-28 20:15:57.661  3482  4472 D NetworkPolicy: Normalization put networkpolicyNetworkTemplate: matchRule=CARRIER, matchSubscriberIds=[001012...], matchWifiNetworkKeys=[], metered=YES
07-28 20:15:57.661  3482  4472 V NetworkPolicy: updateNetworkEnabledNL() return
07-28 20:15:57.661  4991  5752 D CellularEvent: onImsRegistrationStateChanged, slotId=0state:false
07-28 20:15:57.662  7329  8305 E Battery : ControllerCenter: onReceiver: mSubscriptionManager is null || mIsNeedRestoreMobile = false
07-28 20:15:57.662  5114  5114 D QCNEJ/DataCallAgent: onSubscriptionsChanged: new DDS 1
07-28 20:15:57.662  5114  8796 D QCNEJ/DataCallAgent: phoneCount: 2
07-28 20:15:57.662  5114  8796 D QCNEJ/DataCallAgent: subs for 0th slot: [1]
07-28 20:15:57.662  5114  8796 D QCNEJ/DataCallAgent: mSubInfoReady[0] is set to true
07-28 20:15:57.662  5114  8796 D QCNEJ/DataCallAgent: subs for 1th slot: [-1]
07-28 20:15:57.663  7086  7920 D OsAgentAidlClient: [string_dataitem_update][1584] [HC] =>> [HS]
07-28 20:15:57.663  4913  4913 V OplusCustomizeCacheManager: queryCache name: sys.cache.common_customize_cache18016 param: null
07-28 20:15:57.663  9474 10134 I OplusObrain: OplusObrainClientInvoke.nativeGetTrafficTypeInfoForNetworkType networkType 0
07-28 20:15:57.663  4913  4913 V OplusCustomizeCacheManager: queryCache name: sys.cache.common_customize_cache18013 param: null
07-28 20:15:57.663  4913  4913 V OplusCustomizeCacheManager: queryCache name: sys.cache.common_customize_cache18014 param: null
07-28 20:15:57.663  3482  4881 D KernelStatsHelper: getKernelStats start!
07-28 20:15:57.663  4913  4913 V OplusCustomizeCacheManager: queryCache name: sys.cache.common_customize_cache18017 param: Bundle[{SETTING=BLOCK, BUSINESS=NCT-DATA}]
07-28 20:15:57.663  4840  4840 I KeyguardUpdateMonitor: action=android.intent.action.SERVICE_STATE subId=1 slotId=0
07-28 20:15:57.663  4913  4913 V OplusCustomizeCacheManager: queryCache name: sys.cache.common_customize_cache18016 param: null
07-28 20:15:57.663  4913  4913 V OplusCustomizeCacheManager: queryCache name: sys.cache.common_customize_cache18013 param: null
07-28 20:15:57.663  4913  4913 V OplusCustomizeCacheManager: queryCache name: sys.cache.common_customize_cache18014 param: null
07-28 20:15:57.663  4913  4913 V OplusCustomizeCacheManager: queryCache name: sys.cache.common_customize_cache18017 param: Bundle[{SETTING=BLOCK, BUSINESS=NCT-DATA}]
07-28 20:15:57.663  3482  4559 D OplusNetlinkSocket: handleNetlinkRecvKernelMessage:nlmsghdr:StructNlMsgHdr{ nlmsg_len{40}, nlmsg_type{45()}, nlmsg_flags{0()}, nlmsg_seq{0}, nlmsg_pid{228200911} }
07-28 20:15:57.663  4840  5255 I SystemUi--Statusbar: MobileConnectionRepositoryImpl-->subId:1 isSoftSimCard:false slotId:0
07-28 20:15:57.663  4840  4840 I SystemUi--Statusbar: OplusMobileIconInteractorImpl-->oplusIMSModel slot:0: CapabilityTypeModel(isVolteSwitchOn=true, isWfcEnabledByUser=true, imsRegistered=false, voiceCapable=false, videoCapable=false, registerTech=-1, isCrossSimCallingEnabledByUser=false, hasHideVolteOperator=false), SimStateModel(simInserted=[true, false], simForbidden=[false, true], simStateIMSI=[true, false], simLoaded=[true, false]),oplusNetworkTypeNr:0,isVoNrEnabled:false
07-28 20:15:57.663  3482  4559 D KernelStatsHelper: get magic :[-1, -1, -1, 77, 65, 71, 73, 67]
07-28 20:15:57.663  4840  5985 I SystemUi--Statusbar: OplusMobileConnectionRepository1-->stopListenImsStatusChanged
07-28 20:15:57.663  3482  4559 D KernelStatsHelper: magic matched count:0 data_len:0
07-28 20:15:57.663  3482  4559 D KernelStatsHelper: data over! check: true
07-28 20:15:57.663  4913  4913 D MultiSimSettingController: onSubscriptionsChanged
07-28 20:15:57.663  4913  4913 D MultiSimSettingController: isReadyToReevaluate: subInfoInitialized=true, carrierConfigsLoaded=true, satelliteEnabledOrBeingEnabled=false
07-28 20:15:57.663  4913  4913 D MultiSimSettingController: updateDefaults
07-28 20:15:57.663  4840  4840 I SystemUi--Statusbar: OplusMobileIconInteractorImpl-->oplusIMSModel slot:0: CapabilityTypeModel(isVolteSwitchOn=true, isWfcEnabledByUser=true, imsRegistered=false, voiceCapable=false, videoCapable=false, registerTech=-1, isCrossSimCallingEnabledByUser=false, hasHideVolteOperator=false), SimStateModel(simInserted=[true, false], simForbidden=[false, true], simStateIMSI=[true, false], simLoaded=[true, false]),oplusNetworkTypeNr:20,isVoNrEnabled:false
07-28 20:15:57.663  4913  4913 D MultiSimSettingController: isReadyToReevaluate: subInfoInitialized=true, carrierConfigsLoaded=true, satelliteEnabledOrBeingEnabled=false
07-28 20:15:57.663  4913  4913 D MultiSimSettingController: updateDefaultValues: change: 0
07-28 20:15:57.663  4913  4913 D MultiSimSettingController: disableDataForNonDefaultNonOpportunisticSubscriptions triggered, return directly
07-28 20:15:57.664  4913  4913 D ImsResolver: oldSubId: 1, newSubId: 1
07-28 20:15:57.664  4913  4913 D ImsResolver: oldSubId: -1, newSubId: -1
07-28 20:15:57.664  4913  4913 I Telephony: TelecomAccountRegistry: onSubscriptionsChanged - reregister accounts
07-28 20:15:57.664  4840  5255 I SystemUi--Statusbar: MobileConnectionRepositoryImpl-->subId:1 isSoftSimCard:false slotId:0
07-28 20:15:57.664  4840  5985 I SystemUi--Statusbar: OplusMobileConnectionRepository1-->phoneId: 0, conflatedCallbackFlow init
07-28 20:15:57.664  4840  5985 I SystemUi--Statusbar: OplusMobileConnectionRepository1-->startListenImsStatusChanged
07-28 20:15:57.664  6512  9454 D OplusAtlasAudioDetectionManager: MSG_CALL_STATE_CHANGED
07-28 20:15:57.664  6512  9454 D OplusAtlasAudioDetectionManager: callStateChanged state: 0, len: 0
07-28 20:15:57.664  4913  4913 D PhoneUtils: PhoneAccountHandle subId=1, slotId=0
07-28 20:15:57.664  4991  5470 D NAS-CellularEvent: handleSubscriptionsChanged: slotId=0
07-28 20:15:57.664  4991  5470 D NAS-CellularEvent: onImsRegistrationStateChanged, slotId=0state:false
07-28 20:15:57.664  4913  4913 D Telephony: registerPstnPhoneAccount line1Number =  subNumber = 
07-28 20:15:57.664  4913  4913 D Telephony: color is transparent asign default instead -15502541
07-28 20:15:57.664  4913  4913 D Telephony: isEmergencyPreferredAccount: subId=1, activeData=1
07-28 20:15:57.664  4913  4913 D Telephony: isEmergencyPreferredAccount: Device does not require preference.
07-28 20:15:57.665  4913  4913 I Telephony: isRttCurrentlySupported -- regular acct, hasVoiceAvailability: false
07-28 20:15:57.665  4913  4913 I Telephony:  isRttSupported: false
07-28 20:15:57.665  4913  4913 I Telephony:  isUserRttSettingOn: false
07-28 20:15:57.665  4913  4913 I Telephony:  alwaysAllowWhileRoaming: false
07-28 20:15:57.665  4913  4913 I Telephony:  isRoaming: false
07-28 20:15:57.665  4913  4913 I Telephony:  isOnWfc: false
07-28 20:15:57.665  4913  4913 D Telephony: x0: buildPstnPhoneAccount, phoneId: 0, mIsVideoCapable: false, 
07-28 20:15:57.665  4913  4913 D OplusSesImsManagerExt: feature:0, phoneId:0
07-28 20:15:57.665  4913  4913 D OplusSesImsManagerExt: getSubIdUsingPhoneId:1, phoneId:0
07-28 20:15:57.665  4913  4913 D OplusSesImsManagerExt: isEntitlementEnabled:false
07-28 20:15:57.665  4913  4913 D OplusSesImsManagerExt: isFeatureProvisionedOnDevice not enabled
07-28 20:15:57.665  1815 13100 I WifiHAL : event received NL80211_CMD_VENDOR, vendor_id = 0x1374, subcmd = 0xb6
07-28 20:15:57.665  3119  3119 I cnss-daemon: nl80211 response handler invoked
07-28 20:15:57.665  3119  3119 I cnss-daemon: nl80211_response_handler: cmd 103, vendorID 4980, subcmd 182  received
07-28 20:15:57.665  4913  4913 D Telephony: registerPstnPhoneAccount mIsVideoCapable = false
07-28 20:15:57.664  3482  4472 V NetworkPolicy: updateNotificationsNL not process
07-28 20:15:57.665  4913  4913 W libc    : Access denied finding property "persist.vendor.mtk_uce_support"
07-28 20:15:57.665  4913  4913 I Telephony: isCarrierVideoPresenceSupported, false, false, false, false
07-28 20:15:57.665  3119  3119 I cnss-daemon: nl80211 response handler invoked
07-28 20:15:57.665  3119  3119 I cnss-daemon: nl80211_response_handler: cmd 103, vendorID 4980, subcmd 182  received
07-28 20:15:57.665  1815 13100 I WifiHAL : event received NL80211_CMD_VENDOR, vendor_id = 0x1374, subcmd = 0xb6
07-28 20:15:57.665  3482  4472 W BestClock: java.time.DateTimeException: Missing network time fix
07-28 20:15:57.666  6547  6571 E horae   : tz(cpu-0-4-1) temp changed suddenly, cut temp to:56900
07-28 20:15:57.666  6547  6571 E horae   : Recording abnormal tz:19 state:4.
07-28 20:15:57.666  4913  4913 I Telephony: reRegisterPstnPhoneAccount: subId: 1 - no change
07-28 20:15:57.666  4913  4913 D CallNotifier: updatePhoneStateListeners: update CF notifications.
07-28 20:15:57.666  5074  5074 I QImsService: OplusPhoneStateTracker : onSubscriptionsChanged Last subId: -1 Current subId -1
07-28 20:15:57.666  3482  5279 W BestClock: java.time.DateTimeException: Missing network time fix
07-28 20:15:57.666 13132 13132 I ttings:tzupdate: isSwordfishLaunchAppEnabled_ 1 isSwordfishInstallAppEnabled_ 1
07-28 20:15:57.666 13132 13132 E ttings:tzupdate: Unknown bits set in runtime_flags: 0x40000000
07-28 20:15:57.666 13132 13132 I ttings:tzupdate: Using CollectorTypeCMC GC.
07-28 20:15:57.666  4991  5762 W BestClock: java.time.DateTimeException: Missing network time fix
07-28 20:15:57.667  3482  5279 W BestClock: java.time.DateTimeException: Missing network time fix
07-28 20:15:57.667  4991  5762 V MonthTrafficAlert: getWarningNotification subId:1 numWarningNotificaion:0
07-28 20:15:57.667  4840  5693 V OplusCustomizeCacheManager: queryCache name: sys.cache.common_customize_cache18014 param: null
07-28 20:15:57.667  4840  5693 V OplusCustomizeCacheManager: queryCache name: sys.cache.common_customize_cache18017 param: Bundle[{SETTING=BLOCK, BUSINESS=NCT-DATA}]
07-28 20:15:57.667  4913  4913 D InternationalRoamingNotification: init
07-28 20:15:57.667  4840  5693 V OplusCustomizeCacheManager: queryCache name: sys.cache.common_customize_cache18013 param: null
07-28 20:15:57.667  5187  5212 D VirtualCommService2: isSupport. true, true
07-28 20:15:57.667  4913  4913 D OplusVirtualCommUtils: isVirtualCommSupport, vRet: true
07-28 20:15:57.667  4913  4913 I OplusVirtualCommUtils: getVirtualCommDeviceType, vRet: 1
07-28 20:15:57.667  4913  4913 I OplusVirtualCommUtils: isConsumerDeviceType, deviceType: 1
07-28 20:15:57.667  4840  5985 I SystemUi--Statusbar: OplusMobileConnectionRepository1-->onImsStatusChanged model: CapabilityTypeModel(isVolteSwitchOn=true, isWfcEnabledByUser=true, imsRegistered=false, voiceCapable=false, videoCapable=false, registerTech=-1, isCrossSimCallingEnabledByUser=false, hasHideVolteOperator=false)
07-28 20:15:57.668 13132 13132 E ttings:tzupdate: Not starting debugger since process cannot load the jdwp agent.
07-28 20:15:57.668  4913  4913 D InternationalRoamingNotification: do not createRoamingNotification for invalid Network
07-28 20:15:57.668  4913  4913 V OplusCustomizeCacheManager: queryCache name: sys.cache.common_customize_cache18016 param: null
07-28 20:15:57.668  4913  4913 V OplusCustomizeCacheManager: queryCache name: sys.cache.common_customize_cache18013 param: null
07-28 20:15:57.668  4913  4913 V OplusCustomizeCacheManager: queryCache name: sys.cache.common_customize_cache18014 param: null
07-28 20:15:57.668  4913  4913 V OplusCustomizeCacheManager: queryCache name: sys.cache.common_customize_cache18017 param: Bundle[{SETTING=BLOCK, BUSINESS=NCT-DATA}]
07-28 20:15:57.668  4913  4913 V SimultaneousCallingTracker: Received EVENT 101
07-28 20:15:57.668  4913  4913 V SimultaneousCallingTracker: generateVoiceCapablePhoneMapBasedOnUserAssociation: adding phoneId = 0
07-28 20:15:57.668  4913  4913 I SimultaneousCallingTracker: updatePhoneMapAndSimultaneousCallSupportMap: mVoiceCapablePhoneMap.size = 1
07-28 20:15:57.668  4913  4913 V SimultaneousCallingTracker: registerForImsRegistrationChanges: registering phoneId = 0
07-28 20:15:57.668  4913  4913 V SimultaneousCallingTracker: generateSimultaneousCallSupportMap: returning simultaneousCallSubSupportMap = Phone ID=0 - Simultaneous calling compatible phone IDs=[]; 
07-28 20:15:57.668  4913  4913 V SimultaneousCallingTracker: handleSimultaneousCallingSupportChanged
07-28 20:15:57.668  3482  5359 W ContentService: Observer is already registered. Pid is 4913
07-28 20:15:57.669 13132 13132 D nativeloader: Load libframework-connectivity-tiramisu-jni.so using APEX ns com_android_tethering for caller /apex/com.android.tethering/javalib/framework-connectivity-t.jar: ok
07-28 20:15:57.669  3482  5264 W BestClock: java.time.DateTimeException: Missing network time fix
07-28 20:15:57.670  2723  2723 I wificond: Regulatory domain changed to country: US on wiphy_index: 0
07-28 20:15:57.670  2723  2723 I wificond: UpdateBandInfo
07-28 20:15:57.670  3482  5359 D WifiNl80211Manager: OnRegDomainChanged US
07-28 20:15:57.670  3482  5359 D WifiNative: onCountryCodeChanged: US
07-28 20:15:57.670  3482  5359 I WifiCountryCode: Receive onDriverCountryCodeChanged US
07-28 20:15:57.670  3482  5359 D WifiScanRequestProxy: Sending scan available broadcast: true
07-28 20:15:57.670  3482  4478 I WifiScanningService: Received a request to enable scanning, UID = 1000
07-28 20:15:57.670  3482  4478 I WifiScanningService: scanner impls already exists
07-28 20:15:57.670  3482  4478 E WifiScanningService: wifi driver loaded received while already loaded
07-28 20:15:57.670  3482  5264 W BestClock: java.time.DateTimeException: Missing network time fix
07-28 20:15:57.670  3482  5359 I WifiScanRequestProxy: Scanning is enabled
07-28 20:15:57.670  3482  5359 I WifiScanRequestProxy: Scanning for hidden networks is disabled
07-28 20:15:57.670 13132 13132 W libc    : Access denied finding property "persist.vendor.sys.activitylog"
07-28 20:15:57.670  3482  4474 I WifiService: Receive onDriverCountryCodeChanged to US, update available channel list
07-28 20:15:57.670 13132 13132 I OneTrace: Mark active for pid=13132? true
07-28 20:15:57.670 13132 13132 D cutils-dev: otrace_set_tracing_enabled? true tag:0
07-28 20:15:57.671 13132 13132 D cutils-dev: properties changed in otrace_seq_number_changed!
07-28 20:15:57.671  4840  5693 V OplusCustomizeCacheManager: queryCache name: sys.cache.common_customize_cache18014 param: null
07-28 20:15:57.671  4840  5693 V OplusCustomizeCacheManager: queryCache name: sys.cache.common_customize_cache18017 param: Bundle[{SETTING=BLOCK, BUSINESS=NCT-DATA}]
07-28 20:15:57.671  4840  5693 V OplusCustomizeCacheManager: queryCache name: sys.cache.common_customize_cache18013 param: null
07-28 20:15:57.671  7086  7086 I OsAgent : onReceive: android.net.wifi.action.WIFI_SCAN_AVAILABILITY_CHANGED
07-28 20:15:57.671  3482  3482 D OplusWifiBroadCastDispatcher: mBroadcastReceiver: onReceiver  action=android.net.wifi.action.WIFI_SCAN_AVAILABILITY_CHANGED
07-28 20:15:57.671  2723  2723 I wificond: 2.4Ghz frequencies: 2412 2417 2422 2427 2432 2437 2442 2447 2452 2457 2462
07-28 20:15:57.671  2723  2723 I wificond: 5Ghz non-DFS frequencies: 5180 5200 5220 5240 5745 5765 5785 5805 5825
07-28 20:15:57.671  2723  2723 I wificond: 5Ghz DFS frequencies: 5260 5280 5300 5320 5500 5520 5540 5560 5580 5600 5620 5640 5660 5680 5700
07-28 20:15:57.671  2723  2723 I wificond: 6Ghz frequencies:
07-28 20:15:57.671  2723  2723 I wificond: 60Ghz frequencies:
07-28 20:15:57.671  7086  7920 I OsAgent : updateWiFiScanAvailState, scanAvailable: true
07-28 20:15:57.671  4840  4840 I KeyguardUpdateMonitor: refreshSimState, changed:false,subId:1,slotId:0,state:5
07-28 20:15:57.671  3482  4591 D OplusWifiPower_ConnLpmEventObsever: onReceive EXTRA_SCAN_AVAILABLE availabe = true
07-28 20:15:57.671  3482  4591 D OplusWifiPowerService: onReceive action:android.net.wifi.action.WIFI_SCAN_AVAILABILITY_CHANGED
07-28 20:15:57.671  3482  4591 D OplusWifiSwitchStateMonitor: scan settings change to true
07-28 20:15:57.671  4840  5181 I SystemUi--QuickSettings: Tile.OplusCellularTile-->updateCarrierText: dialog not showing, ignore
07-28 20:15:57.671  3482  4474 E ApConfigUtil: Malformed channel value detected: java.lang.NumberFormatException: For input string: ""
07-28 20:15:57.671  4840  5181 D SimStateHelper: slot:0, lock state:Bundle[mParcelledData.dataSize=56]
07-28 20:15:57.671  4840  5181 D SimStateHelper: slot:1, lock state:Bundle[mParcelledData.dataSize=56]
07-28 20:15:57.671  4840  5181 D SimStateHelper: needDisableMenu: slot1State=-1; slot2State=-1
07-28 20:15:57.671  4840  5181 D SimStateHelper: needDisableMenu:false
07-28 20:15:57.671  4840  5181 I SystemUi--QuickSettings: Tile.OplusCellularTile-->updateCarrierText: dialog not showing, ignore
07-28 20:15:57.671  4840  5181 D SimStateHelper: slot:0, lock state:Bundle[mParcelledData.dataSize=56]
07-28 20:15:57.671  4840  5181 D SimStateHelper: slot:1, lock state:Bundle[mParcelledData.dataSize=56]
07-28 20:15:57.671  4840  5181 D SimStateHelper: needDisableMenu: slot1State=-1; slot2State=-1
07-28 20:15:57.671  4840  5181 D SimStateHelper: needDisableMenu:false
07-28 20:15:57.672  3482  5359 D ActivityTaskManagerServiceExtImpl: preBindApplication record is null
07-28 20:15:57.672  3482  5359 D RGBNormalizeServer: OplusRGBNormalize feature enabled ? true
07-28 20:15:57.672  3482  5359 D ResourcesManagerCache: For package com.oplus.wirelesssettings we got cacheList [null] appInfoExt is null ? false hasFeature ? false
07-28 20:15:57.672  3482  5359 D VRR [OPlusExternalRefreshRateManager]: isPkgTfcEnable: pkgName = com.oplus.wirelesssettings, enable = false
07-28 20:15:57.672  3482  5359 D VRR [OPlusExternalRefreshRateManager]: getTfcMinFramerate: pkgName = com.oplus.wirelesssettings, min framerate = 0
07-28 20:15:57.672  3482  4474 E ApConfigUtil: Malformed channel value detected: java.lang.NumberFormatException: For input string: ""
07-28 20:15:57.672  1815  1815 E WifiHAL : wifi_get_usable_channels: Error -5 waiting for response.
07-28 20:15:57.672  3482  4474 E WifiChipAidlImpl: getUsableChannels failed with service-specific exception: android.os.ServiceSpecificException:  (code 7)
07-28 20:15:57.672  3482  4474 E ApConfigUtil: Malformed channel value detected: java.lang.NumberFormatException: For input string: ""
07-28 20:15:57.672  3403  3870 D QmiClient: qmiServiceEventCallback recv msg id 276
07-28 20:15:57.672  3403  3870 D QmiNasClient: enter : onQmiServiceEventCallback msgId 276
07-28 20:15:57.672  3403  3870 D QmiNasClientEvent: qmiNasClientAccessBarringStatusEvent - RADIO_EVENT_NAS_ACCESS_BARRING_STATUS_IND
07-28 20:15:57.672  3403  3461 D NasProxy: handleMessage msg is 2104
07-28 20:15:57.672  3401  3880 D QmiClient: qmiServiceEventCallback recv msg id 276
07-28 20:15:57.672  3401  3880 D QmiNasClient: enter : onQmiServiceEventCallback msgId 276
07-28 20:15:57.672  3401  3880 D QmiNasClientEvent: qmiNasClientAccessBarringStatusEvent - RADIO_EVENT_NAS_ACCESS_BARRING_STATUS_IND
07-28 20:15:57.672  3401  3429 D NasProxy: handleMessage msg is 2104
07-28 20:15:57.673  5187  5212 D SubsysRadioIndication[0]: radioNasAccessBarringStatusInd, NasAccessBarringStatusType: radioIf:12, dataBarringStatus:0, dataBarringTime:0, voiceBarringStatus:0, voiceBarringTime:0, videoBarringStatus:0, videoBarringTime:0
07-28 20:15:57.673  5187  5212 D SubsysRadioIndication[0]: notify enter
07-28 20:15:57.673  5187  5307 D SubsysRadioIndication[1]: radioNasAccessBarringStatusInd, NasAccessBarringStatusType: radioIf:12, dataBarringStatus:0, dataBarringTime:0, voiceBarringStatus:0, voiceBarringTime:0, videoBarringStatus:0, videoBarringTime:0
07-28 20:15:57.673  5187  5307 D SubsysRadioIndication[1]: notify enter
07-28 20:15:57.673 13132 13132 D OplusActivityManager: get AMS extension: android.os.BinderProxy@bc0db9f
07-28 20:15:57.674 13132 13132 D CompactWindowAppManager: initCompactApplicationInfo CompactMode: , NormalMode: 
07-28 20:15:57.675 13132 13132 D OplusScrollToTopManager: setIsInWhiteList false
07-28 20:15:57.675 13132 13132 D OplusViewDebugManager: OplusViewDebugManager Constructor android.view.debug.OplusViewDebugManager@2b1d0b5 [mHasViewDebugProperty true] [mHasMsgDebugProperty false] [DEBUG false] [EXTRAINFOENABLE false] [LIGHT_OS false]
07-28 20:15:57.676 13132 13132 D CompatChangeReporter: Compat change id reported: 242716250; UID 1000; state: ENABLED
07-28 20:15:57.677  4913  5966 D CellBroadcastConfigTracker-0: Failed to set cdma config
07-28 20:15:57.677  5945  6055 E CellBroadcastConfigService: fails to setCellBroadcastRanges, result = 2
07-28 20:15:57.678 13132 13132 W libc    : Access denied finding property "ro.odm.prev.product.name"
07-28 20:15:57.678 13132 13132 W ziparchive: Unable to open '/system_ext/framework/nfcvendorlib.dm': No such file or directory
07-28 20:15:57.678 13132 13132 W ziparchive: Unable to open '/system_ext/framework/nfcvendorlib.dm': No such file or directory
07-28 20:15:57.680 13132 13132 D nativeloader: Configuring clns-shared-7 for other apk /system_ext/framework/nfcvendorlib.jar. target_sdk_version=34, uses_libraries=ALL, library_path=/system_ext/priv-app/WirelessSettings/lib/arm64:/system_ext/priv-app/WirelessSettings/WirelessSettings.apk!/lib/arm64-v8a:/system/lib64:/system_ext/lib64, permitted_path=/data:/mnt/expand:/data/user_de/0/com.oplus.wirelesssettings:/system_ext/priv-app/WirelessSettings:/system/lib64:/system_ext/lib64
07-28 20:15:57.680 13132 13132 D nativeloader: Extending system_exposed_libraries: libbinauralrenderer_wrapper.qti.so:libhoaeffects.qti.so:libSloganJni.oplus.so:libsuperNight.oplus.so:libAPSClient-cmd-jni-extension.oplus.so:libsatellite_audio_jni.oplus.so:libortc_so.oplus.so:libsoundtouch.oplus.so:libsoundtouch_jni.oplus.so:libOplusStringJNI-extension.oplus.so:libsatellite_ostx_jni.oplus.so:libapssuspend-jni.oplus.so:libupdateprof.qti.so:libthermalclient.qti.so:libqape.qti.so:libqesdk_ndk_platform.qti.so:liblistenjni.qti.so
07-28 20:15:57.680 13132 13132 D ApplicationLoaders: Returning zygote-cached class loader: /system_ext/framework/androidx.window.extensions.jar
07-28 20:15:57.680 13132 13132 D ApplicationLoaders: Returning zygote-cached class loader: /system_ext/framework/androidx.window.sidecar.jar
07-28 20:15:57.682 13132 13132 D nativeloader: Configuring clns-shared-8 for other apk /system_ext/priv-app/WirelessSettings/WirelessSettings.apk. target_sdk_version=34, uses_libraries=, library_path=/system_ext/priv-app/WirelessSettings/lib/arm64:/system_ext/priv-app/WirelessSettings/WirelessSettings.apk!/lib/arm64-v8a:/system/lib64:/system_ext/lib64, permitted_path=/data:/mnt/expand:/data/user_de/0/com.oplus.wirelesssettings:/system_ext/priv-app/WirelessSettings:/system/lib64:/system_ext/lib64
07-28 20:15:57.685 13132 13132 V GraphicsEnvironment: Currently set values for:
07-28 20:15:57.685 13132 13132 V GraphicsEnvironment:   angle_gl_driver_selection_pkgs=[]
07-28 20:15:57.685 13132 13132 V GraphicsEnvironment:   angle_gl_driver_selection_values=[]
07-28 20:15:57.685 13132 13132 V GraphicsEnvironment: Global.Settings values are invalid: number of packages: 0, number of values: 0
07-28 20:15:57.686 13132 13132 D WS_OplusWirelessSettingsApp: onCreate, OplusWirelessSettingsApp
07-28 20:15:57.687 13132 13132 D LogUtils: initWirelessLog sIsQeAssert=false,sIsWifiOrBtLog=false
07-28 20:15:57.689  3482  5264 I ActivityManager: Flag disabled. Ignoring finishAttachApplication from uid: 1000. pid: 13132
07-28 20:15:57.690 13132 13132 E ANDR-PERF-CLIENT-SYS: death recipent object is fine
07-28 20:15:57.690 13132 13132 W ttings:tzupdate: AIBinder_linkToDeath is being called with a non-null cookie and no onUnlink callback set. This might not be intended. AIBinder_DeathRecipient_setOnUnlinked should be called first.
07-28 20:15:57.690  3482  5264 W OplusSelfProtectManager: pkg[com.oplus.wirelesssettings] not in policy list
07-28 20:15:57.693  3482  5264 D ActivityManager: Async freezing 13132 com.oplus.wirelesssettings:tzupdate
07-28 20:15:57.695  4685  4698 W SQLiteLog: (28) double-quoted string literal: "timezone_tzdata_v2_files"
07-28 20:15:57.718  1962  1962 D SensorFeature: name=ssc_screenshot_info ,index = 22
07-28 20:15:57.718  1962  1962 D SensorFeature: write 29 bytes:59327837944,59336171277,162,0
07-28 20:15:57.740  1801  4422 I sensors-hal: handle_oplus_wise_rgb_event:189, high_pwm_light:lux 276.3,cct 3630.8,brl/algo/ir 1441.0/2.0/16.4,pwm/dc 0.0/0.0,rgbc 21219.716797/13401.779297/6154.466309/39408.105469,ts 59302993535,cnt 840,flag 162
07-28 20:15:57.740  1907  4415 I Dpps    : LtmSwState::SetParameter():144 ignore cmd 7 in state LtmOffState
07-28 20:15:57.765  4913  4913 V OplusCustomizeCacheManager: queryCache name: sys.cache.common_customize_cache18016 param: null
07-28 20:15:57.765  4913  4913 V OplusCustomizeCacheManager: queryCache name: sys.cache.common_customize_cache18013 param: null
07-28 20:15:57.765  4913  4913 V OplusCustomizeCacheManager: queryCache name: sys.cache.common_customize_cache18014 param: null
07-28 20:15:57.765  4913  4913 V OplusCustomizeCacheManager: queryCache name: sys.cache.common_customize_cache18017 param: Bundle[{SETTING=BLOCK, BUSINESS=NCT-DATA}]
07-28 20:15:57.766  4913  4913 V OplusCustomizeCacheManager: queryCache name: sys.cache.common_customize_cache18016 param: null
07-28 20:15:57.766  4913  4913 V OplusCustomizeCacheManager: queryCache name: sys.cache.common_customize_cache18013 param: null
07-28 20:15:57.766  4913  4913 V OplusCustomizeCacheManager: queryCache name: sys.cache.common_customize_cache18014 param: null
07-28 20:15:57.766  4913  4913 V OplusCustomizeCacheManager: queryCache name: sys.cache.common_customize_cache18017 param: Bundle[{SETTING=BLOCK, BUSINESS=NCT-DATA}]
07-28 20:15:57.777  4840  4840 D RowAnimatorExtImpl: end:view:StatusBarIconView(slot='volume' alpha=1.0 icon=StatusBarIcon(icon=Icon(typ=RESOURCE pkg=com.android.systemui id=0x7f0818f0) visible user=0 ) visibleState=ICON iconColor=#ccffffff staticDrawableColor=#ccffffff decorColor=#ffffffff animationStartColor=#0 currentSetColor=#ccffffff notification=null),tx
07-28 20:15:57.778  4840  4840 D RowAnimatorExtImpl: end:view:StatusBarIconView(slot='zen' alpha=1.0 icon=StatusBarIcon(icon=Icon(typ=RESOURCE pkg=com.android.systemui id=0x7f0818e1) visible user=0 ) visibleState=ICON iconColor=#ccffffff staticDrawableColor=#ccffffff decorColor=#ffffffff animationStartColor=#0 currentSetColor=#ccffffff notification=null),tx
07-28 20:15:57.778  4840  4840 D RowAnimatorExtImpl: end:view:StatusBarIconView(slot='volume' alpha=1.0 icon=StatusBarIcon(icon=Icon(typ=RESOURCE pkg=com.android.systemui id=0x7f0818f0) visible user=0 ) visibleState=ICON iconColor=#ccffffff staticDrawableColor=#ccffffff decorColor=#ffffffff animationStartColor=#0 currentSetColor=#ccffffff notification=null),tx
07-28 20:15:57.778  4840  4840 D RowAnimatorExtImpl: end:view:StatusBarIconView(slot='zen' alpha=1.0 icon=StatusBarIcon(icon=Icon(typ=RESOURCE pkg=com.android.systemui id=0x7f0818e1) visible user=0 ) visibleState=ICON iconColor=#ccffffff staticDrawableColor=#ccffffff decorColor=#ffffffff animationStartColor=#0 currentSetColor=#ccffffff notification=null),tx
07-28 20:15:57.778  4840  4840 D RowAnimatorExtImpl: end:view:StatusBarIconView(slot='volume' alpha=1.0 icon=StatusBarIcon(icon=Icon(typ=RESOURCE pkg=com.android.systemui id=0x7f0818f0) visible user=0 ) visibleState=ICON iconColor=#ccffffff staticDrawableColor=#ccffffff decorColor=#ffffffff animationStartColor=#0 currentSetColor=#ccffffff notification=null),tx
07-28 20:15:57.778  4840  4840 D RowAnimatorExtImpl: end:view:StatusBarIconView(slot='zen' alpha=1.0 icon=StatusBarIcon(icon=Icon(typ=RESOURCE pkg=com.android.systemui id=0x7f0818e1) visible user=0 ) visibleState=ICON iconColor=#ccffffff staticDrawableColor=#ccffffff decorColor=#ffffffff animationStartColor=#0 currentSetColor=#ccffffff notification=null),tx
07-28 20:15:57.977  4840  4840 I SystemUi--QuickSettings: TemporarilyInfoManager-->[animateShow] com.oplus.systemui.qs.base.temporarilyinfo.TemporarilyInfoManager$createViewToParent$1{43fa736 VFED..C.. ........ 0,0-1080,228 #7f0a0cb6 app:id/temporarily_info_view alpha=1.0 viewInfo = } end
07-28 20:15:57.977  4840  4840 I SystemUi--QuickSettings: TemporarilyInfoManager-->[trigger] start from showElementAfterShowFully
