07-28 20:10:54.346  3397  3929 D QmiNasClientEvent: qmiNasClientAccessBarringStatusEvent - RADIO_EVENT_NAS_ACCESS_BARRING_STATUS_IND
07-28 20:10:54.346  3397  3433 D NasProxy: handleMessage msg is 2104
07-28 20:10:54.346  3397  3929 D QmiClient: qmiServiceEventCallback recv msg id 78
07-28 20:10:54.346  3397  3929 D QmiNasClient: enter : onQmiServiceEventCallback msgId 78
07-28 20:10:54.347  3397  3929 D QmiNasClientEvent: qmiNasClientNotifySysInfoEvent lte_ims_voice_avail_valid 0
07-28 20:10:54.347  3397  3433 D NasProxy: handleMessage msg is 2101
07-28 20:10:54.347  3397  3433 D NasProxy: handleNasSysInfoEvent for instance 0
07-28 20:10:54.347  5241  6245 D SubsysRadioIndication[0]: radioNasAccessBarringStatusInd, NasAccessBarringStatusType: radioIf:12, dataBarringStatus:0, dataBarringTime:0, voiceBarringStatus:0, voiceBarringTime:0, videoBarringStatus:0, videoBarringTime:0
07-28 20:10:54.347  5241  6335 D SubsysRadioIndication[1]: radioNasAccessBarringStatusInd, NasAccessBarringStatusType: radioIf:12, dataBarringStatus:0, dataBarringTime:0, voiceBarringStatus:0, voiceBarringTime:0, videoBarringStatus:0, videoBarringTime:0
07-28 20:10:54.347  5241  6335 D SubsysRadioIndication[1]: notify enter
07-28 20:10:54.347  5241  6245 D SubsysRadioIndication[0]: notify enter
07-28 20:10:54.348  5241  6245 D SubsysRadioIndication[0]: radioNr5gFreqTypeIndication, nr5gFreqType = 0
07-28 20:10:54.348  5241  5241 D QtiCellularNetwork: handleNr5gFreqTypeChanged 0, nr5gFreqType = 0
07-28 20:10:54.350  5141  6308 I QImsService: ImsRadioIndicationAidl : onServiceDomainChanged()[SUB0]
07-28 20:10:54.350  5141  6308 I QImsService: ImsSenderRxr : [UNSL]< UNSOL_SERVICE_DOMAIN_CHANGED 0[SUB0]
07-28 20:10:54.351  5141  5141 I QImsService: ImsRegistrationController : Message received: what = 5
07-28 20:10:54.351  5141  5141 I QImsService: ImsRegistrationController : handleSrvDomainChanged
07-28 20:10:54.352  5022  5536 D QtiOemHookAidl: oemHookRawIndication length=21
07-28 20:10:54.352  5022  5022 D QcrilMsgTunnelIfaceManager: handleMessage what = 0
07-28 20:10:54.353  5000  5000 D QC_RIL_OEM_HOOK: Received Broadcast Intent ACTION_UNSOL_RESPONSE_OEM_HOOK_RAW
07-28 20:10:54.353  5000  5000 D QC_RIL_OEM_HOOK: Received Broadcast Intent ACTION_UNSOL_RESPONSE_OEM_HOOK_RAW
07-28 20:10:54.353  5022  5022 D QC_RIL_OEM_HOOK: Received Broadcast Intent ACTION_UNSOL_RESPONSE_OEM_HOOK_RAW
07-28 20:10:54.354  5000  5000 D QC_RIL_OEM_HOOK: Received Broadcast Intent ACTION_UNSOL_RESPONSE_OEM_HOOK_RAW
07-28 20:10:54.354  5186  6212 D IWlanJni: getDataRegistrationState start
07-28 20:10:54.355  5186  6286 D IWlanJni: new aidl event arrived
07-28 20:10:54.355  5186  6286 D IWlanJni: handleEvent 10
07-28 20:10:54.355  5186  6286 D IWlanJni: isThreadAttached start
07-28 20:10:54.355  5186  6286 D IWlanJni: jni detached
07-28 20:10:54.355  5186  6286 D IWlanJni: jni attached
07-28 20:10:54.355  5186  6286 D IWlanJni: getDataRegistrationStateResponse start
07-28 20:10:54.355  5186  6286 D IWlanJni: getJavaCallbackClass start
07-28 20:10:54.355  5186  6286 D IWlanJni: getJavaCallbackClass End midIs[1]
07-28 20:10:54.355  5186  6286 I IWlanAidlClient: getDataRegistrationStateResponse called
07-28 20:10:54.355  5186  6284 W IWlanNetworkService: 14 > Response Processed
07-28 20:10:54.357  5000  5000 D OplusTelephonyController: onSignalStrengthChanged: SignalStrength=SignalStrength:{mCdma=CellSignalStrengthCdma: cdmaDbm=2147483647 cdmaEcio=2147483647 evdoDbm=2147483647 evdoEcio=2147483647 evdoSnr=2147483647 level=0,mGsm=CellSignalStrengthGsm: rssi=2147483647 ber=2147483647 mTa=2147483647 mLevel=0,mWcdma=CellSignalStrengthWcdma: ss=2147483647 ber=2147483647 rscp=2147483647 ecno=2147483647 level=0,mTdscdma=CellSignalStrengthTdscdma: rssi=2147483647 ber=2147483647 rscp=2147483647 level=0,mLte=CellSignalStrengthLte: rssi=2147483647 rsrp=2147483647 rsrq=2147483647 rssnr=2147483647 cqiTableIndex=2147483647 cqi=2147483647 ta=2147483647 level=0 parametersUseForLevel=0,mNr=CellSignalStrengthNr:{ csiRsrp = 2147483647 csiRsrq = 2147483647 csiCqiTableIndex = 2147483647 csiCqiReport = [] ssRsrp = 2147483647 ssRsrq = 2147483647 ssSinr = 2147483647 level = 0 parametersUseForLevel = 0 timingAdvance = 2147483647 },primary=CellSignalStrengthLte}
07-28 20:10:54.357  5186  6212 D IWlanJni: getDataRegistrationState start
07-28 20:10:54.358  5241  5241 D SubsysEventListenerManager-SubsysTelephonyCallback[0]: onSignalStrengthsChanged
07-28 20:10:54.358  5186  6286 D IWlanJni: new aidl event arrived
07-28 20:10:54.358  5186  6286 D IWlanJni: handleEvent 10
07-28 20:10:54.358  5186  6286 D IWlanJni: isThreadAttached start
07-28 20:10:54.358  5186  6286 D IWlanJni: jni detached
07-28 20:10:54.358  5186  6286 D IWlanJni: jni attached
07-28 20:10:54.358  5186  6286 D IWlanJni: getDataRegistrationStateResponse start
07-28 20:10:54.358  5186  6286 D IWlanJni: getJavaCallbackClass start
07-28 20:10:54.358  5186  6286 D IWlanJni: getJavaCallbackClass End midIs[1]
07-28 20:10:54.358  5186  6286 I IWlanAidlClient: getDataRegistrationStateResponse called
07-28 20:10:54.359  5186  6284 W IWlanNetworkService: 15 > Response Processed
07-28 20:10:54.362  3337  3493 W BestClock: java.time.DateTimeException: Missing network time fix
07-28 20:10:54.363  3337  3493 W BestClock: java.time.DateTimeException: Missing network time fix
07-28 20:10:54.364  5000  5000 W Settings: Setting airplane_mode_on has moved from android.provider.Settings.System to android.provider.Settings.Global, returning read-only value.
07-28 20:10:54.364  5052  5682 D NAS-CallIssueDetector: onPollCsPsRegStateChanged slotid = 0
07-28 20:10:54.364  5052  5682 D NAS-CallIssueDetector: notifyRealOosChanged
07-28 20:10:54.364  5052  5682 D OplusCiwlanController: [vodata] getSubId subid =  1
07-28 20:10:54.364  4898  5835 V OplusCustomizeCacheManager: queryCache name: sys.cache.common_customize_cache18014 param: null
07-28 20:10:54.364  5052  5683 W BluetoothAdapterExtImpl: getBluetoothConnectionCount：mOplusBluetooth null!
07-28 20:10:54.364  4898  5835 V OplusCustomizeCacheManager: queryCache name: sys.cache.common_customize_cache18017 param: Bundle[{SETTING=BLOCK, BUSINESS=NCT-DATA}]
07-28 20:10:54.364  4898  5835 V OplusCustomizeCacheManager: queryCache name: sys.cache.common_customize_cache18013 param: null
07-28 20:10:54.365  5052  5683 D TelephonyImpl: isRequestingMms
07-28 20:10:54.365  5052  5683 D TelephonyImpl: getReleaseMmsNetworkTime
07-28 20:10:54.365  3337  3337 D OplusWifiBroadCastDispatcher: mBroadcastReceiver: onReceiver  action=oplus.intent.action.MCC_CHANGE
07-28 20:10:54.365  5052  5682 D OplusCiwlanController: [vodata] processOosChanged  phoneid = 0,cur regstate = 1,old regstate = -1
07-28 20:10:54.365  5052  5682 D OplusCiwlanController: [vodata] getSubId subid =  -1
07-28 20:10:54.365  5052  5682 D OplusCiwlanController: [vodata] processOosChanged  phoneid = 1,cur regstate = 1,old regstate = -1
07-28 20:10:54.365  5052  5683 D OplusDdsSwitchStrategy: Md,OplusCheckFeature,RETURN_TO_CUR_ACTION_DDS
07-28 20:10:54.365  4720  4864 D CNGmsControlService: receive:oplus.intent.action.MCC_CHANGE
07-28 20:10:54.366  7398  7398 I 7398PAS.MccChangeReceiver_Travel: onReceive
07-28 20:10:54.367  4720  4864 D CNGmsControlService: mcc1=001 mcc2=null GmsState=2 TagWhitelistApp=true UserDisableCount=0 SettingsGmsState=1
07-28 20:10:54.369  7398  8669 D NetWorkMonitor: addNetStateListener :true
07-28 20:10:54.369  3337  4923 D ConnectivityService: requestNetwork for uid/pid:10137/7398 activeRequest: null callbackRequest: 284 [NetworkRequest [ REQUEST id=285, [ Capabilities: INTERNET&NOT_RESTRICTED&TRUSTED&NOT_VCN_MANAGED&NOT_BANDWIDTH_CONSTRAINED Uid: 10137 RequestorUid: 10137 RequestorPkg: com.coloros.sceneservice UnderlyingNetworks: Null] ]] callback flags: 0 order: 2147483647 isUidTracked: false
07-28 20:10:54.369  7398  8669 D NetWorkMonitor: resume registerNetworkCallback
07-28 20:10:54.370  4898  5239 I SystemUi--QuickSettings: Tile.OplusCellularTile-->updateCarrierText: dialog not showing, ignore
07-28 20:10:54.370  4898  5239 D SimStateHelper: slot:0, lock state:Bundle[mParcelledData.dataSize=56]
07-28 20:10:54.370  4898  5239 D SimStateHelper: slot:1, lock state:Bundle[mParcelledData.dataSize=56]
07-28 20:10:54.370  4898  5239 D SimStateHelper: needDisableMenu: slot1State=-1; slot2State=-1
07-28 20:10:54.370  4898  5239 D SimStateHelper: needDisableMenu:false
07-28 20:10:54.371  3337  4519 D WifiNetworkFactory: got request NetworkRequest [ REQUEST id=285, [ Capabilities: INTERNET&NOT_RESTRICTED&TRUSTED&NOT_VCN_MANAGED&NOT_BANDWIDTH_CONSTRAINED Uid: 10137 RequestorUid: 10137 RequestorPkg: com.coloros.sceneservice UnderlyingNetworks: Null] ]
07-28 20:10:54.372  5000  6360 D OplusNetworkFactory: got request NetworkRequest [ REQUEST id=285, [ Capabilities: INTERNET&NOT_RESTRICTED&TRUSTED&NOT_VCN_MANAGED&NOT_BANDWIDTH_CONSTRAINED Uid: 10137 RequestorUid: 10137 RequestorPkg: com.coloros.sceneservice UnderlyingNetworks: Null] ]
07-28 20:10:54.372  5052  5086 W Binder  : Caught a RuntimeException from the binder stub implementation.
07-28 20:10:54.372  5052  5086 W Binder  : java.lang.NullPointerException: Attempt to invoke virtual method 'boolean android.net.Uri.equals(java.lang.Object)' on a null object reference
07-28 20:10:54.372  5052  5086 W Binder  : 	at xb.a$b.onChange(Unknown Source:16)
07-28 20:10:54.372  5052  5086 W Binder  : 	at android.database.ContentObserver.onChange(ContentObserver.java:184)
07-28 20:10:54.372  5052  5086 W Binder  : 	at android.database.ContentObserver.onChange(ContentObserver.java:202)
07-28 20:10:54.372  5052  5086 W Binder  : 	at android.database.ContentObserver.onChange(ContentObserver.java:224)
07-28 20:10:54.372  5052  5086 W Binder  : 	at android.database.ContentObserver.onChange(ContentObserver.java:236)
07-28 20:10:54.372  5052  5086 W Binder  : 	at android.database.ContentObserver.dispatchChange(ContentObserver.java:335)
07-28 20:10:54.372  5052  5086 W Binder  : 	at android.database.ContentObserver$Transport.onChangeEtc(ContentObserver.java:357)
07-28 20:10:54.372  5052  5086 W Binder  : 	at android.database.IContentObserver$Stub.onTransact(IContentObserver.java:120)
07-28 20:10:54.372  5052  5086 W Binder  : 	at android.os.Binder.execTransactInternal(Binder.java:1523)
07-28 20:10:54.372  5052  5086 W Binder  : 	at android.os.Binder.execTransact(Binder.java:1457)
07-28 20:10:54.372  3337  4519 D UntrustedWifiNetworkFactory: got request NetworkRequest [ REQUEST id=285, [ Capabilities: INTERNET&NOT_RESTRICTED&TRUSTED&NOT_VCN_MANAGED&NOT_BANDWIDTH_CONSTRAINED Uid: 10137 RequestorUid: 10137 RequestorPkg: com.coloros.sceneservice UnderlyingNetworks: Null] ]
07-28 20:10:54.372  3337  4519 D OemPaidWifiNetworkFactory: got request NetworkRequest [ REQUEST id=285, [ Capabilities: INTERNET&NOT_RESTRICTED&TRUSTED&NOT_VCN_MANAGED&NOT_BANDWIDTH_CONSTRAINED Uid: 10137 RequestorUid: 10137 RequestorPkg: com.coloros.sceneservice UnderlyingNetworks: Null] ]
07-28 20:10:54.372  3337  4519 D MultiInternetWifiNetworkFactory: got request NetworkRequest [ REQUEST id=285, [ Capabilities: INTERNET&NOT_RESTRICTED&TRUSTED&NOT_VCN_MANAGED&NOT_BANDWIDTH_CONSTRAINED Uid: 10137 RequestorUid: 10137 RequestorPkg: com.coloros.sceneservice UnderlyingNetworks: Null] ]
07-28 20:10:54.373  3337  4533 D ConnectivityService: NetReassign [no changes] [c 0] [a 0] [i 3]
07-28 20:10:54.374  3337  4222 W BestClock: java.time.DateTimeException: Missing network time fix
07-28 20:10:54.375  5000  5000 D ServiceStateProvider: subId=1
07-28 20:10:54.376  5141  5141 I QImsService: OplusPhoneStateTracker : onServiceStateChanged
07-28 20:10:54.376  3337  4923 W BestClock: java.time.DateTimeException: Missing network time fix
07-28 20:10:54.376  5241  5241 D SubsysEventListenerManager-SubsysTelephonyCallback[0]: onServiceStateChanged
07-28 20:10:54.377  5241  5241 D ChinaRoamingControl: registTelephonyEvent onServiceStateChanged eventId:5, VoiceRegState:1, DataRegState:1
07-28 20:10:54.377  5241  5241 D QuickChangeAirplaneModeEvent: onServiceStateChanged slotId:0
07-28 20:10:54.377  5052  5643 D T-Recommend: onPreHandleMessage 1000
07-28 20:10:54.377  4898  5835 V OplusCustomizeCacheManager: queryCache name: sys.cache.common_customize_cache18014 param: null
07-28 20:10:54.377  4898  5835 V OplusCustomizeCacheManager: queryCache name: sys.cache.common_customize_cache18017 param: Bundle[{SETTING=BLOCK, BUSINESS=NCT-DATA}]
07-28 20:10:54.377  4898  5835 V OplusCustomizeCacheManager: queryCache name: sys.cache.common_customize_cache18013 param: null
07-28 20:10:54.377  1735  1735 D Zygote  : Forked child process 13164
07-28 20:10:54.377  5052  5643 E CellularEvent: nri null ps
07-28 20:10:54.377  5052  5643 E CellularEvent: invalid nri
07-28 20:10:54.377  5052  5643 D T-Recommend: onPostHandleMessage 1000
07-28 20:10:54.378  3337  3734 I ActivityManager: Start proc 13164:com.oplus.wirelesssettings:tzupdate/1000 for broadcast {com.oplus.wirelesssettings/com.oplus.tzupdate.timezone.MccChangeReceiver}
07-28 20:10:54.378  5052  5679 D OplusLinkBoostCommon: dds servicestate change
07-28 20:10:54.378  5052  5682 D NAS-CallIssueDetector: onServiceStateChanged
07-28 20:10:54.378  5052  5682 D OplusCiwlanController: [vodata] processServiceStateChanged  phoneid = 0, original roaming type = 0,roaming type = 0
07-28 20:10:54.378  5052  5682 D OplusCiwlanController: [vodata] processServiceStateChanged  phoneid = 1, original roaming type = 0,roaming type = 0
07-28 20:10:54.378  5241  6068 D cellularState[0]: handleMessage: E msg.what=4
07-28 20:10:54.378  5241  6068 D cellularState[0]: processMsg: DataCallingState
07-28 20:10:54.378  5241  6068 D cellularState[0]: processMsg: NetworkAttachedState
07-28 20:10:54.378  5241  6068 D cellularState[0]: processMsg: SimReadyState
07-28 20:10:54.378  5241  6068 D cellularState[0]: processMsg: DefaultState
07-28 20:10:54.378  5241  6068 E cellularState[0]:  - unhandledMessage: msg.what=4
07-28 20:10:54.378  5241  6068 D cellularState[0]: handleMessage: X
07-28 20:10:54.378  5052  5850 D OplusSubWaySlowRecovery: getPreferSubId return 1
07-28 20:10:54.379  5052  5850 D SaDataFailRecovery/0: current is not in service,reset alarm
07-28 20:10:54.379  5052  5850 D OplusScanQrCodeRecoveryImpl: msg.what=3
07-28 20:10:54.379  5241  5241 D QuickChangeAirplaneModeEvent: isBothCardInService is false
07-28 20:10:54.379  5241  5241 D MsimSubModeManager: registTelephonyEvent onServiceStateChanged eventId:3, VoiceRegState:1, DataRegState:1
07-28 20:10:54.379  5241  5241 E ExtremeCommUtils: getSwitchRusSupportMcc invalid index 1
07-28 20:10:54.379  5241  5241 D ExtremeCommUtils: isSupporCheck rusContain:false,propContain(persist.sys.oplus.support_hyper_uplink_mcc):false
07-28 20:10:54.379  5241  5241 D ExtremeCommService: handleServiceStateChanged mcc is null
07-28 20:10:54.379  5241  5241 D ChinaRoamingControl: handleMessage what:5
07-28 20:10:54.379  5241  5241 D MsimSubModeManager: handleMessage what:3
07-28 20:10:54.379  5241  5241 D MsimSubModeManager: getMsimSimServiceIn() i:0,mServiceState:1
07-28 20:10:54.379  5241  5241 D MsimSubModeManager: getMsimSimServiceIn() i:1,mServiceState:1
07-28 20:10:54.379  3337  4222 W ContextImpl: Calling a method in the system process without a qualified user: android.app.ContextImpl.sendBroadcastMultiplePermissions:1311 android.content.Context.sendBroadcastMultiplePermissions:2524 com.android.server.TelephonyRegistry.broadcastServiceStateChanged:3740 com.android.server.TelephonyRegistry.notifyServiceStateForPhoneId:1787 com.android.internal.telephony.ITelephonyRegistry$Stub.onTransact:546 
07-28 20:10:54.379  4898  5355 I SystemUi--Statusbar: MobileConnectionRepositoryImpl-->subId:1 isSoftSimCard:false slotId:0
07-28 20:10:54.380  3337  4226 I MemoryOperationUtils: add 13164 to inactive
07-28 20:10:54.381  5241  5241 D SubsysEventListenerManager-SubsysTelephonyCallback[0]: onCellLocationChanged
07-28 20:10:54.381  5141  5141 I QImsService: OplusPhoneStateTracker : onServiceStateChanged
07-28 20:10:54.381  5241  5241 D SubsysEventListenerManager-SubsysTelephonyCallback[0]: onDisplayInfoChanged
07-28 20:10:54.381  5241  5241 D SceneService: onDisplayInfoChanged slotId:0,telephonyDisplayInfo:TelephonyDisplayInfo {network=NR, overrideNetwork=NONE, isRoaming=false}
07-28 20:10:54.381  6594  6644 I midasd  : OplusObrainService::notifyEventInt eventId:38 iParam:20
07-28 20:10:54.382  3337  4222 W ContextImpl: Calling a method in the system process without a qualified user: android.app.ContextImpl.sendBroadcastMultiplePermissions:1344 com.android.server.TelephonyRegistry.broadcastServiceStateChanged:3745 com.android.server.TelephonyRegistry.notifyServiceStateForPhoneId:1787 com.android.internal.telephony.ITelephonyRegistry$Stub.onTransact:546 android.os.Binder.execTransactInternal:1523 
07-28 20:10:54.383  5000  6189 E PhoneInterfaceManager: getServiceStateForSlot retuning null for invalid slotIndex=-1
07-28 20:10:54.383  5000  5000 D MultiSimSettingController: notifySubscriptionInfoChanged
07-28 20:10:54.383  7852 10099 I OplusObrain: OplusObrainClientInvoke.nativeGetTelephonyInfo
07-28 20:10:54.384  3337  3337 I AS.AudioService: onSubscriptionsChanged()
07-28 20:10:54.384  4898  4898 I SystemUi--Statusbar: OplusMobileIconInteractorImpl-->oplusIMSModel slot:0: CapabilityTypeModel(isVolteSwitchOn=true, isWfcEnabledByUser=true, imsRegistered=false, voiceCapable=false, videoCapable=false, registerTech=-1, isCrossSimCallingEnabledByUser=false, hasHideVolteOperator=false), SimStateModel(simInserted=[true, false], simForbidden=[false, true], simStateIMSI=[true, false], simLoaded=[true, false]),oplusNetworkTypeNr:20,isVoNrEnabled:false
07-28 20:10:54.384  7852  7937 I OplusObrain: OplusObrainClientInvoke.nativeGetTrafficTypeInfoForNetworkType networkType 0
07-28 20:10:54.384  4898  5355 I SystemUi--Statusbar: MobileInputLog-->onSubscriptionsChanged
07-28 20:10:54.384  3337  4517 V NetworkPolicy: onSubscriptionsChanged
07-28 20:10:54.384  3337  5707 D KernelStatsHelper: getKernelStats start!
07-28 20:10:54.385  4898  5355 I SystemUi--Statusbar: MobileConnectionRepositoryImpl-->subId:1 isSoftSimCard:false slotId:0
07-28 20:10:54.385  4898  5355 I SystemUi--Statusbar: MobileConnectionRepositoryImpl-->subId:1 isSoftSimCard:false slotId:0
07-28 20:10:54.385  3337  4222 W ContextImpl: Calling a method in the system process without a qualified user: android.app.ContextImpl.sendBroadcastMultiplePermissions:1344 com.android.server.TelephonyRegistry.broadcastServiceStateChanged:3754 com.android.server.TelephonyRegistry.notifyServiceStateForPhoneId:1787 com.android.internal.telephony.ITelephonyRegistry$Stub.onTransact:546 android.os.Binder.execTransactInternal:1523 
07-28 20:10:54.385  4898  4898 I SystemUi--Statusbar: OplusMobileIconInteractorImpl-->oplusIMSModel slot:0: CapabilityTypeModel(isVolteSwitchOn=true, isWfcEnabledByUser=true, imsRegistered=false, voiceCapable=false, videoCapable=false, registerTech=-1, isCrossSimCallingEnabledByUser=false, hasHideVolteOperator=false), SimStateModel(simInserted=[true, false], simForbidden=[false, true], simStateIMSI=[true, false], simLoaded=[true, false]),oplusNetworkTypeNr:20,isVoNrEnabled:false
07-28 20:10:54.385  4898  6051 I SystemUi--Statusbar: OplusMobileConnectionRepository1-->stopListenImsStatusChanged
07-28 20:10:54.385  4898  6051 I SystemUi--Statusbar: OplusMobileConnectionRepository1-->phoneId: 0, conflatedCallbackFlow init
07-28 20:10:54.385  4898  6051 I SystemUi--Statusbar: OplusMobileConnectionRepository1-->startListenImsStatusChanged
07-28 20:10:54.386  5186  5186 D QCNEJ/DataCallAgent: onSubscriptionsChanged: new DDS 1
07-28 20:10:54.385 12275 12275 I Finsky:quick_launch: [2] pzg.onSubscriptionsChanged(6): onSubscriptionsChanged
07-28 20:10:54.386  3337  3493 W BestClock: java.time.DateTimeException: Missing network time fix
07-28 20:10:54.386 10994 10994 I Finsky  : [2] pzg.onSubscriptionsChanged(6): onSubscriptionsChanged
07-28 20:10:54.386 11678 11678 I Finsky:background: [2] pzg.onSubscriptionsChanged(6): onSubscriptionsChanged
07-28 20:10:54.386  5186  8206 D QCNEJ/DataCallAgent: phoneCount: 2
07-28 20:10:54.386  5186  8206 D QCNEJ/DataCallAgent: subs for 0th slot: [1]
07-28 20:10:54.386  3337  4222 W ContextImpl: Calling a method in the system process without a qualified user: android.app.ContextImpl.sendBroadcastMultiplePermissions:1344 com.android.server.TelephonyRegistry.broadcastServiceStateChanged:3760 com.android.server.TelephonyRegistry.notifyServiceStateForPhoneId:1787 com.android.internal.telephony.ITelephonyRegistry$Stub.onTransact:546 android.os.Binder.execTransactInternal:1523 
07-28 20:10:54.387  5000  5000 I Telephony: y0: onServiceStateChanged: newState=1, mServiceState=1
07-28 20:10:54.387  7092  9983 E Battery : ControllerCenter: onReceiver: mSubscriptionManager is null || mIsNeedRestoreMobile = false
07-28 20:10:54.388  3337  4626 D OplusNetlinkSocket: handleNetlinkRecvKernelMessage:nlmsghdr:StructNlMsgHdr{ nlmsg_len{40}, nlmsg_type{44()}, nlmsg_flags{0()}, nlmsg_seq{0}, nlmsg_pid{218698258} }
07-28 20:10:54.388  3337  4626 D KernelStatsHelper: get magic :[-1, -1, -1, 77, 65, 71, 73, 67]
07-28 20:10:54.388  3337  4626 D KernelStatsHelper: magic matched count:0 data_len:0
07-28 20:10:54.388  3337  4626 D KernelStatsHelper: data over! check: true
07-28 20:10:54.388  5825  5825 D CellBroadcastReceiver: onReceive Intent { act=android.intent.action.SERVICE_STATE flg=0x1000010 cmp=com.android.cellbroadcastreceiver.module/com.android.cellbroadcastreceiver.CellBroadcastReceiver (has extras) }
07-28 20:10:54.389  5825  5825 D CellBroadcastReceiver: onServiceStateChanged, ss: 1
07-28 20:10:54.389  5825  5825 D CellBroadcastReceiver: networkOperator: 
07-28 20:10:54.390  5186  5186 D QCNEJ/WwanInfoRelay: onSubscriptionsChanged currDDSId: 1 new DDS 1
07-28 20:10:54.391  4898  4898 I KeyguardUpdateMonitor: action=android.intent.action.SERVICE_STATE subId=1 slotId=0
07-28 20:10:54.391  5186  8206 D QCNEJ/DataCallAgent: mSubInfoReady[0] is set to true
07-28 20:10:54.391  5186  8206 D QCNEJ/DataCallAgent: subs for 1th slot: [-1]
07-28 20:10:54.391  5000  5000 I Telephony: isRttCurrentlySupported -- regular acct, hasVoiceAvailability: false
07-28 20:10:54.391  5000  5000 I Telephony:  isRttSupported: false
07-28 20:10:54.391  5000  5000 I Telephony:  isUserRttSettingOn: false
07-28 20:10:54.391  5000  5000 I Telephony:  alwaysAllowWhileRoaming: false
07-28 20:10:54.391  5000  5000 I Telephony:  isRoaming: false
07-28 20:10:54.391  5000  5000 I Telephony:  isOnWfc: false
07-28 20:10:54.391  5141  5141 I QImsService: OplusPhoneStateTracker : onSubscriptionsChanged Last subId: 1 Current subId 1
07-28 20:10:54.391  5141  5141 E QImsService: ImsConfigImpl : onSubscriptionsChanged unable to process due to SubscriptionInfo is null
07-28 20:10:54.391  5141  5141 I QImsService: OplusPhoneStateTracker : onSubscriptionsChanged Last subId: -1 Current subId -1
07-28 20:10:54.391 13164 13164 I ttings:tzupdate: isSwordfishLaunchAppEnabled_ 1 isSwordfishInstallAppEnabled_ 1
07-28 20:10:54.391 13164 13164 E ttings:tzupdate: Unknown bits set in runtime_flags: 0x40000000
07-28 20:10:54.391 13164 13164 I ttings:tzupdate: Using CollectorTypeCMC GC.
07-28 20:10:54.391  5052  5284 D NAS-CellularEvent: handleSubscriptionsChanged: slotId=0
07-28 20:10:54.392  4898  5239 I SystemUi--QuickSettings: Tile.OplusCellularTile-->updateCarrierText: dialog not showing, ignore
07-28 20:10:54.392  4898  4898 I KeyguardUpdateMonitor: refreshSimState, changed:false,subId:1,slotId:0,state:5
07-28 20:10:54.392  5052  5643 D CellularEvent: handleSubscriptionsChanged: slotId=0
07-28 20:10:54.392  5052  5643 D CellularEvent: onImsRegistrationStateChanged, slotId=0state:false
07-28 20:10:54.392  4898  5239 D SimStateHelper: slot:0, lock state:Bundle[mParcelledData.dataSize=56]
07-28 20:10:54.392  4898  5239 D SimStateHelper: slot:1, lock state:Bundle[mParcelledData.dataSize=56]
07-28 20:10:54.392  4898  5239 D SimStateHelper: needDisableMenu: slot1State=-1; slot2State=-1
07-28 20:10:54.392  4898  5239 D SimStateHelper: needDisableMenu:false
07-28 20:10:54.393  4898  5239 I SystemUi--QuickSettings: Tile.OplusCellularTile-->updateCarrierText: dialog not showing, ignore
07-28 20:10:54.393  4898  5239 D SimStateHelper: slot:0, lock state:Bundle[mParcelledData.dataSize=56]
07-28 20:10:54.393  3337  4517 D NetworkPolicy: Normalization put networkpolicyNetworkTemplate: matchRule=CARRIER, matchSubscriberIds=[001011...], matchWifiNetworkKeys=[], metered=YES
07-28 20:10:54.393  4898  5239 D SimStateHelper: slot:1, lock state:Bundle[mParcelledData.dataSize=56]
07-28 20:10:54.393  4898  5239 D SimStateHelper: needDisableMenu: slot1State=-1; slot2State=-1
07-28 20:10:54.393  4898  5239 D SimStateHelper: needDisableMenu:false
07-28 20:10:54.393  3337  4517 D NetworkPolicy: Normalization put networkpolicyNetworkTemplate: matchRule=CARRIER, matchSubscriberIds=[310260...], matchWifiNetworkKeys=[], metered=YES
07-28 20:10:54.393  3337  4517 D NetworkPolicy: Normalization put networkpolicyNetworkTemplate: matchRule=CARRIER, matchSubscriberIds=[001010...], matchWifiNetworkKeys=[], metered=YES
07-28 20:10:54.393  3337  4517 D NetworkPolicy: Normalization put networkpolicyNetworkTemplate: matchRule=CARRIER, matchSubscriberIds=[001010...], matchWifiNetworkKeys=[], metered=YES
07-28 20:10:54.393  3337  4517 D NetworkPolicy: Normalization put networkpolicyNetworkTemplate: matchRule=CARRIER, matchSubscriberIds=[001012...], matchWifiNetworkKeys=[], metered=YES
07-28 20:10:54.393  3337  4517 V NetworkPolicy: updateNetworkEnabledNL() return
07-28 20:10:54.393  5052  5284 D NAS-CellularEvent: onImsRegistrationStateChanged, slotId=0state:false
07-28 20:10:54.393 13164 13164 E ttings:tzupdate: Not starting debugger since process cannot load the jdwp agent.
07-28 20:10:54.393  3337  4517 V NetworkPolicy: updateNotificationsNL not process
07-28 20:10:54.394  3337  4517 W BestClock: java.time.DateTimeException: Missing network time fix
07-28 20:10:54.395 13164 13164 D nativeloader: Load libframework-connectivity-tiramisu-jni.so using APEX ns com_android_tethering for caller /apex/com.android.tethering/javalib/framework-connectivity-t.jar: ok
07-28 20:10:54.395  4898  6051 I SystemUi--Statusbar: OplusMobileConnectionRepository1-->onImsStatusChanged model: CapabilityTypeModel(isVolteSwitchOn=true, isWfcEnabledByUser=true, imsRegistered=false, voiceCapable=false, videoCapable=false, registerTech=-1, isCrossSimCallingEnabledByUser=false, hasHideVolteOperator=false)
07-28 20:10:54.395  7073  8002 D OsAgentAidlClient: [string_dataitem_update][1584] [HC] =>> [HS]
07-28 20:10:54.395  3337  7229 W BestClock: java.time.DateTimeException: Missing network time fix
07-28 20:10:54.395  6535  7768 D OplusAtlasAudioDetectionManager: MSG_CALL_STATE_CHANGED
07-28 20:10:54.395  6535  7768 D OplusAtlasAudioDetectionManager: callStateChanged state: 0, len: 0
07-28 20:10:54.396  5052  5679 W BestClock: java.time.DateTimeException: Missing network time fix
07-28 20:10:54.396 13164 13164 W libc    : Access denied finding property "persist.vendor.sys.activitylog"
07-28 20:10:54.396 13164 13164 I OneTrace: Mark active for pid=13164? true
07-28 20:10:54.396  4898  5835 V OplusCustomizeCacheManager: queryCache name: sys.cache.common_customize_cache18014 param: null
07-28 20:10:54.396  4898  5835 V OplusCustomizeCacheManager: queryCache name: sys.cache.common_customize_cache18017 param: Bundle[{SETTING=BLOCK, BUSINESS=NCT-DATA}]
07-28 20:10:54.396 13164 13164 D cutils-dev: otrace_set_tracing_enabled? true tag:0
07-28 20:10:54.396  4898  5835 V OplusCustomizeCacheManager: queryCache name: sys.cache.common_customize_cache18013 param: null
07-28 20:10:54.397 13164 13164 D cutils-dev: properties changed in otrace_seq_number_changed!
07-28 20:10:54.397  5052  5679 V MonthTrafficAlert: getWarningNotification subId:1 numWarningNotificaion:0
07-28 20:10:54.397  5000  5000 V OplusCustomizeCacheManager: queryCache name: sys.cache.common_customize_cache18016 param: null
07-28 20:10:54.397  5000  5000 V OplusCustomizeCacheManager: queryCache name: sys.cache.common_customize_cache18013 param: null
07-28 20:10:54.397  5000  5000 V OplusCustomizeCacheManager: queryCache name: sys.cache.common_customize_cache18014 param: null
07-28 20:10:54.397  5000  5000 V OplusCustomizeCacheManager: queryCache name: sys.cache.common_customize_cache18017 param: Bundle[{SETTING=BLOCK, BUSINESS=NCT-DATA}]
07-28 20:10:54.398  5000  5000 V OplusCustomizeCacheManager: queryCache name: sys.cache.common_customize_cache18016 param: null
07-28 20:10:54.398  5000  5000 V OplusCustomizeCacheManager: queryCache name: sys.cache.common_customize_cache18013 param: null
07-28 20:10:54.398  5000  5000 V OplusCustomizeCacheManager: queryCache name: sys.cache.common_customize_cache18014 param: null
07-28 20:10:54.398  3337  7232 D ActivityTaskManagerServiceExtImpl: preBindApplication record is null
07-28 20:10:54.398  5000  5000 V OplusCustomizeCacheManager: queryCache name: sys.cache.common_customize_cache18017 param: Bundle[{SETTING=BLOCK, BUSINESS=NCT-DATA}]
07-28 20:10:54.398  3337  7232 D RGBNormalizeServer: OplusRGBNormalize feature enabled ? true
07-28 20:10:54.398  3337  7232 D ResourcesManagerCache: For package com.oplus.wirelesssettings we got cacheList [null] appInfoExt is null ? false hasFeature ? false
07-28 20:10:54.398  3337  7232 D VRR [OPlusExternalRefreshRateManager]: isPkgTfcEnable: pkgName = com.oplus.wirelesssettings, enable = false
07-28 20:10:54.398  3337  7232 D VRR [OPlusExternalRefreshRateManager]: getTfcMinFramerate: pkgName = com.oplus.wirelesssettings, min framerate = 0
07-28 20:10:54.398  5000  5000 D MultiSimSettingController: onSubscriptionsChanged
07-28 20:10:54.398  5000  5000 D MultiSimSettingController: isReadyToReevaluate: subInfoInitialized=true, carrierConfigsLoaded=true, satelliteEnabledOrBeingEnabled=false
07-28 20:10:54.398  5000  5000 D MultiSimSettingController: updateDefaults
07-28 20:10:54.398  5000  5000 D MultiSimSettingController: isReadyToReevaluate: subInfoInitialized=true, carrierConfigsLoaded=true, satelliteEnabledOrBeingEnabled=false
07-28 20:10:54.398  5000  5000 D MultiSimSettingController: updateDefaultValues: change: 0
07-28 20:10:54.398  5000  5000 D MultiSimSettingController: disableDataForNonDefaultNonOpportunisticSubscriptions triggered, return directly
07-28 20:10:54.399  3337  7229 W BestClock: java.time.DateTimeException: Missing network time fix
07-28 20:10:54.399  5000  5000 D ImsResolver: oldSubId: 1, newSubId: 1
07-28 20:10:54.399  5000  5000 D ImsResolver: oldSubId: -1, newSubId: -1
07-28 20:10:54.399  5000  5000 I Telephony: TelecomAccountRegistry: onSubscriptionsChanged - reregister accounts
07-28 20:10:54.399  5000  5000 D PhoneUtils: PhoneAccountHandle subId=1, slotId=0
07-28 20:10:54.399 13164 13164 D OplusActivityManager: get AMS extension: android.os.BinderProxy@dfe1e8c
07-28 20:10:54.400  5000  5000 D Telephony: registerPstnPhoneAccount line1Number =  subNumber = 
07-28 20:10:54.400  5000  5000 D Telephony: color is transparent asign default instead -15502541
07-28 20:10:54.400  3337  7229 W BestClock: java.time.DateTimeException: Missing network time fix
07-28 20:10:54.400  5000  5000 D Telephony: isEmergencyPreferredAccount: subId=1, activeData=1
07-28 20:10:54.400  5000  5000 D Telephony: isEmergencyPreferredAccount: Device does not require preference.
07-28 20:10:54.400 13164 13164 D CompactWindowAppManager: initCompactApplicationInfo CompactMode: , NormalMode: 
07-28 20:10:54.401  5000  5000 I Telephony: isRttCurrentlySupported -- regular acct, hasVoiceAvailability: false
07-28 20:10:54.401  5000  5000 I Telephony:  isRttSupported: false
07-28 20:10:54.401  5000  5000 I Telephony:  isUserRttSettingOn: false
07-28 20:10:54.401  5000  5000 I Telephony:  alwaysAllowWhileRoaming: false
07-28 20:10:54.401  5000  5000 I Telephony:  isRoaming: false
07-28 20:10:54.401  5000  5000 I Telephony:  isOnWfc: false
07-28 20:10:54.401  5000  5000 D Telephony: x0: buildPstnPhoneAccount, phoneId: 0, mIsVideoCapable: false, 
07-28 20:10:54.401  5000  5000 D OplusSesImsManagerExt: feature:0, phoneId:0
07-28 20:10:54.401  4898  5835 V OplusCustomizeCacheManager: queryCache name: sys.cache.common_customize_cache18014 param: null
07-28 20:10:54.401  5000  5000 D OplusSesImsManagerExt: getSubIdUsingPhoneId:1, phoneId:0
07-28 20:10:54.401  5000  5000 D OplusSesImsManagerExt: isEntitlementEnabled:false
07-28 20:10:54.401  4898  5835 V OplusCustomizeCacheManager: queryCache name: sys.cache.common_customize_cache18017 param: Bundle[{SETTING=BLOCK, BUSINESS=NCT-DATA}]
07-28 20:10:54.401  4898  5835 V OplusCustomizeCacheManager: queryCache name: sys.cache.common_customize_cache18013 param: null
07-28 20:10:54.401  5000  5000 D OplusSesImsManagerExt: isFeatureProvisionedOnDevice not enabled
07-28 20:10:54.401 13164 13164 D OplusScrollToTopManager: setIsInWhiteList false
07-28 20:10:54.401  5000  5000 D Telephony: registerPstnPhoneAccount mIsVideoCapable = false
07-28 20:10:54.401 13164 13164 D OplusViewDebugManager: OplusViewDebugManager Constructor android.view.debug.OplusViewDebugManager@c0ed5ea [mHasViewDebugProperty true] [mHasMsgDebugProperty false] [DEBUG false] [EXTRAINFOENABLE false] [LIGHT_OS false]
07-28 20:10:54.401  5000  5000 W libc    : Access denied finding property "persist.vendor.mtk_uce_support"
07-28 20:10:54.401  5000  5000 I Telephony: isCarrierVideoPresenceSupported, false, false, false, false
07-28 20:10:54.402  5000  5000 I Telephony: reRegisterPstnPhoneAccount: subId: 1 - no change
07-28 20:10:54.402  5000  5000 D CallNotifier: updatePhoneStateListeners: update CF notifications.
07-28 20:10:54.402 13164 13164 D CompatChangeReporter: Compat change id reported: 242716250; UID 1000; state: ENABLED
07-28 20:10:54.403  5000  5000 D InternationalRoamingNotification: init
07-28 20:10:54.403  5241  5264 D VirtualCommService2: isSupport. true, true
07-28 20:10:54.403  5000  5000 D OplusVirtualCommUtils: isVirtualCommSupport, vRet: true
07-28 20:10:54.403  5000  5000 I OplusVirtualCommUtils: getVirtualCommDeviceType, vRet: 1
07-28 20:10:54.403  5000  5000 I OplusVirtualCommUtils: isConsumerDeviceType, deviceType: 1
07-28 20:10:54.404  5000  5000 D InternationalRoamingNotification: do not createRoamingNotification for invalid Network
07-28 20:10:54.404  5000  5000 V SimultaneousCallingTracker: Received EVENT 101
07-28 20:10:54.404  5000  5000 V SimultaneousCallingTracker: generateVoiceCapablePhoneMapBasedOnUserAssociation: adding phoneId = 0
07-28 20:10:54.404  5000  5000 I SimultaneousCallingTracker: updatePhoneMapAndSimultaneousCallSupportMap: mVoiceCapablePhoneMap.size = 1
07-28 20:10:54.404  5000  5000 V SimultaneousCallingTracker: registerForImsRegistrationChanges: registering phoneId = 0
07-28 20:10:54.404  5000  5000 V SimultaneousCallingTracker: generateSimultaneousCallSupportMap: returning simultaneousCallSubSupportMap = Phone ID=0 - Simultaneous calling compatible phone IDs=[]; 
07-28 20:10:54.404  5000  5000 V SimultaneousCallingTracker: handleSimultaneousCallingSupportChanged
07-28 20:10:54.404 13164 13164 W libc    : Access denied finding property "ro.odm.prev.product.name"
07-28 20:10:54.404  3337  4923 W ContentService: Observer is already registered. Pid is 5000
07-28 20:10:54.404  5000  5000 V OplusCustomizeCacheManager: queryCache name: sys.cache.common_customize_cache18016 param: null
07-28 20:10:54.404  5000  5000 V OplusCustomizeCacheManager: queryCache name: sys.cache.common_customize_cache18013 param: null
07-28 20:10:54.404  5000  5000 V OplusCustomizeCacheManager: queryCache name: sys.cache.common_customize_cache18014 param: null
07-28 20:10:54.404  5000  5000 V OplusCustomizeCacheManager: queryCache name: sys.cache.common_customize_cache18017 param: Bundle[{SETTING=BLOCK, BUSINESS=NCT-DATA}]
07-28 20:10:54.405 13164 13164 W ziparchive: Unable to open '/system_ext/framework/nfcvendorlib.dm': No such file or directory
07-28 20:10:54.405 13164 13164 W ziparchive: Unable to open '/system_ext/framework/nfcvendorlib.dm': No such file or directory
07-28 20:10:54.406 13164 13164 D nativeloader: Configuring clns-shared-7 for other apk /system_ext/framework/nfcvendorlib.jar. target_sdk_version=34, uses_libraries=ALL, library_path=/system_ext/priv-app/WirelessSettings/lib/arm64:/system_ext/priv-app/WirelessSettings/WirelessSettings.apk!/lib/arm64-v8a:/system/lib64:/system_ext/lib64, permitted_path=/data:/mnt/expand:/data/user_de/0/com.oplus.wirelesssettings:/system_ext/priv-app/WirelessSettings:/system/lib64:/system_ext/lib64
07-28 20:10:54.406 13164 13164 D nativeloader: Extending system_exposed_libraries: libbinauralrenderer_wrapper.qti.so:libhoaeffects.qti.so:libSloganJni.oplus.so:libsuperNight.oplus.so:libAPSClient-cmd-jni-extension.oplus.so:libsatellite_audio_jni.oplus.so:libortc_so.oplus.so:libsoundtouch.oplus.so:libsoundtouch_jni.oplus.so:libOplusStringJNI-extension.oplus.so:libsatellite_ostx_jni.oplus.so:libapssuspend-jni.oplus.so:libupdateprof.qti.so:libthermalclient.qti.so:libqape.qti.so:libqesdk_ndk_platform.qti.so:liblistenjni.qti.so
07-28 20:10:54.407 13164 13164 D ApplicationLoaders: Returning zygote-cached class loader: /system_ext/framework/androidx.window.extensions.jar
07-28 20:10:54.407 13164 13164 D ApplicationLoaders: Returning zygote-cached class loader: /system_ext/framework/androidx.window.sidecar.jar
07-28 20:10:54.410 13164 13164 D nativeloader: Configuring clns-shared-8 for other apk /system_ext/priv-app/WirelessSettings/WirelessSettings.apk. target_sdk_version=34, uses_libraries=, library_path=/system_ext/priv-app/WirelessSettings/lib/arm64:/system_ext/priv-app/WirelessSettings/WirelessSettings.apk!/lib/arm64-v8a:/system/lib64:/system_ext/lib64, permitted_path=/data:/mnt/expand:/data/user_de/0/com.oplus.wirelesssettings:/system_ext/priv-app/WirelessSettings:/system/lib64:/system_ext/lib64
07-28 20:10:54.414 13164 13164 V GraphicsEnvironment: Currently set values for:
07-28 20:10:54.414 13164 13164 V GraphicsEnvironment:   angle_gl_driver_selection_pkgs=[]
07-28 20:10:54.414 13164 13164 V GraphicsEnvironment:   angle_gl_driver_selection_values=[]
07-28 20:10:54.414 13164 13164 V GraphicsEnvironment: Global.Settings values are invalid: number of packages: 0, number of values: 0
07-28 20:10:54.417 13164 13164 D WS_OplusWirelessSettingsApp: onCreate, OplusWirelessSettingsApp
07-28 20:10:54.421 13164 13164 D LogUtils: initWirelessLog sIsQeAssert=false,sIsWifiOrBtLog=false
07-28 20:10:54.424  3337  4923 I ActivityManager: Flag disabled. Ignoring finishAttachApplication from uid: 1000. pid: 13164
07-28 20:10:54.425 13164 13164 E ANDR-PERF-CLIENT-SYS: death recipent object is fine
07-28 20:10:54.425 13164 13164 W ttings:tzupdate: AIBinder_linkToDeath is being called with a non-null cookie and no onUnlink callback set. This might not be intended. AIBinder_DeathRecipient_setOnUnlinked should be called first.
07-28 20:10:54.426  3337  4923 W OplusSelfProtectManager: pkg[com.oplus.wirelesssettings] not in policy list
07-28 20:10:54.428  3337  3493 D ActivityManager: Async freezing 13164 com.oplus.wirelesssettings:tzupdate
07-28 20:10:54.431  4758  5535 W SQLiteLog: (28) double-quoted string literal: "timezone_tzdata_v2_files"
07-28 20:10:54.492  5000  5000 V OplusCustomizeCacheManager: queryCache name: sys.cache.common_customize_cache18016 param: null
07-28 20:10:54.492  5000  5000 V OplusCustomizeCacheManager: queryCache name: sys.cache.common_customize_cache18013 param: null
07-28 20:10:54.492  5000  5000 V OplusCustomizeCacheManager: queryCache name: sys.cache.common_customize_cache18014 param: null
07-28 20:10:54.493  5000  5000 V OplusCustomizeCacheManager: queryCache name: sys.cache.common_customize_cache18017 param: Bundle[{SETTING=BLOCK, BUSINESS=NCT-DATA}]
07-28 20:10:54.493  5000  5000 V OplusCustomizeCacheManager: queryCache name: sys.cache.common_customize_cache18016 param: null
07-28 20:10:54.494  5000  5000 V OplusCustomizeCacheManager: queryCache name: sys.cache.common_customize_cache18013 param: null
07-28 20:10:54.494  5000  5000 V OplusCustomizeCacheManager: queryCache name: sys.cache.common_customize_cache18014 param: null
07-28 20:10:54.494  5000  5000 V OplusCustomizeCacheManager: queryCache name: sys.cache.common_customize_cache18017 param: Bundle[{SETTING=BLOCK, BUSINESS=NCT-DATA}]
07-28 20:10:54.505  4898  4898 D RowAnimatorExtImpl: end:view:StatusBarIconView(slot='volume' alpha=1.0 icon=StatusBarIcon(icon=Icon(typ=RESOURCE pkg=com.android.systemui id=0x7f0818f0) visible user=0 ) visibleState=ICON iconColor=#ccffffff staticDrawableColor=#ccffffff decorColor=#ffffffff animationStartColor=#0 currentSetColor=#ccffffff notification=null),tx
07-28 20:10:54.505  4898  4898 D RowAnimatorExtImpl: end:view:StatusBarIconView(slot='zen' alpha=1.0 icon=StatusBarIcon(icon=Icon(typ=RESOURCE pkg=com.android.systemui id=0x7f0818e1) visible user=0 ) visibleState=ICON iconColor=#ccffffff staticDrawableColor=#ccffffff decorColor=#ffffffff animationStartColor=#0 currentSetColor=#ccffffff notification=null),tx
07-28 20:10:54.505  4898  4898 D RowAnimatorExtImpl: end:view:StatusBarIconView(slot='volume' alpha=1.0 icon=StatusBarIcon(icon=Icon(typ=RESOURCE pkg=com.android.systemui id=0x7f0818f0) visible user=0 ) visibleState=ICON iconColor=#ccffffff staticDrawableColor=#ccffffff decorColor=#ffffffff animationStartColor=#0 currentSetColor=#ccffffff notification=null),tx
07-28 20:10:54.505  4898  4898 D RowAnimatorExtImpl: end:view:StatusBarIconView(slot='zen' alpha=1.0 icon=StatusBarIcon(icon=Icon(typ=RESOURCE pkg=com.android.systemui id=0x7f0818e1) visible user=0 ) visibleState=ICON iconColor=#ccffffff staticDrawableColor=#ccffffff decorColor=#ffffffff animationStartColor=#0 currentSetColor=#ccffffff notification=null),tx
07-28 20:10:54.505  4898  4898 D RowAnimatorExtImpl: end:view:StatusBarIconView(slot='volume' alpha=1.0 icon=StatusBarIcon(icon=Icon(typ=RESOURCE pkg=com.android.systemui id=0x7f0818f0) visible user=0 ) visibleState=ICON iconColor=#ccffffff staticDrawableColor=#ccffffff decorColor=#ffffffff animationStartColor=#0 currentSetColor=#ccffffff notification=null),tx
07-28 20:10:54.505  4898  4898 D RowAnimatorExtImpl: end:view:StatusBarIconView(slot='zen' alpha=1.0 icon=StatusBarIcon(icon=Icon(typ=RESOURCE pkg=com.android.systemui id=0x7f0818e1) visible user=0 ) visibleState=ICON iconColor=#ccffffff staticDrawableColor=#ccffffff decorColor=#ffffffff animationStartColor=#0 currentSetColor=#ccffffff notification=null),tx
07-28 20:10:54.519  1950  4465 I Dpps    : LtmSwState::SetParameter():144 ignore cmd 7 in state LtmOffState
07-28 20:10:54.620  2022  2022 D SensorFeature: name=ssc_screenshot_info ,index = 22
07-28 20:10:54.621  2022  2022 D SensorFeature: write 29 bytes:59341257945,59349591278,162,0
07-28 20:10:54.680  3337  3493 D OplusProxyWakeLock: prevent gms/gsf hold partial wakelock
07-28 20:10:54.681  7190  7908 W Settings: Setting airplane_mode_on has moved from android.provider.Settings.System to android.provider.Settings.Global, returning read-only value.
07-28 20:10:54.681  7190  7190 I PersonalSafety: Settings changed. [CONTEXT service_id=310 ]
07-28 20:10:54.681  7190  7190 W Settings: Setting airplane_mode_on has moved from android.provider.Settings.System to android.provider.Settings.Global, returning read-only value.
07-28 20:10:54.682  3337  7229 D OplusProxyWakeLock: prevent gms/gsf hold partial wakelock
07-28 20:10:54.686  3337  3493 D OplusProxyWakeLock: prevent gms/gsf hold partial wakelock
07-28 20:10:54.688  3337  3493 D OplusProxyWakeLock: prevent gms/gsf hold partial wakelock
07-28 20:10:54.696  4898  4898 I SystemUi--QuickSettings: TemporarilyInfoManager-->[animateShow] com.oplus.systemui.qs.base.temporarilyinfo.TemporarilyInfoManager$createViewToParent$1{3a52f45 VFED..C.. ........ 0,0-1080,228 #7f0a0cb6 app:id/temporarily_info_view alpha=1.0 viewInfo = } end
07-28 20:10:54.697  4898  4898 I SystemUi--QuickSettings: TemporarilyInfoManager-->[trigger] start from showElementAfterShowFully
07-28 20:10:54.783  1860  4473 I sensors-hal: handle_oplus_wise_rgb_event:189, high_pwm_light:lux 274.4,cct 3636.6,brl/algo/ir 1443.0/2.0/16.6,pwm/dc 0.0/0.0,rgbc 21164.464844/13341.668945/6121.452148/39223.285156,ts 59349672754,cnt 860,flag 65698
07-28 20:10:54.784  1950  4465 I Dpps    : LtmSwState::SetParameter():144 ignore cmd 7 in state LtmOffState
07-28 20:10:54.821  4898  4898 D JankUtils: gfxSceneEnd; scene: 7
07-28 20:10:54.821  4898  4898 I SystemUi--Common: NotificationShadeDepthC-->sceneFlag: 0x001, isStart = false, Current sceneFlags: 0x000
07-28 20:10:54.821  4898  4898 D NavigationBar: restrainNavigationBarInvertColor: false
07-28 20:10:54.821  4898  5146 D RegionSamplingHelper =:    mCompositionSamplingListener.register
07-28 20:10:54.821  2236  2601 D SurfaceFlinger: addRegionSamplingListener pid: 4898, Area: [0, 2328, 1080, 2376]
07-28 20:10:54.889  1860  9442 I sensors-hal: handle_sns_client_event:87, step_count_event: ts=59619174838 count 0
07-28 20:10:54.890  3337  4395 D SensorServiceUtils: sensorEventLog step_counter = 0
07-28 20:10:54.890  3337  4395 D SensorServiceUtils: sensorEventLog step_counter = 0
07-28 20:10:54.890  3337  4395 D SensorServiceUtils: sensorEventLog step_counter = 0
07-28 20:10:54.890  3337  4395 D SensorServiceUtils: sensorEventLog step_counter = 0
07-28 20:10:54.890  3337  4395 D SensorServiceUtils: sensorEventLog step_counter = 0
07-28 20:10:54.890  3337  4395 D SensorServiceUtils: sensorEventLog step_counter = 0
07-28 20:10:54.890  3337  4395 D SensorServiceUtils: sensorEventLog step_counter = 0
07-28 20:10:54.890  3337  4395 D SensorServiceUtils: sensorEventLog step_counter = 0
07-28 20:10:54.890  3337  4395 D SensorServiceUtils: sensorEventLog step_counter = 0
07-28 20:10:54.890  3337  4395 D SensorServiceUtils: sensorEventLog step_counter = 0
07-28 20:10:54.890  3337  4395 D SensorServiceUtils: sensorEventLog step_counter = 0
07-28 20:10:54.890  3337  4395 D SensorServiceUtils: sensorEventLog step_counter = 0
07-28 20:10:54.890  3337  4395 D SensorServiceUtils: sensorEventLog step_counter = 0
07-28 20:10:54.890  3337  4395 D SensorServiceUtils: sensorEventLog step_counter = 0
07-28 20:10:54.890  3337  4395 D SensorServiceUtils: sensorEventLog step_counter = 0
07-28 20:10:54.890  3337  4395 D SensorServiceUtils: sensorEventLog step_counter = 0
07-28 20:10:54.890  3337  4395 D SensorServiceUtils: sensorEventLog step_counter = 0
07-28 20:10:54.890  3337  4395 D SensorServiceUtils: sensorEventLog step_counter = 0
07-28 20:10:54.890  3337  4395 D SensorServiceUtils: sensorEventLog step_counter = 0
07-28 20:10:54.891  4720  4720 V SystemSensorManagerExtImpl: step counter dispatchSensorEvent step 0.0 to + a.b$c@d44456d
07-28 20:10:54.894  2022  2022 D SensorFeature: name=ssc_screenshot_info ,index = 22
07-28 20:10:54.894  2022  2022 D SensorFeature: write 29 bytes:59615277997,59623611330,163,0
07-28 20:10:55.015  1950  2224 I SDM     : DisplayBase::CommitThread: Received idle timeout, panel: cmd, timeout: 70000 us
07-28 20:10:55.051  1950  4465 I Dpps    : LtmSwState::SetParameter():144 ignore cmd 7 in state LtmOffState
07-28 20:10:55.053  2040  2146 D BatteryChargeControl: bcc get no support from charging protocol
07-28 20:10:55.112  2040  7592 D charge_time: type=sdp,reserve_soc=2,soc=51,ui_soc=53,current=183,avg=182,not_chg_cnt=0,stable_cnt=7,fcc=5724,fcc_ratio=94,delta=44,debug=0,region=16,ttf=25331(07:02:11),ui_ttf=19159(05:19:19)
07-28 20:10:55.132  6586  6633 E horae   : 0: back:33093,back_1:35450,back_2:35026,back_3:34162,frame:35596,frame_1:34536,front:36234,front_1:36601,front_2:35004, -2147483648 5, +(3164), 1 ,43438,33409,39278,43452,41436,42494,33426,39032,42487,40813,41566,33289,38729,41644,40247,40997,33329,38460,40939,39746, target_temp:36601, algo:0
07-28 20:10:55.176  2236  3688 D VRR [OTI]: handleIdle from 0 to 1
07-28 20:10:55.176  2236  3688 D VRR [OTI-HW]: isStateReady 1
07-28 20:10:55.176  2236  3688 D VRR [RefreshRateDirector]: requestRefreshRateByOti update [ oti-hw, {fps=60, modePtr={id=5, vsyncRate=60.00 Hz, peakRefreshRate=60.00 Hz}} ]
07-28 20:10:55.176  2236  3688 D VRR [RefreshRateDirector]: selectBestFrameRate DirectorMapOti [oti-hw, {fps=60, modePtr={id=5, vsyncRate=60.00 Hz, peakRefreshRate=60.00 Hz}}]
07-28 20:10:55.176  2236  3688 D VRR [RefreshRateDirector]: updateBestFrameRate [oti-hw, {fps=60, modePtr={id=5, vsyncRate=60.00 Hz, peakRefreshRate=60.00 Hz}}]
07-28 20:10:55.176  2236  3688 D SurfaceFlinger: VRR [SurfaceFlinger] setDesiredActiveMode: displayId: 4630946756802996883, renderRate: 60, vsyncRate: 60, event: 1
07-28 20:10:55.176  2236  3688 D DisplayModeController: setDesiredMode 4630946756802996883 {mode={fps=60.00 Hz, modePtr={id=5, vsyncRate=60.00 Hz, peakRefreshRate=60.00 Hz}}, emitEvent=true, force=false}
07-28 20:10:55.179  2236  2236 I DisplayModeController: hwc begin mode change to 16666666
07-28 20:10:55.179  2236  2236 I HWC2    : [0] setActiveConfigWithConstraints[5]
07-28 20:10:55.179  1950 12380 W SDM     : HWDeviceDRM::GetSupportedBitClkRate: Requested rate not supported: 1363200000
07-28 20:10:55.180  1950 12380 I SDM     : HWDeviceDRM::UpdateMixerAttributes: Mixer WxH 1440x3168-1 for Peripheral
07-28 20:10:55.180  1950 12380 I CwbService: CwbService::notifyConfigChange: display:0, config:5 size:4, sec.size():0
07-28 20:10:55.180  1950 12380 I CwbService: CwbService::notifyConfigChange: display: 0, config = 1
07-28 20:10:55.180  1950  3641 I CasManager: Fps changed from 120 to 60
07-28 20:10:55.180  1950  3641 I CasManager: Fps changed, not change bin, so trigger gain
07-28 20:10:55.180  1950  3641 W SDM     : DemuraIntfImpl::ProcessOemPluginGain: Thermal intf_ is nullptr 0, default to 25 degree
07-28 20:10:55.180  1950  3641 I SDM     : CasQcPlugIn::ProcessPerCompGainOppo: input params, mode:PWM, fps:60, dbv:1443
