07-28 20:58:57.433  3472  4472 D UntrustedWifiNetworkFactory: got request NetworkRequest [ REQUEST id=283, [ Capabilities: INTERNET&NOT_RESTRICTED&TRUSTED&NOT_VCN_MANAGED&NOT_BANDWIDTH_CONSTRAINED Uid: 10137 RequestorUid: 10137 RequestorPkg: com.coloros.sceneservice UnderlyingNetworks: Null] ]
07-28 20:58:57.433  4879  6213 D OplusNetworkFactory: got request NetworkRequest [ REQUEST id=283, [ Capabilities: INTERNET&NOT_RESTRICTED&TRUSTED&NOT_VCN_MANAGED&NOT_BANDWIDTH_CONSTRAINED Uid: 10137 RequestorUid: 10137 RequestorPkg: com.coloros.sceneservice UnderlyingNetworks: Null] ]
07-28 20:58:57.433  3472  4472 D OemPaidWifiNetworkFactory: got request NetworkRequest [ REQUEST id=283, [ Capabilities: INTERNET&NOT_RESTRICTED&TRUSTED&NOT_VCN_MANAGED&NOT_BANDWIDTH_CONSTRAINED Uid: 10137 RequestorUid: 10137 RequestorPkg: com.coloros.sceneservice UnderlyingNetworks: Null] ]
07-28 20:58:57.433  3472  4472 D MultiInternetWifiNetworkFactory: got request NetworkRequest [ REQUEST id=283, [ Capabilities: INTERNET&NOT_RESTRICTED&TRUSTED&NOT_VCN_MANAGED&NOT_BANDWIDTH_CONSTRAINED Uid: 10137 RequestorUid: 10137 RequestorPkg: com.coloros.sceneservice UnderlyingNetworks: Null] ]
07-28 20:58:57.433  3472  4480 D ConnectivityService: NetReassign [no changes] [c 0] [a 1] [i 0]
07-28 20:58:57.433  4826  5131 I SystemUi--QuickSettings: Tile.OplusCellularTile-->updateCarrierText: dialog not showing, ignore
07-28 20:58:57.434  4826  5131 D SimStateHelper: slot:0, lock state:Bundle[mParcelledData.dataSize=56]
07-28 20:58:57.434  4826  5131 D SimStateHelper: slot:1, lock state:Bundle[mParcelledData.dataSize=56]
07-28 20:58:57.434  4826  5131 D SimStateHelper: needDisableMenu: slot1State=-1; slot2State=-1
07-28 20:58:57.434  4826  5131 D SimStateHelper: needDisableMenu:false
07-28 20:58:57.435  4944  6897 W Binder  : Caught a RuntimeException from the binder stub implementation.
07-28 20:58:57.435  4944  6897 W Binder  : java.lang.NullPointerException: Attempt to invoke virtual method 'boolean android.net.Uri.equals(java.lang.Object)' on a null object reference
07-28 20:58:57.435  4944  6897 W Binder  : 	at xb.a$b.onChange(Unknown Source:16)
07-28 20:58:57.435  4944  6897 W Binder  : 	at android.database.ContentObserver.onChange(ContentObserver.java:184)
07-28 20:58:57.435  4944  6897 W Binder  : 	at android.database.ContentObserver.onChange(ContentObserver.java:202)
07-28 20:58:57.435  4944  6897 W Binder  : 	at android.database.ContentObserver.onChange(ContentObserver.java:224)
07-28 20:58:57.435  4944  6897 W Binder  : 	at android.database.ContentObserver.onChange(ContentObserver.java:236)
07-28 20:58:57.435  4944  6897 W Binder  : 	at android.database.ContentObserver.dispatchChange(ContentObserver.java:335)
07-28 20:58:57.435  4944  6897 W Binder  : 	at android.database.ContentObserver$Transport.onChangeEtc(ContentObserver.java:357)
07-28 20:58:57.435  4944  6897 W Binder  : 	at android.database.IContentObserver$Stub.onTransact(IContentObserver.java:120)
07-28 20:58:57.435  4944  6897 W Binder  : 	at android.os.Binder.execTransactInternal(Binder.java:1523)
07-28 20:58:57.435  4944  6897 W Binder  : 	at android.os.Binder.execTransact(Binder.java:1457)
07-28 20:58:57.437  3472  5107 W BestClock: java.time.DateTimeException: Missing network time fix
07-28 20:58:57.438  4879  4879 D ServiceStateProvider: subId=1
07-28 20:58:57.438  3472  5305 W BestClock: java.time.DateTimeException: Missing network time fix
07-28 20:58:57.438  1674  1674 D Zygote  : Forked child process 13110
07-28 20:58:57.439  3472  3684 I ActivityManager: Start proc 13110:com.oplus.wirelesssettings:tzupdate/1000 for broadcast {com.oplus.wirelesssettings/com.oplus.tzupdate.timezone.MccChangeReceiver}
07-28 20:58:57.439  4826  5647 V OplusCustomizeCacheManager: queryCache name: sys.cache.common_customize_cache18014 param: null
07-28 20:58:57.439  4826  5647 V OplusCustomizeCacheManager: queryCache name: sys.cache.common_customize_cache18017 param: Bundle[{SETTING=BLOCK, BUSINESS=NCT-DATA}]
07-28 20:58:57.439  4826  5647 V OplusCustomizeCacheManager: queryCache name: sys.cache.common_customize_cache18013 param: null
07-28 20:58:57.439  5145  5145 D SubsysEventListenerManager-SubsysTelephonyCallback[0]: onServiceStateChanged
07-28 20:58:57.439  5145  6092 D cellularState[0]: handleMessage: E msg.what=4
07-28 20:58:57.439  5145  6092 D cellularState[0]: processMsg: DataCallingState
07-28 20:58:57.439  5145  5145 D ChinaRoamingControl: registTelephonyEvent onServiceStateChanged eventId:5, VoiceRegState:1, DataRegState:1
07-28 20:58:57.439  5145  6092 D cellularState[0]: processMsg: NetworkAttachedState
07-28 20:58:57.439  5145  6092 D cellularState[0]: processMsg: SimReadyState
07-28 20:58:57.439  5145  6092 D cellularState[0]: processMsg: DefaultState
07-28 20:58:57.439  5145  5145 D QuickChangeAirplaneModeEvent: onServiceStateChanged slotId:0
07-28 20:58:57.439  5145  6092 E cellularState[0]:  - unhandledMessage: msg.what=4
07-28 20:58:57.439  5145  6092 D cellularState[0]: handleMessage: X
07-28 20:58:57.439  4944  5731 D T-Recommend: onPreHandleMessage 1000
07-28 20:58:57.439  4944  5731 E CellularEvent: nri null ps
07-28 20:58:57.439  4944  5731 E CellularEvent: invalid nri
07-28 20:58:57.439  4944  5731 D T-Recommend: onPostHandleMessage 1000
07-28 20:58:57.440  5145  5145 D QuickChangeAirplaneModeEvent: isBothCardInService is false
07-28 20:58:57.440  5145  5145 D MsimSubModeManager: registTelephonyEvent onServiceStateChanged eventId:3, VoiceRegState:1, DataRegState:1
07-28 20:58:57.440  5145  5145 E ExtremeCommUtils: getSwitchRusSupportMcc invalid index 1
07-28 20:58:57.440  5145  5145 D ExtremeCommUtils: isSupporCheck rusContain:false,propContain(persist.sys.oplus.support_hyper_uplink_mcc):false
07-28 20:58:57.440  5145  5145 D ExtremeCommService: handleServiceStateChanged mcc is null
07-28 20:58:57.440  5145  5145 D ChinaRoamingControl: handleMessage what:5
07-28 20:58:57.440  5054  5054 I QImsService: OplusPhoneStateTracker : onServiceStateChanged
07-28 20:58:57.440  5145  5145 D MsimSubModeManager: handleMessage what:3
07-28 20:58:57.440  5054  5054 I QImsService: OplusPhoneStateTracker : onServiceStateChanged
07-28 20:58:57.440  5145  5145 D MsimSubModeManager: getMsimSimServiceIn() i:0,mServiceState:1
07-28 20:58:57.440  5145  5145 D MsimSubModeManager: getMsimSimServiceIn() i:1,mServiceState:1
07-28 20:58:57.440  4944  5734 D OplusLinkBoostCommon: dds servicestate change
07-28 20:58:57.440  3472  4176 I MemoryOperationUtils: add 13110 to inactive
07-28 20:58:57.440  4944  5735 D NAS-CallIssueDetector: onServiceStateChanged
07-28 20:58:57.440  4944  5735 D OplusCiwlanController: [vodata] processServiceStateChanged  phoneid = 0, original roaming type = 0,roaming type = 0
07-28 20:58:57.440  4944  5735 D OplusCiwlanController: [vodata] processServiceStateChanged  phoneid = 1, original roaming type = 0,roaming type = 0
07-28 20:58:57.440  4944  5824 D OplusSubWaySlowRecovery: getPreferSubId return 1
07-28 20:58:57.440  4944  5824 D SaDataFailRecovery/0: current is not in service,reset alarm
07-28 20:58:57.441  4944  5824 D OplusScanQrCodeRecoveryImpl: msg.what=3
07-28 20:58:57.441  3472  5107 W ContextImpl: Calling a method in the system process without a qualified user: android.app.ContextImpl.sendBroadcastMultiplePermissions:1311 android.content.Context.sendBroadcastMultiplePermissions:2524 com.android.server.TelephonyRegistry.broadcastServiceStateChanged:3740 com.android.server.TelephonyRegistry.notifyServiceStateForPhoneId:1787 com.android.internal.telephony.ITelephonyRegistry$Stub.onTransact:546 
07-28 20:58:57.441  3472  5107 W ContextImpl: Calling a method in the system process without a qualified user: android.app.ContextImpl.sendBroadcastMultiplePermissions:1344 com.android.server.TelephonyRegistry.broadcastServiceStateChanged:3745 com.android.server.TelephonyRegistry.notifyServiceStateForPhoneId:1787 com.android.internal.telephony.ITelephonyRegistry$Stub.onTransact:546 android.os.Binder.execTransactInternal:1523 
07-28 20:58:57.442  3472  5107 W ContextImpl: Calling a method in the system process without a qualified user: android.app.ContextImpl.sendBroadcastMultiplePermissions:1344 com.android.server.TelephonyRegistry.broadcastServiceStateChanged:3754 com.android.server.TelephonyRegistry.notifyServiceStateForPhoneId:1787 com.android.internal.telephony.ITelephonyRegistry$Stub.onTransact:546 android.os.Binder.execTransactInternal:1523 
07-28 20:58:57.443  3472  5107 W ContextImpl: Calling a method in the system process without a qualified user: android.app.ContextImpl.sendBroadcastMultiplePermissions:1344 com.android.server.TelephonyRegistry.broadcastServiceStateChanged:3760 com.android.server.TelephonyRegistry.notifyServiceStateForPhoneId:1787 com.android.internal.telephony.ITelephonyRegistry$Stub.onTransact:546 android.os.Binder.execTransactInternal:1523 
07-28 20:58:57.443  5930  5930 D CellBroadcastReceiver: onReceive Intent { act=android.intent.action.SERVICE_STATE flg=0x1000010 cmp=com.android.cellbroadcastreceiver.module/com.android.cellbroadcastreceiver.CellBroadcastReceiver (has extras) }
07-28 20:58:57.443  4826  5256 I SystemUi--Statusbar: MobileConnectionRepositoryImpl-->subId:1 isSoftSimCard:false slotId:0
07-28 20:58:57.444  5930  5930 D CellBroadcastReceiver: onServiceStateChanged, ss: 1
07-28 20:58:57.444  5108  6149 D IWlanJni: getDataRegistrationState start
07-28 20:58:57.444  5930  5930 D CellBroadcastReceiver: networkOperator: 
07-28 20:58:57.445  6507  6614 I midasd  : OplusObrainService::notifyEventInt eventId:38 iParam:20
07-28 20:58:57.445  5108  6164 D IWlanJni: new aidl event arrived
07-28 20:58:57.445  5108  6164 D IWlanJni: handleEvent 10
07-28 20:58:57.445  5108  6164 D IWlanJni: isThreadAttached start
07-28 20:58:57.445  5108  6164 D IWlanJni: jni detached
07-28 20:58:57.445  5108  6164 D IWlanJni: jni attached
07-28 20:58:57.445  5108  6164 D IWlanJni: getDataRegistrationStateResponse start
07-28 20:58:57.445  5108  6164 D IWlanJni: getJavaCallbackClass start
07-28 20:58:57.445  5108  6164 D IWlanJni: getJavaCallbackClass End midIs[1]
07-28 20:58:57.445  5108  6164 I IWlanAidlClient: getDataRegistrationStateResponse called
07-28 20:58:57.445  9025 10361 I OplusObrain: OplusObrainClientInvoke.nativeGetTelephonyInfo
07-28 20:58:57.445  5145  5145 D SubsysEventListenerManager-SubsysTelephonyCallback[0]: onCellLocationChanged
07-28 20:58:57.445  5145  5145 D SubsysEventListenerManager-SubsysTelephonyCallback[0]: onDisplayInfoChanged
07-28 20:58:57.445  5145  5145 D SceneService: onDisplayInfoChanged slotId:0,telephonyDisplayInfo:TelephonyDisplayInfo {network=NR, overrideNetwork=NONE, isRoaming=false}
07-28 20:58:57.446  4826  4826 I KeyguardUpdateMonitor: action=android.intent.action.SERVICE_STATE subId=1 slotId=0
07-28 20:58:57.446  4879  6140 E PhoneInterfaceManager: getServiceStateForSlot retuning null for invalid slotIndex=-1
07-28 20:58:57.446  4879  4879 D MultiSimSettingController: notifySubscriptionInfoChanged
07-28 20:58:57.446  4826  4826 I SystemUi--Statusbar: OplusMobileIconInteractorImpl-->oplusIMSModel slot:0: CapabilityTypeModel(isVolteSwitchOn=true, isWfcEnabledByUser=true, imsRegistered=false, voiceCapable=false, videoCapable=false, registerTech=-1, isCrossSimCallingEnabledByUser=false, hasHideVolteOperator=false), SimStateModel(simInserted=[true, false], simForbidden=[false, true], simStateIMSI=[true, false], simLoaded=[true, false]),oplusNetworkTypeNr:20,isVoNrEnabled:false
07-28 20:58:57.446  9025 10361 I OplusObrain: OplusObrainClientInvoke.nativeGetTrafficTypeInfoForNetworkType networkType 0
07-28 20:58:57.446  4826  5256 I SystemUi--Statusbar: MobileConnectionRepositoryImpl-->subId:1 isSoftSimCard:false slotId:0
07-28 20:58:57.447  3472  5304 D KernelStatsHelper: getKernelStats start!
07-28 20:58:57.447  3472  4467 V NetworkPolicy: onSubscriptionsChanged
07-28 20:58:57.447  5108  6163 W IWlanNetworkService: 15 > Response Processed
07-28 20:58:57.447  4826  5256 I SystemUi--Statusbar: MobileInputLog-->onSubscriptionsChanged
07-28 20:58:57.448  3472  4561 D OplusNetlinkSocket: handleNetlinkRecvKernelMessage:nlmsghdr:StructNlMsgHdr{ nlmsg_len{40}, nlmsg_type{59()}, nlmsg_flags{0()}, nlmsg_seq{0}, nlmsg_pid{227545553} }
07-28 20:58:57.448  3472  4561 D KernelStatsHelper: get magic :[-1, -1, -1, 77, 65, 71, 73, 67]
07-28 20:58:57.448  3472  4561 D KernelStatsHelper: magic matched count:0 data_len:0
07-28 20:58:57.448  3472  4561 D KernelStatsHelper: data over! check: true
07-28 20:58:57.449  4826  4826 I SystemUi--Statusbar: OplusMobileIconInteractorImpl-->oplusIMSModel slot:0: CapabilityTypeModel(isVolteSwitchOn=true, isWfcEnabledByUser=true, imsRegistered=false, voiceCapable=false, videoCapable=false, registerTech=-1, isCrossSimCallingEnabledByUser=false, hasHideVolteOperator=false), SimStateModel(simInserted=[true, false], simForbidden=[false, true], simStateIMSI=[true, false], simLoaded=[true, false]),oplusNetworkTypeNr:20,isVoNrEnabled:false
07-28 20:58:57.449  4826  5256 I SystemUi--Statusbar: MobileConnectionRepositoryImpl-->subId:1 isSoftSimCard:false slotId:0
07-28 20:58:57.449  3472  4467 D NetworkPolicy: Normalization put networkpolicyNetworkTemplate: matchRule=CARRIER, matchSubscriberIds=[001011...], matchWifiNetworkKeys=[], metered=YES
07-28 20:58:57.449  4879  4879 I Telephony: y0: onServiceStateChanged: newState=1, mServiceState=1
07-28 20:58:57.449  3472  4467 D NetworkPolicy: Normalization put networkpolicyNetworkTemplate: matchRule=CARRIER, matchSubscriberIds=[310260...], matchWifiNetworkKeys=[], metered=YES
07-28 20:58:57.449  3472  4467 D NetworkPolicy: Normalization put networkpolicyNetworkTemplate: matchRule=CARRIER, matchSubscriberIds=[001010...], matchWifiNetworkKeys=[], metered=YES
07-28 20:58:57.449  3472  4467 D NetworkPolicy: Normalization put networkpolicyNetworkTemplate: matchRule=CARRIER, matchSubscriberIds=[001010...], matchWifiNetworkKeys=[], metered=YES
07-28 20:58:57.449  3472  4467 D NetworkPolicy: Normalization put networkpolicyNetworkTemplate: matchRule=CARRIER, matchSubscriberIds=[001012...], matchWifiNetworkKeys=[], metered=YES
07-28 20:58:57.449  3472  4467 V NetworkPolicy: updateNetworkEnabledNL() return
07-28 20:58:57.450  4879  4879 I Telephony: isRttCurrentlySupported -- regular acct, hasVoiceAvailability: false
07-28 20:58:57.450  4879  4879 I Telephony:  isRttSupported: false
07-28 20:58:57.450  4879  4879 I Telephony:  isUserRttSettingOn: false
07-28 20:58:57.450  4879  4879 I Telephony:  alwaysAllowWhileRoaming: false
07-28 20:58:57.450  4879  4879 I Telephony:  isRoaming: false
07-28 20:58:57.450  4879  4879 I Telephony:  isOnWfc: false
07-28 20:58:57.450  4944  5731 D CellularEvent: handleSubscriptionsChanged: slotId=0
07-28 20:58:57.450  4944  5731 D CellularEvent: onImsRegistrationStateChanged, slotId=0state:false
07-28 20:58:57.450  4826  5995 I SystemUi--Statusbar: OplusMobileConnectionRepository1-->stopListenImsStatusChanged
07-28 20:58:57.450  6547  9265 E Battery : ControllerCenter: onReceiver: mSubscriptionManager is null || mIsNeedRestoreMobile = false
07-28 20:58:57.450  4826  5995 I SystemUi--Statusbar: OplusMobileConnectionRepository1-->phoneId: 0, conflatedCallbackFlow init
07-28 20:58:57.450  4826  5995 I SystemUi--Statusbar: OplusMobileConnectionRepository1-->startListenImsStatusChanged
07-28 20:58:57.450  6630  8947 D OplusAtlasAudioDetectionManager: MSG_CALL_STATE_CHANGED
07-28 20:58:57.450  6630  8947 D OplusAtlasAudioDetectionManager: callStateChanged state: 0, len: 0
07-28 20:58:57.450  5108  5108 D QCNEJ/WwanInfoRelay: onSubscriptionsChanged currDDSId: 1 new DDS 1
07-28 20:58:57.451  3472  4467 V NetworkPolicy: updateNotificationsNL not process
07-28 20:58:57.451  5108  5108 D QCNEJ/DataCallAgent: onSubscriptionsChanged: new DDS 1
07-28 20:58:57.451  5108  8607 D QCNEJ/DataCallAgent: phoneCount: 2
07-28 20:58:57.451  5108  8607 D QCNEJ/DataCallAgent: subs for 0th slot: [1]
07-28 20:58:57.451  5108  8607 D QCNEJ/DataCallAgent: mSubInfoReady[0] is set to true
07-28 20:58:57.451  5108  8607 D QCNEJ/DataCallAgent: subs for 1th slot: [-1]
07-28 20:58:57.452  4826  5995 I SystemUi--Statusbar: OplusMobileConnectionRepository1-->onImsStatusChanged model: CapabilityTypeModel(isVolteSwitchOn=true, isWfcEnabledByUser=true, imsRegistered=false, voiceCapable=false, videoCapable=false, registerTech=-1, isCrossSimCallingEnabledByUser=false, hasHideVolteOperator=false)
07-28 20:58:57.452  7079  8386 D OsAgentAidlClient: [string_dataitem_update][1584] [HC] =>> [HS]
07-28 20:58:57.453  3472  3472 I AS.AudioService: onSubscriptionsChanged()
07-28 20:58:57.453  4826  5131 I SystemUi--QuickSettings: Tile.OplusCellularTile-->updateCarrierText: dialog not showing, ignore
07-28 20:58:57.453  3472  4467 W BestClock: java.time.DateTimeException: Missing network time fix
07-28 20:58:57.453  4826  5131 D SimStateHelper: slot:0, lock state:Bundle[mParcelledData.dataSize=56]
07-28 20:58:57.453  4826  5131 D SimStateHelper: slot:1, lock state:Bundle[mParcelledData.dataSize=56]
07-28 20:58:57.453  4826  5131 D SimStateHelper: needDisableMenu: slot1State=-1; slot2State=-1
07-28 20:58:57.453  4826  5131 D SimStateHelper: needDisableMenu:false
07-28 20:58:57.454  4944  5378 D NAS-CellularEvent: handleSubscriptionsChanged: slotId=0
07-28 20:58:57.454  4944  5378 D NAS-CellularEvent: onImsRegistrationStateChanged, slotId=0state:false
07-28 20:58:57.454  4879  4879 V OplusCustomizeCacheManager: queryCache name: sys.cache.common_customize_cache18016 param: null
07-28 20:58:57.454  4879  4879 V OplusCustomizeCacheManager: queryCache name: sys.cache.common_customize_cache18013 param: null
07-28 20:58:57.454  4879  4879 V OplusCustomizeCacheManager: queryCache name: sys.cache.common_customize_cache18014 param: null
07-28 20:58:57.454  4879  4879 V OplusCustomizeCacheManager: queryCache name: sys.cache.common_customize_cache18017 param: Bundle[{SETTING=BLOCK, BUSINESS=NCT-DATA}]
07-28 20:58:57.455  5054  5054 E QImsService: ImsConfigImpl : onSubscriptionsChanged unable to process due to SubscriptionInfo is null
07-28 20:58:57.455  5054  5054 I QImsService: OplusPhoneStateTracker : onSubscriptionsChanged Last subId: -1 Current subId -1
07-28 20:58:57.455  3472  5107 W BestClock: java.time.DateTimeException: Missing network time fix
07-28 20:58:57.455  5054  5054 I QImsService: OplusPhoneStateTracker : onSubscriptionsChanged Last subId: 1 Current subId 1
07-28 20:58:57.455  4879  4879 V OplusCustomizeCacheManager: queryCache name: sys.cache.common_customize_cache18016 param: null
07-28 20:58:57.455  4879  4879 V OplusCustomizeCacheManager: queryCache name: sys.cache.common_customize_cache18013 param: null
07-28 20:58:57.455  4879  4879 V OplusCustomizeCacheManager: queryCache name: sys.cache.common_customize_cache18014 param: null
07-28 20:58:57.455  4879  4879 V OplusCustomizeCacheManager: queryCache name: sys.cache.common_customize_cache18017 param: Bundle[{SETTING=BLOCK, BUSINESS=NCT-DATA}]
07-28 20:58:57.455  4944  5734 W BestClock: java.time.DateTimeException: Missing network time fix
07-28 20:58:57.456  4944  5734 V MonthTrafficAlert: getWarningNotification subId:1 numWarningNotificaion:0
07-28 20:58:57.456 13110 13110 I ttings:tzupdate: isSwordfishLaunchAppEnabled_ 1 isSwordfishInstallAppEnabled_ 1
07-28 20:58:57.456 13110 13110 E ttings:tzupdate: Unknown bits set in runtime_flags: 0x40000000
07-28 20:58:57.456 13110 13110 I ttings:tzupdate: Using CollectorTypeCMC GC.
07-28 20:58:57.456  4879  4879 D MultiSimSettingController: onSubscriptionsChanged
07-28 20:58:57.456  4879  4879 D MultiSimSettingController: isReadyToReevaluate: subInfoInitialized=true, carrierConfigsLoaded=true, satelliteEnabledOrBeingEnabled=false
07-28 20:58:57.456  4879  4879 D MultiSimSettingController: updateDefaults
07-28 20:58:57.456  4879  4879 D MultiSimSettingController: isReadyToReevaluate: subInfoInitialized=true, carrierConfigsLoaded=true, satelliteEnabledOrBeingEnabled=false
07-28 20:58:57.456  4879  4879 D MultiSimSettingController: updateDefaultValues: change: 0
07-28 20:58:57.456  4879  4879 D MultiSimSettingController: disableDataForNonDefaultNonOpportunisticSubscriptions triggered, return directly
07-28 20:58:57.456  3472  5100 W BestClock: java.time.DateTimeException: Missing network time fix
07-28 20:58:57.456  4879  4879 I Telephony: TelecomAccountRegistry: onSubscriptionsChanged - reregister accounts
07-28 20:58:57.456  4879  4879 D PhoneUtils: PhoneAccountHandle subId=1, slotId=0
07-28 20:58:57.457  4826  5647 V OplusCustomizeCacheManager: queryCache name: sys.cache.common_customize_cache18014 param: null
07-28 20:58:57.457  4826  5647 V OplusCustomizeCacheManager: queryCache name: sys.cache.common_customize_cache18017 param: Bundle[{SETTING=BLOCK, BUSINESS=NCT-DATA}]
07-28 20:58:57.457  4826  5647 V OplusCustomizeCacheManager: queryCache name: sys.cache.common_customize_cache18013 param: null
07-28 20:58:57.457  4879  4879 D Telephony: registerPstnPhoneAccount line1Number =  subNumber = 
07-28 20:58:57.457  4879  4879 D Telephony: color is transparent asign default instead -15502541
07-28 20:58:57.457 13110 13110 E ttings:tzupdate: Not starting debugger since process cannot load the jdwp agent.
07-28 20:58:57.457  4879  4879 D Telephony: isEmergencyPreferredAccount: subId=1, activeData=1
07-28 20:58:57.457  4879  4879 D Telephony: isEmergencyPreferredAccount: Device does not require preference.
07-28 20:58:57.458  4879  4879 I Telephony: isRttCurrentlySupported -- regular acct, hasVoiceAvailability: false
07-28 20:58:57.458  4879  4879 I Telephony:  isRttSupported: false
07-28 20:58:57.458  4879  4879 I Telephony:  isUserRttSettingOn: false
07-28 20:58:57.458  4879  4879 I Telephony:  alwaysAllowWhileRoaming: false
07-28 20:58:57.458  4879  4879 I Telephony:  isRoaming: false
07-28 20:58:57.458  4879  4879 I Telephony:  isOnWfc: false
07-28 20:58:57.458  4879  4879 D Telephony: x0: buildPstnPhoneAccount, phoneId: 0, mIsVideoCapable: false, 
07-28 20:58:57.458  4879  4879 D OplusSesImsManagerExt: feature:0, phoneId:0
07-28 20:58:57.458  4879  4879 D OplusSesImsManagerExt: getSubIdUsingPhoneId:1, phoneId:0
07-28 20:58:57.458  4879  4879 D OplusSesImsManagerExt: isEntitlementEnabled:false
07-28 20:58:57.458  4879  4879 D OplusSesImsManagerExt: isFeatureProvisionedOnDevice not enabled
07-28 20:58:57.458  4879  4879 D Telephony: registerPstnPhoneAccount mIsVideoCapable = false
07-28 20:58:57.458  4879  4879 W libc    : Access denied finding property "persist.vendor.mtk_uce_support"
07-28 20:58:57.458  4879  4879 I Telephony: isCarrierVideoPresenceSupported, false, false, false, false
07-28 20:58:57.459  4879  4879 I Telephony: reRegisterPstnPhoneAccount: subId: 1 - no change
07-28 20:58:57.459  4879  4879 D ImsResolver: oldSubId: 1, newSubId: 1
07-28 20:58:57.459  4879  4879 D ImsResolver: oldSubId: -1, newSubId: -1
07-28 20:58:57.459  3472  5304 W BestClock: java.time.DateTimeException: Missing network time fix
07-28 20:58:57.459 13110 13110 D nativeloader: Load libframework-connectivity-tiramisu-jni.so using APEX ns com_android_tethering for caller /apex/com.android.tethering/javalib/framework-connectivity-t.jar: ok
07-28 20:58:57.459  4879  4879 D CallNotifier: updatePhoneStateListeners: update CF notifications.
07-28 20:58:57.460  4879  4879 D InternationalRoamingNotification: init
07-28 20:58:57.460  5145  6254 D VirtualCommService2: isSupport. true, true
07-28 20:58:57.460  4879  4879 D OplusVirtualCommUtils: isVirtualCommSupport, vRet: true
07-28 20:58:57.460  3472  5100 W BestClock: java.time.DateTimeException: Missing network time fix
07-28 20:58:57.460  4879  4879 I OplusVirtualCommUtils: getVirtualCommDeviceType, vRet: 1
07-28 20:58:57.460  4879  4879 I OplusVirtualCommUtils: isConsumerDeviceType, deviceType: 1
07-28 20:58:57.460  4879  4879 D InternationalRoamingNotification: do not createRoamingNotification for invalid Network
07-28 20:58:57.460  4826  5647 V OplusCustomizeCacheManager: queryCache name: sys.cache.common_customize_cache18014 param: null
07-28 20:58:57.460  4826  5647 V OplusCustomizeCacheManager: queryCache name: sys.cache.common_customize_cache18017 param: Bundle[{SETTING=BLOCK, BUSINESS=NCT-DATA}]
07-28 20:58:57.460  4826  5647 V OplusCustomizeCacheManager: queryCache name: sys.cache.common_customize_cache18013 param: null
07-28 20:58:57.460  4879  4879 V OplusCustomizeCacheManager: queryCache name: sys.cache.common_customize_cache18016 param: null
07-28 20:58:57.460  4879  4879 V OplusCustomizeCacheManager: queryCache name: sys.cache.common_customize_cache18013 param: null
07-28 20:58:57.460  4879  4879 V OplusCustomizeCacheManager: queryCache name: sys.cache.common_customize_cache18014 param: null
07-28 20:58:57.460  4879  4879 V OplusCustomizeCacheManager: queryCache name: sys.cache.common_customize_cache18017 param: Bundle[{SETTING=BLOCK, BUSINESS=NCT-DATA}]
07-28 20:58:57.461 13110 13110 W libc    : Access denied finding property "persist.vendor.sys.activitylog"
07-28 20:58:57.461 13110 13110 I OneTrace: Mark active for pid=13110? true
07-28 20:58:57.461 13110 13110 D cutils-dev: otrace_set_tracing_enabled? true tag:0
07-28 20:58:57.461  4879  4879 V SimultaneousCallingTracker: Received EVENT 101
07-28 20:58:57.461  4879  4879 V SimultaneousCallingTracker: generateVoiceCapablePhoneMapBasedOnUserAssociation: adding phoneId = 0
07-28 20:58:57.461  4879  4879 I SimultaneousCallingTracker: updatePhoneMapAndSimultaneousCallSupportMap: mVoiceCapablePhoneMap.size = 1
07-28 20:58:57.461  4879  4879 V SimultaneousCallingTracker: registerForImsRegistrationChanges: registering phoneId = 0
07-28 20:58:57.461  4879  4879 V SimultaneousCallingTracker: generateSimultaneousCallSupportMap: returning simultaneousCallSubSupportMap = Phone ID=0 - Simultaneous calling compatible phone IDs=[]; 
07-28 20:58:57.461  4879  4879 V SimultaneousCallingTracker: handleSimultaneousCallingSupportChanged
07-28 20:58:57.461 13110 13110 D cutils-dev: properties changed in otrace_seq_number_changed!
07-28 20:58:57.461  3472  5100 W ContentService: Observer is already registered. Pid is 4879
07-28 20:58:57.462  3472  5304 D ActivityTaskManagerServiceExtImpl: preBindApplication record is null
07-28 20:58:57.462  3472  5304 D RGBNormalizeServer: OplusRGBNormalize feature enabled ? true
07-28 20:58:57.462  3472  5304 D ResourcesManagerCache: For package com.oplus.wirelesssettings we got cacheList [null] appInfoExt is null ? false hasFeature ? false
07-28 20:58:57.462  3472  5304 D VRR [OPlusExternalRefreshRateManager]: isPkgTfcEnable: pkgName = com.oplus.wirelesssettings, enable = false
07-28 20:58:57.462  3472  5304 D VRR [OPlusExternalRefreshRateManager]: getTfcMinFramerate: pkgName = com.oplus.wirelesssettings, min framerate = 0
07-28 20:58:57.462  4826  4826 I KeyguardUpdateMonitor: refreshSimState, changed:false,subId:1,slotId:0,state:5
07-28 20:58:57.463  4826  5131 I SystemUi--QuickSettings: Tile.OplusCellularTile-->updateCarrierText: dialog not showing, ignore
07-28 20:58:57.463  4826  5131 D SimStateHelper: slot:0, lock state:Bundle[mParcelledData.dataSize=56]
07-28 20:58:57.463  4826  5131 D SimStateHelper: slot:1, lock state:Bundle[mParcelledData.dataSize=56]
07-28 20:58:57.463 13110 13110 D OplusActivityManager: get AMS extension: android.os.BinderProxy@44018e3
07-28 20:58:57.463  4826  5131 D SimStateHelper: needDisableMenu: slot1State=-1; slot2State=-1
07-28 20:58:57.463  4826  5131 D SimStateHelper: needDisableMenu:false
07-28 20:58:57.464 13110 13110 D CompactWindowAppManager: initCompactApplicationInfo CompactMode: , NormalMode: 
07-28 20:58:57.465 13110 13110 D OplusScrollToTopManager: setIsInWhiteList false
07-28 20:58:57.465 13110 13110 D OplusViewDebugManager: OplusViewDebugManager Constructor android.view.debug.OplusViewDebugManager@6c4d999 [mHasViewDebugProperty true] [mHasMsgDebugProperty false] [DEBUG false] [EXTRAINFOENABLE false] [LIGHT_OS false]
07-28 20:58:57.466 13110 13110 D CompatChangeReporter: Compat change id reported: 242716250; UID 1000; state: ENABLED
07-28 20:58:57.467 13110 13110 W libc    : Access denied finding property "ro.odm.prev.product.name"
07-28 20:58:57.467 13110 13110 W ziparchive: Unable to open '/system_ext/framework/nfcvendorlib.dm': No such file or directory
07-28 20:58:57.467 13110 13110 W ziparchive: Unable to open '/system_ext/framework/nfcvendorlib.dm': No such file or directory
07-28 20:58:57.469 13110 13110 D nativeloader: Configuring clns-shared-7 for other apk /system_ext/framework/nfcvendorlib.jar. target_sdk_version=34, uses_libraries=ALL, library_path=/system_ext/priv-app/WirelessSettings/lib/arm64:/system_ext/priv-app/WirelessSettings/WirelessSettings.apk!/lib/arm64-v8a:/system/lib64:/system_ext/lib64, permitted_path=/data:/mnt/expand:/data/user_de/0/com.oplus.wirelesssettings:/system_ext/priv-app/WirelessSettings:/system/lib64:/system_ext/lib64
07-28 20:58:57.469 13110 13110 D nativeloader: Extending system_exposed_libraries: libbinauralrenderer_wrapper.qti.so:libhoaeffects.qti.so:libSloganJni.oplus.so:libsuperNight.oplus.so:libAPSClient-cmd-jni-extension.oplus.so:libsatellite_audio_jni.oplus.so:libortc_so.oplus.so:libsoundtouch.oplus.so:libsoundtouch_jni.oplus.so:libOplusStringJNI-extension.oplus.so:libsatellite_ostx_jni.oplus.so:libapssuspend-jni.oplus.so:libupdateprof.qti.so:libthermalclient.qti.so:libqape.qti.so:libqesdk_ndk_platform.qti.so:liblistenjni.qti.so
07-28 20:58:57.469 13110 13110 D ApplicationLoaders: Returning zygote-cached class loader: /system_ext/framework/androidx.window.extensions.jar
07-28 20:58:57.469 13110 13110 D ApplicationLoaders: Returning zygote-cached class loader: /system_ext/framework/androidx.window.sidecar.jar
07-28 20:58:57.471 13110 13110 D nativeloader: Configuring clns-shared-8 for other apk /system_ext/priv-app/WirelessSettings/WirelessSettings.apk. target_sdk_version=34, uses_libraries=, library_path=/system_ext/priv-app/WirelessSettings/lib/arm64:/system_ext/priv-app/WirelessSettings/WirelessSettings.apk!/lib/arm64-v8a:/system/lib64:/system_ext/lib64, permitted_path=/data:/mnt/expand:/data/user_de/0/com.oplus.wirelesssettings:/system_ext/priv-app/WirelessSettings:/system/lib64:/system_ext/lib64
07-28 20:58:57.474 13110 13110 V GraphicsEnvironment: Currently set values for:
07-28 20:58:57.474 13110 13110 V GraphicsEnvironment:   angle_gl_driver_selection_pkgs=[]
07-28 20:58:57.474 13110 13110 V GraphicsEnvironment:   angle_gl_driver_selection_values=[]
07-28 20:58:57.474 13110 13110 V GraphicsEnvironment: Global.Settings values are invalid: number of packages: 0, number of values: 0
07-28 20:58:57.474 13110 13110 D WS_OplusWirelessSettingsApp: onCreate, OplusWirelessSettingsApp
07-28 20:58:57.475 13110 13110 D LogUtils: initWirelessLog sIsQeAssert=false,sIsWifiOrBtLog=false
07-28 20:58:57.477  3472  5304 I ActivityManager: Flag disabled. Ignoring finishAttachApplication from uid: 1000. pid: 13110
07-28 20:58:57.477 13110 13110 E ANDR-PERF-CLIENT-SYS: death recipent object is fine
07-28 20:58:57.477 13110 13110 W ttings:tzupdate: AIBinder_linkToDeath is being called with a non-null cookie and no onUnlink callback set. This might not be intended. AIBinder_DeathRecipient_setOnUnlinked should be called first.
07-28 20:58:57.478  3472  5304 W OplusSelfProtectManager: pkg[com.oplus.wirelesssettings] not in policy list
07-28 20:58:57.480  3472  5304 D ActivityManager: Async freezing 13110 com.oplus.wirelesssettings:tzupdate
07-28 20:58:57.482  4680  4692 W SQLiteLog: (28) double-quoted string literal: "timezone_tzdata_v2_files"
07-28 20:58:57.525  1977  1977 D SensorFeature: name=ssc_screenshot_info ,index = 22
07-28 20:58:57.526  1977  1977 D SensorFeature: write 29 bytes:59239005289,59247338622,163,0
07-28 20:58:57.555  4879  4879 V OplusCustomizeCacheManager: queryCache name: sys.cache.common_customize_cache18016 param: null
07-28 20:58:57.555  4879  4879 V OplusCustomizeCacheManager: queryCache name: sys.cache.common_customize_cache18013 param: null
07-28 20:58:57.555  4879  4879 V OplusCustomizeCacheManager: queryCache name: sys.cache.common_customize_cache18014 param: null
07-28 20:58:57.555  4879  4879 V OplusCustomizeCacheManager: queryCache name: sys.cache.common_customize_cache18017 param: Bundle[{SETTING=BLOCK, BUSINESS=NCT-DATA}]
07-28 20:58:57.556  4879  4879 V OplusCustomizeCacheManager: queryCache name: sys.cache.common_customize_cache18016 param: null
07-28 20:58:57.556  4879  4879 V OplusCustomizeCacheManager: queryCache name: sys.cache.common_customize_cache18013 param: null
07-28 20:58:57.556  4879  4879 V OplusCustomizeCacheManager: queryCache name: sys.cache.common_customize_cache18014 param: null
07-28 20:58:57.556  4879  4879 V OplusCustomizeCacheManager: queryCache name: sys.cache.common_customize_cache18017 param: Bundle[{SETTING=BLOCK, BUSINESS=NCT-DATA}]
07-28 20:58:57.577  4826  4826 D RowAnimatorExtImpl: end:view:StatusBarIconView(slot='volume' alpha=1.0 icon=StatusBarIcon(icon=Icon(typ=RESOURCE pkg=com.android.systemui id=0x7f0818f0) visible user=0 ) visibleState=ICON iconColor=#ccffffff staticDrawableColor=#ccffffff decorColor=#ffffffff animationStartColor=#0 currentSetColor=#ccffffff notification=null),tx
07-28 20:58:57.577  4826  4826 D RowAnimatorExtImpl: end:view:StatusBarIconView(slot='zen' alpha=1.0 icon=StatusBarIcon(icon=Icon(typ=RESOURCE pkg=com.android.systemui id=0x7f0818e1) visible user=0 ) visibleState=ICON iconColor=#ccffffff staticDrawableColor=#ccffffff decorColor=#ffffffff animationStartColor=#0 currentSetColor=#ccffffff notification=null),tx
07-28 20:58:57.577  4826  4826 D RowAnimatorExtImpl: end:view:StatusBarIconView(slot='volume' alpha=1.0 icon=StatusBarIcon(icon=Icon(typ=RESOURCE pkg=com.android.systemui id=0x7f0818f0) visible user=0 ) visibleState=ICON iconColor=#ccffffff staticDrawableColor=#ccffffff decorColor=#ffffffff animationStartColor=#0 currentSetColor=#ccffffff notification=null),tx
07-28 20:58:57.577  4826  4826 D RowAnimatorExtImpl: end:view:StatusBarIconView(slot='zen' alpha=1.0 icon=StatusBarIcon(icon=Icon(typ=RESOURCE pkg=com.android.systemui id=0x7f0818e1) visible user=0 ) visibleState=ICON iconColor=#ccffffff staticDrawableColor=#ccffffff decorColor=#ffffffff animationStartColor=#0 currentSetColor=#ccffffff notification=null),tx
07-28 20:58:57.577  4826  4826 D RowAnimatorExtImpl: end:view:StatusBarIconView(slot='volume' alpha=1.0 icon=StatusBarIcon(icon=Icon(typ=RESOURCE pkg=com.android.systemui id=0x7f0818f0) visible user=0 ) visibleState=ICON iconColor=#ccffffff staticDrawableColor=#ccffffff decorColor=#ffffffff animationStartColor=#0 currentSetColor=#ccffffff notification=null),tx
07-28 20:58:57.577  4826  4826 D RowAnimatorExtImpl: end:view:StatusBarIconView(slot='zen' alpha=1.0 icon=StatusBarIcon(icon=Icon(typ=RESOURCE pkg=com.android.systemui id=0x7f0818e1) visible user=0 ) visibleState=ICON iconColor=#ccffffff staticDrawableColor=#ccffffff decorColor=#ffffffff animationStartColor=#0 currentSetColor=#ccffffff notification=null),tx
07-28 20:58:57.606  1815  4414 I sensors-hal: handle_oplus_wise_rgb_event:189, high_pwm_light:lux 275.7,cct 3630.2,brl/algo/ir 1443.0/2.0/16.8,pwm/dc 0.0/0.0,rgbc 21165.197266/13380.371094/6159.060547/39352.664062,ts 59230691505,cnt 850,flag 163
07-28 20:58:57.607  1893  4422 I Dpps    : LtmSwState::SetParameter():144 ignore cmd 7 in state LtmOffState
07-28 20:58:57.799  1977  1977 D SensorFeature: name=ssc_screenshot_info ,index = 22
07-28 20:58:57.799  1977  1977 D SensorFeature: write 29 bytes:59512745289,59521078622,164,0
07-28 20:58:57.801  4826  4826 I SystemUi--QuickSettings: TemporarilyInfoManager-->[animateShow] com.oplus.systemui.qs.base.temporarilyinfo.TemporarilyInfoManager$createViewToParent$1{8b81c2f VFED..C.. ........ 0,0-1080,228 #7f0a0cb6 app:id/temporarily_info_view alpha=1.0 viewInfo = } end
07-28 20:58:57.801  4826  4826 I SystemUi--QuickSettings: TemporarilyInfoManager-->[trigger] start from showElementAfterShowFully
07-28 20:58:57.872  1893  4422 I Dpps    : LtmSwState::SetParameter():144 ignore cmd 7 in state LtmOffState
07-28 20:58:57.892  4826  4826 D JankUtils: gfxSceneEnd; scene: 7
07-28 20:58:57.892  4826  4826 I SystemUi--Common: NotificationShadeDepthC-->sceneFlag: 0x001, isStart = false, Current sceneFlags: 0x000
07-28 20:58:57.893  4826  4826 D NavigationBar: restrainNavigationBarInvertColor: false
07-28 20:58:57.893  4826  5024 D RegionSamplingHelper =:    mCompositionSamplingListener.register
07-28 20:58:57.893  2130  2350 D SurfaceFlinger: addRegionSamplingListener pid: 4826, Area: [0, 2328, 1080, 2376]
07-28 20:58:58.034  6516  6557 E oiface  : sched_setaffinity failed
07-28 20:58:58.038  1987  1987 D vendor.oplus.hardware.charger-V7-service: getChargerControl:
07-28 20:58:58.051  1978  1983 E PerformanceService: storage_feature: open /sys/devices/platform/soc/112b0000.ufshci//virtualtlcbuff fail
07-28 20:58:58.063  3472  5304 W BestClock: java.time.DateTimeException: Missing network time fix
07-28 20:58:58.063  3472  5304 W BestClock: java.time.DateTimeException: Missing network time fix
07-28 20:58:58.064  3472  5100 W BestClock: java.time.DateTimeException: Missing network time fix
07-28 20:58:58.076  1987  2054 D BatteryChargeControl: bcc get no support from charging protocol
07-28 20:58:58.078  1893  2173 I SDM     : DisplayBase::CommitThread: Received idle timeout, panel: cmd, timeout: 70000 us
07-28 20:58:58.148  1977  1977 D SensorFeature: name=ssc_screenshot_info ,index = 22
07-28 20:58:58.148  1977  1977 D SensorFeature: write 29 bytes:59819606695,59869857372,165,0
07-28 20:58:58.150  1815  4414 I sensors-hal: handle_oplus_wise_rgb_event:189, high_pwm_light:lux 274.3,cct 3636.2,brl/algo/ir 1443.0/2.0/17.2,pwm/dc 0.0/0.0,rgbc 21165.197266/13343.523438/6143.663086/39307.503906,ts 59803338380,cnt 860,flag 165
07-28 20:58:58.150  3472  4355 D FusionLightNextGen: process end reported = 1, mode: 0, lux 500.3, cct -1.0, r/g/b/c: 21112.9/13366.6/6139.8/39282.4, R/G/B: 132.0/125.0/124.0, bri 1443.0, match 1.00, ir 0.017450, conf 0.0, ts 59828121401
07-28 20:58:58.151  1893  4422 I Dpps    : LtmSwState::SetParameter():144 ignore cmd 7 in state LtmOffState
07-28 20:58:58.153  1893  2173 I SDM     : DisplayBase::CommitThread: Received idle timeout, panel: cmd, timeout: 70000 us
07-28 20:58:58.174  1987  7335 D charge_time: type=sdp,reserve_soc=2,soc=47,ui_soc=49,current=193,avg=190,not_chg_cnt=0,stable_cnt=7,fcc=5724,fcc_ratio=94,delta=44,debug=0,region=16,ttf=26329(07:18:49),ui_ttf=20730(05:45:30)
07-28 20:58:58.248  2130  3209 D VRR [OTI]: handleIdle from 0 to 1
07-28 20:58:58.248  2130  3209 D VRR [OTI-HW]: isStateReady 1
07-28 20:58:58.248  2130  3209 D VRR [RefreshRateDirector]: requestRefreshRateByOti update [ oti-hw, {fps=60, modePtr={id=5, vsyncRate=60.00 Hz, peakRefreshRate=60.00 Hz}} ]
07-28 20:58:58.248  2130  3209 D VRR [RefreshRateDirector]: selectBestFrameRate DirectorMapOti [oti-hw, {fps=60, modePtr={id=5, vsyncRate=60.00 Hz, peakRefreshRate=60.00 Hz}}]
07-28 20:58:58.248  2130  3209 D VRR [RefreshRateDirector]: updateBestFrameRate [oti-hw, {fps=60, modePtr={id=5, vsyncRate=60.00 Hz, peakRefreshRate=60.00 Hz}}]
07-28 20:58:58.248  2130  3209 D SurfaceFlinger: VRR [SurfaceFlinger] setDesiredActiveMode: displayId: 4630946756802996883, renderRate: 60, vsyncRate: 60, event: 1
07-28 20:58:58.248  2130  3209 D DisplayModeController: setDesiredMode 4630946756802996883 {mode={fps=60.00 Hz, modePtr={id=5, vsyncRate=60.00 Hz, peakRefreshRate=60.00 Hz}}, emitEvent=true, force=false}
07-28 20:58:58.250  2130  2130 I DisplayModeController: hwc begin mode change to 16666666
07-28 20:58:58.250  2130  2130 I HWC2    : [0] setActiveConfigWithConstraints[5]
07-28 20:58:58.251  1893  3135 W SDM     : HWDeviceDRM::GetSupportedBitClkRate: Requested rate not supported: 1363200000
07-28 20:58:58.251  1893  3135 I SDM     : HWDeviceDRM::UpdateMixerAttributes: Mixer WxH 1440x3168-1 for Peripheral
07-28 20:58:58.251  1893  3135 I CwbService: CwbService::notifyConfigChange: display:0, config:5 size:4, sec.size():0
07-28 20:58:58.251  1893  3135 I CwbService: CwbService::notifyConfigChange: display: 0, config = 1
07-28 20:58:58.251  1893  3107 I CasManager: Fps changed from 120 to 60
07-28 20:58:58.251  1893  3107 I CasManager: Fps changed, not change bin, so trigger gain
07-28 20:58:58.251  1893  3107 W SDM     : DemuraIntfImpl::ProcessOemPluginGain: Thermal intf_ is nullptr 0, default to 25 degree
07-28 20:58:58.251  1893  3107 I SDM     : CasQcPlugIn::ProcessPerCompGainOppo: input params, mode:PWM, fps:60, dbv:1443
07-28 20:58:58.251  1893  3107 I SDM     : CasQcPlugIn::ProcessPerCompGainOppo: normalized bright_adj:1024, dbv:1443, bin_dbv:1083, 
07-28 20:58:58.251  1893  3107 I SDM     : CasQcPlugIn::ProcessPerCompGainOppo: gains print start =====================
07-28 20:58:58.251  1893  3107 I SDM     : CasQcPlugIn::ProcessPerCompGainOppo: gain --------------------------------
07-28 20:58:58.251  1893  3107 I SDM     : CasQcPlugIn::ProcessPerCompGainOppo: old: 0 0 0 57 90 322 1201 3072
07-28 20:58:58.251  1893  3107 I SDM     : CasQcPlugIn::ProcessPerCompGainOppo: new: 0 0 0 31 77 278 1037 3072
07-28 20:58:58.251  1893  3107 I SDM     : CasQcPlugIn::ProcessPerCompGainOppo: gain --------------------------------
07-28 20:58:58.251  1893  3107 I SDM     : CasQcPlugIn::ProcessPerCompGainOppo: old: 0 0 0 64 125 373 1336 3072
07-28 20:58:58.251  1893  3107 I SDM     : CasQcPlugIn::ProcessPerCompGainOppo: new: 0 0 0 34 99 373 1336 3072
07-28 20:58:58.251  1893  3107 I SDM     : CasQcPlugIn::ProcessPerCompGainOppo: gain --------------------------------
07-28 20:58:58.251  1893  3107 I SDM     : CasQcPlugIn::ProcessPerCompGainOppo: old: 0 0 0 42 83 323 1222 3072
07-28 20:58:58.251  1893  3107 I SDM     : CasQcPlugIn::ProcessPerCompGainOppo: new: 0 0 0 22 83 323 1222 3072
07-28 20:58:58.251  1893  3107 I SDM     : CasQcPlugIn::ProcessPerCompGainOppo: gains print end =======================
07-28 20:58:58.258  1893  3107 I SDM     : DemuraIntfImpl::StageAllData: Staged all data to Demura Driver!
07-28 20:58:58.258  1893  3107 I SDM     : HWPeripheralDRM::SetPanelFeature: Set Panel feature property 19
07-28 20:58:58.258  1893  3107 I SDM     : HWPeripheralDRM::SetPanelFeature: Set Panel feature property 7
07-28 20:58:58.259  1893  3107 I SDM     : DisplayBuiltIn::TriggerDemuraOemPlugIn: Trigger demura oem plugin success
07-28 20:58:58.260  1893  2173 I SDM     : DRMPanelFeatureMgr::ApplyDirtyFeature: Commited panel feature [enabled]: 20-272
07-28 20:58:58.260  1893  2173 I SDM     : DRMPanelFeatureMgr::ApplyDirtyFeature: Commited panel feature [enabled]: 8-271
07-28 20:58:58.271  6496  6542 E horae   : 0: back:33517,back_1:35796,back_2:35359,back_3:34509,frame:35905,frame_1:34839,front:36539,front_1:36882,front_2:35275, -2147483648 5, +(3191), 1 ,43756,33701,39591,43783,41754,42785,33718,39316,42785,41109,41863,33567,39032,41928,40553,41345,33578,38772,41267,40061, target_temp:36882, algo:0
07-28 20:58:58.273  5145  5145 D RFPowerBoostManager: my thermal listener proxy invoke method:notifyThermalBroadCast args len:2
07-28 20:58:58.273  5145  5145 D RFPowerBoostManager: current temp is 36, mInCalling is false, current threshold is 41
07-28 20:58:58.274  4944  5734 W h       : networkLogger failï¼
07-28 20:58:58.274  4944  5734 D Acc-OplusLinkBoostCommon: notifyThermalBroadCast level = 5 temp = 36,lastTemp: 37 ,th: 44
07-28 20:58:58.275  6496  6531 E horae   : Horae service notifyComponentHeat caught exception -2
07-28 20:58:58.275  6496  6531 E horae   : Horae service notifyComponentHeat caught exception -2
07-28 20:58:58.279  3472  3472 D OplusWifiBroadCastDispatcher: mBroadcastReceiver: onReceiver  action=android.intent.action.BATTERY_LEVEL_CHANGED
07-28 20:58:58.280  3472  4589 D OplusWifiPowerService: onReceive action:android.intent.action.BATTERY_LEVEL_CHANGED
07-28 20:58:58.280  3472  4425 W OplusStorageManagerFeature: mScreenReceiver action:android.intent.action.BATTERY_LEVEL_CHANGED
07-28 20:58:58.280  3472  4425 I OplusStorageManagerFeature: TmemoryBetterySwitch: level=49 state=0
07-28 20:58:58.280  3472  4425 I OplusStorageManagerFeature: TmemoryBetterySwitch: action=0 state=2
07-28 20:58:58.280  3472  4425 W OplusStorageManagerFeature: Ready to deal actionParam:0
07-28 20:58:58.282  6176  6176 D BatteryUsageBroadcastReceiver: onReceive:android.intent.action.BATTERY_LEVEL_CHANGED
07-28 20:58:58.282  6176  6176 D BatteryUsageBroadcastReceiver: fetch data because of event: ACTION_BATTERY_LEVEL_CHANGED
07-28 20:58:58.283  2130  2130 D VRR-[OPlusRefreshRateSelector]: setCurrentModeId 5 type SM
07-28 20:58:58.283  2130  3209 D VRR [OTI-HW]: isStateReady 1
07-28 20:58:58.283  2130  3209 D VRR [OTI-HW]: keep rate.
07-28 20:58:58.283  3472  3657 I DisplayDeviceRepository: Display device changed render timings: "Built-in Screen", renderFrameRate=60.000004, presentationDeadlineNanos=16666666, appVsyncOffsetNanos=1000000
07-28 20:58:58.284  3472  3657 D LogicalDisplayExt: set displayInfo flag FLAG_ROTATES_WITH_CONTENT
07-28 20:58:58.285  3472  3657 D DisplayManagerServiceExtImpl: scheduleTraversalLocked intraversal=false
07-28 20:58:58.285  3472  3657 I DisplayManagerServiceExtImpl: handle logical display changed logicalDisplay=id=0,stack=0,content=true,displayInfo{stack=0,type=1,id=0,uId=local:4630946756802996883,state=ON,pkg=null}
07-28 20:58:58.286  3472  3657 D DisplayManagerService: Delivering display event: displayId=0, event=CHANGED
07-28 20:58:58.286  3472  3754 D BrightnessThermalClamper: Thermal status observer already started
07-28 20:58:58.286  3472  3472 E OplusGestureAnimationManagerPolicy: mScreenHeight:2376 mScreenWidth:1080 mRotation:0
07-28 20:58:58.287  3472  3655 D OplusVFXScreenEffectFeature: notifySFCompatWindowStateChange entered false
07-28 20:58:58.287  3472  3655 D FSS_FoldScreenBlackCoverController: displayChangeToOn, dc:Display{#0 state=ON size=1080x2376 ROTATION_0}
07-28 20:58:58.287  2130  2322 D [PREVIEW]: SF obtain preview_adapter: 0
07-28 20:58:58.287  2130  2322 D [PREVIEW]: TabletPreviewAdapter::parallel world 0
07-28 20:58:58.288  3472  3655 D DisplayManagerService: performTraversalInternal pendingTraversal
07-28 20:58:58.288  3472  3655 D DisplayDevice: setLayerStackLocked id=local:4630946756802996883 token=android.os.BinderProxy@e14989 stack=0->0
07-28 20:58:58.288  3472  3754 D BrightnessPowerClamper: Power throttling data is missing for configuration data.
07-28 20:58:58.288  3472  3657 D DisplayManagerService: MSG_REQUEST_TRAVERSAL pendingCompleted=false
07-28 20:58:58.289  4654  4654 D CastManagerService: onDisplayChanged.
07-28 20:58:58.290  4826  4826 I SystemUi--Statusbar: DisplayRepository-->combining enabled=[0], connectedExternalDisplayIds=[], ignored=[]
07-28 20:58:58.290  6516  6557 E oiface  : sched_setaffinity failed
07-28 20:58:58.290  2115  9596 D AudioFlingerExtImpl: AudioFlingerExtImpl oplusSetParameters: keyvalue screen_state=on
07-28 20:58:58.291  2007  2080 I gameoptHal: targetfps updated 6 -- 60
07-28 20:58:58.291  2115  9596 D DeviceHalAidl: 0xb400007acae7c200 DeviceHalAidl::setParameters
07-28 20:58:58.291  2115  9596 D DeviceHalAidl: setParameters: parameters: "screen_state=on"
07-28 20:58:58.291  1851  1866 I PAL: ResourceManager: setParameter: 11480: Screen State:1
07-28 20:58:58.291  2115  9596 D DeviceHalAidl: 0xb400007acae7c800 DeviceHalAidl::setParameters
07-28 20:58:58.291  2115  9596 D DeviceHalAidl: setParameters: parameters: "screen_state=on"
07-28 20:58:58.291  1851  1866 D AHAL_Module: updateScreenState: usb: 1
07-28 20:58:58.291  2115  9596 D DeviceHalAidl: 0xb400007acae7ce00 DeviceHalAidl::setParameters
07-28 20:58:58.291  2115  9596 D DeviceHalAidl: setParameters: parameters: "screen_state=on"
07-28 20:58:58.291  1851  1866 D AHAL_Module: updateScreenState: r_submix: 1
07-28 20:58:58.292  2115  9596 D DeviceHalAidl: 0xb400007acae7d400 DeviceHalAidl::setParameters
07-28 20:58:58.292  2115  9596 D DeviceHalAidl: setParameters: parameters: "screen_state=on"
07-28 20:58:58.292  1851  1872 D AHAL_Module: updateScreenState: bluetooth: 1
07-28 20:58:58.292  2115  9596 D DeviceHalAidl: 0xb400007acae7da00 DeviceHalAidl::setParameters
07-28 20:58:58.292  2115  9596 D DeviceHalAidl: setParameters: parameters: "screen_state=on"
07-28 20:58:58.292  3472  5107 D ActivityManager: Async freezing 6176 com.android.settings
07-28 20:58:58.292  1851  1866 D AHAL_Module: updateScreenState: bluetooth: 1
07-28 20:58:58.292  2115  9596 D DeviceHalAidl: 0xb400007acae7e000 DeviceHalAidl::setParameters
07-28 20:58:58.292  2115  9596 D DeviceHalAidl: setParameters: parameters: "screen_state=on"
07-28 20:58:58.292  1851  1872 D AHAL_Module: updateScreenState: stub: 1
07-28 20:58:58.296  5145  6254 D VendorTelephonyService: onTelephonyEventReport slotId =0 eventId=2009
07-28 20:58:58.297  5145  6254 D VendorTelephonyService: onTelephonyEventReport slotId =0 eventId=2009
07-28 20:58:58.297  5145  5145 D VendorCallService: notityEventUpdate, eventId:2009, slotId = 0
07-28 20:58:58.297  4944  6897 D SaDataService: onTelephonyEventReport , subId= 0,slotId=-1 eventId=2009
07-28 20:58:58.297  5145  6254 D VendorTelephonyService: onTelephonyEventReport slotId =1 eventId=2009
07-28 20:58:58.297  5145  6254 D VendorTelephonyService: onTelephonyEventReport slotId =1 eventId=2009
07-28 20:58:58.297  5145  5145 D VendorCallService: notityEventUpdate, eventId:2009, slotId = 1
07-28 20:58:58.297  4944  6897 D TelephonyImpl: notify eventId:2009 for list size:2
07-28 20:58:58.297  4944  6897 D SaDataService: onTelephonyEventReport , subId= 1,slotId=0 eventId=2009
07-28 20:58:58.297  4944  6897 D TelephonyImpl: notify eventId:2009 for list size:2
07-28 20:58:58.333  3472  3772 D VRR [OPlusRefreshRateService]: handleConfigIdChange physicalDisplayId: 4630946756802996883 configId: 5 renderPeriod: 16666666
07-28 20:58:58.333  3472  3772 D VRR [OPlusSAManager]: updateModeChange old modeId [ 4 ] -> new modeId [ 5 ] mCurPolicy: 1
