device
--------- beginning of main
07-28 18:25:03.661 10455 10699 D BootUtil: savedDiffTime: 1753741454512, currentDiffTime: 1753741454511, isReboot: false
07-28 18:25:03.752  1987  1987 D SensorFeature: name=ssc_screenshot_info ,index = 22
07-28 18:25:03.753  1987  1987 D SensorFeature: write 29 bytes:47076114200,49240082012,127,0
07-28 18:25:03.795  1840  4450 I sensors-hal: handle_oplus_wise_rgb_event:189, high_pwm_light:lux 167.7,cct 3524.2,brl/algo/ir 1324.0/2.0/25.0,pwm/dc 0.0/0.0,rgbc 13321.223633/8845.781250/3780.075195/24770.205078,ts 49210386037,cnt 680,flag 127
07-28 18:25:03.797  1906  4440 I Dpps    : LtmSwState::SetParameter():144 ignore cmd 7 in state LtmOffState
07-28 18:25:04.061  1987  1987 D SensorFeature: name=ssc_screenshot_info ,index = 22
07-28 18:25:04.062  1987  1987 D SensorFeature: write 29 bytes:47076114200,49548493470,128,0
07-28 18:25:04.066  1906  4440 I Dpps    : LtmSwState::SetParameter():144 ignore cmd 7 in state LtmOffState
07-28 18:25:04.074  2008  7532 D charge_time: type=sdp,reserve_soc=2,soc=58,ui_soc=61,current=-18,avg=131,not_chg_cnt=3,stable_cnt=7,fcc=5724,fcc_ratio=94,delta=0,debug=0,region=15,ttf=29996(08:19:56),ui_ttf=16432(04:33:52)
--------- beginning of system
07-28 18:25:04.121  3437  3796 D VRR [OPlusGameStatusManager]: handleMessage: 7004
07-28 18:25:04.121  3437  3796 D VRR [OPlusGameStatusManager]: handleBrightnessDone
07-28 18:25:04.171  6490  6538 E horae   : Horae service notifyComponentHeat caught exception -2
07-28 18:25:04.171  5209  5209 D RFPowerBoostManager: my thermal listener proxy invoke method:notifyThermalBroadCast args len:2
07-28 18:25:04.170  4990  5921 W h       : networkLogger fail！
07-28 18:25:04.171  4990  5921 D Acc-OplusLinkBoostCommon: notifyThermalBroadCast level = 5 temp = 36,lastTemp: 37 ,th: 44
07-28 18:25:04.172  5209  5209 D RFPowerBoostManager: current temp is 36, mInCalling is false, current threshold is 41
07-28 18:25:04.172  6490  6538 E horae   : Horae service notifyComponentHeat caught exception -2
07-28 18:25:04.268  3239  3239 E OplusTouchDaemon: ts_run_service: shellback temperature updated 36 (36940)
07-28 18:25:04.286  2008  2055 D BatteryChargeControl: bcc get no support from charging protocol
07-28 18:25:04.371  1987  1987 D SensorFeature: name=ssc_screenshot_info ,index = 22
07-28 18:25:04.372  1987  1987 D SensorFeature: write 29 bytes:47076114200,49857831543,129,0
07-28 18:25:04.375  1840  4450 I sensors-hal: handle_oplus_wise_rgb_event:189, high_pwm_light:lux 168.3,cct 3516.1,brl/algo/ir 1324.0/2.0/24.0,pwm/dc 0.0/0.0,rgbc 13316.393555/8862.161133/3774.172119/24772.763672,ts 49774592860,cnt 690,flag 129
07-28 18:25:04.377  1906  4440 I Dpps    : LtmSwState::SetParameter():144 ignore cmd 7 in state LtmOffState
07-28 18:25:04.448  3437  4994 I OplusHansManager : uid=10157, pkg=com.baidu.input_oppo cannot transition from R to M, importance=input
07-28 18:25:04.593  1906  4440 I Dpps    : LtmSwState::SetParameter():144 ignore cmd 7 in state LtmOffState
07-28 18:25:04.674  1987  1987 D SensorFeature: name=ssc_screenshot_info ,index = 22
07-28 18:25:04.675  1987  1987 D SensorFeature: write 29 bytes:47076114200,50161711126,130,0
07-28 18:25:04.725  3437  4396 V AlarmManager: sending alarm Alarm{4902ea3 type 2 origWhen 50213 whenElapsed 50213 android} uid 1000 whenElapsed 50213 windowLength 0 maxWhenElapsed 50213 repeatInterval 0 action null component null tag $android.alarm.generated:1000:50213 flags 0x9 procName system_server
07-28 18:25:04.730  3437  3638 D LocationManagerService: network provider removed registration from 10154/com.coloros.assistantscreen/4AC1BB49
07-28 18:25:04.766  5209  5209 D SubsysEventListenerManager-SubsysTelephonyCallback[0]: onCellInfoChanged
07-28 18:25:04.856  1840  4450 I sensors-hal: handle_oplus_wise_rgb_event:189, high_pwm_light:lux 167.8,cct 3523.0,brl/algo/ir 1324.0/2.0/24.6,pwm/dc 0.0/0.0,rgbc 13301.908203/8871.522461/3785.978271/24772.763672,ts 50132260151,cnt 700,flag 130
07-28 18:25:04.858  1906  4440 I Dpps    : LtmSwState::SetParameter():144 ignore cmd 7 in state LtmOffState
07-28 18:25:04.978  1987  1987 D SensorFeature: name=ssc_screenshot_info ,index = 22
07-28 18:25:04.978  1987  1987 D SensorFeature: write 29 bytes:47076114200,50465244876,131,0
07-28 18:25:05.061  3437  4885 W Binder  : Outgoing transactions from this process must be FLAG_ONEWAY
07-28 18:25:05.061  3437  4885 W Binder  : java.lang.Throwable
07-28 18:25:05.061  3437  4885 W Binder  : 	at android.os.BinderProxy.transact(BinderProxy.java:633)
07-28 18:25:05.061  3437  4885 W Binder  : 	at android.content.ContentProviderProxy.insert(ContentProviderNative.java:587)
07-28 18:25:05.061  3437  4885 W Binder  : 	at android.content.ContentProviderClient.insert(ContentProviderClient.java:347)
07-28 18:25:05.061  3437  4885 W Binder  : 	at android.content.ContentProviderClient.insert(ContentProviderClient.java:336)
07-28 18:25:05.061  3437  4885 W Binder  : 	at com.oplus.util.OplusStatisticsImpl.insert(OplusStatisticsImpl.java:307)
07-28 18:25:05.061  3437  4885 W Binder  : 	at com.oplus.util.OplusStatisticsImpl.sendDataToDCS(OplusStatisticsImpl.java:287)
07-28 18:25:05.061  3437  4885 W Binder  : 	at com.oplus.util.OplusStatisticsImpl.flushInternal(OplusStatisticsImpl.java:264)
07-28 18:25:05.061  3437  4885 W Binder  : 	at com.oplus.util.OplusStatisticsImpl.lambda$setDelayFlushJobIfNeed$4(OplusStatisticsImpl.java:211)
07-28 18:25:05.061  3437  4885 W Binder  : 	at com.oplus.util.OplusStatisticsImpl.$r8$lambda$4UYTp2NCu6Rml69JNqEuK7o54SI(Unknown Source:0)
07-28 18:25:05.061  3437  4885 W Binder  : 	at com.oplus.util.OplusStatisticsImpl$$ExternalSyntheticLambda5.run(D8$$SyntheticClass:0)
07-28 18:25:05.061  3437  4885 W Binder  : 	at java.util.concurrent.Executors$RunnableAdapter.call(Executors.java:487)
07-28 18:25:05.061  3437  4885 W Binder  : 	at java.util.concurrent.FutureTask.run(FutureTask.java:290)
07-28 18:25:05.061  3437  4885 W Binder  : 	at java.util.concurrent.ScheduledThreadPoolExecutor$ScheduledFutureTask.run(ScheduledThreadPoolExecutor.java:307)
07-28 18:25:05.061  3437  4885 W Binder  : 	at java.util.concurrent.ThreadPoolExecutor.runWorker(ThreadPoolExecutor.java:1145)
07-28 18:25:05.061  3437  4885 W Binder  : 	at java.util.concurrent.ThreadPoolExecutor$Worker.run(ThreadPoolExecutor.java:644)
07-28 18:25:05.061  3437  4885 W Binder  : 	at java.lang.Thread.run(Thread.java:1012)
07-28 18:25:05.075  2008  7532 D charge_time: write 16431s(04:33:51) to ttf, rc=7
07-28 18:25:05.075  2008  7532 D charge_time: type=sdp,reserve_soc=2,soc=58,ui_soc=61,current=-18,avg=131,not_chg_cnt=4,stable_cnt=7,fcc=5724,fcc_ratio=94,delta=0,debug=0,region=15,ttf=29996(08:19:56),ui_ttf=16431(04:33:51)
07-28 18:25:05.123  1906  4440 I Dpps    : LtmSwState::SetParameter():144 ignore cmd 7 in state LtmOffState
07-28 18:25:05.159  7315  9216 I SG::SettingManager: metisDomainObserver: data change. selfChange=false [base|com.oplus.pantanal.ums|1.5.5-f48228a]
07-28 18:25:05.164  9329  9366 I ContextAware_DomainProvider: ums getSubDomainInfo intentMap:{travel_preparation=travel, internal_aod_prompt=app_prompt, file_manager=system_tools, creation_activity=system_tools, internal_xiaobu=system_settings, takeout=life_service, terminals_cloud=system_tools, tips=system_settings, internal_assistant_screen=ASSISTANT_SCREEN, navigation=app_prompt, internal_intent_lib=system_tools, weather=system_tools, payment=financial_planning, internal_address_recognition=system_tools, communication=system_tools, train=travel, ridehailing=travel, repayment=financial_planning, course_reminder=workplace_learning, read=media_service, epidemic=travel, travel_service=life_service, movie_performance=life_service, living_expense_payment_reminder=life_service, application_suggestions=system_tools, open_wlan=system_settings, commute=life_service, clear_memory=system_settings, internal_upgrade=app_upgrade, close_torch=system_settings, flight=travel, movie_notice=life_service, event_services=media_service, game=system_tools, content_consult=media_service, sticky_note=system_tools, appointment_reminder=system_settings, departure_reminder=life_service, recording=system_tools, video=media_service, outdoor_activities=system_settings, festival_reminder=media_service, living_expenses=financial_planning, application_recommendat=system_tools, hotel=travel_epidemic, nearby_power_bank=life_service, audio=media_service, store_service=life_service, publictransit=travel, calendar=system_settings, delivery=life_service, internal_account_bind=account_bind, domestic_travel_service=life_service, xiaobu_assistant=system_tools, health=system_tools, app_usage=system_settings, meal=life_service, text_intent=system_tools, parking_service=travel, internal_demo_mode=sale_mode} [base|com.oplus.metis|1.5.5-f48228a]
07-28 18:25:05.170  9329  9366 I ContextAware_DomainProvider: ums getSubDomainInfo result:travel_preparation: true,internal_aod_prompt: false,file_manager: true,creation_activity: true,internal_xiaobu: false,takeout: true,terminals_cloud: true,tips: true,internal_assistant_screen: false,navigation: true,internal_intent_lib: false,weather: true,payment: true,internal_address_recognition: false,communication: true,train: true,ridehailing: true,repayment: true,course_reminder: true,read: true,epidemic: false,travel_service: true,movie_performance: true,living_expense_payment_reminder: true,application_suggestions: false,open_wlan: true,commute: true,clear_memory: true,internal_upgrade: false,close_torch: true,flight: true,movie_notice: true,event_services: true,game: true,content_consult: true,sticky_note: true,appointment_reminder: true,departure_reminder: true,recording: true,video: true,outdoor_activities: true,festival_reminder: false,living_expenses: false,application_recommendat: false,hotel: true,nearby_power_bank: true,audio: true,store_service: true,publictransit: true,calendar: true,delivery: true,internal_account_bind: false,domestic_travel_service: true,xiaobu_assistant: true,health: true,app_usage: true,meal: true,text_intent: true,parking_service: true,internal_demo_mode: false,
07-28 18:25:05.172  7315  9216 I SG::SettingManager: delete: []
07-28 18:25:05.172  7315  9216 I SG::SettingManager: query from metis: [CloudDataEntity(subDomain='travel_preparation', domain=travel), CloudDataEntity(subDomain='file_manager', domain=system_tools), CloudDataEntity(subDomain='creation_activity', domain=system_tools), CloudDataEntity(subDomain='takeout', domain=life_service), CloudDataEntity(subDomain='terminals_cloud', domain=system_tools), CloudDataEntity(subDomain='tips', domain=system_settings), CloudDataEntity(subDomain='navigation', domain=app_prompt), CloudDataEntity(subDomain='weather', domain=system_tools), CloudDataEntity(subDomain='payment', domain=financial_planning), CloudDataEntity(subDomain='communication', domain=system_tools), CloudDataEntity(subDomain='train', domain=travel), CloudDataEntity(subDomain='ridehailing', domain=travel), CloudDataEntity(subDomain='repayment', domain=financial_planning), CloudDataEntity(subDomain='course_reminder', domain=workplace_learning), CloudDataEntity(subDomain='read', domain=media_service), CloudDataEntity(subDomain='travel_service', domain=life_service), CloudDataEntity(subDomain='movie_performance', domain=life_service), CloudDataEntity(subDomain='living_expense_payment_reminder', domain=life_service), CloudDataEntity(subDomain='open_wlan', domain=system_settings), CloudDataEntity(subDomain='commute', domain=life_service), CloudDataEntity(subDomain='clear_memory', domain=system_settings), CloudDataEntity(subDomain='close_torch', domain=system_settings), CloudDataEntity(subDomain='flight', domain=travel), CloudDataEntity(subDomain='movie_notice', domain=life_service), CloudDataEntity(subDomain='event_services', domain=media_service), CloudDataEntity(subDomain='game', domain=system_tools), CloudDataEntity(subDomain='content_consult', domain=media_service), CloudDataEntity(subDomain='sticky_note', domain=system_tools), CloudDataEntity(subDomain='appointment_reminder', domain=system_settings), CloudDataEntity(subDomain='departure_reminder', domain=life_service), CloudDataEntity(subDomain='recording', domain=system_tools), CloudDataEntity(subDomain='video', domain=media_service), CloudDataEntity(subDomain='outdoor_activities', domain=system_settings), CloudDataEntity(subDomain='hotel', domain=travel_epidemic), CloudDataEntity(subDomain='nearby_power_bank', domain=life_service), CloudDataEntity(subDomain='audio', domain=media_service), CloudDataEntity(subDomain='store_service', domain=life_service), CloudDataEntity(subDomain='publictransit', domain=travel), CloudDataEntity(subDomain='calendar', domain=system_settings), CloudDataEntity(subDomain='delivery', domain=life_service), CloudDataEntity(subDomain='domestic_travel_service', domain=life_service), CloudDataEntity(subDomain='xiaobu_assistant', domain=system_tools), CloudDataEntity(subDomain='health', domain=system_tools), CloudDataEntity(subDomain='app_usage', domain=system_settings), CloudDataEntity(subDomain='meal', domain=life_service), CloudDataEntity(subDomain='text_intent', domain=system_tools), CloudDataEntity(subDomain='parking_service', domain=travel)]
07-28 18:25:05.179  7315  8515 I SG::UpdateSubDomainUtil: updateWhenMetisChange forceUpdate: false
07-28 18:25:05.179  7315  8515 W SG::UpdateSubDomainUtil: allChangeDomains is empty!
07-28 18:25:05.280  1987  1987 D SensorFeature: name=ssc_screenshot_info ,index = 22
07-28 18:25:05.280  1987  1987 D SensorFeature: write 29 bytes:47076114200,50768085917,132,0
07-28 18:25:05.286  2008  2055 D BatteryChargeControl: bcc get no support from charging protocol
07-28 18:25:05.388  1840  4450 I sensors-hal: handle_oplus_wise_rgb_event:189, high_pwm_light:lux 167.3,cct 3511.6,brl/algo/ir 1324.0/2.0/25.4,pwm/dc 0.0/0.0,rgbc 13333.295898/8869.181641/3776.139648/24754.865234,ts 50738183849,cnt 710,flag 132
07-28 18:25:05.389  1906  4440 I Dpps    : LtmSwState::SetParameter():144 ignore cmd 7 in state LtmOffState
07-28 18:25:05.462  3437  3783 D OplusFeatureHDREnhanceBrightness: notifySfForceUpdate, mFlinger is null 
07-28 18:25:05.464  3437  3783 D OplusFeatureHDREnhanceBrightness: checkIsPlayingHDR isPlayingHDR=0 rotation=0 whiteApp=false battery=61
07-28 18:25:05.519  6560  6587 W System  : A resource failed to call AbstractCursor.close. 
07-28 18:25:05.519  6560  6587 W System  : A resource failed to call AbstractCursor.close. 
07-28 18:25:05.519  6560  6587 W System  : A resource failed to call AbstractCursor.close. 
07-28 18:25:05.519  6560  6587 W System  : A resource failed to call AbstractCursor.close. 
07-28 18:25:05.519  6560  6587 W System  : A resource failed to call AbstractCursor.close. 
07-28 18:25:05.519  6560  6587 W System  : A resource failed to call AbstractCursor.close. 
07-28 18:25:05.519  6560  6587 W System  : A resource failed to call AbstractCursor.close. 
07-28 18:25:05.519  6560  6587 W System  : A resource failed to call AbstractCursor.close. 
07-28 18:25:05.583  1987  1987 D SensorFeature: name=ssc_screenshot_info ,index = 22
07-28 18:25:05.583  1987  1987 D SensorFeature: write 29 bytes:47076114200,51070645813,133,0
07-28 18:25:05.628  4990  5924 W BluetoothAdapterExtImpl: getBluetoothConnectionCount：mOplusBluetooth null!
07-28 18:25:05.631  4990  5924 D TelephonyImpl: isRequestingMms
07-28 18:25:05.631  4990  5924 D TelephonyImpl: getReleaseMmsNetworkTime
07-28 18:25:05.633  4990  5924 D OplusDdsSwitchStrategy: Md,OplusCheckFeature,RETURN_TO_CUR_ACTION_DDS
07-28 18:25:05.654  1906  4440 I Dpps    : LtmSwState::SetParameter():144 ignore cmd 7 in state LtmOffState
07-28 18:25:05.844  4990  7211 I PCDR-common_no_service[0]: lift forbidden
07-28 18:25:05.844  4990  7211 I PCDR-common_no_45g[0]: lift forbidden
07-28 18:25:05.892  1987  1987 D SensorFeature: name=ssc_screenshot_info ,index = 22
07-28 18:25:05.893  1987  1987 D SensorFeature: write 29 bytes:47076114200,51379799719,134,0
07-28 18:25:05.922  1840  4450 I sensors-hal: handle_oplus_wise_rgb_event:189, high_pwm_light:lux 167.4,cct 3520.7,brl/algo/ir 1324.0/2.0/25.4,pwm/dc 0.0/0.0,rgbc 13340.540039/8869.181641/3772.204346/24813.675781,ts 51352196610,cnt 720,flag 134
07-28 18:25:05.922  3437  4377 D FusionLightNextGen: process end reported = 1, mode: 0, lux 311.5, cct -1.0, r/g/b/c: 13311.6/8869.2/3776.1/24770.2, R/G/B: 106.0/100.0/99.0, bri 1324.0, match 1.00, ir 0.025550, conf 0.0, ts 51360458641
07-28 18:25:05.923  1906  4440 I Dpps    : LtmSwState::SetParameter():144 ignore cmd 7 in state LtmOffState
07-28 18:25:06.076  2008  7532 D charge_time: type=sdp,reserve_soc=2,soc=58,ui_soc=61,current=-18,avg=131,not_chg_cnt=5,stable_cnt=7,fcc=5724,fcc_ratio=94,delta=0,debug=0,region=15,ttf=29996(08:19:56),ui_ttf=16430(04:33:50)
07-28 18:25:06.109  3437  4648 E OplusNetworkStackManager: initService mNetworkStackService is null, try again in 10s
07-28 18:25:06.195  1987  1987 D SensorFeature: name=ssc_screenshot_info ,index = 22
07-28 18:25:06.196  1987  1987 D SensorFeature: write 29 bytes:47076114200,51682959875,135,0
07-28 18:25:06.199  1906  4440 I Dpps    : LtmSwState::SetParameter():144 ignore cmd 7 in state LtmOffState
07-28 18:25:06.228  1821  1821 D healthd : system healthd: battery l=61 v=3954 t=33.5 h=2 st=2 c=-177 fc=5920000 cc=18 chg=u
07-28 18:25:06.264  2008  2008 D vendor.oplus.hardware.charger-V7-service: get_ui_charge_icon_type 0 0 0 0 0
07-28 18:25:06.265  2008  2008 D vendor.oplus.hardware.charger-V7-service: oplus_chg_get_cpa_power 2500 charge_online 1 retention_topic 0
07-28 18:25:06.265  2008  2008 D vendor.oplus.hardware.charger-V7-service: oplus_chg_get_cpa_power 2500 charge_online 1 retention_topic 0
07-28 18:25:06.265  2008  2008 D vendor.oplus.hardware.charger-V7-service: getIsSingleHyperSupport=2, cpa_power=2
07-28 18:25:06.287  2008  2055 D BatteryChargeControl: bcc get no support from charging protocol
07-28 18:25:06.341  1797  1800 E Diag-Router: diag: glinkpkt_open: failed to create control node for slate_apps
07-28 18:25:06.341  1797  1800 E Diag-Router: diag: diag_glinkpkt_open_thread: Glinkpkt_open failed for perif: 12 with err: -1, retry_cnt: 8
07-28 18:25:06.341  1797  1801 E Diag-Router: diag: glinkpkt_open: failed to create control node for slate_adsp
07-28 18:25:06.341  1797  1801 E Diag-Router: diag: diag_glinkpkt_open_thread: Glinkpkt_open failed for perif: 13 with err: -1, retry_cnt: 8
07-28 18:25:06.413  3437  4789 I Osense-BaseDecisionMaker: notifySceneToAthenaPolicy: SCENE_IDLE_RECOVER, bundle: Bundle[{scene=SCENE_IDLE_RECOVER}]
07-28 18:25:06.416  3437  4789 I Osense-BaseDecisionMaker: scene: SCENE_IDLE_RECOVER, excutingPolicy: respreload
07-28 18:25:06.416  3437  4789 D Osense-BaseDecisionMaker: invoke process preload policy
07-28 18:25:06.416  3437  4789 I Osense-BaseDecisionMaker: scene: SCENE_IDLE_RECOVER, excutingPolicy: clear
07-28 18:25:06.416  3437  4789 D Osense-BaseDecisionMaker: invoke clear policy,type: unforbid
07-28 18:25:06.417  3437  4789 I OsenseKillAction: KillAction: unhandled request: id=6, enable=true, scene=SCENE_IDLE_RECOVER, type=unforbid, cchOnly=false, appcare=0
07-28 18:25:06.450  1840  4450 I sensors-hal: handle_oplus_wise_rgb_event:189, high_pwm_light:lux 167.7,cct 3527.5,brl/algo/ir 1324.0/2.0/25.0,pwm/dc 0.0/0.0,rgbc 13367.101562/8859.822266/3785.978271/24772.763672,ts 51701817183,cnt 730,flag 135
07-28 18:25:06.452  1906  4440 I Dpps    : LtmSwState::SetParameter():144 ignore cmd 7 in state LtmOffState
07-28 18:25:06.499  1987  1987 D SensorFeature: name=ssc_screenshot_info ,index = 22
07-28 18:25:06.499  1987  1987 D SensorFeature: write 29 bytes:47076114200,51986331646,136,0
07-28 18:25:06.549  2008  2044 D vendor.oplus.hardware.charger-V7-service: ret_value:111, read content:,335,362,3954,3953,-177,58,61,1,1,0,494,4640,59,1,4475,300,500,0,7,-22,7,0,1,0,2,0,0,0,1,6098,99,0,0,0,0,0,0,0
07-28 18:25:06.549  2008  2044 D vendor.oplus.hardware.charger-V7-service: gmtime: 2025-07-28-18-25-06
07-28 18:25:06.549  2008  2024 D vendor.oplus.hardware.charger-V7-service: s_chg_user_mode: 3
07-28 18:25:06.549  2008  2024 D vendor.oplus.hardware.charger-V7-service: scale_chg Start!!!
07-28 18:25:06.549  2008  2024 D vendor.oplus.hardware.charger-V7-service: [0, 0, 3]
07-28 18:25:06.549  2008  2024 D vendor.oplus.hardware.charger-V7-service: [0, 2, 9]
07-28 18:25:06.549  2008  2024 D vendor.oplus.hardware.charger-V7-service: [0, 1, 3]
07-28 18:25:06.550  2008  2024 D vendor.oplus.hardware.charger-V7-service: [0, 3, 3]
07-28 18:25:06.550  2008  2024 D vendor.oplus.hardware.charger-V7-service: [0, 4, 3]
07-28 18:25:06.550  2008  2044 D vendor.oplus.hardware.charger-V7-service: usb_online:1, ac_online:-2147483648, wireless_online:0
07-28 18:25:06.550  2008  2024 D vendor.oplus.hardware.charger-V7-service: [0, 5, 5]
07-28 18:25:06.550  2008  2024 D vendor.oplus.hardware.charger-V7-service: [0, 6, 9]
07-28 18:25:06.550  2008  2024 D vendor.oplus.hardware.charger-V7-service: scale_chg Start!!!
07-28 18:25:06.550  2008  2024 D vendor.oplus.hardware.charger-V7-service: [0, 0, 3]
07-28 18:25:06.550  2008  2024 D vendor.oplus.hardware.charger-V7-service: [0, 2, 10]
07-28 18:25:06.550  2008  2024 D vendor.oplus.hardware.charger-V7-service: [0, 1, 3]
07-28 18:25:06.550  2008  2024 D vendor.oplus.hardware.charger-V7-service: [0, 3, 3]
07-28 18:25:06.550  2008  2024 D vendor.oplus.hardware.charger-V7-service: [0, 4, 3]
07-28 18:25:06.551  2008  2024 D vendor.oplus.hardware.charger-V7-service: [0, 5, 3]
07-28 18:25:06.551  2008  2024 D vendor.oplus.hardware.charger-V7-service: [0, 6, 10]
07-28 18:25:06.696  8807  9635 D ads_apk : [FetchAdStrategyEngine][2025-07-28 18:25:06.695][8807][GlobalWorkThread:71]:request from net but network disable
07-28 18:25:06.697  8807  9635 D ads_apk : [FetchAdStrategyEngine][2025-07-28 18:25:06.695][8807][GlobalWorkThread:71]:decay for refresh internalTime:24000,randomTime:4059
07-28 18:25:06.697  8807  9635 D ads_apk : [FetchAdStrategyEngine][2025-07-28 18:25:06.695][8807][GlobalWorkThread:71]:decay for refresh after:28059
07-28 18:25:06.697  8807  9635 D ads_apk : [FetchAdStrategyEngine][2025-07-28 18:25:06.695][8807][GlobalWorkThread:71]:looper to handler
07-28 18:25:06.721  1906  4440 I Dpps    : LtmSwState::SetParameter():144 ignore cmd 7 in state LtmOffState
07-28 18:25:06.735 12861 13002 D ProfileInstaller: Installing profile for com.oplus.linker
07-28 18:25:06.802  1987  1987 D SensorFeature: name=ssc_screenshot_info ,index = 22
07-28 18:25:06.802  1987  1987 D SensorFeature: write 29 bytes:47076114200,52289247740,137,0
07-28 18:25:06.982  1840  4450 I sensors-hal: handle_oplus_wise_rgb_event:189, high_pwm_light:lux 167.6,cct 3515.2,brl/algo/ir 1324.0/2.0/24.9,pwm/dc 0.0/0.0,rgbc 13352.612305/8859.822266/3758.430176/24754.865234,ts 52257955672,cnt 740,flag 137
07-28 18:25:06.983  1906  4440 I Dpps    : LtmSwState::SetParameter():144 ignore cmd 7 in state LtmOffState
07-28 18:25:07.078  2008  7532 D charge_time: type=sdp,reserve_soc=2,soc=58,ui_soc=61,current=181,avg=141,not_chg_cnt=0,stable_cnt=7,fcc=5724,fcc_ratio=94,delta=36,debug=0,region=15,ttf=27861(07:44:21),ui_ttf=16429(04:33:49)
07-28 18:25:07.106  1987  1987 D SensorFeature: name=ssc_screenshot_info ,index = 22
07-28 18:25:07.106  1987  1987 D SensorFeature: write 29 bytes:47076114200,52592786281,138,0
07-28 18:25:07.153  3437  3666 D Theia.TransparentWindow: handleMessage CHECK_TRANS_WINDOW_ERROR_MSG
07-28 18:25:07.249  1906  4440 I Dpps    : LtmSwState::SetParameter():144 ignore cmd 7 in state LtmOffState
07-28 18:25:07.291  2008  2055 D BatteryChargeControl: bcc get no support from charging protocol
07-28 18:25:07.409  1987  1987 D SensorFeature: name=ssc_screenshot_info ,index = 22
07-28 18:25:07.409  1987  1987 D SensorFeature: write 29 bytes:47076114200,52895889979,139,0
07-28 18:25:07.512  1840  4450 I sensors-hal: handle_oplus_wise_rgb_event:189, high_pwm_light:lux 168.1,cct 3526.5,brl/algo/ir 1324.0/2.0/24.5,pwm/dc 0.0/0.0,rgbc 13323.638672/8864.501953/3782.043213/24770.205078,ts 52863529370,cnt 750,flag 139
07-28 18:25:07.513  1906  4440 I Dpps    : LtmSwState::SetParameter():144 ignore cmd 7 in state LtmOffState
07-28 18:25:07.713  1987  1987 D SensorFeature: name=ssc_screenshot_info ,index = 22
07-28 18:25:07.713  1987  1987 D SensorFeature: write 29 bytes:47076114200,53201376177,140,0
07-28 18:25:07.780  1906  4440 I Dpps    : LtmSwState::SetParameter():144 ignore cmd 7 in state LtmOffState
07-28 18:25:07.871  5209  6003 E OplusNetworkStackManager: initService mNetworkStackService is null, try again in 10s
07-28 18:25:08.020  1987  1987 D SensorFeature: name=ssc_screenshot_info ,index = 22
07-28 18:25:08.020  1987  1987 D SensorFeature: write 29 bytes:47076114200,53506820083,141,0
07-28 18:25:08.044  1840  4450 I sensors-hal: handle_oplus_wise_rgb_event:189, high_pwm_light:lux 168.4,cct 3533.1,brl/algo/ir 1324.0/2.0/24.1,pwm/dc 0.0/0.0,rgbc 13318.810547/8866.841797/3780.075195/24803.449219,ts 53477642339,cnt 760,flag 141
07-28 18:25:08.045  1906  4440 I Dpps    : LtmSwState::SetParameter():144 ignore cmd 7 in state LtmOffState
07-28 18:25:08.080  2008  7532 D charge_time: type=sdp,reserve_soc=2,soc=58,ui_soc=61,current=181,avg=151,not_chg_cnt=0,stable_cnt=7,fcc=5724,fcc_ratio=94,delta=37,debug=0,region=15,ttf=26013(07:13:33),ui_ttf=16428(04:33:48)
07-28 18:25:08.176  6523  6596 E oiface  : sched_setaffinity failed
07-28 18:25:08.179  2008  2008 D vendor.oplus.hardware.charger-V7-service: getChargerControl:
07-28 18:25:08.192  1989  1989 E PerformanceService: storage_feature: open /sys/devices/platform/soc/112b0000.ufshci//virtualtlcbuff fail
07-28 18:25:08.194  3437  5889 W BestClock: java.time.DateTimeException: Missing network time fix
07-28 18:25:08.194  3437  5889 W BestClock: java.time.DateTimeException: Missing network time fix
07-28 18:25:08.194  3437  5889 W BestClock: java.time.DateTimeException: Missing network time fix
07-28 18:25:08.295  2008  2055 D BatteryChargeControl: bcc get no support from charging protocol
07-28 18:25:08.326  1987  1987 D SensorFeature: name=ssc_screenshot_info ,index = 22
07-28 18:25:08.327  1987  1987 D SensorFeature: write 29 bytes:47076114200,53813525447,142,0
07-28 18:25:08.332  1906  4440 I Dpps    : LtmSwState::SetParameter():144 ignore cmd 7 in state LtmOffState
07-28 18:25:08.419  4914  6204 E OplusNetworkStackManager: initService mNetworkStackService is null, try again in 10s
07-28 18:25:08.576  1840  4450 I sensors-hal: handle_oplus_wise_rgb_event:189, high_pwm_light:lux 168.2,cct 3520.1,brl/algo/ir 1324.0/2.0/24.2,pwm/dc 0.0/0.0,rgbc 13316.393555/8878.542969/3776.139648/24752.306641,ts 53827258276,cnt 770,flag 142
07-28 18:25:08.576  3437  4377 D FusionLightNextGen: process end reported = 1, mode: 0, lux 313.4, cct -1.0, r/g/b/c: 13335.7/8876.2/3778.1/24834.1, R/G/B: 106.0/100.0/99.0, bri 1324.0, match 1.00, ir 0.024778, conf 0.0, ts 53835520256
07-28 18:25:08.577  1906  4440 I Dpps    : LtmSwState::SetParameter():144 ignore cmd 7 in state LtmOffState
07-28 18:25:08.631  1987  1987 D SensorFeature: name=ssc_screenshot_info ,index = 22
07-28 18:25:08.631  1987  1987 D SensorFeature: write 29 bytes:47076114200,54117642895,143,0
07-28 18:25:08.843  1906  4440 I Dpps    : LtmSwState::SetParameter():144 ignore cmd 7 in state LtmOffState
07-28 18:25:08.934  1987  1987 D SensorFeature: name=ssc_screenshot_info ,index = 22
07-28 18:25:08.934  1987  1987 D SensorFeature: write 29 bytes:47076114200,54421210708,144,0
07-28 18:25:09.084  2008  7532 D charge_time: type=sdp,reserve_soc=2,soc=58,ui_soc=61,current=181,avg=161,not_chg_cnt=0,stable_cnt=7,fcc=5724,fcc_ratio=94,delta=38,debug=0,region=15,ttf=24395(06:46:35),ui_ttf=16427(04:33:47)
07-28 18:25:09.110  1840  4450 I sensors-hal: handle_oplus_wise_rgb_event:189, high_pwm_light:lux 167.5,cct 3524.4,brl/algo/ir 1324.0/2.0/25.5,pwm/dc 0.0/0.0,rgbc 13347.785156/8862.161133/3778.107666/24808.562500,ts 54391711766,cnt 780,flag 144
07-28 18:25:09.112  1906  4440 I Dpps    : LtmSwState::SetParameter():144 ignore cmd 7 in state LtmOffState
07-28 18:25:09.237  1987  1987 D SensorFeature: name=ssc_screenshot_info ,index = 22
07-28 18:25:09.237  1987  1987 D SensorFeature: write 29 bytes:47076114200,54724300759,145,0
07-28 18:25:09.296  2008  2055 D BatteryChargeControl: bcc get no support from charging protocol
07-28 18:25:09.377  1906  4440 I Dpps    : LtmSwState::SetParameter():144 ignore cmd 7 in state LtmOffState
07-28 18:25:09.452  3437  4994 I OplusHansManager : uid=10157, pkg=com.baidu.input_oppo cannot transition from R to M, importance=input
07-28 18:25:09.541  1987  1987 D SensorFeature: name=ssc_screenshot_info ,index = 22
07-28 18:25:09.541  1987  1987 D SensorFeature: write 29 bytes:47076114200,55027354874,146,0
07-28 18:25:09.642  1840  4450 I sensors-hal: handle_oplus_wise_rgb_event:189, high_pwm_light:lux 167.6,cct 3513.9,brl/algo/ir 1324.0/2.0/25.0,pwm/dc 0.0/0.0,rgbc 13364.686523/8871.522461/3782.043213/24808.562500,ts 54997446766,cnt 790,flag 146
07-28 18:25:09.644  1906  4440 I Dpps    : LtmSwState::SetParameter():144 ignore cmd 7 in state LtmOffState
07-28 18:25:09.847  1987  1987 D SensorFeature: name=ssc_screenshot_info ,index = 22
07-28 18:25:09.848  1987  1987 D SensorFeature: write 29 bytes:47076114200,55334476593,147,0
07-28 18:25:09.905  1906  4440 I Dpps    : LtmSwState::SetParameter():144 ignore cmd 7 in state LtmOffState
07-28 18:25:10.015  6427  7461 E OplusNetworkStackManager: initService mNetworkStackService is null, try again in 10s
07-28 18:25:10.089  2008  7532 D charge_time: write 16426s(04:33:46) to ttf, rc=7
07-28 18:25:10.089  2008  7532 D charge_time: type=sdp,reserve_soc=2,soc=58,ui_soc=61,current=181,avg=171,not_chg_cnt=0,stable_cnt=7,fcc=5724,fcc_ratio=94,delta=39,debug=0,region=15,ttf=22965(06:22:45),ui_ttf=16426(04:33:46)
07-28 18:25:10.150  1987  1987 D SensorFeature: name=ssc_screenshot_info ,index = 22
07-28 18:25:10.150  1987  1987 D SensorFeature: write 29 bytes:47076114200,55638712478,148,0
07-28 18:25:10.176  1840  4450 I sensors-hal: handle_oplus_wise_rgb_event:189, high_pwm_light:lux 168.1,cct 3521.8,brl/algo/ir 1324.0/2.0/24.6,pwm/dc 0.0/0.0,rgbc 13345.370117/8864.501953/3774.172119/24754.865234,ts 55611279214,cnt 800,flag 148
07-28 18:25:10.178  1906  4440 I Dpps    : LtmSwState::SetParameter():144 ignore cmd 7 in state LtmOffState
07-28 18:25:10.296  2008  2055 D BatteryChargeControl: bcc get no support from charging protocol
07-28 18:25:10.453  1987  1987 D SensorFeature: name=ssc_screenshot_info ,index = 22
07-28 18:25:10.454  1987  1987 D SensorFeature: write 29 bytes:47076114200,55940528519,149,0
07-28 18:25:10.458  1906  4440 I Dpps    : LtmSwState::SetParameter():144 ignore cmd 7 in state LtmOffState
07-28 18:25:10.702  1840  4450 I sensors-hal: handle_oplus_wise_rgb_event:189, high_pwm_light:lux 168.4,cct 3520.3,brl/algo/ir 1324.0/2.0/23.7,pwm/dc 0.0/0.0,rgbc 13367.101562/8866.841797/3768.268799/24831.576172,ts 55952722599,cnt 810,flag 149
07-28 18:25:10.703  1906  4440 I Dpps    : LtmSwState::SetParameter():144 ignore cmd 7 in state LtmOffState
07-28 18:25:10.757  1987  1987 D SensorFeature: name=ssc_screenshot_info ,index = 22
07-28 18:25:10.757  1987  1987 D SensorFeature: write 29 bytes:47076114200,56243826592,150,0
07-28 18:25:10.757  1840  1921 I sensors-hal: get_display_brightness:818, light_iface: set screenshot_info [47076114200,56243826592,150,0]
07-28 18:25:10.968  1906  4440 I Dpps    : LtmSwState::SetParameter():144 ignore cmd 7 in state LtmOffState
07-28 18:25:11.060  1987  1987 D SensorFeature: name=ssc_screenshot_info ,index = 22
07-28 18:25:11.060  1987  1987 D SensorFeature: write 29 bytes:47076114200,56546915238,151,0
07-28 18:25:11.064  3437  3672 D OomAdjuster: Not killing cached processes
07-28 18:25:11.090  2008  7532 D charge_time: type=sdp,reserve_soc=2,soc=58,ui_soc=61,current=181,avg=181,not_chg_cnt=0,stable_cnt=7,fcc=5724,fcc_ratio=94,delta=40,debug=0,region=15,ttf=21694(06:01:34),ui_ttf=16425(04:33:45)
07-28 18:25:11.233  1840  4450 I sensors-hal: handle_oplus_wise_rgb_event:189, high_pwm_light:lux 167.8,cct 3519.7,brl/algo/ir 1324.0/2.0/25.2,pwm/dc 0.0/0.0,rgbc 13338.125000/8864.501953/3787.946289/24772.763672,ts 56517148849,cnt 820,flag 151
07-28 18:25:11.234  3437  4377 D FusionLightNextGen: process end reported = 1, mode: 0, lux 312.5, cct -1.0, r/g/b/c: 13357.4/8883.2/3778.1/24834.1, R/G/B: 106.0/100.0/99.0, bri 1324.0, match 1.00, ir 0.025430, conf 0.0, ts 56525410881
07-28 18:25:11.235  1906  4440 I Dpps    : LtmSwState::SetParameter():144 ignore cmd 7 in state LtmOffState
07-28 18:25:11.298  2008  2055 D BatteryChargeControl: bcc get no support from charging protocol
07-28 18:25:11.341  1797  1801 E Diag-Router: diag: glinkpkt_open: failed to create control node for slate_adsp
07-28 18:25:11.341  1797  1801 E Diag-Router: diag: diag_glinkpkt_open_thread: Glinkpkt_open failed for perif: 13 with err: -1, retry_cnt: 9
07-28 18:25:11.341  1797  1800 E Diag-Router: diag: glinkpkt_open: failed to create control node for slate_apps
07-28 18:25:11.341  1797  1800 E Diag-Router: diag: diag_glinkpkt_open_thread: Glinkpkt_open failed for perif: 12 with err: -1, retry_cnt: 9
07-28 18:25:11.347  1821  1821 D healthd : system healthd: battery l=61 v=3957 t=33.5 h=2 st=2 c=-195 fc=5920000 cc=18 chg=u
07-28 18:25:11.362  1987  1987 D SensorFeature: name=ssc_screenshot_info ,index = 22
07-28 18:25:11.362  1987  1987 D SensorFeature: write 29 bytes:47076114200,56850260134,152,0
07-28 18:25:11.384  2008  2008 D vendor.oplus.hardware.charger-V7-service: get_ui_charge_icon_type 0 0 0 0 0
07-28 18:25:11.385  2008  2008 D vendor.oplus.hardware.charger-V7-service: oplus_chg_get_cpa_power 2500 charge_online 1 retention_topic 0
07-28 18:25:11.385  2008  2008 D vendor.oplus.hardware.charger-V7-service: oplus_chg_get_cpa_power 2500 charge_online 1 retention_topic 0
07-28 18:25:11.385  2008  2008 D vendor.oplus.hardware.charger-V7-service: getIsSingleHyperSupport=2, cpa_power=2
07-28 18:25:11.390  3437  3437 D OplusWifiBroadCastDispatcher: mBroadcastReceiver: onReceiver  action=android.intent.action.BATTERY_CHANGED
07-28 18:25:11.390  4851  4851 I SystemUi--Statusbar: BatteryControllerExt-->updateBatteryChangeIntent():broadcast=android.intent.action.BATTERY_CHANGED,level=61,scale=100
07-28 18:25:11.390  4851  4851 I SystemUi--Statusbar: BatteryRepository-->level: 61 -- isSavingMode: false
07-28 18:25:11.390  3437  3783 D OplusDisplayBrightnessBroadcastReceiver: onReceive action = android.intent.action.BATTERY_CHANGED , listeners = [com.android.server.display.OplusFeatureLowVoltageLimitBrightness$InstallVoltageBroadcastReceiver@adf9edc, com.android.server.display.OplusFeatureHDREnhanceBrightness$PhoneInfoReceiver@dc5dbe5, com.android.server.display.OplusFeatureEdrEnhanceBrightness$PhoneInfoReceiver@e5c96ba]
07-28 18:25:11.390  3437  3783 I OplusFeatureLowVoltageLimitBrightness[P]: handleMessage MSG_BATTER_TEMPERATURE_CHAGNE changed = false temperature = 335 , battery = 61
07-28 18:25:11.390  3437  5474 D OplusCustomizeRestrictionManagerService: isSuperPowerSavingModeDisabled Pid: 4851, Uid: 10218
07-28 18:25:11.391  5209  5209 D SubsysBroadcastManager: onReceive action:android.intent.action.BATTERY_CHANGED
07-28 18:25:11.391  5209  5209 D RFPowerBoostManager: current battery level is 61
07-28 18:25:11.391  3437  5567 D OplusCustomizeRestrictionManagerService: isSuperPowerSavingModeDisabled Pid: 4851, Uid: 10218
07-28 18:25:11.391  4971  4971 D DeviceStatisticsService: onReceive: action= android.intent.action.BATTERY_CHANGED
07-28 18:25:11.391  3437  5567 D OplusCustomizeRestrictionManagerService: isSuperPowerSavingModeDisabled Pid: 4851, Uid: 10218
07-28 18:25:11.392  2008  2008 D vendor.oplus.hardware.charger-V7-service: getChargerControl:
07-28 18:25:11.392  3437  5567 D OplusCustomizeRestrictionManagerService: isSuperPowerSavingModeDisabled Pid: 4851, Uid: 10218
07-28 18:25:11.392  6513  9848 E Battery : ChargeProtectionUtils: mCanlendarTmp.isEmpty()!
07-28 18:25:11.393  4851  5064 I SystemUi--SystemUi--: OtgHelper-->OtgCurrentState = 1, mOtgLastState = 1
07-28 18:25:11.393  3437  3437 D EnvelopeDetectorController: isEnvelopeAssistantEnabled isCancelNotification: true currentUserId: 0 userId: 0
07-28 18:25:11.393  3437  3437 D EnvelopeDetectorController: isEnvelopeAssistantEnabled isCancelNotification: true currentUserId: 0 userId: 0
07-28 18:25:11.499  1906  4440 I Dpps    : LtmSwState::SetParameter():144 ignore cmd 7 in state LtmOffState
07-28 18:25:11.550  2008  2044 D vendor.oplus.hardware.charger-V7-service: ret_value:111, read content:,335,358,3957,3955,-195,58,61,1,1,0,494,4641,59,1,4475,300,500,0,7,-22,7,0,1,0,2,0,0,0,1,6098,99,0,0,0,0,0,0,0
07-28 18:25:11.550  2008  2044 D vendor.oplus.hardware.charger-V7-service: gmtime: 2025-07-28-18-25-11
07-28 18:25:11.551  2008  2044 D vendor.oplus.hardware.charger-V7-service: usb_online:1, ac_online:-2147483648, wireless_online:0
07-28 18:25:11.551  2008  2024 D vendor.oplus.hardware.charger-V7-service: s_chg_user_mode: 3
07-28 18:25:11.551  2008  2024 D vendor.oplus.hardware.charger-V7-service: scale_chg Start!!!
07-28 18:25:11.551  2008  2024 D vendor.oplus.hardware.charger-V7-service: [0, 0, 3]
07-28 18:25:11.551  2008  2024 D vendor.oplus.hardware.charger-V7-service: [0, 2, 9]
07-28 18:25:11.551  2008  2024 D vendor.oplus.hardware.charger-V7-service: [0, 1, 3]
07-28 18:25:11.551  2008  2024 D vendor.oplus.hardware.charger-V7-service: [0, 3, 3]
07-28 18:25:11.551  2008  2024 D vendor.oplus.hardware.charger-V7-service: [0, 4, 3]
07-28 18:25:11.552  2008  2024 D vendor.oplus.hardware.charger-V7-service: [0, 5, 5]
07-28 18:25:11.552  2008  2024 D vendor.oplus.hardware.charger-V7-service: [0, 6, 9]
07-28 18:25:11.552  2008  2024 D vendor.oplus.hardware.charger-V7-service: scale_chg Start!!!
07-28 18:25:11.552  2008  2024 D vendor.oplus.hardware.charger-V7-service: [0, 0, 3]
07-28 18:25:11.552  2008  2024 D vendor.oplus.hardware.charger-V7-service: [0, 2, 10]
07-28 18:25:11.552  2008  2024 D vendor.oplus.hardware.charger-V7-service: [0, 1, 3]
07-28 18:25:11.552  2008  2024 D vendor.oplus.hardware.charger-V7-service: [0, 3, 3]
07-28 18:25:11.552  2008  2024 D vendor.oplus.hardware.charger-V7-service: [0, 4, 3]
07-28 18:25:11.552  2008  2024 D vendor.oplus.hardware.charger-V7-service: [0, 5, 3]
07-28 18:25:11.553  2008  2024 D vendor.oplus.hardware.charger-V7-service: [0, 6, 10]
07-28 18:25:11.668  1987  1987 D SensorFeature: name=ssc_screenshot_info ,index = 22
07-28 18:25:11.668  1987  1987 D SensorFeature: write 29 bytes:47076114200,57154850706,153,0
07-28 18:25:11.765  1840  4450 I sensors-hal: handle_oplus_wise_rgb_event:189, high_pwm_light:lux 168.5,cct 3528.9,brl/algo/ir 1324.0/2.0/23.7,pwm/dc 0.0/0.0,rgbc 13396.076172/8887.903320/3787.946289/24795.777344,ts 57122787599,cnt 830,flag 153
07-28 18:25:11.765  1906  4440 I Dpps    : LtmSwState::SetParameter():144 ignore cmd 7 in state LtmOffState
07-28 18:25:11.960  3437  5567 I InputDispatcher: injectInputEvent: targetUid=<not set>, syncMode=WAIT_FOR_FINISHED, timeout=30000ms, policyFlags=0x8000000, event=MotionEvent { action=DOWN, id[0]=0, x[0]=900, y[0]=30, eventTime=57449000000, downTime=57449000000, deviceId=4, source=TOUCHSCREEN, displayId=0, eventId=0xe67d9035}
07-28 18:25:11.961  2146  3320 D VRR [OTI]: handleIdle from 1 to 0
07-28 18:25:11.961  2146  3320 D VRR [OTI-HW]: isStateReady 0
07-28 18:25:11.961  2146  3320 D VRR [OTI-HW]: restore sys rate.
07-28 18:25:11.961  2146  3320 D VRR [RefreshRateDirector]: requestRefreshRateByOti update [ oti-hw, {fps=120, modePtr={id=4, vsyncRate=120.00 Hz, peakRefreshRate=120.00 Hz}} ]
07-28 18:25:11.961  2146  3320 D VRR [RefreshRateDirector]: selectBestFrameRate DirectorMapOti [oti-hw, {fps=120, modePtr={id=4, vsyncRate=120.00 Hz, peakRefreshRate=120.00 Hz}}]
07-28 18:25:11.961  2146  3320 D VRR [RefreshRateDirector]: updateBestFrameRate [oti-hw, {fps=120, modePtr={id=4, vsyncRate=120.00 Hz, peakRefreshRate=120.00 Hz}}]
07-28 18:25:11.961  2146  3320 D SurfaceFlinger: VRR [SurfaceFlinger] setDesiredActiveMode: displayId: 4630946756802996883, renderRate: 120, vsyncRate: 120, event: 1
07-28 18:25:11.961  2146  3320 D DisplayModeController: setDesiredMode 4630946756802996883 {mode={fps=120.00 Hz, modePtr={id=4, vsyncRate=120.00 Hz, peakRefreshRate=120.00 Hz}}, emitEvent=true, force=false}
07-28 18:25:11.961  3437  4806 I [UAH_CLIENT]: UahEventAcquire, cmdid:37, pkg:none, identity:OplusUAwareInputHelper
07-28 18:25:11.962  3437  4639 D OMP_Detector: D:done mCurrStatus: 0
07-28 18:25:11.962  3437  3782 D PowerManagerService: userActivityNoUpdateLocked: groupId=0, eventTime=57449, event=touch, flags=0x0, uid=1000
07-28 18:25:11.962  3437  4806 D UAH-UahAdaptHelper: adaptSetNotification identity = OplusUAwareInputHelpersrc = 1000 , type 0 ,p1 = -1 ,p2 = -1 ,p3 = -1 ,p4 =
07-28 18:25:11.962  3437  4806 I [UAH_CLIENT]: uahRuleCtl, ruleId:1000, status:0
07-28 18:25:11.963  4851  4851 V AutofillManager: requestHideFillUi(null): anchor = null
07-28 18:25:11.963  4851  4851 V Application: getAutofillClient(): null on super, trying to find activity thread
07-28 18:25:11.963  4851  4851 V Application: getAutofillClient(): none of the 0 activities on com.android.systemui.SystemUIApplication@618a5e2 are top resumed nor have focus
07-28 18:25:11.963  4851  4851 V AutofillManager: No AutofillClient for com.android.systemui on context com.android.systemui.SystemUIApplication@618a5e2
07-28 18:25:11.964  4851  4851 I PluginSeedling--Capsule: CapsuleTouchEventHandler-->onInterceptTouchEvent interceptEvent: false
07-28 18:25:11.966  3437  3670 W UserAwareMgr: can not find match thread: GaussianBlur for process com.android.systemui
07-28 18:25:11.967  4851  4851 I SystemUi--Common: ScrollTranslationValue-->resetPanelTranslationY
07-28 18:25:11.967  4851  4851 I SystemUi--QuickSettings: OplusPanelViewPagerController-->initExpanded downExpanded=NONE downOnRight=true targetPage=NOTIFICATION downOnYHotArea=true  isKeyguardShowing=false isOnKeyguard=false fractionListeners.size=0 currentQsFraction=0.0 currentNotifyFraction=0.0 hasCalledDownEvent=true getScrollXHotZone=([Rect(0, 0 - 1080, 2376)], [Rect(-1, -1 - -1, -1), Rect(157, 1999 - 283, 2125), Rect(823, 1999 - 949, 2125)]) getScrollYHotZone=Rect(0, 0 - 1080, 66) notifyExpandedFraction=0.0 isLastUpToExpand=false qsPanelView.translationX=0.0
07-28 18:25:11.967  4851  5909 I UAH-UahAdaptHelper: getAidlService uah urcc service =  vendor.oplus.hardware.urcc.IUrcc$Stub$Proxy@74fefcf
07-28 18:25:11.967  4851  4851 I SystemUi--QuickSettings: OplusPanelViewPagerController-->shouldOpenQS  set targetPage=QS
07-28 18:25:11.968  4851  4851 I SystemUi--Common: ScrollTranslationValue-->resetPanelTranslationY
07-28 18:25:11.968  4851  4851 I SystemUi--QuickSettings: OplusPanelViewPagerController-->initExpanded downExpanded=NONE downOnRight=true targetPage=QS downOnYHotArea=true  isKeyguardShowing=false isOnKeyguard=false fractionListeners.size=0 currentQsFraction=0.0 currentNotifyFraction=0.0 hasCalledDownEvent=true getScrollXHotZone=([Rect(0, 0 - 1080, 2376)], [Rect(-1, -1 - -1, -1), Rect(157, 1999 - 283, 2125), Rect(823, 1999 - 949, 2125)]) getScrollYHotZone=Rect(0, 0 - 1080, 66) notifyExpandedFraction=0.0 isLastUpToExpand=false qsPanelView.translationX=0.0
07-28 18:25:11.968  4851  4851 I SystemUi--QuickSettings: OplusPanelViewPagerController-->shouldOpenQS  set targetPage=QS
07-28 18:25:11.968  4851  4851 I SystemUi--QuickSettings: OplusQSPageViewController-->reset(), pageList size:2 itemCount:2 oldIndex:0 curIndex:0
07-28 18:25:11.968  4851  4851 I SystemUi--QuickSettings: OplusQSRootViewController-->startExpandMotion event: 0, startTracking: false isClosing: false panelClosedOnDown: true
07-28 18:25:11.968  4851  4851 I SystemUi--QuickSettings: OplusQSRootViewController-->initialOffsetOnTouch: 0.0, panelClosedOnDown: true
07-28 18:25:11.968  4851  4851 I SystemUi--QuickSettings: OplusQSRootView-->disallowChildIntercept:false
07-28 18:25:11.968  4851  4851 I SystemUi--QuickSettings: OplusQSRootViewController-->startExpandMotion event: 0, startTracking: false isClosing: false panelClosedOnDown: true
07-28 18:25:11.968  4851  4851 I SystemUi--QuickSettings: OplusQSRootViewController-->initialOffsetOnTouch: 0.0, panelClosedOnDown: true
07-28 18:25:11.968  4851  4851 I SystemUi--QuickSettings: OplusQSRootViewController-->onTouchEvent() ACTION_DOWN, canSlideHToQSOnStatusBar:true, gestureWaitForTouchSlop:true, panelClosedOnDown:true, panelClosingOnDown:false, pointerIndex:0
07-28 18:25:11.968  3437  5567 I InputDispatcher: injectInputEvent: targetUid=<not set>, syncMode=WAIT_FOR_FINISHED, timeout=30000ms, policyFlags=0x8000000, event=MotionEvent { action=MOVE, id[0]=0, x[0]=900, y[0]=82.5332, eventTime=57457000000, downTime=57449000000, deviceId=4, source=TOUCHSCREEN, displayId=0, eventId=0xff99c96c}
07-28 18:25:11.969  4851  5909 D nativeloader: Load libUahPerf_Jni.so using system ns (caller=/system/framework/oplus-framework.jar): ok
07-28 18:25:11.969  3437  4806 I [UAH_CLIENT]: UahEventAcquire, cmdid:68, pkg:none, identity:OplusUAwareInputHelper
07-28 18:25:11.969  4851  5909 E UAH_JNI :  JNI_OnLoad  enter
07-28 18:25:11.969  4851  5909 E [UAH_CLIENT]: uahInit enter
07-28 18:25:11.969  4851  5909 W ndroid.systemui: AIBinder_linkToDeath is being called with a non-null cookie and no onUnlink callback set. This might not be intended. AIBinder_DeathRecipient_setOnUnlinked should be called first.
07-28 18:25:11.969  2078  2078 I UrccFramework-halservice: Urcc::init is called 
07-28 18:25:11.969  4851  5909 E UAH_JNI :  JNI_OnLoad  end
07-28 18:25:11.969  4851  5909 I [UAH_CLIENT]: UahEventAcquire, cmdid:97, pkg:none, identity:OsenseHelperImpl
07-28 18:25:11.972  1987  1987 D SensorFeature: name=ssc_screenshot_info ,index = 22
07-28 18:25:11.972  1987  1987 D SensorFeature: write 29 bytes:47076114200,57461056852,154,0
07-28 18:25:11.973  2146  2146 I DisplayModeController: hwc begin mode change to 8333333
07-28 18:25:11.973  2146  2146 I HWC2    : [0] setActiveConfigWithConstraints[4]
07-28 18:25:11.974  1906  3283 W SDM     : HWDeviceDRM::GetSupportedBitClkRate: Requested rate not supported: 1363200000
07-28 18:25:11.974  1906  3283 I SDM     : HWDeviceDRM::UpdateMixerAttributes: Mixer WxH 1440x3168-1 for Peripheral
07-28 18:25:11.974  1906  3283 I CwbService: CwbService::notifyConfigChange: display:0, config:4 size:4, sec.size():0
07-28 18:25:11.974  1906  3283 I CwbService: CwbService::notifyConfigChange: display: 0, config = 0
07-28 18:25:11.974  1906  3228 I CasManager: Fps changed from 60 to 120
07-28 18:25:11.974  1906  3228 I CasManager: Fps changed, not change bin, so trigger gain
07-28 18:25:11.974  1906  3228 W SDM     : DemuraIntfImpl::ProcessOemPluginGain: Thermal intf_ is nullptr 0, default to 25 degree
07-28 18:25:11.974  1906  3228 I SDM     : CasQcPlugIn::ProcessPerCompGainOppo: input params, mode:PWM, fps:120, dbv:1324
07-28 18:25:11.974  1906  3228 I SDM     : CasQcPlugIn::ProcessPerCompGainOppo: normalized bright_adj:1024, dbv:1324, bin_dbv:1083, 
07-28 18:25:11.974  1906  3228 I SDM     : CasQcPlugIn::ProcessPerCompGainOppo: gains print start =====================
07-28 18:25:11.974  1906  3228 I SDM     : CasQcPlugIn::ProcessPerCompGainOppo: gain --------------------------------
07-28 18:25:11.974  1906  3228 I SDM     : CasQcPlugIn::ProcessPerCompGainOppo: old: 0 0 0 57 90 322 1201 3072
07-28 18:25:11.974  1906  3228 I SDM     : CasQcPlugIn::ProcessPerCompGainOppo: new: 0 0 0 56 72 259 966 3072
07-28 18:25:11.974  1906  3228 I SDM     : CasQcPlugIn::ProcessPerCompGainOppo: gain --------------------------------
07-28 18:25:11.974  1906  3228 I SDM     : CasQcPlugIn::ProcessPerCompGainOppo: old: 0 0 0 64 125 373 1336 3072
07-28 18:25:11.974  1906  3228 I SDM     : CasQcPlugIn::ProcessPerCompGainOppo: new: 0 0 0 63 88 373 1336 3072
07-28 18:25:11.974  1906  3228 I SDM     : CasQcPlugIn::ProcessPerCompGainOppo: gain --------------------------------
07-28 18:25:11.974  1906  3228 I SDM     : CasQcPlugIn::ProcessPerCompGainOppo: old: 0 0 0 42 83 323 1222 3072
07-28 18:25:11.974  1906  3228 I SDM     : CasQcPlugIn::ProcessPerCompGainOppo: new: 0 0 0 41 83 323 1222 3072
07-28 18:25:11.974  1906  3228 I SDM     : CasQcPlugIn::ProcessPerCompGainOppo: gains print end =======================
07-28 18:25:11.977  4851  4851 I SystemUi--QuickSettings: OplusQSRootViewController-->startExpandMotion event: 2, startTracking: true isClosing: false panelClosedOnDown: true
07-28 18:25:11.977  4851  4851 I SystemUi--QuickSettings: OplusQSRootViewController-->endClosing()
07-28 18:25:11.977  4851  4851 I SystemUi--QuickSettings: QSPanelExpandFraction-->updateFraction, stiffness=500.0, finalPosition=0.24286458
07-28 18:25:11.977  3437  5567 I InputDispatcher: injectInputEvent: targetUid=<not set>, syncMode=WAIT_FOR_FINISHED, timeout=30000ms, policyFlags=0x8000000, event=MotionEvent { action=MOVE, id[0]=0, x[0]=900, y[0]=141.634, eventTime=57466000000, downTime=57449000000, deviceId=4, source=TOUCHSCREEN, displayId=0, eventId=0xedb7959a}
07-28 18:25:11.978  3437  4415 D SystemGestures: detectSwipe: 1
07-28 18:25:11.979  1906  3228 I SDM     : DemuraIntfImpl::StageAllData: Staged all data to Demura Driver!
07-28 18:25:11.979  1906  3228 I SDM     : HWPeripheralDRM::SetPanelFeature: Set Panel feature property 19
07-28 18:25:11.979  1906  3228 I SDM     : HWPeripheralDRM::SetPanelFeature: Set Panel feature property 7
07-28 18:25:11.979  1906  3228 I SDM     : DisplayBuiltIn::TriggerDemuraOemPlugIn: Trigger demura oem plugin success
07-28 18:25:11.980  1906  2171 I SDM     : DRMPanelFeatureMgr::ApplyDirtyFeature: Commited panel feature [enabled]: 20-272
07-28 18:25:11.980  1906  2171 I SDM     : DRMPanelFeatureMgr::ApplyDirtyFeature: Commited panel feature [enabled]: 8-271
07-28 18:25:11.993  4851  4851 I SystemUi--QuickSettings: OplusQSRootViewController-->setQsVisible: true rawFraction:0.015526544
