07-28 18:25:13.498  4990  5922 D OplusCiwlanController: [vodata] processOosChanged  phoneid = 1,cur regstate = 1,old regstate = -1
07-28 18:25:13.498  3437  3437 D OplusWifiBroadCastDispatcher: mBroadcastReceiver: onReceiver  action=oplus.intent.action.MCC_CHANGE
07-28 18:25:13.498  4678  4818 D CNGmsControlService: receive:oplus.intent.action.MCC_CHANGE
07-28 18:25:13.498  4990  5924 D OplusDdsSwitchStrategy: Md,OplusCheckFeature,RETURN_TO_CUR_ACTION_DDS
07-28 18:25:13.499  7269  7269 I 7269PAS.MccChangeReceiver_Travel: onReceive
07-28 18:25:13.500  4678  4818 D CNGmsControlService: mcc1=001 mcc2=null GmsState=2 TagWhitelistApp=true UserDisableCount=0 SettingsGmsState=1
07-28 18:25:13.501  7269  8027 D NetWorkMonitor: addNetStateListener :true
07-28 18:25:13.502  3437  5669 D ConnectivityService: requestNetwork for uid/pid:10137/7269 activeRequest: null callbackRequest: 281 [NetworkRequest [ REQUEST id=282, [ Capabilities: INTERNET&NOT_RESTRICTED&TRUSTED&NOT_VCN_MANAGED&NOT_BANDWIDTH_CONSTRAINED Uid: 10137 RequestorUid: 10137 RequestorPkg: com.coloros.sceneservice UnderlyingNetworks: Null] ]] callback flags: 0 order: 2147483647 isUidTracked: false
07-28 18:25:13.502  7269  8027 D NetWorkMonitor: resume registerNetworkCallback
07-28 18:25:13.502  4851  5140 I SystemUi--QuickSettings: Tile.OplusCellularTile-->updateCarrierText: dialog not showing, ignore
07-28 18:25:13.502  4851  5140 D SimStateHelper: slot:0, lock state:Bundle[mParcelledData.dataSize=56]
07-28 18:25:13.502  4851  5140 D SimStateHelper: slot:1, lock state:Bundle[mParcelledData.dataSize=56]
07-28 18:25:13.503  4851  5140 D SimStateHelper: needDisableMenu: slot1State=-1; slot2State=-1
07-28 18:25:13.503  4851  5140 D SimStateHelper: needDisableMenu:false
07-28 18:25:13.503  3437  4499 D WifiNetworkFactory: got request NetworkRequest [ REQUEST id=282, [ Capabilities: INTERNET&NOT_RESTRICTED&TRUSTED&NOT_VCN_MANAGED&NOT_BANDWIDTH_CONSTRAINED Uid: 10137 RequestorUid: 10137 RequestorPkg: com.coloros.sceneservice UnderlyingNetworks: Null] ]
07-28 18:25:13.503  3437  4499 D UntrustedWifiNetworkFactory: got request NetworkRequest [ REQUEST id=282, [ Capabilities: INTERNET&NOT_RESTRICTED&TRUSTED&NOT_VCN_MANAGED&NOT_BANDWIDTH_CONSTRAINED Uid: 10137 RequestorUid: 10137 RequestorPkg: com.coloros.sceneservice UnderlyingNetworks: Null] ]
07-28 18:25:13.503  3437  4499 D OemPaidWifiNetworkFactory: got request NetworkRequest [ REQUEST id=282, [ Capabilities: INTERNET&NOT_RESTRICTED&TRUSTED&NOT_VCN_MANAGED&NOT_BANDWIDTH_CONSTRAINED Uid: 10137 RequestorUid: 10137 RequestorPkg: com.coloros.sceneservice UnderlyingNetworks: Null] ]
07-28 18:25:13.503  4914  6251 D OplusNetworkFactory: got request NetworkRequest [ REQUEST id=282, [ Capabilities: INTERNET&NOT_RESTRICTED&TRUSTED&NOT_VCN_MANAGED&NOT_BANDWIDTH_CONSTRAINED Uid: 10137 RequestorUid: 10137 RequestorPkg: com.coloros.sceneservice UnderlyingNetworks: Null] ]
07-28 18:25:13.503  3437  4499 D MultiInternetWifiNetworkFactory: got request NetworkRequest [ REQUEST id=282, [ Capabilities: INTERNET&NOT_RESTRICTED&TRUSTED&NOT_VCN_MANAGED&NOT_BANDWIDTH_CONSTRAINED Uid: 10137 RequestorUid: 10137 RequestorPkg: com.coloros.sceneservice UnderlyingNetworks: Null] ]
07-28 18:25:13.503  3437  4511 D ConnectivityService: NetReassign [no changes] [c 0] [a 0] [i 1]
07-28 18:25:13.504  4990  6800 W Binder  : Caught a RuntimeException from the binder stub implementation.
07-28 18:25:13.504  4990  6800 W Binder  : java.lang.NullPointerException: Attempt to invoke virtual method 'boolean android.net.Uri.equals(java.lang.Object)' on a null object reference
07-28 18:25:13.504  4990  6800 W Binder  : 	at xb.a$b.onChange(Unknown Source:16)
07-28 18:25:13.504  4990  6800 W Binder  : 	at android.database.ContentObserver.onChange(ContentObserver.java:184)
07-28 18:25:13.504  4990  6800 W Binder  : 	at android.database.ContentObserver.onChange(ContentObserver.java:202)
07-28 18:25:13.504  4990  6800 W Binder  : 	at android.database.ContentObserver.onChange(ContentObserver.java:224)
07-28 18:25:13.504  4990  6800 W Binder  : 	at android.database.ContentObserver.onChange(ContentObserver.java:236)
07-28 18:25:13.504  4990  6800 W Binder  : 	at android.database.ContentObserver.dispatchChange(ContentObserver.java:335)
07-28 18:25:13.504  4990  6800 W Binder  : 	at android.database.ContentObserver$Transport.onChangeEtc(ContentObserver.java:357)
07-28 18:25:13.504  4990  6800 W Binder  : 	at android.database.IContentObserver$Stub.onTransact(IContentObserver.java:120)
07-28 18:25:13.504  4990  6800 W Binder  : 	at android.os.Binder.execTransactInternal(Binder.java:1523)
07-28 18:25:13.504  4990  6800 W Binder  : 	at android.os.Binder.execTransact(Binder.java:1457)
07-28 18:25:13.506  3437  5669 W BestClock: java.time.DateTimeException: Missing network time fix
07-28 18:25:13.507  4914  4914 D ServiceStateProvider: subId=1
07-28 18:25:13.507  3437  5567 W BestClock: java.time.DateTimeException: Missing network time fix
07-28 18:25:13.508  5080  5080 I QImsService: OplusPhoneStateTracker : onServiceStateChanged
07-28 18:25:13.508  4851  5726 V OplusCustomizeCacheManager: queryCache name: sys.cache.common_customize_cache18014 param: null
07-28 18:25:13.508  4851  5726 V OplusCustomizeCacheManager: queryCache name: sys.cache.common_customize_cache18017 param: Bundle[{SETTING=BLOCK, BUSINESS=NCT-DATA}]
07-28 18:25:13.508  4851  5726 V OplusCustomizeCacheManager: queryCache name: sys.cache.common_customize_cache18013 param: null
07-28 18:25:13.508  5209  5209 D SubsysEventListenerManager-SubsysTelephonyCallback[0]: onServiceStateChanged
07-28 18:25:13.508  5209  5209 D ChinaRoamingControl: registTelephonyEvent onServiceStateChanged eventId:5, VoiceRegState:1, DataRegState:1
07-28 18:25:13.508  5209  5209 D QuickChangeAirplaneModeEvent: onServiceStateChanged slotId:0
07-28 18:25:13.508  5209  5209 D QuickChangeAirplaneModeEvent: isBothCardInService is false
07-28 18:25:13.508  5209  5209 D MsimSubModeManager: registTelephonyEvent onServiceStateChanged eventId:3, VoiceRegState:1, DataRegState:1
07-28 18:25:13.508  5209  5209 E ExtremeCommUtils: getSwitchRusSupportMcc invalid index 1
07-28 18:25:13.509  5209  5209 D ExtremeCommUtils: isSupporCheck rusContain:false,propContain(persist.sys.oplus.support_hyper_uplink_mcc):false
07-28 18:25:13.509  5209  6085 D cellularState[0]: handleMessage: E msg.what=4
07-28 18:25:13.509  5209  6085 D cellularState[0]: processMsg: DataCallingState
07-28 18:25:13.509  5209  6085 D cellularState[0]: processMsg: NetworkAttachedState
07-28 18:25:13.509  5209  6085 D cellularState[0]: processMsg: SimReadyState
07-28 18:25:13.509  5209  6085 D cellularState[0]: processMsg: DefaultState
07-28 18:25:13.509  5209  6085 E cellularState[0]:  - unhandledMessage: msg.what=4
07-28 18:25:13.509  5209  6085 D cellularState[0]: handleMessage: X
07-28 18:25:13.509  4990  5921 D OplusLinkBoostCommon: dds servicestate change
07-28 18:25:13.509  5209  5209 D ExtremeCommService: handleServiceStateChanged mcc is null
07-28 18:25:13.509  5209  5209 D ChinaRoamingControl: handleMessage what:5
07-28 18:25:13.509  5209  5209 D MsimSubModeManager: handleMessage what:3
07-28 18:25:13.509  5209  5209 D MsimSubModeManager: getMsimSimServiceIn() i:0,mServiceState:1
07-28 18:25:13.509  5209  5209 D MsimSubModeManager: getMsimSimServiceIn() i:1,mServiceState:1
07-28 18:25:13.509  4990  6112 D OplusSubWaySlowRecovery: getPreferSubId return 1
07-28 18:25:13.509  4990  6112 D SaDataFailRecovery/0: current is not in service,reset alarm
07-28 18:25:13.509  4990  6112 D OplusScanQrCodeRecoveryImpl: msg.what=3
07-28 18:25:13.509  3437  4775 W ContextImpl: Calling a method in the system process without a qualified user: android.app.ContextImpl.sendBroadcastMultiplePermissions:1311 android.content.Context.sendBroadcastMultiplePermissions:2524 com.android.server.TelephonyRegistry.broadcastServiceStateChanged:3740 com.android.server.TelephonyRegistry.notifyServiceStateForPhoneId:1787 com.android.internal.telephony.ITelephonyRegistry$Stub.onTransact:546 
07-28 18:25:13.510  5209  5209 D SubsysEventListenerManager-SubsysTelephonyCallback[0]: onCellLocationChanged
07-28 18:25:13.510  3437  4775 W ContextImpl: Calling a method in the system process without a qualified user: android.app.ContextImpl.sendBroadcastMultiplePermissions:1344 com.android.server.TelephonyRegistry.broadcastServiceStateChanged:3745 com.android.server.TelephonyRegistry.notifyServiceStateForPhoneId:1787 com.android.internal.telephony.ITelephonyRegistry$Stub.onTransact:546 android.os.Binder.execTransactInternal:1523 
07-28 18:25:13.510  4990  5903 D T-Recommend: onPreHandleMessage 1000
07-28 18:25:13.510  4990  5903 E CellularEvent: nri null ps
07-28 18:25:13.510  4990  5903 E CellularEvent: invalid nri
07-28 18:25:13.510  4990  5903 D T-Recommend: onPostHandleMessage 1000
07-28 18:25:13.510  5080  5080 I QImsService: OplusPhoneStateTracker : onServiceStateChanged
07-28 18:25:13.510  1699  1699 D Zygote  : Forked child process 13077
07-28 18:25:13.511  4990  5922 D NAS-CallIssueDetector: onServiceStateChanged
07-28 18:25:13.511  4990  5922 D OplusCiwlanController: [vodata] processServiceStateChanged  phoneid = 0, original roaming type = 0,roaming type = 0
07-28 18:25:13.511  4990  5922 D OplusCiwlanController: [vodata] processServiceStateChanged  phoneid = 1, original roaming type = 0,roaming type = 0
07-28 18:25:13.512  4914  4914 D MultiSimSettingController: notifySubscriptionInfoChanged
07-28 18:25:13.512  3437  4775 W ContextImpl: Calling a method in the system process without a qualified user: android.app.ContextImpl.sendBroadcastMultiplePermissions:1344 com.android.server.TelephonyRegistry.broadcastServiceStateChanged:3754 com.android.server.TelephonyRegistry.notifyServiceStateForPhoneId:1787 com.android.internal.telephony.ITelephonyRegistry$Stub.onTransact:546 android.os.Binder.execTransactInternal:1523 
07-28 18:25:13.512  3437  3437 I AS.AudioService: onSubscriptionsChanged()
07-28 18:25:13.512  3437  4497 V NetworkPolicy: onSubscriptionsChanged
07-28 18:25:13.513  5209  5209 D SubsysEventListenerManager-SubsysTelephonyCallback[0]: onDisplayInfoChanged
07-28 18:25:13.513  5209  5209 D SceneService: onDisplayInfoChanged slotId:0,telephonyDisplayInfo:TelephonyDisplayInfo {network=NR, overrideNetwork=NONE, isRoaming=false}
07-28 18:25:13.514  4851  5243 I SystemUi--Statusbar: MobileConnectionRepositoryImpl-->subId:1 isSoftSimCard:false slotId:0
07-28 18:25:13.514  4851  4851 I SystemUi--Statusbar: OplusMobileIconInteractorImpl-->oplusIMSModel slot:0: CapabilityTypeModel(isVolteSwitchOn=true, isWfcEnabledByUser=true, imsRegistered=false, voiceCapable=false, videoCapable=false, registerTech=-1, isCrossSimCallingEnabledByUser=false, hasHideVolteOperator=false), SimStateModel(simInserted=[true, false], simForbidden=[false, true], simStateIMSI=[true, false], simLoaded=[true, false]),oplusNetworkTypeNr:20,isVoNrEnabled:false
07-28 18:25:13.514  4851  5243 I SystemUi--Statusbar: MobileInputLog-->onSubscriptionsChanged
07-28 18:25:13.514  4851  5243 I SystemUi--Statusbar: MobileConnectionRepositoryImpl-->subId:1 isSoftSimCard:false slotId:0
07-28 18:25:13.514  5080  5080 E QImsService: ImsConfigImpl : onSubscriptionsChanged unable to process due to SubscriptionInfo is null
07-28 18:25:13.514  6516  6624 I midasd  : OplusObrainService::notifyEventInt eventId:38 iParam:20
07-28 18:25:13.514  5080  5080 I QImsService: OplusPhoneStateTracker : onSubscriptionsChanged Last subId: 1 Current subId 1
07-28 18:25:13.515  4990  5903 D CellularEvent: handleSubscriptionsChanged: slotId=0
07-28 18:25:13.515  4990  5903 D CellularEvent: onImsRegistrationStateChanged, slotId=0state:false
07-28 18:25:13.515  3437  4775 W ContextImpl: Calling a method in the system process without a qualified user: android.app.ContextImpl.sendBroadcastMultiplePermissions:1344 com.android.server.TelephonyRegistry.broadcastServiceStateChanged:3760 com.android.server.TelephonyRegistry.notifyServiceStateForPhoneId:1787 com.android.internal.telephony.ITelephonyRegistry$Stub.onTransact:546 android.os.Binder.execTransactInternal:1523 
07-28 18:25:13.515  6513  9469 E Battery : ControllerCenter: onReceiver: mSubscriptionManager is null || mIsNeedRestoreMobile = false
07-28 18:25:13.516  3437  3730 I ActivityManager: Start proc 13077:com.oplus.wirelesssettings:tzupdate/1000 for broadcast {com.oplus.wirelesssettings/com.oplus.tzupdate.timezone.MccChangeReceiver}
07-28 18:25:13.516  3437  4212 I MemoryOperationUtils: add 13077 to inactive
07-28 18:25:13.517  4851  4851 I SystemUi--Statusbar: OplusMobileIconInteractorImpl-->oplusIMSModel slot:0: CapabilityTypeModel(isVolteSwitchOn=true, isWfcEnabledByUser=true, imsRegistered=false, voiceCapable=false, videoCapable=false, registerTech=-1, isCrossSimCallingEnabledByUser=false, hasHideVolteOperator=false), SimStateModel(simInserted=[true, false], simForbidden=[false, true], simStateIMSI=[true, false], simLoaded=[true, false]),oplusNetworkTypeNr:20,isVoNrEnabled:false
07-28 18:25:13.517  5824  5824 D CellBroadcastReceiver: onReceive Intent { act=android.intent.action.SERVICE_STATE flg=0x1000010 cmp=com.android.cellbroadcastreceiver.module/com.android.cellbroadcastreceiver.CellBroadcastReceiver (has extras) }
07-28 18:25:13.517  4851  5916 I SystemUi--Statusbar: OplusMobileConnectionRepository1-->stopListenImsStatusChanged
07-28 18:25:13.517  5824  5824 D CellBroadcastReceiver: onServiceStateChanged, ss: 1
07-28 18:25:13.517  5824  5824 D CellBroadcastReceiver: networkOperator: 
07-28 18:25:13.517  3437  4772 W BestClock: java.time.DateTimeException: Missing network time fix
07-28 18:25:13.517  4851  5243 I SystemUi--Statusbar: MobileConnectionRepositoryImpl-->subId:1 isSoftSimCard:false slotId:0
07-28 18:25:13.517  4990  5657 D NAS-CellularEvent: handleSubscriptionsChanged: slotId=0
07-28 18:25:13.517  4990  5657 D NAS-CellularEvent: onImsRegistrationStateChanged, slotId=0state:false
07-28 18:25:13.517  8535  8558 I OplusObrain: OplusObrainClientInvoke.nativeGetTelephonyInfo
07-28 18:25:13.518  4851  5916 I SystemUi--Statusbar: OplusMobileConnectionRepository1-->phoneId: 0, conflatedCallbackFlow init
07-28 18:25:13.518  4851  5916 I SystemUi--Statusbar: OplusMobileConnectionRepository1-->startListenImsStatusChanged
07-28 18:25:13.518  6944  7448 D OsAgentAidlClient: [string_dataitem_update][1584] [HC] =>> [HS]
07-28 18:25:13.518  4914  6214 E PhoneInterfaceManager: getServiceStateForSlot retuning null for invalid slotIndex=-1
07-28 18:25:13.518  5132  5132 D QCNEJ/DataCallAgent: onSubscriptionsChanged: new DDS 1
07-28 18:25:13.518  5132  5132 D QCNEJ/WwanInfoRelay: onSubscriptionsChanged currDDSId: 1 new DDS 1
07-28 18:25:13.518 13077 13077 I ttings:tzupdate: isSwordfishLaunchAppEnabled_ 1 isSwordfishInstallAppEnabled_ 1
07-28 18:25:13.519  5080  5080 I QImsService: OplusPhoneStateTracker : onSubscriptionsChanged Last subId: -1 Current subId -1
07-28 18:25:13.519 13077 13077 E ttings:tzupdate: Unknown bits set in runtime_flags: 0x40000000
07-28 18:25:13.519 13077 13077 I ttings:tzupdate: Using CollectorTypeCMC GC.
07-28 18:25:13.519  5132  7522 D QCNEJ/DataCallAgent: phoneCount: 2
07-28 18:25:13.519  5132  7522 D QCNEJ/DataCallAgent: subs for 0th slot: [1]
07-28 18:25:13.519  4914  4914 I Telephony: y0: onServiceStateChanged: newState=1, mServiceState=1
07-28 18:25:13.519  8535  8625 I OplusObrain: OplusObrainClientInvoke.nativeGetTrafficTypeInfoForNetworkType networkType 0
07-28 18:25:13.520  4914  4914 I Telephony: isRttCurrentlySupported -- regular acct, hasVoiceAvailability: false
07-28 18:25:13.520  4914  4914 I Telephony:  isRttSupported: false
07-28 18:25:13.520  4914  4914 I Telephony:  isUserRttSettingOn: false
07-28 18:25:13.520  4914  4914 I Telephony:  alwaysAllowWhileRoaming: false
07-28 18:25:13.520  4914  4914 I Telephony:  isRoaming: false
07-28 18:25:13.520  4914  4914 I Telephony:  isOnWfc: false
07-28 18:25:13.520  3437  4497 D NetworkPolicy: Normalization put networkpolicyNetworkTemplate: matchRule=CARRIER, matchSubscriberIds=[001011...], matchWifiNetworkKeys=[], metered=YES
07-28 18:25:13.520  3437  4497 D NetworkPolicy: Normalization put networkpolicyNetworkTemplate: matchRule=CARRIER, matchSubscriberIds=[310260...], matchWifiNetworkKeys=[], metered=YES
07-28 18:25:13.520  3437  4497 D NetworkPolicy: Normalization put networkpolicyNetworkTemplate: matchRule=CARRIER, matchSubscriberIds=[001010...], matchWifiNetworkKeys=[], metered=YES
07-28 18:25:13.520  3437  4497 D NetworkPolicy: Normalization put networkpolicyNetworkTemplate: matchRule=CARRIER, matchSubscriberIds=[001010...], matchWifiNetworkKeys=[], metered=YES
07-28 18:25:13.520  3437  4497 D NetworkPolicy: Normalization put networkpolicyNetworkTemplate: matchRule=CARRIER, matchSubscriberIds=[001012...], matchWifiNetworkKeys=[], metered=YES
07-28 18:25:13.520  3437  4497 V NetworkPolicy: updateNetworkEnabledNL() return
07-28 18:25:13.520  6427  8419 D OplusAtlasAudioDetectionManager: MSG_CALL_STATE_CHANGED
07-28 18:25:13.520  6427  8419 D OplusAtlasAudioDetectionManager: callStateChanged state: 0, len: 0
07-28 18:25:13.520 13077 13077 E ttings:tzupdate: Not starting debugger since process cannot load the jdwp agent.
07-28 18:25:13.520  5132  7522 D QCNEJ/DataCallAgent: mSubInfoReady[0] is set to true
07-28 18:25:13.520  5132  7522 D QCNEJ/DataCallAgent: subs for 1th slot: [-1]
07-28 18:25:13.521  3437  4497 V NetworkPolicy: updateNotificationsNL not process
07-28 18:25:13.521  3437  4772 W BestClock: java.time.DateTimeException: Missing network time fix
07-28 18:25:13.521  3437  4497 W BestClock: java.time.DateTimeException: Missing network time fix
07-28 18:25:13.521 13077 13077 D nativeloader: Load libframework-connectivity-tiramisu-jni.so using APEX ns com_android_tethering for caller /apex/com.android.tethering/javalib/framework-connectivity-t.jar: ok
07-28 18:25:13.521  4851  4851 I KeyguardUpdateMonitor: refreshSimState, changed:false,subId:1,slotId:0,state:5
07-28 18:25:13.521  4851  4851 I KeyguardUpdateMonitor: action=android.intent.action.SERVICE_STATE subId=1 slotId=0
07-28 18:25:13.522  4990  5921 W BestClock: java.time.DateTimeException: Missing network time fix
07-28 18:25:13.522  4851  5726 V OplusCustomizeCacheManager: queryCache name: sys.cache.common_customize_cache18014 param: null
07-28 18:25:13.522  4851  5726 V OplusCustomizeCacheManager: queryCache name: sys.cache.common_customize_cache18017 param: Bundle[{SETTING=BLOCK, BUSINESS=NCT-DATA}]
07-28 18:25:13.522  4851  5726 V OplusCustomizeCacheManager: queryCache name: sys.cache.common_customize_cache18013 param: null
07-28 18:25:13.522  4851  5140 I SystemUi--QuickSettings: Tile.OplusCellularTile-->updateCarrierText: dialog not showing, ignore
07-28 18:25:13.522  4851  5916 I SystemUi--Statusbar: OplusMobileConnectionRepository1-->onImsStatusChanged model: CapabilityTypeModel(isVolteSwitchOn=true, isWfcEnabledByUser=true, imsRegistered=false, voiceCapable=false, videoCapable=false, registerTech=-1, isCrossSimCallingEnabledByUser=false, hasHideVolteOperator=false)
07-28 18:25:13.522  4851  5140 D SimStateHelper: slot:0, lock state:Bundle[mParcelledData.dataSize=56]
07-28 18:25:13.522  4990  5921 V MonthTrafficAlert: getWarningNotification subId:1 numWarningNotificaion:0
07-28 18:25:13.522  4851  5140 D SimStateHelper: slot:1, lock state:Bundle[mParcelledData.dataSize=56]
07-28 18:25:13.522  4851  5140 D SimStateHelper: needDisableMenu: slot1State=-1; slot2State=-1
07-28 18:25:13.522  4851  5140 D SimStateHelper: needDisableMenu:false
07-28 18:25:13.522  4851  5140 I SystemUi--QuickSettings: Tile.OplusCellularTile-->updateCarrierText: dialog not showing, ignore
07-28 18:25:13.522  4851  5140 D SimStateHelper: slot:0, lock state:Bundle[mParcelledData.dataSize=56]
07-28 18:25:13.522  4851  5140 D SimStateHelper: slot:1, lock state:Bundle[mParcelledData.dataSize=56]
07-28 18:25:13.522  4851  5140 D SimStateHelper: needDisableMenu: slot1State=-1; slot2State=-1
07-28 18:25:13.522  4851  5140 D SimStateHelper: needDisableMenu:false
07-28 18:25:13.522 13077 13077 W libc    : Access denied finding property "persist.vendor.sys.activitylog"
07-28 18:25:13.522 13077 13077 I OneTrace: Mark active for pid=13077? true
07-28 18:25:13.522 13077 13077 D cutils-dev: otrace_set_tracing_enabled? true tag:0
07-28 18:25:13.523 13077 13077 D cutils-dev: properties changed in otrace_seq_number_changed!
07-28 18:25:13.523  3437  4775 W BestClock: java.time.DateTimeException: Missing network time fix
07-28 18:25:13.523  4914  4914 V OplusCustomizeCacheManager: queryCache name: sys.cache.common_customize_cache18016 param: null
07-28 18:25:13.523  4914  4914 V OplusCustomizeCacheManager: queryCache name: sys.cache.common_customize_cache18013 param: null
07-28 18:25:13.523  4914  4914 V OplusCustomizeCacheManager: queryCache name: sys.cache.common_customize_cache18014 param: null
07-28 18:25:13.523  4914  4914 V OplusCustomizeCacheManager: queryCache name: sys.cache.common_customize_cache18017 param: Bundle[{SETTING=BLOCK, BUSINESS=NCT-DATA}]
07-28 18:25:13.524  3437  5474 D ActivityTaskManagerServiceExtImpl: preBindApplication record is null
07-28 18:25:13.524  3437  5474 D RGBNormalizeServer: OplusRGBNormalize feature enabled ? true
07-28 18:25:13.524  3437  5474 D ResourcesManagerCache: For package com.oplus.wirelesssettings we got cacheList [null] appInfoExt is null ? false hasFeature ? false
07-28 18:25:13.524  3437  5474 D VRR [OPlusExternalRefreshRateManager]: isPkgTfcEnable: pkgName = com.oplus.wirelesssettings, enable = false
07-28 18:25:13.524  3437  5474 D VRR [OPlusExternalRefreshRateManager]: getTfcMinFramerate: pkgName = com.oplus.wirelesssettings, min framerate = 0
07-28 18:25:13.524  4914  4914 V OplusCustomizeCacheManager: queryCache name: sys.cache.common_customize_cache18016 param: null
07-28 18:25:13.524  4914  4914 V OplusCustomizeCacheManager: queryCache name: sys.cache.common_customize_cache18013 param: null
07-28 18:25:13.524  4914  4914 V OplusCustomizeCacheManager: queryCache name: sys.cache.common_customize_cache18014 param: null
07-28 18:25:13.524  3437  4772 W BestClock: java.time.DateTimeException: Missing network time fix
07-28 18:25:13.524  4914  4914 V OplusCustomizeCacheManager: queryCache name: sys.cache.common_customize_cache18017 param: Bundle[{SETTING=BLOCK, BUSINESS=NCT-DATA}]
07-28 18:25:13.524  4851  5726 V OplusCustomizeCacheManager: queryCache name: sys.cache.common_customize_cache18014 param: null
07-28 18:25:13.524  4851  5726 V OplusCustomizeCacheManager: queryCache name: sys.cache.common_customize_cache18017 param: Bundle[{SETTING=BLOCK, BUSINESS=NCT-DATA}]
07-28 18:25:13.524  4851  5726 V OplusCustomizeCacheManager: queryCache name: sys.cache.common_customize_cache18013 param: null
07-28 18:25:13.525  4914  4914 D MultiSimSettingController: onSubscriptionsChanged
07-28 18:25:13.525  4914  4914 D MultiSimSettingController: isReadyToReevaluate: subInfoInitialized=true, carrierConfigsLoaded=true, satelliteEnabledOrBeingEnabled=false
07-28 18:25:13.525  4914  4914 D MultiSimSettingController: updateDefaults
07-28 18:25:13.525  4914  4914 D MultiSimSettingController: isReadyToReevaluate: subInfoInitialized=true, carrierConfigsLoaded=true, satelliteEnabledOrBeingEnabled=false
07-28 18:25:13.525  4914  4914 D MultiSimSettingController: updateDefaultValues: change: 0
07-28 18:25:13.525  4914  4914 D MultiSimSettingController: disableDataForNonDefaultNonOpportunisticSubscriptions triggered, return directly
07-28 18:25:13.525  4914  4914 D ImsResolver: oldSubId: 1, newSubId: 1
07-28 18:25:13.525  4914  4914 D ImsResolver: oldSubId: -1, newSubId: -1
07-28 18:25:13.525  4914  4914 I Telephony: TelecomAccountRegistry: onSubscriptionsChanged - reregister accounts
07-28 18:25:13.525  4914  4914 D PhoneUtils: PhoneAccountHandle subId=1, slotId=0
07-28 18:25:13.526  4914  4914 D Telephony: registerPstnPhoneAccount line1Number =  subNumber = 
07-28 18:25:13.526  4914  4914 D Telephony: color is transparent asign default instead -15502541
07-28 18:25:13.526 13077 13077 D OplusActivityManager: get AMS extension: android.os.BinderProxy@e47f9fb
07-28 18:25:13.526  4914  4914 D Telephony: isEmergencyPreferredAccount: subId=1, activeData=1
07-28 18:25:13.526  4914  4914 D Telephony: isEmergencyPreferredAccount: Device does not require preference.
07-28 18:25:13.527  4914  4914 I Telephony: isRttCurrentlySupported -- regular acct, hasVoiceAvailability: false
07-28 18:25:13.527  4914  4914 I Telephony:  isRttSupported: false
07-28 18:25:13.527  4914  4914 I Telephony:  isUserRttSettingOn: false
07-28 18:25:13.527  4914  4914 I Telephony:  alwaysAllowWhileRoaming: false
07-28 18:25:13.527  4914  4914 I Telephony:  isRoaming: false
07-28 18:25:13.527  4914  4914 I Telephony:  isOnWfc: false
07-28 18:25:13.527  4914  4914 D Telephony: x0: buildPstnPhoneAccount, phoneId: 0, mIsVideoCapable: false, 
07-28 18:25:13.527  4914  4914 D OplusSesImsManagerExt: feature:0, phoneId:0
07-28 18:25:13.527  4914  4914 D OplusSesImsManagerExt: getSubIdUsingPhoneId:1, phoneId:0
07-28 18:25:13.527  4914  4914 D OplusSesImsManagerExt: isEntitlementEnabled:false
07-28 18:25:13.527  4914  4914 D OplusSesImsManagerExt: isFeatureProvisionedOnDevice not enabled
07-28 18:25:13.527 13077 13077 D CompactWindowAppManager: initCompactApplicationInfo CompactMode: , NormalMode: 
07-28 18:25:13.527  4914  4914 D Telephony: registerPstnPhoneAccount mIsVideoCapable = false
07-28 18:25:13.527  4914  4914 W libc    : Access denied finding property "persist.vendor.mtk_uce_support"
07-28 18:25:13.527  4914  4914 I Telephony: isCarrierVideoPresenceSupported, false, false, false, false
07-28 18:25:13.528  4914  4914 I Telephony: reRegisterPstnPhoneAccount: subId: 1 - no change
07-28 18:25:13.528  4914  4914 D CallNotifier: updatePhoneStateListeners: update CF notifications.
07-28 18:25:13.528 13077 13077 D OplusScrollToTopManager: setIsInWhiteList false
07-28 18:25:13.528 13077 13077 D OplusViewDebugManager: OplusViewDebugManager Constructor android.view.debug.OplusViewDebugManager@2989c71 [mHasViewDebugProperty true] [mHasMsgDebugProperty false] [DEBUG false] [EXTRAINFOENABLE false] [LIGHT_OS false]
07-28 18:25:13.529  4914  4914 D InternationalRoamingNotification: init
07-28 18:25:13.529  5209  6332 D VirtualCommService2: isSupport. true, true
07-28 18:25:13.529  4914  4914 D OplusVirtualCommUtils: isVirtualCommSupport, vRet: true
07-28 18:25:13.529 13077 13077 D CompatChangeReporter: Compat change id reported: 242716250; UID 1000; state: ENABLED
07-28 18:25:13.529  4914  4914 I OplusVirtualCommUtils: getVirtualCommDeviceType, vRet: 1
07-28 18:25:13.529  4914  4914 I OplusVirtualCommUtils: isConsumerDeviceType, deviceType: 1
07-28 18:25:13.529  4914  4914 D InternationalRoamingNotification: do not createRoamingNotification for invalid Network
07-28 18:25:13.530  4914  4914 V OplusCustomizeCacheManager: queryCache name: sys.cache.common_customize_cache18016 param: null
07-28 18:25:13.530  4914  4914 V OplusCustomizeCacheManager: queryCache name: sys.cache.common_customize_cache18013 param: null
07-28 18:25:13.530  4914  4914 V OplusCustomizeCacheManager: queryCache name: sys.cache.common_customize_cache18014 param: null
07-28 18:25:13.530  4914  4914 V OplusCustomizeCacheManager: queryCache name: sys.cache.common_customize_cache18017 param: Bundle[{SETTING=BLOCK, BUSINESS=NCT-DATA}]
07-28 18:25:13.530 13077 13077 W libc    : Access denied finding property "ro.odm.prev.product.name"
07-28 18:25:13.530  4914  4914 V SimultaneousCallingTracker: Received EVENT 101
07-28 18:25:13.530  4914  4914 V SimultaneousCallingTracker: generateVoiceCapablePhoneMapBasedOnUserAssociation: adding phoneId = 0
07-28 18:25:13.530  4914  4914 I SimultaneousCallingTracker: updatePhoneMapAndSimultaneousCallSupportMap: mVoiceCapablePhoneMap.size = 1
07-28 18:25:13.530  4914  4914 V SimultaneousCallingTracker: registerForImsRegistrationChanges: registering phoneId = 0
07-28 18:25:13.530  4914  4914 V SimultaneousCallingTracker: generateSimultaneousCallSupportMap: returning simultaneousCallSubSupportMap = Phone ID=0 - Simultaneous calling compatible phone IDs=[]; 
07-28 18:25:13.530  4914  4914 V SimultaneousCallingTracker: handleSimultaneousCallingSupportChanged
07-28 18:25:13.530  3437  5474 W ContentService: Observer is already registered. Pid is 4914
07-28 18:25:13.531 13077 13077 W ziparchive: Unable to open '/system_ext/framework/nfcvendorlib.dm': No such file or directory
07-28 18:25:13.531 13077 13077 W ziparchive: Unable to open '/system_ext/framework/nfcvendorlib.dm': No such file or directory
07-28 18:25:13.532 13077 13077 D nativeloader: Configuring clns-shared-7 for other apk /system_ext/framework/nfcvendorlib.jar. target_sdk_version=34, uses_libraries=ALL, library_path=/system_ext/priv-app/WirelessSettings/lib/arm64:/system_ext/priv-app/WirelessSettings/WirelessSettings.apk!/lib/arm64-v8a:/system/lib64:/system_ext/lib64, permitted_path=/data:/mnt/expand:/data/user_de/0/com.oplus.wirelesssettings:/system_ext/priv-app/WirelessSettings:/system/lib64:/system_ext/lib64
07-28 18:25:13.532 13077 13077 D nativeloader: Extending system_exposed_libraries: libbinauralrenderer_wrapper.qti.so:libhoaeffects.qti.so:libSloganJni.oplus.so:libsuperNight.oplus.so:libAPSClient-cmd-jni-extension.oplus.so:libsatellite_audio_jni.oplus.so:libortc_so.oplus.so:libsoundtouch.oplus.so:libsoundtouch_jni.oplus.so:libOplusStringJNI-extension.oplus.so:libsatellite_ostx_jni.oplus.so:libapssuspend-jni.oplus.so:libupdateprof.qti.so:libthermalclient.qti.so:libqape.qti.so:libqesdk_ndk_platform.qti.so:liblistenjni.qti.so
07-28 18:25:13.533 13077 13077 D ApplicationLoaders: Returning zygote-cached class loader: /system_ext/framework/androidx.window.extensions.jar
07-28 18:25:13.533 13077 13077 D ApplicationLoaders: Returning zygote-cached class loader: /system_ext/framework/androidx.window.sidecar.jar
07-28 18:25:13.535 13077 13077 D nativeloader: Configuring clns-shared-8 for other apk /system_ext/priv-app/WirelessSettings/WirelessSettings.apk. target_sdk_version=34, uses_libraries=, library_path=/system_ext/priv-app/WirelessSettings/lib/arm64:/system_ext/priv-app/WirelessSettings/WirelessSettings.apk!/lib/arm64-v8a:/system/lib64:/system_ext/lib64, permitted_path=/data:/mnt/expand:/data/user_de/0/com.oplus.wirelesssettings:/system_ext/priv-app/WirelessSettings:/system/lib64:/system_ext/lib64
07-28 18:25:13.538 13077 13077 V GraphicsEnvironment: Currently set values for:
07-28 18:25:13.538 13077 13077 V GraphicsEnvironment:   angle_gl_driver_selection_pkgs=[]
07-28 18:25:13.538 13077 13077 V GraphicsEnvironment:   angle_gl_driver_selection_values=[]
07-28 18:25:13.538 13077 13077 V GraphicsEnvironment: Global.Settings values are invalid: number of packages: 0, number of values: 0
07-28 18:25:13.539 13077 13077 D WS_OplusWirelessSettingsApp: onCreate, OplusWirelessSettingsApp
07-28 18:25:13.540 13077 13077 D LogUtils: initWirelessLog sIsQeAssert=false,sIsWifiOrBtLog=false
07-28 18:25:13.541  3437  4775 I ActivityManager: Flag disabled. Ignoring finishAttachApplication from uid: 1000. pid: 13077
07-28 18:25:13.541 13077 13077 E ANDR-PERF-CLIENT-SYS: death recipent object is fine
07-28 18:25:13.541 13077 13077 W ttings:tzupdate: AIBinder_linkToDeath is being called with a non-null cookie and no onUnlink callback set. This might not be intended. AIBinder_DeathRecipient_setOnUnlinked should be called first.
07-28 18:25:13.542  3437  4775 W OplusSelfProtectManager: pkg[com.oplus.wirelesssettings] not in policy list
07-28 18:25:13.544  3437  4775 D ActivityManager: Async freezing 13077 com.oplus.wirelesssettings:tzupdate
07-28 18:25:13.546  4706  4720 W SQLiteLog: (28) double-quoted string literal: "timezone_tzdata_v2_files"
07-28 18:25:13.621  4914  4914 V OplusCustomizeCacheManager: queryCache name: sys.cache.common_customize_cache18016 param: null
07-28 18:25:13.621  4914  4914 V OplusCustomizeCacheManager: queryCache name: sys.cache.common_customize_cache18013 param: null
07-28 18:25:13.621  4914  4914 V OplusCustomizeCacheManager: queryCache name: sys.cache.common_customize_cache18014 param: null
07-28 18:25:13.621  4914  4914 V OplusCustomizeCacheManager: queryCache name: sys.cache.common_customize_cache18017 param: Bundle[{SETTING=BLOCK, BUSINESS=NCT-DATA}]
07-28 18:25:13.622  4914  4914 V OplusCustomizeCacheManager: queryCache name: sys.cache.common_customize_cache18016 param: null
07-28 18:25:13.622  4914  4914 V OplusCustomizeCacheManager: queryCache name: sys.cache.common_customize_cache18013 param: null
07-28 18:25:13.622  4914  4914 V OplusCustomizeCacheManager: queryCache name: sys.cache.common_customize_cache18014 param: null
07-28 18:25:13.622  4914  4914 V OplusCustomizeCacheManager: queryCache name: sys.cache.common_customize_cache18017 param: Bundle[{SETTING=BLOCK, BUSINESS=NCT-DATA}]
07-28 18:25:13.626  1987  1987 D SensorFeature: name=ssc_screenshot_info ,index = 22
07-28 18:25:13.626  1987  1987 D SensorFeature: write 29 bytes:59106326331,59114659664,160,0
07-28 18:25:13.648  1840  4450 I sensors-hal: handle_oplus_wise_rgb_event:189, high_pwm_light:lux 177.6,cct 3574.1,brl/algo/ir 1324.0/2.0/24.4,pwm/dc 0.0/0.0,rgbc 13854.845703/9391.037109/4004.400146/25979.693359,ts 59097964735,cnt 860,flag 160
07-28 18:25:13.649  1906  4440 I Dpps    : LtmSwState::SetParameter():144 ignore cmd 7 in state LtmOffState
07-28 18:25:13.653  4851  4851 D RowAnimatorExtImpl: end:view:StatusBarIconView(slot='volume' alpha=1.0 icon=StatusBarIcon(icon=Icon(typ=RESOURCE pkg=com.android.systemui id=0x7f0818f0) visible user=0 ) visibleState=ICON iconColor=#ccffffff staticDrawableColor=#ccffffff decorColor=#ffffffff animationStartColor=#0 currentSetColor=#ccffffff notification=null),tx
07-28 18:25:13.653  4851  4851 D RowAnimatorExtImpl: end:view:StatusBarIconView(slot='zen' alpha=1.0 icon=StatusBarIcon(icon=Icon(typ=RESOURCE pkg=com.android.systemui id=0x7f0818e1) visible user=0 ) visibleState=ICON iconColor=#ccffffff staticDrawableColor=#ccffffff decorColor=#ffffffff animationStartColor=#0 currentSetColor=#ccffffff notification=null),tx
07-28 18:25:13.653  4851  4851 D RowAnimatorExtImpl: end:view:StatusBarIconView(slot='volume' alpha=1.0 icon=StatusBarIcon(icon=Icon(typ=RESOURCE pkg=com.android.systemui id=0x7f0818f0) visible user=0 ) visibleState=ICON iconColor=#ccffffff staticDrawableColor=#ccffffff decorColor=#ffffffff animationStartColor=#0 currentSetColor=#ccffffff notification=null),tx
07-28 18:25:13.653  4851  4851 D RowAnimatorExtImpl: end:view:StatusBarIconView(slot='zen' alpha=1.0 icon=StatusBarIcon(icon=Icon(typ=RESOURCE pkg=com.android.systemui id=0x7f0818e1) visible user=0 ) visibleState=ICON iconColor=#ccffffff staticDrawableColor=#ccffffff decorColor=#ffffffff animationStartColor=#0 currentSetColor=#ccffffff notification=null),tx
07-28 18:25:13.653  4851  4851 D RowAnimatorExtImpl: end:view:StatusBarIconView(slot='volume' alpha=1.0 icon=StatusBarIcon(icon=Icon(typ=RESOURCE pkg=com.android.systemui id=0x7f0818f0) visible user=0 ) visibleState=ICON iconColor=#ccffffff staticDrawableColor=#ccffffff decorColor=#ffffffff animationStartColor=#0 currentSetColor=#ccffffff notification=null),tx
07-28 18:25:13.653  4851  4851 D RowAnimatorExtImpl: end:view:StatusBarIconView(slot='zen' alpha=1.0 icon=StatusBarIcon(icon=Icon(typ=RESOURCE pkg=com.android.systemui id=0x7f0818e1) visible user=0 ) visibleState=ICON iconColor=#ccffffff staticDrawableColor=#ccffffff decorColor=#ffffffff animationStartColor=#0 currentSetColor=#ccffffff notification=null),tx
07-28 18:25:13.836  4851  4851 I SystemUi--QuickSettings: TemporarilyInfoManager-->[animateShow] com.oplus.systemui.qs.base.temporarilyinfo.TemporarilyInfoManager$createViewToParent$1{e7dd241 VFED..C.. ........ 0,0-1080,228 #7f0a0cb6 app:id/temporarily_info_view alpha=1.0 viewInfo = } end
07-28 18:25:13.836  4851  4851 I SystemUi--QuickSettings: TemporarilyInfoManager-->[trigger] start from showElementAfterShowFully
07-28 18:25:13.900  1987  1987 D SensorFeature: name=ssc_screenshot_info ,index = 22
07-28 18:25:13.901  1987  1987 D SensorFeature: write 29 bytes:59380451331,59388784664,161,0
07-28 18:25:13.916  1906  4440 I Dpps    : LtmSwState::SetParameter():144 ignore cmd 7 in state LtmOffState
07-28 18:25:13.960  4851  4851 D JankUtils: gfxSceneEnd; scene: 7
07-28 18:25:13.961  4851  4851 I SystemUi--Common: NotificationShadeDepthC-->sceneFlag: 0x001, isStart = false, Current sceneFlags: 0x000
07-28 18:25:13.961  4851  4851 D NavigationBar: restrainNavigationBarInvertColor: false
07-28 18:25:13.961  4851  5064 D RegionSamplingHelper =:    mCompositionSamplingListener.register
07-28 18:25:13.961  2146  2492 D SurfaceFlinger: addRegionSamplingListener pid: 4851, Area: [0, 2328, 1080, 2376]
07-28 18:25:14.092  2008  7532 D charge_time: type=sdp,reserve_soc=2,soc=58,ui_soc=61,current=195,avg=189,not_chg_cnt=0,stable_cnt=7,fcc=5724,fcc_ratio=94,delta=43,debug=0,region=15,ttf=20771(05:46:11),ui_ttf=16422(04:33:42)
07-28 18:25:14.163  1906  2171 I SDM     : DisplayBase::CommitThread: Received idle timeout, panel: cmd, timeout: 70000 us
07-28 18:25:14.167  6490  6555 E horae   : 0: back:33090,back_1:35331,back_2:34851,back_3:34116,frame:35455,frame_1:34425,front:36061,front_1:36402,front_2:34894, -2147483648 5, +(3176), 1 ,42995,33216,39152,43015,41142,42153,33249,38875,42107,40553,41273,33095,38619,41351,40041,40762,33130,38374,40699,39572, target_temp:36402, algo:0
07-28 18:25:14.239  1906  2171 I SDM     : DisplayBase::CommitThread: Received idle timeout, panel: cmd, timeout: 69999 us
07-28 18:25:14.242  1987  1987 D SensorFeature: name=ssc_screenshot_info ,index = 22
07-28 18:25:14.243  1987  1987 D SensorFeature: write 29 bytes:59680380289,59730764351,162,0
07-28 18:25:14.244  3437  4377 D FusionLightNextGen: process end reported = 1, mode: 0, lux 313.2, cct -1.0, r/g/b/c: 13854.8/9391.0/4004.4/25979.7, R/G/B: 132.0/125.0/124.0, bri 1324.0, match 0.61, ir 0.026621, conf 0.0, ts 59637900516
07-28 18:25:14.245  1906  4440 I Dpps    : LtmSwState::SetParameter():144 ignore cmd 7 in state LtmOffState
07-28 18:25:14.298  2008  2055 D BatteryChargeControl: bcc get no support from charging protocol
07-28 18:25:14.320  2146  3320 D VRR [OTI]: handleIdle from 0 to 1
07-28 18:25:14.320  2146  3320 D VRR [OTI-HW]: isStateReady 1
07-28 18:25:14.320  2146  3320 D VRR [RefreshRateDirector]: requestRefreshRateByOti update [ oti-hw, {fps=60, modePtr={id=5, vsyncRate=60.00 Hz, peakRefreshRate=60.00 Hz}} ]
07-28 18:25:14.320  2146  3320 D VRR [RefreshRateDirector]: selectBestFrameRate DirectorMapOti [oti-hw, {fps=60, modePtr={id=5, vsyncRate=60.00 Hz, peakRefreshRate=60.00 Hz}}]
07-28 18:25:14.320  2146  3320 D VRR [RefreshRateDirector]: updateBestFrameRate [oti-hw, {fps=60, modePtr={id=5, vsyncRate=60.00 Hz, peakRefreshRate=60.00 Hz}}]
07-28 18:25:14.320  2146  3320 D SurfaceFlinger: VRR [SurfaceFlinger] setDesiredActiveMode: displayId: 4630946756802996883, renderRate: 60, vsyncRate: 60, event: 1
07-28 18:25:14.320  2146  3320 D DisplayModeController: setDesiredMode 4630946756802996883 {mode={fps=60.00 Hz, modePtr={id=5, vsyncRate=60.00 Hz, peakRefreshRate=60.00 Hz}}, emitEvent=true, force=false}
07-28 18:25:14.321  2146  2146 I DisplayModeController: hwc begin mode change to 16666666
07-28 18:25:14.321  2146  2146 I HWC2    : [0] setActiveConfigWithConstraints[5]
07-28 18:25:14.322  1906  3283 W SDM     : HWDeviceDRM::GetSupportedBitClkRate: Requested rate not supported: 1363200000
07-28 18:25:14.322  1906  3283 I SDM     : HWDeviceDRM::UpdateMixerAttributes: Mixer WxH 1440x3168-1 for Peripheral
07-28 18:25:14.322  1906  3283 I CwbService: CwbService::notifyConfigChange: display:0, config:5 size:4, sec.size():0
07-28 18:25:14.322  1906  3283 I CwbService: CwbService::notifyConfigChange: display: 0, config = 1
07-28 18:25:14.322  1906  3228 I CasManager: Fps changed from 120 to 60
07-28 18:25:14.322  1906  3228 I CasManager: Fps changed, not change bin, so trigger gain
07-28 18:25:14.322  1906  3228 W SDM     : DemuraIntfImpl::ProcessOemPluginGain: Thermal intf_ is nullptr 0, default to 25 degree
07-28 18:25:14.322  1906  3228 I SDM     : CasQcPlugIn::ProcessPerCompGainOppo: input params, mode:PWM, fps:60, dbv:1324
07-28 18:25:14.322  1906  3228 I SDM     : CasQcPlugIn::ProcessPerCompGainOppo: normalized bright_adj:1024, dbv:1324, bin_dbv:1083, 
07-28 18:25:14.322  1906  3228 I SDM     : CasQcPlugIn::ProcessPerCompGainOppo: gains print start =====================
07-28 18:25:14.322  1906  3228 I SDM     : CasQcPlugIn::ProcessPerCompGainOppo: gain --------------------------------
07-28 18:25:14.322  1906  3228 I SDM     : CasQcPlugIn::ProcessPerCompGainOppo: old: 0 0 0 57 90 322 1201 3072
07-28 18:25:14.322  1906  3228 I SDM     : CasQcPlugIn::ProcessPerCompGainOppo: new: 0 0 0 44 72 259 966 3072
07-28 18:25:14.322  1906  3228 I SDM     : CasQcPlugIn::ProcessPerCompGainOppo: gain --------------------------------
07-28 18:25:14.322  1906  3228 I SDM     : CasQcPlugIn::ProcessPerCompGainOppo: old: 0 0 0 64 125 373 1336 3072
07-28 18:25:14.322  1906  3228 I SDM     : CasQcPlugIn::ProcessPerCompGainOppo: new: 0 0 0 50 88 373 1336 3072
07-28 18:25:14.322  1906  3228 I SDM     : CasQcPlugIn::ProcessPerCompGainOppo: gain --------------------------------
07-28 18:25:14.322  1906  3228 I SDM     : CasQcPlugIn::ProcessPerCompGainOppo: old: 0 0 0 42 83 323 1222 3072
07-28 18:25:14.322  1906  3228 I SDM     : CasQcPlugIn::ProcessPerCompGainOppo: new: 0 0 0 32 83 323 1222 3072
07-28 18:25:14.322  1906  3228 I SDM     : CasQcPlugIn::ProcessPerCompGainOppo: gains print end =======================
07-28 18:25:14.334  1906  3228 I SDM     : DemuraIntfImpl::StageAllData: Staged all data to Demura Driver!
07-28 18:25:14.334  1906  3228 I SDM     : HWPeripheralDRM::SetPanelFeature: Set Panel feature property 19
07-28 18:25:14.334  1906  3228 I SDM     : HWPeripheralDRM::SetPanelFeature: Set Panel feature property 7
07-28 18:25:14.334  1906  3228 I SDM     : DisplayBuiltIn::TriggerDemuraOemPlugIn: Trigger demura oem plugin success
07-28 18:25:14.335  1906  2171 I SDM     : DRMPanelFeatureMgr::ApplyDirtyFeature: Commited panel feature [enabled]: 20-272
07-28 18:25:14.335  1906  2171 I SDM     : DRMPanelFeatureMgr::ApplyDirtyFeature: Commited panel feature [enabled]: 8-271
07-28 18:25:14.351  2146  2146 D VRR-[OPlusRefreshRateSelector]: setCurrentModeId 5 type SM
07-28 18:25:14.351  2146  3320 D VRR [OTI-HW]: isStateReady 1
07-28 18:25:14.351  2146  3320 D VRR [OTI-HW]: keep rate.
07-28 18:25:14.352  3437  3642 I DisplayDeviceRepository: Display device changed render timings: "Built-in Screen", renderFrameRate=60.000004, presentationDeadlineNanos=16666666, appVsyncOffsetNanos=1000000
07-28 18:25:14.352  3437  3642 D LogicalDisplayExt: set displayInfo flag FLAG_ROTATES_WITH_CONTENT
07-28 18:25:14.353  3437  3642 D DisplayManagerServiceExtImpl: scheduleTraversalLocked intraversal=false
07-28 18:25:14.353  3437  3642 I DisplayManagerServiceExtImpl: handle logical display changed logicalDisplay=id=0,stack=0,content=true,displayInfo{stack=0,type=1,id=0,uId=local:4630946756802996883,state=ON,pkg=null}
07-28 18:25:14.353  3437  3642 D DisplayManagerService: Delivering display event: displayId=0, event=CHANGED
07-28 18:25:14.353  3437  3781 D BrightnessThermalClamper: Thermal status observer already started
07-28 18:25:14.353  3437  3781 D BrightnessPowerClamper: Power throttling data is missing for configuration data.
07-28 18:25:14.354  3437  3437 E OplusGestureAnimationManagerPolicy: mScreenHeight:2376 mScreenWidth:1080 mRotation:0
07-28 18:25:14.356  4678  4678 D CastManagerService: onDisplayChanged.
07-28 18:25:14.356  3437  3639 D OplusVFXScreenEffectFeature: notifySFCompatWindowStateChange entered false
07-28 18:25:14.356  2146  2439 D [PREVIEW]: SF obtain preview_adapter: 0
07-28 18:25:14.356  2146  2439 D [PREVIEW]: TabletPreviewAdapter::parallel world 0
07-28 18:25:14.357  2125  3620 D AudioFlingerExtImpl: AudioFlingerExtImpl oplusSetParameters: keyvalue screen_state=on
07-28 18:25:14.357  2125  3620 D DeviceHalAidl: 0xb400007d9a87c200 DeviceHalAidl::setParameters
07-28 18:25:14.357  2125  3620 D DeviceHalAidl: setParameters: parameters: "screen_state=on"
07-28 18:25:14.357  3437  3639 D FSS_FoldScreenBlackCoverController: displayChangeToOn, dc:Display{#0 state=ON size=1080x2376 ROTATION_0}
07-28 18:25:14.358  4851  4851 I SystemUi--Statusbar: DisplayRepository-->combining enabled=[0], connectedExternalDisplayIds=[], ignored=[]
07-28 18:25:14.358  3437  3642 D DisplayManagerService: MSG_REQUEST_TRAVERSAL pendingCompleted=false
07-28 18:25:14.358  1872  1888 I PAL: ResourceManager: setParameter: 11480: Screen State:1
07-28 18:25:14.359  3437  3639 D DisplayManagerService: performTraversalInternal pendingTraversal
07-28 18:25:14.359  3437  3639 D DisplayDevice: setLayerStackLocked id=local:4630946756802996883 token=android.os.BinderProxy@ba0e575 stack=0->0
07-28 18:25:14.360  2125  3620 D DeviceHalAidl: 0xb400007d9a87c800 DeviceHalAidl::setParameters
07-28 18:25:14.360  2125  3620 D DeviceHalAidl: setParameters: parameters: "screen_state=on"
07-28 18:25:14.360  6523  6596 E oiface  : sched_setaffinity failed
07-28 18:25:14.360  1872  1888 D AHAL_Module: updateScreenState: usb: 1
07-28 18:25:14.360  2125  3620 D DeviceHalAidl: 0xb400007d9a87ce00 DeviceHalAidl::setParameters
07-28 18:25:14.360  2125  3620 D DeviceHalAidl: setParameters: parameters: "screen_state=on"
07-28 18:25:14.360  2022  2088 I gameoptHal: targetfps updated 6 -- 60
07-28 18:25:14.360  1872  1888 D AHAL_Module: updateScreenState: r_submix: 1
07-28 18:25:14.360  2125  3620 D DeviceHalAidl: 0xb400007d9a87d400 DeviceHalAidl::setParameters
07-28 18:25:14.360  2125  3620 D DeviceHalAidl: setParameters: parameters: "screen_state=on"
07-28 18:25:14.360  1872  1888 D AHAL_Module: updateScreenState: bluetooth: 1
07-28 18:25:14.360  2125  3620 D DeviceHalAidl: 0xb400007d9a87da00 DeviceHalAidl::setParameters
07-28 18:25:14.361  2125  3620 D DeviceHalAidl: setParameters: parameters: "screen_state=on"
07-28 18:25:14.361  1872  1888 D AHAL_Module: updateScreenState: bluetooth: 1
07-28 18:25:14.361  2125  3620 D DeviceHalAidl: 0xb400007d9a87e000 DeviceHalAidl::setParameters
07-28 18:25:14.361  2125  3620 D DeviceHalAidl: setParameters: parameters: "screen_state=on"
07-28 18:25:14.361  1872  1888 D AHAL_Module: updateScreenState: stub: 1
07-28 18:25:14.377  5209  6333 D VendorTelephonyService: onTelephonyEventReport slotId =0 eventId=2009
07-28 18:25:14.377  4990  5081 D SaDataService: onTelephonyEventReport , subId= 0,slotId=-1 eventId=2009
07-28 18:25:14.377  5209  6333 D VendorTelephonyService: onTelephonyEventReport slotId =0 eventId=2009
07-28 18:25:14.377  4990  5081 D TelephonyImpl: notify eventId:2009 for list size:2
07-28 18:25:14.377  5209  5209 D VendorCallService: notityEventUpdate, eventId:2009, slotId = 0
07-28 18:25:14.377  4990  5081 D SaDataService: onTelephonyEventReport , subId= 1,slotId=0 eventId=2009
07-28 18:25:14.377  4990  5081 D TelephonyImpl: notify eventId:2009 for list size:2
07-28 18:25:14.377  5209  6333 D VendorTelephonyService: onTelephonyEventReport slotId =1 eventId=2009
07-28 18:25:14.377  5209  6333 D VendorTelephonyService: onTelephonyEventReport slotId =1 eventId=2009
07-28 18:25:14.377  5209  5209 D VendorCallService: notityEventUpdate, eventId:2009, slotId = 1
07-28 18:25:14.401  3437  3796 D VRR [OPlusRefreshRateService]: handleConfigIdChange physicalDisplayId: 4630946756802996883 configId: 5 renderPeriod: 16666666
07-28 18:25:14.402  3437  3796 D VRR [OPlusSAManager]: updateModeChange old modeId [ 4 ] -> new modeId [ 5 ] mCurPolicy: 1
07-28 18:25:14.402  3437  3796 D VRR [OPlusSAManager]: updateSAScene active modeId: 5
07-28 18:25:14.402  3437  3796 D VRR [OPlusSAManager]: updateSAScene current policy: 1 active modeId: 5 scene: VRR_60
07-28 18:25:14.402  3437  3796 D VRR [OPlusOAManager]: Not OA business! new modeId: [5] active modeId: [4]
07-28 18:25:14.402  3437  3796 D VRR [OPlusGameStatusManager]: updateGameState mOSyncFeatureSwitch: false mIsGamePolicy: false
07-28 18:25:14.402  3437  3796 D VRR [OPlusGameStatusManager]: setLTMStatus false curPkgName: com.android.launcher curr status: false HeartStop: false HeartStopFromTGPA: false ActiveFPS: 60.000004
07-28 18:25:14.402  3437  3796 D VRR [OPlusGameStatusManager]: updateGameAccelerationStatus pkgName: com.android.launcher mOSyncFeatureSwitch: false mIsGamePolicy: false mHeartStop: false mHasFlickerRisk: false mForceAcceleration: false mToastReady: false enable: false
07-28 18:25:14.402  3437  3796 D VRR [OPlusGameStatusManager]: updateToastStatus enableAcceleration: false toastReady: false isGamePolicy: false desiredModeId: 5
07-28 18:25:14.402  3437  3796 D VRR [OPlusGameStatusManager]: updateToastStatus enableAcceleration: false toastReady: false isGamePolicy: false desiredModeId: 5
07-28 18:25:14.402  3437  3796 D VRR [OPlusExternalRefreshRateManager]:  updateRenderPeriodChange configId:5 current refresh rate:60.000004
07-28 18:25:14.452  3437  3796 D VRR [OPlusSAManager]: setSAConfig scene: VRR_60 modeId: 5 auto: false fakeFrame: false
07-28 18:25:14.452  3437  3796 D VRR [OPlusSAManager]: updateAutoMinfps with nits: 90.89666, mHistOK true, mAmbientOK true, mCctOK true, mIrOK true, mBrightnessOK true, isPkgOK true, SA min fps: 119
07-28 18:25:14.452  3437  3796 D VRR [OPlusSurfaceFlingerController]: setAutoMode enable: false fakeFrame: false fps: 119
07-28 18:25:14.453  2146  2439 I VRR-[OPlusAdfrUtil]: ADFR try set Auto mode with mode 0 fakeframe 0 min fps 119
07-28 18:25:14.453  2146  2439 D VRR-[OPlusRefreshRateSelector]: OSyncModes add size is 1.
07-28 18:25:14.453  2146  2439 I VRR-[OPlusRefreshRateSelector]: updateAutoMode success, display 0, mode 0, fakeframe 0, min fps: 1
07-28 18:25:14.453  2146  3290 D VRR-[OPlusRefreshRateSelector]: handleSetHWCOSync
