07-29 14:08:00.810  4900  4900 I SystemUi--QuickSettings: TemporarilyInfoManager-->[setStarted] true
07-29 14:08:00.810  4900  4900 I SystemUi--QuickSettings: OplusQSRootViewController-->endClosing()
07-29 14:08:00.810  4900  4900 I SystemUi--Common: OplusShadeExpansionStat-->go state: OPENING -> OPEN
07-29 14:08:00.810  4900  4900 I SystemUi--Common: OplusShadeExpansionStat-->go state: OPENING -> OPEN
07-29 14:08:00.810  4900  4900 I SystemUi--Keyguard: ScrimControllerExImp-->blur State to UNLOCK, bouncer=false changeFromBouncerScrim= false runnerUnlock= false goingAway=false hasHandle=true isOccludeAnimationPlaying=false
07-29 14:08:00.810  4900  4900 I SystemUi--Common: PlatformBlurManagerImpl-->setPlatformBlurMode: blurMode=AUTO(blurFrequency=4)
07-29 14:08:00.810  4900  4900 I SystemUi--Common: PlatformBlurManagerImpl-->updateMotionFrequency: isExpanding=false
07-29 14:08:00.811  4900  4900 I SystemUi--Keyguard: ScrimControllerExImp-->blur State to UNLOCK, bouncer=false changeFromBouncerScrim= false runnerUnlock= false goingAway=false hasHandle=true isOccludeAnimationPlaying=false
07-29 14:08:00.811  4900  4900 I SystemUi--Device_Panel: OplusQSMyDeviceContainerViewController-->setQsDeviceExpansion expansion 1.0
07-29 14:08:00.811  4900  4900 I SystemUi--QuickSettings: QSPanelExpandFraction-->fractionAnimation onAnimationEnd, value=1.0
07-29 14:08:00.819  1924  5864 I SnapAlloc: Using graphics libs for alignment calculations
07-29 14:08:00.945  3387  3820 D VRR [OPlusSAManager]: updateAutoMinfps with nits: 123.14867, mHistOK true, mAmbientOK true, mCctOK true, mIrOK true, mBrightnessOK true, isPkgOK true, SA min fps: 119
07-29 14:08:00.946  3387  3820 D VRR [OPlusSurfaceFlingerController]: setAutoMode enable: true fakeFrame: true fps: 119
07-29 14:08:00.946  2192  2446 I VRR-[OPlusAdfrUtil]: ADFR try set Auto mode with mode 1 fakeframe 1 min fps 119
07-29 14:08:00.946  2192  2446 D VRR-[OPlusRefreshRateSelector]: OSyncModes add size is 1.
07-29 14:08:00.946  2192  2446 I VRR-[OPlusRefreshRateSelector]: updateAutoMode success, display 0, mode 0, fakeframe 1, min fps: 1
07-29 14:08:00.946  2192  3703 D VRR-[OPlusRefreshRateSelector]: handleSetHWCOSync
07-29 14:08:00.946  2192  3703 D VRR-[OPlusRefreshRateSelector]: OSyncModes remaining size is 0.
07-29 14:08:00.946  2192  3703 D VRR-[OPlusRefreshRateSelector]: SetHWCOSync with 5CC08181
07-29 14:08:00.946  1932  6409 I SDM     : DisplayBuiltIn::SetQSyncMode: VRR + update qsync mode 0 minfps 00C08181
07-29 14:08:00.949  1932  2231 E SDM     : DRMConnector::Perform: Connector 67: Setting Qsync min fps 12616065
07-29 14:08:00.972  1932  4481 I Dpps    : LtmSwState::SetParameter():144 ignore cmd 7 in state LtmOffState
07-29 14:08:00.972  3387  3796 D Arc[OplusBrightnessSceneAdapter]: Arc scene change!!! NormalScene -> StableScene [erraticScore:-1, stableScore:5467] isLuxRefresh:false
07-29 14:08:00.972  3387  3796 D Arc[OplusBrightnessAmbientAdapter[StabilityProcess]]: updateRangeStrategy: reason[SceneChange ] baseLux:532.7229, scene:StableScene large{248.16748, 1082.1301} largeForAux{248.16748, 1082.1301} small{428.47757, 636.96826} null
07-29 14:08:01.033  1997  1997 D SensorFeature: name=ssc_screenshot_info ,index = 22
07-29 14:08:01.033  1997  1997 D SensorFeature: write 29 bytes:57644281592,57652614925,157,0
07-29 14:08:01.153  3387  4417 V AlarmManager: sending alarm Alarm{8ede515 type 3 origWhen 39023 whenElapsed 39023 android} uid 1000 whenElapsed 39023 windowLength 18750 maxWhenElapsed 57773 repeatInterval 0 action null component null tag WifiHealthMonitor Schedule Post-Boot Detection Timer flags 0x8 procName system_server
07-29 14:08:01.162  2016  2061 D BatteryChargeControl: bcc get no support from charging protocol
07-29 14:08:01.238  1852  4490 I sensors-hal: handle_oplus_wise_rgb_event:189, high_pwm_light:lux 280.4,cct 3640.8,brl/algo/ir 1449.0/2.0/16.9,pwm/dc 0.0/0.0,rgbc 21657.335938/13650.471680/6266.085449/40170.679688,ts 57620174318,cnt 820,flag 157
07-29 14:08:01.240  1932  4481 I Dpps    : LtmSwState::SetParameter():144 ignore cmd 7 in state LtmOffState
07-29 14:08:01.307  1997  1997 D SensorFeature: name=ssc_screenshot_info ,index = 22
07-29 14:08:01.307  1997  1997 D SensorFeature: write 29 bytes:57918102894,57926436227,158,0
07-29 14:08:01.416  4900  5107 D OplusScrollToTopManager: NotificationShade,This com.android.systemui.shade.NotificationShadeWindowView{9fe2eb7 V.E...... ........ 0,0-1080,2376 #7f0a06b7 app:id/legacy_window_root alpha=1.0 viewInfo = } change focus to true
07-29 14:08:01.416  5284  5683 D OplusScrollToTopManager: com.android.launcher/com.android.launcher.Launcher,This com.android.internal.policy.DecorView{861b536 V.E...... R....... 0,0-1080,2376 aid=0 alpha=1.0 viewInfo = }[Launcher] change focus to false
07-29 14:08:01.416  4900  5107 D OplusScrollToTopManager: NotificationShade, registerGuidePopupDismissReceiverInSystemUI
07-29 14:08:01.417  4900  5107 D OplusScrollToTopManager: NotificationShade, after registerGuidePopupDismissReceiverInSystemUI
07-29 14:08:01.504  1932  4481 I Dpps    : LtmSwState::SetParameter():144 ignore cmd 7 in state LtmOffState
07-29 14:08:01.580  1997  1997 D SensorFeature: name=ssc_screenshot_info ,index = 22
07-29 14:08:01.581  1997  1997 D SensorFeature: write 29 bytes:58192220394,58200553727,159,0
07-29 14:08:01.652  3387  4246 I InputDispatcher: injectInputEvent: targetUid=<not set>, syncMode=WAIT_FOR_FINISHED, timeout=30000ms, policyFlags=0x8000000, event=MotionEvent { action=DOWN, id[0]=0, x[0]=877, y[0]=1330, eventTime=58272000000, downTime=58272000000, deviceId=4, source=TOUCHSCREEN, displayId=0, eventId=0xc7259b57}
07-29 14:08:01.652  3387  4849 I [UAH_CLIENT]: UahEventAcquire, cmdid:37, pkg:none, identity:OplusUAwareInputHelper
07-29 14:08:01.652  4900  4900 V AutofillManager: requestHideFillUi(null): anchor = null
07-29 14:08:01.652  4900  4900 V Application: getAutofillClient(): null on super, trying to find activity thread
07-29 14:08:01.652  4900  4900 V Application: getAutofillClient(): none of the 0 activities on com.android.systemui.SystemUIApplication@f795e6b are top resumed nor have focus
07-29 14:08:01.652  4900  4900 V AutofillManager: No AutofillClient for com.android.systemui on context com.android.systemui.SystemUIApplication@f795e6b
07-29 14:08:01.652  3387  3795 D PowerManagerService: userActivityNoUpdateLocked: groupId=0, eventTime=58272, event=touch, flags=0x0, uid=1000
07-29 14:08:01.653  3387  4849 D UAH-UahAdaptHelper: adaptSetNotification identity = OplusUAwareInputHelpersrc = 1000 , type 0 ,p1 = -1 ,p2 = -1 ,p3 = -1 ,p4 =
07-29 14:08:01.653  3387  4849 I [UAH_CLIENT]: uahRuleCtl, ruleId:1000, status:0
07-29 14:08:01.653  3387  4676 D OMP_Detector: D:done mCurrStatus: 0
07-29 14:08:01.653  4900  4900 I SystemUi--Common: ScrollTranslationValue-->resetPanelTranslationY
07-29 14:08:01.653  4900  4900 I SystemUi--QuickSettings: OplusPanelViewPagerController-->initExpanded downExpanded=QS downOnRight=true targetPage=QS downOnYHotArea=false  isKeyguardShowing=false isOnKeyguard=false fractionListeners.size=0 currentQsFraction=1.0 currentNotifyFraction=0.0 hasCalledDownEvent=true getScrollXHotZone=([Rect(0, 0 - 1080, 2376)], [Rect(-1, -1 - -1, -1), Rect(144, 2143 - 270, 2269), Rect(810, 2143 - 936, 2269)]) getScrollYHotZone=Rect(0, 0 - 1080, 222) notifyExpandedFraction=0.0 isLastUpToExpand=true qsPanelView.translationX=0.0
07-29 14:08:01.654  4900  4900 I SystemUi--QuickSettings: OplusQSRootViewController-->startExpandMotion event: 0, startTracking: false isClosing: false panelClosedOnDown: false
07-29 14:08:01.654  4900  4900 I SystemUi--QuickSettings: OplusQSRootViewController-->initialOffsetOnTouch: 2376.0, panelClosedOnDown: false
07-29 14:08:01.654  3387  4246 I InputDispatcher: injectInputEvent: targetUid=<not set>, syncMode=WAIT_FOR_FINISHED, timeout=30000ms, policyFlags=0x8000000, event=MotionEvent { action=UP, id[0]=0, x[0]=877, y[0]=1330, eventTime=58272000000, downTime=58272000000, deviceId=4, source=TOUCHSCREEN, displayId=0, eventId=0xc0960d91}
07-29 14:08:01.655  3387  4849 D UAH-UahAdaptHelper: adaptSetNotification identity = OplusUAwareInputHelpersrc = 1000 , type 1 ,p1 = -1 ,p2 = -1 ,p3 = -1 ,p4 =
07-29 14:08:01.655  3387  4849 I [UAH_CLIENT]: uahRuleCtl, ruleId:1000, status:1
07-29 14:08:01.655  4900  4900 I SystemUi--Statusbar: OplusStatusBarWindowViewTouchExImpl-->onTouchEvent handled:false
07-29 14:08:01.655  4900  4900 I SystemUi--QuickSettings: OplusPanelViewPagerController-->reset
07-29 14:08:01.655  4900  4900 I SystemUi--QuickSettings: OplusQSRootViewController-->resetTouch
07-29 14:08:01.655  4900  4900 D OplusViewDragTouchViewHelper: dispatchTouchView action = 1
07-29 14:08:01.655  4900  4900 D ViewRootImplExtImpl: the up motion event handled by client, just return
07-29 14:08:01.656  4900  4900 I SystemUi--QuickSettings: Tile.OplusAirplaneModeTile-->clicked ------ state is :2 canTips :true
07-29 14:08:01.656  4900  5341 V OplusCustomizeCacheManager: queryCache name: sys.cache.common_customize_cache18026 param: null
07-29 14:08:01.656  4900  5341 V OplusCustomizeCacheManager: queryCache name: sys.cache.common_customize_cache18026 param: null
07-29 14:08:01.658  3387  4655 D OplusWifiSwitchStateMonitor: mWifiSettingsValue:0
07-29 14:08:01.658  3387  4655 D OplusWifiSwitchStateMonitor: notify scan state: true
07-29 14:08:01.659  5075  5075 W Settings: Setting airplane_mode_on has moved from android.provider.Settings.System to android.provider.Settings.Global, returning read-only value.
07-29 14:08:01.659  5269  5269 D SubsysBroadcastManager: onReceive action:android.intent.action.AIRPLANE_MODE
07-29 14:08:01.659  4900  4900 I SystemUi--Statusbar: OplusStatusBarSignalPolicy-->imsIcon: OplusIMSModel(shouldShowVolte=false, shouldShowVowifi=false, simInserted=true, noSim=false, shouldShowVodata=false, shouldShowVo5G=false, vowifiState=false), OplusIMSModel(shouldShowVolte=false, shouldShowVowifi=false, simInserted=false, noSim=true, shouldShowVodata=false, shouldShowVo5G=false, vowifiState=false), noSubs:false, airplaneMode:falsevisible: false ,wifiConnect:false , vowifiIcon:0 , voDataStatus:false, is5GNewCall:false
07-29 14:08:01.659  4900  4900 I SystemUi--Statusbar: OplusStatusBarSignalPolicy-->noSimIcon simState: SimStateModel(simInserted=[true, false], simForbidden=[false, true], simStateIMSI=[true, false], simLoaded=[true, false]), noSubs:false isAirplaneMode:false
07-29 14:08:01.660  4900  4900 I SystemUi--Statusbar: OplusMobileIconViewModel-->isVisible subId:1 isAirplaneMode:false isAllowedDuringAirplaneMode:false isForceHidden:false isSatelliteForbid:false
07-29 14:08:01.660  4900  4900 I SystemUi--Statusbar: OplusStatusBarMobileViewBinder-->isVisible:true
07-29 14:08:01.660  4900  4900 I SystemUi--Statusbar: OplusStatusBarMobileViewBinder-->isVisible:true
07-29 14:08:01.660  4900  4900 I SystemUi--Statusbar: OplusStatusBarMobileViewBinder-->isVisible:true
07-29 14:08:01.660  4900  4900 I SystemUi--Statusbar: OplusStatusBarMobileViewBinder-->isVisible:true
07-29 14:08:01.660  4900  4900 I SystemUi--Statusbar: OplusStatusBarMobileViewBinder-->isVisible:true
07-29 14:08:01.660  1999  5213 E PerformanceService: [damon_reclaim] Failed to open wmarks_xxx, Linux version 6.6.30
07-29 14:08:01.660  3387  3387 D OplusWifiBroadCastDispatcher: mBroadcastReceiver: onReceiver  action=android.intent.action.AIRPLANE_MODE
07-29 14:08:01.660  4965  4965 W Settings: Setting airplane_mode_on has moved from android.provider.Settings.System to android.provider.Settings.Global, returning read-only value.
07-29 14:08:01.660  4965  4965 W Settings: Setting airplane_mode_on has moved from android.provider.Settings.System to android.provider.Settings.Global, returning read-only value.
07-29 14:08:01.660  4965  4965 W Settings: Setting airplane_mode_on has moved from android.provider.Settings.System to android.provider.Settings.Global, returning read-only value.
07-29 14:08:01.660  4965  4965 W Settings: Setting airplane_mode_on has moved from android.provider.Settings.System to android.provider.Settings.Global, returning read-only value.
07-29 14:08:01.660  5269  5269 D NetworkService[0]: onAirPlaneModeChange isAirPlaneModeOn:false
07-29 14:08:01.660  5269  5269 D NetworkService[1]: onAirPlaneModeChange isAirPlaneModeOn:false
07-29 14:08:01.660  5269  5269 D QuickChangeAirplaneModeEvent: airplane mode off
07-29 14:08:01.660  4965  4965 W Settings: Setting airplane_mode_on has moved from android.provider.Settings.System to android.provider.Settings.Global, returning read-only value.
07-29 14:08:01.660  5269  5269 W Settings: Setting airplane_mode_on has moved from android.provider.Settings.System to android.provider.Settings.Global, returning read-only value.
07-29 14:08:01.661  4965  4965 D PhoneGlobals: ACTION_AIRPLANE_MODE_CHANGED received
07-29 14:08:01.661  4965  4965 D PhoneGlobals: Receive ACTION_AIRPLANE_MODE_CHANGED, state: false
07-29 14:08:01.661  4965  4965 I PhoneGlobals: handleAirplaneModeChange: isAirplaneNewlyOn=false
07-29 14:08:01.661  4965  4965 D PhoneGlobals: handleAirplaneModeChange: isAirplaneNewlyOn = false, cellState = 2
07-29 14:08:01.661  4965  4965 I PhoneGlobals: Turning radio on - airplane
07-29 14:08:01.661  5050  6021 D ResidenceLocSm: onPreHandleMessage 49
07-29 14:08:01.661  5050  6021 D ResidenceLocSm: onPostHandleMessage 49
07-29 14:08:01.661  5050  6126 D ElevatorEvent: enableElevatorDetect mIsElevSensorReg = false
07-29 14:08:01.661  5050  6126 V SystemSensorManagerExtImpl: RegisterListener elevator_detect  Wakeup type:33171036 delay:200000us by com.oplus.nas.comm.event.ElevatorEvent$a@dff4d3 from com.oplus.nas
07-29 14:08:01.661  3387  3503 D SensorService: createSensorEventConnection packageName = com.oplus.nas.comm.event.ElevatorEvent, opPackageName = com.oplus.nas, mCurrentOperatingMode = 0, requestedMode = 0
07-29 14:08:01.661  5050  8015 I PCDR-common_no_service[0]: forbidden
07-29 14:08:01.661  5050  8015 I PCDR-common_no_45g[0]: forbidden
07-29 14:08:01.661  5050  8015 I PCDR-common_no_service[1]: forbidden
07-29 14:08:01.661  5050  8015 I PCDR-common_no_45g[1]: forbidden
07-29 14:08:01.662  5075  5075 I HidlServiceManagement: Trying to get transport of vendor.oplus.hardware.appradio@1.0::IOplusAppRadio/oplus_app_slot1 without hwservicemanager
07-29 14:08:01.662  5050  6023 D OplusLinkBoostMeeting: onAirplaneModeChange
07-29 14:08:01.662  5075  5075 E NhsAppRIL/0: in getOplusRadioProxy getService: Exception: java.util.NoSuchElementException
07-29 14:08:01.662  5050  6024 D NAS-CallIssueDetector: notifyApmChanged
07-29 14:08:01.662  7084 12867 I SettingImpl: isAirplaneModeToggleChecked switchValue: -1, airplane mode isChecked is false
07-29 14:08:01.662  3387  4340 E PerformanceManager: setDamonReclaimWmarks succeed.
07-29 14:08:01.663  5075  5075 D NhsElevatorReceiver: enableElevatorDetect mIsElevSensorReg = false
07-29 14:08:01.663  4900  5707 I SystemUi--QuickSettings: Tile.OplusAirplaneModeTile-->handleUpdateState state.state: 2 value: 0
07-29 14:08:01.663  4900  5707 V OplusCustomizeCacheManager: queryCache name: sys.cache.common_customize_cache18026 param: null
07-29 14:08:01.663  5075  5075 V SystemSensorManagerExtImpl: RegisterListener elevator_detect  Wakeup type:33171036 delay:200000us by t0.g$b@3364f9d from com.oplus.nhs
07-29 14:08:01.663  3387  3503 D SensorService: createSensorEventConnection packageName = t0.g, opPackageName = com.oplus.nhs, mCurrentOperatingMode = 0, requestedMode = 0
07-29 14:08:01.664  5050  6024 D NAS-CallIssueDetector: EVENT_SIM_STATE_CHANGE mSimState[0] LOADED
07-29 14:08:01.664  5050  6024 D SceneEvent: registerSensorMgr start
07-29 14:08:01.664  3387  4476 D BluetoothSystemServer: BluetoothRadioModeListener: Not sensitive to airplane_mode_radios change. Forced to false
07-29 14:08:01.664  3387  3503 W SensorService: SensorEventConnection sensor handle=1362, package = t0.g enable
07-29 14:08:01.664  3387  3503 E SensorService: Required app t0.g, uid 1001, pid 5075
07-29 14:08:01.664  5269  5269 D RadioMessenger: handleMessage Request msgid 2215
07-29 14:08:01.664  5119  7363 I txpwradmin:SettingsObserver: onChange for uri = content://settings/global/airplane_mode_on
07-29 14:08:01.664  3387  4654 D OplusWifiPower_ConnLpmEventObsever: AIRPLANE_MODE_ON:false
07-29 14:08:01.664  3387  4245 W SensorService: SensorEventConnection sensor handle=1362, package = com.oplus.nas.comm.event.ElevatorEvent enable
07-29 14:08:01.664  3387  4245 E SensorService: Required app com.oplus.nas.comm.event.ElevatorEvent, uid 1000, pid 5050
07-29 14:08:01.664  5269  5269 D RadioProxyJ: [PHONE0][91]> getNecData moduleId:1 evtId:[0, 16, 0, 0, 0, 0, 0, 0, 0, 0, 0, 0, 0, 0, 0, 0, 0, 0, 0, 0, 0, 0, 0, 0, 0, 0, 0, 0, 0, 0, 0, 0]
07-29 14:08:01.664  3387  4525 D WifiController: Airplane mode disabled, determine next state
07-29 14:08:01.665  3387  4476 D BluetoothSystemServer: AirplaneModeListener: Ignore mode change to same state. previousMode=false, isOn=false, isOnOverrode=false, isMediaConnected=false
07-29 14:08:01.665  3387  4525 D WifiActiveModeWarden: Starting primary ClientModeManager in scan only mode
07-29 14:08:01.665  4900  5707 V OplusCustomizeCacheManager: queryCache name: sys.cache.common_customize_cache11009 param: null
07-29 14:08:01.665  3383  3419 D QmiVsClient: getNecData - enter
07-29 14:08:01.665  3383  3419 E QmiVsClient: sendAsyncRequest QMI_VS_GET_NEC_DATA_REQ_MSG_V01 ret 0
07-29 14:08:01.665  3387  3503 D SensorService: Calling batch handle==1362 flags=0rate=200000000 timeout== 0
07-29 14:08:01.665  3387  3503 D SensorService: SensorDevice::batch: ident=0xb400006cfb507500, handle=0x00000552, flags=0, period_ns=200000000 timeout=0
07-29 14:08:01.665  3387  3503 D SensorService: 	>>> actuating h/w BATCH 0x00000552 200000000 0
07-29 14:08:01.666  3387  4525 D WifiController: DisabledState.exit()
07-29 14:08:01.666  3387  4525 D WifiController: EnabledState.enter()
07-29 14:08:01.666  3387  4525 D WifiClientModeManager[58285:unknown]: entering IdleState
07-29 14:08:01.666  1852  1852 I sensors-hal: batch:153, qti.sensor.elevator_detect/1362, period=200000000, max_latency=0
07-29 14:08:01.666  5150  5150 I QImsService: OplusWifiApmStateMgr : ACTION_AIRPLANE_MODE_CHANGED,mIsAirplaneModeOn: false
07-29 14:08:01.666  1852  1852 I sensors-hal: batch:175, qti.sensor.elevator_detect/1362, period=200000000, max_latency=0 request completed
07-29 14:08:01.666  5150  5150 I QImsService: OplusImsServiceSubImpl : onTurnOffImsAfterWifiChanged : false
07-29 14:08:01.666  5150  5150 I QImsService: OplusImsServiceSubImpl : onTurnOffImsAfterWifiChanged : false
07-29 14:08:01.666  3387  3503 D SensorService: Calling activate on 1362
07-29 14:08:01.666  3387  3503 D SensorService: SensorDevice::activate: ident=0xb400006cfb507500, handle=0x00000552, enabled=1, count=1
07-29 14:08:01.666  3387  3503 D SensorService: enable index=0
07-29 14:08:01.666  3387  3503 D SensorService: info.numActiveClients() = 1, info.isActive = 0
07-29 14:08:01.666  3387  3503 D SensorService: activateHardware = 1
07-29 14:08:01.666  3387  3503 D SensorService: 	>>> actuating h/w activate handle=1362 enabled=1
07-29 14:08:01.666  1852  1852 I sensors-hal: activate:112, qti.sensor.elevator_detect/1362 en=1
07-29 14:08:01.666  1852  1852 I sensors-hal: acquire_qsh_interface:131, acquire_qsh_interface with sensor_id 28 , conn_type 2 
07-29 14:08:01.666  5119  7363 D txpwrJni: sendRadioStatus start
07-29 14:08:01.667  1829  1894 E minksocket: MinkIPC ERROR: ( 1829:1894 ) MinkIPC_preProcess:272 Client down, but cannot find corresponding minksession
07-29 14:08:01.667  4900  4900 D RowAnimatorExtImpl: init:tx,view:StatusBarIconView(slot='volume' alpha=1.0 icon=StatusBarIcon(icon=Icon(typ=RESOURCE pkg=com.android.systemui id=0x7f0818f0) visible user=0 ) visibleState=ICON iconColor=#ccffffff staticDrawableColor=#ccffffff decorColor=#ffffffff animationStartColor=#0 currentSetColor=#ccffffff notification=null),translationX:  9.0  0.0  
07-29 14:08:01.667  4900  4900 D RowAnimatorExtImpl: init:tx,view:StatusBarIconView(slot='zen' alpha=1.0 icon=StatusBarIcon(icon=Icon(typ=RESOURCE pkg=com.android.systemui id=0x7f0818e1) visible user=0 ) visibleState=ICON iconColor=#ccffffff staticDrawableColor=#ccffffff decorColor=#ffffffff animationStartColor=#0 currentSetColor=#ccffffff notification=null),translationX:  57.0  48.0  
07-29 14:08:01.667  4900  4900 D RowAnimatorExtImpl: init:tx,view:StatusBarIconView(slot='volume' alpha=1.0 icon=StatusBarIcon(icon=Icon(typ=RESOURCE pkg=com.android.systemui id=0x7f0818f0) visible user=0 ) visibleState=ICON iconColor=#ccffffff staticDrawableColor=#ccffffff decorColor=#ffffffff animationStartColor=#0 currentSetColor=#ccffffff notification=null),translationX:  9.0  0.0  
07-29 14:08:01.667  4900  4900 D RowAnimatorExtImpl: init:tx,view:StatusBarIconView(slot='zen' alpha=1.0 icon=StatusBarIcon(icon=Icon(typ=RESOURCE pkg=com.android.systemui id=0x7f0818e1) visible user=0 ) visibleState=ICON iconColor=#ccffffff staticDrawableColor=#ccffffff decorColor=#ffffffff animationStartColor=#0 currentSetColor=#ccffffff notification=null),translationX:  57.0  48.0  
07-29 14:08:01.667  1829  1901 E minksocket: MinkIPC ERROR: ( 1829:1901 ) MinkIPC_preProcess:272 Client down, but cannot find corresponding minksession
07-29 14:08:01.667  4900  4900 D RowAnimatorExtImpl: init:tx,view:StatusBarIconView(slot='volume' alpha=1.0 icon=StatusBarIcon(icon=Icon(typ=RESOURCE pkg=com.android.systemui id=0x7f0818f0) visible user=0 ) visibleState=ICON iconColor=#ccffffff staticDrawableColor=#ccffffff decorColor=#ffffffff animationStartColor=#0 currentSetColor=#ccffffff notification=null),translationX:  9.0  0.0  
07-29 14:08:01.667  4900  4900 D RowAnimatorExtImpl: init:tx,view:StatusBarIconView(slot='zen' alpha=1.0 icon=StatusBarIcon(icon=Icon(typ=RESOURCE pkg=com.android.systemui id=0x7f0818e1) visible user=0 ) visibleState=ICON iconColor=#ccffffff staticDrawableColor=#ccffffff decorColor=#ffffffff animationStartColor=#0 currentSetColor=#ccffffff notification=null),translationX:  57.0  48.0  
07-29 14:08:01.668  1829  1894 E minksocket: MinkIPC ERROR: ( 1829:1894 ) MinkIPC_preProcess:272 Client down, but cannot find corresponding minksession
07-29 14:08:01.668  1829  1901 E minksocket: MinkIPC ERROR: ( 1829:1901 ) MinkIPC_preProcess:272 Client down, but cannot find corresponding minksession
07-29 14:08:01.668  1829  1894 E minksocket: MinkIPC ERROR: ( 1829:1894 ) MinkIPC_preProcess:272 Client down, but cannot find corresponding minksession
07-29 14:08:01.668  1829  1901 E minksocket: MinkIPC ERROR: ( 1829:1901 ) MinkIPC_preProcess:272 Client down, but cannot find corresponding minksession
07-29 14:08:01.669  4900  5707 I SystemUi--QuickSettings: Tile.OplusAirplaneModeTile-->handleUpdateState state.state: 1 value: 0
07-29 14:08:01.669  4900  5707 V OplusCustomizeCacheManager: queryCache name: sys.cache.common_customize_cache18026 param: null
07-29 14:08:01.669  1871  1871 W android.hardware.wifi-service: No active wlan interfaces in use! Using default
07-29 14:08:01.670  1852  1852 I sensors-hal: qsh_qmi:34, qsh_qmi
07-29 14:08:01.670  1852  1852 I sensors-hal: send_sync_sensor_request:443, send sync request
07-29 14:08:01.670  1852  1852 I sensors-hal: send_sync_sensor_request:472, wait for notification of response
07-29 14:08:01.670  1829  1894 E minksocket: MinkIPC ERROR: ( 1829:1894 ) MinkIPC_preProcess:272 Client down, but cannot find corresponding minksession
07-29 14:08:01.670  1829  1901 E minksocket: MinkIPC ERROR: ( 1829:1901 ) MinkIPC_preProcess:272 Client down, but cannot find corresponding minksession
07-29 14:08:01.670  3387  4525 D OplusWifiConcurrentManager: isConcurrentCombinationAllowed : createMode= 0, requestType =-1
07-29 14:08:01.671  3387  4525 I HalDevMgr: currentModeId=3, requestModeId=3, currentModeIdValid=true
07-29 14:08:01.671  1871  8476 D WifiHAL : wifi_set_interface_mode: ifname=wlan0 iface_type=0
07-29 14:08:01.671  1871  8476 I android.hardware.wifi-service: Adding interface handle for wifi-aware0
07-29 14:08:01.671  1852 13130 I sensors-hal: qsh_conn_resp_cb:793, resp_value = 0 for elevator_detect 
07-29 14:08:01.671  1871  8476 I android.hardware.wifi-service: Adding interface handle for wlan0
07-29 14:08:01.671  1871  8476 I android.hardware.wifi-service: Adding interface handle for p2p0
07-29 14:08:01.671  1852  1852 I sensors-hal: send_sync_sensor_request:478, takes 1 ms to receive the response with 0
07-29 14:08:01.671  1852  1852 I sensors-hal: activate:131, qti.sensor.elevator_detect/1362 en=1 completed
07-29 14:08:01.672  3387  3503 D SensorService: 0xb400006cfb507500 addFd fd=923
07-29 14:08:01.672  3387  4245 D SensorService: Calling batch handle==1362 flags=0rate=200000000 timeout== 0
07-29 14:08:01.672  3387  4245 D SensorService: SensorDevice::batch: ident=0xb400006cfb4adec0, handle=0x00000552, flags=0, period_ns=200000000 timeout=0
07-29 14:08:01.672  3387  4245 D SensorService: Calling activate on 1362
07-29 14:08:01.672  3387  4245 D SensorService: SensorDevice::activate: ident=0xb400006cfb4adec0, handle=0x00000552, enabled=1, count=2
07-29 14:08:01.672  3387  4245 D SensorService: enable index=0
07-29 14:08:01.672  3387  4245 D SensorService: info.numActiveClients() = 2, info.isActive = 1
07-29 14:08:01.672  3387  4245 D SensorService: activateHardware = 0
07-29 14:08:01.672  3387  4245 D SensorService: 0xb400006cfb4adec0 addFd fd=911
07-29 14:08:01.672  5050  6126 D ElevatorEvent: elevator:registerForElevatorDetect  , true mIsElevSensorReg = true
07-29 14:08:01.672  5050  6126 D SceneEvent: registerSensorMgr start
07-29 14:08:01.672  5050  6126 D SceneEvent: registerSensorMgr already start,return
07-29 14:08:01.673  3387  4525 D HalDevMgr: updateRttController: no one is interested in RTT controllers
07-29 14:08:01.673  3387  4525 E HalDevMgr: removeP2pAndSapCombination do nothing: mIsAddedP2pAndSapCombination = false
07-29 14:08:01.673  1871  8476 W android.hardware.wifi-service: AIBinder_linkToDeath is being called with a non-null cookie and no onUnlink callback set. This might not be intended. AIBinder_DeathRecipient_setOnUnlinked should be called first.
07-29 14:08:01.674  1871  8476 I android.hardware.wifi-service: twtRegisterEvents is not supported-3
07-29 14:08:01.674  5075  5075 D NhsElevatorReceiver: elevator:registerForElevatorDetect  , true mIsElevSensorReg = true
07-29 14:08:01.674  5075  5075 D NhsSceneReceiver: registerSensorMgr start
07-29 14:08:01.674  5075  5075 V SystemSensorManagerExtImpl: RegisterListener oplus_activity_recognition  Wakeup type:33171037 delay:200000us by t0.k$a@acfec12 from com.oplus.nhs
07-29 14:08:01.674  3387  4245 D SensorService: createSensorEventConnection packageName = t0.k, opPackageName = com.oplus.nhs, mCurrentOperatingMode = 0, requestedMode = 0
07-29 14:08:01.675  4900  5148 I SystemUi--QuickSettings: Tile.OplusCellularTile-->updateCarrierText: dialog not showing, ignore
07-29 14:08:01.675  3383  3956 D QmiVsClient: getNecData callback - enter
07-29 14:08:01.675  3387  5387 W SensorService: SensorEventConnection sensor handle=1372, package = t0.k enable
07-29 14:08:01.675  3387  5387 E SensorService: Required app t0.k, uid 1001, pid 5075
07-29 14:08:01.675  3387  5387 D SensorService: enable sensor send lastEvent 1372
07-29 14:08:01.675  4900  5148 D SimStateHelper: slot:0, lock state:Bundle[mParcelledData.dataSize=56]
07-29 14:08:01.675  3383  3419 D VsProxy : handleMessage msg is 4001
07-29 14:08:01.675  3383  3419 D RadioProxy: getNecData : response cb for instance 0
07-29 14:08:01.675  4900  5148 D SimStateHelper: slot:1, lock state:Bundle[mParcelledData.dataSize=56]
07-29 14:08:01.675  4900  5148 D SimStateHelper: needDisableMenu: slot1State=-1; slot2State=-1
07-29 14:08:01.675  4900  5148 D SimStateHelper: needDisableMenu:false
07-29 14:08:01.675  1871  8476 W android.hardware.wifi-service: AIBinder_linkToDeath is being called with a non-null cookie and no onUnlink callback set. This might not be intended. AIBinder_DeathRecipient_setOnUnlinked should be called first.
07-29 14:08:01.675  3387  5387 D SensorService: Calling batch handle==1372 flags=0rate=200000000 timeout== 0
07-29 14:08:01.675  3387  5387 D SensorService: SensorDevice::batch: ident=0xb400006cfb4af900, handle=0x0000055c, flags=0, period_ns=200000000 timeout=0
07-29 14:08:01.675  3387  5387 D SensorService: Calling activate on 1372
07-29 14:08:01.675  3387  5387 D SensorService: SensorDevice::activate: ident=0xb400006cfb4af900, handle=0x0000055c, enabled=1, count=4
07-29 14:08:01.675  3387  5387 D SensorService: enable index=0
07-29 14:08:01.675  3387  5387 D SensorService: info.numActiveClients() = 4, info.isActive = 1
07-29 14:08:01.675  3387  5387 D SensorService: activateHardware = 0
07-29 14:08:01.675  3387  5387 D SensorService: 0xb400006cfb4af900 addFd fd=933
07-29 14:08:01.675  5075  5075 D NhsSceneReceiver: sensor name is oplus_activity_recognition  Wakeup, registerState:true
07-29 14:08:01.676  5075  5075 D NhsSceneReceiver: onAccuracyChanged
07-29 14:08:01.676  1871  8476 D WifiHAL : wifi_get_chip_capabilities: max mlo assoc link cnt: 2 str link cnt 2
07-29 14:08:01.676  5075  5405 D NhsSceneReceiver: onSensorChanged: name = oplus_activity_recognition  Wakeup
07-29 14:08:01.676  5075  5075 E NhsAppRILMsger: EVENT_REQ_EVENT_DONE Error received :com.android.internal.telephony.CommandException: RADIO_NOT_AVAILABLE
07-29 14:08:01.676  5075  5405 D NhsSceneReceiver: enter still_state
07-29 14:08:01.676  5269  8948 D RadioProxyJ: [PHONE0][91]< getNecDataResponse ******
07-29 14:08:01.676  5269  5269 D MessengerResponseHandler: handleMessage Response msgid 206
07-29 14:08:01.676  3387  4525 D WifiNl80211Manager: Setting up interface for client mode: wlan0
07-29 14:08:01.677  2735  2735 I wificond: Current driver country code US
07-29 14:08:01.677  3387  5387 D WifiNl80211Manager: OnRegDomainChanged US
07-29 14:08:01.677  2735  2735 I wificond: createClientInterface: wiphy_index 0 iface_name wlan0
07-29 14:08:01.677  3387  5387 D WifiNative: onCountryCodeChanged: US
07-29 14:08:01.677  3387  5387 I WifiCountryCode: Receive onDriverCountryCodeChanged US
07-29 14:08:01.677  3387  5387 D WifiScanRequestProxy: Sending scan available broadcast: true
07-29 14:08:01.677  2735  2735 I wificond: create scanner for interface with index: 27
07-29 14:08:01.677  2735  2735 I wificond: subscribe scan result for interface with index: 27
07-29 14:08:01.677  3387  4530 I WifiScanningService: Received a request to enable scanning, UID = 1000
07-29 14:08:01.678  3387  5387 I WifiScanRequestProxy: Scanning is enabled
07-29 14:08:01.678  3387  5387 I WifiScanRequestProxy: Scanning for hidden networks is disabled
07-29 14:08:01.678  3387  3387 D OplusWifiBroadCastDispatcher: mBroadcastReceiver: onReceiver  action=android.net.wifi.action.WIFI_SCAN_AVAILABILITY_CHANGED
07-29 14:08:01.678  3387  4656 D OplusWifiPower_ConnLpmEventObsever: onReceive EXTRA_SCAN_AVAILABLE availabe = true
07-29 14:08:01.678  3387  4656 D OplusWifiPowerService: onReceive action:android.net.wifi.action.WIFI_SCAN_AVAILABILITY_CHANGED
07-29 14:08:01.678  3387  4656 D OplusWifiSwitchStateMonitor: scan settings change to true
07-29 14:08:01.678  2735  2735 I wificond: add channel type 0 support at wiphy index: 0
07-29 14:08:01.678  2735  2735 I wificond: add channel type 1 support at wiphy index: 0
07-29 14:08:01.678  7067  7067 I OsAgent : onReceive: android.net.wifi.action.WIFI_SCAN_AVAILABILITY_CHANGED
07-29 14:08:01.679  7067  7346 I OsAgent : updateWiFiScanAvailState, scanAvailable: true
07-29 14:08:01.679  7067  7346 D OsAgentAidlClient: [bool_dataitem_update][1570] [HC] =>> [HS]
07-29 14:08:01.679  3387  5387 W BestClock: java.time.DateTimeException: Missing network time fix
07-29 14:08:01.679  1729  1776 E TetherController: property_get sys.radio.data.modem_share_flag return 0, 1!
07-29 14:08:01.679  3387  4525 I WifiNative: Interface state changed on Iface:{Name=wlan0,Id=1,Type=STA_SCAN}, isUp=true
07-29 14:08:01.679  1871  8476 I WifiHAL : mpdu_size_threshold : 128, aggressive_statistics_gathering : 0
07-29 14:08:01.680  3387  4525 I WifiNative: Successfully setup Iface:{Name=wlan0,Id=1,Type=STA_SCAN}
07-29 14:08:01.680  3387  4525 E SupplicantStaIfaceHalAidlImpl: Can't call getKeyMgmtCapabilities, ISupplicantStaIface is null for iface=wlan0
07-29 14:08:01.680  1846  1907 I LocSvc_SystemStatusOsObserver: sendCachedDataItems:471] DataItem: IS_WIFI_HARDWARE_ON: true >> Wiper
07-29 14:08:01.680  1846  1927 I LocSvc_api_v02: ---> locClientSendReq line 2409 QMI_LOC_NOTIFY_WIFI_ENABLED_STATUS_REQ_V02
07-29 14:08:01.681  1846  4054 I LocSvc_ApiV02: <--- globalRespCb line 282 QMI_LOC_NOTIFY_WIFI_ENABLED_STATUS_REQ_V02
07-29 14:08:01.681  3387  5387 W BestClock: java.time.DateTimeException: Missing network time fix
07-29 14:08:01.682  1852  8066 I sensors-hal: qsh_conn_event_cb:756, event[0] msg_id=1025, ts=1201741933, sensor_type = oplus_activity_recognition  Wakeup
07-29 14:08:01.682  1852  8066 E sensors-hal: handle_sns_std_sensor_event:72, oplus_activity_recognition output: count: 1.000000, index: 1.000000, incar_state: 0.000000, actvity_mode: 3.000000, delta_time: 0.000000 !
07-29 14:08:01.682  1871  8476 I WifiHAL : wifi_get_supported_radio_combinations_matrix: enter
07-29 14:08:01.682  1871  8476 I WifiHAL : wifi_parse_radio_combinations_matrix: radio_combinations[1]: num_radio_configurations 1
07-29 14:08:01.682  1871  8476 I WifiHAL : wifi_parse_radio_combinations_matrix: radio_combinations[2]: num_radio_configurations 1
07-29 14:08:01.682  1871  8476 I WifiHAL : wifi_parse_radio_combinations_matrix: radio_combinations[3]: num_radio_configurations 1
07-29 14:08:01.682  1871  8476 I WifiHAL : wifi_parse_radio_combinations_matrix: radio_combinations[4]: num_radio_configurations 2
07-29 14:08:01.682  1871  8476 I WifiHAL : wifi_parse_radio_combinations_matrix: radio_combinations[5]: num_radio_configurations 2
07-29 14:08:01.682  1871  8476 I WifiHAL : wifi_parse_radio_combinations_matrix: radio_combinations[6]: num_radio_configurations 2
07-29 14:08:01.682  1871  8476 I WifiHAL : wifi_parse_radio_combinations_matrix: num_radio_combinations 6, radio_matrix_size 100
07-29 14:08:01.682  5050  5764 D SceneEvent: onSensorChanged: name = oplus_activity_recognition  Wakeup
07-29 14:08:01.682  5075  5405 D NhsSceneReceiver: onSensorChanged: name = oplus_activity_recognition  Wakeup
07-29 14:08:01.682  3387  4525 E SupplicantStaIfaceHalAidlImpl: Can't call getWpaDriverCapabilities, ISupplicantStaIface is null for iface=wlan0
07-29 14:08:01.683  3387  4525 E WifiStaIfaceAidlImpl: getTwtCapabilities failed with service-specific exception: android.os.ServiceSpecificException:  (code 4)
07-29 14:08:01.683  3387  4525 E WifiChipAidlImpl: enableStaChannelForPeerNetwork failed with service-specific exception: android.os.ServiceSpecificException:  (code 4)
07-29 14:08:01.683  3387  4525 D WifiNative: setWifiNativeInterfaceEventCallback
07-29 14:08:01.683  3387  5387 W BestClock: java.time.DateTimeException: Missing network time fix
07-29 14:08:01.683  3387  4525 D WifiClientModeManager[58285:wlan0]: entering StartedState
07-29 14:08:01.683  5050  6023 W BestClock: java.time.DateTimeException: Missing network time fix
07-29 14:08:01.683  1871  1871 E WifiHAL : wifi_get_gscan_capabilities: GSCAN is not supported by driver
07-29 14:08:01.684  3387  4530 E WifiStaIfaceAidlImpl: getBackgroundScanCapabilities failed with service-specific exception: android.os.ServiceSpecificException:  (code 4)
07-29 14:08:01.684  5050  6023 V MonthTrafficAlert: getWarningNotification subId:1 numWarningNotificaion:0
07-29 14:08:01.684  3387  4525 D WifiClientModeManager[58285:wlan0]: entering ScanOnlyModeState
07-29 14:08:01.684  3387  4525 D WifiScanRequestProxy: Sending scan available broadcast: true
07-29 14:08:01.684  3387  4525 I WifiScanRequestProxy: Scanning is enabled
07-29 14:08:01.684  3387  4525 I WifiScanRequestProxy: Scanning for hidden networks is disabled
07-29 14:08:01.684  1871  1871 D WifiHAL : wifi_multi_sta_set_use_case: 0
07-29 14:08:01.684  7067  7067 I OsAgent : onReceive: android.net.wifi.action.WIFI_SCAN_AVAILABILITY_CHANGED
07-29 14:08:01.684  7067  7346 I OsAgent : updateWiFiScanAvailState, scanAvailable: true
07-29 14:08:01.685  3387  3387 D OplusWifiBroadCastDispatcher: mBroadcastReceiver: onReceiver  action=android.net.wifi.action.WIFI_SCAN_AVAILABILITY_CHANGED
07-29 14:08:01.685  3387  4656 D OplusWifiPower_ConnLpmEventObsever: onReceive EXTRA_SCAN_AVAILABLE availabe = true
07-29 14:08:01.685  3387  4656 D OplusWifiPowerService: onReceive action:android.net.wifi.action.WIFI_SCAN_AVAILABILITY_CHANGED
07-29 14:08:01.685  3387  4656 D OplusWifiSwitchStateMonitor: scan settings change to true
07-29 14:08:01.685  3387  4525 D WifiCountryCode: evaluateAllCmmStateAndApplyIfAllReady: {ConcreteClientModeManager{id=58285 iface=wlan0 role=ROLE_CLIENT_SCAN_ONLY}=true}
07-29 14:08:01.686  3387  4530 I WifiScanningService: Created a new impl for wlan0
07-29 14:08:01.686  3387  4530 I WifiScanningService: Received a request to enable scanning, UID = 1000
07-29 14:08:01.686  3387  4530 I WifiScanningService: scanner impls already exists
07-29 14:08:01.686  3387  4525 D WifiCountryCode: Reading country code from telephony
07-29 14:08:01.686  3387  4530 I WifiScanningService: wifi driver loaded with scan capabilities: max buckets=16
07-29 14:08:01.686  3387  4530 E WifiScanningService: wifi driver loaded received while already loaded
07-29 14:08:01.686  3387  4525 D WifiCountryCode: Set telephony country code to: 
07-29 14:08:01.686  3387  4525 D WifiCountryCode: updateCountryCode to US
07-29 14:08:01.686  3387  4525 D WifiCountryCode: setCountryCodeNative: US, isClientModeOnly: true mDriverCountryCode: US
07-29 14:08:01.686  3387  5387 W BestClock: java.time.DateTimeException: Missing network time fix
07-29 14:08:01.689  5222  6278 D IWlanJni: getDataRegistrationState start
07-29 14:08:01.690  4900  5707 V OplusCustomizeCacheManager: queryCache name: sys.cache.common_customize_cache18014 param: null
07-29 14:08:01.690  5222  6278 D IWlanJni: getDataRegistrationState start
07-29 14:08:01.690  4900  5707 V OplusCustomizeCacheManager: queryCache name: sys.cache.common_customize_cache18017 param: Bundle[{SETTING=BLOCK, BUSINESS=NCT-DATA}]
07-29 14:08:01.690  4900  5707 V OplusCustomizeCacheManager: queryCache name: sys.cache.common_customize_cache18013 param: null
07-29 14:08:01.690  5222  6294 D IWlanJni: new aidl event arrived
07-29 14:08:01.690  5222  6294 D IWlanJni: handleEvent 10
07-29 14:08:01.690  5222  6294 D IWlanJni: isThreadAttached start
07-29 14:08:01.690  5222  6294 D IWlanJni: jni detached
07-29 14:08:01.690  5222  6294 D IWlanJni: jni attached
07-29 14:08:01.690  5222  6294 D IWlanJni: getDataRegistrationStateResponse start
07-29 14:08:01.690  5222  6294 D IWlanJni: getJavaCallbackClass start
07-29 14:08:01.690  5222  6294 D IWlanJni: getJavaCallbackClass End midIs[1]
07-29 14:08:01.690  5222  6294 I IWlanAidlClient: getDataRegistrationStateResponse called
07-29 14:08:01.690  5222  6293 W IWlanNetworkService: 7 > Response Processed
07-29 14:08:01.690  5222  6299 D IWlanJni: new aidl event arrived
07-29 14:08:01.690  5222  6299 D IWlanJni: handleEvent 10
07-29 14:08:01.690  5222  6299 D IWlanJni: isThreadAttached start
07-29 14:08:01.690  5222  6299 D IWlanJni: jni detached
07-29 14:08:01.690  5222  6299 D IWlanJni: jni attached
07-29 14:08:01.690  5222  6299 D IWlanJni: getDataRegistrationStateResponse start
07-29 14:08:01.690  5222  6299 D IWlanJni: getJavaCallbackClass start
07-29 14:08:01.690  5222  6299 D IWlanJni: getJavaCallbackClass End midIs[1]
07-29 14:08:01.690  5222  6299 I IWlanAidlClient: getDataRegistrationStateResponse called
07-29 14:08:01.691  5222  6298 W IWlanNetworkService: 6 > Response Processed
07-29 14:08:01.693  5222  6278 D IWlanJni: getDataRegistrationState start
07-29 14:08:01.694  4965  4965 D OplusTelephonyController: onSignalStrengthChanged: SignalStrength=SignalStrength:{mCdma=CellSignalStrengthCdma: cdmaDbm=2147483647 cdmaEcio=2147483647 evdoDbm=2147483647 evdoEcio=2147483647 evdoSnr=2147483647 level=0,mGsm=CellSignalStrengthGsm: rssi=2147483647 ber=2147483647 mTa=2147483647 mLevel=0,mWcdma=CellSignalStrengthWcdma: ss=2147483647 ber=2147483647 rscp=2147483647 ecno=2147483647 level=0,mTdscdma=CellSignalStrengthTdscdma: rssi=2147483647 ber=2147483647 rscp=2147483647 level=0,mLte=CellSignalStrengthLte: rssi=2147483647 rsrp=2147483647 rsrq=2147483647 rssnr=2147483647 cqiTableIndex=2147483647 cqi=2147483647 ta=2147483647 level=0 parametersUseForLevel=0,mNr=CellSignalStrengthNr:{ csiRsrp = 2147483647 csiRsrq = 2147483647 csiCqiTableIndex = 2147483647 csiCqiReport = [] ssRsrp = 2147483647 ssRsrq = 2147483647 ssSinr = 2147483647 level = 0 parametersUseForLevel = 0 timingAdvance = 2147483647 },primary=CellSignalStrengthLte}
07-29 14:08:01.694  3387  3503 I OplusBinderProxy: pb uid: 10215 pid: 10907 desc: com.android.internal.telephony.IPhoneStateListener/10
07-29 14:08:01.694  5222  6294 D IWlanJni: new aidl event arrived
07-29 14:08:01.694  5222  6294 D IWlanJni: handleEvent 10
07-29 14:08:01.694  5222  6294 D IWlanJni: isThreadAttached start
07-29 14:08:01.694  5222  6294 D IWlanJni: jni detached
07-29 14:08:01.694  1846  3764 E LOCRIL_SESSION: operator():200] SubId: 1 Failed to get sim IO with error: 11
07-29 14:08:01.694  5222  6294 D IWlanJni: jni attached
07-29 14:08:01.694  5222  6294 D IWlanJni: getDataRegistrationStateResponse start
07-29 14:08:01.694  5222  6294 D IWlanJni: getJavaCallbackClass start
07-29 14:08:01.694  5222  6294 D IWlanJni: getJavaCallbackClass End midIs[1]
07-29 14:08:01.694  5222  6294 I IWlanAidlClient: getDataRegistrationStateResponse called
07-29 14:08:01.694  5222  6293 W IWlanNetworkService: 8 > Response Processed
07-29 14:08:01.695  5050  7177 D SaDataService: onTelephonyEventReport , subId= 0,slotId=-1 eventId=6030
07-29 14:08:01.695  5050  7177 D TelephonyImpl: notify eventId:6030 for list size:2
07-29 14:08:01.695  5269  5269 D SubsysEventListenerManager-SubsysTelephonyCallback[0]: onSignalStrengthsChanged
07-29 14:08:01.695  1846  3764 E LOCRIL_SESSION: operator():200] SubId: 1 Failed to get sim IO with error: 11
07-29 14:08:01.696  5269  8948 D VendorTelephonyService: onTelephonyEventReport slotId =0 eventId=6030
07-29 14:08:01.696  1846  3764 E LOCRIL_SESSION: operator():241] SubId: 1 Failed to get sim IMSI with error: 11
07-29 14:08:01.696  5269  8948 D VendorTelephonyService: onTelephonyEventReport slotId =0 eventId=6030
07-29 14:08:01.696  1846  3764 E LOCRIL_SESSION: operator():241] SubId: 1 Failed to get sim IMSI with error: 11
07-29 14:08:01.697  5269  5269 D VendorCallService: notityEventUpdate, eventId:6030, slotId = 0
07-29 14:08:01.698  3387  5387 W BestClock: java.time.DateTimeException: Missing network time fix
07-29 14:08:01.698  5269  8948 D VendorTelephonyService: onTelephonyEventReport slotId =0 eventId=6030
07-29 14:08:01.698  5050  7177 D SaDataService: onTelephonyEventReport , subId= 0,slotId=-1 eventId=6030
07-29 14:08:01.698  5050  7177 D TelephonyImpl: notify eventId:6030 for list size:2
07-29 14:08:01.699  5269  8948 D VendorTelephonyService: onTelephonyEventReport slotId =0 eventId=6030
07-29 14:08:01.699  5222  6278 D IWlanJni: getDataRegistrationState start
07-29 14:08:01.699  5269  5269 D VendorCallService: notityEventUpdate, eventId:6030, slotId = 0
07-29 14:08:01.700  5222  6299 D IWlanJni: new aidl event arrived
07-29 14:08:01.700  5222  6299 D IWlanJni: handleEvent 10
07-29 14:08:01.700  5222  6299 D IWlanJni: isThreadAttached start
07-29 14:08:01.700  5222  6299 D IWlanJni: jni detached
07-29 14:08:01.700  5032  5065 D QtiOemHookAidl: oemHookRawIndication length=24
07-29 14:08:01.700  1846  3762 W LOCRIL_SESSION: operator():307] cellInfo list size is 0, Voice state: 3, data state: 3
07-29 14:08:01.700  5222  6299 D IWlanJni: jni attached
07-29 14:08:01.700  5222  6299 D IWlanJni: getDataRegistrationStateResponse start
07-29 14:08:01.700  5222  6299 D IWlanJni: getJavaCallbackClass start
07-29 14:08:01.700  5222  6299 D IWlanJni: getJavaCallbackClass End midIs[1]
07-29 14:08:01.700  5222  6299 I IWlanAidlClient: getDataRegistrationStateResponse called
07-29 14:08:01.700  5032  5032 D QcrilMsgTunnelIfaceManager: handleMessage what = 0
07-29 14:08:01.700  5222  6298 W IWlanNetworkService: 9 > Response Processed
07-29 14:08:01.701  2005  2029 E PowerMonitorService: Failed to open /proc/horae_qmi (2): No such file or directory
07-29 14:08:01.701  5032  5032 D QC_RIL_OEM_HOOK: Received Broadcast Intent ACTION_UNSOL_RESPONSE_OEM_HOOK_RAW
07-29 14:08:01.702  5032  5071 D QtiOemHookAidl: oemHookRawIndication length=24
07-29 14:08:01.702  5269  5269 D SubsysEventListenerManager-SubsysTelephonyCallback[0]: onRadioPowerStateChanged state:1
07-29 14:08:01.702  5032  5032 D QcrilMsgTunnelIfaceManager: handleMessage what = 0
07-29 14:08:01.702  3387  4245 W BestClock: java.time.DateTimeException: Missing network time fix
07-29 14:08:01.702  5032  5032 D DeviceInfoAidlClient: onRadioPowerStateChanged
07-29 14:08:01.702  5032  5032 D DeviceInfoAidlClient: mRadioStateHdlr handleMessage()1
07-29 14:08:01.702  5032  5032 D DeviceInfoAidlClient: isRadioOn()=true
07-29 14:08:01.702  5032  5032 I DeviceInfoAidlClient: sendFeaturesSupported: power info support-true interactive state support-true
07-29 14:08:01.703  2005  2029 E PowerMonitorService: Failed to open /proc/horae_qmi (2): No such file or directory
07-29 14:08:01.703  4900  5707 V OplusCustomizeCacheManager: queryCache name: sys.cache.common_customize_cache18014 param: null
07-29 14:08:01.703  4900  5707 V OplusCustomizeCacheManager: queryCache name: sys.cache.common_customize_cache18017 param: Bundle[{SETTING=BLOCK, BUSINESS=NCT-DATA}]
07-29 14:08:01.703  4900  5707 V OplusCustomizeCacheManager: queryCache name: sys.cache.common_customize_cache18013 param: null
07-29 14:08:01.703  5150  6566 I QImsService: ImsRadioIndicationAidl : onRadioStateChanged()[SUB1]
07-29 14:08:01.703  5150  6566 I QImsService: ImsSenderRxr : [UNSL]< UNSOL_RADIO_STATE_CHANGED RADIO_ON[SUB1]
07-29 14:08:01.704  5032  5065 I DeviceInfoAidlClient: onPowerInfoReportingChanged - reporting enabled true [15, 20, 30, 50, 80]
07-29 14:08:01.704  5032  5065 D DeviceInfoAidlClient: isRadioOn()=true
07-29 14:08:01.704  5032  5065 I DeviceInfoAidlClient: isPowerInfoNeverSent=true batteryLevel=100 batteryLevelIndex=5 chargingMode=2 totalCapacity=5020000 powerSaveMode=false
07-29 14:08:01.704  5032  5065 I DeviceInfoAidlClient: onDeviceInfoReportingChanged - reporting enabled true
07-29 14:08:01.705  5222  6278 D IWlanJni: getDataRegistrationState start
07-29 14:08:01.706  5032  5032 D DeviceStatisticsService: onReceive: action= org.codeaurora.intent.action.RADIO_POWER_STATE
07-29 14:08:01.706  5032  5032 I DeviceStatisticsService: Receiving radio_power_state_changed, mIsDeviceInfoInitialized = true
07-29 14:08:01.706  5032  5032 I DeviceStatisticsService: radio power state changed to 1 for slot: 0
07-29 14:08:01.706  5032  5032 D DeviceInfoAidlClient: isRadioOn()=true
07-29 14:08:01.706  5032  5032 I DeviceInfoAidlClient: sendFeaturesSupported: power info support-true interactive state support-true
07-29 14:08:01.706  5032  5032 D QC_RIL_OEM_HOOK: Received Broadcast Intent ACTION_UNSOL_RESPONSE_OEM_HOOK_RAW
07-29 14:08:01.706  5222  6294 D IWlanJni: new aidl event arrived
07-29 14:08:01.706  5222  6294 D IWlanJni: handleEvent 10
07-29 14:08:01.706  5222  6294 D IWlanJni: isThreadAttached start
07-29 14:08:01.706  5222  6294 D IWlanJni: jni detached
07-29 14:08:01.706  5222  6294 D IWlanJni: jni attached
07-29 14:08:01.706  5222  6294 D IWlanJni: getDataRegistrationStateResponse start
07-29 14:08:01.706  5222  6294 D IWlanJni: getJavaCallbackClass start
07-29 14:08:01.706  5222  6294 D IWlanJni: getJavaCallbackClass End midIs[1]
07-29 14:08:01.706  5222  6294 I IWlanAidlClient: getDataRegistrationStateResponse called
07-29 14:08:01.706  5222  6293 W IWlanNetworkService: 10 > Response Processed
07-29 14:08:01.707  5032  5065 D DeviceInfoAidlClient: getDeviceInfoSupportStatus()=1
07-29 14:08:01.707  5032  5065 D DeviceInfoAidlClient: isRadioOn()=true
07-29 14:08:01.707  5032  5065 I DeviceInfoAidlClient: deviceState=2
07-29 14:08:01.708  3387  5193 W BestClock: java.time.DateTimeException: Missing network time fix
07-29 14:08:01.709  5150  6566 I QImsService: ImsRadioIndicationAidl : onRadioStateChanged()[SUB0]
07-29 14:08:01.709  5150  6566 I QImsService: ImsSenderRxr : [UNSL]< UNSOL_RADIO_STATE_CHANGED RADIO_ON[SUB0]
07-29 14:08:01.709  2735  2735 I wificond: Regulatory domain changed to country: US on wiphy_index: 0
07-29 14:08:01.709  2735  2735 I wificond: UpdateBandInfo
07-29 14:08:01.709  3387  5526 D WifiNl80211Manager: OnRegDomainChanged US
07-29 14:08:01.709  3387  5526 D WifiNative: onCountryCodeChanged: US
07-29 14:08:01.709  6383  6383 I wpa_supplicant: p2p0: CTRL-EVENT-REGDOM-CHANGE init=DRIVER type=COUNTRY alpha2=US
07-29 14:08:01.709  3387  5526 I WifiCountryCode: Receive onDriverCountryCodeChanged US
07-29 14:08:01.710  2735  2735 I wificond: 2.4Ghz frequencies: 2412 2417 2422 2427 2432 2437 2442 2447 2452 2457 2462
07-29 14:08:01.710  2735  2735 I wificond: 5Ghz non-DFS frequencies: 5180 5200 5220 5240 5745 5765 5785 5805 5825
07-29 14:08:01.710  2735  2735 I wificond: 5Ghz DFS frequencies: 5260 5280 5300 5320 5500 5520 5540 5560 5580 5600 5620 5640 5660 5680 5700
07-29 14:08:01.710  2735  2735 I wificond: 6Ghz frequencies:
07-29 14:08:01.710  2735  2735 I wificond: 60Ghz frequencies:
07-29 14:08:01.710  1846  3762 W LOCRIL_SESSION: operator():307] cellInfo list size is 0, Voice state: 3, data state: 3
07-29 14:08:01.710  4965  4965 V OplusCustomizeCacheManager: queryCache name: sys.cache.common_customize_cache18016 param: null
