device
--------- beginning of system
07-29 14:07:52.155  3387  4409 D ActivityManager: freezing 10104 com.android.shell
07-29 14:07:52.157  3387  4409 D ActivityManager: reportOneUidFrozenStateChanged uid 2000 frozen = true
--------- beginning of main
07-29 14:07:52.157  2016  2061 D BatteryChargeControl: bcc get no support from charging protocol
07-29 14:07:52.160  3387  4534 D InetDiagMessage: Destroyed 0 sockets, proto=IPPROTO_TCP, family=AF_INET, states=14
07-29 14:07:52.163  3387  4534 D InetDiagMessage: Destroyed 0 sockets, proto=IPPROTO_TCP, family=AF_INET6, states=14
07-29 14:07:52.163  3387  4534 D InetDiagMessage: Destroyed live tcp sockets for uids={2000} in 6ms
07-29 14:07:52.196  1997  1997 D SensorFeature: name=ssc_screenshot_info ,index = 22
07-29 14:07:52.196  1997  1997 D SensorFeature: write 29 bytes:46346733628,48815089825,128,0
07-29 14:07:52.198  1852  4490 I sensors-hal: handle_oplus_wise_rgb_event:189, high_pwm_light:lux 270.4,cct 3599.7,brl/algo/ir 1449.0/2.0/17.6,pwm/dc 0.0/0.0,rgbc 21091.287109/13060.977539/6019.752930/38770.953125,ts 48762427651,cnt 660,flag 128
07-29 14:07:52.199  3387  4399 D FusionLightNextGen: process end reported = 1, mode: 0, lux 508.9, cct -1.0, r/g/b/c: 21081.8/13065.6/6015.9/38816.1, R/G/B: 106.0/100.0/99.0, bri 1449.0, match 1.00, ir 0.017643, conf 0.0, ts 48787213693
07-29 14:07:52.200  1932  4481 I Dpps    : LtmSwState::SetParameter():144 ignore cmd 7 in state LtmOffState
07-29 14:07:52.413  8347  8398 E MIDASApplication: MIDASPullAtomManager: onPullAtom 150122
07-29 14:07:52.424  1989  1989 E android.hardware.power.stats-impl.oplus: HandleFactory::read open charger_input_current_now(/proc/charger/input_current_now) failed! fd: -1 errno: 2
07-29 14:07:52.424  1989  1989 W android.hardware.power.stats-impl.oplus: PruneException: Unknown binder exception (2) pruned into EX_TRANSACTION_FAILED
07-29 14:07:52.424  6513 10317 W midasd  : handleFactory read failed.
07-29 14:07:52.426  6538  6616 W ostats_pullerd: AIBinder_linkToDeath is being called with a non-null cookie and no onUnlink callback set. This might not be intended. AIBinder_DeathRecipient_setOnUnlinked should be called first.
07-29 14:07:52.428  6513 10317 I midasd  : reportPluggedStateChangedAtom: atom 32 value has been added by midas
07-29 14:07:52.428  6513 10317 I midasd  : reportPluggedStateChangedAtom: chargeState: 2, inputCurrent: 494
07-29 14:07:52.428  1989  1989 E android.hardware.power.stats-impl.oplus: HandleFactory::read open charger_input_current_now(/proc/charger/input_current_now) failed! fd: -1 errno: 2
07-29 14:07:52.428  1989  1989 W android.hardware.power.stats-impl.oplus: PruneException: Unknown binder exception (2) pruned into EX_TRANSACTION_FAILED
07-29 14:07:52.428  6513 10317 W midasd  : handleFactory read failed.
07-29 14:07:52.429  6513 10317 I midasd  : reportPluggedStateChangedAtom: HANDLEFACTORY_KEY_PATH. inputCurrentTagValue: -1, chargeTechTagValue: 8, fastChgTypeTagValue: 0
07-29 14:07:52.429  6513 10317 I midasd  : reportPluggedStateChangedAtom: KEY_PATH. inputCurrentTagValue: -1, chargeTechTagValue: 8, fastChgTypeTagValue: 0
07-29 14:07:52.431  6513 10317 I midasd  : reportPluggedStateChangedAtom: CHARGER_CURRENT_NOW_PATH. inputCurrentTagValue: 494
07-29 14:07:52.433  3387  4245 W Settings: Setting notification_bubbles has moved from android.provider.Settings.Global to android.provider.Settings.Secure, returning read-only value.
07-29 14:07:52.434  3387  4245 W Settings: Setting apply_ramping_ringer has moved from android.provider.Settings.Global to android.provider.Settings.System, returning read-only value.
07-29 14:07:52.436  3387  4245 W SettingsStatsUtil: Can not parse value to float: +network
07-29 14:07:52.439  1728  1802 W statsd  : StatsPullerManager: Unknown tagId 150145
07-29 14:07:52.439  1728  1802 E statsd  : Gauge Stats puller failed for tag: 150145 at 49051650866
07-29 14:07:52.439  1728  1802 W statsd  : StatsPullerManager: Unknown tagId 150146
07-29 14:07:52.439  1728  1802 E statsd  : Gauge Stats puller failed for tag: 150146 at 49051650866
07-29 14:07:52.439  1728  1802 I statsd  : An anomaly (103250000001) (32)0x10000->2[I]  has occurred! Informing subscribers.
07-29 14:07:52.440  6513 10401 W midasd  : invalid mode duration accounting value:1,-1,0
07-29 14:07:52.441  6513 10315 E midasd  : Gpu the power model error, power model freq size 11, opp_logs freq size 14
07-29 14:07:52.441  6513 10316 I midasd  : DisplayContextValue::isValid false, [app:com.android.launcher -1 scr:-1 charge:1 thermal:0 ground:-1 brightV:1751 brightM:1 scrFold:-1 scrSplit:0 scrParallel:0]
07-29 14:07:52.441  6513 10315 W midasd  : fillGpuPowerStats:479, fill gpu power stats error: mFreqNum:14, mGpuBusyTimeIncBuf.size():0
07-29 14:07:52.441  6513 10316 I midasd  : DisplayAgent DisplayAppPowerModule::onChargerState ignore. mLastDispCtxVal invalid!
07-29 14:07:52.441  8347  8398 I OplusObrain: OplusObrainClientInvoke.nativeGetTelephonyInfo
07-29 14:07:52.442  1989  1989 E android.hardware.power.stats-impl.oplus: HandleFactory::read open charger_input_current_now(/proc/charger/input_current_now) failed! fd: -1 errno: 2
07-29 14:07:52.442  1989  1989 W android.hardware.power.stats-impl.oplus: PruneException: Unknown binder exception (2) pruned into EX_TRANSACTION_FAILED
07-29 14:07:52.442  8347  8398 I OplusObrain: OplusObrainClientInvoke.nativeGetTrafficTypeInfoForNetworkType networkType 0
07-29 14:07:52.442  6513 10317 W midasd  : handleFactory read failed.
07-29 14:07:52.443  3387  4245 D KernelStatsHelper: getKernelStats start!
07-29 14:07:52.444  3387  4630 D OplusNetlinkSocket: handleNetlinkRecvKernelMessage:nlmsghdr:StructNlMsgHdr{ nlmsg_len{40}, nlmsg_type{50()}, nlmsg_flags{0()}, nlmsg_seq{0}, nlmsg_pid{221975062} }
07-29 14:07:52.444  3387  4630 D KernelStatsHelper: get magic :[-1, -1, -1, 77, 65, 71, 73, 67]
07-29 14:07:52.444  6513 10321 D midasd  : PowerFactors is null 
07-29 14:07:52.444  2009  2009 I CameraMidasService: getExplorerInfo The size of ExplorerInfo is 240 ,The size of ExplorerInfo is 0, The memory size of ExplorerInfo is 0
07-29 14:07:52.444  3387  4630 D KernelStatsHelper: magic matched count:0 data_len:0
07-29 14:07:52.444  3387  4630 D KernelStatsHelper: data over! check: true
07-29 14:07:52.445  6513 10321 D midasd  : getExplorerInfo is null 
07-29 14:07:52.446  8347 11636 E MIDASApplication: PackageManagerUtil: getAudioPackageList err android.content.pm.PackageManager$NameNotFoundException: com.obrain.unknown
07-29 14:07:52.447  6513 10329 I midasd  : BinderInfo tgid-proc [1729 netd]
07-29 14:07:52.452  6513 10314 I midasd  : binder proc name notify: name=netd, tgid=1729
07-29 14:07:52.498  1997  1997 D SensorFeature: name=ssc_screenshot_info ,index = 22
07-29 14:07:52.498  1997  1997 D SensorFeature: write 29 bytes:46346733628,49117560606,129,0
07-29 14:07:52.499  3387  3820 D VRR [OPlusGameStatusManager]: handleMessage: 7004
07-29 14:07:52.499  3387  3820 D VRR [OPlusGameStatusManager]: handleBrightnessDone
07-29 14:07:52.503  1932  4481 I Dpps    : LtmSwState::SetParameter():144 ignore cmd 7 in state LtmOffState
07-29 14:07:52.614 10786 11117 D BootUtil: savedDiffTime: 1753812423380, currentDiffTime: 1753812423379, isReboot: false
07-29 14:07:52.648  2016  2016 D vendor.oplus.hardware.charger-V7-service: getChargerControl:
07-29 14:07:52.650  6516  6536 E oiface  : sched_setaffinity failed
07-29 14:07:52.667  3387  4245 W BestClock: java.time.DateTimeException: Missing network time fix
07-29 14:07:52.667  3387  4245 W BestClock: java.time.DateTimeException: Missing network time fix
07-29 14:07:52.668  3387  3503 W BestClock: java.time.DateTimeException: Missing network time fix
07-29 14:07:52.668  1999  5213 E PerformanceService: storage_feature: open /sys/devices/platform/soc/112b0000.ufshci//virtualtlcbuff fail
07-29 14:07:52.732  1852  4490 I sensors-hal: handle_oplus_wise_rgb_event:189, high_pwm_light:lux 270.5,cct 3599.4,brl/algo/ir 1449.0/2.0/17.3,pwm/dc 0.0/0.0,rgbc 21038.962891/13047.162109/6019.752930/38740.851562,ts 49095382964,cnt 670,flag 129
07-29 14:07:52.734  1932  4481 I Dpps    : LtmSwState::SetParameter():144 ignore cmd 7 in state LtmOffState
07-29 14:07:52.799  1997  1997 D SensorFeature: name=ssc_screenshot_info ,index = 22
07-29 14:07:52.800  1997  1997 D SensorFeature: write 29 bytes:46346733628,49419250137,130,0
07-29 14:07:52.976  3233  3233 E OplusTouchDaemon: ts_run_service: shellback temperature updated 36 (36908)
07-29 14:07:52.997  1932  4481 I Dpps    : LtmSwState::SetParameter():144 ignore cmd 7 in state LtmOffState
07-29 14:07:53.016  3387  3796 D OplusFeatureHDREnhanceBrightness: checkIsPlayingHDR isPlayingHDR=0 rotation=0 whiteApp=false battery=100
07-29 14:07:53.102  1997  1997 D SensorFeature: name=ssc_screenshot_info ,index = 22
07-29 14:07:53.102  1997  1997 D SensorFeature: write 29 bytes:46346733628,49721378105,131,0
07-29 14:07:53.157  2016  2061 D BatteryChargeControl: bcc get no support from charging protocol
07-29 14:07:53.162  3387  4409 D ActivityManager: Freezer deadlock watchdog
07-29 14:07:53.263  1852  4490 I sensors-hal: handle_oplus_wise_rgb_event:189, high_pwm_light:lux 270.4,cct 3599.8,brl/algo/ir 1449.0/2.0/17.6,pwm/dc 0.0/0.0,rgbc 21062.746094/13042.555664/6019.752930/38801.054688,ts 49675945412,cnt 680,flag 131
07-29 14:07:53.265  1932  4481 I Dpps    : LtmSwState::SetParameter():144 ignore cmd 7 in state LtmOffState
07-29 14:07:53.311  3387  5058 I OplusHansManager : uid=10157, pkg=com.baidu.input_oppo cannot transition from R to M, importance=input
07-29 14:07:53.404  1997  1997 D SensorFeature: name=ssc_screenshot_info ,index = 22
07-29 14:07:53.404  1997  1997 D SensorFeature: write 29 bytes:46346733628,50024167064,132,0
07-29 14:07:53.530  1932  4481 I Dpps    : LtmSwState::SetParameter():144 ignore cmd 7 in state LtmOffState
07-29 14:07:53.623 10786 11117 D BootUtil: savedDiffTime: 1753812423380, currentDiffTime: 1753812423379, isReboot: false
07-29 14:07:53.710  1997  1997 D SensorFeature: name=ssc_screenshot_info ,index = 22
07-29 14:07:53.711  1997  1997 D SensorFeature: write 29 bytes:46346733628,50328887689,133,0
07-29 14:07:53.792  3387  4931 W Binder  : Outgoing transactions from this process must be FLAG_ONEWAY
07-29 14:07:53.792  3387  4931 W Binder  : java.lang.Throwable
07-29 14:07:53.792  3387  4931 W Binder  : 	at android.os.BinderProxy.transact(BinderProxy.java:633)
07-29 14:07:53.792  3387  4931 W Binder  : 	at android.content.ContentProviderProxy.insert(ContentProviderNative.java:587)
07-29 14:07:53.792  3387  4931 W Binder  : 	at android.content.ContentProviderClient.insert(ContentProviderClient.java:347)
07-29 14:07:53.792  3387  4931 W Binder  : 	at android.content.ContentProviderClient.insert(ContentProviderClient.java:336)
07-29 14:07:53.792  3387  4931 W Binder  : 	at com.oplus.util.OplusStatisticsImpl.insert(OplusStatisticsImpl.java:307)
07-29 14:07:53.792  3387  4931 W Binder  : 	at com.oplus.util.OplusStatisticsImpl.sendDataToDCS(OplusStatisticsImpl.java:287)
07-29 14:07:53.792  3387  4931 W Binder  : 	at com.oplus.util.OplusStatisticsImpl.flushInternal(OplusStatisticsImpl.java:264)
07-29 14:07:53.792  3387  4931 W Binder  : 	at com.oplus.util.OplusStatisticsImpl.lambda$setDelayFlushJobIfNeed$4(OplusStatisticsImpl.java:211)
07-29 14:07:53.792  3387  4931 W Binder  : 	at com.oplus.util.OplusStatisticsImpl.$r8$lambda$4UYTp2NCu6Rml69JNqEuK7o54SI(Unknown Source:0)
07-29 14:07:53.792  3387  4931 W Binder  : 	at com.oplus.util.OplusStatisticsImpl$$ExternalSyntheticLambda5.run(D8$$SyntheticClass:0)
07-29 14:07:53.792  3387  4931 W Binder  : 	at java.util.concurrent.Executors$RunnableAdapter.call(Executors.java:487)
07-29 14:07:53.792  3387  4931 W Binder  : 	at java.util.concurrent.FutureTask.run(FutureTask.java:290)
07-29 14:07:53.792  3387  4931 W Binder  : 	at java.util.concurrent.ScheduledThreadPoolExecutor$ScheduledFutureTask.run(ScheduledThreadPoolExecutor.java:307)
07-29 14:07:53.792  3387  4931 W Binder  : 	at java.util.concurrent.ThreadPoolExecutor.runWorker(ThreadPoolExecutor.java:1145)
07-29 14:07:53.792  3387  4931 W Binder  : 	at java.util.concurrent.ThreadPoolExecutor$Worker.run(ThreadPoolExecutor.java:644)
07-29 14:07:53.792  3387  4931 W Binder  : 	at java.lang.Thread.run(Thread.java:1012)
07-29 14:07:53.792  1852  4490 I sensors-hal: handle_oplus_wise_rgb_event:189, high_pwm_light:lux 270.0,cct 3594.7,brl/algo/ir 1449.0/2.0/17.8,pwm/dc 0.0/0.0,rgbc 21086.529297/13079.400391/6027.450684/38791.019531,ts 50281571141,cnt 690,flag 133
07-29 14:07:53.794  1932  4481 I Dpps    : LtmSwState::SetParameter():144 ignore cmd 7 in state LtmOffState
07-29 14:07:54.014  1997  1997 D SensorFeature: name=ssc_screenshot_info ,index = 22
07-29 14:07:54.014  1997  1997 D SensorFeature: write 29 bytes:46346733628,50633006022,134,0
07-29 14:07:54.057  1932  4481 I Dpps    : LtmSwState::SetParameter():144 ignore cmd 7 in state LtmOffState
07-29 14:07:54.158  2016  2061 D BatteryChargeControl: bcc get no support from charging protocol
07-29 14:07:54.317  1997  1997 D SensorFeature: name=ssc_screenshot_info ,index = 22
07-29 14:07:54.318  1997  1997 D SensorFeature: write 29 bytes:46346733628,50936192793,135,0
07-29 14:07:54.323  1852  4490 I sensors-hal: handle_oplus_wise_rgb_event:189, high_pwm_light:lux 270.5,cct 3600.4,brl/algo/ir 1449.0/2.0/17.6,pwm/dc 0.0/0.0,rgbc 21081.773438/13074.793945/6027.450684/38841.187500,ts 50887201766,cnt 700,flag 135
07-29 14:07:54.325  1932  4481 I Dpps    : LtmSwState::SetParameter():144 ignore cmd 7 in state LtmOffState
07-29 14:07:54.465  3387  4417 V AlarmManager: sending alarm Alarm{5bfd537 type 2 origWhen 51085 whenElapsed 51085 android} uid 1000 whenElapsed 51085 windowLength 0 maxWhenElapsed 51085 repeatInterval 0 action null component null tag $android.alarm.generated:1000:51085 flags 0x9 procName system_server
07-29 14:07:54.470  3387  3546 D LocationManagerService: network provider removed registration from 10154/com.coloros.assistantscreen/9DD08CAE
07-29 14:07:54.495  5269  5269 D SubsysEventListenerManager-SubsysTelephonyCallback[0]: onCellInfoChanged
07-29 14:07:54.506  6729  6774 W System  : A resource failed to call AbstractCursor.close. 
07-29 14:07:54.506  6729  6774 W System  : A resource failed to call AbstractCursor.close. 
07-29 14:07:54.506  6729  6774 W System  : A resource failed to call AbstractCursor.close. 
07-29 14:07:54.506  6729  6774 W System  : A resource failed to call AbstractCursor.close. 
07-29 14:07:54.506  6729  6774 W System  : A resource failed to call AbstractCursor.close. 
07-29 14:07:54.506  6729  6774 W System  : A resource failed to call AbstractCursor.close. 
07-29 14:07:54.506  6729  6774 W System  : A resource failed to call AbstractCursor.close. 
07-29 14:07:54.506  6729  6774 W System  : A resource failed to call AbstractCursor.close. 
07-29 14:07:54.625  1997  1997 D SensorFeature: name=ssc_screenshot_info ,index = 22
07-29 14:07:54.625  1997  1997 D SensorFeature: write 29 bytes:46346733628,51243237844,136,0
07-29 14:07:54.629  1932  4481 I Dpps    : LtmSwState::SetParameter():144 ignore cmd 7 in state LtmOffState
07-29 14:07:54.829 12935 13077 D ProfileInstaller: Installing profile for com.oplus.linker
07-29 14:07:54.853  1852  4490 I sensors-hal: handle_oplus_wise_rgb_event:189, high_pwm_light:lux 270.3,cct 3595.8,brl/algo/ir 1449.0/2.0/17.5,pwm/dc 0.0/0.0,rgbc 21057.988281/13088.611328/6015.903809/38796.039062,ts 51220214162,cnt 710,flag 136
07-29 14:07:54.854  3387  4399 D FusionLightNextGen: process end reported = 1, mode: 0, lux 508.6, cct -1.0, r/g/b/c: 21062.7/13061.0/6008.2/38786.0, R/G/B: 106.0/100.0/99.0, bri 1449.0, match 1.00, ir 0.017641, conf 0.0, ts 51245000151
07-29 14:07:54.855  1932  4481 I Dpps    : LtmSwState::SetParameter():144 ignore cmd 7 in state LtmOffState
07-29 14:07:54.928  1997  1997 D SensorFeature: name=ssc_screenshot_info ,index = 22
07-29 14:07:54.928  1997  1997 D SensorFeature: write 29 bytes:46346733628,51546695709,137,0
07-29 14:07:54.934  5050  8015 I PCDR-common_no_service[0]: lift forbidden
07-29 14:07:54.934  5050  8015 I PCDR-common_no_45g[0]: lift forbidden
07-29 14:07:55.031  3387  3745 D OomAdjuster: Not killing cached processes
07-29 14:07:55.042  3387  4684 E OplusNetworkStackManager: initService mNetworkStackService is null, try again in 10s
07-29 14:07:55.099  1848  1848 D healthd : system healthd: battery l=100 v=4368 t=33.2 h=2 st=2 c=-167 fc=5920000 cc=19 chg=u
07-29 14:07:55.121  1932  4481 I Dpps    : LtmSwState::SetParameter():144 ignore cmd 7 in state LtmOffState
07-29 14:07:55.134  2016  2016 D vendor.oplus.hardware.charger-V7-service: get_ui_charge_icon_type 0 0 0 0 0
07-29 14:07:55.134  2016  2016 D vendor.oplus.hardware.charger-V7-service: oplus_chg_get_cpa_power 2500 charge_online 1 retention_topic 0
07-29 14:07:55.135  2016  2016 D vendor.oplus.hardware.charger-V7-service: oplus_chg_get_cpa_power 2500 charge_online 1 retention_topic 0
07-29 14:07:55.135  2016  2016 D vendor.oplus.hardware.charger-V7-service: getIsSingleHyperSupport=2, cpa_power=2
07-29 14:07:55.158  2016  2061 D BatteryChargeControl: bcc get no support from charging protocol
07-29 14:07:55.209  1830  1832 E Diag-Router: diag: glinkpkt_open: failed to create control node for slate_apps
07-29 14:07:55.209  1830  1832 E Diag-Router: diag: diag_glinkpkt_open_thread: Glinkpkt_open failed for perif: 12 with err: -1, retry_cnt: 8
07-29 14:07:55.210  1830  1833 E Diag-Router: diag: glinkpkt_open: failed to create control node for slate_adsp
07-29 14:07:55.210  1830  1833 E Diag-Router: diag: diag_glinkpkt_open_thread: Glinkpkt_open failed for perif: 13 with err: -1, retry_cnt: 8
07-29 14:07:55.232  1997  1997 D SensorFeature: name=ssc_screenshot_info ,index = 22
07-29 14:07:55.232  1997  1997 D SensorFeature: write 29 bytes:46346733628,51850208990,138,0
07-29 14:07:55.316  3387  4833 I Osense-BaseDecisionMaker: notifySceneToAthenaPolicy: SCENE_IDLE_RECOVER, bundle: Bundle[{scene=SCENE_IDLE_RECOVER}]
07-29 14:07:55.319  3387  4833 I Osense-BaseDecisionMaker: scene: SCENE_IDLE_RECOVER, excutingPolicy: respreload
07-29 14:07:55.319  3387  4833 D Osense-BaseDecisionMaker: invoke process preload policy
07-29 14:07:55.319  3387  4833 I Osense-BaseDecisionMaker: scene: SCENE_IDLE_RECOVER, excutingPolicy: clear
07-29 14:07:55.320  3387  4833 D Osense-BaseDecisionMaker: invoke clear policy,type: unforbid
07-29 14:07:55.320  3387  4833 I OsenseKillAction: KillAction: unhandled request: id=9, enable=true, scene=SCENE_IDLE_RECOVER, type=unforbid, cchOnly=false, appcare=0
07-29 14:07:55.353  5050  6025 W BluetoothAdapterExtImpl: getBluetoothConnectionCountï¼šmOplusBluetooth null!
07-29 14:07:55.355  5050  6025 D TelephonyImpl: isRequestingMms
07-29 14:07:55.355  5050  6025 D TelephonyImpl: getReleaseMmsNetworkTime
07-29 14:07:55.356  5050  6025 D OplusDdsSwitchStrategy: Md,OplusCheckFeature,RETURN_TO_CUR_ACTION_DDS
07-29 14:07:55.385  1852  4490 I sensors-hal: handle_oplus_wise_rgb_event:189, high_pwm_light:lux 270.0,cct 3592.0,brl/algo/ir 1449.0/2.0/17.8,pwm/dc 0.0/0.0,rgbc 21072.259766/13060.977539/6023.601562/38811.089844,ts 51801046349,cnt 720,flag 138
07-29 14:07:55.387  1932  4481 I Dpps    : LtmSwState::SetParameter():144 ignore cmd 7 in state LtmOffState
07-29 14:07:55.388  2016  2039 D vendor.oplus.hardware.charger-V7-service: s_chg_user_mode: 3
07-29 14:07:55.388  2016  2039 D vendor.oplus.hardware.charger-V7-service: scale_chg Start!!!
07-29 14:07:55.388  2016  2039 D vendor.oplus.hardware.charger-V7-service: [0, 0, 3]
07-29 14:07:55.388  2016  2039 D vendor.oplus.hardware.charger-V7-service: [0, 2, 9]
07-29 14:07:55.388  2016  2039 D vendor.oplus.hardware.charger-V7-service: [0, 1, 3]
07-29 14:07:55.388  2016  2039 D vendor.oplus.hardware.charger-V7-service: [0, 3, 3]
07-29 14:07:55.388  2016  2039 D vendor.oplus.hardware.charger-V7-service: [0, 4, 3]
07-29 14:07:55.388  2016  2039 D vendor.oplus.hardware.charger-V7-service: [0, 5, 5]
07-29 14:07:55.389  2016  2039 D vendor.oplus.hardware.charger-V7-service: [0, 6, 9]
07-29 14:07:55.389  2016  2039 D vendor.oplus.hardware.charger-V7-service: scale_chg Start!!!
07-29 14:07:55.389  2016  2039 D vendor.oplus.hardware.charger-V7-service: [0, 0, 3]
07-29 14:07:55.389  2016  2039 D vendor.oplus.hardware.charger-V7-service: [0, 2, 10]
07-29 14:07:55.390  2016  2039 D vendor.oplus.hardware.charger-V7-service: [0, 1, 3]
07-29 14:07:55.390  2016  2039 D vendor.oplus.hardware.charger-V7-service: [0, 3, 3]
07-29 14:07:55.390  2016  2039 D vendor.oplus.hardware.charger-V7-service: [0, 4, 3]
07-29 14:07:55.390  2016  2039 D vendor.oplus.hardware.charger-V7-service: [0, 5, 3]
07-29 14:07:55.390  2016  2039 D vendor.oplus.hardware.charger-V7-service: [0, 6, 10]
07-29 14:07:55.391  2016  2055 D vendor.oplus.hardware.charger-V7-service: ret_value:114, read content:,332,358,4368,4367,-167,95,100,1,1,0,491,4647,97,1,4475,300,500,0,12,-22,12,0,1,0,2,0,0,0,1,6098,99,0,0,0,0,0,0,0
07-29 14:07:55.391  2016  2055 D vendor.oplus.hardware.charger-V7-service: gmtime: 2025-07-29-14-07-55
07-29 14:07:55.391  2016  2055 D vendor.oplus.hardware.charger-V7-service: usb_online:1, ac_online:-2147483648, wireless_online:0
07-29 14:07:55.483  3387  3561 D Theia.TransparentWindow: handleMessage CHECK_TRANS_WINDOW_ERROR_MSG
07-29 14:07:55.538  1997  1997 D SensorFeature: name=ssc_screenshot_info ,index = 22
07-29 14:07:55.538  1997  1997 D SensorFeature: write 29 bytes:46346733628,52156644771,139,0
07-29 14:07:55.652  1932  4481 I Dpps    : LtmSwState::SetParameter():144 ignore cmd 7 in state LtmOffState
07-29 14:07:55.843  1997  1997 D SensorFeature: name=ssc_screenshot_info ,index = 22
07-29 14:07:55.843  1997  1997 D SensorFeature: write 29 bytes:46346733628,52462839667,140,0
07-29 14:07:55.919  1852  4490 I sensors-hal: handle_oplus_wise_rgb_event:189, high_pwm_light:lux 270.5,cct 3594.8,brl/algo/ir 1449.0/2.0/17.3,pwm/dc 0.0/0.0,rgbc 21067.501953/13070.189453/6023.601562/38775.968750,ts 52414757547,cnt 730,flag 140
07-29 14:07:55.922  1932  4481 I Dpps    : LtmSwState::SetParameter():144 ignore cmd 7 in state LtmOffState
07-29 14:07:56.145  1997  1997 D SensorFeature: name=ssc_screenshot_info ,index = 22
07-29 14:07:56.146  1997  1997 D SensorFeature: write 29 bytes:46346733628,52764596229,141,0
07-29 14:07:56.159  2016  2061 D BatteryChargeControl: bcc get no support from charging protocol
07-29 14:07:56.182  1932  4481 I Dpps    : LtmSwState::SetParameter():144 ignore cmd 7 in state LtmOffState
07-29 14:07:56.448  1997  1997 D SensorFeature: name=ssc_screenshot_info ,index = 22
07-29 14:07:56.448  1997  1997 D SensorFeature: write 29 bytes:46346733628,53067785760,142,0
07-29 14:07:56.451  1852  4490 I sensors-hal: handle_oplus_wise_rgb_event:189, high_pwm_light:lux 270.7,cct 3602.1,brl/algo/ir 1449.0/2.0/17.3,pwm/dc 0.0/0.0,rgbc 21096.042969/13056.373047/6019.752930/38775.968750,ts 53012244266,cnt 740,flag 142
07-29 14:07:56.452  1932  4481 I Dpps    : LtmSwState::SetParameter():144 ignore cmd 7 in state LtmOffState
07-29 14:07:56.655  7901  8523 D ads_apk : [FetchAdStrategyEngine][2025-07-29 14:07:56.654][7901][GlobalWorkThread:69]:request from net but network disable
07-29 14:07:56.655  7901  8523 D ads_apk : [FetchAdStrategyEngine][2025-07-29 14:07:56.654][7901][GlobalWorkThread:69]:decay for refresh internalTime:24000,randomTime:13103
07-29 14:07:56.656  7901  8523 D ads_apk : [FetchAdStrategyEngine][2025-07-29 14:07:56.654][7901][GlobalWorkThread:69]:decay for refresh after:37103
07-29 14:07:56.656  7901  8523 D ads_apk : [FetchAdStrategyEngine][2025-07-29 14:07:56.654][7901][GlobalWorkThread:69]:looper to handler
07-29 14:07:56.671  5269  6027 E OplusNetworkStackManager: initService mNetworkStackService is null, try again in 10s
07-29 14:07:56.754  1997  1997 D SensorFeature: name=ssc_screenshot_info ,index = 22
07-29 14:07:56.754  1997  1997 D SensorFeature: write 29 bytes:46346733628,53372757219,143,0
07-29 14:07:56.759  1932  4481 I Dpps    : LtmSwState::SetParameter():144 ignore cmd 7 in state LtmOffState
07-29 14:07:56.978  1852  4490 I sensors-hal: handle_oplus_wise_rgb_event:189, high_pwm_light:lux 269.9,cct 3598.4,brl/algo/ir 1449.0/2.0/17.8,pwm/dc 0.0/0.0,rgbc 21072.259766/13056.373047/6027.450684/38750.886719,ts 53345175047,cnt 750,flag 143
07-29 14:07:56.980  1932  4481 I Dpps    : LtmSwState::SetParameter():144 ignore cmd 7 in state LtmOffState
07-29 14:07:57.060  1997  1997 D SensorFeature: name=ssc_screenshot_info ,index = 22
07-29 14:07:57.061  1997  1997 D SensorFeature: write 29 bytes:46346733628,53679263989,144,0
07-29 14:07:57.160  2016  2061 D BatteryChargeControl: bcc get no support from charging protocol
07-29 14:07:57.249  1932  4481 I Dpps    : LtmSwState::SetParameter():144 ignore cmd 7 in state LtmOffState
07-29 14:07:57.367  4965  6292 E OplusNetworkStackManager: initService mNetworkStackService is null, try again in 10s
07-29 14:07:57.367  1997  1997 D SensorFeature: name=ssc_screenshot_info ,index = 22
07-29 14:07:57.368  1997  1997 D SensorFeature: write 29 bytes:46346733628,53986146802,145,0
07-29 14:07:57.511  1852  4490 I sensors-hal: handle_oplus_wise_rgb_event:189, high_pwm_light:lux 270.7,cct 3594.9,brl/algo/ir 1449.0/2.0/17.2,pwm/dc 0.0/0.0,rgbc 21057.988281/13051.766602/6019.752930/38786.000000,ts 53942427443,cnt 760,flag 145
07-29 14:07:57.512  3387  4399 D FusionLightNextGen: process end reported = 1, mode: 0, lux 509.4, cct -1.0, r/g/b/c: 21091.3/13051.8/6015.9/38831.2, R/G/B: 106.0/100.0/99.0, bri 1449.0, match 1.00, ir 0.017365, conf 0.0, ts 53967213433
07-29 14:07:57.513  1932  4481 I Dpps    : LtmSwState::SetParameter():144 ignore cmd 7 in state LtmOffState
07-29 14:07:57.649  6516  6536 E oiface  : sched_setaffinity failed
07-29 14:07:57.650  2016  2016 D vendor.oplus.hardware.charger-V7-service: getChargerControl:
07-29 14:07:57.668  1999  5213 E PerformanceService: storage_feature: open /sys/devices/platform/soc/112b0000.ufshci//virtualtlcbuff fail
07-29 14:07:57.670  1997  1997 D SensorFeature: name=ssc_screenshot_info ,index = 22
07-29 14:07:57.670  3387  4245 W BestClock: java.time.DateTimeException: Missing network time fix
07-29 14:07:57.670  1997  1997 D SensorFeature: write 29 bytes:46346733628,54289250447,146,0
07-29 14:07:57.670  3387  4245 W BestClock: java.time.DateTimeException: Missing network time fix
07-29 14:07:57.671  3387  4245 W BestClock: java.time.DateTimeException: Missing network time fix
07-29 14:07:57.778  1932  4481 I Dpps    : LtmSwState::SetParameter():144 ignore cmd 7 in state LtmOffState
07-29 14:07:57.977  1997  1997 D SensorFeature: name=ssc_screenshot_info ,index = 22
07-29 14:07:57.977  1997  1997 D SensorFeature: write 29 bytes:46346733628,54595022791,147,0
07-29 14:07:58.046  1852  4490 I sensors-hal: handle_oplus_wise_rgb_event:189, high_pwm_light:lux 269.8,cct 3591.8,brl/algo/ir 1449.0/2.0/17.9,pwm/dc 0.0/0.0,rgbc 21062.746094/13056.373047/6019.752930/38811.089844,ts 54548111662,cnt 770,flag 147
07-29 14:07:58.048  1932  4481 I Dpps    : LtmSwState::SetParameter():144 ignore cmd 7 in state LtmOffState
07-29 14:07:58.160  2016  2061 D BatteryChargeControl: bcc get no support from charging protocol
07-29 14:07:58.281  1997  1997 D SensorFeature: name=ssc_screenshot_info ,index = 22
07-29 14:07:58.281  1997  1997 D SensorFeature: write 29 bytes:46346733628,54899439406,148,0
07-29 14:07:58.313  1932  4481 I Dpps    : LtmSwState::SetParameter():144 ignore cmd 7 in state LtmOffState
07-29 14:07:58.317  3387  5058 I OplusHansManager : uid=10157, pkg=com.baidu.input_oppo cannot transition from R to M, importance=input
07-29 14:07:58.590  1997  1997 D SensorFeature: name=ssc_screenshot_info ,index = 22
07-29 14:07:58.590  1997  1997 D SensorFeature: write 29 bytes:46346733628,55208258364,149,0
07-29 14:07:58.593  1852  4490 I sensors-hal: handle_oplus_wise_rgb_event:189, high_pwm_light:lux 269.8,cct 3595.5,brl/algo/ir 1449.0/2.0/18.0,pwm/dc 0.0/0.0,rgbc 21096.042969/13051.766602/6023.601562/38816.105469,ts 55137196297,cnt 780,flag 149
07-29 14:07:58.594  1932  4481 I Dpps    : LtmSwState::SetParameter():144 ignore cmd 7 in state LtmOffState
07-29 14:07:58.840  1932  4481 I Dpps    : LtmSwState::SetParameter():144 ignore cmd 7 in state LtmOffState
07-29 14:07:58.893  1997  1997 D SensorFeature: name=ssc_screenshot_info ,index = 22
07-29 14:07:58.894  1997  1997 D SensorFeature: write 29 bytes:46346733628,55512167114,150,0
07-29 14:07:58.894  1852  1958 I sensors-hal: get_display_brightness:818, light_iface: set screenshot_info [46346733628,55512167114,150,0]
07-29 14:07:58.929  6474  7366 E OplusNetworkStackManager: initService mNetworkStackService is null, try again in 10s
07-29 14:07:58.989 12395 12404 W System  : A resource failed to call close. 
07-29 14:07:58.989 12395 12404 W System  : A resource failed to call close. 
07-29 14:07:59.068  5298  5685 I WM-WorkerWrapper: Worker result SUCCESS for Work [ id=765a37c8-10e9-4d94-a7ce-e9febc7e273f, tags={ dcs_timer_work, com.oplus.app.timer.HalfHourTimerWorker } ]
07-29 14:07:59.069  5298 13081 I MMKV    : <MMKV_IO.cpp:86::loadFromFile> loading [appsCloudConfigKvStore] with 65 actual size, file size 4096, InterProcess 1, meta info version:3
07-29 14:07:59.069  5298 13081 I MMKV    : <MMKV_IO.cpp:91::loadFromFile> loading [appsCloudConfigKvStore] with crc 4251889175 sequence 1 version 3
07-29 14:07:59.070  5298 13081 I MMKV    : <MMKV_IO.cpp:135::loadFromFile> loaded [appsCloudConfigKvStore] with 2 key-values
07-29 14:07:59.103  1852  4490 I sensors-hal: handle_oplus_wise_rgb_event:189, high_pwm_light:lux 269.9,cct 3593.4,brl/algo/ir 1449.0/2.0/17.7,pwm/dc 0.0/0.0,rgbc 21072.259766/13084.004883/6012.055176/38806.070312,ts 55469977808,cnt 790,flag 150
07-29 14:07:59.104  1932  4481 I Dpps    : LtmSwState::SetParameter():144 ignore cmd 7 in state LtmOffState
07-29 14:07:59.161  2016  2061 D BatteryChargeControl: bcc get no support from charging protocol
07-29 14:07:59.199  1997  1997 D SensorFeature: name=ssc_screenshot_info ,index = 22
07-29 14:07:59.199  1997  1997 D SensorFeature: write 29 bytes:46346733628,55817545395,151,0
07-29 14:07:59.374  1932  4481 I Dpps    : LtmSwState::SetParameter():144 ignore cmd 7 in state LtmOffState
07-29 14:07:59.503  1997  1997 D SensorFeature: name=ssc_screenshot_info ,index = 22
07-29 14:07:59.503  1997  1997 D SensorFeature: write 29 bytes:46346733628,56122045968,152,0
07-29 14:07:59.634  1852  4490 I sensors-hal: handle_oplus_wise_rgb_event:189, high_pwm_light:lux 270.1,cct 3594.0,brl/algo/ir 1449.0/2.0/17.5,pwm/dc 0.0/0.0,rgbc 21062.746094/13070.189453/6015.903809/38791.019531,ts 56075612026,cnt 800,flag 152
07-29 14:07:59.636  1932  4481 I Dpps    : LtmSwState::SetParameter():144 ignore cmd 7 in state LtmOffState
07-29 14:07:59.810  1997  1997 D SensorFeature: name=ssc_screenshot_info ,index = 22
07-29 14:07:59.810  1997  1997 D SensorFeature: write 29 bytes:46346733628,56428546488,153,0
07-29 14:07:59.905  1932  4481 I Dpps    : LtmSwState::SetParameter():144 ignore cmd 7 in state LtmOffState
07-29 14:08:00.000  3387  4417 V AlarmManager: sending alarm Alarm{554911a type 3 origWhen 56620 whenElapsed 56620 android} uid 1000 whenElapsed 56620 windowLength 0 maxWhenElapsed 56620 repeatInterval 0 action null component null tag TIME_TICK flags 0x9 procName system_server
07-29 14:08:00.007  3387  3796 D OplusDisplayBrightnessBroadcastReceiver: onReceive action = android.intent.action.TIME_TICK , listeners = [com.android.server.display.ambience.events.event.TimeEvent$TimeChangeReceiver@fd741, com.android.server.display.marvels.module.ORBrightnessMarvelsDataCollector$ScreenStateReceiver@1bb79df, com.android.server.display.oplus.eyeprotect.manager.AiCurveManager$RhythmBroadcastReceiverWithUpgradeUI@79aa4e6]
07-29 14:08:00.007  5269  5269 D SubsysBroadcastManager: onReceive action:android.intent.action.TIME_TICK
07-29 14:08:00.008  4900  4900 I SystemUi--SystemUi--: Clock-->smallTime: 14:08
07-29 14:08:00.009  4900  4900 I SystemUi--SystemUi--: Clock-->smallTime: 14:08
07-29 14:08:00.009  4900  4900 I SystemUi--SystemUi--: Clock-->smallTime: 14:08
07-29 14:08:00.009  4900  4900 I SystemUi--SystemUi--: Clock-->smallTime: 14:08
07-29 14:08:00.012  7394  9629 D PhoneUsageTime: lastChargeTime=1753812441148 LastChargeDurationTime=1987479
07-29 14:08:00.014  5284  5284 W RenderManager[u0]: coverDrawable = null
07-29 14:08:00.014  5284  5284 W RenderManager[u0]: coverDrawable = null
07-29 14:08:00.014  5284  5284 W RenderManager[u0]: coverDrawable = null
07-29 14:08:00.014  5284  5284 W RenderManager[u0]: coverDrawable = null
07-29 14:08:00.016  7394  9629 D PhoneScreenOnTime: lastScrOnTime=1753812441148, ScrOnDurationTime=1989148, StatsScrOnSeconds=0, newDuration=38865
07-29 14:08:00.020  1952  1995 I [UAH_CLIENT]: UahRelease, handle:19
07-29 14:08:00.021  1952  1995 I [UAH_CLIENT]: UahPlatformResAcquire
07-29 14:08:00.021  1952  1995 I [UAH_CLIENT]: UahEventAcquire, cmdid:-3, pkg:1952 12983, identity:qcom-perfd
07-29 14:08:00.021  1952  1995 E PERFHAL-RESOURCEQS: PERFHAL-RESOURCEQS: AddAndApply() 130: Resource with major=18, minor=41 not supported
07-29 14:08:00.028  5284  5284 W RenderManager[u0]: coverDrawable = null
07-29 14:08:00.028  5284  5284 W RenderManager[u0]: coverDrawable = null
07-29 14:08:00.028  5284  5284 W RenderManager[u0]: coverDrawable = null
07-29 14:08:00.028  5284  5284 W RenderManager[u0]: coverDrawable = null
07-29 14:08:00.128  1932  2231 I SDM     : DisplayBase::CommitThread: Received idle timeout, panel: cmd, timeout: 70000 us
07-29 14:08:00.132 12989 13088 I SystemFeature: operator:{oppo.cmcc.mp:false, browser.cmcc:false, browser.test.cmcc:false, browser.cmcc.bookmark:false, browser.test.cmcc.bookmark:false, browser.cmcc.home:false, browser.test.cmcc.home:false
07-29 14:08:00.132 12989 13088 I SystemFeature: cu.optr:false, browser.cu:false, browser.test.cu:false
07-29 14:08:00.132 12989 13088 I SystemFeature: ct.optr:false, browser.ct:false, browser.test.ct:false
07-29 14:08:00.132 12989 13088 I SystemFeature: }
07-29 14:08:00.136 12989 13088 I IdentityUtil: initIdentity: success, duidInit=true, uuid=d7830aefe1185a1d969e64bfc89f60a7
07-29 14:08:00.136  7705  7743 I OpenID  : com.heytap.pictorial:3142:ret:T
07-29 14:08:00.148 12989 13088 D Identity: nonceAndCounter: 78d4de86ca2adf630000000000000009
07-29 14:08:00.162  2016  2061 D BatteryChargeControl: bcc get no support from charging protocol
07-29 14:08:00.198  1202 13031 I keystore2: system/security/keystore2/watchdog/src/lib.rs:319 - Watchdog thread idle -> terminating. Have a great day.
07-29 14:08:00.209  1848  1848 D healthd : system healthd: battery l=100 v=4369 t=33.2 h=2 st=2 c=-161 fc=5920000 cc=19 chg=u
07-29 14:08:00.210  1830  1832 E Diag-Router: diag: glinkpkt_open: failed to create control node for slate_apps
07-29 14:08:00.210  1830  1832 E Diag-Router: diag: diag_glinkpkt_open_thread: Glinkpkt_open failed for perif: 12 with err: -1, retry_cnt: 9
07-29 14:08:00.210  1830  1833 E Diag-Router: diag: glinkpkt_open: failed to create control node for slate_adsp
07-29 14:08:00.210  1830  1833 E Diag-Router: diag: diag_glinkpkt_open_thread: Glinkpkt_open failed for perif: 13 with err: -1, retry_cnt: 9
07-29 14:08:00.212  1997  1997 D SensorFeature: name=ssc_screenshot_info ,index = 22
07-29 14:08:00.212  1997  1997 D SensorFeature: write 29 bytes:56781223103,56831406228,154,0
07-29 14:08:00.212  1932  2231 I SDM     : DisplayBase::CommitThread: Received idle timeout, panel: cmd, timeout: 70000 us
07-29 14:08:00.215  3387  4399 D FusionLightNextGen: process end reported = 1, mode: 0, lux 507.3, cct -1.0, r/g/b/c: 21077.0/13038.0/6019.8/38776.0, R/G/B: 106.0/100.0/99.0, bri 1449.0, match 1.00, ir 0.017825, conf 0.0, ts 56755677026
07-29 14:08:00.216  1932  4481 I Dpps    : LtmSwState::SetParameter():144 ignore cmd 7 in state LtmOffState
07-29 14:08:00.218  2016  2016 D vendor.oplus.hardware.charger-V7-service: get_ui_charge_icon_type 0 0 0 0 0
07-29 14:08:00.219  2016  2016 D vendor.oplus.hardware.charger-V7-service: oplus_chg_get_cpa_power 2500 charge_online 1 retention_topic 0
07-29 14:08:00.219  2016  2016 D vendor.oplus.hardware.charger-V7-service: oplus_chg_get_cpa_power 2500 charge_online 1 retention_topic 0
07-29 14:08:00.219  2016  2016 D vendor.oplus.hardware.charger-V7-service: getIsSingleHyperSupport=2, cpa_power=2
07-29 14:08:00.220  3387  3772 D BatteryStatsImplExtImpl: mActiveProcesses size = 73
07-29 14:08:00.221  3387  3772 D BatteryStatsImplExtImpl: rpmhStats is null or interval time is too short.
07-29 14:08:00.309  3387  5512 I InputDispatcher: injectInputEvent: targetUid=<not set>, syncMode=WAIT_FOR_FINISHED, timeout=30000ms, policyFlags=0x8000000, event=MotionEvent { action=DOWN, id[0]=0, x[0]=900, y[0]=30, eventTime=56928000000, downTime=56928000000, deviceId=4, source=TOUCHSCREEN, displayId=0, eventId=0xd641c317}
07-29 14:08:00.310  2192  3727 D VRR [OTI]: handleIdle from 1 to 0
07-29 14:08:00.310  2192  3727 D VRR [OTI-HW]: isStateReady 0
07-29 14:08:00.310  2192  3727 D VRR [OTI-HW]: restore sys rate.
07-29 14:08:00.310  3387  4849 I [UAH_CLIENT]: UahEventAcquire, cmdid:37, pkg:none, identity:OplusUAwareInputHelper
07-29 14:08:00.310  2192  3727 D VRR [RefreshRateDirector]: requestRefreshRateByOti update [ oti-hw, {fps=120, modePtr={id=4, vsyncRate=120.00 Hz, peakRefreshRate=120.00 Hz}} ]
07-29 14:08:00.310  2192  3727 D VRR [RefreshRateDirector]: selectBestFrameRate DirectorMapOti [oti-hw, {fps=120, modePtr={id=4, vsyncRate=120.00 Hz, peakRefreshRate=120.00 Hz}}]
07-29 14:08:00.310  2192  3727 D VRR [RefreshRateDirector]: updateBestFrameRate [oti-hw, {fps=120, modePtr={id=4, vsyncRate=120.00 Hz, peakRefreshRate=120.00 Hz}}]
07-29 14:08:00.310  2192  3727 D SurfaceFlinger: VRR [SurfaceFlinger] setDesiredActiveMode: displayId: 4630946756802996883, renderRate: 120, vsyncRate: 120, event: 1
07-29 14:08:00.310  2192  3727 D DisplayModeController: setDesiredMode 4630946756802996883 {mode={fps=120.00 Hz, modePtr={id=4, vsyncRate=120.00 Hz, peakRefreshRate=120.00 Hz}}, emitEvent=true, force=false}
07-29 14:08:00.311  3387  4676 D OMP_Detector: D:done mCurrStatus: 0
07-29 14:08:00.312  3387  4849 D UAH-UahAdaptHelper: adaptSetNotification identity = OplusUAwareInputHelpersrc = 1000 , type 0 ,p1 = -1 ,p2 = -1 ,p3 = -1 ,p4 =
07-29 14:08:00.312  3387  4849 I [UAH_CLIENT]: uahRuleCtl, ruleId:1000, status:0
07-29 14:08:00.313  1952  1995 I [UAH_CLIENT]: UahRelease, handle:31
07-29 14:08:00.313  3387  3795 D PowerManagerService: userActivityNoUpdateLocked: groupId=0, eventTime=56928, event=touch, flags=0x0, uid=1000
07-29 14:08:00.313  4900  4900 V AutofillManager: requestHideFillUi(null): anchor = null
07-29 14:08:00.313  1952  1995 I [UAH_CLIENT]: UahPlatformResAcquire
07-29 14:08:00.313  4900  4900 V Application: getAutofillClient(): null on super, trying to find activity thread
07-29 14:08:00.313  1952  1995 I [UAH_CLIENT]: UahEventAcquire, cmdid:-3, pkg:2192 6923, identity:qcom-perfd
07-29 14:08:00.313  4900  4900 V Application: getAutofillClient(): none of the 0 activities on com.android.systemui.SystemUIApplication@f795e6b are top resumed nor have focus
07-29 14:08:00.313  4900  4900 V AutofillManager: No AutofillClient for com.android.systemui on context com.android.systemui.SystemUIApplication@f795e6b
07-29 14:08:00.314  1952  1995 E PERFHAL-RESOURCEQS: PERFHAL-RESOURCEQS: AddAndApply() 130: Resource with major=18, minor=41 not supported
07-29 14:08:00.315  4900  4900 I PluginSeedling--Capsule: CapsuleTouchEventHandler-->onInterceptTouchEvent interceptEvent: false
07-29 14:08:00.318  3387  3563 W UserAwareMgr: can not find match thread: GaussianBlur for process com.android.systemui
07-29 14:08:00.319  4900  6135 I [UAH_CLIENT]: UahEventAcquire, cmdid:97, pkg:none, identity:OsenseHelperImpl
07-29 14:08:00.319  4900  4900 I SystemUi--Common: ScrollTranslationValue-->resetPanelTranslationY
07-29 14:08:00.321  4900  4900 I SystemUi--QuickSettings: OplusPanelViewPagerController-->initExpanded downExpanded=NONE downOnRight=true targetPage=NOTIFICATION downOnYHotArea=true  isKeyguardShowing=false isOnKeyguard=false fractionListeners.size=0 currentQsFraction=0.0 currentNotifyFraction=0.0 hasCalledDownEvent=true getScrollXHotZone=([Rect(0, 0 - 1080, 2376)], [Rect(-1, -1 - -1, -1), Rect(157, 1999 - 283, 2125), Rect(823, 1999 - 949, 2125)]) getScrollYHotZone=Rect(0, 0 - 1080, 66) notifyExpandedFraction=0.0 isLastUpToExpand=false qsPanelView.translationX=0.0
07-29 14:08:00.321  4900  4900 I SystemUi--QuickSettings: OplusPanelViewPagerController-->shouldOpenQS  set targetPage=QS
07-29 14:08:00.321  4900  4900 I SystemUi--Common: ScrollTranslationValue-->resetPanelTranslationY
07-29 14:08:00.321  4900  4900 I SystemUi--QuickSettings: OplusPanelViewPagerController-->initExpanded downExpanded=NONE downOnRight=true targetPage=QS downOnYHotArea=true  isKeyguardShowing=false isOnKeyguard=false fractionListeners.size=0 currentQsFraction=0.0 currentNotifyFraction=0.0 hasCalledDownEvent=true getScrollXHotZone=([Rect(0, 0 - 1080, 2376)], [Rect(-1, -1 - -1, -1), Rect(157, 1999 - 283, 2125), Rect(823, 1999 - 949, 2125)]) getScrollYHotZone=Rect(0, 0 - 1080, 66) notifyExpandedFraction=0.0 isLastUpToExpand=false qsPanelView.translationX=0.0
07-29 14:08:00.321  4900  4900 I SystemUi--QuickSettings: OplusPanelViewPagerController-->shouldOpenQS  set targetPage=QS
07-29 14:08:00.322  4900  4900 I SystemUi--QuickSettings: OplusQSPageViewController-->reset(), pageList size:2 itemCount:2 oldIndex:0 curIndex:0
07-29 14:08:00.322  4900  4900 I SystemUi--QuickSettings: OplusQSRootViewController-->startExpandMotion event: 0, startTracking: false isClosing: false panelClosedOnDown: true
07-29 14:08:00.322  4900  4900 I SystemUi--QuickSettings: OplusQSRootViewController-->initialOffsetOnTouch: 0.0, panelClosedOnDown: true
07-29 14:08:00.322  4900  4900 I SystemUi--QuickSettings: OplusQSRootView-->disallowChildIntercept:false
07-29 14:08:00.322  4900  4900 I SystemUi--QuickSettings: OplusQSRootViewController-->startExpandMotion event: 0, startTracking: false isClosing: false panelClosedOnDown: true
07-29 14:08:00.322  4900  4900 I SystemUi--QuickSettings: OplusQSRootViewController-->initialOffsetOnTouch: 0.0, panelClosedOnDown: true
07-29 14:08:00.322  4900  4900 I SystemUi--QuickSettings: OplusQSRootViewController-->onTouchEvent() ACTION_DOWN, canSlideHToQSOnStatusBar:true, gestureWaitForTouchSlop:true, panelClosedOnDown:true, panelClosingOnDown:false, pointerIndex:0
07-29 14:08:00.323  3387  5512 I InputDispatcher: injectInputEvent: targetUid=<not set>, syncMode=WAIT_FOR_FINISHED, timeout=30000ms, policyFlags=0x8000000, event=MotionEvent { action=MOVE, id[0]=0, x[0]=900, y[0]=128.5, eventTime=56943000000, downTime=56928000000, deviceId=4, source=TOUCHSCREEN, displayId=0, eventId=0xfb384ed8}
07-29 14:08:00.323  3387  4849 I [UAH_CLIENT]: UahEventAcquire, cmdid:68, pkg:none, identity:OplusUAwareInputHelper
07-29 14:08:00.323  3387  4465 D SystemGestures: detectSwipe: 1
07-29 14:08:00.326  2192  2192 I DisplayModeController: hwc begin mode change to 8333333
07-29 14:08:00.326  2192  2192 I HWC2    : [0] setActiveConfigWithConstraints[4]
07-29 14:08:00.327  1932  1932 W SDM     : HWDeviceDRM::GetSupportedBitClkRate: Requested rate not supported: 1363200000
07-29 14:08:00.327  1932  1932 I SDM     : HWDeviceDRM::UpdateMixerAttributes: Mixer WxH 1440x3168-1 for Peripheral
07-29 14:08:00.327  1932  1932 I CwbService: CwbService::notifyConfigChange: display:0, config:4 size:4, sec.size():0
07-29 14:08:00.327  1932  1932 I CwbService: CwbService::notifyConfigChange: display: 0, config = 0
07-29 14:08:00.328  1932  3689 I CasManager: Fps changed from 60 to 120
07-29 14:08:00.328  1932  3689 I CasManager: Fps changed, not change bin, so trigger gain
07-29 14:08:00.328  1932  3689 W SDM     : DemuraIntfImpl::ProcessOemPluginGain: Thermal intf_ is nullptr 0, default to 25 degree
07-29 14:08:00.328  1932  3689 I SDM     : CasQcPlugIn::ProcessPerCompGainOppo: input params, mode:PWM, fps:120, dbv:1449
07-29 14:08:00.328  1932  3689 I SDM     : CasQcPlugIn::ProcessPerCompGainOppo: normalized bright_adj:1024, dbv:1449, bin_dbv:1083, 
07-29 14:08:00.328  1932  3689 I SDM     : CasQcPlugIn::ProcessPerCompGainOppo: gains print start =====================
07-29 14:08:00.328  1932  3689 I SDM     : CasQcPlugIn::ProcessPerCompGainOppo: gain --------------------------------
07-29 14:08:00.328  1932  3689 I SDM     : CasQcPlugIn::ProcessPerCompGainOppo: old: 0 0 0 57 90 322 1201 3072
07-29 14:08:00.328  1932  3689 I SDM     : CasQcPlugIn::ProcessPerCompGainOppo: new: 0 0 0 47 77 279 1040 3072
07-29 14:08:00.328  1932  3689 I SDM     : CasQcPlugIn::ProcessPerCompGainOppo: gain --------------------------------
07-29 14:08:00.328  1932  3689 I SDM     : CasQcPlugIn::ProcessPerCompGainOppo: old: 0 0 0 64 125 373 1336 3072
07-29 14:08:00.328  1932  3689 I SDM     : CasQcPlugIn::ProcessPerCompGainOppo: new: 0 0 0 53 99 373 1336 3072
07-29 14:08:00.328  1932  3689 I SDM     : CasQcPlugIn::ProcessPerCompGainOppo: gain --------------------------------
07-29 14:08:00.328  1932  3689 I SDM     : CasQcPlugIn::ProcessPerCompGainOppo: old: 0 0 0 42 83 323 1222 3072
07-29 14:08:00.328  1932  3689 I SDM     : CasQcPlugIn::ProcessPerCompGainOppo: new: 0 0 0 35 83 323 1222 3072
07-29 14:08:00.328  1932  3689 I SDM     : CasQcPlugIn::ProcessPerCompGainOppo: gains print end =======================
07-29 14:08:00.330  4900  4900 I SystemUi--QuickSettings: OplusQSRootViewController-->startExpandMotion event: 2, startTracking: true isClosing: false panelClosedOnDown: true
07-29 14:08:00.330  4900  4900 I SystemUi--QuickSettings: OplusQSRootViewController-->endClosing()
07-29 14:08:00.330  4900  4900 I SystemUi--QuickSettings: QSPanelExpandFraction-->updateFraction, stiffness=500.0, finalPosition=0.37040365
07-29 14:08:00.330  3387  5512 I InputDispatcher: injectInputEvent: targetUid=<not set>, syncMode=WAIT_FOR_FINISHED, timeout=30000ms, policyFlags=0x8000000, event=MotionEvent { action=MOVE, id[0]=0, x[0]=900, y[0]=181.033, eventTime=56951000000, downTime=56928000000, deviceId=4, source=TOUCHSCREEN, displayId=0, eventId=0xe7cccce5}
07-29 14:08:00.333  1932  3689 I SDM     : DemuraIntfImpl::StageAllData: Staged all data to Demura Driver!
07-29 14:08:00.333  1932  3689 I SDM     : HWPeripheralDRM::SetPanelFeature: Set Panel feature property 19
07-29 14:08:00.333  1932  3689 I SDM     : HWPeripheralDRM::SetPanelFeature: Set Panel feature property 7
07-29 14:08:00.333  1932  3689 I SDM     : DisplayBuiltIn::TriggerDemuraOemPlugIn: Trigger demura oem plugin success
07-29 14:08:00.334  1932  2231 I SDM     : DRMPanelFeatureMgr::ApplyDirtyFeature: Commited panel feature [enabled]: 20-272
07-29 14:08:00.334  1932  2231 I SDM     : DRMPanelFeatureMgr::ApplyDirtyFeature: Commited panel feature [enabled]: 8-271
07-29 14:08:00.338  4900  4900 I SystemUi--QuickSettings: OplusQSRootViewController-->setQsVisible: true rawFraction:0.0034031442
07-29 14:08:00.338  3387  5512 I InputDispatcher: injectInputEvent: targetUid=<not set>, syncMode=WAIT_FOR_FINISHED, timeout=30000ms, policyFlags=0x8000000, event=MotionEvent { action=MOVE, id[0]=0, x[0]=900, y[0]=227, eventTime=56958000000, downTime=56928000000, deviceId=4, source=TOUCHSCREEN, displayId=0, eventId=0xe6fb1326}
07-29 14:08:00.339  4900  4900 I SystemUi--QuickSettings: OplusQSRootViewController-->setListening: true
07-29 14:08:00.339  4900  4900 I SystemUi--QuickSettings: OplusLargeTileContainerViewController-->setListening listening=true
07-29 14:08:00.339  4900  4900 I SystemUi--QuickSettings: QSBrightnessFactory-->setListening listening:true
07-29 14:08:00.339  4900  4900 I SystemUi--QuickSettings: OplusQsBrightnessSliderController-->setListening listening:true mView: com.oplus.systemui.plugins.qs.widget.OplusQsToggleSliderLayout{fc9f374 V.E...... ......ID 558,244-737,643 #7f0a09f0 app:id/qs_brightness_slider_layout alpha=0.0 viewInfo = } value:0
07-29 14:08:00.339  4900  4900 I SystemUi--QuickSettings: OplusQsVolumeSliderController-->updateVolumeSeekBarMaxProgress: isNeedUpdate=true, maxVolumeProgress=16000, seekBarMaxProgress=1600, isInit=false
07-29 14:08:00.339  4900  4900 I SystemUi--QuickSettings: OplusQsVolumeSliderController-->updateVolumeSeekBarProgress: isNeedUpdate=true, isAllowUpdate=true, volumeLevel=0, seekBarLevel=0, initialVolumeSliderProgress=0, initialSeekBarVolumeLevel=-1, progressUpdated=false
07-29 14:08:00.339  4900  4900 I SystemUi--QuickSettings: OplusQsVolumeSliderController-->updateDisableShowVolumeDialog: isQsListening=true
07-29 14:08:00.340  4900  4900 I SystemUi--Device_Panel: OplusQSMyDeviceContainerViewController-->setListening listening: true
07-29 14:08:00.340  4900  4900 I [DevicePlugin].SysUiPluginService.(main): setListening: isListening=true, _isSeparateMode=true
07-29 14:08:00.340  4900  4900 I [DevicePlugin].FixedSeparateModelPanel.(main): onCtrCenterShow
07-29 14:08:00.340  4900  4900 I [DevicePlugin].FixedSeparateModelPanel.(main): onResume
07-29 14:08:00.341  4900  6135 D [DevicePlugin].DataInterfaceImp.(DefaultDispatcher-worker-8): safeCall, method:panel_state
07-29 14:08:00.342  4900  4900 I SystemUi--Common: NotificationShadeDepthC-->sceneFlag: 0x001, isStart = true, Current sceneFlags: 0x001
07-29 14:08:00.342  4900  5707 D Tile.CustomTile.OshareTileService: refreshState: tile not listening, ignore
07-29 14:08:00.342  4900  5707 D TileStateController: bindAppWhenListening: false ComponentInfo{com.coloros.oshare/com.oplus.oshare.OshareTileService}
07-29 14:08:00.342  4900  4900 D NavigationBar: restrainNavigationBarInvertColor: true
07-29 14:08:00.342  3387  5526 D OomAdjuster: Not killing cached processes
07-29 14:08:00.342  4900  5707 I SystemUi--QuickSettings: Tile.CustomTile.OshareTileService-->bindServiceWhenListening: false when isOplusQsTile
07-29 14:08:00.342  4900  5707 D Tile.CustomTile.OshareTileService: refreshState: tile not listening, ignore
