07-28 20:38:41.789  7932  9682 E metis_v2_JenaHandlerManager: local thread match [7f0000011753749481764302807246|p_7246_7dc867d@1|p_7932_c56b03@1|com.oplus.metis]
07-28 20:38:41.789  7932  9682 E metis_v2_JenaHandlerManager: local thread match [7f0000011753749481764302807246|p_7246_7dc867d@1|p_7932_c56b03@1|com.oplus.metis]
07-28 20:38:41.789  7932  9682 E metis_v2_JenaHandlerManager: local thread match [7f0000011753749481764302807246|p_7246_7dc867d@1|p_7932_c56b03@1|com.oplus.metis]
07-28 20:38:41.789  7932  9682 E metis_v2_JenaHandlerManager: local thread match [7f0000011753749481764302807246|p_7246_7dc867d@1|p_7932_c56b03@1|com.oplus.metis]
07-28 20:38:41.789  7932  9682 E metis_v2_JenaHandlerManager: local thread match [7f0000011753749481764302807246|p_7246_7dc867d@1|p_7932_c56b03@1|com.oplus.metis]
07-28 20:38:41.789  7932  9682 E metis_v2_JenaHandlerManager: local thread match [7f0000011753749481764302807246|p_7246_7dc867d@1|p_7932_c56b03@1|com.oplus.metis]
07-28 20:38:41.789  7932  9682 E metis_v2_JenaHandlerManager: local thread match [7f0000011753749481764302807246|p_7246_7dc867d@1|p_7932_c56b03@1|com.oplus.metis]
07-28 20:38:41.789  7932  9682 E metis_v2_JenaHandlerManager: local thread match [7f0000011753749481764302807246|p_7246_7dc867d@1|p_7932_c56b03@1|com.oplus.metis]
07-28 20:38:41.789  7932  9682 E metis_v2_JenaHandlerManager: local thread match [7f0000011753749481764302807246|p_7246_7dc867d@1|p_7932_c56b03@1|com.oplus.metis]
07-28 20:38:41.789  7932  9682 E metis_v2_JenaHandlerManager: local thread match [7f0000011753749481764302807246|p_7246_7dc867d@1|p_7932_c56b03@1|com.oplus.metis]
07-28 20:38:41.789  7932  9682 E metis_v2_JenaHandlerManager: local thread match [7f0000011753749481764302807246|p_7246_7dc867d@1|p_7932_c56b03@1|com.oplus.metis]
07-28 20:38:41.789  7932  9682 E metis_v2_JenaHandlerManager: local thread match [7f0000011753749481764302807246|p_7246_7dc867d@1|p_7932_c56b03@1|com.oplus.metis]
07-28 20:38:41.789  7932  9682 E metis_v2_JenaHandlerManager: local thread match [7f0000011753749481764302807246|p_7246_7dc867d@1|p_7932_c56b03@1|com.oplus.metis]
07-28 20:38:41.789  7932  9682 E metis_v2_JenaHandlerManager: local thread match [7f0000011753749481764302807246|p_7246_7dc867d@1|p_7932_c56b03@1|com.oplus.metis]
07-28 20:38:41.790  7932  9682 E metis_v2_JenaHandlerManager: local thread match [7f0000011753749481764302807246|p_7246_7dc867d@1|p_7932_c56b03@1|com.oplus.metis]
07-28 20:38:41.790  7932  9682 E metis_v2_JenaHandlerManager: local thread match [7f0000011753749481764302807246|p_7246_7dc867d@1|p_7932_c56b03@1|com.oplus.metis]
07-28 20:38:41.790  7932  9682 E metis_v2_JenaHandlerManager: local thread match [7f0000011753749481764302807246|p_7246_7dc867d@1|p_7932_c56b03@1|com.oplus.metis]
07-28 20:38:41.790  7932  9682 E metis_v2_JenaHandlerManager: local thread match [7f0000011753749481764302807246|p_7246_7dc867d@1|p_7932_c56b03@1|com.oplus.metis]
07-28 20:38:41.790  7932  9682 E metis_v2_JenaHandlerManager: local thread match [7f0000011753749481764302807246|p_7246_7dc867d@1|p_7932_c56b03@1|com.oplus.metis]
07-28 20:38:41.790  7932  9682 E metis_v2_JenaHandlerManager: local thread match [7f0000011753749481764302807246|p_7246_7dc867d@1|p_7932_c56b03@1|com.oplus.metis]
07-28 20:38:41.790  7932  9682 E metis_v2_JenaHandlerManager: local thread match [7f0000011753749481764302807246|p_7246_7dc867d@1|p_7932_c56b03@1|com.oplus.metis]
07-28 20:38:41.790  7932  9682 E metis_v2_JenaHandlerManager: local thread match [7f0000011753749481764302807246|p_7246_7dc867d@1|p_7932_c56b03@1|com.oplus.metis]
07-28 20:38:41.790  7932  9682 E metis_v2_JenaHandlerManager: local thread match [7f0000011753749481764302807246|p_7246_7dc867d@1|p_7932_c56b03@1|com.oplus.metis]
07-28 20:38:41.790  7932  9682 E metis_v2_JenaHandlerManager: local thread match [7f0000011753749481764302807246|p_7246_7dc867d@1|p_7932_c56b03@1|com.oplus.metis]
07-28 20:38:41.790  7932  9682 E metis_v2_JenaHandlerManager: local thread match [7f0000011753749481764302807246|p_7246_7dc867d@1|p_7932_c56b03@1|com.oplus.metis]
07-28 20:38:41.790  7932  9682 E metis_v2_JenaHandlerManager: local thread match [7f0000011753749481764302807246|p_7246_7dc867d@1|p_7932_c56b03@1|com.oplus.metis]
07-28 20:38:41.790  7932  9682 E metis_v2_JenaHandlerManager: local thread match [7f0000011753749481764302807246|p_7246_7dc867d@1|p_7932_c56b03@1|com.oplus.metis]
07-28 20:38:41.790  7932  9682 E metis_v2_JenaHandlerManager: local thread match [7f0000011753749481764302807246|p_7246_7dc867d@1|p_7932_c56b03@1|com.oplus.metis]
07-28 20:38:41.790  7932  9682 E metis_v2_JenaHandlerManager: local thread match [7f0000011753749481764302807246|p_7246_7dc867d@1|p_7932_c56b03@1|com.oplus.metis]
07-28 20:38:41.790  7932  9682 E metis_v2_JenaHandlerManager: local thread match [7f0000011753749481764302807246|p_7246_7dc867d@1|p_7932_c56b03@1|com.oplus.metis]
07-28 20:38:41.790  7932  9682 E metis_v2_JenaHandlerManager: local thread match [7f0000011753749481764302807246|p_7246_7dc867d@1|p_7932_c56b03@1|com.oplus.metis]
07-28 20:38:41.790  7932  9682 E metis_v2_JenaHandlerManager: local thread match [7f0000011753749481764302807246|p_7246_7dc867d@1|p_7932_c56b03@1|com.oplus.metis]
07-28 20:38:41.790  7932  9682 E metis_v2_JenaHandlerManager: local thread match [7f0000011753749481764302807246|p_7246_7dc867d@1|p_7932_c56b03@1|com.oplus.metis]
07-28 20:38:41.790  7932  9682 E metis_v2_JenaHandlerManager: local thread match [7f0000011753749481764302807246|p_7246_7dc867d@1|p_7932_c56b03@1|com.oplus.metis]
07-28 20:38:41.790  7932  9682 E metis_v2_JenaHandlerManager: local thread match [7f0000011753749481764302807246|p_7246_7dc867d@1|p_7932_c56b03@1|com.oplus.metis]
07-28 20:38:41.790  7932  9682 E metis_v2_JenaHandlerManager: local thread match [7f0000011753749481764302807246|p_7246_7dc867d@1|p_7932_c56b03@1|com.oplus.metis]
07-28 20:38:41.790  7932  9682 E metis_v2_JenaHandlerManager: local thread match [7f0000011753749481764302807246|p_7246_7dc867d@1|p_7932_c56b03@1|com.oplus.metis]
07-28 20:38:41.790  7932  9682 E metis_v2_JenaHandlerManager: local thread match [7f0000011753749481764302807246|p_7246_7dc867d@1|p_7932_c56b03@1|com.oplus.metis]
07-28 20:38:41.790  7932  9682 E metis_v2_JenaHandlerManager: local thread match [7f0000011753749481764302807246|p_7246_7dc867d@1|p_7932_c56b03@1|com.oplus.metis]
07-28 20:38:41.790  7932  9682 E metis_v2_JenaHandlerManager: local thread match [7f0000011753749481764302807246|p_7246_7dc867d@1|p_7932_c56b03@1|com.oplus.metis]
07-28 20:38:41.790  7932  9682 E metis_v2_JenaHandlerManager: local thread match [7f0000011753749481764302807246|p_7246_7dc867d@1|p_7932_c56b03@1|com.oplus.metis]
07-28 20:38:41.790  7932  9682 E metis_v2_JenaHandlerManager: local thread match [7f0000011753749481764302807246|p_7246_7dc867d@1|p_7932_c56b03@1|com.oplus.metis]
07-28 20:38:41.790  7932  9682 E metis_v2_JenaHandlerManager: local thread match [7f0000011753749481764302807246|p_7246_7dc867d@1|p_7932_c56b03@1|com.oplus.metis]
07-28 20:38:41.790  7932  9682 E metis_v2_JenaHandlerManager: local thread match [7f0000011753749481764302807246|p_7246_7dc867d@1|p_7932_c56b03@1|com.oplus.metis]
07-28 20:38:41.790  7932  9682 E metis_v2_JenaHandlerManager: local thread match [7f0000011753749481764302807246|p_7246_7dc867d@1|p_7932_c56b03@1|com.oplus.metis]
07-28 20:38:41.790  7932  9682 E metis_v2_JenaHandlerManager: local thread match [7f0000011753749481764302807246|p_7246_7dc867d@1|p_7932_c56b03@1|com.oplus.metis]
07-28 20:38:41.790  7932  9682 E metis_v2_JenaHandlerManager: local thread match [7f0000011753749481764302807246|p_7246_7dc867d@1|p_7932_c56b03@1|com.oplus.metis]
07-28 20:38:41.790  7932  9682 E metis_v2_JenaHandlerManager: local thread match [7f0000011753749481764302807246|p_7246_7dc867d@1|p_7932_c56b03@1|com.oplus.metis]
07-28 20:38:41.790  7932  9682 E metis_v2_JenaHandlerManager: local thread match [7f0000011753749481764302807246|p_7246_7dc867d@1|p_7932_c56b03@1|com.oplus.metis]
07-28 20:38:41.790  7932  9682 E metis_v2_JenaHandlerManager: local thread match [7f0000011753749481764302807246|p_7246_7dc867d@1|p_7932_c56b03@1|com.oplus.metis]
07-28 20:38:41.790  7932  9682 E metis_v2_JenaHandlerManager: local thread match [7f0000011753749481764302807246|p_7246_7dc867d@1|p_7932_c56b03@1|com.oplus.metis]
07-28 20:38:41.790  7932  9682 E metis_v2_JenaHandlerManager: local thread match [7f0000011753749481764302807246|p_7246_7dc867d@1|p_7932_c56b03@1|com.oplus.metis]
07-28 20:38:41.790  7932  9682 E metis_v2_JenaHandlerManager: local thread match [7f0000011753749481764302807246|p_7246_7dc867d@1|p_7932_c56b03@1|com.oplus.metis]
07-28 20:38:41.790  7932  9682 E metis_v2_JenaHandlerManager: local thread match [7f0000011753749481764302807246|p_7246_7dc867d@1|p_7932_c56b03@1|com.oplus.metis]
07-28 20:38:41.790  7932  9682 E metis_v2_JenaHandlerManager: local thread match [7f0000011753749481764302807246|p_7246_7dc867d@1|p_7932_c56b03@1|com.oplus.metis]
07-28 20:38:41.790  7932  9682 E metis_v2_JenaHandlerManager: local thread match [7f0000011753749481764302807246|p_7246_7dc867d@1|p_7932_c56b03@1|com.oplus.metis]
07-28 20:38:41.790  7932  9682 E metis_v2_JenaHandlerManager: local thread match [7f0000011753749481764302807246|p_7246_7dc867d@1|p_7932_c56b03@1|com.oplus.metis]
07-28 20:38:41.790  7932  9682 E metis_v2_JenaHandlerManager: local thread match [7f0000011753749481764302807246|p_7246_7dc867d@1|p_7932_c56b03@1|com.oplus.metis]
07-28 20:38:41.790  7932  9682 E metis_v2_JenaHandlerManager: local thread match [7f0000011753749481764302807246|p_7246_7dc867d@1|p_7932_c56b03@1|com.oplus.metis]
07-28 20:38:41.790  7932  9682 E metis_v2_JenaHandlerManager: local thread match [7f0000011753749481764302807246|p_7246_7dc867d@1|p_7932_c56b03@1|com.oplus.metis]
07-28 20:38:41.790  7932  9682 E metis_v2_JenaHandlerManager: local thread match [7f0000011753749481764302807246|p_7246_7dc867d@1|p_7932_c56b03@1|com.oplus.metis]
07-28 20:38:41.790  7932  9682 E metis_v2_JenaHandlerManager: local thread match [7f0000011753749481764302807246|p_7246_7dc867d@1|p_7932_c56b03@1|com.oplus.metis]
07-28 20:38:41.790  7932  9682 E metis_v2_JenaHandlerManager: local thread match [7f0000011753749481764302807246|p_7246_7dc867d@1|p_7932_c56b03@1|com.oplus.metis]
07-28 20:38:41.790  7932  9682 E metis_v2_JenaHandlerManager: local thread match [7f0000011753749481764302807246|p_7246_7dc867d@1|p_7932_c56b03@1|com.oplus.metis]
07-28 20:38:41.790  7932  9682 E metis_v2_JenaHandlerManager: local thread match [7f0000011753749481764302807246|p_7246_7dc867d@1|p_7932_c56b03@1|com.oplus.metis]
07-28 20:38:41.790  7932  9682 E metis_v2_JenaHandlerManager: local thread match [7f0000011753749481764302807246|p_7246_7dc867d@1|p_7932_c56b03@1|com.oplus.metis]
07-28 20:38:41.790  7932  9682 E metis_v2_JenaHandlerManager: local thread match [7f0000011753749481764302807246|p_7246_7dc867d@1|p_7932_c56b03@1|com.oplus.metis]
07-28 20:38:41.790  7932  9682 E metis_v2_JenaHandlerManager: local thread match [7f0000011753749481764302807246|p_7246_7dc867d@1|p_7932_c56b03@1|com.oplus.metis]
07-28 20:38:41.790  7932  9682 E metis_v2_JenaHandlerManager: local thread match [7f0000011753749481764302807246|p_7246_7dc867d@1|p_7932_c56b03@1|com.oplus.metis]
07-28 20:38:41.790  7932  9682 E metis_v2_JenaHandlerManager: local thread match [7f0000011753749481764302807246|p_7246_7dc867d@1|p_7932_c56b03@1|com.oplus.metis]
07-28 20:38:41.790  7932  9682 E metis_v2_JenaHandlerManager: local thread match [7f0000011753749481764302807246|p_7246_7dc867d@1|p_7932_c56b03@1|com.oplus.metis]
07-28 20:38:41.790  7932  9682 E metis_v2_JenaHandlerManager: local thread match [7f0000011753749481764302807246|p_7246_7dc867d@1|p_7932_c56b03@1|com.oplus.metis]
07-28 20:38:41.790  7932  9682 E metis_v2_JenaHandlerManager: local thread match [7f0000011753749481764302807246|p_7246_7dc867d@1|p_7932_c56b03@1|com.oplus.metis]
07-28 20:38:41.790  7932  9682 E metis_v2_JenaHandlerManager: local thread match [7f0000011753749481764302807246|p_7246_7dc867d@1|p_7932_c56b03@1|com.oplus.metis]
07-28 20:38:41.790  7932  9682 E metis_v2_JenaHandlerManager: local thread match [7f0000011753749481764302807246|p_7246_7dc867d@1|p_7932_c56b03@1|com.oplus.metis]
07-28 20:38:41.790  7932  9682 E metis_v2_JenaHandlerManager: local thread match [7f0000011753749481764302807246|p_7246_7dc867d@1|p_7932_c56b03@1|com.oplus.metis]
07-28 20:38:41.790  7932  9682 E metis_v2_JenaHandlerManager: local thread match [7f0000011753749481764302807246|p_7246_7dc867d@1|p_7932_c56b03@1|com.oplus.metis]
07-28 20:38:41.790  7932  9682 E metis_v2_JenaHandlerManager: local thread match [7f0000011753749481764302807246|p_7246_7dc867d@1|p_7932_c56b03@1|com.oplus.metis]
07-28 20:38:41.790  7932  9682 E metis_v2_JenaHandlerManager: local thread match [7f0000011753749481764302807246|p_7246_7dc867d@1|p_7932_c56b03@1|com.oplus.metis]
07-28 20:38:41.790  7932  9682 E metis_v2_JenaHandlerManager: local thread match [7f0000011753749481764302807246|p_7246_7dc867d@1|p_7932_c56b03@1|com.oplus.metis]
07-28 20:38:41.790  7932  9682 E metis_v2_JenaHandlerManager: local thread match [7f0000011753749481764302807246|p_7246_7dc867d@1|p_7932_c56b03@1|com.oplus.metis]
07-28 20:38:41.790  7932  9682 E metis_v2_JenaHandlerManager: local thread match [7f0000011753749481764302807246|p_7246_7dc867d@1|p_7932_c56b03@1|com.oplus.metis]
07-28 20:38:41.790  7932  9682 E metis_v2_JenaHandlerManager: local thread match [7f0000011753749481764302807246|p_7246_7dc867d@1|p_7932_c56b03@1|com.oplus.metis]
07-28 20:38:41.790  7932  9682 E metis_v2_JenaHandlerManager: local thread match [7f0000011753749481764302807246|p_7246_7dc867d@1|p_7932_c56b03@1|com.oplus.metis]
07-28 20:38:41.790  7932  9682 E metis_v2_JenaHandlerManager: local thread match [7f0000011753749481764302807246|p_7246_7dc867d@1|p_7932_c56b03@1|com.oplus.metis]
07-28 20:38:41.790  7932  9682 E metis_v2_JenaHandlerManager: local thread match [7f0000011753749481764302807246|p_7246_7dc867d@1|p_7932_c56b03@1|com.oplus.metis]
07-28 20:38:41.790  7932  9682 E metis_v2_JenaHandlerManager: local thread match [7f0000011753749481764302807246|p_7246_7dc867d@1|p_7932_c56b03@1|com.oplus.metis]
07-28 20:38:41.790  7932  9682 E metis_v2_JenaHandlerManager: local thread match [7f0000011753749481764302807246|p_7246_7dc867d@1|p_7932_c56b03@1|com.oplus.metis]
07-28 20:38:41.790  7932  9682 E metis_v2_JenaHandlerManager: local thread match [7f0000011753749481764302807246|p_7246_7dc867d@1|p_7932_c56b03@1|com.oplus.metis]
07-28 20:38:41.790  7932  9682 E metis_v2_JenaHandlerManager: local thread match [7f0000011753749481764302807246|p_7246_7dc867d@1|p_7932_c56b03@1|com.oplus.metis]
07-28 20:38:41.790  7932  9682 E metis_v2_JenaHandlerManager: local thread match [7f0000011753749481764302807246|p_7246_7dc867d@1|p_7932_c56b03@1|com.oplus.metis]
07-28 20:38:41.790  7932  9682 E metis_v2_JenaHandlerManager: local thread match [7f0000011753749481764302807246|p_7246_7dc867d@1|p_7932_c56b03@1|com.oplus.metis]
07-28 20:38:41.790  7932  9682 E metis_v2_JenaHandlerManager: local thread match [7f0000011753749481764302807246|p_7246_7dc867d@1|p_7932_c56b03@1|com.oplus.metis]
07-28 20:38:41.790  7932  9682 E metis_v2_JenaHandlerManager: local thread match [7f0000011753749481764302807246|p_7246_7dc867d@1|p_7932_c56b03@1|com.oplus.metis]
07-28 20:38:41.790  7932  9682 E metis_v2_JenaHandlerManager: local thread match [7f0000011753749481764302807246|p_7246_7dc867d@1|p_7932_c56b03@1|com.oplus.metis]
07-28 20:38:41.790  7932  9682 E metis_v2_JenaHandlerManager: local thread match [7f0000011753749481764302807246|p_7246_7dc867d@1|p_7932_c56b03@1|com.oplus.metis]
07-28 20:38:41.790  7932  9682 E metis_v2_JenaHandlerManager: local thread match [7f0000011753749481764302807246|p_7246_7dc867d@1|p_7932_c56b03@1|com.oplus.metis]
07-28 20:38:41.790  7932  9682 E metis_v2_JenaHandlerManager: local thread match [7f0000011753749481764302807246|p_7246_7dc867d@1|p_7932_c56b03@1|com.oplus.metis]
07-28 20:38:41.790  7932  9682 E metis_v2_JenaHandlerManager: local thread match [7f0000011753749481764302807246|p_7246_7dc867d@1|p_7932_c56b03@1|com.oplus.metis]
07-28 20:38:41.790  7932  9682 E metis_v2_JenaHandlerManager: local thread match [7f0000011753749481764302807246|p_7246_7dc867d@1|p_7932_c56b03@1|com.oplus.metis]
07-28 20:38:41.790  7932  9682 E metis_v2_JenaHandlerManager: local thread match [7f0000011753749481764302807246|p_7246_7dc867d@1|p_7932_c56b03@1|com.oplus.metis]
07-28 20:38:41.790  7932  9682 E metis_v2_JenaHandlerManager: local thread match [7f0000011753749481764302807246|p_7246_7dc867d@1|p_7932_c56b03@1|com.oplus.metis]
07-28 20:38:41.790  7932  9682 E metis_v2_JenaHandlerManager: local thread match [7f0000011753749481764302807246|p_7246_7dc867d@1|p_7932_c56b03@1|com.oplus.metis]
07-28 20:38:41.790  7932  9682 E metis_v2_JenaHandlerManager: local thread match [7f0000011753749481764302807246|p_7246_7dc867d@1|p_7932_c56b03@1|com.oplus.metis]
07-28 20:38:41.790  7932  9682 E metis_v2_JenaHandlerManager: local thread match [7f0000011753749481764302807246|p_7246_7dc867d@1|p_7932_c56b03@1|com.oplus.metis]
07-28 20:38:41.790  7932  9682 E metis_v2_JenaHandlerManager: local thread match [7f0000011753749481764302807246|p_7246_7dc867d@1|p_7932_c56b03@1|com.oplus.metis]
07-28 20:38:41.790  7932  9682 E metis_v2_JenaHandlerManager: local thread match [7f0000011753749481764302807246|p_7246_7dc867d@1|p_7932_c56b03@1|com.oplus.metis]
07-28 20:38:41.790  7932  9682 E metis_v2_JenaHandlerManager: local thread match [7f0000011753749481764302807246|p_7246_7dc867d@1|p_7932_c56b03@1|com.oplus.metis]
07-28 20:38:41.790  7932  9682 E metis_v2_JenaHandlerManager: local thread match [7f0000011753749481764302807246|p_7246_7dc867d@1|p_7932_c56b03@1|com.oplus.metis]
07-28 20:38:41.790  7932  9682 E metis_v2_JenaHandlerManager: local thread match [7f0000011753749481764302807246|p_7246_7dc867d@1|p_7932_c56b03@1|com.oplus.metis]
07-28 20:38:41.790  7932  9682 E metis_v2_JenaHandlerManager: local thread match [7f0000011753749481764302807246|p_7246_7dc867d@1|p_7932_c56b03@1|com.oplus.metis]
07-28 20:38:41.790  7932  9682 E metis_v2_JenaHandlerManager: local thread match [7f0000011753749481764302807246|p_7246_7dc867d@1|p_7932_c56b03@1|com.oplus.metis]
07-28 20:38:41.790  7932  9682 E metis_v2_JenaHandlerManager: local thread match [7f0000011753749481764302807246|p_7246_7dc867d@1|p_7932_c56b03@1|com.oplus.metis]
07-28 20:38:41.790  7932  9682 E metis_v2_JenaHandlerManager: local thread match [7f0000011753749481764302807246|p_7246_7dc867d@1|p_7932_c56b03@1|com.oplus.metis]
07-28 20:38:41.790  7932  9682 E metis_v2_JenaHandlerManager: local thread match [7f0000011753749481764302807246|p_7246_7dc867d@1|p_7932_c56b03@1|com.oplus.metis]
07-28 20:38:41.790  7932  9682 E metis_v2_JenaHandlerManager: local thread match [7f0000011753749481764302807246|p_7246_7dc867d@1|p_7932_c56b03@1|com.oplus.metis]
07-28 20:38:41.790  7932  9682 E metis_v2_JenaHandlerManager: local thread match [7f0000011753749481764302807246|p_7246_7dc867d@1|p_7932_c56b03@1|com.oplus.metis]
07-28 20:38:41.790  7932  9682 E metis_v2_JenaHandlerManager: local thread match [7f0000011753749481764302807246|p_7246_7dc867d@1|p_7932_c56b03@1|com.oplus.metis]
07-28 20:38:41.790  7932  9682 E metis_v2_JenaHandlerManager: local thread match [7f0000011753749481764302807246|p_7246_7dc867d@1|p_7932_c56b03@1|com.oplus.metis]
07-28 20:38:41.790  7932  9682 E metis_v2_JenaHandlerManager: local thread match [7f0000011753749481764302807246|p_7246_7dc867d@1|p_7932_c56b03@1|com.oplus.metis]
07-28 20:38:41.790  7932  9682 E metis_v2_JenaHandlerManager: local thread match [7f0000011753749481764302807246|p_7246_7dc867d@1|p_7932_c56b03@1|com.oplus.metis]
07-28 20:38:41.790  7932  9682 E metis_v2_JenaHandlerManager: local thread match [7f0000011753749481764302807246|p_7246_7dc867d@1|p_7932_c56b03@1|com.oplus.metis]
07-28 20:38:41.790  7932  9682 E metis_v2_JenaHandlerManager: local thread match [7f0000011753749481764302807246|p_7246_7dc867d@1|p_7932_c56b03@1|com.oplus.metis]
07-28 20:38:41.790  7932  9682 E metis_v2_JenaHandlerManager: local thread match [7f0000011753749481764302807246|p_7246_7dc867d@1|p_7932_c56b03@1|com.oplus.metis]
07-28 20:38:41.790  7932  9682 E metis_v2_JenaHandlerManager: local thread match [7f0000011753749481764302807246|p_7246_7dc867d@1|p_7932_c56b03@1|com.oplus.metis]
07-28 20:38:41.790  7932  9682 E metis_v2_JenaHandlerManager: local thread match [7f0000011753749481764302807246|p_7246_7dc867d@1|p_7932_c56b03@1|com.oplus.metis]
07-28 20:38:41.790  3371  4550 E ApConfigUtil: Malformed channel value detected: java.lang.NumberFormatException: For input string: ""
07-28 20:38:41.790  7932  9682 E metis_v2_JenaHandlerManager: local thread match [7f0000011753749481764302807246|p_7246_7dc867d@1|p_7932_c56b03@1|com.oplus.metis]
07-28 20:38:41.790  7932  9682 E metis_v2_JenaHandlerManager: local thread match [7f0000011753749481764302807246|p_7246_7dc867d@1|p_7932_c56b03@1|com.oplus.metis]
07-28 20:38:41.790  7932  9682 E metis_v2_JenaHandlerManager: local thread match [7f0000011753749481764302807246|p_7246_7dc867d@1|p_7932_c56b03@1|com.oplus.metis]
07-28 20:38:41.790  7932  9682 E metis_v2_JenaHandlerManager: local thread match [7f0000011753749481764302807246|p_7246_7dc867d@1|p_7932_c56b03@1|com.oplus.metis]
07-28 20:38:41.790  7932  9682 E metis_v2_JenaHandlerManager: local thread match [7f0000011753749481764302807246|p_7246_7dc867d@1|p_7932_c56b03@1|com.oplus.metis]
07-28 20:38:41.790  5324  5966 I MMKV    : <MMKV_IO.cpp:456::writeActualSize> [mmkv.default] increase sequence to 7726, crc 3341819265, actualSize 552
07-28 20:38:41.791  3371  4550 E ApConfigUtil: Malformed channel value detected: java.lang.NumberFormatException: For input string: ""
07-28 20:38:41.792  3371  4231 W BestClock: java.time.DateTimeException: Missing network time fix
07-28 20:38:41.792  3371  4550 E ApConfigUtil: Malformed channel value detected: java.lang.NumberFormatException: For input string: ""
07-28 20:38:41.793  3371  4231 W BestClock: java.time.DateTimeException: Missing network time fix
07-28 20:38:41.793  6739  6775 I ThermalEngine: VIRTUAL-CPU-L-PID, Update received trip sensor cpu-1-0-1 79900
07-28 20:38:41.793  4920  5983 V OplusCustomizeCacheManager: queryCache name: sys.cache.common_customize_cache18014 param: null
07-28 20:38:41.793  4920  5983 V OplusCustomizeCacheManager: queryCache name: sys.cache.common_customize_cache18017 param: Bundle[{SETTING=BLOCK, BUSINESS=NCT-DATA}]
07-28 20:38:41.793  4920  5983 V OplusCustomizeCacheManager: queryCache name: sys.cache.common_customize_cache18013 param: null
07-28 20:38:41.794  6739  6899 I ThermalEngine: VIRTUAL-CPU-L-PID, Update received trip sensor cpu-1-1-1 79900
07-28 20:38:41.796  5324  5675 W [0]DCS  : Common Record event failed. DCS reject event: [appId=107501,logTag=10750101,eventId=metis_scene] . Pls check server config.
07-28 20:38:41.797  5324  5675 W [0]DCS  : Common Record event failed. DCS reject event: [appId=107501,logTag=10750101,eventId=metis_scene] . Pls check server config.
07-28 20:38:41.799  1979  2019 I [UAH_CLIENT]: UahRelease, handle:41
07-28 20:38:41.800  4920  4920 I SystemUi--QuickSettings: QsLottieUtils-->getLottieAnimFile : qs/qs_airplane_lottie_active_sep_dual_light.json
07-28 20:38:41.800  4920  4920 I SystemUi--QuickSettings: TemporarilyInfoManager-->[trigger] start from show
07-28 20:38:41.800  4920  4920 I SystemUi--QuickSettings: TemporarilyInfoManager-->[getLayoutParams] translationY=102.079216, translationX=0, width=1080, height=228, isLandscape=false, parent=androidx.constraintlayout.widget.ConstraintLayout{9d4bf3c V.E...... ......ID 0,0-1080,2376 #7f0a09f6 app:id/qs_container_area_layout alpha=1.0 viewInfo = }
07-28 20:38:41.800  4920  4920 I SystemUi--Common: ViewExt-->[startAlongWithPosition] com.oplus.systemui.qs.base.temporarilyinfo.TemporarilyInfoManager$createViewToParent$1{f6cdd1f V.ED..... ......ID 0,0-0,0 #7f0a0cb6 app:id/temporarily_info_view alpha=0.0 viewInfo = } alongWith android.widget.RelativeLayout{1b3c86c V.E...... ........ 0,102-1080,222 #7f0a0a2e app:id/qs_status_bar_container_layout alpha=1.0 viewInfo = }
07-28 20:38:41.800  4920  4920 I SystemUi--QuickSettings: TemporarilyInfoManager-->[showElement] com.oplus.systemui.qs.base.temporarilyinfo.TemporarilyInfoManager$createViewToParent$1{f6cdd1f V.ED..... ......ID 0,0-0,0 #7f0a0cb6 app:id/temporarily_info_view alpha=0.0 viewInfo = } for Element(text=Airplane mode off, groupId=Airplane mode, style=InfoShowStyle(textSize=16.0, sizeUnit=2, textColor=-1, showDuration=1500, alongWithReplacedView=true))
07-28 20:38:41.801  4920  4920 I SystemUi--QuickSettings: TemporarilyInfoManager-->[animateShow] com.oplus.systemui.qs.base.temporarilyinfo.TemporarilyInfoManager$createViewToParent$1{f6cdd1f VFED..C.. ......ID 0,0-0,0 #7f0a0cb6 app:id/temporarily_info_view alpha=0.0 viewInfo = } start
07-28 20:38:41.829  3408  3941 D QmiClient: qmiServiceEventCallback recv msg id 1106
07-28 20:38:41.829  3408  3941 D QmiVsClient: enter - onQmiServiceEventCallback msgId 1106
07-28 20:38:41.829  3408  3443 D VsProxy : handleMessage msg is 2425
07-28 20:38:41.829  3408  3443 D VsProxy : handleServingCellInfoChangeInd for instance 0
07-28 20:38:41.829  3408  3408 D RadioServiceIndication: radioServingCellInfoInd
07-28 20:38:41.830  3408  3408 D RadioServiceIndication: radioServingCellInfoInd
07-28 20:38:41.830  5281  5311 D SubsysRadioIndication[0]: radioServingCellInfoInd
07-28 20:38:41.830  4920  4920 I SystemUi--QuickSettings: QsLottieUtils-->getLottieAnimFile : qs/qs_cellular_lottie_active_sep_dual_light.json
07-28 20:38:41.831  5281  5311 D SubsysRadioIndication[0]: radioServingCellInfoInd
07-28 20:38:41.831  5281  5281 D NetworkService[0]: handleMessage what:1003
07-28 20:38:41.831  5281  5281 D NetworkService[0]: handleMessage what:1003
07-28 20:38:41.832  5068  5900 D RadioEvent: onCellInfoChanged slotId=0
07-28 20:38:41.832  5068  5900 D RadioEvent: onCellInfoChanged slotId=0
07-28 20:38:41.834  3408  3939 D QmiClient: qmiServiceEventCallback recv msg id 78
07-28 20:38:41.834  3408  3939 D QmiNasClient: enter : onQmiServiceEventCallback msgId 78
07-28 20:38:41.834  3408  3939 D QmiNasClientEvent: qmiNasClientNotifySysInfoEvent lte_ims_voice_avail_valid 0
07-28 20:38:41.835  3408  3464 D NasProxy: handleMessage msg is 2101
07-28 20:38:41.835  3408  3464 D NasProxy: handleNasSysInfoEvent for instance 0
07-28 20:38:41.836  5281  5311 D SubsysRadioIndication[0]: radioNr5gFreqTypeIndication, nr5gFreqType = 0
07-28 20:38:41.836  5281  5281 D QtiCellularNetwork: handleNr5gFreqTypeChanged 0, nr5gFreqType = 0
07-28 20:38:41.837  5144  6151 I QImsService: ImsRadioIndicationAidl : onServiceDomainChanged()[SUB0]
07-28 20:38:41.838  5144  6151 I QImsService: ImsSenderRxr : [UNSL]< UNSOL_SERVICE_DOMAIN_CHANGED 0[SUB0]
07-28 20:38:41.838  5144  5144 I QImsService: ImsRegistrationController : Message received: what = 5
07-28 20:38:41.839  5144  5144 I QImsService: ImsRegistrationController : handleSrvDomainChanged
07-28 20:38:41.840  5183  6253 D IWlanJni: getDataRegistrationState start
07-28 20:38:41.841  5033  8747 D QtiOemHookAidl: oemHookRawIndication length=21
07-28 20:38:41.841  5033  5033 D QcrilMsgTunnelIfaceManager: handleMessage what = 0
07-28 20:38:41.841  5183  6266 D IWlanJni: new aidl event arrived
07-28 20:38:41.841  5183  6266 D IWlanJni: handleEvent 10
07-28 20:38:41.841  5183  6266 D IWlanJni: isThreadAttached start
07-28 20:38:41.841  5183  6266 D IWlanJni: jni detached
07-28 20:38:41.841  5183  6266 D IWlanJni: jni attached
07-28 20:38:41.841  5183  6266 D IWlanJni: getDataRegistrationStateResponse start
07-28 20:38:41.841  5183  6266 D IWlanJni: getJavaCallbackClass start
07-28 20:38:41.841  5183  6266 D IWlanJni: getJavaCallbackClass End midIs[1]
07-28 20:38:41.841  5183  6266 I IWlanAidlClient: getDataRegistrationStateResponse called
07-28 20:38:41.841  4979  4979 D QC_RIL_OEM_HOOK: Received Broadcast Intent ACTION_UNSOL_RESPONSE_OEM_HOOK_RAW
07-28 20:38:41.842  5183  6265 W IWlanNetworkService: 14 > Response Processed
07-28 20:38:41.842  4979  4979 D QC_RIL_OEM_HOOK: Received Broadcast Intent ACTION_UNSOL_RESPONSE_OEM_HOOK_RAW
07-28 20:38:41.842  4979  4979 D QC_RIL_OEM_HOOK: Received Broadcast Intent ACTION_UNSOL_RESPONSE_OEM_HOOK_RAW
07-28 20:38:41.842  5033  5033 D QC_RIL_OEM_HOOK: Received Broadcast Intent ACTION_UNSOL_RESPONSE_OEM_HOOK_RAW
07-28 20:38:41.844  5281  5281 D SubsysEventListenerManager-SubsysTelephonyCallback[0]: onSignalStrengthsChanged
07-28 20:38:41.845  4979  4979 D OplusTelephonyController: onSignalStrengthChanged: SignalStrength=SignalStrength:{mCdma=CellSignalStrengthCdma: cdmaDbm=2147483647 cdmaEcio=2147483647 evdoDbm=2147483647 evdoEcio=2147483647 evdoSnr=2147483647 level=0,mGsm=CellSignalStrengthGsm: rssi=2147483647 ber=2147483647 mTa=2147483647 mLevel=0,mWcdma=CellSignalStrengthWcdma: ss=2147483647 ber=2147483647 rscp=2147483647 ecno=2147483647 level=0,mTdscdma=CellSignalStrengthTdscdma: rssi=2147483647 ber=2147483647 rscp=2147483647 level=0,mLte=CellSignalStrengthLte: rssi=2147483647 rsrp=2147483647 rsrq=2147483647 rssnr=2147483647 cqiTableIndex=2147483647 cqi=2147483647 ta=2147483647 level=0 parametersUseForLevel=0,mNr=CellSignalStrengthNr:{ csiRsrp = 2147483647 csiRsrq = 2147483647 csiCqiTableIndex = 2147483647 csiCqiReport = [] ssRsrp = 2147483647 ssRsrq = 2147483647 ssSinr = 2147483647 level = 0 parametersUseForLevel = 0 timingAdvance = 2147483647 },primary=CellSignalStrengthLte}
07-28 20:38:41.847  5183  6253 D IWlanJni: getDataRegistrationState start
07-28 20:38:41.847  5183  6266 D IWlanJni: new aidl event arrived
07-28 20:38:41.847  5183  6266 D IWlanJni: handleEvent 10
07-28 20:38:41.847  5183  6266 D IWlanJni: isThreadAttached start
07-28 20:38:41.847  5183  6266 D IWlanJni: jni detached
07-28 20:38:41.847  5183  6266 D IWlanJni: jni attached
07-28 20:38:41.847  5183  6266 D IWlanJni: getDataRegistrationStateResponse start
07-28 20:38:41.847  5183  6266 D IWlanJni: getJavaCallbackClass start
07-28 20:38:41.847  5183  6266 D IWlanJni: getJavaCallbackClass End midIs[1]
07-28 20:38:41.847  5183  6266 I IWlanAidlClient: getDataRegistrationStateResponse called
07-28 20:38:41.847  5183  6265 W IWlanNetworkService: 15 > Response Processed
07-28 20:38:41.849  3371  5552 W BestClock: java.time.DateTimeException: Missing network time fix
07-28 20:38:41.850  4979  4979 W Settings: Setting airplane_mode_on has moved from android.provider.Settings.System to android.provider.Settings.Global, returning read-only value.
07-28 20:38:41.850  5068  5924 D NAS-CallIssueDetector: onPollCsPsRegStateChanged slotid = 0
07-28 20:38:41.850  5068  5924 D NAS-CallIssueDetector: notifyRealOosChanged
07-28 20:38:41.850  3371  5552 W BestClock: java.time.DateTimeException: Missing network time fix
07-28 20:38:41.850  5068  5924 D OplusCiwlanController: [vodata] getSubId subid =  1
07-28 20:38:41.850  5068  5925 W BluetoothAdapterExtImpl: getBluetoothConnectionCountï¼šmOplusBluetooth null!
07-28 20:38:41.851  5068  5925 D TelephonyImpl: isRequestingMms
07-28 20:38:41.851  5068  5925 D TelephonyImpl: getReleaseMmsNetworkTime
07-28 20:38:41.851  3371  3371 D OplusWifiBroadCastDispatcher: mBroadcastReceiver: onReceiver  action=oplus.intent.action.MCC_CHANGE
07-28 20:38:41.851  4920  5983 V OplusCustomizeCacheManager: queryCache name: sys.cache.common_customize_cache18014 param: null
07-28 20:38:41.851  4920  5983 V OplusCustomizeCacheManager: queryCache name: sys.cache.common_customize_cache18017 param: Bundle[{SETTING=BLOCK, BUSINESS=NCT-DATA}]
07-28 20:38:41.851  4920  5983 V OplusCustomizeCacheManager: queryCache name: sys.cache.common_customize_cache18013 param: null
07-28 20:38:41.851  5068  5924 D OplusCiwlanController: [vodata] processOosChanged  phoneid = 0,cur regstate = 1,old regstate = -1
07-28 20:38:41.851  4737  4886 D CNGmsControlService: receive:oplus.intent.action.MCC_CHANGE
07-28 20:38:41.851  5068  5924 D OplusCiwlanController: [vodata] getSubId subid =  -1
07-28 20:38:41.851  5068  5924 D OplusCiwlanController: [vodata] processOosChanged  phoneid = 1,cur regstate = 1,old regstate = -1
07-28 20:38:41.851  5068  5925 D OplusDdsSwitchStrategy: Md,OplusCheckFeature,RETURN_TO_CUR_ACTION_DDS
07-28 20:38:41.852  7246  7246 I 7246PAS.MccChangeReceiver_Travel: onReceive
07-28 20:38:41.852  4737  4886 D CNGmsControlService: mcc1=001 mcc2=null GmsState=2 TagWhitelistApp=true UserDisableCount=0 SettingsGmsState=1
07-28 20:38:41.853  7246  7710 D NetWorkMonitor: addNetStateListener :true
07-28 20:38:41.853  3371  3496 D ConnectivityService: requestNetwork for uid/pid:10137/7246 activeRequest: null callbackRequest: 282 [NetworkRequest [ REQUEST id=283, [ Capabilities: INTERNET&NOT_RESTRICTED&TRUSTED&NOT_VCN_MANAGED&NOT_BANDWIDTH_CONSTRAINED Uid: 10137 RequestorUid: 10137 RequestorPkg: com.coloros.sceneservice UnderlyingNetworks: Null] ]] callback flags: 0 order: 2147483647 isUidTracked: false
07-28 20:38:41.853  7246  7710 D NetWorkMonitor: resume registerNetworkCallback
07-28 20:38:41.853  3371  4550 D WifiNetworkFactory: got request NetworkRequest [ REQUEST id=283, [ Capabilities: INTERNET&NOT_RESTRICTED&TRUSTED&NOT_VCN_MANAGED&NOT_BANDWIDTH_CONSTRAINED Uid: 10137 RequestorUid: 10137 RequestorPkg: com.coloros.sceneservice UnderlyingNetworks: Null] ]
07-28 20:38:41.853  4979  6327 D OplusNetworkFactory: got request NetworkRequest [ REQUEST id=283, [ Capabilities: INTERNET&NOT_RESTRICTED&TRUSTED&NOT_VCN_MANAGED&NOT_BANDWIDTH_CONSTRAINED Uid: 10137 RequestorUid: 10137 RequestorPkg: com.coloros.sceneservice UnderlyingNetworks: Null] ]
07-28 20:38:41.853  3371  4550 D UntrustedWifiNetworkFactory: got request NetworkRequest [ REQUEST id=283, [ Capabilities: INTERNET&NOT_RESTRICTED&TRUSTED&NOT_VCN_MANAGED&NOT_BANDWIDTH_CONSTRAINED Uid: 10137 RequestorUid: 10137 RequestorPkg: com.coloros.sceneservice UnderlyingNetworks: Null] ]
07-28 20:38:41.854  3371  4550 D OemPaidWifiNetworkFactory: got request NetworkRequest [ REQUEST id=283, [ Capabilities: INTERNET&NOT_RESTRICTED&TRUSTED&NOT_VCN_MANAGED&NOT_BANDWIDTH_CONSTRAINED Uid: 10137 RequestorUid: 10137 RequestorPkg: com.coloros.sceneservice UnderlyingNetworks: Null] ]
07-28 20:38:41.854  3371  4550 D MultiInternetWifiNetworkFactory: got request NetworkRequest [ REQUEST id=283, [ Capabilities: INTERNET&NOT_RESTRICTED&TRUSTED&NOT_VCN_MANAGED&NOT_BANDWIDTH_CONSTRAINED Uid: 10137 RequestorUid: 10137 RequestorPkg: com.coloros.sceneservice UnderlyingNetworks: Null] ]
07-28 20:38:41.854  3371  4563 D ConnectivityService: NetReassign [no changes] [c 0] [a 0] [i 0]
07-28 20:38:41.856  4920  5216 I SystemUi--QuickSettings: Tile.OplusCellularTile-->updateCarrierText: dialog not showing, ignore
07-28 20:38:41.856  4920  5216 D SimStateHelper: slot:0, lock state:Bundle[mParcelledData.dataSize=56]
07-28 20:38:41.856  4920  5216 D SimStateHelper: slot:1, lock state:Bundle[mParcelledData.dataSize=56]
07-28 20:38:41.856  4920  5216 D SimStateHelper: needDisableMenu: slot1State=-1; slot2State=-1
07-28 20:38:41.856  4920  5216 D SimStateHelper: needDisableMenu:false
07-28 20:38:41.857  5068  6349 W Binder  : Caught a RuntimeException from the binder stub implementation.
07-28 20:38:41.857  5068  6349 W Binder  : java.lang.NullPointerException: Attempt to invoke virtual method 'boolean android.net.Uri.equals(java.lang.Object)' on a null object reference
07-28 20:38:41.857  5068  6349 W Binder  : 	at xb.a$b.onChange(Unknown Source:16)
07-28 20:38:41.857  5068  6349 W Binder  : 	at android.database.ContentObserver.onChange(ContentObserver.java:184)
07-28 20:38:41.857  5068  6349 W Binder  : 	at android.database.ContentObserver.onChange(ContentObserver.java:202)
07-28 20:38:41.857  5068  6349 W Binder  : 	at android.database.ContentObserver.onChange(ContentObserver.java:224)
07-28 20:38:41.857  5068  6349 W Binder  : 	at android.database.ContentObserver.onChange(ContentObserver.java:236)
07-28 20:38:41.857  5068  6349 W Binder  : 	at android.database.ContentObserver.dispatchChange(ContentObserver.java:335)
07-28 20:38:41.857  5068  6349 W Binder  : 	at android.database.ContentObserver$Transport.onChangeEtc(ContentObserver.java:357)
07-28 20:38:41.857  5068  6349 W Binder  : 	at android.database.IContentObserver$Stub.onTransact(IContentObserver.java:120)
07-28 20:38:41.857  5068  6349 W Binder  : 	at android.os.Binder.execTransactInternal(Binder.java:1523)
07-28 20:38:41.857  5068  6349 W Binder  : 	at android.os.Binder.execTransact(Binder.java:1457)
07-28 20:38:41.858  3412  3950 D QmiClient: qmiServiceEventCallback recv msg id 276
07-28 20:38:41.858  3412  3950 D QmiNasClient: enter : onQmiServiceEventCallback msgId 276
07-28 20:38:41.858  3412  3950 D QmiNasClientEvent: qmiNasClientAccessBarringStatusEvent - RADIO_EVENT_NAS_ACCESS_BARRING_STATUS_IND
07-28 20:38:41.858  3408  3939 D QmiClient: qmiServiceEventCallback recv msg id 276
07-28 20:38:41.858  3408  3939 D QmiNasClient: enter : onQmiServiceEventCallback msgId 276
07-28 20:38:41.858  3408  3939 D QmiNasClientEvent: qmiNasClientAccessBarringStatusEvent - RADIO_EVENT_NAS_ACCESS_BARRING_STATUS_IND
07-28 20:38:41.858  3412  3472 D NasProxy: handleMessage msg is 2104
07-28 20:38:41.858  3408  3464 D NasProxy: handleMessage msg is 2104
07-28 20:38:41.859  5281  6354 D SubsysRadioIndication[1]: radioNasAccessBarringStatusInd, NasAccessBarringStatusType: radioIf:12, dataBarringStatus:0, dataBarringTime:0, voiceBarringStatus:0, voiceBarringTime:0, videoBarringStatus:0, videoBarringTime:0
07-28 20:38:41.859  5281  6354 D SubsysRadioIndication[1]: notify enter
07-28 20:38:41.859  5281  5311 D SubsysRadioIndication[0]: radioNasAccessBarringStatusInd, NasAccessBarringStatusType: radioIf:12, dataBarringStatus:0, dataBarringTime:0, voiceBarringStatus:0, voiceBarringTime:0, videoBarringStatus:0, videoBarringTime:0
07-28 20:38:41.859  5281  5311 D SubsysRadioIndication[0]: notify enter
07-28 20:38:41.859  3371  4230 W BestClock: java.time.DateTimeException: Missing network time fix
07-28 20:38:41.859  1747  1747 D Zygote  : Forked child process 13231
07-28 20:38:41.859  4979  4979 D ServiceStateProvider: subId=1
07-28 20:38:41.860  3371  3721 I ActivityManager: Start proc 13231:com.oplus.wirelesssettings:tzupdate/1000 for broadcast {com.oplus.wirelesssettings/com.oplus.tzupdate.timezone.MccChangeReceiver}
07-28 20:38:41.860  3371  4231 W BestClock: java.time.DateTimeException: Missing network time fix
07-28 20:38:41.861  3371  3496 W ContextImpl: Calling a method in the system process without a qualified user: android.app.ContextImpl.sendBroadcastMultiplePermissions:1311 android.content.Context.sendBroadcastMultiplePermissions:2524 com.android.server.TelephonyRegistry.broadcastServiceStateChanged:3740 com.android.server.TelephonyRegistry.notifyServiceStateForPhoneId:1787 com.android.internal.telephony.ITelephonyRegistry$Stub.onTransact:546 
07-28 20:38:41.862  4920  5277 I SystemUi--Statusbar: MobileConnectionRepositoryImpl-->subId:1 isSoftSimCard:false slotId:0
07-28 20:38:41.862  3371  4234 I MemoryOperationUtils: add 13231 to inactive
07-28 20:38:41.862  5281  6177 D cellularState[0]: handleMessage: E msg.what=4
07-28 20:38:41.862  5281  6177 D cellularState[0]: processMsg: DataCallingState
07-28 20:38:41.862  5281  6177 D cellularState[0]: processMsg: NetworkAttachedState
07-28 20:38:41.862  5281  6177 D cellularState[0]: processMsg: SimReadyState
07-28 20:38:41.862  5281  6177 D cellularState[0]: processMsg: DefaultState
07-28 20:38:41.862  5281  6177 E cellularState[0]:  - unhandledMessage: msg.what=4
07-28 20:38:41.862  5281  6177 D cellularState[0]: handleMessage: X
07-28 20:38:41.862  5068  5922 D OplusLinkBoostCommon: dds servicestate change
07-28 20:38:41.863  5281  5281 D SubsysEventListenerManager-SubsysTelephonyCallback[0]: onServiceStateChanged
07-28 20:38:41.863  4920  5983 V OplusCustomizeCacheManager: queryCache name: sys.cache.common_customize_cache18014 param: null
07-28 20:38:41.863  4920  5983 V OplusCustomizeCacheManager: queryCache name: sys.cache.common_customize_cache18017 param: Bundle[{SETTING=BLOCK, BUSINESS=NCT-DATA}]
07-28 20:38:41.863  4920  5983 V OplusCustomizeCacheManager: queryCache name: sys.cache.common_customize_cache18013 param: null
07-28 20:38:41.863  5144  5144 I QImsService: OplusPhoneStateTracker : onServiceStateChanged
07-28 20:38:41.863  5144  5144 I QImsService: OplusPhoneStateTracker : onServiceStateChanged
07-28 20:38:41.863  5281  5281 D ChinaRoamingControl: registTelephonyEvent onServiceStateChanged eventId:5, VoiceRegState:1, DataRegState:1
07-28 20:38:41.863  5068  5924 D NAS-CallIssueDetector: onServiceStateChanged
07-28 20:38:41.863  5068  5924 D OplusCiwlanController: [vodata] processServiceStateChanged  phoneid = 0, original roaming type = 0,roaming type = 0
07-28 20:38:41.863  5068  5924 D OplusCiwlanController: [vodata] processServiceStateChanged  phoneid = 1, original roaming type = 0,roaming type = 0
07-28 20:38:41.863  5068  5900 D T-Recommend: onPreHandleMessage 1000
07-28 20:38:41.863  5068  5900 E CellularEvent: nri null ps
07-28 20:38:41.863  3371  3496 W ContextImpl: Calling a method in the system process without a qualified user: android.app.ContextImpl.sendBroadcastMultiplePermissions:1344 com.android.server.TelephonyRegistry.broadcastServiceStateChanged:3745 com.android.server.TelephonyRegistry.notifyServiceStateForPhoneId:1787 com.android.internal.telephony.ITelephonyRegistry$Stub.onTransact:546 android.os.Binder.execTransactInternal:1523 
07-28 20:38:41.864  5068  5900 E CellularEvent: invalid nri
07-28 20:38:41.864  5068  5941 D OplusSubWaySlowRecovery: getPreferSubId return 1
07-28 20:38:41.864  4979  6290 E PhoneInterfaceManager: getServiceStateForSlot retuning null for invalid slotIndex=-1
07-28 20:38:41.864  5068  5941 D SaDataFailRecovery/0: current is not in service,reset alarm
07-28 20:38:41.864  5068  5941 D OplusScanQrCodeRecoveryImpl: msg.what=3
07-28 20:38:41.864  4979  4979 D MultiSimSettingController: notifySubscriptionInfoChanged
07-28 20:38:41.864  5068  5900 D T-Recommend: onPostHandleMessage 1000
07-28 20:38:41.864  4920  4920 I KeyguardUpdateMonitor: action=android.intent.action.SERVICE_STATE subId=1 slotId=0
07-28 20:38:41.864  3371  3496 W ContextImpl: Calling a method in the system process without a qualified user: android.app.ContextImpl.sendBroadcastMultiplePermissions:1344 com.android.server.TelephonyRegistry.broadcastServiceStateChanged:3754 com.android.server.TelephonyRegistry.notifyServiceStateForPhoneId:1787 com.android.internal.telephony.ITelephonyRegistry$Stub.onTransact:546 android.os.Binder.execTransactInternal:1523 
07-28 20:38:41.865  4920  4920 I SystemUi--Statusbar: OplusMobileIconInteractorImpl-->oplusIMSModel slot:0: CapabilityTypeModel(isVolteSwitchOn=true, isWfcEnabledByUser=true, imsRegistered=false, voiceCapable=false, videoCapable=false, registerTech=-1, isCrossSimCallingEnabledByUser=false, hasHideVolteOperator=false), SimStateModel(simInserted=[true, false], simForbidden=[false, true], simStateIMSI=[true, false], simLoaded=[true, false]),oplusNetworkTypeNr:20,isVoNrEnabled:false
07-28 20:38:41.865  4920  5277 I SystemUi--Statusbar: MobileConnectionRepositoryImpl-->subId:1 isSoftSimCard:false slotId:0
07-28 20:38:41.865  3371  3496 W ContextImpl: Calling a method in the system process without a qualified user: android.app.ContextImpl.sendBroadcastMultiplePermissions:1344 com.android.server.TelephonyRegistry.broadcastServiceStateChanged:3760 com.android.server.TelephonyRegistry.notifyServiceStateForPhoneId:1787 com.android.internal.telephony.ITelephonyRegistry$Stub.onTransact:546 android.os.Binder.execTransactInternal:1523 
07-28 20:38:41.865  4920  5277 I SystemUi--Statusbar: MobileInputLog-->onSubscriptionsChanged
07-28 20:38:41.865  3371  4548 V NetworkPolicy: onSubscriptionsChanged
07-28 20:38:41.865  5144  5144 I QImsService: OplusPhoneStateTracker : onSubscriptionsChanged Last subId: 1 Current subId 1
07-28 20:38:41.866  6637  6746 I midasd  : OplusObrainService::notifyEventInt eventId:38 iParam:20
07-28 20:38:41.866  5144  5144 E QImsService: ImsConfigImpl : onSubscriptionsChanged unable to process due to SubscriptionInfo is null
07-28 20:38:41.866  3371  3371 I AS.AudioService: onSubscriptionsChanged()
07-28 20:38:41.866  5068  5900 D CellularEvent: handleSubscriptionsChanged: slotId=0
07-28 20:38:41.867  5068  5900 D CellularEvent: onImsRegistrationStateChanged, slotId=0state:false
07-28 20:38:41.867  7787 10375 I OplusObrain: OplusObrainClientInvoke.nativeGetTelephonyInfo
07-28 20:38:41.867  4920  5277 I SystemUi--Statusbar: MobileConnectionRepositoryImpl-->subId:1 isSoftSimCard:false slotId:0
07-28 20:38:41.867  5782  5782 D CellBroadcastReceiver: onReceive Intent { act=android.intent.action.SERVICE_STATE flg=0x1000010 cmp=com.android.cellbroadcastreceiver.module/com.android.cellbroadcastreceiver.CellBroadcastReceiver (has extras) }
07-28 20:38:41.867  7787  8088 I OplusObrain: OplusObrainClientInvoke.nativeGetTrafficTypeInfoForNetworkType networkType 0
07-28 20:38:41.867  4920  4920 I SystemUi--Statusbar: OplusMobileIconInteractorImpl-->oplusIMSModel slot:0: CapabilityTypeModel(isVolteSwitchOn=true, isWfcEnabledByUser=true, imsRegistered=false, voiceCapable=false, videoCapable=false, registerTech=-1, isCrossSimCallingEnabledByUser=false, hasHideVolteOperator=false), SimStateModel(simInserted=[true, false], simForbidden=[false, true], simStateIMSI=[true, false], simLoaded=[true, false]),oplusNetworkTypeNr:20,isVoNrEnabled:false
07-28 20:38:41.867  3371  3496 D KernelStatsHelper: getKernelStats start!
07-28 20:38:41.867  5144  5144 I QImsService: OplusPhoneStateTracker : onSubscriptionsChanged Last subId: -1 Current subId -1
07-28 20:38:41.867  4920  6201 I SystemUi--Statusbar: OplusMobileConnectionRepository1-->stopListenImsStatusChanged
07-28 20:38:41.867  5782  5782 D CellBroadcastReceiver: onServiceStateChanged, ss: 1
07-28 20:38:41.867  5782  5782 D CellBroadcastReceiver: networkOperator: 
07-28 20:38:41.868  5281  5281 D QuickChangeAirplaneModeEvent: onServiceStateChanged slotId:0
07-28 20:38:41.868  4920  6201 I SystemUi--Statusbar: OplusMobileConnectionRepository1-->phoneId: 0, conflatedCallbackFlow init
07-28 20:38:41.868  4920  6201 I SystemUi--Statusbar: OplusMobileConnectionRepository1-->startListenImsStatusChanged
07-28 20:38:41.868  3371  4654 D OplusNetlinkSocket: handleNetlinkRecvKernelMessage:nlmsghdr:StructNlMsgHdr{ nlmsg_len{40}, nlmsg_type{43()}, nlmsg_flags{0()}, nlmsg_seq{0}, nlmsg_pid{220926510} }
07-28 20:38:41.868  3371  4654 D KernelStatsHelper: get magic :[-1, -1, -1, 77, 65, 71, 73, 67]
07-28 20:38:41.868  3371  4654 D KernelStatsHelper: magic matched count:0 data_len:0
07-28 20:38:41.868  3371  4654 D KernelStatsHelper: data over! check: true
07-28 20:38:41.868  4979  4979 I Telephony: y0: onServiceStateChanged: newState=1, mServiceState=1
07-28 20:38:41.869  5183  5183 D QCNEJ/WwanInfoRelay: onSubscriptionsChanged currDDSId: 1 new DDS 1
07-28 20:38:41.869  4979  4979 I Telephony: isRttCurrentlySupported -- regular acct, hasVoiceAvailability: false
07-28 20:38:41.869  4979  4979 I Telephony:  isRttSupported: false
07-28 20:38:41.869  4979  4979 I Telephony:  isUserRttSettingOn: false
07-28 20:38:41.869  4979  4979 I Telephony:  alwaysAllowWhileRoaming: false
07-28 20:38:41.869  4979  4979 I Telephony:  isRoaming: false
07-28 20:38:41.869  4979  4979 I Telephony:  isOnWfc: false
07-28 20:38:41.870  5183  5183 D QCNEJ/DataCallAgent: onSubscriptionsChanged: new DDS 1
07-28 20:38:41.870  5281  5281 D QuickChangeAirplaneModeEvent: isBothCardInService is false
07-28 20:38:41.870  5281  5281 D MsimSubModeManager: registTelephonyEvent onServiceStateChanged eventId:3, VoiceRegState:1, DataRegState:1
07-28 20:38:41.870  5281  5281 E ExtremeCommUtils: getSwitchRusSupportMcc invalid index 1
07-28 20:38:41.870  5281  5281 D ExtremeCommUtils: isSupporCheck rusContain:false,propContain(persist.sys.oplus.support_hyper_uplink_mcc):false
07-28 20:38:41.870  5281  5281 D ExtremeCommService: handleServiceStateChanged mcc is null
07-28 20:38:41.870  5281  5281 D ChinaRoamingControl: handleMessage what:5
07-28 20:38:41.870  5281  5281 D SubsysEventListenerManager-SubsysTelephonyCallback[0]: onCellLocationChanged
07-28 20:38:41.870  5281  5281 D SubsysEventListenerManager-SubsysTelephonyCallback[0]: onDisplayInfoChanged
07-28 20:38:41.870  5281  5281 D SceneService: onDisplayInfoChanged slotId:0,telephonyDisplayInfo:TelephonyDisplayInfo {network=NR, overrideNetwork=NONE, isRoaming=false}
07-28 20:38:41.870  5281  5281 D MsimSubModeManager: handleMessage what:3
07-28 20:38:41.870  5281  5281 D MsimSubModeManager: getMsimSimServiceIn() i:0,mServiceState:1
07-28 20:38:41.870  5281  5281 D MsimSubModeManager: getMsimSimServiceIn() i:1,mServiceState:1
07-28 20:38:41.870  4920  6201 I SystemUi--Statusbar: OplusMobileConnectionRepository1-->onImsStatusChanged model: CapabilityTypeModel(isVolteSwitchOn=true, isWfcEnabledByUser=true, imsRegistered=false, voiceCapable=false, videoCapable=false, registerTech=-1, isCrossSimCallingEnabledByUser=false, hasHideVolteOperator=false)
07-28 20:38:41.871  7384  9264 E Battery : ControllerCenter: onReceiver: mSubscriptionManager is null || mIsNeedRestoreMobile = false
07-28 20:38:41.871  5183  8692 D QCNEJ/DataCallAgent: phoneCount: 2
07-28 20:38:41.871  5183  8692 D QCNEJ/DataCallAgent: subs for 0th slot: [1]
07-28 20:38:41.871  5183  8692 D QCNEJ/DataCallAgent: mSubInfoReady[0] is set to true
07-28 20:38:41.871  5183  8692 D QCNEJ/DataCallAgent: subs for 1th slot: [-1]
07-28 20:38:41.871  6599  7533 D OplusAtlasAudioDetectionManager: MSG_CALL_STATE_CHANGED
07-28 20:38:41.871  6599  7533 D OplusAtlasAudioDetectionManager: callStateChanged state: 0, len: 0
07-28 20:38:41.872  5068  5507 D NAS-CellularEvent: handleSubscriptionsChanged: slotId=0
