07-29 08:08:26.046  4896  5571 D OplusPowerUpOptimizationImpl: handleMessage what = 6
07-29 08:08:26.046  4896  5571 D OplusPowerUpOptimizationImpl: radio is available for slot: 1
07-29 08:08:26.046  4896  5571 D OplusPowerUpOptimizationImpl: trySendPhoneReady for slot: 1
07-29 08:08:26.046  4896  5571 D OplusPowerUpOptimizationImpl: Not sending ATEL ready: States: [1: {true, true, true, true}]
07-29 08:08:26.046  4962  7523 I QtiOemHookAidl: oemHookRawResponse: serial no: 1007 error: 0length=1
07-29 08:08:26.046  4778  5583 V OplusCustomizeCacheManager: queryCache name: sys.cache.common_customize_cache18014 param: null
07-29 08:08:26.046  4778  5583 V OplusCustomizeCacheManager: queryCache name: sys.cache.common_customize_cache18017 param: Bundle[{SETTING=BLOCK, BUSINESS=NCT-DATA}]
07-29 08:08:26.046  4778  5583 V OplusCustomizeCacheManager: queryCache name: sys.cache.common_customize_cache18013 param: null
07-29 08:08:26.046  4962  4962 D QcrilMsgTunnelIfaceManager: handleMessage what = 2
07-29 08:08:26.046  4896  4896 D CiWlanNotificationReceiver: ACTION_RADIO_POWER_STATE_CHANGED
07-29 08:08:26.046  4896  5476 D QC_RIL_OEM_HOOK: sendOemRilRequestRaw returns value = 1
07-29 08:08:26.048  5092  6186 D IWlanJni: getDataRegistrationState start
07-29 08:08:26.048  5092  6198 D IWlanJni: new aidl event arrived
07-29 08:08:26.048  5092  6198 D IWlanJni: handleEvent 10
07-29 08:08:26.048  5092  6198 D IWlanJni: isThreadAttached start
07-29 08:08:26.048  5092  6198 D IWlanJni: jni detached
07-29 08:08:26.048  5092  6198 D IWlanJni: jni attached
07-29 08:08:26.048  5092  6198 D IWlanJni: getDataRegistrationStateResponse start
07-29 08:08:26.048  5092  6198 D IWlanJni: getJavaCallbackClass start
07-29 08:08:26.048  5092  6198 D IWlanJni: getJavaCallbackClass End midIs[1]
07-29 08:08:26.048  5092  6198 I IWlanAidlClient: getDataRegistrationStateResponse called
07-29 08:08:26.049  5092  6197 W IWlanNetworkService: 12 > Response Processed
07-29 08:08:26.049  3484  3522 W BestClock: java.time.DateTimeException: Missing network time fix
07-29 08:08:26.049  5092  6186 D IWlanJni: getDataRegistrationState start
07-29 08:08:26.050  5092  6209 D IWlanJni: new aidl event arrived
07-29 08:08:26.050  5092  6209 D IWlanJni: handleEvent 10
07-29 08:08:26.050  5092  6209 D IWlanJni: isThreadAttached start
07-29 08:08:26.050  5092  6209 D IWlanJni: jni detached
07-29 08:08:26.050  5092  6209 D IWlanJni: jni attached
07-29 08:08:26.050  5092  6209 D IWlanJni: getDataRegistrationStateResponse start
07-29 08:08:26.050  5092  6209 D IWlanJni: getJavaCallbackClass start
07-29 08:08:26.050  5092  6209 D IWlanJni: getJavaCallbackClass End midIs[1]
07-29 08:08:26.050  5092  6209 I IWlanAidlClient: getDataRegistrationStateResponse called
07-29 08:08:26.050  3484  6425 W BestClock: java.time.DateTimeException: Missing network time fix
07-29 08:08:26.050  5092  6208 W IWlanNetworkService: 13 > Response Processed
07-29 08:08:26.051  4778  5583 V OplusCustomizeCacheManager: queryCache name: sys.cache.common_customize_cache18014 param: null
07-29 08:08:26.051  4778  5583 V OplusCustomizeCacheManager: queryCache name: sys.cache.common_customize_cache18017 param: Bundle[{SETTING=BLOCK, BUSINESS=NCT-DATA}]
07-29 08:08:26.051  4778  5583 V OplusCustomizeCacheManager: queryCache name: sys.cache.common_customize_cache18013 param: null
07-29 08:08:26.052  3484  4454 V NetworkPolicy: updateNotificationsNL not process
07-29 08:08:26.052  3484  4538 D CmccSliceManagerService: ACTION_DDS_SWITCH_DONE
07-29 08:08:26.052  3484  4538 D CmccSliceManagerService: cleanUpAndRestartSlice
07-29 08:08:26.052  3484  4538 D CmccSliceManagerService: cleanUpSlice
07-29 08:08:26.052  3484  4538 D CmccSliceManagerService: cleanUpSlice qcom
07-29 08:08:26.052  3484  4538 D CmccSliceManagerService: getDefaultDataSlotId0, subid: 1
07-29 08:08:26.052  3484  4538 E ActivityThread: Failed to find provider info for com.cmccslice.proxyapp.provider
07-29 08:08:26.053  4896  4896 D QC_RIL_OEM_HOOK: Received Broadcast Intent ACTION_UNSOL_RESPONSE_OEM_HOOK_RAW
07-29 08:08:26.053  4896  4896 D QC_RIL_OEM_HOOK: Received Broadcast Intent ACTION_UNSOL_RESPONSE_OEM_HOOK_RAW
07-29 08:08:26.053  4896  4896 D QC_RIL_OEM_HOOK: Received Broadcast Intent ACTION_UNSOL_RESPONSE_OEM_HOOK_RAW
07-29 08:08:26.053  4896  4896 D QC_RIL_OEM_HOOK: Received Broadcast Intent ACTION_UNSOL_RESPONSE_OEM_HOOK_RAW
07-29 08:08:26.053  4896  4896 D QC_RIL_OEM_HOOK: Received Broadcast Intent ACTION_UNSOL_RESPONSE_OEM_HOOK_RAW
07-29 08:08:26.053  4896  4896 D QC_RIL_OEM_HOOK: Received Broadcast Intent ACTION_UNSOL_RESPONSE_OEM_HOOK_RAW
07-29 08:08:26.053  4896  4896 D OplusPowerUpOptimizationImpl: onReceive: org.codeaurora.intent.action.RADIO_POWER_STATE
07-29 08:08:26.053  5092  5092 D QCNEJ/WwanInfoRelay: onActiveSubscriptionsChanged activeCurrDDSId: 1 new DDS 1
07-29 08:08:26.053  4778  4778 I KeyguardUpdateMonitor: refreshSimState, changed:false,subId:1,slotId:0,state:5
07-29 08:08:26.053  4896  5571 D OplusPowerUpOptimizationImpl: handleMessage what = 6
07-29 08:08:26.053  4896  5571 D OplusPowerUpOptimizationImpl: radio is available for slot: 0
07-29 08:08:26.053  4896  5571 D OplusPowerUpOptimizationImpl: trySendPhoneReady for slot: 0
07-29 08:08:26.053  4896  5571 D OplusPowerUpOptimizationImpl: Not sending ATEL ready: States: [0: {true, true, true, true}]
07-29 08:08:26.053  4778  5018 I SystemUi--QuickSettings: Tile.OplusCellularTile-->updateCarrierText: dialog not showing, ignore
07-29 08:08:26.053  4978  5691 D CellularEvent: onActiveDataSubscriptionIdChanged sub id:1
07-29 08:08:26.053  4778  5018 D SimStateHelper: slot:0, lock state:Bundle[mParcelledData.dataSize=56]
07-29 08:08:26.053  4778  5018 D SimStateHelper: slot:1, lock state:Bundle[mParcelledData.dataSize=56]
07-29 08:08:26.053  4778  5018 D SimStateHelper: needDisableMenu: slot1State=-1; slot2State=-1
07-29 08:08:26.053  4778  5018 D SimStateHelper: needDisableMenu:false
07-29 08:08:26.053  3484  4538 D CmccSliceManagerService: loadUrsp qcomCursor=null, count=-1, slotId=0
07-29 08:08:26.053  3484  4538 D CmccSliceManagerService: loadUrsp: qcomCursor=[]
07-29 08:08:26.053  4896  4896 D CiWlanNotificationReceiver: ACTION_RADIO_POWER_STATE_CHANGED
07-29 08:08:26.053  3484  4538 D CmccSliceManagerService: isFeatureEnable , rus : false Feature : false
07-29 08:08:26.053  3484  4538 D CmccSliceManagerService: requestSliceNetwork: feature not enabled
07-29 08:08:26.053  3484  4538 D CmccSliceManagerService: cleanUpAndRestartSlice qcom
07-29 08:08:26.054  5092  5092 D QCNEJ/WwanInfoRelay: onActiveSubscriptionsChanged activeCurrDDSId: 1 new DDS 1
07-29 08:08:26.055  4778  5018 I SystemUi--QuickSettings: Tile.OplusCellularTile-->updateCarrierText: dialog not showing, ignore
07-29 08:08:26.055  4778  5018 D SimStateHelper: slot:0, lock state:Bundle[mParcelledData.dataSize=56]
07-29 08:08:26.055  4778  5018 D SimStateHelper: slot:1, lock state:Bundle[mParcelledData.dataSize=56]
07-29 08:08:26.056  4778  5018 D SimStateHelper: needDisableMenu: slot1State=-1; slot2State=-1
07-29 08:08:26.056  4778  5018 D SimStateHelper: needDisableMenu:false
07-29 08:08:26.056  4896  4896 D ServiceStateProvider: subId=1
07-29 08:08:26.056  3484  6425 W BestClock: java.time.DateTimeException: Missing network time fix
07-29 08:08:26.057  3484  4601 V SettingsProvider: deleteSystemSetting(OPLUS_SLA_LAST_MCC, 0)
07-29 08:08:26.057  3484  4601 D SettingsProvider: delete system settings OPLUS_****_MCC pkg is  android user id is 0
07-29 08:08:26.057  5062  5062 I QImsService: OplusPhoneStateTracker : onServiceStateChanged
07-29 08:08:26.057  5195  5195 D SubsysEventListenerManager-SubsysTelephonyCallback[0]: onServiceStateChanged
07-29 08:08:26.057  5195  5195 D ChinaRoamingControl: registTelephonyEvent onServiceStateChanged eventId:5, VoiceRegState:1, DataRegState:1
07-29 08:08:26.057  5195  5195 D QuickChangeAirplaneModeEvent: onServiceStateChanged slotId:0
07-29 08:08:26.058  5195  5195 D QuickChangeAirplaneModeEvent: isBothCardInService is false
07-29 08:08:26.058  5195  5195 D MsimSubModeManager: registTelephonyEvent onServiceStateChanged eventId:3, VoiceRegState:1, DataRegState:1
07-29 08:08:26.058  3484  5161 W BestClock: java.time.DateTimeException: Missing network time fix
07-29 08:08:26.058  5195  5195 E ExtremeCommUtils: getSwitchRusSupportMcc invalid index 1
07-29 08:08:26.058  5195  5195 D ExtremeCommUtils: isSupporCheck rusContain:false,propContain(persist.sys.oplus.support_hyper_uplink_mcc):false
07-29 08:08:26.058  5195  5195 D ExtremeCommService: handleServiceStateChanged mcc is null
07-29 08:08:26.058  5195  5195 D ChinaRoamingControl: handleMessage what:5
07-29 08:08:26.058  5195  5195 D MsimSubModeManager: handleMessage what:3
07-29 08:08:26.058  5195  5195 D MsimSubModeManager: getMsimSimServiceIn() i:0,mServiceState:1
07-29 08:08:26.058  5195  5195 D MsimSubModeManager: getMsimSimServiceIn() i:1,mServiceState:1
07-29 08:08:26.058  4778  5163 I SystemUi--Statusbar: MobileConnectionRepositoryImpl-->subId:1 isSoftSimCard:false slotId:0
07-29 08:08:26.059  4778  5583 V OplusCustomizeCacheManager: queryCache name: sys.cache.common_customize_cache18014 param: null
07-29 08:08:26.059  5006  9611 D txpwrJni: new aidl event arrived
07-29 08:08:26.059  4778  5583 V OplusCustomizeCacheManager: queryCache name: sys.cache.common_customize_cache18017 param: Bundle[{SETTING=BLOCK, BUSINESS=NCT-DATA}]
07-29 08:08:26.059  5006  9611 D txpwrJni: handleEvent 1
07-29 08:08:26.059  5006  9611 D txpwrJni: isThreadAttached start
07-29 08:08:26.059  4778  5583 V OplusCustomizeCacheManager: queryCache name: sys.cache.common_customize_cache18013 param: null
07-29 08:08:26.059  5006  9611 D txpwrJni: jni detached
07-29 08:08:26.059  5006  9611 D txpwrJni: jni attached
07-29 08:08:26.059  5006  9611 D txpwrJni: getRadioStatus start
07-29 08:08:26.059  5006  9611 D txpwrJni: getJavaCallbackClass start
07-29 08:08:26.059  5006  9611 D txpwrJni: getJavaCallbackClass End midIs[1]
07-29 08:08:26.059  5006  9611 D txpwrJni: handleEvent 1
07-29 08:08:26.059  5006  9611 D txpwrJni: isThreadAttached start
07-29 08:08:26.059  5006  9611 D txpwrJni: jni detached
07-29 08:08:26.059  5006  9611 D txpwrJni: jni attached
07-29 08:08:26.059  5006  9611 D txpwrJni: getRadioStatus start
07-29 08:08:26.059  5006  9611 D txpwrJni: getJavaCallbackClass start
07-29 08:08:26.059  5006  9611 D txpwrJni: getJavaCallbackClass End midIs[1]
07-29 08:08:26.059  5006  9611 D txpwrJni: new aidl event arrived
07-29 08:08:26.059  5006  7520 D txpwrJni: sendRadioStatus start
07-29 08:08:26.059  5006  7520 D txpwrJni: sendRadioStatus start
07-29 08:08:26.059  3484  4601 W OplusSlaManager: updateMCC curMCC empty!
07-29 08:08:26.059  5062  5062 I QImsService: OplusPhoneStateTracker : onServiceStateChanged
07-29 08:08:26.059  3484  3522 W ContextImpl: Calling a method in the system process without a qualified user: android.app.ContextImpl.sendBroadcastMultiplePermissions:1311 android.content.Context.sendBroadcastMultiplePermissions:2524 com.android.server.TelephonyRegistry.broadcastServiceStateChanged:3740 com.android.server.TelephonyRegistry.notifyServiceStateForPhoneId:1787 com.android.internal.telephony.ITelephonyRegistry$Stub.onTransact:546 
07-29 08:08:26.060  3484  3522 W ContextImpl: Calling a method in the system process without a qualified user: android.app.ContextImpl.sendBroadcastMultiplePermissions:1344 com.android.server.TelephonyRegistry.broadcastServiceStateChanged:3745 com.android.server.TelephonyRegistry.notifyServiceStateForPhoneId:1787 com.android.internal.telephony.ITelephonyRegistry$Stub.onTransact:546 android.os.Binder.execTransactInternal:1523 
07-29 08:08:26.059  4978  5694 D OplusLinkBoostCommon: dds servicestate change
07-29 08:08:26.061  4978  5691 D T-Recommend: onPreHandleMessage 1000
07-29 08:08:26.061  4978  5691 E CellularEvent: nri null ps
07-29 08:08:26.061  4978  5691 E CellularEvent: invalid nri
07-29 08:08:26.061  4978  5691 D T-Recommend: onPostHandleMessage 1000
07-29 08:08:26.061  4978  5695 D NAS-CallIssueDetector: onServiceStateChanged
07-29 08:08:26.061  3484  3522 W ContextImpl: Calling a method in the system process without a qualified user: android.app.ContextImpl.sendBroadcastMultiplePermissions:1344 com.android.server.TelephonyRegistry.broadcastServiceStateChanged:3754 com.android.server.TelephonyRegistry.notifyServiceStateForPhoneId:1787 com.android.internal.telephony.ITelephonyRegistry$Stub.onTransact:546 android.os.Binder.execTransactInternal:1523 
07-29 08:08:26.061  4978  5695 D OplusCiwlanController: [vodata] processServiceStateChanged  phoneid = 0, original roaming type = -1,roaming type = 0
07-29 08:08:26.061  4978  5695 D OplusCiwlanController: [vodata] processServiceStateChanged  phoneid = 1, original roaming type = -1,roaming type = 0
07-29 08:08:26.061  3484  3522 W ContextImpl: Calling a method in the system process without a qualified user: android.app.ContextImpl.sendBroadcastMultiplePermissions:1344 com.android.server.TelephonyRegistry.broadcastServiceStateChanged:3760 com.android.server.TelephonyRegistry.notifyServiceStateForPhoneId:1787 com.android.internal.telephony.ITelephonyRegistry$Stub.onTransact:546 android.os.Binder.execTransactInternal:1523 
07-29 08:08:26.061  3484  4708 W BestClock: java.time.DateTimeException: Missing network time fix
07-29 08:08:26.061  5195  6184 D EfsNvDumpUnit[0]: onServiceStateChanged: voice reg state: OUT_OF_SERVICE data reg state: OUT_OF_SERVICE
07-29 08:08:26.062  5195  6184 D cellularState[0]: handleMessage: E msg.what=4
07-29 08:08:26.062  5195  6184 D cellularState[0]: processMsg: DataCallingState
07-29 08:08:26.062  5195  6184 D cellularState[0]: processMsg: NetworkAttachedState
07-29 08:08:26.062  5195  6184 D cellularState[0]: processMsg: SimReadyState
07-29 08:08:26.062  5195  6184 D cellularState[0]: processMsg: DefaultState
07-29 08:08:26.062  5195  6184 E cellularState[0]:  - unhandledMessage: msg.what=4
07-29 08:08:26.062  5195  6184 D cellularState[0]: handleMessage: X
07-29 08:08:26.062  3484  3522 W BestClock: java.time.DateTimeException: Missing network time fix
07-29 08:08:26.062  4978  5778 D OplusSubWaySlowRecovery: getPreferSubId return 1
07-29 08:08:26.062  4978  5778 D SaDataFailRecovery/0: current is not in service,reset alarm
07-29 08:08:26.062  4978  5778 D OplusScanQrCodeRecoveryImpl: msg.what=3
07-29 08:08:26.063  4778  5583 V OplusCustomizeCacheManager: queryCache name: sys.cache.common_customize_cache18014 param: null
07-29 08:08:26.063  4778  5583 V OplusCustomizeCacheManager: queryCache name: sys.cache.common_customize_cache18017 param: Bundle[{SETTING=BLOCK, BUSINESS=NCT-DATA}]
07-29 08:08:26.063  4778  5583 V OplusCustomizeCacheManager: queryCache name: sys.cache.common_customize_cache18013 param: null
07-29 08:08:26.064  3484  3647 D LocationManagerService: passive provider added registration from 1000/android[CountryDetector]/8DBF7308 -> Request[PASSIVE, minUpdateInterval=0, WorkSource{1000 android}] permissionLevel: 2 permitted: true
07-29 08:08:26.064  3484  4708 W ContextImpl: Calling a method in the system process without a qualified user: android.app.ContextImpl.sendBroadcastMultiplePermissions:1311 android.content.Context.sendBroadcastMultiplePermissions:2524 com.android.server.TelephonyRegistry.broadcastServiceStateChanged:3740 com.android.server.TelephonyRegistry.notifyServiceStateForPhoneId:1787 com.android.internal.telephony.ITelephonyRegistry$Stub.onTransact:546 
07-29 08:08:26.065  4778  4778 I KeyguardUpdateMonitor: action=android.intent.action.SERVICE_STATE subId=1 slotId=0
07-29 08:08:26.065  4778  4975 I SystemUi--Statusbar: NetworkController.WifiSignalController-->wifi Broadcast action = android.telephony.action.SERVICE_PROVIDERS_UPDATED state=1 enabled=false connected=false isDefaultNetwork=false rssi=0 level=0 statusLabel = null isDirty = false
07-29 08:08:26.065  4778  5018 I SystemUi--QuickSettings: Tile.OplusCellularTile-->updateCarrierText: dialog not showing, ignore
07-29 08:08:26.065  4778  5018 D SimStateHelper: slot:0, lock state:Bundle[mParcelledData.dataSize=56]
07-29 08:08:26.065  3484  6425 W BestClock: java.time.DateTimeException: Missing network time fix
07-29 08:08:26.066  3484  4708 W ContextImpl: Calling a method in the system process without a qualified user: android.app.ContextImpl.sendBroadcastMultiplePermissions:1344 com.android.server.TelephonyRegistry.broadcastServiceStateChanged:3745 com.android.server.TelephonyRegistry.notifyServiceStateForPhoneId:1787 com.android.internal.telephony.ITelephonyRegistry$Stub.onTransact:546 android.os.Binder.execTransactInternal:1523 
07-29 08:08:26.066  4896  4896 D Telephony: isEmergencyPreferredAccount: subId=1, activeData=1
07-29 08:08:26.066  4896  4896 D Telephony: isEmergencyPreferredAccount: Device does not require preference.
07-29 08:08:26.066  4778  5018 D SimStateHelper: slot:1, lock state:Bundle[mParcelledData.dataSize=56]
07-29 08:08:26.066  4778  5018 D SimStateHelper: needDisableMenu: slot1State=-1; slot2State=-1
07-29 08:08:26.066  4778  5018 D SimStateHelper: needDisableMenu:false
07-29 08:08:26.066  4778  4778 I KeyguardUpdateMonitor: action=android.intent.action.SERVICE_STATE subId=-1 slotId=1
07-29 08:08:26.066  4778  5018 I SystemUi--QuickSettings: Tile.OplusCellularTile-->updateCarrierText: dialog not showing, ignore
07-29 08:08:26.066  4896  4896 D InternationalRoamingNotification: init
07-29 08:08:26.067  4778  4778 W KeyguardUpdateMonitorLog: invalid subId in handleServiceStateChange()
07-29 08:08:26.067  5195  5216 D VirtualCommService2: isSupport. true, true
07-29 08:08:26.067  4896  4896 D OplusVirtualCommUtils: isVirtualCommSupport, vRet: true
07-29 08:08:26.067  4778  5018 D SimStateHelper: slot:0, lock state:Bundle[mParcelledData.dataSize=56]
07-29 08:08:26.067  4896  4896 I OplusVirtualCommUtils: getVirtualCommDeviceType, vRet: 1
07-29 08:08:26.067  4896  4896 I OplusVirtualCommUtils: isConsumerDeviceType, deviceType: 1
07-29 08:08:26.067  4778  5018 D SimStateHelper: slot:1, lock state:Bundle[mParcelledData.dataSize=56]
07-29 08:08:26.067  4778  5018 D SimStateHelper: needDisableMenu: slot1State=-1; slot2State=-1
07-29 08:08:26.067  4778  5018 D SimStateHelper: needDisableMenu:false
07-29 08:08:26.067  4778  5018 I SystemUi--QuickSettings: Tile.OplusCellularTile-->updateCarrierText: dialog not showing, ignore
07-29 08:08:26.067  4778  5018 D SimStateHelper: slot:0, lock state:Bundle[mParcelledData.dataSize=56]
07-29 08:08:26.067  5869  5869 D CellBroadcastReceiver: onReceive Intent { act=android.intent.action.SERVICE_STATE flg=0x1000010 cmp=com.android.cellbroadcastreceiver.module/com.android.cellbroadcastreceiver.CellBroadcastReceiver (has extras) }
07-29 08:08:26.067  4778  5018 D SimStateHelper: slot:1, lock state:Bundle[mParcelledData.dataSize=56]
07-29 08:08:26.067  4778  5018 D SimStateHelper: needDisableMenu: slot1State=-1; slot2State=-1
07-29 08:08:26.067  4778  5018 D SimStateHelper: needDisableMenu:false
07-29 08:08:26.067  5869  5869 D CellBroadcastReceiver: onServiceStateChanged, ss: 1
07-29 08:08:26.067  3484  6425 W BestClock: java.time.DateTimeException: Missing network time fix
07-29 08:08:26.068  4896  4896 D InternationalRoamingNotification: do not createRoamingNotification for invalid Network
07-29 08:08:26.068  4778  5583 V OplusCustomizeCacheManager: queryCache name: sys.cache.common_customize_cache18014 param: null
07-29 08:08:26.068  4778  5583 V OplusCustomizeCacheManager: queryCache name: sys.cache.common_customize_cache18017 param: Bundle[{SETTING=BLOCK, BUSINESS=NCT-DATA}]
07-29 08:08:26.068  4778  5583 V OplusCustomizeCacheManager: queryCache name: sys.cache.common_customize_cache18013 param: null
07-29 08:08:26.068  3484  4708 W ContextImpl: Calling a method in the system process without a qualified user: android.app.ContextImpl.sendBroadcastMultiplePermissions:1344 com.android.server.TelephonyRegistry.broadcastServiceStateChanged:3754 com.android.server.TelephonyRegistry.notifyServiceStateForPhoneId:1787 com.android.internal.telephony.ITelephonyRegistry$Stub.onTransact:546 android.os.Binder.execTransactInternal:1523 
07-29 08:08:26.069  4896  4896 I Telephony: y0: onServiceStateChanged: newState=1, mServiceState=3
07-29 08:08:26.069  3484  4456 D WifiNative: onSetCountryCodeSucceeded: US
07-29 08:08:26.069  3484  4456 I WifiCountryCode: Receive onSetCountryCodeSucceeded US
07-29 08:08:26.069  3484  4708 W ContextImpl: Calling a method in the system process without a qualified user: android.app.ContextImpl.sendBroadcastMultiplePermissions:1344 com.android.server.TelephonyRegistry.broadcastServiceStateChanged:3760 com.android.server.TelephonyRegistry.notifyServiceStateForPhoneId:1787 com.android.internal.telephony.ITelephonyRegistry$Stub.onTransact:546 android.os.Binder.execTransactInternal:1523 
07-29 08:08:26.069  2717  2717 I wificond: Receive notifyCountryCodeChanged
07-29 08:08:26.069  3484  4456 I WifiNl80211Manager: Receive country code change to US
07-29 08:08:26.069  2717  2717 I wificond: UpdateBandInfo
07-29 08:08:26.069  3484  4456 D WifiScanRequestProxy: Sending scan available broadcast: true
07-29 08:08:26.069  3484  4460 I WifiScanningService: Received a request to enable scanning, UID = 1000
07-29 08:08:26.069  3484  4460 I WifiScanningService: scanner impls already exists
07-29 08:08:26.069  3484  4460 E WifiScanningService: wifi driver loaded received while already loaded
07-29 08:08:26.069  4896  4896 I Telephony: isRttCurrentlySupported -- regular acct, hasVoiceAvailability: false
07-29 08:08:26.069  4896  4896 I Telephony:  isRttSupported: false
07-29 08:08:26.069  4896  4896 I Telephony:  isUserRttSettingOn: false
07-29 08:08:26.069  4896  4896 I Telephony:  alwaysAllowWhileRoaming: false
07-29 08:08:26.069  4896  4896 I Telephony:  isRoaming: false
07-29 08:08:26.069  4896  4896 I Telephony:  isOnWfc: false
07-29 08:08:26.070  3484  4456 I WifiScanRequestProxy: Scanning is enabled
07-29 08:08:26.070  3484  4456 I WifiScanRequestProxy: Scanning for hidden networks is disabled
07-29 08:08:26.070  3484  4456 D WakeupController: start()
07-29 08:08:26.070  3484  3484 D OplusWifiBroadCastDispatcher: mBroadcastReceiver: onReceiver  action=android.net.wifi.action.WIFI_SCAN_AVAILABILITY_CHANGED
07-29 08:08:26.070  2717  2717 I wificond: 2.4Ghz frequencies: 2412 2417 2422 2427 2432 2437 2442 2447 2452 2457 2462
07-29 08:08:26.070  2717  2717 I wificond: 5Ghz non-DFS frequencies: 5180 5200 5220 5240 5745 5765 5785 5805 5825
07-29 08:08:26.070  2717  2717 I wificond: 5Ghz DFS frequencies: 5260 5280 5300 5320 5500 5520 5540 5560 5580 5600 5620 5640 5660 5680 5700
07-29 08:08:26.070  2717  2717 I wificond: 6Ghz frequencies:
07-29 08:08:26.070  2717  2717 I wificond: 60Ghz frequencies:
07-29 08:08:26.071  7078  7078 I OsAgent : onReceive: android.net.wifi.action.WIFI_SCAN_AVAILABILITY_CHANGED
07-29 08:08:26.071  3484  4566 D OplusWifiPower_ConnLpmEventObsever: onReceive EXTRA_SCAN_AVAILABLE availabe = true
07-29 08:08:26.071  3484  4566 D OplusWifiPowerService: onReceive action:android.net.wifi.action.WIFI_SCAN_AVAILABILITY_CHANGED
07-29 08:08:26.071  3484  4566 D OplusWifiSwitchStateMonitor: scan settings change to true
07-29 08:08:26.071  5195  5195 D SubsysEventListenerManager-SubsysTelephonyCallback[0]: onSignalStrengthsChanged
07-29 08:08:26.071  5869  5869 D CellBroadcastReceiver: networkOperator: 
07-29 08:08:26.071  3484  4456 E WifiStaIfaceAidlImpl: setScanMode failed with service-specific exception: android.os.ServiceSpecificException:  (code 4)
07-29 08:08:26.072  3484  4456 I WifiService: Receive onDriverCountryCodeChanged to US, update available channel list
07-29 08:08:26.072  3484  4464 D ConnectivityService: unregister offer from providerId 5 : NetworkOffer [ Provider Id (5) Score(Policies : YIELD_TO_BAD_WIFI&TRANSPORT_PRIMARY&EVER_EVALUATED&IS_UNMETERED&EVER_VALIDATED&IS_VALIDATED ; KeepConnected : 0) Caps [ Transports: CELLULAR|SATELLITE Capabilities: MMS&SUPL&DUN&FOTA&IMS&CBS&IA&RCS&XCAP&EIMS&INTERNET&NOT_RESTRICTED&TRUSTED&NOT_VPN&MCX&NOT_VCN_MANAGED&ENTERPRISE&VSIM&BIP&MMTEL&PRIORITIZE_LATENCY&PRIORITIZE_BANDWIDTH&NOT_BANDWIDTH_CONSTRAINED Specifier: <TelephonyNetworkSpecifier [mSubId = 1]> EnterpriseId: 1&2&3&4&5 UnderlyingNetworks: Null] Needed by [174, 191, 34, 238, 114, 220, 273, 155, 40, 72, 179, 32, 138, 210, 283, 56, 277, 257, 63, 7, 206, 255, 15, 266, 233, 30, 250, 44, 172, 38, 26, 46, 98, 163, 1, 28, 186, 214, 203, 74, 279, 253, 105, 148, 159, 188, 230, 18, 102, 222, 42, 66, 86, 140, 271, 50, 82, 58, 208, 90, 195, 77, 157, 9, 275, 285, 170, 259, 241, 135, 248, 200, 161, 235, 142, 24, 269, 36, 153, 132, 281, 48, 150, 177, 198, 146, 144, 53, 92, 262, 216]]
07-29 08:08:26.072  7078  7533 I OsAgent : updateWiFiScanAvailState, scanAvailable: true
07-29 08:08:26.072  5869  5869 D CellBroadcastReceiver: mockmodem is running? = false
07-29 08:08:26.073  5869  5869 D CellBroadcastReceiver: Start Cell Broadcast configuration for intent=ACTION_ENABLE_CHANNELS
07-29 08:08:26.073  3484  4456 E ApConfigUtil: Malformed channel value detected: java.lang.NumberFormatException: For input string: ""
07-29 08:08:26.073  3484  4464 D ConnectivityService: update offer from providerId 5 new : NetworkOffer [ Provider Id (5) Score(Policies : YIELD_TO_BAD_WIFI&TRANSPORT_PRIMARY&EVER_EVALUATED&IS_UNMETERED&EVER_VALIDATED&IS_VALIDATED ; KeepConnected : 0) Caps [ Transports: CELLULAR|SATELLITE Capabilities: MMS&SUPL&DUN&FOTA&IMS&CBS&IA&RCS&XCAP&EIMS&INTERNET&NOT_RESTRICTED&TRUSTED&NOT_VPN&MCX&NOT_VCN_MANAGED&ENTERPRISE&VSIM&BIP&MMTEL&PRIORITIZE_LATENCY&PRIORITIZE_BANDWIDTH&NOT_BANDWIDTH_CONSTRAINED Specifier: <TelephonyNetworkSpecifier [mSubId = 1]> EnterpriseId: 1&2&3&4&5 UnderlyingNetworks: Null] Needed by [174, 191, 34, 238, 114, 220, 273, 155, 40, 72, 179, 32, 138, 210, 283, 56, 277, 257, 63, 7, 206, 255, 15, 266, 233, 30, 250, 44, 172, 38, 26, 46, 98, 163, 1, 28, 186, 214, 203, 74, 279, 253, 105, 148, 159, 188, 230, 18, 102, 222, 42, 66, 86, 140, 271, 50, 82, 58, 208, 90, 195, 77, 157, 9, 275, 285, 170, 259, 241, 135, 248, 200, 161, 235, 142, 24, 269, 36, 153, 132, 281, 48, 150, 177, 198, 146, 144, 53, 92, 262, 216]]
07-29 08:08:26.073  3484  4464 D ConnectivityService: unregister offer from providerId 6 : NetworkOffer [ Provider Id (6) Score(Policies : YIELD_TO_BAD_WIFI&EVER_EVALUATED&IS_UNMETERED&EVER_VALIDATED&IS_VALIDATED ; KeepConnected : 0) Caps [ Transports: CELLULAR|SATELLITE Capabilities: MMS&SUPL&DUN&FOTA&IMS&CBS&IA&RCS&XCAP&EIMS&INTERNET&NOT_RESTRICTED&TRUSTED&NOT_VPN&MCX&NOT_VCN_MANAGED&ENTERPRISE&VSIM&BIP&MMTEL&PRIORITIZE_LATENCY&PRIORITIZE_BANDWIDTH&NOT_BANDWIDTH_CONSTRAINED Specifier: <TelephonyNetworkSpecifier [mSubId = -1]> EnterpriseId: 1&2&3&4&5 UnderlyingNetworks: Null] Needed by [174, 191, 34, 238, 114, 220, 273, 155, 40, 72, 179, 32, 138, 210, 283, 56, 277, 257, 63, 7, 206, 255, 15, 266, 233, 30, 250, 44, 172, 38, 26, 46, 98, 163, 1, 28, 186, 214, 203, 74, 279, 253, 105, 148, 159, 188, 230, 18, 102, 222, 42, 66, 86, 140, 271, 50, 82, 58, 208, 90, 195, 77, 157, 9, 275, 285, 170, 259, 241, 135, 248, 200, 161, 235, 142, 24, 269, 36, 153, 132, 281, 48, 150, 177, 198, 146, 144, 53, 92, 262, 216]]
07-29 08:08:26.073  3484  4464 D ConnectivityService: update offer from providerId 6 new : NetworkOffer [ Provider Id (6) Score(Policies : YIELD_TO_BAD_WIFI&EVER_EVALUATED&IS_UNMETERED&EVER_VALIDATED&IS_VALIDATED ; KeepConnected : 0) Caps [ Transports: CELLULAR|SATELLITE Capabilities: MMS&SUPL&DUN&FOTA&IMS&CBS&IA&RCS&XCAP&EIMS&INTERNET&NOT_RESTRICTED&TRUSTED&NOT_VPN&MCX&NOT_VCN_MANAGED&ENTERPRISE&VSIM&BIP&MMTEL&PRIORITIZE_LATENCY&PRIORITIZE_BANDWIDTH&NOT_BANDWIDTH_CONSTRAINED Specifier: <TelephonyNetworkSpecifier [mSubId = -1]> EnterpriseId: 1&2&3&4&5 UnderlyingNetworks: Null] Needed by [174, 191, 34, 238, 114, 220, 273, 155, 40, 72, 179, 32, 138, 210, 283, 56, 277, 257, 63, 7, 206, 255, 15, 266, 233, 30, 250, 44, 172, 38, 26, 46, 98, 163, 1, 28, 186, 214, 203, 74, 279, 253, 105, 148, 159, 188, 230, 18, 102, 222, 42, 66, 86, 140, 271, 50, 82, 58, 208, 90, 195, 77, 157, 9, 275, 285, 170, 259, 241, 135, 248, 200, 161, 235, 142, 24, 269, 36, 153, 132, 281, 48, 150, 177, 198, 146, 144, 53, 92, 262, 216]]
07-29 08:08:26.074  3484  4456 E ApConfigUtil: Malformed channel value detected: java.lang.NumberFormatException: For input string: ""
07-29 08:08:26.074  3484  5160 W BestClock: java.time.DateTimeException: Missing network time fix
07-29 08:08:26.074  3484  4456 E ApConfigUtil: Malformed channel value detected: java.lang.NumberFormatException: For input string: ""
07-29 08:08:26.075  3484  3522 W BestClock: java.time.DateTimeException: Missing network time fix
07-29 08:08:26.075  3484  4565 D OplusSoftApManager: Support Wi-Fi6 SAP
07-29 08:08:26.075  3484  4456 I WifiService: Receive onDriverCountryCodeChanged to US, update available channel list
07-29 08:08:26.075  3484  4456 E ApConfigUtil: Malformed channel value detected: java.lang.NumberFormatException: For input string: ""
07-29 08:08:26.076  5869  5869 D CellBroadcastReceiver: onReceive Intent { act=android.intent.action.SERVICE_STATE flg=0x1000010 cmp=com.android.cellbroadcastreceiver.module/com.android.cellbroadcastreceiver.CellBroadcastReceiver (has extras) }
07-29 08:08:26.076  4778  5583 V OplusCustomizeCacheManager: queryCache name: sys.cache.common_customize_cache18014 param: null
07-29 08:08:26.076  4778  5583 V OplusCustomizeCacheManager: queryCache name: sys.cache.common_customize_cache18017 param: Bundle[{SETTING=BLOCK, BUSINESS=NCT-DATA}]
07-29 08:08:26.076  4778  5583 V OplusCustomizeCacheManager: queryCache name: sys.cache.common_customize_cache18013 param: null
07-29 08:08:26.076  5869  5869 D CellBroadcastReceiver: onServiceStateChanged, ss: 1
07-29 08:08:26.076  5869  5869 D CellBroadcastReceiver: networkOperator: 
07-29 08:08:26.076  5869 13125 D CellBroadcastConfigService: Enable CellBroadcast on sub 1
07-29 08:08:26.076  3484  4456 E ApConfigUtil: Malformed channel value detected: java.lang.NumberFormatException: For input string: ""
07-29 08:08:26.077  4896  4896 V OplusCustomizeCacheManager: queryCache name: sys.cache.common_customize_cache18016 param: null
07-29 08:08:26.077  4896  4896 V OplusCustomizeCacheManager: queryCache name: sys.cache.common_customize_cache18013 param: null
07-29 08:08:26.077  4896  4896 V OplusCustomizeCacheManager: queryCache name: sys.cache.common_customize_cache18014 param: null
07-29 08:08:26.077  4896  4896 V OplusCustomizeCacheManager: queryCache name: sys.cache.common_customize_cache18017 param: Bundle[{SETTING=BLOCK, BUSINESS=NCT-DATA}]
07-29 08:08:26.077  3484  4456 E ApConfigUtil: Malformed channel value detected: java.lang.NumberFormatException: For input string: ""
07-29 08:08:26.077  3484  4456 I WifiService: Receive onDriverCountryCodeChanged to US, update available channel list
07-29 08:08:26.077  4896  4896 V OplusCustomizeCacheManager: queryCache name: sys.cache.common_customize_cache18016 param: null
07-29 08:08:26.077  4896  4896 V OplusCustomizeCacheManager: queryCache name: sys.cache.common_customize_cache18013 param: null
07-29 08:08:26.077  4896  4896 V OplusCustomizeCacheManager: queryCache name: sys.cache.common_customize_cache18014 param: null
07-29 08:08:26.077  4896  4896 V OplusCustomizeCacheManager: queryCache name: sys.cache.common_customize_cache18017 param: Bundle[{SETTING=BLOCK, BUSINESS=NCT-DATA}]
07-29 08:08:26.078  3484  4456 E ApConfigUtil: Malformed channel value detected: java.lang.NumberFormatException: For input string: ""
07-29 08:08:26.078  4896  5967 D CellBroadcastConfigTracker-0: Failed to set cdma config
07-29 08:08:26.078  3484  4456 E ApConfigUtil: Malformed channel value detected: java.lang.NumberFormatException: For input string: ""
07-29 08:08:26.079  4896  4896 D OplusTelephonyController: onSignalStrengthChanged: SignalStrength=SignalStrength:{mCdma=CellSignalStrengthCdma: cdmaDbm=2147483647 cdmaEcio=2147483647 evdoDbm=2147483647 evdoEcio=2147483647 evdoSnr=2147483647 level=0,mGsm=CellSignalStrengthGsm: rssi=2147483647 ber=2147483647 mTa=2147483647 mLevel=0,mWcdma=CellSignalStrengthWcdma: ss=2147483647 ber=2147483647 rscp=2147483647 ecno=2147483647 level=0,mTdscdma=CellSignalStrengthTdscdma: rssi=2147483647 ber=2147483647 rscp=2147483647 level=0,mLte=CellSignalStrengthLte: rssi=2147483647 rsrp=2147483647 rsrq=2147483647 rssnr=2147483647 cqiTableIndex=2147483647 cqi=2147483647 ta=2147483647 level=0 parametersUseForLevel=0,mNr=CellSignalStrengthNr:{ csiRsrp = 2147483647 csiRsrq = 2147483647 csiCqiTableIndex = 2147483647 csiCqiReport = [] ssRsrp = 2147483647 ssRsrq = 2147483647 ssSinr = 2147483647 level = 0 parametersUseForLevel = 0 timingAdvance = 2147483647 },primary=CellSignalStrengthLte}
07-29 08:08:26.079  4896  4896 D InternationalRoamingNotification: init
07-29 08:08:26.079  5195  6383 D VirtualCommService2: isSupport. true, true
07-29 08:08:26.079  3484  4456 E ApConfigUtil: Malformed channel value detected: java.lang.NumberFormatException: For input string: ""
07-29 08:08:26.079  5869 11987 E CellBroadcastConfigService: fails to setCellBroadcastRanges, result = 2
07-29 08:08:26.079  4896  4896 D OplusVirtualCommUtils: isVirtualCommSupport, vRet: true
07-29 08:08:26.079  4896  4896 I OplusVirtualCommUtils: getVirtualCommDeviceType, vRet: 1
07-29 08:08:26.079  4896  4896 I OplusVirtualCommUtils: isConsumerDeviceType, deviceType: 1
07-29 08:08:26.079  4896  4896 D InternationalRoamingNotification: do not createRoamingNotification for invalid Network
07-29 08:08:26.080  5195  5195 D SubsysEventListenerManager-SubsysTelephonyCallback[0]: onCellInfoChanged
07-29 08:08:26.084  1900  4414 I Dpps    : LtmSwState::SetParameter():144 ignore cmd 7 in state LtmOffState
07-29 08:08:26.095  4778  4778 I SystemUi--QuickSettings: QsLottieUtils-->getLottieAnimFile : qs/qs_airplane_lottie_active_sep_dual_light.json
07-29 08:08:26.096  4778  4778 I SystemUi--QuickSettings: TemporarilyInfoManager-->[trigger] start from show
07-29 08:08:26.096  4778  4778 I SystemUi--QuickSettings: TemporarilyInfoManager-->[getLayoutParams] translationY=102.084236, translationX=0, width=1080, height=228, isLandscape=false, parent=androidx.constraintlayout.widget.ConstraintLayout{340a3f7 V.E...... ......ID 0,0-1080,2376 #7f0a09f6 app:id/qs_container_area_layout alpha=1.0 viewInfo = }
07-29 08:08:26.097  4778  4778 I SystemUi--Common: ViewExt-->[startAlongWithPosition] com.oplus.systemui.qs.base.temporarilyinfo.TemporarilyInfoManager$createViewToParent$1{3090b1 V.ED..... ......ID 0,0-0,0 #7f0a0cb6 app:id/temporarily_info_view alpha=0.0 viewInfo = } alongWith android.widget.RelativeLayout{aa9b996 V.E...... ........ 0,102-1080,222 #7f0a0a2e app:id/qs_status_bar_container_layout alpha=1.0 viewInfo = }
07-29 08:08:26.097  4778  4778 I SystemUi--QuickSettings: TemporarilyInfoManager-->[showElement] com.oplus.systemui.qs.base.temporarilyinfo.TemporarilyInfoManager$createViewToParent$1{3090b1 V.ED..... ......ID 0,0-0,0 #7f0a0cb6 app:id/temporarily_info_view alpha=0.0 viewInfo = } for Element(text=Airplane mode off, groupId=Airplane mode, style=InfoShowStyle(textSize=16.0, sizeUnit=2, textColor=-1, showDuration=1500, alongWithReplacedView=true))
07-29 08:08:26.097  4778  4778 I SystemUi--QuickSettings: TemporarilyInfoManager-->[animateShow] com.oplus.systemui.qs.base.temporarilyinfo.TemporarilyInfoManager$createViewToParent$1{3090b1 VFED..C.. ......ID 0,0-0,0 #7f0a0cb6 app:id/temporarily_info_view alpha=0.0 viewInfo = } start
07-29 08:08:26.099  1930  1965 I [UAH_CLIENT]: UahRelease, handle:42
07-29 08:08:26.125  4778  4778 I SystemUi--QuickSettings: QsLottieUtils-->getLottieAnimFile : qs/qs_cellular_lottie_active_sep_dual_light.json
07-29 08:08:26.135  3386  3885 D QmiClient: qmiServiceEventCallback recv msg id 1106
07-29 08:08:26.135  3386  3885 D QmiVsClient: enter - onQmiServiceEventCallback msgId 1106
07-29 08:08:26.135  3386  3427 D VsProxy : handleMessage msg is 2425
07-29 08:08:26.135  3386  3427 D VsProxy : handleServingCellInfoChangeInd for instance 0
07-29 08:08:26.135  3386  3386 D RadioServiceIndication: radioServingCellInfoInd
07-29 08:08:26.136  3386  3386 D RadioServiceIndication: radioServingCellInfoInd
07-29 08:08:26.136  5195  6383 D SubsysRadioIndication[0]: radioServingCellInfoInd
07-29 08:08:26.137  5195  5195 D NetworkService[0]: handleMessage what:1003
07-29 08:08:26.137  5195  6383 D SubsysRadioIndication[0]: radioServingCellInfoInd
07-29 08:08:26.138  5195  5195 D NetworkService[0]: handleMessage what:1003
07-29 08:08:26.140  4978  5691 D RadioEvent: onCellInfoChanged slotId=0
07-29 08:08:26.140  4978  5691 D RadioEvent: onCellInfoChanged slotId=0
07-29 08:08:26.140  3386  3881 D QmiClient: qmiServiceEventCallback recv msg id 78
07-29 08:08:26.140  3386  3881 D QmiNasClient: enter : onQmiServiceEventCallback msgId 78
07-29 08:08:26.140  3386  3881 D QmiNasClientEvent: qmiNasClientNotifySysInfoEvent lte_ims_voice_avail_valid 0
07-29 08:08:26.140  3386  3449 D NasProxy: handleMessage msg is 2101
07-29 08:08:26.140  3386  3449 D NasProxy: handleNasSysInfoEvent for instance 0
07-29 08:08:26.141  5195  6383 D SubsysRadioIndication[0]: radioNr5gFreqTypeIndication, nr5gFreqType = 0
07-29 08:08:26.141  5195  5195 D QtiCellularNetwork: handleNr5gFreqTypeChanged 0, nr5gFreqType = 0
07-29 08:08:26.142  3387  3882 D QmiClient: qmiServiceEventCallback recv msg id 276
07-29 08:08:26.142  3386  3881 D QmiClient: qmiServiceEventCallback recv msg id 276
07-29 08:08:26.142  3386  3881 D QmiNasClient: enter : onQmiServiceEventCallback msgId 276
07-29 08:08:26.142  3387  3882 D QmiNasClient: enter : onQmiServiceEventCallback msgId 276
07-29 08:08:26.142  3386  3881 D QmiNasClientEvent: qmiNasClientAccessBarringStatusEvent - RADIO_EVENT_NAS_ACCESS_BARRING_STATUS_IND
07-29 08:08:26.142  3387  3882 D QmiNasClientEvent: qmiNasClientAccessBarringStatusEvent - RADIO_EVENT_NAS_ACCESS_BARRING_STATUS_IND
07-29 08:08:26.142  3387  3471 D NasProxy: handleMessage msg is 2104
07-29 08:08:26.142  3386  3449 D NasProxy: handleMessage msg is 2104
07-29 08:08:26.142  5062  6167 I QImsService: ImsRadioIndicationAidl : onServiceDomainChanged()[SUB0]
07-29 08:08:26.142  5062  6167 I QImsService: ImsSenderRxr : [UNSL]< UNSOL_SERVICE_DOMAIN_CHANGED 0[SUB0]
07-29 08:08:26.142  5195  6383 D SubsysRadioIndication[1]: radioNasAccessBarringStatusInd, NasAccessBarringStatusType: radioIf:12, dataBarringStatus:0, dataBarringTime:0, voiceBarringStatus:0, voiceBarringTime:0, videoBarringStatus:0, videoBarringTime:0
07-29 08:08:26.142  5195  6383 D SubsysRadioIndication[1]: notify enter
07-29 08:08:26.143  5195  5216 D SubsysRadioIndication[0]: radioNasAccessBarringStatusInd, NasAccessBarringStatusType: radioIf:12, dataBarringStatus:0, dataBarringTime:0, voiceBarringStatus:0, voiceBarringTime:0, videoBarringStatus:0, videoBarringTime:0
07-29 08:08:26.143  5195  5216 D SubsysRadioIndication[0]: notify enter
07-29 08:08:26.143  5062  5062 I QImsService: ImsRegistrationController : Message received: what = 5
07-29 08:08:26.143  5062  5062 I QImsService: ImsRegistrationController : handleSrvDomainChanged
07-29 08:08:26.146  5092  6186 D IWlanJni: getDataRegistrationState start
07-29 08:08:26.147  5092  6198 D IWlanJni: new aidl event arrived
07-29 08:08:26.147  5092  6198 D IWlanJni: handleEvent 10
07-29 08:08:26.147  5092  6198 D IWlanJni: isThreadAttached start
07-29 08:08:26.147  5092  6198 D IWlanJni: jni detached
07-29 08:08:26.147  5092  6198 D IWlanJni: jni attached
07-29 08:08:26.147  5092  6198 D IWlanJni: getDataRegistrationStateResponse start
07-29 08:08:26.147  5092  6198 D IWlanJni: getJavaCallbackClass start
07-29 08:08:26.147  5092  6198 D IWlanJni: getJavaCallbackClass End midIs[1]
07-29 08:08:26.147  5092  6198 I IWlanAidlClient: getDataRegistrationStateResponse called
07-29 08:08:26.147  5092  6197 W IWlanNetworkService: 14 > Response Processed
07-29 08:08:26.151  4962  7523 D QtiOemHookAidl: oemHookRawIndication length=21
07-29 08:08:26.151  4962  4962 D QcrilMsgTunnelIfaceManager: handleMessage what = 0
07-29 08:08:26.152  4896  4896 D QC_RIL_OEM_HOOK: Received Broadcast Intent ACTION_UNSOL_RESPONSE_OEM_HOOK_RAW
07-29 08:08:26.152  4896  4896 D QC_RIL_OEM_HOOK: Received Broadcast Intent ACTION_UNSOL_RESPONSE_OEM_HOOK_RAW
07-29 08:08:26.152  4896  4896 D QC_RIL_OEM_HOOK: Received Broadcast Intent ACTION_UNSOL_RESPONSE_OEM_HOOK_RAW
07-29 08:08:26.152  4962  4962 D QC_RIL_OEM_HOOK: Received Broadcast Intent ACTION_UNSOL_RESPONSE_OEM_HOOK_RAW
07-29 08:08:26.153  4896  4896 D OplusTelephonyController: onSignalStrengthChanged: SignalStrength=SignalStrength:{mCdma=CellSignalStrengthCdma: cdmaDbm=2147483647 cdmaEcio=2147483647 evdoDbm=2147483647 evdoEcio=2147483647 evdoSnr=2147483647 level=0,mGsm=CellSignalStrengthGsm: rssi=2147483647 ber=2147483647 mTa=2147483647 mLevel=0,mWcdma=CellSignalStrengthWcdma: ss=2147483647 ber=2147483647 rscp=2147483647 ecno=2147483647 level=0,mTdscdma=CellSignalStrengthTdscdma: rssi=2147483647 ber=2147483647 rscp=2147483647 level=0,mLte=CellSignalStrengthLte: rssi=2147483647 rsrp=2147483647 rsrq=2147483647 rssnr=2147483647 cqiTableIndex=2147483647 cqi=2147483647 ta=2147483647 level=0 parametersUseForLevel=0,mNr=CellSignalStrengthNr:{ csiRsrp = 2147483647 csiRsrq = 2147483647 csiCqiTableIndex = 2147483647 csiCqiReport = [] ssRsrp = 2147483647 ssRsrq = 2147483647 ssSinr = 2147483647 level = 0 parametersUseForLevel = 0 timingAdvance = 2147483647 },primary=CellSignalStrengthLte}
07-29 08:08:26.155  4896  4896 W Settings: Setting airplane_mode_on has moved from android.provider.Settings.System to android.provider.Settings.Global, returning read-only value.
07-29 08:08:26.155  4978  5696 W BluetoothAdapterExtImpl: getBluetoothConnectionCountï¼šmOplusBluetooth null!
07-29 08:08:26.155  5195  5195 D SubsysEventListenerManager-SubsysTelephonyCallback[0]: onSignalStrengthsChanged
07-29 08:08:26.155  4978  5695 D NAS-CallIssueDetector: onPollCsPsRegStateChanged slotid = 0
07-29 08:08:26.155  4978  5695 D NAS-CallIssueDetector: notifyRealOosChanged
07-29 08:08:26.155  4978  5695 D OplusCiwlanController: [vodata] getSubId subid =  1
07-29 08:08:26.155  4978  5696 D TelephonyImpl: isRequestingMms
07-29 08:08:26.155  4978  5696 D TelephonyImpl: getReleaseMmsNetworkTime
07-29 08:08:26.156  4978  5696 D OplusDdsSwitchStrategy: Md,OplusCheckFeature,RETURN_TO_CUR_ACTION_DDS
07-29 08:08:26.156  3484  3484 D OplusWifiBroadCastDispatcher: mBroadcastReceiver: onReceiver  action=oplus.intent.action.MCC_CHANGE
07-29 08:08:26.156  4978  5695 D OplusCiwlanController: [vodata] processOosChanged  phoneid = 0,cur regstate = 1,old regstate = -1
07-29 08:08:26.156  4978  5695 D OplusCiwlanController: [vodata] getSubId subid =  -1
07-29 08:08:26.156  4978  5695 D OplusCiwlanController: [vodata] processOosChanged  phoneid = 1,cur regstate = 1,old regstate = -1
07-29 08:08:26.156  4625  4762 D CNGmsControlService: receive:oplus.intent.action.MCC_CHANGE
07-29 08:08:26.157  7443  7443 I 7443PAS.MccChangeReceiver_Travel: onReceive
07-29 08:08:26.159  4625  4762 D CNGmsControlService: mcc1=001 mcc2=null GmsState=2 TagWhitelistApp=true UserDisableCount=0 SettingsGmsState=1
07-29 08:08:26.159  7443  7993 D NetWorkMonitor: addNetStateListener :true
07-29 08:08:26.160  3484  5160 D ConnectivityService: requestNetwork for uid/pid:10137/7443 activeRequest: null callbackRequest: 286 [NetworkRequest [ REQUEST id=287, [ Capabilities: INTERNET&NOT_RESTRICTED&TRUSTED&NOT_VCN_MANAGED&NOT_BANDWIDTH_CONSTRAINED Uid: 10137 RequestorUid: 10137 RequestorPkg: com.coloros.sceneservice UnderlyingNetworks: Null] ]] callback flags: 0 order: 2147483647 isUidTracked: false
07-29 08:08:26.160  7443  7993 D NetWorkMonitor: resume registerNetworkCallback
07-29 08:08:26.160  4778  5018 I SystemUi--QuickSettings: Tile.OplusCellularTile-->updateCarrierText: dialog not showing, ignore
07-29 08:08:26.160  3484  6425 W BestClock: java.time.DateTimeException: Missing network time fix
07-29 08:08:26.160  3484  4456 D WifiNetworkFactory: got request NetworkRequest [ REQUEST id=287, [ Capabilities: INTERNET&NOT_RESTRICTED&TRUSTED&NOT_VCN_MANAGED&NOT_BANDWIDTH_CONSTRAINED Uid: 10137 RequestorUid: 10137 RequestorPkg: com.coloros.sceneservice UnderlyingNetworks: Null] ]
07-29 08:08:26.160  3484  4456 D UntrustedWifiNetworkFactory: got request NetworkRequest [ REQUEST id=287, [ Capabilities: INTERNET&NOT_RESTRICTED&TRUSTED&NOT_VCN_MANAGED&NOT_BANDWIDTH_CONSTRAINED Uid: 10137 RequestorUid: 10137 RequestorPkg: com.coloros.sceneservice UnderlyingNetworks: Null] ]
07-29 08:08:26.160  3484  4456 D OemPaidWifiNetworkFactory: got request NetworkRequest [ REQUEST id=287, [ Capabilities: INTERNET&NOT_RESTRICTED&TRUSTED&NOT_VCN_MANAGED&NOT_BANDWIDTH_CONSTRAINED Uid: 10137 RequestorUid: 10137 RequestorPkg: com.coloros.sceneservice UnderlyingNetworks: Null] ]
07-29 08:08:26.160  3484  4456 D MultiInternetWifiNetworkFactory: got request NetworkRequest [ REQUEST id=287, [ Capabilities: INTERNET&NOT_RESTRICTED&TRUSTED&NOT_VCN_MANAGED&NOT_BANDWIDTH_CONSTRAINED Uid: 10137 RequestorUid: 10137 RequestorPkg: com.coloros.sceneservice UnderlyingNetworks: Null] ]
07-29 08:08:26.160  3484  4464 D ConnectivityService: NetReassign [no changes] [c 0] [a 0] [i 0]
07-29 08:08:26.160  4778  5018 D SimStateHelper: slot:0, lock state:Bundle[mParcelledData.dataSize=56]
07-29 08:08:26.161  4778  5018 D SimStateHelper: slot:1, lock state:Bundle[mParcelledData.dataSize=56]
07-29 08:08:26.161  4778  5018 D SimStateHelper: needDisableMenu: slot1State=-1; slot2State=-1
07-29 08:08:26.161  4778  5018 D SimStateHelper: needDisableMenu:false
07-29 08:08:26.161  4896  6315 D OplusNetworkFactory: got request NetworkRequest [ REQUEST id=287, [ Capabilities: INTERNET&NOT_RESTRICTED&TRUSTED&NOT_VCN_MANAGED&NOT_BANDWIDTH_CONSTRAINED Uid: 10137 RequestorUid: 10137 RequestorPkg: com.coloros.sceneservice UnderlyingNetworks: Null] ]
07-29 08:08:26.162  4978  6969 W Binder  : Caught a RuntimeException from the binder stub implementation.
07-29 08:08:26.162  4978  6969 W Binder  : java.lang.NullPointerException: Attempt to invoke virtual method 'boolean android.net.Uri.equals(java.lang.Object)' on a null object reference
07-29 08:08:26.162  4978  6969 W Binder  : 	at xb.a$b.onChange(Unknown Source:16)
07-29 08:08:26.162  4978  6969 W Binder  : 	at android.database.ContentObserver.onChange(ContentObserver.java:184)
07-29 08:08:26.162  4978  6969 W Binder  : 	at android.database.ContentObserver.onChange(ContentObserver.java:202)
07-29 08:08:26.162  4978  6969 W Binder  : 	at android.database.ContentObserver.onChange(ContentObserver.java:224)
07-29 08:08:26.162  4978  6969 W Binder  : 	at android.database.ContentObserver.onChange(ContentObserver.java:236)
07-29 08:08:26.162  4978  6969 W Binder  : 	at android.database.ContentObserver.dispatchChange(ContentObserver.java:335)
07-29 08:08:26.162  4978  6969 W Binder  : 	at android.database.ContentObserver$Transport.onChangeEtc(ContentObserver.java:357)
07-29 08:08:26.162  4978  6969 W Binder  : 	at android.database.IContentObserver$Stub.onTransact(IContentObserver.java:120)
07-29 08:08:26.162  4978  6969 W Binder  : 	at android.os.Binder.execTransactInternal(Binder.java:1523)
07-29 08:08:26.162  4978  6969 W Binder  : 	at android.os.Binder.execTransact(Binder.java:1457)
07-29 08:08:26.163  3484  5160 W BestClock: java.time.DateTimeException: Missing network time fix
07-29 08:08:26.164  4778  5583 V OplusCustomizeCacheManager: queryCache name: sys.cache.common_customize_cache18014 param: null
07-29 08:08:26.164  4778  5583 V OplusCustomizeCacheManager: queryCache name: sys.cache.common_customize_cache18017 param: Bundle[{SETTING=BLOCK, BUSINESS=NCT-DATA}]
07-29 08:08:26.164  4778  5583 V OplusCustomizeCacheManager: queryCache name: sys.cache.common_customize_cache18013 param: null
07-29 08:08:26.166  4896  4896 D ServiceStateProvider: subId=1
07-29 08:08:26.166  1681  1681 D Zygote  : Forked child process 13129
07-29 08:08:26.166  3484  3680 I ActivityManager: Start proc 13129:com.oplus.wirelesssettings:tzupdate/1000 for broadcast {com.oplus.wirelesssettings/com.oplus.tzupdate.timezone.MccChangeReceiver}
07-29 08:08:26.167  3484  4187 I MemoryOperationUtils: add 13129 to inactive
07-29 08:08:26.167  5062  5062 I QImsService: OplusPhoneStateTracker : onServiceStateChanged
07-29 08:08:26.167  4978  5694 D OplusLinkBoostCommon: dds servicestate change
07-29 08:08:26.167  5062  5062 I QImsService: OplusPhoneStateTracker : onServiceStateChanged
07-29 08:08:26.167  5195  5195 D SubsysEventListenerManager-SubsysTelephonyCallback[0]: onServiceStateChanged
07-29 08:08:26.167  5195  6184 D cellularState[0]: handleMessage: E msg.what=4
07-29 08:08:26.168  5195  6184 D cellularState[0]: processMsg: DataCallingState
07-29 08:08:26.168  5195  6184 D cellularState[0]: processMsg: NetworkAttachedState
07-29 08:08:26.168  5195  5195 D ChinaRoamingControl: registTelephonyEvent onServiceStateChanged eventId:5, VoiceRegState:1, DataRegState:1
07-29 08:08:26.168  5195  5195 D QuickChangeAirplaneModeEvent: onServiceStateChanged slotId:0
07-29 08:08:26.168  4978  5695 D NAS-CallIssueDetector: onServiceStateChanged
07-29 08:08:26.168  4978  5695 D OplusCiwlanController: [vodata] processServiceStateChanged  phoneid = 0, original roaming type = 0,roaming type = 0
07-29 08:08:26.168  4978  5695 D OplusCiwlanController: [vodata] processServiceStateChanged  phoneid = 1, original roaming type = 0,roaming type = 0
07-29 08:08:26.168  4978  5778 D OplusSubWaySlowRecovery: getPreferSubId return 1
07-29 08:08:26.168  3484  5160 W BestClock: java.time.DateTimeException: Missing network time fix
07-29 08:08:26.168  4978  5691 D T-Recommend: onPreHandleMessage 1000
07-29 08:08:26.168  4978  5691 E CellularEvent: nri null ps
07-29 08:08:26.168  4978  5778 D SaDataFailRecovery/0: current is not in service,reset alarm
07-29 08:08:26.168  4978  5691 E CellularEvent: invalid nri
07-29 08:08:26.168  4978  5778 D OplusScanQrCodeRecoveryImpl: msg.what=3
