device
--------- beginning of main
07-29 08:08:16.438  7202 11722 W hsbr    : [{0}] Failed to resolve name. status={1}
07-29 08:08:16.461  1980  1980 D SensorFeature: name=ssc_screenshot_info ,index = 22
07-29 08:08:16.461  1980  1980 D SensorFeature: write 29 bytes:47103698886,49267515917,129,0
07-29 08:08:16.513  1815  4418 I sensors-hal: handle_oplus_wise_rgb_event:189, high_pwm_light:lux 262.8,cct 3610.5,brl/algo/ir 1438.0/2.0/16.1,pwm/dc 0.0/0.0,rgbc 20325.617188/12649.552734/5813.317383/37485.652344,ts 49237953536,cnt 670,flag 129
07-29 08:08:16.514  3484  4363 D FusionLightNextGen: process end reported = 1, mode: 0, lux 490.7, cct -1.0, r/g/b/c: 20335.1/12640.3/5817.2/37495.7, R/G/B: 106.0/100.0/99.0, bri 1438.0, match 1.00, ir 0.017607, conf 0.0, ts 49246213536
07-29 08:08:16.515  1900  4414 I Dpps    : LtmSwState::SetParameter():144 ignore cmd 7 in state LtmOffState
--------- beginning of system
07-29 08:08:16.730  3484  4371 D ActivityManager: Freezer deadlock watchdog
07-29 08:08:16.764  1980  1980 D SensorFeature: name=ssc_screenshot_info ,index = 22
07-29 08:08:16.764  1980  1980 D SensorFeature: write 29 bytes:47103698886,49568888104,130,0
07-29 08:08:16.779  1900  4414 I Dpps    : LtmSwState::SetParameter():144 ignore cmd 7 in state LtmOffState
07-29 08:08:16.838  3484  3725 D VRR [OPlusGameStatusManager]: handleMessage: 7004
07-29 08:08:16.838  3484  3725 D VRR [OPlusGameStatusManager]: handleBrightnessDone
07-29 08:08:16.970  1993  2043 D BatteryChargeControl: bcc get no support from charging protocol
07-29 08:08:16.972  1993  7256 D charge_time: type=sdp,reserve_soc=2,soc=77,ui_soc=80,current=-24,avg=98,not_chg_cnt=4,stable_cnt=7,fcc=5724,fcc_ratio=94,delta=0,debug=0,region=13,ttf=21036(05:50:36),ui_ttf=8799(02:26:39)
07-29 08:08:17.068  1980  1980 D SensorFeature: name=ssc_screenshot_info ,index = 22
07-29 08:08:17.068  1980  1980 D SensorFeature: write 29 bytes:47103698886,49872625552,131,0
07-29 08:08:17.071  1815  4418 I sensors-hal: handle_oplus_wise_rgb_event:189, high_pwm_light:lux 261.3,cct 3597.6,brl/algo/ir 1438.0/2.0/17.3,pwm/dc 0.0/0.0,rgbc 20325.617188/12658.764648/5832.566406/37500.707031,ts 49810586453,cnt 680,flag 131
07-29 08:08:17.072  1900  4414 I Dpps    : LtmSwState::SetParameter():144 ignore cmd 7 in state LtmOffState
07-29 08:08:17.107  7247  9812 W AppLinksAsyncVerifierV2: Error performing check:  [CONTEXT service_id=244 ]
07-29 08:08:17.107  7247 11279 W AppLinksAsyncVerifierV2: Error performing check:  [CONTEXT service_id=244 ]
07-29 08:08:17.109  7247 11127 W AppLinksAsyncVerifierV2: Error performing check:  [CONTEXT service_id=244 ]
07-29 08:08:17.109  7247 11324 W AppLinksAsyncVerifierV2: Error performing check:  [CONTEXT service_id=244 ]
07-29 08:08:17.109  7247 12848 W AppLinksAsyncVerifierV2: Error performing check:  [CONTEXT service_id=244 ]
07-29 08:08:17.174  3261  3261 E OplusTouchDaemon: ts_run_service: shellback temperature updated 37 (37707)
07-29 08:08:17.262 10665 10885 D BootUtil: savedDiffTime: 1753790847194, currentDiffTime: 1753790847194, isReboot: false
07-29 08:08:17.312  1900  4414 I Dpps    : LtmSwState::SetParameter():144 ignore cmd 7 in state LtmOffState
07-29 08:08:17.366  3484  3718 D OplusFeatureHDREnhanceBrightness: checkIsPlayingHDR isPlayingHDR=0 rotation=0 whiteApp=false battery=80
07-29 08:08:17.370  1980  1980 D SensorFeature: name=ssc_screenshot_info ,index = 22
07-29 08:08:17.370  1980  1980 D SensorFeature: write 29 bytes:47103698886,50174874458,132,0
07-29 08:08:17.576  1815  4418 I sensors-hal: handle_oplus_wise_rgb_event:189, high_pwm_light:lux 261.8,cct 3605.1,brl/algo/ir 1438.0/2.0/17.1,pwm/dc 0.0/0.0,rgbc 20325.617188/12640.338867/5821.017090/37490.671875,ts 50143513744,cnt 690,flag 132
07-29 08:08:17.577  1900  4414 I Dpps    : LtmSwState::SetParameter():144 ignore cmd 7 in state LtmOffState
07-29 08:08:17.674  1980  1980 D SensorFeature: name=ssc_screenshot_info ,index = 22
07-29 08:08:17.674  1980  1980 D SensorFeature: write 29 bytes:47103698886,50478614562,133,0
07-29 08:08:17.842  1900  4414 I Dpps    : LtmSwState::SetParameter():144 ignore cmd 7 in state LtmOffState
07-29 08:08:17.890  3484  4970 I OplusHansManager : uid=10157, pkg=com.baidu.input_oppo cannot transition from R to M, importance=input
07-29 08:08:17.965  3484  4861 W Binder  : Outgoing transactions from this process must be FLAG_ONEWAY
07-29 08:08:17.965  3484  4861 W Binder  : java.lang.Throwable
07-29 08:08:17.965  3484  4861 W Binder  : 	at android.os.BinderProxy.transact(BinderProxy.java:633)
07-29 08:08:17.965  3484  4861 W Binder  : 	at android.content.ContentProviderProxy.insert(ContentProviderNative.java:587)
07-29 08:08:17.965  3484  4861 W Binder  : 	at android.content.ContentProviderClient.insert(ContentProviderClient.java:347)
07-29 08:08:17.965  3484  4861 W Binder  : 	at android.content.ContentProviderClient.insert(ContentProviderClient.java:336)
07-29 08:08:17.965  3484  4861 W Binder  : 	at com.oplus.util.OplusStatisticsImpl.insert(OplusStatisticsImpl.java:307)
07-29 08:08:17.965  3484  4861 W Binder  : 	at com.oplus.util.OplusStatisticsImpl.sendDataToDCS(OplusStatisticsImpl.java:287)
07-29 08:08:17.965  3484  4861 W Binder  : 	at com.oplus.util.OplusStatisticsImpl.flushInternal(OplusStatisticsImpl.java:264)
07-29 08:08:17.965  3484  4861 W Binder  : 	at com.oplus.util.OplusStatisticsImpl.lambda$setDelayFlushJobIfNeed$4(OplusStatisticsImpl.java:211)
07-29 08:08:17.965  3484  4861 W Binder  : 	at com.oplus.util.OplusStatisticsImpl.$r8$lambda$4UYTp2NCu6Rml69JNqEuK7o54SI(Unknown Source:0)
07-29 08:08:17.965  3484  4861 W Binder  : 	at com.oplus.util.OplusStatisticsImpl$$ExternalSyntheticLambda5.run(D8$$SyntheticClass:0)
07-29 08:08:17.965  3484  4861 W Binder  : 	at java.util.concurrent.Executors$RunnableAdapter.call(Executors.java:487)
07-29 08:08:17.965  3484  4861 W Binder  : 	at java.util.concurrent.FutureTask.run(FutureTask.java:290)
07-29 08:08:17.965  3484  4861 W Binder  : 	at java.util.concurrent.ScheduledThreadPoolExecutor$ScheduledFutureTask.run(ScheduledThreadPoolExecutor.java:307)
07-29 08:08:17.965  3484  4861 W Binder  : 	at java.util.concurrent.ThreadPoolExecutor.runWorker(ThreadPoolExecutor.java:1145)
07-29 08:08:17.965  3484  4861 W Binder  : 	at java.util.concurrent.ThreadPoolExecutor$Worker.run(ThreadPoolExecutor.java:644)
07-29 08:08:17.965  3484  4861 W Binder  : 	at java.lang.Thread.run(Thread.java:1012)
07-29 08:08:17.971  1993  2043 D BatteryChargeControl: bcc get no support from charging protocol
07-29 08:08:17.972  1993  7256 D charge_time: write 8798s(02:26:38) to ttf, rc=6
07-29 08:08:17.973  1993  7256 D charge_time: type=sdp,reserve_soc=2,soc=77,ui_soc=80,current=-24,avg=98,not_chg_cnt=5,stable_cnt=7,fcc=5724,fcc_ratio=94,delta=0,debug=0,region=13,ttf=21036(05:50:36),ui_ttf=8798(02:26:38)
07-29 08:08:17.979  1980  1980 D SensorFeature: name=ssc_screenshot_info ,index = 22
07-29 08:08:17.980  1980  1980 D SensorFeature: write 29 bytes:47103698886,50785134250,134,0
07-29 08:08:18.106  1815  4418 I sensors-hal: handle_oplus_wise_rgb_event:189, high_pwm_light:lux 261.8,cct 3602.4,brl/algo/ir 1438.0/2.0/16.7,pwm/dc 0.0/0.0,rgbc 20354.166016/12644.945312/5828.716797/37495.687500,ts 50757500619,cnt 700,flag 134
07-29 08:08:18.107  1900  4414 I Dpps    : LtmSwState::SetParameter():144 ignore cmd 7 in state LtmOffState
07-29 08:08:18.162  3484  4382 V AlarmManager: sending alarm Alarm{bf3171 type 2 origWhen 50967 whenElapsed 50967 android} uid 1000 whenElapsed 50967 windowLength 0 maxWhenElapsed 50967 repeatInterval 0 action null component null tag $android.alarm.generated:1000:50967 flags 0x9 procName system_server
07-29 08:08:18.166  3484  3617 D LocationManagerService: network provider removed registration from 10154/com.coloros.assistantscreen/58379D1F
07-29 08:08:18.200  5195  5195 D SubsysEventListenerManager-SubsysTelephonyCallback[0]: onCellInfoChanged
07-29 08:08:18.282  1980  1980 D SensorFeature: name=ssc_screenshot_info ,index = 22
07-29 08:08:18.283  1980  1980 D SensorFeature: write 29 bytes:47103698886,51087389354,135,0
07-29 08:08:18.374  1900  4414 I Dpps    : LtmSwState::SetParameter():144 ignore cmd 7 in state LtmOffState
07-29 08:08:18.586  1980  1980 D SensorFeature: name=ssc_screenshot_info ,index = 22
07-29 08:08:18.586  1980  1980 D SensorFeature: write 29 bytes:47103698886,51391093885,136,0
07-29 08:08:18.637  1815  4418 I sensors-hal: handle_oplus_wise_rgb_event:189, high_pwm_light:lux 262.1,cct 3603.6,brl/algo/ir 1438.0/2.0/16.5,pwm/dc 0.0/0.0,rgbc 20354.166016/12654.159180/5821.017090/37500.707031,ts 51363224994,cnt 710,flag 136
07-29 08:08:18.639  1900  4414 I Dpps    : LtmSwState::SetParameter():144 ignore cmd 7 in state LtmOffState
07-29 08:08:18.743  4978  5696 W BluetoothAdapterExtImpl: getBluetoothConnectionCountï¼šmOplusBluetooth null!
07-29 08:08:18.745  4978  5696 D TelephonyImpl: isRequestingMms
07-29 08:08:18.745  4978  5696 D TelephonyImpl: getReleaseMmsNetworkTime
07-29 08:08:18.747  4978  5696 D OplusDdsSwitchStrategy: Md,OplusCheckFeature,RETURN_TO_CUR_ACTION_DDS
07-29 08:08:18.747 12916 13054 D ProfileInstaller: Installing profile for com.oplus.linker
07-29 08:08:18.771  6803  6828 W System  : A resource failed to call AbstractCursor.close. 
07-29 08:08:18.771  6803  6828 W System  : A resource failed to call AbstractCursor.close. 
07-29 08:08:18.771  6803  6828 W System  : A resource failed to call AbstractCursor.close. 
07-29 08:08:18.771  6803  6828 W System  : A resource failed to call AbstractCursor.close. 
07-29 08:08:18.771  6803  6828 W System  : A resource failed to call AbstractCursor.close. 
07-29 08:08:18.771  6803  6828 W System  : A resource failed to call AbstractCursor.close. 
07-29 08:08:18.771  6803  6828 W System  : A resource failed to call AbstractCursor.close. 
07-29 08:08:18.771  6803  6828 W System  : A resource failed to call AbstractCursor.close. 
07-29 08:08:18.782  7247 11147 I ChimeraPrvdrProxy: Shutting down chimera ContentProvider com.google.android.gms.reminders.provider.RemindersChimeraProvider
07-29 08:08:18.860  4978  7131 I PCDR-common_no_service[0]: lift forbidden
07-29 08:08:18.860  4978  7131 I PCDR-common_no_45g[0]: lift forbidden
07-29 08:08:18.889  1980  1980 D SensorFeature: name=ssc_screenshot_info ,index = 22
07-29 08:08:18.890  1980  1980 D SensorFeature: write 29 bytes:47103698886,51694489978,137,0
07-29 08:08:18.890  3484  6425 D OomAdjuster: Not killing cached processes
07-29 08:08:18.905  1900  4414 I Dpps    : LtmSwState::SetParameter():144 ignore cmd 7 in state LtmOffState
07-29 08:08:18.907  1798  1798 D healthd : system healthd: battery l=80 v=4162 t=34.0 h=2 st=2 c=-170 fc=5920000 cc=19 chg=u
07-29 08:08:18.942  1993  1993 D vendor.oplus.hardware.charger-V7-service: get_ui_charge_icon_type 0 0 0 0 0
07-29 08:08:18.943  1993  1993 D vendor.oplus.hardware.charger-V7-service: oplus_chg_get_cpa_power 2500 charge_online 1 retention_topic 0
07-29 08:08:18.943  1993  1993 D vendor.oplus.hardware.charger-V7-service: oplus_chg_get_cpa_power 2500 charge_online 1 retention_topic 0
07-29 08:08:18.943  1993  1993 D vendor.oplus.hardware.charger-V7-service: getIsSingleHyperSupport=2, cpa_power=2
07-29 08:08:18.971  1993  2043 D BatteryChargeControl: bcc get no support from charging protocol
07-29 08:08:18.973  1993  7256 D charge_time: type=sdp,reserve_soc=2,soc=77,ui_soc=80,current=170,avg=112,not_chg_cnt=0,stable_cnt=7,fcc=5724,fcc_ratio=94,delta=36,debug=0,region=13,ttf=18398(05:06:38),ui_ttf=8797(02:26:37)
07-29 08:08:19.062  3484  4595 E OplusNetworkStackManager: initService mNetworkStackService is null, try again in 10s
07-29 08:08:19.192  1980  1980 D SensorFeature: name=ssc_screenshot_info ,index = 22
07-29 08:08:19.192  1980  1980 D SensorFeature: write 29 bytes:47103698886,51997125447,138,0
07-29 08:08:19.196  1815  4418 I sensors-hal: handle_oplus_wise_rgb_event:189, high_pwm_light:lux 261.4,cct 3602.3,brl/algo/ir 1438.0/2.0/17.5,pwm/dc 0.0/0.0,rgbc 20339.892578/12635.732422/5813.317383/37545.871094,ts 51935812755,cnt 720,flag 138
07-29 08:08:19.196  3484  4363 D FusionLightNextGen: process end reported = 1, mode: 0, lux 492.2, cct -1.0, r/g/b/c: 20320.9/12635.7/5817.2/37515.8, R/G/B: 106.0/100.0/99.0, bri 1438.0, match 1.00, ir 0.017032, conf 0.0, ts 51944072755
07-29 08:08:19.197  1900  4414 I Dpps    : LtmSwState::SetParameter():144 ignore cmd 7 in state LtmOffState
07-29 08:08:19.227  1781  1785 E Diag-Router: diag: glinkpkt_open: failed to create control node for slate_adsp
07-29 08:08:19.227  1781  1785 E Diag-Router: diag: diag_glinkpkt_open_thread: Glinkpkt_open failed for perif: 13 with err: -1, retry_cnt: 8
07-29 08:08:19.227  1781  1784 E Diag-Router: diag: glinkpkt_open: failed to create control node for slate_apps
07-29 08:08:19.227  1781  1784 E Diag-Router: diag: diag_glinkpkt_open_thread: Glinkpkt_open failed for perif: 12 with err: -1, retry_cnt: 8
07-29 08:08:19.374  3484  4747 I Osense-BaseDecisionMaker: notifySceneToAthenaPolicy: SCENE_IDLE_RECOVER, bundle: Bundle[{scene=SCENE_IDLE_RECOVER}]
07-29 08:08:19.376  3484  4747 I Osense-BaseDecisionMaker: scene: SCENE_IDLE_RECOVER, excutingPolicy: respreload
07-29 08:08:19.376  3484  4747 D Osense-BaseDecisionMaker: invoke process preload policy
07-29 08:08:19.376  3484  4747 I Osense-BaseDecisionMaker: scene: SCENE_IDLE_RECOVER, excutingPolicy: clear
07-29 08:08:19.376  3484  4747 D Osense-BaseDecisionMaker: invoke clear policy,type: unforbid
07-29 08:08:19.377  3484  4747 I OsenseKillAction: KillAction: unhandled request: id=8, enable=true, scene=SCENE_IDLE_RECOVER, type=unforbid, cchOnly=false, appcare=0
07-29 08:08:19.432  1993  2018 D vendor.oplus.hardware.charger-V7-service: s_chg_user_mode: 3
07-29 08:08:19.432  1993  2018 D vendor.oplus.hardware.charger-V7-service: scale_chg Start!!!
07-29 08:08:19.433  1993  2018 D vendor.oplus.hardware.charger-V7-service: [0, 0, 3]
07-29 08:08:19.433  1993  2018 D vendor.oplus.hardware.charger-V7-service: [0, 2, 9]
07-29 08:08:19.433  1993  2018 D vendor.oplus.hardware.charger-V7-service: [0, 1, 3]
07-29 08:08:19.433  1993  2018 D vendor.oplus.hardware.charger-V7-service: [0, 3, 3]
07-29 08:08:19.433  1993  2018 D vendor.oplus.hardware.charger-V7-service: [0, 4, 3]
07-29 08:08:19.433  1993  2018 D vendor.oplus.hardware.charger-V7-service: [0, 5, 5]
07-29 08:08:19.433  1993  2018 D vendor.oplus.hardware.charger-V7-service: [0, 6, 9]
07-29 08:08:19.433  1993  2018 D vendor.oplus.hardware.charger-V7-service: scale_chg Start!!!
07-29 08:08:19.434  1993  2018 D vendor.oplus.hardware.charger-V7-service: [0, 0, 3]
07-29 08:08:19.434  1993  2018 D vendor.oplus.hardware.charger-V7-service: [0, 2, 10]
07-29 08:08:19.434  1993  2018 D vendor.oplus.hardware.charger-V7-service: [0, 1, 3]
07-29 08:08:19.434  1993  2018 D vendor.oplus.hardware.charger-V7-service: [0, 3, 3]
07-29 08:08:19.434  1993  2018 D vendor.oplus.hardware.charger-V7-service: [0, 4, 3]
07-29 08:08:19.435  1993  2018 D vendor.oplus.hardware.charger-V7-service: [0, 5, 3]
07-29 08:08:19.435  1993  2018 D vendor.oplus.hardware.charger-V7-service: [0, 6, 10]
07-29 08:08:19.435  1900  4414 I Dpps    : LtmSwState::SetParameter():144 ignore cmd 7 in state LtmOffState
07-29 08:08:19.440  1993  2041 D vendor.oplus.hardware.charger-V7-service: ret_value:111, read content:,340,367,4162,4161,-170,77,80,1,1,0,491,4644,79,1,4475,300,500,0,7,-22,7,0,1,0,2,0,0,0,1,6098,99,0,0,0,0,0,0,0
07-29 08:08:19.440  1993  2041 D vendor.oplus.hardware.charger-V7-service: gmtime: 2025-07-29-08-08-19
07-29 08:08:19.441  1993  2041 D vendor.oplus.hardware.charger-V7-service: usb_online:1, ac_online:-2147483648, wireless_online:0
07-29 08:08:19.495  1980  1980 D SensorFeature: name=ssc_screenshot_info ,index = 22
07-29 08:08:19.495  1980  1980 D SensorFeature: write 29 bytes:47103698886,52299690603,139,0
07-29 08:08:19.700  1815  4418 I sensors-hal: handle_oplus_wise_rgb_event:189, high_pwm_light:lux 261.5,cct 3602.5,brl/algo/ir 1438.0/2.0/17.1,pwm/dc 0.0/0.0,rgbc 20335.134766/12640.338867/5824.866699/37545.871094,ts 52268795932,cnt 730,flag 139
07-29 08:08:19.702  1900  4414 I Dpps    : LtmSwState::SetParameter():144 ignore cmd 7 in state LtmOffState
07-29 08:08:19.798  1980  1980 D SensorFeature: name=ssc_screenshot_info ,index = 22
07-29 08:08:19.799  1980  1980 D SensorFeature: write 29 bytes:47103698886,52602592009,140,0
07-29 08:08:19.800  3484  3647 D Theia.TransparentWindow: handleMessage CHECK_TRANS_WINDOW_ERROR_MSG
07-29 08:08:19.967  1900  4414 I Dpps    : LtmSwState::SetParameter():144 ignore cmd 7 in state LtmOffState
07-29 08:08:19.971  1993  2043 D BatteryChargeControl: bcc get no support from charging protocol
07-29 08:08:19.974  1993  7256 D charge_time: type=sdp,reserve_soc=2,soc=77,ui_soc=80,current=170,avg=126,not_chg_cnt=0,stable_cnt=7,fcc=5724,fcc_ratio=94,delta=37,debug=0,region=13,ttf=16350(04:32:30),ui_ttf=8796(02:26:36)
07-29 08:08:20.101  1980  1980 D SensorFeature: name=ssc_screenshot_info ,index = 22
07-29 08:08:20.101  1980  1980 D SensorFeature: write 29 bytes:47103698886,52905910863,141,0
07-29 08:08:20.162 11304 11332 W id.gms.unstable: ApkAssets: Deleting an ApkAssets object '<empty> and /data/app/~~mvoUGsKgPWPDCkiWlITrFg==/com.google.android.gms-PokRCgJyKbyqqq46gl7pZQ==/split_AdsDynamite_installtime.apk' with 1 weak references
07-29 08:08:20.162 11304 11332 W id.gms.unstable: ApkAssets: Deleting an ApkAssets object '<empty> and /data/app/~~mvoUGsKgPWPDCkiWlITrFg==/com.google.android.gms-PokRCgJyKbyqqq46gl7pZQ==/split_CronetDynamite_installtime.apk' with 1 weak references
07-29 08:08:20.162 11304 11332 W id.gms.unstable: ApkAssets: Deleting an ApkAssets object '<empty> and /data/app/~~mvoUGsKgPWPDCkiWlITrFg==/com.google.android.gms-PokRCgJyKbyqqq46gl7pZQ==/split_DynamiteLoader_installtime.apk' with 1 weak references
07-29 08:08:20.162 11304 11332 W id.gms.unstable: ApkAssets: Deleting an ApkAssets object '<empty> and /data/app/~~mvoUGsKgPWPDCkiWlITrFg==/com.google.android.gms-PokRCgJyKbyqqq46gl7pZQ==/split_DynamiteModulesA_installtime.apk' with 1 weak references
07-29 08:08:20.162 11304 11332 W id.gms.unstable: ApkAssets: Deleting an ApkAssets object '<empty> and /data/app/~~mvoUGsKgPWPDCkiWlITrFg==/com.google.android.gms-PokRCgJyKbyqqq46gl7pZQ==/split_DynamiteModulesC_installtime.apk' with 1 weak references
07-29 08:08:20.162 11304 11332 W id.gms.unstable: ApkAssets: Deleting an ApkAssets object '<empty> and /data/app/~~mvoUGsKgPWPDCkiWlITrFg==/com.google.android.gms-PokRCgJyKbyqqq46gl7pZQ==/split_GoogleCertificates_installtime.apk' with 1 weak references
07-29 08:08:20.162 11304 11332 W id.gms.unstable: ApkAssets: Deleting an ApkAssets object '<empty> and /data/app/~~mvoUGsKgPWPDCkiWlITrFg==/com.google.android.gms-PokRCgJyKbyqqq46gl7pZQ==/split_MapsDynamite_installtime.apk' with 1 weak references
07-29 08:08:20.162 11304 11332 W id.gms.unstable: ApkAssets: Deleting an ApkAssets object '<empty> and /data/app/~~mvoUGsKgPWPDCkiWlITrFg==/com.google.android.gms-PokRCgJyKbyqqq46gl7pZQ==/split_MeasurementDynamite_installtime.apk' with 1 weak references
07-29 08:08:20.230  1815  4418 I sensors-hal: handle_oplus_wise_rgb_event:189, high_pwm_light:lux 261.6,cct 3601.9,brl/algo/ir 1438.0/2.0/17.1,pwm/dc 0.0/0.0,rgbc 20325.617188/12617.306641/5836.416504/37495.687500,ts 52874584578,cnt 740,flag 141
07-29 08:08:20.231  1900  4414 I Dpps    : LtmSwState::SetParameter():144 ignore cmd 7 in state LtmOffState
07-29 08:08:20.404  1980  1980 D SensorFeature: name=ssc_screenshot_info ,index = 22
07-29 08:08:20.405  1980  1980 D SensorFeature: write 29 bytes:47103698886,53209402790,142,0
07-29 08:08:20.502  1900  4414 I Dpps    : LtmSwState::SetParameter():144 ignore cmd 7 in state LtmOffState
07-29 08:08:20.706  1980  1980 D SensorFeature: name=ssc_screenshot_info ,index = 22
07-29 08:08:20.706  1980  1980 D SensorFeature: write 29 bytes:47103698886,53511703259,143,0
07-29 08:08:20.763  1815  4418 I sensors-hal: handle_oplus_wise_rgb_event:189, high_pwm_light:lux 262.2,cct 3609.1,brl/algo/ir 1438.0/2.0/16.8,pwm/dc 0.0/0.0,rgbc 20320.861328/12644.945312/5817.166992/37470.597656,ts 53480235880,cnt 750,flag 143
07-29 08:08:20.764  1900  4414 I Dpps    : LtmSwState::SetParameter():144 ignore cmd 7 in state LtmOffState
07-29 08:08:20.972  1993  2043 D BatteryChargeControl: bcc get no support from charging protocol
07-29 08:08:20.975  1993  7256 D charge_time: type=sdp,reserve_soc=2,soc=77,ui_soc=80,current=170,avg=141,not_chg_cnt=0,stable_cnt=7,fcc=5724,fcc_ratio=94,delta=38,debug=0,region=13,ttf=14606(04:03:26),ui_ttf=8795(02:26:35)
07-29 08:08:20.994  5195  5973 E OplusNetworkStackManager: initService mNetworkStackService is null, try again in 10s
07-29 08:08:21.002  1993  1993 D vendor.oplus.hardware.charger-V7-service: getChargerControl:
07-29 08:08:21.003  6485  6541 E oiface  : sched_setaffinity failed
07-29 08:08:21.009  1980  1980 D SensorFeature: name=ssc_screenshot_info ,index = 22
07-29 08:08:21.009  1980  1980 D SensorFeature: write 29 bytes:47103698886,53813973936,144,0
07-29 08:08:21.020  1981  1996 E PerformanceService: storage_feature: open /sys/devices/platform/soc/112b0000.ufshci//virtualtlcbuff fail
07-29 08:08:21.023  3484  5177 W BestClock: java.time.DateTimeException: Missing network time fix
07-29 08:08:21.023  3484  5177 W BestClock: java.time.DateTimeException: Missing network time fix
07-29 08:08:21.024  3484  5161 W BestClock: java.time.DateTimeException: Missing network time fix
07-29 08:08:21.029  1900  4414 I Dpps    : LtmSwState::SetParameter():144 ignore cmd 7 in state LtmOffState
07-29 08:08:21.112  7247 11324 W AppLinksAsyncVerifierV2: Error performing check:  [CONTEXT service_id=244 ]
07-29 08:08:21.112  7247 11324 W AppLinksAsyncVerifierV2: Check request failed: null [CONTEXT service_id=244 ]
07-29 08:08:21.112  7247 11279 W AppLinksAsyncVerifierV2: Error performing check:  [CONTEXT service_id=244 ]
07-29 08:08:21.112  7247 11279 W AppLinksAsyncVerifierV2: Check request failed: null [CONTEXT service_id=244 ]
07-29 08:08:21.113  7247  9812 W AppLinksAsyncVerifierV2: Error performing check:  [CONTEXT service_id=244 ]
07-29 08:08:21.113  7247  9812 W AppLinksAsyncVerifierV2: Check request failed: null [CONTEXT service_id=244 ]
07-29 08:08:21.113  7247 12848 W AppLinksAsyncVerifierV2: Error performing check:  [CONTEXT service_id=244 ]
07-29 08:08:21.113  7247 12848 W AppLinksAsyncVerifierV2: Check request failed: null [CONTEXT service_id=244 ]
07-29 08:08:21.113  7247 11127 W AppLinksAsyncVerifierV2: Error performing check:  [CONTEXT service_id=244 ]
07-29 08:08:21.113  7247 11127 W AppLinksAsyncVerifierV2: Check request failed: null [CONTEXT service_id=244 ]
07-29 08:08:21.114  7247 11754 I AppLinksHostsVerifierV2: (REDACTED) Verification %s complete. Successful hosts: %s. Failed hosts: %s. Error hosts: %s.
07-29 08:08:21.121  7247 11754 I AppLinksRequestHandler: (REDACTED) Added erroneous request into database for package %s
07-29 08:08:21.123  7247 11754 I AppLinksUtilsV1: Legacy cross-profile verification enabled [CONTEXT service_id=244 ]
07-29 08:08:21.127  7247 11127 W AppLinksAsyncVerifierV2: Error performing check:  [CONTEXT service_id=244 ]
07-29 08:08:21.128  7247 13057 W AppLinksAsyncVerifierV2: Error performing check:  [CONTEXT service_id=244 ]
07-29 08:08:21.128  7247 12848 W AppLinksAsyncVerifierV2: Error performing check:  [CONTEXT service_id=244 ]
07-29 08:08:21.129  7247 12899 W AppLinksAsyncVerifierV2: Error performing check:  [CONTEXT service_id=244 ]
07-29 08:08:21.130  7247  9812 W AppLinksAsyncVerifierV2: Error performing check:  [CONTEXT service_id=244 ]
07-29 08:08:21.254  3484  4970 I OplusHansManager : pkg: com.google.android.gsf has gms-backup-service
07-29 08:08:21.255  3484  4970 I OplusHansManager : uid=10259, pkg=com.google.android.gsf cannot transition from R to M, importance=gms-backup-service
07-29 08:08:21.256  3484  4970 I OplusHansManager : pkg: com.android.vending has gms-backup-service
07-29 08:08:21.256  3484  4970 I OplusHansManager : uid=10263, pkg=com.android.vending cannot transition from R to M, importance=gms-backup-service
07-29 08:08:21.258  8107  8656 D ads_apk : [FetchAdStrategyEngine][2025-07-29 08:08:21.257][8107][GlobalWorkThread:71]:request from net but network disable
07-29 08:08:21.259  8107  8656 D ads_apk : [FetchAdStrategyEngine][2025-07-29 08:08:21.257][8107][GlobalWorkThread:71]:decay for refresh internalTime:24000,randomTime:12090
07-29 08:08:21.259  8107  8656 D ads_apk : [FetchAdStrategyEngine][2025-07-29 08:08:21.257][8107][GlobalWorkThread:71]:decay for refresh after:36090
07-29 08:08:21.259  8107  8656 D ads_apk : [FetchAdStrategyEngine][2025-07-29 08:08:21.258][8107][GlobalWorkThread:71]:looper to handler
07-29 08:08:21.312  1980  1980 D SensorFeature: name=ssc_screenshot_info ,index = 22
07-29 08:08:21.312  1980  1980 D SensorFeature: write 29 bytes:47103698886,54116724613,145,0
07-29 08:08:21.315  1815  4418 I sensors-hal: handle_oplus_wise_rgb_event:189, high_pwm_light:lux 262.0,cct 3606.7,brl/algo/ir 1438.0/2.0/17.0,pwm/dc 0.0/0.0,rgbc 20330.375000/12626.519531/5828.716797/37530.816406,ts 54061095255,cnt 760,flag 145
07-29 08:08:21.316  1900  4414 I Dpps    : LtmSwState::SetParameter():144 ignore cmd 7 in state LtmOffState
07-29 08:08:21.394  4896  6213 E OplusNetworkStackManager: initService mNetworkStackService is null, try again in 10s
07-29 08:08:21.564  1900  4414 I Dpps    : LtmSwState::SetParameter():144 ignore cmd 7 in state LtmOffState
07-29 08:08:21.619  1980  1980 D SensorFeature: name=ssc_screenshot_info ,index = 22
07-29 08:08:21.619  1980  1980 D SensorFeature: write 29 bytes:47103698886,54423068832,146,0
07-29 08:08:21.829  1815  4418 I sensors-hal: handle_oplus_wise_rgb_event:189, high_pwm_light:lux 261.7,cct 3600.4,brl/algo/ir 1438.0/2.0/16.9,pwm/dc 0.0/0.0,rgbc 20330.375000/12677.191406/5821.017090/37480.636719,ts 54393998797,cnt 770,flag 146
07-29 08:08:21.830  3484  4363 D FusionLightNextGen: process end reported = 1, mode: 0, lux 489.9, cct -1.0, r/g/b/c: 20316.1/12640.3/5809.5/37455.5, R/G/B: 106.0/100.0/99.0, bri 1438.0, match 1.00, ir 0.017823, conf 0.0, ts 54402258797
07-29 08:08:21.831  1900  4414 I Dpps    : LtmSwState::SetParameter():144 ignore cmd 7 in state LtmOffState
07-29 08:08:21.922  1980  1980 D SensorFeature: name=ssc_screenshot_info ,index = 22
07-29 08:08:21.923  1980  1980 D SensorFeature: write 29 bytes:47103698886,54726676852,147,0
07-29 08:08:21.973  1993  2043 D BatteryChargeControl: bcc get no support from charging protocol
07-29 08:08:21.976  1993  7256 D charge_time: type=sdp,reserve_soc=2,soc=77,ui_soc=80,current=170,avg=155,not_chg_cnt=0,stable_cnt=7,fcc=5724,fcc_ratio=94,delta=39,debug=0,region=13,ttf=13283(03:41:23),ui_ttf=8794(02:26:34)
07-29 08:08:22.092  1900  4414 I Dpps    : LtmSwState::SetParameter():144 ignore cmd 7 in state LtmOffState
07-29 08:08:22.231  1980  1980 D SensorFeature: name=ssc_screenshot_info ,index = 22
07-29 08:08:22.231  1980  1980 D SensorFeature: write 29 bytes:47103698886,55035456123,148,0
07-29 08:08:22.356  1815  4418 I sensors-hal: handle_oplus_wise_rgb_event:189, high_pwm_light:lux 261.9,cct 3603.0,brl/algo/ir 1438.0/2.0/17.0,pwm/dc 0.0/0.0,rgbc 20354.166016/12635.732422/5813.317383/37515.761719,ts 55008109890,cnt 780,flag 148
07-29 08:08:22.358  1900  4414 I Dpps    : LtmSwState::SetParameter():144 ignore cmd 7 in state LtmOffState
07-29 08:08:22.534  1980  1980 D SensorFeature: name=ssc_screenshot_info ,index = 22
07-29 08:08:22.534  1980  1980 D SensorFeature: write 29 bytes:47103698886,55338869352,149,0
07-29 08:08:22.628  1900  4414 I Dpps    : LtmSwState::SetParameter():144 ignore cmd 7 in state LtmOffState
07-29 08:08:22.836  1980  1980 D SensorFeature: name=ssc_screenshot_info ,index = 22
07-29 08:08:22.836  1980  1980 D SensorFeature: write 29 bytes:47103698886,55641524404,150,0
07-29 08:08:22.836  1815  1921 I sensors-hal: get_display_brightness:818, light_iface: set screenshot_info [47103698886,55641524404,150,0]
07-29 08:08:22.887  1815  4418 I sensors-hal: handle_oplus_wise_rgb_event:189, high_pwm_light:lux 261.8,cct 3605.5,brl/algo/ir 1438.0/2.0/17.2,pwm/dc 0.0/0.0,rgbc 20325.617188/12658.764648/5813.317383/37470.597656,ts 55613750515,cnt 790,flag 150
07-29 08:08:22.889  1900  4414 I Dpps    : LtmSwState::SetParameter():144 ignore cmd 7 in state LtmOffState
07-29 08:08:22.891  3484  4970 I OplusHansManager : uid=10157, pkg=com.baidu.input_oppo cannot transition from R to M, importance=input
07-29 08:08:22.974  1993  2043 D BatteryChargeControl: bcc get no support from charging protocol
07-29 08:08:22.977  1993  7256 D charge_time: write 8793s(02:26:33) to ttf, rc=6
07-29 08:08:22.977  1993  7256 D charge_time: type=sdp,reserve_soc=2,soc=77,ui_soc=80,current=170,avg=170,not_chg_cnt=0,stable_cnt=7,fcc=5724,fcc_ratio=94,delta=40,debug=0,region=13,ttf=12108(03:21:48),ui_ttf=8793(02:26:33)
07-29 08:08:23.138  1980  1980 D SensorFeature: name=ssc_screenshot_info ,index = 22
07-29 08:08:23.138  1980  1980 D SensorFeature: write 29 bytes:47103698886,55943723831,151,0
07-29 08:08:23.154  1900  4414 I Dpps    : LtmSwState::SetParameter():144 ignore cmd 7 in state LtmOffState
07-29 08:08:23.175  6445  7453 E OplusNetworkStackManager: initService mNetworkStackService is null, try again in 10s
07-29 08:08:23.441  1980  1980 D SensorFeature: name=ssc_screenshot_info ,index = 22
07-29 08:08:23.441  1980  1980 D SensorFeature: write 29 bytes:47103698886,56245452008,152,0
07-29 08:08:23.444  1815  4418 I sensors-hal: handle_oplus_wise_rgb_event:189, high_pwm_light:lux 261.4,cct 3605.0,brl/algo/ir 1438.0/2.0/17.6,pwm/dc 0.0/0.0,rgbc 20349.408203/12635.732422/5805.617188/37525.796875,ts 56186179317,cnt 800,flag 152
07-29 08:08:23.446  1900  4414 I Dpps    : LtmSwState::SetParameter():144 ignore cmd 7 in state LtmOffState
07-29 08:08:23.688  1900  4414 I Dpps    : LtmSwState::SetParameter():144 ignore cmd 7 in state LtmOffState
07-29 08:08:23.745  1980  1980 D SensorFeature: name=ssc_screenshot_info ,index = 22
07-29 08:08:23.745  1980  1980 D SensorFeature: write 29 bytes:47103698886,56549144768,153,0
07-29 08:08:23.915  3484  6425 D OomAdjuster: Not killing cached processes
07-29 08:08:23.916  7202  7202 D BoundBrokerSvc: onUnbind: Intent { act=com.google.android.gms.auth.aang.events.services.START dat=chimera-action:/... cmp=com.google.android.gms/.chimera.PersistentApiService mCallingUid=10259 }
07-29 08:08:23.918  7202  7202 D BoundBrokerSvc: onUnbind: Intent { act=com.google.android.gms.auth.account.workaccount.START dat=chimera-action:/... cmp=com.google.android.gms/.chimera.PersistentApiService mCallingUid=10259 }
07-29 08:08:23.951  1815  4418 I sensors-hal: handle_oplus_wise_rgb_event:189, high_pwm_light:lux 261.9,cct 3603.4,brl/algo/ir 1438.0/2.0/16.8,pwm/dc 0.0/0.0,rgbc 20330.375000/12644.945312/5817.166992/37480.636719,ts 56519427026,cnt 810,flag 153
07-29 08:08:23.952  1900  4414 I Dpps    : LtmSwState::SetParameter():144 ignore cmd 7 in state LtmOffState
07-29 08:08:23.975  1993  2043 D BatteryChargeControl: bcc get no support from charging protocol
07-29 08:08:23.978  1993  7256 D charge_time: type=sdp,reserve_soc=2,soc=77,ui_soc=80,current=170,avg=170,not_chg_cnt=0,stable_cnt=7,fcc=5724,fcc_ratio=94,delta=41,debug=0,region=13,ttf=12107(03:21:47),ui_ttf=8792(02:26:32)
07-29 08:08:23.991  7202  7202 D BoundBrokerSvc: onUnbind: Intent { act=com.google.android.gms.scheduler.ACTION_PROXY_SCHEDULE dat=chimera-action:/... cmp=com.google.android.gms/.chimera.PersistentDirectBootAwareApiService mCallingUid=10259 }
07-29 08:08:24.025  1798  1798 D healthd : system healthd: battery l=80 v=4165 t=34.0 h=2 st=2 c=-176 fc=5920000 cc=19 chg=u
07-29 08:08:24.046  1980  1980 D SensorFeature: name=ssc_screenshot_info ,index = 22
07-29 08:08:24.046  1980  1980 D SensorFeature: write 29 bytes:47103698886,56852337581,154,0
07-29 08:08:24.063  1993  1993 D vendor.oplus.hardware.charger-V7-service: get_ui_charge_icon_type 0 0 0 0 0
07-29 08:08:24.064  1993  1993 D vendor.oplus.hardware.charger-V7-service: oplus_chg_get_cpa_power 2500 charge_online 1 retention_topic 0
07-29 08:08:24.064  1993  1993 D vendor.oplus.hardware.charger-V7-service: oplus_chg_get_cpa_power 2500 charge_online 1 retention_topic 0
07-29 08:08:24.064  1993  1993 D vendor.oplus.hardware.charger-V7-service: getIsSingleHyperSupport=2, cpa_power=2
07-29 08:08:24.066  3484  3695 D BatteryStatsImplExtImpl: mActiveProcesses size = 69
07-29 08:08:24.066  3484  3695 D BatteryStatsImplExtImpl: rpmhStats is null or interval time is too short.
07-29 08:08:24.222  1900  4414 I Dpps    : LtmSwState::SetParameter():144 ignore cmd 7 in state LtmOffState
07-29 08:08:24.228  1781  1785 E Diag-Router: diag: glinkpkt_open: failed to create control node for slate_adsp
07-29 08:08:24.228  1781  1785 E Diag-Router: diag: diag_glinkpkt_open_thread: Glinkpkt_open failed for perif: 13 with err: -1, retry_cnt: 9
07-29 08:08:24.228  1781  1784 E Diag-Router: diag: glinkpkt_open: failed to create control node for slate_apps
07-29 08:08:24.228  1781  1784 E Diag-Router: diag: diag_glinkpkt_open_thread: Glinkpkt_open failed for perif: 12 with err: -1, retry_cnt: 9
07-29 08:08:24.348  1980  1980 D SensorFeature: name=ssc_screenshot_info ,index = 22
07-29 08:08:24.348  1980  1980 D SensorFeature: write 29 bytes:47103698886,57153355601,155,0
07-29 08:08:24.371  1930  1965 I [UAH_CLIENT]: UahRelease, handle:18
07-29 08:08:24.371  1930  1965 I [UAH_CLIENT]: UahPlatformResAcquire
07-29 08:08:24.372  1930  1965 I [UAH_CLIENT]: UahEventAcquire, cmdid:-3, pkg:1930 12962, identity:qcom-perfd
07-29 08:08:24.372  1930  1965 E PERFHAL-RESOURCEQS: PERFHAL-RESOURCEQS: AddAndApply() 130: Resource with major=18, minor=41 not supported
07-29 08:08:24.437  1993  2018 D vendor.oplus.hardware.charger-V7-service: s_chg_user_mode: 3
07-29 08:08:24.437  1993  2018 D vendor.oplus.hardware.charger-V7-service: scale_chg Start!!!
07-29 08:08:24.437  1993  2018 D vendor.oplus.hardware.charger-V7-service: [0, 0, 3]
07-29 08:08:24.438  1993  2018 D vendor.oplus.hardware.charger-V7-service: [0, 2, 9]
07-29 08:08:24.438  1993  2018 D vendor.oplus.hardware.charger-V7-service: [0, 1, 3]
07-29 08:08:24.438  1993  2018 D vendor.oplus.hardware.charger-V7-service: [0, 3, 3]
07-29 08:08:24.438  1993  2018 D vendor.oplus.hardware.charger-V7-service: [0, 4, 3]
07-29 08:08:24.438  1993  2018 D vendor.oplus.hardware.charger-V7-service: [0, 5, 5]
07-29 08:08:24.438  1993  2018 D vendor.oplus.hardware.charger-V7-service: [0, 6, 9]
07-29 08:08:24.438  1993  2018 D vendor.oplus.hardware.charger-V7-service: scale_chg Start!!!
07-29 08:08:24.438  1993  2018 D vendor.oplus.hardware.charger-V7-service: [0, 0, 3]
07-29 08:08:24.438  1993  2018 D vendor.oplus.hardware.charger-V7-service: [0, 2, 10]
07-29 08:08:24.438  1993  2018 D vendor.oplus.hardware.charger-V7-service: [0, 1, 3]
07-29 08:08:24.438  1993  2018 D vendor.oplus.hardware.charger-V7-service: [0, 3, 3]
07-29 08:08:24.438  1993  2018 D vendor.oplus.hardware.charger-V7-service: [0, 4, 3]
07-29 08:08:24.438  1993  2018 D vendor.oplus.hardware.charger-V7-service: [0, 5, 3]
07-29 08:08:24.438  1993  2018 D vendor.oplus.hardware.charger-V7-service: [0, 6, 10]
07-29 08:08:24.441  1993  2041 D vendor.oplus.hardware.charger-V7-service: ret_value:111, read content:,340,363,4165,4162,-176,77,80,1,1,0,494,4653,79,1,4475,300,500,0,7,-22,7,0,1,0,2,0,0,0,1,6098,99,0,0,0,0,0,0,0
07-29 08:08:24.441  1993  2041 D vendor.oplus.hardware.charger-V7-service: gmtime: 2025-07-29-08-08-24
07-29 08:08:24.441  1993  2041 D vendor.oplus.hardware.charger-V7-service: usb_online:1, ac_online:-2147483648, wireless_online:0
07-29 08:08:24.481  1815  4418 I sensors-hal: handle_oplus_wise_rgb_event:189, high_pwm_light:lux 261.9,cct 3604.3,brl/algo/ir 1438.0/2.0/16.8,pwm/dc 0.0/0.0,rgbc 20349.408203/12649.552734/5828.716797/37520.781250,ts 57125068276,cnt 820,flag 155
07-29 08:08:24.481  3484  4363 D FusionLightNextGen: process end reported = 1, mode: 0, lux 492.0, cct -1.0, r/g/b/c: 20349.4/12635.7/5813.3/37530.8, R/G/B: 106.0/100.0/99.0, bri 1438.0, match 1.00, ir 0.017164, conf 0.0, ts 57133328276
07-29 08:08:24.481  1900  4414 I Dpps    : LtmSwState::SetParameter():144 ignore cmd 7 in state LtmOffState
07-29 08:08:24.486 12966 13058 I SystemFeature: operator:{oppo.cmcc.mp:false, browser.cmcc:false, browser.test.cmcc:false, browser.cmcc.bookmark:false, browser.test.cmcc.bookmark:false, browser.cmcc.home:false, browser.test.cmcc.home:false
07-29 08:08:24.486 12966 13058 I SystemFeature: cu.optr:false, browser.cu:false, browser.test.cu:false
07-29 08:08:24.486 12966 13058 I SystemFeature: ct.optr:false, browser.ct:false, browser.test.ct:false
07-29 08:08:24.486 12966 13058 I SystemFeature: }
07-29 08:08:24.491  7635  7708 I OpenID  : com.heytap.pictorial:3142:ret:T
07-29 08:08:24.501 12966 13058 I IdentityUtil: initIdentity: success, duidInit=true, uuid=d7830aefe1185a1d969e64bfc89f60a7
07-29 08:08:24.504 12966 13058 D Identity: nonceAndCounter: b392d2a103ad19d00000000000000009
07-29 08:08:24.543  1130 13010 I keystore2: system/security/keystore2/watchdog/src/lib.rs:319 - Watchdog thread idle -> terminating. Have a great day.
07-29 08:08:24.641  3484  6425 I InputDispatcher: injectInputEvent: targetUid=<not set>, syncMode=WAIT_FOR_FINISHED, timeout=30000ms, policyFlags=0x8000000, event=MotionEvent { action=DOWN, id[0]=0, x[0]=900, y[0]=30, eventTime=57447000000, downTime=57447000000, deviceId=4, source=TOUCHSCREEN, displayId=0, eventId=0xf564c700}
07-29 08:08:24.642  3484  4756 I [UAH_CLIENT]: UahEventAcquire, cmdid:37, pkg:none, identity:OplusUAwareInputHelper
07-29 08:08:24.642  2170  3194 D VRR [OTI]: handleIdle from 1 to 0
07-29 08:08:24.642  2170  3194 D VRR [OTI-HW]: isStateReady 0
07-29 08:08:24.642  2170  3194 D VRR [OTI-HW]: restore sys rate.
07-29 08:08:24.642  2170  3194 D VRR [RefreshRateDirector]: requestRefreshRateByOti update [ oti-hw, {fps=120, modePtr={id=4, vsyncRate=120.00 Hz, peakRefreshRate=120.00 Hz}} ]
07-29 08:08:24.642  2170  3194 D VRR [RefreshRateDirector]: selectBestFrameRate DirectorMapOti [oti-hw, {fps=120, modePtr={id=4, vsyncRate=120.00 Hz, peakRefreshRate=120.00 Hz}}]
07-29 08:08:24.642  2170  3194 D VRR [RefreshRateDirector]: updateBestFrameRate [oti-hw, {fps=120, modePtr={id=4, vsyncRate=120.00 Hz, peakRefreshRate=120.00 Hz}}]
07-29 08:08:24.642  2170  3194 D SurfaceFlinger: VRR [SurfaceFlinger] setDesiredActiveMode: displayId: 4630946756802996883, renderRate: 120, vsyncRate: 120, event: 1
07-29 08:08:24.642  2170  3194 D DisplayModeController: setDesiredMode 4630946756802996883 {mode={fps=120.00 Hz, modePtr={id=4, vsyncRate=120.00 Hz, peakRefreshRate=120.00 Hz}}, emitEvent=true, force=false}
07-29 08:08:24.642  3484  4756 D UAH-UahAdaptHelper: adaptSetNotification identity = OplusUAwareInputHelpersrc = 1000 , type 0 ,p1 = -1 ,p2 = -1 ,p3 = -1 ,p4 =
07-29 08:08:24.642  3484  4756 I [UAH_CLIENT]: uahRuleCtl, ruleId:1000, status:0
07-29 08:08:24.643  3484  4587 D OMP_Detector: D:done mCurrStatus: 0
07-29 08:08:24.643  3484  3717 D PowerManagerService: userActivityNoUpdateLocked: groupId=0, eventTime=57447, event=touch, flags=0x0, uid=1000
07-29 08:08:24.644  1930  1965 I [UAH_CLIENT]: UahRelease, handle:33
07-29 08:08:24.644  1930  1965 I [UAH_CLIENT]: UahPlatformResAcquire
07-29 08:08:24.644  4778  4778 V AutofillManager: requestHideFillUi(null): anchor = null
07-29 08:08:24.644  1930  1965 I [UAH_CLIENT]: UahEventAcquire, cmdid:-3, pkg:2170 6823, identity:qcom-perfd
07-29 08:08:24.644  4778  4778 V Application: getAutofillClient(): null on super, trying to find activity thread
07-29 08:08:24.644  4778  4778 V Application: getAutofillClient(): none of the 0 activities on com.android.systemui.SystemUIApplication@758e7a3 are top resumed nor have focus
07-29 08:08:24.644  4778  4778 V AutofillManager: No AutofillClient for com.android.systemui on context com.android.systemui.SystemUIApplication@758e7a3
07-29 08:08:24.644  1930  1965 E PERFHAL-RESOURCEQS: PERFHAL-RESOURCEQS: AddAndApply() 130: Resource with major=18, minor=41 not supported
07-29 08:08:24.645  4778  4778 I PluginSeedling--Capsule: CapsuleTouchEventHandler-->onInterceptTouchEvent interceptEvent: false
07-29 08:08:24.645  3484  3656 W UserAwareMgr: can not find match thread: GaussianBlur for process com.android.systemui
07-29 08:08:24.646  4778  5861 I [UAH_CLIENT]: UahEventAcquire, cmdid:97, pkg:none, identity:OsenseHelperImpl
07-29 08:08:24.646  4778  4778 I SystemUi--Common: ScrollTranslationValue-->resetPanelTranslationY
07-29 08:08:24.646  2170  2170 I DisplayModeController: hwc begin mode change to 8333333
07-29 08:08:24.646  2170  2170 I HWC2    : [0] setActiveConfigWithConstraints[4]
07-29 08:08:24.646  4778  4778 I SystemUi--QuickSettings: OplusPanelViewPagerController-->initExpanded downExpanded=NONE downOnRight=true targetPage=NOTIFICATION downOnYHotArea=true  isKeyguardShowing=false isOnKeyguard=false fractionListeners.size=0 currentQsFraction=0.0 currentNotifyFraction=0.0 hasCalledDownEvent=true getScrollXHotZone=([Rect(0, 0 - 1080, 2376)], [Rect(-1, -1 - -1, -1), Rect(157, 1999 - 283, 2125), Rect(823, 1999 - 949, 2125)]) getScrollYHotZone=Rect(0, 0 - 1080, 66) notifyExpandedFraction=0.0 isLastUpToExpand=false qsPanelView.translationX=0.0
07-29 08:08:24.646  4778  4778 I SystemUi--QuickSettings: OplusPanelViewPagerController-->shouldOpenQS  set targetPage=QS
07-29 08:08:24.646  4778  4778 I SystemUi--Common: ScrollTranslationValue-->resetPanelTranslationY
07-29 08:08:24.646  4778  4778 I SystemUi--QuickSettings: OplusPanelViewPagerController-->initExpanded downExpanded=NONE downOnRight=true targetPage=QS downOnYHotArea=true  isKeyguardShowing=false isOnKeyguard=false fractionListeners.size=0 currentQsFraction=0.0 currentNotifyFraction=0.0 hasCalledDownEvent=true getScrollXHotZone=([Rect(0, 0 - 1080, 2376)], [Rect(-1, -1 - -1, -1), Rect(157, 1999 - 283, 2125), Rect(823, 1999 - 949, 2125)]) getScrollYHotZone=Rect(0, 0 - 1080, 66) notifyExpandedFraction=0.0 isLastUpToExpand=false qsPanelView.translationX=0.0
07-29 08:08:24.646  4778  4778 I SystemUi--QuickSettings: OplusPanelViewPagerController-->shouldOpenQS  set targetPage=QS
07-29 08:08:24.646  4778  4778 I SystemUi--QuickSettings: OplusQSPageViewController-->reset(), pageList size:2 itemCount:2 oldIndex:0 curIndex:0
07-29 08:08:24.647  4778  4778 I SystemUi--QuickSettings: OplusQSRootViewController-->startExpandMotion event: 0, startTracking: false isClosing: false panelClosedOnDown: true
07-29 08:08:24.647  4778  4778 I SystemUi--QuickSettings: OplusQSRootViewController-->initialOffsetOnTouch: 0.0, panelClosedOnDown: true
07-29 08:08:24.647  4778  4778 I SystemUi--QuickSettings: OplusQSRootView-->disallowChildIntercept:false
07-29 08:08:24.647  1900  8480 W SDM     : HWDeviceDRM::GetSupportedBitClkRate: Requested rate not supported: 1363200000
07-29 08:08:24.647  4778  4778 I SystemUi--QuickSettings: OplusQSRootViewController-->startExpandMotion event: 0, startTracking: false isClosing: false panelClosedOnDown: true
07-29 08:08:24.647  4778  4778 I SystemUi--QuickSettings: OplusQSRootViewController-->initialOffsetOnTouch: 0.0, panelClosedOnDown: true
07-29 08:08:24.647  4778  4778 I SystemUi--QuickSettings: OplusQSRootViewController-->onTouchEvent() ACTION_DOWN, canSlideHToQSOnStatusBar:true, gestureWaitForTouchSlop:true, panelClosedOnDown:true, panelClosingOnDown:false, pointerIndex:0
07-29 08:08:24.647  1900  8480 I SDM     : HWDeviceDRM::UpdateMixerAttributes: Mixer WxH 1440x3168-1 for Peripheral
07-29 08:08:24.647  1900  8480 I CwbService: CwbService::notifyConfigChange: display:0, config:4 size:4, sec.size():0
07-29 08:08:24.647  1900  8480 I CwbService: CwbService::notifyConfigChange: display: 0, config = 0
07-29 08:08:24.647  1900  3056 I CasManager: Fps changed from 60 to 120
07-29 08:08:24.647  1900  3056 I CasManager: Fps changed, not change bin, so trigger gain
07-29 08:08:24.647  1900  3056 W SDM     : DemuraIntfImpl::ProcessOemPluginGain: Thermal intf_ is nullptr 0, default to 25 degree
07-29 08:08:24.647  1900  3056 I SDM     : CasQcPlugIn::ProcessPerCompGainOppo: input params, mode:PWM, fps:120, dbv:1438
07-29 08:08:24.647  1900  3056 I SDM     : CasQcPlugIn::ProcessPerCompGainOppo: normalized bright_adj:1024, dbv:1438, bin_dbv:1083, 
07-29 08:08:24.647  1900  3056 I SDM     : CasQcPlugIn::ProcessPerCompGainOppo: gains print start =====================
07-29 08:08:24.647  1900  3056 I SDM     : CasQcPlugIn::ProcessPerCompGainOppo: gain --------------------------------
07-29 08:08:24.647  1900  3056 I SDM     : CasQcPlugIn::ProcessPerCompGainOppo: old: 0 0 0 57 90 322 1201 3072
07-29 08:08:24.647  1900  3056 I SDM     : CasQcPlugIn::ProcessPerCompGainOppo: new: 0 0 0 48 77 277 1034 3072
07-29 08:08:24.647  1900  3056 I SDM     : CasQcPlugIn::ProcessPerCompGainOppo: gain --------------------------------
07-29 08:08:24.647  1900  3056 I SDM     : CasQcPlugIn::ProcessPerCompGainOppo: old: 0 0 0 64 125 373 1336 3072
07-29 08:08:24.647  1900  3056 I SDM     : CasQcPlugIn::ProcessPerCompGainOppo: new: 0 0 0 54 98 373 1336 3072
07-29 08:08:24.647  1900  3056 I SDM     : CasQcPlugIn::ProcessPerCompGainOppo: gain --------------------------------
07-29 08:08:24.647  1900  3056 I SDM     : CasQcPlugIn::ProcessPerCompGainOppo: old: 0 0 0 42 83 323 1222 3072
07-29 08:08:24.647  1900  3056 I SDM     : CasQcPlugIn::ProcessPerCompGainOppo: new: 0 0 0 35 83 323 1222 3072
07-29 08:08:24.647  1900  3056 I SDM     : CasQcPlugIn::ProcessPerCompGainOppo: gains print end =======================
07-29 08:08:24.647  3484  6425 I InputDispatcher: injectInputEvent: targetUid=<not set>, syncMode=WAIT_FOR_FINISHED, timeout=30000ms, policyFlags=0x8000000, event=MotionEvent { action=MOVE, id[0]=0, x[0]=900, y[0]=69.4004, eventTime=57453000000, downTime=57447000000, deviceId=4, source=TOUCHSCREEN, displayId=0, eventId=0xdd73886c}
07-29 08:08:24.650  1980  1980 D SensorFeature: name=ssc_screenshot_info ,index = 22
07-29 08:08:24.650  1980  1980 D SensorFeature: write 29 bytes:47103698886,57455996747,156,0
07-29 08:08:24.651  1900  3056 I SDM     : DemuraIntfImpl::StageAllData: Staged all data to Demura Driver!
07-29 08:08:24.652  1900  3056 I SDM     : HWPeripheralDRM::SetPanelFeature: Set Panel feature property 19
07-29 08:08:24.652  1900  3056 I SDM     : HWPeripheralDRM::SetPanelFeature: Set Panel feature property 7
07-29 08:08:24.652  1900  3056 I SDM     : DisplayBuiltIn::TriggerDemuraOemPlugIn: Trigger demura oem plugin success
07-29 08:08:24.652  1900  2209 I SDM     : DRMPanelFeatureMgr::ApplyDirtyFeature: Commited panel feature [enabled]: 20-272
07-29 08:08:24.652  1900  2209 I SDM     : DRMPanelFeatureMgr::ApplyDirtyFeature: Commited panel feature [enabled]: 8-271
07-29 08:08:24.666  4778  4778 I SystemUi--QuickSettings: OplusQSRootViewController-->startExpandMotion event: 2, startTracking: true isClosing: false panelClosedOnDown: true
07-29 08:08:24.666  4778  4778 I SystemUi--QuickSettings: OplusQSRootViewController-->endClosing()
07-29 08:08:24.666  4778  4778 I SystemUi--QuickSettings: QSPanelExpandFraction-->updateFraction, stiffness=500.0, finalPosition=0.19700195
07-29 08:08:24.667  3484  6425 I InputDispatcher: injectInputEvent: targetUid=<not set>, syncMode=WAIT_FOR_FINISHED, timeout=30000ms, policyFlags=0x8000000, event=MotionEvent { action=MOVE, id[0]=0, x[0]=900, y[0]=200.733, eventTime=57473000000, downTime=57447000000, deviceId=4, source=TOUCHSCREEN, displayId=0, eventId=0xea5d9450}
07-29 08:08:24.667  3484  4756 I [UAH_CLIENT]: UahEventAcquire, cmdid:68, pkg:none, identity:OplusUAwareInputHelper
07-29 08:08:24.667  3484  4395 D SystemGestures: detectSwipe: 1
07-29 08:08:24.680  2170  2170 D VRR-[OPlusRefreshRateSelector]: setCurrentModeId 4 type SA
07-29 08:08:24.680  2170  3194 D VRR [OTI-HW]: isStateReady 0
07-29 08:08:24.680  2170  3194 D VRR [OTI-HW]: keep rate.
07-29 08:08:24.680  3484  3620 I DisplayDeviceRepository: Display device changed render timings: "Built-in Screen", renderFrameRate=120.00001, presentationDeadlineNanos=11333333, appVsyncOffsetNanos=1000000
07-29 08:08:24.680  3484  3620 D LogicalDisplayExt: set displayInfo flag FLAG_ROTATES_WITH_CONTENT
07-29 08:08:24.681  3484  3620 D DisplayManagerServiceExtImpl: scheduleTraversalLocked intraversal=false
07-29 08:08:24.681  3484  3620 I DisplayManagerServiceExtImpl: handle logical display changed logicalDisplay=id=0,stack=0,content=true,displayInfo{stack=0,type=1,id=0,uId=local:4630946756802996883,state=ON,pkg=null}
07-29 08:08:24.681  3484  3620 D DisplayManagerService: Delivering display event: displayId=0, event=CHANGED
07-29 08:08:24.682  3484  3715 D BrightnessThermalClamper: Thermal status observer already started
07-29 08:08:24.682  3484  3715 D BrightnessPowerClamper: Power throttling data is missing for configuration data.
07-29 08:08:24.682  3484  3484 E OplusGestureAnimationManagerPolicy: mScreenHeight:2376 mScreenWidth:1080 mRotation:0
07-29 08:08:24.684  4778  4778 I SystemUi--QuickSettings: OplusQSRootViewController-->setQsVisible: true rawFraction:0.017746769
07-29 08:08:24.684  2135  5313 D AudioFlingerExtImpl: AudioFlingerExtImpl oplusSetParameters: keyvalue screen_state=on
07-29 08:08:24.684  2135  5313 D DeviceHalAidl: 0xb4000078dc87c200 DeviceHalAidl::setParameters
07-29 08:08:24.684  2135  5313 D DeviceHalAidl: setParameters: parameters: "screen_state=on"
07-29 08:08:24.684  1854  7513 I PAL: ResourceManager: setParameter: 11480: Screen State:1
07-29 08:08:24.684  4778  4778 I SystemUi--QuickSettings: OplusQSRootViewController-->setListening: true
07-29 08:08:24.684  4778  4778 I SystemUi--QuickSettings: OplusLargeTileContainerViewController-->setListening listening=true
07-29 08:08:24.684  4778  4778 I SystemUi--QuickSettings: QSBrightnessFactory-->setListening listening:true
