device
--------- beginning of main
07-29 20:49:39.468  6938  7020 I SG::SettingManager: metisDomainObserver: data change. selfChange=false [base|com.oplus.pantanal.ums|1.5.5-f48228a]
07-29 20:49:39.472  8008  8240 I ContextAware_DomainProvider: ums getSubDomainInfo intentMap:{travel_preparation=travel, internal_aod_prompt=app_prompt, file_manager=system_tools, creation_activity=system_tools, internal_xiaobu=system_settings, takeout=life_service, terminals_cloud=system_tools, tips=system_settings, internal_assistant_screen=ASSISTANT_SCREEN, navigation=app_prompt, internal_intent_lib=system_tools, weather=system_tools, payment=financial_planning, internal_address_recognition=system_tools, communication=system_tools, train=travel, ridehailing=travel, repayment=financial_planning, course_reminder=workplace_learning, read=media_service, epidemic=travel, travel_service=life_service, movie_performance=life_service, living_expense_payment_reminder=life_service, application_suggestions=system_tools, open_wlan=system_settings, commute=life_service, clear_memory=system_settings, internal_upgrade=app_upgrade, close_torch=system_settings, flight=travel, movie_notice=life_service, event_services=media_service, game=system_tools, content_consult=media_service, sticky_note=system_tools, appointment_reminder=system_settings, departure_reminder=life_service, recording=system_tools, video=media_service, outdoor_activities=system_settings, festival_reminder=media_service, living_expenses=financial_planning, application_recommendat=system_tools, hotel=travel_epidemic, nearby_power_bank=life_service, audio=media_service, store_service=life_service, publictransit=travel, calendar=system_settings, delivery=life_service, internal_account_bind=account_bind, domestic_travel_service=life_service, xiaobu_assistant=system_tools, health=system_tools, app_usage=system_settings, meal=life_service, text_intent=system_tools, parking_service=travel, internal_demo_mode=sale_mode} [base|com.oplus.metis|1.5.5-f48228a]
07-29 20:49:39.476  8008  8240 I ContextAware_DomainProvider: ums getSubDomainInfo result:travel_preparation: true,internal_aod_prompt: false,file_manager: true,creation_activity: true,internal_xiaobu: false,takeout: true,terminals_cloud: true,tips: true,internal_assistant_screen: false,navigation: true,internal_intent_lib: false,weather: true,payment: true,internal_address_recognition: false,communication: true,train: true,ridehailing: true,repayment: true,course_reminder: true,read: true,epidemic: false,travel_service: true,movie_performance: true,living_expense_payment_reminder: true,application_suggestions: false,open_wlan: true,commute: true,clear_memory: true,internal_upgrade: false,close_torch: true,flight: true,movie_notice: true,event_services: true,game: true,content_consult: true,sticky_note: true,appointment_reminder: true,departure_reminder: true,recording: true,video: true,outdoor_activities: true,festival_reminder: false,living_expenses: false,application_recommendat: false,hotel: true,nearby_power_bank: true,audio: true,store_service: true,publictransit: true,calendar: true,delivery: true,internal_account_bind: false,domestic_travel_service: true,xiaobu_assistant: true,health: true,app_usage: true,meal: true,text_intent: true,parking_service: true,internal_demo_mode: false,
07-29 20:49:39.478  6938  7020 I SG::SettingManager: delete: []
07-29 20:49:39.478  6938  7020 I SG::SettingManager: query from metis: [CloudDataEntity(subDomain='travel_preparation', domain=travel), CloudDataEntity(subDomain='file_manager', domain=system_tools), CloudDataEntity(subDomain='creation_activity', domain=system_tools), CloudDataEntity(subDomain='takeout', domain=life_service), CloudDataEntity(subDomain='terminals_cloud', domain=system_tools), CloudDataEntity(subDomain='tips', domain=system_settings), CloudDataEntity(subDomain='navigation', domain=app_prompt), CloudDataEntity(subDomain='weather', domain=system_tools), CloudDataEntity(subDomain='payment', domain=financial_planning), CloudDataEntity(subDomain='communication', domain=system_tools), CloudDataEntity(subDomain='train', domain=travel), CloudDataEntity(subDomain='ridehailing', domain=travel), CloudDataEntity(subDomain='repayment', domain=financial_planning), CloudDataEntity(subDomain='course_reminder', domain=workplace_learning), CloudDataEntity(subDomain='read', domain=media_service), CloudDataEntity(subDomain='travel_service', domain=life_service), CloudDataEntity(subDomain='movie_performance', domain=life_service), CloudDataEntity(subDomain='living_expense_payment_reminder', domain=life_service), CloudDataEntity(subDomain='open_wlan', domain=system_settings), CloudDataEntity(subDomain='commute', domain=life_service), CloudDataEntity(subDomain='clear_memory', domain=system_settings), CloudDataEntity(subDomain='close_torch', domain=system_settings), CloudDataEntity(subDomain='flight', domain=travel), CloudDataEntity(subDomain='movie_notice', domain=life_service), CloudDataEntity(subDomain='event_services', domain=media_service), CloudDataEntity(subDomain='game', domain=system_tools), CloudDataEntity(subDomain='content_consult', domain=media_service), CloudDataEntity(subDomain='sticky_note', domain=system_tools), CloudDataEntity(subDomain='appointment_reminder', domain=system_settings), CloudDataEntity(subDomain='departure_reminder', domain=life_service), CloudDataEntity(subDomain='recording', domain=system_tools), CloudDataEntity(subDomain='video', domain=media_service), CloudDataEntity(subDomain='outdoor_activities', domain=system_settings), CloudDataEntity(subDomain='hotel', domain=travel_epidemic), CloudDataEntity(subDomain='nearby_power_bank', domain=life_service), CloudDataEntity(subDomain='audio', domain=media_service), CloudDataEntity(subDomain='store_service', domain=life_service), CloudDataEntity(subDomain='publictransit', domain=travel), CloudDataEntity(subDomain='calendar', domain=system_settings), CloudDataEntity(subDomain='delivery', domain=life_service), CloudDataEntity(subDomain='domestic_travel_service', domain=life_service), CloudDataEntity(subDomain='xiaobu_assistant', domain=system_tools), CloudDataEntity(subDomain='health', domain=system_tools), CloudDataEntity(subDomain='app_usage', domain=system_settings), CloudDataEntity(subDomain='meal', domain=life_service), CloudDataEntity(subDomain='text_intent', domain=system_tools), CloudDataEntity(subDomain='parking_service', domain=travel)]
07-29 20:49:39.484  6938  7485 I SG::UpdateSubDomainUtil: updateWhenMetisChange forceUpdate: false
07-29 20:49:39.484  6938  7485 W SG::UpdateSubDomainUtil: allChangeDomains is empty!
07-29 20:49:39.507  1970  1970 D SensorFeature: name=ssc_screenshot_info ,index = 22
07-29 20:49:39.507  1970  1970 D SensorFeature: write 29 bytes:48278923157,50441376906,128,0
07-29 20:49:39.599  1981  2026 D BatteryChargeControl: bcc get no support from charging protocol
07-29 20:49:39.659 10851 11065 D BootUtil: savedDiffTime: 1753836529065, currentDiffTime: 1753836529065, isReboot: false
07-29 20:49:39.683  3361  4353 D FusionLightNextGen: process end reported = 1, mode: 0, lux 511.7, cct -1.0, r/g/b/c: 21229.2/13148.5/6069.8/39077.0, R/G/B: 106.0/100.0/99.0, bri 1451.0, match 1.00, ir 0.017837, conf 0.0, ts 50420530619
07-29 20:49:39.684  1909  4400 I Dpps    : LtmSwState::SetParameter():144 ignore cmd 7 in state LtmOffState
07-29 20:49:39.706  1981  1981 D vendor.oplus.hardware.charger-V7-service: getChargerControl:
07-29 20:49:39.706  6488  6541 E oiface  : sched_setaffinity failed
07-29 20:49:39.722  1973  1985 E PerformanceService: storage_feature: open /sys/devices/platform/soc/112b0000.ufshci//virtualtlcbuff fail
07-29 20:49:39.727  3361  5784 W BestClock: java.time.DateTimeException: Missing network time fix
07-29 20:49:39.727  3361  5784 W BestClock: java.time.DateTimeException: Missing network time fix
07-29 20:49:39.728  3361  4831 W BestClock: java.time.DateTimeException: Missing network time fix
07-29 20:49:39.809  1970  1970 D SensorFeature: name=ssc_screenshot_info ,index = 22
07-29 20:49:39.810  1970  1970 D SensorFeature: write 29 bytes:48278923157,50743295760,129,0
--------- beginning of system
07-29 20:49:39.936  3361  3753 D VRR [OPlusGameStatusManager]: handleBrightnessDone
07-29 20:49:39.948  1823  4407 I sensors-hal: handle_oplus_wise_rgb_event:189, high_pwm_light:lux 272.2,cct 3603.4,brl/algo/ir 1451.0/2.0/17.5,pwm/dc 0.0/0.0,rgbc 21233.988281/13171.507812/6069.789551/39036.847656,ts 50686576608,cnt 660,flag 129
07-29 20:49:39.950  1909  4400 I Dpps    : LtmSwState::SetParameter():144 ignore cmd 7 in state LtmOffState
07-29 20:49:40.054  3361  4355 D ActivityManager: Freezer deadlock watchdog
07-29 20:49:40.111  1970  1970 D SensorFeature: name=ssc_screenshot_info ,index = 22
07-29 20:49:40.112  1970  1970 D SensorFeature: write 29 bytes:48278923157,51045347791,130,0
07-29 20:49:40.165  3252  3252 E OplusTouchDaemon: ts_run_service: shellback temperature updated 37 (37433)
07-29 20:49:40.214  1909  4400 I Dpps    : LtmSwState::SetParameter():144 ignore cmd 7 in state LtmOffState
07-29 20:49:40.414  1970  1970 D SensorFeature: name=ssc_screenshot_info ,index = 22
07-29 20:49:40.414  1970  1970 D SensorFeature: write 29 bytes:48278923157,51347805916,131,0
07-29 20:49:40.471  3361  3737 D OplusFeatureHDREnhanceBrightness: checkIsPlayingHDR isPlayingHDR=0 rotation=0 whiteApp=false battery=100
07-29 20:49:40.479  1823  4407 I sensors-hal: handle_oplus_wise_rgb_event:189, high_pwm_light:lux 272.3,cct 3600.6,brl/algo/ir 1451.0/2.0/17.4,pwm/dc 0.0/0.0,rgbc 21210.205078/13134.665039/6073.638184/39041.867188,ts 51291922806,cnt 670,flag 131
07-29 20:49:40.481  1909  4400 I Dpps    : LtmSwState::SetParameter():144 ignore cmd 7 in state LtmOffState
07-29 20:49:40.522  1819  1819 D healthd : system healthd: battery l=100 v=4316 t=33.8 h=2 st=2 c=-152 fc=5920000 cc=20 chg=u
07-29 20:49:40.557  1981  1981 D vendor.oplus.hardware.charger-V7-service: get_ui_charge_icon_type 0 0 0 0 0
07-29 20:49:40.557  1981  1981 D vendor.oplus.hardware.charger-V7-service: oplus_chg_get_cpa_power 2500 charge_online 1 retention_topic 0
07-29 20:49:40.557  1981  1981 D vendor.oplus.hardware.charger-V7-service: oplus_chg_get_cpa_power 2500 charge_online 1 retention_topic 0
07-29 20:49:40.557  1981  1981 D vendor.oplus.hardware.charger-V7-service: getIsSingleHyperSupport=2, cpa_power=2
07-29 20:49:40.600  1981  2026 D BatteryChargeControl: bcc get no support from charging protocol
07-29 20:49:40.664 10851 11065 D BootUtil: savedDiffTime: 1753836529065, currentDiffTime: 1753836529065, isReboot: false
07-29 20:49:40.720  1970  1970 D SensorFeature: name=ssc_screenshot_info ,index = 22
07-29 20:49:40.720  1970  1970 D SensorFeature: write 29 bytes:48278923157,51653026124,132,0
07-29 20:49:40.746  1909  4400 I Dpps    : LtmSwState::SetParameter():144 ignore cmd 7 in state LtmOffState
07-29 20:49:40.977  3361  4883 W Binder  : Outgoing transactions from this process must be FLAG_ONEWAY
07-29 20:49:40.977  3361  4883 W Binder  : java.lang.Throwable
07-29 20:49:40.977  3361  4883 W Binder  : 	at android.os.BinderProxy.transact(BinderProxy.java:633)
07-29 20:49:40.977  3361  4883 W Binder  : 	at android.content.ContentProviderProxy.insert(ContentProviderNative.java:587)
07-29 20:49:40.977  3361  4883 W Binder  : 	at android.content.ContentProviderClient.insert(ContentProviderClient.java:347)
07-29 20:49:40.977  3361  4883 W Binder  : 	at android.content.ContentProviderClient.insert(ContentProviderClient.java:336)
07-29 20:49:40.977  3361  4883 W Binder  : 	at com.oplus.util.OplusStatisticsImpl.insert(OplusStatisticsImpl.java:307)
07-29 20:49:40.977  3361  4883 W Binder  : 	at com.oplus.util.OplusStatisticsImpl.sendDataToDCS(OplusStatisticsImpl.java:287)
07-29 20:49:40.977  3361  4883 W Binder  : 	at com.oplus.util.OplusStatisticsImpl.flushInternal(OplusStatisticsImpl.java:264)
07-29 20:49:40.977  3361  4883 W Binder  : 	at com.oplus.util.OplusStatisticsImpl.lambda$setDelayFlushJobIfNeed$4(OplusStatisticsImpl.java:211)
07-29 20:49:40.977  3361  4883 W Binder  : 	at com.oplus.util.OplusStatisticsImpl.$r8$lambda$4UYTp2NCu6Rml69JNqEuK7o54SI(Unknown Source:0)
07-29 20:49:40.977  3361  4883 W Binder  : 	at com.oplus.util.OplusStatisticsImpl$$ExternalSyntheticLambda5.run(D8$$SyntheticClass:0)
07-29 20:49:40.977  3361  4883 W Binder  : 	at java.util.concurrent.Executors$RunnableAdapter.call(Executors.java:487)
07-29 20:49:40.977  3361  4883 W Binder  : 	at java.util.concurrent.FutureTask.run(FutureTask.java:290)
07-29 20:49:40.977  3361  4883 W Binder  : 	at java.util.concurrent.ScheduledThreadPoolExecutor$ScheduledFutureTask.run(ScheduledThreadPoolExecutor.java:307)
07-29 20:49:40.977  3361  4883 W Binder  : 	at java.util.concurrent.ThreadPoolExecutor.runWorker(ThreadPoolExecutor.java:1145)
07-29 20:49:40.977  3361  4883 W Binder  : 	at java.util.concurrent.ThreadPoolExecutor$Worker.run(ThreadPoolExecutor.java:644)
07-29 20:49:40.977  3361  4883 W Binder  : 	at java.lang.Thread.run(Thread.java:1012)
07-29 20:49:41.029  1970  1970 D SensorFeature: name=ssc_screenshot_info ,index = 22
07-29 20:49:41.030  1970  1970 D SensorFeature: write 29 bytes:48278923157,51962527270,133,0
07-29 20:49:41.033  1823  4407 I sensors-hal: handle_oplus_wise_rgb_event:189, high_pwm_light:lux 271.9,cct 3596.1,brl/algo/ir 1451.0/2.0/17.7,pwm/dc 0.0/0.0,rgbc 21224.474609/13139.269531/6069.789551/39071.968750,ts 51881063848,cnt 680,flag 133
07-29 20:49:41.034  1909  4400 I Dpps    : LtmSwState::SetParameter():144 ignore cmd 7 in state LtmOffState
07-29 20:49:41.280  1909  4400 I Dpps    : LtmSwState::SetParameter():144 ignore cmd 7 in state LtmOffState
07-29 20:49:41.336  1970  1970 D SensorFeature: name=ssc_screenshot_info ,index = 22
07-29 20:49:41.336  1970  1970 D SensorFeature: write 29 bytes:48278923157,52268883937,134,0
07-29 20:49:41.455  5000  7795 I PCDR-common_no_service[0]: lift forbidden
07-29 20:49:41.455  5000  7795 I PCDR-common_no_45g[0]: lift forbidden
07-29 20:49:41.541  1823  4407 I sensors-hal: handle_oplus_wise_rgb_event:189, high_pwm_light:lux 272.8,cct 3603.2,brl/algo/ir 1451.0/2.0/16.9,pwm/dc 0.0/0.0,rgbc 21181.664062/13130.058594/6054.393555/39046.882812,ts 52214119160,cnt 690,flag 134
07-29 20:49:41.543  1909  4400 I Dpps    : LtmSwState::SetParameter():144 ignore cmd 7 in state LtmOffState
07-29 20:49:41.545  3361  4363 V AlarmManager: sending alarm Alarm{7208c71 type 2 origWhen 52479 whenElapsed 52479 android} uid 1000 whenElapsed 52479 windowLength 0 maxWhenElapsed 52479 repeatInterval 0 action null component null tag $android.alarm.generated:1000:52479 flags 0x9 procName system_server
07-29 20:49:41.549  3361  3643 D LocationManagerService: network provider removed registration from 10154/com.coloros.assistantscreen/3FBB8E55
07-29 20:49:41.585  3361  3504 D CompatChangeReporter: Compat change id reported: 297989574; UID 1000; state: ENABLED
07-29 20:49:41.587  5201  5201 D SubsysEventListenerManager-SubsysTelephonyCallback[0]: onCellInfoChanged
07-29 20:49:41.600  1981  2026 D BatteryChargeControl: bcc get no support from charging protocol
07-29 20:49:41.624  6567  6592 W System  : A resource failed to call AbstractCursor.close. 
07-29 20:49:41.624  6567  6592 W System  : A resource failed to call AbstractCursor.close. 
07-29 20:49:41.624  6567  6592 W System  : A resource failed to call AbstractCursor.close. 
07-29 20:49:41.624  6567  6592 W System  : A resource failed to call AbstractCursor.close. 
07-29 20:49:41.624  6567  6592 W System  : A resource failed to call AbstractCursor.close. 
07-29 20:49:41.624  6567  6592 W System  : A resource failed to call AbstractCursor.close. 
07-29 20:49:41.624  6567  6592 W System  : A resource failed to call AbstractCursor.close. 
07-29 20:49:41.624  6567  6592 W System  : A resource failed to call AbstractCursor.close. 
07-29 20:49:41.638  1970  1970 D SensorFeature: name=ssc_screenshot_info ,index = 22
07-29 20:49:41.638  1970  1970 D SensorFeature: write 29 bytes:48278923157,52572272947,135,0
07-29 20:49:41.703 12902 13045 D ProfileInstaller: Installing profile for com.oplus.linker
07-29 20:49:41.812  1909  4400 I Dpps    : LtmSwState::SetParameter():144 ignore cmd 7 in state LtmOffState
07-29 20:49:41.941  1970  1970 D SensorFeature: name=ssc_screenshot_info ,index = 22
07-29 20:49:41.941  1970  1970 D SensorFeature: write 29 bytes:48278923157,52875207738,136,0
07-29 20:49:41.979  3361  5043 I OplusHansManager : uid=10157, pkg=com.baidu.input_oppo cannot transition from R to M, importance=input
07-29 20:49:42.076  1823  4407 I sensors-hal: handle_oplus_wise_rgb_event:189, high_pwm_light:lux 272.4,cct 3601.9,brl/algo/ir 1451.0/2.0/17.3,pwm/dc 0.0/0.0,rgbc 21195.933594/13116.243164/6050.544922/39001.734375,ts 52819517285,cnt 700,flag 136
07-29 20:49:42.079  1909  4400 I Dpps    : LtmSwState::SetParameter():144 ignore cmd 7 in state LtmOffState
07-29 20:49:42.123  5000  6017 W BluetoothAdapterExtImpl: getBluetoothConnectionCount：mOplusBluetooth null!
07-29 20:49:42.127  5000  6017 D TelephonyImpl: isRequestingMms
07-29 20:49:42.128  5000  6017 D TelephonyImpl: getReleaseMmsNetworkTime
07-29 20:49:42.129  5000  6017 D OplusDdsSwitchStrategy: Md,OplusCheckFeature,RETURN_TO_CUR_ACTION_DDS
07-29 20:49:42.170  3361  4602 E OplusNetworkStackManager: initService mNetworkStackService is null, try again in 10s
07-29 20:49:42.217  1797  1806 E Diag-Router: diag: glinkpkt_open: failed to create control node for slate_adsp
07-29 20:49:42.218  1797  1806 E Diag-Router: diag: diag_glinkpkt_open_thread: Glinkpkt_open failed for perif: 13 with err: -1, retry_cnt: 8
07-29 20:49:42.218  1797  1805 E Diag-Router: diag: glinkpkt_open: failed to create control node for slate_apps
07-29 20:49:42.218  1797  1805 E Diag-Router: diag: diag_glinkpkt_open_thread: Glinkpkt_open failed for perif: 12 with err: -1, retry_cnt: 8
07-29 20:49:42.244  1970  1970 D SensorFeature: name=ssc_screenshot_info ,index = 22
07-29 20:49:42.244  1970  1970 D SensorFeature: write 29 bytes:48278923157,53177510290,137,0
07-29 20:49:42.341  3361  4353 D FusionLightNextGen: process end reported = 1, mode: 0, lux 512.0, cct -1.0, r/g/b/c: 21229.2/13153.1/6050.5/39061.9, R/G/B: 106.0/100.0/99.0, bri 1451.0, match 1.00, ir 0.017850, conf 0.0, ts 53159624577
07-29 20:49:42.342  1909  4400 I Dpps    : LtmSwState::SetParameter():144 ignore cmd 7 in state LtmOffState
07-29 20:49:42.384  1981  2012 D vendor.oplus.hardware.charger-V7-service: s_chg_user_mode: 3
07-29 20:49:42.384  1981  2012 D vendor.oplus.hardware.charger-V7-service: scale_chg Start!!!
07-29 20:49:42.385  1981  2012 D vendor.oplus.hardware.charger-V7-service: [0, 0, 3]
07-29 20:49:42.385  1981  2012 D vendor.oplus.hardware.charger-V7-service: [0, 2, 9]
07-29 20:49:42.385  1981  2012 D vendor.oplus.hardware.charger-V7-service: [0, 1, 3]
07-29 20:49:42.385  1981  2012 D vendor.oplus.hardware.charger-V7-service: [0, 3, 3]
07-29 20:49:42.385  1981  2012 D vendor.oplus.hardware.charger-V7-service: [0, 4, 3]
07-29 20:49:42.386  1981  2012 D vendor.oplus.hardware.charger-V7-service: [0, 5, 5]
07-29 20:49:42.386  1981  2012 D vendor.oplus.hardware.charger-V7-service: [0, 6, 9]
07-29 20:49:42.386  1981  2012 D vendor.oplus.hardware.charger-V7-service: scale_chg Start!!!
07-29 20:49:42.386  1981  2012 D vendor.oplus.hardware.charger-V7-service: [0, 0, 3]
07-29 20:49:42.386  1981  2012 D vendor.oplus.hardware.charger-V7-service: [0, 2, 10]
07-29 20:49:42.386  1981  2012 D vendor.oplus.hardware.charger-V7-service: [0, 1, 3]
07-29 20:49:42.386  1981  2012 D vendor.oplus.hardware.charger-V7-service: [0, 3, 3]
07-29 20:49:42.386  1981  2012 D vendor.oplus.hardware.charger-V7-service: [0, 4, 3]
07-29 20:49:42.386  1981  2012 D vendor.oplus.hardware.charger-V7-service: [0, 5, 3]
07-29 20:49:42.386  1981  2012 D vendor.oplus.hardware.charger-V7-service: [0, 6, 10]
07-29 20:49:42.391  1981  2024 D vendor.oplus.hardware.charger-V7-service: ret_value:112, read content:,338,364,4316,4314,-152,90,100,1,1,0,494,4645,92,1,4475,300,500,0,7,-22,7,0,1,0,2,0,0,0,1,6098,99,0,0,0,0,0,0,0
07-29 20:49:42.391  1981  2024 D vendor.oplus.hardware.charger-V7-service: gmtime: 2025-07-29-20-49-42
07-29 20:49:42.391  1981  2024 D vendor.oplus.hardware.charger-V7-service: usb_online:1, ac_online:-2147483648, wireless_online:0
07-29 20:49:42.477  3361  4775 I Osense-BaseDecisionMaker: notifySceneToAthenaPolicy: SCENE_IDLE_RECOVER, bundle: Bundle[{scene=SCENE_IDLE_RECOVER}]
07-29 20:49:42.479  3361  4775 I Osense-BaseDecisionMaker: scene: SCENE_IDLE_RECOVER, excutingPolicy: respreload
07-29 20:49:42.479  3361  4775 D Osense-BaseDecisionMaker: invoke process preload policy
07-29 20:49:42.480  3361  4775 I Osense-BaseDecisionMaker: scene: SCENE_IDLE_RECOVER, excutingPolicy: clear
07-29 20:49:42.480  3361  4775 D Osense-BaseDecisionMaker: invoke clear policy,type: unforbid
07-29 20:49:42.480  3361  4775 I OsenseKillAction: KillAction: unhandled request: id=9, enable=true, scene=SCENE_IDLE_RECOVER, type=unforbid, cchOnly=false, appcare=0
07-29 20:49:42.492  3361  3671 D OomAdjuster: Not killing cached processes
07-29 20:49:42.547  1970  1970 D SensorFeature: name=ssc_screenshot_info ,index = 22
07-29 20:49:42.547  1970  1970 D SensorFeature: write 29 bytes:48278923157,53480299144,138,0
07-29 20:49:42.601  1981  2026 D BatteryChargeControl: bcc get no support from charging protocol
07-29 20:49:42.603  1823  4407 I sensors-hal: handle_oplus_wise_rgb_event:189, high_pwm_light:lux 272.2,cct 3597.6,brl/algo/ir 1451.0/2.0/17.6,pwm/dc 0.0/0.0,rgbc 21181.664062/13134.665039/6058.242676/39046.882812,ts 53425354212,cnt 710,flag 138
07-29 20:49:42.605  1909  4400 I Dpps    : LtmSwState::SetParameter():144 ignore cmd 7 in state LtmOffState
07-29 20:49:42.850  1970  1970 D SensorFeature: name=ssc_screenshot_info ,index = 22
07-29 20:49:42.850  1970  1970 D SensorFeature: write 29 bytes:48278923157,53783349196,139,0
07-29 20:49:42.870  1909  4400 I Dpps    : LtmSwState::SetParameter():144 ignore cmd 7 in state LtmOffState
07-29 20:49:42.933  3361  3660 D Theia.TransparentWindow: handleMessage CHECK_TRANS_WINDOW_ERROR_MSG
07-29 20:49:43.153  1970  1970 D SensorFeature: name=ssc_screenshot_info ,index = 22
07-29 20:49:43.154  1970  1970 D SensorFeature: write 29 bytes:48278923157,54086343050,140,0
07-29 20:49:43.157  1823  4407 I sensors-hal: handle_oplus_wise_rgb_event:189, high_pwm_light:lux 272.1,cct 3600.0,brl/algo/ir 1451.0/2.0/17.8,pwm/dc 0.0/0.0,rgbc 21219.716797/13157.691406/6073.638184/39036.847656,ts 54006190775,cnt 720,flag 140
07-29 20:49:43.158  1909  4400 I Dpps    : LtmSwState::SetParameter():144 ignore cmd 7 in state LtmOffState
07-29 20:49:43.402  1909  4400 I Dpps    : LtmSwState::SetParameter():144 ignore cmd 7 in state LtmOffState
07-29 20:49:43.458  1970  1970 D SensorFeature: name=ssc_screenshot_info ,index = 22
07-29 20:49:43.458  1970  1970 D SensorFeature: write 29 bytes:48278923157,54390715707,141,0
07-29 20:49:43.602  1981  2026 D BatteryChargeControl: bcc get no support from charging protocol
07-29 20:49:43.669  1823  4407 I sensors-hal: handle_oplus_wise_rgb_event:189, high_pwm_light:lux 272.4,cct 3597.3,brl/algo/ir 1451.0/2.0/17.1,pwm/dc 0.0/0.0,rgbc 21195.933594/13116.243164/6046.695801/39026.816406,ts 54339213015,cnt 730,flag 141
07-29 20:49:43.671  1909  4400 I Dpps    : LtmSwState::SetParameter():144 ignore cmd 7 in state LtmOffState
07-29 20:49:43.762  1970  1970 D SensorFeature: name=ssc_screenshot_info ,index = 22
07-29 20:49:43.762  1970  1970 D SensorFeature: write 29 bytes:48278923157,54694739352,142,0
07-29 20:49:43.936  1909  4400 I Dpps    : LtmSwState::SetParameter():144 ignore cmd 7 in state LtmOffState
07-29 20:49:44.057  5201  5989 E OplusNetworkStackManager: initService mNetworkStackService is null, try again in 10s
07-29 20:49:44.064  1970  1970 D SensorFeature: name=ssc_screenshot_info ,index = 22
07-29 20:49:44.065  1970  1970 D SensorFeature: write 29 bytes:48278923157,54998082842,143,0
07-29 20:49:44.198  1823  4407 I sensors-hal: handle_oplus_wise_rgb_event:189, high_pwm_light:lux 272.0,cct 3600.5,brl/algo/ir 1451.0/2.0/17.5,pwm/dc 0.0/0.0,rgbc 21214.960938/13130.058594/6054.393555/39066.953125,ts 54944700775,cnt 740,flag 143
07-29 20:49:44.201  1909  4400 I Dpps    : LtmSwState::SetParameter():144 ignore cmd 7 in state LtmOffState
07-29 20:49:44.368  1970  1970 D SensorFeature: name=ssc_screenshot_info ,index = 22
07-29 20:49:44.369  1970  1970 D SensorFeature: write 29 bytes:48278923157,55301781175,144,0
07-29 20:49:44.465  1909  4400 I Dpps    : LtmSwState::SetParameter():144 ignore cmd 7 in state LtmOffState
07-29 20:49:44.467  8144  8670 D ads_apk : [FetchAdStrategyEngine][2025-07-29 20:49:44.466][8144][GlobalWorkThread:69]:request from net but network disable
07-29 20:49:44.468  8144  8670 D ads_apk : [FetchAdStrategyEngine][2025-07-29 20:49:44.466][8144][GlobalWorkThread:69]:decay for refresh internalTime:24000,randomTime:11459
07-29 20:49:44.468  8144  8670 D ads_apk : [FetchAdStrategyEngine][2025-07-29 20:49:44.466][8144][GlobalWorkThread:69]:decay for refresh after:35459
07-29 20:49:44.468  8144  8670 D ads_apk : [FetchAdStrategyEngine][2025-07-29 20:49:44.466][8144][GlobalWorkThread:69]:looper to handler
07-29 20:49:44.520  4916  6208 E OplusNetworkStackManager: initService mNetworkStackService is null, try again in 10s
07-29 20:49:44.602  1981  2026 D BatteryChargeControl: bcc get no support from charging protocol
07-29 20:49:44.671  1970  1970 D SensorFeature: name=ssc_screenshot_info ,index = 22
07-29 20:49:44.672  1970  1970 D SensorFeature: write 29 bytes:48278923157,55605025498,145,0
07-29 20:49:44.704  6488  6541 E oiface  : sched_setaffinity failed
07-29 20:49:44.706  1981  1981 D vendor.oplus.hardware.charger-V7-service: getChargerControl:
07-29 20:49:44.722  1973  1985 E PerformanceService: storage_feature: open /sys/devices/platform/soc/112b0000.ufshci//virtualtlcbuff fail
07-29 20:49:44.728  1823  4407 I sensors-hal: handle_oplus_wise_rgb_event:189, high_pwm_light:lux 272.0,cct 3596.1,brl/algo/ir 1451.0/2.0/17.4,pwm/dc 0.0/0.0,rgbc 21195.933594/13153.086914/6058.242676/38996.714844,ts 55550468692,cnt 750,flag 145
07-29 20:49:44.730  1909  4400 I Dpps    : LtmSwState::SetParameter():144 ignore cmd 7 in state LtmOffState
07-29 20:49:44.730  3361  4171 W BestClock: java.time.DateTimeException: Missing network time fix
07-29 20:49:44.731  3361  4171 W BestClock: java.time.DateTimeException: Missing network time fix
07-29 20:49:44.731  3361  4171 W BestClock: java.time.DateTimeException: Missing network time fix
07-29 20:49:44.975  1970  1970 D SensorFeature: name=ssc_screenshot_info ,index = 22
07-29 20:49:44.976  1970  1970 D SensorFeature: write 29 bytes:48278923157,55908336227,146,0
07-29 20:49:44.999  3361  4353 D FusionLightNextGen: process end reported = 1, mode: 0, lux 513.3, cct -1.0, r/g/b/c: 21224.5/13120.8/6039.0/39067.0, R/G/B: 106.0/100.0/99.0, bri 1451.0, match 1.00, ir 0.017103, conf 0.0, ts 55890353848
07-29 20:49:45.000  1909  4400 I Dpps    : LtmSwState::SetParameter():144 ignore cmd 7 in state LtmOffState
07-29 20:49:45.238  5201  5201 D RFPowerBoostManager: my thermal listener proxy invoke method:notifyThermalBroadCast args len:2
07-29 20:49:45.238  5201  5201 D RFPowerBoostManager: current temp is 36, mInCalling is false, current threshold is 41
07-29 20:49:45.239  5000  6014 W h       : networkLogger fail！
07-29 20:49:45.240  5000  6014 D Acc-OplusLinkBoostCommon: notifyThermalBroadCast level = 5 temp = 36,lastTemp: 37 ,th: 44
07-29 20:49:45.240  6467  6507 E horae   : Horae service notifyComponentHeat caught exception -2
07-29 20:49:45.240  6467  6507 E horae   : Horae service notifyComponentHeat caught exception -2
07-29 20:49:45.279  1970  1970 D SensorFeature: name=ssc_screenshot_info ,index = 22
07-29 20:49:45.279  1970  1970 D SensorFeature: write 29 bytes:48278923157,56211978102,147,0
07-29 20:49:45.281  1823  4407 I sensors-hal: handle_oplus_wise_rgb_event:189, high_pwm_light:lux 271.6,cct 3600.1,brl/algo/ir 1451.0/2.0/17.9,pwm/dc 0.0/0.0,rgbc 21219.716797/13148.480469/6077.487305/39041.867188,ts 56131322806,cnt 760,flag 147
07-29 20:49:45.282  1909  4400 I Dpps    : LtmSwState::SetParameter():144 ignore cmd 7 in state LtmOffState
07-29 20:49:45.528  1909  4400 I Dpps    : LtmSwState::SetParameter():144 ignore cmd 7 in state LtmOffState
07-29 20:49:45.585  1970  1970 D SensorFeature: name=ssc_screenshot_info ,index = 22
07-29 20:49:45.585  1970  1970 D SensorFeature: write 29 bytes:48278923157,56517970966,148,0
07-29 20:49:45.603  1981  2026 D BatteryChargeControl: bcc get no support from charging protocol
07-29 20:49:45.645  1819  1819 D healthd : system healthd: battery l=100 v=4317 t=33.7 h=2 st=2 c=-172 fc=5920000 cc=20 chg=u
07-29 20:49:45.687  1981  1981 D vendor.oplus.hardware.charger-V7-service: get_ui_charge_icon_type 0 0 0 0 0
07-29 20:49:45.688  1981  1981 D vendor.oplus.hardware.charger-V7-service: oplus_chg_get_cpa_power 2500 charge_online 1 retention_topic 0
07-29 20:49:45.688  1981  1981 D vendor.oplus.hardware.charger-V7-service: oplus_chg_get_cpa_power 2500 charge_online 1 retention_topic 0
07-29 20:49:45.688  1981  1981 D vendor.oplus.hardware.charger-V7-service: getIsSingleHyperSupport=2, cpa_power=2
07-29 20:49:45.691  3361  3701 D BatteryStatsImplExtImpl: mActiveProcesses size = 71
07-29 20:49:45.691  3361  3701 D BatteryStatsImplExtImpl: rpmhStats is null or interval time is too short.
07-29 20:49:45.794  1823  4407 I sensors-hal: handle_oplus_wise_rgb_event:189, high_pwm_light:lux 272.6,cct 3598.7,brl/algo/ir 1451.0/2.0/17.1,pwm/dc 0.0/0.0,rgbc 21214.960938/13111.637695/6054.393555/39041.867188,ts 56464347285,cnt 770,flag 148
07-29 20:49:45.796  1909  4400 I Dpps    : LtmSwState::SetParameter():144 ignore cmd 7 in state LtmOffState
07-29 20:49:45.888  1970  1970 D SensorFeature: name=ssc_screenshot_info ,index = 22
07-29 20:49:45.889  1970  1970 D SensorFeature: write 29 bytes:48278923157,56821703414,149,0
07-29 20:49:46.062  1909  4400 I Dpps    : LtmSwState::SetParameter():144 ignore cmd 7 in state LtmOffState
07-29 20:49:46.192  1970  1970 D SensorFeature: name=ssc_screenshot_info ,index = 22
07-29 20:49:46.193  1970  1970 D SensorFeature: write 29 bytes:48278923157,57125534039,150,0
07-29 20:49:46.193  1823  1934 I sensors-hal: get_display_brightness:818, light_iface: set screenshot_info [48278923157,57125534039,150,0]
07-29 20:49:46.323  1823  4407 I sensors-hal: handle_oplus_wise_rgb_event:189, high_pwm_light:lux 272.4,cct 3602.1,brl/algo/ir 1451.0/2.0/17.2,pwm/dc 0.0/0.0,rgbc 21210.205078/13125.454102/6062.091309/39066.953125,ts 57069986296,cnt 780,flag 150
07-29 20:49:46.325  1909  4400 I Dpps    : LtmSwState::SetParameter():144 ignore cmd 7 in state LtmOffState
07-29 20:49:46.496  1970  1970 D SensorFeature: name=ssc_screenshot_info ,index = 22
07-29 20:49:46.497  1970  1970 D SensorFeature: write 29 bytes:48278923157,57429697164,151,0
07-29 20:49:46.590  1909  4400 I Dpps    : LtmSwState::SetParameter():144 ignore cmd 7 in state LtmOffState
07-29 20:49:46.604  1981  2026 D BatteryChargeControl: bcc get no support from charging protocol
07-29 20:49:46.803  1970  1970 D SensorFeature: name=ssc_screenshot_info ,index = 22
07-29 20:49:46.803  1970  1970 D SensorFeature: write 29 bytes:48278923157,57735987841,152,0
07-29 20:49:46.856  1823  4407 I sensors-hal: handle_oplus_wise_rgb_event:189, high_pwm_light:lux 271.7,cct 3598.3,brl/algo/ir 1451.0/2.0/18.0,pwm/dc 0.0/0.0,rgbc 21210.205078/13130.058594/6054.393555/39041.867188,ts 57683918223,cnt 790,flag 152
07-29 20:49:46.859  1909  4400 I Dpps    : LtmSwState::SetParameter():144 ignore cmd 7 in state LtmOffState
07-29 20:49:46.986  3361  5043 I OplusHansManager : uid=10157, pkg=com.baidu.input_oppo cannot transition from R to M, importance=input
07-29 20:49:47.109  1970  1970 D SensorFeature: name=ssc_screenshot_info ,index = 22
07-29 20:49:47.109  1970  1970 D SensorFeature: write 29 bytes:48278923157,58042638934,153,0
07-29 20:49:47.121  1909  4400 I Dpps    : LtmSwState::SetParameter():144 ignore cmd 7 in state LtmOffState
07-29 20:49:47.139 12447 12456 W System  : A resource failed to call close. 
07-29 20:49:47.139 12447 12456 W System  : A resource failed to call close. 
07-29 20:49:47.218  1797  1806 E Diag-Router: diag: glinkpkt_open: failed to create control node for slate_adsp
07-29 20:49:47.218  1797  1806 E Diag-Router: diag: diag_glinkpkt_open_thread: Glinkpkt_open failed for perif: 13 with err: -1, retry_cnt: 9
07-29 20:49:47.218  1797  1805 E Diag-Router: diag: glinkpkt_open: failed to create control node for slate_apps
07-29 20:49:47.218  1797  1805 E Diag-Router: diag: diag_glinkpkt_open_thread: Glinkpkt_open failed for perif: 12 with err: -1, retry_cnt: 9
07-29 20:49:47.374  6420  8596 E OplusNetworkStackManager: initService mNetworkStackService is null, try again in 10s
07-29 20:49:47.387  1981  2012 D vendor.oplus.hardware.charger-V7-service: s_chg_user_mode: 3
07-29 20:49:47.387  1981  2012 D vendor.oplus.hardware.charger-V7-service: scale_chg Start!!!
07-29 20:49:47.387  1981  2012 D vendor.oplus.hardware.charger-V7-service: [0, 0, 3]
07-29 20:49:47.387  1981  2012 D vendor.oplus.hardware.charger-V7-service: [0, 2, 9]
07-29 20:49:47.387  1981  2012 D vendor.oplus.hardware.charger-V7-service: [0, 1, 3]
07-29 20:49:47.387  1981  2012 D vendor.oplus.hardware.charger-V7-service: [0, 3, 3]
07-29 20:49:47.387  1981  2012 D vendor.oplus.hardware.charger-V7-service: [0, 4, 3]
07-29 20:49:47.387  1981  2012 D vendor.oplus.hardware.charger-V7-service: [0, 5, 5]
07-29 20:49:47.388  1981  2012 D vendor.oplus.hardware.charger-V7-service: [0, 6, 9]
07-29 20:49:47.388  1981  2012 D vendor.oplus.hardware.charger-V7-service: scale_chg Start!!!
07-29 20:49:47.388  1981  2012 D vendor.oplus.hardware.charger-V7-service: [0, 0, 3]
07-29 20:49:47.388  1981  2012 D vendor.oplus.hardware.charger-V7-service: [0, 2, 10]
07-29 20:49:47.388  1981  2012 D vendor.oplus.hardware.charger-V7-service: [0, 1, 3]
07-29 20:49:47.388  1981  2012 D vendor.oplus.hardware.charger-V7-service: [0, 3, 3]
07-29 20:49:47.388  1981  2012 D vendor.oplus.hardware.charger-V7-service: [0, 4, 3]
07-29 20:49:47.388  1981  2012 D vendor.oplus.hardware.charger-V7-service: [0, 5, 3]
07-29 20:49:47.388  1981  2012 D vendor.oplus.hardware.charger-V7-service: [0, 6, 10]
07-29 20:49:47.392  1981  2024 D vendor.oplus.hardware.charger-V7-service: ret_value:112, read content:,337,360,4317,4315,-172,90,100,1,1,0,494,4645,92,1,4475,300,500,0,7,-22,7,0,1,0,2,0,0,0,1,6098,99,0,0,0,0,0,0,0
07-29 20:49:47.392  1981  2024 D vendor.oplus.hardware.charger-V7-service: gmtime: 2025-07-29-20-49-47
07-29 20:49:47.392  1981  2024 D vendor.oplus.hardware.charger-V7-service: usb_online:1, ac_online:-2147483648, wireless_online:0
07-29 20:49:47.412  1970  1970 D SensorFeature: name=ssc_screenshot_info ,index = 22
07-29 20:49:47.412  1970  1970 D SensorFeature: write 29 bytes:48278923157,58345415861,154,0
07-29 20:49:47.415  1823  4407 I sensors-hal: handle_oplus_wise_rgb_event:189, high_pwm_light:lux 272.3,cct 3605.5,brl/algo/ir 1451.0/2.0/17.4,pwm/dc 0.0/0.0,rgbc 21233.988281/13139.269531/6058.242676/39026.816406,ts 58256331869,cnt 800,flag 154
07-29 20:49:47.416  1909  4400 I Dpps    : LtmSwState::SetParameter():144 ignore cmd 7 in state LtmOffState
07-29 20:49:47.481  1928  1975 I [UAH_CLIENT]: UahRelease, handle:19
07-29 20:49:47.482  1928  1975 I [UAH_CLIENT]: UahPlatformResAcquire
07-29 20:49:47.482  1928  1975 I [UAH_CLIENT]: UahEventAcquire, cmdid:-3, pkg:1928 12954, identity:qcom-perfd
07-29 20:49:47.482  1928  1975 E PERFHAL-RESOURCEQS: PERFHAL-RESOURCEQS: AddAndApply() 130: Resource with major=18, minor=41 not supported
07-29 20:49:47.606  1981  2026 D BatteryChargeControl: bcc get no support from charging protocol
07-29 20:49:47.613 12958 13048 I SystemFeature: operator:{oppo.cmcc.mp:false, browser.cmcc:false, browser.test.cmcc:false, browser.cmcc.bookmark:false, browser.test.cmcc.bookmark:false, browser.cmcc.home:false, browser.test.cmcc.home:false
07-29 20:49:47.613 12958 13048 I SystemFeature: cu.optr:false, browser.cu:false, browser.test.cu:false
07-29 20:49:47.613 12958 13048 I SystemFeature: ct.optr:false, browser.ct:false, browser.test.ct:false
07-29 20:49:47.613 12958 13048 I SystemFeature: }
07-29 20:49:47.618  7825  7878 I OpenID  : com.heytap.pictorial:3142:ret:T
07-29 20:49:47.630 12958 13048 I IdentityUtil: initIdentity: success, duidInit=true, uuid=d7830aefe1185a1d969e64bfc89f60a7
07-29 20:49:47.633 12958 13048 D Identity: nonceAndCounter: 1db619c27b54b0aa0000000000000003
07-29 20:49:47.651  3361  4353 D FusionLightNextGen: process end reported = 1, mode: 0, lux 511.8, cct -1.0, r/g/b/c: 21215.0/13139.3/6062.1/39056.9, R/G/B: 106.0/100.0/99.0, bri 1451.0, match 1.00, ir 0.017692, conf 0.0, ts 58356960671
07-29 20:49:47.652  1909  4400 I Dpps    : LtmSwState::SetParameter():144 ignore cmd 7 in state LtmOffState
07-29 20:49:47.660  1165 13005 I keystore2: system/security/keystore2/watchdog/src/lib.rs:319 - Watchdog thread idle -> terminating. Have a great day.
07-29 20:49:47.714  1970  1970 D SensorFeature: name=ssc_screenshot_info ,index = 22
07-29 20:49:47.714  1970  1970 D SensorFeature: write 29 bytes:48278923157,58647763778,155,0
07-29 20:49:47.758  3361  4397 I InputDispatcher: injectInputEvent: targetUid=<not set>, syncMode=WAIT_FOR_FINISHED, timeout=30000ms, policyFlags=0x8000000, event=MotionEvent { action=DOWN, id[0]=0, x[0]=900, y[0]=30, eventTime=58693000000, downTime=58693000000, deviceId=4, source=TOUCHSCREEN, displayId=0, eventId=0xedcf5ce7}
07-29 20:49:47.759  2151  3191 D VRR [OTI]: handleIdle from 1 to 0
07-29 20:49:47.760  2151  3191 D VRR [OTI-HW]: isStateReady 0
07-29 20:49:47.760  2151  3191 D VRR [OTI-HW]: restore sys rate.
07-29 20:49:47.760  3361  4792 I [UAH_CLIENT]: UahEventAcquire, cmdid:37, pkg:none, identity:OplusUAwareInputHelper
07-29 20:49:47.760  2151  3191 D VRR [RefreshRateDirector]: requestRefreshRateByOti update [ oti-hw, {fps=120, modePtr={id=4, vsyncRate=120.00 Hz, peakRefreshRate=120.00 Hz}} ]
07-29 20:49:47.760  2151  3191 D VRR [RefreshRateDirector]: selectBestFrameRate DirectorMapOti [oti-hw, {fps=120, modePtr={id=4, vsyncRate=120.00 Hz, peakRefreshRate=120.00 Hz}}]
07-29 20:49:47.760  2151  3191 D VRR [RefreshRateDirector]: updateBestFrameRate [oti-hw, {fps=120, modePtr={id=4, vsyncRate=120.00 Hz, peakRefreshRate=120.00 Hz}}]
07-29 20:49:47.760  2151  3191 D SurfaceFlinger: VRR [SurfaceFlinger] setDesiredActiveMode: displayId: 4630946756802996883, renderRate: 120, vsyncRate: 120, event: 1
07-29 20:49:47.760  2151  3191 D DisplayModeController: setDesiredMode 4630946756802996883 {mode={fps=120.00 Hz, modePtr={id=4, vsyncRate=120.00 Hz, peakRefreshRate=120.00 Hz}}, emitEvent=true, force=false}
07-29 20:49:47.760  3361  4594 D OMP_Detector: D:done mCurrStatus: 0
07-29 20:49:47.761  3361  4792 D UAH-UahAdaptHelper: adaptSetNotification identity = OplusUAwareInputHelpersrc = 1000 , type 0 ,p1 = -1 ,p2 = -1 ,p3 = -1 ,p4 =
07-29 20:49:47.761  3361  4792 I [UAH_CLIENT]: uahRuleCtl, ruleId:1000, status:0
07-29 20:49:47.763  3361  3736 D PowerManagerService: userActivityNoUpdateLocked: groupId=0, eventTime=58693, event=touch, flags=0x0, uid=1000
07-29 20:49:47.764  1928  1975 I [UAH_CLIENT]: UahRelease, handle:34
07-29 20:49:47.764  1928  1975 I [UAH_CLIENT]: UahPlatformResAcquire
07-29 20:49:47.764  1928  1975 I [UAH_CLIENT]: UahEventAcquire, cmdid:-3, pkg:2151 7031, identity:qcom-perfd
07-29 20:49:47.765  1928  1975 E PERFHAL-RESOURCEQS: PERFHAL-RESOURCEQS: AddAndApply() 130: Resource with major=18, minor=41 not supported
07-29 20:49:47.764  4848  4848 V AutofillManager: requestHideFillUi(null): anchor = null
07-29 20:49:47.765  4848  4848 V Application: getAutofillClient(): null on super, trying to find activity thread
07-29 20:49:47.765  4848  4848 V Application: getAutofillClient(): none of the 0 activities on com.android.systemui.SystemUIApplication@60dee86 are top resumed nor have focus
07-29 20:49:47.765  4848  4848 V AutofillManager: No AutofillClient for com.android.systemui on context com.android.systemui.SystemUIApplication@60dee86
07-29 20:49:47.767  2151  2151 I DisplayModeController: hwc begin mode change to 8333333
07-29 20:49:47.767  2151  2151 I HWC2    : [0] setActiveConfigWithConstraints[4]
07-29 20:49:47.767  1909  1909 W SDM     : HWDeviceDRM::GetSupportedBitClkRate: Requested rate not supported: 1363200000
07-29 20:49:47.767  1909  1909 I SDM     : HWDeviceDRM::UpdateMixerAttributes: Mixer WxH 1440x3168-1 for Peripheral
07-29 20:49:47.767  1909  1909 I CwbService: CwbService::notifyConfigChange: display:0, config:4 size:4, sec.size():0
07-29 20:49:47.767  1909  1909 I CwbService: CwbService::notifyConfigChange: display: 0, config = 0
07-29 20:49:47.767  1909  3119 I CasManager: Fps changed from 60 to 120
07-29 20:49:47.767  1909  3119 I CasManager: Fps changed, not change bin, so trigger gain
07-29 20:49:47.768  1909  3119 W SDM     : DemuraIntfImpl::ProcessOemPluginGain: Thermal intf_ is nullptr 0, default to 25 degree
07-29 20:49:47.768  1909  3119 I SDM     : CasQcPlugIn::ProcessPerCompGainOppo: input params, mode:PWM, fps:120, dbv:1451
07-29 20:49:47.768  1909  3119 I SDM     : CasQcPlugIn::ProcessPerCompGainOppo: normalized bright_adj:1024, dbv:1451, bin_dbv:1083, 
07-29 20:49:47.768  1909  3119 I SDM     : CasQcPlugIn::ProcessPerCompGainOppo: gains print start =====================
07-29 20:49:47.768  1909  3119 I SDM     : CasQcPlugIn::ProcessPerCompGainOppo: gain --------------------------------
07-29 20:49:47.768  1909  3119 I SDM     : CasQcPlugIn::ProcessPerCompGainOppo: old: 0 0 0 57 90 322 1201 3072
07-29 20:49:47.768  1909  3119 I SDM     : CasQcPlugIn::ProcessPerCompGainOppo: new: 0 0 0 47 78 279 1041 3072
07-29 20:49:47.768  1909  3119 I SDM     : CasQcPlugIn::ProcessPerCompGainOppo: gain --------------------------------
07-29 20:49:47.768  1909  3119 I SDM     : CasQcPlugIn::ProcessPerCompGainOppo: old: 0 0 0 64 125 373 1336 3072
07-29 20:49:47.768  1909  3119 I SDM     : CasQcPlugIn::ProcessPerCompGainOppo: new: 0 0 0 53 100 373 1336 3072
07-29 20:49:47.768  1909  3119 I SDM     : CasQcPlugIn::ProcessPerCompGainOppo: gain --------------------------------
07-29 20:49:47.768  1909  3119 I SDM     : CasQcPlugIn::ProcessPerCompGainOppo: old: 0 0 0 42 83 323 1222 3072
07-29 20:49:47.768  1909  3119 I SDM     : CasQcPlugIn::ProcessPerCompGainOppo: new: 0 0 0 34 83 323 1222 3072
07-29 20:49:47.768  1909  3119 I SDM     : CasQcPlugIn::ProcessPerCompGainOppo: gains print end =======================
07-29 20:49:47.768  4848  4848 I PluginSeedling--Capsule: CapsuleTouchEventHandler-->onInterceptTouchEvent interceptEvent: false
07-29 20:49:47.768  3361  3670 W UserAwareMgr: can not find match thread: GaussianBlur for process com.android.systemui
07-29 20:49:47.769  4848  5873 I [UAH_CLIENT]: UahEventAcquire, cmdid:97, pkg:none, identity:OsenseHelperImpl
07-29 20:49:47.769  4848  4848 I SystemUi--Common: ScrollTranslationValue-->resetPanelTranslationY
07-29 20:49:47.771  4848  4848 I SystemUi--QuickSettings: OplusPanelViewPagerController-->initExpanded downExpanded=NONE downOnRight=true targetPage=NOTIFICATION downOnYHotArea=true  isKeyguardShowing=false isOnKeyguard=false fractionListeners.size=0 currentQsFraction=0.0 currentNotifyFraction=0.0 hasCalledDownEvent=true getScrollXHotZone=([Rect(0, 0 - 1080, 2376)], [Rect(-1, -1 - -1, -1), Rect(157, 1999 - 283, 2125), Rect(823, 1999 - 949, 2125)]) getScrollYHotZone=Rect(0, 0 - 1080, 66) notifyExpandedFraction=0.0 isLastUpToExpand=false qsPanelView.translationX=0.0
07-29 20:49:47.771  4848  4848 I SystemUi--QuickSettings: OplusPanelViewPagerController-->shouldOpenQS  set targetPage=QS
07-29 20:49:47.771  4848  4848 I SystemUi--Common: ScrollTranslationValue-->resetPanelTranslationY
07-29 20:49:47.771  4848  4848 I SystemUi--QuickSettings: OplusPanelViewPagerController-->initExpanded downExpanded=NONE downOnRight=true targetPage=QS downOnYHotArea=true  isKeyguardShowing=false isOnKeyguard=false fractionListeners.size=0 currentQsFraction=0.0 currentNotifyFraction=0.0 hasCalledDownEvent=true getScrollXHotZone=([Rect(0, 0 - 1080, 2376)], [Rect(-1, -1 - -1, -1), Rect(157, 1999 - 283, 2125), Rect(823, 1999 - 949, 2125)]) getScrollYHotZone=Rect(0, 0 - 1080, 66) notifyExpandedFraction=0.0 isLastUpToExpand=false qsPanelView.translationX=0.0
07-29 20:49:47.771  4848  4848 I SystemUi--QuickSettings: OplusPanelViewPagerController-->shouldOpenQS  set targetPage=QS
07-29 20:49:47.771  4848  4848 I SystemUi--QuickSettings: OplusQSPageViewController-->reset(), pageList size:2 itemCount:2 oldIndex:0 curIndex:0
07-29 20:49:47.771  4848  4848 I SystemUi--QuickSettings: OplusQSRootViewController-->startExpandMotion event: 0, startTracking: false isClosing: false panelClosedOnDown: true
07-29 20:49:47.771  4848  4848 I SystemUi--QuickSettings: OplusQSRootViewController-->initialOffsetOnTouch: 0.0, panelClosedOnDown: true
07-29 20:49:47.771  4848  4848 I SystemUi--QuickSettings: OplusQSRootView-->disallowChildIntercept:false
07-29 20:49:47.772  4848  4848 I SystemUi--QuickSettings: OplusQSRootViewController-->startExpandMotion event: 0, startTracking: false isClosing: false panelClosedOnDown: true
07-29 20:49:47.772  4848  4848 I SystemUi--QuickSettings: OplusQSRootViewController-->initialOffsetOnTouch: 0.0, panelClosedOnDown: true
07-29 20:49:47.772  4848  4848 I SystemUi--QuickSettings: OplusQSRootViewController-->onTouchEvent() ACTION_DOWN, canSlideHToQSOnStatusBar:true, gestureWaitForTouchSlop:true, panelClosedOnDown:true, panelClosingOnDown:false, pointerIndex:0
07-29 20:49:47.772  3361  4397 I InputDispatcher: injectInputEvent: targetUid=<not set>, syncMode=WAIT_FOR_FINISHED, timeout=30000ms, policyFlags=0x8000000, event=MotionEvent { action=MOVE, id[0]=0, x[0]=900, y[0]=121.934, eventTime=58707000000, downTime=58693000000, deviceId=4, source=TOUCHSCREEN, displayId=0, eventId=0xd1ce6982}
07-29 20:49:47.772  3361  4792 I [UAH_CLIENT]: UahEventAcquire, cmdid:68, pkg:none, identity:OplusUAwareInputHelper
07-29 20:49:47.773  3361  4383 D SystemGestures: detectSwipe: 1
07-29 20:49:47.774  1909  3119 I SDM     : DemuraIntfImpl::StageAllData: Staged all data to Demura Driver!
07-29 20:49:47.774  1909  3119 I SDM     : HWPeripheralDRM::SetPanelFeature: Set Panel feature property 19
07-29 20:49:47.774  1909  3119 I SDM     : HWPeripheralDRM::SetPanelFeature: Set Panel feature property 7
07-29 20:49:47.774  1909  3119 I SDM     : DisplayBuiltIn::TriggerDemuraOemPlugIn: Trigger demura oem plugin success
07-29 20:49:47.775  1909  2205 I SDM     : DRMPanelFeatureMgr::ApplyDirtyFeature: Commited panel feature [enabled]: 20-272
07-29 20:49:47.775  1909  2205 I SDM     : DRMPanelFeatureMgr::ApplyDirtyFeature: Commited panel feature [enabled]: 8-271
07-29 20:49:47.786  4848  4848 I SystemUi--QuickSettings: OplusQSRootViewController-->startExpandMotion event: 2, startTracking: true isClosing: false panelClosedOnDown: true
07-29 20:49:47.786  4848  4848 I SystemUi--QuickSettings: OplusQSRootViewController-->endClosing()
07-29 20:49:47.787  4848  4848 I SystemUi--QuickSettings: QSPanelExpandFraction-->updateFraction, stiffness=500.0, finalPosition=0.45966798
07-29 20:49:47.788  3361  4397 I InputDispatcher: injectInputEvent: targetUid=<not set>, syncMode=WAIT_FOR_FINISHED, timeout=30000ms, policyFlags=0x8000000, event=MotionEvent { action=MOVE, id[0]=0, x[0]=900, y[0]=227, eventTime=58723000000, downTime=58693000000, deviceId=4, source=TOUCHSCREEN, displayId=0, eventId=0xf535873e}
07-29 20:49:47.800  3361  3648 I DisplayDeviceRepository: Display device changed render timings: "Built-in Screen", renderFrameRate=120.00001, presentationDeadlineNanos=11333333, appVsyncOffsetNanos=1000000
07-29 20:49:47.800  2151  2151 D VRR-[OPlusRefreshRateSelector]: setCurrentModeId 4 type SA
07-29 20:49:47.800  2151  3191 D VRR [OTI-HW]: isStateReady 0
07-29 20:49:47.800  2151  3191 D VRR [OTI-HW]: keep rate.
07-29 20:49:47.800  3361  3648 D LogicalDisplayExt: set displayInfo flag FLAG_ROTATES_WITH_CONTENT
07-29 20:49:47.801  3361  3648 D DisplayManagerServiceExtImpl: scheduleTraversalLocked intraversal=false
07-29 20:49:47.801  3361  3648 I DisplayManagerServiceExtImpl: handle logical display changed logicalDisplay=id=0,stack=0,content=true,displayInfo{stack=0,type=1,id=0,uId=local:4630946756802996883,state=ON,pkg=null}
07-29 20:49:47.801  3361  3648 D DisplayManagerService: Delivering display event: displayId=0, event=CHANGED
07-29 20:49:47.801  3361  3735 D BrightnessThermalClamper: Thermal status observer already started
07-29 20:49:47.801  3361  3735 D BrightnessPowerClamper: Power throttling data is missing for configuration data.
07-29 20:49:47.801  3361  3361 E OplusGestureAnimationManagerPolicy: mScreenHeight:2376 mScreenWidth:1080 mRotation:0
07-29 20:49:47.802  2133  2133 D AudioFlingerExtImpl: AudioFlingerExtImpl oplusSetParameters: keyvalue screen_state=on
07-29 20:49:47.802  2133  2133 D DeviceHalAidl: 0xb40000739727c200 DeviceHalAidl::setParameters
07-29 20:49:47.802  2133  2133 D DeviceHalAidl: setParameters: parameters: "screen_state=on"
07-29 20:49:47.802  3361  3644 D OplusVFXScreenEffectFeature: notifySFCompatWindowStateChange entered false
07-29 20:49:47.802  2151  2436 D [PREVIEW]: SF obtain preview_adapter: 0
07-29 20:49:47.802  2151  2436 D [PREVIEW]: TabletPreviewAdapter::parallel world 0
07-29 20:49:47.802  1844  1844 I PAL: ResourceManager: setParameter: 11480: Screen State:1
07-29 20:49:47.802  3361  3644 D FSS_FoldScreenBlackCoverController: displayChangeToOn, dc:Display{#0 state=ON size=1080x2376 ROTATION_0}
07-29 20:49:47.802  2133  2133 D DeviceHalAidl: 0xb40000739727c800 DeviceHalAidl::setParameters
07-29 20:49:47.802  2133  2133 D DeviceHalAidl: setParameters: parameters: "screen_state=on"
07-29 20:49:47.802  1844  1844 D AHAL_Module: updateScreenState: usb: 1
