07-29 20:49:49.086  8008  9558 W metis_v2_OifaceBindUtils: call connectOifaceService [7f0000011753836548568150807289|p_7289_3cf8632@1|p_8008_acee41a@6|com.oplus.metis]
07-29 20:49:49.086  8008  9558 I metis_v2_KnowledgeManager: panta-sugg-Fire: count=1 [7f0000011753836548568150807289|p_7289_3cf8632@1|p_8008_acee41a@6|com.oplus.metis]
07-29 20:49:49.087  6488  6541 E oiface  : sched_setaffinity failed
07-29 20:49:49.088  6488  6539 E oiface  : directSetTask: get cpuset path failed
07-29 20:49:49.089  8008  9558 I System.out: 'park_precondition_home_02' 
07-29 20:49:49.089  8008  9558 I System.out: 'park_precondition_company_02' 
07-29 20:49:49.089  8008  9558 I System.out: 'UBIQUITOUS_SERVICE#assistant_screen#NOT_AT_HOME_301' 
07-29 20:49:49.090  8008  9558 I System.out: 'UBIQUITOUS_SERVICE#assistant_screen#NOT_AT_OFFICE_401' 
07-29 20:49:49.090  8008  9558 I System.out: 'policy:NEAR_SUBWAY_BUS_STATION_2x4' 
07-29 20:49:49.095  8008  9558 W metis_v2_TimeDurationCompare: [com.oplus.metis#UBIQUITOUS_SERVICE#scene#tips#TipScene_EXIT] 'timestamp' is not literal. [7f0000011753836548568150807289|p_7289_3cf8632@1|p_8008_acee41a@6|com.oplus.metis]
07-29 20:49:49.096  8008  9558 D SceneIntentPublisher: headAction: pkg is com.oplus.metis and simpleRuleName is UBIQUITOUS_SERVICE#secne#activity_coloros_reminder_tips
07-29 20:49:49.098  8008  9558 D SceneIntentPublisher: headAction: pkg is com.oplus.metis and simpleRuleName is UBIQUITOUS_SERVICE#secne#activity_coloros_reminder_tips
07-29 20:49:49.101  8008  9558 I System.out: 'UBIQUITOUS_SERVICE#assistant_screen#NOT_AT_HOME_301' 
07-29 20:49:49.102  8008  9558 I System.out: 'tempPropertyForGuideStatus' 
07-29 20:49:49.103  3361  4171 I InputDispatcher: injectInputEvent: targetUid=<not set>, syncMode=WAIT_FOR_FINISHED, timeout=30000ms, policyFlags=0x8000000, event=MotionEvent { action=DOWN, id[0]=0, x[0]=877, y[0]=1330, eventTime=60037000000, downTime=60037000000, deviceId=4, source=TOUCHSCREEN, displayId=0, eventId=0xe2d86a57}
07-29 20:49:49.103  3361  4594 D OMP_Detector: D:done mCurrStatus: 0
07-29 20:49:49.103  3361  4792 I [UAH_CLIENT]: UahEventAcquire, cmdid:37, pkg:none, identity:OplusUAwareInputHelper
07-29 20:49:49.103  4848  4848 V AutofillManager: requestHideFillUi(null): anchor = null
07-29 20:49:49.103  4848  4848 V Application: getAutofillClient(): null on super, trying to find activity thread
07-29 20:49:49.103  4848  4848 V Application: getAutofillClient(): none of the 0 activities on com.android.systemui.SystemUIApplication@60dee86 are top resumed nor have focus
07-29 20:49:49.103  4848  4848 V AutofillManager: No AutofillClient for com.android.systemui on context com.android.systemui.SystemUIApplication@60dee86
07-29 20:49:49.103  3361  3736 D PowerManagerService: userActivityNoUpdateLocked: groupId=0, eventTime=60037, event=touch, flags=0x0, uid=1000
07-29 20:49:49.103  3361  4792 D UAH-UahAdaptHelper: adaptSetNotification identity = OplusUAwareInputHelpersrc = 1000 , type 0 ,p1 = -1 ,p2 = -1 ,p3 = -1 ,p4 =
07-29 20:49:49.103  3361  4792 I [UAH_CLIENT]: uahRuleCtl, ruleId:1000, status:0
07-29 20:49:49.103  4848  4848 I SystemUi--Common: ScrollTranslationValue-->resetPanelTranslationY
07-29 20:49:49.104  4848  4848 I SystemUi--QuickSettings: OplusPanelViewPagerController-->initExpanded downExpanded=QS downOnRight=true targetPage=QS downOnYHotArea=false  isKeyguardShowing=false isOnKeyguard=false fractionListeners.size=0 currentQsFraction=1.0 currentNotifyFraction=0.0 hasCalledDownEvent=true getScrollXHotZone=([Rect(0, 0 - 1080, 2376)], [Rect(-1, -1 - -1, -1), Rect(144, 2143 - 270, 2269), Rect(810, 2143 - 936, 2269)]) getScrollYHotZone=Rect(0, 0 - 1080, 222) notifyExpandedFraction=0.0 isLastUpToExpand=true qsPanelView.translationX=0.0
07-29 20:49:49.104  8008  9558 D SceneIntentPublisher: headAction: pkg is com.oplus.metis and simpleRuleName is UBIQUITOUS_SERVICE#secne#activity_coloros_reminder_tips
07-29 20:49:49.104  4848  4848 I SystemUi--QuickSettings: OplusQSRootViewController-->startExpandMotion event: 0, startTracking: false isClosing: false panelClosedOnDown: false
07-29 20:49:49.104  4848  4848 I SystemUi--QuickSettings: OplusQSRootViewController-->initialOffsetOnTouch: 2376.0, panelClosedOnDown: false
07-29 20:49:49.104  8008  9558 W metis_v2_TimeDurationCompare: [com.oplus.metis#UBIQUITOUS_SERVICE#scene#tips#TipScene_EXIT] 'timestamp' is not literal. [7f0000011753836548568150807289|p_7289_3cf8632@1|p_8008_acee41a@6|com.oplus.metis] [base|com.oplus.metis|1.5.5-f48228a]
07-29 20:49:49.105  3361  4171 I InputDispatcher: injectInputEvent: targetUid=<not set>, syncMode=WAIT_FOR_FINISHED, timeout=30000ms, policyFlags=0x8000000, event=MotionEvent { action=UP, id[0]=0, x[0]=877, y[0]=1330, eventTime=60037000000, downTime=60037000000, deviceId=4, source=TOUCHSCREEN, displayId=0, eventId=0xeb2897fb}
07-29 20:49:49.106  3361  4792 D UAH-UahAdaptHelper: adaptSetNotification identity = OplusUAwareInputHelpersrc = 1000 , type 1 ,p1 = -1 ,p2 = -1 ,p3 = -1 ,p4 =
07-29 20:49:49.106  4848  4848 I SystemUi--Statusbar: OplusStatusBarWindowViewTouchExImpl-->onTouchEvent handled:false
07-29 20:49:49.106  3361  4792 I [UAH_CLIENT]: uahRuleCtl, ruleId:1000, status:1
07-29 20:49:49.106  4848  4848 I SystemUi--QuickSettings: OplusPanelViewPagerController-->reset
07-29 20:49:49.106  4848  4848 I SystemUi--QuickSettings: OplusQSRootViewController-->resetTouch
07-29 20:49:49.106  4848  4848 D OplusViewDragTouchViewHelper: dispatchTouchView action = 1
07-29 20:49:49.106  4848  4848 D ViewRootImplExtImpl: the up motion event handled by client, just return
07-29 20:49:49.106  4848  4848 I SystemUi--QuickSettings: Tile.OplusAirplaneModeTile-->clicked ------ state is :2 canTips :true
07-29 20:49:49.106  4848  5410 V OplusCustomizeCacheManager: queryCache name: sys.cache.common_customize_cache18026 param: null
07-29 20:49:49.107  4848  5410 V OplusCustomizeCacheManager: queryCache name: sys.cache.common_customize_cache18026 param: null
07-29 20:49:49.108  5064  8829 I txpwradmin:SettingsObserver: onChange for uri = content://settings/global/airplane_mode_on
07-29 20:49:49.108  3361  4396 D BluetoothSystemServer: BluetoothRadioModeListener: Not sensitive to airplane_mode_radios change. Forced to false
07-29 20:49:49.108  3361  3361 D OplusWifiBroadCastDispatcher: mBroadcastReceiver: onReceiver  action=android.intent.action.AIRPLANE_MODE
07-29 20:49:49.108  1973  1985 E PerformanceService: [damon_reclaim] Failed to open wmarks_xxx, Linux version 6.6.30
07-29 20:49:49.108  3361  4217 E PerformanceManager: setDamonReclaimWmarks succeed.
07-29 20:49:49.109  5201  5201 D SubsysBroadcastManager: onReceive action:android.intent.action.AIRPLANE_MODE
07-29 20:49:49.109  5000  6014 D OplusLinkBoostMeeting: onAirplaneModeChange
07-29 20:49:49.110  5000  6015 D NAS-CallIssueDetector: notifyApmChanged
07-29 20:49:49.110  3361  4396 D BluetoothSystemServer: AirplaneModeListener: Ignore mode change to same state. previousMode=false, isOn=false, isOnOverrode=false, isMediaConnected=false
07-29 20:49:49.110  5000  7795 I PCDR-common_no_service[0]: forbidden
07-29 20:49:49.110  5000  7795 I PCDR-common_no_45g[0]: forbidden
07-29 20:49:49.110  5000  7795 I PCDR-common_no_service[1]: forbidden
07-29 20:49:49.110  5000  7795 I PCDR-common_no_45g[1]: forbidden
07-29 20:49:49.110  5023  5023 W Settings: Setting airplane_mode_on has moved from android.provider.Settings.System to android.provider.Settings.Global, returning read-only value.
07-29 20:49:49.110  5000  6015 D NAS-CallIssueDetector: EVENT_SIM_STATE_CHANGE mSimState[0] LOADED
07-29 20:49:49.110  5000  6015 D SceneEvent: registerSensorMgr start
07-29 20:49:49.111  3361  4448 D WifiController: Airplane mode disabled, determine next state
07-29 20:49:49.111  3361  4448 D WifiActiveModeWarden: Starting primary ClientModeManager in scan only mode
07-29 20:49:49.111  4916  4916 W Settings: Setting airplane_mode_on has moved from android.provider.Settings.System to android.provider.Settings.Global, returning read-only value.
07-29 20:49:49.111  4916  4916 W Settings: Setting airplane_mode_on has moved from android.provider.Settings.System to android.provider.Settings.Global, returning read-only value.
07-29 20:49:49.111  5000  6027 D ElevatorEvent: enableElevatorDetect mIsElevSensorReg = false
07-29 20:49:49.111  4916  4916 W Settings: Setting airplane_mode_on has moved from android.provider.Settings.System to android.provider.Settings.Global, returning read-only value.
07-29 20:49:49.111  4916  4916 W Settings: Setting airplane_mode_on has moved from android.provider.Settings.System to android.provider.Settings.Global, returning read-only value.
07-29 20:49:49.111  5000  6027 V SystemSensorManagerExtImpl: RegisterListener elevator_detect  Wakeup type:33171036 delay:200000us by com.oplus.nas.comm.event.ElevatorEvent$a@2d6e110 from com.oplus.nas
07-29 20:49:49.111  4916  4916 W Settings: Setting airplane_mode_on has moved from android.provider.Settings.System to android.provider.Settings.Global, returning read-only value.
07-29 20:49:49.111  5064  8829 D txpwrJni: sendRadioStatus start
07-29 20:49:49.111  3361  4448 D WifiController: DisabledState.exit()
07-29 20:49:49.111  3361  4448 D WifiController: EnabledState.enter()
07-29 20:49:49.111  3361  4448 D WifiClientModeManager[60045:unknown]: entering IdleState
07-29 20:49:49.111  5000  6011 D ResidenceLocSm: onPreHandleMessage 49
07-29 20:49:49.111  5000  6011 D ResidenceLocSm: onPostHandleMessage 49
07-29 20:49:49.111  4916  4916 D PhoneGlobals: ACTION_AIRPLANE_MODE_CHANGED received
07-29 20:49:49.111  4916  4916 D PhoneGlobals: Receive ACTION_AIRPLANE_MODE_CHANGED, state: false
07-29 20:49:49.111  4916  4916 I PhoneGlobals: handleAirplaneModeChange: isAirplaneNewlyOn=false
07-29 20:49:49.111  4916  4916 D PhoneGlobals: handleAirplaneModeChange: isAirplaneNewlyOn = false, cellState = 2
07-29 20:49:49.111  4916  4916 I PhoneGlobals: Turning radio on - airplane
07-29 20:49:49.112  5201  5201 D NetworkService[0]: onAirPlaneModeChange isAirPlaneModeOn:false
07-29 20:49:49.112  5201  5201 D NetworkService[1]: onAirPlaneModeChange isAirPlaneModeOn:false
07-29 20:49:49.112  5201  5201 D QuickChangeAirplaneModeEvent: airplane mode off
07-29 20:49:49.112  3361  5370 D SensorService: createSensorEventConnection packageName = com.oplus.nas.comm.event.ElevatorEvent, opPackageName = com.oplus.nas, mCurrentOperatingMode = 0, requestedMode = 0
07-29 20:49:49.112  5091  5091 I QImsService: OplusWifiApmStateMgr : ACTION_AIRPLANE_MODE_CHANGED,mIsAirplaneModeOn: false
07-29 20:49:49.112  5091  5091 I QImsService: OplusImsServiceSubImpl : onTurnOffImsAfterWifiChanged : false
07-29 20:49:49.112  5091  5091 I QImsService: OplusImsServiceSubImpl : onTurnOffImsAfterWifiChanged : false
07-29 20:49:49.112  1836  1836 W android.hardware.wifi-service: No active wlan interfaces in use! Using default
07-29 20:49:49.112  4848  5118 I SystemUi--QuickSettings: Tile.OplusCellularTile-->updateCarrierText: dialog not showing, ignore
07-29 20:49:49.113  5023  5023 I HidlServiceManagement: Trying to get transport of vendor.oplus.hardware.appradio@1.0::IOplusAppRadio/oplus_app_slot1 without hwservicemanager
07-29 20:49:49.113  5023  5023 E NhsAppRIL/0: in getOplusRadioProxy getService: Exception: java.util.NoSuchElementException
07-29 20:49:49.113  5201  5201 D RadioMessenger: handleMessage Request msgid 2215
07-29 20:49:49.114  5023  5023 D NhsElevatorReceiver: enableElevatorDetect mIsElevSensorReg = false
07-29 20:49:49.114  5023  5023 V SystemSensorManagerExtImpl: RegisterListener elevator_detect  Wakeup type:33171036 delay:200000us by t0.g$b@ee3a6e0 from com.oplus.nhs
07-29 20:49:49.114  3361  5370 D SensorService: createSensorEventConnection packageName = t0.g, opPackageName = com.oplus.nhs, mCurrentOperatingMode = 0, requestedMode = 0
07-29 20:49:49.114  4848  4848 I SystemUi--Statusbar: OplusStatusBarSignalPolicy-->imsIcon: OplusIMSModel(shouldShowVolte=false, shouldShowVowifi=false, simInserted=true, noSim=false, shouldShowVodata=false, shouldShowVo5G=false, vowifiState=false), OplusIMSModel(shouldShowVolte=false, shouldShowVowifi=false, simInserted=false, noSim=true, shouldShowVodata=false, shouldShowVo5G=false, vowifiState=false), noSubs:false, airplaneMode:falsevisible: false ,wifiConnect:false , vowifiIcon:0 , voDataStatus:false, is5GNewCall:false
07-29 20:49:49.114  4848  4848 I SystemUi--Statusbar: OplusStatusBarSignalPolicy-->noSimIcon simState: SimStateModel(simInserted=[true, false], simForbidden=[false, true], simStateIMSI=[true, false], simLoaded=[true, false]), noSubs:false isAirplaneMode:false
07-29 20:49:49.114  4848  4848 I SystemUi--Statusbar: OplusMobileIconViewModel-->isVisible subId:1 isAirplaneMode:false isAllowedDuringAirplaneMode:false isForceHidden:false isSatelliteForbid:false
07-29 20:49:49.114  4848  4848 I SystemUi--Statusbar: OplusStatusBarMobileViewBinder-->isVisible:true
07-29 20:49:49.114  4848  4848 I SystemUi--Statusbar: OplusStatusBarMobileViewBinder-->isVisible:true
07-29 20:49:49.114  4848  4848 I SystemUi--Statusbar: OplusStatusBarMobileViewBinder-->isVisible:true
07-29 20:49:49.114  4848  4848 I SystemUi--Statusbar: OplusStatusBarMobileViewBinder-->isVisible:true
07-29 20:49:49.114  4848  4848 I SystemUi--Statusbar: OplusStatusBarMobileViewBinder-->isVisible:true
07-29 20:49:49.114  4848  5773 I SystemUi--QuickSettings: Tile.OplusAirplaneModeTile-->handleUpdateState state.state: 2 value: 1
07-29 20:49:49.114  4848  5773 V OplusCustomizeCacheManager: queryCache name: sys.cache.common_customize_cache18026 param: null
07-29 20:49:49.114  3361  5367 W SensorService: SensorEventConnection sensor handle=1362, package = t0.g enable
07-29 20:49:49.114  3361  5367 E SensorService: Required app t0.g, uid 1001, pid 5023
07-29 20:49:49.114  3361  5367 D SensorService: Calling batch handle==1362 flags=0rate=200000000 timeout== 0
07-29 20:49:49.114  3361  5367 D SensorService: SensorDevice::batch: ident=0xb4000073873b8a40, handle=0x00000552, flags=0, period_ns=200000000 timeout=0
07-29 20:49:49.114  3361  5367 D SensorService: 	>>> actuating h/w BATCH 0x00000552 200000000 0
07-29 20:49:49.114  1823  1823 I sensors-hal: batch:153, qti.sensor.elevator_detect/1362, period=200000000, max_latency=0
07-29 20:49:49.114  1823  1823 I sensors-hal: batch:175, qti.sensor.elevator_detect/1362, period=200000000, max_latency=0 request completed
07-29 20:49:49.115  3361  5367 D SensorService: Calling activate on 1362
07-29 20:49:49.115  3361  5367 D SensorService: SensorDevice::activate: ident=0xb4000073873b8a40, handle=0x00000552, enabled=1, count=1
07-29 20:49:49.115  3361  5367 D SensorService: enable index=0
07-29 20:49:49.115  3361  5367 D SensorService: info.numActiveClients() = 1, info.isActive = 0
07-29 20:49:49.115  3361  5367 D SensorService: activateHardware = 1
07-29 20:49:49.115  3361  5367 D SensorService: 	>>> actuating h/w activate handle=1362 enabled=1
07-29 20:49:49.115  4848  5118 D SimStateHelper: slot:0, lock state:Bundle[mParcelledData.dataSize=56]
07-29 20:49:49.115  1823  1823 I sensors-hal: activate:112, qti.sensor.elevator_detect/1362 en=1
07-29 20:49:49.115  1823  1823 I sensors-hal: acquire_qsh_interface:131, acquire_qsh_interface with sensor_id 28 , conn_type 2 
07-29 20:49:49.115  4848  5118 D SimStateHelper: slot:1, lock state:Bundle[mParcelledData.dataSize=56]
07-29 20:49:49.115  4848  5118 D SimStateHelper: needDisableMenu: slot1State=-1; slot2State=-1
07-29 20:49:49.115  4848  5118 D SimStateHelper: needDisableMenu:false
07-29 20:49:49.115  6756  9787 I SettingImpl: isAirplaneModeToggleChecked switchValue: -1, airplane mode isChecked is false
07-29 20:49:49.116  4848  5773 V OplusCustomizeCacheManager: queryCache name: sys.cache.common_customize_cache11009 param: null
07-29 20:49:49.117  4848  5773 I SystemUi--QuickSettings: Tile.OplusAirplaneModeTile-->handleUpdateState state.state: 2 value: 0
07-29 20:49:49.117  8008  9558 W metis_v2_AbsTimerTriggered: [com.oplus.metis#UBIQUITOUS_SERVICE#health#LAUNCH-HEALTH-APP]: periodicTriggered's parseArgsToTimer meet exception periodic timer's first execute start time must >= time range start [7f0000011753836548568150807289|p_7289_3cf8632@1|p_8008_acee41a@6|com.oplus.metis]
07-29 20:49:49.117  8008  9558 W metis_v2_AbsTimerTriggered: [com.oplus.metis#UBIQUITOUS_SERVICE#health#LAUNCH-HEALTH-APP]: please check if builtin periodicTriggered's args is valid [7f0000011753836548568150807289|p_7289_3cf8632@1|p_8008_acee41a@6|com.oplus.metis]
07-29 20:49:49.117  4848  5773 V OplusCustomizeCacheManager: queryCache name: sys.cache.common_customize_cache18026 param: null
07-29 20:49:49.117  3361  4572 D OplusWifiPower_ConnLpmEventObsever: AIRPLANE_MODE_ON:false
07-29 20:49:49.117  3361  4573 D OplusWifiSwitchStateMonitor: mWifiSettingsValue:0
07-29 20:49:49.117  3361  4573 D OplusWifiSwitchStateMonitor: notify scan state: true
07-29 20:49:49.118  8008  9436 I ContextAware_GetInstalledAppsInfo: Update cache
07-29 20:49:49.118  1796  1860 E minksocket: MinkIPC ERROR: ( 1796:1860 ) MinkIPC_preProcess:272 Client down, but cannot find corresponding minksession
07-29 20:49:49.118  1796  1845 E minksocket: MinkIPC ERROR: ( 1796:1845 ) MinkIPC_preProcess:272 Client down, but cannot find corresponding minksession
07-29 20:49:49.119  1796  1845 E minksocket: MinkIPC ERROR: ( 1796:1845 ) MinkIPC_preProcess:272 Client down, but cannot find corresponding minksession
07-29 20:49:49.119  1796  1860 E minksocket: MinkIPC ERROR: ( 1796:1860 ) MinkIPC_preProcess:272 Client down, but cannot find corresponding minksession
07-29 20:49:49.119  4848  4848 D RowAnimatorExtImpl: init:tx,view:StatusBarIconView(slot='volume' alpha=1.0 icon=StatusBarIcon(icon=Icon(typ=RESOURCE pkg=com.android.systemui id=0x7f0818f0) visible user=0 ) visibleState=ICON iconColor=#ccffffff staticDrawableColor=#ccffffff decorColor=#ffffffff animationStartColor=#0 currentSetColor=#ccffffff notification=null),translationX:  9.0  0.0  
07-29 20:49:49.119  4848  4848 D RowAnimatorExtImpl: init:tx,view:StatusBarIconView(slot='zen' alpha=1.0 icon=StatusBarIcon(icon=Icon(typ=RESOURCE pkg=com.android.systemui id=0x7f0818e1) visible user=0 ) visibleState=ICON iconColor=#ccffffff staticDrawableColor=#ccffffff decorColor=#ffffffff animationStartColor=#0 currentSetColor=#ccffffff notification=null),translationX:  57.0  48.0  
07-29 20:49:49.119  1796  1845 E minksocket: MinkIPC ERROR: ( 1796:1845 ) MinkIPC_preProcess:272 Client down, but cannot find corresponding minksession
07-29 20:49:49.119  1796  1860 E minksocket: MinkIPC ERROR: ( 1796:1860 ) MinkIPC_preProcess:272 Client down, but cannot find corresponding minksession
07-29 20:49:49.119  4848  4848 D RowAnimatorExtImpl: init:tx,view:StatusBarIconView(slot='volume' alpha=1.0 icon=StatusBarIcon(icon=Icon(typ=RESOURCE pkg=com.android.systemui id=0x7f0818f0) visible user=0 ) visibleState=ICON iconColor=#ccffffff staticDrawableColor=#ccffffff decorColor=#ffffffff animationStartColor=#0 currentSetColor=#ccffffff notification=null),translationX:  9.0  0.0  
07-29 20:49:49.119  1823  1823 I sensors-hal: qsh_qmi:34, qsh_qmi
07-29 20:49:49.119  4848  4848 D RowAnimatorExtImpl: init:tx,view:StatusBarIconView(slot='zen' alpha=1.0 icon=StatusBarIcon(icon=Icon(typ=RESOURCE pkg=com.android.systemui id=0x7f0818e1) visible user=0 ) visibleState=ICON iconColor=#ccffffff staticDrawableColor=#ccffffff decorColor=#ffffffff animationStartColor=#0 currentSetColor=#ccffffff notification=null),translationX:  57.0  48.0  
07-29 20:49:49.119  1823  1823 I sensors-hal: send_sync_sensor_request:443, send sync request
07-29 20:49:49.119  1823  1823 I sensors-hal: send_sync_sensor_request:472, wait for notification of response
07-29 20:49:49.119  4848  4848 D RowAnimatorExtImpl: init:tx,view:StatusBarIconView(slot='volume' alpha=1.0 icon=StatusBarIcon(icon=Icon(typ=RESOURCE pkg=com.android.systemui id=0x7f0818f0) visible user=0 ) visibleState=ICON iconColor=#ccffffff staticDrawableColor=#ccffffff decorColor=#ffffffff animationStartColor=#0 currentSetColor=#ccffffff notification=null),translationX:  9.0  0.0  
07-29 20:49:49.119  4848  4848 D RowAnimatorExtImpl: init:tx,view:StatusBarIconView(slot='zen' alpha=1.0 icon=StatusBarIcon(icon=Icon(typ=RESOURCE pkg=com.android.systemui id=0x7f0818e1) visible user=0 ) visibleState=ICON iconColor=#ccffffff staticDrawableColor=#ccffffff decorColor=#ffffffff animationStartColor=#0 currentSetColor=#ccffffff notification=null),translationX:  57.0  48.0  
07-29 20:49:49.120  1796  1860 E minksocket: MinkIPC ERROR: ( 1796:1860 ) MinkIPC_preProcess:272 Client down, but cannot find corresponding minksession
07-29 20:49:49.120  1796  1845 E minksocket: MinkIPC ERROR: ( 1796:1845 ) MinkIPC_preProcess:272 Client down, but cannot find corresponding minksession
07-29 20:49:49.120  5201  5201 D RadioProxyJ: [PHONE0][89]> getNecData moduleId:1 evtId:[0, 16, 0, 0, 0, 0, 0, 0, 0, 0, 0, 0, 0, 0, 0, 0, 0, 0, 0, 0, 0, 0, 0, 0, 0, 0, 0, 0, 0, 0, 0, 0]
07-29 20:49:49.120  5201  5201 W Settings: Setting airplane_mode_on has moved from android.provider.Settings.System to android.provider.Settings.Global, returning read-only value.
07-29 20:49:49.120  3361  5370 W SensorService: SensorEventConnection sensor handle=1362, package = com.oplus.nas.comm.event.ElevatorEvent enable
07-29 20:49:49.120  3361  5370 E SensorService: Required app com.oplus.nas.comm.event.ElevatorEvent, uid 1000, pid 5000
07-29 20:49:49.121  1823 13090 I sensors-hal: qsh_conn_resp_cb:793, resp_value = 0 for elevator_detect 
07-29 20:49:49.121  3415  3425 D QmiVsClient: getNecData - enter
07-29 20:49:49.121  3415  3425 E QmiVsClient: sendAsyncRequest QMI_VS_GET_NEC_DATA_REQ_MSG_V01 ret 0
07-29 20:49:49.121  1823  1823 I sensors-hal: send_sync_sensor_request:478, takes 1 ms to receive the response with 0
07-29 20:49:49.121  1823  1823 I sensors-hal: activate:131, qti.sensor.elevator_detect/1362 en=1 completed
07-29 20:49:49.121  3415  3896 D QmiVsClient: getNecData callback - enter
07-29 20:49:49.121  3415  3425 D VsProxy : handleMessage msg is 4001
07-29 20:49:49.121  3415  3425 D RadioProxy: getNecData : response cb for instance 0
07-29 20:49:49.122  5201  8212 D RadioProxyJ: [PHONE0][89]< getNecDataResponse ******
07-29 20:49:49.122  3361  4448 D OplusWifiConcurrentManager: isConcurrentCombinationAllowed : createMode= 0, requestType =-1
07-29 20:49:49.122  5201  5201 D MessengerResponseHandler: handleMessage Response msgid 206
07-29 20:49:49.123  3361  5367 D SensorService: 0xb4000073873b8a40 addFd fd=925
07-29 20:49:49.123  3361  5370 D SensorService: Calling batch handle==1362 flags=0rate=200000000 timeout== 0
07-29 20:49:49.123  3361  5370 D SensorService: SensorDevice::batch: ident=0xb40000723e71ae00, handle=0x00000552, flags=0, period_ns=200000000 timeout=0
07-29 20:49:49.123  3361  5370 D SensorService: Calling activate on 1362
07-29 20:49:49.123  3361  5370 D SensorService: SensorDevice::activate: ident=0xb40000723e71ae00, handle=0x00000552, enabled=1, count=2
07-29 20:49:49.123  3361  5370 D SensorService: enable index=0
07-29 20:49:49.123  3361  5370 D SensorService: info.numActiveClients() = 2, info.isActive = 1
07-29 20:49:49.123  3361  5370 D SensorService: activateHardware = 0
07-29 20:49:49.123  3361  5370 D SensorService: 0xb40000723e71ae00 addFd fd=923
07-29 20:49:49.123  5023  5023 D NhsElevatorReceiver: elevator:registerForElevatorDetect  , true mIsElevSensorReg = true
07-29 20:49:49.123  5023  5023 D NhsSceneReceiver: registerSensorMgr start
07-29 20:49:49.123  5023  5023 V SystemSensorManagerExtImpl: RegisterListener oplus_activity_recognition  Wakeup type:33171037 delay:200000us by t0.k$a@5067d99 from com.oplus.nhs
07-29 20:49:49.123  3361  5367 D SensorService: createSensorEventConnection packageName = t0.k, opPackageName = com.oplus.nhs, mCurrentOperatingMode = 0, requestedMode = 0
07-29 20:49:49.123  5000  6027 D ElevatorEvent: elevator:registerForElevatorDetect  , true mIsElevSensorReg = true
07-29 20:49:49.123  5000  6027 D SceneEvent: registerSensorMgr start
07-29 20:49:49.123  5000  6027 D SceneEvent: registerSensorMgr already start,return
07-29 20:49:49.124  3361  5784 W SensorService: SensorEventConnection sensor handle=1372, package = t0.k enable
07-29 20:49:49.124  3361  5784 E SensorService: Required app t0.k, uid 1001, pid 5023
07-29 20:49:49.124  3361  5784 D SensorService: enable sensor send lastEvent 1372
07-29 20:49:49.124  8008  9558 I System.out: 'UBIQUITOUS_SERVICE#assistant_screen#NOT_AT_OFFICE_401' 
07-29 20:49:49.124  3361  5784 D SensorService: Calling batch handle==1372 flags=0rate=200000000 timeout== 0
07-29 20:49:49.124  3361  5784 D SensorService: SensorDevice::batch: ident=0xb40000738a3ee3c0, handle=0x0000055c, flags=0, period_ns=200000000 timeout=0
07-29 20:49:49.124  3361  5784 D SensorService: Calling activate on 1372
07-29 20:49:49.124  3361  5784 D SensorService: SensorDevice::activate: ident=0xb40000738a3ee3c0, handle=0x0000055c, enabled=1, count=4
07-29 20:49:49.124  3361  5784 D SensorService: enable index=3
07-29 20:49:49.124  3361  5784 D SensorService: info.numActiveClients() = 4, info.isActive = 1
07-29 20:49:49.124  3361  5784 D SensorService: activateHardware = 0
07-29 20:49:49.124  3361  5784 D SensorService: 0xb40000738a3ee3c0 addFd fd=917
07-29 20:49:49.124  5023  5023 D NhsSceneReceiver: sensor name is oplus_activity_recognition  Wakeup, registerState:true
07-29 20:49:49.124  8008  9558 I metis_v2_KnowledgeManager: panta-sugg-Fire takes 38 milliseconds. [7f0000011753836548568150807289|p_7289_3cf8632@1|p_8008_acee41a@6|com.oplus.metis]
07-29 20:49:49.124  8008  9558 I ContextAware_PantanalIntentManager: intent (id-14111004+policyName-CLEAN_STORAGE) is not found in scene_intent_config [7f0000011753836548568150807289|p_7289_3cf8632@1|p_8008_acee41a@6|com.oplus.metis]
07-29 20:49:49.124  8008  9558 I metis_v2_SceneTravelingAdapter: recallTravellingIntent: [] [7f0000011753836548568150807289|p_7289_3cf8632@1|p_8008_acee41a@6|com.oplus.metis]
07-29 20:49:49.124  8008  9558 I ContextAware_ContextAware_SceneIntentManager: mLastIntentDataSet: [] [7f0000011753836548568150807289|p_7289_3cf8632@1|p_8008_acee41a@6|com.oplus.metis]
07-29 20:49:49.124  8008  9558 I ContextAware_ContextAware_SceneIntentManager: intentList: [IntentDataDTO(intent=IntentDTO=[sceneId=220500200, intentId=14111005, isExited=false, source=0, ownerId=com.oplus.metis, action=14111005, policyName=SUBSTITUTE_SCENE, serviceId=, sendExitedIntent=true, repeatable=false, sceneScore=-1.0, position=right, level=2, type=1, serviceInstanceId=null, isSupportMultiInstance=false, settingsPreference=null], items=[]), IntentDataDTO(intent=IntentDTO=[sceneId=210000000, intentId=12121002, isExited=true, source=0, ownerId=com.oplus.metis, action=12121002, policyName=TAKEOUT_ORDER_STATUS_CHANGE, serviceId=, sendExitedIntent=false, repeatable=false, sceneScore=-1.0, position=left, level=1, type=1, serviceInstanceId=null, isSupportMultiInstance=false, settingsPreference=null], items=[]), IntentDataDTO(intent=IntentDTO=[sceneId=null, intentId=14111004, isExited=true, source=0, ownerId=com.oplus.metis, action=14111004, policyName=CLEAN_STORAGE, serviceId=, sendExitedIntent=false, repeatable=false, sceneScore=-1.0, position=null, level=0, type=1, serviceInstanceId=null, isSupportMultiInstance=false, settingsPreference=null], items=[]), IntentDataDTO(intent=IntentDTO=[sceneId=null, intentId=12121002, isExited=true, source=0, ownerId=com.oplus.metis, action=12121002, policyName=TAKEOUT_ORDER_STATUS_CHANGE, serviceId=, sendExitedIntent=false, repeatable=false, sceneScore=-1.0, position=null, level=0, type=1, serviceInstanceId=null, isSupportMultiInstance=false, settingsPreference=null], items=[])] [7f0000011753836548568150807289|p_7289_3cf8632@1|p_8008_acee41a@6|com.oplus.metis]
07-29 20:49:49.124  8008  9558 I ContextAware_ContextAware_SceneIntentManager: missedIntent: [] [7f0000011753836548568150807289|p_7289_3cf8632@1|p_8008_acee41a@6|com.oplus.metis]
07-29 20:49:49.124  8008  9558 I metis_v2_SceneIntentManager: panta-sugg-Published intents: [7f0000011753836548568150807289|p_7289_3cf8632@1|p_8008_acee41a@6|com.oplus.metis]
07-29 20:49:49.124  8008  9558 I metis_v2_SceneIntentManager: panta-sugg-IntentDataDTO(intent=IntentDTO=[sceneId=220500200, intentId=14111005, isExited=false, source=0, ownerId=com.oplus.metis, action=14111005, policyName=SUBSTITUTE_SCENE, serviceId=, sendExitedIntent=true, repeatable=false, sceneScore=-1.0, position=right, level=2, type=1, serviceInstanceId=null, isSupportMultiInstance=false, settingsPreference=null], items=[]) [7f0000011753836548568150807289|p_7289_3cf8632@1|p_8008_acee41a@6|com.oplus.metis]
07-29 20:49:49.124  8008  9558 I metis_v2_SceneIntentManager: panta-sugg-IntentDataDTO(intent=IntentDTO=[sceneId=210000000, intentId=12121002, isExited=true, source=0, ownerId=com.oplus.metis, action=12121002, policyName=TAKEOUT_ORDER_STATUS_CHANGE, serviceId=, sendExitedIntent=false, repeatable=false, sceneScore=-1.0, position=left, level=1, type=1, serviceInstanceId=null, isSupportMultiInstance=false, settingsPreference=null], items=[]) [7f0000011753836548568150807289|p_7289_3cf8632@1|p_8008_acee41a@6|com.oplus.metis]
07-29 20:49:49.124  8008  9558 I metis_v2_SceneIntentManager: panta-sugg-IntentDataDTO(intent=IntentDTO=[sceneId=null, intentId=14111004, isExited=true, source=0, ownerId=com.oplus.metis, action=14111004, policyName=CLEAN_STORAGE, serviceId=, sendExitedIntent=false, repeatable=false, sceneScore=-1.0, position=null, level=0, type=1, serviceInstanceId=null, isSupportMultiInstance=false, settingsPreference=null], items=[]) [7f0000011753836548568150807289|p_7289_3cf8632@1|p_8008_acee41a@6|com.oplus.metis]
07-29 20:49:49.124  8008  9558 I metis_v2_SceneIntentManager: panta-sugg-IntentDataDTO(intent=IntentDTO=[sceneId=null, intentId=12121002, isExited=true, source=0, ownerId=com.oplus.metis, action=12121002, policyName=TAKEOUT_ORDER_STATUS_CHANGE, serviceId=, sendExitedIntent=false, repeatable=false, sceneScore=-1.0, position=null, level=0, type=1, serviceInstanceId=null, isSupportMultiInstance=false, settingsPreference=null], items=[]) [7f0000011753836548568150807289|p_7289_3cf8632@1|p_8008_acee41a@6|com.oplus.metis]
07-29 20:49:49.126  5023  5023 D NhsSceneReceiver: onAccuracyChanged
07-29 20:49:49.126  5023  5023 E NhsAppRILMsger: EVENT_REQ_EVENT_DONE Error received :com.android.internal.telephony.CommandException: RADIO_NOT_AVAILABLE
07-29 20:49:49.127  5023  5348 D NhsSceneReceiver: onSensorChanged: name = oplus_activity_recognition  Wakeup
07-29 20:49:49.127  5023  5348 D NhsSceneReceiver: enter still_state
07-29 20:49:49.127  3361  4448 I HalDevMgr: currentModeId=3, requestModeId=3, currentModeIdValid=true
07-29 20:49:49.127  8008  9558 I ContextAware_MetisStatistics: uploadMetisIntentData enter {intent_source=0, intent_action=14111005, exit_type=, rule_name=UBIQUITOUS_SERVICE#secne#activity_coloros_reminder_tips, service_id=, scene_id=220500200, policy_name=SUBSTITUTE_SCENE, is_exited=false, intent_id=14111005, timestamp=1753836589127} [7f0000011753836548568150807289|p_7289_3cf8632@1|p_8008_acee41a@6|com.oplus.metis]
07-29 20:49:49.127  8008  9558 I ContextAware_PantanalIntentManager: getCloudIntentConfig [7f0000011753836548568150807289|p_7289_3cf8632@1|p_8008_acee41a@6|com.oplus.metis]
07-29 20:49:49.127  1836  1836 D WifiHAL : wifi_set_interface_mode: ifname=wlan0 iface_type=0
07-29 20:49:49.128  1836  1836 I android.hardware.wifi-service: Adding interface handle for wifi-aware0
07-29 20:49:49.128  1836  1836 I android.hardware.wifi-service: Adding interface handle for p2p0
07-29 20:49:49.128  1836  1836 I android.hardware.wifi-service: Adding interface handle for wlan0
07-29 20:49:49.128  4992  8790 D QtiOemHookAidl: oemHookRawIndication length=21
07-29 20:49:49.128  4992  4992 D QcrilMsgTunnelIfaceManager: handleMessage what = 0
07-29 20:49:49.129  3361  4448 D HalDevMgr: updateRttController: no one is interested in RTT controllers
07-29 20:49:49.129  3361  4448 E HalDevMgr: removeP2pAndSapCombination do nothing: mIsAddedP2pAndSapCombination = false
07-29 20:49:49.129  1836  1836 W android.hardware.wifi-service: AIBinder_linkToDeath is being called with a non-null cookie and no onUnlink callback set. This might not be intended. AIBinder_DeathRecipient_setOnUnlinked should be called first.
07-29 20:49:49.129  1836  1836 I android.hardware.wifi-service: twtRegisterEvents is not supported-3
07-29 20:49:49.129  1823  7432 I sensors-hal: qsh_conn_event_cb:756, event[0] msg_id=1025, ts=1235272322, sensor_type = oplus_activity_recognition  Wakeup
07-29 20:49:49.129  1823  7432 E sensors-hal: handle_sns_std_sensor_event:72, oplus_activity_recognition output: count: 1.000000, index: 1.000000, incar_state: 0.000000, actvity_mode: 3.000000, delta_time: 0.000000 !
07-29 20:49:49.129  1836  8389 W android.hardware.wifi-service: AIBinder_linkToDeath is being called with a non-null cookie and no onUnlink callback set. This might not be intended. AIBinder_DeathRecipient_setOnUnlinked should be called first.
07-29 20:49:49.130  4916  4916 D QC_RIL_OEM_HOOK: Received Broadcast Intent ACTION_UNSOL_RESPONSE_OEM_HOOK_RAW
07-29 20:49:49.130  5023  5348 D NhsSceneReceiver: onSensorChanged: name = oplus_activity_recognition  Wakeup
07-29 20:49:49.130  4916  4916 D QC_RIL_OEM_HOOK: Received Broadcast Intent ACTION_UNSOL_RESPONSE_OEM_HOOK_RAW
07-29 20:49:49.130  4916  4916 D QC_RIL_OEM_HOOK: Received Broadcast Intent ACTION_UNSOL_RESPONSE_OEM_HOOK_RAW
07-29 20:49:49.130  1836  8389 D WifiHAL : wifi_get_chip_capabilities: max mlo assoc link cnt: 2 str link cnt 2
07-29 20:49:49.130  5000  5403 D SceneEvent: onSensorChanged: name = oplus_activity_recognition  Wakeup
07-29 20:49:49.130  4992  4992 D QC_RIL_OEM_HOOK: Received Broadcast Intent ACTION_UNSOL_RESPONSE_OEM_HOOK_RAW
07-29 20:49:49.130  3361  4448 D WifiNl80211Manager: Setting up interface for client mode: wlan0
07-29 20:49:49.130  2701  2701 I wificond: Current driver country code US
07-29 20:49:49.130  3361  4397 D WifiNl80211Manager: OnRegDomainChanged US
07-29 20:49:49.130  2701  2701 I wificond: createClientInterface: wiphy_index 0 iface_name wlan0
07-29 20:49:49.131  3361  4397 D WifiNative: onCountryCodeChanged: US
07-29 20:49:49.131  3361  4397 I WifiCountryCode: Receive onDriverCountryCodeChanged US
07-29 20:49:49.131  3361  4397 D WifiScanRequestProxy: Sending scan available broadcast: true
07-29 20:49:49.131  3361  4397 I WifiScanRequestProxy: Scanning is enabled
07-29 20:49:49.131  2701  2701 I wificond: create scanner for interface with index: 27
07-29 20:49:49.131  3361  4397 I WifiScanRequestProxy: Scanning for hidden networks is disabled
07-29 20:49:49.131  2701  2701 I wificond: subscribe scan result for interface with index: 27
07-29 20:49:49.131  3361  3361 D OplusWifiBroadCastDispatcher: mBroadcastReceiver: onReceiver  action=android.net.wifi.action.WIFI_SCAN_AVAILABILITY_CHANGED
07-29 20:49:49.131  3361  4574 D OplusWifiPower_ConnLpmEventObsever: onReceive EXTRA_SCAN_AVAILABLE availabe = true
07-29 20:49:49.131  3361  4574 D OplusWifiPowerService: onReceive action:android.net.wifi.action.WIFI_SCAN_AVAILABILITY_CHANGED
07-29 20:49:49.132  3361  4574 D OplusWifiSwitchStateMonitor: scan settings change to true
07-29 20:49:49.132  2701  2701 I wificond: add channel type 0 support at wiphy index: 0
07-29 20:49:49.132  2701  2701 I wificond: add channel type 1 support at wiphy index: 0
07-29 20:49:49.132  3361  4448 I WifiNative: Interface state changed on Iface:{Name=wlan0,Id=1,Type=STA_SCAN}, isUp=true
07-29 20:49:49.132  1836  8389 I WifiHAL : mpdu_size_threshold : 128, aggressive_statistics_gathering : 0
07-29 20:49:49.132  6710  6710 I OsAgent : onReceive: android.net.wifi.action.WIFI_SCAN_AVAILABILITY_CHANGED
07-29 20:49:49.132  3361  4448 I WifiNative: Successfully setup Iface:{Name=wlan0,Id=1,Type=STA_SCAN}
07-29 20:49:49.132  3361  4448 E SupplicantStaIfaceHalAidlImpl: Can't call getKeyMgmtCapabilities, ISupplicantStaIface is null for iface=wlan0
07-29 20:49:49.133  8008  9558 I ContextAware_PantanalIntentManager: getDownLoadConfig [7f0000011753836548568150807289|p_7289_3cf8632@1|p_8008_acee41a@6|com.oplus.metis]
07-29 20:49:49.133  6710  7649 I OsAgent : updateWiFiScanAvailState, scanAvailable: true
07-29 20:49:49.133  6710  7649 D OsAgentAidlClient: [bool_dataitem_update][1570] [HC] =>> [HS]
07-29 20:49:49.134  1818  1879 I LocSvc_SystemStatusOsObserver: sendCachedDataItems:471] DataItem: IS_WIFI_HARDWARE_ON: true >> Wiper
07-29 20:49:49.134  3361  4452 I WifiScanningService: Received a request to enable scanning, UID = 1000
07-29 20:49:49.134  1836  1836 I WifiHAL : wifi_get_supported_radio_combinations_matrix: enter
07-29 20:49:49.134  1836  1836 I WifiHAL : wifi_parse_radio_combinations_matrix: radio_combinations[1]: num_radio_configurations 1
07-29 20:49:49.134  1836  1836 I WifiHAL : wifi_parse_radio_combinations_matrix: radio_combinations[2]: num_radio_configurations 1
07-29 20:49:49.134  1836  1836 I WifiHAL : wifi_parse_radio_combinations_matrix: radio_combinations[3]: num_radio_configurations 1
07-29 20:49:49.134  1836  1836 I WifiHAL : wifi_parse_radio_combinations_matrix: radio_combinations[4]: num_radio_configurations 2
07-29 20:49:49.134  1836  1836 I WifiHAL : wifi_parse_radio_combinations_matrix: radio_combinations[5]: num_radio_configurations 2
07-29 20:49:49.134  1836  1836 I WifiHAL : wifi_parse_radio_combinations_matrix: radio_combinations[6]: num_radio_configurations 2
07-29 20:49:49.134  1836  1836 I WifiHAL : wifi_parse_radio_combinations_matrix: num_radio_combinations 6, radio_matrix_size 100
07-29 20:49:49.135  3361  4448 E SupplicantStaIfaceHalAidlImpl: Can't call getWpaDriverCapabilities, ISupplicantStaIface is null for iface=wlan0
07-29 20:49:49.135  3361  4448 E WifiStaIfaceAidlImpl: getTwtCapabilities failed with service-specific exception: android.os.ServiceSpecificException:  (code 4)
07-29 20:49:49.136  3361  4448 E WifiChipAidlImpl: enableStaChannelForPeerNetwork failed with service-specific exception: android.os.ServiceSpecificException:  (code 4)
07-29 20:49:49.136  3361  4448 D WifiNative: setWifiNativeInterfaceEventCallback
07-29 20:49:49.136  3361  4448 D WifiClientModeManager[60045:wlan0]: entering StartedState
07-29 20:49:49.137  1818  1904 I LocSvc_api_v02: ---> locClientSendReq line 2409 QMI_LOC_NOTIFY_WIFI_ENABLED_STATUS_REQ_V02
07-29 20:49:49.137  5121  6193 D IWlanJni: getDataRegistrationState start
07-29 20:49:49.137  1818  3954 I LocSvc_ApiV02: <--- globalRespCb line 282 QMI_LOC_NOTIFY_WIFI_ENABLED_STATUS_REQ_V02
07-29 20:49:49.138  3361  4448 D WifiClientModeManager[60045:wlan0]: entering ScanOnlyModeState
07-29 20:49:49.138  3361  4448 D WifiScanRequestProxy: Sending scan available broadcast: true
07-29 20:49:49.139  3361  4448 I WifiScanRequestProxy: Scanning is enabled
07-29 20:49:49.139  3361  4448 I WifiScanRequestProxy: Scanning for hidden networks is disabled
07-29 20:49:49.139  1836  8389 E WifiHAL : wifi_get_gscan_capabilities: GSCAN is not supported by driver
07-29 20:49:49.139  3361  4452 E WifiStaIfaceAidlImpl: getBackgroundScanCapabilities failed with service-specific exception: android.os.ServiceSpecificException:  (code 4)
07-29 20:49:49.139  3361  4397 W BestClock: java.time.DateTimeException: Missing network time fix
07-29 20:49:49.139  1836  8389 D WifiHAL : wifi_multi_sta_set_use_case: 0
07-29 20:49:49.139  3361  5370 I OplusBinderProxy: pb uid: 10215 pid: 10954 desc: com.android.internal.telephony.IPhoneStateListener/10
07-29 20:49:49.139  3361  4448 D WifiCountryCode: evaluateAllCmmStateAndApplyIfAllReady: {ConcreteClientModeManager{id=60045 iface=wlan0 role=ROLE_CLIENT_SCAN_ONLY}=true}
07-29 20:49:49.139  3361  4448 D WifiCountryCode: Reading country code from telephony
07-29 20:49:49.139  3361  3361 D OplusWifiBroadCastDispatcher: mBroadcastReceiver: onReceiver  action=android.net.wifi.action.WIFI_SCAN_AVAILABILITY_CHANGED
07-29 20:49:49.140  3361  4452 I WifiScanningService: Created a new impl for wlan0
07-29 20:49:49.140  3361  4452 I WifiScanningService: Received a request to enable scanning, UID = 1000
07-29 20:49:49.140  3361  4448 D WifiCountryCode: Set telephony country code to: 
07-29 20:49:49.140  3361  4452 I WifiScanningService: scanner impls already exists
07-29 20:49:49.140  5201  5201 D SubsysEventListenerManager-SubsysTelephonyCallback[0]: onSignalStrengthsChanged
07-29 20:49:49.140  3361  4448 D WifiCountryCode: updateCountryCode to US
07-29 20:49:49.140  3361  4448 D WifiCountryCode: setCountryCodeNative: US, isClientModeOnly: true mDriverCountryCode: US
07-29 20:49:49.140  3361  4452 I WifiScanningService: wifi driver loaded with scan capabilities: max buckets=16
07-29 20:49:49.140  3361  4452 E WifiScanningService: wifi driver loaded received while already loaded
07-29 20:49:49.140  5121  6202 D IWlanJni: new aidl event arrived
07-29 20:49:49.140  5121  6202 D IWlanJni: handleEvent 10
07-29 20:49:49.140  5121  6202 D IWlanJni: isThreadAttached start
07-29 20:49:49.140  5121  6202 D IWlanJni: jni detached
07-29 20:49:49.140  5121  6202 D IWlanJni: jni attached
07-29 20:49:49.140  5121  6202 D IWlanJni: getDataRegistrationStateResponse start
07-29 20:49:49.140  5121  6202 D IWlanJni: getJavaCallbackClass start
07-29 20:49:49.140  5121  6202 D IWlanJni: getJavaCallbackClass End midIs[1]
07-29 20:49:49.140  5121  6202 I IWlanAidlClient: getDataRegistrationStateResponse called
07-29 20:49:49.141  5121  6193 D IWlanJni: getDataRegistrationState start
07-29 20:49:49.141  1818  3700 E LOCRIL_SESSION: operator():200] SubId: 1 Failed to get sim IO with error: 11
07-29 20:49:49.141  3361  4574 D OplusWifiPower_ConnLpmEventObsever: onReceive EXTRA_SCAN_AVAILABLE availabe = true
07-29 20:49:49.141  3361  4574 D OplusWifiPowerService: onReceive action:android.net.wifi.action.WIFI_SCAN_AVAILABILITY_CHANGED
07-29 20:49:49.141  3361  4574 D OplusWifiSwitchStateMonitor: scan settings change to true
07-29 20:49:49.141  1701  1750 E TetherController: property_get sys.radio.data.modem_share_flag return 0, 1!
07-29 20:49:49.141  6710  6710 I OsAgent : onReceive: android.net.wifi.action.WIFI_SCAN_AVAILABILITY_CHANGED
07-29 20:49:49.142  4916  4916 D OplusTelephonyController: onSignalStrengthChanged: SignalStrength=SignalStrength:{mCdma=CellSignalStrengthCdma: cdmaDbm=2147483647 cdmaEcio=2147483647 evdoDbm=2147483647 evdoEcio=2147483647 evdoSnr=2147483647 level=0,mGsm=CellSignalStrengthGsm: rssi=2147483647 ber=2147483647 mTa=2147483647 mLevel=0,mWcdma=CellSignalStrengthWcdma: ss=2147483647 ber=2147483647 rscp=2147483647 ecno=2147483647 level=0,mTdscdma=CellSignalStrengthTdscdma: rssi=2147483647 ber=2147483647 rscp=2147483647 level=0,mLte=CellSignalStrengthLte: rssi=2147483647 rsrp=2147483647 rsrq=2147483647 rssnr=2147483647 cqiTableIndex=2147483647 cqi=2147483647 ta=2147483647 level=0 parametersUseForLevel=0,mNr=CellSignalStrengthNr:{ csiRsrp = 2147483647 csiRsrq = 2147483647 csiCqiTableIndex = 2147483647 csiCqiReport = [] ssRsrp = 2147483647 ssRsrq = 2147483647 ssSinr = 2147483647 level = 0 parametersUseForLevel = 0 timingAdvance = 2147483647 },primary=CellSignalStrengthLte}
07-29 20:49:49.142  5121  6201 W IWlanNetworkService: 6 > Response Processed
07-29 20:49:49.142  5000  5029 D SaDataService: onTelephonyEventReport , subId= 0,slotId=-1 eventId=6030
07-29 20:49:49.142  5000  5029 D TelephonyImpl: notify eventId:6030 for list size:2
07-29 20:49:49.142  3361  4397 W BestClock: java.time.DateTimeException: Missing network time fix
07-29 20:49:49.142  5201  6124 D VendorTelephonyService: onTelephonyEventReport slotId =0 eventId=6030
07-29 20:49:49.143  6710  7649 I OsAgent : updateWiFiScanAvailState, scanAvailable: true
07-29 20:49:49.143  1818  3700 E LOCRIL_SESSION: operator():241] SubId: 1 Failed to get sim IMSI with error: 11
07-29 20:49:49.143  5201  6124 D VendorTelephonyService: onTelephonyEventReport slotId =0 eventId=6030
07-29 20:49:49.143  5121  6205 D IWlanJni: new aidl event arrived
07-29 20:49:49.143  5121  6205 D IWlanJni: handleEvent 10
07-29 20:49:49.143  5121  6205 D IWlanJni: isThreadAttached start
07-29 20:49:49.143  5121  6205 D IWlanJni: jni detached
07-29 20:49:49.143  3361  4397 W BestClock: java.time.DateTimeException: Missing network time fix
07-29 20:49:49.143  5121  6205 D IWlanJni: jni attached
07-29 20:49:49.143  5121  6205 D IWlanJni: getDataRegistrationStateResponse start
07-29 20:49:49.143  5121  6205 D IWlanJni: getJavaCallbackClass start
07-29 20:49:49.143  5121  6205 D IWlanJni: getJavaCallbackClass End midIs[1]
07-29 20:49:49.143  5121  6205 I IWlanAidlClient: getDataRegistrationStateResponse called
07-29 20:49:49.143  8008  9560 I DeepThinkerSDK: [APP] ClientConnection: getDeepThinkerBridge start
07-29 20:49:49.143  5121  6204 W IWlanNetworkService: 7 > Response Processed
07-29 20:49:49.143  5201  5201 D VendorCallService: notityEventUpdate, eventId:6030, slotId = 0
07-29 20:49:49.143  8008  9560 I DeepThinkerSDK: [APP] ClientConnection: getDeepThinkerBridge end
07-29 20:49:49.144  5000  6014 W BestClock: java.time.DateTimeException: Missing network time fix
07-29 20:49:49.144  5000  6014 V MonthTrafficAlert: getWarningNotification subId:1 numWarningNotificaion:0
07-29 20:49:49.146  1818  3700 E LOCRIL_SESSION: operator():200] SubId: 1 Failed to get sim IO with error: 11
07-29 20:49:49.146  5121  6193 D IWlanJni: getDataRegistrationState start
07-29 20:49:49.146  5121  6205 D IWlanJni: new aidl event arrived
07-29 20:49:49.146  5121  6205 D IWlanJni: handleEvent 10
07-29 20:49:49.146  5121  6205 D IWlanJni: isThreadAttached start
07-29 20:49:49.146  5121  6205 D IWlanJni: jni detached
07-29 20:49:49.146  5121  6193 D IWlanJni: getDataRegistrationState start
07-29 20:49:49.146  5121  6205 D IWlanJni: jni attached
07-29 20:49:49.146  5121  6205 D IWlanJni: getDataRegistrationStateResponse start
07-29 20:49:49.147  5121  6205 D IWlanJni: getJavaCallbackClass start
07-29 20:49:49.147  1818  3700 E LOCRIL_SESSION: operator():241] SubId: 1 Failed to get sim IMSI with error: 11
07-29 20:49:49.147  5121  6205 D IWlanJni: getJavaCallbackClass End midIs[1]
07-29 20:49:49.147  5201  6124 D VendorTelephonyService: onTelephonyEventReport slotId =0 eventId=6030
07-29 20:49:49.147  5201  6124 D VendorTelephonyService: onTelephonyEventReport slotId =0 eventId=6030
07-29 20:49:49.147  5000  5029 D SaDataService: onTelephonyEventReport , subId= 0,slotId=-1 eventId=6030
07-29 20:49:49.147  5000  5029 D TelephonyImpl: notify eventId:6030 for list size:2
07-29 20:49:49.147  5121  6202 D IWlanJni: new aidl event arrived
07-29 20:49:49.147  5121  6202 D IWlanJni: handleEvent 10
07-29 20:49:49.147  5121  6202 D IWlanJni: isThreadAttached start
07-29 20:49:49.147  5121  6202 D IWlanJni: jni detached
07-29 20:49:49.147  5121  6202 D IWlanJni: jni attached
07-29 20:49:49.147  5121  6202 D IWlanJni: getDataRegistrationStateResponse start
07-29 20:49:49.147  5121  6202 D IWlanJni: getJavaCallbackClass start
07-29 20:49:49.147  5121  6202 D IWlanJni: getJavaCallbackClass End midIs[1]
07-29 20:49:49.147  5121  6202 I IWlanAidlClient: getDataRegistrationStateResponse called
07-29 20:49:49.147  5201  5201 D VendorCallService: notityEventUpdate, eventId:6030, slotId = 0
07-29 20:49:49.148  5121  6201 W IWlanNetworkService: 9 > Response Processed
07-29 20:49:49.148  1818  3698 W LOCRIL_SESSION: operator():307] cellInfo list size is 0, Voice state: 3, data state: 3
07-29 20:49:49.149  8008  9558 I ContextAware_PantanalIntentManager: selectNewestConfig, assetVersion 202505301103, downloadVersion 202507161101 [7f0000011753836548568150807289|p_7289_3cf8632@1|p_8008_acee41a@6|com.oplus.metis]
07-29 20:49:49.149  5121  6205 I IWlanAidlClient: getDataRegistrationStateResponse called
07-29 20:49:49.149  5121  6204 W IWlanNetworkService: 8 > Response Processed
07-29 20:49:49.149  3361  5360 W BestClock: java.time.DateTimeException: Missing network time fix
07-29 20:49:49.150  4848  5773 V OplusCustomizeCacheManager: queryCache name: sys.cache.common_customize_cache18014 param: null
07-29 20:49:49.150  4848  5773 V OplusCustomizeCacheManager: queryCache name: sys.cache.common_customize_cache18017 param: Bundle[{SETTING=BLOCK, BUSINESS=NCT-DATA}]
07-29 20:49:49.150  4848  5773 V OplusCustomizeCacheManager: queryCache name: sys.cache.common_customize_cache18013 param: null
07-29 20:49:49.151  4992  5021 D QtiOemHookAidl: oemHookRawIndication length=24
07-29 20:49:49.151  4992  4992 D QcrilMsgTunnelIfaceManager: handleMessage what = 0
07-29 20:49:49.151  4992  8790 D QtiOemHookAidl: oemHookRawIndication length=24
07-29 20:49:49.152  4992  4992 D QcrilMsgTunnelIfaceManager: handleMessage what = 0
07-29 20:49:49.152  5091  5119 I QImsService: ImsRadioIndicationAidl : onRadioStateChanged()[SUB1]
07-29 20:49:49.152  5091  5119 I QImsService: ImsSenderRxr : [UNSL]< UNSOL_RADIO_STATE_CHANGED RADIO_ON[SUB1]
07-29 20:49:49.152  3361  5331 W BestClock: java.time.DateTimeException: Missing network time fix
07-29 20:49:49.153  4992  4992 D QC_RIL_OEM_HOOK: Received Broadcast Intent ACTION_UNSOL_RESPONSE_OEM_HOOK_RAW
07-29 20:49:49.153  4992  4992 D QC_RIL_OEM_HOOK: Received Broadcast Intent ACTION_UNSOL_RESPONSE_OEM_HOOK_RAW
07-29 20:49:49.153  5091  5882 I QImsService: ImsRadioIndicationAidl : onRadioStateChanged()[SUB0]
07-29 20:49:49.153  5091  5882 I QImsService: ImsSenderRxr : [UNSL]< UNSOL_RADIO_STATE_CHANGED RADIO_ON[SUB0]
07-29 20:49:49.153  1974  1974 E PowerMonitorService: Failed to open /proc/horae_qmi (2): No such file or directory
07-29 20:49:49.153  3361  5369 W BestClock: java.time.DateTimeException: Missing network time fix
07-29 20:49:49.154  4848  5773 V OplusCustomizeCacheManager: queryCache name: sys.cache.common_customize_cache18014 param: null
07-29 20:49:49.154  4848  5773 V OplusCustomizeCacheManager: queryCache name: sys.cache.common_customize_cache18017 param: Bundle[{SETTING=BLOCK, BUSINESS=NCT-DATA}]
