07-28 18:55:36.403  5158  6221 D IWlanJni: getDataRegistrationState start
07-28 18:55:36.403  4960  4960 D OplusPowerUpOptimizationImpl: onReceive: org.codeaurora.intent.action.RADIO_POWER_STATE
07-28 18:55:36.403  5158  6234 D IWlanJni: new aidl event arrived
07-28 18:55:36.403  5158  6234 D IWlanJni: handleEvent 10
07-28 18:55:36.403  5158  6234 D IWlanJni: isThreadAttached start
07-28 18:55:36.403  4960  5672 D OplusPowerUpOptimizationImpl: handleMessage what = 6
07-28 18:55:36.403  4960  5672 D OplusPowerUpOptimizationImpl: radio is available for slot: 0
07-28 18:55:36.403  4960  5672 D OplusPowerUpOptimizationImpl: trySendPhoneReady for slot: 0
07-28 18:55:36.403  4960  5672 D OplusPowerUpOptimizationImpl: Not sending ATEL ready: States: [0: {true, true, true, true}]
07-28 18:55:36.403  5158  6234 D IWlanJni: jni detached
07-28 18:55:36.403  5158  6234 D IWlanJni: jni attached
07-28 18:55:36.404  5158  6234 D IWlanJni: getDataRegistrationStateResponse start
07-28 18:55:36.404  5158  6234 D IWlanJni: getJavaCallbackClass start
07-28 18:55:36.404  5158  6234 D IWlanJni: getJavaCallbackClass End midIs[1]
07-28 18:55:36.404  5158  6234 I IWlanAidlClient: getDataRegistrationStateResponse called
07-28 18:55:36.404  5158  6233 W IWlanNetworkService: 11 > Response Processed
07-28 18:55:36.404  5083  8066 D txpwrJni: new aidl event arrived
07-28 18:55:36.404  5083  8066 D txpwrJni: handleEvent 1
07-28 18:55:36.404  5083  8066 D txpwrJni: isThreadAttached start
07-28 18:55:36.404  5083  8066 D txpwrJni: jni detached
07-28 18:55:36.404  5083  8066 D txpwrJni: jni attached
07-28 18:55:36.404  5083  8066 D txpwrJni: getRadioStatus start
07-28 18:55:36.404  5083  8066 D txpwrJni: getJavaCallbackClass start
07-28 18:55:36.404  5083  8066 D txpwrJni: getJavaCallbackClass End midIs[1]
07-28 18:55:36.404  5083  7490 D txpwrJni: sendRadioStatus start
07-28 18:55:36.405  4960  4960 D CiWlanNotificationReceiver: ACTION_RADIO_POWER_STATE_CHANGED
07-28 18:55:36.406  5083  8066 D txpwrJni: new aidl event arrived
07-28 18:55:36.406  5083  8066 D txpwrJni: handleEvent 1
07-28 18:55:36.406  5083  8066 D txpwrJni: isThreadAttached start
07-28 18:55:36.406  5083  8066 D txpwrJni: jni detached
07-28 18:55:36.406  5083  8066 D txpwrJni: jni attached
07-28 18:55:36.406  5083  8066 D txpwrJni: getRadioStatus start
07-28 18:55:36.406  5083  8066 D txpwrJni: getJavaCallbackClass start
07-28 18:55:36.406  5083  8066 D txpwrJni: getJavaCallbackClass End midIs[1]
07-28 18:55:36.406  5083  7490 D txpwrJni: sendRadioStatus start
07-28 18:55:36.407  5158  6221 D IWlanJni: getDataRegistrationState start
07-28 18:55:36.407  5158  6228 D IWlanJni: new aidl event arrived
07-28 18:55:36.407  5158  6228 D IWlanJni: handleEvent 10
07-28 18:55:36.407  5158  6228 D IWlanJni: isThreadAttached start
07-28 18:55:36.407  5158  6228 D IWlanJni: jni detached
07-28 18:55:36.407  5158  6228 D IWlanJni: jni attached
07-28 18:55:36.407  5158  6228 D IWlanJni: getDataRegistrationStateResponse start
07-28 18:55:36.407  5158  6228 D IWlanJni: getJavaCallbackClass start
07-28 18:55:36.407  5158  6228 D IWlanJni: getJavaCallbackClass End midIs[1]
07-28 18:55:36.407  5158  6228 I IWlanAidlClient: getDataRegistrationStateResponse called
07-28 18:55:36.407  5158  6227 W IWlanNetworkService: 12 > Response Processed
07-28 18:55:36.408  5158  6221 D IWlanJni: getDataRegistrationState start
07-28 18:55:36.408  3333  4499 V NetworkPolicy: updateNotificationsNL not process
07-28 18:55:36.408  3333  4599 D CmccSliceManagerService: ACTION_DDS_SWITCH_DONE
07-28 18:55:36.408  3333  4599 D CmccSliceManagerService: cleanUpAndRestartSlice
07-28 18:55:36.408  3333  4599 D CmccSliceManagerService: cleanUpSlice
07-28 18:55:36.408  3333  4599 D CmccSliceManagerService: cleanUpSlice qcom
07-28 18:55:36.408  3333  4599 D CmccSliceManagerService: getDefaultDataSlotId0, subid: 1
07-28 18:55:36.409  4879  4879 I KeyguardUpdateMonitor: refreshSimState, changed:false,subId:1,slotId:0,state:5
07-28 18:55:36.408  5030  5942 D CellularEvent: onActiveDataSubscriptionIdChanged sub id:1
07-28 18:55:36.409  3333  4599 E ActivityThread: Failed to find provider info for com.cmccslice.proxyapp.provider
07-28 18:55:36.409  3333  4599 D CmccSliceManagerService: loadUrsp qcomCursor=null, count=-1, slotId=0
07-28 18:55:36.409  3333  4599 D CmccSliceManagerService: loadUrsp: qcomCursor=[]
07-28 18:55:36.409  3333  4599 D CmccSliceManagerService: isFeatureEnable , rus : false Feature : false
07-28 18:55:36.409  3333  4599 D CmccSliceManagerService: requestSliceNetwork: feature not enabled
07-28 18:55:36.409  3333  4599 D CmccSliceManagerService: cleanUpAndRestartSlice qcom
07-28 18:55:36.409  5158  5158 D QCNEJ/WwanInfoRelay: onActiveSubscriptionsChanged activeCurrDDSId: 1 new DDS 1
07-28 18:55:36.409  4879  5172 I SystemUi--QuickSettings: Tile.OplusCellularTile-->updateCarrierText: dialog not showing, ignore
07-28 18:55:36.409  5158  5158 D QCNEJ/WwanInfoRelay: onActiveSubscriptionsChanged activeCurrDDSId: 1 new DDS 1
07-28 18:55:36.409  5158  6234 D IWlanJni: new aidl event arrived
07-28 18:55:36.410  5158  6234 D IWlanJni: handleEvent 10
07-28 18:55:36.410  5158  6234 D IWlanJni: isThreadAttached start
07-28 18:55:36.410  5158  6234 D IWlanJni: jni detached
07-28 18:55:36.410  4879  5172 D SimStateHelper: slot:0, lock state:Bundle[mParcelledData.dataSize=56]
07-28 18:55:36.410  5158  6234 D IWlanJni: jni attached
07-28 18:55:36.410  5158  6234 D IWlanJni: getDataRegistrationStateResponse start
07-28 18:55:36.410  5158  6234 D IWlanJni: getJavaCallbackClass start
07-28 18:55:36.410  5158  6234 D IWlanJni: getJavaCallbackClass End midIs[1]
07-28 18:55:36.410  5158  6234 I IWlanAidlClient: getDataRegistrationStateResponse called
07-28 18:55:36.410  4879  5172 D SimStateHelper: slot:1, lock state:Bundle[mParcelledData.dataSize=56]
07-28 18:55:36.410  4879  5172 D SimStateHelper: needDisableMenu: slot1State=-1; slot2State=-1
07-28 18:55:36.410  4879  5172 D SimStateHelper: needDisableMenu:false
07-28 18:55:36.410  4960  4960 D QC_RIL_OEM_HOOK: Received Broadcast Intent ACTION_UNSOL_RESPONSE_OEM_HOOK_RAW
07-28 18:55:36.410  4960  4960 D QC_RIL_OEM_HOOK: Received Broadcast Intent ACTION_UNSOL_RESPONSE_OEM_HOOK_RAW
07-28 18:55:36.410  4960  4960 D QC_RIL_OEM_HOOK: Received Broadcast Intent ACTION_UNSOL_RESPONSE_OEM_HOOK_RAW
07-28 18:55:36.410  4960  4960 D OplusPowerUpOptimizationImpl: onReceive: org.codeaurora.intent.action.RADIO_POWER_STATE
07-28 18:55:36.410  5158  6233 W IWlanNetworkService: 13 > Response Processed
07-28 18:55:36.411  4960  5672 D OplusPowerUpOptimizationImpl: handleMessage what = 6
07-28 18:55:36.411  4960  5672 D OplusPowerUpOptimizationImpl: radio is available for slot: 1
07-28 18:55:36.411  4960  5672 D OplusPowerUpOptimizationImpl: trySendPhoneReady for slot: 1
07-28 18:55:36.411  4960  5672 D OplusPowerUpOptimizationImpl: Not sending ATEL ready: States: [1: {true, true, true, true}]
07-28 18:55:36.411  4960  4960 D CiWlanNotificationReceiver: ACTION_RADIO_POWER_STATE_CHANGED
07-28 18:55:36.412  4960  4960 D Telephony: isEmergencyPreferredAccount: subId=1, activeData=1
07-28 18:55:36.412  4960  4960 D Telephony: isEmergencyPreferredAccount: Device does not require preference.
07-28 18:55:36.412  4960  4960 D InternationalRoamingNotification: init
07-28 18:55:36.413  5230  6315 D VirtualCommService2: isSupport. true, true
07-28 18:55:36.413  4960  4960 D OplusVirtualCommUtils: isVirtualCommSupport, vRet: true
07-28 18:55:36.413  4960  4960 I OplusVirtualCommUtils: getVirtualCommDeviceType, vRet: 1
07-28 18:55:36.413  4960  4960 I OplusVirtualCommUtils: isConsumerDeviceType, deviceType: 1
07-28 18:55:36.414  4960  4960 D InternationalRoamingNotification: do not createRoamingNotification for invalid Network
07-28 18:55:36.414  3333  5212 W BestClock: java.time.DateTimeException: Missing network time fix
07-28 18:55:36.415  3333  5181 W BestClock: java.time.DateTimeException: Missing network time fix
07-28 18:55:36.416  4879  5673 V OplusCustomizeCacheManager: queryCache name: sys.cache.common_customize_cache18014 param: null
07-28 18:55:36.416  4879  5673 V OplusCustomizeCacheManager: queryCache name: sys.cache.common_customize_cache18017 param: Bundle[{SETTING=BLOCK, BUSINESS=NCT-DATA}]
07-28 18:55:36.416  4879  5673 V OplusCustomizeCacheManager: queryCache name: sys.cache.common_customize_cache18013 param: null
07-28 18:55:36.416  4879  5073 I SystemUi--Statusbar: NetworkController.WifiSignalController-->wifi Broadcast action = android.telephony.action.SERVICE_PROVIDERS_UPDATED state=1 enabled=false connected=false isDefaultNetwork=false rssi=0 level=0 statusLabel = null isDirty = false
07-28 18:55:36.416  4879  5172 I SystemUi--QuickSettings: Tile.OplusCellularTile-->updateCarrierText: dialog not showing, ignore
07-28 18:55:36.416  4879  5172 D SimStateHelper: slot:0, lock state:Bundle[mParcelledData.dataSize=56]
07-28 18:55:36.416  4879  5172 D SimStateHelper: slot:1, lock state:Bundle[mParcelledData.dataSize=56]
07-28 18:55:36.416  4879  5172 D SimStateHelper: needDisableMenu: slot1State=-1; slot2State=-1
07-28 18:55:36.416  4879  5172 D SimStateHelper: needDisableMenu:false
07-28 18:55:36.417  3333  5181 W ContextImpl: Calling a method in the system process without a qualified user: android.app.ContextImpl.sendBroadcastMultiplePermissions:1311 android.content.Context.sendBroadcastMultiplePermissions:2524 com.android.server.TelephonyRegistry.broadcastServiceStateChanged:3740 com.android.server.TelephonyRegistry.notifyServiceStateForPhoneId:1787 com.android.internal.telephony.ITelephonyRegistry$Stub.onTransact:546 
07-28 18:55:36.418  3333  5181 W ContextImpl: Calling a method in the system process without a qualified user: android.app.ContextImpl.sendBroadcastMultiplePermissions:1344 com.android.server.TelephonyRegistry.broadcastServiceStateChanged:3745 com.android.server.TelephonyRegistry.notifyServiceStateForPhoneId:1787 com.android.internal.telephony.ITelephonyRegistry$Stub.onTransact:546 android.os.Binder.execTransactInternal:1523 
07-28 18:55:36.419  3333  5181 W ContextImpl: Calling a method in the system process without a qualified user: android.app.ContextImpl.sendBroadcastMultiplePermissions:1344 com.android.server.TelephonyRegistry.broadcastServiceStateChanged:3754 com.android.server.TelephonyRegistry.notifyServiceStateForPhoneId:1787 com.android.internal.telephony.ITelephonyRegistry$Stub.onTransact:546 android.os.Binder.execTransactInternal:1523 
07-28 18:55:36.420  4879  4879 I KeyguardUpdateMonitor: action=android.intent.action.SERVICE_STATE subId=-1 slotId=1
07-28 18:55:36.420  4879  4879 W KeyguardUpdateMonitorLog: invalid subId in handleServiceStateChange()
07-28 18:55:36.420  4879  5172 I SystemUi--QuickSettings: Tile.OplusCellularTile-->updateCarrierText: dialog not showing, ignore
07-28 18:55:36.420  3333  5181 W ContextImpl: Calling a method in the system process without a qualified user: android.app.ContextImpl.sendBroadcastMultiplePermissions:1344 com.android.server.TelephonyRegistry.broadcastServiceStateChanged:3760 com.android.server.TelephonyRegistry.notifyServiceStateForPhoneId:1787 com.android.internal.telephony.ITelephonyRegistry$Stub.onTransact:546 android.os.Binder.execTransactInternal:1523 
07-28 18:55:36.421  4879  5172 D SimStateHelper: slot:0, lock state:Bundle[mParcelledData.dataSize=56]
07-28 18:55:36.421  4879  5172 D SimStateHelper: slot:1, lock state:Bundle[mParcelledData.dataSize=56]
07-28 18:55:36.421  4879  5172 D SimStateHelper: needDisableMenu: slot1State=-1; slot2State=-1
07-28 18:55:36.421  4879  5172 D SimStateHelper: needDisableMenu:false
07-28 18:55:36.422  5877  5877 D CellBroadcastReceiver: onReceive Intent { act=android.intent.action.SERVICE_STATE flg=0x1000010 cmp=com.android.cellbroadcastreceiver.module/com.android.cellbroadcastreceiver.CellBroadcastReceiver (has extras) }
07-28 18:55:36.423  4879  5172 I SystemUi--QuickSettings: Tile.OplusCellularTile-->updateCarrierText: dialog not showing, ignore
07-28 18:55:36.423  5877  5877 D CellBroadcastReceiver: onServiceStateChanged, ss: 1
07-28 18:55:36.423  5877  5877 D CellBroadcastReceiver: networkOperator: 
07-28 18:55:36.423  4879  5172 D SimStateHelper: slot:0, lock state:Bundle[mParcelledData.dataSize=56]
07-28 18:55:36.423  4879  5172 D SimStateHelper: slot:1, lock state:Bundle[mParcelledData.dataSize=56]
07-28 18:55:36.423  4879  5172 D SimStateHelper: needDisableMenu: slot1State=-1; slot2State=-1
07-28 18:55:36.423  4879  5172 D SimStateHelper: needDisableMenu:false
07-28 18:55:36.424  5877  5877 D CellBroadcastReceiver: mockmodem is running? = false
07-28 18:55:36.424  5877  5877 D CellBroadcastReceiver: Start Cell Broadcast configuration for intent=ACTION_ENABLE_CHANNELS
07-28 18:55:36.424  4960  4960 D ServiceStateProvider: subId=1
07-28 18:55:36.424  3333  4658 V SettingsProvider: deleteSystemSetting(OPLUS_SLA_LAST_MCC, 0)
07-28 18:55:36.424  3333  4658 D SettingsProvider: delete system settings OPLUS_****_MCC pkg is  android user id is 0
07-28 18:55:36.425  5113  5113 I QImsService: OplusPhoneStateTracker : onServiceStateChanged
07-28 18:55:36.426  5113  5113 I QImsService: OplusPhoneStateTracker : onServiceStateChanged
07-28 18:55:36.427  3333  5181 W ContextImpl: Calling a method in the system process without a qualified user: android.app.ContextImpl.sendBroadcastMultiplePermissions:1311 android.content.Context.sendBroadcastMultiplePermissions:2524 com.android.server.TelephonyRegistry.broadcastServiceStateChanged:3740 com.android.server.TelephonyRegistry.notifyServiceStateForPhoneId:1787 com.android.internal.telephony.ITelephonyRegistry$Stub.onTransact:546 
07-28 18:55:36.427  3333  4658 W OplusSlaManager: updateMCC curMCC empty!
07-28 18:55:36.427  5230  5230 D SubsysEventListenerManager-SubsysTelephonyCallback[0]: onServiceStateChanged
07-28 18:55:36.427  5030  5942 D T-Recommend: onPreHandleMessage 1000
07-28 18:55:36.428  5030  5945 D OplusLinkBoostCommon: dds servicestate change
07-28 18:55:36.428  5030  5942 E CellularEvent: nri null ps
07-28 18:55:36.428  5030  5942 E CellularEvent: invalid nri
07-28 18:55:36.428  5030  5942 D T-Recommend: onPostHandleMessage 1000
07-28 18:55:36.428  5030  5946 D NAS-CallIssueDetector: onServiceStateChanged
07-28 18:55:36.428  4879  5298 I SystemUi--Statusbar: MobileConnectionRepositoryImpl-->subId:1 isSoftSimCard:false slotId:0
07-28 18:55:36.428  5030  5946 D OplusCiwlanController: [vodata] processServiceStateChanged  phoneid = 0, original roaming type = -1,roaming type = 0
07-28 18:55:36.428  5030  5946 D OplusCiwlanController: [vodata] processServiceStateChanged  phoneid = 1, original roaming type = -1,roaming type = 0
07-28 18:55:36.428  5230  6103 D EfsNvDumpUnit[0]: onServiceStateChanged: voice reg state: OUT_OF_SERVICE data reg state: OUT_OF_SERVICE
07-28 18:55:36.428  5230  6103 D cellularState[0]: handleMessage: E msg.what=4
07-28 18:55:36.428  3333  5181 W ContextImpl: Calling a method in the system process without a qualified user: android.app.ContextImpl.sendBroadcastMultiplePermissions:1344 com.android.server.TelephonyRegistry.broadcastServiceStateChanged:3745 com.android.server.TelephonyRegistry.notifyServiceStateForPhoneId:1787 com.android.internal.telephony.ITelephonyRegistry$Stub.onTransact:546 android.os.Binder.execTransactInternal:1523 
07-28 18:55:36.428  5230  6103 D cellularState[0]: processMsg: DataCallingState
07-28 18:55:36.428  5230  6103 D cellularState[0]: processMsg: NetworkAttachedState
07-28 18:55:36.428  5230  6103 D cellularState[0]: processMsg: SimReadyState
07-28 18:55:36.428  5230  6103 D cellularState[0]: processMsg: DefaultState
07-28 18:55:36.428  5230  6103 E cellularState[0]:  - unhandledMessage: msg.what=4
07-28 18:55:36.428  5230  6103 D cellularState[0]: handleMessage: X
07-28 18:55:36.428  5230  5230 D ChinaRoamingControl: registTelephonyEvent onServiceStateChanged eventId:5, VoiceRegState:1, DataRegState:1
07-28 18:55:36.429  5230  5230 D QuickChangeAirplaneModeEvent: onServiceStateChanged slotId:0
07-28 18:55:36.429  5230  5230 D QuickChangeAirplaneModeEvent: isBothCardInService is false
07-28 18:55:36.429  4879  4879 I KeyguardUpdateMonitor: action=android.intent.action.SERVICE_STATE subId=1 slotId=0
07-28 18:55:36.429  5230  5230 D MsimSubModeManager: registTelephonyEvent onServiceStateChanged eventId:3, VoiceRegState:1, DataRegState:1
07-28 18:55:36.429  5030  5948 D OplusSubWaySlowRecovery: getPreferSubId return 1
07-28 18:55:36.429  5230  5230 E ExtremeCommUtils: getSwitchRusSupportMcc invalid index 1
07-28 18:55:36.429  4879  5172 I SystemUi--QuickSettings: Tile.OplusCellularTile-->updateCarrierText: dialog not showing, ignore
07-28 18:55:36.429  5230  5230 D ExtremeCommUtils: isSupporCheck rusContain:false,propContain(persist.sys.oplus.support_hyper_uplink_mcc):false
07-28 18:55:36.429  5230  5230 D ExtremeCommService: handleServiceStateChanged mcc is null
07-28 18:55:36.430  5230  5230 D ChinaRoamingControl: handleMessage what:5
07-28 18:55:36.430  5230  5230 D MsimSubModeManager: handleMessage what:3
07-28 18:55:36.430  5230  5230 D MsimSubModeManager: getMsimSimServiceIn() i:0,mServiceState:1
07-28 18:55:36.430  5230  5230 D MsimSubModeManager: getMsimSimServiceIn() i:1,mServiceState:1
07-28 18:55:36.430  5030  5948 D SaDataFailRecovery/0: current is not in service,reset alarm
07-28 18:55:36.430  5030  5948 D OplusScanQrCodeRecoveryImpl: msg.what=3
07-28 18:55:36.430  3333  5181 W ContextImpl: Calling a method in the system process without a qualified user: android.app.ContextImpl.sendBroadcastMultiplePermissions:1344 com.android.server.TelephonyRegistry.broadcastServiceStateChanged:3754 com.android.server.TelephonyRegistry.notifyServiceStateForPhoneId:1787 com.android.internal.telephony.ITelephonyRegistry$Stub.onTransact:546 android.os.Binder.execTransactInternal:1523 
07-28 18:55:36.430  4879  5172 D SimStateHelper: slot:0, lock state:Bundle[mParcelledData.dataSize=56]
07-28 18:55:36.430  3333  5181 W ContextImpl: Calling a method in the system process without a qualified user: android.app.ContextImpl.sendBroadcastMultiplePermissions:1344 com.android.server.TelephonyRegistry.broadcastServiceStateChanged:3760 com.android.server.TelephonyRegistry.notifyServiceStateForPhoneId:1787 com.android.internal.telephony.ITelephonyRegistry$Stub.onTransact:546 android.os.Binder.execTransactInternal:1523 
07-28 18:55:36.430  4879  5172 D SimStateHelper: slot:1, lock state:Bundle[mParcelledData.dataSize=56]
07-28 18:55:36.430  4879  5172 D SimStateHelper: needDisableMenu: slot1State=-1; slot2State=-1
07-28 18:55:36.430  4879  5172 D SimStateHelper: needDisableMenu:false
07-28 18:55:36.430  3333  4510 D ConnectivityService: unregister offer from providerId 5 : NetworkOffer [ Provider Id (5) Score(Policies : YIELD_TO_BAD_WIFI&TRANSPORT_PRIMARY&EVER_EVALUATED&IS_UNMETERED&EVER_VALIDATED&IS_VALIDATED ; KeepConnected : 0) Caps [ Transports: CELLULAR|SATELLITE Capabilities: MMS&SUPL&DUN&FOTA&IMS&CBS&IA&RCS&XCAP&EIMS&INTERNET&NOT_RESTRICTED&TRUSTED&NOT_VPN&MCX&NOT_VCN_MANAGED&ENTERPRISE&VSIM&BIP&MMTEL&PRIORITIZE_LATENCY&PRIORITIZE_BANDWIDTH&NOT_BANDWIDTH_CONSTRAINED Specifier: <TelephonyNetworkSpecifier [mSubId = 1]> EnterpriseId: 1&2&3&4&5 UnderlyingNetworks: Null] Needed by [53, 167, 258, 222, 277, 176, 15, 162, 251, 72, 7, 85, 273, 238, 240, 32, 34, 244, 169, 92, 264, 46, 212, 183, 279, 64, 204, 187, 191, 56, 193, 152, 61, 140, 36, 28, 26, 196, 40, 208, 164, 246, 156, 171, 94, 180, 260, 275, 38, 160, 9, 117, 50, 269, 1, 48, 158, 90, 154, 248, 42, 102, 70, 18, 232, 189, 266, 148, 281, 142, 30, 206, 81, 256, 217, 226, 78, 228, 271, 137, 174, 24, 201, 58, 112, 44, 185, 215, 133]]
07-28 18:55:36.430  3333  4510 D ConnectivityService: update offer from providerId 5 new : NetworkOffer [ Provider Id (5) Score(Policies : YIELD_TO_BAD_WIFI&TRANSPORT_PRIMARY&EVER_EVALUATED&IS_UNMETERED&EVER_VALIDATED&IS_VALIDATED ; KeepConnected : 0) Caps [ Transports: CELLULAR|SATELLITE Capabilities: MMS&SUPL&DUN&FOTA&IMS&CBS&IA&RCS&XCAP&EIMS&INTERNET&NOT_RESTRICTED&TRUSTED&NOT_VPN&MCX&NOT_VCN_MANAGED&ENTERPRISE&VSIM&BIP&MMTEL&PRIORITIZE_LATENCY&PRIORITIZE_BANDWIDTH&NOT_BANDWIDTH_CONSTRAINED Specifier: <TelephonyNetworkSpecifier [mSubId = 1]> EnterpriseId: 1&2&3&4&5 UnderlyingNetworks: Null] Needed by [53, 167, 258, 222, 277, 176, 15, 162, 251, 72, 7, 85, 273, 238, 240, 32, 34, 244, 169, 92, 264, 46, 212, 183, 279, 64, 204, 187, 191, 56, 193, 152, 61, 140, 36, 28, 26, 196, 40, 208, 164, 246, 156, 171, 94, 180, 260, 275, 38, 160, 9, 117, 50, 269, 1, 48, 158, 90, 154, 248, 42, 102, 70, 18, 232, 189, 266, 148, 281, 142, 30, 206, 81, 256, 217, 226, 78, 228, 271, 137, 174, 24, 201, 58, 112, 44, 185, 215, 133]]
07-28 18:55:36.431  5877  5877 D CellBroadcastReceiver: onReceive Intent { act=android.intent.action.SERVICE_STATE flg=0x1000010 cmp=com.android.cellbroadcastreceiver.module/com.android.cellbroadcastreceiver.CellBroadcastReceiver (has extras) }
07-28 18:55:36.431  3333  3684 D LocationManagerService: passive provider added registration from 1000/android[CountryDetector]/90D1500C -> Request[PASSIVE, minUpdateInterval=0, WorkSource{1000 android}] permissionLevel: 2 permitted: true
07-28 18:55:36.431  5877  5877 D CellBroadcastReceiver: onServiceStateChanged, ss: 1
07-28 18:55:36.431  3333  5181 W BestClock: java.time.DateTimeException: Missing network time fix
07-28 18:55:36.431  5877  5877 D CellBroadcastReceiver: networkOperator: 
07-28 18:55:36.431  3333  4510 D ConnectivityService: unregister offer from providerId 6 : NetworkOffer [ Provider Id (6) Score(Policies : YIELD_TO_BAD_WIFI&EVER_EVALUATED&IS_UNMETERED&EVER_VALIDATED&IS_VALIDATED ; KeepConnected : 0) Caps [ Transports: CELLULAR|SATELLITE Capabilities: MMS&SUPL&DUN&FOTA&IMS&CBS&IA&RCS&XCAP&EIMS&INTERNET&NOT_RESTRICTED&TRUSTED&NOT_VPN&MCX&NOT_VCN_MANAGED&ENTERPRISE&VSIM&BIP&MMTEL&PRIORITIZE_LATENCY&PRIORITIZE_BANDWIDTH&NOT_BANDWIDTH_CONSTRAINED Specifier: <TelephonyNetworkSpecifier [mSubId = -1]> EnterpriseId: 1&2&3&4&5 UnderlyingNetworks: Null] Needed by [53, 167, 258, 222, 277, 176, 15, 162, 251, 72, 7, 85, 273, 238, 240, 32, 34, 244, 169, 92, 264, 46, 212, 183, 279, 64, 204, 187, 191, 56, 193, 152, 61, 140, 36, 28, 26, 196, 40, 208, 164, 246, 156, 171, 94, 180, 260, 275, 38, 160, 9, 117, 50, 269, 1, 48, 158, 90, 154, 248, 42, 102, 70, 18, 232, 189, 266, 148, 281, 142, 30, 206, 81, 256, 217, 226, 78, 228, 271, 137, 174, 24, 201, 58, 112, 44, 185, 215, 133]]
07-28 18:55:36.431  3333  4510 D ConnectivityService: update offer from providerId 6 new : NetworkOffer [ Provider Id (6) Score(Policies : YIELD_TO_BAD_WIFI&EVER_EVALUATED&IS_UNMETERED&EVER_VALIDATED&IS_VALIDATED ; KeepConnected : 0) Caps [ Transports: CELLULAR|SATELLITE Capabilities: MMS&SUPL&DUN&FOTA&IMS&CBS&IA&RCS&XCAP&EIMS&INTERNET&NOT_RESTRICTED&TRUSTED&NOT_VPN&MCX&NOT_VCN_MANAGED&ENTERPRISE&VSIM&BIP&MMTEL&PRIORITIZE_LATENCY&PRIORITIZE_BANDWIDTH&NOT_BANDWIDTH_CONSTRAINED Specifier: <TelephonyNetworkSpecifier [mSubId = -1]> EnterpriseId: 1&2&3&4&5 UnderlyingNetworks: Null] Needed by [53, 167, 258, 222, 277, 176, 15, 162, 251, 72, 7, 85, 273, 238, 240, 32, 34, 244, 169, 92, 264, 46, 212, 183, 279, 64, 204, 187, 191, 56, 193, 152, 61, 140, 36, 28, 26, 196, 40, 208, 164, 246, 156, 171, 94, 180, 260, 275, 38, 160, 9, 117, 50, 269, 1, 48, 158, 90, 154, 248, 42, 102, 70, 18, 232, 189, 266, 148, 281, 142, 30, 206, 81, 256, 217, 226, 78, 228, 271, 137, 174, 24, 201, 58, 112, 44, 185, 215, 133]]
07-28 18:55:36.432  5877 13090 D CellBroadcastConfigService: Enable CellBroadcast on sub 1
07-28 18:55:36.432  4960  4971 W System  : A resource failed to call AbstractCursor.close. 
07-28 18:55:36.432  4960  4971 W System  : A resource failed to call AbstractCursor.close. 
07-28 18:55:36.432  4960  4971 W System  : A resource failed to call AbstractCursor.close. 
07-28 18:55:36.432  4960  4971 W System  : A resource failed to call AbstractCursor.close. 
07-28 18:55:36.432  4960  4971 W System  : A resource failed to call AbstractCursor.close. 
07-28 18:55:36.432  3333  4918 W BestClock: java.time.DateTimeException: Missing network time fix
07-28 18:55:36.433  4879  5673 V OplusCustomizeCacheManager: queryCache name: sys.cache.common_customize_cache18014 param: null
07-28 18:55:36.433  4879  5673 V OplusCustomizeCacheManager: queryCache name: sys.cache.common_customize_cache18017 param: Bundle[{SETTING=BLOCK, BUSINESS=NCT-DATA}]
07-28 18:55:36.433  4879  5673 V OplusCustomizeCacheManager: queryCache name: sys.cache.common_customize_cache18013 param: null
07-28 18:55:36.433  4960  4960 V OplusCustomizeCacheManager: queryCache name: sys.cache.common_customize_cache18016 param: null
07-28 18:55:36.433  4960  4960 V OplusCustomizeCacheManager: queryCache name: sys.cache.common_customize_cache18013 param: null
07-28 18:55:36.433  4960  4960 V OplusCustomizeCacheManager: queryCache name: sys.cache.common_customize_cache18014 param: null
07-28 18:55:36.433  4960  4960 V OplusCustomizeCacheManager: queryCache name: sys.cache.common_customize_cache18017 param: Bundle[{SETTING=BLOCK, BUSINESS=NCT-DATA}]
07-28 18:55:36.434  4960  4960 V OplusCustomizeCacheManager: queryCache name: sys.cache.common_customize_cache18016 param: null
07-28 18:55:36.434  4960  4960 V OplusCustomizeCacheManager: queryCache name: sys.cache.common_customize_cache18013 param: null
07-28 18:55:36.434  4960  4960 V OplusCustomizeCacheManager: queryCache name: sys.cache.common_customize_cache18014 param: null
07-28 18:55:36.434  4960  4960 V OplusCustomizeCacheManager: queryCache name: sys.cache.common_customize_cache18017 param: Bundle[{SETTING=BLOCK, BUSINESS=NCT-DATA}]
07-28 18:55:36.435  3333  5181 W BestClock: java.time.DateTimeException: Missing network time fix
07-28 18:55:36.436  4960  4960 I Telephony: y0: onServiceStateChanged: newState=1, mServiceState=3
07-28 18:55:36.436  3333  4918 W BestClock: java.time.DateTimeException: Missing network time fix
07-28 18:55:36.436  4879  5673 V OplusCustomizeCacheManager: queryCache name: sys.cache.common_customize_cache18014 param: null
07-28 18:55:36.436  4879  5673 V OplusCustomizeCacheManager: queryCache name: sys.cache.common_customize_cache18017 param: Bundle[{SETTING=BLOCK, BUSINESS=NCT-DATA}]
07-28 18:55:36.436  4879  5673 V OplusCustomizeCacheManager: queryCache name: sys.cache.common_customize_cache18013 param: null
07-28 18:55:36.436  4960  4960 I Telephony: isRttCurrentlySupported -- regular acct, hasVoiceAvailability: false
07-28 18:55:36.436  4960  4960 I Telephony:  isRttSupported: false
07-28 18:55:36.436  4960  4960 I Telephony:  isUserRttSettingOn: false
07-28 18:55:36.436  4960  4960 I Telephony:  alwaysAllowWhileRoaming: false
07-28 18:55:36.436  4960  4960 I Telephony:  isRoaming: false
07-28 18:55:36.436  4960  4960 I Telephony:  isOnWfc: false
07-28 18:55:36.437  3333  4918 V Binder  : BinderProxy map growth! bucket size = 30 total = 5282
07-28 18:55:36.437  4960  4960 D InternationalRoamingNotification: init
07-28 18:55:36.437  5230  5230 D SubsysEventListenerManager-SubsysTelephonyCallback[0]: onSignalStrengthsChanged
07-28 18:55:36.438  5230  6156 D VirtualCommService2: isSupport. true, true
07-28 18:55:36.438  4960  4960 D OplusVirtualCommUtils: isVirtualCommSupport, vRet: true
07-28 18:55:36.438  4960  4960 I OplusVirtualCommUtils: getVirtualCommDeviceType, vRet: 1
07-28 18:55:36.438  4960  4960 I OplusVirtualCommUtils: isConsumerDeviceType, deviceType: 1
07-28 18:55:36.438  4960  4960 D InternationalRoamingNotification: do not createRoamingNotification for invalid Network
07-28 18:55:36.438  4960  4960 D OplusTelephonyController: onSignalStrengthChanged: SignalStrength=SignalStrength:{mCdma=CellSignalStrengthCdma: cdmaDbm=2147483647 cdmaEcio=2147483647 evdoDbm=2147483647 evdoEcio=2147483647 evdoSnr=2147483647 level=0,mGsm=CellSignalStrengthGsm: rssi=2147483647 ber=2147483647 mTa=2147483647 mLevel=0,mWcdma=CellSignalStrengthWcdma: ss=2147483647 ber=2147483647 rscp=2147483647 ecno=2147483647 level=0,mTdscdma=CellSignalStrengthTdscdma: rssi=2147483647 ber=2147483647 rscp=2147483647 level=0,mLte=CellSignalStrengthLte: rssi=2147483647 rsrp=2147483647 rsrq=2147483647 rssnr=2147483647 cqiTableIndex=2147483647 cqi=2147483647 ta=2147483647 level=0 parametersUseForLevel=0,mNr=CellSignalStrengthNr:{ csiRsrp = 2147483647 csiRsrq = 2147483647 csiCqiTableIndex = 2147483647 csiCqiReport = [] ssRsrp = 2147483647 ssRsrq = 2147483647 ssSinr = 2147483647 level = 0 parametersUseForLevel = 0 timingAdvance = 2147483647 },primary=CellSignalStrengthLte}
07-28 18:55:36.439  5230  5230 D SubsysEventListenerManager-SubsysTelephonyCallback[0]: onCellInfoChanged
07-28 18:55:36.439  3333  4918 W BestClock: java.time.DateTimeException: Missing network time fix
07-28 18:55:36.440  4879  4879 I SystemUi--QuickSettings: QsLottieUtils-->getLottieAnimFile : qs/qs_airplane_lottie_active_sep_dual_light.json
07-28 18:55:36.440  3333  5805 W BestClock: java.time.DateTimeException: Missing network time fix
07-28 18:55:36.441  4879  4879 I SystemUi--QuickSettings: TemporarilyInfoManager-->[trigger] start from show
07-28 18:55:36.441  4879  5673 V OplusCustomizeCacheManager: queryCache name: sys.cache.common_customize_cache18014 param: null
07-28 18:55:36.441  4879  5673 V OplusCustomizeCacheManager: queryCache name: sys.cache.common_customize_cache18017 param: Bundle[{SETTING=BLOCK, BUSINESS=NCT-DATA}]
07-28 18:55:36.441  4879  5673 V OplusCustomizeCacheManager: queryCache name: sys.cache.common_customize_cache18013 param: null
07-28 18:55:36.441  4879  4879 I SystemUi--QuickSettings: TemporarilyInfoManager-->[getLayoutParams] translationY=102.08262, translationX=0, width=1080, height=228, isLandscape=false, parent=androidx.constraintlayout.widget.ConstraintLayout{b34ffb1 V.E...... ......ID 0,0-1080,2376 #7f0a09f6 app:id/qs_container_area_layout alpha=1.0 viewInfo = }
07-28 18:55:36.441  4879  4879 I SystemUi--Common: ViewExt-->[startAlongWithPosition] com.oplus.systemui.qs.base.temporarilyinfo.TemporarilyInfoManager$createViewToParent$1{dc666c7 V.ED..... ......ID 0,0-0,0 #7f0a0cb6 app:id/temporarily_info_view alpha=0.0 viewInfo = } alongWith android.widget.RelativeLayout{5b494f4 V.E...... ........ 0,102-1080,222 #7f0a0a2e app:id/qs_status_bar_container_layout alpha=1.0 viewInfo = }
07-28 18:55:36.441  4879  4879 I SystemUi--QuickSettings: TemporarilyInfoManager-->[showElement] com.oplus.systemui.qs.base.temporarilyinfo.TemporarilyInfoManager$createViewToParent$1{dc666c7 V.ED..... ......ID 0,0-0,0 #7f0a0cb6 app:id/temporarily_info_view alpha=0.0 viewInfo = } for Element(text=Airplane mode off, groupId=Airplane mode, style=InfoShowStyle(textSize=16.0, sizeUnit=2, textColor=-1, showDuration=1500, alongWithReplacedView=true))
07-28 18:55:36.441  4879  4879 I SystemUi--QuickSettings: TemporarilyInfoManager-->[animateShow] com.oplus.systemui.qs.base.temporarilyinfo.TemporarilyInfoManager$createViewToParent$1{dc666c7 VFED..C.. ......ID 0,0-0,0 #7f0a0cb6 app:id/temporarily_info_view alpha=0.0 viewInfo = } start
07-28 18:55:36.442  1879  1944 I [UAH_CLIENT]: UahRelease, handle:43
07-28 18:55:36.450  3333  4501 D WifiNative: onSetCountryCodeSucceeded: US
07-28 18:55:36.450  3333  4501 I WifiCountryCode: Receive onSetCountryCodeSucceeded US
07-28 18:55:36.450  3333  4501 I WifiNl80211Manager: Receive country code change to US
07-28 18:55:36.450  2630  2630 I wificond: Receive notifyCountryCodeChanged
07-28 18:55:36.450  2630  2630 I wificond: UpdateBandInfo
07-28 18:55:36.450  3333  4501 D WifiScanRequestProxy: Sending scan available broadcast: true
07-28 18:55:36.450  3333  4505 I WifiScanningService: Received a request to enable scanning, UID = 1000
07-28 18:55:36.450  3333  4505 I WifiScanningService: scanner impls already exists
07-28 18:55:36.450  3333  4505 E WifiScanningService: wifi driver loaded received while already loaded
07-28 18:55:36.450  3333  4501 I WifiScanRequestProxy: Scanning is enabled
07-28 18:55:36.450  3333  4501 I WifiScanRequestProxy: Scanning for hidden networks is disabled
07-28 18:55:36.451  3333  3333 D OplusWifiBroadCastDispatcher: mBroadcastReceiver: onReceiver  action=android.net.wifi.action.WIFI_SCAN_AVAILABILITY_CHANGED
07-28 18:55:36.451  3333  4501 D WakeupController: start()
07-28 18:55:36.451  2630  2630 I wificond: 2.4Ghz frequencies: 2412 2417 2422 2427 2432 2437 2442 2447 2452 2457 2462
07-28 18:55:36.451  2630  2630 I wificond: 5Ghz non-DFS frequencies: 5180 5200 5220 5240 5745 5765 5785 5805 5825
07-28 18:55:36.451  3333  4501 E WifiStaIfaceAidlImpl: setScanMode failed with service-specific exception: android.os.ServiceSpecificException:  (code 4)
07-28 18:55:36.451  2630  2630 I wificond: 5Ghz DFS frequencies: 5260 5280 5300 5320 5500 5520 5540 5560 5580 5600 5620 5640 5660 5680 5700
07-28 18:55:36.451  2630  2630 I wificond: 6Ghz frequencies:
07-28 18:55:36.451  2630  2630 I wificond: 60Ghz frequencies:
07-28 18:55:36.451  7003  7003 I OsAgent : onReceive: android.net.wifi.action.WIFI_SCAN_AVAILABILITY_CHANGED
07-28 18:55:36.451  3333  4626 D OplusWifiPower_ConnLpmEventObsever: onReceive EXTRA_SCAN_AVAILABLE availabe = true
07-28 18:55:36.451  3333  4626 D OplusWifiPowerService: onReceive action:android.net.wifi.action.WIFI_SCAN_AVAILABILITY_CHANGED
07-28 18:55:36.451  3333  4626 D OplusWifiSwitchStateMonitor: scan settings change to true
07-28 18:55:36.451  7003  7394 I OsAgent : updateWiFiScanAvailState, scanAvailable: true
07-28 18:55:36.453  3333  4501 I WifiService: Receive onDriverCountryCodeChanged to US, update available channel list
07-28 18:55:36.454  3333  4501 E ApConfigUtil: Malformed channel value detected: java.lang.NumberFormatException: For input string: ""
07-28 18:55:36.455  3333  4501 E ApConfigUtil: Malformed channel value detected: java.lang.NumberFormatException: For input string: ""
07-28 18:55:36.455  1822  8173 E WifiHAL : wifi_get_usable_channels: Error -5 waiting for response.
07-28 18:55:36.455  3333  4501 E WifiChipAidlImpl: getUsableChannels failed with service-specific exception: android.os.ServiceSpecificException:  (code 7)
07-28 18:55:36.455  3333  4501 E ApConfigUtil: Malformed channel value detected: java.lang.NumberFormatException: For input string: ""
07-28 18:55:36.456  3333  4625 D OplusSoftApManager: Support Wi-Fi6 SAP
07-28 18:55:36.456  3333  4501 I WifiService: Receive onDriverCountryCodeChanged to US, update available channel list
07-28 18:55:36.456  3333  4501 E ApConfigUtil: Malformed channel value detected: java.lang.NumberFormatException: For input string: ""
07-28 18:55:36.457  3333  4501 E ApConfigUtil: Malformed channel value detected: java.lang.NumberFormatException: For input string: ""
07-28 18:55:36.457  1822  8173 E WifiHAL : wifi_get_usable_channels: Error -5 waiting for response.
07-28 18:55:36.457  3333  4501 E WifiChipAidlImpl: getUsableChannels failed with service-specific exception: android.os.ServiceSpecificException:  (code 7)
07-28 18:55:36.458  3333  4501 E ApConfigUtil: Malformed channel value detected: java.lang.NumberFormatException: For input string: ""
07-28 18:55:36.458  3333  4501 I WifiApConfigStore: Chip capability is updated, check config
07-28 18:55:36.474  4879  4879 I SystemUi--QuickSettings: QsLottieUtils-->getLottieAnimFile : qs/qs_cellular_lottie_active_sep_dual_light.json
07-28 18:55:36.484  3342  3903 D QmiClient: qmiServiceEventCallback recv msg id 1106
07-28 18:55:36.484  3342  3903 D QmiVsClient: enter - onQmiServiceEventCallback msgId 1106
07-28 18:55:36.484  3342  3378 D VsProxy : handleMessage msg is 2425
07-28 18:55:36.484  3342  3378 D VsProxy : handleServingCellInfoChangeInd for instance 0
07-28 18:55:36.484  3342  3342 D RadioServiceIndication: radioServingCellInfoInd
07-28 18:55:36.485  3342  3342 D RadioServiceIndication: radioServingCellInfoInd
07-28 18:55:36.485  5230  6315 D SubsysRadioIndication[0]: radioServingCellInfoInd
07-28 18:55:36.486  5230  5230 D NetworkService[0]: handleMessage what:1003
07-28 18:55:36.486  5230  6315 D SubsysRadioIndication[0]: radioServingCellInfoInd
07-28 18:55:36.487  5230  5230 D NetworkService[0]: handleMessage what:1003
07-28 18:55:36.487  5030  5942 D RadioEvent: onCellInfoChanged slotId=0
07-28 18:55:36.488  5030  5942 D RadioEvent: onCellInfoChanged slotId=0
07-28 18:55:36.489  3342  3898 D QmiClient: qmiServiceEventCallback recv msg id 78
07-28 18:55:36.489  3342  3898 D QmiNasClient: enter : onQmiServiceEventCallback msgId 78
07-28 18:55:36.489  3342  3898 D QmiNasClientEvent: qmiNasClientNotifySysInfoEvent lte_ims_voice_avail_valid 0
07-28 18:55:36.492  3342  3412 D NasProxy: handleMessage msg is 2101
07-28 18:55:36.492  3342  3412 D NasProxy: handleNasSysInfoEvent for instance 0
07-28 18:55:36.492  5230  6315 D SubsysRadioIndication[0]: radioNr5gFreqTypeIndication, nr5gFreqType = 0
07-28 18:55:36.492  5230  5230 D QtiCellularNetwork: handleNr5gFreqTypeChanged 0, nr5gFreqType = 0
07-28 18:55:36.493  5158  6228 D IWlanJni: new aidl event arrived
07-28 18:55:36.493  5158  6228 D IWlanJni: handleEvent 3
07-28 18:55:36.493  5158  6228 D IWlanJni: isThreadAttached start
07-28 18:55:36.493  5158  6228 D IWlanJni: jni detached
07-28 18:55:36.493  5158  6228 D IWlanJni: jni attached
07-28 18:55:36.493  5158  6228 D IWlanJni: dataRegistrationStateChangeIndication start
07-28 18:55:36.493  5158  6228 D IWlanJni: getJavaCallbackClass start
07-28 18:55:36.493  5158  6228 D IWlanJni: getJavaCallbackClass End midIs[1]
07-28 18:55:36.493  5158  6228 I IWlanAidlClient: dataRegistrationStateChangeIndication called
07-28 18:55:36.494  5158  6227 D IWlanJni: responseAcknowledgement start
07-28 18:55:36.496  5158  6221 D IWlanJni: getDataRegistrationState start
07-28 18:55:36.496  5158  6228 D IWlanJni: new aidl event arrived
07-28 18:55:36.496  5158  6228 D IWlanJni: handleEvent 10
07-28 18:55:36.496  5158  6228 D IWlanJni: isThreadAttached start
07-28 18:55:36.496  5158  6228 D IWlanJni: jni detached
07-28 18:55:36.496  5158  6228 D IWlanJni: jni attached
07-28 18:55:36.496  5158  6228 D IWlanJni: getDataRegistrationStateResponse start
07-28 18:55:36.496  5158  6228 D IWlanJni: getJavaCallbackClass start
07-28 18:55:36.496  5158  6228 D IWlanJni: getJavaCallbackClass End midIs[1]
07-28 18:55:36.496  5158  6228 I IWlanAidlClient: getDataRegistrationStateResponse called
07-28 18:55:36.496  5113  5141 I QImsService: ImsRadioIndicationAidl : onServiceDomainChanged()[SUB0]
07-28 18:55:36.496  5113  5141 I QImsService: ImsSenderRxr : [UNSL]< UNSOL_SERVICE_DOMAIN_CHANGED 0[SUB0]
07-28 18:55:36.496  5158  6227 W IWlanNetworkService: 15 > Response Processed
07-28 18:55:36.497  5113  5113 I QImsService: ImsRegistrationController : Message received: what = 5
07-28 18:55:36.497  5113  5113 I QImsService: ImsRegistrationController : handleSrvDomainChanged
07-28 18:55:36.498  5158  6221 D IWlanJni: getDataRegistrationState start
07-28 18:55:36.499  5158  6228 D IWlanJni: new aidl event arrived
07-28 18:55:36.499  5158  6228 D IWlanJni: handleEvent 10
07-28 18:55:36.499  5158  6228 D IWlanJni: isThreadAttached start
07-28 18:55:36.499  5158  6228 D IWlanJni: jni detached
07-28 18:55:36.499  5158  6228 D IWlanJni: jni attached
07-28 18:55:36.499  5158  6228 D IWlanJni: getDataRegistrationStateResponse start
07-28 18:55:36.499  5158  6228 D IWlanJni: getJavaCallbackClass start
07-28 18:55:36.499  5158  6228 D IWlanJni: getJavaCallbackClass End midIs[1]
07-28 18:55:36.499  5158  6228 I IWlanAidlClient: getDataRegistrationStateResponse called
07-28 18:55:36.499  5018  7388 D QtiOemHookAidl: oemHookRawIndication length=21
07-28 18:55:36.499  5158  6227 W IWlanNetworkService: 16 > Response Processed
07-28 18:55:36.499  5018  5018 D QcrilMsgTunnelIfaceManager: handleMessage what = 0
07-28 18:55:36.501  4960  4960 D QC_RIL_OEM_HOOK: Received Broadcast Intent ACTION_UNSOL_RESPONSE_OEM_HOOK_RAW
07-28 18:55:36.501  4960  4960 D QC_RIL_OEM_HOOK: Received Broadcast Intent ACTION_UNSOL_RESPONSE_OEM_HOOK_RAW
07-28 18:55:36.501  4960  4960 D QC_RIL_OEM_HOOK: Received Broadcast Intent ACTION_UNSOL_RESPONSE_OEM_HOOK_RAW
07-28 18:55:36.501  5018  5018 D QC_RIL_OEM_HOOK: Received Broadcast Intent ACTION_UNSOL_RESPONSE_OEM_HOOK_RAW
07-28 18:55:36.505  4960  4960 D OplusTelephonyController: onSignalStrengthChanged: SignalStrength=SignalStrength:{mCdma=CellSignalStrengthCdma: cdmaDbm=2147483647 cdmaEcio=2147483647 evdoDbm=2147483647 evdoEcio=2147483647 evdoSnr=2147483647 level=0,mGsm=CellSignalStrengthGsm: rssi=2147483647 ber=2147483647 mTa=2147483647 mLevel=0,mWcdma=CellSignalStrengthWcdma: ss=2147483647 ber=2147483647 rscp=2147483647 ecno=2147483647 level=0,mTdscdma=CellSignalStrengthTdscdma: rssi=2147483647 ber=2147483647 rscp=2147483647 level=0,mLte=CellSignalStrengthLte: rssi=2147483647 rsrp=2147483647 rsrq=2147483647 rssnr=2147483647 cqiTableIndex=2147483647 cqi=2147483647 ta=2147483647 level=0 parametersUseForLevel=0,mNr=CellSignalStrengthNr:{ csiRsrp = 2147483647 csiRsrq = 2147483647 csiCqiTableIndex = 2147483647 csiCqiReport = [] ssRsrp = 2147483647 ssRsrq = 2147483647 ssSinr = 2147483647 level = 0 parametersUseForLevel = 0 timingAdvance = 2147483647 },primary=CellSignalStrengthLte}
07-28 18:55:36.505  5230  5230 D SubsysEventListenerManager-SubsysTelephonyCallback[0]: onSignalStrengthsChanged
07-28 18:55:36.505  5158  6221 D IWlanJni: getDataRegistrationState start
07-28 18:55:36.506  5158  6228 D IWlanJni: new aidl event arrived
07-28 18:55:36.506  5158  6228 D IWlanJni: handleEvent 10
07-28 18:55:36.506  5158  6228 D IWlanJni: isThreadAttached start
07-28 18:55:36.506  5158  6228 D IWlanJni: jni detached
07-28 18:55:36.506  5158  6228 D IWlanJni: jni attached
07-28 18:55:36.506  5158  6228 D IWlanJni: getDataRegistrationStateResponse start
07-28 18:55:36.506  5158  6228 D IWlanJni: getJavaCallbackClass start
07-28 18:55:36.506  5158  6228 D IWlanJni: getJavaCallbackClass End midIs[1]
07-28 18:55:36.506  5158  6228 I IWlanAidlClient: getDataRegistrationStateResponse called
07-28 18:55:36.506  5158  6227 W IWlanNetworkService: 17 > Response Processed
07-28 18:55:36.508  3343  3899 D QmiClient: qmiServiceEventCallback recv msg id 276
07-28 18:55:36.508  3343  3899 D QmiNasClient: enter : onQmiServiceEventCallback msgId 276
07-28 18:55:36.508  3343  3899 D QmiNasClientEvent: qmiNasClientAccessBarringStatusEvent - RADIO_EVENT_NAS_ACCESS_BARRING_STATUS_IND
07-28 18:55:36.508  3343  3386 D NasProxy: handleMessage msg is 2104
07-28 18:55:36.508  3342  3898 D QmiClient: qmiServiceEventCallback recv msg id 276
07-28 18:55:36.509  5230  6156 D SubsysRadioIndication[1]: radioNasAccessBarringStatusInd, NasAccessBarringStatusType: radioIf:12, dataBarringStatus:0, dataBarringTime:0, voiceBarringStatus:0, voiceBarringTime:0, videoBarringStatus:0, videoBarringTime:0
07-28 18:55:36.509  5230  6156 D SubsysRadioIndication[1]: notify enter
07-28 18:55:36.509  3342  3898 D QmiNasClient: enter : onQmiServiceEventCallback msgId 276
07-28 18:55:36.509  3342  3898 D QmiNasClientEvent: qmiNasClientAccessBarringStatusEvent - RADIO_EVENT_NAS_ACCESS_BARRING_STATUS_IND
07-28 18:55:36.509  3342  3412 D NasProxy: handleMessage msg is 2104
07-28 18:55:36.509  5230  6156 D SubsysRadioIndication[0]: radioNasAccessBarringStatusInd, NasAccessBarringStatusType: radioIf:12, dataBarringStatus:0, dataBarringTime:0, voiceBarringStatus:0, voiceBarringTime:0, videoBarringStatus:0, videoBarringTime:0
07-28 18:55:36.509  5230  6156 D SubsysRadioIndication[0]: notify enter
07-28 18:55:36.511  4960  4960 W Settings: Setting airplane_mode_on has moved from android.provider.Settings.System to android.provider.Settings.Global, returning read-only value.
07-28 18:55:36.511  3333  5805 W BestClock: java.time.DateTimeException: Missing network time fix
07-28 18:55:36.512  5030  5946 D NAS-CallIssueDetector: onPollCsPsRegStateChanged slotid = 0
07-28 18:55:36.512  5030  5946 D NAS-CallIssueDetector: notifyRealOosChanged
07-28 18:55:36.512  5030  5946 D OplusCiwlanController: [vodata] getSubId subid =  1
07-28 18:55:36.512  3333  5212 W BestClock: java.time.DateTimeException: Missing network time fix
07-28 18:55:36.513  4879  5673 V OplusCustomizeCacheManager: queryCache name: sys.cache.common_customize_cache18014 param: null
07-28 18:55:36.513  4879  5673 V OplusCustomizeCacheManager: queryCache name: sys.cache.common_customize_cache18017 param: Bundle[{SETTING=BLOCK, BUSINESS=NCT-DATA}]
07-28 18:55:36.513  4879  5673 V OplusCustomizeCacheManager: queryCache name: sys.cache.common_customize_cache18013 param: null
07-28 18:55:36.513  5030  5946 D OplusCiwlanController: [vodata] processOosChanged  phoneid = 0,cur regstate = 1,old regstate = -1
07-28 18:55:36.513  5030  5946 D OplusCiwlanController: [vodata] getSubId subid =  -1
07-28 18:55:36.513  5030  5946 D OplusCiwlanController: [vodata] processOosChanged  phoneid = 1,cur regstate = 1,old regstate = -1
07-28 18:55:36.513  4682  4854 D CNGmsControlService: receive:oplus.intent.action.MCC_CHANGE
07-28 18:55:36.513  5030  5947 W BluetoothAdapterExtImpl: getBluetoothConnectionCount：mOplusBluetooth null!
07-28 18:55:36.513  3333  3333 D OplusWifiBroadCastDispatcher: mBroadcastReceiver: onReceiver  action=oplus.intent.action.MCC_CHANGE
07-28 18:55:36.513  7488  7488 I 7488PAS.MccChangeReceiver_Travel: onReceive
07-28 18:55:36.514  5030  5947 D TelephonyImpl: isRequestingMms
07-28 18:55:36.514  5030  5947 D TelephonyImpl: getReleaseMmsNetworkTime
07-28 18:55:36.514  4682  4854 D CNGmsControlService: mcc1=001 mcc2=null GmsState=2 TagWhitelistApp=true UserDisableCount=0 SettingsGmsState=1
07-28 18:55:36.515  5030  5947 D OplusDdsSwitchStrategy: Md,OplusCheckFeature,RETURN_TO_CUR_ACTION_DDS
07-28 18:55:36.515  7488  8646 D NetWorkMonitor: addNetStateListener :true
07-28 18:55:36.516  3333  4918 D ConnectivityService: requestNetwork for uid/pid:10137/7488 activeRequest: null callbackRequest: 282 [NetworkRequest [ REQUEST id=283, [ Capabilities: INTERNET&NOT_RESTRICTED&TRUSTED&NOT_VCN_MANAGED&NOT_BANDWIDTH_CONSTRAINED Uid: 10137 RequestorUid: 10137 RequestorPkg: com.coloros.sceneservice UnderlyingNetworks: Null] ]] callback flags: 0 order: 2147483647 isUidTracked: false
07-28 18:55:36.516  7488  8646 D NetWorkMonitor: resume registerNetworkCallback
07-28 18:55:36.516  4879  5172 I SystemUi--QuickSettings: Tile.OplusCellularTile-->updateCarrierText: dialog not showing, ignore
07-28 18:55:36.516  4879  5172 D SimStateHelper: slot:0, lock state:Bundle[mParcelledData.dataSize=56]
07-28 18:55:36.517  5030  5826 W Binder  : Caught a RuntimeException from the binder stub implementation.
07-28 18:55:36.517  5030  5826 W Binder  : java.lang.NullPointerException: Attempt to invoke virtual method 'boolean android.net.Uri.equals(java.lang.Object)' on a null object reference
07-28 18:55:36.517  5030  5826 W Binder  : 	at xb.a$b.onChange(Unknown Source:16)
07-28 18:55:36.517  5030  5826 W Binder  : 	at android.database.ContentObserver.onChange(ContentObserver.java:184)
07-28 18:55:36.517  5030  5826 W Binder  : 	at android.database.ContentObserver.onChange(ContentObserver.java:202)
07-28 18:55:36.517  5030  5826 W Binder  : 	at android.database.ContentObserver.onChange(ContentObserver.java:224)
07-28 18:55:36.517  5030  5826 W Binder  : 	at android.database.ContentObserver.onChange(ContentObserver.java:236)
07-28 18:55:36.517  5030  5826 W Binder  : 	at android.database.ContentObserver.dispatchChange(ContentObserver.java:335)
07-28 18:55:36.517  5030  5826 W Binder  : 	at android.database.ContentObserver$Transport.onChangeEtc(ContentObserver.java:357)
07-28 18:55:36.517  5030  5826 W Binder  : 	at android.database.IContentObserver$Stub.onTransact(IContentObserver.java:120)
07-28 18:55:36.517  5030  5826 W Binder  : 	at android.os.Binder.execTransactInternal(Binder.java:1523)
07-28 18:55:36.517  5030  5826 W Binder  : 	at android.os.Binder.execTransact(Binder.java:1457)
07-28 18:55:36.517  3333  4510 D ConnectivityService: NetReassign [no changes] [c 0] [a 0] [i 1]
07-28 18:55:36.517  3333  4501 D WifiNetworkFactory: got request NetworkRequest [ REQUEST id=283, [ Capabilities: INTERNET&NOT_RESTRICTED&TRUSTED&NOT_VCN_MANAGED&NOT_BANDWIDTH_CONSTRAINED Uid: 10137 RequestorUid: 10137 RequestorPkg: com.coloros.sceneservice UnderlyingNetworks: Null] ]
07-28 18:55:36.517  3333  4501 D UntrustedWifiNetworkFactory: got request NetworkRequest [ REQUEST id=283, [ Capabilities: INTERNET&NOT_RESTRICTED&TRUSTED&NOT_VCN_MANAGED&NOT_BANDWIDTH_CONSTRAINED Uid: 10137 RequestorUid: 10137 RequestorPkg: com.coloros.sceneservice UnderlyingNetworks: Null] ]
07-28 18:55:36.517  3333  4501 D OemPaidWifiNetworkFactory: got request NetworkRequest [ REQUEST id=283, [ Capabilities: INTERNET&NOT_RESTRICTED&TRUSTED&NOT_VCN_MANAGED&NOT_BANDWIDTH_CONSTRAINED Uid: 10137 RequestorUid: 10137 RequestorPkg: com.coloros.sceneservice UnderlyingNetworks: Null] ]
07-28 18:55:36.517  3333  4501 D MultiInternetWifiNetworkFactory: got request NetworkRequest [ REQUEST id=283, [ Capabilities: INTERNET&NOT_RESTRICTED&TRUSTED&NOT_VCN_MANAGED&NOT_BANDWIDTH_CONSTRAINED Uid: 10137 RequestorUid: 10137 RequestorPkg: com.coloros.sceneservice UnderlyingNetworks: Null] ]
07-28 18:55:36.517  4960  6282 D OplusNetworkFactory: got request NetworkRequest [ REQUEST id=283, [ Capabilities: INTERNET&NOT_RESTRICTED&TRUSTED&NOT_VCN_MANAGED&NOT_BANDWIDTH_CONSTRAINED Uid: 10137 RequestorUid: 10137 RequestorPkg: com.coloros.sceneservice UnderlyingNetworks: Null] ]
07-28 18:55:36.518  4879  5172 D SimStateHelper: slot:1, lock state:Bundle[mParcelledData.dataSize=56]
07-28 18:55:36.518  4879  5172 D SimStateHelper: needDisableMenu: slot1State=-1; slot2State=-1
07-28 18:55:36.518  4879  5172 D SimStateHelper: needDisableMenu:false
07-28 18:55:36.519  3333  4918 W BestClock: java.time.DateTimeException: Missing network time fix
07-28 18:55:36.520  4960  4960 D ServiceStateProvider: subId=1
07-28 18:55:36.520  3333  5212 W BestClock: java.time.DateTimeException: Missing network time fix
