07-28 21:01:29.054  1890  4478 I sensors-hal: handle_oplus_wise_rgb_event:189, high_pwm_light:lux 264.6,cct 3596.3,brl/algo/ir 1443.0/2.0/17.1,pwm/dc 0.0/0.0,rgbc 20634.402344/12786.162109/5895.159668/37964.066406,ts 58563929264,cnt 810,flag 156
07-28 21:01:29.055  1935  4467 I Dpps    : LtmSwState::SetParameter():144 ignore cmd 7 in state LtmOffState
07-28 21:01:29.101  2028  7400 D charge_time: type=sdp,reserve_soc=2,soc=47,ui_soc=49,current=193,avg=183,not_chg_cnt=0,stable_cnt=7,fcc=5724,fcc_ratio=94,delta=42,debug=0,region=16,ttf=27340(07:35:40),ui_ttf=20732(05:45:32)
07-28 21:01:29.158  1963  1999 I [UAH_CLIENT]: UahRelease, handle:21
07-28 21:01:29.159  1963  1999 I [UAH_CLIENT]: UahPlatformResAcquire
07-28 21:01:29.159  1963  1999 I [UAH_CLIENT]: UahEventAcquire, cmdid:-3, pkg:1963 13078, identity:qcom-perfd
07-28 21:01:29.159  1963  1999 E PERFHAL-RESOURCEQS: PERFHAL-RESOURCEQS: AddAndApply() 130: Resource with major=18, minor=41 not supported
07-28 21:01:29.260  2028  2058 D BatteryChargeControl: bcc get no support from charging protocol
07-28 21:01:29.277 13082 13168 I SystemFeature: operator:{oppo.cmcc.mp:false, browser.cmcc:false, browser.test.cmcc:false, browser.cmcc.bookmark:false, browser.test.cmcc.bookmark:false, browser.cmcc.home:false, browser.test.cmcc.home:false
07-28 21:01:29.277 13082 13168 I SystemFeature: cu.optr:false, browser.cu:false, browser.test.cu:false
07-28 21:01:29.277 13082 13168 I SystemFeature: ct.optr:false, browser.ct:false, browser.test.ct:false
07-28 21:01:29.277 13082 13168 I SystemFeature: }
07-28 21:01:29.282 13082 13168 I IdentityUtil: initIdentity: success, duidInit=true, uuid=d7830aefe1185a1d969e64bfc89f60a7
07-28 21:01:29.284  7559  7577 I OpenID  : com.heytap.pictorial:3142:ret:T
07-28 21:01:29.298 13082 13168 D Identity: nonceAndCounter: 1652b30ed773edd4000000000000000b
07-28 21:01:29.311  1935  4467 I Dpps    : LtmSwState::SetParameter():144 ignore cmd 7 in state LtmOffState
07-28 21:01:29.325  1164 13123 I keystore2: system/security/keystore2/watchdog/src/lib.rs:319 - Watchdog thread idle -> terminating. Have a great day.
07-28 21:01:29.353  2009  2009 D SensorFeature: name=ssc_screenshot_info ,index = 22
07-28 21:01:29.353  2009  2009 D SensorFeature: write 29 bytes:48578670813,58935145757,157,0
07-28 21:01:29.454  3445  5385 I InputDispatcher: injectInputEvent: targetUid=<not set>, syncMode=WAIT_FOR_FINISHED, timeout=30000ms, policyFlags=0x8000000, event=MotionEvent { action=DOWN, id[0]=0, x[0]=900, y[0]=30, eventTime=59035000000, downTime=59035000000, deviceId=5, source=TOUCHSCREEN, displayId=0, eventId=0xd73bae7c}
07-28 21:01:29.455  2178  3198 D VRR [OTI]: handleIdle from 1 to 0
07-28 21:01:29.455  2178  3198 D VRR [OTI-HW]: isStateReady 0
07-28 21:01:29.455  3445  4888 I [UAH_CLIENT]: UahEventAcquire, cmdid:37, pkg:none, identity:OplusUAwareInputHelper
07-28 21:01:29.455  2178  3198 D VRR [OTI-HW]: restore sys rate.
07-28 21:01:29.455  2178  3198 D VRR [RefreshRateDirector]: requestRefreshRateByOti update [ oti-hw, {fps=120, modePtr={id=4, vsyncRate=120.00 Hz, peakRefreshRate=120.00 Hz}} ]
07-28 21:01:29.455  2178  3198 D VRR [RefreshRateDirector]: selectBestFrameRate DirectorMapOti [oti-hw, {fps=120, modePtr={id=4, vsyncRate=120.00 Hz, peakRefreshRate=120.00 Hz}}]
07-28 21:01:29.455  2178  3198 D VRR [RefreshRateDirector]: updateBestFrameRate [oti-hw, {fps=120, modePtr={id=4, vsyncRate=120.00 Hz, peakRefreshRate=120.00 Hz}}]
07-28 21:01:29.455  2178  3198 D SurfaceFlinger: VRR [SurfaceFlinger] setDesiredActiveMode: displayId: 4630946756802996883, renderRate: 120, vsyncRate: 120, event: 1
07-28 21:01:29.455  2178  3198 D DisplayModeController: setDesiredMode 4630946756802996883 {mode={fps=120.00 Hz, modePtr={id=4, vsyncRate=120.00 Hz, peakRefreshRate=120.00 Hz}}, emitEvent=true, force=false}
07-28 21:01:29.455  3445  4668 D OMP_Detector: D:done mCurrStatus: 0
07-28 21:01:29.456  3445  4888 D UAH-UahAdaptHelper: adaptSetNotification identity = OplusUAwareInputHelpersrc = 1000 , type 0 ,p1 = -1 ,p2 = -1 ,p3 = -1 ,p4 =
07-28 21:01:29.456  3445  4888 I [UAH_CLIENT]: uahRuleCtl, ruleId:1000, status:0
07-28 21:01:29.457  3445  3815 D PowerManagerService: userActivityNoUpdateLocked: groupId=0, eventTime=59035, event=touch, flags=0x0, uid=1000
07-28 21:01:29.458  1963  1999 I [UAH_CLIENT]: UahRelease, handle:33
07-28 21:01:29.458  1963  1999 I [UAH_CLIENT]: UahPlatformResAcquire
07-28 21:01:29.458  1963  1999 I [UAH_CLIENT]: UahEventAcquire, cmdid:-3, pkg:2178 7625, identity:qcom-perfd
07-28 21:01:29.458  4892  4892 V AutofillManager: requestHideFillUi(null): anchor = null
07-28 21:01:29.458  4892  4892 V Application: getAutofillClient(): null on super, trying to find activity thread
07-28 21:01:29.458  4892  4892 V Application: getAutofillClient(): none of the 0 activities on com.android.systemui.SystemUIApplication@5613a53 are top resumed nor have focus
07-28 21:01:29.458  4892  4892 V AutofillManager: No AutofillClient for com.android.systemui on context com.android.systemui.SystemUIApplication@5613a53
07-28 21:01:29.459  1963  1999 E PERFHAL-RESOURCEQS: PERFHAL-RESOURCEQS: AddAndApply() 130: Resource with major=18, minor=41 not supported
07-28 21:01:29.459  4892  4892 I PluginSeedling--Capsule: CapsuleTouchEventHandler-->onInterceptTouchEvent interceptEvent: false
07-28 21:01:29.460  3445  3731 W UserAwareMgr: can not find match thread: GaussianBlur for process com.android.systemui
07-28 21:01:29.460  2178  2178 I DisplayModeController: hwc begin mode change to 8333333
07-28 21:01:29.460  2178  2178 I HWC2    : [0] setActiveConfigWithConstraints[4]
07-28 21:01:29.461  4892  6029 I [UAH_CLIENT]: UahEventAcquire, cmdid:97, pkg:none, identity:OsenseHelperImpl
07-28 21:01:29.461  4892  4892 I SystemUi--Common: ScrollTranslationValue-->resetPanelTranslationY
07-28 21:01:29.461  1935  3111 W SDM     : HWDeviceDRM::GetSupportedBitClkRate: Requested rate not supported: 1363200000
07-28 21:01:29.461  1935  3111 I SDM     : HWDeviceDRM::UpdateMixerAttributes: Mixer WxH 1440x3168-1 for Peripheral
07-28 21:01:29.461  4892  4892 I SystemUi--QuickSettings: OplusPanelViewPagerController-->initExpanded downExpanded=NONE downOnRight=true targetPage=NOTIFICATION downOnYHotArea=true  isKeyguardShowing=false isOnKeyguard=false fractionListeners.size=0 currentQsFraction=0.0 currentNotifyFraction=0.0 hasCalledDownEvent=true getScrollXHotZone=([Rect(0, 0 - 1080, 2376)], [Rect(-1, -1 - -1, -1), Rect(157, 1999 - 283, 2125), Rect(823, 1999 - 949, 2125)]) getScrollYHotZone=Rect(0, 0 - 1080, 66) notifyExpandedFraction=0.0 isLastUpToExpand=false qsPanelView.translationX=0.0
07-28 21:01:29.461  1935  3111 I CwbService: CwbService::notifyConfigChange: display:0, config:4 size:4, sec.size():0
07-28 21:01:29.461  1935  3111 I CwbService: CwbService::notifyConfigChange: display: 0, config = 0
07-28 21:01:29.461  4892  4892 I SystemUi--QuickSettings: OplusPanelViewPagerController-->shouldOpenQS  set targetPage=QS
07-28 21:01:29.462  1935  3026 I CasManager: Fps changed from 60 to 120
07-28 21:01:29.462  1935  3026 I CasManager: Fps changed, not change bin, so trigger gain
07-28 21:01:29.462  4892  4892 I SystemUi--Common: ScrollTranslationValue-->resetPanelTranslationY
07-28 21:01:29.462  1935  3026 W SDM     : DemuraIntfImpl::ProcessOemPluginGain: Thermal intf_ is nullptr 0, default to 25 degree
07-28 21:01:29.462  4892  4892 I SystemUi--QuickSettings: OplusPanelViewPagerController-->initExpanded downExpanded=NONE downOnRight=true targetPage=QS downOnYHotArea=true  isKeyguardShowing=false isOnKeyguard=false fractionListeners.size=0 currentQsFraction=0.0 currentNotifyFraction=0.0 hasCalledDownEvent=true getScrollXHotZone=([Rect(0, 0 - 1080, 2376)], [Rect(-1, -1 - -1, -1), Rect(157, 1999 - 283, 2125), Rect(823, 1999 - 949, 2125)]) getScrollYHotZone=Rect(0, 0 - 1080, 66) notifyExpandedFraction=0.0 isLastUpToExpand=false qsPanelView.translationX=0.0
07-28 21:01:29.462  1935  3026 I SDM     : CasQcPlugIn::ProcessPerCompGainOppo: input params, mode:PWM, fps:120, dbv:1443
07-28 21:01:29.462  1935  3026 I SDM     : CasQcPlugIn::ProcessPerCompGainOppo: normalized bright_adj:1024, dbv:1443, bin_dbv:1083, 
07-28 21:01:29.462  1935  3026 I SDM     : CasQcPlugIn::ProcessPerCompGainOppo: gains print start =====================
07-28 21:01:29.462  4892  4892 I SystemUi--QuickSettings: OplusPanelViewPagerController-->shouldOpenQS  set targetPage=QS
07-28 21:01:29.462  1935  3026 I SDM     : CasQcPlugIn::ProcessPerCompGainOppo: gain --------------------------------
07-28 21:01:29.462  1935  3026 I SDM     : CasQcPlugIn::ProcessPerCompGainOppo: old: 0 0 0 57 90 322 1201 3072
07-28 21:01:29.462  1935  3026 I SDM     : CasQcPlugIn::ProcessPerCompGainOppo: new: 0 0 0 47 77 278 1037 3072
07-28 21:01:29.462  1935  3026 I SDM     : CasQcPlugIn::ProcessPerCompGainOppo: gain --------------------------------
07-28 21:01:29.462  1935  3026 I SDM     : CasQcPlugIn::ProcessPerCompGainOppo: old: 0 0 0 64 125 373 1336 3072
07-28 21:01:29.462  1935  3026 I SDM     : CasQcPlugIn::ProcessPerCompGainOppo: new: 0 0 0 53 99 373 1336 3072
07-28 21:01:29.462  1935  3026 I SDM     : CasQcPlugIn::ProcessPerCompGainOppo: gain --------------------------------
07-28 21:01:29.462  1935  3026 I SDM     : CasQcPlugIn::ProcessPerCompGainOppo: old: 0 0 0 42 83 323 1222 3072
07-28 21:01:29.462  1935  3026 I SDM     : CasQcPlugIn::ProcessPerCompGainOppo: new: 0 0 0 35 83 323 1222 3072
07-28 21:01:29.462  1935  3026 I SDM     : CasQcPlugIn::ProcessPerCompGainOppo: gains print end =======================
07-28 21:01:29.462  4892  4892 I SystemUi--QuickSettings: OplusQSPageViewController-->reset(), pageList size:2 itemCount:2 oldIndex:0 curIndex:0
07-28 21:01:29.462  4892  4892 I SystemUi--QuickSettings: OplusQSRootViewController-->startExpandMotion event: 0, startTracking: false isClosing: false panelClosedOnDown: true
07-28 21:01:29.462  4892  4892 I SystemUi--QuickSettings: OplusQSRootViewController-->initialOffsetOnTouch: 0.0, panelClosedOnDown: true
07-28 21:01:29.462  4892  4892 I SystemUi--QuickSettings: OplusQSRootView-->disallowChildIntercept:false
07-28 21:01:29.462  4892  4892 I SystemUi--QuickSettings: OplusQSRootViewController-->startExpandMotion event: 0, startTracking: false isClosing: false panelClosedOnDown: true
07-28 21:01:29.462  4892  4892 I SystemUi--QuickSettings: OplusQSRootViewController-->initialOffsetOnTouch: 0.0, panelClosedOnDown: true
07-28 21:01:29.462  4892  4892 I SystemUi--QuickSettings: OplusQSRootViewController-->onTouchEvent() ACTION_DOWN, canSlideHToQSOnStatusBar:true, gestureWaitForTouchSlop:true, panelClosedOnDown:true, panelClosingOnDown:false, pointerIndex:0
07-28 21:01:29.463  3445  5385 I InputDispatcher: injectInputEvent: targetUid=<not set>, syncMode=WAIT_FOR_FINISHED, timeout=30000ms, policyFlags=0x8000000, event=MotionEvent { action=MOVE, id[0]=0, x[0]=900, y[0]=95.667, eventTime=59045000000, downTime=59035000000, deviceId=5, source=TOUCHSCREEN, displayId=0, eventId=0xf1567520}
07-28 21:01:29.463  3445  4888 I [UAH_CLIENT]: UahEventAcquire, cmdid:68, pkg:none, identity:OplusUAwareInputHelper
07-28 21:01:29.466  1935  3026 I SDM     : DemuraIntfImpl::StageAllData: Staged all data to Demura Driver!
07-28 21:01:29.466  1935  3026 I SDM     : HWPeripheralDRM::SetPanelFeature: Set Panel feature property 19
07-28 21:01:29.466  1935  3026 I SDM     : HWPeripheralDRM::SetPanelFeature: Set Panel feature property 7
07-28 21:01:29.466  1935  3026 I SDM     : DisplayBuiltIn::TriggerDemuraOemPlugIn: Trigger demura oem plugin success
07-28 21:01:29.467  1935  2216 I SDM     : DRMPanelFeatureMgr::ApplyDirtyFeature: Commited panel feature [enabled]: 20-272
07-28 21:01:29.467  1935  2216 I SDM     : DRMPanelFeatureMgr::ApplyDirtyFeature: Commited panel feature [enabled]: 8-271
07-28 21:01:29.480  4892  4892 I SystemUi--QuickSettings: OplusQSRootViewController-->startExpandMotion event: 2, startTracking: true isClosing: false panelClosedOnDown: true
07-28 21:01:29.480  4892  4892 I SystemUi--QuickSettings: OplusQSRootViewController-->endClosing()
07-28 21:01:29.480  4892  4892 I SystemUi--QuickSettings: QSPanelExpandFraction-->updateFraction, stiffness=500.0, finalPosition=0.3283366
07-28 21:01:29.481  3445  5385 I InputDispatcher: injectInputEvent: targetUid=<not set>, syncMode=WAIT_FOR_FINISHED, timeout=30000ms, policyFlags=0x8000000, event=MotionEvent { action=MOVE, id[0]=0, x[0]=900, y[0]=213.866, eventTime=59063000000, downTime=59035000000, deviceId=5, source=TOUCHSCREEN, displayId=0, eventId=0xdc3f3a0c}
07-28 21:01:29.481  3445  4440 D SystemGestures: detectSwipe: 1
07-28 21:01:29.494  2178  2178 D VRR-[OPlusRefreshRateSelector]: setCurrentModeId 4 type SA
07-28 21:01:29.494  2178  3198 D VRR [OTI-HW]: isStateReady 0
07-28 21:01:29.494  2178  3198 D VRR [OTI-HW]: keep rate.
07-28 21:01:29.494  3445  3716 I DisplayDeviceRepository: Display device changed render timings: "Built-in Screen", renderFrameRate=120.00001, presentationDeadlineNanos=11333333, appVsyncOffsetNanos=1000000
07-28 21:01:29.494  3445  3716 D LogicalDisplayExt: set displayInfo flag FLAG_ROTATES_WITH_CONTENT
07-28 21:01:29.495  3445  3716 D DisplayManagerServiceExtImpl: scheduleTraversalLocked intraversal=false
07-28 21:01:29.495  3445  3716 I DisplayManagerServiceExtImpl: handle logical display changed logicalDisplay=id=0,stack=0,content=true,displayInfo{stack=0,type=1,id=0,uId=local:4630946756802996883,state=ON,pkg=null}
07-28 21:01:29.495  3445  3716 D DisplayManagerService: Delivering display event: displayId=0, event=CHANGED
07-28 21:01:29.495  3445  3812 D BrightnessThermalClamper: Thermal status observer already started
07-28 21:01:29.495  3445  3812 D BrightnessPowerClamper: Power throttling data is missing for configuration data.
07-28 21:01:29.495  3445  3445 E OplusGestureAnimationManagerPolicy: mScreenHeight:2376 mScreenWidth:1080 mRotation:0
07-28 21:01:29.496  2161  5396 D AudioFlingerExtImpl: AudioFlingerExtImpl oplusSetParameters: keyvalue screen_state=on
07-28 21:01:29.496  2161  5396 D DeviceHalAidl: 0xb400007b76c7c200 DeviceHalAidl::setParameters
07-28 21:01:29.496  2161  5396 D DeviceHalAidl: setParameters: parameters: "screen_state=on"
07-28 21:01:29.497  4707  4707 D CastManagerService: onDisplayChanged.
07-28 21:01:29.497  4892  4892 I SystemUi--QuickSettings: OplusQSRootViewController-->setQsVisible: true rawFraction:0.023147931
07-28 21:01:29.497  3445  5385 I InputDispatcher: injectInputEvent: targetUid=<not set>, syncMode=WAIT_FOR_FINISHED, timeout=30000ms, policyFlags=0x8000000, event=MotionEvent { action=MOVE, id[0]=0, x[0]=900, y[0]=318.934, eventTime=59079000000, downTime=59035000000, deviceId=5, source=TOUCHSCREEN, displayId=0, eventId=0xd61c7fd2}
07-28 21:01:29.497  1894  3546 I PAL: ResourceManager: setParameter: 11480: Screen State:1
07-28 21:01:29.498  4892  4892 I SystemUi--QuickSettings: OplusQSRootViewController-->setListening: true
07-28 21:01:29.498  2161  5396 D DeviceHalAidl: 0xb400007b76c7c800 DeviceHalAidl::setParameters
07-28 21:01:29.498  2161  5396 D DeviceHalAidl: setParameters: parameters: "screen_state=on"
07-28 21:01:29.498  1894  4583 D AHAL_Module: updateScreenState: usb: 1
07-28 21:01:29.498  4892  4892 I SystemUi--QuickSettings: OplusLargeTileContainerViewController-->setListening listening=true
07-28 21:01:29.498  4892  4892 I SystemUi--QuickSettings: QSBrightnessFactory-->setListening listening:true
07-28 21:01:29.498  4892  4892 I SystemUi--QuickSettings: OplusQsBrightnessSliderController-->setListening listening:true mView: com.oplus.systemui.plugins.qs.widget.OplusQsToggleSliderLayout{b49188 V.E...... ......ID 558,244-737,643 #7f0a09f0 app:id/qs_brightness_slider_layout alpha=0.0 viewInfo = } value:0
07-28 21:01:29.498  4892  4892 I SystemUi--QuickSettings: OplusQsVolumeSliderController-->updateVolumeSeekBarMaxProgress: isNeedUpdate=true, maxVolumeProgress=16000, seekBarMaxProgress=1600, isInit=false
07-28 21:01:29.498  4892  4892 I SystemUi--QuickSettings: OplusQsVolumeSliderController-->updateVolumeSeekBarProgress: isNeedUpdate=true, isAllowUpdate=true, volumeLevel=0, seekBarLevel=0, initialVolumeSliderProgress=0, initialSeekBarVolumeLevel=-1, progressUpdated=false
07-28 21:01:29.498  2161  5396 D DeviceHalAidl: 0xb400007b76c7ce00 DeviceHalAidl::setParameters
07-28 21:01:29.498  4892  4892 I SystemUi--QuickSettings: OplusQsVolumeSliderController-->updateDisableShowVolumeDialog: isQsListening=true
07-28 21:01:29.498  2161  5396 D DeviceHalAidl: setParameters: parameters: "screen_state=on"
07-28 21:01:29.498  4892  4892 I SystemUi--Device_Panel: OplusQSMyDeviceContainerViewController-->setListening listening: true
07-28 21:01:29.498  4892  4892 I [DevicePlugin].SysUiPluginService.(main): setListening: isListening=true, _isSeparateMode=true
07-28 21:01:29.498  1894  3546 D AHAL_Module: updateScreenState: r_submix: 1
07-28 21:01:29.498  4892  4892 I [DevicePlugin].FixedSeparateModelPanel.(main): onCtrCenterShow
07-28 21:01:29.498  4892  4892 I [DevicePlugin].FixedSeparateModelPanel.(main): onResume
07-28 21:01:29.499  2161  5396 D DeviceHalAidl: 0xb400007b76c7d400 DeviceHalAidl::setParameters
07-28 21:01:29.499  2161  5396 D DeviceHalAidl: setParameters: parameters: "screen_state=on"
07-28 21:01:29.499  1894  3546 D AHAL_Module: updateScreenState: bluetooth: 1
07-28 21:01:29.499  4892  4892 I SystemUi--Common: NotificationShadeDepthC-->sceneFlag: 0x001, isStart = true, Current sceneFlags: 0x001
07-28 21:01:29.499  4892  4892 D NavigationBar: restrainNavigationBarInvertColor: true
07-28 21:01:29.499  4892  4892 D RegionSamplingHelper: animation scene, no need register sampling listener
07-28 21:01:29.499  2161  5396 D DeviceHalAidl: 0xb400007b76c7da00 DeviceHalAidl::setParameters
07-28 21:01:29.499  2161  5396 D DeviceHalAidl: setParameters: parameters: "screen_state=on"
07-28 21:01:29.499  1894  3546 D AHAL_Module: updateScreenState: bluetooth: 1
07-28 21:01:29.499  4892  4892 I SystemUi--Common: OplusShadeExpansionStat-->go state: CLOSED -> OPENING
07-28 21:01:29.499  4892  4892 I SystemUi--Common: OplusShadeExpansionStat-->go state: CLOSED -> OPENING
07-28 21:01:29.499  2161  5396 D DeviceHalAidl: 0xb400007b76c7e000 DeviceHalAidl::setParameters
07-28 21:01:29.499  2161  5396 D DeviceHalAidl: setParameters: parameters: "screen_state=on"
07-28 21:01:29.499  4892  4892 I SystemUi--Notification: OplusHeadsUpNotificationViewBinder-->isVisibility: true
07-28 21:01:29.499  1894  4583 D AHAL_Module: updateScreenState: stub: 1
07-28 21:01:29.500  4892  4892 I SystemUi--Keyguard: ScrimControllerExImp-->blur State to UNLOCK, bouncer=false changeFromBouncerScrim= false runnerUnlock= false goingAway=false hasHandle=true isOccludeAnimationPlaying=false
07-28 21:01:29.500  4892  4892 I SystemUi--Common: PlatformBlurManagerImpl-->setPlatformBlurMode: blurMode=AUTO(blurFrequency=2)
07-28 21:01:29.500  4892  4892 I SystemUi--Common: PlatformBlurManagerImpl-->updateMotionFrequency: isExpanding=true
07-28 21:01:29.500  3445  3714 D OplusVFXScreenEffectFeature: notifySFCompatWindowStateChange entered false
07-28 21:01:29.500  3445  3714 D FSS_FoldScreenBlackCoverController: displayChangeToOn, dc:Display{#0 state=ON size=1080x2376 ROTATION_0}
07-28 21:01:29.500  2178  2372 D [PREVIEW]: SF obtain preview_adapter: 0
07-28 21:01:29.500  2178  2372 D [PREVIEW]: TabletPreviewAdapter::parallel world 0
07-28 21:01:29.500  4892  5870 D Tile.CustomTile.OshareTileService: refreshState: tile not listening, ignore
07-28 21:01:29.500  4892  5870 D TileStateController: bindAppWhenListening: false ComponentInfo{com.coloros.oshare/com.oplus.oshare.OshareTileService}
07-28 21:01:29.500  4892  5870 I SystemUi--QuickSettings: Tile.CustomTile.OshareTileService-->bindServiceWhenListening: false when isOplusQsTile
07-28 21:01:29.500  4892  5870 D Tile.CustomTile.OshareTileService: refreshState: tile not listening, ignore
07-28 21:01:29.500  4892  4892 I SystemUi--Notification: OplusNotificationShadeWindowControllerExImpl-->isExpanded: isPowerBlock=false ,isErrorFpTouchWhenScreenOff=false ,qsPanelVisible=false, isAodMaskShow=false
07-28 21:01:29.501  4892  4892 I SystemUi--Notification: OplusNotificationShadeWindowControllerExImpl-->SHADE_FOCUSABLE-->mNotificationShadeFocusable= false, mPanelExpanded= false, mBouncerShowing= false, mKeyguardShowing= false, mKeyguardOccluded= false, mKeyguardNeedsInput= false, ENABLE_REMOTE_INPUT= true, mRemoteInputActive= false, layoutFlags= -2130444216
07-28 21:01:29.501  4892  4892 I SystemUi--Notification: OplusNotificationShadeWindowControllerExImpl-->SHADE_VISIBLE-->mKeyguardShowing= false, mKeyguardOccluded= false, mPanelVisible= false, mKeyguardFadingAway= false, mKeyguardGoingAway= false, mBouncerShowing= false, mScrimsVisibility= 1, mBackgroundBlurRadius= 0, mForcePluginOpen= false, mediaBackdropShowing= false, viewVisibility= true, qsBlurFraction= 0.023147931, panelBlurFraction= 0.0
07-28 21:01:29.501  3445  3714 D DisplayManagerService: performTraversalInternal pendingTraversal
07-28 21:01:29.501  4892  5870 D TileStateController: setListening listening: true component: ComponentInfo{com.oplus.eyeprotect/com.oplus.eyeprotect.services.EyeProtectTileService} userContext: com.android.systemui.SystemUIApplication@5613a53
07-28 21:01:29.501  3445  3714 D DisplayDevice: setLayerStackLocked id=local:4630946756802996883 token=android.os.BinderProxy@bd7dd82 stack=0->0
07-28 21:01:29.501  4892  6029 D [DevicePlugin].DataInterfaceImp.(DefaultDispatcher-worker-4): safeCall, method:panel_state
07-28 21:01:29.501  4892  4892 D UXUtils : notifyUiSwitched: 1
07-28 21:01:29.502  3445  3731 I UserAwareMgr: handleTopAppChanged: com.android.systemui, pid: 4892, uid: 10218
07-28 21:01:29.502  4892  5985 I SystemUi--Keyguard: OnScreenFingerprintUiMech-->hideFingerprintIconTemporarily for reason: panel expaned ShowForEnroll false mPendingHide false
07-28 21:01:29.502  4892  4892 I SystemUi--Notification: ScrimControllerExImp-->[onQsBottomVisibleChanged] qsBottomVisible=true
07-28 21:01:29.502  4892  4892 I SystemUi--Common: PlatformBlurManagerImpl-->resumeBlur: updatePlatformBlurState(updatePanelBlurState): shouldBlur, isKeyguardVisible=false, isKeyguardFadingAway=false, isPanelVisible=true, isShadeLock=false.
07-28 21:01:29.502  4892  4892 I SystemUi--Common: PlatformBlurManagerImpl-->forceStopMotionBlur: stop=false
07-28 21:01:29.502  4892  4892 I SystemUi--Keyguard: ScrimControllerExImp-->blur State to UNLOCK, bouncer=false changeFromBouncerScrim= false runnerUnlock= false goingAway=false hasHandle=true isOccludeAnimationPlaying=false
07-28 21:01:29.502  4892  5870 D Tile.CustomTile.EyeProtectTileService: refreshState: tile not listening, ignore
07-28 21:01:29.502  4892  5870 D TileStateController: bindAppWhenListening: false ComponentInfo{com.oplus.eyeprotect/com.oplus.eyeprotect.services.EyeProtectTileService}
07-28 21:01:29.502  4892  5870 I SystemUi--QuickSettings: Tile.CustomTile.EyeProtectTileService-->bindServiceWhenListening: false when isOplusQsTile
07-28 21:01:29.502  4892  5870 D Tile.CustomTile.EyeProtectTileService: refreshState: tile not listening, ignore
07-28 21:01:29.502  4892  7247 D OplusTileControllerPlugin: onSettingsStateChange: 1, componentName: ComponentInfo{com.oplus.eyeprotect/com.oplus.eyeprotect.services.EyeProtectTileService}
07-28 21:01:29.503  4892  4892 I SystemUi--Statusbar: PrivacyDotViewController-->scheduleUpdate: 
07-28 21:01:29.503  4892  4892 I SystemUi--Statusbar: PrivacyDotViewController-->needShow false
07-28 21:01:29.503  4892  4892 I SystemUi--Statusbar: PrivacyDotViewController-->scheduleUpdate: 
07-28 21:01:29.503  4892  4892 I SystemUi--Notification: OplusNotificationShadeWindowControllerExImpl-->SHADE_FOCUSABLE-->mNotificationShadeFocusable= true, mPanelExpanded= false, mBouncerShowing= false, mKeyguardShowing= false, mKeyguardOccluded= false, mKeyguardNeedsInput= false, ENABLE_REMOTE_INPUT= true, mRemoteInputActive= false, layoutFlags= -2130444216
07-28 21:01:29.503  4892  4892 I SystemUi--Notification: OplusNotificationShadeWindowControllerExImpl-->SHADE_VISIBLE-->mKeyguardShowing= false, mKeyguardOccluded= false, mPanelVisible= false, mKeyguardFadingAway= false, mKeyguardGoingAway= false, mBouncerShowing= false, mScrimsVisibility= 1, mBackgroundBlurRadius= 0, mForcePluginOpen= false, mediaBackdropShowing= false, viewVisibility= true, qsBlurFraction= 0.023147931, panelBlurFraction= 0.0
07-28 21:01:29.503  4892  5870 D Tile.CustomTile.PowerSaveTileService: refreshState: tile not listening, ignore
07-28 21:01:29.503  4892  5870 I SystemUi--QuickSettings: Tile.CustomTile.PowerSaveTileService-->bindServiceWhenListening: true as default
07-28 21:01:29.504  3445  5366 I VibratorManagerServiceExtImpl: cancelVibrate uid=1000, pid=3445, usageFilter=-15, token=58035647
07-28 21:01:29.504  4892  5226 I [UAH_CLIENT]: UahEventAcquire, cmdid:413, pkg:none, identity:OsenseHelperImpl
07-28 21:01:29.504  4892  4892 I SystemUi--QuickSettings: BackActionInteractor-->registerBackCallback true
07-28 21:01:29.504  4892  5870 D TileStateController: setListening listening: true component: ComponentInfo{com.oplus.linker/com.oplus.linker.synergy.service.TVTileService} userContext: com.android.systemui.SystemUIApplication@5613a53
07-28 21:01:29.504  3445  4464 D CoreBackPreview: Window{7633c3d u0 NotificationShade}: Setting back callback OnBackInvokedCallbackInfo{mCallback=android.window.IOnBackInvokedCallback$Stub$Proxy@af7bc8c, mPriority=0, mIsAnimationCallback=false}
07-28 21:01:29.504  4892  4892 I SystemUi--QuickSettings: OplusSeparateQSManager-->updateSeparateQSExpandState recomputeDisableFlags
07-28 21:01:29.504  4892  4892 I SystemUi--Statusbar: CollapsedSbFragment-->New visibilities calculated internally. StatusBarVisibilityModel(showClock: false showNotificationIcons:false showOngoingActivityChip:false showSystemInfo:false ) 
07-28 21:01:29.504  4892  4892 I SystemUi--Statusbar: CollapsedStatusBarFragmentExImpl-->animate: true, unlockAnimationRunning: false, fadingAway: false, keyguard: false
07-28 21:01:29.505  4892  4892 I SystemUi--Statusbar: CollapsedStatusBarFragmentExImpl-->StatusBarVisibilityModelEx: StatusBarVisibilityModelEx(showClock: false showPromptView:false showOngoingCallChip:false showNotificationContainer:false showOperatorName:false showSeedlingContainer:false ), animate: true
07-28 21:01:29.506  4892  5870 D Tile.CustomTile.TVTileService: refreshState: tile not listening, ignore
07-28 21:01:29.506  4892  7247 D OplusTileControllerPlugin: onSettingsStateChange: 1, componentName: ComponentInfo{com.oplus.linker/com.oplus.linker.synergy.service.TVTileService}
07-28 21:01:29.506  4892  5870 D TileStateController: bindAppWhenListening: false ComponentInfo{com.oplus.linker/com.oplus.linker.synergy.service.TVTileService}
07-28 21:01:29.506  4892  5870 I SystemUi--QuickSettings: Tile.CustomTile.TVTileService-->bindServiceWhenListening: false when isOplusQsTile
07-28 21:01:29.506  4892  5870 D Tile.CustomTile.TVTileService: refreshState: tile not listening, ignore
07-28 21:01:29.506  7398  7471 I mydevices[core].ProviderCallProcessor: (binder:7398_3)method: panel_state; arg: panel_resume
07-28 21:01:29.506  4892  4892 I SystemUi--Keyguard: KeyguardRapidUnlockUtils-->composeKeyguard show=true, reason=applyVisibility_show
07-28 21:01:29.506  7398  7471 I mydevices[core].ControlCenterManager: (binder:7398_3)onPanelShow
07-28 21:01:29.506  1726  1771 E TetherController: property_get sys.radio.data.modem_share_flag return 0, 1!
07-28 21:01:29.506  4892  5870 D Tile.CustomTile.WindowsLinkTileService: refreshState: tile not listening, ignore
07-28 21:01:29.506  4892  5870 D TileStateController: bindAppWhenListening: false ComponentInfo{com.microsoft.appmanager/com.microsoft.appmanager.quicksettings.WindowsLinkTileService}
07-28 21:01:29.506  4892  5870 I SystemUi--QuickSettings: Tile.CustomTile.WindowsLinkTileService-->bindServiceWhenListening: false when isActiveTile && isTileReady
07-28 21:01:29.507  4892  6029 D [DevicePlugin].DataInterfaceImp.(DefaultDispatcher-worker-4): safeCall, method:getPanelDeviceList
07-28 21:01:29.508  4892  4892 I SystemUi--Keyguard: KeyguardGlideTipView-->hideTips reason=hideGlideTipImmediateWithQsExpandingOrOplusKeyguardLoadOrGotoNtfCapsule withAnimator=true delayType=2
07-28 21:01:29.508  4892  4892 I SystemUi--Keyguard: KeyguardGlideTipView-->cancelBreathAnimation-isBreathAnimationRunning=false
07-28 21:01:29.508  4892  4892 I SystemUi--Keyguard: KeyguardAffordanceTipsView-->hideTips reason=QsExpandingOrOplusKeyguardLoadOrGotoNtfCapsule withAnimator=true delayType=2
07-28 21:01:29.508  4892  5870 D Tile.CustomTile.WirelessReverseControService: refreshState: tile not listening, ignore
07-28 21:01:29.508  4892  5870 I SystemUi--QuickSettings: Tile.CustomTile.WirelessReverseControService-->bindServiceWhenListening: true as default
07-28 21:01:29.508  7398  8715 I mydevices[core].CardsProxyManager: (DefaultDispatcher-worker-4)resume cards: [], visibleCount: 0, showPosition: 4
07-28 21:01:29.508  7398  8715 I mydevices[core].CardsProxyManager: (DefaultDispatcher-worker-4)notify cards size : 0, code = 1
07-28 21:01:29.508  7398  8715 I mydevices[core].CardsProxyManager: (DefaultDispatcher-worker-4)current cards is empty, no need to call the event
07-28 21:01:29.508  4892  5870 D TileStateController: updateCurrentStateIsNotDirty component:ComponentInfo{com.oplus.eyeprotect/com.oplus.eyeprotect.services.EyeProtectTileService}
07-28 21:01:29.508  7398  7471 I mydevices[core].ProviderCallProcessor: (binder:7398_3)method: getPanelDeviceList; arg: 
07-28 21:01:29.508  7398  8715 I mydevices[core].OPSynergyScannerImpl: (DefaultDispatcher-worker-4)reScan
07-28 21:01:29.508  4892  5870 D TileStateController: updateCurrentStateIsNotDirty component:ComponentInfo{com.oplus.linker/com.oplus.linker.synergy.service.TVTileService}
07-28 21:01:29.508  7398  8715 D OplusLog_DeviceKit_com.heytap.mydevices: [SynergyDeviceManager-63168789] isServiceBound
07-28 21:01:29.508  7398  8715 D OplusLog_DeviceKit_com.heytap.mydevices: [OpDeviceServiceClient-63168789] isServiceBound: null
07-28 21:01:29.508  7398  8715 I mydevices[core].CoreOpDeviceAction: (DefaultDispatcher-worker-4)isServiceBind: isBind: false
07-28 21:01:29.508  7398  8715 I mydevices[core].OPSynergyScannerImpl: (DefaultDispatcher-worker-4)getOpDeviceList
07-28 21:01:29.508  7398  8715 D OplusLog_DeviceKit_com.heytap.mydevices: [SynergyDeviceManager-63168789] getDeviceList: com.heytap.mydevices.core.action.CoreOpDeviceAction$d@257b00b
07-28 21:01:29.508  7398  8715 D OplusLog_DeviceKit_com.heytap.mydevices: [OpDeviceServiceClient-63168789] settings_opsynergy_has_device: 0
07-28 21:01:29.508  7398  7471 I mydevices[core].ControlCenterManager: (binder:7398_3)response data:DeviceSpaceInfo(version=2, panelDevices=[])
07-28 21:01:29.509  7398  7471 I mydevices[core].DeviceMainPageEvent: (binder:7398_3)uploadDeviceNumTypeName list empty
07-28 21:01:29.509  4892  5079 D RegionSamplingHelper =:    mCompositionSamplingListener.unregister
07-28 21:01:29.509  2178  2372 I BpBinder: onLastStrongRef automatically unlinking death recipients: 
07-28 21:01:29.509  4892  5079 I NotificationShadeWindowController: stop Pending key thread event (apply)
07-28 21:01:29.509  4892  5925 D UXUtils : setHasTopUi: true; stack: com.oplus.systemui.shade.OplusNotificationShadeWindowControllerExImpl$uxFlagUpdateRunnable$1.run:12
07-28 21:01:29.510  3445  3716 D DisplayManagerService: MSG_REQUEST_TRAVERSAL pendingCompleted=false
07-28 21:01:29.510  4892  4892 D ViewRootImplExtImpl: wrapConfigInfoIntoFlags rotation=0, smallestScreenWidthDp=0, residentWS=false, scenario=0, bounds=Rect(0, 0 - 1080, 2376), relayoutAsync=false, flags=1, newFlags=1245708289, title=NotificationShade
07-28 21:01:29.510  3445  5529 D WindowManagerServiceExtImpl: extractConfigInfoAndRealFlags rotation=0, screenDp=0, residentWS:0, scenario:0, bounds:2376, serverWinBounds:Rect(0, 0 - 1080, 2376), win=Window{7633c3d u0 NotificationShade}
07-28 21:01:29.510  3445  5529 V WindowManager: Relayout Window{7633c3d u0 NotificationShade}: viewVisibility=0, oldvis=4, req=1080x2376, vsysui=, x=0, y=0
07-28 21:01:29.510  3445  5529 I WindowManager: Window{7633c3d u0 NotificationShade} state from NO_SURFACE to DRAW_PENDING; reason: resetDrawState
07-28 21:01:29.510  2178  2372 D OplusLayer: setProcInfo (134,NotificationShade#134,com.android.systemui,0x4578D52F)
07-28 21:01:29.510  7398  8715 D OplusLog_DeviceKit_com.heytap.mydevices: [SynergyDeviceManager-63168789] getDeviceList result: com.heytap.mydevices.core.action.CoreOpDeviceAction$d@257b00b, success: true, devices: []
07-28 21:01:29.510  7398  8715 I mydevices[core].CoreOpDeviceAction: (DefaultDispatcher-worker-4)device input: []
07-28 21:01:29.510  7398  8715 I mydevices[core].OPSynergyScannerImpl: (DefaultDispatcher-worker-4)getOpDeviceList, onResult
07-28 21:01:29.511  3445  5529 D QuickBackInputPolicy: hasMultiChildrenInTask: false
07-28 21:01:29.511  3445  5529 D WindowManager: NFW_findFocusedWindowIfNeeded:Window{5eb429b u0 com.android.launcher/com.android.launcher.Launcher} mCurrentFocus:Window{5eb429b u0 com.android.launcher/com.android.launcher.Launcher}
07-28 21:01:29.512  4892  4892 W VRI[NotificationShade]: updateBlastSurfaceIfNeeded, surfaceSize:Point(1080, 2376), lastSurfaceSize:Point(1080, 2376), format:-3, blastBufferQueue:null
07-28 21:01:29.512  4892  4892 D BufferQueueConsumer: [](id:131c00000009,api:0,p:-1,c:4892) connect: controlledByApp=false
07-28 21:01:29.513  4892  4892 I SystemUi--Keyguard: KeyguardEngineContainer-->onConfigurationChanged, locale = en-US,zh-CN, mLastLocale= en-US,zh-CN
07-28 21:01:29.513  4892  4892 I SystemUi--Keyguard: KeyguardEngineContainer-->onConfigurationChanged. font = 0, mLastFlipFont = 0, density = 480, mDensity = 480
07-28 21:01:29.513  4892  4892 I SystemUi--Keyguard: KeyguardPluginManager-->maybeReloadNormalKeyguard, uses default LockScreen
07-28 21:01:29.513  4892  6029 I [DevicePlugin].DevicePanelPresenter.(DefaultDispatcher-worker-4): response code:30001; panelInfo:PanelInfo(panelState=DEVICE_HOME, panelDevices=[]), pluginVersion: 2
07-28 21:01:29.514  4892  6029 I [DevicePlugin].FixedSeparateModelPanel.(DefaultDispatcher-worker-4): onPanelInfoChanged
07-28 21:01:29.514  4892  6029 I [DevicePlugin].FixedSeparateModelPanel.(DefaultDispatcher-worker-4): updateView: panelState=DEVICE_HOME, panelDevices.size=0
07-28 21:01:29.514  4892  4892 E ndroid.systemui: No package ID ff found for resource ID 0xffffffff.
07-28 21:01:29.514  4892  4892 E ndroid.systemui: No package ID ff found for resource ID 0xffffffff.
07-28 21:01:29.514  4892  4892 E ndroid.systemui: No package ID ff found for resource ID 0xffffffff.
07-28 21:01:29.514  4892  4892 E ThemeUtils: View class com.oplus.systemui.keyguard.view.GeneralFontVariationTextView is an AppCompat widget that can only be used with a Theme.AppCompat theme (or descendant).
07-28 21:01:29.514  4892  4892 E ThemeUtils: View class com.oplus.systemui.keyguard.view.GeneralFontVariationTextView is an AppCompat widget that can only be used with a Theme.AppCompat theme (or descendant).
07-28 21:01:29.514  6695  6750 E oiface  : sched_setaffinity failed
07-28 21:01:29.514  4892  4892 I SystemUi--Keyguard: PictorialAppInfo-->isShowPictorialTipDevice true,bottomMargin=611
07-28 21:01:29.515  4892  4892 I SystemUi--Keyguard: PictorialFunctionContainer-->onWallpaperChange info is null or local or engine
07-28 21:01:29.515  4892  4892 I SystemUi--Keyguard: PictorialAppInfo-->isShowPictorialTipDevice true,bottomMargin=611
07-28 21:01:29.515  4892  4892 I SystemUi--Keyguard: PictorialAppInfo-->isShowPictorialTipDevice true,bottomMargin=611
07-28 21:01:29.515  4892  4892 I SystemUi--Notification: NotificationsQSContainerController-->onWindowConfigurationChange: splitShadeEnabled=false
07-28 21:01:29.515  4892  4892 I SystemUi--Notification: NotificationsQSContainerController-->updateResources: splitShadeEnabled=false, newSplitShadeEnabled=false
07-28 21:01:29.515  2035  2124 I gameoptHal: targetfps updated 6 -- 120
07-28 21:01:29.515  7000  7000 W Battery : PowerSaveTileService: onCreate
07-28 21:01:29.515  4892  4892 I SystemUi--Notification: OplusQSSimpleHeader-->shouldClick: true, isInSuperPowerSaveMode: false, isInWellBeingAssistantMode: false
07-28 21:01:29.515  4892  4892 I SystemUi--Notification: OplusQSSimpleHeader-->updateMarginTop, reason: configChange, newMarginTop: 102 currentMarginTop 102
07-28 21:01:29.516  4892  4892 I SystemUi--QuickSettings: OplusQuickStatusBarHeader-->[onConfigurationChanged] updateResources end, start call listener
07-28 21:01:29.517  4892  4930 D Tile.CustomTile.PowerSaveTileService: refreshState: tile not listening, ignore
07-28 21:01:29.518  4892  4930 D Tile.CustomTile.WirelessReverseControService: refreshState: tile not listening, ignore
07-28 21:01:29.519  4892  4892 I SystemUi--QuickSettings: OplusQuickStatusBarHeader-->[onConfigurationChanged] updateResources end, start call listener
07-28 21:01:29.519  4892  4892 I SystemUi--QuickSettings: OplusQSHighlightTileViewImpl-->updateIconViewSize mTileCanTips=true
07-28 21:01:29.520  4892  4892 I SystemUi--QuickSettings: OplusQSHighlightTileViewImpl-->updateIconViewSize mTileCanTips=true
07-28 21:01:29.521  4892  4892 I SystemUi--QuickSettings: OplusQsToggleSliderTouchExt-->getRealSize point: Point(1080, 2376) realScreenWidth: 1080 realScreenHeight: 2376
07-28 21:01:29.521  4892  4892 I SystemUi--QuickSettings: OplusQsToggleSliderLayout-->updateRadius radius= 57.815125, roundParams= OplusRoundParams(radiusDp=15.2, radius=45.6, weight=1.1, isCircle=false), isDefaultVolumeTheme = true
07-28 21:01:29.521  4892  4892 I COUIVerticalSeekBar: COUIVerticalSeekBar ensureSize : mIsProgressFull:true,mBackgroundRadius:45.6,mBackgroundWidth:179.0,mBackgroundEnlargeScale1.0,mProgressRadius:45.6,mProgressWidth:179.0,mProgressEnlargeScale1.0,mPaddingVertical45.6
07-28 21:01:29.521  4892  4892 I COUIVerticalSeekBar: updateBehavior * normalSeekBarHeight = 309,mPaddingVertical = 45.6,mIsPhysicsEnable = true,mPhysicalAnimator = null,mFlingBehavior = null,Thread_name = main,hashCode = 131439513,time = 1753750889521,stackChain = com.coui.appcompat.seekbar.COUIVerticalSeekBar.updateBehavior$1:14 com.coui.appcompat.seekbar.COUIVerticalSeekBar.ensureSize$1:182 com.coui.appcompat.seekbar.COUIVerticalSeekBar.setBackgroundRadius:3 com.oplus.systemui.qs.base.seek.OplusQsBaseToggleSliderLayout.updateRadius:60 
07-28 21:01:29.521  4892  4892 I COUIVerticalSeekBar: setPaddingVertical * paddingVertical = 45.6,hashCode = 131439513,time = 1753750889521
07-28 21:01:29.521  4892  4892 I COUIVerticalSeekBar: COUIVerticalSeekBar ensureSize : mIsProgressFull:true,mBackgroundRadius:45.6,mBackgroundWidth:179.0,mBackgroundEnlargeScale1.0,mProgressRadius:45.6,mProgressWidth:179.0,mProgressEnlargeScale1.0,mPaddingVertical45.6
07-28 21:01:29.521  4892  4892 I COUIVerticalSeekBar: updateBehavior * normalSeekBarHeight = 309,mPaddingVertical = 45.6,mIsPhysicsEnable = true,mPhysicalAnimator = null,mFlingBehavior = null,Thread_name = main,hashCode = 131439513,time = 1753750889521,stackChain = com.coui.appcompat.seekbar.COUIVerticalSeekBar.updateBehavior$1:14 com.coui.appcompat.seekbar.COUIVerticalSeekBar.ensureSize$1:182 com.coui.appcompat.seekbar.COUIVerticalSeekBar.setPaddingVertical:59 com.oplus.systemui.qs.base.seek.OplusQsBaseToggleSliderLayout.updateRadius:74 
07-28 21:01:29.521  4892  4892 I SystemUi--QuickSettings: OplusQsToggleSliderTouchExt-->getRealSize point: Point(1080, 2376) realScreenWidth: 1080 realScreenHeight: 2376
07-28 21:01:29.521  4892  4892 I SystemUi--QuickSettings: OplusQsToggleSliderLayout-->updateRadius radius= 57.815125, roundParams= OplusRoundParams(radiusDp=15.2, radius=45.6, weight=1.1, isCircle=false), isDefaultVolumeTheme = true
07-28 21:01:29.521  4892  4892 I COUIVerticalSeekBar: COUIVerticalSeekBar ensureSize : mIsProgressFull:true,mBackgroundRadius:45.6,mBackgroundWidth:179.0,mBackgroundEnlargeScale1.0,mProgressRadius:45.6,mProgressWidth:179.0,mProgressEnlargeScale1.0,mPaddingVertical45.6
07-28 21:01:29.521  4892  4892 I COUIVerticalSeekBar: updateBehavior * normalSeekBarHeight = 309,mPaddingVertical = 45.6,mIsPhysicsEnable = true,mPhysicalAnimator = null,mFlingBehavior = null,Thread_name = main,hashCode = 205923537,time = 1753750889521,stackChain = com.coui.appcompat.seekbar.COUIVerticalSeekBar.updateBehavior$1:14 com.coui.appcompat.seekbar.COUIVerticalSeekBar.ensureSize$1:182 com.coui.appcompat.seekbar.COUIVerticalSeekBar.setBackgroundRadius:3 com.oplus.systemui.qs.base.seek.OplusQsBaseToggleSliderLayout.updateRadius:60 
07-28 21:01:29.521  4892  4892 I COUIVerticalSeekBar: setPaddingVertical * paddingVertical = 45.6,hashCode = 205923537,time = 1753750889521
07-28 21:01:29.521  4892  4892 I COUIVerticalSeekBar: COUIVerticalSeekBar ensureSize : mIsProgressFull:true,mBackgroundRadius:45.6,mBackgroundWidth:179.0,mBackgroundEnlargeScale1.0,mProgressRadius:45.6,mProgressWidth:179.0,mProgressEnlargeScale1.0,mPaddingVertical45.6
07-28 21:01:29.521  4892  4892 I COUIVerticalSeekBar: updateBehavior * normalSeekBarHeight = 309,mPaddingVertical = 45.6,mIsPhysicsEnable = true,mPhysicalAnimator = null,mFlingBehavior = null,Thread_name = main,hashCode = 205923537,time = 1753750889521,stackChain = com.coui.appcompat.seekbar.COUIVerticalSeekBar.updateBehavior$1:14 com.coui.appcompat.seekbar.COUIVerticalSeekBar.ensureSize$1:182 com.coui.appcompat.seekbar.COUIVerticalSeekBar.setPaddingVertical:59 com.oplus.systemui.qs.base.seek.OplusQsBaseToggleSliderLayout.updateRadius:74 
07-28 21:01:29.521  4892  4892 I [DevicePlugin].NoDeviceEntranceCardView.(main): onConfigurationChanged
07-28 21:01:29.521  4892  4892 I [DevicePlugin].PlatformUtils.(main): isLowGaussianLevel: DEBUG_LEVEL = -1, ANIM_LEVEL = 1
07-28 21:01:29.521  4892  4892 I [DevicePlugin].PlatformUtils.(main): isGlobalThemeApplied: isGlobalTheme=false
07-28 21:01:29.521  4892  4892 I [DevicePlugin].PlatformUtils.(main): isBlurEnable: enable=true
07-28 21:01:29.521  4892  4892 I [DevicePlugin].PlatformUtils.(main): isGlobalThemeApplied: isGlobalTheme=false
07-28 21:01:29.521  4892  4892 I [DevicePlugin].PlatformUtils.(main): isLightOsGaussianLevel: DEBUG_LEVEL = -1, ANIM_LEVEL = 1
07-28 21:01:29.521  4892  4892 I [DevicePlugin].PlatformUtils.(main): isLightBlurEnable: enable=false
07-28 21:01:29.521  4892  4892 I [DevicePlugin].RectangleDeviceCardView.(main): onConfigurationChanged
07-28 21:01:29.521  4892  4892 I [DevicePlugin].PlatformUtils.(main): isLowGaussianLevel: DEBUG_LEVEL = -1, ANIM_LEVEL = 1
07-28 21:01:29.521  4892  4892 I [DevicePlugin].PlatformUtils.(main): isGlobalThemeApplied: isGlobalTheme=false
07-28 21:01:29.521  4892  4892 I [DevicePlugin].PlatformUtils.(main): isBlurEnable: enable=true
07-28 21:01:29.521  4892  4892 I [DevicePlugin].PlatformUtils.(main): isGlobalThemeApplied: isGlobalTheme=false
07-28 21:01:29.521  4892  4892 I [DevicePlugin].PlatformUtils.(main): isLightOsGaussianLevel: DEBUG_LEVEL = -1, ANIM_LEVEL = 1
07-28 21:01:29.521  4892  4892 I [DevicePlugin].PlatformUtils.(main): isLightBlurEnable: enable=false
07-28 21:01:29.521  4892  4892 I [DevicePlugin].RectangleEntranceCardView.(main): onConfigurationChanged
07-28 21:01:29.521  4892  4892 I [DevicePlugin].PlatformUtils.(main): isLowGaussianLevel: DEBUG_LEVEL = -1, ANIM_LEVEL = 1
07-28 21:01:29.521  4892  4892 I [DevicePlugin].PlatformUtils.(main): isGlobalThemeApplied: isGlobalTheme=false
07-28 21:01:29.521  4892  4892 I [DevicePlugin].PlatformUtils.(main): isBlurEnable: enable=true
07-28 21:01:29.521  4892  4892 I [DevicePlugin].PlatformUtils.(main): isGlobalThemeApplied: isGlobalTheme=false
07-28 21:01:29.521  4892  4892 I [DevicePlugin].PlatformUtils.(main): isLightOsGaussianLevel: DEBUG_LEVEL = -1, ANIM_LEVEL = 1
07-28 21:01:29.521  4892  4892 I [DevicePlugin].PlatformUtils.(main): isLightBlurEnable: enable=false
07-28 21:01:29.521  4892  4892 I [DevicePlugin].RectangleDeviceCardView.(main): onConfigurationChanged
07-28 21:01:29.521  4892  4892 I [DevicePlugin].PlatformUtils.(main): isLowGaussianLevel: DEBUG_LEVEL = -1, ANIM_LEVEL = 1
07-28 21:01:29.521  4892  4892 I [DevicePlugin].PlatformUtils.(main): isGlobalThemeApplied: isGlobalTheme=false
07-28 21:01:29.521  4892  4892 I [DevicePlugin].PlatformUtils.(main): isBlurEnable: enable=true
07-28 21:01:29.521  4892  4892 I [DevicePlugin].PlatformUtils.(main): isGlobalThemeApplied: isGlobalTheme=false
07-28 21:01:29.521  4892  4892 I [DevicePlugin].PlatformUtils.(main): isLightOsGaussianLevel: DEBUG_LEVEL = -1, ANIM_LEVEL = 1
07-28 21:01:29.521  4892  4892 I [DevicePlugin].PlatformUtils.(main): isLightBlurEnable: enable=false
07-28 21:01:29.521  4892  4892 I [DevicePlugin].SquareDeviceCardView.(main): onConfigurationChanged
07-28 21:01:29.521  4892  4892 I [DevicePlugin].PlatformUtils.(main): isLowGaussianLevel: DEBUG_LEVEL = -1, ANIM_LEVEL = 1
07-28 21:01:29.521  4892  4892 I [DevicePlugin].PlatformUtils.(main): isGlobalThemeApplied: isGlobalTheme=false
07-28 21:01:29.521  4892  4892 I [DevicePlugin].PlatformUtils.(main): isBlurEnable: enable=true
07-28 21:01:29.521  4892  4892 I [DevicePlugin].PlatformUtils.(main): isGlobalThemeApplied: isGlobalTheme=false
07-28 21:01:29.521  4892  4892 I [DevicePlugin].PlatformUtils.(main): isLightOsGaussianLevel: DEBUG_LEVEL = -1, ANIM_LEVEL = 1
07-28 21:01:29.521  4892  4892 I [DevicePlugin].PlatformUtils.(main): isLightBlurEnable: enable=false
07-28 21:01:29.521  4892  4892 I [DevicePlugin].SquareEntranceCardView.(main): onConfigurationChanged
07-28 21:01:29.521  4892  4892 I [DevicePlugin].PlatformUtils.(main): isLowGaussianLevel: DEBUG_LEVEL = -1, ANIM_LEVEL = 1
07-28 21:01:29.521  4892  4892 I [DevicePlugin].PlatformUtils.(main): isGlobalThemeApplied: isGlobalTheme=false
07-28 21:01:29.521  4892  4892 I [DevicePlugin].PlatformUtils.(main): isBlurEnable: enable=true
07-28 21:01:29.521  4892  4892 I [DevicePlugin].PlatformUtils.(main): isGlobalThemeApplied: isGlobalTheme=false
07-28 21:01:29.521  4892  4892 I [DevicePlugin].PlatformUtils.(main): isLightOsGaussianLevel: DEBUG_LEVEL = -1, ANIM_LEVEL = 1
07-28 21:01:29.521  4892  4892 I [DevicePlugin].PlatformUtils.(main): isLightBlurEnable: enable=false
07-28 21:01:29.521  4892  4892 I [DevicePlugin].SquareDeviceCardView.(main): onConfigurationChanged
07-28 21:01:29.521  4892  4892 I [DevicePlugin].PlatformUtils.(main): isLowGaussianLevel: DEBUG_LEVEL = -1, ANIM_LEVEL = 1
07-28 21:01:29.521  4892  4892 I [DevicePlugin].PlatformUtils.(main): isGlobalThemeApplied: isGlobalTheme=false
07-28 21:01:29.521  4892  4892 I [DevicePlugin].PlatformUtils.(main): isBlurEnable: enable=true
07-28 21:01:29.521  4892  4892 I [DevicePlugin].PlatformUtils.(main): isGlobalThemeApplied: isGlobalTheme=false
07-28 21:01:29.521  4892  4892 I [DevicePlugin].PlatformUtils.(main): isLightOsGaussianLevel: DEBUG_LEVEL = -1, ANIM_LEVEL = 1
07-28 21:01:29.521  4892  4892 I [DevicePlugin].PlatformUtils.(main): isLightBlurEnable: enable=false
07-28 21:01:29.521  4892  4892 I [DevicePlugin].SquareDeviceCardView.(main): onConfigurationChanged
07-28 21:01:29.521  4892  4892 I [DevicePlugin].PlatformUtils.(main): isLowGaussianLevel: DEBUG_LEVEL = -1, ANIM_LEVEL = 1
07-28 21:01:29.521  4892  4892 I [DevicePlugin].PlatformUtils.(main): isGlobalThemeApplied: isGlobalTheme=false
07-28 21:01:29.521  4892  4892 I [DevicePlugin].PlatformUtils.(main): isBlurEnable: enable=true
07-28 21:01:29.521  4892  4892 I [DevicePlugin].PlatformUtils.(main): isGlobalThemeApplied: isGlobalTheme=false
07-28 21:01:29.521  4892  4892 I [DevicePlugin].PlatformUtils.(main): isLightOsGaussianLevel: DEBUG_LEVEL = -1, ANIM_LEVEL = 1
07-28 21:01:29.521  4892  4892 I [DevicePlugin].PlatformUtils.(main): isLightBlurEnable: enable=false
07-28 21:01:29.521  4892  4892 I [DevicePlugin].SquareDeviceCardView.(main): onConfigurationChanged
07-28 21:01:29.521  4892  4892 I [DevicePlugin].PlatformUtils.(main): isLowGaussianLevel: DEBUG_LEVEL = -1, ANIM_LEVEL = 1
07-28 21:01:29.521  4892  4892 I [DevicePlugin].PlatformUtils.(main): isGlobalThemeApplied: isGlobalTheme=false
07-28 21:01:29.521  4892  4892 I [DevicePlugin].PlatformUtils.(main): isBlurEnable: enable=true
07-28 21:01:29.521  4892  4892 I [DevicePlugin].PlatformUtils.(main): isGlobalThemeApplied: isGlobalTheme=false
07-28 21:01:29.521  4892  4892 I [DevicePlugin].PlatformUtils.(main): isLightOsGaussianLevel: DEBUG_LEVEL = -1, ANIM_LEVEL = 1
07-28 21:01:29.521  4892  4892 I [DevicePlugin].PlatformUtils.(main): isLightBlurEnable: enable=false
07-28 21:01:29.521  4892  4892 I [DevicePlugin].SquareEntranceCardView.(main): onConfigurationChanged
07-28 21:01:29.521  4892  4892 I [DevicePlugin].PlatformUtils.(main): isLowGaussianLevel: DEBUG_LEVEL = -1, ANIM_LEVEL = 1
07-28 21:01:29.521  4892  4892 I [DevicePlugin].PlatformUtils.(main): isGlobalThemeApplied: isGlobalTheme=false
07-28 21:01:29.521  4892  4892 I [DevicePlugin].PlatformUtils.(main): isBlurEnable: enable=true
07-28 21:01:29.521  4892  4892 I [DevicePlugin].PlatformUtils.(main): isGlobalThemeApplied: isGlobalTheme=false
07-28 21:01:29.521  4892  4892 I [DevicePlugin].PlatformUtils.(main): isLightOsGaussianLevel: DEBUG_LEVEL = -1, ANIM_LEVEL = 1
07-28 21:01:29.521  4892  4892 I [DevicePlugin].PlatformUtils.(main): isLightBlurEnable: enable=false
07-28 21:01:29.524  4892  4892 I SystemUi--QuickSettings: OplusSeparateQSCustomizer-->updateResources tileRow= 3
07-28 21:01:29.524  4892  4892 I SystemUi--QuickSettings: OplusSeparateQSCustomizer--> mUsableWidth=1080
07-28 21:01:29.524  4892  4892 I SystemUi--QuickSettings: OplusSeparateQSCustomizer--> mEditCellWidth=175 mEditCellMarginHorizontal=66 mItemHeight=271 mHorizontalSidePadding=57
07-28 21:01:29.524  4892  4892 I SystemUi--QuickSettings: OplusQsToggleSliderTouchExt-->getRealSize point: Point(1080, 2376) realScreenWidth: 1080 realScreenHeight: 2376
