07-28 03:38:46.021  4898  4898 I SystemUi--QuickSettings: TemporarilyInfoManager-->[showElement] com.oplus.systemui.qs.base.temporarilyinfo.TemporarilyInfoManager$createViewToParent$1{e5178a V.ED..... ......ID 0,0-0,0 #7f0a0cb6 app:id/temporarily_info_view alpha=0.0 viewInfo = } for Element(text=Airplane mode off, groupId=Airplane mode, style=InfoShowStyle(textSize=16.0, sizeUnit=2, textColor=-1, showDuration=1500, alongWithReplacedView=true))
07-28 03:38:46.022  4898  4898 I SystemUi--QuickSettings: TemporarilyInfoManager-->[animateShow] com.oplus.systemui.qs.base.temporarilyinfo.TemporarilyInfoManager$createViewToParent$1{e5178a VFED..C.. ......ID 0,0-0,0 #7f0a0cb6 app:id/temporarily_info_view alpha=0.0 viewInfo = } start
07-28 03:38:46.054  4898  4898 I SystemUi--QuickSettings: QsLottieUtils-->getLottieAnimFile : qs/qs_cellular_lottie_active_sep_dual_light.json
07-28 03:38:46.072  3446  3924 D QmiClient: qmiServiceEventCallback recv msg id 1106
07-28 03:38:46.072  3446  3924 D QmiVsClient: enter - onQmiServiceEventCallback msgId 1106
07-28 03:38:46.072  3446  3471 D VsProxy : handleMessage msg is 2425
07-28 03:38:46.073  3446  3471 D VsProxy : handleServingCellInfoChangeInd for instance 0
07-28 03:38:46.073  3446  3446 D RadioServiceIndication: radioServingCellInfoInd
07-28 03:38:46.073  3446  3446 D RadioServiceIndication: radioServingCellInfoInd
07-28 03:38:46.073  5196  6234 D SubsysRadioIndication[0]: radioServingCellInfoInd
07-28 03:38:46.074  5196  6234 D SubsysRadioIndication[0]: radioServingCellInfoInd
07-28 03:38:46.074  5196  5196 D NetworkService[0]: handleMessage what:1003
07-28 03:38:46.075  5196  5196 D NetworkService[0]: handleMessage what:1003
07-28 03:38:46.075  5019  5891 D RadioEvent: onCellInfoChanged slotId=0
07-28 03:38:46.076  5019  5891 D RadioEvent: onCellInfoChanged slotId=0
07-28 03:38:46.077  3446  3918 D QmiClient: qmiServiceEventCallback recv msg id 78
07-28 03:38:46.077  3446  3918 D QmiNasClient: enter : onQmiServiceEventCallback msgId 78
07-28 03:38:46.077  3446  3918 D QmiNasClientEvent: qmiNasClientNotifySysInfoEvent lte_ims_voice_avail_valid 0
07-28 03:38:46.077  3446  3491 D NasProxy: handleMessage msg is 2101
07-28 03:38:46.077  3446  3491 D NasProxy: handleNasSysInfoEvent for instance 0
07-28 03:38:46.078  5196  6234 D SubsysRadioIndication[0]: radioNr5gFreqTypeIndication, nr5gFreqType = 0
07-28 03:38:46.078  3446  3918 D QmiClient: qmiServiceEventCallback recv msg id 276
07-28 03:38:46.078  3446  3918 D QmiNasClient: enter : onQmiServiceEventCallback msgId 276
07-28 03:38:46.078  3446  3918 D QmiNasClientEvent: qmiNasClientAccessBarringStatusEvent - RADIO_EVENT_NAS_ACCESS_BARRING_STATUS_IND
07-28 03:38:46.078  3446  3491 D NasProxy: handleMessage msg is 2104
07-28 03:38:46.078  5196  5196 D QtiCellularNetwork: handleNr5gFreqTypeChanged 0, nr5gFreqType = 0
07-28 03:38:46.078  3447  3922 D QmiClient: qmiServiceEventCallback recv msg id 276
07-28 03:38:46.078  3447  3922 D QmiNasClient: enter : onQmiServiceEventCallback msgId 276
07-28 03:38:46.078  3447  3922 D QmiNasClientEvent: qmiNasClientAccessBarringStatusEvent - RADIO_EVENT_NAS_ACCESS_BARRING_STATUS_IND
07-28 03:38:46.078  3447  3481 D NasProxy: handleMessage msg is 2104
07-28 03:38:46.080  5196  6234 D SubsysRadioIndication[1]: radioNasAccessBarringStatusInd, NasAccessBarringStatusType: radioIf:12, dataBarringStatus:0, dataBarringTime:0, voiceBarringStatus:0, voiceBarringTime:0, videoBarringStatus:0, videoBarringTime:0
07-28 03:38:46.080  5196  6234 D SubsysRadioIndication[1]: notify enter
07-28 03:38:46.080  5196  6466 D SubsysRadioIndication[0]: radioNasAccessBarringStatusInd, NasAccessBarringStatusType: radioIf:12, dataBarringStatus:0, dataBarringTime:0, voiceBarringStatus:0, voiceBarringTime:0, videoBarringStatus:0, videoBarringTime:0
07-28 03:38:46.080  5196  6466 D SubsysRadioIndication[0]: notify enter
07-28 03:38:46.080  5122  5146 I QImsService: ImsRadioIndicationAidl : onServiceDomainChanged()[SUB0]
07-28 03:38:46.080  5122  5146 I QImsService: ImsSenderRxr : [UNSL]< UNSOL_SERVICE_DOMAIN_CHANGED 0[SUB0]
07-28 03:38:46.081  5122  5122 I QImsService: ImsRegistrationController : Message received: what = 5
07-28 03:38:46.081  5122  5122 I QImsService: ImsRegistrationController : handleSrvDomainChanged
07-28 03:38:46.081  2031  7183 D charge_time: type=sdp,reserve_soc=2,soc=36,ui_soc=38,current=146,avg=146,not_chg_cnt=0,stable_cnt=7,fcc=5724,fcc_ratio=94,delta=44,debug=0,region=17,ttf=41670(11:34:30),ui_ttf=25047(06:57:27)
07-28 03:38:46.083  5152  6235 D IWlanJni: getDataRegistrationState start
07-28 03:38:46.083  5152  6245 D IWlanJni: new aidl event arrived
07-28 03:38:46.083  5152  6245 D IWlanJni: handleEvent 10
07-28 03:38:46.083  5152  6245 D IWlanJni: isThreadAttached start
07-28 03:38:46.083  5152  6245 D IWlanJni: jni detached
07-28 03:38:46.083  5152  6245 D IWlanJni: jni attached
07-28 03:38:46.083  5152  6245 D IWlanJni: getDataRegistrationStateResponse start
07-28 03:38:46.083  5152  6245 D IWlanJni: getJavaCallbackClass start
07-28 03:38:46.083  5152  6245 D IWlanJni: getJavaCallbackClass End midIs[1]
07-28 03:38:46.083  5152  6245 I IWlanAidlClient: getDataRegistrationStateResponse called
07-28 03:38:46.083  5152  6244 W IWlanNetworkService: 14 > Response Processed
07-28 03:38:46.086  5004  9000 D QtiOemHookAidl: oemHookRawIndication length=21
07-28 03:38:46.087  5004  5004 D QcrilMsgTunnelIfaceManager: handleMessage what = 0
07-28 03:38:46.088  4956  4956 D QC_RIL_OEM_HOOK: Received Broadcast Intent ACTION_UNSOL_RESPONSE_OEM_HOOK_RAW
07-28 03:38:46.088  4956  4956 D QC_RIL_OEM_HOOK: Received Broadcast Intent ACTION_UNSOL_RESPONSE_OEM_HOOK_RAW
07-28 03:38:46.088  4956  4956 D QC_RIL_OEM_HOOK: Received Broadcast Intent ACTION_UNSOL_RESPONSE_OEM_HOOK_RAW
07-28 03:38:46.088  5004  5004 D QC_RIL_OEM_HOOK: Received Broadcast Intent ACTION_UNSOL_RESPONSE_OEM_HOOK_RAW
07-28 03:38:46.090  4956  4956 D OplusTelephonyController: onSignalStrengthChanged: SignalStrength=SignalStrength:{mCdma=CellSignalStrengthCdma: cdmaDbm=2147483647 cdmaEcio=2147483647 evdoDbm=2147483647 evdoEcio=2147483647 evdoSnr=2147483647 level=0,mGsm=CellSignalStrengthGsm: rssi=2147483647 ber=2147483647 mTa=2147483647 mLevel=0,mWcdma=CellSignalStrengthWcdma: ss=2147483647 ber=2147483647 rscp=2147483647 ecno=2147483647 level=0,mTdscdma=CellSignalStrengthTdscdma: rssi=2147483647 ber=2147483647 rscp=2147483647 level=0,mLte=CellSignalStrengthLte: rssi=2147483647 rsrp=2147483647 rsrq=2147483647 rssnr=2147483647 cqiTableIndex=2147483647 cqi=2147483647 ta=2147483647 level=0 parametersUseForLevel=0,mNr=CellSignalStrengthNr:{ csiRsrp = 2147483647 csiRsrq = 2147483647 csiCqiTableIndex = 2147483647 csiCqiReport = [] ssRsrp = 2147483647 ssRsrq = 2147483647 ssSinr = 2147483647 level = 0 parametersUseForLevel = 0 timingAdvance = 2147483647 },primary=CellSignalStrengthLte}
07-28 03:38:46.090  5152  6235 D IWlanJni: getDataRegistrationState start
07-28 03:38:46.090  8251 12147 W LOG_FLOWCTRL: ==LOGS OVER PROC QUOTA(300), rows(22) bytes(2164) com.oplus.metis DROPPED==
07-28 03:38:46.090  8251 12147 I LogCacheHelper: cache log scheduled task [base|com.oplus.metis|1.5.5-f48228a]
07-28 03:38:46.090  8251 12147 E metis_v2_JenaHandlerManager_cache: 2025-07-28 03:38:45.088000		9715		local thread match
07-28 03:38:46.090  8251 12147 E metis_v2_JenaHandlerManager_cache: 2025-07-28 03:38:45.089000		9715		local thread match
07-28 03:38:46.090  8251 12147 E metis_v2_JenaHandlerManager_cache: 2025-07-28 03:38:45.089000		9715		local thread match
07-28 03:38:46.090  8251 12147 E metis_v2_JenaHandlerManager_cache: 2025-07-28 03:38:45.089000		9715		local thread match
07-28 03:38:46.090  8251 12147 E metis_v2_JenaHandlerManager_cache: 2025-07-28 03:38:45.089000		9715		local thread match
07-28 03:38:46.090  8251 12147 E metis_v2_JenaHandlerManager_cache: 2025-07-28 03:38:45.089000		9715		local thread match
07-28 03:38:46.090  8251 12147 E metis_v2_JenaHandlerManager_cache: 2025-07-28 03:38:45.089000		9715		local thread match
07-28 03:38:46.090  8251 12147 E metis_v2_JenaHandlerManager_cache: 2025-07-28 03:38:45.089000		9715		local thread match
07-28 03:38:46.090  8251 12147 E metis_v2_JenaHandlerManager_cache: 2025-07-28 03:38:45.089000		9715		local thread match
07-28 03:38:46.090  8251 12147 E metis_v2_JenaHandlerManager_cache: 2025-07-28 03:38:45.089000		9715		local thread match
07-28 03:38:46.090  8251 12147 E metis_v2_JenaHandlerManager_cache: 2025-07-28 03:38:45.089000		9715		local thread match
07-28 03:38:46.090  8251 12147 E metis_v2_JenaHandlerManager_cache: 2025-07-28 03:38:45.089000		9715		local thread match
07-28 03:38:46.090  8251 12147 E metis_v2_JenaHandlerManager_cache: 2025-07-28 03:38:45.089000		9715		local thread match
07-28 03:38:46.090  8251 12147 E metis_v2_JenaHandlerManager_cache: 2025-07-28 03:38:45.089000		9715		local thread match
07-28 03:38:46.090  8251 12147 E metis_v2_JenaHandlerManager_cache: 2025-07-28 03:38:45.089000		9715		local thread match
07-28 03:38:46.090  8251 12147 E metis_v2_JenaHandlerManager_cache: 2025-07-28 03:38:45.089000		9715		local thread match
07-28 03:38:46.090  8251 12147 E metis_v2_JenaHandlerManager_cache: 2025-07-28 03:38:45.089000		9715		local thread match
07-28 03:38:46.090  8251 12147 E metis_v2_JenaHandlerManager_cache: 2025-07-28 03:38:45.089000		9715		local thread match
07-28 03:38:46.090  8251 12147 E metis_v2_JenaHandlerManager_cache: 2025-07-28 03:38:45.089000		9715		local thread match
07-28 03:38:46.090  8251 12147 E metis_v2_JenaHandlerManager_cache: 2025-07-28 03:38:45.089000		9715		local thread match
07-28 03:38:46.090  8251 12147 E metis_v2_JenaHandlerManager_cache: 2025-07-28 03:38:45.089000		9715		local thread match
07-28 03:38:46.090  8251 12147 E metis_v2_JenaHandlerManager_cache: 2025-07-28 03:38:45.089000		9715		local thread match
07-28 03:38:46.090  8251 12147 E metis_v2_JenaHandlerManager_cache: 2025-07-28 03:38:45.089000		9715		local thread match
07-28 03:38:46.090  8251 12147 E metis_v2_JenaHandlerManager_cache: 2025-07-28 03:38:45.089000		9715		local thread match
07-28 03:38:46.090  8251 12147 E metis_v2_JenaHandlerManager_cache: 2025-07-28 03:38:45.089000		9715		local thread match
07-28 03:38:46.090  8251 12147 E metis_v2_JenaHandlerManager_cache: 2025-07-28 03:38:45.089000		9715		local thread match
07-28 03:38:46.090  8251 12147 E metis_v2_JenaHandlerManager_cache: 2025-07-28 03:38:45.089000		9715		local thread match
07-28 03:38:46.090  8251 12147 E metis_v2_JenaHandlerManager_cache: 2025-07-28 03:38:45.089000		9715		local thread match
07-28 03:38:46.090  8251 12147 E metis_v2_JenaHandlerManager_cache: 2025-07-28 03:38:45.089000		9715		local thread match
07-28 03:38:46.090  8251 12147 E metis_v2_JenaHandlerManager_cache: 2025-07-28 03:38:45.089000		9715		local thread match
07-28 03:38:46.090  8251 12147 E metis_v2_JenaHandlerManager_cache: 2025-07-28 03:38:45.089000		9715		local thread match
07-28 03:38:46.090  8251 12147 E metis_v2_JenaHandlerManager_cache: 2025-07-28 03:38:45.089000		9715		local thread match
07-28 03:38:46.090  5196  5196 D SubsysEventListenerManager-SubsysTelephonyCallback[0]: onSignalStrengthsChanged
07-28 03:38:46.090  8251 12147 E metis_v2_JenaHandlerManager_cache: 2025-07-28 03:38:45.089000		9715		local thread match
07-28 03:38:46.090  8251 12147 E metis_v2_JenaHandlerManager_cache: 2025-07-28 03:38:45.089000		9715		local thread match
07-28 03:38:46.090  8251 12147 E metis_v2_JenaHandlerManager_cache: 2025-07-28 03:38:45.089000		9715		local thread match
07-28 03:38:46.090  8251 12147 E metis_v2_JenaHandlerManager_cache: 2025-07-28 03:38:45.089000		9715		local thread match
07-28 03:38:46.090  8251 12147 E metis_v2_JenaHandlerManager_cache: 2025-07-28 03:38:45.089000		9715		local thread match
07-28 03:38:46.090  8251 12147 E metis_v2_JenaHandlerManager_cache: 2025-07-28 03:38:45.089000		9715		local thread match
07-28 03:38:46.090  8251 12147 E metis_v2_JenaHandlerManager_cache: 2025-07-28 03:38:45.089000		9715		local thread match
07-28 03:38:46.090  8251 12147 I ContextAware_IntentSwitchManager_cache: 2025-07-28 03:38:45.089000		9684		getSubSwitchStatus = {application_suggestions=true}
07-28 03:38:46.090  8251 12147 E metis_v2_JenaHandlerManager_cache: 2025-07-28 03:38:45.089000		9715		local thread match
07-28 03:38:46.090  8251 12147 I ContextAware_SortAlgorithmManager.ReorderProcessor.RuleReRanker_cache: 2025-07-28 03:38:45.089000		9684		sceneIntentRerank sceneFinalScoreMap:{scene rerank, use defaultScore, finalScore:13151001DYNAMIC_SUBSTITUTE=3.12}
07-28 03:38:46.090  8251 12147 E metis_v2_JenaHandlerManager_cache: 2025-07-28 03:38:45.089000		9715		local thread match
07-28 03:38:46.090  8251 12147 E metis_v2_JenaHandlerManager_cache: 2025-07-28 03:38:45.089000		9715		local thread match
07-28 03:38:46.090  8251 12147 I metis_v2_BreenoSwitchSettingObserver_cache: 2025-07-28 03:38:45.089000		9684		panta-sugg-getMasterSwitchStatus from cache:true
07-28 03:38:46.090  8251 12147 E metis_v2_JenaHandlerManager_cache: 2025-07-28 03:38:45.089000		9715		local thread match
07-28 03:38:46.090  8251 12147 E metis_v2_JenaHandlerManager_cache: 2025-07-28 03:38:45.089000		9715		local thread match
07-28 03:38:46.090  8251 12147 E metis_v2_JenaHandlerManager_cache: 2025-07-28 03:38:45.089000		9715		local thread match
07-28 03:38:46.090  8251 12147 I ContextAware_IntentSwitchManager_cache: 2025-07-28 03:38:45.089000		9684		getSubSwitchStatus = {tips=true}
07-28 03:38:46.090  8251 12147 E metis_v2_JenaHandlerManager_cache: 2025-07-28 03:38:45.089000		9715		local thread match
07-28 03:38:46.091  8251 12147 I ContextAware_IntentSwitchManager_cache: 2025-07-28 03:38:45.089000		9684		isExistInSceneInfoActionList pantanalIntentAction = pantanal.intent.system.VIEW_TIPS
07-28 03:38:46.091  8251 12147 E metis_v2_JenaHandlerManager_cache: 2025-07-28 03:38:45.089000		9715		local thread match
07-28 03:38:46.091  8251 12147 I metis_v2_BreenoSwitchSettingObserver_cache: 2025-07-28 03:38:45.089000		9684		panta-sugg-getMasterSwitchStatus from cache:true
07-28 03:38:46.091  8251 12147 E metis_v2_JenaHandlerManager_cache: 2025-07-28 03:38:45.089000		9715		local thread match
07-28 03:38:46.091  8251 12147 I ContextAware_SortAlgorithmManager.ReorderProcessor.RuleReRanker_cache: 2025-07-28 03:38:45.089000		9684		sceneIntentRerank sceneFinalScoreMap:{scene rerank, use defaultScore, finalScore:14111005SUBSTITUTE_SCENE=2.0}
07-28 03:38:46.091  8251 12147 E metis_v2_JenaHandlerManager_cache: 2025-07-28 03:38:45.089000		9715		local thread match
07-28 03:38:46.091  8251 12147 E metis_v2_JenaHandlerManager_cache: 2025-07-28 03:38:45.089000		9715		local thread match
07-28 03:38:46.091  8251 12147 I ContextAware_IntentSwitchManager_cache: 2025-07-28 03:38:45.089000		9684		getSubSwitchStatus = {health=true}
07-28 03:38:46.091  8251 12147 E metis_v2_JenaHandlerManager_cache: 2025-07-28 03:38:45.089000		9715		local thread match
07-28 03:38:46.091  8251 12147 I ContextAware_IntentSwitchManager_cache: 2025-07-28 03:38:45.089000		9684		isExistInSceneInfoActionList pantanalIntentAction = pantanal.intent.health.SUBSTITUTE_VIEW_CURRENT_STEPS
07-28 03:38:46.091  8251 12147 E metis_v2_JenaHandlerManager_cache: 2025-07-28 03:38:45.089000		9715		local thread match
07-28 03:38:46.091  8251 12147 I metis_v2_BreenoSwitchSettingObserver_cache: 2025-07-28 03:38:45.089000		9684		panta-sugg-getMasterSwitchStatus from cache:true
07-28 03:38:46.091  8251 12147 I ContextAware_SortAlgorithmManager.ReorderProcessor.RuleReRanker_cache: 2025-07-28 03:38:45.089000		9684		sceneIntentRerank sceneFinalScoreMap:{scene rerank, use defaultScore, finalScore:18111009SUBSTITUTE_NIGHT_SCENE=6.05}
07-28 03:38:46.091  8251 12147 I ContextAware_IntentSwitchManager_cache: 2025-07-28 03:38:45.089000		9684		getSubSwitchStatus = {clear_memory=true}
07-28 03:38:46.091  8251 12147 I ContextAware_IntentSwitchManager_cache: 2025-07-28 03:38:45.089000		9684		isExistInSceneInfoActionList pantanalIntentAction = pantanal.intent.system.CLEAN_UP_STORAGE
07-28 03:38:46.091  8251 12147 I metis_v2_BreenoSwitchSettingObserver_cache: 2025-07-28 03:38:45.089000		9684		panta-sugg-getMasterSwitchStatus from cache:true
07-28 03:38:46.091  8251 12147 I ContextAware_IntentSwitchManager_cache: 2025-07-28 03:38:45.089000		9684		isExistInSceneInfoActionList pantanalIntentAction = pantanal.intent.audio.SUBSTITUTE_RAM_CLEAN_UP
07-28 03:38:46.091  8251 12147 I metis_v2_BreenoSwitchSettingObserver_cache: 2025-07-28 03:38:45.089000		9684		panta-sugg-getMasterSwitchStatus from cache:true
07-28 03:38:46.091  8251 12147 I ContextAware_IntentSwitchManager_cache: 2025-07-28 03:38:45.089000		9684		isExistInSceneInfoActionList pantanalIntentAction = pantanal.intent.audio.SUBSTITUTE_RAM_CLEAN_UP_PLUS
07-28 03:38:46.091  8251 12147 I metis_v2_BreenoSwitchSettingObserver_cache: 2025-07-28 03:38:45.089000		9684		panta-sugg-getMasterSwitchStatus from cache:true
07-28 03:38:46.091  8251 12147 I ContextAware_SortAlgorithmManager.ReorderProcessor.RuleReRanker_cache: 2025-07-28 03:38:45.089000		9684		sceneIntentRerank sceneFinalScoreMap:{scene rerank, use defaultScore, finalScore:14111004CLEAN_UP_STORAGE_SUBSTITUTE=4.06, scene rerank, use defaultScore, finalScore:18111007CLEAN_UP_SUBSTITUTE=4.05, scene rerank, use defaultScore, finalScore:18111008CLEAN_UP_PLUS_SUBSTITUTE=4.02}
07-28 03:38:46.091  8251 12147 I ContextAware_SortAlgorithmManager.SceneIntentReorderProcessor_cache: 2025-07-28 03:38:45.089000		9684		IntentReorder: scene[210000000]rank mIntentList: size: 1 13151001
07-28 03:38:46.091  8251 12147 I ContextAware_SortAlgorithmManager.SceneIntentReorderProcessor_cache: scene[220500200]rank mIntentList: size: 1 14111005
07-28 03:38:46.091  8251 12147 I ContextAware_SortAlgorithmManager.SceneIntentReorderProcessor_cache: scene[240100400]rank mIntentList: size: 1 18111009
07-28 03:38:46.091  8251 12147 I ContextAware_SortAlgorithmManager.SceneIntentReorderProcessor_cache: scene[240000000]rank mIntentList: size: 3 14111004 18111007 18111008
07-28 03:38:46.091  8251 12147 W ContextAware_SortAlgorithmManager.SceneUtil_cache: 2025-07-28 03:38:45.089000		9684		Drop invalid scene: 220500200
07-28 03:38:46.091  8251 12147 I ContextAware_SortAlgorithmManager.SceneFocusProcessor_cache: 2025-07-28 03:38:45.090000		9684		scene 210000000 not change or has focus scene or current scene is L3
07-28 03:38:46.091  8251 12147 I ContextAware_SortAlgorithmManager.SceneFocusProcessor_cache: 2025-07-28 03:38:45.090000		9684		scene 240100400 not change or has focus scene or current scene is L3
07-28 03:38:46.091  8251 12147 I ContextAware_SortAlgorithmManager.SceneFocusProcessor_cache: 2025-07-28 03:38:45.090000		9684		scene 240000000 not change or has focus scene or current scene is L3
07-28 03:38:46.091  8251 12147 I ContextAware_DailyStatisticsRecorder_cache: 2025-07-28 03:38:45.090000		10066		Increase context change count: PROCESSOR_SCENE_FOCUS_cnt, value: 1
07-28 03:38:46.091  8251 12147 I ContextAware_DailyStatisticsRecorder_cache: 2025-07-28 03:38:45.090000		9948		Increase context change count: PROCESSOR_SCENE_INTENT_REORDER_cnt, value: 1
07-28 03:38:46.091  5152  6245 D IWlanJni: new aidl event arrived
07-28 03:38:46.091  8251 12147 I ContextAware_DailyStatisticsRecorder_cache: 2025-07-28 03:38:45.090000		10066		Increase context change count: PROCESSOR_SCENE_FOCUS_ms, value: 1
07-28 03:38:46.091  8251 12147 I ContextAware_DailyStatisticsRecorder_cache: 2025-07-28 03:38:45.090000		9948		Increase context change count: PROCESSOR_SCENE_INTENT_REORDER_ms, value: 2
07-28 03:38:46.091  5152  6245 D IWlanJni: handleEvent 10
07-28 03:38:46.091  5152  6245 D IWlanJni: isThreadAttached start
07-28 03:38:46.091  5152  6245 D IWlanJni: jni detached
07-28 03:38:46.091  8251 12147 I ContextAware_SortAlgorithmManager.BatchIntentProcessor_cache: 2025-07-28 03:38:45.090000		9684		onProcess decisionUTraceContext = UTraceContext(traceID=7f0000011753688325090255508251, current=p_8251_e7829a7@43, parent=null, spanType=1, valid=1, tag=null)
07-28 03:38:46.091  8251 12147 E ContextAware_SortAlgorithmManager.BatchIntentProcessor_cache: 2025-07-28 03:38:45.090000		9684		onProcess intentStringList is invalid
07-28 03:38:46.091  8251 12147 E ContextAware_SortAlgorithmManager.IntentSendProcessor_cache: 2025-07-28 03:38:45.090000		9684		disable direct send intent mode, clear
07-28 03:38:46.091  8251 12147 I metis_v2_BreenoSwitchSettingObserver_cache: 2025-07-28 03:38:45.090000		9684		panta-sugg-getMasterSwitchStatus from cache:true
07-28 03:38:46.091  8251 12147 I ContextAware_IntentSwitchManager_cache: 2025-07-28 03:38:45.090000		9684		filterList, not filter, breeno switch on
07-28 03:38:46.091  8251 12147 I metis_v2_BreenoSwitchSettingObserver_cache: 2025-07-28 03:38:45.090000		9684		panta-sugg-getMasterSwitchStatus from cache:true
07-28 03:38:46.091  5152  6245 D IWlanJni: jni attached
07-28 03:38:46.091  5152  6245 D IWlanJni: getDataRegistrationStateResponse start
07-28 03:38:46.091  8251 12147 I ContextAware_IntentSwitchManager_cache: 2025-07-28 03:38:45.090000		9684		filterList, not filter, breeno switch on
07-28 03:38:46.091  5152  6245 D IWlanJni: getJavaCallbackClass start
07-28 03:38:46.091  8251 12147 I ContextAware_DailyStatisticsRecorder_cache: 2025-07-28 03:38:45.090000		9843		Increase context change count: PROCESSOR_BATCH_INTENT_cnt, value: 1
07-28 03:38:46.091  5152  6245 D IWlanJni: getJavaCallbackClass End midIs[1]
07-28 03:38:46.091  8251 12147 I ContextAware_DailyStatisticsRecorder_cache: 2025-07-28 03:38:45.090000		9843		Increase context change count: PROCESSOR_BATCH_INTENT_ms, value: 0
07-28 03:38:46.091  5152  6245 I IWlanAidlClient: getDataRegistrationStateResponse called
07-28 03:38:46.091  8251 12147 I ContextAware_SortAlgorithmManager.IntentSendProcessor_cache: 2025-07-28 03:38:45.090000		9684		sendSceneString: [{"combination_strategy":0,"create_time":1735722085016,"expect_scene_cnt":1,"focus_time":0,"force_guaranteed":true,"home_flag":true,"intent_list":[{"action":"pantanal.intent.applicationsuggestions.SUBSTITUTE","add_min_prob":0.4,"add_related_id":0,"algorithm_time_rule":[],"algorithm_version":"","attenuationFunc":-1,"attenuationType":-1,"cannot_reduce_recommend":true,"config_version":202507161101,"contain_service_id":false,"create_time":1753688286982,"default_score":3.12,"delay_click_timestamp":0,"delay_exposure_timestamp":0,"domain":"system_tools","drop_repeat_key":"","drop_repeat_mode":-1,"expire_time":1440000,"final_score":3.12,"force_rebuild_seedling":false,"intent_feedback_type":2,"intent_id":13151001,"intent_instance_id":"null13151001DYNAMIC_SUBSTITUTEnull22074","intent_level":"default","intent_position":1,"intent_src":3,"is_params_send_to_seedling":false,"is_scene_focus":false,"is_support_multi_instance":false,"last_sort_type":0,"last_update_time":1753688286982,"original_update_time":1753688286982,"params_from_user_policy":{"click_args":[],"click_func":-1,"delay_click_args":[],"delay_exposure_args":[],"exposure_args":[],"exposure_func":-1,"time_args":[1440000.0,5.0],"time_func":2},"policy_name":"DYNAMIC_SUBSTITUTE","prob_adj":1.0,"protect_enable":false,"protect_policy":{"delta_duration":3,"end_ratio":10,"event":0,"initial_duration":7,"start_ratio":70,"step_ratio":20},"remove_trigger_value":0.2,"rule_remove_by_algorithm":false,"scene_func":0,"scene_id":210000000,"scene_instance_id":"","seedling_ui_policy":0,"should_focus":false,"show_type":0,"sort_related_id":0,"sortable":true,"status":2,"sub_domain":"application_suggestions"}],"scene_id":210000000,"scene_level":1,"scene_should_focus":false,"score":100.0,"status":2,"update_time":1735722085016,"weight":1},{"combination_strategy":0,"create_time":1753668285284,"expect_scene_cnt":1,"focus_time":300000,"force_guaranteed":false,"home_flag":false,"intent_list":[{"action":"pantanal.intent.health.SUBSTITUTE_VIEW_CURRENT_STEPS","add_min_prob":0.4,"add_related_id":0,"algorithm_time_rule":[],"algorithm_version":"","attenuationFunc":-1,"attenuationType":-1,"cannot_reduce_recommend":false,"config_version":202507161101,"contain_service_id":false,"create_time":1753668285283,"decision_history_list":[],"default_score":6.05,"delay_click_timestamp":0,"delay_exposure_timestamp":0,"domain":"system_tools","drop_repeat_key":"","drop_repeat_key_list":[],"drop_repeat_mode":-1,"dynamic_life_policy":{"delay_remove_timestamp":0,"max_click_times":0,"max_expose_times":0},"expire_time":240,"final_score":6.05,"force_rebuild_seedling":false,"intent_feedback_type":2,"intent_id":18111009,"intent_instance_id":"null18111009SUBSTITUTE_NIGHT_SCENEnull60331","intent_level":"slave","intent_position":0,"intent_src":0,"is_params_send_to_seedling":false,"is_scene_focus":false,"is_support_multi_instance":false,"last_sort_type":0,"last_update_time":1753675223744,"original_update_time":1753675223744,"params_from_service":"{}","params_from_user_policy":{"click_args":[],"click_func":-1,"delay_click_args":[],"delay_exposure_args":[],"exposure_args":[],"exposure_func":-1,"time_args":[240.0],"time_func":1},"policy_name":"SUBSTITUTE_NIGHT_SCENE","prob_adj":1.0,"protect_enable":true,"protect_policy":{"delta_duration":3,"end_ratio":10,"event":0,"initial_duration":7,"start_ratio":70,"step_ratio":20},"recommend_service_list":[],"remove_trigger_value":0.2,"rule_remove_by_algorithm":false,"scene_func":-1,"scene_id":240100400,"scene_instance_id":"","seedling_ui_policy":0,"service_id":"","service_list":[],"should_focus":false,"show_type":0,"sort_related_id":0,"sortable":true,"status":2,"sub_domain":"health"}],"scene_id":240100400,"scene_level":2,"scene_should_focus":false,"score":6.0,"status":2,"update_time":1753668285284,"weight":1},{"combination_strategy":0,"create_time":1735722085016,"expect_scene_cnt":1,"focus_time":0,"force_guaranteed":false,"home_flag":false,"intent_list":[{"action":
07-28 03:38:46.091  8251 12147 I metis_v2_BreenoSwitchSettingObserver_cache: 2025-07-28 03:38:45.091000		9684		panta-sugg-getMasterSwitchStatus from cache:true
07-28 03:38:46.091  8251 12147 I ContextAware_IntentSwitchManager_cache: 2025-07-28 03:38:45.091000		9684		filterList, not filter, breeno switch on
07-28 03:38:46.091  8251 12147 I metis_v2_BreenoSwitchSettingObserver_cache: 2025-07-28 03:38:45.091000		9684		panta-sugg-getMasterSwitchStatus from cache:true
07-28 03:38:46.091  8251 12147 I ContextAware_SortAlgorithmManager.IntentSendProcessor_cache: 2025-07-28 03:38:45.092000		9684		sendIntentMessage skip, the same list:[{"action":"pantanal.intent.tips.PHONE_MOVING_TIPS_RECOMMEND","add_min_prob":0.4,"add_related_id":0,"algorithm_time_rule":[],"algorithm_version":"","attenuationFunc":-1,"attenuationType":-1,"cannot_reduce_recommend":false,"config_version":202507161101,"contain_service_id":false,"create_time":1750391661260,"decision_history_list":[],"default_score":4.1,"delay_click_timestamp":0,"delay_exposure_timestamp":0,"deleteKey":"pantanal.intent.tips.PHONE_MOVING_TIPS_RECOMMEND","domain":"system_settings","drop_repeat_key":"","drop_repeat_key_list":[],"drop_repeat_mode":-1,"dynamic_life_policy":{"delay_remove_timestamp":0,"max_click_times":0,"max_expose_times":0},"expire_time":10518960,"final_score":4.1,"force_rebuild_seedling":false,"intent_feedback_type":2,"intent_id":28111201,"intent_instance_id":"null28111201PHONE_MOVING_TIPS_RECOMMENDnull1996238","intent_level":"","intent_position":0,"intent_src":0,"intent_trace_context":"{\"traceID\":\"7f0000011753688286688254708251\",\"current\":\"{\\\"spanID\\\":\\\"p_8251_e7829a7\\\",\\\"sequence\\\":27}\",\"parent\":\"{\\\"spanID\\\":\\\"p_8251_e7829a7\\\",\\\"sequence\\\":20}\",\"spanType\":2,\"valid\":1}","is_params_send_to_seedling":false,"is_scene_focus":false,"is_support_multi_instance":false,"last_sort_type":0,"last_update_time":1753554068458,"original_update_time":1753554068458,"params_from_user_policy":{"click_args":[3.0],"click_func":1,"delay_click_args":[],"delay_exposure_args":[],"exposure_args":[20.0,5.0],"exposure_func":2,"time_args":[1.051896E7,5.0],"time_func":2},"policy_name":"PHONE_MOVING_TIPS_RECOMMEND","prob_adj":1.0,"protect_enable":true,"protect_policy":{"delta_duration":3,"end_ratio":10,"event":0,"initial_duration":7,"start_ratio":70,"step_ratio":20},"recommend_service_list":[],"remove_trigger_value":0.2,"rule_remove_by_algorithm":false,"scene_func":0,"scene_instance_id":"","seedling_ui_policy":0,"service_id":"","service_list":[],"should_focus":false,"show_type":1,"sort_related_id":0,"sortable":true,"status":0,"sub_domain":"tips"},{"action":"pantanal.intent.applicationsuggestions.SUBSTITUTE","add_min_prob":0.4,"add_related_id":0,"algorithm_time_rule":[],"algorithm_version":"","attenuationFunc":-1,"attenuationType":-1,"cannot_reduce_recommend":false,"config_version":202507161101,"contain_service_id":false,"create_time":1752679362025,"decision_history_list":[],"default_score":3.12,"delay_click_timestamp":0,"delay_exposure_timestamp":0,"domain":"system_tools","drop_repeat_key":"","drop_repeat_key_list":[],"drop_repeat_mode":-1,"expire_time":144000,"final_score":3.12,"force_rebuild_seedling":false,"intent_feedback_type":2,"intent_id":13151001,"intent_instance_id":"null13151001DYNAMIC_SUBSTITUTEnull49614","intent_level":"default","intent_position":0,"intent_src":0,"intent_trace_context":"{\"traceID\":\"7f0000011753688286694254808251\",\"current\":\"{\\\"spanID\\\":\\\"p_8251_e7829a7\\\",\\\"sequence\\\":28}\",\"parent\":\"{\\\"spanID\\\":\\\"p_8251_e7829a7\\\",\\\"sequence\\\":21}\",\"spanType\":2,\"valid\":1}","is_params_send_to_seedling":false,"is_scene_focus":false,"is_support_multi_instance":false,"last_sort_type":0,"last_update_time":1753533577130,"original_update_time":1753533577130,"params_from_user_policy":{"click_args":[],"click_func":-1,"delay_click_args":[],"delay_exposure_args":[],"exposure_args":[],"exposure_func":-1,"time_args":[144000.0,5.0],"time_func":2},"policy_name":"DYNAMIC_SUBSTITUTE","prob_adj":1.0,"protect_enable":false,"protect_policy":{"delta_duration":3,"end_ratio":10,"event":0,"initial_duration":7,"start_ratio":70,"step_ratio":20},"recommend_service_list":[],"remove_trigger_value":0.2,"rule_remove_by_algorithm":false,"scene_func":0,"scene_instance_id":"","seedling_ui_policy":0,"service_id":"536877097","service_id_from":1,"service_list":[],"should_focus":false,"show_type":0,"sort_related_id":0,"sortable":true,"status":0,"sub_domain":"application_suggestions"},{"action":"pantanal.intent.we
07-28 03:38:46.091  8251 12147 I ContextAware_SortAlgorithmManager.IntentSendProcessor_cache: 2025-07-28 03:38:45.092000		9684		sendIntentMessage skip, the same list:
07-28 03:38:46.091  8251 12147 E ContextAware_SortAlgorithmManager.IntentSendProcessor_cache: 2025-07-28 03:38:45.092000		9684		sendIntentMessage: skip
07-28 03:38:46.091  8251 12147 I ContextAware_DailyStatisticsRecorder_cache: 2025-07-28 03:38:45.092000		10621		Increase context change count: PROCESSOR_SEND_cnt, value: 1
07-28 03:38:46.091  8251 12147 I ContextAware_DailyStatisticsRecorder_cache: 2025-07-28 03:38:45.093000		10621		Increase context change count: PROCESSOR_SEND_ms, value: 2
07-28 03:38:46.091  8251 12147 D LogCacheHelper: stop log task
07-28 03:38:46.091  5152  6244 W IWlanNetworkService: 15 > Response Processed
07-28 03:38:46.094  4956  4956 W Settings: Setting airplane_mode_on has moved from android.provider.Settings.System to android.provider.Settings.Global, returning read-only value.
07-28 03:38:46.094  5019  5895 D NAS-CallIssueDetector: onPollCsPsRegStateChanged slotid = 0
07-28 03:38:46.094  5019  5895 D NAS-CallIssueDetector: notifyRealOosChanged
07-28 03:38:46.094  5019  5895 D OplusCiwlanController: [vodata] getSubId subid =  1
07-28 03:38:46.094  5019  5896 W BluetoothAdapterExtImpl: getBluetoothConnectionCount：mOplusBluetooth null!
07-28 03:38:46.095  5019  5895 D OplusCiwlanController: [vodata] processOosChanged  phoneid = 0,cur regstate = 1,old regstate = -1
07-28 03:38:46.095  5019  5895 D OplusCiwlanController: [vodata] getSubId subid =  -1
07-28 03:38:46.095  5019  5895 D OplusCiwlanController: [vodata] processOosChanged  phoneid = 1,cur regstate = 1,old regstate = -1
07-28 03:38:46.095  5019  5896 D TelephonyImpl: isRequestingMms
07-28 03:38:46.096  5019  5896 D TelephonyImpl: getReleaseMmsNetworkTime
07-28 03:38:46.096  5019  5896 D OplusDdsSwitchStrategy: Md,OplusCheckFeature,RETURN_TO_CUR_ACTION_DDS
07-28 03:38:46.096  7264  7264 I 7264PAS.MccChangeReceiver_Travel: onReceive
07-28 03:38:46.096  4708  4814 D CNGmsControlService: receive:oplus.intent.action.MCC_CHANGE
07-28 03:38:46.096  3396  3396 D OplusWifiBroadCastDispatcher: mBroadcastReceiver: onReceiver  action=oplus.intent.action.MCC_CHANGE
07-28 03:38:46.097  4708  4814 D CNGmsControlService: mcc1=001 mcc2=null GmsState=2 TagWhitelistApp=true UserDisableCount=0 SettingsGmsState=1
07-28 03:38:46.098  7264  7799 D NetWorkMonitor: addNetStateListener :true
07-28 03:38:46.098  3396  5368 D ConnectivityService: requestNetwork for uid/pid:10137/7264 activeRequest: null callbackRequest: 280 [NetworkRequest [ REQUEST id=281, [ Capabilities: INTERNET&NOT_RESTRICTED&TRUSTED&NOT_VCN_MANAGED&NOT_BANDWIDTH_CONSTRAINED Uid: 10137 RequestorUid: 10137 RequestorPkg: com.coloros.sceneservice UnderlyingNetworks: Null] ]] callback flags: 0 order: 2147483647 isUidTracked: false
07-28 03:38:46.098  3396  4745 W BestClock: java.time.DateTimeException: Missing network time fix
07-28 03:38:46.098  1850  9842 I sensors-hal: handle_sns_client_event:87, step_count_event: ts=61190515932 count 0
07-28 03:38:46.098  7264  7799 D NetWorkMonitor: resume registerNetworkCallback
07-28 03:38:46.098  3396  4390 D SensorServiceUtils: sensorEventLog step_counter = 0
07-28 03:38:46.098  3396  4390 D SensorServiceUtils: sensorEventLog step_counter = 0
07-28 03:38:46.098  3396  4390 D SensorServiceUtils: sensorEventLog step_counter = 0
07-28 03:38:46.098  3396  4390 D SensorServiceUtils: sensorEventLog step_counter = 0
07-28 03:38:46.098  3396  4390 D SensorServiceUtils: sensorEventLog step_counter = 0
07-28 03:38:46.098  3396  4390 D SensorServiceUtils: sensorEventLog step_counter = 0
07-28 03:38:46.098  3396  4390 D SensorServiceUtils: sensorEventLog step_counter = 0
07-28 03:38:46.098  3396  4390 D SensorServiceUtils: sensorEventLog step_counter = 0
07-28 03:38:46.098  3396  4390 D SensorServiceUtils: sensorEventLog step_counter = 0
07-28 03:38:46.098  3396  4390 D SensorServiceUtils: sensorEventLog step_counter = 0
07-28 03:38:46.098  3396  4390 D SensorServiceUtils: sensorEventLog step_counter = 0
07-28 03:38:46.098  3396  4390 D SensorServiceUtils: sensorEventLog step_counter = 0
07-28 03:38:46.098  3396  4390 D SensorServiceUtils: sensorEventLog step_counter = 0
07-28 03:38:46.098  3396  4390 D SensorServiceUtils: sensorEventLog step_counter = 0
07-28 03:38:46.098  3396  4390 D SensorServiceUtils: sensorEventLog step_counter = 0
07-28 03:38:46.098  3396  4390 D SensorServiceUtils: sensorEventLog step_counter = 0
07-28 03:38:46.098  3396  4390 D SensorServiceUtils: sensorEventLog step_counter = 0
07-28 03:38:46.098  3396  4390 D SensorServiceUtils: sensorEventLog step_counter = 0
07-28 03:38:46.098  3396  4390 D SensorServiceUtils: sensorEventLog step_counter = 0
07-28 03:38:46.099  3396  4521 D WifiNetworkFactory: got request NetworkRequest [ REQUEST id=281, [ Capabilities: INTERNET&NOT_RESTRICTED&TRUSTED&NOT_VCN_MANAGED&NOT_BANDWIDTH_CONSTRAINED Uid: 10137 RequestorUid: 10137 RequestorPkg: com.coloros.sceneservice UnderlyingNetworks: Null] ]
07-28 03:38:46.099  3396  4521 D UntrustedWifiNetworkFactory: got request NetworkRequest [ REQUEST id=281, [ Capabilities: INTERNET&NOT_RESTRICTED&TRUSTED&NOT_VCN_MANAGED&NOT_BANDWIDTH_CONSTRAINED Uid: 10137 RequestorUid: 10137 RequestorPkg: com.coloros.sceneservice UnderlyingNetworks: Null] ]
07-28 03:38:46.099  4708  4708 V SystemSensorManagerExtImpl: step counter dispatchSensorEvent step 0.0 to + a.b$c@b286869
07-28 03:38:46.099  3396  4521 D OemPaidWifiNetworkFactory: got request NetworkRequest [ REQUEST id=281, [ Capabilities: INTERNET&NOT_RESTRICTED&TRUSTED&NOT_VCN_MANAGED&NOT_BANDWIDTH_CONSTRAINED Uid: 10137 RequestorUid: 10137 RequestorPkg: com.coloros.sceneservice UnderlyingNetworks: Null] ]
07-28 03:38:46.099  3396  4521 D MultiInternetWifiNetworkFactory: got request NetworkRequest [ REQUEST id=281, [ Capabilities: INTERNET&NOT_RESTRICTED&TRUSTED&NOT_VCN_MANAGED&NOT_BANDWIDTH_CONSTRAINED Uid: 10137 RequestorUid: 10137 RequestorPkg: com.coloros.sceneservice UnderlyingNetworks: Null] ]
07-28 03:38:46.100  4956  6370 D OplusNetworkFactory: got request NetworkRequest [ REQUEST id=281, [ Capabilities: INTERNET&NOT_RESTRICTED&TRUSTED&NOT_VCN_MANAGED&NOT_BANDWIDTH_CONSTRAINED Uid: 10137 RequestorUid: 10137 RequestorPkg: com.coloros.sceneservice UnderlyingNetworks: Null] ]
07-28 03:38:46.100  4898  5291 I SystemUi--QuickSettings: Tile.OplusCellularTile-->updateCarrierText: dialog not showing, ignore
07-28 03:38:46.100  3396  4529 D ConnectivityService: NetReassign [no changes] [c 0] [a 0] [i 1]
07-28 03:38:46.100  4898  5291 D SimStateHelper: slot:0, lock state:Bundle[mParcelledData.dataSize=56]
07-28 03:38:46.100  4898  5291 D SimStateHelper: slot:1, lock state:Bundle[mParcelledData.dataSize=56]
07-28 03:38:46.100  4898  5291 D SimStateHelper: needDisableMenu: slot1State=-1; slot2State=-1
07-28 03:38:46.100  4898  5291 D SimStateHelper: needDisableMenu:false
07-28 03:38:46.100  3396  4745 W BestClock: java.time.DateTimeException: Missing network time fix
07-28 03:38:46.101  4898  5783 V OplusCustomizeCacheManager: queryCache name: sys.cache.common_customize_cache18014 param: null
07-28 03:38:46.101  4898  5783 V OplusCustomizeCacheManager: queryCache name: sys.cache.common_customize_cache18017 param: Bundle[{SETTING=BLOCK, BUSINESS=NCT-DATA}]
07-28 03:38:46.101  4898  5783 V OplusCustomizeCacheManager: queryCache name: sys.cache.common_customize_cache18013 param: null
07-28 03:38:46.102  5019  6462 W Binder  : Caught a RuntimeException from the binder stub implementation.
07-28 03:38:46.102  5019  6462 W Binder  : java.lang.NullPointerException: Attempt to invoke virtual method 'boolean android.net.Uri.equals(java.lang.Object)' on a null object reference
07-28 03:38:46.102  5019  6462 W Binder  : 	at xb.a$b.onChange(Unknown Source:16)
07-28 03:38:46.102  5019  6462 W Binder  : 	at android.database.ContentObserver.onChange(ContentObserver.java:184)
07-28 03:38:46.102  5019  6462 W Binder  : 	at android.database.ContentObserver.onChange(ContentObserver.java:202)
07-28 03:38:46.102  5019  6462 W Binder  : 	at android.database.ContentObserver.onChange(ContentObserver.java:224)
07-28 03:38:46.102  5019  6462 W Binder  : 	at android.database.ContentObserver.onChange(ContentObserver.java:236)
07-28 03:38:46.102  5019  6462 W Binder  : 	at android.database.ContentObserver.dispatchChange(ContentObserver.java:335)
07-28 03:38:46.102  5019  6462 W Binder  : 	at android.database.ContentObserver$Transport.onChangeEtc(ContentObserver.java:357)
07-28 03:38:46.102  5019  6462 W Binder  : 	at android.database.IContentObserver$Stub.onTransact(IContentObserver.java:120)
07-28 03:38:46.102  5019  6462 W Binder  : 	at android.os.Binder.execTransactInternal(Binder.java:1523)
07-28 03:38:46.102  5019  6462 W Binder  : 	at android.os.Binder.execTransact(Binder.java:1457)
07-28 03:38:46.104  1732  1732 D Zygote  : Forked child process 13203
07-28 03:38:46.104  3396  3709 I ActivityManager: Start proc 13203:com.oplus.wirelesssettings:tzupdate/1000 for broadcast {com.oplus.wirelesssettings/com.oplus.tzupdate.timezone.MccChangeReceiver}
07-28 03:38:46.105  3396  4211 I MemoryOperationUtils: add 13203 to inactive
07-28 03:38:46.105  3396  5367 W BestClock: java.time.DateTimeException: Missing network time fix
07-28 03:38:46.105  4956  4956 D ServiceStateProvider: subId=1
07-28 03:38:46.106  5122  5122 I QImsService: OplusPhoneStateTracker : onServiceStateChanged
07-28 03:38:46.107  3396  4745 W BestClock: java.time.DateTimeException: Missing network time fix
07-28 03:38:46.107  5122  5122 I QImsService: OplusPhoneStateTracker : onServiceStateChanged
07-28 03:38:46.108  5196  5196 D SubsysEventListenerManager-SubsysTelephonyCallback[0]: onServiceStateChanged
07-28 03:38:46.108  5196  6132 D cellularState[0]: handleMessage: E msg.what=4
07-28 03:38:46.108  5196  5196 D ChinaRoamingControl: registTelephonyEvent onServiceStateChanged eventId:5, VoiceRegState:1, DataRegState:1
07-28 03:38:46.108  5196  6132 D cellularState[0]: processMsg: DataCallingState
07-28 03:38:46.108  5196  6132 D cellularState[0]: processMsg: NetworkAttachedState
07-28 03:38:46.108  5196  5196 D QuickChangeAirplaneModeEvent: onServiceStateChanged slotId:0
07-28 03:38:46.108  5196  6132 D cellularState[0]: processMsg: SimReadyState
07-28 03:38:46.108  5196  6132 D cellularState[0]: processMsg: DefaultState
07-28 03:38:46.108  5196  6132 E cellularState[0]:  - unhandledMessage: msg.what=4
07-28 03:38:46.108  5196  6132 D cellularState[0]: handleMessage: X
07-28 03:38:46.108  4898  5783 V OplusCustomizeCacheManager: queryCache name: sys.cache.common_customize_cache18014 param: null
07-28 03:38:46.108  4898  5783 V OplusCustomizeCacheManager: queryCache name: sys.cache.common_customize_cache18017 param: Bundle[{SETTING=BLOCK, BUSINESS=NCT-DATA}]
07-28 03:38:46.108  4898  5783 V OplusCustomizeCacheManager: queryCache name: sys.cache.common_customize_cache18013 param: null
07-28 03:38:46.108  5196  5196 D QuickChangeAirplaneModeEvent: isBothCardInService is false
07-28 03:38:46.108  5196  5196 D MsimSubModeManager: registTelephonyEvent onServiceStateChanged eventId:3, VoiceRegState:1, DataRegState:1
07-28 03:38:46.108  5196  5196 E ExtremeCommUtils: getSwitchRusSupportMcc invalid index 1
07-28 03:38:46.108  5196  5196 D ExtremeCommUtils: isSupporCheck rusContain:false,propContain(persist.sys.oplus.support_hyper_uplink_mcc):false
07-28 03:38:46.108  5196  5196 D ExtremeCommService: handleServiceStateChanged mcc is null
07-28 03:38:46.108  5196  5196 D ChinaRoamingControl: handleMessage what:5
07-28 03:38:46.108  5196  5196 D MsimSubModeManager: handleMessage what:3
07-28 03:38:46.108  5196  5196 D MsimSubModeManager: getMsimSimServiceIn() i:0,mServiceState:1
07-28 03:38:46.108  5196  5196 D MsimSubModeManager: getMsimSimServiceIn() i:1,mServiceState:1
07-28 03:38:46.108  4898  5351 I SystemUi--Statusbar: MobileConnectionRepositoryImpl-->subId:1 isSoftSimCard:false slotId:0
07-28 03:38:46.108  5019  5891 D T-Recommend: onPreHandleMessage 1000
07-28 03:38:46.109  3396  5367 W ContextImpl: Calling a method in the system process without a qualified user: android.app.ContextImpl.sendBroadcastMultiplePermissions:1311 android.content.Context.sendBroadcastMultiplePermissions:2524 com.android.server.TelephonyRegistry.broadcastServiceStateChanged:3740 com.android.server.TelephonyRegistry.notifyServiceStateForPhoneId:1787 com.android.internal.telephony.ITelephonyRegistry$Stub.onTransact:546 
07-28 03:38:46.109  5019  5891 E CellularEvent: nri null ps
07-28 03:38:46.109  5019  5891 E CellularEvent: invalid nri
07-28 03:38:46.109  5019  5891 D T-Recommend: onPostHandleMessage 1000
07-28 03:38:46.109  3396  5367 W ContextImpl: Calling a method in the system process without a qualified user: android.app.ContextImpl.sendBroadcastMultiplePermissions:1344 com.android.server.TelephonyRegistry.broadcastServiceStateChanged:3745 com.android.server.TelephonyRegistry.notifyServiceStateForPhoneId:1787 com.android.internal.telephony.ITelephonyRegistry$Stub.onTransact:546 android.os.Binder.execTransactInternal:1523 
07-28 03:38:46.111  3396  5367 W ContextImpl: Calling a method in the system process without a qualified user: android.app.ContextImpl.sendBroadcastMultiplePermissions:1344 com.android.server.TelephonyRegistry.broadcastServiceStateChanged:3754 com.android.server.TelephonyRegistry.notifyServiceStateForPhoneId:1787 com.android.internal.telephony.ITelephonyRegistry$Stub.onTransact:546 android.os.Binder.execTransactInternal:1523 
07-28 03:38:46.111  5019  5895 D NAS-CallIssueDetector: onServiceStateChanged
07-28 03:38:46.111  5019  5895 D OplusCiwlanController: [vodata] processServiceStateChanged  phoneid = 0, original roaming type = 0,roaming type = 0
07-28 03:38:46.111  5019  5895 D OplusCiwlanController: [vodata] processServiceStateChanged  phoneid = 1, original roaming type = 0,roaming type = 0
07-28 03:38:46.111  4898  4898 I SystemUi--Statusbar: OplusMobileIconInteractorImpl-->oplusIMSModel slot:0: CapabilityTypeModel(isVolteSwitchOn=true, isWfcEnabledByUser=true, imsRegistered=false, voiceCapable=false, videoCapable=false, registerTech=-1, isCrossSimCallingEnabledByUser=false, hasHideVolteOperator=false), SimStateModel(simInserted=[true, false], simForbidden=[false, true], simStateIMSI=[true, false], simLoaded=[true, false]),oplusNetworkTypeNr:20,isVoNrEnabled:false
07-28 03:38:46.111  4956  6313 E PhoneInterfaceManager: getServiceStateForSlot retuning null for invalid slotIndex=-1
07-28 03:38:46.111  3396  5367 W ContextImpl: Calling a method in the system process without a qualified user: android.app.ContextImpl.sendBroadcastMultiplePermissions:1344 com.android.server.TelephonyRegistry.broadcastServiceStateChanged:3760 com.android.server.TelephonyRegistry.notifyServiceStateForPhoneId:1787 com.android.internal.telephony.ITelephonyRegistry$Stub.onTransact:546 android.os.Binder.execTransactInternal:1523 
07-28 03:38:46.112  5019  5894 D OplusLinkBoostCommon: dds servicestate change
07-28 03:38:46.112  4956  4956 D MultiSimSettingController: notifySubscriptionInfoChanged
07-28 03:38:46.112  3396  3396 I AS.AudioService: onSubscriptionsChanged()
07-28 03:38:46.112  5848  5848 D CellBroadcastReceiver: onReceive Intent { act=android.intent.action.SERVICE_STATE flg=0x1000010 cmp=com.android.cellbroadcastreceiver.module/com.android.cellbroadcastreceiver.CellBroadcastReceiver (has extras) }
07-28 03:38:46.113  5848  5848 D CellBroadcastReceiver: onServiceStateChanged, ss: 1
07-28 03:38:46.113  5848  5848 D CellBroadcastReceiver: networkOperator: 
07-28 03:38:46.113  5019  5902 D OplusSubWaySlowRecovery: getPreferSubId return 1
07-28 03:38:46.113  4898  5351 I SystemUi--Statusbar: MobileInputLog-->onSubscriptionsChanged
07-28 03:38:46.114 11301 11301 I Finsky  : [2] pzg.onSubscriptionsChanged(6): onSubscriptionsChanged
07-28 03:38:46.114  5152  5152 D QCNEJ/WwanInfoRelay: onSubscriptionsChanged currDDSId: 1 new DDS 1
07-28 03:38:46.114  3396  4519 V NetworkPolicy: onSubscriptionsChanged
07-28 03:38:46.114  5122  5122 E QImsService: ImsConfigImpl : onSubscriptionsChanged unable to process due to SubscriptionInfo is null
07-28 03:38:46.114  5122  5122 I QImsService: OplusPhoneStateTracker : onSubscriptionsChanged Last subId: -1 Current subId -1
07-28 03:38:46.114  4956  4956 I Telephony: y0: onServiceStateChanged: newState=1, mServiceState=1
07-28 03:38:46.114 12368 12368 I Finsky:quick_launch: [2] pzg.onSubscriptionsChanged(6): onSubscriptionsChanged
07-28 03:38:46.114  4898  4898 I KeyguardUpdateMonitor: action=android.intent.action.SERVICE_STATE subId=1 slotId=0
07-28 03:38:46.114  5152  5152 D QCNEJ/DataCallAgent: onSubscriptionsChanged: new DDS 1
07-28 03:38:46.114  4898  5351 I SystemUi--Statusbar: MobileConnectionRepositoryImpl-->subId:1 isSoftSimCard:false slotId:0
07-28 03:38:46.114  5152  8959 D QCNEJ/DataCallAgent: phoneCount: 2
07-28 03:38:46.114  5152  8959 D QCNEJ/DataCallAgent: subs for 0th slot: [1]
07-28 03:38:46.114  5152  8959 D QCNEJ/DataCallAgent: mSubInfoReady[0] is set to true
07-28 03:38:46.114  5152  8959 D QCNEJ/DataCallAgent: subs for 1th slot: [-1]
07-28 03:38:46.114 11937 11937 I Finsky:background: [2] pzg.onSubscriptionsChanged(6): onSubscriptionsChanged
07-28 03:38:46.115  4956  4956 I Telephony: isRttCurrentlySupported -- regular acct, hasVoiceAvailability: false
07-28 03:38:46.115  4956  4956 I Telephony:  isRttSupported: false
07-28 03:38:46.115  4956  4956 I Telephony:  isUserRttSettingOn: false
07-28 03:38:46.115  4956  4956 I Telephony:  alwaysAllowWhileRoaming: false
07-28 03:38:46.115  4956  4956 I Telephony:  isRoaming: false
07-28 03:38:46.115  4956  4956 I Telephony:  isOnWfc: false
07-28 03:38:46.115  5196  5196 D SubsysEventListenerManager-SubsysTelephonyCallback[0]: onCellLocationChanged
07-28 03:38:46.115  6534  6748 I midasd  : OplusObrainService::notifyEventInt eventId:38 iParam:20
07-28 03:38:46.116  5122  5122 I QImsService: OplusPhoneStateTracker : onSubscriptionsChanged Last subId: 1 Current subId 1
07-28 03:38:46.116  4898  4898 I SystemUi--Statusbar: OplusMobileIconInteractorImpl-->oplusIMSModel slot:0: CapabilityTypeModel(isVolteSwitchOn=true, isWfcEnabledByUser=true, imsRegistered=false, voiceCapable=false, videoCapable=false, registerTech=-1, isCrossSimCallingEnabledByUser=false, hasHideVolteOperator=false), SimStateModel(simInserted=[true, false], simForbidden=[false, true], simStateIMSI=[true, false], simLoaded=[true, false]),oplusNetworkTypeNr:20,isVoNrEnabled:false
07-28 03:38:46.117  3396  5293 W BestClock: java.time.DateTimeException: Missing network time fix
07-28 03:38:46.117  4898  5991 I SystemUi--Statusbar: OplusMobileConnectionRepository1-->stopListenImsStatusChanged
07-28 03:38:46.117  4898  5351 I SystemUi--Statusbar: MobileConnectionRepositoryImpl-->subId:1 isSoftSimCard:false slotId:0
07-28 03:38:46.117  9054 10378 I OplusObrain: OplusObrainClientInvoke.nativeGetTelephonyInfo
07-28 03:38:46.118  4898  5991 I SystemUi--Statusbar: OplusMobileConnectionRepository1-->phoneId: 0, conflatedCallbackFlow init
07-28 03:38:46.118  4898  5991 I SystemUi--Statusbar: OplusMobileConnectionRepository1-->startListenImsStatusChanged
07-28 03:38:46.118 13203 13203 I ttings:tzupdate: isSwordfishLaunchAppEnabled_ 1 isSwordfishInstallAppEnabled_ 1
07-28 03:38:46.118 13203 13203 E ttings:tzupdate: Unknown bits set in runtime_flags: 0x40000000
07-28 03:38:46.118 13203 13203 I ttings:tzupdate: Using CollectorTypeCMC GC.
07-28 03:38:46.118  3396  4745 W BestClock: java.time.DateTimeException: Missing network time fix
