07-28 05:02:12.417  4883  4883 I SystemUi--QuickSettings: OplusQuickStatusBarHeader-->updateCenterHoleView visibility: 8 isLpChanged: false
07-28 05:02:12.417  4883  4883 I SystemUi--QuickSettings: OplusQuickStatusBarHeader-->updateCenterHoleView visibility: 8 isLpChanged: false
07-28 05:02:12.418  4883  5516 D BufferQueueProducer: [VRI[NotificationShade]#8(BLAST Consumer)8](id:131300000009,api:1,p:4883,c:4883) connect: api=1 producerControlledByApp=true
07-28 05:02:12.426  4883  4883 I SurfaceControl:  setExtendedRangeBrightness sc=Surface(name=NotificationShade)/@0xb45b1a4,currentBufferRatio=1.0,desiredRatio=1.0
07-28 05:02:12.435  2157  2345 D SurfaceFlinger: captureLayers from pid 5377 uid -335
07-28 05:02:12.435  2157  2345 W SurfaceFlinger: Skipping screen capture because of invalid layer.
07-28 05:02:12.435  5377  5732 E ScreenCapture: Failed to generate screen capture. Error code: -12
07-28 05:02:12.435  5377  5732 E Blur_ScreenCapture: [captureScreenInternal] exceeds fail times limit=1
07-28 05:02:12.441  4883  5516 D BLASTBufferQueue: [VRI[NotificationShade]#8](f:0,a:1) acquireNextBufferLocked size=1080x2376 mFrameNumber=1 applyTransaction=true mTimestamp=58096038726(auto) mPendingTransactions.size=0 graphicBufferId=20972325306418 transform=0
07-28 05:02:12.441  4883  5516 D VRI[NotificationShade]: Received frameCommittedCallback lastAttemptedDrawFrameNum=1 didProduceBuffer=true syncBuffer=false
07-28 05:02:12.441  4883  4883 D VRI[NotificationShade]: draw finished. seqId=0
07-28 05:02:12.441  3478  5226 I WindowManager: Window{b0afd63 u0 NotificationShade} state from DRAW_PENDING to COMMIT_DRAW_PENDING; reason: finishDrawingLocked
07-28 05:02:12.442  4883  5643 V OplusCustomizeCacheManager: queryCache name: sys.cache.common_customize_cache11011 param: null
07-28 05:02:12.442  4883  5643 V OplusCustomizeCacheManager: queryCache name: sys.cache.common_customize_cache11010 param: null
07-28 05:02:12.442  4883  4883 D ZenModeController: Added callback class com.oplus.systemui.qs.tiles.OplusDndTile$1
07-28 05:02:12.442  3478  3690 I WindowManager: Window{b0afd63 u0 NotificationShade} state from COMMIT_DRAW_PENDING to READY_TO_SHOW; reason: commitFinishDrawingLocked
07-28 05:02:12.442  3478  3690 I WindowManager: Window{b0afd63 u0 NotificationShade} state from READY_TO_SHOW to HAS_DRAWN; reason: performShowLocked
07-28 05:02:12.443  4883  4883 I SystemUi--Notification: OplusHeadsUpCoreStart-->isVisibility: true
07-28 05:02:12.443  4883  4883 I SystemUi--QuickSettings: OplusQsBrightnessSliderController-->setProgressAnimation value: 74 isListening: true  screenBrightnessDuration: 0.0  startValue: 0 startTime: 0 lastDuration: 23.0 lastStartTime: 46641  max: 4089 sliderProgress: 0 needResetLastAnimation: false
07-28 05:02:12.443  4883  4883 I SystemUi--QuickSettings: OplusQsBrightnessSliderController-->handleNoDuration proportion: 1.0 currentProgress: 74 duration: 0.0 lastStartValue: 6 sliderProgress: 74
07-28 05:02:12.443  4883  4883 I SystemUi--Notification: OplusNotificationShadeWindowControllerExImpl-->SHADE_FOCUSABLE-->mNotificationShadeFocusable= true, mPanelExpanded= true, mBouncerShowing= false, mKeyguardShowing= false, mKeyguardOccluded= false, mKeyguardNeedsInput= false, ENABLE_REMOTE_INPUT= true, mRemoteInputActive= false, layoutFlags= -2121924544
07-28 05:02:12.443  4883  4883 I SystemUi--Notification: OplusNotificationShadeWindowControllerExImpl-->SHADE_VISIBLE-->mKeyguardShowing= false, mKeyguardOccluded= false, mPanelVisible= false, mKeyguardFadingAway= false, mKeyguardGoingAway= false, mBouncerShowing= false, mScrimsVisibility= 1, mBackgroundBlurRadius= 0, mForcePluginOpen= false, mediaBackdropShowing= false, viewVisibility= true, qsBlurFraction= 0.009343106, panelBlurFraction= 0.0
07-28 05:02:12.443  4883  5643 V OplusCustomizeCacheManager: queryCache name: sys.cache.common_customize_cache18014 param: null
07-28 05:02:12.443  4883  5643 D OplusCustomizeCacheManager: add cachename to map: sys.cache.common_customize_cache18014
07-28 05:02:12.443  4883  5643 V OplusCustomizeCacheManager: start recompute
07-28 05:02:12.444  4883  5643 V OplusCustomizeCacheManager: queryCache name: sys.cache.common_customize_cache18017 param: Bundle[{SETTING=BLOCK, BUSINESS=NCT-DATA}]
07-28 05:02:12.444  4883  5643 D OplusCustomizeCacheManager: add cachename to map: sys.cache.common_customize_cache18017
07-28 05:02:12.444  4883  5643 V OplusCustomizeCacheManager: start recompute
07-28 05:02:12.444  3478  5226 D OplusCustomizeSecurityManagerService: we can't find the BLOCK
07-28 05:02:12.444  4883  5643 V OplusCustomizeCacheManager: queryCache name: sys.cache.common_customize_cache18013 param: null
07-28 05:02:12.444  4883  4883 I SystemUi--Keyguard: ScrimControllerExImp-->blur State to UNLOCK, bouncer=false changeFromBouncerScrim= false runnerUnlock= false goingAway=false hasHandle=true isOccludeAnimationPlaying=false
07-28 05:02:12.444  4883  5643 V OplusCustomizeCacheManager: queryCache name: sys.cache.common_customize_cache18025 param: null
07-28 05:02:12.445  4883  5643 I SystemUi--QuickSettings: Tile.OplusAirplaneModeTile-->handleUpdateState state.state: 2 value: 1
07-28 05:02:12.445  4883  5643 V OplusCustomizeCacheManager: queryCache name: sys.cache.common_customize_cache18026 param: null
07-28 05:02:12.445  4883  4883 I SystemUi--Keyguard: ScrimControllerExImp-->blur State to UNLOCK, bouncer=false changeFromBouncerScrim= false runnerUnlock= false goingAway=false hasHandle=true isOccludeAnimationPlaying=false
07-28 05:02:12.445  3478  6091 I InputDispatcher: injectInputEvent: targetUid=<not set>, syncMode=WAIT_FOR_FINISHED, timeout=30000ms, policyFlags=0x8000000, event=MotionEvent { action=MOVE, id[0]=0, x[0]=900, y[0]=621, eventTime=58100000000, downTime=58010000000, deviceId=4, source=TOUCHSCREEN, displayId=0, eventId=0xd4d5ee3c}
07-28 05:02:12.445  4883  4883 D ViewRootImplExtImpl: wrapConfigInfoIntoFlags rotation=0, smallestScreenWidthDp=360, residentWS=false, scenario=0, bounds=Rect(0, 0 - 1080, 2376), relayoutAsync=true, flags=1, newFlags=1245719809, title=NotificationShade
07-28 05:02:12.445  4883  4883 W VRI[NotificationShade]: updateBlastSurfaceIfNeeded, surfaceSize:Point(1080, 2376), lastSurfaceSize:Point(1080, 2376), format:-3, blastBufferQueue:android.graphics.BLASTBufferQueue@fffb710
07-28 05:02:12.445  3478  5226 D WindowManagerServiceExtImpl: extractConfigInfoAndRealFlags rotation=0, screenDp=360, residentWS:0, scenario:0, bounds:2376, serverWinBounds:Rect(0, 0 - 1080, 2376), win=Window{b0afd63 u0 NotificationShade}
07-28 05:02:12.445  3478  5226 V WindowManager: Relayout Window{b0afd63 u0 NotificationShade}: viewVisibility=0, oldvis=0, req=1080x2376, vsysui=, x=0, y=0
07-28 05:02:12.445  4883  4883 I SurfaceControl:  setExtendedRangeBrightness sc=Surface(name=NotificationShade)/@0xb45b1a4,currentBufferRatio=1.0,desiredRatio=1.0
07-28 05:02:12.446  3478  5226 D RefreshRate: initControlPanelRefreshRateData PreferredRefreshRateData{mPreferredRefreshRateId=[3, 1, 2, 3],isAnimBoost=true}
07-28 05:02:12.446  3478  5226 D WindowManager: NFW_findFocusedWindowIfNeeded:Window{b0afd63 u0 NotificationShade} mCurrentFocus:Window{aa2828c u0 com.android.launcher/com.android.launcher.Launcher}
07-28 05:02:12.446  3478  5226 V WindowManager: Changing focus from Window{aa2828c u0 com.android.launcher/com.android.launcher.Launcher} to Window{b0afd63 u0 NotificationShade},diplayid=0
07-28 05:02:12.446  4883  5643 V OplusCustomizeCacheManager: queryCache name: sys.cache.common_customize_cache11009 param: null
07-28 05:02:12.446  3478  4531 E OplusUIFirst_WS: unknown window type: -1
07-28 05:02:12.447  4883  4883 I PluginSeedling--CapsuleCard: CardRootViewModel-->onExpandedChanged: true
07-28 05:02:12.447  3478  4531 E UAH-Framework: invalid window type -1
07-28 05:02:12.447  3478  4602 E FBProcessManager: unknown window type: -1
07-28 05:02:12.447  3478  3784 D VRR [OPlusRefreshRateService]: Receive multi scene changed eventId = 5 bundleList.size = 2
07-28 05:02:12.447  3478  5226 D Theia.NoFocusWindow: FocusWindowErrorScene cancelCheckFreezeScreen
07-28 05:02:12.447  3478  5226 W TheiaWindowMonitor: [check] focusedWindow is null or enable is false
07-28 05:02:12.447  4883  4883 I PluginSeedling--StateMachine: StateEventManager-->stable: true, event: null
07-28 05:02:12.448  4883  5643 V OplusCustomizeCacheManager: queryCache name: sys.cache.common_customize_cache18027 param: null
07-28 05:02:12.449  7420  7420 W Battery : PowerSaveTileService: updateTileState false
07-28 05:02:12.449  4883  4883 W SystemUi--Common: SubsetBitmapDrawable-->[isValid] innerBitmap?.isRecycled=null
07-28 05:02:12.449  3478  3714 I UserAwareMgr: handleFgAppChanged, pkgName: com.android.systemui, pid: 4883, isVisible: true, fgAppType: FG2
07-28 05:02:12.449  3478  3714 I UserAwareMgr: fg app status not changed, beforeVisible: true, currentVisible: true
07-28 05:02:12.449  3478  3690 D SurfaceComposerClient: Transaction::apply InputWindowCommands.focusRequests timestamp=58103093310, windowName=b0afd63 NotificationShade
07-28 05:02:12.450  4883  5643 V OplusCustomizeCacheManager: queryCache name: sys.cache.common_customize_cache11010 param: null
07-28 05:02:12.450  4883  4883 I SystemUi--Statusbar: BatteryViewBinder-->create drawable: com.oplus.systemui.statusbar.pipeline.battery.ui.drawable.HorizontalBatteryContentDrawable@c09504 iconStyle:BatteryIconStyle(iconStyle=1, oldStylePercentIn=false, densityDpi=480, scaleFactor=1.0, themeId=0, isThemeModeColor=false, frameColorMode=0, isPercentOutBgMode=false, isPercentOutPbMode=false, batteryOutChargeBgMode=0)
07-28 05:02:12.451  4883  4883 I SystemUi--Statusbar: BatteryViewBinder-->create drawable: com.oplus.systemui.statusbar.pipeline.battery.ui.drawable.HorizontalBatteryContentDrawable@ad9595d iconStyle:BatteryIconStyle(iconStyle=1, oldStylePercentIn=false, densityDpi=480, scaleFactor=1.0, themeId=0, isThemeModeColor=false, frameColorMode=0, isPercentOutBgMode=false, isPercentOutPbMode=false, batteryOutChargeBgMode=0)
07-28 05:02:12.453  4883  4883 W SystemUi--Common: SubsetBitmapDrawable-->[isValid] innerBitmap?.isRecycled=null
07-28 05:02:12.453  4883  4883 I SystemUi--Statusbar: BatteryViewBinder-->create drawable: com.oplus.systemui.statusbar.pipeline.battery.ui.drawable.HorizontalBatteryContentDrawable@f923f01 iconStyle:BatteryIconStyle(iconStyle=1, oldStylePercentIn=false, densityDpi=480, scaleFactor=1.0, themeId=0, isThemeModeColor=false, frameColorMode=0, isPercentOutBgMode=false, isPercentOutPbMode=false, batteryOutChargeBgMode=0)
07-28 05:02:12.454  4883  4883 I SystemUi--Statusbar: BatteryViewBinder-->create drawable: com.oplus.systemui.statusbar.pipeline.battery.ui.drawable.HorizontalBatteryContentDrawable@c3d51a6 iconStyle:BatteryIconStyle(iconStyle=1, oldStylePercentIn=false, densityDpi=480, scaleFactor=1.0, themeId=0, isThemeModeColor=false, frameColorMode=0, isPercentOutBgMode=false, isPercentOutPbMode=false, batteryOutChargeBgMode=0)
07-28 05:02:12.455  4883  5975 D Util    : isPkgInstalled_isPkgInstalled = false
07-28 05:02:12.456  4883  5975 D Util    : isPkgInstalled_isPkgInstalled = true
07-28 05:02:12.456  3478  6091 I InputDispatcher: injectInputEvent: targetUid=<not set>, syncMode=WAIT_FOR_FINISHED, timeout=30000ms, policyFlags=0x8000000, event=MotionEvent { action=MOVE, id[0]=0, x[0]=900, y[0]=693.233, eventTime=58111000000, downTime=58010000000, deviceId=4, source=TOUCHSCREEN, displayId=0, eventId=0xf99d6f19}
07-28 05:02:12.456  4883  4883 I SystemUi--Keyguard: ScrimControllerExImp-->blur State to UNLOCK, bouncer=false changeFromBouncerScrim= false runnerUnlock= false goingAway=false hasHandle=true isOccludeAnimationPlaying=false
07-28 05:02:12.456  3478  3751 D PowerManagerService: userActivityNoUpdateLocked: groupId=0, eventTime=58111, event=touch, flags=0x0, uid=1000
07-28 05:02:12.456  4883  4883 I SystemUi--Keyguard: ScrimControllerExImp-->blur State to UNLOCK, bouncer=false changeFromBouncerScrim= false runnerUnlock= false goingAway=false hasHandle=true isOccludeAnimationPlaying=false
07-28 05:02:12.457  4883  4883 I SystemUi--QuickSettings: QSPanelAnimatorManager-->showFirstElement
07-28 05:02:12.458  2157  2157 D OplusInfoMonitor: setListenerReport: reportInfo:
07-28 05:02:12.458  2157  2345 D SurfaceFlinger: captureLayers from pid 5377 uid -335
07-28 05:02:12.460  2157  3308 D SurfaceFlinger: updateWinowInfo=1, setFocusedWindow timestamp=58103093310, windowName=b0afd63 NotificationShade
07-28 05:02:12.460  3478  5443 I InputDispatcher: NFW_setFocusedWindow, b0afd63 NotificationShade on display 0, same as the previous:0
07-28 05:02:12.460  3478  5443 I InputDispatcher: updateFocusedWindow, b0afd63 NotificationShade on display 0, reason: setFocusedWindow, result:   FocusedWindows:
07-28 05:02:12.460  3478  5443 I InputDispatcher:     displayId=0, name='b0afd63 NotificationShade'
07-28 05:02:12.460  5192  5192 D VRI[Launcher]: onFocusEvent false
07-28 05:02:12.461  4883  4883 D VRI[NotificationShade]: onFocusEvent true
07-28 05:02:12.461  4883  4883 D JankUtils: gfxSceneBegin; scene: 7; sceneDes: QS PULL
07-28 05:02:12.462  4883  4883 I SystemUi--Keyguard: ScrimControllerExImp-->blur State to UNLOCK, bouncer=false changeFromBouncerScrim= false runnerUnlock= false goingAway=false hasHandle=true isOccludeAnimationPlaying=false
07-28 05:02:12.462  4883  4883 I SystemUi--Keyguard: ScrimControllerExImp-->blur State to UNLOCK, bouncer=false changeFromBouncerScrim= false runnerUnlock= false goingAway=false hasHandle=true isOccludeAnimationPlaying=false
07-28 05:02:12.463  1864  1932 I SnapAlloc: Using graphics libs for alignment calculations
07-28 05:02:12.463  1864  1932 I SnapAlloc: Using graphics libs for alignment calculations
07-28 05:02:12.464  1864  1932 I SnapAlloc: Using graphics libs for alignment calculations
07-28 05:02:12.464  4883  4883 I SystemUi--Keyguard: OplusRepeatWhenAttachedUnlock-->updateState: view.windowVisibility: 0, keyguardShow: false, isInPreviewMode: false, view.hasWindowFocus(): true
07-28 05:02:12.464  4883  4883 I SystemUi--Keyguard: OplusRepeatWhenAttachedUnlock-->updateState: view.windowVisibility: 0, keyguardShow: false, isInPreviewMode: false, view.hasWindowFocus(): true
07-28 05:02:12.469  4883  4883 I SystemUi--Keyguard: ScrimControllerExImp-->blur State to UNLOCK, bouncer=false changeFromBouncerScrim= false runnerUnlock= false goingAway=false hasHandle=true isOccludeAnimationPlaying=false
07-28 05:02:12.469  3478  6091 I InputDispatcher: injectInputEvent: targetUid=<not set>, syncMode=WAIT_FOR_FINISHED, timeout=30000ms, policyFlags=0x8000000, event=MotionEvent { action=MOVE, id[0]=0, x[0]=900, y[0]=778.6, eventTime=58124000000, downTime=58010000000, deviceId=4, source=TOUCHSCREEN, displayId=0, eventId=0xdeca4dde}
07-28 05:02:12.469  4883  4883 I SystemUi--Keyguard: ScrimControllerExImp-->blur State to UNLOCK, bouncer=false changeFromBouncerScrim= false runnerUnlock= false goingAway=false hasHandle=true isOccludeAnimationPlaying=false
07-28 05:02:12.469  4883  4883 I SystemUi--QuickSettings: QSPanelAnimatorManager-->showSecondElement
07-28 05:02:12.477  1864  1932 I SnapAlloc: Using graphics libs for alignment calculations
07-28 05:02:12.477  4883  4883 I SystemUi--Keyguard: ScrimControllerExImp-->blur State to UNLOCK, bouncer=false changeFromBouncerScrim= false runnerUnlock= false goingAway=false hasHandle=true isOccludeAnimationPlaying=false
07-28 05:02:12.477  3478  6091 I InputDispatcher: injectInputEvent: targetUid=<not set>, syncMode=WAIT_FOR_FINISHED, timeout=30000ms, policyFlags=0x8000000, event=MotionEvent { action=MOVE, id[0]=0, x[0]=900, y[0]=831.134, eventTime=58132000000, downTime=58010000000, deviceId=4, source=TOUCHSCREEN, displayId=0, eventId=0xd007ae35}
07-28 05:02:12.477  4883  4883 I SystemUi--Keyguard: ScrimControllerExImp-->blur State to UNLOCK, bouncer=false changeFromBouncerScrim= false runnerUnlock= false goingAway=false hasHandle=true isOccludeAnimationPlaying=false
07-28 05:02:12.486  3478  6091 I InputDispatcher: injectInputEvent: targetUid=<not set>, syncMode=WAIT_FOR_FINISHED, timeout=30000ms, policyFlags=0x8000000, event=MotionEvent { action=MOVE, id[0]=0, x[0]=900, y[0]=890.233, eventTime=58141000000, downTime=58010000000, deviceId=4, source=TOUCHSCREEN, displayId=0, eventId=0xc3da0f8e}
07-28 05:02:12.486  4883  4883 I SystemUi--Keyguard: ScrimControllerExImp-->blur State to UNLOCK, bouncer=false changeFromBouncerScrim= false runnerUnlock= false goingAway=false hasHandle=true isOccludeAnimationPlaying=false
07-28 05:02:12.486  4883  4883 I SystemUi--Keyguard: ScrimControllerExImp-->blur State to UNLOCK, bouncer=false changeFromBouncerScrim= false runnerUnlock= false goingAway=false hasHandle=true isOccludeAnimationPlaying=false
07-28 05:02:12.494  1864  1932 I SnapAlloc: Using graphics libs for alignment calculations
07-28 05:02:12.494  4883  4883 I SystemUi--Keyguard: ScrimControllerExImp-->blur State to UNLOCK, bouncer=false changeFromBouncerScrim= false runnerUnlock= false goingAway=false hasHandle=true isOccludeAnimationPlaying=false
07-28 05:02:12.495  3478  6091 I InputDispatcher: injectInputEvent: targetUid=<not set>, syncMode=WAIT_FOR_FINISHED, timeout=30000ms, policyFlags=0x8000000, event=MotionEvent { action=MOVE, id[0]=0, x[0]=900, y[0]=949.333, eventTime=58150000000, downTime=58010000000, deviceId=4, source=TOUCHSCREEN, displayId=0, eventId=0xd97e492e}
07-28 05:02:12.495  4883  4883 I SystemUi--Keyguard: ScrimControllerExImp-->blur State to UNLOCK, bouncer=false changeFromBouncerScrim= false runnerUnlock= false goingAway=false hasHandle=true isOccludeAnimationPlaying=false
07-28 05:02:12.496  4883  5347 I SystemUi--Statusbar: PrivacyDotViewController-->processNextViewState: 
07-28 05:02:12.496  4883  5347 I SystemUi--Statusbar: PrivacyDotViewController-->resolveState ViewState(viewInitialized=true, systemPrivacyEventIsActive=false, shadeExpanded=true, needShow=false, portraitRect=Rect(0, 0 - 1080, 120), landscapeRect=Rect(120, 0 - 2376, 120), upsideDownRect=Rect(0, 0 - 1080, 120), seascapeRect=Rect(0, 0 - 2244, 120), layoutRtl=false, rotation=0, paddingTop=14, paddingBottom=15, cornerIndex=1, designatedCorner=android.widget.FrameLayout{7c8c533 I.E...... ......ID 1032,0-1080,120 #7f0a09cd app:id/privacy_dot_top_right_container alpha=1.0 viewInfo = }, contentDescription=null, dotMargin=48)
07-28 05:02:12.502  3478  6091 I InputDispatcher: injectInputEvent: targetUid=<not set>, syncMode=WAIT_FOR_FINISHED, timeout=30000ms, policyFlags=0x8000000, event=MotionEvent { action=MOVE, id[0]=0, x[0]=900, y[0]=1001.87, eventTime=58158000000, downTime=58010000000, deviceId=4, source=TOUCHSCREEN, displayId=0, eventId=0xdba11439}
07-28 05:02:12.502  4883  4883 I SystemUi--Keyguard: ScrimControllerExImp-->blur State to UNLOCK, bouncer=false changeFromBouncerScrim= false runnerUnlock= false goingAway=false hasHandle=true isOccludeAnimationPlaying=false
07-28 05:02:12.503  4883  4883 I SystemUi--Keyguard: ScrimControllerExImp-->blur State to UNLOCK, bouncer=false changeFromBouncerScrim= false runnerUnlock= false goingAway=false hasHandle=true isOccludeAnimationPlaying=false
07-28 05:02:12.510  1864  1932 I SnapAlloc: Using graphics libs for alignment calculations
07-28 05:02:12.511  4883  4883 I SystemUi--Keyguard: ScrimControllerExImp-->blur State to UNLOCK, bouncer=false changeFromBouncerScrim= false runnerUnlock= false goingAway=false hasHandle=true isOccludeAnimationPlaying=false
07-28 05:02:12.511  3478  6091 I InputDispatcher: injectInputEvent: targetUid=<not set>, syncMode=WAIT_FOR_FINISHED, timeout=30000ms, policyFlags=0x8000000, event=MotionEvent { action=MOVE, id[0]=0, x[0]=900, y[0]=1054.4, eventTime=58166000000, downTime=58010000000, deviceId=4, source=TOUCHSCREEN, displayId=0, eventId=0xf67ec418}
07-28 05:02:12.511  4883  4883 I SystemUi--Keyguard: ScrimControllerExImp-->blur State to UNLOCK, bouncer=false changeFromBouncerScrim= false runnerUnlock= false goingAway=false hasHandle=true isOccludeAnimationPlaying=false
07-28 05:02:12.519  3478  6091 I InputDispatcher: injectInputEvent: targetUid=<not set>, syncMode=WAIT_FOR_FINISHED, timeout=30000ms, policyFlags=0x8000000, event=MotionEvent { action=MOVE, id[0]=0, x[0]=900, y[0]=1106.93, eventTime=58174000000, downTime=58010000000, deviceId=4, source=TOUCHSCREEN, displayId=0, eventId=0xf8ae8f30}
07-28 05:02:12.519  4883  4883 I SystemUi--Keyguard: ScrimControllerExImp-->blur State to UNLOCK, bouncer=false changeFromBouncerScrim= false runnerUnlock= false goingAway=false hasHandle=true isOccludeAnimationPlaying=false
07-28 05:02:12.519  4883  4883 I SystemUi--Keyguard: ScrimControllerExImp-->blur State to UNLOCK, bouncer=false changeFromBouncerScrim= false runnerUnlock= false goingAway=false hasHandle=true isOccludeAnimationPlaying=false
07-28 05:02:12.527  1864  1932 I SnapAlloc: Using graphics libs for alignment calculations
07-28 05:02:12.527  4883  4883 I SystemUi--Keyguard: ScrimControllerExImp-->blur State to UNLOCK, bouncer=false changeFromBouncerScrim= false runnerUnlock= false goingAway=false hasHandle=true isOccludeAnimationPlaying=false
07-28 05:02:12.527  3478  6091 I InputDispatcher: injectInputEvent: targetUid=<not set>, syncMode=WAIT_FOR_FINISHED, timeout=30000ms, policyFlags=0x8000000, event=MotionEvent { action=MOVE, id[0]=0, x[0]=900, y[0]=1159.47, eventTime=58182000000, downTime=58010000000, deviceId=4, source=TOUCHSCREEN, displayId=0, eventId=0xcc489ebb}
07-28 05:02:12.528  4883  4883 I SystemUi--Keyguard: ScrimControllerExImp-->blur State to UNLOCK, bouncer=false changeFromBouncerScrim= false runnerUnlock= false goingAway=false hasHandle=true isOccludeAnimationPlaying=false
07-28 05:02:12.535  4883  4883 I SystemUi--Keyguard: ScrimControllerExImp-->blur State to UNLOCK, bouncer=false changeFromBouncerScrim= false runnerUnlock= false goingAway=false hasHandle=true isOccludeAnimationPlaying=false
07-28 05:02:12.535  3478  6091 I InputDispatcher: injectInputEvent: targetUid=<not set>, syncMode=WAIT_FOR_FINISHED, timeout=30000ms, policyFlags=0x8000000, event=MotionEvent { action=MOVE, id[0]=0, x[0]=900, y[0]=1218.57, eventTime=58191000000, downTime=58010000000, deviceId=4, source=TOUCHSCREEN, displayId=0, eventId=0xf16d6f6e}
07-28 05:02:12.536  4883  4883 I SystemUi--Keyguard: ScrimControllerExImp-->blur State to UNLOCK, bouncer=false changeFromBouncerScrim= false runnerUnlock= false goingAway=false hasHandle=true isOccludeAnimationPlaying=false
07-28 05:02:12.543  1864  1932 I SnapAlloc: Using graphics libs for alignment calculations
07-28 05:02:12.544  4883  4883 I SystemUi--Keyguard: ScrimControllerExImp-->blur State to UNLOCK, bouncer=false changeFromBouncerScrim= false runnerUnlock= false goingAway=false hasHandle=true isOccludeAnimationPlaying=false
07-28 05:02:12.544  3478  6091 I InputDispatcher: injectInputEvent: targetUid=<not set>, syncMode=WAIT_FOR_FINISHED, timeout=30000ms, policyFlags=0x8000000, event=MotionEvent { action=MOVE, id[0]=0, x[0]=900, y[0]=1271.1, eventTime=58199000000, downTime=58010000000, deviceId=4, source=TOUCHSCREEN, displayId=0, eventId=0xe8f56820}
07-28 05:02:12.544  4883  4883 I SystemUi--Keyguard: ScrimControllerExImp-->blur State to UNLOCK, bouncer=false changeFromBouncerScrim= false runnerUnlock= false goingAway=false hasHandle=true isOccludeAnimationPlaying=false
07-28 05:02:12.549  4883  4883 I SystemUi--QuickSettings: QsLottieUtils-->getLottieAnimFile : qs/qs_location_lottie_active_sep_dual_light.json
07-28 05:02:12.552  3478  6091 I InputDispatcher: injectInputEvent: targetUid=<not set>, syncMode=WAIT_FOR_FINISHED, timeout=30000ms, policyFlags=0x8000000, event=MotionEvent { action=MOVE, id[0]=0, x[0]=900, y[0]=1323.63, eventTime=58207000000, downTime=58010000000, deviceId=4, source=TOUCHSCREEN, displayId=0, eventId=0xe5512048}
07-28 05:02:12.552  4883  4883 I SystemUi--Keyguard: ScrimControllerExImp-->blur State to UNLOCK, bouncer=false changeFromBouncerScrim= false runnerUnlock= false goingAway=false hasHandle=true isOccludeAnimationPlaying=false
07-28 05:02:12.552  4883 12947 W LOG_Effective: Effective doesn't support layer effects. If you are using them for  fills, strokes, trim paths etc. then try adding them directly as contents  in your shape. Found: [Slider Control]
07-28 05:02:12.552  4883 12947 W LOG_Effective: Animation contains merge paths. Merge paths are only supported on KitKat+ and must be manually enabled by calling enableMergePathsForKitKatAndAbove().
07-28 05:02:12.552  4883  4883 I SystemUi--Keyguard: ScrimControllerExImp-->blur State to UNLOCK, bouncer=false changeFromBouncerScrim= false runnerUnlock= false goingAway=false hasHandle=true isOccludeAnimationPlaying=false
07-28 05:02:12.556  4883  4883 I SystemUi--QuickSettings: QsLottieUtils-->getLottieAnimFile : qs/qs_nfc_lottie_active_sep_dual_light.json
07-28 05:02:12.557  4883  4883 W LOG_Effective: Animation contains merge paths but they are disabled.
07-28 05:02:12.559  4883  5516 D HWUI    : OplusRenderNodeAnimator end!
07-28 05:02:12.559  4883  5516 D HWUI    : OplusRenderNodeAnimator end!
07-28 05:02:12.559  4883  5516 D HWUI    : OplusRenderNodeAnimator end!
07-28 05:02:12.559  4883  5516 D HWUI    : OplusRenderNodeAnimator end!
07-28 05:02:12.559  4883  4883 I SystemUi--Statusbar: CollapsedStatusBarFragmentExImpl-->animateHiddenState onAnimationEnd v:com.oplus.systemui.statusbar.widget.EndSideContentLayout{8ac250f V.E...... ........ 172,0-440,91 #7f0a0c16 app:id/status_bar_end_side_content alpha=1.0 viewInfo = }  v alpha:1.0 v render alpha:0.0 animateAlpha=0.0
07-28 05:02:12.559  4883  4883 I SystemUi--Statusbar: CollapsedStatusBarFragmentExImpl-->animateHiddenState onAnimationEnd v:com.android.keyguard.AlphaOptimizedLinearLayout{bec7a52 V.E...... ........ 0,0-48,91 alpha=1.0 viewInfo = }  v alpha:1.0 v render alpha:0.0 animateAlpha=0.0
07-28 05:02:12.559  4883  4883 I SystemUi--Statusbar: CollapsedStatusBarFragmentExImpl-->animateHiddenState onAnimationEnd v:com.oplus.systemui.statusbar.seeding.CapsulePluginContainer{75ed22 V.E...... ........ 0,0-1080,120 #7f0a0b3b app:id/seeding_card_container alpha=1.0 viewInfo = }  v alpha:1.0 v render alpha:0.0 animateAlpha=0.0
07-28 05:02:12.559  4883  4883 I SystemUi--Statusbar: CollapsedStatusBarFragmentExImpl-->animateHiddenState onAnimationEnd v:com.oplus.systemui.statusbar.widget.StatClock{2278559 V.ED..... ........ 0,0-138,91 #7f0a02b9 app:id/clock alpha=1.0 viewInfo = }  v alpha:1.0 v render alpha:0.0 animateAlpha=0.0
07-28 05:02:12.560  1864  1932 I SnapAlloc: Using graphics libs for alignment calculations
07-28 05:02:12.560  3478  6091 I InputDispatcher: injectInputEvent: targetUid=<not set>, syncMode=WAIT_FOR_FINISHED, timeout=30000ms, policyFlags=0x8000000, event=MotionEvent { action=MOVE, id[0]=0, x[0]=900, y[0]=1376.17, eventTime=58215000000, downTime=58010000000, deviceId=4, source=TOUCHSCREEN, displayId=0, eventId=0xf3551bdf}
07-28 05:02:12.560  4883  4883 I SystemUi--Keyguard: ScrimControllerExImp-->blur State to UNLOCK, bouncer=false changeFromBouncerScrim= false runnerUnlock= false goingAway=false hasHandle=true isOccludeAnimationPlaying=false
07-28 05:02:12.561  4883  4883 I SystemUi--Keyguard: ScrimControllerExImp-->blur State to UNLOCK, bouncer=false changeFromBouncerScrim= false runnerUnlock= false goingAway=false hasHandle=true isOccludeAnimationPlaying=false
07-28 05:02:12.561  3478  3751 D PowerManagerService: userActivityNoUpdateLocked: groupId=0, eventTime=58215, event=touch, flags=0x0, uid=1000
07-28 05:02:12.568  4883  4883 I SystemUi--Keyguard: ScrimControllerExImp-->blur State to UNLOCK, bouncer=false changeFromBouncerScrim= false runnerUnlock= false goingAway=false hasHandle=true isOccludeAnimationPlaying=false
07-28 05:02:12.569  4883  4883 I SystemUi--Keyguard: ScrimControllerExImp-->blur State to UNLOCK, bouncer=false changeFromBouncerScrim= false runnerUnlock= false goingAway=false hasHandle=true isOccludeAnimationPlaying=false
07-28 05:02:12.568  3478  6091 I InputDispatcher: injectInputEvent: targetUid=<not set>, syncMode=WAIT_FOR_FINISHED, timeout=30000ms, policyFlags=0x8000000, event=MotionEvent { action=MOVE, id[0]=0, x[0]=900, y[0]=1435.27, eventTime=58224000000, downTime=58010000000, deviceId=4, source=TOUCHSCREEN, displayId=0, eventId=0xf7c4f1ba}
07-28 05:02:12.577  1864  1932 I SnapAlloc: Using graphics libs for alignment calculations
07-28 05:02:12.577  3478  6091 I InputDispatcher: injectInputEvent: targetUid=<not set>, syncMode=WAIT_FOR_FINISHED, timeout=30000ms, policyFlags=0x8000000, event=MotionEvent { action=MOVE, id[0]=0, x[0]=900, y[0]=1487.8, eventTime=58232000000, downTime=58010000000, deviceId=4, source=TOUCHSCREEN, displayId=0, eventId=0xc976b096}
07-28 05:02:12.577  4883  4883 I SystemUi--Keyguard: ScrimControllerExImp-->blur State to UNLOCK, bouncer=false changeFromBouncerScrim= false runnerUnlock= false goingAway=false hasHandle=true isOccludeAnimationPlaying=false
07-28 05:02:12.577  4883  4883 I SystemUi--Keyguard: ScrimControllerExImp-->blur State to UNLOCK, bouncer=false changeFromBouncerScrim= false runnerUnlock= false goingAway=false hasHandle=true isOccludeAnimationPlaying=false
07-28 05:02:12.585  3478  6091 I InputDispatcher: injectInputEvent: targetUid=<not set>, syncMode=WAIT_FOR_FINISHED, timeout=30000ms, policyFlags=0x8000000, event=MotionEvent { action=MOVE, id[0]=0, x[0]=900, y[0]=1540.33, eventTime=58240000000, downTime=58010000000, deviceId=4, source=TOUCHSCREEN, displayId=0, eventId=0xd39b8859}
07-28 05:02:12.585  4883  4883 I SystemUi--Keyguard: ScrimControllerExImp-->blur State to UNLOCK, bouncer=false changeFromBouncerScrim= false runnerUnlock= false goingAway=false hasHandle=true isOccludeAnimationPlaying=false
07-28 05:02:12.585  4883  4883 I SystemUi--Keyguard: ScrimControllerExImp-->blur State to UNLOCK, bouncer=false changeFromBouncerScrim= false runnerUnlock= false goingAway=false hasHandle=true isOccludeAnimationPlaying=false
07-28 05:02:12.592 12711 12720 W System  : A resource failed to call close. 
07-28 05:02:12.592 12711 12720 W System  : A resource failed to call close. 
07-28 05:02:12.593  1864  1932 I SnapAlloc: Using graphics libs for alignment calculations
07-28 05:02:12.593  4883  4883 I SystemUi--Keyguard: ScrimControllerExImp-->blur State to UNLOCK, bouncer=false changeFromBouncerScrim= false runnerUnlock= false goingAway=false hasHandle=true isOccludeAnimationPlaying=false
07-28 05:02:12.593  3478  6091 I InputDispatcher: injectInputEvent: targetUid=<not set>, syncMode=WAIT_FOR_FINISHED, timeout=30000ms, policyFlags=0x8000000, event=MotionEvent { action=MOVE, id[0]=0, x[0]=900, y[0]=1592.87, eventTime=58248000000, downTime=58010000000, deviceId=4, source=TOUCHSCREEN, displayId=0, eventId=0xf91e3557}
07-28 05:02:12.594  4883  4883 I SystemUi--Keyguard: ScrimControllerExImp-->blur State to UNLOCK, bouncer=false changeFromBouncerScrim= false runnerUnlock= false goingAway=false hasHandle=true isOccludeAnimationPlaying=false
07-28 05:02:12.597  1867  4362 I Dpps    : LtmSwState::SetParameter():144 ignore cmd 7 in state LtmOffState
07-28 05:02:12.602  4883  4883 I SystemUi--Keyguard: ScrimControllerExImp-->blur State to UNLOCK, bouncer=false changeFromBouncerScrim= false runnerUnlock= false goingAway=false hasHandle=true isOccludeAnimationPlaying=false
07-28 05:02:12.602  3478  6091 I InputDispatcher: injectInputEvent: targetUid=<not set>, syncMode=WAIT_FOR_FINISHED, timeout=30000ms, policyFlags=0x8000000, event=MotionEvent { action=MOVE, id[0]=0, x[0]=900, y[0]=1651.97, eventTime=58257000000, downTime=58010000000, deviceId=4, source=TOUCHSCREEN, displayId=0, eventId=0xf5241a27}
07-28 05:02:12.602  4883  4883 I SystemUi--Keyguard: ScrimControllerExImp-->blur State to UNLOCK, bouncer=false changeFromBouncerScrim= false runnerUnlock= false goingAway=false hasHandle=true isOccludeAnimationPlaying=false
07-28 05:02:12.610  1864  1932 I SnapAlloc: Using graphics libs for alignment calculations
07-28 05:02:12.610  4883  4883 I SystemUi--Keyguard: ScrimControllerExImp-->blur State to UNLOCK, bouncer=false changeFromBouncerScrim= false runnerUnlock= false goingAway=false hasHandle=true isOccludeAnimationPlaying=false
07-28 05:02:12.610  3478  6091 I InputDispatcher: injectInputEvent: targetUid=<not set>, syncMode=WAIT_FOR_FINISHED, timeout=30000ms, policyFlags=0x8000000, event=MotionEvent { action=MOVE, id[0]=0, x[0]=900, y[0]=1704.5, eventTime=58265000000, downTime=58010000000, deviceId=4, source=TOUCHSCREEN, displayId=0, eventId=0xe42d28f7}
07-28 05:02:12.611  4883  4883 I SystemUi--Keyguard: ScrimControllerExImp-->blur State to UNLOCK, bouncer=false changeFromBouncerScrim= false runnerUnlock= false goingAway=false hasHandle=true isOccludeAnimationPlaying=false
07-28 05:02:12.618  3478  6091 I InputDispatcher: injectInputEvent: targetUid=<not set>, syncMode=WAIT_FOR_FINISHED, timeout=30000ms, policyFlags=0x8000000, event=MotionEvent { action=MOVE, id[0]=0, x[0]=900, y[0]=1763.6, eventTime=58274000000, downTime=58010000000, deviceId=4, source=TOUCHSCREEN, displayId=0, eventId=0xea7cb5a4}
07-28 05:02:12.618  4883  4883 I SystemUi--Keyguard: ScrimControllerExImp-->blur State to UNLOCK, bouncer=false changeFromBouncerScrim= false runnerUnlock= false goingAway=false hasHandle=true isOccludeAnimationPlaying=false
07-28 05:02:12.619  4883  4883 I SystemUi--Keyguard: ScrimControllerExImp-->blur State to UNLOCK, bouncer=false changeFromBouncerScrim= false runnerUnlock= false goingAway=false hasHandle=true isOccludeAnimationPlaying=false
07-28 05:02:12.627  1864  1932 I SnapAlloc: Using graphics libs for alignment calculations
07-28 05:02:12.628  4883  4883 I SystemUi--Keyguard: ScrimControllerExImp-->blur State to UNLOCK, bouncer=false changeFromBouncerScrim= false runnerUnlock= false goingAway=false hasHandle=true isOccludeAnimationPlaying=false
07-28 05:02:12.628  3478  6091 I InputDispatcher: injectInputEvent: targetUid=<not set>, syncMode=WAIT_FOR_FINISHED, timeout=30000ms, policyFlags=0x8000000, event=MotionEvent { action=MOVE, id[0]=0, x[0]=900, y[0]=1822.7, eventTime=58283000000, downTime=58010000000, deviceId=4, source=TOUCHSCREEN, displayId=0, eventId=0xe61b83d6}
07-28 05:02:12.628  4883  4883 I SystemUi--Keyguard: ScrimControllerExImp-->blur State to UNLOCK, bouncer=false changeFromBouncerScrim= false runnerUnlock= false goingAway=false hasHandle=true isOccludeAnimationPlaying=false
07-28 05:02:12.635  4883  4883 I SystemUi--Keyguard: ScrimControllerExImp-->blur State to UNLOCK, bouncer=false changeFromBouncerScrim= false runnerUnlock= false goingAway=false hasHandle=true isOccludeAnimationPlaying=false
07-28 05:02:12.635  3478  6091 I InputDispatcher: injectInputEvent: targetUid=<not set>, syncMode=WAIT_FOR_FINISHED, timeout=30000ms, policyFlags=0x8000000, event=MotionEvent { action=MOVE, id[0]=0, x[0]=900, y[0]=1868.67, eventTime=58290000000, downTime=58010000000, deviceId=4, source=TOUCHSCREEN, displayId=0, eventId=0xeef4098c}
07-28 05:02:12.636  4883  4883 I SystemUi--Keyguard: ScrimControllerExImp-->blur State to UNLOCK, bouncer=false changeFromBouncerScrim= false runnerUnlock= false goingAway=false hasHandle=true isOccludeAnimationPlaying=false
07-28 05:02:12.643  1864  1932 I SnapAlloc: Using graphics libs for alignment calculations
07-28 05:02:12.643  4883  4883 I SystemUi--Keyguard: ScrimControllerExImp-->blur State to UNLOCK, bouncer=false changeFromBouncerScrim= false runnerUnlock= false goingAway=false hasHandle=true isOccludeAnimationPlaying=false
07-28 05:02:12.643  3478  6091 I InputDispatcher: injectInputEvent: targetUid=<not set>, syncMode=WAIT_FOR_FINISHED, timeout=30000ms, policyFlags=0x8000000, event=MotionEvent { action=MOVE, id[0]=0, x[0]=900, y[0]=1921.2, eventTime=58298000000, downTime=58010000000, deviceId=4, source=TOUCHSCREEN, displayId=0, eventId=0xe4f7ff8c}
07-28 05:02:12.643  4883  4883 I SystemUi--Keyguard: ScrimControllerExImp-->blur State to UNLOCK, bouncer=false changeFromBouncerScrim= false runnerUnlock= false goingAway=false hasHandle=true isOccludeAnimationPlaying=false
07-28 05:02:12.649  1942  1942 D SensorFeature: name=ssc_screenshot_info ,index = 22
07-28 05:02:12.649  1942  1942 D SensorFeature: write 29 bytes:58295948206,58304281539,159,0
07-28 05:02:12.651  3478  6091 I InputDispatcher: injectInputEvent: targetUid=<not set>, syncMode=WAIT_FOR_FINISHED, timeout=30000ms, policyFlags=0x8000000, event=MotionEvent { action=MOVE, id[0]=0, x[0]=900, y[0]=1980.3, eventTime=58307000000, downTime=58010000000, deviceId=4, source=TOUCHSCREEN, displayId=0, eventId=0xf69556c7}
07-28 05:02:12.651  4883  4883 I SystemUi--Keyguard: ScrimControllerExImp-->blur State to UNLOCK, bouncer=false changeFromBouncerScrim= false runnerUnlock= false goingAway=false hasHandle=true isOccludeAnimationPlaying=false
07-28 05:02:12.652  4883  4883 I SystemUi--Keyguard: ScrimControllerExImp-->blur State to UNLOCK, bouncer=false changeFromBouncerScrim= false runnerUnlock= false goingAway=false hasHandle=true isOccludeAnimationPlaying=false
07-28 05:02:12.660  1864  1932 I SnapAlloc: Using graphics libs for alignment calculations
07-28 05:02:12.660  4883  4883 I SystemUi--Keyguard: ScrimControllerExImp-->blur State to UNLOCK, bouncer=false changeFromBouncerScrim= false runnerUnlock= false goingAway=false hasHandle=true isOccludeAnimationPlaying=false
07-28 05:02:12.660  3478  6091 I InputDispatcher: injectInputEvent: targetUid=<not set>, syncMode=WAIT_FOR_FINISHED, timeout=30000ms, policyFlags=0x8000000, event=MotionEvent { action=UP, id[0]=0, x[0]=900, y[0]=2000, eventTime=58315000000, downTime=58010000000, deviceId=4, source=TOUCHSCREEN, displayId=0, eventId=0xc8615903}
07-28 05:02:12.660  3478  4840 D UAH-UahAdaptHelper: adaptSetNotification identity = OplusUAwareInputHelpersrc = 1000 , type 1 ,p1 = -1 ,p2 = -1 ,p3 = -1 ,p4 =
07-28 05:02:12.660  3478  4840 I [UAH_CLIENT]: uahRuleCtl, ruleId:1000, status:1
07-28 05:02:12.660  4883  4883 I SystemUi--Keyguard: ScrimControllerExImp-->blur State to UNLOCK, bouncer=false changeFromBouncerScrim= false runnerUnlock= false goingAway=false hasHandle=true isOccludeAnimationPlaying=false
07-28 05:02:12.660  3478  3751 D PowerManagerService: userActivityNoUpdateLocked: groupId=0, eventTime=58315, event=touch, flags=0x0, uid=1000
07-28 05:02:12.660  3478  4345 D OplusViewDebugManager: OplusViewDebugManager Constructor android.view.debug.OplusViewDebugManager@e4f032b [mHasViewDebugProperty true] [mHasMsgDebugProperty false] [DEBUG false] [EXTRAINFOENABLE false] [LIGHT_OS false]
07-28 05:02:12.660  3478  4345 D OplusViewDebugManager: OplusViewDebugManager Constructor android.view.debug.OplusViewDebugManager@8dda388 [mHasViewDebugProperty true] [mHasMsgDebugProperty false] [DEBUG false] [EXTRAINFOENABLE false] [LIGHT_OS false]
07-28 05:02:12.661  3478  4840 I [UAH_CLIENT]: UahRelease, handle:37
07-28 05:02:12.661  3478  4840 I [UAH_CLIENT]: UahEventAcquire, cmdid:6, pkg:none, identity:OplusUAwareInputHelper
07-28 05:02:12.662  4883  4883 I SystemUi--Statusbar: OplusStatusBarWindowViewTouchExImpl-->onTouchEvent handled:false
07-28 05:02:12.662  4883  4883 I SystemUi--QuickSettings: OplusPanelViewPagerController-->reset
07-28 05:02:12.662  4883  4883 I SystemUi--QuickSettings: OplusPanelViewPagerController-->reset
07-28 05:02:12.662  4883  4883 I SystemUi--QuickSettings: OplusQSRootViewController-->endMotionEvent, expand: true, vel: 6566.6235, vectorVel: 6566.6235  isClosing=false panelClosedOnDown=true canSlideHToQSOnStatusBar=true
07-28 05:02:12.662  4883  4883 I SystemUi--QuickSettings: OplusQSRootViewController-->fling qs, expand: true, vel: 6566.6235
07-28 05:02:12.662  4883  5975 I [UAH_CLIENT]: UahRelease, handle:36
07-28 05:02:12.662  4883  4883 I SystemUi--QuickSettings: QSPanelExpandFraction-->animateExpanded, isExpanded=true, (0.97165895 -> 1.0), lastFinalPosition=1.0
07-28 05:02:12.662  4883  4883 I SystemUi--QuickSettings: QSPanelTranslationY-->animateExpandTranslationY, isExpanded=true, threshold=156.0
07-28 05:02:12.662  4883  4883 I SystemUi--QuickSettings: QSPanelAnimatorManager-->startRebound
07-28 05:02:12.663  4883  5975 I [UAH_CLIENT]: UahEventAcquire, cmdid:97, pkg:none, identity:OsenseHelperImpl
07-28 05:02:12.663  4883  4883 I SystemUi--QuickSettings: OplusPanelViewPagerController-->notifySeparateQSEndMotionEvent currentNotifyFraction=0.0  fraction=0.97165895 notifyExpandedFraction=0.0 fractionListeners.size=0
07-28 05:02:12.663  4883  4883 I SystemUi--QuickSettings: OplusQSRootViewController-->resetTouch
07-28 05:02:12.663  4883  4883 D OplusViewDragTouchViewHelper: dispatchTouchView action = 1
07-28 05:02:12.663  4883  4883 D OplusViewDragTouchViewHelper: dispatchTouchView action = 1
07-28 05:02:12.663  4883  4883 D OplusViewDragTouchViewHelper: dispatchTouchView action = 1
07-28 05:02:12.663  1889  1938 I [UAH_CLIENT]: UahPlatformResAcquire
07-28 05:02:12.663  1889  1938 I [UAH_CLIENT]: UahEventAcquire, cmdid:-3, pkg:1889 7083, identity:qcom-perfd
07-28 05:02:12.663  1889  1938 E PERFHAL-RESOURCEQS: PERFHAL-RESOURCEQS: AddAndApply() 130: Resource with major=18, minor=30 not supported
07-28 05:02:12.663  1889  1938 E PERFHAL-RESOURCEQS: PERFHAL-RESOURCEQS: AddAndApply() 130: Resource with major=18, minor=31 not supported
07-28 05:02:12.668  4883  4883 I SystemUi--Keyguard: ScrimControllerExImp-->blur State to UNLOCK, bouncer=false changeFromBouncerScrim= false runnerUnlock= false goingAway=false hasHandle=true isOccludeAnimationPlaying=false
07-28 05:02:12.668  4883  4883 I SystemUi--Keyguard: ScrimControllerExImp-->blur State to UNLOCK, bouncer=false changeFromBouncerScrim= false runnerUnlock= false goingAway=false hasHandle=true isOccludeAnimationPlaying=false
07-28 05:02:12.676  4883  4883 I SystemUi--Keyguard: ScrimControllerExImp-->blur State to UNLOCK, bouncer=false changeFromBouncerScrim= false runnerUnlock= false goingAway=false hasHandle=true isOccludeAnimationPlaying=false
07-28 05:02:12.676  1864  1932 I SnapAlloc: Using graphics libs for alignment calculations
07-28 05:02:12.676  4883  4883 I SystemUi--Keyguard: ScrimControllerExImp-->blur State to UNLOCK, bouncer=false changeFromBouncerScrim= false runnerUnlock= false goingAway=false hasHandle=true isOccludeAnimationPlaying=false
07-28 05:02:12.684  4883  4883 I SystemUi--Keyguard: ScrimControllerExImp-->blur State to UNLOCK, bouncer=false changeFromBouncerScrim= false runnerUnlock= false goingAway=false hasHandle=true isOccludeAnimationPlaying=false
07-28 05:02:12.685  4883  4883 I SystemUi--Keyguard: ScrimControllerExImp-->blur State to UNLOCK, bouncer=false changeFromBouncerScrim= false runnerUnlock= false goingAway=false hasHandle=true isOccludeAnimationPlaying=false
07-28 05:02:12.693  4883  4883 I SystemUi--Keyguard: ScrimControllerExImp-->blur State to UNLOCK, bouncer=false changeFromBouncerScrim= false runnerUnlock= false goingAway=false hasHandle=true isOccludeAnimationPlaying=false
07-28 05:02:12.693  1864  1932 I SnapAlloc: Using graphics libs for alignment calculations
07-28 05:02:12.693  4883  4883 I SystemUi--Keyguard: ScrimControllerExImp-->blur State to UNLOCK, bouncer=false changeFromBouncerScrim= false runnerUnlock= false goingAway=false hasHandle=true isOccludeAnimationPlaying=false
07-28 05:02:12.701  4883  4883 I SystemUi--Keyguard: ScrimControllerExImp-->blur State to UNLOCK, bouncer=false changeFromBouncerScrim= false runnerUnlock= false goingAway=false hasHandle=true isOccludeAnimationPlaying=false
07-28 05:02:12.701  4883  4883 I SystemUi--Keyguard: ScrimControllerExImp-->blur State to UNLOCK, bouncer=false changeFromBouncerScrim= false runnerUnlock= false goingAway=false hasHandle=true isOccludeAnimationPlaying=false
07-28 05:02:12.709  4883  4883 I SystemUi--Keyguard: ScrimControllerExImp-->blur State to UNLOCK, bouncer=false changeFromBouncerScrim= false runnerUnlock= false goingAway=false hasHandle=true isOccludeAnimationPlaying=false
07-28 05:02:12.709  1864  1932 I SnapAlloc: Using graphics libs for alignment calculations
07-28 05:02:12.710  4883  4883 I SystemUi--Keyguard: ScrimControllerExImp-->blur State to UNLOCK, bouncer=false changeFromBouncerScrim= false runnerUnlock= false goingAway=false hasHandle=true isOccludeAnimationPlaying=false
07-28 05:02:12.718  4883  4883 I SystemUi--Keyguard: ScrimControllerExImp-->blur State to UNLOCK, bouncer=false changeFromBouncerScrim= false runnerUnlock= false goingAway=false hasHandle=true isOccludeAnimationPlaying=false
07-28 05:02:12.718  4883  4883 I SystemUi--Keyguard: ScrimControllerExImp-->blur State to UNLOCK, bouncer=false changeFromBouncerScrim= false runnerUnlock= false goingAway=false hasHandle=true isOccludeAnimationPlaying=false
07-28 05:02:12.726  4883  4883 I SystemUi--Keyguard: ScrimControllerExImp-->blur State to UNLOCK, bouncer=false changeFromBouncerScrim= false runnerUnlock= false goingAway=false hasHandle=true isOccludeAnimationPlaying=false
07-28 05:02:12.726  1864  1932 I SnapAlloc: Using graphics libs for alignment calculations
07-28 05:02:12.726  4883  4883 I SystemUi--Keyguard: ScrimControllerExImp-->blur State to UNLOCK, bouncer=false changeFromBouncerScrim= false runnerUnlock= false goingAway=false hasHandle=true isOccludeAnimationPlaying=false
07-28 05:02:12.734  4883  4883 I SystemUi--Keyguard: ScrimControllerExImp-->blur State to UNLOCK, bouncer=false changeFromBouncerScrim= false runnerUnlock= false goingAway=false hasHandle=true isOccludeAnimationPlaying=false
07-28 05:02:12.735  4883  4883 I SystemUi--Keyguard: ScrimControllerExImp-->blur State to UNLOCK, bouncer=false changeFromBouncerScrim= false runnerUnlock= false goingAway=false hasHandle=true isOccludeAnimationPlaying=false
07-28 05:02:12.743  4883  4883 I SystemUi--Keyguard: ScrimControllerExImp-->blur State to UNLOCK, bouncer=false changeFromBouncerScrim= false runnerUnlock= false goingAway=false hasHandle=true isOccludeAnimationPlaying=false
07-28 05:02:12.743  1864  1932 I SnapAlloc: Using graphics libs for alignment calculations
07-28 05:02:12.743  4883  4883 I SystemUi--Keyguard: ScrimControllerExImp-->blur State to UNLOCK, bouncer=false changeFromBouncerScrim= false runnerUnlock= false goingAway=false hasHandle=true isOccludeAnimationPlaying=false
07-28 05:02:12.751  4883  4883 I SystemUi--Keyguard: ScrimControllerExImp-->blur State to UNLOCK, bouncer=false changeFromBouncerScrim= false runnerUnlock= false goingAway=false hasHandle=true isOccludeAnimationPlaying=false
07-28 05:02:12.751  4883  4883 I SystemUi--Keyguard: ScrimControllerExImp-->blur State to UNLOCK, bouncer=false changeFromBouncerScrim= false runnerUnlock= false goingAway=false hasHandle=true isOccludeAnimationPlaying=false
07-28 05:02:12.759  4883  4883 I SystemUi--Keyguard: ScrimControllerExImp-->blur State to UNLOCK, bouncer=false changeFromBouncerScrim= false runnerUnlock= false goingAway=false hasHandle=true isOccludeAnimationPlaying=false
07-28 05:02:12.759  1864  1932 I SnapAlloc: Using graphics libs for alignment calculations
07-28 05:02:12.760  4883  4883 I SystemUi--Keyguard: ScrimControllerExImp-->blur State to UNLOCK, bouncer=false changeFromBouncerScrim= false runnerUnlock= false goingAway=false hasHandle=true isOccludeAnimationPlaying=false
07-28 05:02:12.768  4883  4883 I SystemUi--Keyguard: ScrimControllerExImp-->blur State to UNLOCK, bouncer=false changeFromBouncerScrim= false runnerUnlock= false goingAway=false hasHandle=true isOccludeAnimationPlaying=false
07-28 05:02:12.768  4883  4883 I SystemUi--Keyguard: ScrimControllerExImp-->blur State to UNLOCK, bouncer=false changeFromBouncerScrim= false runnerUnlock= false goingAway=false hasHandle=true isOccludeAnimationPlaying=false
07-28 05:02:12.776  4883  4883 I SystemUi--Keyguard: ScrimControllerExImp-->blur State to UNLOCK, bouncer=false changeFromBouncerScrim= false runnerUnlock= false goingAway=false hasHandle=true isOccludeAnimationPlaying=false
07-28 05:02:12.776  4883  4883 I SystemUi--Keyguard: ScrimControllerExImp-->blur State to UNLOCK, bouncer=false changeFromBouncerScrim= false runnerUnlock= false goingAway=false hasHandle=true isOccludeAnimationPlaying=false
07-28 05:02:12.777  1864  1932 I SnapAlloc: Using graphics libs for alignment calculations
07-28 05:02:12.784  4883  4883 I SystemUi--Keyguard: ScrimControllerExImp-->blur State to UNLOCK, bouncer=false changeFromBouncerScrim= false runnerUnlock= false goingAway=false hasHandle=true isOccludeAnimationPlaying=false
07-28 05:02:12.784  4883  4883 I SystemUi--Keyguard: ScrimControllerExImp-->blur State to UNLOCK, bouncer=false changeFromBouncerScrim= false runnerUnlock= false goingAway=false hasHandle=true isOccludeAnimationPlaying=false
07-28 05:02:12.793  4883  4883 I SystemUi--Keyguard: ScrimControllerExImp-->blur State to UNLOCK, bouncer=false changeFromBouncerScrim= false runnerUnlock= false goingAway=false hasHandle=true isOccludeAnimationPlaying=false
07-28 05:02:12.793  1864  1932 I SnapAlloc: Using graphics libs for alignment calculations
07-28 05:02:12.793  4883  4883 I SystemUi--Keyguard: ScrimControllerExImp-->blur State to UNLOCK, bouncer=false changeFromBouncerScrim= false runnerUnlock= false goingAway=false hasHandle=true isOccludeAnimationPlaying=false
07-28 05:02:12.801  4883  4883 I SystemUi--Keyguard: ScrimControllerExImp-->blur State to UNLOCK, bouncer=false changeFromBouncerScrim= false runnerUnlock= false goingAway=false hasHandle=true isOccludeAnimationPlaying=false
07-28 05:02:12.801  4883  4883 I SystemUi--Keyguard: ScrimControllerExImp-->blur State to UNLOCK, bouncer=false changeFromBouncerScrim= false runnerUnlock= false goingAway=false hasHandle=true isOccludeAnimationPlaying=false
07-28 05:02:12.809  4883  4883 I SystemUi--Keyguard: ScrimControllerExImp-->blur State to UNLOCK, bouncer=false changeFromBouncerScrim= false runnerUnlock= false goingAway=false hasHandle=true isOccludeAnimationPlaying=false
07-28 05:02:12.809  1864  1932 I SnapAlloc: Using graphics libs for alignment calculations
