device
--------- beginning of main
07-28 20:08:13.845  1976  1976 D SensorFeature: name=ssc_screenshot_info ,index = 22
07-28 20:08:13.845  1976  1976 D SensorFeature: write 29 bytes:47455497116,49624335240,129,0
07-28 20:08:13.958  1918  4453 I Dpps    : LtmSwState::SetParameter():144 ignore cmd 7 in state LtmOffState
07-28 20:08:14.004  2000  2042 D BatteryChargeControl: bcc get no support from charging protocol
--------- beginning of system
07-28 20:08:14.035  3441  4406 D ActivityManager: Freezer deadlock watchdog
07-28 20:08:14.101  2000  7202 D charge_time: type=sdp,reserve_soc=2,soc=51,ui_soc=53,current=76,avg=80,not_chg_cnt=0,stable_cnt=7,fcc=5724,fcc_ratio=94,delta=34,debug=0,region=16,ttf=57686(16:01:26),ui_ttf=19169(05:19:29)
07-28 20:08:14.147  1976  1976 D SensorFeature: name=ssc_screenshot_info ,index = 22
07-28 20:08:14.147  1976  1976 D SensorFeature: write 29 bytes:47455497116,49926495136,130,0
07-28 20:08:14.221  1828  4457 I sensors-hal: handle_oplus_wise_rgb_event:189, high_pwm_light:lux 263.4,cct 3604.7,brl/algo/ir 1443.0/2.0/17.4,pwm/dc 0.0/0.0,rgbc 20539.505859/12733.992188/5877.342285/37817.734375,ts 49870636714,cnt 670,flag 130
07-28 20:08:14.223  1918  4453 I Dpps    : LtmSwState::SetParameter():144 ignore cmd 7 in state LtmOffState
07-28 20:08:14.257  3441  3804 D VRR [OPlusGameStatusManager]: handleMessage: 7004
07-28 20:08:14.258  3441  3804 D VRR [OPlusGameStatusManager]: handleBrightnessDone
07-28 20:08:14.392  3285  3285 E OplusTouchDaemon: ts_run_service: shellback temperature updated 37 (37381)
07-28 20:08:14.450  1976  1976 D SensorFeature: name=ssc_screenshot_info ,index = 22
07-28 20:08:14.450  1976  1976 D SensorFeature: write 29 bytes:47455497116,50228981855,131,0
07-28 20:08:14.488  1918  4453 I Dpps    : LtmSwState::SetParameter():144 ignore cmd 7 in state LtmOffState
07-28 20:08:14.594 10633 10852 D BootUtil: savedDiffTime: 1753747644220, currentDiffTime: 1753747644220, isReboot: false
07-28 20:08:14.752  1976  1976 D SensorFeature: name=ssc_screenshot_info ,index = 22
07-28 20:08:14.753  1976  1976 D SensorFeature: write 29 bytes:47455497116,50531401334,132,0
07-28 20:08:14.754  1828  4457 I sensors-hal: handle_oplus_wise_rgb_event:189, high_pwm_light:lux 263.9,cct 3601.4,brl/algo/ir 1443.0/2.0/17.0,pwm/dc 0.0/0.0,rgbc 20529.994141/12724.781250/5873.493164/37852.851562,ts 50468074266,cnt 680,flag 132
07-28 20:08:14.756  1918  4453 I Dpps    : LtmSwState::SetParameter():144 ignore cmd 7 in state LtmOffState
07-28 20:08:14.793  3441  3797 D OplusFeatureHDREnhanceBrightness: notifySfForceUpdate, mFlinger is null 
07-28 20:08:14.797  3441  3797 D OplusFeatureHDREnhanceBrightness: checkIsPlayingHDR isPlayingHDR=0 rotation=0 whiteApp=false battery=53
07-28 20:08:15.006  2000  2042 D BatteryChargeControl: bcc get no support from charging protocol
07-28 20:08:15.056  1976  1976 D SensorFeature: name=ssc_screenshot_info ,index = 22
07-28 20:08:15.056  1976  1976 D SensorFeature: write 29 bytes:47455497116,50834075292,133,0
07-28 20:08:15.061  1918  4453 I Dpps    : LtmSwState::SetParameter():144 ignore cmd 7 in state LtmOffState
07-28 20:08:15.103  2000  7202 D charge_time: write 19168s(05:19:28) to ttf, rc=7
07-28 20:08:15.103  2000  7202 D charge_time: type=sdp,reserve_soc=2,soc=51,ui_soc=53,current=76,avg=76,not_chg_cnt=0,stable_cnt=7,fcc=5724,fcc_ratio=94,delta=35,debug=0,region=16,ttf=60723(16:52:03),ui_ttf=19168(05:19:28)
07-28 20:08:15.183  3441  4880 W Binder  : Outgoing transactions from this process must be FLAG_ONEWAY
07-28 20:08:15.183  3441  4880 W Binder  : java.lang.Throwable
07-28 20:08:15.183  3441  4880 W Binder  : 	at android.os.BinderProxy.transact(BinderProxy.java:633)
07-28 20:08:15.183  3441  4880 W Binder  : 	at android.content.ContentProviderProxy.insert(ContentProviderNative.java:587)
07-28 20:08:15.183  3441  4880 W Binder  : 	at android.content.ContentProviderClient.insert(ContentProviderClient.java:347)
07-28 20:08:15.183  3441  4880 W Binder  : 	at android.content.ContentProviderClient.insert(ContentProviderClient.java:336)
07-28 20:08:15.183  3441  4880 W Binder  : 	at com.oplus.util.OplusStatisticsImpl.insert(OplusStatisticsImpl.java:307)
07-28 20:08:15.183  3441  4880 W Binder  : 	at com.oplus.util.OplusStatisticsImpl.sendDataToDCS(OplusStatisticsImpl.java:287)
07-28 20:08:15.183  3441  4880 W Binder  : 	at com.oplus.util.OplusStatisticsImpl.flushInternal(OplusStatisticsImpl.java:264)
07-28 20:08:15.183  3441  4880 W Binder  : 	at com.oplus.util.OplusStatisticsImpl.lambda$setDelayFlushJobIfNeed$4(OplusStatisticsImpl.java:211)
07-28 20:08:15.183  3441  4880 W Binder  : 	at com.oplus.util.OplusStatisticsImpl.$r8$lambda$4UYTp2NCu6Rml69JNqEuK7o54SI(Unknown Source:0)
07-28 20:08:15.183  3441  4880 W Binder  : 	at com.oplus.util.OplusStatisticsImpl$$ExternalSyntheticLambda5.run(D8$$SyntheticClass:0)
07-28 20:08:15.183  3441  4880 W Binder  : 	at java.util.concurrent.Executors$RunnableAdapter.call(Executors.java:487)
07-28 20:08:15.183  3441  4880 W Binder  : 	at java.util.concurrent.FutureTask.run(FutureTask.java:290)
07-28 20:08:15.183  3441  4880 W Binder  : 	at java.util.concurrent.ScheduledThreadPoolExecutor$ScheduledFutureTask.run(ScheduledThreadPoolExecutor.java:307)
07-28 20:08:15.183  3441  4880 W Binder  : 	at java.util.concurrent.ThreadPoolExecutor.runWorker(ThreadPoolExecutor.java:1145)
07-28 20:08:15.183  3441  4880 W Binder  : 	at java.util.concurrent.ThreadPoolExecutor$Worker.run(ThreadPoolExecutor.java:644)
07-28 20:08:15.183  3441  4880 W Binder  : 	at java.lang.Thread.run(Thread.java:1012)
07-28 20:08:15.283  1828  4457 I sensors-hal: handle_oplus_wise_rgb_event:189, high_pwm_light:lux 263.7,cct 3597.3,brl/algo/ir 1443.0/2.0/17.2,pwm/dc 0.0/0.0,rgbc 20534.750000/12687.938477/5858.097168/37777.597656,ts 50800927339,cnt 690,flag 133
07-28 20:08:15.285  1918  4453 I Dpps    : LtmSwState::SetParameter():144 ignore cmd 7 in state LtmOffState
07-28 20:08:15.359  1976  1976 D SensorFeature: name=ssc_screenshot_info ,index = 22
07-28 20:08:15.359  1976  1976 D SensorFeature: write 29 bytes:47455497116,51137571438,134,0
07-28 20:08:15.554  1918  4453 I Dpps    : LtmSwState::SetParameter():144 ignore cmd 7 in state LtmOffState
07-28 20:08:15.653  5009  6001 W BluetoothAdapterExtImpl: getBluetoothConnectionCount：mOplusBluetooth null!
07-28 20:08:15.656  5009  6001 D TelephonyImpl: isRequestingMms
07-28 20:08:15.656  5009  6001 D TelephonyImpl: getReleaseMmsNetworkTime
07-28 20:08:15.658  5009  6001 D OplusDdsSwitchStrategy: Md,OplusCheckFeature,RETURN_TO_CUR_ACTION_DDS
07-28 20:08:15.661  1976  1976 D SensorFeature: name=ssc_screenshot_info ,index = 22
07-28 20:08:15.662  1976  1976 D SensorFeature: write 29 bytes:47455497116,51440301542,135,0
07-28 20:08:15.818  1828  4457 I sensors-hal: handle_oplus_wise_rgb_event:189, high_pwm_light:lux 263.3,cct 3594.8,brl/algo/ir 1443.0/2.0/17.8,pwm/dc 0.0/0.0,rgbc 20515.724609/12706.360352/5865.794922/37812.718750,ts 51390073068,cnt 700,flag 135
07-28 20:08:15.820  1918  4453 I Dpps    : LtmSwState::SetParameter():144 ignore cmd 7 in state LtmOffState
07-28 20:08:15.934  1814  1814 D healthd : system healthd: battery l=53 v=3901 t=33.6 h=2 st=2 c=-189 fc=5920000 cc=19 chg=u
07-28 20:08:15.956  3441  5019 I OplusHansManager : uid=10157, pkg=com.baidu.input_oppo cannot transition from R to M, importance=input
07-28 20:08:15.962  6680  6815 W System  : A resource failed to call AbstractCursor.close. 
07-28 20:08:15.962  6680  6815 W System  : A resource failed to call AbstractCursor.close. 
07-28 20:08:15.963  6680  6815 W System  : A resource failed to call AbstractCursor.close. 
07-28 20:08:15.963  6680  6815 W System  : A resource failed to call AbstractCursor.close. 
07-28 20:08:15.963  6680  6815 W System  : A resource failed to call AbstractCursor.close. 
07-28 20:08:15.963  6680  6815 W System  : A resource failed to call AbstractCursor.close. 
07-28 20:08:15.963  6680  6815 W System  : A resource failed to call AbstractCursor.close. 
07-28 20:08:15.963  6680  6815 W System  : A resource failed to call AbstractCursor.close. 
07-28 20:08:15.963  1976  1976 D SensorFeature: name=ssc_screenshot_info ,index = 22
07-28 20:08:15.963  1976  1976 D SensorFeature: write 29 bytes:47455497116,51743351698,136,0
07-28 20:08:15.970  2000  2000 D vendor.oplus.hardware.charger-V7-service: get_ui_charge_icon_type 0 0 0 0 0
07-28 20:08:15.970  2000  2000 D vendor.oplus.hardware.charger-V7-service: oplus_chg_get_cpa_power 2500 charge_online 1 retention_topic 0
07-28 20:08:15.970  2000  2000 D vendor.oplus.hardware.charger-V7-service: oplus_chg_get_cpa_power 2500 charge_online 1 retention_topic 0
07-28 20:08:15.970  2000  2000 D vendor.oplus.hardware.charger-V7-service: getIsSingleHyperSupport=2, cpa_power=2
07-28 20:08:16.007  2000  2042 D BatteryChargeControl: bcc get no support from charging protocol
07-28 20:08:16.013  5009  6354 I PCDR-common_no_service[0]: lift forbidden
07-28 20:08:16.013  5009  6354 I PCDR-common_no_45g[0]: lift forbidden
07-28 20:08:16.080  3441  4384 D FusionLightNextGen: process end reported = 1, mode: 0, lux 494.8, cct -1.0, r/g/b/c: 20511.0/12715.6/5854.2/37787.6, R/G/B: 106.0/100.0/99.0, bri 1443.0, match 1.00, ir 0.017397, conf 0.0, ts 51721794266
07-28 20:08:16.081  1918  4453 I Dpps    : LtmSwState::SetParameter():144 ignore cmd 7 in state LtmOffState
07-28 20:08:16.104  2000  7202 D charge_time: type=sdp,reserve_soc=2,soc=51,ui_soc=53,current=191,avg=99,not_chg_cnt=0,stable_cnt=7,fcc=5724,fcc_ratio=94,delta=36,debug=0,region=16,ttf=46608(12:56:48),ui_ttf=19167(05:19:27)
07-28 20:08:16.249  3441  4650 E OplusNetworkStackManager: initService mNetworkStackService is null, try again in 10s
07-28 20:08:16.267  1976  1976 D SensorFeature: name=ssc_screenshot_info ,index = 22
07-28 20:08:16.267  1976  1976 D SensorFeature: write 29 bytes:47455497116,52045123104,137,0
07-28 20:08:16.305  3441  4418 V AlarmManager: sending alarm Alarm{2db6306 type 2 origWhen 52084 whenElapsed 52084 android} uid 1000 whenElapsed 52084 windowLength 0 maxWhenElapsed 52084 repeatInterval 0 action null component null tag $android.alarm.generated:1000:52084 flags 0x9 procName system_server
07-28 20:08:16.309  3441  3693 D LocationManagerService: network provider removed registration from 10154/com.coloros.assistantscreen/3C08D0EF
07-28 20:08:16.343  1794  1799 E Diag-Router: diag: glinkpkt_open: failed to create control node for slate_apps
07-28 20:08:16.343  1794  1799 E Diag-Router: diag: diag_glinkpkt_open_thread: Glinkpkt_open failed for perif: 12 with err: -1, retry_cnt: 8
07-28 20:08:16.344  1794  1800 E Diag-Router: diag: glinkpkt_open: failed to create control node for slate_adsp
07-28 20:08:16.344  1794  1800 E Diag-Router: diag: diag_glinkpkt_open_thread: Glinkpkt_open failed for perif: 13 with err: -1, retry_cnt: 8
07-28 20:08:16.345  1828  4457 I sensors-hal: handle_oplus_wise_rgb_event:189, high_pwm_light:lux 263.7,cct 3607.9,brl/algo/ir 1443.0/2.0/17.6,pwm/dc 0.0/0.0,rgbc 20520.480469/12738.598633/5861.945801/37772.578125,ts 51987433484,cnt 710,flag 137
07-28 20:08:16.347  1918  4453 I Dpps    : LtmSwState::SetParameter():144 ignore cmd 7 in state LtmOffState
07-28 20:08:16.348  3441  5353 D CompatChangeReporter: Compat change id reported: 297989574; UID 1000; state: ENABLED
07-28 20:08:16.349  5174  5174 D SubsysEventListenerManager-SubsysTelephonyCallback[0]: onCellInfoChanged
07-28 20:08:16.537  2000  2015 D vendor.oplus.hardware.charger-V7-service: s_chg_user_mode: 3
07-28 20:08:16.537  2000  2015 D vendor.oplus.hardware.charger-V7-service: scale_chg Start!!!
07-28 20:08:16.538  2000  2015 D vendor.oplus.hardware.charger-V7-service: [0, 0, 3]
07-28 20:08:16.538  2000  2015 D vendor.oplus.hardware.charger-V7-service: [0, 2, 9]
07-28 20:08:16.538  2000  2015 D vendor.oplus.hardware.charger-V7-service: [0, 1, 3]
07-28 20:08:16.538  2000  2015 D vendor.oplus.hardware.charger-V7-service: [0, 3, 3]
07-28 20:08:16.538  2000  2015 D vendor.oplus.hardware.charger-V7-service: [0, 4, 3]
07-28 20:08:16.538  2000  2015 D vendor.oplus.hardware.charger-V7-service: [0, 5, 5]
07-28 20:08:16.538  2000  2015 D vendor.oplus.hardware.charger-V7-service: [0, 6, 9]
07-28 20:08:16.538  2000  2015 D vendor.oplus.hardware.charger-V7-service: scale_chg Start!!!
07-28 20:08:16.538  2000  2015 D vendor.oplus.hardware.charger-V7-service: [0, 0, 3]
07-28 20:08:16.538  2000  2026 D vendor.oplus.hardware.charger-V7-service: ret_value:111, read content:,336,364,3901,3900,-189,51,53,1,1,0,494,4622,52,1,4475,300,500,0,7,-22,7,0,1,0,2,0,0,0,1,6098,99,0,0,0,0,0,0,0
07-28 20:08:16.539  2000  2015 D vendor.oplus.hardware.charger-V7-service: [0, 2, 10]
07-28 20:08:16.539  2000  2015 D vendor.oplus.hardware.charger-V7-service: [0, 1, 3]
07-28 20:08:16.539  2000  2026 D vendor.oplus.hardware.charger-V7-service: gmtime: 2025-07-28-20-08-16
07-28 20:08:16.539  2000  2015 D vendor.oplus.hardware.charger-V7-service: [0, 3, 3]
07-28 20:08:16.539  2000  2015 D vendor.oplus.hardware.charger-V7-service: [0, 4, 3]
07-28 20:08:16.539  2000  2015 D vendor.oplus.hardware.charger-V7-service: [0, 5, 3]
07-28 20:08:16.539  2000  2015 D vendor.oplus.hardware.charger-V7-service: [0, 6, 10]
07-28 20:08:16.539  2000  2026 D vendor.oplus.hardware.charger-V7-service: usb_online:1, ac_online:-2147483648, wireless_online:0
07-28 20:08:16.559  3441  4799 I Osense-BaseDecisionMaker: notifySceneToAthenaPolicy: SCENE_IDLE_RECOVER, bundle: Bundle[{scene=SCENE_IDLE_RECOVER}]
07-28 20:08:16.561  3441  4799 I Osense-BaseDecisionMaker: scene: SCENE_IDLE_RECOVER, excutingPolicy: respreload
07-28 20:08:16.562  3441  4799 D Osense-BaseDecisionMaker: invoke process preload policy
07-28 20:08:16.562  3441  4799 I Osense-BaseDecisionMaker: scene: SCENE_IDLE_RECOVER, excutingPolicy: clear
07-28 20:08:16.562  3441  4799 D Osense-BaseDecisionMaker: invoke clear policy,type: unforbid
07-28 20:08:16.562  3441  4799 I OsenseKillAction: KillAction: unhandled request: id=5, enable=true, scene=SCENE_IDLE_RECOVER, type=unforbid, cchOnly=false, appcare=0
07-28 20:08:16.573  1976  1976 D SensorFeature: name=ssc_screenshot_info ,index = 22
07-28 20:08:16.573  1976  1976 D SensorFeature: write 29 bytes:47455497116,52351593781,138,0
07-28 20:08:16.593 12907 13041 D ProfileInstaller: Installing profile for com.oplus.linker
07-28 20:08:16.612  1918  4453 I Dpps    : LtmSwState::SetParameter():144 ignore cmd 7 in state LtmOffState
07-28 20:08:16.773  3441  3717 D OomAdjuster: Not killing cached processes
07-28 20:08:16.878  1976  1976 D SensorFeature: name=ssc_screenshot_info ,index = 22
07-28 20:08:16.878  1976  1976 D SensorFeature: write 29 bytes:47455497116,52656842062,139,0
07-28 20:08:16.882  1828  4457 I sensors-hal: handle_oplus_wise_rgb_event:189, high_pwm_light:lux 263.3,cct 3599.7,brl/algo/ir 1443.0/2.0/17.8,pwm/dc 0.0/0.0,rgbc 20506.210938/12757.020508/5881.191406/37797.664062,ts 52593108589,cnt 720,flag 139
07-28 20:08:16.883  1918  4453 I Dpps    : LtmSwState::SetParameter():144 ignore cmd 7 in state LtmOffState
07-28 20:08:17.011  2000  2042 D BatteryChargeControl: bcc get no support from charging protocol
07-28 20:08:17.108  2000  7202 D charge_time: type=sdp,reserve_soc=2,soc=51,ui_soc=53,current=191,avg=122,not_chg_cnt=0,stable_cnt=7,fcc=5724,fcc_ratio=94,delta=37,debug=0,region=16,ttf=37815(10:30:15),ui_ttf=19166(05:19:26)
07-28 20:08:17.181  1976  1976 D SensorFeature: name=ssc_screenshot_info ,index = 22
07-28 20:08:17.181  1976  1976 D SensorFeature: write 29 bytes:47455497116,52960273052,140,0
07-28 20:08:17.185  1918  4453 I Dpps    : LtmSwState::SetParameter():144 ignore cmd 7 in state LtmOffState
07-28 20:08:17.251  3441  3712 D Theia.TransparentWindow: handleMessage CHECK_TRANS_WINDOW_ERROR_MSG
07-28 20:08:17.412  1828  4457 I sensors-hal: handle_oplus_wise_rgb_event:189, high_pwm_light:lux 263.8,cct 3592.9,brl/algo/ir 1443.0/2.0/16.8,pwm/dc 0.0/0.0,rgbc 20510.966797/12706.360352/5842.701172/37787.628906,ts 52926051714,cnt 730,flag 140
07-28 20:08:17.413  1918  4453 I Dpps    : LtmSwState::SetParameter():144 ignore cmd 7 in state LtmOffState
07-28 20:08:17.485  1976  1976 D SensorFeature: name=ssc_screenshot_info ,index = 22
07-28 20:08:17.485  1976  1976 D SensorFeature: write 29 bytes:47455497116,53262923989,141,0
07-28 20:08:17.678  1918  4453 I Dpps    : LtmSwState::SetParameter():144 ignore cmd 7 in state LtmOffState
07-28 20:08:17.792  1976  1976 D SensorFeature: name=ssc_screenshot_info ,index = 22
07-28 20:08:17.792  1976  1976 D SensorFeature: write 29 bytes:47455497116,53569853260,142,0
07-28 20:08:17.939  1828  4457 I sensors-hal: handle_oplus_wise_rgb_event:189, high_pwm_light:lux 263.7,cct 3604.1,brl/algo/ir 1443.0/2.0/17.3,pwm/dc 0.0/0.0,rgbc 20515.724609/12710.965820/5861.945801/37812.718750,ts 53515101141,cnt 740,flag 142
07-28 20:08:17.942  1918  4453 I Dpps    : LtmSwState::SetParameter():144 ignore cmd 7 in state LtmOffState
07-28 20:08:17.950  5174  5995 E OplusNetworkStackManager: initService mNetworkStackService is null, try again in 10s
07-28 20:08:18.012  2000  2042 D BatteryChargeControl: bcc get no support from charging protocol
07-28 20:08:18.096  1976  1976 D SensorFeature: name=ssc_screenshot_info ,index = 22
07-28 20:08:18.096  1976  1976 D SensorFeature: write 29 bytes:47455497116,53874104822,143,0
07-28 20:08:18.109  2000  7202 D charge_time: type=sdp,reserve_soc=2,soc=51,ui_soc=53,current=191,avg=145,not_chg_cnt=0,stable_cnt=7,fcc=5724,fcc_ratio=94,delta=38,debug=0,region=16,ttf=31811(08:50:11),ui_ttf=19165(05:19:25)
07-28 20:08:18.205  1918  4453 I Dpps    : LtmSwState::SetParameter():144 ignore cmd 7 in state LtmOffState
07-28 20:08:18.361  6529  6584 E oiface  : sched_setaffinity failed
07-28 20:08:18.361  2000  2000 D vendor.oplus.hardware.charger-V7-service: getChargerControl:
07-28 20:08:18.385  3441  5194 W BestClock: java.time.DateTimeException: Missing network time fix
07-28 20:08:18.385  3441  5194 W BestClock: java.time.DateTimeException: Missing network time fix
07-28 20:08:18.386  3441  5194 W BestClock: java.time.DateTimeException: Missing network time fix
07-28 20:08:18.386  1977  1996 E PerformanceService: storage_feature: open /sys/devices/platform/soc/112b0000.ufshci//virtualtlcbuff fail
07-28 20:08:18.399  1976  1976 D SensorFeature: name=ssc_screenshot_info ,index = 22
07-28 20:08:18.399  1976  1976 D SensorFeature: write 29 bytes:47455497116,54177678364,144,0
07-28 20:08:18.465  4931  6224 E OplusNetworkStackManager: initService mNetworkStackService is null, try again in 10s
07-28 20:08:18.470  1828  4457 I sensors-hal: handle_oplus_wise_rgb_event:189, high_pwm_light:lux 262.8,cct 3596.7,brl/algo/ir 1443.0/2.0/18.0,pwm/dc 0.0/0.0,rgbc 20544.263672/12729.387695/5881.191406/37802.679688,ts 54120736141,cnt 750,flag 144
07-28 20:08:18.471  1918  4453 I Dpps    : LtmSwState::SetParameter():144 ignore cmd 7 in state LtmOffState
07-28 20:08:18.702  1976  1976 D SensorFeature: name=ssc_screenshot_info ,index = 22
07-28 20:08:18.702  1976  1976 D SensorFeature: write 29 bytes:47455497116,54480263884,145,0
07-28 20:08:18.738  3441  4384 D FusionLightNextGen: process end reported = 1, mode: 0, lux 491.8, cct -1.0, r/g/b/c: 20525.2/12720.2/5885.0/37767.6, R/G/B: 106.0/100.0/99.0, bri 1443.0, match 1.00, ir 0.018412, conf 0.0, ts 54460798641
07-28 20:08:18.739  1918  4453 I Dpps    : LtmSwState::SetParameter():144 ignore cmd 7 in state LtmOffState
07-28 20:08:19.009  1976  1976 D SensorFeature: name=ssc_screenshot_info ,index = 22
07-28 20:08:19.009  1976  1976 D SensorFeature: write 29 bytes:47455497116,54786924509,146,0
07-28 20:08:19.012  1828  4457 I sensors-hal: handle_oplus_wise_rgb_event:189, high_pwm_light:lux 263.7,cct 3600.6,brl/algo/ir 1443.0/2.0/17.0,pwm/dc 0.0/0.0,rgbc 20549.019531/12724.781250/5881.191406/37817.734375,ts 54718208797,cnt 760,flag 146
07-28 20:08:19.013  1918  4453 I Dpps    : LtmSwState::SetParameter():144 ignore cmd 7 in state LtmOffState
07-28 20:08:19.013  2000  2042 D BatteryChargeControl: bcc get no support from charging protocol
07-28 20:08:19.113  2000  7202 D charge_time: type=sdp,reserve_soc=2,soc=51,ui_soc=53,current=191,avg=168,not_chg_cnt=0,stable_cnt=7,fcc=5724,fcc_ratio=94,delta=39,debug=0,region=16,ttf=27451(07:37:31),ui_ttf=19164(05:19:24)
07-28 20:08:19.269  1918  4453 I Dpps    : LtmSwState::SetParameter():144 ignore cmd 7 in state LtmOffState
07-28 20:08:19.315  1976  1976 D SensorFeature: name=ssc_screenshot_info ,index = 22
07-28 20:08:19.316  1976  1976 D SensorFeature: write 29 bytes:47455497116,55093648259,147,0
07-28 20:08:19.430  5009  5997 W h       : networkLogger fail！
07-28 20:08:19.430  5009  5997 D Acc-OplusLinkBoostCommon: notifyThermalBroadCast level = 5 temp = 36,lastTemp: 37 ,th: 44
07-28 20:08:19.431  5174  5174 D RFPowerBoostManager: my thermal listener proxy invoke method:notifyThermalBroadCast args len:2
07-28 20:08:19.431  5174  5174 D RFPowerBoostManager: current temp is 36, mInCalling is false, current threshold is 41
07-28 20:08:19.431  6510  6542 E horae   : Horae service notifyComponentHeat caught exception -2
07-28 20:08:19.431  6510  6542 E horae   : Horae service notifyComponentHeat caught exception -2
07-28 20:08:19.538  1828  4457 I sensors-hal: handle_oplus_wise_rgb_event:189, high_pwm_light:lux 264.0,cct 3601.8,brl/algo/ir 1443.0/2.0/17.2,pwm/dc 0.0/0.0,rgbc 20525.238281/12720.176758/5865.794922/37812.718750,ts 55051290776,cnt 770,flag 147
07-28 20:08:19.541  1918  4453 I Dpps    : LtmSwState::SetParameter():144 ignore cmd 7 in state LtmOffState
07-28 20:08:19.619  1976  1976 D SensorFeature: name=ssc_screenshot_info ,index = 22
07-28 20:08:19.619  1976  1976 D SensorFeature: write 29 bytes:47455497116,55396926176,148,0
07-28 20:08:19.801  1918  4453 I Dpps    : LtmSwState::SetParameter():144 ignore cmd 7 in state LtmOffState
07-28 20:08:19.922  1976  1976 D SensorFeature: name=ssc_screenshot_info ,index = 22
07-28 20:08:19.922  1976  1976 D SensorFeature: write 29 bytes:47455497116,55700617113,149,0
07-28 20:08:20.014  2000  2042 D BatteryChargeControl: bcc get no support from charging protocol
07-28 20:08:20.065  1828  4457 I sensors-hal: handle_oplus_wise_rgb_event:189, high_pwm_light:lux 263.7,cct 3595.4,brl/algo/ir 1443.0/2.0/17.2,pwm/dc 0.0/0.0,rgbc 20572.804688/12752.414062/5877.342285/37847.832031,ts 55648772130,cnt 780,flag 149
07-28 20:08:20.067  1918  4453 I Dpps    : LtmSwState::SetParameter():144 ignore cmd 7 in state LtmOffState
07-28 20:08:20.115  2000  7202 D charge_time: write 19163s(05:19:23) to ttf, rc=7
07-28 20:08:20.115  2000  7202 D charge_time: type=sdp,reserve_soc=2,soc=51,ui_soc=53,current=191,avg=191,not_chg_cnt=0,stable_cnt=7,fcc=5724,fcc_ratio=94,delta=40,debug=0,region=16,ttf=24140(06:42:20),ui_ttf=19163(05:19:23)
07-28 20:08:20.225  1976  1976 D SensorFeature: name=ssc_screenshot_info ,index = 22
07-28 20:08:20.226  1976  1976 D SensorFeature: write 29 bytes:47455497116,56003556019,150,0
07-28 20:08:20.226  1828  1957 I sensors-hal: get_display_brightness:818, light_iface: set screenshot_info [47455497116,56003556019,150,0]
07-28 20:08:20.334  1918  4453 I Dpps    : LtmSwState::SetParameter():144 ignore cmd 7 in state LtmOffState
07-28 20:08:20.417  6474  7497 E OplusNetworkStackManager: initService mNetworkStackService is null, try again in 10s
07-28 20:08:20.528  1976  1976 D SensorFeature: name=ssc_screenshot_info ,index = 22
07-28 20:08:20.529  1976  1976 D SensorFeature: write 29 bytes:47455497116,56307152165,151,0
07-28 20:08:20.595  1828  4457 I sensors-hal: handle_oplus_wise_rgb_event:189, high_pwm_light:lux 264.1,cct 3598.7,brl/algo/ir 1443.0/2.0/16.8,pwm/dc 0.0/0.0,rgbc 20539.505859/12724.781250/5842.701172/37797.664062,ts 56254541297,cnt 790,flag 151
07-28 20:08:20.598  1918  4453 I Dpps    : LtmSwState::SetParameter():144 ignore cmd 7 in state LtmOffState
07-28 20:08:20.832  1976  1976 D SensorFeature: name=ssc_screenshot_info ,index = 22
07-28 20:08:20.832  1976  1976 D SensorFeature: write 29 bytes:47455497116,56610290915,152,0
07-28 20:08:20.866  1918  4453 I Dpps    : LtmSwState::SetParameter():144 ignore cmd 7 in state LtmOffState
07-28 20:08:20.962  3441  5019 I OplusHansManager : uid=10157, pkg=com.baidu.input_oppo cannot transition from R to M, importance=input
07-28 20:08:21.015  2000  2042 D BatteryChargeControl: bcc get no support from charging protocol
07-28 20:08:21.054  1814  1814 D healthd : system healthd: battery l=53 v=3902 t=33.6 h=2 st=2 c=-191 fc=5920000 cc=19 chg=u
07-28 20:08:21.092  2000  2000 D vendor.oplus.hardware.charger-V7-service: get_ui_charge_icon_type 0 0 0 0 0
07-28 20:08:21.093  2000  2000 D vendor.oplus.hardware.charger-V7-service: oplus_chg_get_cpa_power 2500 charge_online 1 retention_topic 0
07-28 20:08:21.093  2000  2000 D vendor.oplus.hardware.charger-V7-service: oplus_chg_get_cpa_power 2500 charge_online 1 retention_topic 0
07-28 20:08:21.093  2000  2000 D vendor.oplus.hardware.charger-V7-service: getIsSingleHyperSupport=2, cpa_power=2
07-28 20:08:21.095  3441  3744 D BatteryStatsImplExtImpl: mActiveProcesses size = 69
07-28 20:08:21.096  3441  3744 D BatteryStatsImplExtImpl: rpmhStats is null or interval time is too short.
07-28 20:08:21.116  2000  7202 D charge_time: type=sdp,reserve_soc=2,soc=51,ui_soc=53,current=191,avg=191,not_chg_cnt=0,stable_cnt=7,fcc=5724,fcc_ratio=94,delta=41,debug=0,region=16,ttf=24139(06:42:19),ui_ttf=19162(05:19:22)
07-28 20:08:21.134  1976  1976 D SensorFeature: name=ssc_screenshot_info ,index = 22
07-28 20:08:21.135  1976  1976 D SensorFeature: write 29 bytes:47455497116,56913162269,153,0
07-28 20:08:21.138  1828  4457 I sensors-hal: handle_oplus_wise_rgb_event:189, high_pwm_light:lux 263.9,cct 3607.3,brl/algo/ir 1443.0/2.0/17.3,pwm/dc 0.0/0.0,rgbc 20577.560547/12747.809570/5877.342285/37852.851562,ts 56843793068,cnt 800,flag 153
07-28 20:08:21.140  1918  4453 I Dpps    : LtmSwState::SetParameter():144 ignore cmd 7 in state LtmOffState
07-28 20:08:21.343  1794  1799 E Diag-Router: diag: glinkpkt_open: failed to create control node for slate_apps
07-28 20:08:21.343  1794  1799 E Diag-Router: diag: diag_glinkpkt_open_thread: Glinkpkt_open failed for perif: 12 with err: -1, retry_cnt: 9
07-28 20:08:21.344  1794  1800 E Diag-Router: diag: glinkpkt_open: failed to create control node for slate_adsp
07-28 20:08:21.344  1794  1800 E Diag-Router: diag: diag_glinkpkt_open_thread: Glinkpkt_open failed for perif: 13 with err: -1, retry_cnt: 9
07-28 20:08:21.394  3441  4384 D FusionLightNextGen: process end reported = 1, mode: 0, lux 495.7, cct -1.0, r/g/b/c: 20530.0/12729.4/5865.8/37837.8, R/G/B: 106.0/100.0/99.0, bri 1443.0, match 1.00, ir 0.017289, conf 0.0, ts 56944247234
07-28 20:08:21.395  1918  4453 I Dpps    : LtmSwState::SetParameter():144 ignore cmd 7 in state LtmOffState
07-28 20:08:21.440  1976  1976 D SensorFeature: name=ssc_screenshot_info ,index = 22
07-28 20:08:21.441  1976  1976 D SensorFeature: write 29 bytes:47455497116,57218717165,154,0
07-28 20:08:21.540  2000  2026 D vendor.oplus.hardware.charger-V7-service: ret_value:111, read content:,336,359,3902,3901,-191,51,53,1,1,0,494,4625,52,1,4475,300,500,0,7,-22,7,0,1,0,2,0,0,0,1,6098,99,0,0,0,0,0,0,0
07-28 20:08:21.540  2000  2015 D vendor.oplus.hardware.charger-V7-service: s_chg_user_mode: 3
07-28 20:08:21.540  2000  2015 D vendor.oplus.hardware.charger-V7-service: scale_chg Start!!!
07-28 20:08:21.540  2000  2026 D vendor.oplus.hardware.charger-V7-service: gmtime: 2025-07-28-20-08-21
07-28 20:08:21.540  2000  2015 D vendor.oplus.hardware.charger-V7-service: [0, 0, 3]
07-28 20:08:21.540  2000  2026 D vendor.oplus.hardware.charger-V7-service: usb_online:1, ac_online:-2147483648, wireless_online:0
07-28 20:08:21.540  2000  2015 D vendor.oplus.hardware.charger-V7-service: [0, 2, 9]
07-28 20:08:21.540  2000  2015 D vendor.oplus.hardware.charger-V7-service: [0, 1, 3]
07-28 20:08:21.540  2000  2015 D vendor.oplus.hardware.charger-V7-service: [0, 3, 3]
07-28 20:08:21.541  2000  2015 D vendor.oplus.hardware.charger-V7-service: [0, 4, 3]
07-28 20:08:21.541  2000  2015 D vendor.oplus.hardware.charger-V7-service: [0, 5, 5]
07-28 20:08:21.541  2000  2015 D vendor.oplus.hardware.charger-V7-service: [0, 6, 9]
07-28 20:08:21.541  2000  2015 D vendor.oplus.hardware.charger-V7-service: scale_chg Start!!!
07-28 20:08:21.541  2000  2015 D vendor.oplus.hardware.charger-V7-service: [0, 0, 3]
07-28 20:08:21.541  2000  2015 D vendor.oplus.hardware.charger-V7-service: [0, 2, 10]
07-28 20:08:21.541  2000  2015 D vendor.oplus.hardware.charger-V7-service: [0, 1, 3]
07-28 20:08:21.541  2000  2015 D vendor.oplus.hardware.charger-V7-service: [0, 3, 3]
07-28 20:08:21.541  2000  2015 D vendor.oplus.hardware.charger-V7-service: [0, 4, 3]
07-28 20:08:21.541  2000  2015 D vendor.oplus.hardware.charger-V7-service: [0, 5, 3]
07-28 20:08:21.541  2000  2015 D vendor.oplus.hardware.charger-V7-service: [0, 6, 10]
07-28 20:08:21.661  1828  4457 I sensors-hal: handle_oplus_wise_rgb_event:189, high_pwm_light:lux 263.3,cct 3592.8,brl/algo/ir 1443.0/2.0/17.6,pwm/dc 0.0/0.0,rgbc 20534.750000/12720.176758/5854.248047/37777.597656,ts 57176864162,cnt 810,flag 154
07-28 20:08:21.664  1918  4453 I Dpps    : LtmSwState::SetParameter():144 ignore cmd 7 in state LtmOffState
07-28 20:08:21.743  1976  1976 D SensorFeature: name=ssc_screenshot_info ,index = 22
07-28 20:08:21.743  1976  1976 D SensorFeature: write 29 bytes:47455497116,57521932633,155,0
07-28 20:08:21.768  1932  1973 I [UAH_CLIENT]: UahRelease, handle:24
07-28 20:08:21.769  1932  1973 I [UAH_CLIENT]: UahPlatformResAcquire
07-28 20:08:21.769  1932  1973 I [UAH_CLIENT]: UahEventAcquire, cmdid:-3, pkg:1932 12954, identity:qcom-perfd
07-28 20:08:21.769  1932  1973 E PERFHAL-RESOURCEQS: PERFHAL-RESOURCEQS: AddAndApply() 130: Resource with major=18, minor=41 not supported
07-28 20:08:21.926  1918  4453 I Dpps    : LtmSwState::SetParameter():144 ignore cmd 7 in state LtmOffState
07-28 20:08:21.927 12958 13044 I SystemFeature: operator:{oppo.cmcc.mp:false, browser.cmcc:false, browser.test.cmcc:false, browser.cmcc.bookmark:false, browser.test.cmcc.bookmark:false, browser.cmcc.home:false, browser.test.cmcc.home:false
07-28 20:08:21.927 12958 13044 I SystemFeature: cu.optr:false, browser.cu:false, browser.test.cu:false
07-28 20:08:21.927 12958 13044 I SystemFeature: ct.optr:false, browser.ct:false, browser.test.ct:false
07-28 20:08:21.927 12958 13044 I SystemFeature: }
07-28 20:08:21.932  7789  7867 I OpenID  : com.heytap.pictorial:3142:ret:T
07-28 20:08:21.942 12958 13044 I IdentityUtil: initIdentity: success, duidInit=true, uuid=d7830aefe1185a1d969e64bfc89f60a7
07-28 20:08:21.946 12958 13044 D Identity: nonceAndCounter: f75d6efaaeea02ae0000000000000002
07-28 20:08:21.978  1162 13000 I keystore2: system/security/keystore2/watchdog/src/lib.rs:319 - Watchdog thread idle -> terminating. Have a great day.
07-28 20:08:22.018  2000  2042 D BatteryChargeControl: bcc get no support from charging protocol
07-28 20:08:22.044  1976  1976 D SensorFeature: name=ssc_screenshot_info ,index = 22
07-28 20:08:22.044  1976  1976 D SensorFeature: write 29 bytes:47455497116,57823541904,156,0
07-28 20:08:22.077  3441  5253 I InputDispatcher: injectInputEvent: targetUid=<not set>, syncMode=WAIT_FOR_FINISHED, timeout=30000ms, policyFlags=0x8000000, event=MotionEvent { action=DOWN, id[0]=0, x[0]=900, y[0]=30, eventTime=57856000000, downTime=57856000000, deviceId=4, source=TOUCHSCREEN, displayId=0, eventId=0xd5e8574b}
07-28 20:08:22.078  2157  3061 D VRR [OTI]: handleIdle from 1 to 0
07-28 20:08:22.078  2157  3061 D VRR [OTI-HW]: isStateReady 0
07-28 20:08:22.078  2157  3061 D VRR [OTI-HW]: restore sys rate.
07-28 20:08:22.078  2157  3061 D VRR [RefreshRateDirector]: requestRefreshRateByOti update [ oti-hw, {fps=120, modePtr={id=4, vsyncRate=120.00 Hz, peakRefreshRate=120.00 Hz}} ]
07-28 20:08:22.078  2157  3061 D VRR [RefreshRateDirector]: selectBestFrameRate DirectorMapOti [oti-hw, {fps=120, modePtr={id=4, vsyncRate=120.00 Hz, peakRefreshRate=120.00 Hz}}]
07-28 20:08:22.078  2157  3061 D VRR [RefreshRateDirector]: updateBestFrameRate [oti-hw, {fps=120, modePtr={id=4, vsyncRate=120.00 Hz, peakRefreshRate=120.00 Hz}}]
07-28 20:08:22.078  3441  4641 D OMP_Detector: D:done mCurrStatus: 0
07-28 20:08:22.078  2157  3061 D SurfaceFlinger: VRR [SurfaceFlinger] setDesiredActiveMode: displayId: 4630946756802996883, renderRate: 120, vsyncRate: 120, event: 1
07-28 20:08:22.078  3441  4814 I [UAH_CLIENT]: UahEventAcquire, cmdid:37, pkg:none, identity:OplusUAwareInputHelper
07-28 20:08:22.078  2157  3061 D DisplayModeController: setDesiredMode 4630946756802996883 {mode={fps=120.00 Hz, modePtr={id=4, vsyncRate=120.00 Hz, peakRefreshRate=120.00 Hz}}, emitEvent=true, force=false}
07-28 20:08:22.079  3441  3794 D PowerManagerService: userActivityNoUpdateLocked: groupId=0, eventTime=57856, event=touch, flags=0x0, uid=1000
07-28 20:08:22.079  3441  4814 D UAH-UahAdaptHelper: adaptSetNotification identity = OplusUAwareInputHelpersrc = 1000 , type 0 ,p1 = -1 ,p2 = -1 ,p3 = -1 ,p4 =
07-28 20:08:22.079  3441  4814 I [UAH_CLIENT]: uahRuleCtl, ruleId:1000, status:0
07-28 20:08:22.080  1932  1973 I [UAH_CLIENT]: UahRelease, handle:36
07-28 20:08:22.081  1932  1973 I [UAH_CLIENT]: UahPlatformResAcquire
07-28 20:08:22.081  1932  1973 I [UAH_CLIENT]: UahEventAcquire, cmdid:-3, pkg:2157 6975, identity:qcom-perfd
07-28 20:08:22.081  1932  1973 E PERFHAL-RESOURCEQS: PERFHAL-RESOURCEQS: AddAndApply() 130: Resource with major=18, minor=41 not supported
07-28 20:08:22.081  4861  4861 V AutofillManager: requestHideFillUi(null): anchor = null
07-28 20:08:22.081  4861  4861 V Application: getAutofillClient(): null on super, trying to find activity thread
07-28 20:08:22.081  4861  4861 V Application: getAutofillClient(): none of the 0 activities on com.android.systemui.SystemUIApplication@6a1b970 are top resumed nor have focus
07-28 20:08:22.081  4861  4861 V AutofillManager: No AutofillClient for com.android.systemui on context com.android.systemui.SystemUIApplication@6a1b970
07-28 20:08:22.083  4861  4861 I PluginSeedling--Capsule: CapsuleTouchEventHandler-->onInterceptTouchEvent interceptEvent: false
07-28 20:08:22.083  3441  3716 W UserAwareMgr: can not find match thread: GaussianBlur for process com.android.systemui
07-28 20:08:22.084  4861  5445 I [UAH_CLIENT]: UahEventAcquire, cmdid:97, pkg:none, identity:OsenseHelperImpl
07-28 20:08:22.084  4861  4861 I SystemUi--Common: ScrollTranslationValue-->resetPanelTranslationY
07-28 20:08:22.085  4861  4861 I SystemUi--QuickSettings: OplusPanelViewPagerController-->initExpanded downExpanded=NONE downOnRight=true targetPage=NOTIFICATION downOnYHotArea=true  isKeyguardShowing=false isOnKeyguard=false fractionListeners.size=0 currentQsFraction=0.0 currentNotifyFraction=0.0 hasCalledDownEvent=true getScrollXHotZone=([Rect(0, 0 - 1080, 2376)], [Rect(-1, -1 - -1, -1), Rect(157, 1999 - 283, 2125), Rect(823, 1999 - 949, 2125)]) getScrollYHotZone=Rect(0, 0 - 1080, 66) notifyExpandedFraction=0.0 isLastUpToExpand=false qsPanelView.translationX=0.0
07-28 20:08:22.085  4861  4861 I SystemUi--QuickSettings: OplusPanelViewPagerController-->shouldOpenQS  set targetPage=QS
07-28 20:08:22.085  4861  4861 I SystemUi--Common: ScrollTranslationValue-->resetPanelTranslationY
07-28 20:08:22.085  4861  4861 I SystemUi--QuickSettings: OplusPanelViewPagerController-->initExpanded downExpanded=NONE downOnRight=true targetPage=QS downOnYHotArea=true  isKeyguardShowing=false isOnKeyguard=false fractionListeners.size=0 currentQsFraction=0.0 currentNotifyFraction=0.0 hasCalledDownEvent=true getScrollXHotZone=([Rect(0, 0 - 1080, 2376)], [Rect(-1, -1 - -1, -1), Rect(157, 1999 - 283, 2125), Rect(823, 1999 - 949, 2125)]) getScrollYHotZone=Rect(0, 0 - 1080, 66) notifyExpandedFraction=0.0 isLastUpToExpand=false qsPanelView.translationX=0.0
07-28 20:08:22.085  4861  4861 I SystemUi--QuickSettings: OplusPanelViewPagerController-->shouldOpenQS  set targetPage=QS
07-28 20:08:22.085  4861  4861 I SystemUi--QuickSettings: OplusQSPageViewController-->reset(), pageList size:2 itemCount:2 oldIndex:0 curIndex:0
07-28 20:08:22.085  4861  4861 I SystemUi--QuickSettings: OplusQSRootViewController-->startExpandMotion event: 0, startTracking: false isClosing: false panelClosedOnDown: true
07-28 20:08:22.085  4861  4861 I SystemUi--QuickSettings: OplusQSRootViewController-->initialOffsetOnTouch: 0.0, panelClosedOnDown: true
07-28 20:08:22.085  4861  4861 I SystemUi--QuickSettings: OplusQSRootView-->disallowChildIntercept:false
07-28 20:08:22.085  4861  4861 I SystemUi--QuickSettings: OplusQSRootViewController-->startExpandMotion event: 0, startTracking: false isClosing: false panelClosedOnDown: true
07-28 20:08:22.085  4861  4861 I SystemUi--QuickSettings: OplusQSRootViewController-->initialOffsetOnTouch: 0.0, panelClosedOnDown: true
07-28 20:08:22.085  4861  4861 I SystemUi--QuickSettings: OplusQSRootViewController-->onTouchEvent() ACTION_DOWN, canSlideHToQSOnStatusBar:true, gestureWaitForTouchSlop:true, panelClosedOnDown:true, panelClosingOnDown:false, pointerIndex:0
07-28 20:08:22.086  3441  5253 I InputDispatcher: injectInputEvent: targetUid=<not set>, syncMode=WAIT_FOR_FINISHED, timeout=30000ms, policyFlags=0x8000000, event=MotionEvent { action=MOVE, id[0]=0, x[0]=900, y[0]=95.667, eventTime=57866000000, downTime=57856000000, deviceId=4, source=TOUCHSCREEN, displayId=0, eventId=0xdfc75717}
07-28 20:08:22.086  3441  4814 I [UAH_CLIENT]: UahEventAcquire, cmdid:68, pkg:none, identity:OplusUAwareInputHelper
07-28 20:08:22.089  2157  2157 I DisplayModeController: hwc begin mode change to 8333333
07-28 20:08:22.089  2157  2157 I HWC2    : [0] setActiveConfigWithConstraints[4]
07-28 20:08:22.090  1918  2975 W SDM     : HWDeviceDRM::GetSupportedBitClkRate: Requested rate not supported: 1363200000
07-28 20:08:22.090  1918  2975 I SDM     : HWDeviceDRM::UpdateMixerAttributes: Mixer WxH 1440x3168-1 for Peripheral
07-28 20:08:22.090  1918  2975 I CwbService: CwbService::notifyConfigChange: display:0, config:4 size:4, sec.size():0
07-28 20:08:22.090  1918  2975 I CwbService: CwbService::notifyConfigChange: display: 0, config = 0
07-28 20:08:22.090  1918  2931 I CasManager: Fps changed from 60 to 120
07-28 20:08:22.090  1918  2931 I CasManager: Fps changed, not change bin, so trigger gain
07-28 20:08:22.090  1918  2931 W SDM     : DemuraIntfImpl::ProcessOemPluginGain: Thermal intf_ is nullptr 0, default to 25 degree
07-28 20:08:22.090  1918  2931 I SDM     : CasQcPlugIn::ProcessPerCompGainOppo: input params, mode:PWM, fps:120, dbv:1443
07-28 20:08:22.090  1918  2931 I SDM     : CasQcPlugIn::ProcessPerCompGainOppo: normalized bright_adj:1024, dbv:1443, bin_dbv:1083, 
07-28 20:08:22.090  1918  2931 I SDM     : CasQcPlugIn::ProcessPerCompGainOppo: gains print start =====================
07-28 20:08:22.090  1918  2931 I SDM     : CasQcPlugIn::ProcessPerCompGainOppo: gain --------------------------------
07-28 20:08:22.090  1918  2931 I SDM     : CasQcPlugIn::ProcessPerCompGainOppo: old: 0 0 0 57 90 322 1201 3072
07-28 20:08:22.090  1918  2931 I SDM     : CasQcPlugIn::ProcessPerCompGainOppo: new: 0 0 0 47 77 278 1037 3072
07-28 20:08:22.090  1918  2931 I SDM     : CasQcPlugIn::ProcessPerCompGainOppo: gain --------------------------------
07-28 20:08:22.090  1918  2931 I SDM     : CasQcPlugIn::ProcessPerCompGainOppo: old: 0 0 0 64 125 373 1336 3072
07-28 20:08:22.090  1918  2931 I SDM     : CasQcPlugIn::ProcessPerCompGainOppo: new: 0 0 0 53 99 373 1336 3072
07-28 20:08:22.090  1918  2931 I SDM     : CasQcPlugIn::ProcessPerCompGainOppo: gain --------------------------------
07-28 20:08:22.090  1918  2931 I SDM     : CasQcPlugIn::ProcessPerCompGainOppo: old: 0 0 0 42 83 323 1222 3072
07-28 20:08:22.090  1918  2931 I SDM     : CasQcPlugIn::ProcessPerCompGainOppo: new: 0 0 0 35 83 323 1222 3072
07-28 20:08:22.090  1918  2931 I SDM     : CasQcPlugIn::ProcessPerCompGainOppo: gains print end =======================
07-28 20:08:22.092  4861  4861 I SystemUi--QuickSettings: OplusQSRootViewController-->startExpandMotion event: 2, startTracking: true isClosing: false panelClosedOnDown: true
07-28 20:08:22.092  4861  4861 I SystemUi--QuickSettings: OplusQSRootViewController-->endClosing()
07-28 20:08:22.093  4861  4861 I SystemUi--QuickSettings: QSPanelExpandFraction-->updateFraction, stiffness=500.0, finalPosition=0.24589193
07-28 20:08:22.093  3441  5253 I InputDispatcher: injectInputEvent: targetUid=<not set>, syncMode=WAIT_FOR_FINISHED, timeout=30000ms, policyFlags=0x8000000, event=MotionEvent { action=MOVE, id[0]=0, x[0]=900, y[0]=141.634, eventTime=57873000000, downTime=57856000000, deviceId=4, source=TOUCHSCREEN, displayId=0, eventId=0xf828353b}
07-28 20:08:22.094  3441  4437 D SystemGestures: detectSwipe: 1
07-28 20:08:22.094  1918  2931 I SDM     : DemuraIntfImpl::StageAllData: Staged all data to Demura Driver!
07-28 20:08:22.094  1918  2931 I SDM     : HWPeripheralDRM::SetPanelFeature: Set Panel feature property 19
07-28 20:08:22.094  1918  2931 I SDM     : HWPeripheralDRM::SetPanelFeature: Set Panel feature property 7
07-28 20:08:22.094  1918  2931 I SDM     : DisplayBuiltIn::TriggerDemuraOemPlugIn: Trigger demura oem plugin success
07-28 20:08:22.095  1918  2210 I SDM     : DRMPanelFeatureMgr::ApplyDirtyFeature: Commited panel feature [enabled]: 20-272
07-28 20:08:22.095  1918  2210 I SDM     : DRMPanelFeatureMgr::ApplyDirtyFeature: Commited panel feature [enabled]: 8-271
07-28 20:08:22.109  4861  4861 I SystemUi--QuickSettings: OplusQSRootViewController-->setQsVisible: true rawFraction:0.01532554
07-28 20:08:22.109  3441  5253 I InputDispatcher: injectInputEvent: targetUid=<not set>, syncMode=WAIT_FOR_FINISHED, timeout=30000ms, policyFlags=0x8000000, event=MotionEvent { action=MOVE, id[0]=0, x[0]=900, y[0]=246.7, eventTime=57889000000, downTime=57856000000, deviceId=4, source=TOUCHSCREEN, displayId=0, eventId=0xdf0849f4}
07-28 20:08:22.110  4861  4861 I SystemUi--QuickSettings: OplusQSRootViewController-->setListening: true
07-28 20:08:22.110  4861  4861 I SystemUi--QuickSettings: OplusLargeTileContainerViewController-->setListening listening=true
07-28 20:08:22.110  4861  4861 I SystemUi--QuickSettings: QSBrightnessFactory-->setListening listening:true
07-28 20:08:22.110  4861  4861 I SystemUi--QuickSettings: OplusQsBrightnessSliderController-->setListening listening:true mView: com.oplus.systemui.plugins.qs.widget.OplusQsToggleSliderLayout{47a1fe2 V.E...... ......ID 558,244-737,643 #7f0a09f0 app:id/qs_brightness_slider_layout alpha=0.0 viewInfo = } value:0
07-28 20:08:22.110  4861  4861 I SystemUi--QuickSettings: OplusQsVolumeSliderController-->updateVolumeSeekBarMaxProgress: isNeedUpdate=true, maxVolumeProgress=16000, seekBarMaxProgress=1600, isInit=false
07-28 20:08:22.110  4861  4861 I SystemUi--QuickSettings: OplusQsVolumeSliderController-->updateVolumeSeekBarProgress: isNeedUpdate=true, isAllowUpdate=true, volumeLevel=0, seekBarLevel=0, initialVolumeSliderProgress=0, initialSeekBarVolumeLevel=-1, progressUpdated=false
07-28 20:08:22.110  4861  4861 I SystemUi--QuickSettings: OplusQsVolumeSliderController-->updateDisableShowVolumeDialog: isQsListening=true
07-28 20:08:22.110  4861  4861 I SystemUi--Device_Panel: OplusQSMyDeviceContainerViewController-->setListening listening: true
07-28 20:08:22.110  4861  4861 I [DevicePlugin].SysUiPluginService.(main): setListening: isListening=true, _isSeparateMode=true
07-28 20:08:22.111  4861  4861 I [DevicePlugin].FixedSeparateModelPanel.(main): onCtrCenterShow
07-28 20:08:22.111  4861  4861 I [DevicePlugin].FixedSeparateModelPanel.(main): onResume
07-28 20:08:22.111  4861  5445 D [DevicePlugin].DataInterfaceImp.(DefaultDispatcher-worker-1): safeCall, method:panel_state
07-28 20:08:22.112  4861  4861 I SystemUi--Common: NotificationShadeDepthC-->sceneFlag: 0x001, isStart = true, Current sceneFlags: 0x001
07-28 20:08:22.112  4861  4861 D NavigationBar: restrainNavigationBarInvertColor: true
07-28 20:08:22.112  4861  4861 D RegionSamplingHelper: animation scene, no need register sampling listener
07-28 20:08:22.112  3441  5194 D OomAdjuster: Not killing cached processes
07-28 20:08:22.112  4861  5678 D Tile.CustomTile.OshareTileService: refreshState: tile not listening, ignore
07-28 20:08:22.112  4861  5678 D TileStateController: bindAppWhenListening: false ComponentInfo{com.coloros.oshare/com.oplus.oshare.OshareTileService}
07-28 20:08:22.112  4861  4861 I SystemUi--Common: OplusShadeExpansionStat-->go state: CLOSED -> OPENING
07-28 20:08:22.112  4861  4861 I SystemUi--Common: OplusShadeExpansionStat-->go state: CLOSED -> OPENING
07-28 20:08:22.112  4861  5678 I SystemUi--QuickSettings: Tile.CustomTile.OshareTileService-->bindServiceWhenListening: false when isOplusQsTile
07-28 20:08:22.112  4861  5678 D Tile.CustomTile.OshareTileService: refreshState: tile not listening, ignore
07-28 20:08:22.112  4861  4861 I SystemUi--Notification: OplusHeadsUpNotificationViewBinder-->isVisibility: true
07-28 20:08:22.112  4861  4861 I SystemUi--Keyguard: ScrimControllerExImp-->blur State to UNLOCK, bouncer=false changeFromBouncerScrim= false runnerUnlock= false goingAway=false hasHandle=true isOccludeAnimationPlaying=false
07-28 20:08:22.112  4861  4861 I SystemUi--Common: PlatformBlurManagerImpl-->setPlatformBlurMode: blurMode=AUTO(blurFrequency=2)
07-28 20:08:22.112  4861  4861 I SystemUi--Common: PlatformBlurManagerImpl-->updateMotionFrequency: isExpanding=true
07-28 20:08:22.113  4861  5678 D TileStateController: setListening listening: true component: ComponentInfo{com.oplus.eyeprotect/com.oplus.eyeprotect.services.EyeProtectTileService} userContext: com.android.systemui.SystemUIApplication@6a1b970
07-28 20:08:22.113  4861  4861 I SystemUi--Notification: OplusNotificationShadeWindowControllerExImpl-->isExpanded: isPowerBlock=false ,isErrorFpTouchWhenScreenOff=false ,qsPanelVisible=false, isAodMaskShow=false
07-28 20:08:22.113  4861  4861 I SystemUi--Notification: OplusNotificationShadeWindowControllerExImpl-->SHADE_FOCUSABLE-->mNotificationShadeFocusable= false, mPanelExpanded= false, mBouncerShowing= false, mKeyguardShowing= false, mKeyguardOccluded= false, mKeyguardNeedsInput= false, ENABLE_REMOTE_INPUT= true, mRemoteInputActive= false, layoutFlags= -2130444216
07-28 20:08:22.113  4861  4861 I SystemUi--Notification: OplusNotificationShadeWindowControllerExImpl-->SHADE_VISIBLE-->mKeyguardShowing= false, mKeyguardOccluded= false, mPanelVisible= false, mKeyguardFadingAway= false, mKeyguardGoingAway= false, mBouncerShowing= false, mScrimsVisibility= 1, mBackgroundBlurRadius= 0, mForcePluginOpen= false, mediaBackdropShowing= false, viewVisibility= true, qsBlurFraction= 0.01532554, panelBlurFraction= 0.0
07-28 20:08:22.113  4861  5177 D RegionSamplingHelper =:    mCompositionSamplingListener.unregister
07-28 20:08:22.113  2157  2385 I BpBinder: onLastStrongRef automatically unlinking death recipients: 
07-28 20:08:22.114  4861  5678 D Tile.CustomTile.EyeProtectTileService: refreshState: tile not listening, ignore
07-28 20:08:22.114  4861  4861 D UXUtils : notifyUiSwitched: 1
07-28 20:08:22.114  4861  5678 D TileStateController: bindAppWhenListening: false ComponentInfo{com.oplus.eyeprotect/com.oplus.eyeprotect.services.EyeProtectTileService}
07-28 20:08:22.114  4861  5678 I SystemUi--QuickSettings: Tile.CustomTile.EyeProtectTileService-->bindServiceWhenListening: false when isOplusQsTile
07-28 20:08:22.114  4861  5678 D Tile.CustomTile.EyeProtectTileService: refreshState: tile not listening, ignore
07-28 20:08:22.114  4861  7203 D OplusTileControllerPlugin: onSettingsStateChange: 1, componentName: ComponentInfo{com.oplus.eyeprotect/com.oplus.eyeprotect.services.EyeProtectTileService}
07-28 20:08:22.114  4861  5177 I NotificationShadeWindowController: stop Pending key thread event (apply)
07-28 20:08:22.114  4861  6019 I SystemUi--Keyguard: OnScreenFingerprintUiMech-->hideFingerprintIconTemporarily for reason: panel expaned ShowForEnroll false mPendingHide false
07-28 20:08:22.114  7652  7703 I mydevices[core].ProviderCallProcessor: (binder:7652_2)method: panel_state; arg: panel_resume
07-28 20:08:22.114  4861  4861 I SystemUi--Notification: ScrimControllerExImp-->[onQsBottomVisibleChanged] qsBottomVisible=true
07-28 20:08:22.114  7652  7703 I mydevices[core].ControlCenterManager: (binder:7652_2)onPanelShow
07-28 20:08:22.114  3441  3716 I UserAwareMgr: handleTopAppChanged: com.android.systemui, pid: 4861, uid: 10218
07-28 20:08:22.114  4861  4861 I SystemUi--Common: PlatformBlurManagerImpl-->resumeBlur: updatePlatformBlurState(updatePanelBlurState): shouldBlur, isKeyguardVisible=false, isKeyguardFadingAway=false, isPanelVisible=true, isShadeLock=false.
07-28 20:08:22.114  4861  4861 I SystemUi--Common: PlatformBlurManagerImpl-->forceStopMotionBlur: stop=false
07-28 20:08:22.114  4861  4861 I SystemUi--Keyguard: ScrimControllerExImp-->blur State to UNLOCK, bouncer=false changeFromBouncerScrim= false runnerUnlock= false goingAway=false hasHandle=true isOccludeAnimationPlaying=false
07-28 20:08:22.115  4861  4861 I SystemUi--Statusbar: PrivacyDotViewController-->scheduleUpdate: 
07-28 20:08:22.115  7652  8526 I mydevices[core].CardsProxyManager: (DefaultDispatcher-worker-7)resume cards: [], visibleCount: 0, showPosition: 4
07-28 20:08:22.115  3441  4838 I VibratorManagerServiceExtImpl: cancelVibrate uid=1000, pid=3441, usageFilter=-15, token=48330896
07-28 20:08:22.115  7652  8526 I mydevices[core].CardsProxyManager: (DefaultDispatcher-worker-7)notify cards size : 0, code = 1
07-28 20:08:22.115  7652  8526 I mydevices[core].CardsProxyManager: (DefaultDispatcher-worker-7)current cards is empty, no need to call the event
07-28 20:08:22.115  7652  8526 I mydevices[core].OPSynergyScannerImpl: (DefaultDispatcher-worker-7)reScan
07-28 20:08:22.115  7652  8526 D OplusLog_DeviceKit_com.heytap.mydevices: [SynergyDeviceManager-7916204] isServiceBound
