07-28 21:04:01.588  4837  4837 I SystemUi--QuickSettings: QSPanelExpandFraction-->fractionAnimation onAnimationEnd, value=1.0
07-28 21:04:01.620  1883  5560 I SnapAlloc: Using graphics libs for alignment calculations
07-28 21:04:01.685  1959  1959 D SensorFeature: name=ssc_screenshot_info ,index = 22
07-28 21:04:01.685  1959  1959 D SensorFeature: write 29 bytes:58432540913,58440874246,158,0
07-28 21:04:01.716  1803  4421 I sensors-hal: handle_oplus_wise_rgb_event:189, high_pwm_light:lux 274.5,cct 3630.7,brl/algo/ir 1428.0/2.0/16.7,pwm/dc 0.0/0.0,rgbc 21171.781250/13361.701172/6145.280273/39323.328125,ts 58424279577,cnt 810,flag 158
07-28 21:04:01.717  1885  4413 I Dpps    : LtmSwState::SetParameter():144 ignore cmd 7 in state LtmOffState
07-28 21:04:01.725  3381  3773 D VRR [OPlusSAManager]: updateAutoMinfps with nits: 115.46713, mHistOK true, mAmbientOK true, mCctOK true, mIrOK true, mBrightnessOK true, isPkgOK true, SA min fps: 119
07-28 21:04:01.725  3381  3773 D VRR [OPlusSurfaceFlingerController]: setAutoMode enable: true fakeFrame: true fps: 119
07-28 21:04:01.725  2128  2417 I VRR-[OPlusAdfrUtil]: ADFR try set Auto mode with mode 1 fakeframe 1 min fps 119
07-28 21:04:01.725  2128  2417 D VRR-[OPlusRefreshRateSelector]: OSyncModes add size is 1.
07-28 21:04:01.725  2128  2417 I VRR-[OPlusRefreshRateSelector]: updateAutoMode success, display 0, mode 0, fakeframe 1, min fps: 1
07-28 21:04:01.725  2128  3267 D VRR-[OPlusRefreshRateSelector]: handleSetHWCOSync
07-28 21:04:01.725  2128  3267 D VRR-[OPlusRefreshRateSelector]: OSyncModes remaining size is 0.
07-28 21:04:01.726  2128  3267 D VRR-[OPlusRefreshRateSelector]: SetHWCOSync with 5CC08181
07-28 21:04:01.727  1885  1885 I SDM     : DisplayBuiltIn::SetQSyncMode: VRR + update qsync mode 0 minfps 00C08181
07-28 21:04:01.735  1885  2124 E SDM     : DRMConnector::Perform: Connector 67: Setting Qsync min fps 12616065
07-28 21:04:01.959  1959  1959 D SensorFeature: name=ssc_screenshot_info ,index = 22
07-28 21:04:01.959  1959  1959 D SensorFeature: write 29 bytes:58706479611,58714812944,159,0
07-28 21:04:01.982  1885  4413 I Dpps    : LtmSwState::SetParameter():144 ignore cmd 7 in state LtmOffState
07-28 21:04:02.030  1992  2063 D BatteryChargeControl: bcc get no support from charging protocol
07-28 21:04:02.090  1992  7250 D charge_time: type=sdp,reserve_soc=2,soc=46,ui_soc=49,current=187,avg=185,not_chg_cnt=0,stable_cnt=7,fcc=5724,fcc_ratio=94,delta=37,debug=0,region=16,ttf=27595(07:39:55),ui_ttf=20731(05:45:31)
07-28 21:04:02.201  5177  5571 D OplusScrollToTopManager: com.android.launcher/com.android.launcher.Launcher,This com.android.internal.policy.DecorView{cd1b5a4 V.E...... R....... 0,0-1080,2376 aid=0 alpha=1.0 viewInfo = }[Launcher] change focus to false
07-28 21:04:02.204  4837  5025 D OplusScrollToTopManager: NotificationShade,This com.android.systemui.shade.NotificationShadeWindowView{5a736bf V.E...... ........ 0,0-1080,2376 #7f0a06b7 app:id/legacy_window_root alpha=1.0 viewInfo = } change focus to true
07-28 21:04:02.204  4837  5025 D OplusScrollToTopManager: NotificationShade, registerGuidePopupDismissReceiverInSystemUI
07-28 21:04:02.205  4837  5025 D OplusScrollToTopManager: NotificationShade, after registerGuidePopupDismissReceiverInSystemUI
07-28 21:04:02.233  1959  1959 D SensorFeature: name=ssc_screenshot_info ,index = 22
07-28 21:04:02.233  1959  1959 D SensorFeature: write 29 bytes:58980486226,58988819559,160,0
07-28 21:04:02.248  1885  4413 I Dpps    : LtmSwState::SetParameter():144 ignore cmd 7 in state LtmOffState
07-28 21:04:02.434  3381  5288 I InputDispatcher: injectInputEvent: targetUid=<not set>, syncMode=WAIT_FOR_FINISHED, timeout=30000ms, policyFlags=0x8000000, event=MotionEvent { action=DOWN, id[0]=0, x[0]=877, y[0]=1330, eventTime=59190000000, downTime=59190000000, deviceId=4, source=TOUCHSCREEN, displayId=0, eventId=0xfb3fddea}
07-28 21:04:02.434  3381  4801 I [UAH_CLIENT]: UahEventAcquire, cmdid:37, pkg:none, identity:OplusUAwareInputHelper
07-28 21:04:02.434  4837  4837 V AutofillManager: requestHideFillUi(null): anchor = null
07-28 21:04:02.434  4837  4837 V Application: getAutofillClient(): null on super, trying to find activity thread
07-28 21:04:02.434  4837  4837 V Application: getAutofillClient(): none of the 0 activities on com.android.systemui.SystemUIApplication@a856e6b are top resumed nor have focus
07-28 21:04:02.434  4837  4837 V AutofillManager: No AutofillClient for com.android.systemui on context com.android.systemui.SystemUIApplication@a856e6b
07-28 21:04:02.435  3381  4801 D UAH-UahAdaptHelper: adaptSetNotification identity = OplusUAwareInputHelpersrc = 1000 , type 0 ,p1 = -1 ,p2 = -1 ,p3 = -1 ,p4 =
07-28 21:04:02.435  3381  4801 I [UAH_CLIENT]: uahRuleCtl, ruleId:1000, status:0
07-28 21:04:02.435  3381  3756 D PowerManagerService: userActivityNoUpdateLocked: groupId=0, eventTime=59190, event=touch, flags=0x0, uid=1000
07-28 21:04:02.435  3381  4614 D OMP_Detector: D:done mCurrStatus: 0
07-28 21:04:02.435  4837  4837 I SystemUi--Common: ScrollTranslationValue-->resetPanelTranslationY
07-28 21:04:02.435  4837  4837 I SystemUi--QuickSettings: OplusPanelViewPagerController-->initExpanded downExpanded=QS downOnRight=true targetPage=QS downOnYHotArea=false  isKeyguardShowing=false isOnKeyguard=false fractionListeners.size=0 currentQsFraction=1.0 currentNotifyFraction=0.0 hasCalledDownEvent=true getScrollXHotZone=([Rect(0, 0 - 1080, 2376)], [Rect(-1, -1 - -1, -1), Rect(144, 2143 - 270, 2269), Rect(810, 2143 - 936, 2269)]) getScrollYHotZone=Rect(0, 0 - 1080, 222) notifyExpandedFraction=0.0 isLastUpToExpand=true qsPanelView.translationX=0.0
07-28 21:04:02.436  4837  4837 I SystemUi--QuickSettings: OplusQSRootViewController-->startExpandMotion event: 0, startTracking: false isClosing: false panelClosedOnDown: false
07-28 21:04:02.436  4837  4837 I SystemUi--QuickSettings: OplusQSRootViewController-->initialOffsetOnTouch: 2376.0, panelClosedOnDown: false
07-28 21:04:02.437  3381  5288 I InputDispatcher: injectInputEvent: targetUid=<not set>, syncMode=WAIT_FOR_FINISHED, timeout=30000ms, policyFlags=0x8000000, event=MotionEvent { action=UP, id[0]=0, x[0]=877, y[0]=1330, eventTime=59190000000, downTime=59190000000, deviceId=4, source=TOUCHSCREEN, displayId=0, eventId=0xf246cfc0}
07-28 21:04:02.437  3381  4801 D UAH-UahAdaptHelper: adaptSetNotification identity = OplusUAwareInputHelpersrc = 1000 , type 1 ,p1 = -1 ,p2 = -1 ,p3 = -1 ,p4 =
07-28 21:04:02.437  3381  4801 I [UAH_CLIENT]: uahRuleCtl, ruleId:1000, status:1
07-28 21:04:02.437  4837  4837 I SystemUi--Statusbar: OplusStatusBarWindowViewTouchExImpl-->onTouchEvent handled:false
07-28 21:04:02.437  4837  4837 I SystemUi--QuickSettings: OplusPanelViewPagerController-->reset
07-28 21:04:02.437  4837  4837 I SystemUi--QuickSettings: OplusQSRootViewController-->resetTouch
07-28 21:04:02.437  4837  4837 D OplusViewDragTouchViewHelper: dispatchTouchView action = 1
07-28 21:04:02.437  4837  4837 D ViewRootImplExtImpl: the up motion event handled by client, just return
07-28 21:04:02.438  4837  4837 I SystemUi--QuickSettings: Tile.OplusAirplaneModeTile-->clicked ------ state is :2 canTips :true
07-28 21:04:02.438  4837  5353 V OplusCustomizeCacheManager: queryCache name: sys.cache.common_customize_cache18026 param: null
07-28 21:04:02.438  4837  5353 V OplusCustomizeCacheManager: queryCache name: sys.cache.common_customize_cache18026 param: null
07-28 21:04:02.440  3381  3381 D OplusWifiBroadCastDispatcher: mBroadcastReceiver: onReceiver  action=android.intent.action.AIRPLANE_MODE
07-28 21:04:02.440  3381  4587 D OplusWifiSwitchStateMonitor: mWifiSettingsValue:0
07-28 21:04:02.440  3381  4587 D OplusWifiSwitchStateMonitor: notify scan state: true
07-28 21:04:02.440  1962  1995 E PerformanceService: [damon_reclaim] Failed to open wmarks_xxx, Linux version 6.6.30
07-28 21:04:02.440  5149  5149 D SubsysBroadcastManager: onReceive action:android.intent.action.AIRPLANE_MODE
07-28 21:04:02.441  5149  5149 D NetworkService[0]: onAirPlaneModeChange isAirPlaneModeOn:false
07-28 21:04:02.441  5149  5149 D NetworkService[1]: onAirPlaneModeChange isAirPlaneModeOn:false
07-28 21:04:02.441  5149  5149 D QuickChangeAirplaneModeEvent: airplane mode off
07-28 21:04:02.441  3381  4477 D WifiController: Airplane mode disabled, determine next state
07-28 21:04:02.441  3381  4477 D WifiActiveModeWarden: Starting primary ClientModeManager in scan only mode
07-28 21:04:02.441  5026  8793 I txpwradmin:SettingsObserver: onChange for uri = content://settings/global/airplane_mode_on
07-28 21:04:02.441  4837  5675 I SystemUi--QuickSettings: Tile.OplusAirplaneModeTile-->handleUpdateState state.state: 2 value: 0
07-28 21:04:02.442  4837  5675 V OplusCustomizeCacheManager: queryCache name: sys.cache.common_customize_cache18026 param: null
07-28 21:04:02.442  4837  5675 I SystemUi--QuickSettings: Tile.OplusAirplaneModeTile-->handleUpdateState state.state: 1 value: 0
07-28 21:04:02.442  4837  5675 V OplusCustomizeCacheManager: queryCache name: sys.cache.common_customize_cache18026 param: null
07-28 21:04:02.442  4984  5919 D OplusLinkBoostMeeting: onAirplaneModeChange
07-28 21:04:02.442  4907  4907 W Settings: Setting airplane_mode_on has moved from android.provider.Settings.System to android.provider.Settings.Global, returning read-only value.
07-28 21:04:02.442  4907  4907 W Settings: Setting airplane_mode_on has moved from android.provider.Settings.System to android.provider.Settings.Global, returning read-only value.
07-28 21:04:02.442  4907  4907 W Settings: Setting airplane_mode_on has moved from android.provider.Settings.System to android.provider.Settings.Global, returning read-only value.
07-28 21:04:02.442  4907  4907 W Settings: Setting airplane_mode_on has moved from android.provider.Settings.System to android.provider.Settings.Global, returning read-only value.
07-28 21:04:02.442  5001  5001 W Settings: Setting airplane_mode_on has moved from android.provider.Settings.System to android.provider.Settings.Global, returning read-only value.
07-28 21:04:02.442  4907  4907 W Settings: Setting airplane_mode_on has moved from android.provider.Settings.System to android.provider.Settings.Global, returning read-only value.
07-28 21:04:02.442  4837  5675 V OplusCustomizeCacheManager: queryCache name: sys.cache.common_customize_cache11009 param: null
07-28 21:04:02.442  5026  8793 D txpwrJni: sendRadioStatus start
07-28 21:04:02.442  3381  4586 D OplusWifiPower_ConnLpmEventObsever: AIRPLANE_MODE_ON:false
07-28 21:04:02.443  4984  5903 D ResidenceLocSm: onPreHandleMessage 49
07-28 21:04:02.443  4984  5903 D ResidenceLocSm: onPostHandleMessage 49
07-28 21:04:02.443  4907  4907 D PhoneGlobals: ACTION_AIRPLANE_MODE_CHANGED received
07-28 21:04:02.443  4907  4907 D PhoneGlobals: Receive ACTION_AIRPLANE_MODE_CHANGED, state: false
07-28 21:04:02.443  4907  4907 I PhoneGlobals: handleAirplaneModeChange: isAirplaneNewlyOn=false
07-28 21:04:02.443  4907  4907 D PhoneGlobals: handleAirplaneModeChange: isAirplaneNewlyOn = false, cellState = 2
07-28 21:04:02.443  4907  4907 I PhoneGlobals: Turning radio on - airplane
07-28 21:04:02.444  4984  6340 I PCDR-common_no_service[0]: forbidden
07-28 21:04:02.444  4984  6340 I PCDR-common_no_45g[0]: forbidden
07-28 21:04:02.444  4984  6340 I PCDR-common_no_service[1]: forbidden
07-28 21:04:02.444  4984  6340 I PCDR-common_no_45g[1]: forbidden
07-28 21:04:02.444  5060  5060 I QImsService: OplusWifiApmStateMgr : ACTION_AIRPLANE_MODE_CHANGED,mIsAirplaneModeOn: false
07-28 21:04:02.444  5060  5060 I QImsService: OplusImsServiceSubImpl : onTurnOffImsAfterWifiChanged : false
07-28 21:04:02.444  5060  5060 I QImsService: OplusImsServiceSubImpl : onTurnOffImsAfterWifiChanged : false
07-28 21:04:02.444  5149  5149 W Settings: Setting airplane_mode_on has moved from android.provider.Settings.System to android.provider.Settings.Global, returning read-only value.
07-28 21:04:02.445  4984  5925 D NAS-CallIssueDetector: notifyApmChanged
07-28 21:04:02.445  5001  5001 I HidlServiceManagement: Trying to get transport of vendor.oplus.hardware.appradio@1.0::IOplusAppRadio/oplus_app_slot1 without hwservicemanager
07-28 21:04:02.445  4984  5957 D ElevatorEvent: enableElevatorDetect mIsElevSensorReg = false
07-28 21:04:02.445  5001  5001 E NhsAppRIL/0: in getOplusRadioProxy getService: Exception: java.util.NoSuchElementException
07-28 21:04:02.445  3381  4477 D WifiController: DisabledState.exit()
07-28 21:04:02.445  3381  4477 D WifiController: EnabledState.enter()
07-28 21:04:02.445  3381  4477 D WifiClientModeManager[59199:unknown]: entering IdleState
07-28 21:04:02.445  4984  5957 V SystemSensorManagerExtImpl: RegisterListener elevator_detect  Wakeup type:33171036 delay:200000us by com.oplus.nas.comm.event.ElevatorEvent$a@6ec3ec2 from com.oplus.nas
07-28 21:04:02.445  4984  5925 D NAS-CallIssueDetector: EVENT_SIM_STATE_CHANGE mSimState[0] LOADED
07-28 21:04:02.445  4984  5925 D SceneEvent: registerSensorMgr start
07-28 21:04:02.445  3381  5242 D SensorService: createSensorEventConnection packageName = com.oplus.nas.comm.event.ElevatorEvent, opPackageName = com.oplus.nas, mCurrentOperatingMode = 0, requestedMode = 0
07-28 21:04:02.446  3381  5306 W SensorService: SensorEventConnection sensor handle=1362, package = com.oplus.nas.comm.event.ElevatorEvent enable
07-28 21:04:02.446  3381  5306 E SensorService: Required app com.oplus.nas.comm.event.ElevatorEvent, uid 1000, pid 4984
07-28 21:04:02.446  3381  5306 D SensorService: Calling batch handle==1362 flags=0rate=200000000 timeout== 0
07-28 21:04:02.446  3381  5306 D SensorService: SensorDevice::batch: ident=0xb40000726a0222c0, handle=0x00000552, flags=0, period_ns=200000000 timeout=0
07-28 21:04:02.446  3381  5306 D SensorService: 	>>> actuating h/w BATCH 0x00000552 200000000 0
07-28 21:04:02.446  1803  1803 I sensors-hal: batch:153, qti.sensor.elevator_detect/1362, period=200000000, max_latency=0
07-28 21:04:02.446  1803  1803 I sensors-hal: batch:175, qti.sensor.elevator_detect/1362, period=200000000, max_latency=0 request completed
07-28 21:04:02.446  3381  5306 D SensorService: Calling activate on 1362
07-28 21:04:02.446  3381  5306 D SensorService: SensorDevice::activate: ident=0xb40000726a0222c0, handle=0x00000552, enabled=1, count=1
07-28 21:04:02.446  3381  5306 D SensorService: enable index=0
07-28 21:04:02.446  3381  5306 D SensorService: info.numActiveClients() = 1, info.isActive = 0
07-28 21:04:02.446  3381  5306 D SensorService: activateHardware = 1
07-28 21:04:02.446  3381  5306 D SensorService: 	>>> actuating h/w activate handle=1362 enabled=1
07-28 21:04:02.446  1803  1803 I sensors-hal: activate:112, qti.sensor.elevator_detect/1362 en=1
07-28 21:04:02.446  1803  1803 I sensors-hal: acquire_qsh_interface:131, acquire_qsh_interface with sensor_id 28 , conn_type 2 
07-28 21:04:02.447  4837  5106 I SystemUi--QuickSettings: Tile.OplusCellularTile-->updateCarrierText: dialog not showing, ignore
07-28 21:04:02.448  1810  4609 W android.hardware.wifi-service: No active wlan interfaces in use! Using default
07-28 21:04:02.448  5149  5149 D RadioMessenger: handleMessage Request msgid 2215
07-28 21:04:02.448  5001  5001 D NhsElevatorReceiver: enableElevatorDetect mIsElevSensorReg = false
07-28 21:04:02.448  5001  5001 V SystemSensorManagerExtImpl: RegisterListener elevator_detect  Wakeup type:33171036 delay:200000us by t0.g$b@b61df9d from com.oplus.nhs
07-28 21:04:02.448  3381  5242 D SensorService: createSensorEventConnection packageName = t0.g, opPackageName = com.oplus.nhs, mCurrentOperatingMode = 0, requestedMode = 0
07-28 21:04:02.448  1768  1815 E minksocket: MinkIPC ERROR: ( 1768:1815 ) MinkIPC_preProcess:272 Client down, but cannot find corresponding minksession
07-28 21:04:02.448  1768  1829 E minksocket: MinkIPC ERROR: ( 1768:1829 ) MinkIPC_preProcess:272 Client down, but cannot find corresponding minksession
07-28 21:04:02.448  3381  4285 E PerformanceManager: setDamonReclaimWmarks succeed.
07-28 21:04:02.450  3381  4408 D BluetoothSystemServer: BluetoothRadioModeListener: Not sensitive to airplane_mode_radios change. Forced to false
07-28 21:04:02.450  4837  5106 D SimStateHelper: slot:0, lock state:Bundle[mParcelledData.dataSize=56]
07-28 21:04:02.450  4837  5106 D SimStateHelper: slot:1, lock state:Bundle[mParcelledData.dataSize=56]
07-28 21:04:02.450  4837  5106 D SimStateHelper: needDisableMenu: slot1State=-1; slot2State=-1
07-28 21:04:02.450  4837  5106 D SimStateHelper: needDisableMenu:false
07-28 21:04:02.450  1768  1829 E minksocket: MinkIPC ERROR: ( 1768:1829 ) MinkIPC_preProcess:272 Client down, but cannot find corresponding minksession
07-28 21:04:02.450  3381  4477 D OplusWifiConcurrentManager: isConcurrentCombinationAllowed : createMode= 0, requestType =-1
07-28 21:04:02.451  1768  1815 E minksocket: MinkIPC ERROR: ( 1768:1815 ) MinkIPC_preProcess:272 Client down, but cannot find corresponding minksession
07-28 21:04:02.451  5149  5149 D RadioProxyJ: [PHONE0][93]> getNecData moduleId:1 evtId:[0, 16, 0, 0, 0, 0, 0, 0, 0, 0, 0, 0, 0, 0, 0, 0, 0, 0, 0, 0, 0, 0, 0, 0, 0, 0, 0, 0, 0, 0, 0, 0]
07-28 21:04:02.451  3381  4477 I HalDevMgr: currentModeId=3, requestModeId=3, currentModeIdValid=true
07-28 21:04:02.451  1768  1815 E minksocket: MinkIPC ERROR: ( 1768:1815 ) MinkIPC_preProcess:272 Client down, but cannot find corresponding minksession
07-28 21:04:02.451  1768  1829 E minksocket: MinkIPC ERROR: ( 1768:1829 ) MinkIPC_preProcess:272 Client down, but cannot find corresponding minksession
07-28 21:04:02.451  4837  4837 I SystemUi--Statusbar: OplusStatusBarSignalPolicy-->imsIcon: OplusIMSModel(shouldShowVolte=false, shouldShowVowifi=false, simInserted=true, noSim=false, shouldShowVodata=false, shouldShowVo5G=false, vowifiState=false), OplusIMSModel(shouldShowVolte=false, shouldShowVowifi=false, simInserted=false, noSim=true, shouldShowVodata=false, shouldShowVo5G=false, vowifiState=false), noSubs:false, airplaneMode:falsevisible: false ,wifiConnect:false , vowifiIcon:0 , voDataStatus:false, is5GNewCall:false
07-28 21:04:02.451  1810  1810 D WifiHAL : wifi_set_interface_mode: ifname=wlan0 iface_type=0
07-28 21:04:02.451  4837  4837 I SystemUi--Statusbar: OplusStatusBarSignalPolicy-->noSimIcon simState: SimStateModel(simInserted=[true, false], simForbidden=[false, true], simStateIMSI=[true, false], simLoaded=[true, false]), noSubs:false isAirplaneMode:false
07-28 21:04:02.451  1810  1810 I android.hardware.wifi-service: Adding interface handle for p2p0
07-28 21:04:02.451  1810  1810 I android.hardware.wifi-service: Adding interface handle for wlan0
07-28 21:04:02.451  1810  1810 I android.hardware.wifi-service: Adding interface handle for wifi-aware0
07-28 21:04:02.451  7125  7490 I SettingImpl: isAirplaneModeToggleChecked switchValue: -1, airplane mode isChecked is false
07-28 21:04:02.452  1803  1803 I sensors-hal: qsh_qmi:34, qsh_qmi
07-28 21:04:02.452  1803  1803 I sensors-hal: send_sync_sensor_request:443, send sync request
07-28 21:04:02.452  1803  1803 I sensors-hal: send_sync_sensor_request:472, wait for notification of response
07-28 21:04:02.452  4837  4837 I SystemUi--Statusbar: OplusMobileIconViewModel-->isVisible subId:1 isAirplaneMode:false isAllowedDuringAirplaneMode:false isForceHidden:false isSatelliteForbid:false
07-28 21:04:02.452  4837  4837 I SystemUi--Statusbar: OplusStatusBarMobileViewBinder-->isVisible:true
07-28 21:04:02.452  4837  4837 I SystemUi--Statusbar: OplusStatusBarMobileViewBinder-->isVisible:true
07-28 21:04:02.452  4837  4837 I SystemUi--Statusbar: OplusStatusBarMobileViewBinder-->isVisible:true
07-28 21:04:02.452  4837  4837 I SystemUi--Statusbar: OplusStatusBarMobileViewBinder-->isVisible:true
07-28 21:04:02.452  4837  4837 I SystemUi--Statusbar: OplusStatusBarMobileViewBinder-->isVisible:true
07-28 21:04:02.452  1768  1829 E minksocket: MinkIPC ERROR: ( 1768:1829 ) MinkIPC_preProcess:272 Client down, but cannot find corresponding minksession
07-28 21:04:02.452  1768  1815 E minksocket: MinkIPC ERROR: ( 1768:1815 ) MinkIPC_preProcess:272 Client down, but cannot find corresponding minksession
07-28 21:04:02.452  3381  4408 D BluetoothSystemServer: AirplaneModeListener: Ignore mode change to same state. previousMode=false, isOn=false, isOnOverrode=false, isMediaConnected=false
07-28 21:04:02.453  3411  3439 D QmiVsClient: getNecData - enter
07-28 21:04:02.453  1803 13129 I sensors-hal: qsh_conn_resp_cb:793, resp_value = 0 for elevator_detect 
07-28 21:04:02.453  3411  3439 E QmiVsClient: sendAsyncRequest QMI_VS_GET_NEC_DATA_REQ_MSG_V01 ret 0
07-28 21:04:02.453  1803  1803 I sensors-hal: send_sync_sensor_request:478, takes 1 ms to receive the response with 0
07-28 21:04:02.453  1803  1803 I sensors-hal: activate:131, qti.sensor.elevator_detect/1362 en=1 completed
07-28 21:04:02.453  3381  5306 D SensorService: 0xb40000726a0222c0 addFd fd=1004
07-28 21:04:02.453  4984  5957 D ElevatorEvent: elevator:registerForElevatorDetect  , true mIsElevSensorReg = true
07-28 21:04:02.453  4984  5957 D SceneEvent: registerSensorMgr start
07-28 21:04:02.453  4984  5957 D SceneEvent: registerSensorMgr already start,return
07-28 21:04:02.453  3411  3860 D QmiVsClient: getNecData callback - enter
07-28 21:04:02.453  3411  3439 D VsProxy : handleMessage msg is 4001
07-28 21:04:02.453  3411  3439 D RadioProxy: getNecData : response cb for instance 0
07-28 21:04:02.454  3381  5292 W SensorService: SensorEventConnection sensor handle=1362, package = t0.g enable
07-28 21:04:02.454  3381  5292 E SensorService: Required app t0.g, uid 1001, pid 5001
07-28 21:04:02.454  3381  5292 D SensorService: Calling batch handle==1362 flags=0rate=200000000 timeout== 0
07-28 21:04:02.454  3381  5292 D SensorService: SensorDevice::batch: ident=0xb4000071b3331840, handle=0x00000552, flags=0, period_ns=200000000 timeout=0
07-28 21:04:02.454  3381  5292 D SensorService: Calling activate on 1362
07-28 21:04:02.454  3381  5292 D SensorService: SensorDevice::activate: ident=0xb4000071b3331840, handle=0x00000552, enabled=1, count=2
07-28 21:04:02.454  3381  5292 D SensorService: enable index=0
07-28 21:04:02.454  3381  5292 D SensorService: info.numActiveClients() = 2, info.isActive = 1
07-28 21:04:02.454  3381  5292 D SensorService: activateHardware = 0
07-28 21:04:02.454  3381  5292 D SensorService: 0xb4000071b3331840 addFd fd=1005
07-28 21:04:02.454  5149  5191 D RadioProxyJ: [PHONE0][93]< getNecDataResponse ******
07-28 21:04:02.454  4837  4837 D RowAnimatorExtImpl: init:tx,view:StatusBarIconView(slot='volume' alpha=1.0 icon=StatusBarIcon(icon=Icon(typ=RESOURCE pkg=com.android.systemui id=0x7f0818f0) visible user=0 ) visibleState=ICON iconColor=#ccffffff staticDrawableColor=#ccffffff decorColor=#ffffffff animationStartColor=#0 currentSetColor=#ccffffff notification=null),translationX:  9.0  0.0  
07-28 21:04:02.454  5001  5001 D NhsElevatorReceiver: elevator:registerForElevatorDetect  , true mIsElevSensorReg = true
07-28 21:04:02.454  5001  5001 D NhsSceneReceiver: registerSensorMgr start
07-28 21:04:02.454  4837  4837 D RowAnimatorExtImpl: init:tx,view:StatusBarIconView(slot='zen' alpha=1.0 icon=StatusBarIcon(icon=Icon(typ=RESOURCE pkg=com.android.systemui id=0x7f0818e1) visible user=0 ) visibleState=ICON iconColor=#ccffffff staticDrawableColor=#ccffffff decorColor=#ffffffff animationStartColor=#0 currentSetColor=#ccffffff notification=null),translationX:  57.0  48.0  
07-28 21:04:02.454  5149  5149 D MessengerResponseHandler: handleMessage Response msgid 206
07-28 21:04:02.454  5001  5001 V SystemSensorManagerExtImpl: RegisterListener oplus_activity_recognition  Wakeup type:33171037 delay:200000us by t0.k$a@b3c3c12 from com.oplus.nhs
07-28 21:04:02.454  4837  4837 D RowAnimatorExtImpl: init:tx,view:StatusBarIconView(slot='volume' alpha=1.0 icon=StatusBarIcon(icon=Icon(typ=RESOURCE pkg=com.android.systemui id=0x7f0818f0) visible user=0 ) visibleState=ICON iconColor=#ccffffff staticDrawableColor=#ccffffff decorColor=#ffffffff animationStartColor=#0 currentSetColor=#ccffffff notification=null),translationX:  9.0  0.0  
07-28 21:04:02.454  4837  4837 D RowAnimatorExtImpl: init:tx,view:StatusBarIconView(slot='zen' alpha=1.0 icon=StatusBarIcon(icon=Icon(typ=RESOURCE pkg=com.android.systemui id=0x7f0818e1) visible user=0 ) visibleState=ICON iconColor=#ccffffff staticDrawableColor=#ccffffff decorColor=#ffffffff animationStartColor=#0 currentSetColor=#ccffffff notification=null),translationX:  57.0  48.0  
07-28 21:04:02.454  3381  5292 D SensorService: createSensorEventConnection packageName = t0.k, opPackageName = com.oplus.nhs, mCurrentOperatingMode = 0, requestedMode = 0
07-28 21:04:02.454  3381  5306 W SensorService: SensorEventConnection sensor handle=1372, package = t0.k enable
07-28 21:04:02.454  3381  5306 E SensorService: Required app t0.k, uid 1001, pid 5001
07-28 21:04:02.454  3381  5306 D SensorService: enable sensor send lastEvent 1372
07-28 21:04:02.454  3381  4477 D HalDevMgr: updateRttController: no one is interested in RTT controllers
07-28 21:04:02.454  4837  4837 D RowAnimatorExtImpl: init:tx,view:StatusBarIconView(slot='volume' alpha=1.0 icon=StatusBarIcon(icon=Icon(typ=RESOURCE pkg=com.android.systemui id=0x7f0818f0) visible user=0 ) visibleState=ICON iconColor=#ccffffff staticDrawableColor=#ccffffff decorColor=#ffffffff animationStartColor=#0 currentSetColor=#ccffffff notification=null),translationX:  9.0  0.0  
07-28 21:04:02.454  4837  4837 D RowAnimatorExtImpl: init:tx,view:StatusBarIconView(slot='zen' alpha=1.0 icon=StatusBarIcon(icon=Icon(typ=RESOURCE pkg=com.android.systemui id=0x7f0818e1) visible user=0 ) visibleState=ICON iconColor=#ccffffff staticDrawableColor=#ccffffff decorColor=#ffffffff animationStartColor=#0 currentSetColor=#ccffffff notification=null),translationX:  57.0  48.0  
07-28 21:04:02.454  3381  4477 E HalDevMgr: removeP2pAndSapCombination do nothing: mIsAddedP2pAndSapCombination = false
07-28 21:04:02.455  3381  5306 D SensorService: Calling batch handle==1372 flags=0rate=200000000 timeout== 0
07-28 21:04:02.455  1810  1810 W android.hardware.wifi-service: AIBinder_linkToDeath is being called with a non-null cookie and no onUnlink callback set. This might not be intended. AIBinder_DeathRecipient_setOnUnlinked should be called first.
07-28 21:04:02.455  3381  5306 D SensorService: SensorDevice::batch: ident=0xb40000726a023b40, handle=0x0000055c, flags=0, period_ns=200000000 timeout=0
07-28 21:04:02.455  3381  5306 D SensorService: Calling activate on 1372
07-28 21:04:02.455  3381  5306 D SensorService: SensorDevice::activate: ident=0xb40000726a023b40, handle=0x0000055c, enabled=1, count=4
07-28 21:04:02.455  3381  5306 D SensorService: enable index=2
07-28 21:04:02.455  3381  5306 D SensorService: info.numActiveClients() = 4, info.isActive = 1
07-28 21:04:02.455  3381  5306 D SensorService: activateHardware = 0
07-28 21:04:02.455  3381  5306 D SensorService: 0xb40000726a023b40 addFd fd=1013
07-28 21:04:02.455  1810  1810 I android.hardware.wifi-service: twtRegisterEvents is not supported-3
07-28 21:04:02.455  5001  5001 D NhsSceneReceiver: sensor name is oplus_activity_recognition  Wakeup, registerState:true
07-28 21:04:02.455  5001  5001 D NhsSceneReceiver: onAccuracyChanged
07-28 21:04:02.455  5001  5001 E NhsAppRILMsger: EVENT_REQ_EVENT_DONE Error received :com.android.internal.telephony.CommandException: RADIO_NOT_AVAILABLE
07-28 21:04:02.455  5001  5666 D NhsSceneReceiver: onSensorChanged: name = oplus_activity_recognition  Wakeup
07-28 21:04:02.455  5001  5666 D NhsSceneReceiver: enter still_state
07-28 21:04:02.455  1810  1810 W android.hardware.wifi-service: AIBinder_linkToDeath is being called with a non-null cookie and no onUnlink callback set. This might not be intended. AIBinder_DeathRecipient_setOnUnlinked should be called first.
07-28 21:04:02.456  1810  1810 D WifiHAL : wifi_get_chip_capabilities: max mlo assoc link cnt: 2 str link cnt 2
07-28 21:04:02.456  3381  4477 D WifiNl80211Manager: Setting up interface for client mode: wlan0
07-28 21:04:02.457  2731  2731 I wificond: Current driver country code US
07-28 21:04:02.457  3381  5242 D WifiNl80211Manager: OnRegDomainChanged US
07-28 21:04:02.457  2731  2731 I wificond: createClientInterface: wiphy_index 0 iface_name wlan0
07-28 21:04:02.457  3381  5242 D WifiNative: onCountryCodeChanged: US
07-28 21:04:02.457  3381  5242 I WifiCountryCode: Receive onDriverCountryCodeChanged US
07-28 21:04:02.457  3381  5242 D WifiScanRequestProxy: Sending scan available broadcast: true
07-28 21:04:02.458  3381  5242 I WifiScanRequestProxy: Scanning is enabled
07-28 21:04:02.458  3381  5242 I WifiScanRequestProxy: Scanning for hidden networks is disabled
07-28 21:04:02.458  2731  2731 I wificond: create scanner for interface with index: 27
07-28 21:04:02.458  2731  2731 I wificond: subscribe scan result for interface with index: 27
07-28 21:04:02.458  3381  4481 I WifiScanningService: Received a request to enable scanning, UID = 1000
07-28 21:04:02.458  2731  2731 I wificond: add channel type 0 support at wiphy index: 0
07-28 21:04:02.458  2731  2731 I wificond: add channel type 1 support at wiphy index: 0
07-28 21:04:02.458  3381  3381 D OplusWifiBroadCastDispatcher: mBroadcastReceiver: onReceiver  action=android.net.wifi.action.WIFI_SCAN_AVAILABILITY_CHANGED
07-28 21:04:02.459  3381  4588 D OplusWifiPower_ConnLpmEventObsever: onReceive EXTRA_SCAN_AVAILABLE availabe = true
07-28 21:04:02.459  3381  4588 D OplusWifiPowerService: onReceive action:android.net.wifi.action.WIFI_SCAN_AVAILABILITY_CHANGED
07-28 21:04:02.459  3381  4588 D OplusWifiSwitchStateMonitor: scan settings change to true
07-28 21:04:02.459  6895  6895 I OsAgent : onReceive: android.net.wifi.action.WIFI_SCAN_AVAILABILITY_CHANGED
07-28 21:04:02.459  6895  8313 I OsAgent : updateWiFiScanAvailState, scanAvailable: true
07-28 21:04:02.459  6895  8313 D OsAgentAidlClient: [bool_dataitem_update][1570] [HC] =>> [HS]
07-28 21:04:02.460  3381  4477 I WifiNative: Interface state changed on Iface:{Name=wlan0,Id=1,Type=STA_SCAN}, isUp=true
07-28 21:04:02.460  1810  1810 I WifiHAL : mpdu_size_threshold : 128, aggressive_statistics_gathering : 0
07-28 21:04:02.460  3381  4477 I WifiNative: Successfully setup Iface:{Name=wlan0,Id=1,Type=STA_SCAN}
07-28 21:04:02.460  1787  1860 I LocSvc_SystemStatusOsObserver: sendCachedDataItems:471] DataItem: IS_WIFI_HARDWARE_ON: true >> Wiper
07-28 21:04:02.460  3381  4477 E SupplicantStaIfaceHalAidlImpl: Can't call getKeyMgmtCapabilities, ISupplicantStaIface is null for iface=wlan0
07-28 21:04:02.460  1787  1887 I LocSvc_api_v02: ---> locClientSendReq line 2409 QMI_LOC_NOTIFY_WIFI_ENABLED_STATUS_REQ_V02
07-28 21:04:02.462  1810  4609 I WifiHAL : wifi_get_supported_radio_combinations_matrix: enter
07-28 21:04:02.462  1810  4609 I WifiHAL : wifi_parse_radio_combinations_matrix: radio_combinations[1]: num_radio_configurations 1
07-28 21:04:02.462  1810  4609 I WifiHAL : wifi_parse_radio_combinations_matrix: radio_combinations[2]: num_radio_configurations 1
07-28 21:04:02.462  1810  4609 I WifiHAL : wifi_parse_radio_combinations_matrix: radio_combinations[3]: num_radio_configurations 1
07-28 21:04:02.462  1810  4609 I WifiHAL : wifi_parse_radio_combinations_matrix: radio_combinations[4]: num_radio_configurations 2
07-28 21:04:02.462  1810  4609 I WifiHAL : wifi_parse_radio_combinations_matrix: radio_combinations[5]: num_radio_configurations 2
07-28 21:04:02.462  1810  4609 I WifiHAL : wifi_parse_radio_combinations_matrix: radio_combinations[6]: num_radio_configurations 2
07-28 21:04:02.462  1810  4609 I WifiHAL : wifi_parse_radio_combinations_matrix: num_radio_combinations 6, radio_matrix_size 100
07-28 21:04:02.462  3381  4477 E SupplicantStaIfaceHalAidlImpl: Can't call getWpaDriverCapabilities, ISupplicantStaIface is null for iface=wlan0
07-28 21:04:02.462  3381  4477 E WifiStaIfaceAidlImpl: getTwtCapabilities failed with service-specific exception: android.os.ServiceSpecificException:  (code 4)
07-28 21:04:02.463  3381  4477 E WifiChipAidlImpl: enableStaChannelForPeerNetwork failed with service-specific exception: android.os.ServiceSpecificException:  (code 4)
07-28 21:04:02.463  3381  4477 D WifiNative: setWifiNativeInterfaceEventCallback
07-28 21:04:02.463  3381  4477 D WifiClientModeManager[59199:wlan0]: entering StartedState
07-28 21:04:02.463  1810  1810 E WifiHAL : wifi_get_gscan_capabilities: GSCAN is not supported by driver
07-28 21:04:02.463  3381  4481 E WifiStaIfaceAidlImpl: getBackgroundScanCapabilities failed with service-specific exception: android.os.ServiceSpecificException:  (code 4)
07-28 21:04:02.463  3381  4477 D WifiClientModeManager[59199:wlan0]: entering ScanOnlyModeState
07-28 21:04:02.463  3381  4477 D WifiScanRequestProxy: Sending scan available broadcast: true
07-28 21:04:02.464  3381  4477 I WifiScanRequestProxy: Scanning is enabled
07-28 21:04:02.464  3381  4477 I WifiScanRequestProxy: Scanning for hidden networks is disabled
07-28 21:04:02.464  1810  1810 D WifiHAL : wifi_multi_sta_set_use_case: 0
07-28 21:04:02.464  3381  4477 D WifiCountryCode: evaluateAllCmmStateAndApplyIfAllReady: {ConcreteClientModeManager{id=59199 iface=wlan0 role=ROLE_CLIENT_SCAN_ONLY}=true}
07-28 21:04:02.464  3381  4477 D WifiCountryCode: Reading country code from telephony
07-28 21:04:02.464  3381  4481 I WifiScanningService: Created a new impl for wlan0
07-28 21:04:02.464  3381  4481 I WifiScanningService: Received a request to enable scanning, UID = 1000
07-28 21:04:02.465  3381  3381 D OplusWifiBroadCastDispatcher: mBroadcastReceiver: onReceiver  action=android.net.wifi.action.WIFI_SCAN_AVAILABILITY_CHANGED
07-28 21:04:02.465  3381  4477 D WifiCountryCode: Set telephony country code to: 
07-28 21:04:02.465  3381  4481 I WifiScanningService: scanner impls already exists
07-28 21:04:02.465  3381  4477 D WifiCountryCode: updateCountryCode to US
07-28 21:04:02.465  3381  4477 D WifiCountryCode: setCountryCodeNative: US, isClientModeOnly: true mDriverCountryCode: US
07-28 21:04:02.465  3381  4481 I WifiScanningService: wifi driver loaded with scan capabilities: max buckets=16
07-28 21:04:02.465  3381  4481 E WifiScanningService: wifi driver loaded received while already loaded
07-28 21:04:02.465  3381  4588 D OplusWifiPower_ConnLpmEventObsever: onReceive EXTRA_SCAN_AVAILABLE availabe = true
07-28 21:04:02.465  3381  4588 D OplusWifiPowerService: onReceive action:android.net.wifi.action.WIFI_SCAN_AVAILABILITY_CHANGED
07-28 21:04:02.465  6895  6895 I OsAgent : onReceive: android.net.wifi.action.WIFI_SCAN_AVAILABILITY_CHANGED
07-28 21:04:02.465  3381  4588 D OplusWifiSwitchStateMonitor: scan settings change to true
07-28 21:04:02.465  6895  8313 I OsAgent : updateWiFiScanAvailState, scanAvailable: true
07-28 21:04:02.465  3381  5242 W BestClock: java.time.DateTimeException: Missing network time fix
07-28 21:04:02.466  1678  1727 E TetherController: property_get sys.radio.data.modem_share_flag return 0, 1!
07-28 21:04:02.467  3381  5242 W BestClock: java.time.DateTimeException: Missing network time fix
07-28 21:04:02.468  3381  5242 W BestClock: java.time.DateTimeException: Missing network time fix
07-28 21:04:02.468  1787  3923 I LocSvc_ApiV02: <--- globalRespCb line 282 QMI_LOC_NOTIFY_WIFI_ENABLED_STATUS_REQ_V02
07-28 21:04:02.468  4984  5919 W BestClock: java.time.DateTimeException: Missing network time fix
07-28 21:04:02.469  4984  5919 V MonthTrafficAlert: getWarningNotification subId:1 numWarningNotificaion:0
07-28 21:04:02.471  3381  5306 W BestClock: java.time.DateTimeException: Missing network time fix
07-28 21:04:02.472  4837  5675 V OplusCustomizeCacheManager: queryCache name: sys.cache.common_customize_cache18014 param: null
07-28 21:04:02.472  4837  5675 V OplusCustomizeCacheManager: queryCache name: sys.cache.common_customize_cache18017 param: Bundle[{SETTING=BLOCK, BUSINESS=NCT-DATA}]
07-28 21:04:02.472  4837  5675 V OplusCustomizeCacheManager: queryCache name: sys.cache.common_customize_cache18013 param: null
07-28 21:04:02.475  3381  5306 W BestClock: java.time.DateTimeException: Missing network time fix
07-28 21:04:02.476  1803  6321 I sensors-hal: qsh_conn_event_cb:756, event[0] msg_id=1025, ts=1219325981, sensor_type = oplus_activity_recognition  Wakeup
07-28 21:04:02.476  1803  6321 E sensors-hal: handle_sns_std_sensor_event:72, oplus_activity_recognition output: count: 1.000000, index: 1.000000, incar_state: 0.000000, actvity_mode: 3.000000, delta_time: 0.000000 !
07-28 21:04:02.476  3381  5242 W BestClock: java.time.DateTimeException: Missing network time fix
07-28 21:04:02.476  4837  5675 V OplusCustomizeCacheManager: queryCache name: sys.cache.common_customize_cache18014 param: null
07-28 21:04:02.476  5001  5666 D NhsSceneReceiver: onSensorChanged: name = oplus_activity_recognition  Wakeup
07-28 21:04:02.476  4837  5675 V OplusCustomizeCacheManager: queryCache name: sys.cache.common_customize_cache18017 param: Bundle[{SETTING=BLOCK, BUSINESS=NCT-DATA}]
07-28 21:04:02.476  4837  5675 V OplusCustomizeCacheManager: queryCache name: sys.cache.common_customize_cache18013 param: null
07-28 21:04:02.477  4984  5437 D SceneEvent: onSensorChanged: name = oplus_activity_recognition  Wakeup
07-28 21:04:02.479  3381  5306 W BestClock: java.time.DateTimeException: Missing network time fix
07-28 21:04:02.480  2731  2731 I wificond: Regulatory domain changed to country: US on wiphy_index: 0
07-28 21:04:02.480  2731  2731 I wificond: UpdateBandInfo
07-28 21:04:02.481  5116  6180 D IWlanJni: getDataRegistrationState start
07-28 21:04:02.481  3381  5288 W BestClock: java.time.DateTimeException: Missing network time fix
07-28 21:04:02.481  5116  6180 D IWlanJni: getDataRegistrationState start
07-28 21:04:02.481  2731  2731 I wificond: 2.4Ghz frequencies: 2412 2417 2422 2427 2432 2437 2442 2447 2452 2457 2462
07-28 21:04:02.481  2731  2731 I wificond: 5Ghz non-DFS frequencies: 5180 5200 5220 5240 5745 5765 5785 5805 5825
07-28 21:04:02.481  2731  2731 I wificond: 5Ghz DFS frequencies: 5260 5280 5300 5320 5500 5520 5540 5560 5580 5600 5620 5640 5660 5680 5700
07-28 21:04:02.481  2731  2731 I wificond: 6Ghz frequencies:
07-28 21:04:02.481  2731  2731 I wificond: 60Ghz frequencies:
07-28 21:04:02.482  4837  5675 V OplusCustomizeCacheManager: queryCache name: sys.cache.common_customize_cache18014 param: null
07-28 21:04:02.482  4837  5675 V OplusCustomizeCacheManager: queryCache name: sys.cache.common_customize_cache18017 param: Bundle[{SETTING=BLOCK, BUSINESS=NCT-DATA}]
07-28 21:04:02.482  4837  5675 V OplusCustomizeCacheManager: queryCache name: sys.cache.common_customize_cache18013 param: null
07-28 21:04:02.482  3381  5306 D WifiNl80211Manager: OnRegDomainChanged US
07-28 21:04:02.482  3381  5306 D WifiNative: onCountryCodeChanged: US
07-28 21:04:02.482  3381  5306 I WifiCountryCode: Receive onDriverCountryCodeChanged US
07-28 21:04:02.482  3381  5306 D WifiScanRequestProxy: Sending scan available broadcast: true
07-28 21:04:02.483  3381  4481 I WifiScanningService: Received a request to enable scanning, UID = 1000
07-28 21:04:02.483  3381  4481 I WifiScanningService: scanner impls already exists
07-28 21:04:02.483  3381  4481 E WifiScanningService: wifi driver loaded received while already loaded
07-28 21:04:02.483  6376  6376 I wpa_supplicant: p2p0: CTRL-EVENT-REGDOM-CHANGE init=DRIVER type=COUNTRY alpha2=US
07-28 21:04:02.483  3381  5306 I WifiScanRequestProxy: Scanning is enabled
07-28 21:04:02.483  3381  5306 I WifiScanRequestProxy: Scanning for hidden networks is disabled
07-28 21:04:02.483  5116  6189 D IWlanJni: new aidl event arrived
07-28 21:04:02.483  5116  6189 D IWlanJni: handleEvent 10
07-28 21:04:02.483  5116  6189 D IWlanJni: isThreadAttached start
07-28 21:04:02.483  5116  6189 D IWlanJni: jni detached
07-28 21:04:02.483  5116  6189 D IWlanJni: jni attached
07-28 21:04:02.483  5116  6189 D IWlanJni: getDataRegistrationStateResponse start
07-28 21:04:02.483  5116  6189 D IWlanJni: getJavaCallbackClass start
07-28 21:04:02.483  5116  6189 D IWlanJni: getJavaCallbackClass End midIs[1]
07-28 21:04:02.484  5116  6189 I IWlanAidlClient: getDataRegistrationStateResponse called
07-28 21:04:02.484  5116  6192 D IWlanJni: new aidl event arrived
07-28 21:04:02.484  5116  6192 D IWlanJni: handleEvent 10
07-28 21:04:02.484  5116  6192 D IWlanJni: isThreadAttached start
07-28 21:04:02.484  5116  6192 D IWlanJni: jni detached
07-28 21:04:02.484  5116  6192 D IWlanJni: jni attached
07-28 21:04:02.484  5116  6192 D IWlanJni: getDataRegistrationStateResponse start
07-28 21:04:02.484  5116  6192 D IWlanJni: getJavaCallbackClass start
07-28 21:04:02.484  5116  6192 D IWlanJni: getJavaCallbackClass End midIs[1]
07-28 21:04:02.484  5116  6192 I IWlanAidlClient: getDataRegistrationStateResponse called
07-28 21:04:02.484  3381  3381 D OplusWifiBroadCastDispatcher: mBroadcastReceiver: onReceiver  action=android.net.wifi.action.WIFI_SCAN_AVAILABILITY_CHANGED
07-28 21:04:02.484  5116  6188 W IWlanNetworkService: 7 > Response Processed
07-28 21:04:02.484  6895  6895 I OsAgent : onReceive: android.net.wifi.action.WIFI_SCAN_AVAILABILITY_CHANGED
07-28 21:04:02.484  3381  4588 D OplusWifiPower_ConnLpmEventObsever: onReceive EXTRA_SCAN_AVAILABLE availabe = true
07-28 21:04:02.484  3381  4588 D OplusWifiPowerService: onReceive action:android.net.wifi.action.WIFI_SCAN_AVAILABILITY_CHANGED
07-28 21:04:02.484  3381  4588 D OplusWifiSwitchStateMonitor: scan settings change to true
07-28 21:04:02.484  5116  6180 D IWlanJni: getDataRegistrationState start
07-28 21:04:02.484  6895  8313 I OsAgent : updateWiFiScanAvailState, scanAvailable: true
07-28 21:04:02.484  5116  6191 W IWlanNetworkService: 6 > Response Processed
07-28 21:04:02.484  5116  6189 D IWlanJni: new aidl event arrived
07-28 21:04:02.485  5116  6189 D IWlanJni: handleEvent 10
07-28 21:04:02.485  5116  6189 D IWlanJni: isThreadAttached start
07-28 21:04:02.485  5116  6189 D IWlanJni: jni detached
07-28 21:04:02.485  5116  6189 D IWlanJni: jni attached
07-28 21:04:02.485  5116  6189 D IWlanJni: getDataRegistrationStateResponse start
07-28 21:04:02.485  5116  6189 D IWlanJni: getJavaCallbackClass start
07-28 21:04:02.485  5116  6189 D IWlanJni: getJavaCallbackClass End midIs[1]
07-28 21:04:02.485  5116  6189 I IWlanAidlClient: getDataRegistrationStateResponse called
07-28 21:04:02.485  5116  6188 W IWlanNetworkService: 8 > Response Processed
07-28 21:04:02.485  4907  4907 D OplusTelephonyController: onSignalStrengthChanged: SignalStrength=SignalStrength:{mCdma=CellSignalStrengthCdma: cdmaDbm=2147483647 cdmaEcio=2147483647 evdoDbm=2147483647 evdoEcio=2147483647 evdoSnr=2147483647 level=0,mGsm=CellSignalStrengthGsm: rssi=2147483647 ber=2147483647 mTa=2147483647 mLevel=0,mWcdma=CellSignalStrengthWcdma: ss=2147483647 ber=2147483647 rscp=2147483647 ecno=2147483647 level=0,mTdscdma=CellSignalStrengthTdscdma: rssi=2147483647 ber=2147483647 rscp=2147483647 level=0,mLte=CellSignalStrengthLte: rssi=2147483647 rsrp=2147483647 rsrq=2147483647 rssnr=2147483647 cqiTableIndex=2147483647 cqi=2147483647 ta=2147483647 level=0 parametersUseForLevel=0,mNr=CellSignalStrengthNr:{ csiRsrp = 2147483647 csiRsrq = 2147483647 csiCqiTableIndex = 2147483647 csiCqiReport = [] ssRsrp = 2147483647 ssRsrq = 2147483647 ssSinr = 2147483647 level = 0 parametersUseForLevel = 0 timingAdvance = 2147483647 },primary=CellSignalStrengthLte}
07-28 21:04:02.485  1787  3698 E LOCRIL_SESSION: operator():200] SubId: 1 Failed to get sim IO with error: 11
07-28 21:04:02.486  5116  6180 D IWlanJni: getDataRegistrationState start
07-28 21:04:02.486  1787  3698 E LOCRIL_SESSION: operator():241] SubId: 1 Failed to get sim IMSI with error: 11
07-28 21:04:02.487  5116  6192 D IWlanJni: new aidl event arrived
07-28 21:04:02.487  5116  6192 D IWlanJni: handleEvent 10
07-28 21:04:02.487  5116  6192 D IWlanJni: isThreadAttached start
07-28 21:04:02.487  5116  6192 D IWlanJni: jni detached
07-28 21:04:02.487  5116  6192 D IWlanJni: jni attached
07-28 21:04:02.487  5116  6192 D IWlanJni: getDataRegistrationStateResponse start
07-28 21:04:02.487  5116  6192 D IWlanJni: getJavaCallbackClass start
07-28 21:04:02.487  5116  6192 D IWlanJni: getJavaCallbackClass End midIs[1]
07-28 21:04:02.487  5116  6192 I IWlanAidlClient: getDataRegistrationStateResponse called
07-28 21:04:02.487  1787  3698 E LOCRIL_SESSION: operator():200] SubId: 1 Failed to get sim IO with error: 11
07-28 21:04:02.487  5116  6191 W IWlanNetworkService: 9 > Response Processed
07-28 21:04:02.487  1787  3698 E LOCRIL_SESSION: operator():241] SubId: 1 Failed to get sim IMSI with error: 11
07-28 21:04:02.488  3381  5288 I OplusBinderProxy: pb uid: 10215 pid: 11140 desc: com.android.internal.telephony.IPhoneStateListener/10
07-28 21:04:02.488  5149  5149 D SubsysEventListenerManager-SubsysTelephonyCallback[0]: onSignalStrengthsChanged
07-28 21:04:02.488  4984  6289 D SaDataService: onTelephonyEventReport , subId= 0,slotId=-1 eventId=6030
07-28 21:04:02.488  4984  6289 D TelephonyImpl: notify eventId:6030 for list size:2
07-28 21:04:02.488  5149  6182 D VendorTelephonyService: onTelephonyEventReport slotId =0 eventId=6030
07-28 21:04:02.488  5149  6182 D VendorTelephonyService: onTelephonyEventReport slotId =0 eventId=6030
07-28 21:04:02.488  5149  5149 D VendorCallService: notityEventUpdate, eventId:6030, slotId = 0
07-28 21:04:02.489  5149  6182 D VendorTelephonyService: onTelephonyEventReport slotId =0 eventId=6030
07-28 21:04:02.489  5149  6182 D VendorTelephonyService: onTelephonyEventReport slotId =0 eventId=6030
07-28 21:04:02.489  5149  5149 D VendorCallService: notityEventUpdate, eventId:6030, slotId = 0
07-28 21:04:02.489  4984  6289 D SaDataService: onTelephonyEventReport , subId= 0,slotId=-1 eventId=6030
07-28 21:04:02.489  4984  6289 D TelephonyImpl: notify eventId:6030 for list size:2
07-28 21:04:02.491  1787  3696 W LOCRIL_SESSION: operator():307] cellInfo list size is 0, Voice state: 3, data state: 3
07-28 21:04:02.491  3381  5292 W BestClock: java.time.DateTimeException: Missing network time fix
07-28 21:04:02.491  4966  8950 D QtiOemHookAidl: oemHookRawIndication length=24
07-28 21:04:02.491  4966  4966 D QcrilMsgTunnelIfaceManager: handleMessage what = 0
07-28 21:04:02.493  4907  4907 D QC_RIL_OEM_HOOK: Received Broadcast Intent ACTION_UNSOL_RESPONSE_OEM_HOOK_RAW
07-28 21:04:02.493  4966  8950 D QtiOemHookAidl: oemHookRawIndication length=24
07-28 21:04:02.493  4907  4907 D QC_RIL_OEM_HOOK: Received Broadcast Intent ACTION_UNSOL_RESPONSE_OEM_HOOK_RAW
07-28 21:04:02.493  4907  4907 D QC_RIL_OEM_HOOK: Received Broadcast Intent ACTION_UNSOL_RESPONSE_OEM_HOOK_RAW
07-28 21:04:02.493  4966  4966 D QcrilMsgTunnelIfaceManager: handleMessage what = 0
07-28 21:04:02.493  3381  5242 W BestClock: java.time.DateTimeException: Missing network time fix
07-28 21:04:02.493  4966  4966 D QC_RIL_OEM_HOOK: Received Broadcast Intent ACTION_UNSOL_RESPONSE_OEM_HOOK_RAW
07-28 21:04:02.493  4966  4966 D QC_RIL_OEM_HOOK: Received Broadcast Intent ACTION_UNSOL_RESPONSE_OEM_HOOK_RAW
07-28 21:04:02.494  5060  5929 I QImsService: ImsRadioIndicationAidl : onRadioStateChanged()[SUB0]
07-28 21:04:02.494  5060  5929 I QImsService: ImsSenderRxr : [UNSL]< UNSOL_RADIO_STATE_CHANGED RADIO_ON[SUB0]
07-28 21:04:02.494  5060  5098 I QImsService: ImsRadioIndicationAidl : onRadioStateChanged()[SUB1]
07-28 21:04:02.494  4907  4907 D QC_RIL_OEM_HOOK: Received Broadcast Intent ACTION_UNSOL_RESPONSE_OEM_HOOK_RAW
07-28 21:04:02.494  4907  4907 D QC_RIL_OEM_HOOK: Received Broadcast Intent ACTION_UNSOL_RESPONSE_OEM_HOOK_RAW
07-28 21:04:02.494  4907  4907 D QC_RIL_OEM_HOOK: Received Broadcast Intent ACTION_UNSOL_RESPONSE_OEM_HOOK_RAW
07-28 21:04:02.494  5060  5098 I QImsService: ImsSenderRxr : [UNSL]< UNSOL_RADIO_STATE_CHANGED RADIO_ON[SUB1]
07-28 21:04:02.495  4837  5675 V OplusCustomizeCacheManager: queryCache name: sys.cache.common_customize_cache18014 param: null
07-28 21:04:02.495  4837  5675 V OplusCustomizeCacheManager: queryCache name: sys.cache.common_customize_cache18017 param: Bundle[{SETTING=BLOCK, BUSINESS=NCT-DATA}]
07-28 21:04:02.495  4837  5675 V OplusCustomizeCacheManager: queryCache name: sys.cache.common_customize_cache18013 param: null
07-28 21:04:02.495  5149  5149 D SubsysEventListenerManager-SubsysTelephonyCallback[0]: onRadioPowerStateChanged state:1
07-28 21:04:02.496  1963  2016 E PowerMonitorService: Failed to open /proc/horae_qmi (2): No such file or directory
07-28 21:04:02.496  4966  4966 D DeviceInfoAidlClient: onRadioPowerStateChanged
07-28 21:04:02.496  4966  4966 D DeviceInfoAidlClient: mRadioStateHdlr handleMessage()1
07-28 21:04:02.496  4966  4966 D DeviceInfoAidlClient: isRadioOn()=true
07-28 21:04:02.496  4966  4966 I DeviceInfoAidlClient: sendFeaturesSupported: power info support-true interactive state support-true
07-28 21:04:02.496  1963  2016 E PowerMonitorService: Failed to open /proc/horae_qmi (2): No such file or directory
07-28 21:04:02.497  1787  3696 W LOCRIL_SESSION: operator():307] cellInfo list size is 0, Voice state: 3, data state: 3
07-28 21:04:02.498  1787  3698 E LOCRIL_SESSION: operator():200] SubId: 1 Failed to get sim IO with error: 11
07-28 21:04:02.498  1787  3698 E LOCRIL_SESSION: operator():241] SubId: 1 Failed to get sim IMSI with error: 11
07-28 21:04:02.498  4966  4966 D DeviceStatisticsService: onReceive: action= org.codeaurora.intent.action.RADIO_POWER_STATE
07-28 21:04:02.498  4966  4966 I DeviceStatisticsService: Receiving radio_power_state_changed, mIsDeviceInfoInitialized = true
07-28 21:04:02.498  4966  4966 I DeviceStatisticsService: radio power state changed to 1 for slot: 0
07-28 21:04:02.498  4966  4966 D DeviceInfoAidlClient: isRadioOn()=true
07-28 21:04:02.498  4966  4966 I DeviceInfoAidlClient: sendFeaturesSupported: power info support-true interactive state support-true
07-28 21:04:02.499  4966  8950 I DeviceInfoAidlClient: onPowerInfoReportingChanged - reporting enabled true [15, 20, 30, 50, 80]
07-28 21:04:02.499  4966  8950 D DeviceInfoAidlClient: isRadioOn()=true
