07-28 21:31:52.855  4891  4891 D ServiceStateProvider: subId=1
07-28 21:31:52.857  5188  5994 D cellularState[0]: handleMessage: E msg.what=4
07-28 21:31:52.857  5057  5057 I QImsService: OplusPhoneStateTracker : onServiceStateChanged
07-28 21:31:52.857  5057  5057 I QImsService: OplusPhoneStateTracker : onServiceStateChanged
07-28 21:31:52.857  4978  5773 D NAS-CallIssueDetector: onServiceStateChanged
07-28 21:31:52.858  5188  5188 D SubsysEventListenerManager-SubsysTelephonyCallback[0]: onServiceStateChanged
07-28 21:31:52.858  5188  5188 D ChinaRoamingControl: registTelephonyEvent onServiceStateChanged eventId:5, VoiceRegState:1, DataRegState:1
07-28 21:31:52.858  4978  5773 D OplusCiwlanController: [vodata] processServiceStateChanged  phoneid = 0, original roaming type = 0,roaming type = 0
07-28 21:31:52.858  4978  5911 D OplusSubWaySlowRecovery: getPreferSubId return 1
07-28 21:31:52.858  4978  5911 D SaDataFailRecovery/0: current is not in service,reset alarm
07-28 21:31:52.858  5188  5188 D QuickChangeAirplaneModeEvent: onServiceStateChanged slotId:0
07-28 21:31:52.858  4978  5911 D OplusScanQrCodeRecoveryImpl: msg.what=3
07-28 21:31:52.858  5188  5188 D QuickChangeAirplaneModeEvent: isBothCardInService is false
07-28 21:31:52.858  5188  5188 D MsimSubModeManager: registTelephonyEvent onServiceStateChanged eventId:3, VoiceRegState:1, DataRegState:1
07-28 21:31:52.858  5188  5188 E ExtremeCommUtils: getSwitchRusSupportMcc invalid index 1
07-28 21:31:52.858  5188  5188 D ExtremeCommUtils: isSupporCheck rusContain:false,propContain(persist.sys.oplus.support_hyper_uplink_mcc):false
07-28 21:31:52.858  5188  5188 D ExtremeCommService: handleServiceStateChanged mcc is null
07-28 21:31:52.858  5188  5188 D ChinaRoamingControl: handleMessage what:5
07-28 21:31:52.858  5188  5188 D MsimSubModeManager: handleMessage what:3
07-28 21:31:52.858  5188  5188 D MsimSubModeManager: getMsimSimServiceIn() i:0,mServiceState:1
07-28 21:31:52.858  3415  5325 W ContextImpl: Calling a method in the system process without a qualified user: android.app.ContextImpl.sendBroadcastMultiplePermissions:1311 android.content.Context.sendBroadcastMultiplePermissions:2524 com.android.server.TelephonyRegistry.broadcastServiceStateChanged:3740 com.android.server.TelephonyRegistry.notifyServiceStateForPhoneId:1787 com.android.internal.telephony.ITelephonyRegistry$Stub.onTransact:546 
07-28 21:31:52.858  5188  5188 D MsimSubModeManager: getMsimSimServiceIn() i:1,mServiceState:1
07-28 21:31:52.858  5188  5994 D cellularState[0]: processMsg: DataCallingState
07-28 21:31:52.858  5188  5994 D cellularState[0]: processMsg: NetworkAttachedState
07-28 21:31:52.858  5188  5994 D cellularState[0]: processMsg: SimReadyState
07-28 21:31:52.858  5188  5994 D cellularState[0]: processMsg: DefaultState
07-28 21:31:52.858  5188  5994 E cellularState[0]:  - unhandledMessage: msg.what=4
07-28 21:31:52.858  5188  5994 D cellularState[0]: handleMessage: X
07-28 21:31:52.858  4978  5773 D OplusCiwlanController: [vodata] processServiceStateChanged  phoneid = 1, original roaming type = 0,roaming type = 0
07-28 21:31:52.858  6499  6575 I midasd  : OplusObrainService::notifyEventInt eventId:38 iParam:20
07-28 21:31:52.858  4978  5770 D OplusLinkBoostCommon: dds servicestate change
07-28 21:31:52.859  5188  5188 D SubsysEventListenerManager-SubsysTelephonyCallback[0]: onCellLocationChanged
07-28 21:31:52.859  3415  5325 W ContextImpl: Calling a method in the system process without a qualified user: android.app.ContextImpl.sendBroadcastMultiplePermissions:1344 com.android.server.TelephonyRegistry.broadcastServiceStateChanged:3745 com.android.server.TelephonyRegistry.notifyServiceStateForPhoneId:1787 com.android.internal.telephony.ITelephonyRegistry$Stub.onTransact:546 android.os.Binder.execTransactInternal:1523 
07-28 21:31:52.859  8134 10018 I OplusObrain: OplusObrainClientInvoke.nativeGetTelephonyInfo
07-28 21:31:52.859  3415  5325 W ContextImpl: Calling a method in the system process without a qualified user: android.app.ContextImpl.sendBroadcastMultiplePermissions:1344 com.android.server.TelephonyRegistry.broadcastServiceStateChanged:3754 com.android.server.TelephonyRegistry.notifyServiceStateForPhoneId:1787 com.android.internal.telephony.ITelephonyRegistry$Stub.onTransact:546 android.os.Binder.execTransactInternal:1523 
07-28 21:31:52.860  8134 10018 I OplusObrain: OplusObrainClientInvoke.nativeGetTrafficTypeInfoForNetworkType networkType 0
07-28 21:31:52.860  3415  5333 D KernelStatsHelper: getKernelStats start!
07-28 21:31:52.860  3415  5325 W ContextImpl: Calling a method in the system process without a qualified user: android.app.ContextImpl.sendBroadcastMultiplePermissions:1344 com.android.server.TelephonyRegistry.broadcastServiceStateChanged:3760 com.android.server.TelephonyRegistry.notifyServiceStateForPhoneId:1787 com.android.internal.telephony.ITelephonyRegistry$Stub.onTransact:546 android.os.Binder.execTransactInternal:1523 
07-28 21:31:52.861  4891  4891 D MultiSimSettingController: notifySubscriptionInfoChanged
07-28 21:31:52.861  3415  4525 D OplusNetlinkSocket: handleNetlinkRecvKernelMessage:nlmsghdr:StructNlMsgHdr{ nlmsg_len{40}, nlmsg_type{45()}, nlmsg_flags{0()}, nlmsg_seq{0}, nlmsg_pid{223809965} }
07-28 21:31:52.861  3415  4525 D KernelStatsHelper: get magic :[-1, -1, -1, 77, 65, 71, 73, 67]
07-28 21:31:52.861  3415  4525 D KernelStatsHelper: magic matched count:0 data_len:0
07-28 21:31:52.861  3415  4525 D KernelStatsHelper: data over! check: true
07-28 21:31:52.861  5188  5188 D SubsysEventListenerManager-SubsysTelephonyCallback[0]: onDisplayInfoChanged
07-28 21:31:52.861  5188  5188 D SceneService: onDisplayInfoChanged slotId:0,telephonyDisplayInfo:TelephonyDisplayInfo {network=NR, overrideNetwork=NONE, isRoaming=false}
07-28 21:31:52.862  5887  5887 D CellBroadcastReceiver: onReceive Intent { act=android.intent.action.SERVICE_STATE flg=0x1000010 cmp=com.android.cellbroadcastreceiver.module/com.android.cellbroadcastreceiver.CellBroadcastReceiver (has extras) }
07-28 21:31:52.862  4829  5193 I SystemUi--Statusbar: MobileConnectionRepositoryImpl-->subId:1 isSoftSimCard:false slotId:0
07-28 21:31:52.862  4829  4829 I SystemUi--Statusbar: OplusMobileIconInteractorImpl-->oplusIMSModel slot:0: CapabilityTypeModel(isVolteSwitchOn=true, isWfcEnabledByUser=true, imsRegistered=false, voiceCapable=false, videoCapable=false, registerTech=-1, isCrossSimCallingEnabledByUser=false, hasHideVolteOperator=false), SimStateModel(simInserted=[true, false], simForbidden=[false, true], simStateIMSI=[true, false], simLoaded=[true, false]),oplusNetworkTypeNr:20,isVoNrEnabled:false
07-28 21:31:52.862  5887  5887 D CellBroadcastReceiver: onServiceStateChanged, ss: 1
07-28 21:31:52.862  5887  5887 D CellBroadcastReceiver: networkOperator: 
07-28 21:31:52.862  4829  5193 I SystemUi--Statusbar: MobileInputLog-->onSubscriptionsChanged
07-28 21:31:52.863  4829  5193 I SystemUi--Statusbar: MobileConnectionRepositoryImpl-->subId:1 isSoftSimCard:false slotId:0
07-28 21:31:52.863  4978  5765 D T-Recommend: onPreHandleMessage 1000
07-28 21:31:52.863  4978  5765 E CellularEvent: nri null ps
07-28 21:31:52.863  4978  5765 E CellularEvent: invalid nri
07-28 21:31:52.863  4978  5765 D T-Recommend: onPostHandleMessage 1000
07-28 21:31:52.864  5112  5112 D QCNEJ/WwanInfoRelay: onSubscriptionsChanged currDDSId: 1 new DDS 1
07-28 21:31:52.864  3415  4424 V NetworkPolicy: onSubscriptionsChanged
07-28 21:31:52.864  5112  5112 D QCNEJ/DataCallAgent: onSubscriptionsChanged: new DDS 1
07-28 21:31:52.865  4891  4891 I Telephony: y0: onServiceStateChanged: newState=1, mServiceState=1
07-28 21:31:52.865  3415  3415 I AS.AudioService: onSubscriptionsChanged()
07-28 21:31:52.865  4829  4829 I KeyguardUpdateMonitor: action=android.intent.action.SERVICE_STATE subId=1 slotId=0
07-28 21:31:52.865  4829  5193 I SystemUi--Statusbar: MobileConnectionRepositoryImpl-->subId:1 isSoftSimCard:false slotId:0
07-28 21:31:52.865  4891  6092 E PhoneInterfaceManager: getServiceStateForSlot retuning null for invalid slotIndex=-1
07-28 21:31:52.865  4829  4829 I SystemUi--Statusbar: OplusMobileIconInteractorImpl-->oplusIMSModel slot:0: CapabilityTypeModel(isVolteSwitchOn=true, isWfcEnabledByUser=true, imsRegistered=false, voiceCapable=false, videoCapable=false, registerTech=-1, isCrossSimCallingEnabledByUser=false, hasHideVolteOperator=false), SimStateModel(simInserted=[true, false], simForbidden=[false, true], simStateIMSI=[true, false], simLoaded=[true, false]),oplusNetworkTypeNr:20,isVoNrEnabled:false
07-28 21:31:52.865  5112  8049 D QCNEJ/DataCallAgent: phoneCount: 2
07-28 21:31:52.865  4829  5974 I SystemUi--Statusbar: OplusMobileConnectionRepository1-->stopListenImsStatusChanged
07-28 21:31:52.865  5112  8049 D QCNEJ/DataCallAgent: subs for 0th slot: [1]
07-28 21:31:52.866  4978  5427 D NAS-CellularEvent: handleSubscriptionsChanged: slotId=0
07-28 21:31:52.866  5112  8049 D QCNEJ/DataCallAgent: mSubInfoReady[0] is set to true
07-28 21:31:52.866  5112  8049 D QCNEJ/DataCallAgent: subs for 1th slot: [-1]
07-28 21:31:52.866  4978  5427 D NAS-CellularEvent: onImsRegistrationStateChanged, slotId=0state:false
07-28 21:31:52.866  4891  4891 I Telephony: isRttCurrentlySupported -- regular acct, hasVoiceAvailability: false
07-28 21:31:52.866  4891  4891 I Telephony:  isRttSupported: false
07-28 21:31:52.866  4891  4891 I Telephony:  isUserRttSettingOn: false
07-28 21:31:52.866  4891  4891 I Telephony:  alwaysAllowWhileRoaming: false
07-28 21:31:52.866  4891  4891 I Telephony:  isRoaming: false
07-28 21:31:52.866  4891  4891 I Telephony:  isOnWfc: false
07-28 21:31:52.866  5057  5057 I QImsService: OplusPhoneStateTracker : onSubscriptionsChanged Last subId: 1 Current subId 1
07-28 21:31:52.866  5057  5057 I QImsService: OplusPhoneStateTracker : onSubscriptionsChanged Last subId: -1 Current subId -1
07-28 21:31:52.866  4978  5765 D CellularEvent: handleSubscriptionsChanged: slotId=0
07-28 21:31:52.866 13133 13133 I ttings:tzupdate: isSwordfishLaunchAppEnabled_ 1 isSwordfishInstallAppEnabled_ 1
07-28 21:31:52.866 13133 13133 E ttings:tzupdate: Unknown bits set in runtime_flags: 0x40000000
07-28 21:31:52.866 13133 13133 I ttings:tzupdate: Using CollectorTypeCMC GC.
07-28 21:31:52.866  5057  5057 E QImsService: ImsConfigImpl : onSubscriptionsChanged unable to process due to SubscriptionInfo is null
07-28 21:31:52.867  4829  5974 I SystemUi--Statusbar: OplusMobileConnectionRepository1-->phoneId: 0, conflatedCallbackFlow init
07-28 21:31:52.867  4829  5974 I SystemUi--Statusbar: OplusMobileConnectionRepository1-->startListenImsStatusChanged
07-28 21:31:52.867  7318  8988 E Battery : ControllerCenter: onReceiver: mSubscriptionManager is null || mIsNeedRestoreMobile = false
07-28 21:31:52.867  3415  4424 D NetworkPolicy: Normalization put networkpolicyNetworkTemplate: matchRule=CARRIER, matchSubscriberIds=[001011...], matchWifiNetworkKeys=[], metered=YES
07-28 21:31:52.867  3415  4424 D NetworkPolicy: Normalization put networkpolicyNetworkTemplate: matchRule=CARRIER, matchSubscriberIds=[310260...], matchWifiNetworkKeys=[], metered=YES
07-28 21:31:52.867  4978  5765 D CellularEvent: onImsRegistrationStateChanged, slotId=0state:false
07-28 21:31:52.867  3415  4424 D NetworkPolicy: Normalization put networkpolicyNetworkTemplate: matchRule=CARRIER, matchSubscriberIds=[001010...], matchWifiNetworkKeys=[], metered=YES
07-28 21:31:52.867  3415  4424 D NetworkPolicy: Normalization put networkpolicyNetworkTemplate: matchRule=CARRIER, matchSubscriberIds=[001010...], matchWifiNetworkKeys=[], metered=YES
07-28 21:31:52.867  3415  4424 D NetworkPolicy: Normalization put networkpolicyNetworkTemplate: matchRule=CARRIER, matchSubscriberIds=[001012...], matchWifiNetworkKeys=[], metered=YES
07-28 21:31:52.867  3415  4424 V NetworkPolicy: updateNetworkEnabledNL() return
07-28 21:31:52.867  3415  4424 V NetworkPolicy: updateNotificationsNL not process
07-28 21:31:52.868  3415  4424 W BestClock: java.time.DateTimeException: Missing network time fix
07-28 21:31:52.868 13133 13133 E ttings:tzupdate: Not starting debugger since process cannot load the jdwp agent.
07-28 21:31:52.868  3415  3491 W BestClock: java.time.DateTimeException: Missing network time fix
07-28 21:31:52.869  3415  5842 W BestClock: java.time.DateTimeException: Missing network time fix
07-28 21:31:52.869  6433  7893 D OplusAtlasAudioDetectionManager: MSG_CALL_STATE_CHANGED
07-28 21:31:52.869  6433  7893 D OplusAtlasAudioDetectionManager: callStateChanged state: 0, len: 0
07-28 21:31:52.869  4829  5663 V OplusCustomizeCacheManager: queryCache name: sys.cache.common_customize_cache18014 param: null
07-28 21:31:52.869  4829  5663 V OplusCustomizeCacheManager: queryCache name: sys.cache.common_customize_cache18017 param: Bundle[{SETTING=BLOCK, BUSINESS=NCT-DATA}]
07-28 21:31:52.869  4829  5663 V OplusCustomizeCacheManager: queryCache name: sys.cache.common_customize_cache18013 param: null
07-28 21:31:52.870 13133 13133 D nativeloader: Load libframework-connectivity-tiramisu-jni.so using APEX ns com_android_tethering for caller /apex/com.android.tethering/javalib/framework-connectivity-t.jar: ok
07-28 21:31:52.870  4891  4891 V OplusCustomizeCacheManager: queryCache name: sys.cache.common_customize_cache18016 param: null
07-28 21:31:52.870  4891  4891 V OplusCustomizeCacheManager: queryCache name: sys.cache.common_customize_cache18013 param: null
07-28 21:31:52.870  4891  4891 V OplusCustomizeCacheManager: queryCache name: sys.cache.common_customize_cache18014 param: null
07-28 21:31:52.870  6934  8014 D OsAgentAidlClient: [string_dataitem_update][1584] [HC] =>> [HS]
07-28 21:31:52.870  4891  4891 V OplusCustomizeCacheManager: queryCache name: sys.cache.common_customize_cache18017 param: Bundle[{SETTING=BLOCK, BUSINESS=NCT-DATA}]
07-28 21:31:52.871  3415  5842 W BestClock: java.time.DateTimeException: Missing network time fix
07-28 21:31:52.871  4891  4891 V OplusCustomizeCacheManager: queryCache name: sys.cache.common_customize_cache18016 param: null
07-28 21:31:52.871  4891  4891 V OplusCustomizeCacheManager: queryCache name: sys.cache.common_customize_cache18013 param: null
07-28 21:31:52.871  4891  4891 V OplusCustomizeCacheManager: queryCache name: sys.cache.common_customize_cache18014 param: null
07-28 21:31:52.871  4891  4891 V OplusCustomizeCacheManager: queryCache name: sys.cache.common_customize_cache18017 param: Bundle[{SETTING=BLOCK, BUSINESS=NCT-DATA}]
07-28 21:31:52.871  4978  5770 W BestClock: java.time.DateTimeException: Missing network time fix
07-28 21:31:52.871  4891  4891 D MultiSimSettingController: onSubscriptionsChanged
07-28 21:31:52.871  4891  4891 D MultiSimSettingController: isReadyToReevaluate: subInfoInitialized=true, carrierConfigsLoaded=true, satelliteEnabledOrBeingEnabled=false
07-28 21:31:52.871  4978  5770 V MonthTrafficAlert: getWarningNotification subId:1 numWarningNotificaion:0
07-28 21:31:52.871  4891  4891 D MultiSimSettingController: updateDefaults
07-28 21:31:52.871  4891  4891 D MultiSimSettingController: isReadyToReevaluate: subInfoInitialized=true, carrierConfigsLoaded=true, satelliteEnabledOrBeingEnabled=false
07-28 21:31:52.871  4891  4891 D MultiSimSettingController: updateDefaultValues: change: 0
07-28 21:31:52.871  4891  4891 D MultiSimSettingController: disableDataForNonDefaultNonOpportunisticSubscriptions triggered, return directly
07-28 21:31:52.871  4891  4891 D CallNotifier: updatePhoneStateListeners: update CF notifications.
07-28 21:31:52.871  4891  4891 I Telephony: TelecomAccountRegistry: onSubscriptionsChanged - reregister accounts
07-28 21:31:52.872  4891  4891 D PhoneUtils: PhoneAccountHandle subId=1, slotId=0
07-28 21:31:52.872  4829  4829 I KeyguardUpdateMonitor: refreshSimState, changed:false,subId:1,slotId:0,state:5
07-28 21:31:52.872  3415  3491 W BestClock: java.time.DateTimeException: Missing network time fix
07-28 21:31:52.872  4891  4891 D Telephony: registerPstnPhoneAccount line1Number =  subNumber = 
07-28 21:31:52.872  4891  4891 D Telephony: color is transparent asign default instead -15502541
07-28 21:31:52.872  4829  5663 V OplusCustomizeCacheManager: queryCache name: sys.cache.common_customize_cache18014 param: null
07-28 21:31:52.872  4829  5663 V OplusCustomizeCacheManager: queryCache name: sys.cache.common_customize_cache18017 param: Bundle[{SETTING=BLOCK, BUSINESS=NCT-DATA}]
07-28 21:31:52.872  4829  5663 V OplusCustomizeCacheManager: queryCache name: sys.cache.common_customize_cache18013 param: null
07-28 21:31:52.872  4829  5974 I SystemUi--Statusbar: OplusMobileConnectionRepository1-->onImsStatusChanged model: CapabilityTypeModel(isVolteSwitchOn=true, isWfcEnabledByUser=true, imsRegistered=false, voiceCapable=false, videoCapable=false, registerTech=-1, isCrossSimCallingEnabledByUser=false, hasHideVolteOperator=false)
07-28 21:31:52.872  4891  4891 D Telephony: isEmergencyPreferredAccount: subId=1, activeData=1
07-28 21:31:52.872  4891  4891 D Telephony: isEmergencyPreferredAccount: Device does not require preference.
07-28 21:31:52.872  4829  5079 I SystemUi--QuickSettings: Tile.OplusCellularTile-->updateCarrierText: dialog not showing, ignore
07-28 21:31:52.873  4829  5079 D SimStateHelper: slot:0, lock state:Bundle[mParcelledData.dataSize=56]
07-28 21:31:52.873  4891  4891 I Telephony: isRttCurrentlySupported -- regular acct, hasVoiceAvailability: false
07-28 21:31:52.873  4891  4891 I Telephony:  isRttSupported: false
07-28 21:31:52.873  4891  4891 I Telephony:  isUserRttSettingOn: false
07-28 21:31:52.873  4891  4891 I Telephony:  alwaysAllowWhileRoaming: false
07-28 21:31:52.873  4891  4891 I Telephony:  isRoaming: false
07-28 21:31:52.873  4891  4891 I Telephony:  isOnWfc: false
07-28 21:31:52.873  4829  5079 D SimStateHelper: slot:1, lock state:Bundle[mParcelledData.dataSize=56]
07-28 21:31:52.873  4829  5079 D SimStateHelper: needDisableMenu: slot1State=-1; slot2State=-1
07-28 21:31:52.873  4829  5079 D SimStateHelper: needDisableMenu:false
07-28 21:31:52.873  4829  5079 I SystemUi--QuickSettings: Tile.OplusCellularTile-->updateCarrierText: dialog not showing, ignore
07-28 21:31:52.873  4891  4891 D Telephony: x0: buildPstnPhoneAccount, phoneId: 0, mIsVideoCapable: false, 
07-28 21:31:52.873  4891  4891 D OplusSesImsManagerExt: feature:0, phoneId:0
07-28 21:31:52.873  4891  4891 D OplusSesImsManagerExt: getSubIdUsingPhoneId:1, phoneId:0
07-28 21:31:52.873  4891  4891 D OplusSesImsManagerExt: isEntitlementEnabled:false
07-28 21:31:52.873  4829  5079 D SimStateHelper: slot:0, lock state:Bundle[mParcelledData.dataSize=56]
07-28 21:31:52.873  4891  4891 D OplusSesImsManagerExt: isFeatureProvisionedOnDevice not enabled
07-28 21:31:52.873  4829  5079 D SimStateHelper: slot:1, lock state:Bundle[mParcelledData.dataSize=56]
07-28 21:31:52.873  4829  5079 D SimStateHelper: needDisableMenu: slot1State=-1; slot2State=-1
07-28 21:31:52.873  4829  5079 D SimStateHelper: needDisableMenu:false
07-28 21:31:52.873  4891  4891 D Telephony: registerPstnPhoneAccount mIsVideoCapable = false
07-28 21:31:52.873  4891  4891 W libc    : Access denied finding property "persist.vendor.mtk_uce_support"
07-28 21:31:52.873  4891  4891 I Telephony: isCarrierVideoPresenceSupported, false, false, false, false
07-28 21:31:52.873 13133 13133 W libc    : Access denied finding property "persist.vendor.sys.activitylog"
07-28 21:31:52.873 13133 13133 I OneTrace: Mark active for pid=13133? true
07-28 21:31:52.873 13133 13133 D cutils-dev: otrace_set_tracing_enabled? true tag:0
07-28 21:31:52.873  4891  4891 I Telephony: reRegisterPstnPhoneAccount: subId: 1 - no change
07-28 21:31:52.873 13133 13133 D cutils-dev: properties changed in otrace_seq_number_changed!
07-28 21:31:52.873  4891  4891 D ImsResolver: oldSubId: 1, newSubId: 1
07-28 21:31:52.874  4891  4891 D ImsResolver: oldSubId: -1, newSubId: -1
07-28 21:31:52.874  4891  4891 D InternationalRoamingNotification: init
07-28 21:31:52.874  3415  5842 D ActivityTaskManagerServiceExtImpl: preBindApplication record is null
07-28 21:31:52.874  5188  8971 D VirtualCommService2: isSupport. true, true
07-28 21:31:52.874  3415  5842 D RGBNormalizeServer: OplusRGBNormalize feature enabled ? true
07-28 21:31:52.874  4891  4891 D OplusVirtualCommUtils: isVirtualCommSupport, vRet: true
07-28 21:31:52.874  3415  5842 D ResourcesManagerCache: For package com.oplus.wirelesssettings we got cacheList [null] appInfoExt is null ? false hasFeature ? false
07-28 21:31:52.874  3415  5842 D VRR [OPlusExternalRefreshRateManager]: isPkgTfcEnable: pkgName = com.oplus.wirelesssettings, enable = false
07-28 21:31:52.874  3415  5842 D VRR [OPlusExternalRefreshRateManager]: getTfcMinFramerate: pkgName = com.oplus.wirelesssettings, min framerate = 0
07-28 21:31:52.874  4891  4891 I OplusVirtualCommUtils: getVirtualCommDeviceType, vRet: 1
07-28 21:31:52.874  4891  4891 I OplusVirtualCommUtils: isConsumerDeviceType, deviceType: 1
07-28 21:31:52.875  4891  4891 D InternationalRoamingNotification: do not createRoamingNotification for invalid Network
07-28 21:31:52.875  4891  4891 V OplusCustomizeCacheManager: queryCache name: sys.cache.common_customize_cache18016 param: null
07-28 21:31:52.875  4891  4891 V OplusCustomizeCacheManager: queryCache name: sys.cache.common_customize_cache18013 param: null
07-28 21:31:52.875  4891  4891 V OplusCustomizeCacheManager: queryCache name: sys.cache.common_customize_cache18014 param: null
07-28 21:31:52.875  4891  4891 V OplusCustomizeCacheManager: queryCache name: sys.cache.common_customize_cache18017 param: Bundle[{SETTING=BLOCK, BUSINESS=NCT-DATA}]
07-28 21:31:52.876 13133 13133 D OplusActivityManager: get AMS extension: android.os.BinderProxy@202bd5e
07-28 21:31:52.876  3415  5241 W ContentService: Observer is already registered. Pid is 4891
07-28 21:31:52.877  4891  4891 V SimultaneousCallingTracker: Received EVENT 101
07-28 21:31:52.877  4891  4891 V SimultaneousCallingTracker: generateVoiceCapablePhoneMapBasedOnUserAssociation: adding phoneId = 0
07-28 21:31:52.877  4891  4891 I SimultaneousCallingTracker: updatePhoneMapAndSimultaneousCallSupportMap: mVoiceCapablePhoneMap.size = 1
07-28 21:31:52.877  4891  4891 V SimultaneousCallingTracker: registerForImsRegistrationChanges: registering phoneId = 0
07-28 21:31:52.877  4891  4891 V SimultaneousCallingTracker: generateSimultaneousCallSupportMap: returning simultaneousCallSubSupportMap = Phone ID=0 - Simultaneous calling compatible phone IDs=[]; 
07-28 21:31:52.877  4891  4891 V SimultaneousCallingTracker: handleSimultaneousCallingSupportChanged
07-28 21:31:52.877 13133 13133 D CompactWindowAppManager: initCompactApplicationInfo CompactMode: , NormalMode: 
07-28 21:31:52.878 13133 13133 D OplusScrollToTopManager: setIsInWhiteList false
07-28 21:31:52.878 13133 13133 D OplusViewDebugManager: OplusViewDebugManager Constructor android.view.debug.OplusViewDebugManager@e624e0c [mHasViewDebugProperty true] [mHasMsgDebugProperty false] [DEBUG false] [EXTRAINFOENABLE false] [LIGHT_OS false]
07-28 21:31:52.878 13133 13133 D CompatChangeReporter: Compat change id reported: 242716250; UID 1000; state: ENABLED
07-28 21:31:52.879 13133 13133 W libc    : Access denied finding property "ro.odm.prev.product.name"
07-28 21:31:52.880 13133 13133 W ziparchive: Unable to open '/system_ext/framework/nfcvendorlib.dm': No such file or directory
07-28 21:31:52.880 13133 13133 W ziparchive: Unable to open '/system_ext/framework/nfcvendorlib.dm': No such file or directory
07-28 21:31:52.881 13133 13133 D nativeloader: Configuring clns-shared-7 for other apk /system_ext/framework/nfcvendorlib.jar. target_sdk_version=34, uses_libraries=ALL, library_path=/system_ext/priv-app/WirelessSettings/lib/arm64:/system_ext/priv-app/WirelessSettings/WirelessSettings.apk!/lib/arm64-v8a:/system/lib64:/system_ext/lib64, permitted_path=/data:/mnt/expand:/data/user_de/0/com.oplus.wirelesssettings:/system_ext/priv-app/WirelessSettings:/system/lib64:/system_ext/lib64
07-28 21:31:52.881 13133 13133 D nativeloader: Extending system_exposed_libraries: libbinauralrenderer_wrapper.qti.so:libhoaeffects.qti.so:libSloganJni.oplus.so:libsuperNight.oplus.so:libAPSClient-cmd-jni-extension.oplus.so:libsatellite_audio_jni.oplus.so:libortc_so.oplus.so:libsoundtouch.oplus.so:libsoundtouch_jni.oplus.so:libOplusStringJNI-extension.oplus.so:libsatellite_ostx_jni.oplus.so:libapssuspend-jni.oplus.so:libupdateprof.qti.so:libthermalclient.qti.so:libqape.qti.so:libqesdk_ndk_platform.qti.so:liblistenjni.qti.so
07-28 21:31:52.882 13133 13133 D ApplicationLoaders: Returning zygote-cached class loader: /system_ext/framework/androidx.window.extensions.jar
07-28 21:31:52.882 13133 13133 D ApplicationLoaders: Returning zygote-cached class loader: /system_ext/framework/androidx.window.sidecar.jar
07-28 21:31:52.884 13133 13133 D nativeloader: Configuring clns-shared-8 for other apk /system_ext/priv-app/WirelessSettings/WirelessSettings.apk. target_sdk_version=34, uses_libraries=, library_path=/system_ext/priv-app/WirelessSettings/lib/arm64:/system_ext/priv-app/WirelessSettings/WirelessSettings.apk!/lib/arm64-v8a:/system/lib64:/system_ext/lib64, permitted_path=/data:/mnt/expand:/data/user_de/0/com.oplus.wirelesssettings:/system_ext/priv-app/WirelessSettings:/system/lib64:/system_ext/lib64
07-28 21:31:52.888 13133 13133 V GraphicsEnvironment: Currently set values for:
07-28 21:31:52.888 13133 13133 V GraphicsEnvironment:   angle_gl_driver_selection_pkgs=[]
07-28 21:31:52.888 13133 13133 V GraphicsEnvironment:   angle_gl_driver_selection_values=[]
07-28 21:31:52.888 13133 13133 V GraphicsEnvironment: Global.Settings values are invalid: number of packages: 0, number of values: 0
07-28 21:31:52.889 13133 13133 D WS_OplusWirelessSettingsApp: onCreate, OplusWirelessSettingsApp
07-28 21:31:52.892 13133 13133 D LogUtils: initWirelessLog sIsQeAssert=false,sIsWifiOrBtLog=false
07-28 21:31:52.894  3415  5241 I ActivityManager: Flag disabled. Ignoring finishAttachApplication from uid: 1000. pid: 13133
07-28 21:31:52.895 13133 13133 E ANDR-PERF-CLIENT-SYS: death recipent object is fine
07-28 21:31:52.895 13133 13133 W ttings:tzupdate: AIBinder_linkToDeath is being called with a non-null cookie and no onUnlink callback set. This might not be intended. AIBinder_DeathRecipient_setOnUnlinked should be called first.
07-28 21:31:52.896  3415  5241 W OplusSelfProtectManager: pkg[com.oplus.wirelesssettings] not in policy list
07-28 21:31:52.898  3415  5241 D ActivityManager: Async freezing 13133 com.oplus.wirelesssettings:tzupdate
07-28 21:31:52.900  4658 12323 W SQLiteLog: (28) double-quoted string literal: "timezone_tzdata_v2_files"
07-28 21:31:52.911  1932  1932 D SensorFeature: name=ssc_screenshot_info ,index = 22
07-28 21:31:52.911  1932  1932 D SensorFeature: write 29 bytes:60676524455,60684857788,162,0
07-28 21:31:52.970  4891  4891 V OplusCustomizeCacheManager: queryCache name: sys.cache.common_customize_cache18016 param: null
07-28 21:31:52.970  4891  4891 V OplusCustomizeCacheManager: queryCache name: sys.cache.common_customize_cache18013 param: null
07-28 21:31:52.970  4891  4891 V OplusCustomizeCacheManager: queryCache name: sys.cache.common_customize_cache18014 param: null
07-28 21:31:52.971  4891  4891 V OplusCustomizeCacheManager: queryCache name: sys.cache.common_customize_cache18017 param: Bundle[{SETTING=BLOCK, BUSINESS=NCT-DATA}]
07-28 21:31:52.972  4891  4891 V OplusCustomizeCacheManager: queryCache name: sys.cache.common_customize_cache18016 param: null
07-28 21:31:52.972  4891  4891 V OplusCustomizeCacheManager: queryCache name: sys.cache.common_customize_cache18013 param: null
07-28 21:31:52.972  4891  4891 V OplusCustomizeCacheManager: queryCache name: sys.cache.common_customize_cache18014 param: null
07-28 21:31:52.972  4891  4891 V OplusCustomizeCacheManager: queryCache name: sys.cache.common_customize_cache18017 param: Bundle[{SETTING=BLOCK, BUSINESS=NCT-DATA}]
07-28 21:31:53.008  1791  4389 I sensors-hal: handle_oplus_wise_rgb_event:189, high_pwm_light:lux 276.8,cct 3647.1,brl/algo/ir 1444.0/2.0/16.0,pwm/dc 0.0/0.0,rgbc 21214.960938/13387.963867/6150.617188/39443.222656,ts 60652028901,cnt 840,flag 162
07-28 21:31:53.009  1860  4396 I Dpps    : LtmSwState::SetParameter():144 ignore cmd 7 in state LtmOffState
07-28 21:31:53.012  4829  4829 D RowAnimatorExtImpl: end:view:StatusBarIconView(slot='volume' alpha=1.0 icon=StatusBarIcon(icon=Icon(typ=RESOURCE pkg=com.android.systemui id=0x7f0818f0) visible user=0 ) visibleState=ICON iconColor=#ccffffff staticDrawableColor=#ccffffff decorColor=#ffffffff animationStartColor=#0 currentSetColor=#ccffffff notification=null),tx
07-28 21:31:53.012  4829  4829 D RowAnimatorExtImpl: end:view:StatusBarIconView(slot='zen' alpha=1.0 icon=StatusBarIcon(icon=Icon(typ=RESOURCE pkg=com.android.systemui id=0x7f0818e1) visible user=0 ) visibleState=ICON iconColor=#ccffffff staticDrawableColor=#ccffffff decorColor=#ffffffff animationStartColor=#0 currentSetColor=#ccffffff notification=null),tx
07-28 21:31:53.012  4829  4829 D RowAnimatorExtImpl: end:view:StatusBarIconView(slot='volume' alpha=1.0 icon=StatusBarIcon(icon=Icon(typ=RESOURCE pkg=com.android.systemui id=0x7f0818f0) visible user=0 ) visibleState=ICON iconColor=#ccffffff staticDrawableColor=#ccffffff decorColor=#ffffffff animationStartColor=#0 currentSetColor=#ccffffff notification=null),tx
07-28 21:31:53.012  4829  4829 D RowAnimatorExtImpl: end:view:StatusBarIconView(slot='zen' alpha=1.0 icon=StatusBarIcon(icon=Icon(typ=RESOURCE pkg=com.android.systemui id=0x7f0818e1) visible user=0 ) visibleState=ICON iconColor=#ccffffff staticDrawableColor=#ccffffff decorColor=#ffffffff animationStartColor=#0 currentSetColor=#ccffffff notification=null),tx
07-28 21:31:53.012  4829  4829 D RowAnimatorExtImpl: end:view:StatusBarIconView(slot='volume' alpha=1.0 icon=StatusBarIcon(icon=Icon(typ=RESOURCE pkg=com.android.systemui id=0x7f0818f0) visible user=0 ) visibleState=ICON iconColor=#ccffffff staticDrawableColor=#ccffffff decorColor=#ffffffff animationStartColor=#0 currentSetColor=#ccffffff notification=null),tx
07-28 21:31:53.012  4829  4829 D RowAnimatorExtImpl: end:view:StatusBarIconView(slot='zen' alpha=1.0 icon=StatusBarIcon(icon=Icon(typ=RESOURCE pkg=com.android.systemui id=0x7f0818e1) visible user=0 ) visibleState=ICON iconColor=#ccffffff staticDrawableColor=#ccffffff decorColor=#ffffffff animationStartColor=#0 currentSetColor=#ccffffff notification=null),tx
07-28 21:31:53.021  1955  1978 D BatteryChargeControl: bcc get no support from charging protocol
07-28 21:31:53.108  1955  7136 D charge_time: type=sdp,reserve_soc=2,soc=44,ui_soc=47,current=196,avg=196,not_chg_cnt=0,stable_cnt=7,fcc=5724,fcc_ratio=94,delta=44,debug=0,region=17,ttf=27030(07:30:30),ui_ttf=21911(06:05:11)
07-28 21:31:53.185  1932  1932 D SensorFeature: name=ssc_screenshot_info ,index = 22
07-28 21:31:53.185  1932  1932 D SensorFeature: write 29 bytes:60950616486,60958949819,163,0
07-28 21:31:53.203  4829  4829 I SystemUi--QuickSettings: TemporarilyInfoManager-->[animateShow] com.oplus.systemui.qs.base.temporarilyinfo.TemporarilyInfoManager$createViewToParent$1{131ce02 VFED..C.. ........ 0,0-1080,228 #7f0a0cb6 app:id/temporarily_info_view alpha=1.0 viewInfo = } end
07-28 21:31:53.203  4829  4829 I SystemUi--QuickSettings: TemporarilyInfoManager-->[trigger] start from showElementAfterShowFully
07-28 21:31:53.274  1860  4396 I Dpps    : LtmSwState::SetParameter():144 ignore cmd 7 in state LtmOffState
07-28 21:31:53.303  3415  4968 I OplusHansManager : uid=10157, pkg=com.baidu.input_oppo cannot transition from R to M, importance=input
07-28 21:31:53.336  4829  4829 D JankUtils: gfxSceneEnd; scene: 7
07-28 21:31:53.336  4829  4829 I SystemUi--Common: NotificationShadeDepthC-->sceneFlag: 0x001, isStart = false, Current sceneFlags: 0x000
07-28 21:31:53.336  4829  4829 D NavigationBar: restrainNavigationBarInvertColor: false
07-28 21:31:53.336  4829  5007 D RegionSamplingHelper =:    mCompositionSamplingListener.register
07-28 21:31:53.337  2094  2457 D SurfaceFlinger: addRegionSamplingListener pid: 4829, Area: [0, 2328, 1080, 2376]
07-28 21:31:53.414  8495 12213 W LOG_FLOWCTRL: ==LOGS OVER PROC QUOTA(300), rows(22) bytes(2240) com.oplus.metis DROPPED==
07-28 21:31:53.414  8495 12213 I LogCacheHelper: cache log scheduled task [base|com.oplus.metis|1.5.5-f48228a]
07-28 21:31:53.414  8495 12213 E metis_v2_JenaHandlerManager_cache: 2025-07-28 21:31:52.412000		9503		local thread match
07-28 21:31:53.414  8495 12213 E metis_v2_JenaHandlerManager_cache: 2025-07-28 21:31:52.412000		9503		local thread match
07-28 21:31:53.414  8495 12213 E metis_v2_JenaHandlerManager_cache: 2025-07-28 21:31:52.412000		9503		local thread match
07-28 21:31:53.414  8495 12213 E metis_v2_JenaHandlerManager_cache: 2025-07-28 21:31:52.412000		9503		local thread match
07-28 21:31:53.414  8495 12213 E metis_v2_JenaHandlerManager_cache: 2025-07-28 21:31:52.412000		9503		local thread match
07-28 21:31:53.414  8495 12213 E metis_v2_JenaHandlerManager_cache: 2025-07-28 21:31:52.412000		9503		local thread match
07-28 21:31:53.414  8495 12213 E metis_v2_JenaHandlerManager_cache: 2025-07-28 21:31:52.412000		9503		local thread match
07-28 21:31:53.414  8495 12213 E metis_v2_JenaHandlerManager_cache: 2025-07-28 21:31:52.412000		9503		local thread match
07-28 21:31:53.414  8495 12213 E metis_v2_JenaHandlerManager_cache: 2025-07-28 21:31:52.413000		9503		local thread match
07-28 21:31:53.414  8495 12213 E metis_v2_JenaHandlerManager_cache: 2025-07-28 21:31:52.413000		9503		local thread match
07-28 21:31:53.414  8495 12213 E metis_v2_JenaHandlerManager_cache: 2025-07-28 21:31:52.413000		9503		local thread match
07-28 21:31:53.414  8495 12213 E metis_v2_JenaHandlerManager_cache: 2025-07-28 21:31:52.413000		9503		local thread match
07-28 21:31:53.414  8495 12213 E metis_v2_JenaHandlerManager_cache: 2025-07-28 21:31:52.413000		9503		local thread match
07-28 21:31:53.415  8495 12213 E metis_v2_JenaHandlerManager_cache: 2025-07-28 21:31:52.413000		9503		local thread match
07-28 21:31:53.415  8495 12213 E metis_v2_JenaHandlerManager_cache: 2025-07-28 21:31:52.413000		9503		local thread match
07-28 21:31:53.415  8495 12213 E metis_v2_JenaHandlerManager_cache: 2025-07-28 21:31:52.413000		9503		local thread match
07-28 21:31:53.415  8495 12213 E metis_v2_JenaHandlerManager_cache: 2025-07-28 21:31:52.413000		9503		local thread match
07-28 21:31:53.415  8495 12213 E metis_v2_JenaHandlerManager_cache: 2025-07-28 21:31:52.413000		9503		local thread match
07-28 21:31:53.415  8495 12213 E metis_v2_JenaHandlerManager_cache: 2025-07-28 21:31:52.413000		9503		local thread match
07-28 21:31:53.415  8495 12213 E metis_v2_JenaHandlerManager_cache: 2025-07-28 21:31:52.413000		9503		local thread match
07-28 21:31:53.415  8495 12213 E metis_v2_JenaHandlerManager_cache: 2025-07-28 21:31:52.413000		9503		local thread match
07-28 21:31:53.415  8495 12213 E metis_v2_JenaHandlerManager_cache: 2025-07-28 21:31:52.413000		9503		local thread match
07-28 21:31:53.415  8495 12213 E metis_v2_JenaHandlerManager_cache: 2025-07-28 21:31:52.413000		9503		local thread match
07-28 21:31:53.415  8495 12213 E metis_v2_JenaHandlerManager_cache: 2025-07-28 21:31:52.413000		9503		local thread match
07-28 21:31:53.415  8495 12213 E metis_v2_JenaHandlerManager_cache: 2025-07-28 21:31:52.413000		9503		local thread match
07-28 21:31:53.415  8495 12213 E metis_v2_JenaHandlerManager_cache: 2025-07-28 21:31:52.413000		9503		local thread match
07-28 21:31:53.415  8495 12213 E metis_v2_JenaHandlerManager_cache: 2025-07-28 21:31:52.413000		9503		local thread match
07-28 21:31:53.416  8495 12213 E metis_v2_JenaHandlerManager_cache: 2025-07-28 21:31:52.413000		9503		local thread match
07-28 21:31:53.416  8495 12213 E metis_v2_JenaHandlerManager_cache: 2025-07-28 21:31:52.413000		9503		local thread match
07-28 21:31:53.416  8495 12213 E metis_v2_JenaHandlerManager_cache: 2025-07-28 21:31:52.413000		9503		local thread match
07-28 21:31:53.416  8495 12213 E metis_v2_JenaHandlerManager_cache: 2025-07-28 21:31:52.413000		9503		local thread match
07-28 21:31:53.416  8495 12213 E metis_v2_JenaHandlerManager_cache: 2025-07-28 21:31:52.413000		9503		local thread match
07-28 21:31:53.416  8495 12213 E metis_v2_JenaHandlerManager_cache: 2025-07-28 21:31:52.413000		9503		local thread match
07-28 21:31:53.416  8495 12213 E metis_v2_JenaHandlerManager_cache: 2025-07-28 21:31:52.413000		9503		local thread match
07-28 21:31:53.416  8495 12213 E metis_v2_JenaHandlerManager_cache: 2025-07-28 21:31:52.413000		9503		local thread match
07-28 21:31:53.416  8495 12213 E metis_v2_JenaHandlerManager_cache: 2025-07-28 21:31:52.413000		9503		local thread match
07-28 21:31:53.416  8495 12213 E metis_v2_JenaHandlerManager_cache: 2025-07-28 21:31:52.413000		9503		local thread match
07-28 21:31:53.416  8495 12213 E metis_v2_JenaHandlerManager_cache: 2025-07-28 21:31:52.413000		9503		local thread match
07-28 21:31:53.416  8495 12213 E metis_v2_JenaHandlerManager_cache: 2025-07-28 21:31:52.413000		9503		local thread match
07-28 21:31:53.416  8495 12213 E metis_v2_JenaHandlerManager_cache: 2025-07-28 21:31:52.413000		9503		local thread match
07-28 21:31:53.416  8495 12213 E metis_v2_JenaHandlerManager_cache: 2025-07-28 21:31:52.413000		9503		local thread match
07-28 21:31:53.416  8495 12213 E metis_v2_JenaHandlerManager_cache: 2025-07-28 21:31:52.413000		9503		local thread match
07-28 21:31:53.416  8495 12213 E metis_v2_JenaHandlerManager_cache: 2025-07-28 21:31:52.413000		9503		local thread match
07-28 21:31:53.416  8495 12213 E metis_v2_JenaHandlerManager_cache: 2025-07-28 21:31:52.413000		9503		local thread match
07-28 21:31:53.416  8495 12213 E metis_v2_JenaHandlerManager_cache: 2025-07-28 21:31:52.413000		9503		local thread match
07-28 21:31:53.416  8495 12213 E metis_v2_JenaHandlerManager_cache: 2025-07-28 21:31:52.413000		9503		local thread match
07-28 21:31:53.416  8495 12213 E metis_v2_JenaHandlerManager_cache: 2025-07-28 21:31:52.413000		9503		local thread match
07-28 21:31:53.416  8495 12213 E metis_v2_JenaHandlerManager_cache: 2025-07-28 21:31:52.413000		9503		local thread match
07-28 21:31:53.416  8495 12213 E metis_v2_JenaHandlerManager_cache: 2025-07-28 21:31:52.413000		9503		local thread match
07-28 21:31:53.416  8495 12213 E metis_v2_JenaHandlerManager_cache: 2025-07-28 21:31:52.413000		9503		local thread match
07-28 21:31:53.416  8495 12213 E metis_v2_JenaHandlerManager_cache: 2025-07-28 21:31:52.413000		9503		local thread match
07-28 21:31:53.416  8495 12213 E metis_v2_JenaHandlerManager_cache: 2025-07-28 21:31:52.413000		9503		local thread match
07-28 21:31:53.416  8495 12213 E metis_v2_JenaHandlerManager_cache: 2025-07-28 21:31:52.413000		9503		local thread match
07-28 21:31:53.416  8495 12213 E metis_v2_JenaHandlerManager_cache: 2025-07-28 21:31:52.413000		9503		local thread match
07-28 21:31:53.416  8495 12213 E metis_v2_JenaHandlerManager_cache: 2025-07-28 21:31:52.413000		9503		local thread match
07-28 21:31:53.417  8495 12213 E metis_v2_JenaHandlerManager_cache: 2025-07-28 21:31:52.413000		9503		local thread match
07-28 21:31:53.417  8495 12213 E metis_v2_JenaHandlerManager_cache: 2025-07-28 21:31:52.413000		9503		local thread match
07-28 21:31:53.417  8495 12213 E metis_v2_JenaHandlerManager_cache: 2025-07-28 21:31:52.413000		9503		local thread match
07-28 21:31:53.417  8495 12213 E metis_v2_JenaHandlerManager_cache: 2025-07-28 21:31:52.413000		9503		local thread match
07-28 21:31:53.417  8495 12213 E metis_v2_JenaHandlerManager_cache: 2025-07-28 21:31:52.413000		9503		local thread match
07-28 21:31:53.417  8495 12213 E metis_v2_JenaHandlerManager_cache: 2025-07-28 21:31:52.413000		9503		local thread match
07-28 21:31:53.417  8495 12213 E metis_v2_JenaHandlerManager_cache: 2025-07-28 21:31:52.413000		9503		local thread match
07-28 21:31:53.417  8495 12213 E metis_v2_JenaHandlerManager_cache: 2025-07-28 21:31:52.413000		9503		local thread match
07-28 21:31:53.417  8495 12213 E metis_v2_JenaHandlerManager_cache: 2025-07-28 21:31:52.413000		9503		local thread match
07-28 21:31:53.417  8495 12213 E metis_v2_JenaHandlerManager_cache: 2025-07-28 21:31:52.413000		9503		local thread match
07-28 21:31:53.417  8495 12213 E metis_v2_JenaHandlerManager_cache: 2025-07-28 21:31:52.413000		9503		local thread match
07-28 21:31:53.417  8495 12213 E metis_v2_JenaHandlerManager_cache: 2025-07-28 21:31:52.413000		9503		local thread match
07-28 21:31:53.417  8495 12213 E metis_v2_JenaHandlerManager_cache: 2025-07-28 21:31:52.413000		9503		local thread match
07-28 21:31:53.417  8495 12213 E metis_v2_JenaHandlerManager_cache: 2025-07-28 21:31:52.413000		9503		local thread match
07-28 21:31:53.417  8495 12213 E metis_v2_JenaHandlerManager_cache: 2025-07-28 21:31:52.413000		9503		local thread match
07-28 21:31:53.417  8495 12213 E metis_v2_JenaHandlerManager_cache: 2025-07-28 21:31:52.413000		9503		local thread match
07-28 21:31:53.417  8495 12213 E metis_v2_JenaHandlerManager_cache: 2025-07-28 21:31:52.413000		9503		local thread match
07-28 21:31:53.417  8495 12213 E metis_v2_JenaHandlerManager_cache: 2025-07-28 21:31:52.413000		9503		local thread match
07-28 21:31:53.417  8495 12213 E metis_v2_JenaHandlerManager_cache: 2025-07-28 21:31:52.413000		9503		local thread match
07-28 21:31:53.417  8495 12213 E metis_v2_JenaHandlerManager_cache: 2025-07-28 21:31:52.413000		9503		local thread match
07-28 21:31:53.417  8495 12213 E metis_v2_JenaHandlerManager_cache: 2025-07-28 21:31:52.413000		9503		local thread match
07-28 21:31:53.417  8495 12213 E metis_v2_JenaHandlerManager_cache: 2025-07-28 21:31:52.413000		9503		local thread match
07-28 21:31:53.417  8495 12213 E metis_v2_JenaHandlerManager_cache: 2025-07-28 21:31:52.413000		9503		local thread match
07-28 21:31:53.417  8495 12213 E metis_v2_JenaHandlerManager_cache: 2025-07-28 21:31:52.414000		9503		local thread match
07-28 21:31:53.417  8495 12213 E metis_v2_JenaHandlerManager_cache: 2025-07-28 21:31:52.414000		9503		local thread match
07-28 21:31:53.417  8495 12213 E metis_v2_JenaHandlerManager_cache: 2025-07-28 21:31:52.414000		9503		local thread match
07-28 21:31:53.417  8495 12213 E metis_v2_JenaHandlerManager_cache: 2025-07-28 21:31:52.414000		9503		local thread match
07-28 21:31:53.417  8495 12213 I ContextAware_SortAlgorithmManager.IntentSendProcessor_cache: 2025-07-28 21:31:52.414000		9492		sendIntentMessage skip, the same list:[{"action":"pantanal.intent.tips.PHONE_MOVING_TIPS_RECOMMEND","add_min_prob":0.4,"add_related_id":0,"algorithm_time_rule":[],"algorithm_version":"","attenuationFunc":-1,"attenuationType":-1,"cannot_reduce_recommend":false,"config_version":202507161101,"contain_service_id":false,"create_time":1750391661260,"decision_history_list":[],"default_score":4.1,"delay_click_timestamp":0,"delay_exposure_timestamp":0,"deleteKey":"pantanal.intent.tips.PHONE_MOVING_TIPS_RECOMMEND","domain":"system_settings","drop_repeat_key":"","drop_repeat_key_list":[],"drop_repeat_mode":-1,"dynamic_life_policy":{"delay_remove_timestamp":0,"max_click_times":0,"max_expose_times":0},"expire_time":10518960,"final_score":4.1,"force_rebuild_seedling":false,"intent_feedback_type":2,"intent_id":28111201,"intent_instance_id":"null28111201PHONE_MOVING_TIPS_RECOMMENDnull458391","intent_level":"","intent_position":0,"intent_src":0,"intent_trace_context":"{\"traceID\":\"7f0000011753752673672296808495\",\"current\":\"{\\\"spanID\\\":\\\"p_8495_468e035\\\",\\\"sequence\\\":27}\",\"parent\":\"{\\\"spanID\\\":\\\"p_8495_468e035\\\",\\\"sequence\\\":20}\",\"spanType\":2,\"valid\":1}","is_params_send_to_seedling":false,"is_scene_focus":false,"is_support_multi_instance":false,"last_sort_type":0,"last_update_time":1753746019678,"original_update_time":1753746019678,"params_from_user_policy":{"click_args":[3.0],"click_func":1,"delay_click_args":[],"delay_exposure_args":[],"exposure_args":[20.0,5.0],"exposure_func":2,"time_args":[1.051896E7,5.0],"time_func":2},"policy_name":"PHONE_MOVING_TIPS_RECOMMEND","prob_adj":1.0,"protect_enable":true,"protect_policy":{"delta_duration":3,"end_ratio":10,"event":0,"initial_duration":7,"start_ratio":70,"step_ratio":20},"recommend_service_list":[],"remove_trigger_value":0.2,"rule_remove_by_algorithm":false,"scene_func":0,"scene_instance_id":"","seedling_ui_policy":0,"service_id":"","service_list":[],"should_focus":false,"show_type":1,"sort_related_id":0,"sortable":true,"status":0,"sub_domain":"tips"},{"action":"pantanal.intent.applicationsuggestions.SUBSTITUTE","add_min_prob":0.4,"add_related_id":0,"algorithm_time_rule":[],"algorithm_version":"","attenuationFunc":-1,"attenuationType":-1,"cannot_reduce_recommend":false,"config_version":202507161101,"contain_service_id":false,"create_time":1752679362025,"decision_history_list":[],"default_score":3.12,"delay_click_timestamp":0,"delay_exposure_timestamp":0,"domain":"system_tools","drop_repeat_key":"","drop_repeat_key_list":[],"drop_repeat_mode":-1,"expire_time":144000,"final_score":3.12,"force_rebuild_seedling":false,"intent_feedback_type":2,"intent_id":13151001,"intent_instance_id":"null13151001DYNAMIC_SUBSTITUTEnull457310","intent_level":"default","intent_position":0,"intent_src":0,"intent_trace_context":"{\"traceID\":\"7f0000011753752673673296908495\",\"current\":\"{\\\"spanID\\\":\\\"p_8495_468e035\\\",\\\"sequence\\\":28}\",\"parent\":\"{\\\"spanID\\\":\\\"p_8495_468e035\\\",\\\"sequence\\\":21}\",\"spanType\":2,\"valid\":1}","is_params_send_to_seedling":false,"is_scene_focus":false,"is_support_multi_instance":false,"last_sort_type":0,"last_update_time":1753746018596,"original_update_time":1753746018596,"params_from_user_policy":{"click_args":[],"click_func":-1,"delay_click_args":[],"delay_exposure_args":[],"exposure_args":[],"exposure_func":-1,"time_args":[144000.0,5.0],"time_func":2},"policy_name":"DYNAMIC_SUBSTITUTE","prob_adj":1.0,"protect_enable":false,"protect_policy":{"delta_duration":3,"end_ratio":10,"event":0,"initial_duration":7,"start_ratio":70,"step_ratio":20},"recommend_service_list":[],"remove_trigger_value":0.2,"rule_remove_by_algorithm":false,"scene_func":0,"scene_instance_id":"","seedling_ui_policy":0,"service_id":"536877097","service_id_from":1,"service_list":[],"should_focus":false,"show_type":0,"sort_related_id":0,"sortable":true,"status":0,"sub_domain":"application_suggestions"},{"action":"pantanal.intent.we
07-28 21:31:53.417  8495 12213 E metis_v2_JenaHandlerManager_cache: 2025-07-28 21:31:52.414000		9503		local thread match
07-28 21:31:53.417  8495 12213 E metis_v2_JenaHandlerManager_cache: 2025-07-28 21:31:52.414000		9503		local thread match
07-28 21:31:53.418  8495 12213 I ContextAware_SortAlgorithmManager.IntentSendProcessor_cache: 2025-07-28 21:31:52.414000		9492		sendIntentMessage skip, the same list:
07-28 21:31:53.418  8495 12213 E metis_v2_JenaHandlerManager_cache: 2025-07-28 21:31:52.414000		9503		local thread match
07-28 21:31:53.418  8495 12213 E ContextAware_SortAlgorithmManager.IntentSendProcessor_cache: 2025-07-28 21:31:52.414000		9492		sendIntentMessage: skip
07-28 21:31:53.418  8495 12213 E metis_v2_JenaHandlerManager_cache: 2025-07-28 21:31:52.414000		9503		local thread match
07-28 21:31:53.418  8495 12213 E metis_v2_JenaHandlerManager_cache: 2025-07-28 21:31:52.414000		9503		local thread match
07-28 21:31:53.418  8495 12213 E metis_v2_JenaHandlerManager_cache: 2025-07-28 21:31:52.414000		9503		local thread match
07-28 21:31:53.418  8495 12213 I metis_v2_TimerTriggerManager_cache: 2025-07-28 21:31:52.414000		9503		panta-sugg-onTriggered, triggerType START, period = Day(secondsOfDay=75600000, durationMillis=7200000, allowExpired=false, weekType=null, setDate=null, ), timer[com.oplus.metis#UBIQUITOUS_SERVICE#meal#REMOVE_INTENT_AFTER_DINNER_everyDayTriggered_{"allowExpired":false,"allowWhileIdle":false,"duration":7200000,"start":{"c":75600000}}] cache timer holder => TimerHolder(timer=RepeatCalendarTimer(period=Day(secondsOfDay=75600000, durationMillis=7200000, allowExpired=false, weekType=null, setDate=null, ), timeRange=InstantPeriod(startTimeMilli=946702800000, endTimeMilli=7258136400000), flex=0, exact=false, idle=false), trigger=TimerTrigger(triggerType=null, cacheResult=false, cacheResultVersion=0, infModelType=MASTER), customers=[TimerCustomer(firstName=com.oplus.metis#UBIQUITOUS_SERVICE#meal#REMOVE_INTENT_AFTER_DINNER, lastName=1)])
07-28 21:31:53.418  8495 12213 W metis_v2_KnowledgeManager_cache: 2025-07-28 21:31:52.414000		9503		Fire: isEmergency is false  debugFireMode = false
07-28 21:31:53.418  8495 12213 I ContextAware_DailyStatisticsRecorder_cache: 2025-07-28 21:31:52.414000		10591		Increase context change count: PROCESSOR_SEND_cnt, value: 1
07-28 21:31:53.418  8495 12213 W metis_v2_KnowledgeManager_cache: 2025-07-28 21:31:52.414000		9503		Fire: isGameMode or isRestrainFireMode is true,delay time:600000
07-28 21:31:53.418  8495 12213 I ContextAware_DailyStatisticsRecorder_cache: 2025-07-28 21:31:52.414000		10591		Increase context change count: PROCESSOR_SEND_ms, value: 3
07-28 21:31:53.418  8495 12213 I ContextAware_DailyStatisticsRecorder_cache: 2025-07-28 21:31:52.414000		10591		Increase context change count: timer_trigger_count, value: 1
07-28 21:31:53.418  8495 12213 D LogCacheHelper: stop log task
07-28 21:31:53.460  1932  1932 D SensorFeature: name=ssc_screenshot_info ,index = 22
07-28 21:31:53.460  1932  1932 D SensorFeature: write 29 bytes:61224797528,61233130861,164,0
07-28 21:31:53.488  6485  6530 E horae   : 0: back:33705,back_1:35942,back_2:35516,back_3:34648,frame:36013,frame_1:34961,front:36663,front_1:36992,front_2:35406, -2147483648 5, +(3229), 1 ,43911,33752,39733,43951,41902,42949,33808,39466,42949,41260,42019,33645,39190,42107,40706,41495,33673,38918,41397,40208, target_temp:36992, algo:0
07-28 21:31:53.488  5188  5188 D RFPowerBoostManager: my thermal listener proxy invoke method:notifyThermalBroadCast args len:2
