07-28 21:31:52.748  4955  4955 I DeviceStatisticsService: radio power state changed to 1 for slot: 1
07-28 21:31:52.749  5112  6094 D IWlanJni: getDataRegistrationState start
07-28 21:31:52.749  5112  6152 D IWlanJni: new aidl event arrived
07-28 21:31:52.749  5112  6152 D IWlanJni: handleEvent 10
07-28 21:31:52.749  5112  6152 D IWlanJni: isThreadAttached start
07-28 21:31:52.749  5112  6152 D IWlanJni: jni detached
07-28 21:31:52.749  5112  6152 D IWlanJni: jni attached
07-28 21:31:52.749  5112  6152 D IWlanJni: getDataRegistrationStateResponse start
07-28 21:31:52.749  5112  6152 D IWlanJni: getJavaCallbackClass start
07-28 21:31:52.749  5112  6152 D IWlanJni: getJavaCallbackClass End midIs[1]
07-28 21:31:52.749  5112  6152 I IWlanAidlClient: getDataRegistrationStateResponse called
07-28 21:31:52.749  5112  6151 W IWlanNetworkService: 11 > Response Processed
07-28 21:31:52.750  5112  6094 D IWlanJni: getDataRegistrationState start
07-28 21:31:52.751  5112  6094 D IWlanJni: getDataRegistrationState start
07-28 21:31:52.751  5112  6145 D IWlanJni: new aidl event arrived
07-28 21:31:52.751  5112  6145 D IWlanJni: handleEvent 10
07-28 21:31:52.751  5112  6145 D IWlanJni: isThreadAttached start
07-28 21:31:52.751  5112  6145 D IWlanJni: jni detached
07-28 21:31:52.751  5112  6145 D IWlanJni: jni attached
07-28 21:31:52.751  5112  6145 D IWlanJni: getDataRegistrationStateResponse start
07-28 21:31:52.751  5112  6145 D IWlanJni: getJavaCallbackClass start
07-28 21:31:52.751  5112  6145 D IWlanJni: getJavaCallbackClass End midIs[1]
07-28 21:31:52.751  5112  6145 I IWlanAidlClient: getDataRegistrationStateResponse called
07-28 21:31:52.751  3415  4521 D CmccSliceManagerService: ACTION_DDS_SWITCH_DONE
07-28 21:31:52.751  3415  4521 D CmccSliceManagerService: cleanUpAndRestartSlice
07-28 21:31:52.751  3415  4521 D CmccSliceManagerService: cleanUpSlice
07-28 21:31:52.751  3415  4521 D CmccSliceManagerService: cleanUpSlice qcom
07-28 21:31:52.751  3415  4521 D CmccSliceManagerService: getDefaultDataSlotId0, subid: 1
07-28 21:31:52.751  3415  4521 E ActivityThread: Failed to find provider info for com.cmccslice.proxyapp.provider
07-28 21:31:52.751  3415  4521 D CmccSliceManagerService: loadUrsp qcomCursor=null, count=-1, slotId=0
07-28 21:31:52.751  3415  4521 D CmccSliceManagerService: loadUrsp: qcomCursor=[]
07-28 21:31:52.751  3415  4521 D CmccSliceManagerService: isFeatureEnable , rus : false Feature : false
07-28 21:31:52.751  3415  4521 D CmccSliceManagerService: requestSliceNetwork: feature not enabled
07-28 21:31:52.751  3415  4521 D CmccSliceManagerService: cleanUpAndRestartSlice qcom
07-28 21:31:52.752  5112  6144 W IWlanNetworkService: 12 > Response Processed
07-28 21:31:52.752  4829  4829 I KeyguardUpdateMonitor: refreshSimState, changed:false,subId:1,slotId:0,state:5
07-28 21:31:52.752  4829  5079 I SystemUi--QuickSettings: Tile.OplusCellularTile-->updateCarrierText: dialog not showing, ignore
07-28 21:31:52.752  5112  5112 D QCNEJ/WwanInfoRelay: onActiveSubscriptionsChanged activeCurrDDSId: 1 new DDS 1
07-28 21:31:52.752  4829  5079 D SimStateHelper: slot:0, lock state:Bundle[mParcelledData.dataSize=56]
07-28 21:31:52.752  5112  5112 D QCNEJ/WwanInfoRelay: onActiveSubscriptionsChanged activeCurrDDSId: 1 new DDS 1
07-28 21:31:52.752  4891  4891 D OplusPowerUpOptimizationImpl: onReceive: org.codeaurora.intent.action.RADIO_POWER_STATE
07-28 21:31:52.753  4829  5079 D SimStateHelper: slot:1, lock state:Bundle[mParcelledData.dataSize=56]
07-28 21:31:52.753  4829  5079 D SimStateHelper: needDisableMenu: slot1State=-1; slot2State=-1
07-28 21:31:52.753  4829  5079 D SimStateHelper: needDisableMenu:false
07-28 21:31:52.753  4891  5683 D OplusPowerUpOptimizationImpl: handleMessage what = 6
07-28 21:31:52.753  4978  5765 D CellularEvent: onActiveDataSubscriptionIdChanged sub id:1
07-28 21:31:52.753  5112  6152 D IWlanJni: new aidl event arrived
07-28 21:31:52.753  5112  6152 D IWlanJni: handleEvent 10
07-28 21:31:52.753  4891  5683 D OplusPowerUpOptimizationImpl: radio is available for slot: 1
07-28 21:31:52.753  4891  5683 D OplusPowerUpOptimizationImpl: trySendPhoneReady for slot: 1
07-28 21:31:52.753  4891  5683 D OplusPowerUpOptimizationImpl: Not sending ATEL ready: States: [1: {true, true, true, true}]
07-28 21:31:52.753  4891  4891 D CiWlanNotificationReceiver: ACTION_RADIO_POWER_STATE_CHANGED
07-28 21:31:52.753  5112  6152 D IWlanJni: isThreadAttached start
07-28 21:31:52.753  5112  6152 D IWlanJni: jni detached
07-28 21:31:52.753  5112  6152 D IWlanJni: jni attached
07-28 21:31:52.753  5112  6152 D IWlanJni: getDataRegistrationStateResponse start
07-28 21:31:52.753  5112  6152 D IWlanJni: getJavaCallbackClass start
07-28 21:31:52.753  5112  6152 D IWlanJni: getJavaCallbackClass End midIs[1]
07-28 21:31:52.754  5112  6152 I IWlanAidlClient: getDataRegistrationStateResponse called
07-28 21:31:52.754  5112  6151 W IWlanNetworkService: 13 > Response Processed
07-28 21:31:52.754  3415  4424 V NetworkPolicy: updateNotificationsNL not process
07-28 21:31:52.755  4891  4891 D Telephony: isEmergencyPreferredAccount: subId=1, activeData=1
07-28 21:31:52.755  4891  4891 D Telephony: isEmergencyPreferredAccount: Device does not require preference.
07-28 21:31:52.755  4891  4891 D InternationalRoamingNotification: init
07-28 21:31:52.755  5188  8971 D VirtualCommService2: isSupport. true, true
07-28 21:31:52.755  4891  4891 D OplusVirtualCommUtils: isVirtualCommSupport, vRet: true
07-28 21:31:52.755  4891  4891 I OplusVirtualCommUtils: getVirtualCommDeviceType, vRet: 1
07-28 21:31:52.755  4891  4891 I OplusVirtualCommUtils: isConsumerDeviceType, deviceType: 1
07-28 21:31:52.756  4891  4891 D InternationalRoamingNotification: do not createRoamingNotification for invalid Network
07-28 21:31:52.756  3415  4145 W BestClock: java.time.DateTimeException: Missing network time fix
07-28 21:31:52.756  5006  9742 D txpwrJni: new aidl event arrived
07-28 21:31:52.756  5006  9742 D txpwrJni: handleEvent 1
07-28 21:31:52.756  5006  9742 D txpwrJni: isThreadAttached start
07-28 21:31:52.756  5006  9742 D txpwrJni: jni detached
07-28 21:31:52.757  5006  9742 D txpwrJni: jni attached
07-28 21:31:52.757  5006  9742 D txpwrJni: getRadioStatus start
07-28 21:31:52.757  5006  9742 D txpwrJni: getJavaCallbackClass start
07-28 21:31:52.757  5006  9742 D txpwrJni: getJavaCallbackClass End midIs[1]
07-28 21:31:52.757  5006  8291 D txpwrJni: sendRadioStatus start
07-28 21:31:52.757  5006  9742 D txpwrJni: new aidl event arrived
07-28 21:31:52.757  5006  9742 D txpwrJni: handleEvent 1
07-28 21:31:52.757  5006  9742 D txpwrJni: isThreadAttached start
07-28 21:31:52.757  5006  9742 D txpwrJni: jni detached
07-28 21:31:52.758  5006  9742 D txpwrJni: jni attached
07-28 21:31:52.758  5006  9742 D txpwrJni: getRadioStatus start
07-28 21:31:52.758  5006  9742 D txpwrJni: getJavaCallbackClass start
07-28 21:31:52.758  5006  9742 D txpwrJni: getJavaCallbackClass End midIs[1]
07-28 21:31:52.758  5006  8291 D txpwrJni: sendRadioStatus start
07-28 21:31:52.758  3415  4851 W BestClock: java.time.DateTimeException: Missing network time fix
07-28 21:31:52.759  4829  5663 V OplusCustomizeCacheManager: queryCache name: sys.cache.common_customize_cache18014 param: null
07-28 21:31:52.759  4829  5663 V OplusCustomizeCacheManager: queryCache name: sys.cache.common_customize_cache18017 param: Bundle[{SETTING=BLOCK, BUSINESS=NCT-DATA}]
07-28 21:31:52.759  4829  5663 V OplusCustomizeCacheManager: queryCache name: sys.cache.common_customize_cache18013 param: null
07-28 21:31:52.760  4829  5079 I SystemUi--QuickSettings: Tile.OplusCellularTile-->updateCarrierText: dialog not showing, ignore
07-28 21:31:52.760  4829  5079 D SimStateHelper: slot:0, lock state:Bundle[mParcelledData.dataSize=56]
07-28 21:31:52.760  4829  5079 D SimStateHelper: slot:1, lock state:Bundle[mParcelledData.dataSize=56]
07-28 21:31:52.760  4829  5079 D SimStateHelper: needDisableMenu: slot1State=-1; slot2State=-1
07-28 21:31:52.760  4829  5079 D SimStateHelper: needDisableMenu:false
07-28 21:31:52.761  4891  4891 D ServiceStateProvider: subId=1
07-28 21:31:52.762  3415  4589 V SettingsProvider: deleteSystemSetting(OPLUS_SLA_LAST_MCC, 0)
07-28 21:31:52.762  3415  4589 D SettingsProvider: delete system settings OPLUS_****_MCC pkg is  android user id is 0
07-28 21:31:52.762  5057  5057 I QImsService: OplusPhoneStateTracker : onServiceStateChanged
07-28 21:31:52.763  3415  4589 W OplusSlaManager: updateMCC curMCC empty!
07-28 21:31:52.763  5188  5188 D SubsysEventListenerManager-SubsysTelephonyCallback[0]: onServiceStateChanged
07-28 21:31:52.763  5188  5188 D ChinaRoamingControl: registTelephonyEvent onServiceStateChanged eventId:5, VoiceRegState:1, DataRegState:1
07-28 21:31:52.763  5188  5188 D QuickChangeAirplaneModeEvent: onServiceStateChanged slotId:0
07-28 21:31:52.763  5057  5057 I QImsService: OplusPhoneStateTracker : onServiceStateChanged
07-28 21:31:52.764  5188  5994 D EfsNvDumpUnit[0]: onServiceStateChanged: voice reg state: OUT_OF_SERVICE data reg state: OUT_OF_SERVICE
07-28 21:31:52.764  3415  5842 W BestClock: java.time.DateTimeException: Missing network time fix
07-28 21:31:52.764  5188  5994 D cellularState[0]: handleMessage: E msg.what=4
07-28 21:31:52.764  5188  5994 D cellularState[0]: processMsg: DataCallingState
07-28 21:31:52.764  5188  5994 D cellularState[0]: processMsg: NetworkAttachedState
07-28 21:31:52.764  5188  5994 D cellularState[0]: processMsg: SimReadyState
07-28 21:31:52.764  5188  5994 D cellularState[0]: processMsg: DefaultState
07-28 21:31:52.764  5188  5994 E cellularState[0]:  - unhandledMessage: msg.what=4
07-28 21:31:52.764  5188  5994 D cellularState[0]: handleMessage: X
07-28 21:31:52.764  4978  5765 D T-Recommend: onPreHandleMessage 1000
07-28 21:31:52.764  4978  5765 E CellularEvent: nri null ps
07-28 21:31:52.764  4978  5765 E CellularEvent: invalid nri
07-28 21:31:52.764  4978  5765 D T-Recommend: onPostHandleMessage 1000
07-28 21:31:52.764  3415  4851 W ContextImpl: Calling a method in the system process without a qualified user: android.app.ContextImpl.sendBroadcastMultiplePermissions:1311 android.content.Context.sendBroadcastMultiplePermissions:2524 com.android.server.TelephonyRegistry.broadcastServiceStateChanged:3740 com.android.server.TelephonyRegistry.notifyServiceStateForPhoneId:1787 com.android.internal.telephony.ITelephonyRegistry$Stub.onTransact:546 
07-28 21:31:52.764  4829  5193 I SystemUi--Statusbar: MobileConnectionRepositoryImpl-->subId:1 isSoftSimCard:false slotId:0
07-28 21:31:52.764  5188  5188 D QuickChangeAirplaneModeEvent: isBothCardInService is false
07-28 21:31:52.764  5188  5188 D MsimSubModeManager: registTelephonyEvent onServiceStateChanged eventId:3, VoiceRegState:1, DataRegState:1
07-28 21:31:52.764  5188  5188 E ExtremeCommUtils: getSwitchRusSupportMcc invalid index 1
07-28 21:31:52.764  5188  5188 D ExtremeCommUtils: isSupporCheck rusContain:false,propContain(persist.sys.oplus.support_hyper_uplink_mcc):false
07-28 21:31:52.764  5188  5188 D ExtremeCommService: handleServiceStateChanged mcc is null
07-28 21:31:52.764  5188  5188 D ChinaRoamingControl: handleMessage what:5
07-28 21:31:52.765  5188  5188 D MsimSubModeManager: handleMessage what:3
07-28 21:31:52.765  5188  5188 D MsimSubModeManager: getMsimSimServiceIn() i:0,mServiceState:1
07-28 21:31:52.765  5188  5188 D MsimSubModeManager: getMsimSimServiceIn() i:1,mServiceState:1
07-28 21:31:52.765  4978  5770 D OplusLinkBoostCommon: dds servicestate change
07-28 21:31:52.765  4978  5911 D OplusSubWaySlowRecovery: getPreferSubId return 1
07-28 21:31:52.765  4978  5911 D SaDataFailRecovery/0: current is not in service,reset alarm
07-28 21:31:52.765  4978  5911 D OplusScanQrCodeRecoveryImpl: msg.what=3
07-28 21:31:52.765  4978  5773 D NAS-CallIssueDetector: onServiceStateChanged
07-28 21:31:52.765  4978  5773 D OplusCiwlanController: [vodata] processServiceStateChanged  phoneid = 0, original roaming type = -1,roaming type = 0
07-28 21:31:52.765  4978  5773 D OplusCiwlanController: [vodata] processServiceStateChanged  phoneid = 1, original roaming type = -1,roaming type = 0
07-28 21:31:52.765  3415  5842 W BestClock: java.time.DateTimeException: Missing network time fix
07-28 21:31:52.766  3415  4435 D ConnectivityService: unregister offer from providerId 5 : NetworkOffer [ Provider Id (5) Score(Policies : YIELD_TO_BAD_WIFI&TRANSPORT_PRIMARY&EVER_EVALUATED&IS_UNMETERED&EVER_VALIDATED&IS_VALIDATED ; KeepConnected : 0) Caps [ Transports: CELLULAR|SATELLITE Capabilities: MMS&SUPL&DUN&FOTA&IMS&CBS&IA&RCS&XCAP&EIMS&INTERNET&NOT_RESTRICTED&TRUSTED&NOT_VPN&MCX&NOT_VCN_MANAGED&ENTERPRISE&VSIM&BIP&MMTEL&PRIORITIZE_LATENCY&PRIORITIZE_BANDWIDTH&NOT_BANDWIDTH_CONSTRAINED Specifier: <TelephonyNetworkSpecifier [mSubId = 1]> EnterpriseId: 1&2&3&4&5 UnderlyingNetworks: Null] Needed by [46, 264, 26, 241, 115, 258, 254, 76, 36, 252, 207, 227, 177, 219, 246, 64, 277, 163, 53, 151, 173, 179, 238, 34, 84, 32, 145, 40, 56, 273, 165, 261, 80, 7, 138, 184, 15, 216, 149, 28, 167, 192, 169, 42, 66, 24, 234, 48, 87, 142, 269, 38, 196, 204, 1, 189, 171, 279, 224, 98, 153, 50, 102, 147, 58, 112, 133, 44, 70, 136, 281, 18, 202, 275, 157, 271, 9, 182, 248, 93, 30, 90, 198, 231, 221, 186, 266, 159, 213]]
07-28 21:31:52.766  3415  4435 D ConnectivityService: update offer from providerId 5 new : NetworkOffer [ Provider Id (5) Score(Policies : YIELD_TO_BAD_WIFI&TRANSPORT_PRIMARY&EVER_EVALUATED&IS_UNMETERED&EVER_VALIDATED&IS_VALIDATED ; KeepConnected : 0) Caps [ Transports: CELLULAR|SATELLITE Capabilities: MMS&SUPL&DUN&FOTA&IMS&CBS&IA&RCS&XCAP&EIMS&INTERNET&NOT_RESTRICTED&TRUSTED&NOT_VPN&MCX&NOT_VCN_MANAGED&ENTERPRISE&VSIM&BIP&MMTEL&PRIORITIZE_LATENCY&PRIORITIZE_BANDWIDTH&NOT_BANDWIDTH_CONSTRAINED Specifier: <TelephonyNetworkSpecifier [mSubId = 1]> EnterpriseId: 1&2&3&4&5 UnderlyingNetworks: Null] Needed by [46, 264, 26, 241, 115, 258, 254, 76, 36, 252, 207, 227, 177, 219, 246, 64, 277, 163, 53, 151, 173, 179, 238, 34, 84, 32, 145, 40, 56, 273, 165, 261, 80, 7, 138, 184, 15, 216, 149, 28, 167, 192, 169, 42, 66, 24, 234, 48, 87, 142, 269, 38, 196, 204, 1, 189, 171, 279, 224, 98, 153, 50, 102, 147, 58, 112, 133, 44, 70, 136, 281, 18, 202, 275, 157, 271, 9, 182, 248, 93, 30, 90, 198, 231, 221, 186, 266, 159, 213]]
07-28 21:31:52.766  3415  4435 D ConnectivityService: unregister offer from providerId 6 : NetworkOffer [ Provider Id (6) Score(Policies : YIELD_TO_BAD_WIFI&EVER_EVALUATED&IS_UNMETERED&EVER_VALIDATED&IS_VALIDATED ; KeepConnected : 0) Caps [ Transports: CELLULAR|SATELLITE Capabilities: MMS&SUPL&DUN&FOTA&IMS&CBS&IA&RCS&XCAP&EIMS&INTERNET&NOT_RESTRICTED&TRUSTED&NOT_VPN&MCX&NOT_VCN_MANAGED&ENTERPRISE&VSIM&BIP&MMTEL&PRIORITIZE_LATENCY&PRIORITIZE_BANDWIDTH&NOT_BANDWIDTH_CONSTRAINED Specifier: <TelephonyNetworkSpecifier [mSubId = -1]> EnterpriseId: 1&2&3&4&5 UnderlyingNetworks: Null] Needed by [46, 264, 26, 241, 115, 258, 254, 76, 36, 252, 207, 227, 177, 219, 246, 64, 277, 163, 53, 151, 173, 179, 238, 34, 84, 32, 145, 40, 56, 273, 165, 261, 80, 7, 138, 184, 15, 216, 149, 28, 167, 192, 169, 42, 66, 24, 234, 48, 87, 142, 269, 38, 196, 204, 1, 189, 171, 279, 224, 98, 153, 50, 102, 147, 58, 112, 133, 44, 70, 136, 281, 18, 202, 275, 157, 271, 9, 182, 248, 93, 30, 90, 198, 231, 221, 186, 266, 159, 213]]
07-28 21:31:52.766  3415  4435 D ConnectivityService: update offer from providerId 6 new : NetworkOffer [ Provider Id (6) Score(Policies : YIELD_TO_BAD_WIFI&EVER_EVALUATED&IS_UNMETERED&EVER_VALIDATED&IS_VALIDATED ; KeepConnected : 0) Caps [ Transports: CELLULAR|SATELLITE Capabilities: MMS&SUPL&DUN&FOTA&IMS&CBS&IA&RCS&XCAP&EIMS&INTERNET&NOT_RESTRICTED&TRUSTED&NOT_VPN&MCX&NOT_VCN_MANAGED&ENTERPRISE&VSIM&BIP&MMTEL&PRIORITIZE_LATENCY&PRIORITIZE_BANDWIDTH&NOT_BANDWIDTH_CONSTRAINED Specifier: <TelephonyNetworkSpecifier [mSubId = -1]> EnterpriseId: 1&2&3&4&5 UnderlyingNetworks: Null] Needed by [46, 264, 26, 241, 115, 258, 254, 76, 36, 252, 207, 227, 177, 219, 246, 64, 277, 163, 53, 151, 173, 179, 238, 34, 84, 32, 145, 40, 56, 273, 165, 261, 80, 7, 138, 184, 15, 216, 149, 28, 167, 192, 169, 42, 66, 24, 234, 48, 87, 142, 269, 38, 196, 204, 1, 189, 171, 279, 224, 98, 153, 50, 102, 147, 58, 112, 133, 44, 70, 136, 281, 18, 202, 275, 157, 271, 9, 182, 248, 93, 30, 90, 198, 231, 221, 186, 266, 159, 213]]
07-28 21:31:52.766  3415  4851 W ContextImpl: Calling a method in the system process without a qualified user: android.app.ContextImpl.sendBroadcastMultiplePermissions:1344 com.android.server.TelephonyRegistry.broadcastServiceStateChanged:3745 com.android.server.TelephonyRegistry.notifyServiceStateForPhoneId:1787 com.android.internal.telephony.ITelephonyRegistry$Stub.onTransact:546 android.os.Binder.execTransactInternal:1523 
07-28 21:31:52.766  3415  4426 D WifiNative: onSetCountryCodeSucceeded: US
07-28 21:31:52.767  3415  4426 I WifiCountryCode: Receive onSetCountryCodeSucceeded US
07-28 21:31:52.767  3415  4426 I WifiNl80211Manager: Receive country code change to US
07-28 21:31:52.767  2759  2759 I wificond: Receive notifyCountryCodeChanged
07-28 21:31:52.767  3415  4426 D WifiScanRequestProxy: Sending scan available broadcast: true
07-28 21:31:52.767  2759  2759 I wificond: UpdateBandInfo
07-28 21:31:52.767  3415  4430 I WifiScanningService: Received a request to enable scanning, UID = 1000
07-28 21:31:52.767  3415  4430 I WifiScanningService: scanner impls already exists
07-28 21:31:52.767  3415  4430 E WifiScanningService: wifi driver loaded received while already loaded
07-28 21:31:52.767  3415  4426 I WifiScanRequestProxy: Scanning is enabled
07-28 21:31:52.767  3415  4426 I WifiScanRequestProxy: Scanning for hidden networks is disabled
07-28 21:31:52.767  4829  4829 I KeyguardUpdateMonitor: action=android.intent.action.SERVICE_STATE subId=1 slotId=0
07-28 21:31:52.767  3415  4426 D WakeupController: start()
07-28 21:31:52.767  3415  3415 D OplusWifiBroadCastDispatcher: mBroadcastReceiver: onReceiver  action=android.net.wifi.action.WIFI_SCAN_AVAILABILITY_CHANGED
07-28 21:31:52.767  3415  4426 E WifiStaIfaceAidlImpl: setScanMode failed with service-specific exception: android.os.ServiceSpecificException:  (code 4)
07-28 21:31:52.767  4829  5079 I SystemUi--QuickSettings: Tile.OplusCellularTile-->updateCarrierText: dialog not showing, ignore
07-28 21:31:52.767  3415  4426 I WifiService: Receive onDriverCountryCodeChanged to US, update available channel list
07-28 21:31:52.768  2759  2759 I wificond: 2.4Ghz frequencies: 2412 2417 2422 2427 2432 2437 2442 2447 2452 2457 2462
07-28 21:31:52.768  2759  2759 I wificond: 5Ghz non-DFS frequencies: 5180 5200 5220 5240 5745 5765 5785 5805 5825
07-28 21:31:52.768  2759  2759 I wificond: 5Ghz DFS frequencies: 5260 5280 5300 5320 5500 5520 5540 5560 5580 5600 5620 5640 5660 5680 5700
07-28 21:31:52.768  2759  2759 I wificond: 6Ghz frequencies:
07-28 21:31:52.768  2759  2759 I wificond: 60Ghz frequencies:
07-28 21:31:52.768  4829  5663 V OplusCustomizeCacheManager: queryCache name: sys.cache.common_customize_cache18014 param: null
07-28 21:31:52.768  4829  5663 V OplusCustomizeCacheManager: queryCache name: sys.cache.common_customize_cache18017 param: Bundle[{SETTING=BLOCK, BUSINESS=NCT-DATA}]
07-28 21:31:52.768  3415  4426 E ApConfigUtil: Malformed channel value detected: java.lang.NumberFormatException: For input string: ""
07-28 21:31:52.768  4829  5663 V OplusCustomizeCacheManager: queryCache name: sys.cache.common_customize_cache18013 param: null
07-28 21:31:52.768  3415  4851 W ContextImpl: Calling a method in the system process without a qualified user: android.app.ContextImpl.sendBroadcastMultiplePermissions:1344 com.android.server.TelephonyRegistry.broadcastServiceStateChanged:3754 com.android.server.TelephonyRegistry.notifyServiceStateForPhoneId:1787 com.android.internal.telephony.ITelephonyRegistry$Stub.onTransact:546 android.os.Binder.execTransactInternal:1523 
07-28 21:31:52.768  3415  4549 D OplusWifiPower_ConnLpmEventObsever: onReceive EXTRA_SCAN_AVAILABLE availabe = true
07-28 21:31:52.768  3415  4549 D OplusWifiPowerService: onReceive action:android.net.wifi.action.WIFI_SCAN_AVAILABILITY_CHANGED
07-28 21:31:52.768  3415  4549 D OplusWifiSwitchStateMonitor: scan settings change to true
07-28 21:31:52.768  3415  4851 W ContextImpl: Calling a method in the system process without a qualified user: android.app.ContextImpl.sendBroadcastMultiplePermissions:1344 com.android.server.TelephonyRegistry.broadcastServiceStateChanged:3760 com.android.server.TelephonyRegistry.notifyServiceStateForPhoneId:1787 com.android.internal.telephony.ITelephonyRegistry$Stub.onTransact:546 android.os.Binder.execTransactInternal:1523 
07-28 21:31:52.769  6934  6934 I OsAgent : onReceive: android.net.wifi.action.WIFI_SCAN_AVAILABILITY_CHANGED
07-28 21:31:52.769  3415  4426 E ApConfigUtil: Malformed channel value detected: java.lang.NumberFormatException: For input string: ""
07-28 21:31:52.769  6934  8014 I OsAgent : updateWiFiScanAvailState, scanAvailable: true
07-28 21:31:52.770  3415  4426 E ApConfigUtil: Malformed channel value detected: java.lang.NumberFormatException: For input string: ""
07-28 21:31:52.771  4829  5007 I SystemUi--Statusbar: NetworkController.WifiSignalController-->wifi Broadcast action = android.telephony.action.SERVICE_PROVIDERS_UPDATED state=1 enabled=false connected=false isDefaultNetwork=false rssi=0 level=0 statusLabel = null isDirty = false
07-28 21:31:52.771  3415  4426 I WifiService: Receive onDriverCountryCodeChanged to US, update available channel list
07-28 21:31:52.771  3415  4426 E ApConfigUtil: Malformed channel value detected: java.lang.NumberFormatException: For input string: ""
07-28 21:31:52.771  4829  5079 D SimStateHelper: slot:0, lock state:Bundle[mParcelledData.dataSize=56]
07-28 21:31:52.772  3415  4548 D OplusSoftApManager: Support Wi-Fi6 SAP
07-28 21:31:52.772  5887  5887 D CellBroadcastReceiver: onReceive Intent { act=android.intent.action.SERVICE_STATE flg=0x1000010 cmp=com.android.cellbroadcastreceiver.module/com.android.cellbroadcastreceiver.CellBroadcastReceiver (has extras) }
07-28 21:31:52.772  3415  4426 E ApConfigUtil: Malformed channel value detected: java.lang.NumberFormatException: For input string: ""
07-28 21:31:52.772  5887  5887 D CellBroadcastReceiver: onServiceStateChanged, ss: 1
07-28 21:31:52.773  3415  4851 W ContextImpl: Calling a method in the system process without a qualified user: android.app.ContextImpl.sendBroadcastMultiplePermissions:1311 android.content.Context.sendBroadcastMultiplePermissions:2524 com.android.server.TelephonyRegistry.broadcastServiceStateChanged:3740 com.android.server.TelephonyRegistry.notifyServiceStateForPhoneId:1787 com.android.internal.telephony.ITelephonyRegistry$Stub.onTransact:546 
07-28 21:31:52.773  3415  4426 E ApConfigUtil: Malformed channel value detected: java.lang.NumberFormatException: For input string: ""
07-28 21:31:52.773  3415  4426 I WifiService: Receive onDriverCountryCodeChanged to US, update available channel list
07-28 21:31:52.774  3415  4851 W ContextImpl: Calling a method in the system process without a qualified user: android.app.ContextImpl.sendBroadcastMultiplePermissions:1344 com.android.server.TelephonyRegistry.broadcastServiceStateChanged:3745 com.android.server.TelephonyRegistry.notifyServiceStateForPhoneId:1787 com.android.internal.telephony.ITelephonyRegistry$Stub.onTransact:546 android.os.Binder.execTransactInternal:1523 
07-28 21:31:52.774  3415  4426 E ApConfigUtil: Malformed channel value detected: java.lang.NumberFormatException: For input string: ""
07-28 21:31:52.774  4829  5079 D SimStateHelper: slot:1, lock state:Bundle[mParcelledData.dataSize=56]
07-28 21:31:52.774  4829  5079 D SimStateHelper: needDisableMenu: slot1State=-1; slot2State=-1
07-28 21:31:52.774  4829  5079 D SimStateHelper: needDisableMenu:false
07-28 21:31:52.774  4829  5079 I SystemUi--QuickSettings: Tile.OplusCellularTile-->updateCarrierText: dialog not showing, ignore
07-28 21:31:52.774  4829  5079 D SimStateHelper: slot:0, lock state:Bundle[mParcelledData.dataSize=56]
07-28 21:31:52.775  4829  4829 I KeyguardUpdateMonitor: action=android.intent.action.SERVICE_STATE subId=-1 slotId=1
07-28 21:31:52.775  4829  4829 W KeyguardUpdateMonitorLog: invalid subId in handleServiceStateChange()
07-28 21:31:52.775  3415  4851 W ContextImpl: Calling a method in the system process without a qualified user: android.app.ContextImpl.sendBroadcastMultiplePermissions:1344 com.android.server.TelephonyRegistry.broadcastServiceStateChanged:3754 com.android.server.TelephonyRegistry.notifyServiceStateForPhoneId:1787 com.android.internal.telephony.ITelephonyRegistry$Stub.onTransact:546 android.os.Binder.execTransactInternal:1523 
07-28 21:31:52.775  4829  5079 D SimStateHelper: slot:1, lock state:Bundle[mParcelledData.dataSize=56]
07-28 21:31:52.775  4829  5079 D SimStateHelper: needDisableMenu: slot1State=-1; slot2State=-1
07-28 21:31:52.775  3415  4851 W ContextImpl: Calling a method in the system process without a qualified user: android.app.ContextImpl.sendBroadcastMultiplePermissions:1344 com.android.server.TelephonyRegistry.broadcastServiceStateChanged:3760 com.android.server.TelephonyRegistry.notifyServiceStateForPhoneId:1787 com.android.internal.telephony.ITelephonyRegistry$Stub.onTransact:546 android.os.Binder.execTransactInternal:1523 
07-28 21:31:52.775  4829  5079 D SimStateHelper: needDisableMenu:false
07-28 21:31:52.775  4829  5079 I SystemUi--QuickSettings: Tile.OplusCellularTile-->updateCarrierText: dialog not showing, ignore
07-28 21:31:52.775  5887  5887 D CellBroadcastReceiver: networkOperator: 
07-28 21:31:52.775  4829  5079 D SimStateHelper: slot:0, lock state:Bundle[mParcelledData.dataSize=56]
07-28 21:31:52.775  4829  5079 D SimStateHelper: slot:1, lock state:Bundle[mParcelledData.dataSize=56]
07-28 21:31:52.775  4829  5079 D SimStateHelper: needDisableMenu: slot1State=-1; slot2State=-1
07-28 21:31:52.775  4829  5079 D SimStateHelper: needDisableMenu:false
07-28 21:31:52.775  3415  4426 E ApConfigUtil: Malformed channel value detected: java.lang.NumberFormatException: For input string: ""
07-28 21:31:52.776  4891  4911 W System  : A resource failed to call AbstractCursor.close. 
07-28 21:31:52.776  5887  5887 D CellBroadcastReceiver: mockmodem is running? = false
07-28 21:31:52.776  4891  4911 W System  : A resource failed to call AbstractCursor.close. 
07-28 21:31:52.776  4891  4911 W System  : A resource failed to call AbstractCursor.close. 
07-28 21:31:52.776  5887  5887 D CellBroadcastReceiver: Start Cell Broadcast configuration for intent=ACTION_ENABLE_CHANNELS
07-28 21:31:52.776  3415  4426 E ApConfigUtil: Malformed channel value detected: java.lang.NumberFormatException: For input string: ""
07-28 21:31:52.776  3415  3679 D LocationManagerService: passive provider added registration from 1000/android[CountryDetector]/F0C87607 -> Request[PASSIVE, minUpdateInterval=0, WorkSource{1000 android}] permissionLevel: 2 permitted: true
07-28 21:31:52.777  3415  5241 W BestClock: java.time.DateTimeException: Missing network time fix
07-28 21:31:52.778  3415  4851 W BestClock: java.time.DateTimeException: Missing network time fix
07-28 21:31:52.778  4829  5663 V OplusCustomizeCacheManager: queryCache name: sys.cache.common_customize_cache18014 param: null
07-28 21:31:52.778  4829  5663 V OplusCustomizeCacheManager: queryCache name: sys.cache.common_customize_cache18017 param: Bundle[{SETTING=BLOCK, BUSINESS=NCT-DATA}]
07-28 21:31:52.778  4829  5663 V OplusCustomizeCacheManager: queryCache name: sys.cache.common_customize_cache18013 param: null
07-28 21:31:52.779  5887  5887 D CellBroadcastReceiver: onReceive Intent { act=android.intent.action.SERVICE_STATE flg=0x1000010 cmp=com.android.cellbroadcastreceiver.module/com.android.cellbroadcastreceiver.CellBroadcastReceiver (has extras) }
07-28 21:31:52.780  5887  5887 D CellBroadcastReceiver: onServiceStateChanged, ss: 1
07-28 21:31:52.780  5887  5887 D CellBroadcastReceiver: networkOperator: 
07-28 21:31:52.780  5887 13128 D CellBroadcastConfigService: Enable CellBroadcast on sub 1
07-28 21:31:52.780  4891  4891 V OplusCustomizeCacheManager: queryCache name: sys.cache.common_customize_cache18016 param: null
07-28 21:31:52.780  4891  4891 V OplusCustomizeCacheManager: queryCache name: sys.cache.common_customize_cache18013 param: null
07-28 21:31:52.780  4891  4891 V OplusCustomizeCacheManager: queryCache name: sys.cache.common_customize_cache18014 param: null
07-28 21:31:52.780  4891  4891 V OplusCustomizeCacheManager: queryCache name: sys.cache.common_customize_cache18017 param: Bundle[{SETTING=BLOCK, BUSINESS=NCT-DATA}]
07-28 21:31:52.781  4891  4891 V OplusCustomizeCacheManager: queryCache name: sys.cache.common_customize_cache18016 param: null
07-28 21:31:52.781  4891  4891 V OplusCustomizeCacheManager: queryCache name: sys.cache.common_customize_cache18013 param: null
07-28 21:31:52.781  4891  4891 V OplusCustomizeCacheManager: queryCache name: sys.cache.common_customize_cache18014 param: null
07-28 21:31:52.781  4891  4891 V OplusCustomizeCacheManager: queryCache name: sys.cache.common_customize_cache18017 param: Bundle[{SETTING=BLOCK, BUSINESS=NCT-DATA}]
07-28 21:31:52.782  4891  5908 D CellBroadcastConfigTracker-0: Failed to set cdma config
07-28 21:31:52.782  5887  5906 E CellBroadcastConfigService: fails to setCellBroadcastRanges, result = 2
07-28 21:31:52.782  4891  4891 I Telephony: y0: onServiceStateChanged: newState=1, mServiceState=3
07-28 21:31:52.783  4891  4891 I Telephony: isRttCurrentlySupported -- regular acct, hasVoiceAvailability: false
07-28 21:31:52.783  4891  4891 I Telephony:  isRttSupported: false
07-28 21:31:52.783  4891  4891 I Telephony:  isUserRttSettingOn: false
07-28 21:31:52.783  4891  4891 I Telephony:  alwaysAllowWhileRoaming: false
07-28 21:31:52.783  4891  4891 I Telephony:  isRoaming: false
07-28 21:31:52.783  4891  4891 I Telephony:  isOnWfc: false
07-28 21:31:52.784  5188  5188 D SubsysEventListenerManager-SubsysTelephonyCallback[0]: onSignalStrengthsChanged
07-28 21:31:52.785  4891  4891 D InternationalRoamingNotification: init
07-28 21:31:52.785  5188  8971 D VirtualCommService2: isSupport. true, true
07-28 21:31:52.785  4891  4891 D OplusVirtualCommUtils: isVirtualCommSupport, vRet: true
07-28 21:31:52.785  4891  4891 I OplusVirtualCommUtils: getVirtualCommDeviceType, vRet: 1
07-28 21:31:52.785  4891  4891 I OplusVirtualCommUtils: isConsumerDeviceType, deviceType: 1
07-28 21:31:52.786  4891  4891 D InternationalRoamingNotification: do not createRoamingNotification for invalid Network
07-28 21:31:52.786  4891  4891 D OplusTelephonyController: onSignalStrengthChanged: SignalStrength=SignalStrength:{mCdma=CellSignalStrengthCdma: cdmaDbm=2147483647 cdmaEcio=2147483647 evdoDbm=2147483647 evdoEcio=2147483647 evdoSnr=2147483647 level=0,mGsm=CellSignalStrengthGsm: rssi=2147483647 ber=2147483647 mTa=2147483647 mLevel=0,mWcdma=CellSignalStrengthWcdma: ss=2147483647 ber=2147483647 rscp=2147483647 ecno=2147483647 level=0,mTdscdma=CellSignalStrengthTdscdma: rssi=2147483647 ber=2147483647 rscp=2147483647 level=0,mLte=CellSignalStrengthLte: rssi=2147483647 rsrp=2147483647 rsrq=2147483647 rssnr=2147483647 cqiTableIndex=2147483647 cqi=2147483647 ta=2147483647 level=0 parametersUseForLevel=0,mNr=CellSignalStrengthNr:{ csiRsrp = 2147483647 csiRsrq = 2147483647 csiCqiTableIndex = 2147483647 csiCqiReport = [] ssRsrp = 2147483647 ssRsrq = 2147483647 ssSinr = 2147483647 level = 0 parametersUseForLevel = 0 timingAdvance = 2147483647 },primary=CellSignalStrengthLte}
07-28 21:31:52.786  5188  5188 D SubsysEventListenerManager-SubsysTelephonyCallback[0]: onCellInfoChanged
07-28 21:31:52.787  3415  5241 W BestClock: java.time.DateTimeException: Missing network time fix
07-28 21:31:52.788  3415  5842 W BestClock: java.time.DateTimeException: Missing network time fix
07-28 21:31:52.789  4829  5663 V OplusCustomizeCacheManager: queryCache name: sys.cache.common_customize_cache18014 param: null
07-28 21:31:52.789  4829  5663 V OplusCustomizeCacheManager: queryCache name: sys.cache.common_customize_cache18017 param: Bundle[{SETTING=BLOCK, BUSINESS=NCT-DATA}]
07-28 21:31:52.789  4829  5663 V OplusCustomizeCacheManager: queryCache name: sys.cache.common_customize_cache18013 param: null
07-28 21:31:52.792  4829  4829 I SystemUi--QuickSettings: QsLottieUtils-->getLottieAnimFile : qs/qs_airplane_lottie_active_sep_dual_light.json
07-28 21:31:52.792  4829  4829 I SystemUi--QuickSettings: TemporarilyInfoManager-->[trigger] start from show
07-28 21:31:52.793  4829  4829 I SystemUi--QuickSettings: TemporarilyInfoManager-->[getLayoutParams] translationY=102.08491, translationX=0, width=1080, height=228, isLandscape=false, parent=androidx.constraintlayout.widget.ConstraintLayout{9b8acce V.E...... ......ID 0,0-1080,2376 #7f0a09f6 app:id/qs_container_area_layout alpha=1.0 viewInfo = }
07-28 21:31:52.793  4829  4829 I SystemUi--Common: ViewExt-->[startAlongWithPosition] com.oplus.systemui.qs.base.temporarilyinfo.TemporarilyInfoManager$createViewToParent$1{131ce02 V.ED..... ......ID 0,0-0,0 #7f0a0cb6 app:id/temporarily_info_view alpha=0.0 viewInfo = } alongWith android.widget.RelativeLayout{6858313 V.E...... ........ 0,102-1080,222 #7f0a0a2e app:id/qs_status_bar_container_layout alpha=1.0 viewInfo = }
07-28 21:31:52.793  4829  4829 I SystemUi--QuickSettings: TemporarilyInfoManager-->[showElement] com.oplus.systemui.qs.base.temporarilyinfo.TemporarilyInfoManager$createViewToParent$1{131ce02 V.ED..... ......ID 0,0-0,0 #7f0a0cb6 app:id/temporarily_info_view alpha=0.0 viewInfo = } for Element(text=Airplane mode off, groupId=Airplane mode, style=InfoShowStyle(textSize=16.0, sizeUnit=2, textColor=-1, showDuration=1500, alongWithReplacedView=true))
07-28 21:31:52.793  4829  4829 I SystemUi--QuickSettings: TemporarilyInfoManager-->[animateShow] com.oplus.systemui.qs.base.temporarilyinfo.TemporarilyInfoManager$createViewToParent$1{131ce02 VFED..C.. ......ID 0,0-0,0 #7f0a0cb6 app:id/temporarily_info_view alpha=0.0 viewInfo = } start
07-28 21:31:52.797  1883  1929 I [UAH_CLIENT]: UahRelease, handle:43
07-28 21:31:52.818  4829  4829 I SystemUi--QuickSettings: QsLottieUtils-->getLottieAnimFile : qs/qs_cellular_lottie_active_sep_dual_light.json
07-28 21:31:52.825  3402  3856 D QmiClient: qmiServiceEventCallback recv msg id 1106
07-28 21:31:52.825  3402  3856 D QmiVsClient: enter - onQmiServiceEventCallback msgId 1106
07-28 21:31:52.825  3402  3433 D VsProxy : handleMessage msg is 2425
07-28 21:31:52.825  3402  3433 D VsProxy : handleServingCellInfoChangeInd for instance 0
07-28 21:31:52.825  3402  3402 D RadioServiceIndication: radioServingCellInfoInd
07-28 21:31:52.826  3402  3402 D RadioServiceIndication: radioServingCellInfoInd
07-28 21:31:52.826  5188  8971 D SubsysRadioIndication[0]: radioServingCellInfoInd
07-28 21:31:52.826  5188  5188 D NetworkService[0]: handleMessage what:1003
07-28 21:31:52.826  5188  8971 D SubsysRadioIndication[0]: radioServingCellInfoInd
07-28 21:31:52.827  5188  5188 D NetworkService[0]: handleMessage what:1003
07-28 21:31:52.828  4978  5765 D RadioEvent: onCellInfoChanged slotId=0
07-28 21:31:52.829  4978  5765 D RadioEvent: onCellInfoChanged slotId=0
07-28 21:31:52.830  3402  3852 D QmiClient: qmiServiceEventCallback recv msg id 276
07-28 21:31:52.830  3402  3852 D QmiNasClient: enter : onQmiServiceEventCallback msgId 276
07-28 21:31:52.830  3402  3852 D QmiNasClientEvent: qmiNasClientAccessBarringStatusEvent - RADIO_EVENT_NAS_ACCESS_BARRING_STATUS_IND
07-28 21:31:52.830  3402  3852 D QmiClient: qmiServiceEventCallback recv msg id 78
07-28 21:31:52.830  3402  3852 D QmiNasClient: enter : onQmiServiceEventCallback msgId 78
07-28 21:31:52.830  3403  3851 D QmiClient: qmiServiceEventCallback recv msg id 276
07-28 21:31:52.830  3403  3851 D QmiNasClient: enter : onQmiServiceEventCallback msgId 276
07-28 21:31:52.830  3403  3851 D QmiNasClientEvent: qmiNasClientAccessBarringStatusEvent - RADIO_EVENT_NAS_ACCESS_BARRING_STATUS_IND
07-28 21:31:52.830  3402  3852 D QmiNasClientEvent: qmiNasClientNotifySysInfoEvent lte_ims_voice_avail_valid 0
07-28 21:31:52.832  5057  6425 I QImsService: ImsRadioIndicationAidl : onServiceDomainChanged()[SUB0]
07-28 21:31:52.832  5057  6425 I QImsService: ImsSenderRxr : [UNSL]< UNSOL_SERVICE_DOMAIN_CHANGED 0[SUB0]
07-28 21:31:52.833  5057  5057 I QImsService: ImsRegistrationController : Message received: what = 5
07-28 21:31:52.833  5057  5057 I QImsService: ImsRegistrationController : handleSrvDomainChanged
07-28 21:31:52.835  3403  3458 D NasProxy: handleMessage msg is 2104
07-28 21:31:52.835  3402  3451 D NasProxy: handleMessage msg is 2104
07-28 21:31:52.835  3402  3451 D NasProxy: handleMessage msg is 2101
07-28 21:31:52.835  3402  3451 D NasProxy: handleNasSysInfoEvent for instance 0
07-28 21:31:52.837  5188  8971 D SubsysRadioIndication[0]: radioNasAccessBarringStatusInd, NasAccessBarringStatusType: radioIf:12, dataBarringStatus:0, dataBarringTime:0, voiceBarringStatus:0, voiceBarringTime:0, videoBarringStatus:0, videoBarringTime:0
07-28 21:31:52.837  5188  8971 D SubsysRadioIndication[0]: notify enter
07-28 21:31:52.838  5112  6094 D IWlanJni: getDataRegistrationState start
07-28 21:31:52.838  5188  8971 D SubsysRadioIndication[0]: radioNr5gFreqTypeIndication, nr5gFreqType = 0
07-28 21:31:52.838  5188  5188 D QtiCellularNetwork: handleNr5gFreqTypeChanged 0, nr5gFreqType = 0
07-28 21:31:52.838  4955  5092 D QtiOemHookAidl: oemHookRawIndication length=21
07-28 21:31:52.838  5188  5250 D SubsysRadioIndication[1]: radioNasAccessBarringStatusInd, NasAccessBarringStatusType: radioIf:12, dataBarringStatus:0, dataBarringTime:0, voiceBarringStatus:0, voiceBarringTime:0, videoBarringStatus:0, videoBarringTime:0
07-28 21:31:52.838  5188  5250 D SubsysRadioIndication[1]: notify enter
07-28 21:31:52.838  4955  4955 D QcrilMsgTunnelIfaceManager: handleMessage what = 0
07-28 21:31:52.838  5112  6145 D IWlanJni: new aidl event arrived
07-28 21:31:52.838  5112  6145 D IWlanJni: handleEvent 10
07-28 21:31:52.838  5112  6145 D IWlanJni: isThreadAttached start
07-28 21:31:52.838  5112  6145 D IWlanJni: jni detached
07-28 21:31:52.839  5112  6145 D IWlanJni: jni attached
07-28 21:31:52.839  5112  6145 D IWlanJni: getDataRegistrationStateResponse start
07-28 21:31:52.839  5112  6145 D IWlanJni: getJavaCallbackClass start
07-28 21:31:52.839  5112  6145 D IWlanJni: getJavaCallbackClass End midIs[1]
07-28 21:31:52.839  5112  6145 I IWlanAidlClient: getDataRegistrationStateResponse called
07-28 21:31:52.839  5112  6144 W IWlanNetworkService: 14 > Response Processed
07-28 21:31:52.839  4891  4891 D QC_RIL_OEM_HOOK: Received Broadcast Intent ACTION_UNSOL_RESPONSE_OEM_HOOK_RAW
07-28 21:31:52.839  4891  4891 D QC_RIL_OEM_HOOK: Received Broadcast Intent ACTION_UNSOL_RESPONSE_OEM_HOOK_RAW
07-28 21:31:52.840  4891  4891 D QC_RIL_OEM_HOOK: Received Broadcast Intent ACTION_UNSOL_RESPONSE_OEM_HOOK_RAW
07-28 21:31:52.840  4955  4955 D QC_RIL_OEM_HOOK: Received Broadcast Intent ACTION_UNSOL_RESPONSE_OEM_HOOK_RAW
07-28 21:31:52.841  4891  4891 D OplusTelephonyController: onSignalStrengthChanged: SignalStrength=SignalStrength:{mCdma=CellSignalStrengthCdma: cdmaDbm=2147483647 cdmaEcio=2147483647 evdoDbm=2147483647 evdoEcio=2147483647 evdoSnr=2147483647 level=0,mGsm=CellSignalStrengthGsm: rssi=2147483647 ber=2147483647 mTa=2147483647 mLevel=0,mWcdma=CellSignalStrengthWcdma: ss=2147483647 ber=2147483647 rscp=2147483647 ecno=2147483647 level=0,mTdscdma=CellSignalStrengthTdscdma: rssi=2147483647 ber=2147483647 rscp=2147483647 level=0,mLte=CellSignalStrengthLte: rssi=2147483647 rsrp=2147483647 rsrq=2147483647 rssnr=2147483647 cqiTableIndex=2147483647 cqi=2147483647 ta=2147483647 level=0 parametersUseForLevel=0,mNr=CellSignalStrengthNr:{ csiRsrp = 2147483647 csiRsrq = 2147483647 csiCqiTableIndex = 2147483647 csiCqiReport = [] ssRsrp = 2147483647 ssRsrq = 2147483647 ssSinr = 2147483647 level = 0 parametersUseForLevel = 0 timingAdvance = 2147483647 },primary=CellSignalStrengthLte}
07-28 21:31:52.841  5188  5188 D SubsysEventListenerManager-SubsysTelephonyCallback[0]: onSignalStrengthsChanged
07-28 21:31:52.842  5112  6094 D IWlanJni: getDataRegistrationState start
07-28 21:31:52.842  5112  6145 D IWlanJni: new aidl event arrived
07-28 21:31:52.842  5112  6145 D IWlanJni: handleEvent 10
07-28 21:31:52.842  5112  6145 D IWlanJni: isThreadAttached start
07-28 21:31:52.842  5112  6145 D IWlanJni: jni detached
07-28 21:31:52.843  5112  6145 D IWlanJni: jni attached
07-28 21:31:52.843  5112  6145 D IWlanJni: getDataRegistrationStateResponse start
07-28 21:31:52.843  5112  6145 D IWlanJni: getJavaCallbackClass start
07-28 21:31:52.843  5112  6145 D IWlanJni: getJavaCallbackClass End midIs[1]
07-28 21:31:52.843  5112  6145 I IWlanAidlClient: getDataRegistrationStateResponse called
07-28 21:31:52.843  5112  6144 W IWlanNetworkService: 15 > Response Processed
07-28 21:31:52.843  4891  4891 W Settings: Setting airplane_mode_on has moved from android.provider.Settings.System to android.provider.Settings.Global, returning read-only value.
07-28 21:31:52.845  4978  5773 D NAS-CallIssueDetector: onPollCsPsRegStateChanged slotid = 0
07-28 21:31:52.845  4978  5773 D NAS-CallIssueDetector: notifyRealOosChanged
07-28 21:31:52.845  4978  5773 D OplusCiwlanController: [vodata] getSubId subid =  1
07-28 21:31:52.845  3415  3415 D OplusWifiBroadCastDispatcher: mBroadcastReceiver: onReceiver  action=oplus.intent.action.MCC_CHANGE
07-28 21:31:52.845  4978  5775 W BluetoothAdapterExtImpl: getBluetoothConnectionCountï¼šmOplusBluetooth null!
07-28 21:31:52.845  4622  4697 D CNGmsControlService: receive:oplus.intent.action.MCC_CHANGE
07-28 21:31:52.846  4978  5773 D OplusCiwlanController: [vodata] processOosChanged  phoneid = 0,cur regstate = 1,old regstate = -1
07-28 21:31:52.846  4978  5773 D OplusCiwlanController: [vodata] getSubId subid =  -1
07-28 21:31:52.846  4978  5773 D OplusCiwlanController: [vodata] processOosChanged  phoneid = 1,cur regstate = 1,old regstate = -1
07-28 21:31:52.846  3415  5842 W BestClock: java.time.DateTimeException: Missing network time fix
07-28 21:31:52.846  4978  5775 D TelephonyImpl: isRequestingMms
07-28 21:31:52.846  4978  5775 D TelephonyImpl: getReleaseMmsNetworkTime
07-28 21:31:52.847  4622  4697 D CNGmsControlService: mcc1=001 mcc2=null GmsState=2 TagWhitelistApp=true UserDisableCount=0 SettingsGmsState=1
07-28 21:31:52.847  7332  7332 I 7332PAS.MccChangeReceiver_Travel: onReceive
07-28 21:31:52.847  4978  5775 D OplusDdsSwitchStrategy: Md,OplusCheckFeature,RETURN_TO_CUR_ACTION_DDS
07-28 21:31:52.848  3415  5325 W BestClock: java.time.DateTimeException: Missing network time fix
07-28 21:31:52.848  4829  5663 V OplusCustomizeCacheManager: queryCache name: sys.cache.common_customize_cache18014 param: null
07-28 21:31:52.848  4829  5663 V OplusCustomizeCacheManager: queryCache name: sys.cache.common_customize_cache18017 param: Bundle[{SETTING=BLOCK, BUSINESS=NCT-DATA}]
07-28 21:31:52.848  4829  5663 V OplusCustomizeCacheManager: queryCache name: sys.cache.common_customize_cache18013 param: null
07-28 21:31:52.849  7332  8678 D NetWorkMonitor: addNetStateListener :true
07-28 21:31:52.849  3415  5325 D ConnectivityService: requestNetwork for uid/pid:10137/7332 activeRequest: null callbackRequest: 282 [NetworkRequest [ REQUEST id=283, [ Capabilities: INTERNET&NOT_RESTRICTED&TRUSTED&NOT_VCN_MANAGED&NOT_BANDWIDTH_CONSTRAINED Uid: 10137 RequestorUid: 10137 RequestorPkg: com.coloros.sceneservice UnderlyingNetworks: Null] ]] callback flags: 0 order: 2147483647 isUidTracked: false
07-28 21:31:52.850  7332  8678 D NetWorkMonitor: resume registerNetworkCallback
07-28 21:31:52.850  4829  5079 I SystemUi--QuickSettings: Tile.OplusCellularTile-->updateCarrierText: dialog not showing, ignore
07-28 21:31:52.850  4829  5079 D SimStateHelper: slot:0, lock state:Bundle[mParcelledData.dataSize=56]
07-28 21:31:52.850  4829  5079 D SimStateHelper: slot:1, lock state:Bundle[mParcelledData.dataSize=56]
07-28 21:31:52.850  4829  5079 D SimStateHelper: needDisableMenu: slot1State=-1; slot2State=-1
07-28 21:31:52.850  4829  5079 D SimStateHelper: needDisableMenu:false
07-28 21:31:52.850  3415  4426 D WifiNetworkFactory: got request NetworkRequest [ REQUEST id=283, [ Capabilities: INTERNET&NOT_RESTRICTED&TRUSTED&NOT_VCN_MANAGED&NOT_BANDWIDTH_CONSTRAINED Uid: 10137 RequestorUid: 10137 RequestorPkg: com.coloros.sceneservice UnderlyingNetworks: Null] ]
07-28 21:31:52.850  3415  4426 D UntrustedWifiNetworkFactory: got request NetworkRequest [ REQUEST id=283, [ Capabilities: INTERNET&NOT_RESTRICTED&TRUSTED&NOT_VCN_MANAGED&NOT_BANDWIDTH_CONSTRAINED Uid: 10137 RequestorUid: 10137 RequestorPkg: com.coloros.sceneservice UnderlyingNetworks: Null] ]
07-28 21:31:52.850  4891  6219 D OplusNetworkFactory: got request NetworkRequest [ REQUEST id=283, [ Capabilities: INTERNET&NOT_RESTRICTED&TRUSTED&NOT_VCN_MANAGED&NOT_BANDWIDTH_CONSTRAINED Uid: 10137 RequestorUid: 10137 RequestorPkg: com.coloros.sceneservice UnderlyingNetworks: Null] ]
07-28 21:31:52.850  3415  4426 D OemPaidWifiNetworkFactory: got request NetworkRequest [ REQUEST id=283, [ Capabilities: INTERNET&NOT_RESTRICTED&TRUSTED&NOT_VCN_MANAGED&NOT_BANDWIDTH_CONSTRAINED Uid: 10137 RequestorUid: 10137 RequestorPkg: com.coloros.sceneservice UnderlyingNetworks: Null] ]
07-28 21:31:52.850  3415  4426 D MultiInternetWifiNetworkFactory: got request NetworkRequest [ REQUEST id=283, [ Capabilities: INTERNET&NOT_RESTRICTED&TRUSTED&NOT_VCN_MANAGED&NOT_BANDWIDTH_CONSTRAINED Uid: 10137 RequestorUid: 10137 RequestorPkg: com.coloros.sceneservice UnderlyingNetworks: Null] ]
07-28 21:31:52.850  3415  4435 D ConnectivityService: NetReassign [no changes] [c 0] [a 0] [i 1]
07-28 21:31:52.851  4978  6253 W Binder  : Caught a RuntimeException from the binder stub implementation.
07-28 21:31:52.851  4978  6253 W Binder  : java.lang.NullPointerException: Attempt to invoke virtual method 'boolean android.net.Uri.equals(java.lang.Object)' on a null object reference
07-28 21:31:52.851  4978  6253 W Binder  : 	at xb.a$b.onChange(Unknown Source:16)
07-28 21:31:52.851  4978  6253 W Binder  : 	at android.database.ContentObserver.onChange(ContentObserver.java:184)
07-28 21:31:52.851  4978  6253 W Binder  : 	at android.database.ContentObserver.onChange(ContentObserver.java:202)
07-28 21:31:52.851  4978  6253 W Binder  : 	at android.database.ContentObserver.onChange(ContentObserver.java:224)
07-28 21:31:52.851  4978  6253 W Binder  : 	at android.database.ContentObserver.onChange(ContentObserver.java:236)
07-28 21:31:52.851  4978  6253 W Binder  : 	at android.database.ContentObserver.dispatchChange(ContentObserver.java:335)
07-28 21:31:52.851  4978  6253 W Binder  : 	at android.database.ContentObserver$Transport.onChangeEtc(ContentObserver.java:357)
07-28 21:31:52.851  4978  6253 W Binder  : 	at android.database.IContentObserver$Stub.onTransact(IContentObserver.java:120)
07-28 21:31:52.851  4978  6253 W Binder  : 	at android.os.Binder.execTransactInternal(Binder.java:1523)
07-28 21:31:52.851  4978  6253 W Binder  : 	at android.os.Binder.execTransact(Binder.java:1457)
07-28 21:31:52.853  3415  5842 W BestClock: java.time.DateTimeException: Missing network time fix
07-28 21:31:52.854  1791  9450 I sensors-hal: handle_sns_client_event:87, step_count_event: ts=60628690984 count 0
07-28 21:31:52.854  1662  1662 D Zygote  : Forked child process 13133
07-28 21:31:52.854  3415  5325 W BestClock: java.time.DateTimeException: Missing network time fix
07-28 21:31:52.854  3415  4321 D SensorServiceUtils: sensorEventLog step_counter = 0
07-28 21:31:52.854  3415  4321 D SensorServiceUtils: sensorEventLog step_counter = 0
07-28 21:31:52.854  3415  4321 D SensorServiceUtils: sensorEventLog step_counter = 0
07-28 21:31:52.854  3415  4321 D SensorServiceUtils: sensorEventLog step_counter = 0
07-28 21:31:52.854  3415  4321 D SensorServiceUtils: sensorEventLog step_counter = 0
07-28 21:31:52.854  3415  4321 D SensorServiceUtils: sensorEventLog step_counter = 0
07-28 21:31:52.854  3415  4321 D SensorServiceUtils: sensorEventLog step_counter = 0
07-28 21:31:52.854  3415  4321 D SensorServiceUtils: sensorEventLog step_counter = 0
07-28 21:31:52.854  3415  4321 D SensorServiceUtils: sensorEventLog step_counter = 0
07-28 21:31:52.854  3415  4321 D SensorServiceUtils: sensorEventLog step_counter = 0
07-28 21:31:52.854  3415  4321 D SensorServiceUtils: sensorEventLog step_counter = 0
07-28 21:31:52.854  3415  4321 D SensorServiceUtils: sensorEventLog step_counter = 0
07-28 21:31:52.854  3415  4321 D SensorServiceUtils: sensorEventLog step_counter = 0
07-28 21:31:52.854  3415  4321 D SensorServiceUtils: sensorEventLog step_counter = 0
07-28 21:31:52.854  3415  4321 D SensorServiceUtils: sensorEventLog step_counter = 0
07-28 21:31:52.854  3415  4321 D SensorServiceUtils: sensorEventLog step_counter = 0
07-28 21:31:52.854  3415  4321 D SensorServiceUtils: sensorEventLog step_counter = 0
07-28 21:31:52.854  3415  4321 D SensorServiceUtils: sensorEventLog step_counter = 0
07-28 21:31:52.854  3415  4321 D SensorServiceUtils: sensorEventLog step_counter = 0
07-28 21:31:52.854  4622  4622 V SystemSensorManagerExtImpl: step counter dispatchSensorEvent step 0.0 to + a.b$c@7092b34
07-28 21:31:52.854  3415  3693 I ActivityManager: Start proc 13133:com.oplus.wirelesssettings:tzupdate/1000 for broadcast {com.oplus.wirelesssettings/com.oplus.tzupdate.timezone.MccChangeReceiver}
07-28 21:31:52.855  3415  4150 I MemoryOperationUtils: add 13133 to inactive
07-28 21:31:52.855  4829  5663 V OplusCustomizeCacheManager: queryCache name: sys.cache.common_customize_cache18014 param: null
07-28 21:31:52.855  4829  5663 V OplusCustomizeCacheManager: queryCache name: sys.cache.common_customize_cache18017 param: Bundle[{SETTING=BLOCK, BUSINESS=NCT-DATA}]
07-28 21:31:52.855  4829  5663 V OplusCustomizeCacheManager: queryCache name: sys.cache.common_customize_cache18013 param: null
