07-29 20:06:47.348  9078 10086 E metis_v2_JenaHandlerManager: local thread match [7f0000011753833965955278407410|p_7410_534c929@1|p_9078_73f9bfd@0|com.oplus.metis]
07-29 20:06:47.348  9078 10086 E metis_v2_JenaHandlerManager: local thread match [7f0000011753833965955278407410|p_7410_534c929@1|p_9078_73f9bfd@0|com.oplus.metis]
07-29 20:06:47.348  9078 10086 E metis_v2_JenaHandlerManager: local thread match [7f0000011753833965955278407410|p_7410_534c929@1|p_9078_73f9bfd@0|com.oplus.metis]
07-29 20:06:47.348  9078 10086 E metis_v2_JenaHandlerManager: local thread match [7f0000011753833965955278407410|p_7410_534c929@1|p_9078_73f9bfd@0|com.oplus.metis]
07-29 20:06:47.348  9078 10086 E metis_v2_JenaHandlerManager: local thread match [7f0000011753833965955278407410|p_7410_534c929@1|p_9078_73f9bfd@0|com.oplus.metis]
07-29 20:06:47.348  9078 10086 E metis_v2_JenaHandlerManager: local thread match [7f0000011753833965955278407410|p_7410_534c929@1|p_9078_73f9bfd@0|com.oplus.metis]
07-29 20:06:47.348  9078 10086 E metis_v2_JenaHandlerManager: local thread match [7f0000011753833965955278407410|p_7410_534c929@1|p_9078_73f9bfd@0|com.oplus.metis]
07-29 20:06:47.348  9078 10086 E metis_v2_JenaHandlerManager: local thread match [7f0000011753833965955278407410|p_7410_534c929@1|p_9078_73f9bfd@0|com.oplus.metis]
07-29 20:06:47.348  9078 10086 E metis_v2_JenaHandlerManager: local thread match [7f0000011753833965955278407410|p_7410_534c929@1|p_9078_73f9bfd@0|com.oplus.metis]
07-29 20:06:47.348  9078 10086 E metis_v2_JenaHandlerManager: local thread match [7f0000011753833965955278407410|p_7410_534c929@1|p_9078_73f9bfd@0|com.oplus.metis]
07-29 20:06:47.348  9078 10086 E metis_v2_JenaHandlerManager: local thread match [7f0000011753833965955278407410|p_7410_534c929@1|p_9078_73f9bfd@0|com.oplus.metis]
07-29 20:06:47.348  9078 10086 E metis_v2_JenaHandlerManager: local thread match [7f0000011753833965955278407410|p_7410_534c929@1|p_9078_73f9bfd@0|com.oplus.metis]
07-29 20:06:47.348  9078 10086 E metis_v2_JenaHandlerManager: local thread match [7f0000011753833965955278407410|p_7410_534c929@1|p_9078_73f9bfd@0|com.oplus.metis]
07-29 20:06:47.348  9078 10086 E metis_v2_JenaHandlerManager: local thread match [7f0000011753833965955278407410|p_7410_534c929@1|p_9078_73f9bfd@0|com.oplus.metis]
07-29 20:06:47.348  9078 10086 E metis_v2_JenaHandlerManager: local thread match [7f0000011753833965955278407410|p_7410_534c929@1|p_9078_73f9bfd@0|com.oplus.metis]
07-29 20:06:47.348  9078 10086 E metis_v2_JenaHandlerManager: local thread match [7f0000011753833965955278407410|p_7410_534c929@1|p_9078_73f9bfd@0|com.oplus.metis]
07-29 20:06:47.348  9078 10086 E metis_v2_JenaHandlerManager: local thread match [7f0000011753833965955278407410|p_7410_534c929@1|p_9078_73f9bfd@0|com.oplus.metis]
07-29 20:06:47.348  9078 10086 E metis_v2_JenaHandlerManager: local thread match [7f0000011753833965955278407410|p_7410_534c929@1|p_9078_73f9bfd@0|com.oplus.metis]
07-29 20:06:47.348  9078 10086 E metis_v2_JenaHandlerManager: local thread match [7f0000011753833965955278407410|p_7410_534c929@1|p_9078_73f9bfd@0|com.oplus.metis]
07-29 20:06:47.348  9078 10086 E metis_v2_JenaHandlerManager: local thread match [7f0000011753833965955278407410|p_7410_534c929@1|p_9078_73f9bfd@0|com.oplus.metis]
07-29 20:06:47.348  9078 10086 E metis_v2_JenaHandlerManager: local thread match [7f0000011753833965955278407410|p_7410_534c929@1|p_9078_73f9bfd@0|com.oplus.metis]
07-29 20:06:47.348  9078 10086 E metis_v2_JenaHandlerManager: local thread match [7f0000011753833965955278407410|p_7410_534c929@1|p_9078_73f9bfd@0|com.oplus.metis]
07-29 20:06:47.348  9078 10086 E metis_v2_JenaHandlerManager: local thread match [7f0000011753833965955278407410|p_7410_534c929@1|p_9078_73f9bfd@0|com.oplus.metis]
07-29 20:06:47.348  9078 10086 E metis_v2_JenaHandlerManager: local thread match [7f0000011753833965955278407410|p_7410_534c929@1|p_9078_73f9bfd@0|com.oplus.metis]
07-29 20:06:47.348  9078 10086 E metis_v2_JenaHandlerManager: local thread match [7f0000011753833965955278407410|p_7410_534c929@1|p_9078_73f9bfd@0|com.oplus.metis]
07-29 20:06:47.348  9078 10086 E metis_v2_JenaHandlerManager: local thread match [7f0000011753833965955278407410|p_7410_534c929@1|p_9078_73f9bfd@0|com.oplus.metis]
07-29 20:06:47.348  9078 10086 E metis_v2_JenaHandlerManager: local thread match [7f0000011753833965955278407410|p_7410_534c929@1|p_9078_73f9bfd@0|com.oplus.metis]
07-29 20:06:47.348  9078 10086 E metis_v2_JenaHandlerManager: local thread match [7f0000011753833965955278407410|p_7410_534c929@1|p_9078_73f9bfd@0|com.oplus.metis]
07-29 20:06:47.348  9078 10086 E metis_v2_JenaHandlerManager: local thread match [7f0000011753833965955278407410|p_7410_534c929@1|p_9078_73f9bfd@0|com.oplus.metis]
07-29 20:06:47.348  9078 10086 E metis_v2_JenaHandlerManager: local thread match [7f0000011753833965955278407410|p_7410_534c929@1|p_9078_73f9bfd@0|com.oplus.metis]
07-29 20:06:47.348  9078 10086 E metis_v2_JenaHandlerManager: local thread match [7f0000011753833965955278407410|p_7410_534c929@1|p_9078_73f9bfd@0|com.oplus.metis]
07-29 20:06:47.348  9078 10086 E metis_v2_JenaHandlerManager: local thread match [7f0000011753833965955278407410|p_7410_534c929@1|p_9078_73f9bfd@0|com.oplus.metis]
07-29 20:06:47.348  9078 10086 E metis_v2_JenaHandlerManager: local thread match [7f0000011753833965955278407410|p_7410_534c929@1|p_9078_73f9bfd@0|com.oplus.metis]
07-29 20:06:47.348  9078 10086 E metis_v2_JenaHandlerManager: local thread match [7f0000011753833965955278407410|p_7410_534c929@1|p_9078_73f9bfd@0|com.oplus.metis]
07-29 20:06:47.348  9078 10086 E metis_v2_JenaHandlerManager: local thread match [7f0000011753833965955278407410|p_7410_534c929@1|p_9078_73f9bfd@0|com.oplus.metis]
07-29 20:06:47.348  9078 10086 E metis_v2_JenaHandlerManager: local thread match [7f0000011753833965955278407410|p_7410_534c929@1|p_9078_73f9bfd@0|com.oplus.metis]
07-29 20:06:47.348  9078 10086 E metis_v2_JenaHandlerManager: local thread match [7f0000011753833965955278407410|p_7410_534c929@1|p_9078_73f9bfd@0|com.oplus.metis]
07-29 20:06:47.348  9078 10086 E metis_v2_JenaHandlerManager: local thread match [7f0000011753833965955278407410|p_7410_534c929@1|p_9078_73f9bfd@0|com.oplus.metis]
07-29 20:06:47.348  9078 10086 E metis_v2_JenaHandlerManager: local thread match [7f0000011753833965955278407410|p_7410_534c929@1|p_9078_73f9bfd@0|com.oplus.metis]
07-29 20:06:47.348  9078 10086 E metis_v2_JenaHandlerManager: local thread match [7f0000011753833965955278407410|p_7410_534c929@1|p_9078_73f9bfd@0|com.oplus.metis]
07-29 20:06:47.348  9078 10086 E metis_v2_JenaHandlerManager: local thread match [7f0000011753833965955278407410|p_7410_534c929@1|p_9078_73f9bfd@0|com.oplus.metis]
07-29 20:06:47.348  9078 10086 E metis_v2_JenaHandlerManager: local thread match [7f0000011753833965955278407410|p_7410_534c929@1|p_9078_73f9bfd@0|com.oplus.metis]
07-29 20:06:47.348  9078 10086 E metis_v2_JenaHandlerManager: local thread match [7f0000011753833965955278407410|p_7410_534c929@1|p_9078_73f9bfd@0|com.oplus.metis]
07-29 20:06:47.348  9078 10086 E metis_v2_JenaHandlerManager: local thread match [7f0000011753833965955278407410|p_7410_534c929@1|p_9078_73f9bfd@0|com.oplus.metis]
07-29 20:06:47.348  9078 10086 E metis_v2_JenaHandlerManager: local thread match [7f0000011753833965955278407410|p_7410_534c929@1|p_9078_73f9bfd@0|com.oplus.metis]
07-29 20:06:47.348  9078 10086 E metis_v2_JenaHandlerManager: local thread match [7f0000011753833965955278407410|p_7410_534c929@1|p_9078_73f9bfd@0|com.oplus.metis]
07-29 20:06:47.348  9078 10086 E metis_v2_JenaHandlerManager: local thread match [7f0000011753833965955278407410|p_7410_534c929@1|p_9078_73f9bfd@0|com.oplus.metis]
07-29 20:06:47.348  9078 10086 E metis_v2_JenaHandlerManager: local thread match [7f0000011753833965955278407410|p_7410_534c929@1|p_9078_73f9bfd@0|com.oplus.metis]
07-29 20:06:47.348  9078 10086 E metis_v2_JenaHandlerManager: local thread match [7f0000011753833965955278407410|p_7410_534c929@1|p_9078_73f9bfd@0|com.oplus.metis]
07-29 20:06:47.348  9078 10086 E metis_v2_JenaHandlerManager: local thread match [7f0000011753833965955278407410|p_7410_534c929@1|p_9078_73f9bfd@0|com.oplus.metis]
07-29 20:06:47.348  9078 10086 E metis_v2_JenaHandlerManager: local thread match [7f0000011753833965955278407410|p_7410_534c929@1|p_9078_73f9bfd@0|com.oplus.metis]
07-29 20:06:47.348  9078 10086 E metis_v2_JenaHandlerManager: local thread match [7f0000011753833965955278407410|p_7410_534c929@1|p_9078_73f9bfd@0|com.oplus.metis]
07-29 20:06:47.348  9078 10086 E metis_v2_JenaHandlerManager: local thread match [7f0000011753833965955278407410|p_7410_534c929@1|p_9078_73f9bfd@0|com.oplus.metis]
07-29 20:06:47.348  9078 10086 E metis_v2_JenaHandlerManager: local thread match [7f0000011753833965955278407410|p_7410_534c929@1|p_9078_73f9bfd@0|com.oplus.metis]
07-29 20:06:47.348  9078 10086 E metis_v2_JenaHandlerManager: local thread match [7f0000011753833965955278407410|p_7410_534c929@1|p_9078_73f9bfd@0|com.oplus.metis]
07-29 20:06:47.348  9078 10086 E metis_v2_JenaHandlerManager: local thread match [7f0000011753833965955278407410|p_7410_534c929@1|p_9078_73f9bfd@0|com.oplus.metis]
07-29 20:06:47.348  9078 10086 E metis_v2_JenaHandlerManager: local thread match [7f0000011753833965955278407410|p_7410_534c929@1|p_9078_73f9bfd@0|com.oplus.metis]
07-29 20:06:47.348  9078 10086 E metis_v2_JenaHandlerManager: local thread match [7f0000011753833965955278407410|p_7410_534c929@1|p_9078_73f9bfd@0|com.oplus.metis]
07-29 20:06:47.348  9078 10086 E metis_v2_JenaHandlerManager: local thread match [7f0000011753833965955278407410|p_7410_534c929@1|p_9078_73f9bfd@0|com.oplus.metis]
07-29 20:06:47.348  9078 10086 E metis_v2_JenaHandlerManager: local thread match [7f0000011753833965955278407410|p_7410_534c929@1|p_9078_73f9bfd@0|com.oplus.metis]
07-29 20:06:47.348  9078 10086 E metis_v2_JenaHandlerManager: local thread match [7f0000011753833965955278407410|p_7410_534c929@1|p_9078_73f9bfd@0|com.oplus.metis]
07-29 20:06:47.348  9078 10086 E metis_v2_JenaHandlerManager: local thread match [7f0000011753833965955278407410|p_7410_534c929@1|p_9078_73f9bfd@0|com.oplus.metis]
07-29 20:06:47.348  9078 10086 E metis_v2_JenaHandlerManager: local thread match [7f0000011753833965955278407410|p_7410_534c929@1|p_9078_73f9bfd@0|com.oplus.metis]
07-29 20:06:47.348  9078 10086 E metis_v2_JenaHandlerManager: local thread match [7f0000011753833965955278407410|p_7410_534c929@1|p_9078_73f9bfd@0|com.oplus.metis]
07-29 20:06:47.348  9078 10086 E metis_v2_JenaHandlerManager: local thread match [7f0000011753833965955278407410|p_7410_534c929@1|p_9078_73f9bfd@0|com.oplus.metis]
07-29 20:06:47.348  9078 10086 E metis_v2_JenaHandlerManager: local thread match [7f0000011753833965955278407410|p_7410_534c929@1|p_9078_73f9bfd@0|com.oplus.metis]
07-29 20:06:47.348  9078 10086 E metis_v2_JenaHandlerManager: local thread match [7f0000011753833965955278407410|p_7410_534c929@1|p_9078_73f9bfd@0|com.oplus.metis]
07-29 20:06:47.348  9078 10086 E metis_v2_JenaHandlerManager: local thread match [7f0000011753833965955278407410|p_7410_534c929@1|p_9078_73f9bfd@0|com.oplus.metis]
07-29 20:06:47.348  9078 10086 E metis_v2_JenaHandlerManager: local thread match [7f0000011753833965955278407410|p_7410_534c929@1|p_9078_73f9bfd@0|com.oplus.metis]
07-29 20:06:47.348  9078 10086 E metis_v2_JenaHandlerManager: local thread match [7f0000011753833965955278407410|p_7410_534c929@1|p_9078_73f9bfd@0|com.oplus.metis]
07-29 20:06:47.348  9078 10086 E metis_v2_JenaHandlerManager: local thread match [7f0000011753833965955278407410|p_7410_534c929@1|p_9078_73f9bfd@0|com.oplus.metis]
07-29 20:06:47.348  9078 10086 E metis_v2_JenaHandlerManager: local thread match [7f0000011753833965955278407410|p_7410_534c929@1|p_9078_73f9bfd@0|com.oplus.metis]
07-29 20:06:47.348  9078 10009 I ContextAware_SortAlgorithmManager.SceneCombinationProcessor: firstLaunch = false , app Feature = indexOS15
07-29 20:06:47.348  9078 10086 E metis_v2_JenaHandlerManager: local thread match [7f0000011753833965955278407410|p_7410_534c929@1|p_9078_73f9bfd@0|com.oplus.metis]
07-29 20:06:47.348  9078 10086 E metis_v2_JenaHandlerManager: local thread match [7f0000011753833965955278407410|p_7410_534c929@1|p_9078_73f9bfd@0|com.oplus.metis]
07-29 20:06:47.348  9078 10086 E metis_v2_JenaHandlerManager: local thread match [7f0000011753833965955278407410|p_7410_534c929@1|p_9078_73f9bfd@0|com.oplus.metis]
07-29 20:06:47.348  9078 10086 E metis_v2_JenaHandlerManager: local thread match [7f0000011753833965955278407410|p_7410_534c929@1|p_9078_73f9bfd@0|com.oplus.metis]
07-29 20:06:47.350  7273 10379 I AstScreen.NetDataRepository: jsonIntent:[]
07-29 20:06:47.360  5307  5491 W [0]DCS  : Common Record event failed. DCS reject event: [appId=107501,logTag=10750101,eventId=metis_scene] . Pls check server config.
07-29 20:06:47.419  4962  4962 I SystemUi--QuickSettings: TemporarilyInfoManager-->[animateShow] com.oplus.systemui.qs.base.temporarilyinfo.TemporarilyInfoManager$createViewToParent$1{4bf6e35 VFED..C.. ........ 0,0-1080,228 #7f0a0cb6 app:id/temporarily_info_view alpha=1.0 viewInfo = } end
07-29 20:06:47.420  4962  4962 I SystemUi--QuickSettings: TemporarilyInfoManager-->[trigger] start from showElementAfterShowFully
07-29 20:06:47.491  3497  4494 D FusionLightNextGen: process end reported = 1, mode: 0, lux 509.4, cct -1.0, r/g/b/c: 21595.0/13605.7/6249.2/40045.6, R/G/B: 132.0/125.0/124.0, bri 1448.0, match 0.77, ir 0.018015, conf 0.0, ts 60072447597
07-29 20:06:47.491  1984  4536 I Dpps    : LtmSwState::SetParameter():144 ignore cmd 7 in state LtmOffState
07-29 20:06:47.518  2047  2047 D SensorFeature: name=ssc_screenshot_info ,index = 22
07-29 20:06:47.518  2047  2047 D SensorFeature: write 29 bytes:60320885288,60329218621,165,0
07-29 20:06:47.544  4962  4962 D JankUtils: gfxSceneEnd; scene: 7
07-29 20:06:47.544  4962  4962 I SystemUi--Common: NotificationShadeDepthC-->sceneFlag: 0x001, isStart = false, Current sceneFlags: 0x000
07-29 20:06:47.544  4962  4962 D NavigationBar: restrainNavigationBarInvertColor: false
07-29 20:06:47.544  4962  5178 D RegionSamplingHelper =:    mCompositionSamplingListener.register
07-29 20:06:47.545  2220  2482 D SurfaceFlinger: addRegionSamplingListener pid: 4962, Area: [0, 2328, 1080, 2376]
07-29 20:06:47.738  1984  2249 I SDM     : DisplayBase::CommitThread: Received idle timeout, panel: cmd, timeout: 70000 us
07-29 20:06:47.755  1934  4548 I sensors-hal: handle_oplus_wise_rgb_event:189, high_pwm_light:lux 280.2,cct 3641.2,brl/algo/ir 1448.0/2.0/16.9,pwm/dc 0.0/0.0,rgbc 21585.515625/13578.103516/6264.568848/40090.738281,ts 60321192597,cnt 850,flag 165
07-29 20:06:47.756  1984  4536 I Dpps    : LtmSwState::SetParameter():144 ignore cmd 7 in state LtmOffState
07-29 20:06:47.847  1984  2249 I SDM     : DisplayBase::CommitThread: Received idle timeout, panel: cmd, timeout: 70000 us
07-29 20:06:47.850  2047  2047 D SensorFeature: name=ssc_screenshot_info ,index = 22
07-29 20:06:47.850  2047  2047 D SensorFeature: write 29 bytes:60611200183,60661464246,166,0
07-29 20:06:47.897  2220  3317 D VRR [OTI]: handleIdle from 0 to 1
07-29 20:06:47.897  2220  3317 D VRR [OTI-HW]: isStateReady 1
07-29 20:06:47.898  2220  3317 D VRR [RefreshRateDirector]: requestRefreshRateByOti update [ oti-hw, {fps=60, modePtr={id=5, vsyncRate=60.00 Hz, peakRefreshRate=60.00 Hz}} ]
07-29 20:06:47.898  2220  3317 D VRR [RefreshRateDirector]: selectBestFrameRate DirectorMapOti [oti-hw, {fps=60, modePtr={id=5, vsyncRate=60.00 Hz, peakRefreshRate=60.00 Hz}}]
07-29 20:06:47.898  2220  3317 D VRR [RefreshRateDirector]: updateBestFrameRate [oti-hw, {fps=60, modePtr={id=5, vsyncRate=60.00 Hz, peakRefreshRate=60.00 Hz}}]
07-29 20:06:47.898  2220  3317 D SurfaceFlinger: VRR [SurfaceFlinger] setDesiredActiveMode: displayId: 4630946756802996883, renderRate: 60, vsyncRate: 60, event: 1
07-29 20:06:47.898  2220  3317 D DisplayModeController: setDesiredMode 4630946756802996883 {mode={fps=60.00 Hz, modePtr={id=5, vsyncRate=60.00 Hz, peakRefreshRate=60.00 Hz}}, emitEvent=true, force=false}
07-29 20:06:47.898  2220  2220 I DisplayModeController: hwc begin mode change to 16666666
07-29 20:06:47.898  2220  2220 I HWC2    : [0] setActiveConfigWithConstraints[5]
07-29 20:06:47.899  1984  4759 W SDM     : HWDeviceDRM::GetSupportedBitClkRate: Requested rate not supported: 1363200000
07-29 20:06:47.899  1984  4759 I SDM     : HWDeviceDRM::UpdateMixerAttributes: Mixer WxH 1440x3168-1 for Peripheral
07-29 20:06:47.899  1984  4759 I CwbService: CwbService::notifyConfigChange: display:0, config:5 size:4, sec.size():0
07-29 20:06:47.899  1984  4759 I CwbService: CwbService::notifyConfigChange: display: 0, config = 1
07-29 20:06:47.899  1984  3241 I CasManager: Fps changed from 120 to 60
07-29 20:06:47.899  1984  3241 I CasManager: Fps changed, not change bin, so trigger gain
07-29 20:06:47.899  1984  3241 W SDM     : DemuraIntfImpl::ProcessOemPluginGain: Thermal intf_ is nullptr 0, default to 25 degree
07-29 20:06:47.899  1984  3241 I SDM     : CasQcPlugIn::ProcessPerCompGainOppo: input params, mode:PWM, fps:60, dbv:1448
07-29 20:06:47.899  1984  3241 I SDM     : CasQcPlugIn::ProcessPerCompGainOppo: normalized bright_adj:1024, dbv:1448, bin_dbv:1083, 
07-29 20:06:47.899  1984  3241 I SDM     : CasQcPlugIn::ProcessPerCompGainOppo: gains print start =====================
07-29 20:06:47.899  1984  3241 I SDM     : CasQcPlugIn::ProcessPerCompGainOppo: gain --------------------------------
07-29 20:06:47.899  1984  3241 I SDM     : CasQcPlugIn::ProcessPerCompGainOppo: old: 0 0 0 57 90 322 1201 3072
07-29 20:06:47.899  1984  3241 I SDM     : CasQcPlugIn::ProcessPerCompGainOppo: new: 0 0 0 30 77 278 1040 3072
07-29 20:06:47.899  1984  3241 I SDM     : CasQcPlugIn::ProcessPerCompGainOppo: gain --------------------------------
07-29 20:06:47.899  1984  3241 I SDM     : CasQcPlugIn::ProcessPerCompGainOppo: old: 0 0 0 64 125 373 1336 3072
07-29 20:06:47.899  1984  3241 I SDM     : CasQcPlugIn::ProcessPerCompGainOppo: new: 0 0 0 34 99 373 1336 3072
07-29 20:06:47.899  1984  3241 I SDM     : CasQcPlugIn::ProcessPerCompGainOppo: gain --------------------------------
07-29 20:06:47.899  1984  3241 I SDM     : CasQcPlugIn::ProcessPerCompGainOppo: old: 0 0 0 42 83 323 1222 3072
07-29 20:06:47.899  1984  3241 I SDM     : CasQcPlugIn::ProcessPerCompGainOppo: new: 0 0 0 22 83 323 1222 3072
07-29 20:06:47.899  1984  3241 I SDM     : CasQcPlugIn::ProcessPerCompGainOppo: gains print end =======================
07-29 20:06:47.906  1984  3241 I SDM     : DemuraIntfImpl::StageAllData: Staged all data to Demura Driver!
07-29 20:06:47.906  1984  3241 I SDM     : HWPeripheralDRM::SetPanelFeature: Set Panel feature property 19
07-29 20:06:47.907  1984  3241 I SDM     : HWPeripheralDRM::SetPanelFeature: Set Panel feature property 7
07-29 20:06:47.907  1984  3241 I SDM     : DisplayBuiltIn::TriggerDemuraOemPlugIn: Trigger demura oem plugin success
07-29 20:06:47.908  1984  2249 I SDM     : DRMPanelFeatureMgr::ApplyDirtyFeature: Commited panel feature [enabled]: 20-272
07-29 20:06:47.909  1984  2249 I SDM     : DRMPanelFeatureMgr::ApplyDirtyFeature: Commited panel feature [enabled]: 8-271
07-29 20:06:47.926  2220  3317 D VRR [OTI-HW]: isStateReady 1
07-29 20:06:47.926  2220  2220 D VRR-[OPlusRefreshRateSelector]: setCurrentModeId 5 type SM
07-29 20:06:47.926  2220  3317 D VRR [OTI-HW]: keep rate.
07-29 20:06:47.927  3497  3762 I DisplayDeviceRepository: Display device changed render timings: "Built-in Screen", renderFrameRate=60.000004, presentationDeadlineNanos=16666666, appVsyncOffsetNanos=1000000
07-29 20:06:47.927  3497  3762 D LogicalDisplayExt: set displayInfo flag FLAG_ROTATES_WITH_CONTENT
07-29 20:06:47.928  3497  3762 D DisplayManagerServiceExtImpl: scheduleTraversalLocked intraversal=false
07-29 20:06:47.928  3497  3762 I DisplayManagerServiceExtImpl: handle logical display changed logicalDisplay=id=0,stack=0,content=true,displayInfo{stack=0,type=1,id=0,uId=local:4630946756802996883,state=ON,pkg=null}
07-29 20:06:47.929  3497  3762 D DisplayManagerService: Delivering display event: displayId=0, event=CHANGED
07-29 20:06:47.929  3497  3865 D BrightnessThermalClamper: Thermal status observer already started
07-29 20:06:47.929  3497  3865 D BrightnessPowerClamper: Power throttling data is missing for configuration data.
07-29 20:06:47.929  3497  3497 E OplusGestureAnimationManagerPolicy: mScreenHeight:2376 mScreenWidth:1080 mRotation:0
07-29 20:06:47.930  3497  3760 D OplusVFXScreenEffectFeature: notifySFCompatWindowStateChange entered false
07-29 20:06:47.930  3497  3760 D FSS_FoldScreenBlackCoverController: displayChangeToOn, dc:Display{#0 state=ON size=1080x2376 ROTATION_0}
07-29 20:06:47.930  2220  2482 D [PREVIEW]: SF obtain preview_adapter: 0
07-29 20:06:47.930  2220  2482 D [PREVIEW]: TabletPreviewAdapter::parallel world 0
07-29 20:06:47.931  4763  4763 D CastManagerService: onDisplayChanged.
07-29 20:06:47.931  2208  4664 D AudioFlingerExtImpl: AudioFlingerExtImpl oplusSetParameters: keyvalue screen_state=on
07-29 20:06:47.932  3497  3762 D DisplayManagerService: MSG_REQUEST_TRAVERSAL pendingCompleted=false
07-29 20:06:47.933  3497  3760 D DisplayManagerService: performTraversalInternal pendingTraversal
07-29 20:06:47.933  4962  4962 I SystemUi--Statusbar: DisplayRepository-->combining enabled=[0], connectedExternalDisplayIds=[], ignored=[]
07-29 20:06:47.933  3497  3760 D DisplayDevice: setLayerStackLocked id=local:4630946756802996883 token=android.os.BinderProxy@e4f3da6 stack=0->0
07-29 20:06:47.934  6633  6677 E oiface  : sched_setaffinity failed
07-29 20:06:47.934  2083  2147 I gameoptHal: targetfps updated 6 -- 60
07-29 20:06:47.934  2208  4664 D DeviceHalAidl: 0xb400007ad187c200 DeviceHalAidl::setParameters
07-29 20:06:47.935  2208  4664 D DeviceHalAidl: setParameters: parameters: "screen_state=on"
07-29 20:06:47.935  1941  4667 I PAL: ResourceManager: setParameter: 11480: Screen State:1
07-29 20:06:47.935  2208  4664 D DeviceHalAidl: 0xb400007ad187c800 DeviceHalAidl::setParameters
07-29 20:06:47.935  2208  4664 D DeviceHalAidl: setParameters: parameters: "screen_state=on"
07-29 20:06:47.935  1941  1963 D AHAL_Module: updateScreenState: usb: 1
07-29 20:06:47.935  2208  4664 D DeviceHalAidl: 0xb400007ad187ce00 DeviceHalAidl::setParameters
07-29 20:06:47.935  2208  4664 D DeviceHalAidl: setParameters: parameters: "screen_state=on"
07-29 20:06:47.935  1941  1963 D AHAL_Module: updateScreenState: r_submix: 1
07-29 20:06:47.935  2208  4664 D DeviceHalAidl: 0xb400007ad187d400 DeviceHalAidl::setParameters
07-29 20:06:47.935  2208  4664 D DeviceHalAidl: setParameters: parameters: "screen_state=on"
07-29 20:06:47.935  1941  1963 D AHAL_Module: updateScreenState: bluetooth: 1
07-29 20:06:47.935  2208  4664 D DeviceHalAidl: 0xb400007ad187da00 DeviceHalAidl::setParameters
07-29 20:06:47.935  2208  4664 D DeviceHalAidl: setParameters: parameters: "screen_state=on"
07-29 20:06:47.936  1941  4667 D AHAL_Module: updateScreenState: bluetooth: 1
07-29 20:06:47.936  2208  4664 D DeviceHalAidl: 0xb400007ad187e000 DeviceHalAidl::setParameters
07-29 20:06:47.936  2208  4664 D DeviceHalAidl: setParameters: parameters: "screen_state=on"
07-29 20:06:47.936  1941  4667 D AHAL_Module: updateScreenState: stub: 1
07-29 20:06:47.948  5102  6278 D SaDataService: onTelephonyEventReport , subId= 1,slotId=0 eventId=2009
07-29 20:06:47.948  5277  6428 D VendorTelephonyService: onTelephonyEventReport slotId =1 eventId=2009
07-29 20:06:47.948  5277  6428 D VendorTelephonyService: onTelephonyEventReport slotId =1 eventId=2009
07-29 20:06:47.948  5102  6278 D TelephonyImpl: notify eventId:2009 for list size:2
07-29 20:06:47.948  5102  6278 D SaDataService: onTelephonyEventReport , subId= 0,slotId=-1 eventId=2009
07-29 20:06:47.948  5277  5277 D VendorCallService: notityEventUpdate, eventId:2009, slotId = 1
07-29 20:06:47.948  5102  6278 D TelephonyImpl: notify eventId:2009 for list size:2
07-29 20:06:47.948  5277  6428 D VendorTelephonyService: onTelephonyEventReport slotId =0 eventId=2009
07-29 20:06:47.949  5277  6428 D VendorTelephonyService: onTelephonyEventReport slotId =0 eventId=2009
07-29 20:06:47.949  5277  5277 D VendorCallService: notityEventUpdate, eventId:2009, slotId = 0
07-29 20:06:47.977  3497  3872 D VRR [OPlusRefreshRateService]: handleConfigIdChange physicalDisplayId: 4630946756802996883 configId: 5 renderPeriod: 16666666
07-29 20:06:47.977  3497  3872 D VRR [OPlusSAManager]: updateModeChange old modeId [ 4 ] -> new modeId [ 5 ] mCurPolicy: 1
07-29 20:06:47.977  3497  3872 D VRR [OPlusSAManager]: updateSAScene active modeId: 5
07-29 20:06:47.977  3497  3872 D VRR [OPlusSAManager]: updateSAScene current policy: 1 active modeId: 5 scene: VRR_60
07-29 20:06:47.977  3497  3872 D VRR [OPlusOAManager]: Not OA business! new modeId: [5] active modeId: [4]
07-29 20:06:47.977  3497  3872 D VRR [OPlusGameStatusManager]: updateGameState mOSyncFeatureSwitch: false mIsGamePolicy: false
07-29 20:06:47.977  3497  3872 D VRR [OPlusGameStatusManager]: setLTMStatus false curPkgName: com.android.launcher curr status: false HeartStop: false HeartStopFromTGPA: false ActiveFPS: 60.000004
07-29 20:06:47.977  3497  3872 D VRR [OPlusGameStatusManager]: updateGameAccelerationStatus pkgName: com.android.launcher mOSyncFeatureSwitch: false mIsGamePolicy: false mHeartStop: false mHasFlickerRisk: false mForceAcceleration: false mToastReady: false enable: false
07-29 20:06:47.977  3497  3872 D VRR [OPlusGameStatusManager]: updateToastStatus enableAcceleration: false toastReady: false isGamePolicy: false desiredModeId: 5
07-29 20:06:47.977  3497  3872 D VRR [OPlusGameStatusManager]: updateToastStatus enableAcceleration: false toastReady: false isGamePolicy: false desiredModeId: 5
07-29 20:06:47.977  3497  3872 D VRR [OPlusExternalRefreshRateManager]:  updateRenderPeriodChange configId:5 current refresh rate:60.000004
07-29 20:06:47.978  2068  2137 D BatteryChargeControl: bcc get no support from charging protocol
07-29 20:06:48.027  3497  3872 D VRR [OPlusSAManager]: setSAConfig scene: VRR_60 modeId: 5 auto: false fakeFrame: false
07-29 20:06:48.027  3497  3872 D VRR [OPlusSAManager]: updateAutoMinfps with nits: 122.99399, mHistOK true, mAmbientOK true, mCctOK true, mIrOK true, mBrightnessOK true, isPkgOK true, SA min fps: 119
07-29 20:06:48.027  3497  3872 D VRR [OPlusSurfaceFlingerController]: setAutoMode enable: false fakeFrame: false fps: 119
07-29 20:06:48.027  2220  2482 I VRR-[OPlusAdfrUtil]: ADFR try set Auto mode with mode 0 fakeframe 0 min fps 119
07-29 20:06:48.027  2220  2482 D VRR-[OPlusRefreshRateSelector]: OSyncModes add size is 1.
07-29 20:06:48.027  2220  2482 I VRR-[OPlusRefreshRateSelector]: updateAutoMode success, display 0, mode 0, fakeframe 0, min fps: 1
07-29 20:06:48.027  2220  3280 D VRR-[OPlusRefreshRateSelector]: handleSetHWCOSync
07-29 20:06:48.027  2220  3280 D VRR-[OPlusRefreshRateSelector]: OSyncModes remaining size is 0.
07-29 20:06:48.027  2220  3280 D VRR-[OPlusRefreshRateSelector]: SetHWCOSync with 5CC08081
07-29 20:06:48.027  1984  4759 I SDM     : DisplayBuiltIn::SetQSyncMode: VRR + update qsync mode 0 minfps 00C08081
07-29 20:06:48.032  1984  2249 I SDM     : DisplayBase::CommitThread: Received idle timeout, panel: cmd, timeout: 70000 us
07-29 20:06:48.044  1984  2249 E SDM     : DRMConnector::Perform: Connector 67: Setting Qsync min fps 12615809
07-29 20:06:48.063  3497  4737 V SettingsProvider: deleteSystemSetting(OPLUS_SLA_LAST_MCC, 0)
07-29 20:06:48.063  3497  4737 D SettingsProvider: delete system settings OPLUS_****_MCC pkg is  android user id is 0
07-29 20:06:48.064  3497  4737 W OplusSlaManager: updateMCC curMCC from macc_change!
07-29 20:06:48.067  3497  4737 W OplusSlaApps: sendWhiteListAppUid no enabled app found...
07-29 20:06:48.067  3497  4737 W OplusSlaApps: sendGameAppUid no game app found!!
07-29 20:06:48.078  5102  6051 E CellularEvent: nri null ps
07-29 20:06:48.078  5102  6051 E CellularEvent: invalid nri
07-29 20:06:48.079  5021  5763 D AutoDualCardRoamingDemand: judgeToShowDialog return for sim count != 2
07-29 20:06:48.115  1984  2249 I SDM     : DisplayBase::CommitThread: Received idle timeout, panel: cmd, timeout: 70000 us
07-29 20:06:48.151  2047  2047 D SensorFeature: name=ssc_screenshot_info ,index = 22
07-29 20:06:48.151  2047  2047 D SensorFeature: write 29 bytes:60611200183,60962613308,167,0
07-29 20:06:48.298  6612  6640 E horae   : tz(cpu-0-4-1) temp changed suddenly, cut temp to:43200
07-29 20:06:48.298  6612  6640 E horae   : Recording abnormal tz:19 state:4.
07-29 20:06:48.350  9078 12306 W LOG_FLOWCTRL: ==LOGS OVER PROC QUOTA(300), rows(25) bytes(2903) com.oplus.metis DROPPED==
07-29 20:06:48.350  9078 12306 I LogCacheHelper: cache log scheduled task [base|com.oplus.metis|1.5.5-f48228a]
07-29 20:06:48.350  9078 12306 E metis_v2_JenaHandlerManager_cache: 2025-07-29 20:06:47.348000		10086		local thread match
07-29 20:06:48.350  9078 12306 E metis_v2_JenaHandlerManager_cache: 2025-07-29 20:06:47.349000		10086		local thread match
07-29 20:06:48.350  9078 12306 E metis_v2_JenaHandlerManager_cache: 2025-07-29 20:06:47.349000		10086		local thread match
07-29 20:06:48.350  9078 12306 E metis_v2_JenaHandlerManager_cache: 2025-07-29 20:06:47.349000		10086		local thread match
07-29 20:06:48.350  9078 12306 E metis_v2_JenaHandlerManager_cache: 2025-07-29 20:06:47.349000		10086		local thread match
07-29 20:06:48.350  9078 12306 E metis_v2_JenaHandlerManager_cache: 2025-07-29 20:06:47.349000		10086		local thread match
07-29 20:06:48.350  9078 12306 E metis_v2_JenaHandlerManager_cache: 2025-07-29 20:06:47.349000		10086		local thread match
07-29 20:06:48.350  9078 12306 E metis_v2_JenaHandlerManager_cache: 2025-07-29 20:06:47.349000		10086		local thread match
07-29 20:06:48.350  9078 12306 E metis_v2_JenaHandlerManager_cache: 2025-07-29 20:06:47.349000		10086		local thread match
07-29 20:06:48.350  9078 12306 E metis_v2_JenaHandlerManager_cache: 2025-07-29 20:06:47.349000		10086		local thread match
07-29 20:06:48.350  9078 12306 E metis_v2_JenaHandlerManager_cache: 2025-07-29 20:06:47.349000		10086		local thread match
07-29 20:06:48.350  9078 12306 E metis_v2_JenaHandlerManager_cache: 2025-07-29 20:06:47.349000		10086		local thread match
07-29 20:06:48.350  9078 12306 E metis_v2_JenaHandlerManager_cache: 2025-07-29 20:06:47.349000		10086		local thread match
07-29 20:06:48.350  9078 12306 E metis_v2_JenaHandlerManager_cache: 2025-07-29 20:06:47.349000		10086		local thread match
07-29 20:06:48.350  9078 12306 I ContextAware_SortAlgorithmManager.SceneUtil_cache: 2025-07-29 20:06:47.349000		10009		SortAlgorithmManager.SceneCombinationProcessor current map before drop is  sceneId 210000000 status 2 intentList size 1 isHome false IntentId: 13151001 policyName DYNAMIC_SUBSTITUTE isFocus false serviceId null type 0 deleteKeynull
07-29 20:06:48.350  9078 12306 I ContextAware_SortAlgorithmManager.SceneUtil_cache:  sceneId 220500200 status 2 intentList size 2 isHome false IntentId: 14111005 policyName SUBSTITUTE_SCENE isFocus false serviceId  type 0 deleteKeynull IntentId: 14111005 policyName SUBSTITUTE_SCENE isFocus false serviceId  type 0 deleteKeynull
07-29 20:06:48.350  9078 12306 I ContextAware_SortAlgorithmManager.SceneUtil_cache:  sceneId 240000000 status 2 intentList size 3 isHome false IntentId: 14111004 policyName CLEAN_UP_STORAGE_SUBSTITUTE isFocus false serviceId null type 0 deleteKeynull IntentId: 18111007 policyName CLEAN_UP_SUBSTITUTE isFocus false serviceId null type 0 deleteKeynull IntentId: 18111008 policyName CLEAN_UP_PLUS_SUBSTITUTE isFocus false serviceId null type 0 deleteKeynull
07-29 20:06:48.350  9078 12306 E metis_v2_JenaHandlerManager_cache: 2025-07-29 20:06:47.349000		10086		local thread match
07-29 20:06:48.350  9078 12306 E metis_v2_JenaHandlerManager_cache: 2025-07-29 20:06:47.349000		10086		local thread match
07-29 20:06:48.350  9078 12306 E metis_v2_JenaHandlerManager_cache: 2025-07-29 20:06:47.349000		10086		local thread match
07-29 20:06:48.350  9078 12306 E metis_v2_JenaHandlerManager_cache: 2025-07-29 20:06:47.349000		10086		local thread match
07-29 20:06:48.350  9078 12306 E metis_v2_JenaHandlerManager_cache: 2025-07-29 20:06:47.349000		10086		local thread match
07-29 20:06:48.350  9078 12306 E metis_v2_JenaHandlerManager_cache: 2025-07-29 20:06:47.349000		10086		local thread match
07-29 20:06:48.350  9078 12306 E metis_v2_JenaHandlerManager_cache: 2025-07-29 20:06:47.349000		10086		local thread match
07-29 20:06:48.350  9078 12306 E metis_v2_JenaHandlerManager_cache: 2025-07-29 20:06:47.349000		10086		local thread match
07-29 20:06:48.350  9078 12306 E metis_v2_JenaHandlerManager_cache: 2025-07-29 20:06:47.349000		10086		local thread match
07-29 20:06:48.350  9078 12306 E metis_v2_JenaHandlerManager_cache: 2025-07-29 20:06:47.349000		10086		local thread match
07-29 20:06:48.350  9078 12306 E metis_v2_JenaHandlerManager_cache: 2025-07-29 20:06:47.349000		10086		local thread match
07-29 20:06:48.351  9078 12306 E metis_v2_JenaHandlerManager_cache: 2025-07-29 20:06:47.349000		10086		local thread match
07-29 20:06:48.351  9078 12306 E metis_v2_JenaHandlerManager_cache: 2025-07-29 20:06:47.349000		10086		local thread match
07-29 20:06:48.351  9078 12306 E metis_v2_JenaHandlerManager_cache: 2025-07-29 20:06:47.349000		10086		local thread match
07-29 20:06:48.351  9078 12306 E metis_v2_JenaHandlerManager_cache: 2025-07-29 20:06:47.349000		10086		local thread match
07-29 20:06:48.351  9078 12306 E metis_v2_JenaHandlerManager_cache: 2025-07-29 20:06:47.349000		10086		local thread match
07-29 20:06:48.351  9078 12306 E metis_v2_JenaHandlerManager_cache: 2025-07-29 20:06:47.349000		10086		local thread match
07-29 20:06:48.351  9078 12306 W ContextAware_SortAlgorithmManager.SortCommonUtil_cache: 2025-07-29 20:06:47.349000		10009		panta-sugg-checkIfDropBySameIDPolicy, has repeat intent, save last intent:PantanalIntent(sceneId=220500200, intentId=14111005, policyName='SUBSTITUTE_SCENE', sceneInstanceId=null, intentSrc=0, finalScore=-1.0, subDomain='tips', action='pantanal.intent.system.VIEW_TIPS', defaultScore=2.0, sortable=true, paramsFromUserPolicy=ParamsFromUserPolicy(exposureArgs=[], exposureFunc=-1, clickArgs=[], clickFunc=-1, timeArgs=[], timeFunc=-1, delayExposureArgs=[], delayClickArgs=[]), cannotReduceRecommend=false, reduceReplaceKey=, isUnrecoverable=false, dropRepeatKey=, dropRepeatMode=-1, paramsFromService=content-length:2, isParamsSendToSeedling=false, forceRebuildSeedling=false, seedlingUiPolicy=0, paramsFromHabit=null, serviceList=[], serviceSelectPolicy=0, serviceSelectWeight={}, serviceId=, serviceIdFrom=null, recallScore=null, rankScore=-1.0, rerankScore=-1.0, requestId=null, userPolicyScore=-1.0, domain='system_settings', cloudExtInfo=null, operation=0, showCount=0, clickCount=0, exposureTime=0, dtExperimentParams=null, createTime=1753810057319, lastUpdateTime=1753834007345, expireTime=240, , originalUpdateTime=1753834007345, sortRelatedId=0, addRelatedId=0, decisionHistoryList=empty, businessData=null, cardOptions=null, instanceId=null, protectEnable=true, protectPolicy=ProtectPolicy(event=0, initialDuration=7, deltaDuration=3, startRatio=70, endRatio=10, stepRatio=20), addMinProb=0.4, probAdj=1.0, lastSortType=0, configVersion=202507161101, algorithmVersion=, recommendServiceList=[], removeTriggerValue=0.2, algorithmTimeRule=[], ruleRemoveByAlgorithm=false, containServiceId=false, dropRepeatType=0, dropRepeatScore=0, delayDismiss=0, attenuationType=-1, attenuationFunc=-1, shouldFocus=false, focusTimestamp=null, orderID=null, serviceTimeStamp=0, serviceInstanceId=null, showType=0,delayExposureTimestamp=0, delayClickTimestamp=0, isSupportMultiInstance=false, 
07-29 20:06:48.351  9078 12306 I ContextAware_SortAlgorithmManager.SceneUtil_cache: 2025-07-29 20:06:47.349000		10009		SortAlgorithmManager.SceneCombinationProcessor current map is  sceneId 210000000 status 2 intentList size 1 isHome false IntentId: 13151001 policyName DYNAMIC_SUBSTITUTE isFocus false serviceId null type 0 deleteKeynull
07-29 20:06:48.351  9078 12306 I ContextAware_SortAlgorithmManager.SceneUtil_cache:  sceneId 220500200 status 1 intentList size 1 isHome false IntentId: 14111005 policyName SUBSTITUTE_SCENE isFocus false serviceId  type 0 deleteKeynull
07-29 20:06:48.351  9078 12306 I ContextAware_SortAlgorithmManager.SceneUtil_cache:  sceneId 240000000 status 2 intentList size 3 isHome false IntentId: 14111004 policyName CLEAN_UP_STORAGE_SUBSTITUTE isFocus false serviceId null type 0 deleteKeynull IntentId: 18111007 policyName CLEAN_UP_SUBSTITUTE isFocus false serviceId null type 0 deleteKeynull IntentId: 18111008 policyName CLEAN_UP_PLUS_SUBSTITUTE isFocus false serviceId null type 0 deleteKeynull
07-29 20:06:48.351  9078 12306 I ContextAware_DecisionIntentProvider_cache: 2025-07-29 20:06:47.349000		9257		process method = assistant_method, extra = Bundle[EMPTY_PARCEL]
07-29 20:06:48.351  9078 12306 I ContextAware_SortAlgorithmManager.SceneCombinationProcessor_cache: 2025-07-29 20:06:47.349000		10009		Scene intent has changed
07-29 20:06:48.351  9078 12306 I ContextAware_SortAlgorithmManager.SceneUtil_cache: 2025-07-29 20:06:47.349000		10009		SortAlgorithmManager.SceneReorderProcessor sceneId 210000000 status 2 intentList size 1 isHome false IntentId: 13151001 policyName DYNAMIC_SUBSTITUTE isFocus false serviceId null type 0 deleteKeynull
07-29 20:06:48.351  9078 12306 I ContextAware_SortAlgorithmManager.SceneUtil_cache:  sceneId 220500200 status 1 intentList size 1 isHome false IntentId: 14111005 policyName SUBSTITUTE_SCENE isFocus false serviceId  type 0 deleteKeynull
07-29 20:06:48.351  9078 12306 I ContextAware_SortAlgorithmManager.SceneUtil_cache:  sceneId 240000000 status 2 intentList size 3 isHome false IntentId: 14111004 policyName CLEAN_UP_STORAGE_SUBSTITUTE isFocus false serviceId null type 0 deleteKeynull IntentId: 18111007 policyName CLEAN_UP_SUBSTITUTE isFocus false serviceId null type 0 deleteKeynull IntentId: 18111008 policyName CLEAN_UP_PLUS_SUBSTITUTE isFocus false serviceId null type 0 deleteKeynull
07-29 20:06:48.351  9078 12306 I ContextAware_DecisionIntentProvider_cache: 2025-07-29 20:06:47.349000		9257		processBundle = Bundle[{assistant_data=[]}]
07-29 20:06:48.351  9078 12306 I ContextAware_DailyStatisticsRecorder_cache: 2025-07-29 20:06:47.350000		10401		Increase context change count: PROCESSOR_SCENE_COMBINATION_cnt, value: 1
07-29 20:06:48.351  9078 12306 I ContextAware_DailyStatisticsRecorder_cache: 2025-07-29 20:06:47.350000		10401		Increase context change count: PROCESSOR_SCENE_COMBINATION_ms, value: 3
07-29 20:06:48.351  9078 12306 W metis_v2_DeepThinkerLabelClient_cache: 2025-07-29 20:06:47.352000		10068		getUserProfileLabel null
07-29 20:06:48.351  9078 12306 I ContextAware_SortAlgorithmManager.SceneUtil_cache: 2025-07-29 20:06:47.355000		10009		SortAlgorithmManager.SceneDeduplicationProcessor sceneId 210000000 status 2 intentList size 1 isHome false IntentId: 13151001 policyName DYNAMIC_SUBSTITUTE isFocus false serviceId null type 0 deleteKeynull
07-29 20:06:48.351  9078 12306 I ContextAware_SortAlgorithmManager.SceneUtil_cache:  sceneId 220500200 status 1 intentList size 1 isHome false IntentId: 14111005 policyName SUBSTITUTE_SCENE isFocus false serviceId  type 0 deleteKeynull
07-29 20:06:48.351  9078 12306 I ContextAware_SortAlgorithmManager.SceneUtil_cache:  sceneId 240000000 status 2 intentList size 3 isHome false IntentId: 14111004 policyName CLEAN_UP_STORAGE_SUBSTITUTE isFocus false serviceId null type 0 deleteKeynull IntentId: 18111007 policyName CLEAN_UP_SUBSTITUTE isFocus false serviceId null type 0 deleteKeynull IntentId: 18111008 policyName CLEAN_UP_PLUS_SUBSTITUTE isFocus false serviceId null type 0 deleteKeynull
07-29 20:06:48.351  9078 12306 I ContextAware_DailyStatisticsRecorder_cache: 2025-07-29 20:06:47.355000		10790		Increase context change count: PROCESSOR_SCENE_REORDER_cnt, value: 1
07-29 20:06:48.351  9078 12306 I ContextAware_SortAlgorithmManager.DecisionAlgorithmManager_cache: 2025-07-29 20:06:47.355000		10009		getDecisionAlgorithm: dt_sort
07-29 20:06:48.351  9078 12306 I ContextAware_DailyStatisticsRecorder_cache: 2025-07-29 20:06:47.355000		10790		Increase context change count: PROCESSOR_SCENE_REORDER_ms, value: 6
07-29 20:06:48.351  9078 12306 I ContextAware_DailyStatisticsRecorder_cache: 2025-07-29 20:06:47.355000		10790		Increase context change count: PROCESSOR_SCENE_DEDUPLICATION_cnt, value: 1
07-29 20:06:48.351  9078 12306 I ContextAware_DailyStatisticsRecorder_cache: 2025-07-29 20:06:47.355000		10790		Increase context change count: PROCESSOR_SCENE_DEDUPLICATION_ms, value: 0
07-29 20:06:48.351  9078 12306 I ContextAware_SortAlgorithmManager.DtSort_cache: 2025-07-29 20:06:47.355000		10964		onDecisionAfterRerank, inner algorithm is: internal_dt_sort
07-29 20:06:48.351  9078 12306 I ContextAware_SortAlgorithmManager.DtIntentDataManager_cache: 2025-07-29 20:06:47.355000		10965		getDtIntentList: dtIntents = []
07-29 20:06:48.351  9078 12306 E ContextAware_SortAlgorithmManager.DtInternalSortImpl_cache: 2025-07-29 20:06:47.356000		10965		targetDtList is invalid
07-29 20:06:48.351  9078 12306 I ContextAware_SortAlgorithmManager.SceneIntentReorderProcessor_cache: 2025-07-29 20:06:47.356000		10009		ruleReordering onDecisionAfterRerank, mIntentList:size: 5 13151001 14111005 14111004 18111007 18111008
07-29 20:06:48.351  9078 12306 W ContextAware_IntentSwitchManager_cache: 2025-07-29 20:06:47.356000		10009		subSwitchMap don't contain application_suggestions, set the switch to true as default
07-29 20:06:48.351  9078 12306 I ContextAware_IntentSwitchManager_cache: 2025-07-29 20:06:47.356000		10009		getSubSwitchStatus = {application_suggestions=true}
07-29 20:06:48.351  9078 12306 I ContextAware_SortAlgorithmManager.ReorderProcessor.RuleReRanker_cache: 2025-07-29 20:06:47.356000		10009		sceneIntentRerank sceneFinalScoreMap:{scene rerank, use defaultScore, finalScore:13151001DYNAMIC_SUBSTITUTE=3.12}
07-29 20:06:48.351  9078 12306 I metis_v2_BreenoSwitchSettingObserver_cache: 2025-07-29 20:06:47.356000		10009		panta-sugg-getMasterSwitchStatus from cache:true
07-29 20:06:48.351  9078 12306 I ContextAware_IntentSwitchManager_cache: 2025-07-29 20:06:47.356000		10009		getSubSwitchStatus = {tips=true}
07-29 20:06:48.351  9078 12306 I ContextAware_IntentSwitchManager_cache: 2025-07-29 20:06:47.356000		10009		isExistInSceneInfoActionList pantanalIntentAction = pantanal.intent.system.VIEW_TIPS
07-29 20:06:48.351  9078 12306 I metis_v2_BreenoSwitchSettingObserver_cache: 2025-07-29 20:06:47.356000		10009		panta-sugg-getMasterSwitchStatus from cache:true
07-29 20:06:48.351  9078 12306 I ContextAware_SortAlgorithmManager.ReorderProcessor.RuleReRanker_cache: 2025-07-29 20:06:47.356000		10009		sceneIntentRerank sceneFinalScoreMap:{scene rerank, use defaultScore, finalScore:14111005SUBSTITUTE_SCENE=2.0}
07-29 20:06:48.351  9078 12306 I ContextAware_IntentSwitchManager_cache: 2025-07-29 20:06:47.356000		10009		getSubSwitchStatus = {clear_memory=true}
07-29 20:06:48.351  9078 12306 I ContextAware_IntentSwitchManager_cache: 2025-07-29 20:06:47.356000		10009		isExistInSceneInfoActionList pantanalIntentAction = pantanal.intent.system.CLEAN_UP_STORAGE
07-29 20:06:48.351  9078 12306 I metis_v2_BreenoSwitchSettingObserver_cache: 2025-07-29 20:06:47.357000		10009		panta-sugg-getMasterSwitchStatus from cache:true
07-29 20:06:48.351  9078 12306 I ContextAware_IntentSwitchManager_cache: 2025-07-29 20:06:47.357000		10009		isExistInSceneInfoActionList pantanalIntentAction = pantanal.intent.audio.SUBSTITUTE_RAM_CLEAN_UP
07-29 20:06:48.351  9078 12306 I metis_v2_BreenoSwitchSettingObserver_cache: 2025-07-29 20:06:47.357000		10009		panta-sugg-getMasterSwitchStatus from cache:true
07-29 20:06:48.351  9078 12306 I ContextAware_IntentSwitchManager_cache: 2025-07-29 20:06:47.357000		10009		isExistInSceneInfoActionList pantanalIntentAction = pantanal.intent.audio.SUBSTITUTE_RAM_CLEAN_UP_PLUS
07-29 20:06:48.351  9078 12306 I metis_v2_BreenoSwitchSettingObserver_cache: 2025-07-29 20:06:47.357000		10009		panta-sugg-getMasterSwitchStatus from cache:true
07-29 20:06:48.351  9078 12306 I ContextAware_SortAlgorithmManager.ReorderProcessor.RuleReRanker_cache: 2025-07-29 20:06:47.357000		10009		sceneIntentRerank sceneFinalScoreMap:{scene rerank, use defaultScore, finalScore:14111004CLEAN_UP_STORAGE_SUBSTITUTE=4.06, scene rerank, use defaultScore, finalScore:18111007CLEAN_UP_SUBSTITUTE=4.05, scene rerank, use defaultScore, finalScore:18111008CLEAN_UP_PLUS_SUBSTITUTE=4.02}
07-29 20:06:48.351  9078 12306 I ContextAware_SortAlgorithmManager.SceneIntentReorderProcessor_cache: 2025-07-29 20:06:47.357000		10009		IntentReorder: scene[210000000]rank mIntentList: size: 1 13151001
07-29 20:06:48.351  9078 12306 I ContextAware_SortAlgorithmManager.SceneIntentReorderProcessor_cache: scene[220500200]rank mIntentList: size: 1 14111005
07-29 20:06:48.351  9078 12306 I ContextAware_SortAlgorithmManager.SceneIntentReorderProcessor_cache: scene[240000000]rank mIntentList: size: 3 14111004 18111007 18111008
07-29 20:06:48.351  9078 12306 W ContextAware_SortAlgorithmManager.SceneUtil_cache: 2025-07-29 20:06:47.357000		10009		Drop invalid scene: 220500200
07-29 20:06:48.351  9078 12306 I ContextAware_DailyStatisticsRecorder_cache: 2025-07-29 20:06:47.357000		10338		Increase context change count: PROCESSOR_SCENE_INTENT_REORDER_cnt, value: 1
07-29 20:06:48.351  9078 12306 I ContextAware_DailyStatisticsRecorder_cache: 2025-07-29 20:06:47.357000		10338		Increase context change count: PROCESSOR_SCENE_INTENT_REORDER_ms, value: 2
07-29 20:06:48.351  9078 12306 I ContextAware_SortAlgorithmManager.SceneFocusProcessor_cache: 2025-07-29 20:06:47.357000		10009		scene 210000000 not change or has focus scene or current scene is L3
07-29 20:06:48.351  9078 12306 I ContextAware_SortAlgorithmManager.SceneFocusProcessor_cache: 2025-07-29 20:06:47.357000		10009		scene 240000000 not change or has focus scene or current scene is L3
07-29 20:06:48.351  9078 12306 I ContextAware_DailyStatisticsRecorder_cache: 2025-07-29 20:06:47.357000		10401		Increase context change count: PROCESSOR_SCENE_FOCUS_cnt, value: 1
07-29 20:06:48.351  9078 12306 I ContextAware_DailyStatisticsRecorder_cache: 2025-07-29 20:06:47.357000		10401		Increase context change count: PROCESSOR_SCENE_FOCUS_ms, value: 0
07-29 20:06:48.351  9078 12306 I ContextAware_SortAlgorithmManager.BatchIntentProcessor_cache: 2025-07-29 20:06:47.358000		10009		onProcess decisionUTraceContext = UTraceContext(traceID=7f0000011753834007357302609078, current=p_9078_73f9bfd@43, parent=null, spanType=1, valid=1, tag=null)
07-29 20:06:48.351  9078 12306 E ContextAware_SortAlgorithmManager.BatchIntentProcessor_cache: 2025-07-29 20:06:47.358000		10009		onProcess intentStringList is invalid
07-29 20:06:48.351  9078 12306 E ContextAware_SortAlgorithmManager.IntentSendProcessor_cache: 2025-07-29 20:06:47.358000		10009		disable direct send intent mode, clear
07-29 20:06:48.351  9078 12306 I ContextAware_DailyStatisticsRecorder_cache: 2025-07-29 20:06:47.358000		10709		Increase context change count: PROCESSOR_BATCH_INTENT_cnt, value: 1
07-29 20:06:48.351  9078 12306 I ContextAware_DailyStatisticsRecorder_cache: 2025-07-29 20:06:47.358000		10709		Increase context change count: PROCESSOR_BATCH_INTENT_ms, value: 1
07-29 20:06:48.351  9078 12306 I metis_v2_BreenoSwitchSettingObserver_cache: 2025-07-29 20:06:47.358000		10009		panta-sugg-getMasterSwitchStatus from cache:true
07-29 20:06:48.351  9078 12306 I ContextAware_IntentSwitchManager_cache: 2025-07-29 20:06:47.358000		10009		filterList, not filter, breeno switch on
